06-13 13:37:12.543   296   296 I apexd   : Successfully mounted package /vendor/apex/com.android.hardware.uwb.apex on /apex/com.android.hardware.uwb@1 duration=38
06-13 13:37:12.543   298   298 I EXT4-fs (loop14): mounted filesystem 7d1522e1-9dfa-5edb-a43e-98e3a4d20250 ro without journal. Quota mode: none.
06-13 13:37:12.543   298   298 I apexd   : Successfully mounted package /vendor/apex/com.android.hardware.threadnetwork-simulation-rcp.apex on /apex/com.android.hardware.threadnetwork@1 duration=38
06-13 13:37:12.543   297   297 I EXT4-fs (loop12): mounted filesystem 7d1522e1-9dfa-5edb-a43e-98e3a4d20250 ro without journal. Quota mode: none.
06-13 13:37:12.543   297   297 I apexd   : Successfully mounted package /vendor/apex/com.android.hardware.dumpstate.apex on /apex/com.android.hardware.dumpstate@1 duration=38
06-13 13:37:12.543   290   290 I EXT4-fs (loop15): mounted filesystem 7d1522e1-9dfa-5edb-a43e-98e3a4d20250 ro without journal. Quota mode: none.
06-13 13:37:12.543   290   290 I apexd   : Successfully mounted package /vendor/apex/com.android.hardware.cas.apex on /apex/com.android.hardware.cas@1 duration=38
06-13 13:37:12.543   295   295 I EXT4-fs (loop13): mounted filesystem 7d1522e1-9dfa-5edb-a43e-98e3a4d20250 ro without journal. Quota mode: none.
06-13 13:37:12.543   295   295 I apexd   : Successfully mounted package /vendor/apex/com.android.hardware.vibrator.apex on /apex/com.android.hardware.vibrator@1 duration=38
06-13 13:37:12.544   324   324 I EXT4-fs (dm-13): mounted filesystem 7d1522e1-9dfa-5edb-a43e-98e3a4d20250 ro without journal. Quota mode: none.
06-13 13:37:12.544   324   324 I apexd   : Successfully mounted package /data/apex/decompressed/com.android.ondevicepersonalization@360526000.decompressed.apex on /apex/com.android.ondevicepersonalization@360526000 duration=37
06-13 13:37:12.544   327   327 I EXT4-fs (dm-50): mounted filesystem 7d1522e1-9dfa-5edb-a43e-98e3a4d20250 ro without journal. Quota mode: none.
06-13 13:37:12.544   327   327 I apexd   : Successfully mounted package /data/apex/decompressed/com.android.adbd@360526000.decompressed.apex on /apex/com.android.adbd@360526000 duration=36
06-13 13:37:12.544   292   292 I EXT4-fs (loop6): mounted filesystem 7d1522e1-9dfa-5edb-a43e-98e3a4d20250 ro without journal. Quota mode: none.
06-13 13:37:12.544   292   292 I apexd   : Successfully mounted package /vendor/apex/com.android.hardware.rebootescrow.apex on /apex/com.android.hardware.rebootescrow@1 duration=39
06-13 13:37:12.544   303   303 I EXT4-fs (loop19): mounted filesystem 7d1522e1-9dfa-5edb-a43e-98e3a4d20250 ro without journal. Quota mode: none.
06-13 13:37:12.544   303   303 I apexd   : Successfully mounted package /system/apex/com.google.android.tzdata6.apex on /apex/com.android.tzdata@360526000 duration=38
06-13 13:37:12.544   306   306 I EXT4-fs (dm-51): mounted filesystem 7d1522e1-9dfa-5edb-a43e-98e3a4d20250 ro without journal. Quota mode: none.
06-13 13:37:12.544   306   306 I apexd   : Successfully mounted package /data/apex/decompressed/com.android.mediaprovider@360526000.decompressed.apex on /apex/com.android.mediaprovider@360526000 duration=39
06-13 13:37:12.544   320   320 I EXT4-fs (dm-14): mounted filesystem 7d1522e1-9dfa-5edb-a43e-98e3a4d20250 ro without journal. Quota mode: none.
06-13 13:37:12.544   320   320 I apexd   : Successfully mounted package /data/apex/decompressed/com.android.profiling@360526000.decompressed.apex on /apex/com.android.profiling@360526000 duration=38
06-13 13:37:12.544   310   310 I EXT4-fs (dm-41): mounted filesystem 7d1522e1-9dfa-5edb-a43e-98e3a4d20250 ro without journal. Quota mode: none.
06-13 13:37:12.544   328   328 I EXT4-fs (dm-29): mounted filesystem 7d1522e1-9dfa-5edb-a43e-98e3a4d20250 ro without journal. Quota mode: none.
06-13 13:37:12.544   310   310 I apexd   : Successfully mounted package /data/apex/decompressed/com.android.sdkext@360526000.decompressed.apex on /apex/com.android.sdkext@360526000 duration=38
06-13 13:37:12.544   328   328 I apexd   : Successfully mounted package /data/apex/decompressed/com.android.media@360526000.decompressed.apex on /apex/com.android.media@360526000 duration=37
06-13 13:37:12.544   315   315 I EXT4-fs (dm-23): mounted filesystem 7d1522e1-9dfa-5edb-a43e-98e3a4d20250 ro without journal. Quota mode: none.
06-13 13:37:12.544   315   315 I apexd   : Successfully mounted package /data/apex/decompressed/com.android.resolv@360526000.decompressed.apex on /apex/com.android.resolv@360526000 duration=38
06-13 13:37:12.545   326   326 I EXT4-fs (dm-11): mounted filesystem 7d1522e1-9dfa-5edb-a43e-98e3a4d20250 ro without journal. Quota mode: none.
06-13 13:37:12.545   326   326 I apexd   : Successfully mounted package /data/apex/decompressed/com.android.neuralnetworks@360526000.decompressed.apex on /apex/com.android.neuralnetworks@360526000 duration=38
06-13 13:37:12.545   311   311 I EXT4-fs (dm-42): mounted filesystem 7d1522e1-9dfa-5edb-a43e-98e3a4d20250 ro without journal. Quota mode: none.
06-13 13:37:12.545   311   311 I apexd   : Successfully mounted package /data/apex/decompressed/com.android.configinfrastructure@360526000.decompressed.apex on /apex/com.android.configinfrastructure@360526000 duration=39
06-13 13:37:12.545   314   314 I EXT4-fs (dm-31): mounted filesystem 7d1522e1-9dfa-5edb-a43e-98e3a4d20250 ro without journal. Quota mode: none.
06-13 13:37:12.545   314   314 I apexd   : Successfully mounted package /data/apex/decompressed/com.android.rkpd@360526000.decompressed.apex on /apex/com.android.rkpd@360526000 duration=39
06-13 13:37:12.545   333   333 I EXT4-fs (dm-6): mounted filesystem 7d1522e1-9dfa-5edb-a43e-98e3a4d20250 ro without journal. Quota mode: none.
06-13 13:37:12.545   333   333 I apexd   : Successfully mounted package /data/apex/decompressed/com.android.scheduling@360526000.decompressed.apex on /apex/com.android.scheduling@360526000 duration=38
06-13 13:37:12.546   316   316 I EXT4-fs (dm-25): mounted filesystem 7d1522e1-9dfa-5edb-a43e-98e3a4d20250 ro without journal. Quota mode: none.
06-13 13:37:12.546   316   316 I apexd   : Successfully mounted package /data/apex/decompressed/com.android.adservices@360526040.decompressed.apex on /apex/com.android.adservices@360526040 duration=40
06-13 13:37:12.546   325   325 I EXT4-fs (dm-12): mounted filesystem 7d1522e1-9dfa-5edb-a43e-98e3a4d20250 ro without journal. Quota mode: none.
06-13 13:37:12.546   325   325 I apexd   : Successfully mounted package /data/apex/decompressed/com.android.uwb@360526040.decompressed.apex on /apex/com.android.uwb@360526040 duration=39
06-13 13:37:12.546   334   334 I EXT4-fs (dm-5): mounted filesystem 7d1522e1-9dfa-5edb-a43e-98e3a4d20250 ro without journal. Quota mode: none.
06-13 13:37:12.546   334   334 I apexd   : Successfully mounted package /data/apex/decompressed/com.android.conscrypt@360526000.decompressed.apex on /apex/com.android.conscrypt@360526000 duration=38
06-13 13:37:12.546   317   317 I EXT4-fs (dm-22): mounted filesystem 7d1522e1-9dfa-5edb-a43e-98e3a4d20250 ro without journal. Quota mode: none.
06-13 13:37:12.546   335   335 I EXT4-fs (dm-10): mounted filesystem 7d1522e1-9dfa-5edb-a43e-98e3a4d20250 ro without journal. Quota mode: none.
06-13 13:37:12.546   335   335 I apexd   : Successfully mounted package /data/apex/decompressed/com.android.healthfitness@360526040.decompressed.apex on /apex/com.android.healthfitness@360526040 duration=39
06-13 13:37:12.546   313   313 I EXT4-fs (dm-43): mounted filesystem 7d1522e1-9dfa-5edb-a43e-98e3a4d20250 ro without journal. Quota mode: none.
06-13 13:37:12.546   317   317 I apexd   : Successfully mounted package /data/apex/decompressed/com.android.ipsec@360526000.decompressed.apex on /apex/com.android.ipsec@360526000 duration=40
06-13 13:37:12.546   313   313 I apexd   : Successfully mounted package /data/apex/decompressed/com.android.wifi@360526000.decompressed.apex on /apex/com.android.wifi@360526000 duration=40
06-13 13:37:12.546   321   321 I EXT4-fs (dm-16): mounted filesystem 7d1522e1-9dfa-5edb-a43e-98e3a4d20250 ro without journal. Quota mode: none.
06-13 13:37:12.546   319   319 I EXT4-fs (dm-19): mounted filesystem 7d1522e1-9dfa-5edb-a43e-98e3a4d20250 ro without journal. Quota mode: none.
06-13 13:37:12.546   319   319 I apexd   : Successfully mounted package /data/apex/decompressed/com.android.extservices@360526003.decompressed.apex on /apex/com.android.extservices@360526003 duration=40
06-13 13:37:12.546   332   332 I EXT4-fs (dm-8): mounted filesystem 7d1522e1-9dfa-5edb-a43e-98e3a4d20250 ro without journal. Quota mode: none.
06-13 13:37:12.546   332   332 I apexd   : Successfully mounted package /data/apex/decompressed/com.android.os.statsd@360526000.decompressed.apex on /apex/com.android.os.statsd@360526000 duration=39
06-13 13:37:12.546   329   329 I EXT4-fs (dm-49): mounted filesystem 7d1522e1-9dfa-5edb-a43e-98e3a4d20250 ro without journal. Quota mode: none.
06-13 13:37:12.546   329   329 I apexd   : Successfully mounted package /data/apex/decompressed/com.android.uprobestats@360526000.decompressed.apex on /apex/com.android.uprobestats@360526000 duration=39
06-13 13:37:12.547   323   323 I EXT4-fs (dm-15): mounted filesystem 7d1522e1-9dfa-5edb-a43e-98e3a4d20250 ro without journal. Quota mode: none.
06-13 13:37:12.547   323   323 I apexd   : Successfully mounted package /data/apex/decompressed/com.android.media.swcodec@360526000.decompressed.apex on /apex/com.android.media.swcodec@360526000 duration=40
06-13 13:37:12.547   321   321 I apexd   : Successfully mounted package /data/apex/decompressed/com.android.permission@360526020.decompressed.apex on /apex/com.android.permission@360526020 duration=40
06-13 13:37:12.547   330   330 I EXT4-fs (dm-28): mounted filesystem 7d1522e1-9dfa-5edb-a43e-98e3a4d20250 ro without journal. Quota mode: none.
06-13 13:37:12.547   330   330 I apexd   : Successfully mounted package /data/apex/decompressed/com.android.cellbroadcast@360526020.decompressed.apex on /apex/com.android.cellbroadcast@360526020 duration=40
06-13 13:37:12.547   322   322 I EXT4-fs (dm-18): mounted filesystem 7d1522e1-9dfa-5edb-a43e-98e3a4d20250 ro without journal. Quota mode: none.
06-13 13:37:12.547   322   322 I apexd   : Successfully mounted package /data/apex/decompressed/com.android.art@360526040.decompressed.apex on /apex/com.android.art@360526040 duration=40
06-13 13:37:12.548   318   318 I EXT4-fs (dm-21): mounted filesystem 7d1522e1-9dfa-5edb-a43e-98e3a4d20250 ro without journal. Quota mode: none.
06-13 13:37:12.548   318   318 I apexd   : Successfully mounted package /data/apex/decompressed/com.android.tethering@360526040.decompressed.apex on /apex/com.android.tethering@360526040 duration=41
06-13 13:37:12.548   312   312 I EXT4-fs (dm-36): mounted filesystem 7d1522e1-9dfa-5edb-a43e-98e3a4d20250 ro without journal. Quota mode: none.
06-13 13:37:12.548   312   312 I apexd   : Successfully mounted package /data/apex/decompressed/com.android.bt@360526000.decompressed.apex on /apex/com.android.bt@360526000 duration=42
06-13 13:37:12.548   309   309 I EXT4-fs (dm-38): mounted filesystem 7d1522e1-9dfa-5edb-a43e-98e3a4d20250 ro without journal. Quota mode: none.
06-13 13:37:12.548   309   309 I apexd   : Successfully mounted package /data/apex/decompressed/com.android.crashrecovery@360526000.decompressed.apex on /apex/com.android.crashrecovery@360526000 duration=42
06-13 13:37:12.548   308   308 I EXT4-fs (dm-44): mounted filesystem 7d1522e1-9dfa-5edb-a43e-98e3a4d20250 ro without journal. Quota mode: none.
06-13 13:37:12.548   308   308 I apexd   : Successfully mounted package /data/apex/decompressed/com.android.appsearch@360526000.decompressed.apex on /apex/com.android.appsearch@360526000 duration=42
06-13 13:37:12.549   331   331 I EXT4-fs (dm-27): mounted filesystem 7d1522e1-9dfa-5edb-a43e-98e3a4d20250 ro without journal. Quota mode: none.
06-13 13:37:12.549   331   331 I apexd   : Successfully mounted package /data/apex/decompressed/com.android.nfcservices@360526020.decompressed.apex on /apex/com.android.nfcservices@360526020 duration=41
06-13 13:37:12.549   285   285 I apexd   : Activated 48 packages.
06-13 13:37:12.549   285   285 I apexd   : OnStart done, duration=119
06-13 13:37:12.549   285   285 I AidlLazyServiceRegistrar: Registering service apexservice
06-13 13:37:12.554   285   285 I SELinux : SELinux: Loaded file context from:
06-13 13:37:12.554   285   285 I SELinux : /system/etc/selinux/plat_file_contexts
06-13 13:37:12.554   285   285 I SELinux : /system_ext/etc/selinux/system_ext_file_contexts
06-13 13:37:12.554   285   285 I SELinux : /product/etc/selinux/product_file_contexts
06-13 13:37:12.554   285   285 I SELinux : /vendor/etc/selinux/vendor_file_contexts
06-13 13:37:12.554   285   285 I SELinux : /odm/etc/selinux/odm_file_contexts
06-13 13:37:12.555   285   285 I apexd   : Marking APEXd as activated
06-13 13:37:12.555    95    95 I init    : Wait for property 'apexd.status=activated' took 90ms
06-13 13:37:12.555   224   224 I servicemanager: Notifying apexservice they do (previously: don't) have clients when service is guaranteed to be in use
06-13 13:37:12.555   440   440 I AidlLazyServiceRegistrar: Process has 1 (of 1 available) client(s) in use after notification apexservice has clients: 1
06-13 13:37:12.555   440   440 I AidlLazyServiceRegistrar: Shutdown prevented by forcePersist override flag.
06-13 13:37:12.555   439   439 I apexd   : getActivePackages received by ApexService
06-13 13:37:12.558    95    95 I init    : Wait for property 'keystore.module_hash.sent=true' took 2ms
06-13 13:37:12.574     1     1 I init    : Parsing file /apex/com.android.adbd/etc/init.rc...
06-13 13:37:12.575     1     1 I init    : Parsing file /apex/com.android.art/etc/init.rc...
06-13 13:37:12.575     1     1 I init    : Parsing file /apex/com.android.configinfrastructure/etc/com.android.configinfrastrcture.init.rc...
06-13 13:37:12.576     1     1 I init    : Parsing file /apex/com.android.hardware.authsecret/etc/android.hardware.authsecret-service.example.rc...
06-13 13:37:12.576     1     1 I init    : Parsing file /apex/com.android.hardware.cas/etc/cas-default.rc...
06-13 13:37:12.576     1     1 I init    : Parsing file /apex/com.android.hardware.contexthub/etc/android.hardware.contexthub-service.example.rc...
06-13 13:37:12.576     1     1 I init    : Parsing file /apex/com.android.hardware.dumpstate/etc/dumpstate-default.rc...
06-13 13:37:12.576     1     1 I init    : Parsing file /apex/com.android.hardware.neuralnetworks/etc/android.hardware.neuralnetworks-service-sample-all.rc...
06-13 13:37:12.576     1     1 I init    : Parsing file /apex/com.android.hardware.neuralnetworks/etc/android.hardware.neuralnetworks-service-sample-limited.rc...
06-13 13:37:12.576     1     1 I init    : Parsing file /apex/com.android.hardware.neuralnetworks/etc/android.hardware.neuralnetworks-shim-service-sample.rc...
06-13 13:37:12.577     1     1 I init    : Parsing file /apex/com.android.hardware.power/etc/com.android.hardware.power.rc...
06-13 13:37:12.577     1     1 I init    : Parsing file /apex/com.android.hardware.rebootescrow/etc/rebootescrow-default.rc...
06-13 13:37:12.577     1     1 I init    : Parsing file /apex/com.android.hardware.thermal/etc/android.hardware.thermal.example.rc...
06-13 13:37:12.577     1     1 I init    : Parsing file /apex/com.android.hardware.threadnetwork/etc/threadnetwork-service-simulation-rcp.rc...
06-13 13:37:12.577     1     1 I init    : Parsing file /apex/com.android.hardware.uwb/etc/uwb-service.rc...
06-13 13:37:12.578     1     1 E init    : /apex/com.android.hardware.uwb/etc/uwb-service.rc: 1: ignored duplicate definition of service 'vendor.uwb_hal'
06-13 13:37:12.578     1     1 I init    : Parsing file /apex/com.android.hardware.vibrator/etc/com.android.hardware.vibrator.rc...
06-13 13:37:12.578     1     1 I init    : Parsing file /apex/com.android.media.swcodec/etc/mediaswcodec.32rc...
06-13 13:37:12.578     1     1 I init    : Parsing file /apex/com.android.media/etc/mediatranscoding.32rc...
06-13 13:37:12.578     1     1 I init    : Parsing file /apex/com.android.os.statsd/etc/init.rc...
06-13 13:37:12.579     1     1 I init    : Parsing file /apex/com.android.sdkext/etc/derive_classpath.rc...
06-13 13:37:12.579     1     1 I init    : Parsing file /apex/com.android.sdkext/etc/derive_sdk.rc...
06-13 13:37:12.579     1     1 I init    : Parsing file /apex/com.android.tethering/etc/netbpfload.35rc...
06-13 13:37:12.579     1     1 I init    : Parsing file /apex/com.android.tethering/etc/ot-daemon.34rc...
06-13 13:37:12.580     1     1 I init    : Parsing file /apex/com.android.uprobestats/etc/init.rc...
06-13 13:37:12.580     1     1 I init    : Parsing file /apex/com.android.wifi/etc/mainline_supplicant.rc...
06-13 13:37:12.580     1     1 I init    : Parsing file /apex/com.google.android.widevine/etc/com.google.android.widevine.rc...
06-13 13:37:12.596     1     1 I init    : linkerconfig generated /linkerconfig with mounted APEX modules info
06-13 13:37:12.596     1     1 I init    : starting service 'system_aconfigd_mainline_init'...
06-13 13:37:12.597     1     1 I init    : ... started service 'system_aconfigd_mainline_init' has pid 442
06-13 13:37:12.597     1     1 I init    : SVC_EXEC service 'system_aconfigd_mainline_init' pid 442 (uid 1000 gid 1000+0 context default) started; waiting...
06-13 13:37:12.601     1     1 I init    : Service 'system_aconfigd_mainline_init' (pid 442) exited with status 1 waiting took 0.005000 seconds
06-13 13:37:12.601     1     1 I init    : Sending signal 9 to service 'system_aconfigd_mainline_init' (pid 442) process group...
06-13 13:37:12.601     1     1 I libprocessgroup: Removed cgroup /sys/fs/cgroup/system/uid_1000/pid_442
06-13 13:37:12.602     1     1 I init    : starting service 'system_aconfigd_socket_service'...
06-13 13:37:12.602     1     1 I init    : Created socket '/dev/socket/aconfigd_system', mode 666, user 1000, group 1000
06-13 13:37:12.603     1     1 I init    : ... started service 'system_aconfigd_socket_service' has pid 443
06-13 13:37:12.607     1     1 I init    : starting service 'mainline_aconfigd_init'...
06-13 13:37:12.609     1     1 I init    : ... started service 'mainline_aconfigd_init' has pid 444
06-13 13:37:12.609     1     1 I init    : SVC_EXEC service 'mainline_aconfigd_init' pid 444 (uid 1000 gid 1000+0 context default) started; waiting...
06-13 13:37:12.609     1     1 I init    : Service 'system_aconfigd_socket_service' (pid 443) exited with status 0 oneshot service took 0.006000 seconds in background
06-13 13:37:12.609     1     1 I init    : Sending signal 9 to service 'system_aconfigd_socket_service' (pid 443) process group...
06-13 13:37:12.609     1     1 I libprocessgroup: Removed cgroup /sys/fs/cgroup/system/uid_1000/pid_443
06-13 13:37:12.710     1     1 I init    : Service 'mainline_aconfigd_init' (pid 444) exited with status 0 waiting took 0.101000 seconds
06-13 13:37:12.710     1     1 I init    : Sending signal 9 to service 'mainline_aconfigd_init' (pid 444) process group...
06-13 13:37:12.710     1     1 I libprocessgroup: Removed cgroup /sys/fs/cgroup/system/uid_1000/pid_444
06-13 13:37:12.710     1     1 I init    : starting service 'mainline_aconfigd_socket_service'...
06-13 13:37:12.710     1     1 I init    : Created socket '/dev/socket/aconfigd_mainline', mode 666, user 1000, group 1000
06-13 13:37:12.711     1     1 I init    : ... started service 'mainline_aconfigd_socket_service' has pid 445
06-13 13:37:12.712     1     1 I init    : starting service 'derive_sdk'...
06-13 13:37:12.713     1     1 I init    : ... started service 'derive_sdk' has pid 446
06-13 13:37:12.713     1     1 I init    : SVC_EXEC service 'derive_sdk' pid 446 (uid 9999 gid 9999+0 context default) started; waiting...
06-13 13:37:12.716     1     1 I init    : Service 'mainline_aconfigd_socket_service' (pid 445) exited with status 0 oneshot service took 0.005000 seconds in background
06-13 13:37:12.716     1     1 I init    : Sending signal 9 to service 'mainline_aconfigd_socket_service' (pid 445) process group...
06-13 13:37:12.716     1     1 I libprocessgroup: Removed cgroup /sys/fs/cgroup/system/uid_1000/pid_445
06-13 13:37:12.723     1     1 I init    : Service 'derive_sdk' (pid 446) exited with status 0 waiting took 0.011000 seconds
06-13 13:37:12.723     1     1 I init    : Sending signal 9 to service 'derive_sdk' (pid 446) process group...
06-13 13:37:12.723     1     1 I libprocessgroup: Removed cgroup /sys/fs/cgroup/system/uid_9999/pid_446
06-13 13:37:12.723     1     1 I init    : starting service 'exec 9 (/system/bin/vdc --wait cryptfs init_user0)'...
06-13 13:37:12.724     1     1 I init    : ... started service 'exec 9 (/system/bin/vdc --wait cryptfs init_user0)' has pid 447
06-13 13:37:12.724     1     1 I init    : SVC_EXEC service 'exec 9 (/system/bin/vdc --wait cryptfs init_user0)' pid 447 (uid 0 gid 0+0 context default) started; waiting...
06-13 13:37:12.727   447   447 W vdc     : Thread Pool max thread count is 0. Cannot cache binder as linkToDeath cannot be implemented. serviceName: vold
06-13 13:37:12.727   447   447 D vdc     : Waited 0ms for vold
06-13 13:37:12.743     1     1 I init    : Service 'exec 9 (/system/bin/vdc --wait cryptfs init_user0)' (pid 447) exited with status 0 waiting took 0.019000 seconds
06-13 13:37:12.743     1     1 I init    : Sending signal 9 to service 'exec 9 (/system/bin/vdc --wait cryptfs init_user0)' (pid 447) process group...
06-13 13:37:12.743     1     1 I libprocessgroup: Removed cgroup /sys/fs/cgroup/system/uid_0/pid_447
06-13 13:37:12.743     1     1 I selinux : SELinux: Skipping restorecon on directory(/data)
06-13 13:37:12.743     1     1 I init    : starting service 'derive_classpath'...
06-13 13:37:12.744     1     1 I init    : ... started service 'derive_classpath' has pid 449
06-13 13:37:12.744     1     1 I init    : SVC_EXEC service 'derive_classpath' pid 449 (uid 1000 gid 1000+1 context default) started; waiting...
06-13 13:37:12.764     1     1 I init    : Service 'derive_classpath' (pid 449) exited with status 0 waiting took 0.020000 seconds
06-13 13:37:12.764     1     1 I init    : Sending signal 9 to service 'derive_classpath' (pid 449) process group...
06-13 13:37:12.764     1     1 I libprocessgroup: Removed cgroup /sys/fs/cgroup/system/uid_1000/pid_449
06-13 13:37:12.765     1     1 I init    : starting service 'art_boot'...
06-13 13:37:12.766     1     1 I init    : ... started service 'art_boot' has pid 450
06-13 13:37:12.766     1     1 I init    : SVC_EXEC service 'art_boot' pid 450 (uid 0 gid 0+0 context default) started; waiting...
06-13 13:37:12.777     1     1 I init    : Service 'art_boot' (pid 450) exited with status 0 waiting took 0.011000 seconds
06-13 13:37:12.777     1     1 I init    : Sending signal 9 to service 'art_boot' (pid 450) process group...
06-13 13:37:12.777     1     1 I libprocessgroup: Removed cgroup /sys/fs/cgroup/system/uid_0/pid_450
06-13 13:37:12.777     1     1 I init    : starting service 'odsign'...
06-13 13:37:12.778     1     1 I init    : ... started service 'odsign' has pid 451
06-13 13:37:12.834   452   452 I fs-verity: sha256 using implementation "sha256-ce" (multibuffer)
06-13 13:37:12.901    95    95 I init    : Wait for property 'odsign.key.done=1' took 122ms
06-13 13:37:12.901     1     1 I init    : starting service 'apexd-snapshotde'...
06-13 13:37:12.903     1     1 I init    : ... started service 'apexd-snapshotde' has pid 453
06-13 13:37:12.903     1     1 I init    : SVC_EXEC service 'apexd-snapshotde' pid 453 (uid 0 gid 1000+0 context default) started; waiting...
06-13 13:37:12.903     1     1 I init    : Sending signal 9 to service 'odsign' (pid 451) process group...
06-13 13:37:12.903     1     1 I libprocessgroup: Removed cgroup /sys/fs/cgroup/system/uid_0/pid_451
06-13 13:37:12.903     1     1 I init    : Control message: Processed ctl.stop for 'odsign' from pid: 451 (/system/bin/odsign)
06-13 13:37:12.903     1     1 I init    : Service 'odsign' (pid 451) received signal 9
06-13 13:37:12.903     1     1 I init    : Sending signal 9 to service 'odsign' (pid 451) process group...
06-13 13:37:12.903     1     1 E libprocessgroup: Failed to write 1 to /sys/fs/cgroup/system/uid_0/pid_451/cgroup.kill: No such file or directory
06-13 13:37:12.903     1     1 E libprocessgroup: Failed to open /sys/fs/cgroup/system/uid_0/pid_451/cgroup.procs: No such file or directory
06-13 13:37:12.907   453   453 I apexd   : Started. subcommand = --snapshotde
06-13 13:37:12.907   453   453 W apexd-snapshotde: Thread Pool max thread count is 0. Cannot cache binder as linkToDeath cannot be implemented. serviceName: vold
06-13 13:37:12.908   453   453 I apexd-snapshotde: Marking APEXd as ready
06-13 13:37:12.909     1     1 I init    : Service 'apexd-snapshotde' (pid 453) exited with status 0 waiting took 0.006000 seconds
06-13 13:37:12.909     1     1 I init    : Sending signal 9 to service 'apexd-snapshotde' (pid 453) process group...
06-13 13:37:12.909     1     1 I libprocessgroup: Removed cgroup /sys/fs/cgroup/system/uid_0/pid_453
06-13 13:37:12.910     1     1 I init    : processing action (post-fs-data) from (/system/etc/init/hw/init.usb.rc:6)
06-13 13:37:12.910     1     1 I init    : Verified that /data/adb has the encryption policy 682392fda0d0848a9c06fcfd3a23dda2 v2 modes 1/4 flags 0x2
06-13 13:37:12.910     1     1 I init    : processing action (post-fs-data) from (/vendor/etc/init/hw/init.ranchu.rc:69)
06-13 13:37:12.911     1     1 I init    : starting service 'qemu-device-state'...
06-13 13:37:12.912     1     1 I init    : ... started service 'qemu-device-state' has pid 454
06-13 13:37:12.912     1     1 I init    : starting service 'ranchu-adb-setup'...
06-13 13:37:12.913     1     1 I init    : ... started service 'ranchu-adb-setup' has pid 455
06-13 13:37:12.913     1     1 I init    : processing action (ro.boot.qemu.virtiowifi=1 && post-fs-data) from (/vendor/etc/init/hw/init.ranchu.rc:121)
06-13 13:37:12.914     1     1 I init    : starting service 'ranchu-net'...
06-13 13:37:12.914     1     1 I init    : ... started service 'ranchu-net' has pid 456
06-13 13:37:12.914     1     1 I init    : processing action (post-fs-data) from (/system/etc/init/bootstat.rc:9)
06-13 13:37:12.915     1     1 I init    : processing action (ro.boot.dynamic_partitions=true && ro.debuggable=1 && post-fs-data) from (/system/etc/init/clean_scratch_files.rc:1)
06-13 13:37:12.915     1     1 I init    : starting service 'exec 10 (/system/bin/clean_scratch_files)'...
06-13 13:37:12.916     1     1 I init    : ... started service 'exec 10 (/system/bin/clean_scratch_files)' has pid 458
06-13 13:37:12.916     1     1 I init    : processing action (post-fs-data) from (/system/etc/init/gsid.rc:17)
06-13 13:37:12.916     1     1 I init    : Not setting encryption policy on: /data/gsi
06-13 13:37:12.916   455   455 W /system_ext/bin/init.ranchu.adb.setup.sh: '/data/misc/adb/adb_keys' already exists, skipping
06-13 13:37:12.916     1     1 I init    : Service 'ranchu-adb-setup' (pid 455) exited with status 0 oneshot service took 0.003000 seconds in background
06-13 13:37:12.916     1     1 I init    : Sending signal 9 to service 'ranchu-adb-setup' (pid 455) process group...
06-13 13:37:12.916     1     1 I libprocessgroup: Removed cgroup /sys/fs/cgroup/system/uid_1000/pid_455
06-13 13:37:12.916     1     1 I init    : processing action (post-fs-data) from (/system/etc/init/incidentd.rc:21)
06-13 13:37:12.917     1     1 I init    : processing action (post-fs-data) from (/system/etc/init/logtagd.rc:4)
06-13 13:37:12.917     1     1 I init    : Service 'qemu-device-state' (pid 454) exited with status 0 oneshot service took 0.005000 seconds in background
06-13 13:37:12.917     1     1 I init    : Sending signal 9 to service 'qemu-device-state' (pid 454) process group...
06-13 13:37:12.917     1     1 I libprocessgroup: Removed cgroup /sys/fs/cgroup/system/uid_0/pid_454
06-13 13:37:12.917     1     1 I init    : processing action (post-fs-data) from (/system/etc/init/otapreopt.rc:3)
06-13 13:37:12.917     1     1 I init    : starting service 'exec 11 (/system/bin/otapreopt_slot)'...
06-13 13:37:12.918     1     1 I init    : ... started service 'exec 11 (/system/bin/otapreopt_slot)' has pid 459
06-13 13:37:12.918     1     1 I init    : SVC_EXEC service 'exec 11 (/system/bin/otapreopt_slot)' pid 459 (uid 0 gid 0+0 context default) started; waiting...
06-13 13:37:12.923     1     1 I init    : Service 'exec 10 (/system/bin/clean_scratch_files)' (pid 458) exited with status 0 oneshot service took 0.008000 seconds in background
06-13 13:37:12.923     1     1 I init    : Sending signal 9 to service 'exec 10 (/system/bin/clean_scratch_files)' (pid 458) process group...
06-13 13:37:12.923     1     1 I libprocessgroup: Removed cgroup /sys/fs/cgroup/system/uid_0/pid_458
06-13 13:37:12.925     1     1 I init    : Service 'exec 11 (/system/bin/otapreopt_slot)' (pid 459) exited with status 1 waiting took 0.007000 seconds
06-13 13:37:12.925     1     1 I init    : Sending signal 9 to service 'exec 11 (/system/bin/otapreopt_slot)' (pid 459) process group...
06-13 13:37:12.925     1     1 I libprocessgroup: Removed cgroup /sys/fs/cgroup/system/uid_0/pid_459
06-13 13:37:12.925     1     1 E selinux : SELinux:  Could not stat /data/dalvik-cache/arm: No such file or directory.
06-13 13:37:12.926     1     1 I selinux : SELinux: Skipping restorecon on directory(/data/dalvik-cache/arm64)
06-13 13:37:12.926     1     1 E selinux : SELinux:  Could not stat /data/dalvik-cache/riscv64: No such file or directory.
06-13 13:37:12.926     1     1 E selinux : SELinux:  Could not stat /data/dalvik-cache/x86: No such file or directory.
06-13 13:37:12.926     1     1 E selinux : SELinux:  Could not stat /data/dalvik-cache/x86_64: No such file or directory.
06-13 13:37:12.926     1     1 I init    : processing action (post-fs-data) from (/system/etc/init/perfetto.rc:103)
06-13 13:37:12.926     1     1 I init    : Command 'rm /data/misc/perfetto-traces/.guardraildata' action=post-fs-data (/system/etc/init/perfetto.rc:104) took 0ms and failed: unlink() failed: No such file or directory
06-13 13:37:12.926     1     1 I init    : processing action (post-fs-data) from (/system/etc/init/profcollectd.rc:9)
06-13 13:37:12.926     1     1 I init    : processing action (post-fs-data) from (/system/etc/init/recovery-persist.rc:1)
06-13 13:37:12.927     1     1 I init    : starting service 'exec 12 (/system/bin/recovery-persist)'...
06-13 13:37:12.927   464   464 D ieee80211 phy1: Selected rate control algorithm 'minstrel_ht'
06-13 13:37:12.928     1     1 I init    : ... started service 'exec 12 (/system/bin/recovery-persist)' has pid 465
06-13 13:37:12.928     1     1 I init    : processing action (post-fs-data) from (/system/etc/init/wifi.rc:18)
06-13 13:37:12.928     1     1 I selinux : SELinux: Skipping restorecon on directory(/data/misc/apexdata/com.android.wifi)
06-13 13:37:12.928     1     1 I init    : processing action (post-fs-data) from (/system_ext/etc/init/init.system_ext.radio.rc:1)
06-13 13:37:12.929     1     1 I init    : processing action (post-fs-data) from (/vendor/etc/init/hostapd.android.rc:9)
06-13 13:37:12.929     1     1 I init    : processing action (load-bpf-programs) from (/system/etc/init/hw/init.rc:1080)
06-13 13:37:12.930     1     1 I init    : starting service 'bpfloader'...
06-13 13:37:12.930     1     1 I init    : ... started service 'bpfloader' has pid 467
06-13 13:37:12.930     1     1 I init    : SVC_EXEC service 'bpfloader' pid 467 (uid 0 gid 0+7 context default) started; waiting...
06-13 13:37:12.930     1     1 I init    : Service 'ranchu-net' (pid 456) exited with status 0 oneshot service took 0.016000 seconds in background
06-13 13:37:12.930     1     1 I init    : Sending signal 9 to service 'ranchu-net' (pid 456) process group...
06-13 13:37:12.930     1     1 I libprocessgroup: Removed cgroup /sys/fs/cgroup/system/uid_0/pid_456
06-13 13:37:12.931     1     1 I init    : Service 'exec 12 (/system/bin/recovery-persist)' (pid 465) exited with status 0 oneshot service took 0.003000 seconds in background
06-13 13:37:12.931     1     1 I init    : Sending signal 9 to service 'exec 12 (/system/bin/recovery-persist)' (pid 465) process group...
06-13 13:37:12.931     1     1 I libprocessgroup: Removed cgroup /sys/fs/cgroup/system/uid_1000/pid_465
06-13 13:37:12.942   467   467 I NetBpfLoad: NetBpfLoad v0.47 (/apex/com.android.tethering/bin/netbpfload) api:36/36 kver:6060042 (64-on-aarch64) libbpf: v1.4 uid:0 rc:01
06-13 13:37:12.943   467   467 I NetBpfLoad: Tethering APEX version 360526040
06-13 13:37:12.943   467   467 I NetBpfLoad: detected 5 of 5: 2025Q2 api:36.0.0
06-13 13:37:12.944   467   467 D NetBpfLoad: Loading ELF object /apex/com.android.tethering/etc/bpf/tethering/test.o with license Apache 2.0
06-13 13:37:12.944   467   467 D NetBpfLoad: Section bpfloader_min_ver value is 42 [0x2a]
06-13 13:37:12.944   467   467 D NetBpfLoad: Section bpfloader_max_ver value is 65536 [0x10000]
06-13 13:37:12.944   467   467 D NetBpfLoad: BpfLoader version 0x0002f processing ELF object /apex/com.android.tethering/etc/bpf/tethering/test.o with ver [0x0002a,0x10000)
06-13 13:37:12.945   467   467 D NetBpfLoad: bpf_create_map[tether_downstream6_map] btf:1 -> 6
06-13 13:37:12.945   467   467 I NetBpfLoad: map /sys/fs/bpf/tethering/map_test_tether_downstream6_map id 1
06-13 13:37:12.945   467   467 D NetBpfLoad: bpf_create_map[tether2_downstream6_map] btf:1 -> 7
06-13 13:37:12.945   467   467 I NetBpfLoad: map /sys/fs/bpf/tethering/map_test_tether2_downstream6_map id 2
06-13 13:37:12.945   467   467 D NetBpfLoad: bpf_create_map[tether3_downstream6_map] btf:1 -> 8
06-13 13:37:12.945   467   467 I NetBpfLoad: map /sys/fs/bpf/tethering/map_test_tether3_downstream6_map id 3
06-13 13:37:12.945   467   467 D NetBpfLoad: bpf_create_map[bitmap] btf:1 -> 9
06-13 13:37:12.945   467   467 I NetBpfLoad: map /sys/fs/bpf/tethering/map_test_bitmap id 4
06-13 13:37:12.945   467   467 D NetBpfLoad: cs[0].name:skfilter_match min_kver:ffffffff .max_kver:ffffffff (kvers:6060042)
06-13 13:37:12.945   467   467 D NetBpfLoad: Loaded object: /apex/com.android.tethering/etc/bpf/tethering/test.o
06-13 13:37:12.946   467   467 D NetBpfLoad: Loading ELF object /apex/com.android.tethering/etc/bpf/tethering/offload.o with license Apache 2.0
06-13 13:37:12.946   467   467 D NetBpfLoad: Section bpfloader_min_ver value is 42 [0x2a]
06-13 13:37:12.946   467   467 D NetBpfLoad: Section bpfloader_max_ver value is 65536 [0x10000]
06-13 13:37:12.946   467   467 D NetBpfLoad: BpfLoader version 0x0002f processing ELF object /apex/com.android.tethering/etc/bpf/tethering/offload.o with ver [0x0002a,0x10000)
06-13 13:37:12.966   467   467 D NetBpfLoad: bpf_create_map[tether_error_map] btf:1 -> 7
06-13 13:37:12.966   467   467 I NetBpfLoad: map /sys/fs/bpf/tethering/map_offload_tether_error_map id 5
06-13 13:37:12.966   467   467 D NetBpfLoad: bpf_create_map[tether_stats_map] btf:1 -> 8
06-13 13:37:12.966   467   467 I NetBpfLoad: map /sys/fs/bpf/tethering/map_offload_tether_stats_map id 6
06-13 13:37:12.966   467   467 D NetBpfLoad: bpf_create_map[tether_limit_map] btf:1 -> 9
06-13 13:37:12.966   467   467 I NetBpfLoad: map /sys/fs/bpf/tethering/map_offload_tether_limit_map id 7
06-13 13:37:12.966   467   467 D NetBpfLoad: bpf_create_map[tether_downstream6_map] btf:1 -> 10
06-13 13:37:12.966   467   467 I NetBpfLoad: map /sys/fs/bpf/tethering/map_offload_tether_downstream6_map id 8
06-13 13:37:12.966   467   467 D NetBpfLoad: bpf_create_map[tether_downstream64_map] btf:1 -> 11
06-13 13:37:12.966   467   467 I NetBpfLoad: map /sys/fs/bpf/tethering/map_offload_tether_downstream64_map id 9
06-13 13:37:12.966   467   467 D NetBpfLoad: bpf_create_map[tether_upstream6_map] btf:1 -> 12
06-13 13:37:12.966   467   467 I NetBpfLoad: map /sys/fs/bpf/tethering/map_offload_tether_upstream6_map id 10
06-13 13:37:12.966   467   467 D NetBpfLoad: bpf_create_map[tether_downstream4_map] btf:1 -> 13
06-13 13:37:12.966   467   467 I NetBpfLoad: map /sys/fs/bpf/tethering/map_offload_tether_downstream4_map id 11
06-13 13:37:12.966   467   467 D NetBpfLoad: bpf_create_map[tether_upstream4_map] btf:1 -> 14
06-13 13:37:12.966   467   467 I NetBpfLoad: map /sys/fs/bpf/tethering/map_offload_tether_upstream4_map id 12
06-13 13:37:12.966   467   467 D NetBpfLoad: bpf_create_map[tether_dev_map] btf:0 -> 15
06-13 13:37:12.966   467   467 I NetBpfLoad: map /sys/fs/bpf/tethering/map_offload_tether_dev_map id 13
06-13 13:37:12.974   467   467 D NetBpfLoad: cs[0].name:schedcls_tether_downstream6_ether min_kver:0 .max_kver:ffffffff (kvers:6060042)
06-13 13:37:12.974   467   467 D NetBpfLoad: cs[0].name:schedcls_tether_downstream6_ether requires bpfloader version [0x0002a,0x10000)
06-13 13:37:12.975   467   467 D NetBpfLoad: BPF_PROG_LOAD call for /apex/com.android.tethering/etc/bpf/tethering/offload.o (schedcls_tether_downstream6_ether) returned 'processed 612 insns (limit 1000000) max_states_per_insn 1 total_states 32 peak_states 32 mark_read 5' fd: 16 (ok)
06-13 13:37:12.975   467   467 I NetBpfLoad: prog /sys/fs/bpf/tethering/prog_offload_schedcls_tether_downstream6_ether id 2 len jit:1944 xlat:2928
06-13 13:37:12.975   467   467 D NetBpfLoad: cs[1].name:schedcls_tether_upstream6_ether min_kver:0 .max_kver:ffffffff (kvers:6060042)
06-13 13:37:12.975   467   467 D NetBpfLoad: cs[1].name:schedcls_tether_upstream6_ether requires bpfloader version [0x0002a,0x10000)
06-13 13:37:12.976   467   467 D NetBpfLoad: BPF_PROG_LOAD call for /apex/com.android.tethering/etc/bpf/tethering/offload.o (schedcls_tether_upstream6_ether) returned 'processed 598 insns (limit 1000000) max_states_per_insn 1 total_states 36 peak_states 36 mark_read 7' fd: 17 (ok)
06-13 13:37:12.976   467   467 I NetBpfLoad: prog /sys/fs/bpf/tethering/prog_offload_schedcls_tether_upstream6_ether id 3 len jit:2024 xlat:3040
06-13 13:37:12.976   467   467 D NetBpfLoad: cs[2].name:schedcls_tether_downstream6_rawip$4_14 min_kver:40e0000 .max_kver:ffffffff (kvers:6060042)
06-13 13:37:12.976   467   467 D NetBpfLoad: cs[2].name:schedcls_tether_downstream6_rawip$4_14 requires bpfloader version [0x0002a,0x10000)
06-13 13:37:12.976   467   467 D NetBpfLoad: BPF_PROG_LOAD call for /apex/com.android.tethering/etc/bpf/tethering/offload.o (schedcls_tether_downstream6_rawip$4_14) returned 'processed 420 insns (limit 1000000) max_states_per_insn 1 total_states 30 peak_states 30 mark_read 4' fd: 18 (ok)
06-13 13:37:12.976   467   467 I NetBpfLoad: prog /sys/fs/bpf/tethering/prog_offload_schedcls_tether_downstream6_rawip id 4 len jit:2056 xlat:3056
06-13 13:37:12.976   467   467 D NetBpfLoad: cs[3].name:schedcls_tether_upstream6_rawip$4_14 min_kver:40e0000 .max_kver:ffffffff (kvers:6060042)
06-13 13:37:12.976   467   467 D NetBpfLoad: cs[3].name:schedcls_tether_upstream6_rawip$4_14 requires bpfloader version [0x0002a,0x10000)
06-13 13:37:12.977   467   467 D NetBpfLoad: BPF_PROG_LOAD call for /apex/com.android.tethering/etc/bpf/tethering/offload.o (schedcls_tether_upstream6_rawip$4_14) returned 'processed 450 insns (limit 1000000) max_states_per_insn 1 total_states 33 peak_states 33 mark_read 5' fd: 19 (ok)
06-13 13:37:12.977   467   467 I NetBpfLoad: prog /sys/fs/bpf/tethering/prog_offload_schedcls_tether_upstream6_rawip id 5 len jit:2152 xlat:3192
06-13 13:37:12.977   467   467 D NetBpfLoad: cs[4].name:schedcls_tether_downstream6_rawip$stub min_kver:0 .max_kver:40e0000 (kvers:6060042)
06-13 13:37:12.977   467   467 D NetBpfLoad: cs[5].name:schedcls_tether_upstream6_rawip$stub min_kver:0 .max_kver:40e0000 (kvers:6060042)
06-13 13:37:12.977   467   467 D NetBpfLoad: cs[6].name:schedcls_tether_downstream4_rawip$5_8 min_kver:50a0000 .max_kver:ffffffff (kvers:6060042)
06-13 13:37:12.977   467   467 D NetBpfLoad: cs[6].name:schedcls_tether_downstream4_rawip$5_8 requires bpfloader version [0x0002a,0x10000)
06-13 13:37:12.978   467   467 D NetBpfLoad: BPF_PROG_LOAD call for /apex/com.android.tethering/etc/bpf/tethering/offload.o (schedcls_tether_downstream4_rawip$5_8) returned 'processed 877 insns (limit 1000000) max_states_per_insn 0 total_states 62 peak_states 62 mark_read 9' fd: 20 (ok)
06-13 13:37:12.978   467   467 I NetBpfLoad: prog /sys/fs/bpf/tethering/prog_offload_schedcls_tether_downstream4_rawip id 6 len jit:4688 xlat:7000
06-13 13:37:12.978   467   467 D NetBpfLoad: cs[7].name:schedcls_tether_upstream4_rawip$5_8 min_kver:50a0000 .max_kver:ffffffff (kvers:6060042)
06-13 13:37:12.978   467   467 D NetBpfLoad: cs[7].name:schedcls_tether_upstream4_rawip$5_8 requires bpfloader version [0x0002a,0x10000)
06-13 13:37:12.980   467   467 D NetBpfLoad: BPF_PROG_LOAD call for /apex/com.android.tethering/etc/bpf/tethering/offload.o (schedcls_tether_upstream4_rawip$5_8) returned 'processed 877 insns (limit 1000000) max_states_per_insn 0 total_states 62 peak_states 62 mark_read 9' fd: 21 (ok)
06-13 13:37:12.980   467   467 I NetBpfLoad: prog /sys/fs/bpf/tethering/prog_offload_schedcls_tether_upstream4_rawip id 7 len jit:4688 xlat:6984
06-13 13:37:12.980   467   467 D NetBpfLoad: cs[8].name:schedcls_tether_downstream4_ether$5_8 min_kver:50a0000 .max_kver:ffffffff (kvers:6060042)
06-13 13:37:12.980   467   467 D NetBpfLoad: cs[8].name:schedcls_tether_downstream4_ether$5_8 requires bpfloader version [0x0002a,0x10000)
06-13 13:37:12.981   467   467 D NetBpfLoad: BPF_PROG_LOAD call for /apex/com.android.tethering/etc/bpf/tethering/offload.o (schedcls_tether_downstream4_ether$5_8) returned 'processed 879 insns (limit 1000000) max_states_per_insn 0 total_states 53 peak_states 53 mark_read 7' fd: 22 (ok)
06-13 13:37:12.981   467   467 I NetBpfLoad: prog /sys/fs/bpf/tethering/prog_offload_schedcls_tether_downstream4_ether id 8 len jit:4368 xlat:6568
06-13 13:37:12.981   467   467 D NetBpfLoad: cs[9].name:schedcls_tether_upstream4_ether$5_8 min_kver:50a0000 .max_kver:ffffffff (kvers:6060042)
06-13 13:37:12.981   467   467 D NetBpfLoad: cs[9].name:schedcls_tether_upstream4_ether$5_8 requires bpfloader version [0x0002a,0x10000)
06-13 13:37:12.982   467   467 D NetBpfLoad: BPF_PROG_LOAD call for /apex/com.android.tethering/etc/bpf/tethering/offload.o (schedcls_tether_upstream4_ether$5_8) returned 'processed 879 insns (limit 1000000) max_states_per_insn 0 total_states 53 peak_states 53 mark_read 7' fd: 23 (ok)
06-13 13:37:12.982   467   467 I NetBpfLoad: prog /sys/fs/bpf/tethering/prog_offload_schedcls_tether_upstream4_ether id 9 len jit:4368 xlat:6552
06-13 13:37:12.982   467   467 D NetBpfLoad: cs[10].name:schedcls_tether_downstream4_rawip$opt min_kver:40e0000 .max_kver:50a0000 (kvers:6060042)
06-13 13:37:12.982   467   467 D NetBpfLoad: cs[11].name:schedcls_tether_upstream4_rawip$opt min_kver:40e0000 .max_kver:50a0000 (kvers:6060042)
06-13 13:37:12.982   467   467 D NetBpfLoad: cs[12].name:schedcls_tether_downstream4_ether$opt min_kver:40e0000 .max_kver:50a0000 (kvers:6060042)
06-13 13:37:12.982   467   467 D NetBpfLoad: cs[13].name:schedcls_tether_upstream4_ether$opt min_kver:40e0000 .max_kver:50a0000 (kvers:6060042)
06-13 13:37:12.982   467   467 D NetBpfLoad: cs[14].name:schedcls_tether_downstream4_rawip$5_4 min_kver:5040000 .max_kver:50a0000 (kvers:6060042)
06-13 13:37:12.982   467   467 D NetBpfLoad: cs[15].name:schedcls_tether_upstream4_rawip$5_4 min_kver:5040000 .max_kver:50a0000 (kvers:6060042)
06-13 13:37:12.982   467   467 D NetBpfLoad: cs[16].name:schedcls_tether_downstream4_rawip$4_14 min_kver:40e0000 .max_kver:5040000 (kvers:6060042)
06-13 13:37:12.982   467   467 D NetBpfLoad: cs[17].name:schedcls_tether_upstream4_rawip$4_14 min_kver:40e0000 .max_kver:5040000 (kvers:6060042)
06-13 13:37:12.982   467   467 D NetBpfLoad: cs[18].name:schedcls_tether_downstream4_ether$4_14 min_kver:40e0000 .max_kver:50a0000 (kvers:6060042)
06-13 13:37:12.982   467   467 D NetBpfLoad: cs[19].name:schedcls_tether_upstream4_ether$4_14 min_kver:40e0000 .max_kver:50a0000 (kvers:6060042)
06-13 13:37:12.982   467   467 D NetBpfLoad: cs[20].name:schedcls_tether_downstream4_rawip$stub min_kver:0 .max_kver:5040000 (kvers:6060042)
06-13 13:37:12.982   467   467 D NetBpfLoad: cs[21].name:schedcls_tether_upstream4_rawip$stub min_kver:0 .max_kver:5040000 (kvers:6060042)
06-13 13:37:12.982   467   467 D NetBpfLoad: cs[22].name:schedcls_tether_downstream4_ether$stub min_kver:0 .max_kver:40e0000 (kvers:6060042)
06-13 13:37:12.982   467   467 D NetBpfLoad: cs[23].name:schedcls_tether_upstream4_ether$stub min_kver:0 .max_kver:40e0000 (kvers:6060042)
06-13 13:37:12.982   467   467 D NetBpfLoad: cs[24].name:xdp_tether_downstream_ether min_kver:50a0000 .max_kver:ffffffff (kvers:6060042)
06-13 13:37:12.982   467   467 D NetBpfLoad: cs[24].name:xdp_tether_downstream_ether requires bpfloader version [0x0002a,0x10000)
06-13 13:37:12.982   467   467 D NetBpfLoad: BPF_PROG_LOAD call for /apex/com.android.tethering/etc/bpf/tethering/offload.o (xdp_tether_downstream_ether) returned 'processed 2 insns (limit 1000000) max_states_per_insn 0 total_states 0 peak_states 0 mark_read 0' fd: 24 (ok)
06-13 13:37:12.982   467   467 I NetBpfLoad: prog /sys/fs/bpf/tethering/prog_offload_xdp_tether_downstream_ether id 10 len jit:104 xlat:16
06-13 13:37:12.982   467   467 D NetBpfLoad: cs[25].name:xdp_tether_downstream_rawip min_kver:50a0000 .max_kver:ffffffff (kvers:6060042)
06-13 13:37:12.982   467   467 D NetBpfLoad: cs[25].name:xdp_tether_downstream_rawip requires bpfloader version [0x0002a,0x10000)
06-13 13:37:12.982   467   467 D NetBpfLoad: BPF_PROG_LOAD call for /apex/com.android.tethering/etc/bpf/tethering/offload.o (xdp_tether_downstream_rawip) returned 'processed 2 insns (limit 1000000) max_states_per_insn 0 total_states 0 peak_states 0 mark_read 0' fd: 25 (ok)
06-13 13:37:12.982   467   467 I NetBpfLoad: prog /sys/fs/bpf/tethering/prog_offload_xdp_tether_downstream_rawip id 11 len jit:104 xlat:16
06-13 13:37:12.982   467   467 D NetBpfLoad: cs[26].name:xdp_tether_upstream_ether min_kver:50a0000 .max_kver:ffffffff (kvers:6060042)
06-13 13:37:12.982   467   467 D NetBpfLoad: cs[26].name:xdp_tether_upstream_ether requires bpfloader version [0x0002a,0x10000)
06-13 13:37:12.982   467   467 D NetBpfLoad: BPF_PROG_LOAD call for /apex/com.android.tethering/etc/bpf/tethering/offload.o (xdp_tether_upstream_ether) returned 'processed 2 insns (limit 1000000) max_states_per_insn 0 total_states 0 peak_states 0 mark_read 0' fd: 27 (ok)
06-13 13:37:12.982   467   467 I NetBpfLoad: prog /sys/fs/bpf/tethering/prog_offload_xdp_tether_upstream_ether id 12 len jit:104 xlat:16
06-13 13:37:12.982   467   467 D NetBpfLoad: cs[27].name:xdp_tether_upstream_rawip min_kver:50a0000 .max_kver:ffffffff (kvers:6060042)
06-13 13:37:12.982   467   467 D NetBpfLoad: cs[27].name:xdp_tether_upstream_rawip requires bpfloader version [0x0002a,0x10000)
06-13 13:37:12.982   467   467 D NetBpfLoad: BPF_PROG_LOAD call for /apex/com.android.tethering/etc/bpf/tethering/offload.o (xdp_tether_upstream_rawip) returned 'processed 2 insns (limit 1000000) max_states_per_insn 0 total_states 0 peak_states 0 mark_read 0' fd: 28 (ok)
06-13 13:37:12.982   467   467 I NetBpfLoad: prog /sys/fs/bpf/tethering/prog_offload_xdp_tether_upstream_rawip id 13 len jit:104 xlat:16
06-13 13:37:12.982   467   467 D NetBpfLoad: Loaded object: /apex/com.android.tethering/etc/bpf/tethering/offload.o
06-13 13:37:12.984   467   467 D NetBpfLoad: Loading ELF object /apex/com.android.tethering/etc/bpf/netd_shared/netd.o with license Apache 2.0
06-13 13:37:12.984   467   467 D NetBpfLoad: Section bpfloader_min_ver value is 43 [0x2b]
06-13 13:37:12.984   467   467 D NetBpfLoad: Section bpfloader_max_ver value is 65536 [0x10000]
06-13 13:37:12.984   467   467 D NetBpfLoad: BpfLoader version 0x0002f processing ELF object /apex/com.android.tethering/etc/bpf/netd_shared/netd.o with ver [0x0002b,0x10000)
06-13 13:37:13.012   467   467 D NetBpfLoad: bpf_create_map[configuration_map] btf:1 -> 8
06-13 13:37:13.012   467   467 I NetBpfLoad: map /sys/fs/bpf/netd_shared/map_netd_configuration_map id 14
06-13 13:37:13.012   467   467 D NetBpfLoad: bpf_create_map[blocked_ports_map] btf:1 -> 9
06-13 13:37:13.012   467   467 I NetBpfLoad: map /sys/fs/bpf/netd_shared/map_netd_blocked_ports_map id 15
06-13 13:37:13.012   467   467 D NetBpfLoad: bpf_create_map[cookie_tag_map] btf:1 -> 10
06-13 13:37:13.012   467   467 I NetBpfLoad: map /sys/fs/bpf/netd_shared/map_netd_cookie_tag_map id 16
06-13 13:37:13.012   467   467 D NetBpfLoad: bpf_create_map[uid_counterset_map] btf:1 -> 11
06-13 13:37:13.012   467   467 I NetBpfLoad: map /sys/fs/bpf/netd_shared/map_netd_uid_counterset_map id 17
06-13 13:37:13.012   467   467 D NetBpfLoad: bpf_create_map[app_uid_stats_map] btf:1 -> 12
06-13 13:37:13.012   467   467 I NetBpfLoad: map /sys/fs/bpf/netd_shared/map_netd_app_uid_stats_map id 18
06-13 13:37:13.012   467   467 D NetBpfLoad: bpf_create_map[stats_map_A] btf:1 -> 13
06-13 13:37:13.012   467   467 I NetBpfLoad: map /sys/fs/bpf/netd_shared/map_netd_stats_map_A id 19
06-13 13:37:13.012   467   467 D NetBpfLoad: bpf_create_map[stats_map_B] btf:1 -> 14
06-13 13:37:13.012   467   467 I NetBpfLoad: map /sys/fs/bpf/netd_shared/map_netd_stats_map_B id 20
06-13 13:37:13.012   467   467 D NetBpfLoad: bpf_create_map[iface_stats_map] btf:1 -> 15
06-13 13:37:13.012   467   467 I NetBpfLoad: map /sys/fs/bpf/netd_shared/map_netd_iface_stats_map id 21
06-13 13:37:13.012   467   467 D NetBpfLoad: bpf_create_map[uid_owner_map] btf:1 -> 16
06-13 13:37:13.012   467   467 I NetBpfLoad: map /sys/fs/bpf/netd_shared/map_netd_uid_owner_map id 22
06-13 13:37:13.012   467   467 D NetBpfLoad: bpf_create_map[uid_permission_map] btf:1 -> 17
06-13 13:37:13.012   467   467 I NetBpfLoad: map /sys/fs/bpf/netd_shared/map_netd_uid_permission_map id 23
06-13 13:37:13.012   467   467 D NetBpfLoad: bpf_create_map[ingress_discard_map] btf:1 -> 18
