06-13 13:37:14.875   703   703 I PackageManager: /vendor/apex/com.android.hardware.neuralnetworks.apex changed; collecting certs
06-13 13:37:14.876   703   703 I PackageManager: /vendor/apex/com.android.hardware.rebootescrow.apex changed; collecting certs
06-13 13:37:14.877   703   703 I PackageManager: /vendor/apex/com.android.hardware.thermal.apex changed; collecting certs
06-13 13:37:14.877   703   703 I PackageManager: /vendor/apex/com.android.hardware.threadnetwork-simulation-rcp.apex changed; collecting certs
06-13 13:37:14.878   703   703 I PackageManager: /vendor/apex/com.android.hardware.vibrator.apex changed; collecting certs
06-13 13:37:14.879   703   703 I PackageManager: /system/apex/com.android.i18n.apex changed; collecting certs
06-13 13:37:14.879   703   703 I PackageManager: /data/apex/decompressed/com.android.healthfitness@360526040.decompressed.apex changed; collecting certs
06-13 13:37:14.880   703   703 I PackageManager: /vendor/apex/com.android.hardware.uwb.apex changed; collecting certs
06-13 13:37:14.881   703   703 I PackageManager: /data/apex/decompressed/com.android.media@360526000.decompressed.apex changed; collecting certs
06-13 13:37:14.882   703   703 I PackageManager: /data/apex/decompressed/com.android.ipsec@360526000.decompressed.apex changed; collecting certs
06-13 13:37:14.882   703   703 I PackageManager: /data/apex/decompressed/com.android.media.swcodec@360526000.decompressed.apex changed; collecting certs
06-13 13:37:14.883   703   703 I PackageManager: /data/apex/decompressed/com.android.neuralnetworks@360526000.decompressed.apex changed; collecting certs
06-13 13:37:14.884   703   703 I PackageManager: /data/apex/decompressed/com.android.mediaprovider@360526000.decompressed.apex changed; collecting certs
06-13 13:37:14.884   703   703 I PackageManager: /data/apex/decompressed/com.android.nfcservices@360526020.decompressed.apex changed; collecting certs
06-13 13:37:14.885   703   703 I PackageManager: /data/apex/decompressed/com.android.ondevicepersonalization@360526000.decompressed.apex changed; collecting certs
06-13 13:37:14.886   703   703 I PackageManager: /data/apex/decompressed/com.android.profiling@360526000.decompressed.apex changed; collecting certs
06-13 13:37:14.886   703   703 I PackageManager: /data/apex/decompressed/com.android.os.statsd@360526000.decompressed.apex changed; collecting certs
06-13 13:37:14.887   703   703 I PackageManager: /data/apex/decompressed/com.android.resolv@360526000.decompressed.apex changed; collecting certs
06-13 13:37:14.888   703   703 I PackageManager: /data/apex/decompressed/com.android.rkpd@360526000.decompressed.apex changed; collecting certs
06-13 13:37:14.888   703   703 I PackageManager: /data/apex/decompressed/com.android.permission@360526020.decompressed.apex changed; collecting certs
06-13 13:37:14.889   703   703 I PackageManager: /system/apex/com.android.runtime.apex changed; collecting certs
06-13 13:37:14.890   703   703 I PackageManager: /data/apex/decompressed/com.android.scheduling@360526000.decompressed.apex changed; collecting certs
06-13 13:37:14.890   703   703 I PackageManager: /data/apex/decompressed/com.android.tethering@360526040.decompressed.apex changed; collecting certs
06-13 13:37:14.891   703   703 I PackageManager: /system/apex/com.google.android.tzdata6.apex changed; collecting certs
06-13 13:37:14.892   703   703 I PackageManager: /data/apex/decompressed/com.android.sdkext@360526000.decompressed.apex changed; collecting certs
06-13 13:37:14.892   703   703 I PackageManager: /data/apex/decompressed/com.android.uprobestats@360526000.decompressed.apex changed; collecting certs
06-13 13:37:14.893   703   703 I PackageManager: /data/apex/decompressed/com.android.uwb@360526040.decompressed.apex changed; collecting certs
06-13 13:37:14.894   703   703 I PackageManager: /system/apex/com.android.virt.apex changed; collecting certs
06-13 13:37:14.894   703   703 I PackageManager: /data/apex/decompressed/com.android.wifi@360526000.decompressed.apex changed; collecting certs
06-13 13:37:14.895   703   703 I PackageManager: /vendor/apex/com.google.android.widevine-13130248.apex changed; collecting certs
06-13 13:37:14.911   703   703 W PackageManager: Failed to parse /system/framework/arm64: Missing base APK in /system/framework/arm64
06-13 13:37:14.911   703   703 W PackageManager: Failed to parse /system/framework/oat: Missing base APK in /system/framework/oat/arm64
06-13 13:37:14.914   703   792 D PackageCacher: Feature flags for package /system/framework/framework-res.apk: {com.android.window.flags.screen_recording_callbacks=true, android.security.secure_lockdown=false, android.content.pm.quarantined_enabled=false, android.app.enable_tv_implicit_enter_pip_restriction=true, android.app.appfunctions.flags.enable_app_function_manager=true, android.media.tv.flags.apply_picture_profiles=true, com.android.internal.telephony.flags.subscription_plan_allow_status_and_end_date=true, android.net.platform.flags.register_nsd_offload_engine=true, android.media.tv.flags.kids_mode_tvdb_sharing=true, android.security.aapm_api=true, android.permission.flags.ranging_permission_enabled=true, com.android.settingslib.flags.settings_catalyst=true, android.permission.flags.enhanced_confirmation_in_call_apis_enabled=true, android.permission.flags.grant_read_blocked_numbers_to_system_ui_intelligence=false, android.media.tv.flags.tif_unbind_inactive_tis=true, android.content.pm.sdk_dependency_installer=true, com.android.art.flags.executable_method_file_offsets=true, android.app.admin.flags.split_create_managed_profile_enabled=true, android.location.flags.population_density_provider=true, android.permission.flags.sensitive_notification_app_protection=true, com.android.tradeinmode.flags.enable_trade_in_mode=true, com.android.update_engine.minor_changes_2025q4=null, android.media.audio.concurrent_audio_record_bypass_permission=false, android.content.pm.uid_based_provider_lookup=false, com.android.hardware.input.manage_key_gestures=true, com.android.internal.camera.flags.camera_hsum_permission=true, android.permission.flags.health_connect_backup_restore_permission_enabled=true, android.os.vibrator.vendor_vibration_effects=true, com.android.settingslib.flags.write_system_preference_permission_enabled=true, android.permission.flags.text_classifier_choice_api_enabled=true, android.media.tv.flags.media_quality_fw=true, android.provider.user_keys=true, android.os.allow_consentless_bugreport_delegated_consent=false, android.permission.flags.fine_power_monitor_permission=false, android.security.subscribe_to_keyguard_locked_state_perm_priv_flag=true, android.security.afl_api=true, android.xr.xr_manifest_entries=null, android.companion.virtualdevice.flags.enable_limited_vdm_role=false, android.provider.new_default_account_api_enabled=true, com.android.hardware.input.key_event_activity_detection=false}
06-13 13:37:14.916   703   792 E AconfigFlags: Failed to load aconfig package com.android.update_engine
06-13 13:37:14.916   703   792 E AconfigFlags: android.os.flagging.AconfigStorageReadException: ERROR_PACKAGE_NOT_FOUND: package com.android.update_engine cannot be found on the device
06-13 13:37:14.916   703   792 E AconfigFlags: 	at android.os.flagging.AconfigPackage.load(AconfigPackage.java:132)
06-13 13:37:14.916   703   792 E AconfigFlags: 	at com.android.internal.pm.pkg.component.AconfigFlags.lambda$getFlagValueFromNewStorage$0(AconfigFlags.java:261)
06-13 13:37:14.916   703   792 E AconfigFlags: 	at com.android.internal.pm.pkg.component.AconfigFlags$$ExternalSyntheticLambda0.apply(D8$$SyntheticClass:0)
06-13 13:37:14.916   703   792 E AconfigFlags: 	at java.util.concurrent.ConcurrentHashMap.computeIfAbsent(ConcurrentHashMap.java:1713)
06-13 13:37:14.916   703   792 E AconfigFlags: 	at com.android.internal.pm.pkg.component.AconfigFlags.getFlagValueFromNewStorage(AconfigFlags.java:259)
06-13 13:37:14.916   703   792 E AconfigFlags: 	at com.android.internal.pm.pkg.component.AconfigFlags.getFlagValue(AconfigFlags.java:225)
06-13 13:37:14.916   703   792 E AconfigFlags: 	at com.android.server.pm.parsing.PackageCacher.getCachedResult(PackageCacher.java:214)
06-13 13:37:14.916   703   792 E AconfigFlags: 	at com.android.internal.pm.parsing.PackageParser2.parsePackage(PackageParser2.java:126)
06-13 13:37:14.916   703   792 E AconfigFlags: 	at com.android.server.pm.ParallelPackageParser.parsePackage(ParallelPackageParser.java:130)
06-13 13:37:14.916   703   792 E AconfigFlags: 	at com.android.server.pm.ParallelPackageParser.lambda$submit$0(ParallelPackageParser.java:108)
06-13 13:37:14.916   703   792 E AconfigFlags: 	at com.android.server.pm.ParallelPackageParser.$r8$lambda$uW6lAW1ixaCdJ_8ZINGbyQGIceg(ParallelPackageParser.java:0)
06-13 13:37:14.916   703   792 E AconfigFlags: 	at com.android.server.pm.ParallelPackageParser$$ExternalSyntheticLambda0.run(R8$$SyntheticClass:0)
06-13 13:37:14.916   703   792 E AconfigFlags: 	at java.util.concurrent.Executors$RunnableAdapter.call(Executors.java:524)
06-13 13:37:14.916   703   792 E AconfigFlags: 	at java.util.concurrent.FutureTask.run(FutureTask.java:317)
06-13 13:37:14.916   703   792 E AconfigFlags: 	at java.util.concurrent.ThreadPoolExecutor.runWorker(ThreadPoolExecutor.java:1156)
06-13 13:37:14.916   703   792 E AconfigFlags: 	at java.util.concurrent.ThreadPoolExecutor$Worker.run(ThreadPoolExecutor.java:651)
06-13 13:37:14.916   703   792 E AconfigFlags: 	at com.android.internal.util.ConcurrentUtils$1$1.run(ConcurrentUtils.java:65)
06-13 13:37:14.916   703   792 E AconfigFlags: Failed to load aconfig package android.xr
06-13 13:37:14.916   703   792 E AconfigFlags: android.os.flagging.AconfigStorageReadException: ERROR_PACKAGE_NOT_FOUND: package android.xr cannot be found on the device
06-13 13:37:14.916   703   792 E AconfigFlags: 	at android.os.flagging.AconfigPackage.load(AconfigPackage.java:132)
06-13 13:37:14.916   703   792 E AconfigFlags: 	at com.android.internal.pm.pkg.component.AconfigFlags.lambda$getFlagValueFromNewStorage$0(AconfigFlags.java:261)
06-13 13:37:14.916   703   792 E AconfigFlags: 	at com.android.internal.pm.pkg.component.AconfigFlags$$ExternalSyntheticLambda0.apply(D8$$SyntheticClass:0)
06-13 13:37:14.916   703   792 E AconfigFlags: 	at java.util.concurrent.ConcurrentHashMap.computeIfAbsent(ConcurrentHashMap.java:1713)
06-13 13:37:14.916   703   792 E AconfigFlags: 	at com.android.internal.pm.pkg.component.AconfigFlags.getFlagValueFromNewStorage(AconfigFlags.java:259)
06-13 13:37:14.916   703   792 E AconfigFlags: 	at com.android.internal.pm.pkg.component.AconfigFlags.getFlagValue(AconfigFlags.java:225)
06-13 13:37:14.916   703   792 E AconfigFlags: 	at com.android.server.pm.parsing.PackageCacher.getCachedResult(PackageCacher.java:214)
06-13 13:37:14.916   703   792 E AconfigFlags: 	at com.android.internal.pm.parsing.PackageParser2.parsePackage(PackageParser2.java:126)
06-13 13:37:14.916   703   792 E AconfigFlags: 	at com.android.server.pm.ParallelPackageParser.parsePackage(ParallelPackageParser.java:130)
06-13 13:37:14.916   703   792 E AconfigFlags: 	at com.android.server.pm.ParallelPackageParser.lambda$submit$0(ParallelPackageParser.java:108)
06-13 13:37:14.916   703   792 E AconfigFlags: 	at com.android.server.pm.ParallelPackageParser.$r8$lambda$uW6lAW1ixaCdJ_8ZINGbyQGIceg(ParallelPackageParser.java:0)
06-13 13:37:14.916   703   792 E AconfigFlags: 	at com.android.server.pm.ParallelPackageParser$$ExternalSyntheticLambda0.run(R8$$SyntheticClass:0)
06-13 13:37:14.916   703   792 E AconfigFlags: 	at java.util.concurrent.Executors$RunnableAdapter.call(Executors.java:524)
06-13 13:37:14.916   703   792 E AconfigFlags: 	at java.util.concurrent.FutureTask.run(FutureTask.java:317)
06-13 13:37:14.916   703   792 E AconfigFlags: 	at java.util.concurrent.ThreadPoolExecutor.runWorker(ThreadPoolExecutor.java:1156)
06-13 13:37:14.916   703   792 E AconfigFlags: 	at java.util.concurrent.ThreadPoolExecutor$Worker.run(ThreadPoolExecutor.java:651)
06-13 13:37:14.916   703   792 E AconfigFlags: 	at com.android.internal.util.ConcurrentUtils$1$1.run(ConcurrentUtils.java:65)
06-13 13:37:14.925   703   793 D PackageCacher: Feature flags for package /system/priv-app/Shell: {android.security.aapm_api=true, android.permission.flags.replace_body_sensor_permission_enabled=true, android.permission.flags.health_connect_backup_restore_permission_enabled=true, android.permission.flags.text_classifier_choice_api_enabled=true, android.security.protect_device_config_flags=true, android.security.afl_api=true, android.companion.virtualdevice.flags.enable_limited_vdm_role=false}
06-13 13:37:14.944   703   703 W PackageManager: Skipping provider name com.google.android.apps.messaging.photopicker_images (in package com.google.android.apps.messaging): name already used by com.google.android.apps.messaging
06-13 13:37:14.945   703   703 W PackageManager: Skipping provider name com.google.android.settings.intelligence (in package com.google.android.settings.intelligence): name already used by com.google.android.settings.intelligence
06-13 13:37:14.954   703   703 I PackageManager: getCompressedFiles[/product/app/Chrome-Stub]: [/product/app/Chrome/Chrome.apk.gz]
06-13 13:37:14.954   703   703 W PackageManager: Failed to scan /product/app/Chrome-Stub: Package com.android.chrome at /product/app/Chrome-Stub ignored: updated version 694313732 better than this 694313732
06-13 13:37:14.957   703   703 W PackageManager: Failed to parse /product/app/TrichromeLibrary: Missing base APK in /product/app/TrichromeLibrary
06-13 13:37:14.958   703   703 W PackageManager: Failed to parse /product/app/WebViewGoogle: Missing base APK in /product/app/WebViewGoogle
06-13 13:37:14.959   703   703 I PackageManager: getCompressedFiles[/product/app/WebViewGoogle-Stub]: [/product/app/WebViewGoogle/WebViewGoogle.apk.gz]
06-13 13:37:14.959   703   703 W PackageManager: Failed to scan /product/app/WebViewGoogle-Stub: Package com.google.android.webview at /product/app/WebViewGoogle-Stub ignored: updated version 694313732 better than this 694313732
06-13 13:37:14.961   703   703 I PackageManager: getCompressedFiles[/product/app/TrichromeLibrary-Stub]: [/product/app/TrichromeLibrary/TrichromeLibrary.apk.gz]
06-13 13:37:14.961   703   703 W PackageManager: Failed to scan /product/app/TrichromeLibrary-Stub: Package com.google.android.trichromelibrary_694313732 at /product/app/TrichromeLibrary-Stub ignored: updated version 694313732 better than this 694313732
06-13 13:37:14.964   703   703 W PackageManager: Failed to parse /product/app/Chrome: Missing base APK in /product/app/Chrome
06-13 13:37:14.970   703   792 D PackageCacher: Feature flags for package /system_ext/priv-app/SystemUIGoogle: {com.android.wm.shell.enable_retrievable_bubbles=false}
06-13 13:37:14.971   703   793 D PackageCacher: Feature flags for package /system_ext/priv-app/SettingsGoogle: {android.view.contentprotection.flags.exported_settings_activity_enabled=true, com.android.settings.keyboard.keyboard_and_touchpad_a11y_new_page_enabled=true, android.app.ui_rich_ongoing=false, android.security.aapm_api=true, com.android.settingslib.flags.settings_catalyst=true, android.app.modes_ui=true, android.app.supervision.flags.supervision_manager_apis=false, com.android.settings.flags.catalyst_service=true, android.provider.new_default_account_api_enabled=true}
06-13 13:37:14.978   703   703 I ApexManager: Registering com.google.android.rkpdapp as apk-in-apex of com.android.rkpd
06-13 13:37:14.980   703   703 I ApexManager: Registering com.google.android.adservices.api as apk-in-apex of com.android.adservices
06-13 13:37:14.981   703   703 I ApexManager: Registering com.google.android.sdksandbox as apk-in-apex of com.android.adservices
06-13 13:37:14.983   703   791 D PackageCacher: Feature flags for package /apex/com.android.nfcservices/priv-app/NfcNciApexGoogle@360526020: {com.android.nfc.flags.enable_direct_boot_aware=true}
06-13 13:37:14.983   703   703 I ApexManager: Registering com.google.android.nfc as apk-in-apex of com.android.nfcservices
06-13 13:37:14.984   703   703 I ApexManager: Registering com.android.nfc as apk-in-apex of com.android.nfcservices
06-13 13:37:14.986   703   703 I ApexManager: Registering com.google.android.safetycenter.resources as apk-in-apex of com.android.permission
06-13 13:37:14.986   703   703 I ApexManager: Registering com.google.android.permissioncontroller as apk-in-apex of com.android.permission
06-13 13:37:14.988   703   703 I ApexManager: Registering com.google.android.ext.services as apk-in-apex of com.android.extservices
06-13 13:37:14.989   703   703 I ApexManager: Registering com.android.virtualmachine.res as apk-in-apex of com.android.virt
06-13 13:37:14.991   703   703 I ApexManager: Registering com.google.android.appsearch.apk as apk-in-apex of com.android.appsearch
06-13 13:37:14.992   703   703 I ApexManager: Registering com.google.android.server.deviceconfig.resources as apk-in-apex of com.android.configinfrastructure
06-13 13:37:14.994   703   703 I ApexManager: Registering com.google.android.photopicker as apk-in-apex of com.android.mediaprovider
06-13 13:37:14.995   703   703 I ApexManager: Registering com.google.android.providers.media.module as apk-in-apex of com.android.mediaprovider
06-13 13:37:14.997   703   703 I ApexManager: Registering com.google.android.bluetooth as apk-in-apex of com.android.bt
06-13 13:37:14.999   703   703 I ApexManager: Registering com.google.android.cellbroadcastreceiver as apk-in-apex of com.android.cellbroadcast
06-13 13:37:14.999   703   703 I ApexManager: Registering com.google.android.cellbroadcastservice as apk-in-apex of com.android.cellbroadcast
06-13 13:37:15.000   703   703 I ApexManager: Registering com.google.android.uwb.resources as apk-in-apex of com.android.uwb
06-13 13:37:15.002   703   703 I ApexManager: Registering com.google.android.ondevicepersonalization.services as apk-in-apex of com.android.ondevicepersonalization
06-13 13:37:15.003   703   703 I ApexManager: Registering com.google.android.federatedcompute as apk-in-apex of com.android.ondevicepersonalization
06-13 13:37:15.004   703   703 I ApexManager: Registering com.google.android.connectivity.resources as apk-in-apex of com.android.tethering
06-13 13:37:15.004   703   703 I ApexManager: Registering com.google.android.networkstack.tethering as apk-in-apex of com.android.tethering
06-13 13:37:15.005   703   703 I ApexManager: Registering com.android.devicelockcontroller as apk-in-apex of com.android.devicelock
06-13 13:37:15.007   703   703 I ApexManager: Registering com.google.android.wifi.resources as apk-in-apex of com.android.wifi
06-13 13:37:15.008   703   703 I ApexManager: Registering com.google.android.hotspot2.osulogin as apk-in-apex of com.android.wifi
06-13 13:37:15.009   703   703 I ApexManager: Registering com.google.android.wifi.dialog as apk-in-apex of com.android.wifi
06-13 13:37:15.009   703   703 I ApexManager: Registering com.android.cts.priv.ctsshim as apk-in-apex of com.android.apex.cts.shim
06-13 13:37:15.010   703   703 I ApexManager: Registering com.android.cts.ctsshim as apk-in-apex of com.android.apex.cts.shim
06-13 13:37:15.011   703   703 I ApexManager: Registering com.google.android.healthconnect.controller as apk-in-apex of com.android.healthfitness
06-13 13:37:15.013   703   703 I ApexManager: Registering com.google.android.health.connect.backuprestore as apk-in-apex of com.android.healthfitness
06-13 13:37:15.016   703   703 I PackageManager: Finished scanning system apps. Time: 168 ms, packageCount: 289 , timePerPackage: 0 , cached: 292
06-13 13:37:15.017   703   703 W PackageManager: Relax SCAN_REQUIRE_KNOWN requirement for package com.google.android.trichromelibrary_694313732
06-13 13:37:15.018   703   703 W PackageManager: Relax SCAN_REQUIRE_KNOWN requirement for package com.google.android.webview
06-13 13:37:15.020   703   703 W PackageManager: Relax SCAN_REQUIRE_KNOWN requirement for package com.android.chrome
06-13 13:37:15.022   703   703 I PackageManager: Finished scanning non-system apps. Time: 7 ms, packageCount: 8 , timePerPackage: 0 , cached: 8
06-13 13:37:15.025   703   703 I PackageManager: Time to scan packages: 0.178 seconds
06-13 13:37:15.036   703   703 W AppIdPermissionPolicy: Ignoring permission com.google.android.apps.wallpaper.DYNAMIC_RECEIVER_NOT_EXPORTED_PERMISSION declared in system package com.android.wallpaper: already declared in another system package com.google.android.apps.wallpaper
06-13 13:37:15.036   703   703 W AppIdPermissionPolicy: Ignoring permission com.google.android.gtalkservice.permission.GTALK_SERVICE declared in system package com.google.android.gsf: already declared in another system package com.google.android.gms
06-13 13:37:15.036   703   703 W AppIdPermissionPolicy: Ignoring permission com.google.android.c2dm.permission.SEND declared in system package com.google.android.gsf: already declared in another system package com.google.android.gms
06-13 13:37:15.036   703   703 W AppIdPermissionPolicy: Ignoring permission com.google.android.c2dm.permission.RECEIVE declared in system package com.google.android.gsf: already declared in another system package com.google.android.gms
06-13 13:37:15.036   703   703 W AppIdPermissionPolicy: Ignoring permission com.android.vending.INTENT_VENDING_ONLY declared in system package com.google.android.gsf: already declared in another system package com.google.android.gms
06-13 13:37:15.036   703   703 W AppIdPermissionPolicy: Ignoring permission com.google.android.providers.settings.permission.WRITE_GSETTINGS declared in system package com.google.android.gsf: already declared in another system package com.google.android.gms
06-13 13:37:15.036   703   703 W AppIdPermissionPolicy: Ignoring permission com.google.android.providers.gsf.permission.READ_GSERVICES declared in system package com.google.android.gsf: already declared in another system package com.google.android.gms
06-13 13:37:15.036   703   703 W AppIdPermissionPolicy: Ignoring permission com.google.android.providers.gsf.permission.WRITE_GSERVICES declared in system package com.google.android.gsf: already declared in another system package com.google.android.gms
06-13 13:37:15.042   703   703 V PackageManager: reconcileAppsData for null u0 0x1 migrateAppData=true
06-13 13:37:15.056   703   703 V PackageManager: reconcileAppsData finished 27 packages
06-13 13:37:15.056   703   703 D PackageManagerTiming: write settings
06-13 13:37:15.056   703   797 D SystemServerTimingAsync: InitThreadPoolExec:prepareAppData
06-13 13:37:15.056   703   797 D SystemServerInitThreadPool: Started executing prepareAppData
06-13 13:37:15.074   703   703 V PackageManagerTiming: write settings took to complete: 19ms
06-13 13:37:15.076   703   703 V PackageManager: Ephemeral resolver found; pkg: com.google.android.gms, info:ResolveInfo{376f0de com.google.android.gms/.chimera.PersistentBoundBrokerService m=0x108000 userHandle=null}
06-13 13:37:15.076   703   703 D PackageManager: Set ephemeral resolver: ComponentInfo{com.google.android.gms/com.google.android.gms.chimera.PersistentBoundBrokerService}
06-13 13:37:15.076   703   703 D PackageManager: Instant App installer not found with android.intent.action.INSTALL_INSTANT_APP_PACKAGE
06-13 13:37:15.076   703   703 D PackageManager: Clear ephemeral installer activity
06-13 13:37:15.078   703   703 I PackageManager: Fix for b/169414761 is applied
06-13 13:37:15.078   703   703 V PackageManagerTiming: create package manager took to complete: 282ms
06-13 13:37:15.078   703   703 V UserSystemPackageInstaller: Checking that all system packages are whitelisted.
06-13 13:37:15.079   703   703 W UserSystemPackageInstaller: checkWhitelistedSystemPackages(mode=d) has 66 warnings:
06-13 13:37:15.079   703   703 W UserSystemPackageInstaller: com.android.theme.color.amethyst is allowlisted but not present.
06-13 13:37:15.079   703   703 W UserSystemPackageInstaller: com.android.theme.icon.pebble is allowlisted but not present.
06-13 13:37:15.079   703   703 W UserSystemPackageInstaller: com.android.internal.systemui.navbar.gestural_wide_back is allowlisted but not present.
06-13 13:37:15.079   703   703 W UserSystemPackageInstaller: com.android.theme.color.sand is allowlisted but not present.
06-13 13:37:15.079   703   703 W UserSystemPackageInstaller: com.android.theme.icon.vessel is allowlisted but not present.
06-13 13:37:15.079   703   703 W UserSystemPackageInstaller: com.android.theme.color.cinnamon is allowlisted but not present.
06-13 13:37:15.079   703   703 W UserSystemPackageInstaller: com.android.theme.icon_pack.victor.settings is allowlisted but not present.
06-13 13:37:15.079   703   703 W UserSystemPackageInstaller: com.android.theme.icon_pack.rounded.systemui is allowlisted but not present.
06-13 13:37:15.079   703   703 W UserSystemPackageInstaller: com.android.theme.icon.taperedrect is allowlisted but not present.
06-13 13:37:15.079   703   703 W UserSystemPackageInstaller: com.android.documentsui is allowlisted but not present.
06-13 13:37:15.079   703   703 W UserSystemPackageInstaller: com.android.quicksearchbox is allowlisted but not present.
06-13 13:37:15.079   703   703 W UserSystemPackageInstaller: com.android.messaging is allowlisted but not present.
06-13 13:37:15.079   703   703 W UserSystemPackageInstaller: com.android.theme.icon_pack.rounded.android is allowlisted but not present.
06-13 13:37:15.079   703   703 W UserSystemPackageInstaller: com.android.internal.systemui.onehanded.gestural is allowlisted but not present.
06-13 13:37:15.079   703   703 W UserSystemPackageInstaller: com.android.multiuser is allowlisted but not present.
06-13 13:37:15.079   703   703 W UserSystemPackageInstaller: com.android.theme.icon_pack.victor.systemui is allowlisted but not present.
06-13 13:37:15.079   703   703 W UserSystemPackageInstaller: com.android.theme.icon_pack.circular.themepicker is allowlisted but not present.
06-13 13:37:15.079   703   703 W UserSystemPackageInstaller: com.android.avatarpicker is allowlisted but not present.
06-13 13:37:15.079   703   703 W UserSystemPackageInstaller: com.android.theme.color.tangerine is allowlisted but not present.
06-13 13:37:15.079   703   703 W UserSystemPackageInstaller: com.android.theme.color.aquamarine is allowlisted but not present.
06-13 13:37:15.079   703   703 W UserSystemPackageInstaller: com.android.theme.color.black is allowlisted but not present.
06-13 13:37:15.079   703   703 W UserSystemPackageInstaller: com.android.theme.color.green is allowlisted but not present.
06-13 13:37:15.079   703   703 W UserSystemPackageInstaller: com.android.theme.color.ocean is allowlisted but not present.
06-13 13:37:15.079   703   703 W UserSystemPackageInstaller: com.android.theme.color.space is allowlisted but not present.
06-13 13:37:15.079   703   703 W UserSystemPackageInstaller: com.android.contacts is allowlisted but not present.
06-13 13:37:15.079   703   703 W UserSystemPackageInstaller: com.android.theme.icon_pack.rounded.launcher is allowlisted but not present.
06-13 13:37:15.079   703   703 W UserSystemPackageInstaller: com.android.theme.icon_pack.kai.settings is allowlisted but not present.
06-13 13:37:15.079   703   703 W UserSystemPackageInstaller: com.android.theme.icon_pack.sam.settings is allowlisted but not present.
06-13 13:37:15.079   703   703 W UserSystemPackageInstaller: com.android.calendar is allowlisted but not present.
06-13 13:37:15.079   703   703 W UserSystemPackageInstaller: com.android.internal.systemui.navbar.gestural_extra_wide_back is allowlisted but not present.
06-13 13:37:15.079   703   703 W UserSystemPackageInstaller: com.android.theme.icon_pack.kai.themepicker is allowlisted but not present.
06-13 13:37:15.079   703   703 W UserSystemPackageInstaller: com.android.theme.icon_pack.victor.launcher is allowlisted but not present.
06-13 13:37:15.079   703   703 W UserSystemPackageInstaller: com.android.theme.icon_pack.filled.settings is allowlisted but not present.
06-13 13:37:15.079   703   703 W UserSystemPackageInstaller: com.android.theme.icon_pack.kai.systemui is allowlisted but not present.
06-13 13:37:15.079   703   703 W UserSystemPackageInstaller: com.android.theme.icon_pack.circular.settings is allowlisted but not present.
06-13 13:37:15.079   703   703 W UserSystemPackageInstaller: com.android.privatespace is allowlisted but not present.
06-13 13:37:15.079   703   703 W UserSystemPackageInstaller: com.android.theme.icon_pack.sam.systemui is allowlisted but not present.
06-13 13:37:15.079   703   703 W UserSystemPackageInstaller: com.android.theme.icon.teardrop is allowlisted but not present.
06-13 13:37:15.079   703   703 W UserSystemPackageInstaller: com.android.theme.icon_pack.rounded.themepicker is allowlisted but not present.
06-13 13:37:15.079   703   703 W UserSystemPackageInstaller: com.android.dialer is allowlisted but not present.
06-13 13:37:15.079   703   703 W UserSystemPackageInstaller: com.android.gallery3d is allowlisted but not present.
06-13 13:37:15.079   703   703 W UserSystemPackageInstaller: com.android.theme.icon_pack.filled.systemui is allowlisted but not present.
06-13 13:37:15.079   703   703 W UserSystemPackageInstaller: com.android.theme.icon_pack.sam.android is allowlisted but not present.
06-13 13:37:15.079   703   703 W UserSystemPackageInstaller: com.android.theme.icon_pack.filled.android is allowlisted but not present.
06-13 13:37:15.079   703   703 W UserSystemPackageInstaller: com.android.theme.icon_pack.circular.systemui is allowlisted but not present.
06-13 13:37:15.079   703   703 W UserSystemPackageInstaller: com.android.inputmethod.latin is allowlisted but not present.
06-13 13:37:15.079   703   703 W UserSystemPackageInstaller: com.android.theme.icon_pack.kai.android is allowlisted but not present.
06-13 13:37:15.079   703   703 W UserSystemPackageInstaller: com.android.theme.icon_pack.kai.launcher is allowlisted but not present.
06-13 13:37:15.079   703   703 W UserSystemPackageInstaller: com.android.theme.icon_pack.sam.launcher is allowlisted but not present.
06-13 13:37:15.079   703   703 W UserSystemPackageInstaller: com.android.theme.icon.squircle is allowlisted but not present.
06-13 13:37:15.079   703   703 W UserSystemPackageInstaller: com.android.theme.icon_pack.victor.android is allowlisted but not present.
06-13 13:37:15.079   703   703 W UserSystemPackageInstaller: com.android.theme.color.palette is allowlisted but not present.
06-13 13:37:15.079   703   703 W UserSystemPackageInstaller: com.android.theme.icon_pack.filled.launcher is allowlisted but not present.
06-13 13:37:15.079   703   703 W UserSystemPackageInstaller: com.android.theme.color.carbon is allowlisted but not present.
06-13 13:37:15.079   703   703 W UserSystemPackageInstaller: com.android.theme.icon_pack.circular.launcher is allowlisted but not present.
06-13 13:37:15.079   703   703 W UserSystemPackageInstaller: com.android.theme.icon_pack.filled.themepicker is allowlisted but not present.
06-13 13:37:15.079   703   703 W UserSystemPackageInstaller: com.android.theme.icon_pack.victor.themepicker is allowlisted but not present.
06-13 13:37:15.079   703   703 W UserSystemPackageInstaller: com.android.theme.color.orchid is allowlisted but not present.
06-13 13:37:15.079   703   703 W UserSystemPackageInstaller: com.android.deskclock is allowlisted but not present.
06-13 13:37:15.079   703   703 W UserSystemPackageInstaller: com.android.theme.color.purple is allowlisted but not present.
06-13 13:37:15.079   703   703 W UserSystemPackageInstaller: com.android.theme.icon_pack.sam.themepicker is allowlisted but not present.
06-13 13:37:15.079   703   703 W UserSystemPackageInstaller: com.android.wallpaperpicker is allowlisted but not present.
06-13 13:37:15.079   703   703 W UserSystemPackageInstaller: com.android.theme.icon.roundedrect is allowlisted but not present.
06-13 13:37:15.079   703   703 W UserSystemPackageInstaller: com.android.internal.systemui.navbar.gestural_narrow_back is allowlisted but not present.
06-13 13:37:15.079   703   703 W UserSystemPackageInstaller: com.android.theme.icon_pack.rounded.settings is allowlisted but not present.
06-13 13:37:15.079   703   703 W UserSystemPackageInstaller: com.android.theme.icon_pack.circular.android is allowlisted but not present.
06-13 13:37:15.082   703   703 I Watchdog: Resuming HandlerChecker: main thread for reason: packagemanagermain. Pause count: 0
06-13 13:37:15.082   703   703 V SystemServerTiming: StartPackageManagerService took to complete: 287ms
06-13 13:37:15.082   703   703 D SystemServerTiming: DexUseManagerLocal
06-13 13:37:15.089   703   703 V SystemServerTiming: DexUseManagerLocal took to complete: 6ms
06-13 13:37:15.089   703   703 D SystemServerTiming: StartOtaDexOptService
06-13 13:37:15.089   703   703 I Watchdog: Pausing HandlerChecker: main thread for reason: moveab. Pause count: 1
06-13 13:37:15.089   703   703 D OTADexopt: No upgrade, skipping A/B artifacts check.
06-13 13:37:15.089   703   703 I Watchdog: Resuming HandlerChecker: main thread for reason: moveab. Pause count: 0
06-13 13:37:15.089   703   703 V SystemServerTiming: StartOtaDexOptService took to complete: 1ms
06-13 13:37:15.089   703   703 D SystemServerTiming: StartUserManagerService
06-13 13:37:15.089   703   703 I SystemServiceManager: Starting com.android.server.pm.UserManagerService$LifeCycle
06-13 13:37:15.090   703   703 V SystemServerTiming: StartUserManagerService took to complete: 0ms
06-13 13:37:15.090   703   703 D SystemServerTiming: InitAttributerCache
06-13 13:37:15.090   703   703 V SystemServerTiming: InitAttributerCache took to complete: 0ms
06-13 13:37:15.090   703   703 D SystemServerTiming: SetSystemProcess
06-13 13:37:15.090   703   799 V LegacyHistoricalRegistry: Interaction before persistence initialized
06-13 13:37:15.094   224   224 I BpBinder: onLastStrongRef automatically unlinking death recipients:
06-13 13:37:15.095   224   224 I servicemanager: Caller(pid=519,uid=1041,sid=u:r:audioserver:s0) Since 'sensor_privacy' could not be found trying to start it as a lazy AIDL service. (if it's not configured to be a lazy service, it may be stuck starting or still starting).
06-13 13:37:15.096     1     1 E init    : Control message: Could not find 'aidl/sensor_privacy' for ctl.interface_start from pid: 224 (/system/bin/servicemanager)
06-13 13:37:15.096   802   802 I servicemanager: Caller(pid=519,uid=1041,sid=u:r:audioserver:s0) Tried to start aidl service sensor_privacy as a lazy service, but was unable to. Usually this happens when a service is not installed, but if the service is intended to be used as a lazy service, then it may be configured incorrectly.
06-13 13:37:15.093   703   703 D ActivityManager: StatsPullAtomService not ready yet
06-13 13:37:15.093   703   766 I ActivityManager: Connection with lmkd established
06-13 13:37:15.094   703   703 D ActivityManager: StatsPullAtomService not ready yet
06-13 13:37:15.094   703   703 V SystemServerTiming: SetSystemProcess took to complete: 5ms
06-13 13:37:15.096   703   703 D SystemServerTiming: InitWatchdog
06-13 13:37:15.096   703   703 V SystemServerTiming: InitWatchdog took to complete: 0ms
06-13 13:37:15.096   703   703 D SystemServerTiming: StartOverlayManagerService
06-13 13:37:15.098   703   703 I OverlayManager: Updating overlays for starting user 0
06-13 13:37:15.132   623   806 I storaged: storaged: Start
06-13 13:37:15.190   703   797 V SystemServerTimingAsync: AppDataFixup took to complete: 134ms
06-13 13:37:15.190   703   797 W PackageManager: Skipping preparing app data for com.google.android.tzdata6
06-13 13:37:15.190   703   797 W PackageManager: Skipping preparing app data for com.google.android.ondevicepersonalization
06-13 13:37:15.190   703   797 W PackageManager: Skipping preparing app data for com.android.hardware.authsecret
06-13 13:37:15.190   703   797 W PackageManager: Skipping preparing app data for com.android.hardware.power
06-13 13:37:15.190   703   797 W PackageManager: Skipping preparing app data for com.google.android.media.swcodec
06-13 13:37:15.190   703   797 W PackageManager: Skipping preparing app data for com.google.android.os.statsd
06-13 13:37:15.190   703   797 W PackageManager: Skipping preparing app data for com.google.android.widevine.nonupdatable
06-13 13:37:15.190   703   797 W PackageManager: Skipping preparing app data for com.android.hardware.threadnetwork
06-13 13:37:15.190   703   797 W PackageManager: Skipping preparing app data for com.google.android.extservices
06-13 13:37:15.190   703   797 W PackageManager: Skipping preparing app data for com.android.hardware.rebootescrow
06-13 13:37:15.190   703   797 W PackageManager: Skipping preparing app data for com.google.android.sdksandbox
06-13 13:37:15.190   703   797 W PackageManager: Skipping preparing app data for com.google.android.bt
06-13 13:37:15.190   703   797 W PackageManager: Skipping preparing app data for com.google.android.healthfitness
06-13 13:37:15.190   703   797 W PackageManager: Skipping preparing app data for com.google.android.ipsec
06-13 13:37:15.190   703   797 W PackageManager: Skipping preparing app data for com.google.android.media
06-13 13:37:15.190   703   797 W PackageManager: Skipping preparing app data for com.google.android.uprobestats
06-13 13:37:15.190   703   797 W PackageManager: Skipping preparing app data for com.android.i18n
06-13 13:37:15.190   703   797 W PackageManager: Skipping preparing app data for com.android.virt
06-13 13:37:15.190   703   797 W PackageManager: Skipping preparing app data for com.android.hardware.contexthub
06-13 13:37:15.190   703   797 W PackageManager: Skipping preparing app data for com.google.android.nfcservices
06-13 13:37:15.190   703   797 W PackageManager: Skipping preparing app data for com.android.hardware.dumpstate
06-13 13:37:15.190   703   797 W PackageManager: Skipping preparing app data for com.google.android.appsearch
06-13 13:37:15.190   703   797 W PackageManager: Skipping preparing app data for com.google.android.configinfrastructure
06-13 13:37:15.190   703   797 W PackageManager: Skipping preparing app data for com.android.devicelock
06-13 13:37:15.190   703   797 W PackageManager: Skipping preparing app data for com.google.android.cellbroadcast
06-13 13:37:15.190   703   797 W PackageManager: Skipping preparing app data for com.android.apex.cts.shim
06-13 13:37:15.190   703   797 W PackageManager: Skipping preparing app data for com.android.hardware.gatekeeper
06-13 13:37:15.190   703   797 W PackageManager: Skipping preparing app data for com.google.android.resolv
06-13 13:37:15.190   703   797 W PackageManager: Skipping preparing app data for com.google.android.sdkext
06-13 13:37:15.190   703   797 W PackageManager: Skipping preparing app data for com.google.android.art
06-13 13:37:15.191   703   797 W PackageManager: Skipping preparing app data for com.google.android.uwb
06-13 13:37:15.191   703   797 W PackageManager: Skipping preparing app data for com.google.android.runtime
06-13 13:37:15.191   703   797 W PackageManager: Skipping preparing app data for com.android.hardware.cas
06-13 13:37:15.191   703   797 W PackageManager: Skipping preparing app data for com.android.hardware.uwb
06-13 13:37:15.191   703   797 W PackageManager: Skipping preparing app data for com.google.android.adservices
06-13 13:37:15.191   703   797 W PackageManager: Skipping preparing app data for com.google.android.crashrecovery
06-13 13:37:15.191   703   797 W PackageManager: Skipping preparing app data for com.google.android.scheduling
06-13 13:37:15.191   703   797 W PackageManager: Skipping preparing app data for com.android.hardware.thermal
06-13 13:37:15.191   703   797 W PackageManager: Skipping preparing app data for com.google.android.mediaprovider
06-13 13:37:15.191   703   797 W PackageManager: Skipping preparing app data for com.android.hardware.neuralnetworks
06-13 13:37:15.191   703   797 W PackageManager: Skipping preparing app data for com.google.android.permission
06-13 13:37:15.191   703   797 W PackageManager: Skipping preparing app data for com.google.android.profiling
06-13 13:37:15.191   703   797 W PackageManager: Skipping preparing app data for com.google.android.neuralnetworks
06-13 13:37:15.191   703   797 W PackageManager: Skipping preparing app data for com.google.android.tethering
06-13 13:37:15.191   703   797 W PackageManager: Skipping preparing app data for com.google.android.adbd
06-13 13:37:15.191   703   797 W PackageManager: Skipping preparing app data for com.google.android.rkpd
06-13 13:37:15.191   703   797 W PackageManager: Skipping preparing app data for com.google.android.wifi
06-13 13:37:15.191   703   797 W PackageManager: Skipping preparing app data for com.google.android.conscrypt
06-13 13:37:15.191   703   797 W PackageManager: Skipping preparing app data for com.android.hardware.vibrator
06-13 13:37:15.203   703   703 V SystemServerTiming: StartOverlayManagerService took to complete: 106ms
06-13 13:37:15.203   703   703 D SystemServerTiming: StartResourcesManagerService
06-13 13:37:15.203   703   703 V SystemServerTiming: StartResourcesManagerService took to complete: 1ms
06-13 13:37:15.203   703   703 D SystemServerTiming: StartSensorPrivacyService
06-13 13:37:15.203   703   754 V Configuration: Updating configuration, locales updated from [] to [en_US]
06-13 13:37:15.204   703   754 W ActivityTaskManager: Skip updateConfiguration because mWindowManager isn't set
06-13 13:37:15.205   703   754 W BroadcastLoopers: Found previously unknown looper Thread[android.fg,5,main]
06-13 13:37:15.205   703   703 V SystemServerTiming: StartSensorPrivacyService took to complete: 2ms
06-13 13:37:15.205   703   703 D SystemServerTiming: StartSensorService
06-13 13:37:15.205   703   703 I SystemServiceManager: Starting com.android.server.sensors.SensorService
06-13 13:37:15.205   703   703 V SystemServerTiming: StartSensorService took to complete: 0ms
06-13 13:37:15.205   703   703 V SystemServerTiming: startBootstrapServices took to complete: 494ms
06-13 13:37:15.205   703   703 D SystemServerTiming: startCoreServices
06-13 13:37:15.205   703   703 D SystemServerTiming: StartSystemConfigService
06-13 13:37:15.205   703   703 I SystemServiceManager: Starting com.android.server.SystemConfigService
06-13 13:37:15.205   703   812 D SystemServerTimingAsync: InitThreadPoolExec:StartNativeSensorService
06-13 13:37:15.206   703   812 D SystemServerInitThreadPool: Started executing StartNativeSensorService
06-13 13:37:15.206   703   812 D SystemServerTimingAsync: StartNativeSensorService
06-13 13:37:15.207   703   703 V SystemServerTiming: StartSystemConfigService took to complete: 1ms
06-13 13:37:15.207   703   703 D SystemServerTiming: StartBatteryService
06-13 13:37:15.207   703   703 I SystemServiceManager: Starting com.android.server.BatteryService
06-13 13:37:15.210   224   224 I servicemanager: Caller(pid=703,uid=1000,sid=u:r:system_server:s0) Found android.hardware.sensors.ISensors/default in device VINTF manifest.
06-13 13:37:15.212   224   224 I servicemanager: Caller(pid=703,uid=1000,sid=u:r:system_server:s0) Found android.hardware.health.IHealth/default in device VINTF manifest.
06-13 13:37:15.212   224   224 I BpBinder: onLastStrongRef automatically unlinking death recipients:
06-13 13:37:15.208   703   812 V LegacyHistoricalRegistry: Interaction before persistence initialized
06-13 13:37:15.209   703   812 V SystemServerTimingAsync: StartNativeSensorService took to complete: 4ms
06-13 13:37:15.209   703   812 D SystemServerInitThreadPool: Finished executing StartNativeSensorService
06-13 13:37:15.209   703   812 V SystemServerTimingAsync: InitThreadPoolExec:StartNativeSensorService took to complete: 4ms
06-13 13:37:15.210   703   703 I HealthServiceWrapperAidl: health: HealthServiceWrapper listening to AIDL HAL
06-13 13:37:15.213   478   478 W healthd : battery l=100 v=5000 t=25.0 h=2 st=4 c=900000 fc=3000000 cc=10 chg=
06-13 13:37:15.210   703   703 I BatteryService: health: Waited 0ms and received the update.
06-13 13:37:15.211   703   703 V SystemServerTiming: StartBatteryService took to complete: 5ms
06-13 13:37:15.211   703   703 D SystemServerTiming: StartUsageService
06-13 13:37:15.211   703   703 I SystemServiceManager: Starting com.android.server.usage.UsageStatsService
06-13 13:37:15.213   703   703 V SystemServerTiming: StartUsageService took to complete: 2ms
06-13 13:37:15.213   703   703 D SystemServerTiming: StartWebViewUpdateService
06-13 13:37:15.213   703   703 I SystemServiceManager: Starting com.android.server.webkit.WebViewUpdateService
06-13 13:37:15.213   703   703 V SystemServerTiming: StartWebViewUpdateService took to complete: 0ms
06-13 13:37:15.213   703   703 D SystemServerTiming: StartCachedDeviceStateService
06-13 13:37:15.213   703   703 I SystemServiceManager: Starting com.android.server.CachedDeviceStateService
06-13 13:37:15.213   703   703 V SystemServerTiming: StartCachedDeviceStateService took to complete: 0ms
06-13 13:37:15.213   703   703 D SystemServerTiming: StartBinderCallsStatsService
06-13 13:37:15.213   703   703 I SystemServiceManager: Starting com.android.server.BinderCallsStatsService$LifeCycle
06-13 13:37:15.214   703   703 V SystemServerTiming: StartBinderCallsStatsService took to complete: 0ms
06-13 13:37:15.214   703   703 D SystemServerTiming: StartLooperStatsService
06-13 13:37:15.214   703   703 I SystemServiceManager: Starting com.android.server.LooperStatsService$Lifecycle
06-13 13:37:15.214   703   703 V SystemServerTiming: StartLooperStatsService took to complete: 1ms
06-13 13:37:15.214   703   703 D SystemServerTiming: StartRollbackManagerService
06-13 13:37:15.214   703   703 I SystemServiceManager: Starting com.android.server.rollback.RollbackManagerService
06-13 13:37:15.215   703   703 I PackageWatchdog: Syncing state, reason: added new observer
06-13 13:37:15.215   703   703 I PackageWatchdog: Not pruning observers, elapsed time: 0ms
06-13 13:37:15.215   703   703 I PackageWatchdog: Cancelling state sync, nothing to sync
06-13 13:37:15.215   703   773 I PackageWatchdog: Saving observer state to file
06-13 13:37:15.216   703   797 V SystemServerTimingAsync: AppDataPrepare took to complete: 26ms
06-13 13:37:15.216   703   797 I PackageManager: Deferred reconcileAppsData finished 270 packages
06-13 13:37:15.216   703   797 D SystemServerInitThreadPool: Finished executing prepareAppData
06-13 13:37:15.216   703   797 V SystemServerTimingAsync: InitThreadPoolExec:prepareAppData took to complete: 160ms
06-13 13:37:15.218   703   703 V SystemServerTiming: StartRollbackManagerService took to complete: 3ms
06-13 13:37:15.218   703   703 D SystemServerTiming: StartNativeTombstoneManagerService
06-13 13:37:15.218   703   703 I SystemServiceManager: Starting com.android.server.os.NativeTombstoneManagerService
06-13 13:37:15.218   703   703 V SystemServerTiming: StartNativeTombstoneManagerService took to complete: 1ms
06-13 13:37:15.218   703   703 D SystemServerTiming: StartBugreportManagerService
06-13 13:37:15.218   703   703 I SystemServiceManager: Starting com.android.server.os.BugreportManagerService
06-13 13:37:15.218   703   703 V SystemServerTiming: StartBugreportManagerService took to complete: 0ms
06-13 13:37:15.218   703   703 D SystemServerTiming: GpuService
06-13 13:37:15.218   703   703 I SystemServiceManager: Starting com.android.server.gpu.GpuService
06-13 13:37:15.218   703   703 V SystemServerTiming: GpuService took to complete: 0ms
06-13 13:37:15.218   703   703 D SystemServerTiming: StartRemoteProvisioningService
06-13 13:37:15.218   703   703 I SystemServiceManager: Starting com.android.server.security.rkp.RemoteProvisioningService
06-13 13:37:15.219   703   703 V SystemServerTiming: StartRemoteProvisioningService took to complete: 0ms
06-13 13:37:15.219   703   703 D SystemServerTiming: CpuMonitorService
06-13 13:37:15.219   703   703 I SystemServiceManager: Starting com.android.server.cpu.CpuMonitorService
06-13 13:37:15.220   703   703 I CpuMonitorService: Starting debug monitoring
06-13 13:37:15.220   703   703 V SystemServerTiming: CpuMonitorService took to complete: 2ms
06-13 13:37:15.220   703   703 V SystemServerTiming: startCoreServices took to complete: 15ms
06-13 13:37:15.220   703   703 D SystemServerTiming: startOtherServices
06-13 13:37:15.220   703   703 D SystemServerTiming: StartKeyAttestationApplicationIdProviderService
06-13 13:37:15.220   703   826 D SystemServerTimingAsync: InitThreadPoolExec:SecondaryZygotePreload
06-13 13:37:15.221   703   703 V SystemServerTiming: StartKeyAttestationApplicationIdProviderService took to complete: 0ms
06-13 13:37:15.221   703   826 D SystemServerInitThreadPool: Started executing SecondaryZygotePreload
06-13 13:37:15.221   703   826 I SystemServer: SecondaryZygotePreload
06-13 13:37:15.221   703   703 D SystemServerTiming: StartKeyChainSystemService
06-13 13:37:15.221   703   826 D SystemServerTimingAsync: SecondaryZygotePreload
06-13 13:37:15.221   703   826 V SystemServerTimingAsync: SecondaryZygotePreload took to complete: 0ms
06-13 13:37:15.221   703   826 D SystemServerInitThreadPool: Finished executing SecondaryZygotePreload
06-13 13:37:15.221   703   826 V SystemServerTimingAsync: InitThreadPoolExec:SecondaryZygotePreload took to complete: 0ms
06-13 13:37:15.221   703   703 I SystemServiceManager: Starting com.android.server.security.KeyChainSystemService
06-13 13:37:15.221   703   825 W CpuMonitorService: Skipping reading from device and returning the last read CpuInfos. Last read was 1 ms ago, min read interval is 500 ms
06-13 13:37:15.221   703   703 V SystemServerTiming: StartKeyChainSystemService took to complete: 0ms
06-13 13:37:15.221   703   703 D SystemServerTiming: StartBinaryTransparencyService
