06-13 13:37:13.233     1     1 I init    : processing action (bootreceiver.enable=1 && ro.product.cpu.abilist64=*) from (/system/etc/init/hw/init.rc:635)
06-13 13:37:13.237     1     1 I init    : Service 'misctrl' (pid 524) exited with status 1 oneshot service took 0.011000 seconds in background
06-13 13:37:13.237     1     1 I init    : Sending signal 9 to service 'misctrl' (pid 524) process group...
06-13 13:37:13.237     1     1 I libprocessgroup: Removed cgroup /sys/fs/cgroup/system/uid_0/pid_524
06-13 13:37:13.246     1     1 I init    : processing action (net.tcp_def_init_rwnd=*) from (/system/etc/init/hw/init.rc:1245)
06-13 13:37:13.246     1     1 I init    : processing action (security.perf_harden=1) from (/system/etc/init/hw/init.rc:1270)
06-13 13:37:13.246     1     1 I init    : processing action (ro.debuggable=1) from (/system/etc/init/hw/init.rc:1307)
06-13 13:37:13.246     1     1 I init    : processing action (sys.usb.config=adb && sys.usb.configfs=0) from (/system/etc/init/hw/init.usb.rc:41)
06-13 13:37:13.246     1     1 I init    : Command 'write /sys/class/android_usb/android0/enable 0' action=sys.usb.config=adb && sys.usb.configfs=0 (/system/etc/init/hw/init.usb.rc:42) took 0ms and failed: Unable to write to file '/sys/class/android_usb/android0/enable': open() failed: Permission denied
06-13 13:37:13.246     1     1 I init    : Command 'write /sys/class/android_usb/android0/idVendor 18d1' action=sys.usb.config=adb && sys.usb.configfs=0 (/system/etc/init/hw/init.usb.rc:43) took 0ms and failed: Unable to write to file '/sys/class/android_usb/android0/idVendor': open() failed: Permission denied
06-13 13:37:13.246     1     1 I init    : Command 'write /sys/class/android_usb/android0/idProduct 4EE7' action=sys.usb.config=adb && sys.usb.configfs=0 (/system/etc/init/hw/init.usb.rc:44) took 0ms and failed: Unable to write to file '/sys/class/android_usb/android0/idProduct': open() failed: Permission denied
06-13 13:37:13.246     1     1 I init    : Command 'write /sys/class/android_usb/android0/functions ${sys.usb.config}' action=sys.usb.config=adb && sys.usb.configfs=0 (/system/etc/init/hw/init.usb.rc:45) took 0ms and failed: Unable to write to file '/sys/class/android_usb/android0/functions': open() failed: Permission denied
06-13 13:37:13.246     1     1 I init    : Command 'write /sys/class/android_usb/android0/enable 1' action=sys.usb.config=adb && sys.usb.configfs=0 (/system/etc/init/hw/init.usb.rc:46) took 0ms and failed: Unable to write to file '/sys/class/android_usb/android0/enable': open() failed: Permission denied
06-13 13:37:13.247   224   224 I servicemanager: Caller(pid=504,uid=9999,sid=u:r:hal_power_default:s0) Found android.hardware.power.IPower/default in device VINTF manifest.
06-13 13:37:13.248   224   224 I servicemanager: Caller(pid=468,uid=0,sid=u:r:netd:s0) Found android.system.net.netd.INetd/default in framework VINTF manifest.
06-13 13:37:13.248     1     1 I init    : starting service 'adbd'...
06-13 13:37:13.248     1     1 I init    : Created socket '/dev/socket/adbd', mode 660, user 1000, group 1000
06-13 13:37:13.251     1     1 I init    : ... started service 'adbd' has pid 539
06-13 13:37:13.252     1     1 I init    : processing action (vendor.qemu.timezone=*) from (/vendor/etc/init/hw/init.ranchu.rc:112)
06-13 13:37:13.256     1     1 I init    : processing action (vendor.qemu.vport.bluetooth=*) from (/vendor/etc/init/hw/init.ranchu.rc:175)
06-13 13:37:13.256     1     1 I init    : processing action (vendor.qemu.vport.uwb=*) from (/vendor/etc/init/hw/init.ranchu.rc:183)
06-13 13:37:13.256     1     1 I init    : Command 'symlink ${vendor.qemu.vport.uwb} /dev/hvc2' action=vendor.qemu.vport.uwb=* (/vendor/etc/init/hw/init.ranchu.rc:184) took 0ms and failed: symlink() failed: File exists
06-13 13:37:13.257     1     1 I init    : starting service 'vendor.uwb_hal'...
06-13 13:37:13.259   224   224 I servicemanager: Caller(pid=517,uid=9999,sid=u:r:hal_vibrator_default:s0) Found android.hardware.vibrator.IVibrator/default in device VINTF manifest.
06-13 13:37:13.259   224   224 I servicemanager: Caller(pid=517,uid=9999,sid=u:r:hal_vibrator_default:s0) Found android.hardware.vibrator.IVibratorManager/default in device VINTF manifest.
06-13 13:37:13.259   224   224 I servicemanager: Caller(pid=477,uid=1000,sid=u:r:hal_graphics_allocator_default:s0) Found android.hardware.graphics.allocator.IAllocator/default in device VINTF manifest.
06-13 13:37:13.259     1     1 I init    : ... started service 'vendor.uwb_hal' has pid 540
06-13 13:37:13.260     1     1 I init    : Service 'exec 14 (/system/bin/gsid run-startup-tasks)' (pid 526) exited with status 0 oneshot service took 0.032000 seconds in background
06-13 13:37:13.260     1     1 I init    : Sending signal 9 to service 'exec 14 (/system/bin/gsid run-startup-tasks)' (pid 526) process group...
06-13 13:37:13.260     1     1 I libprocessgroup: Removed cgroup /sys/fs/cgroup/system/uid_0/pid_526
06-13 13:37:13.260     1     1 I init    : processing action (apexd.status=ready && ro.product.cpu.abilist64=*) from (/system/etc/init/hw/init.boringssl.zygote64.rc:3)
06-13 13:37:13.265     1     1 I init    : starting service 'boringssl_self_test_apex64'...
06-13 13:37:13.266     1     1 I init    : ... started service 'boringssl_self_test_apex64' has pid 543
06-13 13:37:13.266     1     1 I init    : SVC_EXEC service 'boringssl_self_test_apex64' pid 543 (uid 9999 gid 0+0 context default) started; waiting...
06-13 13:37:13.266   224   224 I servicemanager: Caller(pid=486,uid=1000,sid=u:r:hal_graphics_composer_default:s0) Found android.hardware.graphics.composer3.IComposer/default in device VINTF manifest.
06-13 13:37:13.273   224   224 I servicemanager: Caller(pid=475,uid=1000,sid=u:r:hal_camera_default:s0) Found android.hardware.camera.provider.ICameraProvider/internal/1 in device VINTF manifest.
06-13 13:37:13.281   224   224 I servicemanager: Caller(pid=474,uid=1041,sid=u:r:hal_audio_default:s0) Found android.hardware.bluetooth.audio.IBluetoothAudioProviderFactory/default in device VINTF manifest.
06-13 13:37:13.297   224   224 I servicemanager: Caller(pid=540,uid=1083,sid=u:r:hal_uwb_default:s0) Found android.hardware.uwb.IUwb/default in device VINTF manifest.
06-13 13:37:13.299   224   224 I servicemanager: Caller(pid=498,uid=1000,sid=u:r:hal_neuralnetworks_sample:s0) Found android.hardware.neuralnetworks.IDevice/nnapi-sample_quant in device VINTF manifest.
06-13 13:37:13.302   224   224 I servicemanager: Caller(pid=496,uid=1000,sid=u:r:hal_neuralnetworks_sample:s0) Found android.hardware.neuralnetworks.IDevice/nnapi-sample_all in device VINTF manifest.
06-13 13:37:13.312     1     1 I init    : starting service 'mdnsd'...
06-13 13:37:13.312     1     1 I init    : Created socket '/dev/socket/mdnsd', mode 660, user 1020, group 3003
06-13 13:37:13.313     1     1 I init    : ... started service 'mdnsd' has pid 568
06-13 13:37:13.313     1     1 I init    : Control message: Processed ctl.start for 'mdnsd' from pid: 539 (/apex/com.android.adbd/bin/adbd --root_seclabel=u:r:su:s0 --tim_seclabel=u:r:adbd_tradeinmode:s0)
06-13 13:37:13.315   224   224 I servicemanager: Caller(pid=500,uid=1000,sid=u:r:hal_neuralnetworks_sample:s0) Found android.hardware.neuralnetworks.IDevice/nnapi-sample_sl_shim in device VINTF manifest.
06-13 13:37:13.330   224   224 I servicemanager: Caller(pid=518,uid=1013,sid=u:r:hal_drm_widevine:s0) Found android.hardware.drm.IDrmFactory/widevine in device VINTF manifest.
06-13 13:37:13.335     1     1 I init    : Service 'exec 15 (/system/bin/profcollectctl reset)' (pid 532) exited with status 0 oneshot service took 0.106000 seconds in background
06-13 13:37:13.335     1     1 I init    : Sending signal 9 to service 'exec 15 (/system/bin/profcollectctl reset)' (pid 532) process group...
06-13 13:37:13.335     1     1 I libprocessgroup: Removed cgroup /sys/fs/cgroup/system/uid_0/pid_532
06-13 13:37:13.377   224   224 I servicemanager: Caller(pid=519,uid=1041,sid=u:r:audioserver:s0) Could not find android.hardware.audio.core.IModule/default in the VINTF manifest. No alternative instances declared in VINTF.
06-13 13:37:13.377   224   224 I servicemanager: Caller(pid=519,uid=1041,sid=u:r:audioserver:s0) Could not find android.hardware.audio.effect.IFactory/default in the VINTF manifest. No alternative instances declared in VINTF.
06-13 13:37:13.388   224   224 I servicemanager: Caller(pid=476,uid=1000,sid=u:r:hal_camera_default:s0) Found android.hardware.camera.provider.ICameraProvider/internal/0 in device VINTF manifest.
06-13 13:37:13.405   224   224 I servicemanager: Caller(pid=519,uid=1041,sid=u:r:audioserver:s0) Could not find android.hardware.audio.effect.IFactory/default in the VINTF manifest. No alternative instances declared in VINTF.
06-13 13:37:13.405   224   224 I servicemanager: Caller(pid=519,uid=1041,sid=u:r:audioserver:s0) Could not find android.hardware.audio.core.IModule/default in the VINTF manifest. No alternative instances declared in VINTF.
06-13 13:37:13.434   224   224 I servicemanager: Caller(pid=525,uid=1000,sid=u:r:surfaceflinger:s0) Found android.hardware.graphics.composer3.IComposer/default in device VINTF manifest.
06-13 13:37:13.434   224   224 I servicemanager: Caller(pid=486,uid=1000,sid=u:r:hal_graphics_composer_default:s0) Found android.hardware.graphics.allocator.IAllocator/default in device VINTF manifest.
06-13 13:37:13.435   224   224 I servicemanager: Caller(pid=486,uid=1000,sid=u:r:hal_graphics_composer_default:s0) Found android.hardware.graphics.allocator.IAllocator/default in device VINTF manifest.
06-13 13:37:13.435   224   224 I servicemanager: Caller(pid=486,uid=1000,sid=u:r:hal_graphics_composer_default:s0) Found mapper/ranchu in device VINTF manifest.
06-13 13:37:13.446   224   224 I servicemanager: Caller(pid=525,uid=1000,sid=u:r:surfaceflinger:s0) Found android.hardware.graphics.allocator.IAllocator/default in device VINTF manifest.
06-13 13:37:13.446   224   224 I servicemanager: Caller(pid=525,uid=1000,sid=u:r:surfaceflinger:s0) Found android.hardware.graphics.allocator.IAllocator/default in device VINTF manifest.
06-13 13:37:13.447   224   224 I servicemanager: Caller(pid=525,uid=1000,sid=u:r:surfaceflinger:s0) Found mapper/ranchu in device VINTF manifest.
06-13 13:37:13.450     1     1 I init    : starting service 'bootanim'...
06-13 13:37:13.451     1     1 I init    : ... started service 'bootanim' has pid 606
06-13 13:37:13.451     1     1 I init    : Control message: Processed ctl.start for 'bootanim' from pid: 525 (/system/bin/surfaceflinger)
06-13 13:37:13.472     1     1 I init    : Service 'boringssl_self_test_apex64' (pid 543) exited with status 0 waiting took 0.206000 seconds
06-13 13:37:13.472     1     1 I init    : Sending signal 9 to service 'boringssl_self_test_apex64' (pid 543) process group...
06-13 13:37:13.472     1     1 I libprocessgroup: Removed cgroup /sys/fs/cgroup/system/uid_9999/pid_543
06-13 13:37:13.472     1     1 I init    : processing action (init.svc.audioserver=running) from (/system/etc/init/audioserver.rc:43)
06-13 13:37:13.472     1     1 I init    : service 'vendor.audio-hal' requested start, but it is already running (flags: 4)
06-13 13:37:13.472     1     1 I init    : Command 'start vendor.audio-hal-aidl' action=init.svc.audioserver=running (/system/etc/init/audioserver.rc:45) took 0ms and failed: service vendor.audio-hal-aidl not found
06-13 13:37:13.472     1     1 I init    : Command 'start vendor.audio-effect-hal-aidl' action=init.svc.audioserver=running (/system/etc/init/audioserver.rc:46) took 0ms and failed: service vendor.audio-effect-hal-aidl not found
06-13 13:37:13.472     1     1 I init    : Command 'start vendor.audio-hal-4-0-msd' action=init.svc.audioserver=running (/system/etc/init/audioserver.rc:47) took 0ms and failed: service vendor.audio-hal-4-0-msd not found
06-13 13:37:13.472     1     1 I init    : Command 'start audio_proxy_service' action=init.svc.audioserver=running (/system/etc/init/audioserver.rc:48) took 0ms and failed: service audio_proxy_service not found
06-13 13:37:13.472     1     1 I init    : processing action (ro.persistent_properties.ready=true) from (/system/etc/init/bootstat.rc:57)
06-13 13:37:13.472     1     1 I init    : processing action (ro.persistent_properties.ready=true) from (/system/etc/init/bootstat.rc:61)
06-13 13:37:13.472     1     1 I init    : starting service 'exec 16 (/system/bin/bootstat --set_system_boot_reason)'...
06-13 13:37:13.473     1     1 I init    : ... started service 'exec 16 (/system/bin/bootstat --set_system_boot_reason)' has pid 608
06-13 13:37:13.473     1     1 I init    : processing action (bootreceiver.enable=1 && ro.product.cpu.abilist64=*) from (/system/etc/init/dmesgd.rc:7)
06-13 13:37:13.473     1     1 I init    : processing action (drm.service.enabled=true) from (/system/etc/init/drmserver.rc:8)
06-13 13:37:13.473     1     1 I init    : starting service 'drm'...
06-13 13:37:13.475     1     1 I init    : ... started service 'drm' has pid 609
06-13 13:37:13.475     1     1 I init    : processing action (persist.heapprofd.enable= && traced.lazy.heapprofd=) from (/system/etc/init/heapprofd.rc:49)
06-13 13:37:13.475     1     1 I init    : processing action (ro.debuggable=1) from (/system/etc/init/llkd-debuggable.rc:1)
06-13 13:37:13.475     1     1 I init    : processing action (ro.debuggable=*) from (/system/etc/init/llkd.rc:2)
06-13 13:37:13.476     1     1 I init    : processing action (persist.device_config.lmkd_native.thrashing_limit_critical=*) from (/system/etc/init/lmkd.rc:47)
06-13 13:37:13.477     1     1 I init    : processing action (debug.atrace.user_initiated= && persist.traced.enable=1) from (/system/etc/init/perfetto.rc:63)
06-13 13:37:13.477     1     1 I init    : starting service 'traced_probes'...
06-13 13:37:13.482     1     1 I init    : ... started service 'traced_probes' has pid 610
06-13 13:37:13.482     1     1 I init    : processing action (persist.traced.enable=1) from (/system/etc/init/perfetto.rc:75)
06-13 13:37:13.482     1     1 I init    : Service 'exec 16 (/system/bin/bootstat --set_system_boot_reason)' (pid 608) exited with status 0 oneshot service took 0.009000 seconds in background
06-13 13:37:13.482     1     1 I init    : Sending signal 9 to service 'exec 16 (/system/bin/bootstat --set_system_boot_reason)' (pid 608) process group...
06-13 13:37:13.482     1     1 I libprocessgroup: Removed cgroup /sys/fs/cgroup/system/uid_1000/pid_608
06-13 13:37:13.483     1     1 I init    : starting service 'traced'...
06-13 13:37:13.483     1     1 I init    : Created socket '/dev/socket/traced_consumer', mode 666, user 0, group 0
06-13 13:37:13.483     1     1 I init    : Created socket '/dev/socket/traced_producer', mode 666, user 0, group 0
06-13 13:37:13.484     1     1 I init    : ... started service 'traced' has pid 611
06-13 13:37:13.484     1     1 I init    : service 'traced_probes' requested start, but it is already running (flags: 132)
06-13 13:37:13.484     1     1 I init    : processing action (ro.persistent_properties.ready=true) from (/system/etc/init/perfetto.rc:128)
06-13 13:37:13.484     1     1 I init    : processing action (persist.debug.perfetto.persistent_sysui_tracing_for_bugreport=) from (/system/etc/init/perfetto.rc:187)
06-13 13:37:13.484     1     1 I init    : processing action (persist.traced_perf.enable= && sys.init.perf_lsm_hooks=1 && traced.lazy.traced_perf=) from (/system/etc/init/traced_perf.rc:44)
06-13 13:37:13.484     1     1 I init    : processing action (init.svc.ranchu-adb-setup=stopped) from (/system_ext/etc/init/init.system_ext.rc:1)
06-13 13:37:13.484     1     1 I init    : service 'adbd' requested start, but it is already running (flags: 132)
06-13 13:37:13.484     1     1 I init    : processing action (apex.all.ready=true) from (/apex/com.google.android.widevine/etc/com.google.android.widevine.rc:1)
06-13 13:37:13.484     1     1 I init    : processing action (nonencrypted) from (/system/etc/init/hw/init.rc:1217)
06-13 13:37:13.485     1     1 I init    : starting service 'goldfish-logcat'...
06-13 13:37:13.485     1     1 I init    : ... started service 'goldfish-logcat' has pid 612
06-13 13:37:13.485     1     1 I init    : starting service 'bt_vhci_forwarder'...
06-13 13:37:13.487     1     1 I init    : ... started service 'bt_vhci_forwarder' has pid 613
06-13 13:37:13.487     1     1 I init    : service 'zygote' requested start, but it is already running (flags: 4)
06-13 13:37:13.487     1     1 I init    : starting service 'cameraserver'...
06-13 13:37:13.488     1     1 I init    : ... started service 'cameraserver' has pid 614
06-13 13:37:13.489     1     1 I init    : service 'drm' requested start, but it is already running (flags: 132)
06-13 13:37:13.489     1     1 I init    : starting service 'idmap2d'...
06-13 13:37:13.489     1     1 I init    : ... started service 'idmap2d' has pid 615
06-13 13:37:13.490     1     1 I init    : starting service 'incidentd'...
06-13 13:37:13.491     1     1 I init    : ... started service 'incidentd' has pid 616
06-13 13:37:13.491     1     1 I init    : starting service 'installd'...
06-13 13:37:13.492     1     1 I init    : ... started service 'installd' has pid 617
06-13 13:37:13.492     1     1 I init    : service 'mdnsd' requested start, but it is already running (flags: 134)
06-13 13:37:13.492     1     1 I init    : starting service 'mediaextractor'...
06-13 13:37:13.493     1     1 I init    : ... started service 'mediaextractor' has pid 619
06-13 13:37:13.493     1     1 I init    : starting service 'mediametrics'...
06-13 13:37:13.494     1     1 I init    : ... started service 'mediametrics' has pid 620
06-13 13:37:13.494     1     1 I init    : starting service 'media'...
06-13 13:37:13.494   235   235 I logd    : logdr: UID=1036 GID=0 PID=612 b tail=0 logMask=99 pid=0 start=0ns deadline=0ns
06-13 13:37:13.496     1     1 I init    : ... started service 'media' has pid 622
06-13 13:37:13.496     1     1 I init    : service 'netd' requested start, but it is already running (flags: 4)
06-13 13:37:13.496     1     1 I init    : starting service 'storaged'...
06-13 13:37:13.497     1     1 I init    : ... started service 'storaged' has pid 623
06-13 13:37:13.497     1     1 I init    : starting service 'wificond'...
06-13 13:37:13.498     1     1 I init    : ... started service 'wificond' has pid 625
06-13 13:37:13.530     1     1 I init    : starting service 'media.swcodec'...
06-13 13:37:13.531     1     1 I init    : ... started service 'media.swcodec' has pid 630
06-13 13:37:13.531     1     1 I init    : service 'statsd' requested start, but it is already running (flags: 4)
06-13 13:37:13.531     1     1 I init    : starting service 'gatekeeperd'...
06-13 13:37:13.532   224   224 I servicemanager: Caller(pid=625,uid=1010,sid=u:r:wificond:s0) Could not find android.hardware.net.nlinterceptor.IInterceptor/default in the VINTF manifest. No alternative instances declared in VINTF.
06-13 13:37:13.532     1     1 I init    : ... started service 'gatekeeperd' has pid 631
06-13 13:37:13.532     1     1 I init    : service 'traced' requested start, but it is already running (flags: 132)
06-13 13:37:13.532     1     1 I init    : service 'traced_probes' requested start, but it is already running (flags: 132)
06-13 13:37:13.532     1     1 I init    : starting service 'usbd'...
06-13 13:37:13.534     1     1 I init    : ... started service 'usbd' has pid 632
06-13 13:37:13.534     1     1 I init    : processing action (load_persist_props_action) from (/system/etc/init/flags_health_check.rc:1)
06-13 13:37:13.557     1     1 I init    : Verified that /data/server_configurable_flags has the encryption policy 682392fda0d0848a9c06fcfd3a23dda2 v2 modes 1/4 flags 0x2
06-13 13:37:13.557     1     1 I init    : starting service 'exec 17 (/system/bin/flags_health_check BOOT_FAILURE)'...
06-13 13:37:13.558     1     1 I init    : ... started service 'exec 17 (/system/bin/flags_health_check BOOT_FAILURE)' has pid 636
06-13 13:37:13.558     1     1 I init    : SVC_EXEC service 'exec 17 (/system/bin/flags_health_check BOOT_FAILURE)' pid 636 (uid 1000 gid 1000+0 context default) started; waiting...
06-13 13:37:13.627   224   224 I servicemanager: Caller(pid=623,uid=0,sid=u:r:storaged:s0) Found android.hardware.health.IHealth/default in device VINTF manifest.
06-13 13:37:13.631     1     1 I init    : Service 'exec 17 (/system/bin/flags_health_check BOOT_FAILURE)' (pid 636) exited with status 0 waiting took 0.073000 seconds
06-13 13:37:13.631     1     1 I init    : Sending signal 9 to service 'exec 17 (/system/bin/flags_health_check BOOT_FAILURE)' (pid 636) process group...
06-13 13:37:13.632     1     1 I libprocessgroup: Removed cgroup /sys/fs/cgroup/system/uid_1000/pid_636
06-13 13:37:13.632     1     1 I init    : processing action (load_persist_props_action) from (/system/etc/init/logcatd.rc:29)
06-13 13:37:13.632     1     1 I init    : processing action (llk.enable=0) from (/system/etc/init/llkd.rc:12)
06-13 13:37:13.632     1     1 I init    : processing action (khungtask.enable=1) from (/system/etc/init/llkd.rc:18)
06-13 13:37:13.632     1     1 I init    : processing action (llk.enable=0) from (/system/etc/init/llkd.rc:12)
06-13 13:37:13.632     1     1 I init    : processing action (khungtask.enable=0) from (/system/etc/init/llkd.rc:21)
06-13 13:37:13.632     1     1 I init    : processing action (init.svc.media=*) from (/system/etc/init/mediaserver.rc:1)
06-13 13:37:13.632     1     1 I init    : processing action (khungtask.enable=true) from (/system/etc/init/llkd.rc:25)
06-13 13:37:13.632     1     1 I init    : processing action (khungtask.enable=false) from (/system/etc/init/llkd.rc:31)
06-13 13:37:13.644     1     1 I init    : service 'adbd' requested start, but it is already running (flags: 132)
06-13 13:37:13.644     1     1 I init    : Control message: Processed ctl.start for 'adbd' from pid: 632 (/system/bin/usbd)
06-13 13:37:13.644   224   224 I servicemanager: Caller(pid=632,uid=0,sid=u:r:usbd:s0) Could not find android.hardware.usb.gadget.IUsbGadget/default in the VINTF manifest. No alternative instances declared in VINTF.
06-13 13:37:13.644     1     1 I init    : Service 'usbd' (pid 632) exited with status 0 oneshot service took 0.111000 seconds in background
06-13 13:37:13.645     1     1 I init    : Sending signal 9 to service 'usbd' (pid 632) process group...
06-13 13:37:13.645     1     1 I libprocessgroup: Removed cgroup /sys/fs/cgroup/system/uid_0/pid_632
06-13 13:37:13.655   224   224 I servicemanager: Caller(pid=519,uid=1041,sid=u:r:audioserver:s0) Could not find android.hardware.audio.effect.IFactory/default in the VINTF manifest. No alternative instances declared in VINTF.
06-13 13:37:13.656   224   224 I servicemanager: Caller(pid=519,uid=1041,sid=u:r:audioserver:s0) Could not find android.hardware.audio.core.IModule/default in the VINTF manifest. No alternative instances declared in VINTF.
06-13 13:37:13.674   224   224 I servicemanager: Caller(pid=519,uid=1041,sid=u:r:audioserver:s0) Found android.system.suspend.ISystemSuspend/default in framework VINTF manifest.
06-13 13:37:13.691     1     1 E init    : Control message: Could not find 'android.hardware.media.c2@1.0::IComponentStore/software' for ctl.interface_start from pid: 225 (/system/system_ext/bin/hwservicemanager)
06-13 13:37:13.691     1     1 E init    : Control message: Could not find 'android.hardware.media.c2@1.0::IComponentStore/software' for ctl.interface_start from pid: 225 (/system/system_ext/bin/hwservicemanager)
06-13 13:37:13.704   224   224 I servicemanager: Caller(pid=631,uid=1000,sid=u:r:gatekeeperd:s0) Found android.hardware.gatekeeper.IGatekeeper/default in device VINTF manifest.
06-13 13:37:13.743   224   224 I servicemanager: Caller(pid=519,uid=1041,sid=u:r:audioserver:s0) Could not find android.hardware.audio.effect.IFactory/default in the VINTF manifest. No alternative instances declared in VINTF.
06-13 13:37:13.743   224   224 I servicemanager: Caller(pid=519,uid=1041,sid=u:r:audioserver:s0) Could not find android.hardware.audio.core.IModule/default in the VINTF manifest. No alternative instances declared in VINTF.
06-13 13:37:13.743   224   224 I servicemanager: Caller(pid=630,uid=1046,sid=u:r:mediaswcodec:s0) Found android.hardware.media.c2.IComponentStore/software in framework VINTF manifest.
06-13 13:37:13.743   224   224 I servicemanager: Caller(pid=519,uid=1041,sid=u:r:audioserver:s0) Since 'activity' could not be found trying to start it as a lazy AIDL service. (if it's not configured to be a lazy service, it may be stuck starting or still starting).
06-13 13:37:13.743   224   224 I servicemanager: Caller(pid=630,uid=1046,sid=u:r:mediaswcodec:s0) Found android.hardware.media.c2.IComponentStore/software in framework VINTF manifest.
06-13 13:37:13.744     1     1 E init    : Control message: Could not find 'aidl/activity' for ctl.interface_start from pid: 224 (/system/bin/servicemanager)
06-13 13:37:13.744   673   673 I servicemanager: Caller(pid=519,uid=1041,sid=u:r:audioserver:s0) Tried to start aidl service activity as a lazy service, but was unable to. Usually this happens when a service is not installed, but if the service is intended to be used as a lazy service, then it may be configured incorrectly.
06-13 13:37:13.768   224   224 I servicemanager: Caller(pid=630,uid=1046,sid=u:r:mediaswcodec:s0) Found android.hardware.graphics.allocator.IAllocator/default in device VINTF manifest.
06-13 13:37:13.768   224   224 I servicemanager: Caller(pid=630,uid=1046,sid=u:r:mediaswcodec:s0) Found android.hardware.graphics.allocator.IAllocator/default in device VINTF manifest.
06-13 13:37:13.768   224   224 I servicemanager: Caller(pid=630,uid=1046,sid=u:r:mediaswcodec:s0) Found mapper/ranchu in device VINTF manifest.
06-13 13:37:13.794   224   224 I servicemanager: Caller(pid=606,uid=1003,sid=u:r:bootanim:s0) Found android.hardware.graphics.allocator.IAllocator/default in device VINTF manifest.
06-13 13:37:13.794   224   224 I servicemanager: Caller(pid=606,uid=1003,sid=u:r:bootanim:s0) Found android.hardware.graphics.allocator.IAllocator/default in device VINTF manifest.
06-13 13:37:13.794   224   224 I servicemanager: Caller(pid=606,uid=1003,sid=u:r:bootanim:s0) Found mapper/ranchu in device VINTF manifest.
06-13 13:37:13.861   224   224 I servicemanager: Caller(pid=614,uid=1047,sid=u:r:cameraserver:s0) Found android.frameworks.cameraservice.service.ICameraService/default in framework VINTF manifest.
06-13 13:37:13.861   224   224 I servicemanager: Caller(pid=614,uid=1047,sid=u:r:cameraserver:s0) Found android.frameworks.cameraservice.service.ICameraService/default in framework VINTF manifest.
--------- beginning of system
06-13 13:37:14.721   703   703 D CompatConfig: Adding: com.android.server.compat.config.Change@f25b284
06-13 13:37:14.721   703   703 D CompatConfig: Adding: com.android.server.compat.config.Change@5896a6d
06-13 13:37:14.721   703   703 D CompatConfig: Adding: com.android.server.compat.config.Change@73db6a2
06-13 13:37:14.721   703   703 D CompatConfig: Adding: com.android.server.compat.config.Change@6384f33
06-13 13:37:14.721   703   703 D CompatConfig: Adding: com.android.server.compat.config.Change@28d72f0
06-13 13:37:14.721   703   703 D CompatConfig: Adding: com.android.server.compat.config.Change@4df4069
06-13 13:37:14.721   703   703 D CompatConfig: Adding: com.android.server.compat.config.Change@2e49aee
06-13 13:37:14.721   703   703 D CompatConfig: Adding: com.android.server.compat.config.Change@49eab8f
06-13 13:37:14.721   703   703 D CompatConfig: Adding: com.android.server.compat.config.Change@f6ece1c
06-13 13:37:14.721   703   703 D CompatConfig: Adding: com.android.server.compat.config.Change@aa27a25
06-13 13:37:14.721   703   703 D CompatConfig: Adding: com.android.server.compat.config.Change@60377fa
06-13 13:37:14.721   703   703 D CompatConfig: Adding: com.android.server.compat.config.Change@36471ab
06-13 13:37:14.721   703   703 D CompatConfig: Adding: com.android.server.compat.config.Change@1a8b008
06-13 13:37:14.721   703   703 D CompatConfig: Adding: com.android.server.compat.config.Change@8a593a1
06-13 13:37:14.721   703   703 D CompatConfig: Adding: com.android.server.compat.config.Change@10119c6
06-13 13:37:14.721   703   703 D CompatConfig: Adding: com.android.server.compat.config.Change@8767d87
06-13 13:37:14.721   703   703 D CompatConfig: Adding: com.android.server.compat.config.Change@21cc4b4
06-13 13:37:14.721   703   703 D CompatConfig: Adding: com.android.server.compat.config.Change@166c8dd
06-13 13:37:14.721   703   703 D CompatConfig: Adding: com.android.server.compat.config.Change@1e50c52
06-13 13:37:14.721   703   703 D CompatConfig: Adding: com.android.server.compat.config.Change@1b36b23
06-13 13:37:14.721   703   703 D CompatConfig: Adding: com.android.server.compat.config.Change@41b7820
06-13 13:37:14.721   703   703 D CompatConfig: Adding: com.android.server.compat.config.Change@70c15d9
06-13 13:37:14.721   703   703 D CompatConfig: Adding: com.android.server.compat.config.Change@da39b9e
06-13 13:37:14.721   703   703 D CompatConfig: Adding: com.android.server.compat.config.Change@247967f
06-13 13:37:14.721   703   703 D CompatConfig: Adding: com.android.server.compat.config.Change@d8ff64c
06-13 13:37:14.721   703   703 D CompatConfig: Adding: com.android.server.compat.config.Change@e1f3695
06-13 13:37:14.721   703   703 D CompatConfig: Adding: com.android.server.compat.config.Change@229d3aa
06-13 13:37:14.721   703   703 D CompatConfig: Adding: com.android.server.compat.config.Change@9c91b9b
06-13 13:37:14.721   703   703 D CompatConfig: Adding: com.android.server.compat.config.Change@5ec2b38
06-13 13:37:14.721   703   703 D CompatConfig: Found a config file: /system/etc/compatconfig/icu4j-platform-compat-config.xml
06-13 13:37:14.722   703   703 D CompatConfig: Adding: com.android.server.compat.config.Change@d298076
06-13 13:37:14.722   703   703 D CompatConfig: Found a config file: /system/etc/compatconfig/framework-location-compat-config.xml
06-13 13:37:14.723   703   703 D CompatConfig: Adding: com.android.server.compat.config.Change@7d4c2e4
06-13 13:37:14.723   703   703 D CompatConfig: Adding: com.android.server.compat.config.Change@950a34d
06-13 13:37:14.723   703   703 D CompatConfig: Adding: com.android.server.compat.config.Change@3a52e02
06-13 13:37:14.723   703   703 D CompatConfig: Adding: com.android.server.compat.config.Change@8e56313
06-13 13:37:14.723   703   703 D CompatConfig: Adding: com.android.server.compat.config.Change@18d2950
06-13 13:37:14.723   703   703 D CompatConfig: Adding: com.android.server.compat.config.Change@f912749
06-13 13:37:14.723   703   703 D CompatConfig: Adding: com.android.server.compat.config.Change@63c284e
06-13 13:37:14.723   703   703 D CompatConfig: Adding: com.android.server.compat.config.Change@6391d6f
06-13 13:37:14.723   703   703 D CompatConfig: Found a config file: /system/etc/compatconfig/framework-ondeviceintelligence-platform-compat-config.xml
06-13 13:37:14.723   703   703 D CompatConfig: Found a config file: /system/etc/compatconfig/SystemUI-core-compat-config.xml
06-13 13:37:14.725   703   703 D CompatConfig: Found a config file: /system/system_ext/etc/compatconfig/settings-platform-compat-config.xml
06-13 13:37:14.726   703   703 D CompatConfig: Adding: com.android.server.compat.config.Change@864218b
06-13 13:37:14.726   703   703 D ApexManagerTiming: getActiveApexInfos_noCache
06-13 13:37:14.730   703   703 V ApexManagerTiming: getActiveApexInfos_noCache took to complete: 3ms
06-13 13:37:14.730   703   703 D CompatConfig: No directory /apex/com.android.resolv/etc/compatconfig, skipping
06-13 13:37:14.730   703   703 D CompatConfig: No directory /apex/com.android.rkpd/etc/compatconfig, skipping
06-13 13:37:14.730   703   703 D CompatConfig: No directory /apex/com.android.adservices/etc/compatconfig, skipping
06-13 13:37:14.730   703   703 D CompatConfig: No directory /apex/com.android.conscrypt/etc/compatconfig, skipping
06-13 13:37:14.730   703   703 D CompatConfig: No directory /apex/com.android.nfcservices/etc/compatconfig, skipping
06-13 13:37:14.730   703   703 D CompatConfig: No directory /apex/com.google.android.widevine/etc/compatconfig, skipping
06-13 13:37:14.730   703   703 D CompatConfig: No directory /apex/com.android.adbd/etc/compatconfig, skipping
06-13 13:37:14.730   703   703 D CompatConfig: No directory /apex/com.android.os.statsd/etc/compatconfig, skipping
06-13 13:37:14.730   703   703 D CompatConfig: No directory /apex/com.android.sdkext/etc/compatconfig, skipping
06-13 13:37:14.730   703   703 D CompatConfig: Found a config file: /apex/com.android.permission/etc/compatconfig/framework-permission-s-compat-config.xml
06-13 13:37:14.730   703   703 D CompatConfig: Adding: com.android.server.compat.config.Change@4c54cd1
06-13 13:37:14.731   703   703 D CompatConfig: No directory /apex/com.android.extservices/etc/compatconfig, skipping
06-13 13:37:14.731   703   703 D CompatConfig: No directory /apex/com.android.uprobestats/etc/compatconfig, skipping
06-13 13:37:14.731   703   703 D CompatConfig: No directory /apex/com.android.hardware.rebootescrow/etc/compatconfig, skipping
06-13 13:37:14.731   703   703 D CompatConfig: No directory /apex/com.android.virt/etc/compatconfig, skipping
06-13 13:37:14.731   703   703 D CompatConfig: No directory /apex/com.android.crashrecovery/etc/compatconfig, skipping
06-13 13:37:14.731   703   703 D CompatConfig: No directory /apex/com.android.media.swcodec/etc/compatconfig, skipping
06-13 13:37:14.731   703   703 D CompatConfig: No directory /apex/com.android.ipsec/etc/compatconfig, skipping
06-13 13:37:14.731   703   703 D CompatConfig: No directory /apex/com.android.scheduling/etc/compatconfig, skipping
06-13 13:37:14.731   703   703 D CompatConfig: No directory /apex/com.android.appsearch/etc/compatconfig, skipping
06-13 13:37:14.731   703   703 D CompatConfig: No directory /apex/com.android.profiling/etc/compatconfig, skipping
06-13 13:37:14.731   703   703 D CompatConfig: No directory /apex/com.android.configinfrastructure/etc/compatconfig, skipping
06-13 13:37:14.731   703   703 D CompatConfig: No directory /apex/com.android.i18n/etc/compatconfig, skipping
06-13 13:37:14.731   703   703 D CompatConfig: No directory /apex/com.android.tzdata/etc/compatconfig, skipping
06-13 13:37:14.732   439   439 I apexd   : getActivePackages received by ApexService
06-13 13:37:14.731   703   703 D CompatConfig: Found a config file: /apex/com.android.mediaprovider/etc/compatconfig/framework-pdf-v-platform-compat-config.xml
06-13 13:37:14.731   703   703 D CompatConfig: Adding: com.android.server.compat.config.Change@7405237
06-13 13:37:14.731   703   703 D CompatConfig: Found a config file: /apex/com.android.mediaprovider/etc/compatconfig/media-provider-platform-compat-config.xml
06-13 13:37:14.732   703   703 D CompatConfig: Adding: com.android.server.compat.config.Change@380e50d
06-13 13:37:14.732   703   703 D CompatConfig: Adding: com.android.server.compat.config.Change@8b9acc2
06-13 13:37:14.732   703   703 D CompatConfig: Adding: com.android.server.compat.config.Change@9bddad3
06-13 13:37:14.732   703   703 D CompatConfig: Adding: com.android.server.compat.config.Change@b4a610
06-13 13:37:14.732   703   703 D CompatConfig: Adding: com.android.server.compat.config.Change@7e3c509
06-13 13:37:14.732   703   703 D CompatConfig: Adding: com.android.server.compat.config.Change@ff9d30e
06-13 13:37:14.732   703   703 D CompatConfig: Adding: com.android.server.compat.config.Change@681512f
06-13 13:37:14.732   703   703 D CompatConfig: Adding: com.android.server.compat.config.Change@526133c
06-13 13:37:14.732   703   703 D CompatConfig: Adding: com.android.server.compat.config.Change@77aa8c5
06-13 13:37:14.732   703   703 D CompatConfig: Adding: com.android.server.compat.config.Change@c04121a
06-13 13:37:14.732   703   703 D CompatConfig: Adding: com.android.server.compat.config.Change@55bd14b
06-13 13:37:14.732   703   703 D CompatConfig: No directory /apex/com.android.hardware.contexthub/etc/compatconfig, skipping
06-13 13:37:14.732   703   703 D CompatConfig: No directory /apex/com.android.hardware.thermal/etc/compatconfig, skipping
06-13 13:37:14.732   703   703 D CompatConfig: Found a config file: /apex/com.android.bt/etc/compatconfig/bluetoothapk-platform-compat-config.xml
06-13 13:37:14.732   703   703 D CompatConfig: Adding: com.android.server.compat.config.Change@9e20c41
06-13 13:37:14.732   703   703 D CompatConfig: Found a config file: /apex/com.android.bt/etc/compatconfig/bluetooth-compat-config.xml
06-13 13:37:14.732   703   703 D CompatConfig: Adding: com.android.server.compat.config.Change@143727
06-13 13:37:14.732   703   703 D CompatConfig: Found a config file: /apex/com.android.bt/etc/compatconfig/framework-bluetooth-compat-config.xml
06-13 13:37:14.733   703   703 D CompatConfig: Adding: com.android.server.compat.config.Change@a022b7d
06-13 13:37:14.733   703   703 D CompatConfig: Adding: com.android.server.compat.config.Change@bdaca72
06-13 13:37:14.733   703   703 D CompatConfig: Adding: com.android.server.compat.config.Change@c031ec3
06-13 13:37:14.733   703   703 D CompatConfig: No directory /apex/com.android.neuralnetworks/etc/compatconfig, skipping
06-13 13:37:14.733   703   703 D CompatConfig: No directory /apex/com.android.hardware.dumpstate/etc/compatconfig, skipping
06-13 13:37:14.733   703   703 D CompatConfig: No directory /apex/com.android.hardware.cas/etc/compatconfig, skipping
06-13 13:37:14.733   703   703 D CompatConfig: Found a config file: /apex/com.android.art/etc/compatconfig/libcore-platform-compat-config.xml
06-13 13:37:14.733   703   703 D CompatConfig: Adding: com.android.server.compat.config.Change@f0b0279
06-13 13:37:14.733   703   703 D CompatConfig: Adding: com.android.server.compat.config.Change@5071bbe
06-13 13:37:14.733   703   703 D CompatConfig: Adding: com.android.server.compat.config.Change@16ee41f
06-13 13:37:14.733   703   703 D CompatConfig: Adding: com.android.server.compat.config.Change@4b2c36c
06-13 13:37:14.733   703   703 D CompatConfig: Adding: com.android.server.compat.config.Change@9304d35
06-13 13:37:14.733   703   703 D CompatConfig: Adding: com.android.server.compat.config.Change@d1535ca
06-13 13:37:14.733   703   703 D CompatConfig: Adding: com.android.server.compat.config.Change@ca7a33b
06-13 13:37:14.733   703   703 D CompatConfig: Adding: com.android.server.compat.config.Change@1beaa58
06-13 13:37:14.733   703   703 D CompatConfig: Adding: com.android.server.compat.config.Change@e2587b1
06-13 13:37:14.733   703   703 D CompatConfig: Adding: com.android.server.compat.config.Change@938e496
06-13 13:37:14.733   703   703 D CompatConfig: Adding: com.android.server.compat.config.Change@4e33817
06-13 13:37:14.733   703   703 D CompatConfig: Adding: com.android.server.compat.config.Change@8a01404
06-13 13:37:14.733   703   703 D CompatConfig: Adding: com.android.server.compat.config.Change@159eded
06-13 13:37:14.733   703   703 D CompatConfig: Adding: com.android.server.compat.config.Change@c16b422
06-13 13:37:14.733   703   703 D CompatConfig: Adding: com.android.server.compat.config.Change@4d93eb3
06-13 13:37:14.733   703   703 D CompatConfig: Adding: com.android.server.compat.config.Change@30c6c70
06-13 13:37:14.733   703   703 D CompatConfig: Adding: com.android.server.compat.config.Change@3f47be9
06-13 13:37:14.733   703   703 D CompatConfig: Adding: com.android.server.compat.config.Change@c0ff06e
06-13 13:37:14.733   703   703 D CompatConfig: No directory /apex/com.android.runtime/etc/compatconfig, skipping
06-13 13:37:14.733   703   703 D CompatConfig: No directory /apex/com.android.hardware.threadnetwork/etc/compatconfig, skipping
06-13 13:37:14.733   703   703 D CompatConfig: No directory /apex/com.android.hardware.vibrator/etc/compatconfig, skipping
06-13 13:37:14.733   703   703 D CompatConfig: No directory /apex/com.android.hardware.neuralnetworks/etc/compatconfig, skipping
06-13 13:37:14.733   703   703 D CompatConfig: No directory /apex/com.android.cellbroadcast/etc/compatconfig, skipping
06-13 13:37:14.733   703   703 D CompatConfig: No directory /apex/com.android.uwb/etc/compatconfig, skipping
06-13 13:37:14.733   703   703 D CompatConfig: No directory /apex/com.android.ondevicepersonalization/etc/compatconfig, skipping
06-13 13:37:14.733   703   703 D CompatConfig: Found a config file: /apex/com.android.tethering/etc/compatconfig/connectivity-platform-compat-config.xml
06-13 13:37:14.734   703   703 D CompatConfig: Adding: com.android.server.compat.config.Change@ea3df9c
06-13 13:37:14.734   703   703 D CompatConfig: Adding: com.android.server.compat.config.Change@88feda5
06-13 13:37:14.734   703   703 D CompatConfig: Adding: com.android.server.compat.config.Change@24ea57a
06-13 13:37:14.734   703   703 D CompatConfig: Adding: com.android.server.compat.config.Change@843d12b
06-13 13:37:14.734   703   703 D CompatConfig: Adding: com.android.server.compat.config.Change@dd5988
06-13 13:37:14.734   703   703 D CompatConfig: Adding: com.android.server.compat.config.Change@6b6bf21
06-13 13:37:14.734   703   703 D CompatConfig: Adding: com.android.server.compat.config.Change@e919f46
06-13 13:37:14.734   703   703 D CompatConfig: Adding: com.android.server.compat.config.Change@8ac5507
06-13 13:37:14.734   703   703 D CompatConfig: Adding: com.android.server.compat.config.Change@db28634
06-13 13:37:14.734   703   703 D CompatConfig: No directory /apex/com.android.hardware.power/etc/compatconfig, skipping
06-13 13:37:14.734   703   703 D CompatConfig: No directory /apex/com.android.devicelock/etc/compatconfig, skipping
06-13 13:37:14.734   703   703 D CompatConfig: No directory /apex/com.android.media/etc/compatconfig, skipping
06-13 13:37:14.734   703   703 D CompatConfig: No directory /apex/com.android.hardware.uwb/etc/compatconfig, skipping
06-13 13:37:14.734   703   703 D CompatConfig: No directory /apex/com.android.hardware.authsecret/etc/compatconfig, skipping
06-13 13:37:14.734   703   703 D CompatConfig: Found a config file: /apex/com.android.wifi/etc/compatconfig/wifi-compat-config.xml
06-13 13:37:14.734   703   703 D CompatConfig: Adding: com.android.server.compat.config.Change@bb869d2
06-13 13:37:14.734   703   703 D CompatConfig: Adding: com.android.server.compat.config.Change@82f3aa3
06-13 13:37:14.734   703   703 D CompatConfig: Adding: com.android.server.compat.config.Change@d0bd1a0
06-13 13:37:14.734   703   703 D CompatConfig: No directory /apex/com.android.apex.cts.shim/etc/compatconfig, skipping
06-13 13:37:14.734   703   703 D CompatConfig: No directory /apex/com.android.hardware.gatekeeper/etc/compatconfig, skipping
06-13 13:37:14.734   703   703 D CompatConfig: No directory /apex/com.android.healthfitness/etc/compatconfig, skipping
06-13 13:37:14.736   703   703 W CompatConfig: Change ID 203673428 not found. Skipping overrides for it.
06-13 13:37:14.736   703   703 W CompatConfig: Change ID 200324021 not found. Skipping overrides for it.
06-13 13:37:14.739   703   703 V SystemServerTiming: PlatformCompat took to complete: 24ms
06-13 13:37:14.739   703   703 D SystemServerTiming: StartFileIntegrityService
06-13 13:37:14.739   703   703 I SystemServiceManager: Starting com.android.server.security.FileIntegrityService
06-13 13:37:14.739   703   703 V SystemServerTiming: StartFileIntegrityService took to complete: 0ms
06-13 13:37:14.739   703   703 D SystemServerTiming: StartInstaller
06-13 13:37:14.739   703   703 I SystemServiceManager: Starting com.android.server.pm.Installer
06-13 13:37:14.744   224   224 I servicemanager: Caller(pid=519,uid=1041,sid=u:r:audioserver:s0) Since 'activity' could not be found trying to start it as a lazy AIDL service. (if it's not configured to be a lazy service, it may be stuck starting or still starting).
06-13 13:37:14.744     1     1 E init    : Control message: Could not find 'aidl/activity' for ctl.interface_start from pid: 224 (/system/bin/servicemanager)
06-13 13:37:14.744   761   761 I servicemanager: Caller(pid=519,uid=1041,sid=u:r:audioserver:s0) Tried to start aidl service activity as a lazy service, but was unable to. Usually this happens when a service is not installed, but if the service is intended to be used as a lazy service, then it may be configured incorrectly.
06-13 13:37:14.741   703   703 V SystemServerTiming: StartInstaller took to complete: 1ms
06-13 13:37:14.741   703   703 D SystemServerTiming: DeviceIdentifiersPolicyService
06-13 13:37:14.741   703   703 I SystemServiceManager: Starting com.android.server.os.DeviceIdentifiersPolicyService
06-13 13:37:14.741   703   703 V SystemServerTiming: DeviceIdentifiersPolicyService took to complete: 1ms
06-13 13:37:14.741   703   703 D SystemServerTiming: StartFeatureFlagsService
06-13 13:37:14.741   703   703 I SystemServiceManager: Starting com.android.server.flags.FeatureFlagsService
06-13 13:37:14.741   703   703 D FeatureFlagsService: Started Feature Flag Service
06-13 13:37:14.742   703   703 V SystemServerTiming: StartFeatureFlagsService took to complete: 1ms
06-13 13:37:14.742   703   703 D SystemServerTiming: UriGrantsManagerService
06-13 13:37:14.742   703   703 I SystemServiceManager: Starting com.android.server.uri.UriGrantsManagerService$Lifecycle
06-13 13:37:14.742   703   703 V SystemServerTiming: UriGrantsManagerService took to complete: 0ms
06-13 13:37:14.742   703   703 D SystemServerTiming: StartPowerStatsService
06-13 13:37:14.742   703   703 I SystemServiceManager: Starting com.android.server.powerstats.PowerStatsService
06-13 13:37:14.743   703   703 V SystemServerTiming: StartPowerStatsService took to complete: 1ms
06-13 13:37:14.743   703   703 D SystemServerTiming: StartIStatsService
06-13 13:37:14.744   703   703 V SystemServerTiming: StartIStatsService took to complete: 1ms
06-13 13:37:14.744   703   703 D SystemServerTiming: MemtrackProxyService
06-13 13:37:14.747   224   224 I servicemanager: Caller(pid=703,uid=1000,sid=u:r:system_server:s0) Found android.hardware.power.stats.IPowerStats/default in device VINTF manifest.
06-13 13:37:14.748   224   224 I servicemanager: Caller(pid=703,uid=1000,sid=u:r:system_server:s0) Found android.frameworks.stats.IStats/default in framework VINTF manifest.
06-13 13:37:14.748   224   224 I servicemanager: Caller(pid=703,uid=1000,sid=u:r:system_server:s0) Could not find android.hardware.memtrack.IMemtrack/default in the VINTF manifest. No alternative instances declared in VINTF.
06-13 13:37:14.745   703   703 V SystemServerTiming: MemtrackProxyService took to complete: 0ms
06-13 13:37:14.745   703   703 D SystemServerTiming: StartAccessCheckingService
06-13 13:37:14.745   703   703 I SystemServiceManager: Starting com.android.server.permission.access.AccessCheckingService
06-13 13:37:14.745   703   703 V SystemServerTiming: StartAccessCheckingService took to complete: 1ms
06-13 13:37:14.745   703   703 D SystemServerTiming: StartActivityManager
06-13 13:37:14.745   703   703 I SystemServiceManager: Starting com.android.server.wm.ActivityTaskManagerService$Lifecycle
06-13 13:37:14.747   703   703 I SystemServiceManager: Starting com.android.server.am.ActivityManagerService$Lifecycle
06-13 13:37:14.749   703   703 I ActivityManager: Memory class: 192
06-13 13:37:14.749   703   764 I Binder  : Setting heavy hitter watcher config: false, 0, 0.0
06-13 13:37:14.754   703   703 W PowerProfile: ambient.on is deprecated! Use ambient.on.display0 instead.
06-13 13:37:14.754   703   703 W PowerProfile: screen.on is deprecated! Use screen.on.display0 instead.
06-13 13:37:14.754   703   703 W PowerProfile: screen.full is deprecated! Use screen.full.display0 instead.
06-13 13:37:14.754   703   703 W ModemPowerProfile: getAverageBatteryDrainMaH called with unexpected key: 0x0, drain:SLEEP,RAT:DEFAULT
06-13 13:37:14.754   703   703 W ModemPowerProfile: getAverageBatteryDrainMaH called with unexpected key: 0x10000000, drain:IDLE,RAT:DEFAULT
06-13 13:37:14.754   703   703 W ModemPowerProfile: getAverageBatteryDrainMaH called with unexpected key: 0x20000000, drain:RX,RAT:DEFAULT
06-13 13:37:14.754   703   703 W ModemPowerProfile: getAverageBatteryDrainMaH called with unexpected key: 0x30000000, drain:TX,level:0,RAT:DEFAULT
06-13 13:37:14.754   703   703 W ModemPowerProfile: getAverageBatteryDrainMaH called with unexpected key: 0x31000000, drain:TX,level:1,RAT:DEFAULT
06-13 13:37:14.754   703   703 W ModemPowerProfile: getAverageBatteryDrainMaH called with unexpected key: 0x32000000, drain:TX,level:2,RAT:DEFAULT
06-13 13:37:14.754   703   703 W ModemPowerProfile: getAverageBatteryDrainMaH called with unexpected key: 0x33000000, drain:TX,level:3,RAT:DEFAULT
06-13 13:37:14.754   703   703 W ModemPowerProfile: getAverageBatteryDrainMaH called with unexpected key: 0x34000000, drain:TX,level:4,RAT:DEFAULT
06-13 13:37:14.756   703   703 D BatteryStatsImpl: Reading daily items from /data/system/batterystats-daily.xml
06-13 13:37:14.776   703   703 I IntentFirewall: Read new rules (A:0 B:0 S:0)
06-13 13:37:14.778   703   703 D OomAdjuster: Not killing cached processes
06-13 13:37:14.778   703   703 D AppOps  : AppOpsService published
06-13 13:37:14.779   703   725 W android.permission.PermissionManager: Missing ActivityManager; assuming 1047 does not hold android.permission.MANAGE_APP_OPS_MODES
06-13 13:37:14.779   703   703 V SystemServerTiming: StartActivityManager took to complete: 34ms
06-13 13:37:14.779   703   703 D SystemServerTiming: StartDataLoaderManagerService
06-13 13:37:14.779   703   703 I SystemServiceManager: Starting com.android.server.pm.DataLoaderManagerService
06-13 13:37:14.780   703   703 V SystemServerTiming: StartDataLoaderManagerService took to complete: 0ms
