06-13 13:37:13.012   467   467 I NetBpfLoad: map /sys/fs/bpf/netd_shared/map_netd_ingress_discard_map id 24
06-13 13:37:13.012   467   467 D NetBpfLoad: bpf_create_map[lock_array_test_map] btf:1 -> 19
06-13 13:37:13.012   467   467 I NetBpfLoad: map /sys/fs/bpf/netd_shared/map_netd_lock_array_test_map id 25
06-13 13:37:13.012   467   467 D NetBpfLoad: bpf_create_map[lock_hash_test_map] btf:1 -> 20
06-13 13:37:13.012   467   467 I NetBpfLoad: map /sys/fs/bpf/netd_shared/map_netd_lock_hash_test_map id 26
06-13 13:37:13.012   467   467 D NetBpfLoad: bpf_create_map[iface_index_name_map] btf:1 -> 21
06-13 13:37:13.012   467   467 I NetBpfLoad: map /sys/fs/bpf/netd_shared/map_netd_iface_index_name_map id 27
06-13 13:37:13.012   467   467 D NetBpfLoad: bpf_create_map[packet_trace_enabled_map] btf:1 -> 22
06-13 13:37:13.012   467   467 I NetBpfLoad: map /sys/fs/bpf/netd_shared/map_netd_packet_trace_enabled_map id 28
06-13 13:37:13.012   467   467 D NetBpfLoad: bpf_create_map[packet_trace_ringbuf] btf:0 -> 23
06-13 13:37:13.012   467   467 I NetBpfLoad: map /sys/fs/bpf/netd_shared/map_netd_packet_trace_ringbuf id 29
06-13 13:37:13.012   467   467 D NetBpfLoad: bpf_create_map[data_saver_enabled_map] btf:1 -> 24
06-13 13:37:13.012   467   467 I NetBpfLoad: map /sys/fs/bpf/netd_shared/map_netd_data_saver_enabled_map id 30
06-13 13:37:13.012   467   467 D NetBpfLoad: bpf_create_map[local_net_access_map] btf:1 -> 25
06-13 13:37:13.012   467   467 I NetBpfLoad: map /sys/fs/bpf/netd_shared/map_netd_local_net_access_map id 31
06-13 13:37:13.012   467   467 D NetBpfLoad: bpf_create_map[local_net_blocked_uid_map] btf:1 -> 27
06-13 13:37:13.012   467   467 I NetBpfLoad: map /sys/fs/bpf/netd_shared/map_netd_local_net_blocked_uid_map id 32
06-13 13:37:13.019   467   467 D NetBpfLoad: cs[0].name:cgroupskb_ingress_stats$5_10_25q2 min_kver:50a0000 .max_kver:ffffffff (kvers:6060042)
06-13 13:37:13.019   467   467 D NetBpfLoad: cs[0].name:cgroupskb_ingress_stats$5_10_25q2 requires bpfloader version [0x0002f,0x10000)
06-13 13:37:13.024   467   467 D NetBpfLoad: BPF_PROG_LOAD call for /apex/com.android.tethering/etc/bpf/netd_shared/netd.o (cgroupskb_ingress_stats$5_10_25q2) returned 'processed 3967 insns (limit 1000000) max_states_per_insn 7 total_states 260 peak_states 244 mark_read 14' fd: 28 (ok)
06-13 13:37:13.024   467   467 I NetBpfLoad: prog /sys/fs/bpf/netd_shared/prog_netd_cgroupskb_ingress_stats id 14 len jit:4136 xlat:5720
06-13 13:37:13.024   467   467 D NetBpfLoad: cs[1].name:cgroupskb_ingress_stats$5_4_25q2 min_kver:5040000 .max_kver:50a0000 (kvers:6060042)
06-13 13:37:13.024   467   467 D NetBpfLoad: cs[2].name:cgroupskb_ingress_stats$5_10_u min_kver:50a0000 .max_kver:ffffffff (kvers:6060042)
06-13 13:37:13.024   467   467 D NetBpfLoad: cs[2].name:cgroupskb_ingress_stats$5_10_u requires bpfloader version [0x0002c,0x0002f)
06-13 13:37:13.024   467   467 D NetBpfLoad: cs[3].name:cgroupskb_ingress_stats$4_19 min_kver:4130000 .max_kver:ffffffff (kvers:6060042)
06-13 13:37:13.024   467   467 D NetBpfLoad: cs[3].name:cgroupskb_ingress_stats$4_19 requires bpfloader version [0x0002b,0x10000)
06-13 13:37:13.024   467   467 D NetBpfLoad: New bpf prog load reusing prog /sys/fs/bpf/netd_shared/prog_netd_cgroupskb_ingress_stats, ret: 29 (ok)
06-13 13:37:13.024   467   467 I NetBpfLoad: prog /sys/fs/bpf/netd_shared/prog_netd_cgroupskb_ingress_stats id 14 len jit:4136 xlat:5720
06-13 13:37:13.024   467   467 D NetBpfLoad: cs[4].name:cgroupskb_ingress_stats$4_9 min_kver:0 .max_kver:4130000 (kvers:6060042)
06-13 13:37:13.024   467   467 D NetBpfLoad: cs[5].name:cgroupskb_egress_stats$5_10_25q2 min_kver:50a0000 .max_kver:ffffffff (kvers:6060042)
06-13 13:37:13.024   467   467 D NetBpfLoad: cs[5].name:cgroupskb_egress_stats$5_10_25q2 requires bpfloader version [0x0002f,0x10000)
06-13 13:37:13.027   467   467 D NetBpfLoad: BPF_PROG_LOAD call for /apex/com.android.tethering/etc/bpf/netd_shared/netd.o (cgroupskb_egress_stats$5_10_25q2) returned 'processed 2728 insns (limit 1000000) max_states_per_insn 6 total_states 176 peak_states 166 mark_read 11' fd: 30 (ok)
06-13 13:37:13.027   467   467 I NetBpfLoad: prog /sys/fs/bpf/netd_shared/prog_netd_cgroupskb_egress_stats id 15 len jit:3664 xlat:4960
06-13 13:37:13.027   467   467 D NetBpfLoad: cs[6].name:cgroupskb_egress_stats$5_4_25q2 min_kver:5040000 .max_kver:50a0000 (kvers:6060042)
06-13 13:37:13.027   467   467 D NetBpfLoad: cs[7].name:cgroupskb_egress_stats$5_10_u min_kver:50a0000 .max_kver:ffffffff (kvers:6060042)
06-13 13:37:13.027   467   467 D NetBpfLoad: cs[7].name:cgroupskb_egress_stats$5_10_u requires bpfloader version [0x0002c,0x0002f)
06-13 13:37:13.027   467   467 D NetBpfLoad: cs[8].name:cgroupskb_egress_stats$4_19 min_kver:4130000 .max_kver:ffffffff (kvers:6060042)
06-13 13:37:13.027   467   467 D NetBpfLoad: cs[8].name:cgroupskb_egress_stats$4_19 requires bpfloader version [0x0002b,0x10000)
06-13 13:37:13.027   467   467 D NetBpfLoad: New bpf prog load reusing prog /sys/fs/bpf/netd_shared/prog_netd_cgroupskb_egress_stats, ret: 31 (ok)
06-13 13:37:13.027   467   467 I NetBpfLoad: prog /sys/fs/bpf/netd_shared/prog_netd_cgroupskb_egress_stats id 15 len jit:3664 xlat:4960
06-13 13:37:13.027   467   467 D NetBpfLoad: cs[9].name:cgroupskb_egress_stats$4_9 min_kver:0 .max_kver:4130000 (kvers:6060042)
06-13 13:37:13.027   467   467 D NetBpfLoad: cs[10].name:skfilter_egress_xtbpf min_kver:0 .max_kver:ffffffff (kvers:6060042)
06-13 13:37:13.027   467   467 D NetBpfLoad: cs[10].name:skfilter_egress_xtbpf requires bpfloader version [0x0002b,0x10000)
06-13 13:37:13.027   467   467 D NetBpfLoad: BPF_PROG_LOAD call for /apex/com.android.tethering/etc/bpf/netd_shared/netd.o (skfilter_egress_xtbpf) returned 'processed 101 insns (limit 1000000) max_states_per_insn 0 total_states 7 peak_states 7 mark_read 2' fd: 32 (ok)
06-13 13:37:13.027   467   467 I NetBpfLoad: prog /sys/fs/bpf/netd_shared/prog_netd_skfilter_egress_xtbpf id 16 len jit:608 xlat:640
06-13 13:37:13.027   467   467 D NetBpfLoad: cs[11].name:skfilter_ingress_xtbpf min_kver:0 .max_kver:ffffffff (kvers:6060042)
06-13 13:37:13.027   467   467 D NetBpfLoad: cs[11].name:skfilter_ingress_xtbpf requires bpfloader version [0x0002b,0x10000)
06-13 13:37:13.028   467   467 D NetBpfLoad: BPF_PROG_LOAD call for /apex/com.android.tethering/etc/bpf/netd_shared/netd.o (skfilter_ingress_xtbpf) returned 'processed 82 insns (limit 1000000) max_states_per_insn 0 total_states 4 peak_states 4 mark_read 2' fd: 33 (ok)
06-13 13:37:13.028   467   467 I NetBpfLoad: prog /sys/fs/bpf/netd_shared/prog_netd_skfilter_ingress_xtbpf id 17 len jit:456 xlat:488
06-13 13:37:13.028   467   467 D NetBpfLoad: cs[12].name:schedact_ingress_account min_kver:0 .max_kver:ffffffff (kvers:6060042)
06-13 13:37:13.028   467   467 D NetBpfLoad: cs[12].name:schedact_ingress_account requires bpfloader version [0x0002b,0x10000)
06-13 13:37:13.028   467   467 D NetBpfLoad: BPF_PROG_LOAD call for /apex/com.android.tethering/etc/bpf/netd_shared/netd.o (schedact_ingress_account) returned 'processed 86 insns (limit 1000000) max_states_per_insn 0 total_states 6 peak_states 6 mark_read 2' fd: 34 (ok)
06-13 13:37:13.028   467   467 I NetBpfLoad: prog /sys/fs/bpf/netd_shared/prog_netd_schedact_ingress_account id 18 len jit:464 xlat:512
06-13 13:37:13.028   467   467 D NetBpfLoad: cs[13].name:skfilter_allowlist_xtbpf min_kver:0 .max_kver:ffffffff (kvers:6060042)
06-13 13:37:13.028   467   467 D NetBpfLoad: cs[13].name:skfilter_allowlist_xtbpf requires bpfloader version [0x0002b,0x10000)
06-13 13:37:13.028   467   467 D NetBpfLoad: BPF_PROG_LOAD call for /apex/com.android.tethering/etc/bpf/netd_shared/netd.o (skfilter_allowlist_xtbpf) returned 'processed 23 insns (limit 1000000) max_states_per_insn 0 total_states 2 peak_states 2 mark_read 2' fd: 35 (ok)
06-13 13:37:13.028   467   467 I NetBpfLoad: prog /sys/fs/bpf/netd_shared/prog_netd_skfilter_allowlist_xtbpf id 19 len jit:256 xlat:184
06-13 13:37:13.028   467   467 D NetBpfLoad: cs[14].name:skfilter_denylist_xtbpf min_kver:0 .max_kver:ffffffff (kvers:6060042)
06-13 13:37:13.028   467   467 D NetBpfLoad: cs[14].name:skfilter_denylist_xtbpf requires bpfloader version [0x0002b,0x10000)
06-13 13:37:13.028   467   467 D NetBpfLoad: BPF_PROG_LOAD call for /apex/com.android.tethering/etc/bpf/netd_shared/netd.o (skfilter_denylist_xtbpf) returned 'processed 17 insns (limit 1000000) max_states_per_insn 0 total_states 2 peak_states 2 mark_read 2' fd: 36 (ok)
06-13 13:37:13.028   467   467 I NetBpfLoad: prog /sys/fs/bpf/netd_shared/prog_netd_skfilter_denylist_xtbpf id 20 len jit:224 xlat:144
06-13 13:37:13.028   467   467 D NetBpfLoad: cs[15].name:cgroupsock_inet_create min_kver:40e0000 .max_kver:ffffffff (kvers:6060042)
06-13 13:37:13.028   467   467 D NetBpfLoad: cs[15].name:cgroupsock_inet_create requires bpfloader version [0x0002b,0x10000)
06-13 13:37:13.028   467   467 D NetBpfLoad: BPF_PROG_LOAD call for /apex/com.android.tethering/etc/bpf/netd_shared/netd.o (cgroupsock_inet_create) returned 'processed 17 insns (limit 1000000) max_states_per_insn 0 total_states 1 peak_states 1 mark_read 1' fd: 37 (ok)
06-13 13:37:13.028   467   467 I NetBpfLoad: prog /sys/fs/bpf/netd_shared/prog_netd_cgroupsock_inet_create id 21 len jit:232 xlat:152
06-13 13:37:13.028   467   467 D NetBpfLoad: cs[16].name:cgroupsockrelease_inet_release min_kver:50a0000 .max_kver:ffffffff (kvers:6060042)
06-13 13:37:13.028   467   467 D NetBpfLoad: cs[16].name:cgroupsockrelease_inet_release requires bpfloader version [0x0002b,0x10000)
06-13 13:37:13.028   467   467 D NetBpfLoad: BPF_PROG_LOAD call for /apex/com.android.tethering/etc/bpf/netd_shared/netd.o (cgroupsockrelease_inet_release) returned 'processed 10 insns (limit 1000000) max_states_per_insn 0 total_states 1 peak_states 1 mark_read 0' fd: 38 (ok)
06-13 13:37:13.028   467   467 I NetBpfLoad: prog /sys/fs/bpf/netd_shared/prog_netd_cgroupsockrelease_inet_release id 22 len jit:176 xlat:80
06-13 13:37:13.028   467   467 D NetBpfLoad: cs[17].name:bind4_inet4_bind min_kver:4130000 .max_kver:ffffffff (kvers:6060042)
06-13 13:37:13.028   467   467 D NetBpfLoad: cs[17].name:bind4_inet4_bind requires bpfloader version [0x0002b,0x10000)
06-13 13:37:13.029   467   467 D NetBpfLoad: BPF_PROG_LOAD call for /apex/com.android.tethering/etc/bpf/netd_shared/netd.o (bind4_inet4_bind) returned 'processed 53 insns (limit 1000000) max_states_per_insn 0 total_states 4 peak_states 4 mark_read 1' fd: 39 (ok)
06-13 13:37:13.029   467   467 I NetBpfLoad: prog /sys/fs/bpf/netd_shared/prog_netd_bind4_inet4_bind id 23 len jit:312 xlat:328
06-13 13:37:13.029   467   467 D NetBpfLoad: cs[18].name:bind6_inet6_bind min_kver:4130000 .max_kver:ffffffff (kvers:6060042)
06-13 13:37:13.029   467   467 D NetBpfLoad: cs[18].name:bind6_inet6_bind requires bpfloader version [0x0002b,0x10000)
06-13 13:37:13.029   467   467 D NetBpfLoad: BPF_PROG_LOAD call for /apex/com.android.tethering/etc/bpf/netd_shared/netd.o (bind6_inet6_bind) returned 'processed 53 insns (limit 1000000) max_states_per_insn 0 total_states 4 peak_states 4 mark_read 1' fd: 40 (ok)
06-13 13:37:13.029   467   467 I NetBpfLoad: prog /sys/fs/bpf/netd_shared/prog_netd_bind6_inet6_bind id 24 len jit:312 xlat:328
06-13 13:37:13.029   467   467 D NetBpfLoad: cs[19].name:connect4_inet4_connect min_kver:4130000 .max_kver:ffffffff (kvers:6060042)
06-13 13:37:13.029   467   467 D NetBpfLoad: cs[19].name:connect4_inet4_connect requires bpfloader version [0x0002e,0x10000)
06-13 13:37:13.029   467   467 D NetBpfLoad: BPF_PROG_LOAD call for /apex/com.android.tethering/etc/bpf/netd_shared/netd.o (connect4_inet4_connect) returned 'processed 2 insns (limit 1000000) max_states_per_insn 0 total_states 0 peak_states 0 mark_read 0' fd: 41 (ok)
06-13 13:37:13.029   467   467 I NetBpfLoad: prog /sys/fs/bpf/netd_shared/prog_netd_connect4_inet4_connect id 25 len jit:104 xlat:16
06-13 13:37:13.029   467   467 D NetBpfLoad: cs[20].name:connect6_inet6_connect min_kver:4130000 .max_kver:ffffffff (kvers:6060042)
06-13 13:37:13.029   467   467 D NetBpfLoad: cs[20].name:connect6_inet6_connect requires bpfloader version [0x0002e,0x10000)
06-13 13:37:13.029   467   467 D NetBpfLoad: BPF_PROG_LOAD call for /apex/com.android.tethering/etc/bpf/netd_shared/netd.o (connect6_inet6_connect) returned 'processed 2 insns (limit 1000000) max_states_per_insn 0 total_states 0 peak_states 0 mark_read 0' fd: 42 (ok)
06-13 13:37:13.029   467   467 I NetBpfLoad: prog /sys/fs/bpf/netd_shared/prog_netd_connect6_inet6_connect id 26 len jit:104 xlat:16
06-13 13:37:13.029   467   467 D NetBpfLoad: cs[21].name:recvmsg4_udp4_recvmsg min_kver:4130000 .max_kver:ffffffff (kvers:6060042)
06-13 13:37:13.029   467   467 D NetBpfLoad: cs[21].name:recvmsg4_udp4_recvmsg requires bpfloader version [0x0002e,0x10000)
06-13 13:37:13.029   467   467 D NetBpfLoad: BPF_PROG_LOAD call for /apex/com.android.tethering/etc/bpf/netd_shared/netd.o (recvmsg4_udp4_recvmsg) returned 'processed 2 insns (limit 1000000) max_states_per_insn 0 total_states 0 peak_states 0 mark_read 0' fd: 43 (ok)
06-13 13:37:13.029   467   467 I NetBpfLoad: prog /sys/fs/bpf/netd_shared/prog_netd_recvmsg4_udp4_recvmsg id 27 len jit:104 xlat:16
06-13 13:37:13.029   467   467 D NetBpfLoad: cs[22].name:recvmsg6_udp6_recvmsg min_kver:4130000 .max_kver:ffffffff (kvers:6060042)
06-13 13:37:13.029   467   467 D NetBpfLoad: cs[22].name:recvmsg6_udp6_recvmsg requires bpfloader version [0x0002e,0x10000)
06-13 13:37:13.029   467   467 D NetBpfLoad: BPF_PROG_LOAD call for /apex/com.android.tethering/etc/bpf/netd_shared/netd.o (recvmsg6_udp6_recvmsg) returned 'processed 2 insns (limit 1000000) max_states_per_insn 0 total_states 0 peak_states 0 mark_read 0' fd: 44 (ok)
06-13 13:37:13.029   467   467 I NetBpfLoad: prog /sys/fs/bpf/netd_shared/prog_netd_recvmsg6_udp6_recvmsg id 28 len jit:104 xlat:16
06-13 13:37:13.029   467   467 D NetBpfLoad: cs[23].name:sendmsg4_udp4_sendmsg min_kver:4130000 .max_kver:ffffffff (kvers:6060042)
06-13 13:37:13.029   467   467 D NetBpfLoad: cs[23].name:sendmsg4_udp4_sendmsg requires bpfloader version [0x0002e,0x10000)
06-13 13:37:13.029   467   467 D NetBpfLoad: BPF_PROG_LOAD call for /apex/com.android.tethering/etc/bpf/netd_shared/netd.o (sendmsg4_udp4_sendmsg) returned 'processed 2 insns (limit 1000000) max_states_per_insn 0 total_states 0 peak_states 0 mark_read 0' fd: 45 (ok)
06-13 13:37:13.029   467   467 I NetBpfLoad: prog /sys/fs/bpf/netd_shared/prog_netd_sendmsg4_udp4_sendmsg id 29 len jit:104 xlat:16
06-13 13:37:13.029   467   467 D NetBpfLoad: cs[24].name:sendmsg6_udp6_sendmsg min_kver:4130000 .max_kver:ffffffff (kvers:6060042)
06-13 13:37:13.029   467   467 D NetBpfLoad: cs[24].name:sendmsg6_udp6_sendmsg requires bpfloader version [0x0002e,0x10000)
06-13 13:37:13.030   467   467 D NetBpfLoad: BPF_PROG_LOAD call for /apex/com.android.tethering/etc/bpf/netd_shared/netd.o (sendmsg6_udp6_sendmsg) returned 'processed 2 insns (limit 1000000) max_states_per_insn 0 total_states 0 peak_states 0 mark_read 0' fd: 46 (ok)
06-13 13:37:13.030   467   467 I NetBpfLoad: prog /sys/fs/bpf/netd_shared/prog_netd_sendmsg6_udp6_sendmsg id 30 len jit:104 xlat:16
06-13 13:37:13.030   467   467 D NetBpfLoad: cs[25].name:getsockopt_prog min_kver:5040000 .max_kver:ffffffff (kvers:6060042)
06-13 13:37:13.030   467   467 D NetBpfLoad: cs[25].name:getsockopt_prog requires bpfloader version [0x0002e,0x10000)
06-13 13:37:13.030   467   467 D NetBpfLoad: BPF_PROG_LOAD call for /apex/com.android.tethering/etc/bpf/netd_shared/netd.o (getsockopt_prog) returned 'processed 4 insns (limit 1000000) max_states_per_insn 0 total_states 0 peak_states 0 mark_read 0' fd: 47 (ok)
06-13 13:37:13.030   467   467 I NetBpfLoad: prog /sys/fs/bpf/netd_shared/prog_netd_getsockopt_prog id 31 len jit:112 xlat:32
06-13 13:37:13.030   467   467 D NetBpfLoad: cs[26].name:setsockopt_prog min_kver:5040000 .max_kver:ffffffff (kvers:6060042)
06-13 13:37:13.030   467   467 D NetBpfLoad: cs[26].name:setsockopt_prog requires bpfloader version [0x0002e,0x10000)
06-13 13:37:13.030   467   467 D NetBpfLoad: BPF_PROG_LOAD call for /apex/com.android.tethering/etc/bpf/netd_shared/netd.o (setsockopt_prog) returned 'processed 4 insns (limit 1000000) max_states_per_insn 0 total_states 0 peak_states 0 mark_read 0' fd: 48 (ok)
06-13 13:37:13.030   467   467 I NetBpfLoad: prog /sys/fs/bpf/netd_shared/prog_netd_setsockopt_prog id 32 len jit:112 xlat:32
06-13 13:37:13.030   467   467 D NetBpfLoad: Loaded object: /apex/com.android.tethering/etc/bpf/netd_shared/netd.o
06-13 13:37:13.031   467   467 D NetBpfLoad: Loading ELF object /apex/com.android.tethering/etc/bpf/net_shared/dscpPolicy.o with license Apache 2.0
06-13 13:37:13.031   467   467 D NetBpfLoad: Section bpfloader_min_ver value is 43 [0x2b]
06-13 13:37:13.031   467   467 D NetBpfLoad: Section bpfloader_max_ver value is 65536 [0x10000]
06-13 13:37:13.031   467   467 D NetBpfLoad: BpfLoader version 0x0002f processing ELF object /apex/com.android.tethering/etc/bpf/net_shared/dscpPolicy.o with ver [0x0002b,0x10000)
06-13 13:37:13.032   467   467 D NetBpfLoad: bpf_create_map[socket_policy_cache_map] btf:1 -> 9
06-13 13:37:13.032   467   467 I NetBpfLoad: map /sys/fs/bpf/net_shared/map_dscpPolicy_socket_policy_cache_map id 33
06-13 13:37:13.032   467   467 D NetBpfLoad: bpf_create_map[ipv4_dscp_policies_map] btf:1 -> 10
06-13 13:37:13.032   467   467 I NetBpfLoad: map /sys/fs/bpf/net_shared/map_dscpPolicy_ipv4_dscp_policies_map id 34
06-13 13:37:13.032   467   467 D NetBpfLoad: bpf_create_map[ipv6_dscp_policies_map] btf:1 -> 11
06-13 13:37:13.032   467   467 I NetBpfLoad: map /sys/fs/bpf/net_shared/map_dscpPolicy_ipv6_dscp_policies_map id 35
06-13 13:37:13.032   467   467 D NetBpfLoad: cs[0].name:schedcls_set_dscp_ether min_kver:50f0000 .max_kver:ffffffff (kvers:6060042)
06-13 13:37:13.032   467   467 D NetBpfLoad: cs[0].name:schedcls_set_dscp_ether requires bpfloader version [0x0002b,0x10000)
06-13 13:37:13.044   467   467 D NetBpfLoad: BPF_PROG_LOAD call for /apex/com.android.tethering/etc/bpf/net_shared/dscpPolicy.o (schedcls_set_dscp_ether) returned 'processed 10532 insns (limit 1000000) max_states_per_insn 8 total_states 114 peak_states 79 mark_read 18' fd: 12 (ok)
06-13 13:37:13.044   467   467 I NetBpfLoad: prog /sys/fs/bpf/net_shared/prog_dscpPolicy_schedcls_set_dscp_ether id 33 len jit:2680 xlat:4536
06-13 13:37:13.044   467   467 D NetBpfLoad: Loaded object: /apex/com.android.tethering/etc/bpf/net_shared/dscpPolicy.o
06-13 13:37:13.045   467   467 D NetBpfLoad: Loading ELF object /apex/com.android.tethering/etc/bpf/net_shared/clatd.o with license Apache 2.0
06-13 13:37:13.045   467   467 D NetBpfLoad: Section bpfloader_min_ver value is 43 [0x2b]
06-13 13:37:13.045   467   467 D NetBpfLoad: Section bpfloader_max_ver value is 65536 [0x10000]
06-13 13:37:13.045   467   467 D NetBpfLoad: BpfLoader version 0x0002f processing ELF object /apex/com.android.tethering/etc/bpf/net_shared/clatd.o with ver [0x0002b,0x10000)
06-13 13:37:13.047   467   467 D NetBpfLoad: bpf_create_map[clat_ingress6_map] btf:1 -> 10
06-13 13:37:13.047   467   467 I NetBpfLoad: map /sys/fs/bpf/net_shared/map_clatd_clat_ingress6_map id 36
06-13 13:37:13.047   467   467 D NetBpfLoad: bpf_create_map[clat_egress4_map] btf:1 -> 11
06-13 13:37:13.047   467   467 I NetBpfLoad: map /sys/fs/bpf/net_shared/map_clatd_clat_egress4_map id 37
06-13 13:37:13.047   467   467 D NetBpfLoad: cs[0].name:schedcls_ingress6_clat_ether$4_14 min_kver:40e0000 .max_kver:ffffffff (kvers:6060042)
06-13 13:37:13.047   467   467 D NetBpfLoad: cs[0].name:schedcls_ingress6_clat_ether$4_14 requires bpfloader version [0x0002b,0x10000)
06-13 13:37:13.049   467   467 D NetBpfLoad: BPF_PROG_LOAD call for /apex/com.android.tethering/etc/bpf/net_shared/clatd.o (schedcls_ingress6_clat_ether$4_14) returned 'processed 1199 insns (limit 1000000) max_states_per_insn 1 total_states 27 peak_states 27 mark_read 8' fd: 12 (ok)
06-13 13:37:13.049   467   467 I NetBpfLoad: prog /sys/fs/bpf/net_shared/prog_clatd_schedcls_ingress6_clat_ether id 34 len jit:2024 xlat:3192
06-13 13:37:13.049   467   467 D NetBpfLoad: cs[1].name:schedcls_ingress6_clat_ether$4_9 min_kver:0 .max_kver:40e0000 (kvers:6060042)
06-13 13:37:13.049   467   467 D NetBpfLoad: cs[2].name:schedcls_ingress6_clat_rawip$4_14 min_kver:40e0000 .max_kver:ffffffff (kvers:6060042)
06-13 13:37:13.049   467   467 D NetBpfLoad: cs[2].name:schedcls_ingress6_clat_rawip$4_14 requires bpfloader version [0x0002b,0x10000)
06-13 13:37:13.050   467   467 D NetBpfLoad: BPF_PROG_LOAD call for /apex/com.android.tethering/etc/bpf/net_shared/clatd.o (schedcls_ingress6_clat_rawip$4_14) returned 'processed 829 insns (limit 1000000) max_states_per_insn 1 total_states 26 peak_states 26 mark_read 6' fd: 13 (ok)
06-13 13:37:13.050   467   467 I NetBpfLoad: prog /sys/fs/bpf/net_shared/prog_clatd_schedcls_ingress6_clat_rawip id 35 len jit:1640 xlat:2536
06-13 13:37:13.050   467   467 D NetBpfLoad: cs[3].name:schedcls_ingress6_clat_rawip$4_9 min_kver:0 .max_kver:40e0000 (kvers:6060042)
06-13 13:37:13.050   467   467 D NetBpfLoad: cs[4].name:schedcls_egress4_clat_rawip min_kver:0 .max_kver:ffffffff (kvers:6060042)
06-13 13:37:13.050   467   467 D NetBpfLoad: cs[4].name:schedcls_egress4_clat_rawip requires bpfloader version [0x0002b,0x10000)
06-13 13:37:13.051   467   467 D NetBpfLoad: BPF_PROG_LOAD call for /apex/com.android.tethering/etc/bpf/net_shared/clatd.o (schedcls_egress4_clat_rawip) returned 'processed 356 insns (limit 1000000) max_states_per_insn 1 total_states 13 peak_states 13 mark_read 3' fd: 14 (ok)
06-13 13:37:13.051   467   467 I NetBpfLoad: prog /sys/fs/bpf/net_shared/prog_clatd_schedcls_egress4_clat_rawip id 36 len jit:1384 xlat:2096
06-13 13:37:13.051   467   467 D NetBpfLoad: Loaded object: /apex/com.android.tethering/etc/bpf/net_shared/clatd.o
06-13 13:37:13.051   467   467 I NetBpfLoad: done, transferring control to uprobestatsbpfload.
06-13 13:37:13.058   467   467 I UprobeStatsBpfLoad: UprobeStatsBpfLoad loading optional ELF object /apex/com.android.uprobestats/etc/bpf/uprobestats/BitmapAllocation.o with license GPL
06-13 13:37:13.058   467   467 D UprobeStatsBpfLoad: map /sys/fs/bpf/uprobestats/map_BitmapAllocation_output_buf id 39
06-13 13:37:13.059   467   467 D UprobeStatsBpfLoad: prog /sys/fs/bpf/uprobestats/prog_BitmapAllocation_uprobe_bitmap_constructor_heap id 37
06-13 13:37:13.059   467   467 I UprobeStatsBpfLoad: UprobeStatsBpfLoad loading optional ELF object /apex/com.android.uprobestats/etc/bpf/uprobestats/MalwareSignal.o with license GPL
06-13 13:37:13.060   467   467 D UprobeStatsBpfLoad: map /sys/fs/bpf/uprobestats/map_MalwareSignal_output_buf id 40
06-13 13:37:13.060   467   467 D UprobeStatsBpfLoad: prog /sys/fs/bpf/uprobestats/prog_MalwareSignal_uprobe_add_bound_client_uid id 38
06-13 13:37:13.061   467   467 D UprobeStatsBpfLoad: prog /sys/fs/bpf/uprobestats/prog_MalwareSignal_uprobe_set_component_enabled_setting id 39
06-13 13:37:13.061   467   467 I UprobeStatsBpfLoad: UprobeStatsBpfLoad loading optional ELF object /apex/com.android.uprobestats/etc/bpf/uprobestats/GenericInstrumentation.o with license GPL
06-13 13:37:13.062   467   467 D UprobeStatsBpfLoad: map /sys/fs/bpf/uprobestats/map_GenericInstrumentation_call_detail_buf id 41
06-13 13:37:13.062   467   467 D UprobeStatsBpfLoad: map /sys/fs/bpf/uprobestats/map_GenericInstrumentation_call_timestamp_buf id 42
06-13 13:37:13.062   467   467 D UprobeStatsBpfLoad: prog /sys/fs/bpf/uprobestats/prog_GenericInstrumentation_uprobe_call_detail id 40
06-13 13:37:13.063   467   467 D UprobeStatsBpfLoad: prog /sys/fs/bpf/uprobestats/prog_GenericInstrumentation_uprobe_call_timestamp_1 id 41
06-13 13:37:13.063   467   467 D UprobeStatsBpfLoad: prog /sys/fs/bpf/uprobestats/prog_GenericInstrumentation_uprobe_call_timestamp_2 id 42
06-13 13:37:13.063   467   467 D UprobeStatsBpfLoad: prog /sys/fs/bpf/uprobestats/prog_GenericInstrumentation_uprobe_call_timestamp_3 id 43
06-13 13:37:13.063   467   467 D UprobeStatsBpfLoad: prog /sys/fs/bpf/uprobestats/prog_GenericInstrumentation_uprobe_call_timestamp_4 id 44
06-13 13:37:13.064   467   467 D UprobeStatsBpfLoad: prog /sys/fs/bpf/uprobestats/prog_GenericInstrumentation_uprobe_call_timestamp_5 id 45
06-13 13:37:13.064   467   467 I UprobeStatsBpfLoad: UprobeStatsBpfLoad loading optional ELF object /apex/com.android.uprobestats/etc/bpf/uprobestats/ProcessManagement.o with license GPL
06-13 13:37:13.064   467   467 D UprobeStatsBpfLoad: map /sys/fs/bpf/uprobestats/map_ProcessManagement_output_buf id 43
06-13 13:37:13.064   467   467 D UprobeStatsBpfLoad: map /sys/fs/bpf/uprobestats/map_ProcessManagement_update_device_idle_temp_allowlist_records id 44
06-13 13:37:13.064   467   467 D UprobeStatsBpfLoad: prog /sys/fs/bpf/uprobestats/prog_ProcessManagement_uprobe_set_uid_temp_allowlist_state id 46
06-13 13:37:13.065   467   467 D UprobeStatsBpfLoad: prog /sys/fs/bpf/uprobestats/prog_ProcessManagement_uprobe_update_device_idle_temp_allowlist id 47
06-13 13:37:13.073   467   467 W bpfloader[467]: memfd_create() called without MFD_EXEC or MFD_NOEXEC_SEAL set
06-13 13:37:13.076   467   467 I BpfLoader: Platform BpfLoader loading optional ELF object /system/etc/bpf/gpuWork.o with license Apache 2.0
06-13 13:37:13.076   467   467 D BpfLoader: map /sys/fs/bpf/map_gpuWork_gpu_work_map id 60
06-13 13:37:13.076   467   467 D BpfLoader: map /sys/fs/bpf/map_gpuWork_gpu_work_global_data id 61
06-13 13:37:13.077   467   467 D BpfLoader: prog /sys/fs/bpf/prog_gpuWork_tracepoint_power_gpu_work_period id 54
06-13 13:37:13.077   467   467 I BpfLoader: Platform BpfLoader loading optional ELF object /system/etc/bpf/fuseMedia.o with license GPL
06-13 13:37:13.077   467   467 W BpfLoader: No maps section could be found in elf object
06-13 13:37:13.078   467   467 D BpfLoader: prog /sys/fs/bpf/prog_fuseMedia_fuse_media id 55
06-13 13:37:13.078   467   467 I BpfLoader: Platform BpfLoader loading optional ELF object /system/etc/bpf/gpuMem.o with license Apache 2.0
06-13 13:37:13.078   467   467 D BpfLoader: map /sys/fs/bpf/map_gpuMem_gpu_mem_total_map id 62
06-13 13:37:13.078   467   467 D BpfLoader: prog /sys/fs/bpf/prog_gpuMem_tracepoint_gpu_mem_gpu_mem_total id 56
06-13 13:37:13.079   467   467 I BpfLoader: Platform BpfLoader loading critical for BPF Ringbuf test ELF object /system/etc/bpf/bpfRingbufProg.o with license Apache 2.0
06-13 13:37:13.079   467   467 D BpfLoader: map /sys/fs/bpf/map_bpfRingbufProg_test_ringbuf id 63
06-13 13:37:13.079   467   467 D BpfLoader: prog /sys/fs/bpf/prog_bpfRingbufProg_skfilter_ringbuf_test id 57
06-13 13:37:13.079   467   467 I BpfLoader: Platform BpfLoader loading optional ELF object /system/etc/bpf/memevents/bpfMemEventsTest.o with license GPL
06-13 13:37:13.080   467   467 D BpfLoader: map /sys/fs/bpf/memevents/map_bpfMemEventsTest_rb id 64
06-13 13:37:13.081   467   467 D BpfLoader: prog /sys/fs/bpf/memevents/prog_bpfMemEventsTest_tracepoint_oom_mark_victim id 58
06-13 13:37:13.081   467   467 D BpfLoader: prog /sys/fs/bpf/memevents/prog_bpfMemEventsTest_skfilter_oom_kill id 59
06-13 13:37:13.081   467   467 D BpfLoader: prog /sys/fs/bpf/memevents/prog_bpfMemEventsTest_skfilter_direct_reclaim_begin id 60
06-13 13:37:13.081   467   467 D BpfLoader: prog /sys/fs/bpf/memevents/prog_bpfMemEventsTest_skfilter_direct_reclaim_end id 61
06-13 13:37:13.082   467   467 D BpfLoader: prog /sys/fs/bpf/memevents/prog_bpfMemEventsTest_skfilter_kswapd_wake id 62
06-13 13:37:13.082   467   467 D BpfLoader: prog /sys/fs/bpf/memevents/prog_bpfMemEventsTest_skfilter_kswapd_sleep id 63
06-13 13:37:13.082   467   467 D BpfLoader: prog /sys/fs/bpf/memevents/prog_bpfMemEventsTest_skfilter_android_trigger_vendor_lmk_kill id 64
06-13 13:37:13.082   467   467 D BpfLoader: prog /sys/fs/bpf/memevents/prog_bpfMemEventsTest_skfilter_calculate_totalreserve_pages id 65
06-13 13:37:13.082   467   467 I BpfLoader: Platform BpfLoader loading optional ELF object /system/etc/bpf/memevents/bpfMemEvents.o with license GPL
06-13 13:37:13.083   467   467 D BpfLoader: map /sys/fs/bpf/memevents/map_bpfMemEvents_ams_rb id 65
06-13 13:37:13.083   467   467 D BpfLoader: map /sys/fs/bpf/memevents/map_bpfMemEvents_lmkd_rb id 66
06-13 13:37:13.083   467   467 D BpfLoader: prog /sys/fs/bpf/memevents/prog_bpfMemEvents_tracepoint_oom_mark_victim_ams id 66
06-13 13:37:13.084   467   467 D BpfLoader: prog /sys/fs/bpf/memevents/prog_bpfMemEvents_tracepoint_vmscan_mm_vmscan_direct_reclaim_begin_lmkd id 67
06-13 13:37:13.084   467   467 D BpfLoader: prog /sys/fs/bpf/memevents/prog_bpfMemEvents_tracepoint_vmscan_mm_vmscan_direct_reclaim_end_lmkd id 68
06-13 13:37:13.084   467   467 D BpfLoader: prog /sys/fs/bpf/memevents/prog_bpfMemEvents_tracepoint_vmscan_mm_vmscan_kswapd_wake_lmkd id 69
06-13 13:37:13.084   467   467 D BpfLoader: prog /sys/fs/bpf/memevents/prog_bpfMemEvents_tracepoint_vmscan_mm_vmscan_kswapd_sleep_lmkd id 70
06-13 13:37:13.085   467   467 D BpfLoader: prog /sys/fs/bpf/memevents/prog_bpfMemEvents_tracepoint_android_vendor_lmk_android_trigger_vendor_lmk_kill_lmkd id 71
06-13 13:37:13.085   467   467 D BpfLoader: prog /sys/fs/bpf/memevents/prog_bpfMemEvents_tracepoint_kmem_mm_calculate_totalreserve_pages_lmkd id 72
06-13 13:37:13.085   467   467 I BpfLoader: Platform BpfLoader loading critical for healthd ELF object /vendor/etc/bpf/filterPowerSupplyEvents.o with license Apache 2.0
06-13 13:37:13.085   467   467 W BpfLoader: No maps section could be found in elf object
06-13 13:37:13.109   467   467 D BpfLoader: prog /sys/fs/bpf/vendor/prog_filterPowerSupplyEvents_skfilter_power_supply id 73
06-13 13:37:13.111   467   467 I NetBpfLoad: success.
06-13 13:37:13.111     1     1 I init    : Service 'bpfloader' (pid 467) exited with status 0 waiting took 0.181000 seconds
06-13 13:37:13.111     1     1 I init    : Sending signal 9 to service 'bpfloader' (pid 467) process group...
06-13 13:37:13.112     1     1 I libprocessgroup: Removed cgroup /sys/fs/cgroup/system/uid_0/pid_467
06-13 13:37:13.112     1     1 I init    : processing action (sys.init.perf_lsm_hooks=1 && load-bpf-programs) from (/system/etc/init/hw/init.rc:1256)
06-13 13:37:13.112     1     1 I init    : processing action (bpf-progs-loaded) from (/system/etc/init/hw/init.rc:1083)
06-13 13:37:13.112     1     1 I init    : starting service 'netd'...
06-13 13:37:13.112     1     1 I init    : Created socket '/dev/socket/dnsproxyd', mode 660, user 0, group 3003
06-13 13:37:13.112     1     1 I init    : Created socket '/dev/socket/mdns', mode 660, user 0, group 1000
06-13 13:37:13.112     1     1 I init    : Created socket '/dev/socket/fwmarkd', mode 660, user 0, group 3003
06-13 13:37:13.114     1     1 I init    : ... started service 'netd' has pid 468
06-13 13:37:13.114     1     1 I init    : processing action (zygote-start) from (/system/etc/init/hw/init.rc:1088)
06-13 13:37:13.114     1     1 I init    : start_waiting_for_property("odsign.verification.done", "1"): already set
06-13 13:37:13.114     1     1 I init    : starting service 'update_verifier'...
06-13 13:37:13.114     1     1 I init    : ... started service 'update_verifier' has pid 469
06-13 13:37:13.114     1     1 I init    : SVC_EXEC service 'update_verifier' pid 469 (uid 0 gid 2001+1 context default) started; waiting...
06-13 13:37:13.118     1     1 I init    : Service 'update_verifier' (pid 469) exited with status 0 waiting took 0.004000 seconds
06-13 13:37:13.118     1     1 I init    : Sending signal 9 to service 'update_verifier' (pid 469) process group...
06-13 13:37:13.118     1     1 I libprocessgroup: Removed cgroup /sys/fs/cgroup/system/uid_0/pid_469
06-13 13:37:13.119     1     1 I init    : starting service 'statsd'...
06-13 13:37:13.119     1     1 I init    : Created socket '/dev/socket/statsdw', mode 222, user 1066, group 1066
06-13 13:37:13.120     1     1 I init    : ... started service 'statsd' has pid 470
06-13 13:37:13.120     1     1 I init    : starting service 'zygote'...
06-13 13:37:13.120     1     1 I init    : Created socket '/dev/socket/zygote', mode 660, user 0, group 1000
06-13 13:37:13.120     1     1 I init    : Created socket '/dev/socket/usap_pool_primary', mode 660, user 0, group 1000
06-13 13:37:13.121     1     1 I init    : ... started service 'zygote' has pid 471
06-13 13:37:13.121     1     1 I init    : Command 'start zygote_secondary' action=zygote-start (/system/etc/init/hw/init.rc:1094) took 0ms and failed: service zygote_secondary not found
06-13 13:37:13.121     1     1 I init    : processing action (zygote-start) from (/vendor/etc/init/hw/init.ranchu.rc:76)
06-13 13:37:13.122     1     1 I init    : processing action (firmware_mounts_complete) from (/system/etc/init/hw/init.rc:497)
06-13 13:37:13.122     1     1 I init    : processing action (early-boot) from (/system/etc/init/installd.rc:7)
06-13 13:37:13.125     1     1 I init    : processing action (early-boot) from (/system/etc/init/kcmdlinectrl.rc:17)
06-13 13:37:13.125     1     1 I init    : starting service 'exec 13 (/system/bin/kcmdlinectrl update-props)'...
06-13 13:37:13.125     1     1 I init    : ... started service 'exec 13 (/system/bin/kcmdlinectrl update-props)' has pid 472
06-13 13:37:13.125     1     1 I init    : processing action (boot) from (/system/etc/init/hw/init.rc:1104)
06-13 13:37:13.126     1     1 I init    : Command 'symlink /sys/fs/f2fs/${dev.mnt.dev.data} /dev/sys/fs/by-name/userdata' action=boot (/system/etc/init/hw/init.rc:1127) took 0ms and failed: property 'dev.mnt.dev.data' doesn't exist while expanding '/sys/fs/f2fs/${dev.mnt.dev.data}'
06-13 13:37:13.126     1     1 I init    : Command 'symlink /sys/class/block/${dev.mnt.dev.data} /dev/sys/block/by-name/userdata' action=boot (/system/etc/init/hw/init.rc:1132) took 0ms and failed: property 'dev.mnt.dev.data' doesn't exist while expanding '/sys/class/block/${dev.mnt.dev.data}'
06-13 13:37:13.126     1     1 I init    : Command 'symlink /sys/class/block/${dev.mnt.rootdisk.data} /dev/sys/block/by-name/rootdisk' action=boot (/system/etc/init/hw/init.rc:1133) took 0ms and failed: property 'dev.mnt.rootdisk.data' doesn't exist while expanding '/sys/class/block/${dev.mnt.rootdisk.data}'
06-13 13:37:13.126     1     1 I init    : starting service 'hidl_memory'...
06-13 13:37:13.127     1     1 I init    : ... started service 'hidl_memory' has pid 473
06-13 13:37:13.127     1     1 I init    : starting service 'vendor.audio-hal'...
06-13 13:37:13.128     1     1 I init    : ... started service 'vendor.audio-hal' has pid 474
06-13 13:37:13.128     1     1 I init    : starting service 'vendor.camera-provider-ranchu'...
06-13 13:37:13.129     1     1 I init    : ... started service 'vendor.camera-provider-ranchu' has pid 475
06-13 13:37:13.129     1     1 I init    : starting service 'vendor.camera-provider-2-7-google'...
06-13 13:37:13.130     1     1 I init    : ... started service 'vendor.camera-provider-2-7-google' has pid 476
06-13 13:37:13.130     1     1 I init    : starting service 'vendor.graphics.allocator'...
06-13 13:37:13.131     1     1 I init    : ... started service 'vendor.graphics.allocator' has pid 477
06-13 13:37:13.131     1     1 I init    : starting service 'vendor.health-default'...
06-13 13:37:13.132     1     1 I init    : ... started service 'vendor.health-default' has pid 478
06-13 13:37:13.132     1     1 I init    : starting service 'android-hardware-media-c2-goldfish-hal-1-0'...
06-13 13:37:13.133     1     1 I init    : ... started service 'android-hardware-media-c2-goldfish-hal-1-0' has pid 479
06-13 13:37:13.133     1     1 I init    : starting service 'vendor.radio-ranchu'...
06-13 13:37:13.134     1     1 I init    : ... started service 'vendor.radio-ranchu' has pid 480
06-13 13:37:13.134     1     1 I init    : starting service 'vendor.sensors-hal-multihal'...
06-13 13:37:13.136     1     1 I init    : ... started service 'vendor.sensors-hal-multihal' has pid 481
06-13 13:37:13.136     1     1 I init    : starting service 'vendor.usb_default'...
06-13 13:37:13.138     1     1 I init    : ... started service 'vendor.usb_default' has pid 482
06-13 13:37:13.138     1     1 I init    : starting service 'vendor.wifi_hal_legacy'...
06-13 13:37:13.139     1     1 I init    : ... started service 'vendor.wifi_hal_legacy' has pid 483
06-13 13:37:13.139     1     1 I init    : starting service 'vendor.bluetooth-default'...
06-13 13:37:13.141     1     1 I init    : ... started service 'vendor.bluetooth-default' has pid 484
06-13 13:37:13.141     1     1 I init    : starting service 'vendor.hwcomposer-3'...
06-13 13:37:13.143     1     1 I init    : ... started service 'vendor.hwcomposer-3' has pid 486
06-13 13:37:13.143     1     1 I init    : starting service 'vendor.identity-default'...
06-13 13:37:13.143   478   478 W healthd : batteryCapacityLevelPath not found
06-13 13:37:13.143   478   478 W healthd : batteryChargeTimeToFullNowPath. not found
06-13 13:37:13.143   478   478 W healthd : batteryFullChargeDesignCapacityUahPath. not found
06-13 13:37:13.143   478   478 W healthd : batteryStateOfHealthPath not found
06-13 13:37:13.143   478   478 W healthd : batteryHealthStatusPath not found
06-13 13:37:13.143   478   478 W healthd : batteryManufacturingDatePath not found
06-13 13:37:13.143   478   478 W healthd : batteryFirstUsageDatePath not found
06-13 13:37:13.143   478   478 W healthd : chargingStatePath not found
06-13 13:37:13.143   478   478 W healthd : chargingPolicyPath not found
06-13 13:37:13.144   224   224 I servicemanager: getDeviceHalManifest: Reloading VINTF information.
06-13 13:37:13.144   224   224 I servicemanager: getDeviceHalManifest: Reading VINTF information.
06-13 13:37:13.145   224   224 I servicemanager: Loaded APEX Infos from /apex/apex-info-list.xml
06-13 13:37:13.145     1     1 I init    : ... started service 'vendor.identity-default' has pid 488
06-13 13:37:13.146     1     1 I init    : starting service 'vendor.light-default'...
06-13 13:37:13.147     1     1 I init    : ... started service 'vendor.light-default' has pid 492
06-13 13:37:13.150     1     1 I init    : starting service 'vendor.authsecret_default'...
06-13 13:37:13.154     1     1 I init    : ... started service 'vendor.authsecret_default' has pid 493
06-13 13:37:13.165     1     1 I init    : starting service 'vendor.cas-default'...
06-13 13:37:13.166     1     1 I init    : ... started service 'vendor.cas-default' has pid 494
06-13 13:37:13.167     1     1 I init    : starting service 'vendor.contexthub-default'...
06-13 13:37:13.170     1     1 I init    : ... started service 'vendor.contexthub-default' has pid 495
06-13 13:37:13.171     1     1 I init    : starting service 'neuralnetworks_hal_service_aidl_sample_all'...
06-13 13:37:13.173     1     1 I init    : ... started service 'neuralnetworks_hal_service_aidl_sample_all' has pid 496
06-13 13:37:13.173     1     1 I init    : starting service 'neuralnetworks_hal_service_aidl_sample_limited'...
06-13 13:37:13.174     1     1 I init    : ... started service 'neuralnetworks_hal_service_aidl_sample_limited' has pid 498
06-13 13:37:13.174     1     1 I init    : starting service 'neuralnetworks_hal_service_shim_sample'...
06-13 13:37:13.175     1     1 I init    : ... started service 'neuralnetworks_hal_service_shim_sample' has pid 500
06-13 13:37:13.177     1     1 I init    : starting service 'vendor.power-default'...
06-13 13:37:13.178     1     1 I init    : ... started service 'vendor.power-default' has pid 504
06-13 13:37:13.178     1     1 I init    : starting service 'vendor.power.stats-default'...
06-13 13:37:13.178     1     1 I init    : ... started service 'vendor.power.stats-default' has pid 505
06-13 13:37:13.181     1     1 I init    : starting service 'vendor.rebootescrow-default'...
06-13 13:37:13.184     1     1 I init    : ... started service 'vendor.rebootescrow-default' has pid 508
06-13 13:37:13.185   224   224 I servicemanager: Loaded APEX Infos from /apex/apex-info-list.xml
06-13 13:37:13.185   224   224 I servicemanager: getDeviceHalManifest: Successfully processed VINTF information
06-13 13:37:13.185   224   224 I servicemanager: getFrameworkHalManifest: Reloading VINTF information.
06-13 13:37:13.185   224   224 I servicemanager: getFrameworkHalManifest: Reading VINTF information.
06-13 13:37:13.186   224   224 I servicemanager: Loaded APEX Infos from /apex/apex-info-list.xml
06-13 13:37:13.186   224   224 I servicemanager: getFrameworkHalManifest: Successfully processed VINTF information
06-13 13:37:13.186   224   224 I servicemanager: Caller(pid=478,uid=1000,sid=u:r:hal_health_default:s0) Found android.hardware.health.IHealth/default in device VINTF manifest.
06-13 13:37:13.186     1     1 I init    : starting service 'vendor.thermal-example'...
06-13 13:37:13.188     1     1 I init    : ... started service 'vendor.thermal-example' has pid 509
06-13 13:37:13.189   224   224 I servicemanager: Caller(pid=494,uid=1013,sid=u:r:hal_cas_default:s0) Found android.hardware.cas.IMediaCasService/default in device VINTF manifest.
06-13 13:37:13.190     1     1 I init    : starting service 'vendor.threadnetwork_hal'...
06-13 13:37:13.190   224   224 I servicemanager: Caller(pid=481,uid=1000,sid=u:r:hal_sensors_default:s0) Found android.hardware.sensors.ISensors/default in device VINTF manifest.
06-13 13:37:13.191   224   224 I servicemanager: Caller(pid=488,uid=9999,sid=u:r:hal_identity_default:s0) Found android.hardware.identity.IIdentityCredentialStore/default in device VINTF manifest.
06-13 13:37:13.191   224   224 I servicemanager: Caller(pid=493,uid=1064,sid=u:r:hal_authsecret_default:s0) Found android.hardware.authsecret.IAuthSecret/default in device VINTF manifest.
06-13 13:37:13.191   224   224 I servicemanager: Caller(pid=483,uid=1010,sid=u:r:hal_wifi_default:s0) Found android.hardware.wifi.IWifi/default in device VINTF manifest.
06-13 13:37:13.192   224   224 I servicemanager: Caller(pid=482,uid=1000,sid=u:r:hal_usb_default:s0) Found android.hardware.usb.IUsb/default in device VINTF manifest.
06-13 13:37:13.193   478   478 I HealthLoop: Successfully attached the BPF filter to the uevent socket
06-13 13:37:13.194   478   478 W healthd : battery l=100 v=5000 t=25.0 h=2 st=4 c=900000 fc=3000000 cc=10 chg=
06-13 13:37:13.196   224   224 I servicemanager: Caller(pid=484,uid=1002,sid=u:r:hal_bluetooth_default:s0) Found android.hardware.bluetooth.IBluetoothHci/default in device VINTF manifest.
06-13 13:37:13.197     1     1 I init    : ... started service 'vendor.threadnetwork_hal' has pid 510
06-13 13:37:13.197    97    97 E selinux : SELinux: Could not get canonical path for /sys/devices/virtual/net/ipsec_test/queues/rx-0 restorecon: No such file or directory.
06-13 13:37:13.197    97    97 E ueventd : selinux_android_restorecon(/sys/devices/virtual/net/ipsec_test/queues/rx-0) failed: No such file or directory
06-13 13:37:13.198   224   224 I servicemanager: Caller(pid=508,uid=1000,sid=u:r:hal_rebootescrow_default:s0) Found android.hardware.rebootescrow.IRebootEscrow/default in device VINTF manifest.
06-13 13:37:13.198   224   224 I servicemanager: Caller(pid=509,uid=9999,sid=u:r:hal_thermal_default:s0) Found android.hardware.thermal.IThermal/default in device VINTF manifest.
06-13 13:37:13.198   224   224 I servicemanager: Caller(pid=480,uid=1001,sid=u:r:hal_radio_default:s0) Found android.hardware.radio.ims.media.IImsMedia/default in device VINTF manifest.
06-13 13:37:13.198   224   224 I servicemanager: Caller(pid=480,uid=1001,sid=u:r:hal_radio_default:s0) Found android.hardware.radio.config.IRadioConfig/default in device VINTF manifest.
06-13 13:37:13.198   224   224 I servicemanager: Caller(pid=480,uid=1001,sid=u:r:hal_radio_default:s0) Found android.hardware.radio.data.IRadioData/slot1 in device VINTF manifest.
06-13 13:37:13.198   224   224 I servicemanager: Caller(pid=495,uid=1080,sid=u:r:hal_contexthub_default:s0) Found android.hardware.contexthub.IContextHub/default in device VINTF manifest.
06-13 13:37:13.198   224   224 I servicemanager: Caller(pid=480,uid=1001,sid=u:r:hal_radio_default:s0) Found android.hardware.radio.ims.IRadioIms/slot1 in device VINTF manifest.
06-13 13:37:13.199   224   224 I servicemanager: Caller(pid=480,uid=1001,sid=u:r:hal_radio_default:s0) Found android.hardware.radio.messaging.IRadioMessaging/slot1 in device VINTF manifest.
06-13 13:37:13.199   224   224 I servicemanager: Caller(pid=480,uid=1001,sid=u:r:hal_radio_default:s0) Found android.hardware.radio.modem.IRadioModem/slot1 in device VINTF manifest.
06-13 13:37:13.199   224   224 I servicemanager: Caller(pid=480,uid=1001,sid=u:r:hal_radio_default:s0) Found android.hardware.radio.network.IRadioNetwork/slot1 in device VINTF manifest.
06-13 13:37:13.199   224   224 I servicemanager: Caller(pid=480,uid=1001,sid=u:r:hal_radio_default:s0) Found android.hardware.radio.sim.IRadioSim/slot1 in device VINTF manifest.
06-13 13:37:13.199   224   224 I servicemanager: Caller(pid=480,uid=1001,sid=u:r:hal_radio_default:s0) Found android.hardware.radio.voice.IRadioVoice/slot1 in device VINTF manifest.
06-13 13:37:13.199   224   224 I servicemanager: Caller(pid=480,uid=1001,sid=u:r:hal_radio_default:s0) Found android.hardware.radio.sap.ISap/slot1 in device VINTF manifest.
06-13 13:37:13.217     1     1 I init    : starting service 'vendor.vibrator-default'...
06-13 13:37:13.218     1     1 I init    : ... started service 'vendor.vibrator-default' has pid 517
06-13 13:37:13.220     1     1 I init    : starting service 'vendor.drm-widevine-hal'...
06-13 13:37:13.221     1     1 I init    : ... started service 'vendor.drm-widevine-hal' has pid 518
06-13 13:37:13.221     1     1 E init    : Could not start service 'vendor.drm-widevine-hal-rikers' as part of class 'hal': Cannot find '/apex/com.google.android.widevine/bin/hw/android.hardware.drm-service.widevine-rikers': No such file or directory
06-13 13:37:13.221     1     1 I init    : Command 'class_start hal' action=boot (/system/etc/init/hw/init.rc:1213) took 94ms and succeeded
06-13 13:37:13.221     1     1 I init    : Service 'exec 13 (/system/bin/kcmdlinectrl update-props)' (pid 472) exited with status 1 oneshot service took 0.096000 seconds in background
06-13 13:37:13.221     1     1 I init    : Sending signal 9 to service 'exec 13 (/system/bin/kcmdlinectrl update-props)' (pid 472) process group...
06-13 13:37:13.221     1     1 I libprocessgroup: Removed cgroup /sys/fs/cgroup/system/uid_0/pid_472
06-13 13:37:13.221     1     1 I init    : service 'ueventd' requested start, but it is already running (flags: 2084)
06-13 13:37:13.221     1     1 I init    : service 'console' requested start, but it is already running (flags: 2196)
06-13 13:37:13.221     1     1 I init    : service 'apexd' requested start, but it is already running (flags: 134)
06-13 13:37:13.221     1     1 I init    : starting service 'audioserver'...
06-13 13:37:13.222     1     1 I init    : ... started service 'audioserver' has pid 519
06-13 13:37:13.222     1     1 I init    : starting service 'credstore'...
06-13 13:37:13.223   224   224 I servicemanager: Caller(pid=492,uid=9999,sid=u:r:hal_light_default:s0) Found android.hardware.light.ILights/default in device VINTF manifest.
06-13 13:37:13.224     1     1 I init    : ... started service 'credstore' has pid 520
06-13 13:37:13.224     1     1 I init    : starting service 'gpu'...
06-13 13:37:13.225     1     1 I init    : ... started service 'gpu' has pid 521
06-13 13:37:13.225     1     1 I init    : service 'lmkd' requested start, but it is already running (flags: 36)
06-13 13:37:13.225     1     1 I init    : starting service 'misctrl'...
06-13 13:37:13.226     1     1 I init    : ... started service 'misctrl' has pid 524
06-13 13:37:13.226     1     1 I init    : service 'servicemanager' requested start, but it is already running (flags: 2084)
06-13 13:37:13.226     1     1 I init    : starting service 'surfaceflinger'...
06-13 13:37:13.226     1     1 I init    : ... started service 'surfaceflinger' has pid 525
06-13 13:37:13.226     1     1 I init    : service 'vold' requested start, but it is already running (flags: 2052)
06-13 13:37:13.226     1     1 I init    : processing action (persist.sys.usb.config=* && boot) from (/system/etc/init/hw/init.usb.rc:109)
06-13 13:37:13.226     1     1 I init    : processing action (boot) from (/vendor/etc/init/hw/init.ranchu.rc:82)
06-13 13:37:13.227     1     1 I init    : processing action (boot) from (/system/etc/init/dumpstate.rc:1)
06-13 13:37:13.227     1     1 I init    : processing action (boot) from (/system/etc/init/gsid.rc:25)
06-13 13:37:13.227     1     1 I init    : starting service 'exec 14 (/system/bin/gsid run-startup-tasks)'...
06-13 13:37:13.228     1     1 I init    : ... started service 'exec 14 (/system/bin/gsid run-startup-tasks)' has pid 526
06-13 13:37:13.228     1     1 I init    : processing action (persist.device_config.aconfig_flags.profcollect_native_boot.enabled= && boot) from (/system/etc/init/profcollectd.rc:19)
06-13 13:37:13.228     1     1 I init    : starting service 'exec 15 (/system/bin/profcollectctl reset)'...
06-13 13:37:13.229     1     1 I init    : ... started service 'exec 15 (/system/bin/profcollectctl reset)' has pid 532
06-13 13:37:13.229     1     1 I init    : processing action (boot) from (/vendor/etc/init/android.hardware.sensors-service-multihal.rc:1)
06-13 13:37:13.230   224   224 I servicemanager: Caller(pid=505,uid=1000,sid=u:r:hal_power_stats_default:s0) Found android.hardware.power.stats.IPowerStats/default in device VINTF manifest.
06-13 13:37:13.231   224   224 I servicemanager: Caller(pid=510,uid=1084,sid=u:r:hal_threadnetwork_default:s0) Found android.hardware.threadnetwork.IThreadChip/chip0 in device VINTF manifest.
06-13 13:37:13.233     1     1 I init    : processing action (enable_property_trigger) from (<Builtin Action>:0)
