05-22 10:11:57.517   687   687 E SoundTriggerMiddlewareImpl: 	at android.hardware.soundtrigger.V2_0.ISoundTriggerHw.getService(ISoundTriggerHw.java:57)
05-22 10:11:57.517   687   687 E SoundTriggerMiddlewareImpl: 	at android.hardware.soundtrigger.V2_0.ISoundTriggerHw.getService(ISoundTriggerHw.java:64)
05-22 10:11:57.517   687   687 E SoundTriggerMiddlewareImpl: 	at com.android.server.soundtrigger_middleware.DefaultHalFactory.create(DefaultHalFactory.java:76)
05-22 10:11:57.517   687   687 E SoundTriggerMiddlewareImpl: 	at com.android.server.soundtrigger_middleware.SoundTriggerModule.attachToHal(SoundTriggerModule.java:176)
05-22 10:11:57.517   687   687 E SoundTriggerMiddlewareImpl: 	at com.android.server.soundtrigger_middleware.SoundTriggerModule.<init>(SoundTriggerModule.java:105)
05-22 10:11:57.517   687   687 E SoundTriggerMiddlewareImpl: 	at com.android.server.soundtrigger_middleware.SoundTriggerMiddlewareImpl.<init>(SoundTriggerMiddlewareImpl.java:86)
05-22 10:11:57.517   687   687 E SoundTriggerMiddlewareImpl: 	at com.android.server.soundtrigger_middleware.SoundTriggerMiddlewareService$Lifecycle.onStart(SoundTriggerMiddlewareService.java:248)
05-22 10:11:57.517   687   687 E SoundTriggerMiddlewareImpl: 	at com.android.server.SystemServiceManager.startService(SystemServiceManager.java:280)
05-22 10:11:57.517   687   687 E SoundTriggerMiddlewareImpl: 	at com.android.server.SystemServiceManager.startService(SystemServiceManager.java:257)
05-22 10:11:57.517   687   687 E SoundTriggerMiddlewareImpl: 	at com.android.server.SystemServer.startOtherServices(SystemServer.java:2417)
05-22 10:11:57.517   687   687 E SoundTriggerMiddlewareImpl: 	at com.android.server.SystemServer.run(SystemServer.java:988)
05-22 10:11:57.517   687   687 E SoundTriggerMiddlewareImpl: 	at com.android.server.SystemServer.main(SystemServer.java:689)
05-22 10:11:57.517   687   687 E SoundTriggerMiddlewareImpl: 	at java.lang.reflect.Method.invoke(Native Method)
05-22 10:11:57.517   687   687 E SoundTriggerMiddlewareImpl: 	at com.android.internal.os.RuntimeInit$MethodAndArgsCaller.run(RuntimeInit.java:593)
05-22 10:11:57.517   687   687 E SoundTriggerMiddlewareImpl: 	at com.android.internal.os.ZygoteInit.main(ZygoteInit.java:910)
05-22 10:11:57.518   687   875 I AS.AudioService: updateIndexFactors() stream:1 index min/max:0/7 indexStepFactor:1.0
05-22 10:11:57.518   687   875 I AS.AudioService: updateIndexFactors() stream:2 index min/max:0/7 indexStepFactor:1.0
05-22 10:11:57.518   687   687 D SystemServerTiming: StartDockObserver
05-22 10:11:57.518   687   687 I SystemServiceManager: Starting com.android.server.DockObserver
05-22 10:11:57.518   687   687 I DockObserver: No extcon dock device found in this kernel.
05-22 10:11:57.518   687   875 I AS.AudioService: updateIndexFactors() stream:3 index min/max:0/15 indexStepFactor:1.0
05-22 10:11:57.518   687   687 D SystemServerTiming: StartWiredAccessoryManager
05-22 10:11:57.519   687   687 W WiredAccessoryManager: This kernel does not have usb audio support
05-22 10:11:57.519   687   687 W WiredAccessoryManager: This kernel does not have HDMI audio support
05-22 10:11:57.519   687   687 D SystemServerTiming: StartMidiManager
05-22 10:11:57.519   687   687 I SystemServiceManager: Starting com.android.server.midi.MidiService$Lifecycle
05-22 10:11:57.519   687   875 I AS.AudioService: updateIndexFactors() stream:4 index min/max:1/7 indexStepFactor:1.0
05-22 10:11:57.519   687   687 D SystemServerTiming: StartAdbService
05-22 10:11:57.519   687   687 I SystemServiceManager: Starting com.android.server.adb.AdbService$Lifecycle
05-22 10:11:57.520   687   875 I AS.AudioService: updateIndexFactors() stream:5 index min/max:0/7 indexStepFactor:1.0
05-22 10:11:57.520   687   687 D SystemServerTiming: StartUsbService
05-22 10:11:57.520   687   687 I SystemServiceManager: Starting com.android.server.usb.UsbService$Lifecycle
05-22 10:11:57.520   687   687 D SystemServerTiming: StartSerialService
05-22 10:11:57.520   687   687 I SystemServiceManager: Starting com.android.server.SerialService$Lifecycle
05-22 10:11:57.520   687   805 D SystemServerTimingAsync: InitThreadPoolExec:UsbService$Lifecycle#onStart
05-22 10:11:57.520   687   875 I AS.AudioService: updateIndexFactors() stream:7 index min/max:0/7 indexStepFactor:1.0
05-22 10:11:57.520   687   805 I UsbDeviceManager: failed to write to /sys/class/android_usb/android0/f_rndis/ethaddr
05-22 10:11:57.520   687   805 D UsbPortManager: Querying USB Gadget HAL version
05-22 10:11:57.520   687   875 I AS.AudioService: updateIndexFactors() stream:8 index min/max:0/15 indexStepFactor:1.0
05-22 10:11:57.520   687   687 D SystemServerTiming: StartHardwarePropertiesManagerService
05-22 10:11:57.521   687   875 I AS.AudioService: updateIndexFactors() stream:9 index min/max:0/15 indexStepFactor:1.0
05-22 10:11:57.521   687   875 I AS.AudioService: updateIndexFactors() stream:10 index min/max:1/15 indexStepFactor:1.0
05-22 10:11:57.521   687   875 I AS.AudioService: updateIndexFactors() stream:11 index min/max:0/15 indexStepFactor:1.0
05-22 10:11:57.521   687   687 D SystemServerTiming: StartTwilightService
05-22 10:11:57.521   687   687 I SystemServiceManager: Starting com.android.server.twilight.TwilightService
05-22 10:11:57.521   687   687 D SystemServerTiming: StartColorDisplay
05-22 10:11:57.521   687   687 I SystemServiceManager: Starting com.android.server.display.color.ColorDisplayService
05-22 10:11:57.522   687   805 E UsbDeviceManager: connectToProxy: usb gadget hidl hal service not found.
05-22 10:11:57.522   687   805 E UsbDeviceManager: java.util.NoSuchElementException
05-22 10:11:57.522   687   805 E UsbDeviceManager: 	at android.os.HwBinder.getService(Native Method)
05-22 10:11:57.522   687   805 E UsbDeviceManager: 	at android.hardware.usb.gadget.V1_0.IUsbGadget.getService(IUsbGadget.java:57)
05-22 10:11:57.522   687   805 E UsbDeviceManager: 	at android.hardware.usb.gadget.V1_0.IUsbGadget.getService(IUsbGadget.java:64)
05-22 10:11:57.522   687   805 E UsbDeviceManager: 	at com.android.server.usb.hal.gadget.UsbGadgetHidl.isServicePresent(UsbGadgetHidl.java:128)
05-22 10:11:57.522   687   805 E UsbDeviceManager: 	at com.android.server.usb.hal.gadget.UsbGadgetHalInstance.getInstance(UsbGadgetHalInstance.java:39)
05-22 10:11:57.522   687   805 E UsbDeviceManager: 	at com.android.server.usb.UsbDeviceManager.<init>(UsbDeviceManager.java:349)
05-22 10:11:57.522   687   805 E UsbDeviceManager: 	at com.android.server.usb.UsbService.<init>(UsbService.java:219)
05-22 10:11:57.522   687   805 E UsbDeviceManager: 	at com.android.server.usb.UsbService$Lifecycle.lambda$onStart$0(UsbService.java:125)
05-22 10:11:57.522   687   805 E UsbDeviceManager: 	at com.android.server.usb.UsbService$Lifecycle.$r8$lambda$HIZVSW8uTg1XjWF6etZh-bC1WP4(UsbService.java:0)
05-22 10:11:57.522   687   805 E UsbDeviceManager: 	at com.android.server.usb.UsbService$Lifecycle$$ExternalSyntheticLambda0.run(R8$$SyntheticClass:0)
05-22 10:11:57.522   687   805 E UsbDeviceManager: 	at com.android.server.SystemServerInitThreadPool.lambda$submitTask$0(SystemServerInitThreadPool.java:107)
05-22 10:11:57.522   687   805 E UsbDeviceManager: 	at com.android.server.SystemServerInitThreadPool.$r8$lambda$KBkrFsHiqcxWyjNRg1WxRI4WNHA(SystemServerInitThreadPool.java:0)
05-22 10:11:57.522   687   805 E UsbDeviceManager: 	at com.android.server.SystemServerInitThreadPool$$ExternalSyntheticLambda1.run(R8$$SyntheticClass:0)
05-22 10:11:57.522   687   805 E UsbDeviceManager: 	at java.util.concurrent.Executors$RunnableAdapter.call(Executors.java:524)
05-22 10:11:57.522   687   805 E UsbDeviceManager: 	at java.util.concurrent.FutureTask.run(FutureTask.java:317)
05-22 10:11:57.522   687   805 E UsbDeviceManager: 	at java.util.concurrent.ThreadPoolExecutor.runWorker(ThreadPoolExecutor.java:1156)
05-22 10:11:57.522   687   805 E UsbDeviceManager: 	at java.util.concurrent.ThreadPoolExecutor$Worker.run(ThreadPoolExecutor.java:651)
05-22 10:11:57.522   687   805 E UsbDeviceManager: 	at com.android.internal.util.ConcurrentUtils$1$1.run(ConcurrentUtils.java:65)
05-22 10:11:57.522   687   805 E UsbPortManager: USB Gadget HAL AIDL/HIDL not present
05-22 10:11:57.522   687   805 D UsbDeviceManager: getInstance done
05-22 10:11:57.522   687   805 E UsbDeviceManager: Failed to open control for mtp
05-22 10:11:57.522   687   805 E UsbDeviceManager: Failed to open control for ptp
05-22 10:11:57.522   687   687 D SystemServerTiming: StartJobScheduler
05-22 10:11:57.523   687   687 I SystemServiceManager: Starting com.android.server.job.JobSchedulerService
05-22 10:11:57.524   687   805 W StorageManagerService: No primary storage defined yet; hacking together a stub
05-22 10:11:57.524   687   805 D UsbPortManager: Querying USB HAL version
05-22 10:11:57.524   687   805 I UsbPortManager: USB HAL AIDL present
05-22 10:11:57.525   687   805 D UsbPortManager: getInstance done
05-22 10:11:57.525   687   705 I UsbPortManager: all: opID:1 successful
05-22 10:11:57.530   687   687 D CompatChangeReporter: Compat change id reported: 349487600; UID 1000; state: ENABLED
05-22 10:11:57.530   687   737 D JobStore: Start tag: job-info
05-22 10:11:57.531   687   687 V LegacyHistoricalRegistry: Interaction before persistence initialized
05-22 10:11:57.531   687   687 V LegacyHistoricalRegistry: Interaction before persistence initialized
05-22 10:11:57.531   687   687 V LegacyHistoricalRegistry: Interaction before persistence initialized
05-22 10:11:57.532   687   687 D SystemServerTiming: StartSoundTrigger
05-22 10:11:57.532   687   687 I SystemServiceManager: Starting com.android.server.soundtrigger.SoundTriggerService
05-22 10:11:57.533   687   687 D SystemServerTiming: StartTrustManager
05-22 10:11:57.533   687   687 I SystemServiceManager: Starting com.android.server.trust.TrustManagerService
05-22 10:11:57.533   687   687 D SystemServerTiming: StartBackupManager
05-22 10:11:57.533   687   687 I SystemServiceManager: Starting com.android.server.backup.BackupManagerService$Lifecycle
05-22 10:11:57.534   687   687 D BackupManagerService: Default backup user id = 0
05-22 10:11:57.534   687   687 D SystemServerTiming: StartAppWidgetService
05-22 10:11:57.534   687   687 I SystemServiceManager: Starting com.android.server.appwidget.AppWidgetService
05-22 10:11:57.535   687   875 W BroadcastLoopers: Found previously unknown looper Thread[AudioService,5,main]
05-22 10:11:57.535   687   737 D JobStore: Start tag: job-info
05-22 10:11:57.535   687   687 D SystemServerTiming: StartVoiceRecognitionManager
05-22 10:11:57.535   687   687 I SystemServiceManager: Starting com.android.server.voiceinteraction.VoiceInteractionManagerService
05-22 10:11:57.536   687   737 D JobStore: Start tag: job-info
05-22 10:11:57.537   687   737 D JobStore: Start tag: job-info
05-22 10:11:57.538   687   737 D JobStore: Start tag: job-info
05-22 10:11:57.539   687   737 D JobStore: Start tag: job-info
05-22 10:11:57.541   687   737 D JobStore: Start tag: job-info
05-22 10:11:57.542   687   737 D JobStore: Start tag: job-info
05-22 10:11:57.544   687   737 D JobStore: Start tag: job-info
05-22 10:11:57.545   687   737 D JobStore: Start tag: job-info
05-22 10:11:57.546   687   737 D JobStore: Start tag: job-info
05-22 10:11:57.547   687   737 D JobStore: Start tag: job-info
05-22 10:11:57.548   687   737 D JobStore: Start tag: job-info
05-22 10:11:57.549   687   737 D JobStore: Start tag: job-info
05-22 10:11:57.550   687   737 D JobStore: Start tag: job-info
05-22 10:11:57.551   687   737 D JobStore: Start tag: job-info
05-22 10:11:57.551   687   737 I JobStore: Read 76 jobs
05-22 10:11:57.552   687   807 W SyncManager: Failure adding authority: auth=subscribedfeeds enabled=false syncable=1
05-22 10:11:57.623   687   687 D SystemServerTiming: StartGestureLauncher
05-22 10:11:57.623   687   687 I SystemServiceManager: Starting com.android.server.GestureLauncherService
05-22 10:11:57.623   687   687 D SystemServerTiming: StartSensorNotification
05-22 10:11:57.623   687   687 I SystemServiceManager: Starting com.android.server.SensorNotificationService
05-22 10:11:57.623   687   687 D SystemServerTiming: StartContextHubSystemService
05-22 10:11:57.624   687   687 I SystemServiceManager: Starting com.android.server.ContextHubSystemService
05-22 10:11:57.624   687   687 D SystemServerTiming: StartDiskStatsService
05-22 10:11:57.624   687   792 D SystemServerTimingAsync: InitThreadPoolExec:Init ContextHubSystemService
05-22 10:11:57.625   687   687 D SystemServerTiming: RuntimeService
05-22 10:11:57.625   687   687 D SystemServerTiming: StartNetworkTimeUpdateService
05-22 10:11:57.626   687   687 D SystemServerTiming: CertBlocklister
05-22 10:11:57.626   687   687 D SystemServerTiming: StartEmergencyAffordanceService
05-22 10:11:57.626   687   687 I SystemServiceManager: Starting com.android.server.emergency.EmergencyAffordanceService
05-22 10:11:57.627   687   687 D SystemServerTiming: startBlobStoreManagerService
05-22 10:11:57.627   687   687 I SystemServiceManager: Starting com.android.server.blob.BlobStoreManagerService
05-22 10:11:57.628   687   687 D SystemServerTiming: StartDreamManager
05-22 10:11:57.628   687   687 I SystemServiceManager: Starting com.android.server.dreams.DreamManagerService
05-22 10:11:57.629   687   687 D SystemServerTiming: AddGraphicsStatsService
05-22 10:11:57.630   687   687 D SystemServerTiming: StartPrintManager
05-22 10:11:57.630   687   687 I SystemServiceManager: Starting com.android.server.print.PrintManagerService
05-22 10:11:57.630   687   687 D SystemServerTiming: StartAttestationVerificationService
05-22 10:11:57.630   687   687 I SystemServiceManager: Starting com.android.server.security.AttestationVerificationManagerService
05-22 10:11:57.631   687   687 D AVF     : Started
05-22 10:11:57.631   687   687 D SystemServerTiming: StartCompanionDeviceManager
05-22 10:11:57.631   687   687 I SystemServiceManager: Starting com.android.server.companion.CompanionDeviceManagerService
05-22 10:11:57.632   687   687 I CDM_CompanionTransportManager: Registering OnTransportsChangedListener
05-22 10:11:57.632   687   687 I CDM_AssociationDiskStore: Reading associations for user 0 from disk.
05-22 10:11:57.633   687   897 I CDM_ObservableUuidStore: Reading ObservableUuid for user 0 from file=/data/system_de/0/observing_uuids_presence.xml
05-22 10:11:57.633   687   897 D CDM_ObservableUuidStore: File does not exist -> Abort
05-22 10:11:57.633   687   687 D SystemServerTiming: StartVirtualDeviceManager
05-22 10:11:57.633   687   687 I SystemServiceManager: Starting com.android.server.companion.virtual.VirtualDeviceManagerService
05-22 10:11:57.634   687   687 D SystemServerTiming: StartRestrictionManager
05-22 10:11:57.634   687   687 I SystemServiceManager: Starting com.android.server.restrictions.RestrictionsManagerService
05-22 10:11:57.634   687   687 D SystemServerTiming: StartMediaSessionService
05-22 10:11:57.634   687   687 I SystemServiceManager: Starting com.android.server.media.MediaSessionService
05-22 10:11:57.635   687   687 D SystemServerTiming: StartMediaResourceMonitor
05-22 10:11:57.635   687   687 I SystemServiceManager: Starting com.android.server.media.MediaResourceMonitorService
05-22 10:11:57.635   687   687 D SystemServerTiming: StartMediaRouterService
05-22 10:11:57.635   687   687 V LegacyHistoricalRegistry: Interaction before persistence initialized
05-22 10:11:57.636   687   687 D SystemServerTiming: StartFingerprintSensor
05-22 10:11:57.636   687   687 I SystemServiceManager: Starting com.android.server.biometrics.sensors.fingerprint.FingerprintService
05-22 10:11:57.636   687   687 D SystemServerTiming: StartBiometricService
05-22 10:11:57.636   687   687 I SystemServiceManager: Starting com.android.server.biometrics.BiometricService
05-22 10:11:57.638   687   687 E SystemServiceRegistry: Manager wrapper not available: face
05-22 10:11:57.639   687   687 D SystemServerTiming: StartAuthService
05-22 10:11:57.639   687   687 I SystemServiceManager: Starting com.android.server.biometrics.AuthService
05-22 10:11:57.639   687   687 I FingerprintService: Before:getDeclaredInstances: IFingerprint instance found, a.length=1
05-22 10:11:57.639   687   687 I FingerprintService: After:getDeclaredInstances: a.length=2
05-22 10:11:57.640   687   687 I FaceService: Before:getDeclaredInstances: IFace instance found, a.length=0
05-22 10:11:57.640   687   687 I FaceService: After:getDeclaredInstances: a.length=1
05-22 10:11:57.640   687   687 D SystemServerTiming: StartAuthenticationPolicyService
05-22 10:11:57.641   687   687 I SystemServiceManager: Starting com.android.server.security.authenticationpolicy.AuthenticationPolicyService
05-22 10:11:57.641   687   904 E AuthService: Face configuration exists, but FaceService is null.
05-22 10:11:57.641   687   687 D SystemServerTiming: StartDynamicCodeLoggingService
05-22 10:11:57.642   687   687 D SystemServerTiming: StartPruneInstantAppsJobService
05-22 10:11:57.642   687   687 D SystemServerTiming: StartSelinuxAuditLogsService
05-22 10:11:57.649   687   687 D SelinuxAuditLogs: SelinuxAuditLogsService scheduled successfully.
05-22 10:11:57.649   687   687 D SystemServerTiming: StartShortcutServiceLifecycle
05-22 10:11:57.650   687   687 I SystemServiceManager: Starting com.android.server.pm.ShortcutService$Lifecycle
05-22 10:11:57.650   687   687 V LegacyHistoricalRegistry: Interaction before persistence initialized
05-22 10:11:57.651   687   687 D SystemServerTiming: StartLauncherAppsService
05-22 10:11:57.651   687   687 I SystemServiceManager: Starting com.android.server.pm.LauncherAppsService
05-22 10:11:57.652   687   687 D SystemServerTiming: StartCrossProfileAppsService
05-22 10:11:57.652   687   687 I SystemServiceManager: Starting com.android.server.pm.CrossProfileAppsService
05-22 10:11:57.652   687   687 D SystemServerTiming: StartPeopleService
05-22 10:11:57.652   687   687 I SystemServiceManager: Starting com.android.server.people.PeopleService
05-22 10:11:57.652   687   687 D SystemServerTiming: StartMediaMetricsManager
05-22 10:11:57.652   687   687 I SystemServiceManager: Starting com.android.server.media.metrics.MediaMetricsManagerService
05-22 10:11:57.653   687   687 D SystemServerTiming: StartBackgroundInstallControlService
05-22 10:11:57.653   687   687 I SystemServiceManager: Starting com.android.server.pm.BackgroundInstallControlService
05-22 10:11:57.653   687   687 D SystemServerTiming: StartMediaProjectionManager
05-22 10:11:57.654   687   687 I SystemServiceManager: Starting com.android.server.media.projection.MediaProjectionManagerService
05-22 10:11:57.655   687   687 D SystemServerTiming: StartSliceManagerService
05-22 10:11:57.655   687   687 I SystemServiceManager: Starting com.android.server.slice.SliceManagerService$Lifecycle
05-22 10:11:57.658   687   687 D SystemServerTiming: StartStatsCompanion
05-22 10:11:57.658   687   687 I SystemServiceManager: Starting com.android.server.stats.StatsCompanion$Lifecycle
05-22 10:11:57.658   687   903 D FingerprintProvider/default: Adding AIDL configs
05-22 10:11:57.659   687   903 D FingerprintProvider/default: Added: com.android.server.biometrics.sensors.fingerprint.aidl.Sensor@8fac4ce
05-22 10:11:57.659   687   903 D BiometricService: Registering ID: 0 Modality: 2 Strength: 15
05-22 10:11:57.659   687   687 D SystemServerTiming: StartRebootReadinessManagerService
05-22 10:11:57.659   687   687 I SystemServiceManager: Starting com.android.server.scheduling.RebootReadinessManagerService$Lifecycle
05-22 10:11:57.660   687   902 D BiometricScheduler: [Added] {[0] com.android.server.biometrics.sensors.fingerprint.aidl.FingerprintInternalCleanupClient, proto=7, owner=android, cookie=0, requestId=-1, userId=0}, new queue size: 1
05-22 10:11:57.660   687   902 D BiometricScheduler: [Starting User] {[1] com.android.server.biometrics.sensors.fingerprint.aidl.FingerprintStartUserClient, proto=17, owner=android, cookie=0, requestId=-1, userId=0}
05-22 10:11:57.660   687   902 D FingerprintProvider/default: Daemon was null, reconnecting
05-22 10:11:57.660   687   903 D BiometricStrengthController: updateStrengths: revert sensorId=0 to oemStrength=15
05-22 10:11:57.660   687   903 D BiometricService/Sensor: updateStrength: Before(ID(0), oemStrength: 15, updatedStrength: 15, modality 2, state: 0, cookie: 0) After(ID(0), oemStrength: 15, updatedStrength: 15, modality 2, state: 0, cookie: 0)
05-22 10:11:57.662   687   687 D SystemServerTiming: StartStatsPullAtomService
05-22 10:11:57.662   687   687 I SystemServiceManager: Starting com.android.server.stats.pull.StatsPullAtomService
05-22 10:11:57.662   687   687 D SystemServerTiming: StatsBootstrapAtomService
05-22 10:11:57.662   687   687 I SystemServiceManager: Starting com.android.server.stats.bootstrap.StatsBootstrapAtomService$Lifecycle
05-22 10:11:57.662   687   687 D SystemServerTiming: StartIncidentCompanionService
05-22 10:11:57.662   687   687 I SystemServiceManager: Starting com.android.server.incident.IncidentCompanionService
05-22 10:11:57.662   687   687 D SystemServerTiming: StarSdkSandboxManagerService
05-22 10:11:57.662   687   687 I SystemServiceManager: Starting com.android.server.sdksandbox.SdkSandboxManagerService$Lifecycle
05-22 10:11:57.663   687   902 D Sensor  : New fingerprint session created for user: 0 with hal version: 3
05-22 10:11:57.663   687   902 D BiometricScheduler: [Added] {[2] com.android.server.biometrics.sensors.fingerprint.aidl.FingerprintGetAuthenticatorIdClient, proto=5, owner=android, cookie=0, requestId=-1, userId=0}, new queue size: 2
05-22 10:11:57.663   687   902 V BiometricScheduler: Not idle, current operation: {[1] com.android.server.biometrics.sensors.fingerprint.aidl.FingerprintStartUserClient, proto=17, owner=android, cookie=0, requestId=-1, userId=0}, State: 2
05-22 10:11:57.663   687   902 D BiometricScheduler: [Added] {[3] com.android.server.biometrics.sensors.fingerprint.aidl.FingerprintInternalCleanupClient, proto=7, owner=android, cookie=0, requestId=-1, userId=0}, new queue size: 3
05-22 10:11:57.663   687   902 V BiometricScheduler: Not idle, current operation: {[1] com.android.server.biometrics.sensors.fingerprint.aidl.FingerprintStartUserClient, proto=17, owner=android, cookie=0, requestId=-1, userId=0}, State: 2
05-22 10:11:57.663   687   902 D BiometricScheduler: [Client finished] {[1] com.android.server.biometrics.sensors.fingerprint.aidl.FingerprintStartUserClient, proto=17, owner=android, cookie=0, requestId=-1, userId=0}, success: true
05-22 10:11:57.663   687   902 D BiometricScheduler: [Polled] {[0] com.android.server.biometrics.sensors.fingerprint.aidl.FingerprintInternalCleanupClient, proto=7, owner=android, cookie=0, requestId=-1, userId=0}, State: 0
05-22 10:11:57.663   687   902 D BiometricScheduler: [Started] {[0] com.android.server.biometrics.sensors.fingerprint.aidl.FingerprintInternalCleanupClient, proto=7, owner=android, cookie=0, requestId=-1, userId=0}
05-22 10:11:57.663   687   902 W BiometricStateCallback: Other authentication client: FingerprintInternalCleanupClient
05-22 10:11:57.663   687   902 D BiometricStateCallback: State updated from 0 to 0, client {[0] com.android.server.biometrics.sensors.fingerprint.aidl.FingerprintInternalCleanupClient, proto=7, owner=android, cookie=0, requestId=-1, userId=0}
05-22 10:11:57.664   687   902 D Biometrics/InternalCleanupClient: Starting enumerate: {[4] com.android.server.biometrics.sensors.fingerprint.aidl.FingerprintInternalEnumerateClient, proto=6, owner=android, cookie=0, requestId=-1, userId=0} enrolledList size:0
05-22 10:11:57.665   687   902 V BiometricSchedulerOperation: started: {[0] com.android.server.biometrics.sensors.fingerprint.aidl.FingerprintInternalCleanupClient, proto=7, owner=android, cookie=0, requestId=-1, userId=0}, State: 2
05-22 10:11:57.665   687   902 D Biometrics/InternalCleanupClient: onEnumerated, remaining: 0
05-22 10:11:57.665   687   902 D Biometrics/InternalEnumerateClient: Null identifier
05-22 10:11:57.665   687   902 W BiometricLogger: Unknown field detected: CLIENT_UNKNOWN
05-22 10:11:57.665   687   902 D Biometrics/InternalCleanupClient: Enumerate onClientFinished: {[4] com.android.server.biometrics.sensors.fingerprint.aidl.FingerprintInternalEnumerateClient, proto=6, owner=android, cookie=0, requestId=-1, userId=0}, success: true
05-22 10:11:57.665   687   902 D BiometricStateCallback: Client finished, state updated to 0, client {[0] com.android.server.biometrics.sensors.fingerprint.aidl.FingerprintInternalCleanupClient, proto=7, owner=android, cookie=0, requestId=-1, userId=0}
05-22 10:11:57.665   687   902 D BiometricStateCallback: Enrollment state changed: false
05-22 10:11:57.665   687   902 D BiometricSchedulerOperation: [Finished / destroy]: {[0] com.android.server.biometrics.sensors.fingerprint.aidl.FingerprintInternalCleanupClient, proto=7, owner=android, cookie=0, requestId=-1, userId=0}
05-22 10:11:57.665   687   902 D BiometricScheduler: [Finishing] {[0] com.android.server.biometrics.sensors.fingerprint.aidl.FingerprintInternalCleanupClient, proto=7, owner=android, cookie=0, requestId=-1, userId=0}, success: true
05-22 10:11:57.665   687   902 D BiometricScheduler: [Polled] {[2] com.android.server.biometrics.sensors.fingerprint.aidl.FingerprintGetAuthenticatorIdClient, proto=5, owner=android, cookie=0, requestId=-1, userId=0}, State: 0
05-22 10:11:57.665   687   902 D BiometricScheduler: [Started] {[2] com.android.server.biometrics.sensors.fingerprint.aidl.FingerprintGetAuthenticatorIdClient, proto=5, owner=android, cookie=0, requestId=-1, userId=0}
05-22 10:11:57.666   687   902 V BiometricSchedulerOperation: started: {[2] com.android.server.biometrics.sensors.fingerprint.aidl.FingerprintGetAuthenticatorIdClient, proto=5, owner=android, cookie=0, requestId=-1, userId=0}, State: 2
05-22 10:11:57.666   687   902 D BiometricSchedulerOperation: [Finished / destroy]: {[2] com.android.server.biometrics.sensors.fingerprint.aidl.FingerprintGetAuthenticatorIdClient, proto=5, owner=android, cookie=0, requestId=-1, userId=0}
05-22 10:11:57.666   687   902 D BiometricScheduler: [Finishing] {[2] com.android.server.biometrics.sensors.fingerprint.aidl.FingerprintGetAuthenticatorIdClient, proto=5, owner=android, cookie=0, requestId=-1, userId=0}, success: true
05-22 10:11:57.666   687   902 D BiometricScheduler: [Polled] {[3] com.android.server.biometrics.sensors.fingerprint.aidl.FingerprintInternalCleanupClient, proto=7, owner=android, cookie=0, requestId=-1, userId=0}, State: 0
05-22 10:11:57.666   687   902 D BiometricScheduler: [Started] {[3] com.android.server.biometrics.sensors.fingerprint.aidl.FingerprintInternalCleanupClient, proto=7, owner=android, cookie=0, requestId=-1, userId=0}
05-22 10:11:57.666   687   902 W BiometricStateCallback: Other authentication client: FingerprintInternalCleanupClient
05-22 10:11:57.666   687   902 D BiometricStateCallback: State updated from 0 to 0, client {[3] com.android.server.biometrics.sensors.fingerprint.aidl.FingerprintInternalCleanupClient, proto=7, owner=android, cookie=0, requestId=-1, userId=0}
05-22 10:11:57.666   687   902 D Biometrics/InternalCleanupClient: Starting enumerate: {[5] com.android.server.biometrics.sensors.fingerprint.aidl.FingerprintInternalEnumerateClient, proto=6, owner=android, cookie=0, requestId=-1, userId=0} enrolledList size:0
05-22 10:11:57.666   687   687 D SystemServerTiming: StartAdServicesManagerService
05-22 10:11:57.666   687   687 I SystemServiceManager: Starting com.android.server.adservices.AdServicesManagerService$Lifecycle
05-22 10:11:57.666   687   687 I SystemCtxSingleton: Set singleton context as android.app.ContextImpl@73e8907
05-22 10:11:57.667   687   902 V BiometricSchedulerOperation: started: {[3] com.android.server.biometrics.sensors.fingerprint.aidl.FingerprintInternalCleanupClient, proto=7, owner=android, cookie=0, requestId=-1, userId=0}, State: 2
05-22 10:11:57.667   687   902 D Biometrics/InternalCleanupClient: onEnumerated, remaining: 0
05-22 10:11:57.667   687   902 D Biometrics/InternalEnumerateClient: Null identifier
05-22 10:11:57.667   687   902 W BiometricLogger: Unknown field detected: CLIENT_UNKNOWN
05-22 10:11:57.667   687   902 D Biometrics/InternalCleanupClient: Enumerate onClientFinished: {[5] com.android.server.biometrics.sensors.fingerprint.aidl.FingerprintInternalEnumerateClient, proto=6, owner=android, cookie=0, requestId=-1, userId=0}, success: true
05-22 10:11:57.667   687   902 D BiometricStateCallback: Client finished, state updated to 0, client {[3] com.android.server.biometrics.sensors.fingerprint.aidl.FingerprintInternalCleanupClient, proto=7, owner=android, cookie=0, requestId=-1, userId=0}
05-22 10:11:57.667   687   902 D BiometricStateCallback: Enrollment state changed: false
05-22 10:11:57.667   687   902 D BiometricSchedulerOperation: [Finished / destroy]: {[3] com.android.server.biometrics.sensors.fingerprint.aidl.FingerprintInternalCleanupClient, proto=7, owner=android, cookie=0, requestId=-1, userId=0}
05-22 10:11:57.667   687   902 D BiometricScheduler: [Finishing] {[3] com.android.server.biometrics.sensors.fingerprint.aidl.FingerprintInternalCleanupClient, proto=7, owner=android, cookie=0, requestId=-1, userId=0}, success: true
05-22 10:11:57.667   687   902 D BiometricScheduler: No operations, returning to idle
05-22 10:11:57.669   687   687 D SystemServerTiming: StartOnDevicePersonalizationSystemService
05-22 10:11:57.669   687   687 I SystemServiceManager: Starting com.android.server.ondevicepersonalization.OnDevicePersonalizationSystemService$Lifecycle
05-22 10:11:57.669   687   687 D SystemServerTiming: StartProfilingCompanion
05-22 10:11:57.669   687   687 I SystemServiceManager: Starting android.os.profiling.ProfilingService$Lifecycle
05-22 10:11:57.670   687   687 D SystemServerTiming: StartMmsService
05-22 10:11:57.670   687   687 I SystemServiceManager: Starting com.android.server.MmsServiceBroker
05-22 10:11:57.670   687   687 D SystemServerTiming: StartAutoFillService
05-22 10:11:57.670   687   687 I SystemServiceManager: Starting com.android.server.autofill.AutofillManagerService
05-22 10:11:57.671   687   687 D AutofillManagerService: setLogLevelFromSettings(): level=0, debug=false, verbose=false
05-22 10:11:57.671   687   687 E AutofillManagerServiceImpl: Bad service name: com.google.android.gms/.autofill.service.AutofillService
05-22 10:11:57.671   687   687 E RemoteAugmentedAutofillService: Bad service name for flags 1048704: com.google.android.as/com.google.android.apps.miphone.aiai.app.AiAiAugmentedAutofillService
05-22 10:11:57.672   687   687 D SystemServerTiming: StartCredentialManagerService
05-22 10:11:57.672   687   687 I SystemServiceManager: Starting com.android.server.credentials.CredentialManagerService
05-22 10:11:57.672   687   687 D SystemServerTiming: StartTranslationManagerService
05-22 10:11:57.672   687   687 I SystemServiceManager: Starting com.android.server.translation.TranslationManagerService
05-22 10:11:57.673   687   687 D SystemServerTiming: StartClipboardService
05-22 10:11:57.673   687   687 I SystemServiceManager: Starting com.android.server.clipboard.ClipboardService
05-22 10:11:57.673   687   687 D SystemServerTiming: AppServiceManager
05-22 10:11:57.673   687   687 I SystemServiceManager: Starting com.android.server.appbinding.AppBindingService$Lifecycle
05-22 10:11:57.674   687   687 D SystemServerTiming: startTracingServiceProxy
05-22 10:11:57.674   687   687 I SystemServiceManager: Starting com.android.server.tracing.TracingServiceProxy
05-22 10:11:57.674   687   687 D SystemServerTiming: StartDynamicInstrumentationManager
05-22 10:11:57.674   687   687 I SystemServiceManager: Starting com.android.server.os.instrumentation.DynamicInstrumentationManagerService
05-22 10:11:57.674   687   687 D SystemServerTiming: MakeLockSettingsServiceReady
05-22 10:11:57.676   687   687 I LockSettingsService: Device implements AIDL AuthSecret HAL
05-22 10:11:57.676   687   687 D SystemServerTiming: StartBootPhaseLockSettingsReady
05-22 10:11:57.676   687   687 I SystemServiceManager: Starting phase 480
05-22 10:11:57.676   687   687 D SystemServerTiming: OnBootPhase_480
05-22 10:11:57.676   687   687 D SystemServerTiming: OnBootPhase_480_com.android.server.security.FileIntegrityService
05-22 10:11:57.676   687   687 D SystemServerTiming: OnBootPhase_480_com.android.server.pm.Installer
05-22 10:11:57.676   687   687 D SystemServerTiming: OnBootPhase_480_com.android.server.os.DeviceIdentifiersPolicyService
05-22 10:11:57.676   687   687 D SystemServerTiming: OnBootPhase_480_com.android.server.flags.FeatureFlagsService
05-22 10:11:57.676   687   687 D SystemServerTiming: OnBootPhase_480_com.android.server.uri.UriGrantsManagerService$Lifecycle
05-22 10:11:57.676   687   687 D SystemServerTiming: OnBootPhase_480_com.android.server.powerstats.PowerStatsService
05-22 10:11:57.676   687   687 D SystemServerTiming: OnBootPhase_480_com.android.server.permission.access.AccessCheckingService
05-22 10:11:57.676   687   687 D SystemServerTiming: OnBootPhase_480_com.android.server.wm.ActivityTaskManagerService$Lifecycle
05-22 10:11:57.676   687   687 D SystemServerTiming: OnBootPhase_480_com.android.server.am.ActivityManagerService$Lifecycle
05-22 10:11:57.676   687   687 D SystemServerTiming: OnBootPhase_480_com.android.server.pm.DataLoaderManagerService
05-22 10:11:57.676   687   687 D SystemServerTiming: OnBootPhase_480_com.android.server.power.PowerManagerService
05-22 10:11:57.676   687   687 D SystemServerTiming: OnBootPhase_480_com.android.server.power.ThermalManagerService
05-22 10:11:57.676   687   687 D SystemServerTiming: OnBootPhase_480_com.android.server.recoverysystem.RecoverySystemService$Lifecycle
05-22 10:11:57.676   687   687 D SystemServerTiming: OnBootPhase_480_com.android.server.lights.LightsService
05-22 10:11:57.676   687   687 D SystemServerTiming: OnBootPhase_480_com.android.server.display.DisplayManagerService
05-22 10:11:57.676   687   687 D SystemServerTiming: OnBootPhase_480_com.android.server.pm.verify.domain.DomainVerificationService
05-22 10:11:57.676   687   687 D SystemServerTiming: OnBootPhase_480_com.android.server.pm.PackageInstallerService$Lifecycle
05-22 10:11:57.676   687   687 D SystemServerTiming: OnBootPhase_480_com.android.server.pm.UserManagerService$LifeCycle
05-22 10:11:57.676   687   687 D SystemServerTiming: OnBootPhase_480_com.android.server.om.OverlayManagerService
05-22 10:11:57.676   687   687 D SystemServerTiming: OnBootPhase_480_com.android.server.resources.ResourcesManagerService
05-22 10:11:57.676   687   687 D SystemServerTiming: OnBootPhase_480_com.android.server.sensorprivacy.SensorPrivacyService
05-22 10:11:57.676   687   687 D SystemServerTiming: OnBootPhase_480_com.android.server.sensors.SensorService
05-22 10:11:57.676   687   687 D SystemServerTiming: OnBootPhase_480_com.android.server.SystemConfigService
05-22 10:11:57.676   687   687 D SystemServerTiming: OnBootPhase_480_com.android.server.BatteryService
05-22 10:11:57.676   687   687 D SystemServerTiming: OnBootPhase_480_com.android.server.usage.UsageStatsService
05-22 10:11:57.676   687   687 D SystemServerTiming: OnBootPhase_480_com.android.server.webkit.WebViewUpdateService
05-22 10:11:57.676   687   687 D SystemServerTiming: OnBootPhase_480_com.android.server.CachedDeviceStateService
05-22 10:11:57.676   687   687 D SystemServerTiming: OnBootPhase_480_com.android.server.BinderCallsStatsService$LifeCycle
05-22 10:11:57.676   687   687 D SystemServerTiming: OnBootPhase_480_com.android.server.LooperStatsService$Lifecycle
05-22 10:11:57.676   687   687 D SystemServerTiming: OnBootPhase_480_com.android.server.rollback.RollbackManagerService
05-22 10:11:57.676   687   687 D SystemServerTiming: OnBootPhase_480_com.android.server.os.NativeTombstoneManagerService
05-22 10:11:57.676   687   687 D SystemServerTiming: OnBootPhase_480_com.android.server.os.BugreportManagerService
05-22 10:11:57.676   687   687 D SystemServerTiming: OnBootPhase_480_com.android.server.gpu.GpuService
05-22 10:11:57.676   687   687 D SystemServerTiming: OnBootPhase_480_com.android.server.security.rkp.RemoteProvisioningService
05-22 10:11:57.676   687   687 D SystemServerTiming: OnBootPhase_480_com.android.server.security.KeyChainSystemService
05-22 10:11:57.676   687   687 D SystemServerTiming: OnBootPhase_480_com.android.server.BinaryTransparencyService
05-22 10:11:57.676   687   687 D SystemServerTiming: OnBootPhase_480_com.android.server.telecom.TelecomLoaderService
05-22 10:11:57.676   687   687 D SystemServerTiming: OnBootPhase_480_com.android.server.accounts.AccountManagerService$Lifecycle
05-22 10:11:57.676   687   687 D SystemServerTiming: OnBootPhase_480_com.android.server.content.ContentService$Lifecycle
05-22 10:11:57.676   687   687 D SystemServerTiming: OnBootPhase_480_com.android.server.deviceconfig.DeviceConfigInit$Lifecycle
05-22 10:11:57.676   687   687 D SystemServerTiming: OnBootPhase_480_com.android.server.DropBoxManagerService
05-22 10:11:57.676   687   687 D SystemServerTiming: OnBootPhase_480_com.android.ecm.EnhancedConfirmationService
05-22 10:11:57.676   687   687 D SystemServerTiming: OnBootPhase_480_com.android.server.power.hint.HintManagerService
05-22 10:11:57.676   687   687 D SystemServerTiming: OnBootPhase_480_com.android.role.RoleService
05-22 10:11:57.676   687   687 D SystemServerTiming: OnBootPhase_480_com.android.server.supervision.SupervisionService$Lifecycle
05-22 10:11:57.676   687   687 D SystemServerTiming: OnBootPhase_480_com.android.server.vibrator.VibratorManagerService$Lifecycle
05-22 10:11:57.676   687   687 D SystemServerTiming: OnBootPhase_480_com.android.server.alarm.AlarmManagerService
05-22 10:11:57.676   687   687 D SystemServerTiming: OnBootPhase_480_com.android.server.input.InputManagerService$Lifecycle
05-22 10:11:57.676   687   687 D SystemServerTiming: OnBootPhase_480_com.android.server.devicestate.DeviceStateManagerService
05-22 10:11:57.676   687   687 D SystemServerTiming: OnBootPhase_480_com.android.server.camera.CameraServiceProxy
05-22 10:11:57.676   687   687 D SystemServerTiming: OnBootPhase_480_com.android.server.bluetooth.BluetoothService
05-22 10:11:57.676   687   687 D SystemServerTiming: OnBootPhase_480_com.android.server.connectivity.IpConnectivityMetrics
05-22 10:11:57.676   687   687 D SystemServerTiming: OnBootPhase_480_com.android.server.net.watchlist.NetworkWatchlistService$Lifecycle
05-22 10:11:57.676   687   687 D SystemServerTiming: OnBootPhase_480_com.android.server.pinner.PinnerService
05-22 10:11:57.676   687   687 D SystemServerTiming: OnBootPhase_480_com.android.server.integrity.AppIntegrityManagerService
05-22 10:11:57.676   687   687 D SystemServerTiming: OnBootPhase_480_com.android.server.logcat.LogcatManagerService
05-22 10:11:57.676   687   687 D SystemServerTiming: OnBootPhase_480_com.android.server.security.intrusiondetection.IntrusionDetectionService
05-22 10:11:57.676   687   687 D SystemServerTiming: OnBootPhase_480_com.android.server.appfunctions.AppFunctionManagerService
05-22 10:11:57.676   687   687 D SystemServerTiming: OnBootPhase_480_com.android.server.security.advancedprotection.AdvancedProtectionService$Lifecycle
05-22 10:11:57.676   687   687 D SystemServerTiming: OnBootPhase_480_com.android.server.TradeInModeService
05-22 10:11:57.676   687   687 D SystemServerTiming: OnBootPhase_480_com.android.server.inputmethod.InputMethodManagerService$Lifecycle
05-22 10:11:57.676   687   687 D SystemServerTiming: OnBootPhase_480_com.android.server.accessibility.AccessibilityManagerService$Lifecycle
05-22 10:11:57.676   687   687 D SystemServerTiming: OnBootPhase_480_com.android.server.StorageManagerService$Lifecycle
05-22 10:11:57.676   687   687 D SystemServerTiming: OnBootPhase_480_com.android.server.usage.StorageStatsService$Lifecycle
05-22 10:11:57.676   687   687 D SystemServerTiming: OnBootPhase_480_com.android.server.UiModeManagerService
05-22 10:11:57.676   687   687 D SystemServerTiming: OnBootPhase_480_com.android.server.locales.LocaleManagerService
05-22 10:11:57.676   687   687 D SystemServerTiming: OnBootPhase_480_com.android.server.grammaticalinflection.GrammaticalInflectionService
05-22 10:11:57.676   687   687 D SystemServerTiming: OnBootPhase_480_com.android.server.apphibernation.AppHibernationService
05-22 10:11:57.676   687   687 D SystemServerTiming: OnBootPhase_480_com.android.server.locksettings.LockSettingsService$Lifecycle
05-22 10:11:57.676   687   687 D SystemServerTiming: OnBootPhase_480_com.android.server.testharness.TestHarnessModeService
05-22 10:11:57.676   687   687 D SystemServerTiming: OnBootPhase_480_com.android.server.DeviceIdleController
05-22 10:11:57.676   687   687 D SystemServerTiming: OnBootPhase_480_com.android.server.devicepolicy.DevicePolicyManagerService$Lifecycle
05-22 10:11:57.678   687   718 D SystemServerTimingAsync: InitThreadPoolExec:DevicePolicyManager
05-22 10:11:57.678   687   687 D SystemServerTiming: OnBootPhase_480_com.android.server.musicrecognition.MusicRecognitionManagerService
05-22 10:11:57.678   687   687 D SystemServerTiming: OnBootPhase_480_com.android.server.contentcapture.ContentCaptureManagerService
05-22 10:11:57.678   687   687 D SystemServerTiming: OnBootPhase_480_com.android.server.systemcaptions.SystemCaptionsManagerService
05-22 10:11:57.678   687   687 D SystemServerTiming: OnBootPhase_480_com.android.server.texttospeech.TextToSpeechManagerService
05-22 10:11:57.678   687   687 D SystemServerTiming: OnBootPhase_480_com.android.server.wearable.WearableSensingManagerService
05-22 10:11:57.678   687   687 D SystemServerTiming: OnBootPhase_480_com.android.server.ondeviceintelligence.OnDeviceIntelligenceManagerService
05-22 10:11:57.678   687   687 D SystemServerTiming: OnBootPhase_480_com.android.server.ambientcontext.AmbientContextManagerService
05-22 10:11:57.678   687   687 D SystemServerTiming: OnBootPhase_480_com.android.server.speech.SpeechRecognitionManagerService
05-22 10:11:57.678   687   687 D SystemServerTiming: OnBootPhase_480_com.android.server.appprediction.AppPredictionManagerService
05-22 10:11:57.678   687   687 D SystemServerTiming: OnBootPhase_480_com.android.server.contentsuggestions.ContentSuggestionsManagerService
05-22 10:11:57.678   687   687 D SystemServerTiming: OnBootPhase_480_com.android.server.searchui.SearchUiManagerService
05-22 10:11:57.678   687   687 D SystemServerTiming: OnBootPhase_480_com.android.server.smartspace.SmartspaceManagerService
05-22 10:11:57.678   687   687 D SystemServerTiming: OnBootPhase_480_com.android.server.contextualsearch.ContextualSearchManagerService
05-22 10:11:57.678   687   687 D SystemServerTiming: OnBootPhase_480_com.android.server.graphics.fonts.FontManagerService$Lifecycle
05-22 10:11:57.678   687   687 D SystemServerTiming: OnBootPhase_480_com.android.server.textservices.TextServicesManagerService$Lifecycle
05-22 10:11:57.678   687   687 D SystemServerTiming: OnBootPhase_480_com.android.server.textclassifier.TextClassificationManagerService$Lifecycle
05-22 10:11:57.678   687   687 D SystemServerTiming: OnBootPhase_480_com.android.server.NetworkScoreService$Lifecycle
05-22 10:11:57.678   687   687 D SystemServerTiming: OnBootPhase_480_com.android.server.NetworkStatsServiceInitializer
05-22 10:11:57.678   687   687 D SystemServerTiming: OnBootPhase_480_com.android.server.wifi.WifiService
05-22 10:11:57.678   687   687 D SystemServerTiming: OnBootPhase_480_com.android.server.wifi.scanner.WifiScanningService
05-22 10:11:57.678   687   687 D SystemServerTiming: OnBootPhase_480_com.android.server.wifi.p2p.WifiP2pService
05-22 10:11:57.678   687   687 D SystemServerTiming: OnBootPhase_480_com.android.server.ConnectivityServiceInitializer
05-22 10:11:57.678   687   687 D SystemServerTiming: OnBootPhase_480_com.android.server.notification.NotificationManagerService
05-22 10:11:57.678   687   687 D SystemServerTiming: OnBootPhase_480_com.android.server.storage.DeviceStorageMonitorService
05-22 10:11:57.678   687   687 D SystemServerTiming: OnBootPhase_480_com.android.server.timedetector.TimeDetectorService$Lifecycle
05-22 10:11:57.678   687   687 D SystemServerTiming: OnBootPhase_480_com.android.server.location.LocationManagerService$Lifecycle
05-22 10:11:57.678   687   687 D SystemServerTiming: OnBootPhase_480_com.android.server.timezonedetector.TimeZoneDetectorService$Lifecycle
05-22 10:11:57.679   687   687 D SystemServerTiming: OnBootPhase_480_com.android.server.location.altitude.AltitudeService$Lifecycle
05-22 10:11:57.679   687   687 D SystemServerTiming: OnBootPhase_480_com.android.server.timezonedetector.location.LocationTimeZoneManagerService$Lifecycle
05-22 10:11:57.679   687   687 D SystemServerTiming: OnBootPhase_480_com.android.server.search.SearchManagerService$Lifecycle
05-22 10:11:57.679   687   687 D SystemServerTiming: OnBootPhase_480_com.android.server.wallpaper.WallpaperManagerService$Lifecycle
05-22 10:11:57.679   687   687 D SystemServerTiming: OnBootPhase_480_com.android.server.wallpapereffectsgeneration.WallpaperEffectsGenerationManagerService
05-22 10:11:57.679   687   687 D SystemServerTiming: OnBootPhase_480_com.android.server.audio.AudioService$Lifecycle
05-22 10:11:57.679   687   687 D SystemServerTiming: OnBootPhase_480_com.android.server.soundtrigger_middleware.SoundTriggerMiddlewareService$Lifecycle
05-22 10:11:57.679   687   687 D SystemServerTiming: OnBootPhase_480_com.android.server.DockObserver
05-22 10:11:57.679   687   687 D SystemServerTiming: OnBootPhase_480_com.android.server.midi.MidiService$Lifecycle
05-22 10:11:57.679   687   687 D SystemServerTiming: OnBootPhase_480_com.android.server.adb.AdbService$Lifecycle
05-22 10:11:57.679   687   687 D SystemServerTiming: OnBootPhase_480_com.android.server.usb.UsbService$Lifecycle
05-22 10:11:57.679   687   687 D SystemServerTiming: OnBootPhase_480_com.android.server.SerialService$Lifecycle
05-22 10:11:57.679   687   687 D SystemServerTiming: OnBootPhase_480_com.android.server.twilight.TwilightService
05-22 10:11:57.679   687   687 D SystemServerTiming: OnBootPhase_480_com.android.server.display.color.ColorDisplayService
05-22 10:11:57.679   687   687 D SystemServerTiming: OnBootPhase_480_com.android.server.job.JobSchedulerService
05-22 10:11:57.679   687   687 D SystemServerTiming: OnBootPhase_480_com.android.server.soundtrigger.SoundTriggerService
05-22 10:11:57.679   687   687 D SoundTriggerService: onBootPhase: 480 : false
05-22 10:11:57.679   687   687 D SystemServerTiming: OnBootPhase_480_com.android.server.trust.TrustManagerService
05-22 10:11:57.679   687   687 D SystemServerTiming: OnBootPhase_480_com.android.server.backup.BackupManagerService$Lifecycle
05-22 10:11:57.679   687   687 D SystemServerTiming: OnBootPhase_480_com.android.server.appwidget.AppWidgetService
05-22 10:11:57.679   687   687 D SystemServerTiming: OnBootPhase_480_com.android.server.voiceinteraction.VoiceInteractionManagerService
05-22 10:11:57.679   687   687 D SystemServerTiming: OnBootPhase_480_com.android.server.GestureLauncherService
05-22 10:11:57.679   687   687 D SystemServerTiming: OnBootPhase_480_com.android.server.SensorNotificationService
05-22 10:11:57.679   687   687 D SystemServerTiming: OnBootPhase_480_com.android.server.ContextHubSystemService
05-22 10:11:57.679   687   687 D SystemServerTiming: OnBootPhase_480_com.android.server.emergency.EmergencyAffordanceService
05-22 10:11:57.679   687   687 D SystemServerTiming: OnBootPhase_480_com.android.server.blob.BlobStoreManagerService
05-22 10:11:57.679   687   687 D SystemServerTiming: OnBootPhase_480_com.android.server.dreams.DreamManagerService
05-22 10:11:57.679   687   687 D SystemServerTiming: OnBootPhase_480_com.android.server.print.PrintManagerService
05-22 10:11:57.679   687   687 D SystemServerTiming: OnBootPhase_480_com.android.server.security.AttestationVerificationManagerService
05-22 10:11:57.679   687   687 D SystemServerTiming: OnBootPhase_480_com.android.server.companion.CompanionDeviceManagerService
05-22 10:11:57.679   687   687 D SystemServerTiming: OnBootPhase_480_com.android.server.companion.virtual.VirtualDeviceManagerService
05-22 10:11:57.679   687   687 D SystemServerTiming: OnBootPhase_480_com.android.server.restrictions.RestrictionsManagerService
05-22 10:11:57.679   687   687 D SystemServerTiming: OnBootPhase_480_com.android.server.media.MediaSessionService
05-22 10:11:57.679   687   687 D SystemServerTiming: OnBootPhase_480_com.android.server.media.MediaResourceMonitorService
05-22 10:11:57.679   687   687 D SystemServerTiming: OnBootPhase_480_com.android.server.biometrics.sensors.fingerprint.FingerprintService
05-22 10:11:57.679   687   687 D SystemServerTiming: OnBootPhase_480_com.android.server.biometrics.BiometricService
05-22 10:11:57.679   687   687 D SystemServerTiming: OnBootPhase_480_com.android.server.biometrics.AuthService
05-22 10:11:57.679   687   687 D SystemServerTiming: OnBootPhase_480_com.android.server.security.authenticationpolicy.AuthenticationPolicyService
05-22 10:11:57.679   687   687 D SystemServerTiming: OnBootPhase_480_com.android.server.pm.ShortcutService$Lifecycle
05-22 10:11:57.680   687   687 D SystemServerTiming: OnBootPhase_480_com.android.server.pm.LauncherAppsService
05-22 10:11:57.680   687   687 D SystemServerTiming: OnBootPhase_480_com.android.server.pm.CrossProfileAppsService
05-22 10:11:57.680   687   687 D SystemServerTiming: OnBootPhase_480_com.android.server.people.PeopleService
05-22 10:11:57.680   687   687 D SystemServerTiming: OnBootPhase_480_com.android.server.media.metrics.MediaMetricsManagerService
05-22 10:11:57.680   687   687 D SystemServerTiming: OnBootPhase_480_com.android.server.pm.BackgroundInstallControlService
05-22 10:11:57.680   687   687 D SystemServerTiming: OnBootPhase_480_com.android.server.media.projection.MediaProjectionManagerService
