03-10 13:53:02.194   578   630 V WindowManager:         {WCT{RemoteToken{730c082 Task{4025656 #1 type=home}}} m=TO_BACK f=SHOW_WALLPAPER leash=Surface(name=Task=1)/@0xffea104 sb=Rect(0, 0 - 1080, 2400) eb=Rect(0, 0 - 1080, 2400) d=0 taskParent=-1}
03-10 13:53:02.194   578   630 V WindowManager:     ]}
03-10 13:53:02.196   858   869 V WindowManagerShell: onTransitionReady(transaction=2482491103463)
03-10 13:53:02.198   858   895 V WindowManagerShell: onTransitionReady (#111) android.os.BinderProxy@19da8e5: {id=111 t=OPEN f=0x0 trk=0 r=[0@Point(0, 0)] c=[{WCT{android.window.IWindowContainerToken$Stub$Proxy@e5531d1} m=OPEN f=NONE leash=Surface(name=Task=1709)/@0xa39555 sb=Rect(0, 0 - 1080, 2400) eb=Rect(0, 0 - 1080, 2400) d=0 taskParent=-1},{WCT{android.window.IWindowContainerToken$Stub$Proxy@81a1436} m=TO_BACK f=SHOW_WALLPAPER leash=Surface(name=Task=1)/@0x1e4ab6a sb=Rect(0, 0 - 1080, 2400) eb=Rect(0, 0 - 1080, 2400) d=0 taskParent=-1}]}
03-10 13:53:02.198   858   895 V WindowManagerShell: Playing animation for (#111) android.os.BinderProxy@19da8e5@0
03-10 13:53:02.198   858   895 V WindowManagerShell:  try handler com.android.wm.shell.transition.DefaultMixedHandler@1d1cff4
03-10 13:53:02.198   858   895 V WindowManagerShell:  try handler com.android.wm.shell.keyguard.KeyguardTransitionHandler@e6a131d
03-10 13:53:02.198   858   895 V WindowManagerShell:  try handler com.android.wm.shell.pip.PipTransition@a6b2992
03-10 13:53:02.198   858   895 V WindowManagerShell:  try handler com.android.wm.shell.activityembedding.ActivityEmbeddingController@f375f63
03-10 13:53:02.198   858   895 V WindowManagerShell:  try handler com.android.wm.shell.recents.RecentsTransitionHandler@335f760
03-10 13:53:02.198   858   895 V ShellRecents: RecentsTransitionHandler.startAnimation: no controller found
03-10 13:53:02.198   858   895 V WindowManagerShell:  try handler com.android.wm.shell.splitscreen.StageCoordinator@399c419
03-10 13:53:02.198   858   895 V WindowManagerShell:  try handler com.android.wm.shell.transition.RemoteTransitionHandler@68e4cde
03-10 13:53:02.198   858   895 V WindowManagerShell: Transition doesn't have explicit remote, search filters for match for {id=111 t=OPEN f=0x0 trk=0 r=[0@Point(0, 0)] c=[{WCT{android.window.IWindowContainerToken$Stub$Proxy@e5531d1} m=OPEN f=NONE leash=Surface(name=Task=1709)/@0xa39555 sb=Rect(0, 0 - 1080, 2400) eb=Rect(0, 0 - 1080, 2400) d=0 taskParent=-1},{WCT{android.window.IWindowContainerToken$Stub$Proxy@81a1436} m=TO_BACK f=SHOW_WALLPAPER leash=Surface(name=Task=1)/@0x1e4ab6a sb=Rect(0, 0 - 1080, 2400) eb=Rect(0, 0 - 1080, 2400) d=0 taskParent=-1}]}
03-10 13:53:02.199   858   895 V WindowManagerShell:  Checking filter Pair{{types=[] flags=0x0] notFlags=0x0 checks=[{atype=undefined independent=true modes=[OPEN,TO_FRONT] flags=IN_TASK_WITH_EMBEDDED_ACTIVITY mustBeTask=false order=ANY topActivity=ComponentInfo{com.google.android.apps.nexuslauncher/com.google.android.apps.nexuslauncher.NexusLauncherActivity} launchCookie=null},{atype=undefined independent=true modes=[CLOSE,TO_BACK] flags=IN_TASK_WITH_EMBEDDED_ACTIVITY mustBeTask=false order=ANY topActivity=null launchCookie=null}]} RemoteTransition { remoteTransition = android.window.IRemoteTransition$Stub$Proxy@34966ea, appThread = android.app.IApplicationThread$Stub$Proxy@6984ddb, debugName = OverlaySwipeBack }}
03-10 13:53:02.199   858   895 V WindowManagerShell:  Checking filter Pair{{types=[] flags=0x0] notFlags=0x0 checks=[{atype=dream independent=true modes=[OPEN,TO_FRONT] flags=NONE mustBeTask=false order=ANY topActivity=null launchCookie=null},{atype=home independent=true modes=[CLOSE,TO_BACK] flags=NONE mustBeTask=false order=ANY topActivity=null launchCookie=null}]} RemoteTransition { remoteTransition = android.window.IRemoteTransition$Stub$Proxy@8f41078, appThread = android.app.IApplicationThread$Stub$Proxy@1bfc351, debugName = LauncherToDream }}
03-10 13:53:02.199   858   895 V WindowManagerShell:  Checking filter Pair{{types=[] flags=0x0] notFlags=0x100 checks=[{atype=home independent=true modes=[OPEN,TO_FRONT] flags=NONE mustBeTask=false order=TOP topActivity=ComponentInfo{com.google.android.apps.nexuslauncher/com.google.android.apps.nexuslauncher.NexusLauncherActivity} launchCookie=null},{atype=standard independent=true modes=[CLOSE,TO_BACK] flags=NONE mustBeTask=false order=ANY topActivity=null launchCookie=null}]} RemoteTransition { remoteTransition = android.window.IRemoteTransition$Stub$Proxy@dcf07b6, appThread = android.app.IApplicationThread$Stub$Proxy@243ecb7, debugName = QuickstepLaunchHome }}
03-10 13:53:02.199   858   895 V WindowManagerShell:  Delegate animation for (#111) to null
03-10 13:53:02.199   858   895 V WindowManagerShell:  try handler com.android.wm.shell.transition.DefaultTransitionHandler@7b68ebf
03-10 13:53:02.199   858   895 V WindowManagerShell: start default transition animation, info = {id=111 t=OPEN f=0x0 trk=0 r=[0@Point(0, 0)] c=[{WCT{android.window.IWindowContainerToken$Stub$Proxy@e5531d1} m=OPEN f=NONE leash=Surface(name=Task=1709)/@0xa39555 sb=Rect(0, 0 - 1080, 2400) eb=Rect(0, 0 - 1080, 2400) d=0 taskParent=-1},{WCT{android.window.IWindowContainerToken$Stub$Proxy@81a1436} m=TO_BACK f=SHOW_WALLPAPER leash=Surface(name=Task=1)/@0x1e4ab6a sb=Rect(0, 0 - 1080, 2400) eb=Rect(0, 0 - 1080, 2400) d=0 taskParent=-1}]}
03-10 13:53:02.201   858   895 V WindowManagerShell: loadAnimation: anim=android.view.animation.AnimationSet@6aa1a0d animAttr=0x13 type=OPEN isEntrance=false
03-10 13:53:02.201   858   895 V WindowManagerShell: loadAnimation: anim=android.view.animation.AnimationSet@d6b3dc2 animAttr=0x12 type=OPEN isEntrance=true
03-10 13:53:02.203   578  2531 W UserManagerService: Requested status bar icon for non-badged user 0
03-10 13:53:02.205   858   895 V WindowManagerShell:  animated by com.android.wm.shell.transition.DefaultTransitionHandler@7b68ebf
03-10 13:53:02.246   578  1812 W OptProp : Cannot read opt property android.window.PROPERTY_COMPAT_ENABLE_FAKE_FOCUS
03-10 13:53:02.322   578  2531 D CoreBackPreview: Window{54fd980 u0 eu.europa.ec.euidi.dev/eu.europa.ec.assemblylogic.ui.MainActivity}: Setting back callback OnBackInvokedCallbackInfo{mCallback=android.window.IOnBackInvokedCallback$Stub$Proxy@9b42a0a, mPriority=0, mIsAnimationCallback=false}
03-10 13:53:02.398   578  2531 W PackageConfigPersister: App-specific configuration not found for packageName: eu.europa.ec.euidi.dev and userId: 0
03-10 13:53:02.493   858   895 V WindowManagerShell: Transition animation finished (aborted=false), notifying core (#111) android.os.BinderProxy@19da8e5@0
03-10 13:53:02.499   578   630 V WindowManager: Finish Transition (#111): created at 03-10 13:53:02.137 collect-started=0.056ms request-sent=12.915ms started=20.884ms ready=53.081ms sent=54.092ms finished=359.755ms
03-10 13:53:02.501   858   895 V WindowManagerShell: Track 0 became idle
03-10 13:53:02.501   858   895 V WindowManagerShell: All active transition animations finished
03-10 13:53:02.502   578  1796 W UserManagerService: Requested status bar icon for non-badged user 0
03-10 13:53:02.507   578  1796 W UserManagerService: Requested status bar icon for non-badged user 0
03-10 13:53:02.683   578   578 W AccessibilityManagerService:  wait for adding window timeout: 550
03-10 13:53:02.738   578  2531 D CoreBackPreview: Window{f5f2fdd u0 Splash Screen eu.europa.ec.euidi.dev EXITING}: Setting back callback null
03-10 13:53:02.768   578  1796 D ShortcutService: Getting shortcuts for launcher= com.google.android.asuser=0 pkg=com.google.android.apps.docs
03-10 13:53:02.773   578  1796 D ShortcutService: Getting shortcuts for launcher= com.google.android.asuser=0 pkg=com.google.android.apps.docs
03-10 13:53:04.542   578  2531 W PackageConfigPersister: App-specific configuration not found for packageName: eu.europa.ec.euidi.dev and userId: 0
03-10 13:53:04.561   578  2531 W PackageConfigPersister: App-specific configuration not found for packageName: eu.europa.ec.euidi.dev and userId: 0
03-10 13:53:04.605   578   677 D ImeInsetsSourceProvider: showImePostLayout cancelled, isScheduledAndReadyToShowIme: false, mImeRequester: Window{54fd980 u0 eu.europa.ec.euidi.dev/eu.europa.ec.assemblylogic.ui.MainActivity}, serverVisible: true, frozen: false, mWindowContainer is: non-null, windowState: Window{60e3354 u0 InputMethod}, isDrawn: false, mGivenInsetsPending: true, dcTarget: Window{54fd980 u0 eu.europa.ec.euidi.dev/eu.europa.ec.assemblylogic.ui.MainActivity}, controlTarget: Window{54fd980 u0 eu.europa.ec.euidi.dev/eu.europa.ec.assemblylogic.ui.MainActivity}
03-10 13:53:04.605   578   677 D ImeInsetsSourceProvider: controlTarget == DisplayContent.controlTarget: true, hasPendingControls: false, leash is: non-null, isImeLayeringTarget: true, isAboveImeLayeringTarget: false, isImeFallbackTarget: false, isImeInputTarget: true, sameAsImeControlTarget: true
03-10 13:53:04.655   858   895 D WindowManagerShell: onKeepClearAreasChanged: restricted={}, unrestricted={Rect(0, 1633 - 1080, 2400)}
03-10 13:53:05.000   578   977 I ActivityManager: Force stopping eu.europa.ec.euidi.dev appid=10231 user=0: from pid 16513
03-10 13:53:05.003   578   977 I ActivityManager: Killing 16407:eu.europa.ec.euidi.dev/u0a231 (adj 0): stop eu.europa.ec.euidi.dev due to from pid 16513
03-10 13:53:05.004   578   977 W ActivityTaskManager: Force removing ActivityRecord{4310125 u0 eu.europa.ec.euidi.dev/eu.europa.ec.assemblylogic.ui.MainActivity t1709 f}}: app died, no saved state
03-10 13:53:05.005   578   631 D DisplayManagerService: Drop pending events for gone uid 10231
03-10 13:53:05.006   858   895 V WindowManagerShell: Transition requested (#112): android.os.BinderProxy@46df6e6 TransitionRequestInfo { type = CLOSE, triggerTask = TaskInfo{userId=0 taskId=1709 displayId=0 isRunning=false baseIntent=Intent { act=android.intent.action.MAIN cat=[android.intent.category.LAUNCHER] flg=0x10200000 cmp=eu.europa.ec.euidi.dev/eu.europa.ec.assemblylogic.ui.MainActivity } baseActivity=null topActivity=null origActivity=null realActivity=ComponentInfo{eu.europa.ec.euidi.dev/eu.europa.ec.assemblylogic.ui.MainActivity} numActivities=0 lastActiveTime=6024490 supportsMultiWindow=true resizeMode=1 isResizeable=true minWidth=-1 minHeight=-1 defaultMinSize=220 token=WCT{android.window.IWindowContainerToken$Stub$Proxy@ff06427} topActivityType=1 pictureInPictureParams=null shouldDockBigOverlays=false launchIntoPipHostTaskId=-1 lastParentTaskIdBeforePip=-1 displayCutoutSafeInsets=Rect(0, 132 - 0, 0) topActivityInfo=null launchCookies=[] positionInParent=Point(0, 0) parentTaskId=-1 isFocused=true isVisible=true isVisibleRequested=true isSleeping=false locusId=null displayAreaFeatureId=1 isTopActivityTransparent=false appCompatTaskInfo=AppCompatTaskInfo { topActivityInSizeCompat=false topActivityEligibleForLetterboxEducation= falseisLetterboxEducationEnabled= false isLetterboxDoubleTapEnabled= false topActivityEligibleForUserAspectRatioButton= false topActivityBoundsLetterboxed= false isFromLetterboxDoubleTap= false topActivityLetterboxVerticalPosition= -1 topActivityLetterboxHorizontalPosition= -1 topActivityLetterboxWidth=-1 topActivityLetterboxHeight=-1 isUserFullscreenOverrideEnabled=false isSystemFullscreenOverrideEnabled=false cameraCompatTaskInfo=CameraCompatTaskInfo { cameraCompatControlState=hidden freeformCameraCompatMode=inactive}}}, pipTask = null, remoteTransition = null, displayChange = null, flags = 0, debugId = 112 }
03-10 13:53:05.017   578   977 I AppsFilter: interaction: PackageSetting{9282c06 io.appium.uiautomator2.server.test/10233} -> PackageSetting{7c1bdb3 eu.europa.ec.euidi.dev/10231} BLOCKED
03-10 13:53:05.017   578   977 I AppsFilter: interaction: PackageSetting{79dc0f4 io.appium.uiautomator2.server/10232} -> PackageSetting{7c1bdb3 eu.europa.ec.euidi.dev/10231} BLOCKED
03-10 13:53:05.026   858   895 D WindowManagerShell: onKeepClearAreasChanged: restricted={}, unrestricted={}
03-10 13:53:05.038   858   895 D WindowManagerShell: setLauncherKeepClearAreaHeight: visible=true, height=527
03-10 13:53:05.042   578  1605 V ActivityManager: Got obituary of 16407:eu.europa.ec.euidi.dev
03-10 13:53:05.050  1562  1562 D ActivityThread: Too many transaction errors, throttling freezer binder callback.
03-10 13:53:05.063   858   895 D WindowManagerShell: onKeepClearAreasChanged: restricted={}, unrestricted={Rect(0, 1633 - 1080, 2400)}
03-10 13:53:05.066   578  1582 I WindowManager: WIN DEATH: Window{54fd980 u0 eu.europa.ec.euidi.dev/eu.europa.ec.assemblylogic.ui.MainActivity}
03-10 13:53:05.075   578   633 W ActivityManager: setHasOverlayUi called on unknown pid: 16407
03-10 13:53:05.097   858   870 V WindowManagerShell: onTransitionReady(transaction=2482491103520)
03-10 13:53:05.097   858   895 V WindowManagerShell: onTransitionReady (#112) android.os.BinderProxy@46df6e6: {id=112 t=CLOSE f=0x0 trk=0 r=[0@Point(0, 0)] c=[{WCT{android.window.IWindowContainerToken$Stub$Proxy@fa46c40} m=TO_FRONT f=SHOW_WALLPAPER|MOVE_TO_TOP leash=Surface(name=Task=1)/@0x508b6d4 sb=Rect(0, 0 - 1080, 2400) eb=Rect(0, 0 - 1080, 2400) d=0 taskParent=-1},{WCT{android.window.IWindowContainerToken$Stub$Proxy@b7dc779} m=CLOSE f=NONE leash=Surface(name=Task=1709)/@0x862a07d sb=Rect(0, 0 - 1080, 2400) eb=Rect(0, 0 - 1080, 2400) d=0 taskParent=-1},{null m=TO_FRONT f=IS_WALLPAPER leash=Surface(name=WallpaperWindowToken{3a7ad08 token=android.os.Binder@43d42ab})/@0xc929b72 sb=Rect(0, 0 - 1080, 2400) eb=Rect(0, 0 - 1080, 2400) d=0}]}
03-10 13:53:05.097   858   895 V WindowManagerShell: Playing animation for (#112) android.os.BinderProxy@46df6e6@0
03-10 13:53:05.097   858   895 V WindowManagerShell:  try handler com.android.wm.shell.transition.DefaultMixedHandler@1d1cff4
03-10 13:53:05.097   858   895 V WindowManagerShell:  try handler com.android.wm.shell.keyguard.KeyguardTransitionHandler@e6a131d
03-10 13:53:05.097   858   895 V WindowManagerShell:  try handler com.android.wm.shell.pip.PipTransition@a6b2992
03-10 13:53:05.097   858   895 V WindowManagerShell:  try handler com.android.wm.shell.activityembedding.ActivityEmbeddingController@f375f63
03-10 13:53:05.097   858   895 V WindowManagerShell:  try handler com.android.wm.shell.recents.RecentsTransitionHandler@335f760
03-10 13:53:05.097   858   895 V ShellRecents: RecentsTransitionHandler.startAnimation: no controller found
03-10 13:53:05.097   858   895 V WindowManagerShell:  try handler com.android.wm.shell.splitscreen.StageCoordinator@399c419
03-10 13:53:05.097   858   895 V WindowManagerShell:  try handler com.android.wm.shell.transition.RemoteTransitionHandler@68e4cde
03-10 13:53:05.097   858   895 V WindowManagerShell: Transition doesn't have explicit remote, search filters for match for {id=112 t=CLOSE f=0x0 trk=0 r=[0@Point(0, 0)] c=[{WCT{android.window.IWindowContainerToken$Stub$Proxy@fa46c40} m=TO_FRONT f=SHOW_WALLPAPER|MOVE_TO_TOP leash=Surface(name=Task=1)/@0x508b6d4 sb=Rect(0, 0 - 1080, 2400) eb=Rect(0, 0 - 1080, 2400) d=0 taskParent=-1},{WCT{android.window.IWindowContainerToken$Stub$Proxy@b7dc779} m=CLOSE f=NONE leash=Surface(name=Task=1709)/@0x862a07d sb=Rect(0, 0 - 1080, 2400) eb=Rect(0, 0 - 1080, 2400) d=0 taskParent=-1},{null m=TO_FRONT f=IS_WALLPAPER leash=Surface(name=WallpaperWindowToken{3a7ad08 token=android.os.Binder@43d42ab})/@0xc929b72 sb=Rect(0, 0 - 1080, 2400) eb=Rect(0, 0 - 1080, 2400) d=0}]}
03-10 13:53:05.097   858   895 V WindowManagerShell:  Checking filter Pair{{types=[] flags=0x0] notFlags=0x0 checks=[{atype=undefined independent=true modes=[OPEN,TO_FRONT] flags=IN_TASK_WITH_EMBEDDED_ACTIVITY mustBeTask=false order=ANY topActivity=ComponentInfo{com.google.android.apps.nexuslauncher/com.google.android.apps.nexuslauncher.NexusLauncherActivity} launchCookie=null},{atype=undefined independent=true modes=[CLOSE,TO_BACK] flags=IN_TASK_WITH_EMBEDDED_ACTIVITY mustBeTask=false order=ANY topActivity=null launchCookie=null}]} RemoteTransition { remoteTransition = android.window.IRemoteTransition$Stub$Proxy@34966ea, appThread = android.app.IApplicationThread$Stub$Proxy@6984ddb, debugName = OverlaySwipeBack }}
03-10 13:53:05.097   858   895 V WindowManagerShell:  Checking filter Pair{{types=[] flags=0x0] notFlags=0x0 checks=[{atype=dream independent=true modes=[OPEN,TO_FRONT] flags=NONE mustBeTask=false order=ANY topActivity=null launchCookie=null},{atype=home independent=true modes=[CLOSE,TO_BACK] flags=NONE mustBeTask=false order=ANY topActivity=null launchCookie=null}]} RemoteTransition { remoteTransition = android.window.IRemoteTransition$Stub$Proxy@8f41078, appThread = android.app.IApplicationThread$Stub$Proxy@1bfc351, debugName = LauncherToDream }}
03-10 13:53:05.097   858   895 V WindowManagerShell:  Checking filter Pair{{types=[] flags=0x0] notFlags=0x100 checks=[{atype=home independent=true modes=[OPEN,TO_FRONT] flags=NONE mustBeTask=false order=TOP topActivity=ComponentInfo{com.google.android.apps.nexuslauncher/com.google.android.apps.nexuslauncher.NexusLauncherActivity} launchCookie=null},{atype=standard independent=true modes=[CLOSE,TO_BACK] flags=NONE mustBeTask=false order=ANY topActivity=null launchCookie=null}]} RemoteTransition { remoteTransition = android.window.IRemoteTransition$Stub$Proxy@dcf07b6, appThread = android.app.IApplicationThread$Stub$Proxy@243ecb7, debugName = QuickstepLaunchHome }}
03-10 13:53:05.097   858   895 D RemoteTransitionHandler: Found filterPair{{types=[] flags=0x0] notFlags=0x100 checks=[{atype=home independent=true modes=[OPEN,TO_FRONT] flags=NONE mustBeTask=false order=TOP topActivity=ComponentInfo{com.google.android.apps.nexuslauncher/com.google.android.apps.nexuslauncher.NexusLauncherActivity} launchCookie=null},{atype=standard independent=true modes=[CLOSE,TO_BACK] flags=NONE mustBeTask=false order=ANY topActivity=null launchCookie=null}]} RemoteTransition { remoteTransition = android.window.IRemoteTransition$Stub$Proxy@dcf07b6, appThread = android.app.IApplicationThread$Stub$Proxy@243ecb7, debugName = QuickstepLaunchHome }}
03-10 13:53:05.097   858   895 V WindowManagerShell:  Delegate animation for (#112) to RemoteTransition { remoteTransition = android.window.IRemoteTransition$Stub$Proxy@dcf07b6, appThread = android.app.IApplicationThread$Stub$Proxy@243ecb7, debugName = QuickstepLaunchHome }
03-10 13:53:05.102   578   630 V WindowManager: Sent Transition (#112) createdAt=03-10 13:53:05.004 via request=TransitionRequestInfo { type = CLOSE, triggerTask = TaskInfo{userId=0 taskId=1709 displayId=0 isRunning=false baseIntent=Intent { act=android.intent.action.MAIN cat=[android.intent.category.LAUNCHER] flg=0x10200000 cmp=eu.europa.ec.euidi.dev/eu.europa.ec.assemblylogic.ui.MainActivity } baseActivity=null topActivity=null origActivity=null realActivity=ComponentInfo{eu.europa.ec.euidi.dev/eu.europa.ec.assemblylogic.ui.MainActivity} numActivities=0 lastActiveTime=6024490 supportsMultiWindow=true resizeMode=1 isResizeable=true minWidth=-1 minHeight=-1 defaultMinSize=220 token=WCT{RemoteToken{1cb6213 Task{ed4f2fa #1709 type=standard A=10231:eu.europa.ec.euidi.dev}}} topActivityType=1 pictureInPictureParams=null shouldDockBigOverlays=false launchIntoPipHostTaskId=-1 lastParentTaskIdBeforePip=-1 displayCutoutSafeInsets=Rect(0, 132 - 0, 0) topActivityInfo=null launchCookies=[] positionInParent=Point(0, 0) parentTaskId=-1 isFocused=true isVisible=true isVisibleRequested=true isSleeping=false locusId=null displayAreaFeatureId=1 isTopActivityTransparent=false appCompatTaskInfo=AppCompatTaskInfo { topActivityInSizeCompat=false topActivityEligibleForLetterboxEducation= falseisLetterboxEducationEnabled= false isLetterboxDoubleTapEnabled= false topActivityEligibleForUserAspectRatioButton= false topActivityBoundsLetterboxed= false isFromLetterboxDoubleTap= false topActivityLetterboxVerticalPosition= -1 topActivityLetterboxHorizontalPosition= -1 topActivityLetterboxWidth=-1 topActivityLetterboxHeight=-1 isUserFullscreenOverrideEnabled=false isSystemFullscreenOverrideEnabled=false cameraCompatTaskInfo=CameraCompatTaskInfo { cameraCompatControlState=hidden freeformCameraCompatMode=inactive}}}, pipTask = null, remoteTransition = null, displayChange = null, flags = 0, debugId = 112 }
03-10 13:53:05.102   578   630 V WindowManager:     startWCT=WindowContainerTransaction { changes = {} hops = [] errorCallbackToken=null taskFragmentOrganizer=null }
03-10 13:53:05.102   578   630 V WindowManager:     info={id=112 t=CLOSE f=0x0 trk=0 r=[0@Point(0, 0)] c=[
03-10 13:53:05.102   578   630 V WindowManager:         {WCT{RemoteToken{730c082 Task{4025656 #1 type=home}}} m=TO_FRONT f=SHOW_WALLPAPER|MOVE_TO_TOP leash=Surface(name=Task=1)/@0xffea104 sb=Rect(0, 0 - 1080, 2400) eb=Rect(0, 0 - 1080, 2400) d=0 taskParent=-1},
03-10 13:53:05.102   578   630 V WindowManager:         {WCT{RemoteToken{1cb6213 Task{ed4f2fa #1709 type=standard A=10231:eu.europa.ec.euidi.dev}}} m=CLOSE f=NONE leash=Surface(name=Task=1709)/@0x947e577 sb=Rect(0, 0 - 1080, 2400) eb=Rect(0, 0 - 1080, 2400) d=0 taskParent=-1},
03-10 13:53:05.102   578   630 V WindowManager:         {null m=TO_FRONT f=IS_WALLPAPER leash=Surface(name=WallpaperWindowToken{3a7ad08 token=android.os.Binder@43d42ab})/@0xc6f6996 sb=Rect(0, 0 - 1080, 2400) eb=Rect(0, 0 - 1080, 2400) d=0}
03-10 13:53:05.102   578   630 V WindowManager:     ]}
03-10 13:53:05.113   858   895 V WindowManagerShell:  animated by com.android.wm.shell.transition.RemoteTransitionHandler@68e4cde
03-10 13:53:05.118   578   674 I ActivityManager: Force stopping eu.europa.ec.euidi.dev appid=10231 user=0: clear data
03-10 13:53:05.118   578   674 I WindowManager:   Force removing ActivityRecord{4310125 u0 eu.europa.ec.euidi.dev/eu.europa.ec.assemblylogic.ui.MainActivity t1709 f} isExiting}
03-10 13:53:05.119   578   674 W WindowManager: removeAppToken: Attempted to remove non-existing token: Token{a0fd0ab ActivityRecord{4310125 u0 eu.europa.ec.euidi.dev/eu.europa.ec.assemblylogic.ui.MainActivity t1709 f} isExiting}}
03-10 13:53:05.122   578  1549 E TaskPersister: File error accessing recents directory (directory doesn't exist?).
03-10 13:53:05.122   578  1796 W UserManagerService: Requested status bar icon for non-badged user 0
03-10 13:53:05.123   578   640 I ActivityManager: Force stopping eu.europa.ec.euidi.dev appid=10231 user=-1: clearApplicationUserData
03-10 13:53:05.123   578   640 I WindowManager:   Force removing ActivityRecord{4310125 u0 eu.europa.ec.euidi.dev/eu.europa.ec.assemblylogic.ui.MainActivity t1709 f} isExiting}
03-10 13:53:05.123   578   640 W WindowManager: removeAppToken: Attempted to remove non-existing token: Token{a0fd0ab ActivityRecord{4310125 u0 eu.europa.ec.euidi.dev/eu.europa.ec.assemblylogic.ui.MainActivity t1709 f} isExiting}}
03-10 13:53:05.132   182   194 I keystore2: system/security/keystore2/src/maintenance.rs:341 - clearNamespace(r#APP, nspace=10231)
03-10 13:53:05.137   578   664 I AppsFilter: interaction: PackageSetting{9282c06 io.appium.uiautomator2.server.test/10233} -> PackageSetting{7c1bdb3 eu.europa.ec.euidi.dev/10231} BLOCKED
03-10 13:53:05.137   578   664 I AppsFilter: interaction: PackageSetting{79dc0f4 io.appium.uiautomator2.server/10232} -> PackageSetting{7c1bdb3 eu.europa.ec.euidi.dev/10231} BLOCKED
03-10 13:53:05.137   578   664 I AppsFilter: interaction: PackageSetting{9282c06 io.appium.uiautomator2.server.test/10233} -> PackageSetting{7c1bdb3 eu.europa.ec.euidi.dev/10231} BLOCKED
03-10 13:53:05.137   578   664 I AppsFilter: interaction: PackageSetting{79dc0f4 io.appium.uiautomator2.server/10232} -> PackageSetting{7c1bdb3 eu.europa.ec.euidi.dev/10231} BLOCKED
03-10 13:53:05.144   578   816 D ShortcutService: received package broadcast intent: Intent { act=android.intent.action.PACKAGE_DATA_CLEARED dat=package: flg=0x5000010 (has extras) }
03-10 13:53:05.144   578   816 D ShortcutService: clearing data for package: eu.europa.ec.euidi.dev userId0
03-10 13:53:05.144   578   816 D ShortcutService: handlePackageDataCleared: eu.europa.ec.euidi.dev user=0
03-10 13:53:05.144   578   816 D ShortcutService: rescanPackageIfNeeded 0@eu.europa.ec.euidi.dev, forceRescan=true , isNewApp=true
03-10 13:53:05.144   578   816 D ShortcutService: Package eu.europa.ec.euidi.dev has 0 manifest shortcut(s), and 0 share target(s)
03-10 13:53:05.150   578   604 W PackageConfigPersister: App-specific configuration not found for packageName: com.google.android.apps.nexuslauncher and userId: 0
03-10 13:53:05.153   858   895 D WindowManagerShell: onKeepClearAreasChanged: restricted={}, unrestricted={}
03-10 13:53:05.178   578   705 D ActivityManager: freezing 3372 com.google.android.gms.unstable
03-10 13:53:05.244   578   816 D ShortcutService: Saving package item com.google.android.as to /data/system_ce/0/shortcut_service/launchers/com.google.android.as0.xml
03-10 13:53:05.247   578   604 W MagnificationConnectionManager: requestConnection duplicated request: connect=false, mConnectionState=DISCONNECTED
03-10 13:53:05.248   578   604 D AccessibilityManagerService: restoreCurrentUserForTestAutomationIfNeededLocked(): ignoring because device doesn't support visible background users
03-10 13:53:05.254   578   604 I ActivityManager: Force stopping io.appium.uiautomator2.server appid=10232 user=0: finished inst
03-10 13:53:05.254   578   604 E ActivityManager: Unable to freeze binder for 16375: -11
03-10 13:53:05.258   578   631 D DisplayManagerService: Drop pending events for gone uid 10232
03-10 13:53:05.261   578   604 I ActivityManager: Killing 16375:io.appium.uiautomator2.server/u0a232 (adj 0): stop io.appium.uiautomator2.server due to finished inst
03-10 13:53:05.278   578   578 D BatterySaverPolicy: accessibility changed to false, updating policy.
03-10 13:53:05.290   578   816 D ShortcutService: Saving package item com.google.android.apps.nexuslauncher to /data/system_ce/0/shortcut_service/launchers/com.google.android.apps.nexuslauncher0.xml
03-10 13:53:05.321   578   816 D ShortcutService: Saving package item com.android.systemui to /data/system_ce/0/shortcut_service/launchers/com.android.systemui0.xml
03-10 13:53:05.321   578   977 V ActivityManager: Got obituary of 16375:io.appium.uiautomator2.server
03-10 13:53:05.727   858   895 V WindowManagerShell: Transition animation finished (aborted=false), notifying core (#112) android.os.BinderProxy@46df6e6@0
03-10 13:53:05.730   578   630 V WindowManager: Finish Transition (#112): created at 03-10 13:53:05.004 collect-started=0.039ms request-sent=0.147ms started=16.659ms ready=89.104ms sent=92.345ms finished=726.199ms
03-10 13:53:05.732   578   606 W ActivityManager: pid 578 system sent binder code 7 with flags 1 to frozen apps and got error -32
03-10 13:53:05.732   578   606 W WindowManager: Exception thrown during dispatchAppVisibility Window{54fd980 u0 eu.europa.ec.euidi.dev/eu.europa.ec.assemblylogic.ui.MainActivity EXITING}
03-10 13:53:05.732   578   606 W WindowManager: android.os.DeadObjectException
03-10 13:53:05.732   578   606 W WindowManager: 	at android.os.BinderProxy.transactNative(Native Method)
03-10 13:53:05.732   578   606 W WindowManager: 	at android.os.BinderProxy.transact(BinderProxy.java:586)
03-10 13:53:05.732   578   606 W WindowManager: 	at android.view.IWindow$Stub$Proxy.dispatchAppVisibility(IWindow.java:553)
03-10 13:53:05.732   578   606 W WindowManager: 	at com.android.server.wm.WindowState.sendAppVisibilityToClients(WindowState.java:3253)
03-10 13:53:05.732   578   606 W WindowManager: 	at com.android.server.wm.WindowContainer.sendAppVisibilityToClients(WindowContainer.java:1289)
03-10 13:53:05.732   578   606 W WindowManager: 	at com.android.server.wm.WindowToken.setClientVisible(WindowToken.java:403)
03-10 13:53:05.732   578   606 W WindowManager: 	at com.android.server.wm.ActivityRecord.setClientVisible(ActivityRecord.java:7166)
03-10 13:53:05.732   578   606 W WindowManager: 	at com.android.server.wm.ActivityRecord.postApplyAnimation(ActivityRecord.java:5881)
03-10 13:53:05.732   578   606 W WindowManager: 	at com.android.server.wm.ActivityRecord.commitVisibility(ActivityRecord.java:5823)
03-10 13:53:05.732   578   606 W WindowManager: 	at com.android.server.wm.Transition.finishTransition(Transition.java:1286)
03-10 13:53:05.732   578   606 W WindowManager: 	at com.android.server.wm.TransitionController.finishTransition(TransitionController.java:937)
03-10 13:53:05.732   578   606 W WindowManager: 	at com.android.server.wm.WindowOrganizerController.finishTransition(WindowOrganizerController.java:494)
03-10 13:53:05.732   578   606 W WindowManager: 	at android.window.IWindowOrganizerController$Stub.onTransact(IWindowOrganizerController.java:289)
03-10 13:53:05.732   578   606 W WindowManager: 	at com.android.server.wm.WindowOrganizerController.onTransact(WindowOrganizerController.java:204)
03-10 13:53:05.732   578   606 W WindowManager: 	at android.os.Binder.execTransactInternal(Binder.java:1500)
03-10 13:53:05.732   578   606 W WindowManager: 	at android.os.Binder.execTransact(Binder.java:1444)
03-10 13:53:05.736   858   895 V WindowManagerShell: Track 0 became idle
03-10 13:53:05.736   858   895 V WindowManagerShell: All active transition animations finished
03-10 13:53:05.737   578  1582 W UserManagerService: Requested status bar icon for non-badged user 0
03-10 13:53:05.739   578   606 W UserManagerService: Requested status bar icon for non-badged user 0
03-10 13:53:06.366   578  1582 I ActivityManager: Force stopping io.appium.uiautomator2.server.test appid=10233 user=0: from pid 16547
03-10 13:53:06.541   578  1582 I ActivityManager: Force stopping io.appium.uiautomator2.server appid=10232 user=0: start instr
03-10 13:53:06.543   578  1582 D CompatChangeReporter: Compat change id reported: 135754954; UID 10232; state: ENABLED
03-10 13:53:06.545   578   641 D CompatChangeReporter: Compat change id reported: 143937733; UID 10232; state: ENABLED
03-10 13:53:06.550   578   641 I ActivityManager: Start proc 16561:io.appium.uiautomator2.server/u0a232 for added application io.appium.uiautomator2.server
03-10 13:53:06.701   578  1582 I AppsFilter: interaction: PackageSetting{79dc0f4 io.appium.uiautomator2.server/10232} -> PackageSetting{b96f2c2 com.android.cts.priv.ctsshim/10184} BLOCKED
03-10 13:53:06.701   578  1582 I AppsFilter: interaction: PackageSetting{79dc0f4 io.appium.uiautomator2.server/10232} -> PackageSetting{148a8d3 com.google.android.youtube/10165} BLOCKED
03-10 13:53:06.701   578  1582 I AppsFilter: interaction: PackageSetting{79dc0f4 io.appium.uiautomator2.server/10232} -> PackageSetting{5925c10 com.android.internal.display.cutout.emulation.corner/10006} BLOCKED
03-10 13:53:06.701   578  1582 I AppsFilter: interaction: PackageSetting{79dc0f4 io.appium.uiautomator2.server/10232} -> PackageSetting{bbe4309 com.android.internal.display.cutout.emulation.double/10007} BLOCKED
03-10 13:53:06.701   578  1582 I AppsFilter: interaction: PackageSetting{79dc0f4 io.appium.uiautomator2.server/10232} -> PackageSetting{1e02104 io.appium.settings/10208} BLOCKED
03-10 13:53:06.701   578  1582 I AppsFilter: interaction: PackageSetting{79dc0f4 io.appium.uiautomator2.server/10232} -> PackageSetting{a65790e com.google.android.googlequicksearchbox/10145} BLOCKED
03-10 13:53:06.702   578  1582 I AppsFilter: interaction: PackageSetting{79dc0f4 io.appium.uiautomator2.server/10232} -> PackageSetting{6eaff2f com.google.android.onetimeinitializer/10130} BLOCKED
03-10 13:53:06.702   578  1582 I AppsFilter: interaction: PackageSetting{79dc0f4 io.appium.uiautomator2.server/10232} -> PackageSetting{929293c com.google.android.ext.shared/10117} BLOCKED
03-10 13:53:06.702   578  1582 I AppsFilter: interaction: PackageSetting{79dc0f4 io.appium.uiautomator2.server/10232} -> PackageSetting{17f06c5 com.android.virtualmachine.res/10186} BLOCKED
03-10 13:53:06.702   578  1582 I AppsFilter: interaction: PackageSetting{79dc0f4 io.appium.uiautomator2.server/10232} -> PackageSetting{884181a com.android.managedprovisioning.auto_generated_rro_product__/10042} BLOCKED
03-10 13:53:06.702   578  1582 I AppsFilter: interaction: PackageSetting{79dc0f4 io.appium.uiautomator2.server/10232} -> PackageSetting{db25f4b com.android.carrierconfig.auto_generated_rro_vendor__/10085} BLOCKED
03-10 13:53:06.702   578  1582 I AppsFilter: interaction: PackageSetting{79dc0f4 io.appium.uiautomator2.server/10232} -> PackageSetting{cfd9d28 com.google.android.server.deviceconfig.resources/10204} BLOCKED
03-10 13:53:06.702   578  1582 I AppsFilter: interaction: PackageSetting{79dc0f4 io.appium.uiautomator2.server/10232} -> PackageSetting{2ce4a41 com.android.systemui.emulation.pixel_3_xl/10054} BLOCKED
03-10 13:53:06.702   578  1582 I AppsFilter: interaction: PackageSetting{79dc0f4 io.appium.uiautomator2.server/10232} -> PackageSetting{bbb9be6 com.android.systemui.emulation.pixel_4_xl/10058} BLOCKED
03-10 13:53:06.702   578  1582 I AppsFilter: interaction: PackageSetting{79dc0f4 io.appium.uiautomator2.server/10232} -> PackageSetting{245a527 com.android.systemui.emulation.pixel_fold/10074} BLOCKED
03-10 13:53:06.702   578  1582 I AppsFilter: interaction: PackageSetting{79dc0f4 io.appium.uiautomator2.server/10232} -> PackageSetting{32363d4 com.android.providers.telephony.auto_generated_characteristics_rro/10079} BLOCKED
03-10 13:53:06.702   578  1582 I AppsFilter: interaction: PackageSetting{79dc0f4 io.appium.uiautomator2.server/10232} -> PackageSetting{874497d com.android.simappdialog.auto_generated_rro_product__/10051} BLOCKED
03-10 13:53:06.702   578  1582 I AppsFilter: interaction: PackageSetting{79dc0f4 io.appium.uiautomator2.server/10232} -> PackageSetting{b959072 com.android.htmlviewer/10121} BLOCKED
03-10 13:53:06.702   578  1582 I AppsFilter: interaction: PackageSetting{79dc0f4 io.appium.uiautomator2.server/10232} -> PackageSetting{add6cc3 com.google.android.health.connect.backuprestore/10195} BLOCKED
03-10 13:53:06.702   578  1582 I AppsFilter: interaction: PackageSetting{79dc0f4 io.appium.uiautomator2.server/10232} -> PackageSetting{93ce940 com.android.systemui.auto_generated_rro_product__/10075} BLOCKED
03-10 13:53:06.702   578  1582 I AppsFilter: interaction: PackageSetting{79dc0f4 io.appium.uiautomator2.server/10232} -> PackageSetting{5810079 com.google.android.apps.messaging/10140} BLOCKED
03-10 13:53:06.702   578  1582 I AppsFilter: interaction: PackageSetting{79dc0f4 io.appium.uiautomator2.server/10232} -> PackageSetting{ca841be com.google.android.soundpicker/10163} BLOCKED
03-10 13:53:06.702   578  1582 I AppsFilter: interaction: PackageSetting{79dc0f4 io.appium.uiautomator2.server/10232} -> PackageSetting{ea0121f com.google.android.marvin.talkbackoverlay/10086} BLOCKED
03-10 13:53:06.702   578  1582 I AppsFilter: interaction: PackageSetting{79dc0f4 io.appium.uiautomator2.server/10232} -> PackageSetting{2a7596c com.google.android.configupdater/10128} BLOCKED
03-10 13:53:06.702   578  1582 I AppsFilter: interaction: PackageSetting{79dc0f4 io.appium.uiautomator2.server/10232} -> PackageSetting{4082b35 com.android.internal.emulation.pixel_3a_xl/10016} BLOCKED
03-10 13:53:06.702   578  1582 I AppsFilter: interaction: PackageSetting{79dc0f4 io.appium.uiautomator2.server/10232} -> PackageSetting{4a2bbca com.android.internal.emulation.pixel_6_pro/10022} BLOCKED
03-10 13:53:06.702   578  1582 I AppsFilter: interaction: PackageSetting{79dc0f4 io.appium.uiautomator2.server/10232} -> PackageSetting{6bdb13b com.android.internal.emulation.pixel_7_pro/10024} BLOCKED
03-10 13:53:06.702   578  1582 I AppsFilter: interaction: PackageSetting{79dc0f4 io.appium.uiautomator2.server/10232} -> PackageSetting{966a058 com.android.internal.emulation.pixel_8_pro/10028} BLOCKED
03-10 13:53:06.702   578  1582 I AppsFilter: interaction: PackageSetting{79dc0f4 io.appium.uiautomator2.server/10232} -> PackageSetting{19d45b1 com.android.internal.emulation.pixel_9_pro/10030} BLOCKED
03-10 13:53:06.702   578  1582 I AppsFilter: interaction: PackageSetting{79dc0f4 io.appium.uiautomator2.server/10232} -> PackageSetting{318ca96 com.android.internal.emulation.pixel_3a/10015} BLOCKED
03-10 13:53:06.702   578  1582 I AppsFilter: interaction: PackageSetting{79dc0f4 io.appium.uiautomator2.server/10232} -> PackageSetting{54c2617 com.android.internal.emulation.pixel_4a/10019} BLOCKED
03-10 13:53:06.702   578  1582 I AppsFilter: interaction: PackageSetting{79dc0f4 io.appium.uiautomator2.server/10232} -> PackageSetting{1d16a04 com.android.internal.emulation.pixel_6a/10027} BLOCKED
03-10 13:53:06.702   578  1582 I AppsFilter: interaction: PackageSetting{79dc0f4 io.appium.uiautomator2.server/10232} -> PackageSetting{78f8bed com.android.internal.emulation.pixel_7a/10025} BLOCKED
03-10 13:53:06.702   578  1582 I AppsFilter: interaction: PackageSetting{79dc0f4 io.appium.uiautomator2.server/10232} -> PackageSetting{b0efa22 com.android.internal.emulation.pixel_8a/10029} BLOCKED
03-10 13:53:06.702   578  1582 I AppsFilter: interaction: PackageSetting{79dc0f4 io.appium.uiautomator2.server/10232} -> PackageSetting{de30cb3 com.google.android.overlay.googlewebview/10039} BLOCKED
03-10 13:53:06.702   578  1582 I AppsFilter: interaction: PackageSetting{79dc0f4 io.appium.uiautomator2.server/10232} -> PackageSetting{cfd2270 com.google.android.apps.safetyhub/10139} BLOCKED
03-10 13:53:06.702   578  1582 I AppsFilter: interaction: PackageSetting{79dc0f4 io.appium.uiautomator2.server/10232} -> PackageSetting{ae5f9e9 com.google.android.hotspot2.osulogin/10200} BLOCKED
03-10 13:53:06.702   578  1582 I AppsFilter: interaction: PackageSetting{79dc0f4 io.appium.uiautomator2.server/10232} -> PackageSetting{946966e com.android.simappdialog/10125} BLOCKED
03-10 13:53:06.702   578  1582 I AppsFilter: interaction: PackageSetting{79dc0f4 io.appium.uiautomator2.server/10232} -> PackageSetting{bf7c10f com.android.internal.display.cutout.emulation.hole/10009} BLOCKED
03-10 13:53:06.702   578  1582 I AppsFilter: interaction: PackageSetting{79dc0f4 io.appium.uiautomator2.server/10232} -> PackageSetting{5e9f59c com.android.internal.display.cutout.emulation.tall/10010} BLOCKED
03-10 13:53:06.702   578  1582 I AppsFilter: interaction: PackageSetting{79dc0f4 io.appium.uiautomator2.server/10232} -> PackageSetting{7c1bdb3 eu.europa.ec.euidi.dev/10231} BLOCKED
03-10 13:53:06.702   578  1582 I AppsFilter: interaction: PackageSetting{79dc0f4 io.appium.uiautomator2.server/10232} -> PackageSetting{1b4ba5 com.android.internal.systemui.navbar.threebutton/10044} BLOCKED
03-10 13:53:06.702   578  1582 I AppsFilter: interaction: PackageSetting{79dc0f4 io.appium.uiautomator2.server/10232} -> PackageSetting{349ab7a com.android.camera2/10147} BLOCKED
03-10 13:53:06.702   578  1582 I AppsFilter: interaction: PackageSetting{79dc0f4 io.appium.uiautomator2.server/10232} -> PackageSetting{2f95f2b com.android.internal.ranchu.commonoverlay/10048} BLOCKED
03-10 13:53:06.702   578  1582 I AppsFilter: interaction: PackageSetting{79dc0f4 io.appium.uiautomator2.server/10232} -> PackageSetting{56ecf88 com.android.systemui.auto_generated_rro_vendor__/10087} BLOCKED
03-10 13:53:06.702   578  1582 I AppsFilter: interaction: PackageSetting{79dc0f4 io.appium.uiautomator2.server/10232} -> PackageSetting{e99fd21 com.google.android.deskclock/10160} BLOCKED
03-10 13:53:06.702   578  1582 I AppsFilter: interaction: PackageSetting{79dc0f4 io.appium.uiautomator2.server/10232} -> PackageSetting{b370546 com.android.internal.systemui.navbar.twobutton/10043} BLOCKED
03-10 13:53:06.702   578  1582 I AppsFilter: interaction: PackageSetting{79dc0f4 io.appium.uiautomator2.server/10232} -> PackageSetting{42cc307 com.google.android.as/10136} BLOCKED
03-10 13:53:06.702   578  1582 I AppsFilter: interaction: PackageSetting{79dc0f4 io.appium.uiautomator2.server/10232} -> PackageSetting{8e55c34 com.google.android.gm/10167} BLOCKED
03-10 13:53:06.702   578  1582 I AppsFilter: interaction: PackageSetting{79dc0f4 io.appium.uiautomator2.server/10232} -> PackageSetting{ff84a5d com.android.systemui.emulation.pixel_3/10053} BLOCKED
03-10 13:53:06.702   578  1582 I AppsFilter: interaction: PackageSetting{79dc0f4 io.appium.uiautomator2.server/10232} -> PackageSetting{44e2fd2 com.android.systemui.emulation.pixel_4/10057} BLOCKED
03-10 13:53:06.702   578  1582 I AppsFilter: interaction: PackageSetting{79dc0f4 io.appium.uiautomator2.server/10232} -> PackageSetting{64888a3 com.android.systemui.emulation.pixel_5/10060} BLOCKED
03-10 13:53:06.702   578  1582 I AppsFilter: interaction: PackageSetting{79dc0f4 io.appium.uiautomator2.server/10232} -> PackageSetting{79607a0 com.android.systemui.emulation.pixel_6/10061} BLOCKED
03-10 13:53:06.702   578  1582 I AppsFilter: interaction: PackageSetting{79dc0f4 io.appium.uiautomator2.server/10232} -> PackageSetting{6f42f59 com.android.systemui.emulation.pixel_7/10064} BLOCKED
03-10 13:53:06.702   578  1582 I AppsFilter: interaction: PackageSetting{79dc0f4 io.appium.uiautomator2.server/10232} -> PackageSetting{43b771e com.android.systemui.emulation.pixel_8/10067} BLOCKED
03-10 13:53:06.702   578  1582 I AppsFilter: interaction: PackageSetting{79dc0f4 io.appium.uiautomator2.server/10232} -> PackageSetting{ad10bff com.android.systemui.emulation.pixel_9/10070} BLOCKED
03-10 13:53:06.702   578  1582 I AppsFilter: interaction: PackageSetting{79dc0f4 io.appium.uiautomator2.server/10232} -> PackageSetting{2e3fdcc com.android.printspooler/10124} BLOCKED
03-10 13:53:06.702   578  1582 I AppsFilter: interaction: PackageSetting{79dc0f4 io.appium.uiautomator2.server/10232} -> PackageSetting{a2f6815 com.google.android.connectivity.resources.goldfish.overlay/10089} BLOCKED
03-10 13:53:06.702   578  1582 I AppsFilter: interaction: PackageSetting{79dc0f4 io.appium.uiautomator2.server/10232} -> PackageSetting{d23e72a com.android.dreams.basic/10113} BLOCKED
03-10 13:53:06.702   578  1582 I AppsFilter: interaction: PackageSetting{79dc0f4 io.appium.uiautomator2.server/10232} -> PackageSetting{d34691b com.google.android.networkstack.tethering.emulator/10035} BLOCKED
03-10 13:53:06.702   578  1582 I AppsFilter: interaction: PackageSetting{79dc0f4 io.appium.uiautomator2.server/10232} -> PackageSetting{d392ab8 com.android.providers.settings.auto_generated_rro_product__/10050} BLOCKED
03-10 13:53:06.702   578  1582 I AppsFilter: interaction: PackageSetting{79dc0f4 io.appium.uiautomator2.server/10232} -> PackageSetting{eab7091 com.google.android.as.oss/10129} BLOCKED
03-10 13:53:06.702   578  1582 I AppsFilter: interaction: PackageSetting{79dc0f4 io.appium.uiautomator2.server/10232} -> PackageSetting{c714bf6 com.android.traceur.auto_generated_rro_product__/10081} BLOCKED
03-10 13:53:06.702   578  1582 I AppsFilter: interaction: PackageSetting{79dc0f4 io.appium.uiautomator2.server/10232} -> PackageSetting{7a67bf7 com.android.internal.emulation.pixel_9_pro_fold/10034} BLOCKED
03-10 13:53:06.702   578  1582 I AppsFilter: interaction: PackageSetting{79dc0f4 io.appium.uiautomator2.server/10232} -> PackageSetting{3b23a64 com.google.android.devicelockcontroller/10192} BLOCKED
03-10 13:53:06.702   578  1582 I AppsFilter: interaction: PackageSetting{79dc0f4 io.appium.uiautomator2.server/10232} -> PackageSetting{e0584cd com.google.android.dialer/10138} BLOCKED
03-10 13:53:06.702   578  1582 I AppsFilter: interaction: PackageSetting{79dc0f4 io.appium.uiautomator2.server/10232} -> PackageSetting{a5e3182 com.android.internal.emulation.pixel_3/10013} BLOCKED
03-10 13:53:06.702   578  1582 I AppsFilter: interaction: PackageSetting{79dc0f4 io.appium.uiautomator2.server/10232} -> PackageSetting{9bce093 com.android.internal.emulation.pixel_4/10017} BLOCKED
03-10 13:53:06.702   578  1582 I AppsFilter: interaction: PackageSetting{79dc0f4 io.appium.uiautomator2.server/10232} -> PackageSetting{68a98d0 com.android.internal.emulation.pixel_5/10020} BLOCKED
03-10 13:53:06.702   578  1582 I AppsFilter: interaction: PackageSetting{79dc0f4 io.appium.uiautomator2.server/10232} -> PackageSetting{472a0c9 com.android.internal.emulation.pixel_6/10021} BLOCKED
03-10 13:53:06.702   578  1582 I AppsFilter: interaction: PackageSetting{79dc0f4 io.appium.uiautomator2.server/10232} -> PackageSetting{641e3ce com.android.internal.emulation.pixel_7/10023} BLOCKED
03-10 13:53:06.702   578  1582 I AppsFilter: interaction: PackageSetting{79dc0f4 io.appium.uiautomator2.server/10232} -> PackageSetting{ccaf2ef com.android.internal.emulation.pixel_8/10026} BLOCKED
03-10 13:53:06.702   578  1582 I AppsFilter: interaction: PackageSetting{79dc0f4 io.appium.uiautomator2.server/10232} -> PackageSetting{c4871fc com.android.internal.emulation.pixel_9/10033} BLOCKED
03-10 13:53:06.702   578  1582 I AppsFilter: interaction: PackageSetting{79dc0f4 io.appium.uiautomator2.server/10232} -> PackageSetting{27b8085 com.google.android.captiveportallogin/10114} BLOCKED
03-10 13:53:06.702   578  1582 I AppsFilter: interaction: PackageSetting{79dc0f4 io.appium.uiautomator2.server/10232} -> PackageSetting{b9c6eda android.auto_generated_characteristics_rro/10083} BLOCKED
03-10 13:53:06.702   578  1582 I AppsFilter: interaction: PackageSetting{79dc0f4 io.appium.uiautomator2.server/10232} -> PackageSetting{1fdcf0b com.google.android.appsearch.apk/10206} BLOCKED
03-10 13:53:06.702   578  1582 I AppsFilter: interaction: PackageSetting{79dc0f4 io.appium.uiautomator2.server/10232} -> PackageSetting{ba8b1e8 com.android.musicfx/10105} BLOCKED
03-10 13:53:06.702   578  1582 I AppsFilter: interaction: PackageSetting{79dc0f4 io.appium.uiautomator2.server/10232} -> PackageSetting{ffff562 com.google.android.apps.docs/10154} BLOCKED
03-10 13:53:06.702   578  1582 I AppsFilter: interaction: PackageSetting{79dc0f4 io.appium.uiautomator2.server/10232} -> PackageSetting{a4c0787 com.google.android.apps.maps/10157} BLOCKED
03-10 13:53:06.702   578  1582 I AppsFilter: interaction: PackageSetting{79dc0f4 io.appium.uiautomator2.server/10232} -> PackageSetting{be29ea6 com.google.android.markup/10151} BLOCKED
03-10 13:53:06.702   578  1582 I AppsFilter: interaction: PackageSetting{79dc0f4 io.appium.uiautomator2.server/10232} -> PackageSetting{63850e7 com.google.android.webview/10162} BLOCKED
03-10 13:53:06.703   578  1582 I AppsFilter: interaction: PackageSetting{79dc0f4 io.appium.uiautomator2.server/10232} -> PackageSetting{84b0494 com.google.android.rkpdapp/10205} BLOCKED
03-10 13:53:06.703   578  1582 I AppsFilter: interaction: PackageSetting{79dc0f4 io.appium.uiautomator2.server/10232} -> PackageSetting{1ce3b3d com.google.android.contacts/10150} BLOCKED
03-10 13:53:06.703   578  1582 I AppsFilter: interaction: PackageSetting{79dc0f4 io.appium.uiautomator2.server/10232} -> PackageSetting{909ff32 com.android.server.telecom.auto_generated_rro_product__/10078} BLOCKED
03-10 13:53:06.703   578  1582 I AppsFilter: interaction: PackageSetting{79dc0f4 io.appium.uiautomator2.server/10232} -> PackageSetting{7af1483 com.android.phone.auto_generated_characteristics_rro/10076} BLOCKED
03-10 13:53:06.703   578  1582 I AppsFilter: interaction: PackageSetting{79dc0f4 io.appium.uiautomator2.server/10232} -> PackageSetting{e1dd600 com.google.android.overlay.googleconfig/10038} BLOCKED
03-10 13:53:06.703   578  1582 I AppsFilter: interaction: PackageSetting{79dc0f4 io.appium.uiautomator2.server/10232} -> PackageSetting{de84e39 com.android.chrome/10146} BLOCKED
03-10 13:53:06.703   578  1582 I AppsFilter: interaction: PackageSetting{79dc0f4 io.appium.uiautomator2.server/10232} -> PackageSetting{cd4dc7e com.android.bips.auto_generated_rro_product__/10001} BLOCKED
03-10 13:53:06.703   578  1582 I AppsFilter: interaction: PackageSetting{79dc0f4 io.appium.uiautomator2.server/10232} -> PackageSetting{94475df com.google.android.apps.customization.pixel/10155} BLOCKED
03-10 13:53:06.703   578  1582 I AppsFilter: interaction: PackageSetting{79dc0f4 io.appium.uiautomator2.server/10232} -> PackageSetting{78a522c com.google.android.tag/10108} BLOCKED
03-10 13:53:06.703   578  1582 I AppsFilter: interaction: PackageSetting{79dc0f4 io.appium.uiautomator2.server/10232} -> PackageSetting{4f694f5 com.google.android.overlay.permissioncontroller/10037} BLOCKED
03-10 13:53:06.703   578  1582 I AppsFilter: interaction: PackageSetting{79dc0f4 io.appium.uiautomator2.server/10232} -> PackageSetting{8de428a com.google.android.partnersetup/10137} BLOCKED
03-10 13:53:06.703   578  1582 I AppsFilter: interaction: PackageSetting{79dc0f4 io.appium.uiautomator2.server/10232} -> PackageSetting{fa490fb com.google.android.apps.wallpaper.nexus/10153} BLOCKED
03-10 13:53:06.703   578  1582 I AppsFilter: interaction: PackageSetting{79dc0f4 io.appium.uiautomator2.server/10232} -> PackageSetting{a606518 com.google.android.apps.nexuslauncher/10176} BLOCKED
03-10 13:53:06.703   578  1582 I AppsFilter: interaction: PackageSetting{79dc0f4 io.appium.uiautomator2.server/10232} -> PackageSetting{2688b71 com.android.theme.font.notoserifsource/10036} BLOCKED
03-10 13:53:06.703   578  1582 I AppsFilter: interaction: PackageSetting{79dc0f4 io.appium.uiautomator2.server/10232} -> PackageSetting{b65fd56 com.google.android.safetycenter.resources/10188} BLOCKED
03-10 13:53:06.703   578  1582 I AppsFilter: interaction: PackageSetting{79dc0f4 io.appium.uiautomator2.server/10232} -> PackageSetting{42141d7 com.android.internal.display.cutout.emulation.waterfall/10011} BLOCKED
03-10 13:53:06.703   578  1582 I AppsFilter: interaction: PackageSetting{79dc0f4 io.appium.uiautomator2.server/10232} -> PackageSetting{782bac4 com.android.internal.systemui.navbar.transparent/10082} BLOCKED
03-10 13:53:06.703   578  1582 I AppsFilter: interaction: PackageSetting{79dc0f4 io.appium.uiautomator2.server/10232} -> PackageSetting{f296dad com.google.android.connectivity.resources/10198} BLOCKED
03-10 13:53:06.703   578  1582 I AppsFilter: interaction: PackageSetting{79dc0f4 io.appium.uiautomator2.server/10232} -> PackageSetting{4dc98e2 com.android.providers.contacts.auto_generated_rro_product__/10003} BLOCKED
03-10 13:53:06.703   578  1582 I AppsFilter: interaction: PackageSetting{79dc0f4 io.appium.uiautomator2.server/10232} -> PackageSetting{94e2473 com.google.android.feedback/10172} BLOCKED
