03-10 13:53:06.808   578   606 I AppsFilter: interaction: PackageSetting{79dc0f4 io.appium.uiautomator2.server/10232} -> PackageSetting{17f06c5 com.android.virtualmachine.res/10186} BLOCKED
03-10 13:53:06.808   578   606 I AppsFilter: interaction: PackageSetting{79dc0f4 io.appium.uiautomator2.server/10232} -> PackageSetting{884181a com.android.managedprovisioning.auto_generated_rro_product__/10042} BLOCKED
03-10 13:53:06.808   578   606 I AppsFilter: interaction: PackageSetting{79dc0f4 io.appium.uiautomator2.server/10232} -> PackageSetting{db25f4b com.android.carrierconfig.auto_generated_rro_vendor__/10085} BLOCKED
03-10 13:53:06.808   578   606 I AppsFilter: interaction: PackageSetting{79dc0f4 io.appium.uiautomator2.server/10232} -> PackageSetting{cfd9d28 com.google.android.server.deviceconfig.resources/10204} BLOCKED
03-10 13:53:06.808   578   606 I AppsFilter: interaction: PackageSetting{79dc0f4 io.appium.uiautomator2.server/10232} -> PackageSetting{2ce4a41 com.android.systemui.emulation.pixel_3_xl/10054} BLOCKED
03-10 13:53:06.808   578   606 I AppsFilter: interaction: PackageSetting{79dc0f4 io.appium.uiautomator2.server/10232} -> PackageSetting{bbb9be6 com.android.systemui.emulation.pixel_4_xl/10058} BLOCKED
03-10 13:53:06.808   578   606 I AppsFilter: interaction: PackageSetting{79dc0f4 io.appium.uiautomator2.server/10232} -> PackageSetting{245a527 com.android.systemui.emulation.pixel_fold/10074} BLOCKED
03-10 13:53:06.808   578   606 I AppsFilter: interaction: PackageSetting{79dc0f4 io.appium.uiautomator2.server/10232} -> PackageSetting{32363d4 com.android.providers.telephony.auto_generated_characteristics_rro/10079} BLOCKED
03-10 13:53:06.808   578   606 I AppsFilter: interaction: PackageSetting{79dc0f4 io.appium.uiautomator2.server/10232} -> PackageSetting{874497d com.android.simappdialog.auto_generated_rro_product__/10051} BLOCKED
03-10 13:53:06.808   578   606 I AppsFilter: interaction: PackageSetting{79dc0f4 io.appium.uiautomator2.server/10232} -> PackageSetting{b959072 com.android.htmlviewer/10121} BLOCKED
03-10 13:53:06.808   578   606 I AppsFilter: interaction: PackageSetting{79dc0f4 io.appium.uiautomator2.server/10232} -> PackageSetting{add6cc3 com.google.android.health.connect.backuprestore/10195} BLOCKED
03-10 13:53:06.808   578   606 I AppsFilter: interaction: PackageSetting{79dc0f4 io.appium.uiautomator2.server/10232} -> PackageSetting{93ce940 com.android.systemui.auto_generated_rro_product__/10075} BLOCKED
03-10 13:53:06.808   578   606 I AppsFilter: interaction: PackageSetting{79dc0f4 io.appium.uiautomator2.server/10232} -> PackageSetting{5810079 com.google.android.apps.messaging/10140} BLOCKED
03-10 13:53:06.808   578   606 I AppsFilter: interaction: PackageSetting{79dc0f4 io.appium.uiautomator2.server/10232} -> PackageSetting{ca841be com.google.android.soundpicker/10163} BLOCKED
03-10 13:53:06.808   578   606 I AppsFilter: interaction: PackageSetting{79dc0f4 io.appium.uiautomator2.server/10232} -> PackageSetting{ea0121f com.google.android.marvin.talkbackoverlay/10086} BLOCKED
03-10 13:53:06.808   578   606 I AppsFilter: interaction: PackageSetting{79dc0f4 io.appium.uiautomator2.server/10232} -> PackageSetting{2a7596c com.google.android.configupdater/10128} BLOCKED
03-10 13:53:06.808   578   606 I AppsFilter: interaction: PackageSetting{79dc0f4 io.appium.uiautomator2.server/10232} -> PackageSetting{4082b35 com.android.internal.emulation.pixel_3a_xl/10016} BLOCKED
03-10 13:53:06.808   578   606 I AppsFilter: interaction: PackageSetting{79dc0f4 io.appium.uiautomator2.server/10232} -> PackageSetting{4a2bbca com.android.internal.emulation.pixel_6_pro/10022} BLOCKED
03-10 13:53:06.808   578   606 I AppsFilter: interaction: PackageSetting{79dc0f4 io.appium.uiautomator2.server/10232} -> PackageSetting{6bdb13b com.android.internal.emulation.pixel_7_pro/10024} BLOCKED
03-10 13:53:06.808   578   606 I AppsFilter: interaction: PackageSetting{79dc0f4 io.appium.uiautomator2.server/10232} -> PackageSetting{966a058 com.android.internal.emulation.pixel_8_pro/10028} BLOCKED
03-10 13:53:06.808   578   606 I AppsFilter: interaction: PackageSetting{79dc0f4 io.appium.uiautomator2.server/10232} -> PackageSetting{19d45b1 com.android.internal.emulation.pixel_9_pro/10030} BLOCKED
03-10 13:53:06.808   578   606 I AppsFilter: interaction: PackageSetting{79dc0f4 io.appium.uiautomator2.server/10232} -> PackageSetting{318ca96 com.android.internal.emulation.pixel_3a/10015} BLOCKED
03-10 13:53:06.808   578   606 I AppsFilter: interaction: PackageSetting{79dc0f4 io.appium.uiautomator2.server/10232} -> PackageSetting{54c2617 com.android.internal.emulation.pixel_4a/10019} BLOCKED
03-10 13:53:06.808   578   606 I AppsFilter: interaction: PackageSetting{79dc0f4 io.appium.uiautomator2.server/10232} -> PackageSetting{1d16a04 com.android.internal.emulation.pixel_6a/10027} BLOCKED
03-10 13:53:06.808   578   606 I AppsFilter: interaction: PackageSetting{79dc0f4 io.appium.uiautomator2.server/10232} -> PackageSetting{78f8bed com.android.internal.emulation.pixel_7a/10025} BLOCKED
03-10 13:53:06.808   578   606 I AppsFilter: interaction: PackageSetting{79dc0f4 io.appium.uiautomator2.server/10232} -> PackageSetting{b0efa22 com.android.internal.emulation.pixel_8a/10029} BLOCKED
03-10 13:53:06.808   578   606 I AppsFilter: interaction: PackageSetting{79dc0f4 io.appium.uiautomator2.server/10232} -> PackageSetting{de30cb3 com.google.android.overlay.googlewebview/10039} BLOCKED
03-10 13:53:06.808   578   606 I AppsFilter: interaction: PackageSetting{79dc0f4 io.appium.uiautomator2.server/10232} -> PackageSetting{cfd2270 com.google.android.apps.safetyhub/10139} BLOCKED
03-10 13:53:06.808   578   606 I AppsFilter: interaction: PackageSetting{79dc0f4 io.appium.uiautomator2.server/10232} -> PackageSetting{ae5f9e9 com.google.android.hotspot2.osulogin/10200} BLOCKED
03-10 13:53:06.808   578   606 I AppsFilter: interaction: PackageSetting{79dc0f4 io.appium.uiautomator2.server/10232} -> PackageSetting{946966e com.android.simappdialog/10125} BLOCKED
03-10 13:53:06.808   578   606 I AppsFilter: interaction: PackageSetting{79dc0f4 io.appium.uiautomator2.server/10232} -> PackageSetting{bf7c10f com.android.internal.display.cutout.emulation.hole/10009} BLOCKED
03-10 13:53:06.808   578   606 I AppsFilter: interaction: PackageSetting{79dc0f4 io.appium.uiautomator2.server/10232} -> PackageSetting{5e9f59c com.android.internal.display.cutout.emulation.tall/10010} BLOCKED
03-10 13:53:06.808   578   606 I AppsFilter: interaction: PackageSetting{79dc0f4 io.appium.uiautomator2.server/10232} -> PackageSetting{7c1bdb3 eu.europa.ec.euidi.dev/10231} BLOCKED
03-10 13:53:06.808   578   606 I AppsFilter: interaction: PackageSetting{79dc0f4 io.appium.uiautomator2.server/10232} -> PackageSetting{1b4ba5 com.android.internal.systemui.navbar.threebutton/10044} BLOCKED
03-10 13:53:06.808   578   606 I AppsFilter: interaction: PackageSetting{79dc0f4 io.appium.uiautomator2.server/10232} -> PackageSetting{349ab7a com.android.camera2/10147} BLOCKED
03-10 13:53:06.808   578   606 I AppsFilter: interaction: PackageSetting{79dc0f4 io.appium.uiautomator2.server/10232} -> PackageSetting{2f95f2b com.android.internal.ranchu.commonoverlay/10048} BLOCKED
03-10 13:53:06.808   578   606 I AppsFilter: interaction: PackageSetting{79dc0f4 io.appium.uiautomator2.server/10232} -> PackageSetting{56ecf88 com.android.systemui.auto_generated_rro_vendor__/10087} BLOCKED
03-10 13:53:06.808   578   606 I AppsFilter: interaction: PackageSetting{79dc0f4 io.appium.uiautomator2.server/10232} -> PackageSetting{e99fd21 com.google.android.deskclock/10160} BLOCKED
03-10 13:53:06.808   578   606 I AppsFilter: interaction: PackageSetting{79dc0f4 io.appium.uiautomator2.server/10232} -> PackageSetting{b370546 com.android.internal.systemui.navbar.twobutton/10043} BLOCKED
03-10 13:53:06.808   578   606 I AppsFilter: interaction: PackageSetting{79dc0f4 io.appium.uiautomator2.server/10232} -> PackageSetting{42cc307 com.google.android.as/10136} BLOCKED
03-10 13:53:06.808   578   606 I AppsFilter: interaction: PackageSetting{79dc0f4 io.appium.uiautomator2.server/10232} -> PackageSetting{8e55c34 com.google.android.gm/10167} BLOCKED
03-10 13:53:06.808   578   606 I AppsFilter: interaction: PackageSetting{79dc0f4 io.appium.uiautomator2.server/10232} -> PackageSetting{ff84a5d com.android.systemui.emulation.pixel_3/10053} BLOCKED
03-10 13:53:06.808   578   606 I AppsFilter: interaction: PackageSetting{79dc0f4 io.appium.uiautomator2.server/10232} -> PackageSetting{44e2fd2 com.android.systemui.emulation.pixel_4/10057} BLOCKED
03-10 13:53:06.808   578   606 I AppsFilter: interaction: PackageSetting{79dc0f4 io.appium.uiautomator2.server/10232} -> PackageSetting{64888a3 com.android.systemui.emulation.pixel_5/10060} BLOCKED
03-10 13:53:06.808   578   606 I AppsFilter: interaction: PackageSetting{79dc0f4 io.appium.uiautomator2.server/10232} -> PackageSetting{79607a0 com.android.systemui.emulation.pixel_6/10061} BLOCKED
03-10 13:53:06.808   578   606 I AppsFilter: interaction: PackageSetting{79dc0f4 io.appium.uiautomator2.server/10232} -> PackageSetting{6f42f59 com.android.systemui.emulation.pixel_7/10064} BLOCKED
03-10 13:53:06.808   578   606 I AppsFilter: interaction: PackageSetting{79dc0f4 io.appium.uiautomator2.server/10232} -> PackageSetting{43b771e com.android.systemui.emulation.pixel_8/10067} BLOCKED
03-10 13:53:06.808   578   606 I AppsFilter: interaction: PackageSetting{79dc0f4 io.appium.uiautomator2.server/10232} -> PackageSetting{ad10bff com.android.systemui.emulation.pixel_9/10070} BLOCKED
03-10 13:53:06.808   578   606 I AppsFilter: interaction: PackageSetting{79dc0f4 io.appium.uiautomator2.server/10232} -> PackageSetting{2e3fdcc com.android.printspooler/10124} BLOCKED
03-10 13:53:06.808   578   606 I AppsFilter: interaction: PackageSetting{79dc0f4 io.appium.uiautomator2.server/10232} -> PackageSetting{a2f6815 com.google.android.connectivity.resources.goldfish.overlay/10089} BLOCKED
03-10 13:53:06.808   578   606 I AppsFilter: interaction: PackageSetting{79dc0f4 io.appium.uiautomator2.server/10232} -> PackageSetting{d23e72a com.android.dreams.basic/10113} BLOCKED
03-10 13:53:06.808   578   606 I AppsFilter: interaction: PackageSetting{79dc0f4 io.appium.uiautomator2.server/10232} -> PackageSetting{d34691b com.google.android.networkstack.tethering.emulator/10035} BLOCKED
03-10 13:53:06.808   578   606 I AppsFilter: interaction: PackageSetting{79dc0f4 io.appium.uiautomator2.server/10232} -> PackageSetting{d392ab8 com.android.providers.settings.auto_generated_rro_product__/10050} BLOCKED
03-10 13:53:06.808   578   606 I AppsFilter: interaction: PackageSetting{79dc0f4 io.appium.uiautomator2.server/10232} -> PackageSetting{eab7091 com.google.android.as.oss/10129} BLOCKED
03-10 13:53:06.808   578   606 I AppsFilter: interaction: PackageSetting{79dc0f4 io.appium.uiautomator2.server/10232} -> PackageSetting{c714bf6 com.android.traceur.auto_generated_rro_product__/10081} BLOCKED
03-10 13:53:06.808   578   606 I AppsFilter: interaction: PackageSetting{79dc0f4 io.appium.uiautomator2.server/10232} -> PackageSetting{7a67bf7 com.android.internal.emulation.pixel_9_pro_fold/10034} BLOCKED
03-10 13:53:06.808   578   606 I AppsFilter: interaction: PackageSetting{79dc0f4 io.appium.uiautomator2.server/10232} -> PackageSetting{3b23a64 com.google.android.devicelockcontroller/10192} BLOCKED
03-10 13:53:06.808   578   606 I AppsFilter: interaction: PackageSetting{79dc0f4 io.appium.uiautomator2.server/10232} -> PackageSetting{e0584cd com.google.android.dialer/10138} BLOCKED
03-10 13:53:06.808   578   606 I AppsFilter: interaction: PackageSetting{79dc0f4 io.appium.uiautomator2.server/10232} -> PackageSetting{a5e3182 com.android.internal.emulation.pixel_3/10013} BLOCKED
03-10 13:53:06.808   578   606 I AppsFilter: interaction: PackageSetting{79dc0f4 io.appium.uiautomator2.server/10232} -> PackageSetting{9bce093 com.android.internal.emulation.pixel_4/10017} BLOCKED
03-10 13:53:06.808   578   606 I AppsFilter: interaction: PackageSetting{79dc0f4 io.appium.uiautomator2.server/10232} -> PackageSetting{68a98d0 com.android.internal.emulation.pixel_5/10020} BLOCKED
03-10 13:53:06.808   578   606 I AppsFilter: interaction: PackageSetting{79dc0f4 io.appium.uiautomator2.server/10232} -> PackageSetting{472a0c9 com.android.internal.emulation.pixel_6/10021} BLOCKED
03-10 13:53:06.808   578   606 I AppsFilter: interaction: PackageSetting{79dc0f4 io.appium.uiautomator2.server/10232} -> PackageSetting{641e3ce com.android.internal.emulation.pixel_7/10023} BLOCKED
03-10 13:53:06.808   578   606 I AppsFilter: interaction: PackageSetting{79dc0f4 io.appium.uiautomator2.server/10232} -> PackageSetting{ccaf2ef com.android.internal.emulation.pixel_8/10026} BLOCKED
03-10 13:53:06.808   578   606 I AppsFilter: interaction: PackageSetting{79dc0f4 io.appium.uiautomator2.server/10232} -> PackageSetting{c4871fc com.android.internal.emulation.pixel_9/10033} BLOCKED
03-10 13:53:06.808   578   606 I AppsFilter: interaction: PackageSetting{79dc0f4 io.appium.uiautomator2.server/10232} -> PackageSetting{27b8085 com.google.android.captiveportallogin/10114} BLOCKED
03-10 13:53:06.808   578   606 I AppsFilter: interaction: PackageSetting{79dc0f4 io.appium.uiautomator2.server/10232} -> PackageSetting{b9c6eda android.auto_generated_characteristics_rro/10083} BLOCKED
03-10 13:53:06.808   578   606 I AppsFilter: interaction: PackageSetting{79dc0f4 io.appium.uiautomator2.server/10232} -> PackageSetting{1fdcf0b com.google.android.appsearch.apk/10206} BLOCKED
03-10 13:53:06.808   578   606 I AppsFilter: interaction: PackageSetting{79dc0f4 io.appium.uiautomator2.server/10232} -> PackageSetting{ba8b1e8 com.android.musicfx/10105} BLOCKED
03-10 13:53:06.808   578   606 I AppsFilter: interaction: PackageSetting{79dc0f4 io.appium.uiautomator2.server/10232} -> PackageSetting{ffff562 com.google.android.apps.docs/10154} BLOCKED
03-10 13:53:06.809   578   606 I AppsFilter: interaction: PackageSetting{79dc0f4 io.appium.uiautomator2.server/10232} -> PackageSetting{a4c0787 com.google.android.apps.maps/10157} BLOCKED
03-10 13:53:06.809   578   606 I AppsFilter: interaction: PackageSetting{79dc0f4 io.appium.uiautomator2.server/10232} -> PackageSetting{be29ea6 com.google.android.markup/10151} BLOCKED
03-10 13:53:06.809   578   606 I AppsFilter: interaction: PackageSetting{79dc0f4 io.appium.uiautomator2.server/10232} -> PackageSetting{63850e7 com.google.android.webview/10162} BLOCKED
03-10 13:53:06.809   578   606 I AppsFilter: interaction: PackageSetting{79dc0f4 io.appium.uiautomator2.server/10232} -> PackageSetting{84b0494 com.google.android.rkpdapp/10205} BLOCKED
03-10 13:53:06.809   578   606 I AppsFilter: interaction: PackageSetting{79dc0f4 io.appium.uiautomator2.server/10232} -> PackageSetting{1ce3b3d com.google.android.contacts/10150} BLOCKED
03-10 13:53:06.809   578   606 I AppsFilter: interaction: PackageSetting{79dc0f4 io.appium.uiautomator2.server/10232} -> PackageSetting{909ff32 com.android.server.telecom.auto_generated_rro_product__/10078} BLOCKED
03-10 13:53:06.809   578   606 I AppsFilter: interaction: PackageSetting{79dc0f4 io.appium.uiautomator2.server/10232} -> PackageSetting{7af1483 com.android.phone.auto_generated_characteristics_rro/10076} BLOCKED
03-10 13:53:06.809   578   606 I AppsFilter: interaction: PackageSetting{79dc0f4 io.appium.uiautomator2.server/10232} -> PackageSetting{e1dd600 com.google.android.overlay.googleconfig/10038} BLOCKED
03-10 13:53:06.809   578   606 I AppsFilter: interaction: PackageSetting{79dc0f4 io.appium.uiautomator2.server/10232} -> PackageSetting{de84e39 com.android.chrome/10146} BLOCKED
03-10 13:53:06.809   578   606 I AppsFilter: interaction: PackageSetting{79dc0f4 io.appium.uiautomator2.server/10232} -> PackageSetting{cd4dc7e com.android.bips.auto_generated_rro_product__/10001} BLOCKED
03-10 13:53:06.809   578   606 I AppsFilter: interaction: PackageSetting{79dc0f4 io.appium.uiautomator2.server/10232} -> PackageSetting{94475df com.google.android.apps.customization.pixel/10155} BLOCKED
03-10 13:53:06.809   578   606 I AppsFilter: interaction: PackageSetting{79dc0f4 io.appium.uiautomator2.server/10232} -> PackageSetting{78a522c com.google.android.tag/10108} BLOCKED
03-10 13:53:06.809   578   606 I AppsFilter: interaction: PackageSetting{79dc0f4 io.appium.uiautomator2.server/10232} -> PackageSetting{4f694f5 com.google.android.overlay.permissioncontroller/10037} BLOCKED
03-10 13:53:06.809   578   606 I AppsFilter: interaction: PackageSetting{79dc0f4 io.appium.uiautomator2.server/10232} -> PackageSetting{8de428a com.google.android.partnersetup/10137} BLOCKED
03-10 13:53:06.809   578   606 I AppsFilter: interaction: PackageSetting{79dc0f4 io.appium.uiautomator2.server/10232} -> PackageSetting{fa490fb com.google.android.apps.wallpaper.nexus/10153} BLOCKED
03-10 13:53:06.809   578   606 I AppsFilter: interaction: PackageSetting{79dc0f4 io.appium.uiautomator2.server/10232} -> PackageSetting{a606518 com.google.android.apps.nexuslauncher/10176} BLOCKED
03-10 13:53:06.809   578   606 I AppsFilter: interaction: PackageSetting{79dc0f4 io.appium.uiautomator2.server/10232} -> PackageSetting{2688b71 com.android.theme.font.notoserifsource/10036} BLOCKED
03-10 13:53:06.809   578   606 I AppsFilter: interaction: PackageSetting{79dc0f4 io.appium.uiautomator2.server/10232} -> PackageSetting{b65fd56 com.google.android.safetycenter.resources/10188} BLOCKED
03-10 13:53:06.809   578   606 I AppsFilter: interaction: PackageSetting{79dc0f4 io.appium.uiautomator2.server/10232} -> PackageSetting{42141d7 com.android.internal.display.cutout.emulation.waterfall/10011} BLOCKED
03-10 13:53:06.809   578   606 I AppsFilter: interaction: PackageSetting{79dc0f4 io.appium.uiautomator2.server/10232} -> PackageSetting{782bac4 com.android.internal.systemui.navbar.transparent/10082} BLOCKED
03-10 13:53:06.809   578   606 I AppsFilter: interaction: PackageSetting{79dc0f4 io.appium.uiautomator2.server/10232} -> PackageSetting{f296dad com.google.android.connectivity.resources/10198} BLOCKED
03-10 13:53:06.809   578   606 I AppsFilter: interaction: PackageSetting{79dc0f4 io.appium.uiautomator2.server/10232} -> PackageSetting{4dc98e2 com.android.providers.contacts.auto_generated_rro_product__/10003} BLOCKED
03-10 13:53:06.809   578   606 I AppsFilter: interaction: PackageSetting{79dc0f4 io.appium.uiautomator2.server/10232} -> PackageSetting{94e2473 com.google.android.feedback/10172} BLOCKED
03-10 13:53:06.809   578   606 I AppsFilter: interaction: PackageSetting{79dc0f4 io.appium.uiautomator2.server/10232} -> PackageSetting{952bf30 com.google.android.printservice.recommendation/10120} BLOCKED
03-10 13:53:06.809   578   606 I AppsFilter: interaction: PackageSetting{79dc0f4 io.appium.uiautomator2.server/10232} -> PackageSetting{d9c37a9 com.google.android.apps.photos/10166} BLOCKED
03-10 13:53:06.809   578   606 I AppsFilter: interaction: PackageSetting{79dc0f4 io.appium.uiautomator2.server/10232} -> PackageSetting{a155bab com.google.android.calendar/10149} BLOCKED
03-10 13:53:06.809   578   606 I AppsFilter: interaction: PackageSetting{79dc0f4 io.appium.uiautomator2.server/10232} -> PackageSetting{a2f612e com.google.android.documentsui/10099} BLOCKED
03-10 13:53:06.809   578   606 I AppsFilter: interaction: PackageSetting{79dc0f4 io.appium.uiautomator2.server/10232} -> PackageSetting{d5c94cf com.android.systemui.emulation.pixel_3a_xl/10056} BLOCKED
03-10 13:53:06.809   578   606 I AppsFilter: interaction: PackageSetting{79dc0f4 io.appium.uiautomator2.server/10232} -> PackageSetting{cdc9e5c com.android.systemui.emulation.pixel_6_pro/10062} BLOCKED
03-10 13:53:06.809   578   606 I AppsFilter: interaction: PackageSetting{79dc0f4 io.appium.uiautomator2.server/10232} -> PackageSetting{957a565 com.android.systemui.emulation.pixel_7_pro/10065} BLOCKED
03-10 13:53:06.809   578   606 I AppsFilter: interaction: PackageSetting{79dc0f4 io.appium.uiautomator2.server/10232} -> PackageSetting{fd4623a com.android.systemui.emulation.pixel_8_pro/10068} BLOCKED
03-10 13:53:06.809   578   606 I AppsFilter: interaction: PackageSetting{79dc0f4 io.appium.uiautomator2.server/10232} -> PackageSetting{637aeeb com.android.systemui.emulation.pixel_9_pro/10071} BLOCKED
03-10 13:53:06.809   578   606 I AppsFilter: interaction: PackageSetting{79dc0f4 io.appium.uiautomator2.server/10232} -> PackageSetting{1c34448 com.android.carrierconfig.auto_generated_rro_product__/10000} BLOCKED
03-10 13:53:06.809   578   606 I AppsFilter: interaction: PackageSetting{79dc0f4 io.appium.uiautomator2.server/10232} -> PackageSetting{6a232e1 com.android.devicediagnostics.auto_generated_rro_product__/10004} BLOCKED
03-10 13:53:06.809   578   606 I AppsFilter: interaction: PackageSetting{79dc0f4 io.appium.uiautomator2.server/10232} -> PackageSetting{9966806 com.android.providers.partnerbookmarks/10123} BLOCKED
03-10 13:53:06.809   578   606 I AppsFilter: interaction: PackageSetting{79dc0f4 io.appium.uiautomator2.server/10232} -> PackageSetting{3604ec7 com.android.wallpaper.livepicker/10103} BLOCKED
03-10 13:53:06.809   578   606 I AppsFilter: interaction: PackageSetting{79dc0f4 io.appium.uiautomator2.server/10232} -> PackageSetting{cec5cf4 com.android.providers.telephony.auto_generated_rro_product__/10080} BLOCKED
03-10 13:53:06.809   578   606 I AppsFilter: interaction: PackageSetting{79dc0f4 io.appium.uiautomator2.server/10232} -> PackageSetting{dae1c1d com.android.phone.auto_generated_rro_vendor__/10088} BLOCKED
03-10 13:53:06.809   578   606 I AppsFilter: interaction: PackageSetting{79dc0f4 io.appium.uiautomator2.server/10232} -> PackageSetting{b20fe92 com.android.imsserviceentitlement/10132} BLOCKED
03-10 13:53:06.809   578   606 I AppsFilter: interaction: PackageSetting{79dc0f4 io.appium.uiautomator2.server/10232} -> PackageSetting{1891063 com.android.internal.emulation.pixel_9_pro_xl/10031} BLOCKED
03-10 13:53:06.809   578   606 I AppsFilter: interaction: PackageSetting{79dc0f4 io.appium.uiautomator2.server/10232} -> PackageSetting{9ec5460 com.google.android.healthconnect.controller/10194} BLOCKED
03-10 13:53:06.809   578   606 I AppsFilter: interaction: PackageSetting{79dc0f4 io.appium.uiautomator2.server/10232} -> PackageSetting{d955d19 com.android.internal.emulation.pixel_2_xl/10012} BLOCKED
03-10 13:53:06.809   578   606 I AppsFilter: interaction: PackageSetting{79dc0f4 io.appium.uiautomator2.server/10232} -> PackageSetting{54c71de com.android.internal.emulation.pixel_3_xl/10014} BLOCKED
03-10 13:53:06.809   578   606 I AppsFilter: interaction: PackageSetting{79dc0f4 io.appium.uiautomator2.server/10232} -> PackageSetting{bf24fbf com.android.internal.emulation.pixel_4_xl/10018} BLOCKED
03-10 13:53:06.809   578   606 I AppsFilter: interaction: PackageSetting{79dc0f4 io.appium.uiautomator2.server/10232} -> PackageSetting{732568c com.android.internal.emulation.pixel_fold/10032} BLOCKED
03-10 13:53:06.809   578   606 I AppsFilter: interaction: PackageSetting{79dc0f4 io.appium.uiautomator2.server/10232} -> PackageSetting{315b1d5 com.android.bookmarkprovider/10110} BLOCKED
03-10 13:53:06.809   578   606 I AppsFilter: interaction: PackageSetting{79dc0f4 io.appium.uiautomator2.server/10232} -> PackageSetting{c29cdea com.google.android.overlay.pixelconfigcommon/10047} BLOCKED
03-10 13:53:06.809   578   606 I AppsFilter: interaction: PackageSetting{79dc0f4 io.appium.uiautomator2.server/10232} -> PackageSetting{78628db com.android.systemui.accessibility.accessibilitymenu.auto_generated_rro_product__/10002} BLOCKED
03-10 13:53:06.809   578   606 I AppsFilter: interaction: PackageSetting{79dc0f4 io.appium.uiautomator2.server/10232} -> PackageSetting{8f44f78 com.android.systemui.emulation.pixel_3a/10055} BLOCKED
03-10 13:53:06.809   578   606 I AppsFilter: interaction: PackageSetting{79dc0f4 io.appium.uiautomator2.server/10232} -> PackageSetting{f0c9651 com.android.systemui.emulation.pixel_4a/10059} BLOCKED
03-10 13:53:06.809   578   606 I AppsFilter: interaction: PackageSetting{79dc0f4 io.appium.uiautomator2.server/10232} -> PackageSetting{1cedeb6 com.android.systemui.emulation.pixel_6a/10063} BLOCKED
03-10 13:53:06.809   578   606 I AppsFilter: interaction: PackageSetting{79dc0f4 io.appium.uiautomator2.server/10232} -> PackageSetting{3b477b7 com.android.systemui.emulation.pixel_7a/10066} BLOCKED
03-10 13:53:06.809   578   606 I AppsFilter: interaction: PackageSetting{79dc0f4 io.appium.uiautomator2.server/10232} -> PackageSetting{edaeb24 com.android.systemui.emulation.pixel_8a/10069} BLOCKED
03-10 13:53:06.809   578   606 I AppsFilter: interaction: PackageSetting{79dc0f4 io.appium.uiautomator2.server/10232} -> PackageSetting{8b3468d com.google.android.settings.intelligence/10141} BLOCKED
03-10 13:53:06.809   578   606 I AppsFilter: interaction: PackageSetting{79dc0f4 io.appium.uiautomator2.server/10232} -> PackageSetting{5d20b8b com.google.android.projection.gearhead/10131} BLOCKED
03-10 13:53:06.809   578   606 I AppsFilter: interaction: PackageSetting{79dc0f4 io.appium.uiautomator2.server/10232} -> PackageSetting{1e23042 com.google.android.uwb.resources/10197} BLOCKED
03-10 13:53:06.809   578   606 I AppsFilter: interaction: PackageSetting{79dc0f4 io.appium.uiautomator2.server/10232} -> PackageSetting{2757468 com.android.cts.ctsshim/10185} BLOCKED
03-10 13:53:06.809   578   606 I AppsFilter: interaction: PackageSetting{79dc0f4 io.appium.uiautomator2.server/10232} -> PackageSetting{d0ed853 com.google.android.wifi.resources/10199} BLOCKED
03-10 13:53:06.809   578   606 I AppsFilter: interaction: PackageSetting{79dc0f4 io.appium.uiautomator2.server/10232} -> PackageSetting{86d9590 com.google.android.wifi.dialog/10201} BLOCKED
03-10 13:53:06.809   578   606 I AppsFilter: interaction: PackageSetting{79dc0f4 io.appium.uiautomator2.server/10232} -> PackageSetting{79abe89 com.android.wallpaper/10179} BLOCKED
03-10 13:53:06.809   578   606 I AppsFilter: interaction: PackageSetting{79dc0f4 io.appium.uiautomator2.server/10232} -> PackageSetting{9e70e8e com.google.android.apps.wallpaper/10180} BLOCKED
03-10 13:53:06.809   578   606 I AppsFilter: interaction: PackageSetting{79dc0f4 io.appium.uiautomator2.server/10232} -> PackageSetting{da4a6af com.google.android.odad/10134} BLOCKED
03-10 13:53:06.809   578   606 I AppsFilter: interaction: PackageSetting{79dc0f4 io.appium.uiautomator2.server/10232} -> PackageSetting{43e7abc com.android.settings.auto_generated_rro_product__/10049} BLOCKED
03-10 13:53:06.809   578   606 I AppsFilter: interaction: PackageSetting{79dc0f4 io.appium.uiautomator2.server/10232} -> PackageSetting{167ba45 com.android.systemui.emulation.pixel_9_pro_xl/10073} BLOCKED
03-10 13:53:06.809   578   606 I AppsFilter: interaction: PackageSetting{79dc0f4 io.appium.uiautomator2.server/10232} -> PackageSetting{a49859a com.android.companiondevicemanager.auto_generated_characteristics_rro/10005} BLOCKED
03-10 13:53:06.809   578   606 I AppsFilter: interaction: PackageSetting{79dc0f4 io.appium.uiautomator2.server/10232} -> PackageSetting{71efecb com.android.internal.systemui.navbar.gestural/10045} BLOCKED
03-10 13:53:06.809   578   606 I AppsFilter: interaction: PackageSetting{79dc0f4 io.appium.uiautomator2.server/10232} -> PackageSetting{5d686a8 com.google.android.apps.youtube.music/10164} BLOCKED
03-10 13:53:06.809   578   606 I AppsFilter: interaction: PackageSetting{79dc0f4 io.appium.uiautomator2.server/10232} -> PackageSetting{74eb5c1 com.android.bluetoothmidiservice/10112} BLOCKED
03-10 13:53:06.809   578   606 I AppsFilter: interaction: PackageSetting{79dc0f4 io.appium.uiautomator2.server/10232} -> PackageSetting{c2a6166 com.android.storagemanager.auto_generated_rro_product__/10052} BLOCKED
03-10 13:53:06.809   578   606 I AppsFilter: interaction: PackageSetting{79dc0f4 io.appium.uiautomator2.server/10232} -> PackageSetting{29cbca7 com.google.android.cellbroadcastreceiver/10187} BLOCKED
03-10 13:53:06.809   578   606 I AppsFilter: interaction: PackageSetting{79dc0f4 io.appium.uiautomator2.server/10232} -> PackageSetting{e616554 com.android.phone.auto_generated_rro_product__/10077} BLOCKED
03-10 13:53:06.809   578   606 I AppsFilter: interaction: PackageSetting{79dc0f4 io.appium.uiautomator2.server/10232} -> PackageSetting{f4fecfd com.android.systemui.emulation.pixel_9_pro_fold/10072} BLOCKED
03-10 13:53:06.809   578   606 I AppsFilter: interaction: PackageSetting{79dc0f4 io.appium.uiautomator2.server/10232} -> PackageSetting{7eb2df2 android.auto_generated_rro_product__/10084} BLOCKED
03-10 13:53:06.809   578   606 I AppsFilter: interaction: PackageSetting{79dc0f4 io.appium.uiautomator2.server/10232} -> PackageSetting{24e7c43 com.google.android.inputmethod.latin/10156} BLOCKED
03-10 13:53:06.809   578   606 I AppsFilter: interaction: PackageSetting{79dc0f4 io.appium.uiautomator2.server/10232} -> PackageSetting{41982c0 android.auto_generated_rro_vendor__/10090} BLOCKED
03-10 13:53:06.809   578   606 I AppsFilter: interaction: PackageSetting{79dc0f4 io.appium.uiautomator2.server/10232} -> PackageSetting{5335bf9 com.google.android.apps.restore/10135} BLOCKED
03-10 13:53:07.954   578   606 D AccessibilityManagerService: changeCurrentUserForTestAutomationIfNeededLocked(0): ignoring because device doesn't support visible background users
03-10 13:53:07.954   578   606 I UiAutomationManager: Registering UiTestAutomationService (id=com.android.server.accessibility/UiAutomation, flags=0x0) when called by user 0
03-10 13:53:07.956   578   606 W MagnificationConnectionManager: requestConnection duplicated request: connect=false, mConnectionState=DISCONNECTED
03-10 13:53:07.973   578   578 D BatterySaverPolicy: accessibility changed to true, updating policy.
03-10 13:53:07.991   578  1006 W MagnificationConnectionManager: requestConnection duplicated request: connect=false, mConnectionState=DISCONNECTED
03-10 13:53:08.651   578  2287 I ActivityManager: Force stopping eu.europa.ec.euidi.dev appid=10231 user=0: from pid 16585
03-10 13:53:08.653   578  2287 I AppsFilter: interaction: PackageSetting{9282c06 io.appium.uiautomator2.server.test/10233} -> PackageSetting{7c1bdb3 eu.europa.ec.euidi.dev/10231} BLOCKED
03-10 13:53:08.653   578  2287 I AppsFilter: interaction: PackageSetting{79dc0f4 io.appium.uiautomator2.server/10232} -> PackageSetting{7c1bdb3 eu.europa.ec.euidi.dev/10231} BLOCKED
03-10 13:53:08.684   578   705 D ActivityManager: freezing 16304 com.google.android.apps.docs
03-10 13:53:08.735   578  1549 E TaskPersister: File error accessing recents directory (directory doesn't exist?).
03-10 13:53:08.907   578  2287 W ActivityTaskManager: callingPackage for (uid=2000, pid=16585) has no WPC
03-10 13:53:08.908   578  2287 W OptProp : Cannot read opt property android.window.PROPERTY_COMPAT_ALLOW_USER_ASPECT_RATIO_OVERRIDE
03-10 13:53:08.908   578  2287 W OptProp : Cannot read opt property android.window.PROPERTY_COMPAT_ALLOW_USER_ASPECT_RATIO_FULLSCREEN_OVERRIDE
03-10 13:53:08.908   578  2287 W OptProp : Cannot read opt property android.window.PROPERTY_COMPAT_ALLOW_ORIENTATION_OVERRIDE
03-10 13:53:08.908   578  2287 W OptProp : Cannot read opt property android.window.PROPERTY_COMPAT_ALLOW_RESIZEABLE_ACTIVITY_OVERRIDES
03-10 13:53:08.908   578  2287 W OptProp : Cannot read opt property android.window.PROPERTY_COMPAT_ALLOW_MIN_ASPECT_RATIO_OVERRIDE
03-10 13:53:08.914   858   895 V WindowManagerShell: Transition requested (#113): android.os.BinderProxy@d626ca TransitionRequestInfo { type = OPEN, triggerTask = TaskInfo{userId=0 taskId=1710 displayId=0 isRunning=true baseIntent=Intent { act=android.intent.action.MAIN cat=[android.intent.category.LAUNCHER] flg=0x10200000 cmp=eu.europa.ec.euidi.dev/eu.europa.ec.assemblylogic.ui.MainActivity } baseActivity=ComponentInfo{eu.europa.ec.euidi.dev/eu.europa.ec.assemblylogic.ui.MainActivity} topActivity=ComponentInfo{eu.europa.ec.euidi.dev/eu.europa.ec.assemblylogic.ui.MainActivity} origActivity=null realActivity=ComponentInfo{eu.europa.ec.euidi.dev/eu.europa.ec.assemblylogic.ui.MainActivity} numActivities=1 lastActiveTime=6031157 supportsMultiWindow=true resizeMode=1 isResizeable=true minWidth=-1 minHeight=-1 defaultMinSize=220 token=WCT{android.window.IWindowContainerToken$Stub$Proxy@53c403b} topActivityType=1 pictureInPictureParams=null shouldDockBigOverlays=false launchIntoPipHostTaskId=-1 lastParentTaskIdBeforePip=-1 displayCutoutSafeInsets=Rect(0, 132 - 0, 0) topActivityInfo=ActivityInfo{edb8358 eu.europa.ec.assemblylogic.ui.MainActivity} launchCookies=[] positionInParent=Point(0, 0) parentTaskId=-1 isFocused=false isVisible=false isVisibleRequested=false isSleeping=false locusId=null displayAreaFeatureId=1 isTopActivityTransparent=false appCompatTaskInfo=AppCompatTaskInfo { topActivityInSizeCompat=false topActivityEligibleForLetterboxEducation= falseisLetterboxEducationEnabled= true isLetterboxDoubleTapEnabled= false topActivityEligibleForUserAspectRatioButton= false topActivityBoundsLetterboxed= false isFromLetterboxDoubleTap= false topActivityLetterboxVerticalPosition= -1 topActivityLetterboxHorizontalPosition= -1 topActivityLetterboxWidth=1080 topActivityLetterboxHeight=2400 isUserFullscreenOverrideEnabled=false isSystemFullscreenOverrideEnabled=false cameraCompatTaskInfo=CameraCompatTaskInfo { cameraCompatControlState=hidden freeformCameraCompatMode=inactive}}}, pipTask = null, remoteTransition = null, displayChange = null, flags = 0, debugId = 113 }
03-10 13:53:08.915   578  2287 I ActivityTaskManager: START u0 {act=android.intent.action.MAIN cat=[android.intent.category.LAUNCHER] flg=0x10200000 cmp=eu.europa.ec.euidi.dev/eu.europa.ec.assemblylogic.ui.MainActivity} with LAUNCH_SINGLE_TASK from uid 2000 (BAL_ALLOW_PERMISSION) result code=0
03-10 13:53:08.919   578   675 I AppsFilter: interaction: PackageSetting{9282c06 io.appium.uiautomator2.server.test/10233} -> PackageSetting{9e4fc9e eu.europa.ec.euidi.dev/10231} BLOCKED
03-10 13:53:08.919   578   675 I AppsFilter: interaction: PackageSetting{79dc0f4 io.appium.uiautomator2.server/10232} -> PackageSetting{9e4fc9e eu.europa.ec.euidi.dev/10231} BLOCKED
03-10 13:53:08.919   858   895 D WindowManagerShell: setLauncherKeepClearAreaHeight: visible=false, height=527
03-10 13:53:08.932   578  1796 D CoreBackPreview: Window{894cb95 u0 Splash Screen eu.europa.ec.euidi.dev}: Setting back callback OnBackInvokedCallbackInfo{mCallback=android.window.IOnBackInvokedCallback$Stub$Proxy@a17c94e, mPriority=0, mIsAnimationCallback=false}
03-10 13:53:08.938   578   641 I ActivityManager: Start proc 16595:eu.europa.ec.euidi.dev/u0a231 for next-top-activity {eu.europa.ec.euidi.dev/eu.europa.ec.assemblylogic.ui.MainActivity}
03-10 13:53:08.946   578   630 V WindowManager: Sent Transition (#113) createdAt=03-10 13:53:08.908 via request=TransitionRequestInfo { type = OPEN, triggerTask = TaskInfo{userId=0 taskId=1710 displayId=0 isRunning=true baseIntent=Intent { act=android.intent.action.MAIN cat=[android.intent.category.LAUNCHER] flg=0x10200000 cmp=eu.europa.ec.euidi.dev/eu.europa.ec.assemblylogic.ui.MainActivity } baseActivity=ComponentInfo{eu.europa.ec.euidi.dev/eu.europa.ec.assemblylogic.ui.MainActivity} topActivity=ComponentInfo{eu.europa.ec.euidi.dev/eu.europa.ec.assemblylogic.ui.MainActivity} origActivity=null realActivity=ComponentInfo{eu.europa.ec.euidi.dev/eu.europa.ec.assemblylogic.ui.MainActivity} numActivities=1 lastActiveTime=6031157 supportsMultiWindow=true resizeMode=1 isResizeable=true minWidth=-1 minHeight=-1 defaultMinSize=220 token=WCT{RemoteToken{1b36b68 Task{b7ce823 #1710 type=standard A=10231:eu.europa.ec.euidi.dev}}} topActivityType=1 pictureInPictureParams=null shouldDockBigOverlays=false launchIntoPipHostTaskId=-1 lastParentTaskIdBeforePip=-1 displayCutoutSafeInsets=Rect(0, 132 - 0, 0) topActivityInfo=ActivityInfo{e8e9b81 eu.europa.ec.assemblylogic.ui.MainActivity} launchCookies=[] positionInParent=Point(0, 0) parentTaskId=-1 isFocused=false isVisible=false isVisibleRequested=false isSleeping=false locusId=null displayAreaFeatureId=1 isTopActivityTransparent=false appCompatTaskInfo=AppCompatTaskInfo { topActivityInSizeCompat=false topActivityEligibleForLetterboxEducation= falseisLetterboxEducationEnabled= true isLetterboxDoubleTapEnabled= false topActivityEligibleForUserAspectRatioButton= false topActivityBoundsLetterboxed= false isFromLetterboxDoubleTap= false topActivityLetterboxVerticalPosition= -1 topActivityLetterboxHorizontalPosition= -1 topActivityLetterboxWidth=1080 topActivityLetterboxHeight=2400 isUserFullscreenOverrideEnabled=false isSystemFullscreenOverrideEnabled=false cameraCompatTaskInfo=CameraCompatTaskInfo { cameraCompatControlState=hidden freeformCameraCompatMode=inactive}}}, pipTask = null, remoteTransition = null, displayChange = null, flags = 0, debugId = 113 }
03-10 13:53:08.946   578   630 V WindowManager:     startWCT=WindowContainerTransaction { changes = {} hops = [] errorCallbackToken=null taskFragmentOrganizer=null }
03-10 13:53:08.946   578   630 V WindowManager:     info={id=113 t=OPEN f=0x0 trk=0 r=[0@Point(0, 0)] c=[
03-10 13:53:08.946   578   630 V WindowManager:         {WCT{RemoteToken{1b36b68 Task{b7ce823 #1710 type=standard A=10231:eu.europa.ec.euidi.dev}}} m=OPEN f=NONE leash=Surface(name=Task=1710)/@0x612937c sb=Rect(0, 0 - 1080, 2400) eb=Rect(0, 0 - 1080, 2400) d=0 taskParent=-1},
03-10 13:53:08.946   578   630 V WindowManager:         {WCT{RemoteToken{730c082 Task{4025656 #1 type=home}}} m=TO_BACK f=SHOW_WALLPAPER leash=Surface(name=Task=1)/@0xffea104 sb=Rect(0, 0 - 1080, 2400) eb=Rect(0, 0 - 1080, 2400) d=0 taskParent=-1}
03-10 13:53:08.946   578   630 V WindowManager:     ]}
03-10 13:53:08.946   858   870 V WindowManagerShell: onTransitionReady(transaction=2482491103592)
03-10 13:53:08.946   858   895 V WindowManagerShell: onTransitionReady (#113) android.os.BinderProxy@d626ca: {id=113 t=OPEN f=0x0 trk=0 r=[0@Point(0, 0)] c=[{WCT{android.window.IWindowContainerToken$Stub$Proxy@1b9ae2b} m=OPEN f=NONE leash=Surface(name=Task=1710)/@0x4d9689c sb=Rect(0, 0 - 1080, 2400) eb=Rect(0, 0 - 1080, 2400) d=0 taskParent=-1},{WCT{android.window.IWindowContainerToken$Stub$Proxy@f627288} m=TO_BACK f=SHOW_WALLPAPER leash=Surface(name=Task=1)/@0x31942a5 sb=Rect(0, 0 - 1080, 2400) eb=Rect(0, 0 - 1080, 2400) d=0 taskParent=-1}]}
03-10 13:53:08.946   858   895 V WindowManagerShell: Playing animation for (#113) android.os.BinderProxy@d626ca@0
03-10 13:53:08.947   858   895 V WindowManagerShell:  try handler com.android.wm.shell.transition.DefaultMixedHandler@1d1cff4
03-10 13:53:08.947   858   895 V WindowManagerShell:  try handler com.android.wm.shell.keyguard.KeyguardTransitionHandler@e6a131d
03-10 13:53:08.947   858   895 V WindowManagerShell:  try handler com.android.wm.shell.pip.PipTransition@a6b2992
03-10 13:53:08.947   858   895 V WindowManagerShell:  try handler com.android.wm.shell.activityembedding.ActivityEmbeddingController@f375f63
03-10 13:53:08.947   858   895 V WindowManagerShell:  try handler com.android.wm.shell.recents.RecentsTransitionHandler@335f760
03-10 13:53:08.947   858   895 V ShellRecents: RecentsTransitionHandler.startAnimation: no controller found
03-10 13:53:08.947   858   895 V WindowManagerShell:  try handler com.android.wm.shell.splitscreen.StageCoordinator@399c419
03-10 13:53:08.947   858   895 V WindowManagerShell:  try handler com.android.wm.shell.transition.RemoteTransitionHandler@68e4cde
03-10 13:53:08.947   858   895 V WindowManagerShell: Transition doesn't have explicit remote, search filters for match for {id=113 t=OPEN f=0x0 trk=0 r=[0@Point(0, 0)] c=[{WCT{android.window.IWindowContainerToken$Stub$Proxy@1b9ae2b} m=OPEN f=NONE leash=Surface(name=Task=1710)/@0x4d9689c sb=Rect(0, 0 - 1080, 2400) eb=Rect(0, 0 - 1080, 2400) d=0 taskParent=-1},{WCT{android.window.IWindowContainerToken$Stub$Proxy@f627288} m=TO_BACK f=SHOW_WALLPAPER leash=Surface(name=Task=1)/@0x31942a5 sb=Rect(0, 0 - 1080, 2400) eb=Rect(0, 0 - 1080, 2400) d=0 taskParent=-1}]}
03-10 13:53:08.947   858   895 V WindowManagerShell:  Checking filter Pair{{types=[] flags=0x0] notFlags=0x0 checks=[{atype=undefined independent=true modes=[OPEN,TO_FRONT] flags=IN_TASK_WITH_EMBEDDED_ACTIVITY mustBeTask=false order=ANY topActivity=ComponentInfo{com.google.android.apps.nexuslauncher/com.google.android.apps.nexuslauncher.NexusLauncherActivity} launchCookie=null},{atype=undefined independent=true modes=[CLOSE,TO_BACK] flags=IN_TASK_WITH_EMBEDDED_ACTIVITY mustBeTask=false order=ANY topActivity=null launchCookie=null}]} RemoteTransition { remoteTransition = android.window.IRemoteTransition$Stub$Proxy@34966ea, appThread = android.app.IApplicationThread$Stub$Proxy@6984ddb, debugName = OverlaySwipeBack }}
03-10 13:53:08.947   858   895 V WindowManagerShell:  Checking filter Pair{{types=[] flags=0x0] notFlags=0x0 checks=[{atype=dream independent=true modes=[OPEN,TO_FRONT] flags=NONE mustBeTask=false order=ANY topActivity=null launchCookie=null},{atype=home independent=true modes=[CLOSE,TO_BACK] flags=NONE mustBeTask=false order=ANY topActivity=null launchCookie=null}]} RemoteTransition { remoteTransition = android.window.IRemoteTransition$Stub$Proxy@8f41078, appThread = android.app.IApplicationThread$Stub$Proxy@1bfc351, debugName = LauncherToDream }}
03-10 13:53:08.947   858   895 V WindowManagerShell:  Checking filter Pair{{types=[] flags=0x0] notFlags=0x100 checks=[{atype=home independent=true modes=[OPEN,TO_FRONT] flags=NONE mustBeTask=false order=TOP topActivity=ComponentInfo{com.google.android.apps.nexuslauncher/com.google.android.apps.nexuslauncher.NexusLauncherActivity} launchCookie=null},{atype=standard independent=true modes=[CLOSE,TO_BACK] flags=NONE mustBeTask=false order=ANY topActivity=null launchCookie=null}]} RemoteTransition { remoteTransition = android.window.IRemoteTransition$Stub$Proxy@dcf07b6, appThread = android.app.IApplicationThread$Stub$Proxy@243ecb7, debugName = QuickstepLaunchHome }}
03-10 13:53:08.947   858   895 V WindowManagerShell:  Delegate animation for (#113) to null
03-10 13:53:08.947   858   895 V WindowManagerShell:  try handler com.android.wm.shell.transition.DefaultTransitionHandler@7b68ebf
03-10 13:53:08.947   858   895 V WindowManagerShell: start default transition animation, info = {id=113 t=OPEN f=0x0 trk=0 r=[0@Point(0, 0)] c=[{WCT{android.window.IWindowContainerToken$Stub$Proxy@1b9ae2b} m=OPEN f=NONE leash=Surface(name=Task=1710)/@0x4d9689c sb=Rect(0, 0 - 1080, 2400) eb=Rect(0, 0 - 1080, 2400) d=0 taskParent=-1},{WCT{android.window.IWindowContainerToken$Stub$Proxy@f627288} m=TO_BACK f=SHOW_WALLPAPER leash=Surface(name=Task=1)/@0x31942a5 sb=Rect(0, 0 - 1080, 2400) eb=Rect(0, 0 - 1080, 2400) d=0 taskParent=-1}]}
03-10 13:53:08.947   858   895 V WindowManagerShell: loadAnimation: anim=android.view.animation.AnimationSet@632e046 animAttr=0x13 type=OPEN isEntrance=false
03-10 13:53:08.947   858   895 V WindowManagerShell: loadAnimation: anim=android.view.animation.AnimationSet@230207 animAttr=0x12 type=OPEN isEntrance=true
03-10 13:53:08.948   858   895 V WindowManagerShell:  animated by com.android.wm.shell.transition.DefaultTransitionHandler@7b68ebf
03-10 13:53:08.956   578   675 W UserManagerService: Requested status bar icon for non-badged user 0
03-10 13:53:08.991   578   675 W OptProp : Cannot read opt property android.window.PROPERTY_COMPAT_ENABLE_FAKE_FOCUS
03-10 13:53:09.071   578  1796 D CoreBackPreview: Window{7b466f1 u0 eu.europa.ec.euidi.dev/eu.europa.ec.assemblylogic.ui.MainActivity}: Setting back callback OnBackInvokedCallbackInfo{mCallback=android.window.IOnBackInvokedCallback$Stub$Proxy@9af23f3, mPriority=0, mIsAnimationCallback=false}
03-10 13:53:09.160   578  1796 W PackageConfigPersister: App-specific configuration not found for packageName: eu.europa.ec.euidi.dev and userId: 0
03-10 13:53:09.243   858   895 V WindowManagerShell: Transition animation finished (aborted=false), notifying core (#113) android.os.BinderProxy@d626ca@0
03-10 13:53:09.250   578   630 V WindowManager: Finish Transition (#113): created at 03-10 13:53:08.908 collect-started=0.026ms request-sent=5.088ms started=7.311ms ready=35.611ms sent=37.065ms finished=340.366ms
03-10 13:53:09.252   858   895 V WindowManagerShell: Track 0 became idle
03-10 13:53:09.253   858   895 V WindowManagerShell: All active transition animations finished
03-10 13:53:09.257   578  2287 W UserManagerService: Requested status bar icon for non-badged user 0
03-10 13:53:09.261   578  2287 W UserManagerService: Requested status bar icon for non-badged user 0
03-10 13:53:09.436   578   578 W AccessibilityManagerService:  wait for adding window timeout: 563
03-10 13:53:09.510   578  1796 D CoreBackPreview: Window{894cb95 u0 Splash Screen eu.europa.ec.euidi.dev EXITING}: Setting back callback null
03-10 13:53:11.321   578   606 W PackageConfigPersister: App-specific configuration not found for packageName: eu.europa.ec.euidi.dev and userId: 0
03-10 13:53:11.328   578   606 W PackageConfigPersister: App-specific configuration not found for packageName: eu.europa.ec.euidi.dev and userId: 0
03-10 13:53:11.367   578   606 D ImeInsetsSourceProvider: showImePostLayout cancelled, isScheduledAndReadyToShowIme: false, mImeRequester: Window{7b466f1 u0 eu.europa.ec.euidi.dev/eu.europa.ec.assemblylogic.ui.MainActivity}, serverVisible: false, frozen: false, mWindowContainer is: non-null, windowState: Window{60e3354 u0 InputMethod}, isDrawn: false, mGivenInsetsPending: false, dcTarget: Window{7b466f1 u0 eu.europa.ec.euidi.dev/eu.europa.ec.assemblylogic.ui.MainActivity}, controlTarget: Window{7b466f1 u0 eu.europa.ec.euidi.dev/eu.europa.ec.assemblylogic.ui.MainActivity}
03-10 13:53:11.367   578   606 D ImeInsetsSourceProvider: controlTarget == DisplayContent.controlTarget: true, hasPendingControls: false, leash is: non-null, isImeLayeringTarget: true, isAboveImeLayeringTarget: false, isImeFallbackTarget: false, isImeInputTarget: true, sameAsImeControlTarget: true
03-10 13:53:11.418   858   895 D WindowManagerShell: onKeepClearAreasChanged: restricted={}, unrestricted={Rect(0, 1633 - 1080, 2400)}
03-10 13:53:11.852   578  2287 I ActivityManager: Force stopping eu.europa.ec.euidi.dev appid=10231 user=0: from pid 16699
03-10 13:53:11.854   578  2287 I ActivityManager: Killing 16595:eu.europa.ec.euidi.dev/u0a231 (adj 0): stop eu.europa.ec.euidi.dev due to from pid 16699
03-10 13:53:11.854   578   631 D DisplayManagerService: Drop pending events for gone uid 10231
03-10 13:53:11.855   578  2287 W ActivityTaskManager: Force removing ActivityRecord{9225d52 u0 eu.europa.ec.euidi.dev/eu.europa.ec.assemblylogic.ui.MainActivity t1710 f}}: app died, no saved state
03-10 13:53:11.856   858   895 V WindowManagerShell: Transition requested (#114): android.os.BinderProxy@ef99791 TransitionRequestInfo { type = CLOSE, triggerTask = TaskInfo{userId=0 taskId=1710 displayId=0 isRunning=false baseIntent=Intent { act=android.intent.action.MAIN cat=[android.intent.category.LAUNCHER] flg=0x10200000 cmp=eu.europa.ec.euidi.dev/eu.europa.ec.assemblylogic.ui.MainActivity } baseActivity=null topActivity=null origActivity=null realActivity=ComponentInfo{eu.europa.ec.euidi.dev/eu.europa.ec.assemblylogic.ui.MainActivity} numActivities=0 lastActiveTime=6031234 supportsMultiWindow=true resizeMode=1 isResizeable=true minWidth=-1 minHeight=-1 defaultMinSize=220 token=WCT{android.window.IWindowContainerToken$Stub$Proxy@799e6f6} topActivityType=1 pictureInPictureParams=null shouldDockBigOverlays=false launchIntoPipHostTaskId=-1 lastParentTaskIdBeforePip=-1 displayCutoutSafeInsets=Rect(0, 132 - 0, 0) topActivityInfo=null launchCookies=[] positionInParent=Point(0, 0) parentTaskId=-1 isFocused=true isVisible=true isVisibleRequested=true isSleeping=false locusId=null displayAreaFeatureId=1 isTopActivityTransparent=false appCompatTaskInfo=AppCompatTaskInfo { topActivityInSizeCompat=false topActivityEligibleForLetterboxEducation= falseisLetterboxEducationEnabled= false isLetterboxDoubleTapEnabled= false topActivityEligibleForUserAspectRatioButton= false topActivityBoundsLetterboxed= false isFromLetterboxDoubleTap= false topActivityLetterboxVerticalPosition= -1 topActivityLetterboxHorizontalPosition= -1 topActivityLetterboxWidth=-1 topActivityLetterboxHeight=-1 isUserFullscreenOverrideEnabled=false isSystemFullscreenOverrideEnabled=false cameraCompatTaskInfo=CameraCompatTaskInfo { cameraCompatControlState=hidden freeformCameraCompatMode=inactive}}}, pipTask = null, remoteTransition = null, displayChange = null, flags = 0, debugId = 114 }
03-10 13:53:11.866   858   895 D WindowManagerShell: setLauncherKeepClearAreaHeight: visible=true, height=527
03-10 13:53:11.866   858   895 D WindowManagerShell: onKeepClearAreasChanged: restricted={}, unrestricted={}
03-10 13:53:11.871   578  1006 I WindowManager: WIN DEATH: Window{7b466f1 u0 eu.europa.ec.euidi.dev/eu.europa.ec.assemblylogic.ui.MainActivity}
03-10 13:53:11.876   578   674 W ActivityManager: pid 1562 com.google.android.inputmethod.latin sent binder code 1 with flags 1 to frozen apps and got error -32
03-10 13:53:11.876   578   674 D ActivityManager: Too many transaction errors, throttling freezer binder callback.
03-10 13:53:11.888   578  2287 I AppsFilter: interaction: PackageSetting{9282c06 io.appium.uiautomator2.server.test/10233} -> PackageSetting{c732f34 eu.europa.ec.euidi.dev/10231} BLOCKED
03-10 13:53:11.888   578  2287 I AppsFilter: interaction: PackageSetting{79dc0f4 io.appium.uiautomator2.server/10232} -> PackageSetting{c732f34 eu.europa.ec.euidi.dev/10231} BLOCKED
03-10 13:53:11.888   578  2518 V ActivityManager: Got obituary of 16595:eu.europa.ec.euidi.dev
03-10 13:53:11.893   858   895 D WindowManagerShell: onKeepClearAreasChanged: restricted={}, unrestricted={Rect(0, 1633 - 1080, 2400)}
03-10 13:53:11.901   578   633 W ActivityManager: setHasOverlayUi called on unknown pid: 16595
03-10 13:53:11.903   578   633 V WindowManager: Unknown focus tokens, dropping reportFocusChanged
03-10 13:53:11.919   858   870 V WindowManagerShell: onTransitionReady(transaction=2482491103649)
