05-22 10:11:57.680   687   687 D SystemServerTiming: OnBootPhase_480_com.android.server.slice.SliceManagerService$Lifecycle
05-22 10:11:57.680   687   687 D SystemServerTiming: OnBootPhase_480_com.android.server.stats.StatsCompanion$Lifecycle
05-22 10:11:57.680   687   687 D SystemServerTiming: OnBootPhase_480_com.android.server.scheduling.RebootReadinessManagerService$Lifecycle
05-22 10:11:57.680   687   687 D SystemServerTiming: OnBootPhase_480_com.android.server.stats.pull.StatsPullAtomService
05-22 10:11:57.680   687   687 D SystemServerTiming: OnBootPhase_480_com.android.server.stats.bootstrap.StatsBootstrapAtomService$Lifecycle
05-22 10:11:57.680   687   687 D SystemServerTiming: OnBootPhase_480_com.android.server.incident.IncidentCompanionService
05-22 10:11:57.680   687   687 D SystemServerTiming: OnBootPhase_480_com.android.server.sdksandbox.SdkSandboxManagerService$Lifecycle
05-22 10:11:57.680   687   687 D SystemServerTiming: OnBootPhase_480_com.android.server.adservices.AdServicesManagerService$Lifecycle
05-22 10:11:57.680   687   687 D SystemServerTiming: OnBootPhase_480_com.android.server.ondevicepersonalization.OnDevicePersonalizationSystemService$Lifecycle
05-22 10:11:57.680   687   687 D SystemServerTiming: OnBootPhase_480_android.os.profiling.ProfilingService$Lifecycle
05-22 10:11:57.680   687   687 D SystemServerTiming: OnBootPhase_480_com.android.server.MmsServiceBroker
05-22 10:11:57.680   687   687 D SystemServerTiming: OnBootPhase_480_com.android.server.autofill.AutofillManagerService
05-22 10:11:57.680   687   687 D SystemServerTiming: OnBootPhase_480_com.android.server.credentials.CredentialManagerService
05-22 10:11:57.680   687   687 D SystemServerTiming: OnBootPhase_480_com.android.server.translation.TranslationManagerService
05-22 10:11:57.680   687   687 D SystemServerTiming: OnBootPhase_480_com.android.server.clipboard.ClipboardService
05-22 10:11:57.680   687   687 D SystemServerTiming: OnBootPhase_480_com.android.server.appbinding.AppBindingService$Lifecycle
05-22 10:11:57.680   687   687 D SystemServerTiming: OnBootPhase_480_com.android.server.tracing.TracingServiceProxy
05-22 10:11:57.680   687   687 D SystemServerTiming: OnBootPhase_480_com.android.server.os.instrumentation.DynamicInstrumentationManagerService
05-22 10:11:57.680   687   687 D SystemServerTiming: CommunalProfileInitializer.removeCommunalProfileIfPresent
05-22 10:11:57.680   687   687 D SystemServerTiming: StartBootPhaseSystemServicesReady
05-22 10:11:57.680   687   687 I SystemServiceManager: Starting phase 500
05-22 10:11:57.680   687   687 D SystemServerTiming: OnBootPhase_500
05-22 10:11:57.680   687   687 D SystemServerTiming: OnBootPhase_500_com.android.server.security.FileIntegrityService
05-22 10:11:57.680   687   687 D SystemServerTiming: OnBootPhase_500_com.android.server.pm.Installer
05-22 10:11:57.680   687   687 D SystemServerTiming: OnBootPhase_500_com.android.server.os.DeviceIdentifiersPolicyService
05-22 10:11:57.680   687   687 D SystemServerTiming: OnBootPhase_500_com.android.server.flags.FeatureFlagsService
05-22 10:11:57.680   687   687 D SystemServerTiming: OnBootPhase_500_com.android.server.uri.UriGrantsManagerService$Lifecycle
05-22 10:11:57.680   687   687 D SystemServerTiming: OnBootPhase_500_com.android.server.powerstats.PowerStatsService
05-22 10:11:57.681   687   687 D SystemServerTiming: OnBootPhase_500_com.android.server.permission.access.AccessCheckingService
05-22 10:11:57.681   687   687 D SystemServerTiming: OnBootPhase_500_com.android.server.wm.ActivityTaskManagerService$Lifecycle
05-22 10:11:57.681   687   687 D SystemServerTiming: OnBootPhase_500_com.android.server.am.ActivityManagerService$Lifecycle
05-22 10:11:57.682   687   687 E EnergyConsumerSnapshot: Unexpected battery voltage (0 mV) when taking energy consumer snapshot
05-22 10:11:57.682   687   687 W BatteryStatsImpl: Unexpected per uid modem model name ()
05-22 10:11:57.683   687   687 D SystemServerTiming: OnBootPhase_500_com.android.server.pm.DataLoaderManagerService
05-22 10:11:57.683   687   687 D SystemServerTiming: OnBootPhase_500_com.android.server.power.PowerManagerService
05-22 10:11:57.684   687   687 I AttentionDetector: readValuesFromDeviceConfig():
05-22 10:11:57.684   687   687 I AttentionDetector: mMaximumExtensionMillis=900000
05-22 10:11:57.684   687   687 I AttentionDetector: mPreDimCheckDurationMillis=2000
05-22 10:11:57.684   687   687 I AttentionDetector: mRequestedPostDimTimeoutMillis=0
05-22 10:11:57.685   687   754 W BatteryExternalStatsWorker: error reading modem stats:ERROR_PHONE_NOT_AVAILABLE
05-22 10:11:57.685   687   754 E EnergyConsumerSnapshot: Unexpected battery voltage (0 mV) when taking energy consumer snapshot
05-22 10:11:57.686   687   687 E DisplayPowerController[0]: failed to set up display white-balance: java.lang.IllegalStateException: cannot find sensor com.google.sensor.color
05-22 10:11:57.686   687   687 W DisplayPowerController[0]: Screen brightness nits configuration is unavailable; falling back
05-22 10:11:57.687   687   687 W ScreenTimeoutOverridePolicy: Screen timeout override is smaller than the minimum timeout : -1
05-22 10:11:57.687   687   687 E DeviceConfig: Parsing int failed for location_mode
05-22 10:11:57.688   687   687 I FaceDownDetector: readValuesFromDeviceConfig():
05-22 10:11:57.688   687   687 I FaceDownDetector: mAccelerationThreshold=0.2
05-22 10:11:57.688   687   687 I FaceDownDetector: mZAccelerationThreshold=-9.5
05-22 10:11:57.688   687   687 I FaceDownDetector: mTimeThreshold=PT1S
05-22 10:11:57.688   687   687 I FaceDownDetector: mIsEnabled=true
05-22 10:11:57.688   687   687 I ScreenUndimDetector: readValuesFromDeviceConfig():
05-22 10:11:57.688   687   687 I ScreenUndimDetector: mKeepScreenOnForMillis=300000
05-22 10:11:57.688   687   687 I ScreenUndimDetector: mKeepScreenOnEnabled=false
05-22 10:11:57.688   687   687 I ScreenUndimDetector: mUndimsRequired=2
05-22 10:11:57.688   687   687 I ScreenUndimDetector: mMaxDurationBetweenUndimsMillis=600000
05-22 10:11:57.689   687   687 D SystemServerTiming: OnBootPhase_500_com.android.server.power.ThermalManagerService
05-22 10:11:57.689   687   687 D SystemServerTiming: OnBootPhase_500_com.android.server.recoverysystem.RecoverySystemService$Lifecycle
05-22 10:11:57.689   687   687 D SystemServerTiming: OnBootPhase_500_com.android.server.lights.LightsService
05-22 10:11:57.689   687   687 D SystemServerTiming: OnBootPhase_500_com.android.server.display.DisplayManagerService
05-22 10:11:57.689   687   687 D SystemServerTiming: OnBootPhase_500_com.android.server.pm.verify.domain.DomainVerificationService
05-22 10:11:57.689   687   687 D SystemServerTiming: OnBootPhase_500_com.android.server.pm.PackageInstallerService$Lifecycle
05-22 10:11:57.689   687   687 D SystemServerTiming: OnBootPhase_500_com.android.server.pm.UserManagerService$LifeCycle
05-22 10:11:57.689   687   687 D SystemServerTiming: OnBootPhase_500_com.android.server.om.OverlayManagerService
05-22 10:11:57.689   687   687 D SystemServerTiming: OnBootPhase_500_com.android.server.resources.ResourcesManagerService
05-22 10:11:57.689   687   687 D SystemServerTiming: OnBootPhase_500_com.android.server.sensorprivacy.SensorPrivacyService
05-22 10:11:57.689   687   764 W KeyguardServiceDelegate: onScreenTurningOn(): no keyguard service!
05-22 10:11:57.689   687   764 I DisplayPowerController: Window Manager Policy screenTurningOn complete
05-22 10:11:57.689   687   764 I DisplayBrightnessStrategySelector: Changing the DisplayBrightnessStrategy from InvalidBrightnessStrategy to OverrideBrightnessStrategy for display 0
05-22 10:11:57.689   687   764 V DisplayPowerController[0]: Brightness [0.39763778] reason changing to: 'override(boot)', previous reason: '0'.
05-22 10:11:57.689   687   764 I DisplayPowerController[0]: BrightnessEvent: brt=0.39763778 (83.0%), nits= -1.0, lux=-1.0, reason=override(boot), strat=OverrideBrightnessStrategy, state=ON, stateReason=DEFAULT_POLICY, policy=BRIGHT, flags=, initBrt=NaN, rcmdBrt=NaN, preBrt=NaN, preLux=0.0, wasShortTermModelActive=false, autoBrightness=false (default), unclampedBrt=0.39763778, hbmMax=1.0, hbmMode=off, thrmMax=1.0, rbcStrength=0, powerFactor=1.0, physDisp=Built-in Screen(local:4619827259835644672), logicalId=0, slowChange=false, rampSpeed=0.70472443
05-22 10:11:57.690   687   687 D SystemServerTiming: OnBootPhase_500_com.android.server.sensors.SensorService
05-22 10:11:57.690   687   687 D SystemServerTiming: OnBootPhase_500_com.android.server.SystemConfigService
05-22 10:11:57.690   687   687 D SystemServerTiming: OnBootPhase_500_com.android.server.BatteryService
05-22 10:11:57.690   687   687 D SystemServerTiming: OnBootPhase_500_com.android.server.usage.UsageStatsService
05-22 10:11:57.690   687   687 D AppStandbyController: Setting app idle enabled state
05-22 10:11:57.691   687   754 W KernelMemoryBandwidthStats: No kernel memory bandwidth stats available
05-22 10:11:57.691   687   738 I DisplayDeviceRepository: Display device changed state: "Built-in Screen", ON
05-22 10:11:57.691   687   754 W BatteryExternalStatsWorker: error reading modem stats:ERROR_PHONE_NOT_AVAILABLE
05-22 10:11:57.691   687   754 E EnergyConsumerSnapshot: Unexpected battery voltage (0 mV) when taking energy consumer snapshot
05-22 10:11:57.691   687   687 V LegacyHistoricalRegistry: Interaction before persistence initialized
05-22 10:11:57.691   687   687 D SystemServerTiming: OnBootPhase_500_com.android.server.webkit.WebViewUpdateService
05-22 10:11:57.691   687   687 D SystemServerTiming: OnBootPhase_500_com.android.server.CachedDeviceStateService
05-22 10:11:57.691   687   764 D BrightnessThermalClamper: Thermal status observer already started
05-22 10:11:57.691   687   687 D SystemServerTiming: OnBootPhase_500_com.android.server.BinderCallsStatsService$LifeCycle
05-22 10:11:57.696   687   687 D SystemServerTiming: OnBootPhase_500_com.android.server.LooperStatsService$Lifecycle
05-22 10:11:57.696   687   687 D SystemServerTiming: OnBootPhase_500_com.android.server.rollback.RollbackManagerService
05-22 10:11:57.696   687   687 D SystemServerTiming: OnBootPhase_500_com.android.server.os.NativeTombstoneManagerService
05-22 10:11:57.696   687   687 D SystemServerTiming: OnBootPhase_500_com.android.server.os.BugreportManagerService
05-22 10:11:57.696   687   687 D SystemServerTiming: OnBootPhase_500_com.android.server.gpu.GpuService
05-22 10:11:57.696   687   687 D SystemServerTiming: OnBootPhase_500_com.android.server.security.rkp.RemoteProvisioningService
05-22 10:11:57.696   687   687 D SystemServerTiming: OnBootPhase_500_com.android.server.security.KeyChainSystemService
05-22 10:11:57.696   687   687 D SystemServerTiming: OnBootPhase_500_com.android.server.BinaryTransparencyService
05-22 10:11:57.696   687   687 D SystemServerTiming: OnBootPhase_500_com.android.server.telecom.TelecomLoaderService
05-22 10:11:57.696   687   687 D SystemServerTiming: OnBootPhase_500_com.android.server.accounts.AccountManagerService$Lifecycle
05-22 10:11:57.696   687   687 D SystemServerTiming: OnBootPhase_500_com.android.server.content.ContentService$Lifecycle
05-22 10:11:57.696   687   687 D SystemServerTiming: OnBootPhase_500_com.android.server.deviceconfig.DeviceConfigInit$Lifecycle
05-22 10:11:57.696   687   687 D SystemServerTiming: OnBootPhase_500_com.android.server.DropBoxManagerService
05-22 10:11:57.697   687   687 D SystemServerTiming: OnBootPhase_500_com.android.ecm.EnhancedConfirmationService
05-22 10:11:57.697   687   687 D SystemServerTiming: OnBootPhase_500_com.android.server.power.hint.HintManagerService
05-22 10:11:57.697   687   687 V HintManagerService: Initializing HintManager service...
05-22 10:11:57.697   687   687 V LegacyHistoricalRegistry: Interaction before persistence initialized
05-22 10:11:57.697   687   687 D SystemServerTiming: OnBootPhase_500_com.android.role.RoleService
05-22 10:11:57.697   687   687 D SystemServerTiming: OnBootPhase_500_com.android.server.supervision.SupervisionService$Lifecycle
05-22 10:11:57.697   687   687 D SystemServerTiming: OnBootPhase_500_com.android.server.vibrator.VibratorManagerService$Lifecycle
05-22 10:11:57.697   687   687 V VibratorManagerService: Initializing VibratorManager service...
05-22 10:11:57.698   687   687 V LegacyHistoricalRegistry: Interaction before persistence initialized
05-22 10:11:57.698   687   736 D WindowManager: DeferredDisplayUpdater: applying DisplayInfo(1080 x 2400) immediately
05-22 10:11:57.699   687   687 V VibratorManagerService: VibratorManager service initialized
05-22 10:11:57.699   687   687 D SystemServerTiming: OnBootPhase_500_com.android.server.alarm.AlarmManagerService
05-22 10:11:57.700   687   687 D SystemServerTiming: OnBootPhase_500_com.android.server.input.InputManagerService$Lifecycle
05-22 10:11:57.700   687   687 D SystemServerTiming: OnBootPhase_500_com.android.server.devicestate.DeviceStateManagerService
05-22 10:11:57.700   687   687 D SystemServerTiming: OnBootPhase_500_com.android.server.camera.CameraServiceProxy
05-22 10:11:57.700   687   687 D SystemServerTiming: OnBootPhase_500_com.android.server.bluetooth.BluetoothService
05-22 10:11:57.702   687   736 D WindowManager: DeferredDisplayUpdater: applying DisplayInfo(1080 x 2400) immediately
05-22 10:11:57.703   687   764 D BrightnessThermalClamper: Thermal status observer already started
05-22 10:11:57.703   687   687 D SystemServerTiming: OnBootPhase_500_com.android.server.connectivity.IpConnectivityMetrics
05-22 10:11:57.704   687   687 D SystemServerTiming: OnBootPhase_500_com.android.server.net.watchlist.NetworkWatchlistService$Lifecycle
05-22 10:11:57.704   687   687 D SystemServerTiming: OnBootPhase_500_com.android.server.pinner.PinnerService
05-22 10:11:57.704   687   687 D SystemServerTiming: OnBootPhase_500_com.android.server.integrity.AppIntegrityManagerService
05-22 10:11:57.704   687   687 D SystemServerTiming: OnBootPhase_500_com.android.server.logcat.LogcatManagerService
05-22 10:11:57.704   687   687 D SystemServerTiming: OnBootPhase_500_com.android.server.security.intrusiondetection.IntrusionDetectionService
05-22 10:11:57.704   687   687 D SystemServerTiming: OnBootPhase_500_com.android.server.appfunctions.AppFunctionManagerService
05-22 10:11:57.704   687   687 D SystemServerTiming: OnBootPhase_500_com.android.server.security.advancedprotection.AdvancedProtectionService$Lifecycle
05-22 10:11:57.704   687   687 D AdvancedProtectionDisallowInstallUnknown: Clearing DISALLOW_INSTALL_UNKNOWN_SOURCES_GLOBALLY restriction
05-22 10:11:57.708   687   687 I DevicePolicyManager: Changing user restriction no_install_unknown_sources_globally on all users to: false caller: CallerIdentity[uid=1000]
05-22 10:11:57.708   687   687 I AdvancedProtectionMTE: MTE unavailable on device, skipping.
05-22 10:11:57.708   687   687 D AdvancedProtectionDisallowCellular2G: Clearing DISALLOW_CELLULAR_2G_GLOBALLY restriction
05-22 10:11:57.710   687   687 I DevicePolicyManager: Changing user restriction no_cellular_2g on all users to: false caller: CallerIdentity[uid=1000]
05-22 10:11:57.710   687   687 D SystemServerTiming: OnBootPhase_500_com.android.server.TradeInModeService
05-22 10:11:57.710   687   687 D SystemServerTiming: OnBootPhase_500_com.android.server.inputmethod.InputMethodManagerService$Lifecycle
05-22 10:11:57.710   687   687 D SystemServerTiming: OnBootPhase_500_com.android.server.accessibility.AccessibilityManagerService$Lifecycle
05-22 10:11:57.710   687   687 D SystemServerTiming: OnBootPhase_500_com.android.server.StorageManagerService$Lifecycle
05-22 10:11:57.711   687   687 D SystemServerTiming: OnBootPhase_500_com.android.server.usage.StorageStatsService$Lifecycle
05-22 10:11:57.711   687   687 D SystemServerTiming: OnBootPhase_500_com.android.server.UiModeManagerService
05-22 10:11:57.711   687   687 I ActivityTaskManager: Config changes=200 {1.0 ?mcc0mnc [en_US] ldltr sw411dp w411dp h914dp 420dpi nrml long port finger qwerty/v/v dpad/v winConfig={ mBounds=Rect(0, 0 - 1080, 2400) mAppBounds=Rect(0, 0 - 1080, 2400) mMaxBounds=Rect(0, 0 - 1080, 2400) mDisplayRotation=ROTATION_0 mWindowingMode=fullscreen mActivityType=undefined mAlwaysOnTop=undefined mRotation=ROTATION_0} s.4 ?fontWeightAdjustment}
05-22 10:11:57.712   687   687 I WindowManager: Override config changes=200 {1.0 ?mcc0mnc [en_US] ldltr sw411dp w411dp h914dp 420dpi nrml long port finger qwerty/v/v dpad/v winConfig={ mBounds=Rect(0, 0 - 1080, 2400) mAppBounds=Rect(0, 0 - 1080, 2400) mMaxBounds=Rect(0, 0 - 1080, 2400) mDisplayRotation=ROTATION_0 mWindowingMode=fullscreen mActivityType=undefined mAlwaysOnTop=undefined mRotation=ROTATION_0} s.4 ?fontWeightAdjustment} for displayId=0
05-22 10:11:57.712   687   687 D SystemServerTiming: OnBootPhase_500_com.android.server.locales.LocaleManagerService
05-22 10:11:57.712   687   687 D SystemServerTiming: OnBootPhase_500_com.android.server.grammaticalinflection.GrammaticalInflectionService
05-22 10:11:57.712   687   687 D SystemServerTiming: OnBootPhase_500_com.android.server.apphibernation.AppHibernationService
05-22 10:11:57.712   687   687 D SystemServerTiming: OnBootPhase_500_com.android.server.locksettings.LockSettingsService$Lifecycle
05-22 10:11:57.712   687   687 D SystemServerTiming: OnBootPhase_500_com.android.server.testharness.TestHarnessModeService
05-22 10:11:57.712   687   687 D TestHarnessModeService: Setting up test harness mode
05-22 10:11:57.712   687   687 D TestHarnessModeService: Getting PersistentDataBlockManagerInternal from LocalServices
05-22 10:11:57.712   687   687 E TestHarnessModeService: Failed to start Test Harness Mode; no implementation of PersistentDataBlockManagerInternal was bound!
05-22 10:11:57.712   687   687 D SystemServerTiming: OnBootPhase_500_com.android.server.DeviceIdleController
05-22 10:11:57.713   687   687 V LegacyHistoricalRegistry: Interaction before persistence initialized
05-22 10:11:57.714   687   687 D SystemServerTiming: OnBootPhase_500_com.android.server.devicepolicy.DevicePolicyManagerService$Lifecycle
05-22 10:11:57.714   687   687 D SystemServerTiming: OnBootPhase_500_com.android.server.musicrecognition.MusicRecognitionManagerService
05-22 10:11:57.714   687   687 D SystemServerTiming: OnBootPhase_500_com.android.server.contentcapture.ContentCaptureManagerService
05-22 10:11:57.714   687   687 D SystemServerTiming: OnBootPhase_500_com.android.server.systemcaptions.SystemCaptionsManagerService
05-22 10:11:57.714   687   687 D SystemServerTiming: OnBootPhase_500_com.android.server.texttospeech.TextToSpeechManagerService
05-22 10:11:57.714   687   687 D SystemServerTiming: OnBootPhase_500_com.android.server.wearable.WearableSensingManagerService
05-22 10:11:57.714   687   687 D SystemServerTiming: OnBootPhase_500_com.android.server.ondeviceintelligence.OnDeviceIntelligenceManagerService
05-22 10:11:57.714   687   754 W BroadcastLoopers: Found previously unknown looper Thread[batterystats-handler,5,main]
05-22 10:11:57.714   687   687 D SystemServerTiming: OnBootPhase_500_com.android.server.ambientcontext.AmbientContextManagerService
05-22 10:11:57.715   687   687 D SystemServerTiming: OnBootPhase_500_com.android.server.speech.SpeechRecognitionManagerService
05-22 10:11:57.715   687   687 D SystemServerTiming: OnBootPhase_500_com.android.server.appprediction.AppPredictionManagerService
05-22 10:11:57.715   687   687 D SystemServerTiming: OnBootPhase_500_com.android.server.contentsuggestions.ContentSuggestionsManagerService
05-22 10:11:57.715   687   687 D SystemServerTiming: OnBootPhase_500_com.android.server.searchui.SearchUiManagerService
05-22 10:11:57.715   687   687 D SystemServerTiming: OnBootPhase_500_com.android.server.smartspace.SmartspaceManagerService
05-22 10:11:57.715   687   687 D SystemServerTiming: OnBootPhase_500_com.android.server.contextualsearch.ContextualSearchManagerService
05-22 10:11:57.715   687   687 D SystemServerTiming: OnBootPhase_500_com.android.server.graphics.fonts.FontManagerService$Lifecycle
05-22 10:11:57.715   687   687 D SystemServerTiming: OnBootPhase_500_com.android.server.textservices.TextServicesManagerService$Lifecycle
05-22 10:11:57.715   687   687 D SystemServerTiming: OnBootPhase_500_com.android.server.textclassifier.TextClassificationManagerService$Lifecycle
05-22 10:11:57.715   687   687 D SystemServerTiming: OnBootPhase_500_com.android.server.NetworkScoreService$Lifecycle
05-22 10:11:57.715   687   687 D SystemServerTiming: OnBootPhase_500_com.android.server.NetworkStatsServiceInitializer
05-22 10:11:57.715   687   687 D SystemServerTiming: OnBootPhase_500_com.android.server.wifi.WifiService
05-22 10:11:57.715   687   687 D SystemServerTiming: OnBootPhase_500_com.android.server.wifi.scanner.WifiScanningService
05-22 10:11:57.715   687   687 D SystemServerTiming: OnBootPhase_500_com.android.server.wifi.p2p.WifiP2pService
05-22 10:11:57.716   687   687 D SystemServerTiming: OnBootPhase_500_com.android.server.ConnectivityServiceInitializer
05-22 10:11:57.718   687   687 D SystemServerTiming: OnBootPhase_500_com.android.server.notification.NotificationManagerService
05-22 10:11:57.719   687   687 D SystemServerTiming: OnBootPhase_500_com.android.server.storage.DeviceStorageMonitorService
05-22 10:11:57.719   687   687 D SystemServerTiming: OnBootPhase_500_com.android.server.timedetector.TimeDetectorService$Lifecycle
05-22 10:11:57.719   687   687 D SystemServerTiming: OnBootPhase_500_com.android.server.location.LocationManagerService$Lifecycle
05-22 10:11:57.720   687   687 V LegacyHistoricalRegistry: Interaction before persistence initialized
05-22 10:11:57.720   687   849 W BroadcastLoopers: Found previously unknown looper Thread[WifiHandlerThread,5,main]
05-22 10:11:57.721   687   687 D SystemServerTiming: OnBootPhase_500_com.android.server.timezonedetector.TimeZoneDetectorService$Lifecycle
05-22 10:11:57.721   687   687 D SystemServerTiming: OnBootPhase_500_com.android.server.location.altitude.AltitudeService$Lifecycle
05-22 10:11:57.721   687   687 D SystemServerTiming: OnBootPhase_500_com.android.server.timezonedetector.location.LocationTimeZoneManagerService$Lifecycle
05-22 10:11:57.721   687   687 D SystemServerTiming: OnBootPhase_500_com.android.server.search.SearchManagerService$Lifecycle
05-22 10:11:57.721   687   687 D SystemServerTiming: OnBootPhase_500_com.android.server.wallpaper.WallpaperManagerService$Lifecycle
05-22 10:11:57.721   687   687 D SystemServerTiming: OnBootPhase_500_com.android.server.wallpapereffectsgeneration.WallpaperEffectsGenerationManagerService
05-22 10:11:57.721   687   687 D SystemServerTiming: OnBootPhase_500_com.android.server.audio.AudioService$Lifecycle
05-22 10:11:57.721   687   687 D SystemServerTiming: OnBootPhase_500_com.android.server.soundtrigger_middleware.SoundTriggerMiddlewareService$Lifecycle
05-22 10:11:57.722   687   687 D SystemServerTiming: OnBootPhase_500_com.android.server.DockObserver
05-22 10:11:57.722   687   687 D SystemServerTiming: OnBootPhase_500_com.android.server.midi.MidiService$Lifecycle
05-22 10:11:57.722   687   687 D SystemServerTiming: OnBootPhase_500_com.android.server.adb.AdbService$Lifecycle
05-22 10:11:57.722   687   687 D SystemServerTiming: OnBootPhase_500_com.android.server.usb.UsbService$Lifecycle
05-22 10:11:57.722   687   687 D SystemServerTiming: OnBootPhase_500_com.android.server.SerialService$Lifecycle
05-22 10:11:57.722   687   687 D SystemServerTiming: OnBootPhase_500_com.android.server.twilight.TwilightService
05-22 10:11:57.722   687   687 D SystemServerTiming: OnBootPhase_500_com.android.server.display.color.ColorDisplayService
05-22 10:11:57.722   687   687 D SystemServerTiming: OnBootPhase_500_com.android.server.job.JobSchedulerService
05-22 10:11:57.729   470   929 I android.hardware.wifi-service: Setting min callback version to 3
05-22 10:11:57.729   470   929 W android.hardware.wifi-service: Duplicate death notification registration
05-22 10:11:57.729   687   687 V LegacyHistoricalRegistry: Interaction before persistence initialized
05-22 10:11:57.730   687   687 D SystemServerTiming: OnBootPhase_500_com.android.server.soundtrigger.SoundTriggerService
05-22 10:11:57.730   687   687 D SoundTriggerService: onBootPhase: 500 : false
05-22 10:11:57.730   687   687 D SystemServerTiming: OnBootPhase_500_com.android.server.trust.TrustManagerService
05-22 10:11:57.731   687   687 E SystemServiceRegistry: Manager wrapper not available: face
05-22 10:11:57.732   687   687 D SystemServerTiming: OnBootPhase_500_com.android.server.backup.BackupManagerService$Lifecycle
05-22 10:11:57.732   687   687 D SystemServerTiming: OnBootPhase_500_com.android.server.appwidget.AppWidgetService
05-22 10:11:57.732   687   687 D SystemServerTiming: OnBootPhase_500_com.android.server.voiceinteraction.VoiceInteractionManagerService
05-22 10:11:57.732   687   687 D SystemServerTiming: OnBootPhase_500_com.android.server.GestureLauncherService
05-22 10:11:57.732   687   687 D SystemServerTiming: OnBootPhase_500_com.android.server.SensorNotificationService
05-22 10:11:57.732   687   687 D SystemServerTiming: OnBootPhase_500_com.android.server.ContextHubSystemService
05-22 10:11:57.733   687   687 D SystemServerTiming: OnBootPhase_500_com.android.server.emergency.EmergencyAffordanceService
05-22 10:11:57.733   687   687 D SystemServerTiming: OnBootPhase_500_com.android.server.blob.BlobStoreManagerService
05-22 10:11:57.733   687   687 D SystemServerTiming: OnBootPhase_500_com.android.server.dreams.DreamManagerService
05-22 10:11:57.733   687   687 D SystemServerTiming: OnBootPhase_500_com.android.server.print.PrintManagerService
05-22 10:11:57.733   687   687 D SystemServerTiming: OnBootPhase_500_com.android.server.security.AttestationVerificationManagerService
05-22 10:11:57.733   687   687 D SystemServerTiming: OnBootPhase_500_com.android.server.companion.CompanionDeviceManagerService
05-22 10:11:57.733   687   687 D SystemServerTiming: OnBootPhase_500_com.android.server.companion.virtual.VirtualDeviceManagerService
05-22 10:11:57.733   687   687 D SystemServerTiming: OnBootPhase_500_com.android.server.restrictions.RestrictionsManagerService
05-22 10:11:57.733   687   687 D SystemServerTiming: OnBootPhase_500_com.android.server.media.MediaSessionService
05-22 10:11:57.733   687   687 D SystemServerTiming: OnBootPhase_500_com.android.server.media.MediaResourceMonitorService
05-22 10:11:57.733   687   687 D SystemServerTiming: OnBootPhase_500_com.android.server.biometrics.sensors.fingerprint.FingerprintService
05-22 10:11:57.733   687   687 D SystemServerTiming: OnBootPhase_500_com.android.server.biometrics.BiometricService
05-22 10:11:57.733   687   687 D SystemServerTiming: OnBootPhase_500_com.android.server.biometrics.AuthService
05-22 10:11:57.733   687   687 D SystemServerTiming: OnBootPhase_500_com.android.server.security.authenticationpolicy.AuthenticationPolicyService
05-22 10:11:57.733   687   687 D SystemServerTiming: OnBootPhase_500_com.android.server.pm.ShortcutService$Lifecycle
05-22 10:11:57.733   687   687 D SystemServerTiming: OnBootPhase_500_com.android.server.pm.LauncherAppsService
05-22 10:11:57.733   687   687 D SystemServerTiming: OnBootPhase_500_com.android.server.pm.CrossProfileAppsService
05-22 10:11:57.733   687   687 D SystemServerTiming: OnBootPhase_500_com.android.server.people.PeopleService
05-22 10:11:57.733   687   687 D SystemServerTiming: OnBootPhase_500_com.android.server.media.metrics.MediaMetricsManagerService
05-22 10:11:57.733   687   687 D SystemServerTiming: OnBootPhase_500_com.android.server.pm.BackgroundInstallControlService
05-22 10:11:57.733   687   687 D SystemServerTiming: OnBootPhase_500_com.android.server.media.projection.MediaProjectionManagerService
05-22 10:11:57.733   687   687 D SystemServerTiming: OnBootPhase_500_com.android.server.slice.SliceManagerService$Lifecycle
05-22 10:11:57.733   687   687 D SystemServerTiming: OnBootPhase_500_com.android.server.stats.StatsCompanion$Lifecycle
05-22 10:11:57.733   687   687 D SystemServerTiming: OnBootPhase_500_com.android.server.scheduling.RebootReadinessManagerService$Lifecycle
05-22 10:11:57.733   687   687 D SystemServerTiming: OnBootPhase_500_com.android.server.stats.pull.StatsPullAtomService
05-22 10:11:57.734   470   929 I android.hardware.wifi-service: Wifi HAL started
05-22 10:11:57.734   687   687 D SystemServerTiming: OnBootPhase_500_com.android.server.stats.bootstrap.StatsBootstrapAtomService$Lifecycle
05-22 10:11:57.734   687   687 D SystemServerTiming: OnBootPhase_500_com.android.server.incident.IncidentCompanionService
05-22 10:11:57.734   687   687 D SystemServerTiming: OnBootPhase_500_com.android.server.sdksandbox.SdkSandboxManagerService$Lifecycle
05-22 10:11:57.734   687   687 D SystemServerTiming: OnBootPhase_500_com.android.server.adservices.AdServicesManagerService$Lifecycle
05-22 10:11:57.734   687   687 D SystemServerTiming: OnBootPhase_500_com.android.server.ondevicepersonalization.OnDevicePersonalizationSystemService$Lifecycle
05-22 10:11:57.734   687   687 D SystemServerTiming: OnBootPhase_500_android.os.profiling.ProfilingService$Lifecycle
05-22 10:11:57.734   687   687 D SystemServerTiming: OnBootPhase_500_com.android.server.MmsServiceBroker
05-22 10:11:57.734   687   687 D SystemServerTiming: OnBootPhase_500_com.android.server.autofill.AutofillManagerService
05-22 10:11:57.734   687   687 D SystemServerTiming: OnBootPhase_500_com.android.server.credentials.CredentialManagerService
05-22 10:11:57.734   687   687 D SystemServerTiming: OnBootPhase_500_com.android.server.translation.TranslationManagerService
05-22 10:11:57.734   687   687 D SystemServerTiming: OnBootPhase_500_com.android.server.clipboard.ClipboardService
05-22 10:11:57.734   687   687 D SystemServerTiming: OnBootPhase_500_com.android.server.appbinding.AppBindingService$Lifecycle
05-22 10:11:57.734   687   687 D SystemServerTiming: OnBootPhase_500_com.android.server.tracing.TracingServiceProxy
05-22 10:11:57.734   687   687 D SystemServerTiming: OnBootPhase_500_com.android.server.os.instrumentation.DynamicInstrumentationManagerService
05-22 10:11:57.734   687   687 D SystemServerTiming: MakeWindowManagerServiceReady
05-22 10:11:57.735   470   929 W android.hardware.wifi-service: No active wlan interfaces in use! Using default
05-22 10:11:57.735   470   929 E android.hardware.wifi-service: Unknown iface name: wlan0
05-22 10:11:57.735   470   929 E android.hardware.wifi-service: Unknown iface name: wlan0
05-22 10:11:57.735   687   687 D SystemServerTiming: RegisterLogMteState
05-22 10:11:57.736   687   743 I HealthServiceWrapperAidl: health: HealthServiceWrapper listening to AIDL HAL
05-22 10:11:57.736   687   687 V Configuration: Updating configuration, locales updated from [] to [en_US]
05-22 10:11:57.736   687   687 D SystemServerTiming: StartPermissionPolicyService
05-22 10:11:57.736   687   687 I SystemServiceManager: Starting com.android.server.policy.PermissionPolicyService
05-22 10:11:57.736   687   743 D StatsPullAtomService: Registering pullers with statsd
05-22 10:11:57.736   687   743 I StatsPullAtomService: register thermal listener successfully
05-22 10:11:57.737   470   929 W android.hardware.wifi-service: No active wlan interfaces in use! Using default
05-22 10:11:57.738   470   929 E android.hardware.wifi-service: Unknown iface name: wlan0
05-22 10:11:57.738   470   929 E android.hardware.wifi-service: Unknown iface name: wlan0
05-22 10:11:57.738   687   687 D SystemServerTiming: MakePackageManagerServiceReady
05-22 10:11:57.739   470   929 I android.hardware.wifi-service: Adding interface handle for wlan0
05-22 10:11:57.739   470   929 W android.hardware.wifi-service: No active wlan interfaces in use! Using default
05-22 10:11:57.739   470   929 E android.hardware.wifi-service: Failed to register radio mode change callback
05-22 10:11:57.739   470   929 W android.hardware.wifi-service: No active wlan interfaces in use! Using default
05-22 10:11:57.739   470   929 E android.hardware.wifi-service: Failed to get SupportedIfaceCombinations matrix from legacy HAL: NOT_SUPPORTED
05-22 10:11:57.739   470   929 I android.hardware.wifi-service: Configured chip in mode 0
05-22 10:11:57.739   470   929 W android.hardware.wifi-service: No active wlan interfaces in use! Using default
05-22 10:11:57.739   687   687 E UserManagerService: Auto-lock preference updated but private space user not found
05-22 10:11:57.740   470   929 W android.hardware.wifi-service: No active wlan interfaces in use! Using default
05-22 10:11:57.741   687   687 V LegacyHistoricalRegistry: Interaction before persistence initialized
05-22 10:11:57.741   687   687 V LegacyHistoricalRegistry: Interaction before persistence initialized
05-22 10:11:57.742   470   929 I android.hardware.wifi-service: Adding interface handle for wlan0
05-22 10:11:57.742   470   929 E android.hardware.wifi-service: Failed to set DFS flag; DFS channels may be unavailable.
05-22 10:11:57.745   470   929 I android.hardware.wifi-service: Setting min callback version to 3
05-22 10:11:57.745   470   929 I android.hardware.wifi-service: twtRegisterEvents is not supported-3
05-22 10:11:57.746   470   929 I android.hardware.wifi-service: Setting min callback version to 3
05-22 10:11:57.746   470   499 E android.hardware.wifi-service: Failed to get chip capabilities from legacy HAL: NOT_SUPPORTED
05-22 10:11:57.747   610   610 I wificond: Current driver country code 00
05-22 10:11:57.747   610   610 I wificond: createClientInterface: wiphy_index 1 iface_name wlan0
05-22 10:11:57.747   687   687 V UserDataPreparer: Found /data/user_de/0 with serial number 0
05-22 10:11:57.747   687   687 V UserDataPreparer: Found /data/user/0 with serial number 0
05-22 10:11:57.747   687   687 V UserDataPreparer: Found /data/system_de/0 with serial number 0
05-22 10:11:57.747   687   687 V UserDataPreparer: Found /data/system_ce/0 with serial number 0
05-22 10:11:57.747   687   687 V UserDataPreparer: Found /data/misc_ce/0 with serial number 0
05-22 10:11:57.748   610   610 I wificond: create scanner for interface with index: 16
05-22 10:11:57.748   610   610 I wificond: subscribe scan result for interface with index: 16
05-22 10:11:57.749   610   610 I wificond: add channel type 0 support at wiphy index: 1
05-22 10:11:57.749   610   610 I wificond: add channel type 1 support at wiphy index: 1
05-22 10:11:57.750   687   768 E DefaultPermGrantPolicy: Package not found: com.google.android.apps.pixelmigrate
05-22 10:11:57.750   687   768 E DefaultPermGrantPolicy: Package not found: com.google.android.adservices
05-22 10:11:57.750   687   768 E DefaultPermGrantPolicy: Package not found: com.google.android.apps.mediashell
05-22 10:11:57.750   470   929 E android.hardware.wifi-service: Failed to get SupportedRadioCombinations matrix from legacy HAL: NOT_SUPPORTED
05-22 10:11:57.750   687   768 E DefaultPermGrantPolicy: Package not found: com.google.android.apps.tips
05-22 10:11:57.750   687   768 E DefaultPermGrantPolicy: Package not found: com.google.android.apps.turbo
05-22 10:11:57.750   687   768 E DefaultPermGrantPolicy: Package not found: com.google.android.euicc
05-22 10:11:57.750   687   768 E DefaultPermGrantPolicy: Package not found: com.google.android.volta
05-22 10:11:57.751   687   687 D SystemServerTiming: StartCrashRecoveryModule
05-22 10:11:57.751   687   687 I SystemServiceManager: Starting com.android.server.crashrecovery.CrashRecoveryModule$Lifecycle
05-22 10:11:57.751   687   687 I PackageWatchdog: Syncing state, reason: added new observer
05-22 10:11:57.751   687   687 I PackageWatchdog: Not pruning observers, elapsed time: 0ms
05-22 10:11:57.751   687   687 I PackageWatchdog: Cancelling state sync, nothing to sync
05-22 10:11:57.752   687   753 I PackageWatchdog: Saving observer state to file
05-22 10:11:57.752   687   687 D SystemServerTiming: MakeDisplayManagerServiceReady
05-22 10:11:57.756   687   687 I BrightnessSynchronizer: Initial brightness readings: 102(int), 0.39763778(float)
05-22 10:11:57.756   687   687 D SystemServerTiming: StartDeviceSpecificServices
05-22 10:11:57.756   687   687 D SystemServerTiming: GameManagerService
05-22 10:11:57.756   687   687 I SystemServiceManager: Starting com.android.server.app.GameManagerService$Lifecycle
05-22 10:11:57.756   687   687 V LegacyHistoricalRegistry: Interaction before persistence initialized
05-22 10:11:57.757   687   687 D SystemServerTiming: UwbService
05-22 10:11:57.757   687   687 I SystemServiceManager: Starting com.android.server.uwb.UwbService
05-22 10:11:57.778   687   687 V LegacyHistoricalRegistry: Interaction before persistence initialized
05-22 10:11:57.779   687   687 D SystemServerTiming: RangingService
05-22 10:11:57.779   687   687 I SystemServiceManager: Starting com.android.server.ranging.RangingService
05-22 10:11:57.780   687   687 V LegacyHistoricalRegistry: Interaction before persistence initialized
05-22 10:11:57.781   687   687 D SystemServerTiming: StartBootPhaseDeviceSpecificServicesReady
05-22 10:11:57.781   687   687 I SystemServiceManager: Starting phase 520
05-22 10:11:57.781   687   687 D SystemServerTiming: OnBootPhase_520
05-22 10:11:57.781   687   687 D SystemServerTiming: OnBootPhase_520_com.android.server.security.FileIntegrityService
05-22 10:11:57.781   687   687 D SystemServerTiming: OnBootPhase_520_com.android.server.pm.Installer
05-22 10:11:57.781   687   687 D SystemServerTiming: OnBootPhase_520_com.android.server.os.DeviceIdentifiersPolicyService
05-22 10:11:57.781   687   687 D SystemServerTiming: OnBootPhase_520_com.android.server.flags.FeatureFlagsService
05-22 10:11:57.781   687   687 D SystemServerTiming: OnBootPhase_520_com.android.server.uri.UriGrantsManagerService$Lifecycle
05-22 10:11:57.781   687   687 D SystemServerTiming: OnBootPhase_520_com.android.server.powerstats.PowerStatsService
05-22 10:11:57.781   687   687 D SystemServerTiming: OnBootPhase_520_com.android.server.permission.access.AccessCheckingService
05-22 10:11:57.781   687   687 D SystemServerTiming: OnBootPhase_520_com.android.server.wm.ActivityTaskManagerService$Lifecycle
05-22 10:11:57.781   687   687 D SystemServerTiming: OnBootPhase_520_com.android.server.am.ActivityManagerService$Lifecycle
05-22 10:11:57.781   687   687 D SystemServerTiming: OnBootPhase_520_com.android.server.pm.DataLoaderManagerService
05-22 10:11:57.781   687   687 D SystemServerTiming: OnBootPhase_520_com.android.server.power.PowerManagerService
05-22 10:11:57.781   687   687 D SystemServerTiming: OnBootPhase_520_com.android.server.power.ThermalManagerService
05-22 10:11:57.781   687   687 D SystemServerTiming: OnBootPhase_520_com.android.server.recoverysystem.RecoverySystemService$Lifecycle
05-22 10:11:57.781   687   687 D SystemServerTiming: OnBootPhase_520_com.android.server.lights.LightsService
05-22 10:11:57.781   687   687 D SystemServerTiming: OnBootPhase_520_com.android.server.display.DisplayManagerService
05-22 10:11:57.781   687   687 D SystemServerTiming: OnBootPhase_520_com.android.server.pm.verify.domain.DomainVerificationService
05-22 10:11:57.781   687   687 D SystemServerTiming: OnBootPhase_520_com.android.server.pm.PackageInstallerService$Lifecycle
05-22 10:11:57.781   687   687 D SystemServerTiming: OnBootPhase_520_com.android.server.pm.UserManagerService$LifeCycle
05-22 10:11:57.781   687   687 D SystemServerTiming: OnBootPhase_520_com.android.server.om.OverlayManagerService
05-22 10:11:57.781   687   687 D SystemServerTiming: OnBootPhase_520_com.android.server.resources.ResourcesManagerService
05-22 10:11:57.781   687   687 D SystemServerTiming: OnBootPhase_520_com.android.server.sensorprivacy.SensorPrivacyService
05-22 10:11:57.781   687   687 D SystemServerTiming: OnBootPhase_520_com.android.server.sensors.SensorService
05-22 10:11:57.781   687   687 D SystemServerTiming: OnBootPhase_520_com.android.server.SystemConfigService
05-22 10:11:57.781   687   687 D SystemServerTiming: OnBootPhase_520_com.android.server.BatteryService
05-22 10:11:57.781   687   687 D SystemServerTiming: OnBootPhase_520_com.android.server.usage.UsageStatsService
05-22 10:11:57.781   687   687 D SystemServerTiming: OnBootPhase_520_com.android.server.webkit.WebViewUpdateService
05-22 10:11:57.781   687   687 D SystemServerTiming: OnBootPhase_520_com.android.server.CachedDeviceStateService
05-22 10:11:57.781   687   687 D SystemServerTiming: OnBootPhase_520_com.android.server.BinderCallsStatsService$LifeCycle
05-22 10:11:57.781   687   687 D SystemServerTiming: OnBootPhase_520_com.android.server.LooperStatsService$Lifecycle
05-22 10:11:57.781   687   687 D SystemServerTiming: OnBootPhase_520_com.android.server.rollback.RollbackManagerService
05-22 10:11:57.781   687   687 D SystemServerTiming: OnBootPhase_520_com.android.server.os.NativeTombstoneManagerService
05-22 10:11:57.781   687   687 D SystemServerTiming: OnBootPhase_520_com.android.server.os.BugreportManagerService
05-22 10:11:57.781   687   687 D SystemServerTiming: OnBootPhase_520_com.android.server.gpu.GpuService
05-22 10:11:57.781   687   687 D SystemServerTiming: OnBootPhase_520_com.android.server.security.rkp.RemoteProvisioningService
05-22 10:11:57.781   687   687 D SystemServerTiming: OnBootPhase_520_com.android.server.security.KeyChainSystemService
05-22 10:11:57.781   687   687 D SystemServerTiming: OnBootPhase_520_com.android.server.BinaryTransparencyService
05-22 10:11:57.781   687   687 D SystemServerTiming: OnBootPhase_520_com.android.server.telecom.TelecomLoaderService
05-22 10:11:57.781   687   687 D SystemServerTiming: OnBootPhase_520_com.android.server.accounts.AccountManagerService$Lifecycle
05-22 10:11:57.781   687   687 D SystemServerTiming: OnBootPhase_520_com.android.server.content.ContentService$Lifecycle
05-22 10:11:57.781   687   687 D SystemServerTiming: OnBootPhase_520_com.android.server.deviceconfig.DeviceConfigInit$Lifecycle
05-22 10:11:57.781   687   687 D SystemServerTiming: OnBootPhase_520_com.android.server.DropBoxManagerService
05-22 10:11:57.781   687   687 D SystemServerTiming: OnBootPhase_520_com.android.ecm.EnhancedConfirmationService
05-22 10:11:57.781   687   687 D SystemServerTiming: OnBootPhase_520_com.android.server.power.hint.HintManagerService
05-22 10:11:57.781   687   687 D SystemServerTiming: OnBootPhase_520_com.android.role.RoleService
05-22 10:11:57.781   687   687 D SystemServerTiming: OnBootPhase_520_com.android.server.supervision.SupervisionService$Lifecycle
05-22 10:11:57.781   687   687 D SystemServerTiming: OnBootPhase_520_com.android.server.vibrator.VibratorManagerService$Lifecycle
05-22 10:11:57.781   687   687 D SystemServerTiming: OnBootPhase_520_com.android.server.alarm.AlarmManagerService
05-22 10:11:57.781   687   687 D SystemServerTiming: OnBootPhase_520_com.android.server.input.InputManagerService$Lifecycle
05-22 10:11:57.781   687   687 D SystemServerTiming: OnBootPhase_520_com.android.server.devicestate.DeviceStateManagerService
05-22 10:11:57.781   687   687 D SystemServerTiming: OnBootPhase_520_com.android.server.camera.CameraServiceProxy
05-22 10:11:57.781   687   687 D SystemServerTiming: OnBootPhase_520_com.android.server.bluetooth.BluetoothService
05-22 10:11:57.781   687   687 D SystemServerTiming: OnBootPhase_520_com.android.server.connectivity.IpConnectivityMetrics
05-22 10:11:57.781   687   687 D SystemServerTiming: OnBootPhase_520_com.android.server.net.watchlist.NetworkWatchlistService$Lifecycle
05-22 10:11:57.781   687   687 D SystemServerTiming: OnBootPhase_520_com.android.server.pinner.PinnerService
05-22 10:11:57.781   687   687 D SystemServerTiming: OnBootPhase_520_com.android.server.integrity.AppIntegrityManagerService
05-22 10:11:57.781   687   687 D SystemServerTiming: OnBootPhase_520_com.android.server.logcat.LogcatManagerService
05-22 10:11:57.781   687   687 D SystemServerTiming: OnBootPhase_520_com.android.server.security.intrusiondetection.IntrusionDetectionService
05-22 10:11:57.781   687   687 D SystemServerTiming: OnBootPhase_520_com.android.server.appfunctions.AppFunctionManagerService
05-22 10:11:57.781   687   687 D SystemServerTiming: OnBootPhase_520_com.android.server.security.advancedprotection.AdvancedProtectionService$Lifecycle
05-22 10:11:57.781   687   687 D SystemServerTiming: OnBootPhase_520_com.android.server.TradeInModeService
05-22 10:11:57.781   687   687 D SystemServerTiming: OnBootPhase_520_com.android.server.inputmethod.InputMethodManagerService$Lifecycle
05-22 10:11:57.781   687   687 D SystemServerTiming: OnBootPhase_520_com.android.server.accessibility.AccessibilityManagerService$Lifecycle
05-22 10:11:57.781   687   687 D SystemServerTiming: OnBootPhase_520_com.android.server.StorageManagerService$Lifecycle
05-22 10:11:57.781   687   687 D SystemServerTiming: OnBootPhase_520_com.android.server.usage.StorageStatsService$Lifecycle
05-22 10:11:57.781   687   687 D SystemServerTiming: OnBootPhase_520_com.android.server.UiModeManagerService
05-22 10:11:57.781   687   687 D SystemServerTiming: OnBootPhase_520_com.android.server.locales.LocaleManagerService
05-22 10:11:57.781   687   687 D SystemServerTiming: OnBootPhase_520_com.android.server.grammaticalinflection.GrammaticalInflectionService
05-22 10:11:57.781   687   687 D SystemServerTiming: OnBootPhase_520_com.android.server.apphibernation.AppHibernationService
05-22 10:11:57.781   687   687 D SystemServerTiming: OnBootPhase_520_com.android.server.locksettings.LockSettingsService$Lifecycle
05-22 10:11:57.781   687   687 D SystemServerTiming: OnBootPhase_520_com.android.server.testharness.TestHarnessModeService
05-22 10:11:57.781   687   687 D SystemServerTiming: OnBootPhase_520_com.android.server.DeviceIdleController
05-22 10:11:57.781   687   687 D SystemServerTiming: OnBootPhase_520_com.android.server.devicepolicy.DevicePolicyManagerService$Lifecycle
05-22 10:11:57.781   687   687 D SystemServerTiming: OnBootPhase_520_com.android.server.musicrecognition.MusicRecognitionManagerService
05-22 10:11:57.781   687   687 D SystemServerTiming: OnBootPhase_520_com.android.server.contentcapture.ContentCaptureManagerService
05-22 10:11:57.781   687   687 D SystemServerTiming: OnBootPhase_520_com.android.server.systemcaptions.SystemCaptionsManagerService
05-22 10:11:57.781   687   687 D SystemServerTiming: OnBootPhase_520_com.android.server.texttospeech.TextToSpeechManagerService
05-22 10:11:57.781   687   687 D SystemServerTiming: OnBootPhase_520_com.android.server.wearable.WearableSensingManagerService
05-22 10:11:57.781   687   687 D SystemServerTiming: OnBootPhase_520_com.android.server.ondeviceintelligence.OnDeviceIntelligenceManagerService
05-22 10:11:57.781   687   687 D SystemServerTiming: OnBootPhase_520_com.android.server.ambientcontext.AmbientContextManagerService
05-22 10:11:57.781   687   687 D SystemServerTiming: OnBootPhase_520_com.android.server.speech.SpeechRecognitionManagerService
05-22 10:11:57.781   687   687 D SystemServerTiming: OnBootPhase_520_com.android.server.appprediction.AppPredictionManagerService
05-22 10:11:57.781   687   687 D SystemServerTiming: OnBootPhase_520_com.android.server.contentsuggestions.ContentSuggestionsManagerService
05-22 10:11:57.781   687   687 D SystemServerTiming: OnBootPhase_520_com.android.server.searchui.SearchUiManagerService
05-22 10:11:57.781   687   687 D SystemServerTiming: OnBootPhase_520_com.android.server.smartspace.SmartspaceManagerService
05-22 10:11:57.781   687   687 D SystemServerTiming: OnBootPhase_520_com.android.server.contextualsearch.ContextualSearchManagerService
05-22 10:11:57.781   687   687 D SystemServerTiming: OnBootPhase_520_com.android.server.graphics.fonts.FontManagerService$Lifecycle
05-22 10:11:57.781   687   687 D SystemServerTiming: OnBootPhase_520_com.android.server.textservices.TextServicesManagerService$Lifecycle
05-22 10:11:57.781   687   687 D SystemServerTiming: OnBootPhase_520_com.android.server.textclassifier.TextClassificationManagerService$Lifecycle
05-22 10:11:57.781   687   687 D SystemServerTiming: OnBootPhase_520_com.android.server.NetworkScoreService$Lifecycle
05-22 10:11:57.781   687   687 D SystemServerTiming: OnBootPhase_520_com.android.server.NetworkStatsServiceInitializer
05-22 10:11:57.781   687   687 D SystemServerTiming: OnBootPhase_520_com.android.server.wifi.WifiService
05-22 10:11:57.781   687   687 D SystemServerTiming: OnBootPhase_520_com.android.server.wifi.scanner.WifiScanningService
05-22 10:11:57.781   687   687 D SystemServerTiming: OnBootPhase_520_com.android.server.wifi.p2p.WifiP2pService
05-22 10:11:57.781   687   687 D SystemServerTiming: OnBootPhase_520_com.android.server.ConnectivityServiceInitializer
05-22 10:11:57.781   687   687 D SystemServerTiming: OnBootPhase_520_com.android.server.notification.NotificationManagerService
05-22 10:11:57.783   687   687 D SystemServerTiming: OnBootPhase_520_com.android.server.storage.DeviceStorageMonitorService
05-22 10:11:57.783   687   687 D SystemServerTiming: OnBootPhase_520_com.android.server.timedetector.TimeDetectorService$Lifecycle
05-22 10:11:57.783   687   687 D SystemServerTiming: OnBootPhase_520_com.android.server.location.LocationManagerService$Lifecycle
05-22 10:11:57.783   687   687 D SystemServerTiming: OnBootPhase_520_com.android.server.timezonedetector.TimeZoneDetectorService$Lifecycle
05-22 10:11:57.783   687   687 D SystemServerTiming: OnBootPhase_520_com.android.server.location.altitude.AltitudeService$Lifecycle
05-22 10:11:57.783   687   687 D SystemServerTiming: OnBootPhase_520_com.android.server.timezonedetector.location.LocationTimeZoneManagerService$Lifecycle
05-22 10:11:57.783   687   687 D SystemServerTiming: OnBootPhase_520_com.android.server.search.SearchManagerService$Lifecycle
05-22 10:11:57.783   687   687 D SystemServerTiming: OnBootPhase_520_com.android.server.wallpaper.WallpaperManagerService$Lifecycle
