--------- beginning of system
03-10 13:52:53.157   578  2287 I AppsFilter: interaction: PackageSetting{79dc0f4 io.appium.uiautomator2.server/10232} -> PackageSetting{f4fecfd com.android.systemui.emulation.pixel_9_pro_fold/10072} BLOCKED
03-10 13:52:53.157   578  2287 I AppsFilter: interaction: PackageSetting{79dc0f4 io.appium.uiautomator2.server/10232} -> PackageSetting{7eb2df2 android.auto_generated_rro_product__/10084} BLOCKED
03-10 13:52:53.157   578  2287 I AppsFilter: interaction: PackageSetting{79dc0f4 io.appium.uiautomator2.server/10232} -> PackageSetting{24e7c43 com.google.android.inputmethod.latin/10156} BLOCKED
03-10 13:52:53.157   578  2287 I AppsFilter: interaction: PackageSetting{79dc0f4 io.appium.uiautomator2.server/10232} -> PackageSetting{41982c0 android.auto_generated_rro_vendor__/10090} BLOCKED
03-10 13:52:53.157   578  2287 I AppsFilter: interaction: PackageSetting{79dc0f4 io.appium.uiautomator2.server/10232} -> PackageSetting{5335bf9 com.google.android.apps.restore/10135} BLOCKED
03-10 13:52:54.294   578  2518 D AccessibilityManagerService: changeCurrentUserForTestAutomationIfNeededLocked(0): ignoring because device doesn't support visible background users
03-10 13:52:54.294   578  2518 I UiAutomationManager: Registering UiTestAutomationService (id=com.android.server.accessibility/UiAutomation, flags=0x0) when called by user 0
03-10 13:52:54.298   578  2518 W MagnificationConnectionManager: requestConnection duplicated request: connect=false, mConnectionState=DISCONNECTED
03-10 13:52:54.306   578   578 D BatterySaverPolicy: accessibility changed to true, updating policy.
03-10 13:52:54.321   578   604 W MagnificationConnectionManager: requestConnection duplicated request: connect=false, mConnectionState=DISCONNECTED
03-10 13:52:55.036   578  2287 I ActivityManager: Force stopping eu.europa.ec.euidi.dev appid=10231 user=0: from pid 16167
03-10 13:52:55.038   578  2287 I AppsFilter: interaction: PackageSetting{9282c06 io.appium.uiautomator2.server.test/10233} -> PackageSetting{71a5a44 eu.europa.ec.euidi.dev/10231} BLOCKED
03-10 13:52:55.038   578  2287 I AppsFilter: interaction: PackageSetting{79dc0f4 io.appium.uiautomator2.server/10232} -> PackageSetting{71a5a44 eu.europa.ec.euidi.dev/10231} BLOCKED
03-10 13:52:55.082   578  1549 E TaskPersister: File error accessing recents directory (directory doesn't exist?).
03-10 13:52:55.127   578   705 D ActivityManager: freezing 15860 com.google.android.apps.docs
03-10 13:52:55.134  6419 16173 I ActivityThread: Removing dead content provider:android.content.ContentProviderProxy@c060912
03-10 13:52:55.134   578  2531 W ActivityManager: pid 6419 com.google.android.documentsui sent binder code 1 with flags 2 to frozen apps and got error -2147483646
03-10 13:52:55.136   578   604 I ActivityManager: Process com.google.android.apps.docs (pid 15860) early provider death
03-10 13:52:55.139   578   604 I ActivityManager: Process com.google.android.apps.docs (pid 15860) has died: cch+5 CEM 
03-10 13:52:55.140   578   631 D DisplayManagerService: Drop pending events for gone uid 10154
03-10 13:52:55.191   578  1810 V ActivityManager: Got obituary of 15860:com.google.android.apps.docs
03-10 13:52:55.293   578  2287 W ActivityTaskManager: callingPackage for (uid=2000, pid=16167) has no WPC
03-10 13:52:55.293   578  2287 W OptProp : Cannot read opt property android.window.PROPERTY_COMPAT_ALLOW_USER_ASPECT_RATIO_OVERRIDE
03-10 13:52:55.293   578  2287 W OptProp : Cannot read opt property android.window.PROPERTY_COMPAT_ALLOW_USER_ASPECT_RATIO_FULLSCREEN_OVERRIDE
03-10 13:52:55.293   578  2287 W OptProp : Cannot read opt property android.window.PROPERTY_COMPAT_ALLOW_ORIENTATION_OVERRIDE
03-10 13:52:55.294   578  2287 W OptProp : Cannot read opt property android.window.PROPERTY_COMPAT_ALLOW_RESIZEABLE_ACTIVITY_OVERRIDES
03-10 13:52:55.294   578  2287 W OptProp : Cannot read opt property android.window.PROPERTY_COMPAT_ALLOW_MIN_ASPECT_RATIO_OVERRIDE
03-10 13:52:55.299   858   895 V WindowManagerShell: Transition requested (#109): android.os.BinderProxy@571c0bb TransitionRequestInfo { type = OPEN, triggerTask = TaskInfo{userId=0 taskId=1708 displayId=0 isRunning=true baseIntent=Intent { act=android.intent.action.MAIN cat=[android.intent.category.LAUNCHER] flg=0x10200000 cmp=eu.europa.ec.euidi.dev/eu.europa.ec.assemblylogic.ui.MainActivity } baseActivity=ComponentInfo{eu.europa.ec.euidi.dev/eu.europa.ec.assemblylogic.ui.MainActivity} topActivity=ComponentInfo{eu.europa.ec.euidi.dev/eu.europa.ec.assemblylogic.ui.MainActivity} origActivity=null realActivity=ComponentInfo{eu.europa.ec.euidi.dev/eu.europa.ec.assemblylogic.ui.MainActivity} numActivities=1 lastActiveTime=6017542 supportsMultiWindow=true resizeMode=1 isResizeable=true minWidth=-1 minHeight=-1 defaultMinSize=220 token=WCT{android.window.IWindowContainerToken$Stub$Proxy@5ca39d8} topActivityType=1 pictureInPictureParams=null shouldDockBigOverlays=false launchIntoPipHostTaskId=-1 lastParentTaskIdBeforePip=-1 displayCutoutSafeInsets=Rect(0, 132 - 0, 0) topActivityInfo=ActivityInfo{9caa131 eu.europa.ec.assemblylogic.ui.MainActivity} launchCookies=[] positionInParent=Point(0, 0) parentTaskId=-1 isFocused=false isVisible=false isVisibleRequested=false isSleeping=false locusId=null displayAreaFeatureId=1 isTopActivityTransparent=false appCompatTaskInfo=AppCompatTaskInfo { topActivityInSizeCompat=false topActivityEligibleForLetterboxEducation= falseisLetterboxEducationEnabled= true isLetterboxDoubleTapEnabled= false topActivityEligibleForUserAspectRatioButton= false topActivityBoundsLetterboxed= false isFromLetterboxDoubleTap= false topActivityLetterboxVerticalPosition= -1 topActivityLetterboxHorizontalPosition= -1 topActivityLetterboxWidth=1080 topActivityLetterboxHeight=2400 isUserFullscreenOverrideEnabled=false isSystemFullscreenOverrideEnabled=false cameraCompatTaskInfo=CameraCompatTaskInfo { cameraCompatControlState=hidden freeformCameraCompatMode=inactive}}}, pipTask = null, remoteTransition = null, displayChange = null, flags = 0, debugId = 109 }
03-10 13:52:55.299   578  2287 I ActivityTaskManager: START u0 {act=android.intent.action.MAIN cat=[android.intent.category.LAUNCHER] flg=0x10200000 cmp=eu.europa.ec.euidi.dev/eu.europa.ec.assemblylogic.ui.MainActivity} with LAUNCH_SINGLE_TASK from uid 2000 (BAL_ALLOW_PERMISSION) result code=0
03-10 13:52:55.305   578  1812 I AppsFilter: interaction: PackageSetting{9282c06 io.appium.uiautomator2.server.test/10233} -> PackageSetting{5f824fb eu.europa.ec.euidi.dev/10231} BLOCKED
03-10 13:52:55.305   578  1812 I AppsFilter: interaction: PackageSetting{79dc0f4 io.appium.uiautomator2.server/10232} -> PackageSetting{5f824fb eu.europa.ec.euidi.dev/10231} BLOCKED
03-10 13:52:55.305   858   895 D WindowManagerShell: setLauncherKeepClearAreaHeight: visible=false, height=527
03-10 13:52:55.312   578   604 D CoreBackPreview: Window{7c6c9df u0 Splash Screen eu.europa.ec.euidi.dev}: Setting back callback OnBackInvokedCallbackInfo{mCallback=android.window.IOnBackInvokedCallback$Stub$Proxy@f0cfec4, mPriority=0, mIsAnimationCallback=false}
03-10 13:52:55.314   578   641 I ActivityManager: Start proc 16176:eu.europa.ec.euidi.dev/u0a231 for next-top-activity {eu.europa.ec.euidi.dev/eu.europa.ec.assemblylogic.ui.MainActivity}
03-10 13:52:55.328   578   630 V WindowManager: Sent Transition (#109) createdAt=03-10 13:52:55.295 via request=TransitionRequestInfo { type = OPEN, triggerTask = TaskInfo{userId=0 taskId=1708 displayId=0 isRunning=true baseIntent=Intent { act=android.intent.action.MAIN cat=[android.intent.category.LAUNCHER] flg=0x10200000 cmp=eu.europa.ec.euidi.dev/eu.europa.ec.assemblylogic.ui.MainActivity } baseActivity=ComponentInfo{eu.europa.ec.euidi.dev/eu.europa.ec.assemblylogic.ui.MainActivity} topActivity=ComponentInfo{eu.europa.ec.euidi.dev/eu.europa.ec.assemblylogic.ui.MainActivity} origActivity=null realActivity=ComponentInfo{eu.europa.ec.euidi.dev/eu.europa.ec.assemblylogic.ui.MainActivity} numActivities=1 lastActiveTime=6017542 supportsMultiWindow=true resizeMode=1 isResizeable=true minWidth=-1 minHeight=-1 defaultMinSize=220 token=WCT{RemoteToken{dcac63a Task{4f42883 #1708 type=standard A=10231:eu.europa.ec.euidi.dev}}} topActivityType=1 pictureInPictureParams=null shouldDockBigOverlays=false launchIntoPipHostTaskId=-1 lastParentTaskIdBeforePip=-1 displayCutoutSafeInsets=Rect(0, 132 - 0, 0) topActivityInfo=ActivityInfo{b46e6e1 eu.europa.ec.assemblylogic.ui.MainActivity} launchCookies=[] positionInParent=Point(0, 0) parentTaskId=-1 isFocused=false isVisible=false isVisibleRequested=false isSleeping=false locusId=null displayAreaFeatureId=1 isTopActivityTransparent=false appCompatTaskInfo=AppCompatTaskInfo { topActivityInSizeCompat=false topActivityEligibleForLetterboxEducation= falseisLetterboxEducationEnabled= true isLetterboxDoubleTapEnabled= false topActivityEligibleForUserAspectRatioButton= false topActivityBoundsLetterboxed= false isFromLetterboxDoubleTap= false topActivityLetterboxVerticalPosition= -1 topActivityLetterboxHorizontalPosition= -1 topActivityLetterboxWidth=1080 topActivityLetterboxHeight=2400 isUserFullscreenOverrideEnabled=false isSystemFullscreenOverrideEnabled=false cameraCompatTaskInfo=CameraCompatTaskInfo { cameraCompatControlState=hidden freeformCameraCompatMode=inactive}}}, pipTask = null, remoteTransition = null, displayChange = null, flags = 0, debugId = 109 }
03-10 13:52:55.328   578   630 V WindowManager:     startWCT=WindowContainerTransaction { changes = {} hops = [] errorCallbackToken=null taskFragmentOrganizer=null }
03-10 13:52:55.329   578   630 V WindowManager:     info={id=109 t=OPEN f=0x0 trk=0 r=[0@Point(0, 0)] c=[
03-10 13:52:55.329   578   630 V WindowManager:         {WCT{RemoteToken{dcac63a Task{4f42883 #1708 type=standard A=10231:eu.europa.ec.euidi.dev}}} m=OPEN f=NONE leash=Surface(name=Task=1708)/@0xaeb625c sb=Rect(0, 0 - 1080, 2400) eb=Rect(0, 0 - 1080, 2400) d=0 taskParent=-1},
03-10 13:52:55.329   578   630 V WindowManager:         {WCT{RemoteToken{730c082 Task{4025656 #1 type=home}}} m=TO_BACK f=SHOW_WALLPAPER leash=Surface(name=Task=1)/@0xffea104 sb=Rect(0, 0 - 1080, 2400) eb=Rect(0, 0 - 1080, 2400) d=0 taskParent=-1}
03-10 13:52:55.329   578   630 V WindowManager:     ]}
03-10 13:52:55.329   858  1340 V WindowManagerShell: onTransitionReady(transaction=2482491103344)
03-10 13:52:55.329   858   895 V WindowManagerShell: onTransitionReady (#109) android.os.BinderProxy@571c0bb: {id=109 t=OPEN f=0x0 trk=0 r=[0@Point(0, 0)] c=[{WCT{android.window.IWindowContainerToken$Stub$Proxy@cabc908} m=OPEN f=NONE leash=Surface(name=Task=1708)/@0xc71cf25 sb=Rect(0, 0 - 1080, 2400) eb=Rect(0, 0 - 1080, 2400) d=0 taskParent=-1},{WCT{android.window.IWindowContainerToken$Stub$Proxy@9538a1} m=TO_BACK f=SHOW_WALLPAPER leash=Surface(name=Task=1)/@0x530a8fa sb=Rect(0, 0 - 1080, 2400) eb=Rect(0, 0 - 1080, 2400) d=0 taskParent=-1}]}
03-10 13:52:55.329   858   895 V WindowManagerShell: Playing animation for (#109) android.os.BinderProxy@571c0bb@0
03-10 13:52:55.329   858   895 V WindowManagerShell:  try handler com.android.wm.shell.transition.DefaultMixedHandler@1d1cff4
03-10 13:52:55.329   858   895 V WindowManagerShell:  try handler com.android.wm.shell.keyguard.KeyguardTransitionHandler@e6a131d
03-10 13:52:55.329   858   895 V WindowManagerShell:  try handler com.android.wm.shell.pip.PipTransition@a6b2992
03-10 13:52:55.330   858   895 V WindowManagerShell:  try handler com.android.wm.shell.activityembedding.ActivityEmbeddingController@f375f63
03-10 13:52:55.330   858   895 V WindowManagerShell:  try handler com.android.wm.shell.recents.RecentsTransitionHandler@335f760
03-10 13:52:55.330   858   895 V ShellRecents: RecentsTransitionHandler.startAnimation: no controller found
03-10 13:52:55.330   858   895 V WindowManagerShell:  try handler com.android.wm.shell.splitscreen.StageCoordinator@399c419
03-10 13:52:55.330   858   895 V WindowManagerShell:  try handler com.android.wm.shell.transition.RemoteTransitionHandler@68e4cde
03-10 13:52:55.330   858   895 V WindowManagerShell: Transition doesn't have explicit remote, search filters for match for {id=109 t=OPEN f=0x0 trk=0 r=[0@Point(0, 0)] c=[{WCT{android.window.IWindowContainerToken$Stub$Proxy@cabc908} m=OPEN f=NONE leash=Surface(name=Task=1708)/@0xc71cf25 sb=Rect(0, 0 - 1080, 2400) eb=Rect(0, 0 - 1080, 2400) d=0 taskParent=-1},{WCT{android.window.IWindowContainerToken$Stub$Proxy@9538a1} m=TO_BACK f=SHOW_WALLPAPER leash=Surface(name=Task=1)/@0x530a8fa sb=Rect(0, 0 - 1080, 2400) eb=Rect(0, 0 - 1080, 2400) d=0 taskParent=-1}]}
03-10 13:52:55.330   858   895 V WindowManagerShell:  Checking filter Pair{{types=[] flags=0x0] notFlags=0x0 checks=[{atype=undefined independent=true modes=[OPEN,TO_FRONT] flags=IN_TASK_WITH_EMBEDDED_ACTIVITY mustBeTask=false order=ANY topActivity=ComponentInfo{com.google.android.apps.nexuslauncher/com.google.android.apps.nexuslauncher.NexusLauncherActivity} launchCookie=null},{atype=undefined independent=true modes=[CLOSE,TO_BACK] flags=IN_TASK_WITH_EMBEDDED_ACTIVITY mustBeTask=false order=ANY topActivity=null launchCookie=null}]} RemoteTransition { remoteTransition = android.window.IRemoteTransition$Stub$Proxy@34966ea, appThread = android.app.IApplicationThread$Stub$Proxy@6984ddb, debugName = OverlaySwipeBack }}
03-10 13:52:55.330   858   895 V WindowManagerShell:  Checking filter Pair{{types=[] flags=0x0] notFlags=0x0 checks=[{atype=dream independent=true modes=[OPEN,TO_FRONT] flags=NONE mustBeTask=false order=ANY topActivity=null launchCookie=null},{atype=home independent=true modes=[CLOSE,TO_BACK] flags=NONE mustBeTask=false order=ANY topActivity=null launchCookie=null}]} RemoteTransition { remoteTransition = android.window.IRemoteTransition$Stub$Proxy@8f41078, appThread = android.app.IApplicationThread$Stub$Proxy@1bfc351, debugName = LauncherToDream }}
03-10 13:52:55.330   858   895 V WindowManagerShell:  Checking filter Pair{{types=[] flags=0x0] notFlags=0x100 checks=[{atype=home independent=true modes=[OPEN,TO_FRONT] flags=NONE mustBeTask=false order=TOP topActivity=ComponentInfo{com.google.android.apps.nexuslauncher/com.google.android.apps.nexuslauncher.NexusLauncherActivity} launchCookie=null},{atype=standard independent=true modes=[CLOSE,TO_BACK] flags=NONE mustBeTask=false order=ANY topActivity=null launchCookie=null}]} RemoteTransition { remoteTransition = android.window.IRemoteTransition$Stub$Proxy@dcf07b6, appThread = android.app.IApplicationThread$Stub$Proxy@243ecb7, debugName = QuickstepLaunchHome }}
03-10 13:52:55.330   858   895 V WindowManagerShell:  Delegate animation for (#109) to null
03-10 13:52:55.330   858   895 V WindowManagerShell:  try handler com.android.wm.shell.transition.DefaultTransitionHandler@7b68ebf
03-10 13:52:55.330   858   895 V WindowManagerShell: start default transition animation, info = {id=109 t=OPEN f=0x0 trk=0 r=[0@Point(0, 0)] c=[{WCT{android.window.IWindowContainerToken$Stub$Proxy@cabc908} m=OPEN f=NONE leash=Surface(name=Task=1708)/@0xc71cf25 sb=Rect(0, 0 - 1080, 2400) eb=Rect(0, 0 - 1080, 2400) d=0 taskParent=-1},{WCT{android.window.IWindowContainerToken$Stub$Proxy@9538a1} m=TO_BACK f=SHOW_WALLPAPER leash=Surface(name=Task=1)/@0x530a8fa sb=Rect(0, 0 - 1080, 2400) eb=Rect(0, 0 - 1080, 2400) d=0 taskParent=-1}]}
03-10 13:52:55.330   858   895 V WindowManagerShell: loadAnimation: anim=android.view.animation.AnimationSet@4505ac6 animAttr=0x13 type=OPEN isEntrance=false
03-10 13:52:55.330   858   895 V WindowManagerShell: loadAnimation: anim=android.view.animation.AnimationSet@d032a87 animAttr=0x12 type=OPEN isEntrance=true
03-10 13:52:55.331   858   895 V WindowManagerShell:  animated by com.android.wm.shell.transition.DefaultTransitionHandler@7b68ebf
03-10 13:52:55.337   578   604 W UserManagerService: Requested status bar icon for non-badged user 0
03-10 13:52:55.373   578   604 W OptProp : Cannot read opt property android.window.PROPERTY_COMPAT_ENABLE_FAKE_FOCUS
03-10 13:52:55.446   578   604 D CoreBackPreview: Window{464a51 u0 eu.europa.ec.euidi.dev/eu.europa.ec.assemblylogic.ui.MainActivity}: Setting back callback OnBackInvokedCallbackInfo{mCallback=android.window.IOnBackInvokedCallback$Stub$Proxy@a5aec53, mPriority=0, mIsAnimationCallback=false}
03-10 13:52:55.528   578  2287 W PackageConfigPersister: App-specific configuration not found for packageName: eu.europa.ec.euidi.dev and userId: 0
03-10 13:52:55.627   858   895 V WindowManagerShell: Transition animation finished (aborted=false), notifying core (#109) android.os.BinderProxy@571c0bb@0
03-10 13:52:55.633   578   630 V WindowManager: Finish Transition (#109): created at 03-10 13:52:55.295 collect-started=0.153ms request-sent=3.959ms started=8.17ms ready=31.118ms sent=32.567ms finished=338.121ms
03-10 13:52:55.636   858   895 V WindowManagerShell: Track 0 became idle
03-10 13:52:55.636   858   895 V WindowManagerShell: All active transition animations finished
03-10 13:52:55.637   578  1812 W UserManagerService: Requested status bar icon for non-badged user 0
03-10 13:52:55.639   578  1812 W UserManagerService: Requested status bar icon for non-badged user 0
03-10 13:52:55.819   578   578 W AccessibilityManagerService:  wait for adding window timeout: 537
03-10 13:52:55.852   578  1812 D CoreBackPreview: Window{7c6c9df u0 Splash Screen eu.europa.ec.euidi.dev EXITING}: Setting back callback null
03-10 13:52:57.684   578   604 W PackageConfigPersister: App-specific configuration not found for packageName: eu.europa.ec.euidi.dev and userId: 0
03-10 13:52:57.694   578   604 W PackageConfigPersister: App-specific configuration not found for packageName: eu.europa.ec.euidi.dev and userId: 0
03-10 13:52:57.725   578   604 D ImeInsetsSourceProvider: showImePostLayout cancelled, isScheduledAndReadyToShowIme: false, mImeRequester: Window{464a51 u0 eu.europa.ec.euidi.dev/eu.europa.ec.assemblylogic.ui.MainActivity}, serverVisible: false, frozen: false, mWindowContainer is: non-null, windowState: Window{60e3354 u0 InputMethod}, isDrawn: false, mGivenInsetsPending: false, dcTarget: Window{464a51 u0 eu.europa.ec.euidi.dev/eu.europa.ec.assemblylogic.ui.MainActivity}, controlTarget: Window{464a51 u0 eu.europa.ec.euidi.dev/eu.europa.ec.assemblylogic.ui.MainActivity}
03-10 13:52:57.725   578   604 D ImeInsetsSourceProvider: controlTarget == DisplayContent.controlTarget: true, hasPendingControls: false, leash is: non-null, isImeLayeringTarget: true, isAboveImeLayeringTarget: false, isImeFallbackTarget: false, isImeInputTarget: true, sameAsImeControlTarget: true
03-10 13:52:57.771   858   895 D WindowManagerShell: onKeepClearAreasChanged: restricted={}, unrestricted={Rect(0, 1633 - 1080, 2400)}
03-10 13:52:58.212   578  2287 I ActivityManager: Force stopping eu.europa.ec.euidi.dev appid=10231 user=0: from pid 16282
03-10 13:52:58.217   578   631 D DisplayManagerService: Drop pending events for gone uid 10231
03-10 13:52:58.219   578  2287 I ActivityManager: Killing 16176:eu.europa.ec.euidi.dev/u0a231 (adj 0): stop eu.europa.ec.euidi.dev due to from pid 16282
03-10 13:52:58.220   578  2287 W ActivityTaskManager: Force removing ActivityRecord{2a6e332 u0 eu.europa.ec.euidi.dev/eu.europa.ec.assemblylogic.ui.MainActivity t1708 f}}: app died, no saved state
03-10 13:52:58.221   858   895 V WindowManagerShell: Transition requested (#110): android.os.BinderProxy@74b0176 TransitionRequestInfo { type = CLOSE, triggerTask = TaskInfo{userId=0 taskId=1708 displayId=0 isRunning=false baseIntent=Intent { act=android.intent.action.MAIN cat=[android.intent.category.LAUNCHER] flg=0x10200000 cmp=eu.europa.ec.euidi.dev/eu.europa.ec.assemblylogic.ui.MainActivity } baseActivity=null topActivity=null origActivity=null realActivity=ComponentInfo{eu.europa.ec.euidi.dev/eu.europa.ec.assemblylogic.ui.MainActivity} numActivities=0 lastActiveTime=6017616 supportsMultiWindow=true resizeMode=1 isResizeable=true minWidth=-1 minHeight=-1 defaultMinSize=220 token=WCT{android.window.IWindowContainerToken$Stub$Proxy@ca5c377} topActivityType=1 pictureInPictureParams=null shouldDockBigOverlays=false launchIntoPipHostTaskId=-1 lastParentTaskIdBeforePip=-1 displayCutoutSafeInsets=Rect(0, 132 - 0, 0) topActivityInfo=null launchCookies=[] positionInParent=Point(0, 0) parentTaskId=-1 isFocused=true isVisible=true isVisibleRequested=true isSleeping=false locusId=null displayAreaFeatureId=1 isTopActivityTransparent=false appCompatTaskInfo=AppCompatTaskInfo { topActivityInSizeCompat=false topActivityEligibleForLetterboxEducation= falseisLetterboxEducationEnabled= false isLetterboxDoubleTapEnabled= false topActivityEligibleForUserAspectRatioButton= false topActivityBoundsLetterboxed= false isFromLetterboxDoubleTap= false topActivityLetterboxVerticalPosition= -1 topActivityLetterboxHorizontalPosition= -1 topActivityLetterboxWidth=-1 topActivityLetterboxHeight=-1 isUserFullscreenOverrideEnabled=false isSystemFullscreenOverrideEnabled=false cameraCompatTaskInfo=CameraCompatTaskInfo { cameraCompatControlState=hidden freeformCameraCompatMode=inactive}}}, pipTask = null, remoteTransition = null, displayChange = null, flags = 0, debugId = 110 }
03-10 13:52:58.232   858   895 D WindowManagerShell: onKeepClearAreasChanged: restricted={}, unrestricted={}
03-10 13:52:58.233   578  2287 I AppsFilter: interaction: PackageSetting{9282c06 io.appium.uiautomator2.server.test/10233} -> PackageSetting{8f41f68 eu.europa.ec.euidi.dev/10231} BLOCKED
03-10 13:52:58.233   578  2287 I AppsFilter: interaction: PackageSetting{79dc0f4 io.appium.uiautomator2.server/10232} -> PackageSetting{8f41f68 eu.europa.ec.euidi.dev/10231} BLOCKED
03-10 13:52:58.234   858   895 D WindowManagerShell: setLauncherKeepClearAreaHeight: visible=true, height=527
03-10 13:52:58.235   578  1813 V ActivityManager: Got obituary of 16176:eu.europa.ec.euidi.dev
03-10 13:52:58.236   578  1095 I WindowManager: WIN DEATH: Window{464a51 u0 eu.europa.ec.euidi.dev/eu.europa.ec.assemblylogic.ui.MainActivity}
03-10 13:52:58.238   578  2480 W ActivityManager: pid 1562 com.google.android.inputmethod.latin sent binder code 1 with flags 1 to frozen apps and got error -32
03-10 13:52:58.238   578  2480 D ActivityManager: Too many transaction errors, throttling freezer binder callback.
03-10 13:52:58.240   578   633 W ActivityManager: setHasOverlayUi called on unknown pid: 16176
03-10 13:52:58.264   858   895 D WindowManagerShell: onKeepClearAreasChanged: restricted={}, unrestricted={Rect(0, 1633 - 1080, 2400)}
03-10 13:52:58.264   578   633 V WindowManager: Unknown focus tokens, dropping reportFocusChanged
03-10 13:52:58.286   858   870 V WindowManagerShell: onTransitionReady(transaction=2482491103395)
03-10 13:52:58.288   858   895 V WindowManagerShell: onTransitionReady (#110) android.os.BinderProxy@74b0176: {id=110 t=CLOSE f=0x0 trk=0 r=[0@Point(0, 0)] c=[{WCT{android.window.IWindowContainerToken$Stub$Proxy@afaa250} m=TO_FRONT f=SHOW_WALLPAPER|MOVE_TO_TOP leash=Surface(name=Task=1)/@0x92cabe4 sb=Rect(0, 0 - 1080, 2400) eb=Rect(0, 0 - 1080, 2400) d=0 taskParent=-1},{WCT{android.window.IWindowContainerToken$Stub$Proxy@40bac49} m=CLOSE f=NONE leash=Surface(name=Task=1708)/@0xabcd84d sb=Rect(0, 0 - 1080, 2400) eb=Rect(0, 0 - 1080, 2400) d=0 taskParent=-1},{null m=TO_FRONT f=IS_WALLPAPER leash=Surface(name=WallpaperWindowToken{3a7ad08 token=android.os.Binder@43d42ab})/@0x4ddbf02 sb=Rect(0, 0 - 1080, 2400) eb=Rect(0, 0 - 1080, 2400) d=0}]}
03-10 13:52:58.288   858   895 V WindowManagerShell: Playing animation for (#110) android.os.BinderProxy@74b0176@0
03-10 13:52:58.288   858   895 V WindowManagerShell:  try handler com.android.wm.shell.transition.DefaultMixedHandler@1d1cff4
03-10 13:52:58.288   858   895 V WindowManagerShell:  try handler com.android.wm.shell.keyguard.KeyguardTransitionHandler@e6a131d
03-10 13:52:58.288   858   895 V WindowManagerShell:  try handler com.android.wm.shell.pip.PipTransition@a6b2992
03-10 13:52:58.288   858   895 V WindowManagerShell:  try handler com.android.wm.shell.activityembedding.ActivityEmbeddingController@f375f63
03-10 13:52:58.288   858   895 V WindowManagerShell:  try handler com.android.wm.shell.recents.RecentsTransitionHandler@335f760
03-10 13:52:58.289   858   895 V ShellRecents: RecentsTransitionHandler.startAnimation: no controller found
03-10 13:52:58.289   858   895 V WindowManagerShell:  try handler com.android.wm.shell.splitscreen.StageCoordinator@399c419
03-10 13:52:58.289   858   895 V WindowManagerShell:  try handler com.android.wm.shell.transition.RemoteTransitionHandler@68e4cde
03-10 13:52:58.290   858   895 V WindowManagerShell: Transition doesn't have explicit remote, search filters for match for {id=110 t=CLOSE f=0x0 trk=0 r=[0@Point(0, 0)] c=[{WCT{android.window.IWindowContainerToken$Stub$Proxy@afaa250} m=TO_FRONT f=SHOW_WALLPAPER|MOVE_TO_TOP leash=Surface(name=Task=1)/@0x92cabe4 sb=Rect(0, 0 - 1080, 2400) eb=Rect(0, 0 - 1080, 2400) d=0 taskParent=-1},{WCT{android.window.IWindowContainerToken$Stub$Proxy@40bac49} m=CLOSE f=NONE leash=Surface(name=Task=1708)/@0xabcd84d sb=Rect(0, 0 - 1080, 2400) eb=Rect(0, 0 - 1080, 2400) d=0 taskParent=-1},{null m=TO_FRONT f=IS_WALLPAPER leash=Surface(name=WallpaperWindowToken{3a7ad08 token=android.os.Binder@43d42ab})/@0x4ddbf02 sb=Rect(0, 0 - 1080, 2400) eb=Rect(0, 0 - 1080, 2400) d=0}]}
03-10 13:52:58.290   858   895 V WindowManagerShell:  Checking filter Pair{{types=[] flags=0x0] notFlags=0x0 checks=[{atype=undefined independent=true modes=[OPEN,TO_FRONT] flags=IN_TASK_WITH_EMBEDDED_ACTIVITY mustBeTask=false order=ANY topActivity=ComponentInfo{com.google.android.apps.nexuslauncher/com.google.android.apps.nexuslauncher.NexusLauncherActivity} launchCookie=null},{atype=undefined independent=true modes=[CLOSE,TO_BACK] flags=IN_TASK_WITH_EMBEDDED_ACTIVITY mustBeTask=false order=ANY topActivity=null launchCookie=null}]} RemoteTransition { remoteTransition = android.window.IRemoteTransition$Stub$Proxy@34966ea, appThread = android.app.IApplicationThread$Stub$Proxy@6984ddb, debugName = OverlaySwipeBack }}
03-10 13:52:58.290   858   895 V WindowManagerShell:  Checking filter Pair{{types=[] flags=0x0] notFlags=0x0 checks=[{atype=dream independent=true modes=[OPEN,TO_FRONT] flags=NONE mustBeTask=false order=ANY topActivity=null launchCookie=null},{atype=home independent=true modes=[CLOSE,TO_BACK] flags=NONE mustBeTask=false order=ANY topActivity=null launchCookie=null}]} RemoteTransition { remoteTransition = android.window.IRemoteTransition$Stub$Proxy@8f41078, appThread = android.app.IApplicationThread$Stub$Proxy@1bfc351, debugName = LauncherToDream }}
03-10 13:52:58.290   858   895 V WindowManagerShell:  Checking filter Pair{{types=[] flags=0x0] notFlags=0x100 checks=[{atype=home independent=true modes=[OPEN,TO_FRONT] flags=NONE mustBeTask=false order=TOP topActivity=ComponentInfo{com.google.android.apps.nexuslauncher/com.google.android.apps.nexuslauncher.NexusLauncherActivity} launchCookie=null},{atype=standard independent=true modes=[CLOSE,TO_BACK] flags=NONE mustBeTask=false order=ANY topActivity=null launchCookie=null}]} RemoteTransition { remoteTransition = android.window.IRemoteTransition$Stub$Proxy@dcf07b6, appThread = android.app.IApplicationThread$Stub$Proxy@243ecb7, debugName = QuickstepLaunchHome }}
03-10 13:52:58.290   858   895 D RemoteTransitionHandler: Found filterPair{{types=[] flags=0x0] notFlags=0x100 checks=[{atype=home independent=true modes=[OPEN,TO_FRONT] flags=NONE mustBeTask=false order=TOP topActivity=ComponentInfo{com.google.android.apps.nexuslauncher/com.google.android.apps.nexuslauncher.NexusLauncherActivity} launchCookie=null},{atype=standard independent=true modes=[CLOSE,TO_BACK] flags=NONE mustBeTask=false order=ANY topActivity=null launchCookie=null}]} RemoteTransition { remoteTransition = android.window.IRemoteTransition$Stub$Proxy@dcf07b6, appThread = android.app.IApplicationThread$Stub$Proxy@243ecb7, debugName = QuickstepLaunchHome }}
03-10 13:52:58.290   858   895 V WindowManagerShell:  Delegate animation for (#110) to RemoteTransition { remoteTransition = android.window.IRemoteTransition$Stub$Proxy@dcf07b6, appThread = android.app.IApplicationThread$Stub$Proxy@243ecb7, debugName = QuickstepLaunchHome }
03-10 13:52:58.303   578   630 V WindowManager: Sent Transition (#110) createdAt=03-10 13:52:58.220 via request=TransitionRequestInfo { type = CLOSE, triggerTask = TaskInfo{userId=0 taskId=1708 displayId=0 isRunning=false baseIntent=Intent { act=android.intent.action.MAIN cat=[android.intent.category.LAUNCHER] flg=0x10200000 cmp=eu.europa.ec.euidi.dev/eu.europa.ec.assemblylogic.ui.MainActivity } baseActivity=null topActivity=null origActivity=null realActivity=ComponentInfo{eu.europa.ec.euidi.dev/eu.europa.ec.assemblylogic.ui.MainActivity} numActivities=0 lastActiveTime=6017616 supportsMultiWindow=true resizeMode=1 isResizeable=true minWidth=-1 minHeight=-1 defaultMinSize=220 token=WCT{RemoteToken{dcac63a Task{4f42883 #1708 type=standard A=10231:eu.europa.ec.euidi.dev}}} topActivityType=1 pictureInPictureParams=null shouldDockBigOverlays=false launchIntoPipHostTaskId=-1 lastParentTaskIdBeforePip=-1 displayCutoutSafeInsets=Rect(0, 132 - 0, 0) topActivityInfo=null launchCookies=[] positionInParent=Point(0, 0) parentTaskId=-1 isFocused=true isVisible=true isVisibleRequested=true isSleeping=false locusId=null displayAreaFeatureId=1 isTopActivityTransparent=false appCompatTaskInfo=AppCompatTaskInfo { topActivityInSizeCompat=false topActivityEligibleForLetterboxEducation= falseisLetterboxEducationEnabled= false isLetterboxDoubleTapEnabled= false topActivityEligibleForUserAspectRatioButton= false topActivityBoundsLetterboxed= false isFromLetterboxDoubleTap= false topActivityLetterboxVerticalPosition= -1 topActivityLetterboxHorizontalPosition= -1 topActivityLetterboxWidth=-1 topActivityLetterboxHeight=-1 isUserFullscreenOverrideEnabled=false isSystemFullscreenOverrideEnabled=false cameraCompatTaskInfo=CameraCompatTaskInfo { cameraCompatControlState=hidden freeformCameraCompatMode=inactive}}}, pipTask = null, remoteTransition = null, displayChange = null, flags = 0, debugId = 110 }
03-10 13:52:58.303   578   630 V WindowManager:     startWCT=WindowContainerTransaction { changes = {} hops = [] errorCallbackToken=null taskFragmentOrganizer=null }
03-10 13:52:58.303   578   630 V WindowManager:     info={id=110 t=CLOSE f=0x0 trk=0 r=[0@Point(0, 0)] c=[
03-10 13:52:58.303   578   630 V WindowManager:         {WCT{RemoteToken{730c082 Task{4025656 #1 type=home}}} m=TO_FRONT f=SHOW_WALLPAPER|MOVE_TO_TOP leash=Surface(name=Task=1)/@0xffea104 sb=Rect(0, 0 - 1080, 2400) eb=Rect(0, 0 - 1080, 2400) d=0 taskParent=-1},
03-10 13:52:58.303   578   630 V WindowManager:         {WCT{RemoteToken{dcac63a Task{4f42883 #1708 type=standard A=10231:eu.europa.ec.euidi.dev}}} m=CLOSE f=NONE leash=Surface(name=Task=1708)/@0xaeb625c sb=Rect(0, 0 - 1080, 2400) eb=Rect(0, 0 - 1080, 2400) d=0 taskParent=-1},
03-10 13:52:58.303   578   630 V WindowManager:         {null m=TO_FRONT f=IS_WALLPAPER leash=Surface(name=WallpaperWindowToken{3a7ad08 token=android.os.Binder@43d42ab})/@0xc6f6996 sb=Rect(0, 0 - 1080, 2400) eb=Rect(0, 0 - 1080, 2400) d=0}
03-10 13:52:58.303   578   630 V WindowManager:     ]}
03-10 13:52:58.316   578  1549 E TaskPersister: File error accessing recents directory (directory doesn't exist?).
03-10 13:52:58.316   578   677 W UserManagerService: Requested status bar icon for non-badged user 0
03-10 13:52:58.317   858   895 V WindowManagerShell:  animated by com.android.wm.shell.transition.RemoteTransitionHandler@68e4cde
03-10 13:52:58.337   578  2480 I ActivityManager: Force stopping eu.europa.ec.euidi.dev appid=10231 user=0: clear data
03-10 13:52:58.337   578  2480 I WindowManager:   Force removing ActivityRecord{2a6e332 u0 eu.europa.ec.euidi.dev/eu.europa.ec.assemblylogic.ui.MainActivity t1708 f} isExiting}
03-10 13:52:58.337   578  2480 W WindowManager: removeAppToken: Attempted to remove non-existing token: Token{89f5a00 ActivityRecord{2a6e332 u0 eu.europa.ec.euidi.dev/eu.europa.ec.assemblylogic.ui.MainActivity t1708 f} isExiting}}
03-10 13:52:58.342   578   640 I ActivityManager: Force stopping eu.europa.ec.euidi.dev appid=10231 user=-1: clearApplicationUserData
03-10 13:52:58.342   578   640 I WindowManager:   Force removing ActivityRecord{2a6e332 u0 eu.europa.ec.euidi.dev/eu.europa.ec.assemblylogic.ui.MainActivity t1708 f} isExiting}
03-10 13:52:58.342   578   640 W WindowManager: removeAppToken: Attempted to remove non-existing token: Token{89f5a00 ActivityRecord{2a6e332 u0 eu.europa.ec.euidi.dev/eu.europa.ec.assemblylogic.ui.MainActivity t1708 f} isExiting}}
03-10 13:52:58.344   578  1549 E TaskPersister: File error accessing recents directory (directory doesn't exist?).
03-10 13:52:58.345   182   194 I keystore2: system/security/keystore2/src/maintenance.rs:341 - clearNamespace(r#APP, nspace=10231)
03-10 13:52:58.354   578   677 W PackageConfigPersister: App-specific configuration not found for packageName: com.google.android.apps.nexuslauncher and userId: 0
03-10 13:52:58.357   858   895 D WindowManagerShell: onKeepClearAreasChanged: restricted={}, unrestricted={}
03-10 13:52:58.361   578   664 I AppsFilter: interaction: PackageSetting{9282c06 io.appium.uiautomator2.server.test/10233} -> PackageSetting{8f41f68 eu.europa.ec.euidi.dev/10231} BLOCKED
03-10 13:52:58.361   578   664 I AppsFilter: interaction: PackageSetting{79dc0f4 io.appium.uiautomator2.server/10232} -> PackageSetting{8f41f68 eu.europa.ec.euidi.dev/10231} BLOCKED
03-10 13:52:58.361   578   664 I AppsFilter: interaction: PackageSetting{9282c06 io.appium.uiautomator2.server.test/10233} -> PackageSetting{8f41f68 eu.europa.ec.euidi.dev/10231} BLOCKED
03-10 13:52:58.361   578   664 I AppsFilter: interaction: PackageSetting{79dc0f4 io.appium.uiautomator2.server/10232} -> PackageSetting{8f41f68 eu.europa.ec.euidi.dev/10231} BLOCKED
03-10 13:52:58.381   578   816 D ShortcutService: received package broadcast intent: Intent { act=android.intent.action.PACKAGE_DATA_CLEARED dat=package: flg=0x5000010 (has extras) }
03-10 13:52:58.381   578   816 D ShortcutService: clearing data for package: eu.europa.ec.euidi.dev userId0
03-10 13:52:58.381   578   816 D ShortcutService: handlePackageDataCleared: eu.europa.ec.euidi.dev user=0
03-10 13:52:58.381   578   816 D ShortcutService: rescanPackageIfNeeded 0@eu.europa.ec.euidi.dev, forceRescan=true , isNewApp=true
03-10 13:52:58.381   578   816 D ShortcutService: Package eu.europa.ec.euidi.dev has 0 manifest shortcut(s), and 0 share target(s)
03-10 13:52:58.394   578  2480 D CompatChangeReporter: Compat change id reported: 151861875; UID 10154; state: ENABLED
03-10 13:52:58.410   578   641 I ActivityManager: Start proc 16304:com.google.android.apps.docs/u0a154 for content provider {com.google.android.apps.docs/com.google.android.apps.docs.common.storagebackend.StorageBackendContentProvider}
03-10 13:52:58.481   578   816 D ShortcutService: Saving package item com.google.android.as to /data/system_ce/0/shortcut_service/launchers/com.google.android.as0.xml
03-10 13:52:58.496   578   816 D ShortcutService: Saving package item com.google.android.apps.nexuslauncher to /data/system_ce/0/shortcut_service/launchers/com.google.android.apps.nexuslauncher0.xml
03-10 13:52:58.505   578   816 D ShortcutService: Saving package item com.android.systemui to /data/system_ce/0/shortcut_service/launchers/com.android.systemui0.xml
03-10 13:52:58.636   578   677 D ShortcutService: rescanPackageIfNeeded 0@com.google.android.apps.docs, forceRescan=false , isNewApp=false
03-10 13:52:58.862   578   633 W AccessibilityWindowsPopulator: Windows change within in 2 frames continuously over 500 ms and notify windows changed immediately
03-10 13:52:58.909   858   895 V WindowManagerShell: Transition animation finished (aborted=false), notifying core (#110) android.os.BinderProxy@74b0176@0
03-10 13:52:58.911   578   630 V WindowManager: Finish Transition (#110): created at 03-10 13:52:58.220 collect-started=0.041ms request-sent=0.101ms started=11.238ms ready=61.405ms sent=65.345ms finished=690.74ms
03-10 13:52:58.913   578   902 W ActivityManager: pid 578 system sent binder code 7 with flags 1 to frozen apps and got error -32
03-10 13:52:58.913   578   902 D ActivityManager: Too many transaction errors, throttling freezer binder callback.
03-10 13:52:58.913   578   902 W WindowManager: Exception thrown during dispatchAppVisibility Window{464a51 u0 eu.europa.ec.euidi.dev/eu.europa.ec.assemblylogic.ui.MainActivity EXITING}
03-10 13:52:58.913   578   902 W WindowManager: android.os.DeadObjectException
03-10 13:52:58.913   578   902 W WindowManager: 	at android.os.BinderProxy.transactNative(Native Method)
03-10 13:52:58.913   578   902 W WindowManager: 	at android.os.BinderProxy.transact(BinderProxy.java:586)
03-10 13:52:58.913   578   902 W WindowManager: 	at android.view.IWindow$Stub$Proxy.dispatchAppVisibility(IWindow.java:553)
03-10 13:52:58.913   578   902 W WindowManager: 	at com.android.server.wm.WindowState.sendAppVisibilityToClients(WindowState.java:3253)
03-10 13:52:58.913   578   902 W WindowManager: 	at com.android.server.wm.WindowContainer.sendAppVisibilityToClients(WindowContainer.java:1289)
03-10 13:52:58.913   578   902 W WindowManager: 	at com.android.server.wm.WindowToken.setClientVisible(WindowToken.java:403)
03-10 13:52:58.913   578   902 W WindowManager: 	at com.android.server.wm.ActivityRecord.setClientVisible(ActivityRecord.java:7166)
03-10 13:52:58.913   578   902 W WindowManager: 	at com.android.server.wm.ActivityRecord.postApplyAnimation(ActivityRecord.java:5881)
03-10 13:52:58.913   578   902 W WindowManager: 	at com.android.server.wm.ActivityRecord.commitVisibility(ActivityRecord.java:5823)
03-10 13:52:58.913   578   902 W WindowManager: 	at com.android.server.wm.Transition.finishTransition(Transition.java:1286)
03-10 13:52:58.913   578   902 W WindowManager: 	at com.android.server.wm.TransitionController.finishTransition(TransitionController.java:937)
03-10 13:52:58.913   578   902 W WindowManager: 	at com.android.server.wm.WindowOrganizerController.finishTransition(WindowOrganizerController.java:494)
03-10 13:52:58.913   578   902 W WindowManager: 	at android.window.IWindowOrganizerController$Stub.onTransact(IWindowOrganizerController.java:289)
03-10 13:52:58.913   578   902 W WindowManager: 	at com.android.server.wm.WindowOrganizerController.onTransact(WindowOrganizerController.java:204)
03-10 13:52:58.913   578   902 W WindowManager: 	at android.os.Binder.execTransactInternal(Binder.java:1500)
03-10 13:52:58.913   578   902 W WindowManager: 	at android.os.Binder.execTransact(Binder.java:1444)
03-10 13:52:58.916   858   895 V WindowManagerShell: Track 0 became idle
03-10 13:52:58.916   858   895 V WindowManagerShell: All active transition animations finished
03-10 13:52:58.917   578   902 W UserManagerService: Requested status bar icon for non-badged user 0
03-10 13:52:58.917   578  2480 W UserManagerService: Requested status bar icon for non-badged user 0
03-10 13:52:59.367   578  2480 W MagnificationConnectionManager: requestConnection duplicated request: connect=false, mConnectionState=DISCONNECTED
03-10 13:52:59.367   578  2480 D AccessibilityManagerService: restoreCurrentUserForTestAutomationIfNeededLocked(): ignoring because device doesn't support visible background users
03-10 13:52:59.376   578   578 D BatterySaverPolicy: accessibility changed to false, updating policy.
03-10 13:52:59.382   578  2480 I ActivityManager: Force stopping io.appium.uiautomator2.server appid=10232 user=0: finished inst
03-10 13:52:59.383   578  2480 E ActivityManager: Unable to freeze binder for 16143: -11
03-10 13:52:59.384   578  2480 I ActivityManager: Killing 16143:io.appium.uiautomator2.server/u0a232 (adj 0): stop io.appium.uiautomator2.server due to finished inst
03-10 13:52:59.386   578   631 D DisplayManagerService: Drop pending events for gone uid 10232
03-10 13:52:59.418   578  1095 V ActivityManager: Got obituary of 16143:io.appium.uiautomator2.server
03-10 13:52:59.543   578  2531 I ActivityManager: Force stopping io.appium.uiautomator2.server.test appid=10233 user=0: from pid 16359
03-10 13:52:59.634   578   664 I AppsFilter: interaction: PackageSetting{9282c06 io.appium.uiautomator2.server.test/10233} -> PackageSetting{ffff562 com.google.android.apps.docs/10154} BLOCKED
03-10 13:52:59.634   578   664 I AppsFilter: interaction: PackageSetting{79dc0f4 io.appium.uiautomator2.server/10232} -> PackageSetting{ffff562 com.google.android.apps.docs/10154} BLOCKED
03-10 13:52:59.640   578   793 D AppWidgetServiceImpl: Trying to notify widget providers changed
03-10 13:52:59.642   578   816 D ShortcutService: received package broadcast intent: Intent { act=android.intent.action.PACKAGE_CHANGED dat=package: flg=0x45000010 (has extras) }
03-10 13:52:59.642   578   816 D ShortcutService: changing package: com.google.android.apps.docs userId0
03-10 13:52:59.642   578   816 D ShortcutService: handlePackageChanged: com.google.android.apps.docs user=0
03-10 13:52:59.642   578   816 D ShortcutService: rescanPackageIfNeeded 0@com.google.android.apps.docs, forceRescan=true , isNewApp=false
03-10 13:52:59.657   578  1796 W AppOpService: Ignored setUidMode call for runtime permission app op: uid = 10140, code = READ_CELL_BROADCASTS, mode = allow, callingUid = 1001, oldMode = allow
03-10 13:52:59.657   578   816 D ShortcutService: Package com.google.android.apps.docs has 3 manifest shortcut(s), and 1 share target(s)
03-10 13:52:59.657   578   816 D ShortcutService: Package com.google.android.apps.docs updated, version 213919836 -> 213919836
03-10 13:52:59.657   578   816 D ShortcutService: Package com.google.android.apps.docs: publishing manifest shortcuts
03-10 13:52:59.658   578  1796 W AppOpService: Ignored setUidMode call for runtime permission app op: uid = 1001, code = READ_SMS, mode = allow, callingUid = 1001, oldMode = allow
03-10 13:52:59.660   578  1812 W AppOpService: Ignored setUidMode call for runtime permission app op: uid = 1001, code = RECEIVE_SMS, mode = allow, callingUid = 1001, oldMode = allow
03-10 13:52:59.660   578  1796 W AppOpService: Ignored setUidMode call for runtime permission app op: uid = 1001, code = RECEIVE_WAP_PUSH, mode = allow, callingUid = 1001, oldMode = allow
03-10 13:52:59.661   578  1796 W AppOpService: Ignored setUidMode call for runtime permission app op: uid = 1001, code = SEND_SMS, mode = allow, callingUid = 1001, oldMode = allow
03-10 13:52:59.661   578  1796 W AppOpService: Ignored setUidMode call for runtime permission app op: uid = 1001, code = READ_CELL_BROADCASTS, mode = allow, callingUid = 1001, oldMode = allow
03-10 13:52:59.683   578   639 W MagnificationConnectionManager: requestConnection duplicated request: connect=false, mConnectionState=DISCONNECTED
03-10 13:52:59.742   578  1796 I ActivityManager: Force stopping io.appium.uiautomator2.server appid=10232 user=0: start instr
03-10 13:52:59.747   578  1796 D CompatChangeReporter: Compat change id reported: 135754954; UID 10232; state: ENABLED
03-10 13:52:59.747   578   641 D CompatChangeReporter: Compat change id reported: 143937733; UID 10232; state: ENABLED
03-10 13:52:59.751   578   641 I ActivityManager: Start proc 16375:io.appium.uiautomator2.server/u0a232 for added application io.appium.uiautomator2.server
03-10 13:52:59.757   578   816 D ShortcutService: Saving package item com.google.android.apps.docs to /data/system_ce/0/shortcut_service/packages/com.google.android.apps.docs.xml
03-10 13:52:59.757   578   639 D ShortcutService: Getting shortcuts for launcher= com.google.android.apps.nexuslauncheruser=0 pkg=com.google.android.apps.docs
03-10 13:52:59.761   578   639 D ShortcutService: Getting shortcuts for launcher= com.google.android.asuser=0 pkg=com.google.android.apps.docs
03-10 13:52:59.761   578   639 D ShortcutService: Getting shortcuts for launcher= com.android.systemuiuser=0 pkg=com.google.android.apps.docs
03-10 13:52:59.921   578  1796 I AppsFilter: interaction: PackageSetting{79dc0f4 io.appium.uiautomator2.server/10232} -> PackageSetting{b96f2c2 com.android.cts.priv.ctsshim/10184} BLOCKED
03-10 13:52:59.921   578  1796 I AppsFilter: interaction: PackageSetting{79dc0f4 io.appium.uiautomator2.server/10232} -> PackageSetting{148a8d3 com.google.android.youtube/10165} BLOCKED
03-10 13:52:59.921   578  1796 I AppsFilter: interaction: PackageSetting{79dc0f4 io.appium.uiautomator2.server/10232} -> PackageSetting{5925c10 com.android.internal.display.cutout.emulation.corner/10006} BLOCKED
03-10 13:52:59.921   578  1796 I AppsFilter: interaction: PackageSetting{79dc0f4 io.appium.uiautomator2.server/10232} -> PackageSetting{bbe4309 com.android.internal.display.cutout.emulation.double/10007} BLOCKED
03-10 13:52:59.921   578  1796 I AppsFilter: interaction: PackageSetting{79dc0f4 io.appium.uiautomator2.server/10232} -> PackageSetting{1e02104 io.appium.settings/10208} BLOCKED
03-10 13:52:59.921   578  1796 I AppsFilter: interaction: PackageSetting{79dc0f4 io.appium.uiautomator2.server/10232} -> PackageSetting{a65790e com.google.android.googlequicksearchbox/10145} BLOCKED
03-10 13:52:59.921   578  1796 I AppsFilter: interaction: PackageSetting{79dc0f4 io.appium.uiautomator2.server/10232} -> PackageSetting{6eaff2f com.google.android.onetimeinitializer/10130} BLOCKED
03-10 13:52:59.921   578  1796 I AppsFilter: interaction: PackageSetting{79dc0f4 io.appium.uiautomator2.server/10232} -> PackageSetting{929293c com.google.android.ext.shared/10117} BLOCKED
03-10 13:52:59.921   578  1796 I AppsFilter: interaction: PackageSetting{79dc0f4 io.appium.uiautomator2.server/10232} -> PackageSetting{17f06c5 com.android.virtualmachine.res/10186} BLOCKED
03-10 13:52:59.921   578  1796 I AppsFilter: interaction: PackageSetting{79dc0f4 io.appium.uiautomator2.server/10232} -> PackageSetting{884181a com.android.managedprovisioning.auto_generated_rro_product__/10042} BLOCKED
03-10 13:52:59.921   578  1796 I AppsFilter: interaction: PackageSetting{79dc0f4 io.appium.uiautomator2.server/10232} -> PackageSetting{db25f4b com.android.carrierconfig.auto_generated_rro_vendor__/10085} BLOCKED
03-10 13:52:59.921   578  1796 I AppsFilter: interaction: PackageSetting{79dc0f4 io.appium.uiautomator2.server/10232} -> PackageSetting{cfd9d28 com.google.android.server.deviceconfig.resources/10204} BLOCKED
03-10 13:52:59.921   578  1796 I AppsFilter: interaction: PackageSetting{79dc0f4 io.appium.uiautomator2.server/10232} -> PackageSetting{2ce4a41 com.android.systemui.emulation.pixel_3_xl/10054} BLOCKED
03-10 13:52:59.921   578  1796 I AppsFilter: interaction: PackageSetting{79dc0f4 io.appium.uiautomator2.server/10232} -> PackageSetting{bbb9be6 com.android.systemui.emulation.pixel_4_xl/10058} BLOCKED
03-10 13:52:59.921   578  1796 I AppsFilter: interaction: PackageSetting{79dc0f4 io.appium.uiautomator2.server/10232} -> PackageSetting{245a527 com.android.systemui.emulation.pixel_fold/10074} BLOCKED
03-10 13:52:59.921   578  1796 I AppsFilter: interaction: PackageSetting{79dc0f4 io.appium.uiautomator2.server/10232} -> PackageSetting{32363d4 com.android.providers.telephony.auto_generated_characteristics_rro/10079} BLOCKED
03-10 13:52:59.921   578  1796 I AppsFilter: interaction: PackageSetting{79dc0f4 io.appium.uiautomator2.server/10232} -> PackageSetting{874497d com.android.simappdialog.auto_generated_rro_product__/10051} BLOCKED
03-10 13:52:59.921   578  1796 I AppsFilter: interaction: PackageSetting{79dc0f4 io.appium.uiautomator2.server/10232} -> PackageSetting{b959072 com.android.htmlviewer/10121} BLOCKED
03-10 13:52:59.921   578  1796 I AppsFilter: interaction: PackageSetting{79dc0f4 io.appium.uiautomator2.server/10232} -> PackageSetting{add6cc3 com.google.android.health.connect.backuprestore/10195} BLOCKED
03-10 13:52:59.921   578  1796 I AppsFilter: interaction: PackageSetting{79dc0f4 io.appium.uiautomator2.server/10232} -> PackageSetting{93ce940 com.android.systemui.auto_generated_rro_product__/10075} BLOCKED
03-10 13:52:59.921   578  1796 I AppsFilter: interaction: PackageSetting{79dc0f4 io.appium.uiautomator2.server/10232} -> PackageSetting{5810079 com.google.android.apps.messaging/10140} BLOCKED
03-10 13:52:59.921   578  1796 I AppsFilter: interaction: PackageSetting{79dc0f4 io.appium.uiautomator2.server/10232} -> PackageSetting{ca841be com.google.android.soundpicker/10163} BLOCKED
03-10 13:52:59.921   578  1796 I AppsFilter: interaction: PackageSetting{79dc0f4 io.appium.uiautomator2.server/10232} -> PackageSetting{ea0121f com.google.android.marvin.talkbackoverlay/10086} BLOCKED
03-10 13:52:59.921   578  1796 I AppsFilter: interaction: PackageSetting{79dc0f4 io.appium.uiautomator2.server/10232} -> PackageSetting{2a7596c com.google.android.configupdater/10128} BLOCKED
03-10 13:52:59.921   578  1796 I AppsFilter: interaction: PackageSetting{79dc0f4 io.appium.uiautomator2.server/10232} -> PackageSetting{4082b35 com.android.internal.emulation.pixel_3a_xl/10016} BLOCKED
03-10 13:52:59.921   578  1796 I AppsFilter: interaction: PackageSetting{79dc0f4 io.appium.uiautomator2.server/10232} -> PackageSetting{4a2bbca com.android.internal.emulation.pixel_6_pro/10022} BLOCKED
03-10 13:52:59.921   578  1796 I AppsFilter: interaction: PackageSetting{79dc0f4 io.appium.uiautomator2.server/10232} -> PackageSetting{6bdb13b com.android.internal.emulation.pixel_7_pro/10024} BLOCKED
03-10 13:52:59.921   578  1796 I AppsFilter: interaction: PackageSetting{79dc0f4 io.appium.uiautomator2.server/10232} -> PackageSetting{966a058 com.android.internal.emulation.pixel_8_pro/10028} BLOCKED
03-10 13:52:59.921   578  1796 I AppsFilter: interaction: PackageSetting{79dc0f4 io.appium.uiautomator2.server/10232} -> PackageSetting{19d45b1 com.android.internal.emulation.pixel_9_pro/10030} BLOCKED
03-10 13:52:59.921   578  1796 I AppsFilter: interaction: PackageSetting{79dc0f4 io.appium.uiautomator2.server/10232} -> PackageSetting{318ca96 com.android.internal.emulation.pixel_3a/10015} BLOCKED
