05-22 10:11:57.283   687   687 E SettingsState: invalid override flag name adservices/fledge_auction_server_enable_pas_unlimited_egress
05-22 10:11:57.283   687   687 E SettingsState: invalid override flag name netd_native/max_cache_entries
05-22 10:11:57.283   687   687 E SettingsState: invalid override flag name device_personalization_services/PccFlogger__enable_pcc_flogger_backend
05-22 10:11:57.283   687   687 E SettingsState: invalid override flag name privacy/safety_center_show_subpages
05-22 10:11:57.283   687   687 E SettingsState: invalid override flag name device_personalization_services/VisualCortex__enable
05-22 10:11:57.283   687   687 E SettingsState: invalid override flag name aicore/AicSafety__use_flexible_safety_magic_rewrite_classifier
05-22 10:11:57.283   687   687 E SettingsState: invalid override flag name nnapi_native/telemetry_enable
05-22 10:11:57.283   687   687 E SettingsState: invalid override flag name device_personalization_services/NowPlaying__enable_now_playing_quick_settings
05-22 10:11:57.283   687   687 E SettingsState: invalid override flag name odad/max_low_cost_scanning_apps
05-22 10:11:57.283   687   687 E SettingsState: invalid override flag name odad/max_classification_reports
05-22 10:11:57.283   687   687 E SettingsState: invalid override flag name health_fitness/RateLimiter__max_write_requests_per_24h_background
05-22 10:11:57.283   687   687 E SettingsState: invalid override flag name adservices/fledge_background_fetch_thread_pool_size
05-22 10:11:57.283   687   687 E SettingsState: invalid override flag name connectivity/ipclient_multicast_ns_version
05-22 10:11:57.283   687   687 E SettingsState: invalid override flag name health_fitness/RateLimiter__max_read_requests_per_15m_foreground
05-22 10:11:57.283   687   687 E SettingsState: invalid override flag name adservices/topics_number_of_random_topics
05-22 10:11:57.283   687   687 E SettingsState: invalid override flag name runtime_native_boot/iorap_perfetto_enable
05-22 10:11:57.283   687   687 E SettingsState: invalid override flag name odad/phl_text_box_score
05-22 10:11:57.283   687   687 E SettingsState: invalid override flag name privacy/safety_label_changes_job_interval_millis
05-22 10:11:57.283   687   687 E SettingsState: invalid override flag name on_device_personalization/fcp_enable_authentication
05-22 10:11:57.283   687   687 E SettingsState: invalid override flag name package_manager_service/Archiving__enable_archiving
05-22 10:11:57.283   687   687 E SettingsState: invalid override flag name adservices/mdd_enrollment_manifest_file_url
05-22 10:11:57.283   687   687 E SettingsState: invalid override flag name adservices/protected_signals_cleanup_enabled
05-22 10:11:57.283   687   687 E SettingsState: invalid override flag name exo/use_target_dpi
05-22 10:11:57.283   687   687 E SettingsState: invalid override flag name adservices/topics_on_device_classifier_kill_switch
05-22 10:11:57.283   687   687 E SettingsState: invalid override flag name odad/safety_center_bll_warnings_v2_enabled
05-22 10:11:57.283   687   687 E SettingsState: invalid override flag name textclassifier/manifest_download_max_attempts
05-22 10:11:57.283   687   687 E SettingsState: invalid override flag name content_capture/content_protection_optional_groups_config
05-22 10:11:57.283   687   687 E SettingsState: invalid override flag name aicore/AicFeatures__features
05-22 10:11:57.283   687   687 E SettingsState: invalid override flag name adservices/enrollment_proto_file_enabled
05-22 10:11:57.283   687   687 E SettingsState: invalid override flag name odad/old_versioned_ww_data_enabled
05-22 10:11:57.283   687   687 E SettingsState: invalid override flag name adservices/measurement_async_registration_job_trigger_max_delay_ms
05-22 10:11:57.283   687   687 E SettingsState: invalid override flag name adservices/fledge_custom_audience_per_app_max_count
05-22 10:11:57.283   687   687 E SettingsState: invalid override flag name wifi/abnormal_connection_failure_bugreport_enabled
05-22 10:11:57.283   687   687 E SettingsState: invalid override flag name adservices/measurement_job_aggregate_reporting_kill_switch
05-22 10:11:57.283   687   687 E SettingsState: invalid override flag name device_personalization_services/SmartNotification__application_channel_verify_rules
05-22 10:11:57.283   687   687 E SettingsState: invalid override flag name aicore/AicFeatures__customer_packages
05-22 10:11:57.283   687   687 E SettingsState: invalid override flag name adservices/fledge_auction_server_key_fetch_metrics_enabled
05-22 10:11:57.283   687   687 E SettingsState: invalid override flag name odad/phl_clickable_text_view_score
05-22 10:11:57.283   687   687 E SettingsState: invalid override flag name connectivity/dhcp_init_reboot_enabled
05-22 10:11:57.283   687   687 E SettingsState: invalid override flag name adservices/measurement_enable_aggregatable_report_payload_padding
05-22 10:11:57.283   687   687 E SettingsState: invalid override flag name adservices/fledge_auction_server_join_key_fetch_uri
05-22 10:11:57.283   687   687 E SettingsState: invalid override flag name connectivity/dhcp_ip_conflict_detect_version
05-22 10:11:57.283   687   687 E SettingsState: invalid override flag name device_personalization_services/Captions__enable_drag_and_double_tap_to_resize
05-22 10:11:57.283   687   687 E SettingsState: invalid override flag name odad/bll_classifier_enabled
05-22 10:11:57.283   687   687 E SettingsState: invalid override flag name health_fitness/RateLimiter__max_read_requests_per_24h_background
05-22 10:11:57.283   687   687 E SettingsState: invalid override flag name adservices/measurement_max_sources_per_publisher
05-22 10:11:57.283   687   687 E SettingsState: invalid override flag name device_personalization_services/NowPlaying__enable_now_playing_ipc
05-22 10:11:57.283   687   687 E SettingsState: invalid override flag name privacy/safety_center_background_refresh_denied_sources
05-22 10:11:57.283   687   687 E SettingsState: invalid override flag name privacy/safety_center_background_requires_charging
05-22 10:11:57.283   687   687 E SettingsState: invalid override flag name odad/safety_center_killswitch
05-22 10:11:57.283   687   687 E SettingsState: invalid override flag name aicore/AicModels__mdd_manifest_config
05-22 10:11:57.283   687   687 E SettingsState: invalid override flag name aicore/AicCommon__serving_group_mismatch_exception_enabled
05-22 10:11:57.283   687   687 E SettingsState: invalid override flag name health_fitness/cloud_restore_enable
05-22 10:11:57.283   687   687 E SettingsState: invalid override flag name wifi/health_monitor_ratio_thr_numerator
05-22 10:11:57.283   687   687 E SettingsState: invalid override flag name credential_manager/credential_manager_service_search_uri
05-22 10:11:57.283   687   687 E SettingsState: invalid override flag name adservices/u18_ux_enabled
05-22 10:11:57.283   687   687 E SettingsState: invalid override flag name device_personalization_services/Captions__enable_augmented_modality_input
05-22 10:11:57.283   687   687 E SettingsState: invalid override flag name appsearch/contacts_indexer_enabled
05-22 10:11:57.283   687   687 E SettingsState: invalid override flag name aicore/AicSafety__messages_output_screen_classification_enabled
05-22 10:11:57.283   687   687 E SettingsState: invalid override flag name adservices/measurement_enable_event_level_epsilon_in_source
05-22 10:11:57.283   687   687 E SettingsState: invalid override flag name adservices/measurement_job_delete_uninstalled_kill_switch
05-22 10:11:57.283   687   687 E SettingsState: invalid override flag name connectivity/dhcp_rapid_commit_version
05-22 10:11:57.283   687   687 E SettingsState: invalid override flag name on_device_personalization/fcp_enable_encryption
05-22 10:11:57.283   687   687 E SettingsState: invalid override flag name device_personalization_services/NowPlaying__ambient_music_update_album_art_old_recognitions
05-22 10:11:57.283   687   687 E SettingsState: invalid override flag name adservices/measurement_max_triggers_per_destination
05-22 10:11:57.283   687   687 E SettingsState: invalid override flag name adservices/measurement_default_destination_limit_algorithm
05-22 10:11:57.283   687   687 E SettingsState: invalid override flag name adservices/fledge_debug_report_sender_job_period_ms
05-22 10:11:57.283   687   687 E SettingsState: invalid override flag name adservices/measurement_aggregate_reporting_job_required_network_type
05-22 10:11:57.283   687   687 E SettingsState: invalid override flag name odad/phl_autofill_hint_critical_score
05-22 10:11:57.283   687   687 E SettingsState: invalid override flag name adservices/fledge_background_fetch_network_connect_timeout_ms
05-22 10:11:57.283   687   687 E SettingsState: invalid override flag name device_personalization_services/NotificationAssistant__enable_service
05-22 10:11:57.283   687   687 E SettingsState: invalid override flag name on_device_personalization/web_trigger_flow_deadline_seconds
05-22 10:11:57.283   687   687 E SettingsState: invalid override flag name device_personalization_services/SmartNotification__excluded_packages
05-22 10:11:57.283   687   687 E SettingsState: invalid override flag name launcher_lily/HomeScreenShortcuts__enable_camera_block
05-22 10:11:57.283   687   687 E SettingsState: invalid override flag name adservices/measurement_enforce_foreground_status_register_source
05-22 10:11:57.283   687   687 E SettingsState: invalid override flag name adservices/measurement_event_reports_ctc_early_reporting_windows
05-22 10:11:57.283   687   687 E SettingsState: invalid override flag name adservices/measurement_enforce_foreground_status_register_web_source
05-22 10:11:57.283   687   687 E SettingsState: invalid override flag name device_personalization_services/NoOp__flag_for_droidfood
05-22 10:11:57.283   687   687 E SettingsState: invalid override flag name autofill/trigger_fill_request_on_unimportant_view
05-22 10:11:57.283   687   687 E SettingsState: invalid override flag name device_personalization_services/Superpacks__require_battery_not_low_by_default
05-22 10:11:57.283   687   687 E SettingsState: invalid override flag name configuration/beta_public_launch
05-22 10:11:57.283   687   687 E SettingsState: invalid override flag name device_personalization_services/ViewSemantics__model_version
05-22 10:11:57.283   687   687 E SettingsState: invalid override flag name device_personalization_services/SmartSelect__enable_smart_select_example_cache_on_suggest_selection
05-22 10:11:57.283   687   687 E SettingsState: invalid override flag name interaction_jank_monitor/trace_threshold_frame_time_millis
05-22 10:11:57.283   687   687 E SettingsState: invalid override flag name adservices/enable_appsearch_consent_data
05-22 10:11:57.283   687   687 E SettingsState: invalid override flag name uwb/device_error_bugreport_enabled
05-22 10:11:57.283   687   687 E SettingsState: invalid override flag name aicore/AicSafety__periodic_refresh_only_requested_clients_enabled
05-22 10:11:57.283   687   687 E SettingsState: invalid override flag name device_personalization_services/Overview__enable_pir_westworld_logging
05-22 10:11:57.283   687   687 E SettingsState: invalid override flag name activity_manager_native_boot/modern_queue_enabled
05-22 10:11:57.283   687   687 E SettingsState: invalid override flag name adservices/mdd_maintenance_gcm_task_period_seconds
05-22 10:11:57.283   687   687 E SettingsState: invalid override flag name media/player_metrics_per_app_use_time_allowlist
05-22 10:11:57.283   687   687 E SettingsState: invalid override flag name device_personalization_services/PccStorageStats__directory_report_known_directory_names
05-22 10:11:57.283   687   687 E SettingsState: invalid override flag name device_personalization_services/EchoSmartspace__enable_ambient_data_predictor
05-22 10:11:57.283   687   687 E SettingsState: invalid override flag name textclassifier/manifest_url_annotator_universal
05-22 10:11:57.283   687   687 E SettingsState: invalid override flag name device_personalization_services/SpeechRecognitionService__max_concurrent_recognition_sessions
05-22 10:11:57.283   687   687 E SettingsState: invalid override flag name package_manager_service/MinInstallableTargetSdkStrictMode__install_block_strict_mode_enabled
05-22 10:11:57.283   687   687 E SettingsState: invalid override flag name adservices/fledge_report_impression_api_metrics_enabled
05-22 10:11:57.283   687   687 E SettingsState: invalid override flag name connectivity/ipclient_accept_ipv6_link_local_dns_version
05-22 10:11:57.283   687   687 I SettingsState: 0 flag override requests created
05-22 10:11:57.287   687   687 V Configuration: Updating configuration, locales updated from [] to [en_US]
05-22 10:11:57.296   687   687 D ActivityManager: Freezer timeout set to 10000
05-22 10:11:57.296   687   687 D ActivityManager: Freezer exemption set to false
05-22 10:11:57.296   687   744 D ActivityManager: Freezer enabled
05-22 10:11:57.296   687   744 D ActivityManager: freezer override set to false
05-22 10:11:57.296   687   687 I SystemServiceManager: Starting com.android.server.deviceconfig.DeviceConfigInit$Lifecycle
05-22 10:11:57.296   687   687 I DeviceConfig: Bootstrap values not found
05-22 10:11:57.296   687   687 D SystemServerTiming: StartDropBoxManager
05-22 10:11:57.296   687   687 I SystemServiceManager: Starting com.android.server.DropBoxManagerService
05-22 10:11:57.297   687   687 D SystemServerTiming: StartEnhancedConfirmationService
05-22 10:11:57.297   687   687 I SystemServiceManager: Starting com.android.ecm.EnhancedConfirmationService
05-22 10:11:57.297   687   687 D SystemServerTiming: StartHintManager
05-22 10:11:57.297   687   687 I SystemServiceManager: Starting com.android.server.power.hint.HintManagerService
05-22 10:11:57.298   687   687 D SystemServerTiming: StartRoleManagerService
05-22 10:11:57.298   687   687 I SystemServiceManager: Starting com.android.role.RoleService
05-22 10:11:57.299   687   687 D SystemServerTiming: StartSupervisionService
05-22 10:11:57.299   687   687 I SystemServiceManager: Starting com.android.server.supervision.SupervisionService$Lifecycle
05-22 10:11:57.299   687   687 D SystemServerTiming: StartVibratorManagerService
05-22 10:11:57.299   687   687 I SystemServiceManager: Starting com.android.server.vibrator.VibratorManagerService$Lifecycle
05-22 10:11:57.301   687   687 D SystemServerTiming: StartDynamicSystemService
05-22 10:11:57.301   687   687 D SystemServerTiming: StartAlarmManagerService
05-22 10:11:57.301   687   687 I SystemServiceManager: Starting com.android.server.alarm.AlarmManagerService
05-22 10:11:57.302   687   743 W UserWakeupStore: User wakeup file not available: /data/system/alarms/usersWithAlarmClocks.xml
05-22 10:11:57.303   687   687 D SystemServerTiming: StartInputManagerService
05-22 10:11:57.303   687   687 I SystemServiceManager: Starting com.android.server.input.InputManagerService$Lifecycle
05-22 10:11:57.306   687   687 I InputManager: Initializing input manager, mUseDevInputEventForAudioJack=true
05-22 10:11:57.306   687   687 D SystemServerTiming: DeviceStateManagerService
05-22 10:11:57.306   687   687 I SystemServiceManager: Starting com.android.server.devicestate.DeviceStateManagerService
05-22 10:11:57.307   687   687 E DeviceStateManagerService: Cannot notify device state info change before the initial state has been committed.
05-22 10:11:57.307   687   687 I DeviceStateManagerService: Cannot notify device state info change when pending state is present.
05-22 10:11:57.307   687   687 D SystemServerTiming: StartCameraServiceProxy
05-22 10:11:57.307   687   687 I SystemServiceManager: Starting com.android.server.camera.CameraServiceProxy
05-22 10:11:57.308   687   687 D SystemServerTiming: StartWindowManagerService
05-22 10:11:57.308   687   687 I SystemServiceManager: Starting phase 200
05-22 10:11:57.308   687   687 D SystemServerTiming: OnBootPhase_200
05-22 10:11:57.308   687   687 D SystemServerTiming: OnBootPhase_200_com.android.server.security.FileIntegrityService
05-22 10:11:57.308   687   687 D SystemServerTiming: OnBootPhase_200_com.android.server.pm.Installer
05-22 10:11:57.308   687   687 D SystemServerTiming: OnBootPhase_200_com.android.server.os.DeviceIdentifiersPolicyService
05-22 10:11:57.308   687   687 D SystemServerTiming: OnBootPhase_200_com.android.server.flags.FeatureFlagsService
05-22 10:11:57.308   687   687 D SystemServerTiming: OnBootPhase_200_com.android.server.uri.UriGrantsManagerService$Lifecycle
05-22 10:11:57.308   687   687 D SystemServerTiming: OnBootPhase_200_com.android.server.powerstats.PowerStatsService
05-22 10:11:57.308   687   687 D SystemServerTiming: OnBootPhase_200_com.android.server.permission.access.AccessCheckingService
05-22 10:11:57.308   687   687 D SystemServerTiming: OnBootPhase_200_com.android.server.wm.ActivityTaskManagerService$Lifecycle
05-22 10:11:57.308   687   687 D SystemServerTiming: OnBootPhase_200_com.android.server.am.ActivityManagerService$Lifecycle
05-22 10:11:57.308   687   687 D SystemServerTiming: OnBootPhase_200_com.android.server.pm.DataLoaderManagerService
05-22 10:11:57.308   687   687 D SystemServerTiming: OnBootPhase_200_com.android.server.power.PowerManagerService
05-22 10:11:57.308   687   687 D SystemServerTiming: OnBootPhase_200_com.android.server.power.ThermalManagerService
05-22 10:11:57.308   687   687 D SystemServerTiming: OnBootPhase_200_com.android.server.recoverysystem.RecoverySystemService$Lifecycle
05-22 10:11:57.308   687   687 D SystemServerTiming: OnBootPhase_200_com.android.server.lights.LightsService
05-22 10:11:57.308   687   687 D SystemServerTiming: OnBootPhase_200_com.android.server.display.DisplayManagerService
05-22 10:11:57.308   687   687 D SystemServerTiming: OnBootPhase_200_com.android.server.pm.verify.domain.DomainVerificationService
05-22 10:11:57.308   687   687 D SystemServerTiming: OnBootPhase_200_com.android.server.pm.PackageInstallerService$Lifecycle
05-22 10:11:57.308   687   687 D SystemServerTiming: OnBootPhase_200_com.android.server.pm.UserManagerService$LifeCycle
05-22 10:11:57.308   687   687 D SystemServerTiming: OnBootPhase_200_com.android.server.om.OverlayManagerService
05-22 10:11:57.308   687   687 D SystemServerTiming: OnBootPhase_200_com.android.server.resources.ResourcesManagerService
05-22 10:11:57.308   687   687 D SystemServerTiming: OnBootPhase_200_com.android.server.sensorprivacy.SensorPrivacyService
05-22 10:11:57.308   687   687 D SystemServerTiming: OnBootPhase_200_com.android.server.sensors.SensorService
05-22 10:11:57.308   687   687 D SystemServerTiming: OnBootPhase_200_com.android.server.SystemConfigService
05-22 10:11:57.308   687   687 D SystemServerTiming: OnBootPhase_200_com.android.server.BatteryService
05-22 10:11:57.308   687   687 D SystemServerTiming: OnBootPhase_200_com.android.server.usage.UsageStatsService
05-22 10:11:57.308   687   687 D SystemServerTiming: OnBootPhase_200_com.android.server.webkit.WebViewUpdateService
05-22 10:11:57.308   687   687 D SystemServerTiming: OnBootPhase_200_com.android.server.CachedDeviceStateService
05-22 10:11:57.308   687   687 D SystemServerTiming: OnBootPhase_200_com.android.server.BinderCallsStatsService$LifeCycle
05-22 10:11:57.308   687   687 D SystemServerTiming: OnBootPhase_200_com.android.server.LooperStatsService$Lifecycle
05-22 10:11:57.308   687   687 D SystemServerTiming: OnBootPhase_200_com.android.server.rollback.RollbackManagerService
05-22 10:11:57.308   687   687 D SystemServerTiming: OnBootPhase_200_com.android.server.os.NativeTombstoneManagerService
05-22 10:11:57.308   687   687 D SystemServerTiming: OnBootPhase_200_com.android.server.os.BugreportManagerService
05-22 10:11:57.308   687   687 D SystemServerTiming: OnBootPhase_200_com.android.server.gpu.GpuService
05-22 10:11:57.308   687   687 D SystemServerTiming: OnBootPhase_200_com.android.server.security.rkp.RemoteProvisioningService
05-22 10:11:57.308   687   687 D SystemServerTiming: OnBootPhase_200_com.android.server.security.KeyChainSystemService
05-22 10:11:57.308   687   687 D SystemServerTiming: OnBootPhase_200_com.android.server.BinaryTransparencyService
05-22 10:11:57.308   687   687 D SystemServerTiming: OnBootPhase_200_com.android.server.telecom.TelecomLoaderService
05-22 10:11:57.308   687   687 D SystemServerTiming: OnBootPhase_200_com.android.server.accounts.AccountManagerService$Lifecycle
05-22 10:11:57.308   687   687 D SystemServerTiming: OnBootPhase_200_com.android.server.content.ContentService$Lifecycle
05-22 10:11:57.308   687   687 D SystemServerTiming: OnBootPhase_200_com.android.server.deviceconfig.DeviceConfigInit$Lifecycle
05-22 10:11:57.308   687   687 D SystemServerTiming: OnBootPhase_200_com.android.server.DropBoxManagerService
05-22 10:11:57.308   687   687 D SystemServerTiming: OnBootPhase_200_com.android.ecm.EnhancedConfirmationService
05-22 10:11:57.308   687   687 D SystemServerTiming: OnBootPhase_200_com.android.server.power.hint.HintManagerService
05-22 10:11:57.308   687   687 D SystemServerTiming: OnBootPhase_200_com.android.role.RoleService
05-22 10:11:57.308   687   687 D SystemServerTiming: OnBootPhase_200_com.android.server.supervision.SupervisionService$Lifecycle
05-22 10:11:57.308   687   687 D SystemServerTiming: OnBootPhase_200_com.android.server.vibrator.VibratorManagerService$Lifecycle
05-22 10:11:57.308   687   687 D SystemServerTiming: OnBootPhase_200_com.android.server.alarm.AlarmManagerService
05-22 10:11:57.308   687   687 D SystemServerTiming: OnBootPhase_200_com.android.server.input.InputManagerService$Lifecycle
05-22 10:11:57.308   687   687 D SystemServerTiming: OnBootPhase_200_com.android.server.devicestate.DeviceStateManagerService
05-22 10:11:57.308   687   687 D SystemServerTiming: OnBootPhase_200_com.android.server.camera.CameraServiceProxy
05-22 10:11:57.309   687   687 I WindowManager: No existing display settings, starting empty
05-22 10:11:57.309   687   687 I WindowManager: No existing display settings, starting empty
05-22 10:11:57.313   687   687 D SystemServerTiming: SetWindowManagerService
05-22 10:11:57.313   687   687 V Configuration: Updating configuration, locales updated from [] to [en_US]
05-22 10:11:57.313   687   687 V DisplayManagerService: FrozenStateChangeCallback not supported for pid 687
05-22 10:11:57.326   687   687 D SystemServerTiming: WindowManagerServiceOnInitReady
05-22 10:11:57.326   687   736 D WindowManager: DeferredDisplayUpdater: applying DisplayInfo(1080 x 2400) immediately
05-22 10:11:57.328   687   736 W BroadcastLoopers: Found previously unknown looper Thread[android.ui,5,main]
05-22 10:11:57.328   687   687 D SystemServerTiming: StartInputManager
05-22 10:11:57.328   687   687 I InputManager: Starting input manager
05-22 10:11:57.328   687   792 D SystemServerTimingAsync: InitThreadPoolExec:StartISensorManagerService
05-22 10:11:57.328   687   792 D SystemServerTimingAsync: StartISensorManagerService
05-22 10:11:57.328   687   805 D SystemServerTimingAsync: InitThreadPoolExec:StartHidlServices
05-22 10:11:57.328   687   805 D SystemServerTimingAsync: StartHidlServices
05-22 10:11:57.329   687   687 D SystemServerTiming: DisplayManagerWindowManagerAndInputReady
05-22 10:11:57.329   687   687 V LegacyHistoricalRegistry: Interaction before persistence initialized
05-22 10:11:57.329   687   687 D SystemServerTiming: StartBluetoothService
05-22 10:11:57.329   687   687 I SystemServiceManager: Starting com.android.server.bluetooth.BluetoothService
05-22 10:11:57.332   687   687 D SystemServerTiming: IpConnectivityMetrics
05-22 10:11:57.332   687   687 I SystemServiceManager: Starting com.android.server.connectivity.IpConnectivityMetrics
05-22 10:11:57.332   687   687 D SystemServerTiming: NetworkWatchlistService
05-22 10:11:57.332   687   687 I SystemServiceManager: Starting com.android.server.net.watchlist.NetworkWatchlistService$Lifecycle
05-22 10:11:57.334   687   687 I WatchlistSettings: Reload watchlist settings done
05-22 10:11:57.334   687   687 D SystemServerTiming: PinnerService
05-22 10:11:57.334   687   821 I WatchlistLoggingHandler: Start aggregating watchlist records.
05-22 10:11:57.334   687   687 I SystemServiceManager: Starting com.android.server.pinner.PinnerService
05-22 10:11:57.334   687   687 V LegacyHistoricalRegistry: Interaction before persistence initialized
05-22 10:11:57.335   687   687 D SystemServerTiming: SignedConfigService
05-22 10:11:57.335   687   687 D SystemServerTiming: AppIntegrityService
05-22 10:11:57.335   687   687 I SystemServiceManager: Starting com.android.server.integrity.AppIntegrityManagerService
05-22 10:11:57.336   687   687 D SystemServerTiming: StartLogcatManager
05-22 10:11:57.336   687   687 I SystemServiceManager: Starting com.android.server.logcat.LogcatManagerService
05-22 10:11:57.336   687   687 D SystemServerTiming: StartIntrusionDetectionService
05-22 10:11:57.336   687   687 I SystemServiceManager: Starting com.android.server.security.intrusiondetection.IntrusionDetectionService
05-22 10:11:57.336   687   687 D SystemServerTiming: StartAppFunctionManager
05-22 10:11:57.336   687   687 I SystemServiceManager: Starting com.android.server.appfunctions.AppFunctionManagerService
05-22 10:11:57.337   687   687 D SystemServerTiming: StartAdvancedProtectionService
05-22 10:11:57.337   687   687 I SystemServiceManager: Starting com.android.server.security.advancedprotection.AdvancedProtectionService$Lifecycle
05-22 10:11:57.337   687   687 D SystemServerTiming: StartTradeInModeService
05-22 10:11:57.337   687   687 I SystemServiceManager: Starting com.android.server.TradeInModeService
05-22 10:11:57.340   687   743 W PinnerService: Could not find pinlist.meta for "/system_ext/priv-app/NexusLauncherRelease/NexusLauncherRelease.apk": pinning as blob
05-22 10:11:57.349   687   687 I WindowManager: SAFE MODE not enabled
05-22 10:11:57.349   687   687 D SystemServerTiming: StartInputMethodManagerLifecycle
05-22 10:11:57.349   687   687 I SystemServiceManager: Starting com.android.server.inputmethod.InputMethodManagerService$Lifecycle
05-22 10:11:57.351   687   687 D InputMethodManagerService: Schedule initialization for users=[0]
05-22 10:11:57.351   687   825 D InputMethodManagerService: Start initialization for user=0
05-22 10:11:57.352   687   687 D SystemServerTiming: StartAccessibilityManagerService
05-22 10:11:57.352   687   687 I SystemServiceManager: Starting com.android.server.accessibility.AccessibilityManagerService$Lifecycle
05-22 10:11:57.358   687   687 D SystemServerTiming: MakeDisplayReady
05-22 10:11:57.359   687   687 I ActivityTaskManager: Config changes=20005df8 {1.0 ?mcc0mnc [en_US] ldltr sw411dp w411dp h914dp 420dpi nrml long port ?uimode ?night finger qwerty/v/v dpad/v winConfig={ mBounds=Rect(0, 0 - 1080, 2400) mAppBounds=Rect(0, 0 - 1080, 2400) mMaxBounds=Rect(0, 0 - 1080, 2400) mDisplayRotation=ROTATION_0 mWindowingMode=fullscreen mActivityType=undefined mAlwaysOnTop=undefined mRotation=ROTATION_0} s.2 ?fontWeightAdjustment}
05-22 10:11:57.359   687   687 I WindowManager: Override config changes=60007dfc {1.0 ?mcc0mnc [en_US] ldltr sw411dp w411dp h914dp 420dpi nrml long port ?uimode ?night finger qwerty/v/v dpad/v winConfig={ mBounds=Rect(0, 0 - 1080, 2400) mAppBounds=Rect(0, 0 - 1080, 2400) mMaxBounds=Rect(0, 0 - 1080, 2400) mDisplayRotation=ROTATION_0 mWindowingMode=fullscreen mActivityType=undefined mAlwaysOnTop=undefined mRotation=ROTATION_0} s.2 ?fontWeightAdjustment} for displayId=0
05-22 10:11:57.360   687   687 I DisplayDevice: [0] Layerstack set to 0 for local:4619827259835644672
05-22 10:11:57.360   687   687 D DisplayManagerService: supportedStates=[0]
05-22 10:11:57.360   687   687 D DisplayManagerService: possibleInfos={DisplayInfo{"Built-in Screen", displayId 0, displayGroupId 0, FLAG_SECURE, FLAG_SUPPORTS_PROTECTED_BUFFERS, FLAG_TRUSTED, real 1080 x 2400, largest app 2400 x 2400, smallest app 1080 x 1080, appVsyncOff 1000000, presDeadline 16666666, mode 1, renderFrameRate 60.000004, hasArrSupport false, frameRateCategoryRate FrameRateCategoryRate {normal=60.0, high=90.0}, supportedRefreshRates [60.000004], defaultMode 1, userPreferredModeId -1, supportedModes [{id=1, width=1080, height=2400, fps=60.000004, vsync=60.000004, synthetic=false, alternativeRefreshRates=[], supportedHdrTypes=[]}], appsSupportedModes [{id=1, width=1080, height=2400, fps=60.000004, vsync=60.000004, synthetic=false, alternativeRefreshRates=[], supportedHdrTypes=[]}], hdrCapabilities HdrCapabilities{mSupportedHdrTypes=[], mMaxLuminance=500.0, mMaxAverageLuminance=500.0, mMinLuminance=0.0}, isForceSdr false, userDisabledHdrTypes [], minimalPostProcessingSupported false, rotation 0, state UNKNOWN, committedState UNKNOWN, type INTERNAL, uniqueId "local:4619827259835644672", app 1080 x 2400, density 420 (420.0 x 420.0) dpi, layerStack 0, colorMode 0, supportedColorModes [0], address {port=0, model=0x401cec6a7a2b7b}, deviceProductInfo DeviceProductInfo{name=EMU_display_0, manufacturerPnpId=GGL, productId=1, modelYear=null, manufactureDate=ManufactureDate{week=27, year=2006}, connectionToSinkType=1}, removeMode 0, refreshRateOverride 0.0, brightnessMinimum 0.035433073, brightnessMaximum 1.0, brightnessDefault 0.39763778, brightnessDim 0.05, installOrientation ROTATION_0, layoutLimitedRefreshRate null, hdrSdrRatio not_available, thermalRefreshRateThrottling {}, thermalBrightnessThrottlingDataId default, canHostTasks true}}
05-22 10:11:57.360   687   687 D SystemServerTiming: StartStorageManagerService
05-22 10:11:57.360   687   687 I SystemServiceManager: Starting com.android.server.StorageManagerService$Lifecycle
05-22 10:11:57.360   687   736 D WindowManager: DeferredDisplayUpdater: applying DisplayInfo(1080 x 2400) immediately
05-22 10:11:57.363   687   738 W BroadcastLoopers: Found previously unknown looper Thread[android.display,5,main]
05-22 10:11:57.366   687   830 D StorageManagerService: Thinking about reset, mBootCompleted=false, mDaemonConnected=true
05-22 10:11:57.367   687   687 D SystemServerTiming: StartStorageStatsService
05-22 10:11:57.367   687   687 I SystemServiceManager: Starting com.android.server.usage.StorageStatsService$Lifecycle
05-22 10:11:57.367   687   830 D StorageManagerService: Thinking about reset, mBootCompleted=false, mDaemonConnected=true
05-22 10:11:57.371   687   687 D SystemServerTiming: StartUiModeManager
05-22 10:11:57.371   687   687 I SystemServiceManager: Starting com.android.server.UiModeManagerService
05-22 10:11:57.371   687   718 D SystemServerTimingAsync: InitThreadPoolExec:UiModeManager.onStart
05-22 10:11:57.372   687   687 D SystemServerTiming: StartLocaleManagerService
05-22 10:11:57.372   687   687 I SystemServiceManager: Starting com.android.server.locales.LocaleManagerService
05-22 10:11:57.375   687   687 D SystemServerTiming: StartGrammarInflectionService
05-22 10:11:57.375   687   687 I SystemServiceManager: Starting com.android.server.grammaticalinflection.GrammaticalInflectionService
05-22 10:11:57.375   687   687 D SystemServerTiming: StartAppHibernationService
05-22 10:11:57.375   687   687 I SystemServiceManager: Starting com.android.server.apphibernation.AppHibernationService
05-22 10:11:57.375   687   687 D SystemServerTiming: ArtManagerLocal
05-22 10:11:57.376   687   687 D SystemServerTiming: UpdatePackagesIfNeeded
05-22 10:11:57.376   687   687 I Watchdog: Pausing HandlerChecker: main thread for reason: dexopt. Pause count: 1
05-22 10:11:57.376   687   687 I Watchdog: Resuming HandlerChecker: main thread for reason: dexopt. Pause count: 0
05-22 10:11:57.376   687   687 D SystemServerTiming: UpdateMetricsIfNeeded
05-22 10:11:57.376   687   687 D SystemServerTiming: PerformFstrimIfNeeded
05-22 10:11:57.376   687   687 D SystemServerTiming: StartLockSettingsService
05-22 10:11:57.376   687   687 I SystemServiceManager: Starting com.android.server.locksettings.LockSettingsService$Lifecycle
05-22 10:11:57.383   687   687 D SystemServerTiming: StartTestHarnessMode
05-22 10:11:57.384   687   687 I SystemServiceManager: Starting com.android.server.testharness.TestHarnessModeService
05-22 10:11:57.384   687   687 I OemLock : OemLock Hidl HAL not present on device
05-22 10:11:57.384   687   687 D SystemServerTiming: StartDeviceIdleController
05-22 10:11:57.384   687   687 I SystemServiceManager: Starting com.android.server.DeviceIdleController
05-22 10:11:57.386   687   687 D SystemServerTiming: StartDevicePolicyManager
05-22 10:11:57.386   687   687 I SystemServiceManager: Starting com.android.server.devicepolicy.DevicePolicyManagerService$Lifecycle
05-22 10:11:57.389   687   687 I DevicePolicyManager: Current version 6, latest version 6, not upgrading.
05-22 10:11:57.392   687   687 D SystemServerTiming: StartStatusBarManagerService
05-22 10:11:57.393   687   687 D SystemServerTiming: StartMusicRecognitionManagerService
05-22 10:11:57.393   687   687 I SystemServiceManager: Starting com.android.server.musicrecognition.MusicRecognitionManagerService
05-22 10:11:57.393   687   687 D SystemServerTiming: StartContentCaptureService
05-22 10:11:57.393   687   687 I SystemServiceManager: Starting com.android.server.contentcapture.ContentCaptureManagerService
05-22 10:11:57.394   687   687 D SystemServer: AttentionService is not configured on this device
05-22 10:11:57.394   687   687 D SystemServer: RotationResolverService is not configured on this device
05-22 10:11:57.394   687   687 D SystemServerTiming: StartSystemCaptionsManagerService
05-22 10:11:57.394   687   687 I SystemServiceManager: Starting com.android.server.systemcaptions.SystemCaptionsManagerService
05-22 10:11:57.394   687   687 D SystemServerTiming: StartTextToSpeechManagerService
05-22 10:11:57.394   687   687 I SystemServiceManager: Starting com.android.server.texttospeech.TextToSpeechManagerService
05-22 10:11:57.394   687   687 D SystemServerTiming: startWearableSensingService
05-22 10:11:57.394   687   687 I SystemServiceManager: Starting com.android.server.wearable.WearableSensingManagerService
05-22 10:11:57.395   687   687 D SystemServerTiming: startOnDeviceIntelligenceManagerService
05-22 10:11:57.395   687   687 I SystemServiceManager: Starting com.android.server.ondeviceintelligence.OnDeviceIntelligenceManagerService
05-22 10:11:57.395   687   687 D SystemServerTiming: StartAmbientContextService
05-22 10:11:57.395   687   687 I SystemServiceManager: Starting com.android.server.ambientcontext.AmbientContextManagerService
05-22 10:11:57.395   687   687 D SystemServerTiming: StartSpeechRecognitionManagerService
05-22 10:11:57.395   687   687 I SystemServiceManager: Starting com.android.server.speech.SpeechRecognitionManagerService
05-22 10:11:57.395   687   687 D SystemServerTiming: StartAppPredictionService
05-22 10:11:57.395   687   687 I SystemServiceManager: Starting com.android.server.appprediction.AppPredictionManagerService
05-22 10:11:57.396   687   687 D SystemServerTiming: StartContentSuggestionsService
05-22 10:11:57.396   687   687 I SystemServiceManager: Starting com.android.server.contentsuggestions.ContentSuggestionsManagerService
05-22 10:11:57.396   687   687 D SystemServerTiming: StartSearchUiService
05-22 10:11:57.396   687   687 I SystemServiceManager: Starting com.android.server.searchui.SearchUiManagerService
05-22 10:11:57.396   687   687 D SystemServerTiming: StartSmartspaceService
05-22 10:11:57.396   687   687 I SystemServiceManager: Starting com.android.server.smartspace.SmartspaceManagerService
05-22 10:11:57.396   687   687 D SystemServerTiming: StartContextualSearchService
05-22 10:11:57.396   687   687 I SystemServiceManager: Starting com.android.server.contextualsearch.ContextualSearchManagerService
05-22 10:11:57.396   687   687 D SystemServerTiming: InitConnectivityModuleConnector
05-22 10:11:57.396   687   687 D SystemServerTiming: InitNetworkStackClient
05-22 10:11:57.396   687   687 D SystemServerTiming: StartNetworkManagementService
05-22 10:11:57.397   687   687 D SystemServerTiming: StartFontManagerService
05-22 10:11:57.398   687   687 I FontManagerService: Using optimized boot-time font loading.
05-22 10:11:57.398   687   776 D SystemServerTimingAsync: InitThreadPoolExec:FontManagerService_create
05-22 10:11:57.398   687   687 D SystemServerTiming: StartTextServicesManager
05-22 10:11:57.398   687   687 I SystemServiceManager: Starting com.android.server.textservices.TextServicesManagerService$Lifecycle
05-22 10:11:57.398   687   687 D SystemServerTiming: StartTextClassificationManagerService
05-22 10:11:57.398   687   687 I SystemServiceManager: Starting com.android.server.textclassifier.TextClassificationManagerService$Lifecycle
05-22 10:11:57.399   687   687 D SystemServerTiming: StartNetworkScoreService
05-22 10:11:57.399   687   687 I SystemServiceManager: Starting com.android.server.NetworkScoreService$Lifecycle
05-22 10:11:57.399   687   687 D SystemServerTiming: StartNetworkStatsService
05-22 10:11:57.399   687   687 I SystemServiceManager: Starting com.android.server.NetworkStatsServiceInitializer
05-22 10:11:57.417   687   687 D SystemServerTiming: StartNetworkPolicyManagerService
05-22 10:11:57.419   687   687 D SystemServerTiming: StartWifi
05-22 10:11:57.419   687   687 I SystemServiceManager: Starting com.android.server.wifi.WifiService
05-22 10:11:57.436   687   825 D InputMethodManagerService: Complete initialization for user=0
05-22 10:11:57.442   610   610 I wificond: New wificond event callback registered
05-22 10:11:57.443   687   687 V LegacyHistoricalRegistry: Interaction before persistence initialized
05-22 10:11:57.443   687   687 V LegacyHistoricalRegistry: Interaction before persistence initialized
05-22 10:11:57.443   687   687 V LegacyHistoricalRegistry: Interaction before persistence initialized
05-22 10:11:57.444   687   687 D SystemServerTiming: StartWifiScanning
05-22 10:11:57.444   687   687 I SystemServiceManager: Starting com.android.server.wifi.scanner.WifiScanningService
05-22 10:11:57.445   687   687 D SystemServerTiming: StartWifiP2P
05-22 10:11:57.445   687   687 I SystemServiceManager: Starting com.android.server.wifi.p2p.WifiP2pService
05-22 10:11:57.446   687   687 D SystemServerTiming: StartPacProxyService
05-22 10:11:57.447   687   687 D SystemServerTiming: StartConnectivityService
05-22 10:11:57.447   687   687 I SystemServiceManager: Starting com.android.server.ConnectivityServiceInitializer
05-22 10:11:57.456   687   687 V LegacyHistoricalRegistry: Interaction before persistence initialized
05-22 10:11:57.457   687   863 W BroadcastLoopers: Found previously unknown looper Thread[NsdService,5,main]
05-22 10:11:57.460   687   687 D SystemServerTiming: StartSecurityStateManagerService
05-22 10:11:57.460   687   687 D SystemServerTiming: StartVpnManagerService
05-22 10:11:57.462   687   687 D SystemServerTiming: StartSystemUpdateManagerService
05-22 10:11:57.465   687   687 W SystemUpdateManagerService: Outdated info file. Ignored
05-22 10:11:57.465   687   687 I SystemUpdateManagerService: Removing info file
05-22 10:11:57.465   687   687 D SystemServerTiming: StartUpdateLockService
05-22 10:11:57.465   687   687 W BroadcastLoopers: Found previously unknown looper Thread[main,5,main]
05-22 10:11:57.465   687   687 D SystemServerTiming: StartNotificationManager
05-22 10:11:57.465   687   687 I SystemServiceManager: Starting com.android.server.notification.NotificationManagerService
05-22 10:11:57.469   687   687 D ConditionProviders.SCP: new ScheduleConditionProvider()
05-22 10:11:57.476   687   687 I NotificationManagerService.NotificationListeners: Read notification listener permissions from xml
05-22 10:11:57.477   687   687 V NotificationManagerService.NotificationListeners: enabling notification listener for 0: ComponentInfo{com.google.android.apps.nexuslauncher/com.android.launcher3.notification.NotificationListener}
05-22 10:11:57.477   687   687 V NotificationManagerService.NotificationListeners: binding: Intent { act=android.service.notification.NotificationListenerService cmp=com.google.android.apps.nexuslauncher/com.android.launcher3.notification.NotificationListener (has extras) }
05-22 10:11:57.477   687   687 W ActivityManager: Unable to start service Intent { act=android.service.notification.NotificationListenerService cmp=com.google.android.apps.nexuslauncher/com.android.launcher3.notification.NotificationListener } U=0: not found
05-22 10:11:57.477   687   687 W NotificationManagerService.NotificationListeners: Unable to bind notification listener service: Intent { act=android.service.notification.NotificationListenerService xflg=0x4 cmp=com.google.android.apps.nexuslauncher/com.android.launcher3.notification.NotificationListener (has extras) } in user 0
05-22 10:11:57.477   687   687 V NotificationManagerService.NotificationListeners: enabling notification listener for 0: ComponentInfo{com.google.android.as/com.google.android.apps.miphone.aiai.common.notification.service.AiAiNotificationListenerService}
05-22 10:11:57.477   687   687 V NotificationManagerService.NotificationListeners: binding: Intent { act=android.service.notification.NotificationListenerService cmp=com.google.android.as/com.google.android.apps.miphone.aiai.common.notification.service.AiAiNotificationListenerService (has extras) }
05-22 10:11:57.477   687   687 W ActivityManager: Unable to start service Intent { act=android.service.notification.NotificationListenerService cmp=com.google.android.as/com.google.android.apps.miphone.aiai.common.notification.service.AiAiNotificationListenerService } U=0: not found
05-22 10:11:57.477   687   687 W NotificationManagerService.NotificationListeners: Unable to bind notification listener service: Intent { act=android.service.notification.NotificationListenerService xflg=0x4 cmp=com.google.android.as/com.google.android.apps.miphone.aiai.common.notification.service.AiAiNotificationListenerService (has extras) } in user 0
05-22 10:11:57.477   687   687 I NotificationManagerService.NotificationAssistants: Read notification assistant permissions from xml
05-22 10:11:57.477   687   687 V NotificationManagerService.NotificationAssistants: enabling notification assistant for 0: ComponentInfo{com.google.android.as/com.google.android.apps.miphone.aiai.common.notification.service.AiAiNotificationAssistantService}
05-22 10:11:57.477   687   687 V NotificationManagerService.NotificationAssistants: binding: Intent { act=android.service.notification.NotificationAssistantService cmp=com.google.android.as/com.google.android.apps.miphone.aiai.common.notification.service.AiAiNotificationAssistantService (has extras) }
05-22 10:11:57.478   687   687 W ActivityManager: Unable to start service Intent { act=android.service.notification.NotificationAssistantService cmp=com.google.android.as/com.google.android.apps.miphone.aiai.common.notification.service.AiAiNotificationAssistantService } U=0: not found
05-22 10:11:57.478   687   687 W NotificationManagerService.NotificationAssistants: Unable to bind notification assistant service: Intent { act=android.service.notification.NotificationAssistantService xflg=0x4 cmp=com.google.android.as/com.google.android.apps.miphone.aiai.common.notification.service.AiAiNotificationAssistantService (has extras) } in user 0
05-22 10:11:57.478   687   687 I ConditionProviders: Read condition provider permissions from xml
05-22 10:11:57.478   687   687 I ConditionProviders: Read condition provider permissions from xml
05-22 10:11:57.478   687   687 V ConditionProviders: enabling condition provider for 0: ComponentInfo{com.google.android.apps.wellbeing/com.google.android.apps.wellbeing.azr.impl.AzrConditionProviderService}
05-22 10:11:57.478   687   687 V ConditionProviders: binding: Intent { act=android.service.notification.ConditionProviderService cmp=com.google.android.apps.wellbeing/.azr.impl.AzrConditionProviderService (has extras) }
05-22 10:11:57.479   687   687 D ActivityManager: StatsPullAtomService not ready yet
05-22 10:11:57.479   687   687 D CompatChangeReporter: Compat change id reported: 151861875; UID 10148; state: ENABLED
05-22 10:11:57.479   687   687 D NotificationManagerService.NotificationAssistants: Approving default notification assistant for user 0
05-22 10:11:57.480   687   687 I ConditionProviders:  Allowing condition provider com.google.android.as/com.google.android.apps.miphone.aiai.common.notification.service.AiAiNotificationAssistantService (userSet: true)
05-22 10:11:57.481   687   687 V ConditionProviders: enabling condition provider for 0: ComponentInfo{com.google.android.apps.wellbeing/com.google.android.apps.wellbeing.azr.impl.AzrConditionProviderService}
05-22 10:11:57.481   687   687 V ConditionProviders: Not registering ComponentInfo{com.google.android.apps.wellbeing/com.google.android.apps.wellbeing.azr.impl.AzrConditionProviderService} is already bound
05-22 10:11:57.486   687   687 D SystemServerTiming: StartDeviceMonitor
05-22 10:11:57.486   687   687 I SystemServiceManager: Starting com.android.server.storage.DeviceStorageMonitorService
05-22 10:11:57.486   687   687 D SystemServerTiming: StartTimeDetectorService
05-22 10:11:57.486   687   687 I SystemServiceManager: Starting com.android.server.timedetector.TimeDetectorService$Lifecycle
05-22 10:11:57.487   687   687 D SystemServerTiming: StartLocationManagerService
05-22 10:11:57.487   687   687 I SystemServiceManager: Starting com.android.server.location.LocationManagerService$Lifecycle
05-22 10:11:57.489   687   687 D SystemServerTiming: StartCountryDetectorService
05-22 10:11:57.489   687   687 D SystemServerTiming: StartTimeZoneDetectorService
05-22 10:11:57.489   687   687 I SystemServiceManager: Starting com.android.server.timezonedetector.TimeZoneDetectorService$Lifecycle
05-22 10:11:57.490   687   687 D SystemServerTiming: StartAltitudeService
05-22 10:11:57.490   687   687 I SystemServiceManager: Starting com.android.server.location.altitude.AltitudeService$Lifecycle
05-22 10:11:57.491   687   687 D SystemServerTiming: StartLocationTimeZoneManagerService
05-22 10:11:57.491   687   687 I SystemServiceManager: Starting com.android.server.timezonedetector.location.LocationTimeZoneManagerService$Lifecycle
05-22 10:11:57.491   687   687 D SystemServerTiming: StartSearchManagerService
05-22 10:11:57.491   687   687 I SystemServiceManager: Starting com.android.server.search.SearchManagerService$Lifecycle
05-22 10:11:57.491   687   687 D SystemServerTiming: StartWallpaperManagerService
05-22 10:11:57.491   687   687 I SystemServiceManager: Starting com.android.server.wallpaper.WallpaperManagerService$Lifecycle
05-22 10:11:57.491   687   687 D DisplayManagerService: supportedStates=[0]
05-22 10:11:57.491   687   687 D DisplayManagerService: possibleInfos={DisplayInfo{"Built-in Screen", displayId 0, displayGroupId 0, FLAG_SECURE, FLAG_SUPPORTS_PROTECTED_BUFFERS, FLAG_TRUSTED, real 1080 x 2400, largest app 2400 x 2400, smallest app 1080 x 1080, appVsyncOff 1000000, presDeadline 16666666, mode 1, renderFrameRate 60.000004, hasArrSupport false, frameRateCategoryRate FrameRateCategoryRate {normal=60.0, high=90.0}, supportedRefreshRates [60.000004], defaultMode 1, userPreferredModeId -1, supportedModes [{id=1, width=1080, height=2400, fps=60.000004, vsync=60.000004, synthetic=false, alternativeRefreshRates=[], supportedHdrTypes=[]}], appsSupportedModes [{id=1, width=1080, height=2400, fps=60.000004, vsync=60.000004, synthetic=false, alternativeRefreshRates=[], supportedHdrTypes=[]}], hdrCapabilities HdrCapabilities{mSupportedHdrTypes=[], mMaxLuminance=500.0, mMaxAverageLuminance=500.0, mMinLuminance=0.0}, isForceSdr false, userDisabledHdrTypes [], minimalPostProcessingSupported false, rotation 0, state UNKNOWN, committedState UNKNOWN, type INTERNAL, uniqueId "local:4619827259835644672", app 1080 x 2400, density 420 (420.0 x 420.0) dpi, layerStack 0, colorMode 0, supportedColorModes [0], address {port=0, model=0x401cec6a7a2b7b}, deviceProductInfo DeviceProductInfo{name=EMU_display_0, manufacturerPnpId=GGL, productId=1, modelYear=null, manufactureDate=ManufactureDate{week=27, year=2006}, connectionToSinkType=1}, removeMode 0, refreshRateOverride 0.0, brightnessMinimum 0.035433073, brightnessMaximum 1.0, brightnessDefault 0.39763778, brightnessDim 0.05, installOrientation ROTATION_0, layoutLimitedRefreshRate null, hdrSdrRatio not_available, thermalRefreshRateThrottling {}, thermalBrightnessThrottlingDataId default, canHostTasks true}}
05-22 10:11:57.492   687   687 D SystemServerTiming: StartWallpaperEffectsGenerationService
05-22 10:11:57.492   687   687 I SystemServiceManager: Starting com.android.server.wallpapereffectsgeneration.WallpaperEffectsGenerationManagerService
05-22 10:11:57.492   687   687 D SystemServerTiming: StartAudioService
05-22 10:11:57.492   687   687 I SystemServiceManager: Starting com.android.server.audio.AudioService$Lifecycle
05-22 10:11:57.516   687   687 E PowerManagerService: Tried to acquire wake lock for invalid display: 0
05-22 10:11:57.517   687   687 D SystemServerTiming: StartSoundTriggerMiddlewareService
05-22 10:11:57.517   687   687 I SystemServiceManager: Starting com.android.server.soundtrigger_middleware.SoundTriggerMiddlewareService$Lifecycle
05-22 10:11:57.517   687   687 I SoundTriggerMiddlewareDefaultHalFactory: Connecting to default soundtrigger-V2.x.ISoundTriggerHw
05-22 10:11:57.517   687   875 I AS.AudioService: updateIndexFactors() stream:0 index min/max:1/15 indexStepFactor:3.5
05-22 10:11:57.517   687   687 E SoundTriggerMiddlewareImpl: Failed to add a SoundTriggerModule instance
05-22 10:11:57.517   687   687 E SoundTriggerMiddlewareImpl: java.util.NoSuchElementException
05-22 10:11:57.517   687   687 E SoundTriggerMiddlewareImpl: 	at android.os.HwBinder.getService(Native Method)
