--------- beginning of system
05-22 10:11:53.929   234   234 I vold    : Vold 3.0 (the awakening) firing up
05-22 10:11:53.930   234   234 D vold    : Detected support for: ext4 f2fs vfat
05-22 10:11:53.932   234   234 I vold    : [libfstab] Using Android DT directory /proc/device-tree/firmware/android/
05-22 10:11:53.933   234   234 D vold    : VoldNativeService::start() completed OK
05-22 10:11:53.935   234   234 D vold    : VendorVoldNativeService::try_start() completed OK
05-22 10:11:53.983   234   234 D vold    : fscrypt_mount_metadata_encrypted: /data encrypt: 0 format: 0 with null block device: /dev/block/vdc with zoned 0 length: 0
05-22 10:11:53.983   234   234 D vold    : metadata_key_dir/key: /metadata/vold/metadata_encryption/key
05-22 10:11:53.983   234   234 D vold    : Key exists, using: /metadata/vold/metadata_encryption/key
05-22 10:11:54.026   245   245 I keystore2: system/security/keystore2/src/keystore2_main.rs:61 - Keystore2 is starting.
05-22 10:11:54.026   245   245 I keystore2: system/security/keystore2/src/keystore2_main.rs:67 - Setting up sqlite logging for keystore2
05-22 10:11:54.028   245   252 I keystore2: system/security/keystore2/src/maintenance.rs:294 - start monitoring 'apexd.status' property
05-22 10:11:54.028   245   252 I keystore2: system/security/keystore2/src/maintenance.rs:299 - property 'apexd.status' is now 'Err(SystemPropertyAbsent)'
05-22 10:11:54.028   245   252 I keystore2: system/security/keystore2/src/maintenance.rs:304 - await a change to 'apexd.status'...
05-22 10:11:54.028   245   245 I keystore2: system/security/keystore2/src/keystore2_main.rs:105 - Starting thread pool now.
05-22 10:11:54.029   245   253 I keystore2: system/security/keystore2/src/globals.rs:474 - monitoring for sys.boot_completed=1
05-22 10:11:54.030   245   245 I keystore2: system/security/keystore2/src/globals.rs:282 - KeyMint device is current version (Some(400)) for security level: r#TRUSTED_ENVIRONMENT
05-22 10:11:54.032   245   254 I keystore2: system/security/keystore2/src/shared_secret_negotiation.rs:48 - Shared secret negotiation concluded successfully.
05-22 10:11:54.033   245   254 I keystore2: system/security/keystore2/src/shared_secret_negotiation.rs:290 - No StrongBox Keymint available, so no RoT transfer
05-22 10:11:54.033   245   245 I keystore2: system/security/keystore2/src/keystore2_main.rs:160 - Successfully registered Keystore 2.0 service.
05-22 10:11:54.033   245   245 I keystore2: system/security/keystore2/src/keystore2_main.rs:162 - Joining thread pool now.
05-22 10:11:54.039   234   234 D vold    : Mounting metadata-encrypted filesystem:/data
05-22 10:11:54.039   234   234 I vold    : AIDL IBootControl not available, falling back to HIDL.
05-22 10:11:54.039   234   234 E vold    : Error getting bootctrl v1.0 module.
05-22 10:11:54.040   234   234 I vold    : [libfs_mgr] superblock s_max_mnt_count:65535,/dev/block/mapper/userdata
05-22 10:11:54.040   234   234 I vold    : [libfs_mgr] Filesystem on /dev/block/mapper/userdata was not cleanly shutdown; state flags: 0x1, incompat feature flags: 0x30046
05-22 10:11:54.199   234   234 I vold    : [libfs_mgr] check_fs(): mount(/dev/block/mapper/userdata,/data,ext4)=0: Success
05-22 10:11:54.206   234   234 I vold    : [libfs_mgr] umount_retry(): unmount(/data) succeeded
05-22 10:11:54.207   234   234 I vold    : [libfs_mgr] Running /system/bin/e2fsck on /dev/block/dm-53
05-22 10:11:54.527   234   234 I vold    : [libfs_mgr] superblock s_max_mnt_count:65535,/dev/block/mapper/userdata
05-22 10:11:54.527   234   234 W vold    : [libfs_mgr] Reserved blocks 32768 is too large; capping to 31457
05-22 10:11:54.528   234   234 I vold    : [libfs_mgr] __mount(source=/dev/block/mapper/userdata,target=/data,type=ext4)=0: Success
05-22 10:11:54.529   234   234 D vold    : Mounted /data
05-22 10:11:54.538   234   234 I Checkpoint: cp_prepareCheckpoint called
05-22 10:11:54.542   234   234 I vold    : fscrypt_initialize_systemwide_keys
05-22 10:11:54.542   234   234 D vold    : Key exists, using: /data/unencrypted/key
05-22 10:11:54.545   234   234 D vold    : Installed fscrypt key with ref e0c66c842839187f885bfcc92a8625b3 to /data
05-22 10:11:54.548   234   234 I vold    : Wrote system DE key reference to:/data/unencrypted/ref
05-22 10:11:54.548   234   234 D vold    : Generating standard storage key
05-22 10:11:54.548   234   234 D vold    : Installed fscrypt key with ref 18fa78178baf0c7085379f00808dc1c8 to /data
05-22 10:11:54.549   234   234 I vold    : Wrote per boot key reference to:/data/unencrypted/per_boot_ref
05-22 10:11:54.558   234   234 I incfs   : Initial API level of the device: 35
05-22 10:11:54.558   234   234 I incfs   : ro.incremental.enable: yes
05-22 10:11:54.558   234   234 I incfs   : isFsAvailable: true
05-22 10:11:54.558   234   234 I incfs   : isFsAvailable: true
05-22 10:11:54.558   234   234 I incfs   : IncFs_Features: v2
05-22 10:11:54.558   245   257 I keystore2: system/security/keystore2/src/maintenance.rs:613 - earlyBootEnded()
05-22 10:11:54.558   245   257 I keystore2: system/security/keystore2/src/maintenance.rs:243 - In early_boot_ended.
05-22 10:11:54.565   245   257 I keystore2: system/security/keystore2/src/globals.rs:81 - Touching Keystore 2.0 database for this first time since boot.
05-22 10:11:54.565   245   257 I keystore2: system/security/keystore2/src/globals.rs:82 - Calling cleanup leftovers.
05-22 10:11:54.565   245   257 I keystore2: system/security/keystore2/src/boot_level_keys.rs:57 - ro.keystore.boot_level_key.strategy not set, inferring from installed KM instances
05-22 10:11:54.565   245   274 I keystore2: system/security/keystore2/src/gc.rs:147 - skip GC as boot not completed
05-22 10:11:54.565   245   257 I keystore2: system/security/keystore2/src/boot_level_keys.rs:115 - In get_level_zero_key: security_level=r#SOFTWARE, deny_later_strategy=EarlyBootOnly
05-22 10:11:54.568   245   257 I keystore2: system/security/keystore2/src/super_key.rs:305 - Starting boot level watcher.
05-22 10:11:54.568   245   275 I keystore2: system/security/keystore2/src/super_key.rs:337 - Read keystore.boot_level value 30
05-22 10:11:54.568   245   275 I keystore2: system/security/keystore2/src/super_key.rs:337 - Read keystore.boot_level value 30
05-22 10:11:54.568   245   257 I keystore2: system/security/keystore2/src/maintenance.rs:214 - Call to earlyBootEnded succeeded for security level TRUSTED_ENVIRONMENT.
05-22 10:11:54.569   245   257 I keystore2: system/security/keystore2/src/maintenance.rs:224 - Call to earlyBootEnded failed for StrongBox as it is not available
05-22 10:11:54.573   245   252 I keystore2: system/security/keystore2/src/maintenance.rs:306 - await a change to 'apexd.status'...notified
05-22 10:11:54.573   245   252 I keystore2: system/security/keystore2/src/maintenance.rs:299 - property 'apexd.status' is now 'Ok("")'
05-22 10:11:54.573   245   252 I keystore2: system/security/keystore2/src/maintenance.rs:304 - await a change to 'apexd.status'...
05-22 10:11:54.581   245   252 I keystore2: system/security/keystore2/src/maintenance.rs:306 - await a change to 'apexd.status'...notified
05-22 10:11:54.581   245   252 I keystore2: system/security/keystore2/src/maintenance.rs:299 - property 'apexd.status' is now 'Ok("starting")'
05-22 10:11:54.581   245   252 I keystore2: system/security/keystore2/src/maintenance.rs:304 - await a change to 'apexd.status'...
05-22 10:11:54.707   245   252 I keystore2: system/security/keystore2/src/maintenance.rs:306 - await a change to 'apexd.status'...notified
05-22 10:11:54.707   245   252 I keystore2: system/security/keystore2/src/maintenance.rs:299 - property 'apexd.status' is now 'Ok("activated")'
05-22 10:11:54.709   245   252 I keystore2: system/security/keystore2/src/maintenance.rs:343 - apex modules += com.android.adbd version 360526000
05-22 10:11:54.709   245   252 I keystore2: system/security/keystore2/src/maintenance.rs:343 - apex modules += com.android.adservices version 360526040
05-22 10:11:54.709   245   252 I keystore2: system/security/keystore2/src/maintenance.rs:343 - apex modules += com.android.apex.cts.shim version 1
05-22 10:11:54.709   245   252 I keystore2: system/security/keystore2/src/maintenance.rs:343 - apex modules += com.android.appsearch version 360526000
05-22 10:11:54.709   245   252 I keystore2: system/security/keystore2/src/maintenance.rs:343 - apex modules += com.android.art version 360526040
05-22 10:11:54.709   245   252 I keystore2: system/security/keystore2/src/maintenance.rs:343 - apex modules += com.android.bt version 360526000
05-22 10:11:54.709   245   252 I keystore2: system/security/keystore2/src/maintenance.rs:343 - apex modules += com.android.cellbroadcast version 360526020
05-22 10:11:54.709   245   252 I keystore2: system/security/keystore2/src/maintenance.rs:343 - apex modules += com.android.configinfrastructure version 360526000
05-22 10:11:54.709   245   252 I keystore2: system/security/keystore2/src/maintenance.rs:343 - apex modules += com.android.conscrypt version 360526000
05-22 10:11:54.709   245   252 I keystore2: system/security/keystore2/src/maintenance.rs:343 - apex modules += com.android.crashrecovery version 360526000
05-22 10:11:54.709   245   252 I keystore2: system/security/keystore2/src/maintenance.rs:343 - apex modules += com.android.devicelock version 1
05-22 10:11:54.709   245   252 I keystore2: system/security/keystore2/src/maintenance.rs:343 - apex modules += com.android.extservices version 360526003
05-22 10:11:54.709   245   252 I keystore2: system/security/keystore2/src/maintenance.rs:343 - apex modules += com.android.hardware.authsecret version 1
05-22 10:11:54.709   245   252 I keystore2: system/security/keystore2/src/maintenance.rs:343 - apex modules += com.android.hardware.cas version 1
05-22 10:11:54.709   245   252 I keystore2: system/security/keystore2/src/maintenance.rs:343 - apex modules += com.android.hardware.contexthub version 1
05-22 10:11:54.709   245   252 I keystore2: system/security/keystore2/src/maintenance.rs:343 - apex modules += com.android.hardware.dumpstate version 1
05-22 10:11:54.709   245   252 I keystore2: system/security/keystore2/src/maintenance.rs:343 - apex modules += com.android.hardware.gatekeeper version 1
05-22 10:11:54.709   245   252 I keystore2: system/security/keystore2/src/maintenance.rs:343 - apex modules += com.android.hardware.neuralnetworks version 1
05-22 10:11:54.709   245   252 I keystore2: system/security/keystore2/src/maintenance.rs:343 - apex modules += com.android.hardware.power version 1
05-22 10:11:54.709   245   252 I keystore2: system/security/keystore2/src/maintenance.rs:343 - apex modules += com.android.hardware.rebootescrow version 1
05-22 10:11:54.709   245   252 I keystore2: system/security/keystore2/src/maintenance.rs:343 - apex modules += com.android.hardware.thermal version 1
05-22 10:11:54.709   245   252 I keystore2: system/security/keystore2/src/maintenance.rs:343 - apex modules += com.android.hardware.threadnetwork version 1
05-22 10:11:54.709   245   252 I keystore2: system/security/keystore2/src/maintenance.rs:343 - apex modules += com.android.hardware.uwb version 1
05-22 10:11:54.709   245   252 I keystore2: system/security/keystore2/src/maintenance.rs:343 - apex modules += com.android.hardware.vibrator version 1
05-22 10:11:54.709   245   252 I keystore2: system/security/keystore2/src/maintenance.rs:343 - apex modules += com.android.healthfitness version 360526040
05-22 10:11:54.709   245   252 I keystore2: system/security/keystore2/src/maintenance.rs:343 - apex modules += com.android.i18n version 1
05-22 10:11:54.709   245   252 I keystore2: system/security/keystore2/src/maintenance.rs:343 - apex modules += com.android.ipsec version 360526000
05-22 10:11:54.709   245   252 I keystore2: system/security/keystore2/src/maintenance.rs:343 - apex modules += com.android.media version 360526000
05-22 10:11:54.709   245   252 I keystore2: system/security/keystore2/src/maintenance.rs:343 - apex modules += com.android.media.swcodec version 360526000
05-22 10:11:54.709   245   252 I keystore2: system/security/keystore2/src/maintenance.rs:343 - apex modules += com.android.mediaprovider version 360526000
05-22 10:11:54.709   245   252 I keystore2: system/security/keystore2/src/maintenance.rs:343 - apex modules += com.android.neuralnetworks version 360526000
05-22 10:11:54.709   245   252 I keystore2: system/security/keystore2/src/maintenance.rs:343 - apex modules += com.android.nfcservices version 360526020
05-22 10:11:54.709   245   252 I keystore2: system/security/keystore2/src/maintenance.rs:343 - apex modules += com.android.ondevicepersonalization version 360526000
05-22 10:11:54.709   245   252 I keystore2: system/security/keystore2/src/maintenance.rs:343 - apex modules += com.android.os.statsd version 360526000
05-22 10:11:54.709   245   252 I keystore2: system/security/keystore2/src/maintenance.rs:343 - apex modules += com.android.permission version 360526020
05-22 10:11:54.709   245   252 I keystore2: system/security/keystore2/src/maintenance.rs:343 - apex modules += com.android.profiling version 360526000
05-22 10:11:54.709   245   252 I keystore2: system/security/keystore2/src/maintenance.rs:343 - apex modules += com.android.resolv version 360526000
05-22 10:11:54.709   245   252 I keystore2: system/security/keystore2/src/maintenance.rs:343 - apex modules += com.android.rkpd version 360526000
05-22 10:11:54.709   245   252 I keystore2: system/security/keystore2/src/maintenance.rs:343 - apex modules += com.android.runtime version 1
05-22 10:11:54.709   245   252 I keystore2: system/security/keystore2/src/maintenance.rs:343 - apex modules += com.android.scheduling version 360526000
05-22 10:11:54.709   245   252 I keystore2: system/security/keystore2/src/maintenance.rs:343 - apex modules += com.android.sdkext version 360526000
05-22 10:11:54.709   245   252 I keystore2: system/security/keystore2/src/maintenance.rs:343 - apex modules += com.android.tethering version 360526040
05-22 10:11:54.709   245   252 I keystore2: system/security/keystore2/src/maintenance.rs:343 - apex modules += com.android.tzdata version 360526000
05-22 10:11:54.709   245   252 I keystore2: system/security/keystore2/src/maintenance.rs:343 - apex modules += com.android.uprobestats version 360526000
05-22 10:11:54.709   245   252 I keystore2: system/security/keystore2/src/maintenance.rs:343 - apex modules += com.android.uwb version 360526040
05-22 10:11:54.709   245   252 I keystore2: system/security/keystore2/src/maintenance.rs:343 - apex modules += com.android.virt version 3
05-22 10:11:54.709   245   252 I keystore2: system/security/keystore2/src/maintenance.rs:343 - apex modules += com.android.wifi version 360526000
05-22 10:11:54.709   245   252 I keystore2: system/security/keystore2/src/maintenance.rs:343 - apex modules += com.google.android.widevine version 190250226
05-22 10:11:54.709   245   252 I keystore2: system/security/keystore2/src/maintenance.rs:518 - set_module_info with 48 modules
05-22 10:11:54.709   245   252 I keystore2: system/security/keystore2/src/maintenance.rs:214 - Call to setAdditionalAttestationInfo succeeded for security level TRUSTED_ENVIRONMENT.
05-22 10:11:54.710   245   252 I keystore2: system/security/keystore2/src/maintenance.rs:224 - Call to setAdditionalAttestationInfo failed for StrongBox as it is not available
05-22 10:11:54.859   234   234 D vold    : fscrypt_init_user0
05-22 10:11:54.859   234   234 D vold    : Preparing: /data/misc/vold/user_keys
05-22 10:11:54.860   234   234 D vold    : Preparing: /data/misc/vold/user_keys/ce
05-22 10:11:54.860   234   234 D vold    : Preparing: /data/misc/vold/user_keys/de
05-22 10:11:54.863   234   234 D vold    : Installed fscrypt key with ref 01e4ac6bfc79e3d13fb6b654fc3a00d6 to /data
05-22 10:11:54.863   234   234 D vold    : Installed de key for user 0
05-22 10:11:54.864   234   234 D vold    : Preparing: /data/data
05-22 10:11:54.864   234   234 D vold    : Preparing: /data/user/0
05-22 10:11:54.865   234   234 D vold    : Preparing: /data/media/obb
05-22 10:11:54.865   234   234 D vold    : fscrypt_prepare_user_storage for volume null, user 0, flags 1
05-22 10:11:54.865   234   234 D vold    : Preparing: /data/system/users/0
05-22 10:11:54.865   234   234 D vold    : Preparing: /data/misc/profiles/cur/0
05-22 10:11:54.866   234   234 D vold    : Preparing: /data/system_de/0
05-22 10:11:54.866   234   234 I vold    : Verified that /data/system_de/0 has the encryption policy 01e4ac6bfc79e3d13fb6b654fc3a00d6 v2 modes 1/4 flags 0x2
05-22 10:11:54.866   234   234 D vold    : Preparing: /data/vendor_de/0
05-22 10:11:54.866   234   234 I vold    : Verified that /data/vendor_de/0 has the encryption policy 01e4ac6bfc79e3d13fb6b654fc3a00d6 v2 modes 1/4 flags 0x2
05-22 10:11:54.867   234   234 D vold    : Preparing: /data/misc_de/0
05-22 10:11:54.867   234   234 I vold    : Verified that /data/misc_de/0 has the encryption policy 01e4ac6bfc79e3d13fb6b654fc3a00d6 v2 modes 1/4 flags 0x2
05-22 10:11:54.867   234   234 D vold    : Preparing: /data/user_de/0
05-22 10:11:54.867   234   234 I vold    : Verified that /data/user_de/0 has the encryption policy 01e4ac6bfc79e3d13fb6b654fc3a00d6 v2 modes 1/4 flags 0x2
05-22 10:11:54.867   234   234 D vold    : /system/bin/vold_prepare_subdirs
05-22 10:11:54.867   234   234 D vold    :     prepare
05-22 10:11:54.867   234   234 D vold    :     
05-22 10:11:54.867   234   234 D vold    :     0
05-22 10:11:54.867   234   234 D vold    :     1
05-22 10:11:54.921   439   439 I odsign  : Trying to retrieve existing HMAC key...
05-22 10:11:54.921   439   439 I odsign  : Trying to retrieve existing keystore key...
05-22 10:11:54.923   439   439 I odsign  : Verified public key signature.
05-22 10:11:54.923   439   439 I odsign  : Initialized Keystore key.
05-22 10:11:54.923   439   439 I odsign  : Found and verified existing public key certificate: /data/misc/odsign/key.cert
05-22 10:11:54.969   440   440 I odrefresh: ART APEX version 360526040
05-22 10:11:55.028   440   440 I odrefresh: Boot images on /system OK (arm64)
05-22 10:11:55.031   440   440 I odrefresh: system_server artifacts on /system OK
05-22 10:11:55.034   439   439 I odsign  : /data/misc/odsign/odsign.info.signature matches.
05-22 10:11:55.034   439   439 I odsign  : Loaded /data/misc/odsign/odsign.info
05-22 10:11:55.034   439   439 I odsign  : All root hashes match.
05-22 10:11:55.034   439   439 I odsign  : odrefresh said artifacts are VALID
05-22 10:11:55.034   439   439 I odsign  : On-device signing done.
05-22 10:11:55.034   439   439 I odsign  : Metrics report is empty
05-22 10:11:55.034   245   275 I keystore2: system/security/keystore2/src/super_key.rs:342 - keystore.boot_level 1000000000 hits maximum 1000000000, finishing.
05-22 10:11:55.304   470   470 I android.hardware.wifi-service: Wifi Hal is booting up...
05-22 10:11:55.305   470   470 I android.hardware.wifi-service: Joining RPC thread pool
05-22 10:11:55.344   511   511 I gsid    : no DSU: No such file or directory
05-22 10:11:55.688   605   605 I installd: installd firing up
05-22 10:11:55.690   610   610 I wificond: wificond is starting up...
05-22 10:11:55.695   610   610 E HidlServiceManagement: Service android.system.wifi.keystore@1.0::IKeystore/default must be in VINTF manifest in order to register/get.
05-22 10:11:55.695   610   610 I wificond: Did not register wifi keystore HIDL HAL service: -2147483648
05-22 10:11:55.822   575   641 D BootAnimation: BootAnimationShownTiming start time: 6382ms
05-22 10:11:56.457   458   458 V Configuration: Updating configuration, locales updated from [] to [en_US]
05-22 10:11:56.690   687   687 D SystemServerTiming: InitBeforeStartServices
05-22 10:11:56.691   687   687 I SystemServer: Entered the Android system server!
05-22 10:11:56.691   687   687 I SystemServerInitThreadPool: Creating instance with 4 threads
05-22 10:11:56.691   687   687 I SystemServer: Reading configuration...
05-22 10:11:56.691   687   687 D SystemServerTiming: ReadingSystemConfig
05-22 10:11:56.692   687   718 D SystemServerTimingAsync: InitThreadPoolExec:ReadingSystemConfig
05-22 10:11:56.692   687   718 I SystemConfig: Reading permissions from /system/etc/sysconfig/enhanced-confirmation.xml
05-22 10:11:56.692   687   718 I SystemConfig: Reading permissions from /system/etc/sysconfig/framework-sysconfig.xml
05-22 10:11:56.692   687   718 I SystemConfig: Reading permissions from /system/etc/sysconfig/hiddenapi-package-whitelist.xml
05-22 10:11:56.692   687   718 I SystemConfig: Reading permissions from /system/etc/sysconfig/initial-package-stopped-states.xml
05-22 10:11:56.692   687   718 I SystemConfig: Reading permissions from /system/etc/sysconfig/package-shareduid-allowlist.xml
05-22 10:11:56.693   687   718 I SystemConfig: Reading permissions from /system/etc/sysconfig/preinstalled-packages-asl-files.xml
05-22 10:11:56.693   687   718 I SystemConfig: Reading permissions from /system/etc/sysconfig/preinstalled-packages-platform-generic-system.xml
05-22 10:11:56.693   687   718 I SystemConfig: Reading permissions from /system/etc/sysconfig/preinstalled-packages-platform-handheld-system.xml
05-22 10:11:56.693   687   718 I SystemConfig: Reading permissions from /system/etc/sysconfig/preinstalled-packages-platform.xml
05-22 10:11:56.694   687   718 I SystemConfig: Reading permissions from /system/etc/sysconfig/preinstalled-packages-strict-signature.xml
05-22 10:11:56.695   687   718 I SystemConfig: Reading permissions from /system/etc/permissions/android.software.credentials.xml
05-22 10:11:56.695   687   718 I SystemConfig: Reading permissions from /system/etc/permissions/android.software.live_wallpaper.xml
05-22 10:11:56.695   687   718 I SystemConfig: Reading permissions from /system/etc/permissions/android.software.webview.xml
05-22 10:11:56.695   687   718 I SystemConfig: Reading permissions from /system/etc/permissions/android.software.window_magnification.xml
05-22 10:11:56.696   687   718 I SystemConfig: Reading permissions from /system/etc/permissions/android.test.base.xml
05-22 10:11:56.696   687   718 I SystemConfig: Reading permissions from /system/etc/permissions/android.test.mock.xml
05-22 10:11:56.696   687   718 I SystemConfig: Reading permissions from /system/etc/permissions/android.test.runner.xml
05-22 10:11:56.696   687   718 I SystemConfig: Reading permissions from /system/etc/permissions/com.android.future.usb.accessory.xml
05-22 10:11:56.696   687   718 I SystemConfig: Reading permissions from /system/etc/permissions/com.android.intentresolver.xml
05-22 10:11:56.696   687   718 I SystemConfig: Reading permissions from /system/etc/permissions/com.android.location.provider.xml
05-22 10:11:56.696   687   718 I SystemConfig: Reading permissions from /system/etc/permissions/com.android.media.remotedisplay.xml
05-22 10:11:56.696   687   718 I SystemConfig: Reading permissions from /system/etc/permissions/com.android.mediadrm.signer.xml
05-22 10:11:56.697   687   718 I SystemConfig: Reading permissions from /system/etc/permissions/com.android.nfc_extras.xml
05-22 10:11:56.697   687   718 I SystemConfig: Reading permissions from /system/etc/permissions/javax.obex.xml
05-22 10:11:56.697   687   718 I SystemConfig: Reading permissions from /system/etc/permissions/org.apache.http.legacy.xml
05-22 10:11:56.697   687   718 I SystemConfig: Reading permissions from /system/etc/permissions/privapp-permissions-google.xml
05-22 10:11:56.697   687   718 I SystemConfig: Reading permissions from /system/etc/permissions/privapp-permissions-platform.xml
05-22 10:11:56.698   687   718 I SystemConfig: Reading permissions from /system/etc/permissions/platform.xml
05-22 10:11:56.699   687   718 I AconfigFlags: Using new flag storage
05-22 10:11:56.699   687   718 I SystemConfig: Reading permissions from /vendor/etc/permissions/android.hardware.bluetooth.xml
05-22 10:11:56.699   687   718 I SystemConfig: Reading permissions from /vendor/etc/permissions/android.hardware.bluetooth_le.xml
05-22 10:11:56.699   687   718 I SystemConfig: Reading permissions from /vendor/etc/permissions/android.hardware.camera.concurrent.prebuilt.xml
05-22 10:11:56.699   687   718 I SystemConfig: Reading permissions from /vendor/etc/permissions/android.hardware.camera.flash-autofocus.prebuilt.xml
05-22 10:11:56.699   687   718 I SystemConfig: Reading permissions from /vendor/etc/permissions/android.hardware.camera.front.prebuilt.xml
05-22 10:11:56.699   687   718 I SystemConfig: Reading permissions from /vendor/etc/permissions/android.hardware.camera.full.prebuilt.xml
05-22 10:11:56.699   687   718 I SystemConfig: Reading permissions from /vendor/etc/permissions/android.hardware.camera.raw.prebuilt.xml
05-22 10:11:56.699   687   718 I SystemConfig: Reading permissions from /vendor/etc/permissions/android.hardware.fingerprint.prebuilt.xml
05-22 10:11:56.699   687   718 I SystemConfig: Reading permissions from /vendor/etc/permissions/android.hardware.hardware_keystore.xml
05-22 10:11:56.700   687   718 I SystemConfig: Reading permissions from /vendor/etc/permissions/android.hardware.identity_credential.xml
05-22 10:11:56.700   687   718 I SystemConfig: Reading permissions from /vendor/etc/permissions/android.hardware.keystore.app_attest_key.xml
05-22 10:11:56.700   687   718 I SystemConfig: Reading permissions from /vendor/etc/permissions/android.hardware.touchscreen.multitouch.jazzhand.xml
05-22 10:11:56.700   687   718 I SystemConfig: Reading permissions from /vendor/etc/permissions/android.hardware.uwb.xml
05-22 10:11:56.700   687   718 I SystemConfig: Reading permissions from /vendor/etc/permissions/android.hardware.vulkan.compute.xml
05-22 10:11:56.700   687   718 I SystemConfig: Reading permissions from /vendor/etc/permissions/android.hardware.vulkan.level.xml
05-22 10:11:56.700   687   718 I SystemConfig: Reading permissions from /vendor/etc/permissions/android.hardware.vulkan.version.xml
05-22 10:11:56.700   687   718 I SystemConfig: Reading permissions from /vendor/etc/permissions/android.hardware.wifi.direct.xml
05-22 10:11:56.700   687   718 I SystemConfig: Reading permissions from /vendor/etc/permissions/android.hardware.wifi.passpoint.xml
05-22 10:11:56.700   687   718 I SystemConfig: Reading permissions from /vendor/etc/permissions/android.hardware.wifi.xml
05-22 10:11:56.700   687   718 I SystemConfig: Reading permissions from /vendor/etc/permissions/android.software.autofill.xml
05-22 10:11:56.700   687   718 I SystemConfig: Reading permissions from /vendor/etc/permissions/android.software.opengles.deqp.level.xml
05-22 10:11:56.700   687   718 I SystemConfig: Reading permissions from /vendor/etc/permissions/android.software.vulkan.deqp.level.xml
05-22 10:11:56.700   687   718 I SystemConfig: Reading permissions from /vendor/etc/permissions/handheld_core_hardware.xml
05-22 10:11:56.700   687   718 I SystemConfig: Reading permissions from /product/etc/sysconfig/disable-zero-touch.xml
05-22 10:11:56.700   687   718 I SystemConfig: Reading permissions from /product/etc/sysconfig/google-hiddenapi-package-whitelist.xml
05-22 10:11:56.701   687   718 I SystemConfig: Reading permissions from /product/etc/sysconfig/google-staged-installer-whitelist.xml
05-22 10:11:56.701   687   718 I SystemConfig: Reading permissions from /product/etc/sysconfig/google.xml
05-22 10:11:56.701   687   718 I SystemConfig: Adding association: com.google.android.as <- com.android.bluetooth
05-22 10:11:56.701   687   718 I SystemConfig: Adding association: com.google.android.as <- com.android.bluetooth.services
05-22 10:11:56.701   687   718 I SystemConfig: Adding association: com.google.android.as <- com.android.phone
05-22 10:11:56.701   687   718 I SystemConfig: Adding association: com.google.android.as <- com.android.providers.contacts
05-22 10:11:56.701   687   718 I SystemConfig: Adding association: com.google.android.as <- com.android.providers.media
05-22 10:11:56.701   687   718 I SystemConfig: Adding association: com.google.android.as <- com.android.providers.telephony
05-22 10:11:56.701   687   718 I SystemConfig: Adding association: com.google.android.as <- com.android.systemui
05-22 10:11:56.701   687   718 I SystemConfig: Adding association: com.google.android.as <- com.google.android.bluetooth
05-22 10:11:56.701   687   718 I SystemConfig: Adding association: com.google.android.as <- com.google.android.bluetooth.services
05-22 10:11:56.701   687   718 I SystemConfig: Adding association: com.google.android.as <- com.google.android.providers.media.module
05-22 10:11:56.701   687   718 I SystemConfig: Adding association: com.google.android.as <- com.google.android.as.oss
05-22 10:11:56.701   687   718 I SystemConfig: Adding association: com.google.android.as.oss <- com.google.android.as
05-22 10:11:56.701   687   718 I SystemConfig: Adding association: com.google.android.as.oss <- com.google.android.aicore
05-22 10:11:56.701   687   718 I SystemConfig: Adding association: com.google.android.as.oss <- com.google.android.apps.nexuslauncher
05-22 10:11:56.701   687   718 W SystemConfig: Tag automatic-rollback-denylisted-app is unknown in /product/etc/sysconfig/google.xml at START_TAG (empty) <automatic-rollback-denylisted-app package='com.android.vending'>@146:72 in java.io.FileReader@aec4dc
05-22 10:11:56.701   687   718 W SystemConfig: Tag automatic-rollback-denylisted-app is unknown in /product/etc/sysconfig/google.xml at START_TAG (empty) <automatic-rollback-denylisted-app package='com.google.android.gms'>@147:75 in java.io.FileReader@aec4dc
05-22 10:11:56.701   687   718 I SystemConfig: Reading permissions from /product/etc/sysconfig/google_build.xml
05-22 10:11:56.702   687   718 I SystemConfig: Reading permissions from /product/etc/sysconfig/initial-package-stopped-states-aosp.xml
05-22 10:11:56.702   687   718 I SystemConfig: Reading permissions from /product/etc/sysconfig/personal-safety.xml
05-22 10:11:56.702   687   718 I SystemConfig: Reading permissions from /product/etc/sysconfig/preinstalled-packages-platform-aosp-product.xml
05-22 10:11:56.702   687   718 I SystemConfig: Reading permissions from /product/etc/sysconfig/preinstalled-packages-platform-handheld-product.xml
05-22 10:11:56.702   687   718 I SystemConfig: Reading permissions from /product/etc/sysconfig/preinstalled-packages-platform-overlays.xml
05-22 10:11:56.702   687   718 I SystemConfig: Reading permissions from /product/etc/sysconfig/preinstalled-packages-platform-telephony-product.xml
05-22 10:11:56.702   687   718 I SystemConfig: Reading permissions from /product/etc/sysconfig/wellbeing.xml
05-22 10:11:56.702   687   718 I SystemConfig: Reading permissions from /product/etc/permissions/android.hardware.telephony.euicc.xml
05-22 10:11:56.702   687   718 I SystemConfig: Reading permissions from /product/etc/permissions/android.software.verified_boot.xml
05-22 10:11:56.702   687   718 I SystemConfig: Reading permissions from /product/etc/permissions/com.android.imsserviceentitlement.xml
05-22 10:11:56.703   687   718 I SystemConfig: Reading permissions from /product/etc/permissions/com.google.android.dialer.support.xml
05-22 10:11:56.703   687   718 I SystemConfig: Reading permissions from /product/etc/permissions/com.google.android.odad.xml
05-22 10:11:56.703   687   718 I SystemConfig: Reading permissions from /product/etc/permissions/privapp-permissions-goldfish.xml
05-22 10:11:56.703   687   718 I SystemConfig: Reading permissions from /product/etc/permissions/privapp-permissions-google-p.xml
05-22 10:11:56.704   687   718 I SystemConfig: Reading permissions from /product/etc/permissions/privapp-permissions-sdk-google.xml
05-22 10:11:56.704   687   718 I SystemConfig: Reading permissions from /product/etc/permissions/split-permissions-google.xml
05-22 10:11:56.705   687   718 I SystemConfig: Reading permissions from /system_ext/etc/sysconfig/android.telephony.satellite.xml
05-22 10:11:56.705   687   718 I SystemConfig: Reading permissions from /system_ext/etc/sysconfig/preinstalled-packages-com.android.google.avatarpicker.xml
05-22 10:11:56.705   687   718 I SystemConfig: Reading permissions from /system_ext/etc/permissions/android.software.theme_picker.xml
05-22 10:11:56.705   687   718 I SystemConfig: Reading permissions from /system_ext/etc/permissions/androidx.window.extensions.xml
05-22 10:11:56.705   687   718 I SystemConfig: Reading permissions from /system_ext/etc/permissions/androidx.window.sidecar.xml
05-22 10:11:56.705   687   718 I SystemConfig: Reading permissions from /system_ext/etc/permissions/appfunctions.extension.xml
05-22 10:11:56.705   687   718 I SystemConfig: Reading permissions from /system_ext/etc/permissions/com.android.carrierconfig.xml
05-22 10:11:56.705   687   718 I SystemConfig: Reading permissions from /system_ext/etc/permissions/com.android.emulator.radio.config.xml
05-22 10:11:56.705   687   718 I SystemConfig: Reading permissions from /system_ext/etc/permissions/com.android.extensions.appfunctions.xml
05-22 10:11:56.705   687   718 I SystemConfig: Reading permissions from /system_ext/etc/permissions/com.android.launcher3.xml
05-22 10:11:56.705   687   718 I SystemConfig: Reading permissions from /system_ext/etc/permissions/com.android.settings.xml
05-22 10:11:56.705   687   718 I SystemConfig: Reading permissions from /system_ext/etc/permissions/com.android.storagemanager.xml
05-22 10:11:56.705   687   718 I SystemConfig: Reading permissions from /system_ext/etc/permissions/com.android.systemui.xml
05-22 10:11:56.706   687   718 I SystemConfig: Reading permissions from /system_ext/etc/permissions/com.google.android.googlesdksetup.xml
05-22 10:11:56.706   687   718 I SystemConfig: Reading permissions from /system_ext/etc/permissions/privapp-permissions-google-se.xml
05-22 10:11:56.706   687   718 I SystemConfig: Reading permissions from /apex/com.android.hardware.threadnetwork/etc/permissions/android.hardware.thread_network.prebuilt.xml
05-22 10:11:56.707   687   718 I SystemConfig: Reading permissions from /apex/com.android.hardware.rebootescrow/etc/permissions/android.hardware.reboot_escrow.prebuilt.xml
05-22 10:11:56.707   687   718 I SystemConfig: Reading permissions from /apex/com.android.hardware.contexthub/etc/permissions/android.hardware.context_hub.prebuilt.xml
05-22 10:11:56.708   687   718 I SystemConfig: Reading permissions from /apex/com.android.devicelock/etc/permissions/com.android.devicelockcontroller.xml
05-22 10:11:56.708   687   718 I SystemConfig: Reading permissions from /apex/com.android.apex.cts.shim/etc/permissions/signature-permission-allowlist.xml
05-22 10:11:56.708   687   718 I SystemConfig: Reading permissions from /apex/com.android.extservices/etc/permissions/privapp_allowlist_com.google.android.ext.services.xml
05-22 10:11:56.709   687   718 I SystemConfig: Reading permissions from /apex/com.android.healthfitness/etc/permissions/privapp_allowlist_com.google.android.healthconnect.controller.xml
05-22 10:11:56.709   687   718 I SystemConfig: Reading permissions from /apex/com.android.cellbroadcast/etc/permissions/privapp_allowlist_com.google.android.cellbroadcastreceiver.xml
05-22 10:11:56.709   687   718 I SystemConfig: Reading permissions from /apex/com.android.cellbroadcast/etc/permissions/privapp_allowlist_com.google.android.cellbroadcastservice.xml
05-22 10:11:56.710   687   718 I SystemConfig: Reading permissions from /apex/com.android.adservices/etc/permissions/privapp_allowlist_com.google.android.adservices.api.xml
05-22 10:11:56.711   687   718 I SystemConfig: Reading permissions from /apex/com.android.nfcservices/etc/permissions/privapp_allowlist_com.google.android.nfc.xml
05-22 10:11:56.711   687   718 I SystemConfig: Reading permissions from /apex/com.android.nfcservices/etc/permissions/privapp_allowlist_com.android.nfc.xml
05-22 10:11:56.712   687   718 I SystemConfig: Reading permissions from /apex/com.android.permission/etc/permissions/privapp_allowlist_com.google.android.permissioncontroller.xml
05-22 10:11:56.712   687   718 I SystemConfig: Reading permissions from /apex/com.android.tethering/etc/permissions/privapp_allowlist_com.google.android.networkstack.tethering.xml
05-22 10:11:56.712   687   718 I SystemConfig: Reading permissions from /apex/com.android.ipsec/etc/permissions/android.net.ipsec.ike.xml
05-22 10:11:56.713   687   718 I SystemConfig: Reading permissions from /apex/com.android.mediaprovider/etc/permissions/privapp_allowlist_com.google.android.providers.media.module.xml
05-22 10:11:56.713   687   718 I SystemConfig: Reading permissions from /apex/com.android.mediaprovider/etc/permissions/privapp_allowlist_com.google.android.photopicker.xml
05-22 10:11:56.714   687   718 I SystemConfig: Reading permissions from /apex/com.android.bt/etc/permissions/privapp_allowlist_com.google.android.bluetooth.xml
05-22 10:11:56.714   687   718 D SystemConfig: /vendor/etc/public.libraries.txt does not exist
05-22 10:11:56.762   687   687 V Configuration: Updating configuration, locales updated from [] to [en_US]
05-22 10:11:56.762   687   687 V Configuration: Updating configuration, locales updated from [] to [en_US]
05-22 10:11:56.763   687   687 D SystemServerTiming: StartServices
05-22 10:11:56.763   687   687 D SystemServerTiming: startBootstrapServices
05-22 10:11:56.763   687   687 D SystemServerTiming: ArtModuleServiceInitializer
05-22 10:11:56.763   687   687 D SystemServerTiming: StartWatchdog
05-22 10:11:56.765   687   687 D SystemServerTiming: InitializeProtoLog
05-22 10:11:56.766   687   687 D SystemServerTiming: PlatformCompat
05-22 10:11:56.766   687   687 D CompatConfig: Found a config file: /system/etc/compatconfig/SystemUI-core-compat-config.xml
05-22 10:11:56.766   687   687 D CompatConfig: Found a config file: /system/etc/compatconfig/TeleService-platform-compat-config.xml
05-22 10:11:56.766   687   687 D CompatConfig: Adding: com.android.server.compat.config.Change@4f196a6
05-22 10:11:56.766   687   687 D CompatConfig: Adding: com.android.server.compat.config.Change@127e8e7
05-22 10:11:56.766   687   687 D CompatConfig: Adding: com.android.server.compat.config.Change@9ebc94
05-22 10:11:56.766   687   687 D CompatConfig: Adding: com.android.server.compat.config.Change@f83933d
05-22 10:11:56.766   687   687 D CompatConfig: Adding: com.android.server.compat.config.Change@107732
05-22 10:11:56.766   687   687 D CompatConfig: Adding: com.android.server.compat.config.Change@e002c83
05-22 10:11:56.766   687   687 D CompatConfig: Found a config file: /system/etc/compatconfig/calendar-provider-compat-config.xml
05-22 10:11:56.766   687   687 D CompatConfig: Adding: com.android.server.compat.config.Change@d9b2639
05-22 10:11:56.766   687   687 D CompatConfig: Found a config file: /system/etc/compatconfig/contacts-provider-platform-compat-config.xml
05-22 10:11:56.766   687   687 D CompatConfig: Adding: com.android.server.compat.config.Change@f8f0ddf
05-22 10:11:56.766   687   687 D CompatConfig: Found a config file: /system/etc/compatconfig/documents-ui-compat-config.xml
05-22 10:11:56.767   687   687 D CompatConfig: Adding: com.android.server.compat.config.Change@8feecf5
05-22 10:11:56.767   687   687 D CompatConfig: Found a config file: /system/etc/compatconfig/framework-location-compat-config.xml
05-22 10:11:56.767   687   687 D CompatConfig: Adding: com.android.server.compat.config.Change@c00a8fb
05-22 10:11:56.767   687   687 D CompatConfig: Adding: com.android.server.compat.config.Change@ce69d18
05-22 10:11:56.767   687   687 D CompatConfig: Adding: com.android.server.compat.config.Change@a9e6371
05-22 10:11:56.767   687   687 D CompatConfig: Adding: com.android.server.compat.config.Change@222f556
05-22 10:11:56.767   687   687 D CompatConfig: Adding: com.android.server.compat.config.Change@626d9d7
05-22 10:11:56.767   687   687 D CompatConfig: Adding: com.android.server.compat.config.Change@83472c4
05-22 10:11:56.767   687   687 D CompatConfig: Adding: com.android.server.compat.config.Change@e4c5ad
05-22 10:11:56.767   687   687 D CompatConfig: Adding: com.android.server.compat.config.Change@67110e2
05-22 10:11:56.767   687   687 D CompatConfig: Found a config file: /system/etc/compatconfig/framework-ondeviceintelligence-platform-compat-config.xml
05-22 10:11:56.767   687   687 D CompatConfig: Found a config file: /system/etc/compatconfig/framework-platform-compat-config.xml
05-22 10:11:56.767   687   687 D CompatConfig: Adding: com.android.server.compat.config.Change@bb50fa9
05-22 10:11:56.767   687   687 D CompatConfig: Adding: com.android.server.compat.config.Change@c93592e
05-22 10:11:56.767   687   687 D CompatConfig: Adding: com.android.server.compat.config.Change@77d2ccf
05-22 10:11:56.767   687   687 D CompatConfig: Adding: com.android.server.compat.config.Change@b0d565c
05-22 10:11:56.767   687   687 D CompatConfig: Adding: com.android.server.compat.config.Change@c25fd65
05-22 10:11:56.767   687   687 D CompatConfig: Adding: com.android.server.compat.config.Change@7fda3a
05-22 10:11:56.767   687   687 D CompatConfig: Adding: com.android.server.compat.config.Change@dc9c6eb
05-22 10:11:56.767   687   687 D CompatConfig: Adding: com.android.server.compat.config.Change@e477c48
05-22 10:11:56.767   687   687 D CompatConfig: Adding: com.android.server.compat.config.Change@3fe0ae1
05-22 10:11:56.767   687   687 D CompatConfig: Adding: com.android.server.compat.config.Change@5816006
05-22 10:11:56.767   687   687 D CompatConfig: Adding: com.android.server.compat.config.Change@dfbe6c7
05-22 10:11:56.767   687   687 D CompatConfig: Adding: com.android.server.compat.config.Change@97c14f4
05-22 10:11:56.767   687   687 D CompatConfig: Adding: com.android.server.compat.config.Change@ef741d
05-22 10:11:56.767   687   687 D CompatConfig: Adding: com.android.server.compat.config.Change@6c37692
05-22 10:11:56.767   687   687 D CompatConfig: Adding: com.android.server.compat.config.Change@6462863
05-22 10:11:56.767   687   687 D CompatConfig: Adding: com.android.server.compat.config.Change@bbf8c60
05-22 10:11:56.767   687   687 D CompatConfig: Adding: com.android.server.compat.config.Change@f943519
05-22 10:11:56.767   687   687 D CompatConfig: Adding: com.android.server.compat.config.Change@49e69de
05-22 10:11:56.767   687   687 D CompatConfig: Adding: com.android.server.compat.config.Change@b68e7bf
05-22 10:11:56.767   687   687 D CompatConfig: Adding: com.android.server.compat.config.Change@f010e8c
05-22 10:11:56.767   687   687 D CompatConfig: Adding: com.android.server.compat.config.Change@22a09d5
05-22 10:11:56.767   687   687 D CompatConfig: Adding: com.android.server.compat.config.Change@aa345ea
05-22 10:11:56.767   687   687 D CompatConfig: Adding: com.android.server.compat.config.Change@3ce40db
05-22 10:11:56.767   687   687 D CompatConfig: Adding: com.android.server.compat.config.Change@af68778
05-22 10:11:56.767   687   687 D CompatConfig: Adding: com.android.server.compat.config.Change@70e6e51
05-22 10:11:56.767   687   687 D CompatConfig: Adding: com.android.server.compat.config.Change@a67d6b6
05-22 10:11:56.767   687   687 D CompatConfig: Adding: com.android.server.compat.config.Change@8660fb7
05-22 10:11:56.767   687   687 D CompatConfig: Adding: com.android.server.compat.config.Change@ac8a324
05-22 10:11:56.767   687   687 D CompatConfig: Adding: com.android.server.compat.config.Change@afa9e8d
05-22 10:11:56.767   687   687 D CompatConfig: Adding: com.android.server.compat.config.Change@712a842
05-22 10:11:56.767   687   687 D CompatConfig: Adding: com.android.server.compat.config.Change@741f053
05-22 10:11:56.767   687   687 D CompatConfig: Adding: com.android.server.compat.config.Change@17ecd90
05-22 10:11:56.767   687   687 D CompatConfig: Adding: com.android.server.compat.config.Change@2ff9689
05-22 10:11:56.767   687   687 D CompatConfig: Adding: com.android.server.compat.config.Change@da7068e
05-22 10:11:56.767   687   687 D CompatConfig: Adding: com.android.server.compat.config.Change@3f13eaf
05-22 10:11:56.767   687   687 D CompatConfig: Adding: com.android.server.compat.config.Change@92b32bc
05-22 10:11:56.767   687   687 D CompatConfig: Adding: com.android.server.compat.config.Change@a421245
05-22 10:11:56.767   687   687 D CompatConfig: Adding: com.android.server.compat.config.Change@610fd9a
05-22 10:11:56.767   687   687 D CompatConfig: Adding: com.android.server.compat.config.Change@19d16cb
05-22 10:11:56.767   687   687 D CompatConfig: Adding: com.android.server.compat.config.Change@8d6bea8
05-22 10:11:56.767   687   687 D CompatConfig: Adding: com.android.server.compat.config.Change@f768dc1
05-22 10:11:56.767   687   687 D CompatConfig: Adding: com.android.server.compat.config.Change@8f15966
05-22 10:11:56.767   687   687 D CompatConfig: Adding: com.android.server.compat.config.Change@2e454a7
05-22 10:11:56.767   687   687 D CompatConfig: Adding: com.android.server.compat.config.Change@d2d1d54
05-22 10:11:56.767   687   687 D CompatConfig: Adding: com.android.server.compat.config.Change@e1d44fd
05-22 10:11:56.767   687   687 D CompatConfig: Adding: com.android.server.compat.config.Change@629a5f2
05-22 10:11:56.767   687   687 D CompatConfig: Adding: com.android.server.compat.config.Change@b779443
05-22 10:11:56.767   687   687 D CompatConfig: Adding: com.android.server.compat.config.Change@fe8bac0
05-22 10:11:56.767   687   687 D CompatConfig: Adding: com.android.server.compat.config.Change@f7e33f9
05-22 10:11:56.767   687   687 D CompatConfig: Adding: com.android.server.compat.config.Change@8282f3e
05-22 10:11:56.767   687   687 D CompatConfig: Adding: com.android.server.compat.config.Change@f75319f
05-22 10:11:56.767   687   687 D CompatConfig: Adding: com.android.server.compat.config.Change@9fec2ec
05-22 10:11:56.767   687   687 D CompatConfig: Adding: com.android.server.compat.config.Change@f6516b5
05-22 10:11:56.767   687   687 D CompatConfig: Adding: com.android.server.compat.config.Change@ff4014a
05-22 10:11:56.767   687   687 D CompatConfig: Adding: com.android.server.compat.config.Change@c8548bb
05-22 10:11:56.767   687   687 D CompatConfig: Adding: com.android.server.compat.config.Change@c8b21d8
05-22 10:11:56.767   687   687 D CompatConfig: Adding: com.android.server.compat.config.Change@9d6931
05-22 10:11:56.767   687   687 D CompatConfig: Adding: com.android.server.compat.config.Change@5f8e816
05-22 10:11:56.767   687   687 D CompatConfig: Adding: com.android.server.compat.config.Change@8b5b597
05-22 10:11:56.767   687   687 D CompatConfig: Adding: com.android.server.compat.config.Change@c7c8384
05-22 10:11:56.767   687   687 D CompatConfig: Adding: com.android.server.compat.config.Change@d2e676d
05-22 10:11:56.767   687   687 D CompatConfig: Adding: com.android.server.compat.config.Change@b936fa2
05-22 10:11:56.767   687   687 D CompatConfig: Adding: com.android.server.compat.config.Change@3161433
05-22 10:11:56.767   687   687 D CompatConfig: Adding: com.android.server.compat.config.Change@d0053f0
05-22 10:11:56.767   687   687 D CompatConfig: Adding: com.android.server.compat.config.Change@e570d69
05-22 10:11:56.767   687   687 D CompatConfig: Adding: com.android.server.compat.config.Change@95ce3ee
05-22 10:11:56.767   687   687 D CompatConfig: Adding: com.android.server.compat.config.Change@213c08f
05-22 10:11:56.767   687   687 D CompatConfig: Adding: com.android.server.compat.config.Change@4aebf1c
05-22 10:11:56.767   687   687 D CompatConfig: Adding: com.android.server.compat.config.Change@84a1725
05-22 10:11:56.767   687   687 D CompatConfig: Adding: com.android.server.compat.config.Change@63750fa
05-22 10:11:56.767   687   687 D CompatConfig: Adding: com.android.server.compat.config.Change@b95d6ab
05-22 10:11:56.767   687   687 D CompatConfig: Adding: com.android.server.compat.config.Change@976b108
05-22 10:11:56.767   687   687 D CompatConfig: Adding: com.android.server.compat.config.Change@5aa00a1
05-22 10:11:56.767   687   687 D CompatConfig: Adding: com.android.server.compat.config.Change@31982c6
05-22 10:11:56.767   687   687 D CompatConfig: Adding: com.android.server.compat.config.Change@2d93287
05-22 10:11:56.767   687   687 D CompatConfig: Adding: com.android.server.compat.config.Change@f49d5b4
05-22 10:11:56.767   687   687 D CompatConfig: Adding: com.android.server.compat.config.Change@ec505dd
05-22 10:11:56.767   687   687 D CompatConfig: Adding: com.android.server.compat.config.Change@79b0552
05-22 10:11:56.767   687   687 D CompatConfig: Adding: com.android.server.compat.config.Change@80c7023
05-22 10:11:56.767   687   687 D CompatConfig: Adding: com.android.server.compat.config.Change@5889920
05-22 10:11:56.767   687   687 D CompatConfig: Adding: com.android.server.compat.config.Change@89122d9
05-22 10:11:56.767   687   687 D CompatConfig: Adding: com.android.server.compat.config.Change@b40249e
05-22 10:11:56.767   687   687 D CompatConfig: Adding: com.android.server.compat.config.Change@5abeb7f
05-22 10:11:56.767   687   687 D CompatConfig: Adding: com.android.server.compat.config.Change@f2e274c
05-22 10:11:56.767   687   687 D CompatConfig: Adding: com.android.server.compat.config.Change@7681395
05-22 10:11:56.767   687   687 D CompatConfig: Adding: com.android.server.compat.config.Change@785ecaa
05-22 10:11:56.767   687   687 D CompatConfig: Adding: com.android.server.compat.config.Change@79dc09b
05-22 10:11:56.767   687   687 D CompatConfig: Adding: com.android.server.compat.config.Change@1bc6c38
05-22 10:11:56.767   687   687 D CompatConfig: Adding: com.android.server.compat.config.Change@1835411
05-22 10:11:56.767   687   687 D CompatConfig: Adding: com.android.server.compat.config.Change@eae2976
05-22 10:11:56.767   687   687 D CompatConfig: Adding: com.android.server.compat.config.Change@80dcb77
05-22 10:11:56.767   687   687 D CompatConfig: Adding: com.android.server.compat.config.Change@6e813e4
05-22 10:11:56.767   687   687 D CompatConfig: Adding: com.android.server.compat.config.Change@d38204d
