05-26 09:30:29.241   677   677 E SettingsState: invalid override flag name systemui/ssin_edit_choices_before_sending
05-26 09:30:29.241   677   677 E SettingsState: invalid override flag name aicore/AicOnDeviceIntelligence__reset_cache_after_background_download_enabled
05-26 09:30:29.241   677   677 E SettingsState: invalid override flag name device_personalization_services/EchoSmartspace__enable_loud_sound_alert
05-26 09:30:29.241   677   677 E SettingsState: invalid override flag name adservices/measurement_receiver_install_attribution_kill_switch
05-26 09:30:29.241   677   677 E SettingsState: invalid override flag name adservices/fledge_kanon_key_attestation_enabled
05-26 09:30:29.241   677   677 E SettingsState: invalid override flag name adservices/fledge_kanon_join_url_authoriy
05-26 09:30:29.241   677   677 E SettingsState: invalid override flag name aicore/AicModels__enable_consistent_data_update
05-26 09:30:29.241   677   677 E SettingsState: invalid override flag name device_personalization_services/NowPlaying__enable_now_playing_lock_screen_update
05-26 09:30:29.241   677   677 E SettingsState: invalid override flag name adservices/kanon_get_challenge_url
05-26 09:30:29.241   677   677 E SettingsState: invalid override flag name adservices/fledge_auction_server_background_key_fetch_network_read_timeout_ms
05-26 09:30:29.241   677   677 E SettingsState: invalid override flag name device_personalization_services/Captions__surface_sound_events
05-26 09:30:29.241   677   677 E SettingsState: invalid override flag name aicore/AicSafety__deprecated_client_list
05-26 09:30:29.241   677   677 E SettingsState: invalid override flag name adservices/measurement_enable_vtc_configurable_max_event_reports_count
05-26 09:30:29.241   677   677 E SettingsState: invalid override flag name device_personalization_services/SmartNotification__default_bundle_to_unknown_threshold
05-26 09:30:29.241   677   677 E SettingsState: invalid override flag name device_personalization_services/Echo__smartspace_enable_echo_unified_settings
05-26 09:30:29.241   677   677 E SettingsState: invalid override flag name device_personalization_services/Captions__ec_duration_threshold_millis
05-26 09:30:29.241   677   677 E SettingsState: invalid override flag name storage_native_boot/transcode_compat_stale
05-26 09:30:29.241   677   677 E SettingsState: invalid override flag name tare/enable_tare_mode
05-26 09:30:29.241   677   677 E SettingsState: invalid override flag name adservices/fledge_custom_audience_max_activate_in_days
05-26 09:30:29.241   677   677 E SettingsState: invalid override flag name adservices/enable_logged_topic
05-26 09:30:29.241   677   677 E SettingsState: invalid override flag name device_personalization_services/Overview__enable_content_classification_actions
05-26 09:30:29.241   677   677 E SettingsState: invalid override flag name adservices/fledge_auction_server_ad_render_id_max_length
05-26 09:30:29.241   677   677 E SettingsState: invalid override flag name storage_native_boot/charging_required
05-26 09:30:29.241   677   677 E SettingsState: invalid override flag name device_personalization_services/People__pecan_cell_disabled_packages
05-26 09:30:29.241   677   677 E SettingsState: invalid override flag name device_personalization_services/SmartSelect__smart_select_brella_population_name_prefix
05-26 09:30:29.241   677   677 E SettingsState: invalid override flag name odad/log_model_version_westworld
05-26 09:30:29.241   677   677 E SettingsState: invalid override flag name adservices/mdd_logger_kill_switch
05-26 09:30:29.241   677   677 E SettingsState: invalid override flag name launcher/ENABLE_SMARTSPACE_ENHANCED
05-26 09:30:29.241   677   677 E SettingsState: invalid override flag name adservices/fledge_auction_server_background_key_fetch_job_enabled
05-26 09:30:29.241   677   677 E SettingsState: invalid override flag name aicore/AicDataRelease__build_id_6098232831121113138
05-26 09:30:29.241   677   677 E SettingsState: invalid override flag name systemui/apply_sharing_app_limits_in_sysui
05-26 09:30:29.241   677   677 E SettingsState: invalid override flag name credential_manager/enable_credential_manager
05-26 09:30:29.241   677   677 E SettingsState: invalid override flag name adservices/Fledge__enable_schedule_custom_audience_update_additional_schedule_requests
05-26 09:30:29.241   677   677 E SettingsState: invalid override flag name device_personalization_services/PcsHttp__ipc_streaming_throttle_ms
05-26 09:30:29.241   677   677 E SettingsState: invalid override flag name adservices/adservice_system_service_enabled
05-26 09:30:29.241   677   677 E SettingsState: invalid override flag name device_policy_manager/ApplicationExemptions__enable_application_exemptions
05-26 09:30:29.241   677   677 E SettingsState: invalid override flag name adservices/fledge_custom_audience_default_expire_in_days
05-26 09:30:29.241   677   677 E SettingsState: invalid override flag name exo/app_streaming_task_navigation_blocked_components
05-26 09:30:29.241   677   677 E SettingsState: invalid override flag name device_personalization_services/SmartNotification__max_word_count_for_summary
05-26 09:30:29.241   677   677 E SettingsState: invalid override flag name aicore/AicQuota__use_dynamic_request_costs
05-26 09:30:29.241   677   677 E SettingsState: invalid override flag name on_device_personalization/odp_enable_client_error_logging
05-26 09:30:29.241   677   677 E SettingsState: invalid override flag name device_personalization_services/MessageArmour__enable_message_armour_mdd
05-26 09:30:29.241   677   677 E SettingsState: invalid override flag name device_personalization_services/Captions__model_version_v1
05-26 09:30:29.241   677   677 E SettingsState: invalid override flag name device_personalization_services/StatsLog__enable_new_logger_api
05-26 09:30:29.241   677   677 E SettingsState: invalid override flag name systemui/shortcut_appsearch_integration
05-26 09:30:29.241   677   677 E SettingsState: invalid override flag name device_personalization_services/AstreaNetworkUsageLog__reject_unknown_requests
05-26 09:30:29.241   677   677 E SettingsState: invalid override flag name odad/safety_center_persistence_v2_enabled
05-26 09:30:29.241   677   677 E SettingsState: invalid override flag name adservices/enable_back_compat_init
05-26 09:30:29.241   677   677 E SettingsState: invalid override flag name adservices/Measurement__enable_aggregate_debug_reporting
05-26 09:30:29.241   677   677 E SettingsState: invalid override flag name tethering/mdns_advertiser_allowlist_presence_version
05-26 09:30:29.241   677   677 E SettingsState: invalid override flag name adservices/measurement_enable_preinstall_check
05-26 09:30:29.241   677   677 E SettingsState: invalid override flag name systemui/ssin_enabled
05-26 09:30:29.241   677   677 E SettingsState: invalid override flag name adservices/fledge_kanon_set_type_to_sign_join
05-26 09:30:29.241   677   677 E SettingsState: invalid override flag name telephony/ramping_ringer_enabled
05-26 09:30:29.241   677   677 E SettingsState: invalid override flag name on_device_personalization/render_flow_deadline_seconds
05-26 09:30:29.241   677   677 E SettingsState: invalid override flag name device_personalization_services/MessageArmour__max_num_of_alerts_per_day
05-26 09:30:29.241   677   677 E SettingsState: invalid override flag name app_hibernation/app_hibernation_targets_pre_s_apps
05-26 09:30:29.241   677   677 E SettingsState: invalid override flag name odad/log_classification_latency_westworld
05-26 09:30:29.241   677   677 E SettingsState: invalid override flag name adservices/enable_mdd_encryption_keys
05-26 09:30:29.241   677   677 E SettingsState: invalid override flag name netd_native/dot_revalidation_threshold
05-26 09:30:29.241   677   677 E SettingsState: invalid override flag name device_personalization_services/Superpacks__require_idle_by_default
05-26 09:30:29.241   677   677 E SettingsState: invalid override flag name device_personalization_services/ViewSemantics__memory_reduction
05-26 09:30:29.241   677   677 E SettingsState: invalid override flag name device_personalization_services/PlatformLogging__enable_platform_logging_testing
05-26 09:30:29.241   677   677 E SettingsState: invalid override flag name content_capture/enable_contentcapture
05-26 09:30:29.241   677   677 E SettingsState: invalid override flag name adservices/appsetid_kill_switch
05-26 09:30:29.241   677   677 E SettingsState: invalid override flag name adservices/fledge_debug_report_sender_job_flex_ms
05-26 09:30:29.241   677   677 E SettingsState: invalid override flag name device_personalization_services/SmartNotification__summary_model_download_when_unavailable_millis
05-26 09:30:29.241   677   677 E SettingsState: invalid override flag name device_personalization_services/SmartRecPixelSearch__enable_search_on_files
05-26 09:30:29.241   677   677 E SettingsState: invalid override flag name adservices/topics_api_app_request_permits_per_second
05-26 09:30:29.241   677   677 E SettingsState: invalid override flag name aicore/AicSafety__use_flexible_safety_tars_classifier
05-26 09:30:29.241   677   677 E SettingsState: invalid override flag name adservices/DownloadConfig__mdd_package_deny_registry_manifest_file_url
05-26 09:30:29.241   677   677 E SettingsState: invalid override flag name device_personalization_services/NotificationAssistant__enable_upgrade_importance
05-26 09:30:29.242   677   677 E SettingsState: invalid override flag name health_fitness/RateLimiter__max_write_requests_per_15m_foreground
05-26 09:30:29.242   677   677 E SettingsState: invalid override flag name health_fitness/count_migration_state_allowed
05-26 09:30:29.242   677   677 E SettingsState: invalid override flag name device_personalization_services/Overview__enable_proactive_hints
05-26 09:30:29.242   677   677 E SettingsState: invalid override flag name adservices/measurement_api_register_web_trigger_kill_switch
05-26 09:30:29.242   677   677 E SettingsState: invalid override flag name adservices/Measurement__adr_budget_window_length_ms
05-26 09:30:29.242   677   677 E SettingsState: invalid override flag name adservices/fledge_custom_audience_max_expire_in_days
05-26 09:30:29.242   677   677 E SettingsState: invalid override flag name odad/usage_events_risk_utf_score
05-26 09:30:29.242   677   677 E SettingsState: invalid override flag name device_personalization_services/EchoSmartspace__loud_sound_test_threshold_duration_seconds
05-26 09:30:29.242   677   677 E SettingsState: invalid override flag name adservices/fledge_custom_audience_max_num_ads
05-26 09:30:29.242   677   677 E SettingsState: invalid override flag name storage_native_boot/dirty_reclaim_rate
05-26 09:30:29.242   677   677 E SettingsState: invalid override flag name captive_portal_login/use_any_custom_tab_provider
05-26 09:30:29.242   677   677 E SettingsState: invalid override flag name odad/phl_autofill_hint_suspicious_score
05-26 09:30:29.242   677   677 E SettingsState: invalid override flag name adservices/measurement_enable_odp_web_trigger_registration
05-26 09:30:29.242   677   677 E SettingsState: invalid override flag name adservices/enable_back_compat
05-26 09:30:29.242   677   677 E SettingsState: invalid override flag name aicore/AicModels__mdd_maintenance_at_init_enabled
05-26 09:30:29.242   677   677 E SettingsState: invalid override flag name adservices/measurement_enable_delete_reports_on_unrecoverable_exception
05-26 09:30:29.242   677   677 E SettingsState: invalid override flag name adservices/mdd_network_stats_logging_sample_interval
05-26 09:30:29.242   677   677 E SettingsState: invalid override flag name health_fitness/count_migration_state_in_progress
05-26 09:30:29.242   677   677 E SettingsState: invalid override flag name odad/phl_button_scores
05-26 09:30:29.242   677   677 E SettingsState: invalid override flag name input_method/InputMethodManager__hide_ime_when_no_editor_focus
05-26 09:30:29.242   677   677 E SettingsState: invalid override flag name odad/cp_debug_keywords
05-26 09:30:29.242   677   677 E SettingsState: invalid override flag name on_device_personalization/default_scheduling_period_secs
05-26 09:30:29.242   677   677 E SettingsState: invalid override flag name aicore/AicSafety__messages_custom_protection_enabled
05-26 09:30:29.242   677   677 E SettingsState: invalid override flag name media/player_metrics_per_app_user_media_activity_allowlist
05-26 09:30:29.242   677   677 E SettingsState: invalid override flag name notification_assistant/generate_actions
05-26 09:30:29.242   677   677 E SettingsState: invalid override flag name health_fitness/migration_completion_job_run_interval_days
05-26 09:30:29.242   677   677 E SettingsState: invalid override flag name adservices/fledge_auction_server_enable_pas_unlimited_egress
05-26 09:30:29.242   677   677 E SettingsState: invalid override flag name netd_native/max_cache_entries
05-26 09:30:29.242   677   677 E SettingsState: invalid override flag name device_personalization_services/PccFlogger__enable_pcc_flogger_backend
05-26 09:30:29.242   677   677 E SettingsState: invalid override flag name privacy/safety_center_show_subpages
05-26 09:30:29.242   677   677 E SettingsState: invalid override flag name device_personalization_services/VisualCortex__enable
05-26 09:30:29.242   677   677 E SettingsState: invalid override flag name aicore/AicSafety__use_flexible_safety_magic_rewrite_classifier
05-26 09:30:29.242   677   677 E SettingsState: invalid override flag name nnapi_native/telemetry_enable
05-26 09:30:29.242   677   677 E SettingsState: invalid override flag name device_personalization_services/NowPlaying__enable_now_playing_quick_settings
05-26 09:30:29.242   677   677 E SettingsState: invalid override flag name odad/max_low_cost_scanning_apps
05-26 09:30:29.242   677   677 E SettingsState: invalid override flag name odad/max_classification_reports
05-26 09:30:29.242   677   677 E SettingsState: invalid override flag name health_fitness/RateLimiter__max_write_requests_per_24h_background
05-26 09:30:29.242   677   677 E SettingsState: invalid override flag name adservices/fledge_background_fetch_thread_pool_size
05-26 09:30:29.242   677   677 E SettingsState: invalid override flag name connectivity/ipclient_multicast_ns_version
05-26 09:30:29.242   677   677 E SettingsState: invalid override flag name health_fitness/RateLimiter__max_read_requests_per_15m_foreground
05-26 09:30:29.242   677   677 E SettingsState: invalid override flag name adservices/topics_number_of_random_topics
05-26 09:30:29.242   677   677 E SettingsState: invalid override flag name runtime_native_boot/iorap_perfetto_enable
05-26 09:30:29.242   677   677 E SettingsState: invalid override flag name odad/phl_text_box_score
05-26 09:30:29.242   677   677 E SettingsState: invalid override flag name privacy/safety_label_changes_job_interval_millis
05-26 09:30:29.242   677   677 E SettingsState: invalid override flag name on_device_personalization/fcp_enable_authentication
05-26 09:30:29.242   677   677 E SettingsState: invalid override flag name package_manager_service/Archiving__enable_archiving
05-26 09:30:29.242   677   677 E SettingsState: invalid override flag name adservices/mdd_enrollment_manifest_file_url
05-26 09:30:29.242   677   677 E SettingsState: invalid override flag name adservices/protected_signals_cleanup_enabled
05-26 09:30:29.242   677   677 E SettingsState: invalid override flag name exo/use_target_dpi
05-26 09:30:29.242   677   677 E SettingsState: invalid override flag name adservices/topics_on_device_classifier_kill_switch
05-26 09:30:29.242   677   677 E SettingsState: invalid override flag name odad/safety_center_bll_warnings_v2_enabled
05-26 09:30:29.242   677   677 E SettingsState: invalid override flag name textclassifier/manifest_download_max_attempts
05-26 09:30:29.242   677   677 E SettingsState: invalid override flag name content_capture/content_protection_optional_groups_config
05-26 09:30:29.242   677   677 E SettingsState: invalid override flag name aicore/AicFeatures__features
05-26 09:30:29.242   677   677 E SettingsState: invalid override flag name adservices/enrollment_proto_file_enabled
05-26 09:30:29.242   677   677 E SettingsState: invalid override flag name odad/old_versioned_ww_data_enabled
05-26 09:30:29.242   677   677 E SettingsState: invalid override flag name adservices/measurement_async_registration_job_trigger_max_delay_ms
05-26 09:30:29.242   677   677 E SettingsState: invalid override flag name adservices/fledge_custom_audience_per_app_max_count
05-26 09:30:29.242   677   677 E SettingsState: invalid override flag name wifi/abnormal_connection_failure_bugreport_enabled
05-26 09:30:29.242   677   677 E SettingsState: invalid override flag name adservices/measurement_job_aggregate_reporting_kill_switch
05-26 09:30:29.242   677   677 E SettingsState: invalid override flag name device_personalization_services/SmartNotification__application_channel_verify_rules
05-26 09:30:29.242   677   677 E SettingsState: invalid override flag name aicore/AicFeatures__customer_packages
05-26 09:30:29.242   677   677 E SettingsState: invalid override flag name adservices/fledge_auction_server_key_fetch_metrics_enabled
05-26 09:30:29.242   677   677 E SettingsState: invalid override flag name odad/phl_clickable_text_view_score
05-26 09:30:29.242   677   677 E SettingsState: invalid override flag name connectivity/dhcp_init_reboot_enabled
05-26 09:30:29.242   677   677 E SettingsState: invalid override flag name adservices/measurement_enable_aggregatable_report_payload_padding
05-26 09:30:29.242   677   677 E SettingsState: invalid override flag name adservices/fledge_auction_server_join_key_fetch_uri
05-26 09:30:29.242   677   677 E SettingsState: invalid override flag name connectivity/dhcp_ip_conflict_detect_version
05-26 09:30:29.242   677   677 E SettingsState: invalid override flag name device_personalization_services/Captions__enable_drag_and_double_tap_to_resize
05-26 09:30:29.242   677   677 E SettingsState: invalid override flag name odad/bll_classifier_enabled
05-26 09:30:29.242   677   677 E SettingsState: invalid override flag name health_fitness/RateLimiter__max_read_requests_per_24h_background
05-26 09:30:29.242   677   677 E SettingsState: invalid override flag name adservices/measurement_max_sources_per_publisher
05-26 09:30:29.242   677   677 E SettingsState: invalid override flag name device_personalization_services/NowPlaying__enable_now_playing_ipc
05-26 09:30:29.242   677   677 E SettingsState: invalid override flag name privacy/safety_center_background_refresh_denied_sources
05-26 09:30:29.242   677   677 E SettingsState: invalid override flag name privacy/safety_center_background_requires_charging
05-26 09:30:29.242   677   677 E SettingsState: invalid override flag name odad/safety_center_killswitch
05-26 09:30:29.242   677   677 E SettingsState: invalid override flag name aicore/AicModels__mdd_manifest_config
05-26 09:30:29.242   677   677 E SettingsState: invalid override flag name aicore/AicCommon__serving_group_mismatch_exception_enabled
05-26 09:30:29.242   677   677 E SettingsState: invalid override flag name health_fitness/cloud_restore_enable
05-26 09:30:29.242   677   677 E SettingsState: invalid override flag name wifi/health_monitor_ratio_thr_numerator
05-26 09:30:29.242   677   677 E SettingsState: invalid override flag name credential_manager/credential_manager_service_search_uri
05-26 09:30:29.242   677   677 E SettingsState: invalid override flag name adservices/u18_ux_enabled
05-26 09:30:29.242   677   677 E SettingsState: invalid override flag name device_personalization_services/Captions__enable_augmented_modality_input
05-26 09:30:29.242   677   677 E SettingsState: invalid override flag name appsearch/contacts_indexer_enabled
05-26 09:30:29.242   677   677 E SettingsState: invalid override flag name aicore/AicSafety__messages_output_screen_classification_enabled
05-26 09:30:29.242   677   677 E SettingsState: invalid override flag name adservices/measurement_enable_event_level_epsilon_in_source
05-26 09:30:29.242   677   677 E SettingsState: invalid override flag name adservices/measurement_job_delete_uninstalled_kill_switch
05-26 09:30:29.242   677   677 E SettingsState: invalid override flag name connectivity/dhcp_rapid_commit_version
05-26 09:30:29.242   677   677 E SettingsState: invalid override flag name on_device_personalization/fcp_enable_encryption
05-26 09:30:29.242   677   677 E SettingsState: invalid override flag name device_personalization_services/NowPlaying__ambient_music_update_album_art_old_recognitions
05-26 09:30:29.242   677   677 E SettingsState: invalid override flag name adservices/measurement_max_triggers_per_destination
05-26 09:30:29.242   677   677 E SettingsState: invalid override flag name adservices/measurement_default_destination_limit_algorithm
05-26 09:30:29.242   677   677 E SettingsState: invalid override flag name adservices/fledge_debug_report_sender_job_period_ms
05-26 09:30:29.242   677   677 E SettingsState: invalid override flag name adservices/measurement_aggregate_reporting_job_required_network_type
05-26 09:30:29.242   677   677 E SettingsState: invalid override flag name odad/phl_autofill_hint_critical_score
05-26 09:30:29.242   677   677 E SettingsState: invalid override flag name adservices/fledge_background_fetch_network_connect_timeout_ms
05-26 09:30:29.242   677   677 E SettingsState: invalid override flag name device_personalization_services/NotificationAssistant__enable_service
05-26 09:30:29.242   677   677 E SettingsState: invalid override flag name on_device_personalization/web_trigger_flow_deadline_seconds
05-26 09:30:29.242   677   677 E SettingsState: invalid override flag name device_personalization_services/SmartNotification__excluded_packages
05-26 09:30:29.242   677   677 E SettingsState: invalid override flag name launcher_lily/HomeScreenShortcuts__enable_camera_block
05-26 09:30:29.242   677   677 E SettingsState: invalid override flag name adservices/measurement_enforce_foreground_status_register_source
05-26 09:30:29.242   677   677 E SettingsState: invalid override flag name adservices/measurement_event_reports_ctc_early_reporting_windows
05-26 09:30:29.242   677   677 E SettingsState: invalid override flag name adservices/measurement_enforce_foreground_status_register_web_source
05-26 09:30:29.242   677   677 E SettingsState: invalid override flag name device_personalization_services/NoOp__flag_for_droidfood
05-26 09:30:29.242   677   677 E SettingsState: invalid override flag name autofill/trigger_fill_request_on_unimportant_view
05-26 09:30:29.242   677   677 E SettingsState: invalid override flag name device_personalization_services/Superpacks__require_battery_not_low_by_default
05-26 09:30:29.242   677   677 E SettingsState: invalid override flag name configuration/beta_public_launch
05-26 09:30:29.242   677   677 E SettingsState: invalid override flag name device_personalization_services/ViewSemantics__model_version
05-26 09:30:29.242   677   677 E SettingsState: invalid override flag name device_personalization_services/SmartSelect__enable_smart_select_example_cache_on_suggest_selection
05-26 09:30:29.242   677   677 E SettingsState: invalid override flag name interaction_jank_monitor/trace_threshold_frame_time_millis
05-26 09:30:29.242   677   677 E SettingsState: invalid override flag name adservices/enable_appsearch_consent_data
05-26 09:30:29.242   677   677 E SettingsState: invalid override flag name uwb/device_error_bugreport_enabled
05-26 09:30:29.242   677   677 E SettingsState: invalid override flag name aicore/AicSafety__periodic_refresh_only_requested_clients_enabled
05-26 09:30:29.242   677   677 E SettingsState: invalid override flag name device_personalization_services/Overview__enable_pir_westworld_logging
05-26 09:30:29.242   677   677 E SettingsState: invalid override flag name activity_manager_native_boot/modern_queue_enabled
05-26 09:30:29.242   677   677 E SettingsState: invalid override flag name adservices/mdd_maintenance_gcm_task_period_seconds
05-26 09:30:29.242   677   677 E SettingsState: invalid override flag name media/player_metrics_per_app_use_time_allowlist
05-26 09:30:29.242   677   677 E SettingsState: invalid override flag name device_personalization_services/PccStorageStats__directory_report_known_directory_names
05-26 09:30:29.242   677   677 E SettingsState: invalid override flag name device_personalization_services/EchoSmartspace__enable_ambient_data_predictor
05-26 09:30:29.242   677   677 E SettingsState: invalid override flag name textclassifier/manifest_url_annotator_universal
05-26 09:30:29.242   677   677 E SettingsState: invalid override flag name device_personalization_services/SpeechRecognitionService__max_concurrent_recognition_sessions
05-26 09:30:29.242   677   677 E SettingsState: invalid override flag name package_manager_service/MinInstallableTargetSdkStrictMode__install_block_strict_mode_enabled
05-26 09:30:29.242   677   677 E SettingsState: invalid override flag name adservices/fledge_report_impression_api_metrics_enabled
05-26 09:30:29.242   677   677 E SettingsState: invalid override flag name connectivity/ipclient_accept_ipv6_link_local_dns_version
05-26 09:30:29.242   677   677 I SettingsState: 0 flag override requests created
05-26 09:30:29.273   677   677 V Configuration: Updating configuration, locales updated from [] to [en_US]
05-26 09:30:29.305   677   677 D ActivityManager: Freezer timeout set to 10000
05-26 09:30:29.305   677   677 D ActivityManager: Freezer exemption set to false
05-26 09:30:29.305   677   677 I SystemServiceManager: Starting com.android.server.deviceconfig.DeviceConfigInit$Lifecycle
05-26 09:30:29.305   677   740 D ActivityManager: Freezer enabled
05-26 09:30:29.305   677   740 D ActivityManager: freezer override set to false
05-26 09:30:29.305   677   677 I DeviceConfig: Bootstrap values not found
05-26 09:30:29.305   677   677 D SystemServerTiming: StartDropBoxManager
05-26 09:30:29.305   677   677 I SystemServiceManager: Starting com.android.server.DropBoxManagerService
05-26 09:30:29.306   677   677 D SystemServerTiming: StartEnhancedConfirmationService
05-26 09:30:29.306   677   677 I SystemServiceManager: Starting com.android.ecm.EnhancedConfirmationService
05-26 09:30:29.307   677   677 D SystemServerTiming: StartHintManager
05-26 09:30:29.307   677   677 I SystemServiceManager: Starting com.android.server.power.hint.HintManagerService
05-26 09:30:29.309   677   677 D SystemServerTiming: StartRoleManagerService
05-26 09:30:29.310   677   677 I SystemServiceManager: Starting com.android.role.RoleService
05-26 09:30:29.312   677   677 D SystemServerTiming: StartSupervisionService
05-26 09:30:29.312   677   677 I SystemServiceManager: Starting com.android.server.supervision.SupervisionService$Lifecycle
05-26 09:30:29.312   677   677 D SystemServerTiming: StartVibratorManagerService
05-26 09:30:29.312   677   677 I SystemServiceManager: Starting com.android.server.vibrator.VibratorManagerService$Lifecycle
05-26 09:30:29.328   677   677 D SystemServerTiming: StartDynamicSystemService
05-26 09:30:29.328   677   677 D SystemServerTiming: StartAlarmManagerService
05-26 09:30:29.328   677   677 I SystemServiceManager: Starting com.android.server.alarm.AlarmManagerService
05-26 09:30:29.331   677   739 W UserWakeupStore: User wakeup file not available: /data/system/alarms/usersWithAlarmClocks.xml
05-26 09:30:29.331   677   677 D SystemServerTiming: StartInputManagerService
05-26 09:30:29.331   677   677 I SystemServiceManager: Starting com.android.server.input.InputManagerService$Lifecycle
05-26 09:30:29.336   677   677 I InputManager: Initializing input manager, mUseDevInputEventForAudioJack=true
05-26 09:30:29.337   677   677 D SystemServerTiming: DeviceStateManagerService
05-26 09:30:29.337   677   677 I SystemServiceManager: Starting com.android.server.devicestate.DeviceStateManagerService
05-26 09:30:29.338   677   677 E DeviceStateManagerService: Cannot notify device state info change before the initial state has been committed.
05-26 09:30:29.338   677   677 I DeviceStateManagerService: Cannot notify device state info change when pending state is present.
05-26 09:30:29.340   677   677 D SystemServerTiming: StartCameraServiceProxy
05-26 09:30:29.340   677   677 I SystemServiceManager: Starting com.android.server.camera.CameraServiceProxy
05-26 09:30:29.340   677   677 D SystemServerTiming: StartWindowManagerService
05-26 09:30:29.340   677   677 I SystemServiceManager: Starting phase 200
05-26 09:30:29.340   677   677 D SystemServerTiming: OnBootPhase_200
05-26 09:30:29.340   677   677 D SystemServerTiming: OnBootPhase_200_com.android.server.security.FileIntegrityService
05-26 09:30:29.340   677   677 D SystemServerTiming: OnBootPhase_200_com.android.server.pm.Installer
05-26 09:30:29.340   677   677 D SystemServerTiming: OnBootPhase_200_com.android.server.os.DeviceIdentifiersPolicyService
05-26 09:30:29.340   677   677 D SystemServerTiming: OnBootPhase_200_com.android.server.flags.FeatureFlagsService
05-26 09:30:29.340   677   677 D SystemServerTiming: OnBootPhase_200_com.android.server.uri.UriGrantsManagerService$Lifecycle
05-26 09:30:29.340   677   677 D SystemServerTiming: OnBootPhase_200_com.android.server.powerstats.PowerStatsService
05-26 09:30:29.340   677   677 D SystemServerTiming: OnBootPhase_200_com.android.server.permission.access.AccessCheckingService
05-26 09:30:29.340   677   677 D SystemServerTiming: OnBootPhase_200_com.android.server.wm.ActivityTaskManagerService$Lifecycle
05-26 09:30:29.340   677   677 D SystemServerTiming: OnBootPhase_200_com.android.server.am.ActivityManagerService$Lifecycle
05-26 09:30:29.340   677   677 D SystemServerTiming: OnBootPhase_200_com.android.server.pm.DataLoaderManagerService
05-26 09:30:29.340   677   677 D SystemServerTiming: OnBootPhase_200_com.android.server.power.PowerManagerService
05-26 09:30:29.340   677   677 D SystemServerTiming: OnBootPhase_200_com.android.server.power.ThermalManagerService
05-26 09:30:29.340   677   677 D SystemServerTiming: OnBootPhase_200_com.android.server.recoverysystem.RecoverySystemService$Lifecycle
05-26 09:30:29.340   677   677 D SystemServerTiming: OnBootPhase_200_com.android.server.lights.LightsService
05-26 09:30:29.340   677   677 D SystemServerTiming: OnBootPhase_200_com.android.server.display.DisplayManagerService
05-26 09:30:29.340   677   677 D SystemServerTiming: OnBootPhase_200_com.android.server.pm.verify.domain.DomainVerificationService
05-26 09:30:29.340   677   677 D SystemServerTiming: OnBootPhase_200_com.android.server.pm.PackageInstallerService$Lifecycle
05-26 09:30:29.340   677   677 D SystemServerTiming: OnBootPhase_200_com.android.server.pm.UserManagerService$LifeCycle
05-26 09:30:29.340   677   677 D SystemServerTiming: OnBootPhase_200_com.android.server.om.OverlayManagerService
05-26 09:30:29.340   677   677 D SystemServerTiming: OnBootPhase_200_com.android.server.resources.ResourcesManagerService
05-26 09:30:29.340   677   677 D SystemServerTiming: OnBootPhase_200_com.android.server.sensorprivacy.SensorPrivacyService
05-26 09:30:29.340   677   677 D SystemServerTiming: OnBootPhase_200_com.android.server.sensors.SensorService
05-26 09:30:29.340   677   677 D SystemServerTiming: OnBootPhase_200_com.android.server.SystemConfigService
05-26 09:30:29.340   677   677 D SystemServerTiming: OnBootPhase_200_com.android.server.BatteryService
05-26 09:30:29.340   677   677 D SystemServerTiming: OnBootPhase_200_com.android.server.usage.UsageStatsService
05-26 09:30:29.340   677   677 D SystemServerTiming: OnBootPhase_200_com.android.server.webkit.WebViewUpdateService
05-26 09:30:29.340   677   677 D SystemServerTiming: OnBootPhase_200_com.android.server.CachedDeviceStateService
05-26 09:30:29.340   677   677 D SystemServerTiming: OnBootPhase_200_com.android.server.BinderCallsStatsService$LifeCycle
05-26 09:30:29.340   677   677 D SystemServerTiming: OnBootPhase_200_com.android.server.LooperStatsService$Lifecycle
05-26 09:30:29.340   677   677 D SystemServerTiming: OnBootPhase_200_com.android.server.rollback.RollbackManagerService
05-26 09:30:29.340   677   677 D SystemServerTiming: OnBootPhase_200_com.android.server.os.NativeTombstoneManagerService
05-26 09:30:29.340   677   677 D SystemServerTiming: OnBootPhase_200_com.android.server.os.BugreportManagerService
05-26 09:30:29.340   677   677 D SystemServerTiming: OnBootPhase_200_com.android.server.gpu.GpuService
05-26 09:30:29.340   677   677 D SystemServerTiming: OnBootPhase_200_com.android.server.security.rkp.RemoteProvisioningService
05-26 09:30:29.340   677   677 D SystemServerTiming: OnBootPhase_200_com.android.server.security.KeyChainSystemService
05-26 09:30:29.340   677   677 D SystemServerTiming: OnBootPhase_200_com.android.server.BinaryTransparencyService
05-26 09:30:29.340   677   677 D SystemServerTiming: OnBootPhase_200_com.android.server.telecom.TelecomLoaderService
05-26 09:30:29.340   677   677 D SystemServerTiming: OnBootPhase_200_com.android.server.accounts.AccountManagerService$Lifecycle
05-26 09:30:29.340   677   677 D SystemServerTiming: OnBootPhase_200_com.android.server.content.ContentService$Lifecycle
05-26 09:30:29.340   677   677 D SystemServerTiming: OnBootPhase_200_com.android.server.deviceconfig.DeviceConfigInit$Lifecycle
05-26 09:30:29.340   677   677 D SystemServerTiming: OnBootPhase_200_com.android.server.DropBoxManagerService
05-26 09:30:29.340   677   677 D SystemServerTiming: OnBootPhase_200_com.android.ecm.EnhancedConfirmationService
05-26 09:30:29.340   677   677 D SystemServerTiming: OnBootPhase_200_com.android.server.power.hint.HintManagerService
05-26 09:30:29.340   677   677 D SystemServerTiming: OnBootPhase_200_com.android.role.RoleService
05-26 09:30:29.340   677   677 D SystemServerTiming: OnBootPhase_200_com.android.server.supervision.SupervisionService$Lifecycle
05-26 09:30:29.340   677   677 D SystemServerTiming: OnBootPhase_200_com.android.server.vibrator.VibratorManagerService$Lifecycle
05-26 09:30:29.340   677   677 D SystemServerTiming: OnBootPhase_200_com.android.server.alarm.AlarmManagerService
05-26 09:30:29.340   677   677 D SystemServerTiming: OnBootPhase_200_com.android.server.input.InputManagerService$Lifecycle
05-26 09:30:29.340   677   677 D SystemServerTiming: OnBootPhase_200_com.android.server.devicestate.DeviceStateManagerService
05-26 09:30:29.340   677   677 D SystemServerTiming: OnBootPhase_200_com.android.server.camera.CameraServiceProxy
05-26 09:30:29.341   677   677 I WindowManager: No existing display settings, starting empty
05-26 09:30:29.341   677   677 I WindowManager: No existing display settings, starting empty
05-26 09:30:29.349   677   677 D SystemServerTiming: SetWindowManagerService
05-26 09:30:29.350   677   677 V Configuration: Updating configuration, locales updated from [] to [en_US]
05-26 09:30:29.350   677   677 V DisplayManagerService: FrozenStateChangeCallback not supported for pid 677
05-26 09:30:29.367   677   677 D SystemServerTiming: WindowManagerServiceOnInitReady
05-26 09:30:29.367   677   731 D WindowManager: DeferredDisplayUpdater: applying DisplayInfo(1080 x 2400) immediately
05-26 09:30:29.369   677   731 W BroadcastLoopers: Found previously unknown looper Thread[android.ui,5,main]
05-26 09:30:29.370   677   677 D SystemServerTiming: StartInputManager
05-26 09:30:29.370   677   791 D SystemServerTimingAsync: InitThreadPoolExec:StartISensorManagerService
05-26 09:30:29.370   677   677 I InputManager: Starting input manager
05-26 09:30:29.370   677   804 D SystemServerTimingAsync: InitThreadPoolExec:StartHidlServices
05-26 09:30:29.370   677   804 D SystemServerTimingAsync: StartHidlServices
05-26 09:30:29.370   677   791 D SystemServerTimingAsync: StartISensorManagerService
05-26 09:30:29.371   677   677 D SystemServerTiming: DisplayManagerWindowManagerAndInputReady
05-26 09:30:29.371   677   677 V LegacyHistoricalRegistry: Interaction before persistence initialized
05-26 09:30:29.371   677   677 D SystemServerTiming: StartBluetoothService
05-26 09:30:29.371   677   677 I SystemServiceManager: Starting com.android.server.bluetooth.BluetoothService
05-26 09:30:29.377   677   677 D SystemServerTiming: IpConnectivityMetrics
05-26 09:30:29.377   677   677 I SystemServiceManager: Starting com.android.server.connectivity.IpConnectivityMetrics
05-26 09:30:29.378   677   677 D SystemServerTiming: NetworkWatchlistService
05-26 09:30:29.378   677   677 I SystemServiceManager: Starting com.android.server.net.watchlist.NetworkWatchlistService$Lifecycle
05-26 09:30:29.381   677   677 I WatchlistSettings: Reload watchlist settings done
05-26 09:30:29.381   677   822 I WatchlistLoggingHandler: Start aggregating watchlist records.
05-26 09:30:29.383   677   677 D SystemServerTiming: PinnerService
05-26 09:30:29.383   677   677 I SystemServiceManager: Starting com.android.server.pinner.PinnerService
05-26 09:30:29.384   677   677 V LegacyHistoricalRegistry: Interaction before persistence initialized
05-26 09:30:29.386   677   677 D SystemServerTiming: SignedConfigService
05-26 09:30:29.386   677   677 D SystemServerTiming: AppIntegrityService
05-26 09:30:29.387   677   677 I SystemServiceManager: Starting com.android.server.integrity.AppIntegrityManagerService
05-26 09:30:29.389   677   677 D SystemServerTiming: StartLogcatManager
05-26 09:30:29.389   677   677 I SystemServiceManager: Starting com.android.server.logcat.LogcatManagerService
05-26 09:30:29.390   677   677 D SystemServerTiming: StartIntrusionDetectionService
05-26 09:30:29.390   677   677 I SystemServiceManager: Starting com.android.server.security.intrusiondetection.IntrusionDetectionService
05-26 09:30:29.391   677   677 D SystemServerTiming: StartAppFunctionManager
05-26 09:30:29.391   677   677 I SystemServiceManager: Starting com.android.server.appfunctions.AppFunctionManagerService
05-26 09:30:29.394   677   677 D SystemServerTiming: StartAdvancedProtectionService
05-26 09:30:29.394   677   677 I SystemServiceManager: Starting com.android.server.security.advancedprotection.AdvancedProtectionService$Lifecycle
05-26 09:30:29.395   677   677 D SystemServerTiming: StartTradeInModeService
05-26 09:30:29.395   677   677 I SystemServiceManager: Starting com.android.server.TradeInModeService
05-26 09:30:29.403   677   739 W PinnerService: Could not find pinlist.meta for "/system_ext/priv-app/NexusLauncherRelease/NexusLauncherRelease.apk": pinning as blob
05-26 09:30:29.408   677   677 I WindowManager: SAFE MODE not enabled
05-26 09:30:29.408   677   677 D SystemServerTiming: StartInputMethodManagerLifecycle
05-26 09:30:29.408   677   677 I SystemServiceManager: Starting com.android.server.inputmethod.InputMethodManagerService$Lifecycle
05-26 09:30:29.414   677   677 D InputMethodManagerService: Schedule initialization for users=[0]
05-26 09:30:29.414   677   826 D InputMethodManagerService: Start initialization for user=0
05-26 09:30:29.415   677   677 D SystemServerTiming: StartAccessibilityManagerService
05-26 09:30:29.415   677   677 I SystemServiceManager: Starting com.android.server.accessibility.AccessibilityManagerService$Lifecycle
05-26 09:30:29.420   677   677 D SystemServerTiming: MakeDisplayReady
05-26 09:30:29.421   677   677 I ActivityTaskManager: Config changes=20005df8 {1.0 ?mcc0mnc [en_US] ldltr sw411dp w411dp h914dp 420dpi nrml long port ?uimode ?night finger qwerty/v/v dpad/v winConfig={ mBounds=Rect(0, 0 - 1080, 2400) mAppBounds=Rect(0, 0 - 1080, 2400) mMaxBounds=Rect(0, 0 - 1080, 2400) mDisplayRotation=ROTATION_0 mWindowingMode=fullscreen mActivityType=undefined mAlwaysOnTop=undefined mRotation=ROTATION_0} s.2 ?fontWeightAdjustment}
05-26 09:30:29.421   677   677 I WindowManager: Override config changes=60007dfc {1.0 ?mcc0mnc [en_US] ldltr sw411dp w411dp h914dp 420dpi nrml long port ?uimode ?night finger qwerty/v/v dpad/v winConfig={ mBounds=Rect(0, 0 - 1080, 2400) mAppBounds=Rect(0, 0 - 1080, 2400) mMaxBounds=Rect(0, 0 - 1080, 2400) mDisplayRotation=ROTATION_0 mWindowingMode=fullscreen mActivityType=undefined mAlwaysOnTop=undefined mRotation=ROTATION_0} s.2 ?fontWeightAdjustment} for displayId=0
05-26 09:30:29.422   677   677 I DisplayDevice: [0] Layerstack set to 0 for local:4619827259835644672
05-26 09:30:29.422   677   677 D DisplayManagerService: supportedStates=[0]
05-26 09:30:29.422   677   677 D DisplayManagerService: possibleInfos={DisplayInfo{"Built-in Screen", displayId 0, displayGroupId 0, FLAG_SECURE, FLAG_SUPPORTS_PROTECTED_BUFFERS, FLAG_TRUSTED, real 1080 x 2400, largest app 2400 x 2400, smallest app 1080 x 1080, appVsyncOff 1000000, presDeadline 16666666, mode 1, renderFrameRate 60.000004, hasArrSupport false, frameRateCategoryRate FrameRateCategoryRate {normal=60.0, high=90.0}, supportedRefreshRates [60.000004], defaultMode 1, userPreferredModeId -1, supportedModes [{id=1, width=1080, height=2400, fps=60.000004, vsync=60.000004, synthetic=false, alternativeRefreshRates=[], supportedHdrTypes=[]}], appsSupportedModes [{id=1, width=1080, height=2400, fps=60.000004, vsync=60.000004, synthetic=false, alternativeRefreshRates=[], supportedHdrTypes=[]}], hdrCapabilities HdrCapabilities{mSupportedHdrTypes=[], mMaxLuminance=500.0, mMaxAverageLuminance=500.0, mMinLuminance=0.0}, isForceSdr false, userDisabledHdrTypes [], minimalPostProcessingSupported false, rotation 0, state UNKNOWN, committedState UNKNOWN, type INTERNAL, uniqueId "local:4619827259835644672", app 1080 x 2400, density 420 (420.0 x 420.0) dpi, layerStack 0, colorMode 0, supportedColorModes [0], address {port=0, model=0x401cec6a7a2b7b}, deviceProductInfo DeviceProductInfo{name=EMU_display_0, manufacturerPnpId=GGL, productId=1, modelYear=null, manufactureDate=ManufactureDate{week=27, year=2006}, connectionToSinkType=1}, removeMode 0, refreshRateOverride 0.0, brightnessMinimum 0.035433073, brightnessMaximum 1.0, brightnessDefault 0.39763778, brightnessDim 0.05, installOrientation ROTATION_0, layoutLimitedRefreshRate null, hdrSdrRatio not_available, thermalRefreshRateThrottling {}, thermalBrightnessThrottlingDataId default, canHostTasks true}}
05-26 09:30:29.422   677   731 D WindowManager: DeferredDisplayUpdater: applying DisplayInfo(1080 x 2400) immediately
05-26 09:30:29.422   677   677 D SystemServerTiming: StartStorageManagerService
05-26 09:30:29.423   677   677 I SystemServiceManager: Starting com.android.server.StorageManagerService$Lifecycle
05-26 09:30:29.423   677   733 W BroadcastLoopers: Found previously unknown looper Thread[android.display,5,main]
05-26 09:30:29.427   677   830 D StorageManagerService: Thinking about reset, mBootCompleted=false, mDaemonConnected=true
05-26 09:30:29.428   677   677 D SystemServerTiming: StartStorageStatsService
05-26 09:30:29.428   677   677 I SystemServiceManager: Starting com.android.server.usage.StorageStatsService$Lifecycle
05-26 09:30:29.428   677   830 D StorageManagerService: Thinking about reset, mBootCompleted=false, mDaemonConnected=true
05-26 09:30:29.436   677   677 D SystemServerTiming: StartUiModeManager
05-26 09:30:29.436   677   677 I SystemServiceManager: Starting com.android.server.UiModeManagerService
05-26 09:30:29.438   677   677 D SystemServerTiming: StartLocaleManagerService
05-26 09:30:29.438   677   677 I SystemServiceManager: Starting com.android.server.locales.LocaleManagerService
05-26 09:30:29.439   677   714 D SystemServerTimingAsync: InitThreadPoolExec:UiModeManager.onStart
05-26 09:30:29.439   677   677 D SystemServerTiming: StartGrammarInflectionService
05-26 09:30:29.439   677   677 I SystemServiceManager: Starting com.android.server.grammaticalinflection.GrammaticalInflectionService
05-26 09:30:29.440   677   677 D SystemServerTiming: StartAppHibernationService
05-26 09:30:29.440   677   677 I SystemServiceManager: Starting com.android.server.apphibernation.AppHibernationService
05-26 09:30:29.442   677   677 D SystemServerTiming: ArtManagerLocal
05-26 09:30:29.444   677   677 D SystemServerTiming: UpdatePackagesIfNeeded
05-26 09:30:29.444   677   677 I Watchdog: Pausing HandlerChecker: main thread for reason: dexopt. Pause count: 1
05-26 09:30:29.446   677   677 I Watchdog: Resuming HandlerChecker: main thread for reason: dexopt. Pause count: 0
05-26 09:30:29.446   677   677 D SystemServerTiming: UpdateMetricsIfNeeded
05-26 09:30:29.446   677   677 D SystemServerTiming: PerformFstrimIfNeeded
05-26 09:30:29.446   677   677 W PackageManager: No disk maintenance in 418071285; running immediately
05-26 09:30:29.446   677   677 D SystemServerTiming: StartLockSettingsService
05-26 09:30:29.446   677   677 I SystemServiceManager: Starting com.android.server.locksettings.LockSettingsService$Lifecycle
05-26 09:30:29.447   677   830 I StorageManagerService: Running fstrim idle maintenance
05-26 09:30:29.449   236   836 D vold    : Starting trim of /data
05-26 09:30:29.449   236   836 W vold    : Trim failed on /data: Operation not supported on transport endpoint
05-26 09:30:29.449   236   836 D vold    : Starting trim of /metadata
05-26 09:30:29.449   236   836 W vold    : Trim failed on /metadata: Operation not supported on transport endpoint
05-26 09:30:29.459   677   677 D SystemServerTiming: StartTestHarnessMode
05-26 09:30:29.459   677   677 I SystemServiceManager: Starting com.android.server.testharness.TestHarnessModeService
05-26 09:30:29.462   677   677 I OemLock : OemLock Hidl HAL not present on device
05-26 09:30:29.462   677   677 D SystemServerTiming: StartDeviceIdleController
05-26 09:30:29.462   677   677 I SystemServiceManager: Starting com.android.server.DeviceIdleController
05-26 09:30:29.467   677   677 D SystemServerTiming: StartDevicePolicyManager
05-26 09:30:29.467   677   677 I SystemServiceManager: Starting com.android.server.devicepolicy.DevicePolicyManagerService$Lifecycle
05-26 09:30:29.477   677   677 I DevicePolicyManager: Current version 6, latest version 6, not upgrading.
05-26 09:30:29.496   677   677 D SystemServerTiming: StartStatusBarManagerService
05-26 09:30:29.497   677   677 D SystemServerTiming: StartMusicRecognitionManagerService
05-26 09:30:29.497   677   677 I SystemServiceManager: Starting com.android.server.musicrecognition.MusicRecognitionManagerService
05-26 09:30:29.499   677   677 D SystemServerTiming: StartContentCaptureService
05-26 09:30:29.499   677   677 I SystemServiceManager: Starting com.android.server.contentcapture.ContentCaptureManagerService
05-26 09:30:29.500   677   677 D SystemServer: AttentionService is not configured on this device
05-26 09:30:29.500   677   677 D SystemServer: RotationResolverService is not configured on this device
05-26 09:30:29.500   677   677 D SystemServerTiming: StartSystemCaptionsManagerService
05-26 09:30:29.500   677   677 I SystemServiceManager: Starting com.android.server.systemcaptions.SystemCaptionsManagerService
05-26 09:30:29.500   677   677 D SystemServerTiming: StartTextToSpeechManagerService
05-26 09:30:29.500   677   677 I SystemServiceManager: Starting com.android.server.texttospeech.TextToSpeechManagerService
05-26 09:30:29.500   677   677 D SystemServerTiming: startWearableSensingService
05-26 09:30:29.500   677   677 I SystemServiceManager: Starting com.android.server.wearable.WearableSensingManagerService
05-26 09:30:29.501   677   677 D SystemServerTiming: startOnDeviceIntelligenceManagerService
05-26 09:30:29.501   677   677 I SystemServiceManager: Starting com.android.server.ondeviceintelligence.OnDeviceIntelligenceManagerService
05-26 09:30:29.501   677   677 D SystemServerTiming: StartAmbientContextService
05-26 09:30:29.501   677   677 I SystemServiceManager: Starting com.android.server.ambientcontext.AmbientContextManagerService
05-26 09:30:29.502   677   677 D SystemServerTiming: StartSpeechRecognitionManagerService
05-26 09:30:29.502   677   677 I SystemServiceManager: Starting com.android.server.speech.SpeechRecognitionManagerService
05-26 09:30:29.503   677   677 D SystemServerTiming: StartAppPredictionService
05-26 09:30:29.503   677   677 I SystemServiceManager: Starting com.android.server.appprediction.AppPredictionManagerService
05-26 09:30:29.504   677   677 D SystemServerTiming: StartContentSuggestionsService
05-26 09:30:29.504   677   677 I SystemServiceManager: Starting com.android.server.contentsuggestions.ContentSuggestionsManagerService
05-26 09:30:29.504   677   677 D SystemServerTiming: StartSearchUiService
05-26 09:30:29.504   677   677 I SystemServiceManager: Starting com.android.server.searchui.SearchUiManagerService
05-26 09:30:29.504   677   677 D SystemServerTiming: StartSmartspaceService
05-26 09:30:29.504   677   677 I SystemServiceManager: Starting com.android.server.smartspace.SmartspaceManagerService
05-26 09:30:29.504   677   677 D SystemServerTiming: StartContextualSearchService
05-26 09:30:29.504   677   677 I SystemServiceManager: Starting com.android.server.contextualsearch.ContextualSearchManagerService
05-26 09:30:29.504   677   677 D SystemServerTiming: InitConnectivityModuleConnector
05-26 09:30:29.504   677   677 D SystemServerTiming: InitNetworkStackClient
05-26 09:30:29.504   677   677 D SystemServerTiming: StartNetworkManagementService
05-26 09:30:29.507   677   677 D SystemServerTiming: StartFontManagerService
05-26 09:30:29.509   677   677 I FontManagerService: Using optimized boot-time font loading.
05-26 09:30:29.510   677   776 D SystemServerTimingAsync: InitThreadPoolExec:FontManagerService_create
05-26 09:30:29.512   677   677 D SystemServerTiming: StartTextServicesManager
05-26 09:30:29.512   677   677 I SystemServiceManager: Starting com.android.server.textservices.TextServicesManagerService$Lifecycle
05-26 09:30:29.513   677   677 D SystemServerTiming: StartTextClassificationManagerService
