05-28 10:50:23.368   600   600 W mediaswcodec: libminijail[600]: compile_file: <fd>(39): previous definition here
05-28 10:50:23.368   600   600 W mediaswcodec: libminijail[600]: logging seccomp filter failures
05-28 10:50:23.368   600   600 I CodecServiceRegistrant: Creating software Codec2 service...
05-28 10:50:23.369   600   600 D C2Store : Default ION heapmask = -1
05-28 10:50:23.369   600   600 D C2Store : Default ION flags = 0
05-28 10:50:23.369   600   600 D C2Store : Default ION align = 0
05-28 10:50:23.371   600   600 I HidlServiceManagement: Registered android.hardware.media.c2@1.2::IComponentStore/software
05-28 10:50:23.371   600   600 I CodecServiceRegistrant: Preferred Codec2 HIDL store is set to "default".
05-28 10:50:23.371   600   600 I CodecServiceRegistrant: Software Codec2 service created and registered.
05-28 10:50:23.371   222   222 I hw-BpHwBinder: onLastStrongRef automatically unlinking death recipients
05-28 10:50:23.373   496   644 W AudioFlinger: no wake lock to update, system not ready yet
05-28 10:50:23.375   496   644 D AudioFlinger: updateHalSupportedLatencyModes_l: thread(13) status -38 supported latency modes: { }
05-28 10:50:23.375   496   496 V APM_AudioPolicyManager: setOutputDevices() AF::createAudioPatch returned 0 patchHandle 12 num_sources 1 num_sinks 1
05-28 10:50:23.375   496   496 V APM_AudioPolicyManager: computeVolume volume source 9, index 0,  devices 0x2, compute internal 1 
05-28 10:50:23.375   496   496 V APM_AudioPolicyManager: computeVolume volume source 10, index 0,  devices 0x2, compute internal 1 
05-28 10:50:23.375   496   496 V APM_AudioPolicyManager: computeVolume volume source 15, index 0,  devices 0x2, compute internal 1 
05-28 10:50:23.375   496   496 I AudioFlinger: openOutput() this 0xb40000719025f840, module 10 Device AUDIO_DEVICE_OUT_TELEPHONY_TX, @:, SamplingRate 48000, Format 0x000001, Channels 0x3, flags 0
05-28 10:50:23.375   496   496 I AudioFlinger: HAL output buffer size 1088 frames, normal sink buffer size 1088 frames
05-28 10:50:23.376   496   496 D AudioFlinger: Failed to add event callback
05-28 10:50:23.376   496   654 I AudioFlinger: AudioFlinger's thread 0xb4000073c03e9770 tid=654 ready to run
05-28 10:50:23.376   496   654 W AudioFlinger: no wake lock to update, system not ready yet
05-28 10:50:23.376   455   523 E android.hardware.audio@7.1-impl.ranchu: getPresentationPosition:510 failure: Result::INVALID_STATE
05-28 10:50:23.376   496   496 V APM_AudioPolicyManager: checkAndSetVolume if deviceTypes is change from none to device 0x10000, need get index 0
05-28 10:50:23.376   496   496 V APM_AudioPolicyManager: checkAndSetVolume if deviceTypes is change from none to device 0x10000, need get index 0
05-28 10:50:23.376   496   496 V APM_AudioPolicyManager: checkAndSetVolume if deviceTypes is change from none to device 0x10000, need get index 0
05-28 10:50:23.376   496   496 V APM_AudioPolicyManager: checkAndSetVolume if deviceTypes is change from none to device 0x10000, need get index 0
05-28 10:50:23.376   496   496 V APM_AudioPolicyManager: checkAndSetVolume if deviceTypes is change from none to device 0x10000, need get index 0
05-28 10:50:23.376   496   496 V APM_AudioPolicyManager: checkAndSetVolume if deviceTypes is change from none to device 0x10000, need get index 0
05-28 10:50:23.376   496   496 V APM_AudioPolicyManager: checkAndSetVolume if deviceTypes is change from none to device 0x10000, need get index 0
05-28 10:50:23.376   496   496 V APM_AudioPolicyManager: checkAndSetVolume if deviceTypes is change from none to device 0x10000, need get index 0
05-28 10:50:23.376   496   496 V APM_AudioPolicyManager: checkAndSetVolume if deviceTypes is change from none to device 0x10000, need get index 0
05-28 10:50:23.376   496   496 V APM_AudioPolicyManager: computeVolume volume source 9, index 0,  devices 0x10000, compute internal 1 
05-28 10:50:23.376   496   496 V APM_AudioPolicyManager: checkAndSetVolume if deviceTypes is change from none to device 0x10000, need get index 0
05-28 10:50:23.376   496   496 V APM_AudioPolicyManager: computeVolume volume source 10, index 0,  devices 0x10000, compute internal 1 
05-28 10:50:23.376   496   496 V APM_AudioPolicyManager: checkAndSetVolume if deviceTypes is change from none to device 0x10000, need get index 0
05-28 10:50:23.376   496   496 V APM_AudioPolicyManager: checkAndSetVolume if deviceTypes is change from none to device 0x10000, need get index 0
05-28 10:50:23.376   496   496 V APM_AudioPolicyManager: checkAndSetVolume if deviceTypes is change from none to device 0x10000, need get index 0
05-28 10:50:23.376   496   496 V APM_AudioPolicyManager: checkAndSetVolume if deviceTypes is change from none to device 0x10000, need get index 0
05-28 10:50:23.376   496   496 V APM_AudioPolicyManager: checkAndSetVolume if deviceTypes is change from none to device 0x10000, need get index 0
05-28 10:50:23.376   496   496 V APM_AudioPolicyManager: computeVolume volume source 15, index 0,  devices 0x10000, compute internal 1 
05-28 10:50:23.377   496   496 V APM_AudioPolicyManager: selectOutputForMusicEffects selected output 13
05-28 10:50:23.377   496   496 V APM_AudioPolicyManager: setOutputDevices caller onNewAudioModulesAvailableInt[[portId:4][io:21, telephony_tx]] device {AUDIO_DEVICE_OUT_TELEPHONY_TX, @:} delayMs 0
05-28 10:50:23.377   496   496 V APM_AudioPolicyManager: setOutputDevices caller onNewAudioModulesAvailableInt[[portId:4][io:21, telephony_tx]] prevDevice {AUDIO_DEVICE_OUT_TELEPHONY_TX, @:}
05-28 10:50:23.377   496   496 V APM_AudioPolicyManager: setOutputDevices caller onNewAudioModulesAvailableInt[[portId:4][io:21, telephony_tx]] changing device to {AUDIO_DEVICE_OUT_TELEPHONY_TX, @:}
05-28 10:50:23.377   496   654 W AudioFlinger: no wake lock to update, system not ready yet
05-28 10:50:23.377   496   654 D AudioFlinger: updateHalSupportedLatencyModes_l: thread(21) status -38 supported latency modes: { }
05-28 10:50:23.378   496   496 V APM_AudioPolicyManager: setOutputDevices() AF::createAudioPatch returned 0 patchHandle 20 num_sources 1 num_sinks 1
05-28 10:50:23.378   496   496 V APM_AudioPolicyManager: computeVolume volume source 9, index 0,  devices 0x10000, compute internal 1 
05-28 10:50:23.378   496   496 V APM_AudioPolicyManager: computeVolume volume source 10, index 0,  devices 0x10000, compute internal 1 
05-28 10:50:23.378   496   496 V APM_AudioPolicyManager: computeVolume volume source 15, index 0,  devices 0x10000, compute internal 1 
05-28 10:50:23.380   496   655 I AudioFlinger: AudioFlinger's thread 0xb4000073c0360a88 tid=655 ready to run
05-28 10:50:23.380   496   655 W AudioFlinger: no wake lock to update, system not ready yet
05-28 10:50:23.381   496   655 W AudioFlinger: no wake lock to update, system not ready yet
05-28 10:50:23.390   496   657 I AudioFlinger: AudioFlinger's thread 0xb4000073c0360a88 tid=657 ready to run
05-28 10:50:23.391   496   659 I AudioFlinger: AudioFlinger's thread 0xb4000073c0360a88 tid=659 ready to run
05-28 10:50:23.392   496   659 W AudioFlinger: no wake lock to update, system not ready yet
05-28 10:50:23.392   496   659 W AudioFlinger: no wake lock to update, system not ready yet
05-28 10:50:23.392   496   496 W libutils.threads: Thread (this=0xb4000073c0360a88): getTid() is undefined before run()
05-28 10:50:23.393   455   641 I r_submix: adev_open(name=audio_hw_if)
05-28 10:50:23.393   496   496 W DeviceHalHidl: getSoundDoseInterface service android.hardware.audio.sounddose.ISoundDoseFactory/default doesn't exist
05-28 10:50:23.393   496   496 W MelReporter: activateHalSoundDoseComputation: HAL cannot provide sound dose interface for module r_submix
05-28 10:50:23.394   496   496 W AudioFlinger: loadHwModule() sound dose reporting is not available
05-28 10:50:23.394   455   641 I r_submix: adev_init_check()
05-28 10:50:23.394   496   496 I AudioFlinger: loadHwModule() Loaded r_submix audio interface, handle 18
05-28 10:50:23.394   455   641 D r_submix: adev_open_input_stream(addr=0)
05-28 10:50:23.394   455   641 I r_submix: adev_open_input_stream(): about to create pipe at index 9, rate 48000, pipe size 4096
05-28 10:50:23.394   455   641 D r_submix: submix_audio_device_create_pipe_l(addr=0, idx=9)
05-28 10:50:23.394   455   641 D r_submix:   now using address 0 for route 9
05-28 10:50:23.394   496   661 I AudioFlinger: AudioFlinger's thread 0xb4000073c0360a88 tid=661 ready to run
05-28 10:50:23.394   455   523 I r_submix: in_standby()
05-28 10:50:23.394   496   661 W AudioFlinger: no wake lock to update, system not ready yet
05-28 10:50:23.394   455   523 I r_submix: in_standby()
05-28 10:50:23.394   496   661 W AudioFlinger: no wake lock to update, system not ready yet
05-28 10:50:23.394   455   641 D r_submix: adev_close_input_stream()
05-28 10:50:23.394   455   641 D r_submix: submix_audio_device_release_pipe_l(idx=9) addr=0
05-28 10:50:23.395   455   641 D r_submix: submix_audio_device_destroy_pipe_l(): pipe destroyed
05-28 10:50:23.397   496   496 W DeviceHalHidl: getSoundDoseInterface service android.hardware.audio.sounddose.ISoundDoseFactory/default doesn't exist
05-28 10:50:23.397   496   496 W MelReporter: activateHalSoundDoseComputation: HAL cannot provide sound dose interface for module bluetooth
05-28 10:50:23.397   496   496 W AudioFlinger: loadHwModule() sound dose reporting is not available
05-28 10:50:23.397   496   496 I AudioFlinger: loadHwModule() Loaded bluetooth audio interface, handle 26
05-28 10:50:23.397   496   496 W FactoryHal: hasAidlHalService android.hardware.audio.effect.IFactory/default: false
05-28 10:50:23.398   222   222 I hwservicemanager: getTransport: Cannot find entry android.hardware.audio.effect@7.1::IEffectsFactory/default in either framework or device VINTF manifest.
05-28 10:50:23.398   496   496 W FactoryHal: hasAidlHalService android.hardware.audio.core.IModule/default: false
05-28 10:50:23.399   221   663 W libc    : Unable to set property "ctl.interface_start" to "aidl/activity": PROP_ERROR_HANDLE_CONTROL_MESSAGE (0x20)
05-28 10:50:23.399   600   649 I isAtLeastRelease: device sdk 36, minsdk 36
05-28 10:50:23.400   600   649 I isAtLeastRelease: active codename REL, to match Baklava
05-28 10:50:23.400   600   649 D C2SoftApvDec: isAtLeastRelease(36, Baklava) says enable: yes
05-28 10:50:23.400   600   649 I mediaswcodec: missing struct descriptor #Param::CoreIndex(--001) for field red of struct #Param::CoreIndex(--002)
05-28 10:50:23.400   600   649 I mediaswcodec: missing struct descriptor #Param::CoreIndex(--001) for field green of struct #Param::CoreIndex(--002)
05-28 10:50:23.400   600   649 I mediaswcodec: missing struct descriptor #Param::CoreIndex(--001) for field blue of struct #Param::CoreIndex(--002)
05-28 10:50:23.400   600   649 I mediaswcodec: missing struct descriptor #Param::CoreIndex(--001) for field white of struct #Param::CoreIndex(--002)
05-28 10:50:23.405   600   649 I isAtLeastRelease: device sdk 36, minsdk 36
05-28 10:50:23.405   600   649 I isAtLeastRelease: active codename REL, to match Baklava
05-28 10:50:23.405   600   649 D C2SoftApvEnc: isAtLeastRelease(36, Baklava) says enable: yes
05-28 10:50:23.425   600   649 I mediaswcodec: missing struct descriptor #Param::CoreIndex(--1812) for field values of struct #Param::CoreIndex(F-11812)
05-28 10:50:23.432   600   649 I mediaswcodec: missing struct descriptor #Param::CoreIndex(--004) for field values of struct #Param::CoreIndex(F-12004)
05-28 10:50:23.432   600   649 I mediaswcodec: missing struct descriptor #Param::CoreIndex(--1812) for field values of struct #Param::CoreIndex(F-11812)
05-28 10:50:23.442   600   649 D C2SoftH263Enc: Given level 3004 does not cover current configuration: adjusting to 3003
05-28 10:50:23.449   600   649 I mediaswcodec: missing struct descriptor #Param::CoreIndex(--004) for field values of struct #Param::CoreIndex(F-12004)
05-28 10:50:23.449   600   649 I mediaswcodec: missing struct descriptor #Param::CoreIndex(--1812) for field values of struct #Param::CoreIndex(F-11812)
05-28 10:50:23.455   452   452 I zygote64: Initializing ART runtime metrics
05-28 10:50:23.464   452   452 D nativeloader: InitDefaultPublicLibraries for_preload=1: libandroid.so:libaaudio.so:libamidi.so:libbinder_ndk.so:libc.so:libcamera2ndk.so:libdl.so:libEGL.so:libGLESv1_CM.so:libGLESv2.so:libGLESv3.so:libicu.so:libicui18n.so:libicuuc.so:libjnigraphics.so:liblog.so:libmediandk.so:libm.so:libnativehelper.so:libnativewindow.so:libOpenMAXAL.so:libOpenSLES.so:libRS.so:libstdc++.so:libsync.so:libvulkan.so:libwebviewchromium_plat_support.so:libz.so
05-28 10:50:23.474   600   649 I C2SoftVpxEnc: setting temporal layering 0 + 0
05-28 10:50:23.474   600   649 I mediaswcodec: missing struct descriptor #Param::CoreIndex(--1812) for field values of struct #Param::CoreIndex(F-11812)
05-28 10:50:23.477   600   649 I C2SoftVpxEnc: setting temporal layering 0 + 0
05-28 10:50:23.477   600   649 I mediaswcodec: missing struct descriptor #Param::CoreIndex(--1812) for field values of struct #Param::CoreIndex(F-11812)
05-28 10:50:23.477   596   621 D MediaCodecsXmlParser: parsing /apex/com.android.media.swcodec/etc/media_codecs.xml...
05-28 10:50:23.478   596   621 D MediaCodecsXmlParser: disabling c2.android.gsm.decoder
05-28 10:50:23.478   596   621 D MediaCodecsXmlParser: disabling c2.android.mpeg2.decoder
05-28 10:50:23.478   596   621 D MediaCodecsXmlParser: disabling c2.android.apv.decoder
05-28 10:50:23.478   596   621 I MediaCodecsXmlParser: codec c2.android.apv.decoder enabled, device sdk 36 >= required 36
05-28 10:50:23.478   596   621 D MediaCodecsXmlParser: disabling c2.android.av1.encoder
05-28 10:50:23.478   596   621 I MediaCodecsXmlParser: codec c2.android.av1.encoder enabled, device sdk 36 >= required 34
05-28 10:50:23.478   596   621 D MediaCodecsXmlParser: disabling c2.android.apv.encoder
05-28 10:50:23.478   596   621 I MediaCodecsXmlParser: codec c2.android.apv.encoder enabled, device sdk 36 >= required 36
05-28 10:50:23.478   596   621 I MediaCodecsXmlParser: Did not find media_codecs_performance.xml in search path
05-28 10:50:23.478   596   621 I MediaCodecsXmlParser: Did not find media_codecs_c2.xml in search path
05-28 10:50:23.478   596   621 D MediaCodecsXmlParser: parsing /vendor/etc/media_codecs_performance_c2.xml...
05-28 10:50:23.479   596   621 D MediaCodecsXmlParser: parsing /vendor/etc/media_codecs.xml...
05-28 10:50:23.479   596   621 D MediaCodecsXmlParser: Ignoring unrecognized tag <MediaCodec> at line 85 of /vendor/etc/media_codecs.xml
05-28 10:50:23.479   596   621 D MediaCodecsXmlParser: Ignoring unrecognized tag <MediaCodec> at line 88 of /vendor/etc/media_codecs.xml
05-28 10:50:23.479   596   621 D MediaCodecsXmlParser: Ignoring unrecognized tag <MediaCodec> at line 91 of /vendor/etc/media_codecs.xml
05-28 10:50:23.479   596   621 D MediaCodecsXmlParser: Ignoring unrecognized tag <MediaCodec> at line 95 of /vendor/etc/media_codecs.xml
05-28 10:50:23.479   596   621 D MediaCodecsXmlParser: Ignoring unrecognized tag <MediaCodec> at line 98 of /vendor/etc/media_codecs.xml
05-28 10:50:23.479   596   621 D MediaCodecsXmlParser: Ignoring unrecognized tag <MediaCodec> at line 101 of /vendor/etc/media_codecs.xml
05-28 10:50:23.479   596   621 D MediaCodecsXmlParser: Ignoring unrecognized tag <MediaCodec> at line 104 of /vendor/etc/media_codecs.xml
05-28 10:50:23.479   596   621 D MediaCodecsXmlParser: parsing /vendor/etc/media_codecs_google_tv.xml...
05-28 10:50:23.480   596   621 D MediaCodecsXmlParser: unable to open media codecs configuration xml file: /vendor/etc/media_codecs_google_tv.xml
05-28 10:50:23.480   596   621 D MediaCodecsXmlParser: parsing /vendor/etc/media_codecs_google_audio.xml...
05-28 10:50:23.480   596   621 D MediaCodecsXmlParser: parsing /vendor/etc/media_codecs_google_telephony.xml...
05-28 10:50:23.480   596   621 D MediaCodecsXmlParser: parsing /vendor/etc/media_codecs_google_video.xml...
05-28 10:50:23.480   596   621 D MediaCodecsXmlParser: parsing /vendor/etc/media_codecs_performance.xml...
05-28 10:50:23.480   596   621 I MediaCodecsXmlParser: Did not find media_codecs_shaping.xml in search path
05-28 10:50:23.480   596   621 I MediaCodecsXmlParser: Did not find media_codecs_shaping.xml in search path
05-28 10:50:23.481   460   525 I GoldfishComponentStore: in init
05-28 10:50:23.481   460   525 I GoldfishComponentStore: loading dll of path libcodec2_goldfish_avcdec.so
05-28 10:50:23.481   460   525 I GoldfishComponentStore: Create()
05-28 10:50:23.481   460   525 I GoldfishComponentStore: created interface
05-28 10:50:23.481   460   525 I GoldfishComponentStore: created interface
05-28 10:50:23.481   596   621 I Codec2InfoBuilder: adding type 'video/avc'
05-28 10:50:23.485   460   460 I GoldfishComponentStore: in init
05-28 10:50:23.485   460   460 I GoldfishComponentStore: loading dll of path libcodec2_goldfish_hevcdec.so
05-28 10:50:23.485   460   460 I GoldfishComponentStore: Create()
05-28 10:50:23.485   460   630 I GoldfishComponentStore: in ~ComponentModule
05-28 10:50:23.485   460   630 I GoldfishComponentStore: unloading dll
05-28 10:50:23.485   460   460 I GoldfishComponentStore: created interface
05-28 10:50:23.485   460   460 I GoldfishComponentStore: created interface
05-28 10:50:23.485   596   621 I Codec2InfoBuilder: adding type 'video/hevc'
05-28 10:50:23.486   460   665 I GoldfishComponentStore: in ~ComponentModule
05-28 10:50:23.486   460   665 I GoldfishComponentStore: unloading dll
05-28 10:50:23.486   460   630 I GoldfishComponentStore: in init
05-28 10:50:23.486   460   630 I GoldfishComponentStore: loading dll of path libcodec2_goldfish_vp8dec.so
05-28 10:50:23.487   460   630 I GoldfishComponentStore: Create()
05-28 10:50:23.487   460   630 I C2GoldfishVpxDec: platform store is 0xb400007765877328, reflector is 0xb4000076e58712f8
05-28 10:50:23.487   460   630 I GoldfishComponentStore: created interface
05-28 10:50:23.487   460   630 I GoldfishComponentStore: created interface
05-28 10:50:23.487   596   621 I Codec2InfoBuilder: adding type 'video/x-vnd.on2.vp8'
05-28 10:50:23.487   460   525 I GoldfishComponentStore: in init
05-28 10:50:23.487   460   525 I GoldfishComponentStore: loading dll of path libcodec2_goldfish_vp9dec.so
05-28 10:50:23.487   460   525 I GoldfishComponentStore: Create()
05-28 10:50:23.487   460   630 I GoldfishComponentStore: in ~ComponentModule
05-28 10:50:23.487   460   630 I GoldfishComponentStore: unloading dll
05-28 10:50:23.487   460   525 I C2GoldfishVpxDec: platform store is 0xb400007765872a48, reflector is 0xb4000076e58710c8
05-28 10:50:23.487   460   525 I GoldfishComponentStore: created interface
05-28 10:50:23.488   460   525 I GoldfishComponentStore: created interface
05-28 10:50:23.488   596   621 I Codec2InfoBuilder: adding type 'video/x-vnd.on2.vp9'
05-28 10:50:23.488   460   665 I GoldfishComponentStore: in ~ComponentModule
05-28 10:50:23.488   460   665 I GoldfishComponentStore: unloading dll
05-28 10:50:23.489   596   621 I Codec2InfoBuilder: adding type 'audio/mp4a-latm'
05-28 10:50:23.493   596   621 I Codec2InfoBuilder: adding type 'audio/mp4a-latm'
05-28 10:50:23.495   596   621 I Codec2InfoBuilder: adding type 'audio/3gpp'
05-28 10:50:23.495   596   621 I Codec2InfoBuilder: adding type 'audio/3gpp'
05-28 10:50:23.496   596   621 I Codec2InfoBuilder: adding type 'audio/amr-wb'
05-28 10:50:23.497   596   621 I Codec2InfoBuilder: adding type 'audio/amr-wb'
05-28 10:50:23.497   600   649 I isAtLeastRelease: device sdk 36, minsdk 36
05-28 10:50:23.497   600   649 I isAtLeastRelease: active codename REL, to match Baklava
05-28 10:50:23.497   600   649 D C2SoftApvDec: isAtLeastRelease(36, Baklava) says enable: yes
05-28 10:50:23.498   596   621 I Codec2InfoBuilder: adding type 'video/apv'
05-28 10:50:23.499   596   621 W VideoCapabilities: Unsupported mime video/apv
05-28 10:50:23.499   600   650 I isAtLeastRelease: device sdk 36, minsdk 36
05-28 10:50:23.499   600   650 I isAtLeastRelease: active codename REL, to match Baklava
05-28 10:50:23.499   600   650 D C2SoftApvEnc: isAtLeastRelease(36, Baklava) says enable: yes
05-28 10:50:23.500   596   621 I Codec2InfoBuilder: adding type 'video/apv'
05-28 10:50:23.501   596   621 W VideoCapabilities: Unsupported mime video/apv
05-28 10:50:23.501   596   621 I Codec2InfoBuilder: adding type 'video/av01'
05-28 10:50:23.502   452   452 D nativeloader: Load libicu_jni.so using APEX ns com_android_art for caller /apex/com.android.art/javalib/core-oj.jar: ok
05-28 10:50:23.504   596   621 I Codec2InfoBuilder: adding type 'video/av01'
05-28 10:50:23.505   600   651 I mediaswcodec: missing struct descriptor #Param::CoreIndex(--1812) for field values of struct #Param::CoreIndex(F-11812)
05-28 10:50:23.505   600   651 I mediaswcodec: missing struct descriptor #Param::CoreIndex(--1812) for field values of struct #Param::CoreIndex(F-11812)
05-28 10:50:23.505   452   452 D zygote64: u_setTimeZoneFilesDirectory("/apex/com.android.tzdata/etc/tz/versioned/9/icu") succeeded. 
05-28 10:50:23.506   596   621 I Codec2InfoBuilder: adding type 'video/av01'
05-28 10:50:23.506   600   650 D C2SoftAomEnc: Given level 0 does not cover current configuration: adjusting to 9000
05-28 10:50:23.507   452   452 D zygote64: I18n APEX ICU file found: /apex/com.android.i18n/etc/icu/icudt76l.dat
05-28 10:50:23.507   596   621 I Codec2InfoBuilder: adding type 'video/avc'
05-28 10:50:23.508   600   669 I mediaswcodec: missing struct descriptor #Param::CoreIndex(--004) for field values of struct #Param::CoreIndex(F-12004)
05-28 10:50:23.508   600   669 I mediaswcodec: missing struct descriptor #Param::CoreIndex(--1812) for field values of struct #Param::CoreIndex(F-11812)
05-28 10:50:23.508   600   669 I mediaswcodec: missing struct descriptor #Param::CoreIndex(--004) for field values of struct #Param::CoreIndex(F-12004)
05-28 10:50:23.508   600   669 I mediaswcodec: missing struct descriptor #Param::CoreIndex(--1812) for field values of struct #Param::CoreIndex(F-11812)
05-28 10:50:23.508   596   621 I Codec2InfoBuilder: adding type 'video/avc'
05-28 10:50:23.508   600   669 D C2SoftAvcEnc: Given level 0 does not cover current configuration: adjusting to 5000
05-28 10:50:23.508   596   621 I Codec2InfoBuilder: adding type 'audio/flac'
05-28 10:50:23.509   596   621 I Codec2InfoBuilder: adding type 'audio/flac'
05-28 10:50:23.509   596   621 I Codec2InfoBuilder: adding type 'audio/g711-alaw'
05-28 10:50:23.510   596   621 I Codec2InfoBuilder: adding type 'audio/g711-mlaw'
05-28 10:50:23.510   596   621 D Codec2InfoBuilder: codec entry for 'c2.android.gsm.decoder' is disabled
05-28 10:50:23.511   596   621 I Codec2InfoBuilder: adding type 'video/3gpp'
05-28 10:50:23.512   600   651 D C2SoftH263Enc: Given level 3004 does not cover current configuration: adjusting to 3003
05-28 10:50:23.512   600   651 D C2SoftH263Enc: Given level 3004 does not cover current configuration: adjusting to 3003
05-28 10:50:23.512   596   621 I Codec2InfoBuilder: adding type 'video/3gpp'
05-28 10:50:23.512   600   649 D C2SoftH263Enc: Given level 0 does not cover current configuration: adjusting to 3003
05-28 10:50:23.513   596   621 I Codec2InfoBuilder: adding type 'video/hevc'
05-28 10:50:23.513   600   649 I mediaswcodec: missing struct descriptor #Param::CoreIndex(--004) for field values of struct #Param::CoreIndex(F-12004)
05-28 10:50:23.514   600   649 I mediaswcodec: missing struct descriptor #Param::CoreIndex(--1812) for field values of struct #Param::CoreIndex(F-11812)
05-28 10:50:23.514   600   649 I mediaswcodec: missing struct descriptor #Param::CoreIndex(--004) for field values of struct #Param::CoreIndex(F-12004)
05-28 10:50:23.514   600   649 I mediaswcodec: missing struct descriptor #Param::CoreIndex(--1812) for field values of struct #Param::CoreIndex(F-11812)
05-28 10:50:23.514   596   621 I Codec2InfoBuilder: adding type 'video/hevc'
05-28 10:50:23.514   452   452 D nativeloader: Load libjavacore.so using APEX ns com_android_art for caller /apex/com.android.art/javalib/core-oj.jar: ok
05-28 10:50:23.514   600   649 D C2SoftHevcEnc: Given level 0 does not cover current configuration: adjusting to 6000
05-28 10:50:23.515   596   621 I Codec2InfoBuilder: adding type 'audio/mpeg'
05-28 10:50:23.516   596   621 D Codec2InfoBuilder: codec entry for 'c2.android.mpeg2.decoder' is disabled
05-28 10:50:23.516   596   621 I Codec2InfoBuilder: adding type 'video/mp4v-es'
05-28 10:50:23.517   452   452 D nativeloader: Load libopenjdk.so using APEX ns com_android_art for caller /apex/com.android.art/javalib/core-oj.jar: ok
05-28 10:50:23.518   596   621 I Codec2InfoBuilder: adding type 'video/mp4v-es'
05-28 10:50:23.519   600   650 D C2SoftMpeg4Enc: Given level 0 does not cover current configuration: adjusting to 4003
05-28 10:50:23.521   596   621 I Codec2InfoBuilder: adding type 'audio/opus'
05-28 10:50:23.522   596   621 I Codec2InfoBuilder: adding type 'audio/opus'
05-28 10:50:23.524   596   621 I Codec2InfoBuilder: adding type 'audio/raw'
05-28 10:50:23.524   596   621 I Codec2InfoBuilder: adding type 'audio/vorbis'
05-28 10:50:23.526   596   621 I Codec2InfoBuilder: adding type 'video/x-vnd.on2.vp8'
05-28 10:50:23.528   600   669 I C2SoftVpxEnc: setting temporal layering 0 + 0
05-28 10:50:23.528   600   669 I mediaswcodec: missing struct descriptor #Param::CoreIndex(--1812) for field values of struct #Param::CoreIndex(F-11812)
05-28 10:50:23.528   600   669 I C2SoftVpxEnc: setting temporal layering 0 + 0
05-28 10:50:23.528   600   669 I mediaswcodec: missing struct descriptor #Param::CoreIndex(--1812) for field values of struct #Param::CoreIndex(F-11812)
05-28 10:50:23.529   596   621 I Codec2InfoBuilder: adding type 'video/x-vnd.on2.vp8'
05-28 10:50:23.531   596   621 I Codec2InfoBuilder: adding type 'video/x-vnd.on2.vp9'
05-28 10:50:23.532   452   452 I zygote64: Using memfd for future sealing
05-28 10:50:23.532   600   651 I C2SoftVpxEnc: setting temporal layering 0 + 0
05-28 10:50:23.533   600   651 I mediaswcodec: missing struct descriptor #Param::CoreIndex(--1812) for field values of struct #Param::CoreIndex(F-11812)
05-28 10:50:23.533   600   651 I C2SoftVpxEnc: setting temporal layering 0 + 0
05-28 10:50:23.533   600   651 I mediaswcodec: missing struct descriptor #Param::CoreIndex(--1812) for field values of struct #Param::CoreIndex(F-11812)
05-28 10:50:23.533   596   621 I Codec2InfoBuilder: adding type 'video/x-vnd.on2.vp9'
05-28 10:50:23.533   600   649 D C2SoftVpxEnc: Given level 0 does not cover current configuration: adjusting to 7000
05-28 10:50:23.534   588   588 W BpBinder: Linking to death on android.media.IMediaPlayerService but there are no threads (yet?) listening to incoming transactions. See ProcessState::startThreadPool and ProcessState::setThreadPoolMaxThreadCount. Generally you should setup the binder threadpool before other initialization steps.
05-28 10:50:23.534   588   588 E CameraProviderManager: deriveBlobDurationEntries: Unexpected number of available blob durations! 0 vs. 0 with filteredSizes size: 0
05-28 10:50:23.534   588   588 E cameraserver: AidlDeviceInfo3: Unable to derive Heic UltraHDR tags based on camera and media capabilities: Invalid argument (-22)
05-28 10:50:23.534   588   588 W CameraProviderManager: Camera provider android.hardware.camera.provider.ICameraProvider/internal/0 says an unknown camera device@1.1/internal/1 now has torch status 1. Curious.
05-28 10:50:23.535   457   627 W GCH_HalVendorTags: ModifyCharacteristicsKeys: failed to get ANDROID_REQUEST_AVAILABLE_SESSION_KEYS
05-28 10:50:23.535   457   627 W GCH_HalVendorTags: ModifyCharacteristicsKeys: failed to get ANDROID_REQUEST_AVAILABLE_SESSION_KEYS
05-28 10:50:23.535   588   588 I CameraProviderManager: Camera provider android.hardware.camera.provider.ICameraProvider/internal/0 ready with 1 camera devices
05-28 10:50:23.535   588   588 W cameraserver: Thread Pool max thread count is 0. Cannot cache binder as linkToDeath cannot be implemented. serviceName: android.hardware.camera.provider.ICameraProvider/internal/1
05-28 10:50:23.536   588   588 I cameraserver: Connecting to new camera provider: android.hardware.camera.provider.ICameraProvider/internal/1, isRemote? 1
05-28 10:50:23.536   588   588 W BpBinder: Linking to death on android.hardware.camera.provider.ICameraProvider but there are no threads (yet?) listening to incoming transactions. See ProcessState::startThreadPool and ProcessState::setThreadPoolMaxThreadCount. Generally you should setup the binder threadpool before other initialization steps.
05-28 10:50:23.536   588   588 I CameraProviderManager: Enumerating new camera device: device@1.1/internal/10
05-28 10:50:23.536   588   588 I CameraProviderManager: Camera provider android.hardware.camera.provider.ICameraProvider/internal/1 ready with 1 camera devices
05-28 10:50:23.536   588   588 D CameraProviderManager: tryGetService: AIDL Camera provider HAL 'android.hardware.camera.provider.ICameraProvider/virtual/0' is not actually available
05-28 10:50:23.536   588   588 W CameraProviderManager: tryToInitializeAidlProviderLocked: AIDL Camera provider HAL 'android.hardware.camera.provider.ICameraProvider/virtual/0' is not actually available
05-28 10:50:23.537   588   588 I CameraService: onDeviceStatusChanged: Status changed for cameraId=1, newStatus=1
05-28 10:50:23.537   588   588 I CameraService: onDeviceStatusChanged: Unknown camera ID 1, a new camera is added
05-28 10:50:23.537   588   588 I CameraService: onDeviceStatusChanged: Status changed for cameraId=10, newStatus=1
05-28 10:50:23.537   588   588 I CameraService: onDeviceStatusChanged: Unknown camera ID 10, a new camera is added
05-28 10:50:23.538   222   222 I hwservicemanager: getTransport: Cannot find entry android.frameworks.cameraservice.service@2.2::ICameraService/default in either framework or device VINTF manifest.
05-28 10:50:23.538   588   588 E HidlServiceManagement: Service android.frameworks.cameraservice.service@2.2::ICameraService/default must be in VINTF manifest in order to register/get.
05-28 10:50:23.538   588   588 W CameraService: onFirstRef: Did not register default android.frameworks.cameraservice.service@2.2
05-28 10:50:23.538   588   588 W cameraserver: Thread Pool max thread count is 0. Cannot cache binder as linkToDeath cannot be implemented. serviceName: android.frameworks.cameraservice.service.ICameraService/default
05-28 10:50:23.538   588   588 I CameraService: CameraService pinged cameraservice proxy
05-28 10:50:23.539   588   588 W cameraserver: Thread Pool max thread count is 0. Cannot cache binder as linkToDeath cannot be implemented. serviceName: media.camera
05-28 10:50:23.539   588   588 I cameraserver: ServiceManager: 0xb4000076646c5470 done instantiate
05-28 10:50:23.539   588   588 W CameraProviderManager: addAidlProviderLocked: Camera provider HAL with name 'android.hardware.camera.provider.ICameraProvider/internal/0' already registered
05-28 10:50:23.539   588   588 W CameraProviderManager: addAidlProviderLocked: Camera provider HAL with name 'android.hardware.camera.provider.ICameraProvider/internal/1' already registered
05-28 10:50:23.615   452   670 I zygote64: Background verification of 159 classes from boot classpath took 26.214ms
05-28 10:50:23.622   452   452 D nativeloader: Load libstats_jni.so using APEX ns com_android_os_statsd for caller /apex/com.android.os.statsd/javalib/framework-statsd.jar: ok
05-28 10:50:23.623   452   452 D Zygote  : begin preload
05-28 10:50:23.623   452   452 I Zygote  : Calling ZygoteHooks.beginPreload()
05-28 10:50:23.671   452   452 I Zygote  : Preloading classes...
05-28 10:50:23.673   452   452 I AconfigPackage: android.media.swcodec.flags is mapped to com.android.media.swcodec
05-28 10:50:23.673   452   452 I AconfigPackage: com.google.android.settings.simplemode.flags is mapped to system_ext
05-28 10:50:23.673   452   452 I AconfigPackage: com.google.android.systemui is mapped to system_ext
05-28 10:50:23.673   452   452 I AconfigPackage: com.google.android.apps.nexuslauncher is mapped to system_ext
05-28 10:50:23.673   452   452 I AconfigPackage: com.android.settings.accessibility is mapped to system_ext
05-28 10:50:23.673   452   452 I AconfigPackage: com.android.settings.flags is mapped to system_ext
05-28 10:50:23.673   452   452 I AconfigPackage: com.google.android.apps.miphone.aiai.matchmaker.overview.ui is mapped to system_ext
05-28 10:50:23.673   452   452 I AconfigPackage: com.google.android.settings.flags is mapped to system_ext
05-28 10:50:23.673   452   452 I AconfigPackage: com.android.launcher3 is mapped to system_ext
05-28 10:50:23.673   452   452 I AconfigPackage: com.android.wallpaper is mapped to system_ext
05-28 10:50:23.673   452   452 I AconfigPackage: com.android.settings.media_drm is mapped to system_ext
05-28 10:50:23.673   452   452 I AconfigPackage: com.android.systemui.accessibility.accessibilitymenu is mapped to system_ext
05-28 10:50:23.673   452   452 I AconfigPackage: com.android.settings.keyboard is mapped to system_ext
05-28 10:50:23.673   452   452 I AconfigPackage: com.android.server.policy.feature.flags is mapped to system_ext
05-28 10:50:23.673   452   452 I AconfigPackage: com.android.settings.factory_reset is mapped to system_ext
05-28 10:50:23.673   452   452 I AconfigPackage: com.google.android.haptics.flags is mapped to system_ext
05-28 10:50:23.674   452   452 I AconfigPackage: com.android.permission.flags is mapped to com.android.permission
05-28 10:50:23.674   452   452 I AconfigPackage: com.android.icu is mapped to com.android.i18n
05-28 10:50:23.675   452   452 I AconfigPackage: com.android.appsearch.flags is mapped to com.android.appsearch
05-28 10:50:23.675   452   452 I AconfigPackage: android.uprobestats.mainline.flags is mapped to com.android.uprobestats
05-28 10:50:23.676   452   452 I AconfigPackage: android.provider.flags is mapped to com.android.configinfrastructure
05-28 10:50:23.676   452   452 I AconfigPackage: com.android.server.deviceconfig is mapped to com.android.configinfrastructure
05-28 10:50:23.677   452   452 I AconfigPackage: com.android.nfc.flags is mapped to system
05-28 10:50:23.677   452   452 I AconfigPackage: android.app.admin.flags is mapped to system
05-28 10:50:23.677   452   452 I AconfigPackage: android.database.sqlite is mapped to system
05-28 10:50:23.677   452   452 I AconfigPackage: com.android.providers.calendar is mapped to system
05-28 10:50:23.677   452   452 I AconfigPackage: com.android.server.power.feature.flags is mapped to system
05-28 10:50:23.677   452   452 I AconfigPackage: com.android.media.performance.flags is mapped to system
05-28 10:50:23.677   452   452 I AconfigPackage: android.app.contextualsearch.flags is mapped to system
05-28 10:50:23.677   452   452 I AconfigPackage: android.app.ondeviceintelligence.flags is mapped to system
05-28 10:50:23.677   452   452 I AconfigPackage: com.android.media.projection.flags is mapped to system
05-28 10:50:23.677   452   452 I AconfigPackage: android.companion is mapped to system
05-28 10:50:23.677   452   452 I AconfigPackage: android.service.controls.flags is mapped to system
05-28 10:50:23.677   452   452 I AconfigPackage: com.android.text.flags is mapped to system
05-28 10:50:23.677   452   452 I AconfigPackage: com.android.providers.contactkeys.flags is mapped to system
05-28 10:50:23.677   452   452 I AconfigPackage: com.android.intentresolver is mapped to system
05-28 10:50:23.677   452   452 I AconfigPackage: android.companion.virtualdevice.flags is mapped to system
05-28 10:50:23.677   452   452 I AconfigPackage: android.uprobestats.flags is mapped to system
05-28 10:50:23.677   452   452 I AconfigPackage: com.android.net.thread.platform.flags is mapped to system
05-28 10:50:23.677   452   452 I AconfigPackage: android.view.contentprotection.flags is mapped to system
05-28 10:50:23.677   452   452 I AconfigPackage: com.android.server.dreams is mapped to system
05-28 10:50:23.677   452   452 I AconfigPackage: com.android.graphics.surfaceflinger.flags is mapped to system
05-28 10:50:23.677   452   452 I AconfigPackage: com.android.hardware.input is mapped to system
05-28 10:50:23.677   452   452 I AconfigPackage: android.sdk is mapped to system
05-28 10:50:23.677   452   452 I AconfigPackage: com.android.input.flags is mapped to system
05-28 10:50:23.677   452   452 I AconfigPackage: android.tracing is mapped to system
05-28 10:50:23.677   452   452 I AconfigPackage: com.android.server.biometrics is mapped to system
05-28 10:50:23.677   452   452 I AconfigPackage: android.view.contentcapture.flags is mapped to system
05-28 10:50:23.677   452   452 I AconfigPackage: android.app.job is mapped to system
05-28 10:50:23.677   452   452 I AconfigPackage: android.content.res is mapped to system
05-28 10:50:23.677   452   452 I AconfigPackage: android.net.platform.flags is mapped to system
05-28 10:50:23.677   452   452 I AconfigPackage: com.android.aconfig.flags is mapped to system
05-28 10:50:23.677   452   452 I AconfigPackage: com.android.graphics.flags is mapped to system
05-28 10:50:23.677   452   452 I AconfigPackage: android.server.app is mapped to system
05-28 10:50:23.677   452   452 I AconfigPackage: android.speech.flags is mapped to system
05-28 10:50:23.677   452   452 I AconfigPackage: com.android.server.stats is mapped to system
05-28 10:50:23.677   452   452 I AconfigPackage: android.hardware.biometrics is mapped to system
05-28 10:50:23.677   452   452 I AconfigPackage: android.car.feature is mapped to system
05-28 10:50:23.677   452   452 I AconfigPackage: android.adpf is mapped to system
05-28 10:50:23.677   452   452 I AconfigPackage: android.location.flags is mapped to system
05-28 10:50:23.677   452   452 I AconfigPackage: com.android.settingslib.flags is mapped to system
05-28 10:50:23.677   452   452 I AconfigPackage: com.android.managedprovisioning.flags is mapped to system
05-28 10:50:23.677   452   452 I AconfigPackage: android.app.assist.flags is mapped to system
05-28 10:50:23.677   452   452 I AconfigPackage: com.android.server.net is mapped to system
05-28 10:50:23.677   452   452 I AconfigPackage: com.android.settingslib.widget.flags is mapped to system
05-28 10:50:23.677   452   452 I AconfigPackage: com.android.internal.camera.flags is mapped to system
05-28 10:50:23.677   452   452 I AconfigPackage: com.android.hardware.libsensor.flags is mapped to system
05-28 10:50:23.677   452   452 I AconfigPackage: com.android.internal.jank is mapped to system
05-28 10:50:23.677   452   452 I AconfigPackage: com.android.providers.settings is mapped to system
05-28 10:50:23.677   452   452 I AconfigPackage: android.multiuser is mapped to system
05-28 10:50:23.677   452   452 I AconfigPackage: com.android.server.power.optimization is mapped to system
05-28 10:50:23.677   452   452 I AconfigPackage: com.android.calllogbackup is mapped to system
05-28 10:50:23.677   452   452 I AconfigPackage: com.android.media.flags is mapped to system
05-28 10:50:23.677   452   452 I AconfigPackage: com.android.server.flags is mapped to system
05-28 10:50:23.677   452   452 I AconfigPackage: com.android.graphics.libvulkan.flags is mapped to system
05-28 10:50:23.677   452   452 I AconfigPackage: android.app.appfunctions.flags is mapped to system
05-28 10:50:23.677   452   452 I AconfigPackage: android.app.smartspace.flags is mapped to system
05-28 10:50:23.677   452   452 I AconfigPackage: com.android.providers.contacts.flags is mapped to system
05-28 10:50:23.677   452   452 I AconfigPackage: com.android.shell.flags is mapped to system
05-28 10:50:23.677   452   452 I AconfigPackage: com.android.media.aaudio is mapped to system
05-28 10:50:23.677   452   452 I AconfigPackage: android.hardware.radio is mapped to system
05-28 10:50:23.677   452   452 I AconfigPackage: com.google.wear.services.infra.flags is mapped to system
05-28 10:50:23.677   452   452 I AconfigPackage: suspend_service.flags is mapped to system
05-28 10:50:23.677   452   452 I AconfigPackage: android.media.midi is mapped to system
05-28 10:50:23.677   452   452 I AconfigPackage: com.android.libcore.readonly is mapped to system
05-28 10:50:23.677   452   452 I AconfigPackage: com.android.settingslib.widget.selectorwithwidgetpreference.flags is mapped to system
05-28 10:50:23.677   452   452 I AconfigPackage: android.service.notification is mapped to system
05-28 10:50:23.677   452   452 I AconfigPackage: com.android.systemui.shared is mapped to system
05-28 10:50:23.677   452   452 I AconfigPackage: android.app.jank is mapped to system
05-28 10:50:23.677   452   452 I AconfigPackage: android.app.wearable is mapped to system
05-28 10:50:23.677   452   452 I AconfigPackage: com.android.media.audio is mapped to system
05-28 10:50:23.677   452   452 I AconfigPackage: android.service.chooser is mapped to system
05-28 10:50:23.677   452   452 I AconfigPackage: com.android.server.compat is mapped to system
05-28 10:50:23.677   452   452 I AconfigPackage: com.android.server.alarm is mapped to system
05-28 10:50:23.677   452   452 I AconfigPackage: com.android.apex.flags is mapped to system
05-28 10:50:23.677   452   452 I AconfigPackage: android.service.quickaccesswallet is mapped to system
05-28 10:50:23.677   452   452 I AconfigPackage: android.app.usage is mapped to system
05-28 10:50:23.677   452   452 I AconfigPackage: com.android.server.accessibility is mapped to system
05-28 10:50:23.677   452   452 I AconfigPackage: android.app.supervision.flags is mapped to system
05-28 10:50:23.677   452   452 I AconfigPackage: com.android.server.utils is mapped to system
05-28 10:50:23.677   452   452 I AconfigPackage: android.chre.flags is mapped to system
05-28 10:50:23.677   452   452 I AconfigPackage: android.content.flags is mapped to system
05-28 10:50:23.677   452   452 I AconfigPackage: android.media.codec is mapped to system
05-28 10:50:23.677   452   452 I AconfigPackage: com.android.internal.os is mapped to system
05-28 10:50:23.677   452   452 I AconfigPackage: com.android.nfc.nci.flags is mapped to system
05-28 10:50:23.677   452   452 I AconfigPackage: android.app is mapped to system
05-28 10:50:23.677   452   452 I AconfigPackage: android.security.keystore2 is mapped to system
05-28 10:50:23.677   452   452 I AconfigPackage: android.crashrecovery.flags is mapped to system
05-28 10:50:23.677   452   452 I AconfigPackage: com.android.tradeinmode.flags is mapped to system
05-28 10:50:23.677   452   452 I AconfigPackage: android.hardware.flags is mapped to system
05-28 10:50:23.677   452   452 I AconfigPackage: com.android.server.telecom.flags is mapped to system
05-28 10:50:23.677   452   452 I AconfigPackage: com.android.settingslib.media.flags is mapped to system
05-28 10:50:23.677   452   452 I AconfigPackage: com.android.server.policy is mapped to system
05-28 10:50:23.677   452   452 I AconfigPackage: android.media.audiopolicy is mapped to system
05-28 10:50:23.677   452   452 I AconfigPackage: com.android.egg.flags is mapped to system
05-28 10:50:23.677   452   452 I AconfigPackage: com.android.internal.compat.flags is mapped to system
05-28 10:50:23.677   452   452 I AconfigPackage: android.security is mapped to system
05-28 10:50:23.677   452   452 I AconfigPackage: android.service.autofill is mapped to system
05-28 10:50:23.677   452   452 I AconfigPackage: com.example.android.aconfig.demo.flags is mapped to system
05-28 10:50:23.677   452   452 I AconfigPackage: android.view.flags is mapped to system
05-28 10:50:23.677   452   452 I AconfigPackage: android.companion.virtual.flags is mapped to system
05-28 10:50:23.677   452   452 I AconfigPackage: com.android.aconfig_new_storage is mapped to system
05-28 10:50:23.677   452   452 I AconfigPackage: com.android.server.feature.flags is mapped to system
05-28 10:50:23.677   452   452 I AconfigPackage: com.android.systemui is mapped to system
05-28 10:50:23.677   452   452 I AconfigPackage: com.android.server.power.batterysaver is mapped to system
05-28 10:50:23.677   452   452 I AconfigPackage: android.widget.flags is mapped to system
05-28 10:50:23.677   452   452 I AconfigPackage: com.android.media.editing.flags is mapped to system
05-28 10:50:23.677   452   452 I AconfigPackage: com.android.media.codec.flags is mapped to system
05-28 10:50:23.677   452   452 I AconfigPackage: com.android.server.powerstats is mapped to system
05-28 10:50:23.677   452   452 I AconfigPackage: com.android.graphics.egl.flags is mapped to system
05-28 10:50:23.677   452   452 I AconfigPackage: com.android.media.audioserver is mapped to system
05-28 10:50:23.677   452   452 I AconfigPackage: com.android.server.deviceidle is mapped to system
05-28 10:50:23.677   452   452 I AconfigPackage: android.nfc is mapped to system
05-28 10:50:23.677   452   452 I AconfigPackage: android.permission.flags is mapped to system
05-28 10:50:23.677   452   452 I AconfigPackage: android.service.voice.flags is mapped to system
05-28 10:50:23.677   452   452 I AconfigPackage: android.content.pm is mapped to system
05-28 10:50:23.677   452   452 I AconfigPackage: com.android.server.power.hint is mapped to system
05-28 10:50:23.677   452   452 I AconfigPackage: android.os is mapped to system
05-28 10:50:23.677   452   452 I AconfigPackage: android.service.dreams is mapped to system
05-28 10:50:23.677   452   452 I AconfigPackage: com.android.graphics.libgui.flags is mapped to system
05-28 10:50:23.677   452   452 I AconfigPackage: android.hardware.usb.flags is mapped to system
05-28 10:50:23.677   452   452 I AconfigPackage: android.provider is mapped to system
05-28 10:50:23.677   452   452 I AconfigPackage: com.android.server.job is mapped to system
05-28 10:50:23.677   452   452 I AconfigPackage: com.android.internal.foldables.flags is mapped to system
05-28 10:50:23.677   452   452 I AconfigPackage: com.android.internal.telephony.flags is mapped to system
05-28 10:50:23.677   452   452 I AconfigPackage: android.webkit is mapped to system
05-28 10:50:23.677   452   452 I AconfigPackage: android.credentials.flags is mapped to system
05-28 10:50:23.677   452   452 I AconfigPackage: com.android.server.display.feature.flags is mapped to system
05-28 10:50:23.677   452   452 I AconfigPackage: com.android.server.notification is mapped to system
05-28 10:50:23.677   452   452 I AconfigPackage: android.appwidget.flags is mapped to system
05-28 10:50:23.677   452   452 I AconfigPackage: com.android.frameworks.sensorservice.flags is mapped to system
05-28 10:50:23.677   452   452 I AconfigPackage: com.android.printspooler.flags is mapped to system
05-28 10:50:23.677   452   452 I AconfigPackage: com.android.window.flags is mapped to system
05-28 10:50:23.677   452   452 I AconfigPackage: android.adaptiveauth is mapped to system
05-28 10:50:23.677   452   452 I AconfigPackage: android.net.wifi.flags is mapped to system
05-28 10:50:23.677   452   452 I AconfigPackage: android.media.tv.flags is mapped to system
05-28 10:50:23.677   452   452 I AconfigPackage: com.android.server.usb.flags is mapped to system
05-28 10:50:23.677   452   452 I AconfigPackage: android.os.vibrator is mapped to system
05-28 10:50:23.677   452   452 I AconfigPackage: android.hardware.devicestate.feature.flags is mapped to system
05-28 10:50:23.677   452   452 I AconfigPackage: com.android.server.usage is mapped to system
05-28 10:50:23.677   452   452 I AconfigPackage: android.server is mapped to system
05-28 10:50:23.677   452   452 I AconfigPackage: com.android.wm.shell is mapped to system
05-28 10:50:23.677   452   452 I AconfigPackage: android.view.inputmethod is mapped to system
05-28 10:50:23.677   452   452 I AconfigPackage: com.android.graphics.hwui.flags is mapped to system
05-28 10:50:23.677   452   452 I AconfigPackage: com.android.server.backup is mapped to system
05-28 10:50:23.677   452   452 I AconfigPackage: com.android.internal.pm.pkg.component.flags is mapped to system
05-28 10:50:23.677   452   452 I AconfigPackage: android.view.accessibility is mapped to system
05-28 10:50:23.677   452   452 I AconfigPackage: com.google.wear.sdk is mapped to system
05-28 10:50:23.677   452   452 I AconfigPackage: android.media.audio is mapped to system
05-28 10:50:23.677   452   452 I AconfigPackage: com.android.server.am is mapped to system
05-28 10:50:23.677   452   452 I AconfigPackage: com.android.media.playback.flags is mapped to system
05-28 10:50:23.677   452   452 I AconfigPackage: com.android.art.flags is mapped to com.android.art
05-28 10:50:23.677   452   452 I AconfigPackage: com.android.libcore is mapped to com.android.art
05-28 10:50:23.678   452   452 I AconfigPackage: com.android.media.extractor.flags is mapped to com.android.media
05-28 10:50:23.678   452   452 I AconfigPackage: com.android.media.mainline.flags is mapped to com.android.media
05-28 10:50:23.678   452   452 I AconfigPackage: com.android.wifi.flags is mapped to com.android.wifi
05-28 10:50:23.679   452   452 I AconfigPackage: com.android.org.conscrypt.flags is mapped to com.android.conscrypt
05-28 10:50:23.679   452   452 I AconfigPackage: com.android.healthfitness.flags is mapped to com.android.healthfitness
05-28 10:50:23.679   452   452 I AconfigPackage: com.google.android.input.twoshay.flags is mapped to vendor
05-28 10:50:23.679   452   452 I AconfigPackage: libgooglecamerahal.flags is mapped to vendor
05-28 10:50:23.679   452   452 I AconfigPackage: com.android.ipsec.flags is mapped to com.android.ipsec
05-28 10:50:23.680   452   452 I AconfigPackage: com.android.nfc.module.flags is mapped to com.android.nfcservices
05-28 10:50:23.680   452   452 I AconfigPackage: com.android.adservices.ondevicepersonalization.flags is mapped to com.android.ondevicepersonalization
05-28 10:50:23.681   452   452 I AconfigPackage: com.android.bluetooth.flags is mapped to com.android.bt
05-28 10:50:23.682   452   452 I AconfigPackage: com.android.devicelock.flags is mapped to com.android.devicelock
