--------- beginning of crash
05-23 15:10:41.259  1274  1443 F libc    : Fatal signal 6 (SIGABRT), code -1 (SI_QUEUE) in tid 1443 (bt_stack_manage), pid 1274 (droid.bluetooth)
05-23 15:10:41.700  5232  5232 F DEBUG   : *** *** *** *** *** *** *** *** *** *** *** *** *** *** *** ***
05-23 15:10:41.700  5232  5232 F DEBUG   : Build fingerprint: 'google/sdk_gphone64_arm64/emu64a:16/BP22.250325.006/13344233:user/release-keys'
05-23 15:10:41.700  5232  5232 F DEBUG   : Revision: '0'
05-23 15:10:41.700  5232  5232 F DEBUG   : ABI: 'arm64'
05-23 15:10:41.700  5232  5232 F DEBUG   : Timestamp: 2025-05-23 15:10:41.309984167+0300
05-23 15:10:41.700  5232  5232 F DEBUG   : Process uptime: 0s
05-23 15:10:41.700  5232  5232 F DEBUG   : Cmdline: com.google.android.bluetooth
05-23 15:10:41.700  5232  5232 F DEBUG   : pid: 1274, tid: 1443, name: bt_stack_manage  >>> com.google.android.bluetooth <<<
05-23 15:10:41.700  5232  5232 F DEBUG   : uid: 1002
05-23 15:10:41.700  5232  5232 F DEBUG   : tagged_addr_ctrl: 0000000000000001 (PR_TAGGED_ADDR_ENABLE)
05-23 15:10:41.700  5232  5232 F DEBUG   : pac_enabled_keys: 000000000000000f (PR_PAC_APIAKEY, PR_PAC_APIBKEY, PR_PAC_APDAKEY, PR_PAC_APDBKEY)
05-23 15:10:41.700  5232  5232 F DEBUG   : signal 6 (SIGABRT), code -1 (SI_QUEUE), fault addr --------
05-23 15:10:41.700  5232  5232 F DEBUG   : Abort message: 'system/gd/hci/hci_layer.cc:527 on_hardware_error: Hardware Error Event with code 0x42'
05-23 15:10:41.700  5232  5232 F DEBUG   :     x0  0000000000000000  x1  00000000000005a3  x2  0000000000000006  x3  0000007b79bf6270
05-23 15:10:41.700  5232  5232 F DEBUG   :     x4  6e1f363134396262  x5  6e1f363134396262  x6  6e1f363134396262  x7  7f7f7f7f7f7f7f7f
05-23 15:10:41.700  5232  5232 F DEBUG   :     x8  00000000000000f0  x9  44b9889a6e4dba82  x10 000000ff00000020  x11 00000000ba9ece3f
05-23 15:10:41.700  5232  5232 F DEBUG   :     x12 0000000000058006  x13 000000007fffffff  x14 000000000001aed8  x15 00000131bcc8eb75
05-23 15:10:41.700  5232  5232 F DEBUG   :     x16 0000007f2e5d30f0  x17 0000007f2e5ba140  x18 0000007b79ad4048  x19 00000000000004fa
05-23 15:10:41.700  5232  5232 F DEBUG   :     x20 00000000000005a3  x21 00000000ffffffff  x22 0000007c90a0d000  x23 0000007c90a0ee20
05-23 15:10:41.700  5232  5232 F DEBUG   :     x24 0000007b79bf6980  x25 0000007b79bf6438  x26 0000007b79bf7880  x27 0000007b79bf6880
05-23 15:10:41.700  5232  5232 F DEBUG   :     x28 0000007b79bf6988  x29 0000007b79bf62f0
05-23 15:10:41.700  5232  5232 F DEBUG   :     lr  0000007f2e55878c  sp  0000007b79bf6270  pc  0000007f2e5587b0  pst 0000000000001000
05-23 15:10:41.700  5232  5232 F DEBUG   : 14 total frames
05-23 15:10:41.700  5232  5232 F DEBUG   : backtrace:
05-23 15:10:41.700  5232  5232 F DEBUG   :       #00 pc 00000000000707b0  /apex/com.android.runtime/lib64/bionic/libc.so (abort+156) (BuildId: 6fe68a65b8246881b2851590621f0433)
05-23 15:10:41.700  5232  5232 F DEBUG   :       #01 pc 00000000008a1534  /apex/com.android.art/lib64/libart.so (art::Runtime::Abort(char const*)+620) (BuildId: b229f9d1b6196afaae086f29f029f907)
05-23 15:10:41.700  5232  5232 F DEBUG   :       #02 pc 0000000000016188  /apex/com.android.art/lib64/libbase.so (android::base::SetAborter(std::__1::function<void (char const*)>&&)::$_0::__invoke(char const*)+80) (BuildId: 5e1c2a9a9b42ab6e6a3f44738913b9f7)
05-23 15:10:41.700  5232  5232 F DEBUG   :       #03 pc 0000000000c61e68  /apex/com.android.bt/lib64/libbluetooth_jni.so (bluetooth::log_internal::vlog(bluetooth::log_internal::Level, char const*, bluetooth::log_internal::source_location, std::__1::basic_string_view<char, std::__1::char_traits<char>>, std::__1::basic_format_args<std::__1::basic_format_context<std::__1::back_insert_iterator<std::__1::__format::__output_buffer<char>>, char>>)+1216) (BuildId: 132b8b11e421d7f493394d8ff1b65f1e)
05-23 15:10:41.700  5232  5232 F DEBUG   :       #04 pc 0000000000a1f1c0  /apex/com.android.bt/lib64/libbluetooth_jni.so (void bluetooth::log::fatal<unsigned char>(std::__1::basic_format_string<char, std::__1::type_identity<unsigned char>::type>, unsigned char&&, bluetooth::log_internal::source_location)+96) (BuildId: 132b8b11e421d7f493394d8ff1b65f1e)
05-23 15:10:41.700  5232  5232 F DEBUG   :       #05 pc 0000000000a1b670  /apex/com.android.bt/lib64/libbluetooth_jni.so (bluetooth::hci::HciLayer::impl::on_hci_event(bluetooth::hci::EventView)+20516) (BuildId: 132b8b11e421d7f493394d8ff1b65f1e)
05-23 15:10:41.700  5232  5232 F DEBUG   :       #06 pc 0000000000a1b850  /apex/com.android.bt/lib64/libbluetooth_jni.so (void base::internal::FunctorTraits<void (bluetooth::hci::HciLayer::impl::*)(bluetooth::hci::EventView), void>::Invoke<void (bluetooth::hci::HciLayer::impl::*)(bluetooth::hci::EventView), bluetooth::hci::HciLayer::impl*, bluetooth::hci::EventView>(void (bluetooth::hci::HciLayer::impl::*)(bluetooth::hci::EventView), bluetooth::hci::HciLayer::impl*&&, bluetooth::hci::EventView&&)+292) (BuildId: 132b8b11e421d7f493394d8ff1b65f1e)
05-23 15:10:41.700  5232  5232 F DEBUG   :       #07 pc 0000000000a1b700  /apex/com.android.bt/lib64/libbluetooth_jni.so (base::internal::Invoker<base::internal::BindState<void (bluetooth::hci::HciLayer::impl::*)(bluetooth::hci::EventView), base::internal::UnretainedWrapper<bluetooth::hci::HciLayer::impl>, bluetooth::hci::EventView>, void ()>::RunOnce(base::internal::BindStateBase*)+56) (BuildId: 132b8b11e421d7f493394d8ff1b65f1e)
05-23 15:10:41.700  5232  5232 F DEBUG   :       #08 pc 0000000000ae9fcc  /apex/com.android.bt/lib64/libbluetooth_jni.so (bluetooth::os::Handler::handle_next_event()+312) (BuildId: 132b8b11e421d7f493394d8ff1b65f1e)
05-23 15:10:41.700  5232  5232 F DEBUG   :       #09 pc 0000000000af9234  /apex/com.android.bt/lib64/libbluetooth_jni.so (bluetooth::os::Reactor::Run()+776) (BuildId: 132b8b11e421d7f493394d8ff1b65f1e)
05-23 15:10:41.700  5232  5232 F DEBUG   :       #10 pc 0000000000afa22c  /apex/com.android.bt/lib64/libbluetooth_jni.so (bluetooth::os::Thread::run(bluetooth::os::Thread::Priority)+244) (BuildId: 132b8b11e421d7f493394d8ff1b65f1e)
05-23 15:10:41.700  5232  5232 F DEBUG   :       #11 pc 0000000000afa3d0  /apex/com.android.bt/lib64/libbluetooth_jni.so (void* std::__1::__thread_proxy[abi:nn200000]<std::__1::tuple<std::__1::unique_ptr<std::__1::__thread_struct, std::__1::default_delete<std::__1::__thread_struct>>, void (bluetooth::os::Thread::*)(bluetooth::os::Thread::Priority), bluetooth::os::Thread*, bluetooth::os::Thread::Priority>>(void*)+68) (BuildId: 132b8b11e421d7f493394d8ff1b65f1e)
05-23 15:10:41.700  5232  5232 F DEBUG   :       #12 pc 0000000000080df8  /apex/com.android.runtime/lib64/bionic/libc.so (__pthread_start(void*)+232) (BuildId: 6fe68a65b8246881b2851590621f0433)
05-23 15:10:41.700  5232  5232 F DEBUG   :       #13 pc 0000000000073dd8  /apex/com.android.runtime/lib64/bionic/libc.so (__start_thread+64) (BuildId: 6fe68a65b8246881b2851590621f0433)
--------- beginning of system
05-23 16:21:12.366   860  1067 D BackgroundInstallControlService: Package event received: 0
05-23 16:21:12.366   860  1067 D BackgroundInstallControlService: Package event received: 0
05-23 16:21:12.366   860  2215 W ProcessStats: Tracking association SourceState{522850a com.android.chrome/10150 BTop #6632} whose proc state 2 is better than process ProcessState{606d5c7 com.google.android.adservices.api/10198 pkg=com.google.android.adservices.api} proc state 14 (0 skipped)
05-23 16:21:12.367   860  1067 D BackgroundInstallControlService: Package event received: 0
05-23 16:21:12.367   860  1067 D BackgroundInstallControlService: Package event received: 0
05-23 16:21:12.367   860  1067 D BackgroundInstallControlService: Package event received: 0
05-23 16:21:12.367   860  1067 D BackgroundInstallControlService: Package event received: 0
05-23 16:21:12.367   860  1067 D BackgroundInstallControlService: Package event received: 0
05-23 16:21:12.379   860  2215 I AppsFilter: interaction: PackageSetting{1e97f3d io.appium.uiautomator2.server.test/10220} -> PackageSetting{a886ac5 eu.europa.ec.euidi.dev/10214} BLOCKED
05-23 16:21:12.380   860  2215 I AppsFilter: interaction: PackageSetting{1c5f883 io.appium.uiautomator2.server/10219} -> PackageSetting{a886ac5 eu.europa.ec.euidi.dev/10214} BLOCKED
05-23 16:21:12.380   860  2215 I AppsFilter: interaction: PackageSetting{b54ea00 io.appium.settings/10218} -> PackageSetting{a886ac5 eu.europa.ec.euidi.dev/10214} BLOCKED
05-23 16:21:12.399   860  2215 V ActivityManager: Got obituary of 10362:eu.europa.ec.euidi.dev
05-23 16:21:12.476   860  2005 I ActivityManager: Force stopping eu.europa.ec.euidi.dev appid=10214 user=0: clear data
05-23 16:21:12.480   860   914 E AppOps  : package pm not found, can't check for attributionTag null
05-23 16:21:12.480   860   914 E AppOps  : Bad call made by uid 1000. Package "pm" does not belong to uid 1000.
05-23 16:21:12.481   860   914 E AppOps  : Cannot noteOperation: non-application UID 1000
05-23 16:21:12.482   860   914 I ActivityManager: Force stopping eu.europa.ec.euidi.dev appid=10214 user=-1: clearApplicationUserData
05-23 16:21:12.499   246  3233 I keystore2: system/security/keystore2/src/maintenance.rs:607 - clearNamespace(r#APP, nspace=10214)
05-23 16:21:12.507   860   914 I AppsFilter: interaction: PackageSetting{1e97f3d io.appium.uiautomator2.server.test/10220} -> PackageSetting{a886ac5 eu.europa.ec.euidi.dev/10214} BLOCKED
05-23 16:21:12.508   860   914 I AppsFilter: interaction: PackageSetting{1c5f883 io.appium.uiautomator2.server/10219} -> PackageSetting{a886ac5 eu.europa.ec.euidi.dev/10214} BLOCKED
05-23 16:21:12.508   860   914 I AppsFilter: interaction: PackageSetting{b54ea00 io.appium.settings/10218} -> PackageSetting{a886ac5 eu.europa.ec.euidi.dev/10214} BLOCKED
05-23 16:21:12.508   860   914 I AppsFilter: interaction: PackageSetting{1e97f3d io.appium.uiautomator2.server.test/10220} -> PackageSetting{a886ac5 eu.europa.ec.euidi.dev/10214} BLOCKED
05-23 16:21:12.508   860   914 I AppsFilter: interaction: PackageSetting{1c5f883 io.appium.uiautomator2.server/10219} -> PackageSetting{a886ac5 eu.europa.ec.euidi.dev/10214} BLOCKED
05-23 16:21:12.508   860   914 I AppsFilter: interaction: PackageSetting{b54ea00 io.appium.settings/10218} -> PackageSetting{a886ac5 eu.europa.ec.euidi.dev/10214} BLOCKED
05-23 16:21:12.513   860   888 D ActivityManager: sync unfroze 3975 com.android.vending:background for 3
05-23 16:21:12.520   860   888 D ActivityManager: sync unfroze 4468 com.google.android.documentsui for 3
05-23 16:21:12.532   860  1066 D ShortcutService: received package broadcast intent: Intent { act=android.intent.action.PACKAGE_DATA_CLEARED dat=package: flg=0x5000010 (has extras) }
05-23 16:21:12.532   860  1066 D ShortcutService: clearing data for package: eu.europa.ec.euidi.dev userId=0
05-23 16:21:12.538   860   888 D ActivityManager: sync unfroze 1144 com.google.android.permissioncontroller for 3
05-23 16:21:12.570   860  2005 D ActivityManager: sync unfroze 1812 com.google.android.gms for 6
05-23 16:21:12.571   860  2005 D ActivityManager: sync unfroze 3257 com.google.android.gms.unstable for 6
05-23 16:21:12.603   860  2215 D CompatChangeReporter: Compat change id reported: 151861875; UID 10157; state: ENABLED
05-23 16:21:12.613   860  1067 D BackgroundInstallControlService: Package event received: 0
05-23 16:21:12.626   860   889 I ActivityManager: Start proc 10559:com.google.android.apps.docs/u0a157 for content provider {com.google.android.apps.docs/com.google.android.apps.docs.common.storagebackend.StorageBackendContentProvider}
05-23 16:21:12.626   860   889 I ActivityManager: ProcessObserver broadcast disabled
05-23 16:21:12.882   860  2217 V AccessibilityManagerService: onUserStateChangedLocked for userId: 0, forceUpdate: false
05-23 16:21:12.897   860  2217 W MagnificationConnectionManager: requestConnection duplicated request: connect=false, mConnectionState=DISCONNECTED
05-23 16:21:12.897   860  2217 D AccessibilityManagerService: restoreCurrentUserForTestAutomationIfNeededLocked(): ignoring because device doesn't support visible background users
05-23 16:21:12.908   860  2217 I ActivityManager: Force stopping io.appium.uiautomator2.server appid=10219 user=0: finished inst
05-23 16:21:12.910   860  2217 E ActivityManager: Unable to freeze binder for 10077: -11
05-23 16:21:12.919   860  2217 I ActivityManager: Killing 10077:io.appium.uiautomator2.server/u0a219 (adj 0): stop io.appium.uiautomator2.server due to finished inst
05-23 16:21:12.944   860   860 D BatterySaverPolicy: accessibility changed to false, updating policy.
05-23 16:21:12.980   860  2217 V ActivityManager: Got obituary of 10077:io.appium.uiautomator2.server
05-23 16:21:13.063   860  1067 D BackgroundInstallControlService: Package event received: 0
05-23 16:21:13.091   860  1067 D BackgroundInstallControlService: Package event received: 0
05-23 16:21:13.790   860   875 I ActivityManager: Force stopping io.appium.uiautomator2.server.test appid=10220 user=0: from pid 10652
05-23 16:21:13.792   860   875 I AppsFilter: interaction: PackageSetting{b54ea00 io.appium.settings/10218} -> PackageSetting{1e97f3d io.appium.uiautomator2.server.test/10220} BLOCKED
05-23 16:21:14.056   860   914 I AppsFilter: interaction: PackageSetting{1e97f3d io.appium.uiautomator2.server.test/10220} -> PackageSetting{d36e758 com.google.android.apps.docs/10157} BLOCKED
05-23 16:21:14.056   860   914 I AppsFilter: interaction: PackageSetting{1c5f883 io.appium.uiautomator2.server/10219} -> PackageSetting{d36e758 com.google.android.apps.docs/10157} BLOCKED
05-23 16:21:14.056   860   914 I AppsFilter: interaction: PackageSetting{b54ea00 io.appium.settings/10218} -> PackageSetting{d36e758 com.google.android.apps.docs/10157} BLOCKED
05-23 16:21:14.075   860   875 W AppOpService: Ignored setUidMode call for runtime permission app op: uid = 10146, code = READ_CELL_BROADCASTS, mode = allow, callingUid = 1001, oldMode = allow
05-23 16:21:14.080   860  1049 D AppWidgetServiceImpl: Trying to notify widget providers changed
05-23 16:21:14.084   860  1066 D ShortcutService: received package broadcast intent: Intent { act=android.intent.action.PACKAGE_CHANGED dat=package: flg=0x45000010 (has extras) }
05-23 16:21:14.084   860  1066 D ShortcutService: changing package: com.google.android.apps.docs userId=0
05-23 16:21:14.091   860  2217 W AppOpService: Ignored setUidMode call for runtime permission app op: uid = 1001, code = READ_SMS, mode = allow, callingUid = 1001, oldMode = allow
05-23 16:21:14.094   860  2002 W AppOpService: Ignored setUidMode call for runtime permission app op: uid = 1001, code = RECEIVE_SMS, mode = allow, callingUid = 1001, oldMode = allow
05-23 16:21:14.094   860  2002 W AppOpService: Ignored setUidMode call for runtime permission app op: uid = 1001, code = RECEIVE_WAP_PUSH, mode = allow, callingUid = 1001, oldMode = allow
05-23 16:21:14.094   860   875 W AppOpService: Ignored setUidMode call for runtime permission app op: uid = 1001, code = SEND_SMS, mode = allow, callingUid = 1001, oldMode = allow
05-23 16:21:14.094   860   875 W AppOpService: Ignored setUidMode call for runtime permission app op: uid = 1001, code = READ_CELL_BROADCASTS, mode = allow, callingUid = 1001, oldMode = allow
05-23 16:21:14.096   860  1067 D BackgroundInstallControlService: Package event received: 0
05-23 16:21:14.096   860  1067 D BackgroundInstallControlService: Package event received: 0
05-23 16:21:14.124   860  2217 W AppOpService: Ignored setUidMode call for runtime permission app op: uid = 10146, code = READ_CELL_BROADCASTS, mode = allow, callingUid = 1001, oldMode = allow
05-23 16:21:14.127   860  2217 W AppOpService: Ignored setUidMode call for runtime permission app op: uid = 1001, code = READ_SMS, mode = allow, callingUid = 1001, oldMode = allow
05-23 16:21:14.127   860  2217 W AppOpService: Ignored setUidMode call for runtime permission app op: uid = 1001, code = RECEIVE_SMS, mode = allow, callingUid = 1001, oldMode = allow
05-23 16:21:14.128   860  2217 W AppOpService: Ignored setUidMode call for runtime permission app op: uid = 1001, code = RECEIVE_WAP_PUSH, mode = allow, callingUid = 1001, oldMode = allow
05-23 16:21:14.128   860  2217 W AppOpService: Ignored setUidMode call for runtime permission app op: uid = 1001, code = SEND_SMS, mode = allow, callingUid = 1001, oldMode = allow
05-23 16:21:14.129   860  2217 W AppOpService: Ignored setUidMode call for runtime permission app op: uid = 1001, code = READ_CELL_BROADCASTS, mode = allow, callingUid = 1001, oldMode = allow
05-23 16:21:14.201   860   973 V AccessibilityManagerService: onUserStateChangedLocked for userId: 0, forceUpdate: false
05-23 16:21:14.202   860   973 W MagnificationConnectionManager: requestConnection duplicated request: connect=false, mConnectionState=DISCONNECTED
05-23 16:21:14.335   860  2002 I ActivityManager: Force stopping io.appium.uiautomator2.server appid=10219 user=0: start instr
05-23 16:21:14.338   860  1067 D BackgroundInstallControlService: Package event received: 0
05-23 16:21:14.340   860  1067 D BackgroundInstallControlService: Package event received: 0
05-23 16:21:14.342   860  2002 D CompatChangeReporter: Compat change id reported: 135754954; UID 10219; state: ENABLED
05-23 16:21:14.344   860   889 D CompatChangeReporter: Compat change id reported: 143937733; UID 10219; state: ENABLED
05-23 16:21:14.351   860   889 I ActivityManager: Start proc 10673:io.appium.uiautomator2.server/u0a219 for added application io.appium.uiautomator2.server
05-23 16:21:14.351   860   889 I ActivityManager: ProcessObserver broadcast disabled
05-23 16:21:15.716   860  2217 D AccessibilityManagerService: changeCurrentUserForTestAutomationIfNeededLocked(0): ignoring because device doesn't support visible background users
05-23 16:21:15.716   860  2217 I UiAutomationManager: Registering UiTestAutomationService (id=com.android.server.accessibility/UiAutomation, flags=0x0) when called by user 0
05-23 16:21:15.718   860  2217 V AccessibilityManagerService: onUserStateChangedLocked for userId: 0, forceUpdate: false
05-23 16:21:15.718   860  2217 W MagnificationConnectionManager: requestConnection duplicated request: connect=false, mConnectionState=DISCONNECTED
05-23 16:21:15.745   860   860 D BatterySaverPolicy: accessibility changed to true, updating policy.
05-23 16:21:15.762   860  2006 V AccessibilityManagerService: onUserStateChangedLocked for userId: 0, forceUpdate: false
05-23 16:21:15.766   860  2006 W MagnificationConnectionManager: requestConnection duplicated request: connect=false, mConnectionState=DISCONNECTED
05-23 16:21:16.085   860  2216 I ActivityManager: Force stopping eu.europa.ec.euidi.dev appid=10214 user=0: from pid 10699
05-23 16:21:16.086   860  2216 I AppsFilter: interaction: PackageSetting{1e97f3d io.appium.uiautomator2.server.test/10220} -> PackageSetting{a886ac5 eu.europa.ec.euidi.dev/10214} BLOCKED
05-23 16:21:16.086   860  2216 I AppsFilter: interaction: PackageSetting{1c5f883 io.appium.uiautomator2.server/10219} -> PackageSetting{a886ac5 eu.europa.ec.euidi.dev/10214} BLOCKED
05-23 16:21:16.086   860  2216 I AppsFilter: interaction: PackageSetting{b54ea00 io.appium.settings/10218} -> PackageSetting{a886ac5 eu.europa.ec.euidi.dev/10214} BLOCKED
05-23 16:21:16.346   860  2216 W ActivityTaskManager: callingPackage for (uid=2000, pid=10699) has no WPC
05-23 16:21:16.357   860  2216 W OptProp : Cannot read opt property android.window.PROPERTY_COMPAT_ALLOW_USER_ASPECT_RATIO_OVERRIDE
05-23 16:21:16.357   860  2216 W OptProp : Cannot read opt property android.window.PROPERTY_COMPAT_ALLOW_USER_ASPECT_RATIO_FULLSCREEN_OVERRIDE
05-23 16:21:16.357   860  2216 W OptProp : Cannot read opt property android.window.PROPERTY_COMPAT_ALLOW_RESIZEABLE_ACTIVITY_OVERRIDES
05-23 16:21:16.358   860  2216 W OptProp : Cannot read opt property android.window.PROPERTY_COMPAT_ALLOW_MIN_ASPECT_RATIO_OVERRIDE
05-23 16:21:16.368   860  2216 W OptProp : Cannot read opt property android.window.PROPERTY_COMPAT_ALLOW_ORIENTATION_OVERRIDE
05-23 16:21:16.378   860  2216 I ActivityTaskManager: START u0 {act=android.intent.action.MAIN cat=[android.intent.category.LAUNCHER] flg=0x10200000 xflg=0x4 cmp=eu.europa.ec.euidi.dev/eu.europa.ec.assemblylogic.ui.MainActivity} with LAUNCH_SINGLE_TASK from uid 2000 (BAL_ALLOW_PERMISSION) result code=0
05-23 16:21:16.385  1143  1220 V WindowManagerShell: Transition requested (#70): android.os.BinderProxy@66556ee TransitionRequestInfo { type = OPEN, triggerTask = TaskInfo{userId=0 taskId=237 effectiveUid=10214 displayId=0 isRunning=true baseIntent=Intent { act=android.intent.action.MAIN cat=[android.intent.category.LAUNCHER] flg=0x10200000 cmp=eu.europa.ec.euidi.dev/eu.europa.ec.assemblylogic.ui.MainActivity } baseActivity=ComponentInfo{eu.europa.ec.euidi.dev/eu.europa.ec.assemblylogic.ui.MainActivity} topActivity=ComponentInfo{eu.europa.ec.euidi.dev/eu.europa.ec.assemblylogic.ui.MainActivity} origActivity=null realActivity=ComponentInfo{eu.europa.ec.euidi.dev/eu.europa.ec.assemblylogic.ui.MainActivity} numActivities=1 lastActiveTime=4559551 supportsMultiWindow=true resizeMode=1 isResizeable=true minWidth=-1 minHeight=-1 defaultMinSize=220 token=WCT{android.window.IWindowContainerToken$Stub$Proxy@3b6b78f} topActivityType=1 pictureInPictureParams=null shouldDockBigOverlays=false launchIntoPipHostTaskId=-1 lastParentTaskIdBeforePip=-1 displayCutoutSafeInsets=Rect(0, 132 - 0, 0) topActivityInfo=ActivityInfo{853ea1c eu.europa.ec.assemblylogic.ui.MainActivity} launchCookies=[] positionInParent=Point(0, 0) parentTaskId=-1 isFocused=false isVisible=false isVisibleRequested=false isTopActivityNoDisplay=false isSleeping=false locusId=null displayAreaFeatureId=1 isTopActivityTransparent=false isActivityStackTransparent=false lastNonFullscreenBounds=Rect(276, 694 - 804, 1774) capturedLink=null capturedLinkTimestamp=0 requestedVisibleTypes=-9 topActivityRequestOpenInBrowserEducationTimestamp=0 appCompatTaskInfo=AppCompatTaskInfo { topActivityInSizeCompat=false eligibleForLetterboxEducation= false isLetterboxEducationEnabled= true isLetterboxDoubleTapEnabled= false eligibleForUserAspectRatioButton= false topActivityBoundsLetterboxed= false isFromLetterboxDoubleTap= false topActivityLetterboxVerticalPosition= -1 topActivityLetterboxHorizontalPosition= -1 topActivityLetterboxWidth=-1 topActivityLetterboxHeight=-1 topActivityAppBounds=Rect(0, 132 - 1080, 2337) isUserFullscreenOverrideEnabled=false isSystemFullscreenOverrideEnabled=false hasMinAspectRatioOverride=false topActivityLetterboxBounds=null cameraCompatTaskInfo=CameraCompatTaskInfo { freeformCameraCompatMode=inactive}} topActivityMainWindowFrame=null}, pipChange = null, remoteTransition = null, displayChange = null, flags = 0, debugId = 70 }
05-23 16:21:16.388  1143  1220 D ShellSplitScreen: logExit: no-op, mLoggerSessionId is null
05-23 16:21:16.391   860   889 I ActivityManager: Start proc 10705:eu.europa.ec.euidi.dev/u0a214 for next-top-activity {eu.europa.ec.euidi.dev/eu.europa.ec.assemblylogic.ui.MainActivity}
05-23 16:21:16.391   860   889 I ActivityManager: ProcessObserver broadcast disabled
05-23 16:21:16.419   860  1067 D BackgroundInstallControlService: Package event received: 0
05-23 16:21:16.421   860   888 I AppsFilter: interaction: PackageSetting{1e97f3d io.appium.uiautomator2.server.test/10220} -> PackageSetting{c427610 eu.europa.ec.euidi.dev/10214} BLOCKED
05-23 16:21:16.421   860   888 I AppsFilter: interaction: PackageSetting{1c5f883 io.appium.uiautomator2.server/10219} -> PackageSetting{c427610 eu.europa.ec.euidi.dev/10214} BLOCKED
05-23 16:21:16.421   860   888 I AppsFilter: interaction: PackageSetting{b54ea00 io.appium.settings/10218} -> PackageSetting{c427610 eu.europa.ec.euidi.dev/10214} BLOCKED
05-23 16:21:16.461   860  2006 D CoreBackPreview: Window{fca2ec3 u0 Splash Screen eu.europa.ec.euidi.dev}: Setting back callback OnBackInvokedCallbackInfo{mCallback=android.window.IOnBackInvokedCallback$Stub$Proxy@856bbe, mPriority=0, mIsAnimationCallback=false, mOverrideBehavior=0}
05-23 16:21:16.557   860  2002 W OptProp : Cannot read opt property android.window.PROPERTY_COMPAT_ENABLE_FAKE_FOCUS
05-23 16:21:16.559   860  1067 D BackgroundInstallControlService: Package event received: 0
05-23 16:21:16.564 10705 10720 I DisplayManager: Choreographer implicitly registered for the refresh rate.
05-23 16:21:16.574  1143 10112 V WindowManagerShell: onTransitionReady(transaction=3693671879117)
05-23 16:21:16.574   860  1128 I BroadcastQueue: BOOT_COMPLETED_BROADCAST_COMPLETION_LATENCY_REPORTED action:android.intent.action.BOOT_COMPLETED dispatchLatency:0 completeLatency:156 dispatchRealLatency:0 completeRealLatency:156 receiversSize:1 userId:0 userType:android.os.usertype.full.SYSTEM
05-23 16:21:16.575   860  1067 D BackgroundInstallControlService: Package event received: 0
05-23 16:21:16.580   860   879 V WindowManager: Sent Transition (#70) createdAt=05-23 16:21:16.358 via request=TransitionRequestInfo { type = OPEN, triggerTask = TaskInfo{userId=0 taskId=237 effectiveUid=10214 displayId=0 isRunning=true baseIntent=Intent { act=android.intent.action.MAIN cat=[android.intent.category.LAUNCHER] flg=0x10200000 cmp=eu.europa.ec.euidi.dev/eu.europa.ec.assemblylogic.ui.MainActivity } baseActivity=ComponentInfo{eu.europa.ec.euidi.dev/eu.europa.ec.assemblylogic.ui.MainActivity} topActivity=ComponentInfo{eu.europa.ec.euidi.dev/eu.europa.ec.assemblylogic.ui.MainActivity} origActivity=null realActivity=ComponentInfo{eu.europa.ec.euidi.dev/eu.europa.ec.assemblylogic.ui.MainActivity} numActivities=1 lastActiveTime=4559551 supportsMultiWindow=true resizeMode=1 isResizeable=true minWidth=-1 minHeight=-1 defaultMinSize=220 token=WCT{RemoteToken{98e404 Task{45b8a6a #237 type=standard A=10214:eu.europa.ec.euidi.dev}}} topActivityType=1 pictureInPictureParams=null shouldDockBigOverlays=false launchIntoPipHostTaskId=-1 lastParentTaskIdBeforePip=-1 displayCutoutSafeInsets=Rect(0, 132 - 0, 0) topActivityInfo=ActivityInfo{5aa7ded eu.europa.ec.assemblylogic.ui.MainActivity} launchCookies=[] positionInParent=Point(0, 0) parentTaskId=-1 isFocused=false isVisible=false isVisibleRequested=false isTopActivityNoDisplay=false isSleeping=false locusId=null displayAreaFeatureId=1 isTopActivityTransparent=false isActivityStackTransparent=false lastNonFullscreenBounds=Rect(276, 694 - 804, 1774) capturedLink=null capturedLinkTimestamp=0 requestedVisibleTypes=-9 topActivityRequestOpenInBrowserEducationTimestamp=0 appCompatTaskInfo=AppCompatTaskInfo { topActivityInSizeCompat=false eligibleForLetterboxEducation= false isLetterboxEducationEnabled= true isLetterboxDoubleTapEnabled= false eligibleForUserAspectRatioButton= false topActivityBoundsLetterboxed= false isFromLetterboxDoubleTap= false topActivityLetterboxVerticalPosition= -1 topActivityLetterboxHorizontalPosition= -1 topActivityLetterboxWidth=-1 topActivityLetterboxHeight=-1 topActivityAppBounds=Rect(0, 132 - 1080, 2337) isUserFullscreenOverrideEnabled=false isSystemFullscreenOverrideEnabled=false hasMinAspectRatioOverride=false topActivityLetterboxBounds=null cameraCompatTaskInfo=CameraCompatTaskInfo { freeformCameraCompatMode=inactive}} topActivityMainWindowFrame=null}, pipChange = null, remoteTransition = null, displayChange = null, flags = 0, debugId = 70 }
05-23 16:21:16.580   860   879 V WindowManager:     startWCT=WindowContainerTransaction { changes= {} hops= [] errorCallbackToken=null taskFragmentOrganizer=null }
05-23 16:21:16.580   860   879 V WindowManager:     info={id=70 t=OPEN f=0x0 trk=0 r=[0@Point(0, 0)] c=[
05-23 16:21:16.580   860   879 V WindowManager:         {WCT{RemoteToken{98e404 Task{45b8a6a #237 type=standard A=10214:eu.europa.ec.euidi.dev}}} m=OPEN f=NONE leash=Surface(name=Task=237)/@0xb8d17b1 sb=Rect(0, 0 - 1080, 2400) eb=Rect(0, 0 - 1080, 2400) epz=Point(1080, 2400) d=0 taskParent=-1},
05-23 16:21:16.580   860   879 V WindowManager:         {WCT{RemoteToken{6da4bd4 Task{45e4b0d #236 type=standard A=10150:com.android.chrome}}} m=TO_BACK f=NONE leash=Surface(name=Task=236)/@0x6ce43e6 sb=Rect(0, 0 - 1080, 2400) eb=Rect(0, 0 - 1080, 2400) epz=Point(1080, 2400) d=0 taskParent=-1}
05-23 16:21:16.580   860   879 V WindowManager:     ]}
05-23 16:21:16.585  1143  1220 V WindowManagerShell: onTransitionReady (#70) android.os.BinderProxy@66556ee: {id=70 t=OPEN f=0x0 trk=0 r=[0@Point(0, 0)] c=[
05-23 16:21:16.585  1143  1220 V WindowManagerShell:         {m=OPEN f=NONE leash=Surface(name=Task=237)/@0xcae44e sb=Rect(0, 0 - 1080, 2400) eb=Rect(0, 0 - 1080, 2400) epz=Point(1080, 2400) d=0 taskParent=-1},
05-23 16:21:16.585  1143  1220 V WindowManagerShell:         {m=TO_BACK f=NONE leash=Surface(name=Task=236)/@0xa47296f sb=Rect(0, 0 - 1080, 2400) eb=Rect(0, 0 - 1080, 2400) epz=Point(1080, 2400) d=0 taskParent=-1}
05-23 16:21:16.585  1143  1220 V WindowManagerShell:     ]}
05-23 16:21:16.588  1143  1220 V WindowManagerShell: Playing animation for (#70) android.os.BinderProxy@66556ee@0
05-23 16:21:16.588  1143  1220 V ShellRecents: RecentsTransitionHandler.startAnimation: no controller found
05-23 16:21:16.588  1143  1220 V WindowManagerShell: Transition doesn't have explicit remote, search filters for match for {id=70 t=OPEN f=0x0 trk=0 r=[0@Point(0, 0)] c=[{m=OPEN f=NONE leash=Surface(name=Task=237)/@0xcae44e sb=Rect(0, 0 - 1080, 2400) eb=Rect(0, 0 - 1080, 2400) epz=Point(1080, 2400) d=0 taskParent=-1},{m=TO_BACK f=NONE leash=Surface(name=Task=236)/@0xa47296f sb=Rect(0, 0 - 1080, 2400) eb=Rect(0, 0 - 1080, 2400) epz=Point(1080, 2400) d=0 taskParent=-1}]}
05-23 16:21:16.589  1143  1220 V WindowManagerShell:  Checking filter Pair{{types=[] flags=0x0] notFlags=0x0 checks=[{atype=undefined independent=true modes=[CLOSE,TO_BACK] flags=IN_TASK_WITH_EMBEDDED_ACTIVITY mustBeTask=false order=ANY topActivity=null launchCookie=null taskFragmentToken=android.os.BinderProxy@127803b windowingMode=undefined}]} RemoteTransition { remoteTransition = android.window.IRemoteTransition$Stub$Proxy@33c1b19, appThread = android.app.IApplicationThread$Stub$Proxy@f2f57de, debugName = overlayBackTransition }}
05-23 16:21:16.591  1143  1220 V WindowManagerShell:  Checking filter Pair{{types=[] flags=0x0] notFlags=0x0 checks=[{atype=dream independent=true modes=[OPEN,TO_FRONT] flags=NONE mustBeTask=false order=ANY topActivity=null launchCookie=null windowingMode=undefined},{atype=home independent=true modes=[CLOSE,TO_BACK] flags=NONE mustBeTask=false order=ANY topActivity=null launchCookie=null windowingMode=undefined}]} RemoteTransition { remoteTransition = android.window.IRemoteTransition$Stub$Proxy@7a23dbf, appThread = android.app.IApplicationThread$Stub$Proxy@f9eac8c, debugName = LauncherToDream }}
05-23 16:21:16.591  1143  1220 V WindowManagerShell:  Checking filter Pair{{types=[] flags=0x0] notFlags=0x100 checks=[{atype=home independent=true modes=[OPEN,TO_FRONT] flags=NONE mustBeTask=false order=TOP topActivity=ComponentInfo{com.google.android.apps.nexuslauncher/com.google.android.apps.nexuslauncher.NexusLauncherActivity} launchCookie=null windowingMode=undefined},{atype=standard independent=true modes=[CLOSE,TO_BACK] flags=NONE mustBeTask=false order=ANY topActivity=null launchCookie=null windowingMode=undefined},{NOT atype=undefined independent=true modes=[] flags=NONE mustBeTask=true order=ANY topActivity=null launchCookie=null customAnim=true windowingMode=undefined}]} RemoteTransition { remoteTransition = android.window.IRemoteTransition$Stub$Proxy@f6a4fd5, appThread = android.app.IApplicationThread$Stub$Proxy@85513ea, debugName = QuickstepLaunchHome }}
05-23 16:21:16.591  1143  1220 V WindowManagerShell:  Delegate animation for (#70) to null
05-23 16:21:16.591  1143  1220 V WindowManagerShell: start default transition animation, info = {id=70 t=OPEN f=0x0 trk=0 r=[0@Point(0, 0)] c=[{m=OPEN f=NONE leash=Surface(name=Task=237)/@0xcae44e sb=Rect(0, 0 - 1080, 2400) eb=Rect(0, 0 - 1080, 2400) epz=Point(1080, 2400) d=0 taskParent=-1},{m=TO_BACK f=NONE leash=Surface(name=Task=236)/@0xa47296f sb=Rect(0, 0 - 1080, 2400) eb=Rect(0, 0 - 1080, 2400) epz=Point(1080, 2400) d=0 taskParent=-1}]}
05-23 16:21:16.599   860  1067 D BackgroundInstallControlService: Package event received: 0
05-23 16:21:16.599   860  1067 D BackgroundInstallControlService: Package event received: 0
05-23 16:21:16.601  1143  1220 V WindowManagerShell: loadAnimation: anim=android.view.animation.AnimationSet@8f4f75a animAttr=0x9 type=OPEN isEntrance=false
05-23 16:21:16.624  1143  1220 V WindowManagerShell: loadAnimation: anim=android.view.animation.AnimationSet@22d8303 animAttr=0x8 type=OPEN isEntrance=true
05-23 16:21:16.625  1143  1220 V WindowManagerShell:  animated by com.android.wm.shell.transition.DefaultTransitionHandler@9c61ba2
05-23 16:21:16.969   860   860 W AccessibilityManagerService:  wait for adding window timeout: 182
05-23 16:21:17.051   860   875 D CoreBackPreview: Window{8e03b82 u0 eu.europa.ec.euidi.dev/eu.europa.ec.assemblylogic.ui.MainActivity}: Setting back callback OnBackInvokedCallbackInfo{mCallback=android.window.IOnBackInvokedCallback$Stub$Proxy@bda8dce, mPriority=0, mIsAnimationCallback=false, mOverrideBehavior=0}
05-23 16:21:17.152  1143  1220 V WindowManagerShell: Transition animation finished (aborted=false), notifying core (#70) android.os.BinderProxy@66556ee@0
05-23 16:21:17.158   860   879 V WindowManager: Finish Transition (#70): created at 05-23 16:21:16.358 collect-started=0.063ms request-sent=17.524ms started=32.268ms ready=209.98ms sent=213.218ms commit=66.762ms finished=798.668ms
05-23 16:21:17.162  1143  1220 V WindowManagerShell: Track 0 became idle
05-23 16:21:17.163  1143  1220 V WindowManagerShell: All active transition animations finished
05-23 16:21:17.211   860  2216 W PackageConfigPersister: App-specific configuration not found for packageName: eu.europa.ec.euidi.dev and userId: 0
05-23 16:21:17.270   860  2217 D CoreBackPreview: Window{2415982 u0 com.android.chrome/com.google.android.apps.chrome.Main}: Setting back callback OnBackInvokedCallbackInfo{mCallback=android.window.IOnBackInvokedCallback$Stub$Proxy@223585c, mPriority=-1, mIsAnimationCallback=false, mOverrideBehavior=0}
05-23 16:21:17.322   860  2217 W JobScheduler: Job didn't exist in JobStore: e440422 {androidx.work.systemjobscheduler} #u0a214/0 @androidx.work.systemjobscheduler@eu.europa.ec.euidi.dev/androidx.work.impl.background.systemjob.SystemJobService
05-23 16:21:17.344   860  1067 D BackgroundInstallControlService: Package event received: 0
05-23 16:21:17.485   860  2217 D CoreBackPreview: Window{fca2ec3 u0 Splash Screen eu.europa.ec.euidi.dev EXITING}: Setting back callback null
05-23 16:21:19.231   860   875 V AutofillSession: Primary service component name: ComponentInfo{com.google.android.gms/com.google.android.gms.autofill.service.AutofillService}, secondary service component name: ComponentInfo{com.android.credentialmanager/com.android.credentialmanager.autofill.CredentialAutofillService}
05-23 16:21:19.233   860   875 V SecondaryProviderHandler: Creating a secondary provider handler with component name, ComponentInfo{com.android.credentialmanager/com.android.credentialmanager.autofill.CredentialAutofillService}
05-23 16:21:19.235   860   875 D PresentationStatsEventLogger: Started new PresentationStatsEvent
05-23 16:21:19.235   860   875 W FillRequestEventLogger: Couldn't find packageName: com.google.android.inputmethod.latin
05-23 16:21:19.248 10705 10705 D InsetsController: Setting requestedVisibleTypes to -1 (was -9)
05-23 16:21:19.251   860  1067 D BackgroundInstallControlService: Package event received: 0
05-23 16:21:19.257   860   875 D AutofillSession: createPendingIntent for request 236
05-23 16:21:19.258   860   875 D ContentCapturePerUserService: Notified activity assist data for activity: Token{7226b5b ActivityRecord{255758421 u0 eu.europa.ec.euidi.dev/eu.europa.ec.assemblylogic.ui.MainActivity t237}} without a session Id
05-23 16:21:19.261   860  1067 D BackgroundInstallControlService: Package event received: 0
05-23 16:21:19.283   860  1067 D BackgroundInstallControlService: Package event received: 0
05-23 16:21:19.283   860  1067 D BackgroundInstallControlService: Package event received: 0
05-23 16:21:19.292   860  2216 W PackageConfigPersister: App-specific configuration not found for packageName: eu.europa.ec.euidi.dev and userId: 0
05-23 16:21:19.302   860  2216 W PackageConfigPersister: App-specific configuration not found for packageName: eu.europa.ec.euidi.dev and userId: 0
05-23 16:21:19.379   860  1873 E TaskPersister: File error accessing recents directory (directory doesn't exist?).
05-23 16:21:19.422  1143  1220 D WindowManagerShell: onKeepClearAreasChanged: restricted={}, unrestricted={Rect(0, 2337 - 1080, 2400)}
05-23 16:21:19.424   860   860 W FillRequestEventLogger: Shouldn't be logging AutofillFillRequestReported again for same event
05-23 16:21:19.424   860   860 W FillResponseEventLogger: Shouldn't be logging AutofillFillRequestReported again for same event
05-23 16:21:19.426   860   860 W PresentationStatsEventLogger: Empty dataset. Autofill ignoring log
05-23 16:21:19.426   860   860 D AutofillSession: clearPendingIntentLocked
05-23 16:21:19.437   860  1067 D BackgroundInstallControlService: Package event received: 0
05-23 16:21:19.456   860   875 D CoreBackPreview: Window{8e03b82 u0 eu.europa.ec.euidi.dev/eu.europa.ec.assemblylogic.ui.MainActivity}: Setting back callback OnBackInvokedCallbackInfo{mCallback=android.window.IOnBackInvokedCallback$Stub$Proxy@a728a8f, mPriority=0, mIsAnimationCallback=true, mOverrideBehavior=0}
05-23 16:21:20.364   860  2217 V AutofillSession: Primary service component name: ComponentInfo{com.google.android.gms/com.google.android.gms.autofill.service.AutofillService}, secondary service component name: ComponentInfo{com.android.credentialmanager/com.android.credentialmanager.autofill.CredentialAutofillService}
05-23 16:21:20.364   860  2217 V SecondaryProviderHandler: Creating a secondary provider handler with component name, ComponentInfo{com.android.credentialmanager/com.android.credentialmanager.autofill.CredentialAutofillService}
05-23 16:21:20.364   860  2217 D PresentationStatsEventLogger: Started new PresentationStatsEvent
05-23 16:21:20.365   860  2217 W FillRequestEventLogger: Couldn't find packageName: com.google.android.inputmethod.latin
05-23 16:21:20.373   860  1418 W PresentationStatsEventLogger: Bad view state for: -1, state: ViewState: [id=1073741824:i36@848265905, state:1, currentValue:android.view.autofill.AutofillValue@32]
05-23 16:21:20.384   860  2217 D AutofillSession: createPendingIntent for request 238
05-23 16:21:20.385   860  2217 D ContentCapturePerUserService: Notified activity assist data for activity: Token{7226b5b ActivityRecord{255758421 u0 eu.europa.ec.euidi.dev/eu.europa.ec.assemblylogic.ui.MainActivity t237}} without a session Id
05-23 16:21:20.390   860  2217 W PackageConfigPersister: App-specific configuration not found for packageName: eu.europa.ec.euidi.dev and userId: 0
05-23 16:21:20.406   860   860 W FillRequestEventLogger: Shouldn't be logging AutofillFillRequestReported again for same event
05-23 16:21:20.406   860   860 W FillResponseEventLogger: Shouldn't be logging AutofillFillRequestReported again for same event
05-23 16:21:20.406   860   860 W PresentationStatsEventLogger: Empty dataset. Autofill ignoring log
05-23 16:21:20.406   860   860 D AutofillSession: clearPendingIntentLocked
05-23 16:21:20.464   860  2211 V AutofillSession: Primary service component name: ComponentInfo{com.google.android.gms/com.google.android.gms.autofill.service.AutofillService}, secondary service component name: ComponentInfo{com.android.credentialmanager/com.android.credentialmanager.autofill.CredentialAutofillService}
05-23 16:21:20.464   860  2211 V SecondaryProviderHandler: Creating a secondary provider handler with component name, ComponentInfo{com.android.credentialmanager/com.android.credentialmanager.autofill.CredentialAutofillService}
05-23 16:21:20.465   860  2211 D PresentationStatsEventLogger: Started new PresentationStatsEvent
05-23 16:21:20.466   860  2211 W FillRequestEventLogger: Couldn't find packageName: com.google.android.inputmethod.latin
05-23 16:21:20.484   860  2211 W PresentationStatsEventLogger: Bad view state for: -1, state: ViewState: [id=1073741824:i45@220694666, state:1, currentValue:android.view.autofill.AutofillValue@32]
05-23 16:21:20.497   860  2217 D AutofillSession: createPendingIntent for request 240
05-23 16:21:20.498   860  2217 D ContentCapturePerUserService: Notified activity assist data for activity: Token{7226b5b ActivityRecord{255758421 u0 eu.europa.ec.euidi.dev/eu.europa.ec.assemblylogic.ui.MainActivity t237}} without a session Id
05-23 16:21:20.523   860  2005 W PackageConfigPersister: App-specific configuration not found for packageName: eu.europa.ec.euidi.dev and userId: 0
05-23 16:21:20.543   860   860 W FillRequestEventLogger: Shouldn't be logging AutofillFillRequestReported again for same event
05-23 16:21:20.543   860   860 W FillResponseEventLogger: Shouldn't be logging AutofillFillRequestReported again for same event
05-23 16:21:20.543   860   860 W PresentationStatsEventLogger: Empty dataset. Autofill ignoring log
05-23 16:21:20.543   860   860 D AutofillSession: clearPendingIntentLocked
05-23 16:21:20.557   860  2211 D ImeInsetsSourceProvider: showImePostLayout cancelled, isScheduledAndReadyToShowIme: false, mImeRequester: null, serverVisible: true, frozen: false, mWindowContainer is: non-null, windowState: Window{81c8553 u0 InputMethod}, isDrawn: true, mGivenInsetsPending: false, dcTarget: Window{8e03b82 u0 eu.europa.ec.euidi.dev/eu.europa.ec.assemblylogic.ui.MainActivity}, controlTarget: Window{8e03b82 u0 eu.europa.ec.euidi.dev/eu.europa.ec.assemblylogic.ui.MainActivity}
05-23 16:21:20.597   860  2005 V AutofillSession: Primary service component name: ComponentInfo{com.google.android.gms/com.google.android.gms.autofill.service.AutofillService}, secondary service component name: ComponentInfo{com.android.credentialmanager/com.android.credentialmanager.autofill.CredentialAutofillService}
05-23 16:21:20.597   860  2005 V SecondaryProviderHandler: Creating a secondary provider handler with component name, ComponentInfo{com.android.credentialmanager/com.android.credentialmanager.autofill.CredentialAutofillService}
05-23 16:21:20.598   860  2005 D PresentationStatsEventLogger: Started new PresentationStatsEvent
05-23 16:21:20.598   860  2005 W FillRequestEventLogger: Couldn't find packageName: com.google.android.inputmethod.latin
05-23 16:21:20.606   860  2211 W PresentationStatsEventLogger: Bad view state for: -1, state: ViewState: [id=1073741824:i54@1960265899, state:1, currentValue:android.view.autofill.AutofillValue@32]
05-23 16:21:20.615   860  2005 D AutofillSession: createPendingIntent for request 242
05-23 16:21:20.615   860  2005 D ContentCapturePerUserService: Notified activity assist data for activity: Token{7226b5b ActivityRecord{255758421 u0 eu.europa.ec.euidi.dev/eu.europa.ec.assemblylogic.ui.MainActivity t237}} without a session Id
05-23 16:21:20.628   860  2211 W PackageConfigPersister: App-specific configuration not found for packageName: eu.europa.ec.euidi.dev and userId: 0
05-23 16:21:20.642   860   860 W FillRequestEventLogger: Shouldn't be logging AutofillFillRequestReported again for same event
05-23 16:21:20.642   860   860 W FillResponseEventLogger: Shouldn't be logging AutofillFillRequestReported again for same event
05-23 16:21:20.642   860   860 W PresentationStatsEventLogger: Empty dataset. Autofill ignoring log
05-23 16:21:20.643   860   860 D AutofillSession: clearPendingIntentLocked
05-23 16:21:20.662   860  2217 D ImeInsetsSourceProvider: showImePostLayout cancelled, isScheduledAndReadyToShowIme: false, mImeRequester: null, serverVisible: true, frozen: false, mWindowContainer is: non-null, windowState: Window{81c8553 u0 InputMethod}, isDrawn: true, mGivenInsetsPending: false, dcTarget: Window{8e03b82 u0 eu.europa.ec.euidi.dev/eu.europa.ec.assemblylogic.ui.MainActivity}, controlTarget: Window{8e03b82 u0 eu.europa.ec.euidi.dev/eu.europa.ec.assemblylogic.ui.MainActivity}
05-23 16:21:20.696   860  2005 V AutofillSession: Primary service component name: ComponentInfo{com.google.android.gms/com.google.android.gms.autofill.service.AutofillService}, secondary service component name: ComponentInfo{com.android.credentialmanager/com.android.credentialmanager.autofill.CredentialAutofillService}
05-23 16:21:20.696   860  2005 V SecondaryProviderHandler: Creating a secondary provider handler with component name, ComponentInfo{com.android.credentialmanager/com.android.credentialmanager.autofill.CredentialAutofillService}
05-23 16:21:20.697   860  2005 D PresentationStatsEventLogger: Started new PresentationStatsEvent
05-23 16:21:20.697   860  2005 W FillRequestEventLogger: Couldn't find packageName: com.google.android.inputmethod.latin
05-23 16:21:20.706   860  2005 W PresentationStatsEventLogger: Bad view state for: -1, state: ViewState: [id=1073741824:i63@1000755351, state:1, currentValue:android.view.autofill.AutofillValue@32]
05-23 16:21:20.717   860  1128 D AutofillSession: createPendingIntent for request 244
05-23 16:21:20.719   860  1128 D ContentCapturePerUserService: Notified activity assist data for activity: Token{7226b5b ActivityRecord{255758421 u0 eu.europa.ec.euidi.dev/eu.europa.ec.assemblylogic.ui.MainActivity t237}} without a session Id
05-23 16:21:20.731   860  2002 W PackageConfigPersister: App-specific configuration not found for packageName: eu.europa.ec.euidi.dev and userId: 0
05-23 16:21:20.758   860  2005 D ImeInsetsSourceProvider: showImePostLayout cancelled, isScheduledAndReadyToShowIme: false, mImeRequester: null, serverVisible: true, frozen: false, mWindowContainer is: non-null, windowState: Window{81c8553 u0 InputMethod}, isDrawn: true, mGivenInsetsPending: false, dcTarget: Window{8e03b82 u0 eu.europa.ec.euidi.dev/eu.europa.ec.assemblylogic.ui.MainActivity}, controlTarget: Window{8e03b82 u0 eu.europa.ec.euidi.dev/eu.europa.ec.assemblylogic.ui.MainActivity}
05-23 16:21:20.762   860   860 W FillRequestEventLogger: Shouldn't be logging AutofillFillRequestReported again for same event
05-23 16:21:20.763   860   860 W FillResponseEventLogger: Shouldn't be logging AutofillFillRequestReported again for same event
05-23 16:21:20.763   860   860 W PresentationStatsEventLogger: Empty dataset. Autofill ignoring log
05-23 16:21:20.763   860   860 D AutofillSession: clearPendingIntentLocked
05-23 16:21:20.794   860  2002 V AutofillSession: Primary service component name: ComponentInfo{com.google.android.gms/com.google.android.gms.autofill.service.AutofillService}, secondary service component name: ComponentInfo{com.android.credentialmanager/com.android.credentialmanager.autofill.CredentialAutofillService}
05-23 16:21:20.794   860  2002 V SecondaryProviderHandler: Creating a secondary provider handler with component name, ComponentInfo{com.android.credentialmanager/com.android.credentialmanager.autofill.CredentialAutofillService}
05-23 16:21:20.794   860  2002 D PresentationStatsEventLogger: Started new PresentationStatsEvent
05-23 16:21:20.794   860  2002 W FillRequestEventLogger: Couldn't find packageName: com.google.android.inputmethod.latin
05-23 16:21:20.799   860  2002 D AutofillSession: createPendingIntent for request 246
05-23 16:21:20.799   860  2002 D ContentCapturePerUserService: Notified activity assist data for activity: Token{7226b5b ActivityRecord{255758421 u0 eu.europa.ec.euidi.dev/eu.europa.ec.assemblylogic.ui.MainActivity t237}} without a session Id
05-23 16:21:20.806   860   875 W PresentationStatsEventLogger: Bad view state for: -1, state: ViewState: [id=1073741824:i72@1445379509, state:1, currentValue:android.view.autofill.AutofillValue@32]
05-23 16:21:20.823   860  2005 W PackageConfigPersister: App-specific configuration not found for packageName: eu.europa.ec.euidi.dev and userId: 0
05-23 16:21:20.854   860  2005 D ImeInsetsSourceProvider: showImePostLayout cancelled, isScheduledAndReadyToShowIme: false, mImeRequester: null, serverVisible: true, frozen: false, mWindowContainer is: non-null, windowState: Window{81c8553 u0 InputMethod}, isDrawn: true, mGivenInsetsPending: false, dcTarget: Window{8e03b82 u0 eu.europa.ec.euidi.dev/eu.europa.ec.assemblylogic.ui.MainActivity}, controlTarget: Window{8e03b82 u0 eu.europa.ec.euidi.dev/eu.europa.ec.assemblylogic.ui.MainActivity}
05-23 16:21:20.865   860   860 W FillRequestEventLogger: Shouldn't be logging AutofillFillRequestReported again for same event
05-23 16:21:20.865   860   860 W FillResponseEventLogger: Shouldn't be logging AutofillFillRequestReported again for same event
05-23 16:21:20.865   860   860 W PresentationStatsEventLogger: Empty dataset. Autofill ignoring log
05-23 16:21:20.865   860   860 D AutofillSession: clearPendingIntentLocked
05-23 16:21:21.150   860  2216 W PackageConfigPersister: App-specific configuration not found for packageName: eu.europa.ec.euidi.dev and userId: 0
05-23 16:21:21.172   860   875 D ImeInsetsSourceProvider: showImePostLayout cancelled, isScheduledAndReadyToShowIme: false, mImeRequester: null, serverVisible: true, frozen: false, mWindowContainer is: non-null, windowState: Window{81c8553 u0 InputMethod}, isDrawn: true, mGivenInsetsPending: false, dcTarget: Window{8e03b82 u0 eu.europa.ec.euidi.dev/eu.europa.ec.assemblylogic.ui.MainActivity}, controlTarget: Window{8e03b82 u0 eu.europa.ec.euidi.dev/eu.europa.ec.assemblylogic.ui.MainActivity}
05-23 16:21:21.770   860   875 W PackageConfigPersister: App-specific configuration not found for packageName: eu.europa.ec.euidi.dev and userId: 0
