05-23 16:24:26.872   860  2216 V AccessibilityManagerService: onUserStateChangedLocked for userId: 0, forceUpdate: false
05-23 16:24:26.875   860  2216 W MagnificationConnectionManager: requestConnection duplicated request: connect=false, mConnectionState=DISCONNECTED
05-23 16:24:26.894   860   860 D BatterySaverPolicy: accessibility changed to true, updating policy.
05-23 16:24:26.914   860  2216 V AccessibilityManagerService: onUserStateChangedLocked for userId: 0, forceUpdate: false
05-23 16:24:26.924   860  2216 W MagnificationConnectionManager: requestConnection duplicated request: connect=false, mConnectionState=DISCONNECTED
05-23 16:24:27.440   860  1881 I ActivityManager: Force stopping eu.europa.ec.euidi.dev appid=10214 user=0: from pid 11081
05-23 16:24:27.445   860  1881 I AppsFilter: interaction: PackageSetting{1e97f3d io.appium.uiautomator2.server.test/10220} -> PackageSetting{bb357e8 eu.europa.ec.euidi.dev/10214} BLOCKED
05-23 16:24:27.445   860  1881 I AppsFilter: interaction: PackageSetting{1c5f883 io.appium.uiautomator2.server/10219} -> PackageSetting{bb357e8 eu.europa.ec.euidi.dev/10214} BLOCKED
05-23 16:24:27.445   860  1881 I AppsFilter: interaction: PackageSetting{b54ea00 io.appium.settings/10218} -> PackageSetting{bb357e8 eu.europa.ec.euidi.dev/10214} BLOCKED
05-23 16:24:27.706   860  1881 W ActivityTaskManager: callingPackage for (uid=2000, pid=11081) has no WPC
05-23 16:24:27.713   860  1881 W OptProp : Cannot read opt property android.window.PROPERTY_COMPAT_ALLOW_USER_ASPECT_RATIO_OVERRIDE
05-23 16:24:27.713   860  1881 W OptProp : Cannot read opt property android.window.PROPERTY_COMPAT_ALLOW_USER_ASPECT_RATIO_FULLSCREEN_OVERRIDE
05-23 16:24:27.713   860  1881 W OptProp : Cannot read opt property android.window.PROPERTY_COMPAT_ALLOW_RESIZEABLE_ACTIVITY_OVERRIDES
05-23 16:24:27.713   860  1881 W OptProp : Cannot read opt property android.window.PROPERTY_COMPAT_ALLOW_MIN_ASPECT_RATIO_OVERRIDE
05-23 16:24:27.718   860  1881 W OptProp : Cannot read opt property android.window.PROPERTY_COMPAT_ALLOW_ORIENTATION_OVERRIDE
05-23 16:24:27.722   860  1881 I ActivityTaskManager: START u0 {act=android.intent.action.MAIN cat=[android.intent.category.LAUNCHER] flg=0x10200000 xflg=0x4 cmp=eu.europa.ec.euidi.dev/eu.europa.ec.assemblylogic.ui.MainActivity} with LAUNCH_SINGLE_TASK from uid 2000 (BAL_ALLOW_PERMISSION) result code=0
05-23 16:24:27.733   860   889 I ActivityManager: Start proc 11084:eu.europa.ec.euidi.dev/u0a214 for next-top-activity {eu.europa.ec.euidi.dev/eu.europa.ec.assemblylogic.ui.MainActivity}
05-23 16:24:27.733   860   889 I ActivityManager: ProcessObserver broadcast disabled
05-23 16:24:27.735  1143  1220 V WindowManagerShell: Transition requested (#76): android.os.BinderProxy@a937510 TransitionRequestInfo { type = OPEN, triggerTask = TaskInfo{userId=0 taskId=240 effectiveUid=10214 displayId=0 isRunning=true baseIntent=Intent { act=android.intent.action.MAIN cat=[android.intent.category.LAUNCHER] flg=0x10200000 cmp=eu.europa.ec.euidi.dev/eu.europa.ec.assemblylogic.ui.MainActivity } baseActivity=ComponentInfo{eu.europa.ec.euidi.dev/eu.europa.ec.assemblylogic.ui.MainActivity} topActivity=ComponentInfo{eu.europa.ec.euidi.dev/eu.europa.ec.assemblylogic.ui.MainActivity} origActivity=null realActivity=ComponentInfo{eu.europa.ec.euidi.dev/eu.europa.ec.assemblylogic.ui.MainActivity} numActivities=1 lastActiveTime=4750897 supportsMultiWindow=true resizeMode=1 isResizeable=true minWidth=-1 minHeight=-1 defaultMinSize=220 token=WCT{android.window.IWindowContainerToken$Stub$Proxy@8d3e809} topActivityType=1 pictureInPictureParams=null shouldDockBigOverlays=false launchIntoPipHostTaskId=-1 lastParentTaskIdBeforePip=-1 displayCutoutSafeInsets=Rect(0, 132 - 0, 0) topActivityInfo=ActivityInfo{2e2ba0e eu.europa.ec.assemblylogic.ui.MainActivity} launchCookies=[] positionInParent=Point(0, 0) parentTaskId=-1 isFocused=false isVisible=false isVisibleRequested=false isTopActivityNoDisplay=false isSleeping=false locusId=null displayAreaFeatureId=1 isTopActivityTransparent=false isActivityStackTransparent=false lastNonFullscreenBounds=Rect(276, 694 - 804, 1774) capturedLink=null capturedLinkTimestamp=0 requestedVisibleTypes=-9 topActivityRequestOpenInBrowserEducationTimestamp=0 appCompatTaskInfo=AppCompatTaskInfo { topActivityInSizeCompat=false eligibleForLetterboxEducation= false isLetterboxEducationEnabled= true isLetterboxDoubleTapEnabled= false eligibleForUserAspectRatioButton= false topActivityBoundsLetterboxed= false isFromLetterboxDoubleTap= false topActivityLetterboxVerticalPosition= -1 topActivityLetterboxHorizontalPosition= -1 topActivityLetterboxWidth=-1 topActivityLetterboxHeight=-1 topActivityAppBounds=Rect(0, 132 - 1080, 2337) isUserFullscreenOverrideEnabled=false isSystemFullscreenOverrideEnabled=false hasMinAspectRatioOverride=false topActivityLetterboxBounds=null cameraCompatTaskInfo=CameraCompatTaskInfo { freeformCameraCompatMode=inactive}} topActivityMainWindowFrame=null}, pipChange = null, remoteTransition = null, displayChange = null, flags = 0, debugId = 76 }
05-23 16:24:27.737  1143  1220 D ShellSplitScreen: logExit: no-op, mLoggerSessionId is null
05-23 16:24:27.774   860  1067 D BackgroundInstallControlService: Package event received: 0
05-23 16:24:27.779   860   888 I AppsFilter: interaction: PackageSetting{1e97f3d io.appium.uiautomator2.server.test/10220} -> PackageSetting{280a6d5 eu.europa.ec.euidi.dev/10214} BLOCKED
05-23 16:24:27.779   860   888 I AppsFilter: interaction: PackageSetting{1c5f883 io.appium.uiautomator2.server/10219} -> PackageSetting{280a6d5 eu.europa.ec.euidi.dev/10214} BLOCKED
05-23 16:24:27.779   860   888 I AppsFilter: interaction: PackageSetting{b54ea00 io.appium.settings/10218} -> PackageSetting{280a6d5 eu.europa.ec.euidi.dev/10214} BLOCKED
05-23 16:24:27.786   860  1085 D CoreBackPreview: Window{3c2f92 u0 Splash Screen eu.europa.ec.euidi.dev}: Setting back callback OnBackInvokedCallbackInfo{mCallback=android.window.IOnBackInvokedCallback$Stub$Proxy@bc6a5db, mPriority=0, mIsAnimationCallback=false, mOverrideBehavior=0}
05-23 16:24:27.842   860  1418 W OptProp : Cannot read opt property android.window.PROPERTY_COMPAT_ENABLE_FAKE_FOCUS
05-23 16:24:27.845   860  1067 D BackgroundInstallControlService: Package event received: 0
05-23 16:24:27.848  1143  7942 V WindowManagerShell: onTransitionReady(transaction=3693671879590)
05-23 16:24:27.855   860   879 V WindowManager: Sent Transition (#76) createdAt=05-23 16:24:27.715 via request=TransitionRequestInfo { type = OPEN, triggerTask = TaskInfo{userId=0 taskId=240 effectiveUid=10214 displayId=0 isRunning=true baseIntent=Intent { act=android.intent.action.MAIN cat=[android.intent.category.LAUNCHER] flg=0x10200000 cmp=eu.europa.ec.euidi.dev/eu.europa.ec.assemblylogic.ui.MainActivity } baseActivity=ComponentInfo{eu.europa.ec.euidi.dev/eu.europa.ec.assemblylogic.ui.MainActivity} topActivity=ComponentInfo{eu.europa.ec.euidi.dev/eu.europa.ec.assemblylogic.ui.MainActivity} origActivity=null realActivity=ComponentInfo{eu.europa.ec.euidi.dev/eu.europa.ec.assemblylogic.ui.MainActivity} numActivities=1 lastActiveTime=4750897 supportsMultiWindow=true resizeMode=1 isResizeable=true minWidth=-1 minHeight=-1 defaultMinSize=220 token=WCT{RemoteToken{54f3ac1 Task{baeebeb #240 type=standard A=10214:eu.europa.ec.euidi.dev}}} topActivityType=1 pictureInPictureParams=null shouldDockBigOverlays=false launchIntoPipHostTaskId=-1 lastParentTaskIdBeforePip=-1 displayCutoutSafeInsets=Rect(0, 132 - 0, 0) topActivityInfo=ActivityInfo{8e90266 eu.europa.ec.assemblylogic.ui.MainActivity} launchCookies=[] positionInParent=Point(0, 0) parentTaskId=-1 isFocused=false isVisible=false isVisibleRequested=false isTopActivityNoDisplay=false isSleeping=false locusId=null displayAreaFeatureId=1 isTopActivityTransparent=false isActivityStackTransparent=false lastNonFullscreenBounds=Rect(276, 694 - 804, 1774) capturedLink=null capturedLinkTimestamp=0 requestedVisibleTypes=-9 topActivityRequestOpenInBrowserEducationTimestamp=0 appCompatTaskInfo=AppCompatTaskInfo { topActivityInSizeCompat=false eligibleForLetterboxEducation= false isLetterboxEducationEnabled= true isLetterboxDoubleTapEnabled= false eligibleForUserAspectRatioButton= false topActivityBoundsLetterboxed= false isFromLetterboxDoubleTap= false topActivityLetterboxVerticalPosition= -1 topActivityLetterboxHorizontalPosition= -1 topActivityLetterboxWidth=-1 topActivityLetterboxHeight=-1 topActivityAppBounds=Rect(0, 132 - 1080, 2337) isUserFullscreenOverrideEnabled=false isSystemFullscreenOverrideEnabled=false hasMinAspectRatioOverride=false topActivityLetterboxBounds=null cameraCompatTaskInfo=CameraCompatTaskInfo { freeformCameraCompatMode=inactive}} topActivityMainWindowFrame=null}, pipChange = null, remoteTransition = null, displayChange = null, flags = 0, debugId = 76 }
05-23 16:24:27.857   860   879 V WindowManager:     startWCT=WindowContainerTransaction { changes= {} hops= [] errorCallbackToken=null taskFragmentOrganizer=null }
05-23 16:24:27.857   860   879 V WindowManager:     info={id=76 t=OPEN f=0x0 trk=0 r=[0@Point(0, 0)] c=[
05-23 16:24:27.857   860   879 V WindowManager:         {WCT{RemoteToken{54f3ac1 Task{baeebeb #240 type=standard A=10214:eu.europa.ec.euidi.dev}}} m=OPEN f=NONE leash=Surface(name=Task=240)/@0x8b0169a sb=Rect(0, 0 - 1080, 2400) eb=Rect(0, 0 - 1080, 2400) epz=Point(1080, 2400) d=0 taskParent=-1},
05-23 16:24:27.857   860   879 V WindowManager:         {WCT{RemoteToken{6da4bd4 Task{45e4b0d #236 type=standard A=10150:com.android.chrome}}} m=TO_BACK f=NONE leash=Surface(name=Task=236)/@0x6ce43e6 sb=Rect(0, 0 - 1080, 2400) eb=Rect(0, 0 - 1080, 2400) epz=Point(1080, 2400) d=0 taskParent=-1}
05-23 16:24:27.857   860   879 V WindowManager:     ]}
05-23 16:24:27.858   860  1067 D BackgroundInstallControlService: Package event received: 0
05-23 16:24:27.858  1143  1220 V WindowManagerShell: onTransitionReady (#76) android.os.BinderProxy@a937510: {id=76 t=OPEN f=0x0 trk=0 r=[0@Point(0, 0)] c=[
05-23 16:24:27.858  1143  1220 V WindowManagerShell:         {m=OPEN f=NONE leash=Surface(name=Task=240)/@0x447ff1f sb=Rect(0, 0 - 1080, 2400) eb=Rect(0, 0 - 1080, 2400) epz=Point(1080, 2400) d=0 taskParent=-1},
05-23 16:24:27.858  1143  1220 V WindowManagerShell:         {m=TO_BACK f=NONE leash=Surface(name=Task=236)/@0x35d426c sb=Rect(0, 0 - 1080, 2400) eb=Rect(0, 0 - 1080, 2400) epz=Point(1080, 2400) d=0 taskParent=-1}
05-23 16:24:27.858  1143  1220 V WindowManagerShell:     ]}
05-23 16:24:27.859   860  1067 D BackgroundInstallControlService: Package event received: 0
05-23 16:24:27.864  1143  1220 V WindowManagerShell: Playing animation for (#76) android.os.BinderProxy@a937510@0
05-23 16:24:27.864  1143  1220 V ShellRecents: RecentsTransitionHandler.startAnimation: no controller found
05-23 16:24:27.865  1143  1220 V WindowManagerShell: Transition doesn't have explicit remote, search filters for match for {id=76 t=OPEN f=0x0 trk=0 r=[0@Point(0, 0)] c=[{m=OPEN f=NONE leash=Surface(name=Task=240)/@0x447ff1f sb=Rect(0, 0 - 1080, 2400) eb=Rect(0, 0 - 1080, 2400) epz=Point(1080, 2400) d=0 taskParent=-1},{m=TO_BACK f=NONE leash=Surface(name=Task=236)/@0x35d426c sb=Rect(0, 0 - 1080, 2400) eb=Rect(0, 0 - 1080, 2400) epz=Point(1080, 2400) d=0 taskParent=-1}]}
05-23 16:24:27.865  1143  1220 V WindowManagerShell:  Checking filter Pair{{types=[] flags=0x0] notFlags=0x0 checks=[{atype=undefined independent=true modes=[CLOSE,TO_BACK] flags=IN_TASK_WITH_EMBEDDED_ACTIVITY mustBeTask=false order=ANY topActivity=null launchCookie=null taskFragmentToken=android.os.BinderProxy@127803b windowingMode=undefined}]} RemoteTransition { remoteTransition = android.window.IRemoteTransition$Stub$Proxy@33c1b19, appThread = android.app.IApplicationThread$Stub$Proxy@f2f57de, debugName = overlayBackTransition }}
05-23 16:24:27.866  1143  1220 V WindowManagerShell:  Checking filter Pair{{types=[] flags=0x0] notFlags=0x0 checks=[{atype=dream independent=true modes=[OPEN,TO_FRONT] flags=NONE mustBeTask=false order=ANY topActivity=null launchCookie=null windowingMode=undefined},{atype=home independent=true modes=[CLOSE,TO_BACK] flags=NONE mustBeTask=false order=ANY topActivity=null launchCookie=null windowingMode=undefined}]} RemoteTransition { remoteTransition = android.window.IRemoteTransition$Stub$Proxy@7a23dbf, appThread = android.app.IApplicationThread$Stub$Proxy@f9eac8c, debugName = LauncherToDream }}
05-23 16:24:27.866  1143  1220 V WindowManagerShell:  Checking filter Pair{{types=[] flags=0x0] notFlags=0x100 checks=[{atype=home independent=true modes=[OPEN,TO_FRONT] flags=NONE mustBeTask=false order=TOP topActivity=ComponentInfo{com.google.android.apps.nexuslauncher/com.google.android.apps.nexuslauncher.NexusLauncherActivity} launchCookie=null windowingMode=undefined},{atype=standard independent=true modes=[CLOSE,TO_BACK] flags=NONE mustBeTask=false order=ANY topActivity=null launchCookie=null windowingMode=undefined},{NOT atype=undefined independent=true modes=[] flags=NONE mustBeTask=true order=ANY topActivity=null launchCookie=null customAnim=true windowingMode=undefined}]} RemoteTransition { remoteTransition = android.window.IRemoteTransition$Stub$Proxy@f6a4fd5, appThread = android.app.IApplicationThread$Stub$Proxy@85513ea, debugName = QuickstepLaunchHome }}
05-23 16:24:27.866  1143  1220 V WindowManagerShell:  Delegate animation for (#76) to null
05-23 16:24:27.867  1143  1220 V WindowManagerShell: start default transition animation, info = {id=76 t=OPEN f=0x0 trk=0 r=[0@Point(0, 0)] c=[{m=OPEN f=NONE leash=Surface(name=Task=240)/@0x447ff1f sb=Rect(0, 0 - 1080, 2400) eb=Rect(0, 0 - 1080, 2400) epz=Point(1080, 2400) d=0 taskParent=-1},{m=TO_BACK f=NONE leash=Surface(name=Task=236)/@0x35d426c sb=Rect(0, 0 - 1080, 2400) eb=Rect(0, 0 - 1080, 2400) epz=Point(1080, 2400) d=0 taskParent=-1}]}
05-23 16:24:27.872  1143  1220 V WindowManagerShell: loadAnimation: anim=android.view.animation.AnimationSet@3776e3b animAttr=0x9 type=OPEN isEntrance=false
05-23 16:24:27.875  1143  1220 V WindowManagerShell: loadAnimation: anim=android.view.animation.AnimationSet@37360ed animAttr=0x8 type=OPEN isEntrance=true
05-23 16:24:27.876  1143  1220 V WindowManagerShell:  animated by com.android.wm.shell.transition.DefaultTransitionHandler@9c61ba2
05-23 16:24:27.910 11084 11097 I DisplayManager: Choreographer implicitly registered for the refresh rate.
05-23 16:24:27.917   860  1421 I ActivityManager: Process com.android.externalstorage (pid 3581) has died: cch+95 CEM 
05-23 16:24:27.935   860  2216 I ActivityManager: Process com.android.imsserviceentitlement (pid 4443) has died: cch+95 CEM 
05-23 16:24:27.979   860  2003 I BroadcastQueue: BOOT_COMPLETED_BROADCAST_COMPLETION_LATENCY_REPORTED action:android.intent.action.BOOT_COMPLETED dispatchLatency:1 completeLatency:202 dispatchRealLatency:1 completeRealLatency:202 receiversSize:1 userId:0 userType:android.os.usertype.full.SYSTEM
05-23 16:24:27.988   860  1421 D CompatChangeReporter: Compat change id reported: 253665015; UID 10214; state: ENABLED
05-23 16:24:28.123   860  1421 D CoreBackPreview: Window{f711484 u0 eu.europa.ec.euidi.dev/eu.europa.ec.assemblylogic.ui.MainActivity}: Setting back callback OnBackInvokedCallbackInfo{mCallback=android.window.IOnBackInvokedCallback$Stub$Proxy@92cf4f0, mPriority=0, mIsAnimationCallback=false, mOverrideBehavior=0}
05-23 16:24:28.258   860  1881 W PackageConfigPersister: App-specific configuration not found for packageName: eu.europa.ec.euidi.dev and userId: 0
05-23 16:24:28.289   860   860 W AccessibilityManagerService:  wait for adding window timeout: 210
05-23 16:24:28.392  1143  1220 V WindowManagerShell: Transition animation finished (aborted=false), notifying core (#76) android.os.BinderProxy@a937510@0
05-23 16:24:28.393   860   879 V WindowManager: Finish Transition (#76): created at 05-23 16:24:27.715 collect-started=0.038ms request-sent=6.878ms started=22.854ms ready=129.802ms sent=131.381ms commit=35.631ms finished=678.012ms
05-23 16:24:28.397  1143  1220 V WindowManagerShell: Track 0 became idle
05-23 16:24:28.397  1143  1220 V WindowManagerShell: All active transition animations finished
05-23 16:24:28.463   860  1096 D CoreBackPreview: Window{2415982 u0 com.android.chrome/com.google.android.apps.chrome.Main}: Setting back callback OnBackInvokedCallbackInfo{mCallback=android.window.IOnBackInvokedCallback$Stub$Proxy@22a5d4d, mPriority=-1, mIsAnimationCallback=false, mOverrideBehavior=0}
05-23 16:24:28.537   860  1067 D BackgroundInstallControlService: Package event received: 0
05-23 16:24:28.573   860  1096 D CoreBackPreview: Window{3c2f92 u0 Splash Screen eu.europa.ec.euidi.dev EXITING}: Setting back callback null
05-23 16:24:30.299   860  1881 V AutofillSession: Primary service component name: ComponentInfo{com.google.android.gms/com.google.android.gms.autofill.service.AutofillService}, secondary service component name: ComponentInfo{com.android.credentialmanager/com.android.credentialmanager.autofill.CredentialAutofillService}
05-23 16:24:30.300   860  1881 V SecondaryProviderHandler: Creating a secondary provider handler with component name, ComponentInfo{com.android.credentialmanager/com.android.credentialmanager.autofill.CredentialAutofillService}
05-23 16:24:30.303   860  1881 D PresentationStatsEventLogger: Started new PresentationStatsEvent
05-23 16:24:30.303   860  1881 W FillRequestEventLogger: Couldn't find packageName: com.google.android.inputmethod.latin
05-23 16:24:30.315 11084 11084 D InsetsController: Setting requestedVisibleTypes to -1 (was -9)
05-23 16:24:30.317   860  1067 D BackgroundInstallControlService: Package event received: 0
05-23 16:24:30.324   860  1096 D AutofillSession: createPendingIntent for request 248
05-23 16:24:30.327   860  1096 D ContentCapturePerUserService: Notified activity assist data for activity: Token{81e3d48 ActivityRecord{31355706 u0 eu.europa.ec.euidi.dev/eu.europa.ec.assemblylogic.ui.MainActivity t240}} without a session Id
05-23 16:24:30.328   860  1067 D BackgroundInstallControlService: Package event received: 0
05-23 16:24:30.346   860  2003 W PackageConfigPersister: App-specific configuration not found for packageName: eu.europa.ec.euidi.dev and userId: 0
05-23 16:24:30.361   860  1067 D BackgroundInstallControlService: Package event received: 0
05-23 16:24:30.361   860  1067 D BackgroundInstallControlService: Package event received: 0
05-23 16:24:30.367   860  1421 W PackageConfigPersister: App-specific configuration not found for packageName: eu.europa.ec.euidi.dev and userId: 0
05-23 16:24:30.494   860   860 W FillRequestEventLogger: Shouldn't be logging AutofillFillRequestReported again for same event
05-23 16:24:30.494   860   860 W FillResponseEventLogger: Shouldn't be logging AutofillFillRequestReported again for same event
05-23 16:24:30.494   860   860 W PresentationStatsEventLogger: Empty dataset. Autofill ignoring log
05-23 16:24:30.494   860   860 D AutofillSession: clearPendingIntentLocked
05-23 16:24:30.497   860  1067 D BackgroundInstallControlService: Package event received: 0
05-23 16:24:30.509  1143  1220 D WindowManagerShell: onKeepClearAreasChanged: restricted={}, unrestricted={Rect(0, 2337 - 1080, 2400)}
05-23 16:24:30.523   860  1096 D CoreBackPreview: Window{f711484 u0 eu.europa.ec.euidi.dev/eu.europa.ec.assemblylogic.ui.MainActivity}: Setting back callback OnBackInvokedCallbackInfo{mCallback=android.window.IOnBackInvokedCallback$Stub$Proxy@97ec43f, mPriority=0, mIsAnimationCallback=true, mOverrideBehavior=0}
05-23 16:24:30.726   860  1873 E TaskPersister: File error accessing recents directory (directory doesn't exist?).
05-23 16:24:31.423   860  1881 V AutofillSession: Primary service component name: ComponentInfo{com.google.android.gms/com.google.android.gms.autofill.service.AutofillService}, secondary service component name: ComponentInfo{com.android.credentialmanager/com.android.credentialmanager.autofill.CredentialAutofillService}
05-23 16:24:31.423   860  1881 V SecondaryProviderHandler: Creating a secondary provider handler with component name, ComponentInfo{com.android.credentialmanager/com.android.credentialmanager.autofill.CredentialAutofillService}
05-23 16:24:31.423   860  1881 D PresentationStatsEventLogger: Started new PresentationStatsEvent
05-23 16:24:31.423   860  1881 W FillRequestEventLogger: Couldn't find packageName: com.google.android.inputmethod.latin
05-23 16:24:31.429   860  2003 D AutofillSession: createPendingIntent for request 250
05-23 16:24:31.429   860  2003 D ContentCapturePerUserService: Notified activity assist data for activity: Token{81e3d48 ActivityRecord{31355706 u0 eu.europa.ec.euidi.dev/eu.europa.ec.assemblylogic.ui.MainActivity t240}} without a session Id
05-23 16:24:31.453   860  1096 W PresentationStatsEventLogger: Bad view state for: -1, state: ViewState: [id=1073741824:i36@1740150270, state:1, currentValue:android.view.autofill.AutofillValue@32]
05-23 16:24:31.493   860  1421 W PackageConfigPersister: App-specific configuration not found for packageName: eu.europa.ec.euidi.dev and userId: 0
05-23 16:24:31.496   860   860 W FillRequestEventLogger: Shouldn't be logging AutofillFillRequestReported again for same event
05-23 16:24:31.496   860   860 W FillResponseEventLogger: Shouldn't be logging AutofillFillRequestReported again for same event
05-23 16:24:31.497   860   860 W PresentationStatsEventLogger: Empty dataset. Autofill ignoring log
05-23 16:24:31.497   860   860 D AutofillSession: clearPendingIntentLocked
05-23 16:24:31.576   860  1096 V AutofillSession: Primary service component name: ComponentInfo{com.google.android.gms/com.google.android.gms.autofill.service.AutofillService}, secondary service component name: ComponentInfo{com.android.credentialmanager/com.android.credentialmanager.autofill.CredentialAutofillService}
05-23 16:24:31.576   860  1096 V SecondaryProviderHandler: Creating a secondary provider handler with component name, ComponentInfo{com.android.credentialmanager/com.android.credentialmanager.autofill.CredentialAutofillService}
05-23 16:24:31.576   860  1096 D PresentationStatsEventLogger: Started new PresentationStatsEvent
05-23 16:24:31.577   860  1096 W FillRequestEventLogger: Couldn't find packageName: com.google.android.inputmethod.latin
05-23 16:24:31.582   860  1096 D AutofillSession: createPendingIntent for request 252
05-23 16:24:31.582   860  1096 D ContentCapturePerUserService: Notified activity assist data for activity: Token{81e3d48 ActivityRecord{31355706 u0 eu.europa.ec.euidi.dev/eu.europa.ec.assemblylogic.ui.MainActivity t240}} without a session Id
05-23 16:24:31.609   860  2216 W PresentationStatsEventLogger: Bad view state for: -1, state: ViewState: [id=1073741824:i45@2025421688, state:1, currentValue:android.view.autofill.AutofillValue@32]
05-23 16:24:31.622   860   860 W FillRequestEventLogger: Shouldn't be logging AutofillFillRequestReported again for same event
05-23 16:24:31.622   860   860 W FillResponseEventLogger: Shouldn't be logging AutofillFillRequestReported again for same event
05-23 16:24:31.622   860   860 W PresentationStatsEventLogger: Empty dataset. Autofill ignoring log
05-23 16:24:31.622   860   860 D AutofillSession: clearPendingIntentLocked
05-23 16:24:31.636   860  2216 W PackageConfigPersister: App-specific configuration not found for packageName: eu.europa.ec.euidi.dev and userId: 0
05-23 16:24:31.671   860  2216 D ImeInsetsSourceProvider: showImePostLayout cancelled, isScheduledAndReadyToShowIme: false, mImeRequester: null, serverVisible: true, frozen: false, mWindowContainer is: non-null, windowState: Window{81c8553 u0 InputMethod}, isDrawn: true, mGivenInsetsPending: false, dcTarget: Window{f711484 u0 eu.europa.ec.euidi.dev/eu.europa.ec.assemblylogic.ui.MainActivity}, controlTarget: Window{f711484 u0 eu.europa.ec.euidi.dev/eu.europa.ec.assemblylogic.ui.MainActivity}
05-23 16:24:31.707   860  2216 V AutofillSession: Primary service component name: ComponentInfo{com.google.android.gms/com.google.android.gms.autofill.service.AutofillService}, secondary service component name: ComponentInfo{com.android.credentialmanager/com.android.credentialmanager.autofill.CredentialAutofillService}
05-23 16:24:31.707   860  2216 V SecondaryProviderHandler: Creating a secondary provider handler with component name, ComponentInfo{com.android.credentialmanager/com.android.credentialmanager.autofill.CredentialAutofillService}
05-23 16:24:31.707   860  2216 D PresentationStatsEventLogger: Started new PresentationStatsEvent
05-23 16:24:31.707   860  2216 W FillRequestEventLogger: Couldn't find packageName: com.google.android.inputmethod.latin
05-23 16:24:31.712   860  1421 D AutofillSession: createPendingIntent for request 254
05-23 16:24:31.713   860  1421 D ContentCapturePerUserService: Notified activity assist data for activity: Token{81e3d48 ActivityRecord{31355706 u0 eu.europa.ec.euidi.dev/eu.europa.ec.assemblylogic.ui.MainActivity t240}} without a session Id
05-23 16:24:31.730   860  2003 W PresentationStatsEventLogger: Bad view state for: -1, state: ViewState: [id=1073741824:i54@1150014411, state:1, currentValue:android.view.autofill.AutofillValue@32]
05-23 16:24:31.761   860  2003 W PackageConfigPersister: App-specific configuration not found for packageName: eu.europa.ec.euidi.dev and userId: 0
05-23 16:24:31.775   860   860 W FillRequestEventLogger: Shouldn't be logging AutofillFillRequestReported again for same event
05-23 16:24:31.775   860   860 W FillResponseEventLogger: Shouldn't be logging AutofillFillRequestReported again for same event
05-23 16:24:31.775   860   860 W PresentationStatsEventLogger: Empty dataset. Autofill ignoring log
05-23 16:24:31.775   860   860 D AutofillSession: clearPendingIntentLocked
05-23 16:24:31.802   860  2003 D ImeInsetsSourceProvider: showImePostLayout cancelled, isScheduledAndReadyToShowIme: false, mImeRequester: null, serverVisible: true, frozen: false, mWindowContainer is: non-null, windowState: Window{81c8553 u0 InputMethod}, isDrawn: true, mGivenInsetsPending: false, dcTarget: Window{f711484 u0 eu.europa.ec.euidi.dev/eu.europa.ec.assemblylogic.ui.MainActivity}, controlTarget: Window{f711484 u0 eu.europa.ec.euidi.dev/eu.europa.ec.assemblylogic.ui.MainActivity}
05-23 16:24:31.813   860  1096 V AutofillSession: Primary service component name: ComponentInfo{com.google.android.gms/com.google.android.gms.autofill.service.AutofillService}, secondary service component name: ComponentInfo{com.android.credentialmanager/com.android.credentialmanager.autofill.CredentialAutofillService}
05-23 16:24:31.813   860  1096 V SecondaryProviderHandler: Creating a secondary provider handler with component name, ComponentInfo{com.android.credentialmanager/com.android.credentialmanager.autofill.CredentialAutofillService}
05-23 16:24:31.813   860  1096 D PresentationStatsEventLogger: Started new PresentationStatsEvent
05-23 16:24:31.813   860  1096 W FillRequestEventLogger: Couldn't find packageName: com.google.android.inputmethod.latin
05-23 16:24:31.826   860  1881 W PresentationStatsEventLogger: Bad view state for: -1, state: ViewState: [id=1073741824:i63@2025796406, state:1, currentValue:android.view.autofill.AutofillValue@32]
05-23 16:24:31.838   860  1096 D AutofillSession: createPendingIntent for request 256
05-23 16:24:31.838   860  1096 D ContentCapturePerUserService: Notified activity assist data for activity: Token{81e3d48 ActivityRecord{31355706 u0 eu.europa.ec.euidi.dev/eu.europa.ec.assemblylogic.ui.MainActivity t240}} without a session Id
05-23 16:24:32.006   860  1881 W PackageConfigPersister: App-specific configuration not found for packageName: eu.europa.ec.euidi.dev and userId: 0
05-23 16:24:32.079   860   860 W FillRequestEventLogger: Shouldn't be logging AutofillFillRequestReported again for same event
05-23 16:24:32.079   860   860 W FillResponseEventLogger: Shouldn't be logging AutofillFillRequestReported again for same event
05-23 16:24:32.079   860   860 W PresentationStatsEventLogger: Empty dataset. Autofill ignoring log
05-23 16:24:32.080   860   860 D AutofillSession: clearPendingIntentLocked
05-23 16:24:32.145   860  1096 D ImeInsetsSourceProvider: showImePostLayout cancelled, isScheduledAndReadyToShowIme: false, mImeRequester: null, serverVisible: true, frozen: false, mWindowContainer is: non-null, windowState: Window{81c8553 u0 InputMethod}, isDrawn: true, mGivenInsetsPending: false, dcTarget: Window{f711484 u0 eu.europa.ec.euidi.dev/eu.europa.ec.assemblylogic.ui.MainActivity}, controlTarget: Window{f711484 u0 eu.europa.ec.euidi.dev/eu.europa.ec.assemblylogic.ui.MainActivity}
05-23 16:24:32.154   860  2216 V AutofillSession: Primary service component name: ComponentInfo{com.google.android.gms/com.google.android.gms.autofill.service.AutofillService}, secondary service component name: ComponentInfo{com.android.credentialmanager/com.android.credentialmanager.autofill.CredentialAutofillService}
05-23 16:24:32.154   860  2216 V SecondaryProviderHandler: Creating a secondary provider handler with component name, ComponentInfo{com.android.credentialmanager/com.android.credentialmanager.autofill.CredentialAutofillService}
05-23 16:24:32.155   860  2216 D PresentationStatsEventLogger: Started new PresentationStatsEvent
05-23 16:24:32.155   860  2216 W FillRequestEventLogger: Couldn't find packageName: com.google.android.inputmethod.latin
05-23 16:24:32.159   860  2216 D AutofillSession: createPendingIntent for request 258
05-23 16:24:32.160   860  2216 D ContentCapturePerUserService: Notified activity assist data for activity: Token{81e3d48 ActivityRecord{31355706 u0 eu.europa.ec.euidi.dev/eu.europa.ec.assemblylogic.ui.MainActivity t240}} without a session Id
05-23 16:24:32.169   860  1096 W PresentationStatsEventLogger: Bad view state for: -1, state: ViewState: [id=1073741824:i72@1575713580, state:1, currentValue:android.view.autofill.AutofillValue@32]
05-23 16:24:32.197   860   860 W FillRequestEventLogger: Shouldn't be logging AutofillFillRequestReported again for same event
05-23 16:24:32.197   860   860 W FillResponseEventLogger: Shouldn't be logging AutofillFillRequestReported again for same event
05-23 16:24:32.197   860   860 W PresentationStatsEventLogger: Empty dataset. Autofill ignoring log
05-23 16:24:32.197   860   860 D AutofillSession: clearPendingIntentLocked
05-23 16:24:32.207   860  2216 W PackageConfigPersister: App-specific configuration not found for packageName: eu.europa.ec.euidi.dev and userId: 0
05-23 16:24:32.255   860  2216 D ImeInsetsSourceProvider: showImePostLayout cancelled, isScheduledAndReadyToShowIme: false, mImeRequester: null, serverVisible: true, frozen: false, mWindowContainer is: non-null, windowState: Window{81c8553 u0 InputMethod}, isDrawn: true, mGivenInsetsPending: false, dcTarget: Window{f711484 u0 eu.europa.ec.euidi.dev/eu.europa.ec.assemblylogic.ui.MainActivity}, controlTarget: Window{f711484 u0 eu.europa.ec.euidi.dev/eu.europa.ec.assemblylogic.ui.MainActivity}
05-23 16:24:32.452   860  1421 W PackageConfigPersister: App-specific configuration not found for packageName: eu.europa.ec.euidi.dev and userId: 0
05-23 16:24:32.492   860  1881 D ImeInsetsSourceProvider: showImePostLayout cancelled, isScheduledAndReadyToShowIme: false, mImeRequester: null, serverVisible: true, frozen: false, mWindowContainer is: non-null, windowState: Window{81c8553 u0 InputMethod}, isDrawn: true, mGivenInsetsPending: false, dcTarget: Window{f711484 u0 eu.europa.ec.euidi.dev/eu.europa.ec.assemblylogic.ui.MainActivity}, controlTarget: Window{f711484 u0 eu.europa.ec.euidi.dev/eu.europa.ec.assemblylogic.ui.MainActivity}
05-23 16:24:33.084   860  1418 W PackageConfigPersister: App-specific configuration not found for packageName: eu.europa.ec.euidi.dev and userId: 0
05-23 16:24:33.105   860  1421 D ImeInsetsSourceProvider: showImePostLayout cancelled, isScheduledAndReadyToShowIme: false, mImeRequester: null, serverVisible: true, frozen: false, mWindowContainer is: non-null, windowState: Window{81c8553 u0 InputMethod}, isDrawn: true, mGivenInsetsPending: false, dcTarget: Window{f711484 u0 eu.europa.ec.euidi.dev/eu.europa.ec.assemblylogic.ui.MainActivity}, controlTarget: Window{f711484 u0 eu.europa.ec.euidi.dev/eu.europa.ec.assemblylogic.ui.MainActivity}
05-23 16:24:33.173   860  1329 W PackageConfigPersister: App-specific configuration not found for packageName: eu.europa.ec.euidi.dev and userId: 0
05-23 16:24:33.198   860   874 D ImeInsetsSourceProvider: showImePostLayout cancelled, isScheduledAndReadyToShowIme: false, mImeRequester: null, serverVisible: true, frozen: false, mWindowContainer is: non-null, windowState: Window{81c8553 u0 InputMethod}, isDrawn: true, mGivenInsetsPending: false, dcTarget: Window{f711484 u0 eu.europa.ec.euidi.dev/eu.europa.ec.assemblylogic.ui.MainActivity}, controlTarget: Window{f711484 u0 eu.europa.ec.euidi.dev/eu.europa.ec.assemblylogic.ui.MainActivity}
05-23 16:24:33.236   860   874 W PackageConfigPersister: App-specific configuration not found for packageName: eu.europa.ec.euidi.dev and userId: 0
05-23 16:24:33.261   860  2003 D ImeInsetsSourceProvider: showImePostLayout cancelled, isScheduledAndReadyToShowIme: false, mImeRequester: null, serverVisible: true, frozen: false, mWindowContainer is: non-null, windowState: Window{81c8553 u0 InputMethod}, isDrawn: true, mGivenInsetsPending: false, dcTarget: Window{f711484 u0 eu.europa.ec.euidi.dev/eu.europa.ec.assemblylogic.ui.MainActivity}, controlTarget: Window{f711484 u0 eu.europa.ec.euidi.dev/eu.europa.ec.assemblylogic.ui.MainActivity}
05-23 16:24:33.337   860  2003 W PackageConfigPersister: App-specific configuration not found for packageName: eu.europa.ec.euidi.dev and userId: 0
05-23 16:24:33.359   860  1329 D ImeInsetsSourceProvider: showImePostLayout cancelled, isScheduledAndReadyToShowIme: false, mImeRequester: null, serverVisible: true, frozen: false, mWindowContainer is: non-null, windowState: Window{81c8553 u0 InputMethod}, isDrawn: true, mGivenInsetsPending: false, dcTarget: Window{f711484 u0 eu.europa.ec.euidi.dev/eu.europa.ec.assemblylogic.ui.MainActivity}, controlTarget: Window{f711484 u0 eu.europa.ec.euidi.dev/eu.europa.ec.assemblylogic.ui.MainActivity}
05-23 16:24:33.422   860  1329 W PackageConfigPersister: App-specific configuration not found for packageName: eu.europa.ec.euidi.dev and userId: 0
05-23 16:24:33.445   860  1881 D ImeInsetsSourceProvider: showImePostLayout cancelled, isScheduledAndReadyToShowIme: false, mImeRequester: null, serverVisible: true, frozen: false, mWindowContainer is: non-null, windowState: Window{81c8553 u0 InputMethod}, isDrawn: true, mGivenInsetsPending: false, dcTarget: Window{f711484 u0 eu.europa.ec.euidi.dev/eu.europa.ec.assemblylogic.ui.MainActivity}, controlTarget: Window{f711484 u0 eu.europa.ec.euidi.dev/eu.europa.ec.assemblylogic.ui.MainActivity}
05-23 16:24:33.788   860  2003 D CompatChangeReporter: Compat change id reported: 161145287; UID 10214; state: ENABLED
05-23 16:24:33.882   860   953 D ActivityManager: freezing 4468 com.google.android.documentsui
05-23 16:24:34.223   860   953 D ActivityManager: freezing 1144 com.google.android.permissioncontroller
05-23 16:24:34.266   246 10998 I keystore2: system/security/keystore2/watchdog/src/lib.rs:377 - Watchdog thread idle -> terminating. Have a great day.
05-23 16:24:34.303   860   953 D ActivityManager: freezing 5712 com.google.android.googlequicksearchbox:search
05-23 16:24:34.305   860   953 D ActivityManager: freezing 6016 com.google.android.webview:sandboxed_process0:org.chromium.content.app.SandboxedProcessService0:0
05-23 16:24:34.397   860   953 D ActivityManager: freezing 3975 com.android.vending:background
05-23 16:24:34.450   860   953 D ActivityManager: freezing 3069 com.google.android.apps.safetyhub
05-23 16:24:34.518   860  2003 D CoreBackPreview: Window{f711484 u0 eu.europa.ec.euidi.dev/eu.europa.ec.assemblylogic.ui.MainActivity}: Setting back callback OnBackInvokedCallbackInfo{mCallback=android.window.IOnBackInvokedCallback$Stub$Proxy@b18a073, mPriority=0, mIsAnimationCallback=false, mOverrideBehavior=0}
05-23 16:24:34.518 11084 11084 D InsetsController: Setting requestedVisibleTypes to -9 (was -1)
05-23 16:24:34.525   860  2003 W PackageConfigPersister: App-specific configuration not found for packageName: eu.europa.ec.euidi.dev and userId: 0
05-23 16:24:34.739  1143  1220 D WindowManagerShell: onKeepClearAreasChanged: restricted={}, unrestricted={}
05-23 16:24:34.741   860  2003 D ImeInsetsSourceProvider: showImePostLayout aborted, isScheduledAndReadyToShowIme: false, mImeRequester: null, serverVisible: true, frozen: false, mWindowContainer is: non-null, windowState: Window{81c8553 u0 InputMethod}, isDrawn: true, mGivenInsetsPending: false, dcTarget: Window{f711484 u0 eu.europa.ec.euidi.dev/eu.europa.ec.assemblylogic.ui.MainActivity}, controlTarget: Window{f711484 u0 eu.europa.ec.euidi.dev/eu.europa.ec.assemblylogic.ui.MainActivity}
05-23 16:24:36.105   860  2003 W OptProp : Cannot read opt property android.window.PROPERTY_COMPAT_ALLOW_USER_ASPECT_RATIO_OVERRIDE
05-23 16:24:36.105   860  2003 W OptProp : Cannot read opt property android.window.PROPERTY_COMPAT_ALLOW_USER_ASPECT_RATIO_FULLSCREEN_OVERRIDE
05-23 16:24:36.105   860  2003 W OptProp : Cannot read opt property android.window.PROPERTY_COMPAT_ALLOW_RESIZEABLE_ACTIVITY_OVERRIDES
05-23 16:24:36.105   860  2003 W OptProp : Cannot read opt property android.window.PROPERTY_COMPAT_ALLOW_MIN_ASPECT_RATIO_OVERRIDE
05-23 16:24:36.108   860  2003 W OptProp : Cannot read opt property android.window.PROPERTY_COMPAT_ALLOW_ORIENTATION_OVERRIDE
05-23 16:24:36.109   860  2003 I ActivityTaskManager: START u0 {act=android.intent.action.VIEW dat=https://dev.issuer.eudiw.dev/... flg=0x10000000 xflg=0x4 cmp=com.android.chrome/com.google.android.apps.chrome.IntentDispatcher} with LAUNCH_MULTIPLE from uid 10214 (BAL_ALLOW_VISIBLE_WINDOW) result code=0
05-23 16:24:36.110  1143  1220 V WindowManagerShell: Transition requested (#77): android.os.BinderProxy@86a8888 TransitionRequestInfo { type = OPEN, triggerTask = TaskInfo{userId=0 taskId=241 effectiveUid=10150 displayId=0 isRunning=true baseIntent=Intent { act=android.intent.action.VIEW dat=https://dev.issuer.eudiw.dev/... flg=0x10800000 cmp=com.android.chrome/com.google.android.apps.chrome.IntentDispatcher } baseActivity=ComponentInfo{com.android.chrome/org.chromium.chrome.browser.document.ChromeLauncherActivity} topActivity=ComponentInfo{com.android.chrome/org.chromium.chrome.browser.document.ChromeLauncherActivity} origActivity=ComponentInfo{com.android.chrome/com.google.android.apps.chrome.IntentDispatcher} realActivity=ComponentInfo{com.android.chrome/org.chromium.chrome.browser.document.ChromeLauncherActivity} numActivities=1 lastActiveTime=4759284 supportsMultiWindow=true resizeMode=1 isResizeable=true minWidth=-1 minHeight=-1 defaultMinSize=220 token=WCT{android.window.IWindowContainerToken$Stub$Proxy@c25c221} topActivityType=1 pictureInPictureParams=null shouldDockBigOverlays=false launchIntoPipHostTaskId=-1 lastParentTaskIdBeforePip=-1 displayCutoutSafeInsets=Rect(0, 132 - 0, 0) topActivityInfo=ActivityInfo{3bfe646 com.google.android.apps.chrome.IntentDispatcher} launchCookies=[] positionInParent=Point(0, 0) parentTaskId=-1 isFocused=false isVisible=false isVisibleRequested=false isTopActivityNoDisplay=true isSleeping=false locusId=null displayAreaFeatureId=1 isTopActivityTransparent=true isActivityStackTransparent=true lastNonFullscreenBounds=Rect(276, 694 - 804, 1774) capturedLink=https://dev.issuer.eudiw.dev/authorizationV3?client_id=wallet-dev&state=issHGqbRI79b8msNijcEeLxcd3BYbkLdXmpOuA0Lw50&request_uri=urn%3Auuid%3Aa6aabffc-233b-4125-93ee-256c40ba0202 capturedLinkTimestamp=0 requestedVisibleTypes=-9 topActivityRequestOpenInBrowserEducationTimestamp=0 appCompatTaskInfo=AppCompatTaskInfo { topActivityInSizeCompat=false eligibleForLetterboxEducation= false isLetterboxEducationEnabled= true isLetterboxDoubleTapEnabled= false eligibleForUserAspectRatioButton= false topActivityBoundsLetterboxed= false isFromLetterboxDoubleTap= false topActivityLetterboxVerticalPosition= -1 topActivityLetterboxHorizontalPosition= -1 topActivityLetterboxWidth=-1 topActivityLetterboxHeight=-1 topActivityAppBounds=Rect(0, 132 - 1080, 2337) isUserFullscreenOverrideEnabled=false isSystemFullscreenOverrideEnabled=false hasMinAspectRatioOverride=false topActivityLetterboxBounds=null cameraCompatTaskInfo=CameraCompatTaskInfo { freeformCameraCompatMode=inactive}} topActivityMainWindowFrame=null}, pipChange = null, remoteTransition = null, displayChange = null, flags = 0, debugId = 77 }
05-23 16:24:36.110  1143  1220 D ShellSplitScreen: logExit: no-op, mLoggerSessionId is null
05-23 16:24:36.113   860  1067 D BackgroundInstallControlService: Package event received: 0
05-23 16:24:36.113   860  2003 W OptProp : Cannot read opt property android.window.PROPERTY_COMPAT_ENABLE_FAKE_FOCUS
05-23 16:24:36.121   860  1067 D BackgroundInstallControlService: Package event received: 0
05-23 16:24:36.121   860  1067 D BackgroundInstallControlService: Package event received: 0
05-23 16:24:36.121   860  1067 D BackgroundInstallControlService: Package event received: 0
05-23 16:24:36.121   860  1067 D BackgroundInstallControlService: Package event received: 0
05-23 16:24:36.122   860  1067 D BackgroundInstallControlService: Package event received: 0
05-23 16:24:36.122   860  1067 D BackgroundInstallControlService: Package event received: 0
05-23 16:24:36.122   860  1067 D BackgroundInstallControlService: Package event received: 0
05-23 16:24:36.124   860  1067 D BackgroundInstallControlService: Package event received: 0
05-23 16:24:36.126   860   874 D CompatChangeReporter: Compat change id reported: 161145287; UID 10150; state: ENABLED
05-23 16:24:36.155   860  1329 W OptProp : Cannot read opt property android.window.PROPERTY_COMPAT_ALLOW_USER_ASPECT_RATIO_OVERRIDE
05-23 16:24:36.155   860  1329 W OptProp : Cannot read opt property android.window.PROPERTY_COMPAT_ALLOW_USER_ASPECT_RATIO_FULLSCREEN_OVERRIDE
05-23 16:24:36.155   860  1329 W OptProp : Cannot read opt property android.window.PROPERTY_COMPAT_ALLOW_RESIZEABLE_ACTIVITY_OVERRIDES
05-23 16:24:36.156   860  1329 W OptProp : Cannot read opt property android.window.PROPERTY_COMPAT_ALLOW_MIN_ASPECT_RATIO_OVERRIDE
05-23 16:24:36.160   860  1329 I ActivityTaskManager: START u0 {act=android.intent.action.VIEW dat=https://dev.issuer.eudiw.dev/... flg=0x14002000 xflg=0x4 cmp=com.android.chrome/org.chromium.chrome.browser.ChromeTabbedActivity (has extras)} with LAUNCH_SINGLE_INSTANCE_PER_TASK from uid 10150 (sr=215585798) (BAL_ALLOW_VISIBLE_WINDOW) result code=2
05-23 16:24:36.162  1143  1220 D WindowManagerShell: onActivityRestartAttempt: topActivity=ComponentInfo{com.android.chrome/org.chromium.chrome.browser.ChromeTabbedActivity}, wasVisible=false
05-23 16:24:36.173   860  1067 D BackgroundInstallControlService: Package event received: 0
05-23 16:24:36.177   860  1067 D BackgroundInstallControlService: Package event received: 0
05-23 16:24:36.177   860  1067 D BackgroundInstallControlService: Package event received: 0
05-23 16:24:36.209   860   874 D CompatChangeReporter: Compat change id reported: 261072174; UID 10150; state: ENABLED
05-23 16:24:36.223  1143 10112 V WindowManagerShell: onTransitionReady(transaction=3693671879669)
05-23 16:24:36.223  1143  1220 V WindowManagerShell: onTransitionReady (#77) android.os.BinderProxy@86a8888: {id=77 t=OPEN f=0x0 trk=0 r=[0@Point(0, 0)] c=[
05-23 16:24:36.223  1143  1220 V WindowManagerShell:         {m=TO_FRONT f=MOVE_TO_TOP leash=Surface(name=Task=236)/@0x988f7 sb=Rect(0, 0 - 1080, 2400) eb=Rect(0, 0 - 1080, 2400) epz=Point(1080, 2400) d=0 taskParent=-1},
05-23 16:24:36.223  1143  1220 V WindowManagerShell:         {m=TO_BACK f=NONE leash=Surface(name=Task=240)/@0x1d4c364 sb=Rect(0, 0 - 1080, 2400) eb=Rect(0, 0 - 1080, 2400) epz=Point(1080, 2400) d=0 taskParent=-1}
05-23 16:24:36.223  1143  1220 V WindowManagerShell:     ]}
05-23 16:24:36.224  1143  1220 V WindowManagerShell: Playing animation for (#77) android.os.BinderProxy@86a8888@0
05-23 16:24:36.224  1143  1220 V ShellRecents: RecentsTransitionHandler.startAnimation: no controller found
05-23 16:24:36.224  1143  1220 V WindowManagerShell: Transition doesn't have explicit remote, search filters for match for {id=77 t=OPEN f=0x0 trk=0 r=[0@Point(0, 0)] c=[{m=TO_FRONT f=MOVE_TO_TOP leash=Surface(name=Task=236)/@0x988f7 sb=Rect(0, 0 - 1080, 2400) eb=Rect(0, 0 - 1080, 2400) epz=Point(1080, 2400) d=0 taskParent=-1},{m=TO_BACK f=NONE leash=Surface(name=Task=240)/@0x1d4c364 sb=Rect(0, 0 - 1080, 2400) eb=Rect(0, 0 - 1080, 2400) epz=Point(1080, 2400) d=0 taskParent=-1}]}
05-23 16:24:36.225  1143  1220 V WindowManagerShell:  Checking filter Pair{{types=[] flags=0x0] notFlags=0x0 checks=[{atype=undefined independent=true modes=[CLOSE,TO_BACK] flags=IN_TASK_WITH_EMBEDDED_ACTIVITY mustBeTask=false order=ANY topActivity=null launchCookie=null taskFragmentToken=android.os.BinderProxy@127803b windowingMode=undefined}]} RemoteTransition { remoteTransition = android.window.IRemoteTransition$Stub$Proxy@33c1b19, appThread = android.app.IApplicationThread$Stub$Proxy@f2f57de, debugName = overlayBackTransition }}
05-23 16:24:36.225  1143  1220 V WindowManagerShell:  Checking filter Pair{{types=[] flags=0x0] notFlags=0x0 checks=[{atype=dream independent=true modes=[OPEN,TO_FRONT] flags=NONE mustBeTask=false order=ANY topActivity=null launchCookie=null windowingMode=undefined},{atype=home independent=true modes=[CLOSE,TO_BACK] flags=NONE mustBeTask=false order=ANY topActivity=null launchCookie=null windowingMode=undefined}]} RemoteTransition { remoteTransition = android.window.IRemoteTransition$Stub$Proxy@7a23dbf, appThread = android.app.IApplicationThread$Stub$Proxy@f9eac8c, debugName = LauncherToDream }}
05-23 16:24:36.225  1143  1220 V WindowManagerShell:  Checking filter Pair{{types=[] flags=0x0] notFlags=0x100 checks=[{atype=home independent=true modes=[OPEN,TO_FRONT] flags=NONE mustBeTask=false order=TOP topActivity=ComponentInfo{com.google.android.apps.nexuslauncher/com.google.android.apps.nexuslauncher.NexusLauncherActivity} launchCookie=null windowingMode=undefined},{atype=standard independent=true modes=[CLOSE,TO_BACK] flags=NONE mustBeTask=false order=ANY topActivity=null launchCookie=null windowingMode=undefined},{NOT atype=undefined independent=true modes=[] flags=NONE mustBeTask=true order=ANY topActivity=null launchCookie=null customAnim=true windowingMode=undefined}]} RemoteTransition { remoteTransition = android.window.IRemoteTransition$Stub$Proxy@f6a4fd5, appThread = android.app.IApplicationThread$Stub$Proxy@85513ea, debugName = QuickstepLaunchHome }}
05-23 16:24:36.225  1143  1220 V WindowManagerShell:  Delegate animation for (#77) to null
05-23 16:24:36.225  1143  1220 V WindowManagerShell: start default transition animation, info = {id=77 t=OPEN f=0x0 trk=0 r=[0@Point(0, 0)] c=[{m=TO_FRONT f=MOVE_TO_TOP leash=Surface(name=Task=236)/@0x988f7 sb=Rect(0, 0 - 1080, 2400) eb=Rect(0, 0 - 1080, 2400) epz=Point(1080, 2400) d=0 taskParent=-1},{m=TO_BACK f=NONE leash=Surface(name=Task=240)/@0x1d4c364 sb=Rect(0, 0 - 1080, 2400) eb=Rect(0, 0 - 1080, 2400) epz=Point(1080, 2400) d=0 taskParent=-1}]}
05-23 16:24:36.225  1143  1220 V WindowManagerShell: loadAnimation: anim=android.view.animation.AnimationSet@ef26282 animAttr=0x9 type=OPEN isEntrance=false
05-23 16:24:36.225  1143  1220 V WindowManagerShell: loadAnimation: anim=android.view.animation.AnimationSet@9c3bd93 animAttr=0x8 type=OPEN isEntrance=true
05-23 16:24:36.227  1143  1220 V WindowManagerShell:  animated by com.android.wm.shell.transition.DefaultTransitionHandler@9c61ba2
