05-26 09:30:28.705   677   767 E AconfigFlags: android.os.flagging.AconfigStorageReadException: ERROR_PACKAGE_NOT_FOUND: package com.android.update_engine cannot be found on the device
05-26 09:30:28.705   677   767 E AconfigFlags: 	at android.os.flagging.AconfigPackage.load(AconfigPackage.java:132)
05-26 09:30:28.705   677   767 E AconfigFlags: 	at com.android.internal.pm.pkg.component.AconfigFlags.lambda$getFlagValueFromNewStorage$0(AconfigFlags.java:261)
05-26 09:30:28.705   677   767 E AconfigFlags: 	at com.android.internal.pm.pkg.component.AconfigFlags$$ExternalSyntheticLambda0.apply(D8$$SyntheticClass:0)
05-26 09:30:28.705   677   767 E AconfigFlags: 	at java.util.concurrent.ConcurrentHashMap.computeIfAbsent(ConcurrentHashMap.java:1713)
05-26 09:30:28.705   677   767 E AconfigFlags: 	at com.android.internal.pm.pkg.component.AconfigFlags.getFlagValueFromNewStorage(AconfigFlags.java:259)
05-26 09:30:28.705   677   767 E AconfigFlags: 	at com.android.internal.pm.pkg.component.AconfigFlags.getFlagValue(AconfigFlags.java:225)
05-26 09:30:28.705   677   767 E AconfigFlags: 	at com.android.server.pm.parsing.PackageCacher.getCachedResult(PackageCacher.java:214)
05-26 09:30:28.705   677   767 E AconfigFlags: 	at com.android.internal.pm.parsing.PackageParser2.parsePackage(PackageParser2.java:126)
05-26 09:30:28.705   677   767 E AconfigFlags: 	at com.android.server.pm.ParallelPackageParser.parsePackage(ParallelPackageParser.java:130)
05-26 09:30:28.705   677   767 E AconfigFlags: 	at com.android.server.pm.ParallelPackageParser.lambda$submit$0(ParallelPackageParser.java:108)
05-26 09:30:28.705   677   767 E AconfigFlags: 	at com.android.server.pm.ParallelPackageParser.$r8$lambda$uW6lAW1ixaCdJ_8ZINGbyQGIceg(ParallelPackageParser.java:0)
05-26 09:30:28.705   677   767 E AconfigFlags: 	at com.android.server.pm.ParallelPackageParser$$ExternalSyntheticLambda0.run(R8$$SyntheticClass:0)
05-26 09:30:28.705   677   767 E AconfigFlags: 	at java.util.concurrent.Executors$RunnableAdapter.call(Executors.java:524)
05-26 09:30:28.705   677   767 E AconfigFlags: 	at java.util.concurrent.FutureTask.run(FutureTask.java:317)
05-26 09:30:28.705   677   767 E AconfigFlags: 	at java.util.concurrent.ThreadPoolExecutor.runWorker(ThreadPoolExecutor.java:1156)
05-26 09:30:28.705   677   767 E AconfigFlags: 	at java.util.concurrent.ThreadPoolExecutor$Worker.run(ThreadPoolExecutor.java:651)
05-26 09:30:28.705   677   767 E AconfigFlags: 	at com.android.internal.util.ConcurrentUtils$1$1.run(ConcurrentUtils.java:65)
05-26 09:30:28.705   677   767 E AconfigFlags: Failed to load aconfig package android.xr
05-26 09:30:28.705   677   767 E AconfigFlags: android.os.flagging.AconfigStorageReadException: ERROR_PACKAGE_NOT_FOUND: package android.xr cannot be found on the device
05-26 09:30:28.705   677   767 E AconfigFlags: 	at android.os.flagging.AconfigPackage.load(AconfigPackage.java:132)
05-26 09:30:28.705   677   767 E AconfigFlags: 	at com.android.internal.pm.pkg.component.AconfigFlags.lambda$getFlagValueFromNewStorage$0(AconfigFlags.java:261)
05-26 09:30:28.705   677   767 E AconfigFlags: 	at com.android.internal.pm.pkg.component.AconfigFlags$$ExternalSyntheticLambda0.apply(D8$$SyntheticClass:0)
05-26 09:30:28.705   677   767 E AconfigFlags: 	at java.util.concurrent.ConcurrentHashMap.computeIfAbsent(ConcurrentHashMap.java:1713)
05-26 09:30:28.705   677   767 E AconfigFlags: 	at com.android.internal.pm.pkg.component.AconfigFlags.getFlagValueFromNewStorage(AconfigFlags.java:259)
05-26 09:30:28.705   677   767 E AconfigFlags: 	at com.android.internal.pm.pkg.component.AconfigFlags.getFlagValue(AconfigFlags.java:225)
05-26 09:30:28.705   677   767 E AconfigFlags: 	at com.android.server.pm.parsing.PackageCacher.getCachedResult(PackageCacher.java:214)
05-26 09:30:28.705   677   767 E AconfigFlags: 	at com.android.internal.pm.parsing.PackageParser2.parsePackage(PackageParser2.java:126)
05-26 09:30:28.705   677   767 E AconfigFlags: 	at com.android.server.pm.ParallelPackageParser.parsePackage(ParallelPackageParser.java:130)
05-26 09:30:28.705   677   767 E AconfigFlags: 	at com.android.server.pm.ParallelPackageParser.lambda$submit$0(ParallelPackageParser.java:108)
05-26 09:30:28.705   677   767 E AconfigFlags: 	at com.android.server.pm.ParallelPackageParser.$r8$lambda$uW6lAW1ixaCdJ_8ZINGbyQGIceg(ParallelPackageParser.java:0)
05-26 09:30:28.705   677   767 E AconfigFlags: 	at com.android.server.pm.ParallelPackageParser$$ExternalSyntheticLambda0.run(R8$$SyntheticClass:0)
05-26 09:30:28.705   677   767 E AconfigFlags: 	at java.util.concurrent.Executors$RunnableAdapter.call(Executors.java:524)
05-26 09:30:28.705   677   767 E AconfigFlags: 	at java.util.concurrent.FutureTask.run(FutureTask.java:317)
05-26 09:30:28.705   677   767 E AconfigFlags: 	at java.util.concurrent.ThreadPoolExecutor.runWorker(ThreadPoolExecutor.java:1156)
05-26 09:30:28.705   677   767 E AconfigFlags: 	at java.util.concurrent.ThreadPoolExecutor$Worker.run(ThreadPoolExecutor.java:651)
05-26 09:30:28.705   677   767 E AconfigFlags: 	at com.android.internal.util.ConcurrentUtils$1$1.run(ConcurrentUtils.java:65)
05-26 09:30:28.717   677   770 D PackageCacher: Feature flags for package /system/priv-app/Shell: {android.security.aapm_api=true, android.permission.flags.replace_body_sensor_permission_enabled=true, android.permission.flags.health_connect_backup_restore_permission_enabled=true, android.permission.flags.text_classifier_choice_api_enabled=true, android.security.protect_device_config_flags=true, android.security.afl_api=true, android.companion.virtualdevice.flags.enable_limited_vdm_role=false}
05-26 09:30:28.723   677   677 W PackageManager: Failed to scan /system/priv-app/NetworkStackGoogle: Package com.google.android.networkstack at /system/priv-app/NetworkStackGoogle ignored: updated version 360526280 better than this 360526000
05-26 09:30:28.745   677   677 W PackageManager: Skipping provider name com.google.android.apps.messaging.photopicker_images (in package com.google.android.apps.messaging): name already used by com.google.android.apps.messaging
05-26 09:30:28.746   677   677 W PackageManager: Failed to scan /product/priv-app/Phonesky: Package com.android.vending at /product/priv-app/Phonesky ignored: updated version 84613930 better than this 84532130
05-26 09:30:28.747   677   677 W PackageManager: Skipping provider name com.google.android.settings.intelligence (in package com.google.android.settings.intelligence): name already used by com.google.android.settings.intelligence
05-26 09:30:28.751   677   677 W PackageManager: Failed to scan /product/priv-app/PrebuiltGmsCore: Package com.google.android.gms at /product/priv-app/PrebuiltGmsCore ignored: updated version 251833035 better than this 250734035
05-26 09:30:28.752   677   677 W PackageManager: Failed to parse /product/app/Chrome: Missing base APK in /product/app/Chrome
05-26 09:30:28.753   677   677 W PackageManager: Failed to scan /product/app/Chrome-Stub: Package com.android.chrome at /product/app/Chrome-Stub ignored: updated version 694313732 better than this 694313732
05-26 09:30:28.757   677   677 W PackageManager: Failed to scan /product/app/ModuleMetadataGoogle: Package com.google.android.modulemetadata at /product/app/ModuleMetadataGoogle ignored: updated version 360574104 better than this 360530004
05-26 09:30:28.763   677   677 W PackageManager: Failed to parse /product/app/TrichromeLibrary: Missing base APK in /product/app/TrichromeLibrary
05-26 09:30:28.764   677   677 W PackageManager: Failed to parse /product/app/WebViewGoogle: Missing base APK in /product/app/WebViewGoogle
05-26 09:30:28.764   677   677 W PackageManager: Failed to scan /product/app/TrichromeLibrary-Stub: Package com.google.android.trichromelibrary_694313732 at /product/app/TrichromeLibrary-Stub ignored: updated version 694313732 better than this 694313732
05-26 09:30:28.764   677   677 W PackageManager: Failed to scan /product/app/WebViewGoogle-Stub: Package com.google.android.webview at /product/app/WebViewGoogle-Stub ignored: updated version 694313732 better than this 694313732
05-26 09:30:28.771   677   767 D PackageCacher: Feature flags for package /system_ext/priv-app/SystemUIGoogle: {com.android.wm.shell.enable_retrievable_bubbles=false}
05-26 09:30:28.772   677   770 D PackageCacher: Feature flags for package /system_ext/priv-app/SettingsGoogle: {android.view.contentprotection.flags.exported_settings_activity_enabled=true, com.android.settings.keyboard.keyboard_and_touchpad_a11y_new_page_enabled=true, android.app.ui_rich_ongoing=false, android.security.aapm_api=true, com.android.settingslib.flags.settings_catalyst=true, android.app.modes_ui=true, android.app.supervision.flags.supervision_manager_apis=false, com.android.settings.flags.catalyst_service=true, android.provider.new_default_account_api_enabled=true}
05-26 09:30:28.781   677   677 I ApexManager: Registering com.google.android.safetycenter.resources as apk-in-apex of com.android.permission
05-26 09:30:28.782   677   677 I ApexManager: Registering com.google.android.permissioncontroller as apk-in-apex of com.android.permission
05-26 09:30:28.783   677   677 I ApexManager: Registering com.google.android.connectivity.resources as apk-in-apex of com.android.tethering
05-26 09:30:28.783   677   677 I ApexManager: Registering com.google.android.networkstack.tethering as apk-in-apex of com.android.tethering
05-26 09:30:28.785   677   677 I ApexManager: Registering com.android.devicelockcontroller as apk-in-apex of com.android.devicelock
05-26 09:30:28.786   677   677 I ApexManager: Registering com.android.nfc as apk-in-apex of com.android.nfcservices
05-26 09:30:28.786   677   770 D PackageCacher: Feature flags for package /apex/com.android.nfcservices/priv-app/NfcNciApexGoogle@360526380: {com.android.nfc.flags.enable_direct_boot_aware=true}
05-26 09:30:28.786   677   677 I ApexManager: Registering com.google.android.nfc as apk-in-apex of com.android.nfcservices
05-26 09:30:28.787   677   677 I ApexManager: Registering com.google.android.cellbroadcastservice as apk-in-apex of com.android.cellbroadcast
05-26 09:30:28.788   677   677 I ApexManager: Registering com.google.android.cellbroadcastreceiver as apk-in-apex of com.android.cellbroadcast
05-26 09:30:28.789   677   677 I ApexManager: Registering com.google.android.healthconnect.controller as apk-in-apex of com.android.healthfitness
05-26 09:30:28.790   677   677 I ApexManager: Registering com.google.android.health.connect.backuprestore as apk-in-apex of com.android.healthfitness
05-26 09:30:28.791   677   677 I ApexManager: Registering com.google.android.ext.services as apk-in-apex of com.android.extservices
05-26 09:30:28.792   677   677 I ApexManager: Registering com.google.android.photopicker as apk-in-apex of com.android.mediaprovider
05-26 09:30:28.793   677   677 I ApexManager: Registering com.google.android.providers.media.module as apk-in-apex of com.android.mediaprovider
05-26 09:30:28.795   677   677 I ApexManager: Registering com.google.android.ondevicepersonalization.services as apk-in-apex of com.android.ondevicepersonalization
05-26 09:30:28.796   677   677 I ApexManager: Registering com.google.android.federatedcompute as apk-in-apex of com.android.ondevicepersonalization
05-26 09:30:28.799   677   677 I ApexManager: Registering com.google.android.adservices.api as apk-in-apex of com.android.adservices
05-26 09:30:28.801   677   677 I ApexManager: Registering com.google.android.sdksandbox as apk-in-apex of com.android.adservices
05-26 09:30:28.802   677   677 I ApexManager: Registering com.google.android.rkpdapp as apk-in-apex of com.android.rkpd
05-26 09:30:28.803   677   677 I ApexManager: Registering com.google.android.appsearch.apk as apk-in-apex of com.android.appsearch
05-26 09:30:28.804   677   677 I ApexManager: Registering com.google.android.uwb.resources as apk-in-apex of com.android.uwb
05-26 09:30:28.805   677   677 I ApexManager: Registering com.google.android.server.deviceconfig.resources as apk-in-apex of com.android.configinfrastructure
05-26 09:30:28.806   677   677 I ApexManager: Registering com.google.android.wifi.resources as apk-in-apex of com.android.wifi
05-26 09:30:28.807   677   677 I ApexManager: Registering com.google.android.hotspot2.osulogin as apk-in-apex of com.android.wifi
05-26 09:30:28.807   677   677 I ApexManager: Registering com.google.android.wifi.dialog as apk-in-apex of com.android.wifi
05-26 09:30:28.808   677   677 I ApexManager: Registering com.android.cts.priv.ctsshim as apk-in-apex of com.android.apex.cts.shim
05-26 09:30:28.809   677   677 I ApexManager: Registering com.android.cts.ctsshim as apk-in-apex of com.android.apex.cts.shim
05-26 09:30:28.810   677   677 I ApexManager: Registering com.google.android.bluetooth as apk-in-apex of com.android.bt
05-26 09:30:28.811   677   677 I ApexManager: Registering com.android.virtualmachine.res as apk-in-apex of com.android.virt
05-26 09:30:28.815   677   677 I PackageManager: Finished scanning system apps. Time: 825 ms, packageCount: 286 , timePerPackage: 2 , cached: 305
05-26 09:30:28.819   677   677 W PackageManager: Relax SCAN_REQUIRE_KNOWN requirement for package com.google.android.trichromelibrary_694313732
05-26 09:30:28.820   677   769 V Configuration: Updating configuration, locales updated from [] to [en_US]
05-26 09:30:28.821   677   677 W PackageManager: Relax SCAN_REQUIRE_KNOWN requirement for package com.google.android.webview
05-26 09:30:28.822   677   677 W PackageManager: Relax SCAN_REQUIRE_KNOWN requirement for package com.android.chrome
05-26 09:30:28.823   677   677 W PackageManager: Relax SCAN_REQUIRE_KNOWN requirement for package com.android.vending
05-26 09:30:28.823   677   770 V Configuration: Updating configuration, locales updated from [] to [en_US]
05-26 09:30:28.824   677   770 V Configuration: Updating configuration, locales updated from [] to [en_US]
05-26 09:30:28.827   677   677 W PackageManager: Relax SCAN_REQUIRE_KNOWN requirement for package com.google.android.modulemetadata
05-26 09:30:28.827   677   677 W PackageManager: Relax SCAN_REQUIRE_KNOWN requirement for package com.google.android.gms
05-26 09:30:28.835   677   677 W PackageManager: Relax SCAN_REQUIRE_KNOWN requirement for package com.google.android.networkstack
05-26 09:30:28.835   677   677 I PackageManager: Finished scanning non-system apps. Time: 20 ms, packageCount: 13 , timePerPackage: 1 , cached: 11
05-26 09:30:28.838   677   677 I PackageManager: Time to scan packages: 0.848 seconds
05-26 09:30:28.850   677   677 W AppIdPermissionPolicy: Ignoring permission com.google.android.gtalkservice.permission.GTALK_SERVICE declared in system package com.google.android.gsf: already declared in another system package com.google.android.gms
05-26 09:30:28.850   677   677 W AppIdPermissionPolicy: Ignoring permission com.google.android.c2dm.permission.SEND declared in system package com.google.android.gsf: already declared in another system package com.google.android.gms
05-26 09:30:28.850   677   677 W AppIdPermissionPolicy: Ignoring permission com.google.android.c2dm.permission.RECEIVE declared in system package com.google.android.gsf: already declared in another system package com.google.android.gms
05-26 09:30:28.850   677   677 W AppIdPermissionPolicy: Ignoring permission com.android.vending.INTENT_VENDING_ONLY declared in system package com.google.android.gsf: already declared in another system package com.google.android.gms
05-26 09:30:28.850   677   677 W AppIdPermissionPolicy: Ignoring permission com.google.android.providers.settings.permission.WRITE_GSETTINGS declared in system package com.google.android.gsf: already declared in another system package com.google.android.gms
05-26 09:30:28.850   677   677 W AppIdPermissionPolicy: Ignoring permission com.google.android.providers.gsf.permission.READ_GSERVICES declared in system package com.google.android.gsf: already declared in another system package com.google.android.gms
05-26 09:30:28.850   677   677 W AppIdPermissionPolicy: Ignoring permission com.google.android.providers.gsf.permission.WRITE_GSERVICES declared in system package com.google.android.gsf: already declared in another system package com.google.android.gms
05-26 09:30:28.850   677   677 W AppIdPermissionPolicy: Ignoring permission com.google.android.apps.wallpaper.DYNAMIC_RECEIVER_NOT_EXPORTED_PERMISSION declared in system package com.google.android.apps.wallpaper: already declared in another system package com.android.wallpaper
05-26 09:30:28.856   677   677 V PackageManager: reconcileAppsData for null u0 0x1 migrateAppData=true
05-26 09:30:28.875   677   677 V PackageManager: reconcileAppsData finished 27 packages
05-26 09:30:28.875   677   677 D PackageManagerTiming: write settings
05-26 09:30:28.875   677   776 D SystemServerTimingAsync: InitThreadPoolExec:prepareAppData
05-26 09:30:28.897   677   677 I PackageManager: Fix for b/169414761 is applied
05-26 09:30:28.897   677   677 V UserSystemPackageInstaller: Checking that all system packages are whitelisted.
05-26 09:30:28.900   677   677 W UserSystemPackageInstaller: checkWhitelistedSystemPackages(mode=d) has 66 warnings:
05-26 09:30:28.900   677   677 W UserSystemPackageInstaller: com.android.theme.color.amethyst is allowlisted but not present.
05-26 09:30:28.900   677   677 W UserSystemPackageInstaller: com.android.theme.icon.pebble is allowlisted but not present.
05-26 09:30:28.900   677   677 W UserSystemPackageInstaller: com.android.internal.systemui.navbar.gestural_wide_back is allowlisted but not present.
05-26 09:30:28.900   677   677 W UserSystemPackageInstaller: com.android.theme.color.sand is allowlisted but not present.
05-26 09:30:28.900   677   677 W UserSystemPackageInstaller: com.android.theme.icon.vessel is allowlisted but not present.
05-26 09:30:28.900   677   677 W UserSystemPackageInstaller: com.android.theme.color.cinnamon is allowlisted but not present.
05-26 09:30:28.900   677   677 W UserSystemPackageInstaller: com.android.theme.icon_pack.victor.settings is allowlisted but not present.
05-26 09:30:28.900   677   677 W UserSystemPackageInstaller: com.android.theme.icon_pack.rounded.systemui is allowlisted but not present.
05-26 09:30:28.900   677   677 W UserSystemPackageInstaller: com.android.theme.icon.taperedrect is allowlisted but not present.
05-26 09:30:28.900   677   677 W UserSystemPackageInstaller: com.android.documentsui is allowlisted but not present.
05-26 09:30:28.900   677   677 W UserSystemPackageInstaller: com.android.quicksearchbox is allowlisted but not present.
05-26 09:30:28.900   677   677 W UserSystemPackageInstaller: com.android.messaging is allowlisted but not present.
05-26 09:30:28.900   677   677 W UserSystemPackageInstaller: com.android.theme.icon_pack.rounded.android is allowlisted but not present.
05-26 09:30:28.900   677   677 W UserSystemPackageInstaller: com.android.internal.systemui.onehanded.gestural is allowlisted but not present.
05-26 09:30:28.900   677   677 W UserSystemPackageInstaller: com.android.multiuser is allowlisted but not present.
05-26 09:30:28.900   677   677 W UserSystemPackageInstaller: com.android.theme.icon_pack.victor.systemui is allowlisted but not present.
05-26 09:30:28.900   677   677 W UserSystemPackageInstaller: com.android.theme.icon_pack.circular.themepicker is allowlisted but not present.
05-26 09:30:28.900   677   677 W UserSystemPackageInstaller: com.android.avatarpicker is allowlisted but not present.
05-26 09:30:28.900   677   677 W UserSystemPackageInstaller: com.android.theme.color.tangerine is allowlisted but not present.
05-26 09:30:28.900   677   677 W UserSystemPackageInstaller: com.android.theme.color.aquamarine is allowlisted but not present.
05-26 09:30:28.900   677   677 W UserSystemPackageInstaller: com.android.theme.color.black is allowlisted but not present.
05-26 09:30:28.900   677   677 W UserSystemPackageInstaller: com.android.theme.color.green is allowlisted but not present.
05-26 09:30:28.900   677   677 W UserSystemPackageInstaller: com.android.theme.color.ocean is allowlisted but not present.
05-26 09:30:28.900   677   677 W UserSystemPackageInstaller: com.android.theme.color.space is allowlisted but not present.
05-26 09:30:28.900   677   677 W UserSystemPackageInstaller: com.android.contacts is allowlisted but not present.
05-26 09:30:28.900   677   677 W UserSystemPackageInstaller: com.android.theme.icon_pack.rounded.launcher is allowlisted but not present.
05-26 09:30:28.900   677   677 W UserSystemPackageInstaller: com.android.theme.icon_pack.kai.settings is allowlisted but not present.
05-26 09:30:28.900   677   677 W UserSystemPackageInstaller: com.android.theme.icon_pack.sam.settings is allowlisted but not present.
05-26 09:30:28.900   677   677 W UserSystemPackageInstaller: com.android.calendar is allowlisted but not present.
05-26 09:30:28.900   677   677 W UserSystemPackageInstaller: com.android.internal.systemui.navbar.gestural_extra_wide_back is allowlisted but not present.
05-26 09:30:28.900   677   677 W UserSystemPackageInstaller: com.android.theme.icon_pack.kai.themepicker is allowlisted but not present.
05-26 09:30:28.900   677   677 W UserSystemPackageInstaller: com.android.theme.icon_pack.victor.launcher is allowlisted but not present.
05-26 09:30:28.900   677   677 W UserSystemPackageInstaller: com.android.theme.icon_pack.filled.settings is allowlisted but not present.
05-26 09:30:28.900   677   677 W UserSystemPackageInstaller: com.android.theme.icon_pack.kai.systemui is allowlisted but not present.
05-26 09:30:28.900   677   677 W UserSystemPackageInstaller: com.android.theme.icon_pack.circular.settings is allowlisted but not present.
05-26 09:30:28.900   677   677 W UserSystemPackageInstaller: com.android.privatespace is allowlisted but not present.
05-26 09:30:28.900   677   677 W UserSystemPackageInstaller: com.android.theme.icon_pack.sam.systemui is allowlisted but not present.
05-26 09:30:28.900   677   677 W UserSystemPackageInstaller: com.android.theme.icon.teardrop is allowlisted but not present.
05-26 09:30:28.900   677   677 W UserSystemPackageInstaller: com.android.theme.icon_pack.rounded.themepicker is allowlisted but not present.
05-26 09:30:28.900   677   677 W UserSystemPackageInstaller: com.android.dialer is allowlisted but not present.
05-26 09:30:28.900   677   677 W UserSystemPackageInstaller: com.android.gallery3d is allowlisted but not present.
05-26 09:30:28.900   677   677 W UserSystemPackageInstaller: com.android.theme.icon_pack.filled.systemui is allowlisted but not present.
05-26 09:30:28.900   677   677 W UserSystemPackageInstaller: com.android.theme.icon_pack.sam.android is allowlisted but not present.
05-26 09:30:28.900   677   677 W UserSystemPackageInstaller: com.android.theme.icon_pack.filled.android is allowlisted but not present.
05-26 09:30:28.900   677   677 W UserSystemPackageInstaller: com.android.theme.icon_pack.circular.systemui is allowlisted but not present.
05-26 09:30:28.900   677   677 W UserSystemPackageInstaller: com.android.inputmethod.latin is allowlisted but not present.
05-26 09:30:28.900   677   677 W UserSystemPackageInstaller: com.android.theme.icon_pack.kai.android is allowlisted but not present.
05-26 09:30:28.900   677   677 W UserSystemPackageInstaller: com.android.theme.icon_pack.kai.launcher is allowlisted but not present.
05-26 09:30:28.900   677   677 W UserSystemPackageInstaller: com.android.theme.icon_pack.sam.launcher is allowlisted but not present.
05-26 09:30:28.900   677   677 W UserSystemPackageInstaller: com.android.theme.icon.squircle is allowlisted but not present.
05-26 09:30:28.900   677   677 W UserSystemPackageInstaller: com.android.theme.icon_pack.victor.android is allowlisted but not present.
05-26 09:30:28.900   677   677 W UserSystemPackageInstaller: com.android.theme.color.palette is allowlisted but not present.
05-26 09:30:28.900   677   677 W UserSystemPackageInstaller: com.android.theme.icon_pack.filled.launcher is allowlisted but not present.
05-26 09:30:28.900   677   677 W UserSystemPackageInstaller: com.android.theme.color.carbon is allowlisted but not present.
05-26 09:30:28.900   677   677 W UserSystemPackageInstaller: com.android.theme.icon_pack.circular.launcher is allowlisted but not present.
05-26 09:30:28.900   677   677 W UserSystemPackageInstaller: com.android.theme.icon_pack.filled.themepicker is allowlisted but not present.
05-26 09:30:28.900   677   677 W UserSystemPackageInstaller: com.android.theme.icon_pack.victor.themepicker is allowlisted but not present.
05-26 09:30:28.900   677   677 W UserSystemPackageInstaller: com.android.theme.color.orchid is allowlisted but not present.
05-26 09:30:28.900   677   677 W UserSystemPackageInstaller: com.android.deskclock is allowlisted but not present.
05-26 09:30:28.900   677   677 W UserSystemPackageInstaller: com.android.theme.color.purple is allowlisted but not present.
05-26 09:30:28.900   677   677 W UserSystemPackageInstaller: com.android.theme.icon_pack.sam.themepicker is allowlisted but not present.
05-26 09:30:28.900   677   677 W UserSystemPackageInstaller: com.android.wallpaperpicker is allowlisted but not present.
05-26 09:30:28.900   677   677 W UserSystemPackageInstaller: com.android.theme.icon.roundedrect is allowlisted but not present.
05-26 09:30:28.900   677   677 W UserSystemPackageInstaller: com.android.internal.systemui.navbar.gestural_narrow_back is allowlisted but not present.
05-26 09:30:28.900   677   677 W UserSystemPackageInstaller: com.android.theme.icon_pack.rounded.settings is allowlisted but not present.
05-26 09:30:28.900   677   677 W UserSystemPackageInstaller: com.android.theme.icon_pack.circular.android is allowlisted but not present.
05-26 09:30:28.901   677   677 I Watchdog: Resuming HandlerChecker: main thread for reason: packagemanagermain. Pause count: 0
05-26 09:30:28.901   677   677 D SystemServerTiming: DexUseManagerLocal
05-26 09:30:28.912   677   677 D SystemServerTiming: StartOtaDexOptService
05-26 09:30:28.912   677   677 I Watchdog: Pausing HandlerChecker: main thread for reason: moveab. Pause count: 1
05-26 09:30:28.912   677   677 D OTADexopt: No upgrade, skipping A/B artifacts check.
05-26 09:30:28.913   677   677 I Watchdog: Resuming HandlerChecker: main thread for reason: moveab. Pause count: 0
05-26 09:30:28.913   677   677 D SystemServerTiming: StartUserManagerService
05-26 09:30:28.913   677   677 I SystemServiceManager: Starting com.android.server.pm.UserManagerService$LifeCycle
05-26 09:30:28.913   677   677 D SystemServerTiming: InitAttributerCache
05-26 09:30:28.913   677   677 D SystemServerTiming: SetSystemProcess
05-26 09:30:28.915   677   704 V LegacyHistoricalRegistry: Interaction before persistence initialized
05-26 09:30:28.917   677   677 D ActivityManager: StatsPullAtomService not ready yet
05-26 09:30:28.918   677   742 I ActivityManager: Connection with lmkd established
05-26 09:30:28.918   677   677 D ActivityManager: StatsPullAtomService not ready yet
05-26 09:30:28.919   677   677 D SystemServerTiming: InitWatchdog
05-26 09:30:28.920   677   677 D SystemServerTiming: StartOverlayManagerService
05-26 09:30:28.922   677   677 I OverlayManager: Updating overlays for starting user 0
05-26 09:30:28.986   604   785 I storaged: storaged: Start
05-26 09:30:29.042   677   677 D SystemServerTiming: StartResourcesManagerService
05-26 09:30:29.043   677   677 D SystemServerTiming: StartSensorPrivacyService
05-26 09:30:29.044   677   730 V Configuration: Updating configuration, locales updated from [] to [en_US]
05-26 09:30:29.046   677   730 W ActivityTaskManager: Skip updateConfiguration because mWindowManager isn't set
05-26 09:30:29.047   677   730 W BroadcastLoopers: Found previously unknown looper Thread[android.fg,5,main]
05-26 09:30:29.048   677   677 D SystemServerTiming: StartSensorService
05-26 09:30:29.048   677   677 I SystemServiceManager: Starting com.android.server.sensors.SensorService
05-26 09:30:29.048   677   677 D SystemServerTiming: startCoreServices
05-26 09:30:29.048   677   677 D SystemServerTiming: StartSystemConfigService
05-26 09:30:29.048   677   791 D SystemServerTimingAsync: InitThreadPoolExec:StartNativeSensorService
05-26 09:30:29.048   677   677 I SystemServiceManager: Starting com.android.server.SystemConfigService
05-26 09:30:29.048   677   791 D SystemServerTimingAsync: StartNativeSensorService
05-26 09:30:29.049   677   677 D SystemServerTiming: StartBatteryService
05-26 09:30:29.049   677   677 I SystemServiceManager: Starting com.android.server.BatteryService
05-26 09:30:29.053   677   677 I HealthServiceWrapperAidl: health: HealthServiceWrapper listening to AIDL HAL
05-26 09:30:29.053   677   677 I BatteryService: health: Waited 0ms and received the update.
05-26 09:30:29.054   677   677 D SystemServerTiming: StartUsageService
05-26 09:30:29.054   677   791 V LegacyHistoricalRegistry: Interaction before persistence initialized
05-26 09:30:29.054   677   677 I SystemServiceManager: Starting com.android.server.usage.UsageStatsService
05-26 09:30:29.056   677   677 D SystemServerTiming: StartWebViewUpdateService
05-26 09:30:29.056   677   677 I SystemServiceManager: Starting com.android.server.webkit.WebViewUpdateService
05-26 09:30:29.056   677   677 D SystemServerTiming: StartCachedDeviceStateService
05-26 09:30:29.056   677   677 I SystemServiceManager: Starting com.android.server.CachedDeviceStateService
05-26 09:30:29.056   677   677 D SystemServerTiming: StartBinderCallsStatsService
05-26 09:30:29.056   677   677 I SystemServiceManager: Starting com.android.server.BinderCallsStatsService$LifeCycle
05-26 09:30:29.056   677   677 D SystemServerTiming: StartLooperStatsService
05-26 09:30:29.056   677   677 I SystemServiceManager: Starting com.android.server.LooperStatsService$Lifecycle
05-26 09:30:29.056   677   677 D SystemServerTiming: StartRollbackManagerService
05-26 09:30:29.056   677   677 I SystemServiceManager: Starting com.android.server.rollback.RollbackManagerService
05-26 09:30:29.085   677   677 D SystemServerTiming: StartNativeTombstoneManagerService
05-26 09:30:29.089   677   677 I SystemServiceManager: Starting com.android.server.os.NativeTombstoneManagerService
05-26 09:30:29.092   677   677 D SystemServerTiming: StartBugreportManagerService
05-26 09:30:29.092   677   677 I SystemServiceManager: Starting com.android.server.os.BugreportManagerService
05-26 09:30:29.094   677   677 D SystemServerTiming: GpuService
05-26 09:30:29.094   677   677 I SystemServiceManager: Starting com.android.server.gpu.GpuService
05-26 09:30:29.094   677   677 D SystemServerTiming: StartRemoteProvisioningService
05-26 09:30:29.094   677   677 I SystemServiceManager: Starting com.android.server.security.rkp.RemoteProvisioningService
05-26 09:30:29.098   677   677 D SystemServerTiming: startOtherServices
05-26 09:30:29.098   677   677 D SystemServerTiming: StartKeyAttestationApplicationIdProviderService
05-26 09:30:29.098   677   804 D SystemServerTimingAsync: InitThreadPoolExec:SecondaryZygotePreload
05-26 09:30:29.098   677   804 I SystemServer: SecondaryZygotePreload
05-26 09:30:29.098   677   804 D SystemServerTimingAsync: SecondaryZygotePreload
05-26 09:30:29.102   677   677 D SystemServerTiming: StartKeyChainSystemService
05-26 09:30:29.102   677   677 I SystemServiceManager: Starting com.android.server.security.KeyChainSystemService
05-26 09:30:29.105   677   677 D SystemServerTiming: StartBinaryTransparencyService
05-26 09:30:29.106   677   677 I SystemServiceManager: Starting com.android.server.BinaryTransparencyService
05-26 09:30:29.107   677   677 I TransparencyService: Started BinaryTransparencyService
05-26 09:30:29.107   677   677 D SystemServerTiming: StartSchedulingPolicyService
05-26 09:30:29.107   677   714 D SystemServerTimingAsync: InitThreadPoolExec:SchedulingPolicyService.<init>
05-26 09:30:29.107   677   677 D SystemServerTiming: StartTelecomLoaderService
05-26 09:30:29.107   677   677 I SystemServiceManager: Starting com.android.server.telecom.TelecomLoaderService
05-26 09:30:29.107   677   677 D SystemServerTiming: StartTelephonyRegistry
05-26 09:30:29.108   677   677 D SystemServerTiming: StartEntropyMixer
05-26 09:30:29.109   677   677 I EntropyMixer: Loaded existing seed file
05-26 09:30:29.127   677   677 I EntropyMixer: Updated seed file
05-26 09:30:29.127   677   677 D SystemServerTiming: StartAccountManagerService
05-26 09:30:29.127   677   677 I SystemServiceManager: Starting com.android.server.accounts.AccountManagerService$Lifecycle
05-26 09:30:29.136   677   677 D SystemServerTiming: StartContentService
05-26 09:30:29.136   677   677 I SystemServiceManager: Starting com.android.server.content.ContentService$Lifecycle
05-26 09:30:29.139   677   677 D SystemServerTiming: InstallSystemProviders
05-26 09:30:29.141   677   677 V Configuration: Updating configuration, locales updated from [] to [en_US]
05-26 09:30:29.145   677   776 W PackageManager: Skipping preparing app data for com.google.android.tzdata6
05-26 09:30:29.145   677   776 W PackageManager: Skipping preparing app data for com.google.android.ondevicepersonalization
05-26 09:30:29.145   677   776 W PackageManager: Skipping preparing app data for com.android.hardware.authsecret
05-26 09:30:29.145   677   776 W PackageManager: Skipping preparing app data for com.android.hardware.power
05-26 09:30:29.145   677   776 W PackageManager: Skipping preparing app data for com.google.android.media.swcodec
05-26 09:30:29.145   677   776 W PackageManager: Skipping preparing app data for com.google.android.os.statsd
05-26 09:30:29.145   677   776 W PackageManager: Skipping preparing app data for com.google.android.widevine.nonupdatable
05-26 09:30:29.145   677   776 W PackageManager: Skipping preparing app data for com.android.hardware.threadnetwork
05-26 09:30:29.145   677   776 W PackageManager: Skipping preparing app data for com.google.android.extservices
05-26 09:30:29.145   677   776 W PackageManager: Skipping preparing app data for com.android.hardware.rebootescrow
05-26 09:30:29.145   677   776 W PackageManager: Skipping preparing app data for com.google.android.sdksandbox
05-26 09:30:29.145   677   776 W PackageManager: Skipping preparing app data for com.google.android.bt
05-26 09:30:29.145   677   776 W PackageManager: Skipping preparing app data for com.google.android.healthfitness
05-26 09:30:29.145   677   776 W PackageManager: Skipping preparing app data for com.google.android.ipsec
05-26 09:30:29.145   677   776 W PackageManager: Skipping preparing app data for com.google.android.media
05-26 09:30:29.145   677   776 W PackageManager: Skipping preparing app data for com.google.android.uprobestats
05-26 09:30:29.145   677   776 W PackageManager: Skipping preparing app data for com.android.i18n
05-26 09:30:29.145   677   776 W PackageManager: Skipping preparing app data for com.android.virt
05-26 09:30:29.145   677   776 W PackageManager: Skipping preparing app data for com.android.hardware.contexthub
05-26 09:30:29.145   677   776 W PackageManager: Skipping preparing app data for com.google.android.nfcservices
05-26 09:30:29.145   677   776 W PackageManager: Skipping preparing app data for com.android.hardware.dumpstate
05-26 09:30:29.145   677   776 W PackageManager: Skipping preparing app data for com.google.android.appsearch
05-26 09:30:29.145   677   776 W PackageManager: Skipping preparing app data for com.google.android.configinfrastructure
05-26 09:30:29.145   677   776 W PackageManager: Skipping preparing app data for com.android.devicelock
05-26 09:30:29.145   677   776 W PackageManager: Skipping preparing app data for com.google.android.cellbroadcast
05-26 09:30:29.145   677   776 W PackageManager: Skipping preparing app data for com.android.apex.cts.shim
05-26 09:30:29.145   677   776 W PackageManager: Skipping preparing app data for com.android.hardware.gatekeeper
05-26 09:30:29.145   677   776 W PackageManager: Skipping preparing app data for com.google.android.resolv
05-26 09:30:29.145   677   776 W PackageManager: Skipping preparing app data for com.google.android.sdkext
05-26 09:30:29.145   677   776 W PackageManager: Skipping preparing app data for com.google.android.art
05-26 09:30:29.145   677   776 W PackageManager: Skipping preparing app data for com.google.android.uwb
05-26 09:30:29.145   677   776 W PackageManager: Skipping preparing app data for com.google.android.runtime
05-26 09:30:29.145   677   776 W PackageManager: Skipping preparing app data for com.android.hardware.cas
05-26 09:30:29.145   677   776 W PackageManager: Skipping preparing app data for com.android.hardware.uwb
05-26 09:30:29.145   677   776 W PackageManager: Skipping preparing app data for com.google.android.adservices
05-26 09:30:29.145   677   776 W PackageManager: Skipping preparing app data for com.google.android.crashrecovery
05-26 09:30:29.145   677   776 W PackageManager: Skipping preparing app data for com.google.android.scheduling
05-26 09:30:29.145   677   776 W PackageManager: Skipping preparing app data for com.android.hardware.thermal
05-26 09:30:29.145   677   776 W PackageManager: Skipping preparing app data for com.google.android.mediaprovider
05-26 09:30:29.145   677   776 W PackageManager: Skipping preparing app data for com.android.hardware.neuralnetworks
05-26 09:30:29.146   677   776 W PackageManager: Skipping preparing app data for com.google.android.permission
05-26 09:30:29.146   677   776 W PackageManager: Skipping preparing app data for com.google.android.profiling
05-26 09:30:29.146   677   776 W PackageManager: Skipping preparing app data for com.google.android.neuralnetworks
05-26 09:30:29.146   677   776 W PackageManager: Skipping preparing app data for com.google.android.tethering
05-26 09:30:29.146   677   776 W PackageManager: Skipping preparing app data for com.google.android.adbd
05-26 09:30:29.146   677   776 W PackageManager: Skipping preparing app data for com.google.android.rkpd
05-26 09:30:29.146   677   776 W PackageManager: Skipping preparing app data for com.google.android.wifi
05-26 09:30:29.146   677   776 W PackageManager: Skipping preparing app data for com.google.android.conscrypt
05-26 09:30:29.146   677   776 W PackageManager: Skipping preparing app data for com.android.hardware.vibrator
05-26 09:30:29.192   677   776 I PackageManager: Deferred reconcileAppsData finished 272 packages
05-26 09:30:29.238   677   677 E SettingsState: invalid override flag name device_personalization_services/Captions__ec_vocal_burst_v2_thresholds
05-26 09:30:29.238   677   677 E SettingsState: invalid override flag name adservices/fledge_custom_audience_max_ads_size_b
05-26 09:30:29.238   677   677 E SettingsState: invalid override flag name privacy/max_safety_labels_persisted_per_app
05-26 09:30:29.238   677   677 E SettingsState: invalid override flag name adservices/enable_tablet_region_fix
05-26 09:30:29.238   677   677 E SettingsState: invalid override flag name device_personalization_services/NowPlaying__ambient_music_get_model_state_cooldown_seconds_cloud_search
05-26 09:30:29.238   677   677 E SettingsState: invalid override flag name device_personalization_services/Captions__enable_ec_v2_integration
05-26 09:30:29.238   677   677 E SettingsState: invalid override flag name adservices/topics_disable_direct_app_calls
05-26 09:30:29.238   677   677 E SettingsState: invalid override flag name adservices/app_name_api_error_cobalt_logging_enabled
05-26 09:30:29.238   677   677 E SettingsState: invalid override flag name adservices/fledge_background_fetch_enabled
05-26 09:30:29.238   677   677 E SettingsState: invalid override flag name telephony/is_telephony_anomaly_report_enabled
05-26 09:30:29.238   677   677 E SettingsState: invalid override flag name device_personalization_services/EchoSmartspace__enable_weather_removal_as_secondary_card_home
05-26 09:30:29.238   677   677 E SettingsState: invalid override flag name device_personalization_services/NowPlaying__create_shortcut_on_np_enabled
05-26 09:30:29.238   677   677 E SettingsState: invalid override flag name runtime_native/use_app_image_startup_cache
05-26 09:30:29.238   677   677 E SettingsState: invalid override flag name adservices/ui_toggle_speed_bump_enabled
05-26 09:30:29.238   677   677 E SettingsState: invalid override flag name device_personalization_services/MessageArmour__warning_delay_ms
05-26 09:30:29.238   677   677 E SettingsState: invalid override flag name storage_native_boot/target_dirty_ratio
05-26 09:30:29.238   677   677 E SettingsState: invalid override flag name health_fitness/RateLimiter__max_data_push_limit_across_apps_15m_background
05-26 09:30:29.238   677   677 E SettingsState: invalid override flag name window_manager/SinglePointerPanning__enable_single_pointer_panning
05-26 09:30:29.238   677   677 E SettingsState: invalid override flag name tethering/mdns_type_allowlist_flags
05-26 09:30:29.238   677   677 E SettingsState: invalid override flag name privacy/safety_center_override_refresh_on_page_open_sources
05-26 09:30:29.238   677   677 E SettingsState: invalid override flag name adservices/enrollment_blocklist_ids
05-26 09:30:29.238   677   677 E SettingsState: invalid override flag name adservices/measurement_registration_input_event_valid_window_ms
05-26 09:30:29.238   677   677 E SettingsState: invalid override flag name aicore/AicSafety__use_flexible_safety_baymax_classifier
05-26 09:30:29.238   677   677 E SettingsState: invalid override flag name adservices/fledge_ad_counter_histogram_absolute_max_per_buyer_event_count
05-26 09:30:29.238   677   677 E SettingsState: invalid override flag name settings_stats/GlobalFeature__boolean_whitelist
05-26 09:30:29.238   677   677 E SettingsState: invalid override flag name aicore/AicSafety__use_flexible_safety_smart_reply_classifier
05-26 09:30:29.238   677   677 E SettingsState: invalid override flag name configuration/beta_launch
05-26 09:30:29.238   677   677 E SettingsState: invalid override flag name configuration/flag_five
05-26 09:30:29.238   677   677 E SettingsState: invalid override flag name configuration/flag_four
05-26 09:30:29.238   677   677 E SettingsState: invalid override flag name on_device_personalization/isolated_service_deadline_seconds
05-26 09:30:29.238   677   677 E SettingsState: invalid override flag name device_personalization_services/Superpacks__require_charging_by_default
05-26 09:30:29.238   677   677 E SettingsState: invalid override flag name device_personalization_services/SmartNotification__no_cooldown_when_charging
05-26 09:30:29.238   677   677 E SettingsState: invalid override flag name device_policy_manager/enable_coexistence
05-26 09:30:29.238   677   677 E SettingsState: invalid override flag name adservices/fledge_auction_server_enable_debug_reporting
05-26 09:30:29.238   677   677 E SettingsState: invalid override flag name adservices/key_fledge_custom_audience_max_bidding_logic_uri_size_b
05-26 09:30:29.238   677   677 E SettingsState: invalid override flag name exo/enable_keyboard_switch
05-26 09:30:29.238   677   677 E SettingsState: invalid override flag name adservices/fledge_background_fetch_eligible_update_base_interval_s
05-26 09:30:29.238   677   677 E SettingsState: invalid override flag name adservices/measurement_reporting_job_service_enabled
05-26 09:30:29.238   677   677 E SettingsState: invalid override flag name latency_tracker/action_show_voice_interaction_trace_threshold
05-26 09:30:29.238   677   677 E SettingsState: invalid override flag name odad/phl_threshold_score
05-26 09:30:29.238   677   677 E SettingsState: invalid override flag name adservices/measurement_enable_ara_deduplication_alignment_v1
05-26 09:30:29.238   677   677 E SettingsState: invalid override flag name device_personalization_services/NotificationAssistant__max_importance_variance
05-26 09:30:29.238   677   677 E SettingsState: invalid override flag name privacy/safety_center_background_refresh_is_enabled
05-26 09:30:29.238   677   677 E SettingsState: invalid override flag name textclassifier/generate_links_max_text_length
05-26 09:30:29.238   677   677 E SettingsState: invalid override flag name adservices/fledge_frequency_cap_filtering_metrics_enabled
05-26 09:30:29.238   677   677 E SettingsState: invalid override flag name adservices/fledge_ad_selection_from_outcomes_overall_timeout_ms
05-26 09:30:29.238   677   677 E SettingsState: invalid override flag name odad/phl_text_box_scores
05-26 09:30:29.238   677   677 E SettingsState: invalid override flag name aicore/AicSafety__use_qta_question_only
05-26 09:30:29.238   677   677 E SettingsState: invalid override flag name adservices/fledge_data_version_header_enabled
05-26 09:30:29.238   677   677 E SettingsState: invalid override flag name aicore/AicSafety__pixel_ai_long_text_segmenter_window_size
05-26 09:30:29.238   677   677 E SettingsState: invalid override flag name configuration/rescue_party_throttle_duration_min
05-26 09:30:29.238   677   677 E SettingsState: invalid override flag name on_device_personalization/transient_error_retry_delay_secs
05-26 09:30:29.238   677   677 E SettingsState: invalid override flag name device_personalization_services/Captions__ec_supported_languages
05-26 09:30:29.238   677   677 E SettingsState: invalid override flag name device_personalization_services/Echo__include_event_reservation_in_smartspace_upcoming_setting
05-26 09:30:29.238   677   677 E SettingsState: invalid override flag name device_personalization_services/EchoSmartspace__always_send_weather_to_home_screen
05-26 09:30:29.238   677   677 E SettingsState: invalid override flag name adservices/measurement_register_source_request_permits_per_second
05-26 09:30:29.238   677   677 E SettingsState: invalid override flag name adservices/fledge_fetch_custom_audience_max_retry_after_value_ms
05-26 09:30:29.238   677   677 E SettingsState: invalid override flag name adservices/ui_dialogs_feature_enabled
05-26 09:30:29.238   677   677 E SettingsState: invalid override flag name device_personalization_services/EchoSmartspace__enable_weather_removal_as_secondary_card_lockscreen
05-26 09:30:29.238   677   677 E SettingsState: invalid override flag name bluetooth/INIT_gd_hal_snoop_logger_filtering
05-26 09:30:29.238   677   677 E SettingsState: invalid override flag name storage_native_boot/take_over_get_content
05-26 09:30:29.238   677   677 E SettingsState: invalid override flag name adservices/measurement_receiver_delete_packages_kill_switch
05-26 09:30:29.238   677   677 E SettingsState: invalid override flag name activity_manager/bg_prompt_fgs_on_long_running
05-26 09:30:29.238   677   677 E SettingsState: invalid override flag name media/player_metrics_per_app_user_media_activity_blocklist
05-26 09:30:29.238   677   677 E SettingsState: invalid override flag name device_personalization_services/Pecan__disable_launcher_state_listener
05-26 09:30:29.238   677   677 E SettingsState: invalid override flag name health_fitness/execution_time_buffer_minutes
05-26 09:30:29.238   677   677 E SettingsState: invalid override flag name device_personalization_services/SmartNotification__run_high_priority_thread
05-26 09:30:29.238   677   677 E SettingsState: invalid override flag name adservices/measurement_register_sources_request_permits_per_second
05-26 09:30:29.238   677   677 E SettingsState: invalid override flag name device_personalization_services/WalletSuggestions__enable_wallet_suggestions
05-26 09:30:29.238   677   677 E SettingsState: invalid override flag name device_personalization_services/SmartNotification__supported_notification_categories
05-26 09:30:29.238   677   677 E SettingsState: invalid override flag name launcher/INJECT_FALLBACK_APP_CORPUS_RESULTS
05-26 09:30:29.238   677   677 E SettingsState: invalid override flag name adservices/consent_already_interacted_fix_enable
05-26 09:30:29.238   677   677 E SettingsState: invalid override flag name device_personalization_services/PcsAttestationMeasurement__schedule_attestation_job
05-26 09:30:29.238   677   677 E SettingsState: invalid override flag name adservices/classifier_type
05-26 09:30:29.238   677   677 E SettingsState: invalid override flag name adservices/fledge_auction_server_kill_switch
05-26 09:30:29.238   677   677 E SettingsState: invalid override flag name device_personalization_services/SmartRecPixelSearch__enable_search_on_photos
05-26 09:30:29.238   677   677 E SettingsState: invalid override flag name privacy/data_sharing_update_period_millis
05-26 09:30:29.238   677   677 E SettingsState: invalid override flag name device_personalization_services/EchoSmartspace__enable_finance_recap_ambient_data
05-26 09:30:29.238   677   677 E SettingsState: invalid override flag name netd_native/parallel_lookup
05-26 09:30:29.238   677   677 E SettingsState: invalid override flag name adservices/pas_ux_enabled
05-26 09:30:29.238   677   677 E SettingsState: invalid override flag name health_fitness/RateLimiter__max_write_chunk_size
05-26 09:30:29.238   677   677 E SettingsState: invalid override flag name adservices/Fledge__enable_prod_debug_in_auction_server
05-26 09:30:29.238   677   677 E SettingsState: invalid override flag name device_personalization_services/PcsAttestationMeasurement__delay_seconds_from_hour
05-26 09:30:29.238   677   677 E SettingsState: invalid override flag name adservices/is_eea_device
05-26 09:30:29.238   677   677 E SettingsState: invalid override flag name adservices/measurement_enable_source_debug_report
05-26 09:30:29.238   677   677 E SettingsState: invalid override flag name device_personalization_services/Captions__enable_multilang
05-26 09:30:29.238   677   677 E SettingsState: invalid override flag name adservices/measurement_async_registration_job_trigger_min_delay_ms
