05-23 16:25:09.517  1143  1220 V WindowManagerShell: Transition doesn't have explicit remote, search filters for match for {id=80 t=OPEN f=0x0 trk=0 r=[0@Point(0, 0)] c=[{m=TO_FRONT f=MOVE_TO_TOP leash=Surface(name=Task=240)/@0x57cd081 sb=Rect(0, 0 - 1080, 2400) eb=Rect(0, 0 - 1080, 2400) epz=Point(1080, 2400) d=0 taskParent=-1},{m=TO_BACK f=SHOW_WALLPAPER leash=Surface(name=Task=1)/@0x2724526 sb=Rect(0, 0 - 1080, 2400) eb=Rect(0, 0 - 1080, 2400) epz=Point(1080, 2400) d=0 taskParent=-1},{m=TO_BACK f=IS_WALLPAPER leash=Surface(name=WallpaperWindowToken{8ef509c showWhenLocked=false})/@0xd1d3567 sb=Rect(0, 0 - 1080, 2400) eb=Rect(0, 0 - 1080, 2400) epz=Point(1080, 2400) d=0}]}
05-23 16:25:09.517  1143  1220 V WindowManagerShell:  Checking filter Pair{{types=[] flags=0x0] notFlags=0x0 checks=[{atype=undefined independent=true modes=[CLOSE,TO_BACK] flags=IN_TASK_WITH_EMBEDDED_ACTIVITY mustBeTask=false order=ANY topActivity=null launchCookie=null taskFragmentToken=android.os.BinderProxy@127803b windowingMode=undefined}]} RemoteTransition { remoteTransition = android.window.IRemoteTransition$Stub$Proxy@33c1b19, appThread = android.app.IApplicationThread$Stub$Proxy@f2f57de, debugName = overlayBackTransition }}
05-23 16:25:09.517  1143  1220 V WindowManagerShell:  Checking filter Pair{{types=[] flags=0x0] notFlags=0x0 checks=[{atype=dream independent=true modes=[OPEN,TO_FRONT] flags=NONE mustBeTask=false order=ANY topActivity=null launchCookie=null windowingMode=undefined},{atype=home independent=true modes=[CLOSE,TO_BACK] flags=NONE mustBeTask=false order=ANY topActivity=null launchCookie=null windowingMode=undefined}]} RemoteTransition { remoteTransition = android.window.IRemoteTransition$Stub$Proxy@7a23dbf, appThread = android.app.IApplicationThread$Stub$Proxy@f9eac8c, debugName = LauncherToDream }}
05-23 16:25:09.517  1143  1220 V WindowManagerShell:  Checking filter Pair{{types=[] flags=0x0] notFlags=0x100 checks=[{atype=home independent=true modes=[OPEN,TO_FRONT] flags=NONE mustBeTask=false order=TOP topActivity=ComponentInfo{com.google.android.apps.nexuslauncher/com.google.android.apps.nexuslauncher.NexusLauncherActivity} launchCookie=null windowingMode=undefined},{atype=standard independent=true modes=[CLOSE,TO_BACK] flags=NONE mustBeTask=false order=ANY topActivity=null launchCookie=null windowingMode=undefined},{NOT atype=undefined independent=true modes=[] flags=NONE mustBeTask=true order=ANY topActivity=null launchCookie=null customAnim=true windowingMode=undefined}]} RemoteTransition { remoteTransition = android.window.IRemoteTransition$Stub$Proxy@f6a4fd5, appThread = android.app.IApplicationThread$Stub$Proxy@85513ea, debugName = QuickstepLaunchHome }}
05-23 16:25:09.517  1143  1220 V WindowManagerShell:  Delegate animation for (#80) to null
05-23 16:25:09.518  1143  1220 V WindowManagerShell: start default transition animation, info = {id=80 t=OPEN f=0x0 trk=0 r=[0@Point(0, 0)] c=[{m=TO_FRONT f=MOVE_TO_TOP leash=Surface(name=Task=240)/@0x57cd081 sb=Rect(0, 0 - 1080, 2400) eb=Rect(0, 0 - 1080, 2400) epz=Point(1080, 2400) d=0 taskParent=-1},{m=TO_BACK f=SHOW_WALLPAPER leash=Surface(name=Task=1)/@0x2724526 sb=Rect(0, 0 - 1080, 2400) eb=Rect(0, 0 - 1080, 2400) epz=Point(1080, 2400) d=0 taskParent=-1},{m=TO_BACK f=IS_WALLPAPER leash=Surface(name=WallpaperWindowToken{8ef509c showWhenLocked=false})/@0xd1d3567 sb=Rect(0, 0 - 1080, 2400) eb=Rect(0, 0 - 1080, 2400) epz=Point(1080, 2400) d=0}]}
05-23 16:25:09.521  1143  1220 V WindowManagerShell: loadAnimation: anim=android.view.animation.AnimationSet@32d8db2 animAttr=0x13 type=OPEN isEntrance=false
05-23 16:25:09.523  1143  1220 V WindowManagerShell: loadAnimation: anim=android.view.animation.AnimationSet@3e2d2fe animAttr=0x12 type=OPEN isEntrance=true
05-23 16:25:09.524  1143  1220 V WindowManagerShell:  animated by com.android.wm.shell.transition.DefaultTransitionHandler@9c61ba2
05-23 16:25:09.551   860   962 E WindowManager: Display reconfigured outside of a transition: Display{#0 state=ON size=1080x2400 ROTATION_0}
05-23 16:25:09.576   860   882 W PermissionService: getPermissionFlags: Unknown user -1
05-23 16:25:09.576   860   882 W PermissionService: getPermissionFlags: Unknown user -1
05-23 16:25:09.578   860  1881 W PackageConfigPersister: App-specific configuration not found for packageName: eu.europa.ec.euidi.dev and userId: 0
05-23 16:25:09.719   860  2006 W ActivityTaskManager: callingPackage for (uid=2000, pid=11241) has no WPC
05-23 16:25:09.720   860  2006 W OptProp : Cannot read opt property android.window.PROPERTY_COMPAT_ALLOW_USER_ASPECT_RATIO_OVERRIDE
05-23 16:25:09.721   860  2006 W OptProp : Cannot read opt property android.window.PROPERTY_COMPAT_ALLOW_USER_ASPECT_RATIO_FULLSCREEN_OVERRIDE
05-23 16:25:09.721   860  2006 W OptProp : Cannot read opt property android.window.PROPERTY_COMPAT_ALLOW_RESIZEABLE_ACTIVITY_OVERRIDES
05-23 16:25:09.721   860  2006 W OptProp : Cannot read opt property android.window.PROPERTY_COMPAT_ALLOW_MIN_ASPECT_RATIO_OVERRIDE
05-23 16:25:09.724   860  2006 W OptProp : Cannot read opt property android.window.PROPERTY_COMPAT_ALLOW_ORIENTATION_OVERRIDE
05-23 16:25:09.726   860  2006 I ActivityTaskManager: START u0 {act=android.intent.action.VIEW dat=https://dev.verifier.eudiw.dev/... flg=0x10000000 xflg=0x4 cmp=com.android.chrome/com.google.android.apps.chrome.IntentDispatcher} with LAUNCH_MULTIPLE from uid 2000 (BAL_ALLOW_PERMISSION) result code=0
05-23 16:25:09.727  1143  1220 V WindowManagerShell: Transition requested (#81): android.os.BinderProxy@f5bdd75 TransitionRequestInfo { type = OPEN, triggerTask = TaskInfo{userId=0 taskId=242 effectiveUid=10150 displayId=0 isRunning=true baseIntent=Intent { act=android.intent.action.VIEW dat=https://dev.verifier.eudiw.dev/... flg=0x10800000 cmp=com.android.chrome/com.google.android.apps.chrome.IntentDispatcher } baseActivity=ComponentInfo{com.android.chrome/org.chromium.chrome.browser.document.ChromeLauncherActivity} topActivity=ComponentInfo{com.android.chrome/org.chromium.chrome.browser.document.ChromeLauncherActivity} origActivity=ComponentInfo{com.android.chrome/com.google.android.apps.chrome.IntentDispatcher} realActivity=ComponentInfo{com.android.chrome/org.chromium.chrome.browser.document.ChromeLauncherActivity} numActivities=1 lastActiveTime=4792901 supportsMultiWindow=true resizeMode=1 isResizeable=true minWidth=-1 minHeight=-1 defaultMinSize=220 token=WCT{android.window.IWindowContainerToken$Stub$Proxy@515210a} topActivityType=1 pictureInPictureParams=null shouldDockBigOverlays=false launchIntoPipHostTaskId=-1 lastParentTaskIdBeforePip=-1 displayCutoutSafeInsets=Rect(0, 132 - 0, 0) topActivityInfo=ActivityInfo{1cc4d7b com.google.android.apps.chrome.IntentDispatcher} launchCookies=[] positionInParent=Point(0, 0) parentTaskId=-1 isFocused=false isVisible=false isVisibleRequested=false isTopActivityNoDisplay=true isSleeping=false locusId=null displayAreaFeatureId=1 isTopActivityTransparent=true isActivityStackTransparent=true lastNonFullscreenBounds=Rect(276, 694 - 804, 1774) capturedLink=https://dev.verifier.eudiw.dev/home capturedLinkTimestamp=0 requestedVisibleTypes=-9 topActivityRequestOpenInBrowserEducationTimestamp=0 appCompatTaskInfo=AppCompatTaskInfo { topActivityInSizeCompat=false eligibleForLetterboxEducation= false isLetterboxEducationEnabled= true isLetterboxDoubleTapEnabled= false eligibleForUserAspectRatioButton= false topActivityBoundsLetterboxed= false isFromLetterboxDoubleTap= false topActivityLetterboxVerticalPosition= -1 topActivityLetterboxHorizontalPosition= -1 topActivityLetterboxWidth=-1 topActivityLetterboxHeight=-1 topActivityAppBounds=Rect(0, 132 - 1080, 2337) isUserFullscreenOverrideEnabled=false isSystemFullscreenOverrideEnabled=false hasMinAspectRatioOverride=false topActivityLetterboxBounds=null cameraCompatTaskInfo=CameraCompatTaskInfo { freeformCameraCompatMode=inactive}} topActivityMainWindowFrame=null}, pipChange = null, remoteTransition = null, displayChange = null, flags = 0, debugId = 81 }
05-23 16:25:09.727  1143  1220 D ShellSplitScreen: logExit: no-op, mLoggerSessionId is null
05-23 16:25:09.729   860  1067 D BackgroundInstallControlService: Package event received: 0
05-23 16:25:09.734   860  1085 W OptProp : Cannot read opt property android.window.PROPERTY_COMPAT_ENABLE_FAKE_FOCUS
05-23 16:25:09.744   860  1067 D BackgroundInstallControlService: Package event received: 0
05-23 16:25:09.744   860  1067 D BackgroundInstallControlService: Package event received: 0
05-23 16:25:09.744   860  1067 D BackgroundInstallControlService: Package event received: 0
05-23 16:25:09.744   860  1067 D BackgroundInstallControlService: Package event received: 0
05-23 16:25:09.744   860  1067 D BackgroundInstallControlService: Package event received: 0
05-23 16:25:09.745   860  1067 D BackgroundInstallControlService: Package event received: 0
05-23 16:25:09.746   860  1067 D BackgroundInstallControlService: Package event received: 0
05-23 16:25:09.773   860  1881 W OptProp : Cannot read opt property android.window.PROPERTY_COMPAT_ALLOW_USER_ASPECT_RATIO_OVERRIDE
05-23 16:25:09.773   860  1881 W OptProp : Cannot read opt property android.window.PROPERTY_COMPAT_ALLOW_USER_ASPECT_RATIO_FULLSCREEN_OVERRIDE
05-23 16:25:09.773   860  1881 W OptProp : Cannot read opt property android.window.PROPERTY_COMPAT_ALLOW_RESIZEABLE_ACTIVITY_OVERRIDES
05-23 16:25:09.774   860  1881 W OptProp : Cannot read opt property android.window.PROPERTY_COMPAT_ALLOW_MIN_ASPECT_RATIO_OVERRIDE
05-23 16:25:09.775   860  1881 I ActivityTaskManager: START u0 {act=android.intent.action.VIEW dat=https://dev.verifier.eudiw.dev/... flg=0x14002000 xflg=0x4 cmp=com.android.chrome/org.chromium.chrome.browser.ChromeTabbedActivity (has extras)} with LAUNCH_SINGLE_INSTANCE_PER_TASK from uid 10150 (sr=153970175) (BAL_ALLOW_VISIBLE_WINDOW) result code=2
05-23 16:25:09.777  1143  1220 D WindowManagerShell: onActivityRestartAttempt: topActivity=ComponentInfo{com.android.chrome/org.chromium.chrome.browser.ChromeTabbedActivity}, wasVisible=false
05-23 16:25:09.785   860  1067 D BackgroundInstallControlService: Package event received: 0
05-23 16:25:09.792   860  1067 D BackgroundInstallControlService: Package event received: 0
05-23 16:25:09.792   860  1067 D BackgroundInstallControlService: Package event received: 0
05-23 16:25:09.813  1143  1153 V WindowManagerShell: onTransitionReady(transaction=3693671879948)
05-23 16:25:09.814  1143  1220 V WindowManagerShell: onTransitionReady (#81) android.os.BinderProxy@f5bdd75: {id=81 t=OPEN f=0x0 trk=0 r=[0@Point(0, 0)] c=[
05-23 16:25:09.814  1143  1220 V WindowManagerShell:         {m=TO_FRONT f=MOVE_TO_TOP leash=Surface(name=Task=236)/@0xbfb4e86 sb=Rect(0, 0 - 1080, 2400) eb=Rect(0, 0 - 1080, 2400) epz=Point(1080, 2400) d=0 taskParent=-1},
05-23 16:25:09.814  1143  1220 V WindowManagerShell:         {m=TO_BACK f=NONE leash=Surface(name=Task=240)/@0xd917347 sb=Rect(0, 0 - 1080, 2400) eb=Rect(0, 0 - 1080, 2400) epz=Point(1080, 2400) d=0 taskParent=-1}
05-23 16:25:09.814  1143  1220 V WindowManagerShell:     ]}
05-23 16:25:09.817   860   879 V WindowManager: Sent Transition (#81) createdAt=05-23 16:25:09.721 via request=TransitionRequestInfo { type = OPEN, triggerTask = TaskInfo{userId=0 taskId=242 effectiveUid=10150 displayId=0 isRunning=true baseIntent=Intent { act=android.intent.action.VIEW dat=https://dev.verifier.eudiw.dev/... flg=0x10800000 cmp=com.android.chrome/com.google.android.apps.chrome.IntentDispatcher } baseActivity=ComponentInfo{com.android.chrome/org.chromium.chrome.browser.document.ChromeLauncherActivity} topActivity=ComponentInfo{com.android.chrome/org.chromium.chrome.browser.document.ChromeLauncherActivity} origActivity=ComponentInfo{com.android.chrome/com.google.android.apps.chrome.IntentDispatcher} realActivity=ComponentInfo{com.android.chrome/org.chromium.chrome.browser.document.ChromeLauncherActivity} numActivities=1 lastActiveTime=4792901 supportsMultiWindow=true resizeMode=1 isResizeable=true minWidth=-1 minHeight=-1 defaultMinSize=220 token=WCT{RemoteToken{bb87ef5 Task{fa24fcc #242 type=standard I=com.android.chrome/com.google.android.apps.chrome.IntentDispatcher}}} topActivityType=1 pictureInPictureParams=null shouldDockBigOverlays=false launchIntoPipHostTaskId=-1 lastParentTaskIdBeforePip=-1 displayCutoutSafeInsets=Rect(0, 132 - 0, 0) topActivityInfo=ActivityInfo{abae48a com.google.android.apps.chrome.IntentDispatcher} launchCookies=[] positionInParent=Point(0, 0) parentTaskId=-1 isFocused=false isVisible=false isVisibleRequested=false isTopActivityNoDisplay=true isSleeping=false locusId=null displayAreaFeatureId=1 isTopActivityTransparent=true isActivityStackTransparent=true lastNonFullscreenBounds=Rect(276, 694 - 804, 1774) capturedLink=https://dev.verifier.eudiw.dev/home capturedLinkTimestamp=0 requestedVisibleTypes=-9 topActivityRequestOpenInBrowserEducationTimestamp=0 appCompatTaskInfo=AppCompatTaskInfo { topActivityInSizeCompat=false eligibleForLetterboxEducation= false isLetterboxEducationEnabled= true isLetterboxDoubleTapEnabled= false eligibleForUserAspectRatioButton= false topActivityBoundsLetterboxed= false isFromLetterboxDoubleTap= false topActivityLetterboxVerticalPosition= -1 topActivityLetterboxHorizontalPosition= -1 topActivityLetterboxWidth=-1 topActivityLetterboxHeight=-1 topActivityAppBounds=Rect(0, 132 - 1080, 2337) isUserFullscreenOverrideEnabled=false isSystemFullscreenOverrideEnabled=false hasMinAspectRatioOverride=false topActivityLetterboxBounds=null cameraCompatTaskInfo=CameraCompatTaskInfo { freeformCameraCompatMode=inactive}} topActivityMainWindowFrame=null}, pipChange = null, remoteTransition = null, displayChange = null, flags = 0, debugId = 81 }
05-23 16:25:09.817   860   879 V WindowManager:     startWCT=WindowContainerTransaction { changes= {} hops= [] errorCallbackToken=null taskFragmentOrganizer=null }
05-23 16:25:09.817   860   879 V WindowManager:     info={id=81 t=OPEN f=0x0 trk=0 r=[0@Point(0, 0)] c=[
05-23 16:25:09.817   860   879 V WindowManager:         {WCT{RemoteToken{6da4bd4 Task{45e4b0d #236 type=standard A=10150:com.android.chrome}}} m=TO_FRONT f=MOVE_TO_TOP leash=Surface(name=Task=236)/@0x6ce43e6 sb=Rect(0, 0 - 1080, 2400) eb=Rect(0, 0 - 1080, 2400) epz=Point(1080, 2400) d=0 taskParent=-1},
05-23 16:25:09.817   860   879 V WindowManager:         {WCT{RemoteToken{54f3ac1 Task{baeebeb #240 type=standard A=10214:eu.europa.ec.euidi.dev}}} m=TO_BACK f=NONE leash=Surface(name=Task=240)/@0x8b0169a sb=Rect(0, 0 - 1080, 2400) eb=Rect(0, 0 - 1080, 2400) epz=Point(1080, 2400) d=0 taskParent=-1}
05-23 16:25:09.817   860   879 V WindowManager:     ]}
05-23 16:25:09.821  1143  1220 V WindowManagerShell: Transition (#81) android.os.BinderProxy@f5bdd75@0 ready while (#80) android.os.BinderProxy@a37ec7c@0 is still animating. Notify the animating transition in case they can be merged
05-23 16:25:09.834   860  1085 D CoreBackPreview: Window{2415982 u0 com.android.chrome/com.google.android.apps.chrome.Main}: Setting back callback OnBackInvokedCallbackInfo{mCallback=android.window.IOnBackInvokedCallback$Stub$Proxy@afe97ad, mPriority=0, mIsAnimationCallback=true, mOverrideBehavior=0}
05-23 16:25:09.839  1143  1220 V WindowManagerShell: Transition animation finished (aborted=false), notifying core (#80) android.os.BinderProxy@a37ec7c@0
05-23 16:25:09.841   860  1067 D BackgroundInstallControlService: Package event received: 0
05-23 16:25:09.841   860  1067 D BackgroundInstallControlService: Package event received: 0
05-23 16:25:09.841   860   879 V WindowManager: Finish Transition (#80): created at 05-23 16:25:09.483 collect-started=0.025ms request-sent=2.59ms started=3.842ms ready=28.319ms sent=30.253ms commit=17.543ms finished=356.304ms
05-23 16:25:09.842  1143  1220 V WindowManagerShell: Playing animation for (#81) android.os.BinderProxy@f5bdd75@0
05-23 16:25:09.842  1143  1220 V ShellRecents: RecentsTransitionHandler.startAnimation: no controller found
05-23 16:25:09.842  1143  1220 V WindowManagerShell: Transition doesn't have explicit remote, search filters for match for {id=81 t=OPEN f=0x0 trk=0 r=[0@Point(0, 0)] c=[{m=TO_FRONT f=MOVE_TO_TOP leash=Surface(name=Task=236)/@0xbfb4e86 sb=Rect(0, 0 - 1080, 2400) eb=Rect(0, 0 - 1080, 2400) epz=Point(1080, 2400) d=0 taskParent=-1},{m=TO_BACK f=NONE leash=Surface(name=Task=240)/@0xd917347 sb=Rect(0, 0 - 1080, 2400) eb=Rect(0, 0 - 1080, 2400) epz=Point(1080, 2400) d=0 taskParent=-1}]}
05-23 16:25:09.843  1143  1220 V WindowManagerShell:  Checking filter Pair{{types=[] flags=0x0] notFlags=0x0 checks=[{atype=undefined independent=true modes=[CLOSE,TO_BACK] flags=IN_TASK_WITH_EMBEDDED_ACTIVITY mustBeTask=false order=ANY topActivity=null launchCookie=null taskFragmentToken=android.os.BinderProxy@127803b windowingMode=undefined}]} RemoteTransition { remoteTransition = android.window.IRemoteTransition$Stub$Proxy@33c1b19, appThread = android.app.IApplicationThread$Stub$Proxy@f2f57de, debugName = overlayBackTransition }}
05-23 16:25:09.843  1143  1220 V WindowManagerShell:  Checking filter Pair{{types=[] flags=0x0] notFlags=0x0 checks=[{atype=dream independent=true modes=[OPEN,TO_FRONT] flags=NONE mustBeTask=false order=ANY topActivity=null launchCookie=null windowingMode=undefined},{atype=home independent=true modes=[CLOSE,TO_BACK] flags=NONE mustBeTask=false order=ANY topActivity=null launchCookie=null windowingMode=undefined}]} RemoteTransition { remoteTransition = android.window.IRemoteTransition$Stub$Proxy@7a23dbf, appThread = android.app.IApplicationThread$Stub$Proxy@f9eac8c, debugName = LauncherToDream }}
05-23 16:25:09.843  1143  1220 V WindowManagerShell:  Checking filter Pair{{types=[] flags=0x0] notFlags=0x100 checks=[{atype=home independent=true modes=[OPEN,TO_FRONT] flags=NONE mustBeTask=false order=TOP topActivity=ComponentInfo{com.google.android.apps.nexuslauncher/com.google.android.apps.nexuslauncher.NexusLauncherActivity} launchCookie=null windowingMode=undefined},{atype=standard independent=true modes=[CLOSE,TO_BACK] flags=NONE mustBeTask=false order=ANY topActivity=null launchCookie=null windowingMode=undefined},{NOT atype=undefined independent=true modes=[] flags=NONE mustBeTask=true order=ANY topActivity=null launchCookie=null customAnim=true windowingMode=undefined}]} RemoteTransition { remoteTransition = android.window.IRemoteTransition$Stub$Proxy@f6a4fd5, appThread = android.app.IApplicationThread$Stub$Proxy@85513ea, debugName = QuickstepLaunchHome }}
05-23 16:25:09.843  1143  1220 V WindowManagerShell:  Delegate animation for (#81) to null
05-23 16:25:09.843  1143  1220 V WindowManagerShell: start default transition animation, info = {id=81 t=OPEN f=0x0 trk=0 r=[0@Point(0, 0)] c=[{m=TO_FRONT f=MOVE_TO_TOP leash=Surface(name=Task=236)/@0xbfb4e86 sb=Rect(0, 0 - 1080, 2400) eb=Rect(0, 0 - 1080, 2400) epz=Point(1080, 2400) d=0 taskParent=-1},{m=TO_BACK f=NONE leash=Surface(name=Task=240)/@0xd917347 sb=Rect(0, 0 - 1080, 2400) eb=Rect(0, 0 - 1080, 2400) epz=Point(1080, 2400) d=0 taskParent=-1}]}
05-23 16:25:09.843  1143  1220 V WindowManagerShell: loadAnimation: anim=android.view.animation.AnimationSet@1d4b10c animAttr=0x9 type=OPEN isEntrance=false
05-23 16:25:09.843  1143  1220 V WindowManagerShell: loadAnimation: anim=android.view.animation.AnimationSet@831ec6a animAttr=0x8 type=OPEN isEntrance=true
05-23 16:25:09.844  1143  1220 V WindowManagerShell:  animated by com.android.wm.shell.transition.DefaultTransitionHandler@9c61ba2
05-23 16:25:09.967   860   889 I ActivityManager: Start proc 11249:com.android.chrome:sandboxed_process0:org.chromium.content.app.SandboxedProcessService0:5/u0ai5 for  {com.android.chrome/org.chromium.content.app.SandboxedProcessService0:5}
05-23 16:25:09.968   860   889 I ActivityManager: ProcessObserver broadcast disabled
05-23 16:25:10.045   860  1067 D BackgroundInstallControlService: Package event received: 0
05-23 16:25:10.149   860  1067 D BackgroundInstallControlService: Package event received: 0
05-23 16:25:10.228   860  1418 W PackageConfigPersister: App-specific configuration not found for packageName: com.android.chrome and userId: 0
05-23 16:25:10.306   860   860 W AccessibilityManagerService:  wait for adding window timeout: 215
05-23 16:25:10.349  1143  1220 V WindowManagerShell: Transition animation finished (aborted=false), notifying core (#81) android.os.BinderProxy@f5bdd75@0
05-23 16:25:10.350   860   879 V WindowManager: Finish Transition (#81): created at 05-23 16:25:09.721 collect-started=0.013ms request-sent=5.485ms started=7.032ms ready=64.841ms sent=91.182ms commit=37.36ms finished=628.641ms
05-23 16:25:10.354  1143  1220 V WindowManagerShell: Track 0 became idle
05-23 16:25:10.354  1143  1220 V WindowManagerShell: All active transition animations finished
05-23 16:25:10.360   860  1067 D BackgroundInstallControlService: Package event received: 0
05-23 16:25:10.382   860  1067 D BackgroundInstallControlService: Package event received: 0
05-23 16:25:13.003   860  1873 E TaskPersister: File error accessing recents directory (directory doesn't exist?).
05-23 16:25:32.184   860  2216 W PackageConfigPersister: App-specific configuration not found for packageName: com.android.chrome and userId: 0
05-23 16:25:33.218   860   943 I UsageStatsService: User[0] Flushing usage stats to disk
05-23 16:25:33.241   860  1067 D BackgroundInstallControlService: Package event received: 0
05-23 16:25:35.635   860  2006 D CoreBackPreview: Window{2415982 u0 com.android.chrome/com.google.android.apps.chrome.Main}: Setting back callback OnBackInvokedCallbackInfo{mCallback=android.window.IOnBackInvokedCallback$Stub$Proxy@2a4688b, mPriority=-1, mIsAnimationCallback=false, mOverrideBehavior=0}
05-23 16:25:36.311  1143  1220 V ShellRecents: RecentsTransitionHandler.startRecentsTransition
05-23 16:25:36.313  1143  1220 V WindowManagerShell: Directly starting a new transition type=TO_FRONT wct=WindowContainerTransaction { changes= {} hops= [{pendingIntent: options=Bundle[{android.activity.splashScreenStyle=-1, android.activity.sourceInfo=Supplier{VAL_PARCELABLE@148+104}, android.pendingIntent.backgroundActivityAllowed=3, android:activity.animAbortListener=null, android.activity.transientLaunch=true}]}] errorCallbackToken=null taskFragmentOrganizer=null } handler=com.android.wm.shell.recents.RecentsTransitionHandler@6922e61
05-23 16:25:36.322   860   882 I ActivityManager: updateOomAdj start time is before than pendingPid added, don't delete it
05-23 16:25:36.327  1143  1220 V ShellRecents: [77441219] RecentsController.setTransition: id=android.os.BinderProxy@7813c72
05-23 16:25:36.329   860  1067 D BackgroundInstallControlService: Package event received: 0
05-23 16:25:36.329   860  1067 D BackgroundInstallControlService: Package event received: 0
05-23 16:25:36.337   860  1067 D BackgroundInstallControlService: Package event received: 0
05-23 16:25:36.384  1143  1335 V WindowManagerShell: onTransitionReady(transaction=3693671880008)
05-23 16:25:36.384  1143  1220 V WindowManagerShell: onTransitionReady (#82) android.os.BinderProxy@7813c72: {id=82 t=TO_FRONT f=0x80 trk=0 r=[0@Point(0, 0)] c=[
05-23 16:25:36.384  1143  1220 V WindowManagerShell:         {m=TO_FRONT f=SHOW_WALLPAPER|MOVE_TO_TOP leash=Surface(name=Task=1)/@0x4668735 sb=Rect(0, 0 - 1080, 2400) eb=Rect(0, 0 - 1080, 2400) epz=Point(1080, 2400) d=0 taskParent=-1},
05-23 16:25:36.384  1143  1220 V WindowManagerShell:         {m=TO_BACK f=NONE leash=Surface(name=Task=236)/@0x4d7e7ca sb=Rect(0, 0 - 1080, 2400) eb=Rect(0, 0 - 1080, 2400) epz=Point(1080, 2400) d=0 taskParent=-1},
05-23 16:25:36.384  1143  1220 V WindowManagerShell:         {m=TO_FRONT f=IS_WALLPAPER leash=Surface(name=WallpaperWindowToken{8ef509c showWhenLocked=false})/@0x8c96d3b sb=Rect(0, 0 - 1080, 2400) eb=Rect(0, 0 - 1080, 2400) epz=Point(1080, 2400) d=0}
05-23 16:25:36.384  1143  1220 V WindowManagerShell:     ]}
05-23 16:25:36.385  1143  1220 V WindowManagerShell: Playing animation for (#82) android.os.BinderProxy@7813c72@0
05-23 16:25:36.385  1143  1220 V WindowManagerShell:  try firstHandler com.android.wm.shell.recents.RecentsTransitionHandler@6922e61
05-23 16:25:36.385  1143  1220 V ShellRecents: [77441219] RecentsController.start
05-23 16:25:36.387  1143  1220 V ShellRecents:   not handling home taskId=1
05-23 16:25:36.387  1143  1220 V ShellRecents:   adding pausing leaf taskId=236 at layer=8
05-23 16:25:36.387  1143  1220 V ShellRecents: Applying transaction=3693671880008
05-23 16:25:36.388  1143  1220 V ShellRecents: No matching remote found to takeover (#82)
05-23 16:25:36.388  1143  1220 V ShellSplitScreen: getSplitBoundsForTaskId: expected split bounds for taskId=236 but not found
05-23 16:25:36.389  1143  1220 V ShellRecents: [77441219] RecentsController.start: calling onAnimationStart with 2 apps
05-23 16:25:36.391  1143  1220 V WindowManagerShell:  animated by firstHandler
05-23 16:25:36.395   860   879 V WindowManager: Sent Transition (#82) createdAt=05-23 16:25:36.314
05-23 16:25:36.396   860   879 V WindowManager:     startWCT=WindowContainerTransaction { changes= {} hops= [{pendingIntent: options=Bundle[{android.activity.splashScreenStyle=-1, android.activity.sourceInfo=android.app.ActivityOptions$SourceInfo@1e48a7b, android.pendingIntent.backgroundActivityAllowed=3, android:activity.animAbortListener=null, android.activity.transientLaunch=true}]}] errorCallbackToken=null taskFragmentOrganizer=null }
05-23 16:25:36.396   860   879 V WindowManager:     info={id=82 t=TO_FRONT f=0x80 trk=0 r=[0@Point(0, 0)] c=[
05-23 16:25:36.396   860   879 V WindowManager:         {WCT{RemoteToken{f2744bc Task{24bd8aa #1 type=home}}} m=TO_FRONT f=SHOW_WALLPAPER|MOVE_TO_TOP leash=Surface(name=Task=1)/@0xfd6a53 sb=Rect(0, 0 - 1080, 2400) eb=Rect(0, 0 - 1080, 2400) epz=Point(1080, 2400) d=0 taskParent=-1},
05-23 16:25:36.396   860   879 V WindowManager:         {WCT{RemoteToken{6da4bd4 Task{45e4b0d #236 type=standard A=10150:com.android.chrome}}} m=TO_BACK f=NONE leash=Surface(name=Task=236)/@0x6ce43e6 sb=Rect(0, 0 - 1080, 2400) eb=Rect(0, 0 - 1080, 2400) epz=Point(1080, 2400) d=0 taskParent=-1},
05-23 16:25:36.396   860   879 V WindowManager:         {m=TO_FRONT f=IS_WALLPAPER leash=Surface(name=WallpaperWindowToken{8ef509c showWhenLocked=false})/@0x107ca42 sb=Rect(0, 0 - 1080, 2400) eb=Rect(0, 0 - 1080, 2400) epz=Point(1080, 2400) d=0}
05-23 16:25:36.396   860   879 V WindowManager:     ]}
05-23 16:25:36.400  1143  1220 V ShellRecents: [77441219] RecentsController.setInputConsumerEnabled: set focus to recents
05-23 16:25:36.954   860   882 W AccessibilityWindowsPopulator: Windows change within in 2 frames continuously over 500 ms and notify windows changed immediately
05-23 16:25:37.191  1143  1220 D WindowManagerShell: setLauncherKeepClearAreaHeight: visible=true, height=527
05-23 16:25:37.195   860  1067 D BackgroundInstallControlService: Package event received: 0
05-23 16:25:37.245  1143  1335 V ShellRecents: [77441219] RecentsController.detachNavigationBarFromApp
05-23 16:25:38.549  1143  1220 V ShellRecents: [77441219] RecentsController.finishInner: toHome=true userLeave=false willFinishToHome=true state=0 hasPausingTasks=true reason=requested
05-23 16:25:38.549  1143  1220 V ShellRecents:   normal finish
05-23 16:25:38.553  1143  1220 V ShellRecents: [77441219] RecentsController.finishInner: Completing finish
05-23 16:25:38.553  1143  1220 V ShellRecents: [77441219] RecentsController.cleanup
05-23 16:25:38.554  1143  1220 V WindowManagerShell: Transition animation finished (aborted=false), notifying core (#82) android.os.BinderProxy@7813c72@0
05-23 16:25:38.555   860  1418 E TransitionChain: Can't collect into a chain with no transition
05-23 16:25:38.556   860   879 V WindowManager: Finish Transition (#82): created at 05-23 16:25:36.314 collect-started=0.173ms started=0.961ms ready=31.08ms sent=67.758ms commit=15.999ms finished=2241.22ms
05-23 16:25:38.558  1143  1220 V WindowManagerShell: Track 0 became idle
05-23 16:25:38.558  1143  1220 V WindowManagerShell: All active transition animations finished
05-23 16:25:38.558  1143  1220 V ShellRecents: [77441219] RecentsController.finishInner: calling finish callback
05-23 16:25:38.559   860  1067 D BackgroundInstallControlService: Package event received: 0
05-23 16:25:38.576   860   882 V WindowManager: Unknown focus tokens, dropping reportFocusChanged
05-23 16:25:38.616   860  1873 E TaskPersister: File error accessing recents directory (directory doesn't exist?).
05-23 16:25:38.626   860  1085 W PackageConfigPersister: App-specific configuration not found for packageName: com.google.android.apps.nexuslauncher and userId: 0
05-23 16:25:38.698   860  2216 I ActivityManager: Killing 10281:com.android.chrome:sandboxed_process0:org.chromium.content.app.SandboxedProcessService0:1/u0a150i-8999 (adj 0): isolated not needed
05-23 16:25:38.749   860  1085 I ActivityManager: Killing 10787:com.android.chrome:sandboxed_process0:org.chromium.content.app.SandboxedProcessService0:2/u0a150i-8998 (adj 0): isolated not needed
05-23 16:25:38.812   860  2216 I ActivityManager: Killing 11166:com.android.chrome:sandboxed_process0:org.chromium.content.app.SandboxedProcessService0:4/u0a150i-8996 (adj 0): isolated not needed
05-23 16:25:38.813   860  2216 I ActivityManager: Killing 10881:com.android.chrome:sandboxed_process0:org.chromium.content.app.SandboxedProcessService0:3/u0a150i-8997 (adj 0): isolated not needed
05-23 16:25:38.823   860  2216 I ActivityManager: Killing 11249:com.android.chrome:sandboxed_process0:org.chromium.content.app.SandboxedProcessService0:5/u0a150i-8995 (adj 0): isolated not needed
05-23 16:25:38.905   860  2216 D CoreBackPreview: Window{2415982 u0 com.android.chrome/com.google.android.apps.chrome.Main}: Setting back callback null
05-23 16:25:38.918   860   882 I ActivityManager: Killing 10193:com.android.chrome:privileged_process0/u0a150 (adj 925): remove task
05-23 16:25:38.918   860   882 I ActivityManager: Killing 10113:com.android.chrome/u0a150 (adj 925): remove task
05-23 16:25:38.921   860  1067 D BackgroundInstallControlService: Package event received: 0
05-23 16:25:38.929   860  2006 W ActivityManager: Scheduling restart of crashed service com.android.chrome/org.chromium.content.app.PrivilegedProcessService0 in 1000ms for connection
05-23 16:25:38.953   860  1067 D BackgroundInstallControlService: Package event received: 0
05-23 16:25:39.153   860   882 I ActivityManager: Killing 11084:eu.europa.ec.euidi.dev/u0a214 (adj 905): remove task
05-23 16:25:39.153   860  1873 E TaskPersister: File error accessing recents directory (directory doesn't exist?).
05-23 16:25:39.157   860  1067 D BackgroundInstallControlService: Package event received: 0
05-23 16:25:39.164   860  2217 I WindowManager: WIN DEATH: Window{f711484 u0 eu.europa.ec.euidi.dev/eu.europa.ec.assemblylogic.ui.MainActivity}
05-23 16:25:39.165   860  2217 W WindowManager: Cannot find window which accessibility connection is added to
05-23 16:25:39.169   860   882 W ActivityManager: setHasOverlayUi called on unknown pid: 11084
05-23 16:25:39.170   860   943 W UsageStatsService: Unexpected activity event reported! (eu.europa.ec.euidi.dev/eu.europa.ec.assemblylogic.ui.MainActivity event : 23 instanceId : 136199496)
05-23 16:25:42.167   860  1873 E TaskPersister: File error accessing recents directory (directory doesn't exist?).
05-23 16:25:43.197   860  2003 W AppOps  : Noting op not finished: uid 10147 pkg com.google.android.gms code 113 startTime of in progress event=1748001980079
05-23 16:25:43.207   860  2003 W AppOps  : Noting op not finished: uid 10147 pkg com.google.android.gms code 79 startTime of in progress event=1748002243268
05-23 16:25:44.202   860  1128 W AppOps  : Noting op not finished: uid 10147 pkg com.google.android.gms code 113 startTime of in progress event=1748001980079
05-23 16:25:48.956   860   953 D ActivityManager: freezing 2234 com.android.vending
05-23 16:25:57.586   860   953 D ActivityManager: freezing 1812 com.google.android.gms
05-23 16:25:57.595   860   953 D ActivityManager: freezing 3257 com.google.android.gms.unstable
05-23 16:27:11.615   860  2003 V SettingsShellCmd: putForUser(userId=0, table=global, key=hidden_api_policy_pre_p_apps, value=1, tag=null, makeDefault=false, overrideableByRestore=false)
05-23 16:27:11.627   860  2003 V SettingsShellCmd: putForUser(userId=0, table=global, key=hidden_api_policy_p_apps, value=1, tag=null, makeDefault=false, overrideableByRestore=false)
05-23 16:27:11.638   860  2003 V SettingsShellCmd: putForUser(userId=0, table=global, key=hidden_api_policy, value=1, tag=null, makeDefault=false, overrideableByRestore=false)
05-23 16:27:13.492   860   874 I ActivityManager: Force stopping eu.europa.ec.euidi.dev appid=10214 user=0: from pid 11381
05-23 16:27:13.503   860   874 I AppsFilter: interaction: PackageSetting{1e97f3d io.appium.uiautomator2.server.test/10220} -> PackageSetting{4537669 eu.europa.ec.euidi.dev/10214} BLOCKED
05-23 16:27:13.504   860   874 I AppsFilter: interaction: PackageSetting{1c5f883 io.appium.uiautomator2.server/10219} -> PackageSetting{4537669 eu.europa.ec.euidi.dev/10214} BLOCKED
05-23 16:27:13.504   860   874 I AppsFilter: interaction: PackageSetting{b54ea00 io.appium.settings/10218} -> PackageSetting{4537669 eu.europa.ec.euidi.dev/10214} BLOCKED
05-23 16:27:13.583   860   874 I ActivityManager: Force stopping eu.europa.ec.euidi.dev appid=10214 user=0: clear data
05-23 16:27:13.586   860   914 E AppOps  : package pm not found, can't check for attributionTag null
05-23 16:27:13.586   860   914 E AppOps  : Bad call made by uid 1000. Package "pm" does not belong to uid 1000.
05-23 16:27:13.589   860   914 E AppOps  : Cannot noteOperation: non-application UID 1000
05-23 16:27:13.589   860   914 I ActivityManager: Force stopping eu.europa.ec.euidi.dev appid=10214 user=-1: clearApplicationUserData
05-23 16:27:13.610   246   258 I keystore2: system/security/keystore2/src/maintenance.rs:607 - clearNamespace(r#APP, nspace=10214)
05-23 16:27:13.627   860   914 I AppsFilter: interaction: PackageSetting{1e97f3d io.appium.uiautomator2.server.test/10220} -> PackageSetting{4537669 eu.europa.ec.euidi.dev/10214} BLOCKED
05-23 16:27:13.627   860   914 I AppsFilter: interaction: PackageSetting{1c5f883 io.appium.uiautomator2.server/10219} -> PackageSetting{4537669 eu.europa.ec.euidi.dev/10214} BLOCKED
05-23 16:27:13.627   860   914 I AppsFilter: interaction: PackageSetting{b54ea00 io.appium.settings/10218} -> PackageSetting{4537669 eu.europa.ec.euidi.dev/10214} BLOCKED
05-23 16:27:13.628   860   914 I AppsFilter: interaction: PackageSetting{1e97f3d io.appium.uiautomator2.server.test/10220} -> PackageSetting{4537669 eu.europa.ec.euidi.dev/10214} BLOCKED
05-23 16:27:13.628   860   914 I AppsFilter: interaction: PackageSetting{1c5f883 io.appium.uiautomator2.server/10219} -> PackageSetting{4537669 eu.europa.ec.euidi.dev/10214} BLOCKED
05-23 16:27:13.628   860   914 I AppsFilter: interaction: PackageSetting{b54ea00 io.appium.settings/10218} -> PackageSetting{4537669 eu.europa.ec.euidi.dev/10214} BLOCKED
05-23 16:27:13.644   860  1066 D ShortcutService: received package broadcast intent: Intent { act=android.intent.action.PACKAGE_DATA_CLEARED dat=package: flg=0x5000010 (has extras) }
05-23 16:27:13.644   860  1066 D ShortcutService: clearing data for package: eu.europa.ec.euidi.dev userId=0
05-23 16:27:13.645   860   888 D ActivityManager: sync unfroze 3975 com.android.vending:background for 3
05-23 16:27:13.652   860   888 D ActivityManager: sync unfroze 4468 com.google.android.documentsui for 3
05-23 16:27:13.670   860   889 I ActivityManager: Start proc 11393:com.android.chrome/u0a150 for broadcast {com.android.chrome/org.chromium.chrome.browser.browserservices.InstalledWebappBroadcastReceiver}
05-23 16:27:13.671   860   889 I ActivityManager: ProcessObserver broadcast disabled
05-23 16:27:13.693   860   888 D ActivityManager: sync unfroze 1144 com.google.android.permissioncontroller for 3
05-23 16:27:13.711   860  1128 D ActivityManager: sync unfroze 1812 com.google.android.gms for 6
05-23 16:27:13.711   860  1128 D ActivityManager: sync unfroze 3257 com.google.android.gms.unstable for 6
05-23 16:27:13.723   860   874 D CompatChangeReporter: Compat change id reported: 151861875; UID 10157; state: ENABLED
05-23 16:27:13.725   860  1067 D BackgroundInstallControlService: Package event received: 0
05-23 16:27:13.735   860   889 I ActivityManager: Start proc 11405:com.google.android.apps.docs/u0a157 for content provider {com.google.android.apps.docs/com.google.android.apps.docs.common.storagebackend.StorageBackendContentProvider}
05-23 16:27:13.735   860   889 I ActivityManager: ProcessObserver broadcast disabled
05-23 16:27:13.794   860  1881 W ProcessStats: Tracking association SourceState{1d41db0 com.google.android.gms/10147 Service #7385} whose proc state 8 is better than process ProcessState{41802c7 com.google.android.gms.unstable/10147 pkg=com.google.android.gms} proc state 14 (0 skipped)
05-23 16:27:14.079   860  1067 D BackgroundInstallControlService: Package event received: 0
05-23 16:27:14.104   860  1067 D BackgroundInstallControlService: Package event received: 0
05-23 16:27:14.130   860  1067 D BackgroundInstallControlService: Package event received: 0
05-23 16:27:14.232   860  2006 V AccessibilityManagerService: onUserStateChangedLocked for userId: 0, forceUpdate: false
05-23 16:27:14.238   860  2006 W MagnificationConnectionManager: requestConnection duplicated request: connect=false, mConnectionState=DISCONNECTED
05-23 16:27:14.257   860  2006 D AccessibilityManagerService: restoreCurrentUserForTestAutomationIfNeededLocked(): ignoring because device doesn't support visible background users
05-23 16:27:14.260   860  2006 I ActivityManager: Force stopping io.appium.uiautomator2.server appid=10219 user=0: finished inst
05-23 16:27:14.260   860  2006 E ActivityManager: Unable to freeze binder for 11053: -11
05-23 16:27:14.261   860  2006 I ActivityManager: Killing 11053:io.appium.uiautomator2.server/u0a219 (adj 0): stop io.appium.uiautomator2.server due to finished inst
05-23 16:27:14.334   860   860 D BatterySaverPolicy: accessibility changed to false, updating policy.
05-23 16:27:14.496   860  2006 V ActivityManager: Got obituary of 11053:io.appium.uiautomator2.server
05-23 16:27:14.793   860  2006 I ActivityManager: Force stopping io.appium.uiautomator2.server.test appid=10220 user=0: from pid 11497
05-23 16:27:14.795   860  2006 I AppsFilter: interaction: PackageSetting{b54ea00 io.appium.settings/10218} -> PackageSetting{1e97f3d io.appium.uiautomator2.server.test/10220} BLOCKED
05-23 16:27:15.063   860   914 I AppsFilter: interaction: PackageSetting{1e97f3d io.appium.uiautomator2.server.test/10220} -> PackageSetting{c93e0a1 com.google.android.apps.docs/10157} BLOCKED
05-23 16:27:15.063   860   914 I AppsFilter: interaction: PackageSetting{1c5f883 io.appium.uiautomator2.server/10219} -> PackageSetting{c93e0a1 com.google.android.apps.docs/10157} BLOCKED
05-23 16:27:15.063   860   914 I AppsFilter: interaction: PackageSetting{b54ea00 io.appium.settings/10218} -> PackageSetting{c93e0a1 com.google.android.apps.docs/10157} BLOCKED
05-23 16:27:15.077   860  1067 D BackgroundInstallControlService: Package event received: 0
05-23 16:27:15.077   860  1067 D BackgroundInstallControlService: Package event received: 0
05-23 16:27:15.077   860  1049 D AppWidgetServiceImpl: Trying to notify widget providers changed
05-23 16:27:15.077   860  1066 D ShortcutService: received package broadcast intent: Intent { act=android.intent.action.PACKAGE_CHANGED dat=package: flg=0x45000010 (has extras) }
05-23 16:27:15.077   860  1066 D ShortcutService: changing package: com.google.android.apps.docs userId=0
05-23 16:27:15.081   860  1128 W AppOpService: Ignored setUidMode call for runtime permission app op: uid = 10146, code = READ_CELL_BROADCASTS, mode = allow, callingUid = 1001, oldMode = allow
05-23 16:27:15.082   860  1128 W AppOpService: Ignored setUidMode call for runtime permission app op: uid = 1001, code = READ_SMS, mode = allow, callingUid = 1001, oldMode = allow
05-23 16:27:15.082   860  1418 W AppOpService: Ignored setUidMode call for runtime permission app op: uid = 1001, code = RECEIVE_SMS, mode = allow, callingUid = 1001, oldMode = allow
05-23 16:27:15.082   860  1418 W AppOpService: Ignored setUidMode call for runtime permission app op: uid = 1001, code = RECEIVE_WAP_PUSH, mode = allow, callingUid = 1001, oldMode = allow
05-23 16:27:15.082   860  2217 W AppOpService: Ignored setUidMode call for runtime permission app op: uid = 1001, code = SEND_SMS, mode = allow, callingUid = 1001, oldMode = allow
05-23 16:27:15.083   860  2217 W AppOpService: Ignored setUidMode call for runtime permission app op: uid = 1001, code = READ_CELL_BROADCASTS, mode = allow, callingUid = 1001, oldMode = allow
05-23 16:27:15.089   860  2217 W AppOpService: Ignored setUidMode call for runtime permission app op: uid = 10146, code = READ_CELL_BROADCASTS, mode = allow, callingUid = 1001, oldMode = allow
05-23 16:27:15.089   860  1128 W AppOpService: Ignored setUidMode call for runtime permission app op: uid = 1001, code = READ_SMS, mode = allow, callingUid = 1001, oldMode = allow
05-23 16:27:15.091   860  1128 W AppOpService: Ignored setUidMode call for runtime permission app op: uid = 1001, code = RECEIVE_SMS, mode = allow, callingUid = 1001, oldMode = allow
05-23 16:27:15.092   860  1418 W AppOpService: Ignored setUidMode call for runtime permission app op: uid = 1001, code = RECEIVE_WAP_PUSH, mode = allow, callingUid = 1001, oldMode = allow
05-23 16:27:15.094   860  1418 W AppOpService: Ignored setUidMode call for runtime permission app op: uid = 1001, code = SEND_SMS, mode = allow, callingUid = 1001, oldMode = allow
05-23 16:27:15.094   860  1418 W AppOpService: Ignored setUidMode call for runtime permission app op: uid = 1001, code = READ_CELL_BROADCASTS, mode = allow, callingUid = 1001, oldMode = allow
05-23 16:27:15.159   860  1096 I ActivityManager: Force stopping io.appium.uiautomator2.server appid=10219 user=0: start instr
05-23 16:27:15.161   860  1067 D BackgroundInstallControlService: Package event received: 0
05-23 16:27:15.163   860  1067 D BackgroundInstallControlService: Package event received: 0
05-23 16:27:15.163   860  1096 D CompatChangeReporter: Compat change id reported: 135754954; UID 10219; state: ENABLED
05-23 16:27:15.164   860   889 D CompatChangeReporter: Compat change id reported: 143937733; UID 10219; state: ENABLED
05-23 16:27:15.168   860   889 I ActivityManager: Start proc 11514:io.appium.uiautomator2.server/u0a219 for added application io.appium.uiautomator2.server
05-23 16:27:15.168   860   973 V AccessibilityManagerService: onUserStateChangedLocked for userId: 0, forceUpdate: false
05-23 16:27:15.168   860   889 I ActivityManager: ProcessObserver broadcast disabled
05-23 16:27:15.169   860   973 W MagnificationConnectionManager: requestConnection duplicated request: connect=false, mConnectionState=DISCONNECTED
05-23 16:27:16.591   860  1128 D AccessibilityManagerService: changeCurrentUserForTestAutomationIfNeededLocked(0): ignoring because device doesn't support visible background users
05-23 16:27:16.591   860  1128 I UiAutomationManager: Registering UiTestAutomationService (id=com.android.server.accessibility/UiAutomation, flags=0x0) when called by user 0
05-23 16:27:16.592   860  1128 V AccessibilityManagerService: onUserStateChangedLocked for userId: 0, forceUpdate: false
05-23 16:27:16.594   860  1128 W MagnificationConnectionManager: requestConnection duplicated request: connect=false, mConnectionState=DISCONNECTED
05-23 16:27:16.610   860  2217 V AccessibilityManagerService: onUserStateChangedLocked for userId: 0, forceUpdate: false
05-23 16:27:16.610   860   860 D BatterySaverPolicy: accessibility changed to true, updating policy.
05-23 16:27:16.611   860  2217 W MagnificationConnectionManager: requestConnection duplicated request: connect=false, mConnectionState=DISCONNECTED
05-23 16:27:17.105   860  1128 I ActivityManager: Force stopping eu.europa.ec.euidi.dev appid=10214 user=0: from pid 11540
05-23 16:27:17.106   860  1128 I AppsFilter: interaction: PackageSetting{1e97f3d io.appium.uiautomator2.server.test/10220} -> PackageSetting{4537669 eu.europa.ec.euidi.dev/10214} BLOCKED
05-23 16:27:17.106   860  1128 I AppsFilter: interaction: PackageSetting{1c5f883 io.appium.uiautomator2.server/10219} -> PackageSetting{4537669 eu.europa.ec.euidi.dev/10214} BLOCKED
05-23 16:27:17.106   860  1128 I AppsFilter: interaction: PackageSetting{b54ea00 io.appium.settings/10218} -> PackageSetting{4537669 eu.europa.ec.euidi.dev/10214} BLOCKED
05-23 16:27:17.365   860  1128 W ActivityTaskManager: callingPackage for (uid=2000, pid=11540) has no WPC
05-23 16:27:17.368   860  1128 W OptProp : Cannot read opt property android.window.PROPERTY_COMPAT_ALLOW_USER_ASPECT_RATIO_OVERRIDE
05-23 16:27:17.368   860  1128 W OptProp : Cannot read opt property android.window.PROPERTY_COMPAT_ALLOW_USER_ASPECT_RATIO_FULLSCREEN_OVERRIDE
05-23 16:27:17.368   860  1128 W OptProp : Cannot read opt property android.window.PROPERTY_COMPAT_ALLOW_RESIZEABLE_ACTIVITY_OVERRIDES
05-23 16:27:17.368   860  1128 W OptProp : Cannot read opt property android.window.PROPERTY_COMPAT_ALLOW_MIN_ASPECT_RATIO_OVERRIDE
05-23 16:27:17.373   860  1128 W OptProp : Cannot read opt property android.window.PROPERTY_COMPAT_ALLOW_ORIENTATION_OVERRIDE
05-23 16:27:17.377   860  1128 I ActivityTaskManager: START u0 {act=android.intent.action.MAIN cat=[android.intent.category.LAUNCHER] flg=0x10200000 xflg=0x4 cmp=eu.europa.ec.euidi.dev/eu.europa.ec.assemblylogic.ui.MainActivity} with LAUNCH_SINGLE_TASK from uid 2000 (BAL_ALLOW_PERMISSION) result code=0
05-23 16:27:17.379  1143  1220 V WindowManagerShell: Transition requested (#83): android.os.BinderProxy@a7a56ec TransitionRequestInfo { type = OPEN, triggerTask = TaskInfo{userId=0 taskId=243 effectiveUid=10214 displayId=0 isRunning=true baseIntent=Intent { act=android.intent.action.MAIN cat=[android.intent.category.LAUNCHER] flg=0x10200000 cmp=eu.europa.ec.euidi.dev/eu.europa.ec.assemblylogic.ui.MainActivity } baseActivity=ComponentInfo{eu.europa.ec.euidi.dev/eu.europa.ec.assemblylogic.ui.MainActivity} topActivity=ComponentInfo{eu.europa.ec.euidi.dev/eu.europa.ec.assemblylogic.ui.MainActivity} origActivity=null realActivity=ComponentInfo{eu.europa.ec.euidi.dev/eu.europa.ec.assemblylogic.ui.MainActivity} numActivities=1 lastActiveTime=4920552 supportsMultiWindow=true resizeMode=1 isResizeable=true minWidth=-1 minHeight=-1 defaultMinSize=220 token=WCT{android.window.IWindowContainerToken$Stub$Proxy@31b1ab5} topActivityType=1 pictureInPictureParams=null shouldDockBigOverlays=false launchIntoPipHostTaskId=-1 lastParentTaskIdBeforePip=-1 displayCutoutSafeInsets=Rect(0, 132 - 0, 0) topActivityInfo=ActivityInfo{1abb54a eu.europa.ec.assemblylogic.ui.MainActivity} launchCookies=[] positionInParent=Point(0, 0) parentTaskId=-1 isFocused=false isVisible=false isVisibleRequested=false isTopActivityNoDisplay=false isSleeping=false locusId=null displayAreaFeatureId=1 isTopActivityTransparent=false isActivityStackTransparent=false lastNonFullscreenBounds=Rect(276, 694 - 804, 1774) capturedLink=null capturedLinkTimestamp=0 requestedVisibleTypes=-9 topActivityRequestOpenInBrowserEducationTimestamp=0 appCompatTaskInfo=AppCompatTaskInfo { topActivityInSizeCompat=false eligibleForLetterboxEducation= false isLetterboxEducationEnabled= true isLetterboxDoubleTapEnabled= false eligibleForUserAspectRatioButton= false topActivityBoundsLetterboxed= false isFromLetterboxDoubleTap= false topActivityLetterboxVerticalPosition= -1 topActivityLetterboxHorizontalPosition= -1 topActivityLetterboxWidth=-1 topActivityLetterboxHeight=-1 topActivityAppBounds=Rect(0, 132 - 1080, 2337) isUserFullscreenOverrideEnabled=false isSystemFullscreenOverrideEnabled=false hasMinAspectRatioOverride=false topActivityLetterboxBounds=null cameraCompatTaskInfo=CameraCompatTaskInfo { freeformCameraCompatMode=inactive}} topActivityMainWindowFrame=null}, pipChange = null, remoteTransition = null, displayChange = null, flags = 0, debugId = 83 }
05-23 16:27:17.379  1143  1220 D ShellSplitScreen: logExit: no-op, mLoggerSessionId is null
05-23 16:27:17.383   860  1418 I AppsFilter: interaction: PackageSetting{1e97f3d io.appium.uiautomator2.server.test/10220} -> PackageSetting{8dc4466 eu.europa.ec.euidi.dev/10214} BLOCKED
05-23 16:27:17.383   860  1418 I AppsFilter: interaction: PackageSetting{1c5f883 io.appium.uiautomator2.server/10219} -> PackageSetting{8dc4466 eu.europa.ec.euidi.dev/10214} BLOCKED
05-23 16:27:17.383   860  1418 I AppsFilter: interaction: PackageSetting{b54ea00 io.appium.settings/10218} -> PackageSetting{8dc4466 eu.europa.ec.euidi.dev/10214} BLOCKED
05-23 16:27:17.389  1143  1220 D WindowManagerShell: setLauncherKeepClearAreaHeight: visible=false, height=527
05-23 16:27:17.396   860  1067 D BackgroundInstallControlService: Package event received: 0
05-23 16:27:17.404   860  1418 D CoreBackPreview: Window{2c96bfd u0 Splash Screen eu.europa.ec.euidi.dev}: Setting back callback OnBackInvokedCallbackInfo{mCallback=android.window.IOnBackInvokedCallback$Stub$Proxy@45caf9, mPriority=0, mIsAnimationCallback=false, mOverrideBehavior=0}
05-23 16:27:17.413   860   889 I ActivityManager: Start proc 11548:eu.europa.ec.euidi.dev/u0a214 for next-top-activity {eu.europa.ec.euidi.dev/eu.europa.ec.assemblylogic.ui.MainActivity}
05-23 16:27:17.413   860   889 I ActivityManager: ProcessObserver broadcast disabled
