05-23 16:27:17.429   860   879 V WindowManager: Sent Transition (#83) createdAt=05-23 16:27:17.368 via request=TransitionRequestInfo { type = OPEN, triggerTask = TaskInfo{userId=0 taskId=243 effectiveUid=10214 displayId=0 isRunning=true baseIntent=Intent { act=android.intent.action.MAIN cat=[android.intent.category.LAUNCHER] flg=0x10200000 cmp=eu.europa.ec.euidi.dev/eu.europa.ec.assemblylogic.ui.MainActivity } baseActivity=ComponentInfo{eu.europa.ec.euidi.dev/eu.europa.ec.assemblylogic.ui.MainActivity} topActivity=ComponentInfo{eu.europa.ec.euidi.dev/eu.europa.ec.assemblylogic.ui.MainActivity} origActivity=null realActivity=ComponentInfo{eu.europa.ec.euidi.dev/eu.europa.ec.assemblylogic.ui.MainActivity} numActivities=1 lastActiveTime=4920552 supportsMultiWindow=true resizeMode=1 isResizeable=true minWidth=-1 minHeight=-1 defaultMinSize=220 token=WCT{RemoteToken{127421c Task{b0a35cb #243 type=standard A=10214:eu.europa.ec.euidi.dev}}} topActivityType=1 pictureInPictureParams=null shouldDockBigOverlays=false launchIntoPipHostTaskId=-1 lastParentTaskIdBeforePip=-1 displayCutoutSafeInsets=Rect(0, 132 - 0, 0) topActivityInfo=ActivityInfo{183de25 eu.europa.ec.assemblylogic.ui.MainActivity} launchCookies=[] positionInParent=Point(0, 0) parentTaskId=-1 isFocused=false isVisible=false isVisibleRequested=false isTopActivityNoDisplay=false isSleeping=false locusId=null displayAreaFeatureId=1 isTopActivityTransparent=false isActivityStackTransparent=false lastNonFullscreenBounds=Rect(276, 694 - 804, 1774) capturedLink=null capturedLinkTimestamp=0 requestedVisibleTypes=-9 topActivityRequestOpenInBrowserEducationTimestamp=0 appCompatTaskInfo=AppCompatTaskInfo { topActivityInSizeCompat=false eligibleForLetterboxEducation= false isLetterboxEducationEnabled= true isLetterboxDoubleTapEnabled= false eligibleForUserAspectRatioButton= false topActivityBoundsLetterboxed= false isFromLetterboxDoubleTap= false topActivityLetterboxVerticalPosition= -1 topActivityLetterboxHorizontalPosition= -1 topActivityLetterboxWidth=-1 topActivityLetterboxHeight=-1 topActivityAppBounds=Rect(0, 132 - 1080, 2337) isUserFullscreenOverrideEnabled=false isSystemFullscreenOverrideEnabled=false hasMinAspectRatioOverride=false topActivityLetterboxBounds=null cameraCompatTaskInfo=CameraCompatTaskInfo { freeformCameraCompatMode=inactive}} topActivityMainWindowFrame=null}, pipChange = null, remoteTransition = null, displayChange = null, flags = 0, debugId = 83 }
05-23 16:27:17.429   860   879 V WindowManager:     startWCT=WindowContainerTransaction { changes= {} hops= [] errorCallbackToken=null taskFragmentOrganizer=null }
05-23 16:27:17.429   860   879 V WindowManager:     info={id=83 t=OPEN f=0x0 trk=0 r=[0@Point(0, 0)] c=[
05-23 16:27:17.429   860   879 V WindowManager:         {WCT{RemoteToken{127421c Task{b0a35cb #243 type=standard A=10214:eu.europa.ec.euidi.dev}}} m=OPEN f=NONE leash=Surface(name=Task=243)/@0x5e6a6f0 sb=Rect(0, 0 - 1080, 2400) eb=Rect(0, 0 - 1080, 2400) epz=Point(1080, 2400) d=0 taskParent=-1},
05-23 16:27:17.429   860   879 V WindowManager:         {WCT{RemoteToken{f2744bc Task{24bd8aa #1 type=home}}} m=TO_BACK f=SHOW_WALLPAPER leash=Surface(name=Task=1)/@0xfd6a53 sb=Rect(0, 0 - 1080, 2400) eb=Rect(0, 0 - 1080, 2400) epz=Point(1080, 2400) d=0 taskParent=-1},
05-23 16:27:17.429   860   879 V WindowManager:         {m=TO_BACK f=IS_WALLPAPER leash=Surface(name=WallpaperWindowToken{8ef509c showWhenLocked=false})/@0x107ca42 sb=Rect(0, 0 - 1080, 2400) eb=Rect(0, 0 - 1080, 2400) epz=Point(1080, 2400) d=0}
05-23 16:27:17.429   860   879 V WindowManager:     ]}
05-23 16:27:17.429  1143  1335 V WindowManagerShell: onTransitionReady(transaction=3693671880092)
05-23 16:27:17.430  1143  1220 V WindowManagerShell: onTransitionReady (#83) android.os.BinderProxy@a7a56ec: {id=83 t=OPEN f=0x0 trk=0 r=[0@Point(0, 0)] c=[
05-23 16:27:17.430  1143  1220 V WindowManagerShell:         {m=OPEN f=NONE leash=Surface(name=Task=243)/@0xf4404fa sb=Rect(0, 0 - 1080, 2400) eb=Rect(0, 0 - 1080, 2400) epz=Point(1080, 2400) d=0 taskParent=-1},
05-23 16:27:17.430  1143  1220 V WindowManagerShell:         {m=TO_BACK f=SHOW_WALLPAPER leash=Surface(name=Task=1)/@0xcd67aab sb=Rect(0, 0 - 1080, 2400) eb=Rect(0, 0 - 1080, 2400) epz=Point(1080, 2400) d=0 taskParent=-1},
05-23 16:27:17.430  1143  1220 V WindowManagerShell:         {m=TO_BACK f=IS_WALLPAPER leash=Surface(name=WallpaperWindowToken{8ef509c showWhenLocked=false})/@0xbf48508 sb=Rect(0, 0 - 1080, 2400) eb=Rect(0, 0 - 1080, 2400) epz=Point(1080, 2400) d=0}
05-23 16:27:17.430  1143  1220 V WindowManagerShell:     ]}
05-23 16:27:17.430  1143  1220 V WindowManagerShell: Playing animation for (#83) android.os.BinderProxy@a7a56ec@0
05-23 16:27:17.431  1143  1220 V ShellRecents: RecentsTransitionHandler.startAnimation: no controller found
05-23 16:27:17.431  1143  1220 V WindowManagerShell: Transition doesn't have explicit remote, search filters for match for {id=83 t=OPEN f=0x0 trk=0 r=[0@Point(0, 0)] c=[{m=OPEN f=NONE leash=Surface(name=Task=243)/@0xf4404fa sb=Rect(0, 0 - 1080, 2400) eb=Rect(0, 0 - 1080, 2400) epz=Point(1080, 2400) d=0 taskParent=-1},{m=TO_BACK f=SHOW_WALLPAPER leash=Surface(name=Task=1)/@0xcd67aab sb=Rect(0, 0 - 1080, 2400) eb=Rect(0, 0 - 1080, 2400) epz=Point(1080, 2400) d=0 taskParent=-1},{m=TO_BACK f=IS_WALLPAPER leash=Surface(name=WallpaperWindowToken{8ef509c showWhenLocked=false})/@0xbf48508 sb=Rect(0, 0 - 1080, 2400) eb=Rect(0, 0 - 1080, 2400) epz=Point(1080, 2400) d=0}]}
05-23 16:27:17.431  1143  1220 V WindowManagerShell:  Checking filter Pair{{types=[] flags=0x0] notFlags=0x0 checks=[{atype=undefined independent=true modes=[CLOSE,TO_BACK] flags=IN_TASK_WITH_EMBEDDED_ACTIVITY mustBeTask=false order=ANY topActivity=null launchCookie=null taskFragmentToken=android.os.BinderProxy@127803b windowingMode=undefined}]} RemoteTransition { remoteTransition = android.window.IRemoteTransition$Stub$Proxy@33c1b19, appThread = android.app.IApplicationThread$Stub$Proxy@f2f57de, debugName = overlayBackTransition }}
05-23 16:27:17.431  1143  1220 V WindowManagerShell:  Checking filter Pair{{types=[] flags=0x0] notFlags=0x0 checks=[{atype=dream independent=true modes=[OPEN,TO_FRONT] flags=NONE mustBeTask=false order=ANY topActivity=null launchCookie=null windowingMode=undefined},{atype=home independent=true modes=[CLOSE,TO_BACK] flags=NONE mustBeTask=false order=ANY topActivity=null launchCookie=null windowingMode=undefined}]} RemoteTransition { remoteTransition = android.window.IRemoteTransition$Stub$Proxy@7a23dbf, appThread = android.app.IApplicationThread$Stub$Proxy@f9eac8c, debugName = LauncherToDream }}
05-23 16:27:17.431  1143  1220 V WindowManagerShell:  Checking filter Pair{{types=[] flags=0x0] notFlags=0x100 checks=[{atype=home independent=true modes=[OPEN,TO_FRONT] flags=NONE mustBeTask=false order=TOP topActivity=ComponentInfo{com.google.android.apps.nexuslauncher/com.google.android.apps.nexuslauncher.NexusLauncherActivity} launchCookie=null windowingMode=undefined},{atype=standard independent=true modes=[CLOSE,TO_BACK] flags=NONE mustBeTask=false order=ANY topActivity=null launchCookie=null windowingMode=undefined},{NOT atype=undefined independent=true modes=[] flags=NONE mustBeTask=true order=ANY topActivity=null launchCookie=null customAnim=true windowingMode=undefined}]} RemoteTransition { remoteTransition = android.window.IRemoteTransition$Stub$Proxy@f6a4fd5, appThread = android.app.IApplicationThread$Stub$Proxy@85513ea, debugName = QuickstepLaunchHome }}
05-23 16:27:17.431  1143  1220 V WindowManagerShell:  Delegate animation for (#83) to null
05-23 16:27:17.431  1143  1220 V WindowManagerShell: start default transition animation, info = {id=83 t=OPEN f=0x0 trk=0 r=[0@Point(0, 0)] c=[{m=OPEN f=NONE leash=Surface(name=Task=243)/@0xf4404fa sb=Rect(0, 0 - 1080, 2400) eb=Rect(0, 0 - 1080, 2400) epz=Point(1080, 2400) d=0 taskParent=-1},{m=TO_BACK f=SHOW_WALLPAPER leash=Surface(name=Task=1)/@0xcd67aab sb=Rect(0, 0 - 1080, 2400) eb=Rect(0, 0 - 1080, 2400) epz=Point(1080, 2400) d=0 taskParent=-1},{m=TO_BACK f=IS_WALLPAPER leash=Surface(name=WallpaperWindowToken{8ef509c showWhenLocked=false})/@0xbf48508 sb=Rect(0, 0 - 1080, 2400) eb=Rect(0, 0 - 1080, 2400) epz=Point(1080, 2400) d=0}]}
05-23 16:27:17.434  1143  1220 V WindowManagerShell: loadAnimation: anim=android.view.animation.AnimationSet@dd0e9b4 animAttr=0x13 type=OPEN isEntrance=false
05-23 16:27:17.437  1143  1220 V WindowManagerShell: loadAnimation: anim=android.view.animation.AnimationSet@76ced20 animAttr=0x12 type=OPEN isEntrance=true
05-23 16:27:17.438  1143  1220 V WindowManagerShell:  animated by com.android.wm.shell.transition.DefaultTransitionHandler@9c61ba2
05-23 16:27:17.444   860  1067 D BackgroundInstallControlService: Package event received: 0
05-23 16:27:17.541   860   874 W OptProp : Cannot read opt property android.window.PROPERTY_COMPAT_ENABLE_FAKE_FOCUS
05-23 16:27:17.546   860  1067 D BackgroundInstallControlService: Package event received: 0
05-23 16:27:17.546   860  1067 D BackgroundInstallControlService: Package event received: 0
05-23 16:27:17.549 11548 11562 I DisplayManager: Choreographer implicitly registered for the refresh rate.
05-23 16:27:17.555   860  2217 I BroadcastQueue: BOOT_COMPLETED_BROADCAST_COMPLETION_LATENCY_REPORTED action:android.intent.action.BOOT_COMPLETED dispatchLatency:0 completeLatency:111 dispatchRealLatency:0 completeRealLatency:111 receiversSize:1 userId:0 userType:android.os.usertype.full.SYSTEM
05-23 16:27:17.559   860  2217 D CompatChangeReporter: Compat change id reported: 253665015; UID 10214; state: ENABLED
05-23 16:27:17.653   860  1418 D CoreBackPreview: Window{1905d50 u0 eu.europa.ec.euidi.dev/eu.europa.ec.assemblylogic.ui.MainActivity}: Setting back callback OnBackInvokedCallbackInfo{mCallback=android.window.IOnBackInvokedCallback$Stub$Proxy@f25fe7c, mPriority=0, mIsAnimationCallback=false, mOverrideBehavior=0}
05-23 16:27:17.733  1143  1220 V WindowManagerShell: Transition animation finished (aborted=false), notifying core (#83) android.os.BinderProxy@a7a56ec@0
05-23 16:27:17.737   860   879 V WindowManager: Finish Transition (#83): created at 05-23 16:27:17.368 collect-started=0.279ms request-sent=9.023ms started=12.871ms ready=58.746ms sent=59.737ms commit=19.989ms finished=367.415ms
05-23 16:27:17.738  1143  1220 V WindowManagerShell: Track 0 became idle
05-23 16:27:17.738  1143  1220 V WindowManagerShell: All active transition animations finished
05-23 16:27:17.754   860  2003 W PackageConfigPersister: App-specific configuration not found for packageName: eu.europa.ec.euidi.dev and userId: 0
05-23 16:27:17.798   860  1067 D BackgroundInstallControlService: Package event received: 0
05-23 16:27:17.917   860   860 W AccessibilityManagerService:  wait for adding window timeout: 225
05-23 16:27:18.073   860  2003 D CoreBackPreview: Window{2c96bfd u0 Splash Screen eu.europa.ec.euidi.dev EXITING}: Setting back callback null
05-23 16:27:19.811   860  1096 V AutofillSession: Primary service component name: ComponentInfo{com.google.android.gms/com.google.android.gms.autofill.service.AutofillService}, secondary service component name: ComponentInfo{com.android.credentialmanager/com.android.credentialmanager.autofill.CredentialAutofillService}
05-23 16:27:19.812   860  1096 V SecondaryProviderHandler: Creating a secondary provider handler with component name, ComponentInfo{com.android.credentialmanager/com.android.credentialmanager.autofill.CredentialAutofillService}
05-23 16:27:19.814   860  1096 D PresentationStatsEventLogger: Started new PresentationStatsEvent
05-23 16:27:19.814   860  1096 W FillRequestEventLogger: Couldn't find packageName: com.google.android.inputmethod.latin
05-23 16:27:19.826 11548 11548 D InsetsController: Setting requestedVisibleTypes to -1 (was -9)
05-23 16:27:19.828   860  1067 D BackgroundInstallControlService: Package event received: 0
05-23 16:27:19.845   860   874 D AutofillSession: createPendingIntent for request 260
05-23 16:27:19.845   860   874 D ContentCapturePerUserService: Notified activity assist data for activity: Token{5bef1a8 ActivityRecord{9648282 u0 eu.europa.ec.euidi.dev/eu.europa.ec.assemblylogic.ui.MainActivity t243}} without a session Id
05-23 16:27:19.850   860  1067 D BackgroundInstallControlService: Package event received: 0
05-23 16:27:19.862   860  1067 D BackgroundInstallControlService: Package event received: 0
05-23 16:27:19.862   860  1067 D BackgroundInstallControlService: Package event received: 0
05-23 16:27:19.889   860   874 W PackageConfigPersister: App-specific configuration not found for packageName: eu.europa.ec.euidi.dev and userId: 0
05-23 16:27:19.911   860   874 W PackageConfigPersister: App-specific configuration not found for packageName: eu.europa.ec.euidi.dev and userId: 0
05-23 16:27:19.918   860   860 W FillRequestEventLogger: Shouldn't be logging AutofillFillRequestReported again for same event
05-23 16:27:19.918   860   860 W FillResponseEventLogger: Shouldn't be logging AutofillFillRequestReported again for same event
05-23 16:27:19.918   860   860 W PresentationStatsEventLogger: Empty dataset. Autofill ignoring log
05-23 16:27:19.918   860   860 D AutofillSession: clearPendingIntentLocked
05-23 16:27:19.921   860  1067 D BackgroundInstallControlService: Package event received: 0
05-23 16:27:20.026   860  1128 D CoreBackPreview: Window{1905d50 u0 eu.europa.ec.euidi.dev/eu.europa.ec.assemblylogic.ui.MainActivity}: Setting back callback OnBackInvokedCallbackInfo{mCallback=android.window.IOnBackInvokedCallback$Stub$Proxy@10bda10, mPriority=0, mIsAnimationCallback=true, mOverrideBehavior=0}
05-23 16:27:20.032  1143  1220 D WindowManagerShell: onKeepClearAreasChanged: restricted={}, unrestricted={Rect(0, 2337 - 1080, 2400)}
05-23 16:27:20.380   860  1873 E TaskPersister: File error accessing recents directory (directory doesn't exist?).
05-23 16:27:20.959   860  1128 V AutofillSession: Primary service component name: ComponentInfo{com.google.android.gms/com.google.android.gms.autofill.service.AutofillService}, secondary service component name: ComponentInfo{com.android.credentialmanager/com.android.credentialmanager.autofill.CredentialAutofillService}
05-23 16:27:20.959   860  1128 V SecondaryProviderHandler: Creating a secondary provider handler with component name, ComponentInfo{com.android.credentialmanager/com.android.credentialmanager.autofill.CredentialAutofillService}
05-23 16:27:20.959   860  1128 D PresentationStatsEventLogger: Started new PresentationStatsEvent
05-23 16:27:20.960   860  1128 W FillRequestEventLogger: Couldn't find packageName: com.google.android.inputmethod.latin
05-23 16:27:20.965   860  1128 D AutofillSession: createPendingIntent for request 262
05-23 16:27:20.965   860  1128 D ContentCapturePerUserService: Notified activity assist data for activity: Token{5bef1a8 ActivityRecord{9648282 u0 eu.europa.ec.euidi.dev/eu.europa.ec.assemblylogic.ui.MainActivity t243}} without a session Id
05-23 16:27:20.979   860  1128 W PresentationStatsEventLogger: Bad view state for: -1, state: ViewState: [id=1073741824:i36@1521625019, state:1, currentValue:android.view.autofill.AutofillValue@32]
05-23 16:27:20.998   860   860 W FillRequestEventLogger: Shouldn't be logging AutofillFillRequestReported again for same event
05-23 16:27:20.998   860   860 W FillResponseEventLogger: Shouldn't be logging AutofillFillRequestReported again for same event
05-23 16:27:20.998   860   860 W PresentationStatsEventLogger: Empty dataset. Autofill ignoring log
05-23 16:27:20.998   860   860 D AutofillSession: clearPendingIntentLocked
05-23 16:27:21.014   860  1128 W PackageConfigPersister: App-specific configuration not found for packageName: eu.europa.ec.euidi.dev and userId: 0
05-23 16:27:21.089   860  1096 V AutofillSession: Primary service component name: ComponentInfo{com.google.android.gms/com.google.android.gms.autofill.service.AutofillService}, secondary service component name: ComponentInfo{com.android.credentialmanager/com.android.credentialmanager.autofill.CredentialAutofillService}
05-23 16:27:21.089   860  1096 V SecondaryProviderHandler: Creating a secondary provider handler with component name, ComponentInfo{com.android.credentialmanager/com.android.credentialmanager.autofill.CredentialAutofillService}
05-23 16:27:21.089   860  1096 D PresentationStatsEventLogger: Started new PresentationStatsEvent
05-23 16:27:21.089   860  1096 W FillRequestEventLogger: Couldn't find packageName: com.google.android.inputmethod.latin
05-23 16:27:21.094   860  1096 D AutofillSession: createPendingIntent for request 264
05-23 16:27:21.094   860  1096 D ContentCapturePerUserService: Notified activity assist data for activity: Token{5bef1a8 ActivityRecord{9648282 u0 eu.europa.ec.euidi.dev/eu.europa.ec.assemblylogic.ui.MainActivity t243}} without a session Id
05-23 16:27:21.117   860  1096 W PresentationStatsEventLogger: Bad view state for: -1, state: ViewState: [id=1073741824:i45@1822929766, state:1, currentValue:android.view.autofill.AutofillValue@32]
05-23 16:27:21.129   860   860 W FillRequestEventLogger: Shouldn't be logging AutofillFillRequestReported again for same event
05-23 16:27:21.129   860   860 W FillResponseEventLogger: Shouldn't be logging AutofillFillRequestReported again for same event
05-23 16:27:21.129   860   860 W PresentationStatsEventLogger: Empty dataset. Autofill ignoring log
05-23 16:27:21.129   860   860 D AutofillSession: clearPendingIntentLocked
05-23 16:27:21.143   860  2011 W PackageConfigPersister: App-specific configuration not found for packageName: eu.europa.ec.euidi.dev and userId: 0
05-23 16:27:21.167   860  2011 D ImeInsetsSourceProvider: showImePostLayout cancelled, isScheduledAndReadyToShowIme: false, mImeRequester: null, serverVisible: true, frozen: false, mWindowContainer is: non-null, windowState: Window{81c8553 u0 InputMethod}, isDrawn: true, mGivenInsetsPending: false, dcTarget: Window{1905d50 u0 eu.europa.ec.euidi.dev/eu.europa.ec.assemblylogic.ui.MainActivity}, controlTarget: Window{1905d50 u0 eu.europa.ec.euidi.dev/eu.europa.ec.assemblylogic.ui.MainActivity}
05-23 16:27:21.213   860  2011 V AutofillSession: Primary service component name: ComponentInfo{com.google.android.gms/com.google.android.gms.autofill.service.AutofillService}, secondary service component name: ComponentInfo{com.android.credentialmanager/com.android.credentialmanager.autofill.CredentialAutofillService}
05-23 16:27:21.213   860  2011 V SecondaryProviderHandler: Creating a secondary provider handler with component name, ComponentInfo{com.android.credentialmanager/com.android.credentialmanager.autofill.CredentialAutofillService}
05-23 16:27:21.213   860  2011 D PresentationStatsEventLogger: Started new PresentationStatsEvent
05-23 16:27:21.214   860  2011 W FillRequestEventLogger: Couldn't find packageName: com.google.android.inputmethod.latin
05-23 16:27:21.223   860  2011 W PresentationStatsEventLogger: Bad view state for: -1, state: ViewState: [id=1073741824:i54@675053033, state:1, currentValue:android.view.autofill.AutofillValue@32]
05-23 16:27:21.231   860  1096 D AutofillSession: createPendingIntent for request 266
05-23 16:27:21.232   860  1096 D ContentCapturePerUserService: Notified activity assist data for activity: Token{5bef1a8 ActivityRecord{9648282 u0 eu.europa.ec.euidi.dev/eu.europa.ec.assemblylogic.ui.MainActivity t243}} without a session Id
05-23 16:27:21.237   860  1881 W PackageConfigPersister: App-specific configuration not found for packageName: eu.europa.ec.euidi.dev and userId: 0
05-23 16:27:21.250   860   860 W FillRequestEventLogger: Shouldn't be logging AutofillFillRequestReported again for same event
05-23 16:27:21.250   860   860 W FillResponseEventLogger: Shouldn't be logging AutofillFillRequestReported again for same event
05-23 16:27:21.250   860   860 W PresentationStatsEventLogger: Empty dataset. Autofill ignoring log
05-23 16:27:21.250   860   860 D AutofillSession: clearPendingIntentLocked
05-23 16:27:21.274   860  1096 D ImeInsetsSourceProvider: showImePostLayout cancelled, isScheduledAndReadyToShowIme: false, mImeRequester: null, serverVisible: true, frozen: false, mWindowContainer is: non-null, windowState: Window{81c8553 u0 InputMethod}, isDrawn: true, mGivenInsetsPending: false, dcTarget: Window{1905d50 u0 eu.europa.ec.euidi.dev/eu.europa.ec.assemblylogic.ui.MainActivity}, controlTarget: Window{1905d50 u0 eu.europa.ec.euidi.dev/eu.europa.ec.assemblylogic.ui.MainActivity}
05-23 16:27:21.288   860  1096 V AutofillSession: Primary service component name: ComponentInfo{com.google.android.gms/com.google.android.gms.autofill.service.AutofillService}, secondary service component name: ComponentInfo{com.android.credentialmanager/com.android.credentialmanager.autofill.CredentialAutofillService}
05-23 16:27:21.288   860  1096 V SecondaryProviderHandler: Creating a secondary provider handler with component name, ComponentInfo{com.android.credentialmanager/com.android.credentialmanager.autofill.CredentialAutofillService}
05-23 16:27:21.288   860  1096 D PresentationStatsEventLogger: Started new PresentationStatsEvent
05-23 16:27:21.288   860  1096 W FillRequestEventLogger: Couldn't find packageName: com.google.android.inputmethod.latin
05-23 16:27:21.292   860  1096 D AutofillSession: createPendingIntent for request 268
05-23 16:27:21.292   860  1096 D ContentCapturePerUserService: Notified activity assist data for activity: Token{5bef1a8 ActivityRecord{9648282 u0 eu.europa.ec.euidi.dev/eu.europa.ec.assemblylogic.ui.MainActivity t243}} without a session Id
05-23 16:27:21.311   860  1096 W PresentationStatsEventLogger: Bad view state for: -1, state: ViewState: [id=1073741824:i63@225620647, state:1, currentValue:android.view.autofill.AutofillValue@32]
05-23 16:27:21.321   860   860 W FillRequestEventLogger: Shouldn't be logging AutofillFillRequestReported again for same event
05-23 16:27:21.321   860   860 W FillResponseEventLogger: Shouldn't be logging AutofillFillRequestReported again for same event
05-23 16:27:21.321   860   860 W PresentationStatsEventLogger: Empty dataset. Autofill ignoring log
05-23 16:27:21.321   860   860 D AutofillSession: clearPendingIntentLocked
05-23 16:27:21.332   860  2011 W PackageConfigPersister: App-specific configuration not found for packageName: eu.europa.ec.euidi.dev and userId: 0
05-23 16:27:21.357   860  2217 D ImeInsetsSourceProvider: showImePostLayout cancelled, isScheduledAndReadyToShowIme: false, mImeRequester: null, serverVisible: true, frozen: false, mWindowContainer is: non-null, windowState: Window{81c8553 u0 InputMethod}, isDrawn: true, mGivenInsetsPending: false, dcTarget: Window{1905d50 u0 eu.europa.ec.euidi.dev/eu.europa.ec.assemblylogic.ui.MainActivity}, controlTarget: Window{1905d50 u0 eu.europa.ec.euidi.dev/eu.europa.ec.assemblylogic.ui.MainActivity}
05-23 16:27:21.397   860  2011 V AutofillSession: Primary service component name: ComponentInfo{com.google.android.gms/com.google.android.gms.autofill.service.AutofillService}, secondary service component name: ComponentInfo{com.android.credentialmanager/com.android.credentialmanager.autofill.CredentialAutofillService}
05-23 16:27:21.397   860  2011 V SecondaryProviderHandler: Creating a secondary provider handler with component name, ComponentInfo{com.android.credentialmanager/com.android.credentialmanager.autofill.CredentialAutofillService}
05-23 16:27:21.397   860  2011 D PresentationStatsEventLogger: Started new PresentationStatsEvent
05-23 16:27:21.398   860  2011 W FillRequestEventLogger: Couldn't find packageName: com.google.android.inputmethod.latin
05-23 16:27:21.415   860  2217 W PresentationStatsEventLogger: Bad view state for: -1, state: ViewState: [id=1073741824:i72@598369316, state:1, currentValue:android.view.autofill.AutofillValue@32]
05-23 16:27:21.426   860  1096 D AutofillSession: createPendingIntent for request 270
05-23 16:27:21.426   860  1096 D ContentCapturePerUserService: Notified activity assist data for activity: Token{5bef1a8 ActivityRecord{9648282 u0 eu.europa.ec.euidi.dev/eu.europa.ec.assemblylogic.ui.MainActivity t243}} without a session Id
05-23 16:27:21.446   860   860 W FillRequestEventLogger: Shouldn't be logging AutofillFillRequestReported again for same event
05-23 16:27:21.446   860   860 W FillResponseEventLogger: Shouldn't be logging AutofillFillRequestReported again for same event
05-23 16:27:21.446   860   860 W PresentationStatsEventLogger: Empty dataset. Autofill ignoring log
05-23 16:27:21.446   860   860 D AutofillSession: clearPendingIntentLocked
05-23 16:27:21.448   860  2217 W PackageConfigPersister: App-specific configuration not found for packageName: eu.europa.ec.euidi.dev and userId: 0
05-23 16:27:21.512   860  2003 D ImeInsetsSourceProvider: showImePostLayout cancelled, isScheduledAndReadyToShowIme: false, mImeRequester: null, serverVisible: true, frozen: false, mWindowContainer is: non-null, windowState: Window{81c8553 u0 InputMethod}, isDrawn: true, mGivenInsetsPending: false, dcTarget: Window{1905d50 u0 eu.europa.ec.euidi.dev/eu.europa.ec.assemblylogic.ui.MainActivity}, controlTarget: Window{1905d50 u0 eu.europa.ec.euidi.dev/eu.europa.ec.assemblylogic.ui.MainActivity}
05-23 16:27:21.734   860  1096 W PackageConfigPersister: App-specific configuration not found for packageName: eu.europa.ec.euidi.dev and userId: 0
05-23 16:27:21.762   860  1881 D ImeInsetsSourceProvider: showImePostLayout cancelled, isScheduledAndReadyToShowIme: false, mImeRequester: null, serverVisible: true, frozen: false, mWindowContainer is: non-null, windowState: Window{81c8553 u0 InputMethod}, isDrawn: true, mGivenInsetsPending: false, dcTarget: Window{1905d50 u0 eu.europa.ec.euidi.dev/eu.europa.ec.assemblylogic.ui.MainActivity}, controlTarget: Window{1905d50 u0 eu.europa.ec.euidi.dev/eu.europa.ec.assemblylogic.ui.MainActivity}
05-23 16:27:22.354   860  2011 W PackageConfigPersister: App-specific configuration not found for packageName: eu.europa.ec.euidi.dev and userId: 0
05-23 16:27:22.366   860  1881 D ImeInsetsSourceProvider: showImePostLayout cancelled, isScheduledAndReadyToShowIme: false, mImeRequester: null, serverVisible: true, frozen: false, mWindowContainer is: non-null, windowState: Window{81c8553 u0 InputMethod}, isDrawn: true, mGivenInsetsPending: false, dcTarget: Window{1905d50 u0 eu.europa.ec.euidi.dev/eu.europa.ec.assemblylogic.ui.MainActivity}, controlTarget: Window{1905d50 u0 eu.europa.ec.euidi.dev/eu.europa.ec.assemblylogic.ui.MainActivity}
05-23 16:27:22.422   860  1881 W PackageConfigPersister: App-specific configuration not found for packageName: eu.europa.ec.euidi.dev and userId: 0
05-23 16:27:22.455   860  2003 D ImeInsetsSourceProvider: showImePostLayout cancelled, isScheduledAndReadyToShowIme: false, mImeRequester: null, serverVisible: true, frozen: false, mWindowContainer is: non-null, windowState: Window{81c8553 u0 InputMethod}, isDrawn: true, mGivenInsetsPending: false, dcTarget: Window{1905d50 u0 eu.europa.ec.euidi.dev/eu.europa.ec.assemblylogic.ui.MainActivity}, controlTarget: Window{1905d50 u0 eu.europa.ec.euidi.dev/eu.europa.ec.assemblylogic.ui.MainActivity}
05-23 16:27:22.530   860  2003 W PackageConfigPersister: App-specific configuration not found for packageName: eu.europa.ec.euidi.dev and userId: 0
05-23 16:27:22.547   860  2003 D ImeInsetsSourceProvider: showImePostLayout cancelled, isScheduledAndReadyToShowIme: false, mImeRequester: null, serverVisible: true, frozen: false, mWindowContainer is: non-null, windowState: Window{81c8553 u0 InputMethod}, isDrawn: true, mGivenInsetsPending: false, dcTarget: Window{1905d50 u0 eu.europa.ec.euidi.dev/eu.europa.ec.assemblylogic.ui.MainActivity}, controlTarget: Window{1905d50 u0 eu.europa.ec.euidi.dev/eu.europa.ec.assemblylogic.ui.MainActivity}
05-23 16:27:22.610   860  2003 W PackageConfigPersister: App-specific configuration not found for packageName: eu.europa.ec.euidi.dev and userId: 0
05-23 16:27:22.644   860  2003 D ImeInsetsSourceProvider: showImePostLayout cancelled, isScheduledAndReadyToShowIme: false, mImeRequester: null, serverVisible: true, frozen: false, mWindowContainer is: non-null, windowState: Window{81c8553 u0 InputMethod}, isDrawn: true, mGivenInsetsPending: false, dcTarget: Window{1905d50 u0 eu.europa.ec.euidi.dev/eu.europa.ec.assemblylogic.ui.MainActivity}, controlTarget: Window{1905d50 u0 eu.europa.ec.euidi.dev/eu.europa.ec.assemblylogic.ui.MainActivity}
05-23 16:27:22.683   860  2003 W PackageConfigPersister: App-specific configuration not found for packageName: eu.europa.ec.euidi.dev and userId: 0
05-23 16:27:22.720   860  2011 D ImeInsetsSourceProvider: showImePostLayout cancelled, isScheduledAndReadyToShowIme: false, mImeRequester: null, serverVisible: true, frozen: false, mWindowContainer is: non-null, windowState: Window{81c8553 u0 InputMethod}, isDrawn: true, mGivenInsetsPending: false, dcTarget: Window{1905d50 u0 eu.europa.ec.euidi.dev/eu.europa.ec.assemblylogic.ui.MainActivity}, controlTarget: Window{1905d50 u0 eu.europa.ec.euidi.dev/eu.europa.ec.assemblylogic.ui.MainActivity}
05-23 16:27:23.544   860   953 D ActivityManager: freezing 4309 com.google.android.adservices.api
05-23 16:27:23.620   860  2011 D CompatChangeReporter: Compat change id reported: 161145287; UID 10214; state: ENABLED
05-23 16:27:23.623 11548 11548 D InsetsController: Setting requestedVisibleTypes to -9 (was -1)
05-23 16:27:23.625   860  2003 D CoreBackPreview: Window{1905d50 u0 eu.europa.ec.euidi.dev/eu.europa.ec.assemblylogic.ui.MainActivity}: Setting back callback OnBackInvokedCallbackInfo{mCallback=android.window.IOnBackInvokedCallback$Stub$Proxy@93f4c92, mPriority=0, mIsAnimationCallback=false, mOverrideBehavior=0}
05-23 16:27:23.630   860  2011 W PackageConfigPersister: App-specific configuration not found for packageName: eu.europa.ec.euidi.dev and userId: 0
05-23 16:27:23.678   860   953 D ActivityManager: freezing 4468 com.google.android.documentsui
05-23 16:27:23.839   860  1096 D ImeInsetsSourceProvider: showImePostLayout aborted, isScheduledAndReadyToShowIme: false, mImeRequester: null, serverVisible: true, frozen: false, mWindowContainer is: non-null, windowState: Window{81c8553 u0 InputMethod}, isDrawn: true, mGivenInsetsPending: false, dcTarget: Window{1905d50 u0 eu.europa.ec.euidi.dev/eu.europa.ec.assemblylogic.ui.MainActivity}, controlTarget: Window{1905d50 u0 eu.europa.ec.euidi.dev/eu.europa.ec.assemblylogic.ui.MainActivity}
05-23 16:27:23.839  1143  1220 D WindowManagerShell: onKeepClearAreasChanged: restricted={}, unrestricted={}
05-23 16:27:23.890   860   953 D ActivityManager: freezing 11393 com.android.chrome
05-23 16:27:23.905   860   953 D ActivityManager: freezing 3975 com.android.vending:background
05-23 16:27:24.088   860   953 D ActivityManager: freezing 11405 com.google.android.apps.docs
05-23 16:27:24.115   246 11389 I keystore2: system/security/keystore2/watchdog/src/lib.rs:377 - Watchdog thread idle -> terminating. Have a great day.
05-23 16:27:26.092   860  2003 W OptProp : Cannot read opt property android.window.PROPERTY_COMPAT_ALLOW_USER_ASPECT_RATIO_OVERRIDE
05-23 16:27:26.092   860  2003 W OptProp : Cannot read opt property android.window.PROPERTY_COMPAT_ALLOW_USER_ASPECT_RATIO_FULLSCREEN_OVERRIDE
05-23 16:27:26.092   860  2003 W OptProp : Cannot read opt property android.window.PROPERTY_COMPAT_ALLOW_RESIZEABLE_ACTIVITY_OVERRIDES
05-23 16:27:26.092   860  2003 W OptProp : Cannot read opt property android.window.PROPERTY_COMPAT_ALLOW_MIN_ASPECT_RATIO_OVERRIDE
05-23 16:27:26.095   860  2003 W OptProp : Cannot read opt property android.window.PROPERTY_COMPAT_ALLOW_ORIENTATION_OVERRIDE
05-23 16:27:26.100   860  2003 I ActivityTaskManager: START u0 {act=android.intent.action.VIEW dat=https://dev.issuer.eudiw.dev/... flg=0x10000000 xflg=0x4 cmp=com.android.chrome/com.google.android.apps.chrome.IntentDispatcher} with LAUNCH_MULTIPLE from uid 10214 (BAL_ALLOW_VISIBLE_WINDOW) result code=0
05-23 16:27:26.101  1143  1220 V WindowManagerShell: Transition requested (#84): android.os.BinderProxy@cbca44d TransitionRequestInfo { type = OPEN, triggerTask = TaskInfo{userId=0 taskId=244 effectiveUid=10150 displayId=0 isRunning=true baseIntent=Intent { act=android.intent.action.VIEW dat=https://dev.issuer.eudiw.dev/... flg=0x10800000 cmp=com.android.chrome/com.google.android.apps.chrome.IntentDispatcher } baseActivity=ComponentInfo{com.android.chrome/org.chromium.chrome.browser.document.ChromeLauncherActivity} topActivity=ComponentInfo{com.android.chrome/org.chromium.chrome.browser.document.ChromeLauncherActivity} origActivity=ComponentInfo{com.android.chrome/com.google.android.apps.chrome.IntentDispatcher} realActivity=ComponentInfo{com.android.chrome/org.chromium.chrome.browser.document.ChromeLauncherActivity} numActivities=1 lastActiveTime=4929274 supportsMultiWindow=true resizeMode=1 isResizeable=true minWidth=-1 minHeight=-1 defaultMinSize=220 token=WCT{android.window.IWindowContainerToken$Stub$Proxy@6ef9b02} topActivityType=1 pictureInPictureParams=null shouldDockBigOverlays=false launchIntoPipHostTaskId=-1 lastParentTaskIdBeforePip=-1 displayCutoutSafeInsets=Rect(0, 132 - 0, 0) topActivityInfo=ActivityInfo{acbcc13 com.google.android.apps.chrome.IntentDispatcher} launchCookies=[] positionInParent=Point(0, 0) parentTaskId=-1 isFocused=false isVisible=false isVisibleRequested=false isTopActivityNoDisplay=true isSleeping=false locusId=null displayAreaFeatureId=1 isTopActivityTransparent=true isActivityStackTransparent=true lastNonFullscreenBounds=Rect(276, 694 - 804, 1774) capturedLink=https://dev.issuer.eudiw.dev/authorizationV3?client_id=wallet-dev&state=bCfPAiMdLGBoeLkLioj8HhbeEgiu1Eti9XTy9TxFnBE&request_uri=urn%3Auuid%3Aa1659dfd-45f5-4f25-85be-32c668623d3a capturedLinkTimestamp=0 requestedVisibleTypes=-9 topActivityRequestOpenInBrowserEducationTimestamp=0 appCompatTaskInfo=AppCompatTaskInfo { topActivityInSizeCompat=false eligibleForLetterboxEducation= false isLetterboxEducationEnabled= true isLetterboxDoubleTapEnabled= false eligibleForUserAspectRatioButton= false topActivityBoundsLetterboxed= false isFromLetterboxDoubleTap= false topActivityLetterboxVerticalPosition= -1 topActivityLetterboxHorizontalPosition= -1 topActivityLetterboxWidth=-1 topActivityLetterboxHeight=-1 topActivityAppBounds=Rect(0, 132 - 1080, 2337) isUserFullscreenOverrideEnabled=false isSystemFullscreenOverrideEnabled=false hasMinAspectRatioOverride=false topActivityLetterboxBounds=null cameraCompatTaskInfo=CameraCompatTaskInfo { freeformCameraCompatMode=inactive}} topActivityMainWindowFrame=null}, pipChange = null, remoteTransition = null, displayChange = null, flags = 0, debugId = 84 }
05-23 16:27:26.101  1143  1220 D ShellSplitScreen: logExit: no-op, mLoggerSessionId is null
05-23 16:27:26.107   860  1067 D BackgroundInstallControlService: Package event received: 0
05-23 16:27:26.108   860  2217 W OptProp : Cannot read opt property android.window.PROPERTY_COMPAT_ENABLE_FAKE_FOCUS
05-23 16:27:26.109   860  2217 D ActivityManager: quick sync unfreeze 11393 for 1
05-23 16:27:26.118 11393 11625 I DisplayManager: Choreographer implicitly registered for the refresh rate.
05-23 16:27:26.132   860   882 D ActivityManager: sync unfroze 11393 com.android.chrome for 1
05-23 16:27:26.133   860  1067 D BackgroundInstallControlService: Package event received: 0
05-23 16:27:26.141   860  1067 D BackgroundInstallControlService: Package event received: 0
05-23 16:27:26.141   860  1067 D BackgroundInstallControlService: Package event received: 0
05-23 16:27:26.180   860  2217 W OptProp : Cannot read opt property android.window.PROPERTY_COMPAT_ALLOW_USER_ASPECT_RATIO_OVERRIDE
05-23 16:27:26.180   860  2217 W OptProp : Cannot read opt property android.window.PROPERTY_COMPAT_ALLOW_USER_ASPECT_RATIO_FULLSCREEN_OVERRIDE
05-23 16:27:26.180   860  2217 W OptProp : Cannot read opt property android.window.PROPERTY_COMPAT_ALLOW_RESIZEABLE_ACTIVITY_OVERRIDES
05-23 16:27:26.180   860  2217 W OptProp : Cannot read opt property android.window.PROPERTY_COMPAT_ALLOW_MIN_ASPECT_RATIO_OVERRIDE
05-23 16:27:26.182   860  1096 D CompatChangeReporter: Compat change id reported: 261072174; UID 10150; state: ENABLED
05-23 16:27:26.182   860  2217 W OptProp : Cannot read opt property android.window.PROPERTY_COMPAT_ALLOW_ORIENTATION_OVERRIDE
05-23 16:27:26.194   860  2217 I ActivityTaskManager: START u0 {act=android.intent.action.VIEW dat=https://dev.issuer.eudiw.dev/... flg=0x14002000 xflg=0x4 cmp=com.android.chrome/org.chromium.chrome.browser.ChromeTabbedActivity (has extras)} with LAUNCH_SINGLE_INSTANCE_PER_TASK from uid 10150 (sr=41974865) (BAL_ALLOW_VISIBLE_WINDOW) result code=0
05-23 16:27:26.225   860  2217 W OptProp : Cannot read opt property android.window.PROPERTY_COMPAT_ENABLE_FAKE_FOCUS
05-23 16:27:26.227   860  1067 D BackgroundInstallControlService: Package event received: 0
05-23 16:27:26.229   860  1067 D BackgroundInstallControlService: Package event received: 0
05-23 16:27:26.230   860  1067 D BackgroundInstallControlService: Package event received: 0
05-23 16:27:26.281   860  2003 D CompatChangeReporter: Compat change id reported: 161145287; UID 10150; state: ENABLED
05-23 16:27:26.378  1143 11546 V WindowManagerShell: onTransitionReady(transaction=3693671880172)
05-23 16:27:26.379  1143  1220 V WindowManagerShell: onTransitionReady (#84) android.os.BinderProxy@cbca44d: {id=84 t=OPEN f=0x0 trk=0 r=[0@Point(0, 0)] c=[
05-23 16:27:26.379  1143  1220 V WindowManagerShell:         {m=OPEN f=MOVE_TO_TOP leash=Surface(name=Task=245)/@0x3f28ed6 sb=Rect(0, 0 - 1080, 2400) eb=Rect(0, 0 - 1080, 2400) epz=Point(1080, 2400) d=0 taskParent=-1},
05-23 16:27:26.379  1143  1220 V WindowManagerShell:         {m=TO_BACK f=NONE leash=Surface(name=Task=243)/@0x5503557 sb=Rect(0, 0 - 1080, 2400) eb=Rect(0, 0 - 1080, 2400) epz=Point(1080, 2400) d=0 taskParent=-1}
05-23 16:27:26.379  1143  1220 V WindowManagerShell:     ]}
05-23 16:27:26.379  1143  1220 V WindowManagerShell: Playing animation for (#84) android.os.BinderProxy@cbca44d@0
05-23 16:27:26.387   860   879 V WindowManager: Sent Transition (#84) createdAt=05-23 16:27:26.093 via request=TransitionRequestInfo { type = OPEN, triggerTask = TaskInfo{userId=0 taskId=244 effectiveUid=10150 displayId=0 isRunning=true baseIntent=Intent { act=android.intent.action.VIEW dat=https://dev.issuer.eudiw.dev/... flg=0x10800000 cmp=com.android.chrome/com.google.android.apps.chrome.IntentDispatcher } baseActivity=ComponentInfo{com.android.chrome/org.chromium.chrome.browser.document.ChromeLauncherActivity} topActivity=ComponentInfo{com.android.chrome/org.chromium.chrome.browser.document.ChromeLauncherActivity} origActivity=ComponentInfo{com.android.chrome/com.google.android.apps.chrome.IntentDispatcher} realActivity=ComponentInfo{com.android.chrome/org.chromium.chrome.browser.document.ChromeLauncherActivity} numActivities=1 lastActiveTime=4929274 supportsMultiWindow=true resizeMode=1 isResizeable=true minWidth=-1 minHeight=-1 defaultMinSize=220 token=WCT{RemoteToken{c9a8ea1 Task{e3bccb6 #244 type=standard I=com.android.chrome/com.google.android.apps.chrome.IntentDispatcher}}} topActivityType=1 pictureInPictureParams=null shouldDockBigOverlays=false launchIntoPipHostTaskId=-1 lastParentTaskIdBeforePip=-1 displayCutoutSafeInsets=Rect(0, 132 - 0, 0) topActivityInfo=ActivityInfo{6c9f8c6 com.google.android.apps.chrome.IntentDispatcher} launchCookies=[] positionInParent=Point(0, 0) parentTaskId=-1 isFocused=false isVisible=false isVisibleRequested=false isTopActivityNoDisplay=true isSleeping=false locusId=null displayAreaFeatureId=1 isTopActivityTransparent=true isActivityStackTransparent=true lastNonFullscreenBounds=Rect(276, 694 - 804, 1774) capturedLink=https://dev.issuer.eudiw.dev/authorizationV3?client_id=wallet-dev&state=bCfPAiMdLGBoeLkLioj8HhbeEgiu1Eti9XTy9TxFnBE&request_uri=urn%3Auuid%3Aa1659dfd-45f5-4f25-85be-32c668623d3a capturedLinkTimestamp=0 requestedVisibleTypes=-9 topActivityRequestOpenInBrowserEducationTimestamp=0 appCompatTaskInfo=AppCompatTaskInfo { topActivityInSizeCompat=false eligibleForLetterboxEducation= false isLetterboxEducationEnabled= true isLetterboxDoubleTapEnabled= false eligibleForUserAspectRatioButton= false topActivityBoundsLetterboxed= false isFromLetterboxDoubleTap= false topActivityLetterboxVerticalPosition= -1 topActivityLetterboxHorizontalPosition= -1 topActivityLetterboxWidth=-1 topActivityLetterboxHeight=-1 topActivityAppBounds=Rect(0, 132 - 1080, 2337) isUserFullscreenOverrideEnabled=false isSystemFullscreenOverrideEnabled=false hasMinAspectRatioOverride=false topActivityLetterboxBounds=null cameraCompatTaskInfo=CameraCompatTaskInfo { freeformCameraCompatMode=inactive}} topActivityMainWindowFrame=null}, pipChange = null, remoteTransition = null, displayChange = null, flags = 0, debugId = 84 }
05-23 16:27:26.387   860   879 V WindowManager:     startWCT=WindowContainerTransaction { changes= {} hops= [] errorCallbackToken=null taskFragmentOrganizer=null }
05-23 16:27:26.388   860   879 V WindowManager:     info={id=84 t=OPEN f=0x0 trk=0 r=[0@Point(0, 0)] c=[
05-23 16:27:26.388   860   879 V WindowManager:         {WCT{RemoteToken{cef7087 Task{88392a7 #245 type=standard A=10150:com.android.chrome}}} m=OPEN f=MOVE_TO_TOP leash=Surface(name=Task=245)/@0x8ac66fa sb=Rect(0, 0 - 1080, 2400) eb=Rect(0, 0 - 1080, 2400) epz=Point(1080, 2400) d=0 taskParent=-1},
05-23 16:27:26.388   860   879 V WindowManager:         {WCT{RemoteToken{127421c Task{b0a35cb #243 type=standard A=10214:eu.europa.ec.euidi.dev}}} m=TO_BACK f=NONE leash=Surface(name=Task=243)/@0x5e6a6f0 sb=Rect(0, 0 - 1080, 2400) eb=Rect(0, 0 - 1080, 2400) epz=Point(1080, 2400) d=0 taskParent=-1}
05-23 16:27:26.388   860   879 V WindowManager:     ]}
05-23 16:27:26.389  1143  1220 V ShellRecents: RecentsTransitionHandler.startAnimation: no controller found
05-23 16:27:26.390  1143  1220 V WindowManagerShell: Transition doesn't have explicit remote, search filters for match for {id=84 t=OPEN f=0x0 trk=0 r=[0@Point(0, 0)] c=[{m=OPEN f=MOVE_TO_TOP leash=Surface(name=Task=245)/@0x3f28ed6 sb=Rect(0, 0 - 1080, 2400) eb=Rect(0, 0 - 1080, 2400) epz=Point(1080, 2400) d=0 taskParent=-1},{m=TO_BACK f=NONE leash=Surface(name=Task=243)/@0x5503557 sb=Rect(0, 0 - 1080, 2400) eb=Rect(0, 0 - 1080, 2400) epz=Point(1080, 2400) d=0 taskParent=-1}]}
05-23 16:27:26.390  1143  1220 V WindowManagerShell:  Checking filter Pair{{types=[] flags=0x0] notFlags=0x0 checks=[{atype=undefined independent=true modes=[CLOSE,TO_BACK] flags=IN_TASK_WITH_EMBEDDED_ACTIVITY mustBeTask=false order=ANY topActivity=null launchCookie=null taskFragmentToken=android.os.BinderProxy@127803b windowingMode=undefined}]} RemoteTransition { remoteTransition = android.window.IRemoteTransition$Stub$Proxy@33c1b19, appThread = android.app.IApplicationThread$Stub$Proxy@f2f57de, debugName = overlayBackTransition }}
05-23 16:27:26.390  1143  1220 V WindowManagerShell:  Checking filter Pair{{types=[] flags=0x0] notFlags=0x0 checks=[{atype=dream independent=true modes=[OPEN,TO_FRONT] flags=NONE mustBeTask=false order=ANY topActivity=null launchCookie=null windowingMode=undefined},{atype=home independent=true modes=[CLOSE,TO_BACK] flags=NONE mustBeTask=false order=ANY topActivity=null launchCookie=null windowingMode=undefined}]} RemoteTransition { remoteTransition = android.window.IRemoteTransition$Stub$Proxy@7a23dbf, appThread = android.app.IApplicationThread$Stub$Proxy@f9eac8c, debugName = LauncherToDream }}
05-23 16:27:26.390  1143  1220 V WindowManagerShell:  Checking filter Pair{{types=[] flags=0x0] notFlags=0x100 checks=[{atype=home independent=true modes=[OPEN,TO_FRONT] flags=NONE mustBeTask=false order=TOP topActivity=ComponentInfo{com.google.android.apps.nexuslauncher/com.google.android.apps.nexuslauncher.NexusLauncherActivity} launchCookie=null windowingMode=undefined},{atype=standard independent=true modes=[CLOSE,TO_BACK] flags=NONE mustBeTask=false order=ANY topActivity=null launchCookie=null windowingMode=undefined},{NOT atype=undefined independent=true modes=[] flags=NONE mustBeTask=true order=ANY topActivity=null launchCookie=null customAnim=true windowingMode=undefined}]} RemoteTransition { remoteTransition = android.window.IRemoteTransition$Stub$Proxy@f6a4fd5, appThread = android.app.IApplicationThread$Stub$Proxy@85513ea, debugName = QuickstepLaunchHome }}
05-23 16:27:26.390  1143  1220 V WindowManagerShell:  Delegate animation for (#84) to null
05-23 16:27:26.390  1143  1220 V WindowManagerShell: start default transition animation, info = {id=84 t=OPEN f=0x0 trk=0 r=[0@Point(0, 0)] c=[{m=OPEN f=MOVE_TO_TOP leash=Surface(name=Task=245)/@0x3f28ed6 sb=Rect(0, 0 - 1080, 2400) eb=Rect(0, 0 - 1080, 2400) epz=Point(1080, 2400) d=0 taskParent=-1},{m=TO_BACK f=NONE leash=Surface(name=Task=243)/@0x5503557 sb=Rect(0, 0 - 1080, 2400) eb=Rect(0, 0 - 1080, 2400) epz=Point(1080, 2400) d=0 taskParent=-1}]}
05-23 16:27:26.391  1143  1220 V WindowManagerShell: loadAnimation: anim=android.view.animation.AnimationSet@ae0f4e5 animAttr=0x9 type=OPEN isEntrance=false
05-23 16:27:26.396  1143  1220 V WindowManagerShell: loadAnimation: anim=android.view.animation.AnimationSet@52a5986 animAttr=0x8 type=OPEN isEntrance=true
05-23 16:27:26.397  1143  1220 V WindowManagerShell:  animated by com.android.wm.shell.transition.DefaultTransitionHandler@9c61ba2
05-23 16:27:26.556   860  1096 D CoreBackPreview: Window{bb8306f u0 com.android.chrome/org.chromium.chrome.browser.ChromeTabbedActivity}: Setting back callback OnBackInvokedCallbackInfo{mCallback=android.window.IOnBackInvokedCallback$Stub$Proxy@a02ea5a, mPriority=-1, mIsAnimationCallback=false, mOverrideBehavior=0}
05-23 16:27:26.756   860   889 W ActivityManager: Slow operation: 197ms so far, now at startProcess: returned from zygote!
05-23 16:27:26.759   860   889 W ActivityManager: Slow operation: 201ms so far, now at startProcess: done updating battery stats
05-23 16:27:26.759   860   889 W ActivityManager: Slow operation: 201ms so far, now at startProcess: building log message
05-23 16:27:26.759   860   889 I ActivityManager: Start proc 11665:com.android.chrome:sandboxed_process0:org.chromium.content.app.SandboxedProcessService0:0/u0ai0 for  {com.android.chrome/org.chromium.content.app.SandboxedProcessService0:0}
05-23 16:27:26.759   860   889 W ActivityManager: Slow operation: 201ms so far, now at startProcess: starting to update pids map
05-23 16:27:26.762   860   889 I ActivityManager: ProcessObserver broadcast disabled
05-23 16:27:26.762   860   889 W ActivityManager: Slow operation: 203ms so far, now at startProcess: done updating pids map
05-23 16:27:26.802   860  1067 D BackgroundInstallControlService: Package event received: 0
05-23 16:27:26.887   860   860 W AccessibilityManagerService:  wait for adding window timeout: 227
05-23 16:27:26.916  1143  1220 V WindowManagerShell: Transition animation finished (aborted=false), notifying core (#84) android.os.BinderProxy@cbca44d@0
05-23 16:27:26.918   860   879 V WindowManager: Finish Transition (#84): created at 05-23 16:27:26.093 collect-started=0.029ms request-sent=6.777ms started=10.418ms ready=133.177ms sent=283.617ms commit=24.467ms finished=824.257ms
05-23 16:27:26.919  1143  1220 V WindowManagerShell: Track 0 became idle
05-23 16:27:26.919  1143  1220 V WindowManagerShell: All active transition animations finished
05-23 16:27:26.949   860  1067 D BackgroundInstallControlService: Package event received: 0
05-23 16:27:26.954   860  2217 D ActivityManager: sync unfroze 2234 com.android.vending for 6
05-23 16:27:26.958   860  1067 D BackgroundInstallControlService: Package event received: 0
05-23 16:27:26.961   860  1067 D BackgroundInstallControlService: Package event received: 0
05-23 16:27:26.965   860  1096 W ProcessStats: Tracking association SourceState{112d7ae com.android.chrome/10150 BTop #7565} whose proc state 2 is better than process ProcessState{5ca9a30 com.android.vending/10144 pkg=com.android.vending} proc state 15 (17 skipped)
05-23 16:27:27.005   860   889 W ActivityManager: Slow operation: 68ms so far, now at startProcess: returned from zygote!
05-23 16:27:27.006   860   889 W ActivityManager: Slow operation: 68ms so far, now at startProcess: done updating battery stats
05-23 16:27:27.006   860   889 W ActivityManager: Slow operation: 68ms so far, now at startProcess: building log message
05-23 16:27:27.006   860   889 I ActivityManager: Start proc 11691:com.android.chrome:privileged_process0/u0a150 for service {com.android.chrome/org.chromium.content.app.PrivilegedProcessService0}
05-23 16:27:27.006   860   889 W ActivityManager: Slow operation: 68ms so far, now at startProcess: starting to update pids map
05-23 16:27:27.006   860   889 I ActivityManager: ProcessObserver broadcast disabled
05-23 16:27:27.006   860   889 W ActivityManager: Slow operation: 68ms so far, now at startProcess: done updating pids map
05-23 16:27:27.086   860  1085 D ActivityManager: sync unfroze 4309 com.google.android.adservices.api for 4
05-23 16:27:27.097   860  1067 D BackgroundInstallControlService: Package event received: 0
05-23 16:27:27.107   860  1067 D BackgroundInstallControlService: Package event received: 0
05-23 16:27:27.178   860  1067 D BackgroundInstallControlService: Package event received: 0
05-23 16:27:27.397   860  2003 D CoreBackPreview: Window{bb8306f u0 com.android.chrome/org.chromium.chrome.browser.ChromeTabbedActivity}: Setting back callback OnBackInvokedCallbackInfo{mCallback=android.window.IOnBackInvokedCallback$Stub$Proxy@f98128e, mPriority=0, mIsAnimationCallback=true, mOverrideBehavior=0}
05-23 16:27:27.477   860  1067 D BackgroundInstallControlService: Package event received: 0
05-23 16:27:27.483   860  1067 D BackgroundInstallControlService: Package event received: 0
05-23 16:27:27.493   860  1128 W PackageConfigPersister: App-specific configuration not found for packageName: com.android.chrome and userId: 0
