05-28 10:50:25.167   598   598 W BpBinder: Linking to death on android.hardware.health.IHealth but there are no threads (yet?) listening to incoming transactions. See ProcessState::startThreadPool and ProcessState::setThreadPoolMaxThreadCount. Generally you should setup the binder threadpool before other initialization steps.
05-28 10:50:25.167   679   679 D SystemServerTiming: InitAttributerCache
05-28 10:50:25.167   679   679 D SystemServerTiming: SetSystemProcess
05-28 10:50:25.167   598   778 I storaged: storaged: Start
05-28 10:50:25.167   598   598 W storaged: Thread Pool max thread count is 0. Cannot cache binder as linkToDeath cannot be implemented. serviceName: storaged
05-28 10:50:25.167   598   598 W storaged: Thread Pool max thread count is 0. Cannot cache binder as linkToDeath cannot be implemented. serviceName: storaged_pri
05-28 10:50:25.168   679   780 V LegacyHistoricalRegistry: Interaction before persistence initialized
05-28 10:50:25.169   221   784 W libc    : Unable to set property "ctl.interface_start" to "aidl/sensor_privacy": PROP_ERROR_HANDLE_CONTROL_MESSAGE (0x20)
05-28 10:50:25.170   679   679 D ActivityManager: StatsPullAtomService not ready yet
05-28 10:50:25.170   679   740 I ActivityManager: Connection with lmkd established
05-28 10:50:25.170   216   216 I lowmemorykiller: lmkd data connection established
05-28 10:50:25.170   679   679 D ActivityManager: StatsPullAtomService not ready yet
05-28 10:50:25.171   679   679 D SystemServerTiming: InitWatchdog
05-28 10:50:25.172   679   679 D SystemServerTiming: StartOverlayManagerService
05-28 10:50:25.173   679   679 I OverlayManager: Updating overlays for starting user 0
05-28 10:50:25.176   590   606 W idmap2d : failed to parse idmap header of '/data/resource-cache/product@overlay@ManagedProvisioning__sdk_gphone64_arm64__auto_generated_rro_product.apk@idmap'
05-28 10:50:25.177   567   622 W HWUI    : Image decoding logging dropped!
05-28 10:50:25.181   590   606 W idmap2d : failed to find resource 'array/vendor_required_apps_managed_device'
05-28 10:50:25.182   590   606 W idmap2d : failed to find resource 'array/vendor_required_apps_managed_profile'
05-28 10:50:25.182   590   606 W idmap2d : failed to find resource 'array/vendor_required_apps_managed_user'
05-28 10:50:25.182   590   606 E idmap2d : no resources were overlaid
05-28 10:50:25.187   590   606 W idmap2d : failed to parse idmap header of '/data/resource-cache/product@overlay@TelephonyProvider__emulator__auto_generated_characteristics_rro.apk@idmap'
05-28 10:50:25.189   590   606 E idmap2d : failed to retrieve loaded package at index 0 for '/product/overlay/TelephonyProvider__emulator__auto_generated_characteristics_rro.apk' -> failed to generate resource map for '/product/overlay/TelephonyProvider__emulator__auto_generated_characteristics_rro.apk'
05-28 10:50:25.194   567   622 W HWUI    : Image decoding logging dropped!
05-28 10:50:25.211   567   622 W HWUI    : Image decoding logging dropped!
05-28 10:50:25.226   590   590 W idmap2d : failed to parse idmap header of '/data/resource-cache/product@overlay@TeleService__emulator__auto_generated_characteristics_rro.apk@idmap'
05-28 10:50:25.229   567   622 W HWUI    : Image decoding logging dropped!
05-28 10:50:25.229   590   590 E idmap2d : failed to retrieve loaded package at index 0 for '/product/overlay/TeleService__emulator__auto_generated_characteristics_rro.apk' -> failed to generate resource map for '/product/overlay/TeleService__emulator__auto_generated_characteristics_rro.apk'
05-28 10:50:25.244   567   622 W HWUI    : Image decoding logging dropped!
05-28 10:50:25.259   590   590 W idmap2d : failed to parse idmap header of '/data/resource-cache/product@overlay@CompanionDeviceManager__emulator__auto_generated_characteristics_rro.apk@idmap'
05-28 10:50:25.261   567   622 W HWUI    : Image decoding logging dropped!
05-28 10:50:25.263   590   590 E idmap2d : failed to retrieve loaded package at index 0 for '/product/overlay/CompanionDeviceManager__emulator__auto_generated_characteristics_rro.apk' -> failed to generate resource map for '/product/overlay/CompanionDeviceManager__emulator__auto_generated_characteristics_rro.apk'
05-28 10:50:25.278   567   622 W HWUI    : Image decoding logging dropped!
05-28 10:50:25.288   679   679 D SystemServerTiming: StartResourcesManagerService
05-28 10:50:25.288   679   729 V Configuration: Updating configuration, locales updated from [] to [en_US]
05-28 10:50:25.288   679   729 I system_server: AssetManager2(0xb400007d8bc5a698) locale list changing from [] to [en-US]
05-28 10:50:25.288   679   679 D SystemServerTiming: StartSensorPrivacyService
05-28 10:50:25.289   679   729 W ActivityTaskManager: Skip updateConfiguration because mWindowManager isn't set
05-28 10:50:25.289   679   729 I ProtoLogImpl: Setting up ProtoLogImpl with viewerConfigPath = /etc/core.protolog.pb
05-28 10:50:25.290   679   729 W BroadcastLoopers: Found previously unknown looper Thread[android.fg,5,main]
05-28 10:50:25.292   679   679 D SystemServerTiming: StartSensorService
05-28 10:50:25.292   679   679 I SystemServiceManager: Starting com.android.server.sensors.SensorService
05-28 10:50:25.292   679   679 D SystemServerTiming: startCoreServices
05-28 10:50:25.292   679   679 D SystemServerTiming: StartSystemConfigService
05-28 10:50:25.292   679   679 I SystemServiceManager: Starting com.android.server.SystemConfigService
05-28 10:50:25.292   679   791 D SystemServerTimingAsync: InitThreadPoolExec:StartNativeSensorService
05-28 10:50:25.292   679   791 D SystemServerTimingAsync: StartNativeSensorService
05-28 10:50:25.292   679   791 D SensorService: nuSensorService starting...
05-28 10:50:25.292   679   679 D SystemServerTiming: StartBatteryService
05-28 10:50:25.292   679   679 I SystemServiceManager: Starting com.android.server.BatteryService
05-28 10:50:25.293   496   496 D audioserver: main: AudioPolicy created
05-28 10:50:25.293   595   776 W AudioAnalytics: onAudioServerStart: (key=audio.policy) AudioPolicy ctor, loadTimeMs:2042.947510
05-28 10:50:25.293   496   496 D AudioSystem: onNewService: media.audio_policy service obtained 0xb400007180266bd0
05-28 10:50:25.294   496   496 D audioserver: main: Do not init aaudio service, status 0, policy info size 1
05-28 10:50:25.294   496   496 I audioserver: main: initialization done in 2378.357 ms, joining thread pool
05-28 10:50:25.295   567   622 W HWUI    : Image decoding logging dropped!
05-28 10:50:25.296   679   791 W system_server: AIBinder_linkToDeath is being called with a non-null cookie and no onUnlink callback set. This might not be intended. AIBinder_DeathRecipient_setOnUnlinked should be called first.
05-28 10:50:25.297   679   791 W SensorService: Goldfish 3-axis Accelerometer's max range 39.299999237061 is not a multiple of the resolution 0.000248015887 - updated to 39.300102233887
05-28 10:50:25.297   679   791 I SensorService: Goldfish Ambient Temperature sensor's reported power 0.000000 invalid, clamped to 0.001000
05-28 10:50:25.297   679   791 W SensorService: Goldfish 3-axis Accelerometer Uncalibrated's max range 39.299999237061 is not a multiple of the resolution 0.000248015887 - updated to 39.300102233887
05-28 10:50:25.299   679   679 I HealthServiceWrapperAidl: health: HealthServiceWrapper listening to AIDL HAL
05-28 10:50:25.299   679   679 I BatteryService: health: Waited 0ms and received the update.
05-28 10:50:25.299   679   796 D SensorService: nuSensorService thread starting...
05-28 10:50:25.299   679   795 D SensorService: new thread SensorEventAckReceiver
05-28 10:50:25.299   679   791 V LegacyHistoricalRegistry: Interaction before persistence initialized
05-28 10:50:25.300   679   679 D SystemServerTiming: StartUsageService
05-28 10:50:25.300   679   679 I SystemServiceManager: Starting com.android.server.usage.UsageStatsService
05-28 10:50:25.302   679   679 D SystemServerTiming: StartWebViewUpdateService
05-28 10:50:25.302   679   679 I SystemServiceManager: Starting com.android.server.webkit.WebViewUpdateService
05-28 10:50:25.302   679   679 D SystemServerTiming: StartCachedDeviceStateService
05-28 10:50:25.302   679   679 I SystemServiceManager: Starting com.android.server.CachedDeviceStateService
05-28 10:50:25.302   679   679 D SystemServerTiming: StartBinderCallsStatsService
05-28 10:50:25.302   679   679 I SystemServiceManager: Starting com.android.server.BinderCallsStatsService$LifeCycle
05-28 10:50:25.302   679   679 D SystemServerTiming: StartLooperStatsService
05-28 10:50:25.303   679   679 I SystemServiceManager: Starting com.android.server.LooperStatsService$Lifecycle
05-28 10:50:25.303   679   679 D SystemServerTiming: StartRollbackManagerService
05-28 10:50:25.303   679   679 I SystemServiceManager: Starting com.android.server.rollback.RollbackManagerService
05-28 10:50:25.303   593   593 D installd: Found quota mount /dev/block/dm-53 at /data
05-28 10:50:25.303   593   593 D installd: Found quota mount /dev/block/dm-53 at /data/user/0
05-28 10:50:25.306   679   679 D SystemServerTiming: StartNativeTombstoneManagerService
05-28 10:50:25.306   679   679 I SystemServiceManager: Starting com.android.server.os.NativeTombstoneManagerService
05-28 10:50:25.306   679   679 D SystemServerTiming: StartBugreportManagerService
05-28 10:50:25.306   679   679 I SystemServiceManager: Starting com.android.server.os.BugreportManagerService
05-28 10:50:25.307   679   679 D SystemServerTiming: GpuService
05-28 10:50:25.307   679   679 I SystemServiceManager: Starting com.android.server.gpu.GpuService
05-28 10:50:25.307   679   679 D SystemServerTiming: StartRemoteProvisioningService
05-28 10:50:25.307   679   679 I SystemServiceManager: Starting com.android.server.security.rkp.RemoteProvisioningService
05-28 10:50:25.307   679   679 D SystemServerTiming: startOtherServices
05-28 10:50:25.307   679   679 D SystemServerTiming: StartKeyAttestationApplicationIdProviderService
05-28 10:50:25.307   679   679 D SystemServerTiming: StartKeyChainSystemService
05-28 10:50:25.307   679   679 I SystemServiceManager: Starting com.android.server.security.KeyChainSystemService
05-28 10:50:25.307   679   679 D SystemServerTiming: StartBinaryTransparencyService
05-28 10:50:25.307   679   804 D SystemServerTimingAsync: InitThreadPoolExec:SecondaryZygotePreload
05-28 10:50:25.307   679   804 I SystemServer: SecondaryZygotePreload
05-28 10:50:25.307   679   804 D SystemServerTimingAsync: SecondaryZygotePreload
05-28 10:50:25.307   679   679 I SystemServiceManager: Starting com.android.server.BinaryTransparencyService
05-28 10:50:25.307   679   679 I TransparencyService: Started BinaryTransparencyService
05-28 10:50:25.307   679   679 D SystemServerTiming: StartSchedulingPolicyService
05-28 10:50:25.308   679   722 D SystemServerTimingAsync: InitThreadPoolExec:SchedulingPolicyService.<init>
05-28 10:50:25.308   679   679 D SystemServerTiming: StartTelecomLoaderService
05-28 10:50:25.308   679   679 I SystemServiceManager: Starting com.android.server.telecom.TelecomLoaderService
05-28 10:50:25.308   679   679 D SystemServerTiming: StartTelephonyRegistry
05-28 10:50:25.309   679   722 I SchedulingPolicyService: Moving 600 back to group default
05-28 10:50:25.309   679   679 D SystemServerTiming: StartEntropyMixer
05-28 10:50:25.309   679   679 I EntropyMixer: Loaded existing seed file
05-28 10:50:25.311   679   679 I EntropyMixer: Updated seed file
05-28 10:50:25.311   679   679 D SystemServerTiming: StartAccountManagerService
05-28 10:50:25.311   679   679 I SystemServiceManager: Starting com.android.server.accounts.AccountManagerService$Lifecycle
05-28 10:50:25.312   567   622 W HWUI    : Image decoding logging dropped!
05-28 10:50:25.313   679   679 D SystemServerTiming: StartContentService
05-28 10:50:25.313   679   679 I SystemServiceManager: Starting com.android.server.content.ContentService$Lifecycle
05-28 10:50:25.313   679   679 D SystemServerTiming: InstallSystemProviders
05-28 10:50:25.314   679   679 V Configuration: Updating configuration, locales updated from [] to [en_US]
05-28 10:50:25.315   679   679 I system_server: AssetManager2(0xb400007d8bc80e38) locale list changing from [] to [en-US]
05-28 10:50:25.316   679   773 W PackageManager: Skipping preparing app data for com.google.android.tzdata6
05-28 10:50:25.316   679   773 W PackageManager: Skipping preparing app data for com.google.android.ondevicepersonalization
05-28 10:50:25.316   679   773 W PackageManager: Skipping preparing app data for com.android.hardware.authsecret
05-28 10:50:25.316   679   773 W PackageManager: Skipping preparing app data for com.android.hardware.power
05-28 10:50:25.316   679   773 W PackageManager: Skipping preparing app data for com.google.android.media.swcodec
05-28 10:50:25.316   679   773 W PackageManager: Skipping preparing app data for com.google.android.os.statsd
05-28 10:50:25.316   679   773 W PackageManager: Skipping preparing app data for com.google.android.widevine.nonupdatable
05-28 10:50:25.316   679   773 W PackageManager: Skipping preparing app data for com.android.hardware.threadnetwork
05-28 10:50:25.317   679   773 W PackageManager: Skipping preparing app data for com.google.android.extservices
05-28 10:50:25.317   679   773 W PackageManager: Skipping preparing app data for com.android.hardware.rebootescrow
05-28 10:50:25.317   679   773 W PackageManager: Skipping preparing app data for com.google.android.sdksandbox
05-28 10:50:25.317   679   773 W PackageManager: Skipping preparing app data for com.google.android.bt
05-28 10:50:25.317   679   773 W PackageManager: Skipping preparing app data for com.google.android.healthfitness
05-28 10:50:25.317   679   773 W PackageManager: Skipping preparing app data for com.google.android.ipsec
05-28 10:50:25.317   679   773 W PackageManager: Skipping preparing app data for com.google.android.media
05-28 10:50:25.317   679   773 W PackageManager: Skipping preparing app data for com.google.android.uprobestats
05-28 10:50:25.317   679   773 W PackageManager: Skipping preparing app data for com.android.i18n
05-28 10:50:25.317   679   773 W PackageManager: Skipping preparing app data for com.android.virt
05-28 10:50:25.317   679   773 W PackageManager: Skipping preparing app data for com.android.hardware.contexthub
05-28 10:50:25.317   679   773 W PackageManager: Skipping preparing app data for com.google.android.nfcservices
05-28 10:50:25.317   679   773 W PackageManager: Skipping preparing app data for com.android.hardware.dumpstate
05-28 10:50:25.317   679   773 W PackageManager: Skipping preparing app data for com.google.android.appsearch
05-28 10:50:25.317   679   773 W PackageManager: Skipping preparing app data for com.google.android.configinfrastructure
05-28 10:50:25.317   679   773 W PackageManager: Skipping preparing app data for com.android.devicelock
05-28 10:50:25.317   679   773 W PackageManager: Skipping preparing app data for com.google.android.cellbroadcast
05-28 10:50:25.317   679   773 W PackageManager: Skipping preparing app data for com.android.apex.cts.shim
05-28 10:50:25.317   679   773 W PackageManager: Skipping preparing app data for com.android.hardware.gatekeeper
05-28 10:50:25.317   679   773 W PackageManager: Skipping preparing app data for com.google.android.resolv
05-28 10:50:25.317   679   773 W PackageManager: Skipping preparing app data for com.google.android.sdkext
05-28 10:50:25.317   679   773 W PackageManager: Skipping preparing app data for com.google.android.art
05-28 10:50:25.317   679   773 W PackageManager: Skipping preparing app data for com.google.android.uwb
05-28 10:50:25.317   679   773 W PackageManager: Skipping preparing app data for com.google.android.runtime
05-28 10:50:25.317   679   773 W PackageManager: Skipping preparing app data for com.android.hardware.cas
05-28 10:50:25.317   679   773 W PackageManager: Skipping preparing app data for com.android.hardware.uwb
05-28 10:50:25.317   679   773 W PackageManager: Skipping preparing app data for com.google.android.adservices
05-28 10:50:25.317   679   773 W PackageManager: Skipping preparing app data for com.google.android.crashrecovery
05-28 10:50:25.317   679   773 W PackageManager: Skipping preparing app data for com.google.android.scheduling
05-28 10:50:25.317   679   773 W PackageManager: Skipping preparing app data for com.android.hardware.thermal
05-28 10:50:25.317   679   773 W PackageManager: Skipping preparing app data for com.google.android.mediaprovider
05-28 10:50:25.317   679   773 W PackageManager: Skipping preparing app data for com.android.hardware.neuralnetworks
05-28 10:50:25.317   679   773 W PackageManager: Skipping preparing app data for com.google.android.permission
05-28 10:50:25.317   679   773 W PackageManager: Skipping preparing app data for com.google.android.profiling
05-28 10:50:25.317   679   773 W PackageManager: Skipping preparing app data for com.google.android.neuralnetworks
05-28 10:50:25.317   679   773 W PackageManager: Skipping preparing app data for com.google.android.tethering
05-28 10:50:25.317   679   773 W PackageManager: Skipping preparing app data for com.google.android.adbd
05-28 10:50:25.317   679   773 W PackageManager: Skipping preparing app data for com.google.android.rkpd
05-28 10:50:25.317   679   773 W PackageManager: Skipping preparing app data for com.google.android.wifi
05-28 10:50:25.317   679   773 W PackageManager: Skipping preparing app data for com.google.android.conscrypt
05-28 10:50:25.317   679   773 W PackageManager: Skipping preparing app data for com.android.hardware.vibrator
05-28 10:50:25.317   679   679 D nativeloader: Configuring clns-shared-19 for other apk /system/priv-app/SettingsProvider/SettingsProvider.apk. target_sdk_version=36, uses_libraries=, library_path=/system/priv-app/SettingsProvider/lib/arm64:/system/priv-app/SettingsProvider/SettingsProvider.apk!/lib/arm64-v8a:/system/lib64:/system_ext/lib64, permitted_path=/data:/mnt/expand:/data/user_de/0/com.android.providers.settings:/system/priv-app/SettingsProvider:/system/lib64:/system_ext/lib64
05-28 10:50:25.329   567   622 W HWUI    : Image decoding logging dropped!
05-28 10:50:25.333   593   608 W cutils  : Expected path /data/user_de/0/com.google.android.gms with mode 700 but found 711
05-28 10:50:25.345   679   773 I PackageManager: Deferred reconcileAppsData finished 273 packages
05-28 10:50:25.346   567   622 W HWUI    : Image decoding logging dropped!
05-28 10:50:25.363   567   622 W HWUI    : Image decoding logging dropped!
05-28 10:50:25.365   679   679 E SettingsState: invalid override flag name device_personalization_services/Captions__ec_vocal_burst_v2_thresholds
05-28 10:50:25.365   679   679 E SettingsState: invalid override flag name adservices/fledge_custom_audience_max_ads_size_b
05-28 10:50:25.365   679   679 E SettingsState: invalid override flag name privacy/max_safety_labels_persisted_per_app
05-28 10:50:25.365   679   679 E SettingsState: invalid override flag name adservices/enable_tablet_region_fix
05-28 10:50:25.365   679   679 E SettingsState: invalid override flag name device_personalization_services/NowPlaying__ambient_music_get_model_state_cooldown_seconds_cloud_search
05-28 10:50:25.365   679   679 E SettingsState: invalid override flag name device_personalization_services/Captions__enable_ec_v2_integration
05-28 10:50:25.365   679   679 E SettingsState: invalid override flag name adservices/topics_disable_direct_app_calls
05-28 10:50:25.365   679   679 E SettingsState: invalid override flag name adservices/app_name_api_error_cobalt_logging_enabled
05-28 10:50:25.365   679   679 E SettingsState: invalid override flag name adservices/fledge_background_fetch_enabled
05-28 10:50:25.365   679   679 E SettingsState: invalid override flag name telephony/is_telephony_anomaly_report_enabled
05-28 10:50:25.365   679   679 E SettingsState: invalid override flag name device_personalization_services/EchoSmartspace__enable_weather_removal_as_secondary_card_home
05-28 10:50:25.365   679   679 E SettingsState: invalid override flag name device_personalization_services/NowPlaying__create_shortcut_on_np_enabled
05-28 10:50:25.365   679   679 E SettingsState: invalid override flag name runtime_native/use_app_image_startup_cache
05-28 10:50:25.365   679   679 E SettingsState: invalid override flag name adservices/ui_toggle_speed_bump_enabled
05-28 10:50:25.365   679   679 E SettingsState: invalid override flag name device_personalization_services/MessageArmour__warning_delay_ms
05-28 10:50:25.365   679   679 E SettingsState: invalid override flag name storage_native_boot/target_dirty_ratio
05-28 10:50:25.365   679   679 E SettingsState: invalid override flag name health_fitness/RateLimiter__max_data_push_limit_across_apps_15m_background
05-28 10:50:25.365   679   679 E SettingsState: invalid override flag name window_manager/SinglePointerPanning__enable_single_pointer_panning
05-28 10:50:25.365   679   679 E SettingsState: invalid override flag name tethering/mdns_type_allowlist_flags
05-28 10:50:25.365   679   679 E SettingsState: invalid override flag name privacy/safety_center_override_refresh_on_page_open_sources
05-28 10:50:25.365   679   679 E SettingsState: invalid override flag name adservices/enrollment_blocklist_ids
05-28 10:50:25.365   679   679 E SettingsState: invalid override flag name adservices/measurement_registration_input_event_valid_window_ms
05-28 10:50:25.365   679   679 E SettingsState: invalid override flag name aicore/AicSafety__use_flexible_safety_baymax_classifier
05-28 10:50:25.365   679   679 E SettingsState: invalid override flag name adservices/fledge_ad_counter_histogram_absolute_max_per_buyer_event_count
05-28 10:50:25.365   679   679 E SettingsState: invalid override flag name settings_stats/GlobalFeature__boolean_whitelist
05-28 10:50:25.365   679   679 E SettingsState: invalid override flag name aicore/AicSafety__use_flexible_safety_smart_reply_classifier
05-28 10:50:25.365   679   679 E SettingsState: invalid override flag name configuration/beta_launch
05-28 10:50:25.365   679   679 E SettingsState: invalid override flag name configuration/flag_five
05-28 10:50:25.365   679   679 E SettingsState: invalid override flag name configuration/flag_four
05-28 10:50:25.365   679   679 E SettingsState: invalid override flag name on_device_personalization/isolated_service_deadline_seconds
05-28 10:50:25.365   679   679 E SettingsState: invalid override flag name device_personalization_services/Superpacks__require_charging_by_default
05-28 10:50:25.365   679   679 E SettingsState: invalid override flag name device_personalization_services/SmartNotification__no_cooldown_when_charging
05-28 10:50:25.365   679   679 E SettingsState: invalid override flag name device_policy_manager/enable_coexistence
05-28 10:50:25.365   679   679 E SettingsState: invalid override flag name adservices/fledge_auction_server_enable_debug_reporting
05-28 10:50:25.365   679   679 E SettingsState: invalid override flag name adservices/key_fledge_custom_audience_max_bidding_logic_uri_size_b
05-28 10:50:25.365   679   679 E SettingsState: invalid override flag name exo/enable_keyboard_switch
05-28 10:50:25.365   679   679 E SettingsState: invalid override flag name adservices/fledge_background_fetch_eligible_update_base_interval_s
05-28 10:50:25.365   679   679 E SettingsState: invalid override flag name adservices/measurement_reporting_job_service_enabled
05-28 10:50:25.365   679   679 E SettingsState: invalid override flag name latency_tracker/action_show_voice_interaction_trace_threshold
05-28 10:50:25.365   679   679 E SettingsState: invalid override flag name odad/phl_threshold_score
05-28 10:50:25.365   679   679 E SettingsState: invalid override flag name adservices/measurement_enable_ara_deduplication_alignment_v1
05-28 10:50:25.365   679   679 E SettingsState: invalid override flag name device_personalization_services/NotificationAssistant__max_importance_variance
05-28 10:50:25.365   679   679 E SettingsState: invalid override flag name privacy/safety_center_background_refresh_is_enabled
05-28 10:50:25.365   679   679 E SettingsState: invalid override flag name textclassifier/generate_links_max_text_length
05-28 10:50:25.365   679   679 E SettingsState: invalid override flag name adservices/fledge_frequency_cap_filtering_metrics_enabled
05-28 10:50:25.365   679   679 E SettingsState: invalid override flag name adservices/fledge_ad_selection_from_outcomes_overall_timeout_ms
05-28 10:50:25.365   679   679 E SettingsState: invalid override flag name odad/phl_text_box_scores
05-28 10:50:25.365   679   679 E SettingsState: invalid override flag name aicore/AicSafety__use_qta_question_only
05-28 10:50:25.365   679   679 E SettingsState: invalid override flag name adservices/fledge_data_version_header_enabled
05-28 10:50:25.365   679   679 E SettingsState: invalid override flag name aicore/AicSafety__pixel_ai_long_text_segmenter_window_size
05-28 10:50:25.365   679   679 E SettingsState: invalid override flag name configuration/rescue_party_throttle_duration_min
05-28 10:50:25.365   679   679 E SettingsState: invalid override flag name on_device_personalization/transient_error_retry_delay_secs
05-28 10:50:25.365   679   679 E SettingsState: invalid override flag name device_personalization_services/Captions__ec_supported_languages
05-28 10:50:25.365   679   679 E SettingsState: invalid override flag name device_personalization_services/Echo__include_event_reservation_in_smartspace_upcoming_setting
05-28 10:50:25.365   679   679 E SettingsState: invalid override flag name device_personalization_services/EchoSmartspace__always_send_weather_to_home_screen
05-28 10:50:25.365   679   679 E SettingsState: invalid override flag name adservices/measurement_register_source_request_permits_per_second
05-28 10:50:25.365   679   679 E SettingsState: invalid override flag name adservices/fledge_fetch_custom_audience_max_retry_after_value_ms
05-28 10:50:25.365   679   679 E SettingsState: invalid override flag name adservices/ui_dialogs_feature_enabled
05-28 10:50:25.365   679   679 E SettingsState: invalid override flag name device_personalization_services/EchoSmartspace__enable_weather_removal_as_secondary_card_lockscreen
05-28 10:50:25.365   679   679 E SettingsState: invalid override flag name bluetooth/INIT_gd_hal_snoop_logger_filtering
05-28 10:50:25.365   679   679 E SettingsState: invalid override flag name storage_native_boot/take_over_get_content
05-28 10:50:25.365   679   679 E SettingsState: invalid override flag name adservices/measurement_receiver_delete_packages_kill_switch
05-28 10:50:25.365   679   679 E SettingsState: invalid override flag name activity_manager/bg_prompt_fgs_on_long_running
05-28 10:50:25.365   679   679 E SettingsState: invalid override flag name media/player_metrics_per_app_user_media_activity_blocklist
05-28 10:50:25.365   679   679 E SettingsState: invalid override flag name device_personalization_services/Pecan__disable_launcher_state_listener
05-28 10:50:25.365   679   679 E SettingsState: invalid override flag name health_fitness/execution_time_buffer_minutes
05-28 10:50:25.365   679   679 E SettingsState: invalid override flag name device_personalization_services/SmartNotification__run_high_priority_thread
05-28 10:50:25.365   679   679 E SettingsState: invalid override flag name adservices/measurement_register_sources_request_permits_per_second
05-28 10:50:25.365   679   679 E SettingsState: invalid override flag name device_personalization_services/WalletSuggestions__enable_wallet_suggestions
05-28 10:50:25.365   679   679 E SettingsState: invalid override flag name device_personalization_services/SmartNotification__supported_notification_categories
05-28 10:50:25.365   679   679 E SettingsState: invalid override flag name launcher/INJECT_FALLBACK_APP_CORPUS_RESULTS
05-28 10:50:25.365   679   679 E SettingsState: invalid override flag name adservices/consent_already_interacted_fix_enable
05-28 10:50:25.365   679   679 E SettingsState: invalid override flag name device_personalization_services/PcsAttestationMeasurement__schedule_attestation_job
05-28 10:50:25.365   679   679 E SettingsState: invalid override flag name adservices/classifier_type
05-28 10:50:25.365   679   679 E SettingsState: invalid override flag name adservices/fledge_auction_server_kill_switch
05-28 10:50:25.365   679   679 E SettingsState: invalid override flag name device_personalization_services/SmartRecPixelSearch__enable_search_on_photos
05-28 10:50:25.365   679   679 E SettingsState: invalid override flag name privacy/data_sharing_update_period_millis
05-28 10:50:25.365   679   679 E SettingsState: invalid override flag name device_personalization_services/EchoSmartspace__enable_finance_recap_ambient_data
05-28 10:50:25.365   679   679 E SettingsState: invalid override flag name netd_native/parallel_lookup
05-28 10:50:25.365   679   679 E SettingsState: invalid override flag name adservices/pas_ux_enabled
05-28 10:50:25.365   679   679 E SettingsState: invalid override flag name health_fitness/RateLimiter__max_write_chunk_size
05-28 10:50:25.365   679   679 E SettingsState: invalid override flag name adservices/Fledge__enable_prod_debug_in_auction_server
05-28 10:50:25.365   679   679 E SettingsState: invalid override flag name device_personalization_services/PcsAttestationMeasurement__delay_seconds_from_hour
05-28 10:50:25.365   679   679 E SettingsState: invalid override flag name adservices/is_eea_device
05-28 10:50:25.365   679   679 E SettingsState: invalid override flag name adservices/measurement_enable_source_debug_report
05-28 10:50:25.365   679   679 E SettingsState: invalid override flag name device_personalization_services/Captions__enable_multilang
05-28 10:50:25.365   679   679 E SettingsState: invalid override flag name adservices/measurement_async_registration_job_trigger_min_delay_ms
05-28 10:50:25.365   679   679 E SettingsState: invalid override flag name device_personalization_services/TrainerFeature__http_federated_compute_protocol_allowlist
05-28 10:50:25.365   679   679 E SettingsState: invalid override flag name wifi/bug_report_min_window_ms
05-28 10:50:25.365   679   679 E SettingsState: invalid override flag name systemui/use_back_gesture_ml_model
05-28 10:50:25.365   679   679 E SettingsState: invalid override flag name adservices/fledge_kanon_register_client_parameters_url
05-28 10:50:25.365   679   679 E SettingsState: invalid override flag name adservices/fledge_auction_server_background_key_fetch_job_flex_ms
05-28 10:50:25.365   679   679 E SettingsState: invalid override flag name adservices/fledge_kanon_get_tokens_url
05-28 10:50:25.365   679   679 E SettingsState: invalid override flag name device_personalization_services/SmartNotification__screen_on_summary_delay_millis
05-28 10:50:25.365   679   679 E SettingsState: invalid override flag name activity_manager/push_messaging_over_quota_behavior
05-28 10:50:25.365   679   679 E SettingsState: invalid override flag name adservices/kanon_fetch_parameters_url
05-28 10:50:25.365   679   679 E SettingsState: invalid override flag name device_personalization_services/SmartNotification__default_bundle_to_promo_threshold
05-28 10:50:25.365   679   679 E SettingsState: invalid override flag name aicore/AicSafety__get_feature_status_future_check_enabled
05-28 10:50:25.365   679   679 E SettingsState: invalid override flag name autofill/smart_suggestion_supported_modes
05-28 10:50:25.365   679   679 E SettingsState: invalid override flag name on_device_personalization/global_kill_switch
05-28 10:50:25.365   679   679 E SettingsState: invalid override flag name odad/reputation_classifier_killswitch
05-28 10:50:25.365   679   679 E SettingsState: invalid override flag name adservices/measurement_debug_reporting_fallback_job_required_network_type
05-28 10:50:25.365   679   679 E SettingsState: invalid override flag name device_personalization_services/Autofill__check_aicore_persistent_mode
05-28 10:50:25.365   679   679 E SettingsState: invalid override flag name adservices/enable_u18_appsearch_migration
05-28 10:50:25.365   679   679 E SettingsState: invalid override flag name device_personalization_services/VisualCortex__enable_fast_view_hierarchy_parse
05-28 10:50:25.365   679   679 E SettingsState: invalid override flag name device_personalization_services/VisualCortex__fedex_log_enabled
05-28 10:50:25.365   679   679 E SettingsState: invalid override flag name adservices/ppapi_app_signature_allow_list
05-28 10:50:25.365   679   679 E SettingsState: invalid override flag name odad/op_enabled_phl_entity_ids
05-28 10:50:25.365   679   679 E SettingsState: invalid override flag name latency_tracker/enabled
05-28 10:50:25.365   679   679 E SettingsState: invalid override flag name device_personalization_services/NowPlaying__ambient_music_use_yt_domain_fife_urls
05-28 10:50:25.365   679   679 E SettingsState: invalid override flag name wifi/health_monitor_rssi_poll_valid_time_ms
05-28 10:50:25.365   679   679 E SettingsState: invalid override flag name wifi/assoc_rejection_count_min
05-28 10:50:25.365   679   679 E SettingsState: invalid override flag name adservices/measurement_enable_ara_parsing_alignment_v1
05-28 10:50:25.365   679   679 E SettingsState: invalid override flag name aicore/AicSafety__use_flexible_safety_summarization_classifier
05-28 10:50:25.365   679   679 E SettingsState: invalid override flag name odad/low_sms_risk_utf_score
05-28 10:50:25.365   679   679 E SettingsState: invalid override flag name adservices/fledge_event_level_debug_report_send_immediately
05-28 10:50:25.365   679   679 E SettingsState: invalid override flag name textclassifier/model_url_blocklist
05-28 10:50:25.365   679   679 E SettingsState: invalid override flag name device_personalization_services/MessageArmour__process_seen_messages_in_message_expiring_apps
05-28 10:50:25.365   679   679 E SettingsState: invalid override flag name adservices/measurement_aggregate_fallback_reporting_job_required_network_type
05-28 10:50:25.365   679   679 E SettingsState: invalid override flag name content_capture/service_explicitly_enabled
05-28 10:50:25.365   679   679 E SettingsState: invalid override flag name adservices/ui_eea_countries
05-28 10:50:25.365   679   679 E SettingsState: invalid override flag name telephony/anomaly_network_connecting_timeout
05-28 10:50:25.365   679   679 E SettingsState: invalid override flag name media/player_metrics_per_app_attribution_allowlist
05-28 10:50:25.365   679   679 E SettingsState: invalid override flag name device_personalization_services/SpeechPack__use_mdd_download_system
05-28 10:50:25.365   679   679 E SettingsState: invalid override flag name adservices/fledge_auction_server_auction_key_sharding
05-28 10:50:25.365   679   679 E SettingsState: invalid override flag name aicore/AicModels__early_download_feature_id
05-28 10:50:25.365   679   679 E SettingsState: invalid override flag name aicore/AicDataRelease__build_labels
05-28 10:50:25.365   679   679 E SettingsState: invalid override flag name aicore/AicSafety__config
05-28 10:50:25.365   679   679 E SettingsState: invalid override flag name adservices/measurement_debug_reporting_job_required_network_type
05-28 10:50:25.365   679   679 E SettingsState: invalid override flag name odad/safety_center_warnings_use_cert_bf_enabled
05-28 10:50:25.365   679   679 E SettingsState: invalid override flag name wifi/health_monitor_min_rssi_thr_dbm
05-28 10:50:25.365   679   679 E SettingsState: invalid override flag name autofill/package_and_activity_allowlist_for_triggering_fill_request
05-28 10:50:25.365   679   679 E SettingsState: invalid override flag name adservices/key_fledge_custom_audience_max_daily_update_uri_size_b
05-28 10:50:25.365   679   679 E SettingsState: invalid override flag name aicore/AicDataRelease__build_id_6109265619551471570
05-28 10:50:25.365   679   679 E SettingsState: invalid override flag name exo/copy_paste_data_size_limit_bytes
05-28 10:50:25.365   679   679 E SettingsState: invalid override flag name odad/cp_default_executor
05-28 10:50:25.365   679   679 E SettingsState: invalid override flag name aicore/AicSafety__hades_experiments_test
05-28 10:50:25.365   679   679 E SettingsState: invalid override flag name device_personalization_services/Captions__support_backup_and_restore
05-28 10:50:25.365   679   679 E SettingsState: invalid override flag name adservices/fledge_fetch_custom_audience_max_user_bidding_signals_size_b
05-28 10:50:25.365   679   679 E SettingsState: invalid override flag name device_personalization_services/Captions__supported_languages
05-28 10:50:25.365   679   679 E SettingsState: invalid override flag name adservices/measurement_flex_api_max_information_gain_event
05-28 10:50:25.365   679   679 E SettingsState: invalid override flag name systemui/back_gesture_ml_model_threshold
05-28 10:50:25.365   679   679 E SettingsState: invalid override flag name telephony/anomaly_setup_data_call_failure
05-28 10:50:25.365   679   679 E SettingsState: invalid override flag name adservices/app_config_returns_enabled_by_detault
05-28 10:50:25.365   679   679 E SettingsState: invalid override flag name aicore/AicQuota__quota
05-28 10:50:25.365   679   679 E SettingsState: invalid override flag name device_personalization_services/Captions__new_model_version
05-28 10:50:25.365   679   679 E SettingsState: invalid override flag name adservices/measurement_flex_api_max_information_gain_navigation
05-28 10:50:25.365   679   679 E SettingsState: invalid override flag name adservices/measurement_aggregation_coordination_origin_enabled
05-28 10:50:25.365   679   679 E SettingsState: invalid override flag name adservices/fledge_custom_audience_max_user_bidding_signals_size_b
05-28 10:50:25.365   679   679 E SettingsState: invalid override flag name device_personalization_services/Captions__visibility_stopped_duration_millis
05-28 10:50:25.365   679   679 E SettingsState: invalid override flag name wifi/assoc_timeout_count_min
05-28 10:50:25.365   679   679 E SettingsState: invalid override flag name odad/phl_entities
05-28 10:50:25.365   679   679 E SettingsState: invalid override flag name device_personalization_services/Captions__enable_westworld_logging
05-28 10:50:25.365   679   679 E SettingsState: invalid override flag name telephony/anomaly_qns_change_network
05-28 10:50:25.365   679   679 E SettingsState: invalid override flag name aicore/AicSafety__pixel_ai_long_text_segmenter_period
05-28 10:50:25.365   679   679 E SettingsState: invalid override flag name adservices/protected_signals_periodic_encoding_enabled
05-28 10:50:25.365   679   679 E SettingsState: invalid override flag name device_personalization_services/Brella__enable_lightweight_client_support
05-28 10:50:25.365   679   679 E SettingsState: invalid override flag name adservices/fledge_fetch_custom_audience_min_retry_after_value_ms
05-28 10:50:25.365   679   679 E SettingsState: invalid override flag name device_personalization_services/HearingHealth__enable_loud_sound_alerts
05-28 10:50:25.365   679   679 E SettingsState: invalid override flag name adservices/enable_test_param
05-28 10:50:25.365   679   679 E SettingsState: invalid override flag name interaction_jank_monitor/trace_threshold_missed_frames
05-28 10:50:25.365   679   679 E SettingsState: invalid override flag name device_personalization_services/NowPlaying__ambient_music_enable_resource_download_logging
05-28 10:50:25.365   679   679 E SettingsState: invalid override flag name privacy/safety_center_refresh_fgs_allowlist_duration_millis
05-28 10:50:25.365   679   679 E SettingsState: invalid override flag name aicore/AicSafety__messages_long_text_segmenter_period
05-28 10:50:25.365   679   679 E SettingsState: invalid override flag name adservices/measurement_event_reporting_job_required_network_type
05-28 10:50:25.365   679   679 E SettingsState: invalid override flag name adservices/topics_encryption_metrics_enabled
05-28 10:50:25.365   679   679 E SettingsState: invalid override flag name aicore/AicModels__protected_download_v1_enabled
05-28 10:50:25.365   679   679 E SettingsState: invalid override flag name adservices/fledge_report_impression_registered_ad_beacons_max_interaction_key_size_b
05-28 10:50:25.365   679   679 E SettingsState: invalid override flag name adservices/fledge_custom_audience_max_trusted_bidding_data_size_b
05-28 10:50:25.365   679   679 E SettingsState: invalid override flag name media/player_metrics_per_app_use_time_blocklist
05-28 10:50:25.365   679   679 E SettingsState: invalid override flag name adservices/fledge_report_interaction_request_permits_per_second
05-28 10:50:25.365   679   679 E SettingsState: invalid override flag name odad/op_classifier_enabled
05-28 10:50:25.365   679   679 E SettingsState: invalid override flag name location/ignore_settings_allowlist
05-28 10:50:25.365   679   679 E SettingsState: invalid override flag name device_personalization_services/SmartNotification__min_word_count_for_private_summary
05-28 10:50:25.365   679   679 E SettingsState: invalid override flag name connectivity_thermal_power_manager/criteria_4_lte_pref_mode
05-28 10:50:25.365   679   679 E SettingsState: invalid override flag name adservices/fledge_auction_server_ad_id_fetcher_timeout_ms
05-28 10:50:25.365   679   679 E SettingsState: invalid override flag name adservices/fledge_data_version_header_metrics_enabled
05-28 10:50:25.365   679   679 E SettingsState: invalid override flag name on_device_personalization/fcp_background_job_logging_sampling_rate
05-28 10:50:25.365   679   679 E SettingsState: invalid override flag name adservices/topics_kill_switch
05-28 10:50:25.365   679   679 E SettingsState: invalid override flag name health_fitness/enable_complete_state_change_jobs
05-28 10:50:25.365   679   679 E SettingsState: invalid override flag name privacy/SafetyCenter__safety_center_flag_version
05-28 10:50:25.365   679   679 E SettingsState: invalid override flag name aicore/AicOnDeviceIntelligence__should_forward_non_isolated_methods
05-28 10:50:25.365   679   679 E SettingsState: invalid override flag name storage_native_boot/smart_idle_maint_enabled
05-28 10:50:25.365   679   679 E SettingsState: invalid override flag name device_personalization_services/SmartNotification__enable_odi_manager
05-28 10:50:25.365   679   679 E SettingsState: invalid override flag name aicore/AicOnDeviceIntelligence__on_device_intelligence_cache_retention_seconds
05-28 10:50:25.365   679   679 E SettingsState: invalid override flag name exo/is_exo_eng
05-28 10:50:25.365   679   679 E SettingsState: invalid override flag name device_personalization_services/SmartNotification__app_category_to_default_bundle
05-28 10:50:25.365   679   679 E SettingsState: invalid override flag name wifi/dry_run_scorer_pkg_name
05-28 10:50:25.365   679   679 E SettingsState: invalid override flag name netd_native/dot_query_timeout_ms
05-28 10:50:25.365   679   679 E SettingsState: invalid override flag name device_personalization_services/NowPlaying__ambient_music_use_enhanced_matches_database
05-28 10:50:25.365   679   679 E SettingsState: invalid override flag name health_fitness/RateLimiter__max_write_requests_per_15m_background
05-28 10:50:25.365   679   679 E SettingsState: invalid override flag name on_device_personalization/min_scheduling_interval_secs_for_federated_computation
05-28 10:50:25.365   679   679 E SettingsState: invalid override flag name aicore/AicOnDeviceIntelligence__should_use_blocking_executor_mitigation
05-28 10:50:25.365   679   679 E SettingsState: invalid override flag name device_personalization_services/EchoSmartspace__enable_sports_score_background_container
05-28 10:50:25.365   679   679 E SettingsState: invalid override flag name adservices/enable_database_schema_version_5
05-28 10:50:25.365   679   679 E SettingsState: invalid override flag name adservices/enable_database_schema_version_7
05-28 10:50:25.365   679   679 E SettingsState: invalid override flag name adservices/enable_database_schema_version_8
05-28 10:50:25.365   679   679 E SettingsState: invalid override flag name adservices/enable_database_schema_version_9
05-28 10:50:25.365   679   679 E SettingsState: invalid override flag name aicore/AicSafety__messages_long_text_segmenter_window_size
05-28 10:50:25.365   679   679 E SettingsState: invalid override flag name runtime_native_boot/iorap_readahead_enable
05-28 10:50:25.365   679   679 E SettingsState: invalid override flag name wifi/connection_failure_disconnection_count_min
05-28 10:50:25.365   679   679 E SettingsState: invalid override flag name aicore/AicSafety__mdd_client_list
05-28 10:50:25.365   679   679 E SettingsState: invalid override flag name odad/home_page_enabled
05-28 10:50:25.365   679   679 E SettingsState: invalid override flag name on_device_personalization/fcp_enable_client_error_logging
05-28 10:50:25.365   679   679 E SettingsState: invalid override flag name odad/moirai_sw_master_feature
05-28 10:50:25.365   679   679 E SettingsState: invalid override flag name odad/heuristic_classifier_killswitch
05-28 10:50:25.365   679   679 E SettingsState: invalid override flag name location/adas_settings_allowlist
05-28 10:50:25.365   679   679 E SettingsState: invalid override flag name autofill/compat_mode_allowed_packages
05-28 10:50:25.365   679   679 E SettingsState: invalid override flag name device_personalization_services/Captions__available_for_download
05-28 10:50:25.365   679   679 E SettingsState: invalid override flag name on_device_personalization/example_store_service_timeout_sec
05-28 10:50:25.365   679   679 E SettingsState: invalid override flag name adservices/Measurement__enable_adids_per_device_per_window
05-28 10:50:25.365   679   679 E SettingsState: invalid override flag name odad/op_remove_phl_dependency_odad_sms_seconds_enabled_v2
05-28 10:50:25.365   679   679 E SettingsState: invalid override flag name adservices/mdd_android_sharing_sample_interval
05-28 10:50:25.365   679   679 E SettingsState: invalid override flag name exo/log_exo_metrics
05-28 10:50:25.365   679   679 E SettingsState: invalid override flag name aicore/AicSafety__pixel_ai_long_text_segmenter_first_period_size
05-28 10:50:25.365   679   679 E SettingsState: invalid override flag name uwb/session_init_error_bugreport_enabled
05-28 10:50:25.365   679   679 E SettingsState: invalid override flag name adservices/fledge_ad_selection_overall_timeout_ms
05-28 10:50:25.365   679   679 E SettingsState: invalid override flag name latency_tracker/sampling_interval
05-28 10:50:25.365   679   679 E SettingsState: invalid override flag name device_personalization_services/EchoSmartspace__enable_weather_data_extras
05-28 10:50:25.365   679   679 E SettingsState: invalid override flag name intelligence_bubbles/intelligence_bubbles_webref_superpacks_manifest_version
05-28 10:50:25.365   679   679 E SettingsState: invalid override flag name device_personalization_services/SpeechRecognitionService__multilang_session_rewind_enabled
05-28 10:50:25.365   679   679 E SettingsState: invalid override flag name adservices/topics_job_scheduler_reschedule_enabled
05-28 10:50:25.365   679   679 E SettingsState: invalid override flag name adservices/measurement_attribution_fallback_job_kill_switch
05-28 10:50:25.365   679   679 E SettingsState: invalid override flag name device_personalization_services/Captions__text_transform_augmented_input
05-28 10:50:25.365   679   679 E SettingsState: invalid override flag name adservices/measurement_aggregation_coordinator_path
05-28 10:50:25.365   679   679 E SettingsState: invalid override flag name odad/read_sms_seconds_v2
05-28 10:50:25.365   679   679 E SettingsState: invalid override flag name device_personalization_services/SmartNotification__enable_feedback_manager
05-28 10:50:25.365   679   679 E SettingsState: invalid override flag name aicore/AicCommon__schedule_shutdown_enabled
05-28 10:50:25.365   679   679 E SettingsState: invalid override flag name adservices/fledge_fetch_custom_audience_max_custom_audience_size_b
05-28 10:50:25.365   679   679 E SettingsState: invalid override flag name device_personalization_services/ProtectedDownload__enable_attestation
05-28 10:50:25.365   679   679 E SettingsState: invalid override flag name surface_flinger_native_boot/SkiaTracingFeature__use_skia_tracing
05-28 10:50:25.365   679   679 E SettingsState: invalid override flag name adservices/measurement_job_event_fallback_reporting_kill_switch
05-28 10:50:25.365   679   679 E SettingsState: invalid override flag name device_personalization_services/SmartNotification__min_word_count_for_summary
05-28 10:50:25.365   679   679 E SettingsState: invalid override flag name health_fitness/RateLimiter__max_read_requests_per_15m_background
05-28 10:50:25.365   679   679 E SettingsState: invalid override flag name adservices/mdd_cellular_charging_gcm_task_period_seconds
05-28 10:50:25.365   679   679 E SettingsState: invalid override flag name device_personalization_services/EchoSmartspace__loud_sound_threshold_db_array
05-28 10:50:25.365   679   679 E SettingsState: invalid override flag name exo/enable_input_event_channel
05-28 10:50:25.365   679   679 E SettingsState: invalid override flag name adservices/measurement_max_event_attribution_per_rate_limit_window
05-28 10:50:25.365   679   679 E SettingsState: invalid override flag name privacy/safety_center_is_enabled
05-28 10:50:25.365   679   679 E SettingsState: invalid override flag name device_personalization_services/NowPlaying__dsp_model_checksum_enabled
05-28 10:50:25.365   679   679 E SettingsState: invalid override flag name device_personalization_services/MessageArmour__scam_score_threshold
05-28 10:50:25.365   679   679 E SettingsState: invalid override flag name adservices/PackageDeny__enable_package_deny_mdd
