--------- beginning of system
03-06 11:25:06.153   171   171 I vold    : Vold 3.0 (the awakening) firing up
03-06 11:25:06.153   171   171 D vold    : Detected support for: ext4 f2fs vfat
03-06 11:25:06.156   171   171 I vold    : [libfstab] Using Android DT directory /proc/device-tree/firmware/android/
03-06 11:25:06.157   171   171 D vold    : VoldNativeService::start() completed OK
03-06 11:25:06.214   171   171 D vold    : fscrypt_mount_metadata_encrypted: /data encrypt: 0 format: 0 with null block device: /dev/block/vdc with zoned 0
03-06 11:25:06.214   171   171 D vold    : metadata_key_dir/key: /metadata/vold/metadata_encryption/key
03-06 11:25:06.214   171   171 D vold    : Key exists, using: /metadata/vold/metadata_encryption/key
03-06 11:25:06.246   181   181 I keystore2: system/security/keystore2/src/keystore2_main.rs:61 - Keystore2 is starting.
03-06 11:25:06.246   181   181 I keystore2: system/security/keystore2/src/keystore2_main.rs:67 - Setting up sqlite logging for keystore2
03-06 11:25:06.249   181   181 I keystore2: system/security/keystore2/src/keystore2_main.rs:99 - Starting thread pool now.
03-06 11:25:06.250   181   181 I keystore2: system/security/keystore2/src/globals.rs:263 - KeyMint device is current version (Some(300)) for security level: r#TRUSTED_ENVIRONMENT
03-06 11:25:06.251   181   189 I keystore2: system/security/keystore2/src/shared_secret_negotiation.rs:48 - Shared secret negotiation concluded successfully.
03-06 11:25:06.252   181   189 I keystore2: system/security/keystore2/src/shared_secret_negotiation.rs:290 - No StrongBox Keymint available, so no RoT transfer
03-06 11:25:06.253   181   181 I keystore2: system/security/keystore2/src/keystore2_main.rs:154 - Successfully registered Keystore 2.0 service.
03-06 11:25:06.253   181   181 I keystore2: system/security/keystore2/src/keystore2_main.rs:156 - Joining thread pool now.
03-06 11:25:06.256   171   171 D vold    : Mounting metadata-encrypted filesystem:/data
03-06 11:25:06.256   171   171 I vold    : AIDL IBootControl not available, falling back to HIDL.
03-06 11:25:06.257   171   171 E vold    : Error getting bootctrl v1.0 module.
03-06 11:25:06.257   171   171 I vold    : [libfs_mgr] superblock s_max_mnt_count:65535,/dev/block/mapper/userdata
03-06 11:25:06.257   171   171 I vold    : [libfs_mgr] Filesystem on /dev/block/mapper/userdata was not cleanly shutdown; state flags: 0x1, incompat feature flags: 0x30046
03-06 11:25:06.317   171   171 I vold    : [libfs_mgr] check_fs(): mount(/dev/block/mapper/userdata,/data,ext4)=0: Success
03-06 11:25:06.319   171   171 I vold    : [libfs_mgr] umount_retry(): unmount(/data) succeeded
03-06 11:25:06.319   171   171 I vold    : [libfs_mgr] Running /system/bin/e2fsck on /dev/block/dm-44
03-06 11:25:06.615   171   171 I vold    : [libfs_mgr] e2fsck returned status 0x100
03-06 11:25:06.615   171   171 I vold    : [libfs_mgr] superblock s_max_mnt_count:65535,/dev/block/mapper/userdata
03-06 11:25:06.615   171   171 W vold    : [libfs_mgr] Reserved blocks 32768 is too large; capping to 31457
03-06 11:25:06.617   171   171 I vold    : [libfs_mgr] __mount(source=/dev/block/mapper/userdata,target=/data,type=ext4)=0: Success
03-06 11:25:06.617   171   171 D vold    : Mounted /data
03-06 11:25:06.624   171   171 I Checkpoint: cp_prepareCheckpoint called
03-06 11:25:06.628   171   171 I vold    : fscrypt_initialize_systemwide_keys
03-06 11:25:06.628   171   171 D vold    : Key exists, using: /data/unencrypted/key
03-06 11:25:06.632   171   171 D vold    : Installed fscrypt key with ref 2feec60e9f05b322671702c0de1788e2 to /data
03-06 11:25:06.635   171   171 I vold    : Wrote system DE key reference to:/data/unencrypted/ref
03-06 11:25:06.635   171   171 D vold    : Generating standard storage key
03-06 11:25:06.635   171   171 D vold    : Installed fscrypt key with ref 1c4f296f7c49be5508a3708541bbb6d2 to /data
03-06 11:25:06.636   171   171 I vold    : Wrote per boot key reference to:/data/unencrypted/per_boot_ref
03-06 11:25:06.643   171   171 I incfs   : Initial API level of the device: 35
03-06 11:25:06.643   171   171 I incfs   : ro.incremental.enable: yes
03-06 11:25:06.643   171   171 I incfs   : isFsAvailable: true
03-06 11:25:06.643   171   171 I incfs   : isFsAvailable: true
03-06 11:25:06.643   171   171 I incfs   : IncFs_Features: v2
03-06 11:25:06.643   181   191 I keystore2: system/security/keystore2/src/maintenance.rs:347 - earlyBootEnded()
03-06 11:25:06.644   181   191 I keystore2: system/security/keystore2/src/maintenance.rs:217 - In early_boot_ended.
03-06 11:25:06.649   181   191 I keystore2: system/security/keystore2/src/globals.rs:70 - Touching Keystore 2.0 database for this first time since boot.
03-06 11:25:06.649   181   191 I keystore2: system/security/keystore2/src/globals.rs:71 - Calling cleanup leftovers.
03-06 11:25:06.650   181   191 I keystore2: system/security/keystore2/src/boot_level_keys.rs:57 - ro.keystore.boot_level_key.strategy not set, inferring from installed KM instances
03-06 11:25:06.650   181   191 I keystore2: system/security/keystore2/src/boot_level_keys.rs:115 - In get_level_zero_key: security_level=r#SOFTWARE, deny_later_strategy=EarlyBootOnly
03-06 11:25:06.652   181   191 I keystore2: system/security/keystore2/src/super_key.rs:302 - Starting boot level watcher.
03-06 11:25:06.652   181   209 I keystore2: system/security/keystore2/src/super_key.rs:334 - Read keystore.boot_level value 30
03-06 11:25:06.652   181   191 I keystore2: system/security/keystore2/src/maintenance.rs:198 - Call to earlyBootEnded succeeded for security level TRUSTED_ENVIRONMENT.
03-06 11:25:06.652   181   209 I keystore2: system/security/keystore2/src/super_key.rs:334 - Read keystore.boot_level value 30
03-06 11:25:06.653   181   191 E keystore2: system/security/keystore2/src/maintenance.rs:203 - Call to earlyBootEnded failed for security level STRONGBOX: system/security/keystore2/src/maintenance.rs:178: getting keymint device.
03-06 11:25:06.653   181   191 E keystore2: system/security/keystore2/src/error.rs:171 - system/security/keystore2/src/maintenance.rs:178: getting keymint device
03-06 11:25:06.653   181   191 E keystore2: 
03-06 11:25:06.653   181   191 E keystore2: Caused by:
03-06 11:25:06.653   181   191 E keystore2:     0: system/security/keystore2/src/globals.rs:342: Cannot connect to Keymint
03-06 11:25:06.653   181   191 E keystore2:     1: system/security/keystore2/src/globals.rs:249: Trying to get Legacy wrapper. Attempt to get keystore compat service for security level r#STRONGBOX
03-06 11:25:06.653   181   191 E keystore2:     2: Error::Km(r#HARDWARE_TYPE_UNAVAILABLE)
03-06 11:25:06.653   171   171 E vold    : keystore2 Keystore earlyBootEnded returned service specific error: -68
03-06 11:25:06.818   171   171 D vold    : fscrypt_init_user0
03-06 11:25:06.818   171   171 D vold    : Preparing: /data/misc/vold/user_keys
03-06 11:25:06.819   171   171 D vold    : Preparing: /data/misc/vold/user_keys/ce
03-06 11:25:06.819   171   171 D vold    : Preparing: /data/misc/vold/user_keys/de
03-06 11:25:06.821   171   171 D vold    : Installed fscrypt key with ref a8f65d87382636eff8eb7d2a7dcdeb02 to /data
03-06 11:25:06.821   171   171 D vold    : Installed de key for user 0
03-06 11:25:06.822   171   171 D vold    : Preparing: /data/data
03-06 11:25:06.822   171   171 D vold    : Preparing: /data/user/0
03-06 11:25:06.822   171   171 D vold    : Preparing: /data/media/obb
03-06 11:25:06.823   171   171 D vold    : fscrypt_prepare_user_storage for volume null, user 0, flags 1
03-06 11:25:06.823   171   171 D vold    : Preparing: /data/system/users/0
03-06 11:25:06.823   171   171 D vold    : Preparing: /data/misc/profiles/cur/0
03-06 11:25:06.823   171   171 D vold    : Preparing: /data/system_de/0
03-06 11:25:06.823   171   171 I vold    : Verified that /data/system_de/0 has the encryption policy a8f65d87382636eff8eb7d2a7dcdeb02 v2 modes 1/4 flags 0x2
03-06 11:25:06.824   171   171 D vold    : Preparing: /data/vendor_de/0
03-06 11:25:06.824   171   171 I vold    : Verified that /data/vendor_de/0 has the encryption policy a8f65d87382636eff8eb7d2a7dcdeb02 v2 modes 1/4 flags 0x2
03-06 11:25:06.824   171   171 D vold    : Preparing: /data/misc_de/0
03-06 11:25:06.824   171   171 I vold    : Verified that /data/misc_de/0 has the encryption policy a8f65d87382636eff8eb7d2a7dcdeb02 v2 modes 1/4 flags 0x2
03-06 11:25:06.825   171   171 D vold    : Preparing: /data/user_de/0
03-06 11:25:06.825   171   171 I vold    : Verified that /data/user_de/0 has the encryption policy a8f65d87382636eff8eb7d2a7dcdeb02 v2 modes 1/4 flags 0x2
03-06 11:25:06.825   171   171 D vold    : /system/bin/vold_prepare_subdirs
03-06 11:25:06.825   171   171 D vold    :     prepare
03-06 11:25:06.825   171   171 D vold    :     
03-06 11:25:06.825   171   171 D vold    :     0
03-06 11:25:06.825   171   171 D vold    :     1
03-06 11:25:06.875   338   338 I odsign  : Trying to retrieve existing HMAC key...
03-06 11:25:06.876   338   338 I odsign  : Trying to retrieve existing keystore key...
03-06 11:25:06.877   338   338 I odsign  : Verified public key signature.
03-06 11:25:06.877   338   338 I odsign  : Initialized Keystore key.
03-06 11:25:06.878   338   338 I odsign  : Found and verified existing public key certificate: /data/misc/odsign/key.cert
03-06 11:25:06.930   339   339 I odrefresh: ART APEX version 350820300
03-06 11:25:06.988   339   339 I odrefresh: Boot images on /system OK (arm64)
03-06 11:25:06.991   339   339 I odrefresh: system_server artifacts on /system OK
03-06 11:25:06.994   338   338 I odsign  : /data/misc/odsign/odsign.info.signature matches.
03-06 11:25:06.994   338   338 I odsign  : Loaded /data/misc/odsign/odsign.info
03-06 11:25:06.994   338   338 I odsign  : All root hashes match.
03-06 11:25:06.994   338   338 I odsign  : odrefresh said artifacts are VALID
03-06 11:25:06.994   338   338 I odsign  : On-device signing done.
03-06 11:25:06.994   338   338 I odsign  : Metrics report is empty
03-06 11:25:06.994   181   209 I keystore2: system/security/keystore2/src/super_key.rs:339 - keystore.boot_level 1000000000 hits maximum 1000000000, finishing.
03-06 11:25:07.258   375   375 I android.hardware.wifi-service: Wifi Hal is booting up...
03-06 11:25:07.265   375   375 I android.hardware.wifi-service: Joining RPC thread pool
03-06 11:25:07.307   404   404 I gsid    : no DSU: No such file or directory
03-06 11:25:07.383   423   423 I installd: installd firing up
03-06 11:25:07.395   429   429 I wificond: wificond is starting up...
03-06 11:25:07.398   429   429 I HidlServiceManagement: Registered android.system.wifi.keystore@1.0::IKeystore/default
03-06 11:25:07.644   518   539 D BootAnimation: BootAnimationShownTiming start time: 6196ms
03-06 11:25:08.385   570   570 D SystemServerTiming: InitBeforeStartServices
03-06 11:25:08.386   570   570 I SystemServer: Entered the Android system server!
03-06 11:25:08.457   570   570 I SystemServerInitThreadPool: Creating instance with 4 threads
03-06 11:25:08.457   570   570 D SystemServerTiming: StartServices
03-06 11:25:08.457   570   570 D SystemServerTiming: startBootstrapServices
03-06 11:25:08.457   570   570 D SystemServerTiming: ArtModuleServiceInitializer
03-06 11:25:08.457   570   570 D SystemServerTiming: StartWatchdog
03-06 11:25:08.458   570   570 I SystemServer: Reading configuration...
03-06 11:25:08.458   570   570 D SystemServerTiming: ReadingSystemConfig
03-06 11:25:08.458   570   570 D SystemServerTiming: PlatformCompat
03-06 11:25:08.458   570   629 D SystemServerTimingAsync: InitThreadPoolExec:ReadingSystemConfig
03-06 11:25:08.459   570   570 D CompatConfig: Found a config file: /system/etc/compatconfig/TeleService-platform-compat-config.xml
03-06 11:25:08.459   570   629 I SystemConfig: Reading permissions from /system/etc/sysconfig/enhanced-confirmation.xml
03-06 11:25:08.459   570   570 D CompatConfig: Adding: com.android.server.compat.config.Change@a4581bd
03-06 11:25:08.459   570   570 D CompatConfig: Adding: com.android.server.compat.config.Change@24e03b2
03-06 11:25:08.459   570   570 D CompatConfig: Adding: com.android.server.compat.config.Change@e03ff03
03-06 11:25:08.459   570   570 D CompatConfig: Adding: com.android.server.compat.config.Change@eb8ae80
03-06 11:25:08.459   570   570 D CompatConfig: Adding: com.android.server.compat.config.Change@cd7cb9
03-06 11:25:08.459   570   570 D CompatConfig: Adding: com.android.server.compat.config.Change@394a8fe
03-06 11:25:08.459   570   570 D CompatConfig: Found a config file: /system/etc/compatconfig/calendar-provider-compat-config.xml
03-06 11:25:08.459   570   570 D CompatConfig: Adding: com.android.server.compat.config.Change@63a32ac
03-06 11:25:08.459   570   629 I SystemConfig: Reading permissions from /system/etc/sysconfig/framework-sysconfig.xml
03-06 11:25:08.459   570   570 D CompatConfig: Found a config file: /system/etc/compatconfig/contacts-provider-platform-compat-config.xml
03-06 11:25:08.459   570   570 D CompatConfig: Found a config file: /system/etc/compatconfig/documents-ui-compat-config.xml
03-06 11:25:08.460   570   570 D CompatConfig: Adding: com.android.server.compat.config.Change@76dcd98
03-06 11:25:08.460   570   629 I SystemConfig: Reading permissions from /system/etc/sysconfig/hiddenapi-package-whitelist.xml
03-06 11:25:08.460   570   570 D CompatConfig: Found a config file: /system/etc/compatconfig/framework-location-compat-config.xml
03-06 11:25:08.460   570   629 I SystemConfig: Reading permissions from /system/etc/sysconfig/initial-package-stopped-states.xml
03-06 11:25:08.460   570   570 D CompatConfig: Adding: com.android.server.compat.config.Change@f3e2b44
03-06 11:25:08.460   570   570 D CompatConfig: Adding: com.android.server.compat.config.Change@93f542d
03-06 11:25:08.460   570   570 D CompatConfig: Adding: com.android.server.compat.config.Change@36abd62
03-06 11:25:08.460   570   570 D CompatConfig: Adding: com.android.server.compat.config.Change@5f2aef3
03-06 11:25:08.460   570   570 D CompatConfig: Adding: com.android.server.compat.config.Change@c94b7b0
03-06 11:25:08.460   570   570 D CompatConfig: Adding: com.android.server.compat.config.Change@d6a0629
03-06 11:25:08.460   570   570 D CompatConfig: Adding: com.android.server.compat.config.Change@bb4dae
03-06 11:25:08.460   570   570 D CompatConfig: Adding: com.android.server.compat.config.Change@3ff474f
03-06 11:25:08.460   570   629 I SystemConfig: Reading permissions from /system/etc/sysconfig/package-shareduid-allowlist.xml
03-06 11:25:08.460   570   629 I SystemConfig: Reading permissions from /system/etc/sysconfig/preinstalled-packages-asl-files.xml
03-06 11:25:08.460   570   570 D CompatConfig: Found a config file: /system/etc/compatconfig/framework-platform-compat-config.xml
03-06 11:25:08.461   570   629 I SystemConfig: Reading permissions from /system/etc/sysconfig/preinstalled-packages-platform-generic-system.xml
03-06 11:25:08.461   570   629 I SystemConfig: Reading permissions from /system/etc/sysconfig/preinstalled-packages-platform-handheld-system.xml
03-06 11:25:08.461   570   629 I SystemConfig: Reading permissions from /system/etc/sysconfig/preinstalled-packages-platform.xml
03-06 11:25:08.461   570   629 I SystemConfig: Reading permissions from /system/etc/sysconfig/preinstalled-packages-strict-signature.xml
03-06 11:25:08.461   570   629 I SystemConfig: Reading permissions from /system/etc/permissions/android.software.credentials.xml
03-06 11:25:08.461   570   629 I SystemConfig: Reading permissions from /system/etc/permissions/android.software.live_wallpaper.xml
03-06 11:25:08.461   570   629 I SystemConfig: Reading permissions from /system/etc/permissions/android.software.webview.xml
03-06 11:25:08.461   570   629 I SystemConfig: Reading permissions from /system/etc/permissions/android.software.window_magnification.xml
03-06 11:25:08.461   570   570 D CompatConfig: Adding: com.android.server.compat.config.Change@7a53ae3
03-06 11:25:08.461   570   570 D CompatConfig: Adding: com.android.server.compat.config.Change@5b3cb99
03-06 11:25:08.461   570   570 D CompatConfig: Adding: com.android.server.compat.config.Change@6ec7e5e
03-06 11:25:08.461   570   570 D CompatConfig: Adding: com.android.server.compat.config.Change@be6a23f
03-06 11:25:08.461   570   570 D CompatConfig: Adding: com.android.server.compat.config.Change@25c770c
03-06 11:25:08.461   570   570 D CompatConfig: Adding: com.android.server.compat.config.Change@cec8855
03-06 11:25:08.461   570   570 D CompatConfig: Adding: com.android.server.compat.config.Change@8fe226a
03-06 11:25:08.461   570   570 D CompatConfig: Adding: com.android.server.compat.config.Change@aad235b
03-06 11:25:08.461   570   570 D CompatConfig: Adding: com.android.server.compat.config.Change@fdff7f8
03-06 11:25:08.461   570   570 D CompatConfig: Adding: com.android.server.compat.config.Change@1ba54d1
03-06 11:25:08.461   570   570 D CompatConfig: Adding: com.android.server.compat.config.Change@cd3fb36
03-06 11:25:08.461   570   570 D CompatConfig: Adding: com.android.server.compat.config.Change@e909a37
03-06 11:25:08.461   570   570 D CompatConfig: Adding: com.android.server.compat.config.Change@189ba4
03-06 11:25:08.461   570   570 D CompatConfig: Adding: com.android.server.compat.config.Change@ebe6d0d
03-06 11:25:08.461   570   570 D CompatConfig: Adding: com.android.server.compat.config.Change@15c94c2
03-06 11:25:08.461   570   570 D CompatConfig: Adding: com.android.server.compat.config.Change@9caa2d3
03-06 11:25:08.461   570   570 D CompatConfig: Adding: com.android.server.compat.config.Change@b15ce10
03-06 11:25:08.461   570   570 D CompatConfig: Adding: com.android.server.compat.config.Change@d71cd09
03-06 11:25:08.461   570   570 D CompatConfig: Adding: com.android.server.compat.config.Change@3e33b0e
03-06 11:25:08.461   570   570 D CompatConfig: Adding: com.android.server.compat.config.Change@e92992f
03-06 11:25:08.461   570   570 D CompatConfig: Adding: com.android.server.compat.config.Change@871bb3c
03-06 11:25:08.461   570   570 D CompatConfig: Adding: com.android.server.compat.config.Change@be130c5
03-06 11:25:08.461   570   570 D CompatConfig: Adding: com.android.server.compat.config.Change@91bfa1a
03-06 11:25:08.461   570   570 D CompatConfig: Adding: com.android.server.compat.config.Change@139994b
03-06 11:25:08.461   570   629 I SystemConfig: Reading permissions from /system/etc/permissions/android.test.base.xml
03-06 11:25:08.461   570   570 D CompatConfig: Adding: com.android.server.compat.config.Change@d3d4f28
03-06 11:25:08.461   570   570 D CompatConfig: Adding: com.android.server.compat.config.Change@2291441
03-06 11:25:08.461   570   570 D CompatConfig: Adding: com.android.server.compat.config.Change@aef9de6
03-06 11:25:08.461   570   570 D CompatConfig: Adding: com.android.server.compat.config.Change@67f27
03-06 11:25:08.461   570   570 D CompatConfig: Adding: com.android.server.compat.config.Change@cac35d4
03-06 11:25:08.461   570   570 D CompatConfig: Adding: com.android.server.compat.config.Change@3b1b37d
03-06 11:25:08.461   570   570 D CompatConfig: Adding: com.android.server.compat.config.Change@707b272
03-06 11:25:08.461   570   570 D CompatConfig: Adding: com.android.server.compat.config.Change@cd1e6c3
03-06 11:25:08.461   570   570 D CompatConfig: Adding: com.android.server.compat.config.Change@780db40
03-06 11:25:08.461   570   570 D CompatConfig: Adding: com.android.server.compat.config.Change@82b0a79
03-06 11:25:08.461   570   570 D CompatConfig: Adding: com.android.server.compat.config.Change@a1a83be
03-06 11:25:08.461   570   570 D CompatConfig: Adding: com.android.server.compat.config.Change@4622c1f
03-06 11:25:08.461   570   570 D CompatConfig: Adding: com.android.server.compat.config.Change@6386b6c
03-06 11:25:08.461   570   570 D CompatConfig: Adding: com.android.server.compat.config.Change@848d535
03-06 11:25:08.462   570   570 D CompatConfig: Adding: com.android.server.compat.config.Change@3f71dca
03-06 11:25:08.462   570   570 D CompatConfig: Adding: com.android.server.compat.config.Change@f876b3b
03-06 11:25:08.462   570   570 D CompatConfig: Adding: com.android.server.compat.config.Change@9f6d258
03-06 11:25:08.462   570   570 D CompatConfig: Adding: com.android.server.compat.config.Change@a3e8fb1
03-06 11:25:08.462   570   570 D CompatConfig: Adding: com.android.server.compat.config.Change@514c96
03-06 11:25:08.462   570   570 D CompatConfig: Adding: com.android.server.compat.config.Change@9f78017
03-06 11:25:08.462   570   570 D CompatConfig: Adding: com.android.server.compat.config.Change@32bc04
03-06 11:25:08.462   570   570 D CompatConfig: Adding: com.android.server.compat.config.Change@9fb75ed
03-06 11:25:08.462   570   570 D CompatConfig: Adding: com.android.server.compat.config.Change@4d9c22
03-06 11:25:08.462   570   570 D CompatConfig: Adding: com.android.server.compat.config.Change@aea06b3
03-06 11:25:08.462   570   570 D CompatConfig: Adding: com.android.server.compat.config.Change@5219470
03-06 11:25:08.462   570   570 D CompatConfig: Adding: com.android.server.compat.config.Change@92683e9
03-06 11:25:08.462   570   570 D CompatConfig: Adding: com.android.server.compat.config.Change@cd586e
03-06 11:25:08.462   570   570 D CompatConfig: Adding: com.android.server.compat.config.Change@b745b0f
03-06 11:25:08.462   570   570 D CompatConfig: Adding: com.android.server.compat.config.Change@e3879c
03-06 11:25:08.462   570   570 D CompatConfig: Adding: com.android.server.compat.config.Change@97a8d7a
03-06 11:25:08.462   570   570 D CompatConfig: Adding: com.android.server.compat.config.Change@6a5992b
03-06 11:25:08.462   570   570 D CompatConfig: Adding: com.android.server.compat.config.Change@b6f8188
03-06 11:25:08.462   570   570 D CompatConfig: Adding: com.android.server.compat.config.Change@f21c721
03-06 11:25:08.462   570   570 D CompatConfig: Adding: com.android.server.compat.config.Change@940746
03-06 11:25:08.462   570   629 I SystemConfig: Reading permissions from /system/etc/permissions/android.test.mock.xml
03-06 11:25:08.462   570   570 D CompatConfig: Adding: com.android.server.compat.config.Change@f629d07
03-06 11:25:08.462   570   570 D CompatConfig: Adding: com.android.server.compat.config.Change@232b45d
03-06 11:25:08.462   570   570 D CompatConfig: Adding: com.android.server.compat.config.Change@f7951d2
03-06 11:25:08.462   570   570 D CompatConfig: Adding: com.android.server.compat.config.Change@80202a3
03-06 11:25:08.462   570   570 D CompatConfig: Adding: com.android.server.compat.config.Change@2baf9a0
03-06 11:25:08.462   570   570 D CompatConfig: Adding: com.android.server.compat.config.Change@36b3959
03-06 11:25:08.462   570   570 D CompatConfig: Adding: com.android.server.compat.config.Change@3f6b91e
03-06 11:25:08.462   570   570 D CompatConfig: Adding: com.android.server.compat.config.Change@7a825ff
03-06 11:25:08.462   570   570 D CompatConfig: Adding: com.android.server.compat.config.Change@660fcc
03-06 11:25:08.462   570   570 D CompatConfig: Adding: com.android.server.compat.config.Change@80d1215
03-06 11:25:08.462   570   570 D CompatConfig: Adding: com.android.server.compat.config.Change@a51492a
03-06 11:25:08.462   570   570 D CompatConfig: Adding: com.android.server.compat.config.Change@963231b
03-06 11:25:08.462   570   570 D CompatConfig: Adding: com.android.server.compat.config.Change@5ca5cb8
03-06 11:25:08.462   570   570 D CompatConfig: Adding: com.android.server.compat.config.Change@db9ba91
03-06 11:25:08.462   570   570 D CompatConfig: Adding: com.android.server.compat.config.Change@c12cdf6
03-06 11:25:08.462   570   570 D CompatConfig: Adding: com.android.server.compat.config.Change@106d5f7
03-06 11:25:08.462   570   570 D CompatConfig: Adding: com.android.server.compat.config.Change@9248c64
03-06 11:25:08.462   570   570 D CompatConfig: Adding: com.android.server.compat.config.Change@ae6ecd
03-06 11:25:08.462   570   570 D CompatConfig: Adding: com.android.server.compat.config.Change@f95d382
03-06 11:25:08.462   570   570 D CompatConfig: Adding: com.android.server.compat.config.Change@1c8da93
03-06 11:25:08.462   570   570 D CompatConfig: Adding: com.android.server.compat.config.Change@5d00ad0
03-06 11:25:08.462   570   570 D CompatConfig: Adding: com.android.server.compat.config.Change@9c02ac9
03-06 11:25:08.462   570   570 D CompatConfig: Adding: com.android.server.compat.config.Change@451a5ce
03-06 11:25:08.462   570   570 D CompatConfig: Adding: com.android.server.compat.config.Change@29c8cef
03-06 11:25:08.462   570   570 D CompatConfig: Adding: com.android.server.compat.config.Change@f7303fc
03-06 11:25:08.462   570   570 D CompatConfig: Adding: com.android.server.compat.config.Change@17aa85
03-06 11:25:08.462   570   570 D CompatConfig: Adding: com.android.server.compat.config.Change@7e650da
03-06 11:25:08.462   570   570 D CompatConfig: Adding: com.android.server.compat.config.Change@c4f090b
03-06 11:25:08.462   570   570 D CompatConfig: Adding: com.android.server.compat.config.Change@bea63e8
03-06 11:25:08.462   570   570 D CompatConfig: Adding: com.android.server.compat.config.Change@aad6a01
03-06 11:25:08.462   570   570 D CompatConfig: Adding: com.android.server.compat.config.Change@fe8a0a6
03-06 11:25:08.462   570   570 D CompatConfig: Adding: com.android.server.compat.config.Change@d632ae7
03-06 11:25:08.462   570   570 D CompatConfig: Adding: com.android.server.compat.config.Change@ff5d694
03-06 11:25:08.462   570   570 D CompatConfig: Adding: com.android.server.compat.config.Change@d85a53d
03-06 11:25:08.462   570   570 D CompatConfig: Adding: com.android.server.compat.config.Change@46e2132
03-06 11:25:08.462   570   570 D CompatConfig: Adding: com.android.server.compat.config.Change@fad8e83
03-06 11:25:08.462   570   629 I SystemConfig: Reading permissions from /system/etc/permissions/android.test.runner.xml
03-06 11:25:08.462   570   570 D CompatConfig: Adding: com.android.server.compat.config.Change@aa3c800
03-06 11:25:08.462   570   570 D CompatConfig: Adding: com.android.server.compat.config.Change@eac5839
03-06 11:25:08.462   570   570 D CompatConfig: Adding: com.android.server.compat.config.Change@7591e7e
03-06 11:25:08.462   570   570 D CompatConfig: Adding: com.android.server.compat.config.Change@bb08fdf
03-06 11:25:08.462   570   570 D CompatConfig: Adding: com.android.server.compat.config.Change@b7d642c
03-06 11:25:08.462   570   570 D CompatConfig: Adding: com.android.server.compat.config.Change@ef13ef5
03-06 11:25:08.462   570   570 D CompatConfig: Adding: com.android.server.compat.config.Change@464a48a
03-06 11:25:08.462   570   570 D CompatConfig: Adding: com.android.server.compat.config.Change@5b84afb
03-06 11:25:08.462   570   570 D CompatConfig: Adding: com.android.server.compat.config.Change@f729718
03-06 11:25:08.462   570   570 D CompatConfig: Adding: com.android.server.compat.config.Change@263d571
03-06 11:25:08.462   570   570 D CompatConfig: Adding: com.android.server.compat.config.Change@5f07f56
03-06 11:25:08.462   570   570 D CompatConfig: Adding: com.android.server.compat.config.Change@b69bd7
03-06 11:25:08.462   570   570 D CompatConfig: Adding: com.android.server.compat.config.Change@860cc4
03-06 11:25:08.462   570   570 D CompatConfig: Adding: com.android.server.compat.config.Change@48f57ad
03-06 11:25:08.462   570   570 D CompatConfig: Adding: com.android.server.compat.config.Change@a8d3ae2
03-06 11:25:08.462   570   570 D CompatConfig: Adding: com.android.server.compat.config.Change@2df1e73
03-06 11:25:08.462   570   570 D CompatConfig: Adding: com.android.server.compat.config.Change@4393130
03-06 11:25:08.462   570   570 D CompatConfig: Adding: com.android.server.compat.config.Change@476c1a9
03-06 11:25:08.462   570   570 D CompatConfig: Adding: com.android.server.compat.config.Change@748232e
03-06 11:25:08.462   570   570 D CompatConfig: Adding: com.android.server.compat.config.Change@8032ecf
03-06 11:25:08.462   570   570 D CompatConfig: Adding: com.android.server.compat.config.Change@4b8305c
03-06 11:25:08.462   570   570 D CompatConfig: Adding: com.android.server.compat.config.Change@450cf65
03-06 11:25:08.462   570   570 D CompatConfig: Adding: com.android.server.compat.config.Change@2b7443a
03-06 11:25:08.462   570   570 D CompatConfig: Adding: com.android.server.compat.config.Change@dade8eb
03-06 11:25:08.462   570   570 D CompatConfig: Adding: com.android.server.compat.config.Change@c5f648
03-06 11:25:08.462   570   570 D CompatConfig: Adding: com.android.server.compat.config.Change@903fce1
03-06 11:25:08.462   570   570 D CompatConfig: Adding: com.android.server.compat.config.Change@4c56a06
03-06 11:25:08.462   570   570 D CompatConfig: Adding: com.android.server.compat.config.Change@50028c7
03-06 11:25:08.462   570   570 D CompatConfig: Adding: com.android.server.compat.config.Change@e682ef4
03-06 11:25:08.462   570   570 D CompatConfig: Adding: com.android.server.compat.config.Change@562861d
03-06 11:25:08.462   570   570 D CompatConfig: Adding: com.android.server.compat.config.Change@73e2092
03-06 11:25:08.462   570   570 D CompatConfig: Adding: com.android.server.compat.config.Change@64c8a63
03-06 11:25:08.462   570   570 D CompatConfig: Adding: com.android.server.compat.config.Change@c534660
03-06 11:25:08.462   570   570 D CompatConfig: Adding: com.android.server.compat.config.Change@d266719
03-06 11:25:08.462   570   570 D CompatConfig: Adding: com.android.server.compat.config.Change@319b3de
03-06 11:25:08.462   570   570 D CompatConfig: Adding: com.android.server.compat.config.Change@27369bf
03-06 11:25:08.462   570   570 D CompatConfig: Adding: com.android.server.compat.config.Change@e16688c
03-06 11:25:08.462   570   570 D CompatConfig: Adding: com.android.server.compat.config.Change@bad5bd5
03-06 11:25:08.462   570   570 D CompatConfig: Adding: com.android.server.compat.config.Change@6892fea
03-06 11:25:08.462   570   570 D CompatConfig: Adding: com.android.server.compat.config.Change@dfee2db
03-06 11:25:08.462   570   570 D CompatConfig: Adding: com.android.server.compat.config.Change@f078178
03-06 11:25:08.462   570   570 D CompatConfig: Adding: com.android.server.compat.config.Change@a74e051
03-06 11:25:08.462   570   570 D CompatConfig: Adding: com.android.server.compat.config.Change@fc260b6
03-06 11:25:08.462   570   570 D CompatConfig: Adding: com.android.server.compat.config.Change@1fed1b7
03-06 11:25:08.462   570   570 D CompatConfig: Adding: com.android.server.compat.config.Change@7ef3d24
03-06 11:25:08.462   570   570 D CompatConfig: Adding: com.android.server.compat.config.Change@356308d
03-06 11:25:08.462   570   570 D CompatConfig: Adding: com.android.server.compat.config.Change@88bd242
03-06 11:25:08.462   570   570 D CompatConfig: Adding: com.android.server.compat.config.Change@ea4d253
03-06 11:25:08.462   570   570 D CompatConfig: Adding: com.android.server.compat.config.Change@3750790
03-06 11:25:08.462   570   570 D CompatConfig: Adding: com.android.server.compat.config.Change@a824889
03-06 11:25:08.462   570   570 D CompatConfig: Adding: com.android.server.compat.config.Change@e88d08e
03-06 11:25:08.462   570   570 D CompatConfig: Adding: com.android.server.compat.config.Change@ba040af
03-06 11:25:08.462   570   570 D CompatConfig: Adding: com.android.server.compat.config.Change@d4b0cbc
03-06 11:25:08.462   570   570 D CompatConfig: Adding: com.android.server.compat.config.Change@c3de445
03-06 11:25:08.462   570   570 D CompatConfig: Adding: com.android.server.compat.config.Change@445679a
03-06 11:25:08.462   570   629 I SystemConfig: Reading permissions from /system/etc/permissions/com.android.future.usb.accessory.xml
03-06 11:25:08.462   570   629 I SystemConfig: Reading permissions from /system/etc/permissions/com.android.intentresolver.xml
03-06 11:25:08.462   570   570 D CompatConfig: Found a config file: /system/etc/compatconfig/icu4j-platform-compat-config.xml
03-06 11:25:08.462   570   629 I SystemConfig: Reading permissions from /system/etc/permissions/com.android.location.provider.xml
03-06 11:25:08.462   570   570 D CompatConfig: Adding: com.android.server.compat.config.Change@d3196a7
03-06 11:25:08.462   570   629 I SystemConfig: Reading permissions from /system/etc/permissions/com.android.media.remotedisplay.xml
03-06 11:25:08.462   570   629 I SystemConfig: Reading permissions from /system/etc/permissions/com.android.mediadrm.signer.xml
03-06 11:25:08.462   570   629 I SystemConfig: Reading permissions from /system/etc/permissions/com.android.nfc_extras.xml
03-06 11:25:08.462   570   570 D CompatConfig: Found a config file: /system/etc/compatconfig/services-platform-compat-config.xml
03-06 11:25:08.462   570   629 I SystemConfig: Reading permissions from /system/etc/permissions/javax.obex.xml
03-06 11:25:08.463   570   629 I SystemConfig: Reading permissions from /system/etc/permissions/org.apache.http.legacy.xml
03-06 11:25:08.463   570   629 I SystemConfig: Reading permissions from /system/etc/permissions/privapp-permissions-google.xml
03-06 11:25:08.463   570   629 I SystemConfig: Reading permissions from /system/etc/permissions/privapp-permissions-platform.xml
03-06 11:25:08.463   570   570 D CompatConfig: Adding: com.android.server.compat.config.Change@ac91cec
03-06 11:25:08.463   570   570 D CompatConfig: Adding: com.android.server.compat.config.Change@8f968b5
03-06 11:25:08.463   570   570 D CompatConfig: Adding: com.android.server.compat.config.Change@116eb4a
03-06 11:25:08.463   570   570 D CompatConfig: Adding: com.android.server.compat.config.Change@7aeeabb
03-06 11:25:08.463   570   570 D CompatConfig: Adding: com.android.server.compat.config.Change@8a11bd8
03-06 11:25:08.463   570   570 D CompatConfig: Adding: com.android.server.compat.config.Change@424db31
03-06 11:25:08.463   570   570 D CompatConfig: Adding: com.android.server.compat.config.Change@7607216
03-06 11:25:08.463   570   570 D CompatConfig: Adding: com.android.server.compat.config.Change@9d77797
03-06 11:25:08.463   570   570 D CompatConfig: Adding: com.android.server.compat.config.Change@cf81d84
03-06 11:25:08.463   570   570 D CompatConfig: Adding: com.android.server.compat.config.Change@6baf96d
03-06 11:25:08.463   570   570 D CompatConfig: Adding: com.android.server.compat.config.Change@ce999a2
03-06 11:25:08.463   570   570 D CompatConfig: Adding: com.android.server.compat.config.Change@191f633
03-06 11:25:08.463   570   570 D CompatConfig: Adding: com.android.server.compat.config.Change@29b8df0
03-06 11:25:08.463   570   570 D CompatConfig: Adding: com.android.server.compat.config.Change@91abf69
03-06 11:25:08.463   570   570 D CompatConfig: Adding: com.android.server.compat.config.Change@aebadee
03-06 11:25:08.463   570   570 D CompatConfig: Adding: com.android.server.compat.config.Change@96bc28f
03-06 11:25:08.463   570   570 D CompatConfig: Adding: com.android.server.compat.config.Change@1c3991c
03-06 11:25:08.463   570   570 D CompatConfig: Adding: com.android.server.compat.config.Change@96e925
03-06 11:25:08.463   570   570 D CompatConfig: Adding: com.android.server.compat.config.Change@2e8bafa
03-06 11:25:08.463   570   570 D CompatConfig: Adding: com.android.server.compat.config.Change@d6bf8ab
03-06 11:25:08.463   570   570 D CompatConfig: Adding: com.android.server.compat.config.Change@bff2b08
03-06 11:25:08.463   570   570 D CompatConfig: Adding: com.android.server.compat.config.Change@af1f2a1
03-06 11:25:08.463   570   570 D CompatConfig: Adding: com.android.server.compat.config.Change@a778cc6
03-06 11:25:08.463   570   570 D CompatConfig: Adding: com.android.server.compat.config.Change@8ef7487
03-06 11:25:08.463   570   570 D CompatConfig: Adding: com.android.server.compat.config.Change@adfefb4
03-06 11:25:08.463   570   570 D CompatConfig: Adding: com.android.server.compat.config.Change@59a17dd
03-06 11:25:08.463   570   570 D CompatConfig: Adding: com.android.server.compat.config.Change@7cfaf52
03-06 11:25:08.463   570   570 D CompatConfig: Adding: com.android.server.compat.config.Change@644d223
03-06 11:25:08.463   570   570 D CompatConfig: Adding: com.android.server.compat.config.Change@d665320
03-06 11:25:08.463   570   570 D CompatConfig: Adding: com.android.server.compat.config.Change@ca554d9
03-06 11:25:08.463   570   570 D CompatConfig: Adding: com.android.server.compat.config.Change@b156e9e
03-06 11:25:08.463   570   570 D CompatConfig: Adding: com.android.server.compat.config.Change@c086d7f
03-06 11:25:08.463   570   570 D CompatConfig: Adding: com.android.server.compat.config.Change@2d814c
03-06 11:25:08.463   570   570 D CompatConfig: Adding: com.android.server.compat.config.Change@d8d6595
03-06 11:25:08.463   570   570 D CompatConfig: Adding: com.android.server.compat.config.Change@65d6aa
03-06 11:25:08.463   570   570 D CompatConfig: Adding: com.android.server.compat.config.Change@440629b
03-06 11:25:08.463   570   570 D CompatConfig: Adding: com.android.server.compat.config.Change@c576638
03-06 11:25:08.463   570   570 D CompatConfig: Adding: com.android.server.compat.config.Change@9abc611
03-06 11:25:08.463   570   570 D CompatConfig: Adding: com.android.server.compat.config.Change@6a2b376
03-06 11:25:08.463   570   570 D CompatConfig: Adding: com.android.server.compat.config.Change@9388d77
03-06 11:25:08.463   570   570 D CompatConfig: Adding: com.android.server.compat.config.Change@938ade4
03-06 11:25:08.463   570   570 D CompatConfig: Adding: com.android.server.compat.config.Change@475b24d
03-06 11:25:08.463   570   570 D CompatConfig: Adding: com.android.server.compat.config.Change@6fe9102
03-06 11:25:08.463   570   570 D CompatConfig: Adding: com.android.server.compat.config.Change@41e8a13
03-06 11:25:08.463   570   570 D CompatConfig: Adding: com.android.server.compat.config.Change@cc4c450
03-06 11:25:08.463   570   570 D CompatConfig: Adding: com.android.server.compat.config.Change@9782649
03-06 11:25:08.463   570   570 D CompatConfig: Adding: com.android.server.compat.config.Change@948bb4e
03-06 11:25:08.463   570   570 D CompatConfig: Adding: com.android.server.compat.config.Change@95db46f
03-06 11:25:08.463   570   570 D CompatConfig: Adding: com.android.server.compat.config.Change@6b9d57c
03-06 11:25:08.463   570   570 D CompatConfig: Adding: com.android.server.compat.config.Change@613de05
03-06 11:25:08.463   570   570 D CompatConfig: Adding: com.android.server.compat.config.Change@f93e5a
03-06 11:25:08.463   570   570 D CompatConfig: Adding: com.android.server.compat.config.Change@ebb288b
03-06 11:25:08.463   570   570 D CompatConfig: Adding: com.android.server.compat.config.Change@28ccd68
03-06 11:25:08.463   570   570 D CompatConfig: Adding: com.android.server.compat.config.Change@2f95581
03-06 11:25:08.463   570   570 D CompatConfig: Adding: com.android.server.compat.config.Change@efce626
03-06 11:25:08.463   570   570 D CompatConfig: Adding: com.android.server.compat.config.Change@731c267
03-06 11:25:08.463   570   570 D CompatConfig: Adding: com.android.server.compat.config.Change@c155814
03-06 11:25:08.463   570   570 D CompatConfig: Adding: com.android.server.compat.config.Change@964c8bd
03-06 11:25:08.463   570   570 D CompatConfig: Adding: com.android.server.compat.config.Change@4413eb2
03-06 11:25:08.463   570   570 D CompatConfig: Adding: com.android.server.compat.config.Change@8e1e03
03-06 11:25:08.463   570   570 D CompatConfig: Adding: com.android.server.compat.config.Change@2f9e180
03-06 11:25:08.463   570   570 D CompatConfig: Adding: com.android.server.compat.config.Change@1a33b9
03-06 11:25:08.463   570   570 D CompatConfig: Adding: com.android.server.compat.config.Change@10093fe
03-06 11:25:08.463   570   570 D CompatConfig: Adding: com.android.server.compat.config.Change@eca975f
03-06 11:25:08.463   570   570 D CompatConfig: Adding: com.android.server.compat.config.Change@8db95ac
03-06 11:25:08.463   570   570 D CompatConfig: Adding: com.android.server.compat.config.Change@c215275
03-06 11:25:08.463   570   570 D CompatConfig: Adding: com.android.server.compat.config.Change@ccdf20a
03-06 11:25:08.463   570   570 D CompatConfig: Adding: com.android.server.compat.config.Change@12b4a7b
03-06 11:25:08.463   570   570 D CompatConfig: Adding: com.android.server.compat.config.Change@6426098
03-06 11:25:08.463   570   570 D CompatConfig: Adding: com.android.server.compat.config.Change@141a0f1
03-06 11:25:08.463   570   570 D CompatConfig: Adding: com.android.server.compat.config.Change@36124d6
03-06 11:25:08.463   570   570 D CompatConfig: Adding: com.android.server.compat.config.Change@d1a1357
03-06 11:25:08.463   570   570 D CompatConfig: Adding: com.android.server.compat.config.Change@248ee44
03-06 11:25:08.463   570   570 D CompatConfig: Adding: com.android.server.compat.config.Change@e3e5b2d
03-06 11:25:08.463   570   570 D CompatConfig: Adding: com.android.server.compat.config.Change@222b862
03-06 11:25:08.463   570   570 D CompatConfig: Adding: com.android.server.compat.config.Change@ac28df3
03-06 11:25:08.463   570   570 D CompatConfig: Adding: com.android.server.compat.config.Change@908aab0
03-06 11:25:08.463   570   570 D CompatConfig: Adding: com.android.server.compat.config.Change@d27d29
03-06 11:25:08.463   570   570 D CompatConfig: Adding: com.android.server.compat.config.Change@277f8ae
03-06 11:25:08.463   570   570 D CompatConfig: Adding: com.android.server.compat.config.Change@f6e164f
03-06 11:25:08.463   570   570 D CompatConfig: Adding: com.android.server.compat.config.Change@cc5c1dc
03-06 11:25:08.463   570   570 D CompatConfig: Adding: com.android.server.compat.config.Change@d6cc2e5
03-06 11:25:08.463   570   570 D CompatConfig: Adding: com.android.server.compat.config.Change@ccef1ba
03-06 11:25:08.463   570   570 D CompatConfig: Adding: com.android.server.compat.config.Change@19fc86b
03-06 11:25:08.463   570   570 D CompatConfig: Adding: com.android.server.compat.config.Change@ddb1fc8
03-06 11:25:08.463   570   570 D CompatConfig: Adding: com.android.server.compat.config.Change@6aba861
03-06 11:25:08.463   570   570 D CompatConfig: Adding: com.android.server.compat.config.Change@6a6f86
03-06 11:25:08.463   570   570 D CompatConfig: Adding: com.android.server.compat.config.Change@2f08047
03-06 11:25:08.463   570   570 D CompatConfig: Adding: com.android.server.compat.config.Change@5667074
03-06 11:25:08.463   570   570 D CompatConfig: Adding: com.android.server.compat.config.Change@99699d
03-06 11:25:08.463   570   570 D CompatConfig: Adding: com.android.server.compat.config.Change@bedfe12
03-06 11:25:08.463   570   570 D CompatConfig: Adding: com.android.server.compat.config.Change@baad9e3
03-06 11:25:08.463   570   570 D CompatConfig: Adding: com.android.server.compat.config.Change@eb41fe0
03-06 11:25:08.463   570   570 D CompatConfig: Adding: com.android.server.compat.config.Change@ba80299
03-06 11:25:08.463   570   570 D CompatConfig: Adding: com.android.server.compat.config.Change@2a9e95e
03-06 11:25:08.463   570   570 D CompatConfig: Adding: com.android.server.compat.config.Change@427313f
03-06 11:25:08.463   570   570 D CompatConfig: Adding: com.android.server.compat.config.Change@b6b5a0c
03-06 11:25:08.463   570   570 D CompatConfig: Adding: com.android.server.compat.config.Change@36d2f55
03-06 11:25:08.463   570   570 D CompatConfig: Adding: com.android.server.compat.config.Change@aa73d6a
03-06 11:25:08.463   570   570 D CompatConfig: Adding: com.android.server.compat.config.Change@7e7a25b
03-06 11:25:08.463   570   570 D CompatConfig: Adding: com.android.server.compat.config.Change@e7a0af8
03-06 11:25:08.463   570   570 D CompatConfig: Adding: com.android.server.compat.config.Change@d1e6bd1
03-06 11:25:08.463   570   570 D CompatConfig: Adding: com.android.server.compat.config.Change@f73c636
03-06 11:25:08.463   570   570 D CompatConfig: Adding: com.android.server.compat.config.Change@e740937
03-06 11:25:08.463   570   570 D CompatConfig: Adding: com.android.server.compat.config.Change@9c0dea4
03-06 11:25:08.463   570   570 D CompatConfig: Adding: com.android.server.compat.config.Change@1ccf40d
03-06 11:25:08.463   570   570 D CompatConfig: Found a config file: /system/system_ext/etc/compatconfig/settings-platform-compat-config.xml
03-06 11:25:08.463   570   570 D CompatConfig: Adding: com.android.server.compat.config.Change@5f601d3
03-06 11:25:08.464   570   570 D ApexManagerTiming: getActiveApexInfos_noCache
03-06 11:25:08.464   570   629 I SystemConfig: Reading permissions from /system/etc/permissions/platform.xml
03-06 11:25:08.464   570   629 I SystemConfig: Reading permissions from /vendor/etc/permissions/android.hardware.biometrics.face.xml
03-06 11:25:08.465   570   629 I SystemConfig: Reading permissions from /vendor/etc/permissions/android.hardware.bluetooth.xml
03-06 11:25:08.465   570   629 I SystemConfig: Reading permissions from /vendor/etc/permissions/android.hardware.bluetooth_le.xml
03-06 11:25:08.465   570   629 I SystemConfig: Reading permissions from /vendor/etc/permissions/android.hardware.camera.concurrent.xml
03-06 11:25:08.465   570   629 I SystemConfig: Reading permissions from /vendor/etc/permissions/android.hardware.camera.flash-autofocus.xml
03-06 11:25:08.465   570   629 I SystemConfig: Reading permissions from /vendor/etc/permissions/android.hardware.camera.front.xml
03-06 11:25:08.465   570   629 I SystemConfig: Reading permissions from /vendor/etc/permissions/android.hardware.camera.full.xml
03-06 11:25:08.465   570   629 I SystemConfig: Reading permissions from /vendor/etc/permissions/android.hardware.camera.raw.xml
03-06 11:25:08.465   570   629 I SystemConfig: Reading permissions from /vendor/etc/permissions/android.hardware.fingerprint.xml
03-06 11:25:08.465   570   629 I SystemConfig: Reading permissions from /vendor/etc/permissions/android.hardware.hardware_keystore.xml
03-06 11:25:08.465   570   629 I SystemConfig: Reading permissions from /vendor/etc/permissions/android.hardware.identity_credential.xml
03-06 11:25:08.465   570   629 I SystemConfig: Reading permissions from /vendor/etc/permissions/android.hardware.keystore.app_attest_key.xml
03-06 11:25:08.465   570   629 I SystemConfig: Reading permissions from /vendor/etc/permissions/android.hardware.touchscreen.multitouch.jazzhand.xml
03-06 11:25:08.465   570   629 I SystemConfig: Reading permissions from /vendor/etc/permissions/android.hardware.vulkan.compute.xml
03-06 11:25:08.465   570   629 I SystemConfig: Reading permissions from /vendor/etc/permissions/android.hardware.vulkan.level.xml
03-06 11:25:08.466   570   629 I SystemConfig: Reading permissions from /vendor/etc/permissions/android.hardware.vulkan.version.xml
03-06 11:25:08.466   570   629 I SystemConfig: Reading permissions from /vendor/etc/permissions/android.hardware.wifi.direct.xml
03-06 11:25:08.466   570   629 I SystemConfig: Reading permissions from /vendor/etc/permissions/android.hardware.wifi.passpoint.xml
03-06 11:25:08.466   570   629 I SystemConfig: Reading permissions from /vendor/etc/permissions/android.hardware.wifi.xml
03-06 11:25:08.466   570   629 I SystemConfig: Reading permissions from /vendor/etc/permissions/android.software.autofill.xml
03-06 11:25:08.466   570   629 I SystemConfig: Reading permissions from /vendor/etc/permissions/android.software.opengles.deqp.level.xml
03-06 11:25:08.466   570   629 I SystemConfig: Reading permissions from /vendor/etc/permissions/android.software.vulkan.deqp.level.xml
03-06 11:25:08.466   570   629 I SystemConfig: Reading permissions from /vendor/etc/permissions/handheld_core_hardware.xml
03-06 11:25:08.466   570   570 D CompatConfig: No directory /apex/com.android.conscrypt/etc/compatconfig, skipping
03-06 11:25:08.466   570   570 D CompatConfig: No directory /apex/com.android.hardware.neuralnetworks/etc/compatconfig, skipping
03-06 11:25:08.466   570   570 D CompatConfig: No directory /apex/com.android.profiling/etc/compatconfig, skipping
03-06 11:25:08.466   570   570 D CompatConfig: No directory /apex/com.android.configinfrastructure/etc/compatconfig, skipping
03-06 11:25:08.466   570   570 D CompatConfig: No directory /apex/com.android.appsearch/etc/compatconfig, skipping
03-06 11:25:08.466   570   570 D CompatConfig: No directory /apex/com.android.runtime/etc/compatconfig, skipping
03-06 11:25:08.466   570   570 D CompatConfig: No directory /apex/com.android.hardware.rebootescrow/etc/compatconfig, skipping
03-06 11:25:08.466   570   570 D CompatConfig: Found a config file: /apex/com.android.permission/etc/compatconfig/framework-permission-s-compat-config.xml
03-06 11:25:08.466   570   570 D CompatConfig: Adding: com.android.server.compat.config.Change@5647dd0
03-06 11:25:08.467   570   629 I SystemConfig: Reading permissions from /product/etc/sysconfig/disable-zero-touch.xml
03-06 11:25:08.467   570   570 D CompatConfig: No directory /apex/com.android.neuralnetworks/etc/compatconfig, skipping
03-06 11:25:08.467   570   570 D CompatConfig: No directory /apex/com.android.rkpd/etc/compatconfig, skipping
03-06 11:25:08.467   570   570 D CompatConfig: No directory /apex/com.android.extservices/etc/compatconfig, skipping
03-06 11:25:08.467   570   629 I SystemConfig: Reading permissions from /product/etc/sysconfig/google-hiddenapi-package-whitelist.xml
03-06 11:25:08.467   570   570 D CompatConfig: No directory /apex/com.android.sdkext/etc/compatconfig, skipping
03-06 11:25:08.467   570   570 D CompatConfig: No directory /apex/com.android.cellbroadcast/etc/compatconfig, skipping
03-06 11:25:08.467   570   570 D CompatConfig: No directory /apex/com.android.devicelock/etc/compatconfig, skipping
03-06 11:25:08.467   570   570 D CompatConfig: No directory /apex/com.android.media/etc/compatconfig, skipping
03-06 11:25:08.467   570   570 D CompatConfig: No directory /apex/com.android.healthfitness/etc/compatconfig, skipping
