05-26 09:30:29.513   677   677 I SystemServiceManager: Starting com.android.server.textclassifier.TextClassificationManagerService$Lifecycle
05-26 09:30:29.518   677   677 D SystemServerTiming: StartNetworkScoreService
05-26 09:30:29.518   677   677 I SystemServiceManager: Starting com.android.server.NetworkScoreService$Lifecycle
05-26 09:30:29.520   677   677 D SystemServerTiming: StartNetworkStatsService
05-26 09:30:29.520   677   677 I SystemServiceManager: Starting com.android.server.NetworkStatsServiceInitializer
05-26 09:30:29.529   677   826 D InputMethodManagerService: Complete initialization for user=0
05-26 09:30:29.538   677   677 D SystemServerTiming: StartNetworkPolicyManagerService
05-26 09:30:29.539   677   677 D SystemServerTiming: StartWifi
05-26 09:30:29.540   677   677 I SystemServiceManager: Starting com.android.server.wifi.WifiService
05-26 09:30:29.558   605   605 I wificond: New wificond event callback registered
05-26 09:30:29.559   677   677 V LegacyHistoricalRegistry: Interaction before persistence initialized
05-26 09:30:29.559   677   677 V LegacyHistoricalRegistry: Interaction before persistence initialized
05-26 09:30:29.559   677   677 V LegacyHistoricalRegistry: Interaction before persistence initialized
05-26 09:30:29.559   677   677 D SystemServerTiming: StartWifiScanning
05-26 09:30:29.559   677   677 I SystemServiceManager: Starting com.android.server.wifi.scanner.WifiScanningService
05-26 09:30:29.560   677   677 D SystemServerTiming: StartWifiP2P
05-26 09:30:29.560   677   677 I SystemServiceManager: Starting com.android.server.wifi.p2p.WifiP2pService
05-26 09:30:29.561   677   677 D SystemServerTiming: StartPacProxyService
05-26 09:30:29.562   677   677 D SystemServerTiming: StartConnectivityService
05-26 09:30:29.562   677   677 I SystemServiceManager: Starting com.android.server.ConnectivityServiceInitializer
05-26 09:30:29.574   677   866 W BroadcastLoopers: Found previously unknown looper Thread[NsdService,5,main]
05-26 09:30:29.574   677   677 V LegacyHistoricalRegistry: Interaction before persistence initialized
05-26 09:30:29.579   677   677 D SystemServerTiming: StartSecurityStateManagerService
05-26 09:30:29.579   677   677 D SystemServerTiming: StartVpnManagerService
05-26 09:30:29.580   677   677 D SystemServerTiming: StartSystemUpdateManagerService
05-26 09:30:29.580   677   677 I SystemUpdateManagerService: No existing info file /data/system/system-update-info.xml
05-26 09:30:29.580   677   677 D SystemServerTiming: StartUpdateLockService
05-26 09:30:29.580   677   677 W BroadcastLoopers: Found previously unknown looper Thread[main,5,main]
05-26 09:30:29.580   677   677 D SystemServerTiming: StartNotificationManager
05-26 09:30:29.581   677   677 I SystemServiceManager: Starting com.android.server.notification.NotificationManagerService
05-26 09:30:29.585   677   677 D ConditionProviders.SCP: new ScheduleConditionProvider()
05-26 09:30:29.592   677   677 I NotificationManagerService.NotificationListeners: Read notification listener permissions from xml
05-26 09:30:29.592   677   677 V NotificationManagerService.NotificationListeners: enabling notification listener for 0: ComponentInfo{io.appium.settings/io.appium.settings.NLService}
05-26 09:30:29.592   677   677 V NotificationManagerService.NotificationListeners: binding: Intent { act=android.service.notification.NotificationListenerService cmp=io.appium.settings/.NLService (has extras) }
05-26 09:30:29.593   677   677 W ActivityManager: Unable to start service Intent { act=android.service.notification.NotificationListenerService cmp=io.appium.settings/.NLService } U=0: not found
05-26 09:30:29.593   677   677 W NotificationManagerService.NotificationListeners: Unable to bind notification listener service: Intent { act=android.service.notification.NotificationListenerService xflg=0x4 cmp=io.appium.settings/.NLService (has extras) } in user 0
05-26 09:30:29.593   677   677 V NotificationManagerService.NotificationListeners: enabling notification listener for 0: ComponentInfo{com.google.android.apps.nexuslauncher/com.android.launcher3.notification.NotificationListener}
05-26 09:30:29.593   677   677 V NotificationManagerService.NotificationListeners: binding: Intent { act=android.service.notification.NotificationListenerService cmp=com.google.android.apps.nexuslauncher/com.android.launcher3.notification.NotificationListener (has extras) }
05-26 09:30:29.593   677   677 W ActivityManager: Unable to start service Intent { act=android.service.notification.NotificationListenerService cmp=com.google.android.apps.nexuslauncher/com.android.launcher3.notification.NotificationListener } U=0: not found
05-26 09:30:29.593   677   677 W NotificationManagerService.NotificationListeners: Unable to bind notification listener service: Intent { act=android.service.notification.NotificationListenerService xflg=0x4 cmp=com.google.android.apps.nexuslauncher/com.android.launcher3.notification.NotificationListener (has extras) } in user 0
05-26 09:30:29.593   677   677 V NotificationManagerService.NotificationListeners: enabling notification listener for 0: ComponentInfo{com.google.android.as/com.google.android.apps.miphone.aiai.common.notification.service.AiAiNotificationListenerService}
05-26 09:30:29.593   677   677 V NotificationManagerService.NotificationListeners: binding: Intent { act=android.service.notification.NotificationListenerService cmp=com.google.android.as/com.google.android.apps.miphone.aiai.common.notification.service.AiAiNotificationListenerService (has extras) }
05-26 09:30:29.593   677   677 W ActivityManager: Unable to start service Intent { act=android.service.notification.NotificationListenerService cmp=com.google.android.as/com.google.android.apps.miphone.aiai.common.notification.service.AiAiNotificationListenerService } U=0: not found
05-26 09:30:29.593   677   677 W NotificationManagerService.NotificationListeners: Unable to bind notification listener service: Intent { act=android.service.notification.NotificationListenerService xflg=0x4 cmp=com.google.android.as/com.google.android.apps.miphone.aiai.common.notification.service.AiAiNotificationListenerService (has extras) } in user 0
05-26 09:30:29.593   677   677 I NotificationManagerService.NotificationAssistants: Read notification assistant permissions from xml
05-26 09:30:29.593   677   677 V NotificationManagerService.NotificationAssistants: enabling notification assistant for 0: ComponentInfo{com.google.android.as/com.google.android.apps.miphone.aiai.common.notification.service.AiAiNotificationAssistantService}
05-26 09:30:29.593   677   677 V NotificationManagerService.NotificationAssistants: binding: Intent { act=android.service.notification.NotificationAssistantService cmp=com.google.android.as/com.google.android.apps.miphone.aiai.common.notification.service.AiAiNotificationAssistantService (has extras) }
05-26 09:30:29.593   677   677 W ActivityManager: Unable to start service Intent { act=android.service.notification.NotificationAssistantService cmp=com.google.android.as/com.google.android.apps.miphone.aiai.common.notification.service.AiAiNotificationAssistantService } U=0: not found
05-26 09:30:29.593   677   677 W NotificationManagerService.NotificationAssistants: Unable to bind notification assistant service: Intent { act=android.service.notification.NotificationAssistantService xflg=0x4 cmp=com.google.android.as/com.google.android.apps.miphone.aiai.common.notification.service.AiAiNotificationAssistantService (has extras) } in user 0
05-26 09:30:29.593   677   677 I ConditionProviders: Read condition provider permissions from xml
05-26 09:30:29.593   677   677 I ConditionProviders: Read condition provider permissions from xml
05-26 09:30:29.593   677   677 V ConditionProviders: enabling condition provider for 0: ComponentInfo{com.google.android.apps.wellbeing/com.google.android.apps.wellbeing.azr.impl.AzrConditionProviderService}
05-26 09:30:29.593   677   677 V ConditionProviders: binding: Intent { act=android.service.notification.ConditionProviderService cmp=com.google.android.apps.wellbeing/.azr.impl.AzrConditionProviderService (has extras) }
05-26 09:30:29.594   677   677 D ActivityManager: StatsPullAtomService not ready yet
05-26 09:30:29.594   677   677 D CompatChangeReporter: Compat change id reported: 151861875; UID 10148; state: ENABLED
05-26 09:30:29.594   677   677 D NotificationManagerService.NotificationAssistants: Approving default notification assistant for user 0
05-26 09:30:29.594   677   677 I ConditionProviders:  Allowing condition provider com.google.android.as/com.google.android.apps.miphone.aiai.common.notification.service.AiAiNotificationAssistantService (userSet: true)
05-26 09:30:29.594   677   677 V ConditionProviders: enabling condition provider for 0: ComponentInfo{com.google.android.apps.wellbeing/com.google.android.apps.wellbeing.azr.impl.AzrConditionProviderService}
05-26 09:30:29.594   677   677 V ConditionProviders: Not registering ComponentInfo{com.google.android.apps.wellbeing/com.google.android.apps.wellbeing.azr.impl.AzrConditionProviderService} is already bound
05-26 09:30:29.599   677   677 D SystemServerTiming: StartDeviceMonitor
05-26 09:30:29.599   677   677 I SystemServiceManager: Starting com.android.server.storage.DeviceStorageMonitorService
05-26 09:30:29.600   677   677 D SystemServerTiming: StartTimeDetectorService
05-26 09:30:29.600   677   677 I SystemServiceManager: Starting com.android.server.timedetector.TimeDetectorService$Lifecycle
05-26 09:30:29.601   677   677 D SystemServerTiming: StartLocationManagerService
05-26 09:30:29.601   677   677 I SystemServiceManager: Starting com.android.server.location.LocationManagerService$Lifecycle
05-26 09:30:29.603   677   677 D SystemServerTiming: StartCountryDetectorService
05-26 09:30:29.603   677   677 D SystemServerTiming: StartTimeZoneDetectorService
05-26 09:30:29.603   677   677 I SystemServiceManager: Starting com.android.server.timezonedetector.TimeZoneDetectorService$Lifecycle
05-26 09:30:29.604   677   677 D SystemServerTiming: StartAltitudeService
05-26 09:30:29.604   677   677 I SystemServiceManager: Starting com.android.server.location.altitude.AltitudeService$Lifecycle
05-26 09:30:29.604   677   677 D SystemServerTiming: StartLocationTimeZoneManagerService
05-26 09:30:29.604   677   677 I SystemServiceManager: Starting com.android.server.timezonedetector.location.LocationTimeZoneManagerService$Lifecycle
05-26 09:30:29.604   677   677 D SystemServerTiming: StartSearchManagerService
05-26 09:30:29.604   677   677 I SystemServiceManager: Starting com.android.server.search.SearchManagerService$Lifecycle
05-26 09:30:29.605   677   677 D SystemServerTiming: StartWallpaperManagerService
05-26 09:30:29.605   677   677 I SystemServiceManager: Starting com.android.server.wallpaper.WallpaperManagerService$Lifecycle
05-26 09:30:29.605   677   677 D DisplayManagerService: supportedStates=[0]
05-26 09:30:29.605   677   677 D DisplayManagerService: possibleInfos={DisplayInfo{"Built-in Screen", displayId 0, displayGroupId 0, FLAG_SECURE, FLAG_SUPPORTS_PROTECTED_BUFFERS, FLAG_TRUSTED, real 1080 x 2400, largest app 2400 x 2400, smallest app 1080 x 1080, appVsyncOff 1000000, presDeadline 16666666, mode 1, renderFrameRate 60.000004, hasArrSupport false, frameRateCategoryRate FrameRateCategoryRate {normal=60.0, high=90.0}, supportedRefreshRates [60.000004], defaultMode 1, userPreferredModeId -1, supportedModes [{id=1, width=1080, height=2400, fps=60.000004, vsync=60.000004, synthetic=false, alternativeRefreshRates=[], supportedHdrTypes=[]}], appsSupportedModes [{id=1, width=1080, height=2400, fps=60.000004, vsync=60.000004, synthetic=false, alternativeRefreshRates=[], supportedHdrTypes=[]}], hdrCapabilities HdrCapabilities{mSupportedHdrTypes=[], mMaxLuminance=500.0, mMaxAverageLuminance=500.0, mMinLuminance=0.0}, isForceSdr false, userDisabledHdrTypes [], minimalPostProcessingSupported false, rotation 0, state UNKNOWN, committedState UNKNOWN, type INTERNAL, uniqueId "local:4619827259835644672", app 1080 x 2400, density 420 (420.0 x 420.0) dpi, layerStack 0, colorMode 0, supportedColorModes [0], address {port=0, model=0x401cec6a7a2b7b}, deviceProductInfo DeviceProductInfo{name=EMU_display_0, manufacturerPnpId=GGL, productId=1, modelYear=null, manufactureDate=ManufactureDate{week=27, year=2006}, connectionToSinkType=1}, removeMode 0, refreshRateOverride 0.0, brightnessMinimum 0.035433073, brightnessMaximum 1.0, brightnessDefault 0.39763778, brightnessDim 0.05, installOrientation ROTATION_0, layoutLimitedRefreshRate null, hdrSdrRatio not_available, thermalRefreshRateThrottling {}, thermalBrightnessThrottlingDataId default, canHostTasks true}}
05-26 09:30:29.605   677   677 D SystemServerTiming: StartWallpaperEffectsGenerationService
05-26 09:30:29.605   677   677 I SystemServiceManager: Starting com.android.server.wallpapereffectsgeneration.WallpaperEffectsGenerationManagerService
05-26 09:30:29.605   677   677 D SystemServerTiming: StartAudioService
05-26 09:30:29.605   677   677 I SystemServiceManager: Starting com.android.server.audio.AudioService$Lifecycle
05-26 09:30:29.633   677   677 E PowerManagerService: Tried to acquire wake lock for invalid display: 0
05-26 09:30:29.635   677   677 D SystemServerTiming: StartSoundTriggerMiddlewareService
05-26 09:30:29.635   677   677 I SystemServiceManager: Starting com.android.server.soundtrigger_middleware.SoundTriggerMiddlewareService$Lifecycle
05-26 09:30:29.635   677   878 I AS.AudioService: updateIndexFactors() stream:0 index min/max:1/15 indexStepFactor:3.5
05-26 09:30:29.636   677   878 I AS.AudioService: updateIndexFactors() stream:1 index min/max:0/7 indexStepFactor:1.0
05-26 09:30:29.636   677   878 I AS.AudioService: updateIndexFactors() stream:2 index min/max:0/7 indexStepFactor:1.0
05-26 09:30:29.637   677   878 I AS.AudioService: updateIndexFactors() stream:3 index min/max:0/15 indexStepFactor:1.0
05-26 09:30:29.637   677   677 I SoundTriggerMiddlewareDefaultHalFactory: Connecting to default soundtrigger-V2.x.ISoundTriggerHw
05-26 09:30:29.637   677   878 I AS.AudioService: updateIndexFactors() stream:4 index min/max:1/7 indexStepFactor:1.0
05-26 09:30:29.637   677   878 I AS.AudioService: updateIndexFactors() stream:5 index min/max:0/7 indexStepFactor:1.0
05-26 09:30:29.637   677   878 I AS.AudioService: updateIndexFactors() stream:7 index min/max:0/7 indexStepFactor:1.0
05-26 09:30:29.637   677   677 E SoundTriggerMiddlewareImpl: Failed to add a SoundTriggerModule instance
05-26 09:30:29.637   677   677 E SoundTriggerMiddlewareImpl: java.util.NoSuchElementException
05-26 09:30:29.637   677   677 E SoundTriggerMiddlewareImpl: 	at android.os.HwBinder.getService(Native Method)
05-26 09:30:29.637   677   677 E SoundTriggerMiddlewareImpl: 	at android.hardware.soundtrigger.V2_0.ISoundTriggerHw.getService(ISoundTriggerHw.java:57)
05-26 09:30:29.637   677   677 E SoundTriggerMiddlewareImpl: 	at android.hardware.soundtrigger.V2_0.ISoundTriggerHw.getService(ISoundTriggerHw.java:64)
05-26 09:30:29.637   677   677 E SoundTriggerMiddlewareImpl: 	at com.android.server.soundtrigger_middleware.DefaultHalFactory.create(DefaultHalFactory.java:76)
05-26 09:30:29.637   677   677 E SoundTriggerMiddlewareImpl: 	at com.android.server.soundtrigger_middleware.SoundTriggerModule.attachToHal(SoundTriggerModule.java:176)
05-26 09:30:29.637   677   677 E SoundTriggerMiddlewareImpl: 	at com.android.server.soundtrigger_middleware.SoundTriggerModule.<init>(SoundTriggerModule.java:105)
05-26 09:30:29.637   677   677 E SoundTriggerMiddlewareImpl: 	at com.android.server.soundtrigger_middleware.SoundTriggerMiddlewareImpl.<init>(SoundTriggerMiddlewareImpl.java:86)
05-26 09:30:29.637   677   677 E SoundTriggerMiddlewareImpl: 	at com.android.server.soundtrigger_middleware.SoundTriggerMiddlewareService$Lifecycle.onStart(SoundTriggerMiddlewareService.java:248)
05-26 09:30:29.637   677   677 E SoundTriggerMiddlewareImpl: 	at com.android.server.SystemServiceManager.startService(SystemServiceManager.java:280)
05-26 09:30:29.637   677   677 E SoundTriggerMiddlewareImpl: 	at com.android.server.SystemServiceManager.startService(SystemServiceManager.java:257)
05-26 09:30:29.637   677   677 E SoundTriggerMiddlewareImpl: 	at com.android.server.SystemServer.startOtherServices(SystemServer.java:2417)
05-26 09:30:29.637   677   677 E SoundTriggerMiddlewareImpl: 	at com.android.server.SystemServer.run(SystemServer.java:988)
05-26 09:30:29.637   677   677 E SoundTriggerMiddlewareImpl: 	at com.android.server.SystemServer.main(SystemServer.java:689)
05-26 09:30:29.637   677   677 E SoundTriggerMiddlewareImpl: 	at java.lang.reflect.Method.invoke(Native Method)
05-26 09:30:29.637   677   677 E SoundTriggerMiddlewareImpl: 	at com.android.internal.os.RuntimeInit$MethodAndArgsCaller.run(RuntimeInit.java:593)
05-26 09:30:29.637   677   677 E SoundTriggerMiddlewareImpl: 	at com.android.internal.os.ZygoteInit.main(ZygoteInit.java:910)
05-26 09:30:29.638   677   878 I AS.AudioService: updateIndexFactors() stream:8 index min/max:0/15 indexStepFactor:1.0
05-26 09:30:29.638   677   878 I AS.AudioService: updateIndexFactors() stream:9 index min/max:0/15 indexStepFactor:1.0
05-26 09:30:29.638   677   878 I AS.AudioService: updateIndexFactors() stream:10 index min/max:1/15 indexStepFactor:1.0
05-26 09:30:29.639   677   878 I AS.AudioService: updateIndexFactors() stream:11 index min/max:0/15 indexStepFactor:1.0
05-26 09:30:29.639   677   677 D SystemServerTiming: StartDockObserver
05-26 09:30:29.639   677   677 I SystemServiceManager: Starting com.android.server.DockObserver
05-26 09:30:29.639   677   677 I DockObserver: No extcon dock device found in this kernel.
05-26 09:30:29.639   677   677 D SystemServerTiming: StartWiredAccessoryManager
05-26 09:30:29.639   677   677 W WiredAccessoryManager: This kernel does not have usb audio support
05-26 09:30:29.639   677   677 W WiredAccessoryManager: This kernel does not have HDMI audio support
05-26 09:30:29.639   677   677 D SystemServerTiming: StartMidiManager
05-26 09:30:29.639   677   677 I SystemServiceManager: Starting com.android.server.midi.MidiService$Lifecycle
05-26 09:30:29.640   677   677 D SystemServerTiming: StartAdbService
05-26 09:30:29.640   677   677 I SystemServiceManager: Starting com.android.server.adb.AdbService$Lifecycle
05-26 09:30:29.641   677   677 D SystemServerTiming: StartUsbService
05-26 09:30:29.641   677   677 I SystemServiceManager: Starting com.android.server.usb.UsbService$Lifecycle
05-26 09:30:29.641   677   677 D SystemServerTiming: StartSerialService
05-26 09:30:29.641   677   804 D SystemServerTimingAsync: InitThreadPoolExec:UsbService$Lifecycle#onStart
05-26 09:30:29.641   677   677 I SystemServiceManager: Starting com.android.server.SerialService$Lifecycle
05-26 09:30:29.641   677   804 I UsbDeviceManager: failed to write to /sys/class/android_usb/android0/f_rndis/ethaddr
05-26 09:30:29.641   677   677 D SystemServerTiming: StartHardwarePropertiesManagerService
05-26 09:30:29.641   677   804 D UsbPortManager: Querying USB Gadget HAL version
05-26 09:30:29.642   677   677 D SystemServerTiming: StartTwilightService
05-26 09:30:29.642   677   677 I SystemServiceManager: Starting com.android.server.twilight.TwilightService
05-26 09:30:29.642   677   677 D SystemServerTiming: StartColorDisplay
05-26 09:30:29.642   677   677 I SystemServiceManager: Starting com.android.server.display.color.ColorDisplayService
05-26 09:30:29.643   677   804 E UsbDeviceManager: connectToProxy: usb gadget hidl hal service not found.
05-26 09:30:29.643   677   804 E UsbDeviceManager: java.util.NoSuchElementException
05-26 09:30:29.643   677   804 E UsbDeviceManager: 	at android.os.HwBinder.getService(Native Method)
05-26 09:30:29.643   677   804 E UsbDeviceManager: 	at android.hardware.usb.gadget.V1_0.IUsbGadget.getService(IUsbGadget.java:57)
05-26 09:30:29.643   677   804 E UsbDeviceManager: 	at android.hardware.usb.gadget.V1_0.IUsbGadget.getService(IUsbGadget.java:64)
05-26 09:30:29.643   677   804 E UsbDeviceManager: 	at com.android.server.usb.hal.gadget.UsbGadgetHidl.isServicePresent(UsbGadgetHidl.java:128)
05-26 09:30:29.643   677   804 E UsbDeviceManager: 	at com.android.server.usb.hal.gadget.UsbGadgetHalInstance.getInstance(UsbGadgetHalInstance.java:39)
05-26 09:30:29.643   677   804 E UsbDeviceManager: 	at com.android.server.usb.UsbDeviceManager.<init>(UsbDeviceManager.java:349)
05-26 09:30:29.643   677   804 E UsbDeviceManager: 	at com.android.server.usb.UsbService.<init>(UsbService.java:219)
05-26 09:30:29.643   677   804 E UsbDeviceManager: 	at com.android.server.usb.UsbService$Lifecycle.lambda$onStart$0(UsbService.java:125)
05-26 09:30:29.643   677   804 E UsbDeviceManager: 	at com.android.server.usb.UsbService$Lifecycle.$r8$lambda$HIZVSW8uTg1XjWF6etZh-bC1WP4(UsbService.java:0)
05-26 09:30:29.643   677   804 E UsbDeviceManager: 	at com.android.server.usb.UsbService$Lifecycle$$ExternalSyntheticLambda0.run(R8$$SyntheticClass:0)
05-26 09:30:29.643   677   804 E UsbDeviceManager: 	at com.android.server.SystemServerInitThreadPool.lambda$submitTask$0(SystemServerInitThreadPool.java:107)
05-26 09:30:29.643   677   804 E UsbDeviceManager: 	at com.android.server.SystemServerInitThreadPool.$r8$lambda$KBkrFsHiqcxWyjNRg1WxRI4WNHA(SystemServerInitThreadPool.java:0)
05-26 09:30:29.643   677   804 E UsbDeviceManager: 	at com.android.server.SystemServerInitThreadPool$$ExternalSyntheticLambda1.run(R8$$SyntheticClass:0)
05-26 09:30:29.643   677   804 E UsbDeviceManager: 	at java.util.concurrent.Executors$RunnableAdapter.call(Executors.java:524)
05-26 09:30:29.643   677   804 E UsbDeviceManager: 	at java.util.concurrent.FutureTask.run(FutureTask.java:317)
05-26 09:30:29.643   677   804 E UsbDeviceManager: 	at java.util.concurrent.ThreadPoolExecutor.runWorker(ThreadPoolExecutor.java:1156)
05-26 09:30:29.643   677   804 E UsbDeviceManager: 	at java.util.concurrent.ThreadPoolExecutor$Worker.run(ThreadPoolExecutor.java:651)
05-26 09:30:29.643   677   804 E UsbDeviceManager: 	at com.android.internal.util.ConcurrentUtils$1$1.run(ConcurrentUtils.java:65)
05-26 09:30:29.643   677   804 E UsbPortManager: USB Gadget HAL AIDL/HIDL not present
05-26 09:30:29.643   677   804 D UsbDeviceManager: getInstance done
05-26 09:30:29.643   677   804 E UsbDeviceManager: Failed to open control for mtp
05-26 09:30:29.643   677   804 E UsbDeviceManager: Failed to open control for ptp
05-26 09:30:29.643   677   677 D SystemServerTiming: StartJobScheduler
05-26 09:30:29.643   677   677 I SystemServiceManager: Starting com.android.server.job.JobSchedulerService
05-26 09:30:29.645   677   804 W StorageManagerService: No primary storage defined yet; hacking together a stub
05-26 09:30:29.645   677   804 D UsbPortManager: Querying USB HAL version
05-26 09:30:29.646   677   804 I UsbPortManager: USB HAL AIDL present
05-26 09:30:29.647   677   804 D UsbPortManager: getInstance done
05-26 09:30:29.649   677   732 D JobStore: Start tag: job-info
05-26 09:30:29.649   677   838 I UsbPortManager: all: opID:1 successful
05-26 09:30:29.651   677   677 D CompatChangeReporter: Compat change id reported: 349487600; UID 1000; state: ENABLED
05-26 09:30:29.651   677   806 W SyncManager: Failure adding authority: auth=subscribedfeeds enabled=false syncable=1
05-26 09:30:29.652   677   732 D JobStore: Start tag: job-info
05-26 09:30:29.652   677   677 V LegacyHistoricalRegistry: Interaction before persistence initialized
05-26 09:30:29.652   677   677 V LegacyHistoricalRegistry: Interaction before persistence initialized
05-26 09:30:29.652   677   677 V LegacyHistoricalRegistry: Interaction before persistence initialized
05-26 09:30:29.652   677   732 D JobStore: Start tag: job-info
05-26 09:30:29.653   677   677 D SystemServerTiming: StartSoundTrigger
05-26 09:30:29.653   677   677 I SystemServiceManager: Starting com.android.server.soundtrigger.SoundTriggerService
05-26 09:30:29.653   677   677 D SystemServerTiming: StartTrustManager
05-26 09:30:29.653   677   677 I SystemServiceManager: Starting com.android.server.trust.TrustManagerService
05-26 09:30:29.653   677   732 D JobStore: Start tag: job-info
05-26 09:30:29.654   677   677 D SystemServerTiming: StartBackupManager
05-26 09:30:29.654   677   677 I SystemServiceManager: Starting com.android.server.backup.BackupManagerService$Lifecycle
05-26 09:30:29.654   677   732 D JobStore: Start tag: job-info
05-26 09:30:29.654   677   677 D BackupManagerService: Default backup user id = 0
05-26 09:30:29.654   677   677 D SystemServerTiming: StartAppWidgetService
05-26 09:30:29.654   677   677 I SystemServiceManager: Starting com.android.server.appwidget.AppWidgetService
05-26 09:30:29.655   677   732 D JobStore: Start tag: job-info
05-26 09:30:29.655   677   732 D JobStore: Start tag: job-info
05-26 09:30:29.656   677   732 D JobStore: Start tag: job-info
05-26 09:30:29.656   677   677 D SystemServerTiming: StartVoiceRecognitionManager
05-26 09:30:29.656   677   677 I SystemServiceManager: Starting com.android.server.voiceinteraction.VoiceInteractionManagerService
05-26 09:30:29.656   677   732 D JobStore: Start tag: job-info
05-26 09:30:29.657   677   732 D JobStore: Start tag: job-info
05-26 09:30:29.658   677   732 D JobStore: Start tag: job-info
05-26 09:30:29.659   677   878 W BroadcastLoopers: Found previously unknown looper Thread[AudioService,5,main]
05-26 09:30:29.659   677   732 D JobStore: Start tag: job-info
05-26 09:30:29.659   677   732 D JobStore: Start tag: job-info
05-26 09:30:29.660   677   732 D JobStore: Start tag: job-info
05-26 09:30:29.661   677   732 D JobStore: Start tag: job-info
05-26 09:30:29.662   677   732 D JobStore: Start tag: job-info
05-26 09:30:29.663   677   732 D JobStore: Start tag: job-info
05-26 09:30:29.664   677   732 I JobStore: Read 77 jobs
05-26 09:30:29.749   677   677 D SystemServerTiming: StartGestureLauncher
05-26 09:30:29.749   677   677 I SystemServiceManager: Starting com.android.server.GestureLauncherService
05-26 09:30:29.750   677   677 D SystemServerTiming: StartSensorNotification
05-26 09:30:29.750   677   677 I SystemServiceManager: Starting com.android.server.SensorNotificationService
05-26 09:30:29.750   677   677 D SystemServerTiming: StartContextHubSystemService
05-26 09:30:29.750   677   677 I SystemServiceManager: Starting com.android.server.ContextHubSystemService
05-26 09:30:29.750   677   791 D SystemServerTimingAsync: InitThreadPoolExec:Init ContextHubSystemService
05-26 09:30:29.750   677   677 D SystemServerTiming: StartDiskStatsService
05-26 09:30:29.751   677   677 D SystemServerTiming: RuntimeService
05-26 09:30:29.752   677   677 D SystemServerTiming: StartNetworkTimeUpdateService
05-26 09:30:29.753   677   677 D SystemServerTiming: CertBlocklister
05-26 09:30:29.753   677   677 D SystemServerTiming: StartEmergencyAffordanceService
05-26 09:30:29.753   677   677 I SystemServiceManager: Starting com.android.server.emergency.EmergencyAffordanceService
05-26 09:30:29.753   677   677 D SystemServerTiming: startBlobStoreManagerService
05-26 09:30:29.754   677   677 I SystemServiceManager: Starting com.android.server.blob.BlobStoreManagerService
05-26 09:30:29.754   677   677 D SystemServerTiming: StartDreamManager
05-26 09:30:29.754   677   677 I SystemServiceManager: Starting com.android.server.dreams.DreamManagerService
05-26 09:30:29.755   677   677 D SystemServerTiming: AddGraphicsStatsService
05-26 09:30:29.756   677   677 D SystemServerTiming: StartPrintManager
05-26 09:30:29.756   677   677 I SystemServiceManager: Starting com.android.server.print.PrintManagerService
05-26 09:30:29.756   677   677 D SystemServerTiming: StartAttestationVerificationService
05-26 09:30:29.757   677   677 I SystemServiceManager: Starting com.android.server.security.AttestationVerificationManagerService
05-26 09:30:29.757   677   677 D AVF     : Started
05-26 09:30:29.757   677   677 D SystemServerTiming: StartCompanionDeviceManager
05-26 09:30:29.757   677   677 I SystemServiceManager: Starting com.android.server.companion.CompanionDeviceManagerService
05-26 09:30:29.758   677   677 I CDM_CompanionTransportManager: Registering OnTransportsChangedListener
05-26 09:30:29.759   677   677 I CDM_AssociationDiskStore: Reading associations for user 0 from disk.
05-26 09:30:29.759   677   901 I CDM_ObservableUuidStore: Reading ObservableUuid for user 0 from file=/data/system_de/0/observing_uuids_presence.xml
05-26 09:30:29.759   677   901 D CDM_ObservableUuidStore: File does not exist -> Abort
05-26 09:30:29.759   677   677 D SystemServerTiming: StartVirtualDeviceManager
05-26 09:30:29.759   677   677 I SystemServiceManager: Starting com.android.server.companion.virtual.VirtualDeviceManagerService
05-26 09:30:29.761   677   677 D SystemServerTiming: StartRestrictionManager
05-26 09:30:29.761   677   677 I SystemServiceManager: Starting com.android.server.restrictions.RestrictionsManagerService
05-26 09:30:29.762   677   677 D SystemServerTiming: StartMediaSessionService
05-26 09:30:29.762   677   677 I SystemServiceManager: Starting com.android.server.media.MediaSessionService
05-26 09:30:29.763   677   677 D SystemServerTiming: StartMediaResourceMonitor
05-26 09:30:29.763   677   677 I SystemServiceManager: Starting com.android.server.media.MediaResourceMonitorService
05-26 09:30:29.763   677   677 D SystemServerTiming: StartMediaRouterService
05-26 09:30:29.764   677   677 V LegacyHistoricalRegistry: Interaction before persistence initialized
05-26 09:30:29.764   677   677 D SystemServerTiming: StartFingerprintSensor
05-26 09:30:29.764   677   677 I SystemServiceManager: Starting com.android.server.biometrics.sensors.fingerprint.FingerprintService
05-26 09:30:29.765   677   677 D SystemServerTiming: StartBiometricService
05-26 09:30:29.765   677   677 I SystemServiceManager: Starting com.android.server.biometrics.BiometricService
05-26 09:30:29.768   677   677 E SystemServiceRegistry: Manager wrapper not available: face
05-26 09:30:29.769   677   677 D SystemServerTiming: StartAuthService
05-26 09:30:29.769   677   677 I SystemServiceManager: Starting com.android.server.biometrics.AuthService
05-26 09:30:29.769   677   677 I FingerprintService: Before:getDeclaredInstances: IFingerprint instance found, a.length=1
05-26 09:30:29.769   677   677 I FingerprintService: After:getDeclaredInstances: a.length=2
05-26 09:30:29.770   677   677 I FaceService: Before:getDeclaredInstances: IFace instance found, a.length=0
05-26 09:30:29.770   677   677 I FaceService: After:getDeclaredInstances: a.length=1
05-26 09:30:29.770   677   906 E AuthService: Face configuration exists, but FaceService is null.
05-26 09:30:29.770   677   677 D SystemServerTiming: StartAuthenticationPolicyService
05-26 09:30:29.770   677   677 I SystemServiceManager: Starting com.android.server.security.authenticationpolicy.AuthenticationPolicyService
05-26 09:30:29.771   677   677 D SystemServerTiming: StartDynamicCodeLoggingService
05-26 09:30:29.771   677   677 D SystemServerTiming: StartPruneInstantAppsJobService
05-26 09:30:29.771   677   677 D SystemServerTiming: StartSelinuxAuditLogsService
05-26 09:30:29.776   677   677 D SelinuxAuditLogs: SelinuxAuditLogsService scheduled successfully.
05-26 09:30:29.776   677   677 D SystemServerTiming: StartShortcutServiceLifecycle
05-26 09:30:29.776   677   677 I SystemServiceManager: Starting com.android.server.pm.ShortcutService$Lifecycle
05-26 09:30:29.780   677   677 V LegacyHistoricalRegistry: Interaction before persistence initialized
05-26 09:30:29.780   677   677 D SystemServerTiming: StartLauncherAppsService
05-26 09:30:29.780   677   677 I SystemServiceManager: Starting com.android.server.pm.LauncherAppsService
05-26 09:30:29.781   677   677 D SystemServerTiming: StartCrossProfileAppsService
05-26 09:30:29.781   677   677 I SystemServiceManager: Starting com.android.server.pm.CrossProfileAppsService
05-26 09:30:29.784   677   677 D SystemServerTiming: StartPeopleService
05-26 09:30:29.784   677   677 I SystemServiceManager: Starting com.android.server.people.PeopleService
05-26 09:30:29.785   677   677 D SystemServerTiming: StartMediaMetricsManager
05-26 09:30:29.785   677   677 I SystemServiceManager: Starting com.android.server.media.metrics.MediaMetricsManagerService
05-26 09:30:29.786   677   677 D SystemServerTiming: StartBackgroundInstallControlService
05-26 09:30:29.786   677   677 I SystemServiceManager: Starting com.android.server.pm.BackgroundInstallControlService
05-26 09:30:29.787   677   677 D SystemServerTiming: StartMediaProjectionManager
05-26 09:30:29.787   677   677 I SystemServiceManager: Starting com.android.server.media.projection.MediaProjectionManagerService
05-26 09:30:29.790   677   905 D FingerprintProvider/default: Adding AIDL configs
05-26 09:30:29.791   677   905 D FingerprintProvider/default: Added: com.android.server.biometrics.sensors.fingerprint.aidl.Sensor@3a7a56b
05-26 09:30:29.791   677   905 D BiometricService: Registering ID: 0 Modality: 2 Strength: 15
05-26 09:30:29.791   677   905 D BiometricStrengthController: updateStrengths: revert sensorId=0 to oemStrength=15
05-26 09:30:29.791   677   905 D BiometricService/Sensor: updateStrength: Before(ID(0), oemStrength: 15, updatedStrength: 15, modality 2, state: 0, cookie: 0) After(ID(0), oemStrength: 15, updatedStrength: 15, modality 2, state: 0, cookie: 0)
05-26 09:30:29.791   677   677 D SystemServerTiming: StartSliceManagerService
05-26 09:30:29.791   677   677 I SystemServiceManager: Starting com.android.server.slice.SliceManagerService$Lifecycle
05-26 09:30:29.792   677   904 D BiometricScheduler: [Added] {[0] com.android.server.biometrics.sensors.fingerprint.aidl.FingerprintInternalCleanupClient, proto=7, owner=android, cookie=0, requestId=-1, userId=0}, new queue size: 1
05-26 09:30:29.792   677   677 D SystemServerTiming: StartStatsCompanion
05-26 09:30:29.792   677   904 D BiometricScheduler: [Starting User] {[1] com.android.server.biometrics.sensors.fingerprint.aidl.FingerprintStartUserClient, proto=17, owner=android, cookie=0, requestId=-1, userId=0}
05-26 09:30:29.792   677   904 D FingerprintProvider/default: Daemon was null, reconnecting
05-26 09:30:29.793   677   677 I SystemServiceManager: Starting com.android.server.stats.StatsCompanion$Lifecycle
05-26 09:30:29.795   677   677 D SystemServerTiming: StartRebootReadinessManagerService
05-26 09:30:29.795   677   677 I SystemServiceManager: Starting com.android.server.scheduling.RebootReadinessManagerService$Lifecycle
05-26 09:30:29.796   677   904 D Sensor  : New fingerprint session created for user: 0 with hal version: 3
05-26 09:30:29.797   677   904 D BiometricScheduler: [Added] {[2] com.android.server.biometrics.sensors.fingerprint.aidl.FingerprintGetAuthenticatorIdClient, proto=5, owner=android, cookie=0, requestId=-1, userId=0}, new queue size: 2
05-26 09:30:29.797   677   904 V BiometricScheduler: Not idle, current operation: {[1] com.android.server.biometrics.sensors.fingerprint.aidl.FingerprintStartUserClient, proto=17, owner=android, cookie=0, requestId=-1, userId=0}, State: 2
05-26 09:30:29.798   677   904 D BiometricScheduler: [Added] {[3] com.android.server.biometrics.sensors.fingerprint.aidl.FingerprintInternalCleanupClient, proto=7, owner=android, cookie=0, requestId=-1, userId=0}, new queue size: 3
05-26 09:30:29.798   677   904 V BiometricScheduler: Not idle, current operation: {[1] com.android.server.biometrics.sensors.fingerprint.aidl.FingerprintStartUserClient, proto=17, owner=android, cookie=0, requestId=-1, userId=0}, State: 2
05-26 09:30:29.798   677   904 D BiometricScheduler: [Client finished] {[1] com.android.server.biometrics.sensors.fingerprint.aidl.FingerprintStartUserClient, proto=17, owner=android, cookie=0, requestId=-1, userId=0}, success: true
05-26 09:30:29.798   677   904 D BiometricScheduler: [Polled] {[0] com.android.server.biometrics.sensors.fingerprint.aidl.FingerprintInternalCleanupClient, proto=7, owner=android, cookie=0, requestId=-1, userId=0}, State: 0
05-26 09:30:29.798   677   904 D BiometricScheduler: [Started] {[0] com.android.server.biometrics.sensors.fingerprint.aidl.FingerprintInternalCleanupClient, proto=7, owner=android, cookie=0, requestId=-1, userId=0}
05-26 09:30:29.798   677   904 W BiometricStateCallback: Other authentication client: FingerprintInternalCleanupClient
05-26 09:30:29.798   677   904 D BiometricStateCallback: State updated from 0 to 0, client {[0] com.android.server.biometrics.sensors.fingerprint.aidl.FingerprintInternalCleanupClient, proto=7, owner=android, cookie=0, requestId=-1, userId=0}
05-26 09:30:29.798   677   904 D Biometrics/InternalCleanupClient: Starting enumerate: {[4] com.android.server.biometrics.sensors.fingerprint.aidl.FingerprintInternalEnumerateClient, proto=6, owner=android, cookie=0, requestId=-1, userId=0} enrolledList size:0
05-26 09:30:29.798   677   904 V BiometricSchedulerOperation: started: {[0] com.android.server.biometrics.sensors.fingerprint.aidl.FingerprintInternalCleanupClient, proto=7, owner=android, cookie=0, requestId=-1, userId=0}, State: 2
05-26 09:30:29.798   677   904 D Biometrics/InternalCleanupClient: onEnumerated, remaining: 0
05-26 09:30:29.798   677   904 D Biometrics/InternalEnumerateClient: Null identifier
05-26 09:30:29.798   677   904 W BiometricLogger: Unknown field detected: CLIENT_UNKNOWN
05-26 09:30:29.798   677   904 D Biometrics/InternalCleanupClient: Enumerate onClientFinished: {[4] com.android.server.biometrics.sensors.fingerprint.aidl.FingerprintInternalEnumerateClient, proto=6, owner=android, cookie=0, requestId=-1, userId=0}, success: true
05-26 09:30:29.798   677   904 D BiometricStateCallback: Client finished, state updated to 0, client {[0] com.android.server.biometrics.sensors.fingerprint.aidl.FingerprintInternalCleanupClient, proto=7, owner=android, cookie=0, requestId=-1, userId=0}
05-26 09:30:29.798   677   904 D BiometricStateCallback: Enrollment state changed: false
05-26 09:30:29.798   677   904 D BiometricSchedulerOperation: [Finished / destroy]: {[0] com.android.server.biometrics.sensors.fingerprint.aidl.FingerprintInternalCleanupClient, proto=7, owner=android, cookie=0, requestId=-1, userId=0}
05-26 09:30:29.798   677   904 D BiometricScheduler: [Finishing] {[0] com.android.server.biometrics.sensors.fingerprint.aidl.FingerprintInternalCleanupClient, proto=7, owner=android, cookie=0, requestId=-1, userId=0}, success: true
05-26 09:30:29.798   677   904 D BiometricScheduler: [Polled] {[2] com.android.server.biometrics.sensors.fingerprint.aidl.FingerprintGetAuthenticatorIdClient, proto=5, owner=android, cookie=0, requestId=-1, userId=0}, State: 0
05-26 09:30:29.798   677   904 D BiometricScheduler: [Started] {[2] com.android.server.biometrics.sensors.fingerprint.aidl.FingerprintGetAuthenticatorIdClient, proto=5, owner=android, cookie=0, requestId=-1, userId=0}
05-26 09:30:29.799   677   904 V BiometricSchedulerOperation: started: {[2] com.android.server.biometrics.sensors.fingerprint.aidl.FingerprintGetAuthenticatorIdClient, proto=5, owner=android, cookie=0, requestId=-1, userId=0}, State: 2
05-26 09:30:29.799   677   904 D BiometricSchedulerOperation: [Finished / destroy]: {[2] com.android.server.biometrics.sensors.fingerprint.aidl.FingerprintGetAuthenticatorIdClient, proto=5, owner=android, cookie=0, requestId=-1, userId=0}
05-26 09:30:29.799   677   904 D BiometricScheduler: [Finishing] {[2] com.android.server.biometrics.sensors.fingerprint.aidl.FingerprintGetAuthenticatorIdClient, proto=5, owner=android, cookie=0, requestId=-1, userId=0}, success: true
05-26 09:30:29.799   677   904 D BiometricScheduler: [Polled] {[3] com.android.server.biometrics.sensors.fingerprint.aidl.FingerprintInternalCleanupClient, proto=7, owner=android, cookie=0, requestId=-1, userId=0}, State: 0
05-26 09:30:29.799   677   904 D BiometricScheduler: [Started] {[3] com.android.server.biometrics.sensors.fingerprint.aidl.FingerprintInternalCleanupClient, proto=7, owner=android, cookie=0, requestId=-1, userId=0}
05-26 09:30:29.799   677   904 W BiometricStateCallback: Other authentication client: FingerprintInternalCleanupClient
05-26 09:30:29.799   677   904 D BiometricStateCallback: State updated from 0 to 0, client {[3] com.android.server.biometrics.sensors.fingerprint.aidl.FingerprintInternalCleanupClient, proto=7, owner=android, cookie=0, requestId=-1, userId=0}
05-26 09:30:29.799   677   904 D Biometrics/InternalCleanupClient: Starting enumerate: {[5] com.android.server.biometrics.sensors.fingerprint.aidl.FingerprintInternalEnumerateClient, proto=6, owner=android, cookie=0, requestId=-1, userId=0} enrolledList size:0
05-26 09:30:29.799   677   904 V BiometricSchedulerOperation: started: {[3] com.android.server.biometrics.sensors.fingerprint.aidl.FingerprintInternalCleanupClient, proto=7, owner=android, cookie=0, requestId=-1, userId=0}, State: 2
05-26 09:30:29.799   677   904 D Biometrics/InternalCleanupClient: onEnumerated, remaining: 0
05-26 09:30:29.799   677   904 D Biometrics/InternalEnumerateClient: Null identifier
05-26 09:30:29.799   677   904 W BiometricLogger: Unknown field detected: CLIENT_UNKNOWN
05-26 09:30:29.799   677   904 D Biometrics/InternalCleanupClient: Enumerate onClientFinished: {[5] com.android.server.biometrics.sensors.fingerprint.aidl.FingerprintInternalEnumerateClient, proto=6, owner=android, cookie=0, requestId=-1, userId=0}, success: true
05-26 09:30:29.799   677   904 D BiometricStateCallback: Client finished, state updated to 0, client {[3] com.android.server.biometrics.sensors.fingerprint.aidl.FingerprintInternalCleanupClient, proto=7, owner=android, cookie=0, requestId=-1, userId=0}
05-26 09:30:29.799   677   904 D BiometricStateCallback: Enrollment state changed: false
05-26 09:30:29.799   677   904 D BiometricSchedulerOperation: [Finished / destroy]: {[3] com.android.server.biometrics.sensors.fingerprint.aidl.FingerprintInternalCleanupClient, proto=7, owner=android, cookie=0, requestId=-1, userId=0}
05-26 09:30:29.799   677   904 D BiometricScheduler: [Finishing] {[3] com.android.server.biometrics.sensors.fingerprint.aidl.FingerprintInternalCleanupClient, proto=7, owner=android, cookie=0, requestId=-1, userId=0}, success: true
05-26 09:30:29.799   677   904 D BiometricScheduler: No operations, returning to idle
05-26 09:30:29.800   677   677 D SystemServerTiming: StartStatsPullAtomService
05-26 09:30:29.800   677   677 I SystemServiceManager: Starting com.android.server.stats.pull.StatsPullAtomService
05-26 09:30:29.800   677   677 D SystemServerTiming: StatsBootstrapAtomService
05-26 09:30:29.800   677   677 I SystemServiceManager: Starting com.android.server.stats.bootstrap.StatsBootstrapAtomService$Lifecycle
05-26 09:30:29.800   677   677 D SystemServerTiming: StartIncidentCompanionService
05-26 09:30:29.800   677   677 I SystemServiceManager: Starting com.android.server.incident.IncidentCompanionService
05-26 09:30:29.800   677   677 D SystemServerTiming: StarSdkSandboxManagerService
05-26 09:30:29.800   677   677 I SystemServiceManager: Starting com.android.server.sdksandbox.SdkSandboxManagerService$Lifecycle
05-26 09:30:29.806   677   677 D SystemServerTiming: StartAdServicesManagerService
05-26 09:30:29.807   677   677 I SystemServiceManager: Starting com.android.server.adservices.AdServicesManagerService$Lifecycle
05-26 09:30:29.809   677   677 I SystemCtxSingleton: Set singleton context as android.app.ContextImpl@611089b
05-26 09:30:29.813   677   677 D SystemServerTiming: StartOnDevicePersonalizationSystemService
05-26 09:30:29.813   677   677 I SystemServiceManager: Starting com.android.server.ondevicepersonalization.OnDevicePersonalizationSystemService$Lifecycle
05-26 09:30:29.814   677   677 D SystemServerTiming: StartProfilingCompanion
05-26 09:30:29.814   677   677 I SystemServiceManager: Starting android.os.profiling.ProfilingService$Lifecycle
05-26 09:30:29.817   677   677 D SystemServerTiming: StartMmsService
05-26 09:30:29.817   677   677 I SystemServiceManager: Starting com.android.server.MmsServiceBroker
05-26 09:30:29.818   677   677 D SystemServerTiming: StartAutoFillService
05-26 09:30:29.818   677   677 I SystemServiceManager: Starting com.android.server.autofill.AutofillManagerService
05-26 09:30:29.820   677   677 D AutofillManagerService: setLogLevelFromSettings(): level=0, debug=false, verbose=false
05-26 09:30:29.821   677   677 E AutofillManagerServiceImpl: Bad service name: com.google.android.gms/.autofill.service.AutofillService
05-26 09:30:29.822   677   677 E RemoteAugmentedAutofillService: Bad service name for flags 1048704: com.google.android.as/com.google.android.apps.miphone.aiai.app.AiAiAugmentedAutofillService
05-26 09:30:29.823   677   677 D SystemServerTiming: StartCredentialManagerService
05-26 09:30:29.823   677   677 I SystemServiceManager: Starting com.android.server.credentials.CredentialManagerService
05-26 09:30:29.824   677   677 D SystemServerTiming: StartTranslationManagerService
05-26 09:30:29.824   677   677 I SystemServiceManager: Starting com.android.server.translation.TranslationManagerService
05-26 09:30:29.824   677   677 D SystemServerTiming: StartClipboardService
05-26 09:30:29.824   677   677 I SystemServiceManager: Starting com.android.server.clipboard.ClipboardService
05-26 09:30:29.825   677   677 D SystemServerTiming: AppServiceManager
05-26 09:30:29.825   677   677 I SystemServiceManager: Starting com.android.server.appbinding.AppBindingService$Lifecycle
05-26 09:30:29.826   677   677 D SystemServerTiming: startTracingServiceProxy
05-26 09:30:29.826   677   677 I SystemServiceManager: Starting com.android.server.tracing.TracingServiceProxy
05-26 09:30:29.826   677   677 D SystemServerTiming: StartDynamicInstrumentationManager
05-26 09:30:29.826   677   677 I SystemServiceManager: Starting com.android.server.os.instrumentation.DynamicInstrumentationManagerService
05-26 09:30:29.826   677   677 D SystemServerTiming: MakeLockSettingsServiceReady
05-26 09:30:29.830   677   677 I LockSettingsService: Device implements AIDL AuthSecret HAL
05-26 09:30:29.832   677   677 D SystemServerTiming: StartBootPhaseLockSettingsReady
05-26 09:30:29.832   677   677 I SystemServiceManager: Starting phase 480
05-26 09:30:29.832   677   677 D SystemServerTiming: OnBootPhase_480
05-26 09:30:29.832   677   677 D SystemServerTiming: OnBootPhase_480_com.android.server.security.FileIntegrityService
05-26 09:30:29.832   677   677 D SystemServerTiming: OnBootPhase_480_com.android.server.pm.Installer
05-26 09:30:29.832   677   677 D SystemServerTiming: OnBootPhase_480_com.android.server.os.DeviceIdentifiersPolicyService
05-26 09:30:29.832   677   677 D SystemServerTiming: OnBootPhase_480_com.android.server.flags.FeatureFlagsService
05-26 09:30:29.832   677   677 D SystemServerTiming: OnBootPhase_480_com.android.server.uri.UriGrantsManagerService$Lifecycle
05-26 09:30:29.832   677   677 D SystemServerTiming: OnBootPhase_480_com.android.server.powerstats.PowerStatsService
05-26 09:30:29.832   677   677 D SystemServerTiming: OnBootPhase_480_com.android.server.permission.access.AccessCheckingService
05-26 09:30:29.832   677   677 D SystemServerTiming: OnBootPhase_480_com.android.server.wm.ActivityTaskManagerService$Lifecycle
05-26 09:30:29.832   677   677 D SystemServerTiming: OnBootPhase_480_com.android.server.am.ActivityManagerService$Lifecycle
05-26 09:30:29.832   677   677 D SystemServerTiming: OnBootPhase_480_com.android.server.pm.DataLoaderManagerService
05-26 09:30:29.832   677   677 D SystemServerTiming: OnBootPhase_480_com.android.server.power.PowerManagerService
05-26 09:30:29.832   677   677 D SystemServerTiming: OnBootPhase_480_com.android.server.power.ThermalManagerService
05-26 09:30:29.832   677   677 D SystemServerTiming: OnBootPhase_480_com.android.server.recoverysystem.RecoverySystemService$Lifecycle
05-26 09:30:29.832   677   677 D SystemServerTiming: OnBootPhase_480_com.android.server.lights.LightsService
05-26 09:30:29.832   677   677 D SystemServerTiming: OnBootPhase_480_com.android.server.display.DisplayManagerService
05-26 09:30:29.832   677   677 D SystemServerTiming: OnBootPhase_480_com.android.server.pm.verify.domain.DomainVerificationService
05-26 09:30:29.832   677   677 D SystemServerTiming: OnBootPhase_480_com.android.server.pm.PackageInstallerService$Lifecycle
05-26 09:30:29.832   677   677 D SystemServerTiming: OnBootPhase_480_com.android.server.pm.UserManagerService$LifeCycle
05-26 09:30:29.832   677   677 D SystemServerTiming: OnBootPhase_480_com.android.server.om.OverlayManagerService
05-26 09:30:29.832   677   677 D SystemServerTiming: OnBootPhase_480_com.android.server.resources.ResourcesManagerService
05-26 09:30:29.832   677   677 D SystemServerTiming: OnBootPhase_480_com.android.server.sensorprivacy.SensorPrivacyService
05-26 09:30:29.832   677   677 D SystemServerTiming: OnBootPhase_480_com.android.server.sensors.SensorService
05-26 09:30:29.832   677   677 D SystemServerTiming: OnBootPhase_480_com.android.server.SystemConfigService
05-26 09:30:29.832   677   677 D SystemServerTiming: OnBootPhase_480_com.android.server.BatteryService
05-26 09:30:29.832   677   677 D SystemServerTiming: OnBootPhase_480_com.android.server.usage.UsageStatsService
05-26 09:30:29.832   677   677 D SystemServerTiming: OnBootPhase_480_com.android.server.webkit.WebViewUpdateService
05-26 09:30:29.832   677   677 D SystemServerTiming: OnBootPhase_480_com.android.server.CachedDeviceStateService
05-26 09:30:29.832   677   677 D SystemServerTiming: OnBootPhase_480_com.android.server.BinderCallsStatsService$LifeCycle
05-26 09:30:29.832   677   677 D SystemServerTiming: OnBootPhase_480_com.android.server.LooperStatsService$Lifecycle
05-26 09:30:29.832   677   677 D SystemServerTiming: OnBootPhase_480_com.android.server.rollback.RollbackManagerService
