--------- beginning of main
05-28 10:50:21.205   221   221 W linker  : Warning: failed to find generated linker configuration from "/linkerconfig/ld.config.txt"
05-28 10:50:21.206   222   222 W linker  : Warning: failed to find generated linker configuration from "/linkerconfig/ld.config.txt"
05-28 10:50:21.208   211   211 I prng_seeder: main: Starting listen loop
05-28 10:50:21.214   216   216 I lowmemorykiller: Wakeup counter is reset from 0 to 0
05-28 10:50:21.215   216   216 I lowmemorykiller: Using psi monitors for memory pressure detection
05-28 10:50:21.215   216   216 I lowmemorykiller: Process polling is supported
05-28 10:50:21.215   216   216 I lowmemorykiller: Process reaper initialized with 2 threads in the pool
05-28 10:50:21.216   216   230 W libprocessgroup: A JoinCgroup action in the SystemMemoryProcess profile is used for controller memory in the cgroup v2 hierarchy and will be ignored
05-28 10:50:21.217   224   224 I qemu-props: successfully set property 'vendor.qemu.sf.fake_camera' to 'front'
05-28 10:50:21.217   224   224 I qemu-props: successfully set property 'qemu.hw.mainkeys' to '0'
05-28 10:50:21.218   224   224 I qemu-props: successfully set property 'qemu.sf.lcd_density' to '420'
05-28 10:50:21.218   224   224 I qemu-props: successfully set property 'vendor.net.wifi_mac_prefix' to '5554'
05-28 10:50:21.218   224   224 I qemu-props: successfully set property 'vendor.qemu.timezone' to 'Europe/Athens'
05-28 10:50:21.218   224   224 I qemu-props: successfully set property 'vendor.qemu.vport.uwb' to '/dev/vport8p2'
05-28 10:50:21.218   224   224 W qemu-props: could not open '/sys/class/virtio-ports/vport8p0/name'
05-28 10:50:21.218   224   224 I qemu-props: successfully set property 'vendor.qemu.vport.modem' to '/dev/vport9p1'
05-28 10:50:21.218   224   224 I qemu-props: successfully set property 'vendor.qemu.vport.bluetooth' to '/dev/vport8p3'
05-28 10:50:21.218   224   224 W qemu-props: could not open '/sys/class/virtio-ports/vport8p1/name'
05-28 10:50:21.222   222   222 I hwservicemanager: getFrameworkHalManifest: Reading VINTF information.
01-01 02:00:00.020   214   214 W auditd  : type=2000 audit(0.0:1): state=initialized audit_enabled=0 res=1
05-28 10:50:21.024   214   214 W auditd  : type=1403 audit(0.0:2): auid=4294967295 ses=4294967295 lsm=selinux res=1
05-28 10:50:21.024   214   214 W auditd  : type=1404 audit(0.0:3): enforcing=1 old_enforcing=0 auid=4294967295 ses=4294967295 enabled=1 old-enabled=1 lsm=selinux res=1
05-28 10:50:21.227   222   222 I hwservicemanager: Loaded APEX Infos from /bootstrap-apex/apex-info-list.xml
05-28 10:50:21.227   222   222 I hwservicemanager: getDeviceHalManifest: Reading VINTF information.
05-28 10:50:21.227   222   222 I hwservicemanager: Loaded APEX Infos from /bootstrap-apex/apex-info-list.xml
05-28 10:50:21.229   222   222 I hwservicemanager: Loaded APEX Infos from /bootstrap-apex/apex-info-list.xml
05-28 10:50:21.229   222   222 I hwservicemanager: getDeviceHalManifest: Successfully processed VINTF information
05-28 10:50:21.229   222   222 I hwservicemanager: getFrameworkHalManifest: Successfully processed VINTF information
05-28 10:50:21.230   222   222 I hwservicemanager: hwservicemanager is ready now.
--------- beginning of system
05-28 10:50:21.248   232   232 I vold    : Vold 3.0 (the awakening) firing up
05-28 10:50:21.248   232   232 D vold    : Detected support for: ext4 f2fs vfat
05-28 10:50:21.250   232   232 I vold    : [libfstab] Using Android DT directory /proc/device-tree/firmware/android/
05-28 10:50:21.251   232   232 W vold    : Thread Pool max thread count is 0. Cannot cache binder as linkToDeath cannot be implemented. serviceName: vold
05-28 10:50:21.251   232   232 D vold    : VoldNativeService::start() completed OK
05-28 10:50:21.253   232   232 D vold    : VendorVoldNativeService::try_start() completed OK
05-28 10:50:21.282   244   244 I aconfigd_system: main: starting aconfigd_system commands.
05-28 10:50:21.284   244   244 D aconfigd_system: aconfigd_rust::aconfigd: remove boot storage files for container product
05-28 10:50:21.285   244   244 D aconfigd_system: aconfigd_rust::aconfigd: remove boot storage files for container system
05-28 10:50:21.285   244   244 D aconfigd_system: aconfigd_rust::aconfigd: remove boot storage files for container system_ext
05-28 10:50:21.285   244   244 D aconfigd_system: aconfigd_rust::aconfigd: remove boot storage files for container vendor
05-28 10:50:21.285   244   244 D aconfigd_system: aconfigd_rust::storage_files: create product storage files object from pb entry
05-28 10:50:21.286   244   244 D aconfigd_system: aconfigd_rust::storage_files: create system storage files object from pb entry
05-28 10:50:21.286   244   244 D aconfigd_system: aconfigd_rust::storage_files: create system_ext storage files object from pb entry
05-28 10:50:21.287   244   244 D aconfigd_system: aconfigd_rust::storage_files: create vendor storage files object from pb entry
05-28 10:50:21.287   244   244 D aconfigd_system: aconfigd_rust::aconfigd: start initialize system flags
05-28 10:50:21.288   244   244 D aconfigd_system: aconfigd_rust::storage_files_manager: no need to update system, computed digest matches with record
05-28 10:50:21.288   244   244 D aconfigd_system: aconfigd_rust::storage_files_manager: writing updated storage records /metadata/aconfig/platform_storage_records.pb
05-28 10:50:21.289   244   244 D aconfigd_system: aconfigd_rust::aconfigd: start initialize system_ext flags
05-28 10:50:21.289   244   244 D aconfigd_system: aconfigd_rust::storage_files_manager: no need to update system_ext, computed digest matches with record
05-28 10:50:21.289   244   244 D aconfigd_system: aconfigd_rust::storage_files_manager: writing updated storage records /metadata/aconfig/platform_storage_records.pb
05-28 10:50:21.289   244   244 D aconfigd_system: aconfigd_rust::aconfigd: start initialize product flags
05-28 10:50:21.289   244   244 D aconfigd_system: aconfigd_rust::storage_files_manager: no need to update product, computed digest matches with record
05-28 10:50:21.289   244   244 D aconfigd_system: aconfigd_rust::storage_files_manager: writing updated storage records /metadata/aconfig/platform_storage_records.pb
05-28 10:50:21.289   244   244 D aconfigd_system: aconfigd_rust::aconfigd: start initialize vendor flags
05-28 10:50:21.289   244   244 D aconfigd_system: aconfigd_rust::storage_files_manager: no need to update vendor, computed digest matches with record
05-28 10:50:21.289   244   244 D aconfigd_system: aconfigd_rust::storage_files_manager: writing updated storage records /metadata/aconfig/platform_storage_records.pb
05-28 10:50:21.290   244   244 D aconfigd_system: aconfigd_rust::storage_files_manager: no OTA flags staged, skip
05-28 10:50:21.290   244   244 D aconfigd_system: aconfigd_rust::storage_files: apply staged server overrides for container system
05-28 10:50:21.290   244   244 D aconfigd_system: aconfigd_rust::storage_files: apply staged local overrides for container system
05-28 10:50:21.291   244   244 D aconfigd_system: aconfigd_rust::storage_files: apply staged server overrides for container system_ext
05-28 10:50:21.291   244   244 D aconfigd_system: aconfigd_rust::storage_files: apply staged local overrides for container system_ext
05-28 10:50:21.291   244   244 D aconfigd_system: aconfigd_rust::storage_files: apply staged server overrides for container product
05-28 10:50:21.292   244   244 D aconfigd_system: aconfigd_rust::storage_files: apply staged local overrides for container product
05-28 10:50:21.292   244   244 D aconfigd_system: aconfigd_rust::storage_files: apply staged server overrides for container vendor
05-28 10:50:21.292   244   244 D aconfigd_system: aconfigd_rust::storage_files: apply staged local overrides for container vendor
05-28 10:50:21.303   222   222 I hwservicemanager: getTransport: Cannot find entry android.system.suspend@1.0::ISystemSuspend/default in either framework or device VINTF manifest.
05-28 10:50:21.307   232   232 D vold    : fscrypt_mount_metadata_encrypted: /data encrypt: 0 format: 0 with null block device: /dev/block/vdc with zoned 0 length: 0
05-28 10:50:21.307   232   232 D vold    : metadata_key_dir/key: /metadata/vold/metadata_encryption/key
05-28 10:50:21.307   232   232 D vold    : Key exists, using: /metadata/vold/metadata_encryption/key
05-28 10:50:21.323   248   248 I android.hardware.security.keymint-service: adding keymint service instance: android.hardware.security.keymint.IKeyMintDevice/default
05-28 10:50:21.323   248   248 W android.hardware.security.keymint-service: Thread Pool max thread count is 0. Cannot cache binder as linkToDeath cannot be implemented. serviceName: android.hardware.security.keymint.IKeyMintDevice/default
05-28 10:50:21.323   248   248 I android.hardware.security.keymint-service: adding keymint service instance: android.hardware.security.secureclock.ISecureClock/default
05-28 10:50:21.323   248   248 W android.hardware.security.keymint-service: Thread Pool max thread count is 0. Cannot cache binder as linkToDeath cannot be implemented. serviceName: android.hardware.security.secureclock.ISecureClock/default
05-28 10:50:21.324   248   248 I android.hardware.security.keymint-service: adding keymint service instance: android.hardware.security.sharedsecret.ISharedSecret/default
05-28 10:50:21.324   248   248 W android.hardware.security.keymint-service: Thread Pool max thread count is 0. Cannot cache binder as linkToDeath cannot be implemented. serviceName: android.hardware.security.sharedsecret.ISharedSecret/default
05-28 10:50:21.324   248   248 I android.hardware.security.keymint-service: adding keymint service instance: android.hardware.security.keymint.IRemotelyProvisionedComponent/default
05-28 10:50:21.324   248   248 W android.hardware.security.keymint-service: Thread Pool max thread count is 0. Cannot cache binder as linkToDeath cannot be implemented. serviceName: android.hardware.security.keymint.IRemotelyProvisionedComponent/default
05-28 10:50:21.341   247   247 I keystore2: system/security/keystore2/src/keystore2_main.rs:61 - Keystore2 is starting.
05-28 10:50:21.341   247   247 I keystore2: system/security/keystore2/src/keystore2_main.rs:67 - Setting up sqlite logging for keystore2
05-28 10:50:21.343   247   254 I keystore2: system/security/keystore2/src/maintenance.rs:294 - start monitoring 'apexd.status' property
05-28 10:50:21.343   247   254 I keystore2: system/security/keystore2/src/maintenance.rs:299 - property 'apexd.status' is now 'Err(SystemPropertyAbsent)'
05-28 10:50:21.343   247   254 I keystore2: system/security/keystore2/src/maintenance.rs:304 - await a change to 'apexd.status'...
05-28 10:50:21.344   247   247 I keystore2: system/security/keystore2/src/keystore2_main.rs:105 - Starting thread pool now.
05-28 10:50:21.344   247   255 I keystore2: system/security/keystore2/src/globals.rs:474 - monitoring for sys.boot_completed=1
05-28 10:50:21.345   247   247 I keystore2: system/security/keystore2/src/globals.rs:282 - KeyMint device is current version (Some(400)) for security level: r#TRUSTED_ENVIRONMENT
05-28 10:50:21.347   222   222 I hwservicemanager: getTransport: Cannot find entry android.hardware.keymaster@4.0::IKeymasterDevice/default in either framework or device VINTF manifest.
05-28 10:50:21.347   222   222 I hwservicemanager: getTransport: Cannot find entry android.hardware.keymaster@3.0::IKeymasterDevice/default in either framework or device VINTF manifest.
05-28 10:50:21.348   247   256 I keystore2: system/security/keystore2/src/shared_secret_negotiation.rs:48 - Shared secret negotiation concluded successfully.
05-28 10:50:21.348   247   247 I keystore2: system/security/keystore2/src/keystore2_main.rs:160 - Successfully registered Keystore 2.0 service.
05-28 10:50:21.348   247   247 I keystore2: system/security/keystore2/src/keystore2_main.rs:162 - Joining thread pool now.
05-28 10:50:21.349   222   222 I hwservicemanager: getTransport: Cannot find entry android.hardware.keymaster@4.0::IKeymasterDevice/default in either framework or device VINTF manifest.
05-28 10:50:21.349   222   222 I hwservicemanager: getTransport: Cannot find entry android.hardware.keymaster@3.0::IKeymasterDevice/default in either framework or device VINTF manifest.
05-28 10:50:21.349   247   256 I keystore2: system/security/keystore2/src/shared_secret_negotiation.rs:290 - No StrongBox Keymint available, so no RoT transfer
05-28 10:50:21.350   247   259 I SELinux : SELinux: Loaded keystore2 context from:
05-28 10:50:21.350   247   259 I SELinux : 		/system/etc/selinux/plat_keystore2_key_contexts
05-28 10:50:21.350   247   259 I SELinux : 		/system_ext/etc/selinux/system_ext_keystore2_key_contexts
05-28 10:50:21.350   247   259 I SELinux : 		/product/etc/selinux/product_keystore2_key_contexts
05-28 10:50:21.350   247   259 I SELinux : 		/vendor/etc/selinux/vendor_keystore2_key_contexts
05-28 10:50:21.354   232   232 D vold    : Mounting metadata-encrypted filesystem:/data
05-28 10:50:21.355   232   232 I vold    : AIDL IBootControl not available, falling back to HIDL.
05-28 10:50:21.355   222   222 I hwservicemanager: getTransport: Cannot find entry android.hardware.boot@1.0::IBootControl/default in either framework or device VINTF manifest.
05-28 10:50:21.355   232   232 E vold    : Error getting bootctrl v1.0 module.
05-28 10:50:21.355   232   232 I vold    : [libfs_mgr] superblock s_max_mnt_count:65535,/dev/block/mapper/userdata
05-28 10:50:21.355   232   232 I vold    : [libfs_mgr] Filesystem on /dev/block/mapper/userdata was not cleanly shutdown; state flags: 0x1, incompat feature flags: 0x30046
05-28 10:50:21.545   232   232 I vold    : [libfs_mgr] check_fs(): mount(/dev/block/mapper/userdata,/data,ext4)=0: Success
05-28 10:50:21.549   232   232 I vold    : [libfs_mgr] umount_retry(): unmount(/data) succeeded
05-28 10:50:21.549   232   232 I vold    : [libfs_mgr] Running /system/bin/e2fsck on /dev/block/dm-53
05-28 10:50:21.944   232   232 I vold    : [libfs_mgr] e2fsck returned status 0x100
05-28 10:50:21.944   232   232 I vold    : [libfs_mgr] superblock s_max_mnt_count:65535,/dev/block/mapper/userdata
05-28 10:50:21.944   232   232 W vold    : [libfs_mgr] Reserved blocks 32768 is too large; capping to 31457
05-28 10:50:21.946   232   232 I vold    : [libfs_mgr] __mount(source=/dev/block/mapper/userdata,target=/data,type=ext4)=0: Success
05-28 10:50:21.946   232   232 D vold    : Mounted /data
05-28 10:50:21.949   221   253 W libc    : Unable to set property "ctl.interface_start" to "aidl/android.system.keystore2.IKeystoreService/default": PROP_ERROR_HANDLE_CONTROL_MESSAGE (0x20)
05-28 10:50:21.953   232   232 I Checkpoint: cp_prepareCheckpoint called
05-28 10:50:21.956   232   232 I vold    : fscrypt_initialize_systemwide_keys
05-28 10:50:21.957   232   232 D vold    : Key exists, using: /data/unencrypted/key
05-28 10:50:21.960   232   232 D vold    : Installed fscrypt key with ref e0c66c842839187f885bfcc92a8625b3 to /data
05-28 10:50:21.963   232   232 I vold    : Wrote system DE key reference to:/data/unencrypted/ref
05-28 10:50:21.963   232   232 D vold    : Generating standard storage key
05-28 10:50:21.963   232   232 D vold    : Installed fscrypt key with ref 31bf2d57245fc85fb51ec657e9aa3e0d to /data
05-28 10:50:21.963   232   232 I vold    : Wrote per boot key reference to:/data/unencrypted/per_boot_ref
05-28 10:50:21.971   275   275 I tombstoned: tombstoned successfully initialized
05-28 10:50:21.972   232   232 I incfs   : Initial API level of the device: 35
05-28 10:50:21.972   232   232 I incfs   : ro.incremental.enable: yes
05-28 10:50:21.972   232   232 I incfs   : isFsAvailable: true
05-28 10:50:21.972   232   232 I incfs   : isFsAvailable: true
05-28 10:50:21.972   232   232 I incfs   : IncFs_Features: v2
05-28 10:50:21.972   247   247 I keystore2: system/security/keystore2/src/maintenance.rs:613 - earlyBootEnded()
05-28 10:50:21.972   247   247 I keystore2: system/security/keystore2/src/maintenance.rs:243 - In early_boot_ended.
05-28 10:50:21.979   247   247 I keystore2: system/security/keystore2/src/globals.rs:81 - Touching Keystore 2.0 database for this first time since boot.
05-28 10:50:21.979   247   247 I keystore2: system/security/keystore2/src/globals.rs:82 - Calling cleanup leftovers.
05-28 10:50:21.979   247   247 I keystore2: system/security/keystore2/src/boot_level_keys.rs:57 - ro.keystore.boot_level_key.strategy not set, inferring from installed KM instances
05-28 10:50:21.979   247   277 I keystore2: system/security/keystore2/src/gc.rs:147 - skip GC as boot not completed
05-28 10:50:21.979   247   247 I keystore2: system/security/keystore2/src/boot_level_keys.rs:115 - In get_level_zero_key: security_level=r#SOFTWARE, deny_later_strategy=EarlyBootOnly
05-28 10:50:21.982   247   247 I keystore2: system/security/keystore2/src/super_key.rs:305 - Starting boot level watcher.
05-28 10:50:21.982   247   278 I keystore2: system/security/keystore2/src/super_key.rs:337 - Read keystore.boot_level value 30
05-28 10:50:21.982   247   278 I keystore2: system/security/keystore2/src/super_key.rs:337 - Read keystore.boot_level value 30
05-28 10:50:21.983   247   247 I keystore2: system/security/keystore2/src/maintenance.rs:214 - Call to earlyBootEnded succeeded for security level TRUSTED_ENVIRONMENT.
05-28 10:50:21.983   222   222 I hwservicemanager: getTransport: Cannot find entry android.hardware.keymaster@4.0::IKeymasterDevice/default in either framework or device VINTF manifest.
05-28 10:50:21.983   222   222 I hwservicemanager: getTransport: Cannot find entry android.hardware.keymaster@3.0::IKeymasterDevice/default in either framework or device VINTF manifest.
05-28 10:50:21.983   247   247 I keystore2: system/security/keystore2/src/maintenance.rs:224 - Call to earlyBootEnded failed for StrongBox as it is not available
05-28 10:50:21.988   247   254 I keystore2: system/security/keystore2/src/maintenance.rs:306 - await a change to 'apexd.status'...notified
05-28 10:50:21.988   247   254 I keystore2: system/security/keystore2/src/maintenance.rs:299 - property 'apexd.status' is now 'Ok("")'
05-28 10:50:21.988   247   254 I keystore2: system/security/keystore2/src/maintenance.rs:304 - await a change to 'apexd.status'...
05-28 10:50:21.996   247   254 I keystore2: system/security/keystore2/src/maintenance.rs:306 - await a change to 'apexd.status'...notified
05-28 10:50:21.996   247   254 I keystore2: system/security/keystore2/src/maintenance.rs:299 - property 'apexd.status' is now 'Ok("starting")'
05-28 10:50:21.996   247   254 I keystore2: system/security/keystore2/src/maintenance.rs:304 - await a change to 'apexd.status'...
05-28 10:50:22.123   247   254 I keystore2: system/security/keystore2/src/maintenance.rs:306 - await a change to 'apexd.status'...notified
05-28 10:50:22.123   247   254 I keystore2: system/security/keystore2/src/maintenance.rs:299 - property 'apexd.status' is now 'Ok("activated")'
05-28 10:50:22.125   247   254 I keystore2: system/security/keystore2/src/maintenance.rs:343 - apex modules += com.android.adbd version 360526000
05-28 10:50:22.125   247   254 I keystore2: system/security/keystore2/src/maintenance.rs:343 - apex modules += com.android.adservices version 360526040
05-28 10:50:22.125   247   254 I keystore2: system/security/keystore2/src/maintenance.rs:343 - apex modules += com.android.apex.cts.shim version 1
05-28 10:50:22.125   247   254 I keystore2: system/security/keystore2/src/maintenance.rs:343 - apex modules += com.android.appsearch version 360526780
05-28 10:50:22.125   247   254 I keystore2: system/security/keystore2/src/maintenance.rs:343 - apex modules += com.android.art version 360526500
05-28 10:50:22.125   247   254 I keystore2: system/security/keystore2/src/maintenance.rs:343 - apex modules += com.android.bt version 360526260
05-28 10:50:22.125   247   254 I keystore2: system/security/keystore2/src/maintenance.rs:343 - apex modules += com.android.cellbroadcast version 360526220
05-28 10:50:22.125   247   254 I keystore2: system/security/keystore2/src/maintenance.rs:343 - apex modules += com.android.configinfrastructure version 360526000
05-28 10:50:22.125   247   254 I keystore2: system/security/keystore2/src/maintenance.rs:343 - apex modules += com.android.conscrypt version 360526000
05-28 10:50:22.125   247   254 I keystore2: system/security/keystore2/src/maintenance.rs:343 - apex modules += com.android.crashrecovery version 360526000
05-28 10:50:22.125   247   254 I keystore2: system/security/keystore2/src/maintenance.rs:343 - apex modules += com.android.devicelock version 1
05-28 10:50:22.125   247   254 I keystore2: system/security/keystore2/src/maintenance.rs:343 - apex modules += com.android.extservices version 360526003
05-28 10:50:22.125   247   254 I keystore2: system/security/keystore2/src/maintenance.rs:343 - apex modules += com.android.hardware.authsecret version 1
05-28 10:50:22.125   247   254 I keystore2: system/security/keystore2/src/maintenance.rs:343 - apex modules += com.android.hardware.cas version 1
05-28 10:50:22.125   247   254 I keystore2: system/security/keystore2/src/maintenance.rs:343 - apex modules += com.android.hardware.contexthub version 1
05-28 10:50:22.125   247   254 I keystore2: system/security/keystore2/src/maintenance.rs:343 - apex modules += com.android.hardware.dumpstate version 1
05-28 10:50:22.125   247   254 I keystore2: system/security/keystore2/src/maintenance.rs:343 - apex modules += com.android.hardware.gatekeeper version 1
05-28 10:50:22.125   247   254 I keystore2: system/security/keystore2/src/maintenance.rs:343 - apex modules += com.android.hardware.neuralnetworks version 1
05-28 10:50:22.125   247   254 I keystore2: system/security/keystore2/src/maintenance.rs:343 - apex modules += com.android.hardware.power version 1
05-28 10:50:22.125   247   254 I keystore2: system/security/keystore2/src/maintenance.rs:343 - apex modules += com.android.hardware.rebootescrow version 1
05-28 10:50:22.125   247   254 I keystore2: system/security/keystore2/src/maintenance.rs:343 - apex modules += com.android.hardware.thermal version 1
05-28 10:50:22.125   247   254 I keystore2: system/security/keystore2/src/maintenance.rs:343 - apex modules += com.android.hardware.threadnetwork version 1
05-28 10:50:22.125   247   254 I keystore2: system/security/keystore2/src/maintenance.rs:343 - apex modules += com.android.hardware.uwb version 1
05-28 10:50:22.125   247   254 I keystore2: system/security/keystore2/src/maintenance.rs:343 - apex modules += com.android.hardware.vibrator version 1
05-28 10:50:22.125   247   254 I keystore2: system/security/keystore2/src/maintenance.rs:343 - apex modules += com.android.healthfitness version 360526240
05-28 10:50:22.125   247   254 I keystore2: system/security/keystore2/src/maintenance.rs:343 - apex modules += com.android.i18n version 1
05-28 10:50:22.125   247   254 I keystore2: system/security/keystore2/src/maintenance.rs:343 - apex modules += com.android.ipsec version 360526000
05-28 10:50:22.125   247   254 I keystore2: system/security/keystore2/src/maintenance.rs:343 - apex modules += com.android.media version 360526000
05-28 10:50:22.125   247   254 I keystore2: system/security/keystore2/src/maintenance.rs:343 - apex modules += com.android.media.swcodec version 360526480
05-28 10:50:22.125   247   254 I keystore2: system/security/keystore2/src/maintenance.rs:343 - apex modules += com.android.mediaprovider version 360526500
05-28 10:50:22.125   247   254 I keystore2: system/security/keystore2/src/maintenance.rs:343 - apex modules += com.android.neuralnetworks version 360526000
05-28 10:50:22.125   247   254 I keystore2: system/security/keystore2/src/maintenance.rs:343 - apex modules += com.android.nfcservices version 360526380
05-28 10:50:22.125   247   254 I keystore2: system/security/keystore2/src/maintenance.rs:343 - apex modules += com.android.ondevicepersonalization version 360526000
05-28 10:50:22.125   247   254 I keystore2: system/security/keystore2/src/maintenance.rs:343 - apex modules += com.android.os.statsd version 360526080
05-28 10:50:22.125   247   254 I keystore2: system/security/keystore2/src/maintenance.rs:343 - apex modules += com.android.permission version 360527140
05-28 10:50:22.125   247   254 I keystore2: system/security/keystore2/src/maintenance.rs:343 - apex modules += com.android.profiling version 360526000
05-28 10:50:22.125   247   254 I keystore2: system/security/keystore2/src/maintenance.rs:343 - apex modules += com.android.resolv version 360526000
05-28 10:50:22.125   247   254 I keystore2: system/security/keystore2/src/maintenance.rs:343 - apex modules += com.android.rkpd version 360526000
05-28 10:50:22.125   247   254 I keystore2: system/security/keystore2/src/maintenance.rs:343 - apex modules += com.android.runtime version 1
05-28 10:50:22.125   247   254 I keystore2: system/security/keystore2/src/maintenance.rs:343 - apex modules += com.android.scheduling version 360526000
05-28 10:50:22.125   247   254 I keystore2: system/security/keystore2/src/maintenance.rs:343 - apex modules += com.android.sdkext version 360526000
05-28 10:50:22.125   247   254 I keystore2: system/security/keystore2/src/maintenance.rs:343 - apex modules += com.android.tethering version 360526780
05-28 10:50:22.125   247   254 I keystore2: system/security/keystore2/src/maintenance.rs:343 - apex modules += com.android.tzdata version 360526000
05-28 10:50:22.125   247   254 I keystore2: system/security/keystore2/src/maintenance.rs:343 - apex modules += com.android.uprobestats version 360526000
05-28 10:50:22.125   247   254 I keystore2: system/security/keystore2/src/maintenance.rs:343 - apex modules += com.android.uwb version 360526640
05-28 10:50:22.125   247   254 I keystore2: system/security/keystore2/src/maintenance.rs:343 - apex modules += com.android.virt version 3
05-28 10:50:22.125   247   254 I keystore2: system/security/keystore2/src/maintenance.rs:343 - apex modules += com.android.wifi version 360526780
05-28 10:50:22.125   247   254 I keystore2: system/security/keystore2/src/maintenance.rs:343 - apex modules += com.google.android.widevine version 190250226
05-28 10:50:22.125   247   254 I keystore2: system/security/keystore2/src/maintenance.rs:518 - set_module_info with 48 modules
05-28 10:50:22.125   247   254 I keystore2: system/security/keystore2/src/maintenance.rs:214 - Call to setAdditionalAttestationInfo succeeded for security level TRUSTED_ENVIRONMENT.
05-28 10:50:22.126   222   222 I hwservicemanager: getTransport: Cannot find entry android.hardware.keymaster@4.0::IKeymasterDevice/default in either framework or device VINTF manifest.
05-28 10:50:22.126   222   222 I hwservicemanager: getTransport: Cannot find entry android.hardware.keymaster@3.0::IKeymasterDevice/default in either framework or device VINTF manifest.
05-28 10:50:22.126   247   254 I keystore2: system/security/keystore2/src/maintenance.rs:224 - Call to setAdditionalAttestationInfo failed for StrongBox as it is not available
05-28 10:50:22.163   424   424 I aconfigd_system: main: starting aconfigd_system commands.
05-28 10:50:22.163   424   424 I aconfigd_system: main: aconfigd_mainline is enabled, skipping mainline init
05-28 10:50:22.169   425   425 I aconfigd_system: main: starting aconfigd_system commands.
05-28 10:50:22.169   425   425 I aconfigd_system: main: aconfigd_system is build-disabled, exiting
05-28 10:50:22.222   426   426 I aconfigd_mainline: main: starting aconfigd_mainline commands.
05-28 10:50:22.225   426   426 D aconfigd_mainline: aconfigd_rust::aconfigd: remove boot storage files for container com.android.ondevicepersonalization
05-28 10:50:22.225   426   426 D aconfigd_mainline: aconfigd_rust::aconfigd: remove boot storage files for container com.android.art
05-28 10:50:22.225   426   426 D aconfigd_mainline: aconfigd_rust::aconfigd: remove boot storage files for container com.android.media
05-28 10:50:22.225   426   426 D aconfigd_mainline: aconfigd_rust::aconfigd: remove boot storage files for container com.android.conscrypt
05-28 10:50:22.225   426   426 D aconfigd_mainline: aconfigd_rust::aconfigd: remove boot storage files for container com.android.permission
05-28 10:50:22.225   426   426 D aconfigd_mainline: aconfigd_rust::aconfigd: remove boot storage files for container com.android.configinfrastructure
05-28 10:50:22.225   426   426 D aconfigd_mainline: aconfigd_rust::aconfigd: remove boot storage files for container com.android.adservices
05-28 10:50:22.225   426   426 D aconfigd_mainline: aconfigd_rust::aconfigd: remove boot storage files for container com.android.virt
05-28 10:50:22.225   426   426 D aconfigd_mainline: aconfigd_rust::aconfigd: remove boot storage files for container com.android.tethering
05-28 10:50:22.225   426   426 D aconfigd_mainline: aconfigd_rust::aconfigd: remove boot storage files for container com.android.healthfitness
05-28 10:50:22.225   426   426 D aconfigd_mainline: aconfigd_rust::aconfigd: remove boot storage files for container com.android.appsearch
05-28 10:50:22.225   426   426 D aconfigd_mainline: aconfigd_rust::aconfigd: remove boot storage files for container com.android.nfcservices
05-28 10:50:22.225   426   426 D aconfigd_mainline: aconfigd_rust::aconfigd: remove boot storage files for container com.android.uwb
05-28 10:50:22.225   426   426 D aconfigd_mainline: aconfigd_rust::aconfigd: remove boot storage files for container com.android.wifi
05-28 10:50:22.225   426   426 D aconfigd_mainline: aconfigd_rust::aconfigd: remove boot storage files for container com.android.profiling
05-28 10:50:22.225   426   426 D aconfigd_mainline: aconfigd_rust::aconfigd: remove boot storage files for container com.android.cellbroadcast
05-28 10:50:22.225   426   426 D aconfigd_mainline: aconfigd_rust::aconfigd: remove boot storage files for container com.android.uprobestats
05-28 10:50:22.225   426   426 D aconfigd_mainline: aconfigd_rust::aconfigd: remove boot storage files for container com.android.devicelock
05-28 10:50:22.225   426   426 D aconfigd_mainline: aconfigd_rust::aconfigd: remove boot storage files for container com.android.bt
05-28 10:50:22.225   426   426 D aconfigd_mainline: aconfigd_rust::aconfigd: remove boot storage files for container com.android.mediaprovider
05-28 10:50:22.225   426   426 D aconfigd_mainline: aconfigd_rust::aconfigd: remove boot storage files for container com.android.media.swcodec
05-28 10:50:22.225   426   426 D aconfigd_mainline: aconfigd_rust::aconfigd: remove boot storage files for container com.android.i18n
05-28 10:50:22.225   426   426 D aconfigd_mainline: aconfigd_rust::aconfigd: remove boot storage files for container com.android.os.statsd
05-28 10:50:22.225   426   426 D aconfigd_mainline: aconfigd_rust::aconfigd: remove boot storage files for container com.android.ipsec
05-28 10:50:22.225   426   426 D aconfigd_mainline: aconfigd_rust::storage_files: create com.android.ondevicepersonalization storage files object from pb entry
05-28 10:50:22.225   426   426 D aconfigd_mainline: aconfigd_rust::storage_files: create com.android.art storage files object from pb entry
05-28 10:50:22.225   426   426 D aconfigd_mainline: aconfigd_rust::storage_files: create com.android.media storage files object from pb entry
05-28 10:50:22.225   426   426 D aconfigd_mainline: aconfigd_rust::storage_files: create com.android.conscrypt storage files object from pb entry
05-28 10:50:22.225   426   426 D aconfigd_mainline: aconfigd_rust::storage_files: create com.android.permission storage files object from pb entry
05-28 10:50:22.225   426   426 D aconfigd_mainline: aconfigd_rust::storage_files: create com.android.configinfrastructure storage files object from pb entry
05-28 10:50:22.225   426   426 D aconfigd_mainline: aconfigd_rust::storage_files: create com.android.adservices storage files object from pb entry
05-28 10:50:22.225   426   426 D aconfigd_mainline: aconfigd_rust::storage_files: create com.android.virt storage files object from pb entry
05-28 10:50:22.225   426   426 D aconfigd_mainline: aconfigd_rust::storage_files: create com.android.tethering storage files object from pb entry
05-28 10:50:22.225   426   426 D aconfigd_mainline: aconfigd_rust::storage_files: create com.android.healthfitness storage files object from pb entry
05-28 10:50:22.225   426   426 D aconfigd_mainline: aconfigd_rust::storage_files: create com.android.appsearch storage files object from pb entry
05-28 10:50:22.225   426   426 D aconfigd_mainline: aconfigd_rust::storage_files: create com.android.nfcservices storage files object from pb entry
05-28 10:50:22.225   426   426 D aconfigd_mainline: aconfigd_rust::storage_files: create com.android.uwb storage files object from pb entry
05-28 10:50:22.225   426   426 D aconfigd_mainline: aconfigd_rust::storage_files: create com.android.wifi storage files object from pb entry
05-28 10:50:22.225   426   426 D aconfigd_mainline: aconfigd_rust::storage_files: create com.android.profiling storage files object from pb entry
05-28 10:50:22.225   426   426 D aconfigd_mainline: aconfigd_rust::storage_files: create com.android.cellbroadcast storage files object from pb entry
05-28 10:50:22.226   426   426 D aconfigd_mainline: aconfigd_rust::storage_files: create com.android.uprobestats storage files object from pb entry
05-28 10:50:22.226   426   426 D aconfigd_mainline: aconfigd_rust::storage_files: create com.android.devicelock storage files object from pb entry
05-28 10:50:22.226   426   426 D aconfigd_mainline: aconfigd_rust::storage_files: create com.android.bt storage files object from pb entry
05-28 10:50:22.226   426   426 D aconfigd_mainline: aconfigd_rust::storage_files: create com.android.mediaprovider storage files object from pb entry
05-28 10:50:22.226   426   426 D aconfigd_mainline: aconfigd_rust::storage_files: create com.android.media.swcodec storage files object from pb entry
05-28 10:50:22.226   426   426 D aconfigd_mainline: aconfigd_rust::storage_files: create com.android.i18n storage files object from pb entry
05-28 10:50:22.226   426   426 D aconfigd_mainline: aconfigd_rust::storage_files: create com.android.os.statsd storage files object from pb entry
05-28 10:50:22.226   426   426 D aconfigd_mainline: aconfigd_rust::storage_files: create com.android.ipsec storage files object from pb entry
05-28 10:50:22.226   426   426 D aconfigd_mainline: aconfigd_rust::aconfigd: start initialize com.android.virt flags
05-28 10:50:22.226   426   426 D aconfigd_mainline: aconfigd_rust::storage_files_manager: no need to update com.android.virt, computed digest matches with record
05-28 10:50:22.226   426   426 D aconfigd_mainline: aconfigd_rust::storage_files_manager: writing updated storage records /metadata/aconfig/mainline_storage_records.pb
05-28 10:50:22.227   426   426 D aconfigd_mainline: aconfigd_rust::storage_files: apply staged server overrides for container com.android.virt
05-28 10:50:22.228   426   426 D aconfigd_mainline: aconfigd_rust::storage_files: apply staged local overrides for container com.android.virt
05-28 10:50:22.228   426   426 D aconfigd_mainline: aconfigd_rust::aconfigd: start initialize com.android.hardware.authsecret flags
05-28 10:50:22.228   426   426 D aconfigd_mainline: aconfigd_rust::aconfigd: start initialize com.android.hardware.contexthub flags
05-28 10:50:22.228   426   426 D aconfigd_mainline: aconfigd_rust::aconfigd: start initialize com.android.hardware.power flags
05-28 10:50:22.228   426   426 D aconfigd_mainline: aconfigd_rust::aconfigd: start initialize com.android.hardware.neuralnetworks flags
05-28 10:50:22.228   426   426 D aconfigd_mainline: aconfigd_rust::aconfigd: start initialize com.android.hardware.thermal flags
05-28 10:50:22.228   426   426 D aconfigd_mainline: aconfigd_rust::aconfigd: start initialize com.android.hardware.cas flags
05-28 10:50:22.228   426   426 D aconfigd_mainline: aconfigd_rust::aconfigd: start initialize com.android.hardware.uwb flags
05-28 10:50:22.228   426   426 D aconfigd_mainline: aconfigd_rust::aconfigd: start initialize com.android.hardware.gatekeeper flags
05-28 10:50:22.228   426   426 D aconfigd_mainline: aconfigd_rust::aconfigd: start initialize com.android.tzdata flags
05-28 10:50:22.228   426   426 D aconfigd_mainline: aconfigd_rust::aconfigd: start initialize com.android.healthfitness flags
05-28 10:50:22.229   426   426 D aconfigd_mainline: aconfigd_rust::storage_files_manager: no need to update com.android.healthfitness, computed digest matches with record
05-28 10:50:22.229   426   426 D aconfigd_mainline: aconfigd_rust::storage_files_manager: writing updated storage records /metadata/aconfig/mainline_storage_records.pb
05-28 10:50:22.229   426   426 D aconfigd_mainline: aconfigd_rust::storage_files: apply staged server overrides for container com.android.healthfitness
05-28 10:50:22.229   426   426 D aconfigd_mainline: aconfigd_rust::storage_files: apply staged local overrides for container com.android.healthfitness
05-28 10:50:22.229   426   426 D aconfigd_mainline: aconfigd_rust::aconfigd: start initialize com.android.media.swcodec flags
05-28 10:50:22.230   426   426 D aconfigd_mainline: aconfigd_rust::storage_files_manager: no need to update com.android.media.swcodec, computed digest matches with record
05-28 10:50:22.230   426   426 D aconfigd_mainline: aconfigd_rust::storage_files_manager: writing updated storage records /metadata/aconfig/mainline_storage_records.pb
05-28 10:50:22.230   426   426 D aconfigd_mainline: aconfigd_rust::storage_files: apply staged server overrides for container com.android.media.swcodec
05-28 10:50:22.230   426   426 D aconfigd_mainline: aconfigd_rust::storage_files: apply staged local overrides for container com.android.media.swcodec
05-28 10:50:22.230   426   426 D aconfigd_mainline: aconfigd_rust::aconfigd: start initialize com.android.mediaprovider flags
05-28 10:50:22.231   426   426 D aconfigd_mainline: aconfigd_rust::storage_files_manager: no need to update com.android.mediaprovider, computed digest matches with record
05-28 10:50:22.231   426   426 D aconfigd_mainline: aconfigd_rust::storage_files_manager: writing updated storage records /metadata/aconfig/mainline_storage_records.pb
05-28 10:50:22.231   426   426 D aconfigd_mainline: aconfigd_rust::storage_files: apply staged server overrides for container com.android.mediaprovider
05-28 10:50:22.232   426   426 D aconfigd_mainline: aconfigd_rust::storage_files: apply staged local overrides for container com.android.mediaprovider
05-28 10:50:22.232   426   426 D aconfigd_mainline: aconfigd_rust::aconfigd: start initialize com.android.devicelock flags
05-28 10:50:22.232   426   426 D aconfigd_mainline: aconfigd_rust::storage_files_manager: no need to update com.android.devicelock, computed digest matches with record
05-28 10:50:22.232   426   426 D aconfigd_mainline: aconfigd_rust::storage_files_manager: writing updated storage records /metadata/aconfig/mainline_storage_records.pb
05-28 10:50:22.232   426   426 D aconfigd_mainline: aconfigd_rust::storage_files: apply staged server overrides for container com.android.devicelock
05-28 10:50:22.233   426   426 D aconfigd_mainline: aconfigd_rust::storage_files: apply staged local overrides for container com.android.devicelock
05-28 10:50:22.233   426   426 D aconfigd_mainline: aconfigd_rust::aconfigd: start initialize com.android.cellbroadcast flags
05-28 10:50:22.235   426   426 D aconfigd_mainline: aconfigd_rust::storage_files_manager: no need to update com.android.cellbroadcast, computed digest matches with record
05-28 10:50:22.235   426   426 D aconfigd_mainline: aconfigd_rust::storage_files_manager: writing updated storage records /metadata/aconfig/mainline_storage_records.pb
05-28 10:50:22.235   426   426 D aconfigd_mainline: aconfigd_rust::storage_files: apply staged server overrides for container com.android.cellbroadcast
05-28 10:50:22.235   426   426 D aconfigd_mainline: aconfigd_rust::storage_files: apply staged local overrides for container com.android.cellbroadcast
05-28 10:50:22.235   426   426 D aconfigd_mainline: aconfigd_rust::aconfigd: start initialize com.android.art flags
05-28 10:50:22.236   426   426 D aconfigd_mainline: aconfigd_rust::storage_files_manager: no need to update com.android.art, computed digest matches with record
05-28 10:50:22.236   426   426 D aconfigd_mainline: aconfigd_rust::storage_files_manager: writing updated storage records /metadata/aconfig/mainline_storage_records.pb
05-28 10:50:22.236   426   426 D aconfigd_mainline: aconfigd_rust::storage_files: apply staged server overrides for container com.android.art
05-28 10:50:22.236   426   426 D aconfigd_mainline: aconfigd_rust::storage_files: apply staged local overrides for container com.android.art
05-28 10:50:22.236   426   426 D aconfigd_mainline: aconfigd_rust::aconfigd: start initialize com.android.appsearch flags
05-28 10:50:22.238   426   426 D aconfigd_mainline: aconfigd_rust::storage_files_manager: no need to update com.android.appsearch, computed digest matches with record
05-28 10:50:22.238   426   426 D aconfigd_mainline: aconfigd_rust::storage_files_manager: writing updated storage records /metadata/aconfig/mainline_storage_records.pb
05-28 10:50:22.238   426   426 D aconfigd_mainline: aconfigd_rust::storage_files: apply staged server overrides for container com.android.appsearch
05-28 10:50:22.238   426   426 D aconfigd_mainline: aconfigd_rust::storage_files: apply staged local overrides for container com.android.appsearch
05-28 10:50:22.238   426   426 D aconfigd_mainline: aconfigd_rust::aconfigd: start initialize com.android.os.statsd flags
05-28 10:50:22.239   426   426 D aconfigd_mainline: aconfigd_rust::storage_files_manager: no need to update com.android.os.statsd, computed digest matches with record
05-28 10:50:22.239   426   426 D aconfigd_mainline: aconfigd_rust::storage_files_manager: writing updated storage records /metadata/aconfig/mainline_storage_records.pb
05-28 10:50:22.240   426   426 D aconfigd_mainline: aconfigd_rust::storage_files: apply staged server overrides for container com.android.os.statsd
05-28 10:50:22.240   426   426 D aconfigd_mainline: aconfigd_rust::storage_files: apply staged local overrides for container com.android.os.statsd
05-28 10:50:22.240   426   426 D aconfigd_mainline: aconfigd_rust::aconfigd: start initialize com.android.hardware.dumpstate flags
05-28 10:50:22.240   426   426 D aconfigd_mainline: aconfigd_rust::aconfigd: start initialize com.android.apex.cts.shim flags
05-28 10:50:22.240   426   426 D aconfigd_mainline: aconfigd_rust::aconfigd: start initialize com.android.runtime flags
05-28 10:50:22.240   426   426 D aconfigd_mainline: aconfigd_rust::aconfigd: start initialize com.android.i18n flags
05-28 10:50:22.240   426   426 D aconfigd_mainline: aconfigd_rust::storage_files_manager: no need to update com.android.i18n, computed digest matches with record
05-28 10:50:22.240   426   426 D aconfigd_mainline: aconfigd_rust::storage_files_manager: writing updated storage records /metadata/aconfig/mainline_storage_records.pb
05-28 10:50:22.240   426   426 D aconfigd_mainline: aconfigd_rust::storage_files: apply staged server overrides for container com.android.i18n
05-28 10:50:22.241   426   426 D aconfigd_mainline: aconfigd_rust::storage_files: apply staged local overrides for container com.android.i18n
05-28 10:50:22.241   426   426 D aconfigd_mainline: aconfigd_rust::aconfigd: start initialize com.android.hardware.rebootescrow flags
05-28 10:50:22.241   426   426 D aconfigd_mainline: aconfigd_rust::aconfigd: start initialize com.android.hardware.threadnetwork flags
05-28 10:50:22.241   426   426 D aconfigd_mainline: aconfigd_rust::aconfigd: start initialize com.android.sdkext flags
05-28 10:50:22.241   426   426 D aconfigd_mainline: aconfigd_rust::aconfigd: start initialize com.android.ondevicepersonalization flags
05-28 10:50:22.242   426   426 D aconfigd_mainline: aconfigd_rust::storage_files_manager: no need to update com.android.ondevicepersonalization, computed digest matches with record
05-28 10:50:22.242   426   426 D aconfigd_mainline: aconfigd_rust::storage_files_manager: writing updated storage records /metadata/aconfig/mainline_storage_records.pb
05-28 10:50:22.242   426   426 D aconfigd_mainline: aconfigd_rust::storage_files: apply staged server overrides for container com.android.ondevicepersonalization
05-28 10:50:22.243   426   426 D aconfigd_mainline: aconfigd_rust::storage_files: apply staged local overrides for container com.android.ondevicepersonalization
05-28 10:50:22.243   426   426 D aconfigd_mainline: aconfigd_rust::aconfigd: start initialize com.android.hardware.vibrator flags
05-28 10:50:22.243   426   426 D aconfigd_mainline: aconfigd_rust::aconfigd: start initialize com.google.android.widevine flags
05-28 10:50:22.243   426   426 D aconfigd_mainline: aconfigd_rust::aconfigd: start initialize com.android.extservices flags
05-28 10:50:22.243   426   426 D aconfigd_mainline: aconfigd_rust::aconfigd: start initialize com.android.conscrypt flags
05-28 10:50:22.244   426   426 D aconfigd_mainline: aconfigd_rust::storage_files_manager: no need to update com.android.conscrypt, computed digest matches with record
05-28 10:50:22.244   426   426 D aconfigd_mainline: aconfigd_rust::storage_files_manager: writing updated storage records /metadata/aconfig/mainline_storage_records.pb
05-28 10:50:22.244   426   426 D aconfigd_mainline: aconfigd_rust::storage_files: apply staged server overrides for container com.android.conscrypt
05-28 10:50:22.244   426   426 D aconfigd_mainline: aconfigd_rust::storage_files: apply staged local overrides for container com.android.conscrypt
05-28 10:50:22.244   426   426 D aconfigd_mainline: aconfigd_rust::aconfigd: start initialize com.android.configinfrastructure flags
05-28 10:50:22.245   426   426 D aconfigd_mainline: aconfigd_rust::storage_files_manager: no need to update com.android.configinfrastructure, computed digest matches with record
05-28 10:50:22.245   426   426 D aconfigd_mainline: aconfigd_rust::storage_files_manager: writing updated storage records /metadata/aconfig/mainline_storage_records.pb
05-28 10:50:22.245   426   426 D aconfigd_mainline: aconfigd_rust::storage_files: apply staged server overrides for container com.android.configinfrastructure
05-28 10:50:22.245   426   426 D aconfigd_mainline: aconfigd_rust::storage_files: apply staged local overrides for container com.android.configinfrastructure
05-28 10:50:22.245   426   426 D aconfigd_mainline: aconfigd_rust::aconfigd: start initialize com.android.rkpd flags
05-28 10:50:22.245   426   426 D aconfigd_mainline: aconfigd_rust::aconfigd: start initialize com.android.permission flags
05-28 10:50:22.246   426   426 D aconfigd_mainline: aconfigd_rust::storage_files_manager: no need to update com.android.permission, computed digest matches with record
05-28 10:50:22.246   426   426 D aconfigd_mainline: aconfigd_rust::storage_files_manager: writing updated storage records /metadata/aconfig/mainline_storage_records.pb
05-28 10:50:22.246   426   426 D aconfigd_mainline: aconfigd_rust::storage_files: apply staged server overrides for container com.android.permission
05-28 10:50:22.247   426   426 D aconfigd_mainline: aconfigd_rust::storage_files: apply staged local overrides for container com.android.permission
05-28 10:50:22.247   426   426 D aconfigd_mainline: aconfigd_rust::aconfigd: start initialize com.android.profiling flags
05-28 10:50:22.248   426   426 D aconfigd_mainline: aconfigd_rust::storage_files_manager: no need to update com.android.profiling, computed digest matches with record
05-28 10:50:22.248   426   426 D aconfigd_mainline: aconfigd_rust::storage_files_manager: writing updated storage records /metadata/aconfig/mainline_storage_records.pb
05-28 10:50:22.248   426   426 D aconfigd_mainline: aconfigd_rust::storage_files: apply staged server overrides for container com.android.profiling
05-28 10:50:22.248   426   426 D aconfigd_mainline: aconfigd_rust::storage_files: apply staged local overrides for container com.android.profiling
05-28 10:50:22.248   426   426 D aconfigd_mainline: aconfigd_rust::aconfigd: start initialize com.android.adservices flags
05-28 10:50:22.249   426   426 D aconfigd_mainline: aconfigd_rust::storage_files_manager: no need to update com.android.adservices, computed digest matches with record
05-28 10:50:22.249   426   426 D aconfigd_mainline: aconfigd_rust::storage_files_manager: writing updated storage records /metadata/aconfig/mainline_storage_records.pb
05-28 10:50:22.249   426   426 D aconfigd_mainline: aconfigd_rust::storage_files: apply staged server overrides for container com.android.adservices
05-28 10:50:22.250   426   426 D aconfigd_mainline: aconfigd_rust::storage_files: apply staged local overrides for container com.android.adservices
05-28 10:50:22.250   426   426 D aconfigd_mainline: aconfigd_rust::aconfigd: start initialize com.android.resolv flags
05-28 10:50:22.250   426   426 D aconfigd_mainline: aconfigd_rust::aconfigd: start initialize com.android.bt flags
05-28 10:50:22.251   426   426 D aconfigd_mainline: aconfigd_rust::storage_files_manager: no need to update com.android.bt, computed digest matches with record
05-28 10:50:22.251   426   426 D aconfigd_mainline: aconfigd_rust::storage_files_manager: writing updated storage records /metadata/aconfig/mainline_storage_records.pb
05-28 10:50:22.251   426   426 D aconfigd_mainline: aconfigd_rust::storage_files: apply staged server overrides for container com.android.bt
05-28 10:50:22.252   426   426 D aconfigd_mainline: aconfigd_rust::storage_files: apply staged local overrides for container com.android.bt
05-28 10:50:22.252   426   426 D aconfigd_mainline: aconfigd_rust::aconfigd: start initialize com.android.scheduling flags
