05-28 10:50:24.462   679   679 W PackageManager: Ignoring persisted ABI override for package com.google.android.appsearch
05-28 10:50:24.462   679   679 I PackageManager: /data/apex/active/com.android.bt@360526260.apex changed; collecting certs
05-28 10:50:24.513   679   679 I PackageManager: Update system package com.google.android.bt code path from /system/apex/com.google.android.bt.apex to /data/apex/active/com.android.bt@360526260.apex; Retain data and using new
05-28 10:50:24.514   679   679 W PackageManager: Ignoring persisted ABI override for package com.google.android.bt
05-28 10:50:24.514   679   679 I PackageManager: /data/apex/active/com.android.art@360526500.apex changed; collecting certs
05-28 10:50:24.556   679   679 I PackageManager: Update system package com.google.android.art code path from /system/apex/com.google.android.art.apex to /data/apex/active/com.android.art@360526500.apex; Retain data and using new
05-28 10:50:24.556   679   679 W PackageManager: Ignoring persisted ABI override for package com.google.android.art
05-28 10:50:24.557   679   679 I PackageManager: /data/apex/active/com.android.cellbroadcast@360526220.apex changed; collecting certs
05-28 10:50:24.607   679   679 I PackageManager: Update system package com.google.android.cellbroadcast code path from /system/apex/com.google.android.cellbroadcast.apex to /data/apex/active/com.android.cellbroadcast@360526220.apex; Retain data and using new
05-28 10:50:24.607   679   679 W PackageManager: Ignoring persisted ABI override for package com.google.android.cellbroadcast
05-28 10:50:24.608   679   679 I PackageManager: /data/apex/active/com.android.healthfitness@360526240.apex changed; collecting certs
05-28 10:50:24.648   679   679 I PackageManager: Update system package com.google.android.healthfitness code path from /system/apex/com.google.android.healthfitness.apex to /data/apex/active/com.android.healthfitness@360526240.apex; Retain data and using new
05-28 10:50:24.648   679   679 W PackageManager: Ignoring persisted ABI override for package com.google.android.healthfitness
05-28 10:50:24.649   679   679 I PackageManager: /data/apex/active/com.android.media.swcodec@360526480.apex changed; collecting certs
05-28 10:50:24.689   679   679 I PackageManager: Update system package com.google.android.media.swcodec code path from /system/apex/com.google.android.media.swcodec.apex to /data/apex/active/com.android.media.swcodec@360526480.apex; Retain data and using new
05-28 10:50:24.689   679   679 W PackageManager: Ignoring persisted ABI override for package com.google.android.media.swcodec
05-28 10:50:24.690   679   679 I PackageManager: /data/apex/active/com.android.nfcservices@360526380.apex changed; collecting certs
05-28 10:50:24.715   679   679 I PackageManager: Update system package com.google.android.nfcservices code path from /system/apex/com.google.android.nfcservices.apex to /data/apex/active/com.android.nfcservices@360526380.apex; Retain data and using new
05-28 10:50:24.715   679   679 W PackageManager: Ignoring persisted ABI override for package com.google.android.nfcservices
05-28 10:50:24.715   679   679 I PackageManager: /data/apex/active/com.android.permission@360527140.apex changed; collecting certs
05-28 10:50:24.783   679   679 I PackageManager: Update system package com.google.android.permission code path from /system/apex/com.google.android.permission.apex to /data/apex/active/com.android.permission@360527140.apex; Retain data and using new
05-28 10:50:24.783   679   679 W PackageManager: Ignoring persisted ABI override for package com.google.android.permission
05-28 10:50:24.783   679   679 I PackageManager: /data/apex/active/com.android.os.statsd@360526080.apex changed; collecting certs
05-28 10:50:24.788   567   622 D BootAnimation: Playing files = /product/media/bootanimation.zip/part1, Requested repeat = 1, playUntilComplete = true
05-28 10:50:24.789   567   622 W HWUI    : Image decoding logging dropped!
05-28 10:50:24.789   679   679 I PackageManager: Update system package com.google.android.os.statsd code path from /system/apex/com.google.android.os.statsd.apex to /data/apex/active/com.android.os.statsd@360526080.apex; Retain data and using new
05-28 10:50:24.789   679   679 W PackageManager: Ignoring persisted ABI override for package com.google.android.os.statsd
05-28 10:50:24.789   679   679 I PackageManager: /data/apex/active/com.android.tethering@360526780.apex changed; collecting certs
05-28 10:50:24.805   567   622 W HWUI    : Image decoding logging dropped!
05-28 10:50:24.822   567   622 W HWUI    : Image decoding logging dropped!
05-28 10:50:24.832   679   679 I PackageManager: Update system package com.google.android.tethering code path from /system/apex/com.google.android.tethering.apex to /data/apex/active/com.android.tethering@360526780.apex; Retain data and using new
05-28 10:50:24.832   679   679 W PackageManager: Ignoring persisted ABI override for package com.google.android.tethering
05-28 10:50:24.832   679   679 I PackageManager: /data/apex/active/com.android.mediaprovider@360526500.apex changed; collecting certs
05-28 10:50:24.839   567   622 W HWUI    : Image decoding logging dropped!
05-28 10:50:24.856   567   622 W HWUI    : Image decoding logging dropped!
05-28 10:50:24.873   567   622 W HWUI    : Image decoding logging dropped!
05-28 10:50:24.889   567   622 W HWUI    : Image decoding logging dropped!
05-28 10:50:24.906   567   622 W HWUI    : Image decoding logging dropped!
05-28 10:50:24.908   679   679 I PackageManager: Update system package com.google.android.mediaprovider code path from /system/apex/com.google.android.mediaprovider.apex to /data/apex/active/com.android.mediaprovider@360526500.apex; Retain data and using new
05-28 10:50:24.909   679   679 W PackageManager: Ignoring persisted ABI override for package com.google.android.mediaprovider
05-28 10:50:24.909   679   679 I PackageManager: /data/apex/active/com.android.uwb@360526640.apex changed; collecting certs
05-28 10:50:24.923   567   622 W HWUI    : Image decoding logging dropped!
05-28 10:50:24.923   679   679 I PackageManager: Update system package com.google.android.uwb code path from /system/apex/com.google.android.uwb.apex to /data/apex/active/com.android.uwb@360526640.apex; Retain data and using new
05-28 10:50:24.923   679   679 W PackageManager: Ignoring persisted ABI override for package com.google.android.uwb
05-28 10:50:24.924   679   679 I PackageManager: /data/apex/active/com.android.wifi@360526780.apex changed; collecting certs
05-28 10:50:24.940   567   622 W HWUI    : Image decoding logging dropped!
05-28 10:50:24.943   679   679 I PackageManager: Update system package com.google.android.wifi code path from /system/apex/com.google.android.wifi.apex to /data/apex/active/com.android.wifi@360526780.apex; Retain data and using new
05-28 10:50:24.943   679   679 W PackageManager: Ignoring persisted ABI override for package com.google.android.wifi
05-28 10:50:24.943   679   679 D PackageManager: No files in app dir /apex/com.google.android.widevine/overlay
05-28 10:50:24.943   679   679 D PackageManager: No files in app dir /apex/com.android.hardware.thermal/overlay
05-28 10:50:24.943   679   679 D PackageManager: No files in app dir /apex/com.android.hardware.uwb/overlay
05-28 10:50:24.944   679   679 D PackageManager: No files in app dir /apex/com.android.hardware.power/overlay
05-28 10:50:24.944   679   679 D PackageManager: No files in app dir /apex/com.android.hardware.contexthub/overlay
05-28 10:50:24.944   679   679 D PackageManager: No files in app dir /apex/com.android.hardware.rebootescrow/overlay
05-28 10:50:24.944   679   679 D PackageManager: No files in app dir /apex/com.android.hardware.dumpstate/overlay
05-28 10:50:24.944   679   679 D PackageManager: No files in app dir /apex/com.android.hardware.authsecret/overlay
05-28 10:50:24.944   679   679 D PackageManager: No files in app dir /apex/com.android.hardware.neuralnetworks/overlay
05-28 10:50:24.944   679   679 D PackageManager: No files in app dir /apex/com.android.hardware.threadnetwork/overlay
05-28 10:50:24.944   679   679 D PackageManager: No files in app dir /apex/com.android.hardware.vibrator/overlay
05-28 10:50:24.944   679   679 D PackageManager: No files in app dir /apex/com.android.hardware.gatekeeper/overlay
05-28 10:50:24.944   679   679 D PackageManager: No files in app dir /apex/com.android.hardware.cas/overlay
05-28 10:50:24.944   679   679 D PackageManager: No files in app dir /system_ext/overlay
05-28 10:50:24.957   567   622 W HWUI    : Image decoding logging dropped!
05-28 10:50:24.959   679   679 D PackageManager: No files in app dir /oem/overlay
05-28 10:50:24.959   679   679 D PackageManager: No files in app dir /odm/overlay
05-28 10:50:24.961   679   679 W PackageManager: Failed to parse /system/framework/arm64: Missing base APK in /system/framework/arm64
05-28 10:50:24.962   679   679 W PackageManager: Failed to parse /system/framework/oat: Missing base APK in /system/framework/oat/arm64
05-28 10:50:24.964   679   767 D PackageCacher: Feature flags for package /system/framework/framework-res.apk: {com.android.window.flags.screen_recording_callbacks=true, android.security.secure_lockdown=false, android.content.pm.quarantined_enabled=false, android.app.enable_tv_implicit_enter_pip_restriction=true, android.app.appfunctions.flags.enable_app_function_manager=true, android.media.tv.flags.apply_picture_profiles=true, com.android.internal.telephony.flags.subscription_plan_allow_status_and_end_date=true, android.net.platform.flags.register_nsd_offload_engine=true, android.media.tv.flags.kids_mode_tvdb_sharing=true, android.security.aapm_api=true, android.permission.flags.ranging_permission_enabled=true, com.android.settingslib.flags.settings_catalyst=true, android.permission.flags.enhanced_confirmation_in_call_apis_enabled=true, android.permission.flags.grant_read_blocked_numbers_to_system_ui_intelligence=false, android.media.tv.flags.tif_unbind_inactive_tis=true, android.content.pm.sdk_dependency_installer=true, com.android.art.flags.executable_method_file_offsets=true, android.app.admin.flags.split_create_managed_profile_enabled=true, android.location.flags.population_density_provider=true, android.permission.flags.sensitive_notification_app_protection=true, com.android.tradeinmode.flags.enable_trade_in_mode=true, com.android.update_engine.minor_changes_2025q4=null, android.media.audio.concurrent_audio_record_bypass_permission=false, android.content.pm.uid_based_provider_lookup=false, com.android.hardware.input.manage_key_gestures=true, com.android.internal.camera.flags.camera_hsum_permission=true, android.permission.flags.health_connect_backup_restore_permission_enabled=true, android.os.vibrator.vendor_vibration_effects=true, com.android.settingslib.flags.write_system_preference_permission_enabled=true, android.permission.flags.text_classifier_choice_api_enabled=true, android.media.tv.flags.media_quality_fw=true, android.provider.user_keys=true, android.os.allow_consentless_bugreport_delegated_consent=false, android.permission.flags.fine_power_monitor_permission=false, android.security.subscribe_to_keyguard_locked_state_perm_priv_flag=true, android.security.afl_api=true, android.xr.xr_manifest_entries=null, android.companion.virtualdevice.flags.enable_limited_vdm_role=false, android.provider.new_default_account_api_enabled=true, com.android.hardware.input.key_event_activity_detection=false}
05-28 10:50:24.965   679   767 E AconfigFlags: Failed to load aconfig package com.android.update_engine
05-28 10:50:24.965   679   767 E AconfigFlags: android.os.flagging.AconfigStorageReadException: ERROR_PACKAGE_NOT_FOUND: package com.android.update_engine cannot be found on the device
05-28 10:50:24.965   679   767 E AconfigFlags: 	at android.os.flagging.AconfigPackage.load(AconfigPackage.java:132)
05-28 10:50:24.965   679   767 E AconfigFlags: 	at com.android.internal.pm.pkg.component.AconfigFlags.lambda$getFlagValueFromNewStorage$0(AconfigFlags.java:261)
05-28 10:50:24.965   679   767 E AconfigFlags: 	at com.android.internal.pm.pkg.component.AconfigFlags$$ExternalSyntheticLambda0.apply(D8$$SyntheticClass:0)
05-28 10:50:24.965   679   767 E AconfigFlags: 	at java.util.concurrent.ConcurrentHashMap.computeIfAbsent(ConcurrentHashMap.java:1713)
05-28 10:50:24.965   679   767 E AconfigFlags: 	at com.android.internal.pm.pkg.component.AconfigFlags.getFlagValueFromNewStorage(AconfigFlags.java:259)
05-28 10:50:24.965   679   767 E AconfigFlags: 	at com.android.internal.pm.pkg.component.AconfigFlags.getFlagValue(AconfigFlags.java:225)
05-28 10:50:24.965   679   767 E AconfigFlags: 	at com.android.server.pm.parsing.PackageCacher.getCachedResult(PackageCacher.java:214)
05-28 10:50:24.965   679   767 E AconfigFlags: 	at com.android.internal.pm.parsing.PackageParser2.parsePackage(PackageParser2.java:126)
05-28 10:50:24.965   679   767 E AconfigFlags: 	at com.android.server.pm.ParallelPackageParser.parsePackage(ParallelPackageParser.java:130)
05-28 10:50:24.965   679   767 E AconfigFlags: 	at com.android.server.pm.ParallelPackageParser.lambda$submit$0(ParallelPackageParser.java:108)
05-28 10:50:24.965   679   767 E AconfigFlags: 	at com.android.server.pm.ParallelPackageParser.$r8$lambda$uW6lAW1ixaCdJ_8ZINGbyQGIceg(ParallelPackageParser.java:0)
05-28 10:50:24.965   679   767 E AconfigFlags: 	at com.android.server.pm.ParallelPackageParser$$ExternalSyntheticLambda0.run(R8$$SyntheticClass:0)
05-28 10:50:24.965   679   767 E AconfigFlags: 	at java.util.concurrent.Executors$RunnableAdapter.call(Executors.java:524)
05-28 10:50:24.965   679   767 E AconfigFlags: 	at java.util.concurrent.FutureTask.run(FutureTask.java:317)
05-28 10:50:24.965   679   767 E AconfigFlags: 	at java.util.concurrent.ThreadPoolExecutor.runWorker(ThreadPoolExecutor.java:1156)
05-28 10:50:24.965   679   767 E AconfigFlags: 	at java.util.concurrent.ThreadPoolExecutor$Worker.run(ThreadPoolExecutor.java:651)
05-28 10:50:24.965   679   767 E AconfigFlags: 	at com.android.internal.util.ConcurrentUtils$1$1.run(ConcurrentUtils.java:65)
05-28 10:50:24.966   679   767 E AconfigFlags: Failed to load aconfig package android.xr
05-28 10:50:24.966   679   767 E AconfigFlags: android.os.flagging.AconfigStorageReadException: ERROR_PACKAGE_NOT_FOUND: package android.xr cannot be found on the device
05-28 10:50:24.966   679   767 E AconfigFlags: 	at android.os.flagging.AconfigPackage.load(AconfigPackage.java:132)
05-28 10:50:24.966   679   767 E AconfigFlags: 	at com.android.internal.pm.pkg.component.AconfigFlags.lambda$getFlagValueFromNewStorage$0(AconfigFlags.java:261)
05-28 10:50:24.966   679   767 E AconfigFlags: 	at com.android.internal.pm.pkg.component.AconfigFlags$$ExternalSyntheticLambda0.apply(D8$$SyntheticClass:0)
05-28 10:50:24.966   679   767 E AconfigFlags: 	at java.util.concurrent.ConcurrentHashMap.computeIfAbsent(ConcurrentHashMap.java:1713)
05-28 10:50:24.966   679   767 E AconfigFlags: 	at com.android.internal.pm.pkg.component.AconfigFlags.getFlagValueFromNewStorage(AconfigFlags.java:259)
05-28 10:50:24.966   679   767 E AconfigFlags: 	at com.android.internal.pm.pkg.component.AconfigFlags.getFlagValue(AconfigFlags.java:225)
05-28 10:50:24.966   679   767 E AconfigFlags: 	at com.android.server.pm.parsing.PackageCacher.getCachedResult(PackageCacher.java:214)
05-28 10:50:24.966   679   767 E AconfigFlags: 	at com.android.internal.pm.parsing.PackageParser2.parsePackage(PackageParser2.java:126)
05-28 10:50:24.966   679   767 E AconfigFlags: 	at com.android.server.pm.ParallelPackageParser.parsePackage(ParallelPackageParser.java:130)
05-28 10:50:24.966   679   767 E AconfigFlags: 	at com.android.server.pm.ParallelPackageParser.lambda$submit$0(ParallelPackageParser.java:108)
05-28 10:50:24.966   679   767 E AconfigFlags: 	at com.android.server.pm.ParallelPackageParser.$r8$lambda$uW6lAW1ixaCdJ_8ZINGbyQGIceg(ParallelPackageParser.java:0)
05-28 10:50:24.966   679   767 E AconfigFlags: 	at com.android.server.pm.ParallelPackageParser$$ExternalSyntheticLambda0.run(R8$$SyntheticClass:0)
05-28 10:50:24.966   679   767 E AconfigFlags: 	at java.util.concurrent.Executors$RunnableAdapter.call(Executors.java:524)
05-28 10:50:24.966   679   767 E AconfigFlags: 	at java.util.concurrent.FutureTask.run(FutureTask.java:317)
05-28 10:50:24.966   679   767 E AconfigFlags: 	at java.util.concurrent.ThreadPoolExecutor.runWorker(ThreadPoolExecutor.java:1156)
05-28 10:50:24.966   679   767 E AconfigFlags: 	at java.util.concurrent.ThreadPoolExecutor$Worker.run(ThreadPoolExecutor.java:651)
05-28 10:50:24.966   679   767 E AconfigFlags: 	at com.android.internal.util.ConcurrentUtils$1$1.run(ConcurrentUtils.java:65)
05-28 10:50:24.973   679   767 D PackageCacher: Feature flags for package /system/priv-app/Shell: {android.security.aapm_api=true, android.permission.flags.replace_body_sensor_permission_enabled=true, android.permission.flags.health_connect_backup_restore_permission_enabled=true, android.permission.flags.text_classifier_choice_api_enabled=true, android.security.protect_device_config_flags=true, android.security.afl_api=true, android.companion.virtualdevice.flags.enable_limited_vdm_role=false}
05-28 10:50:24.973   567   622 W HWUI    : Image decoding logging dropped!
05-28 10:50:24.979   679   679 W PackageManager: Failed to scan /system/priv-app/NetworkStackGoogle: Package com.google.android.networkstack at /system/priv-app/NetworkStackGoogle ignored: updated version 360526280 better than this 360526000
05-28 10:50:24.989   679   679 D PackageManager: No files in app dir /vendor/priv-app
05-28 10:50:24.989   679   679 D PackageManager: No files in app dir /vendor/app
05-28 10:50:24.989   679   679 D PackageManager: No files in app dir /odm/priv-app
05-28 10:50:24.989   679   679 D PackageManager: No files in app dir /odm/app
05-28 10:50:24.989   679   679 D PackageManager: No files in app dir /oem/app
05-28 10:50:24.990   567   622 W HWUI    : Image decoding logging dropped!
05-28 10:50:25.002   679   679 W PackageManager: Skipping provider name com.google.android.apps.messaging.photopicker_images (in package com.google.android.apps.messaging): name already used by com.google.android.apps.messaging
05-28 10:50:25.002   679   679 W PackageManager: Failed to scan /product/priv-app/Phonesky: Package com.android.vending at /product/priv-app/Phonesky ignored: updated version 84613930 better than this 84532130
05-28 10:50:25.004   679   679 W PackageManager: Skipping provider name com.google.android.settings.intelligence (in package com.google.android.settings.intelligence): name already used by com.google.android.settings.intelligence
05-28 10:50:25.006   679   679 W PackageManager: Failed to scan /product/priv-app/PrebuiltGmsCore: Package com.google.android.gms at /product/priv-app/PrebuiltGmsCore ignored: updated version 251833035 better than this 250734035
05-28 10:50:25.008   679   679 W PackageManager: Failed to parse /product/app/Chrome: Missing base APK in /product/app/Chrome
05-28 10:50:25.008   679   679 W PackageManager: Failed to scan /product/app/Chrome-Stub: Package com.android.chrome at /product/app/Chrome-Stub ignored: updated version 694313732 better than this 694313732
05-28 10:50:25.008   567   622 W HWUI    : Image decoding logging dropped!
05-28 10:50:25.013   679   679 W PackageManager: Failed to scan /product/app/ModuleMetadataGoogle: Package com.google.android.modulemetadata at /product/app/ModuleMetadataGoogle ignored: updated version 360574104 better than this 360530004
05-28 10:50:25.017   679   679 W PackageManager: Failed to scan /product/app/PrebuiltGoogleTelemetryTvp: Package com.google.mainline.telemetry at /product/app/PrebuiltGoogleTelemetryTvp ignored: updated version 360560004 better than this 360514004
05-28 10:50:25.020   679   679 W PackageManager: Failed to parse /product/app/WebViewGoogle: Missing base APK in /product/app/WebViewGoogle
05-28 10:50:25.020   679   679 W PackageManager: Failed to scan /product/app/TrichromeLibrary-Stub: Package com.google.android.trichromelibrary_694313732 at /product/app/TrichromeLibrary-Stub ignored: updated version 694313732 better than this 694313732
05-28 10:50:25.020   679   679 W PackageManager: Failed to scan /product/app/WebViewGoogle-Stub: Package com.google.android.webview at /product/app/WebViewGoogle-Stub ignored: updated version 710306033 better than this 694313732
05-28 10:50:25.020   679   679 W PackageManager: Failed to parse /product/app/TrichromeLibrary: Missing base APK in /product/app/TrichromeLibrary
05-28 10:50:25.024   567   622 W HWUI    : Image decoding logging dropped!
05-28 10:50:25.027   679   769 D PackageCacher: Feature flags for package /system_ext/priv-app/SystemUIGoogle: {com.android.wm.shell.enable_retrievable_bubbles=false}
05-28 10:50:25.028   679   767 D PackageCacher: Feature flags for package /system_ext/priv-app/SettingsGoogle: {android.view.contentprotection.flags.exported_settings_activity_enabled=true, com.android.settings.keyboard.keyboard_and_touchpad_a11y_new_page_enabled=true, android.app.ui_rich_ongoing=false, android.security.aapm_api=true, com.android.settingslib.flags.settings_catalyst=true, android.app.modes_ui=true, android.app.supervision.flags.supervision_manager_apis=false, com.android.settings.flags.catalyst_service=true, android.provider.new_default_account_api_enabled=true}
05-28 10:50:25.036   679   679 D PackageManager: No files in app dir /apex/com.android.hardware.cas/priv-app
05-28 10:50:25.036   679   679 D PackageManager: No files in app dir /apex/com.android.hardware.cas/app
05-28 10:50:25.036   679   679 D PackageManager: No files in app dir /apex/com.android.neuralnetworks/priv-app
05-28 10:50:25.036   679   679 D PackageManager: No files in app dir /apex/com.android.neuralnetworks/app
05-28 10:50:25.036   679   679 D PackageManager: No files in app dir /apex/com.android.media.swcodec/priv-app
05-28 10:50:25.036   679   679 D PackageManager: No files in app dir /apex/com.android.media.swcodec/app
05-28 10:50:25.036   679   679 I ApexManager: Registering com.android.cts.priv.ctsshim as apk-in-apex of com.android.apex.cts.shim
05-28 10:50:25.037   679   679 I ApexManager: Registering com.android.cts.ctsshim as apk-in-apex of com.android.apex.cts.shim
05-28 10:50:25.038   679   679 I ApexManager: Registering com.google.android.photopicker as apk-in-apex of com.android.mediaprovider
05-28 10:50:25.039   679   679 I ApexManager: Registering com.google.android.providers.media.module as apk-in-apex of com.android.mediaprovider
05-28 10:50:25.039   679   679 D PackageManager: No files in app dir /apex/com.android.mediaprovider/app
05-28 10:50:25.039   679   679 D PackageManager: No files in app dir /apex/com.android.hardware.gatekeeper/priv-app
05-28 10:50:25.039   679   679 D PackageManager: No files in app dir /apex/com.android.hardware.gatekeeper/app
05-28 10:50:25.039   679   679 D PackageManager: No files in app dir /apex/com.android.hardware.vibrator/priv-app
05-28 10:50:25.039   679   679 D PackageManager: No files in app dir /apex/com.android.hardware.vibrator/app
05-28 10:50:25.039   679   679 D PackageManager: No files in app dir /apex/com.android.configinfrastructure/priv-app
05-28 10:50:25.040   679   679 I ApexManager: Registering com.google.android.server.deviceconfig.resources as apk-in-apex of com.android.configinfrastructure
05-28 10:50:25.040   679   679 D PackageManager: No files in app dir /apex/com.android.hardware.threadnetwork/priv-app
05-28 10:50:25.040   679   679 D PackageManager: No files in app dir /apex/com.android.hardware.threadnetwork/app
05-28 10:50:25.040   679   679 D PackageManager: No files in app dir /apex/com.android.hardware.neuralnetworks/priv-app
05-28 10:50:25.040   679   679 D PackageManager: No files in app dir /apex/com.android.hardware.neuralnetworks/app
05-28 10:50:25.040   679   679 D PackageManager: No files in app dir /apex/com.android.hardware.authsecret/priv-app
05-28 10:50:25.040   679   679 D PackageManager: No files in app dir /apex/com.android.hardware.authsecret/app
05-28 10:50:25.041   567   622 W HWUI    : Image decoding logging dropped!
05-28 10:50:25.042   679   679 I ApexManager: Registering com.google.android.ext.services as apk-in-apex of com.android.extservices
05-28 10:50:25.042   679   679 D PackageManager: No files in app dir /apex/com.android.extservices/app
05-28 10:50:25.042   679   679 D PackageManager: No files in app dir /apex/com.android.hardware.dumpstate/priv-app
05-28 10:50:25.042   679   679 D PackageManager: No files in app dir /apex/com.android.hardware.dumpstate/app
05-28 10:50:25.042   679   679 D PackageManager: No files in app dir /apex/com.android.uprobestats/priv-app
05-28 10:50:25.042   679   679 D PackageManager: No files in app dir /apex/com.android.uprobestats/app
05-28 10:50:25.042   679   679 D PackageManager: No files in app dir /apex/com.android.scheduling/priv-app
05-28 10:50:25.042   679   679 D PackageManager: No files in app dir /apex/com.android.scheduling/app
05-28 10:50:25.042   679   679 D PackageManager: No files in app dir /apex/com.android.media/priv-app
05-28 10:50:25.042   679   679 D PackageManager: No files in app dir /apex/com.android.media/app
05-28 10:50:25.042   679   679 D PackageManager: No files in app dir /apex/com.android.hardware.rebootescrow/priv-app
05-28 10:50:25.042   679   679 D PackageManager: No files in app dir /apex/com.android.hardware.rebootescrow/app
05-28 10:50:25.042   679   679 D PackageManager: No files in app dir /apex/com.android.conscrypt/priv-app
05-28 10:50:25.042   679   679 D PackageManager: No files in app dir /apex/com.android.conscrypt/app
05-28 10:50:25.043   679   679 I ApexManager: Registering com.google.android.healthconnect.controller as apk-in-apex of com.android.healthfitness
05-28 10:50:25.045   679   679 I ApexManager: Registering com.google.android.health.connect.backuprestore as apk-in-apex of com.android.healthfitness
05-28 10:50:25.046   679   679 I ApexManager: Registering com.android.devicelockcontroller as apk-in-apex of com.android.devicelock
05-28 10:50:25.047   679   679 D PackageManager: No files in app dir /apex/com.android.devicelock/app
05-28 10:50:25.047   679   679 D PackageManager: No files in app dir /apex/com.android.hardware.contexthub/priv-app
05-28 10:50:25.047   679   679 D PackageManager: No files in app dir /apex/com.android.hardware.contexthub/app
05-28 10:50:25.047   679   679 D PackageManager: No files in app dir /apex/com.android.bt/priv-app
05-28 10:50:25.048   679   679 I ApexManager: Registering com.google.android.bluetooth as apk-in-apex of com.android.bt
05-28 10:50:25.049   679   679 I ApexManager: Registering com.google.android.wifi.resources as apk-in-apex of com.android.wifi
05-28 10:50:25.050   679   679 I ApexManager: Registering com.google.android.hotspot2.osulogin as apk-in-apex of com.android.wifi
05-28 10:50:25.051   679   679 I ApexManager: Registering com.google.android.wifi.dialog as apk-in-apex of com.android.wifi
05-28 10:50:25.051   679   679 D PackageManager: No files in app dir /apex/com.android.runtime/priv-app
05-28 10:50:25.051   679   679 D PackageManager: No files in app dir /apex/com.android.runtime/app
05-28 10:50:25.051   679   679 D PackageManager: No files in app dir /apex/com.android.hardware.power/priv-app
05-28 10:50:25.051   679   679 D PackageManager: No files in app dir /apex/com.android.hardware.power/app
05-28 10:50:25.052   679   679 I ApexManager: Registering com.google.android.ondevicepersonalization.services as apk-in-apex of com.android.ondevicepersonalization
05-28 10:50:25.054   679   679 I ApexManager: Registering com.google.android.federatedcompute as apk-in-apex of com.android.ondevicepersonalization
05-28 10:50:25.054   679   679 I ApexManager: Registering com.google.android.uwb.resources as apk-in-apex of com.android.uwb
05-28 10:50:25.055   679   679 D PackageManager: No files in app dir /apex/com.android.uwb/app
05-28 10:50:25.055   679   679 D PackageManager: No files in app dir /apex/com.android.hardware.uwb/priv-app
05-28 10:50:25.055   679   679 D PackageManager: No files in app dir /apex/com.android.hardware.uwb/app
05-28 10:50:25.056   679   679 I ApexManager: Registering com.google.android.adservices.api as apk-in-apex of com.android.adservices
05-28 10:50:25.058   679   679 I ApexManager: Registering com.google.android.sdksandbox as apk-in-apex of com.android.adservices
05-28 10:50:25.058   567   622 W HWUI    : Image decoding logging dropped!
05-28 10:50:25.058   679   679 D PackageManager: No files in app dir /apex/com.android.adbd/priv-app
05-28 10:50:25.058   679   679 D PackageManager: No files in app dir /apex/com.android.adbd/app
05-28 10:50:25.058   679   679 D PackageManager: No files in app dir /apex/com.android.os.statsd/priv-app
05-28 10:50:25.058   679   679 D PackageManager: No files in app dir /apex/com.android.os.statsd/app
05-28 10:50:25.059   679   679 I ApexManager: Registering com.google.android.cellbroadcastservice as apk-in-apex of com.android.cellbroadcast
05-28 10:50:25.059   679   679 I ApexManager: Registering com.google.android.cellbroadcastreceiver as apk-in-apex of com.android.cellbroadcast
05-28 10:50:25.060   679   679 D PackageManager: No files in app dir /apex/com.android.cellbroadcast/app
05-28 10:50:25.060   679   679 D PackageManager: No files in app dir /apex/com.android.profiling/priv-app
05-28 10:50:25.060   679   679 D PackageManager: No files in app dir /apex/com.android.profiling/app
05-28 10:50:25.060   679   679 D PackageManager: No files in app dir /apex/com.android.ipsec/priv-app
05-28 10:50:25.060   679   679 D PackageManager: No files in app dir /apex/com.android.ipsec/app
05-28 10:50:25.061   679   679 I ApexManager: Registering com.google.android.networkstack.tethering as apk-in-apex of com.android.tethering
05-28 10:50:25.061   679   679 I ApexManager: Registering com.google.android.connectivity.resources as apk-in-apex of com.android.tethering
05-28 10:50:25.061   679   679 D PackageManager: No files in app dir /apex/com.android.tethering/app
05-28 10:50:25.061   679   679 D PackageManager: No files in app dir /apex/com.android.sdkext/priv-app
05-28 10:50:25.061   679   679 D PackageManager: No files in app dir /apex/com.android.sdkext/app
05-28 10:50:25.061   679   679 D PackageManager: No files in app dir /apex/com.android.resolv/priv-app
05-28 10:50:25.061   679   679 D PackageManager: No files in app dir /apex/com.android.resolv/app
05-28 10:50:25.061   679   679 D PackageManager: No files in app dir /apex/com.android.virt/priv-app
05-28 10:50:25.062   679   679 I ApexManager: Registering com.android.virtualmachine.res as apk-in-apex of com.android.virt
05-28 10:50:25.063   679   679 D PackageManager: No files in app dir /apex/com.android.i18n/priv-app
05-28 10:50:25.063   679   679 D PackageManager: No files in app dir /apex/com.android.i18n/app
05-28 10:50:25.064   679   679 I ApexManager: Registering com.google.android.rkpdapp as apk-in-apex of com.android.rkpd
05-28 10:50:25.064   679   679 D PackageManager: No files in app dir /apex/com.android.rkpd/app
05-28 10:50:25.065   679   767 D PackageCacher: Feature flags for package /apex/com.android.nfcservices/priv-app/NfcNciApexGoogle@360526380: {com.android.nfc.flags.enable_direct_boot_aware=true}
05-28 10:50:25.065   679   679 I ApexManager: Registering com.android.nfc as apk-in-apex of com.android.nfcservices
05-28 10:50:25.065   679   679 I ApexManager: Registering com.google.android.nfc as apk-in-apex of com.android.nfcservices
05-28 10:50:25.065   679   679 D PackageManager: No files in app dir /apex/com.android.nfcservices/app
05-28 10:50:25.065   679   679 D PackageManager: No files in app dir /apex/com.android.art/priv-app
05-28 10:50:25.065   679   679 D PackageManager: No files in app dir /apex/com.android.art/app
05-28 10:50:25.065   679   679 D PackageManager: No files in app dir /apex/com.android.hardware.thermal/priv-app
05-28 10:50:25.065   679   679 D PackageManager: No files in app dir /apex/com.android.hardware.thermal/app
05-28 10:50:25.066   679   679 I ApexManager: Registering com.google.android.appsearch.apk as apk-in-apex of com.android.appsearch
05-28 10:50:25.067   679   679 D PackageManager: No files in app dir /apex/com.android.appsearch/app
05-28 10:50:25.067   679   679 D PackageManager: No files in app dir /apex/com.android.crashrecovery/priv-app
05-28 10:50:25.067   679   679 D PackageManager: No files in app dir /apex/com.android.crashrecovery/app
05-28 10:50:25.067   679   679 D PackageManager: No files in app dir /apex/com.google.android.widevine/priv-app
05-28 10:50:25.067   679   679 D PackageManager: No files in app dir /apex/com.google.android.widevine/app
05-28 10:50:25.067   679   679 D PackageManager: No files in app dir /apex/com.android.tzdata/priv-app
05-28 10:50:25.067   679   679 D PackageManager: No files in app dir /apex/com.android.tzdata/app
05-28 10:50:25.067   679   679 I ApexManager: Registering com.google.android.safetycenter.resources as apk-in-apex of com.android.permission
05-28 10:50:25.068   679   679 I ApexManager: Registering com.google.android.permissioncontroller as apk-in-apex of com.android.permission
05-28 10:50:25.068   679   679 D PackageManager: No files in app dir /apex/com.android.permission/app
05-28 10:50:25.068   679   679 W OverlayConfig: partition_order.xml does not exist.
05-28 10:50:25.072   679   679 I PackageManager: Finished scanning system apps. Time: 669 ms, packageCount: 285 , timePerPackage: 2 , cached: 306
05-28 10:50:25.075   567   622 W HWUI    : Image decoding logging dropped!
05-28 10:50:25.076   679   679 W PackageManager: Relax SCAN_REQUIRE_KNOWN requirement for package com.google.android.trichromelibrary_694313732
05-28 10:50:25.077   679   769 V Configuration: Updating configuration, locales updated from [] to [en_US]
05-28 10:50:25.077   679   769 I system_server: AssetManager2(0xb400007d8bc80e38) locale list changing from [] to [en-US]
05-28 10:50:25.079   679   679 W PackageManager: Relax SCAN_REQUIRE_KNOWN requirement for package com.android.chrome
05-28 10:50:25.080   679   679 W PackageManager: Relax SCAN_REQUIRE_KNOWN requirement for package com.android.vending
05-28 10:50:25.082   679   679 W PackageManager: Relax SCAN_REQUIRE_KNOWN requirement for package com.google.android.modulemetadata
05-28 10:50:25.082   679   766 V Configuration: Updating configuration, locales updated from [] to [en_US]
05-28 10:50:25.082   679   766 I system_server: AssetManager2(0xb400007d8bc5a698) locale list changing from [] to [en-US]
05-28 10:50:25.084   679   769 V Configuration: Updating configuration, locales updated from [] to [en_US]
05-28 10:50:25.084   679   769 I system_server: AssetManager2(0xb400007d8bc80e38) locale list changing from [] to [en-US]
05-28 10:50:25.085   679   679 W PackageManager: Relax SCAN_REQUIRE_KNOWN requirement for package com.google.android.networkstack
05-28 10:50:25.085   679   679 W PackageManager: Relax SCAN_REQUIRE_KNOWN requirement for package com.google.mainline.telemetry
05-28 10:50:25.087   679   679 W PackageManager: Relax SCAN_REQUIRE_KNOWN requirement for package com.google.android.gms
05-28 10:50:25.091   567   622 W HWUI    : Image decoding logging dropped!
05-28 10:50:25.094   679   679 W PackageManager: Relax SCAN_REQUIRE_KNOWN requirement for package com.google.android.webview
05-28 10:50:25.094   679   679 I PackageManager: Finished scanning non-system apps. Time: 23 ms, packageCount: 15 , timePerPackage: 1 , cached: 12
05-28 10:50:25.097   679   679 I PackageManager: Time to scan packages: 0.695 seconds
05-28 10:50:25.109   567   622 W HWUI    : Image decoding logging dropped!
05-28 10:50:25.109   679   679 W AppIdPermissionPolicy: Ignoring permission com.google.android.gtalkservice.permission.GTALK_SERVICE declared in system package com.google.android.gsf: already declared in another system package com.google.android.gms
05-28 10:50:25.109   679   679 W AppIdPermissionPolicy: Ignoring permission com.google.android.c2dm.permission.SEND declared in system package com.google.android.gsf: already declared in another system package com.google.android.gms
05-28 10:50:25.109   679   679 W AppIdPermissionPolicy: Ignoring permission com.google.android.c2dm.permission.RECEIVE declared in system package com.google.android.gsf: already declared in another system package com.google.android.gms
05-28 10:50:25.109   679   679 W AppIdPermissionPolicy: Ignoring permission com.android.vending.INTENT_VENDING_ONLY declared in system package com.google.android.gsf: already declared in another system package com.google.android.gms
05-28 10:50:25.109   679   679 W AppIdPermissionPolicy: Ignoring permission com.google.android.providers.settings.permission.WRITE_GSETTINGS declared in system package com.google.android.gsf: already declared in another system package com.google.android.gms
05-28 10:50:25.109   679   679 W AppIdPermissionPolicy: Ignoring permission com.google.android.providers.gsf.permission.READ_GSERVICES declared in system package com.google.android.gsf: already declared in another system package com.google.android.gms
05-28 10:50:25.109   679   679 W AppIdPermissionPolicy: Ignoring permission com.google.android.providers.gsf.permission.WRITE_GSERVICES declared in system package com.google.android.gsf: already declared in another system package com.google.android.gms
05-28 10:50:25.109   679   679 W AppIdPermissionPolicy: Ignoring permission com.google.android.apps.wallpaper.DYNAMIC_RECEIVER_NOT_EXPORTED_PERMISSION declared in system package com.google.android.apps.wallpaper: already declared in another system package com.android.wallpaper
05-28 10:50:25.117   679   679 V PackageManager: reconcileAppsData for null u0 0x1 migrateAppData=true
05-28 10:50:25.120   593   608 I SELinux : SELinux: Loaded file context from:
05-28 10:50:25.120   593   608 I SELinux : 		/system/etc/selinux/plat_file_contexts
05-28 10:50:25.120   593   608 I SELinux : 		/system_ext/etc/selinux/system_ext_file_contexts
05-28 10:50:25.120   593   608 I SELinux : 		/product/etc/selinux/product_file_contexts
05-28 10:50:25.120   593   608 I SELinux : 		/vendor/etc/selinux/vendor_file_contexts
05-28 10:50:25.120   593   608 I SELinux : 		/odm/etc/selinux/odm_file_contexts
05-28 10:50:25.126   567   622 W HWUI    : Image decoding logging dropped!
05-28 10:50:25.134   679   679 V PackageManager: reconcileAppsData finished 27 packages
05-28 10:50:25.134   679   679 D PackageManagerTiming: write settings
05-28 10:50:25.134   679   773 D SystemServerTimingAsync: InitThreadPoolExec:prepareAppData
05-28 10:50:25.143   567   622 W HWUI    : Image decoding logging dropped!
05-28 10:50:25.148   679   679 I SELinux : SELinux: Loaded file context from:
05-28 10:50:25.148   679   679 I SELinux : 		/system/etc/selinux/plat_file_contexts
05-28 10:50:25.148   679   679 I SELinux : 		/system_ext/etc/selinux/system_ext_file_contexts
05-28 10:50:25.148   679   679 I SELinux : 		/product/etc/selinux/product_file_contexts
05-28 10:50:25.148   679   679 I SELinux : 		/vendor/etc/selinux/vendor_file_contexts
05-28 10:50:25.148   679   679 I SELinux : 		/odm/etc/selinux/odm_file_contexts
05-28 10:50:25.154   679   679 I PackageManager: Fix for b/169414761 is applied
05-28 10:50:25.155   679   679 V UserSystemPackageInstaller: Checking that all system packages are whitelisted.
05-28 10:50:25.155   679   679 W UserSystemPackageInstaller: checkWhitelistedSystemPackages(mode=d) has 66 warnings:
05-28 10:50:25.155   679   679 W UserSystemPackageInstaller: com.android.theme.color.amethyst is allowlisted but not present.
05-28 10:50:25.155   679   679 W UserSystemPackageInstaller: com.android.theme.icon.pebble is allowlisted but not present.
05-28 10:50:25.155   679   679 W UserSystemPackageInstaller: com.android.internal.systemui.navbar.gestural_wide_back is allowlisted but not present.
05-28 10:50:25.155   679   679 W UserSystemPackageInstaller: com.android.theme.color.sand is allowlisted but not present.
05-28 10:50:25.155   679   679 W UserSystemPackageInstaller: com.android.theme.icon.vessel is allowlisted but not present.
05-28 10:50:25.155   679   679 W UserSystemPackageInstaller: com.android.theme.color.cinnamon is allowlisted but not present.
05-28 10:50:25.155   679   679 W UserSystemPackageInstaller: com.android.theme.icon_pack.victor.settings is allowlisted but not present.
05-28 10:50:25.155   679   679 W UserSystemPackageInstaller: com.android.theme.icon_pack.rounded.systemui is allowlisted but not present.
05-28 10:50:25.155   679   679 W UserSystemPackageInstaller: com.android.theme.icon.taperedrect is allowlisted but not present.
05-28 10:50:25.155   679   679 W UserSystemPackageInstaller: com.android.documentsui is allowlisted but not present.
05-28 10:50:25.155   679   679 W UserSystemPackageInstaller: com.android.quicksearchbox is allowlisted but not present.
05-28 10:50:25.155   679   679 W UserSystemPackageInstaller: com.android.messaging is allowlisted but not present.
05-28 10:50:25.155   679   679 W UserSystemPackageInstaller: com.android.theme.icon_pack.rounded.android is allowlisted but not present.
05-28 10:50:25.155   679   679 W UserSystemPackageInstaller: com.android.internal.systemui.onehanded.gestural is allowlisted but not present.
05-28 10:50:25.155   679   679 W UserSystemPackageInstaller: com.android.multiuser is allowlisted but not present.
05-28 10:50:25.155   679   679 W UserSystemPackageInstaller: com.android.theme.icon_pack.victor.systemui is allowlisted but not present.
05-28 10:50:25.155   679   679 W UserSystemPackageInstaller: com.android.theme.icon_pack.circular.themepicker is allowlisted but not present.
05-28 10:50:25.155   679   679 W UserSystemPackageInstaller: com.android.avatarpicker is allowlisted but not present.
05-28 10:50:25.155   679   679 W UserSystemPackageInstaller: com.android.theme.color.tangerine is allowlisted but not present.
05-28 10:50:25.155   679   679 W UserSystemPackageInstaller: com.android.theme.color.aquamarine is allowlisted but not present.
05-28 10:50:25.155   679   679 W UserSystemPackageInstaller: com.android.theme.color.black is allowlisted but not present.
05-28 10:50:25.155   679   679 W UserSystemPackageInstaller: com.android.theme.color.green is allowlisted but not present.
05-28 10:50:25.155   679   679 W UserSystemPackageInstaller: com.android.theme.color.ocean is allowlisted but not present.
05-28 10:50:25.155   679   679 W UserSystemPackageInstaller: com.android.theme.color.space is allowlisted but not present.
05-28 10:50:25.155   679   679 W UserSystemPackageInstaller: com.android.contacts is allowlisted but not present.
05-28 10:50:25.155   679   679 W UserSystemPackageInstaller: com.android.theme.icon_pack.rounded.launcher is allowlisted but not present.
05-28 10:50:25.155   679   679 W UserSystemPackageInstaller: com.android.theme.icon_pack.kai.settings is allowlisted but not present.
05-28 10:50:25.155   679   679 W UserSystemPackageInstaller: com.android.theme.icon_pack.sam.settings is allowlisted but not present.
05-28 10:50:25.155   679   679 W UserSystemPackageInstaller: com.android.calendar is allowlisted but not present.
05-28 10:50:25.155   679   679 W UserSystemPackageInstaller: com.android.internal.systemui.navbar.gestural_extra_wide_back is allowlisted but not present.
05-28 10:50:25.155   679   679 W UserSystemPackageInstaller: com.android.theme.icon_pack.kai.themepicker is allowlisted but not present.
05-28 10:50:25.155   679   679 W UserSystemPackageInstaller: com.android.theme.icon_pack.victor.launcher is allowlisted but not present.
05-28 10:50:25.155   679   679 W UserSystemPackageInstaller: com.android.theme.icon_pack.filled.settings is allowlisted but not present.
05-28 10:50:25.155   679   679 W UserSystemPackageInstaller: com.android.theme.icon_pack.kai.systemui is allowlisted but not present.
05-28 10:50:25.155   679   679 W UserSystemPackageInstaller: com.android.theme.icon_pack.circular.settings is allowlisted but not present.
05-28 10:50:25.155   679   679 W UserSystemPackageInstaller: com.android.privatespace is allowlisted but not present.
05-28 10:50:25.155   679   679 W UserSystemPackageInstaller: com.android.theme.icon_pack.sam.systemui is allowlisted but not present.
05-28 10:50:25.155   679   679 W UserSystemPackageInstaller: com.android.theme.icon.teardrop is allowlisted but not present.
05-28 10:50:25.155   679   679 W UserSystemPackageInstaller: com.android.theme.icon_pack.rounded.themepicker is allowlisted but not present.
05-28 10:50:25.155   679   679 W UserSystemPackageInstaller: com.android.dialer is allowlisted but not present.
05-28 10:50:25.155   679   679 W UserSystemPackageInstaller: com.android.gallery3d is allowlisted but not present.
05-28 10:50:25.155   679   679 W UserSystemPackageInstaller: com.android.theme.icon_pack.filled.systemui is allowlisted but not present.
05-28 10:50:25.155   679   679 W UserSystemPackageInstaller: com.android.theme.icon_pack.sam.android is allowlisted but not present.
05-28 10:50:25.155   679   679 W UserSystemPackageInstaller: com.android.theme.icon_pack.filled.android is allowlisted but not present.
05-28 10:50:25.155   679   679 W UserSystemPackageInstaller: com.android.theme.icon_pack.circular.systemui is allowlisted but not present.
05-28 10:50:25.155   679   679 W UserSystemPackageInstaller: com.android.inputmethod.latin is allowlisted but not present.
05-28 10:50:25.155   679   679 W UserSystemPackageInstaller: com.android.theme.icon_pack.kai.android is allowlisted but not present.
05-28 10:50:25.155   679   679 W UserSystemPackageInstaller: com.android.theme.icon_pack.kai.launcher is allowlisted but not present.
05-28 10:50:25.155   679   679 W UserSystemPackageInstaller: com.android.theme.icon_pack.sam.launcher is allowlisted but not present.
05-28 10:50:25.155   679   679 W UserSystemPackageInstaller: com.android.theme.icon.squircle is allowlisted but not present.
05-28 10:50:25.155   679   679 W UserSystemPackageInstaller: com.android.theme.icon_pack.victor.android is allowlisted but not present.
05-28 10:50:25.155   679   679 W UserSystemPackageInstaller: com.android.theme.color.palette is allowlisted but not present.
05-28 10:50:25.155   679   679 W UserSystemPackageInstaller: com.android.theme.icon_pack.filled.launcher is allowlisted but not present.
05-28 10:50:25.155   679   679 W UserSystemPackageInstaller: com.android.theme.color.carbon is allowlisted but not present.
05-28 10:50:25.155   679   679 W UserSystemPackageInstaller: com.android.theme.icon_pack.circular.launcher is allowlisted but not present.
05-28 10:50:25.155   679   679 W UserSystemPackageInstaller: com.android.theme.icon_pack.filled.themepicker is allowlisted but not present.
05-28 10:50:25.155   679   679 W UserSystemPackageInstaller: com.android.theme.icon_pack.victor.themepicker is allowlisted but not present.
05-28 10:50:25.155   679   679 W UserSystemPackageInstaller: com.android.theme.color.orchid is allowlisted but not present.
05-28 10:50:25.155   679   679 W UserSystemPackageInstaller: com.android.deskclock is allowlisted but not present.
05-28 10:50:25.155   679   679 W UserSystemPackageInstaller: com.android.theme.color.purple is allowlisted but not present.
05-28 10:50:25.155   679   679 W UserSystemPackageInstaller: com.android.theme.icon_pack.sam.themepicker is allowlisted but not present.
05-28 10:50:25.155   679   679 W UserSystemPackageInstaller: com.android.wallpaperpicker is allowlisted but not present.
05-28 10:50:25.155   679   679 W UserSystemPackageInstaller: com.android.theme.icon.roundedrect is allowlisted but not present.
05-28 10:50:25.155   679   679 W UserSystemPackageInstaller: com.android.internal.systemui.navbar.gestural_narrow_back is allowlisted but not present.
05-28 10:50:25.155   679   679 W UserSystemPackageInstaller: com.android.theme.icon_pack.rounded.settings is allowlisted but not present.
05-28 10:50:25.156   679   679 W UserSystemPackageInstaller: com.android.theme.icon_pack.circular.android is allowlisted but not present.
05-28 10:50:25.156   679   679 I Watchdog: Resuming HandlerChecker: main thread for reason: packagemanagermain. Pause count: 0
05-28 10:50:25.156   679   679 D SystemServerTiming: DexUseManagerLocal
05-28 10:50:25.160   567   622 W HWUI    : Image decoding logging dropped!
05-28 10:50:25.161   595   614 I ServiceManagerCppClient: Waiting for service 'package_native' on '/dev/binder' successful after waiting 1911ms
05-28 10:50:25.163   679   679 D nativeloader: Load libartservice.so using class loader ns clns-shared-9 (caller=/apex/com.android.art/javalib/service-art.jar): ok
05-28 10:50:25.165   598   598 W storaged: Thread Pool max thread count is 0. Cannot cache binder as linkToDeath cannot be implemented. serviceName: package_native
05-28 10:50:25.165   598   598 I ServiceManagerCppClient: Waiting for service 'package_native' on '/dev/binder' successful after waiting 2011ms
05-28 10:50:25.166   679   679 D SystemServerTiming: StartOtaDexOptService
05-28 10:50:25.166   679   679 I Watchdog: Pausing HandlerChecker: main thread for reason: moveab. Pause count: 1
05-28 10:50:25.166   679   679 D OTADexopt: No upgrade, skipping A/B artifacts check.
05-28 10:50:25.166   679   679 I Watchdog: Resuming HandlerChecker: main thread for reason: moveab. Pause count: 0
05-28 10:50:25.166   679   679 D SystemServerTiming: StartUserManagerService
05-28 10:50:25.166   679   679 I SystemServiceManager: Starting com.android.server.pm.UserManagerService$LifeCycle
