05-22 10:11:55.824   611   611 D C2Store : Default ION flags = 0
05-22 10:11:55.824   611   611 D C2Store : Default ION align = 0
05-22 10:11:55.825   611   611 I HidlServiceManagement: Registered android.hardware.media.c2@1.2::IComponentStore/software
05-22 10:11:55.826   611   611 I CodecServiceRegistrant: Preferred Codec2 HIDL store is set to "default".
05-22 10:11:55.826   611   611 I CodecServiceRegistrant: Software Codec2 service created and registered.
05-22 10:11:55.827   221   221 I hw-BpHwBinder: onLastStrongRef automatically unlinking death recipients
05-22 10:11:55.833   500   642 W AudioFlinger: no wake lock to update, system not ready yet
05-22 10:11:55.833   500   642 D AudioFlinger: updateHalSupportedLatencyModes_l: thread(13) status -38 supported latency modes: { }
05-22 10:11:55.834   500   500 V APM_AudioPolicyManager: setOutputDevices() AF::createAudioPatch returned 0 patchHandle 12 num_sources 1 num_sinks 1
05-22 10:11:55.834   500   500 V APM_AudioPolicyManager: computeVolume volume source 9, index 0,  devices 0x2, compute internal 1 
05-22 10:11:55.834   500   500 V APM_AudioPolicyManager: computeVolume volume source 10, index 0,  devices 0x2, compute internal 1 
05-22 10:11:55.834   500   500 V APM_AudioPolicyManager: computeVolume volume source 15, index 0,  devices 0x2, compute internal 1 
05-22 10:11:55.834   500   500 I AudioFlinger: openOutput() this 0xb400007c39ae7900, module 10 Device AUDIO_DEVICE_OUT_TELEPHONY_TX, @:, SamplingRate 48000, Format 0x000001, Channels 0x3, flags 0
05-22 10:11:55.835   500   500 I AudioFlinger: HAL output buffer size 1088 frames, normal sink buffer size 1088 frames
05-22 10:11:55.835   500   500 D AudioFlinger: Failed to add event callback
05-22 10:11:55.836   500   654 I AudioFlinger: AudioFlinger's thread 0xb400007d10c1a770 tid=654 ready to run
05-22 10:11:55.836   500   654 W AudioFlinger: no wake lock to update, system not ready yet
05-22 10:11:55.836   461   461 E android.hardware.audio@7.1-impl.ranchu: getPresentationPosition:510 failure: Result::INVALID_STATE
05-22 10:11:55.836   500   500 V APM_AudioPolicyManager: checkAndSetVolume if deviceTypes is change from none to device 0x10000, need get index 0
05-22 10:11:55.836   500   500 V APM_AudioPolicyManager: checkAndSetVolume if deviceTypes is change from none to device 0x10000, need get index 0
05-22 10:11:55.836   500   500 V APM_AudioPolicyManager: checkAndSetVolume if deviceTypes is change from none to device 0x10000, need get index 0
05-22 10:11:55.836   500   500 V APM_AudioPolicyManager: checkAndSetVolume if deviceTypes is change from none to device 0x10000, need get index 0
05-22 10:11:55.836   500   500 V APM_AudioPolicyManager: checkAndSetVolume if deviceTypes is change from none to device 0x10000, need get index 0
05-22 10:11:55.836   500   500 V APM_AudioPolicyManager: checkAndSetVolume if deviceTypes is change from none to device 0x10000, need get index 0
05-22 10:11:55.836   500   500 V APM_AudioPolicyManager: checkAndSetVolume if deviceTypes is change from none to device 0x10000, need get index 0
05-22 10:11:55.836   500   500 V APM_AudioPolicyManager: checkAndSetVolume if deviceTypes is change from none to device 0x10000, need get index 0
05-22 10:11:55.836   500   500 V APM_AudioPolicyManager: checkAndSetVolume if deviceTypes is change from none to device 0x10000, need get index 0
05-22 10:11:55.836   500   500 V APM_AudioPolicyManager: computeVolume volume source 9, index 0,  devices 0x10000, compute internal 1 
05-22 10:11:55.836   500   500 V APM_AudioPolicyManager: checkAndSetVolume if deviceTypes is change from none to device 0x10000, need get index 0
05-22 10:11:55.836   500   500 V APM_AudioPolicyManager: computeVolume volume source 10, index 0,  devices 0x10000, compute internal 1 
05-22 10:11:55.836   500   500 V APM_AudioPolicyManager: checkAndSetVolume if deviceTypes is change from none to device 0x10000, need get index 0
05-22 10:11:55.836   500   500 V APM_AudioPolicyManager: checkAndSetVolume if deviceTypes is change from none to device 0x10000, need get index 0
05-22 10:11:55.836   500   500 V APM_AudioPolicyManager: checkAndSetVolume if deviceTypes is change from none to device 0x10000, need get index 0
05-22 10:11:55.836   500   500 V APM_AudioPolicyManager: checkAndSetVolume if deviceTypes is change from none to device 0x10000, need get index 0
05-22 10:11:55.836   500   500 V APM_AudioPolicyManager: checkAndSetVolume if deviceTypes is change from none to device 0x10000, need get index 0
05-22 10:11:55.836   500   500 V APM_AudioPolicyManager: computeVolume volume source 15, index 0,  devices 0x10000, compute internal 1 
05-22 10:11:55.836   500   500 V APM_AudioPolicyManager: selectOutputForMusicEffects selected output 13
05-22 10:11:55.836   500   500 V APM_AudioPolicyManager: setOutputDevices caller onNewAudioModulesAvailableInt[[portId:4][io:21, telephony_tx]] device {AUDIO_DEVICE_OUT_TELEPHONY_TX, @:} delayMs 0
05-22 10:11:55.836   500   500 V APM_AudioPolicyManager: setOutputDevices caller onNewAudioModulesAvailableInt[[portId:4][io:21, telephony_tx]] prevDevice {AUDIO_DEVICE_OUT_TELEPHONY_TX, @:}
05-22 10:11:55.836   500   500 V APM_AudioPolicyManager: setOutputDevices caller onNewAudioModulesAvailableInt[[portId:4][io:21, telephony_tx]] changing device to {AUDIO_DEVICE_OUT_TELEPHONY_TX, @:}
05-22 10:11:55.836   500   654 W AudioFlinger: no wake lock to update, system not ready yet
05-22 10:11:55.837   500   654 D AudioFlinger: updateHalSupportedLatencyModes_l: thread(21) status -38 supported latency modes: { }
05-22 10:11:55.837   500   500 V APM_AudioPolicyManager: setOutputDevices() AF::createAudioPatch returned 0 patchHandle 20 num_sources 1 num_sinks 1
05-22 10:11:55.837   500   500 V APM_AudioPolicyManager: computeVolume volume source 9, index 0,  devices 0x10000, compute internal 1 
05-22 10:11:55.837   500   500 V APM_AudioPolicyManager: computeVolume volume source 10, index 0,  devices 0x10000, compute internal 1 
05-22 10:11:55.837   500   500 V APM_AudioPolicyManager: computeVolume volume source 15, index 0,  devices 0x10000, compute internal 1 
05-22 10:11:55.838   500   655 I AudioFlinger: AudioFlinger's thread 0xb400007d10214a88 tid=655 ready to run
05-22 10:11:55.839   500   655 W AudioFlinger: no wake lock to update, system not ready yet
05-22 10:11:55.840   500   655 W AudioFlinger: no wake lock to update, system not ready yet
05-22 10:11:55.840   510   510 I SurfaceFlinger: Enter boot animation
05-22 10:11:55.841   500   658 I AudioFlinger: AudioFlinger's thread 0xb400007d10214a88 tid=658 ready to run
05-22 10:11:55.841   500   658 W AudioFlinger: no wake lock to update, system not ready yet
05-22 10:11:55.846   611   647 I isAtLeastRelease: device sdk 36, minsdk 36
05-22 10:11:55.846   611   647 I isAtLeastRelease: active codename REL, to match Baklava
05-22 10:11:55.846   611   647 D C2SoftApvDec: isAtLeastRelease(36, Baklava) says enable: yes
05-22 10:11:55.847   611   647 I mediaswcodec: missing struct descriptor #Param::CoreIndex(--001) for field red of struct #Param::CoreIndex(--002)
05-22 10:11:55.847   611   647 I mediaswcodec: missing struct descriptor #Param::CoreIndex(--001) for field green of struct #Param::CoreIndex(--002)
05-22 10:11:55.847   611   647 I mediaswcodec: missing struct descriptor #Param::CoreIndex(--001) for field blue of struct #Param::CoreIndex(--002)
05-22 10:11:55.847   611   647 I mediaswcodec: missing struct descriptor #Param::CoreIndex(--001) for field white of struct #Param::CoreIndex(--002)
05-22 10:11:55.852   611   647 I isAtLeastRelease: device sdk 36, minsdk 36
05-22 10:11:55.852   611   647 I isAtLeastRelease: active codename REL, to match Baklava
05-22 10:11:55.852   611   647 D C2SoftApvEnc: isAtLeastRelease(36, Baklava) says enable: yes
05-22 10:11:55.872   611   647 I mediaswcodec: missing struct descriptor #Param::CoreIndex(--1812) for field values of struct #Param::CoreIndex(F-11812)
05-22 10:11:55.879   611   647 I mediaswcodec: missing struct descriptor #Param::CoreIndex(--004) for field values of struct #Param::CoreIndex(F-12004)
05-22 10:11:55.879   611   647 I mediaswcodec: missing struct descriptor #Param::CoreIndex(--1812) for field values of struct #Param::CoreIndex(F-11812)
05-22 10:11:55.881   593   593 I perfetto:  probes_producer.cc:345 Connected to the service
05-22 10:11:55.881   500   658 W AudioFlinger: no wake lock to update, system not ready yet
05-22 10:11:55.881   500   661 I AudioFlinger: AudioFlinger's thread 0xb400007d10214a88 tid=661 ready to run
05-22 10:11:55.882   500   661 W AudioFlinger: no wake lock to update, system not ready yet
05-22 10:11:55.882   500   661 W AudioFlinger: no wake lock to update, system not ready yet
05-22 10:11:55.882   500   500 W libutils.threads: Thread (this=0xb400007d10214a88): getTid() is undefined before run()
05-22 10:11:55.884   461   461 I r_submix: adev_open(name=audio_hw_if)
05-22 10:11:55.885   500   500 W DeviceHalHidl: getSoundDoseInterface service android.hardware.audio.sounddose.ISoundDoseFactory/default doesn't exist
05-22 10:11:55.886   500   500 W MelReporter: activateHalSoundDoseComputation: HAL cannot provide sound dose interface for module r_submix
05-22 10:11:55.886   500   500 W AudioFlinger: loadHwModule() sound dose reporting is not available
05-22 10:11:55.886   461   461 I r_submix: adev_init_check()
05-22 10:11:55.886   500   500 I AudioFlinger: loadHwModule() Loaded r_submix audio interface, handle 18
05-22 10:11:55.887   461   461 D r_submix: adev_open_input_stream(addr=0)
05-22 10:11:55.887   461   461 I r_submix: adev_open_input_stream(): about to create pipe at index 9, rate 48000, pipe size 4096
05-22 10:11:55.887   461   461 D r_submix: submix_audio_device_create_pipe_l(addr=0, idx=9)
05-22 10:11:55.887   461   461 D r_submix:   now using address 0 for route 9
05-22 10:11:55.888   500   665 I AudioFlinger: AudioFlinger's thread 0xb400007d10214a88 tid=665 ready to run
05-22 10:11:55.888   461   657 I r_submix: in_standby()
05-22 10:11:55.888   500   665 W AudioFlinger: no wake lock to update, system not ready yet
05-22 10:11:55.888   461   657 I r_submix: in_standby()
05-22 10:11:55.888   500   665 W AudioFlinger: no wake lock to update, system not ready yet
05-22 10:11:55.888   461   657 D r_submix: adev_close_input_stream()
05-22 10:11:55.888   461   657 D r_submix: submix_audio_device_release_pipe_l(idx=9) addr=0
05-22 10:11:55.888   461   657 D r_submix: submix_audio_device_destroy_pipe_l(): pipe destroyed
05-22 10:11:55.890   611   647 D C2SoftH263Enc: Given level 3004 does not cover current configuration: adjusting to 3003
05-22 10:11:55.895   500   500 W DeviceHalHidl: getSoundDoseInterface service android.hardware.audio.sounddose.ISoundDoseFactory/default doesn't exist
05-22 10:11:55.895   500   500 W MelReporter: activateHalSoundDoseComputation: HAL cannot provide sound dose interface for module bluetooth
05-22 10:11:55.895   500   500 W AudioFlinger: loadHwModule() sound dose reporting is not available
05-22 10:11:55.895   500   500 I AudioFlinger: loadHwModule() Loaded bluetooth audio interface, handle 26
05-22 10:11:55.896   500   500 W FactoryHal: hasAidlHalService android.hardware.audio.effect.IFactory/default: false
05-22 10:11:55.896   221   221 I hwservicemanager: getTransport: Cannot find entry android.hardware.audio.effect@7.1::IEffectsFactory/default in either framework or device VINTF manifest.
05-22 10:11:55.899   500   500 W FactoryHal: hasAidlHalService android.hardware.audio.core.IModule/default: false
05-22 10:11:55.899   218   667 W libc    : Unable to set property "ctl.interface_start" to "aidl/activity": PROP_ERROR_HANDLE_CONTROL_MESSAGE (0x20)
05-22 10:11:55.901   611   647 I mediaswcodec: missing struct descriptor #Param::CoreIndex(--004) for field values of struct #Param::CoreIndex(F-12004)
05-22 10:11:55.901   611   647 I mediaswcodec: missing struct descriptor #Param::CoreIndex(--1812) for field values of struct #Param::CoreIndex(F-11812)
05-22 10:11:55.923   611   647 I C2SoftVpxEnc: setting temporal layering 0 + 0
05-22 10:11:55.923   611   647 I mediaswcodec: missing struct descriptor #Param::CoreIndex(--1812) for field values of struct #Param::CoreIndex(F-11812)
05-22 10:11:55.925   611   647 I C2SoftVpxEnc: setting temporal layering 0 + 0
05-22 10:11:55.925   611   647 I mediaswcodec: missing struct descriptor #Param::CoreIndex(--1812) for field values of struct #Param::CoreIndex(F-11812)
05-22 10:11:55.925   608   623 D MediaCodecsXmlParser: parsing /apex/com.android.media.swcodec/etc/media_codecs.xml...
05-22 10:11:55.925   608   623 D MediaCodecsXmlParser: disabling c2.android.gsm.decoder
05-22 10:11:55.926   608   623 D MediaCodecsXmlParser: disabling c2.android.mpeg2.decoder
05-22 10:11:55.926   608   623 D MediaCodecsXmlParser: disabling c2.android.apv.decoder
05-22 10:11:55.926   608   623 I MediaCodecsXmlParser: codec c2.android.apv.decoder enabled, device sdk 36 >= required 36
05-22 10:11:55.926   608   623 D MediaCodecsXmlParser: disabling c2.android.av1.encoder
05-22 10:11:55.926   608   623 I MediaCodecsXmlParser: codec c2.android.av1.encoder enabled, device sdk 36 >= required 34
05-22 10:11:55.926   608   623 D MediaCodecsXmlParser: disabling c2.android.apv.encoder
05-22 10:11:55.926   608   623 I MediaCodecsXmlParser: codec c2.android.apv.encoder enabled, device sdk 36 >= required 36
05-22 10:11:55.926   608   623 I MediaCodecsXmlParser: Did not find media_codecs_performance.xml in search path
05-22 10:11:55.926   608   623 I MediaCodecsXmlParser: Did not find media_codecs_c2.xml in search path
05-22 10:11:55.926   608   623 D MediaCodecsXmlParser: parsing /vendor/etc/media_codecs_performance_c2.xml...
05-22 10:11:55.926   608   623 D MediaCodecsXmlParser: parsing /vendor/etc/media_codecs.xml...
05-22 10:11:55.927   608   623 D MediaCodecsXmlParser: Ignoring unrecognized tag <MediaCodec> at line 85 of /vendor/etc/media_codecs.xml
05-22 10:11:55.927   608   623 D MediaCodecsXmlParser: Ignoring unrecognized tag <MediaCodec> at line 88 of /vendor/etc/media_codecs.xml
05-22 10:11:55.927   608   623 D MediaCodecsXmlParser: Ignoring unrecognized tag <MediaCodec> at line 91 of /vendor/etc/media_codecs.xml
05-22 10:11:55.927   608   623 D MediaCodecsXmlParser: Ignoring unrecognized tag <MediaCodec> at line 95 of /vendor/etc/media_codecs.xml
05-22 10:11:55.927   608   623 D MediaCodecsXmlParser: Ignoring unrecognized tag <MediaCodec> at line 98 of /vendor/etc/media_codecs.xml
05-22 10:11:55.927   608   623 D MediaCodecsXmlParser: Ignoring unrecognized tag <MediaCodec> at line 101 of /vendor/etc/media_codecs.xml
05-22 10:11:55.927   608   623 D MediaCodecsXmlParser: Ignoring unrecognized tag <MediaCodec> at line 104 of /vendor/etc/media_codecs.xml
05-22 10:11:55.927   608   623 D MediaCodecsXmlParser: parsing /vendor/etc/media_codecs_google_tv.xml...
05-22 10:11:55.927   608   623 D MediaCodecsXmlParser: unable to open media codecs configuration xml file: /vendor/etc/media_codecs_google_tv.xml
05-22 10:11:55.927   608   623 D MediaCodecsXmlParser: parsing /vendor/etc/media_codecs_google_audio.xml...
05-22 10:11:55.927   608   623 D MediaCodecsXmlParser: parsing /vendor/etc/media_codecs_google_telephony.xml...
05-22 10:11:55.927   608   623 D MediaCodecsXmlParser: parsing /vendor/etc/media_codecs_google_video.xml...
05-22 10:11:55.928   608   623 D MediaCodecsXmlParser: parsing /vendor/etc/media_codecs_performance.xml...
05-22 10:11:55.928   608   623 I MediaCodecsXmlParser: Did not find media_codecs_shaping.xml in search path
05-22 10:11:55.928   608   623 I MediaCodecsXmlParser: Did not find media_codecs_shaping.xml in search path
05-22 10:11:55.928   466   466 I GoldfishComponentStore: in init
05-22 10:11:55.928   466   466 I GoldfishComponentStore: loading dll of path libcodec2_goldfish_avcdec.so
05-22 10:11:55.928   466   466 I GoldfishComponentStore: Create()
05-22 10:11:55.928   466   466 I GoldfishComponentStore: created interface
05-22 10:11:55.928   466   466 I GoldfishComponentStore: created interface
05-22 10:11:55.928   608   623 I Codec2InfoBuilder: adding type 'video/avc'
05-22 10:11:55.929   466   648 I GoldfishComponentStore: in ~ComponentModule
05-22 10:11:55.929   466   648 I GoldfishComponentStore: unloading dll
05-22 10:11:55.929   466   466 I GoldfishComponentStore: in init
05-22 10:11:55.929   466   466 I GoldfishComponentStore: loading dll of path libcodec2_goldfish_hevcdec.so
05-22 10:11:55.929   466   466 I GoldfishComponentStore: Create()
05-22 10:11:55.929   466   466 I GoldfishComponentStore: created interface
05-22 10:11:55.929   466   466 I GoldfishComponentStore: created interface
05-22 10:11:55.929   608   623 I Codec2InfoBuilder: adding type 'video/hevc'
05-22 10:11:55.930   466   648 I GoldfishComponentStore: in ~ComponentModule
05-22 10:11:55.930   466   648 I GoldfishComponentStore: unloading dll
05-22 10:11:55.930   466   668 I GoldfishComponentStore: in init
05-22 10:11:55.930   466   668 I GoldfishComponentStore: loading dll of path libcodec2_goldfish_vp8dec.so
05-22 10:11:55.930   466   668 I GoldfishComponentStore: Create()
05-22 10:11:55.930   466   668 I C2GoldfishVpxDec: platform store is 0xb400007275911308, reflector is 0xb40000735590bf08
05-22 10:11:55.930   466   668 I GoldfishComponentStore: created interface
05-22 10:11:55.930   466   668 I GoldfishComponentStore: created interface
05-22 10:11:55.930   608   623 I Codec2InfoBuilder: adding type 'video/x-vnd.on2.vp8'
05-22 10:11:55.930   466   466 I GoldfishComponentStore: in ~ComponentModule
05-22 10:11:55.930   466   466 I GoldfishComponentStore: unloading dll
05-22 10:11:55.930   466   668 I GoldfishComponentStore: in init
05-22 10:11:55.930   466   668 I GoldfishComponentStore: loading dll of path libcodec2_goldfish_vp9dec.so
05-22 10:11:55.930   466   668 I GoldfishComponentStore: Create()
05-22 10:11:55.931   466   668 I C2GoldfishVpxDec: platform store is 0xb400007275914f88, reflector is 0xb40000735590c448
05-22 10:11:55.931   466   668 I GoldfishComponentStore: created interface
05-22 10:11:55.931   466   668 I GoldfishComponentStore: created interface
05-22 10:11:55.931   608   623 I Codec2InfoBuilder: adding type 'video/x-vnd.on2.vp9'
05-22 10:11:55.932   466   668 I GoldfishComponentStore: in ~ComponentModule
05-22 10:11:55.932   466   668 I GoldfishComponentStore: unloading dll
05-22 10:11:55.933   608   623 I Codec2InfoBuilder: adding type 'audio/mp4a-latm'
05-22 10:11:55.936   608   623 I Codec2InfoBuilder: adding type 'audio/mp4a-latm'
05-22 10:11:55.939   608   623 I Codec2InfoBuilder: adding type 'audio/3gpp'
05-22 10:11:55.940   608   623 I Codec2InfoBuilder: adding type 'audio/3gpp'
05-22 10:11:55.940   608   623 I Codec2InfoBuilder: adding type 'audio/amr-wb'
05-22 10:11:55.941   608   623 I Codec2InfoBuilder: adding type 'audio/amr-wb'
05-22 10:11:55.941   611   671 I isAtLeastRelease: device sdk 36, minsdk 36
05-22 10:11:55.941   611   671 I isAtLeastRelease: active codename REL, to match Baklava
05-22 10:11:55.941   611   671 D C2SoftApvDec: isAtLeastRelease(36, Baklava) says enable: yes
05-22 10:11:55.942   608   623 I Codec2InfoBuilder: adding type 'video/apv'
05-22 10:11:55.942   608   623 W VideoCapabilities: Unsupported mime video/apv
05-22 10:11:55.943   611   670 I isAtLeastRelease: device sdk 36, minsdk 36
05-22 10:11:55.943   611   670 I isAtLeastRelease: active codename REL, to match Baklava
05-22 10:11:55.943   611   670 D C2SoftApvEnc: isAtLeastRelease(36, Baklava) says enable: yes
05-22 10:11:55.944   608   623 I Codec2InfoBuilder: adding type 'video/apv'
05-22 10:11:55.945   608   623 W VideoCapabilities: Unsupported mime video/apv
05-22 10:11:55.948   608   623 I Codec2InfoBuilder: adding type 'video/av01'
05-22 10:11:55.951   608   623 I Codec2InfoBuilder: adding type 'video/av01'
05-22 10:11:55.952   611   671 I mediaswcodec: missing struct descriptor #Param::CoreIndex(--1812) for field values of struct #Param::CoreIndex(F-11812)
05-22 10:11:55.953   611   671 I mediaswcodec: missing struct descriptor #Param::CoreIndex(--1812) for field values of struct #Param::CoreIndex(F-11812)
05-22 10:11:55.953   608   623 I Codec2InfoBuilder: adding type 'video/av01'
05-22 10:11:55.953   611   671 D C2SoftAomEnc: Given level 0 does not cover current configuration: adjusting to 9000
05-22 10:11:55.955   608   623 I Codec2InfoBuilder: adding type 'video/avc'
05-22 10:11:55.957   611   670 I mediaswcodec: missing struct descriptor #Param::CoreIndex(--004) for field values of struct #Param::CoreIndex(F-12004)
05-22 10:11:55.957   611   670 I mediaswcodec: missing struct descriptor #Param::CoreIndex(--1812) for field values of struct #Param::CoreIndex(F-11812)
05-22 10:11:55.958   611   670 I mediaswcodec: missing struct descriptor #Param::CoreIndex(--004) for field values of struct #Param::CoreIndex(F-12004)
05-22 10:11:55.958   611   670 I mediaswcodec: missing struct descriptor #Param::CoreIndex(--1812) for field values of struct #Param::CoreIndex(F-11812)
05-22 10:11:55.958   608   623 I Codec2InfoBuilder: adding type 'video/avc'
05-22 10:11:55.958   611   671 D C2SoftAvcEnc: Given level 0 does not cover current configuration: adjusting to 5000
05-22 10:11:55.960   608   623 I Codec2InfoBuilder: adding type 'audio/flac'
05-22 10:11:55.961   608   623 I Codec2InfoBuilder: adding type 'audio/flac'
05-22 10:11:55.962   608   623 I Codec2InfoBuilder: adding type 'audio/g711-alaw'
05-22 10:11:55.963   608   623 I Codec2InfoBuilder: adding type 'audio/g711-mlaw'
05-22 10:11:55.965   608   623 D Codec2InfoBuilder: codec entry for 'c2.android.gsm.decoder' is disabled
05-22 10:11:55.966   608   623 I Codec2InfoBuilder: adding type 'video/3gpp'
05-22 10:11:55.967   611   646 D C2SoftH263Enc: Given level 3004 does not cover current configuration: adjusting to 3003
05-22 10:11:55.967   611   646 D C2SoftH263Enc: Given level 3004 does not cover current configuration: adjusting to 3003
05-22 10:11:55.967   608   623 I Codec2InfoBuilder: adding type 'video/3gpp'
05-22 10:11:55.967   611   672 D C2SoftH263Enc: Given level 0 does not cover current configuration: adjusting to 3003
05-22 10:11:55.968   608   623 I Codec2InfoBuilder: adding type 'video/hevc'
05-22 10:11:55.968   611   672 I mediaswcodec: missing struct descriptor #Param::CoreIndex(--004) for field values of struct #Param::CoreIndex(F-12004)
05-22 10:11:55.968   611   672 I mediaswcodec: missing struct descriptor #Param::CoreIndex(--1812) for field values of struct #Param::CoreIndex(F-11812)
05-22 10:11:55.968   611   672 I mediaswcodec: missing struct descriptor #Param::CoreIndex(--004) for field values of struct #Param::CoreIndex(F-12004)
05-22 10:11:55.968   611   672 I mediaswcodec: missing struct descriptor #Param::CoreIndex(--1812) for field values of struct #Param::CoreIndex(F-11812)
05-22 10:11:55.968   608   623 I Codec2InfoBuilder: adding type 'video/hevc'
05-22 10:11:55.969   611   646 D C2SoftHevcEnc: Given level 0 does not cover current configuration: adjusting to 6000
05-22 10:11:55.969   608   623 I Codec2InfoBuilder: adding type 'audio/mpeg'
05-22 10:11:55.970   608   623 D Codec2InfoBuilder: codec entry for 'c2.android.mpeg2.decoder' is disabled
05-22 10:11:55.970   608   623 I Codec2InfoBuilder: adding type 'video/mp4v-es'
05-22 10:11:55.971   608   623 I Codec2InfoBuilder: adding type 'video/mp4v-es'
05-22 10:11:55.971   611   646 D C2SoftMpeg4Enc: Given level 0 does not cover current configuration: adjusting to 4003
05-22 10:11:55.972   608   623 I Codec2InfoBuilder: adding type 'audio/opus'
05-22 10:11:55.972   608   623 I Codec2InfoBuilder: adding type 'audio/opus'
05-22 10:11:55.973   608   623 I Codec2InfoBuilder: adding type 'audio/raw'
05-22 10:11:55.974   608   623 I Codec2InfoBuilder: adding type 'audio/vorbis'
05-22 10:11:55.975   608   623 I Codec2InfoBuilder: adding type 'video/x-vnd.on2.vp8'
05-22 10:11:55.975   611   670 I C2SoftVpxEnc: setting temporal layering 0 + 0
05-22 10:11:55.975   611   670 I mediaswcodec: missing struct descriptor #Param::CoreIndex(--1812) for field values of struct #Param::CoreIndex(F-11812)
05-22 10:11:55.975   611   670 I C2SoftVpxEnc: setting temporal layering 0 + 0
05-22 10:11:55.975   611   670 I mediaswcodec: missing struct descriptor #Param::CoreIndex(--1812) for field values of struct #Param::CoreIndex(F-11812)
05-22 10:11:55.975   608   623 I Codec2InfoBuilder: adding type 'video/x-vnd.on2.vp8'
05-22 10:11:55.976   458   458 I zygote64: Initializing ART runtime metrics
05-22 10:11:55.977   608   623 I Codec2InfoBuilder: adding type 'video/x-vnd.on2.vp9'
05-22 10:11:55.977   611   646 I C2SoftVpxEnc: setting temporal layering 0 + 0
05-22 10:11:55.977   611   646 I mediaswcodec: missing struct descriptor #Param::CoreIndex(--1812) for field values of struct #Param::CoreIndex(F-11812)
05-22 10:11:55.977   611   646 I C2SoftVpxEnc: setting temporal layering 0 + 0
05-22 10:11:55.977   611   646 I mediaswcodec: missing struct descriptor #Param::CoreIndex(--1812) for field values of struct #Param::CoreIndex(F-11812)
05-22 10:11:55.977   608   623 I Codec2InfoBuilder: adding type 'video/x-vnd.on2.vp9'
05-22 10:11:55.977   611   670 D C2SoftVpxEnc: Given level 0 does not cover current configuration: adjusting to 7000
05-22 10:11:55.978   602   602 W BpBinder: Linking to death on android.media.IMediaPlayerService but there are no threads (yet?) listening to incoming transactions. See ProcessState::startThreadPool and ProcessState::setThreadPoolMaxThreadCount. Generally you should setup the binder threadpool before other initialization steps.
05-22 10:11:55.979   602   602 E CameraProviderManager: deriveBlobDurationEntries: Unexpected number of available blob durations! 0 vs. 0 with filteredSizes size: 0
05-22 10:11:55.979   602   602 E cameraserver: AidlDeviceInfo3: Unable to derive Heic UltraHDR tags based on camera and media capabilities: Invalid argument (-22)
05-22 10:11:55.979   602   602 W CameraProviderManager: Camera provider android.hardware.camera.provider.ICameraProvider/internal/0 says an unknown camera device@1.1/internal/1 now has torch status 1. Curious.
05-22 10:11:55.979   463   531 W GCH_HalVendorTags: ModifyCharacteristicsKeys: failed to get ANDROID_REQUEST_AVAILABLE_SESSION_KEYS
05-22 10:11:55.979   463   531 W GCH_HalVendorTags: ModifyCharacteristicsKeys: failed to get ANDROID_REQUEST_AVAILABLE_SESSION_KEYS
05-22 10:11:55.979   602   602 I CameraProviderManager: Camera provider android.hardware.camera.provider.ICameraProvider/internal/0 ready with 1 camera devices
05-22 10:11:55.980   602   602 W cameraserver: Thread Pool max thread count is 0. Cannot cache binder as linkToDeath cannot be implemented. serviceName: android.hardware.camera.provider.ICameraProvider/internal/1
05-22 10:11:55.980   602   602 I cameraserver: Connecting to new camera provider: android.hardware.camera.provider.ICameraProvider/internal/1, isRemote? 1
05-22 10:11:55.980   602   602 W BpBinder: Linking to death on android.hardware.camera.provider.ICameraProvider but there are no threads (yet?) listening to incoming transactions. See ProcessState::startThreadPool and ProcessState::setThreadPoolMaxThreadCount. Generally you should setup the binder threadpool before other initialization steps.
05-22 10:11:55.980   602   602 I CameraProviderManager: Enumerating new camera device: device@1.1/internal/10
05-22 10:11:55.980   602   602 I CameraProviderManager: Camera provider android.hardware.camera.provider.ICameraProvider/internal/1 ready with 1 camera devices
05-22 10:11:55.981   602   602 D CameraProviderManager: tryGetService: AIDL Camera provider HAL 'android.hardware.camera.provider.ICameraProvider/virtual/0' is not actually available
05-22 10:11:55.981   602   602 W CameraProviderManager: tryToInitializeAidlProviderLocked: AIDL Camera provider HAL 'android.hardware.camera.provider.ICameraProvider/virtual/0' is not actually available
05-22 10:11:55.981   602   602 I CameraService: onDeviceStatusChanged: Status changed for cameraId=1, newStatus=1
05-22 10:11:55.981   602   602 I CameraService: onDeviceStatusChanged: Unknown camera ID 1, a new camera is added
05-22 10:11:55.981   602   602 I CameraService: onDeviceStatusChanged: Status changed for cameraId=10, newStatus=1
05-22 10:11:55.981   602   602 I CameraService: onDeviceStatusChanged: Unknown camera ID 10, a new camera is added
05-22 10:11:55.983   458   458 D nativeloader: InitDefaultPublicLibraries for_preload=1: libandroid.so:libaaudio.so:libamidi.so:libbinder_ndk.so:libc.so:libcamera2ndk.so:libdl.so:libEGL.so:libGLESv1_CM.so:libGLESv2.so:libGLESv3.so:libicu.so:libicui18n.so:libicuuc.so:libjnigraphics.so:liblog.so:libmediandk.so:libm.so:libnativehelper.so:libnativewindow.so:libOpenMAXAL.so:libOpenSLES.so:libRS.so:libstdc++.so:libsync.so:libvulkan.so:libwebviewchromium_plat_support.so:libz.so
05-22 10:11:55.983   221   221 I hwservicemanager: getTransport: Cannot find entry android.frameworks.cameraservice.service@2.2::ICameraService/default in either framework or device VINTF manifest.
05-22 10:11:55.983   602   602 E HidlServiceManagement: Service android.frameworks.cameraservice.service@2.2::ICameraService/default must be in VINTF manifest in order to register/get.
05-22 10:11:55.983   602   602 W CameraService: onFirstRef: Did not register default android.frameworks.cameraservice.service@2.2
05-22 10:11:55.984   602   602 W cameraserver: Thread Pool max thread count is 0. Cannot cache binder as linkToDeath cannot be implemented. serviceName: android.frameworks.cameraservice.service.ICameraService/default
05-22 10:11:55.984   602   602 I CameraService: CameraService pinged cameraservice proxy
05-22 10:11:55.984   602   602 W cameraserver: Thread Pool max thread count is 0. Cannot cache binder as linkToDeath cannot be implemented. serviceName: media.camera
05-22 10:11:55.984   602   602 I cameraserver: ServiceManager: 0xb400006f7fa24e10 done instantiate
05-22 10:11:55.984   602   602 W CameraProviderManager: addAidlProviderLocked: Camera provider HAL with name 'android.hardware.camera.provider.ICameraProvider/internal/0' already registered
05-22 10:11:55.984   602   602 W CameraProviderManager: addAidlProviderLocked: Camera provider HAL with name 'android.hardware.camera.provider.ICameraProvider/internal/1' already registered
05-22 10:11:56.020   458   458 D nativeloader: Load libicu_jni.so using APEX ns com_android_art for caller /apex/com.android.art/javalib/core-oj.jar: ok
05-22 10:11:56.023   458   458 D zygote64: u_setTimeZoneFilesDirectory("/apex/com.android.tzdata/etc/tz/versioned/9/icu") succeeded. 
05-22 10:11:56.024   458   458 D zygote64: I18n APEX ICU file found: /apex/com.android.i18n/etc/icu/icudt76l.dat
05-22 10:11:56.032   458   458 D nativeloader: Load libjavacore.so using APEX ns com_android_art for caller /apex/com.android.art/javalib/core-oj.jar: ok
05-22 10:11:56.036   458   458 D nativeloader: Load libopenjdk.so using APEX ns com_android_art for caller /apex/com.android.art/javalib/core-oj.jar: ok
05-22 10:11:56.048   458   458 I zygote64: Using memfd for future sealing
05-22 10:11:56.141   458   676 I zygote64: Background verification of 159 classes from boot classpath took 40.117ms
05-22 10:11:56.144   458   458 D nativeloader: Load libstats_jni.so using APEX ns com_android_os_statsd for caller /apex/com.android.os.statsd/javalib/framework-statsd.jar: ok
05-22 10:11:56.144   458   458 D Zygote  : begin preload
05-22 10:11:56.144   458   458 I Zygote  : Calling ZygoteHooks.beginPreload()
05-22 10:11:56.194   458   458 I Zygote  : Preloading classes...
05-22 10:11:56.196   458   458 I AconfigPackage: android.media.swcodec.flags is mapped to com.android.media.swcodec
05-22 10:11:56.196   458   458 I AconfigPackage: com.google.android.settings.simplemode.flags is mapped to system_ext
05-22 10:11:56.196   458   458 I AconfigPackage: com.google.android.systemui is mapped to system_ext
05-22 10:11:56.196   458   458 I AconfigPackage: com.google.android.apps.nexuslauncher is mapped to system_ext
05-22 10:11:56.196   458   458 I AconfigPackage: com.android.settings.accessibility is mapped to system_ext
05-22 10:11:56.196   458   458 I AconfigPackage: com.android.settings.flags is mapped to system_ext
05-22 10:11:56.196   458   458 I AconfigPackage: com.google.android.apps.miphone.aiai.matchmaker.overview.ui is mapped to system_ext
05-22 10:11:56.196   458   458 I AconfigPackage: com.google.android.settings.flags is mapped to system_ext
05-22 10:11:56.196   458   458 I AconfigPackage: com.android.launcher3 is mapped to system_ext
05-22 10:11:56.196   458   458 I AconfigPackage: com.android.wallpaper is mapped to system_ext
05-22 10:11:56.196   458   458 I AconfigPackage: com.android.settings.media_drm is mapped to system_ext
05-22 10:11:56.196   458   458 I AconfigPackage: com.android.systemui.accessibility.accessibilitymenu is mapped to system_ext
05-22 10:11:56.196   458   458 I AconfigPackage: com.android.settings.keyboard is mapped to system_ext
05-22 10:11:56.196   458   458 I AconfigPackage: com.android.server.policy.feature.flags is mapped to system_ext
05-22 10:11:56.196   458   458 I AconfigPackage: com.android.settings.factory_reset is mapped to system_ext
05-22 10:11:56.196   458   458 I AconfigPackage: com.google.android.haptics.flags is mapped to system_ext
05-22 10:11:56.197   458   458 I AconfigPackage: com.android.permission.flags is mapped to com.android.permission
05-22 10:11:56.197   458   458 I AconfigPackage: com.android.icu is mapped to com.android.i18n
05-22 10:11:56.198   458   458 I AconfigPackage: com.android.appsearch.flags is mapped to com.android.appsearch
05-22 10:11:56.198   458   458 I AconfigPackage: android.uprobestats.mainline.flags is mapped to com.android.uprobestats
05-22 10:11:56.199   458   458 I AconfigPackage: android.provider.flags is mapped to com.android.configinfrastructure
05-22 10:11:56.199   458   458 I AconfigPackage: com.android.server.deviceconfig is mapped to com.android.configinfrastructure
05-22 10:11:56.200   458   458 I AconfigPackage: com.android.nfc.flags is mapped to system
05-22 10:11:56.200   458   458 I AconfigPackage: android.app.admin.flags is mapped to system
05-22 10:11:56.200   458   458 I AconfigPackage: android.database.sqlite is mapped to system
05-22 10:11:56.200   458   458 I AconfigPackage: com.android.providers.calendar is mapped to system
05-22 10:11:56.200   458   458 I AconfigPackage: com.android.server.power.feature.flags is mapped to system
05-22 10:11:56.200   458   458 I AconfigPackage: com.android.media.performance.flags is mapped to system
05-22 10:11:56.200   458   458 I AconfigPackage: android.app.contextualsearch.flags is mapped to system
05-22 10:11:56.200   458   458 I AconfigPackage: android.app.ondeviceintelligence.flags is mapped to system
05-22 10:11:56.200   458   458 I AconfigPackage: com.android.media.projection.flags is mapped to system
05-22 10:11:56.200   458   458 I AconfigPackage: android.companion is mapped to system
05-22 10:11:56.200   458   458 I AconfigPackage: android.service.controls.flags is mapped to system
05-22 10:11:56.200   458   458 I AconfigPackage: com.android.text.flags is mapped to system
05-22 10:11:56.200   458   458 I AconfigPackage: com.android.providers.contactkeys.flags is mapped to system
05-22 10:11:56.200   458   458 I AconfigPackage: com.android.intentresolver is mapped to system
05-22 10:11:56.200   458   458 I AconfigPackage: android.companion.virtualdevice.flags is mapped to system
05-22 10:11:56.200   458   458 I AconfigPackage: android.uprobestats.flags is mapped to system
05-22 10:11:56.200   458   458 I AconfigPackage: com.android.net.thread.platform.flags is mapped to system
05-22 10:11:56.200   458   458 I AconfigPackage: android.view.contentprotection.flags is mapped to system
05-22 10:11:56.200   458   458 I AconfigPackage: com.android.server.dreams is mapped to system
05-22 10:11:56.200   458   458 I AconfigPackage: com.android.graphics.surfaceflinger.flags is mapped to system
05-22 10:11:56.200   458   458 I AconfigPackage: com.android.hardware.input is mapped to system
05-22 10:11:56.200   458   458 I AconfigPackage: android.sdk is mapped to system
05-22 10:11:56.200   458   458 I AconfigPackage: com.android.input.flags is mapped to system
05-22 10:11:56.200   458   458 I AconfigPackage: android.tracing is mapped to system
05-22 10:11:56.200   458   458 I AconfigPackage: com.android.server.biometrics is mapped to system
05-22 10:11:56.200   458   458 I AconfigPackage: android.view.contentcapture.flags is mapped to system
05-22 10:11:56.200   458   458 I AconfigPackage: android.app.job is mapped to system
05-22 10:11:56.200   458   458 I AconfigPackage: android.content.res is mapped to system
05-22 10:11:56.200   458   458 I AconfigPackage: android.net.platform.flags is mapped to system
05-22 10:11:56.200   458   458 I AconfigPackage: com.android.aconfig.flags is mapped to system
05-22 10:11:56.200   458   458 I AconfigPackage: com.android.graphics.flags is mapped to system
05-22 10:11:56.200   458   458 I AconfigPackage: android.server.app is mapped to system
05-22 10:11:56.200   458   458 I AconfigPackage: android.speech.flags is mapped to system
05-22 10:11:56.200   458   458 I AconfigPackage: com.android.server.stats is mapped to system
05-22 10:11:56.200   458   458 I AconfigPackage: android.hardware.biometrics is mapped to system
05-22 10:11:56.200   458   458 I AconfigPackage: android.car.feature is mapped to system
05-22 10:11:56.200   458   458 I AconfigPackage: android.adpf is mapped to system
05-22 10:11:56.200   458   458 I AconfigPackage: android.location.flags is mapped to system
05-22 10:11:56.200   458   458 I AconfigPackage: com.android.settingslib.flags is mapped to system
05-22 10:11:56.200   458   458 I AconfigPackage: com.android.managedprovisioning.flags is mapped to system
05-22 10:11:56.200   458   458 I AconfigPackage: android.app.assist.flags is mapped to system
05-22 10:11:56.200   458   458 I AconfigPackage: com.android.server.net is mapped to system
05-22 10:11:56.200   458   458 I AconfigPackage: com.android.settingslib.widget.flags is mapped to system
05-22 10:11:56.200   458   458 I AconfigPackage: com.android.internal.camera.flags is mapped to system
05-22 10:11:56.200   458   458 I AconfigPackage: com.android.hardware.libsensor.flags is mapped to system
05-22 10:11:56.200   458   458 I AconfigPackage: com.android.internal.jank is mapped to system
05-22 10:11:56.200   458   458 I AconfigPackage: com.android.providers.settings is mapped to system
05-22 10:11:56.200   458   458 I AconfigPackage: android.multiuser is mapped to system
05-22 10:11:56.200   458   458 I AconfigPackage: com.android.server.power.optimization is mapped to system
05-22 10:11:56.200   458   458 I AconfigPackage: com.android.calllogbackup is mapped to system
05-22 10:11:56.200   458   458 I AconfigPackage: com.android.media.flags is mapped to system
05-22 10:11:56.200   458   458 I AconfigPackage: com.android.server.flags is mapped to system
05-22 10:11:56.200   458   458 I AconfigPackage: com.android.graphics.libvulkan.flags is mapped to system
05-22 10:11:56.200   458   458 I AconfigPackage: android.app.appfunctions.flags is mapped to system
05-22 10:11:56.200   458   458 I AconfigPackage: android.app.smartspace.flags is mapped to system
05-22 10:11:56.200   458   458 I AconfigPackage: com.android.providers.contacts.flags is mapped to system
05-22 10:11:56.200   458   458 I AconfigPackage: com.android.shell.flags is mapped to system
05-22 10:11:56.200   458   458 I AconfigPackage: com.android.media.aaudio is mapped to system
05-22 10:11:56.200   458   458 I AconfigPackage: android.hardware.radio is mapped to system
05-22 10:11:56.200   458   458 I AconfigPackage: com.google.wear.services.infra.flags is mapped to system
05-22 10:11:56.200   458   458 I AconfigPackage: suspend_service.flags is mapped to system
05-22 10:11:56.200   458   458 I AconfigPackage: android.media.midi is mapped to system
05-22 10:11:56.200   458   458 I AconfigPackage: com.android.libcore.readonly is mapped to system
05-22 10:11:56.200   458   458 I AconfigPackage: com.android.settingslib.widget.selectorwithwidgetpreference.flags is mapped to system
05-22 10:11:56.200   458   458 I AconfigPackage: android.service.notification is mapped to system
05-22 10:11:56.200   458   458 I AconfigPackage: com.android.systemui.shared is mapped to system
05-22 10:11:56.200   458   458 I AconfigPackage: android.app.jank is mapped to system
05-22 10:11:56.200   458   458 I AconfigPackage: android.app.wearable is mapped to system
05-22 10:11:56.200   458   458 I AconfigPackage: com.android.media.audio is mapped to system
05-22 10:11:56.200   458   458 I AconfigPackage: android.service.chooser is mapped to system
05-22 10:11:56.200   458   458 I AconfigPackage: com.android.server.compat is mapped to system
05-22 10:11:56.200   458   458 I AconfigPackage: com.android.server.alarm is mapped to system
05-22 10:11:56.200   458   458 I AconfigPackage: com.android.apex.flags is mapped to system
05-22 10:11:56.200   458   458 I AconfigPackage: android.service.quickaccesswallet is mapped to system
05-22 10:11:56.200   458   458 I AconfigPackage: android.app.usage is mapped to system
05-22 10:11:56.200   458   458 I AconfigPackage: com.android.server.accessibility is mapped to system
05-22 10:11:56.200   458   458 I AconfigPackage: android.app.supervision.flags is mapped to system
05-22 10:11:56.200   458   458 I AconfigPackage: com.android.server.utils is mapped to system
05-22 10:11:56.200   458   458 I AconfigPackage: android.chre.flags is mapped to system
05-22 10:11:56.200   458   458 I AconfigPackage: android.content.flags is mapped to system
05-22 10:11:56.200   458   458 I AconfigPackage: android.media.codec is mapped to system
05-22 10:11:56.200   458   458 I AconfigPackage: com.android.internal.os is mapped to system
05-22 10:11:56.200   458   458 I AconfigPackage: com.android.nfc.nci.flags is mapped to system
05-22 10:11:56.200   458   458 I AconfigPackage: android.app is mapped to system
05-22 10:11:56.200   458   458 I AconfigPackage: android.security.keystore2 is mapped to system
05-22 10:11:56.200   458   458 I AconfigPackage: android.crashrecovery.flags is mapped to system
05-22 10:11:56.200   458   458 I AconfigPackage: com.android.tradeinmode.flags is mapped to system
05-22 10:11:56.200   458   458 I AconfigPackage: android.hardware.flags is mapped to system
05-22 10:11:56.200   458   458 I AconfigPackage: com.android.server.telecom.flags is mapped to system
05-22 10:11:56.200   458   458 I AconfigPackage: com.android.settingslib.media.flags is mapped to system
05-22 10:11:56.200   458   458 I AconfigPackage: com.android.server.policy is mapped to system
05-22 10:11:56.200   458   458 I AconfigPackage: android.media.audiopolicy is mapped to system
05-22 10:11:56.200   458   458 I AconfigPackage: com.android.egg.flags is mapped to system
05-22 10:11:56.200   458   458 I AconfigPackage: com.android.internal.compat.flags is mapped to system
05-22 10:11:56.200   458   458 I AconfigPackage: android.security is mapped to system
05-22 10:11:56.200   458   458 I AconfigPackage: android.service.autofill is mapped to system
05-22 10:11:56.200   458   458 I AconfigPackage: com.example.android.aconfig.demo.flags is mapped to system
05-22 10:11:56.200   458   458 I AconfigPackage: android.view.flags is mapped to system
05-22 10:11:56.200   458   458 I AconfigPackage: android.companion.virtual.flags is mapped to system
05-22 10:11:56.200   458   458 I AconfigPackage: com.android.aconfig_new_storage is mapped to system
05-22 10:11:56.200   458   458 I AconfigPackage: com.android.server.feature.flags is mapped to system
05-22 10:11:56.200   458   458 I AconfigPackage: com.android.systemui is mapped to system
05-22 10:11:56.200   458   458 I AconfigPackage: com.android.server.power.batterysaver is mapped to system
05-22 10:11:56.200   458   458 I AconfigPackage: android.widget.flags is mapped to system
05-22 10:11:56.200   458   458 I AconfigPackage: com.android.media.editing.flags is mapped to system
05-22 10:11:56.200   458   458 I AconfigPackage: com.android.media.codec.flags is mapped to system
05-22 10:11:56.200   458   458 I AconfigPackage: com.android.server.powerstats is mapped to system
05-22 10:11:56.200   458   458 I AconfigPackage: com.android.graphics.egl.flags is mapped to system
05-22 10:11:56.200   458   458 I AconfigPackage: com.android.media.audioserver is mapped to system
05-22 10:11:56.200   458   458 I AconfigPackage: com.android.server.deviceidle is mapped to system
05-22 10:11:56.200   458   458 I AconfigPackage: android.nfc is mapped to system
05-22 10:11:56.200   458   458 I AconfigPackage: android.permission.flags is mapped to system
05-22 10:11:56.200   458   458 I AconfigPackage: android.service.voice.flags is mapped to system
05-22 10:11:56.200   458   458 I AconfigPackage: android.content.pm is mapped to system
05-22 10:11:56.200   458   458 I AconfigPackage: com.android.server.power.hint is mapped to system
05-22 10:11:56.200   458   458 I AconfigPackage: android.os is mapped to system
05-22 10:11:56.200   458   458 I AconfigPackage: android.service.dreams is mapped to system
05-22 10:11:56.200   458   458 I AconfigPackage: com.android.graphics.libgui.flags is mapped to system
05-22 10:11:56.200   458   458 I AconfigPackage: android.hardware.usb.flags is mapped to system
05-22 10:11:56.200   458   458 I AconfigPackage: android.provider is mapped to system
05-22 10:11:56.200   458   458 I AconfigPackage: com.android.server.job is mapped to system
05-22 10:11:56.200   458   458 I AconfigPackage: com.android.internal.foldables.flags is mapped to system
05-22 10:11:56.200   458   458 I AconfigPackage: com.android.internal.telephony.flags is mapped to system
05-22 10:11:56.200   458   458 I AconfigPackage: android.webkit is mapped to system
05-22 10:11:56.200   458   458 I AconfigPackage: android.credentials.flags is mapped to system
05-22 10:11:56.200   458   458 I AconfigPackage: com.android.server.display.feature.flags is mapped to system
05-22 10:11:56.200   458   458 I AconfigPackage: com.android.server.notification is mapped to system
05-22 10:11:56.200   458   458 I AconfigPackage: android.appwidget.flags is mapped to system
05-22 10:11:56.200   458   458 I AconfigPackage: com.android.frameworks.sensorservice.flags is mapped to system
05-22 10:11:56.200   458   458 I AconfigPackage: com.android.printspooler.flags is mapped to system
05-22 10:11:56.200   458   458 I AconfigPackage: com.android.window.flags is mapped to system
05-22 10:11:56.200   458   458 I AconfigPackage: android.adaptiveauth is mapped to system
05-22 10:11:56.200   458   458 I AconfigPackage: android.net.wifi.flags is mapped to system
05-22 10:11:56.200   458   458 I AconfigPackage: android.media.tv.flags is mapped to system
05-22 10:11:56.200   458   458 I AconfigPackage: com.android.server.usb.flags is mapped to system
05-22 10:11:56.200   458   458 I AconfigPackage: android.os.vibrator is mapped to system
05-22 10:11:56.200   458   458 I AconfigPackage: android.hardware.devicestate.feature.flags is mapped to system
05-22 10:11:56.200   458   458 I AconfigPackage: com.android.server.usage is mapped to system
05-22 10:11:56.200   458   458 I AconfigPackage: android.server is mapped to system
05-22 10:11:56.200   458   458 I AconfigPackage: com.android.wm.shell is mapped to system
05-22 10:11:56.200   458   458 I AconfigPackage: android.view.inputmethod is mapped to system
05-22 10:11:56.200   458   458 I AconfigPackage: com.android.graphics.hwui.flags is mapped to system
05-22 10:11:56.200   458   458 I AconfigPackage: com.android.server.backup is mapped to system
05-22 10:11:56.200   458   458 I AconfigPackage: com.android.internal.pm.pkg.component.flags is mapped to system
05-22 10:11:56.200   458   458 I AconfigPackage: android.view.accessibility is mapped to system
05-22 10:11:56.200   458   458 I AconfigPackage: com.google.wear.sdk is mapped to system
05-22 10:11:56.200   458   458 I AconfigPackage: android.media.audio is mapped to system
05-22 10:11:56.200   458   458 I AconfigPackage: com.android.server.am is mapped to system
05-22 10:11:56.200   458   458 I AconfigPackage: com.android.media.playback.flags is mapped to system
05-22 10:11:56.201   458   458 I AconfigPackage: com.android.art.flags is mapped to com.android.art
05-22 10:11:56.201   458   458 I AconfigPackage: com.android.libcore is mapped to com.android.art
05-22 10:11:56.201   458   458 I AconfigPackage: com.android.media.extractor.flags is mapped to com.android.media
05-22 10:11:56.201   458   458 I AconfigPackage: com.android.media.mainline.flags is mapped to com.android.media
05-22 10:11:56.202   458   458 I AconfigPackage: com.android.wifi.flags is mapped to com.android.wifi
05-22 10:11:56.202   458   458 I AconfigPackage: com.android.org.conscrypt.flags is mapped to com.android.conscrypt
05-22 10:11:56.203   458   458 I AconfigPackage: com.android.healthfitness.flags is mapped to com.android.healthfitness
05-22 10:11:56.203   458   458 I AconfigPackage: com.google.android.input.twoshay.flags is mapped to vendor
05-22 10:11:56.203   458   458 I AconfigPackage: libgooglecamerahal.flags is mapped to vendor
05-22 10:11:56.203   458   458 I AconfigPackage: com.android.ipsec.flags is mapped to com.android.ipsec
05-22 10:11:56.204   458   458 I AconfigPackage: com.android.nfc.module.flags is mapped to com.android.nfcservices
05-22 10:11:56.204   458   458 I AconfigPackage: com.android.adservices.ondevicepersonalization.flags is mapped to com.android.ondevicepersonalization
05-22 10:11:56.205   458   458 I AconfigPackage: com.android.bluetooth.flags is mapped to com.android.bt
05-22 10:11:56.205   458   458 I AconfigPackage: com.android.devicelock.flags is mapped to com.android.devicelock
