05-28 14:27:36.577   651   651 W PackageManager: No package known for package restrictions com.google.android.adbd
05-28 14:27:36.577   651   651 W PackageManager: No package known for package restrictions com.google.android.rkpd
05-28 14:27:36.577   651   651 W PackageManager: No package known for package restrictions com.google.android.wifi
05-28 14:27:36.577   651   651 W PackageManager: No package known for package restrictions com.google.android.conscrypt
05-28 14:27:36.577   651   651 W PackageManager: No package known for package restrictions com.android.hardware.vibrator
05-28 14:27:36.583   570   616 W HWUI    : Image decoding logging dropped!
05-28 14:27:36.585   651   651 W PackageSettings: Missing permission state for package com.android.cts.priv.ctsshim on user 0
05-28 14:27:36.586   651   651 W PackageSettings: Missing permission state for package com.google.android.youtube on user 0
05-28 14:27:36.586   651   651 W PackageSettings: Missing permission state for package com.android.internal.display.cutout.emulation.corner on user 0
05-28 14:27:36.586   651   651 W PackageSettings: Missing permission state for package com.google.android.ext.services on user 0
05-28 14:27:36.586   651   651 W PackageSettings: Missing permission state for package com.android.internal.display.cutout.emulation.double on user 0
05-28 14:27:36.586   651   651 W PackageSettings: Missing permission state for package io.appium.settings on user 0
05-28 14:27:36.586   651   651 W PackageSettings: Missing permission state for package com.google.android.googlequicksearchbox on user 0
05-28 14:27:36.586   651   651 W PackageSettings: Missing permission state for package com.google.android.onetimeinitializer on user 0
05-28 14:27:36.586   651   651 W PackageSettings: Missing permission state for package com.google.android.ext.shared on user 0
05-28 14:27:36.586   651   651 W PackageSettings: Missing permission state for package com.android.virtualmachine.res on user 0
05-28 14:27:36.586   651   651 W PackageSettings: Missing permission state for package com.android.wallpapercropper on user 0
05-28 14:27:36.586   651   651 W PackageSettings: Missing permission state for package com.google.android.federatedcompute on user 0
05-28 14:27:36.586   651   651 W PackageSettings: Missing permission state for package com.android.managedprovisioning.auto_generated_rro_product__ on user 0
05-28 14:27:36.586   651   651 W PackageSettings: Missing permission state for package com.android.carrierconfig.auto_generated_rro_vendor__ on user 0
05-28 14:27:36.586   651   651 W PackageSettings: Missing permission state for package com.google.android.server.deviceconfig.resources on user 0
05-28 14:27:36.586   651   651 W PackageSettings: Missing permission state for package com.android.systemui.emulation.pixel_3_xl on user 0
05-28 14:27:36.586   651   651 W PackageSettings: Missing permission state for package com.android.systemui.emulation.pixel_4_xl on user 0
05-28 14:27:36.586   651   651 W PackageSettings: Missing permission state for package com.android.systemui.emulation.pixel_fold on user 0
05-28 14:27:36.586   651   651 W PackageSettings: Missing permission state for package com.android.providers.telephony.auto_generated_characteristics_rro on user 0
05-28 14:27:36.586   651   651 W PackageSettings: Missing permission state for package com.android.simappdialog.auto_generated_rro_product__ on user 0
05-28 14:27:36.586   651   651 W PackageSettings: Missing permission state for package com.android.externalstorage on user 0
05-28 14:27:36.586   651   651 W PackageSettings: Missing permission state for package com.android.htmlviewer on user 0
05-28 14:27:36.586   651   651 W PackageSettings: Missing permission state for package com.android.companiondevicemanager on user 0
05-28 14:27:36.586   651   651 W PackageSettings: Missing permission state for package com.google.android.overlay.largescreenconfig on user 0
05-28 14:27:36.587   651   651 W PackageSettings: Missing permission state for package com.google.android.health.connect.backuprestore on user 0
05-28 14:27:36.587   651   651 W PackageSettings: Missing permission state for package com.android.systemui.auto_generated_rro_product__ on user 0
05-28 14:27:36.587   651   651 W PackageSettings: Missing permission state for package com.google.android.apps.messaging on user 0
05-28 14:27:36.587   651   651 W PackageSettings: Missing permission state for package com.google.android.soundpicker on user 0
05-28 14:27:36.587   651   651 W PackageSettings: Missing permission state for package com.google.android.marvin.talkbackoverlay on user 0
05-28 14:27:36.587   651   651 W PackageSettings: Missing permission state for package com.google.android.configupdater on user 0
05-28 14:27:36.587   651   651 W PackageSettings: Missing permission state for package com.android.internal.emulation.pixel_3a_xl on user 0
05-28 14:27:36.587   651   651 W PackageSettings: Missing permission state for package com.android.internal.emulation.pixel_6_pro on user 0
05-28 14:27:36.587   651   651 W PackageSettings: Missing permission state for package com.android.internal.emulation.pixel_7_pro on user 0
05-28 14:27:36.587   651   651 W PackageSettings: Missing permission state for package com.android.internal.emulation.pixel_8_pro on user 0
05-28 14:27:36.587   651   651 W PackageSettings: Missing permission state for package com.android.internal.emulation.pixel_9_pro on user 0
05-28 14:27:36.587   651   651 W PackageSettings: Missing permission state for package com.google.android.providers.media.module on user 0
05-28 14:27:36.587   651   651 W PackageSettings: Missing permission state for package io.appium.uiautomator2.server on user 0
05-28 14:27:36.587   651   651 W PackageSettings: Missing permission state for package com.android.internal.emulation.pixel_3a on user 0
05-28 14:27:36.587   651   651 W PackageSettings: Missing permission state for package com.android.internal.emulation.pixel_4a on user 0
05-28 14:27:36.587   651   651 W PackageSettings: Missing permission state for package com.android.internal.emulation.pixel_6a on user 0
05-28 14:27:36.587   651   651 W PackageSettings: Missing permission state for package com.android.internal.emulation.pixel_7a on user 0
05-28 14:27:36.587   651   651 W PackageSettings: Missing permission state for package com.android.internal.emulation.pixel_8a on user 0
05-28 14:27:36.587   651   651 W PackageSettings: Missing permission state for package com.google.android.overlay.googlewebview on user 0
05-28 14:27:36.587   651   651 W PackageSettings: Missing permission state for package com.google.android.apps.safetyhub on user 0
05-28 14:27:36.587   651   651 W PackageSettings: Missing permission state for package com.android.systemui.plugin.globalactions.wallet on user 0
05-28 14:27:36.587   651   651 W PackageSettings: Missing permission state for package com.google.android.hotspot2.osulogin on user 0
05-28 14:27:36.587   651   651 W PackageSettings: Missing permission state for package com.android.vending on user 0
05-28 14:27:36.588   651   651 W PackageSettings: Missing permission state for package com.android.pacprocessor on user 0
05-28 14:27:36.588   651   651 W PackageSettings: Missing permission state for package com.android.simappdialog on user 0
05-28 14:27:36.588   651   651 W PackageSettings: Missing permission state for package com.google.android.adservices.api on user 0
05-28 14:27:36.588   651   651 W PackageSettings: Missing permission state for package com.android.internal.display.cutout.emulation.hole on user 0
05-28 14:27:36.588   651   651 W PackageSettings: Missing permission state for package com.android.internal.display.cutout.emulation.tall on user 0
05-28 14:27:36.588   651   651 W PackageSettings: Missing permission state for package eu.europa.ec.euidi.dev on user 0
05-28 14:27:36.588   651   651 W PackageSettings: Missing permission state for package com.android.certinstaller on user 0
05-28 14:27:36.588   651   651 W PackageSettings: Missing permission state for package com.android.carrierconfig on user 0
05-28 14:27:36.588   651   651 W PackageSettings: Missing permission state for package com.google.android.marvin.talkback on user 0
05-28 14:27:36.588   651   651 W PackageSettings: Missing permission state for package com.android.internal.systemui.navbar.threebutton on user 0
05-28 14:27:36.588   651   651 W PackageSettings: Missing permission state for package com.android.camera2 on user 0
05-28 14:27:36.588   651   651 W PackageSettings: Missing permission state for package com.android.internal.ranchu.commonoverlay on user 0
05-28 14:27:36.588   651   651 W PackageSettings: Missing permission state for package com.google.android.sdksandbox on user 0
05-28 14:27:36.589   651   651 W PackageSettings: Missing permission state for package com.android.egg on user 0
05-28 14:27:36.589   651   651 W PackageSettings: Missing permission state for package com.android.backupconfirm on user 0
05-28 14:27:36.589   651   651 W PackageSettings: Missing permission state for package com.android.systemui.auto_generated_rro_vendor__ on user 0
05-28 14:27:36.589   651   651 W PackageSettings: Missing permission state for package com.google.android.deskclock on user 0
05-28 14:27:36.589   651   651 W PackageSettings: Missing permission state for package com.android.internal.systemui.navbar.twobutton on user 0
05-28 14:27:36.589   651   651 W PackageSettings: Missing permission state for package com.google.android.as on user 0
05-28 14:27:36.589   651   651 W PackageSettings: Missing permission state for package com.google.android.gm on user 0
05-28 14:27:36.589   651   651 W PackageSettings: Missing permission state for package com.android.compos.payload on user 0
05-28 14:27:36.589   651   651 W PackageSettings: Missing permission state for package com.android.systemui.accessibility.accessibilitymenu on user 0
05-28 14:27:36.589   651   651 W PackageSettings: Missing permission state for package com.google.android.permissioncontroller on user 0
05-28 14:27:36.589   651   651 W PackageSettings: Missing permission state for package com.android.systemui.emulation.pixel_3 on user 0
05-28 14:27:36.589   651   651 W PackageSettings: Missing permission state for package com.android.systemui.emulation.pixel_4 on user 0
05-28 14:27:36.589   651   651 W PackageSettings: Missing permission state for package com.android.systemui.emulation.pixel_5 on user 0
05-28 14:27:36.589   651   651 W PackageSettings: Missing permission state for package com.android.systemui.emulation.pixel_6 on user 0
05-28 14:27:36.589   651   651 W PackageSettings: Missing permission state for package com.android.systemui.emulation.pixel_7 on user 0
05-28 14:27:36.589   651   651 W PackageSettings: Missing permission state for package com.android.systemui.emulation.pixel_8 on user 0
05-28 14:27:36.589   651   651 W PackageSettings: Missing permission state for package com.android.systemui.emulation.pixel_9 on user 0
05-28 14:27:36.589   651   651 W PackageSettings: Missing permission state for package com.android.emulator.radio.config on user 0
05-28 14:27:36.589   651   651 W PackageSettings: Missing permission state for package com.android.sharedstoragebackup on user 0
05-28 14:27:36.589   651   651 W PackageSettings: Missing permission state for package com.android.printspooler on user 0
05-28 14:27:36.589   651   651 W PackageSettings: Missing permission state for package com.google.android.connectivity.resources.goldfish.overlay on user 0
05-28 14:27:36.589   651   651 W PackageSettings: Missing permission state for package com.android.virtualization.terminal on user 0
05-28 14:27:36.589   651   651 W PackageSettings: Missing permission state for package com.android.dreams.basic on user 0
05-28 14:27:36.590   651   651 W PackageSettings: Missing permission state for package com.google.android.networkstack.tethering.emulator on user 0
05-28 14:27:36.590   651   651 W PackageSettings: Missing permission state for package com.android.providers.settings.auto_generated_rro_product__ on user 0
05-28 14:27:36.590   651   651 W PackageSettings: Missing permission state for package com.google.android.as.oss on user 0
05-28 14:27:36.590   651   651 W PackageSettings: Missing permission state for package com.android.traceur.auto_generated_rro_product__ on user 0
05-28 14:27:36.590   651   651 W PackageSettings: Missing permission state for package com.google.android.apps.wellbeing on user 0
05-28 14:27:36.590   651   651 W PackageSettings: Missing permission state for package com.android.internal.emulation.pixel_9_pro_fold on user 0
05-28 14:27:36.590   651   651 W PackageSettings: Missing permission state for package com.google.android.dialer on user 0
05-28 14:27:36.590   651   651 W PackageSettings: Missing permission state for package com.android.bips on user 0
05-28 14:27:36.590   651   651 W PackageSettings: Missing permission state for package com.android.internal.emulation.pixel_3 on user 0
05-28 14:27:36.590   651   651 W PackageSettings: Missing permission state for package com.android.internal.emulation.pixel_4 on user 0
05-28 14:27:36.590   651   651 W PackageSettings: Missing permission state for package com.android.internal.emulation.pixel_5 on user 0
05-28 14:27:36.590   651   651 W PackageSettings: Missing permission state for package com.android.internal.emulation.pixel_6 on user 0
05-28 14:27:36.590   651   651 W PackageSettings: Missing permission state for package com.android.internal.emulation.pixel_7 on user 0
05-28 14:27:36.590   651   651 W PackageSettings: Missing permission state for package com.android.internal.emulation.pixel_8 on user 0
05-28 14:27:36.590   651   651 W PackageSettings: Missing permission state for package com.android.internal.emulation.pixel_9 on user 0
05-28 14:27:36.590   651   651 W PackageSettings: Missing permission state for package com.google.android.captiveportallogin on user 0
05-28 14:27:36.590   651   651 W PackageSettings: Missing permission state for package android.auto_generated_characteristics_rro on user 0
05-28 14:27:36.590   651   651 W PackageSettings: Missing permission state for package com.google.android.appsearch.apk on user 0
05-28 14:27:36.590   651   651 W PackageSettings: Missing permission state for package com.android.musicfx on user 0
05-28 14:27:36.590   651   651 W PackageSettings: Missing permission state for package com.google.android.apps.docs on user 0
05-28 14:27:36.590   651   651 W PackageSettings: Missing permission state for package com.google.android.modulemetadata on user 0
05-28 14:27:36.590   651   651 W PackageSettings: Missing permission state for package com.android.internal.display.cutout.emulation.emu01 on user 0
05-28 14:27:36.591   651   651 W PackageSettings: Missing permission state for package com.google.android.avatarpicker on user 0
05-28 14:27:36.591   651   651 W PackageSettings: Missing permission state for package com.google.android.markup on user 0
05-28 14:27:36.591   651   651 W PackageSettings: Missing permission state for package com.android.cellbroadcastreceiver on user 0
05-28 14:27:36.591   651   651 W PackageSettings: Missing permission state for package com.google.android.webview on user 0
05-28 14:27:36.591   651   651 W PackageSettings: Missing permission state for package com.google.android.rkpdapp on user 0
05-28 14:27:36.591   651   651 W PackageSettings: Missing permission state for package com.google.android.contacts on user 0
05-28 14:27:36.591   651   651 W PackageSettings: Missing permission state for package com.android.server.telecom.auto_generated_rro_product__ on user 0
05-28 14:27:36.591   651   651 W PackageSettings: Missing permission state for package com.android.phone.auto_generated_characteristics_rro on user 0
05-28 14:27:36.591   651   651 W PackageSettings: Missing permission state for package com.google.android.overlay.googleconfig on user 0
05-28 14:27:36.591   651   651 W PackageSettings: Missing permission state for package com.android.chrome on user 0
05-28 14:27:36.591   651   651 W PackageSettings: Missing permission state for package com.android.bips.auto_generated_rro_product__ on user 0
05-28 14:27:36.591   651   651 W PackageSettings: Missing permission state for package com.google.android.packageinstaller on user 0
05-28 14:27:36.591   651   651 W PackageSettings: Missing permission state for package com.google.android.apps.customization.pixel on user 0
05-28 14:27:36.591   651   651 W PackageSettings: Missing permission state for package com.google.android.gms on user 0
05-28 14:27:36.591   651   651 W PackageSettings: Missing permission state for package com.google.android.tag on user 0
05-28 14:27:36.591   651   651 W PackageSettings: Missing permission state for package com.google.android.tts on user 0
05-28 14:27:36.591   651   651 W PackageSettings: Missing permission state for package com.google.android.overlay.permissioncontroller on user 0
05-28 14:27:36.591   651   651 W PackageSettings: Missing permission state for package com.google.android.googlesdksetup on user 0
05-28 14:27:36.591   651   651 W PackageSettings: Missing permission state for package com.google.android.partnersetup on user 0
05-28 14:27:36.591   651   651 W PackageSettings: Missing permission state for package com.android.cameraextensions on user 0
05-28 14:27:36.591   651   651 W PackageSettings: Missing permission state for package com.google.android.apps.nexuslauncher on user 0
05-28 14:27:36.592   651   651 W PackageSettings: Missing permission state for package com.android.carrierdefaultapp on user 0
05-28 14:27:36.592   651   651 W PackageSettings: Missing permission state for package com.android.credentialmanager on user 0
05-28 14:27:36.592   651   651 W PackageSettings: Missing permission state for package com.android.theme.font.notoserifsource on user 0
05-28 14:27:36.592   651   651 W PackageSettings: Missing permission state for package com.android.proxyhandler on user 0
05-28 14:27:36.592   651   651 W PackageSettings: Missing permission state for package com.google.android.safetycenter.resources on user 0
05-28 14:27:36.592   651   651 W PackageSettings: Missing permission state for package com.android.internal.display.cutout.emulation.waterfall on user 0
05-28 14:27:36.592   651   651 W PackageSettings: Missing permission state for package com.android.intentresolver on user 0
05-28 14:27:36.592   651   651 W PackageSettings: Missing permission state for package com.android.internal.systemui.navbar.transparent on user 0
05-28 14:27:36.592   651   651 W PackageSettings: Missing permission state for package com.google.android.connectivity.resources on user 0
05-28 14:27:36.592   651   651 W PackageSettings: Missing permission state for package com.android.providers.contacts.auto_generated_rro_product__ on user 0
05-28 14:27:36.592   651   651 W PackageSettings: Missing permission state for package com.google.android.feedback on user 0
05-28 14:27:36.592   651   651 W PackageSettings: Missing permission state for package com.google.android.printservice.recommendation on user 0
05-28 14:27:36.592   651   651 W PackageSettings: Missing permission state for package com.google.android.apps.photos on user 0
05-28 14:27:36.592   651   651 W PackageSettings: Missing permission state for package com.android.managedprovisioning on user 0
05-28 14:27:36.592   651   651 W PackageSettings: Missing permission state for package com.google.android.documentsui on user 0
05-28 14:27:36.592   651   651 W PackageSettings: Missing permission state for package com.android.systemui.emulation.pixel_3a_xl on user 0
05-28 14:27:36.592   651   651 W PackageSettings: Missing permission state for package com.android.systemui.emulation.pixel_6_pro on user 0
05-28 14:27:36.592   651   651 W PackageSettings: Missing permission state for package com.android.systemui.emulation.pixel_7_pro on user 0
05-28 14:27:36.592   651   651 W PackageSettings: Missing permission state for package com.android.systemui.emulation.pixel_8_pro on user 0
05-28 14:27:36.592   651   651 W PackageSettings: Missing permission state for package com.android.systemui.emulation.pixel_9_pro on user 0
05-28 14:27:36.592   651   651 W PackageSettings: Missing permission state for package com.google.mainline.telemetry on user 0
05-28 14:27:36.592   651   651 W PackageSettings: Missing permission state for package com.android.carrierconfig.auto_generated_rro_product__ on user 0
05-28 14:27:36.592   651   651 W PackageSettings: Missing permission state for package io.appium.uiautomator2.server.test on user 0
05-28 14:27:36.592   651   651 W PackageSettings: Missing permission state for package com.android.devicediagnostics.auto_generated_rro_product__ on user 0
05-28 14:27:36.592   651   651 W PackageSettings: Missing permission state for package com.android.devicediagnostics on user 0
05-28 14:27:36.592   651   651 W PackageSettings: Missing permission state for package com.google.android.overlay.largescreensettingsprovider on user 0
05-28 14:27:36.592   651   651 W PackageSettings: Missing permission state for package com.android.providers.partnerbookmarks on user 0
05-28 14:27:36.592   651   651 W PackageSettings: Missing permission state for package com.android.role.notes.enabled on user 0
05-28 14:27:36.593   651   651 W PackageSettings: Missing permission state for package com.android.wallpaper.livepicker on user 0
05-28 14:27:36.593   651   651 W PackageSettings: Missing permission state for package com.android.providers.telephony.auto_generated_rro_product__ on user 0
05-28 14:27:36.593   651   651 W PackageSettings: Missing permission state for package com.android.phone.auto_generated_rro_vendor__ on user 0
05-28 14:27:36.593   651   651 W PackageSettings: Missing permission state for package com.google.mainline.adservices on user 0
05-28 14:27:36.593   651   651 W PackageSettings: Missing permission state for package com.android.imsserviceentitlement on user 0
05-28 14:27:36.593   651   651 W PackageSettings: Missing permission state for package com.android.internal.emulation.pixel_9_pro_xl on user 0
05-28 14:27:36.593   651   651 W PackageSettings: Missing permission state for package com.google.android.healthconnect.controller on user 0
05-28 14:27:36.593   651   651 W PackageSettings: Missing permission state for package com.google.android.gms.supervision on user 0
05-28 14:27:36.593   651   651 W PackageSettings: Missing permission state for package com.android.internal.emulation.pixel_2_xl on user 0
05-28 14:27:36.593   651   651 W PackageSettings: Missing permission state for package com.android.internal.emulation.pixel_3_xl on user 0
05-28 14:27:36.593   651   651 W PackageSettings: Missing permission state for package com.android.internal.emulation.pixel_4_xl on user 0
05-28 14:27:36.593   651   651 W PackageSettings: Missing permission state for package com.android.internal.emulation.pixel_fold on user 0
05-28 14:27:36.593   651   651 W PackageSettings: Missing permission state for package com.android.storagemanager on user 0
05-28 14:27:36.593   651   651 W PackageSettings: Missing permission state for package com.android.bookmarkprovider on user 0
05-28 14:27:36.593   651   651 W PackageSettings: Missing permission state for package com.google.android.overlay.pixelconfigcommon on user 0
05-28 14:27:36.593   651   651 W PackageSettings: Missing permission state for package com.android.systemui.accessibility.accessibilitymenu.auto_generated_rro_product__ on user 0
05-28 14:27:36.593   651   651 W PackageSettings: Missing permission state for package com.android.systemui.emulation.pixel_3a on user 0
05-28 14:27:36.593   651   651 W PackageSettings: Missing permission state for package com.android.systemui.emulation.pixel_4a on user 0
05-28 14:27:36.593   651   651 W PackageSettings: Missing permission state for package com.android.systemui.emulation.pixel_6a on user 0
05-28 14:27:36.593   651   651 W PackageSettings: Missing permission state for package com.android.systemui.emulation.pixel_7a on user 0
05-28 14:27:36.593   651   651 W PackageSettings: Missing permission state for package com.android.systemui.emulation.pixel_8a on user 0
05-28 14:27:36.593   651   651 W PackageSettings: Missing permission state for package com.google.android.settings.intelligence on user 0
05-28 14:27:36.593   651   651 W PackageSettings: Missing permission state for package com.google.android.uwb.resources on user 0
05-28 14:27:36.593   651   651 W PackageSettings: Missing permission state for package com.google.android.wifi.resources on user 0
05-28 14:27:36.594   651   651 W PackageSettings: Missing permission state for package com.google.android.wifi.dialog on user 0
05-28 14:27:36.594   651   651 W PackageSettings: Missing permission state for package com.google.android.telephony.satellite on user 0
05-28 14:27:36.594   651   651 W PackageSettings: Missing permission state for package com.android.wallpaper on user 0
05-28 14:27:36.594   651   651 W PackageSettings: Missing permission state for package com.android.microdroid.empty_payload on user 0
05-28 14:27:36.594   651   651 W PackageSettings: Missing permission state for package com.android.vpndialogs on user 0
05-28 14:27:36.594   651   651 W PackageSettings: Missing permission state for package com.google.android.apps.wallpaper on user 0
05-28 14:27:36.594   651   651 W PackageSettings: Missing permission state for package com.google.android.odad on user 0
05-28 14:27:36.594   651   651 W PackageSettings: Missing permission state for package com.android.wallpaperbackup on user 0
05-28 14:27:36.594   651   651 W PackageSettings: Missing permission state for package com.android.settings.auto_generated_rro_product__ on user 0
05-28 14:27:36.594   651   651 W PackageSettings: Missing permission state for package com.android.systemui.emulation.pixel_9_pro_xl on user 0
05-28 14:27:36.594   651   651 W PackageSettings: Missing permission state for package com.android.companiondevicemanager.auto_generated_characteristics_rro on user 0
05-28 14:27:36.594   651   651 W PackageSettings: Missing permission state for package com.android.internal.systemui.navbar.gestural on user 0
05-28 14:27:36.594   651   651 W PackageSettings: Missing permission state for package com.google.android.ondevicepersonalization.services on user 0
05-28 14:27:36.594   651   651 W PackageSettings: Missing permission state for package com.google.android.apps.youtube.music on user 0
05-28 14:27:36.594   651   651 W PackageSettings: Missing permission state for package com.android.bluetoothmidiservice on user 0
05-28 14:27:36.594   651   651 W PackageSettings: Missing permission state for package com.google.android.uwb.resources.goldfish.overlay on user 0
05-28 14:27:36.594   651   651 W PackageSettings: Missing permission state for package com.android.traceur on user 0
05-28 14:27:36.595   651   651 W PackageSettings: Missing permission state for package com.android.storagemanager.auto_generated_rro_product__ on user 0
05-28 14:27:36.595   651   651 W PackageSettings: Missing permission state for package com.google.android.cellbroadcastreceiver on user 0
05-28 14:27:36.595   651   651 W PackageSettings: Missing permission state for package com.android.phone.auto_generated_rro_product__ on user 0
05-28 14:27:36.595   651   651 W PackageSettings: Missing permission state for package com.android.systemui.emulation.pixel_9_pro_fold on user 0
05-28 14:27:36.595   651   651 W PackageSettings: Missing permission state for package android.auto_generated_rro_product__ on user 0
05-28 14:27:36.595   651   651 W PackageSettings: Missing permission state for package com.android.devicelockcontroller on user 0
05-28 14:27:36.595   651   651 W PackageSettings: Missing permission state for package com.google.android.photopicker on user 0
05-28 14:27:36.595   651   651 W PackageSettings: Missing permission state for package com.google.android.inputmethod.latin on user 0
05-28 14:27:36.595   651   651 W PackageSettings: Missing permission state for package com.google.android.trichromelibrary_661308838 on user 0
05-28 14:27:36.595   651   651 W PackageSettings: Missing permission state for package android.auto_generated_rro_vendor__ on user 0
05-28 14:27:36.595   651   651 W PackageSettings: Missing permission state for package com.google.android.apps.restore on user 0
05-28 14:27:36.595   651   651 W PackageSettings: Missing permission state for shared user: android.uid.log
05-28 14:27:36.595   651   651 W PackageSettings: Missing permission state for shared user: android.uid.uwb
05-28 14:27:36.599   651   651 W PackageManager: Could not find package com.android.companiondevicemanager
05-28 14:27:36.601   570   616 W HWUI    : Image decoding logging dropped!
05-28 14:27:36.622   570   616 W HWUI    : Image decoding logging dropped!
05-28 14:27:36.644   651   651 D PackageManager: Directories scanned as system partitions: [/system:0, /vendor:524288, /odm:4194304, /oem:262144, /product:1048576, /system_ext:2097152, /apex/com.android.mediaprovider:41943040, /apex/com.android.compos:44040192, /apex/com.android.ondevicepersonalization:41943040, /apex/com.android.wifi:41943040, /apex/com.android.hardware.neuralnetworks:42467328, /apex/com.android.profiling:41943040, /apex/com.android.uprobestats:41943040, /apex/com.android.nfcservices:41943040, /apex/com.android.adbd:41943040, /apex/com.android.adservices:41943040, /apex/com.android.hardware.vibrator:42467328, /apex/com.android.hardware.dumpstate:42467328, /apex/com.android.devicelock:41943040, /apex/com.android.hardware.gatekeeper:42467328, /apex/com.android.hardware.authsecret:42467328, /apex/com.android.permission:41943040, /apex/com.android.os.statsd:41943040, /apex/com.android.cellbroadcast:41943040, /apex/com.android.bt:41943040, /apex/com.android.healthfitness:41943040, /apex/com.android.hardware.threadnetwork:42467328, /apex/com.android.tethering:41943040, /apex/com.android.sdkext:41943040, /apex/com.android.runtime:41943040, /apex/com.android.apex.cts.shim:41943040, /apex/com.android.conscrypt:41943040, /apex/com.google.mainline.primary.libs:41943040, /apex/com.android.i18n:41943040, /apex/com.android.ipsec:41943040, /apex/com.android.media:41943040, /apex/com.android.scheduling:41943040, /apex/com.android.appsearch:41943040, /apex/com.android.hardware.rebootescrow:42467328, /apex/com.android.rkpd:41943040, /apex/com.android.configinfrastructure:41943040, /apex/com.android.resolv:41943040, /apex/com.android.hardware.thermal:42467328, /apex/com.android.hardware.cas:42467328, /apex/com.android.neuralnetworks:41943040, /apex/com.android.crashrecovery:41943040, /apex/com.android.art:41943040, /apex/com.android.virt:41943040, /apex/com.android.hardware.uwb:42467328, /apex/com.android.uwb:41943040, /apex/com.android.hardware.contexthub:42467328, /apex/com.android.extservices:41943040, /apex/com.android.media.swcodec:41943040, /apex/com.android.hardware.power:42467328, /apex/com.google.android.widevine:42467328, /apex/com.android.tzdata:41943040]
05-28 14:27:36.644   570   616 W HWUI    : Image decoding logging dropped!
05-28 14:27:36.645   651   651 D PackageManager: Keeping known cache c5d9e1390438b5a93312ae098563eb2a37f258e7
05-28 14:27:36.656   570   616 W HWUI    : Image decoding logging dropped!
05-28 14:27:36.679   570   616 W HWUI    : Image decoding logging dropped!
05-28 14:27:36.690   570   616 W HWUI    : Image decoding logging dropped!
05-28 14:27:36.709   570   616 W HWUI    : Image decoding logging dropped!
05-28 14:27:36.716   651   651 I PackageManager: /system/apex/com.android.apex.cts.shim.apex changed; collecting certs
05-28 14:27:36.721   651   651 I PackageBackwardCompatibility: Loaded android.content.pm.AndroidTestBaseUpdater
05-28 14:27:36.725   651   651 I PackageManager: /data/apex/decompressed/com.android.appsearch@360105020.decompressed.apex changed; collecting certs
05-28 14:27:36.725   570   616 W HWUI    : Image decoding logging dropped!
05-28 14:27:36.730   651   651 I PackageManager: /data/apex/decompressed/com.android.adservices@360105000.decompressed.apex changed; collecting certs
05-28 14:27:36.734   651   651 I PackageManager: /data/apex/decompressed/com.android.adbd@360105020.decompressed.apex changed; collecting certs
05-28 14:27:36.737   651   651 I PackageManager: /data/apex/decompressed/com.android.bt@360105020.decompressed.apex changed; collecting certs
05-28 14:27:36.740   651   651 I PackageManager: /data/apex/decompressed/com.android.art@360105020.decompressed.apex changed; collecting certs
05-28 14:27:36.743   651   651 I PackageManager: /system_ext/apex/com.android.compos.apex changed; collecting certs
05-28 14:27:36.743   570   616 W HWUI    : Image decoding logging dropped!
05-28 14:27:36.745   651   651 I PackageManager: /data/apex/decompressed/com.android.cellbroadcast@360105020.decompressed.apex changed; collecting certs
05-28 14:27:36.747   651   651 I PackageManager: /data/apex/decompressed/com.android.configinfrastructure@360105020.decompressed.apex changed; collecting certs
05-28 14:27:36.751   651   651 I PackageManager: /data/apex/decompressed/com.android.crashrecovery@360105020.decompressed.apex changed; collecting certs
05-28 14:27:36.755   651   651 I PackageManager: /system/apex/com.android.devicelock.apex changed; collecting certs
05-28 14:27:36.759   651   651 I PackageManager: /vendor/apex/com.android.hardware.cas.apex changed; collecting certs
05-28 14:27:36.760   570   616 W HWUI    : Image decoding logging dropped!
05-28 14:27:36.764   651   651 I PackageManager: /data/apex/decompressed/com.android.conscrypt@360105020.decompressed.apex changed; collecting certs
05-28 14:27:36.772   651   651 I PackageManager: /vendor/apex/com.android.hardware.authsecret.apex changed; collecting certs
05-28 14:27:36.776   651   651 I PackageManager: /vendor/apex/com.android.hardware.dumpstate.apex changed; collecting certs
05-28 14:27:36.778   570   616 W HWUI    : Image decoding logging dropped!
05-28 14:27:36.782   651   651 I PackageManager: /vendor/apex/com.android.hardware.gatekeeper.nonsecure.apex changed; collecting certs
05-28 14:27:36.788   651   651 I PackageManager: /data/apex/decompressed/com.android.extservices@360105023.decompressed.apex changed; collecting certs
05-28 14:27:36.792   651   651 I PackageManager: /vendor/apex/com.android.hardware.power.apex changed; collecting certs
05-28 14:27:36.796   570   616 W HWUI    : Image decoding logging dropped!
05-28 14:27:36.797   651   651 I PackageManager: /vendor/apex/com.android.hardware.neuralnetworks.apex changed; collecting certs
05-28 14:27:36.802   651   651 I PackageManager: /vendor/apex/com.android.hardware.rebootescrow.apex changed; collecting certs
05-28 14:27:36.808   651   651 I PackageManager: /vendor/apex/com.android.hardware.thermal.apex changed; collecting certs
05-28 14:27:36.813   651   651 I PackageManager: /vendor/apex/com.android.hardware.threadnetwork-simulation-rcp.apex changed; collecting certs
05-28 14:27:36.813   570   616 W HWUI    : Image decoding logging dropped!
05-28 14:27:36.820   651   651 I PackageManager: /vendor/apex/com.android.hardware.uwb.apex changed; collecting certs
05-28 14:27:36.825   651   651 I PackageManager: /data/apex/decompressed/com.android.healthfitness@360105020.decompressed.apex changed; collecting certs
05-28 14:27:36.830   651   651 I PackageManager: /vendor/apex/com.android.hardware.contexthub.apex changed; collecting certs
05-28 14:27:36.831   570   616 W HWUI    : Image decoding logging dropped!
05-28 14:27:36.837   651   651 I PackageManager: /system/apex/com.android.i18n.apex changed; collecting certs
05-28 14:27:36.841   651   651 I PackageManager: /vendor/apex/com.android.hardware.vibrator.apex changed; collecting certs
05-28 14:27:36.846   651   651 I PackageManager: /data/apex/decompressed/com.android.media.swcodec@360105020.decompressed.apex changed; collecting certs
05-28 14:27:36.849   570   616 W HWUI    : Image decoding logging dropped!
05-28 14:27:36.852   651   651 I PackageManager: /data/apex/decompressed/com.android.ipsec@360105020.decompressed.apex changed; collecting certs
05-28 14:27:36.858   651   651 I PackageManager: /data/apex/decompressed/com.android.media@360105020.decompressed.apex changed; collecting certs
05-28 14:27:36.863   651   651 I PackageManager: /data/apex/decompressed/com.android.mediaprovider@360105020.decompressed.apex changed; collecting certs
05-28 14:27:36.865   570   616 W HWUI    : Image decoding logging dropped!
05-28 14:27:36.869   651   651 I PackageManager: /data/apex/decompressed/com.android.nfcservices@360105020.decompressed.apex changed; collecting certs
05-28 14:27:36.874   651   651 I PackageManager: /data/apex/decompressed/com.android.ondevicepersonalization@360105000.decompressed.apex changed; collecting certs
05-28 14:27:36.879   651   651 I PackageManager: /data/apex/decompressed/com.android.neuralnetworks@360105020.decompressed.apex changed; collecting certs
05-28 14:27:36.883   570   616 W HWUI    : Image decoding logging dropped!
05-28 14:27:36.884   651   651 I PackageManager: /data/apex/decompressed/com.android.os.statsd@360105000.decompressed.apex changed; collecting certs
05-28 14:27:36.890   651   651 I PackageManager: /data/apex/decompressed/com.android.rkpd@360105020.decompressed.apex changed; collecting certs
05-28 14:27:36.892   485   485 W ServiceManagerCppClient: Waited one second for activity (is service started? Number of threads started in the threadpool: 16. Are binder threads started and available?)
05-28 14:27:36.894   651   651 I PackageManager: /data/apex/decompressed/com.android.resolv@360105020.decompressed.apex changed; collecting certs
05-28 14:27:36.899   651   651 I PackageManager: /data/apex/decompressed/com.android.profiling@360105020.decompressed.apex changed; collecting certs
05-28 14:27:36.901   173   727 W libc    : Unable to set property "ctl.interface_start" to "aidl/activity": PROP_ERROR_HANDLE_CONTROL_MESSAGE (0x20)
05-28 14:27:36.901   570   616 W HWUI    : Image decoding logging dropped!
05-28 14:27:36.905   651   651 I PackageManager: /data/apex/decompressed/com.android.permission@360105020.decompressed.apex changed; collecting certs
05-28 14:27:36.910   651   651 I PackageManager: /system/apex/com.android.runtime.apex changed; collecting certs
05-28 14:27:36.915   651   651 I PackageManager: /data/apex/decompressed/com.android.tethering@360107000.decompressed.apex changed; collecting certs
05-28 14:27:36.919   570   616 W HWUI    : Image decoding logging dropped!
05-28 14:27:36.920   651   651 I PackageManager: /data/apex/decompressed/com.android.sdkext@360105020.decompressed.apex changed; collecting certs
05-28 14:27:36.925   651   651 I PackageManager: /data/apex/decompressed/com.android.scheduling@360105020.decompressed.apex changed; collecting certs
05-28 14:27:36.931   651   651 I PackageManager: /system/apex/com.google.android.tzdata6.apex changed; collecting certs
05-28 14:27:36.936   651   651 I PackageManager: /data/apex/decompressed/com.android.uwb@360105020.decompressed.apex changed; collecting certs
05-28 14:27:36.936   570   616 W HWUI    : Image decoding logging dropped!
05-28 14:27:36.942   651   651 I PackageManager: /system/apex/com.android.virt.apex changed; collecting certs
05-28 14:27:36.948   651   651 I PackageManager: /data/apex/decompressed/com.android.uprobestats@360105020.decompressed.apex changed; collecting certs
05-28 14:27:36.953   570   616 W HWUI    : Image decoding logging dropped!
05-28 14:27:36.954   651   651 I PackageManager: /vendor/apex/com.google.android.widevine-12141839.apex changed; collecting certs
05-28 14:27:36.959   651   651 I PackageManager: /data/apex/decompressed/com.android.wifi@360105020.decompressed.apex changed; collecting certs
05-28 14:27:36.964   651   651 I PackageManager: /system/apex/com.google.mainline.primary.libs.apex changed; collecting certs
05-28 14:27:36.970   651   651 D PackageManager: No files in app dir /apex/com.google.android.widevine/overlay
05-28 14:27:36.970   651   651 D PackageManager: No files in app dir /apex/com.android.hardware.power/overlay
05-28 14:27:36.970   651   651 D PackageManager: No files in app dir /apex/com.android.hardware.contexthub/overlay
05-28 14:27:36.970   651   651 D PackageManager: No files in app dir /apex/com.android.hardware.uwb/overlay
05-28 14:27:36.971   651   651 D PackageManager: No files in app dir /apex/com.android.hardware.cas/overlay
05-28 14:27:36.971   651   651 D PackageManager: No files in app dir /apex/com.android.hardware.thermal/overlay
05-28 14:27:36.971   651   651 D PackageManager: No files in app dir /apex/com.android.hardware.rebootescrow/overlay
05-28 14:27:36.971   651   651 D PackageManager: No files in app dir /apex/com.android.hardware.threadnetwork/overlay
05-28 14:27:36.971   651   651 D PackageManager: No files in app dir /apex/com.android.hardware.authsecret/overlay
05-28 14:27:36.971   651   651 D PackageManager: No files in app dir /apex/com.android.hardware.gatekeeper/overlay
05-28 14:27:36.972   570   616 W HWUI    : Image decoding logging dropped!
05-28 14:27:36.972   651   651 D PackageManager: No files in app dir /apex/com.android.hardware.dumpstate/overlay
05-28 14:27:36.972   651   651 D PackageManager: No files in app dir /apex/com.android.hardware.vibrator/overlay
05-28 14:27:36.972   651   651 D PackageManager: No files in app dir /apex/com.android.hardware.neuralnetworks/overlay
05-28 14:27:36.973   651   651 D PackageManager: No files in app dir /apex/com.android.compos/overlay
05-28 14:27:36.973   651   651 D PackageManager: No files in app dir /system_ext/overlay
05-28 14:27:36.994   570   616 W HWUI    : Image decoding logging dropped!
05-28 14:27:37.008   570   616 W HWUI    : Image decoding logging dropped!
05-28 14:27:37.024   570   616 W HWUI    : Image decoding logging dropped!
05-28 14:27:37.040   570   616 W HWUI    : Image decoding logging dropped!
05-28 14:27:37.060   570   616 W HWUI    : Image decoding logging dropped!
05-28 14:27:37.075   570   616 W HWUI    : Image decoding logging dropped!
05-28 14:27:37.089   651   651 D PackageManager: No files in app dir /oem/overlay
05-28 14:27:37.089   651   651 D PackageManager: No files in app dir /odm/overlay
05-28 14:27:37.098   570   616 W HWUI    : Image decoding logging dropped!
05-28 14:27:37.107   651   651 W PackageManager: Failed to parse /system/framework/oat: Missing base APK in /system/framework/oat/x86_64
05-28 14:27:37.108   651   651 W PackageManager: Failed to parse /system/framework/x86_64: Missing base APK in /system/framework/x86_64
05-28 14:27:37.112   570   616 W HWUI    : Image decoding logging dropped!
05-28 14:27:37.118   651   725 D PackageCacher: Feature flags for package /system/framework/framework-res.apk: {com.android.window.flags.screen_recording_callbacks=true, android.security.secure_lockdown=null, android.content.pm.quarantined_enabled=null, android.app.enable_tv_implicit_enter_pip_restriction=true, android.app.appfunctions.flags.enable_app_function_manager=true, android.media.tv.flags.apply_picture_profiles=true, com.android.internal.telephony.flags.subscription_plan_allow_status_and_end_date=true, android.net.platform.flags.register_nsd_offload_engine=true, android.media.tv.flags.kids_mode_tvdb_sharing=true, android.security.aapm_api=true, android.permission.flags.ranging_permission_enabled=true, com.android.settingslib.flags.settings_catalyst=true, android.permission.flags.enhanced_confirmation_in_call_apis_enabled=true, android.media.tv.flags.tif_unbind_inactive_tis=true, android.content.pm.sdk_dependency_installer=true, com.android.art.flags.executable_method_file_offsets=true, android.app.admin.flags.split_create_managed_profile_enabled=true, android.location.flags.population_density_provider=true, android.permission.flags.sensitive_notification_app_protection=true, com.android.tradeinmode.flags.enable_trade_in_mode=true, android.media.audio.concurrent_audio_record_bypass_permission=null, android.content.pm.uid_based_provider_lookup=null, com.android.hardware.input.manage_key_gestures=true, com.android.internal.camera.flags.camera_hsum_permission=true, android.permission.flags.health_connect_backup_restore_permission_enabled=true, android.os.vibrator.vendor_vibration_effects=true, com.android.settingslib.flags.write_system_preference_permission_enabled=true, android.permission.flags.text_classifier_choice_api_enabled=true, android.media.tv.flags.media_quality_fw=true, android.provider.user_keys=true, android.app.contextualsearch.flags.enable_service=true, android.os.allow_consentless_bugreport_delegated_consent=null, android.permission.flags.fine_power_monitor_permission=null, android.security.subscribe_to_keyguard_locked_state_perm_priv_flag=true, android.security.afl_api=true, android.companion.virtualdevice.flags.enable_limited_vdm_role=null, android.provider.new_default_account_api_enabled=true}
05-28 14:27:37.136   570   616 W HWUI    : Image decoding logging dropped!
05-28 14:27:37.153   570   616 W HWUI    : Image decoding logging dropped!
05-28 14:27:37.165   570   616 W HWUI    : Image decoding logging dropped!
05-28 14:27:37.171   651   725 D PackageCacher: Feature flags for package /system/priv-app/Shell: {android.security.aapm_api=true, android.permission.flags.replace_body_sensor_permission_enabled=true, android.permission.flags.text_classifier_choice_api_enabled=true, android.security.protect_device_config_flags=true, android.security.afl_api=true}
05-28 14:27:37.181   570   616 W HWUI    : Image decoding logging dropped!
05-28 14:27:37.199   570   616 W HWUI    : Image decoding logging dropped!
05-28 14:27:37.218   570   616 W HWUI    : Image decoding logging dropped!
05-28 14:27:37.237   570   616 W HWUI    : Image decoding logging dropped!
05-28 14:27:37.253   570   616 W HWUI    : Image decoding logging dropped!
05-28 14:27:37.269   570   616 W HWUI    : Image decoding logging dropped!
05-28 14:27:37.275   651   651 D PackageManager: No files in app dir /vendor/priv-app
05-28 14:27:37.275   651   651 D PackageManager: No files in app dir /vendor/app
05-28 14:27:37.276   651   651 D PackageManager: No files in app dir /odm/priv-app
05-28 14:27:37.276   651   651 D PackageManager: No files in app dir /odm/app
05-28 14:27:37.276   651   651 D PackageManager: No files in app dir /oem/app
05-28 14:27:37.293   570   616 W HWUI    : Image decoding logging dropped!
05-28 14:27:37.309   570   616 W HWUI    : Image decoding logging dropped!
05-28 14:27:37.322   570   616 W HWUI    : Image decoding logging dropped!
05-28 14:27:37.329   651   651 W PackageManager: Skipping provider name com.google.android.settings.intelligence (in package com.google.android.settings.intelligence): name already used by com.google.android.settings.intelligence
05-28 14:27:37.346   570   616 W HWUI    : Image decoding logging dropped!
05-28 14:27:37.357   570   616 W HWUI    : Image decoding logging dropped!
05-28 14:27:37.360   651   651 W PackageManager: Failed to parse /product/app/Chrome: Missing base APK in /product/app/Chrome
05-28 14:27:37.362   651   651 W PackageManager: Failed to scan /product/app/Chrome-Stub: Package com.android.chrome at /product/app/Chrome-Stub ignored: updated version 661308838 better than this 661308838
05-28 14:27:37.378   570   616 W HWUI    : Image decoding logging dropped!
05-28 14:27:37.398   570   616 W HWUI    : Image decoding logging dropped!
05-28 14:27:37.409   570   616 W HWUI    : Image decoding logging dropped!
05-28 14:27:37.411   651   651 W PackageManager: Failed to parse /product/app/TrichromeLibrary: Missing base APK in /product/app/TrichromeLibrary
05-28 14:27:37.416   651   651 W PackageManager: Failed to parse /product/app/WebViewGoogle: Missing base APK in /product/app/WebViewGoogle
05-28 14:27:37.417   651   651 W PackageManager: Failed to scan /product/app/TrichromeLibrary-Stub: Package com.google.android.trichromelibrary_661308838 at /product/app/TrichromeLibrary-Stub ignored: updated version 661308838 better than this 661308838
05-28 14:27:37.417   651   651 W PackageManager: Failed to scan /product/app/WebViewGoogle-Stub: Package com.google.android.webview at /product/app/WebViewGoogle-Stub ignored: updated version 661308838 better than this 661308838
05-28 14:27:37.427   570   616 W HWUI    : Image decoding logging dropped!
05-28 14:27:37.452   651   725 D PackageCacher: Feature flags for package /system_ext/priv-app/SystemUIGoogle: {com.android.wm.shell.enable_retrievable_bubbles=null}
05-28 14:27:37.455   570   616 W HWUI    : Image decoding logging dropped!
05-28 14:27:37.467   651   724 D PackageCacher: Feature flags for package /system_ext/priv-app/SettingsGoogle: {android.view.contentprotection.flags.exported_settings_activity_enabled=null, com.android.settings.keyboard.keyboard_and_touchpad_a11y_new_page_enabled=true, android.app.ui_rich_ongoing=null, android.security.aapm_api=true, com.android.settingslib.flags.settings_catalyst=true, android.app.modes_ui=true, android.provider.new_default_account_api_enabled=true}
05-28 14:27:37.468   570   616 W HWUI    : Image decoding logging dropped!
05-28 14:27:37.480   570   616 W HWUI    : Image decoding logging dropped!
05-28 14:27:37.505   570   616 W HWUI    : Image decoding logging dropped!
05-28 14:27:37.516   570   616 W HWUI    : Image decoding logging dropped!
05-28 14:27:37.528   651   651 I ApexManager: Registering com.google.android.providers.media.module as apk-in-apex of com.android.mediaprovider
05-28 14:27:37.530   651   651 I ApexManager: Registering com.google.android.photopicker as apk-in-apex of com.android.mediaprovider
05-28 14:27:37.532   651   651 D PackageManager: No files in app dir /apex/com.android.mediaprovider/app
