03-10 12:11:37.231   366   366 I zygote64: option[2]=vfprintf
03-10 12:11:37.231   366   366 I zygote64: option[3]=sensitiveThread
03-10 12:11:37.231   366   366 I zygote64: option[4]=-verbose:gc
03-10 12:11:37.231   366   366 I zygote64: option[5]=-XX:PerfettoHprof=true
03-10 12:11:37.231   366   366 I zygote64: option[6]=-XX:PerfettoJavaHeapStackProf=true
03-10 12:11:37.231   366   366 I zygote64: option[7]=-Xprimaryzygote
03-10 12:11:37.231   366   366 I zygote64: option[8]=-Xms8m
03-10 12:11:37.231   366   366 I zygote64: option[9]=-Xmx576m
03-10 12:11:37.231   366   366 I zygote64: option[10]=-XX:HeapGrowthLimit=192m
03-10 12:11:37.231   366   366 I zygote64: option[11]=-XX:HeapMinFree=512k
03-10 12:11:37.231   366   366 I zygote64: option[12]=-XX:HeapMaxFree=8m
03-10 12:11:37.231   366   366 I zygote64: option[13]=-XX:HeapTargetUtilization=0.75
03-10 12:11:37.231   366   366 I zygote64: option[14]=-Xusejit:true
03-10 12:11:37.231   366   366 I zygote64: option[15]=-Xjitsaveprofilinginfo
03-10 12:11:37.231   366   366 I zygote64: option[16]=-XMadviseWillNeedVdexFileSize:104857600
03-10 12:11:37.231   366   366 I zygote64: option[17]=-XMadviseWillNeedOdexFileSize:104857600
03-10 12:11:37.231   366   366 I zygote64: option[18]=-XMadviseWillNeedArtFileSize:4294967295
03-10 12:11:37.231   366   366 I zygote64: option[19]=-XjdwpOptions:suspend=n,server=y
03-10 12:11:37.231   366   366 I zygote64: option[20]=-XjdwpProvider:default
03-10 12:11:37.231   366   366 I zygote64: option[21]=-Xopaque-jni-ids:swapable
03-10 12:11:37.231   366   366 I zygote64: option[22]=-Xcompiler-option
03-10 12:11:37.231   366   366 I zygote64: option[23]=--instruction-set-variant=generic
03-10 12:11:37.231   366   366 I zygote64: option[24]=-Xcompiler-option
03-10 12:11:37.231   366   366 I zygote64: option[25]=--instruction-set-features=default
03-10 12:11:37.231   366   366 I zygote64: option[26]=-Xcompiler-option
03-10 12:11:37.231   366   366 I zygote64: option[27]=--generate-mini-debug-info
03-10 12:11:37.231   366   366 I zygote64: option[28]=-Ximage-compiler-option
03-10 12:11:37.231   366   366 I zygote64: option[29]=--runtime-arg
03-10 12:11:37.231   366   366 I zygote64: option[30]=-Ximage-compiler-option
03-10 12:11:37.231   366   366 I zygote64: option[31]=-Xms64m
03-10 12:11:37.231   366   366 I zygote64: option[32]=-Ximage-compiler-option
03-10 12:11:37.231   366   366 I zygote64: option[33]=--runtime-arg
03-10 12:11:37.231   366   366 I zygote64: option[34]=-Ximage-compiler-option
03-10 12:11:37.231   366   366 I zygote64: option[35]=-Xmx64m
03-10 12:11:37.231   366   366 I zygote64: option[36]=-Ximage-compiler-option
03-10 12:11:37.231   366   366 I zygote64: option[37]=--dirty-image-objects=/system/etc/dirty-image-objects
03-10 12:11:37.231   366   366 I zygote64: option[38]=-Ximage-compiler-option
03-10 12:11:37.231   366   366 I zygote64: option[39]=--instruction-set-variant=generic
03-10 12:11:37.231   366   366 I zygote64: option[40]=-Ximage-compiler-option
03-10 12:11:37.231   366   366 I zygote64: option[41]=--instruction-set-features=default
03-10 12:11:37.231   366   366 I zygote64: option[42]=-Ximage-compiler-option
03-10 12:11:37.231   366   366 I zygote64: option[43]=--generate-mini-debug-info
03-10 12:11:37.231   366   366 I zygote64: option[44]=-Duser.locale=en-US
03-10 12:11:37.231   366   366 I zygote64: option[45]=--cpu-abilist=arm64-v8a
03-10 12:11:37.231   366   366 I zygote64: option[46]=-Xfingerprint:google/sdk_gphone64_arm64/emu64a:15/AE3A.240806.036/12592187:user/release-keys
03-10 12:11:37.232   424   424 I perfetto:  probes_producer.cc:332 Connected to the service
03-10 12:11:37.232   366   366 I zygote64: Using CollectorTypeCMC GC.
03-10 12:11:37.248   527   527 D BootAnimation: BootAnimationStartTiming start time: 5804ms
03-10 12:11:37.249   527   527 D BootAnimation: BootAnimationPreloadTiming start time: 5805ms
03-10 12:11:37.250   527   527 D BootAnimation: /product/media/bootanimation.zip is loaded successfully
03-10 12:11:37.262   527   527 D BootAnimation: BootAnimationPreloadStopTiming start time: 5818ms
03-10 12:11:37.272   527   549 I EGL_emulation: Opening libGLESv1_CM_emulation.so
03-10 12:11:37.272   527   549 I EGL_emulation: Opening libGLESv2_emulation.so
03-10 12:11:37.275   161   161 I hwservicemanager: getTransport: Cannot find entry android.hardware.graphics.mapper@4.0::IMapper/default in either framework or device VINTF manifest.
03-10 12:11:37.275   527   549 I Gralloc4: mapper 4.x is not supported
03-10 12:11:37.284   527   549 W emuglGLESv2_enc: error cap: 0xde1 is invalid
03-10 12:11:37.284   527   549 E emuglGLESv2_enc: hardware/google/gfxstream/guest/GLESv2_enc/GL2Encoder.cpp:s_glEnable:5047 GL error 0x500 condition [!GLESv2Validation::allowedEnable(ctx->majorVersion(), ctx->minorVersion(), what)]
03-10 12:11:37.292   527   549 D BootAnimation: BootAnimationShownTiming start time: 5848ms
03-10 12:11:37.292   527   549 D BootAnimation: Playing files = /product/media/bootanimation.zip/part0, Requested repeat = 1, playUntilComplete = true
03-10 12:11:37.312   408   408 I SurfaceFlinger: Enter boot animation
03-10 12:11:37.389   415   551 I adbd    : host-15: read thread spawning
03-10 12:11:37.389   415   552 I adbd    : host-15: write thread spawning
03-10 12:11:37.390   415   554 I adbd    : host-16: write thread spawning
03-10 12:11:37.390   415   553 I adbd    : host-16: read thread spawning
03-10 12:11:37.390   415   415 I adbd    : host-16: already offline
03-10 12:11:37.390   415   415 I adbd    : Calling send_auth_request...
03-10 12:11:37.393   415   415 I adbd    : adbd_auth: loading keys from /data/misc/adb/adb_keys
03-10 12:11:37.395   415   415 I adbd    : adb client authorized
03-10 12:11:37.429   366   366 D nativeloader: InitDefaultPublicLibraries for_preload=1: libandroid.so:libaaudio.so:libamidi.so:libbinder_ndk.so:libc.so:libcamera2ndk.so:libdl.so:libEGL.so:libGLESv1_CM.so:libGLESv2.so:libGLESv3.so:libicu.so:libicui18n.so:libicuuc.so:libjnigraphics.so:liblog.so:libmediandk.so:libm.so:libnativehelper.so:libnativewindow.so:libOpenMAXAL.so:libOpenSLES.so:libRS.so:libstdc++.so:libsync.so:libvulkan.so:libwebviewchromium_plat_support.so:libz.so
03-10 12:11:37.465   366   366 D nativeloader: Load libicu_jni.so using APEX ns com_android_art for caller /apex/com.android.art/javalib/core-oj.jar: ok
03-10 12:11:37.469   366   366 D zygote64: u_setTimeZoneFilesDirectory("/apex/com.android.tzdata/etc/tz/versioned/8/icu") succeeded. 
03-10 12:11:37.470   366   366 D zygote64: I18n APEX ICU file found: /apex/com.android.i18n/etc/icu/icudt75l.dat
03-10 12:11:37.481   366   366 D nativeloader: Load libjavacore.so using APEX ns com_android_art for caller /apex/com.android.art/javalib/core-oj.jar: ok
03-10 12:11:37.486   366   366 D nativeloader: Load libopenjdk.so using APEX ns com_android_art for caller /apex/com.android.art/javalib/core-oj.jar: ok
03-10 12:11:37.501   366   366 I zygote64: Using memfd for future sealing
03-10 12:11:37.571   366   567 I zygote64: Background verification of 159 classes from boot classpath took 34.136ms
03-10 12:11:37.574   366   366 D nativeloader: Load libstats_jni.so using APEX ns com_android_os_statsd for caller /apex/com.android.os.statsd/javalib/framework-statsd.jar: ok
03-10 12:11:37.574   366   366 D Zygote  : begin preload
03-10 12:11:37.574   366   366 I Zygote  : Calling ZygoteHooks.beginPreload()
03-10 12:11:37.624   366   366 I Zygote  : Preloading classes...
03-10 12:11:37.629   366   366 W Zygote  : Class not found for preloading: android.app.PendingIntent$$ExternalSyntheticLambda3
03-10 12:11:37.651   366   366 D nativeloader: Load libjavacrypto.so using APEX ns com_android_conscrypt for caller /apex/com.android.conscrypt/javalib/conscrypt.jar: ok
03-10 12:11:37.661   366   366 I Typeface: Preloading /system/fonts/Roboto-Regular.ttf
03-10 12:11:37.661   366   366 I Typeface: Preloading /system/fonts/RobotoStatic-Regular.ttf
03-10 12:11:37.661   366   366 I SystemFonts: Loading font config from /system/etc/fonts.xml
03-10 12:11:37.681   366   366 E ActivityRecognitionHardware: activity_recognition HAL is deprecated. class_init is effectively a no-op
03-10 12:11:37.758   366   366 D nativeloader: Load libmedia_jni.so using system ns (caller=/system/framework/framework.jar!classes2.dex): ok
03-10 12:11:37.759   366   366 D MtpDeviceJNI: register_android_mtp_MtpDevice
03-10 12:11:37.764   366   366 D nativeloader: Load libsoundpool.so using system ns (caller=/system/framework/framework.jar!classes2.dex): ok
03-10 12:11:37.765   366   366 D nativeloader: Load libaudioeffect_jni.so using system ns (caller=/system/framework/framework.jar!classes2.dex): ok
03-10 12:11:37.770   366   366 D nativeloader: Load librtp_jni.so using system ns (caller=/system/framework/voip-common.jar): ok
03-10 12:11:37.770   366   366 I zygote64: Thread[1,tid=366,Native,Thread*=0xb400007d752fd380,peer=0x14002418,"main"] recursive attempt to load library "librtp_jni.so"
03-10 12:11:37.775   366   366 D nativeloader: Load libvintf_jni.so using system ns (caller=/system/framework/framework.jar!classes3.dex): ok
03-10 12:11:37.781   366   366 D nativeloader: Load librs_jni.so using system ns (caller=/system/framework/framework.jar!classes3.dex): ok
03-10 12:11:37.804   366   366 W Zygote  : Class not found for preloading: android.window.ImeOnBackInvokedDispatcher$$ExternalSyntheticLambda0
03-10 12:11:37.805   366   366 W Zygote  : Class not found for preloading: android.window.WindowOnBackInvokedDispatcher$OnBackInvokedCallbackWrapper$CallbackRef
03-10 12:11:37.828   366   366 W OverlayConfig: partition_order.xml does not exist.
03-10 12:11:37.874   577   577 W idmap2  : failed to create idmap
03-10 12:11:37.891   366   366 D nativeloader: Load libframework-connectivity-jni.so using APEX ns com_android_tethering for caller /apex/com.android.tethering/javalib/framework-connectivity.jar: ok
03-10 12:11:37.903   366   366 W Zygote  : Class not found for preloading: sun.util.locale.BaseLocale$Key-IA
03-10 12:11:37.904   366   366 I Zygote  : ...preloaded 17758 classes in 280ms.
03-10 12:11:37.906   366   366 D nativeloader: InitApexLibraries:
03-10 12:11:37.906   366   366 D nativeloader:   com_android_art: libnativehelper.so
03-10 12:11:37.906   366   366 D nativeloader:   com_android_i18n: libicui18n.so:libicuuc.so:libicu.so
03-10 12:11:37.906   366   366 D nativeloader:   com_android_neuralnetworks: libneuralnetworks.so
03-10 12:11:37.906   366   366 D nativeloader: InitDefaultPublicLibraries for_preload=0: libandroid.so:libaaudio.so:libamidi.so:libbinder_ndk.so:libc.so:libcamera2ndk.so:libclang_rt.hwasan-aarch64-android.so:libdl.so:libEGL.so:libGLESv1_CM.so:libGLESv2.so:libGLESv3.so:libjnigraphics.so:liblog.so:libmediandk.so:libm.so:libnativewindow.so:libOpenMAXAL.so:libOpenSLES.so:libRS.so:libstdc++.so:libsync.so:libvulkan.so:libwebviewchromium_plat_support.so:libz.so
03-10 12:11:37.906   366   366 D nativeloader: Configuring clns-shared-1 for other apk /system/framework/android.hidl.base-V1.0-java.jar. target_sdk_version=35, uses_libraries=, library_path=, permitted_path=/data:/mnt/expand
03-10 12:11:37.906   366   366 D nativeloader: InitExtendedPublicLibraries: 
03-10 12:11:37.906   366   366 I nativeloader: InitVendorPublicLibraries skipped: Failed to read /vendor/etc/public.libraries.txt: No such file or directory
03-10 12:11:37.906   366   366 D nativeloader: InitProductPublicLibraries: 
03-10 12:11:37.906   366   366 D ApplicationLoaders: Created zygote-cached class loader: /system/framework/android.hidl.base-V1.0-java.jar
03-10 12:11:37.907   366   366 D nativeloader: Configuring clns-shared-2 for other apk /system/framework/android.hidl.manager-V1.0-java.jar. target_sdk_version=35, uses_libraries=, library_path=, permitted_path=/data:/mnt/expand
03-10 12:11:37.908   366   366 D ApplicationLoaders: Created zygote-cached class loader: /system/framework/android.hidl.manager-V1.0-java.jar
03-10 12:11:37.909   366   366 D nativeloader: Configuring clns-shared-3 for other apk /system/framework/android.test.base.jar. target_sdk_version=35, uses_libraries=, library_path=, permitted_path=/data:/mnt/expand
03-10 12:11:37.909   366   366 D ApplicationLoaders: Created zygote-cached class loader: /system/framework/android.test.base.jar
03-10 12:11:37.911   408   507 D RenderEngine: Shader cache generated 122 shaders in 706.286987 ms
03-10 12:11:37.912   366   366 D nativeloader: Configuring clns-shared-4 for other apk /system/framework/org.apache.http.legacy.jar. target_sdk_version=35, uses_libraries=, library_path=, permitted_path=/data:/mnt/expand
03-10 12:11:37.912   366   366 D ApplicationLoaders: Created zygote-cached class loader: /system/framework/org.apache.http.legacy.jar
03-10 12:11:37.914   366   366 D nativeloader: Configuring clns-shared-5 for other apk /system_ext/framework/androidx.window.extensions.jar. target_sdk_version=35, uses_libraries=, library_path=, permitted_path=/data:/mnt/expand
03-10 12:11:37.914   366   366 D ApplicationLoaders: Created zygote-cached class loader: /system_ext/framework/androidx.window.extensions.jar
03-10 12:11:37.915   366   366 D nativeloader: Configuring clns-shared-6 for other apk /system_ext/framework/androidx.window.sidecar.jar. target_sdk_version=35, uses_libraries=, library_path=, permitted_path=/data:/mnt/expand
03-10 12:11:37.915   366   366 D ApplicationLoaders: Created zygote-cached class loader: /system_ext/framework/androidx.window.sidecar.jar
03-10 12:11:37.915   366   366 I Resources: Preloading resources...
03-10 12:11:37.918   366   366 W Resources: Preloaded drawable resource #0x10802cb (android:drawable/dialog_background_material) that varies with configuration!!
03-10 12:11:37.920   366   366 W Resources: Preloaded drawable resource #0x1080846 (android:drawable/progress_horizontal_material) that varies with configuration!!
03-10 12:11:37.920   366   366 W Resources: Preloaded drawable resource #0x108084a (android:drawable/progress_indeterminate_horizontal_material) that varies with configuration!!
03-10 12:11:37.921   366   366 I Resources: ...preloaded 63 resources in 6ms.
03-10 12:11:37.921   366   366 I Resources: ...preloaded 41 resources in 0ms.
03-10 12:11:37.923   366   366 I Zygote  : Preloading shared libraries...
03-10 12:11:37.923   366   366 D nativeloader: Load libandroid.so using system ns (caller=/system/framework/framework.jar!classes5.dex): ok
03-10 12:11:37.923   366   366 D nativeloader: Load libjnigraphics.so using system ns (caller=/system/framework/framework.jar!classes5.dex): ok
03-10 12:11:37.924   366   366 D nativeloader: Load libcompiler_rt.so using system ns (caller=/system/framework/framework.jar!classes5.dex): ok
03-10 12:11:37.924   366   366 E zygote64: Unable to find pattern file or unable to map it for am
03-10 12:11:37.928   366   366 D nativeloader: Load libwebviewchromium_loader.so using system ns (caller=/system/framework/framework.jar!classes4.dex): ok
03-10 12:11:37.929   366   366 I Zygote  : Called ZygoteHooks.endPreload()
03-10 12:11:37.929   366   366 I Zygote  : Installed AndroidKeyStoreProvider in 0ms.
03-10 12:11:37.929   366   366 I Zygote  : Warmed up JCA providers in 0ms.
03-10 12:11:37.929   366   366 D Zygote  : end preload
03-10 12:11:37.941   366   366 I zygote64: Explicit concurrent mark compact GC freed 2699KB AllocSpace bytes, 2(48KB) LOS objects, 49% free, 8169KB/15MB, paused 22us,586us total 12.035ms
03-10 12:11:37.950   366   366 I zygote64: Explicit concurrent mark compact GC freed 320KB AllocSpace bytes, 0(0B) LOS objects, 49% free, 7913KB/15MB, paused 13us,366us total 8.370ms
03-10 12:11:37.977   366   366 D Zygote  : Forked child process 578
03-10 12:11:37.977   366   366 I Zygote  : System server process 578 has been created
03-10 12:11:37.977   366   366 I Zygote  : Accepting command socket connections
03-10 12:11:38.032   426   426 I bt_vhci_forwarder: Ignoring VENDOR packet
03-10 12:11:38.032   426   426 I bt_vhci_forwarder: Received first command from VHCI device; enabling reads from virtio
03-10 12:11:38.033   578   578 D nativeloader: Configuring clns-shared-7 for other apk /system/framework/com.android.location.provider.jar:/system/framework/services.jar:/apex/com.android.adservices/javalib/service-adservices.jar:/apex/com.android.adservices/javalib/service-sdksandbox.jar:/apex/com.android.appsearch/javalib/service-appsearch.jar:/apex/com.android.art/javalib/service-art.jar:/apex/com.android.configinfrastructure/javalib/service-configinfrastructure.jar:/apex/com.android.healthfitness/javalib/service-healthfitness.jar:/apex/com.android.media/javalib/service-media-s.jar:/apex/com.android.ondevicepersonalization/javalib/service-ondevicepersonalization.jar:/apex/com.android.permission/javalib/service-permission.jar:/apex/com.android.rkpd/javalib/service-rkp.jar:/apex/com.android.virt/javalib/service-virtualization.jar. target_sdk_version=10000, uses_libraries=ALL, library_path=/system/lib64:/system_ext/lib64, permitted_path=/data:/mnt/expand:/system/lib64:/system_ext/lib64
03-10 12:11:38.034   578   578 D nativeloader: InitApexLibraries:
03-10 12:11:38.034   578   578 D nativeloader:   com_android_adservices: libhpke_jni.so:libtflite_support_classifiers_native.so
03-10 12:11:38.034   578   578 D nativeloader:   com_android_appsearch: libicing.so
03-10 12:11:38.034   578   578 D nativeloader:   com_android_art: libartservice.so
03-10 12:11:38.034   578   578 D nativeloader:   com_android_btservices: libbluetooth_jni.so
03-10 12:11:38.034   578   578 D nativeloader:   com_android_conscrypt: libjavacrypto.so
03-10 12:11:38.034   578   578 D nativeloader:   com_android_mediaprovider: libpdfclient.so
03-10 12:11:38.034   578   578 D nativeloader:   com_android_nfcservices: libnfc_nci_jni.so
03-10 12:11:38.034   578   578 D nativeloader:   com_android_ondevicepersonalization: libfcp_cpp_dep_jni.so:libfcp_hpke_jni.so
03-10 12:11:38.034   578   578 D nativeloader:   com_android_os_statsd: libstats_jni.so
03-10 12:11:38.034   578   578 D nativeloader:   com_android_tethering: libandroid_net_connectivity_com_android_net_module_util_jni.so:libcrypto.so:libframework-connectivity-jni.so:libframework-connectivity-tiramisu-jni.so:libmainlinecronet.121.0.6167.71.so:libservice-connectivity.so:libservice-thread-jni.so:libssl.so
03-10 12:11:38.034   578   578 D nativeloader:   com_android_uwb: libuwb_uci_jni_rust.so
03-10 12:11:38.034   578   578 D nativeloader:   com_android_virt: libvirtualizationservice_jni.so:libvirtualmachine_jni.so
03-10 12:11:38.036   578   578 D nativeloader: Configuring clns-shared-8 for other apk /apex/com.android.btservices/javalib/service-bluetooth.jar. target_sdk_version=35, uses_libraries=ALL, library_path=, permitted_path=/data:/mnt/expand
03-10 12:11:38.038   578   578 D nativeloader: Configuring clns-shared-9 for other apk /apex/com.android.devicelock/javalib/service-devicelock.jar. target_sdk_version=35, uses_libraries=ALL, library_path=, permitted_path=/data:/mnt/expand
03-10 12:11:38.040   578   578 D nativeloader: Configuring clns-shared-10 for other apk /apex/com.android.os.statsd/javalib/service-statsd.jar. target_sdk_version=35, uses_libraries=ALL, library_path=, permitted_path=/data:/mnt/expand
03-10 12:11:38.043   578   578 D nativeloader: Configuring clns-shared-11 for other apk /apex/com.android.profiling/javalib/service-profiling.jar. target_sdk_version=35, uses_libraries=ALL, library_path=, permitted_path=/data:/mnt/expand
03-10 12:11:38.044   578   578 D nativeloader: Configuring clns-shared-12 for other apk /apex/com.android.scheduling/javalib/service-scheduling.jar. target_sdk_version=35, uses_libraries=ALL, library_path=, permitted_path=/data:/mnt/expand
03-10 12:11:38.049   578   578 D nativeloader: Configuring clns-shared-13 for other apk /apex/com.android.tethering/javalib/service-connectivity.jar. target_sdk_version=35, uses_libraries=ALL, library_path=, permitted_path=/data:/mnt/expand
03-10 12:11:38.052   578   578 D nativeloader: Configuring clns-shared-14 for other apk /apex/com.android.uwb/javalib/service-uwb.jar. target_sdk_version=35, uses_libraries=ALL, library_path=, permitted_path=/data:/mnt/expand
03-10 12:11:38.063   578   578 D nativeloader: Configuring clns-shared-15 for other apk /apex/com.android.wifi/javalib/service-wifi.jar. target_sdk_version=35, uses_libraries=ALL, library_path=, permitted_path=/data:/mnt/expand
03-10 12:11:38.066   578   578 I system_server: Using CollectorTypeCMC GC.
03-10 12:11:38.067   578   578 W system_server: Failed to upload odrefresh metrics: Unable to open or parse metrics file /data/misc/odrefresh/odrefresh-metrics.xml (error: Error=XML_ERROR_FILE_NOT_FOUND ErrorID=3 (0x3) Line number=0: filename=/data/misc/odrefresh/odrefresh-metrics.xml)
03-10 12:11:38.067   578   578 E system_server: Not starting debugger since process cannot load the jdwp agent.
03-10 12:11:38.068   578   594 W system_server: AIBinder_linkToDeath is being called with a non-null cookie and no onUnlink callback set. This might not be intended. AIBinder_DeathRecipient_setOnUnlinked should be called first.
03-10 12:11:38.068   578   594 W BpBinder: Linking to death on android.os.IStatsd but there are no threads (yet?) listening to incoming transactions. See ProcessState::startThreadPool and ProcessState::setThreadPoolMaxThreadCount. Generally you should setup the binder threadpool before other initialization steps.
03-10 12:11:38.068   578   578 D nativeloader: Load libframework-connectivity-tiramisu-jni.so using APEX ns com_android_tethering for caller /apex/com.android.tethering/javalib/framework-connectivity-t.jar: ok
03-10 12:11:38.069   364   385 I ServiceManagerCppClient: Waiting for service 'statscompanion' on '/dev/binder'...
03-10 12:11:38.070   578   578 D SystemServerTiming: InitBeforeStartServices
03-10 12:11:38.070   578   578 I SystemServer: Entered the Android system server!
03-10 12:11:38.071   415   480 I adbd    : adbd mDNS service _adb._tcp registered: 1
03-10 12:11:38.134   578   578 D nativeloader: Load /system/lib64/libandroid_servers.so using ns default for caller /system/framework/services.jar in same partition (is_bridged=0): ok
03-10 12:11:38.141   578   578 I SystemServerInitThreadPool: Creating instance with 4 threads
03-10 12:11:38.141   578   578 D SystemServerTiming: StartServices
03-10 12:11:38.141   578   578 D SystemServerTiming: startBootstrapServices
03-10 12:11:38.141   578   578 D SystemServerTiming: ArtModuleServiceInitializer
03-10 12:11:38.141   578   578 D SystemServerTiming: StartWatchdog
03-10 12:11:38.142   578   578 I SystemServer: Reading configuration...
03-10 12:11:38.142   578   578 D SystemServerTiming: ReadingSystemConfig
03-10 12:11:38.143   578   578 D SystemServerTiming: PlatformCompat
03-10 12:11:38.143   578   637 D SystemServerTimingAsync: InitThreadPoolExec:ReadingSystemConfig
03-10 12:11:38.143   578   578 D CompatConfig: Found a config file: /system/etc/compatconfig/TeleService-platform-compat-config.xml
03-10 12:11:38.143   578   637 I SystemConfig: Reading permissions from /system/etc/sysconfig/enhanced-confirmation.xml
03-10 12:11:38.143   578   578 D CompatConfig: Adding: com.android.server.compat.config.Change@d18a92b
03-10 12:11:38.143   578   578 D CompatConfig: Adding: com.android.server.compat.config.Change@94d5188
03-10 12:11:38.143   578   578 D CompatConfig: Adding: com.android.server.compat.config.Change@bf35721
03-10 12:11:38.143   578   578 D CompatConfig: Adding: com.android.server.compat.config.Change@fae5746
03-10 12:11:38.143   578   578 D CompatConfig: Adding: com.android.server.compat.config.Change@1f6ad07
03-10 12:11:38.143   578   578 D CompatConfig: Adding: com.android.server.compat.config.Change@929fe34
03-10 12:11:38.143   578   637 I incfs   : Initial API level of the device: 35
03-10 12:11:38.143   578   637 I incfs   : ro.incremental.enable: yes
03-10 12:11:38.143   578   637 I incfs   : isFsAvailable: true
03-10 12:11:38.143   578   637 I incfs   : isFsAvailable: true
03-10 12:11:38.143   578   637 I incfs   : IncFs_Features: v2
03-10 12:11:38.143   578   578 D CompatConfig: Found a config file: /system/etc/compatconfig/calendar-provider-compat-config.xml
03-10 12:11:38.143   578   578 D CompatConfig: Adding: com.android.server.compat.config.Change@de8a1d2
03-10 12:11:38.144   578   637 I SystemConfig: Reading permissions from /system/etc/sysconfig/framework-sysconfig.xml
03-10 12:11:38.144   578   578 D CompatConfig: Found a config file: /system/etc/compatconfig/contacts-provider-platform-compat-config.xml
03-10 12:11:38.144   578   637 I SystemConfig: Reading permissions from /system/etc/sysconfig/hiddenapi-package-whitelist.xml
03-10 12:11:38.144   578   578 D CompatConfig: Found a config file: /system/etc/compatconfig/documents-ui-compat-config.xml
03-10 12:11:38.144   578   637 I SystemConfig: Reading permissions from /system/etc/sysconfig/initial-package-stopped-states.xml
03-10 12:11:38.144   578   637 I SystemConfig: Reading permissions from /system/etc/sysconfig/package-shareduid-allowlist.xml
03-10 12:11:38.144   578   578 D CompatConfig: Adding: com.android.server.compat.config.Change@729a215
03-10 12:11:38.144   578   637 I SystemConfig: Reading permissions from /system/etc/sysconfig/preinstalled-packages-asl-files.xml
03-10 12:11:38.144   578   637 I SystemConfig: Reading permissions from /system/etc/sysconfig/preinstalled-packages-platform-generic-system.xml
03-10 12:11:38.145   578   578 D CompatConfig: Found a config file: /system/etc/compatconfig/framework-location-compat-config.xml
03-10 12:11:38.145   578   637 I SystemConfig: Reading permissions from /system/etc/sysconfig/preinstalled-packages-platform-handheld-system.xml
03-10 12:11:38.145   578   578 D CompatConfig: Adding: com.android.server.compat.config.Change@e611df6
03-10 12:11:38.145   578   578 D CompatConfig: Adding: com.android.server.compat.config.Change@8bee5f7
03-10 12:11:38.145   578   578 D CompatConfig: Adding: com.android.server.compat.config.Change@7635c64
03-10 12:11:38.145   578   578 D CompatConfig: Adding: com.android.server.compat.config.Change@4ccfecd
03-10 12:11:38.145   578   578 D CompatConfig: Adding: com.android.server.compat.config.Change@4f1ea93
03-10 12:11:38.145   578   578 D CompatConfig: Adding: com.android.server.compat.config.Change@12bdad0
03-10 12:11:38.145   578   578 D CompatConfig: Adding: com.android.server.compat.config.Change@937bac9
03-10 12:11:38.145   578   637 I SystemConfig: Reading permissions from /system/etc/sysconfig/preinstalled-packages-platform.xml
03-10 12:11:38.145   578   578 D CompatConfig: Adding: com.android.server.compat.config.Change@819f5ce
03-10 12:11:38.145   578   578 D CompatConfig: Found a config file: /system/etc/compatconfig/framework-platform-compat-config.xml
03-10 12:11:38.145   578   637 I SystemConfig: Reading permissions from /system/etc/sysconfig/preinstalled-packages-strict-signature.xml
03-10 12:11:38.145   578   637 I SystemConfig: Reading permissions from /system/etc/permissions/android.software.credentials.xml
03-10 12:11:38.145   578   637 I SystemConfig: Reading permissions from /system/etc/permissions/android.software.live_wallpaper.xml
03-10 12:11:38.145   578   637 I SystemConfig: Reading permissions from /system/etc/permissions/android.software.webview.xml
03-10 12:11:38.145   578   637 I SystemConfig: Reading permissions from /system/etc/permissions/android.software.window_magnification.xml
03-10 12:11:38.146   578   637 I SystemConfig: Reading permissions from /system/etc/permissions/android.test.base.xml
03-10 12:11:38.146   578   637 I SystemConfig: Reading permissions from /system/etc/permissions/android.test.mock.xml
03-10 12:11:38.146   578   637 I SystemConfig: Reading permissions from /system/etc/permissions/android.test.runner.xml
03-10 12:11:38.146   578   637 I SystemConfig: Reading permissions from /system/etc/permissions/com.android.future.usb.accessory.xml
03-10 12:11:38.146   578   637 I SystemConfig: Reading permissions from /system/etc/permissions/com.android.intentresolver.xml
03-10 12:11:38.146   578   578 D CompatConfig: Adding: com.android.server.compat.config.Change@cc57132
03-10 12:11:38.146   578   578 D CompatConfig: Adding: com.android.server.compat.config.Change@73a9e83
03-10 12:11:38.146   578   578 D CompatConfig: Adding: com.android.server.compat.config.Change@c939800
03-10 12:11:38.146   578   578 D CompatConfig: Adding: com.android.server.compat.config.Change@327e839
03-10 12:11:38.146   578   578 D CompatConfig: Adding: com.android.server.compat.config.Change@6fe9fdf
03-10 12:11:38.146   578   578 D CompatConfig: Adding: com.android.server.compat.config.Change@49a342c
03-10 12:11:38.146   578   578 D CompatConfig: Adding: com.android.server.compat.config.Change@795cef5
03-10 12:11:38.146   578   578 D CompatConfig: Adding: com.android.server.compat.config.Change@655f48a
03-10 12:11:38.146   578   578 D CompatConfig: Adding: com.android.server.compat.config.Change@fd75afb
03-10 12:11:38.146   578   578 D CompatConfig: Adding: com.android.server.compat.config.Change@58c6718
03-10 12:11:38.146   578   578 D CompatConfig: Adding: com.android.server.compat.config.Change@8c16571
03-10 12:11:38.146   578   578 D CompatConfig: Adding: com.android.server.compat.config.Change@da6cf56
03-10 12:11:38.146   578   578 D CompatConfig: Adding: com.android.server.compat.config.Change@5b6abd7
03-10 12:11:38.146   578   578 D CompatConfig: Adding: com.android.server.compat.config.Change@66cdcc4
03-10 12:11:38.146   578   578 D CompatConfig: Adding: com.android.server.compat.config.Change@b35e7ad
03-10 12:11:38.146   578   578 D CompatConfig: Adding: com.android.server.compat.config.Change@f588ae2
03-10 12:11:38.146   578   578 D CompatConfig: Adding: com.android.server.compat.config.Change@fd02e73
03-10 12:11:38.146   578   578 D CompatConfig: Adding: com.android.server.compat.config.Change@9bd0130
03-10 12:11:38.146   578   578 D CompatConfig: Adding: com.android.server.compat.config.Change@6f651a9
03-10 12:11:38.146   578   578 D CompatConfig: Adding: com.android.server.compat.config.Change@578732e
03-10 12:11:38.146   578   578 D CompatConfig: Adding: com.android.server.compat.config.Change@af53ecf
03-10 12:11:38.146   578   578 D CompatConfig: Adding: com.android.server.compat.config.Change@6a9005c
03-10 12:11:38.146   578   578 D CompatConfig: Adding: com.android.server.compat.config.Change@7395f65
03-10 12:11:38.146   578   578 D CompatConfig: Adding: com.android.server.compat.config.Change@b9c943a
03-10 12:11:38.146   578   578 D CompatConfig: Adding: com.android.server.compat.config.Change@5b0f8eb
03-10 12:11:38.146   578   578 D CompatConfig: Adding: com.android.server.compat.config.Change@8f3c648
03-10 12:11:38.146   578   578 D CompatConfig: Adding: com.android.server.compat.config.Change@9e58ce1
03-10 12:11:38.146   578   578 D CompatConfig: Adding: com.android.server.compat.config.Change@eafba06
03-10 12:11:38.146   578   578 D CompatConfig: Adding: com.android.server.compat.config.Change@22438c7
03-10 12:11:38.146   578   578 D CompatConfig: Adding: com.android.server.compat.config.Change@3a2fef4
03-10 12:11:38.146   578   578 D CompatConfig: Adding: com.android.server.compat.config.Change@acd161d
03-10 12:11:38.146   578   578 D CompatConfig: Adding: com.android.server.compat.config.Change@d7d7092
03-10 12:11:38.146   578   578 D CompatConfig: Adding: com.android.server.compat.config.Change@9a19a63
03-10 12:11:38.146   578   578 D CompatConfig: Adding: com.android.server.compat.config.Change@26b1660
03-10 12:11:38.146   578   578 D CompatConfig: Adding: com.android.server.compat.config.Change@6a9f719
03-10 12:11:38.146   578   578 D CompatConfig: Adding: com.android.server.compat.config.Change@5fe03de
03-10 12:11:38.146   578   578 D CompatConfig: Adding: com.android.server.compat.config.Change@e0979bf
03-10 12:11:38.146   578   578 D CompatConfig: Adding: com.android.server.compat.config.Change@5db388c
03-10 12:11:38.146   578   578 D CompatConfig: Adding: com.android.server.compat.config.Change@1d9ebd5
03-10 12:11:38.146   578   578 D CompatConfig: Adding: com.android.server.compat.config.Change@b627fea
03-10 12:11:38.146   578   578 D CompatConfig: Adding: com.android.server.compat.config.Change@4e5f2db
03-10 12:11:38.146   578   578 D CompatConfig: Adding: com.android.server.compat.config.Change@6495178
03-10 12:11:38.146   578   637 I SystemConfig: Reading permissions from /system/etc/permissions/com.android.location.provider.xml
03-10 12:11:38.147   578   578 D CompatConfig: Adding: com.android.server.compat.config.Change@eda7051
03-10 12:11:38.147   578   578 D CompatConfig: Adding: com.android.server.compat.config.Change@e0b0b6
03-10 12:11:38.147   578   578 D CompatConfig: Adding: com.android.server.compat.config.Change@97e0d24
03-10 12:11:38.147   578   637 I SystemConfig: Reading permissions from /system/etc/permissions/com.android.media.remotedisplay.xml
03-10 12:11:38.147   578   578 D CompatConfig: Adding: com.android.server.compat.config.Change@84c08d
03-10 12:11:38.147   578   578 D CompatConfig: Adding: com.android.server.compat.config.Change@53f2242
03-10 12:11:38.147   578   578 D CompatConfig: Adding: com.android.server.compat.config.Change@95de253
03-10 12:11:38.147   578   578 D CompatConfig: Adding: com.android.server.compat.config.Change@720d790
03-10 12:11:38.147   578   578 D CompatConfig: Adding: com.android.server.compat.config.Change@409d889
03-10 12:11:38.147   578   578 D CompatConfig: Adding: com.android.server.compat.config.Change@b21208e
03-10 12:11:38.147   578   578 D CompatConfig: Adding: com.android.server.compat.config.Change@da50af
03-10 12:11:38.147   578   578 D CompatConfig: Adding: com.android.server.compat.config.Change@eae7445
03-10 12:11:38.147   578   578 D CompatConfig: Adding: com.android.server.compat.config.Change@a12b79a
03-10 12:11:38.147   578   578 D CompatConfig: Adding: com.android.server.compat.config.Change@90548cb
03-10 12:11:38.147   578   578 D CompatConfig: Adding: com.android.server.compat.config.Change@b7008a8
03-10 12:11:38.147   578   578 D CompatConfig: Adding: com.android.server.compat.config.Change@b470fc1
03-10 12:11:38.147   578   578 D CompatConfig: Adding: com.android.server.compat.config.Change@454b366
03-10 12:11:38.147   578   578 D CompatConfig: Adding: com.android.server.compat.config.Change@d9da6a7
03-10 12:11:38.147   578   637 I SystemConfig: Reading permissions from /system/etc/permissions/com.android.mediadrm.signer.xml
03-10 12:11:38.147   578   578 D CompatConfig: Adding: com.android.server.compat.config.Change@1110754
03-10 12:11:38.147   578   578 D CompatConfig: Adding: com.android.server.compat.config.Change@373e6fd
03-10 12:11:38.147   578   578 D CompatConfig: Adding: com.android.server.compat.config.Change@d689ff2
03-10 12:11:38.147   578   578 D CompatConfig: Adding: com.android.server.compat.config.Change@d740643
03-10 12:11:38.147   578   578 D CompatConfig: Adding: com.android.server.compat.config.Change@f2144c0
03-10 12:11:38.147   578   578 D CompatConfig: Adding: com.android.server.compat.config.Change@d5cc93e
03-10 12:11:38.147   578   578 D CompatConfig: Adding: com.android.server.compat.config.Change@9c6c39f
03-10 12:11:38.147   578   578 D CompatConfig: Adding: com.android.server.compat.config.Change@535ecec
03-10 12:11:38.147   578   578 D CompatConfig: Adding: com.android.server.compat.config.Change@adf8b5
03-10 12:11:38.147   578   578 D CompatConfig: Adding: com.android.server.compat.config.Change@cd83b4a
03-10 12:11:38.147   578   578 D CompatConfig: Adding: com.android.server.compat.config.Change@f5dfabb
03-10 12:11:38.147   578   578 D CompatConfig: Adding: com.android.server.compat.config.Change@50aebd8
03-10 12:11:38.147   578   578 D CompatConfig: Adding: com.android.server.compat.config.Change@a926b31
03-10 12:11:38.147   578   578 D CompatConfig: Adding: com.android.server.compat.config.Change@5e6c216
03-10 12:11:38.147   578   578 D CompatConfig: Adding: com.android.server.compat.config.Change@5678797
03-10 12:11:38.147   578   578 D CompatConfig: Adding: com.android.server.compat.config.Change@e2eed84
03-10 12:11:38.147   578   578 D CompatConfig: Adding: com.android.server.compat.config.Change@e71896d
03-10 12:11:38.147   578   578 D CompatConfig: Adding: com.android.server.compat.config.Change@584e9a2
03-10 12:11:38.147   578   578 D CompatConfig: Adding: com.android.server.compat.config.Change@e130633
03-10 12:11:38.147   578   578 D CompatConfig: Adding: com.android.server.compat.config.Change@86f5df0
03-10 12:11:38.147   578   578 D CompatConfig: Adding: com.android.server.compat.config.Change@daa4f69
03-10 12:11:38.147   578   637 I SystemConfig: Reading permissions from /system/etc/permissions/com.android.nfc_extras.xml
03-10 12:11:38.147   578   578 D CompatConfig: Adding: com.android.server.compat.config.Change@9ebfdee
03-10 12:11:38.147   578   578 D CompatConfig: Adding: com.android.server.compat.config.Change@4edd28f
03-10 12:11:38.147   578   578 D CompatConfig: Adding: com.android.server.compat.config.Change@904691c
03-10 12:11:38.147   578   578 D CompatConfig: Adding: com.android.server.compat.config.Change@68f7925
03-10 12:11:38.147   578   578 D CompatConfig: Adding: com.android.server.compat.config.Change@99e0afa
03-10 12:11:38.147   578   578 D CompatConfig: Adding: com.android.server.compat.config.Change@6ff08ab
03-10 12:11:38.147   578   578 D CompatConfig: Adding: com.android.server.compat.config.Change@e7cfb08
03-10 12:11:38.147   578   578 D CompatConfig: Adding: com.android.server.compat.config.Change@fe382a1
03-10 12:11:38.147   578   578 D CompatConfig: Adding: com.android.server.compat.config.Change@f31dcc6
03-10 12:11:38.147   578   578 D CompatConfig: Adding: com.android.server.compat.config.Change@a38487
03-10 12:11:38.147   578   637 I SystemConfig: Reading permissions from /system/etc/permissions/javax.obex.xml
03-10 12:11:38.147   578   578 D CompatConfig: Adding: com.android.server.compat.config.Change@14a7dd
03-10 12:11:38.147   578   578 D CompatConfig: Adding: com.android.server.compat.config.Change@5deff52
03-10 12:11:38.147   578   578 D CompatConfig: Adding: com.android.server.compat.config.Change@d29e223
03-10 12:11:38.147   578   578 D CompatConfig: Adding: com.android.server.compat.config.Change@7ce2320
03-10 12:11:38.147   578   578 D CompatConfig: Adding: com.android.server.compat.config.Change@c38e4d9
03-10 12:11:38.147   578   578 D CompatConfig: Adding: com.android.server.compat.config.Change@2c9be9e
03-10 12:11:38.147   578   578 D CompatConfig: Adding: com.android.server.compat.config.Change@42e7d7f
03-10 12:11:38.147   578   578 D CompatConfig: Adding: com.android.server.compat.config.Change@142514c
03-10 12:11:38.147   578   578 D CompatConfig: Adding: com.android.server.compat.config.Change@ac9f595
03-10 12:11:38.147   578   578 D CompatConfig: Adding: com.android.server.compat.config.Change@70f26aa
03-10 12:11:38.147   578   578 D CompatConfig: Adding: com.android.server.compat.config.Change@b7729b
03-10 12:11:38.147   578   578 D CompatConfig: Adding: com.android.server.compat.config.Change@1e93638
03-10 12:11:38.147   578   578 D CompatConfig: Adding: com.android.server.compat.config.Change@6215611
03-10 12:11:38.147   578   578 D CompatConfig: Adding: com.android.server.compat.config.Change@6910376
03-10 12:11:38.147   578   578 D CompatConfig: Adding: com.android.server.compat.config.Change@e109d77
03-10 12:11:38.147   578   578 D CompatConfig: Adding: com.android.server.compat.config.Change@e177de4
03-10 12:11:38.147   578   578 D CompatConfig: Adding: com.android.server.compat.config.Change@ab4424d
03-10 12:11:38.147   578   578 D CompatConfig: Adding: com.android.server.compat.config.Change@f81e102
03-10 12:11:38.147   578   578 D CompatConfig: Adding: com.android.server.compat.config.Change@6679a13
03-10 12:11:38.147   578   578 D CompatConfig: Adding: com.android.server.compat.config.Change@8c09450
03-10 12:11:38.147   578   578 D CompatConfig: Adding: com.android.server.compat.config.Change@d0fb649
03-10 12:11:38.147   578   578 D CompatConfig: Adding: com.android.server.compat.config.Change@eb10b4e
03-10 12:11:38.147   578   578 D CompatConfig: Adding: com.android.server.compat.config.Change@f27c46f
03-10 12:11:38.147   578   578 D CompatConfig: Adding: com.android.server.compat.config.Change@ea2a57c
03-10 12:11:38.147   578   578 D CompatConfig: Adding: com.android.server.compat.config.Change@3946e05
03-10 12:11:38.147   578   578 D CompatConfig: Adding: com.android.server.compat.config.Change@c968e5a
03-10 12:11:38.147   578   578 D CompatConfig: Adding: com.android.server.compat.config.Change@f16388b
03-10 12:11:38.147   578   578 D CompatConfig: Adding: com.android.server.compat.config.Change@8329d68
03-10 12:11:38.147   578   578 D CompatConfig: Adding: com.android.server.compat.config.Change@ff2e581
03-10 12:11:38.147   578   578 D CompatConfig: Adding: com.android.server.compat.config.Change@f1f3626
03-10 12:11:38.147   578   578 D CompatConfig: Adding: com.android.server.compat.config.Change@a2dd267
03-10 12:11:38.147   578   578 D CompatConfig: Adding: com.android.server.compat.config.Change@e482814
03-10 12:11:38.147   578   578 D CompatConfig: Adding: com.android.server.compat.config.Change@46758bd
03-10 12:11:38.147   578   578 D CompatConfig: Adding: com.android.server.compat.config.Change@f3b2e03
03-10 12:11:38.147   578   578 D CompatConfig: Adding: com.android.server.compat.config.Change@d89b180
03-10 12:11:38.147   578   578 D CompatConfig: Adding: com.android.server.compat.config.Change@b5c3b9
03-10 12:11:38.147   578   578 D CompatConfig: Adding: com.android.server.compat.config.Change@91ce3fe
03-10 12:11:38.147   578   578 D CompatConfig: Adding: com.android.server.compat.config.Change@338a75f
03-10 12:11:38.147   578   578 D CompatConfig: Adding: com.android.server.compat.config.Change@49865ac
03-10 12:11:38.147   578   578 D CompatConfig: Adding: com.android.server.compat.config.Change@2e5e275
03-10 12:11:38.147   578   578 D CompatConfig: Adding: com.android.server.compat.config.Change@25f420a
03-10 12:11:38.147   578   578 D CompatConfig: Adding: com.android.server.compat.config.Change@66a5a7b
03-10 12:11:38.147   578   578 D CompatConfig: Adding: com.android.server.compat.config.Change@8fc3098
03-10 12:11:38.147   578   637 I SystemConfig: Reading permissions from /system/etc/permissions/org.apache.http.legacy.xml
03-10 12:11:38.147   578   578 D CompatConfig: Adding: com.android.server.compat.config.Change@7bf30f1
03-10 12:11:38.147   578   578 D CompatConfig: Adding: com.android.server.compat.config.Change@8b774d6
03-10 12:11:38.147   578   578 D CompatConfig: Adding: com.android.server.compat.config.Change@f3a2357
03-10 12:11:38.147   578   578 D CompatConfig: Adding: com.android.server.compat.config.Change@ecfbe44
03-10 12:11:38.147   578   578 D CompatConfig: Adding: com.android.server.compat.config.Change@704eb2d
03-10 12:11:38.147   578   578 D CompatConfig: Adding: com.android.server.compat.config.Change@e8e0862
03-10 12:11:38.147   578   578 D CompatConfig: Adding: com.android.server.compat.config.Change@6d39df3
03-10 12:11:38.147   578   578 D CompatConfig: Adding: com.android.server.compat.config.Change@f2c7ab0
03-10 12:11:38.147   578   578 D CompatConfig: Adding: com.android.server.compat.config.Change@7720d29
03-10 12:11:38.147   578   578 D CompatConfig: Adding: com.android.server.compat.config.Change@24848ae
03-10 12:11:38.147   578   578 D CompatConfig: Adding: com.android.server.compat.config.Change@380264f
03-10 12:11:38.147   578   578 D CompatConfig: Adding: com.android.server.compat.config.Change@95691dc
03-10 12:11:38.147   578   578 D CompatConfig: Adding: com.android.server.compat.config.Change@67552e5
03-10 12:11:38.147   578   578 D CompatConfig: Adding: com.android.server.compat.config.Change@15441ba
03-10 12:11:38.147   578   578 D CompatConfig: Adding: com.android.server.compat.config.Change@cc2d86b
03-10 12:11:38.147   578   578 D CompatConfig: Adding: com.android.server.compat.config.Change@aa8efc8
03-10 12:11:38.148   578   637 I SystemConfig: Reading permissions from /system/etc/permissions/privapp-permissions-google.xml
03-10 12:11:38.148   578   578 D CompatConfig: Found a config file: /system/etc/compatconfig/icu4j-platform-compat-config.xml
03-10 12:11:38.148   578   578 D CompatConfig: Adding: com.android.server.compat.config.Change@5349047
03-10 12:11:38.148   578   637 I SystemConfig: Reading permissions from /system/etc/permissions/privapp-permissions-platform.xml
03-10 12:11:38.148   578   578 D CompatConfig: Found a config file: /system/etc/compatconfig/services-platform-compat-config.xml
03-10 12:11:38.149   578   578 D CompatConfig: Adding: com.android.server.compat.config.Change@1cd4e12
03-10 12:11:38.149   578   578 D CompatConfig: Adding: com.android.server.compat.config.Change@61fe9e3
03-10 12:11:38.149   578   578 D CompatConfig: Adding: com.android.server.compat.config.Change@d6befe0
03-10 12:11:38.149   578   578 D CompatConfig: Adding: com.android.server.compat.config.Change@14b9299
03-10 12:11:38.149   578   578 D CompatConfig: Adding: com.android.server.compat.config.Change@f2e395e
03-10 12:11:38.149   578   578 D CompatConfig: Adding: com.android.server.compat.config.Change@8dd413f
03-10 12:11:38.149   578   578 D CompatConfig: Adding: com.android.server.compat.config.Change@5d02a0c
03-10 12:11:38.149   578   578 D CompatConfig: Adding: com.android.server.compat.config.Change@7b9bf55
03-10 12:11:38.149   578   578 D CompatConfig: Adding: com.android.server.compat.config.Change@3208d6a
03-10 12:11:38.149   578   578 D CompatConfig: Adding: com.android.server.compat.config.Change@9eeb25b
03-10 12:11:38.149   578   578 D CompatConfig: Adding: com.android.server.compat.config.Change@25bdaf8
03-10 12:11:38.149   578   578 D CompatConfig: Adding: com.android.server.compat.config.Change@1a3fbd1
03-10 12:11:38.149   578   578 D CompatConfig: Adding: com.android.server.compat.config.Change@e321636
03-10 12:11:38.149   578   578 D CompatConfig: Adding: com.android.server.compat.config.Change@1dc1937
03-10 12:11:38.149   578   578 D CompatConfig: Adding: com.android.server.compat.config.Change@1efaea4
03-10 12:11:38.149   578   578 D CompatConfig: Adding: com.android.server.compat.config.Change@11b840d
03-10 12:11:38.149   578   578 D CompatConfig: Adding: com.android.server.compat.config.Change@a015fc2
03-10 12:11:38.149   578   578 D CompatConfig: Adding: com.android.server.compat.config.Change@fcf11d3
03-10 12:11:38.149   578   578 D CompatConfig: Adding: com.android.server.compat.config.Change@ecb1110
03-10 12:11:38.149   578   578 D CompatConfig: Adding: com.android.server.compat.config.Change@e095409
03-10 12:11:38.149   578   578 D CompatConfig: Adding: com.android.server.compat.config.Change@989b60e
03-10 12:11:38.149   578   578 D CompatConfig: Adding: com.android.server.compat.config.Change@1eef82f
03-10 12:11:38.149   578   578 D CompatConfig: Adding: com.android.server.compat.config.Change@5b82e3c
03-10 12:11:38.149   578   578 D CompatConfig: Adding: com.android.server.compat.config.Change@bea27c5
03-10 12:11:38.149   578   578 D CompatConfig: Adding: com.android.server.compat.config.Change@22f251a
03-10 12:11:38.149   578   578 D CompatConfig: Adding: com.android.server.compat.config.Change@77ce84b
03-10 12:11:38.149   578   578 D CompatConfig: Adding: com.android.server.compat.config.Change@3f7f228
03-10 12:11:38.149   578   578 D CompatConfig: Adding: com.android.server.compat.config.Change@f4a7b41
03-10 12:11:38.149   578   578 D CompatConfig: Adding: com.android.server.compat.config.Change@98a78e6
03-10 12:11:38.149   578   578 D CompatConfig: Adding: com.android.server.compat.config.Change@8afbe27
03-10 12:11:38.149   578   578 D CompatConfig: Adding: com.android.server.compat.config.Change@7ee08d4
03-10 12:11:38.149   578   578 D CompatConfig: Adding: com.android.server.compat.config.Change@f028a7d
03-10 12:11:38.149   578   578 D CompatConfig: Adding: com.android.server.compat.config.Change@3f53d72
03-10 12:11:38.149   578   578 D CompatConfig: Adding: com.android.server.compat.config.Change@5015c3
03-10 12:11:38.149   578   578 D CompatConfig: Adding: com.android.server.compat.config.Change@8cde40
03-10 12:11:38.149   578   578 D CompatConfig: Adding: com.android.server.compat.config.Change@d325179
03-10 12:11:38.149   578   578 D CompatConfig: Adding: com.android.server.compat.config.Change@fd5bebe
03-10 12:11:38.149   578   578 D CompatConfig: Adding: com.android.server.compat.config.Change@3144b1f
03-10 12:11:38.149   578   578 D CompatConfig: Adding: com.android.server.compat.config.Change@7819e6c
03-10 12:11:38.149   578   578 D CompatConfig: Adding: com.android.server.compat.config.Change@3fd8c35
03-10 12:11:38.149   578   578 D CompatConfig: Adding: com.android.server.compat.config.Change@bc7a3b
03-10 12:11:38.149   578   578 D CompatConfig: Adding: com.android.server.compat.config.Change@2203558
03-10 12:11:38.149   578   578 D CompatConfig: Adding: com.android.server.compat.config.Change@207b6b1
03-10 12:11:38.149   578   578 D CompatConfig: Adding: com.android.server.compat.config.Change@4d8e796
03-10 12:11:38.149   578   578 D CompatConfig: Adding: com.android.server.compat.config.Change@aee7f17
03-10 12:11:38.149   578   578 D CompatConfig: Adding: com.android.server.compat.config.Change@50f4f04
03-10 12:11:38.149   578   578 D CompatConfig: Adding: com.android.server.compat.config.Change@2b00ced
03-10 12:11:38.149   578   578 D CompatConfig: Adding: com.android.server.compat.config.Change@533e722
03-10 12:11:38.149   578   578 D CompatConfig: Adding: com.android.server.compat.config.Change@dd1f5b3
03-10 12:11:38.149   578   578 D CompatConfig: Adding: com.android.server.compat.config.Change@6b45770
