03-11 10:08:01.184   572   572 D CompatConfig: No directory /apex/com.android.uwb/etc/compatconfig, skipping
03-11 10:08:01.184   572   572 D CompatConfig: No directory /apex/com.android.cellbroadcast/etc/compatconfig, skipping
03-11 10:08:01.184   572   572 D CompatConfig: No directory /apex/com.android.adbd/etc/compatconfig, skipping
03-11 10:08:01.184   572   572 D CompatConfig: No directory /apex/com.android.media.swcodec/etc/compatconfig, skipping
03-11 10:08:01.184   572   572 D CompatConfig: No directory /apex/com.android.conscrypt/etc/compatconfig, skipping
03-11 10:08:01.185   572   572 D CompatConfig: Found a config file: /apex/com.android.art/etc/compatconfig/libcore-platform-compat-config.xml
03-11 10:08:01.185   572   625 I SystemConfig: Reading permissions from /product/etc/sysconfig/google-staged-installer-whitelist.xml
03-11 10:08:01.185   572   625 I SystemConfig: Reading permissions from /product/etc/sysconfig/google.xml
03-11 10:08:01.185   572   572 D CompatConfig: Adding: com.android.server.compat.config.Change@8c4462f
03-11 10:08:01.185   572   572 D CompatConfig: Adding: com.android.server.compat.config.Change@4e643c
03-11 10:08:01.185   572   572 D CompatConfig: Adding: com.android.server.compat.config.Change@65325c5
03-11 10:08:01.185   572   572 D CompatConfig: Adding: com.android.server.compat.config.Change@2474b1a
03-11 10:08:01.185   572   572 D CompatConfig: Adding: com.android.server.compat.config.Change@159164b
03-11 10:08:01.185   572   572 D CompatConfig: Adding: com.android.server.compat.config.Change@bb8828
03-11 10:08:01.185   572   572 D CompatConfig: Adding: com.android.server.compat.config.Change@a455941
03-11 10:08:01.185   572   572 D CompatConfig: Adding: com.android.server.compat.config.Change@9fefee6
03-11 10:08:01.185   572   572 D CompatConfig: Adding: com.android.server.compat.config.Change@f20cc27
03-11 10:08:01.185   572   572 D CompatConfig: Adding: com.android.server.compat.config.Change@c54fed4
03-11 10:08:01.185   572   572 D CompatConfig: Adding: com.android.server.compat.config.Change@1cd487d
03-11 10:08:01.185   572   572 D CompatConfig: Adding: com.android.server.compat.config.Change@e2c2372
03-11 10:08:01.185   572   572 D CompatConfig: Adding: com.android.server.compat.config.Change@7c403c3
03-11 10:08:01.185   572   572 D CompatConfig: Adding: com.android.server.compat.config.Change@36d3440
03-11 10:08:01.185   572   572 D CompatConfig: Adding: com.android.server.compat.config.Change@4eaef79
03-11 10:08:01.185   572   572 D CompatConfig: Adding: com.android.server.compat.config.Change@d9504be
03-11 10:08:01.185   572   625 I SystemConfig: Adding association: com.google.android.as <- com.android.bluetooth
03-11 10:08:01.185   572   625 I SystemConfig: Adding association: com.google.android.as <- com.android.bluetooth.services
03-11 10:08:01.185   572   625 I SystemConfig: Adding association: com.google.android.as <- com.android.providers.contacts
03-11 10:08:01.185   572   625 I SystemConfig: Adding association: com.google.android.as <- com.android.providers.media
03-11 10:08:01.185   572   625 I SystemConfig: Adding association: com.google.android.as <- com.android.providers.telephony
03-11 10:08:01.185   572   625 I SystemConfig: Adding association: com.google.android.as <- com.android.systemui
03-11 10:08:01.185   572   625 I SystemConfig: Adding association: com.google.android.as <- com.google.android.bluetooth
03-11 10:08:01.185   572   625 I SystemConfig: Adding association: com.google.android.as <- com.google.android.bluetooth.services
03-11 10:08:01.185   572   625 I SystemConfig: Adding association: com.google.android.as <- com.google.android.providers.media.module
03-11 10:08:01.185   572   625 I SystemConfig: Adding association: com.google.android.as <- com.google.android.as.oss
03-11 10:08:01.185   572   625 I SystemConfig: Adding association: com.google.android.as.oss <- com.google.android.as
03-11 10:08:01.185   572   625 I SystemConfig: Adding association: com.google.android.as.oss <- com.google.android.aicore
03-11 10:08:01.185   572   625 I SystemConfig: Adding association: com.google.android.as.oss <- com.google.android.apps.nexuslauncher
03-11 10:08:01.185   572   572 D CompatConfig: No directory /apex/com.google.mainline.primary.libs/etc/compatconfig, skipping
03-11 10:08:01.185   572   572 D CompatConfig: No directory /apex/com.android.os.statsd/etc/compatconfig, skipping
03-11 10:08:01.185   572   572 D CompatConfig: No directory /apex/com.android.tzdata/etc/compatconfig, skipping
03-11 10:08:01.185   572   572 D CompatConfig: No directory /apex/com.android.apex.cts.shim/etc/compatconfig, skipping
03-11 10:08:01.185   572   625 W SystemConfig: Tag automatic-rollback-denylisted-app is unknown in /product/etc/sysconfig/google.xml at START_TAG (empty) <automatic-rollback-denylisted-app package='com.android.vending'>@145:72 in java.io.FileReader@8d9191f
03-11 10:08:01.185   572   572 D CompatConfig: No directory /apex/com.android.hardware.cas/etc/compatconfig, skipping
03-11 10:08:01.185   572   625 W SystemConfig: Tag automatic-rollback-denylisted-app is unknown in /product/etc/sysconfig/google.xml at START_TAG (empty) <automatic-rollback-denylisted-app package='com.google.android.gms'>@146:75 in java.io.FileReader@8d9191f
03-11 10:08:01.185   572   572 D CompatConfig: No directory /apex/com.google.android.widevine/etc/compatconfig, skipping
03-11 10:08:01.185   572   572 D CompatConfig: No directory /apex/com.android.rkpd/etc/compatconfig, skipping
03-11 10:08:01.185   572   572 D CompatConfig: Found a config file: /apex/com.android.btservices/etc/compatconfig/bluetoothapk-platform-compat-config.xml
03-11 10:08:01.186   572   572 D CompatConfig: Adding: com.android.server.compat.config.Change@1a20a35
03-11 10:08:01.186   572   625 I SystemConfig: Reading permissions from /product/etc/sysconfig/google_build.xml
03-11 10:08:01.186   572   572 D CompatConfig: Found a config file: /apex/com.android.btservices/etc/compatconfig/bluetooth-compat-config.xml
03-11 10:08:01.186   572   625 I SystemConfig: Reading permissions from /product/etc/sysconfig/initial-package-stopped-states-aosp.xml
03-11 10:08:01.186   572   572 D CompatConfig: Adding: com.android.server.compat.config.Change@87614b1
03-11 10:08:01.186   572   625 I SystemConfig: Reading permissions from /product/etc/sysconfig/personal-safety.xml
03-11 10:08:01.186   572   625 I SystemConfig: Reading permissions from /product/etc/sysconfig/preinstalled-packages-platform-aosp-product.xml
03-11 10:08:01.186   572   625 I SystemConfig: Reading permissions from /product/etc/sysconfig/preinstalled-packages-platform-handheld-product.xml
03-11 10:08:01.186   572   625 I SystemConfig: Reading permissions from /product/etc/sysconfig/preinstalled-packages-platform-overlays.xml
03-11 10:08:01.186   572   572 D CompatConfig: Found a config file: /apex/com.android.btservices/etc/compatconfig/framework-bluetooth-compat-config.xml
03-11 10:08:01.186   572   572 D CompatConfig: Adding: com.android.server.compat.config.Change@91d63b3
03-11 10:08:01.187   572   625 I SystemConfig: Reading permissions from /product/etc/sysconfig/preinstalled-packages-platform-telephony-product.xml
03-11 10:08:01.187   572   625 I SystemConfig: Reading permissions from /product/etc/sysconfig/wellbeing.xml
03-11 10:08:01.187   572   572 D CompatConfig: No directory /apex/com.android.i18n/etc/compatconfig, skipping
03-11 10:08:01.187   572   572 D CompatConfig: Found a config file: /apex/com.android.tethering/etc/compatconfig/connectivity-platform-compat-config.xml
03-11 10:08:01.187   572   625 I SystemConfig: Reading permissions from /product/etc/permissions/android.hardware.telephony.euicc.xml
03-11 10:08:01.187   572   572 D CompatConfig: Adding: com.android.server.compat.config.Change@36aeaa5
03-11 10:08:01.187   572   572 D CompatConfig: Adding: com.android.server.compat.config.Change@8a25e7a
03-11 10:08:01.187   572   572 D CompatConfig: Adding: com.android.server.compat.config.Change@247962b
03-11 10:08:01.187   572   572 D CompatConfig: Adding: com.android.server.compat.config.Change@87e3a88
03-11 10:08:01.187   572   572 D CompatConfig: Adding: com.android.server.compat.config.Change@c48c21
03-11 10:08:01.187   572   572 D CompatConfig: Adding: com.android.server.compat.config.Change@8e7e846
03-11 10:08:01.187   572   572 D CompatConfig: Adding: com.android.server.compat.config.Change@fa76a07
03-11 10:08:01.187   572   625 I SystemConfig: Reading permissions from /product/etc/permissions/android.software.verified_boot.xml
03-11 10:08:01.187   572   625 I SystemConfig: Reading permissions from /product/etc/permissions/com.android.imsserviceentitlement.xml
03-11 10:08:01.188   572   625 I SystemConfig: Reading permissions from /product/etc/permissions/com.google.android.dialer.support.xml
03-11 10:08:01.188   572   572 D CompatConfig: Found a config file: /apex/com.android.wifi/etc/compatconfig/wifi-compat-config.xml
03-11 10:08:01.188   572   625 I SystemConfig: Reading permissions from /product/etc/permissions/com.google.android.odad.xml
03-11 10:08:01.188   572   625 I SystemConfig: Reading permissions from /product/etc/permissions/privapp-permissions-goldfish.xml
03-11 10:08:01.188   572   625 I SystemConfig: Reading permissions from /product/etc/permissions/privapp-permissions-google-p.xml
03-11 10:08:01.188   572   572 D CompatConfig: Adding: com.android.server.compat.config.Change@4c5ba1e
03-11 10:08:01.188   572   572 D CompatConfig: Adding: com.android.server.compat.config.Change@81992ff
03-11 10:08:01.188   572   572 D CompatConfig: Adding: com.android.server.compat.config.Change@de778cc
03-11 10:08:01.188   572   572 D CompatConfig: No directory /apex/com.android.hardware.rebootescrow/etc/compatconfig, skipping
03-11 10:08:01.188   572   572 D CompatConfig: No directory /apex/com.android.healthfitness/etc/compatconfig, skipping
03-11 10:08:01.188   572   572 D CompatConfig: Found a config file: /apex/com.android.mediaprovider/etc/compatconfig/framework-pdf-v-platform-compat-config.xml
03-11 10:08:01.188   572   572 D CompatConfig: Adding: com.android.server.compat.config.Change@f8f5a2a
03-11 10:08:01.189   572   572 D CompatConfig: Found a config file: /apex/com.android.mediaprovider/etc/compatconfig/media-provider-platform-compat-config.xml
03-11 10:08:01.189   572   572 D CompatConfig: Adding: com.android.server.compat.config.Change@47955b8
03-11 10:08:01.189   572   572 D CompatConfig: Adding: com.android.server.compat.config.Change@417bf91
03-11 10:08:01.189   572   572 D CompatConfig: Adding: com.android.server.compat.config.Change@5a0eef6
03-11 10:08:01.189   572   572 D CompatConfig: Adding: com.android.server.compat.config.Change@698e2f7
03-11 10:08:01.189   572   572 D CompatConfig: Adding: com.android.server.compat.config.Change@64a1564
03-11 10:08:01.189   572   572 D CompatConfig: Adding: com.android.server.compat.config.Change@f67c3cd
03-11 10:08:01.189   572   572 D CompatConfig: Adding: com.android.server.compat.config.Change@a650482
03-11 10:08:01.189   572   572 D CompatConfig: No directory /apex/com.android.devicelock/etc/compatconfig, skipping
03-11 10:08:01.189   572   572 D CompatConfig: No directory /apex/com.android.ipsec/etc/compatconfig, skipping
03-11 10:08:01.189   572   625 I SystemConfig: Reading permissions from /product/etc/permissions/privapp-permissions-sdk-google.xml
03-11 10:08:01.189   572   625 I SystemConfig: Reading permissions from /product/etc/permissions/split-permissions-google.xml
03-11 10:08:01.189   572   625 I SystemConfig: Reading permissions from /system_ext/etc/sysconfig/android.telephony.satellite.xml
03-11 10:08:01.189   572   625 I SystemConfig: Reading permissions from /system_ext/etc/sysconfig/preinstalled-packages-com.android.google.avatarpicker.xml
03-11 10:08:01.189   572   625 I SystemConfig: Reading permissions from /system_ext/etc/permissions/android.software.theme_picker.xml
03-11 10:08:01.189   572   625 I SystemConfig: Reading permissions from /system_ext/etc/permissions/androidx.window.extensions.xml
03-11 10:08:01.189   572   625 I SystemConfig: Reading permissions from /system_ext/etc/permissions/androidx.window.sidecar.xml
03-11 10:08:01.189   572   625 I SystemConfig: Reading permissions from /system_ext/etc/permissions/com.android.carrierconfig.xml
03-11 10:08:01.189   572   625 I SystemConfig: Reading permissions from /system_ext/etc/permissions/com.android.emulator.radio.config.xml
03-11 10:08:01.189   572   625 I SystemConfig: Reading permissions from /system_ext/etc/permissions/com.android.launcher3.xml
03-11 10:08:01.190   572   625 I SystemConfig: Reading permissions from /system_ext/etc/permissions/com.android.settings.xml
03-11 10:08:01.190   572   572 W CompatConfig: Change ID 203673428 not found. Skipping overrides for it.
03-11 10:08:01.190   572   572 W CompatConfig: Change ID 200324021 not found. Skipping overrides for it.
03-11 10:08:01.190   572   625 I SystemConfig: Reading permissions from /system_ext/etc/permissions/com.android.storagemanager.xml
03-11 10:08:01.190   572   625 I SystemConfig: Reading permissions from /system_ext/etc/permissions/com.android.systemui.xml
03-11 10:08:01.190   572   625 I SystemConfig: Reading permissions from /system_ext/etc/permissions/com.google.android.googlesdksetup.xml
03-11 10:08:01.190   572   625 I SystemConfig: Reading permissions from /system_ext/etc/permissions/privapp-permissions-google-se.xml
03-11 10:08:01.191   572   625 I SystemConfig: Reading permissions from /apex/com.android.nfcservices/etc/permissions/privapp_allowlist_com.android.nfc.xml
03-11 10:08:01.191   572   625 I SystemConfig: Reading permissions from /apex/com.android.devicelock/etc/permissions/com.google.android.devicelockcontroller.xml
03-11 10:08:01.192   572   625 I SystemConfig: Reading permissions from /apex/com.android.btservices/etc/permissions/privapp_allowlist_com.google.android.bluetooth.xml
03-11 10:08:01.192   572   625 I SystemConfig: Reading permissions from /apex/com.android.hardware.rebootescrow/etc/permissions/android.hardware.reboot_escrow.prebuilt.xml
03-11 10:08:01.192   572   625 I SystemConfig: Reading permissions from /apex/com.android.mediaprovider/etc/permissions/privapp_allowlist_com.google.android.providers.media.module.xml
03-11 10:08:01.192   572   625 I SystemConfig: Reading permissions from /apex/com.android.apex.cts.shim/etc/permissions/signature-permission-allowlist.xml
03-11 10:08:01.193   572   625 I SystemConfig: Reading permissions from /apex/com.android.cellbroadcast/etc/permissions/privapp_allowlist_com.google.android.cellbroadcastreceiver.xml
03-11 10:08:01.193   572   572 D SystemServerTiming: StartFileIntegrityService
03-11 10:08:01.193   572   572 I SystemServiceManager: Starting com.android.server.security.FileIntegrityService
03-11 10:08:01.193   572   625 I SystemConfig: Reading permissions from /apex/com.android.cellbroadcast/etc/permissions/privapp_allowlist_com.google.android.cellbroadcastservice.xml
03-11 10:08:01.193   572   625 I SystemConfig: Reading permissions from /apex/com.android.tethering/etc/permissions/privapp_allowlist_com.google.android.networkstack.tethering.xml
03-11 10:08:01.194   572   625 I SystemConfig: Reading permissions from /apex/com.android.permission/etc/permissions/privapp_allowlist_com.google.android.permissioncontroller.xml
03-11 10:08:01.194   572   572 D SystemServerTiming: StartInstaller
03-11 10:08:01.194   572   572 I SystemServiceManager: Starting com.android.server.pm.Installer
03-11 10:08:01.194   572   625 I SystemConfig: Reading permissions from /apex/com.android.extservices/etc/permissions/privapp_allowlist_com.google.android.ext.services.xml
03-11 10:08:01.195   572   572 D SystemServerTiming: DeviceIdentifiersPolicyService
03-11 10:08:01.195   572   572 I SystemServiceManager: Starting com.android.server.os.DeviceIdentifiersPolicyService
03-11 10:08:01.195   572   625 I SystemConfig: Reading permissions from /apex/com.android.adservices/etc/permissions/privapp_allowlist_com.google.android.adservices.api.xml
03-11 10:08:01.195   572   572 D SystemServerTiming: StartFeatureFlagsService
03-11 10:08:01.195   572   572 I SystemServiceManager: Starting com.android.server.flags.FeatureFlagsService
03-11 10:08:01.195   572   572 D FeatureFlagsService: Started Feature Flag Service
03-11 10:08:01.196   572   625 I SystemConfig: Reading permissions from /apex/com.android.ipsec/etc/permissions/android.net.ipsec.ike.xml
03-11 10:08:01.196   572   572 D SystemServerTiming: UriGrantsManagerService
03-11 10:08:01.196   572   572 I SystemServiceManager: Starting com.android.server.uri.UriGrantsManagerService$Lifecycle
03-11 10:08:01.196   572   625 I SystemConfig: Ignore shared library android.net.ipsec.ike: /apex/com.google.android.ipsec/javalib/android.net.ipsec.ike.jar does not exist
03-11 10:08:01.196   572   572 D SystemServerTiming: StartPowerStatsService
03-11 10:08:01.196   572   625 I SystemConfig: Reading permissions from /apex/com.android.healthfitness/etc/permissions/privapp_allowlist_com.google.android.healthconnect.controller.xml
03-11 10:08:01.196   572   572 I SystemServiceManager: Starting com.android.server.powerstats.PowerStatsService
03-11 10:08:01.196   572   625 D SystemConfig: /vendor/etc/public.libraries.txt does not exist
03-11 10:08:01.197   572   572 D SystemServerTiming: StartIStatsService
03-11 10:08:01.197   572   572 D SystemServerTiming: MemtrackProxyService
03-11 10:08:01.197   572   572 D SystemServerTiming: StartAccessCheckingService
03-11 10:08:01.198   572   572 I SystemServiceManager: Starting com.android.server.permission.access.AccessCheckingService
03-11 10:08:01.198   572   572 D SystemServerTiming: StartActivityManager
03-11 10:08:01.198   572   572 I SystemServiceManager: Starting com.android.server.wm.ActivityTaskManagerService$Lifecycle
03-11 10:08:01.200   572   572 I SystemServiceManager: Starting com.android.server.am.ActivityManagerService$Lifecycle
03-11 10:08:01.202   572   572 I ActivityManager: Memory class: 192
03-11 10:08:01.202   572   628 I Binder  : Setting heavy hitter watcher config: false, 0, 0.0
03-11 10:08:01.206   572   572 I PackageWatchdog: Updated health check state for package com.google.android.ext.services: INACTIVE -> PASSED
03-11 10:08:01.206   572   572 I PackageWatchdog: Updated health check state for package com.google.android.federatedcompute: INACTIVE -> PASSED
03-11 10:08:01.206   572   572 I PackageWatchdog: Updated health check state for package com.google.android.providers.media.module: INACTIVE -> PASSED
03-11 10:08:01.206   572   572 I PackageWatchdog: Updated health check state for package com.google.android.adservices.api: INACTIVE -> PASSED
03-11 10:08:01.206   572   572 I PackageWatchdog: Updated health check state for package android: INACTIVE -> PASSED
03-11 10:08:01.206   572   572 I PackageWatchdog: Updated health check state for package com.google.android.as: INACTIVE -> PASSED
03-11 10:08:01.206   572   572 I PackageWatchdog: Updated health check state for package com.google.android.permissioncontroller: INACTIVE -> PASSED
03-11 10:08:01.206   572   572 I PackageWatchdog: Updated health check state for package com.google.android.bluetooth: INACTIVE -> PASSED
03-11 10:08:01.206   572   572 I PackageWatchdog: Updated health check state for package com.google.android.as.oss: INACTIVE -> PASSED
03-11 10:08:01.206   572   572 I PackageWatchdog: Updated health check state for package com.google.android.networkstack: INACTIVE -> PASSED
03-11 10:08:01.206   572   572 I PackageWatchdog: Updated health check state for package com.google.android.gms: INACTIVE -> PASSED
03-11 10:08:01.206   572   572 I PackageWatchdog: Updated health check state for package com.google.android.apps.nexuslauncher: INACTIVE -> PASSED
03-11 10:08:01.206   572   572 I PackageWatchdog: Updated health check state for package com.google.android.healthconnect.controller: INACTIVE -> PASSED
03-11 10:08:01.206   572   572 I PackageWatchdog: Updated health check state for package com.android.settings: INACTIVE -> PASSED
03-11 10:08:01.206   572   572 I PackageWatchdog: Updated health check state for package com.google.android.apps.wallpaper: INACTIVE -> PASSED
03-11 10:08:01.206   572   572 I PackageWatchdog: Updated health check state for package com.android.phone: INACTIVE -> PASSED
03-11 10:08:01.206   572   572 I PackageWatchdog: Updated health check state for package com.android.systemui: INACTIVE -> PASSED
03-11 10:08:01.206   572   572 I PackageWatchdog: Updated health check state for package com.google.android.ondevicepersonalization.services: INACTIVE -> PASSED
03-11 10:08:01.207   572   572 W PowerProfile: ambient.on is deprecated! Use ambient.on.display0 instead.
03-11 10:08:01.207   572   572 W PowerProfile: screen.on is deprecated! Use screen.on.display0 instead.
03-11 10:08:01.207   572   572 W PowerProfile: screen.full is deprecated! Use screen.full.display0 instead.
03-11 10:08:01.207   572   572 W ModemPowerProfile: getAverageBatteryDrainMaH called with unexpected key: 0x0, drain:SLEEP,RAT:DEFAULT
03-11 10:08:01.207   572   572 W ModemPowerProfile: getAverageBatteryDrainMaH called with unexpected key: 0x10000000, drain:IDLE,RAT:DEFAULT
03-11 10:08:01.207   572   572 W ModemPowerProfile: getAverageBatteryDrainMaH called with unexpected key: 0x20000000, drain:RX,RAT:DEFAULT
03-11 10:08:01.207   572   572 W ModemPowerProfile: getAverageBatteryDrainMaH called with unexpected key: 0x30000000, drain:TX,level:0,RAT:DEFAULT
03-11 10:08:01.207   572   572 W ModemPowerProfile: getAverageBatteryDrainMaH called with unexpected key: 0x31000000, drain:TX,level:1,RAT:DEFAULT
03-11 10:08:01.207   572   572 W ModemPowerProfile: getAverageBatteryDrainMaH called with unexpected key: 0x32000000, drain:TX,level:2,RAT:DEFAULT
03-11 10:08:01.207   572   572 W ModemPowerProfile: getAverageBatteryDrainMaH called with unexpected key: 0x33000000, drain:TX,level:3,RAT:DEFAULT
03-11 10:08:01.207   572   572 W ModemPowerProfile: getAverageBatteryDrainMaH called with unexpected key: 0x34000000, drain:TX,level:4,RAT:DEFAULT
03-11 10:08:01.210   572   572 D BatteryStatsImpl: Reading daily items from /data/system/batterystats-daily.xml
03-11 10:08:01.218   572   638 W KernelCpuProcStringReader: File not found. It's normal if not implemented: /proc/uid_concurrent_policy_time
03-11 10:08:01.219   572   638 W KernelMemoryBandwidthStats: No kernel memory bandwidth stats available
03-11 10:08:01.232   572   572 I IntentFirewall: Read new rules (A:0 B:0 S:0)
03-11 10:08:01.233   572   572 D OomAdjuster: Not killing cached processes
03-11 10:08:01.234   572   572 D AppOps  : AppOpsService published
03-11 10:08:01.234   572   596 W android.permission.PermissionManager: Missing ActivityManager; assuming 1047 does not hold android.permission.MANAGE_APP_OPS_MODES
03-11 10:08:01.235   572   572 D SystemServerTiming: StartDataLoaderManagerService
03-11 10:08:01.235   572   572 I SystemServiceManager: Starting com.android.server.pm.DataLoaderManagerService
03-11 10:08:01.235   572   572 D SystemServerTiming: StartIncrementalService
03-11 10:08:01.237   572   572 D SystemServerTiming: StartPowerManager
03-11 10:08:01.237   572   572 I SystemServiceManager: Starting com.android.server.power.PowerManagerService
03-11 10:08:01.240   572   572 D SystemServerTiming: StartThermalManager
03-11 10:08:01.240   572   572 I SystemServiceManager: Starting com.android.server.power.ThermalManagerService
03-11 10:08:01.240   572   572 D SystemServerTiming: InitPowerManagement
03-11 10:08:01.240   572   572 D SystemServerTiming: StartRecoverySystemService
03-11 10:08:01.240   572   572 I SystemServiceManager: Starting com.android.server.recoverysystem.RecoverySystemService$Lifecycle
03-11 10:08:01.241   572   572 D SystemServerTiming: StartLightsService
03-11 10:08:01.241   572   572 I SystemServiceManager: Starting com.android.server.lights.LightsService
03-11 10:08:01.241   572   572 D SystemServerTiming: StartDisplayOffloadService
03-11 10:08:01.241   572   572 D SystemServerTiming: StartDisplayManager
03-11 10:08:01.241   572   572 I SystemServiceManager: Starting com.android.server.display.DisplayManagerService
03-11 10:08:01.244   572   572 D SystemServerTiming: WaitForDisplay
03-11 10:08:01.244   572   572 I SystemServiceManager: Starting phase 100
03-11 10:08:01.244   572   572 D SystemServerTiming: OnBootPhase_100
03-11 10:08:01.244   572   572 D SystemServerTiming: OnBootPhase_100_com.android.server.security.FileIntegrityService
03-11 10:08:01.244   572   572 D SystemServerTiming: OnBootPhase_100_com.android.server.pm.Installer
03-11 10:08:01.244   572   572 D SystemServerTiming: OnBootPhase_100_com.android.server.os.DeviceIdentifiersPolicyService
03-11 10:08:01.244   572   572 D SystemServerTiming: OnBootPhase_100_com.android.server.flags.FeatureFlagsService
03-11 10:08:01.244   572   572 D SystemServerTiming: OnBootPhase_100_com.android.server.uri.UriGrantsManagerService$Lifecycle
03-11 10:08:01.244   572   572 D SystemServerTiming: OnBootPhase_100_com.android.server.powerstats.PowerStatsService
03-11 10:08:01.244   572   572 D SystemServerTiming: OnBootPhase_100_com.android.server.permission.access.AccessCheckingService
03-11 10:08:01.244   572   572 D SystemServerTiming: OnBootPhase_100_com.android.server.wm.ActivityTaskManagerService$Lifecycle
03-11 10:08:01.244   572   572 D SystemServerTiming: OnBootPhase_100_com.android.server.am.ActivityManagerService$Lifecycle
03-11 10:08:01.244   572   572 D SystemServerTiming: OnBootPhase_100_com.android.server.pm.DataLoaderManagerService
03-11 10:08:01.244   572   572 D SystemServerTiming: OnBootPhase_100_com.android.server.power.PowerManagerService
03-11 10:08:01.244   572   572 D SystemServerTiming: OnBootPhase_100_com.android.server.power.ThermalManagerService
03-11 10:08:01.244   572   572 D SystemServerTiming: OnBootPhase_100_com.android.server.recoverysystem.RecoverySystemService$Lifecycle
03-11 10:08:01.244   572   572 D SystemServerTiming: OnBootPhase_100_com.android.server.lights.LightsService
03-11 10:08:01.244   572   572 D SystemServerTiming: OnBootPhase_100_com.android.server.display.DisplayManagerService
03-11 10:08:01.244   572   621 W LocalDisplayAdapter: DisplayModeSpecs base mode no longer available, using currently active mode.
03-11 10:08:01.247   572   621 I DisplayDeviceRepository: Display device added: DisplayDeviceInfo{"Built-in Screen": uniqueId="local:4619827259835644672", 1080 x 2400, modeId 1, renderFrameRate 60.000004, defaultModeId 1, userPreferredModeId -1, supportedModes [{id=1, width=1080, height=2400, fps=60.000004, vsync=60.000004, synthetic=false, alternativeRefreshRates=[], supportedHdrTypes=[]}], colorMode 0, supportedColorModes [0], hdrCapabilities HdrCapabilities{mSupportedHdrTypes=[], mMaxLuminance=500.0, mMaxAverageLuminance=500.0, mMinLuminance=0.0}, allmSupported false, gameContentTypeSupported false, density 420, 420.0 x 420.0 dpi, appVsyncOff 1000000, presDeadline 16666666, touch INTERNAL, rotation 0, type INTERNAL, address {port=0, model=0x401cec6a7a2b7b}, deviceProductInfo DeviceProductInfo{name=EMU_display_0, manufacturerPnpId=GGL, productId=1, modelYear=null, manufactureDate=ManufactureDate{week=27, year=2006}, connectionToSinkType=0}, state UNKNOWN, committedState UNKNOWN, frameRateOverride , brightnessMinimum 0.0, brightnessMaximum 1.0, brightnessDefault 0.39763778, hdrSdrRatio NaN, FLAG_ALLOWED_TO_BE_DEFAULT_DISPLAY, FLAG_ROTATES_WITH_CONTENT, FLAG_SECURE, FLAG_SUPPORTS_PROTECTED_BUFFERS, FLAG_TRUSTED, installOrientation 0, displayShape DisplayShape{ spec=-1893857183 displayWidth=1080 displayHeight=2400 physicalPixelDisplaySizeRatio=1.0 rotation=0 offsetX=0 offsetY=0 scale=1.0}}
03-11 10:08:01.247   572   621 I LogicalDisplayMapper: Applying layout: [{dispId: 0(ON), displayGroupName: , addr: {port=0, model=0x401cec6a7a2b7b}, mThermalBrightnessThrottlingMapId: null, mRefreshRateZoneId: null, mLeadDisplayId: -1, mLeadDisplayAddress: null, mThermalRefreshRateThrottlingMapId: null, mPowerThrottlingMapId: null}], Previous layout: null
03-11 10:08:01.248   572   621 I LogicalDisplayMapper: Setting new display group 0 for display 0, from previous group: null
03-11 10:08:01.250   572   572 D SystemServerTiming: StartDomainVerificationService
03-11 10:08:01.250   572   572 D SystemServerTiming: StartPackageManagerService
03-11 10:08:01.250   572   572 I Watchdog: Pausing HandlerChecker: main thread for reason: packagemanagermain. Pause count: 1
03-11 10:08:01.251   572   572 D PackageManagerTiming: create package manager
03-11 10:08:01.252   572   572 D PackageManagerTiming: createSubComponents
03-11 10:08:01.254   572   572 I UserManagerService: Upgrading users from userVersion 11 to 11
03-11 10:08:01.256   572   572 D PackageManagerTiming: addSharedUsers
03-11 10:08:01.257   572   572 D PackageManagerTiming: get system config
03-11 10:08:01.258   572   572 D SELinuxMMAC: Using policy file /system/etc/selinux/plat_mac_permissions.xml
03-11 10:08:01.259   572   572 D SELinuxMMAC: Using policy file /system_ext/etc/selinux/system_ext_mac_permissions.xml
03-11 10:08:01.259   572   572 D SELinuxMMAC: Using policy file /vendor/etc/selinux/vendor_mac_permissions.xml
03-11 10:08:01.259   572   572 D PackageManagerTiming: loadFallbacks
03-11 10:08:01.259   572   572 D PackageManagerTiming: read user settings
03-11 10:08:01.278   572   572 W android.permission.PermissionManager: Missing ActivityManager; assuming 1000 holds android.permission.SET_PREFERRED_APPLICATIONS
03-11 10:08:01.278   572   572 W PackageManager: No package known for package restrictions com.google.android.devicelock
03-11 10:08:01.280   572   572 W PackageManager: No package known for package restrictions com.google.android.tzdata6
03-11 10:08:01.280   572   572 W PackageManager: No package known for package restrictions com.google.android.ondevicepersonalization
03-11 10:08:01.280   572   572 W PackageManager: No package known for package restrictions com.android.hardware.authsecret
03-11 10:08:01.281   572   572 W PackageManager: No package known for package restrictions com.google.android.media.swcodec
03-11 10:08:01.282   572   572 W PackageManager: No package known for package restrictions com.google.android.os.statsd
03-11 10:08:01.282   572   572 W PackageManager: No package known for package restrictions com.google.android.widevine.nonupdatable
03-11 10:08:01.283   572   572 W PackageManager: No package known for package restrictions com.google.mainline.primary.libs
03-11 10:08:01.285   572   572 W PackageManager: No package known for package restrictions com.google.android.extservices
03-11 10:08:01.285   572   572 W PackageManager: No package known for package restrictions com.android.hardware.rebootescrow
03-11 10:08:01.286   572   572 W PackageManager: No package known for package restrictions com.google.android.healthfitness
03-11 10:08:01.288   572   572 W PackageManager: No package known for package restrictions com.google.android.ipsec
03-11 10:08:01.288   572   572 W PackageManager: No package known for package restrictions com.google.android.media
03-11 10:08:01.290   572   572 W PackageManager: No package known for package restrictions com.android.i18n
03-11 10:08:01.290   572   572 W PackageManager: No package known for package restrictions com.android.virt
03-11 10:08:01.292   572   572 W PackageManager: No package known for package restrictions com.google.android.appsearch
03-11 10:08:01.292   572   572 W PackageManager: No package known for package restrictions com.google.android.configinfrastructure
03-11 10:08:01.293   572   572 W PackageManager: No package known for package restrictions com.google.android.cellbroadcast
03-11 10:08:01.293   572   572 W PackageManager: No package known for package restrictions com.android.apex.cts.shim
03-11 10:08:01.293   572   572 W PackageManager: No package known for package restrictions com.google.android.resolv
03-11 10:08:01.293   572   572 W PackageManager: No package known for package restrictions com.google.android.sdkext
03-11 10:08:01.293   572   572 W PackageManager: No package known for package restrictions com.google.android.art
03-11 10:08:01.294   572   572 W PackageManager: No package known for package restrictions com.google.android.uwb
03-11 10:08:01.295   572   572 W PackageManager: No package known for package restrictions com.google.android.runtime
03-11 10:08:01.296   572   572 W PackageManager: No package known for package restrictions com.android.hardware.cas
03-11 10:08:01.296   572   572 W PackageManager: No package known for package restrictions com.google.android.adservices
03-11 10:08:01.298   572   572 W PackageManager: No package known for package restrictions com.google.android.scheduling
03-11 10:08:01.299   572   572 W PackageManager: No package known for package restrictions com.google.android.mediaprovider
03-11 10:08:01.299   572   572 W PackageManager: No package known for package restrictions com.android.hardware.neuralnetworks
03-11 10:08:01.299   572   572 W PackageManager: No package known for package restrictions com.google.android.permission
03-11 10:08:01.300   572   572 W PackageManager: No package known for package restrictions com.google.android.profiling
03-11 10:08:01.302   572   572 W PackageManager: No package known for package restrictions com.google.android.neuralnetworks
03-11 10:08:01.303   572   572 W PackageManager: No package known for package restrictions com.google.android.tethering
03-11 10:08:01.303   572   572 W PackageManager: No package known for package restrictions com.google.android.btservices
03-11 10:08:01.303   572   572 W PackageManager: No package known for package restrictions com.google.android.adbd
03-11 10:08:01.303   572   572 W PackageManager: No package known for package restrictions com.google.android.rkpd
03-11 10:08:01.304   572   572 W PackageManager: No package known for package restrictions com.google.android.wifi
03-11 10:08:01.304   572   572 W PackageManager: No package known for package restrictions com.google.android.conscrypt
03-11 10:08:01.306   572   572 W PackageManager: No package known for package restrictions com.android.nfcservices
03-11 10:08:01.308   572   572 W PackageSettings: Missing permission state for package com.android.cts.priv.ctsshim on user 0
03-11 10:08:01.308   572   572 W PackageSettings: Missing permission state for package com.google.android.youtube on user 0
03-11 10:08:01.308   572   572 W PackageSettings: Missing permission state for package com.android.internal.display.cutout.emulation.corner on user 0
03-11 10:08:01.308   572   572 W PackageSettings: Missing permission state for package com.google.android.ext.services on user 0
03-11 10:08:01.308   572   572 W PackageSettings: Missing permission state for package com.android.internal.display.cutout.emulation.double on user 0
03-11 10:08:01.308   572   572 W PackageSettings: Missing permission state for package io.appium.settings on user 0
03-11 10:08:01.308   572   572 W PackageSettings: Missing permission state for package com.google.android.googlequicksearchbox on user 0
03-11 10:08:01.308   572   572 W PackageSettings: Missing permission state for package com.google.android.onetimeinitializer on user 0
03-11 10:08:01.308   572   572 W PackageSettings: Missing permission state for package com.google.android.ext.shared on user 0
03-11 10:08:01.308   572   572 W PackageSettings: Missing permission state for package com.android.virtualmachine.res on user 0
03-11 10:08:01.308   572   572 W PackageSettings: Missing permission state for package com.android.wallpapercropper on user 0
03-11 10:08:01.308   572   572 W PackageSettings: Missing permission state for package com.google.android.federatedcompute on user 0
03-11 10:08:01.308   572   572 W PackageSettings: Missing permission state for package com.android.managedprovisioning.auto_generated_rro_product__ on user 0
03-11 10:08:01.308   572   572 W PackageSettings: Missing permission state for package com.android.carrierconfig.auto_generated_rro_vendor__ on user 0
03-11 10:08:01.308   572   572 W PackageSettings: Missing permission state for package com.google.android.server.deviceconfig.resources on user 0
03-11 10:08:01.308   572   572 W PackageSettings: Missing permission state for package com.android.systemui.emulation.pixel_3_xl on user 0
03-11 10:08:01.308   572   572 W PackageSettings: Missing permission state for package com.android.systemui.emulation.pixel_4_xl on user 0
03-11 10:08:01.308   572   572 W PackageSettings: Missing permission state for package com.android.systemui.emulation.pixel_fold on user 0
03-11 10:08:01.308   572   572 W PackageSettings: Missing permission state for package com.android.providers.telephony.auto_generated_characteristics_rro on user 0
03-11 10:08:01.308   572   572 W PackageSettings: Missing permission state for package com.android.simappdialog.auto_generated_rro_product__ on user 0
03-11 10:08:01.308   572   572 W PackageSettings: Missing permission state for package com.android.externalstorage on user 0
03-11 10:08:01.308   572   572 W PackageSettings: Missing permission state for package com.android.htmlviewer on user 0
03-11 10:08:01.309   572   572 W PackageSettings: Missing permission state for package com.android.companiondevicemanager on user 0
03-11 10:08:01.309   572   572 W PackageSettings: Missing permission state for package com.google.android.overlay.largescreenconfig on user 0
03-11 10:08:01.309   572   572 W PackageSettings: Missing permission state for package com.google.android.health.connect.backuprestore on user 0
03-11 10:08:01.309   572   572 W PackageSettings: Missing permission state for package com.android.systemui.auto_generated_rro_product__ on user 0
03-11 10:08:01.309   572   572 W PackageSettings: Missing permission state for package com.google.android.apps.messaging on user 0
03-11 10:08:01.309   572   572 W PackageSettings: Missing permission state for package com.google.android.soundpicker on user 0
03-11 10:08:01.309   572   572 W PackageSettings: Missing permission state for package com.google.android.marvin.talkbackoverlay on user 0
03-11 10:08:01.309   572   572 W PackageSettings: Missing permission state for package com.google.android.configupdater on user 0
03-11 10:08:01.309   572   572 W PackageSettings: Missing permission state for package com.android.internal.emulation.pixel_3a_xl on user 0
03-11 10:08:01.309   572   572 W PackageSettings: Missing permission state for package com.android.internal.emulation.pixel_6_pro on user 0
03-11 10:08:01.309   572   572 W PackageSettings: Missing permission state for package com.android.internal.emulation.pixel_7_pro on user 0
03-11 10:08:01.309   572   572 W PackageSettings: Missing permission state for package com.android.internal.emulation.pixel_8_pro on user 0
03-11 10:08:01.309   572   572 W PackageSettings: Missing permission state for package com.android.internal.emulation.pixel_9_pro on user 0
03-11 10:08:01.309   572   572 W PackageSettings: Missing permission state for package com.google.android.providers.media.module on user 0
03-11 10:08:01.309   572   572 W PackageSettings: Missing permission state for package io.appium.uiautomator2.server on user 0
03-11 10:08:01.309   572   572 W PackageSettings: Missing permission state for package com.android.internal.emulation.pixel_3a on user 0
03-11 10:08:01.309   572   572 W PackageSettings: Missing permission state for package com.android.internal.emulation.pixel_4a on user 0
03-11 10:08:01.309   572   572 W PackageSettings: Missing permission state for package com.android.internal.emulation.pixel_6a on user 0
03-11 10:08:01.309   572   572 W PackageSettings: Missing permission state for package com.android.internal.emulation.pixel_7a on user 0
03-11 10:08:01.309   572   572 W PackageSettings: Missing permission state for package com.android.internal.emulation.pixel_8a on user 0
03-11 10:08:01.309   572   572 W PackageSettings: Missing permission state for package com.google.android.overlay.googlewebview on user 0
03-11 10:08:01.309   572   572 W PackageSettings: Missing permission state for package com.google.android.apps.safetyhub on user 0
03-11 10:08:01.309   572   572 W PackageSettings: Missing permission state for package com.android.systemui.plugin.globalactions.wallet on user 0
03-11 10:08:01.309   572   572 W PackageSettings: Missing permission state for package com.google.android.hotspot2.osulogin on user 0
03-11 10:08:01.309   572   572 W PackageSettings: Missing permission state for package com.android.vending on user 0
03-11 10:08:01.309   572   572 W PackageSettings: Missing permission state for package com.android.pacprocessor on user 0
03-11 10:08:01.309   572   572 W PackageSettings: Missing permission state for package com.android.simappdialog on user 0
03-11 10:08:01.309   572   572 W PackageSettings: Missing permission state for package com.google.android.adservices.api on user 0
03-11 10:08:01.309   572   572 W PackageSettings: Missing permission state for package com.android.internal.display.cutout.emulation.hole on user 0
03-11 10:08:01.309   572   572 W PackageSettings: Missing permission state for package com.android.internal.display.cutout.emulation.tall on user 0
03-11 10:08:01.309   572   572 W PackageSettings: Missing permission state for package eu.europa.ec.euidi.dev on user 0
03-11 10:08:01.309   572   572 W PackageSettings: Missing permission state for package com.android.certinstaller on user 0
03-11 10:08:01.309   572   572 W PackageSettings: Missing permission state for package com.android.carrierconfig on user 0
03-11 10:08:01.309   572   572 W PackageSettings: Missing permission state for package com.google.android.marvin.talkback on user 0
03-11 10:08:01.309   572   572 W PackageSettings: Missing permission state for package com.android.internal.systemui.navbar.threebutton on user 0
03-11 10:08:01.309   572   572 W PackageSettings: Missing permission state for package com.android.camera2 on user 0
03-11 10:08:01.309   572   572 W PackageSettings: Missing permission state for package com.android.internal.ranchu.commonoverlay on user 0
03-11 10:08:01.309   572   572 W PackageSettings: Missing permission state for package com.google.android.sdksandbox on user 0
03-11 10:08:01.309   572   572 W PackageSettings: Missing permission state for package com.android.egg on user 0
03-11 10:08:01.309   572   572 W PackageSettings: Missing permission state for package com.android.backupconfirm on user 0
03-11 10:08:01.309   572   572 W PackageSettings: Missing permission state for package com.android.systemui.auto_generated_rro_vendor__ on user 0
03-11 10:08:01.309   572   572 W PackageSettings: Missing permission state for package com.google.android.deskclock on user 0
03-11 10:08:01.309   572   572 W PackageSettings: Missing permission state for package com.android.internal.systemui.navbar.twobutton on user 0
03-11 10:08:01.309   572   572 W PackageSettings: Missing permission state for package com.google.android.as on user 0
03-11 10:08:01.309   572   572 W PackageSettings: Missing permission state for package com.google.android.gm on user 0
03-11 10:08:01.309   572   572 W PackageSettings: Missing permission state for package com.android.systemui.accessibility.accessibilitymenu on user 0
03-11 10:08:01.309   572   572 W PackageSettings: Missing permission state for package com.google.android.permissioncontroller on user 0
03-11 10:08:01.309   572   572 W PackageSettings: Missing permission state for package com.android.systemui.emulation.pixel_3 on user 0
03-11 10:08:01.309   572   572 W PackageSettings: Missing permission state for package com.android.systemui.emulation.pixel_4 on user 0
03-11 10:08:01.309   572   572 W PackageSettings: Missing permission state for package com.android.systemui.emulation.pixel_5 on user 0
03-11 10:08:01.309   572   572 W PackageSettings: Missing permission state for package com.android.systemui.emulation.pixel_6 on user 0
03-11 10:08:01.309   572   572 W PackageSettings: Missing permission state for package com.android.systemui.emulation.pixel_7 on user 0
03-11 10:08:01.309   572   572 W PackageSettings: Missing permission state for package com.android.systemui.emulation.pixel_8 on user 0
03-11 10:08:01.309   572   572 W PackageSettings: Missing permission state for package com.android.systemui.emulation.pixel_9 on user 0
03-11 10:08:01.309   572   572 W PackageSettings: Missing permission state for package com.android.emulator.radio.config on user 0
03-11 10:08:01.309   572   572 W PackageSettings: Missing permission state for package com.android.sharedstoragebackup on user 0
03-11 10:08:01.309   572   572 W PackageSettings: Missing permission state for package com.android.printspooler on user 0
03-11 10:08:01.309   572   572 W PackageSettings: Missing permission state for package com.google.android.connectivity.resources.goldfish.overlay on user 0
03-11 10:08:01.309   572   572 W PackageSettings: Missing permission state for package com.android.dreams.basic on user 0
03-11 10:08:01.309   572   572 W PackageSettings: Missing permission state for package com.google.android.networkstack.tethering.emulator on user 0
03-11 10:08:01.309   572   572 W PackageSettings: Missing permission state for package com.android.providers.settings.auto_generated_rro_product__ on user 0
03-11 10:08:01.309   572   572 W PackageSettings: Missing permission state for package com.google.android.as.oss on user 0
03-11 10:08:01.309   572   572 W PackageSettings: Missing permission state for package com.android.traceur.auto_generated_rro_product__ on user 0
03-11 10:08:01.309   572   572 W PackageSettings: Missing permission state for package com.google.android.apps.wellbeing on user 0
03-11 10:08:01.309   572   572 W PackageSettings: Missing permission state for package com.android.internal.emulation.pixel_9_pro_fold on user 0
03-11 10:08:01.309   572   572 W PackageSettings: Missing permission state for package com.google.android.devicelockcontroller on user 0
03-11 10:08:01.309   572   572 W PackageSettings: Missing permission state for package com.google.android.dialer on user 0
03-11 10:08:01.309   572   572 W PackageSettings: Missing permission state for package com.android.bips on user 0
03-11 10:08:01.309   572   572 W PackageSettings: Missing permission state for package com.android.internal.emulation.pixel_3 on user 0
03-11 10:08:01.309   572   572 W PackageSettings: Missing permission state for package com.android.internal.emulation.pixel_4 on user 0
03-11 10:08:01.309   572   572 W PackageSettings: Missing permission state for package com.android.internal.emulation.pixel_5 on user 0
03-11 10:08:01.309   572   572 W PackageSettings: Missing permission state for package com.android.internal.emulation.pixel_6 on user 0
03-11 10:08:01.309   572   572 W PackageSettings: Missing permission state for package com.android.internal.emulation.pixel_7 on user 0
03-11 10:08:01.309   572   572 W PackageSettings: Missing permission state for package com.android.internal.emulation.pixel_8 on user 0
03-11 10:08:01.309   572   572 W PackageSettings: Missing permission state for package com.android.internal.emulation.pixel_9 on user 0
03-11 10:08:01.309   572   572 W PackageSettings: Missing permission state for package com.google.android.captiveportallogin on user 0
03-11 10:08:01.309   572   572 W PackageSettings: Missing permission state for package android.auto_generated_characteristics_rro on user 0
03-11 10:08:01.309   572   572 W PackageSettings: Missing permission state for package com.google.android.appsearch.apk on user 0
03-11 10:08:01.309   572   572 W PackageSettings: Missing permission state for package com.android.musicfx on user 0
03-11 10:08:01.309   572   572 W PackageSettings: Missing permission state for package com.google.android.apps.docs on user 0
03-11 10:08:01.309   572   572 W PackageSettings: Missing permission state for package com.google.android.modulemetadata on user 0
03-11 10:08:01.309   572   572 W PackageSettings: Missing permission state for package com.android.internal.display.cutout.emulation.emu01 on user 0
03-11 10:08:01.309   572   572 W PackageSettings: Missing permission state for package com.google.android.avatarpicker on user 0
03-11 10:08:01.309   572   572 W PackageSettings: Missing permission state for package com.google.android.markup on user 0
03-11 10:08:01.309   572   572 W PackageSettings: Missing permission state for package com.android.cellbroadcastreceiver on user 0
03-11 10:08:01.309   572   572 W PackageSettings: Missing permission state for package com.google.android.webview on user 0
03-11 10:08:01.309   572   572 W PackageSettings: Missing permission state for package com.google.android.rkpdapp on user 0
03-11 10:08:01.309   572   572 W PackageSettings: Missing permission state for package com.google.android.contacts on user 0
03-11 10:08:01.309   572   572 W PackageSettings: Missing permission state for package com.android.server.telecom.auto_generated_rro_product__ on user 0
03-11 10:08:01.309   572   572 W PackageSettings: Missing permission state for package com.android.phone.auto_generated_characteristics_rro on user 0
03-11 10:08:01.309   572   572 W PackageSettings: Missing permission state for package com.google.android.overlay.googleconfig on user 0
03-11 10:08:01.309   572   572 W PackageSettings: Missing permission state for package com.android.chrome on user 0
03-11 10:08:01.309   572   572 W PackageSettings: Missing permission state for package com.android.bips.auto_generated_rro_product__ on user 0
03-11 10:08:01.309   572   572 W PackageSettings: Missing permission state for package com.google.android.packageinstaller on user 0
