--------- beginning of main
03-10 12:11:35.900   161   161 W linker  : Warning: failed to find generated linker configuration from "/linkerconfig/ld.config.txt"
03-10 12:11:35.900   160   160 W linker  : Warning: failed to find generated linker configuration from "/linkerconfig/ld.config.txt"
03-10 12:11:35.909   158   158 I lowmemorykiller: Using psi monitors for memory pressure detection
03-10 12:11:35.909   162   162 I qemu-props: successfully set property 'vendor.qemu.sf.fake_camera' to 'front'
03-10 12:11:35.909   162   162 I qemu-props: successfully set property 'qemu.hw.mainkeys' to '0'
03-10 12:11:35.909   162   162 I qemu-props: successfully set property 'qemu.sf.lcd_density' to '420'
03-10 12:11:35.909   162   162 I qemu-props: successfully set property 'vendor.net.wifi_mac_prefix' to '5554'
03-10 12:11:35.909   162   162 I qemu-props: successfully set property 'vendor.qemu.timezone' to 'Europe/Athens'
03-10 12:11:35.910   158   158 I lowmemorykiller: Process polling is supported
03-10 12:11:35.910   162   162 I qemu-props: successfully set property 'vendor.qemu.vport.bluetooth' to '/dev/vport8p2'
03-10 12:11:35.910   162   162 W qemu-props: could not open '/sys/class/virtio-ports/vport8p0/name'
03-10 12:11:35.910   162   162 I qemu-props: successfully set property 'vendor.qemu.vport.modem' to '/dev/vport9p1'
03-10 12:11:35.910   162   162 W qemu-props: could not open '/sys/class/virtio-ports/vport8p1/name'
03-10 12:11:35.910   158   158 I lowmemorykiller: Process reaper initialized with 2 threads in the pool
01-01 02:00:00.020   157   157 W auditd  : type=2000 audit(0.0:1): state=initialized audit_enabled=0 res=1
03-10 12:11:35.712   157   157 W auditd  : type=1403 audit(0.0:2): auid=4294967295 ses=4294967295 lsm=selinux res=1
03-10 12:11:35.712   157   157 W auditd  : type=1404 audit(0.0:3): enforcing=1 old_enforcing=0 auid=4294967295 ses=4294967295 enabled=1 old-enabled=1 lsm=selinux res=1
03-10 12:11:35.724     1     1 W /system/bin/init: type=1107 audit(0.0:4): uid=0 auid=4294967295 ses=4294967295 subj=u:r:init:s0 msg='avc:  denied  { set } for property=persist.sys.usb.config pid=1 uid=0 gid=0 scontext=u:r:vendor_init:s0 tcontext=u:object_r:system_prop:s0 tclass=property_service permissive=0'
03-10 12:11:35.912   161   161 I hwservicemanager: getFrameworkHalManifest: Reading VINTF information.
03-10 12:11:35.920   161   161 I hwservicemanager: Loaded APEX Infos from /bootstrap-apex/apex-info-list.xml
03-10 12:11:35.920   161   161 I hwservicemanager: getDeviceHalManifest: Reading VINTF information.
03-10 12:11:35.922   161   161 I hwservicemanager: Loaded APEX Infos from /bootstrap-apex/apex-info-list.xml
03-10 12:11:35.922   161   161 I hwservicemanager: getDeviceHalManifest: Successfully processed VINTF information
03-10 12:11:35.922   161   161 I hwservicemanager: getFrameworkHalManifest: Successfully processed VINTF information
03-10 12:11:35.923   161   161 I hwservicemanager: hwservicemanager is ready now.
--------- beginning of system
03-10 12:11:35.944   172   172 I vold    : Vold 3.0 (the awakening) firing up
03-10 12:11:35.944   172   172 D vold    : Detected support for: ext4 f2fs vfat
03-10 12:11:35.946   172   172 I vold    : [libfstab] Using Android DT directory /proc/device-tree/firmware/android/
03-10 12:11:35.947   172   172 D vold    : VoldNativeService::start() completed OK
03-10 12:11:35.972   161   161 I hwservicemanager: getTransport: Cannot find entry android.system.suspend@1.0::ISystemSuspend/default in either framework or device VINTF manifest.
03-10 12:11:35.972   183   183 I HidlServiceManagement: Registered android.hardware.atrace@1.0::IAtraceDevice/default
03-10 12:11:35.972   183   183 I HidlServiceManagement: Removing namespace from process name android.hardware.atrace@1.0-service to atrace@1.0-service.
03-10 12:11:35.977   172   172 D vold    : fscrypt_mount_metadata_encrypted: /data encrypt: 0 format: 0 with null block device: /dev/block/vdc with zoned 0
03-10 12:11:35.977   172   172 D vold    : metadata_key_dir/key: /metadata/vold/metadata_encryption/key
03-10 12:11:35.978   172   172 D vold    : Key exists, using: /metadata/vold/metadata_encryption/key
03-10 12:11:35.980   184   184 I android.hardware.security.keymint-service: adding keymint service instance: android.hardware.security.keymint.IKeyMintDevice/default
03-10 12:11:35.981   184   184 I android.hardware.security.keymint-service: adding keymint service instance: android.hardware.security.secureclock.ISecureClock/default
03-10 12:11:35.981   184   184 I android.hardware.security.keymint-service: adding keymint service instance: android.hardware.security.sharedsecret.ISharedSecret/default
03-10 12:11:35.981   184   184 I android.hardware.security.keymint-service: adding keymint service instance: android.hardware.security.keymint.IRemotelyProvisionedComponent/default
03-10 12:11:36.001   182   182 I keystore2: system/security/keystore2/src/keystore2_main.rs:61 - Keystore2 is starting.
03-10 12:11:36.001   182   182 I keystore2: system/security/keystore2/src/keystore2_main.rs:67 - Setting up sqlite logging for keystore2
03-10 12:11:36.003   182   182 I keystore2: system/security/keystore2/src/keystore2_main.rs:99 - Starting thread pool now.
03-10 12:11:36.005   182   182 I keystore2: system/security/keystore2/src/globals.rs:263 - KeyMint device is current version (Some(300)) for security level: r#TRUSTED_ENVIRONMENT
03-10 12:11:36.005   182   190 I keystore2: system/security/keystore2/src/shared_secret_negotiation.rs:48 - Shared secret negotiation concluded successfully.
03-10 12:11:36.006   161   161 I hwservicemanager: getTransport: Cannot find entry android.hardware.keymaster@4.0::IKeymasterDevice/default in either framework or device VINTF manifest.
03-10 12:11:36.006   161   161 I hwservicemanager: getTransport: Cannot find entry android.hardware.keymaster@3.0::IKeymasterDevice/default in either framework or device VINTF manifest.
03-10 12:11:36.006   161   161 I hwservicemanager: getTransport: Cannot find entry android.hardware.keymaster@4.0::IKeymasterDevice/default in either framework or device VINTF manifest.
03-10 12:11:36.007   161   161 I hwservicemanager: getTransport: Cannot find entry android.hardware.keymaster@3.0::IKeymasterDevice/default in either framework or device VINTF manifest.
03-10 12:11:36.007   182   190 I keystore2: system/security/keystore2/src/shared_secret_negotiation.rs:290 - No StrongBox Keymint available, so no RoT transfer
03-10 12:11:36.007   182   182 I keystore2: system/security/keystore2/src/keystore2_main.rs:154 - Successfully registered Keystore 2.0 service.
03-10 12:11:36.007   182   182 I keystore2: system/security/keystore2/src/keystore2_main.rs:156 - Joining thread pool now.
03-10 12:11:36.007   182   195 I SELinux : SELinux: Loaded keystore2 context from:
03-10 12:11:36.007   182   195 I SELinux : 		/system/etc/selinux/plat_keystore2_key_contexts
03-10 12:11:36.007   182   195 I SELinux : 		/system_ext/etc/selinux/system_ext_keystore2_key_contexts
03-10 12:11:36.007   182   195 I SELinux : 		/vendor/etc/selinux/vendor_keystore2_key_contexts
03-10 12:11:36.012   172   172 D vold    : Mounting metadata-encrypted filesystem:/data
03-10 12:11:36.012   172   172 I vold    : AIDL IBootControl not available, falling back to HIDL.
03-10 12:11:36.012   161   161 I hwservicemanager: getTransport: Cannot find entry android.hardware.boot@1.0::IBootControl/default in either framework or device VINTF manifest.
03-10 12:11:36.012   172   172 E vold    : Error getting bootctrl v1.0 module.
03-10 12:11:36.012   172   172 I vold    : [libfs_mgr] superblock s_max_mnt_count:65535,/dev/block/mapper/userdata
03-10 12:11:36.013   172   172 I vold    : [libfs_mgr] Filesystem on /dev/block/mapper/userdata was not cleanly shutdown; state flags: 0x1, incompat feature flags: 0x30046
03-10 12:11:36.113   172   172 I vold    : [libfs_mgr] check_fs(): mount(/dev/block/mapper/userdata,/data,ext4)=0: Success
03-10 12:11:36.117   172   172 I vold    : [libfs_mgr] umount_retry(): unmount(/data) succeeded
03-10 12:11:36.117   172   172 I vold    : [libfs_mgr] Running /system/bin/e2fsck on /dev/block/dm-44
03-10 12:11:36.387   172   172 I vold    : [libfs_mgr] e2fsck returned status 0x100
03-10 12:11:36.387   172   172 I vold    : [libfs_mgr] superblock s_max_mnt_count:65535,/dev/block/mapper/userdata
03-10 12:11:36.387   172   172 W vold    : [libfs_mgr] Reserved blocks 32768 is too large; capping to 31457
03-10 12:11:36.389   172   172 I vold    : [libfs_mgr] __mount(source=/dev/block/mapper/userdata,target=/data,type=ext4)=0: Success
03-10 12:11:36.389   172   172 D vold    : Mounted /data
03-10 12:11:36.393   160   189 W libc    : Unable to set property "ctl.interface_start" to "aidl/android.system.keystore2.IKeystoreService/default": PROP_ERROR_HANDLE_CONTROL_MESSAGE (0x20)
03-10 12:11:36.396   172   172 I Checkpoint: cp_prepareCheckpoint called
03-10 12:11:36.400   172   172 I vold    : fscrypt_initialize_systemwide_keys
03-10 12:11:36.400   172   172 D vold    : Key exists, using: /data/unencrypted/key
03-10 12:11:36.404   172   172 D vold    : Installed fscrypt key with ref 2feec60e9f05b322671702c0de1788e2 to /data
03-10 12:11:36.407   172   172 I vold    : Wrote system DE key reference to:/data/unencrypted/ref
03-10 12:11:36.407   172   172 D vold    : Generating standard storage key
03-10 12:11:36.407   172   172 D vold    : Installed fscrypt key with ref 1902c2283096902d65c16ec311f3830a to /data
03-10 12:11:36.407   172   172 I vold    : Wrote per boot key reference to:/data/unencrypted/per_boot_ref
03-10 12:11:36.414   210   210 I tombstoned: tombstoned successfully initialized
03-10 12:11:36.415   172   172 I incfs   : Initial API level of the device: 35
03-10 12:11:36.415   172   172 I incfs   : ro.incremental.enable: yes
03-10 12:11:36.415   172   172 I incfs   : isFsAvailable: true
03-10 12:11:36.415   172   172 I incfs   : isFsAvailable: true
03-10 12:11:36.415   172   172 I incfs   : IncFs_Features: v2
03-10 12:11:36.416   182   195 I keystore2: system/security/keystore2/src/maintenance.rs:347 - earlyBootEnded()
03-10 12:11:36.416   182   195 I keystore2: system/security/keystore2/src/maintenance.rs:217 - In early_boot_ended.
03-10 12:11:36.421   182   195 I keystore2: system/security/keystore2/src/globals.rs:70 - Touching Keystore 2.0 database for this first time since boot.
03-10 12:11:36.421   182   195 I keystore2: system/security/keystore2/src/globals.rs:71 - Calling cleanup leftovers.
03-10 12:11:36.422   182   195 I keystore2: system/security/keystore2/src/boot_level_keys.rs:57 - ro.keystore.boot_level_key.strategy not set, inferring from installed KM instances
03-10 12:11:36.422   182   195 I keystore2: system/security/keystore2/src/boot_level_keys.rs:115 - In get_level_zero_key: security_level=r#SOFTWARE, deny_later_strategy=EarlyBootOnly
03-10 12:11:36.424   182   195 I keystore2: system/security/keystore2/src/super_key.rs:302 - Starting boot level watcher.
03-10 12:11:36.424   182   195 I keystore2: system/security/keystore2/src/maintenance.rs:198 - Call to earlyBootEnded succeeded for security level TRUSTED_ENVIRONMENT.
03-10 12:11:36.424   182   213 I keystore2: system/security/keystore2/src/super_key.rs:334 - Read keystore.boot_level value 30
03-10 12:11:36.424   182   213 I keystore2: system/security/keystore2/src/super_key.rs:334 - Read keystore.boot_level value 30
03-10 12:11:36.425   161   161 I hwservicemanager: getTransport: Cannot find entry android.hardware.keymaster@4.0::IKeymasterDevice/default in either framework or device VINTF manifest.
03-10 12:11:36.425   161   161 I hwservicemanager: getTransport: Cannot find entry android.hardware.keymaster@3.0::IKeymasterDevice/default in either framework or device VINTF manifest.
03-10 12:11:36.425   182   195 E keystore2: system/security/keystore2/src/maintenance.rs:203 - Call to earlyBootEnded failed for security level STRONGBOX: system/security/keystore2/src/maintenance.rs:178: getting keymint device.
03-10 12:11:36.425   182   195 E keystore2: system/security/keystore2/src/error.rs:171 - system/security/keystore2/src/maintenance.rs:178: getting keymint device
03-10 12:11:36.425   182   195 E keystore2: 
03-10 12:11:36.425   182   195 E keystore2: Caused by:
03-10 12:11:36.425   182   195 E keystore2:     0: system/security/keystore2/src/globals.rs:342: Cannot connect to Keymint
03-10 12:11:36.425   182   195 E keystore2:     1: system/security/keystore2/src/globals.rs:249: Trying to get Legacy wrapper. Attempt to get keystore compat service for security level r#STRONGBOX
03-10 12:11:36.425   182   195 E keystore2:     2: Error::Km(r#HARDWARE_TYPE_UNAVAILABLE)
03-10 12:11:36.425   172   172 E vold    : keystore2 Keystore earlyBootEnded returned service specific error: -68
03-10 12:11:36.579   339   339 I derive_sdk: Read version 13 from 7
03-10 12:11:36.579   339   339 I derive_sdk: Read version 13 from 6
03-10 12:11:36.579   339   339 I derive_sdk: Read version 13 from 5
03-10 12:11:36.579   339   339 I derive_sdk: Read version 13 from 16
03-10 12:11:36.580   339   339 I derive_sdk: Read version 13 from 13
03-10 12:11:36.580   339   339 I derive_sdk: Read version 13 from 3
03-10 12:11:36.581   339   339 I derive_sdk: Read version 13 from 2
03-10 12:11:36.581   339   339 I derive_sdk: Read version 13 from 1
03-10 12:11:36.581   339   339 I derive_sdk: Read version 13 from 4
03-10 12:11:36.581   339   339 I derive_sdk: Read version 13 from 8
03-10 12:11:36.582   339   339 I derive_sdk: Read version 13 from 14
03-10 12:11:36.582   339   339 I derive_sdk: Read version 13 from 9
03-10 12:11:36.582   339   339 I derive_sdk: Read version 13 from 10
03-10 12:11:36.583   339   339 I derive_sdk: Read version 13 from 12
03-10 12:11:36.583   339   339 I derive_sdk: Read version 13 from 15
03-10 12:11:36.583   339   339 I derive_sdk: Read version 13 from 11
03-10 12:11:36.583   339   339 I derive_sdk: extension r version is 13
03-10 12:11:36.584   339   339 I derive_sdk: extension s version is 13
03-10 12:11:36.584   339   339 I derive_sdk: extension t version is 13
03-10 12:11:36.584   339   339 I derive_sdk: extension u version is 13
03-10 12:11:36.584   339   339 I derive_sdk: extension v version is 13
03-10 12:11:36.584   339   339 I derive_sdk: extension ad_services version is 13
03-10 12:11:36.588   172   172 D vold    : fscrypt_init_user0
03-10 12:11:36.588   172   172 D vold    : Preparing: /data/misc/vold/user_keys
03-10 12:11:36.589   172   172 D vold    : Preparing: /data/misc/vold/user_keys/ce
03-10 12:11:36.589   172   172 D vold    : Preparing: /data/misc/vold/user_keys/de
03-10 12:11:36.592   172   172 D vold    : Installed fscrypt key with ref a8f65d87382636eff8eb7d2a7dcdeb02 to /data
03-10 12:11:36.592   172   172 D vold    : Installed de key for user 0
03-10 12:11:36.592   172   172 D vold    : Preparing: /data/data
03-10 12:11:36.593   172   172 D vold    : Preparing: /data/user/0
03-10 12:11:36.593   172   172 D vold    : Preparing: /data/media/obb
03-10 12:11:36.593   172   172 D vold    : fscrypt_prepare_user_storage for volume null, user 0, flags 1
03-10 12:11:36.593   172   172 D vold    : Preparing: /data/system/users/0
03-10 12:11:36.593   172   172 D vold    : Preparing: /data/misc/profiles/cur/0
03-10 12:11:36.594   172   172 D vold    : Preparing: /data/system_de/0
03-10 12:11:36.594   172   172 I vold    : Verified that /data/system_de/0 has the encryption policy a8f65d87382636eff8eb7d2a7dcdeb02 v2 modes 1/4 flags 0x2
03-10 12:11:36.594   172   172 D vold    : Preparing: /data/vendor_de/0
03-10 12:11:36.594   172   172 I vold    : Verified that /data/vendor_de/0 has the encryption policy a8f65d87382636eff8eb7d2a7dcdeb02 v2 modes 1/4 flags 0x2
03-10 12:11:36.594   172   172 D vold    : Preparing: /data/misc_de/0
03-10 12:11:36.594   172   172 I vold    : Verified that /data/misc_de/0 has the encryption policy a8f65d87382636eff8eb7d2a7dcdeb02 v2 modes 1/4 flags 0x2
03-10 12:11:36.595   172   172 D vold    : Preparing: /data/user_de/0
03-10 12:11:36.595   172   172 I vold    : Verified that /data/user_de/0 has the encryption policy a8f65d87382636eff8eb7d2a7dcdeb02 v2 modes 1/4 flags 0x2
03-10 12:11:36.595   172   172 D vold    : /system/bin/vold_prepare_subdirs
03-10 12:11:36.595   172   172 D vold    :     prepare
03-10 12:11:36.595   172   172 D vold    :     
03-10 12:11:36.595   172   172 D vold    :     0
03-10 12:11:36.595   172   172 D vold    :     1
03-10 12:11:36.598   341   341 D vold_prepare_subdirs: Setting up mode 771 uid 1000 gid 1000 context u:object_r:system_data_file:s0:c512,c768 on path: /data/user_de/0
03-10 12:11:36.598   341   341 D vold_prepare_subdirs: Setting up mode 771 uid 1000 gid 1000 context u:object_r:sdk_sandbox_system_data_file:s0:c512,c768 on path: /data/misc_de/0/sdksandbox
03-10 12:11:36.598   341   341 D vold_prepare_subdirs: Setting up mode 700 uid 0 gid 0 context u:object_r:vold_data_file:s0 on path: /data/misc_de/0/vold
03-10 12:11:36.599   341   341 D vold_prepare_subdirs: Setting up mode 700 uid 0 gid 0 context u:object_r:storaged_data_file:s0 on path: /data/misc_de/0/storaged
03-10 12:11:36.599   341   341 D vold_prepare_subdirs: Setting up mode 700 uid 0 gid 0 context u:object_r:rollback_data_file:s0 on path: /data/misc_de/0/rollback
03-10 12:11:36.599   341   341 D vold_prepare_subdirs: Setting up mode 700 uid 0 gid 0 context u:object_r:apex_rollback_data_file:s0 on path: /data/misc_de/0/apexrollback
03-10 12:11:36.599   341   341 D vold_prepare_subdirs: Setting up mode 711 uid 0 gid 0 context u:object_r:apex_module_data_file:s0 on path: /data/misc_de/0/apexdata
03-10 12:11:36.599   341   341 D vold_prepare_subdirs: Setting up mode 771 uid 0 gid 1000 context u:object_r:apex_module_data_file:s0 on path: /data/misc_de/0/apexdata/com.android.adbd
03-10 12:11:36.600   341   341 D vold_prepare_subdirs: Setting up mode 771 uid 0 gid 1000 context u:object_r:apex_module_data_file:s0 on path: /data/misc_de/0/apexdata/com.android.adservices
03-10 12:11:36.600   341   341 D vold_prepare_subdirs: Setting up mode 771 uid 0 gid 1000 context u:object_r:apex_module_data_file:s0 on path: /data/misc_de/0/apexdata/com.android.apex.cts.shim
03-10 12:11:36.600   341   341 D vold_prepare_subdirs: Setting up mode 771 uid 0 gid 1000 context u:object_r:apex_module_data_file:s0 on path: /data/misc_de/0/apexdata/com.android.appsearch
03-10 12:11:36.600   341   341 D vold_prepare_subdirs: Setting up mode 771 uid 0 gid 1000 context u:object_r:apex_module_data_file:s0 on path: /data/misc_de/0/apexdata/com.android.art
03-10 12:11:36.600   341   341 D vold_prepare_subdirs: Setting up mode 771 uid 0 gid 1000 context u:object_r:apex_module_data_file:s0 on path: /data/misc_de/0/apexdata/com.android.btservices
03-10 12:11:36.600   341   341 D vold_prepare_subdirs: Setting up mode 771 uid 0 gid 1000 context u:object_r:apex_module_data_file:s0 on path: /data/misc_de/0/apexdata/com.android.cellbroadcast
03-10 12:11:36.600   341   341 D vold_prepare_subdirs: Setting up mode 771 uid 0 gid 1000 context u:object_r:apex_module_data_file:s0 on path: /data/misc_de/0/apexdata/com.android.configinfrastructure
03-10 12:11:36.600   341   341 D vold_prepare_subdirs: Setting up mode 771 uid 0 gid 1000 context u:object_r:apex_module_data_file:s0 on path: /data/misc_de/0/apexdata/com.android.conscrypt
03-10 12:11:36.600   341   341 D vold_prepare_subdirs: Setting up mode 771 uid 0 gid 1000 context u:object_r:apex_module_data_file:s0 on path: /data/misc_de/0/apexdata/com.android.devicelock
03-10 12:11:36.600   341   341 D vold_prepare_subdirs: Setting up mode 771 uid 0 gid 1000 context u:object_r:apex_module_data_file:s0 on path: /data/misc_de/0/apexdata/com.android.extservices
03-10 12:11:36.600   341   341 D vold_prepare_subdirs: Setting up mode 771 uid 0 gid 1000 context u:object_r:apex_module_data_file:s0 on path: /data/misc_de/0/apexdata/com.android.hardware.authsecret
03-10 12:11:36.600   341   341 D vold_prepare_subdirs: Setting up mode 771 uid 0 gid 1000 context u:object_r:apex_module_data_file:s0 on path: /data/misc_de/0/apexdata/com.android.hardware.cas
03-10 12:11:36.600   341   341 D vold_prepare_subdirs: Setting up mode 771 uid 0 gid 1000 context u:object_r:apex_module_data_file:s0 on path: /data/misc_de/0/apexdata/com.android.hardware.neuralnetworks
03-10 12:11:36.600   341   341 D vold_prepare_subdirs: Setting up mode 771 uid 0 gid 1000 context u:object_r:apex_module_data_file:s0 on path: /data/misc_de/0/apexdata/com.android.hardware.rebootescrow
03-10 12:11:36.600   341   341 D vold_prepare_subdirs: Setting up mode 771 uid 0 gid 1000 context u:object_r:apex_module_data_file:s0 on path: /data/misc_de/0/apexdata/com.android.healthfitness
03-10 12:11:36.600   341   341 D vold_prepare_subdirs: Setting up mode 771 uid 0 gid 1000 context u:object_r:apex_module_data_file:s0 on path: /data/misc_de/0/apexdata/com.android.i18n
03-10 12:11:36.600   341   341 D vold_prepare_subdirs: Setting up mode 771 uid 0 gid 1000 context u:object_r:apex_module_data_file:s0 on path: /data/misc_de/0/apexdata/com.android.ipsec
03-10 12:11:36.600   341   341 D vold_prepare_subdirs: Setting up mode 771 uid 0 gid 1000 context u:object_r:apex_module_data_file:s0 on path: /data/misc_de/0/apexdata/com.android.media
03-10 12:11:36.600   341   341 D vold_prepare_subdirs: Setting up mode 771 uid 0 gid 1000 context u:object_r:apex_module_data_file:s0 on path: /data/misc_de/0/apexdata/com.android.media.swcodec
03-10 12:11:36.600   341   341 D vold_prepare_subdirs: Setting up mode 771 uid 0 gid 1000 context u:object_r:apex_module_data_file:s0 on path: /data/misc_de/0/apexdata/com.android.mediaprovider
03-10 12:11:36.600   341   341 D vold_prepare_subdirs: Setting up mode 771 uid 0 gid 1000 context u:object_r:apex_module_data_file:s0 on path: /data/misc_de/0/apexdata/com.android.neuralnetworks
03-10 12:11:36.600   341   341 D vold_prepare_subdirs: Setting up mode 771 uid 0 gid 1000 context u:object_r:apex_module_data_file:s0 on path: /data/misc_de/0/apexdata/com.android.nfcservices
03-10 12:11:36.600   341   341 D vold_prepare_subdirs: Setting up mode 771 uid 0 gid 1000 context u:object_r:apex_module_data_file:s0 on path: /data/misc_de/0/apexdata/com.android.ondevicepersonalization
03-10 12:11:36.600   341   341 D vold_prepare_subdirs: Setting up mode 771 uid 0 gid 1000 context u:object_r:apex_module_data_file:s0 on path: /data/misc_de/0/apexdata/com.android.os.statsd
03-10 12:11:36.600   341   341 D vold_prepare_subdirs: Setting up mode 771 uid 0 gid 1000 context u:object_r:apex_system_server_data_file:s0 on path: /data/misc_de/0/apexdata/com.android.permission
03-10 12:11:36.601   341   341 D vold_prepare_subdirs: Setting up mode 771 uid 0 gid 1000 context u:object_r:apex_module_data_file:s0 on path: /data/misc_de/0/apexdata/com.android.profiling
03-10 12:11:36.601   341   341 D vold_prepare_subdirs: Setting up mode 771 uid 0 gid 1000 context u:object_r:apex_module_data_file:s0 on path: /data/misc_de/0/apexdata/com.android.resolv
03-10 12:11:36.601   341   341 D vold_prepare_subdirs: Setting up mode 771 uid 0 gid 1000 context u:object_r:apex_module_data_file:s0 on path: /data/misc_de/0/apexdata/com.android.rkpd
03-10 12:11:36.601   341   341 D vold_prepare_subdirs: Setting up mode 771 uid 0 gid 1000 context u:object_r:apex_module_data_file:s0 on path: /data/misc_de/0/apexdata/com.android.runtime
03-10 12:11:36.601   341   341 D vold_prepare_subdirs: Setting up mode 771 uid 0 gid 1000 context u:object_r:apex_module_data_file:s0 on path: /data/misc_de/0/apexdata/com.android.scheduling
03-10 12:11:36.601   341   341 D vold_prepare_subdirs: Setting up mode 771 uid 0 gid 1000 context u:object_r:apex_module_data_file:s0 on path: /data/misc_de/0/apexdata/com.android.sdkext
03-10 12:11:36.601   341   341 D vold_prepare_subdirs: Setting up mode 771 uid 0 gid 1000 context u:object_r:apex_module_data_file:s0 on path: /data/misc_de/0/apexdata/com.android.tethering
03-10 12:11:36.601   341   341 D vold_prepare_subdirs: Setting up mode 771 uid 0 gid 1000 context u:object_r:apex_module_data_file:s0 on path: /data/misc_de/0/apexdata/com.android.tzdata
03-10 12:11:36.601   341   341 D vold_prepare_subdirs: Setting up mode 771 uid 0 gid 1000 context u:object_r:apex_system_server_data_file:s0 on path: /data/misc_de/0/apexdata/com.android.uwb
03-10 12:11:36.601   341   341 D vold_prepare_subdirs: Setting up mode 771 uid 0 gid 1000 context u:object_r:apex_module_data_file:s0 on path: /data/misc_de/0/apexdata/com.android.virt
03-10 12:11:36.601   341   341 D vold_prepare_subdirs: Setting up mode 771 uid 0 gid 1000 context u:object_r:apex_system_server_data_file:s0 on path: /data/misc_de/0/apexdata/com.android.wifi
03-10 12:11:36.601   341   341 D vold_prepare_subdirs: Setting up mode 771 uid 0 gid 1000 context u:object_r:apex_module_data_file:s0 on path: /data/misc_de/0/apexdata/com.google.android.widevine
03-10 12:11:36.601   341   341 D vold_prepare_subdirs: Setting up mode 771 uid 1000 gid 1000 context u:object_r:user_profile_root_file:s0:c512,c768 on path: /data/misc/profiles/cur/0
03-10 12:11:36.601   341   341 D vold_prepare_subdirs: Setting up mode 700 uid 1000 gid 1000 context u:object_r:fingerprint_vendor_data_file:s0 on path: /data/vendor_de/0/fpdata
03-10 12:11:36.602   341   341 D vold_prepare_subdirs: Setting up mode 700 uid 1000 gid 1000 context u:object_r:face_vendor_data_file:s0 on path: /data/vendor_de/0/facedata
03-10 12:11:36.606   343   343 I derive_classpath: ParseFragments for bootclasspath
03-10 12:11:36.611   343   343 I derive_classpath: ReadClasspathFragment /apex/com.android.art/etc/classpaths/bootclasspath.pb
03-10 12:11:36.612   343   343 I derive_classpath: ReadClasspathFragment /system/etc/classpaths/bootclasspath.pb
03-10 12:11:36.612   343   343 I derive_classpath: ReadClasspathFragment /apex/com.android.adservices/etc/classpaths/bootclasspath.pb
03-10 12:11:36.612   343   343 I derive_classpath: ReadClasspathFragment /apex/com.android.appsearch/etc/classpaths/bootclasspath.pb
03-10 12:11:36.612   343   343 I derive_classpath: ReadClasspathFragment /apex/com.android.btservices/etc/classpaths/bootclasspath.pb
03-10 12:11:36.613   343   343 I derive_classpath: ReadClasspathFragment /apex/com.android.configinfrastructure/etc/classpaths/bootclasspath.pb
03-10 12:11:36.613   343   343 I derive_classpath: ReadClasspathFragment /apex/com.android.conscrypt/etc/classpaths/bootclasspath.pb
03-10 12:11:36.613   343   343 I derive_classpath: ReadClasspathFragment /apex/com.android.devicelock/etc/classpaths/bootclasspath.pb
03-10 12:11:36.614   343   343 I derive_classpath: ReadClasspathFragment /apex/com.android.healthfitness/etc/classpaths/bootclasspath.pb
03-10 12:11:36.614   343   343 I derive_classpath: ReadClasspathFragment /apex/com.android.ipsec/etc/classpaths/bootclasspath.pb
03-10 12:11:36.614   343   343 I derive_classpath: ReadClasspathFragment /apex/com.android.media/etc/classpaths/bootclasspath.pb
03-10 12:11:36.615   343   343 I derive_classpath: ReadClasspathFragment /apex/com.android.mediaprovider/etc/classpaths/bootclasspath.pb
03-10 12:11:36.615   343   343 I derive_classpath: ReadClasspathFragment /apex/com.android.nfcservices/etc/classpaths/bootclasspath.pb
03-10 12:11:36.615   343   343 I derive_classpath: ReadClasspathFragment /apex/com.android.ondevicepersonalization/etc/classpaths/bootclasspath.pb
03-10 12:11:36.616   343   343 I derive_classpath: ReadClasspathFragment /apex/com.android.os.statsd/etc/classpaths/bootclasspath.pb
03-10 12:11:36.616   343   343 I derive_classpath: ReadClasspathFragment /apex/com.android.permission/etc/classpaths/bootclasspath.pb
03-10 12:11:36.616   343   343 I derive_classpath: ReadClasspathFragment /apex/com.android.profiling/etc/classpaths/bootclasspath.pb
03-10 12:11:36.617   343   343 I derive_classpath: ReadClasspathFragment /apex/com.android.scheduling/etc/classpaths/bootclasspath.pb
03-10 12:11:36.617   343   343 I derive_classpath: ReadClasspathFragment /apex/com.android.sdkext/etc/classpaths/bootclasspath.pb
03-10 12:11:36.617   343   343 I derive_classpath: ReadClasspathFragment /apex/com.android.tethering/etc/classpaths/bootclasspath.pb
03-10 12:11:36.617   343   343 I derive_classpath: ReadClasspathFragment /apex/com.android.uwb/etc/classpaths/bootclasspath.pb
03-10 12:11:36.617   343   343 I derive_classpath: ReadClasspathFragment /apex/com.android.virt/etc/classpaths/bootclasspath.pb
03-10 12:11:36.618   343   343 I derive_classpath: ReadClasspathFragment /apex/com.android.wifi/etc/classpaths/bootclasspath.pb
03-10 12:11:36.618   343   343 I derive_classpath: ParseFragments for systemserverclasspath
03-10 12:11:36.619   343   343 I derive_classpath: ReadClasspathFragment /system/etc/classpaths/systemserverclasspath.pb
03-10 12:11:36.619   343   343 I derive_classpath: ReadClasspathFragment /apex/com.android.adservices/etc/classpaths/systemserverclasspath.pb
03-10 12:11:36.619   343   343 I derive_classpath: ReadClasspathFragment /apex/com.android.appsearch/etc/classpaths/systemserverclasspath.pb
03-10 12:11:36.619   343   343 I derive_classpath: ReadClasspathFragment /apex/com.android.art/etc/classpaths/systemserverclasspath.pb
03-10 12:11:36.619   343   343 I derive_classpath: ReadClasspathFragment /apex/com.android.btservices/etc/classpaths/systemserverclasspath.pb
03-10 12:11:36.619   343   343 I derive_classpath: ReadClasspathFragment /apex/com.android.configinfrastructure/etc/classpaths/systemserverclasspath.pb
03-10 12:11:36.620   343   343 I derive_classpath: ReadClasspathFragment /apex/com.android.devicelock/etc/classpaths/systemserverclasspath.pb
03-10 12:11:36.620   343   343 I derive_classpath: ReadClasspathFragment /apex/com.android.healthfitness/etc/classpaths/systemserverclasspath.pb
03-10 12:11:36.620   343   343 I derive_classpath: ReadClasspathFragment /apex/com.android.media/etc/classpaths/systemserverclasspath.pb
03-10 12:11:36.620   343   343 I derive_classpath: ReadClasspathFragment /apex/com.android.ondevicepersonalization/etc/classpaths/systemserverclasspath.pb
03-10 12:11:36.621   343   343 I derive_classpath: ReadClasspathFragment /apex/com.android.os.statsd/etc/classpaths/systemserverclasspath.pb
03-10 12:11:36.621   343   343 I derive_classpath: ReadClasspathFragment /apex/com.android.permission/etc/classpaths/systemserverclasspath.pb
03-10 12:11:36.621   343   343 I derive_classpath: ReadClasspathFragment /apex/com.android.profiling/etc/classpaths/systemserverclasspath.pb
03-10 12:11:36.621   343   343 I derive_classpath: ReadClasspathFragment /apex/com.android.rkpd/etc/classpaths/systemserverclasspath.pb
03-10 12:11:36.621   343   343 I derive_classpath: ReadClasspathFragment /apex/com.android.scheduling/etc/classpaths/systemserverclasspath.pb
03-10 12:11:36.622   343   343 I derive_classpath: ReadClasspathFragment /apex/com.android.tethering/etc/classpaths/systemserverclasspath.pb
03-10 12:11:36.622   343   343 I derive_classpath: ReadClasspathFragment /apex/com.android.uwb/etc/classpaths/systemserverclasspath.pb
03-10 12:11:36.622   343   343 I derive_classpath: ReadClasspathFragment /apex/com.android.virt/etc/classpaths/systemserverclasspath.pb
03-10 12:11:36.622   343   343 I derive_classpath: ReadClasspathFragment /apex/com.android.wifi/etc/classpaths/systemserverclasspath.pb
03-10 12:11:36.622   343   343 I derive_classpath: WriteClasspathExports /data/system/environ/classpath
03-10 12:11:36.622   343   343 I derive_classpath: WriteClasspathExports content
03-10 12:11:36.622   343   343 I derive_classpath: export BOOTCLASSPATH /apex/com.android.art/javalib/core-oj.jar:/apex/com.android.art/javalib/core-libart.jar:/apex/com.android.art/javalib/okhttp.jar:/apex/com.android.art/javalib/bouncycastle.jar:/apex/com.android.art/javalib/apache-xml.jar:/system/framework/framework.jar:/system/framework/framework-graphics.jar:/system/framework/framework-location.jar:/system/framework/ext.jar:/system/framework/telephony-common.jar:/system/framework/voip-common.jar:/system/framework/ims-common.jar:/apex/com.android.i18n/javalib/core-icu4j.jar:/apex/com.android.adservices/javalib/framework-adservices.jar:/apex/com.android.adservices/javalib/framework-sdksandbox.jar:/apex/com.android.appsearch/javalib/framework-appsearch.jar:/apex/com.android.btservices/javalib/framework-bluetooth.jar:/apex/com.android.configinfrastructure/javalib/framework-configinfrastructure.jar:/apex/com.android.conscrypt/javalib/conscrypt.jar:/apex/com.android.devicelock/javalib/framework-devicelock.jar:/apex/com.android.healthfitness/javalib/framework-healthfitness.jar:/apex/com.android.ipsec/javalib/android.net.ipsec.ike.jar:/apex/com.android.media/javalib/updatable-media.jar:/apex/com.android.mediaprovider/javalib/framework-mediaprovider.jar:/apex/com.android.mediaprovider/javalib/framework-pdf.jar:/apex/com.android.mediaprovider/javalib/framework-pdf-v.jar:/apex/com.android.nfcservices/javalib/framework-nfc.jar:/apex/com.android.ondevicepersonalization/javalib/framework-ondevicepersonalization.jar:/apex/com.android.os.statsd/javalib/framework-statsd.jar:/apex/com.android.permission/javalib/framework-permission.jar:/apex/com.android.permission/javalib/framework-permission-s.jar:/apex/com.android.profiling/javalib/framework-profiling.jar:/apex/com.android.scheduling/javalib/framework-scheduling.jar:/apex/com.android.sdkext/javalib/framework-sdkextensions.jar:/apex/com.android.tethering/javalib/framework-connectivity.jar:/apex/com.android.tethering/javalib/framework-connectivity-t.jar:/apex/com.android.tethering/javalib/framework-tethering.jar:/apex/com.android.uwb/javalib/framework-uwb.jar:/apex/com.android.virt/javalib/framework-virtualization.jar:/apex/com.android.wifi/javalib/framework-wifi.jar
03-10 12:11:36.622   343   343 I derive_classpath: export DEX2OATBOOTCLASSPATH /apex/com.android.art/javalib/core-oj.jar:/apex/com.android.art/javalib/core-libart.jar:/apex/com.android.art/javalib/okhttp.jar:/apex/com.android.art/javalib/bouncycastle.jar:/apex/com.android.art/javalib/apache-xml.jar:/system/framework/framework.jar:/system/framework/framework-graphics.jar:/system/framework/framework-location.jar:/system/framework/ext.jar:/system/framework/telephony-common.jar:/system/framework/voip-common.jar:/system/framework/ims-common.jar:/apex/com.android.i18n/javalib/core-icu4j.jar
03-10 12:11:36.622   343   343 I derive_classpath: export SYSTEMSERVERCLASSPATH /system/framework/com.android.location.provider.jar:/system/framework/services.jar:/apex/com.android.adservices/javalib/service-adservices.jar:/apex/com.android.adservices/javalib/service-sdksandbox.jar:/apex/com.android.appsearch/javalib/service-appsearch.jar:/apex/com.android.art/javalib/service-art.jar:/apex/com.android.configinfrastructure/javalib/service-configinfrastructure.jar:/apex/com.android.healthfitness/javalib/service-healthfitness.jar:/apex/com.android.media/javalib/service-media-s.jar:/apex/com.android.ondevicepersonalization/javalib/service-ondevicepersonalization.jar:/apex/com.android.permission/javalib/service-permission.jar:/apex/com.android.rkpd/javalib/service-rkp.jar:/apex/com.android.virt/javalib/service-virtualization.jar
03-10 12:11:36.622   343   343 I derive_classpath: export STANDALONE_SYSTEMSERVER_JARS /apex/com.android.btservices/javalib/service-bluetooth.jar:/apex/com.android.devicelock/javalib/service-devicelock.jar:/apex/com.android.os.statsd/javalib/service-statsd.jar:/apex/com.android.profiling/javalib/service-profiling.jar:/apex/com.android.scheduling/javalib/service-scheduling.jar:/apex/com.android.tethering/javalib/service-connectivity.jar:/apex/com.android.uwb/javalib/service-uwb.jar:/apex/com.android.wifi/javalib/service-wifi.jar
03-10 12:11:36.634   344   344 I art_boot: Property persist.device_config.runtime_native_boot.useartservice not set
03-10 12:11:36.645   345   345 I odsign  : Trying to retrieve existing HMAC key...
03-10 12:11:36.645   345   345 I odsign  : Trying to retrieve existing keystore key...
03-10 12:11:36.647   345   345 I odsign  : Verified public key signature.
03-10 12:11:36.647   345   345 I odsign  : Initialized Keystore key.
03-10 12:11:36.647   345   345 I odsign  : Found and verified existing public key certificate: /data/misc/odsign/key.cert
03-10 12:11:36.691   346   346 I odrefresh: ART APEX version 350820300
03-10 12:11:36.746   346   346 I odrefresh: Boot images on /system OK (arm64)
03-10 12:11:36.749   346   346 I odrefresh: system_server artifacts on /system OK
03-10 12:11:36.751   345   345 I odsign  : /data/misc/odsign/odsign.info.signature matches.
03-10 12:11:36.751   345   345 I odsign  : Loaded /data/misc/odsign/odsign.info
03-10 12:11:36.752   345   345 I odsign  : All root hashes match.
03-10 12:11:36.752   345   345 I odsign  : odrefresh said artifacts are VALID
03-10 12:11:36.752   345   345 I odsign  : On-device signing done.
03-10 12:11:36.752   345   345 I odsign  : Metrics report is empty
03-10 12:11:36.752   182   213 I keystore2: system/security/keystore2/src/super_key.rs:339 - keystore.boot_level 1000000000 hits maximum 1000000000, finishing.
03-10 12:11:36.769   355   355 W otapreopt_slot: Slot property empty.
03-10 12:11:36.902   367   367 I kcmdlinectrl: [libfstab] Using Android DT directory /proc/device-tree/firmware/android/
03-10 12:11:36.902   367   367 E kcmdlinectrl: Failed to read from misc: failed to find /misc partition
03-10 12:11:36.904   161   161 I hwservicemanager: getFrameworkHalManifest: Reloading VINTF information.
03-10 12:11:36.904   161   161 I hwservicemanager: getFrameworkHalManifest: Reading VINTF information.
03-10 12:11:36.904   161   161 I hwservicemanager: Loaded APEX Infos from /apex/apex-info-list.xml
03-10 12:11:36.905   161   161 I hwservicemanager: getDeviceHalManifest: Reloading VINTF information.
03-10 12:11:36.905   161   161 I hwservicemanager: getDeviceHalManifest: Reading VINTF information.
03-10 12:11:36.905   161   161 I hwservicemanager: Loaded APEX Infos from /apex/apex-info-list.xml
03-10 12:11:36.906   161   161 I hwservicemanager: getDeviceHalManifest: Successfully processed VINTF information
03-10 12:11:36.906   161   161 I hwservicemanager: getFrameworkHalManifest: Successfully processed VINTF information
03-10 12:11:36.906   368   368 I HidlServiceManagement: Registered android.hidl.allocator@1.0::IAllocator/ashmem
03-10 12:11:36.906   368   368 I HidlServiceManagement: Removing namespace from process name android.hidl.allocator@1.0-service to allocator@1.0-service.
03-10 12:11:36.914   364   364 I statsd  : Statsd starts to listen to socket.
03-10 12:11:36.915   372   372 I HidlServiceManagement: Registered android.hardware.gatekeeper@1.0::IGatekeeper/default
03-10 12:11:36.915   372   372 I HidlServiceManagement: Removing namespace from process name android.hardware.gatekeeper@1.0-service.software to gatekeeper@1.0-service.software.
03-10 12:11:36.925   377   377 I android.hardware.thermal@2.0-service-mock: Thermal HAL Service Mock 2.0 starting...
03-10 12:11:36.928   374   374 I android.hardware.health-service.example: Starting health HAL.
03-10 12:11:36.928   374   374 I android.hardware.health-service.example: default instance initializing with healthd_config...
03-10 12:11:36.929   377   377 I HidlServiceManagement: Registered android.hardware.thermal@2.0::IThermal/default
03-10 12:11:36.929   377   377 I HidlServiceManagement: Removing namespace from process name android.hardware.thermal@2.0-service.mock to thermal@2.0-service.mock.
03-10 12:11:36.929   377   377 I android.hardware.thermal@2.0-service-mock: Thermal Service started successfully.
03-10 12:11:36.934   374   374 I android.hardware.health-service.example: default: Hal init done
03-10 12:11:36.940   380   380 I aidl.android.hardware.bluetooth.service.default: Bluetooth HAL starting
03-10 12:11:36.945   407   407 I misctrl : [libfstab] Using Android DT directory /proc/device-tree/firmware/android/
03-10 12:11:36.950   407   407 E misctrl : Could not read misctrl message: failed to find /misc partition
03-10 12:11:36.950   407   407 E misctrl : Could not read reserved space: failed to find /misc partition
03-10 12:11:36.952   405   405 I credstore: Registered binder service
03-10 12:11:36.954   379   379 I android.hardware.wifi-service: Wifi Hal is booting up...
03-10 12:11:36.955   376   376 I android.hardware.sensors@2.1-impl.ranchu: MultihalSensors:85: host sensors mask=207ff, available sensors mask=207ff
03-10 12:11:36.957   376   376 E SensorsMultiHal: Failed to load subHal config file: /odm/etc/sensors/hals.conf
03-10 12:11:36.958   365   365 I netdClient: Skipping libnetd_client init since *we* are netd
03-10 12:11:36.958   379   379 I android.hardware.wifi-service: Joining RPC thread pool
03-10 12:11:36.952     1     1 W init    : type=1400 audit(0.0:5): avc:  denied  { write } for  name="error_report_end" dev="tracefs" ino=7437 scontext=u:r:init:s0 tcontext=u:object_r:debugfs_bootreceiver_tracing:s0 tclass=dir permissive=0
03-10 12:11:36.971   409   409 I gsid    : no DSU: No such file or directory
03-10 12:11:36.973   365   365 I netd    : netd 1.0 starting
03-10 12:11:36.974   365   365 I netd    : Pid file removed
03-10 12:11:36.974   365   365 I netd    : SIGPIPE is blocked
03-10 12:11:36.974   365   365 I netd    : setCloseOnExec(dnsproxyd)
03-10 12:11:36.974   365   365 I netd    : setCloseOnExec(fwmarkd)
03-10 12:11:36.974   365   365 I NetdUpdatable: libnetd_updatable_init: Initializing
03-10 12:11:36.974   365   365 I NetdUpdatable: BPF programs are loaded
03-10 12:11:36.974   365   365 I NetdUpdatable: initMaps successfully
03-10 12:11:36.974   365   365 I netd    : libnetd_updatable_init success
03-10 12:11:36.974   365   365 I netd    : NetlinkManager instanced
03-10 12:11:36.974   365   365 I netd    : enter NetworkController ctor
03-10 12:11:36.975   365   365 E TcUtils : NLMSG_ERROR message return error: -2
03-10 12:11:36.975   365   365 E TcUtils : NLMSG_ERROR message return error: -2
03-10 12:11:36.975   365   365 E TcUtils : NLMSG_ERROR message return error: -2
03-10 12:11:36.975   365   365 E TcUtils : NLMSG_ERROR message return error: -2
03-10 12:11:36.975   365   365 E TcUtils : NLMSG_ERROR message return error: -2
03-10 12:11:36.975   365   365 E TcUtils : NLMSG_ERROR message return error: -2
03-10 12:11:36.975   365   365 E TcUtils : NLMSG_ERROR message return error: -2
03-10 12:11:36.975   365   365 E TcUtils : NLMSG_ERROR message return error: -2
03-10 12:11:36.975   365   365 E TcUtils : NLMSG_ERROR message return error: -2
03-10 12:11:36.975   365   365 E TcUtils : NLMSG_ERROR message return error: -2
03-10 12:11:36.975   365   365 E TcUtils : NLMSG_ERROR message return error: -2
03-10 12:11:36.975   365   365 E TcUtils : NLMSG_ERROR message return error: -2
03-10 12:11:36.975   365   365 E TcUtils : NLMSG_ERROR message return error: -2
03-10 12:11:36.975   365   365 E TcUtils : NLMSG_ERROR message return error: -2
03-10 12:11:36.975   365   365 E TcUtils : NLMSG_ERROR message return error: -2
03-10 12:11:36.975   365   365 E TcUtils : NLMSG_ERROR message return error: -2
03-10 12:11:36.975   365   365 I netd    : leave NetworkController ctor
03-10 12:11:36.975   365   365 I netd    : enter TetherController ctor
03-10 12:11:36.975   365   365 D TetherController: Setting IP forward enable = 0
03-10 12:11:36.976   365   365 I netd    : leave TetherController ctor
03-10 12:11:36.987   369   369 I HidlServiceManagement: Registered android.hardware.audio@7.1::IDevicesFactory/default
03-10 12:11:36.987   369   369 I HidlServiceManagement: Removing namespace from process name android.hardware.audio.service to audio.service.
03-10 12:11:36.987   369   369 I LegacySupport: Registration complete for android.hardware.audio@7.1::IDevicesFactory/default.
03-10 12:11:36.992   369   369 I HidlServiceManagement: Registered android.hardware.audio.effect@7.0::IEffectsFactory/default
03-10 12:11:36.992   369   369 I LegacySupport: Registration complete for android.hardware.audio.effect@7.0::IEffectsFactory/default.
03-10 12:11:36.992   161   161 I hwservicemanager: getTransport: Cannot find entry android.hardware.soundtrigger@2.3::ISoundTriggerHw/default in either framework or device VINTF manifest.
03-10 12:11:36.992   369   369 E LegacySupport: Could not get passthrough implementation for android.hardware.soundtrigger@2.3::ISoundTriggerHw/default.
03-10 12:11:36.992   161   161 I hwservicemanager: getTransport: Cannot find entry android.hardware.soundtrigger@2.2::ISoundTriggerHw/default in either framework or device VINTF manifest.
03-10 12:11:36.992   369   369 E LegacySupport: Could not get passthrough implementation for android.hardware.soundtrigger@2.2::ISoundTriggerHw/default.
03-10 12:11:36.992   161   161 I hwservicemanager: getTransport: Cannot find entry android.hardware.soundtrigger@2.1::ISoundTriggerHw/default in either framework or device VINTF manifest.
03-10 12:11:36.992   369   369 E LegacySupport: Could not get passthrough implementation for android.hardware.soundtrigger@2.1::ISoundTriggerHw/default.
03-10 12:11:36.992   161   161 I hwservicemanager: getTransport: Cannot find entry android.hardware.soundtrigger@2.0::ISoundTriggerHw/default in either framework or device VINTF manifest.
03-10 12:11:36.992   369   369 E LegacySupport: Could not get passthrough implementation for android.hardware.soundtrigger@2.0::ISoundTriggerHw/default.
03-10 12:11:36.992   369   369 W audiohalservice: Could not register Soundtrigger API
03-10 12:11:36.992   161   161 I hwservicemanager: getTransport: Cannot find entry android.hardware.bluetooth.audio@2.2::IBluetoothAudioProvidersFactory/default in either framework or device VINTF manifest.
03-10 12:11:36.992   369   369 E LegacySupport: Could not get passthrough implementation for android.hardware.bluetooth.audio@2.2::IBluetoothAudioProvidersFactory/default.
03-10 12:11:36.992   161   161 I hwservicemanager: getTransport: Cannot find entry android.hardware.bluetooth.audio@2.1::IBluetoothAudioProvidersFactory/default in either framework or device VINTF manifest.
03-10 12:11:36.992   369   369 E LegacySupport: Could not get passthrough implementation for android.hardware.bluetooth.audio@2.1::IBluetoothAudioProvidersFactory/default.
03-10 12:11:36.992   161   161 I hwservicemanager: getTransport: Cannot find entry android.hardware.bluetooth.audio@2.0::IBluetoothAudioProvidersFactory/default in either framework or device VINTF manifest.
03-10 12:11:36.992   369   369 E LegacySupport: Could not get passthrough implementation for android.hardware.bluetooth.audio@2.0::IBluetoothAudioProvidersFactory/default.
03-10 12:11:36.992   369   369 W audiohalservice: Could not register Bluetooth Audio API
03-10 12:11:36.992   161   161 I hwservicemanager: getTransport: Cannot find entry android.hardware.bluetooth.a2dp@1.0::IBluetoothAudioOffload/default in either framework or device VINTF manifest.
03-10 12:11:36.992   369   369 E LegacySupport: Could not get passthrough implementation for android.hardware.bluetooth.a2dp@1.0::IBluetoothAudioOffload/default.
03-10 12:11:36.992   369   369 W audiohalservice: Could not register Bluetooth Audio Offload API
03-10 12:11:37.008     1     1 W init    : type=1400 audit(0.0:6): avc:  denied  { getattr } for  path="/system/bin/logcat" dev="dm-0" ino=15089047 scontext=u:r:init:s0 tcontext=u:object_r:logcat_exec:s0 tclass=file permissive=0
03-10 12:11:37.004   365   365 I netd    : Creating child chains: 27037us
03-10 12:11:37.004   365   365 I netd    : Setting up OEM hooks: 43us
03-10 12:11:37.004   365   365 I netd    : Setting up FirewallController hooks: 78us
03-10 12:11:37.005   365   365 I netd    : Setting up TetherController hooks: 344us
03-10 12:11:37.005   365   365 I netd    : Setting up BandwidthController hooks: 209us
03-10 12:11:37.005   365   365 I netd    : Setting up IdletimerController hooks: 7us
03-10 12:11:37.005   365   365 I netd    : Setting up StrictController hooks: 563us
03-10 12:11:37.006   365   365 I netd    : Setting up connmark hooks: 245us
03-10 12:11:37.007   422   422 I bootstat: Service started: /system/bin/bootstat --set_system_boot_reason 
03-10 12:11:37.007   365   365 I netd    : Enabling bandwidth control: 1582us
03-10 12:11:37.008   365   365 I netd    : Initializing RouteController: 971us
03-10 12:11:37.008   365   365 D XfrmController: XfrmController::ipSecAddXfrmInterface, line=1495
03-10 12:11:37.009   365   365 D XfrmController: XfrmController::ipSecRemoveTunnelInterface, line=1708
03-10 12:11:37.009   365   365 D XfrmController: deviceName=ipsec_test
03-10 12:11:37.018   424   424 I perfetto:           probes.cc:104 Starting /system/bin/traced_probes service
03-10 12:11:37.018   370   370 D camera.provider.ranchu: listQemuCameras:234 found a 'virtualscene' QEMU camera, dir=back framedims=640x480,352x288,320x240,176x144,1280x720,1280x960
03-10 12:11:37.022   422   422 I bootstat: Canonical boot reason: reboot
03-10 12:11:37.022   422   422 I bootstat: Canonical boot reason: reboot
03-10 12:11:37.022   382   382 I RanchuHwc: RanchuHWC (HWComposer3/HWC3) starting up...
03-10 12:11:37.024   373   373 I HidlServiceManagement: Registered android.hardware.graphics.allocator@3.0::IAllocator/default
03-10 12:11:37.024   373   373 I HidlServiceManagement: Removing namespace from process name android.hardware.graphics.allocator@3.0-service.ranchu to allocator@3.0-service.ranchu.
03-10 12:11:37.024   373   373 I android.hardware.graphics.allocator@3.0-service.ranchu: graphics IAllocator@3.0 service is initialized
03-10 12:11:37.025   365   365 D XfrmController: Sending Netlink XFRM Message: XFRM_MSG_FLUSHSA
03-10 12:11:37.025   365   365 D XfrmController: Sending Netlink XFRM Message: XFRM_MSG_FLUSHPOLICY
03-10 12:11:37.025   365   365 I netd    : Initializing XfrmController: 16599us
