05-28 14:27:30.455   436   436 W android.hardware.media.c2@1.0-service-goldfish: libminijail[436]: compile_file: <fd>(17): previous definition here
05-28 14:27:30.456   436   436 W android.hardware.media.c2@1.0-service-goldfish: libminijail[436]: compile_file: /system/etc/seccomp_policy/crash_dump.x86.policy(31): syscall madvise redefined here
05-28 14:27:30.456   436   436 W android.hardware.media.c2@1.0-service-goldfish: libminijail[436]: compile_file: <fd>(32): previous definition here
05-28 14:27:30.456   436   436 W android.hardware.media.c2@1.0-service-goldfish: libminijail[436]: compile_file: /system/etc/seccomp_policy/crash_dump.x86.policy(32): syscall mprotect redefined here
05-28 14:27:30.456   436   436 W android.hardware.media.c2@1.0-service-goldfish: libminijail[436]: compile_file: <fd>(16): previous definition here
05-28 14:27:30.456   436   436 W android.hardware.media.c2@1.0-service-goldfish: libminijail[436]: compile_file: /system/etc/seccomp_policy/crash_dump.x86.policy(33): syscall munmap redefined here
05-28 14:27:30.456   436   436 W android.hardware.media.c2@1.0-service-goldfish: libminijail[436]: compile_file: <fd>(36): previous definition here
05-28 14:27:30.456   436   436 W android.hardware.media.c2@1.0-service-goldfish: libminijail[436]: compile_file: /system/etc/seccomp_policy/crash_dump.x86.policy(34): nonexistent syscall 'getuid32'
05-28 14:27:30.456   436   436 W android.hardware.media.c2@1.0-service-goldfish: libminijail[436]: compile_file: /system/etc/seccomp_policy/crash_dump.x86.policy(35): nonexistent syscall 'fstat64'
05-28 14:27:30.456   436   436 W android.hardware.media.c2@1.0-service-goldfish: libminijail[436]: compile_file: /system/etc/seccomp_policy/crash_dump.x86.policy(36): nonexistent syscall 'mmap2'
05-28 14:27:30.456   436   436 W android.hardware.media.c2@1.0-service-goldfish: libminijail[436]: compile_file: /system/etc/seccomp_policy/crash_dump.x86.policy(37): nonexistent syscall 'geteuid32'
05-28 14:27:30.456   436   436 W android.hardware.media.c2@1.0-service-goldfish: libminijail[436]: compile_file: /system/etc/seccomp_policy/crash_dump.x86.policy(38): nonexistent syscall 'getgid32'
05-28 14:27:30.456   436   436 W android.hardware.media.c2@1.0-service-goldfish: libminijail[436]: compile_file: /system/etc/seccomp_policy/crash_dump.x86.policy(39): nonexistent syscall 'getegid32'
05-28 14:27:30.456   436   436 W android.hardware.media.c2@1.0-service-goldfish: libminijail[436]: compile_file: /system/etc/seccomp_policy/crash_dump.x86.policy(40): nonexistent syscall 'getgroups32'
05-28 14:27:30.456   436   436 W android.hardware.media.c2@1.0-service-goldfish: libminijail[436]: logging seccomp filter failures
05-28 14:27:30.457   436   436 D android.hardware.media.c2@1.0-service-goldfish: Instantiating Codec2's Goldfish IComponentStore service...
05-28 14:27:30.457   436   436 I GoldfishComponentStore: Create()
05-28 14:27:30.457   436   436 W GoldfishComponentStore: created goldfish store 0x79060f9b0220 reflector of param 0x7907cf9a9f78
05-28 14:27:30.457   436   436 D GoldfishComponentStore: useAndroidGoldfishComponentInstance 253 found prop ro.boot.qemu.hwcodec.vpxdec val 2
05-28 14:27:30.457   436   436 D GoldfishComponentStore: useAndroidGoldfishComponentInstance 253 found prop ro.boot.qemu.hwcodec.avcdec val 2
05-28 14:27:30.457   436   436 D GoldfishComponentStore: useAndroidGoldfishComponentInstance 253 found prop ro.boot.qemu.hwcodec.hevcdec val 2
05-28 14:27:30.464   436   436 E Codec2-FilterWrapper: plugin not OK: -19
05-28 14:27:30.465   436   436 I HidlServiceManagement: Registered android.hardware.media.c2@1.0::IComponentStore/default
05-28 14:27:30.465   436   436 I HidlServiceManagement: Removing namespace from process name android.hardware.media.c2@1.0-service-goldfish to c2@1.0-service-goldfish.
05-28 14:27:30.467   436   436 I android.hardware.media.c2@1.0-service-goldfish: Codec2's IComponentStore service created.
05-28 14:27:30.470   426   426 I audiohalservice: createIBluetoothAudioProviderFactory() from android.hardware.bluetooth.audio-impl success
05-28 14:27:30.470   426   426 E audiohalservice: Failed to dlopen android.hardware.audio.sounddose-vendor-impl.so: dlopen failed: library "android.hardware.audio.sounddose-vendor-impl.so" not found
05-28 14:27:30.470   426   426 W audiohalservice: createISoundDoseFactory() from android.hardware.audio.sounddose-vendor-impl failed
05-28 14:27:30.471   480   480 I android.hardware.threadnetwork-service: ServiceName: android.hardware.threadnetwork.IThreadChip/chip0, Url: spinel+hdlc+forkpty:///apex/com.android.hardware.threadnetwork/bin/ot-rcp?forkpty-arg=1
05-28 14:27:30.477   480   480 I android.hardware.threadnetwork-service: Thread Network HAL is running
05-28 14:27:30.484   428   428 I EmulatedCameraProviderHwlImpl: Create: Created EmulatedCameraProviderHwlImpl
05-28 14:27:30.484   428   428 E GCH_CameraProvider: Initialize: HWL doesn't support vendor buffer allocation Function not implemented(-38)
05-28 14:27:30.553   488   488 I misctrl : [libfstab] Using Android DT directory /proc/device-tree/firmware/android/
05-28 14:27:30.562   488   488 E misctrl : Could not read misctrl message: failed to find /misc partition
05-28 14:27:30.563   488   488 E misctrl : Could not read reserved space: failed to find /misc partition
05-28 14:27:30.573   486   486 I credstore: Registered binder service
05-28 14:27:30.608     1     1 W init    : type=1400 audit(0.0:5): avc:  denied  { write } for  name="error_report_end" dev="tracefs" ino=7124 scontext=u:r:init:s0 tcontext=u:object_r:debugfs_bootreceiver_tracing:s0 tclass=dir permissive=0
05-28 14:27:30.615   490   490 I gsid    : no DSU: No such file or directory
05-28 14:27:30.659   474   474 W ProcessState: Thread pool configuration of size 4 requested, but startThreadPool was not called.
05-28 14:27:30.664   475   475 I Manager : DeviceManager::DeviceManager
05-28 14:27:30.665   475   475 I Manager : findAvailableDevices
05-28 14:27:30.665   475   475 I Manager : Enabled devices: .*
05-28 14:27:30.687   484   484 W ProcessState: Thread pool configuration of size 8 requested, but startThreadPool was not called.
05-28 14:27:30.691   473   473 W ProcessState: Thread pool configuration of size 4 requested, but startThreadPool was not called.
05-28 14:27:30.692   475   475 I Manager : Found interface nnapi-sample_sl (version = JUST_AN_EXAMPLE)
05-28 14:27:30.692   475   475 I ShimDeviceManager: Attempting service registration for android.hardware.neuralnetworks.IDevice/nnapi-sample_sl_shim
05-28 14:27:30.703   475   475 I ShimDeviceManager: 1 NNAPI Devices/services registered, blocking
05-28 14:27:30.709   498   498 I android.hardware.uwb: uwb_default_hal: UWB HAL starting up
05-28 14:27:30.720   498   502 I android.hardware.uwb: uwb_default_hal::uwb_chip: UCI reader task started
05-28 14:27:30.763   176   176 I hwservicemanager: getTransport: Cannot find entry android.hardware.configstore@1.0::ISurfaceFlingerConfigs/default in either framework or device VINTF manifest.
05-28 14:27:30.800   489   489 I SurfaceFlinger: Using HWComposer service: default
05-28 14:27:30.801   489   489 I SurfaceFlinger: SurfaceFlinger is starting
05-28 14:27:30.801   489   489 I SurfaceFlinger: Enabling backpressure for GPU composition
05-28 14:27:30.803   489   489 W libprocessgroup: A JoinCgroup action in the SystemMemoryProcess profile is used for controller memory in the cgroup v2 hierarchy and will be ignored
05-28 14:27:30.805   489   489 I SurfaceFlinger: SurfaceFlinger's main thread ready to run. Initializing graphics H/W...
05-28 14:27:30.805   489   489 D RenderEngine: Threaded RenderEngine with SkiaGL Backend (Ganesh)
05-28 14:27:30.806   485   485 I FastMixerState: sMaxFastTracks = 8
05-28 14:27:30.825   489   508 I EGL_emulation: Opening libGLESv1_CM_emulation.so
05-28 14:27:30.825   485   485 D audioserver: main: starting
05-28 14:27:30.825   489   508 I EGL_emulation: Opening libGLESv2_emulation.so
05-28 14:27:30.825   485   485 V MediaUtils: physMem: 2067255296
05-28 14:27:30.825   485   485 V MediaUtils: requested limit: 413451040
05-28 14:27:30.826   485   485 I libc    : malloc_limit: Allocation limit enabled, max size 413451040 bytes
05-28 14:27:30.828   485   485 D audio_utils::mutex: get_enable_flag: mutex_priority_inheritance: true
05-28 14:27:30.832   485   485 W FactoryHal: hasAidlHalService android.hardware.audio.core.IModule/default: false
05-28 14:27:30.836   485   485 W FactoryHal: hasAidlHalService android.hardware.audio.effect.IFactory/default: false
05-28 14:27:30.836   176   176 I hwservicemanager: getTransport: Cannot find entry android.hardware.audio.effect@7.1::IEffectsFactory/default in either framework or device VINTF manifest.
05-28 14:27:30.849   489   508 I RenderEngine: EGL information:
05-28 14:27:30.849   489   508 I RenderEngine: vendor    : Android
05-28 14:27:30.849   489   508 I RenderEngine: version   : 1.4 Android META-EGL
05-28 14:27:30.849   489   508 I RenderEngine: extensions: EGL_ANDROID_front_buffer_auto_refresh EGL_ANDROID_get_native_client_buffer EGL_ANDROID_presentation_time EGL_EXT_surface_CTA861_3_metadata EGL_EXT_surface_SMPTE2086_metadata EGL_KHR_get_all_proc_addresses EGL_KHR_swap_buffers_with_damage EGL_ANDROID_get_frame_timestamps EGL_ANDROID_image_native_buffer EGL_ANDROID_native_fence_sync EGL_ANDROID_recordable EGL_KHR_create_context EGL_KHR_fence_sync EGL_KHR_gl_texture_2D_image EGL_KHR_image EGL_KHR_image_base EGL_KHR_wait_sync 
05-28 14:27:30.849   489   508 I RenderEngine: Client API: OpenGL_ES
05-28 14:27:30.849   489   508 I RenderEngine: EGLSurface: 8-8-8-8, config=0x2
05-28 14:27:30.878   511   511 I bootstat: Service started: /system/bin/bootstat --set_system_boot_reason 
05-28 14:27:30.883   511   511 I bootstat: Canonical boot reason: reboot
05-28 14:27:30.883   511   511 I bootstat: Canonical boot reason: reboot
05-28 14:27:30.893   497   497 I adbd    : persist.adb.watchdog set to ''
05-28 14:27:30.894   497   497 I adbd    : persist.sys.test_harness set to ''
05-28 14:27:30.894   497   497 I adbd    : adb watchdog timeout set to 600 seconds
05-28 14:27:30.895   497   514 I adbd    : Waiting for persist.adb.tls_server.enable=1
05-28 14:27:30.895   497   497 I adbd    : Setup mdns on port= 5555
05-28 14:27:30.896   497   497 I adbd    : adbd listening on tcp:5555
05-28 14:27:30.896   497   497 I adbd    : adbd listening on vsock:5555
05-28 14:27:30.897   497   497 I adbd    : adbd started
05-28 14:27:30.908   511   511 E bootstat: Failed to read /metadata/bootstat/persist.sys.boot.reason: No such file or directory
05-28 14:27:30.908   511   511 I bootstat: Value of persist.sys.boot.reason : 
05-28 14:27:30.908   511   511 I bootstat: Normalized last reboot reason : reboot
05-28 14:27:30.910   485   485 W FactoryHal: hasAidlHalService android.hardware.audio.effect.IFactory/default: false
05-28 14:27:30.910   176   176 I hwservicemanager: getTransport: Cannot find entry android.hardware.audio.effect@7.1::IEffectsFactory/default in either framework or device VINTF manifest.
05-28 14:27:30.913   485   485 W FactoryHal: hasAidlHalService android.hardware.audio.core.IModule/default: false
05-28 14:27:30.915   489   508 D RenderEngine: Background Blurs Enabled (Kawase algorithm)
05-28 14:27:30.918   485   485 W BatteryNotifier: batterystats service unavailable!
05-28 14:27:30.922   485   485 I ServiceManagerCppClient: Waiting for service 'media.metrics' on '/dev/binder'...
05-28 14:27:30.926   511   511 E bootstat: Failed to unlink /metadata/bootstat/persist.sys.boot.reason: No such file or directory
05-28 14:27:30.945   489   508 I RenderEngine: OpenGL ES informations:
05-28 14:27:30.945   489   508 I RenderEngine: vendor    : Google (ATI Technologies Inc.)
05-28 14:27:30.945   489   508 I RenderEngine: renderer  : Android Emulator OpenGL ES Translator (AMD Radeon (TM) Graphics)
05-28 14:27:30.945   489   508 I RenderEngine: version   : OpenGL ES 3.1 (4.5.0 Core Profile Context 22.40.84.230829)
05-28 14:27:30.945   489   508 I RenderEngine: extensions: GL_EXT_debug_marker GL_EXT_robustness GL_OES_EGL_sync GL_OES_EGL_image GL_OES_EGL_image_external GL_OES_depth24 GL_OES_depth32 GL_OES_element_index_uint GL_OES_texture_float GL_OES_texture_float_linear GL_OES_compressed_paletted_texture GL_OES_compressed_ETC1_RGB8_texture GL_OES_depth_texture GL_OES_texture_half_float GL_OES_texture_half_float_linear GL_OES_packed_depth_stencil GL_OES_vertex_half_float GL_OES_texture_npot GL_OES_rgb8_rgba8 GL_OVR_multiview2 GL_EXT_color_buffer_float GL_EXT_color_buffer_half_float GL_EXT_texture_format_BGRA8888 GL_APPLE_texture_format_BGRA8888 GL_EXT_texture_buffer GL_EXT_draw_buffers_indexed GL_EXT_clip_cull_distance ANDROID_EMU_CHECKSUM_HELPER_v1 ANDROID_EMU_native_sync_v2 ANDROID_EMU_native_sync_v3 ANDROID_EMU_native_sync_v4 ANDROID_EMU_dma_v1 ANDROID_EMU_direct_mem ANDROID_EMU_host_composition_v1 ANDROID_EMU_host_composition_v2 ANDROID_EMU_vulkan ANDROID_EMU_deferred_vulkan_commands ANDROID_EMU_vulkan_null_optional_strings ANDROID_EMU_vulkan_create_resources_w
05-28 14:27:30.945   489   508 I RenderEngine: GL_MAX_TEXTURE_SIZE = 16384
05-28 14:27:30.945   489   508 I RenderEngine: GL_MAX_VIEWPORT_DIMS = 16384
05-28 14:27:30.965   527   527 I perfetto:           probes.cc:104 Starting /system/bin/traced_probes service
05-28 14:27:30.971   527   527 I perfetto:  probes_producer.cc:386 Disconnected from tracing service
05-28 14:27:30.975   418   418 D AndroidRuntime: >>>>>> START com.android.internal.os.ZygoteInit uid 0 <<<<<<
05-28 14:27:30.981   529   529 W perfetto:          service.cc:250 Started traced, listening on /dev/socket/traced_producer /dev/socket/traced_consumer
05-28 14:27:30.983   418   418 I AndroidRuntime: Using default boot image
05-28 14:27:30.983   418   418 I AndroidRuntime: Leaving lock profiling enabled
05-28 14:27:30.976     1     1 W init    : type=1400 audit(0.0:6): avc:  denied  { getattr } for  path="/system/bin/logcat" dev="dm-5" ino=7934501 scontext=u:r:init:s0 tcontext=u:object_r:logcat_exec:s0 tclass=file permissive=0
05-28 14:27:30.985   418   418 I zygote64: option[0]=-Xzygote
05-28 14:27:30.985   418   418 I zygote64: option[1]=exit
05-28 14:27:30.985   418   418 I zygote64: option[2]=vfprintf
05-28 14:27:30.985   418   418 I zygote64: option[3]=sensitiveThread
05-28 14:27:30.985   418   418 I zygote64: option[4]=-verbose:gc
05-28 14:27:30.985   418   418 I zygote64: option[5]=-XX:PerfettoHprof=true
05-28 14:27:30.985   418   418 I zygote64: option[6]=-XX:PerfettoJavaHeapStackProf=true
05-28 14:27:30.985   418   418 I zygote64: option[7]=-Xprimaryzygote
05-28 14:27:30.985   418   418 I zygote64: option[8]=-Xms8m
05-28 14:27:30.986   418   418 I zygote64: option[9]=-Xmx512m
05-28 14:27:30.986   418   418 I zygote64: option[10]=-XX:HeapGrowthLimit=192m
05-28 14:27:30.986   418   418 I zygote64: option[11]=-XX:HeapMinFree=512k
05-28 14:27:30.986   418   418 I zygote64: option[12]=-XX:HeapMaxFree=8m
05-28 14:27:30.986   418   418 I zygote64: option[13]=-XX:HeapTargetUtilization=0.75
05-28 14:27:30.986   418   418 I zygote64: option[14]=-Xusejit:true
05-28 14:27:30.986   418   418 I zygote64: option[15]=-Xjitsaveprofilinginfo
05-28 14:27:30.986   418   418 I zygote64: option[16]=-XMadviseWillNeedVdexFileSize:104857600
05-28 14:27:30.986   418   418 I zygote64: option[17]=-XMadviseWillNeedOdexFileSize:104857600
05-28 14:27:30.986   418   418 I zygote64: option[18]=-XMadviseWillNeedArtFileSize:4294967295
05-28 14:27:30.986   418   418 I zygote64: option[19]=-XjdwpOptions:suspend=n,server=y
05-28 14:27:30.986   418   418 I zygote64: option[20]=-XjdwpProvider:default
05-28 14:27:30.986   418   418 I zygote64: option[21]=-Xopaque-jni-ids:swapable
05-28 14:27:30.986   418   418 I zygote64: option[22]=-Xcompiler-option
05-28 14:27:30.986   418   418 I zygote64: option[23]=--instruction-set-variant=x86_64
05-28 14:27:30.986   418   418 I zygote64: option[24]=-Xcompiler-option
05-28 14:27:30.986   418   418 I zygote64: option[25]=--instruction-set-features=default
05-28 14:27:30.986   418   418 I zygote64: option[26]=-Xcompiler-option
05-28 14:27:30.986   418   418 I zygote64: option[27]=--generate-mini-debug-info
05-28 14:27:30.986   418   418 I zygote64: option[28]=-Ximage-compiler-option
05-28 14:27:30.986   418   418 I zygote64: option[29]=--runtime-arg
05-28 14:27:30.986   418   418 I zygote64: option[30]=-Ximage-compiler-option
05-28 14:27:30.986   418   418 I zygote64: option[31]=-Xms64m
05-28 14:27:30.986   418   418 I zygote64: option[32]=-Ximage-compiler-option
05-28 14:27:30.986   418   418 I zygote64: option[33]=--runtime-arg
05-28 14:27:30.986   418   418 I zygote64: option[34]=-Ximage-compiler-option
05-28 14:27:30.986   418   418 I zygote64: option[35]=-Xmx64m
05-28 14:27:30.986   418   418 I zygote64: option[36]=-Ximage-compiler-option
05-28 14:27:30.986   418   418 I zygote64: option[37]=--dirty-image-objects=/apex/com.android.art/etc/dirty-image-objects
05-28 14:27:30.986   418   418 I zygote64: option[38]=-Ximage-compiler-option
05-28 14:27:30.986   418   418 I zygote64: option[39]=--dirty-image-objects=/system/etc/dirty-image-objects
05-28 14:27:30.986   418   418 I zygote64: option[40]=-Ximage-compiler-option
05-28 14:27:30.986   418   418 I zygote64: option[41]=--instruction-set-variant=x86_64
05-28 14:27:30.986   418   418 I zygote64: option[42]=-Ximage-compiler-option
05-28 14:27:30.986   418   418 I zygote64: option[43]=--instruction-set-features=default
05-28 14:27:30.986   418   418 I zygote64: option[44]=-Ximage-compiler-option
05-28 14:27:30.986   418   418 I zygote64: option[45]=--generate-mini-debug-info
05-28 14:27:30.986   418   418 I zygote64: option[46]=-Duser.locale=en-US
05-28 14:27:30.987   418   418 I zygote64: option[47]=-XX:NativeBridge=libndk_translation.so
05-28 14:27:30.987   418   418 I zygote64: option[48]=--cpu-abilist=x86_64,arm64-v8a
05-28 14:27:30.987   418   418 I zygote64: option[49]=-Xfingerprint:google/sdk_gphone64_x86_64/emu64xa:Baklava/BP22.250124.008/13028340:user/release-keys
05-28 14:27:30.991   418   418 I zygote64: Using CollectorTypeCMC GC.
05-28 14:27:30.991   446   468 D RanchuHwc: getBootConfigId: persistent boot config is not enabled.
05-28 14:27:30.992   446   468 D RanchuHwc: init display:0 with config: id: 0 w:1080 h:2400 dpi-x:420 dpi-y:420 vsync:60.000002 config-group:0
05-28 14:27:30.992   446   468 E RanchuHwc: start: failed to set Vsync thread priority: Invalid argument
05-28 14:27:30.992   446   534 I RanchuHwc: Vsync thread for display:0 starting
05-28 14:27:31.001   533   533 E bt_vhci_forwarder: setTerminalRaw failed /dev/bluetooth0: Inappropriate ioctl for device
05-28 14:27:31.033   536   536 I idmap2d : Starting
05-28 14:27:31.069   538   538 I installd: installd firing up
05-28 14:27:31.080   489   489 I HwcComposer: Loaded AIDL composer3 HAL service
05-28 14:27:31.085   489   489 E HwcComposer: getOverlaySupport failed Status(-8, EX_SERVICE_SPECIFIC): '8: '
05-28 14:27:31.088   489   489 I HWComposer: Switching to generalized multi-display mode
05-28 14:27:31.090   489   489 E HwcComposer: getMaxLayerPictureProfiles failed Status(-8, EX_SERVICE_SPECIFIC): '8: '
05-28 14:27:31.090   489   489 E HWComposer: getMaxLayerPictureProfiles: getMaxLayerPictureProfiles failed for display 4619827259835644672: UNSUPPORTED (8)
05-28 14:27:31.090   489   489 W HWC2    : Can't query capability Unknown. Display Capabilities were not queried from HWC yet
05-28 14:27:31.090   489   489 I SurfaceFlinger: Connecting display 4619827259835644672(HAL ID 0)
05-28 14:27:31.104   489   489 E HwcComposer: getPerFrameMetadataKeys failed Status(-8, EX_SERVICE_SPECIFIC): '8: '
05-28 14:27:31.107   546   546 I wificond: wificond is starting up...
05-28 14:27:31.139   549   549 I gatekeeperd: Starting gatekeeperd...
05-28 14:27:31.144   546   546 I HidlServiceManagement: Registered android.system.wifi.keystore@1.0::IKeystore/default
05-28 14:27:31.147   551   551 I usbd    : persistent prop is adb
05-28 14:27:31.152   553   553 I flags_health_check: ServerConfigurableFlagsReset reset_mode value: 0
05-28 14:27:31.152   553   553 I flags_health_check: ServerConfigurableFlagsReset attempted boot count is under threshold, skipping reset.
05-28 14:27:31.161   549   549 W gatekeeperd: Thread Pool max thread count is 0. Cannot cache binder as linkToDeath cannot be implemented. serviceName: android.hardware.gatekeeper.IGatekeeper/default
05-28 14:27:31.165   545   545 W storaged: Thread Pool max thread count is 0. Cannot cache binder as linkToDeath cannot be implemented. serviceName: android.hardware.health.IHealth/default
05-28 14:27:31.166   545   545 I ServiceManagerCppClient: Waiting for service 'package_native' on '/dev/binder'...
05-28 14:27:31.170   176   176 I hwservicemanager: getTransport: Cannot find entry android.hardware.usb.gadget@1.0::IUsbGadget/default in either framework or device VINTF manifest.
05-28 14:27:31.176   551   551 I usbd    : Usb HAL not found
05-28 14:27:31.183   527   527 I perfetto:  probes_producer.cc:345 Connected to the service
05-28 14:27:31.206   489   489 I Scheduler: Display 4619827259835644672 is the pacesetter
05-28 14:27:31.207   489   559 W EventThread: Ignoring VSYNC request while display is disconnected
05-28 14:27:31.216   489   560 W EventThread: Ignoring VSYNC request while display is disconnected
05-28 14:27:31.217   489   489 I Scheduler: Display 4619827259835644672 is the pacesetter
05-28 14:27:31.217   489   489 D DisplayModeController: setDesiredMode 4619827259835644672 {mode={fps=60.00 Hz, modePtr={id=0, vsyncRate=60.00 Hz, peakRefreshRate=60.00 Hz}}, emitEvent=true, force=false}
05-28 14:27:31.218   489   564 W SurfaceFlinger: Failed to set thread name on dispatch thread
05-28 14:27:31.222   497   566 I adbd    : host-12: write thread spawning
05-28 14:27:31.223   497   567 I adbd    : host-16: read thread spawning
05-28 14:27:31.223   497   565 I adbd    : host-12: read thread spawning
05-28 14:27:31.224   176   176 I hwservicemanager: getTransport: Cannot find entry android.frameworks.displayservice@1.0::IDisplayService/default in either framework or device VINTF manifest.
05-28 14:27:31.224   489   489 E HidlServiceManagement: Service android.frameworks.displayservice@1.0::IDisplayService/default must be in VINTF manifest in order to register/get.
05-28 14:27:31.224   489   489 E SurfaceFlinger: Did not register (deprecated) IDisplayService service.
05-28 14:27:31.224   489   489 D SurfaceFlinger: Setting power mode 0 on display 4619827259835644672
05-28 14:27:31.224   489   489 D SurfaceFlinger: Setting power mode 2 on display 4619827259835644672
05-28 14:27:31.224   489   489 D SurfaceFlinger: Finished setting power mode 2 on display 4619827259835644672
05-28 14:27:31.225   497   568 I adbd    : host-16: write thread spawning
05-28 14:27:31.229   539   539 I main_extractorservice: enable media.extractor memory limits
05-28 14:27:31.230   539   539 V MediaUtils: physMem: 2067255296
05-28 14:27:31.230   539   539 V MediaUtils: requested limit: 413451040
05-28 14:27:31.234   539   539 I libc    : malloc_limit: Allocation limit enabled, max size 413451040 bytes
05-28 14:27:31.243   497   497 I adbd    : adbd_auth: loading keys from /data/misc/adb/adb_keys
05-28 14:27:31.247   539   539 W mediaextractor: Could not read additional policy file '/vendor/etc/seccomp_policy/mediaextractor.policy'
05-28 14:27:31.247   539   539 W mediaextractor: libminijail[539]: failed to get path of fd 4: No such file or directory
05-28 14:27:31.248   539   539 W mediaextractor: libminijail[539]: allowing syscall: socket
05-28 14:27:31.248   539   539 W mediaextractor: libminijail[539]: allowing syscall: connect
05-28 14:27:31.248   539   539 W mediaextractor: libminijail[539]: allowing syscall: fcntl
05-28 14:27:31.248   539   539 W mediaextractor: libminijail[539]: allowing syscall: writev
05-28 14:27:31.249   539   539 W mediaextractor: libminijail[539]: compile_file: <fd>(48): syscall readlinkat redefined here
05-28 14:27:31.249   539   539 W mediaextractor: libminijail[539]: compile_file: <fd>(43): previous definition here
05-28 14:27:31.249   539   539 W mediaextractor: libminijail[539]: compile_file: <fd>(54): syscall gettid redefined here
05-28 14:27:31.249   539   539 W mediaextractor: libminijail[539]: compile_file: <fd>(51): previous definition here
05-28 14:27:31.251   539   539 W mediaextractor: libminijail[539]: compile_file: /apex/com.android.media/etc/seccomp_policy/crash_dump.x86_64.policy(1): syscall read redefined here
05-28 14:27:31.251   539   539 W mediaextractor: libminijail[539]: compile_file: <fd>(19): previous definition here
05-28 14:27:31.251   539   539 W mediaextractor: libminijail[539]: compile_file: /apex/com.android.media/etc/seccomp_policy/crash_dump.x86_64.policy(2): syscall write redefined here
05-28 14:27:31.251   539   539 W mediaextractor: libminijail[539]: compile_file: <fd>(6): previous definition here
05-28 14:27:31.251   539   539 W mediaextractor: libminijail[539]: compile_file: /apex/com.android.media/etc/seccomp_policy/crash_dump.x86_64.policy(3): syscall exit redefined here
05-28 14:27:31.251   539   539 W mediaextractor: libminijail[539]: compile_file: <fd>(29): previous definition here
05-28 14:27:31.251   539   539 W mediaextractor: libminijail[539]: compile_file: /apex/com.android.media/etc/seccomp_policy/crash_dump.x86_64.policy(4): syscall rt_sigreturn redefined here
05-28 14:27:31.251   539   539 W mediaextractor: libminijail[539]: compile_file: <fd>(31): previous definition here
05-28 14:27:31.251   539   539 W mediaextractor: libminijail[539]: compile_file: /apex/com.android.media/etc/seccomp_policy/crash_dump.x86_64.policy(5): syscall exit_group redefined here
05-28 14:27:31.251   539   539 W mediaextractor: libminijail[539]: compile_file: <fd>(30): previous definition here
05-28 14:27:31.252   539   539 W mediaextractor: libminijail[539]: compile_file: /apex/com.android.media/etc/seccomp_policy/crash_dump.x86_64.policy(6): syscall clock_gettime redefined here
05-28 14:27:31.252   539   539 W mediaextractor: libminijail[539]: compile_file: <fd>(15): previous definition here
05-28 14:27:31.252   539   539 W mediaextractor: libminijail[539]: compile_file: /apex/com.android.media/etc/seccomp_policy/crash_dump.x86_64.policy(8): syscall futex redefined here
05-28 14:27:31.252   539   539 W mediaextractor: libminijail[539]: compile_file: <fd>(4): previous definition here
05-28 14:27:31.252   539   539 W mediaextractor: libminijail[539]: compile_file: /apex/com.android.media/etc/seccomp_policy/crash_dump.x86_64.policy(9): syscall getrandom redefined here
05-28 14:27:31.252   539   539 W mediaextractor: libminijail[539]: compile_file: <fd>(36): previous definition here
05-28 14:27:31.252   539   539 W mediaextractor: libminijail[539]: compile_file: /apex/com.android.media/etc/seccomp_policy/crash_dump.x86_64.policy(10): syscall getpid redefined here
05-28 14:27:31.252   539   539 W mediaextractor: libminijail[539]: compile_file: <fd>(53): previous definition here
05-28 14:27:31.252   539   539 W mediaextractor: libminijail[539]: compile_file: /apex/com.android.media/etc/seccomp_policy/crash_dump.x86_64.policy(11): syscall gettid redefined here
05-28 14:27:31.252   539   539 W mediaextractor: libminijail[539]: compile_file: <fd>(51): previous definition here
05-28 14:27:31.253   539   539 W mediaextractor: libminijail[539]: compile_file: /apex/com.android.media/etc/seccomp_policy/crash_dump.x86_64.policy(14): syscall openat redefined here
05-28 14:27:31.253   539   539 W mediaextractor: libminijail[539]: compile_file: <fd>(13): previous definition here
05-28 14:27:31.253   539   539 W mediaextractor: libminijail[539]: compile_file: /apex/com.android.media/etc/seccomp_policy/crash_dump.x86_64.policy(15): syscall dup redefined here
05-28 14:27:31.253   539   539 W mediaextractor: libminijail[539]: compile_file: <fd>(9): previous definition here
05-28 14:27:31.253   539   539 W mediaextractor: libminijail[539]: compile_file: /apex/com.android.media/etc/seccomp_policy/crash_dump.x86_64.policy(16): syscall close redefined here
05-28 14:27:31.254   539   539 W mediaextractor: libminijail[539]: compile_file: <fd>(8): previous definition here
05-28 14:27:31.254   539   539 W mediaextractor: libminijail[539]: compile_file: /apex/com.android.media/etc/seccomp_policy/crash_dump.x86_64.policy(17): syscall lseek redefined here
05-28 14:27:31.254   539   539 W mediaextractor: libminijail[539]: compile_file: <fd>(20): previous definition here
05-28 14:27:31.254   539   539 W mediaextractor: libminijail[539]: compile_file: /apex/com.android.media/etc/seccomp_policy/crash_dump.x86_64.policy(18): syscall getdents64 redefined here
05-28 14:27:31.254   539   539 W mediaextractor: libminijail[539]: compile_file: <fd>(42): previous definition here
05-28 14:27:31.255   539   539 W mediaextractor: libminijail[539]: compile_file: /apex/com.android.media/etc/seccomp_policy/crash_dump.x86_64.policy(19): syscall faccessat redefined here
05-28 14:27:31.255   539   539 W mediaextractor: libminijail[539]: compile_file: <fd>(32): previous definition here
05-28 14:27:31.255   539   539 W mediaextractor: libminijail[539]: compile_file: /apex/com.android.media/etc/seccomp_policy/crash_dump.x86_64.policy(29): syscall prctl redefined here
05-28 14:27:31.255   539   539 W mediaextractor: libminijail[539]: compile_file: <fd>(5): previous definition here
05-28 14:27:31.256   539   539 W mediaextractor: libminijail[539]: compile_file: /apex/com.android.media/etc/seccomp_policy/crash_dump.x86_64.policy(30): syscall madvise redefined here
05-28 14:27:31.256   539   539 W mediaextractor: libminijail[539]: compile_file: <fd>(12): previous definition here
05-28 14:27:31.256   539   539 W mediaextractor: libminijail[539]: compile_file: /apex/com.android.media/etc/seccomp_policy/crash_dump.x86_64.policy(31): syscall mprotect redefined here
05-28 14:27:31.256   539   539 W mediaextractor: libminijail[539]: compile_file: <fd>(18): previous definition here
05-28 14:27:31.258   539   539 W mediaextractor: libminijail[539]: compile_file: /apex/com.android.media/etc/seccomp_policy/crash_dump.x86_64.policy(32): syscall munmap redefined here
05-28 14:27:31.258   539   539 W mediaextractor: libminijail[539]: compile_file: <fd>(10): previous definition here
05-28 14:27:31.258   539   539 W mediaextractor: libminijail[539]: compile_file: /apex/com.android.media/etc/seccomp_policy/crash_dump.x86_64.policy(33): syscall getuid redefined here
05-28 14:27:31.258   539   539 W mediaextractor: libminijail[539]: compile_file: <fd>(22): previous definition here
05-28 14:27:31.258   539   539 W mediaextractor: libminijail[539]: compile_file: /apex/com.android.media/etc/seccomp_policy/crash_dump.x86_64.policy(34): syscall fstat redefined here
05-28 14:27:31.258   539   539 W mediaextractor: libminijail[539]: compile_file: <fd>(25): previous definition here
05-28 14:27:31.258   539   539 W mediaextractor: libminijail[539]: compile_file: /apex/com.android.media/etc/seccomp_policy/crash_dump.x86_64.policy(35): syscall mmap redefined here
05-28 14:27:31.258   539   539 W mediaextractor: libminijail[539]: compile_file: <fd>(11): previous definition here
05-28 14:27:31.258   541   541 V MediaUtils: physMem: 2067255296
05-28 14:27:31.258   541   541 V MediaUtils: requested limit: 134217728
05-28 14:27:31.261   539   539 W mediaextractor: libminijail[539]: logging seccomp filter failures
05-28 14:27:31.270   541   541 I libc    : malloc_limit: Allocation limit enabled, max size 134217728 bytes
05-28 14:27:31.270   542   542 I mediaserver: ServiceManager: 0x7032a1e35890
05-28 14:27:31.279   541   541 D AudioPowerUsage: AudioPowerUsage
05-28 14:27:31.279   541   541 D AudioAnalytics: AudioAnalytics
05-28 14:27:31.280   541   541 D MediaMetricsService: MediaMetricsService
05-28 14:27:31.281   542   542 W BatteryNotifier: batterystats service unavailable!
05-28 14:27:31.294   542   542 W BatteryNotifier: batterystats service unavailable!
05-28 14:27:31.363   485   485 I ServiceManagerCppClient: Waiting for service 'media.metrics' on '/dev/binder' successful after waiting 441ms
05-28 14:27:31.384   541   574 I ServiceManagerCppClient: Waiting for service 'package_native' on '/dev/binder'...
05-28 14:27:31.402   485   485 D audioserver: main: AudioFlinger created
05-28 14:27:31.405   485   485 D AudioSystem: onNewServiceWithAdapter: media.audio_flinger service obtained 0x7c12a51d6840
05-28 14:27:31.408   485   485 E AudioFlinger: Function: getAudioPolicyConfig Line: 2707 Failed 
05-28 14:27:31.468   485   485 D APM_EngineLoader: Loaded engine from libaudiopolicyenginedefault.so
05-28 14:27:31.468   485   485 D APM::AudioPolicyEngine/Base: loadAudioPolicyEngineConfig: No configuration found, using default matching phone experience.
05-28 14:27:31.475   485   485 W APM::AudioPolicyEngine/Base: processParsingResult: No configuration of AUDIO_STREAM_CALL_ASSISTANT found, using default volume configuration
05-28 14:27:31.480   485   485 W DeviceHalHidl: getSoundDoseInterface service android.hardware.audio.sounddose.ISoundDoseFactory/default doesn't exist
05-28 14:27:31.480   485   485 W MelReporter: activateHalSoundDoseComputation: HAL cannot provide sound dose interface for module primary
05-28 14:27:31.480   485   485 W AudioFlinger: loadHwModule() sound dose reporting is not available
05-28 14:27:31.485   485   485 I AudioFlinger: loadHwModule() Loaded primary audio interface, handle 10
05-28 14:27:31.499   485   485 I AudioFlinger: openOutput() this 0x7c12a51d6840, module 10 Device AUDIO_DEVICE_OUT_SPEAKER, @:, SamplingRate 48000, Format 0x000001, Channels 0x3, flags 0x2
05-28 14:27:31.512   485   485 I AudioFlinger: operator(): Using 3000 ms as standby time
05-28 14:27:31.516   485   485 I AudioFlinger: HAL output buffer size 1088 frames, normal sink buffer size 1088 frames
05-28 14:27:31.525   485   485 W FactoryHal: hasAidlHalService android.hardware.audio.effect.IFactory/default: false
05-28 14:27:31.537   176   176 I hwservicemanager: getTransport: Cannot find entry android.hardware.audio.effect@7.1::IEffectsFactory/default in either framework or device VINTF manifest.
05-28 14:27:31.559   485   485 W FactoryHal: hasAidlHalService android.hardware.audio.core.IModule/default: false
05-28 14:27:31.618   539   539 I MediaExtractorFactory: plugin directory not present (/system/lib64/extractors)
05-28 14:27:31.618   539   539 I MediaExtractorFactory: plugin directory not present (/system_ext/lib64/extractors)
05-28 14:27:31.625   485   485 I BufferProvider: found effect "Multichannel Downmix To Stereo" from The Android Open Source Project
05-28 14:27:31.627   485   485 D AudioFlinger: Failed to add event callback
05-28 14:27:31.629   485   593 I AudioFlinger: AudioFlinger's thread 0x7c14205ec760 tid=593 ready to run
05-28 14:27:31.636   485   593 W AudioFlinger: no wake lock to update, system not ready yet
05-28 14:27:31.637   426   471 E android.hardware.audio@7.1-impl.ranchu: getPresentationPosition:510 failure: Result::INVALID_STATE
05-28 14:27:31.644   485   485 V APM_AudioPolicyManager: checkAndSetVolume if deviceTypes is change from none to device 0x2, need get index 0
05-28 14:27:31.644   485   485 E APM_AudioPolicyManager: invalid volume index range in the curve:
05-28 14:27:31.644   485   485 E APM_AudioPolicyManager:   Can be muted  Index Min  Index Max  Index Cur [device : index]...
05-28 14:27:31.644   485   485 E APM_AudioPolicyManager:   true          -1         -1         40000000 : 00, 
05-28 14:27:31.644   485   485 V APM_AudioPolicyManager: checkAndSetVolume if deviceTypes is change from none to device 0x2, need get index 0
05-28 14:27:31.644   485   485 E APM_AudioPolicyManager: invalid volume index range in the curve:
05-28 14:27:31.644   485   485 E APM_AudioPolicyManager:   Can be muted  Index Min  Index Max  Index Cur [device : index]...
05-28 14:27:31.644   485   485 E APM_AudioPolicyManager:   true          -1         -1         40000000 : 00, 
05-28 14:27:31.644   485   485 V APM_AudioPolicyManager: checkAndSetVolume if deviceTypes is change from none to device 0x2, need get index 0
05-28 14:27:31.644   485   485 E APM_AudioPolicyManager: invalid volume index range in the curve:
05-28 14:27:31.644   485   485 E APM_AudioPolicyManager:   Can be muted  Index Min  Index Max  Index Cur [device : index]...
05-28 14:27:31.644   485   485 E APM_AudioPolicyManager:   true          -1         -1         40000000 : 00, 
05-28 14:27:31.644   485   485 V APM_AudioPolicyManager: checkAndSetVolume if deviceTypes is change from none to device 0x2, need get index 0
05-28 14:27:31.644   485   485 E APM_AudioPolicyManager: invalid volume index range in the curve:
05-28 14:27:31.644   485   485 E APM_AudioPolicyManager:   Can be muted  Index Min  Index Max  Index Cur [device : index]...
05-28 14:27:31.644   485   485 E APM_AudioPolicyManager:   true          -1         -1         40000000 : 00, 
05-28 14:27:31.644   485   485 V APM_AudioPolicyManager: checkAndSetVolume if deviceTypes is change from none to device 0x2, need get index 0
05-28 14:27:31.645   485   485 E APM_AudioPolicyManager: invalid volume index range in the curve:
05-28 14:27:31.645   485   485 E APM_AudioPolicyManager:   Can be muted  Index Min  Index Max  Index Cur [device : index]...
05-28 14:27:31.645   485   485 E APM_AudioPolicyManager:   true          -1         -1         40000000 : 00, 
05-28 14:27:31.645   485   485 V APM_AudioPolicyManager: checkAndSetVolume if deviceTypes is change from none to device 0x2, need get index 0
05-28 14:27:31.645   485   485 E APM_AudioPolicyManager: invalid volume index range in the curve:
05-28 14:27:31.645   485   485 E APM_AudioPolicyManager:   Can be muted  Index Min  Index Max  Index Cur [device : index]...
05-28 14:27:31.645   485   485 E APM_AudioPolicyManager:   true          -1         -1         40000000 : 00, 
05-28 14:27:31.645   485   485 V APM_AudioPolicyManager: checkAndSetVolume if deviceTypes is change from none to device 0x2, need get index 0
05-28 14:27:31.645   485   485 E APM_AudioPolicyManager: invalid volume index range in the curve:
05-28 14:27:31.645   485   485 E APM_AudioPolicyManager:   Can be muted  Index Min  Index Max  Index Cur [device : index]...
05-28 14:27:31.645   485   485 E APM_AudioPolicyManager:   true          -1         -1         40000000 : 00, 
05-28 14:27:31.645   485   485 V APM_AudioPolicyManager: checkAndSetVolume if deviceTypes is change from none to device 0x2, need get index 0
05-28 14:27:31.645   485   485 E APM_AudioPolicyManager: invalid volume index range in the curve:
05-28 14:27:31.645   485   485 E APM_AudioPolicyManager:   Can be muted  Index Min  Index Max  Index Cur [device : index]...
05-28 14:27:31.645   485   485 E APM_AudioPolicyManager:   true          -1         -1         40000000 : 00, 
05-28 14:27:31.645   485   485 V APM_AudioPolicyManager: checkAndSetVolume if deviceTypes is change from none to device 0x2, need get index 0
05-28 14:27:31.645   485   485 V APM_AudioPolicyManager: computeVolume volume source 9, index 0,  devices 0x2, compute internal 1 
05-28 14:27:31.645   485   485 V APM_AudioPolicyManager: checkAndSetVolume if deviceTypes is change from none to device 0x2, need get index 0
05-28 14:27:31.645   485   485 V APM_AudioPolicyManager: computeVolume volume source 10, index 0,  devices 0x2, compute internal 1 
05-28 14:27:31.645   485   485 V APM_AudioPolicyManager: checkAndSetVolume if deviceTypes is change from none to device 0x2, need get index 0
05-28 14:27:31.645   485   485 E APM_AudioPolicyManager: invalid volume index range in the curve:
05-28 14:27:31.645   485   485 E APM_AudioPolicyManager:   Can be muted  Index Min  Index Max  Index Cur [device : index]...
05-28 14:27:31.645   485   485 E APM_AudioPolicyManager:   true          -1         -1         40000000 : 00, 
05-28 14:27:31.645   485   485 V APM_AudioPolicyManager: checkAndSetVolume if deviceTypes is change from none to device 0x2, need get index 0
05-28 14:27:31.645   485   485 E APM_AudioPolicyManager: invalid volume index range in the curve:
05-28 14:27:31.645   485   485 E APM_AudioPolicyManager:   Can be muted  Index Min  Index Max  Index Cur [device : index]...
05-28 14:27:31.645   485   485 E APM_AudioPolicyManager:   true          -1         -1         40000000 : 00, 
05-28 14:27:31.645   485   485 V APM_AudioPolicyManager: checkAndSetVolume if deviceTypes is change from none to device 0x2, need get index 0
05-28 14:27:31.645   485   485 E APM_AudioPolicyManager: invalid volume index range in the curve:
05-28 14:27:31.645   485   485 E APM_AudioPolicyManager:   Can be muted  Index Min  Index Max  Index Cur [device : index]...
05-28 14:27:31.645   485   485 E APM_AudioPolicyManager:   true          -1         -1         40000000 : 00, 
05-28 14:27:31.646   485   485 V APM_AudioPolicyManager: checkAndSetVolume if deviceTypes is change from none to device 0x2, need get index 0
05-28 14:27:31.646   485   485 E APM_AudioPolicyManager: invalid volume index range in the curve:
05-28 14:27:31.646   485   485 E APM_AudioPolicyManager:   Can be muted  Index Min  Index Max  Index Cur [device : index]...
05-28 14:27:31.646   485   485 E APM_AudioPolicyManager:   true          -1         -1         40000000 : 00, 
05-28 14:27:31.646   485   485 V APM_AudioPolicyManager: checkAndSetVolume if deviceTypes is change from none to device 0x2, need get index 0
05-28 14:27:31.646   485   485 V APM_AudioPolicyManager: computeVolume volume source 15, index 0,  devices 0x2, compute internal 1 
05-28 14:27:31.663   485   485 W AudioFlinger: moveEffects() AUDIO_SESSION_OUTPUT_MIX not found in orphans, checking other mix
05-28 14:27:31.663   485   485 W AudioFlinger: moveEffects() bad srcIo 0
05-28 14:27:31.663   485   485 V APM_AudioPolicyManager: selectOutputForMusicEffects selected output 13
05-28 14:27:31.663   485   485 V APM_AudioPolicyManager: setOutputDevices caller onNewAudioModulesAvailableInt[[portId:1][io:13, primary output]] device {AUDIO_DEVICE_OUT_SPEAKER, @:} delayMs 0
05-28 14:27:31.663   485   485 V APM_AudioPolicyManager: setOutputDevices caller onNewAudioModulesAvailableInt[[portId:1][io:13, primary output]] prevDevice {AUDIO_DEVICE_OUT_SPEAKER, @:}
05-28 14:27:31.664   485   485 I APM::AudioPolicyEngine: getDevicesForStrategyInt no device found for strategy 7
05-28 14:27:31.665   485   485 V APM_AudioPolicyManager: setOutputDevices caller onNewAudioModulesAvailableInt[[portId:1][io:13, primary output]] changing device to {AUDIO_DEVICE_OUT_SPEAKER, @:}
05-28 14:27:31.711   485   593 W AudioFlinger: no wake lock to update, system not ready yet
05-28 14:27:31.713   485   593 D AudioFlinger: updateHalSupportedLatencyModes_l: thread(13) status -38 supported latency modes: { }
05-28 14:27:31.715   485   485 V APM_AudioPolicyManager: setOutputDevices() AF::createAudioPatch returned 0 patchHandle 12 num_sources 1 num_sinks 1
05-28 14:27:31.718   485   485 V APM_AudioPolicyManager: computeVolume volume source 9, index 0,  devices 0x2, compute internal 1 
05-28 14:27:31.718   485   485 V APM_AudioPolicyManager: computeVolume volume source 10, index 0,  devices 0x2, compute internal 1 
05-28 14:27:31.718   485   485 V APM_AudioPolicyManager: computeVolume volume source 15, index 0,  devices 0x2, compute internal 1 
05-28 14:27:31.719   485   485 I AudioFlinger: openOutput() this 0x7c12a51d6840, module 10 Device AUDIO_DEVICE_OUT_TELEPHONY_TX, @:, SamplingRate 48000, Format 0x000001, Channels 0x3, flags 0
05-28 14:27:31.721   485   485 I AudioFlinger: HAL output buffer size 1088 frames, normal sink buffer size 1088 frames
05-28 14:27:31.723   485   485 D AudioFlinger: Failed to add event callback
05-28 14:27:31.725   485   596 I AudioFlinger: AudioFlinger's thread 0x7c1420578760 tid=596 ready to run
05-28 14:27:31.725   485   596 W AudioFlinger: no wake lock to update, system not ready yet
05-28 14:27:31.726   426   471 E android.hardware.audio@7.1-impl.ranchu: getPresentationPosition:510 failure: Result::INVALID_STATE
05-28 14:27:31.726   485   485 V APM_AudioPolicyManager: checkAndSetVolume if deviceTypes is change from none to device 0x10000, need get index 0
05-28 14:27:31.726   485   485 V APM_AudioPolicyManager: checkAndSetVolume if deviceTypes is change from none to device 0x10000, need get index 0
05-28 14:27:31.726   485   485 V APM_AudioPolicyManager: checkAndSetVolume if deviceTypes is change from none to device 0x10000, need get index 0
05-28 14:27:31.726   485   485 V APM_AudioPolicyManager: checkAndSetVolume if deviceTypes is change from none to device 0x10000, need get index 0
05-28 14:27:31.726   485   485 V APM_AudioPolicyManager: checkAndSetVolume if deviceTypes is change from none to device 0x10000, need get index 0
05-28 14:27:31.727   485   485 V APM_AudioPolicyManager: checkAndSetVolume if deviceTypes is change from none to device 0x10000, need get index 0
05-28 14:27:31.727   485   485 V APM_AudioPolicyManager: checkAndSetVolume if deviceTypes is change from none to device 0x10000, need get index 0
05-28 14:27:31.727   485   485 V APM_AudioPolicyManager: checkAndSetVolume if deviceTypes is change from none to device 0x10000, need get index 0
05-28 14:27:31.727   485   485 V APM_AudioPolicyManager: checkAndSetVolume if deviceTypes is change from none to device 0x10000, need get index 0
05-28 14:27:31.727   485   485 V APM_AudioPolicyManager: computeVolume volume source 9, index 0,  devices 0x10000, compute internal 1 
05-28 14:27:31.728   485   485 V APM_AudioPolicyManager: checkAndSetVolume if deviceTypes is change from none to device 0x10000, need get index 0
05-28 14:27:31.728   485   485 V APM_AudioPolicyManager: computeVolume volume source 10, index 0,  devices 0x10000, compute internal 1 
05-28 14:27:31.728   485   485 V APM_AudioPolicyManager: checkAndSetVolume if deviceTypes is change from none to device 0x10000, need get index 0
05-28 14:27:31.728   485   485 V APM_AudioPolicyManager: checkAndSetVolume if deviceTypes is change from none to device 0x10000, need get index 0
05-28 14:27:31.728   485   485 V APM_AudioPolicyManager: checkAndSetVolume if deviceTypes is change from none to device 0x10000, need get index 0
05-28 14:27:31.728   485   485 V APM_AudioPolicyManager: checkAndSetVolume if deviceTypes is change from none to device 0x10000, need get index 0
05-28 14:27:31.728   485   485 V APM_AudioPolicyManager: checkAndSetVolume if deviceTypes is change from none to device 0x10000, need get index 0
05-28 14:27:31.728   485   485 V APM_AudioPolicyManager: computeVolume volume source 15, index 0,  devices 0x10000, compute internal 1 
05-28 14:27:31.730   485   485 V APM_AudioPolicyManager: selectOutputForMusicEffects selected output 13
05-28 14:27:31.731   485   485 V APM_AudioPolicyManager: setOutputDevices caller onNewAudioModulesAvailableInt[[portId:4][io:21, telephony_tx]] device {AUDIO_DEVICE_OUT_TELEPHONY_TX, @:} delayMs 0
05-28 14:27:31.731   485   485 V APM_AudioPolicyManager: setOutputDevices caller onNewAudioModulesAvailableInt[[portId:4][io:21, telephony_tx]] prevDevice {AUDIO_DEVICE_OUT_TELEPHONY_TX, @:}
05-28 14:27:31.731   485   485 V APM_AudioPolicyManager: setOutputDevices caller onNewAudioModulesAvailableInt[[portId:4][io:21, telephony_tx]] changing device to {AUDIO_DEVICE_OUT_TELEPHONY_TX, @:}
05-28 14:27:31.729   570   570 D BootAnimation: BootAnimationStartTiming start time: 12259ms
05-28 14:27:31.735   485   596 W AudioFlinger: no wake lock to update, system not ready yet
05-28 14:27:31.736   485   596 D AudioFlinger: updateHalSupportedLatencyModes_l: thread(21) status -38 supported latency modes: { }
05-28 14:27:31.737   570   570 D BootAnimation: BootAnimationPreloadTiming start time: 12267ms
05-28 14:27:31.738   485   485 V APM_AudioPolicyManager: setOutputDevices() AF::createAudioPatch returned 0 patchHandle 20 num_sources 1 num_sinks 1
05-28 14:27:31.741   485   485 V APM_AudioPolicyManager: computeVolume volume source 9, index 0,  devices 0x10000, compute internal 1 
05-28 14:27:31.741   485   485 V APM_AudioPolicyManager: computeVolume volume source 10, index 0,  devices 0x10000, compute internal 1 
05-28 14:27:31.741   485   485 V APM_AudioPolicyManager: computeVolume volume source 15, index 0,  devices 0x10000, compute internal 1 
05-28 14:27:31.755   570   570 D BootAnimation: /product/media/bootanimation.zip is loaded successfully
05-28 14:27:31.758   485   598 I AudioFlinger: AudioFlinger's thread 0x7c14204a3a78 tid=598 ready to run
05-28 14:27:31.762   485   598 W AudioFlinger: no wake lock to update, system not ready yet
05-28 14:27:31.782   485   600 I AudioFlinger: AudioFlinger's thread 0x7c14204a3a78 tid=600 ready to run
05-28 14:27:31.782   548   548 I mediaswcodec: media swcodec service starting
05-28 14:27:31.783   548   548 W mediaswcodec: Could not read additional policy file '/vendor/etc/seccomp_policy/mediaswcodec.policy'
05-28 14:27:31.783   548   548 W mediaswcodec: libminijail[548]: failed to get path of fd 4: No such file or directory
05-28 14:27:31.783   548   548 W mediaswcodec: libminijail[548]: allowing syscall: socket
05-28 14:27:31.784   548   548 W mediaswcodec: libminijail[548]: allowing syscall: connect
05-28 14:27:31.784   548   548 W mediaswcodec: libminijail[548]: allowing syscall: fcntl
05-28 14:27:31.784   548   548 W mediaswcodec: libminijail[548]: allowing syscall: writev
05-28 14:27:31.784   548   548 W mediaswcodec: libminijail[548]: compile_file: <fd>(20): nonexistent syscall 'getuid32'
05-28 14:27:31.784   548   548 W mediaswcodec: libminijail[548]: compile_file: <fd>(26): nonexistent syscall 'mmap2'
05-28 14:27:31.785   548   548 W mediaswcodec: libminijail[548]: compile_file: <fd>(28): nonexistent syscall 'fstat64'
