05-28 14:27:31.785   548   548 W mediaswcodec: libminijail[548]: compile_file: <fd>(31): nonexistent syscall 'stat64'
05-28 14:27:31.785   548   548 W mediaswcodec: libminijail[548]: compile_file: <fd>(32): nonexistent syscall 'statfs64'
05-28 14:27:31.785   548   548 W mediaswcodec: libminijail[548]: compile_file: <fd>(34): nonexistent syscall 'fstatat64'
05-28 14:27:31.786   485   600 W AudioFlinger: no wake lock to update, system not ready yet
05-28 14:27:31.786   548   548 W mediaswcodec: libminijail[548]: compile_file: <fd>(39): nonexistent syscall '_llseek'
05-28 14:27:31.786   548   548 W mediaswcodec: libminijail[548]: compile_file: <fd>(48): nonexistent syscall 'ugetrlimit'
05-28 14:27:31.786   548   548 W mediaswcodec: libminijail[548]: compile_file: <fd>(51): nonexistent syscall '_llseek'
05-28 14:27:31.787   548   548 W mediaswcodec: libminijail[548]: compile_file: <fd>(52): nonexistent syscall 'fstatfs64'
05-28 14:27:31.787   548   548 W mediaswcodec: libminijail[548]: compile_file: <fd>(64): nonexistent syscall 'ftruncate64'
05-28 14:27:31.787   548   548 W mediaswcodec: libminijail[548]: compile_file: <fd>(70): syscall gettid redefined here
05-28 14:27:31.787   548   548 W mediaswcodec: libminijail[548]: compile_file: <fd>(67): previous definition here
05-28 14:27:31.788   548   548 W mediaswcodec: libminijail[548]: compile_file: /apex/com.android.media.swcodec/etc/seccomp_policy/crash_dump.x86_64.policy(1): syscall read redefined here
05-28 14:27:31.788   548   548 W mediaswcodec: libminijail[548]: compile_file: <fd>(15): previous definition here
05-28 14:27:31.788   548   548 W mediaswcodec: libminijail[548]: compile_file: /apex/com.android.media.swcodec/etc/seccomp_policy/crash_dump.x86_64.policy(2): syscall write redefined here
05-28 14:27:31.789   548   548 W mediaswcodec: libminijail[548]: compile_file: <fd>(58): previous definition here
05-28 14:27:31.789   548   548 W mediaswcodec: libminijail[548]: compile_file: /apex/com.android.media.swcodec/etc/seccomp_policy/crash_dump.x86_64.policy(3): syscall exit redefined here
05-28 14:27:31.789   548   548 W mediaswcodec: libminijail[548]: compile_file: <fd>(45): previous definition here
05-28 14:27:31.789   548   548 W mediaswcodec: libminijail[548]: compile_file: /apex/com.android.media.swcodec/etc/seccomp_policy/crash_dump.x86_64.policy(4): syscall rt_sigreturn redefined here
05-28 14:27:31.790   548   548 W mediaswcodec: libminijail[548]: compile_file: <fd>(47): previous definition here
05-28 14:27:31.790   548   548 W mediaswcodec: libminijail[548]: compile_file: /apex/com.android.media.swcodec/etc/seccomp_policy/crash_dump.x86_64.policy(5): syscall exit_group redefined here
05-28 14:27:31.791   548   548 W mediaswcodec: libminijail[548]: compile_file: <fd>(46): previous definition here
05-28 14:27:31.791   548   548 W mediaswcodec: libminijail[548]: compile_file: /apex/com.android.media.swcodec/etc/seccomp_policy/crash_dump.x86_64.policy(8): syscall futex redefined here
05-28 14:27:31.791   548   548 W mediaswcodec: libminijail[548]: compile_file: <fd>(36): previous definition here
05-28 14:27:31.791   548   548 W mediaswcodec: libminijail[548]: compile_file: /apex/com.android.media.swcodec/etc/seccomp_policy/crash_dump.x86_64.policy(10): syscall getpid redefined here
05-28 14:27:31.791   548   548 W mediaswcodec: libminijail[548]: compile_file: <fd>(69): previous definition here
05-28 14:27:31.791   485   600 W AudioFlinger: no wake lock to update, system not ready yet
05-28 14:27:31.791   548   548 W mediaswcodec: libminijail[548]: compile_file: /apex/com.android.media.swcodec/etc/seccomp_policy/crash_dump.x86_64.policy(11): syscall gettid redefined here
05-28 14:27:31.791   548   548 W mediaswcodec: libminijail[548]: compile_file: <fd>(67): previous definition here
05-28 14:27:31.791   548   548 W mediaswcodec: libminijail[548]: compile_file: /apex/com.android.media.swcodec/etc/seccomp_policy/crash_dump.x86_64.policy(14): syscall openat redefined here
05-28 14:27:31.791   548   548 W mediaswcodec: libminijail[548]: compile_file: <fd>(18): previous definition here
05-28 14:27:31.791   548   548 W mediaswcodec: libminijail[548]: compile_file: /apex/com.android.media.swcodec/etc/seccomp_policy/crash_dump.x86_64.policy(15): syscall dup redefined here
05-28 14:27:31.791   548   548 W mediaswcodec: libminijail[548]: compile_file: <fd>(56): previous definition here
05-28 14:27:31.791   548   548 W mediaswcodec: libminijail[548]: compile_file: /apex/com.android.media.swcodec/etc/seccomp_policy/crash_dump.x86_64.policy(16): syscall close redefined here
05-28 14:27:31.792   548   548 W mediaswcodec: libminijail[548]: compile_file: <fd>(25): previous definition here
05-28 14:27:31.792   548   548 W mediaswcodec: libminijail[548]: compile_file: /apex/com.android.media.swcodec/etc/seccomp_policy/crash_dump.x86_64.policy(17): syscall lseek redefined here
05-28 14:27:31.792   548   548 W mediaswcodec: libminijail[548]: compile_file: <fd>(40): previous definition here
05-28 14:27:31.792   548   548 W mediaswcodec: libminijail[548]: compile_file: /apex/com.android.media.swcodec/etc/seccomp_policy/crash_dump.x86_64.policy(19): syscall faccessat redefined here
05-28 14:27:31.792   548   548 W mediaswcodec: libminijail[548]: compile_file: <fd>(38): previous definition here
05-28 14:27:31.793   548   548 W mediaswcodec: libminijail[548]: compile_file: /apex/com.android.media.swcodec/etc/seccomp_policy/crash_dump.x86_64.policy(29): syscall prctl redefined here
05-28 14:27:31.793   548   548 W mediaswcodec: libminijail[548]: compile_file: <fd>(17): previous definition here
05-28 14:27:31.793   548   548 W mediaswcodec: libminijail[548]: compile_file: /apex/com.android.media.swcodec/etc/seccomp_policy/crash_dump.x86_64.policy(30): syscall madvise redefined here
05-28 14:27:31.793   548   548 W mediaswcodec: libminijail[548]: compile_file: <fd>(33): previous definition here
05-28 14:27:31.793   548   548 W mediaswcodec: libminijail[548]: compile_file: /apex/com.android.media.swcodec/etc/seccomp_policy/crash_dump.x86_64.policy(31): syscall mprotect redefined here
05-28 14:27:31.793   548   548 W mediaswcodec: libminijail[548]: compile_file: <fd>(16): previous definition here
05-28 14:27:31.793   548   548 W mediaswcodec: libminijail[548]: compile_file: /apex/com.android.media.swcodec/etc/seccomp_policy/crash_dump.x86_64.policy(32): syscall munmap redefined here
05-28 14:27:31.794   548   548 W mediaswcodec: libminijail[548]: compile_file: <fd>(37): previous definition here
05-28 14:27:31.794   548   548 W mediaswcodec: libminijail[548]: compile_file: /apex/com.android.media.swcodec/etc/seccomp_policy/crash_dump.x86_64.policy(33): syscall getuid redefined here
05-28 14:27:31.794   548   548 W mediaswcodec: libminijail[548]: compile_file: <fd>(21): previous definition here
05-28 14:27:31.794   548   548 W mediaswcodec: libminijail[548]: compile_file: /apex/com.android.media.swcodec/etc/seccomp_policy/crash_dump.x86_64.policy(34): syscall fstat redefined here
05-28 14:27:31.795   548   548 W mediaswcodec: libminijail[548]: compile_file: <fd>(29): previous definition here
05-28 14:27:31.795   548   548 W mediaswcodec: libminijail[548]: compile_file: /apex/com.android.media.swcodec/etc/seccomp_policy/crash_dump.x86_64.policy(35): syscall mmap redefined here
05-28 14:27:31.795   548   548 W mediaswcodec: libminijail[548]: compile_file: <fd>(27): previous definition here
05-28 14:27:31.795   548   548 W mediaswcodec: libminijail[548]: logging seccomp filter failures
05-28 14:27:31.797   548   548 I CodecServiceRegistrant: Creating software Codec2 service...
05-28 14:27:31.797   548   548 D C2Store : Default ION heapmask = -1
05-28 14:27:31.798   548   548 D C2Store : Default ION flags = 0
05-28 14:27:31.798   548   548 D C2Store : Default ION align = 0
05-28 14:27:31.798   535   535 I cameraserver: ServiceManager: 0x79a8c0f19a20
05-28 14:27:31.800   535   535 I CameraService: CameraService started (pid=535)
05-28 14:27:31.806   535   535 I CameraService: CameraService process starting
05-28 14:27:31.807   535   535 W BatteryNotifier: batterystats service unavailable!
05-28 14:27:31.808   535   535 W BatteryNotifier: batterystats service unavailable!
05-28 14:27:31.810   548   548 I HidlServiceManagement: Registered android.hardware.media.c2@1.2::IComponentStore/software
05-28 14:27:31.813   548   548 I CodecServiceRegistrant: Preferred Codec2 HIDL store is set to "default".
05-28 14:27:31.813   548   548 I CodecServiceRegistrant: Software Codec2 service created and registered.
05-28 14:27:31.815   485   608 I AudioFlinger: AudioFlinger's thread 0x7c14204a3a78 tid=608 ready to run
05-28 14:27:31.815   535   535 W cameraserver: Thread Pool max thread count is 0. Cannot cache binder as linkToDeath cannot be implemented. serviceName: android.hardware.camera.provider.ICameraProvider/internal/0
05-28 14:27:31.816   535   535 I cameraserver: Connecting to new camera provider: android.hardware.camera.provider.ICameraProvider/internal/0, isRemote? 1
05-28 14:27:31.818   535   535 W BpBinder: Linking to death on android.hardware.camera.provider.ICameraProvider but there are no threads (yet?) listening to incoming transactions. See ProcessState::startThreadPool and ProcessState::setThreadPoolMaxThreadCount. Generally you should setup the binder threadpool before other initialization steps.
05-28 14:27:31.820   485   608 W AudioFlinger: no wake lock to update, system not ready yet
05-28 14:27:31.820   485   608 W AudioFlinger: no wake lock to update, system not ready yet
05-28 14:27:31.824   535   535 I CameraProviderManager: Enumerating new camera device: device@1.1/internal/1
05-28 14:27:31.825   426   472 I r_submix: adev_open(name=audio_hw_if)
05-28 14:27:31.825   428   428 W EmulatedCameraDeviceInfo: InitializeControlDefaults: No available post RAW boost! Setting default!
05-28 14:27:31.825   428   428 I EmulatedCameraDeviceHwlImpl: Create: Created EmulatedCameraDeviceHwlImpl for camera 1
05-28 14:27:31.826   428   428 D GCH_Utils: FindLibraryPaths: Unable to open directory /vendor/lib64/camera/capture_sessions/ (No such file or directory)
05-28 14:27:31.826   428   428 I GCH_CameraDevice: Create: Created a camera device for public(1)
05-28 14:27:31.826   428   428 I GCH_CameraDevice: Pinning memory for 0 shared libraries.
05-28 14:27:31.827   485   485 W DeviceHalHidl: getSoundDoseInterface service android.hardware.audio.sounddose.ISoundDoseFactory/default doesn't exist
05-28 14:27:31.827   485   485 W MelReporter: activateHalSoundDoseComputation: HAL cannot provide sound dose interface for module r_submix
05-28 14:27:31.827   485   485 W AudioFlinger: loadHwModule() sound dose reporting is not available
05-28 14:27:31.827   426   472 I r_submix: adev_init_check()
05-28 14:27:31.829   485   485 I AudioFlinger: loadHwModule() Loaded r_submix audio interface, handle 18
05-28 14:27:31.830   426   471 D r_submix: adev_open_input_stream(addr=0)
05-28 14:27:31.830   426   471 I r_submix: adev_open_input_stream(): about to create pipe at index 9, rate 48000, pipe size 4096
05-28 14:27:31.830   426   471 D r_submix: submix_audio_device_create_pipe_l(addr=0, idx=9)
05-28 14:27:31.830   426   471 D r_submix:   now using address 0 for route 9
05-28 14:27:31.830   428   466 W GCH_HalVendorTags: ModifyCharacteristicsKeys: failed to get ANDROID_REQUEST_AVAILABLE_SESSION_KEYS
05-28 14:27:31.831   535   535 E CameraProviderManager: addDynamicDepthTags: Advertised depth exclusive tag but value is not present!
05-28 14:27:31.832   535   535 E cameraserver: AidlDeviceInfo3: Failed appending dynamic depth tags: Invalid argument (-22)
05-28 14:27:31.838   535   535 W cameraserver: Thread Pool max thread count is 0. Cannot cache binder as linkToDeath cannot be implemented. serviceName: media.player
05-28 14:27:31.843   485   612 I AudioFlinger: AudioFlinger's thread 0x7c14204a3a78 tid=612 ready to run
05-28 14:27:31.843   426   472 D r_submix: adev_close_input_stream()
05-28 14:27:31.843   426   472 D r_submix: submix_audio_device_release_pipe_l(idx=9) addr=0
05-28 14:27:31.843   426   472 D r_submix: submix_audio_device_destroy_pipe_l(): pipe destroyed
05-28 14:27:31.844   542   578 D CCodec  : hidl based PersistentSurface created
05-28 14:27:31.844   542   578 D MediaCodecList: Allowing only non-surface-encoder OMX codecs
05-28 14:27:31.845   176   176 I hwservicemanager: getTransport: Cannot find entry android.hardware.media.omx@1.0::IOmxStore/default in either framework or device VINTF manifest.
05-28 14:27:31.845   542   578 E OmxInfoBuilder: Cannot find an IOmxStore service.
05-28 14:27:31.845   542   578 D MediaCodecList: ignored failed builder
05-28 14:27:31.849   542   578 I ApexCodecsLazy: Failed to load libcom.android.media.swcodec.apexcodecs.so: dlopen failed: library "libcom.android.media.swcodec.apexcodecs.so" not found
05-28 14:27:31.849   542   578 I Codec2Client: Available Codec2 services: "default" "software"
05-28 14:27:31.851   485   485 W DeviceHalHidl: getSoundDoseInterface service android.hardware.audio.sounddose.ISoundDoseFactory/default doesn't exist
05-28 14:27:31.851   436   483 I GoldfishComponentStore: in init
05-28 14:27:31.851   436   483 I GoldfishComponentStore: loading dll of path libcodec2_goldfish_avcdec.so
05-28 14:27:31.851   485   485 W MelReporter: activateHalSoundDoseComputation: HAL cannot provide sound dose interface for module bluetooth
05-28 14:27:31.851   485   485 W AudioFlinger: loadHwModule() sound dose reporting is not available
05-28 14:27:31.852   485   485 I AudioFlinger: loadHwModule() Loaded bluetooth audio interface, handle 26
05-28 14:27:31.858   485   485 W FactoryHal: hasAidlHalService android.hardware.audio.effect.IFactory/default: false
05-28 14:27:31.859   176   176 I hwservicemanager: getTransport: Cannot find entry android.hardware.audio.effect@7.1::IEffectsFactory/default in either framework or device VINTF manifest.
05-28 14:27:31.862   570   570 D BootAnimation: BootAnimationPreloadTiming stop time: 12392ms
05-28 14:27:31.866   485   485 W FactoryHal: hasAidlHalService android.hardware.audio.core.IModule/default: false
05-28 14:27:31.867   436   483 I GoldfishComponentStore: Create()
05-28 14:27:31.869   436   483 I GoldfishComponentStore: created interface
05-28 14:27:31.869   436   483 I GoldfishComponentStore: in ~ComponentModule
05-28 14:27:31.869   436   483 I GoldfishComponentStore: unloading dll
05-28 14:27:31.869   436   483 I GoldfishComponentStore: in init
05-28 14:27:31.869   436   483 I GoldfishComponentStore: loading dll of path libcodec2_goldfish_hevcdec.so
05-28 14:27:31.877   173   617 W libc    : Unable to set property "ctl.interface_start" to "aidl/activity": PROP_ERROR_HANDLE_CONTROL_MESSAGE (0x20)
05-28 14:27:31.878   436   483 I GoldfishComponentStore: Create()
05-28 14:27:31.880   436   483 I GoldfishComponentStore: created interface
05-28 14:27:31.880   436   483 I GoldfishComponentStore: in ~ComponentModule
05-28 14:27:31.880   436   483 I GoldfishComponentStore: unloading dll
05-28 14:27:31.880   436   483 I GoldfishComponentStore: in init
05-28 14:27:31.880   436   483 I GoldfishComponentStore: loading dll of path libcodec2_goldfish_vp8dec.so
05-28 14:27:31.890   436   483 I GoldfishComponentStore: Create()
05-28 14:27:31.890   436   483 I C2GoldfishVpxDec: platform store is 0x7906ff9b5048, reflector is 0x7907cf9a96b8
05-28 14:27:31.891   436   483 I GoldfishComponentStore: created interface
05-28 14:27:31.891   436   483 I GoldfishComponentStore: in ~ComponentModule
05-28 14:27:31.891   436   483 I GoldfishComponentStore: unloading dll
05-28 14:27:31.891   436   483 I GoldfishComponentStore: in init
05-28 14:27:31.891   436   483 I GoldfishComponentStore: loading dll of path libcodec2_goldfish_vp9dec.so
05-28 14:27:31.894   436   483 I GoldfishComponentStore: Create()
05-28 14:27:31.894   436   483 I C2GoldfishVpxDec: platform store is 0x7906ff9b30a8, reflector is 0x7907cf9a9338
05-28 14:27:31.895   436   483 I GoldfishComponentStore: created interface
05-28 14:27:31.895   436   483 I GoldfishComponentStore: in ~ComponentModule
05-28 14:27:31.895   436   483 I GoldfishComponentStore: unloading dll
05-28 14:27:31.909   570   616 I EGL_emulation: Opening libGLESv1_CM_emulation.so
05-28 14:27:31.909   570   616 I EGL_emulation: Opening libGLESv2_emulation.so
05-28 14:27:31.932   497   516 I adbd    : adbd mDNS service _adb._tcp registered: 1
05-28 14:27:32.011   533   533 I bt_vhci_forwarder: Ignoring VENDOR packet
05-28 14:27:32.012   533   533 I bt_vhci_forwarder: Received first command from VHCI device; enabling reads from virtio
05-28 14:27:32.038   548   607 I mediaswcodec: missing struct descriptor #Param::CoreIndex(--001) for field red of struct #Param::CoreIndex(--002)
05-28 14:27:32.038   548   607 I mediaswcodec: missing struct descriptor #Param::CoreIndex(--001) for field green of struct #Param::CoreIndex(--002)
05-28 14:27:32.038   548   607 I mediaswcodec: missing struct descriptor #Param::CoreIndex(--001) for field blue of struct #Param::CoreIndex(--002)
05-28 14:27:32.038   548   607 I mediaswcodec: missing struct descriptor #Param::CoreIndex(--001) for field white of struct #Param::CoreIndex(--002)
05-28 14:27:32.057   570   616 W emuglGLESv2_enc: error cap: 0xde1 is invalid
05-28 14:27:32.057   570   616 E emuglGLESv2_enc: hardware/google/gfxstream/guest/GLESv2_enc/GL2Encoder.cpp:s_glEnable:5158 GL error 0x500 condition [!GLESv2Validation::allowedEnable(ctx->majorVersion(), ctx->minorVersion(), what)]
05-28 14:27:32.095   570   616 W HWUI    : Image decoding logging dropped!
05-28 14:27:32.097   570   616 D BootAnimation: BootAnimationShownTiming start time: 12627ms
05-28 14:27:32.097   570   616 D BootAnimation: Playing files = /product/media/bootanimation.zip/part0, Requested repeat = 1, playUntilComplete = true
05-28 14:27:32.103   570   616 W HWUI    : Image decoding logging dropped!
05-28 14:27:32.144   489   489 I SurfaceFlinger: Enter boot animation
05-28 14:27:32.160   548   607 I mediaswcodec: missing struct descriptor #Param::CoreIndex(--1812) for field values of struct #Param::CoreIndex(F-11812)
05-28 14:27:32.188   418   418 I zygote64: Initializing ART runtime metrics
05-28 14:27:32.196   548   607 I mediaswcodec: missing struct descriptor #Param::CoreIndex(--004) for field values of struct #Param::CoreIndex(F-12004)
05-28 14:27:32.196   548   607 I mediaswcodec: missing struct descriptor #Param::CoreIndex(--1812) for field values of struct #Param::CoreIndex(F-11812)
05-28 14:27:32.245   548   607 D C2SoftH263Enc: Given level 3004 does not cover current configuration: adjusting to 3003
05-28 14:27:32.272   548   607 I mediaswcodec: missing struct descriptor #Param::CoreIndex(--004) for field values of struct #Param::CoreIndex(F-12004)
05-28 14:27:32.273   548   607 I mediaswcodec: missing struct descriptor #Param::CoreIndex(--1812) for field values of struct #Param::CoreIndex(F-11812)
05-28 14:27:32.297   418   418 D nativeloader: InitDefaultPublicLibraries for_preload=1: libandroid.so:libaaudio.so:libamidi.so:libbinder_ndk.so:libc.so:libcamera2ndk.so:libdl.so:libEGL.so:libGLESv1_CM.so:libGLESv2.so:libGLESv3.so:libicu.so:libicui18n.so:libicuuc.so:libjnigraphics.so:liblog.so:libmediandk.so:libm.so:libnativehelper.so:libnativewindow.so:libOpenMAXAL.so:libOpenSLES.so:libRS.so:libstdc++.so:libsync.so:libvulkan.so:libwebviewchromium_plat_support.so:libz.so
05-28 14:27:32.379   548   607 I C2SoftVpxEnc: setting temporal layering 0 + 0
05-28 14:27:32.379   548   607 I mediaswcodec: missing struct descriptor #Param::CoreIndex(--1812) for field values of struct #Param::CoreIndex(F-11812)
05-28 14:27:32.388   548   607 I C2SoftVpxEnc: setting temporal layering 0 + 0
05-28 14:27:32.388   548   607 I mediaswcodec: missing struct descriptor #Param::CoreIndex(--1812) for field values of struct #Param::CoreIndex(F-11812)
05-28 14:27:32.389   542   578 D MediaCodecsXmlParser: parsing /apex/com.android.media.swcodec/etc/media_codecs.xml...
05-28 14:27:32.391   542   578 D MediaCodecsXmlParser: disabling c2.android.gsm.decoder
05-28 14:27:32.392   542   578 D MediaCodecsXmlParser: disabling c2.android.mpeg2.decoder
05-28 14:27:32.392   542   578 D MediaCodecsXmlParser: disabling c2.android.apv.decoder
05-28 14:27:32.392   542   578 I MediaCodecsXmlParser: codec c2.android.apv.decoder enabled, device sdk 36 >= required 36
05-28 14:27:32.392   542   578 D MediaCodecsXmlParser: disabling c2.android.av1.encoder
05-28 14:27:32.392   542   578 I MediaCodecsXmlParser: codec c2.android.av1.encoder enabled, device sdk 36 >= required 34
05-28 14:27:32.392   542   578 D MediaCodecsXmlParser: disabling c2.android.apv.encoder
05-28 14:27:32.392   542   578 I MediaCodecsXmlParser: codec c2.android.apv.encoder enabled, device sdk 36 >= required 36
05-28 14:27:32.392   542   578 I MediaCodecsXmlParser: Did not find media_codecs_performance.xml in search path
05-28 14:27:32.392   542   578 I MediaCodecsXmlParser: Did not find media_codecs_c2.xml in search path
05-28 14:27:32.393   542   578 D MediaCodecsXmlParser: parsing /vendor/etc/media_codecs_performance_c2.xml...
05-28 14:27:32.394   542   578 D MediaCodecsXmlParser: parsing /vendor/etc/media_codecs.xml...
05-28 14:27:32.395   542   578 D MediaCodecsXmlParser: Ignoring unrecognized tag <MediaCodec> at line 85 of /vendor/etc/media_codecs.xml
05-28 14:27:32.397   542   578 D MediaCodecsXmlParser: Ignoring unrecognized tag <MediaCodec> at line 88 of /vendor/etc/media_codecs.xml
05-28 14:27:32.397   542   578 D MediaCodecsXmlParser: Ignoring unrecognized tag <MediaCodec> at line 91 of /vendor/etc/media_codecs.xml
05-28 14:27:32.397   542   578 D MediaCodecsXmlParser: Ignoring unrecognized tag <MediaCodec> at line 95 of /vendor/etc/media_codecs.xml
05-28 14:27:32.397   542   578 D MediaCodecsXmlParser: Ignoring unrecognized tag <MediaCodec> at line 98 of /vendor/etc/media_codecs.xml
05-28 14:27:32.397   542   578 D MediaCodecsXmlParser: Ignoring unrecognized tag <MediaCodec> at line 101 of /vendor/etc/media_codecs.xml
05-28 14:27:32.397   542   578 D MediaCodecsXmlParser: Ignoring unrecognized tag <MediaCodec> at line 104 of /vendor/etc/media_codecs.xml
05-28 14:27:32.397   542   578 D MediaCodecsXmlParser: parsing /vendor/etc/media_codecs_google_tv.xml...
05-28 14:27:32.397   542   578 D MediaCodecsXmlParser: unable to open media codecs configuration xml file: /vendor/etc/media_codecs_google_tv.xml
05-28 14:27:32.398   542   578 D MediaCodecsXmlParser: parsing /vendor/etc/media_codecs_google_audio.xml...
05-28 14:27:32.399   542   578 D MediaCodecsXmlParser: parsing /vendor/etc/media_codecs_google_telephony.xml...
05-28 14:27:32.399   542   578 D MediaCodecsXmlParser: parsing /vendor/etc/media_codecs_google_video.xml...
05-28 14:27:32.400   542   578 D MediaCodecsXmlParser: parsing /vendor/etc/media_codecs_performance.xml...
05-28 14:27:32.401   542   578 I MediaCodecsXmlParser: Did not find media_codecs_shaping.xml in search path
05-28 14:27:32.401   542   578 I MediaCodecsXmlParser: Did not find media_codecs_shaping.xml in search path
05-28 14:27:32.402   436   483 I GoldfishComponentStore: in init
05-28 14:27:32.403   436   483 I GoldfishComponentStore: loading dll of path libcodec2_goldfish_avcdec.so
05-28 14:27:32.403   436   483 I GoldfishComponentStore: Create()
05-28 14:27:32.403   436   483 I GoldfishComponentStore: created interface
05-28 14:27:32.404   436   483 I GoldfishComponentStore: created interface
05-28 14:27:32.404   542   578 I Codec2InfoBuilder: adding type 'video/avc'
05-28 14:27:32.408   436   483 I GoldfishComponentStore: in ~ComponentModule
05-28 14:27:32.408   436   483 I GoldfishComponentStore: unloading dll
05-28 14:27:32.408   436   436 I GoldfishComponentStore: in init
05-28 14:27:32.408   436   436 I GoldfishComponentStore: loading dll of path libcodec2_goldfish_hevcdec.so
05-28 14:27:32.408   436   436 I GoldfishComponentStore: Create()
05-28 14:27:32.409   436   436 I GoldfishComponentStore: created interface
05-28 14:27:32.409   436   436 I GoldfishComponentStore: created interface
05-28 14:27:32.410   542   578 I Codec2InfoBuilder: adding type 'video/hevc'
05-28 14:27:32.413   436   483 I GoldfishComponentStore: in ~ComponentModule
05-28 14:27:32.413   436   483 I GoldfishComponentStore: unloading dll
05-28 14:27:32.413   436   436 I GoldfishComponentStore: in init
05-28 14:27:32.413   436   436 I GoldfishComponentStore: loading dll of path libcodec2_goldfish_vp8dec.so
05-28 14:27:32.413   436   436 I GoldfishComponentStore: Create()
05-28 14:27:32.413   436   436 I C2GoldfishVpxDec: platform store is 0x7906ff9b2c88, reflector is 0x7907cf9a96b8
05-28 14:27:32.413   436   436 I GoldfishComponentStore: created interface
05-28 14:27:32.414   436   436 I GoldfishComponentStore: created interface
05-28 14:27:32.414   542   578 I Codec2InfoBuilder: adding type 'video/x-vnd.on2.vp8'
05-28 14:27:32.415   436   483 I GoldfishComponentStore: in ~ComponentModule
05-28 14:27:32.415   436   483 I GoldfishComponentStore: unloading dll
05-28 14:27:32.415   436   483 I GoldfishComponentStore: in init
05-28 14:27:32.415   436   483 I GoldfishComponentStore: loading dll of path libcodec2_goldfish_vp9dec.so
05-28 14:27:32.415   436   483 I GoldfishComponentStore: Create()
05-28 14:27:32.416   436   483 I C2GoldfishVpxDec: platform store is 0x7906ff9b60c8, reflector is 0x7907cf9a96b8
05-28 14:27:32.416   436   483 I GoldfishComponentStore: created interface
05-28 14:27:32.416   436   483 I GoldfishComponentStore: created interface
05-28 14:27:32.416   542   578 I Codec2InfoBuilder: adding type 'video/x-vnd.on2.vp9'
05-28 14:27:32.422   436   483 I GoldfishComponentStore: in ~ComponentModule
05-28 14:27:32.422   436   483 I GoldfishComponentStore: unloading dll
05-28 14:27:32.424   542   578 I Codec2InfoBuilder: adding type 'audio/mp4a-latm'
05-28 14:27:32.436   542   578 I Codec2InfoBuilder: adding type 'audio/mp4a-latm'
05-28 14:27:32.440   542   578 I Codec2InfoBuilder: adding type 'audio/3gpp'
05-28 14:27:32.441   542   578 I Codec2InfoBuilder: adding type 'audio/3gpp'
05-28 14:27:32.443   542   578 I Codec2InfoBuilder: adding type 'audio/amr-wb'
05-28 14:27:32.444   542   578 I Codec2InfoBuilder: adding type 'audio/amr-wb'
05-28 14:27:32.449   542   578 I Codec2InfoBuilder: adding type 'video/apv'
05-28 14:27:32.449   542   578 W VideoCapabilities: Unsupported mime video/apv
05-28 14:27:32.461   542   578 I Codec2InfoBuilder: adding type 'video/apv'
05-28 14:27:32.462   542   578 W VideoCapabilities: Unsupported mime video/apv
05-28 14:27:32.467   542   578 I Codec2InfoBuilder: adding type 'video/av01'
05-28 14:27:32.471   418   418 D nativeloader: Load libicu_jni.so using APEX ns com_android_art for caller /apex/com.android.art/javalib/core-oj.jar: ok
05-28 14:27:32.477   542   578 I Codec2InfoBuilder: adding type 'video/av01'
05-28 14:27:32.483   548   618 I mediaswcodec: missing struct descriptor #Param::CoreIndex(--1812) for field values of struct #Param::CoreIndex(F-11812)
05-28 14:27:32.484   548   618 I mediaswcodec: missing struct descriptor #Param::CoreIndex(--1812) for field values of struct #Param::CoreIndex(F-11812)
05-28 14:27:32.485   542   578 I Codec2InfoBuilder: adding type 'video/av01'
05-28 14:27:32.488   548   627 D C2SoftAomEnc: Given level 0 does not cover current configuration: adjusting to 9000
05-28 14:27:32.492   542   578 I Codec2InfoBuilder: adding type 'video/avc'
05-28 14:27:32.495   548   627 I mediaswcodec: missing struct descriptor #Param::CoreIndex(--004) for field values of struct #Param::CoreIndex(F-12004)
05-28 14:27:32.495   548   627 I mediaswcodec: missing struct descriptor #Param::CoreIndex(--1812) for field values of struct #Param::CoreIndex(F-11812)
05-28 14:27:32.496   548   627 I mediaswcodec: missing struct descriptor #Param::CoreIndex(--004) for field values of struct #Param::CoreIndex(F-12004)
05-28 14:27:32.496   548   627 I mediaswcodec: missing struct descriptor #Param::CoreIndex(--1812) for field values of struct #Param::CoreIndex(F-11812)
05-28 14:27:32.496   542   578 I Codec2InfoBuilder: adding type 'video/avc'
05-28 14:27:32.497   548   618 D C2SoftAvcEnc: Given level 0 does not cover current configuration: adjusting to 5000
05-28 14:27:32.500   542   578 I Codec2InfoBuilder: adding type 'audio/flac'
05-28 14:27:32.500   418   418 D zygote64: u_setTimeZoneFilesDirectory("/apex/com.android.tzdata/etc/tz/versioned/8/icu") succeeded. 
05-28 14:27:32.501   542   578 I Codec2InfoBuilder: adding type 'audio/flac'
05-28 14:27:32.504   418   418 D zygote64: I18n APEX ICU file found: /apex/com.android.i18n/etc/icu/icudt76l.dat
05-28 14:27:32.504   542   578 I Codec2InfoBuilder: adding type 'audio/g711-alaw'
05-28 14:27:32.509   542   578 I Codec2InfoBuilder: adding type 'audio/g711-mlaw'
05-28 14:27:32.511   542   578 D Codec2InfoBuilder: codec entry for 'c2.android.gsm.decoder' is disabled
05-28 14:27:32.513   542   578 I Codec2InfoBuilder: adding type 'video/3gpp'
05-28 14:27:32.516   548   607 D C2SoftH263Enc: Given level 3004 does not cover current configuration: adjusting to 3003
05-28 14:27:32.516   548   607 D C2SoftH263Enc: Given level 3004 does not cover current configuration: adjusting to 3003
05-28 14:27:32.517   542   578 I Codec2InfoBuilder: adding type 'video/3gpp'
05-28 14:27:32.517   548   607 D C2SoftH263Enc: Given level 0 does not cover current configuration: adjusting to 3003
05-28 14:27:32.519   542   578 I Codec2InfoBuilder: adding type 'video/hevc'
05-28 14:27:32.521   548   628 I mediaswcodec: missing struct descriptor #Param::CoreIndex(--004) for field values of struct #Param::CoreIndex(F-12004)
05-28 14:27:32.521   548   628 I mediaswcodec: missing struct descriptor #Param::CoreIndex(--1812) for field values of struct #Param::CoreIndex(F-11812)
05-28 14:27:32.521   548   628 I mediaswcodec: missing struct descriptor #Param::CoreIndex(--004) for field values of struct #Param::CoreIndex(F-12004)
05-28 14:27:32.522   548   628 I mediaswcodec: missing struct descriptor #Param::CoreIndex(--1812) for field values of struct #Param::CoreIndex(F-11812)
05-28 14:27:32.523   542   578 I Codec2InfoBuilder: adding type 'video/hevc'
05-28 14:27:32.523   548   628 D C2SoftHevcEnc: Given level 0 does not cover current configuration: adjusting to 6000
05-28 14:27:32.525   542   578 I Codec2InfoBuilder: adding type 'audio/mpeg'
05-28 14:27:32.527   542   578 D Codec2InfoBuilder: codec entry for 'c2.android.mpeg2.decoder' is disabled
05-28 14:27:32.529   542   578 I Codec2InfoBuilder: adding type 'video/mp4v-es'
05-28 14:27:32.533   542   578 I Codec2InfoBuilder: adding type 'video/mp4v-es'
05-28 14:27:32.533   548   618 D C2SoftMpeg4Enc: Given level 0 does not cover current configuration: adjusting to 4003
05-28 14:27:32.536   542   578 I Codec2InfoBuilder: adding type 'audio/opus'
05-28 14:27:32.537   542   578 I Codec2InfoBuilder: adding type 'audio/opus'
05-28 14:27:32.541   542   578 I Codec2InfoBuilder: adding type 'audio/raw'
05-28 14:27:32.543   542   578 I Codec2InfoBuilder: adding type 'audio/vorbis'
05-28 14:27:32.547   542   578 I Codec2InfoBuilder: adding type 'video/x-vnd.on2.vp8'
05-28 14:27:32.550   548   627 I C2SoftVpxEnc: setting temporal layering 0 + 0
05-28 14:27:32.550   548   627 I mediaswcodec: missing struct descriptor #Param::CoreIndex(--1812) for field values of struct #Param::CoreIndex(F-11812)
05-28 14:27:32.550   548   627 I C2SoftVpxEnc: setting temporal layering 0 + 0
05-28 14:27:32.551   548   627 I mediaswcodec: missing struct descriptor #Param::CoreIndex(--1812) for field values of struct #Param::CoreIndex(F-11812)
05-28 14:27:32.552   542   578 I Codec2InfoBuilder: adding type 'video/x-vnd.on2.vp8'
05-28 14:27:32.556   418   418 D nativeloader: Load libjavacore.so using APEX ns com_android_art for caller /apex/com.android.art/javalib/core-oj.jar: ok
05-28 14:27:32.557   542   578 I Codec2InfoBuilder: adding type 'video/x-vnd.on2.vp9'
05-28 14:27:32.559   548   607 I C2SoftVpxEnc: setting temporal layering 0 + 0
05-28 14:27:32.559   548   607 I mediaswcodec: missing struct descriptor #Param::CoreIndex(--1812) for field values of struct #Param::CoreIndex(F-11812)
05-28 14:27:32.559   548   607 I C2SoftVpxEnc: setting temporal layering 0 + 0
05-28 14:27:32.560   548   607 I mediaswcodec: missing struct descriptor #Param::CoreIndex(--1812) for field values of struct #Param::CoreIndex(F-11812)
05-28 14:27:32.560   542   578 I Codec2InfoBuilder: adding type 'video/x-vnd.on2.vp9'
05-28 14:27:32.561   548   627 D C2SoftVpxEnc: Given level 0 does not cover current configuration: adjusting to 7000
05-28 14:27:32.564   535   535 W BpBinder: Linking to death on android.media.IMediaPlayerService but there are no threads (yet?) listening to incoming transactions. See ProcessState::startThreadPool and ProcessState::setThreadPoolMaxThreadCount. Generally you should setup the binder threadpool before other initialization steps.
05-28 14:27:32.566   535   535 E CameraProviderManager: deriveBlobDurationEntries: Unexpected number of available blob durations! 0 vs. 0 with filteredSizes size: 0
05-28 14:27:32.566   535   535 E cameraserver: AidlDeviceInfo3: Unable to derive Heic UltraHDR tags based on camera and media capabilities: Invalid argument (-22)
05-28 14:27:32.567   535   535 W CameraProviderManager: Camera provider android.hardware.camera.provider.ICameraProvider/internal/0 says an unknown camera device@1.1/internal/1 now has torch status 1. Curious.
05-28 14:27:32.568   428   466 W GCH_HalVendorTags: ModifyCharacteristicsKeys: failed to get ANDROID_REQUEST_AVAILABLE_SESSION_KEYS
05-28 14:27:32.569   428   466 W GCH_HalVendorTags: ModifyCharacteristicsKeys: failed to get ANDROID_REQUEST_AVAILABLE_SESSION_KEYS
05-28 14:27:32.569   535   535 I CameraProviderManager: Camera provider android.hardware.camera.provider.ICameraProvider/internal/0 ready with 1 camera devices
05-28 14:27:32.573   535   535 W cameraserver: Thread Pool max thread count is 0. Cannot cache binder as linkToDeath cannot be implemented. serviceName: android.hardware.camera.provider.ICameraProvider/internal/1
05-28 14:27:32.573   535   535 I cameraserver: Connecting to new camera provider: android.hardware.camera.provider.ICameraProvider/internal/1, isRemote? 1
05-28 14:27:32.574   535   535 W BpBinder: Linking to death on android.hardware.camera.provider.ICameraProvider but there are no threads (yet?) listening to incoming transactions. See ProcessState::startThreadPool and ProcessState::setThreadPoolMaxThreadCount. Generally you should setup the binder threadpool before other initialization steps.
05-28 14:27:32.575   535   535 I CameraProviderManager: Enumerating new camera device: device@1.1/internal/10
05-28 14:27:32.580   535   535 I CameraProviderManager: Camera provider android.hardware.camera.provider.ICameraProvider/internal/1 ready with 1 camera devices
05-28 14:27:32.581   535   535 D CameraProviderManager: tryGetService: AIDL Camera provider HAL 'android.hardware.camera.provider.ICameraProvider/virtual/0' is not actually available
05-28 14:27:32.582   535   535 W CameraProviderManager: tryToInitializeAidlProviderLocked: AIDL Camera provider HAL 'android.hardware.camera.provider.ICameraProvider/virtual/0' is not actually available
05-28 14:27:32.582   535   535 I CameraService: onDeviceStatusChanged: Status changed for cameraId=1, newStatus=1
05-28 14:27:32.582   535   535 I CameraService: onDeviceStatusChanged: Unknown camera ID 1, a new camera is added
05-28 14:27:32.583   535   535 I CameraService: onDeviceStatusChanged: Status changed for cameraId=10, newStatus=1
05-28 14:27:32.583   535   535 I CameraService: onDeviceStatusChanged: Unknown camera ID 10, a new camera is added
05-28 14:27:32.589   535   535 I HidlServiceManagement: Registered android.frameworks.cameraservice.service@2.2::ICameraService/default
05-28 14:27:32.596   535   535 I CameraService: CameraService pinged cameraservice proxy
05-28 14:27:32.596   535   535 I cameraserver: ServiceManager: 0x79a8c0f19a20 done instantiate
05-28 14:27:32.597   535   630 W CameraProviderManager: addAidlProviderLocked: Camera provider HAL with name 'android.hardware.camera.provider.ICameraProvider/internal/1' already registered
05-28 14:27:32.597   535   535 W CameraProviderManager: addAidlProviderLocked: Camera provider HAL with name 'android.hardware.camera.provider.ICameraProvider/internal/0' already registered
05-28 14:27:32.600   418   418 D nativeloader: Load libopenjdk.so using APEX ns com_android_art for caller /apex/com.android.art/javalib/core-oj.jar: ok
05-28 14:27:32.643   418   418 I zygote64: Using memfd for future sealing
05-28 14:27:32.643   418   418 W zygote64: Unexpected CPU variant for x86: x86_64.
05-28 14:27:32.643   418   418 W zygote64: Known variants: atom, sandybridge, silvermont, goldmont, goldmont-plus, goldmont-without-sha-xsaves, tremont, kabylake, alderlake, default
05-28 14:27:32.873   485   485 W ServiceManagerCppClient: Waited one second for activity (is service started? Number of threads started in the threadpool: 16. Are binder threads started and available?)
05-28 14:27:32.880   173   638 W libc    : Unable to set property "ctl.interface_start" to "aidl/activity": PROP_ERROR_HANDLE_CONTROL_MESSAGE (0x20)
05-28 14:27:32.952   418   633 I zygote64: Background verification of 162 classes from boot classpath took 165.338ms
05-28 14:27:32.984   418   418 D nativeloader: Load libstats_jni.so using APEX ns com_android_os_statsd for caller /apex/com.android.os.statsd/javalib/framework-statsd.jar: ok
05-28 14:27:32.984   418   418 D Zygote  : begin preload
05-28 14:27:32.984   418   418 I Zygote  : Calling ZygoteHooks.beginPreload()
05-28 14:27:33.141   418   418 I Zygote  : Preloading classes...
05-28 14:27:33.144   418   418 W Zygote  : Class not found for preloading: android.app.ActivityManager$RecentTaskInfo$PersistedTaskSnapshotData
05-28 14:27:33.164   418   418 W Zygote  : Class not found for preloading: android.app.PropertyInvalidatedCache$1
05-28 14:27:33.288   418   418 D nativeloader: Load libjavacrypto.so using APEX ns com_android_conscrypt for caller /apex/com.android.conscrypt/javalib/conscrypt.jar: ok
05-28 14:27:33.334   418   418 I Typeface: Preloading /system/fonts/Roboto-Regular.ttf
05-28 14:27:33.349   418   418 I Typeface: Preloading /system/fonts/RobotoStatic-Regular.ttf
05-28 14:27:33.349   418   418 I SystemFonts: Loading font config from /system/etc/fonts.xml
05-28 14:27:33.440   418   418 E ActivityRecognitionHardware: activity_recognition HAL is deprecated. class_init is effectively a no-op
05-28 14:27:33.503   418   634 W zygote64: Suspending all threads took: 5.784ms
05-28 14:27:33.528   418   634 I zygote64: Background concurrent mark compact GC freed 4613KB AllocSpace bytes, 19(636KB) LOS objects, 49% free, 3855KB/7711KB, paused 7.710ms,1.296ms total 56.315ms
05-28 14:27:33.545   489   508 D RenderEngine: Shader cache generated 134 shaders in 2318.804199 ms
05-28 14:27:33.663   418   418 D nativeloader: Load libmedia_jni.so using system ns (caller=/system/framework/framework.jar!classes2.dex): ok
05-28 14:27:33.664   418   418 D MtpDeviceJNI: register_android_mtp_MtpDevice
05-28 14:27:33.673   418   418 D nativeloader: Load libsoundpool.so using system ns (caller=/system/framework/framework.jar!classes2.dex): ok
05-28 14:27:33.674   418   418 W Zygote  : Class not found for preloading: android.media.audio.FeatureFlags
05-28 14:27:33.674   418   418 W Zygote  : Class not found for preloading: android.media.audio.FeatureFlagsImpl
05-28 14:27:33.674   418   418 W Zygote  : Class not found for preloading: android.media.audio.Flags
05-28 14:27:33.675   570   616 D BootAnimation: Playing files = /product/media/bootanimation.zip/part1, Requested repeat = 1, playUntilComplete = true
05-28 14:27:33.676   570   616 W HWUI    : Image decoding logging dropped!
05-28 14:27:33.682   418   418 D nativeloader: Load libaudioeffect_jni.so using system ns (caller=/system/framework/framework.jar!classes2.dex): ok
05-28 14:27:33.693   418   418 D nativeloader: Load librtp_jni.so using system ns (caller=/system/framework/voip-common.jar): ok
05-28 14:27:33.693   418   418 I zygote64: Thread[1,tid=418,Native,Thread*=0x771694bb97b0,peer=0x2000d60,"main"] recursive attempt to load library "librtp_jni.so"
05-28 14:27:33.701   570   616 W HWUI    : Image decoding logging dropped!
05-28 14:27:33.706   418   418 D nativeloader: Load libvintf_jni.so using system ns (caller=/system/framework/framework.jar!classes3.dex): ok
05-28 14:27:33.717   570   616 W HWUI    : Image decoding logging dropped!
05-28 14:27:33.734   570   616 W HWUI    : Image decoding logging dropped!
05-28 14:27:33.738   418   418 D nativeloader: Load librs_jni.so using system ns (caller=/system/framework/framework.jar!classes3.dex): ok
05-28 14:27:33.739   418   418 W Zygote  : Class not found for preloading: android.security.FeatureFlags
05-28 14:27:33.739   418   418 W Zygote  : Class not found for preloading: android.security.FeatureFlagsImpl
05-28 14:27:33.739   418   418 W Zygote  : Class not found for preloading: android.security.Flags
05-28 14:27:33.752   570   616 W HWUI    : Image decoding logging dropped!
05-28 14:27:33.770   570   616 W HWUI    : Image decoding logging dropped!
05-28 14:27:33.781   418   418 W Zygote  : Class not found for preloading: android.telephony.TelephonyCallback$CarrierRoamingNtnModeListener
05-28 14:27:33.784   418   418 W Zygote  : Class not found for preloading: android.text.ClientFlags
05-28 14:27:33.787   570   616 W HWUI    : Image decoding logging dropped!
05-28 14:27:33.804   570   616 W HWUI    : Image decoding logging dropped!
05-28 14:27:33.823   570   616 W HWUI    : Image decoding logging dropped!
05-28 14:27:33.841   570   616 W HWUI    : Image decoding logging dropped!
05-28 14:27:33.858   570   616 W HWUI    : Image decoding logging dropped!
05-28 14:27:33.875   570   616 W HWUI    : Image decoding logging dropped!
05-28 14:27:33.876   418   418 W Zygote  : Class not found for preloading: com.android.internal.os.LongArrayMultiStateCounter$LongArrayContainer
05-28 14:27:33.879   485   485 W ServiceManagerCppClient: Waited one second for activity (is service started? Number of threads started in the threadpool: 16. Are binder threads started and available?)
05-28 14:27:33.885   173   644 W libc    : Unable to set property "ctl.interface_start" to "aidl/activity": PROP_ERROR_HANDLE_CONTROL_MESSAGE (0x20)
05-28 14:27:33.890   418   418 W Zygote  : Class not found for preloading: com.android.internal.ravenwood.RavenwoodEnvironment$Workaround
05-28 14:27:33.891   570   616 W HWUI    : Image decoding logging dropped!
05-28 14:27:33.896   418   634 I zygote64: Background concurrent mark compact GC freed 4692KB AllocSpace bytes, 3(60KB) LOS objects, 49% free, 7768KB/15MB, paused 1.276ms,7.215ms total 47.812ms
05-28 14:27:33.909   570   616 W HWUI    : Image decoding logging dropped!
05-28 14:27:33.926   570   616 W HWUI    : Image decoding logging dropped!
05-28 14:27:33.943   570   616 W HWUI    : Image decoding logging dropped!
05-28 14:27:33.954   418   418 W OverlayConfig: partition_order.xml does not exist.
05-28 14:27:33.962   570   616 W HWUI    : Image decoding logging dropped!
05-28 14:27:33.980   570   616 W HWUI    : Image decoding logging dropped!
05-28 14:27:33.998   570   616 W HWUI    : Image decoding logging dropped!
05-28 14:27:34.015   570   616 W HWUI    : Image decoding logging dropped!
05-28 14:27:34.033   570   616 W HWUI    : Image decoding logging dropped!
05-28 14:27:34.051   570   616 W HWUI    : Image decoding logging dropped!
05-28 14:27:34.067   570   616 W HWUI    : Image decoding logging dropped!
05-28 14:27:34.085   570   616 W HWUI    : Image decoding logging dropped!
05-28 14:27:34.103   570   616 W HWUI    : Image decoding logging dropped!
05-28 14:27:34.119   570   616 W HWUI    : Image decoding logging dropped!
05-28 14:27:34.137   570   616 W HWUI    : Image decoding logging dropped!
05-28 14:27:34.155   570   616 W HWUI    : Image decoding logging dropped!
05-28 14:27:34.173   570   616 W HWUI    : Image decoding logging dropped!
05-28 14:27:34.174   646   646 W idmap2  : failed to create idmap
05-28 14:27:34.191   570   616 W HWUI    : Image decoding logging dropped!
05-28 14:27:34.196   418   418 W Zygote  : Class not found for preloading: com.android.internal.telephony.data.TelephonyNetworkFactory
05-28 14:27:34.207   570   616 W HWUI    : Image decoding logging dropped!
05-28 14:27:34.212   418   418 D nativeloader: Load libframework-connectivity-jni.so using APEX ns com_android_tethering for caller /apex/com.android.tethering/javalib/framework-connectivity.jar: ok
05-28 14:27:34.221   418   418 W Zygote  : Class not found for preloading: com.android.org.bouncycastle.asn1.ASN1Enumerated$$ExternalSyntheticOutline0
05-28 14:27:34.223   418   418 W Zygote  : Class not found for preloading: com.android.org.bouncycastle.jcajce.provider.digest.SHA1$Mappings$$ExternalSyntheticOutline0
05-28 14:27:34.225   570   616 W HWUI    : Image decoding logging dropped!
05-28 14:27:34.234   418   418 W Zygote  : Class not found for preloading: java.util.concurrent.ForkJoinPool$DefaultCommonPoolForkJoinWorkerThreadFactory
05-28 14:27:34.246   570   616 W HWUI    : Image decoding logging dropped!
05-28 14:27:34.253   418   418 I Zygote  : ...preloaded 17792 classes in 1111ms.
05-28 14:27:34.256   418   418 D nativeloader: InitApexLibraries:
05-28 14:27:34.256   418   418 D nativeloader:   com_android_art: libnativehelper.so
05-28 14:27:34.256   418   418 D nativeloader:   com_android_i18n: libicui18n.so:libicuuc.so:libicu.so
05-28 14:27:34.256   418   418 D nativeloader:   com_android_neuralnetworks: libneuralnetworks.so
05-28 14:27:34.256   418   418 D nativeloader: InitDefaultPublicLibraries for_preload=0: libandroid.so:libaaudio.so:libamidi.so:libbinder_ndk.so:libc.so:libcamera2ndk.so:libclang_rt.hwasan-aarch64-android.so:libdl.so:libEGL.so:libGLESv1_CM.so:libGLESv2.so:libGLESv3.so:libjnigraphics.so:liblog.so:libmediandk.so:libm.so:libnativewindow.so:libOpenMAXAL.so:libOpenSLES.so:libRS.so:libstdc++.so:libsync.so:libvulkan.so:libwebviewchromium_plat_support.so:libz.so
05-28 14:27:34.256   418   418 D nativeloader: Configuring clns-shared-1 for other apk /system/framework/android.hidl.base-V1.0-java.jar. target_sdk_version=35, uses_libraries=, library_path=, permitted_path=/data:/mnt/expand
05-28 14:27:34.256   418   418 D nativeloader: InitExtendedPublicLibraries: 
05-28 14:27:34.257   418   418 I nativeloader: InitVendorPublicLibraries skipped: Failed to read /vendor/etc/public.libraries.txt: No such file or directory
05-28 14:27:34.257   418   418 D nativeloader: InitProductPublicLibraries: 
05-28 14:27:34.257   418   418 D ApplicationLoaders: Created zygote-cached class loader: /system/framework/android.hidl.base-V1.0-java.jar
05-28 14:27:34.260   570   616 W HWUI    : Image decoding logging dropped!
05-28 14:27:34.262   418   418 D nativeloader: Configuring clns-shared-2 for other apk /system/framework/android.hidl.manager-V1.0-java.jar. target_sdk_version=35, uses_libraries=, library_path=, permitted_path=/data:/mnt/expand
05-28 14:27:34.263   418   418 D ApplicationLoaders: Created zygote-cached class loader: /system/framework/android.hidl.manager-V1.0-java.jar
05-28 14:27:34.267   418   418 D nativeloader: Configuring clns-shared-3 for other apk /system/framework/android.test.base.jar. target_sdk_version=35, uses_libraries=, library_path=, permitted_path=/data:/mnt/expand
05-28 14:27:34.268   418   418 D ApplicationLoaders: Created zygote-cached class loader: /system/framework/android.test.base.jar
05-28 14:27:34.276   418   418 D nativeloader: Configuring clns-shared-4 for other apk /system/framework/org.apache.http.legacy.jar. target_sdk_version=35, uses_libraries=, library_path=, permitted_path=/data:/mnt/expand
05-28 14:27:34.277   418   418 D ApplicationLoaders: Created zygote-cached class loader: /system/framework/org.apache.http.legacy.jar
05-28 14:27:34.279   570   616 W HWUI    : Image decoding logging dropped!
05-28 14:27:34.282   418   418 D nativeloader: Configuring clns-shared-5 for other apk /system_ext/framework/androidx.window.extensions.jar. target_sdk_version=35, uses_libraries=, library_path=, permitted_path=/data:/mnt/expand
05-28 14:27:34.283   418   418 D ApplicationLoaders: Created zygote-cached class loader: /system_ext/framework/androidx.window.extensions.jar
05-28 14:27:34.285   418   418 D nativeloader: Configuring clns-shared-6 for other apk /system_ext/framework/androidx.window.sidecar.jar. target_sdk_version=35, uses_libraries=, library_path=, permitted_path=/data:/mnt/expand
05-28 14:27:34.286   418   418 D ApplicationLoaders: Created zygote-cached class loader: /system_ext/framework/androidx.window.sidecar.jar
05-28 14:27:34.286   418   418 I Resources: Preloading resources...
05-28 14:27:34.296   570   616 W HWUI    : Image decoding logging dropped!
05-28 14:27:34.304   418   418 W Resources: Preloaded drawable resource #0x10802d2 (android:drawable/dialog_background_material) that varies with configuration!!
05-28 14:27:34.306   418   418 W Resources: Preloaded color resource #0x1060072 (android:color/system_surface_container_highest_light) that varies with configuration!!
05-28 14:27:34.306   418   418 W Resources: Preloaded drawable resource #0x1080340 (android:drawable/floating_popup_background) that varies with configuration!!
05-28 14:27:34.313   570   616 W HWUI    : Image decoding logging dropped!
05-28 14:27:34.320   418   418 W Resources: Preloaded drawable resource #0x108087f (android:drawable/progress_horizontal_material) that varies with configuration!!
05-28 14:27:34.321   418   418 W Resources: Preloaded drawable resource #0x1080883 (android:drawable/progress_indeterminate_horizontal_material) that varies with configuration!!
