05-22 10:11:54.831   432   432 D aconfigd_mainline: aconfigd_rust::storage_files: apply staged local overrides for container com.android.uprobestats
05-22 10:11:54.831   432   432 D aconfigd_mainline: aconfigd_rust::aconfigd: start initialize com.android.ondevicepersonalization flags
05-22 10:11:54.832   432   432 D aconfigd_mainline: aconfigd_rust::storage_files_manager: no need to update com.android.ondevicepersonalization, computed digest matches with record
05-22 10:11:54.832   432   432 D aconfigd_mainline: aconfigd_rust::storage_files_manager: writing updated storage records /metadata/aconfig/mainline_storage_records.pb
05-22 10:11:54.832   432   432 D aconfigd_mainline: aconfigd_rust::storage_files: apply staged server overrides for container com.android.ondevicepersonalization
05-22 10:11:54.833   432   432 D aconfigd_mainline: aconfigd_rust::storage_files: apply staged local overrides for container com.android.ondevicepersonalization
05-22 10:11:54.833   432   432 D aconfigd_mainline: aconfigd_rust::aconfigd: start initialize com.android.sdkext flags
05-22 10:11:54.833   432   432 D aconfigd_mainline: aconfigd_rust::aconfigd: start initialize com.android.art flags
05-22 10:11:54.833   432   432 D aconfigd_mainline: aconfigd_rust::storage_files_manager: no need to update com.android.art, computed digest matches with record
05-22 10:11:54.833   432   432 D aconfigd_mainline: aconfigd_rust::storage_files_manager: writing updated storage records /metadata/aconfig/mainline_storage_records.pb
05-22 10:11:54.833   432   432 D aconfigd_mainline: aconfigd_rust::storage_files: apply staged server overrides for container com.android.art
05-22 10:11:54.834   432   432 D aconfigd_mainline: aconfigd_rust::storage_files: apply staged local overrides for container com.android.art
05-22 10:11:54.834   432   432 D aconfigd_mainline: aconfigd_rust::aconfigd: start initialize com.android.wifi flags
05-22 10:11:54.835   432   432 D aconfigd_mainline: aconfigd_rust::storage_files_manager: no need to update com.android.wifi, computed digest matches with record
05-22 10:11:54.835   432   432 D aconfigd_mainline: aconfigd_rust::storage_files_manager: writing updated storage records /metadata/aconfig/mainline_storage_records.pb
05-22 10:11:54.835   432   432 D aconfigd_mainline: aconfigd_rust::storage_files: apply staged server overrides for container com.android.wifi
05-22 10:11:54.835   432   432 D aconfigd_mainline: aconfigd_rust::storage_files: apply staged local overrides for container com.android.wifi
05-22 10:11:54.835   432   432 D aconfigd_mainline: aconfigd_rust::aconfigd: start initialize com.android.ipsec flags
05-22 10:11:54.836   432   432 D aconfigd_mainline: aconfigd_rust::storage_files_manager: no need to update com.android.ipsec, computed digest matches with record
05-22 10:11:54.836   432   432 D aconfigd_mainline: aconfigd_rust::storage_files_manager: writing updated storage records /metadata/aconfig/mainline_storage_records.pb
05-22 10:11:54.836   432   432 D aconfigd_mainline: aconfigd_rust::storage_files: apply staged server overrides for container com.android.ipsec
05-22 10:11:54.837   432   432 D aconfigd_mainline: aconfigd_rust::storage_files: apply staged local overrides for container com.android.ipsec
05-22 10:11:54.837   432   432 D aconfigd_mainline: aconfigd_rust::aconfigd: start initialize com.android.configinfrastructure flags
05-22 10:11:54.837   432   432 D aconfigd_mainline: aconfigd_rust::storage_files_manager: no need to update com.android.configinfrastructure, computed digest matches with record
05-22 10:11:54.837   432   432 D aconfigd_mainline: aconfigd_rust::storage_files_manager: writing updated storage records /metadata/aconfig/mainline_storage_records.pb
05-22 10:11:54.837   432   432 D aconfigd_mainline: aconfigd_rust::storage_files: apply staged server overrides for container com.android.configinfrastructure
05-22 10:11:54.838   432   432 D aconfigd_mainline: aconfigd_rust::storage_files: apply staged local overrides for container com.android.configinfrastructure
05-22 10:11:54.838   432   432 D aconfigd_mainline: aconfigd_rust::aconfigd: start initialize com.android.mediaprovider flags
05-22 10:11:54.839   432   432 D aconfigd_mainline: aconfigd_rust::storage_files_manager: no need to update com.android.mediaprovider, computed digest matches with record
05-22 10:11:54.839   432   432 D aconfigd_mainline: aconfigd_rust::storage_files_manager: writing updated storage records /metadata/aconfig/mainline_storage_records.pb
05-22 10:11:54.839   432   432 D aconfigd_mainline: aconfigd_rust::storage_files: apply staged server overrides for container com.android.mediaprovider
05-22 10:11:54.839   432   432 D aconfigd_mainline: aconfigd_rust::storage_files: apply staged local overrides for container com.android.mediaprovider
05-22 10:11:54.839   432   432 D aconfigd_mainline: aconfigd_rust::aconfigd: start initialize com.android.bt flags
05-22 10:11:54.841   432   432 D aconfigd_mainline: aconfigd_rust::storage_files_manager: no need to update com.android.bt, computed digest matches with record
05-22 10:11:54.841   432   432 D aconfigd_mainline: aconfigd_rust::storage_files_manager: writing updated storage records /metadata/aconfig/mainline_storage_records.pb
05-22 10:11:54.841   432   432 D aconfigd_mainline: aconfigd_rust::storage_files: apply staged server overrides for container com.android.bt
05-22 10:11:54.841   432   432 D aconfigd_mainline: aconfigd_rust::storage_files: apply staged local overrides for container com.android.bt
05-22 10:11:54.848   433   433 I aconfigd_mainline: main: starting aconfigd_mainline commands.
05-22 10:11:54.849   434   434 I derive_sdk: Read version 17 from 7
05-22 10:11:54.849   434   434 I derive_sdk: Read version 17 from 5
05-22 10:11:54.849   434   434 I derive_sdk: Read version 17 from 13
05-22 10:11:54.850   434   434 I derive_sdk: Read version 17 from 16
05-22 10:11:54.850   434   434 I derive_sdk: Read version 17 from 3
05-22 10:11:54.850   434   434 I derive_sdk: Read version 17 from 2
05-22 10:11:54.851   434   434 I derive_sdk: Read version 17 from 1
05-22 10:11:54.851   434   434 I derive_sdk: Read version 17 from 4
05-22 10:11:54.852   434   434 I derive_sdk: Read version 17 from 8
05-22 10:11:54.852   434   434 I derive_sdk: Read version 17 from 14
05-22 10:11:54.852   434   434 I derive_sdk: Read version 17 from 9
05-22 10:11:54.852   434   434 I derive_sdk: Read version 17 from 10
05-22 10:11:54.852   434   434 I derive_sdk: Read version 17 from 12
05-22 10:11:54.853   434   434 I derive_sdk: Read version 17 from 15
05-22 10:11:54.853   434   434 I derive_sdk: Read version 17 from 6
05-22 10:11:54.853   434   434 I derive_sdk: Read version 17 from 17
05-22 10:11:54.854   434   434 I derive_sdk: Read version 17 from 11
05-22 10:11:54.854   434   434 I derive_sdk: extension r version is 17
05-22 10:11:54.854   434   434 I derive_sdk: extension s version is 17
05-22 10:11:54.854   434   434 I derive_sdk: extension t version is 17
05-22 10:11:54.854   434   434 I derive_sdk: extension u version is 17
05-22 10:11:54.855   434   434 I derive_sdk: extension v version is 17
05-22 10:11:54.855   434   434 I derive_sdk: extension b version is 17
05-22 10:11:54.855   434   434 I derive_sdk: extension ad_services version is 17
05-22 10:11:54.859   234   234 D vold    : fscrypt_init_user0
05-22 10:11:54.859   234   234 D vold    : Preparing: /data/misc/vold/user_keys
05-22 10:11:54.860   234   234 D vold    : Preparing: /data/misc/vold/user_keys/ce
05-22 10:11:54.860   234   234 D vold    : Preparing: /data/misc/vold/user_keys/de
05-22 10:11:54.863   234   234 D vold    : Installed fscrypt key with ref 01e4ac6bfc79e3d13fb6b654fc3a00d6 to /data
05-22 10:11:54.863   234   234 D vold    : Installed de key for user 0
05-22 10:11:54.864   234   234 D vold    : Preparing: /data/data
05-22 10:11:54.864   234   234 D vold    : Preparing: /data/user/0
05-22 10:11:54.865   234   234 D vold    : Preparing: /data/media/obb
05-22 10:11:54.865   234   234 D vold    : fscrypt_prepare_user_storage for volume null, user 0, flags 1
05-22 10:11:54.865   234   234 D vold    : Preparing: /data/system/users/0
05-22 10:11:54.865   234   234 D vold    : Preparing: /data/misc/profiles/cur/0
05-22 10:11:54.866   234   234 D vold    : Preparing: /data/system_de/0
05-22 10:11:54.866   234   234 I vold    : Verified that /data/system_de/0 has the encryption policy 01e4ac6bfc79e3d13fb6b654fc3a00d6 v2 modes 1/4 flags 0x2
05-22 10:11:54.866   234   234 D vold    : Preparing: /data/vendor_de/0
05-22 10:11:54.866   234   234 I vold    : Verified that /data/vendor_de/0 has the encryption policy 01e4ac6bfc79e3d13fb6b654fc3a00d6 v2 modes 1/4 flags 0x2
05-22 10:11:54.867   234   234 D vold    : Preparing: /data/misc_de/0
05-22 10:11:54.867   234   234 I vold    : Verified that /data/misc_de/0 has the encryption policy 01e4ac6bfc79e3d13fb6b654fc3a00d6 v2 modes 1/4 flags 0x2
05-22 10:11:54.867   234   234 D vold    : Preparing: /data/user_de/0
05-22 10:11:54.867   234   234 I vold    : Verified that /data/user_de/0 has the encryption policy 01e4ac6bfc79e3d13fb6b654fc3a00d6 v2 modes 1/4 flags 0x2
05-22 10:11:54.867   234   234 D vold    : /system/bin/vold_prepare_subdirs
05-22 10:11:54.867   234   234 D vold    :     prepare
05-22 10:11:54.867   234   234 D vold    :     
05-22 10:11:54.867   234   234 D vold    :     0
05-22 10:11:54.867   234   234 D vold    :     1
05-22 10:11:54.871   436   436 D vold_prepare_subdirs: Setting up mode 771 uid 1000 gid 1000 context u:object_r:system_data_file:s0:c512,c768 on path: /data/user_de/0
05-22 10:11:54.871   436   436 D vold_prepare_subdirs: Setting up mode 771 uid 1000 gid 1000 context u:object_r:sdk_sandbox_system_data_file:s0:c512,c768 on path: /data/misc_de/0/sdksandbox
05-22 10:11:54.871   436   436 D vold_prepare_subdirs: Setting up mode 700 uid 0 gid 0 context u:object_r:vold_data_file:s0 on path: /data/misc_de/0/vold
05-22 10:11:54.872   436   436 D vold_prepare_subdirs: Setting up mode 700 uid 0 gid 0 context u:object_r:storaged_data_file:s0 on path: /data/misc_de/0/storaged
05-22 10:11:54.872   436   436 D vold_prepare_subdirs: Setting up mode 700 uid 0 gid 0 context u:object_r:rollback_data_file:s0 on path: /data/misc_de/0/rollback
05-22 10:11:54.872   436   436 D vold_prepare_subdirs: Setting up mode 700 uid 0 gid 0 context u:object_r:apex_rollback_data_file:s0 on path: /data/misc_de/0/apexrollback
05-22 10:11:54.872   436   436 D vold_prepare_subdirs: Setting up mode 711 uid 0 gid 0 context u:object_r:apex_module_data_file:s0 on path: /data/misc_de/0/apexdata
05-22 10:11:54.872   436   436 D vold_prepare_subdirs: Setting up mode 771 uid 0 gid 1000 context u:object_r:apex_module_data_file:s0 on path: /data/misc_de/0/apexdata/com.android.adbd
05-22 10:11:54.873   436   436 D vold_prepare_subdirs: Setting up mode 771 uid 0 gid 1000 context u:object_r:apex_module_data_file:s0 on path: /data/misc_de/0/apexdata/com.android.adservices
05-22 10:11:54.873   436   436 D vold_prepare_subdirs: Setting up mode 771 uid 0 gid 1000 context u:object_r:apex_module_data_file:s0 on path: /data/misc_de/0/apexdata/com.android.apex.cts.shim
05-22 10:11:54.873   436   436 D vold_prepare_subdirs: Setting up mode 771 uid 0 gid 1000 context u:object_r:apex_module_data_file:s0 on path: /data/misc_de/0/apexdata/com.android.appsearch
05-22 10:11:54.873   436   436 D vold_prepare_subdirs: Setting up mode 771 uid 0 gid 1000 context u:object_r:apex_module_data_file:s0 on path: /data/misc_de/0/apexdata/com.android.art
05-22 10:11:54.873   436   436 D vold_prepare_subdirs: Setting up mode 771 uid 0 gid 1000 context u:object_r:apex_module_data_file:s0 on path: /data/misc_de/0/apexdata/com.android.bt
05-22 10:11:54.873   436   436 D vold_prepare_subdirs: Setting up mode 771 uid 0 gid 1000 context u:object_r:apex_module_data_file:s0 on path: /data/misc_de/0/apexdata/com.android.cellbroadcast
05-22 10:11:54.873   436   436 D vold_prepare_subdirs: Setting up mode 771 uid 0 gid 1000 context u:object_r:apex_module_data_file:s0 on path: /data/misc_de/0/apexdata/com.android.configinfrastructure
05-22 10:11:54.873   436   436 D vold_prepare_subdirs: Setting up mode 771 uid 0 gid 1000 context u:object_r:apex_module_data_file:s0 on path: /data/misc_de/0/apexdata/com.android.conscrypt
05-22 10:11:54.873   436   436 D vold_prepare_subdirs: Setting up mode 771 uid 0 gid 1000 context u:object_r:apex_module_data_file:s0 on path: /data/misc_de/0/apexdata/com.android.crashrecovery
05-22 10:11:54.873   436   436 D vold_prepare_subdirs: Setting up mode 771 uid 0 gid 1000 context u:object_r:apex_module_data_file:s0 on path: /data/misc_de/0/apexdata/com.android.devicelock
05-22 10:11:54.873   436   436 D vold_prepare_subdirs: Setting up mode 771 uid 0 gid 1000 context u:object_r:apex_module_data_file:s0 on path: /data/misc_de/0/apexdata/com.android.extservices
05-22 10:11:54.873   436   436 D vold_prepare_subdirs: Setting up mode 771 uid 0 gid 1000 context u:object_r:apex_module_data_file:s0 on path: /data/misc_de/0/apexdata/com.android.hardware.authsecret
05-22 10:11:54.873   436   436 D vold_prepare_subdirs: Setting up mode 771 uid 0 gid 1000 context u:object_r:apex_module_data_file:s0 on path: /data/misc_de/0/apexdata/com.android.hardware.cas
05-22 10:11:54.873   436   436 D vold_prepare_subdirs: Setting up mode 771 uid 0 gid 1000 context u:object_r:apex_module_data_file:s0 on path: /data/misc_de/0/apexdata/com.android.hardware.contexthub
05-22 10:11:54.873   436   436 D vold_prepare_subdirs: Setting up mode 771 uid 0 gid 1000 context u:object_r:apex_module_data_file:s0 on path: /data/misc_de/0/apexdata/com.android.hardware.dumpstate
05-22 10:11:54.873   436   436 D vold_prepare_subdirs: Setting up mode 771 uid 0 gid 1000 context u:object_r:apex_module_data_file:s0 on path: /data/misc_de/0/apexdata/com.android.hardware.gatekeeper
05-22 10:11:54.873   436   436 D vold_prepare_subdirs: Setting up mode 771 uid 0 gid 1000 context u:object_r:apex_module_data_file:s0 on path: /data/misc_de/0/apexdata/com.android.hardware.neuralnetworks
05-22 10:11:54.873   436   436 D vold_prepare_subdirs: Setting up mode 771 uid 0 gid 1000 context u:object_r:apex_module_data_file:s0 on path: /data/misc_de/0/apexdata/com.android.hardware.power
05-22 10:11:54.873   436   436 D vold_prepare_subdirs: Setting up mode 771 uid 0 gid 1000 context u:object_r:apex_module_data_file:s0 on path: /data/misc_de/0/apexdata/com.android.hardware.rebootescrow
05-22 10:11:54.874   436   436 D vold_prepare_subdirs: Setting up mode 771 uid 0 gid 1000 context u:object_r:apex_module_data_file:s0 on path: /data/misc_de/0/apexdata/com.android.hardware.thermal
05-22 10:11:54.874   436   436 D vold_prepare_subdirs: Setting up mode 771 uid 0 gid 1000 context u:object_r:apex_module_data_file:s0 on path: /data/misc_de/0/apexdata/com.android.hardware.threadnetwork
05-22 10:11:54.874   436   436 D vold_prepare_subdirs: Setting up mode 771 uid 0 gid 1000 context u:object_r:apex_module_data_file:s0 on path: /data/misc_de/0/apexdata/com.android.hardware.uwb
05-22 10:11:54.874   436   436 D vold_prepare_subdirs: Setting up mode 771 uid 0 gid 1000 context u:object_r:apex_module_data_file:s0 on path: /data/misc_de/0/apexdata/com.android.hardware.vibrator
05-22 10:11:54.874   436   436 D vold_prepare_subdirs: Setting up mode 771 uid 0 gid 1000 context u:object_r:apex_module_data_file:s0 on path: /data/misc_de/0/apexdata/com.android.healthfitness
05-22 10:11:54.874   436   436 D vold_prepare_subdirs: Setting up mode 771 uid 0 gid 1000 context u:object_r:apex_module_data_file:s0 on path: /data/misc_de/0/apexdata/com.android.i18n
05-22 10:11:54.874   436   436 D vold_prepare_subdirs: Setting up mode 771 uid 0 gid 1000 context u:object_r:apex_module_data_file:s0 on path: /data/misc_de/0/apexdata/com.android.ipsec
05-22 10:11:54.874   436   436 D vold_prepare_subdirs: Setting up mode 771 uid 0 gid 1000 context u:object_r:apex_module_data_file:s0 on path: /data/misc_de/0/apexdata/com.android.media
05-22 10:11:54.874   436   436 D vold_prepare_subdirs: Setting up mode 771 uid 0 gid 1000 context u:object_r:apex_module_data_file:s0 on path: /data/misc_de/0/apexdata/com.android.media.swcodec
05-22 10:11:54.874   436   436 D vold_prepare_subdirs: Setting up mode 771 uid 0 gid 1000 context u:object_r:apex_module_data_file:s0 on path: /data/misc_de/0/apexdata/com.android.mediaprovider
05-22 10:11:54.874   436   436 D vold_prepare_subdirs: Setting up mode 771 uid 0 gid 1000 context u:object_r:apex_module_data_file:s0 on path: /data/misc_de/0/apexdata/com.android.neuralnetworks
05-22 10:11:54.874   436   436 D vold_prepare_subdirs: Setting up mode 771 uid 0 gid 1000 context u:object_r:apex_module_data_file:s0 on path: /data/misc_de/0/apexdata/com.android.nfcservices
05-22 10:11:54.874   436   436 D vold_prepare_subdirs: Setting up mode 771 uid 0 gid 1000 context u:object_r:apex_module_data_file:s0 on path: /data/misc_de/0/apexdata/com.android.ondevicepersonalization
05-22 10:11:54.874   436   436 D vold_prepare_subdirs: Setting up mode 771 uid 0 gid 1000 context u:object_r:apex_module_data_file:s0 on path: /data/misc_de/0/apexdata/com.android.os.statsd
05-22 10:11:54.874   436   436 D vold_prepare_subdirs: Setting up mode 771 uid 0 gid 1000 context u:object_r:apex_system_server_data_file:s0 on path: /data/misc_de/0/apexdata/com.android.permission
05-22 10:11:54.874   436   436 D vold_prepare_subdirs: Setting up mode 771 uid 0 gid 1000 context u:object_r:apex_module_data_file:s0 on path: /data/misc_de/0/apexdata/com.android.profiling
05-22 10:11:54.874   436   436 D vold_prepare_subdirs: Setting up mode 771 uid 0 gid 1000 context u:object_r:apex_module_data_file:s0 on path: /data/misc_de/0/apexdata/com.android.resolv
05-22 10:11:54.874   436   436 D vold_prepare_subdirs: Setting up mode 771 uid 0 gid 1000 context u:object_r:apex_module_data_file:s0 on path: /data/misc_de/0/apexdata/com.android.rkpd
05-22 10:11:54.874   436   436 D vold_prepare_subdirs: Setting up mode 771 uid 0 gid 1000 context u:object_r:apex_module_data_file:s0 on path: /data/misc_de/0/apexdata/com.android.runtime
05-22 10:11:54.874   436   436 D vold_prepare_subdirs: Setting up mode 771 uid 0 gid 1000 context u:object_r:apex_module_data_file:s0 on path: /data/misc_de/0/apexdata/com.android.scheduling
05-22 10:11:54.874   436   436 D vold_prepare_subdirs: Setting up mode 771 uid 0 gid 1000 context u:object_r:apex_module_data_file:s0 on path: /data/misc_de/0/apexdata/com.android.sdkext
05-22 10:11:54.875   436   436 D vold_prepare_subdirs: Setting up mode 771 uid 0 gid 1000 context u:object_r:apex_module_data_file:s0 on path: /data/misc_de/0/apexdata/com.android.tethering
05-22 10:11:54.875   436   436 D vold_prepare_subdirs: Setting up mode 771 uid 0 gid 1000 context u:object_r:apex_module_data_file:s0 on path: /data/misc_de/0/apexdata/com.android.tzdata
05-22 10:11:54.875   436   436 D vold_prepare_subdirs: Setting up mode 771 uid 0 gid 1000 context u:object_r:apex_module_data_file:s0 on path: /data/misc_de/0/apexdata/com.android.uprobestats
05-22 10:11:54.875   436   436 D vold_prepare_subdirs: Setting up mode 771 uid 0 gid 1000 context u:object_r:apex_system_server_data_file:s0 on path: /data/misc_de/0/apexdata/com.android.uwb
05-22 10:11:54.875   436   436 D vold_prepare_subdirs: Setting up mode 771 uid 0 gid 1000 context u:object_r:apex_module_data_file:s0 on path: /data/misc_de/0/apexdata/com.android.virt
05-22 10:11:54.875   436   436 D vold_prepare_subdirs: Setting up mode 771 uid 0 gid 1000 context u:object_r:apex_system_server_data_file:s0 on path: /data/misc_de/0/apexdata/com.android.wifi
05-22 10:11:54.875   436   436 D vold_prepare_subdirs: Setting up mode 771 uid 0 gid 1000 context u:object_r:apex_module_data_file:s0 on path: /data/misc_de/0/apexdata/com.google.android.widevine
05-22 10:11:54.875   436   436 D vold_prepare_subdirs: Setting up mode 771 uid 1000 gid 1000 context u:object_r:user_profile_root_file:s0:c512,c768 on path: /data/misc/profiles/cur/0
05-22 10:11:54.875   436   436 D vold_prepare_subdirs: Setting up mode 700 uid 1000 gid 1000 context u:object_r:fingerprint_vendor_data_file:s0 on path: /data/vendor_de/0/fpdata
05-22 10:11:54.876   436   436 D vold_prepare_subdirs: Setting up mode 700 uid 1000 gid 1000 context u:object_r:face_vendor_data_file:s0 on path: /data/vendor_de/0/facedata
05-22 10:11:54.880   437   437 I derive_classpath: ParseFragments for bootclasspath
05-22 10:11:54.887   437   437 I derive_classpath: ReadClasspathFragment /apex/com.android.art/etc/classpaths/bootclasspath.pb
05-22 10:11:54.888   437   437 I derive_classpath: ReadClasspathFragment /system/etc/classpaths/bootclasspath.pb
05-22 10:11:54.888   437   437 I derive_classpath: ReadClasspathFragment /apex/com.android.adservices/etc/classpaths/bootclasspath.pb
05-22 10:11:54.888   437   437 I derive_classpath: ReadClasspathFragment /apex/com.android.appsearch/etc/classpaths/bootclasspath.pb
05-22 10:11:54.888   437   437 I derive_classpath: ReadClasspathFragment /apex/com.android.bt/etc/classpaths/bootclasspath.pb
05-22 10:11:54.889   437   437 I derive_classpath: ReadClasspathFragment /apex/com.android.configinfrastructure/etc/classpaths/bootclasspath.pb
05-22 10:11:54.889   437   437 I derive_classpath: ReadClasspathFragment /apex/com.android.conscrypt/etc/classpaths/bootclasspath.pb
05-22 10:11:54.889   437   437 I derive_classpath: ReadClasspathFragment /apex/com.android.crashrecovery/etc/classpaths/bootclasspath.pb
05-22 10:11:54.889   437   437 I derive_classpath: ReadClasspathFragment /apex/com.android.devicelock/etc/classpaths/bootclasspath.pb
05-22 10:11:54.889   437   437 I derive_classpath: ReadClasspathFragment /apex/com.android.healthfitness/etc/classpaths/bootclasspath.pb
05-22 10:11:54.890   437   437 I derive_classpath: ReadClasspathFragment /apex/com.android.ipsec/etc/classpaths/bootclasspath.pb
05-22 10:11:54.890   437   437 I derive_classpath: ReadClasspathFragment /apex/com.android.media/etc/classpaths/bootclasspath.pb
05-22 10:11:54.890   437   437 I derive_classpath: ReadClasspathFragment /apex/com.android.mediaprovider/etc/classpaths/bootclasspath.pb
05-22 10:11:54.890   437   437 I derive_classpath: ReadClasspathFragment /apex/com.android.nfcservices/etc/classpaths/bootclasspath.pb
05-22 10:11:54.891   437   437 I derive_classpath: ReadClasspathFragment /apex/com.android.ondevicepersonalization/etc/classpaths/bootclasspath.pb
05-22 10:11:54.891   437   437 I derive_classpath: ReadClasspathFragment /apex/com.android.os.statsd/etc/classpaths/bootclasspath.pb
05-22 10:11:54.891   437   437 I derive_classpath: ReadClasspathFragment /apex/com.android.permission/etc/classpaths/bootclasspath.pb
05-22 10:11:54.891   437   437 I derive_classpath: ReadClasspathFragment /apex/com.android.profiling/etc/classpaths/bootclasspath.pb
05-22 10:11:54.892   437   437 I derive_classpath: ReadClasspathFragment /apex/com.android.scheduling/etc/classpaths/bootclasspath.pb
05-22 10:11:54.892   437   437 I derive_classpath: ReadClasspathFragment /apex/com.android.sdkext/etc/classpaths/bootclasspath.pb
05-22 10:11:54.892   437   437 I derive_classpath: ReadClasspathFragment /apex/com.android.tethering/etc/classpaths/bootclasspath.pb
05-22 10:11:54.892   437   437 I derive_classpath: ReadClasspathFragment /apex/com.android.uwb/etc/classpaths/bootclasspath.pb
05-22 10:11:54.893   437   437 I derive_classpath: ReadClasspathFragment /apex/com.android.virt/etc/classpaths/bootclasspath.pb
05-22 10:11:54.893   437   437 I derive_classpath: ReadClasspathFragment /apex/com.android.wifi/etc/classpaths/bootclasspath.pb
05-22 10:11:54.893   437   437 I derive_classpath: ParseFragments for systemserverclasspath
05-22 10:11:54.893   437   437 I derive_classpath: ReadClasspathFragment /system/etc/classpaths/systemserverclasspath.pb
05-22 10:11:54.893   437   437 I derive_classpath: ReadClasspathFragment /apex/com.android.adservices/etc/classpaths/systemserverclasspath.pb
05-22 10:11:54.894   437   437 I derive_classpath: ReadClasspathFragment /apex/com.android.appsearch/etc/classpaths/systemserverclasspath.pb
05-22 10:11:54.894   437   437 I derive_classpath: ReadClasspathFragment /apex/com.android.art/etc/classpaths/systemserverclasspath.pb
05-22 10:11:54.894   437   437 I derive_classpath: ReadClasspathFragment /apex/com.android.bt/etc/classpaths/systemserverclasspath.pb
05-22 10:11:54.894   437   437 I derive_classpath: ReadClasspathFragment /apex/com.android.configinfrastructure/etc/classpaths/systemserverclasspath.pb
05-22 10:11:54.894   437   437 I derive_classpath: ReadClasspathFragment /apex/com.android.crashrecovery/etc/classpaths/systemserverclasspath.pb
05-22 10:11:54.894   437   437 I derive_classpath: ReadClasspathFragment /apex/com.android.devicelock/etc/classpaths/systemserverclasspath.pb
05-22 10:11:54.894   437   437 I derive_classpath: ReadClasspathFragment /apex/com.android.healthfitness/etc/classpaths/systemserverclasspath.pb
05-22 10:11:54.895   437   437 I derive_classpath: ReadClasspathFragment /apex/com.android.media/etc/classpaths/systemserverclasspath.pb
05-22 10:11:54.895   437   437 I derive_classpath: ReadClasspathFragment /apex/com.android.ondevicepersonalization/etc/classpaths/systemserverclasspath.pb
05-22 10:11:54.895   437   437 I derive_classpath: ReadClasspathFragment /apex/com.android.os.statsd/etc/classpaths/systemserverclasspath.pb
05-22 10:11:54.895   437   437 I derive_classpath: ReadClasspathFragment /apex/com.android.permission/etc/classpaths/systemserverclasspath.pb
05-22 10:11:54.895   437   437 I derive_classpath: ReadClasspathFragment /apex/com.android.profiling/etc/classpaths/systemserverclasspath.pb
05-22 10:11:54.895   437   437 I derive_classpath: ReadClasspathFragment /apex/com.android.rkpd/etc/classpaths/systemserverclasspath.pb
05-22 10:11:54.895   437   437 I derive_classpath: ReadClasspathFragment /apex/com.android.scheduling/etc/classpaths/systemserverclasspath.pb
05-22 10:11:54.896   437   437 I derive_classpath: ReadClasspathFragment /apex/com.android.tethering/etc/classpaths/systemserverclasspath.pb
05-22 10:11:54.896   437   437 I derive_classpath: ReadClasspathFragment /apex/com.android.uwb/etc/classpaths/systemserverclasspath.pb
05-22 10:11:54.896   437   437 I derive_classpath: ReadClasspathFragment /apex/com.android.virt/etc/classpaths/systemserverclasspath.pb
05-22 10:11:54.896   437   437 I derive_classpath: ReadClasspathFragment /apex/com.android.wifi/etc/classpaths/systemserverclasspath.pb
05-22 10:11:54.896   437   437 I derive_classpath: WriteClasspathExports /data/system/environ/classpath
05-22 10:11:54.896   437   437 I derive_classpath: WriteClasspathExports content
05-22 10:11:54.896   437   437 I derive_classpath: export BOOTCLASSPATH /apex/com.android.art/javalib/core-oj.jar:/apex/com.android.art/javalib/core-libart.jar:/apex/com.android.art/javalib/okhttp.jar:/apex/com.android.art/javalib/bouncycastle.jar:/apex/com.android.art/javalib/apache-xml.jar:/system/framework/framework.jar:/system/framework/framework-graphics.jar:/system/framework/framework-location.jar:/system/framework/ext.jar:/system/framework/telephony-common.jar:/system/framework/voip-common.jar:/system/framework/ims-common.jar:/system/framework/framework-ondeviceintelligence-platform.jar:/apex/com.android.i18n/javalib/core-icu4j.jar:/apex/com.android.adservices/javalib/framework-adservices.jar:/apex/com.android.adservices/javalib/framework-sdksandbox.jar:/apex/com.android.appsearch/javalib/framework-appsearch.jar:/apex/com.android.bt/javalib/framework-bluetooth.jar:/apex/com.android.configinfrastructure/javalib/framework-configinfrastructure.jar:/apex/com.android.conscrypt/javalib/conscrypt.jar:/apex/com.android.crashrecovery/javalib/framework-crashrecovery.jar:/apex/com.android.devicelock/javalib/framework-devicelock.jar:/apex/com.android.healthfitness/javalib/framework-healthfitness.jar:/apex/com.android.ipsec/javalib/android.net.ipsec.ike.jar:/apex/com.android.media/javalib/updatable-media.jar:/apex/com.android.mediaprovider/javalib/framework-mediaprovider.jar:/apex/com.android.mediaprovider/javalib/framework-pdf.jar:/apex/com.android.mediaprovider/javalib/framework-pdf-v.jar:/apex/com.android.mediaprovider/javalib/framework-photopicker.jar:/apex/com.android.nfcservices/javalib/framework-nfc.jar:/apex/com.android.ondevicepersonalization/javalib/framework-ondevicepersonalization.jar:/apex/com.android.os.statsd/javalib/framework-statsd.jar:/apex/com.android.permission/javalib/framework-permission.jar:/apex/com.android.permission/javalib/framework-permission-s.jar:/apex/com.android.profiling/javalib/framework-profiling.jar:/apex/com.android.scheduling/javalib/framework-scheduling.jar:/apex/com.android.sdkext/javalib/framework-sdkextensions.jar:/apex/com.android.tethering/javalib/framework-connectivity.jar:/apex/com.android.tethering/javalib/framework-connectivity-b.jar:/apex/com.android.tethering/javalib/framework-connectivity-t.jar:/apex/com.android.tethering/javalib/framework-tethering.jar:/apex/com.android.uwb/javalib/framework-ranging.jar:/apex/com.android.uwb/javalib/framework-uwb.jar:/apex/com.android.virt/javalib/framework-virtualization.jar:/apex/com.android.wifi/javalib/framework-wifi.jar
05-22 10:11:54.896   437   437 I derive_classpath: export DEX2OATBOOTCLASSPATH /apex/com.android.art/javalib/core-oj.jar:/apex/com.android.art/javalib/core-libart.jar:/apex/com.android.art/javalib/okhttp.jar:/apex/com.android.art/javalib/bouncycastle.jar:/apex/com.android.art/javalib/apache-xml.jar:/system/framework/framework.jar:/system/framework/framework-graphics.jar:/system/framework/framework-location.jar:/system/framework/ext.jar:/system/framework/telephony-common.jar:/system/framework/voip-common.jar:/system/framework/ims-common.jar:/system/framework/framework-ondeviceintelligence-platform.jar:/apex/com.android.i18n/javalib/core-icu4j.jar
05-22 10:11:54.896   437   437 I derive_classpath: export SYSTEMSERVERCLASSPATH /system/framework/com.android.location.provider.jar:/system/framework/services.jar:/apex/com.android.adservices/javalib/service-adservices.jar:/apex/com.android.adservices/javalib/service-sdksandbox.jar:/apex/com.android.appsearch/javalib/service-appsearch.jar:/apex/com.android.art/javalib/service-art.jar:/apex/com.android.configinfrastructure/javalib/service-configinfrastructure.jar:/apex/com.android.crashrecovery/javalib/service-crashrecovery.jar:/apex/com.android.healthfitness/javalib/service-healthfitness.jar:/apex/com.android.media/javalib/service-media-s.jar:/apex/com.android.ondevicepersonalization/javalib/service-ondevicepersonalization.jar:/apex/com.android.permission/javalib/service-permission.jar:/apex/com.android.rkpd/javalib/service-rkp.jar:/apex/com.android.virt/javalib/service-virtualization.jar
05-22 10:11:54.896   437   437 I derive_classpath: export STANDALONE_SYSTEMSERVER_JARS /apex/com.android.bt/javalib/se
05-22 10:11:54.909   438   438 I art_boot: Property persist.device_config.runtime_native_boot.useartservice not set
05-22 10:11:54.920   439   439 W odsign  : Thread Pool max thread count is 0. Cannot cache binder as linkToDeath cannot be implemented. serviceName: android.system.keystore2.IKeystoreService/default
05-22 10:11:54.921   439   439 I odsign  : Trying to retrieve existing HMAC key...
05-22 10:11:54.921   439   439 I odsign  : Trying to retrieve existing keystore key...
05-22 10:11:54.923   439   439 I odsign  : Verified public key signature.
05-22 10:11:54.923   439   439 I odsign  : Initialized Keystore key.
05-22 10:11:54.923   439   439 I odsign  : Found and verified existing public key certificate: /data/misc/odsign/key.cert
05-22 10:11:54.969   440   440 I odrefresh: ART APEX version 360526040
05-22 10:11:55.028   440   440 I odrefresh: Boot images on /system OK (arm64)
05-22 10:11:55.031   440   440 I odrefresh: system_server artifacts on /system OK
05-22 10:11:55.034   439   439 I odsign  : /data/misc/odsign/odsign.info.signature matches.
05-22 10:11:55.034   439   439 I odsign  : Loaded /data/misc/odsign/odsign.info
05-22 10:11:55.034   439   439 I odsign  : All root hashes match.
05-22 10:11:55.034   439   439 I odsign  : odrefresh said artifacts are VALID
05-22 10:11:55.034   439   439 I odsign  : On-device signing done.
05-22 10:11:55.034   439   439 I odsign  : Metrics report is empty
05-22 10:11:55.034   245   275 I keystore2: system/security/keystore2/src/super_key.rs:342 - keystore.boot_level 1000000000 hits maximum 1000000000, finishing.
05-22 10:11:55.054   449   449 W otapreopt_slot: Slot property empty.
05-22 10:11:55.198   453   453 I BpfLoader-rs: Loading libbpf programs
05-22 10:11:55.198   453   453 I BpfLoader-rs: Loading timeInState.bpf
05-22 10:11:55.201   453   453 I BpfLoader-rs: Loading legacy BPF progs
05-22 10:11:55.252   459   459 I kcmdlinectrl: [libfstab] Using Android DT directory /proc/device-tree/firmware/android/
05-22 10:11:55.252   459   459 E kcmdlinectrl: Failed to read from misc: failed to find /misc partition
05-22 10:11:55.254   221   221 I hwservicemanager: getFrameworkHalManifest: Reloading VINTF information.
05-22 10:11:55.254   221   221 I hwservicemanager: getFrameworkHalManifest: Reading VINTF information.
05-22 10:11:55.255   221   221 I hwservicemanager: Loaded APEX Infos from /apex/apex-info-list.xml
05-22 10:11:55.255   221   221 I hwservicemanager: getDeviceHalManifest: Reloading VINTF information.
05-22 10:11:55.255   221   221 I hwservicemanager: getDeviceHalManifest: Reading VINTF information.
05-22 10:11:55.256   221   221 I hwservicemanager: Loaded APEX Infos from /apex/apex-info-list.xml
05-22 10:11:55.260   457   457 I statsd  : Statsd starts to listen to socket.
05-22 10:11:55.261   221   221 I hwservicemanager: Loaded APEX Infos from /apex/apex-info-list.xml
05-22 10:11:55.262   221   221 I hwservicemanager: getDeviceHalManifest: Successfully processed VINTF information
05-22 10:11:55.262   221   221 I hwservicemanager: getFrameworkHalManifest: Successfully processed VINTF information
05-22 10:11:55.262   460   460 I HidlServiceManagement: Registered android.hidl.allocator@1.0::IAllocator/ashmem
05-22 10:11:55.262   460   460 I HidlServiceManagement: Removing namespace from process name android.hidl.allocator@1.0-service to allocator@1.0-service.
05-22 10:11:55.272   465   465 I android.hardware.health-service.example: Starting health HAL.
05-22 10:11:55.273   455   455 I netdClient: Skipping libnetd_client init since *we* are netd
05-22 10:11:55.274   465   465 I android.hardware.health-service.example: default instance initializing with healthd_config...
05-22 10:11:55.274   469   469 W android.hardware.usb-service.example: Thread Pool max thread count is 0. Cannot cache binder as linkToDeath cannot be implemented. serviceName: android.hardware.usb.IUsb/default
05-22 10:11:55.276   465   465 I android.hardware.health-service.example: default: Hal init done
05-22 10:11:55.291   455   455 I netd    : netd starting
05-22 10:11:55.298   455   455 I NetdUpdatable: libnetd_updatable_init: Initializing
05-22 10:11:55.299   468   468 I android.hardware.sensors@2.1-impl.ranchu: MultihalSensors:85: host sensors mask=207ff, available sensors mask=207ff
05-22 10:11:55.299   468   468 E SensorsMultiHal: Failed to load subHal config file: /odm/etc/sensors/hals.conf
05-22 10:11:55.302   480   480 W android.hardware.authsecret-service.example: Thread Pool max thread count is 0. Cannot cache binder as linkToDeath cannot be implemented. serviceName: android.hardware.authsecret.IAuthSecret/default
05-22 10:11:55.303   478   478 W android.hardware.identity-service.example: Thread Pool max thread count is 0. Cannot cache binder as linkToDeath cannot be implemented. serviceName: android.hardware.identity.IIdentityCredentialStore/default
05-22 10:11:55.304   468   468 W android.hardware.sensors-service.multihal: Thread Pool max thread count is 0. Cannot cache binder as linkToDeath cannot be implemented. serviceName: android.hardware.sensors.ISensors/default
05-22 10:11:55.304   470   470 I android.hardware.wifi-service: Wifi Hal is booting up...
05-22 10:11:55.304   476   476 I aidl.android.hardware.bluetooth.service.default: Bluetooth HAL starting
05-22 10:11:55.305   470   470 W android.hardware.wifi-service: Thread Pool max thread count is 0. Cannot cache binder as linkToDeath cannot be implemented. serviceName: android.hardware.wifi.IWifi/default
05-22 10:11:55.305   470   470 I android.hardware.wifi-service: Joining RPC thread pool
05-22 10:11:55.306   455   455 I netd    : libnetd_updatable_init success
05-22 10:11:55.306   455   455 I netd    : NetlinkManager instanced
05-22 10:11:55.306   455   455 I netd    : enter NetworkController ctor
05-22 10:11:55.307   455   455 I netd    : leave NetworkController ctor
05-22 10:11:55.307   455   455 I netd    : enter TetherController ctor
05-22 10:11:55.307   455   455 D TetherController: Setting IP forward enable = 0
05-22 10:11:55.309   492   492 W android.hardware.thermal-service.example: Thread Pool max thread count is 0. Cannot cache binder as linkToDeath cannot be implemented. serviceName: android.hardware.thermal.IThermal/default
05-22 10:11:55.309   476   476 W android.hardware.bluetooth-service.default: Thread Pool max thread count is 0. Cannot cache binder as linkToDeath cannot be implemented. serviceName: android.hardware.bluetooth.IBluetoothHci/default
05-22 10:11:55.310   455   455 I netd    : leave TetherController ctor
05-22 10:11:55.310   490   490 W android.hardware.rebootescrow-service.default: Thread Pool max thread count is 0. Cannot cache binder as linkToDeath cannot be implemented. serviceName: android.hardware.rebootescrow.IRebootEscrow/default
05-22 10:11:55.320   484   484 W android.hardware.contexthub-service.example: Thread Pool max thread count is 0. Cannot cache binder as linkToDeath cannot be implemented. serviceName: android.hardware.contexthub.IContextHub/default
05-22 10:11:55.320   489   489 W android.hardware.power.stats-service.example: Thread Pool max thread count is 0. Cannot cache binder as linkToDeath cannot be implemented. serviceName: android.hardware.power.stats.IPowerStats/default
05-22 10:11:55.322   494   494 I android.hardware.threadnetwork-service: ServiceName: android.hardware.threadnetwork.IThreadChip/chip0, Url: spinel+hdlc+forkpty:///apex/com.android.hardware.threadnetwork/bin/ot-rcp?forkpty-arg=1
05-22 10:11:55.323   488   488 W android.hardware.power-service.example: Thread Pool max thread count is 0. Cannot cache binder as linkToDeath cannot be implemented. serviceName: android.hardware.power.IPower/default
05-22 10:11:55.324   494   494 I android.hardware.threadnetwork-service: Thread Network HAL is running
05-22 10:11:55.325   509   509 I misctrl : [libfstab] Using Android DT directory /proc/device-tree/firmware/android/
05-22 10:11:55.326   509   509 E misctrl : Could not read misctrl message: failed to find /misc partition
05-22 10:11:55.326   509   509 E misctrl : Could not read reserved space: failed to find /misc partition
05-22 10:11:55.327   455   455 I netd    : Creating child chains: 12351us
05-22 10:11:55.327   455   455 I netd    : Setting up OEM hooks: 29us
05-22 10:11:55.327   455   455 I netd    : Setting up FirewallController hooks: 92us
05-22 10:11:55.327   455   455 I netd    : Setting up TetherController hooks: 633us
05-22 10:11:55.330   455   455 I netd    : Setting up BandwidthController hooks: 2212us
05-22 10:11:55.330   455   455 I netd    : Setting up IdletimerController hooks: 33us
05-22 10:11:55.330   455   455 I netd    : Setting up StrictController hooks: 800us
05-22 10:11:55.331   455   455 I netd    : Setting up connmark hooks: 167us
05-22 10:11:55.332   502   502 W credstore: Thread Pool max thread count is 0. Cannot cache binder as linkToDeath cannot be implemented. serviceName: android.security.identity
05-22 10:11:55.332   502   502 I credstore: Registered binder service
05-22 10:11:55.332   455   455 I netd    : Enabling bandwidth control: 1409us
05-22 10:11:55.333   455   455 I netd    : Initializing RouteController: 586us
05-22 10:11:55.333   455   455 D XfrmController: XfrmController::ipSecAddXfrmInterface, line=1499
05-22 10:11:55.333   455   455 D XfrmController: XfrmController::ipSecRemoveTunnelInterface, line=1712
05-22 10:11:55.333   455   455 D XfrmController: deviceName=ipsec_test
05-22 10:11:55.332     1     1 W init    : type=1400 audit(0.0:4): avc:  denied  { write } for  name="error_report_end" dev="tracefs" ino=8425 scontext=u:r:init:s0 tcontext=u:object_r:debugfs_bootreceiver_tracing:s0 tclass=dir permissive=0
05-22 10:11:55.338   461   461 I HidlServiceManagement: Registered android.hardware.audio@7.1::IDevicesFactory/default
05-22 10:11:55.338   461   461 I HidlServiceManagement: Removing namespace from process name android.hardware.audio.service to audio.service.
05-22 10:11:55.338   461   461 I LegacySupport: Registration complete for android.hardware.audio@7.1::IDevicesFactory/default.
05-22 10:11:55.344   511   511 I gsid    : no DSU: No such file or directory
05-22 10:11:55.345   479   479 W android.hardware.lights-service.example: Thread Pool max thread count is 0. Cannot cache binder as linkToDeath cannot be implemented. serviceName: android.hardware.light.ILights/default
05-22 10:11:55.347   455   455 D XfrmController: Sending Netlink XFRM Message: XFRM_MSG_FLUSHSA
05-22 10:11:55.347   455   455 D XfrmController: Sending Netlink XFRM Message: XFRM_MSG_FLUSHPOLICY
05-22 10:11:55.347   455   455 I netd    : Initializing XfrmController: 14656us
05-22 10:11:55.349   461   461 I HidlServiceManagement: Registered android.hardware.audio.effect@7.0::IEffectsFactory/default
05-22 10:11:55.349   461   461 I LegacySupport: Registration complete for android.hardware.audio.effect@7.0::IEffectsFactory/default.
05-22 10:11:55.350   221   221 I hwservicemanager: getTransport: Cannot find entry android.hardware.soundtrigger@2.3::ISoundTriggerHw/default in either framework or device VINTF manifest.
05-22 10:11:55.350   461   461 E LegacySupport: Could not get passthrough implementation for android.hardware.soundtrigger@2.3::ISoundTriggerHw/default.
05-22 10:11:55.350   221   221 I hwservicemanager: getTransport: Cannot find entry android.hardware.soundtrigger@2.2::ISoundTriggerHw/default in either framework or device VINTF manifest.
05-22 10:11:55.350   461   461 E LegacySupport: Could not get passthrough implementation for android.hardware.soundtrigger@2.2::ISoundTriggerHw/default.
05-22 10:11:55.350   221   221 I hwservicemanager: getTransport: Cannot find entry android.hardware.soundtrigger@2.1::ISoundTriggerHw/default in either framework or device VINTF manifest.
05-22 10:11:55.350   461   461 E LegacySupport: Could not get passthrough implementation for android.hardware.soundtrigger@2.1::ISoundTriggerHw/default.
05-22 10:11:55.350   221   221 I hwservicemanager: getTransport: Cannot find entry android.hardware.soundtrigger@2.0::ISoundTriggerHw/default in either framework or device VINTF manifest.
05-22 10:11:55.350   461   461 E LegacySupport: Could not get passthrough implementation for android.hardware.soundtrigger@2.0::ISoundTriggerHw/default.
05-22 10:11:55.350   461   461 W audiohalservice: Could not register Soundtrigger API
05-22 10:11:55.350   221   221 I hwservicemanager: getTransport: Cannot find entry android.hardware.bluetooth.audio@2.2::IBluetoothAudioProvidersFactory/default in either framework or device VINTF manifest.
05-22 10:11:55.350   461   461 E LegacySupport: Could not get passthrough implementation for android.hardware.bluetooth.audio@2.2::IBluetoothAudioProvidersFactory/default.
05-22 10:11:55.350   221   221 I hwservicemanager: getTransport: Cannot find entry android.hardware.bluetooth.audio@2.1::IBluetoothAudioProvidersFactory/default in either framework or device VINTF manifest.
05-22 10:11:55.350   461   461 E LegacySupport: Could not get passthrough implementation for android.hardware.bluetooth.audio@2.1::IBluetoothAudioProvidersFactory/default.
05-22 10:11:55.350   221   221 I hwservicemanager: getTransport: Cannot find entry android.hardware.bluetooth.audio@2.0::IBluetoothAudioProvidersFactory/default in either framework or device VINTF manifest.
05-22 10:11:55.350   461   461 E LegacySupport: Could not get passthrough implementation for android.hardware.bluetooth.audio@2.0::IBluetoothAudioProvidersFactory/default.
05-22 10:11:55.350   461   461 W audiohalservice: Could not register Bluetooth Audio API
05-22 10:11:55.350   221   221 I hwservicemanager: getTransport: Cannot find entry android.hardware.bluetooth.a2dp@1.0::IBluetoothAudioOffload/default in either framework or device VINTF manifest.
05-22 10:11:55.350   461   461 E LegacySupport: Could not get passthrough implementation for android.hardware.bluetooth.a2dp@1.0::IBluetoothAudioOffload/default.
05-22 10:11:55.350   461   461 W audiohalservice: Could not register Bluetooth Audio Offload API
05-22 10:11:55.357   495   495 W android.hardware.vibrator-service.example: Thread Pool max thread count is 0. Cannot cache binder as linkToDeath cannot be implemented. serviceName: android.hardware.vibrator.IVibrator/default
05-22 10:11:55.357   495   495 W android.hardware.vibrator-service.example: Thread Pool max thread count is 0. Cannot cache binder as linkToDeath cannot be implemented. serviceName: android.hardware.vibrator.IVibratorManager/default
05-22 10:11:55.361   455   455 I resolv  : resolv_init: Initializing resolver
05-22 10:11:55.368   461   461 I audiohalservice: createIBluetoothAudioProviderFactory() from android.hardware.bluetooth.audio-impl success
05-22 10:11:55.368   461   461 E audiohalservice: Failed to dlopen android.hardware.audio.sounddose-vendor-impl.so: dlopen failed: library "android.hardware.audio.sounddose-vendor-impl.so" not found
05-22 10:11:55.368   461   461 W audiohalservice: createISoundDoseFactory() from android.hardware.audio.sounddose-vendor-impl failed
05-22 10:11:55.370   455   455 W netd    : Thread Pool max thread count is 0. Cannot cache binder as linkToDeath cannot be implemented. serviceName: dnsresolver
05-22 10:11:55.371   221   221 I hwservicemanager: getTransport: Cannot find entry android.system.net.netd@1.1::INetd/default in either framework or device VINTF manifest.
05-22 10:11:55.371   455   455 E HidlServiceManagement: Service android.system.net.netd@1.1::INetd/default must be in VINTF manifest in order to register/get.
05-22 10:11:55.371   455   455 E Netd    : Unable to start HIDL NetdHwService: -2147483648
05-22 10:11:55.374   463   463 I android.hardware.pixel.camera.provider@2.7-service: Google camera provider service is starting.
05-22 10:11:55.375   463   463 I android.hardware.pixel.camera.provider@2.7-service: Not using ApexUpdateListener since not running in an apex.
05-22 10:11:55.375   463   463 I GCH_CameraProvider: CreateHwl:Loading libgooglecamerahwl_impl.so library
05-22 10:11:55.376   464   464 W android.hardware.graphics.allocator-service.ranchu: Thread Pool max thread count is 0. Cannot cache binder as linkToDeath cannot be implemented. serviceName: android.hardware.graphics.allocator.IAllocator/default
05-22 10:11:55.377   462   462 D camera.provider.ranchu: listQemuCameras:234 found a 'virtualscene' QEMU camera, dir=back framedims=640x480,352x288,320x240,176x144,1280x720,1280x960
05-22 10:11:55.377   516   516 I android.hardware.uwb: uwb_default_hal: UWB HAL starting up
05-22 10:11:55.379   508   508 W gpuservice: Thread Pool max thread count is 0. Cannot cache binder as linkToDeath cannot be implemented. serviceName: gpu
05-22 10:11:55.380   477   477 I RanchuHwc: RanchuHWC (HWComposer3/HWC3) starting up...
05-22 10:11:55.381   516   542 I android.hardware.uwb: uwb_default_hal::uwb_chip: UCI reader task started
05-22 10:11:55.381   466   466 D android.hardware.media.c2@1.0-service-goldfish: Goldfish C2 Service starting...
05-22 10:11:55.381   466   466 W android.hardware.media.c2@1.0-service-goldfish: Could not read additional policy file '/vendor/etc/seccomp_policy/codec2.vendor.ext.policy'
05-22 10:11:55.381   466   466 W android.hardware.media.c2@1.0-service-goldfish: libminijail[466]: failed to get path of fd 4: No such file or directory
05-22 10:11:55.381   466   466 W android.hardware.media.c2@1.0-service-goldfish: libminijail[466]: allowing syscall: connect
05-22 10:11:55.381   466   466 W android.hardware.media.c2@1.0-service-goldfish: libminijail[466]: allowing syscall: fcntl
05-22 10:11:55.381   466   466 W android.hardware.media.c2@1.0-service-goldfish: libminijail[466]: allowing syscall: sendto
05-22 10:11:55.381   466   466 W android.hardware.media.c2@1.0-service-goldfish: libminijail[466]: allowing syscall: socket
05-22 10:11:55.381   466   466 W android.hardware.media.c2@1.0-service-goldfish: libminijail[466]: allowing syscall: writev
05-22 10:11:55.381   466   466 W android.hardware.media.c2@1.0-service-goldfish: libminijail[466]: compile_file: <fd>(75): syscall munmap redefined here
05-22 10:11:55.381   466   466 W android.hardware.media.c2@1.0-service-goldfish: libminijail[466]: compile_file: <fd>(39): previous definition here
05-22 10:11:55.381   466   466 W android.hardware.media.c2@1.0-service-goldfish: libminijail[466]: logging seccomp filter failures
05-22 10:11:55.382   477   477 W android.hardware.graphics.composer3-service.ranchu: Thread Pool max thread count is 0. Cannot cache binder as linkToDeath cannot be implemented. serviceName: android.hardware.graphics.composer3.IComposer/default
05-22 10:11:55.382   516   516 W android.hardware.uwb-service: Thread Pool max thread count is 0. Cannot cache binder as linkToDeath cannot be implemented. serviceName: android.hardware.uwb.IUwb/default
05-22 10:11:55.382   466   466 D android.hardware.media.c2@1.0-service-goldfish: Instantiating Codec2's Goldfish IComponentStore service...
