03-10 12:11:38.149   578   578 D CompatConfig: Adding: com.android.server.compat.config.Change@e0d8ae9
03-10 12:11:38.149   578   578 D CompatConfig: Adding: com.android.server.compat.config.Change@54d536e
03-10 12:11:38.149   578   578 D CompatConfig: Adding: com.android.server.compat.config.Change@66c3a0f
03-10 12:11:38.149   578   578 D CompatConfig: Adding: com.android.server.compat.config.Change@c5f7a9c
03-10 12:11:38.149   578   578 D CompatConfig: Adding: com.android.server.compat.config.Change@caaeca5
03-10 12:11:38.149   578   578 D CompatConfig: Adding: com.android.server.compat.config.Change@57f387a
03-10 12:11:38.149   578   578 D CompatConfig: Adding: com.android.server.compat.config.Change@2bc682b
03-10 12:11:38.149   578   578 D CompatConfig: Adding: com.android.server.compat.config.Change@e37a488
03-10 12:11:38.149   578   578 D CompatConfig: Adding: com.android.server.compat.config.Change@b02ae21
03-10 12:11:38.149   578   578 D CompatConfig: Adding: com.android.server.compat.config.Change@fb86246
03-10 12:11:38.149   578   578 D CompatConfig: Adding: com.android.server.compat.config.Change@7975c07
03-10 12:11:38.149   578   637 I SystemConfig: Reading permissions from /system/etc/permissions/platform.xml
03-10 12:11:38.149   578   578 D CompatConfig: Adding: com.android.server.compat.config.Change@de68134
03-10 12:11:38.149   578   578 D CompatConfig: Adding: com.android.server.compat.config.Change@8bb0b5d
03-10 12:11:38.149   578   578 D CompatConfig: Adding: com.android.server.compat.config.Change@c085cd2
03-10 12:11:38.149   578   578 D CompatConfig: Adding: com.android.server.compat.config.Change@843b1a3
03-10 12:11:38.149   578   578 D CompatConfig: Adding: com.android.server.compat.config.Change@c047ca0
03-10 12:11:38.149   578   578 D CompatConfig: Adding: com.android.server.compat.config.Change@fa20059
03-10 12:11:38.149   578   578 D CompatConfig: Adding: com.android.server.compat.config.Change@1eb741e
03-10 12:11:38.149   578   578 D CompatConfig: Adding: com.android.server.compat.config.Change@bd5c4ff
03-10 12:11:38.149   578   578 D CompatConfig: Adding: com.android.server.compat.config.Change@844c2cc
03-10 12:11:38.149   578   578 D CompatConfig: Adding: com.android.server.compat.config.Change@e694915
03-10 12:11:38.149   578   578 D CompatConfig: Adding: com.android.server.compat.config.Change@256b42a
03-10 12:11:38.149   578   578 D CompatConfig: Adding: com.android.server.compat.config.Change@c4bb21b
03-10 12:11:38.149   578   578 D CompatConfig: Adding: com.android.server.compat.config.Change@8613fb8
03-10 12:11:38.149   578   578 D CompatConfig: Adding: com.android.server.compat.config.Change@3226191
03-10 12:11:38.149   578   578 D CompatConfig: Adding: com.android.server.compat.config.Change@683e8f6
03-10 12:11:38.149   578   578 D CompatConfig: Adding: com.android.server.compat.config.Change@b6954f7
03-10 12:11:38.149   578   578 D CompatConfig: Adding: com.android.server.compat.config.Change@1c69f64
03-10 12:11:38.149   578   578 D CompatConfig: Adding: com.android.server.compat.config.Change@17a85cd
03-10 12:11:38.149   578   578 D CompatConfig: Adding: com.android.server.compat.config.Change@f7d9e82
03-10 12:11:38.149   578   578 D CompatConfig: Adding: com.android.server.compat.config.Change@9544993
03-10 12:11:38.149   578   578 D CompatConfig: Adding: com.android.server.compat.config.Change@2004dd0
03-10 12:11:38.149   578   578 D CompatConfig: Adding: com.android.server.compat.config.Change@b6b1c9
03-10 12:11:38.149   578   578 D CompatConfig: Adding: com.android.server.compat.config.Change@26b20ce
03-10 12:11:38.149   578   578 D CompatConfig: Adding: com.android.server.compat.config.Change@8efebef
03-10 12:11:38.149   578   578 D CompatConfig: Adding: com.android.server.compat.config.Change@1e476fc
03-10 12:11:38.149   578   578 D CompatConfig: Adding: com.android.server.compat.config.Change@d6fa185
03-10 12:11:38.149   578   578 D CompatConfig: Adding: com.android.server.compat.config.Change@d9c7bda
03-10 12:11:38.149   578   578 D CompatConfig: Adding: com.android.server.compat.config.Change@df9580b
03-10 12:11:38.149   578   578 D CompatConfig: Adding: com.android.server.compat.config.Change@f8006e8
03-10 12:11:38.149   578   578 D CompatConfig: Adding: com.android.server.compat.config.Change@b0dd101
03-10 12:11:38.149   578   578 D CompatConfig: Adding: com.android.server.compat.config.Change@2567ba6
03-10 12:11:38.149   578   578 D CompatConfig: Adding: com.android.server.compat.config.Change@e369e7
03-10 12:11:38.149   578   578 D CompatConfig: Adding: com.android.server.compat.config.Change@ac2a994
03-10 12:11:38.149   578   578 D CompatConfig: Adding: com.android.server.compat.config.Change@1057c3d
03-10 12:11:38.149   578   578 D CompatConfig: Adding: com.android.server.compat.config.Change@f5eac32
03-10 12:11:38.149   578   578 D CompatConfig: Adding: com.android.server.compat.config.Change@472bd83
03-10 12:11:38.149   578   578 D CompatConfig: Adding: com.android.server.compat.config.Change@eacb00
03-10 12:11:38.149   578   578 D CompatConfig: Adding: com.android.server.compat.config.Change@fd29f39
03-10 12:11:38.149   578   578 D CompatConfig: Adding: com.android.server.compat.config.Change@847597e
03-10 12:11:38.149   578   578 D CompatConfig: Adding: com.android.server.compat.config.Change@919aedf
03-10 12:11:38.149   578   578 D CompatConfig: Adding: com.android.server.compat.config.Change@2b1972c
03-10 12:11:38.149   578   578 D CompatConfig: Adding: com.android.server.compat.config.Change@9b4f5f5
03-10 12:11:38.149   578   578 D CompatConfig: Adding: com.android.server.compat.config.Change@57b8f8a
03-10 12:11:38.149   578   578 D CompatConfig: Adding: com.android.server.compat.config.Change@a1459fb
03-10 12:11:38.149   578   578 D CompatConfig: Adding: com.android.server.compat.config.Change@136fa18
03-10 12:11:38.149   578   578 D CompatConfig: Found a config file: /system/system_ext/etc/compatconfig/settings-platform-compat-config.xml
03-10 12:11:38.149   578   578 D CompatConfig: Adding: com.android.server.compat.config.Change@90b1a56
03-10 12:11:38.149   578   578 D ApexManagerTiming: getActiveApexInfos_noCache
03-10 12:11:38.149   578   637 I SystemConfig: Reading permissions from /vendor/etc/permissions/android.hardware.biometrics.face.xml
03-10 12:11:38.149   578   637 I SystemConfig: Reading permissions from /vendor/etc/permissions/android.hardware.bluetooth.xml
03-10 12:11:38.150   578   637 I SystemConfig: Reading permissions from /vendor/etc/permissions/android.hardware.bluetooth_le.xml
03-10 12:11:38.150   578   637 I SystemConfig: Reading permissions from /vendor/etc/permissions/android.hardware.camera.concurrent.xml
03-10 12:11:38.150   578   637 I SystemConfig: Reading permissions from /vendor/etc/permissions/android.hardware.camera.flash-autofocus.xml
03-10 12:11:38.150   578   637 I SystemConfig: Reading permissions from /vendor/etc/permissions/android.hardware.camera.front.xml
03-10 12:11:38.150   578   637 I SystemConfig: Reading permissions from /vendor/etc/permissions/android.hardware.camera.full.xml
03-10 12:11:38.150   578   637 I SystemConfig: Reading permissions from /vendor/etc/permissions/android.hardware.camera.raw.xml
03-10 12:11:38.150   578   637 I SystemConfig: Reading permissions from /vendor/etc/permissions/android.hardware.fingerprint.xml
03-10 12:11:38.150   578   637 I SystemConfig: Reading permissions from /vendor/etc/permissions/android.hardware.hardware_keystore.xml
03-10 12:11:38.150   578   637 I SystemConfig: Reading permissions from /vendor/etc/permissions/android.hardware.identity_credential.xml
03-10 12:11:38.150   578   637 I SystemConfig: Reading permissions from /vendor/etc/permissions/android.hardware.keystore.app_attest_key.xml
03-10 12:11:38.150   578   637 I SystemConfig: Reading permissions from /vendor/etc/permissions/android.hardware.touchscreen.multitouch.jazzhand.xml
03-10 12:11:38.150   578   637 I SystemConfig: Reading permissions from /vendor/etc/permissions/android.hardware.vulkan.compute.xml
03-10 12:11:38.150   578   637 I SystemConfig: Reading permissions from /vendor/etc/permissions/android.hardware.vulkan.level.xml
03-10 12:11:38.150   578   637 I SystemConfig: Reading permissions from /vendor/etc/permissions/android.hardware.vulkan.version.xml
03-10 12:11:38.150   578   637 I SystemConfig: Reading permissions from /vendor/etc/permissions/android.hardware.wifi.direct.xml
03-10 12:11:38.150   578   637 I SystemConfig: Reading permissions from /vendor/etc/permissions/android.hardware.wifi.passpoint.xml
03-10 12:11:38.150   578   637 I SystemConfig: Reading permissions from /vendor/etc/permissions/android.hardware.wifi.xml
03-10 12:11:38.150   578   637 I SystemConfig: Reading permissions from /vendor/etc/permissions/android.software.autofill.xml
03-10 12:11:38.150   578   637 I SystemConfig: Reading permissions from /vendor/etc/permissions/android.software.opengles.deqp.level.xml
03-10 12:11:38.150   578   637 I SystemConfig: Reading permissions from /vendor/etc/permissions/android.software.vulkan.deqp.level.xml
03-10 12:11:38.151   578   637 I SystemConfig: Reading permissions from /vendor/etc/permissions/handheld_core_hardware.xml
03-10 12:11:38.151   578   637 I SystemConfig: Reading permissions from /product/etc/sysconfig/disable-zero-touch.xml
03-10 12:11:38.151   578   637 I SystemConfig: Reading permissions from /product/etc/sysconfig/google-hiddenapi-package-whitelist.xml
03-10 12:11:38.152   578   578 D CompatConfig: No directory /apex/com.android.hardware.rebootescrow/etc/compatconfig, skipping
03-10 12:11:38.152   578   637 I SystemConfig: Reading permissions from /product/etc/sysconfig/google-staged-installer-whitelist.xml
03-10 12:11:38.152   578   578 D CompatConfig: No directory /apex/com.android.media/etc/compatconfig, skipping
03-10 12:11:38.152   578   578 D CompatConfig: No directory /apex/com.android.runtime/etc/compatconfig, skipping
03-10 12:11:38.152   578   578 D CompatConfig: No directory /apex/com.android.configinfrastructure/etc/compatconfig, skipping
03-10 12:11:38.152   578   578 D CompatConfig: No directory /apex/com.android.os.statsd/etc/compatconfig, skipping
03-10 12:11:38.152   578   637 I SystemConfig: Reading permissions from /product/etc/sysconfig/google.xml
03-10 12:11:38.152   578   578 D CompatConfig: No directory /apex/com.android.appsearch/etc/compatconfig, skipping
03-10 12:11:38.152   578   578 D CompatConfig: No directory /apex/com.android.healthfitness/etc/compatconfig, skipping
03-10 12:11:38.152   578   578 D CompatConfig: No directory /apex/com.google.mainline.primary.libs/etc/compatconfig, skipping
03-10 12:11:38.152   578   578 D CompatConfig: No directory /apex/com.android.adservices/etc/compatconfig, skipping
03-10 12:11:38.152   578   637 I SystemConfig: Adding association: com.google.android.as <- com.android.bluetooth
03-10 12:11:38.152   578   637 I SystemConfig: Adding association: com.google.android.as <- com.android.bluetooth.services
03-10 12:11:38.152   578   637 I SystemConfig: Adding association: com.google.android.as <- com.android.providers.contacts
03-10 12:11:38.152   578   637 I SystemConfig: Adding association: com.google.android.as <- com.android.providers.media
03-10 12:11:38.152   578   637 I SystemConfig: Adding association: com.google.android.as <- com.android.providers.telephony
03-10 12:11:38.152   578   637 I SystemConfig: Adding association: com.google.android.as <- com.android.systemui
03-10 12:11:38.152   578   637 I SystemConfig: Adding association: com.google.android.as <- com.google.android.bluetooth
03-10 12:11:38.152   578   637 I SystemConfig: Adding association: com.google.android.as <- com.google.android.bluetooth.services
03-10 12:11:38.152   578   637 I SystemConfig: Adding association: com.google.android.as <- com.google.android.providers.media.module
03-10 12:11:38.152   578   637 I SystemConfig: Adding association: com.google.android.as <- com.google.android.as.oss
03-10 12:11:38.152   578   637 I SystemConfig: Adding association: com.google.android.as.oss <- com.google.android.as
03-10 12:11:38.152   578   637 I SystemConfig: Adding association: com.google.android.as.oss <- com.google.android.aicore
03-10 12:11:38.152   578   637 I SystemConfig: Adding association: com.google.android.as.oss <- com.google.android.apps.nexuslauncher
03-10 12:11:38.152   578   578 D CompatConfig: Found a config file: /apex/com.android.art/etc/compatconfig/libcore-platform-compat-config.xml
03-10 12:11:38.152   578   637 W SystemConfig: Tag automatic-rollback-denylisted-app is unknown in /product/etc/sysconfig/google.xml at START_TAG (empty) <automatic-rollback-denylisted-app package='com.android.vending'>@145:72 in java.io.FileReader@655e4a2
03-10 12:11:38.152   578   637 W SystemConfig: Tag automatic-rollback-denylisted-app is unknown in /product/etc/sysconfig/google.xml at START_TAG (empty) <automatic-rollback-denylisted-app package='com.google.android.gms'>@146:75 in java.io.FileReader@655e4a2
03-10 12:11:38.152   578   578 D CompatConfig: Adding: com.android.server.compat.config.Change@587e533
03-10 12:11:38.152   578   578 D CompatConfig: Adding: com.android.server.compat.config.Change@b2450f0
03-10 12:11:38.152   578   578 D CompatConfig: Adding: com.android.server.compat.config.Change@8bfc669
03-10 12:11:38.152   578   578 D CompatConfig: Adding: com.android.server.compat.config.Change@651a8ee
03-10 12:11:38.152   578   578 D CompatConfig: Adding: com.android.server.compat.config.Change@851a18f
03-10 12:11:38.152   578   578 D CompatConfig: Adding: com.android.server.compat.config.Change@d958c1c
03-10 12:11:38.152   578   578 D CompatConfig: Adding: com.android.server.compat.config.Change@3056025
03-10 12:11:38.152   578   578 D CompatConfig: Adding: com.android.server.compat.config.Change@e3365fa
03-10 12:11:38.152   578   578 D CompatConfig: Adding: com.android.server.compat.config.Change@e50c7ab
03-10 12:11:38.152   578   578 D CompatConfig: Adding: com.android.server.compat.config.Change@e7d4e08
03-10 12:11:38.152   578   578 D CompatConfig: Adding: com.android.server.compat.config.Change@b50d9a1
03-10 12:11:38.152   578   578 D CompatConfig: Adding: com.android.server.compat.config.Change@741e7c6
03-10 12:11:38.152   578   578 D CompatConfig: Adding: com.android.server.compat.config.Change@4d23387
03-10 12:11:38.152   578   578 D CompatConfig: Adding: com.android.server.compat.config.Change@a9d42b4
03-10 12:11:38.152   578   578 D CompatConfig: Adding: com.android.server.compat.config.Change@a806edd
03-10 12:11:38.152   578   578 D CompatConfig: Adding: com.android.server.compat.config.Change@664ba52
03-10 12:11:38.152   578   637 I SystemConfig: Reading permissions from /product/etc/sysconfig/google_build.xml
03-10 12:11:38.153   578   578 D CompatConfig: No directory /apex/com.google.android.widevine/etc/compatconfig, skipping
03-10 12:11:38.153   578   578 D CompatConfig: No directory /apex/com.android.neuralnetworks/etc/compatconfig, skipping
03-10 12:11:38.153   578   578 D CompatConfig: No directory /apex/com.android.sdkext/etc/compatconfig, skipping
03-10 12:11:38.153   578   578 D CompatConfig: No directory /apex/com.android.hardware.authsecret/etc/compatconfig, skipping
03-10 12:11:38.153   578   637 I SystemConfig: Reading permissions from /product/etc/sysconfig/initial-package-stopped-states-aosp.xml
03-10 12:11:38.153   578   637 I SystemConfig: Reading permissions from /product/etc/sysconfig/personal-safety.xml
03-10 12:11:38.153   578   578 D CompatConfig: Found a config file: /apex/com.android.wifi/etc/compatconfig/wifi-compat-config.xml
03-10 12:11:38.153   578   637 I SystemConfig: Reading permissions from /product/etc/sysconfig/preinstalled-packages-platform-aosp-product.xml
03-10 12:11:38.153   578   637 I SystemConfig: Reading permissions from /product/etc/sysconfig/preinstalled-packages-platform-handheld-product.xml
03-10 12:11:38.153   578   637 I SystemConfig: Reading permissions from /product/etc/sysconfig/preinstalled-packages-platform-overlays.xml
03-10 12:11:38.153   578   578 D CompatConfig: Adding: com.android.server.compat.config.Change@53141aa
03-10 12:11:38.153   578   578 D CompatConfig: Adding: com.android.server.compat.config.Change@b76f19b
03-10 12:11:38.153   578   578 D CompatConfig: Adding: com.android.server.compat.config.Change@8244938
03-10 12:11:38.153   578   578 D CompatConfig: No directory /apex/com.android.rkpd/etc/compatconfig, skipping
03-10 12:11:38.153   578   578 D CompatConfig: No directory /apex/com.android.apex.cts.shim/etc/compatconfig, skipping
03-10 12:11:38.153   578   578 D CompatConfig: No directory /apex/com.android.i18n/etc/compatconfig, skipping
03-10 12:11:38.153   578   637 I SystemConfig: Reading permissions from /product/etc/sysconfig/preinstalled-packages-platform-telephony-product.xml
03-10 12:11:38.153   578   637 I SystemConfig: Reading permissions from /product/etc/sysconfig/wellbeing.xml
03-10 12:11:38.153   578   578 D CompatConfig: Found a config file: /apex/com.android.permission/etc/compatconfig/framework-permission-s-compat-config.xml
03-10 12:11:38.154   578   578 D CompatConfig: Adding: com.android.server.compat.config.Change@71fc94d
03-10 12:11:38.154   578   637 I SystemConfig: Reading permissions from /product/etc/permissions/android.hardware.telephony.euicc.xml
03-10 12:11:38.154   578   578 D CompatConfig: No directory /apex/com.android.nfcservices/etc/compatconfig, skipping
03-10 12:11:38.154   578   578 D CompatConfig: No directory /apex/com.android.uwb/etc/compatconfig, skipping
03-10 12:11:38.154   578   578 D CompatConfig: No directory /apex/com.android.scheduling/etc/compatconfig, skipping
03-10 12:11:38.154   578   578 D CompatConfig: No directory /apex/com.android.profiling/etc/compatconfig, skipping
03-10 12:11:38.154   578   578 D CompatConfig: No directory /apex/com.android.devicelock/etc/compatconfig, skipping
03-10 12:11:38.154   578   578 D CompatConfig: No directory /apex/com.android.tzdata/etc/compatconfig, skipping
03-10 12:11:38.154   578   578 D CompatConfig: No directory /apex/com.android.conscrypt/etc/compatconfig, skipping
03-10 12:11:38.154   578   578 D CompatConfig: No directory /apex/com.android.ondevicepersonalization/etc/compatconfig, skipping
03-10 12:11:38.154   578   578 D CompatConfig: No directory /apex/com.android.extservices/etc/compatconfig, skipping
03-10 12:11:38.154   578   637 I SystemConfig: Reading permissions from /product/etc/permissions/android.software.verified_boot.xml
03-10 12:11:38.154   578   637 I SystemConfig: Reading permissions from /product/etc/permissions/com.android.imsserviceentitlement.xml
03-10 12:11:38.154   578   637 I SystemConfig: Reading permissions from /product/etc/permissions/com.google.android.dialer.support.xml
03-10 12:11:38.154   578   578 D CompatConfig: Found a config file: /apex/com.android.tethering/etc/compatconfig/connectivity-platform-compat-config.xml
03-10 12:11:38.154   578   637 I SystemConfig: Reading permissions from /product/etc/permissions/com.google.android.odad.xml
03-10 12:11:38.154   578   637 I SystemConfig: Reading permissions from /product/etc/permissions/privapp-permissions-goldfish.xml
03-10 12:11:38.154   578   637 I SystemConfig: Reading permissions from /product/etc/permissions/privapp-permissions-google-p.xml
03-10 12:11:38.154   578   578 D CompatConfig: Adding: com.android.server.compat.config.Change@309d505
03-10 12:11:38.154   578   578 D CompatConfig: Adding: com.android.server.compat.config.Change@f5695a
03-10 12:11:38.154   578   578 D CompatConfig: Adding: com.android.server.compat.config.Change@433778b
03-10 12:11:38.154   578   578 D CompatConfig: Adding: com.android.server.compat.config.Change@8d87068
03-10 12:11:38.154   578   578 D CompatConfig: Adding: com.android.server.compat.config.Change@ed7bc81
03-10 12:11:38.154   578   578 D CompatConfig: Adding: com.android.server.compat.config.Change@a10c126
03-10 12:11:38.154   578   578 D CompatConfig: Adding: com.android.server.compat.config.Change@d600167
03-10 12:11:38.155   578   578 D CompatConfig: No directory /apex/com.android.hardware.cas/etc/compatconfig, skipping
03-10 12:11:38.155   578   578 D CompatConfig: Found a config file: /apex/com.android.mediaprovider/etc/compatconfig/framework-pdf-v-platform-compat-config.xml
03-10 12:11:38.155   578   578 D CompatConfig: Adding: com.android.server.compat.config.Change@2429fbd
03-10 12:11:38.155   578   578 D CompatConfig: Found a config file: /apex/com.android.mediaprovider/etc/compatconfig/media-provider-platform-compat-config.xml
03-10 12:11:38.155   578   578 D CompatConfig: Adding: com.android.server.compat.config.Change@4e14d03
03-10 12:11:38.155   578   578 D CompatConfig: Adding: com.android.server.compat.config.Change@cb6e480
03-10 12:11:38.155   578   578 D CompatConfig: Adding: com.android.server.compat.config.Change@e7e7ab9
03-10 12:11:38.155   578   578 D CompatConfig: Adding: com.android.server.compat.config.Change@954cefe
03-10 12:11:38.155   578   578 D CompatConfig: Adding: com.android.server.compat.config.Change@6a1b65f
03-10 12:11:38.155   578   578 D CompatConfig: Adding: com.android.server.compat.config.Change@4e5c8ac
03-10 12:11:38.155   578   578 D CompatConfig: Adding: com.android.server.compat.config.Change@a030975
03-10 12:11:38.155   578   637 I SystemConfig: Reading permissions from /product/etc/permissions/privapp-permissions-sdk-google.xml
03-10 12:11:38.155   578   578 D CompatConfig: Found a config file: /apex/com.android.btservices/etc/compatconfig/bluetoothapk-platform-compat-config.xml
03-10 12:11:38.156   578   637 I SystemConfig: Reading permissions from /product/etc/permissions/split-permissions-google.xml
03-10 12:11:38.156   578   578 D CompatConfig: Adding: com.android.server.compat.config.Change@107c7f1
03-10 12:11:38.156   578   637 I SystemConfig: Reading permissions from /system_ext/etc/sysconfig/android.telephony.satellite.xml
03-10 12:11:38.156   578   637 I SystemConfig: Reading permissions from /system_ext/etc/sysconfig/preinstalled-packages-com.android.google.avatarpicker.xml
03-10 12:11:38.156   578   637 I SystemConfig: Reading permissions from /system_ext/etc/permissions/android.software.theme_picker.xml
03-10 12:11:38.156   578   637 I SystemConfig: Reading permissions from /system_ext/etc/permissions/androidx.window.extensions.xml
03-10 12:11:38.156   578   637 I SystemConfig: Reading permissions from /system_ext/etc/permissions/androidx.window.sidecar.xml
03-10 12:11:38.156   578   578 D CompatConfig: Found a config file: /apex/com.android.btservices/etc/compatconfig/bluetooth-compat-config.xml
03-10 12:11:38.156   578   637 I SystemConfig: Reading permissions from /system_ext/etc/permissions/com.android.carrierconfig.xml
03-10 12:11:38.156   578   637 I SystemConfig: Reading permissions from /system_ext/etc/permissions/com.android.emulator.radio.config.xml
03-10 12:11:38.156   578   637 I SystemConfig: Reading permissions from /system_ext/etc/permissions/com.android.launcher3.xml
03-10 12:11:38.156   578   578 D CompatConfig: Adding: com.android.server.compat.config.Change@6caf54f
03-10 12:11:38.156   578   637 I SystemConfig: Reading permissions from /system_ext/etc/permissions/com.android.settings.xml
03-10 12:11:38.156   578   578 D CompatConfig: Found a config file: /apex/com.android.btservices/etc/compatconfig/framework-bluetooth-compat-config.xml
03-10 12:11:38.157   578   578 D CompatConfig: Adding: com.android.server.compat.config.Change@83c9cba
03-10 12:11:38.157   578   637 I SystemConfig: Reading permissions from /system_ext/etc/permissions/com.android.storagemanager.xml
03-10 12:11:38.157   578   637 I SystemConfig: Reading permissions from /system_ext/etc/permissions/com.android.systemui.xml
03-10 12:11:38.157   578   578 D CompatConfig: No directory /apex/com.android.adbd/etc/compatconfig, skipping
03-10 12:11:38.157   578   578 D CompatConfig: No directory /apex/com.android.ipsec/etc/compatconfig, skipping
03-10 12:11:38.157   578   578 D CompatConfig: No directory /apex/com.android.virt/etc/compatconfig, skipping
03-10 12:11:38.157   578   578 D CompatConfig: No directory /apex/com.android.cellbroadcast/etc/compatconfig, skipping
03-10 12:11:38.157   578   578 D CompatConfig: No directory /apex/com.android.media.swcodec/etc/compatconfig, skipping
03-10 12:11:38.157   578   578 D CompatConfig: No directory /apex/com.android.hardware.neuralnetworks/etc/compatconfig, skipping
03-10 12:11:38.157   578   578 D CompatConfig: No directory /apex/com.android.resolv/etc/compatconfig, skipping
03-10 12:11:38.157   578   637 I SystemConfig: Reading permissions from /system_ext/etc/permissions/com.google.android.googlesdksetup.xml
03-10 12:11:38.157   578   637 I SystemConfig: Reading permissions from /system_ext/etc/permissions/privapp-permissions-google-se.xml
03-10 12:11:38.158   578   637 I SystemConfig: Reading permissions from /apex/com.android.nfcservices/etc/permissions/privapp_allowlist_com.android.nfc.xml
03-10 12:11:38.158   578   578 W CompatConfig: Change ID 203673428 not found. Skipping overrides for it.
03-10 12:11:38.158   578   578 W CompatConfig: Change ID 200324021 not found. Skipping overrides for it.
03-10 12:11:38.158   578   637 I SystemConfig: Reading permissions from /apex/com.android.hardware.rebootescrow/etc/permissions/android.hardware.reboot_escrow.prebuilt.xml
03-10 12:11:38.159   578   637 I SystemConfig: Reading permissions from /apex/com.android.devicelock/etc/permissions/com.google.android.devicelockcontroller.xml
03-10 12:11:38.159   578   637 I SystemConfig: Reading permissions from /apex/com.android.apex.cts.shim/etc/permissions/signature-permission-allowlist.xml
03-10 12:11:38.159   578   637 I SystemConfig: Reading permissions from /apex/com.android.btservices/etc/permissions/privapp_allowlist_com.google.android.bluetooth.xml
03-10 12:11:38.159   578   637 I SystemConfig: Reading permissions from /apex/com.android.healthfitness/etc/permissions/privapp_allowlist_com.google.android.healthconnect.controller.xml
03-10 12:11:38.160   578   637 I SystemConfig: Reading permissions from /apex/com.android.ipsec/etc/permissions/android.net.ipsec.ike.xml
03-10 12:11:38.160   578   637 I SystemConfig: Ignore shared library android.net.ipsec.ike: /apex/com.google.android.ipsec/javalib/android.net.ipsec.ike.jar does not exist
03-10 12:11:38.160   578   637 I SystemConfig: Reading permissions from /apex/com.android.tethering/etc/permissions/privapp_allowlist_com.google.android.networkstack.tethering.xml
03-10 12:11:38.160   578   637 I SystemConfig: Reading permissions from /apex/com.android.mediaprovider/etc/permissions/privapp_allowlist_com.google.android.providers.media.module.xml
03-10 12:11:38.161   578   637 I SystemConfig: Reading permissions from /apex/com.android.permission/etc/permissions/privapp_allowlist_com.google.android.permissioncontroller.xml
03-10 12:11:38.161   578   637 I SystemConfig: Reading permissions from /apex/com.android.extservices/etc/permissions/privapp_allowlist_com.google.android.ext.services.xml
03-10 12:11:38.162   578   578 D SystemServerTiming: StartFileIntegrityService
03-10 12:11:38.162   578   578 I SystemServiceManager: Starting com.android.server.security.FileIntegrityService
03-10 12:11:38.162   578   637 I SystemConfig: Reading permissions from /apex/com.android.adservices/etc/permissions/privapp_allowlist_com.google.android.adservices.api.xml
03-10 12:11:38.162   578   637 I SystemConfig: Reading permissions from /apex/com.android.cellbroadcast/etc/permissions/privapp_allowlist_com.google.android.cellbroadcastreceiver.xml
03-10 12:11:38.163   578   637 I SystemConfig: Reading permissions from /apex/com.android.cellbroadcast/etc/permissions/privapp_allowlist_com.google.android.cellbroadcastservice.xml
03-10 12:11:38.163   578   637 D SystemConfig: /vendor/etc/public.libraries.txt does not exist
03-10 12:11:38.163   578   578 D SystemServerTiming: StartInstaller
03-10 12:11:38.163   578   578 I SystemServiceManager: Starting com.android.server.pm.Installer
03-10 12:11:38.164   446   476 D installd: Found quota mount /dev/block/dm-44 at /data
03-10 12:11:38.164   446   476 D installd: Found quota mount /dev/block/dm-44 at /data/user/0
03-10 12:11:38.164   578   578 D SystemServerTiming: DeviceIdentifiersPolicyService
03-10 12:11:38.164   578   578 I SystemServiceManager: Starting com.android.server.os.DeviceIdentifiersPolicyService
03-10 12:11:38.164   578   578 D SystemServerTiming: StartFeatureFlagsService
03-10 12:11:38.164   578   578 I SystemServiceManager: Starting com.android.server.flags.FeatureFlagsService
03-10 12:11:38.164   578   578 D FeatureFlagsService: Started Feature Flag Service
03-10 12:11:38.165   578   578 D SystemServerTiming: UriGrantsManagerService
03-10 12:11:38.165   578   578 I SystemServiceManager: Starting com.android.server.uri.UriGrantsManagerService$Lifecycle
03-10 12:11:38.165   578   578 D SystemServerTiming: StartPowerStatsService
03-10 12:11:38.165   578   578 I SystemServiceManager: Starting com.android.server.powerstats.PowerStatsService
03-10 12:11:38.166   578   578 D SystemServerTiming: StartIStatsService
03-10 12:11:38.166   161   161 I hwservicemanager: getTransport: Cannot find entry android.frameworks.stats@1.0::IStats/default in either framework or device VINTF manifest.
03-10 12:11:38.166   578   578 E HidlServiceManagement: Service android.frameworks.stats@1.0::IStats/default must be in VINTF manifest in order to register/get.
03-10 12:11:38.166   578   578 W system_server: Cannot register HIDL android.frameworks.stats@1.0::IStats: -2147483648
03-10 12:11:38.166   578   578 D SystemServerTiming: MemtrackProxyService
03-10 12:11:38.166   161   161 I hwservicemanager: getTransport: Cannot find entry android.hardware.memtrack@1.0::IMemtrack/default in either framework or device VINTF manifest.
03-10 12:11:38.166   578   578 I Stability: Interface set with vintf stability downgraded to system stability stability
03-10 12:11:38.166   578   578 D SystemServerTiming: StartAccessCheckingService
03-10 12:11:38.166   578   578 I SystemServiceManager: Starting com.android.server.permission.access.AccessCheckingService
03-10 12:11:38.167   578   578 D SystemServerTiming: StartActivityManager
03-10 12:11:38.167   578   578 I SystemServiceManager: Starting com.android.server.wm.ActivityTaskManagerService$Lifecycle
03-10 12:11:38.168   578   578 I SystemServiceManager: Starting com.android.server.am.ActivityManagerService$Lifecycle
03-10 12:11:38.170   578   578 I ActivityManager: Memory class: 192
03-10 12:11:38.171   578   640 I Binder  : Setting heavy hitter watcher config: false, 0, 0.0
03-10 12:11:38.172   578   578 E libpsi  : /proc/pressure/memory write failed for psi stall type 'some'; errno=22
03-10 12:11:38.172   578   578 E LowMemDetector: Failed to register psi trigger
03-10 12:11:38.174   578   578 I PackageWatchdog: Updated health check state for package com.google.android.ext.services: INACTIVE -> PASSED
03-10 12:11:38.174   578   578 I PackageWatchdog: Updated health check state for package com.google.android.federatedcompute: INACTIVE -> PASSED
03-10 12:11:38.174   578   578 I PackageWatchdog: Updated health check state for package com.google.android.providers.media.module: INACTIVE -> PASSED
03-10 12:11:38.174   578   578 I PackageWatchdog: Updated health check state for package com.google.android.adservices.api: INACTIVE -> PASSED
03-10 12:11:38.174   578   578 I PackageWatchdog: Updated health check state for package android: INACTIVE -> PASSED
03-10 12:11:38.174   578   578 I PackageWatchdog: Updated health check state for package com.google.android.as: INACTIVE -> PASSED
03-10 12:11:38.174   578   578 I PackageWatchdog: Updated health check state for package com.google.android.permissioncontroller: INACTIVE -> PASSED
03-10 12:11:38.174   578   578 I PackageWatchdog: Updated health check state for package com.google.android.bluetooth: INACTIVE -> PASSED
03-10 12:11:38.174   578   578 I PackageWatchdog: Updated health check state for package com.google.android.as.oss: INACTIVE -> PASSED
03-10 12:11:38.174   578   578 I PackageWatchdog: Updated health check state for package com.google.android.networkstack: INACTIVE -> PASSED
03-10 12:11:38.174   578   578 I PackageWatchdog: Updated health check state for package com.google.android.gms: INACTIVE -> PASSED
03-10 12:11:38.174   578   578 I PackageWatchdog: Updated health check state for package com.google.android.apps.nexuslauncher: INACTIVE -> PASSED
03-10 12:11:38.174   578   578 I PackageWatchdog: Updated health check state for package com.google.android.healthconnect.controller: INACTIVE -> PASSED
03-10 12:11:38.174   578   578 I PackageWatchdog: Updated health check state for package com.android.settings: INACTIVE -> PASSED
03-10 12:11:38.174   578   578 I PackageWatchdog: Updated health check state for package com.google.android.apps.wallpaper: INACTIVE -> PASSED
03-10 12:11:38.174   578   578 I PackageWatchdog: Updated health check state for package com.android.phone: INACTIVE -> PASSED
03-10 12:11:38.174   578   578 I PackageWatchdog: Updated health check state for package com.android.systemui: INACTIVE -> PASSED
03-10 12:11:38.174   578   578 I PackageWatchdog: Updated health check state for package com.google.android.ondevicepersonalization.services: INACTIVE -> PASSED
03-10 12:11:38.175   578   578 W PowerProfile: ambient.on is deprecated! Use ambient.on.display0 instead.
03-10 12:11:38.175   578   578 W PowerProfile: screen.on is deprecated! Use screen.on.display0 instead.
03-10 12:11:38.175   578   578 W PowerProfile: screen.full is deprecated! Use screen.full.display0 instead.
03-10 12:11:38.175   578   578 W ModemPowerProfile: getAverageBatteryDrainMaH called with unexpected key: 0x0, drain:SLEEP,RAT:DEFAULT
03-10 12:11:38.175   578   578 W ModemPowerProfile: getAverageBatteryDrainMaH called with unexpected key: 0x10000000, drain:IDLE,RAT:DEFAULT
03-10 12:11:38.175   578   578 W ModemPowerProfile: getAverageBatteryDrainMaH called with unexpected key: 0x20000000, drain:RX,RAT:DEFAULT
03-10 12:11:38.175   578   578 W ModemPowerProfile: getAverageBatteryDrainMaH called with unexpected key: 0x30000000, drain:TX,level:0,RAT:DEFAULT
03-10 12:11:38.175   578   578 W ModemPowerProfile: getAverageBatteryDrainMaH called with unexpected key: 0x31000000, drain:TX,level:1,RAT:DEFAULT
03-10 12:11:38.175   578   578 W ModemPowerProfile: getAverageBatteryDrainMaH called with unexpected key: 0x32000000, drain:TX,level:2,RAT:DEFAULT
03-10 12:11:38.175   578   578 W ModemPowerProfile: getAverageBatteryDrainMaH called with unexpected key: 0x33000000, drain:TX,level:3,RAT:DEFAULT
03-10 12:11:38.175   578   578 W ModemPowerProfile: getAverageBatteryDrainMaH called with unexpected key: 0x34000000, drain:TX,level:4,RAT:DEFAULT
03-10 12:11:38.178   578   578 D BatteryStatsImpl: Reading daily items from /data/system/batterystats-daily.xml
03-10 12:11:38.183   161   161 I hwservicemanager: getTransport: Cannot find entry android.hardware.power.stats@1.0::IPowerStats/default in either framework or device VINTF manifest.
03-10 12:11:38.183   578   648 E BatteryStatsService: Unable to load Power.Stats.HAL. Setting rail availability to false
03-10 12:11:38.183   578   648 E BluetoothAdapter: Bluetooth service is null
03-10 12:11:38.184   578   648 W KernelCpuProcStringReader: File not found. It's normal if not implemented: /proc/uid_concurrent_policy_time
03-10 12:11:38.185   578   648 W KernelMemoryBandwidthStats: No kernel memory bandwidth stats available
03-10 12:11:38.201   578   578 I IntentFirewall: Read new rules (A:0 B:0 S:0)
03-10 12:11:38.202   578   578 D OomAdjuster: Not killing cached processes
03-10 12:11:38.203   578   578 D AppOps  : AppOpsService published
03-10 12:11:38.203   578   578 D SystemServerTiming: StartDataLoaderManagerService
03-10 12:11:38.203   578   578 I SystemServiceManager: Starting com.android.server.pm.DataLoaderManagerService
03-10 12:11:38.203   578   606 W android.permission.PermissionManager: Missing ActivityManager; assuming 1047 does not hold android.permission.MANAGE_APP_OPS_MODES
03-10 12:11:38.204   578   578 D SystemServerTiming: StartIncrementalService
03-10 12:11:38.205   578   578 I incfs-mounts: [incfs] Loaded incremental-fs mount info: 0 instances, 0 mount points
03-10 12:11:38.205   578   578 D SystemServerTiming: StartPowerManager
03-10 12:11:38.205   578   578 I SystemServiceManager: Starting com.android.server.power.PowerManagerService
03-10 12:11:38.207   578   578 I PowerHalLoader: Successfully connected to Power HAL AIDL service.
03-10 12:11:38.208   388   388 I android.hardware.power-service.example: Power isModeSupported: 7
03-10 12:11:38.208   388   388 I android.hardware.power-service.example: Power isModeSupported: 0
03-10 12:11:38.208   578   578 D SystemServerTiming: StartThermalManager
03-10 12:11:38.208   578   578 I SystemServiceManager: Starting com.android.server.power.ThermalManagerService
03-10 12:11:38.208   578   578 D SystemServerTiming: InitPowerManagement
03-10 12:11:38.209   578   578 D SystemServerTiming: StartRecoverySystemService
03-10 12:11:38.209   578   578 I SystemServiceManager: Starting com.android.server.recoverysystem.RecoverySystemService$Lifecycle
03-10 12:11:38.209   578   578 D SystemServerTiming: StartLightsService
03-10 12:11:38.209   578   578 I SystemServiceManager: Starting com.android.server.lights.LightsService
03-10 12:11:38.210   384   384 I lights_service_exampl..: main::lights: Lights reporting supported lights
03-10 12:11:38.210   578   578 D SystemServerTiming: StartDisplayOffloadService
03-10 12:11:38.210   578   578 D SystemServerTiming: StartDisplayManager
03-10 12:11:38.210   578   578 I SystemServiceManager: Starting com.android.server.display.DisplayManagerService
03-10 12:11:38.212   578   578 D SystemServerTiming: WaitForDisplay
03-10 12:11:38.212   578   578 I SystemServiceManager: Starting phase 100
03-10 12:11:38.212   578   578 D SystemServerTiming: OnBootPhase_100
03-10 12:11:38.212   578   578 D SystemServerTiming: OnBootPhase_100_com.android.server.security.FileIntegrityService
03-10 12:11:38.212   578   578 D SystemServerTiming: OnBootPhase_100_com.android.server.pm.Installer
03-10 12:11:38.212   578   578 D SystemServerTiming: OnBootPhase_100_com.android.server.os.DeviceIdentifiersPolicyService
03-10 12:11:38.212   578   578 D SystemServerTiming: OnBootPhase_100_com.android.server.flags.FeatureFlagsService
03-10 12:11:38.212   578   578 D SystemServerTiming: OnBootPhase_100_com.android.server.uri.UriGrantsManagerService$Lifecycle
03-10 12:11:38.212   578   578 D SystemServerTiming: OnBootPhase_100_com.android.server.powerstats.PowerStatsService
03-10 12:11:38.212   578   578 D SystemServerTiming: OnBootPhase_100_com.android.server.permission.access.AccessCheckingService
03-10 12:11:38.212   578   578 D SystemServerTiming: OnBootPhase_100_com.android.server.wm.ActivityTaskManagerService$Lifecycle
03-10 12:11:38.212   578   578 D SystemServerTiming: OnBootPhase_100_com.android.server.am.ActivityManagerService$Lifecycle
03-10 12:11:38.212   578   578 D SystemServerTiming: OnBootPhase_100_com.android.server.pm.DataLoaderManagerService
03-10 12:11:38.212   578   578 D SystemServerTiming: OnBootPhase_100_com.android.server.power.PowerManagerService
03-10 12:11:38.212   578   578 D SystemServerTiming: OnBootPhase_100_com.android.server.power.ThermalManagerService
03-10 12:11:38.212   578   578 D SystemServerTiming: OnBootPhase_100_com.android.server.recoverysystem.RecoverySystemService$Lifecycle
03-10 12:11:38.212   578   578 D SystemServerTiming: OnBootPhase_100_com.android.server.lights.LightsService
03-10 12:11:38.212   578   578 D SystemServerTiming: OnBootPhase_100_com.android.server.display.DisplayManagerService
03-10 12:11:38.213   578   633 W LocalDisplayAdapter: DisplayModeSpecs base mode no longer available, using currently active mode.
03-10 12:11:38.215   578   633 I DisplayDeviceRepository: Display device added: DisplayDeviceInfo{"Built-in Screen": uniqueId="local:4619827259835644672", 1080 x 2400, modeId 1, renderFrameRate 60.000004, defaultModeId 1, userPreferredModeId -1, supportedModes [{id=1, width=1080, height=2400, fps=60.000004, vsync=60.000004, synthetic=false, alternativeRefreshRates=[], supportedHdrTypes=[]}], colorMode 0, supportedColorModes [0], hdrCapabilities HdrCapabilities{mSupportedHdrTypes=[], mMaxLuminance=500.0, mMaxAverageLuminance=500.0, mMinLuminance=0.0}, allmSupported false, gameContentTypeSupported false, density 420, 420.0 x 420.0 dpi, appVsyncOff 1000000, presDeadline 16666666, touch INTERNAL, rotation 0, type INTERNAL, address {port=0, model=0x401cec6a7a2b7b}, deviceProductInfo DeviceProductInfo{name=EMU_display_0, manufacturerPnpId=GGL, productId=1, modelYear=null, manufactureDate=ManufactureDate{week=27, year=2006}, connectionToSinkType=0}, state UNKNOWN, committedState UNKNOWN, frameRateOverride , brightnessMinimum 0.0, brightnessMaximum 1.0, brightnessDefault 0.39763778, hdrSdrRatio NaN, FLAG_ALLOWED_TO_BE_DEFAULT_DISPLAY, FLAG_ROTATES_WITH_CONTENT, FLAG_SECURE, FLAG_SUPPORTS_PROTECTED_BUFFERS, FLAG_TRUSTED, installOrientation 0, displayShape DisplayShape{ spec=-1893857183 displayWidth=1080 displayHeight=2400 physicalPixelDisplaySizeRatio=1.0 rotation=0 offsetX=0 offsetY=0 scale=1.0}}
03-10 12:11:38.215   578   633 I LogicalDisplayMapper: Applying layout: [{dispId: 0(ON), displayGroupName: , addr: {port=0, model=0x401cec6a7a2b7b}, mThermalBrightnessThrottlingMapId: null, mRefreshRateZoneId: null, mLeadDisplayId: -1, mLeadDisplayAddress: null, mThermalRefreshRateThrottlingMapId: null, mPowerThrottlingMapId: null}], Previous layout: null
03-10 12:11:38.216   578   633 I LogicalDisplayMapper: Setting new display group 0 for display 0, from previous group: null
03-10 12:11:38.218   578   578 D SystemServerTiming: StartDomainVerificationService
03-10 12:11:38.218   578   578 D SystemServerTiming: StartPackageManagerService
03-10 12:11:38.218   578   578 I Watchdog: Pausing HandlerChecker: main thread for reason: packagemanagermain. Pause count: 1
03-10 12:11:38.219   578   578 D PackageManagerTiming: create package manager
03-10 12:11:38.220   578   578 D PackageManagerTiming: createSubComponents
03-10 12:11:38.222   578   578 I UserManagerService: Upgrading users from userVersion 11 to 11
03-10 12:11:38.223   402   402 W ServiceManagerCppClient: Waited one second for activity (is service started? Number of threads started in the threadpool: 16. Are binder threads started and available?)
03-10 12:11:38.224   160   662 W libc    : Unable to set property "ctl.interface_start" to "aidl/activity": PROP_ERROR_HANDLE_CONTROL_MESSAGE (0x20)
03-10 12:11:38.225   578   578 D PackageManagerTiming: addSharedUsers
03-10 12:11:38.225   578   578 D PackageManagerTiming: get system config
03-10 12:11:38.226   578   578 D SELinuxMMAC: Using policy file /system/etc/selinux/plat_mac_permissions.xml
03-10 12:11:38.227   578   578 D SELinuxMMAC: Using policy file /system_ext/etc/selinux/system_ext_mac_permissions.xml
03-10 12:11:38.227   578   578 D SELinuxMMAC: Using policy file /vendor/etc/selinux/vendor_mac_permissions.xml
03-10 12:11:38.227   578   578 D PackageManagerTiming: loadFallbacks
03-10 12:11:38.227   578   578 D FallbackCategoryProvider: Found 387 fallback categories
03-10 12:11:38.227   578   578 D PackageManagerTiming: read user settings
03-10 12:11:38.248   578   578 W android.permission.PermissionManager: Missing ActivityManager; assuming 1000 holds android.permission.SET_PREFERRED_APPLICATIONS
03-10 12:11:38.248   578   578 W PackageManager: No package known for package restrictions com.google.android.devicelock
03-10 12:11:38.249   578   578 W PackageManager: No package known for package restrictions com.google.android.tzdata6
03-10 12:11:38.250   578   578 W PackageManager: No package known for package restrictions com.google.android.ondevicepersonalization
03-10 12:11:38.250   578   578 W PackageManager: No package known for package restrictions com.android.hardware.authsecret
03-10 12:11:38.251   578   578 W PackageManager: No package known for package restrictions com.google.android.media.swcodec
03-10 12:11:38.251   578   578 W PackageManager: No package known for package restrictions com.google.android.os.statsd
03-10 12:11:38.251   578   578 W PackageManager: No package known for package restrictions com.google.android.widevine.nonupdatable
03-10 12:11:38.252   578   578 W PackageManager: No package known for package restrictions com.google.mainline.primary.libs
03-10 12:11:38.254   578   578 W PackageManager: No package known for package restrictions com.google.android.extservices
03-10 12:11:38.254   578   578 W PackageManager: No package known for package restrictions com.android.hardware.rebootescrow
03-10 12:11:38.256   578   578 W PackageManager: No package known for package restrictions com.google.android.healthfitness
03-10 12:11:38.257   578   578 W PackageManager: No package known for package restrictions com.google.android.ipsec
03-10 12:11:38.257   578   578 W PackageManager: No package known for package restrictions com.google.android.media
03-10 12:11:38.259   578   578 W PackageManager: No package known for package restrictions com.android.i18n
03-10 12:11:38.259   578   578 W PackageManager: No package known for package restrictions com.android.virt
03-10 12:11:38.261   578   578 W PackageManager: No package known for package restrictions com.google.android.appsearch
03-10 12:11:38.261   578   578 W PackageManager: No package known for package restrictions com.google.android.configinfrastructure
03-10 12:11:38.262   578   578 W PackageManager: No package known for package restrictions com.google.android.cellbroadcast
03-10 12:11:38.262   578   578 W PackageManager: No package known for package restrictions com.android.apex.cts.shim
03-10 12:11:38.262   578   578 W PackageManager: No package known for package restrictions com.google.android.resolv
03-10 12:11:38.262   578   578 W PackageManager: No package known for package restrictions com.google.android.sdkext
03-10 12:11:38.263   578   578 W PackageManager: No package known for package restrictions com.google.android.art
03-10 12:11:38.263   578   578 W PackageManager: No package known for package restrictions com.google.android.uwb
03-10 12:11:38.265   578   578 W PackageManager: No package known for package restrictions com.google.android.runtime
03-10 12:11:38.265   578   578 W PackageManager: No package known for package restrictions com.android.hardware.cas
03-10 12:11:38.266   578   578 W PackageManager: No package known for package restrictions com.google.android.adservices
03-10 12:11:38.268   578   578 W PackageManager: No package known for package restrictions com.google.android.scheduling
03-10 12:11:38.268   578   578 W PackageManager: No package known for package restrictions com.google.android.mediaprovider
03-10 12:11:38.268   578   578 W PackageManager: No package known for package restrictions com.android.hardware.neuralnetworks
03-10 12:11:38.269   578   578 W PackageManager: No package known for package restrictions com.google.android.permission
03-10 12:11:38.269   578   578 W PackageManager: No package known for package restrictions com.google.android.profiling
03-10 12:11:38.272   578   578 W PackageManager: No package known for package restrictions com.google.android.neuralnetworks
03-10 12:11:38.272   578   578 W PackageManager: No package known for package restrictions com.google.android.tethering
03-10 12:11:38.273   578   578 W PackageManager: No package known for package restrictions com.google.android.btservices
03-10 12:11:38.273   578   578 W PackageManager: No package known for package restrictions com.google.android.adbd
03-10 12:11:38.273   578   578 W PackageManager: No package known for package restrictions com.google.android.rkpd
03-10 12:11:38.273   578   578 W PackageManager: No package known for package restrictions com.google.android.wifi
03-10 12:11:38.273   578   578 W PackageManager: No package known for package restrictions com.google.android.conscrypt
03-10 12:11:38.276   578   578 W PackageManager: No package known for package restrictions com.android.nfcservices
03-10 12:11:38.278   578   578 W PackageSettings: Missing permission state for package com.android.cts.priv.ctsshim on user 0
03-10 12:11:38.278   578   578 W PackageSettings: Missing permission state for package com.google.android.youtube on user 0
03-10 12:11:38.278   578   578 W PackageSettings: Missing permission state for package com.android.internal.display.cutout.emulation.corner on user 0
03-10 12:11:38.278   578   578 W PackageSettings: Missing permission state for package com.google.android.ext.services on user 0
03-10 12:11:38.278   578   578 W PackageSettings: Missing permission state for package com.android.internal.display.cutout.emulation.double on user 0
03-10 12:11:38.278   578   578 W PackageSettings: Missing permission state for package io.appium.settings on user 0
03-10 12:11:38.278   578   578 W PackageSettings: Missing permission state for package com.google.android.googlequicksearchbox on user 0
03-10 12:11:38.278   578   578 W PackageSettings: Missing permission state for package com.google.android.onetimeinitializer on user 0
03-10 12:11:38.278   578   578 W PackageSettings: Missing permission state for package com.google.android.ext.shared on user 0
03-10 12:11:38.278   578   578 W PackageSettings: Missing permission state for package com.android.virtualmachine.res on user 0
03-10 12:11:38.278   578   578 W PackageSettings: Missing permission state for package com.android.wallpapercropper on user 0
03-10 12:11:38.278   578   578 W PackageSettings: Missing permission state for package com.google.android.federatedcompute on user 0
