--------- beginning of main
05-28 14:27:25.106   173   173 W linker  : Warning: failed to find generated linker configuration from "/linkerconfig/ld.config.txt"
05-28 14:27:25.118   176   176 W linker  : Warning: failed to find generated linker configuration from "/linkerconfig/ld.config.txt"
05-28 14:27:25.122   172   172 I lowmemorykiller: Wakeup counter is reset from 0 to 0
05-28 14:27:25.122   172   172 I lowmemorykiller: Using psi monitors for memory pressure detection
05-28 14:27:25.123   172   172 I lowmemorykiller: Process polling is supported
05-28 14:27:25.124   172   172 I lowmemorykiller: Process reaper initialized with 2 threads in the pool
05-28 14:27:25.126   172   184 W libprocessgroup: A JoinCgroup action in the SystemMemoryProcess profile is used for controller memory in the cgroup v2 hierarchy and will be ignored
05-28 14:27:19.576   171   171 W auditd  : type=2000 audit(0.0:1): state=initialized audit_enabled=0 res=1
05-28 14:27:24.368   171   171 W auditd  : type=1403 audit(0.0:2): auid=4294967295 ses=4294967295 lsm=selinux res=1
05-28 14:27:24.368   171   171 W auditd  : type=1404 audit(0.0:3): enforcing=1 old_enforcing=0 auid=4294967295 ses=4294967295 enabled=1 old-enabled=1 lsm=selinux res=1
05-28 14:27:24.404     1     1 W /system/bin/init: type=1107 audit(0.0:4): uid=0 auid=4294967295 ses=4294967295 subj=u:r:init:s0 msg='avc:  denied  { set } for property=persist.sys.usb.config pid=1 uid=0 gid=0 scontext=u:r:vendor_init:s0 tcontext=u:object_r:system_prop:s0 tclass=property_service permissive=0'
05-28 14:27:25.152   188   188 I qemu-props: successfully set property 'vendor.qemu.sf.fake_camera' to 'front'
05-28 14:27:25.153   188   188 I qemu-props: successfully set property 'qemu.hw.mainkeys' to '0'
05-28 14:27:25.154   188   188 I qemu-props: successfully set property 'qemu.sf.lcd_density' to '420'
05-28 14:27:25.155   188   188 I qemu-props: successfully set property 'vendor.net.wifi_mac_prefix' to '5554'
05-28 14:27:25.156   176   176 I hwservicemanager: getFrameworkHalManifest: Reading VINTF information.
05-28 14:27:25.157   188   188 I qemu-props: successfully set property 'vendor.qemu.timezone' to 'Europe/Bucharest'
05-28 14:27:25.160   188   188 I qemu-props: successfully set property 'vendor.qemu.vport.uwb' to '/dev/vport8p2'
05-28 14:27:25.160   188   188 W qemu-props: could not open '/sys/class/virtio-ports/vport8p0/name'
05-28 14:27:25.161   188   188 I qemu-props: successfully set property 'vendor.qemu.vport.modem' to '/dev/vport9p1'
05-28 14:27:25.162   188   188 I qemu-props: successfully set property 'vendor.qemu.vport.bluetooth' to '/dev/vport8p3'
05-28 14:27:25.163   188   188 W qemu-props: could not open '/sys/class/virtio-ports/vport8p1/name'
05-28 14:27:25.166   176   176 I hwservicemanager: Loaded APEX Infos from /bootstrap-apex/apex-info-list.xml
05-28 14:27:25.166   176   176 I hwservicemanager: getDeviceHalManifest: Reading VINTF information.
05-28 14:27:25.171   176   176 I hwservicemanager: Loaded APEX Infos from /bootstrap-apex/apex-info-list.xml
05-28 14:27:25.172   176   176 I hwservicemanager: getDeviceHalManifest: Successfully processed VINTF information
05-28 14:27:25.173   176   176 I hwservicemanager: getFrameworkHalManifest: Successfully processed VINTF information
05-28 14:27:25.176   176   176 I hwservicemanager: hwservicemanager is ready now.
--------- beginning of system
05-28 14:27:25.324   193   193 I vold    : Vold 3.0 (the awakening) firing up
05-28 14:27:25.324   193   193 D vold    : Detected support for: ext4 f2fs vfat
05-28 14:27:25.333   193   193 I vold    : [libfstab] Using Android DT directory /proc/device-tree/firmware/android/
05-28 14:27:25.338   193   193 D vold    : VoldNativeService::start() completed OK
05-28 14:27:25.352   193   193 D vold    : VendorVoldNativeService::try_start() completed OK
05-28 14:27:25.370   193   198 I vold    : Found disk at /devices/pci0000:00/0000:00:08.0/virtio6/block/vdf but delaying scan due to secure keyguard
05-28 14:27:25.456   199   199 I aconfigd_system: main: starting aconfigd_system commands.
05-28 14:27:25.463   199   199 D aconfigd_system: aconfigd_rust::aconfigd: remove boot storage files for container system
05-28 14:27:25.465   199   199 D aconfigd_system: aconfigd_rust::aconfigd: remove boot storage files for container vendor
05-28 14:27:25.465   199   199 D aconfigd_system: aconfigd_rust::aconfigd: remove boot storage files for container product
05-28 14:27:25.465   199   199 D aconfigd_system: aconfigd_rust::storage_files: create system storage files object from pb entry
05-28 14:27:25.465   199   199 D aconfigd_system: aconfigd_rust::storage_files: create vendor storage files object from pb entry
05-28 14:27:25.465   199   199 D aconfigd_system: aconfigd_rust::storage_files: create product storage files object from pb entry
05-28 14:27:25.465   199   199 D aconfigd_system: aconfigd_rust::aconfigd: start initialize system flags
05-28 14:27:25.469   199   199 D aconfigd_system: aconfigd_rust::storage_files_manager: no need to update system, computed digest matches with record
05-28 14:27:25.469   199   199 D aconfigd_system: aconfigd_rust::storage_files_manager: writing updated storage records /metadata/aconfig/platform_storage_records.pb
05-28 14:27:25.470   199   199 D aconfigd_system: aconfigd_rust::aconfigd: start initialize product flags
05-28 14:27:25.471   199   199 D aconfigd_system: aconfigd_rust::storage_files_manager: no need to update product, computed digest matches with record
05-28 14:27:25.471   199   199 D aconfigd_system: aconfigd_rust::storage_files_manager: writing updated storage records /metadata/aconfig/platform_storage_records.pb
05-28 14:27:25.481   199   199 D aconfigd_system: aconfigd_rust::aconfigd: start initialize vendor flags
05-28 14:27:25.482   199   199 D aconfigd_system: aconfigd_rust::storage_files_manager: no need to update vendor, computed digest matches with record
05-28 14:27:25.482   199   199 D aconfigd_system: aconfigd_rust::storage_files_manager: writing updated storage records /metadata/aconfig/platform_storage_records.pb
05-28 14:27:25.483   199   199 D aconfigd_system: aconfigd_rust::storage_files_manager: no OTA flags staged, skip
05-28 14:27:25.483   199   199 D aconfigd_system: aconfigd_rust::storage_files: apply staged server overrides for container system
05-28 14:27:25.489   199   199 D aconfigd_system: aconfigd_rust::storage_files: apply staged local overrides for container system
05-28 14:27:25.489   199   199 D aconfigd_system: aconfigd_rust::storage_files: apply staged server overrides for container product
05-28 14:27:25.495   199   199 D aconfigd_system: aconfigd_rust::storage_files: apply staged local overrides for container product
05-28 14:27:25.495   199   199 D aconfigd_system: aconfigd_rust::storage_files: apply staged server overrides for container vendor
05-28 14:27:25.500   199   199 D aconfigd_system: aconfigd_rust::storage_files: apply staged local overrides for container vendor
05-28 14:27:25.534   176   176 I hwservicemanager: getTransport: Cannot find entry android.system.suspend@1.0::ISystemSuspend/default in either framework or device VINTF manifest.
05-28 14:27:25.567   193   193 D vold    : fscrypt_mount_metadata_encrypted: /data encrypt: 0 format: 0 with null block device: /dev/block/vdc with zoned 0 length: 0
05-28 14:27:25.567   193   193 D vold    : metadata_key_dir/key: /metadata/vold/metadata_encryption/key
05-28 14:27:25.568   193   193 D vold    : Key exists, using: /metadata/vold/metadata_encryption/key
05-28 14:27:25.588   205   205 I android.hardware.security.keymint-service: adding keymint service instance: android.hardware.security.keymint.IKeyMintDevice/default
05-28 14:27:25.593   205   205 I android.hardware.security.keymint-service: adding keymint service instance: android.hardware.security.secureclock.ISecureClock/default
05-28 14:27:25.596   205   205 I android.hardware.security.keymint-service: adding keymint service instance: android.hardware.security.sharedsecret.ISharedSecret/default
05-28 14:27:25.599   205   205 I android.hardware.security.keymint-service: adding keymint service instance: android.hardware.security.keymint.IRemotelyProvisionedComponent/default
05-28 14:27:25.690   203   203 I keystore2: system/security/keystore2/src/keystore2_main.rs:61 - Keystore2 is starting.
05-28 14:27:25.690   203   203 I keystore2: system/security/keystore2/src/keystore2_main.rs:67 - Setting up sqlite logging for keystore2
05-28 14:27:25.701   203   211 I keystore2: system/security/keystore2/src/globals.rs:474 - monitoring for sys.boot_completed=1
05-28 14:27:25.703   203   203 I keystore2: system/security/keystore2/src/keystore2_main.rs:100 - Starting thread pool now.
05-28 14:27:25.705   203   203 I keystore2: system/security/keystore2/src/globals.rs:282 - KeyMint device is current version (Some(400)) for security level: r#TRUSTED_ENVIRONMENT
05-28 14:27:25.708   176   176 I hwservicemanager: getTransport: Cannot find entry android.hardware.keymaster@4.0::IKeymasterDevice/default in either framework or device VINTF manifest.
05-28 14:27:25.709   176   176 I hwservicemanager: getTransport: Cannot find entry android.hardware.keymaster@3.0::IKeymasterDevice/default in either framework or device VINTF manifest.
05-28 14:27:25.714   203   213 I keystore2: system/security/keystore2/src/shared_secret_negotiation.rs:48 - Shared secret negotiation concluded successfully.
05-28 14:27:25.715   176   176 I hwservicemanager: getTransport: Cannot find entry android.hardware.keymaster@4.0::IKeymasterDevice/default in either framework or device VINTF manifest.
05-28 14:27:25.715   203   215 I SELinux : SELinux: Loaded keystore2 context from:
05-28 14:27:25.715   203   215 I SELinux : 		/system/etc/selinux/plat_keystore2_key_contexts
05-28 14:27:25.715   203   203 I keystore2: system/security/keystore2/src/keystore2_main.rs:155 - Successfully registered Keystore 2.0 service.
05-28 14:27:25.715   203   203 I keystore2: system/security/keystore2/src/keystore2_main.rs:157 - Joining thread pool now.
05-28 14:27:25.715   203   215 I SELinux : 		/system_ext/etc/selinux/system_ext_keystore2_key_contexts
05-28 14:27:25.715   176   176 I hwservicemanager: getTransport: Cannot find entry android.hardware.keymaster@3.0::IKeymasterDevice/default in either framework or device VINTF manifest.
05-28 14:27:25.715   203   215 I SELinux : 		/product/etc/selinux/product_keystore2_key_contexts
05-28 14:27:25.715   203   213 I keystore2: system/security/keystore2/src/shared_secret_negotiation.rs:290 - No StrongBox Keymint available, so no RoT transfer
05-28 14:27:25.715   203   215 I SELinux : 		/vendor/etc/selinux/vendor_keystore2_key_contexts
05-28 14:27:25.722   193   193 D vold    : Mounting metadata-encrypted filesystem:/data
05-28 14:27:25.724   193   193 I vold    : AIDL IBootControl not available, falling back to HIDL.
05-28 14:27:25.724   176   176 I hwservicemanager: getTransport: Cannot find entry android.hardware.boot@1.0::IBootControl/default in either framework or device VINTF manifest.
05-28 14:27:25.724   193   193 E vold    : Error getting bootctrl v1.0 module.
05-28 14:27:25.726   193   193 I vold    : [libfs_mgr] superblock s_max_mnt_count:65535,/dev/block/mapper/userdata
05-28 14:27:25.726   193   193 I vold    : [libfs_mgr] Filesystem on /dev/block/mapper/userdata was not cleanly shutdown; state flags: 0x1, incompat feature flags: 0x30046
05-28 14:27:26.573   193   193 I vold    : [libfs_mgr] check_fs(): mount(/dev/block/mapper/userdata,/data,ext4)=0: Success
05-28 14:27:26.581   193   193 I vold    : [libfs_mgr] umount_retry(): unmount(/data) succeeded
05-28 14:27:26.581   193   193 I vold    : [libfs_mgr] Running /system/bin/e2fsck on /dev/block/dm-56
05-28 14:27:27.487   193   193 I vold    : [libfs_mgr] superblock s_max_mnt_count:65535,/dev/block/mapper/userdata
05-28 14:27:27.487   193   193 W vold    : [libfs_mgr] Reserved blocks 32768 is too large; capping to 31457
05-28 14:27:27.496   193   193 I vold    : [libfs_mgr] __mount(source=/dev/block/mapper/userdata,target=/data,type=ext4)=0: Success
05-28 14:27:27.497   193   193 D vold    : Mounted /data
05-28 14:27:27.508   173   209 W libc    : Unable to set property "ctl.interface_start" to "aidl/android.system.keystore2.IKeystoreService/default": PROP_ERROR_HANDLE_CONTROL_MESSAGE (0x20)
05-28 14:27:27.519   193   193 I Checkpoint: cp_prepareCheckpoint called
05-28 14:27:27.534   193   193 I vold    : fscrypt_initialize_systemwide_keys
05-28 14:27:27.535   193   193 D vold    : Key exists, using: /data/unencrypted/key
05-28 14:27:27.543   193   193 D vold    : Installed fscrypt key with ref 32ca7596cb3827674212eaaa8897ecff to /data
05-28 14:27:27.554   193   193 I vold    : Wrote system DE key reference to:/data/unencrypted/ref
05-28 14:27:27.555   193   193 D vold    : Generating standard storage key
05-28 14:27:27.555   193   193 D vold    : Installed fscrypt key with ref 90c4ec901a9f433e5c8c063db12ddca4 to /data
05-28 14:27:27.557   193   193 I vold    : Wrote per boot key reference to:/data/unencrypted/per_boot_ref
05-28 14:27:27.587   237   237 I tombstoned: tombstoned successfully initialized
05-28 14:27:27.595   193   193 I incfs   : Initial API level of the device: 35
05-28 14:27:27.595   193   193 I incfs   : ro.incremental.enable: yes
05-28 14:27:27.595   193   193 I incfs   : isFsAvailable: true
05-28 14:27:27.595   193   193 I incfs   : isFsAvailable: true
05-28 14:27:27.595   193   193 I incfs   : IncFs_Features: v2
05-28 14:27:27.596   203   215 I keystore2: system/security/keystore2/src/maintenance.rs:569 - earlyBootEnded()
05-28 14:27:27.596   203   215 I keystore2: system/security/keystore2/src/maintenance.rs:243 - In early_boot_ended.
05-28 14:27:27.611   203   215 I keystore2: system/security/keystore2/src/globals.rs:81 - Touching Keystore 2.0 database for this first time since boot.
05-28 14:27:27.611   203   215 I keystore2: system/security/keystore2/src/globals.rs:82 - Calling cleanup leftovers.
05-28 14:27:27.612   203   215 I keystore2: system/security/keystore2/src/boot_level_keys.rs:57 - ro.keystore.boot_level_key.strategy not set, inferring from installed KM instances
05-28 14:27:27.612   203   239 I keystore2: system/security/keystore2/src/gc.rs:147 - skip GC as boot not completed
05-28 14:27:27.612   203   215 I keystore2: system/security/keystore2/src/boot_level_keys.rs:115 - In get_level_zero_key: security_level=r#SOFTWARE, deny_later_strategy=EarlyBootOnly
05-28 14:27:27.618   203   215 I keystore2: system/security/keystore2/src/super_key.rs:305 - Starting boot level watcher.
05-28 14:27:27.618   203   240 I keystore2: system/security/keystore2/src/super_key.rs:337 - Read keystore.boot_level value 30
05-28 14:27:27.618   203   240 I keystore2: system/security/keystore2/src/super_key.rs:337 - Read keystore.boot_level value 30
05-28 14:27:27.619   203   215 I keystore2: system/security/keystore2/src/maintenance.rs:214 - Call to earlyBootEnded succeeded for security level TRUSTED_ENVIRONMENT.
05-28 14:27:27.619   203   241 I keystore2: system/security/keystore2/src/maintenance.rs:269 - start monitoring 'apexd.status' property
05-28 14:27:27.619   203   241 I keystore2: system/security/keystore2/src/maintenance.rs:274 - property 'apexd.status' is now 'Err(SystemPropertyAbsent)'
05-28 14:27:27.619   203   241 I keystore2: system/security/keystore2/src/maintenance.rs:283 - await a change to 'apexd.status'...
05-28 14:27:27.620   176   176 I hwservicemanager: getTransport: Cannot find entry android.hardware.keymaster@4.0::IKeymasterDevice/default in either framework or device VINTF manifest.
05-28 14:27:27.621   176   176 I hwservicemanager: getTransport: Cannot find entry android.hardware.keymaster@3.0::IKeymasterDevice/default in either framework or device VINTF manifest.
05-28 14:27:27.621   203   215 I keystore2: system/security/keystore2/src/maintenance.rs:224 - Call to earlyBootEnded failed for StrongBox as it is not available
05-28 14:27:27.646   203   241 I keystore2: system/security/keystore2/src/maintenance.rs:285 - await a change to 'apexd.status'...notified
05-28 14:27:27.646   203   241 I keystore2: system/security/keystore2/src/maintenance.rs:274 - property 'apexd.status' is now 'Ok("")'
05-28 14:27:27.646   203   241 I keystore2: system/security/keystore2/src/maintenance.rs:283 - await a change to 'apexd.status'...
05-28 14:27:27.713   203   241 I keystore2: system/security/keystore2/src/maintenance.rs:285 - await a change to 'apexd.status'...notified
05-28 14:27:27.713   203   241 I keystore2: system/security/keystore2/src/maintenance.rs:274 - property 'apexd.status' is now 'Ok("starting")'
05-28 14:27:27.713   203   241 I keystore2: system/security/keystore2/src/maintenance.rs:283 - await a change to 'apexd.status'...
05-28 14:27:28.204   203   241 I keystore2: system/security/keystore2/src/maintenance.rs:285 - await a change to 'apexd.status'...notified
05-28 14:27:28.204   203   241 I keystore2: system/security/keystore2/src/maintenance.rs:274 - property 'apexd.status' is now 'Ok("activated")'
05-28 14:27:28.212   203   241 I keystore2: system/security/keystore2/src/maintenance.rs:298 - apex modules += com.android.adbd version 360105020
05-28 14:27:28.212   203   241 I keystore2: system/security/keystore2/src/maintenance.rs:298 - apex modules += com.android.adservices version 360105000
05-28 14:27:28.212   203   241 I keystore2: system/security/keystore2/src/maintenance.rs:298 - apex modules += com.android.apex.cts.shim version 1
05-28 14:27:28.212   203   241 I keystore2: system/security/keystore2/src/maintenance.rs:298 - apex modules += com.android.appsearch version 360105020
05-28 14:27:28.212   203   241 I keystore2: system/security/keystore2/src/maintenance.rs:298 - apex modules += com.android.art version 360105020
05-28 14:27:28.212   203   241 I keystore2: system/security/keystore2/src/maintenance.rs:298 - apex modules += com.android.bt version 360105020
05-28 14:27:28.212   203   241 I keystore2: system/security/keystore2/src/maintenance.rs:298 - apex modules += com.android.cellbroadcast version 360105020
05-28 14:27:28.212   203   241 I keystore2: system/security/keystore2/src/maintenance.rs:298 - apex modules += com.android.compos version 2
05-28 14:27:28.212   203   241 I keystore2: system/security/keystore2/src/maintenance.rs:298 - apex modules += com.android.configinfrastructure version 360105020
05-28 14:27:28.212   203   241 I keystore2: system/security/keystore2/src/maintenance.rs:298 - apex modules += com.android.conscrypt version 360105020
05-28 14:27:28.212   203   241 I keystore2: system/security/keystore2/src/maintenance.rs:298 - apex modules += com.android.crashrecovery version 360105020
05-28 14:27:28.212   203   241 I keystore2: system/security/keystore2/src/maintenance.rs:298 - apex modules += com.android.devicelock version 1
05-28 14:27:28.212   203   241 I keystore2: system/security/keystore2/src/maintenance.rs:298 - apex modules += com.android.extservices version 360105023
05-28 14:27:28.212   203   241 I keystore2: system/security/keystore2/src/maintenance.rs:298 - apex modules += com.android.hardware.authsecret version 1
05-28 14:27:28.212   203   241 I keystore2: system/security/keystore2/src/maintenance.rs:298 - apex modules += com.android.hardware.cas version 1
05-28 14:27:28.212   203   241 I keystore2: system/security/keystore2/src/maintenance.rs:298 - apex modules += com.android.hardware.contexthub version 1
05-28 14:27:28.212   203   241 I keystore2: system/security/keystore2/src/maintenance.rs:298 - apex modules += com.android.hardware.dumpstate version 1
05-28 14:27:28.213   203   241 I keystore2: system/security/keystore2/src/maintenance.rs:298 - apex modules += com.android.hardware.gatekeeper version 1
05-28 14:27:28.213   203   241 I keystore2: system/security/keystore2/src/maintenance.rs:298 - apex modules += com.android.hardware.neuralnetworks version 1
05-28 14:27:28.213   203   241 I keystore2: system/security/keystore2/src/maintenance.rs:298 - apex modules += com.android.hardware.power version 1
05-28 14:27:28.213   203   241 I keystore2: system/security/keystore2/src/maintenance.rs:298 - apex modules += com.android.hardware.rebootescrow version 1
05-28 14:27:28.213   203   241 I keystore2: system/security/keystore2/src/maintenance.rs:298 - apex modules += com.android.hardware.thermal version 1
05-28 14:27:28.213   203   241 I keystore2: system/security/keystore2/src/maintenance.rs:298 - apex modules += com.android.hardware.threadnetwork version 1
05-28 14:27:28.213   203   241 I keystore2: system/security/keystore2/src/maintenance.rs:298 - apex modules += com.android.hardware.uwb version 1
05-28 14:27:28.213   203   241 I keystore2: system/security/keystore2/src/maintenance.rs:298 - apex modules += com.android.hardware.vibrator version 1
05-28 14:27:28.213   203   241 I keystore2: system/security/keystore2/src/maintenance.rs:298 - apex modules += com.android.healthfitness version 360105020
05-28 14:27:28.213   203   241 I keystore2: system/security/keystore2/src/maintenance.rs:298 - apex modules += com.android.i18n version 1
05-28 14:27:28.213   203   241 I keystore2: system/security/keystore2/src/maintenance.rs:298 - apex modules += com.android.ipsec version 360105020
05-28 14:27:28.213   203   241 I keystore2: system/security/keystore2/src/maintenance.rs:298 - apex modules += com.android.media version 360105020
05-28 14:27:28.213   203   241 I keystore2: system/security/keystore2/src/maintenance.rs:298 - apex modules += com.android.media.swcodec version 360105020
05-28 14:27:28.213   203   241 I keystore2: system/security/keystore2/src/maintenance.rs:298 - apex modules += com.android.mediaprovider version 360105020
05-28 14:27:28.213   203   241 I keystore2: system/security/keystore2/src/maintenance.rs:298 - apex modules += com.android.neuralnetworks version 360105020
05-28 14:27:28.213   203   241 I keystore2: system/security/keystore2/src/maintenance.rs:298 - apex modules += com.android.nfcservices version 360105020
05-28 14:27:28.213   203   241 I keystore2: system/security/keystore2/src/maintenance.rs:298 - apex modules += com.android.ondevicepersonalization version 360105000
05-28 14:27:28.213   203   241 I keystore2: system/security/keystore2/src/maintenance.rs:298 - apex modules += com.android.os.statsd version 360105000
05-28 14:27:28.213   203   241 I keystore2: system/security/keystore2/src/maintenance.rs:298 - apex modules += com.android.permission version 360105020
05-28 14:27:28.213   203   241 I keystore2: system/security/keystore2/src/maintenance.rs:298 - apex modules += com.android.profiling version 360105020
05-28 14:27:28.213   203   241 I keystore2: system/security/keystore2/src/maintenance.rs:298 - apex modules += com.android.resolv version 360105020
05-28 14:27:28.213   203   241 I keystore2: system/security/keystore2/src/maintenance.rs:298 - apex modules += com.android.rkpd version 360105020
05-28 14:27:28.213   203   241 I keystore2: system/security/keystore2/src/maintenance.rs:298 - apex modules += com.android.runtime version 1
05-28 14:27:28.213   203   241 I keystore2: system/security/keystore2/src/maintenance.rs:298 - apex modules += com.android.scheduling version 360105020
05-28 14:27:28.213   203   241 I keystore2: system/security/keystore2/src/maintenance.rs:298 - apex modules += com.android.sdkext version 360105020
05-28 14:27:28.213   203   241 I keystore2: system/security/keystore2/src/maintenance.rs:298 - apex modules += com.android.tethering version 360107000
05-28 14:27:28.213   203   241 I keystore2: system/security/keystore2/src/maintenance.rs:298 - apex modules += com.android.tzdata version 360105000
05-28 14:27:28.213   203   241 I keystore2: system/security/keystore2/src/maintenance.rs:298 - apex modules += com.android.uprobestats version 360105020
05-28 14:27:28.213   203   241 I keystore2: system/security/keystore2/src/maintenance.rs:298 - apex modules += com.android.uwb version 360105020
05-28 14:27:28.213   203   241 I keystore2: system/security/keystore2/src/maintenance.rs:298 - apex modules += com.android.virt version 2
05-28 14:27:28.213   203   241 I keystore2: system/security/keystore2/src/maintenance.rs:298 - apex modules += com.android.wifi version 360105020
05-28 14:27:28.213   203   241 I keystore2: system/security/keystore2/src/maintenance.rs:298 - apex modules += com.google.android.widevine version 190240725
05-28 14:27:28.213   203   241 I keystore2: system/security/keystore2/src/maintenance.rs:298 - apex modules += com.google.mainline.primary.libs version 1
05-28 14:27:28.213   203   241 I keystore2: system/security/keystore2/src/maintenance.rs:470 - set_module_info with 50 modules
05-28 14:27:28.214   203   241 I keystore2: system/security/keystore2/src/maintenance.rs:214 - Call to setAdditionalAttestationInfo succeeded for security level TRUSTED_ENVIRONMENT.
05-28 14:27:28.216   176   176 I hwservicemanager: getTransport: Cannot find entry android.hardware.keymaster@4.0::IKeymasterDevice/default in either framework or device VINTF manifest.
05-28 14:27:28.217   176   176 I hwservicemanager: getTransport: Cannot find entry android.hardware.keymaster@3.0::IKeymasterDevice/default in either framework or device VINTF manifest.
05-28 14:27:28.217   203   241 I keystore2: system/security/keystore2/src/maintenance.rs:224 - Call to setAdditionalAttestationInfo failed for StrongBox as it is not available
05-28 14:27:28.345   388   388 I aconfigd_system: main: starting aconfigd_system commands.
05-28 14:27:28.345   388   388 I aconfigd_system: main: aconfigd_mainline is enabled, skipping mainline init
05-28 14:27:28.361   389   389 I aconfigd_system: main: starting aconfigd_system commands.
05-28 14:27:28.362   389   389 I aconfigd_system: main: aconfigd_system is build-disabled, exiting
05-28 14:27:28.556   390   390 I aconfigd_mainline: main: starting aconfigd_mainline commands.
05-28 14:27:28.565   390   390 D aconfigd_mainline: aconfigd_rust::aconfigd: remove boot storage files for container com.android.ipsec
05-28 14:27:28.565   390   390 D aconfigd_mainline: aconfigd_rust::aconfigd: remove boot storage files for container com.android.i18n
05-28 14:27:28.565   390   390 D aconfigd_mainline: aconfigd_rust::aconfigd: remove boot storage files for container com.android.media
05-28 14:27:28.566   390   390 D aconfigd_mainline: aconfigd_rust::aconfigd: remove boot storage files for container com.android.tethering
05-28 14:27:28.566   390   390 D aconfigd_mainline: aconfigd_rust::aconfigd: remove boot storage files for container com.android.cellbroadcast
05-28 14:27:28.566   390   390 D aconfigd_mainline: aconfigd_rust::aconfigd: remove boot storage files for container com.android.os.statsd
05-28 14:27:28.566   390   390 D aconfigd_mainline: aconfigd_rust::aconfigd: remove boot storage files for container com.android.conscrypt
05-28 14:27:28.566   390   390 D aconfigd_mainline: aconfigd_rust::aconfigd: remove boot storage files for container com.android.healthfitness
05-28 14:27:28.566   390   390 D aconfigd_mainline: aconfigd_rust::aconfigd: remove boot storage files for container com.android.wifi
05-28 14:27:28.566   390   390 D aconfigd_mainline: aconfigd_rust::aconfigd: remove boot storage files for container com.android.art
05-28 14:27:28.566   390   390 D aconfigd_mainline: aconfigd_rust::aconfigd: remove boot storage files for container com.android.configinfrastructure
05-28 14:27:28.566   390   390 D aconfigd_mainline: aconfigd_rust::aconfigd: remove boot storage files for container com.android.adservices
05-28 14:27:28.566   390   390 D aconfigd_mainline: aconfigd_rust::aconfigd: remove boot storage files for container com.android.mediaprovider
05-28 14:27:28.566   390   390 D aconfigd_mainline: aconfigd_rust::aconfigd: remove boot storage files for container com.android.permission
05-28 14:27:28.566   390   390 D aconfigd_mainline: aconfigd_rust::aconfigd: remove boot storage files for container com.android.media.swcodec
05-28 14:27:28.566   390   390 D aconfigd_mainline: aconfigd_rust::aconfigd: remove boot storage files for container com.android.profiling
05-28 14:27:28.566   390   390 D aconfigd_mainline: aconfigd_rust::aconfigd: remove boot storage files for container com.android.devicelock
05-28 14:27:28.566   390   390 D aconfigd_mainline: aconfigd_rust::aconfigd: remove boot storage files for container com.android.bt
05-28 14:27:28.566   390   390 D aconfigd_mainline: aconfigd_rust::aconfigd: remove boot storage files for container com.android.virt
05-28 14:27:28.566   390   390 D aconfigd_mainline: aconfigd_rust::aconfigd: remove boot storage files for container com.android.uprobestats
05-28 14:27:28.567   390   390 D aconfigd_mainline: aconfigd_rust::aconfigd: remove boot storage files for container com.android.ondevicepersonalization
05-28 14:27:28.567   390   390 D aconfigd_mainline: aconfigd_rust::aconfigd: remove boot storage files for container com.android.uwb
05-28 14:27:28.567   390   390 D aconfigd_mainline: aconfigd_rust::aconfigd: remove boot storage files for container com.android.appsearch
05-28 14:27:28.567   390   390 D aconfigd_mainline: aconfigd_rust::storage_files: create com.android.ipsec storage files object from pb entry
05-28 14:27:28.567   390   390 D aconfigd_mainline: aconfigd_rust::storage_files: create com.android.i18n storage files object from pb entry
05-28 14:27:28.567   390   390 D aconfigd_mainline: aconfigd_rust::storage_files: create com.android.media storage files object from pb entry
05-28 14:27:28.567   390   390 D aconfigd_mainline: aconfigd_rust::storage_files: create com.android.tethering storage files object from pb entry
05-28 14:27:28.567   390   390 D aconfigd_mainline: aconfigd_rust::storage_files: create com.android.cellbroadcast storage files object from pb entry
05-28 14:27:28.567   390   390 D aconfigd_mainline: aconfigd_rust::storage_files: create com.android.os.statsd storage files object from pb entry
05-28 14:27:28.567   390   390 D aconfigd_mainline: aconfigd_rust::storage_files: create com.android.conscrypt storage files object from pb entry
05-28 14:27:28.567   390   390 D aconfigd_mainline: aconfigd_rust::storage_files: create com.android.healthfitness storage files object from pb entry
05-28 14:27:28.567   390   390 D aconfigd_mainline: aconfigd_rust::storage_files: create com.android.wifi storage files object from pb entry
05-28 14:27:28.567   390   390 D aconfigd_mainline: aconfigd_rust::storage_files: create com.android.art storage files object from pb entry
05-28 14:27:28.567   390   390 D aconfigd_mainline: aconfigd_rust::storage_files: create com.android.configinfrastructure storage files object from pb entry
05-28 14:27:28.567   390   390 D aconfigd_mainline: aconfigd_rust::storage_files: create com.android.adservices storage files object from pb entry
05-28 14:27:28.567   390   390 D aconfigd_mainline: aconfigd_rust::storage_files: create com.android.mediaprovider storage files object from pb entry
05-28 14:27:28.567   390   390 D aconfigd_mainline: aconfigd_rust::storage_files: create com.android.permission storage files object from pb entry
05-28 14:27:28.567   390   390 D aconfigd_mainline: aconfigd_rust::storage_files: create com.android.media.swcodec storage files object from pb entry
05-28 14:27:28.568   390   390 D aconfigd_mainline: aconfigd_rust::storage_files: create com.android.profiling storage files object from pb entry
05-28 14:27:28.568   390   390 D aconfigd_mainline: aconfigd_rust::storage_files: create com.android.devicelock storage files object from pb entry
05-28 14:27:28.568   390   390 D aconfigd_mainline: aconfigd_rust::storage_files: create com.android.bt storage files object from pb entry
05-28 14:27:28.568   390   390 D aconfigd_mainline: aconfigd_rust::storage_files: create com.android.virt storage files object from pb entry
05-28 14:27:28.568   390   390 D aconfigd_mainline: aconfigd_rust::storage_files: create com.android.uprobestats storage files object from pb entry
05-28 14:27:28.568   390   390 D aconfigd_mainline: aconfigd_rust::storage_files: create com.android.ondevicepersonalization storage files object from pb entry
05-28 14:27:28.568   390   390 D aconfigd_mainline: aconfigd_rust::storage_files: create com.android.uwb storage files object from pb entry
05-28 14:27:28.568   390   390 D aconfigd_mainline: aconfigd_rust::storage_files: create com.android.appsearch storage files object from pb entry
05-28 14:27:28.568   390   390 D aconfigd_mainline: aconfigd_rust::aconfigd: start initialize com.android.hardware.power flags
05-28 14:27:28.568   390   390 D aconfigd_mainline: aconfigd_rust::aconfigd: start initialize com.android.hardware.threadnetwork flags
05-28 14:27:28.568   390   390 D aconfigd_mainline: aconfigd_rust::aconfigd: start initialize com.android.hardware.uwb flags
05-28 14:27:28.568   390   390 D aconfigd_mainline: aconfigd_rust::aconfigd: start initialize com.android.ondevicepersonalization flags
05-28 14:27:28.573   390   390 D aconfigd_mainline: aconfigd_rust::storage_files_manager: no need to update com.android.ondevicepersonalization, computed digest matches with record
05-28 14:27:28.573   390   390 D aconfigd_mainline: aconfigd_rust::storage_files_manager: writing updated storage records /metadata/aconfig/mainline_storage_records.pb
05-28 14:27:28.577   390   390 D aconfigd_mainline: aconfigd_rust::storage_files: apply staged server overrides for container com.android.ondevicepersonalization
05-28 14:27:28.582   390   390 D aconfigd_mainline: aconfigd_rust::storage_files: apply staged local overrides for container com.android.ondevicepersonalization
05-28 14:27:28.582   390   390 D aconfigd_mainline: aconfigd_rust::aconfigd: start initialize com.android.hardware.cas flags
05-28 14:27:28.582   390   390 D aconfigd_mainline: aconfigd_rust::aconfigd: start initialize com.android.mediaprovider flags
05-28 14:27:28.586   390   390 D aconfigd_mainline: aconfigd_rust::storage_files_manager: no need to update com.android.mediaprovider, computed digest matches with record
05-28 14:27:28.586   390   390 D aconfigd_mainline: aconfigd_rust::storage_files_manager: writing updated storage records /metadata/aconfig/mainline_storage_records.pb
05-28 14:27:28.586   390   390 D aconfigd_mainline: aconfigd_rust::storage_files: apply staged server overrides for container com.android.mediaprovider
05-28 14:27:28.590   390   390 D aconfigd_mainline: aconfigd_rust::storage_files: apply staged local overrides for container com.android.mediaprovider
05-28 14:27:28.590   390   390 D aconfigd_mainline: aconfigd_rust::aconfigd: start initialize com.android.hardware.neuralnetworks flags
05-28 14:27:28.590   390   390 D aconfigd_mainline: aconfigd_rust::aconfigd: start initialize com.android.devicelock flags
05-28 14:27:28.592   390   390 D aconfigd_mainline: aconfigd_rust::storage_files_manager: no need to update com.android.devicelock, computed digest matches with record
05-28 14:27:28.592   390   390 D aconfigd_mainline: aconfigd_rust::storage_files_manager: writing updated storage records /metadata/aconfig/mainline_storage_records.pb
05-28 14:27:28.592   390   390 D aconfigd_mainline: aconfigd_rust::storage_files: apply staged server overrides for container com.android.devicelock
05-28 14:27:28.596   390   390 D aconfigd_mainline: aconfigd_rust::storage_files: apply staged local overrides for container com.android.devicelock
05-28 14:27:28.596   390   390 D aconfigd_mainline: aconfigd_rust::aconfigd: start initialize com.android.apex.cts.shim flags
05-28 14:27:28.596   390   390 D aconfigd_mainline: aconfigd_rust::aconfigd: start initialize com.android.healthfitness flags
05-28 14:27:28.600   390   390 D aconfigd_mainline: aconfigd_rust::storage_files_manager: no need to update com.android.healthfitness, computed digest matches with record
05-28 14:27:28.600   390   390 D aconfigd_mainline: aconfigd_rust::storage_files_manager: writing updated storage records /metadata/aconfig/mainline_storage_records.pb
05-28 14:27:28.600   390   390 D aconfigd_mainline: aconfigd_rust::storage_files: apply staged server overrides for container com.android.healthfitness
05-28 14:27:28.605   390   390 D aconfigd_mainline: aconfigd_rust::storage_files: apply staged local overrides for container com.android.healthfitness
05-28 14:27:28.605   390   390 D aconfigd_mainline: aconfigd_rust::aconfigd: start initialize com.android.hardware.authsecret flags
05-28 14:27:28.605   390   390 D aconfigd_mainline: aconfigd_rust::aconfigd: start initialize com.android.i18n flags
05-28 14:27:28.607   390   390 D aconfigd_mainline: aconfigd_rust::storage_files_manager: no need to update com.android.i18n, computed digest matches with record
05-28 14:27:28.607   390   390 D aconfigd_mainline: aconfigd_rust::storage_files_manager: writing updated storage records /metadata/aconfig/mainline_storage_records.pb
05-28 14:27:28.607   390   390 D aconfigd_mainline: aconfigd_rust::storage_files: apply staged server overrides for container com.android.i18n
05-28 14:27:28.611   390   390 D aconfigd_mainline: aconfigd_rust::storage_files: apply staged local overrides for container com.android.i18n
05-28 14:27:28.611   390   390 D aconfigd_mainline: aconfigd_rust::aconfigd: start initialize com.android.tzdata flags
05-28 14:27:28.611   390   390 D aconfigd_mainline: aconfigd_rust::aconfigd: start initialize com.google.android.widevine flags
05-28 14:27:28.611   390   390 D aconfigd_mainline: aconfigd_rust::aconfigd: start initialize com.android.compos flags
05-28 14:27:28.611   390   390 D aconfigd_mainline: aconfigd_rust::aconfigd: start initialize com.android.hardware.rebootescrow flags
05-28 14:27:28.611   390   390 D aconfigd_mainline: aconfigd_rust::aconfigd: start initialize com.android.hardware.vibrator flags
05-28 14:27:28.612   390   390 D aconfigd_mainline: aconfigd_rust::aconfigd: start initialize com.android.hardware.gatekeeper flags
05-28 14:27:28.612   390   390 D aconfigd_mainline: aconfigd_rust::aconfigd: start initialize com.google.mainline.primary.libs flags
05-28 14:27:28.612   390   390 D aconfigd_mainline: aconfigd_rust::aconfigd: start initialize com.android.virt flags
05-28 14:27:28.614   390   390 D aconfigd_mainline: aconfigd_rust::storage_files_manager: no need to update com.android.virt, computed digest matches with record
05-28 14:27:28.614   390   390 D aconfigd_mainline: aconfigd_rust::storage_files_manager: writing updated storage records /metadata/aconfig/mainline_storage_records.pb
05-28 14:27:28.614   390   390 D aconfigd_mainline: aconfigd_rust::storage_files: apply staged server overrides for container com.android.virt
05-28 14:27:28.619   390   390 D aconfigd_mainline: aconfigd_rust::storage_files: apply staged local overrides for container com.android.virt
05-28 14:27:28.619   390   390 D aconfigd_mainline: aconfigd_rust::aconfigd: start initialize com.android.runtime flags
05-28 14:27:28.619   390   390 D aconfigd_mainline: aconfigd_rust::aconfigd: start initialize com.android.hardware.thermal flags
05-28 14:27:28.619   390   390 D aconfigd_mainline: aconfigd_rust::aconfigd: start initialize com.android.crashrecovery flags
05-28 14:27:28.619   390   390 D aconfigd_mainline: aconfigd_rust::aconfigd: start initialize com.android.bt flags
05-28 14:27:28.625   390   390 D aconfigd_mainline: aconfigd_rust::storage_files_manager: no need to update com.android.bt, computed digest matches with record
05-28 14:27:28.625   390   390 D aconfigd_mainline: aconfigd_rust::storage_files_manager: writing updated storage records /metadata/aconfig/mainline_storage_records.pb
05-28 14:27:28.625   390   390 D aconfigd_mainline: aconfigd_rust::storage_files: apply staged server overrides for container com.android.bt
05-28 14:27:28.631   390   390 D aconfigd_mainline: aconfigd_rust::storage_files: apply staged local overrides for container com.android.bt
05-28 14:27:28.631   390   390 D aconfigd_mainline: aconfigd_rust::aconfigd: start initialize com.android.rkpd flags
05-28 14:27:28.631   390   390 D aconfigd_mainline: aconfigd_rust::aconfigd: start initialize com.android.configinfrastructure flags
05-28 14:27:28.633   390   390 D aconfigd_mainline: aconfigd_rust::storage_files_manager: no need to update com.android.configinfrastructure, computed digest matches with record
05-28 14:27:28.633   390   390 D aconfigd_mainline: aconfigd_rust::storage_files_manager: writing updated storage records /metadata/aconfig/mainline_storage_records.pb
05-28 14:27:28.634   390   390 D aconfigd_mainline: aconfigd_rust::storage_files: apply staged server overrides for container com.android.configinfrastructure
05-28 14:27:28.638   390   390 D aconfigd_mainline: aconfigd_rust::storage_files: apply staged local overrides for container com.android.configinfrastructure
05-28 14:27:28.638   390   390 D aconfigd_mainline: aconfigd_rust::aconfigd: start initialize com.android.art flags
05-28 14:27:28.642   390   390 D aconfigd_mainline: aconfigd_rust::storage_files_manager: no need to update com.android.art, computed digest matches with record
05-28 14:27:28.642   390   390 D aconfigd_mainline: aconfigd_rust::storage_files_manager: writing updated storage records /metadata/aconfig/mainline_storage_records.pb
05-28 14:27:28.642   390   390 D aconfigd_mainline: aconfigd_rust::storage_files: apply staged server overrides for container com.android.art
05-28 14:27:28.647   390   390 D aconfigd_mainline: aconfigd_rust::storage_files: apply staged local overrides for container com.android.art
05-28 14:27:28.647   390   390 D aconfigd_mainline: aconfigd_rust::aconfigd: start initialize com.android.uprobestats flags
05-28 14:27:28.652   390   390 D aconfigd_mainline: aconfigd_rust::storage_files_manager: no need to update com.android.uprobestats, computed digest matches with record
05-28 14:27:28.652   390   390 D aconfigd_mainline: aconfigd_rust::storage_files_manager: writing updated storage records /metadata/aconfig/mainline_storage_records.pb
05-28 14:27:28.652   390   390 D aconfigd_mainline: aconfigd_rust::storage_files: apply staged server overrides for container com.android.uprobestats
05-28 14:27:28.657   390   390 D aconfigd_mainline: aconfigd_rust::storage_files: apply staged local overrides for container com.android.uprobestats
05-28 14:27:28.657   390   390 D aconfigd_mainline: aconfigd_rust::aconfigd: start initialize com.android.adbd flags
05-28 14:27:28.657   390   390 D aconfigd_mainline: aconfigd_rust::aconfigd: start initialize com.android.appsearch flags
05-28 14:27:28.661   390   390 D aconfigd_mainline: aconfigd_rust::storage_files_manager: no need to update com.android.appsearch, computed digest matches with record
05-28 14:27:28.661   390   390 D aconfigd_mainline: aconfigd_rust::storage_files_manager: writing updated storage records /metadata/aconfig/mainline_storage_records.pb
05-28 14:27:28.661   390   390 D aconfigd_mainline: aconfigd_rust::storage_files: apply staged server overrides for container com.android.appsearch
05-28 14:27:28.666   390   390 D aconfigd_mainline: aconfigd_rust::storage_files: apply staged local overrides for container com.android.appsearch
05-28 14:27:28.666   390   390 D aconfigd_mainline: aconfigd_rust::aconfigd: start initialize com.android.permission flags
05-28 14:27:28.669   390   390 D aconfigd_mainline: aconfigd_rust::storage_files_manager: no need to update com.android.permission, computed digest matches with record
05-28 14:27:28.669   390   390 D aconfigd_mainline: aconfigd_rust::storage_files_manager: writing updated storage records /metadata/aconfig/mainline_storage_records.pb
05-28 14:27:28.669   390   390 D aconfigd_mainline: aconfigd_rust::storage_files: apply staged server overrides for container com.android.permission
05-28 14:27:28.674   390   390 D aconfigd_mainline: aconfigd_rust::storage_files: apply staged local overrides for container com.android.permission
05-28 14:27:28.674   390   390 D aconfigd_mainline: aconfigd_rust::aconfigd: start initialize com.android.profiling flags
05-28 14:27:28.678   390   390 D aconfigd_mainline: aconfigd_rust::storage_files_manager: no need to update com.android.profiling, computed digest matches with record
05-28 14:27:28.678   390   390 D aconfigd_mainline: aconfigd_rust::storage_files_manager: writing updated storage records /metadata/aconfig/mainline_storage_records.pb
05-28 14:27:28.678   390   390 D aconfigd_mainline: aconfigd_rust::storage_files: apply staged server overrides for container com.android.profiling
05-28 14:27:28.683   390   390 D aconfigd_mainline: aconfigd_rust::storage_files: apply staged local overrides for container com.android.profiling
05-28 14:27:28.683   390   390 D aconfigd_mainline: aconfigd_rust::aconfigd: start initialize com.android.media.swcodec flags
05-28 14:27:28.684   390   390 D aconfigd_mainline: aconfigd_rust::storage_files_manager: no need to update com.android.media.swcodec, computed digest matches with record
05-28 14:27:28.684   390   390 D aconfigd_mainline: aconfigd_rust::storage_files_manager: writing updated storage records /metadata/aconfig/mainline_storage_records.pb
05-28 14:27:28.684   390   390 D aconfigd_mainline: aconfigd_rust::storage_files: apply staged server overrides for container com.android.media.swcodec
05-28 14:27:28.690   390   390 D aconfigd_mainline: aconfigd_rust::storage_files: apply staged local overrides for container com.android.media.swcodec
05-28 14:27:28.690   390   390 D aconfigd_mainline: aconfigd_rust::aconfigd: start initialize com.android.adservices flags
05-28 14:27:28.694   390   390 D aconfigd_mainline: aconfigd_rust::storage_files_manager: no need to update com.android.adservices, computed digest matches with record
05-28 14:27:28.694   390   390 D aconfigd_mainline: aconfigd_rust::storage_files_manager: writing updated storage records /metadata/aconfig/mainline_storage_records.pb
05-28 14:27:28.694   390   390 D aconfigd_mainline: aconfigd_rust::storage_files: apply staged server overrides for container com.android.adservices
05-28 14:27:28.699   390   390 D aconfigd_mainline: aconfigd_rust::storage_files: apply staged local overrides for container com.android.adservices
05-28 14:27:28.699   390   390 D aconfigd_mainline: aconfigd_rust::aconfigd: start initialize com.android.uwb flags
05-28 14:27:28.702   390   390 D aconfigd_mainline: aconfigd_rust::storage_files_manager: no need to update com.android.uwb, computed digest matches with record
05-28 14:27:28.702   390   390 D aconfigd_mainline: aconfigd_rust::storage_files_manager: writing updated storage records /metadata/aconfig/mainline_storage_records.pb
05-28 14:27:28.702   390   390 D aconfigd_mainline: aconfigd_rust::storage_files: apply staged server overrides for container com.android.uwb
05-28 14:27:28.707   390   390 D aconfigd_mainline: aconfigd_rust::storage_files: apply staged local overrides for container com.android.uwb
05-28 14:27:28.707   390   390 D aconfigd_mainline: aconfigd_rust::aconfigd: start initialize com.android.hardware.dumpstate flags
05-28 14:27:28.707   390   390 D aconfigd_mainline: aconfigd_rust::aconfigd: start initialize com.android.neuralnetworks flags
05-28 14:27:28.707   390   390 D aconfigd_mainline: aconfigd_rust::aconfigd: start initialize com.android.ipsec flags
05-28 14:27:28.710   390   390 D aconfigd_mainline: aconfigd_rust::storage_files_manager: no need to update com.android.ipsec, computed digest matches with record
05-28 14:27:28.710   390   390 D aconfigd_mainline: aconfigd_rust::storage_files_manager: writing updated storage records /metadata/aconfig/mainline_storage_records.pb
05-28 14:27:28.710   390   390 D aconfigd_mainline: aconfigd_rust::storage_files: apply staged server overrides for container com.android.ipsec
05-28 14:27:28.715   390   390 D aconfigd_mainline: aconfigd_rust::storage_files: apply staged local overrides for container com.android.ipsec
05-28 14:27:28.715   390   390 D aconfigd_mainline: aconfigd_rust::aconfigd: start initialize com.android.cellbroadcast flags
05-28 14:27:28.719   390   390 D aconfigd_mainline: aconfigd_rust::storage_files_manager: no need to update com.android.cellbroadcast, computed digest matches with record
05-28 14:27:28.719   390   390 D aconfigd_mainline: aconfigd_rust::storage_files_manager: writing updated storage records /metadata/aconfig/mainline_storage_records.pb
05-28 14:27:28.719   390   390 D aconfigd_mainline: aconfigd_rust::storage_files: apply staged server overrides for container com.android.cellbroadcast
05-28 14:27:28.724   390   390 D aconfigd_mainline: aconfigd_rust::storage_files: apply staged local overrides for container com.android.cellbroadcast
05-28 14:27:28.724   390   390 D aconfigd_mainline: aconfigd_rust::aconfigd: start initialize com.android.extservices flags
05-28 14:27:28.724   390   390 D aconfigd_mainline: aconfigd_rust::aconfigd: start initialize com.android.conscrypt flags
05-28 14:27:28.728   390   390 D aconfigd_mainline: aconfigd_rust::storage_files_manager: no need to update com.android.conscrypt, computed digest matches with record
05-28 14:27:28.728   390   390 D aconfigd_mainline: aconfigd_rust::storage_files_manager: writing updated storage records /metadata/aconfig/mainline_storage_records.pb
05-28 14:27:28.728   390   390 D aconfigd_mainline: aconfigd_rust::storage_files: apply staged server overrides for container com.android.conscrypt
05-28 14:27:28.733   390   390 D aconfigd_mainline: aconfigd_rust::storage_files: apply staged local overrides for container com.android.conscrypt
05-28 14:27:28.733   390   390 D aconfigd_mainline: aconfigd_rust::aconfigd: start initialize com.android.resolv flags
05-28 14:27:28.733   390   390 D aconfigd_mainline: aconfigd_rust::aconfigd: start initialize com.android.scheduling flags
