05-13 11:31:28.262   585   617 I SystemConfig: Adding association: com.google.android.as <- com.android.bluetooth
05-13 11:31:28.262   585   617 I SystemConfig: Adding association: com.google.android.as <- com.android.bluetooth.services
05-13 11:31:28.262   585   617 I SystemConfig: Adding association: com.google.android.as <- com.android.providers.contacts
05-13 11:31:28.262   585   617 I SystemConfig: Adding association: com.google.android.as <- com.android.providers.media
05-13 11:31:28.262   585   617 I SystemConfig: Adding association: com.google.android.as <- com.android.providers.telephony
05-13 11:31:28.262   585   617 I SystemConfig: Adding association: com.google.android.as <- com.android.systemui
05-13 11:31:28.262   585   617 I SystemConfig: Adding association: com.google.android.as <- com.google.android.bluetooth
05-13 11:31:28.262   585   617 I SystemConfig: Adding association: com.google.android.as <- com.google.android.bluetooth.services
05-13 11:31:28.262   585   617 I SystemConfig: Adding association: com.google.android.as <- com.google.android.providers.media.module
05-13 11:31:28.262   585   617 I SystemConfig: Adding association: com.google.android.as <- com.google.android.as.oss
05-13 11:31:28.262   585   617 I SystemConfig: Adding association: com.google.android.as.oss <- com.google.android.as
05-13 11:31:28.262   585   617 I SystemConfig: Adding association: com.google.android.as.oss <- com.google.android.aicore
05-13 11:31:28.262   585   617 I SystemConfig: Adding association: com.google.android.as.oss <- com.google.android.apps.nexuslauncher
05-13 11:31:28.262   585   585 D CompatConfig: Found a config file: /apex/com.android.tethering/etc/compatconfig/connectivity-platform-compat-config.xml
05-13 11:31:28.262   585   617 W SystemConfig: Tag automatic-rollback-denylisted-app is unknown in /product/etc/sysconfig/google.xml at START_TAG (empty) <automatic-rollback-denylisted-app package='com.android.vending'>@145:72 in java.io.FileReader@e52b771
05-13 11:31:28.262   585   617 W SystemConfig: Tag automatic-rollback-denylisted-app is unknown in /product/etc/sysconfig/google.xml at START_TAG (empty) <automatic-rollback-denylisted-app package='com.google.android.gms'>@146:75 in java.io.FileReader@e52b771
05-13 11:31:28.262   585   585 D CompatConfig: Adding: com.android.server.compat.config.Change@f82b956
05-13 11:31:28.262   585   585 D CompatConfig: Adding: com.android.server.compat.config.Change@da54dd7
05-13 11:31:28.262   585   585 D CompatConfig: Adding: com.android.server.compat.config.Change@863d6c4
05-13 11:31:28.262   585   585 D CompatConfig: Adding: com.android.server.compat.config.Change@d8a59ad
05-13 11:31:28.262   585   585 D CompatConfig: Adding: com.android.server.compat.config.Change@40914e2
05-13 11:31:28.262   585   585 D CompatConfig: Adding: com.android.server.compat.config.Change@506f073
05-13 11:31:28.262   585   585 D CompatConfig: Adding: com.android.server.compat.config.Change@d299b30
05-13 11:31:28.262   585   585 D CompatConfig: No directory /apex/com.android.media/etc/compatconfig, skipping
05-13 11:31:28.262   585   585 D CompatConfig: No directory /apex/com.android.conscrypt/etc/compatconfig, skipping
05-13 11:31:28.262   585   585 D CompatConfig: No directory /apex/com.android.hardware.cas/etc/compatconfig, skipping
05-13 11:31:28.262   585   585 D CompatConfig: No directory /apex/com.android.configinfrastructure/etc/compatconfig, skipping
05-13 11:31:28.262   585   585 D CompatConfig: No directory /apex/com.android.devicelock/etc/compatconfig, skipping
05-13 11:31:28.262   585   585 D CompatConfig: No directory /apex/com.android.hardware.rebootescrow/etc/compatconfig, skipping
05-13 11:31:28.262   585   585 D CompatConfig: No directory /apex/com.android.i18n/etc/compatconfig, skipping
05-13 11:31:28.262   585   585 D CompatConfig: No directory /apex/com.android.tzdata/etc/compatconfig, skipping
05-13 11:31:28.262   585   585 D CompatConfig: No directory /apex/com.android.hardware.authsecret/etc/compatconfig, skipping
05-13 11:31:28.262   585   585 D CompatConfig: No directory /apex/com.android.uwb/etc/compatconfig, skipping
05-13 11:31:28.262   585   585 D CompatConfig: No directory /apex/com.android.ipsec/etc/compatconfig, skipping
05-13 11:31:28.262   585   617 I SystemConfig: Reading permissions from /product/etc/sysconfig/google_build.xml
05-13 11:31:28.262   585   585 D CompatConfig: No directory /apex/com.android.media.swcodec/etc/compatconfig, skipping
05-13 11:31:28.262   585   585 D CompatConfig: No directory /apex/com.android.appsearch/etc/compatconfig, skipping
05-13 11:31:28.262   585   585 D CompatConfig: No directory /apex/com.android.adbd/etc/compatconfig, skipping
05-13 11:31:28.263   585   585 D CompatConfig: Found a config file: /apex/com.android.wifi/etc/compatconfig/wifi-compat-config.xml
05-13 11:31:28.263   585   617 I SystemConfig: Reading permissions from /product/etc/sysconfig/initial-package-stopped-states-aosp.xml
05-13 11:31:28.263   585   617 I SystemConfig: Reading permissions from /product/etc/sysconfig/personal-safety.xml
05-13 11:31:28.263   585   617 I SystemConfig: Reading permissions from /product/etc/sysconfig/preinstalled-packages-platform-aosp-product.xml
05-13 11:31:28.263   585   585 D CompatConfig: Adding: com.android.server.compat.config.Change@945e3a
05-13 11:31:28.263   585   585 D CompatConfig: Adding: com.android.server.compat.config.Change@619a048
05-13 11:31:28.263   585   585 D CompatConfig: Adding: com.android.server.compat.config.Change@76f5ee1
05-13 11:31:28.263   585   617 I SystemConfig: Reading permissions from /product/etc/sysconfig/preinstalled-packages-platform-handheld-product.xml
05-13 11:31:28.263   585   617 I SystemConfig: Reading permissions from /product/etc/sysconfig/preinstalled-packages-platform-overlays.xml
05-13 11:31:28.263   585   585 D CompatConfig: No directory /apex/com.google.android.widevine/etc/compatconfig, skipping
05-13 11:31:28.263   585   585 D CompatConfig: Found a config file: /apex/com.android.mediaprovider/etc/compatconfig/framework-pdf-v-platform-compat-config.xml
05-13 11:31:28.263   585   617 I SystemConfig: Reading permissions from /product/etc/sysconfig/preinstalled-packages-platform-telephony-product.xml
05-13 11:31:28.263   585   617 I SystemConfig: Reading permissions from /product/etc/sysconfig/wellbeing.xml
05-13 11:31:28.263   585   585 D CompatConfig: Adding: com.android.server.compat.config.Change@c22081d
05-13 11:31:28.264   585   585 D CompatConfig: Found a config file: /apex/com.android.mediaprovider/etc/compatconfig/media-provider-platform-compat-config.xml
05-13 11:31:28.264   585   617 I SystemConfig: Reading permissions from /product/etc/permissions/android.hardware.telephony.euicc.xml
05-13 11:31:28.264   585   585 D CompatConfig: Adding: com.android.server.compat.config.Change@d5c0919
05-13 11:31:28.264   585   585 D CompatConfig: Adding: com.android.server.compat.config.Change@d4badde
05-13 11:31:28.264   585   585 D CompatConfig: Adding: com.android.server.compat.config.Change@fe6dbbf
05-13 11:31:28.264   585   585 D CompatConfig: Adding: com.android.server.compat.config.Change@f9f28c
05-13 11:31:28.264   585   585 D CompatConfig: Adding: com.android.server.compat.config.Change@69b1dd5
05-13 11:31:28.264   585   585 D CompatConfig: Adding: com.android.server.compat.config.Change@ae0c9ea
05-13 11:31:28.264   585   585 D CompatConfig: Adding: com.android.server.compat.config.Change@43774db
05-13 11:31:28.264   585   617 I SystemConfig: Reading permissions from /product/etc/permissions/android.software.verified_boot.xml
05-13 11:31:28.264   585   617 I SystemConfig: Reading permissions from /product/etc/permissions/com.android.imsserviceentitlement.xml
05-13 11:31:28.264   585   585 D CompatConfig: No directory /apex/com.android.runtime/etc/compatconfig, skipping
05-13 11:31:28.264   585   585 D CompatConfig: No directory /apex/com.android.nfcservices/etc/compatconfig, skipping
05-13 11:31:28.264   585   617 I SystemConfig: Reading permissions from /product/etc/permissions/com.google.android.dialer.support.xml
05-13 11:31:28.264   585   585 D CompatConfig: No directory /apex/com.android.adservices/etc/compatconfig, skipping
05-13 11:31:28.264   585   617 I SystemConfig: Reading permissions from /product/etc/permissions/com.google.android.odad.xml
05-13 11:31:28.264   585   617 I SystemConfig: Reading permissions from /product/etc/permissions/privapp-permissions-goldfish.xml
05-13 11:31:28.264   585   585 D CompatConfig: Found a config file: /apex/com.android.btservices/etc/compatconfig/bluetoothapk-platform-compat-config.xml
05-13 11:31:28.264   585   617 I SystemConfig: Reading permissions from /product/etc/permissions/privapp-permissions-google-p.xml
05-13 11:31:28.264   585   585 D CompatConfig: Adding: com.android.server.compat.config.Change@d1da453
05-13 11:31:28.264   585   585 D CompatConfig: Found a config file: /apex/com.android.btservices/etc/compatconfig/bluetooth-compat-config.xml
05-13 11:31:28.265   585   585 D CompatConfig: Adding: com.android.server.compat.config.Change@c646a89
05-13 11:31:28.265   585   585 D CompatConfig: Found a config file: /apex/com.android.btservices/etc/compatconfig/framework-bluetooth-compat-config.xml
05-13 11:31:28.265   585   585 D CompatConfig: Adding: com.android.server.compat.config.Change@dd432af
05-13 11:31:28.265   585   585 D CompatConfig: No directory /apex/com.android.extservices/etc/compatconfig, skipping
05-13 11:31:28.265   585   585 D CompatConfig: No directory /apex/com.android.cellbroadcast/etc/compatconfig, skipping
05-13 11:31:28.265   585   585 D CompatConfig: No directory /apex/com.android.os.statsd/etc/compatconfig, skipping
05-13 11:31:28.265   585   585 D CompatConfig: No directory /apex/com.android.rkpd/etc/compatconfig, skipping
05-13 11:31:28.265   585   585 D CompatConfig: No directory /apex/com.android.profiling/etc/compatconfig, skipping
05-13 11:31:28.265   585   585 D CompatConfig: No directory /apex/com.google.mainline.primary.libs/etc/compatconfig, skipping
05-13 11:31:28.265   585   585 D CompatConfig: No directory /apex/com.android.sdkext/etc/compatconfig, skipping
05-13 11:31:28.265   585   585 D CompatConfig: No directory /apex/com.android.apex.cts.shim/etc/compatconfig, skipping
05-13 11:31:28.265   585   585 D CompatConfig: No directory /apex/com.android.scheduling/etc/compatconfig, skipping
05-13 11:31:28.265   585   585 D CompatConfig: No directory /apex/com.android.hardware.neuralnetworks/etc/compatconfig, skipping
05-13 11:31:28.265   585   585 D CompatConfig: No directory /apex/com.android.resolv/etc/compatconfig, skipping
05-13 11:31:28.265   585   585 D CompatConfig: No directory /apex/com.android.neuralnetworks/etc/compatconfig, skipping
05-13 11:31:28.265   585   585 D CompatConfig: No directory /apex/com.android.virt/etc/compatconfig, skipping
05-13 11:31:28.265   585   585 D CompatConfig: Found a config file: /apex/com.android.permission/etc/compatconfig/framework-permission-s-compat-config.xml
05-13 11:31:28.265   585   585 D CompatConfig: Adding: com.android.server.compat.config.Change@7202645
05-13 11:31:28.265   585   585 D CompatConfig: No directory /apex/com.android.healthfitness/etc/compatconfig, skipping
05-13 11:31:28.265   585   617 I SystemConfig: Reading permissions from /product/etc/permissions/privapp-permissions-sdk-google.xml
05-13 11:31:28.265   585   617 I SystemConfig: Reading permissions from /product/etc/permissions/split-permissions-google.xml
05-13 11:31:28.265   585   617 I SystemConfig: Reading permissions from /system_ext/etc/sysconfig/android.telephony.satellite.xml
05-13 11:31:28.265   585   617 I SystemConfig: Reading permissions from /system_ext/etc/sysconfig/preinstalled-packages-com.android.google.avatarpicker.xml
05-13 11:31:28.266   585   617 I SystemConfig: Reading permissions from /system_ext/etc/permissions/android.software.theme_picker.xml
05-13 11:31:28.266   585   617 I SystemConfig: Reading permissions from /system_ext/etc/permissions/androidx.window.extensions.xml
05-13 11:31:28.266   585   617 I SystemConfig: Reading permissions from /system_ext/etc/permissions/androidx.window.sidecar.xml
05-13 11:31:28.266   585   617 I SystemConfig: Reading permissions from /system_ext/etc/permissions/com.android.carrierconfig.xml
05-13 11:31:28.266   585   617 I SystemConfig: Reading permissions from /system_ext/etc/permissions/com.android.emulator.radio.config.xml
05-13 11:31:28.266   585   617 I SystemConfig: Reading permissions from /system_ext/etc/permissions/com.android.launcher3.xml
05-13 11:31:28.266   585   617 I SystemConfig: Reading permissions from /system_ext/etc/permissions/com.android.settings.xml
05-13 11:31:28.266   585   617 I SystemConfig: Reading permissions from /system_ext/etc/permissions/com.android.storagemanager.xml
05-13 11:31:28.266   585   617 I SystemConfig: Reading permissions from /system_ext/etc/permissions/com.android.systemui.xml
05-13 11:31:28.266   585   585 W CompatConfig: Change ID 203673428 not found. Skipping overrides for it.
05-13 11:31:28.266   585   585 W CompatConfig: Change ID 200324021 not found. Skipping overrides for it.
05-13 11:31:28.266   585   617 I SystemConfig: Reading permissions from /system_ext/etc/permissions/com.google.android.googlesdksetup.xml
05-13 11:31:28.267   585   617 I SystemConfig: Reading permissions from /system_ext/etc/permissions/privapp-permissions-google-se.xml
05-13 11:31:28.267   585   617 I SystemConfig: Reading permissions from /apex/com.android.apex.cts.shim/etc/permissions/signature-permission-allowlist.xml
05-13 11:31:28.268   585   617 I SystemConfig: Reading permissions from /apex/com.android.devicelock/etc/permissions/com.google.android.devicelockcontroller.xml
05-13 11:31:28.268   585   617 I SystemConfig: Reading permissions from /apex/com.android.nfcservices/etc/permissions/privapp_allowlist_com.android.nfc.xml
05-13 11:31:28.268   585   617 I SystemConfig: Reading permissions from /apex/com.android.btservices/etc/permissions/privapp_allowlist_com.google.android.bluetooth.xml
05-13 11:31:28.269   585   617 I SystemConfig: Reading permissions from /apex/com.android.hardware.rebootescrow/etc/permissions/android.hardware.reboot_escrow.prebuilt.xml
05-13 11:31:28.269   585   617 I SystemConfig: Reading permissions from /apex/com.android.mediaprovider/etc/permissions/privapp_allowlist_com.google.android.providers.media.module.xml
05-13 11:31:28.269   585   617 I SystemConfig: Reading permissions from /apex/com.android.healthfitness/etc/permissions/privapp_allowlist_com.google.android.healthconnect.controller.xml
05-13 11:31:28.269   585   585 D SystemServerTiming: StartFileIntegrityService
05-13 11:31:28.269   585   585 I SystemServiceManager: Starting com.android.server.security.FileIntegrityService
05-13 11:31:28.270   585   617 I SystemConfig: Reading permissions from /apex/com.android.adservices/etc/permissions/privapp_allowlist_com.google.android.adservices.api.xml
05-13 11:31:28.270   585   617 I SystemConfig: Reading permissions from /apex/com.android.cellbroadcast/etc/permissions/privapp_allowlist_com.google.android.cellbroadcastreceiver.xml
05-13 11:31:28.270   585   617 I SystemConfig: Reading permissions from /apex/com.android.cellbroadcast/etc/permissions/privapp_allowlist_com.google.android.cellbroadcastservice.xml
05-13 11:31:28.271   585   585 D SystemServerTiming: StartInstaller
05-13 11:31:28.271   585   617 I SystemConfig: Reading permissions from /apex/com.android.extservices/etc/permissions/privapp_allowlist_com.google.android.ext.services.xml
05-13 11:31:28.271   585   585 I SystemServiceManager: Starting com.android.server.pm.Installer
05-13 11:31:28.271   585   617 I SystemConfig: Reading permissions from /apex/com.android.ipsec/etc/permissions/android.net.ipsec.ike.xml
05-13 11:31:28.271   585   617 I SystemConfig: Ignore shared library android.net.ipsec.ike: /apex/com.google.android.ipsec/javalib/android.net.ipsec.ike.jar does not exist
05-13 11:31:28.272   585   585 D SystemServerTiming: DeviceIdentifiersPolicyService
05-13 11:31:28.272   585   585 I SystemServiceManager: Starting com.android.server.os.DeviceIdentifiersPolicyService
05-13 11:31:28.272   585   617 I SystemConfig: Reading permissions from /apex/com.android.permission/etc/permissions/privapp_allowlist_com.google.android.permissioncontroller.xml
05-13 11:31:28.272   585   585 D SystemServerTiming: StartFeatureFlagsService
05-13 11:31:28.272   585   585 I SystemServiceManager: Starting com.android.server.flags.FeatureFlagsService
05-13 11:31:28.272   585   585 D FeatureFlagsService: Started Feature Flag Service
05-13 11:31:28.272   585   617 I SystemConfig: Reading permissions from /apex/com.android.tethering/etc/permissions/privapp_allowlist_com.google.android.networkstack.tethering.xml
05-13 11:31:28.272   585   585 D SystemServerTiming: UriGrantsManagerService
05-13 11:31:28.272   585   585 I SystemServiceManager: Starting com.android.server.uri.UriGrantsManagerService$Lifecycle
05-13 11:31:28.272   585   617 D SystemConfig: /vendor/etc/public.libraries.txt does not exist
05-13 11:31:28.272   585   585 D SystemServerTiming: StartPowerStatsService
05-13 11:31:28.272   585   585 I SystemServiceManager: Starting com.android.server.powerstats.PowerStatsService
05-13 11:31:28.273   585   585 D SystemServerTiming: StartIStatsService
05-13 11:31:28.273   585   585 D SystemServerTiming: MemtrackProxyService
05-13 11:31:28.273   585   585 D SystemServerTiming: StartAccessCheckingService
05-13 11:31:28.273   585   585 I SystemServiceManager: Starting com.android.server.permission.access.AccessCheckingService
05-13 11:31:28.274   585   585 D SystemServerTiming: StartActivityManager
05-13 11:31:28.274   585   585 I SystemServiceManager: Starting com.android.server.wm.ActivityTaskManagerService$Lifecycle
05-13 11:31:28.275   585   585 I SystemServiceManager: Starting com.android.server.am.ActivityManagerService$Lifecycle
05-13 11:31:28.277   585   585 I ActivityManager: Memory class: 192
05-13 11:31:28.278   585   620 I Binder  : Setting heavy hitter watcher config: false, 0, 0.0
05-13 11:31:28.281   585   585 I PackageWatchdog: Updated health check state for package com.google.android.ext.services: INACTIVE -> PASSED
05-13 11:31:28.281   585   585 I PackageWatchdog: Updated health check state for package com.google.android.federatedcompute: INACTIVE -> PASSED
05-13 11:31:28.281   585   585 I PackageWatchdog: Updated health check state for package com.google.android.providers.media.module: INACTIVE -> PASSED
05-13 11:31:28.281   585   585 I PackageWatchdog: Updated health check state for package com.google.android.adservices.api: INACTIVE -> PASSED
05-13 11:31:28.281   585   585 I PackageWatchdog: Updated health check state for package android: INACTIVE -> PASSED
05-13 11:31:28.281   585   585 I PackageWatchdog: Updated health check state for package com.google.android.as: INACTIVE -> PASSED
05-13 11:31:28.281   585   585 I PackageWatchdog: Updated health check state for package com.google.android.permissioncontroller: INACTIVE -> PASSED
05-13 11:31:28.281   585   585 I PackageWatchdog: Updated health check state for package com.google.android.bluetooth: INACTIVE -> PASSED
05-13 11:31:28.281   585   585 I PackageWatchdog: Updated health check state for package com.google.android.as.oss: INACTIVE -> PASSED
05-13 11:31:28.281   585   585 I PackageWatchdog: Updated health check state for package com.google.android.networkstack: INACTIVE -> PASSED
05-13 11:31:28.281   585   585 I PackageWatchdog: Updated health check state for package com.google.android.gms: INACTIVE -> PASSED
05-13 11:31:28.281   585   585 I PackageWatchdog: Updated health check state for package com.google.android.apps.nexuslauncher: INACTIVE -> PASSED
05-13 11:31:28.281   585   585 I PackageWatchdog: Updated health check state for package com.google.android.healthconnect.controller: INACTIVE -> PASSED
05-13 11:31:28.281   585   585 I PackageWatchdog: Updated health check state for package com.android.settings: INACTIVE -> PASSED
05-13 11:31:28.281   585   585 I PackageWatchdog: Updated health check state for package com.google.android.apps.wallpaper: INACTIVE -> PASSED
05-13 11:31:28.281   585   585 I PackageWatchdog: Updated health check state for package com.android.phone: INACTIVE -> PASSED
05-13 11:31:28.281   585   585 I PackageWatchdog: Updated health check state for package com.android.systemui: INACTIVE -> PASSED
05-13 11:31:28.281   585   585 I PackageWatchdog: Updated health check state for package com.google.android.ondevicepersonalization.services: INACTIVE -> PASSED
05-13 11:31:28.282   585   585 W PowerProfile: ambient.on is deprecated! Use ambient.on.display0 instead.
05-13 11:31:28.282   585   585 W PowerProfile: screen.on is deprecated! Use screen.on.display0 instead.
05-13 11:31:28.282   585   585 W PowerProfile: screen.full is deprecated! Use screen.full.display0 instead.
05-13 11:31:28.282   585   585 W ModemPowerProfile: getAverageBatteryDrainMaH called with unexpected key: 0x0, drain:SLEEP,RAT:DEFAULT
05-13 11:31:28.282   585   585 W ModemPowerProfile: getAverageBatteryDrainMaH called with unexpected key: 0x10000000, drain:IDLE,RAT:DEFAULT
05-13 11:31:28.283   585   585 W ModemPowerProfile: getAverageBatteryDrainMaH called with unexpected key: 0x20000000, drain:RX,RAT:DEFAULT
05-13 11:31:28.283   585   585 W ModemPowerProfile: getAverageBatteryDrainMaH called with unexpected key: 0x30000000, drain:TX,level:0,RAT:DEFAULT
05-13 11:31:28.283   585   585 W ModemPowerProfile: getAverageBatteryDrainMaH called with unexpected key: 0x31000000, drain:TX,level:1,RAT:DEFAULT
05-13 11:31:28.283   585   585 W ModemPowerProfile: getAverageBatteryDrainMaH called with unexpected key: 0x32000000, drain:TX,level:2,RAT:DEFAULT
05-13 11:31:28.283   585   585 W ModemPowerProfile: getAverageBatteryDrainMaH called with unexpected key: 0x33000000, drain:TX,level:3,RAT:DEFAULT
05-13 11:31:28.283   585   585 W ModemPowerProfile: getAverageBatteryDrainMaH called with unexpected key: 0x34000000, drain:TX,level:4,RAT:DEFAULT
05-13 11:31:28.285   585   585 D BatteryStatsImpl: Reading daily items from /data/system/batterystats-daily.xml
05-13 11:31:28.292   585   628 W KernelMemoryBandwidthStats: No kernel memory bandwidth stats available
05-13 11:31:28.305   585   585 I IntentFirewall: Read new rules (A:0 B:0 S:0)
05-13 11:31:28.306   585   585 D OomAdjuster: Not killing cached processes
05-13 11:31:28.307   585   585 D AppOps  : AppOpsService published
05-13 11:31:28.307   585   607 W android.permission.PermissionManager: Missing ActivityManager; assuming 1047 does not hold android.permission.MANAGE_APP_OPS_MODES
05-13 11:31:28.307   585   585 D SystemServerTiming: StartDataLoaderManagerService
05-13 11:31:28.307   585   585 I SystemServiceManager: Starting com.android.server.pm.DataLoaderManagerService
05-13 11:31:28.308   585   585 D SystemServerTiming: StartIncrementalService
05-13 11:31:28.309   585   585 D SystemServerTiming: StartPowerManager
05-13 11:31:28.309   585   585 I SystemServiceManager: Starting com.android.server.power.PowerManagerService
05-13 11:31:28.312   585   585 D SystemServerTiming: StartThermalManager
05-13 11:31:28.312   585   585 I SystemServiceManager: Starting com.android.server.power.ThermalManagerService
05-13 11:31:28.313   585   585 D SystemServerTiming: InitPowerManagement
05-13 11:31:28.313   585   585 D SystemServerTiming: StartRecoverySystemService
05-13 11:31:28.313   585   585 I SystemServiceManager: Starting com.android.server.recoverysystem.RecoverySystemService$Lifecycle
05-13 11:31:28.313   585   585 D SystemServerTiming: StartLightsService
05-13 11:31:28.313   585   585 I SystemServiceManager: Starting com.android.server.lights.LightsService
05-13 11:31:28.314   585   585 D SystemServerTiming: StartDisplayOffloadService
05-13 11:31:28.314   585   585 D SystemServerTiming: StartDisplayManager
05-13 11:31:28.314   585   585 I SystemServiceManager: Starting com.android.server.display.DisplayManagerService
05-13 11:31:28.316   585   585 D SystemServerTiming: WaitForDisplay
05-13 11:31:28.316   585   585 I SystemServiceManager: Starting phase 100
05-13 11:31:28.316   585   585 D SystemServerTiming: OnBootPhase_100
05-13 11:31:28.316   585   585 D SystemServerTiming: OnBootPhase_100_com.android.server.security.FileIntegrityService
05-13 11:31:28.316   585   585 D SystemServerTiming: OnBootPhase_100_com.android.server.pm.Installer
05-13 11:31:28.316   585   585 D SystemServerTiming: OnBootPhase_100_com.android.server.os.DeviceIdentifiersPolicyService
05-13 11:31:28.316   585   585 D SystemServerTiming: OnBootPhase_100_com.android.server.flags.FeatureFlagsService
05-13 11:31:28.316   585   585 D SystemServerTiming: OnBootPhase_100_com.android.server.uri.UriGrantsManagerService$Lifecycle
05-13 11:31:28.316   585   585 D SystemServerTiming: OnBootPhase_100_com.android.server.powerstats.PowerStatsService
05-13 11:31:28.316   585   585 D SystemServerTiming: OnBootPhase_100_com.android.server.permission.access.AccessCheckingService
05-13 11:31:28.316   585   585 D SystemServerTiming: OnBootPhase_100_com.android.server.wm.ActivityTaskManagerService$Lifecycle
05-13 11:31:28.316   585   585 D SystemServerTiming: OnBootPhase_100_com.android.server.am.ActivityManagerService$Lifecycle
05-13 11:31:28.316   585   585 D SystemServerTiming: OnBootPhase_100_com.android.server.pm.DataLoaderManagerService
05-13 11:31:28.316   585   585 D SystemServerTiming: OnBootPhase_100_com.android.server.power.PowerManagerService
05-13 11:31:28.316   585   585 D SystemServerTiming: OnBootPhase_100_com.android.server.power.ThermalManagerService
05-13 11:31:28.316   585   585 D SystemServerTiming: OnBootPhase_100_com.android.server.recoverysystem.RecoverySystemService$Lifecycle
05-13 11:31:28.316   585   585 D SystemServerTiming: OnBootPhase_100_com.android.server.lights.LightsService
05-13 11:31:28.316   585   585 D SystemServerTiming: OnBootPhase_100_com.android.server.display.DisplayManagerService
05-13 11:31:28.317   585   613 W LocalDisplayAdapter: DisplayModeSpecs base mode no longer available, using currently active mode.
05-13 11:31:28.321   585   613 I DisplayDeviceRepository: Display device added: DisplayDeviceInfo{"Built-in Screen": uniqueId="local:4619827259835644672", 1080 x 2400, modeId 1, renderFrameRate 60.000004, defaultModeId 1, userPreferredModeId -1, supportedModes [{id=1, width=1080, height=2400, fps=60.000004, vsync=60.000004, synthetic=false, alternativeRefreshRates=[], supportedHdrTypes=[]}], colorMode 0, supportedColorModes [0], hdrCapabilities HdrCapabilities{mSupportedHdrTypes=[], mMaxLuminance=500.0, mMaxAverageLuminance=500.0, mMinLuminance=0.0}, allmSupported false, gameContentTypeSupported false, density 420, 420.0 x 420.0 dpi, appVsyncOff 1000000, presDeadline 16666666, touch INTERNAL, rotation 0, type INTERNAL, address {port=0, model=0x401cec6a7a2b7b}, deviceProductInfo DeviceProductInfo{name=EMU_display_0, manufacturerPnpId=GGL, productId=1, modelYear=null, manufactureDate=ManufactureDate{week=27, year=2006}, connectionToSinkType=0}, state UNKNOWN, committedState UNKNOWN, frameRateOverride , brightnessMinimum 0.0, brightnessMaximum 1.0, brightnessDefault 0.39763778, hdrSdrRatio NaN, FLAG_ALLOWED_TO_BE_DEFAULT_DISPLAY, FLAG_ROTATES_WITH_CONTENT, FLAG_SECURE, FLAG_SUPPORTS_PROTECTED_BUFFERS, FLAG_TRUSTED, installOrientation 0, displayShape DisplayShape{ spec=-1893857183 displayWidth=1080 displayHeight=2400 physicalPixelDisplaySizeRatio=1.0 rotation=0 offsetX=0 offsetY=0 scale=1.0}}
05-13 11:31:28.321   585   613 I LogicalDisplayMapper: Applying layout: [{dispId: 0(ON), displayGroupName: , addr: {port=0, model=0x401cec6a7a2b7b}, mThermalBrightnessThrottlingMapId: null, mRefreshRateZoneId: null, mLeadDisplayId: -1, mLeadDisplayAddress: null, mThermalRefreshRateThrottlingMapId: null, mPowerThrottlingMapId: null}], Previous layout: null
05-13 11:31:28.322   585   613 I LogicalDisplayMapper: Setting new display group 0 for display 0, from previous group: null
05-13 11:31:28.324   585   585 D SystemServerTiming: StartDomainVerificationService
05-13 11:31:28.324   585   585 D SystemServerTiming: StartPackageManagerService
05-13 11:31:28.324   585   585 I Watchdog: Pausing HandlerChecker: main thread for reason: packagemanagermain. Pause count: 1
05-13 11:31:28.324   585   585 D PackageManagerTiming: create package manager
05-13 11:31:28.326   585   585 D PackageManagerTiming: createSubComponents
05-13 11:31:28.328   585   585 I UserManagerService: Upgrading users from userVersion 11 to 11
05-13 11:31:28.331   585   585 D PackageManagerTiming: addSharedUsers
05-13 11:31:28.331   585   585 D PackageManagerTiming: get system config
05-13 11:31:28.332   585   585 D SELinuxMMAC: Using policy file /system/etc/selinux/plat_mac_permissions.xml
05-13 11:31:28.333   585   585 D SELinuxMMAC: Using policy file /system_ext/etc/selinux/system_ext_mac_permissions.xml
05-13 11:31:28.333   585   585 D SELinuxMMAC: Using policy file /vendor/etc/selinux/vendor_mac_permissions.xml
05-13 11:31:28.333   585   585 D PackageManagerTiming: loadFallbacks
05-13 11:31:28.334   585   585 D PackageManagerTiming: read user settings
05-13 11:31:28.354   585   585 W android.permission.PermissionManager: Missing ActivityManager; assuming 1000 holds android.permission.SET_PREFERRED_APPLICATIONS
05-13 11:31:28.354   585   585 W PackageManager: No package known for package restrictions com.google.android.devicelock
05-13 11:31:28.355   585   585 W PackageManager: No package known for package restrictions com.google.android.tzdata6
05-13 11:31:28.356   585   585 W PackageManager: No package known for package restrictions com.google.android.ondevicepersonalization
05-13 11:31:28.356   585   585 W PackageManager: No package known for package restrictions com.android.hardware.authsecret
05-13 11:31:28.357   585   585 W PackageManager: No package known for package restrictions com.google.android.media.swcodec
05-13 11:31:28.358   585   585 W PackageManager: No package known for package restrictions com.google.android.os.statsd
05-13 11:31:28.358   585   585 W PackageManager: No package known for package restrictions com.google.android.widevine.nonupdatable
05-13 11:31:28.358   585   585 W PackageManager: No package known for package restrictions com.google.mainline.primary.libs
05-13 11:31:28.361   585   585 W PackageManager: No package known for package restrictions com.google.android.extservices
05-13 11:31:28.361   585   585 W PackageManager: No package known for package restrictions com.android.hardware.rebootescrow
05-13 11:31:28.363   585   585 W PackageManager: No package known for package restrictions com.google.android.healthfitness
05-13 11:31:28.364   585   585 W PackageManager: No package known for package restrictions com.google.android.ipsec
05-13 11:31:28.364   585   585 W PackageManager: No package known for package restrictions com.google.android.media
05-13 11:31:28.366   585   585 W PackageManager: No package known for package restrictions com.android.i18n
05-13 11:31:28.366   585   585 W PackageManager: No package known for package restrictions com.android.virt
05-13 11:31:28.368   585   585 W PackageManager: No package known for package restrictions com.google.android.appsearch
05-13 11:31:28.368   585   585 W PackageManager: No package known for package restrictions com.google.android.configinfrastructure
05-13 11:31:28.369   585   585 W PackageManager: No package known for package restrictions com.google.android.cellbroadcast
05-13 11:31:28.369   585   585 W PackageManager: No package known for package restrictions com.android.apex.cts.shim
05-13 11:31:28.370   585   585 W PackageManager: No package known for package restrictions com.google.android.resolv
05-13 11:31:28.370   585   585 W PackageManager: No package known for package restrictions com.google.android.sdkext
05-13 11:31:28.370   585   585 W PackageManager: No package known for package restrictions com.google.android.art
05-13 11:31:28.371   585   585 W PackageManager: No package known for package restrictions com.google.android.uwb
05-13 11:31:28.372   585   585 W PackageManager: No package known for package restrictions com.google.android.runtime
05-13 11:31:28.373   585   585 W PackageManager: No package known for package restrictions com.android.hardware.cas
05-13 11:31:28.373   585   585 W PackageManager: No package known for package restrictions com.google.android.adservices
05-13 11:31:28.376   585   585 W PackageManager: No package known for package restrictions com.google.android.scheduling
05-13 11:31:28.376   585   585 W PackageManager: No package known for package restrictions com.google.android.mediaprovider
05-13 11:31:28.376   585   585 W PackageManager: No package known for package restrictions com.android.hardware.neuralnetworks
05-13 11:31:28.377   585   585 W PackageManager: No package known for package restrictions com.google.android.permission
05-13 11:31:28.377   585   585 W PackageManager: No package known for package restrictions com.google.android.profiling
05-13 11:31:28.382   585   585 W PackageManager: No package known for package restrictions com.google.android.neuralnetworks
05-13 11:31:28.382   585   585 W PackageManager: No package known for package restrictions com.google.android.tethering
05-13 11:31:28.382   585   585 W PackageManager: No package known for package restrictions com.google.android.btservices
05-13 11:31:28.383   585   585 W PackageManager: No package known for package restrictions com.google.android.adbd
05-13 11:31:28.383   585   585 W PackageManager: No package known for package restrictions com.google.android.rkpd
05-13 11:31:28.383   585   585 W PackageManager: No package known for package restrictions com.google.android.wifi
05-13 11:31:28.383   585   585 W PackageManager: No package known for package restrictions com.google.android.conscrypt
05-13 11:31:28.386   585   585 W PackageManager: No package known for package restrictions com.android.nfcservices
05-13 11:31:28.388   585   585 W PackageSettings: Missing permission state for package com.android.cts.priv.ctsshim on user 0
05-13 11:31:28.388   585   585 W PackageSettings: Missing permission state for package com.google.android.youtube on user 0
05-13 11:31:28.388   585   585 W PackageSettings: Missing permission state for package com.android.internal.display.cutout.emulation.corner on user 0
05-13 11:31:28.388   585   585 W PackageSettings: Missing permission state for package com.google.android.ext.services on user 0
05-13 11:31:28.388   585   585 W PackageSettings: Missing permission state for package com.android.internal.display.cutout.emulation.double on user 0
05-13 11:31:28.388   585   585 W PackageSettings: Missing permission state for package io.appium.settings on user 0
05-13 11:31:28.388   585   585 W PackageSettings: Missing permission state for package com.google.android.googlequicksearchbox on user 0
05-13 11:31:28.388   585   585 W PackageSettings: Missing permission state for package com.google.android.onetimeinitializer on user 0
05-13 11:31:28.388   585   585 W PackageSettings: Missing permission state for package com.google.android.ext.shared on user 0
05-13 11:31:28.388   585   585 W PackageSettings: Missing permission state for package com.android.virtualmachine.res on user 0
05-13 11:31:28.388   585   585 W PackageSettings: Missing permission state for package com.android.wallpapercropper on user 0
05-13 11:31:28.388   585   585 W PackageSettings: Missing permission state for package com.google.android.federatedcompute on user 0
05-13 11:31:28.388   585   585 W PackageSettings: Missing permission state for package com.android.managedprovisioning.auto_generated_rro_product__ on user 0
05-13 11:31:28.388   585   585 W PackageSettings: Missing permission state for package com.android.carrierconfig.auto_generated_rro_vendor__ on user 0
05-13 11:31:28.388   585   585 W PackageSettings: Missing permission state for package com.google.android.server.deviceconfig.resources on user 0
05-13 11:31:28.388   585   585 W PackageSettings: Missing permission state for package com.android.systemui.emulation.pixel_3_xl on user 0
05-13 11:31:28.388   585   585 W PackageSettings: Missing permission state for package com.android.systemui.emulation.pixel_4_xl on user 0
05-13 11:31:28.388   585   585 W PackageSettings: Missing permission state for package com.android.systemui.emulation.pixel_fold on user 0
05-13 11:31:28.388   585   585 W PackageSettings: Missing permission state for package com.android.providers.telephony.auto_generated_characteristics_rro on user 0
05-13 11:31:28.388   585   585 W PackageSettings: Missing permission state for package com.android.simappdialog.auto_generated_rro_product__ on user 0
05-13 11:31:28.388   585   585 W PackageSettings: Missing permission state for package com.android.externalstorage on user 0
05-13 11:31:28.388   585   585 W PackageSettings: Missing permission state for package com.android.htmlviewer on user 0
05-13 11:31:28.388   585   585 W PackageSettings: Missing permission state for package com.android.companiondevicemanager on user 0
05-13 11:31:28.388   585   585 W PackageSettings: Missing permission state for package com.google.android.overlay.largescreenconfig on user 0
05-13 11:31:28.388   585   585 W PackageSettings: Missing permission state for package com.google.android.health.connect.backuprestore on user 0
05-13 11:31:28.388   585   585 W PackageSettings: Missing permission state for package com.android.systemui.auto_generated_rro_product__ on user 0
05-13 11:31:28.388   585   585 W PackageSettings: Missing permission state for package com.google.android.apps.messaging on user 0
05-13 11:31:28.388   585   585 W PackageSettings: Missing permission state for package com.google.android.soundpicker on user 0
05-13 11:31:28.388   585   585 W PackageSettings: Missing permission state for package com.google.android.marvin.talkbackoverlay on user 0
05-13 11:31:28.388   585   585 W PackageSettings: Missing permission state for package com.google.android.configupdater on user 0
05-13 11:31:28.388   585   585 W PackageSettings: Missing permission state for package com.android.internal.emulation.pixel_3a_xl on user 0
05-13 11:31:28.388   585   585 W PackageSettings: Missing permission state for package com.android.internal.emulation.pixel_6_pro on user 0
05-13 11:31:28.388   585   585 W PackageSettings: Missing permission state for package com.android.internal.emulation.pixel_7_pro on user 0
05-13 11:31:28.388   585   585 W PackageSettings: Missing permission state for package com.android.internal.emulation.pixel_8_pro on user 0
05-13 11:31:28.388   585   585 W PackageSettings: Missing permission state for package com.android.internal.emulation.pixel_9_pro on user 0
05-13 11:31:28.388   585   585 W PackageSettings: Missing permission state for package com.google.android.providers.media.module on user 0
05-13 11:31:28.388   585   585 W PackageSettings: Missing permission state for package io.appium.uiautomator2.server on user 0
05-13 11:31:28.388   585   585 W PackageSettings: Missing permission state for package com.android.internal.emulation.pixel_3a on user 0
05-13 11:31:28.388   585   585 W PackageSettings: Missing permission state for package com.android.internal.emulation.pixel_4a on user 0
05-13 11:31:28.388   585   585 W PackageSettings: Missing permission state for package com.android.internal.emulation.pixel_6a on user 0
05-13 11:31:28.388   585   585 W PackageSettings: Missing permission state for package com.android.internal.emulation.pixel_7a on user 0
05-13 11:31:28.388   585   585 W PackageSettings: Missing permission state for package com.android.internal.emulation.pixel_8a on user 0
05-13 11:31:28.388   585   585 W PackageSettings: Missing permission state for package com.google.android.overlay.googlewebview on user 0
05-13 11:31:28.388   585   585 W PackageSettings: Missing permission state for package com.google.android.apps.safetyhub on user 0
05-13 11:31:28.388   585   585 W PackageSettings: Missing permission state for package com.android.systemui.plugin.globalactions.wallet on user 0
05-13 11:31:28.388   585   585 W PackageSettings: Missing permission state for package com.google.android.hotspot2.osulogin on user 0
05-13 11:31:28.388   585   585 W PackageSettings: Missing permission state for package com.android.vending on user 0
05-13 11:31:28.388   585   585 W PackageSettings: Missing permission state for package com.android.pacprocessor on user 0
05-13 11:31:28.388   585   585 W PackageSettings: Missing permission state for package com.android.simappdialog on user 0
05-13 11:31:28.388   585   585 W PackageSettings: Missing permission state for package com.google.android.adservices.api on user 0
05-13 11:31:28.388   585   585 W PackageSettings: Missing permission state for package com.android.internal.display.cutout.emulation.hole on user 0
05-13 11:31:28.388   585   585 W PackageSettings: Missing permission state for package com.android.internal.display.cutout.emulation.tall on user 0
05-13 11:31:28.388   585   585 W PackageSettings: Missing permission state for package eu.europa.ec.euidi.dev on user 0
05-13 11:31:28.388   585   585 W PackageSettings: Missing permission state for package com.android.certinstaller on user 0
05-13 11:31:28.388   585   585 W PackageSettings: Missing permission state for package com.android.carrierconfig on user 0
05-13 11:31:28.388   585   585 W PackageSettings: Missing permission state for package com.google.android.marvin.talkback on user 0
05-13 11:31:28.388   585   585 W PackageSettings: Missing permission state for package com.android.internal.systemui.navbar.threebutton on user 0
05-13 11:31:28.388   585   585 W PackageSettings: Missing permission state for package com.android.camera2 on user 0
05-13 11:31:28.388   585   585 W PackageSettings: Missing permission state for package com.android.internal.ranchu.commonoverlay on user 0
05-13 11:31:28.388   585   585 W PackageSettings: Missing permission state for package com.google.android.sdksandbox on user 0
05-13 11:31:28.388   585   585 W PackageSettings: Missing permission state for package com.android.egg on user 0
05-13 11:31:28.388   585   585 W PackageSettings: Missing permission state for package com.google.android.trichromelibrary_710306033 on user 0
05-13 11:31:28.388   585   585 W PackageSettings: Missing permission state for package com.google.android.trichromelibrary_710306133 on user 0
05-13 11:31:28.388   585   585 W PackageSettings: Missing permission state for package com.android.backupconfirm on user 0
05-13 11:31:28.388   585   585 W PackageSettings: Missing permission state for package com.android.systemui.auto_generated_rro_vendor__ on user 0
05-13 11:31:28.388   585   585 W PackageSettings: Missing permission state for package com.google.android.deskclock on user 0
05-13 11:31:28.388   585   585 W PackageSettings: Missing permission state for package com.android.internal.systemui.navbar.twobutton on user 0
05-13 11:31:28.388   585   585 W PackageSettings: Missing permission state for package com.google.android.as on user 0
05-13 11:31:28.388   585   585 W PackageSettings: Missing permission state for package com.google.android.gm on user 0
05-13 11:31:28.388   585   585 W PackageSettings: Missing permission state for package com.android.systemui.accessibility.accessibilitymenu on user 0
05-13 11:31:28.388   585   585 W PackageSettings: Missing permission state for package com.google.android.permissioncontroller on user 0
05-13 11:31:28.388   585   585 W PackageSettings: Missing permission state for package com.android.systemui.emulation.pixel_3 on user 0
05-13 11:31:28.388   585   585 W PackageSettings: Missing permission state for package com.android.systemui.emulation.pixel_4 on user 0
05-13 11:31:28.388   585   585 W PackageSettings: Missing permission state for package com.android.systemui.emulation.pixel_5 on user 0
05-13 11:31:28.388   585   585 W PackageSettings: Missing permission state for package com.android.systemui.emulation.pixel_6 on user 0
05-13 11:31:28.388   585   585 W PackageSettings: Missing permission state for package com.android.systemui.emulation.pixel_7 on user 0
05-13 11:31:28.388   585   585 W PackageSettings: Missing permission state for package com.android.systemui.emulation.pixel_8 on user 0
05-13 11:31:28.388   585   585 W PackageSettings: Missing permission state for package com.android.systemui.emulation.pixel_9 on user 0
05-13 11:31:28.388   585   585 W PackageSettings: Missing permission state for package com.android.emulator.radio.config on user 0
05-13 11:31:28.388   585   585 W PackageSettings: Missing permission state for package com.android.sharedstoragebackup on user 0
05-13 11:31:28.388   585   585 W PackageSettings: Missing permission state for package com.android.printspooler on user 0
05-13 11:31:28.388   585   585 W PackageSettings: Missing permission state for package com.google.android.connectivity.resources.goldfish.overlay on user 0
05-13 11:31:28.388   585   585 W PackageSettings: Missing permission state for package com.android.dreams.basic on user 0
05-13 11:31:28.388   585   585 W PackageSettings: Missing permission state for package com.google.android.networkstack.tethering.emulator on user 0
05-13 11:31:28.388   585   585 W PackageSettings: Missing permission state for package com.android.providers.settings.auto_generated_rro_product__ on user 0
05-13 11:31:28.388   585   585 W PackageSettings: Missing permission state for package com.google.android.as.oss on user 0
05-13 11:31:28.388   585   585 W PackageSettings: Missing permission state for package com.android.traceur.auto_generated_rro_product__ on user 0
05-13 11:31:28.388   585   585 W PackageSettings: Missing permission state for package com.google.android.apps.wellbeing on user 0
05-13 11:31:28.388   585   585 W PackageSettings: Missing permission state for package com.android.internal.emulation.pixel_9_pro_fold on user 0
05-13 11:31:28.388   585   585 W PackageSettings: Missing permission state for package com.google.android.devicelockcontroller on user 0
05-13 11:31:28.388   585   585 W PackageSettings: Missing permission state for package com.google.android.dialer on user 0
05-13 11:31:28.388   585   585 W PackageSettings: Missing permission state for package com.android.bips on user 0
05-13 11:31:28.388   585   585 W PackageSettings: Missing permission state for package com.android.internal.emulation.pixel_3 on user 0
05-13 11:31:28.388   585   585 W PackageSettings: Missing permission state for package com.android.internal.emulation.pixel_4 on user 0
05-13 11:31:28.388   585   585 W PackageSettings: Missing permission state for package com.android.internal.emulation.pixel_5 on user 0
05-13 11:31:28.388   585   585 W PackageSettings: Missing permission state for package com.android.internal.emulation.pixel_6 on user 0
05-13 11:31:28.388   585   585 W PackageSettings: Missing permission state for package com.android.internal.emulation.pixel_7 on user 0
05-13 11:31:28.388   585   585 W PackageSettings: Missing permission state for package com.android.internal.emulation.pixel_8 on user 0
05-13 11:31:28.388   585   585 W PackageSettings: Missing permission state for package com.android.internal.emulation.pixel_9 on user 0
05-13 11:31:28.388   585   585 W PackageSettings: Missing permission state for package com.google.android.captiveportallogin on user 0
05-13 11:31:28.388   585   585 W PackageSettings: Missing permission state for package android.auto_generated_characteristics_rro on user 0
05-13 11:31:28.388   585   585 W PackageSettings: Missing permission state for package com.google.android.appsearch.apk on user 0
05-13 11:31:28.388   585   585 W PackageSettings: Missing permission state for package com.android.musicfx on user 0
05-13 11:31:28.388   585   585 W PackageSettings: Missing permission state for package com.google.android.apps.docs on user 0
05-13 11:31:28.388   585   585 W PackageSettings: Missing permission state for package com.google.android.modulemetadata on user 0
05-13 11:31:28.388   585   585 W PackageSettings: Missing permission state for package com.android.internal.display.cutout.emulation.emu01 on user 0
05-13 11:31:28.388   585   585 W PackageSettings: Missing permission state for package com.google.android.avatarpicker on user 0
05-13 11:31:28.388   585   585 W PackageSettings: Missing permission state for package com.google.android.markup on user 0
05-13 11:31:28.388   585   585 W PackageSettings: Missing permission state for package com.android.cellbroadcastreceiver on user 0
05-13 11:31:28.388   585   585 W PackageSettings: Missing permission state for package com.google.android.webview on user 0
05-13 11:31:28.388   585   585 W PackageSettings: Missing permission state for package com.google.android.rkpdapp on user 0
05-13 11:31:28.388   585   585 W PackageSettings: Missing permission state for package com.google.android.contactkeys on user 0
05-13 11:31:28.388   585   585 W PackageSettings: Missing permission state for package com.google.android.contacts on user 0
05-13 11:31:28.388   585   585 W PackageSettings: Missing permission state for package com.android.server.telecom.auto_generated_rro_product__ on user 0
05-13 11:31:28.388   585   585 W PackageSettings: Missing permission state for package com.android.phone.auto_generated_characteristics_rro on user 0
05-13 11:31:28.388   585   585 W PackageSettings: Missing permission state for package com.google.android.overlay.googleconfig on user 0
05-13 11:31:28.388   585   585 W PackageSettings: Missing permission state for package com.android.chrome on user 0
