--------- beginning of main
05-22 10:11:53.887   218   218 W linker  : Warning: failed to find generated linker configuration from "/linkerconfig/ld.config.txt"
05-22 10:11:53.888   221   221 W linker  : Warning: failed to find generated linker configuration from "/linkerconfig/ld.config.txt"
05-22 10:11:53.891   215   215 I lowmemorykiller: Wakeup counter is reset from 0 to 0
05-22 10:11:53.892   215   215 I lowmemorykiller: Using psi monitors for memory pressure detection
05-22 10:11:53.892   215   215 I lowmemorykiller: Process polling is supported
05-22 10:11:53.893   215   215 I lowmemorykiller: Process reaper initialized with 2 threads in the pool
05-22 10:11:53.895   215   226 W libprocessgroup: A JoinCgroup action in the SystemMemoryProcess profile is used for controller memory in the cgroup v2 hierarchy and will be ignored
05-22 10:11:53.898   211   211 I prng_seeder: main: Starting listen loop
05-22 10:11:53.899   221   221 I hwservicemanager: getFrameworkHalManifest: Reading VINTF information.
05-22 10:11:53.901   223   223 I qemu-props: successfully set property 'vendor.qemu.sf.fake_camera' to 'front'
05-22 10:11:53.901   223   223 I qemu-props: successfully set property 'qemu.hw.mainkeys' to '0'
05-22 10:11:53.902   223   223 I qemu-props: successfully set property 'qemu.sf.lcd_density' to '420'
05-22 10:11:53.902   223   223 I qemu-props: successfully set property 'vendor.net.wifi_mac_prefix' to '5554'
05-22 10:11:53.902   223   223 I qemu-props: successfully set property 'vendor.qemu.timezone' to 'Europe/Athens'
05-22 10:11:53.902   223   223 I qemu-props: successfully set property 'vendor.qemu.vport.uwb' to '/dev/vport8p2'
05-22 10:11:53.902   223   223 W qemu-props: could not open '/sys/class/virtio-ports/vport8p0/name'
05-22 10:11:53.902   223   223 I qemu-props: successfully set property 'vendor.qemu.vport.modem' to '/dev/vport9p1'
05-22 10:11:53.902   223   223 I qemu-props: successfully set property 'vendor.qemu.vport.bluetooth' to '/dev/vport8p3'
05-22 10:11:53.902   223   223 W qemu-props: could not open '/sys/class/virtio-ports/vport8p1/name'
01-01 02:00:00.024   214   214 W auditd  : type=2000 audit(0.0:1): state=initialized audit_enabled=0 res=1
05-22 10:11:53.720   214   214 W auditd  : type=1403 audit(0.0:2): auid=4294967295 ses=4294967295 lsm=selinux res=1
05-22 10:11:53.720   214   214 W auditd  : type=1404 audit(0.0:3): enforcing=1 old_enforcing=0 auid=4294967295 ses=4294967295 enabled=1 old-enabled=1 lsm=selinux res=1
05-22 10:11:53.906   221   221 I hwservicemanager: Loaded APEX Infos from /bootstrap-apex/apex-info-list.xml
05-22 10:11:53.906   221   221 I hwservicemanager: getDeviceHalManifest: Reading VINTF information.
05-22 10:11:53.906   221   221 I hwservicemanager: Loaded APEX Infos from /bootstrap-apex/apex-info-list.xml
05-22 10:11:53.908   221   221 I hwservicemanager: Loaded APEX Infos from /bootstrap-apex/apex-info-list.xml
05-22 10:11:53.908   221   221 I hwservicemanager: getDeviceHalManifest: Successfully processed VINTF information
05-22 10:11:53.908   221   221 I hwservicemanager: getFrameworkHalManifest: Successfully processed VINTF information
05-22 10:11:53.909   221   221 I hwservicemanager: hwservicemanager is ready now.
--------- beginning of system
05-22 10:11:53.929   234   234 I vold    : Vold 3.0 (the awakening) firing up
05-22 10:11:53.930   234   234 D vold    : Detected support for: ext4 f2fs vfat
05-22 10:11:53.932   234   234 I vold    : [libfstab] Using Android DT directory /proc/device-tree/firmware/android/
05-22 10:11:53.933   234   234 W vold    : Thread Pool max thread count is 0. Cannot cache binder as linkToDeath cannot be implemented. serviceName: vold
05-22 10:11:53.933   234   234 D vold    : VoldNativeService::start() completed OK
05-22 10:11:53.935   234   234 D vold    : VendorVoldNativeService::try_start() completed OK
05-22 10:11:53.959   240   240 I aconfigd_system: main: starting aconfigd_system commands.
05-22 10:11:53.961   240   240 D aconfigd_system: aconfigd_rust::aconfigd: remove boot storage files for container system
05-22 10:11:53.962   240   240 D aconfigd_system: aconfigd_rust::aconfigd: remove boot storage files for container system_ext
05-22 10:11:53.962   240   240 D aconfigd_system: aconfigd_rust::aconfigd: remove boot storage files for container product
05-22 10:11:53.962   240   240 D aconfigd_system: aconfigd_rust::aconfigd: remove boot storage files for container vendor
05-22 10:11:53.962   240   240 D aconfigd_system: aconfigd_rust::storage_files: create system storage files object from pb entry
05-22 10:11:53.962   240   240 D aconfigd_system: aconfigd_rust::storage_files: create system_ext storage files object from pb entry
05-22 10:11:53.963   240   240 D aconfigd_system: aconfigd_rust::storage_files: create product storage files object from pb entry
05-22 10:11:53.964   240   240 D aconfigd_system: aconfigd_rust::storage_files: create vendor storage files object from pb entry
05-22 10:11:53.964   240   240 D aconfigd_system: aconfigd_rust::aconfigd: start initialize system flags
05-22 10:11:53.965   240   240 D aconfigd_system: aconfigd_rust::storage_files_manager: no need to update system, computed digest matches with record
05-22 10:11:53.965   240   240 D aconfigd_system: aconfigd_rust::storage_files_manager: writing updated storage records /metadata/aconfig/platform_storage_records.pb
05-22 10:11:53.966   240   240 D aconfigd_system: aconfigd_rust::aconfigd: start initialize system_ext flags
05-22 10:11:53.966   240   240 D aconfigd_system: aconfigd_rust::storage_files_manager: no need to update system_ext, computed digest matches with record
05-22 10:11:53.966   240   240 D aconfigd_system: aconfigd_rust::storage_files_manager: writing updated storage records /metadata/aconfig/platform_storage_records.pb
05-22 10:11:53.966   240   240 D aconfigd_system: aconfigd_rust::aconfigd: start initialize product flags
05-22 10:11:53.966   240   240 D aconfigd_system: aconfigd_rust::storage_files_manager: no need to update product, computed digest matches with record
05-22 10:11:53.966   240   240 D aconfigd_system: aconfigd_rust::storage_files_manager: writing updated storage records /metadata/aconfig/platform_storage_records.pb
05-22 10:11:53.966   240   240 D aconfigd_system: aconfigd_rust::aconfigd: start initialize vendor flags
05-22 10:11:53.967   240   240 D aconfigd_system: aconfigd_rust::storage_files_manager: no need to update vendor, computed digest matches with record
05-22 10:11:53.967   240   240 D aconfigd_system: aconfigd_rust::storage_files_manager: writing updated storage records /metadata/aconfig/platform_storage_records.pb
05-22 10:11:53.967   240   240 D aconfigd_system: aconfigd_rust::storage_files_manager: no OTA flags staged, skip
05-22 10:11:53.967   240   240 D aconfigd_system: aconfigd_rust::storage_files: apply staged server overrides for container system
05-22 10:11:53.968   240   240 D aconfigd_system: aconfigd_rust::storage_files: apply staged local overrides for container system
05-22 10:11:53.968   240   240 D aconfigd_system: aconfigd_rust::storage_files: apply staged server overrides for container system_ext
05-22 10:11:53.968   240   240 D aconfigd_system: aconfigd_rust::storage_files: apply staged local overrides for container system_ext
05-22 10:11:53.968   240   240 D aconfigd_system: aconfigd_rust::storage_files: apply staged server overrides for container product
05-22 10:11:53.969   240   240 D aconfigd_system: aconfigd_rust::storage_files: apply staged local overrides for container product
05-22 10:11:53.969   240   240 D aconfigd_system: aconfigd_rust::storage_files: apply staged server overrides for container vendor
05-22 10:11:53.969   240   240 D aconfigd_system: aconfigd_rust::storage_files: apply staged local overrides for container vendor
05-22 10:11:53.979   221   221 I hwservicemanager: getTransport: Cannot find entry android.system.suspend@1.0::ISystemSuspend/default in either framework or device VINTF manifest.
05-22 10:11:53.983   234   234 D vold    : fscrypt_mount_metadata_encrypted: /data encrypt: 0 format: 0 with null block device: /dev/block/vdc with zoned 0 length: 0
05-22 10:11:53.983   234   234 D vold    : metadata_key_dir/key: /metadata/vold/metadata_encryption/key
05-22 10:11:53.983   234   234 D vold    : Key exists, using: /metadata/vold/metadata_encryption/key
05-22 10:11:54.008   246   246 I android.hardware.security.keymint-service: adding keymint service instance: android.hardware.security.keymint.IKeyMintDevice/default
05-22 10:11:54.008   246   246 W android.hardware.security.keymint-service: Thread Pool max thread count is 0. Cannot cache binder as linkToDeath cannot be implemented. serviceName: android.hardware.security.keymint.IKeyMintDevice/default
05-22 10:11:54.008   246   246 I android.hardware.security.keymint-service: adding keymint service instance: android.hardware.security.secureclock.ISecureClock/default
05-22 10:11:54.009   246   246 W android.hardware.security.keymint-service: Thread Pool max thread count is 0. Cannot cache binder as linkToDeath cannot be implemented. serviceName: android.hardware.security.secureclock.ISecureClock/default
05-22 10:11:54.009   246   246 I android.hardware.security.keymint-service: adding keymint service instance: android.hardware.security.sharedsecret.ISharedSecret/default
05-22 10:11:54.009   246   246 W android.hardware.security.keymint-service: Thread Pool max thread count is 0. Cannot cache binder as linkToDeath cannot be implemented. serviceName: android.hardware.security.sharedsecret.ISharedSecret/default
05-22 10:11:54.009   246   246 I android.hardware.security.keymint-service: adding keymint service instance: android.hardware.security.keymint.IRemotelyProvisionedComponent/default
05-22 10:11:54.009   246   246 W android.hardware.security.keymint-service: Thread Pool max thread count is 0. Cannot cache binder as linkToDeath cannot be implemented. serviceName: android.hardware.security.keymint.IRemotelyProvisionedComponent/default
05-22 10:11:54.026   245   245 I keystore2: system/security/keystore2/src/keystore2_main.rs:61 - Keystore2 is starting.
05-22 10:11:54.026   245   245 I keystore2: system/security/keystore2/src/keystore2_main.rs:67 - Setting up sqlite logging for keystore2
05-22 10:11:54.028   245   252 I keystore2: system/security/keystore2/src/maintenance.rs:294 - start monitoring 'apexd.status' property
05-22 10:11:54.028   245   252 I keystore2: system/security/keystore2/src/maintenance.rs:299 - property 'apexd.status' is now 'Err(SystemPropertyAbsent)'
05-22 10:11:54.028   245   252 I keystore2: system/security/keystore2/src/maintenance.rs:304 - await a change to 'apexd.status'...
05-22 10:11:54.028   245   245 I keystore2: system/security/keystore2/src/keystore2_main.rs:105 - Starting thread pool now.
05-22 10:11:54.029   245   253 I keystore2: system/security/keystore2/src/globals.rs:474 - monitoring for sys.boot_completed=1
05-22 10:11:54.030   245   245 I keystore2: system/security/keystore2/src/globals.rs:282 - KeyMint device is current version (Some(400)) for security level: r#TRUSTED_ENVIRONMENT
05-22 10:11:54.031   221   221 I hwservicemanager: getTransport: Cannot find entry android.hardware.keymaster@4.0::IKeymasterDevice/default in either framework or device VINTF manifest.
05-22 10:11:54.032   221   221 I hwservicemanager: getTransport: Cannot find entry android.hardware.keymaster@3.0::IKeymasterDevice/default in either framework or device VINTF manifest.
05-22 10:11:54.032   245   254 I keystore2: system/security/keystore2/src/shared_secret_negotiation.rs:48 - Shared secret negotiation concluded successfully.
05-22 10:11:54.033   221   221 I hwservicemanager: getTransport: Cannot find entry android.hardware.keymaster@4.0::IKeymasterDevice/default in either framework or device VINTF manifest.
05-22 10:11:54.033   221   221 I hwservicemanager: getTransport: Cannot find entry android.hardware.keymaster@3.0::IKeymasterDevice/default in either framework or device VINTF manifest.
05-22 10:11:54.033   245   254 I keystore2: system/security/keystore2/src/shared_secret_negotiation.rs:290 - No StrongBox Keymint available, so no RoT transfer
05-22 10:11:54.033   245   245 I keystore2: system/security/keystore2/src/keystore2_main.rs:160 - Successfully registered Keystore 2.0 service.
05-22 10:11:54.033   245   245 I keystore2: system/security/keystore2/src/keystore2_main.rs:162 - Joining thread pool now.
05-22 10:11:54.034   245   257 I SELinux : SELinux: Loaded keystore2 context from:
05-22 10:11:54.034   245   257 I SELinux : 		/system/etc/selinux/plat_keystore2_key_contexts
05-22 10:11:54.034   245   257 I SELinux : 		/system_ext/etc/selinux/system_ext_keystore2_key_contexts
05-22 10:11:54.034   245   257 I SELinux : 		/product/etc/selinux/product_keystore2_key_contexts
05-22 10:11:54.034   245   257 I SELinux : 		/vendor/etc/selinux/vendor_keystore2_key_contexts
05-22 10:11:54.039   234   234 D vold    : Mounting metadata-encrypted filesystem:/data
05-22 10:11:54.039   234   234 I vold    : AIDL IBootControl not available, falling back to HIDL.
05-22 10:11:54.039   221   221 I hwservicemanager: getTransport: Cannot find entry android.hardware.boot@1.0::IBootControl/default in either framework or device VINTF manifest.
05-22 10:11:54.039   234   234 E vold    : Error getting bootctrl v1.0 module.
05-22 10:11:54.040   234   234 I vold    : [libfs_mgr] superblock s_max_mnt_count:65535,/dev/block/mapper/userdata
05-22 10:11:54.040   234   234 I vold    : [libfs_mgr] Filesystem on /dev/block/mapper/userdata was not cleanly shutdown; state flags: 0x1, incompat feature flags: 0x30046
05-22 10:11:54.199   234   234 I vold    : [libfs_mgr] check_fs(): mount(/dev/block/mapper/userdata,/data,ext4)=0: Success
05-22 10:11:54.206   234   234 I vold    : [libfs_mgr] umount_retry(): unmount(/data) succeeded
05-22 10:11:54.207   234   234 I vold    : [libfs_mgr] Running /system/bin/e2fsck on /dev/block/dm-53
05-22 10:11:54.527   234   234 I vold    : [libfs_mgr] superblock s_max_mnt_count:65535,/dev/block/mapper/userdata
05-22 10:11:54.527   234   234 W vold    : [libfs_mgr] Reserved blocks 32768 is too large; capping to 31457
05-22 10:11:54.528   234   234 I vold    : [libfs_mgr] __mount(source=/dev/block/mapper/userdata,target=/data,type=ext4)=0: Success
05-22 10:11:54.529   234   234 D vold    : Mounted /data
05-22 10:11:54.534   218   251 W libc    : Unable to set property "ctl.interface_start" to "aidl/android.system.keystore2.IKeystoreService/default": PROP_ERROR_HANDLE_CONTROL_MESSAGE (0x20)
05-22 10:11:54.538   234   234 I Checkpoint: cp_prepareCheckpoint called
05-22 10:11:54.542   234   234 I vold    : fscrypt_initialize_systemwide_keys
05-22 10:11:54.542   234   234 D vold    : Key exists, using: /data/unencrypted/key
05-22 10:11:54.545   234   234 D vold    : Installed fscrypt key with ref e0c66c842839187f885bfcc92a8625b3 to /data
05-22 10:11:54.548   234   234 I vold    : Wrote system DE key reference to:/data/unencrypted/ref
05-22 10:11:54.548   234   234 D vold    : Generating standard storage key
05-22 10:11:54.548   234   234 D vold    : Installed fscrypt key with ref 18fa78178baf0c7085379f00808dc1c8 to /data
05-22 10:11:54.549   234   234 I vold    : Wrote per boot key reference to:/data/unencrypted/per_boot_ref
05-22 10:11:54.556   272   272 I tombstoned: tombstoned successfully initialized
05-22 10:11:54.558   234   234 I incfs   : Initial API level of the device: 35
05-22 10:11:54.558   234   234 I incfs   : ro.incremental.enable: yes
05-22 10:11:54.558   234   234 I incfs   : isFsAvailable: true
05-22 10:11:54.558   234   234 I incfs   : isFsAvailable: true
05-22 10:11:54.558   234   234 I incfs   : IncFs_Features: v2
05-22 10:11:54.558   245   257 I keystore2: system/security/keystore2/src/maintenance.rs:613 - earlyBootEnded()
05-22 10:11:54.558   245   257 I keystore2: system/security/keystore2/src/maintenance.rs:243 - In early_boot_ended.
05-22 10:11:54.565   245   257 I keystore2: system/security/keystore2/src/globals.rs:81 - Touching Keystore 2.0 database for this first time since boot.
05-22 10:11:54.565   245   257 I keystore2: system/security/keystore2/src/globals.rs:82 - Calling cleanup leftovers.
05-22 10:11:54.565   245   257 I keystore2: system/security/keystore2/src/boot_level_keys.rs:57 - ro.keystore.boot_level_key.strategy not set, inferring from installed KM instances
05-22 10:11:54.565   245   274 I keystore2: system/security/keystore2/src/gc.rs:147 - skip GC as boot not completed
05-22 10:11:54.565   245   257 I keystore2: system/security/keystore2/src/boot_level_keys.rs:115 - In get_level_zero_key: security_level=r#SOFTWARE, deny_later_strategy=EarlyBootOnly
05-22 10:11:54.568   245   257 I keystore2: system/security/keystore2/src/super_key.rs:305 - Starting boot level watcher.
05-22 10:11:54.568   245   275 I keystore2: system/security/keystore2/src/super_key.rs:337 - Read keystore.boot_level value 30
05-22 10:11:54.568   245   275 I keystore2: system/security/keystore2/src/super_key.rs:337 - Read keystore.boot_level value 30
05-22 10:11:54.568   245   257 I keystore2: system/security/keystore2/src/maintenance.rs:214 - Call to earlyBootEnded succeeded for security level TRUSTED_ENVIRONMENT.
05-22 10:11:54.568   221   221 I hwservicemanager: getTransport: Cannot find entry android.hardware.keymaster@4.0::IKeymasterDevice/default in either framework or device VINTF manifest.
05-22 10:11:54.569   221   221 I hwservicemanager: getTransport: Cannot find entry android.hardware.keymaster@3.0::IKeymasterDevice/default in either framework or device VINTF manifest.
05-22 10:11:54.569   245   257 I keystore2: system/security/keystore2/src/maintenance.rs:224 - Call to earlyBootEnded failed for StrongBox as it is not available
05-22 10:11:54.573   245   252 I keystore2: system/security/keystore2/src/maintenance.rs:306 - await a change to 'apexd.status'...notified
05-22 10:11:54.573   245   252 I keystore2: system/security/keystore2/src/maintenance.rs:299 - property 'apexd.status' is now 'Ok("")'
05-22 10:11:54.573   245   252 I keystore2: system/security/keystore2/src/maintenance.rs:304 - await a change to 'apexd.status'...
05-22 10:11:54.581   245   252 I keystore2: system/security/keystore2/src/maintenance.rs:306 - await a change to 'apexd.status'...notified
05-22 10:11:54.581   245   252 I keystore2: system/security/keystore2/src/maintenance.rs:299 - property 'apexd.status' is now 'Ok("starting")'
05-22 10:11:54.581   245   252 I keystore2: system/security/keystore2/src/maintenance.rs:304 - await a change to 'apexd.status'...
05-22 10:11:54.707   245   252 I keystore2: system/security/keystore2/src/maintenance.rs:306 - await a change to 'apexd.status'...notified
05-22 10:11:54.707   245   252 I keystore2: system/security/keystore2/src/maintenance.rs:299 - property 'apexd.status' is now 'Ok("activated")'
05-22 10:11:54.709   245   252 I keystore2: system/security/keystore2/src/maintenance.rs:343 - apex modules += com.android.adbd version 360526000
05-22 10:11:54.709   245   252 I keystore2: system/security/keystore2/src/maintenance.rs:343 - apex modules += com.android.adservices version 360526040
05-22 10:11:54.709   245   252 I keystore2: system/security/keystore2/src/maintenance.rs:343 - apex modules += com.android.apex.cts.shim version 1
05-22 10:11:54.709   245   252 I keystore2: system/security/keystore2/src/maintenance.rs:343 - apex modules += com.android.appsearch version 360526000
05-22 10:11:54.709   245   252 I keystore2: system/security/keystore2/src/maintenance.rs:343 - apex modules += com.android.art version 360526040
05-22 10:11:54.709   245   252 I keystore2: system/security/keystore2/src/maintenance.rs:343 - apex modules += com.android.bt version 360526000
05-22 10:11:54.709   245   252 I keystore2: system/security/keystore2/src/maintenance.rs:343 - apex modules += com.android.cellbroadcast version 360526020
05-22 10:11:54.709   245   252 I keystore2: system/security/keystore2/src/maintenance.rs:343 - apex modules += com.android.configinfrastructure version 360526000
05-22 10:11:54.709   245   252 I keystore2: system/security/keystore2/src/maintenance.rs:343 - apex modules += com.android.conscrypt version 360526000
05-22 10:11:54.709   245   252 I keystore2: system/security/keystore2/src/maintenance.rs:343 - apex modules += com.android.crashrecovery version 360526000
05-22 10:11:54.709   245   252 I keystore2: system/security/keystore2/src/maintenance.rs:343 - apex modules += com.android.devicelock version 1
05-22 10:11:54.709   245   252 I keystore2: system/security/keystore2/src/maintenance.rs:343 - apex modules += com.android.extservices version 360526003
05-22 10:11:54.709   245   252 I keystore2: system/security/keystore2/src/maintenance.rs:343 - apex modules += com.android.hardware.authsecret version 1
05-22 10:11:54.709   245   252 I keystore2: system/security/keystore2/src/maintenance.rs:343 - apex modules += com.android.hardware.cas version 1
05-22 10:11:54.709   245   252 I keystore2: system/security/keystore2/src/maintenance.rs:343 - apex modules += com.android.hardware.contexthub version 1
05-22 10:11:54.709   245   252 I keystore2: system/security/keystore2/src/maintenance.rs:343 - apex modules += com.android.hardware.dumpstate version 1
05-22 10:11:54.709   245   252 I keystore2: system/security/keystore2/src/maintenance.rs:343 - apex modules += com.android.hardware.gatekeeper version 1
05-22 10:11:54.709   245   252 I keystore2: system/security/keystore2/src/maintenance.rs:343 - apex modules += com.android.hardware.neuralnetworks version 1
05-22 10:11:54.709   245   252 I keystore2: system/security/keystore2/src/maintenance.rs:343 - apex modules += com.android.hardware.power version 1
05-22 10:11:54.709   245   252 I keystore2: system/security/keystore2/src/maintenance.rs:343 - apex modules += com.android.hardware.rebootescrow version 1
05-22 10:11:54.709   245   252 I keystore2: system/security/keystore2/src/maintenance.rs:343 - apex modules += com.android.hardware.thermal version 1
05-22 10:11:54.709   245   252 I keystore2: system/security/keystore2/src/maintenance.rs:343 - apex modules += com.android.hardware.threadnetwork version 1
05-22 10:11:54.709   245   252 I keystore2: system/security/keystore2/src/maintenance.rs:343 - apex modules += com.android.hardware.uwb version 1
05-22 10:11:54.709   245   252 I keystore2: system/security/keystore2/src/maintenance.rs:343 - apex modules += com.android.hardware.vibrator version 1
05-22 10:11:54.709   245   252 I keystore2: system/security/keystore2/src/maintenance.rs:343 - apex modules += com.android.healthfitness version 360526040
05-22 10:11:54.709   245   252 I keystore2: system/security/keystore2/src/maintenance.rs:343 - apex modules += com.android.i18n version 1
05-22 10:11:54.709   245   252 I keystore2: system/security/keystore2/src/maintenance.rs:343 - apex modules += com.android.ipsec version 360526000
05-22 10:11:54.709   245   252 I keystore2: system/security/keystore2/src/maintenance.rs:343 - apex modules += com.android.media version 360526000
05-22 10:11:54.709   245   252 I keystore2: system/security/keystore2/src/maintenance.rs:343 - apex modules += com.android.media.swcodec version 360526000
05-22 10:11:54.709   245   252 I keystore2: system/security/keystore2/src/maintenance.rs:343 - apex modules += com.android.mediaprovider version 360526000
05-22 10:11:54.709   245   252 I keystore2: system/security/keystore2/src/maintenance.rs:343 - apex modules += com.android.neuralnetworks version 360526000
05-22 10:11:54.709   245   252 I keystore2: system/security/keystore2/src/maintenance.rs:343 - apex modules += com.android.nfcservices version 360526020
05-22 10:11:54.709   245   252 I keystore2: system/security/keystore2/src/maintenance.rs:343 - apex modules += com.android.ondevicepersonalization version 360526000
05-22 10:11:54.709   245   252 I keystore2: system/security/keystore2/src/maintenance.rs:343 - apex modules += com.android.os.statsd version 360526000
05-22 10:11:54.709   245   252 I keystore2: system/security/keystore2/src/maintenance.rs:343 - apex modules += com.android.permission version 360526020
05-22 10:11:54.709   245   252 I keystore2: system/security/keystore2/src/maintenance.rs:343 - apex modules += com.android.profiling version 360526000
05-22 10:11:54.709   245   252 I keystore2: system/security/keystore2/src/maintenance.rs:343 - apex modules += com.android.resolv version 360526000
05-22 10:11:54.709   245   252 I keystore2: system/security/keystore2/src/maintenance.rs:343 - apex modules += com.android.rkpd version 360526000
05-22 10:11:54.709   245   252 I keystore2: system/security/keystore2/src/maintenance.rs:343 - apex modules += com.android.runtime version 1
05-22 10:11:54.709   245   252 I keystore2: system/security/keystore2/src/maintenance.rs:343 - apex modules += com.android.scheduling version 360526000
05-22 10:11:54.709   245   252 I keystore2: system/security/keystore2/src/maintenance.rs:343 - apex modules += com.android.sdkext version 360526000
05-22 10:11:54.709   245   252 I keystore2: system/security/keystore2/src/maintenance.rs:343 - apex modules += com.android.tethering version 360526040
05-22 10:11:54.709   245   252 I keystore2: system/security/keystore2/src/maintenance.rs:343 - apex modules += com.android.tzdata version 360526000
05-22 10:11:54.709   245   252 I keystore2: system/security/keystore2/src/maintenance.rs:343 - apex modules += com.android.uprobestats version 360526000
05-22 10:11:54.709   245   252 I keystore2: system/security/keystore2/src/maintenance.rs:343 - apex modules += com.android.uwb version 360526040
05-22 10:11:54.709   245   252 I keystore2: system/security/keystore2/src/maintenance.rs:343 - apex modules += com.android.virt version 3
05-22 10:11:54.709   245   252 I keystore2: system/security/keystore2/src/maintenance.rs:343 - apex modules += com.android.wifi version 360526000
05-22 10:11:54.709   245   252 I keystore2: system/security/keystore2/src/maintenance.rs:343 - apex modules += com.google.android.widevine version 190250226
05-22 10:11:54.709   245   252 I keystore2: system/security/keystore2/src/maintenance.rs:518 - set_module_info with 48 modules
05-22 10:11:54.709   245   252 I keystore2: system/security/keystore2/src/maintenance.rs:214 - Call to setAdditionalAttestationInfo succeeded for security level TRUSTED_ENVIRONMENT.
05-22 10:11:54.710   221   221 I hwservicemanager: getTransport: Cannot find entry android.hardware.keymaster@4.0::IKeymasterDevice/default in either framework or device VINTF manifest.
05-22 10:11:54.710   221   221 I hwservicemanager: getTransport: Cannot find entry android.hardware.keymaster@3.0::IKeymasterDevice/default in either framework or device VINTF manifest.
05-22 10:11:54.710   245   252 I keystore2: system/security/keystore2/src/maintenance.rs:224 - Call to setAdditionalAttestationInfo failed for StrongBox as it is not available
05-22 10:11:54.748   430   430 I aconfigd_system: main: starting aconfigd_system commands.
05-22 10:11:54.748   430   430 I aconfigd_system: main: aconfigd_mainline is enabled, skipping mainline init
05-22 10:11:54.753   431   431 I aconfigd_system: main: starting aconfigd_system commands.
05-22 10:11:54.753   431   431 I aconfigd_system: main: aconfigd_system is build-disabled, exiting
05-22 10:11:54.803   432   432 I aconfigd_mainline: main: starting aconfigd_mainline commands.
05-22 10:11:54.805   432   432 D aconfigd_mainline: aconfigd_rust::aconfigd: remove boot storage files for container com.android.appsearch
05-22 10:11:54.806   432   432 D aconfigd_mainline: aconfigd_rust::aconfigd: remove boot storage files for container com.android.uwb
05-22 10:11:54.806   432   432 D aconfigd_mainline: aconfigd_rust::aconfigd: remove boot storage files for container com.android.cellbroadcast
05-22 10:11:54.806   432   432 D aconfigd_mainline: aconfigd_rust::aconfigd: remove boot storage files for container com.android.bt
05-22 10:11:54.806   432   432 D aconfigd_mainline: aconfigd_rust::aconfigd: remove boot storage files for container com.android.profiling
05-22 10:11:54.806   432   432 D aconfigd_mainline: aconfigd_rust::aconfigd: remove boot storage files for container com.android.conscrypt
05-22 10:11:54.806   432   432 D aconfigd_mainline: aconfigd_rust::aconfigd: remove boot storage files for container com.android.devicelock
05-22 10:11:54.806   432   432 D aconfigd_mainline: aconfigd_rust::aconfigd: remove boot storage files for container com.android.nfcservices
05-22 10:11:54.806   432   432 D aconfigd_mainline: aconfigd_rust::aconfigd: remove boot storage files for container com.android.art
05-22 10:11:54.806   432   432 D aconfigd_mainline: aconfigd_rust::aconfigd: remove boot storage files for container com.android.os.statsd
05-22 10:11:54.806   432   432 D aconfigd_mainline: aconfigd_rust::aconfigd: remove boot storage files for container com.android.virt
05-22 10:11:54.806   432   432 D aconfigd_mainline: aconfigd_rust::aconfigd: remove boot storage files for container com.android.ipsec
05-22 10:11:54.806   432   432 D aconfigd_mainline: aconfigd_rust::aconfigd: remove boot storage files for container com.android.permission
05-22 10:11:54.806   432   432 D aconfigd_mainline: aconfigd_rust::aconfigd: remove boot storage files for container com.android.tethering
05-22 10:11:54.806   432   432 D aconfigd_mainline: aconfigd_rust::aconfigd: remove boot storage files for container com.android.healthfitness
05-22 10:11:54.806   432   432 D aconfigd_mainline: aconfigd_rust::aconfigd: remove boot storage files for container com.android.adservices
05-22 10:11:54.806   432   432 D aconfigd_mainline: aconfigd_rust::aconfigd: remove boot storage files for container com.android.media
05-22 10:11:54.806   432   432 D aconfigd_mainline: aconfigd_rust::aconfigd: remove boot storage files for container com.android.i18n
05-22 10:11:54.806   432   432 D aconfigd_mainline: aconfigd_rust::aconfigd: remove boot storage files for container com.android.configinfrastructure
05-22 10:11:54.806   432   432 D aconfigd_mainline: aconfigd_rust::aconfigd: remove boot storage files for container com.android.uprobestats
05-22 10:11:54.806   432   432 D aconfigd_mainline: aconfigd_rust::aconfigd: remove boot storage files for container com.android.mediaprovider
05-22 10:11:54.806   432   432 D aconfigd_mainline: aconfigd_rust::aconfigd: remove boot storage files for container com.android.ondevicepersonalization
05-22 10:11:54.806   432   432 D aconfigd_mainline: aconfigd_rust::aconfigd: remove boot storage files for container com.android.media.swcodec
05-22 10:11:54.806   432   432 D aconfigd_mainline: aconfigd_rust::aconfigd: remove boot storage files for container com.android.wifi
05-22 10:11:54.806   432   432 D aconfigd_mainline: aconfigd_rust::storage_files: create com.android.appsearch storage files object from pb entry
05-22 10:11:54.806   432   432 D aconfigd_mainline: aconfigd_rust::storage_files: create com.android.uwb storage files object from pb entry
05-22 10:11:54.806   432   432 D aconfigd_mainline: aconfigd_rust::storage_files: create com.android.cellbroadcast storage files object from pb entry
05-22 10:11:54.806   432   432 D aconfigd_mainline: aconfigd_rust::storage_files: create com.android.bt storage files object from pb entry
05-22 10:11:54.806   432   432 D aconfigd_mainline: aconfigd_rust::storage_files: create com.android.profiling storage files object from pb entry
05-22 10:11:54.806   432   432 D aconfigd_mainline: aconfigd_rust::storage_files: create com.android.conscrypt storage files object from pb entry
05-22 10:11:54.806   432   432 D aconfigd_mainline: aconfigd_rust::storage_files: create com.android.devicelock storage files object from pb entry
05-22 10:11:54.806   432   432 D aconfigd_mainline: aconfigd_rust::storage_files: create com.android.nfcservices storage files object from pb entry
05-22 10:11:54.806   432   432 D aconfigd_mainline: aconfigd_rust::storage_files: create com.android.art storage files object from pb entry
05-22 10:11:54.806   432   432 D aconfigd_mainline: aconfigd_rust::storage_files: create com.android.os.statsd storage files object from pb entry
05-22 10:11:54.806   432   432 D aconfigd_mainline: aconfigd_rust::storage_files: create com.android.virt storage files object from pb entry
05-22 10:11:54.806   432   432 D aconfigd_mainline: aconfigd_rust::storage_files: create com.android.ipsec storage files object from pb entry
05-22 10:11:54.806   432   432 D aconfigd_mainline: aconfigd_rust::storage_files: create com.android.permission storage files object from pb entry
05-22 10:11:54.806   432   432 D aconfigd_mainline: aconfigd_rust::storage_files: create com.android.tethering storage files object from pb entry
05-22 10:11:54.806   432   432 D aconfigd_mainline: aconfigd_rust::storage_files: create com.android.healthfitness storage files object from pb entry
05-22 10:11:54.806   432   432 D aconfigd_mainline: aconfigd_rust::storage_files: create com.android.adservices storage files object from pb entry
05-22 10:11:54.806   432   432 D aconfigd_mainline: aconfigd_rust::storage_files: create com.android.media storage files object from pb entry
05-22 10:11:54.806   432   432 D aconfigd_mainline: aconfigd_rust::storage_files: create com.android.i18n storage files object from pb entry
05-22 10:11:54.806   432   432 D aconfigd_mainline: aconfigd_rust::storage_files: create com.android.configinfrastructure storage files object from pb entry
05-22 10:11:54.807   432   432 D aconfigd_mainline: aconfigd_rust::storage_files: create com.android.uprobestats storage files object from pb entry
05-22 10:11:54.807   432   432 D aconfigd_mainline: aconfigd_rust::storage_files: create com.android.mediaprovider storage files object from pb entry
05-22 10:11:54.807   432   432 D aconfigd_mainline: aconfigd_rust::storage_files: create com.android.ondevicepersonalization storage files object from pb entry
05-22 10:11:54.807   432   432 D aconfigd_mainline: aconfigd_rust::storage_files: create com.android.media.swcodec storage files object from pb entry
05-22 10:11:54.807   432   432 D aconfigd_mainline: aconfigd_rust::storage_files: create com.android.wifi storage files object from pb entry
05-22 10:11:54.807   432   432 D aconfigd_mainline: aconfigd_rust::aconfigd: start initialize com.android.hardware.threadnetwork flags
05-22 10:11:54.807   432   432 D aconfigd_mainline: aconfigd_rust::aconfigd: start initialize com.android.tzdata flags
05-22 10:11:54.807   432   432 D aconfigd_mainline: aconfigd_rust::aconfigd: start initialize com.android.hardware.gatekeeper flags
05-22 10:11:54.807   432   432 D aconfigd_mainline: aconfigd_rust::aconfigd: start initialize com.android.hardware.neuralnetworks flags
05-22 10:11:54.807   432   432 D aconfigd_mainline: aconfigd_rust::aconfigd: start initialize com.android.hardware.rebootescrow flags
05-22 10:11:54.807   432   432 D aconfigd_mainline: aconfigd_rust::aconfigd: start initialize com.android.os.statsd flags
05-22 10:11:54.808   432   432 D aconfigd_mainline: aconfigd_rust::storage_files_manager: no need to update com.android.os.statsd, computed digest matches with record
05-22 10:11:54.808   432   432 D aconfigd_mainline: aconfigd_rust::storage_files_manager: writing updated storage records /metadata/aconfig/mainline_storage_records.pb
05-22 10:11:54.809   432   432 D aconfigd_mainline: aconfigd_rust::storage_files: apply staged server overrides for container com.android.os.statsd
05-22 10:11:54.809   432   432 D aconfigd_mainline: aconfigd_rust::storage_files: apply staged local overrides for container com.android.os.statsd
05-22 10:11:54.809   432   432 D aconfigd_mainline: aconfigd_rust::aconfigd: start initialize com.android.hardware.contexthub flags
05-22 10:11:54.809   432   432 D aconfigd_mainline: aconfigd_rust::aconfigd: start initialize com.android.hardware.thermal flags
05-22 10:11:54.809   432   432 D aconfigd_mainline: aconfigd_rust::aconfigd: start initialize com.android.hardware.authsecret flags
05-22 10:11:54.809   432   432 D aconfigd_mainline: aconfigd_rust::aconfigd: start initialize com.android.i18n flags
05-22 10:11:54.810   432   432 D aconfigd_mainline: aconfigd_rust::storage_files_manager: no need to update com.android.i18n, computed digest matches with record
05-22 10:11:54.810   432   432 D aconfigd_mainline: aconfigd_rust::storage_files_manager: writing updated storage records /metadata/aconfig/mainline_storage_records.pb
05-22 10:11:54.810   432   432 D aconfigd_mainline: aconfigd_rust::storage_files: apply staged server overrides for container com.android.i18n
05-22 10:11:54.810   432   432 D aconfigd_mainline: aconfigd_rust::storage_files: apply staged local overrides for container com.android.i18n
05-22 10:11:54.810   432   432 D aconfigd_mainline: aconfigd_rust::aconfigd: start initialize com.android.runtime flags
05-22 10:11:54.810   432   432 D aconfigd_mainline: aconfigd_rust::aconfigd: start initialize com.android.hardware.vibrator flags
05-22 10:11:54.810   432   432 D aconfigd_mainline: aconfigd_rust::aconfigd: start initialize com.google.android.widevine flags
05-22 10:11:54.810   432   432 D aconfigd_mainline: aconfigd_rust::aconfigd: start initialize com.android.hardware.power flags
05-22 10:11:54.810   432   432 D aconfigd_mainline: aconfigd_rust::aconfigd: start initialize com.android.hardware.cas flags
05-22 10:11:54.810   432   432 D aconfigd_mainline: aconfigd_rust::aconfigd: start initialize com.android.virt flags
05-22 10:11:54.811   432   432 D aconfigd_mainline: aconfigd_rust::storage_files_manager: no need to update com.android.virt, computed digest matches with record
05-22 10:11:54.811   432   432 D aconfigd_mainline: aconfigd_rust::storage_files_manager: writing updated storage records /metadata/aconfig/mainline_storage_records.pb
05-22 10:11:54.811   432   432 D aconfigd_mainline: aconfigd_rust::storage_files: apply staged server overrides for container com.android.virt
05-22 10:11:54.811   432   432 D aconfigd_mainline: aconfigd_rust::storage_files: apply staged local overrides for container com.android.virt
05-22 10:11:54.811   432   432 D aconfigd_mainline: aconfigd_rust::aconfigd: start initialize com.android.devicelock flags
05-22 10:11:54.812   432   432 D aconfigd_mainline: aconfigd_rust::storage_files_manager: no need to update com.android.devicelock, computed digest matches with record
05-22 10:11:54.812   432   432 D aconfigd_mainline: aconfigd_rust::storage_files_manager: writing updated storage records /metadata/aconfig/mainline_storage_records.pb
05-22 10:11:54.812   432   432 D aconfigd_mainline: aconfigd_rust::storage_files: apply staged server overrides for container com.android.devicelock
05-22 10:11:54.812   432   432 D aconfigd_mainline: aconfigd_rust::storage_files: apply staged local overrides for container com.android.devicelock
05-22 10:11:54.812   432   432 D aconfigd_mainline: aconfigd_rust::aconfigd: start initialize com.android.hardware.dumpstate flags
05-22 10:11:54.812   432   432 D aconfigd_mainline: aconfigd_rust::aconfigd: start initialize com.android.apex.cts.shim flags
05-22 10:11:54.812   432   432 D aconfigd_mainline: aconfigd_rust::aconfigd: start initialize com.android.extservices flags
05-22 10:11:54.812   432   432 D aconfigd_mainline: aconfigd_rust::aconfigd: start initialize com.android.neuralnetworks flags
05-22 10:11:54.812   432   432 D aconfigd_mainline: aconfigd_rust::aconfigd: start initialize com.android.crashrecovery flags
05-22 10:11:54.812   432   432 D aconfigd_mainline: aconfigd_rust::aconfigd: start initialize com.android.healthfitness flags
05-22 10:11:54.813   432   432 D aconfigd_mainline: aconfigd_rust::storage_files_manager: no need to update com.android.healthfitness, computed digest matches with record
05-22 10:11:54.813   432   432 D aconfigd_mainline: aconfigd_rust::storage_files_manager: writing updated storage records /metadata/aconfig/mainline_storage_records.pb
05-22 10:11:54.813   432   432 D aconfigd_mainline: aconfigd_rust::storage_files: apply staged server overrides for container com.android.healthfitness
05-22 10:11:54.814   432   432 D aconfigd_mainline: aconfigd_rust::storage_files: apply staged local overrides for container com.android.healthfitness
05-22 10:11:54.814   432   432 D aconfigd_mainline: aconfigd_rust::aconfigd: start initialize com.android.cellbroadcast flags
05-22 10:11:54.815   432   432 D aconfigd_mainline: aconfigd_rust::storage_files_manager: no need to update com.android.cellbroadcast, computed digest matches with record
05-22 10:11:54.815   432   432 D aconfigd_mainline: aconfigd_rust::storage_files_manager: writing updated storage records /metadata/aconfig/mainline_storage_records.pb
05-22 10:11:54.815   432   432 D aconfigd_mainline: aconfigd_rust::storage_files: apply staged server overrides for container com.android.cellbroadcast
05-22 10:11:54.815   432   432 D aconfigd_mainline: aconfigd_rust::storage_files: apply staged local overrides for container com.android.cellbroadcast
05-22 10:11:54.815   432   432 D aconfigd_mainline: aconfigd_rust::aconfigd: start initialize com.android.rkpd flags
05-22 10:11:54.815   432   432 D aconfigd_mainline: aconfigd_rust::aconfigd: start initialize com.android.hardware.uwb flags
05-22 10:11:54.815   432   432 D aconfigd_mainline: aconfigd_rust::aconfigd: start initialize com.android.scheduling flags
05-22 10:11:54.815   432   432 D aconfigd_mainline: aconfigd_rust::aconfigd: start initialize com.android.adservices flags
05-22 10:11:54.816   432   432 D aconfigd_mainline: aconfigd_rust::storage_files_manager: no need to update com.android.adservices, computed digest matches with record
05-22 10:11:54.816   432   432 D aconfigd_mainline: aconfigd_rust::storage_files_manager: writing updated storage records /metadata/aconfig/mainline_storage_records.pb
05-22 10:11:54.816   432   432 D aconfigd_mainline: aconfigd_rust::storage_files: apply staged server overrides for container com.android.adservices
05-22 10:11:54.817   432   432 D aconfigd_mainline: aconfigd_rust::storage_files: apply staged local overrides for container com.android.adservices
05-22 10:11:54.817   432   432 D aconfigd_mainline: aconfigd_rust::aconfigd: start initialize com.android.profiling flags
05-22 10:11:54.818   432   432 D aconfigd_mainline: aconfigd_rust::storage_files_manager: no need to update com.android.profiling, computed digest matches with record
05-22 10:11:54.818   432   432 D aconfigd_mainline: aconfigd_rust::storage_files_manager: writing updated storage records /metadata/aconfig/mainline_storage_records.pb
05-22 10:11:54.818   432   432 D aconfigd_mainline: aconfigd_rust::storage_files: apply staged server overrides for container com.android.profiling
05-22 10:11:54.818   432   432 D aconfigd_mainline: aconfigd_rust::storage_files: apply staged local overrides for container com.android.profiling
05-22 10:11:54.818   432   432 D aconfigd_mainline: aconfigd_rust::aconfigd: start initialize com.android.adbd flags
05-22 10:11:54.818   432   432 D aconfigd_mainline: aconfigd_rust::aconfigd: start initialize com.android.nfcservices flags
05-22 10:11:54.819   432   432 D aconfigd_mainline: aconfigd_rust::storage_files_manager: no need to update com.android.nfcservices, computed digest matches with record
05-22 10:11:54.819   432   432 D aconfigd_mainline: aconfigd_rust::storage_files_manager: writing updated storage records /metadata/aconfig/mainline_storage_records.pb
05-22 10:11:54.819   432   432 D aconfigd_mainline: aconfigd_rust::storage_files: apply staged server overrides for container com.android.nfcservices
05-22 10:11:54.820   432   432 D aconfigd_mainline: aconfigd_rust::storage_files: apply staged local overrides for container com.android.nfcservices
05-22 10:11:54.820   432   432 D aconfigd_mainline: aconfigd_rust::aconfigd: start initialize com.android.media flags
05-22 10:11:54.821   432   432 D aconfigd_mainline: aconfigd_rust::storage_files_manager: no need to update com.android.media, computed digest matches with record
05-22 10:11:54.821   432   432 D aconfigd_mainline: aconfigd_rust::storage_files_manager: writing updated storage records /metadata/aconfig/mainline_storage_records.pb
05-22 10:11:54.821   432   432 D aconfigd_mainline: aconfigd_rust::storage_files: apply staged server overrides for container com.android.media
05-22 10:11:54.821   432   432 D aconfigd_mainline: aconfigd_rust::storage_files: apply staged local overrides for container com.android.media
05-22 10:11:54.821   432   432 D aconfigd_mainline: aconfigd_rust::aconfigd: start initialize com.android.conscrypt flags
05-22 10:11:54.823   432   432 D aconfigd_mainline: aconfigd_rust::storage_files_manager: no need to update com.android.conscrypt, computed digest matches with record
05-22 10:11:54.823   432   432 D aconfigd_mainline: aconfigd_rust::storage_files_manager: writing updated storage records /metadata/aconfig/mainline_storage_records.pb
05-22 10:11:54.823   432   432 D aconfigd_mainline: aconfigd_rust::storage_files: apply staged server overrides for container com.android.conscrypt
05-22 10:11:54.823   432   432 D aconfigd_mainline: aconfigd_rust::storage_files: apply staged local overrides for container com.android.conscrypt
05-22 10:11:54.823   432   432 D aconfigd_mainline: aconfigd_rust::aconfigd: start initialize com.android.media.swcodec flags
05-22 10:11:54.823   432   432 D aconfigd_mainline: aconfigd_rust::storage_files_manager: no need to update com.android.media.swcodec, computed digest matches with record
05-22 10:11:54.823   432   432 D aconfigd_mainline: aconfigd_rust::storage_files_manager: writing updated storage records /metadata/aconfig/mainline_storage_records.pb
05-22 10:11:54.823   432   432 D aconfigd_mainline: aconfigd_rust::storage_files: apply staged server overrides for container com.android.media.swcodec
05-22 10:11:54.824   432   432 D aconfigd_mainline: aconfigd_rust::storage_files: apply staged local overrides for container com.android.media.swcodec
05-22 10:11:54.824   432   432 D aconfigd_mainline: aconfigd_rust::aconfigd: start initialize com.android.resolv flags
05-22 10:11:54.824   432   432 D aconfigd_mainline: aconfigd_rust::aconfigd: start initialize com.android.appsearch flags
05-22 10:11:54.825   432   432 D aconfigd_mainline: aconfigd_rust::storage_files_manager: no need to update com.android.appsearch, computed digest matches with record
05-22 10:11:54.825   432   432 D aconfigd_mainline: aconfigd_rust::storage_files_manager: writing updated storage records /metadata/aconfig/mainline_storage_records.pb
05-22 10:11:54.825   432   432 D aconfigd_mainline: aconfigd_rust::storage_files: apply staged server overrides for container com.android.appsearch
05-22 10:11:54.825   432   432 D aconfigd_mainline: aconfigd_rust::storage_files: apply staged local overrides for container com.android.appsearch
05-22 10:11:54.825   432   432 D aconfigd_mainline: aconfigd_rust::aconfigd: start initialize com.android.uwb flags
05-22 10:11:54.826   432   432 D aconfigd_mainline: aconfigd_rust::storage_files_manager: no need to update com.android.uwb, computed digest matches with record
05-22 10:11:54.826   432   432 D aconfigd_mainline: aconfigd_rust::storage_files_manager: writing updated storage records /metadata/aconfig/mainline_storage_records.pb
05-22 10:11:54.826   432   432 D aconfigd_mainline: aconfigd_rust::storage_files: apply staged server overrides for container com.android.uwb
05-22 10:11:54.827   432   432 D aconfigd_mainline: aconfigd_rust::storage_files: apply staged local overrides for container com.android.uwb
05-22 10:11:54.827   432   432 D aconfigd_mainline: aconfigd_rust::aconfigd: start initialize com.android.permission flags
05-22 10:11:54.828   432   432 D aconfigd_mainline: aconfigd_rust::storage_files_manager: no need to update com.android.permission, computed digest matches with record
05-22 10:11:54.828   432   432 D aconfigd_mainline: aconfigd_rust::storage_files_manager: writing updated storage records /metadata/aconfig/mainline_storage_records.pb
05-22 10:11:54.828   432   432 D aconfigd_mainline: aconfigd_rust::storage_files: apply staged server overrides for container com.android.permission
05-22 10:11:54.828   432   432 D aconfigd_mainline: aconfigd_rust::storage_files: apply staged local overrides for container com.android.permission
05-22 10:11:54.828   432   432 D aconfigd_mainline: aconfigd_rust::aconfigd: start initialize com.android.tethering flags
05-22 10:11:54.829   432   432 D aconfigd_mainline: aconfigd_rust::storage_files_manager: no need to update com.android.tethering, computed digest matches with record
05-22 10:11:54.829   432   432 D aconfigd_mainline: aconfigd_rust::storage_files_manager: writing updated storage records /metadata/aconfig/mainline_storage_records.pb
05-22 10:11:54.829   432   432 D aconfigd_mainline: aconfigd_rust::storage_files: apply staged server overrides for container com.android.tethering
05-22 10:11:54.829   432   432 D aconfigd_mainline: aconfigd_rust::storage_files: apply staged local overrides for container com.android.tethering
05-22 10:11:54.829   432   432 D aconfigd_mainline: aconfigd_rust::aconfigd: start initialize com.android.uprobestats flags
05-22 10:11:54.830   432   432 D aconfigd_mainline: aconfigd_rust::storage_files_manager: no need to update com.android.uprobestats, computed digest matches with record
05-22 10:11:54.830   432   432 D aconfigd_mainline: aconfigd_rust::storage_files_manager: writing updated storage records /metadata/aconfig/mainline_storage_records.pb
05-22 10:11:54.830   432   432 D aconfigd_mainline: aconfigd_rust::storage_files: apply staged server overrides for container com.android.uprobestats
