--------- beginning of system
05-13 11:31:25.946   172   172 I vold    : Vold 3.0 (the awakening) firing up
05-13 11:31:25.947   172   172 D vold    : Detected support for: ext4 f2fs vfat
05-13 11:31:25.949   172   172 I vold    : [libfstab] Using Android DT directory /proc/device-tree/firmware/android/
05-13 11:31:25.950   172   172 D vold    : VoldNativeService::start() completed OK
05-13 11:31:25.975   172   172 D vold    : fscrypt_mount_metadata_encrypted: /data encrypt: 0 format: 0 with null block device: /dev/block/vdc with zoned 0
05-13 11:31:25.975   172   172 D vold    : metadata_key_dir/key: /metadata/vold/metadata_encryption/key
05-13 11:31:25.976   172   172 D vold    : Key exists, using: /metadata/vold/metadata_encryption/key
05-13 11:31:26.011   182   182 I keystore2: system/security/keystore2/src/keystore2_main.rs:61 - Keystore2 is starting.
05-13 11:31:26.011   182   182 I keystore2: system/security/keystore2/src/keystore2_main.rs:67 - Setting up sqlite logging for keystore2
05-13 11:31:26.014   182   182 I keystore2: system/security/keystore2/src/keystore2_main.rs:99 - Starting thread pool now.
05-13 11:31:26.015   182   182 I keystore2: system/security/keystore2/src/globals.rs:263 - KeyMint device is current version (Some(300)) for security level: r#TRUSTED_ENVIRONMENT
05-13 11:31:26.016   182   190 I keystore2: system/security/keystore2/src/shared_secret_negotiation.rs:48 - Shared secret negotiation concluded successfully.
05-13 11:31:26.017   182   190 I keystore2: system/security/keystore2/src/shared_secret_negotiation.rs:290 - No StrongBox Keymint available, so no RoT transfer
05-13 11:31:26.018   182   182 I keystore2: system/security/keystore2/src/keystore2_main.rs:154 - Successfully registered Keystore 2.0 service.
05-13 11:31:26.018   182   182 I keystore2: system/security/keystore2/src/keystore2_main.rs:156 - Joining thread pool now.
05-13 11:31:26.019   172   172 D vold    : Mounting metadata-encrypted filesystem:/data
05-13 11:31:26.020   172   172 I vold    : AIDL IBootControl not available, falling back to HIDL.
05-13 11:31:26.020   172   172 E vold    : Error getting bootctrl v1.0 module.
05-13 11:31:26.020   172   172 I vold    : [libfs_mgr] superblock s_max_mnt_count:65535,/dev/block/mapper/userdata
05-13 11:31:26.020   172   172 I vold    : [libfs_mgr] Filesystem on /dev/block/mapper/userdata was not cleanly shutdown; state flags: 0x1, incompat feature flags: 0x30046
05-13 11:31:26.145   172   172 I vold    : [libfs_mgr] check_fs(): mount(/dev/block/mapper/userdata,/data,ext4)=0: Success
05-13 11:31:26.148   172   172 I vold    : [libfs_mgr] umount_retry(): unmount(/data) succeeded
05-13 11:31:26.148   172   172 I vold    : [libfs_mgr] Running /system/bin/e2fsck on /dev/block/dm-44
05-13 11:31:26.428   172   172 I vold    : [libfs_mgr] superblock s_max_mnt_count:65535,/dev/block/mapper/userdata
05-13 11:31:26.428   172   172 W vold    : [libfs_mgr] Reserved blocks 32768 is too large; capping to 31457
05-13 11:31:26.429   172   172 I vold    : [libfs_mgr] __mount(source=/dev/block/mapper/userdata,target=/data,type=ext4)=0: Success
05-13 11:31:26.429   172   172 D vold    : Mounted /data
05-13 11:31:26.436   172   172 I Checkpoint: cp_prepareCheckpoint called
05-13 11:31:26.440   172   172 I vold    : fscrypt_initialize_systemwide_keys
05-13 11:31:26.440   172   172 D vold    : Key exists, using: /data/unencrypted/key
05-13 11:31:26.444   172   172 D vold    : Installed fscrypt key with ref 2feec60e9f05b322671702c0de1788e2 to /data
05-13 11:31:26.447   172   172 I vold    : Wrote system DE key reference to:/data/unencrypted/ref
05-13 11:31:26.447   172   172 D vold    : Generating standard storage key
05-13 11:31:26.447   172   172 D vold    : Installed fscrypt key with ref 8d688c6389366f7da262c4488f9cd883 to /data
05-13 11:31:26.448   172   172 I vold    : Wrote per boot key reference to:/data/unencrypted/per_boot_ref
05-13 11:31:26.456   172   172 I incfs   : Initial API level of the device: 35
05-13 11:31:26.456   172   172 I incfs   : ro.incremental.enable: yes
05-13 11:31:26.456   172   172 I incfs   : isFsAvailable: true
05-13 11:31:26.456   172   172 I incfs   : isFsAvailable: true
05-13 11:31:26.456   172   172 I incfs   : IncFs_Features: v2
05-13 11:31:26.456   182   182 I keystore2: system/security/keystore2/src/maintenance.rs:347 - earlyBootEnded()
05-13 11:31:26.456   182   182 I keystore2: system/security/keystore2/src/maintenance.rs:217 - In early_boot_ended.
05-13 11:31:26.461   182   182 I keystore2: system/security/keystore2/src/globals.rs:70 - Touching Keystore 2.0 database for this first time since boot.
05-13 11:31:26.461   182   182 I keystore2: system/security/keystore2/src/globals.rs:71 - Calling cleanup leftovers.
05-13 11:31:26.461   182   182 I keystore2: system/security/keystore2/src/boot_level_keys.rs:57 - ro.keystore.boot_level_key.strategy not set, inferring from installed KM instances
05-13 11:31:26.461   182   182 I keystore2: system/security/keystore2/src/boot_level_keys.rs:115 - In get_level_zero_key: security_level=r#SOFTWARE, deny_later_strategy=EarlyBootOnly
05-13 11:31:26.464   182   182 I keystore2: system/security/keystore2/src/super_key.rs:302 - Starting boot level watcher.
05-13 11:31:26.464   182   182 I keystore2: system/security/keystore2/src/maintenance.rs:198 - Call to earlyBootEnded succeeded for security level TRUSTED_ENVIRONMENT.
05-13 11:31:26.464   182   212 I keystore2: system/security/keystore2/src/super_key.rs:334 - Read keystore.boot_level value 30
05-13 11:31:26.464   182   212 I keystore2: system/security/keystore2/src/super_key.rs:334 - Read keystore.boot_level value 30
05-13 11:31:26.465   182   182 E keystore2: system/security/keystore2/src/maintenance.rs:203 - Call to earlyBootEnded failed for security level STRONGBOX: system/security/keystore2/src/maintenance.rs:178: getting keymint device.
05-13 11:31:26.465   182   182 E keystore2: system/security/keystore2/src/error.rs:171 - system/security/keystore2/src/maintenance.rs:178: getting keymint device
05-13 11:31:26.465   182   182 E keystore2: 
05-13 11:31:26.465   182   182 E keystore2: Caused by:
05-13 11:31:26.465   182   182 E keystore2:     0: system/security/keystore2/src/globals.rs:342: Cannot connect to Keymint
05-13 11:31:26.465   182   182 E keystore2:     1: system/security/keystore2/src/globals.rs:249: Trying to get Legacy wrapper. Attempt to get keystore compat service for security level r#STRONGBOX
05-13 11:31:26.465   182   182 E keystore2:     2: Error::Km(r#HARDWARE_TYPE_UNAVAILABLE)
05-13 11:31:26.465   172   172 E vold    : keystore2 Keystore earlyBootEnded returned service specific error: -68
05-13 11:31:26.630   172   172 D vold    : fscrypt_init_user0
05-13 11:31:26.630   172   172 D vold    : Preparing: /data/misc/vold/user_keys
05-13 11:31:26.630   172   172 D vold    : Preparing: /data/misc/vold/user_keys/ce
05-13 11:31:26.631   172   172 D vold    : Preparing: /data/misc/vold/user_keys/de
05-13 11:31:26.634   172   172 D vold    : Installed fscrypt key with ref a8f65d87382636eff8eb7d2a7dcdeb02 to /data
05-13 11:31:26.634   172   172 D vold    : Installed de key for user 0
05-13 11:31:26.634   172   172 D vold    : Preparing: /data/data
05-13 11:31:26.635   172   172 D vold    : Preparing: /data/user/0
05-13 11:31:26.635   172   172 D vold    : Preparing: /data/media/obb
05-13 11:31:26.635   172   172 D vold    : fscrypt_prepare_user_storage for volume null, user 0, flags 1
05-13 11:31:26.635   172   172 D vold    : Preparing: /data/system/users/0
05-13 11:31:26.635   172   172 D vold    : Preparing: /data/misc/profiles/cur/0
05-13 11:31:26.636   172   172 D vold    : Preparing: /data/system_de/0
05-13 11:31:26.636   172   172 I vold    : Verified that /data/system_de/0 has the encryption policy a8f65d87382636eff8eb7d2a7dcdeb02 v2 modes 1/4 flags 0x2
05-13 11:31:26.636   172   172 D vold    : Preparing: /data/vendor_de/0
05-13 11:31:26.636   172   172 I vold    : Verified that /data/vendor_de/0 has the encryption policy a8f65d87382636eff8eb7d2a7dcdeb02 v2 modes 1/4 flags 0x2
05-13 11:31:26.637   172   172 D vold    : Preparing: /data/misc_de/0
05-13 11:31:26.637   172   172 I vold    : Verified that /data/misc_de/0 has the encryption policy a8f65d87382636eff8eb7d2a7dcdeb02 v2 modes 1/4 flags 0x2
05-13 11:31:26.637   172   172 D vold    : Preparing: /data/user_de/0
05-13 11:31:26.637   172   172 I vold    : Verified that /data/user_de/0 has the encryption policy a8f65d87382636eff8eb7d2a7dcdeb02 v2 modes 1/4 flags 0x2
05-13 11:31:26.637   172   172 D vold    : /system/bin/vold_prepare_subdirs
05-13 11:31:26.637   172   172 D vold    :     prepare
05-13 11:31:26.637   172   172 D vold    :     
05-13 11:31:26.637   172   172 D vold    :     0
05-13 11:31:26.637   172   172 D vold    :     1
05-13 11:31:26.692   355   355 I odsign  : Trying to retrieve existing HMAC key...
05-13 11:31:26.693   355   355 I odsign  : Trying to retrieve existing keystore key...
05-13 11:31:26.694   355   355 I odsign  : Verified public key signature.
05-13 11:31:26.694   355   355 I odsign  : Initialized Keystore key.
05-13 11:31:26.695   355   355 I odsign  : Found and verified existing public key certificate: /data/misc/odsign/key.cert
05-13 11:31:26.749   356   356 I odrefresh: ART APEX version 350820300
05-13 11:31:26.807   356   356 I odrefresh: Boot images on /system OK (arm64)
05-13 11:31:26.810   356   356 I odrefresh: system_server artifacts on /system OK
05-13 11:31:26.813   355   355 I odsign  : /data/misc/odsign/odsign.info.signature matches.
05-13 11:31:26.813   355   355 I odsign  : Loaded /data/misc/odsign/odsign.info
05-13 11:31:26.813   355   355 I odsign  : All root hashes match.
05-13 11:31:26.813   355   355 I odsign  : odrefresh said artifacts are VALID
05-13 11:31:26.813   355   355 I odsign  : On-device signing done.
05-13 11:31:26.813   355   355 I odsign  : Metrics report is empty
05-13 11:31:26.813   182   212 I keystore2: system/security/keystore2/src/super_key.rs:339 - keystore.boot_level 1000000000 hits maximum 1000000000, finishing.
05-13 11:31:27.012   396   396 I android.hardware.wifi-service: Wifi Hal is booting up...
05-13 11:31:27.013   396   396 I android.hardware.wifi-service: Joining RPC thread pool
05-13 11:31:27.090   427   427 I gsid    : no DSU: No such file or directory
05-13 11:31:27.140   466   466 I installd: installd firing up
05-13 11:31:27.167   473   473 I wificond: wificond is starting up...
05-13 11:31:27.171   473   473 I HidlServiceManagement: Registered android.system.wifi.keystore@1.0::IKeystore/default
05-13 11:31:27.410   534   570 D BootAnimation: BootAnimationShownTiming start time: 5971ms
05-13 11:31:28.173   585   585 D SystemServerTiming: InitBeforeStartServices
05-13 11:31:28.175   585   585 I SystemServer: Entered the Android system server!
05-13 11:31:28.251   585   585 I SystemServerInitThreadPool: Creating instance with 4 threads
05-13 11:31:28.251   585   585 D SystemServerTiming: StartServices
05-13 11:31:28.251   585   585 D SystemServerTiming: startBootstrapServices
05-13 11:31:28.251   585   585 D SystemServerTiming: ArtModuleServiceInitializer
05-13 11:31:28.252   585   585 D SystemServerTiming: StartWatchdog
05-13 11:31:28.253   585   585 I SystemServer: Reading configuration...
05-13 11:31:28.253   585   585 D SystemServerTiming: ReadingSystemConfig
05-13 11:31:28.253   585   585 D SystemServerTiming: PlatformCompat
05-13 11:31:28.253   585   617 D SystemServerTimingAsync: InitThreadPoolExec:ReadingSystemConfig
05-13 11:31:28.253   585   585 D CompatConfig: Found a config file: /system/etc/compatconfig/TeleService-platform-compat-config.xml
05-13 11:31:28.253   585   617 I SystemConfig: Reading permissions from /system/etc/sysconfig/enhanced-confirmation.xml
05-13 11:31:28.254   585   585 D CompatConfig: Adding: com.android.server.compat.config.Change@44d67b9
05-13 11:31:28.254   585   585 D CompatConfig: Adding: com.android.server.compat.config.Change@ca5b7fe
05-13 11:31:28.254   585   585 D CompatConfig: Adding: com.android.server.compat.config.Change@d12eb5f
05-13 11:31:28.254   585   585 D CompatConfig: Adding: com.android.server.compat.config.Change@f3f59ac
05-13 11:31:28.254   585   585 D CompatConfig: Adding: com.android.server.compat.config.Change@253c675
05-13 11:31:28.254   585   585 D CompatConfig: Adding: com.android.server.compat.config.Change@7a1560a
05-13 11:31:28.254   585   585 D CompatConfig: Found a config file: /system/etc/compatconfig/calendar-provider-compat-config.xml
05-13 11:31:28.254   585   585 D CompatConfig: Adding: com.android.server.compat.config.Change@91e6498
05-13 11:31:28.254   585   585 D CompatConfig: Found a config file: /system/etc/compatconfig/contacts-provider-platform-compat-config.xml
05-13 11:31:28.254   585   617 I SystemConfig: Reading permissions from /system/etc/sysconfig/framework-sysconfig.xml
05-13 11:31:28.255   585   585 D CompatConfig: Found a config file: /system/etc/compatconfig/documents-ui-compat-config.xml
05-13 11:31:28.255   585   585 D CompatConfig: Adding: com.android.server.compat.config.Change@e13244
05-13 11:31:28.255   585   617 I SystemConfig: Reading permissions from /system/etc/sysconfig/hiddenapi-package-whitelist.xml
05-13 11:31:28.255   585   585 D CompatConfig: Found a config file: /system/etc/compatconfig/framework-location-compat-config.xml
05-13 11:31:28.255   585   585 D CompatConfig: Adding: com.android.server.compat.config.Change@2e12eb0
05-13 11:31:28.255   585   585 D CompatConfig: Adding: com.android.server.compat.config.Change@23ab129
05-13 11:31:28.255   585   585 D CompatConfig: Adding: com.android.server.compat.config.Change@3ae1cae
05-13 11:31:28.255   585   585 D CompatConfig: Adding: com.android.server.compat.config.Change@a736a4f
05-13 11:31:28.255   585   585 D CompatConfig: Adding: com.android.server.compat.config.Change@5a285dc
05-13 11:31:28.255   585   585 D CompatConfig: Adding: com.android.server.compat.config.Change@f2436e5
05-13 11:31:28.255   585   585 D CompatConfig: Adding: com.android.server.compat.config.Change@54355ba
05-13 11:31:28.255   585   585 D CompatConfig: Adding: com.android.server.compat.config.Change@9a65c6b
05-13 11:31:28.255   585   617 I SystemConfig: Reading permissions from /system/etc/sysconfig/initial-package-stopped-states.xml
05-13 11:31:28.255   585   617 I SystemConfig: Reading permissions from /system/etc/sysconfig/package-shareduid-allowlist.xml
05-13 11:31:28.255   585   617 I SystemConfig: Reading permissions from /system/etc/sysconfig/preinstalled-packages-asl-files.xml
05-13 11:31:28.255   585   585 D CompatConfig: Found a config file: /system/etc/compatconfig/framework-platform-compat-config.xml
05-13 11:31:28.255   585   617 I SystemConfig: Reading permissions from /system/etc/sysconfig/preinstalled-packages-platform-generic-system.xml
05-13 11:31:28.255   585   617 I SystemConfig: Reading permissions from /system/etc/sysconfig/preinstalled-packages-platform-handheld-system.xml
05-13 11:31:28.255   585   617 I SystemConfig: Reading permissions from /system/etc/sysconfig/preinstalled-packages-platform.xml
05-13 11:31:28.256   585   617 I SystemConfig: Reading permissions from /system/etc/sysconfig/preinstalled-packages-strict-signature.xml
05-13 11:31:28.256   585   617 I SystemConfig: Reading permissions from /system/etc/permissions/android.software.credentials.xml
05-13 11:31:28.256   585   617 I SystemConfig: Reading permissions from /system/etc/permissions/android.software.live_wallpaper.xml
05-13 11:31:28.256   585   617 I SystemConfig: Reading permissions from /system/etc/permissions/android.software.webview.xml
05-13 11:31:28.256   585   617 I SystemConfig: Reading permissions from /system/etc/permissions/android.software.window_magnification.xml
05-13 11:31:28.256   585   617 I SystemConfig: Reading permissions from /system/etc/permissions/android.test.base.xml
05-13 11:31:28.256   585   585 D CompatConfig: Adding: com.android.server.compat.config.Change@7011e0c
05-13 11:31:28.256   585   585 D CompatConfig: Adding: com.android.server.compat.config.Change@be9a355
05-13 11:31:28.256   585   585 D CompatConfig: Adding: com.android.server.compat.config.Change@afca16a
05-13 11:31:28.256   585   585 D CompatConfig: Adding: com.android.server.compat.config.Change@8bb365b
05-13 11:31:28.256   585   585 D CompatConfig: Adding: com.android.server.compat.config.Change@2ee1fd1
05-13 11:31:28.256   585   585 D CompatConfig: Adding: com.android.server.compat.config.Change@9bb6a36
05-13 11:31:28.256   585   617 I SystemConfig: Reading permissions from /system/etc/permissions/android.test.mock.xml
05-13 11:31:28.256   585   585 D CompatConfig: Adding: com.android.server.compat.config.Change@aecdd37
05-13 11:31:28.256   585   585 D CompatConfig: Adding: com.android.server.compat.config.Change@1cb22a4
05-13 11:31:28.256   585   585 D CompatConfig: Adding: com.android.server.compat.config.Change@6e3e80d
05-13 11:31:28.256   585   585 D CompatConfig: Adding: com.android.server.compat.config.Change@6cbf3c2
05-13 11:31:28.256   585   585 D CompatConfig: Adding: com.android.server.compat.config.Change@32815d3
05-13 11:31:28.256   585   585 D CompatConfig: Adding: com.android.server.compat.config.Change@1f3f809
05-13 11:31:28.256   585   585 D CompatConfig: Adding: com.android.server.compat.config.Change@a698a0e
05-13 11:31:28.256   585   585 D CompatConfig: Adding: com.android.server.compat.config.Change@bd43c2f
05-13 11:31:28.256   585   617 I SystemConfig: Reading permissions from /system/etc/permissions/android.test.runner.xml
05-13 11:31:28.256   585   585 D CompatConfig: Adding: com.android.server.compat.config.Change@f0e223c
05-13 11:31:28.256   585   585 D CompatConfig: Adding: com.android.server.compat.config.Change@ddb0bc5
05-13 11:31:28.256   585   585 D CompatConfig: Adding: com.android.server.compat.config.Change@338391a
05-13 11:31:28.256   585   585 D CompatConfig: Adding: com.android.server.compat.config.Change@4726c4b
05-13 11:31:28.256   585   585 D CompatConfig: Adding: com.android.server.compat.config.Change@eb92628
05-13 11:31:28.256   585   585 D CompatConfig: Adding: com.android.server.compat.config.Change@9659f41
05-13 11:31:28.256   585   585 D CompatConfig: Adding: com.android.server.compat.config.Change@410cce6
05-13 11:31:28.256   585   585 D CompatConfig: Adding: com.android.server.compat.config.Change@9798227
05-13 11:31:28.256   585   585 D CompatConfig: Adding: com.android.server.compat.config.Change@f8e7cd4
05-13 11:31:28.256   585   585 D CompatConfig: Adding: com.android.server.compat.config.Change@9abee7d
05-13 11:31:28.256   585   585 D CompatConfig: Adding: com.android.server.compat.config.Change@28cd172
05-13 11:31:28.256   585   585 D CompatConfig: Adding: com.android.server.compat.config.Change@df219c3
05-13 11:31:28.256   585   585 D CompatConfig: Adding: com.android.server.compat.config.Change@3c09240
05-13 11:31:28.256   585   585 D CompatConfig: Adding: com.android.server.compat.config.Change@30df579
05-13 11:31:28.256   585   585 D CompatConfig: Adding: com.android.server.compat.config.Change@25292be
05-13 11:31:28.256   585   585 D CompatConfig: Adding: com.android.server.compat.config.Change@2d28f1f
05-13 11:31:28.256   585   585 D CompatConfig: Adding: com.android.server.compat.config.Change@c3c926c
05-13 11:31:28.256   585   585 D CompatConfig: Adding: com.android.server.compat.config.Change@5ef7035
05-13 11:31:28.256   585   585 D CompatConfig: Adding: com.android.server.compat.config.Change@9211cca
05-13 11:31:28.256   585   585 D CompatConfig: Adding: com.android.server.compat.config.Change@81afe3b
05-13 11:31:28.256   585   585 D CompatConfig: Adding: com.android.server.compat.config.Change@9966958
05-13 11:31:28.256   585   585 D CompatConfig: Adding: com.android.server.compat.config.Change@b33dab1
05-13 11:31:28.256   585   585 D CompatConfig: Adding: com.android.server.compat.config.Change@79c3b96
05-13 11:31:28.256   585   585 D CompatConfig: Adding: com.android.server.compat.config.Change@3b14317
05-13 11:31:28.256   585   585 D CompatConfig: Adding: com.android.server.compat.config.Change@fb4c304
05-13 11:31:28.256   585   585 D CompatConfig: Adding: com.android.server.compat.config.Change@c7a70ed
05-13 11:31:28.256   585   585 D CompatConfig: Adding: com.android.server.compat.config.Change@2d87b22
05-13 11:31:28.256   585   585 D CompatConfig: Adding: com.android.server.compat.config.Change@9fcf9b3
05-13 11:31:28.256   585   585 D CompatConfig: Adding: com.android.server.compat.config.Change@83d0b70
05-13 11:31:28.256   585   585 D CompatConfig: Adding: com.android.server.compat.config.Change@41a2ee9
05-13 11:31:28.256   585   585 D CompatConfig: Adding: com.android.server.compat.config.Change@aa7276e
05-13 11:31:28.256   585   585 D CompatConfig: Adding: com.android.server.compat.config.Change@4437e0f
05-13 11:31:28.256   585   585 D CompatConfig: Adding: com.android.server.compat.config.Change@fbf6e9c
05-13 11:31:28.256   585   585 D CompatConfig: Adding: com.android.server.compat.config.Change@ddd0a5
05-13 11:31:28.256   585   585 D CompatConfig: Adding: com.android.server.compat.config.Change@8a24c7a
05-13 11:31:28.256   585   585 D CompatConfig: Adding: com.android.server.compat.config.Change@c3ec2b
05-13 11:31:28.256   585   585 D CompatConfig: Adding: com.android.server.compat.config.Change@9a2d888
05-13 11:31:28.256   585   585 D CompatConfig: Adding: com.android.server.compat.config.Change@97fd221
05-13 11:31:28.256   585   585 D CompatConfig: Adding: com.android.server.compat.config.Change@3f8b646
05-13 11:31:28.256   585   585 D CompatConfig: Adding: com.android.server.compat.config.Change@8932007
05-13 11:31:28.256   585   585 D CompatConfig: Adding: com.android.server.compat.config.Change@6d0f534
05-13 11:31:28.256   585   585 D CompatConfig: Adding: com.android.server.compat.config.Change@be66f5d
05-13 11:31:28.256   585   585 D CompatConfig: Adding: com.android.server.compat.config.Change@5f9f0d2
05-13 11:31:28.256   585   585 D CompatConfig: Adding: com.android.server.compat.config.Change@737b5a3
05-13 11:31:28.256   585   585 D CompatConfig: Adding: com.android.server.compat.config.Change@b2230a0
05-13 11:31:28.256   585   585 D CompatConfig: Adding: com.android.server.compat.config.Change@b62481e
05-13 11:31:28.256   585   617 I SystemConfig: Reading permissions from /system/etc/permissions/com.android.future.usb.accessory.xml
05-13 11:31:28.256   585   617 I SystemConfig: Reading permissions from /system/etc/permissions/com.android.intentresolver.xml
05-13 11:31:28.256   585   585 D CompatConfig: Adding: com.android.server.compat.config.Change@608ff
05-13 11:31:28.256   585   585 D CompatConfig: Adding: com.android.server.compat.config.Change@71d2d15
05-13 11:31:28.256   585   585 D CompatConfig: Adding: com.android.server.compat.config.Change@e66c82a
05-13 11:31:28.256   585   585 D CompatConfig: Adding: com.android.server.compat.config.Change@d3c361b
05-13 11:31:28.256   585   585 D CompatConfig: Adding: com.android.server.compat.config.Change@f0173b8
05-13 11:31:28.256   585   585 D CompatConfig: Adding: com.android.server.compat.config.Change@d308591
05-13 11:31:28.256   585   585 D CompatConfig: Adding: com.android.server.compat.config.Change@5813cf6
05-13 11:31:28.256   585   585 D CompatConfig: Adding: com.android.server.compat.config.Change@4de18f7
05-13 11:31:28.256   585   585 D CompatConfig: Adding: com.android.server.compat.config.Change@4361364
05-13 11:31:28.256   585   585 D CompatConfig: Adding: com.android.server.compat.config.Change@846e9cd
05-13 11:31:28.256   585   585 D CompatConfig: Adding: com.android.server.compat.config.Change@2fc3282
05-13 11:31:28.256   585   585 D CompatConfig: Adding: com.android.server.compat.config.Change@f514d93
05-13 11:31:28.256   585   585 D CompatConfig: Adding: com.android.server.compat.config.Change@df301d0
05-13 11:31:28.256   585   585 D CompatConfig: Adding: com.android.server.compat.config.Change@1e555c9
05-13 11:31:28.256   585   585 D CompatConfig: Adding: com.android.server.compat.config.Change@13ef4ce
05-13 11:31:28.256   585   585 D CompatConfig: Adding: com.android.server.compat.config.Change@bb92fef
05-13 11:31:28.256   585   585 D CompatConfig: Adding: com.android.server.compat.config.Change@c4e6afc
05-13 11:31:28.257   585   585 D CompatConfig: Adding: com.android.server.compat.config.Change@ce48585
05-13 11:31:28.257   585   585 D CompatConfig: Adding: com.android.server.compat.config.Change@7d98fda
05-13 11:31:28.257   585   585 D CompatConfig: Adding: com.android.server.compat.config.Change@e12dc0b
05-13 11:31:28.257   585   585 D CompatConfig: Adding: com.android.server.compat.config.Change@6ecf501
05-13 11:31:28.257   585   585 D CompatConfig: Adding: com.android.server.compat.config.Change@550cfa6
05-13 11:31:28.257   585   585 D CompatConfig: Adding: com.android.server.compat.config.Change@3112de7
05-13 11:31:28.257   585   585 D CompatConfig: Adding: com.android.server.compat.config.Change@1f71d94
05-13 11:31:28.257   585   585 D CompatConfig: Adding: com.android.server.compat.config.Change@5b2e03d
05-13 11:31:28.257   585   585 D CompatConfig: Adding: com.android.server.compat.config.Change@9aa4032
05-13 11:31:28.257   585   585 D CompatConfig: Adding: com.android.server.compat.config.Change@5b8c183
05-13 11:31:28.257   585   585 D CompatConfig: Adding: com.android.server.compat.config.Change@8f27f00
05-13 11:31:28.257   585   585 D CompatConfig: Adding: com.android.server.compat.config.Change@bf24339
05-13 11:31:28.257   585   585 D CompatConfig: Adding: com.android.server.compat.config.Change@db82d7e
05-13 11:31:28.257   585   585 D CompatConfig: Adding: com.android.server.compat.config.Change@2bbf2df
05-13 11:31:28.257   585   585 D CompatConfig: Adding: com.android.server.compat.config.Change@5808b2c
05-13 11:31:28.257   585   585 D CompatConfig: Adding: com.android.server.compat.config.Change@22ad9f5
05-13 11:31:28.257   585   585 D CompatConfig: Adding: com.android.server.compat.config.Change@325a38a
05-13 11:31:28.257   585   585 D CompatConfig: Adding: com.android.server.compat.config.Change@596ddfb
05-13 11:31:28.257   585   585 D CompatConfig: Adding: com.android.server.compat.config.Change@4012e18
05-13 11:31:28.257   585   585 D CompatConfig: Adding: com.android.server.compat.config.Change@f1c2071
05-13 11:31:28.257   585   585 D CompatConfig: Adding: com.android.server.compat.config.Change@9426e56
05-13 11:31:28.257   585   585 D CompatConfig: Adding: com.android.server.compat.config.Change@b6b5ed7
05-13 11:31:28.257   585   585 D CompatConfig: Adding: com.android.server.compat.config.Change@4e713c4
05-13 11:31:28.257   585   617 I SystemConfig: Reading permissions from /system/etc/permissions/com.android.location.provider.xml
05-13 11:31:28.257   585   585 D CompatConfig: Adding: com.android.server.compat.config.Change@c0152ad
05-13 11:31:28.257   585   585 D CompatConfig: Adding: com.android.server.compat.config.Change@28f19e2
05-13 11:31:28.257   585   585 D CompatConfig: Adding: com.android.server.compat.config.Change@79d1173
05-13 11:31:28.257   585   585 D CompatConfig: Adding: com.android.server.compat.config.Change@b23a830
05-13 11:31:28.257   585   585 D CompatConfig: Adding: com.android.server.compat.config.Change@8d6ca9
05-13 11:31:28.257   585   585 D CompatConfig: Adding: com.android.server.compat.config.Change@708f22e
05-13 11:31:28.257   585   585 D CompatConfig: Adding: com.android.server.compat.config.Change@62d51cf
05-13 11:31:28.257   585   585 D CompatConfig: Adding: com.android.server.compat.config.Change@553175c
05-13 11:31:28.257   585   585 D CompatConfig: Adding: com.android.server.compat.config.Change@2a72a65
05-13 11:31:28.257   585   585 D CompatConfig: Adding: com.android.server.compat.config.Change@f36033a
05-13 11:31:28.257   585   585 D CompatConfig: Adding: com.android.server.compat.config.Change@7d73beb
05-13 11:31:28.257   585   585 D CompatConfig: Adding: com.android.server.compat.config.Change@da84d48
05-13 11:31:28.257   585   585 D CompatConfig: Adding: com.android.server.compat.config.Change@5e507e1
05-13 11:31:28.257   585   585 D CompatConfig: Adding: com.android.server.compat.config.Change@3f11906
05-13 11:31:28.257   585   585 D CompatConfig: Adding: com.android.server.compat.config.Change@3ebabc7
05-13 11:31:28.257   585   585 D CompatConfig: Adding: com.android.server.compat.config.Change@c98f5f4
05-13 11:31:28.257   585   585 D CompatConfig: Adding: com.android.server.compat.config.Change@6c9411d
05-13 11:31:28.257   585   585 D CompatConfig: Adding: com.android.server.compat.config.Change@ef5bf92
05-13 11:31:28.257   585   585 D CompatConfig: Adding: com.android.server.compat.config.Change@a497d60
05-13 11:31:28.257   585   585 D CompatConfig: Adding: com.android.server.compat.config.Change@dbdd219
05-13 11:31:28.257   585   585 D CompatConfig: Adding: com.android.server.compat.config.Change@82c42de
05-13 11:31:28.257   585   585 D CompatConfig: Adding: com.android.server.compat.config.Change@cec4cbf
05-13 11:31:28.257   585   585 D CompatConfig: Adding: com.android.server.compat.config.Change@ab90f8c
05-13 11:31:28.257   585   585 D CompatConfig: Adding: com.android.server.compat.config.Change@5d076d5
05-13 11:31:28.257   585   585 D CompatConfig: Adding: com.android.server.compat.config.Change@bb5aeea
05-13 11:31:28.257   585   585 D CompatConfig: Adding: com.android.server.compat.config.Change@aa2f5db
05-13 11:31:28.257   585   585 D CompatConfig: Adding: com.android.server.compat.config.Change@ad9878
05-13 11:31:28.257   585   585 D CompatConfig: Adding: com.android.server.compat.config.Change@32eab51
05-13 11:31:28.257   585   585 D CompatConfig: Adding: com.android.server.compat.config.Change@4b7cfb6
05-13 11:31:28.257   585   585 D CompatConfig: Adding: com.android.server.compat.config.Change@5114b7
05-13 11:31:28.257   585   585 D CompatConfig: Adding: com.android.server.compat.config.Change@35fc424
05-13 11:31:28.257   585   585 D CompatConfig: Adding: com.android.server.compat.config.Change@561ab8d
05-13 11:31:28.257   585   585 D CompatConfig: Adding: com.android.server.compat.config.Change@8e93142
05-13 11:31:28.257   585   585 D CompatConfig: Adding: com.android.server.compat.config.Change@3584553
05-13 11:31:28.257   585   585 D CompatConfig: Adding: com.android.server.compat.config.Change@2e6fe90
05-13 11:31:28.257   585   585 D CompatConfig: Adding: com.android.server.compat.config.Change@14a7389
05-13 11:31:28.257   585   585 D CompatConfig: Adding: com.android.server.compat.config.Change@dd1f8e
05-13 11:31:28.257   585   585 D CompatConfig: Adding: com.android.server.compat.config.Change@397e3af
05-13 11:31:28.257   585   585 D CompatConfig: Adding: com.android.server.compat.config.Change@76573bc
05-13 11:31:28.257   585   585 D CompatConfig: Adding: com.android.server.compat.config.Change@eddbf45
05-13 11:31:28.257   585   585 D CompatConfig: Adding: com.android.server.compat.config.Change@90fa69a
05-13 11:31:28.257   585   585 D CompatConfig: Adding: com.android.server.compat.config.Change@5890bcb
05-13 11:31:28.257   585   585 D CompatConfig: Adding: com.android.server.compat.config.Change@6f40fa8
05-13 11:31:28.257   585   585 D CompatConfig: Adding: com.android.server.compat.config.Change@6a00ac1
05-13 11:31:28.257   585   585 D CompatConfig: Adding: com.android.server.compat.config.Change@7b19266
05-13 11:31:28.257   585   585 D CompatConfig: Adding: com.android.server.compat.config.Change@21a99a7
05-13 11:31:28.257   585   585 D CompatConfig: Adding: com.android.server.compat.config.Change@e4e7e54
05-13 11:31:28.257   585   585 D CompatConfig: Adding: com.android.server.compat.config.Change@ae191fd
05-13 11:31:28.257   585   585 D CompatConfig: Adding: com.android.server.compat.config.Change@3346ef2
05-13 11:31:28.257   585   617 I SystemConfig: Reading permissions from /system/etc/permissions/com.android.media.remotedisplay.xml
05-13 11:31:28.257   585   617 I SystemConfig: Reading permissions from /system/etc/permissions/com.android.mediadrm.signer.xml
05-13 11:31:28.257   585   617 I SystemConfig: Reading permissions from /system/etc/permissions/com.android.nfc_extras.xml
05-13 11:31:28.257   585   617 I SystemConfig: Reading permissions from /system/etc/permissions/javax.obex.xml
05-13 11:31:28.257   585   585 D CompatConfig: Found a config file: /system/etc/compatconfig/icu4j-platform-compat-config.xml
05-13 11:31:28.257   585   585 D CompatConfig: Adding: com.android.server.compat.config.Change@c8f169f
05-13 11:31:28.257   585   585 D CompatConfig: Found a config file: /system/etc/compatconfig/services-platform-compat-config.xml
05-13 11:31:28.257   585   617 I SystemConfig: Reading permissions from /system/etc/permissions/org.apache.http.legacy.xml
05-13 11:31:28.257   585   617 I SystemConfig: Reading permissions from /system/etc/permissions/privapp-permissions-google.xml
05-13 11:31:28.258   585   617 I SystemConfig: Reading permissions from /system/etc/permissions/privapp-permissions-platform.xml
05-13 11:31:28.258   585   585 D CompatConfig: Adding: com.android.server.compat.config.Change@91eb2d8
05-13 11:31:28.258   585   585 D CompatConfig: Adding: com.android.server.compat.config.Change@7a02631
05-13 11:31:28.258   585   585 D CompatConfig: Adding: com.android.server.compat.config.Change@5b96116
05-13 11:31:28.258   585   585 D CompatConfig: Adding: com.android.server.compat.config.Change@8873a97
05-13 11:31:28.258   585   585 D CompatConfig: Adding: com.android.server.compat.config.Change@d382484
05-13 11:31:28.258   585   585 D CompatConfig: Adding: com.android.server.compat.config.Change@e1ff46d
05-13 11:31:28.258   585   585 D CompatConfig: Adding: com.android.server.compat.config.Change@96278a2
05-13 11:31:28.258   585   585 D CompatConfig: Adding: com.android.server.compat.config.Change@efae933
05-13 11:31:28.258   585   585 D CompatConfig: Adding: com.android.server.compat.config.Change@45504f0
05-13 11:31:28.258   585   585 D CompatConfig: Adding: com.android.server.compat.config.Change@1546a69
05-13 11:31:28.258   585   585 D CompatConfig: Adding: com.android.server.compat.config.Change@f937cee
05-13 11:31:28.258   585   585 D CompatConfig: Adding: com.android.server.compat.config.Change@ff0e58f
05-13 11:31:28.258   585   585 D CompatConfig: Adding: com.android.server.compat.config.Change@b1d801c
05-13 11:31:28.258   585   585 D CompatConfig: Adding: com.android.server.compat.config.Change@a404425
05-13 11:31:28.258   585   585 D CompatConfig: Adding: com.android.server.compat.config.Change@bbe79fa
05-13 11:31:28.258   585   585 D CompatConfig: Adding: com.android.server.compat.config.Change@aa04bab
05-13 11:31:28.258   585   585 D CompatConfig: Adding: com.android.server.compat.config.Change@e908208
05-13 11:31:28.258   585   585 D CompatConfig: Adding: com.android.server.compat.config.Change@555fda1
05-13 11:31:28.258   585   585 D CompatConfig: Adding: com.android.server.compat.config.Change@46a3bc6
05-13 11:31:28.258   585   585 D CompatConfig: Adding: com.android.server.compat.config.Change@95f787
05-13 11:31:28.258   585   585 D CompatConfig: Adding: com.android.server.compat.config.Change@aafb6b4
05-13 11:31:28.258   585   585 D CompatConfig: Adding: com.android.server.compat.config.Change@9b3d2dd
05-13 11:31:28.258   585   585 D CompatConfig: Adding: com.android.server.compat.config.Change@fbe4e52
05-13 11:31:28.258   585   585 D CompatConfig: Adding: com.android.server.compat.config.Change@5508523
05-13 11:31:28.258   585   585 D CompatConfig: Adding: com.android.server.compat.config.Change@7eb8a20
05-13 11:31:28.258   585   585 D CompatConfig: Adding: com.android.server.compat.config.Change@81fbfd9
05-13 11:31:28.258   585   585 D CompatConfig: Adding: com.android.server.compat.config.Change@ccefd9e
05-13 11:31:28.258   585   585 D CompatConfig: Adding: com.android.server.compat.config.Change@b9c507f
05-13 11:31:28.258   585   585 D CompatConfig: Adding: com.android.server.compat.config.Change@34f284c
05-13 11:31:28.258   585   585 D CompatConfig: Adding: com.android.server.compat.config.Change@dc38095
05-13 11:31:28.258   585   585 D CompatConfig: Adding: com.android.server.compat.config.Change@5a955aa
05-13 11:31:28.258   585   585 D CompatConfig: Adding: com.android.server.compat.config.Change@caf759b
05-13 11:31:28.258   585   585 D CompatConfig: Adding: com.android.server.compat.config.Change@d6c7d38
05-13 11:31:28.258   585   585 D CompatConfig: Adding: com.android.server.compat.config.Change@6a89111
05-13 11:31:28.258   585   585 D CompatConfig: Adding: com.android.server.compat.config.Change@61f2276
05-13 11:31:28.258   585   585 D CompatConfig: Adding: com.android.server.compat.config.Change@505d077
05-13 11:31:28.258   585   585 D CompatConfig: Adding: com.android.server.compat.config.Change@c0834e4
05-13 11:31:28.258   585   585 D CompatConfig: Adding: com.android.server.compat.config.Change@bf42d4d
05-13 11:31:28.258   585   585 D CompatConfig: Adding: com.android.server.compat.config.Change@352f002
05-13 11:31:28.258   585   585 D CompatConfig: Adding: com.android.server.compat.config.Change@2fcfd13
05-13 11:31:28.258   585   585 D CompatConfig: Adding: com.android.server.compat.config.Change@a85bb50
05-13 11:31:28.258   585   585 D CompatConfig: Adding: com.android.server.compat.config.Change@9e35149
05-13 11:31:28.258   585   585 D CompatConfig: Adding: com.android.server.compat.config.Change@40a4e
05-13 11:31:28.258   585   585 D CompatConfig: Adding: com.android.server.compat.config.Change@330576f
05-13 11:31:28.258   585   585 D CompatConfig: Adding: com.android.server.compat.config.Change@5133c7c
05-13 11:31:28.258   585   585 D CompatConfig: Adding: com.android.server.compat.config.Change@986b905
05-13 11:31:28.258   585   585 D CompatConfig: Adding: com.android.server.compat.config.Change@99a7d5a
05-13 11:31:28.258   585   585 D CompatConfig: Adding: com.android.server.compat.config.Change@694fb8b
05-13 11:31:28.258   585   585 D CompatConfig: Adding: com.android.server.compat.config.Change@a95a468
05-13 11:31:28.258   585   585 D CompatConfig: Adding: com.android.server.compat.config.Change@a3ee081
05-13 11:31:28.258   585   585 D CompatConfig: Adding: com.android.server.compat.config.Change@9f31526
05-13 11:31:28.258   585   585 D CompatConfig: Adding: com.android.server.compat.config.Change@e55c567
05-13 11:31:28.258   585   585 D CompatConfig: Adding: com.android.server.compat.config.Change@1549f14
05-13 11:31:28.258   585   585 D CompatConfig: Adding: com.android.server.compat.config.Change@6f803bd
05-13 11:31:28.258   585   585 D CompatConfig: Adding: com.android.server.compat.config.Change@9eb5db2
05-13 11:31:28.258   585   585 D CompatConfig: Adding: com.android.server.compat.config.Change@96f5103
05-13 11:31:28.258   585   585 D CompatConfig: Adding: com.android.server.compat.config.Change@a669880
05-13 11:31:28.258   585   585 D CompatConfig: Adding: com.android.server.compat.config.Change@3261eb9
05-13 11:31:28.258   585   585 D CompatConfig: Adding: com.android.server.compat.config.Change@ada2fe
05-13 11:31:28.258   585   585 D CompatConfig: Adding: com.android.server.compat.config.Change@bfa5f
05-13 11:31:28.258   585   585 D CompatConfig: Adding: com.android.server.compat.config.Change@fdcbcac
05-13 11:31:28.258   585   585 D CompatConfig: Adding: com.android.server.compat.config.Change@b80ed75
05-13 11:31:28.258   585   585 D CompatConfig: Adding: com.android.server.compat.config.Change@bbcf10a
05-13 11:31:28.258   585   585 D CompatConfig: Adding: com.android.server.compat.config.Change@89fdd7b
05-13 11:31:28.258   585   585 D CompatConfig: Adding: com.android.server.compat.config.Change@9aef798
05-13 11:31:28.258   585   585 D CompatConfig: Adding: com.android.server.compat.config.Change@67febf1
05-13 11:31:28.258   585   585 D CompatConfig: Adding: com.android.server.compat.config.Change@bc113d6
05-13 11:31:28.258   585   585 D CompatConfig: Adding: com.android.server.compat.config.Change@2c4d657
05-13 11:31:28.258   585   585 D CompatConfig: Adding: com.android.server.compat.config.Change@567f544
05-13 11:31:28.258   585   585 D CompatConfig: Adding: com.android.server.compat.config.Change@96562d
05-13 11:31:28.258   585   585 D CompatConfig: Adding: com.android.server.compat.config.Change@2129762
05-13 11:31:28.258   585   585 D CompatConfig: Adding: com.android.server.compat.config.Change@3d680f3
05-13 11:31:28.258   585   585 D CompatConfig: Adding: com.android.server.compat.config.Change@c9121b0
05-13 11:31:28.258   585   585 D CompatConfig: Adding: com.android.server.compat.config.Change@2f2829
05-13 11:31:28.258   585   585 D CompatConfig: Adding: com.android.server.compat.config.Change@b06c7ae
05-13 11:31:28.258   585   585 D CompatConfig: Adding: com.android.server.compat.config.Change@14e394f
05-13 11:31:28.258   585   585 D CompatConfig: Adding: com.android.server.compat.config.Change@5dea8dc
05-13 11:31:28.258   585   585 D CompatConfig: Adding: com.android.server.compat.config.Change@d691de5
05-13 11:31:28.258   585   585 D CompatConfig: Adding: com.android.server.compat.config.Change@fbb0ba
05-13 11:31:28.258   585   585 D CompatConfig: Adding: com.android.server.compat.config.Change@4df1b6b
05-13 11:31:28.258   585   585 D CompatConfig: Adding: com.android.server.compat.config.Change@d1b76c8
05-13 11:31:28.258   585   585 D CompatConfig: Adding: com.android.server.compat.config.Change@992b361
05-13 11:31:28.258   585   585 D CompatConfig: Adding: com.android.server.compat.config.Change@4241e86
05-13 11:31:28.258   585   585 D CompatConfig: Adding: com.android.server.compat.config.Change@6520347
05-13 11:31:28.258   585   585 D CompatConfig: Adding: com.android.server.compat.config.Change@dd53774
05-13 11:31:28.258   585   585 D CompatConfig: Adding: com.android.server.compat.config.Change@266249d
05-13 11:31:28.258   585   585 D CompatConfig: Adding: com.android.server.compat.config.Change@3139d12
05-13 11:31:28.258   585   585 D CompatConfig: Adding: com.android.server.compat.config.Change@7218ce3
05-13 11:31:28.258   585   585 D CompatConfig: Adding: com.android.server.compat.config.Change@cc856e0
05-13 11:31:28.258   585   585 D CompatConfig: Adding: com.android.server.compat.config.Change@d056d99
05-13 11:31:28.258   585   585 D CompatConfig: Adding: com.android.server.compat.config.Change@a785e
05-13 11:31:28.258   585   585 D CompatConfig: Adding: com.android.server.compat.config.Change@bd6143f
05-13 11:31:28.258   585   585 D CompatConfig: Adding: com.android.server.compat.config.Change@c0c010c
05-13 11:31:28.258   585   585 D CompatConfig: Adding: com.android.server.compat.config.Change@4b64a55
05-13 11:31:28.258   585   585 D CompatConfig: Adding: com.android.server.compat.config.Change@f01bc6a
05-13 11:31:28.258   585   585 D CompatConfig: Adding: com.android.server.compat.config.Change@f21b55b
05-13 11:31:28.258   585   585 D CompatConfig: Adding: com.android.server.compat.config.Change@5fe21f8
05-13 11:31:28.258   585   585 D CompatConfig: Adding: com.android.server.compat.config.Change@95e36d1
05-13 11:31:28.258   585   585 D CompatConfig: Adding: com.android.server.compat.config.Change@8773536
05-13 11:31:28.258   585   585 D CompatConfig: Adding: com.android.server.compat.config.Change@abc4c37
05-13 11:31:28.258   585   585 D CompatConfig: Adding: com.android.server.compat.config.Change@aef65a4
05-13 11:31:28.258   585   585 D CompatConfig: Adding: com.android.server.compat.config.Change@9be6f0d
05-13 11:31:28.258   585   585 D CompatConfig: Adding: com.android.server.compat.config.Change@cf96ec2
05-13 11:31:28.258   585   585 D CompatConfig: Adding: com.android.server.compat.config.Change@1ff74d3
05-13 11:31:28.258   585   585 D CompatConfig: Adding: com.android.server.compat.config.Change@d8f3810
05-13 11:31:28.258   585   585 D CompatConfig: Adding: com.android.server.compat.config.Change@56fef09
05-13 11:31:28.258   585   585 D CompatConfig: Found a config file: /system/system_ext/etc/compatconfig/settings-platform-compat-config.xml
05-13 11:31:28.258   585   585 D CompatConfig: Adding: com.android.server.compat.config.Change@a17c53c
05-13 11:31:28.258   585   617 I SystemConfig: Reading permissions from /system/etc/permissions/platform.xml
05-13 11:31:28.259   585   585 D ApexManagerTiming: getActiveApexInfos_noCache
05-13 11:31:28.259   585   617 I SystemConfig: Reading permissions from /vendor/etc/permissions/android.hardware.biometrics.face.xml
05-13 11:31:28.259   585   617 I SystemConfig: Reading permissions from /vendor/etc/permissions/android.hardware.bluetooth.xml
05-13 11:31:28.259   585   617 I SystemConfig: Reading permissions from /vendor/etc/permissions/android.hardware.bluetooth_le.xml
05-13 11:31:28.259   585   617 I SystemConfig: Reading permissions from /vendor/etc/permissions/android.hardware.camera.concurrent.xml
05-13 11:31:28.259   585   617 I SystemConfig: Reading permissions from /vendor/etc/permissions/android.hardware.camera.flash-autofocus.xml
05-13 11:31:28.259   585   617 I SystemConfig: Reading permissions from /vendor/etc/permissions/android.hardware.camera.front.xml
05-13 11:31:28.260   585   617 I SystemConfig: Reading permissions from /vendor/etc/permissions/android.hardware.camera.full.xml
05-13 11:31:28.260   585   617 I SystemConfig: Reading permissions from /vendor/etc/permissions/android.hardware.camera.raw.xml
05-13 11:31:28.260   585   617 I SystemConfig: Reading permissions from /vendor/etc/permissions/android.hardware.fingerprint.xml
05-13 11:31:28.260   585   617 I SystemConfig: Reading permissions from /vendor/etc/permissions/android.hardware.hardware_keystore.xml
05-13 11:31:28.260   585   617 I SystemConfig: Reading permissions from /vendor/etc/permissions/android.hardware.identity_credential.xml
05-13 11:31:28.260   585   617 I SystemConfig: Reading permissions from /vendor/etc/permissions/android.hardware.keystore.app_attest_key.xml
05-13 11:31:28.260   585   617 I SystemConfig: Reading permissions from /vendor/etc/permissions/android.hardware.touchscreen.multitouch.jazzhand.xml
05-13 11:31:28.260   585   617 I SystemConfig: Reading permissions from /vendor/etc/permissions/android.hardware.vulkan.compute.xml
05-13 11:31:28.260   585   617 I SystemConfig: Reading permissions from /vendor/etc/permissions/android.hardware.vulkan.level.xml
05-13 11:31:28.260   585   617 I SystemConfig: Reading permissions from /vendor/etc/permissions/android.hardware.vulkan.version.xml
05-13 11:31:28.260   585   617 I SystemConfig: Reading permissions from /vendor/etc/permissions/android.hardware.wifi.direct.xml
05-13 11:31:28.260   585   617 I SystemConfig: Reading permissions from /vendor/etc/permissions/android.hardware.wifi.passpoint.xml
05-13 11:31:28.260   585   617 I SystemConfig: Reading permissions from /vendor/etc/permissions/android.hardware.wifi.xml
05-13 11:31:28.260   585   617 I SystemConfig: Reading permissions from /vendor/etc/permissions/android.software.autofill.xml
05-13 11:31:28.260   585   617 I SystemConfig: Reading permissions from /vendor/etc/permissions/android.software.opengles.deqp.level.xml
05-13 11:31:28.260   585   617 I SystemConfig: Reading permissions from /vendor/etc/permissions/android.software.vulkan.deqp.level.xml
05-13 11:31:28.260   585   617 I SystemConfig: Reading permissions from /vendor/etc/permissions/handheld_core_hardware.xml
05-13 11:31:28.261   585   617 I SystemConfig: Reading permissions from /product/etc/sysconfig/disable-zero-touch.xml
05-13 11:31:28.261   585   617 I SystemConfig: Reading permissions from /product/etc/sysconfig/google-hiddenapi-package-whitelist.xml
05-13 11:31:28.261   585   585 D CompatConfig: Found a config file: /apex/com.android.art/etc/compatconfig/libcore-platform-compat-config.xml
05-13 11:31:28.261   585   617 I SystemConfig: Reading permissions from /product/etc/sysconfig/google-staged-installer-whitelist.xml
05-13 11:31:28.261   585   585 D CompatConfig: Adding: com.android.server.compat.config.Change@4a10de8
05-13 11:31:28.261   585   585 D CompatConfig: Adding: com.android.server.compat.config.Change@43fcc01
05-13 11:31:28.261   585   585 D CompatConfig: Adding: com.android.server.compat.config.Change@9185aa6
05-13 11:31:28.261   585   585 D CompatConfig: Adding: com.android.server.compat.config.Change@d615ce7
05-13 11:31:28.261   585   585 D CompatConfig: Adding: com.android.server.compat.config.Change@e6d2094
05-13 11:31:28.261   585   585 D CompatConfig: Adding: com.android.server.compat.config.Change@adc273d
05-13 11:31:28.261   585   585 D CompatConfig: Adding: com.android.server.compat.config.Change@9df7b32
05-13 11:31:28.261   585   585 D CompatConfig: Adding: com.android.server.compat.config.Change@65ce083
05-13 11:31:28.261   585   585 D CompatConfig: Adding: com.android.server.compat.config.Change@a45b200
05-13 11:31:28.261   585   585 D CompatConfig: Adding: com.android.server.compat.config.Change@7e8fa39
05-13 11:31:28.261   585   585 D CompatConfig: Adding: com.android.server.compat.config.Change@b86187e
05-13 11:31:28.261   585   585 D CompatConfig: Adding: com.android.server.compat.config.Change@30301df
05-13 11:31:28.261   585   585 D CompatConfig: Adding: com.android.server.compat.config.Change@453ee2c
05-13 11:31:28.261   585   585 D CompatConfig: Adding: com.android.server.compat.config.Change@c5600f5
05-13 11:31:28.261   585   585 D CompatConfig: Adding: com.android.server.compat.config.Change@7673e8a
05-13 11:31:28.261   585   585 D CompatConfig: Adding: com.android.server.compat.config.Change@4bfdcfb
05-13 11:31:28.261   585   617 I SystemConfig: Reading permissions from /product/etc/sysconfig/google.xml
05-13 11:31:28.262   585   585 D CompatConfig: No directory /apex/com.android.ondevicepersonalization/etc/compatconfig, skipping
