03-10 12:11:37.026   426   426 E bt_vhci_forwarder: setTerminalRaw failed /dev/bluetooth0: Inappropriate ioctl for device
03-10 12:11:37.027   365   365 I resolv  : resolv_init: Initializing resolver
03-10 12:11:37.028   422   422 E bootstat: Failed to read /metadata/bootstat/persist.sys.boot.reason: No such file or directory
03-10 12:11:37.028   422   422 I bootstat: Value of persist.sys.boot.reason : 
03-10 12:11:37.028   422   422 I bootstat: Normalized last reboot reason : reboot
03-10 12:11:37.029   422   422 E bootstat: Failed to unlink /metadata/bootstat/persist.sys.boot.reason: No such file or directory
03-10 12:11:37.031   375   375 D android.hardware.media.c2@1.0-service-goldfish: Goldfish C2 Service starting...
03-10 12:11:37.031   375   375 W android.hardware.media.c2@1.0-service-goldfish: Could not read additional policy file '/vendor/etc/seccomp_policy/codec2.vendor.ext.policy'
03-10 12:11:37.031   424   424 I perfetto:  probes_producer.cc:373 Disconnected from tracing service
03-10 12:11:37.031   375   375 W android.hardware.media.c2@1.0-service-goldfish: libminijail[375]: failed to get path of fd 4: No such file or directory
03-10 12:11:37.031   375   375 W android.hardware.media.c2@1.0-service-goldfish: libminijail[375]: allowing syscall: connect
03-10 12:11:37.031   375   375 W android.hardware.media.c2@1.0-service-goldfish: libminijail[375]: allowing syscall: fcntl
03-10 12:11:37.031   375   375 W android.hardware.media.c2@1.0-service-goldfish: libminijail[375]: allowing syscall: sendto
03-10 12:11:37.031   375   375 W android.hardware.media.c2@1.0-service-goldfish: libminijail[375]: allowing syscall: socket
03-10 12:11:37.031   375   375 W android.hardware.media.c2@1.0-service-goldfish: libminijail[375]: allowing syscall: writev
03-10 12:11:37.033   375   375 W android.hardware.media.c2@1.0-service-goldfish: libminijail[375]: compile_file: <fd>(75): syscall munmap redefined here
03-10 12:11:37.033   375   375 W android.hardware.media.c2@1.0-service-goldfish: libminijail[375]: compile_file: <fd>(39): previous definition here
03-10 12:11:37.033   375   375 W android.hardware.media.c2@1.0-service-goldfish: libminijail[375]: logging seccomp filter failures
03-10 12:11:37.033   375   375 D android.hardware.media.c2@1.0-service-goldfish: Instantiating Codec2's Goldfish IComponentStore service...
03-10 12:11:37.033   375   375 I GoldfishComponentStore: Create()
03-10 12:11:37.033   375   375 W GoldfishComponentStore: created goldfish store 0xb4000075818ac8d0 reflector of param 0xb4000076618af8e8
03-10 12:11:37.033   375   375 D GoldfishComponentStore: useAndroidGoldfishComponentInstance 253 found prop ro.boot.qemu.hwcodec.vpxdec val 2
03-10 12:11:37.033   375   375 D GoldfishComponentStore: useAndroidGoldfishComponentInstance 253 found prop ro.boot.qemu.hwcodec.avcdec val 2
03-10 12:11:37.033   375   375 D GoldfishComponentStore: useAndroidGoldfishComponentInstance 253 found prop ro.boot.qemu.hwcodec.hevcdec val 2
03-10 12:11:37.034   425   425 W perfetto:          service.cc:232 Started traced, listening on /dev/socket/traced_producer /dev/socket/traced_consumer
03-10 12:11:37.035   375   375 E Codec2-FilterWrapper: plugin not OK: -19
03-10 12:11:37.035   375   375 I HidlServiceManagement: Registered android.hardware.media.c2@1.0::IComponentStore/default
03-10 12:11:37.036   375   375 I HidlServiceManagement: Removing namespace from process name android.hardware.media.c2@1.0-service-goldfish to c2@1.0-service-goldfish.
03-10 12:11:37.036   375   375 I android.hardware.media.c2@1.0-service-goldfish: Codec2's IComponentStore service created.
03-10 12:11:37.047   369   369 I audiohalservice: createIBluetoothAudioProviderFactory() from android.hardware.bluetooth.audio-impl success
03-10 12:11:37.047   369   369 E audiohalservice: Failed to dlopen android.hardware.audio.sounddose-vendor-impl.so: dlopen failed: library "android.hardware.audio.sounddose-vendor-impl.so" not found
03-10 12:11:37.047   369   369 W audiohalservice: createISoundDoseFactory() from android.hardware.audio.sounddose-vendor-impl failed
03-10 12:11:37.050   448   448 V MediaUtils: physMem: 6214840320
03-10 12:11:37.050   448   448 V MediaUtils: requested limit: 134217728
03-10 12:11:37.050   448   448 I libc    : malloc_limit: Allocation limit enabled, max size 134217728 bytes
03-10 12:11:37.051   448   448 D AudioPowerUsage: AudioPowerUsage
03-10 12:11:37.051   448   448 D AudioAnalytics: AudioAnalytics
03-10 12:11:37.051   448   448 D MediaMetricsService: MediaMetricsService
03-10 12:11:37.053   435   435 I idmap2d : Starting
03-10 12:11:37.058   467   467 I usbd    : persistent prop is adb
03-10 12:11:37.061   471   471 I flags_health_check: ServerConfigurableFlagsReset reset_mode value: 0
03-10 12:11:37.061   471   471 I flags_health_check: ServerConfigurableFlagsReset attempted boot count is under threshold, skipping reset.
03-10 12:11:37.063   446   446 I installd: installd firing up
03-10 12:11:37.064   161   161 I hwservicemanager: getTransport: Cannot find entry android.hardware.usb.gadget@1.0::IUsbGadget/default in either framework or device VINTF manifest.
03-10 12:11:37.064   467   467 I usbd    : Usb HAL not found
03-10 12:11:37.066   459   459 I ServiceManagerCppClient: Waiting for service 'package_native' on '/dev/binder'...
03-10 12:11:37.068   415   415 I adbd    : persist.adb.watchdog set to ''
03-10 12:11:37.069   415   415 I adbd    : persist.sys.test_harness set to ''
03-10 12:11:37.069   415   415 I adbd    : adb watchdog timeout set to 600 seconds
03-10 12:11:37.069   415   415 I adbd    : Setup mdns on port= 5555
03-10 12:11:37.069   415   478 I adbd    : Waiting for persist.adb.tls_server.enable=1
03-10 12:11:37.069   415   415 I adbd    : adbd listening on tcp:5555
03-10 12:11:37.069   415   415 I adbd    : adbd listening on vsock:5555
03-10 12:11:37.069   415   415 I adbd    : adbd started
03-10 12:11:37.071   463   463 I wificond: wificond is starting up...
03-10 12:11:37.073   463   463 I HidlServiceManagement: Registered android.system.wifi.keystore@1.0::IKeystore/default
03-10 12:11:37.074   466   466 I gatekeeperd: Starting gatekeeperd...
03-10 12:11:37.108   402   402 I FastMixerState: sMaxFastTracks = 8
03-10 12:11:37.109   371   371 I android.hardware.pixel.camera.provider@2.7-service: Google camera provider service is starting.
03-10 12:11:37.110   371   371 I android.hardware.pixel.camera.provider@2.7-service: Not using ApexUpdateListener since not running in an apex.
03-10 12:11:37.112   371   371 I GCH_CameraProvider: CreateHwl:Loading libgooglecamerahwl_impl.so library
03-10 12:11:37.114   402   402 D audioserver: main: starting
03-10 12:11:37.114   402   402 V MediaUtils: physMem: 6214840320
03-10 12:11:37.114   402   402 V MediaUtils: requested limit: 536870912
03-10 12:11:37.114   402   402 I libc    : malloc_limit: Allocation limit enabled, max size 536870912 bytes
03-10 12:11:37.115   402   402 D audio_utils::mutex: get_enable_flag: mutex_priority_inheritance: true
03-10 12:11:37.115   402   402 W FactoryHal: hasAidlHalService android.hardware.audio.core.IModule/default: false
03-10 12:11:37.116   447   447 I main_extractorservice: enable media.extractor memory limits
03-10 12:11:37.116   447   447 V MediaUtils: physMem: 6214840320
03-10 12:11:37.116   447   447 V MediaUtils: requested limit: 1242968060
03-10 12:11:37.116   447   447 I libc    : malloc_limit: Allocation limit enabled, max size 1242968060 bytes
03-10 12:11:37.116   402   402 W FactoryHal: hasAidlHalService android.hardware.audio.effect.IFactory/default: false
03-10 12:11:37.116   161   161 I hwservicemanager: getTransport: Cannot find entry android.hardware.audio.effect@7.1::IEffectsFactory/default in either framework or device VINTF manifest.
03-10 12:11:37.118   447   447 W mediaextractor: Could not read additional policy file '/vendor/etc/seccomp_policy/mediaextractor.policy'
03-10 12:11:37.118   447   447 W mediaextractor: libminijail[447]: failed to get path of fd 4: No such file or directory
03-10 12:11:37.118   447   447 W mediaextractor: libminijail[447]: allowing syscall: connect
03-10 12:11:37.118   447   447 W mediaextractor: libminijail[447]: allowing syscall: fcntl
03-10 12:11:37.118   447   447 W mediaextractor: libminijail[447]: allowing syscall: sendto
03-10 12:11:37.118   447   447 W mediaextractor: libminijail[447]: allowing syscall: socket
03-10 12:11:37.118   447   447 W mediaextractor: libminijail[447]: allowing syscall: writev
03-10 12:11:37.118   449   449 I mediaserver: ServiceManager: 0xb400006fa6f61660
03-10 12:11:37.118   447   447 W mediaextractor: libminijail[447]: compile_file: <fd>(42): syscall readlinkat redefined here
03-10 12:11:37.118   447   447 W mediaextractor: libminijail[447]: compile_file: <fd>(38): previous definition here
03-10 12:11:37.119   447   447 W mediaextractor: libminijail[447]: compile_file: /apex/com.android.media/etc/seccomp_policy/crash_dump.arm64.policy(1): syscall read redefined here
03-10 12:11:37.119   447   447 W mediaextractor: libminijail[447]: compile_file: <fd>(18): previous definition here
03-10 12:11:37.119   447   447 W mediaextractor: libminijail[447]: compile_file: /apex/com.android.media/etc/seccomp_policy/crash_dump.arm64.policy(2): syscall write redefined here
03-10 12:11:37.119   447   447 W mediaextractor: libminijail[447]: compile_file: <fd>(6): previous definition here
03-10 12:11:37.119   447   447 W mediaextractor: libminijail[447]: compile_file: /apex/com.android.media/etc/seccomp_policy/crash_dump.arm64.policy(3): syscall exit redefined here
03-10 12:11:37.119   447   447 W mediaextractor: libminijail[447]: compile_file: <fd>(27): previous definition here
03-10 12:11:37.119   447   447 W mediaextractor: libminijail[447]: compile_file: /apex/com.android.media/etc/seccomp_policy/crash_dump.arm64.policy(4): syscall rt_sigreturn redefined here
03-10 12:11:37.119   447   447 W mediaextractor: libminijail[447]: compile_file: <fd>(29): previous definition here
03-10 12:11:37.119   447   447 W mediaextractor: libminijail[447]: compile_file: /apex/com.android.media/etc/seccomp_policy/crash_dump.arm64.policy(5): syscall exit_group redefined here
03-10 12:11:37.119   447   447 W mediaextractor: libminijail[447]: compile_file: <fd>(28): previous definition here
03-10 12:11:37.119   447   447 W mediaextractor: libminijail[447]: compile_file: /apex/com.android.media/etc/seccomp_policy/crash_dump.arm64.policy(8): syscall futex redefined here
03-10 12:11:37.119   447   447 W mediaextractor: libminijail[447]: compile_file: <fd>(4): previous definition here
03-10 12:11:37.119   447   447 W mediaextractor: libminijail[447]: compile_file: /apex/com.android.media/etc/seccomp_policy/crash_dump.arm64.policy(9): syscall getrandom redefined here
03-10 12:11:37.119   447   447 W mediaextractor: libminijail[447]: compile_file: <fd>(32): previous definition here
03-10 12:11:37.119   447   447 W mediaextractor: libminijail[447]: compile_file: /apex/com.android.media/etc/seccomp_policy/crash_dump.arm64.policy(14): syscall openat redefined here
03-10 12:11:37.119   447   447 W mediaextractor: libminijail[447]: compile_file: <fd>(12): previous definition here
03-10 12:11:37.119   447   447 W mediaextractor: libminijail[447]: compile_file: /apex/com.android.media/etc/seccomp_policy/crash_dump.arm64.policy(15): syscall dup redefined here
03-10 12:11:37.119   447   447 W mediaextractor: libminijail[447]: compile_file: <fd>(9): previous definition here
03-10 12:11:37.119   447   447 W mediaextractor: libminijail[447]: compile_file: /apex/com.android.media/etc/seccomp_policy/crash_dump.arm64.policy(16): syscall close redefined here
03-10 12:11:37.119   447   447 W mediaextractor: libminijail[447]: compile_file: <fd>(8): previous definition here
03-10 12:11:37.119   447   447 W mediaextractor: libminijail[447]: compile_file: /apex/com.android.media/etc/seccomp_policy/crash_dump.arm64.policy(17): syscall lseek redefined here
03-10 12:11:37.119   447   447 W mediaextractor: libminijail[447]: compile_file: <fd>(23): previous definition here
03-10 12:11:37.119   447   447 W mediaextractor: libminijail[447]: compile_file: /apex/com.android.media/etc/seccomp_policy/crash_dump.arm64.policy(18): syscall getdents64 redefined here
03-10 12:11:37.119   447   447 W mediaextractor: libminijail[447]: compile_file: <fd>(41): previous definition here
03-10 12:11:37.119   447   447 W mediaextractor: libminijail[447]: compile_file: /apex/com.android.media/etc/seccomp_policy/crash_dump.arm64.policy(19): syscall faccessat redefined here
03-10 12:11:37.119   447   447 W mediaextractor: libminijail[447]: compile_file: <fd>(25): previous definition here
03-10 12:11:37.119   447   447 W mediaextractor: libminijail[447]: compile_file: /apex/com.android.media/etc/seccomp_policy/crash_dump.arm64.policy(22): syscall setsockopt redefined here
03-10 12:11:37.119   447   447 W mediaextractor: libminijail[447]: compile_file: <fd>(56): previous definition here
03-10 12:11:37.119   447   447 W mediaextractor: libminijail[447]: compile_file: /apex/com.android.media/etc/seccomp_policy/crash_dump.arm64.policy(29): syscall prctl redefined here
03-10 12:11:37.119   447   447 W mediaextractor: libminijail[447]: compile_file: <fd>(5): previous definition here
03-10 12:11:37.119   449   449 W BatteryNotifier: batterystats service unavailable!
03-10 12:11:37.119   447   447 W mediaextractor: libminijail[447]: compile_file: /apex/com.android.media/etc/seccomp_policy/crash_dump.arm64.policy(30): syscall madvise redefined here
03-10 12:11:37.119   447   447 W mediaextractor: libminijail[447]: compile_file: <fd>(14): previous definition here
03-10 12:11:37.119   447   447 W mediaextractor: libminijail[447]: compile_file: /apex/com.android.media/etc/seccomp_policy/crash_dump.arm64.policy(31): syscall mprotect redefined here
03-10 12:11:37.119   447   447 W mediaextractor: libminijail[447]: compile_file: <fd>(13): previous definition here
03-10 12:11:37.119   447   447 W mediaextractor: libminijail[447]: compile_file: /apex/com.android.media/etc/seccomp_policy/crash_dump.arm64.policy(32): syscall munmap redefined here
03-10 12:11:37.119   447   447 W mediaextractor: libminijail[447]: compile_file: <fd>(11): previous definition here
03-10 12:11:37.119   447   447 W mediaextractor: libminijail[447]: compile_file: /apex/com.android.media/etc/seccomp_policy/crash_dump.arm64.policy(33): syscall getuid redefined here
03-10 12:11:37.119   447   447 W mediaextractor: libminijail[447]: compile_file: <fd>(15): previous definition here
03-10 12:11:37.119   447   447 W mediaextractor: libminijail[447]: compile_file: /apex/com.android.media/etc/seccomp_policy/crash_dump.arm64.policy(34): syscall fstat redefined here
03-10 12:11:37.119   447   447 W mediaextractor: libminijail[447]: compile_file: <fd>(16): previous definition here
03-10 12:11:37.119   447   447 W mediaextractor: libminijail[447]: compile_file: /apex/com.android.media/etc/seccomp_policy/crash_dump.arm64.policy(35): syscall mmap redefined here
03-10 12:11:37.119   447   447 W mediaextractor: libminijail[447]: compile_file: <fd>(10): previous definition here
03-10 12:11:37.119   449   449 W BatteryNotifier: batterystats service unavailable!
03-10 12:11:37.120   447   447 W mediaextractor: libminijail[447]: logging seccomp filter failures
03-10 12:11:37.131   161   161 I hwservicemanager: getTransport: Cannot find entry android.hardware.configstore@1.0::ISurfaceFlingerConfigs/default in either framework or device VINTF manifest.
03-10 12:11:37.133   402   402 W FactoryHal: hasAidlHalService android.hardware.audio.effect.IFactory/default: false
03-10 12:11:37.133   161   161 I hwservicemanager: getTransport: Cannot find entry android.hardware.audio.effect@7.1::IEffectsFactory/default in either framework or device VINTF manifest.
03-10 12:11:37.133   402   402 W FactoryHal: hasAidlHalService android.hardware.audio.core.IModule/default: false
03-10 12:11:37.133   427   427 I cameraserver: ServiceManager: 0xb4000079533190b0
03-10 12:11:37.134   427   427 I CameraService: CameraService started (pid=427)
03-10 12:11:37.134   427   427 I CameraService: CameraService process starting
03-10 12:11:37.134   427   427 W BatteryNotifier: batterystats service unavailable!
03-10 12:11:37.134   427   427 W BatteryNotifier: batterystats service unavailable!
03-10 12:11:37.135   402   402 W BatteryNotifier: batterystats service unavailable!
03-10 12:11:37.135   448   470 I ServiceManagerCppClient: Waiting for service 'package_native' on '/dev/binder'...
03-10 12:11:37.135   427   427 D CameraProviderManager: tryGetService: AIDL Camera provider HAL 'android.hardware.camera.provider.ICameraProvider/internal/0' is not actually available
03-10 12:11:37.135   427   427 W CameraProviderManager: tryToInitializeAidlProviderLocked: AIDL Camera provider HAL 'android.hardware.camera.provider.ICameraProvider/internal/0' is not actually available
03-10 12:11:37.135   427   427 I cameraserver: Connecting to new camera provider: android.hardware.camera.provider.ICameraProvider/internal/1, isRemote? 1
03-10 12:11:37.136   402   402 D audioserver: main: AudioFlinger created
03-10 12:11:37.136   427   427 W cameraserver: AIBinder_linkToDeath is being called with a non-null cookie and no onUnlink callback set. This might not be intended. AIBinder_DeathRecipient_setOnUnlinked should be called first.
03-10 12:11:37.136   427   427 W BpBinder: Linking to death on android.hardware.camera.provider.ICameraProvider but there are no threads (yet?) listening to incoming transactions. See ProcessState::startThreadPool and ProcessState::setThreadPoolMaxThreadCount. Generally you should setup the binder threadpool before other initialization steps.
03-10 12:11:37.137   427   427 I CameraProviderManager: Enumerating new camera device: device@1.1/internal/10
03-10 12:11:37.137   402   402 E AudioFlinger: Function: getAudioPolicyConfig Line: 2493 Failed 
03-10 12:11:37.138   427   427 I CameraProviderManager: Camera provider android.hardware.camera.provider.ICameraProvider/internal/1 ready with 1 camera devices
03-10 12:11:37.138   427   427 D CameraProviderManager: tryGetService: AIDL Camera provider HAL 'android.hardware.camera.provider.ICameraProvider/virtual/0' is not actually available
03-10 12:11:37.138   427   427 W CameraProviderManager: tryToInitializeAidlProviderLocked: AIDL Camera provider HAL 'android.hardware.camera.provider.ICameraProvider/virtual/0' is not actually available
03-10 12:11:37.138   427   427 I CameraService: onDeviceStatusChanged: Status changed for cameraId=10, newStatus=1
03-10 12:11:37.138   427   427 I CameraService: onDeviceStatusChanged: Unknown camera ID 10, a new camera is added
03-10 12:11:37.139   427   427 I HidlServiceManagement: Registered android.frameworks.cameraservice.service@2.2::ICameraService/default
03-10 12:11:37.139   427   427 I CameraService: CameraService pinged cameraservice proxy
03-10 12:11:37.139   427   427 I cameraserver: ServiceManager: 0xb4000079533190b0 done instantiate
03-10 12:11:37.139   427   427 W CameraProviderManager: addAidlProviderLocked: Camera provider HAL with name 'android.hardware.camera.provider.ICameraProvider/internal/1' already registered
03-10 12:11:37.142   402   402 D APM_EngineLoader: Loaded engine from libaudiopolicyenginedefault.so
03-10 12:11:37.142   402   402 D APM::AudioPolicyEngine/Base: loadAudioPolicyEngineConfig: No configuration found, using default matching phone experience.
03-10 12:11:37.143   402   402 W APM::AudioPolicyEngine/Base: processParsingResult: No configuration of AUDIO_STREAM_CALL_ASSISTANT found, using default volume configuration
03-10 12:11:37.144   402   402 W DeviceHalHidl: getSoundDoseInterface service android.hardware.audio.sounddose.ISoundDoseFactory/default doesn't exist
03-10 12:11:37.144   402   402 W MelReporter: activateHalSoundDoseComputation: HAL cannot provide sound dose interface for module primary
03-10 12:11:37.144   402   402 W AudioFlinger: loadHwModule() sound dose reporting is not available
03-10 12:11:37.144   402   402 I AudioFlinger: loadHwModule() Loaded primary audio interface, handle 10
03-10 12:11:37.145   402   402 I AudioFlinger: openOutput() this 0xb40000759320b070, module 10 Device AUDIO_DEVICE_OUT_SPEAKER, @:, SamplingRate 48000, Format 0x000001, Channels 0x3, flags 0x2
03-10 12:11:37.147   402   402 I AudioFlinger: operator(): Using 3000 ms as standby time
03-10 12:11:37.147   402   402 I AudioFlinger: HAL output buffer size 1088 frames, normal sink buffer size 1088 frames
03-10 12:11:37.147   402   402 W FactoryHal: hasAidlHalService android.hardware.audio.effect.IFactory/default: false
03-10 12:11:37.147   161   161 I hwservicemanager: getTransport: Cannot find entry android.hardware.audio.effect@7.1::IEffectsFactory/default in either framework or device VINTF manifest.
03-10 12:11:37.147   402   402 W FactoryHal: hasAidlHalService android.hardware.audio.core.IModule/default: false
03-10 12:11:37.154   402   402 I BufferProvider: found effect "Multichannel Downmix To Stereo" from The Android Open Source Project
03-10 12:11:37.155   402   402 D AudioFlinger: Failed to add event callback
03-10 12:11:37.155   402   504 I AudioFlinger: AudioFlinger's thread 0xb4000076608248e0 tid=504 ready to run
03-10 12:11:37.155   402   504 W AudioFlinger: no wake lock to update, system not ready yet
03-10 12:11:37.155   402   504 D AudioFlinger: ro.audio.silent is ignored since no output device is set
03-10 12:11:37.155   369   369 E android.hardware.audio@7.1-impl.ranchu: getPresentationPosition:510 failure: Result::INVALID_STATE
03-10 12:11:37.156   402   402 V APM_AudioPolicyManager: checkAndSetVolume if deviceTypes is change from none to device 0x2, need get index 0
03-10 12:11:37.156   402   402 E APM_AudioPolicyManager: invalid volume index range
03-10 12:11:37.156   402   402 V APM_AudioPolicyManager: checkAndSetVolume if deviceTypes is change from none to device 0x2, need get index 0
03-10 12:11:37.156   402   402 E APM_AudioPolicyManager: invalid volume index range
03-10 12:11:37.156   402   402 V APM_AudioPolicyManager: checkAndSetVolume if deviceTypes is change from none to device 0x2, need get index 0
03-10 12:11:37.156   402   402 E APM_AudioPolicyManager: invalid volume index range
03-10 12:11:37.156   402   402 V APM_AudioPolicyManager: checkAndSetVolume cannot set volume group 4 volume when is not requested for comm
03-10 12:11:37.156   402   402 V APM_AudioPolicyManager: checkAndSetVolume if deviceTypes is change from none to device 0x2, need get index 0
03-10 12:11:37.156   402   402 E APM_AudioPolicyManager: invalid volume index range
03-10 12:11:37.156   402   402 V APM_AudioPolicyManager: checkAndSetVolume if deviceTypes is change from none to device 0x2, need get index 0
03-10 12:11:37.156   402   402 E APM_AudioPolicyManager: invalid volume index range
03-10 12:11:37.156   402   402 V APM_AudioPolicyManager: checkAndSetVolume if deviceTypes is change from none to device 0x2, need get index 0
03-10 12:11:37.156   402   402 E APM_AudioPolicyManager: invalid volume index range
03-10 12:11:37.156   402   402 V APM_AudioPolicyManager: checkAndSetVolume if deviceTypes is change from none to device 0x2, need get index 0
03-10 12:11:37.156   402   402 E APM_AudioPolicyManager: invalid volume index range
03-10 12:11:37.156   402   402 V APM_AudioPolicyManager: checkAndSetVolume if deviceTypes is change from none to device 0x2, need get index 0
03-10 12:11:37.156   402   402 V APM_AudioPolicyManager: computeVolume volume source 9, index 0,  devices 0x2, compute internal 1 
03-10 12:11:37.156   447   447 I MediaExtractorFactory: plugin directory not present (/system/lib64/extractors)
03-10 12:11:37.156   447   447 I MediaExtractorFactory: plugin directory not present (/system_ext/lib64/extractors)
03-10 12:11:37.156   402   504 W AudioFlinger: no wake lock to update, system not ready yet
03-10 12:11:37.156   402   504 D AudioFlinger: ro.audio.silent is ignored since no output device is set
03-10 12:11:37.156   402   402 V APM_AudioPolicyManager: checkAndSetVolume if deviceTypes is change from none to device 0x2, need get index 0
03-10 12:11:37.156   402   402 V APM_AudioPolicyManager: computeVolume volume source 10, index 0,  devices 0x2, compute internal 1 
03-10 12:11:37.157   402   402 V APM_AudioPolicyManager: checkAndSetVolume if deviceTypes is change from none to device 0x2, need get index 0
03-10 12:11:37.157   402   402 E APM_AudioPolicyManager: invalid volume index range
03-10 12:11:37.157   402   402 V APM_AudioPolicyManager: checkAndSetVolume if deviceTypes is change from none to device 0x2, need get index 0
03-10 12:11:37.157   402   402 E APM_AudioPolicyManager: invalid volume index range
03-10 12:11:37.157   402   402 V APM_AudioPolicyManager: checkAndSetVolume if deviceTypes is change from none to device 0x2, need get index 0
03-10 12:11:37.157   402   402 E APM_AudioPolicyManager: invalid volume index range
03-10 12:11:37.157   402   402 V APM_AudioPolicyManager: checkAndSetVolume if deviceTypes is change from none to device 0x2, need get index 0
03-10 12:11:37.157   402   402 E APM_AudioPolicyManager: invalid volume index range
03-10 12:11:37.157   402   402 V APM_AudioPolicyManager: checkAndSetVolume if deviceTypes is change from none to device 0x2, need get index 0
03-10 12:11:37.157   402   402 V APM_AudioPolicyManager: computeVolume volume source 23, index 0,  devices 0x2, compute internal 1 
03-10 12:11:37.157   402   402 W AudioFlinger: moveEffects() AUDIO_SESSION_OUTPUT_MIX not found in orphans, checking other mix
03-10 12:11:37.157   402   402 W AudioFlinger: moveEffects() bad srcIo 0
03-10 12:11:37.157   402   402 V APM_AudioPolicyManager: selectOutputForMusicEffects selected output 13
03-10 12:11:37.157   402   402 V APM_AudioPolicyManager: setOutputDevices caller onNewAudioModulesAvailableInt[[portId:1][io:13, primary output]] device {AUDIO_DEVICE_OUT_SPEAKER, @:} delayMs 0
03-10 12:11:37.157   402   402 V APM_AudioPolicyManager: setOutputDevices caller onNewAudioModulesAvailableInt[[portId:1][io:13, primary output]] prevDevice {AUDIO_DEVICE_OUT_SPEAKER, @:}
03-10 12:11:37.157   402   402 I APM::AudioPolicyEngine: getDevicesForStrategyInt no device found for strategy 9
03-10 12:11:37.157   402   402 V APM_AudioPolicyManager: setOutputDevices caller onNewAudioModulesAvailableInt[[portId:1][io:13, primary output]] changing device to {AUDIO_DEVICE_OUT_SPEAKER, @:}
03-10 12:11:37.161   399   399 I Manager : DeviceManager::DeviceManager
03-10 12:11:37.161   399   399 I Manager : findAvailableDevices
03-10 12:11:37.161   399   399 I Manager : Enabled devices: .*
03-10 12:11:37.162   408   408 I SurfaceFlinger: Using HWComposer service: default
03-10 12:11:37.162   408   408 I SurfaceFlinger: SurfaceFlinger is starting
03-10 12:11:37.162   408   408 I SurfaceFlinger: Enabling backpressure for GPU composition
03-10 12:11:37.163   408   408 I SurfaceFlinger: SurfaceFlinger's main thread ready to run. Initializing graphics H/W...
03-10 12:11:37.163   408   408 D RenderEngine: Threaded RenderEngine with SkiaGL Backend (Ganesh)
03-10 12:11:37.170   408   507 I EGL_emulation: Opening libGLESv1_CM_emulation.so
03-10 12:11:37.171   408   507 I EGL_emulation: Opening libGLESv2_emulation.so
03-10 12:11:37.174   399   399 I Manager : Found interface nnapi-sample_sl (version = JUST_AN_EXAMPLE)
03-10 12:11:37.174   399   399 I ShimDeviceManager: Attempting service registration for android.hardware.neuralnetworks.IDevice/nnapi-sample_sl_shim
03-10 12:11:37.175   465   465 I mediaswcodec: media swcodec service starting
03-10 12:11:37.175   465   465 W mediaswcodec: Could not read additional policy file '/vendor/etc/seccomp_policy/mediaswcodec.policy'
03-10 12:11:37.175   465   465 W mediaswcodec: libminijail[465]: failed to get path of fd 4: No such file or directory
03-10 12:11:37.175   465   465 W mediaswcodec: libminijail[465]: allowing syscall: connect
03-10 12:11:37.175   465   465 W mediaswcodec: libminijail[465]: allowing syscall: fcntl
03-10 12:11:37.175   465   465 W mediaswcodec: libminijail[465]: allowing syscall: sendto
03-10 12:11:37.175   465   465 W mediaswcodec: libminijail[465]: allowing syscall: socket
03-10 12:11:37.175   465   465 W mediaswcodec: libminijail[465]: allowing syscall: writev
03-10 12:11:37.175   465   465 W mediaswcodec: libminijail[465]: compile_file: <fd>(75): syscall munmap redefined here
03-10 12:11:37.175   465   465 W mediaswcodec: libminijail[465]: compile_file: <fd>(39): previous definition here
03-10 12:11:37.175   465   465 W mediaswcodec: libminijail[465]: logging seccomp filter failures
03-10 12:11:37.175   408   507 I RenderEngine: EGL information:
03-10 12:11:37.175   408   507 I RenderEngine: vendor    : Android
03-10 12:11:37.175   408   507 I RenderEngine: version   : 1.4 Android META-EGL
03-10 12:11:37.175   408   507 I RenderEngine: extensions: EGL_ANDROID_front_buffer_auto_refresh EGL_ANDROID_get_native_client_buffer EGL_ANDROID_presentation_time EGL_EXT_surface_CTA861_3_metadata EGL_EXT_surface_SMPTE2086_metadata EGL_KHR_get_all_proc_addresses EGL_KHR_swap_buffers_with_damage EGL_ANDROID_get_frame_timestamps EGL_ANDROID_image_native_buffer EGL_ANDROID_native_fence_sync EGL_ANDROID_recordable EGL_KHR_create_context EGL_KHR_fence_sync EGL_KHR_gl_texture_2D_image EGL_KHR_image EGL_KHR_image_base EGL_KHR_wait_sync 
03-10 12:11:37.175   408   507 I RenderEngine: Client API: OpenGL_ES
03-10 12:11:37.175   408   507 I RenderEngine: EGLSurface: 8-8-8-8, config=0x2
03-10 12:11:37.176   465   465 I CodecServiceRegistrant: Creating software Codec2 service...
03-10 12:11:37.176   399   399 I ShimDeviceManager: 1 NNAPI Devices/services registered, blocking
03-10 12:11:37.176   465   465 D C2Store : Default ION heapmask = -1
03-10 12:11:37.176   465   465 D C2Store : Default ION flags = 0
03-10 12:11:37.176   465   465 D C2Store : Default ION align = 0
03-10 12:11:37.177   465   465 I CodecServiceRegistrant: Preferred Codec2 HIDL store is set to "default".
03-10 12:11:37.177   465   465 I HidlServiceManagement: Registered android.hardware.media.c2@1.2::IComponentStore/software
03-10 12:11:37.177   465   465 I CodecServiceRegistrant: Software Codec2 service created and registered.
03-10 12:11:37.179   408   507 D RenderEngine: Background Blurs Enabled (Kawase algorithm)
03-10 12:11:37.187   408   507 I RenderEngine: OpenGL ES informations:
03-10 12:11:37.187   408   507 I RenderEngine: vendor    : Google (Apple)
03-10 12:11:37.187   408   507 I RenderEngine: renderer  : Android Emulator OpenGL ES Translator (Apple M2)
03-10 12:11:37.187   408   507 I RenderEngine: version   : OpenGL ES 3.0 (4.1 Metal - 89.3)
03-10 12:11:37.187   408   507 I RenderEngine: extensions: GL_EXT_debug_marker GL_EXT_robustness GL_OES_EGL_sync GL_OES_EGL_image GL_OES_EGL_image_external GL_OES_depth24 GL_OES_depth32 GL_OES_element_index_uint GL_OES_texture_float GL_OES_texture_float_linear GL_OES_compressed_paletted_texture GL_OES_compressed_ETC1_RGB8_texture GL_OES_depth_texture GL_OES_texture_npot GL_OES_rgb8_rgba8 GL_EXT_color_buffer_float GL_EXT_color_buffer_half_float GL_EXT_texture_format_BGRA8888 GL_APPLE_texture_format_BGRA8888 ANDROID_EMU_CHECKSUM_HELPER_v1 ANDROID_EMU_native_sync_v2 ANDROID_EMU_native_sync_v3 ANDROID_EMU_native_sync_v4 ANDROID_EMU_dma_v1 ANDROID_EMU_direct_mem ANDROID_EMU_host_composition_v1 ANDROID_EMU_host_composition_v2 ANDROID_EMU_vulkan ANDROID_EMU_deferred_vulkan_commands ANDROID_EMU_vulkan_null_optional_strings ANDROID_EMU_vulkan_create_resources_with_requirements ANDROID_EMU_YUV_Cache ANDROID_EMU_vulkan_ignored_handles ANDROID_EMU_has_shared_slots_host_memory_allocator ANDROID_EMU_vulkan_free_memory_sync ANDROID_EMU_vulkan_shader_float16_int8 ANDROI
03-10 12:11:37.187   408   507 I RenderEngine: GL_MAX_TEXTURE_SIZE = 16384
03-10 12:11:37.187   408   507 I RenderEngine: GL_MAX_VIEWPORT_DIMS = 16384
03-10 12:11:37.188   161   161 I hwservicemanager: getTransport: Cannot find entry android.hardware.graphics.mapper@4.0::IMapper/default in either framework or device VINTF manifest.
03-10 12:11:37.189   382   438 I Gralloc4: mapper 4.x is not supported
03-10 12:11:37.194   382   438 D RanchuHwc: getBootConfigId: persistent boot config is not enabled.
03-10 12:11:37.194   382   438 D RanchuHwc: init display:0 with config: id: 0 w:1080 h:2400 dpi-x:420 dpi-y:420 vsync:60.000002 config-group:0
03-10 12:11:37.194   382   438 E RanchuHwc: start: failed to set Vsync thread priority: Invalid argument
03-10 12:11:37.194   382   512 I RanchuHwc: Vsync thread for display:0 starting
03-10 12:11:37.199   408   408 I HwcComposer: Loaded AIDL composer3 HAL service
03-10 12:11:37.199   408   408 E HwcComposer: getOverlaySupport failed Status(-8, EX_SERVICE_SPECIFIC): '8: '
03-10 12:11:37.199   408   408 I HWComposer: Switching to generalized multi-display mode
03-10 12:11:37.200   408   408 I SurfaceFlinger: Connecting display 4619827259835644672(HAL ID 0)
03-10 12:11:37.201   408   408 E HwcComposer: getPerFrameMetadataKeys failed Status(-8, EX_SERVICE_SPECIFIC): '8: '
03-10 12:11:37.201   161   161 I hwservicemanager: getTransport: Cannot find entry android.hardware.graphics.mapper@4.0::IMapper/default in either framework or device VINTF manifest.
03-10 12:11:37.201   408   408 I Gralloc4: mapper 4.x is not supported
03-10 12:11:37.203   371   371 I EmulatedCameraProviderHwlImpl: Create: Created EmulatedCameraProviderHwlImpl
03-10 12:11:37.203   371   371 E GCH_CameraProvider: Initialize: HWL doesn't support vendor buffer allocation Function not implemented(-38)
03-10 12:11:37.203   402   504 D AudioFlinger: updateHalSupportedLatencyModes_l: thread(13) status -38 supported latency modes: { }
03-10 12:11:37.203   427   500 I cameraserver: Connecting to new camera provider: android.hardware.camera.provider.ICameraProvider/internal/0, isRemote? 1
03-10 12:11:37.203   402   402 V APM_AudioPolicyManager: setOutputDevices() AF::createAudioPatch returned 0 patchHandle 12 num_sources 1 num_sinks 1
03-10 12:11:37.203   427   500 W cameraserver: AIBinder_linkToDeath is being called with a non-null cookie and no onUnlink callback set. This might not be intended. AIBinder_DeathRecipient_setOnUnlinked should be called first.
03-10 12:11:37.204   427   500 I CameraProviderManager: Enumerating new camera device: device@1.1/internal/1
03-10 12:11:37.204   371   487 W EmulatedCameraDeviceInfo: InitializeControlDefaults: No available post RAW boost! Setting default!
03-10 12:11:37.204   371   487 I EmulatedCameraDeviceHwlImpl: Create: Created EmulatedCameraDeviceHwlImpl for camera 1
03-10 12:11:37.204   371   487 D GCH_Utils: FindLibraryPaths: Unable to open directory /vendor/lib64/camera/capture_sessions/ (No such file or directory)
03-10 12:11:37.204   371   487 I GCH_CameraDevice: Create: Created a camera device for public(1)
03-10 12:11:37.204   408   408 I Scheduler: Display 4619827259835644672 is the pacesetter
03-10 12:11:37.204   408   519 W EventThread: Ignoring VSYNC request while display is disconnected
03-10 12:11:37.204   408   519 W EventThread: Ignoring VSYNC request while display is disconnected
03-10 12:11:37.204   408   520 W EventThread: Ignoring VSYNC request while display is disconnected
03-10 12:11:37.204   371   486 W GCH_HalVendorTags: ModifyCharacteristicsKeys: failed to get ANDROID_REQUEST_AVAILABLE_SESSION_KEYS
03-10 12:11:37.204   427   500 E CameraProviderManager: addDynamicDepthTags: Advertised depth exclusive tag but value is not present!
03-10 12:11:37.204   427   500 E cameraserver: AidlDeviceInfo3: Failed appending dynamic depth tags: Invalid argument (-22)
03-10 12:11:37.204   408   408 I Scheduler: Display 4619827259835644672 is the pacesetter
03-10 12:11:37.204   427   500 W CameraProviderManager: Camera provider android.hardware.camera.provider.ICameraProvider/internal/0 says an unknown camera device@1.1/internal/1 now has torch status 1. Curious.
03-10 12:11:37.204   402   402 E APM_AudioPolicyManager: invalid volume index range
03-10 12:11:37.204   402   402 E APM_AudioPolicyManager: invalid volume index range
03-10 12:11:37.204   402   402 E APM_AudioPolicyManager: invalid volume index range
03-10 12:11:37.204   402   402 V APM_AudioPolicyManager: checkAndSetVolume cannot set volume group 4 volume when is not requested for comm
03-10 12:11:37.204   371   487 W GCH_HalVendorTags: ModifyCharacteristicsKeys: failed to get ANDROID_REQUEST_AVAILABLE_SESSION_KEYS
03-10 12:11:37.204   408   408 D DisplayModeController: setDesiredMode 4619827259835644672 {mode={fps=60.00 Hz, modePtr={id=0, vsyncRate=60.00 Hz, peakRefreshRate=60.00 Hz}}, emitEvent=true, force=false}
03-10 12:11:37.204   371   486 W GCH_HalVendorTags: ModifyCharacteristicsKeys: failed to get ANDROID_REQUEST_AVAILABLE_SESSION_KEYS
03-10 12:11:37.205   427   500 I CameraProviderManager: Camera provider android.hardware.camera.provider.ICameraProvider/internal/0 ready with 1 camera devices
03-10 12:11:37.205   408   525 W SurfaceFlinger: Failed to set thread name on dispatch thread
03-10 12:11:37.205   427   500 I CameraService: onDeviceStatusChanged: Status changed for cameraId=1, newStatus=1
03-10 12:11:37.205   427   500 I CameraService: onDeviceStatusChanged: Unknown camera ID 1, a new camera is added
03-10 12:11:37.205   161   161 I hwservicemanager: getTransport: Cannot find entry android.frameworks.displayservice@1.0::IDisplayService/default in either framework or device VINTF manifest.
03-10 12:11:37.205   408   408 E HidlServiceManagement: Service android.frameworks.displayservice@1.0::IDisplayService/default must be in VINTF manifest in order to register/get.
03-10 12:11:37.205   408   408 E SurfaceFlinger: Did not register (deprecated) IDisplayService service.
03-10 12:11:37.205   408   408 D SurfaceFlinger: Setting power mode 0 on display 4619827259835644672
03-10 12:11:37.205   408   408 D SurfaceFlinger: Setting power mode 2 on display 4619827259835644672
03-10 12:11:37.205   408   408 D SurfaceFlinger: Finished setting power mode 2 on display 4619827259835644672
03-10 12:11:37.205   402   402 E APM_AudioPolicyManager: invalid volume index range
03-10 12:11:37.206   402   402 E APM_AudioPolicyManager: invalid volume index range
03-10 12:11:37.206   402   402 E APM_AudioPolicyManager: invalid volume index range
03-10 12:11:37.206   402   402 E APM_AudioPolicyManager: invalid volume index range
03-10 12:11:37.206   402   402 V APM_AudioPolicyManager: computeVolume volume source 9, index 0,  devices 0x2, compute internal 1 
03-10 12:11:37.206   402   402 V APM_AudioPolicyManager: computeVolume volume source 10, index 0,  devices 0x2, compute internal 1 
03-10 12:11:37.206   402   402 E APM_AudioPolicyManager: invalid volume index range
03-10 12:11:37.206   402   402 E APM_AudioPolicyManager: invalid volume index range
03-10 12:11:37.206   402   402 E APM_AudioPolicyManager: invalid volume index range
03-10 12:11:37.206   402   402 E APM_AudioPolicyManager: invalid volume index range
03-10 12:11:37.206   402   402 V APM_AudioPolicyManager: computeVolume volume source 23, index 0,  devices 0x2, compute internal 1 
03-10 12:11:37.206   402   402 I AudioFlinger: openOutput() this 0xb40000759320b070, module 10 Device AUDIO_DEVICE_OUT_TELEPHONY_TX, @:, SamplingRate 48000, Format 0x000001, Channels 0x3, flags 0
03-10 12:11:37.206   402   402 I AudioFlinger: HAL output buffer size 1088 frames, normal sink buffer size 1088 frames
03-10 12:11:37.206   402   402 D AudioFlinger: Failed to add event callback
03-10 12:11:37.206   402   402 V APM_AudioPolicyManager: checkAndSetVolume if deviceTypes is change from none to device 0x10000, need get index 0
03-10 12:11:37.206   402   402 E APM_AudioPolicyManager: invalid volume index range
03-10 12:11:37.206   402   402 V APM_AudioPolicyManager: checkAndSetVolume if deviceTypes is change from none to device 0x10000, need get index 0
03-10 12:11:37.206   402   402 E APM_AudioPolicyManager: invalid volume index range
03-10 12:11:37.206   402   402 V APM_AudioPolicyManager: checkAndSetVolume if deviceTypes is change from none to device 0x10000, need get index 0
03-10 12:11:37.206   402   402 E APM_AudioPolicyManager: invalid volume index range
03-10 12:11:37.206   402   402 V APM_AudioPolicyManager: checkAndSetVolume cannot set volume group 4 volume when is not requested for comm
03-10 12:11:37.206   402   402 V APM_AudioPolicyManager: checkAndSetVolume if deviceTypes is change from none to device 0x10000, need get index 0
03-10 12:11:37.206   402   402 E APM_AudioPolicyManager: invalid volume index range
03-10 12:11:37.206   402   402 V APM_AudioPolicyManager: checkAndSetVolume if deviceTypes is change from none to device 0x10000, need get index 0
03-10 12:11:37.206   402   402 E APM_AudioPolicyManager: invalid volume index range
03-10 12:11:37.206   402   402 V APM_AudioPolicyManager: checkAndSetVolume if deviceTypes is change from none to device 0x10000, need get index 0
03-10 12:11:37.206   402   402 E APM_AudioPolicyManager: invalid volume index range
03-10 12:11:37.206   402   402 V APM_AudioPolicyManager: checkAndSetVolume if deviceTypes is change from none to device 0x10000, need get index 0
03-10 12:11:37.206   402   402 E APM_AudioPolicyManager: invalid volume index range
03-10 12:11:37.206   402   402 V APM_AudioPolicyManager: checkAndSetVolume if deviceTypes is change from none to device 0x10000, need get index 0
03-10 12:11:37.206   402   402 V APM_AudioPolicyManager: computeVolume volume source 9, index 0,  devices 0x10000, compute internal 1 
03-10 12:11:37.207   402   528 I AudioFlinger: AudioFlinger's thread 0xb4000076606e38e0 tid=528 ready to run
03-10 12:11:37.207   402   528 W AudioFlinger: no wake lock to update, system not ready yet
03-10 12:11:37.207   402   528 D AudioFlinger: ro.audio.silent is ignored since no output device is set
03-10 12:11:37.207   369   421 E android.hardware.audio@7.1-impl.ranchu: getPresentationPosition:510 failure: Result::INVALID_STATE
03-10 12:11:37.207   402   528 W AudioFlinger: no wake lock to update, system not ready yet
03-10 12:11:37.207   402   528 D AudioFlinger: ro.audio.silent is ignored since no output device is set
03-10 12:11:37.207   402   402 V APM_AudioPolicyManager: checkAndSetVolume if deviceTypes is change from none to device 0x10000, need get index 0
03-10 12:11:37.207   402   402 V APM_AudioPolicyManager: computeVolume volume source 10, index 0,  devices 0x10000, compute internal 1 
03-10 12:11:37.207   402   402 V APM_AudioPolicyManager: checkAndSetVolume if deviceTypes is change from none to device 0x10000, need get index 0
03-10 12:11:37.207   402   402 E APM_AudioPolicyManager: invalid volume index range
03-10 12:11:37.207   402   402 V APM_AudioPolicyManager: checkAndSetVolume if deviceTypes is change from none to device 0x10000, need get index 0
03-10 12:11:37.207   402   402 E APM_AudioPolicyManager: invalid volume index range
03-10 12:11:37.207   402   402 V APM_AudioPolicyManager: checkAndSetVolume if deviceTypes is change from none to device 0x10000, need get index 0
03-10 12:11:37.207   402   402 E APM_AudioPolicyManager: invalid volume index range
03-10 12:11:37.207   402   402 V APM_AudioPolicyManager: checkAndSetVolume if deviceTypes is change from none to device 0x10000, need get index 0
03-10 12:11:37.207   402   402 E APM_AudioPolicyManager: invalid volume index range
03-10 12:11:37.207   402   402 V APM_AudioPolicyManager: checkAndSetVolume if deviceTypes is change from none to device 0x10000, need get index 0
03-10 12:11:37.207   402   402 V APM_AudioPolicyManager: computeVolume volume source 23, index 0,  devices 0x10000, compute internal 1 
03-10 12:11:37.208   366   366 D AndroidRuntime: >>>>>> START com.android.internal.os.ZygoteInit uid 0 <<<<<<
03-10 12:11:37.208   402   402 V APM_AudioPolicyManager: selectOutputForMusicEffects selected output 13
03-10 12:11:37.208   402   402 V APM_AudioPolicyManager: setOutputDevices caller onNewAudioModulesAvailableInt[[portId:4][io:21, telephony_tx]] device {AUDIO_DEVICE_OUT_TELEPHONY_TX, @:} delayMs 0
03-10 12:11:37.208   402   402 V APM_AudioPolicyManager: setOutputDevices caller onNewAudioModulesAvailableInt[[portId:4][io:21, telephony_tx]] prevDevice {AUDIO_DEVICE_OUT_TELEPHONY_TX, @:}
03-10 12:11:37.208   402   402 V APM_AudioPolicyManager: setOutputDevices caller onNewAudioModulesAvailableInt[[portId:4][io:21, telephony_tx]] changing device to {AUDIO_DEVICE_OUT_TELEPHONY_TX, @:}
03-10 12:11:37.209   402   528 D AudioFlinger: updateHalSupportedLatencyModes_l: thread(21) status -38 supported latency modes: { }
03-10 12:11:37.210   402   402 V APM_AudioPolicyManager: setOutputDevices() AF::createAudioPatch returned 0 patchHandle 20 num_sources 1 num_sinks 1
03-10 12:11:37.210   402   402 E APM_AudioPolicyManager: invalid volume index range
03-10 12:11:37.210   402   402 E APM_AudioPolicyManager: invalid volume index range
03-10 12:11:37.210   402   402 E APM_AudioPolicyManager: invalid volume index range
03-10 12:11:37.210   402   402 E APM_AudioPolicyManager: invalid volume index range
03-10 12:11:37.210   402   402 E APM_AudioPolicyManager: invalid volume index range
03-10 12:11:37.210   402   402 E APM_AudioPolicyManager: invalid volume index range
03-10 12:11:37.210   402   402 E APM_AudioPolicyManager: invalid volume index range
03-10 12:11:37.210   402   402 E APM_AudioPolicyManager: invalid volume index range
03-10 12:11:37.210   402   402 V APM_AudioPolicyManager: computeVolume volume source 9, index 0,  devices 0x10000, compute internal 1 
03-10 12:11:37.210   402   402 V APM_AudioPolicyManager: computeVolume volume source 10, index 0,  devices 0x10000, compute internal 1 
03-10 12:11:37.210   402   402 E APM_AudioPolicyManager: invalid volume index range
03-10 12:11:37.210   402   402 E APM_AudioPolicyManager: invalid volume index range
03-10 12:11:37.210   402   402 E APM_AudioPolicyManager: invalid volume index range
03-10 12:11:37.210   402   402 E APM_AudioPolicyManager: invalid volume index range
03-10 12:11:37.210   402   402 V APM_AudioPolicyManager: computeVolume volume source 23, index 0,  devices 0x10000, compute internal 1 
03-10 12:11:37.210   402   530 I AudioFlinger: AudioFlinger's thread 0xb40000766063cb88 tid=530 ready to run
03-10 12:11:37.211   402   530 W AudioFlinger: no wake lock to update, system not ready yet
03-10 12:11:37.211   402   530 W AudioFlinger: no wake lock to update, system not ready yet
03-10 12:11:37.212   402   532 I AudioFlinger: AudioFlinger's thread 0xb40000766063cb88 tid=532 ready to run
03-10 12:11:37.212   402   534 I AudioFlinger: AudioFlinger's thread 0xb40000766063cb88 tid=534 ready to run
03-10 12:11:37.212   402   534 W AudioFlinger: no wake lock to update, system not ready yet
03-10 12:11:37.213   366   366 I AndroidRuntime: Using default boot image
03-10 12:11:37.213   366   366 I AndroidRuntime: Leaving lock profiling enabled
03-10 12:11:37.213   402   534 W AudioFlinger: no wake lock to update, system not ready yet
03-10 12:11:37.216   369   420 I r_submix: adev_open(name=audio_hw_if)
03-10 12:11:37.216   402   402 W DeviceHalHidl: getSoundDoseInterface service android.hardware.audio.sounddose.ISoundDoseFactory/default doesn't exist
03-10 12:11:37.216   402   402 W MelReporter: activateHalSoundDoseComputation: HAL cannot provide sound dose interface for module r_submix
03-10 12:11:37.216   402   402 W AudioFlinger: loadHwModule() sound dose reporting is not available
03-10 12:11:37.216   369   420 I r_submix: adev_init_check()
03-10 12:11:37.216   402   402 I AudioFlinger: loadHwModule() Loaded r_submix audio interface, handle 18
03-10 12:11:37.217   369   536 D r_submix: adev_open_input_stream(addr=0)
03-10 12:11:37.217   369   536 I r_submix: adev_open_input_stream(): about to create pipe at index 9, rate 48000, pipe size 4096
03-10 12:11:37.217   369   536 D r_submix: submix_audio_device_create_pipe_l(addr=0, idx=9)
03-10 12:11:37.217   369   536 D r_submix:   now using address 0 for route 9
03-10 12:11:37.218   402   537 I AudioFlinger: AudioFlinger's thread 0xb40000766063cb88 tid=537 ready to run
03-10 12:11:37.218   369   420 I r_submix: in_standby()
03-10 12:11:37.218   402   537 W AudioFlinger: no wake lock to update, system not ready yet
03-10 12:11:37.218   369   536 I r_submix: in_standby()
03-10 12:11:37.218   402   537 W AudioFlinger: no wake lock to update, system not ready yet
03-10 12:11:37.218   369   536 D r_submix: adev_close_input_stream()
03-10 12:11:37.218   369   536 D r_submix: submix_audio_device_release_pipe_l(idx=9) addr=0
03-10 12:11:37.218   369   536 D r_submix: submix_audio_device_destroy_pipe_l(): pipe destroyed
03-10 12:11:37.221   402   402 W DeviceHalHidl: getSoundDoseInterface service android.hardware.audio.sounddose.ISoundDoseFactory/default doesn't exist
03-10 12:11:37.221   402   402 W MelReporter: activateHalSoundDoseComputation: HAL cannot provide sound dose interface for module bluetooth
03-10 12:11:37.221   402   402 W AudioFlinger: loadHwModule() sound dose reporting is not available
03-10 12:11:37.221   402   402 I AudioFlinger: loadHwModule() Loaded bluetooth audio interface, handle 26
03-10 12:11:37.222   402   402 W FactoryHal: hasAidlHalService android.hardware.audio.effect.IFactory/default: false
03-10 12:11:37.222   161   161 I hwservicemanager: getTransport: Cannot find entry android.hardware.audio.effect@7.1::IEffectsFactory/default in either framework or device VINTF manifest.
03-10 12:11:37.222   402   402 W FactoryHal: hasAidlHalService android.hardware.audio.core.IModule/default: false
03-10 12:11:37.223   160   540 W libc    : Unable to set property "ctl.interface_start" to "aidl/activity": PROP_ERROR_HANDLE_CONTROL_MESSAGE (0x20)
03-10 12:11:37.231   366   366 I zygote64: option[0]=-Xzygote
03-10 12:11:37.231   366   366 I zygote64: option[1]=exit
