05-22 10:11:55.382   466   466 I GoldfishComponentStore: Create()
05-22 10:11:55.382   466   466 W GoldfishComponentStore: created goldfish store 0xb400007255913f00 reflector of param 0xb40000735590b3a8
05-22 10:11:55.382   466   466 D GoldfishComponentStore: useAndroidGoldfishComponentInstance 253 found prop ro.boot.qemu.hwcodec.vpxdec val 2
05-22 10:11:55.382   466   466 D GoldfishComponentStore: useAndroidGoldfishComponentInstance 253 found prop ro.boot.qemu.hwcodec.avcdec val 2
05-22 10:11:55.382   466   466 D GoldfishComponentStore: useAndroidGoldfishComponentInstance 253 found prop ro.boot.qemu.hwcodec.hevcdec val 2
05-22 10:11:55.383   466   466 E Codec2-FilterWrapper: plugin not OK: -19
05-22 10:11:55.384   466   466 I HidlServiceManagement: Registered android.hardware.media.c2@1.0::IComponentStore/default
05-22 10:11:55.385   466   466 I HidlServiceManagement: Removing namespace from process name android.hardware.media.c2@1.0-service-goldfish to c2@1.0-service-goldfish.
05-22 10:11:55.385   466   466 I android.hardware.media.c2@1.0-service-goldfish: Codec2's IComponentStore service created.
05-22 10:11:55.407   513   513 I adbd    : persist.adb.watchdog set to ''
05-22 10:11:55.408   513   513 I adbd    : persist.sys.test_harness set to ''
05-22 10:11:55.408   513   513 I adbd    : adb watchdog timeout set to 600 seconds
05-22 10:11:55.408   513   513 I adbd    : Setup mdns on port= 5555
05-22 10:11:55.408   513   513 I adbd    : adbd listening on tcp:5555
05-22 10:11:55.408   513   548 I adbd    : Waiting for persist.adb.tls_server.enable=1
05-22 10:11:55.408   513   513 I adbd    : adbd listening on vsock:5555
05-22 10:11:55.408   513   513 I adbd    : adbd started
05-22 10:11:55.416   496   496 W android.hardware.drm-service.widevine: Thread Pool max thread count is 0. Cannot cache binder as linkToDeath cannot be implemented. serviceName: android.hardware.drm.IDrmFactory/widevine
05-22 10:11:55.416   496   496 W ProcessState: Thread pool configuration of size 8 requested, but startThreadPool was not called.
05-22 10:11:55.440   463   463 E EmulatedCameraProviderHwlImpl: ParseCharacteristics: tag android.visualEffect.backgroundBlurModes not supported, skipping!
05-22 10:11:55.440   463   463 E EmulatedCameraProviderHwlImpl: ParseCharacteristics: tag android.visualEffect.capabilities not supported, skipping!
05-22 10:11:55.440   463   463 I EmulatedCameraProviderHwlImpl: Create: Created EmulatedCameraProviderHwlImpl
05-22 10:11:55.440   463   463 E GCH_CameraProvider: Initialize: HWL doesn't support vendor buffer allocation Function not implemented(-38)
05-22 10:11:55.441   487   487 I Manager : DeviceManager::DeviceManager
05-22 10:11:55.441   486   486 W android.hardware.neuralnetworks-service-sample-limited: Thread Pool max thread count is 0. Cannot cache binder as linkToDeath cannot be implemented. serviceName: android.hardware.neuralnetworks.IDevice/nnapi-sample_quant
05-22 10:11:55.441   486   486 W ProcessState: Thread pool configuration of size 4 requested, but startThreadPool was not called.
05-22 10:11:55.441   487   487 I Manager : findAvailableDevices
05-22 10:11:55.441   487   487 I Manager : Enabled devices: .*
05-22 10:11:55.444   485   485 W android.hardware.neuralnetworks-service-sample-all: Thread Pool max thread count is 0. Cannot cache binder as linkToDeath cannot be implemented. serviceName: android.hardware.neuralnetworks.IDevice/nnapi-sample_all
05-22 10:11:55.444   485   485 W ProcessState: Thread pool configuration of size 4 requested, but startThreadPool was not called.
05-22 10:11:55.445   487   487 I Manager : Found interface nnapi-sample_sl (version = JUST_AN_EXAMPLE)
05-22 10:11:55.445   500   500 I FastMixerState: sMaxFastTracks = 8
05-22 10:11:55.446   221   221 I hwservicemanager: getTransport: Cannot find entry android.hardware.configstore@1.0::ISurfaceFlingerConfigs/default in either framework or device VINTF manifest.
05-22 10:11:55.446   487   487 I ShimDeviceManager: Attempting service registration for android.hardware.neuralnetworks.IDevice/nnapi-sample_sl_shim
05-22 10:11:55.446   487   487 W android.hardware.neuralnetworks-shim-service-sample: Thread Pool max thread count is 0. Cannot cache binder as linkToDeath cannot be implemented. serviceName: android.hardware.neuralnetworks.IDevice/nnapi-sample_sl_shim
05-22 10:11:55.446   487   487 I ShimDeviceManager: 1 NNAPI Devices/services registered, blocking
05-22 10:11:55.449   500   500 D audioserver: main: starting
05-22 10:11:55.449   500   500 V MediaUtils: physMem: 2070470656
05-22 10:11:55.449   500   500 V MediaUtils: requested limit: 414094120
05-22 10:11:55.449   500   500 I libc    : malloc_limit: Allocation limit enabled, max size 414094120 bytes
05-22 10:11:55.449   500   500 D audio_utils::mutex: get_enable_flag: mutex_priority_inheritance: true
05-22 10:11:55.449   500   500 W FactoryHal: hasAidlHalService android.hardware.audio.core.IModule/default: false
05-22 10:11:55.450   500   500 W FactoryHal: hasAidlHalService android.hardware.audio.effect.IFactory/default: false
05-22 10:11:55.450   221   221 I hwservicemanager: getTransport: Cannot find entry android.hardware.audio.effect@7.1::IEffectsFactory/default in either framework or device VINTF manifest.
05-22 10:11:55.458   500   500 W FactoryHal: hasAidlHalService android.hardware.audio.effect.IFactory/default: false
05-22 10:11:55.458   221   221 I hwservicemanager: getTransport: Cannot find entry android.hardware.audio.effect@7.1::IEffectsFactory/default in either framework or device VINTF manifest.
05-22 10:11:55.458   500   500 W FactoryHal: hasAidlHalService android.hardware.audio.core.IModule/default: false
05-22 10:11:55.459   500   500 W BatteryNotifier: batterystats service unavailable!
05-22 10:11:55.459   500   500 I ServiceManagerCppClient: Waiting for service 'media.metrics' on '/dev/binder'...
05-22 10:11:55.466   510   510 I SurfaceFlinger: Using HWComposer service: default
05-22 10:11:55.466   510   510 I SurfaceFlinger: SurfaceFlinger is starting
05-22 10:11:55.466   510   510 I SurfaceFlinger: Enabling backpressure for GPU composition
05-22 10:11:55.466   510   510 W libprocessgroup: A JoinCgroup action in the SystemMemoryProcess profile is used for controller memory in the cgroup v2 hierarchy and will be ignored
05-22 10:11:55.467   510   510 I SurfaceFlinger: SurfaceFlinger's main thread ready to run. Initializing graphics H/W...
05-22 10:11:55.467   510   510 D RenderEngine: Threaded RenderEngine with SkiaGL Backend (Ganesh)
05-22 10:11:55.472   510   563 I EGL_emulation: Opening libGLESv1_CM_emulation.so
05-22 10:11:55.472   510   563 I EGL_emulation: Opening libGLESv2_emulation.so
05-22 10:11:55.474   510   563 I RenderEngine: EGL information:
05-22 10:11:55.474   510   563 I RenderEngine: vendor    : Android
05-22 10:11:55.474   510   563 I RenderEngine: version   : 1.4 Android META-EGL
05-22 10:11:55.474   510   563 I RenderEngine: extensions: EGL_ANDROID_front_buffer_auto_refresh EGL_ANDROID_get_native_client_buffer EGL_ANDROID_presentation_time EGL_EXT_surface_CTA861_3_metadata EGL_EXT_surface_SMPTE2086_metadata EGL_KHR_get_all_proc_addresses EGL_KHR_swap_buffers_with_damage EGL_ANDROID_get_frame_timestamps EGL_ANDROID_image_native_buffer EGL_ANDROID_native_fence_sync EGL_ANDROID_recordable EGL_KHR_create_context EGL_KHR_fence_sync EGL_KHR_gl_texture_2D_image EGL_KHR_image EGL_KHR_image_base EGL_KHR_wait_sync 
05-22 10:11:55.474   510   563 I RenderEngine: Client API: OpenGL_ES
05-22 10:11:55.474   510   563 I RenderEngine: EGLSurface: 8-8-8-8, config=0x2
05-22 10:11:55.529   510   563 D RenderEngine: Background Blurs Enabled (Kawase algorithm)
05-22 10:11:55.532   510   563 I RenderEngine: OpenGL ES informations:
05-22 10:11:55.532   510   563 I RenderEngine: vendor    : Google (Apple)
05-22 10:11:55.532   510   563 I RenderEngine: renderer  : Android Emulator OpenGL ES Translator (Apple M2)
05-22 10:11:55.532   510   563 I RenderEngine: version   : OpenGL ES 3.0 (4.1 Metal - 89.4)
05-22 10:11:55.532   510   563 I RenderEngine: extensions: GL_EXT_debug_marker GL_EXT_robustness GL_OES_EGL_sync GL_OES_EGL_image GL_OES_EGL_image_external GL_OES_depth24 GL_OES_depth32 GL_OES_element_index_uint GL_OES_texture_float GL_OES_texture_float_linear GL_OES_compressed_paletted_texture GL_OES_compressed_ETC1_RGB8_texture GL_OES_depth_texture GL_OES_texture_npot GL_OES_rgb8_rgba8 GL_EXT_color_buffer_float GL_EXT_color_buffer_half_float GL_EXT_texture_format_BGRA8888 GL_APPLE_texture_format_BGRA8888 ANDROID_EMU_CHECKSUM_HELPER_v1 ANDROID_EMU_native_sync_v2 ANDROID_EMU_native_sync_v3 ANDROID_EMU_native_sync_v4 ANDROID_EMU_dma_v1 ANDROID_EMU_direct_mem ANDROID_EMU_host_composition_v1 ANDROID_EMU_host_composition_v2 ANDROID_EMU_vulkan ANDROID_EMU_deferred_vulkan_commands ANDROID_EMU_vulkan_null_optional_strings ANDROID_EMU_vulkan_create_resources_with_requirements ANDROID_EMU_YUV_Cache ANDROID_EMU_vulkan_ignored_handles ANDROID_EMU_has_shared_slots_host_memory_allocator ANDROID_EMU_vulkan_free_memory_sync ANDROID_EMU_vulkan_shader_float16_int8 ANDROI
05-22 10:11:55.532   510   563 I RenderEngine: GL_MAX_TEXTURE_SIZE = 16384
05-22 10:11:55.532   510   563 I RenderEngine: GL_MAX_VIEWPORT_DIMS = 16384
05-22 10:11:55.539   477   545 D RanchuHwc: getBootConfigId: persistent boot config is not enabled.
05-22 10:11:55.539   477   545 D RanchuHwc: init display:0 with config: id: 0 w:1080 h:2400 dpi-x:420 dpi-y:420 vsync:60.000002 config-group:0
05-22 10:11:55.539   477   545 E RanchuHwc: start: failed to set Vsync thread priority: Invalid argument
05-22 10:11:55.539   477   564 I RanchuHwc: Vsync thread for display:0 starting
05-22 10:11:55.543   510   510 I HwcComposer: Loaded AIDL composer3 HAL service
05-22 10:11:55.543   510   510 E HwcComposer: getOverlaySupport failed Status(-8, EX_SERVICE_SPECIFIC): '8: '
05-22 10:11:55.544   510   510 I HWComposer: Switching to generalized multi-display mode
05-22 10:11:55.545   510   510 E HwcComposer: getMaxLayerPictureProfiles failed Status(-8, EX_SERVICE_SPECIFIC): '8: '
05-22 10:11:55.545   510   510 E HWComposer: getMaxLayerPictureProfiles: getMaxLayerPictureProfiles failed for display 4619827259835644672: UNSUPPORTED (8)
05-22 10:11:55.545   510   510 W HWC2    : Can't query capability Unknown. Display Capabilities were not queried from HWC yet
05-22 10:11:55.545   510   510 I SurfaceFlinger: Connecting display 4619827259835644672(HAL ID 0)
05-22 10:11:55.547   510   510 E HwcComposer: getPerFrameMetadataKeys failed Status(-8, EX_SERVICE_SPECIFIC): '8: '
05-22 10:11:55.551   510   510 D SurfaceFlinger: processDisplayAdded: Enabling power optimizations
05-22 10:11:55.551   510   510 I Scheduler: Display 4619827259835644672 is the pacesetter
05-22 10:11:55.551   510   568 W EventThread: Ignoring VSYNC request while display is disconnected
05-22 10:11:55.551   510   569 W EventThread: Ignoring VSYNC request while display is disconnected
05-22 10:11:55.551   510   510 I Scheduler: Display 4619827259835644672 is the pacesetter
05-22 10:11:55.551   510   510 D DisplayModeController: setDesiredMode 4619827259835644672 {mode={fps=60.00 Hz, modePtr={id=0, vsyncRate=60.00 Hz, peakRefreshRate=60.00 Hz}}, emitEvent=true, force=false}
05-22 10:11:55.552   510   573 W SurfaceFlinger: Failed to set thread name on dispatch thread
05-22 10:11:55.552   221   221 I hwservicemanager: getTransport: Cannot find entry android.frameworks.displayservice@1.0::IDisplayService/default in either framework or device VINTF manifest.
05-22 10:11:55.552   510   510 E HidlServiceManagement: Service android.frameworks.displayservice@1.0::IDisplayService/default must be in VINTF manifest in order to register/get.
05-22 10:11:55.552   510   510 E SurfaceFlinger: Did not register (deprecated) IDisplayService service.
05-22 10:11:55.552   510   510 D SurfaceFlinger: Setting power mode 0 on physical display 4619827259835644672
05-22 10:11:55.552   510   510 D SurfaceFlinger: Setting power mode 2 on physical display 4619827259835644672
05-22 10:11:55.552   510   510 D SurfaceFlinger: setPhysicalDisplayPowerMode(ON): Disabling power optimizations
05-22 10:11:55.552   510   510 D SurfaceFlinger: Finished setting power mode 2 on physical display 4619827259835644672
05-22 10:11:55.559   513   577 I adbd    : host-8: write thread spawning
05-22 10:11:55.559   513   576 I adbd    : host-8: read thread spawning
05-22 10:11:55.559   513   578 I adbd    : host-16: read thread spawning
05-22 10:11:55.560   513   579 I adbd    : host-16: write thread spawning
05-22 10:11:55.563   513   513 I adbd    : adbd_auth: loading keys from /data/misc/adb/adb_keys
05-22 10:11:55.627   590   590 I bootstat: Service started: /system/bin/bootstat --set_system_boot_reason 
05-22 10:11:55.629   590   590 I bootstat: Canonical boot reason: reboot
05-22 10:11:55.629   590   590 I bootstat: Canonical boot reason: reboot
05-22 10:11:55.642   590   590 E bootstat: Failed to read /metadata/bootstat/persist.sys.boot.reason: No such file or directory
05-22 10:11:55.642   590   590 I bootstat: Value of persist.sys.boot.reason : 
05-22 10:11:55.642   590   590 I bootstat: Normalized last reboot reason : reboot
05-22 10:11:55.643   590   590 E bootstat: Failed to unlink /metadata/bootstat/persist.sys.boot.reason: No such file or directory
05-22 10:11:55.644     1     1 W init    : type=1400 audit(0.0:5): avc:  denied  { getattr } for  path="/system/bin/logcat" dev="dm-0" ino=6355350 scontext=u:r:init:s0 tcontext=u:object_r:logcat_exec:s0 tclass=file permissive=0
05-22 10:11:55.651   591   591 W drmserver: Thread Pool max thread count is 0. Cannot cache binder as linkToDeath cannot be implemented. serviceName: drm.drmManager
05-22 10:11:55.652   593   593 I perfetto:           probes.cc:103 Starting /system/bin/traced_probes service
05-22 10:11:55.653   593   593 I perfetto:  probes_producer.cc:386 Disconnected from tracing service
05-22 10:11:55.655   594   594 W perfetto:          service.cc:249 Started traced, listening on /dev/socket/traced_producer /dev/socket/traced_consumer
05-22 10:11:55.658   597   597 E bt_vhci_forwarder: setTerminalRaw failed /dev/bluetooth0: Inappropriate ioctl for device
05-22 10:11:55.682   603   603 I idmap2d : Starting
05-22 10:11:55.683   614   614 I flags_health_check: ServerConfigurableFlagsReset reset_mode value: 0
05-22 10:11:55.683   614   614 I flags_health_check: ServerConfigurableFlagsReset attempted boot count is under threshold, skipping reset.
05-22 10:11:55.686   603   603 W idmap2d : Thread Pool max thread count is 0. Cannot cache binder as linkToDeath cannot be implemented. serviceName: idmap
05-22 10:11:55.687   607   607 V MediaUtils: physMem: 2070470656
05-22 10:11:55.687   607   607 V MediaUtils: requested limit: 134217728
05-22 10:11:55.687   607   607 I libc    : malloc_limit: Allocation limit enabled, max size 134217728 bytes
05-22 10:11:55.688   613   613 I usbd    : persistent prop is adb
05-22 10:11:55.688   605   605 I installd: installd firing up
05-22 10:11:55.689   607   607 D AudioPowerUsage: AudioPowerUsage
05-22 10:11:55.689   607   607 D AudioAnalytics: AudioAnalytics
05-22 10:11:55.689   607   607 D MediaMetricsService: MediaMetricsService
05-22 10:11:55.689   607   607 W s       : Thread Pool max thread count is 0. Cannot cache binder as linkToDeath cannot be implemented. serviceName: media.metrics
05-22 10:11:55.690   221   221 I hwservicemanager: getTransport: Cannot find entry android.hardware.usb.gadget@1.0::IUsbGadget/default in either framework or device VINTF manifest.
05-22 10:11:55.690   613   613 I usbd    : Usb HAL not found
05-22 10:11:55.690   610   610 I wificond: wificond is starting up...
05-22 10:11:55.694   612   612 I gatekeeperd: Starting gatekeeperd...
05-22 10:11:55.694   605   605 W installd: Thread Pool max thread count is 0. Cannot cache binder as linkToDeath cannot be implemented. serviceName: installd
05-22 10:11:55.695   221   221 I hwservicemanager: getTransport: Cannot find entry android.system.wifi.keystore@1.0::IKeystore/default in either framework or device VINTF manifest.
05-22 10:11:55.695   610   610 E HidlServiceManagement: Service android.system.wifi.keystore@1.0::IKeystore/default must be in VINTF manifest in order to register/get.
05-22 10:11:55.695   610   610 I wificond: Did not register wifi keystore HIDL HAL service: -2147483648
05-22 10:11:55.696   612   612 W gatekeeperd: Thread Pool max thread count is 0. Cannot cache binder as linkToDeath cannot be implemented. serviceName: android.hardware.gatekeeper.IGatekeeper/default
05-22 10:11:55.696   609   609 W storaged: Thread Pool max thread count is 0. Cannot cache binder as linkToDeath cannot be implemented. serviceName: android.hardware.health.IHealth/default
05-22 10:11:55.697   609   609 I ServiceManagerCppClient: Waiting for service 'package_native' on '/dev/binder'...
05-22 10:11:55.697   612   612 W gatekeeperd: Thread Pool max thread count is 0. Cannot cache binder as linkToDeath cannot be implemented. serviceName: android.service.gatekeeper.IGateKeeperService
05-22 10:11:55.708   606   606 I main_extractorservice: enable media.extractor memory limits
05-22 10:11:55.708   606   606 V MediaUtils: physMem: 2070470656
05-22 10:11:55.708   606   606 V MediaUtils: requested limit: 414094120
05-22 10:11:55.708   606   606 I libc    : malloc_limit: Allocation limit enabled, max size 414094120 bytes
05-22 10:11:55.709   606   606 W mediaextractor: Could not read additional policy file '/vendor/etc/seccomp_policy/mediaextractor.policy'
05-22 10:11:55.709   606   606 W mediaextractor: libminijail[606]: failed to get path of fd 4: No such file or directory
05-22 10:11:55.709   606   606 W mediaextractor: libminijail[606]: allowing syscall: connect
05-22 10:11:55.709   606   606 W mediaextractor: libminijail[606]: allowing syscall: fcntl
05-22 10:11:55.709   606   606 W mediaextractor: libminijail[606]: allowing syscall: sendto
05-22 10:11:55.709   606   606 W mediaextractor: libminijail[606]: allowing syscall: socket
05-22 10:11:55.709   606   606 W mediaextractor: libminijail[606]: allowing syscall: writev
05-22 10:11:55.709   606   606 W mediaextractor: libminijail[606]: compile_file: <fd>(42): syscall readlinkat redefined here
05-22 10:11:55.709   606   606 W mediaextractor: libminijail[606]: compile_file: <fd>(38): previous definition here
05-22 10:11:55.709   606   606 W mediaextractor: libminijail[606]: compile_file: /apex/com.android.media/etc/seccomp_policy/crash_dump.arm64.policy(1): syscall read redefined here
05-22 10:11:55.709   606   606 W mediaextractor: libminijail[606]: compile_file: <fd>(18): previous definition here
05-22 10:11:55.709   606   606 W mediaextractor: libminijail[606]: compile_file: /apex/com.android.media/etc/seccomp_policy/crash_dump.arm64.policy(2): syscall write redefined here
05-22 10:11:55.709   606   606 W mediaextractor: libminijail[606]: compile_file: <fd>(6): previous definition here
05-22 10:11:55.709   606   606 W mediaextractor: libminijail[606]: compile_file: /apex/com.android.media/etc/seccomp_policy/crash_dump.arm64.policy(3): syscall exit redefined here
05-22 10:11:55.709   606   606 W mediaextractor: libminijail[606]: compile_file: <fd>(27): previous definition here
05-22 10:11:55.709   606   606 W mediaextractor: libminijail[606]: compile_file: /apex/com.android.media/etc/seccomp_policy/crash_dump.arm64.policy(4): syscall rt_sigreturn redefined here
05-22 10:11:55.709   606   606 W mediaextractor: libminijail[606]: compile_file: <fd>(29): previous definition here
05-22 10:11:55.709   606   606 W mediaextractor: libminijail[606]: compile_file: /apex/com.android.media/etc/seccomp_policy/crash_dump.arm64.policy(5): syscall exit_group redefined here
05-22 10:11:55.709   606   606 W mediaextractor: libminijail[606]: compile_file: <fd>(28): previous definition here
05-22 10:11:55.709   606   606 W mediaextractor: libminijail[606]: compile_file: /apex/com.android.media/etc/seccomp_policy/crash_dump.arm64.policy(8): syscall futex redefined here
05-22 10:11:55.709   606   606 W mediaextractor: libminijail[606]: compile_file: <fd>(4): previous definition here
05-22 10:11:55.709   606   606 W mediaextractor: libminijail[606]: compile_file: /apex/com.android.media/etc/seccomp_policy/crash_dump.arm64.policy(9): syscall getrandom redefined here
05-22 10:11:55.709   606   606 W mediaextractor: libminijail[606]: compile_file: <fd>(32): previous definition here
05-22 10:11:55.709   606   606 W mediaextractor: libminijail[606]: compile_file: /apex/com.android.media/etc/seccomp_policy/crash_dump.arm64.policy(14): syscall openat redefined here
05-22 10:11:55.709   606   606 W mediaextractor: libminijail[606]: compile_file: <fd>(12): previous definition here
05-22 10:11:55.709   606   606 W mediaextractor: libminijail[606]: compile_file: /apex/com.android.media/etc/seccomp_policy/crash_dump.arm64.policy(15): syscall dup redefined here
05-22 10:11:55.709   606   606 W mediaextractor: libminijail[606]: compile_file: <fd>(9): previous definition here
05-22 10:11:55.709   606   606 W mediaextractor: libminijail[606]: compile_file: /apex/com.android.media/etc/seccomp_policy/crash_dump.arm64.policy(16): syscall close redefined here
05-22 10:11:55.709   606   606 W mediaextractor: libminijail[606]: compile_file: <fd>(8): previous definition here
05-22 10:11:55.709   606   606 W mediaextractor: libminijail[606]: compile_file: /apex/com.android.media/etc/seccomp_policy/crash_dump.arm64.policy(17): syscall lseek redefined here
05-22 10:11:55.709   606   606 W mediaextractor: libminijail[606]: compile_file: <fd>(23): previous definition here
05-22 10:11:55.709   606   606 W mediaextractor: libminijail[606]: compile_file: /apex/com.android.media/etc/seccomp_policy/crash_dump.arm64.policy(18): syscall getdents64 redefined here
05-22 10:11:55.709   606   606 W mediaextractor: libminijail[606]: compile_file: <fd>(41): previous definition here
05-22 10:11:55.709   606   606 W mediaextractor: libminijail[606]: compile_file: /apex/com.android.media/etc/seccomp_policy/crash_dump.arm64.policy(19): syscall faccessat redefined here
05-22 10:11:55.709   606   606 W mediaextractor: libminijail[606]: compile_file: <fd>(25): previous definition here
05-22 10:11:55.709   606   606 W mediaextractor: libminijail[606]: compile_file: /apex/com.android.media/etc/seccomp_policy/crash_dump.arm64.policy(22): syscall setsockopt redefined here
05-22 10:11:55.709   606   606 W mediaextractor: libminijail[606]: compile_file: <fd>(56): previous definition here
05-22 10:11:55.709   606   606 W mediaextractor: libminijail[606]: compile_file: /apex/com.android.media/etc/seccomp_policy/crash_dump.arm64.policy(29): syscall prctl redefined here
05-22 10:11:55.709   606   606 W mediaextractor: libminijail[606]: compile_file: <fd>(5): previous definition here
05-22 10:11:55.709   606   606 W mediaextractor: libminijail[606]: compile_file: /apex/com.android.media/etc/seccomp_policy/crash_dump.arm64.policy(30): syscall madvise redefined here
05-22 10:11:55.709   606   606 W mediaextractor: libminijail[606]: compile_file: <fd>(14): previous definition here
05-22 10:11:55.709   606   606 W mediaextractor: libminijail[606]: compile_file: /apex/com.android.media/etc/seccomp_policy/crash_dump.arm64.policy(31): syscall mprotect redefined here
05-22 10:11:55.709   606   606 W mediaextractor: libminijail[606]: compile_file: <fd>(13): previous definition here
05-22 10:11:55.709   606   606 W mediaextractor: libminijail[606]: compile_file: /apex/com.android.media/etc/seccomp_policy/crash_dump.arm64.policy(32): syscall munmap redefined here
05-22 10:11:55.709   606   606 W mediaextractor: libminijail[606]: compile_file: <fd>(11): previous definition here
05-22 10:11:55.709   606   606 W mediaextractor: libminijail[606]: compile_file: /apex/com.android.media/etc/seccomp_policy/crash_dump.arm64.policy(33): syscall getuid redefined here
05-22 10:11:55.709   606   606 W mediaextractor: libminijail[606]: compile_file: <fd>(15): previous definition here
05-22 10:11:55.709   606   606 W mediaextractor: libminijail[606]: compile_file: /apex/com.android.media/etc/seccomp_policy/crash_dump.arm64.policy(34): syscall fstat redefined here
05-22 10:11:55.709   606   606 W mediaextractor: libminijail[606]: compile_file: <fd>(16): previous definition here
05-22 10:11:55.709   606   606 W mediaextractor: libminijail[606]: compile_file: /apex/com.android.media/etc/seccomp_policy/crash_dump.arm64.policy(35): syscall mmap redefined here
05-22 10:11:55.709   606   606 W mediaextractor: libminijail[606]: compile_file: <fd>(10): previous definition here
05-22 10:11:55.709   606   606 W mediaextractor: libminijail[606]: logging seccomp filter failures
05-22 10:11:55.732   608   608 I mediaserver: ServiceManager: 0xb400007efe0527e0
05-22 10:11:55.733   608   608 W BatteryNotifier: batterystats service unavailable!
05-22 10:11:55.733   608   608 W mediaserver: Thread Pool max thread count is 0. Cannot cache binder as linkToDeath cannot be implemented. serviceName: media.player
05-22 10:11:55.733   608   608 W BatteryNotifier: batterystats service unavailable!
05-22 10:11:55.733   608   608 W mediaserver: Thread Pool max thread count is 0. Cannot cache binder as linkToDeath cannot be implemented. serviceName: media.resource_manager
05-22 10:11:55.733   608   608 W mediaserver: Thread Pool max thread count is 0. Cannot cache binder as linkToDeath cannot be implemented. serviceName: media.resource_observer
05-22 10:11:55.738   458   458 D AndroidRuntime: >>>>>> START com.android.internal.os.ZygoteInit uid 0 <<<<<<
05-22 10:11:55.739   575   575 D BootAnimation: BootAnimationStartTiming start time: 6300ms
05-22 10:11:55.739   575   575 D BootAnimation: BootAnimationPreloadTiming start time: 6300ms
05-22 10:11:55.742   458   458 I AndroidRuntime: Using default boot image
05-22 10:11:55.742   458   458 I AndroidRuntime: Leaving lock profiling enabled
05-22 10:11:55.742   575   575 D BootAnimation: /product/media/bootanimation.zip is loaded successfully
05-22 10:11:55.745   602   602 I cameraserver: ServiceManager: 0xb400006f7fa24e10
05-22 10:11:55.745   602   602 I CameraService: CameraService started (pid=602)
05-22 10:11:55.745   602   602 I CameraService: CameraService process starting
05-22 10:11:55.746   602   602 W BatteryNotifier: batterystats service unavailable!
05-22 10:11:55.746   602   602 W BatteryNotifier: batterystats service unavailable!
05-22 10:11:55.748   602   602 W cameraserver: Thread Pool max thread count is 0. Cannot cache binder as linkToDeath cannot be implemented. serviceName: android.hardware.camera.provider.ICameraProvider/internal/0
05-22 10:11:55.748   602   602 I cameraserver: Connecting to new camera provider: android.hardware.camera.provider.ICameraProvider/internal/0, isRemote? 1
05-22 10:11:55.749   602   602 W BpBinder: Linking to death on android.hardware.camera.provider.ICameraProvider but there are no threads (yet?) listening to incoming transactions. See ProcessState::startThreadPool and ProcessState::setThreadPoolMaxThreadCount. Generally you should setup the binder threadpool before other initialization steps.
05-22 10:11:55.750   602   602 I CameraProviderManager: Enumerating new camera device: device@1.1/internal/1
05-22 10:11:55.750   463   531 W EmulatedCameraDeviceInfo: InitializeControlDefaults: No available post RAW boost! Setting default!
05-22 10:11:55.750   463   531 I EmulatedCameraDeviceHwlImpl: Create: Created EmulatedCameraDeviceHwlImpl for camera 1
05-22 10:11:55.750   463   531 D GCH_Utils: FindLibraryPaths: Unable to open directory /vendor/lib64/camera/capture_sessions/ (No such file or directory)
05-22 10:11:55.751   463   531 I GCH_CameraDevice: Create: Created a camera device for public(1)
05-22 10:11:55.751   463   531 I GCH_CameraDevice: Pinning memory for 0 shared libraries.
05-22 10:11:55.751   463   531 W GCH_HalVendorTags: ModifyCharacteristicsKeys: failed to get ANDROID_REQUEST_AVAILABLE_SESSION_KEYS
05-22 10:11:55.751   602   602 E CameraProviderManager: addDynamicDepthTags: Advertised depth exclusive tag but value is not present!
05-22 10:11:55.751   602   602 E cameraserver: AidlDeviceInfo3: Failed appending dynamic depth tags: Invalid argument (-22)
05-22 10:11:55.753   602   602 W cameraserver: Thread Pool max thread count is 0. Cannot cache binder as linkToDeath cannot be implemented. serviceName: media.player
05-22 10:11:55.754   608   623 D CCodec  : hidl based PersistentSurface created
05-22 10:11:55.754   608   623 D MediaCodecList: Allowing only non-surface-encoder OMX codecs
05-22 10:11:55.754   221   221 I hwservicemanager: getTransport: Cannot find entry android.hardware.media.omx@1.0::IOmxStore/default in either framework or device VINTF manifest.
05-22 10:11:55.754   608   623 E OmxInfoBuilder: Cannot find an IOmxStore service.
05-22 10:11:55.754   608   623 D MediaCodecList: ignored failed builder
05-22 10:11:55.755   608   623 I ApexCodecsLazy: Failed to load libcom.android.media.swcodec.apexcodecs.so: dlopen failed: library "libcom.android.media.swcodec.apexcodecs.so" not found
05-22 10:11:55.755   608   623 I Codec2Client: Available Codec2 services: "default" "software"
05-22 10:11:55.756   466   546 I GoldfishComponentStore: in init
05-22 10:11:55.756   466   546 I GoldfishComponentStore: loading dll of path libcodec2_goldfish_avcdec.so
05-22 10:11:55.760   500   500 I ServiceManagerCppClient: Waiting for service 'media.metrics' on '/dev/binder' successful after waiting 300ms
05-22 10:11:55.760   607   621 I ServiceManagerCppClient: Waiting for service 'package_native' on '/dev/binder'...
05-22 10:11:55.761   500   500 D audioserver: main: AudioFlinger created
05-22 10:11:55.761   500   500 D AudioSystem: onNewServiceWithAdapter: media.audio_flinger service obtained 0xb400007c39ae7900
05-22 10:11:55.761   500   500 E AudioFlinger: Function: getAudioPolicyConfig Line: 2618 Failed 
05-22 10:11:55.761   606   606 I MediaExtractorFactory: plugin directory not present (/system/lib64/extractors)
05-22 10:11:55.761   606   606 I MediaExtractorFactory: plugin directory not present (/system_ext/lib64/extractors)
05-22 10:11:55.761   606   606 W mediaextractor: Thread Pool max thread count is 0. Cannot cache binder as linkToDeath cannot be implemented. serviceName: media.extractor
05-22 10:11:55.764   466   546 I GoldfishComponentStore: Create()
05-22 10:11:55.764   466   546 I GoldfishComponentStore: created interface
05-22 10:11:55.764   466   546 I GoldfishComponentStore: in ~ComponentModule
05-22 10:11:55.764   466   546 I GoldfishComponentStore: unloading dll
05-22 10:11:55.764   466   546 I GoldfishComponentStore: in init
05-22 10:11:55.764   466   546 I GoldfishComponentStore: loading dll of path libcodec2_goldfish_hevcdec.so
05-22 10:11:55.767   466   546 I GoldfishComponentStore: Create()
05-22 10:11:55.768   466   546 I GoldfishComponentStore: created interface
05-22 10:11:55.768   466   546 I GoldfishComponentStore: in ~ComponentModule
05-22 10:11:55.768   466   546 I GoldfishComponentStore: unloading dll
05-22 10:11:55.768   466   546 I GoldfishComponentStore: in init
05-22 10:11:55.768   466   546 I GoldfishComponentStore: loading dll of path libcodec2_goldfish_vp8dec.so
05-22 10:11:55.771   466   546 I GoldfishComponentStore: Create()
05-22 10:11:55.771   466   546 I C2GoldfishVpxDec: platform store is 0xb40000727590fe68, reflector is 0xb40000735590bf08
05-22 10:11:55.771   466   546 I GoldfishComponentStore: created interface
05-22 10:11:55.771   466   546 I GoldfishComponentStore: in ~ComponentModule
05-22 10:11:55.771   466   546 I GoldfishComponentStore: unloading dll
05-22 10:11:55.771   466   546 I GoldfishComponentStore: in init
05-22 10:11:55.771   466   546 I GoldfishComponentStore: loading dll of path libcodec2_goldfish_vp9dec.so
05-22 10:11:55.771   500   500 D APM_EngineLoader: Loaded engine from libaudiopolicyenginedefault.so
05-22 10:11:55.771   500   500 D APM::AudioPolicyEngine/Base: loadAudioPolicyEngineConfig: No configuration found, using default matching phone experience.
05-22 10:11:55.772   500   500 W APM::AudioPolicyEngine/Base: processParsingResult: No configuration of AUDIO_STREAM_CALL_ASSISTANT found, using default volume configuration
05-22 10:11:55.772   500   500 E APM::AudioPolicyEngine: Policy Engine configuration is partially invalid, skipped 1 elements
05-22 10:11:55.772   466   546 I GoldfishComponentStore: Create()
05-22 10:11:55.772   466   546 I C2GoldfishVpxDec: platform store is 0xb40000727590f208, reflector is 0xb40000735590b798
05-22 10:11:55.772   466   546 I GoldfishComponentStore: created interface
05-22 10:11:55.772   466   546 I GoldfishComponentStore: in ~ComponentModule
05-22 10:11:55.772   466   546 I GoldfishComponentStore: unloading dll
05-22 10:11:55.773   221   221 I hwservicemanager: Since android.hardware.media.c2@1.0::IComponentStore/software is not registered, trying to start it as a lazy HAL (if it's not configured to be a lazy HAL, it may be stuck starting or still starting).
05-22 10:11:55.773   221   221 I hwservicemanager: Since android.hardware.media.c2@1.0::IComponentStore/software is not registered, trying to start it as a lazy HAL (if it's not configured to be a lazy HAL, it may be stuck starting or still starting).
05-22 10:11:55.773   608   623 I HidlServiceManagement: getService: Trying again for android.hardware.media.c2@1.0::IComponentStore/software...
05-22 10:11:55.774   221   637 W libc    : Unable to set property "ctl.interface_start" to "android.hardware.media.c2@1.0::IComponentStore/software": PROP_ERROR_HANDLE_CONTROL_MESSAGE (0x20)
05-22 10:11:55.774   221   637 I hwservicemanager: Tried to start android.hardware.media.c2@1.0::IComponentStore/software as a lazy service, but was unable to. Usually this happens when a service is not installed, but if the service is intended to be used as a lazy service, then it may be configured incorrectly.
05-22 10:11:55.774   500   500 W DeviceHalHidl: getSoundDoseInterface service android.hardware.audio.sounddose.ISoundDoseFactory/default doesn't exist
05-22 10:11:55.774   500   500 W MelReporter: activateHalSoundDoseComputation: HAL cannot provide sound dose interface for module primary
05-22 10:11:55.774   500   500 W AudioFlinger: loadHwModule() sound dose reporting is not available
05-22 10:11:55.774   221   635 W libc    : Unable to set property "ctl.interface_start" to "android.hardware.media.c2@1.0::IComponentStore/software": PROP_ERROR_HANDLE_CONTROL_MESSAGE (0x20)
05-22 10:11:55.774   221   635 I hwservicemanager: Tried to start android.hardware.media.c2@1.0::IComponentStore/software as a lazy service, but was unable to. Usually this happens when a service is not installed, but if the service is intended to be used as a lazy service, then it may be configured incorrectly.
05-22 10:11:55.775   500   500 I AudioFlinger: loadHwModule() Loaded primary audio interface, handle 10
05-22 10:11:55.776   500   500 I AudioFlinger: openOutput() this 0xb400007c39ae7900, module 10 Device AUDIO_DEVICE_OUT_SPEAKER, @:, SamplingRate 48000, Format 0x000001, Channels 0x3, flags 0x2
05-22 10:11:55.777   500   500 I AudioFlinger: operator(): Using 3000 ms as standby time
05-22 10:11:55.777   500   500 I AudioFlinger: HAL output buffer size 1088 frames, normal sink buffer size 1088 frames
05-22 10:11:55.778   500   500 W FactoryHal: hasAidlHalService android.hardware.audio.effect.IFactory/default: false
05-22 10:11:55.778   221   221 I hwservicemanager: getTransport: Cannot find entry android.hardware.audio.effect@7.1::IEffectsFactory/default in either framework or device VINTF manifest.
05-22 10:11:55.778   500   500 W FactoryHal: hasAidlHalService android.hardware.audio.core.IModule/default: false
05-22 10:11:55.781   575   575 D BootAnimation: BootAnimationPreloadTiming stop time: 6342ms
05-22 10:11:55.785   500   500 I BufferProvider: found effect "Multichannel Downmix To Stereo" from The Android Open Source Project
05-22 10:11:55.785   500   500 D AudioFlinger: Failed to add event callback
05-22 10:11:55.786   500   500 V APM_AudioPolicyManager: checkAndSetVolume if deviceTypes is change from none to device 0x2, need get index 0
05-22 10:11:55.786   500   500 E APM_AudioPolicyManager: invalid volume index range in the curve:
05-22 10:11:55.786   500   500 E APM_AudioPolicyManager:   Can be muted  Index Min  Index Max  Index Cur [device : index]...
05-22 10:11:55.786   500   500 E APM_AudioPolicyManager:   true          -1         -1         40000000 : 00, 
05-22 10:11:55.786   500   500 V APM_AudioPolicyManager: checkAndSetVolume if deviceTypes is change from none to device 0x2, need get index 0
05-22 10:11:55.786   500   500 E APM_AudioPolicyManager: invalid volume index range in the curve:
05-22 10:11:55.786   500   500 E APM_AudioPolicyManager:   Can be muted  Index Min  Index Max  Index Cur [device : index]...
05-22 10:11:55.786   500   500 E APM_AudioPolicyManager:   true          -1         -1         40000000 : 00, 
05-22 10:11:55.786   500   500 V APM_AudioPolicyManager: checkAndSetVolume if deviceTypes is change from none to device 0x2, need get index 0
05-22 10:11:55.786   500   500 E APM_AudioPolicyManager: invalid volume index range in the curve:
05-22 10:11:55.786   500   500 E APM_AudioPolicyManager:   Can be muted  Index Min  Index Max  Index Cur [device : index]...
05-22 10:11:55.786   500   500 E APM_AudioPolicyManager:   true          -1         -1         40000000 : 00, 
05-22 10:11:55.786   500   500 V APM_AudioPolicyManager: checkAndSetVolume if deviceTypes is change from none to device 0x2, need get index 0
05-22 10:11:55.786   500   500 E APM_AudioPolicyManager: invalid volume index range in the curve:
05-22 10:11:55.786   500   500 E APM_AudioPolicyManager:   Can be muted  Index Min  Index Max  Index Cur [device : index]...
05-22 10:11:55.786   500   500 E APM_AudioPolicyManager:   true          -1         -1         40000000 : 00, 
05-22 10:11:55.786   500   500 V APM_AudioPolicyManager: checkAndSetVolume if deviceTypes is change from none to device 0x2, need get index 0
05-22 10:11:55.786   500   500 E APM_AudioPolicyManager: invalid volume index range in the curve:
05-22 10:11:55.786   500   500 E APM_AudioPolicyManager:   Can be muted  Index Min  Index Max  Index Cur [device : index]...
05-22 10:11:55.786   500   500 E APM_AudioPolicyManager:   true          -1         -1         40000000 : 00, 
05-22 10:11:55.786   500   500 V APM_AudioPolicyManager: checkAndSetVolume if deviceTypes is change from none to device 0x2, need get index 0
05-22 10:11:55.787   500   500 E APM_AudioPolicyManager: invalid volume index range in the curve:
05-22 10:11:55.787   500   500 E APM_AudioPolicyManager:   Can be muted  Index Min  Index Max  Index Cur [device : index]...
05-22 10:11:55.787   500   500 E APM_AudioPolicyManager:   true          -1         -1         40000000 : 00, 
05-22 10:11:55.787   500   500 V APM_AudioPolicyManager: checkAndSetVolume if deviceTypes is change from none to device 0x2, need get index 0
05-22 10:11:55.787   500   500 E APM_AudioPolicyManager: invalid volume index range in the curve:
05-22 10:11:55.787   500   500 E APM_AudioPolicyManager:   Can be muted  Index Min  Index Max  Index Cur [device : index]...
05-22 10:11:55.787   500   500 E APM_AudioPolicyManager:   true          -1         -1         40000000 : 00, 
05-22 10:11:55.787   500   500 V APM_AudioPolicyManager: checkAndSetVolume if deviceTypes is change from none to device 0x2, need get index 0
05-22 10:11:55.787   500   500 E APM_AudioPolicyManager: invalid volume index range in the curve:
05-22 10:11:55.787   500   500 E APM_AudioPolicyManager:   Can be muted  Index Min  Index Max  Index Cur [device : index]...
05-22 10:11:55.787   500   500 E APM_AudioPolicyManager:   true          -1         -1         40000000 : 00, 
05-22 10:11:55.787   500   500 V APM_AudioPolicyManager: checkAndSetVolume if deviceTypes is change from none to device 0x2, need get index 0
05-22 10:11:55.787   500   500 V APM_AudioPolicyManager: computeVolume volume source 9, index 0,  devices 0x2, compute internal 1 
05-22 10:11:55.787   500   500 V APM_AudioPolicyManager: checkAndSetVolume if deviceTypes is change from none to device 0x2, need get index 0
05-22 10:11:55.787   500   500 V APM_AudioPolicyManager: computeVolume volume source 10, index 0,  devices 0x2, compute internal 1 
05-22 10:11:55.787   500   500 V APM_AudioPolicyManager: checkAndSetVolume if deviceTypes is change from none to device 0x2, need get index 0
05-22 10:11:55.787   500   500 E APM_AudioPolicyManager: invalid volume index range in the curve:
05-22 10:11:55.787   500   500 E APM_AudioPolicyManager:   Can be muted  Index Min  Index Max  Index Cur [device : index]...
05-22 10:11:55.787   500   500 E APM_AudioPolicyManager:   true          -1         -1         40000000 : 00, 
05-22 10:11:55.787   500   500 V APM_AudioPolicyManager: checkAndSetVolume if deviceTypes is change from none to device 0x2, need get index 0
05-22 10:11:55.787   500   500 E APM_AudioPolicyManager: invalid volume index range in the curve:
05-22 10:11:55.787   500   500 E APM_AudioPolicyManager:   Can be muted  Index Min  Index Max  Index Cur [device : index]...
05-22 10:11:55.787   500   500 E APM_AudioPolicyManager:   true          -1         -1         40000000 : 00, 
05-22 10:11:55.787   500   500 V APM_AudioPolicyManager: checkAndSetVolume if deviceTypes is change from none to device 0x2, need get index 0
05-22 10:11:55.787   500   500 E APM_AudioPolicyManager: invalid volume index range in the curve:
05-22 10:11:55.787   500   500 E APM_AudioPolicyManager:   Can be muted  Index Min  Index Max  Index Cur [device : index]...
05-22 10:11:55.787   500   500 E APM_AudioPolicyManager:   true          -1         -1         40000000 : 00, 
05-22 10:11:55.787   500   500 V APM_AudioPolicyManager: checkAndSetVolume if deviceTypes is change from none to device 0x2, need get index 0
05-22 10:11:55.787   500   500 E APM_AudioPolicyManager: invalid volume index range in the curve:
05-22 10:11:55.787   500   500 E APM_AudioPolicyManager:   Can be muted  Index Min  Index Max  Index Cur [device : index]...
05-22 10:11:55.787   500   500 E APM_AudioPolicyManager:   true          -1         -1         40000000 : 00, 
05-22 10:11:55.787   500   500 V APM_AudioPolicyManager: checkAndSetVolume if deviceTypes is change from none to device 0x2, need get index 0
05-22 10:11:55.787   500   500 V APM_AudioPolicyManager: computeVolume volume source 15, index 0,  devices 0x2, compute internal 1 
05-22 10:11:55.788   458   458 I zygote64: option[0]=-Xzygote
05-22 10:11:55.788   500   500 W AudioFlinger: moveEffects() AUDIO_SESSION_OUTPUT_MIX not found in orphans, checking other mix
05-22 10:11:55.788   500   500 W AudioFlinger: moveEffects() bad srcIo 0
05-22 10:11:55.788   500   500 V APM_AudioPolicyManager: selectOutputForMusicEffects selected output 13
05-22 10:11:55.788   500   500 V APM_AudioPolicyManager: setOutputDevices caller onNewAudioModulesAvailableInt[[portId:1][io:13, primary output]] device {AUDIO_DEVICE_OUT_SPEAKER, @:} delayMs 0
05-22 10:11:55.788   500   500 V APM_AudioPolicyManager: setOutputDevices caller onNewAudioModulesAvailableInt[[portId:1][io:13, primary output]] prevDevice {AUDIO_DEVICE_OUT_SPEAKER, @:}
05-22 10:11:55.788   500   500 I APM::AudioPolicyEngine: getDevicesForStrategyInt no device found for strategy 7
05-22 10:11:55.788   500   500 V APM_AudioPolicyManager: setOutputDevices caller onNewAudioModulesAvailableInt[[portId:1][io:13, primary output]] changing device to {AUDIO_DEVICE_OUT_SPEAKER, @:}
05-22 10:11:55.788   458   458 I zygote64: option[1]=exit
05-22 10:11:55.788   458   458 I zygote64: option[2]=vfprintf
05-22 10:11:55.788   458   458 I zygote64: option[3]=sensitiveThread
05-22 10:11:55.788   458   458 I zygote64: option[4]=-verbose:gc
05-22 10:11:55.788   458   458 I zygote64: option[5]=-XX:PerfettoHprof=true
05-22 10:11:55.788   458   458 I zygote64: option[6]=-XX:PerfettoJavaHeapStackProf=true
05-22 10:11:55.788   458   458 I zygote64: option[7]=-Xprimaryzygote
05-22 10:11:55.788   458   458 I zygote64: option[8]=-Xms8m
05-22 10:11:55.788   458   458 I zygote64: option[9]=-Xmx512m
05-22 10:11:55.788   458   458 I zygote64: option[10]=-XX:HeapGrowthLimit=192m
05-22 10:11:55.788   458   458 I zygote64: option[11]=-XX:HeapMinFree=512k
05-22 10:11:55.788   458   458 I zygote64: option[12]=-XX:HeapMaxFree=8m
05-22 10:11:55.788   458   458 I zygote64: option[13]=-XX:HeapTargetUtilization=0.75
05-22 10:11:55.788   458   458 I zygote64: option[14]=-Xusejit:true
05-22 10:11:55.788   458   458 I zygote64: option[15]=-Xjitsaveprofilinginfo
05-22 10:11:55.788   458   458 I zygote64: option[16]=-XMadviseWillNeedVdexFileSize:104857600
05-22 10:11:55.788   458   458 I zygote64: option[17]=-XMadviseWillNeedOdexFileSize:104857600
05-22 10:11:55.788   458   458 I zygote64: option[18]=-XjdwpOptions:suspend=n,server=y
05-22 10:11:55.788   458   458 I zygote64: option[19]=-XjdwpProvider:default
05-22 10:11:55.788   458   458 I zygote64: option[20]=-Xopaque-jni-ids:swapable
05-22 10:11:55.788   458   458 I zygote64: option[21]=-Xcompiler-option
05-22 10:11:55.788   458   458 I zygote64: option[22]=--instruction-set-variant=generic
05-22 10:11:55.788   458   458 I zygote64: option[23]=-Xcompiler-option
05-22 10:11:55.788   458   458 I zygote64: option[24]=--instruction-set-features=default
05-22 10:11:55.788   458   458 I zygote64: option[25]=-Xcompiler-option
05-22 10:11:55.788   458   458 I zygote64: option[26]=--generate-mini-debug-info
05-22 10:11:55.788   458   458 I zygote64: option[27]=-Ximage-compiler-option
05-22 10:11:55.788   458   458 I zygote64: option[28]=--runtime-arg
05-22 10:11:55.788   458   458 I zygote64: option[29]=-Ximage-compiler-option
05-22 10:11:55.788   458   458 I zygote64: option[30]=-Xms64m
05-22 10:11:55.788   458   458 I zygote64: option[31]=-Ximage-compiler-option
05-22 10:11:55.788   458   458 I zygote64: option[32]=--runtime-arg
05-22 10:11:55.788   458   458 I zygote64: option[33]=-Ximage-compiler-option
05-22 10:11:55.788   458   458 I zygote64: option[34]=-Xmx64m
05-22 10:11:55.788   458   458 I zygote64: option[35]=-Ximage-compiler-option
05-22 10:11:55.788   458   458 I zygote64: option[36]=--dirty-image-objects=/apex/com.android.art/etc/dirty-image-objects
05-22 10:11:55.788   458   458 I zygote64: option[37]=-Ximage-compiler-option
05-22 10:11:55.788   458   458 I zygote64: option[38]=--dirty-image-objects=/system/etc/dirty-image-objects
05-22 10:11:55.788   458   458 I zygote64: option[39]=-Ximage-compiler-option
05-22 10:11:55.788   458   458 I zygote64: option[40]=--instruction-set-variant=generic
05-22 10:11:55.788   458   458 I zygote64: option[41]=-Ximage-compiler-option
05-22 10:11:55.788   458   458 I zygote64: option[42]=--instruction-set-features=default
05-22 10:11:55.788   458   458 I zygote64: option[43]=-Ximage-compiler-option
05-22 10:11:55.788   458   458 I zygote64: option[44]=--generate-mini-debug-info
05-22 10:11:55.788   458   458 I zygote64: option[45]=-Duser.locale=en-US
05-22 10:11:55.788   458   458 I zygote64: option[46]=--cpu-abilist=arm64-v8a
05-22 10:11:55.788   458   458 I zygote64: option[47]=-Xfingerprint:google/sdk_gphone64_arm64/emu64a:16/BP22.250325.006/13344233:user/release-keys
05-22 10:11:55.789   500   642 I AudioFlinger: AudioFlinger's thread 0xb400007d10c92770 tid=642 ready to run
05-22 10:11:55.789   458   458 I zygote64: Using CollectorTypeCMC GC.
05-22 10:11:55.789   500   642 W AudioFlinger: no wake lock to update, system not ready yet
05-22 10:11:55.789   461   640 E android.hardware.audio@7.1-impl.ranchu: getPresentationPosition:510 failure: Result::INVALID_STATE
05-22 10:11:55.793   575   641 I EGL_emulation: Opening libGLESv1_CM_emulation.so
05-22 10:11:55.793   575   641 I EGL_emulation: Opening libGLESv2_emulation.so
05-22 10:11:55.814   575   641 W emuglGLESv2_enc: error cap: 0xde1 is invalid
05-22 10:11:55.814   575   641 E emuglGLESv2_enc: hardware/google/gfxstream/guest/GLESv2_enc/GL2Encoder.cpp:s_glEnable:5158 GL error 0x500 condition [!GLESv2Validation::allowedEnable(ctx->majorVersion(), ctx->minorVersion(), what)]
05-22 10:11:55.821   575   641 W HWUI    : Image decoding logging dropped!
05-22 10:11:55.822   575   641 D BootAnimation: BootAnimationShownTiming start time: 6382ms
05-22 10:11:55.822   575   641 D BootAnimation: Playing files = /product/media/bootanimation.zip/part0, Requested repeat = 1, playUntilComplete = true
05-22 10:11:55.823   611   611 I mediaswcodec: media swcodec service starting
05-22 10:11:55.823   575   641 W HWUI    : Image decoding logging dropped!
05-22 10:11:55.823   611   611 W mediaswcodec: Could not read additional policy file '/vendor/etc/seccomp_policy/mediaswcodec.policy'
05-22 10:11:55.823   611   611 W mediaswcodec: libminijail[611]: failed to get path of fd 4: No such file or directory
05-22 10:11:55.823   611   611 W mediaswcodec: libminijail[611]: allowing syscall: connect
05-22 10:11:55.824   611   611 W mediaswcodec: libminijail[611]: allowing syscall: fcntl
05-22 10:11:55.824   611   611 W mediaswcodec: libminijail[611]: allowing syscall: sendto
05-22 10:11:55.824   611   611 W mediaswcodec: libminijail[611]: allowing syscall: socket
05-22 10:11:55.824   611   611 W mediaswcodec: libminijail[611]: allowing syscall: writev
05-22 10:11:55.824   611   611 W mediaswcodec: libminijail[611]: compile_file: <fd>(75): syscall munmap redefined here
05-22 10:11:55.824   611   611 W mediaswcodec: libminijail[611]: compile_file: <fd>(39): previous definition here
05-22 10:11:55.824   611   611 W mediaswcodec: libminijail[611]: logging seccomp filter failures
05-22 10:11:55.824   611   611 I CodecServiceRegistrant: Creating software Codec2 service...
05-22 10:11:55.824   611   611 D C2Store : Default ION heapmask = -1
