--------- beginning of system
03-11 10:07:58.962   173   173 I vold    : Vold 3.0 (the awakening) firing up
03-11 10:07:58.962   173   173 D vold    : Detected support for: ext4 f2fs vfat
03-11 10:07:58.963   173   173 I vold    : [libfstab] Using Android DT directory /proc/device-tree/firmware/android/
03-11 10:07:58.965   173   173 D vold    : VoldNativeService::start() completed OK
03-11 10:07:59.003   173   173 D vold    : fscrypt_mount_metadata_encrypted: /data encrypt: 0 format: 0 with null block device: /dev/block/vdc with zoned 0
03-11 10:07:59.004   173   173 D vold    : metadata_key_dir/key: /metadata/vold/metadata_encryption/key
03-11 10:07:59.004   173   173 D vold    : Key exists, using: /metadata/vold/metadata_encryption/key
03-11 10:07:59.023   183   183 I keystore2: system/security/keystore2/src/keystore2_main.rs:61 - Keystore2 is starting.
03-11 10:07:59.023   183   183 I keystore2: system/security/keystore2/src/keystore2_main.rs:67 - Setting up sqlite logging for keystore2
03-11 10:07:59.026   183   183 I keystore2: system/security/keystore2/src/keystore2_main.rs:99 - Starting thread pool now.
03-11 10:07:59.027   183   183 I keystore2: system/security/keystore2/src/globals.rs:263 - KeyMint device is current version (Some(300)) for security level: r#TRUSTED_ENVIRONMENT
03-11 10:07:59.028   183   191 I keystore2: system/security/keystore2/src/shared_secret_negotiation.rs:48 - Shared secret negotiation concluded successfully.
03-11 10:07:59.029   183   191 I keystore2: system/security/keystore2/src/shared_secret_negotiation.rs:290 - No StrongBox Keymint available, so no RoT transfer
03-11 10:07:59.030   183   183 I keystore2: system/security/keystore2/src/keystore2_main.rs:154 - Successfully registered Keystore 2.0 service.
03-11 10:07:59.030   183   183 I keystore2: system/security/keystore2/src/keystore2_main.rs:156 - Joining thread pool now.
03-11 10:07:59.031   173   173 D vold    : Mounting metadata-encrypted filesystem:/data
03-11 10:07:59.031   173   173 I vold    : AIDL IBootControl not available, falling back to HIDL.
03-11 10:07:59.031   173   173 E vold    : Error getting bootctrl v1.0 module.
03-11 10:07:59.032   173   173 I vold    : [libfs_mgr] superblock s_max_mnt_count:65535,/dev/block/mapper/userdata
03-11 10:07:59.032   173   173 I vold    : [libfs_mgr] Filesystem on /dev/block/mapper/userdata was not cleanly shutdown; state flags: 0x1, incompat feature flags: 0x30046
03-11 10:07:59.135   173   173 I vold    : [libfs_mgr] check_fs(): mount(/dev/block/mapper/userdata,/data,ext4)=0: Success
03-11 10:07:59.141   173   173 I vold    : [libfs_mgr] umount_retry(): unmount(/data) succeeded
03-11 10:07:59.141   173   173 I vold    : [libfs_mgr] Running /system/bin/e2fsck on /dev/block/dm-44
03-11 10:07:59.408   173   173 I vold    : [libfs_mgr] superblock s_max_mnt_count:65535,/dev/block/mapper/userdata
03-11 10:07:59.408   173   173 W vold    : [libfs_mgr] Reserved blocks 32768 is too large; capping to 31457
03-11 10:07:59.409   173   173 I vold    : [libfs_mgr] __mount(source=/dev/block/mapper/userdata,target=/data,type=ext4)=0: Success
03-11 10:07:59.410   173   173 D vold    : Mounted /data
03-11 10:07:59.415   173   173 I Checkpoint: cp_prepareCheckpoint called
03-11 10:07:59.418   173   173 I vold    : fscrypt_initialize_systemwide_keys
03-11 10:07:59.419   173   173 D vold    : Key exists, using: /data/unencrypted/key
03-11 10:07:59.422   173   173 D vold    : Installed fscrypt key with ref 2feec60e9f05b322671702c0de1788e2 to /data
03-11 10:07:59.425   173   173 I vold    : Wrote system DE key reference to:/data/unencrypted/ref
03-11 10:07:59.425   173   173 D vold    : Generating standard storage key
03-11 10:07:59.425   173   173 D vold    : Installed fscrypt key with ref 7fbd228e0a94df50544e0c378cc7e80c to /data
03-11 10:07:59.425   173   173 I vold    : Wrote per boot key reference to:/data/unencrypted/per_boot_ref
03-11 10:07:59.433   173   173 I incfs   : Initial API level of the device: 35
03-11 10:07:59.433   173   173 I incfs   : ro.incremental.enable: yes
03-11 10:07:59.433   173   173 I incfs   : isFsAvailable: true
03-11 10:07:59.433   173   173 I incfs   : isFsAvailable: true
03-11 10:07:59.433   173   173 I incfs   : IncFs_Features: v2
03-11 10:07:59.434   183   193 I keystore2: system/security/keystore2/src/maintenance.rs:347 - earlyBootEnded()
03-11 10:07:59.434   183   193 I keystore2: system/security/keystore2/src/maintenance.rs:217 - In early_boot_ended.
03-11 10:07:59.439   183   193 I keystore2: system/security/keystore2/src/globals.rs:70 - Touching Keystore 2.0 database for this first time since boot.
03-11 10:07:59.439   183   193 I keystore2: system/security/keystore2/src/globals.rs:71 - Calling cleanup leftovers.
03-11 10:07:59.440   183   193 I keystore2: system/security/keystore2/src/boot_level_keys.rs:57 - ro.keystore.boot_level_key.strategy not set, inferring from installed KM instances
03-11 10:07:59.440   183   193 I keystore2: system/security/keystore2/src/boot_level_keys.rs:115 - In get_level_zero_key: security_level=r#SOFTWARE, deny_later_strategy=EarlyBootOnly
03-11 10:07:59.442   183   193 I keystore2: system/security/keystore2/src/super_key.rs:302 - Starting boot level watcher.
03-11 10:07:59.442   183   211 I keystore2: system/security/keystore2/src/super_key.rs:334 - Read keystore.boot_level value 30
03-11 10:07:59.442   183   211 I keystore2: system/security/keystore2/src/super_key.rs:334 - Read keystore.boot_level value 30
03-11 10:07:59.442   183   193 I keystore2: system/security/keystore2/src/maintenance.rs:198 - Call to earlyBootEnded succeeded for security level TRUSTED_ENVIRONMENT.
03-11 10:07:59.443   183   193 E keystore2: system/security/keystore2/src/maintenance.rs:203 - Call to earlyBootEnded failed for security level STRONGBOX: system/security/keystore2/src/maintenance.rs:178: getting keymint device.
03-11 10:07:59.443   183   193 E keystore2: system/security/keystore2/src/error.rs:171 - system/security/keystore2/src/maintenance.rs:178: getting keymint device
03-11 10:07:59.443   183   193 E keystore2: 
03-11 10:07:59.443   183   193 E keystore2: Caused by:
03-11 10:07:59.443   183   193 E keystore2:     0: system/security/keystore2/src/globals.rs:342: Cannot connect to Keymint
03-11 10:07:59.443   183   193 E keystore2:     1: system/security/keystore2/src/globals.rs:249: Trying to get Legacy wrapper. Attempt to get keystore compat service for security level r#STRONGBOX
03-11 10:07:59.443   183   193 E keystore2:     2: Error::Km(r#HARDWARE_TYPE_UNAVAILABLE)
03-11 10:07:59.443   173   173 E vold    : keystore2 Keystore earlyBootEnded returned service specific error: -68
03-11 10:07:59.595   173   173 D vold    : fscrypt_init_user0
03-11 10:07:59.595   173   173 D vold    : Preparing: /data/misc/vold/user_keys
03-11 10:07:59.596   173   173 D vold    : Preparing: /data/misc/vold/user_keys/ce
03-11 10:07:59.596   173   173 D vold    : Preparing: /data/misc/vold/user_keys/de
03-11 10:07:59.599   173   173 D vold    : Installed fscrypt key with ref a8f65d87382636eff8eb7d2a7dcdeb02 to /data
03-11 10:07:59.599   173   173 D vold    : Installed de key for user 0
03-11 10:07:59.599   173   173 D vold    : Preparing: /data/data
03-11 10:07:59.600   173   173 D vold    : Preparing: /data/user/0
03-11 10:07:59.600   173   173 D vold    : Preparing: /data/media/obb
03-11 10:07:59.600   173   173 D vold    : fscrypt_prepare_user_storage for volume null, user 0, flags 1
03-11 10:07:59.600   173   173 D vold    : Preparing: /data/system/users/0
03-11 10:07:59.600   173   173 D vold    : Preparing: /data/misc/profiles/cur/0
03-11 10:07:59.601   173   173 D vold    : Preparing: /data/system_de/0
03-11 10:07:59.601   173   173 I vold    : Verified that /data/system_de/0 has the encryption policy a8f65d87382636eff8eb7d2a7dcdeb02 v2 modes 1/4 flags 0x2
03-11 10:07:59.601   173   173 D vold    : Preparing: /data/vendor_de/0
03-11 10:07:59.601   173   173 I vold    : Verified that /data/vendor_de/0 has the encryption policy a8f65d87382636eff8eb7d2a7dcdeb02 v2 modes 1/4 flags 0x2
03-11 10:07:59.601   173   173 D vold    : Preparing: /data/misc_de/0
03-11 10:07:59.601   173   173 I vold    : Verified that /data/misc_de/0 has the encryption policy a8f65d87382636eff8eb7d2a7dcdeb02 v2 modes 1/4 flags 0x2
03-11 10:07:59.602   173   173 D vold    : Preparing: /data/user_de/0
03-11 10:07:59.602   173   173 I vold    : Verified that /data/user_de/0 has the encryption policy a8f65d87382636eff8eb7d2a7dcdeb02 v2 modes 1/4 flags 0x2
03-11 10:07:59.602   173   173 D vold    : /system/bin/vold_prepare_subdirs
03-11 10:07:59.602   173   173 D vold    :     prepare
03-11 10:07:59.602   173   173 D vold    :     
03-11 10:07:59.602   173   173 D vold    :     0
03-11 10:07:59.602   173   173 D vold    :     1
03-11 10:07:59.653   342   342 I odsign  : Trying to retrieve existing HMAC key...
03-11 10:07:59.654   342   342 I odsign  : Trying to retrieve existing keystore key...
03-11 10:07:59.655   342   342 I odsign  : Verified public key signature.
03-11 10:07:59.655   342   342 I odsign  : Initialized Keystore key.
03-11 10:07:59.656   342   342 I odsign  : Found and verified existing public key certificate: /data/misc/odsign/key.cert
03-11 10:07:59.704   343   343 I odrefresh: ART APEX version 350820300
03-11 10:07:59.761   343   343 I odrefresh: Boot images on /system OK (arm64)
03-11 10:07:59.764   343   343 I odrefresh: system_server artifacts on /system OK
03-11 10:07:59.766   342   342 I odsign  : /data/misc/odsign/odsign.info.signature matches.
03-11 10:07:59.766   342   342 I odsign  : Loaded /data/misc/odsign/odsign.info
03-11 10:07:59.766   342   342 I odsign  : All root hashes match.
03-11 10:07:59.766   342   342 I odsign  : odrefresh said artifacts are VALID
03-11 10:07:59.766   342   342 I odsign  : On-device signing done.
03-11 10:07:59.766   342   342 I odsign  : Metrics report is empty
03-11 10:07:59.766   183   211 I keystore2: system/security/keystore2/src/super_key.rs:339 - keystore.boot_level 1000000000 hits maximum 1000000000, finishing.
03-11 10:07:59.998   381   381 I android.hardware.wifi-service: Wifi Hal is booting up...
03-11 10:07:59.999   381   381 I android.hardware.wifi-service: Joining RPC thread pool
03-11 10:08:00.077   412   412 I gsid    : no DSU: No such file or directory
03-11 10:08:00.111   447   447 I installd: installd firing up
03-11 10:08:00.130   463   463 I wificond: wificond is starting up...
03-11 10:08:00.135   463   463 I HidlServiceManagement: Registered android.system.wifi.keystore@1.0::IKeystore/default
03-11 10:08:00.347   521   545 D BootAnimation: BootAnimationShownTiming start time: 5917ms
03-11 10:08:01.104   572   572 D SystemServerTiming: InitBeforeStartServices
03-11 10:08:01.104   572   572 I SystemServer: Entered the Android system server!
03-11 10:08:01.174   572   572 I SystemServerInitThreadPool: Creating instance with 4 threads
03-11 10:08:01.174   572   572 D SystemServerTiming: StartServices
03-11 10:08:01.174   572   572 D SystemServerTiming: startBootstrapServices
03-11 10:08:01.174   572   572 D SystemServerTiming: ArtModuleServiceInitializer
03-11 10:08:01.175   572   572 D SystemServerTiming: StartWatchdog
03-11 10:08:01.176   572   572 I SystemServer: Reading configuration...
03-11 10:08:01.176   572   572 D SystemServerTiming: ReadingSystemConfig
03-11 10:08:01.176   572   572 D SystemServerTiming: PlatformCompat
03-11 10:08:01.176   572   625 D SystemServerTimingAsync: InitThreadPoolExec:ReadingSystemConfig
03-11 10:08:01.176   572   572 D CompatConfig: Found a config file: /system/etc/compatconfig/TeleService-platform-compat-config.xml
03-11 10:08:01.176   572   625 I SystemConfig: Reading permissions from /system/etc/sysconfig/enhanced-confirmation.xml
03-11 10:08:01.177   572   572 D CompatConfig: Adding: com.android.server.compat.config.Change@b22ae66
03-11 10:08:01.177   572   572 D CompatConfig: Adding: com.android.server.compat.config.Change@7cb85a7
03-11 10:08:01.177   572   572 D CompatConfig: Adding: com.android.server.compat.config.Change@a8afa54
03-11 10:08:01.177   572   572 D CompatConfig: Adding: com.android.server.compat.config.Change@66a5dfd
03-11 10:08:01.177   572   572 D CompatConfig: Adding: com.android.server.compat.config.Change@29b4af2
03-11 10:08:01.177   572   572 D CompatConfig: Adding: com.android.server.compat.config.Change@620d543
03-11 10:08:01.177   572   572 D CompatConfig: Found a config file: /system/etc/compatconfig/calendar-provider-compat-config.xml
03-11 10:08:01.177   572   625 I SystemConfig: Reading permissions from /system/etc/sysconfig/framework-sysconfig.xml
03-11 10:08:01.177   572   572 D CompatConfig: Adding: com.android.server.compat.config.Change@a8f243e
03-11 10:08:01.177   572   572 D CompatConfig: Found a config file: /system/etc/compatconfig/contacts-provider-platform-compat-config.xml
03-11 10:08:01.178   572   572 D CompatConfig: Found a config file: /system/etc/compatconfig/documents-ui-compat-config.xml
03-11 10:08:01.178   572   572 D CompatConfig: Adding: com.android.server.compat.config.Change@a55464a
03-11 10:08:01.178   572   625 I SystemConfig: Reading permissions from /system/etc/sysconfig/hiddenapi-package-whitelist.xml
03-11 10:08:01.178   572   572 D CompatConfig: Found a config file: /system/etc/compatconfig/framework-location-compat-config.xml
03-11 10:08:01.178   572   625 I SystemConfig: Reading permissions from /system/etc/sysconfig/initial-package-stopped-states.xml
03-11 10:08:01.178   572   572 D CompatConfig: Adding: com.android.server.compat.config.Change@70f3231
03-11 10:08:01.178   572   572 D CompatConfig: Adding: com.android.server.compat.config.Change@5a97d16
03-11 10:08:01.178   572   572 D CompatConfig: Adding: com.android.server.compat.config.Change@24b2697
03-11 10:08:01.178   572   572 D CompatConfig: Adding: com.android.server.compat.config.Change@f8ba084
03-11 10:08:01.178   572   572 D CompatConfig: Adding: com.android.server.compat.config.Change@373c06d
03-11 10:08:01.178   572   572 D CompatConfig: Adding: com.android.server.compat.config.Change@e3854a2
03-11 10:08:01.178   572   572 D CompatConfig: Adding: com.android.server.compat.config.Change@f119533
03-11 10:08:01.178   572   572 D CompatConfig: Adding: com.android.server.compat.config.Change@e6440f0
03-11 10:08:01.178   572   625 I SystemConfig: Reading permissions from /system/etc/sysconfig/package-shareduid-allowlist.xml
03-11 10:08:01.178   572   625 I SystemConfig: Reading permissions from /system/etc/sysconfig/preinstalled-packages-asl-files.xml
03-11 10:08:01.178   572   572 D CompatConfig: Found a config file: /system/etc/compatconfig/framework-platform-compat-config.xml
03-11 10:08:01.178   572   625 I SystemConfig: Reading permissions from /system/etc/sysconfig/preinstalled-packages-platform-generic-system.xml
03-11 10:08:01.178   572   625 I SystemConfig: Reading permissions from /system/etc/sysconfig/preinstalled-packages-platform-handheld-system.xml
03-11 10:08:01.178   572   625 I SystemConfig: Reading permissions from /system/etc/sysconfig/preinstalled-packages-platform.xml
03-11 10:08:01.179   572   625 I SystemConfig: Reading permissions from /system/etc/sysconfig/preinstalled-packages-strict-signature.xml
03-11 10:08:01.179   572   625 I SystemConfig: Reading permissions from /system/etc/permissions/android.software.credentials.xml
03-11 10:08:01.179   572   625 I SystemConfig: Reading permissions from /system/etc/permissions/android.software.live_wallpaper.xml
03-11 10:08:01.179   572   625 I SystemConfig: Reading permissions from /system/etc/permissions/android.software.webview.xml
03-11 10:08:01.179   572   625 I SystemConfig: Reading permissions from /system/etc/permissions/android.software.window_magnification.xml
03-11 10:08:01.179   572   625 I SystemConfig: Reading permissions from /system/etc/permissions/android.test.base.xml
03-11 10:08:01.179   572   625 I SystemConfig: Reading permissions from /system/etc/permissions/android.test.mock.xml
03-11 10:08:01.179   572   625 I SystemConfig: Reading permissions from /system/etc/permissions/android.test.runner.xml
03-11 10:08:01.179   572   572 D CompatConfig: Adding: com.android.server.compat.config.Change@e6a3123
03-11 10:08:01.179   572   572 D CompatConfig: Adding: com.android.server.compat.config.Change@241c620
03-11 10:08:01.179   572   572 D CompatConfig: Adding: com.android.server.compat.config.Change@d1f4bd9
03-11 10:08:01.179   572   572 D CompatConfig: Adding: com.android.server.compat.config.Change@245999e
03-11 10:08:01.179   572   572 D CompatConfig: Adding: com.android.server.compat.config.Change@aa4bc7f
03-11 10:08:01.179   572   572 D CompatConfig: Adding: com.android.server.compat.config.Change@2cd244c
03-11 10:08:01.179   572   572 D CompatConfig: Adding: com.android.server.compat.config.Change@12fcc95
03-11 10:08:01.179   572   572 D CompatConfig: Adding: com.android.server.compat.config.Change@1edb1aa
03-11 10:08:01.179   572   572 D CompatConfig: Adding: com.android.server.compat.config.Change@1d2a19b
03-11 10:08:01.179   572   572 D CompatConfig: Adding: com.android.server.compat.config.Change@cce3938
03-11 10:08:01.179   572   572 D CompatConfig: Adding: com.android.server.compat.config.Change@28d9d11
03-11 10:08:01.179   572   572 D CompatConfig: Adding: com.android.server.compat.config.Change@84d3e76
03-11 10:08:01.179   572   572 D CompatConfig: Adding: com.android.server.compat.config.Change@72fbc77
03-11 10:08:01.179   572   572 D CompatConfig: Adding: com.android.server.compat.config.Change@5c9b0e4
03-11 10:08:01.179   572   572 D CompatConfig: Adding: com.android.server.compat.config.Change@f1df94d
03-11 10:08:01.179   572   572 D CompatConfig: Adding: com.android.server.compat.config.Change@46cc02
03-11 10:08:01.179   572   572 D CompatConfig: Adding: com.android.server.compat.config.Change@bd9a913
03-11 10:08:01.179   572   572 D CompatConfig: Adding: com.android.server.compat.config.Change@3dddd49
03-11 10:08:01.179   572   572 D CompatConfig: Adding: com.android.server.compat.config.Change@e59a64e
03-11 10:08:01.179   572   572 D CompatConfig: Adding: com.android.server.compat.config.Change@b2bc36f
03-11 10:08:01.179   572   625 I SystemConfig: Reading permissions from /system/etc/permissions/com.android.future.usb.accessory.xml
03-11 10:08:01.179   572   572 D CompatConfig: Adding: com.android.server.compat.config.Change@e08387c
03-11 10:08:01.179   572   572 D CompatConfig: Adding: com.android.server.compat.config.Change@dadd95a
03-11 10:08:01.179   572   572 D CompatConfig: Adding: com.android.server.compat.config.Change@db278b
03-11 10:08:01.179   572   572 D CompatConfig: Adding: com.android.server.compat.config.Change@3de6068
03-11 10:08:01.179   572   572 D CompatConfig: Adding: com.android.server.compat.config.Change@f7eec81
03-11 10:08:01.179   572   572 D CompatConfig: Adding: com.android.server.compat.config.Change@1e03126
03-11 10:08:01.179   572   572 D CompatConfig: Adding: com.android.server.compat.config.Change@4d2b167
03-11 10:08:01.179   572   572 D CompatConfig: Adding: com.android.server.compat.config.Change@c6d1b14
03-11 10:08:01.179   572   572 D CompatConfig: Adding: com.android.server.compat.config.Change@e2ccfbd
03-11 10:08:01.179   572   572 D CompatConfig: Adding: com.android.server.compat.config.Change@98e39b2
03-11 10:08:01.179   572   572 D CompatConfig: Adding: com.android.server.compat.config.Change@8cefd03
03-11 10:08:01.179   572   572 D CompatConfig: Adding: com.android.server.compat.config.Change@48ad480
03-11 10:08:01.179   572   572 D CompatConfig: Adding: com.android.server.compat.config.Change@6dbaab9
03-11 10:08:01.179   572   572 D CompatConfig: Adding: com.android.server.compat.config.Change@da23efe
03-11 10:08:01.179   572   572 D CompatConfig: Adding: com.android.server.compat.config.Change@3ba665f
03-11 10:08:01.179   572   572 D CompatConfig: Adding: com.android.server.compat.config.Change@e08b8ac
03-11 10:08:01.179   572   572 D CompatConfig: Adding: com.android.server.compat.config.Change@3033975
03-11 10:08:01.179   572   625 I SystemConfig: Reading permissions from /system/etc/permissions/com.android.intentresolver.xml
03-11 10:08:01.179   572   572 D CompatConfig: Adding: com.android.server.compat.config.Change@95f4d0a
03-11 10:08:01.179   572   572 D CompatConfig: Adding: com.android.server.compat.config.Change@6c9097b
03-11 10:08:01.179   572   572 D CompatConfig: Adding: com.android.server.compat.config.Change@49eb398
03-11 10:08:01.179   572   572 D CompatConfig: Adding: com.android.server.compat.config.Change@1daf7f1
03-11 10:08:01.179   572   572 D CompatConfig: Adding: com.android.server.compat.config.Change@72d2fd6
03-11 10:08:01.179   572   572 D CompatConfig: Adding: com.android.server.compat.config.Change@854c257
03-11 10:08:01.179   572   572 D CompatConfig: Adding: com.android.server.compat.config.Change@5977144
03-11 10:08:01.179   572   572 D CompatConfig: Adding: com.android.server.compat.config.Change@496222d
03-11 10:08:01.179   572   572 D CompatConfig: Adding: com.android.server.compat.config.Change@e247362
03-11 10:08:01.179   572   572 D CompatConfig: Adding: com.android.server.compat.config.Change@792cf3
03-11 10:08:01.179   572   572 D CompatConfig: Adding: com.android.server.compat.config.Change@63c5db0
03-11 10:08:01.179   572   572 D CompatConfig: Adding: com.android.server.compat.config.Change@25fb429
03-11 10:08:01.179   572   572 D CompatConfig: Adding: com.android.server.compat.config.Change@c5a63ae
03-11 10:08:01.179   572   572 D CompatConfig: Adding: com.android.server.compat.config.Change@36fa54f
03-11 10:08:01.179   572   572 D CompatConfig: Adding: com.android.server.compat.config.Change@501a4dc
03-11 10:08:01.179   572   572 D CompatConfig: Adding: com.android.server.compat.config.Change@1669e5
03-11 10:08:01.180   572   572 D CompatConfig: Adding: com.android.server.compat.config.Change@9ed0cba
03-11 10:08:01.180   572   572 D CompatConfig: Adding: com.android.server.compat.config.Change@5ab476b
03-11 10:08:01.180   572   572 D CompatConfig: Adding: com.android.server.compat.config.Change@17232c8
03-11 10:08:01.180   572   572 D CompatConfig: Adding: com.android.server.compat.config.Change@7c8bf61
03-11 10:08:01.180   572   572 D CompatConfig: Adding: com.android.server.compat.config.Change@cf3a86
03-11 10:08:01.180   572   572 D CompatConfig: Adding: com.android.server.compat.config.Change@6dbb374
03-11 10:08:01.180   572   572 D CompatConfig: Adding: com.android.server.compat.config.Change@bf0f09d
03-11 10:08:01.180   572   572 D CompatConfig: Adding: com.android.server.compat.config.Change@5547912
03-11 10:08:01.180   572   572 D CompatConfig: Adding: com.android.server.compat.config.Change@7c738e3
03-11 10:08:01.180   572   572 D CompatConfig: Adding: com.android.server.compat.config.Change@5ba92e0
03-11 10:08:01.180   572   572 D CompatConfig: Adding: com.android.server.compat.config.Change@270f999
03-11 10:08:01.180   572   572 D CompatConfig: Adding: com.android.server.compat.config.Change@b7d145e
03-11 10:08:01.180   572   572 D CompatConfig: Adding: com.android.server.compat.config.Change@f2a803f
03-11 10:08:01.180   572   572 D CompatConfig: Adding: com.android.server.compat.config.Change@7e5fd0c
03-11 10:08:01.180   572   572 D CompatConfig: Adding: com.android.server.compat.config.Change@34e9655
03-11 10:08:01.180   572   572 D CompatConfig: Adding: com.android.server.compat.config.Change@502186a
03-11 10:08:01.180   572   572 D CompatConfig: Adding: com.android.server.compat.config.Change@150e15b
03-11 10:08:01.180   572   572 D CompatConfig: Adding: com.android.server.compat.config.Change@b7bddf8
03-11 10:08:01.180   572   572 D CompatConfig: Adding: com.android.server.compat.config.Change@72f42d1
03-11 10:08:01.180   572   572 D CompatConfig: Adding: com.android.server.compat.config.Change@4215136
03-11 10:08:01.180   572   572 D CompatConfig: Adding: com.android.server.compat.config.Change@eb23837
03-11 10:08:01.180   572   572 D CompatConfig: Adding: com.android.server.compat.config.Change@8ce1a4
03-11 10:08:01.180   572   572 D CompatConfig: Adding: com.android.server.compat.config.Change@1943b0d
03-11 10:08:01.180   572   572 D CompatConfig: Adding: com.android.server.compat.config.Change@f294ac2
03-11 10:08:01.180   572   572 D CompatConfig: Adding: com.android.server.compat.config.Change@d6820d3
03-11 10:08:01.180   572   572 D CompatConfig: Adding: com.android.server.compat.config.Change@5887410
03-11 10:08:01.180   572   572 D CompatConfig: Adding: com.android.server.compat.config.Change@2d67b09
03-11 10:08:01.180   572   572 D CompatConfig: Adding: com.android.server.compat.config.Change@c5510e
03-11 10:08:01.180   572   572 D CompatConfig: Adding: com.android.server.compat.config.Change@189f72f
03-11 10:08:01.180   572   572 D CompatConfig: Adding: com.android.server.compat.config.Change@e68c13c
03-11 10:08:01.180   572   572 D CompatConfig: Adding: com.android.server.compat.config.Change@de2bec5
03-11 10:08:01.180   572   572 D CompatConfig: Adding: com.android.server.compat.config.Change@109701a
03-11 10:08:01.180   572   572 D CompatConfig: Adding: com.android.server.compat.config.Change@f48d74b
03-11 10:08:01.180   572   572 D CompatConfig: Adding: com.android.server.compat.config.Change@29eb528
03-11 10:08:01.180   572   572 D CompatConfig: Adding: com.android.server.compat.config.Change@db58241
03-11 10:08:01.180   572   572 D CompatConfig: Adding: com.android.server.compat.config.Change@33e73e6
03-11 10:08:01.180   572   572 D CompatConfig: Adding: com.android.server.compat.config.Change@2cb9d27
03-11 10:08:01.180   572   572 D CompatConfig: Adding: com.android.server.compat.config.Change@dbdfbd4
03-11 10:08:01.180   572   572 D CompatConfig: Adding: com.android.server.compat.config.Change@697017d
03-11 10:08:01.180   572   572 D CompatConfig: Adding: com.android.server.compat.config.Change@46de872
03-11 10:08:01.180   572   572 D CompatConfig: Adding: com.android.server.compat.config.Change@9cae4c3
03-11 10:08:01.180   572   572 D CompatConfig: Adding: com.android.server.compat.config.Change@ee90140
03-11 10:08:01.180   572   572 D CompatConfig: Adding: com.android.server.compat.config.Change@f173879
03-11 10:08:01.180   572   572 D CompatConfig: Adding: com.android.server.compat.config.Change@6ae19be
03-11 10:08:01.180   572   572 D CompatConfig: Adding: com.android.server.compat.config.Change@aed0a1f
03-11 10:08:01.180   572   572 D CompatConfig: Adding: com.android.server.compat.config.Change@2fcf16c
03-11 10:08:01.180   572   572 D CompatConfig: Adding: com.android.server.compat.config.Change@cc9e335
03-11 10:08:01.180   572   572 D CompatConfig: Adding: com.android.server.compat.config.Change@52e13ca
03-11 10:08:01.180   572   572 D CompatConfig: Adding: com.android.server.compat.config.Change@6e2293b
03-11 10:08:01.180   572   572 D CompatConfig: Adding: com.android.server.compat.config.Change@57db858
03-11 10:08:01.180   572   572 D CompatConfig: Adding: com.android.server.compat.config.Change@c27db1
03-11 10:08:01.180   572   572 D CompatConfig: Adding: com.android.server.compat.config.Change@d01a296
03-11 10:08:01.180   572   572 D CompatConfig: Adding: com.android.server.compat.config.Change@f401e17
03-11 10:08:01.180   572   572 D CompatConfig: Adding: com.android.server.compat.config.Change@4420204
03-11 10:08:01.180   572   572 D CompatConfig: Adding: com.android.server.compat.config.Change@fd043ed
03-11 10:08:01.180   572   572 D CompatConfig: Adding: com.android.server.compat.config.Change@6ad5222
03-11 10:08:01.180   572   572 D CompatConfig: Adding: com.android.server.compat.config.Change@f1e84b3
03-11 10:08:01.180   572   625 I SystemConfig: Reading permissions from /system/etc/permissions/com.android.location.provider.xml
03-11 10:08:01.180   572   572 D CompatConfig: Adding: com.android.server.compat.config.Change@1df3a70
03-11 10:08:01.180   572   572 D CompatConfig: Adding: com.android.server.compat.config.Change@27a31e9
03-11 10:08:01.180   572   572 D CompatConfig: Adding: com.android.server.compat.config.Change@c726e6e
03-11 10:08:01.180   572   572 D CompatConfig: Adding: com.android.server.compat.config.Change@2d58d9c
03-11 10:08:01.180   572   572 D CompatConfig: Adding: com.android.server.compat.config.Change@8bb03a5
03-11 10:08:01.180   572   572 D CompatConfig: Adding: com.android.server.compat.config.Change@95b037a
03-11 10:08:01.180   572   572 D CompatConfig: Adding: com.android.server.compat.config.Change@12bd72b
03-11 10:08:01.180   572   625 I SystemConfig: Reading permissions from /system/etc/permissions/com.android.media.remotedisplay.xml
03-11 10:08:01.180   572   572 D CompatConfig: Adding: com.android.server.compat.config.Change@17be788
03-11 10:08:01.180   572   572 D CompatConfig: Adding: com.android.server.compat.config.Change@d7d3521
03-11 10:08:01.180   572   572 D CompatConfig: Adding: com.android.server.compat.config.Change@d05dd46
03-11 10:08:01.180   572   572 D CompatConfig: Adding: com.android.server.compat.config.Change@f0ebb07
03-11 10:08:01.180   572   572 D CompatConfig: Adding: com.android.server.compat.config.Change@4abf434
03-11 10:08:01.180   572   572 D CompatConfig: Adding: com.android.server.compat.config.Change@5d7025d
03-11 10:08:01.180   572   572 D CompatConfig: Adding: com.android.server.compat.config.Change@3287d2
03-11 10:08:01.180   572   572 D CompatConfig: Adding: com.android.server.compat.config.Change@95200a3
03-11 10:08:01.180   572   572 D CompatConfig: Adding: com.android.server.compat.config.Change@8066759
03-11 10:08:01.180   572   572 D CompatConfig: Adding: com.android.server.compat.config.Change@60d4f1e
03-11 10:08:01.180   572   625 I SystemConfig: Reading permissions from /system/etc/permissions/com.android.mediadrm.signer.xml
03-11 10:08:01.180   572   572 D CompatConfig: Adding: com.android.server.compat.config.Change@fa03ff
03-11 10:08:01.180   572   572 D CompatConfig: Adding: com.android.server.compat.config.Change@62d2015
03-11 10:08:01.180   572   572 D CompatConfig: Adding: com.android.server.compat.config.Change@63b3f2a
03-11 10:08:01.180   572   572 D CompatConfig: Adding: com.android.server.compat.config.Change@8f4e11b
03-11 10:08:01.180   572   572 D CompatConfig: Adding: com.android.server.compat.config.Change@2bc42b8
03-11 10:08:01.180   572   572 D CompatConfig: Adding: com.android.server.compat.config.Change@8cca891
03-11 10:08:01.180   572   572 D CompatConfig: Adding: com.android.server.compat.config.Change@ba623f6
03-11 10:08:01.180   572   572 D CompatConfig: Adding: com.android.server.compat.config.Change@af673f7
03-11 10:08:01.180   572   572 D CompatConfig: Adding: com.android.server.compat.config.Change@a4ed264
03-11 10:08:01.180   572   572 D CompatConfig: Adding: com.android.server.compat.config.Change@5023ccd
03-11 10:08:01.180   572   572 D CompatConfig: Adding: com.android.server.compat.config.Change@4088982
03-11 10:08:01.180   572   572 D CompatConfig: Adding: com.android.server.compat.config.Change@e145893
03-11 10:08:01.180   572   572 D CompatConfig: Adding: com.android.server.compat.config.Change@658b0d0
03-11 10:08:01.180   572   572 D CompatConfig: Adding: com.android.server.compat.config.Change@a82d8c9
03-11 10:08:01.180   572   572 D CompatConfig: Adding: com.android.server.compat.config.Change@c39bbce
03-11 10:08:01.180   572   572 D CompatConfig: Adding: com.android.server.compat.config.Change@b21eaef
03-11 10:08:01.180   572   572 D CompatConfig: Adding: com.android.server.compat.config.Change@6e009fc
03-11 10:08:01.180   572   625 I SystemConfig: Reading permissions from /system/etc/permissions/com.android.nfc_extras.xml
03-11 10:08:01.180   572   572 D CompatConfig: Adding: com.android.server.compat.config.Change@5573885
03-11 10:08:01.180   572   572 D CompatConfig: Adding: com.android.server.compat.config.Change@539c6da
03-11 10:08:01.180   572   572 D CompatConfig: Adding: com.android.server.compat.config.Change@acc470b
03-11 10:08:01.180   572   572 D CompatConfig: Adding: com.android.server.compat.config.Change@421c9e8
03-11 10:08:01.180   572   572 D CompatConfig: Adding: com.android.server.compat.config.Change@f57d801
03-11 10:08:01.180   572   625 I SystemConfig: Reading permissions from /system/etc/permissions/javax.obex.xml
03-11 10:08:01.180   572   572 D CompatConfig: Found a config file: /system/etc/compatconfig/icu4j-platform-compat-config.xml
03-11 10:08:01.180   572   572 D CompatConfig: Adding: com.android.server.compat.config.Change@d68f33d
03-11 10:08:01.180   572   625 I SystemConfig: Reading permissions from /system/etc/permissions/org.apache.http.legacy.xml
03-11 10:08:01.180   572   572 D CompatConfig: Found a config file: /system/etc/compatconfig/services-platform-compat-config.xml
03-11 10:08:01.181   572   625 I SystemConfig: Reading permissions from /system/etc/permissions/privapp-permissions-google.xml
03-11 10:08:01.181   572   625 I SystemConfig: Reading permissions from /system/etc/permissions/privapp-permissions-platform.xml
03-11 10:08:01.181   572   572 D CompatConfig: Adding: com.android.server.compat.config.Change@4768639
03-11 10:08:01.181   572   572 D CompatConfig: Adding: com.android.server.compat.config.Change@c72b47e
03-11 10:08:01.181   572   572 D CompatConfig: Adding: com.android.server.compat.config.Change@7496ddf
03-11 10:08:01.181   572   572 D CompatConfig: Adding: com.android.server.compat.config.Change@337ea2c
03-11 10:08:01.181   572   572 D CompatConfig: Adding: com.android.server.compat.config.Change@2304cf5
03-11 10:08:01.181   572   572 D CompatConfig: Adding: com.android.server.compat.config.Change@819a8a
03-11 10:08:01.181   572   572 D CompatConfig: Adding: com.android.server.compat.config.Change@50108fb
03-11 10:08:01.181   572   572 D CompatConfig: Adding: com.android.server.compat.config.Change@f4f7d18
03-11 10:08:01.181   572   572 D CompatConfig: Adding: com.android.server.compat.config.Change@585c371
03-11 10:08:01.181   572   572 D CompatConfig: Adding: com.android.server.compat.config.Change@5e6d556
03-11 10:08:01.181   572   572 D CompatConfig: Adding: com.android.server.compat.config.Change@ecd39d7
03-11 10:08:01.181   572   572 D CompatConfig: Adding: com.android.server.compat.config.Change@84b52c4
03-11 10:08:01.181   572   572 D CompatConfig: Adding: com.android.server.compat.config.Change@2e225ad
03-11 10:08:01.181   572   572 D CompatConfig: Adding: com.android.server.compat.config.Change@292f0e2
03-11 10:08:01.181   572   572 D CompatConfig: Adding: com.android.server.compat.config.Change@ec19c73
03-11 10:08:01.181   572   572 D CompatConfig: Adding: com.android.server.compat.config.Change@a0cd730
03-11 10:08:01.181   572   572 D CompatConfig: Adding: com.android.server.compat.config.Change@286fa9
03-11 10:08:01.181   572   572 D CompatConfig: Adding: com.android.server.compat.config.Change@8f3392e
03-11 10:08:01.181   572   572 D CompatConfig: Adding: com.android.server.compat.config.Change@28f8ccf
03-11 10:08:01.181   572   572 D CompatConfig: Adding: com.android.server.compat.config.Change@b20365c
03-11 10:08:01.181   572   572 D CompatConfig: Adding: com.android.server.compat.config.Change@46f5d65
03-11 10:08:01.181   572   572 D CompatConfig: Adding: com.android.server.compat.config.Change@2fdba3a
03-11 10:08:01.181   572   572 D CompatConfig: Adding: com.android.server.compat.config.Change@7a226eb
03-11 10:08:01.181   572   572 D CompatConfig: Adding: com.android.server.compat.config.Change@ca85c48
03-11 10:08:01.181   572   572 D CompatConfig: Adding: com.android.server.compat.config.Change@77d6ae1
03-11 10:08:01.181   572   572 D CompatConfig: Adding: com.android.server.compat.config.Change@1fd4006
03-11 10:08:01.181   572   572 D CompatConfig: Adding: com.android.server.compat.config.Change@cfa46c7
03-11 10:08:01.181   572   572 D CompatConfig: Adding: com.android.server.compat.config.Change@d0af4f4
03-11 10:08:01.181   572   572 D CompatConfig: Adding: com.android.server.compat.config.Change@d04d41d
03-11 10:08:01.181   572   572 D CompatConfig: Adding: com.android.server.compat.config.Change@f1d5692
03-11 10:08:01.181   572   572 D CompatConfig: Adding: com.android.server.compat.config.Change@6ca8863
03-11 10:08:01.181   572   572 D CompatConfig: Adding: com.android.server.compat.config.Change@95c6c60
03-11 10:08:01.181   572   572 D CompatConfig: Adding: com.android.server.compat.config.Change@79f9519
03-11 10:08:01.181   572   572 D CompatConfig: Adding: com.android.server.compat.config.Change@8b649de
03-11 10:08:01.181   572   572 D CompatConfig: Adding: com.android.server.compat.config.Change@fd347bf
03-11 10:08:01.181   572   572 D CompatConfig: Adding: com.android.server.compat.config.Change@98bee8c
03-11 10:08:01.181   572   572 D CompatConfig: Adding: com.android.server.compat.config.Change@f8b69d5
03-11 10:08:01.181   572   572 D CompatConfig: Adding: com.android.server.compat.config.Change@85925ea
03-11 10:08:01.181   572   572 D CompatConfig: Adding: com.android.server.compat.config.Change@47ea0db
03-11 10:08:01.181   572   572 D CompatConfig: Adding: com.android.server.compat.config.Change@34f6778
03-11 10:08:01.181   572   572 D CompatConfig: Adding: com.android.server.compat.config.Change@925ce51
03-11 10:08:01.181   572   572 D CompatConfig: Adding: com.android.server.compat.config.Change@d9bb6b6
03-11 10:08:01.181   572   572 D CompatConfig: Adding: com.android.server.compat.config.Change@3bc6fb7
03-11 10:08:01.181   572   572 D CompatConfig: Adding: com.android.server.compat.config.Change@fcf8324
03-11 10:08:01.181   572   572 D CompatConfig: Adding: com.android.server.compat.config.Change@727fe8d
03-11 10:08:01.181   572   572 D CompatConfig: Adding: com.android.server.compat.config.Change@9a48842
03-11 10:08:01.181   572   572 D CompatConfig: Adding: com.android.server.compat.config.Change@19e5053
03-11 10:08:01.181   572   572 D CompatConfig: Adding: com.android.server.compat.config.Change@13ad90
03-11 10:08:01.181   572   572 D CompatConfig: Adding: com.android.server.compat.config.Change@4a2f689
03-11 10:08:01.181   572   572 D CompatConfig: Adding: com.android.server.compat.config.Change@776e68e
03-11 10:08:01.181   572   572 D CompatConfig: Adding: com.android.server.compat.config.Change@7b39eaf
03-11 10:08:01.181   572   572 D CompatConfig: Adding: com.android.server.compat.config.Change@c2e12bc
03-11 10:08:01.181   572   572 D CompatConfig: Adding: com.android.server.compat.config.Change@2bb7245
03-11 10:08:01.181   572   572 D CompatConfig: Adding: com.android.server.compat.config.Change@cfedd9a
03-11 10:08:01.181   572   572 D CompatConfig: Adding: com.android.server.compat.config.Change@f2576cb
03-11 10:08:01.181   572   572 D CompatConfig: Adding: com.android.server.compat.config.Change@9279ea8
03-11 10:08:01.181   572   572 D CompatConfig: Adding: com.android.server.compat.config.Change@625edc1
03-11 10:08:01.181   572   572 D CompatConfig: Adding: com.android.server.compat.config.Change@dd3966
03-11 10:08:01.181   572   572 D CompatConfig: Adding: com.android.server.compat.config.Change@92b4a7
03-11 10:08:01.181   572   572 D CompatConfig: Adding: com.android.server.compat.config.Change@1abfd54
03-11 10:08:01.181   572   572 D CompatConfig: Adding: com.android.server.compat.config.Change@62a4fd
03-11 10:08:01.181   572   572 D CompatConfig: Adding: com.android.server.compat.config.Change@f385f2
03-11 10:08:01.181   572   572 D CompatConfig: Adding: com.android.server.compat.config.Change@5abf443
03-11 10:08:01.181   572   572 D CompatConfig: Adding: com.android.server.compat.config.Change@d759ac0
03-11 10:08:01.181   572   572 D CompatConfig: Adding: com.android.server.compat.config.Change@b993f9
03-11 10:08:01.181   572   572 D CompatConfig: Adding: com.android.server.compat.config.Change@5b00f3e
03-11 10:08:01.181   572   572 D CompatConfig: Adding: com.android.server.compat.config.Change@88f919f
03-11 10:08:01.181   572   572 D CompatConfig: Adding: com.android.server.compat.config.Change@379a2ec
03-11 10:08:01.181   572   572 D CompatConfig: Adding: com.android.server.compat.config.Change@8f676b5
03-11 10:08:01.181   572   572 D CompatConfig: Adding: com.android.server.compat.config.Change@e19e14a
03-11 10:08:01.181   572   572 D CompatConfig: Adding: com.android.server.compat.config.Change@ce5a8bb
03-11 10:08:01.181   572   572 D CompatConfig: Adding: com.android.server.compat.config.Change@2d401d8
03-11 10:08:01.181   572   572 D CompatConfig: Adding: com.android.server.compat.config.Change@1e4c931
03-11 10:08:01.181   572   572 D CompatConfig: Adding: com.android.server.compat.config.Change@9cc816
03-11 10:08:01.181   572   572 D CompatConfig: Adding: com.android.server.compat.config.Change@ebc1597
03-11 10:08:01.181   572   572 D CompatConfig: Adding: com.android.server.compat.config.Change@e736384
03-11 10:08:01.181   572   572 D CompatConfig: Adding: com.android.server.compat.config.Change@b8bc76d
03-11 10:08:01.181   572   572 D CompatConfig: Adding: com.android.server.compat.config.Change@c954fa2
03-11 10:08:01.181   572   572 D CompatConfig: Adding: com.android.server.compat.config.Change@3227433
03-11 10:08:01.181   572   572 D CompatConfig: Adding: com.android.server.compat.config.Change@78533f0
03-11 10:08:01.181   572   572 D CompatConfig: Adding: com.android.server.compat.config.Change@52a6d69
03-11 10:08:01.181   572   572 D CompatConfig: Adding: com.android.server.compat.config.Change@89cc3ee
03-11 10:08:01.181   572   572 D CompatConfig: Adding: com.android.server.compat.config.Change@686208f
03-11 10:08:01.181   572   572 D CompatConfig: Adding: com.android.server.compat.config.Change@2a19f1c
03-11 10:08:01.181   572   572 D CompatConfig: Adding: com.android.server.compat.config.Change@8f37725
03-11 10:08:01.181   572   572 D CompatConfig: Adding: com.android.server.compat.config.Change@99530fa
03-11 10:08:01.181   572   572 D CompatConfig: Adding: com.android.server.compat.config.Change@4ce36ab
03-11 10:08:01.181   572   572 D CompatConfig: Adding: com.android.server.compat.config.Change@3b79108
03-11 10:08:01.181   572   572 D CompatConfig: Adding: com.android.server.compat.config.Change@78960a1
03-11 10:08:01.181   572   572 D CompatConfig: Adding: com.android.server.compat.config.Change@e7562c6
03-11 10:08:01.181   572   572 D CompatConfig: Adding: com.android.server.compat.config.Change@7379287
03-11 10:08:01.181   572   572 D CompatConfig: Adding: com.android.server.compat.config.Change@cb8b5b4
03-11 10:08:01.181   572   572 D CompatConfig: Adding: com.android.server.compat.config.Change@f3a65dd
03-11 10:08:01.181   572   572 D CompatConfig: Adding: com.android.server.compat.config.Change@cd4e552
03-11 10:08:01.181   572   572 D CompatConfig: Adding: com.android.server.compat.config.Change@3f0d023
03-11 10:08:01.181   572   572 D CompatConfig: Adding: com.android.server.compat.config.Change@b057920
03-11 10:08:01.181   572   572 D CompatConfig: Adding: com.android.server.compat.config.Change@afc82d9
03-11 10:08:01.181   572   572 D CompatConfig: Adding: com.android.server.compat.config.Change@a38049e
03-11 10:08:01.181   572   572 D CompatConfig: Adding: com.android.server.compat.config.Change@b764b7f
03-11 10:08:01.181   572   572 D CompatConfig: Adding: com.android.server.compat.config.Change@f99074c
03-11 10:08:01.181   572   572 D CompatConfig: Adding: com.android.server.compat.config.Change@5297395
03-11 10:08:01.181   572   572 D CompatConfig: Adding: com.android.server.compat.config.Change@e1bccaa
03-11 10:08:01.181   572   572 D CompatConfig: Adding: com.android.server.compat.config.Change@fae209b
03-11 10:08:01.181   572   572 D CompatConfig: Adding: com.android.server.compat.config.Change@df54c38
03-11 10:08:01.181   572   572 D CompatConfig: Adding: com.android.server.compat.config.Change@9fab411
03-11 10:08:01.181   572   572 D CompatConfig: Adding: com.android.server.compat.config.Change@8c20976
03-11 10:08:01.181   572   625 I SystemConfig: Reading permissions from /system/etc/permissions/platform.xml
03-11 10:08:01.182   572   572 D CompatConfig: Found a config file: /system/system_ext/etc/compatconfig/settings-platform-compat-config.xml
03-11 10:08:01.182   572   572 D CompatConfig: Adding: com.android.server.compat.config.Change@5c5804d
03-11 10:08:01.182   572   572 D ApexManagerTiming: getActiveApexInfos_noCache
03-11 10:08:01.182   572   625 I SystemConfig: Reading permissions from /vendor/etc/permissions/android.hardware.biometrics.face.xml
03-11 10:08:01.182   572   625 I SystemConfig: Reading permissions from /vendor/etc/permissions/android.hardware.bluetooth.xml
03-11 10:08:01.182   572   625 I SystemConfig: Reading permissions from /vendor/etc/permissions/android.hardware.bluetooth_le.xml
03-11 10:08:01.183   572   625 I SystemConfig: Reading permissions from /vendor/etc/permissions/android.hardware.camera.concurrent.xml
03-11 10:08:01.183   572   625 I SystemConfig: Reading permissions from /vendor/etc/permissions/android.hardware.camera.flash-autofocus.xml
03-11 10:08:01.183   572   625 I SystemConfig: Reading permissions from /vendor/etc/permissions/android.hardware.camera.front.xml
03-11 10:08:01.183   572   625 I SystemConfig: Reading permissions from /vendor/etc/permissions/android.hardware.camera.full.xml
03-11 10:08:01.183   572   625 I SystemConfig: Reading permissions from /vendor/etc/permissions/android.hardware.camera.raw.xml
03-11 10:08:01.183   572   625 I SystemConfig: Reading permissions from /vendor/etc/permissions/android.hardware.fingerprint.xml
03-11 10:08:01.183   572   625 I SystemConfig: Reading permissions from /vendor/etc/permissions/android.hardware.hardware_keystore.xml
03-11 10:08:01.183   572   625 I SystemConfig: Reading permissions from /vendor/etc/permissions/android.hardware.identity_credential.xml
03-11 10:08:01.183   572   625 I SystemConfig: Reading permissions from /vendor/etc/permissions/android.hardware.keystore.app_attest_key.xml
03-11 10:08:01.183   572   625 I SystemConfig: Reading permissions from /vendor/etc/permissions/android.hardware.touchscreen.multitouch.jazzhand.xml
03-11 10:08:01.183   572   625 I SystemConfig: Reading permissions from /vendor/etc/permissions/android.hardware.vulkan.compute.xml
03-11 10:08:01.183   572   625 I SystemConfig: Reading permissions from /vendor/etc/permissions/android.hardware.vulkan.level.xml
03-11 10:08:01.183   572   625 I SystemConfig: Reading permissions from /vendor/etc/permissions/android.hardware.vulkan.version.xml
03-11 10:08:01.183   572   625 I SystemConfig: Reading permissions from /vendor/etc/permissions/android.hardware.wifi.direct.xml
03-11 10:08:01.183   572   625 I SystemConfig: Reading permissions from /vendor/etc/permissions/android.hardware.wifi.passpoint.xml
03-11 10:08:01.183   572   625 I SystemConfig: Reading permissions from /vendor/etc/permissions/android.hardware.wifi.xml
03-11 10:08:01.183   572   625 I SystemConfig: Reading permissions from /vendor/etc/permissions/android.software.autofill.xml
03-11 10:08:01.183   572   625 I SystemConfig: Reading permissions from /vendor/etc/permissions/android.software.opengles.deqp.level.xml
03-11 10:08:01.183   572   625 I SystemConfig: Reading permissions from /vendor/etc/permissions/android.software.vulkan.deqp.level.xml
03-11 10:08:01.183   572   625 I SystemConfig: Reading permissions from /vendor/etc/permissions/handheld_core_hardware.xml
03-11 10:08:01.184   572   572 D CompatConfig: No directory /apex/com.android.extservices/etc/compatconfig, skipping
03-11 10:08:01.184   572   572 D CompatConfig: No directory /apex/com.android.ondevicepersonalization/etc/compatconfig, skipping
03-11 10:08:01.184   572   572 D CompatConfig: No directory /apex/com.android.adservices/etc/compatconfig, skipping
03-11 10:08:01.184   572   572 D CompatConfig: No directory /apex/com.android.appsearch/etc/compatconfig, skipping
03-11 10:08:01.184   572   572 D CompatConfig: No directory /apex/com.android.neuralnetworks/etc/compatconfig, skipping
03-11 10:08:01.184   572   572 D CompatConfig: No directory /apex/com.android.runtime/etc/compatconfig, skipping
03-11 10:08:01.184   572   572 D CompatConfig: No directory /apex/com.android.hardware.neuralnetworks/etc/compatconfig, skipping
03-11 10:08:01.184   572   572 D CompatConfig: No directory /apex/com.android.resolv/etc/compatconfig, skipping
03-11 10:08:01.184   572   572 D CompatConfig: No directory /apex/com.android.hardware.authsecret/etc/compatconfig, skipping
03-11 10:08:01.184   572   572 D CompatConfig: No directory /apex/com.android.virt/etc/compatconfig, skipping
03-11 10:08:01.184   572   572 D CompatConfig: No directory /apex/com.android.configinfrastructure/etc/compatconfig, skipping
03-11 10:08:01.184   572   572 D CompatConfig: No directory /apex/com.android.scheduling/etc/compatconfig, skipping
03-11 10:08:01.184   572   572 D CompatConfig: Found a config file: /apex/com.android.permission/etc/compatconfig/framework-permission-s-compat-config.xml
03-11 10:08:01.184   572   625 I SystemConfig: Reading permissions from /product/etc/sysconfig/disable-zero-touch.xml
03-11 10:08:01.184   572   572 D CompatConfig: Adding: com.android.server.compat.config.Change@212c5c2
03-11 10:08:01.184   572   625 I SystemConfig: Reading permissions from /product/etc/sysconfig/google-hiddenapi-package-whitelist.xml
03-11 10:08:01.184   572   572 D CompatConfig: No directory /apex/com.android.media/etc/compatconfig, skipping
03-11 10:08:01.184   572   572 D CompatConfig: No directory /apex/com.android.profiling/etc/compatconfig, skipping
03-11 10:08:01.184   572   572 D CompatConfig: No directory /apex/com.android.sdkext/etc/compatconfig, skipping
03-11 10:08:01.184   572   572 D CompatConfig: No directory /apex/com.android.nfcservices/etc/compatconfig, skipping
