--------- beginning of system
05-26 09:30:24.939   236   236 I vold    : Vold 3.0 (the awakening) firing up
05-26 09:30:24.939   236   236 D vold    : Detected support for: ext4 f2fs vfat
05-26 09:30:24.941   236   236 I vold    : [libfstab] Using Android DT directory /proc/device-tree/firmware/android/
05-26 09:30:24.943   236   236 D vold    : VoldNativeService::start() completed OK
05-26 09:30:24.945   236   236 D vold    : VendorVoldNativeService::try_start() completed OK
05-26 09:30:24.992   236   236 D vold    : fscrypt_mount_metadata_encrypted: /data encrypt: 0 format: 0 with null block device: /dev/block/vdc with zoned 0 length: 0
05-26 09:30:24.992   236   236 D vold    : metadata_key_dir/key: /metadata/vold/metadata_encryption/key
05-26 09:30:24.992   236   236 D vold    : Key exists, using: /metadata/vold/metadata_encryption/key
05-26 09:30:25.025   246   246 I keystore2: system/security/keystore2/src/keystore2_main.rs:61 - Keystore2 is starting.
05-26 09:30:25.025   246   246 I keystore2: system/security/keystore2/src/keystore2_main.rs:67 - Setting up sqlite logging for keystore2
05-26 09:30:25.027   246   253 I keystore2: system/security/keystore2/src/maintenance.rs:294 - start monitoring 'apexd.status' property
05-26 09:30:25.027   246   253 I keystore2: system/security/keystore2/src/maintenance.rs:299 - property 'apexd.status' is now 'Err(SystemPropertyAbsent)'
05-26 09:30:25.027   246   253 I keystore2: system/security/keystore2/src/maintenance.rs:304 - await a change to 'apexd.status'...
05-26 09:30:25.027   246   246 I keystore2: system/security/keystore2/src/keystore2_main.rs:105 - Starting thread pool now.
05-26 09:30:25.027   246   254 I keystore2: system/security/keystore2/src/globals.rs:474 - monitoring for sys.boot_completed=1
05-26 09:30:25.028   246   246 I keystore2: system/security/keystore2/src/globals.rs:282 - KeyMint device is current version (Some(400)) for security level: r#TRUSTED_ENVIRONMENT
05-26 09:30:25.031   246   255 I keystore2: system/security/keystore2/src/shared_secret_negotiation.rs:48 - Shared secret negotiation concluded successfully.
05-26 09:30:25.032   246   246 I keystore2: system/security/keystore2/src/keystore2_main.rs:160 - Successfully registered Keystore 2.0 service.
05-26 09:30:25.032   246   246 I keystore2: system/security/keystore2/src/keystore2_main.rs:162 - Joining thread pool now.
05-26 09:30:25.032   246   255 I keystore2: system/security/keystore2/src/shared_secret_negotiation.rs:290 - No StrongBox Keymint available, so no RoT transfer
05-26 09:30:25.034   236   236 D vold    : Mounting metadata-encrypted filesystem:/data
05-26 09:30:25.034   236   236 I vold    : AIDL IBootControl not available, falling back to HIDL.
05-26 09:30:25.035   236   236 E vold    : Error getting bootctrl v1.0 module.
05-26 09:30:25.035   236   236 I vold    : [libfs_mgr] superblock s_max_mnt_count:65535,/dev/block/mapper/userdata
05-26 09:30:25.035   236   236 I vold    : [libfs_mgr] Filesystem on /dev/block/mapper/userdata was not cleanly shutdown; state flags: 0x1, incompat feature flags: 0x30046
05-26 09:30:25.235   236   236 I vold    : [libfs_mgr] check_fs(): mount(/dev/block/mapper/userdata,/data,ext4)=0: Success
05-26 09:30:25.238   236   236 I vold    : [libfs_mgr] umount_retry(): unmount(/data) succeeded
05-26 09:30:25.238   236   236 I vold    : [libfs_mgr] Running /system/bin/e2fsck on /dev/block/dm-53
05-26 09:30:25.612   236   236 I vold    : [libfs_mgr] e2fsck returned status 0x100
05-26 09:30:25.612   236   236 I vold    : [libfs_mgr] superblock s_max_mnt_count:65535,/dev/block/mapper/userdata
05-26 09:30:25.612   236   236 W vold    : [libfs_mgr] Reserved blocks 32768 is too large; capping to 31457
05-26 09:30:25.614   236   236 I vold    : [libfs_mgr] __mount(source=/dev/block/mapper/userdata,target=/data,type=ext4)=0: Success
05-26 09:30:25.614   236   236 D vold    : Mounted /data
05-26 09:30:25.620   236   236 I Checkpoint: cp_prepareCheckpoint called
05-26 09:30:25.624   236   236 I vold    : fscrypt_initialize_systemwide_keys
05-26 09:30:25.624   236   236 D vold    : Key exists, using: /data/unencrypted/key
05-26 09:30:25.628   236   236 D vold    : Installed fscrypt key with ref e0c66c842839187f885bfcc92a8625b3 to /data
05-26 09:30:25.632   236   236 I vold    : Wrote system DE key reference to:/data/unencrypted/ref
05-26 09:30:25.632   236   236 D vold    : Generating standard storage key
05-26 09:30:25.632   236   236 D vold    : Installed fscrypt key with ref f6db7e7b8e314ccbf76663b850eebad0 to /data
05-26 09:30:25.633   236   236 I vold    : Wrote per boot key reference to:/data/unencrypted/per_boot_ref
05-26 09:30:25.641   236   236 I incfs   : Initial API level of the device: 35
05-26 09:30:25.641   236   236 I incfs   : ro.incremental.enable: yes
05-26 09:30:25.641   236   236 I incfs   : isFsAvailable: true
05-26 09:30:25.641   236   236 I incfs   : isFsAvailable: true
05-26 09:30:25.641   236   236 I incfs   : IncFs_Features: v2
05-26 09:30:25.642   246   257 I keystore2: system/security/keystore2/src/maintenance.rs:613 - earlyBootEnded()
05-26 09:30:25.642   246   257 I keystore2: system/security/keystore2/src/maintenance.rs:243 - In early_boot_ended.
05-26 09:30:25.648   246   257 I keystore2: system/security/keystore2/src/globals.rs:81 - Touching Keystore 2.0 database for this first time since boot.
05-26 09:30:25.648   246   257 I keystore2: system/security/keystore2/src/globals.rs:82 - Calling cleanup leftovers.
05-26 09:30:25.649   246   257 I keystore2: system/security/keystore2/src/boot_level_keys.rs:57 - ro.keystore.boot_level_key.strategy not set, inferring from installed KM instances
05-26 09:30:25.649   246   257 I keystore2: system/security/keystore2/src/boot_level_keys.rs:115 - In get_level_zero_key: security_level=r#SOFTWARE, deny_later_strategy=EarlyBootOnly
05-26 09:30:25.649   246   277 I keystore2: system/security/keystore2/src/gc.rs:147 - skip GC as boot not completed
05-26 09:30:25.652   246   257 I keystore2: system/security/keystore2/src/super_key.rs:305 - Starting boot level watcher.
05-26 09:30:25.652   246   278 I keystore2: system/security/keystore2/src/super_key.rs:337 - Read keystore.boot_level value 30
05-26 09:30:25.652   246   257 I keystore2: system/security/keystore2/src/maintenance.rs:214 - Call to earlyBootEnded succeeded for security level TRUSTED_ENVIRONMENT.
05-26 09:30:25.652   246   278 I keystore2: system/security/keystore2/src/super_key.rs:337 - Read keystore.boot_level value 30
05-26 09:30:25.653   246   257 I keystore2: system/security/keystore2/src/maintenance.rs:224 - Call to earlyBootEnded failed for StrongBox as it is not available
05-26 09:30:25.658   246   253 I keystore2: system/security/keystore2/src/maintenance.rs:306 - await a change to 'apexd.status'...notified
05-26 09:30:25.658   246   253 I keystore2: system/security/keystore2/src/maintenance.rs:299 - property 'apexd.status' is now 'Ok("")'
05-26 09:30:25.658   246   253 I keystore2: system/security/keystore2/src/maintenance.rs:304 - await a change to 'apexd.status'...
05-26 09:30:25.666   246   253 I keystore2: system/security/keystore2/src/maintenance.rs:306 - await a change to 'apexd.status'...notified
05-26 09:30:25.666   246   253 I keystore2: system/security/keystore2/src/maintenance.rs:299 - property 'apexd.status' is now 'Ok("starting")'
05-26 09:30:25.666   246   253 I keystore2: system/security/keystore2/src/maintenance.rs:304 - await a change to 'apexd.status'...
05-26 09:30:25.781   246   253 I keystore2: system/security/keystore2/src/maintenance.rs:306 - await a change to 'apexd.status'...notified
05-26 09:30:25.781   246   253 I keystore2: system/security/keystore2/src/maintenance.rs:299 - property 'apexd.status' is now 'Ok("activated")'
05-26 09:30:25.783   246   253 I keystore2: system/security/keystore2/src/maintenance.rs:343 - apex modules += com.android.adbd version 360526000
05-26 09:30:25.783   246   253 I keystore2: system/security/keystore2/src/maintenance.rs:343 - apex modules += com.android.adservices version 360526040
05-26 09:30:25.783   246   253 I keystore2: system/security/keystore2/src/maintenance.rs:343 - apex modules += com.android.apex.cts.shim version 1
05-26 09:30:25.783   246   253 I keystore2: system/security/keystore2/src/maintenance.rs:343 - apex modules += com.android.appsearch version 360526780
05-26 09:30:25.783   246   253 I keystore2: system/security/keystore2/src/maintenance.rs:343 - apex modules += com.android.art version 360526500
05-26 09:30:25.783   246   253 I keystore2: system/security/keystore2/src/maintenance.rs:343 - apex modules += com.android.bt version 360526260
05-26 09:30:25.783   246   253 I keystore2: system/security/keystore2/src/maintenance.rs:343 - apex modules += com.android.cellbroadcast version 360526220
05-26 09:30:25.783   246   253 I keystore2: system/security/keystore2/src/maintenance.rs:343 - apex modules += com.android.configinfrastructure version 360526000
05-26 09:30:25.783   246   253 I keystore2: system/security/keystore2/src/maintenance.rs:343 - apex modules += com.android.conscrypt version 360526000
05-26 09:30:25.783   246   253 I keystore2: system/security/keystore2/src/maintenance.rs:343 - apex modules += com.android.crashrecovery version 360526000
05-26 09:30:25.783   246   253 I keystore2: system/security/keystore2/src/maintenance.rs:343 - apex modules += com.android.devicelock version 1
05-26 09:30:25.783   246   253 I keystore2: system/security/keystore2/src/maintenance.rs:343 - apex modules += com.android.extservices version 360526003
05-26 09:30:25.783   246   253 I keystore2: system/security/keystore2/src/maintenance.rs:343 - apex modules += com.android.hardware.authsecret version 1
05-26 09:30:25.783   246   253 I keystore2: system/security/keystore2/src/maintenance.rs:343 - apex modules += com.android.hardware.cas version 1
05-26 09:30:25.783   246   253 I keystore2: system/security/keystore2/src/maintenance.rs:343 - apex modules += com.android.hardware.contexthub version 1
05-26 09:30:25.783   246   253 I keystore2: system/security/keystore2/src/maintenance.rs:343 - apex modules += com.android.hardware.dumpstate version 1
05-26 09:30:25.783   246   253 I keystore2: system/security/keystore2/src/maintenance.rs:343 - apex modules += com.android.hardware.gatekeeper version 1
05-26 09:30:25.783   246   253 I keystore2: system/security/keystore2/src/maintenance.rs:343 - apex modules += com.android.hardware.neuralnetworks version 1
05-26 09:30:25.783   246   253 I keystore2: system/security/keystore2/src/maintenance.rs:343 - apex modules += com.android.hardware.power version 1
05-26 09:30:25.783   246   253 I keystore2: system/security/keystore2/src/maintenance.rs:343 - apex modules += com.android.hardware.rebootescrow version 1
05-26 09:30:25.783   246   253 I keystore2: system/security/keystore2/src/maintenance.rs:343 - apex modules += com.android.hardware.thermal version 1
05-26 09:30:25.783   246   253 I keystore2: system/security/keystore2/src/maintenance.rs:343 - apex modules += com.android.hardware.threadnetwork version 1
05-26 09:30:25.783   246   253 I keystore2: system/security/keystore2/src/maintenance.rs:343 - apex modules += com.android.hardware.uwb version 1
05-26 09:30:25.783   246   253 I keystore2: system/security/keystore2/src/maintenance.rs:343 - apex modules += com.android.hardware.vibrator version 1
05-26 09:30:25.783   246   253 I keystore2: system/security/keystore2/src/maintenance.rs:343 - apex modules += com.android.healthfitness version 360526240
05-26 09:30:25.783   246   253 I keystore2: system/security/keystore2/src/maintenance.rs:343 - apex modules += com.android.i18n version 1
05-26 09:30:25.783   246   253 I keystore2: system/security/keystore2/src/maintenance.rs:343 - apex modules += com.android.ipsec version 360526000
05-26 09:30:25.783   246   253 I keystore2: system/security/keystore2/src/maintenance.rs:343 - apex modules += com.android.media version 360526000
05-26 09:30:25.783   246   253 I keystore2: system/security/keystore2/src/maintenance.rs:343 - apex modules += com.android.media.swcodec version 360526480
05-26 09:30:25.783   246   253 I keystore2: system/security/keystore2/src/maintenance.rs:343 - apex modules += com.android.mediaprovider version 360526500
05-26 09:30:25.783   246   253 I keystore2: system/security/keystore2/src/maintenance.rs:343 - apex modules += com.android.neuralnetworks version 360526000
05-26 09:30:25.783   246   253 I keystore2: system/security/keystore2/src/maintenance.rs:343 - apex modules += com.android.nfcservices version 360526380
05-26 09:30:25.783   246   253 I keystore2: system/security/keystore2/src/maintenance.rs:343 - apex modules += com.android.ondevicepersonalization version 360526000
05-26 09:30:25.783   246   253 I keystore2: system/security/keystore2/src/maintenance.rs:343 - apex modules += com.android.os.statsd version 360526000
05-26 09:30:25.783   246   253 I keystore2: system/security/keystore2/src/maintenance.rs:343 - apex modules += com.android.permission version 360527140
05-26 09:30:25.783   246   253 I keystore2: system/security/keystore2/src/maintenance.rs:343 - apex modules += com.android.profiling version 360526000
05-26 09:30:25.783   246   253 I keystore2: system/security/keystore2/src/maintenance.rs:343 - apex modules += com.android.resolv version 360526000
05-26 09:30:25.783   246   253 I keystore2: system/security/keystore2/src/maintenance.rs:343 - apex modules += com.android.rkpd version 360526000
05-26 09:30:25.783   246   253 I keystore2: system/security/keystore2/src/maintenance.rs:343 - apex modules += com.android.runtime version 1
05-26 09:30:25.783   246   253 I keystore2: system/security/keystore2/src/maintenance.rs:343 - apex modules += com.android.scheduling version 360526000
05-26 09:30:25.783   246   253 I keystore2: system/security/keystore2/src/maintenance.rs:343 - apex modules += com.android.sdkext version 360526000
05-26 09:30:25.783   246   253 I keystore2: system/security/keystore2/src/maintenance.rs:343 - apex modules += com.android.tethering version 360526780
05-26 09:30:25.783   246   253 I keystore2: system/security/keystore2/src/maintenance.rs:343 - apex modules += com.android.tzdata version 360526000
05-26 09:30:25.783   246   253 I keystore2: system/security/keystore2/src/maintenance.rs:343 - apex modules += com.android.uprobestats version 360526000
05-26 09:30:25.783   246   253 I keystore2: system/security/keystore2/src/maintenance.rs:343 - apex modules += com.android.uwb version 360526640
05-26 09:30:25.783   246   253 I keystore2: system/security/keystore2/src/maintenance.rs:343 - apex modules += com.android.virt version 3
05-26 09:30:25.783   246   253 I keystore2: system/security/keystore2/src/maintenance.rs:343 - apex modules += com.android.wifi version 360526780
05-26 09:30:25.783   246   253 I keystore2: system/security/keystore2/src/maintenance.rs:343 - apex modules += com.google.android.widevine version 190250226
05-26 09:30:25.783   246   253 I keystore2: system/security/keystore2/src/maintenance.rs:518 - set_module_info with 48 modules
05-26 09:30:25.783   246   253 I keystore2: system/security/keystore2/src/maintenance.rs:214 - Call to setAdditionalAttestationInfo succeeded for security level TRUSTED_ENVIRONMENT.
05-26 09:30:25.784   246   253 I keystore2: system/security/keystore2/src/maintenance.rs:224 - Call to setAdditionalAttestationInfo failed for StrongBox as it is not available
05-26 09:30:25.939   236   236 D vold    : fscrypt_init_user0
05-26 09:30:25.939   236   236 D vold    : Preparing: /data/misc/vold/user_keys
05-26 09:30:25.940   236   236 D vold    : Preparing: /data/misc/vold/user_keys/ce
05-26 09:30:25.940   236   236 D vold    : Preparing: /data/misc/vold/user_keys/de
05-26 09:30:25.943   236   236 D vold    : Installed fscrypt key with ref 01e4ac6bfc79e3d13fb6b654fc3a00d6 to /data
05-26 09:30:25.943   236   236 D vold    : Installed de key for user 0
05-26 09:30:25.944   236   236 D vold    : Preparing: /data/data
05-26 09:30:25.944   236   236 D vold    : Preparing: /data/user/0
05-26 09:30:25.945   236   236 D vold    : Preparing: /data/media/obb
05-26 09:30:25.945   236   236 D vold    : fscrypt_prepare_user_storage for volume null, user 0, flags 1
05-26 09:30:25.945   236   236 D vold    : Preparing: /data/system/users/0
05-26 09:30:25.945   236   236 D vold    : Preparing: /data/misc/profiles/cur/0
05-26 09:30:25.945   236   236 D vold    : Preparing: /data/system_de/0
05-26 09:30:25.946   236   236 I vold    : Verified that /data/system_de/0 has the encryption policy 01e4ac6bfc79e3d13fb6b654fc3a00d6 v2 modes 1/4 flags 0x2
05-26 09:30:25.946   236   236 D vold    : Preparing: /data/vendor_de/0
05-26 09:30:25.946   236   236 I vold    : Verified that /data/vendor_de/0 has the encryption policy 01e4ac6bfc79e3d13fb6b654fc3a00d6 v2 modes 1/4 flags 0x2
05-26 09:30:25.947   236   236 D vold    : Preparing: /data/misc_de/0
05-26 09:30:25.947   236   236 I vold    : Verified that /data/misc_de/0 has the encryption policy 01e4ac6bfc79e3d13fb6b654fc3a00d6 v2 modes 1/4 flags 0x2
05-26 09:30:25.947   236   236 D vold    : Preparing: /data/user_de/0
05-26 09:30:25.947   236   236 I vold    : Verified that /data/user_de/0 has the encryption policy 01e4ac6bfc79e3d13fb6b654fc3a00d6 v2 modes 1/4 flags 0x2
05-26 09:30:25.947   236   236 D vold    : /system/bin/vold_prepare_subdirs
05-26 09:30:25.947   236   236 D vold    :     prepare
05-26 09:30:25.947   236   236 D vold    :     
05-26 09:30:25.947   236   236 D vold    :     0
05-26 09:30:25.947   236   236 D vold    :     1
05-26 09:30:26.004   434   434 I odsign  : Trying to retrieve existing HMAC key...
05-26 09:30:26.004   434   434 I odsign  : Trying to retrieve existing keystore key...
05-26 09:30:26.006   434   434 I odsign  : Verified public key signature.
05-26 09:30:26.006   434   434 I odsign  : Initialized Keystore key.
05-26 09:30:26.006   434   434 I odsign  : Found and verified existing public key certificate: /data/misc/odsign/key.cert
05-26 09:30:26.072   435   435 I odrefresh: ART APEX version 360526500
05-26 09:30:26.072   435   435 I odrefresh: Updated ART APEX mounted
05-26 09:30:26.135   435   435 I odrefresh: Checking boot images /data (arm64)
05-26 09:30:26.135   435   435 I odrefresh: Boot images on /data OK (arm64)
05-26 09:30:26.135   435   435 I odrefresh: system_server artifacts on /data OK
05-26 09:30:26.138   434   434 I odsign  : /data/misc/odsign/odsign.info.signature matches.
05-26 09:30:26.138   434   434 I odsign  : Loaded /data/misc/odsign/odsign.info
05-26 09:30:26.138   246   278 I keystore2: system/security/keystore2/src/super_key.rs:342 - keystore.boot_level 1000000000 hits maximum 1000000000, finishing.
05-26 09:30:26.166   434   434 I odsign  : All root hashes match.
05-26 09:30:26.166   434   434 I odsign  : odrefresh said artifacts are VALID
05-26 09:30:26.166   434   434 I odsign  : On-device signing done.
05-26 09:30:26.166   434   434 I odsign  : Metrics report is empty
05-26 09:30:26.425   472   472 I android.hardware.wifi-service: Wifi Hal is booting up...
05-26 09:30:26.425   472   472 I android.hardware.wifi-service: Joining RPC thread pool
05-26 09:30:26.492   508   508 I gsid    : no DSU: No such file or directory
05-26 09:30:26.752   598   598 I installd: installd firing up
05-26 09:30:26.766   605   605 I wificond: wificond is starting up...
05-26 09:30:26.768   605   605 E HidlServiceManagement: Service android.system.wifi.keystore@1.0::IKeystore/default must be in VINTF manifest in order to register/get.
05-26 09:30:26.768   605   605 I wificond: Did not register wifi keystore HIDL HAL service: -2147483648
05-26 09:30:26.905   574   639 D BootAnimation: BootAnimationShownTiming start time: 6459ms
05-26 09:30:27.529   453   453 V Configuration: Updating configuration, locales updated from [] to [en_US]
05-26 09:30:27.799   677   677 D SystemServerTiming: InitBeforeStartServices
05-26 09:30:27.800   677   677 I SystemServer: Entered the Android system server!
05-26 09:30:27.800   677   677 I SystemServerInitThreadPool: Creating instance with 4 threads
05-26 09:30:27.800   677   677 I SystemServer: Reading configuration...
05-26 09:30:27.800   677   677 D SystemServerTiming: ReadingSystemConfig
05-26 09:30:27.801   677   714 D SystemServerTimingAsync: InitThreadPoolExec:ReadingSystemConfig
05-26 09:30:27.801   677   714 I SystemConfig: Reading permissions from /system/etc/sysconfig/enhanced-confirmation.xml
05-26 09:30:27.801   677   714 I SystemConfig: Reading permissions from /system/etc/sysconfig/framework-sysconfig.xml
05-26 09:30:27.801   677   714 I SystemConfig: Reading permissions from /system/etc/sysconfig/hiddenapi-package-whitelist.xml
05-26 09:30:27.801   677   714 I SystemConfig: Reading permissions from /system/etc/sysconfig/initial-package-stopped-states.xml
05-26 09:30:27.802   677   714 I SystemConfig: Reading permissions from /system/etc/sysconfig/package-shareduid-allowlist.xml
05-26 09:30:27.802   677   714 I SystemConfig: Reading permissions from /system/etc/sysconfig/preinstalled-packages-asl-files.xml
05-26 09:30:27.802   677   714 I SystemConfig: Reading permissions from /system/etc/sysconfig/preinstalled-packages-platform-generic-system.xml
05-26 09:30:27.802   677   714 I SystemConfig: Reading permissions from /system/etc/sysconfig/preinstalled-packages-platform-handheld-system.xml
05-26 09:30:27.803   677   714 I SystemConfig: Reading permissions from /system/etc/sysconfig/preinstalled-packages-platform.xml
05-26 09:30:27.803   677   714 I SystemConfig: Reading permissions from /system/etc/sysconfig/preinstalled-packages-strict-signature.xml
05-26 09:30:27.804   677   714 I SystemConfig: Reading permissions from /system/etc/permissions/android.software.credentials.xml
05-26 09:30:27.804   677   714 I SystemConfig: Reading permissions from /system/etc/permissions/android.software.live_wallpaper.xml
05-26 09:30:27.804   677   714 I SystemConfig: Reading permissions from /system/etc/permissions/android.software.webview.xml
05-26 09:30:27.804   677   714 I SystemConfig: Reading permissions from /system/etc/permissions/android.software.window_magnification.xml
05-26 09:30:27.804   677   714 I SystemConfig: Reading permissions from /system/etc/permissions/android.test.base.xml
05-26 09:30:27.804   677   714 I SystemConfig: Reading permissions from /system/etc/permissions/android.test.mock.xml
05-26 09:30:27.805   677   714 I SystemConfig: Reading permissions from /system/etc/permissions/android.test.runner.xml
05-26 09:30:27.805   677   714 I SystemConfig: Reading permissions from /system/etc/permissions/com.android.future.usb.accessory.xml
05-26 09:30:27.805   677   714 I SystemConfig: Reading permissions from /system/etc/permissions/com.android.intentresolver.xml
05-26 09:30:27.805   677   714 I SystemConfig: Reading permissions from /system/etc/permissions/com.android.location.provider.xml
05-26 09:30:27.805   677   714 I SystemConfig: Reading permissions from /system/etc/permissions/com.android.media.remotedisplay.xml
05-26 09:30:27.805   677   714 I SystemConfig: Reading permissions from /system/etc/permissions/com.android.mediadrm.signer.xml
05-26 09:30:27.805   677   714 I SystemConfig: Reading permissions from /system/etc/permissions/com.android.nfc_extras.xml
05-26 09:30:27.806   677   714 I SystemConfig: Reading permissions from /system/etc/permissions/javax.obex.xml
05-26 09:30:27.807   677   714 I SystemConfig: Reading permissions from /system/etc/permissions/org.apache.http.legacy.xml
05-26 09:30:27.807   677   714 I SystemConfig: Reading permissions from /system/etc/permissions/privapp-permissions-google.xml
05-26 09:30:27.807   677   714 I SystemConfig: Reading permissions from /system/etc/permissions/privapp-permissions-platform.xml
05-26 09:30:27.808   677   714 I SystemConfig: Reading permissions from /system/etc/permissions/platform.xml
05-26 09:30:27.808   677   714 I AconfigFlags: Using new flag storage
05-26 09:30:27.809   677   714 I SystemConfig: Reading permissions from /vendor/etc/permissions/android.hardware.bluetooth.xml
05-26 09:30:27.809   677   714 I SystemConfig: Reading permissions from /vendor/etc/permissions/android.hardware.bluetooth_le.xml
05-26 09:30:27.809   677   714 I SystemConfig: Reading permissions from /vendor/etc/permissions/android.hardware.camera.concurrent.prebuilt.xml
05-26 09:30:27.809   677   714 I SystemConfig: Reading permissions from /vendor/etc/permissions/android.hardware.camera.flash-autofocus.prebuilt.xml
05-26 09:30:27.809   677   714 I SystemConfig: Reading permissions from /vendor/etc/permissions/android.hardware.camera.front.prebuilt.xml
05-26 09:30:27.809   677   714 I SystemConfig: Reading permissions from /vendor/etc/permissions/android.hardware.camera.full.prebuilt.xml
05-26 09:30:27.809   677   714 I SystemConfig: Reading permissions from /vendor/etc/permissions/android.hardware.camera.raw.prebuilt.xml
05-26 09:30:27.809   677   714 I SystemConfig: Reading permissions from /vendor/etc/permissions/android.hardware.fingerprint.prebuilt.xml
05-26 09:30:27.809   677   714 I SystemConfig: Reading permissions from /vendor/etc/permissions/android.hardware.hardware_keystore.xml
05-26 09:30:27.809   677   714 I SystemConfig: Reading permissions from /vendor/etc/permissions/android.hardware.identity_credential.xml
05-26 09:30:27.809   677   714 I SystemConfig: Reading permissions from /vendor/etc/permissions/android.hardware.keystore.app_attest_key.xml
05-26 09:30:27.809   677   714 I SystemConfig: Reading permissions from /vendor/etc/permissions/android.hardware.touchscreen.multitouch.jazzhand.xml
05-26 09:30:27.809   677   714 I SystemConfig: Reading permissions from /vendor/etc/permissions/android.hardware.uwb.xml
05-26 09:30:27.809   677   714 I SystemConfig: Reading permissions from /vendor/etc/permissions/android.hardware.vulkan.compute.xml
05-26 09:30:27.810   677   714 I SystemConfig: Reading permissions from /vendor/etc/permissions/android.hardware.vulkan.level.xml
05-26 09:30:27.810   677   714 I SystemConfig: Reading permissions from /vendor/etc/permissions/android.hardware.vulkan.version.xml
05-26 09:30:27.810   677   714 I SystemConfig: Reading permissions from /vendor/etc/permissions/android.hardware.wifi.direct.xml
05-26 09:30:27.810   677   714 I SystemConfig: Reading permissions from /vendor/etc/permissions/android.hardware.wifi.passpoint.xml
05-26 09:30:27.810   677   714 I SystemConfig: Reading permissions from /vendor/etc/permissions/android.hardware.wifi.xml
05-26 09:30:27.810   677   714 I SystemConfig: Reading permissions from /vendor/etc/permissions/android.software.autofill.xml
05-26 09:30:27.810   677   714 I SystemConfig: Reading permissions from /vendor/etc/permissions/android.software.opengles.deqp.level.xml
05-26 09:30:27.810   677   714 I SystemConfig: Reading permissions from /vendor/etc/permissions/android.software.vulkan.deqp.level.xml
05-26 09:30:27.810   677   714 I SystemConfig: Reading permissions from /vendor/etc/permissions/handheld_core_hardware.xml
05-26 09:30:27.811   677   714 I SystemConfig: Reading permissions from /product/etc/sysconfig/disable-zero-touch.xml
05-26 09:30:27.811   677   714 I SystemConfig: Reading permissions from /product/etc/sysconfig/google-hiddenapi-package-whitelist.xml
05-26 09:30:27.811   677   714 I SystemConfig: Reading permissions from /product/etc/sysconfig/google-staged-installer-whitelist.xml
05-26 09:30:27.811   677   714 I SystemConfig: Reading permissions from /product/etc/sysconfig/google.xml
05-26 09:30:27.811   677   714 I SystemConfig: Adding association: com.google.android.as <- com.android.bluetooth
05-26 09:30:27.811   677   714 I SystemConfig: Adding association: com.google.android.as <- com.android.bluetooth.services
05-26 09:30:27.811   677   714 I SystemConfig: Adding association: com.google.android.as <- com.android.phone
05-26 09:30:27.811   677   714 I SystemConfig: Adding association: com.google.android.as <- com.android.providers.contacts
05-26 09:30:27.811   677   714 I SystemConfig: Adding association: com.google.android.as <- com.android.providers.media
05-26 09:30:27.811   677   714 I SystemConfig: Adding association: com.google.android.as <- com.android.providers.telephony
05-26 09:30:27.811   677   714 I SystemConfig: Adding association: com.google.android.as <- com.android.systemui
05-26 09:30:27.811   677   714 I SystemConfig: Adding association: com.google.android.as <- com.google.android.bluetooth
05-26 09:30:27.811   677   714 I SystemConfig: Adding association: com.google.android.as <- com.google.android.bluetooth.services
05-26 09:30:27.811   677   714 I SystemConfig: Adding association: com.google.android.as <- com.google.android.providers.media.module
05-26 09:30:27.811   677   714 I SystemConfig: Adding association: com.google.android.as <- com.google.android.as.oss
05-26 09:30:27.811   677   714 I SystemConfig: Adding association: com.google.android.as.oss <- com.google.android.as
05-26 09:30:27.811   677   714 I SystemConfig: Adding association: com.google.android.as.oss <- com.google.android.aicore
05-26 09:30:27.811   677   714 I SystemConfig: Adding association: com.google.android.as.oss <- com.google.android.apps.nexuslauncher
05-26 09:30:27.811   677   714 W SystemConfig: Tag automatic-rollback-denylisted-app is unknown in /product/etc/sysconfig/google.xml at START_TAG (empty) <automatic-rollback-denylisted-app package='com.android.vending'>@146:72 in java.io.FileReader@be73e3
05-26 09:30:27.811   677   714 W SystemConfig: Tag automatic-rollback-denylisted-app is unknown in /product/etc/sysconfig/google.xml at START_TAG (empty) <automatic-rollback-denylisted-app package='com.google.android.gms'>@147:75 in java.io.FileReader@be73e3
05-26 09:30:27.811   677   714 I SystemConfig: Reading permissions from /product/etc/sysconfig/google_build.xml
05-26 09:30:27.812   677   714 I SystemConfig: Reading permissions from /product/etc/sysconfig/initial-package-stopped-states-aosp.xml
05-26 09:30:27.812   677   714 I SystemConfig: Reading permissions from /product/etc/sysconfig/personal-safety.xml
05-26 09:30:27.812   677   714 I SystemConfig: Reading permissions from /product/etc/sysconfig/preinstalled-packages-platform-aosp-product.xml
05-26 09:30:27.812   677   714 I SystemConfig: Reading permissions from /product/etc/sysconfig/preinstalled-packages-platform-handheld-product.xml
05-26 09:30:27.812   677   714 I SystemConfig: Reading permissions from /product/etc/sysconfig/preinstalled-packages-platform-overlays.xml
05-26 09:30:27.812   677   714 I SystemConfig: Reading permissions from /product/etc/sysconfig/preinstalled-packages-platform-telephony-product.xml
05-26 09:30:27.812   677   714 I SystemConfig: Reading permissions from /product/etc/sysconfig/wellbeing.xml
05-26 09:30:27.812   677   714 I SystemConfig: Reading permissions from /product/etc/permissions/android.hardware.telephony.euicc.xml
05-26 09:30:27.813   677   714 I SystemConfig: Reading permissions from /product/etc/permissions/android.software.verified_boot.xml
05-26 09:30:27.813   677   714 I SystemConfig: Reading permissions from /product/etc/permissions/com.android.imsserviceentitlement.xml
05-26 09:30:27.813   677   714 I SystemConfig: Reading permissions from /product/etc/permissions/com.google.android.dialer.support.xml
05-26 09:30:27.814   677   714 I SystemConfig: Reading permissions from /product/etc/permissions/com.google.android.odad.xml
05-26 09:30:27.814   677   714 I SystemConfig: Reading permissions from /product/etc/permissions/privapp-permissions-goldfish.xml
05-26 09:30:27.814   677   714 I SystemConfig: Reading permissions from /product/etc/permissions/privapp-permissions-google-p.xml
05-26 09:30:27.816   677   714 I SystemConfig: Reading permissions from /product/etc/permissions/privapp-permissions-sdk-google.xml
05-26 09:30:27.816   677   714 I SystemConfig: Reading permissions from /product/etc/permissions/split-permissions-google.xml
05-26 09:30:27.816   677   714 I SystemConfig: Reading permissions from /system_ext/etc/sysconfig/android.telephony.satellite.xml
05-26 09:30:27.816   677   714 I SystemConfig: Reading permissions from /system_ext/etc/sysconfig/preinstalled-packages-com.android.google.avatarpicker.xml
05-26 09:30:27.816   677   714 I SystemConfig: Reading permissions from /system_ext/etc/permissions/android.software.theme_picker.xml
05-26 09:30:27.816   677   714 I SystemConfig: Reading permissions from /system_ext/etc/permissions/androidx.window.extensions.xml
05-26 09:30:27.816   677   714 I SystemConfig: Reading permissions from /system_ext/etc/permissions/androidx.window.sidecar.xml
05-26 09:30:27.816   677   714 I SystemConfig: Reading permissions from /system_ext/etc/permissions/appfunctions.extension.xml
05-26 09:30:27.816   677   714 I SystemConfig: Reading permissions from /system_ext/etc/permissions/com.android.carrierconfig.xml
05-26 09:30:27.816   677   714 I SystemConfig: Reading permissions from /system_ext/etc/permissions/com.android.emulator.radio.config.xml
05-26 09:30:27.816   677   714 I SystemConfig: Reading permissions from /system_ext/etc/permissions/com.android.extensions.appfunctions.xml
05-26 09:30:27.816   677   714 I SystemConfig: Reading permissions from /system_ext/etc/permissions/com.android.launcher3.xml
05-26 09:30:27.816   677   714 I SystemConfig: Reading permissions from /system_ext/etc/permissions/com.android.settings.xml
05-26 09:30:27.816   677   714 I SystemConfig: Reading permissions from /system_ext/etc/permissions/com.android.storagemanager.xml
05-26 09:30:27.816   677   714 I SystemConfig: Reading permissions from /system_ext/etc/permissions/com.android.systemui.xml
05-26 09:30:27.817   677   714 I SystemConfig: Reading permissions from /system_ext/etc/permissions/com.google.android.googlesdksetup.xml
05-26 09:30:27.817   677   714 I SystemConfig: Reading permissions from /system_ext/etc/permissions/privapp-permissions-google-se.xml
05-26 09:30:27.818   677   714 I SystemConfig: Reading permissions from /apex/com.android.apex.cts.shim/etc/permissions/signature-permission-allowlist.xml
05-26 09:30:27.818   677   714 I SystemConfig: Reading permissions from /apex/com.android.devicelock/etc/permissions/com.android.devicelockcontroller.xml
05-26 09:30:27.818   677   714 I SystemConfig: Reading permissions from /apex/com.android.hardware.contexthub/etc/permissions/android.hardware.context_hub.prebuilt.xml
05-26 09:30:27.818   677   714 I SystemConfig: Reading permissions from /apex/com.android.hardware.threadnetwork/etc/permissions/android.hardware.thread_network.prebuilt.xml
05-26 09:30:27.818   677   714 I SystemConfig: Reading permissions from /apex/com.android.cellbroadcast/etc/permissions/privapp_allowlist_com.google.android.cellbroadcastreceiver.xml
05-26 09:30:27.818   677   714 I SystemConfig: Reading permissions from /apex/com.android.cellbroadcast/etc/permissions/privapp_allowlist_com.google.android.cellbroadcastservice.xml
05-26 09:30:27.819   677   714 I SystemConfig: Reading permissions from /apex/com.android.mediaprovider/etc/permissions/privapp_allowlist_com.google.android.providers.media.module.xml
05-26 09:30:27.819   677   714 I SystemConfig: Reading permissions from /apex/com.android.mediaprovider/etc/permissions/privapp_allowlist_com.google.android.photopicker.xml
05-26 09:30:27.819   677   714 I SystemConfig: Reading permissions from /apex/com.android.healthfitness/etc/permissions/privapp_allowlist_com.google.android.healthconnect.controller.xml
05-26 09:30:27.819   677   714 I SystemConfig: Reading permissions from /apex/com.android.hardware.rebootescrow/etc/permissions/android.hardware.reboot_escrow.prebuilt.xml
05-26 09:30:27.819   677   714 I SystemConfig: Reading permissions from /apex/com.android.adservices/etc/permissions/privapp_allowlist_com.google.android.adservices.api.xml
05-26 09:30:27.820   677   714 I SystemConfig: Reading permissions from /apex/com.android.tethering/etc/permissions/privapp_allowlist_com.google.android.networkstack.tethering.xml
05-26 09:30:27.820   677   714 I SystemConfig: Reading permissions from /apex/com.android.ipsec/etc/permissions/android.net.ipsec.ike.xml
05-26 09:30:27.820   677   714 I SystemConfig: Reading permissions from /apex/com.android.bt/etc/permissions/privapp_allowlist_com.google.android.bluetooth.xml
05-26 09:30:27.820   677   714 I SystemConfig: Reading permissions from /apex/com.android.permission/etc/permissions/privapp_allowlist_com.google.android.permissioncontroller.xml
05-26 09:30:27.820   677   714 I SystemConfig: Reading permissions from /apex/com.android.extservices/etc/permissions/privapp_allowlist_com.google.android.ext.services.xml
05-26 09:30:27.821   677   714 I SystemConfig: Reading permissions from /apex/com.android.nfcservices/etc/permissions/privapp_allowlist_com.google.android.nfc.xml
05-26 09:30:27.821   677   714 I SystemConfig: Reading permissions from /apex/com.android.nfcservices/etc/permissions/privapp_allowlist_com.android.nfc.xml
05-26 09:30:27.821   677   714 D SystemConfig: /vendor/etc/public.libraries.txt does not exist
05-26 09:30:27.875   677   677 V Configuration: Updating configuration, locales updated from [] to [en_US]
05-26 09:30:27.876   677   677 V Configuration: Updating configuration, locales updated from [] to [en_US]
05-26 09:30:27.877   677   677 D SystemServerTiming: StartServices
05-26 09:30:27.877   677   677 D SystemServerTiming: startBootstrapServices
05-26 09:30:27.877   677   677 D SystemServerTiming: ArtModuleServiceInitializer
05-26 09:30:27.877   677   677 D SystemServerTiming: StartWatchdog
05-26 09:30:27.879   677   677 D SystemServerTiming: InitializeProtoLog
05-26 09:30:27.879   677   677 D SystemServerTiming: PlatformCompat
05-26 09:30:27.880   677   677 D CompatConfig: Found a config file: /system/etc/compatconfig/SystemUI-core-compat-config.xml
05-26 09:30:27.880   677   677 D CompatConfig: Found a config file: /system/etc/compatconfig/TeleService-platform-compat-config.xml
05-26 09:30:27.880   677   677 D CompatConfig: Adding: com.android.server.compat.config.Change@b3e2ff5
05-26 09:30:27.880   677   677 D CompatConfig: Adding: com.android.server.compat.config.Change@895418a
05-26 09:30:27.880   677   677 D CompatConfig: Adding: com.android.server.compat.config.Change@c4123fb
05-26 09:30:27.880   677   677 D CompatConfig: Adding: com.android.server.compat.config.Change@fd4fc18
05-26 09:30:27.880   677   677 D CompatConfig: Adding: com.android.server.compat.config.Change@50ed671
05-26 09:30:27.880   677   677 D CompatConfig: Adding: com.android.server.compat.config.Change@90dec56
05-26 09:30:27.880   677   677 D CompatConfig: Found a config file: /system/etc/compatconfig/calendar-provider-compat-config.xml
05-26 09:30:27.880   677   677 D CompatConfig: Adding: com.android.server.compat.config.Change@529c1c4
05-26 09:30:27.880   677   677 D CompatConfig: Found a config file: /system/etc/compatconfig/contacts-provider-platform-compat-config.xml
05-26 09:30:27.880   677   677 D CompatConfig: Adding: com.android.server.compat.config.Change@69477e2
05-26 09:30:27.880   677   677 D CompatConfig: Found a config file: /system/etc/compatconfig/documents-ui-compat-config.xml
05-26 09:30:27.880   677   677 D CompatConfig: Adding: com.android.server.compat.config.Change@7e33630
05-26 09:30:27.880   677   677 D CompatConfig: Found a config file: /system/etc/compatconfig/framework-location-compat-config.xml
05-26 09:30:27.880   677   677 D CompatConfig: Adding: com.android.server.compat.config.Change@906302e
05-26 09:30:27.880   677   677 D CompatConfig: Adding: com.android.server.compat.config.Change@be4b7cf
05-26 09:30:27.880   677   677 D CompatConfig: Adding: com.android.server.compat.config.Change@97d855c
05-26 09:30:27.880   677   677 D CompatConfig: Adding: com.android.server.compat.config.Change@a3c0065
05-26 09:30:27.880   677   677 D CompatConfig: Adding: com.android.server.compat.config.Change@6c9213a
05-26 09:30:27.880   677   677 D CompatConfig: Adding: com.android.server.compat.config.Change@89f01eb
05-26 09:30:27.880   677   677 D CompatConfig: Adding: com.android.server.compat.config.Change@50b9b48
05-26 09:30:27.880   677   677 D CompatConfig: Adding: com.android.server.compat.config.Change@f13de1
05-26 09:30:27.880   677   677 D CompatConfig: Found a config file: /system/etc/compatconfig/framework-ondeviceintelligence-platform-compat-config.xml
05-26 09:30:27.880   677   677 D CompatConfig: Found a config file: /system/etc/compatconfig/framework-platform-compat-config.xml
05-26 09:30:27.880   677   677 D CompatConfig: Adding: com.android.server.compat.config.Change@1e323f4
05-26 09:30:27.880   677   677 D CompatConfig: Adding: com.android.server.compat.config.Change@562d71d
05-26 09:30:27.880   677   677 D CompatConfig: Adding: com.android.server.compat.config.Change@60e9d92
05-26 09:30:27.880   677   677 D CompatConfig: Adding: com.android.server.compat.config.Change@927c363
05-26 09:30:27.880   677   677 D CompatConfig: Adding: com.android.server.compat.config.Change@5088b60
05-26 09:30:27.880   677   677 D CompatConfig: Adding: com.android.server.compat.config.Change@b5ac819
05-26 09:30:27.880   677   677 D CompatConfig: Adding: com.android.server.compat.config.Change@af500de
05-26 09:30:27.880   677   677 D CompatConfig: Adding: com.android.server.compat.config.Change@a4932bf
05-26 09:30:27.880   677   677 D CompatConfig: Adding: com.android.server.compat.config.Change@d5afd8c
05-26 09:30:27.880   677   677 D CompatConfig: Adding: com.android.server.compat.config.Change@f46ccd5
05-26 09:30:27.880   677   677 D CompatConfig: Adding: com.android.server.compat.config.Change@54c4cea
05-26 09:30:27.880   677   677 D CompatConfig: Adding: com.android.server.compat.config.Change@7e83bdb
05-26 09:30:27.880   677   677 D CompatConfig: Adding: com.android.server.compat.config.Change@6806678
05-26 09:30:27.881   677   677 D CompatConfig: Adding: com.android.server.compat.config.Change@cb46151
05-26 09:30:27.881   677   677 D CompatConfig: Adding: com.android.server.compat.config.Change@41a4db6
05-26 09:30:27.881   677   677 D CompatConfig: Adding: com.android.server.compat.config.Change@3a4bab7
05-26 09:30:27.881   677   677 D CompatConfig: Adding: com.android.server.compat.config.Change@e917224
05-26 09:30:27.881   677   677 D CompatConfig: Adding: com.android.server.compat.config.Change@8cc18d
05-26 09:30:27.881   677   677 D CompatConfig: Adding: com.android.server.compat.config.Change@ef58f42
05-26 09:30:27.881   677   677 D CompatConfig: Adding: com.android.server.compat.config.Change@f404b53
05-26 09:30:27.881   677   677 D CompatConfig: Adding: com.android.server.compat.config.Change@a858c90
05-26 09:30:27.881   677   677 D CompatConfig: Adding: com.android.server.compat.config.Change@310e989
05-26 09:30:27.881   677   677 D CompatConfig: Adding: com.android.server.compat.config.Change@e515d8e
05-26 09:30:27.881   677   677 D CompatConfig: Adding: com.android.server.compat.config.Change@cfa49af
05-26 09:30:27.881   677   677 D CompatConfig: Adding: com.android.server.compat.config.Change@55ee1bc
05-26 09:30:27.881   677   677 D CompatConfig: Adding: com.android.server.compat.config.Change@5959545
05-26 09:30:27.881   677   677 D CompatConfig: Adding: com.android.server.compat.config.Change@c89c49a
05-26 09:30:27.881   677   677 D CompatConfig: Adding: com.android.server.compat.config.Change@9abd1cb
05-26 09:30:27.881   677   677 D CompatConfig: Adding: com.android.server.compat.config.Change@6165da8
05-26 09:30:27.881   677   677 D CompatConfig: Adding: com.android.server.compat.config.Change@fff40c1
05-26 09:30:27.881   677   677 D CompatConfig: Adding: com.android.server.compat.config.Change@baf9066
05-26 09:30:27.881   677   677 D CompatConfig: Adding: com.android.server.compat.config.Change@ca3bfa7
05-26 09:30:27.881   677   677 D CompatConfig: Adding: com.android.server.compat.config.Change@847ac54
05-26 09:30:27.881   677   677 D CompatConfig: Adding: com.android.server.compat.config.Change@9fe27fd
05-26 09:30:27.881   677   677 D CompatConfig: Adding: com.android.server.compat.config.Change@c144cf2
05-26 09:30:27.881   677   677 D CompatConfig: Adding: com.android.server.compat.config.Change@942af43
05-26 09:30:27.881   677   677 D CompatConfig: Adding: com.android.server.compat.config.Change@39d39c0
05-26 09:30:27.881   677   677 D CompatConfig: Adding: com.android.server.compat.config.Change@c0a46f9
05-26 09:30:27.881   677   677 D CompatConfig: Adding: com.android.server.compat.config.Change@f96463e
05-26 09:30:27.881   677   677 D CompatConfig: Adding: com.android.server.compat.config.Change@e56fc9f
05-26 09:30:27.881   677   677 D CompatConfig: Adding: com.android.server.compat.config.Change@dfc31ec
05-26 09:30:27.881   677   677 D CompatConfig: Adding: com.android.server.compat.config.Change@41f59b5
05-26 09:30:27.881   677   677 D CompatConfig: Adding: com.android.server.compat.config.Change@5ac884a
05-26 09:30:27.881   677   677 D CompatConfig: Adding: com.android.server.compat.config.Change@f38c3bb
05-26 09:30:27.881   677   677 D CompatConfig: Adding: com.android.server.compat.config.Change@47080d8
05-26 09:30:27.881   677   677 D CompatConfig: Adding: com.android.server.compat.config.Change@a38dc31
05-26 09:30:27.881   677   677 D CompatConfig: Adding: com.android.server.compat.config.Change@c32df16
05-26 09:30:27.881   677   677 D CompatConfig: Adding: com.android.server.compat.config.Change@2a5e097
05-26 09:30:27.881   677   677 D CompatConfig: Adding: com.android.server.compat.config.Change@6d8d284
05-26 09:30:27.881   677   677 D CompatConfig: Adding: com.android.server.compat.config.Change@8e0a6d
05-26 09:30:27.881   677   677 D CompatConfig: Adding: com.android.server.compat.config.Change@f5d6a2
05-26 09:30:27.881   677   677 D CompatConfig: Adding: com.android.server.compat.config.Change@35def33
05-26 09:30:27.881   677   677 D CompatConfig: Adding: com.android.server.compat.config.Change@25292f0
05-26 09:30:27.881   677   677 D CompatConfig: Adding: com.android.server.compat.config.Change@b8de069
05-26 09:30:27.881   677   677 D CompatConfig: Adding: com.android.server.compat.config.Change@ffebaee
05-26 09:30:27.881   677   677 D CompatConfig: Adding: com.android.server.compat.config.Change@e7e4b8f
05-26 09:30:27.881   677   677 D CompatConfig: Adding: com.android.server.compat.config.Change@665ee1c
05-26 09:30:27.881   677   677 D CompatConfig: Adding: com.android.server.compat.config.Change@d9b1a25
05-26 09:30:27.881   677   677 D CompatConfig: Adding: com.android.server.compat.config.Change@a9f97fa
05-26 09:30:27.881   677   677 D CompatConfig: Adding: com.android.server.compat.config.Change@b9e11ab
05-26 09:30:27.881   677   677 D CompatConfig: Adding: com.android.server.compat.config.Change@f1d008
05-26 09:30:27.881   677   677 D CompatConfig: Adding: com.android.server.compat.config.Change@28833a1
05-26 09:30:27.881   677   677 D CompatConfig: Adding: com.android.server.compat.config.Change@33f39c6
05-26 09:30:27.881   677   677 D CompatConfig: Adding: com.android.server.compat.config.Change@aaa1d87
05-26 09:30:27.881   677   677 D CompatConfig: Adding: com.android.server.compat.config.Change@cd7e4b4
05-26 09:30:27.881   677   677 D CompatConfig: Adding: com.android.server.compat.config.Change@6d368dd
05-26 09:30:27.881   677   677 D CompatConfig: Adding: com.android.server.compat.config.Change@9e52c52
05-26 09:30:27.881   677   677 D CompatConfig: Adding: com.android.server.compat.config.Change@3810b23
05-26 09:30:27.881   677   677 D CompatConfig: Adding: com.android.server.compat.config.Change@f689820
05-26 09:30:27.881   677   677 D CompatConfig: Adding: com.android.server.compat.config.Change@6a2b5d9
05-26 09:30:27.881   677   677 D CompatConfig: Adding: com.android.server.compat.config.Change@585bb9e
05-26 09:30:27.881   677   677 D CompatConfig: Adding: com.android.server.compat.config.Change@34f367f
05-26 09:30:27.881   677   677 D CompatConfig: Adding: com.android.server.compat.config.Change@8f164c
05-26 09:30:27.881   677   677 D CompatConfig: Adding: com.android.server.compat.config.Change@7fd695
05-26 09:30:27.881   677   677 D CompatConfig: Adding: com.android.server.compat.config.Change@60df3aa
05-26 09:30:27.881   677   677 D CompatConfig: Adding: com.android.server.compat.config.Change@3aabb9b
05-26 09:30:27.881   677   677 D CompatConfig: Adding: com.android.server.compat.config.Change@9bd4b38
05-26 09:30:27.881   677   677 D CompatConfig: Adding: com.android.server.compat.config.Change@7d44711
05-26 09:30:27.881   677   677 D CompatConfig: Adding: com.android.server.compat.config.Change@b2fa076
05-26 09:30:27.881   677   677 D CompatConfig: Adding: com.android.server.compat.config.Change@76f7677
05-26 09:30:27.881   677   677 D CompatConfig: Adding: com.android.server.compat.config.Change@797e2e4
05-26 09:30:27.881   677   677 D CompatConfig: Adding: com.android.server.compat.config.Change@325434d
05-26 09:30:27.881   677   677 D CompatConfig: Adding: com.android.server.compat.config.Change@bed4e02
05-26 09:30:27.881   677   677 D CompatConfig: Adding: com.android.server.compat.config.Change@95b0313
05-26 09:30:27.881   677   677 D CompatConfig: Adding: com.android.server.compat.config.Change@a624950
05-26 09:30:27.881   677   677 D CompatConfig: Adding: com.android.server.compat.config.Change@20fc749
05-26 09:30:27.881   677   677 D CompatConfig: Adding: com.android.server.compat.config.Change@ae6484e
05-26 09:30:27.881   677   677 D CompatConfig: Adding: com.android.server.compat.config.Change@868bd6f
05-26 09:30:27.881   677   677 D CompatConfig: Adding: com.android.server.compat.config.Change@12aaa7c
05-26 09:30:27.881   677   677 D CompatConfig: Adding: com.android.server.compat.config.Change@7048f05
