06-04 11:27:13.961   211   211 I usb3    : Product: USB/IP Virtual Host Controller
06-04 11:27:13.961   211   211 I usb3    : Manufacturer: Linux 6.6.66-android15-8-gb66429556fb8-ab13070261-4k vhci_hcd
06-04 11:27:13.961   211   211 I usb3    : SerialNumber: vhci_hcd.0
06-04 11:27:13.962   211   211 I hub 3-0 : 1.0: USB hub found
06-04 11:27:13.962   211   211 I hub 3-0 : 1.0: 8 ports detected
06-04 11:27:13.965   211   211 I dlkm_loader: Loaded kernel module /vendor/lib/modules/vhci-hcd.ko
06-04 11:27:13.965   211   211 I dlkm_loader: Loading module /vendor/lib/modules/virt_wifi.ko with args ''
06-04 11:27:13.966   211   211 I dlkm_loader: Loaded kernel module /vendor/lib/modules/virt_wifi.ko
06-04 11:27:13.966   211   211 I dlkm_loader: Loading module /vendor/lib/modules/virtio-gpu.ko with args ''
06-04 11:27:13.968   211   211 I dlkm_loader: Loaded kernel module /vendor/lib/modules/virtio-gpu.ko
06-04 11:27:13.968   211   211 I dlkm_loader: Loading module /vendor/lib/modules/virtio-media.ko with args ''
06-04 11:27:13.969   211   211 I dlkm_loader: Loaded kernel module /vendor/lib/modules/virtio-media.ko
06-04 11:27:13.969   211   211 I dlkm_loader: Loading module /vendor/lib/modules/virtio_input.ko with args ''
06-04 11:27:13.972   211   211 I input   : virtio_input_multi_touch_1 as /devices/platform/3f000000.pcie/pci0000:00/0000:00:04.0/virtio10/input/input1
06-04 11:27:13.974   211   211 I input   : virtio_input_multi_touch_2 as /devices/platform/3f000000.pcie/pci0000:00/0000:00:05.0/virtio11/input/input2
06-04 11:27:13.977   211   211 I input   : virtio_input_multi_touch_3 as /devices/platform/3f000000.pcie/pci0000:00/0000:00:06.0/virtio12/input/input3
06-04 11:27:13.979   211   211 I input   : virtio_input_multi_touch_4 as /devices/platform/3f000000.pcie/pci0000:00/0000:00:07.0/virtio13/input/input4
06-04 11:27:13.983   211   211 I input   : virtio_input_multi_touch_5 as /devices/platform/3f000000.pcie/pci0000:00/0000:00:08.0/virtio14/input/input5
06-04 11:27:13.986   211   211 I input   : virtio_input_multi_touch_6 as /devices/platform/3f000000.pcie/pci0000:00/0000:00:09.0/virtio15/input/input6
06-04 11:27:13.989   211   211 I input   : virtio_input_multi_touch_7 as /devices/platform/3f000000.pcie/pci0000:00/0000:00:0a.0/virtio16/input/input7
06-04 11:27:13.993   211   211 I input   : virtio_input_multi_touch_8 as /devices/platform/3f000000.pcie/pci0000:00/0000:00:0c.0/virtio17/input/input8
06-04 11:27:13.998   211   211 I input   : virtio_input_multi_touch_9 as /devices/platform/3f000000.pcie/pci0000:00/0000:00:0d.0/virtio18/input/input9
06-04 11:27:14.002   211   211 I input   : virtio_input_multi_touch_10 as /devices/platform/3f000000.pcie/pci0000:00/0000:00:0e.0/virtio19/input/input10
06-04 11:27:14.006   211   211 I input   : virtio_input_multi_touch_11 as /devices/platform/3f000000.pcie/pci0000:00/0000:00:0f.0/virtio20/input/input11
06-04 11:27:14.008   211   211 I input   : qwerty2 as /devices/platform/3f000000.pcie/pci0000:00/0000:00:10.0/virtio21/input/input12
06-04 11:27:14.008     1     1 I init    : Service 'system_aconfigd_platform_init' (pid 246) exited with status 0 waiting took 0.052000 seconds
06-04 11:27:14.008     1     1 I init    : Sending signal 9 to service 'system_aconfigd_platform_init' (pid 246) process group...
06-04 11:27:14.009     1     1 I libprocessgroup: Removed cgroup /sys/fs/cgroup/system/uid_1000/pid_246
06-04 11:27:14.009   211   211 I dlkm_loader: Loaded kernel module /vendor/lib/modules/virtio_input.ko
06-04 11:27:14.009   211   211 I dlkm_loader: Loading module /vendor/lib/modules/virtio_net.ko with args ''
06-04 11:27:14.009     1     1 I init    : processing action (post-fs) from (/system/etc/init/atrace_userdebug.rc:7)
06-04 11:27:14.009     1     1 I init    : processing action (post-fs) from (/system/etc/init/gsid.rc:8)
06-04 11:27:14.009     1     1 I init    : processing action (post-fs) from (/system/etc/init/recovery-refresh.rc:1)
06-04 11:27:14.009     1     1 I init    : starting service 'exec 3 (/system/bin/recovery-refresh)'...
06-04 11:27:14.010     1     1 I init    : ... started service 'exec 3 (/system/bin/recovery-refresh)' has pid 247
06-04 11:27:14.010     1     1 I init    : processing action (late-fs) from (/system/etc/init/hw/init.rc:617)
06-04 11:27:14.011   211   211 I dlkm_loader: Loaded kernel module /vendor/lib/modules/virtio_net.ko
06-04 11:27:14.011   211   211 I dlkm_loader: Loading module /vendor/lib/modules/virtio_pmem.ko with args ''
06-04 11:27:14.011     1     1 I init    : starting service 'system_suspend'...
06-04 11:27:14.011   211   211 I dlkm_loader: Loaded kernel module /vendor/lib/modules/virtio_pmem.ko
06-04 11:27:14.012   211   211 I dlkm_loader: Loading module /vendor/lib/modules/virtio_snd.ko with args ''
06-04 11:27:14.012     1     1 I init    : ... started service 'system_suspend' has pid 248
06-04 11:27:14.012     1     1 I init    : starting service 'keystore2'...
06-04 11:27:14.013     1     1 I init    : ... started service 'keystore2' has pid 249
06-04 11:27:14.014     1     1 I init    : starting service 'vendor.keymint-default'...
06-04 11:27:14.014   211   211 I dlkm_loader: Loaded kernel module /vendor/lib/modules/virtio_snd.ko
06-04 11:27:14.014   211   211 I dlkm_loader: Loading module /vendor/lib/modules/virtual-cpufreq.ko with args ''
06-04 11:27:14.015   211   211 I dlkm_loader: Loaded kernel module /vendor/lib/modules/virtual-cpufreq.ko
06-04 11:27:14.015   211   211 I dlkm_loader: module vkms is blocklisted
06-04 11:27:14.015   211   211 E dlkm_loader: LoadWithAliases was unable to load vkms, tried: vkms
06-04 11:27:14.015   211   211 I dlkm_loader: module load count is 54
06-04 11:27:14.017     1     1 I init    : ... started service 'vendor.keymint-default' has pid 250
06-04 11:27:14.017     1     1 I init    : starting service 'vendor.gatekeeper_nonsecure'...
06-04 11:27:14.018     1     1 I init    : ... started service 'vendor.gatekeeper_nonsecure' has pid 251
06-04 11:27:14.018     1     1 I init    : Service 'vendor.dlkm_loader' (pid 211) exited with status 0 oneshot service took 0.160000 seconds in background
06-04 11:27:14.018     1     1 I init    : Sending signal 9 to service 'vendor.dlkm_loader' (pid 211) process group...
06-04 11:27:14.018     1     1 I libprocessgroup: Removed cgroup /sys/fs/cgroup/system/uid_0/pid_211
06-04 11:27:14.018     1     1 I init    : Service 'exec 3 (/system/bin/recovery-refresh)' (pid 247) exited with status 254 oneshot service took 0.007000 seconds in background
06-04 11:27:14.018     1     1 I init    : Sending signal 9 to service 'exec 3 (/system/bin/recovery-refresh)' (pid 247) process group...
06-04 11:27:14.018     1     1 I libprocessgroup: Removed cgroup /sys/fs/cgroup/system/uid_1000/pid_247
06-04 11:27:14.018     1     1 I init    : processing action (late-fs) from (/system/etc/init/hw/init.rc:631)
06-04 11:27:14.018     1     1 I init    : processing action (late-fs) from (/vendor/etc/init/hw/init.ranchu.rc:7)
06-04 11:27:14.019     1     1 I init    : [libfs_mgr] superblock s_max_mnt_count:65535,/dev/block/vdc
06-04 11:27:14.019     1     1 I init    : [libfs_mgr] Enabling quotas on /dev/block/vdc
06-04 11:27:14.019   222   222 I servicemanager: Caller(pid=248,uid=1000,sid=u:r:system_suspend:s0) Found android.system.suspend.ISystemSuspend/default in framework VINTF manifest.
06-04 11:27:14.026     1     1 I tune2fs : tune2fs 1.46.6 (1-Feb-2023)
06-04 11:27:14.040   222   222 I servicemanager: Caller(pid=250,uid=9999,sid=u:r:hal_keymint_default:s0) Found android.hardware.security.keymint.IKeyMintDevice/default in device VINTF manifest.
06-04 11:27:14.040   222   222 I servicemanager: Caller(pid=250,uid=9999,sid=u:r:hal_keymint_default:s0) Found android.hardware.security.secureclock.ISecureClock/default in device VINTF manifest.
06-04 11:27:14.041   222   222 I servicemanager: Caller(pid=250,uid=9999,sid=u:r:hal_keymint_default:s0) Found android.hardware.security.sharedsecret.ISharedSecret/default in device VINTF manifest.
06-04 11:27:14.041   222   222 I servicemanager: Caller(pid=250,uid=9999,sid=u:r:hal_keymint_default:s0) Found android.hardware.security.keymint.IRemotelyProvisionedComponent/default in device VINTF manifest.
06-04 11:27:14.041   222   222 I servicemanager: Caller(pid=251,uid=1000,sid=u:r:hal_gatekeeper_default:s0) Found android.hardware.security.sharedsecret.ISharedSecret/gatekeeper in device VINTF manifest.
06-04 11:27:14.041   222   222 I servicemanager: Caller(pid=251,uid=1000,sid=u:r:hal_gatekeeper_default:s0) Found android.hardware.gatekeeper.IGatekeeper/default in device VINTF manifest.
06-04 11:27:14.054     1     1 I EXT4-fs (vdc): mounted filesystem 57f8f4bc-abf4-655f-bf67-946fc0f9f25b r/w with ordered data mode. Quota mode: journalled.
06-04 11:27:14.056     1     1 I init    : [libfs_mgr] check_fs(): mount(/dev/block/vdc,/data,ext4)=0: Success
06-04 11:27:14.058     1     1 I EXT4-fs (vdc): unmounting filesystem 57f8f4bc-abf4-655f-bf67-946fc0f9f25b.
06-04 11:27:14.055   249   249 I keystore2: system/security/keystore2/src/keystore2_main.rs:61 - Keystore2 is starting.
06-04 11:27:14.056   249   249 I keystore2: system/security/keystore2/src/keystore2_main.rs:67 - Setting up sqlite logging for keystore2
06-04 11:27:14.058   249   258 I keystore2: system/security/keystore2/src/maintenance.rs:294 - start monitoring 'apexd.status' property
06-04 11:27:14.058   249   258 I keystore2: system/security/keystore2/src/maintenance.rs:299 - property 'apexd.status' is now 'Err(SystemPropertyAbsent)'
06-04 11:27:14.058   249   258 I keystore2: system/security/keystore2/src/maintenance.rs:304 - await a change to 'apexd.status'...
06-04 11:27:14.060     1     1 I init    : [libfs_mgr] umount_retry(): unmount(/data) succeeded
06-04 11:27:14.060     1     1 I init    : [libfs_mgr] Running /system/bin/e2fsck on /dev/block/vdc
06-04 11:27:14.059   249   259 I keystore2: system/security/keystore2/src/globals.rs:474 - monitoring for sys.boot_completed=1
06-04 11:27:14.059   249   249 I keystore2: system/security/keystore2/src/keystore2_main.rs:105 - Starting thread pool now.
06-04 11:27:14.060   249   249 I keystore2: system/security/keystore2/src/globals.rs:282 - KeyMint device is current version (Some(400)) for security level: r#TRUSTED_ENVIRONMENT
06-04 11:27:14.062   249   261 I keystore2: system/security/keystore2/src/shared_secret_negotiation.rs:48 - Shared secret negotiation concluded successfully.
06-04 11:27:14.064     1     1 I e2fsck  : e2fsck 1.46.6 (1-Feb-2023)
06-04 11:27:14.065   222   222 I servicemanager: Caller(pid=249,uid=1017,sid=u:r:keystore:s0) Found android.system.keystore2.IKeystoreService/default in framework VINTF manifest.
06-04 11:27:14.063   249   249 I keystore2: system/security/keystore2/src/keystore2_main.rs:160 - Successfully registered Keystore 2.0 service.
06-04 11:27:14.063   249   249 I keystore2: system/security/keystore2/src/keystore2_main.rs:162 - Joining thread pool now.
06-04 11:27:14.063   249   261 I keystore2: system/security/keystore2/src/shared_secret_negotiation.rs:290 - No StrongBox Keymint available, so no RoT transfer
06-04 11:27:14.067     1     1 I e2fsck  : Pass 1: Checking inodes, blocks, and sizes
06-04 11:27:14.071     1     1 I e2fsck  : Pass 2: Checking directory structure
06-04 11:27:14.071     1     1 I e2fsck  : Pass 3: Checking directory connectivity
06-04 11:27:14.072     1     1 I e2fsck  : Pass 4: Checking reference counts
06-04 11:27:14.074     1     1 I e2fsck  : Pass 5: Checking group summary information
06-04 11:27:14.076     1     1 I e2fsck  : /dev/block/vdc: 12/393216 files (0.0% non-contiguous), 52337/1572864 blocks
06-04 11:27:14.077     1     1 I init    : [libfs_mgr] superblock s_max_mnt_count:65535,/dev/block/vdc
06-04 11:27:14.077     1     1 W init    : [libfs_mgr] Reserved blocks 32768 is too large; capping to 31457
06-04 11:27:14.077     1     1 I init    : [libfs_mgr] Setting reserved block count on /dev/block/vdc to 31457
06-04 11:27:14.079     1     1 I tune2fs : tune2fs 1.46.6 (1-Feb-2023)
06-04 11:27:14.079     1     1 I tune2fs : Setting reserved blocks gid to 1065
06-04 11:27:14.079     1     1 I tune2fs : Setting reserved blocks count to 31457
06-04 11:27:14.081     1     1 I init    : [libfs_mgr] Enabling ext4 flags encrypt on /dev/block/vdc
06-04 11:27:14.083     1     1 I tune2fs : tune2fs 1.46.6 (1-Feb-2023)
06-04 11:27:14.085     1     1 I init    : [libfs_mgr] Enabling ext4 verity on /dev/block/vdc
06-04 11:27:14.087     1     1 I tune2fs : tune2fs 1.46.6 (1-Feb-2023)
06-04 11:27:14.089     1     1 I init    : [libfs_mgr] Enabling ext4 casefold on /dev/block/vdc
06-04 11:27:14.091     1     1 I tune2fs : tune2fs 1.46.6 (1-Feb-2023)
06-04 11:27:14.091     1     1 I tune2fs : Setting encoding to 'utf8'
06-04 11:27:14.093     1     1 I init    : Mount point /dev/block/vdc @ /data uses metadata encryption, which means we need to unmount it later and call encryptFstab/encrypt_inplace. To avoid file operations before encryption, we will mount it as read-only first
06-04 11:27:14.093     1     1 W EXT4-fs : Ignoring removed nomblk_io_submit option
06-04 11:27:14.093     1     1 I EXT4-fs (vdc): Using encoding defined by superblock: utf8-12.1.0 with flags 0x0
06-04 11:27:14.094   237   237 D vold    : fscrypt_mount_metadata_encrypted: /data encrypt: 1 format: 0 with ext4 block device: /dev/block/vdc with zoned 0 length: 0
06-04 11:27:14.094   237   237 D vold    : metadata_key_dir/key: /metadata/vold/metadata_encryption/key
06-04 11:27:14.094     1     1 I EXT4-fs (vdc): mounted filesystem 57f8f4bc-abf4-655f-bf67-946fc0f9f25b ro with ordered data mode. Quota mode: journalled.
06-04 11:27:14.094     1     1 I init    : [libfs_mgr] __mount(source=/dev/block/vdc,target=/data,type=ext4)=0: Success
06-04 11:27:14.094     1     1 I EXT4-fs (vdc): unmounting filesystem 57f8f4bc-abf4-655f-bf67-946fc0f9f25b.
06-04 11:27:14.095     1     1 I init    : [libfs_mgr] umount_retry(): unmount(/data) succeeded
06-04 11:27:14.095     1     1 I init    : Calling: /system/bin/vdc cryptfs encryptFstab /dev/block/vdc /data false ext4 false 0
06-04 11:27:14.097   271   271 W vdc     : Thread Pool max thread count is 0. Cannot cache binder as linkToDeath cannot be implemented. serviceName: vold
06-04 11:27:14.097   271   271 D vdc     : Waited 0ms for vold
06-04 11:27:14.095   237   237 D vold    : Created directory /metadata/vold/metadata_encryption
06-04 11:27:14.095   237   237 D vold    : Metadata key does not exist but ro.crypto.metadata_init_delete_all_keys.enabled is false
06-04 11:27:14.095   237   237 I vold    : Creating new key in /metadata/vold/metadata_encryption/key
06-04 11:27:14.095   237   237 D vold    : Generating standard storage key
06-04 11:27:14.097   237   237 D vold    : Generating "key storage" key
06-04 11:27:14.098   249   249 I keystore2: system/security/keystore2/src/audit_log.rs:38 - Not logging audit event for key with domain r#BLOB
06-04 11:27:14.098   249   249 E keystore2: system/security/keystore2/src/error.rs:183 - system/security/keystore2/src/security_level.rs:680
06-04 11:27:14.098   249   249 E keystore2: 
06-04 11:27:14.098   249   249 E keystore2: Caused by:
06-04 11:27:14.098   249   249 E keystore2:     0: system/security/keystore2/src/security_level.rs:674: While generating without a provided attestation key and params: [KeyParameter { tag: r#ALGORITHM, value: Algorithm(r#AES) }, KeyParameter { tag: r#KEY_SIZE, value: Integer(256) }, KeyParameter { tag: r#PURPOSE, value: KeyPurpose(r#ENCRYPT) }, KeyParameter { tag: r#PURPOSE, value: KeyPurpose(r#DECRYPT) }, KeyParameter { tag: r#BLOCK_MODE, value: BlockMode(r#GCM) }, KeyParameter { tag: r#PADDING, value: PaddingMode(r#NONE) }, KeyParameter { tag: r#MIN_MAC_LENGTH, value: Integer(128) }, KeyParameter { tag: r#NO_AUTH_REQUIRED, value: BoolValue(true) }, KeyParameter { tag: r#ROLLBACK_RESISTANCE, value: BoolValue(true) }, KeyParameter { tag: r#CREATION_DATETIME, value: DateTime(1749025634098) }].
06-04 11:27:14.098   249   249 E keystore2:     1: Error::Km(r#ROLLBACK_RESISTANCE_UNAVAILABLE)
06-04 11:27:14.099   237   237 E vold    : keystore2 Keystore generateKey returned service specific error: -67
06-04 11:27:14.099   237   237 W vold    : Failed to generate rollback-resistant key.  This is expected if keystore doesn't support rollback resistance.  Falling back to non-rollback-resistant key.
06-04 11:27:14.099   249   249 I keystore2: system/security/keystore2/src/audit_log.rs:38 - Not logging audit event for key with domain r#BLOB
06-04 11:27:14.101   237   237 D vold    : Stored key /metadata/vold/metadata_encryption/key
06-04 11:27:14.102   237   237 E vold    : keystore2 Keystore generateKey returned service specific error: -67
06-04 11:27:14.102   237   237 W vold    : Failed to generate rollback-resistant key.  This is expected if keystore doesn't support rollback resistance.  Falling back to non-rollback-resistant key.
06-04 11:27:14.103   237   237 I vold    : Marked metadata encryption in progress (/metadata/vold/metadata_encryption/in_progress)
06-04 11:27:14.103   237   237 D vold    : encrypt_inplace(/dev/block/mapper/userdata, /dev/block/vdc, 12582912)
06-04 11:27:14.103   237   237 D vold    : ext4 filesystem has 48 block groups
06-04 11:27:14.103   237   237 I vold    : Encrypting ext4 filesystem on /dev/block/vdc in-place via /dev/block/mapper/userdata
06-04 11:27:14.103   237   237 I vold    : 52337 blocks (214 MB) of 1572864 blocks are in-use
06-04 11:27:14.137   237   237 D vold    : Encrypted 10000 of 52337 blocks
06-04 11:27:14.168   237   237 D vold    : Encrypted 20000 of 52337 blocks
06-04 11:27:14.203   237   237 D vold    : Encrypted 30000 of 52337 blocks
06-04 11:27:14.243   237   237 D vold    : Encrypted 40000 of 52337 blocks
06-04 11:27:14.283   237   237 D vold    : Encrypted 50000 of 52337 blocks
06-04 11:27:14.431   237   237 D vold    : Encrypted 52337 of 52337 blocks
06-04 11:27:14.431   237   237 I vold    : Successfully encrypted ext4 filesystem on /dev/block/vdc
06-04 11:27:14.440   237   237 I vold    : Cleared metadata encryption in progress (/metadata/vold/metadata_encryption/in_progress)
06-04 11:27:14.440   237   237 D vold    : Mounting metadata-encrypted filesystem:/data
06-04 11:27:14.440   237   237 I vold    : AIDL IBootControl not available, falling back to HIDL.
06-04 11:27:14.441   237   237 E vold    : Error getting bootctrl v1.0 module.
06-04 11:27:14.444   222   222 I servicemanager: Caller(pid=237,uid=0,sid=u:r:vold:s0) Could not find android.hardware.boot.IBootControl/default in the VINTF manifest. No alternative instances declared in VINTF.
06-04 11:27:14.444   237   237 E vold    : Error getting bootctrl v1.0 module.
06-04 11:27:14.441   237   237 I vold    : [libfs_mgr] superblock s_max_mnt_count:65535,/dev/block/mapper/userdata
06-04 11:27:14.445   237   237 I EXT4-fs (dm-53): Using encoding defined by superblock: utf8-12.1.0 with flags 0x0
06-04 11:27:14.443   237   237 I vold    : [libfs_mgr] check_fs(): mount(/dev/block/mapper/userdata,/data,ext4)=0: Success
06-04 11:27:14.445   237   237 I vold    : [libfs_mgr] umount_retry(): unmount(/data) succeeded
06-04 11:27:14.445   237   237 I vold    : [libfs_mgr] Running /system/bin/e2fsck on /dev/block/dm-53
06-04 11:27:14.447   237   237 I EXT4-fs (dm-53): mounted filesystem 57f8f4bc-abf4-655f-bf67-946fc0f9f25b r/w with ordered data mode. Quota mode: journalled.
06-04 11:27:14.447   237   237 I EXT4-fs (dm-53): unmounting filesystem 57f8f4bc-abf4-655f-bf67-946fc0f9f25b.
06-04 11:27:14.451   237   237 I e2fsck  : e2fsck 1.46.6 (1-Feb-2023)
06-04 11:27:14.450   237   237 I vold    : [libfs_mgr] superblock s_max_mnt_count:65535,/dev/block/mapper/userdata
06-04 11:27:14.452   237   237 I e2fsck  : /dev/block/mapper/userdata: clean, 12/393216 files, 52337/1572864 blocks
06-04 11:27:14.450   237   237 W vold    : [libfs_mgr] Reserved blocks 32768 is too large; capping to 31457
06-04 11:27:14.453    94    94 E init    : Unable to set property 'ro.boottime.init.fsck.data' from uid:0 gid:0 pid:237: Read-only property was already set
06-04 11:27:14.453   237   237 W vold    : [libfs_mgr] Reserved blocks 32768 is too large; capping to 31457
06-04 11:27:14.453   237   237 W EXT4-fs : Ignoring removed nomblk_io_submit option
06-04 11:27:14.453   237   237 I EXT4-fs (dm-53): Using encoding defined by superblock: utf8-12.1.0 with flags 0x0
06-04 11:27:14.452   237   237 I vold    : [libfs_mgr] __mount(source=/dev/block/mapper/userdata,target=/data,type=ext4)=0: Success
06-04 11:27:14.452   237   237 D vold    : Mounted /data
06-04 11:27:14.455   237   237 I EXT4-fs (dm-53): mounted filesystem 57f8f4bc-abf4-655f-bf67-946fc0f9f25b r/w with ordered data mode. Quota mode: journalled.
06-04 11:27:14.455    94    94 E init    : Unable to set property 'ro.boottime.init.mount.data' from uid:0 gid:0 pid:237: Read-only property was already set
06-04 11:27:14.457     1     1 I init    : Command 'mount_all /vendor/etc/fstab.ranchu --late' action=late-fs (/vendor/etc/init/hw/init.ranchu.rc:9) took 439ms and succeeded
06-04 11:27:14.458   237   237 I Checkpoint: cp_prepareCheckpoint called
06-04 11:27:14.458     1     1 I init    : processing action (post-fs-data) from (/system/etc/init/hw/init.rc:645)
06-04 11:27:14.458     1     1 I init    : starting service 'exec 4 (/system/bin/vdc checkpoint prepareCheckpoint)'...
06-04 11:27:14.459     1     1 I init    : ... started service 'exec 4 (/system/bin/vdc checkpoint prepareCheckpoint)' has pid 280
06-04 11:27:14.459     1     1 I init    : SVC_EXEC service 'exec 4 (/system/bin/vdc checkpoint prepareCheckpoint)' pid 280 (uid 1000 gid 1000+0 context default) started; waiting...
06-04 11:27:14.462     1     1 I init    : Service 'exec 4 (/system/bin/vdc checkpoint prepareCheckpoint)' (pid 280) exited with status 0 waiting took 0.003000 seconds
06-04 11:27:14.462     1     1 I init    : Sending signal 9 to service 'exec 4 (/system/bin/vdc checkpoint prepareCheckpoint)' (pid 280) process group...
06-04 11:27:14.462     1     1 I libprocessgroup: Removed cgroup /sys/fs/cgroup/system/uid_1000/pid_280
06-04 11:27:14.463     1     1 I init    : starting service 'exec 5 (/system/bin/vdc --wait cryptfs enablefilecrypto)'...
06-04 11:27:14.464     1     1 I init    : ... started service 'exec 5 (/system/bin/vdc --wait cryptfs enablefilecrypto)' has pid 281
06-04 11:27:14.464     1     1 I init    : SVC_EXEC service 'exec 5 (/system/bin/vdc --wait cryptfs enablefilecrypto)' pid 281 (uid 0 gid 0+0 context default) started; waiting...
06-04 11:27:14.466   281   281 W vdc     : Thread Pool max thread count is 0. Cannot cache binder as linkToDeath cannot be implemented. serviceName: vold
06-04 11:27:14.466   281   281 D vdc     : Waited 0ms for vold
06-04 11:27:14.463   237   237 I vold    : fscrypt_initialize_systemwide_keys
06-04 11:27:14.463   237   237 I vold    : Creating new key in /data/unencrypted/key
06-04 11:27:14.463   237   237 D vold    : Generating standard storage key
06-04 11:27:14.465   237   237 D vold    : Generating "key storage" key
06-04 11:27:14.465   249   249 I keystore2: system/security/keystore2/src/audit_log.rs:38 - Not logging audit event for key with domain r#BLOB
06-04 11:27:14.465   249   249 E keystore2: system/security/keystore2/src/error.rs:183 - system/security/keystore2/src/security_level.rs:680
06-04 11:27:14.465   249   249 E keystore2: 
06-04 11:27:14.465   249   249 E keystore2: Caused by:
06-04 11:27:14.465   249   249 E keystore2:     0: system/security/keystore2/src/security_level.rs:674: While generating without a provided attestation key and params: [KeyParameter { tag: r#ALGORITHM, value: Algorithm(r#AES) }, KeyParameter { tag: r#KEY_SIZE, value: Integer(256) }, KeyParameter { tag: r#PURPOSE, value: KeyPurpose(r#ENCRYPT) }, KeyParameter { tag: r#PURPOSE, value: KeyPurpose(r#DECRYPT) }, KeyParameter { tag: r#BLOCK_MODE, value: BlockMode(r#GCM) }, KeyParameter { tag: r#PADDING, value: PaddingMode(r#NONE) }, KeyParameter { tag: r#MIN_MAC_LENGTH, value: Integer(128) }, KeyParameter { tag: r#NO_AUTH_REQUIRED, value: BoolValue(true) }, KeyParameter { tag: r#ROLLBACK_RESISTANCE, value: BoolValue(true) }, KeyParameter { tag: r#CREATION_DATETIME, value: DateTime(1749025634465) }].
06-04 11:27:14.465   249   249 E keystore2:     1: Error::Km(r#ROLLBACK_RESISTANCE_UNAVAILABLE)
06-04 11:27:14.466   237   237 E vold    : keystore2 Keystore generateKey returned service specific error: -67
06-04 11:27:14.466   237   237 W vold    : Failed to generate rollback-resistant key.  This is expected if keystore doesn't support rollback resistance.  Falling back to non-rollback-resistant key.
06-04 11:27:14.466   249   249 I keystore2: system/security/keystore2/src/audit_log.rs:38 - Not logging audit event for key with domain r#BLOB
06-04 11:27:14.469   237   237 E vold    : keystore2 Keystore generateKey returned service specific error: -67
06-04 11:27:14.469   237   237 W vold    : Failed to generate rollback-resistant key.  This is expected if keystore doesn't support rollback resistance.  Falling back to non-rollback-resistant key.
06-04 11:27:14.470   237   237 D vold    : Stored key /data/unencrypted/key
06-04 11:27:14.470   237   237 D vold    : Installed fscrypt key with ref 682392fda0d0848a9c06fcfd3a23dda2 to /data
06-04 11:27:14.472   237   237 I vold    : Wrote system DE key reference to:/data/unencrypted/ref
06-04 11:27:14.472   237   237 D vold    : Generating standard storage key
06-04 11:27:14.472   237   237 D vold    : Installed fscrypt key with ref a45f68720b5d229f41091016d566cb38 to /data
06-04 11:27:14.473   237   237 I vold    : Wrote per boot key reference to:/data/unencrypted/per_boot_ref
06-04 11:27:14.476     1     1 I init    : Service 'exec 5 (/system/bin/vdc --wait cryptfs enablefilecrypto)' (pid 281) exited with status 0 waiting took 0.012000 seconds
06-04 11:27:14.476     1     1 I init    : Sending signal 9 to service 'exec 5 (/system/bin/vdc --wait cryptfs enablefilecrypto)' (pid 281) process group...
06-04 11:27:14.477     1     1 I libprocessgroup: Removed cgroup /sys/fs/cgroup/system/uid_0/pid_281
06-04 11:27:14.477     1     1 I init    : Encryption policy of /data/bootchart set to 682392fda0d0848a9c06fcfd3a23dda2 v2 modes 1/4 flags 0x2
06-04 11:27:14.477     1     1 I fscrypt : AES-256-CTS-CBC using implementation "cts-cbc-aes-ce"
06-04 11:27:14.477     1     1 I init    : Command 'copy /data/system/entropy.dat /dev/urandom' action=post-fs-data (/system/etc/init/hw/init.rc:665) took 0ms and failed: Could not read input file '/data/system/entropy.dat': open() failed: No such file or directory
06-04 11:27:14.477     1     1 I init    : Encryption policy of /data/vendor set to 682392fda0d0848a9c06fcfd3a23dda2 v2 modes 1/4 flags 0x2
06-04 11:27:14.478     1     1 I init    : Encryption policy of /data/anr set to 682392fda0d0848a9c06fcfd3a23dda2 v2 modes 1/4 flags 0x2
06-04 11:27:14.478     1     1 I init    : Encryption policy of /data/tombstones set to 682392fda0d0848a9c06fcfd3a23dda2 v2 modes 1/4 flags 0x2
06-04 11:27:14.478     1     1 I init    : starting service 'tombstoned'...
06-04 11:27:14.478     1     1 I init    : Created socket '/dev/socket/tombstoned_crash', mode 666, user 1000, group 1000
06-04 11:27:14.478     1     1 I init    : Created socket '/dev/socket/tombstoned_intercept', mode 666, user 1000, group 1000
06-04 11:27:14.478     1     1 I init    : Created socket '/dev/socket/tombstoned_java_trace', mode 666, user 1000, group 1000
06-04 11:27:14.479     1     1 I init    : ... started service 'tombstoned' has pid 283
06-04 11:27:14.479     1     1 I init    : Switched to default mount namespace
06-04 11:27:14.480     1     1 I init    : Encryption policy of /data/misc set to 682392fda0d0848a9c06fcfd3a23dda2 v2 modes 1/4 flags 0x2
06-04 11:27:14.480     1     1 I init    : starting service 'exec 6 (/system/bin/vdc keymaster earlyBootEnded)'...
06-04 11:27:14.480     1     1 I init    : ... started service 'exec 6 (/system/bin/vdc keymaster earlyBootEnded)' has pid 284
06-04 11:27:14.480     1     1 I init    : SVC_EXEC service 'exec 6 (/system/bin/vdc keymaster earlyBootEnded)' pid 284 (uid 1000 gid 1000+0 context default) started; waiting...
06-04 11:27:14.480   237   237 I incfs   : Initial API level of the device: 35
06-04 11:27:14.480   237   237 I incfs   : ro.incremental.enable: yes
06-04 11:27:14.480   237   237 I incfs   : isFsAvailable: true
06-04 11:27:14.480   237   237 I incfs   : isFsAvailable: true
06-04 11:27:14.480   237   237 I incfs   : IncFs_Features: v2
06-04 11:27:14.480   249   249 I keystore2: system/security/keystore2/src/maintenance.rs:613 - earlyBootEnded()
06-04 11:27:14.480   249   249 I keystore2: system/security/keystore2/src/maintenance.rs:243 - In early_boot_ended.
06-04 11:27:14.489   285   285 I fscrypt : AES-256-XTS using implementation "xts-aes-ce"
06-04 11:27:14.489   249   249 E keystore2: system/security/keystore2/src/keystore2_main.rs:69 - [SQLITE3] 17: statement aborts at 29: [CREATE TABLE IF NOT EXISTS persistent.version (
06-04 11:27:14.489   249   249 E keystore2:                 id INTEGER PRIMARY KEY,
06-04 11:27:14.489   249   249 E keystore2:                 version INTEGER);] database schema has changed
06-04 11:27:14.489   249   249 I keystore2: system/security/keystore2/src/globals.rs:81 - Touching Keystore 2.0 database for this first time since boot.
06-04 11:27:14.489   249   249 I keystore2: system/security/keystore2/src/globals.rs:82 - Calling cleanup leftovers.
06-04 11:27:14.489   249   249 I keystore2: system/security/keystore2/src/boot_level_keys.rs:57 - ro.keystore.boot_level_key.strategy not set, inferring from installed KM instances
06-04 11:27:14.489   249   249 I keystore2: system/security/keystore2/src/boot_level_keys.rs:115 - In get_level_zero_key: security_level=r#SOFTWARE, deny_later_strategy=EarlyBootOnly
06-04 11:27:14.489   249   285 I keystore2: system/security/keystore2/src/gc.rs:147 - skip GC as boot not completed
06-04 11:27:14.491   249   249 I keystore2: system/security/keystore2/src/super_key.rs:305 - Starting boot level watcher.
06-04 11:27:14.491   249   286 I keystore2: system/security/keystore2/src/super_key.rs:337 - Read keystore.boot_level value 30
06-04 11:27:14.491   249   249 I keystore2: system/security/keystore2/src/maintenance.rs:214 - Call to earlyBootEnded succeeded for security level TRUSTED_ENVIRONMENT.
06-04 11:27:14.491   249   286 I keystore2: system/security/keystore2/src/super_key.rs:337 - Read keystore.boot_level value 30
06-04 11:27:14.492   249   249 I keystore2: system/security/keystore2/src/maintenance.rs:224 - Call to earlyBootEnded failed for StrongBox as it is not available
06-04 11:27:14.496     1     1 I init    : Service 'exec 6 (/system/bin/vdc keymaster earlyBootEnded)' (pid 284) exited with status 0 waiting took 0.015000 seconds
06-04 11:27:14.496     1     1 I init    : Sending signal 9 to service 'exec 6 (/system/bin/vdc keymaster earlyBootEnded)' (pid 284) process group...
06-04 11:27:14.496     1     1 I libprocessgroup: Removed cgroup /sys/fs/cgroup/system/uid_1000/pid_284
06-04 11:27:14.496     1     1 I init    : Encryption policy of /data/property set to 682392fda0d0848a9c06fcfd3a23dda2 v2 modes 1/4 flags 0x2
06-04 11:27:14.496    93    93 E init    : Could not load single persistent property file, trying legacy directory: Unable to read persistent property file: open() failed: No such file or directory
06-04 11:27:14.497    93    93 I init    : Wait for property 'ro.persistent_properties.ready=true' took 1ms
06-04 11:27:14.497     1     1 I init    : service 'logd' requested start, but it is already running (flags: 4)
06-04 11:27:14.497     1     1 I init    : starting service 'logd-reinit'...
06-04 11:27:14.498   249   258 I keystore2: system/security/keystore2/src/maintenance.rs:306 - await a change to 'apexd.status'...notified
06-04 11:27:14.498   249   258 I keystore2: system/security/keystore2/src/maintenance.rs:299 - property 'apexd.status' is now 'Ok("")'
06-04 11:27:14.498   249   258 I keystore2: system/security/keystore2/src/maintenance.rs:304 - await a change to 'apexd.status'...
06-04 11:27:14.500   234   234 I logd    : logd reinit
06-04 11:27:14.500   234   234 E logd    : Cannot read /data/misc/logd/event-log-tags
06-04 11:27:14.500     1     1 I init    : ... started service 'logd-reinit' has pid 287
06-04 11:27:14.500     1     1 I init    : Not setting encryption policy on: /data/apex
06-04 11:27:14.500   234   234 E logd    : FrameworkListener: read() failed (Connection reset by peer)
06-04 11:27:14.500     1     1 I init    : Service 'logd-reinit' (pid 287) exited with status 0 oneshot service took 0.003000 seconds in background
06-04 11:27:14.500     1     1 I init    : Sending signal 9 to service 'logd-reinit' (pid 287) process group...
06-04 11:27:14.500     1     1 I libprocessgroup: Removed cgroup /sys/fs/cgroup/system/uid_1036/pid_287
06-04 11:27:14.501     1     1 I init    : Encryption policy of /data/apex/decompressed set to 682392fda0d0848a9c06fcfd3a23dda2 v2 modes 1/4 flags 0x2
06-04 11:27:14.501     1     1 I init    : Encryption policy of /data/app-staging set to 682392fda0d0848a9c06fcfd3a23dda2 v2 modes 1/4 flags 0x2
06-04 11:27:14.501     1     1 I init    : Encryption policy of /data/apex/ota_reserved set to 682392fda0d0848a9c06fcfd3a23dda2 v2 modes 1/4 flags 0x2
06-04 11:27:14.501     1     1 I init    : starting service 'apexd'...
06-04 11:27:14.502     1     1 I init    : ... started service 'apexd' has pid 288
06-04 11:27:14.502     1     1 I init    : Command 'copy /data/misc/recovery/ro.build.fingerprint /data/misc/recovery/ro.build.fingerprint.1' action=post-fs-data (/system/etc/init/hw/init.rc:737) took 0ms and failed: Could not read input file '/data/misc/recovery/ro.build.fingerprint': open() failed: No such file or directory
06-04 11:27:14.502     1     1 I init    : Command 'copy /data/misc/recovery/proc/version /data/misc/recovery/proc/version.1' action=post-fs-data (/system/etc/init/hw/init.rc:744) took 0ms and failed: Could not read input file '/data/misc/recovery/proc/version': open() failed: No such file or directory
06-04 11:27:14.504     1     1 I init    : Encryption policy of /data/local set to 682392fda0d0848a9c06fcfd3a23dda2 v2 modes 1/4 flags 0x2
06-04 11:27:14.505     1     1 I init    : starting service 'exec 7 (/bin/rm -rf /data/misc/virtualizationservice)'...
06-04 11:27:14.506     1     1 I init    : ... started service 'exec 7 (/bin/rm -rf /data/misc/virtualizationservice)' has pid 289
06-04 11:27:14.506     1     1 I init    : SVC_EXEC service 'exec 7 (/bin/rm -rf /data/misc/virtualizationservice)' pid 289 (uid 1081 gid 1000+0 context default) started; waiting...
06-04 11:27:14.506   288   288 I apexd   : Started. subcommand = (null)
06-04 11:27:14.507   288   288 W apexd   : Thread Pool max thread count is 0. Cannot cache binder as linkToDeath cannot be implemented. serviceName: vold
06-04 11:27:14.507   288   288 I apexd   : Scanning /odm/apex for pre-installed ApexFiles
06-04 11:27:14.507   288   288 W apexd   : /odm/apex does not exist. Skipping
06-04 11:27:14.507   288   288 I apexd   : Scanning /vendor/apex for pre-installed ApexFiles
06-04 11:27:14.507   288   288 I apexd   : Found pre-installed APEX /vendor/apex/com.android.hardware.authsecret.apex
06-04 11:27:14.507   288   288 I apexd   : Found pre-installed APEX /vendor/apex/com.android.hardware.threadnetwork-simulation-rcp.apex
06-04 11:27:14.507   288   288 I apexd   : Found pre-installed APEX /vendor/apex/com.android.hardware.cas.apex
06-04 11:27:14.507   288   288 I apexd   : Found pre-installed APEX /vendor/apex/com.android.hardware.gatekeeper.nonsecure.apex
06-04 11:27:14.507   288   288 I apexd   : Found pre-installed APEX /vendor/apex/com.android.hardware.neuralnetworks.apex
06-04 11:27:14.506   249   258 I keystore2: system/security/keystore2/src/maintenance.rs:306 - await a change to 'apexd.status'...notified
06-04 11:27:14.507   288   288 I apexd   : Found pre-installed APEX /vendor/apex/com.google.android.widevine-13130248.apex
06-04 11:27:14.507   288   288 I apexd   : Found pre-installed APEX /vendor/apex/com.android.hardware.thermal.apex
06-04 11:27:14.507   288   288 I apexd   : Found pre-installed APEX /vendor/apex/com.android.hardware.power.apex
06-04 11:27:14.506   249   258 I keystore2: system/security/keystore2/src/maintenance.rs:299 - property 'apexd.status' is now 'Ok("starting")'
06-04 11:27:14.507   288   288 I apexd   : Found pre-installed APEX /vendor/apex/com.android.hardware.contexthub.apex
06-04 11:27:14.506   249   258 I keystore2: system/security/keystore2/src/maintenance.rs:304 - await a change to 'apexd.status'...
06-04 11:27:14.507   288   288 I apexd   : Found pre-installed APEX /vendor/apex/com.android.hardware.uwb.apex
06-04 11:27:14.507   288   288 I apexd   : Found pre-installed APEX /vendor/apex/com.android.hardware.rebootescrow.apex
06-04 11:27:14.507   288   288 I apexd   : Found pre-installed APEX /vendor/apex/com.android.hardware.dumpstate.apex
06-04 11:27:14.507   288   288 I apexd   : Found pre-installed APEX /vendor/apex/com.android.hardware.vibrator.apex
06-04 11:27:14.507   288   288 I apexd   : Scanning /product/apex for pre-installed ApexFiles
06-04 11:27:14.507   288   288 W apexd   : /product/apex does not exist. Skipping
06-04 11:27:14.507   288   288 I apexd   : Scanning /system_ext/apex for pre-installed ApexFiles
06-04 11:27:14.507   288   288 W apexd   : /system_ext/apex does not exist. Skipping
06-04 11:27:14.507   288   288 I apexd   : Scanning /system/apex for pre-installed ApexFiles
06-04 11:27:14.507   288   288 I apexd   : Found pre-installed APEX /system/apex/com.google.android.neuralnetworks.apex
06-04 11:27:14.507   288   288 I apexd   : Found pre-installed APEX /system/apex/com.google.android.nfcservices.apex
06-04 11:27:14.507   288   288 I apexd   : Found pre-installed APEX /system/apex/com.android.runtime.apex
06-04 11:27:14.507   288   288 I apexd   : Found pre-installed APEX /system/apex/com.google.android.permission.apex
06-04 11:27:14.507   288   288 I apexd   : Found pre-installed APEX /system/apex/com.google.android.adbd.apex
06-04 11:27:14.507   288   288 I apexd   : Found pre-installed APEX /system/apex/com.android.devicelock.apex
06-04 11:27:14.507   288   288 I apexd   : Found pre-installed APEX /system/apex/com.google.android.tzdata6.apex
06-04 11:27:14.507   288   288 I apexd   : Found pre-installed APEX /system/apex/com.android.i18n.apex
06-04 11:27:14.507   288   288 I apexd   : Found pre-installed APEX /system/apex/com.google.android.resolv.apex
06-04 11:27:14.507   288   288 I apexd   : Found pre-installed APEX /system/apex/com.google.android.sdkext.apex
06-04 11:27:14.507   288   288 I apexd   : Found pre-installed APEX /system/apex/com.google.android.ipsec.apex
06-04 11:27:14.507   288   288 I apexd   : Found pre-installed APEX /system/apex/com.google.android.appsearch.apex
06-04 11:27:14.507   288   288 I apexd   : Found pre-installed APEX /system/apex/com.google.android.tethering.apex
06-04 11:27:14.507   288   288 I apexd   : Found pre-installed APEX /system/apex/com.google.android.media.swcodec.apex
06-04 11:27:14.507   288   288 I apexd   : Found pre-installed APEX /system/apex/com.google.android.extservices.apex
06-04 11:27:14.507   288   288 I apexd   : Found pre-installed APEX /system/apex/com.google.android.rkpd.apex
06-04 11:27:14.507   288   288 I apexd   : Found pre-installed APEX /system/apex/com.google.android.art.apex
06-04 11:27:14.507   288   288 I apexd   : Found pre-installed APEX /system/apex/com.android.apex.cts.shim.apex
06-04 11:27:14.507   288   288 I apexd   : Found pre-installed APEX /system/apex/com.google.android.wifi.apex
06-04 11:27:14.507   288   288 I apexd   : Found pre-installed APEX /system/apex/com.google.android.uwb.apex
06-04 11:27:14.507   288   288 I apexd   : Found pre-installed APEX /system/apex/com.google.android.adservices.apex
06-04 11:27:14.507   288   288 I apexd   : Found pre-installed APEX /system/apex/com.google.android.ondevicepersonalization.apex
06-04 11:27:14.507   288   288 I apexd   : Found pre-installed APEX /system/apex/com.google.android.mediaprovider.apex
06-04 11:27:14.507   288   288 I apexd   : Found pre-installed APEX /system/apex/com.google.android.healthfitness.apex
06-04 11:27:14.507   288   288 I apexd   : Found pre-installed APEX /system/apex/com.google.android.cellbroadcast.apex
06-04 11:27:14.507   288   288 I apexd   : Found pre-installed APEX /system/apex/com.android.virt.apex
06-04 11:27:14.507   288   288 I apexd   : Found pre-installed APEX /system/apex/com.google.android.scheduling.apex
06-04 11:27:14.507   288   288 I apexd   : Found pre-installed APEX /system/apex/com.google.android.profiling.apex
06-04 11:27:14.507   288   288 I apexd   : Found pre-installed APEX /system/apex/com.google.android.media.apex
06-04 11:27:14.507   288   288 I apexd   : Found pre-installed APEX /system/apex/com.google.android.crashrecovery.apex
06-04 11:27:14.507   288   288 I apexd   : Found pre-installed APEX /system/apex/com.google.android.bt.apex
06-04 11:27:14.507   288   288 I apexd   : Found pre-installed APEX /system/apex/com.google.android.os.statsd.apex
06-04 11:27:14.507   288   288 I apexd   : Found pre-installed APEX /system/apex/com.google.android.uprobestats.apex
06-04 11:27:14.507   288   288 I apexd   : Found pre-installed APEX /system/apex/com.google.android.configinfrastructure.apex
06-04 11:27:14.507   288   288 I apexd   : Found pre-installed APEX /system/apex/com.google.android.conscrypt.apex
06-04 11:27:14.509   288   288 I apexd   : Populating APEX database from mounts...
06-04 11:27:14.509   288   288 I apexd   : 0 packages restored.
06-04 11:27:14.509   288   288 I apexd   : Marking APEXd as starting
06-04 11:27:14.509   288   288 I apexd   : Scanning /metadata/apex/sessions looking for sessions to be activated.
06-04 11:27:14.509   288   288 I apexd   : Scanning /data/apex/active for data ApexFiles
06-04 11:27:14.509   288   288 I apexd   : Selecting APEX for activation
06-04 11:27:14.509   288   288 I apexd   : Processing compressed APEX
06-04 11:27:14.509   288   288 I apexd   : Processing compressed APEX /system/apex/com.google.android.mediaprovider.apex
06-04 11:27:14.509   288   288 I apexd   : Decompressing/system/apex/com.google.android.mediaprovider.apex to /data/apex/decompressed/com.android.mediaprovider@360526000.decompressed.apex
06-04 11:27:14.510     1     1 I init    : Service 'exec 7 (/bin/rm -rf /data/misc/virtualizationservice)' (pid 289) exited with status 0 waiting took 0.004000 seconds
06-04 11:27:14.510     1     1 I init    : Sending signal 9 to service 'exec 7 (/bin/rm -rf /data/misc/virtualizationservice)' (pid 289) process group...
06-04 11:27:14.510     1     1 I libprocessgroup: Removed cgroup /sys/fs/cgroup/system/uid_1081/pid_289
06-04 11:27:14.510     1     1 I init    : Not setting encryption policy on: /data/preloads
06-04 11:27:14.510     1     1 I init    : Encryption policy of /data/app-private set to 682392fda0d0848a9c06fcfd3a23dda2 v2 modes 1/4 flags 0x2
06-04 11:27:14.511     1     1 I init    : Encryption policy of /data/app-ephemeral set to 682392fda0d0848a9c06fcfd3a23dda2 v2 modes 1/4 flags 0x2
06-04 11:27:14.511     1     1 I init    : Encryption policy of /data/app-asec set to 682392fda0d0848a9c06fcfd3a23dda2 v2 modes 1/4 flags 0x2
06-04 11:27:14.511     1     1 I init    : Encryption policy of /data/app-lib set to 682392fda0d0848a9c06fcfd3a23dda2 v2 modes 1/4 flags 0x2
06-04 11:27:14.511     1     1 I init    : Encryption policy of /data/app set to 682392fda0d0848a9c06fcfd3a23dda2 v2 modes 1/4 flags 0x2
06-04 11:27:14.511     1     1 I init    : Encryption policy of /data/app-metadata set to 682392fda0d0848a9c06fcfd3a23dda2 v2 modes 1/4 flags 0x2
06-04 11:27:14.511     1     1 I init    : Encryption policy of /data/fonts set to 682392fda0d0848a9c06fcfd3a23dda2 v2 modes 1/4 flags 0x2
06-04 11:27:14.512     1     1 I init    : Encryption policy of /data/dalvik-cache set to 682392fda0d0848a9c06fcfd3a23dda2 v2 modes 1/4 flags 0x2
06-04 11:27:14.512     1     1 I init    : Encryption policy of /data/ota set to 682392fda0d0848a9c06fcfd3a23dda2 v2 modes 1/4 flags 0x2
06-04 11:27:14.512     1     1 I init    : Encryption policy of /data/ota_package set to 682392fda0d0848a9c06fcfd3a23dda2 v2 modes 1/4 flags 0x2
06-04 11:27:14.512     1     1 I init    : Encryption policy of /data/resource-cache set to 682392fda0d0848a9c06fcfd3a23dda2 v2 modes 1/4 flags 0x2
06-04 11:27:14.512     1     1 I init    : Not setting encryption policy on: /data/lost+found
06-04 11:27:14.512     1     1 I init    : Encryption policy of /data/drm set to 682392fda0d0848a9c06fcfd3a23dda2 v2 modes 1/4 flags 0x2
06-04 11:27:14.512     1     1 I init    : Encryption policy of /data/mediadrm set to 682392fda0d0848a9c06fcfd3a23dda2 v2 modes 1/4 flags 0x2
06-04 11:27:14.512     1     1 I init    : Encryption policy of /data/nfc set to 682392fda0d0848a9c06fcfd3a23dda2 v2 modes 1/4 flags 0x2
06-04 11:27:14.512     1     1 I init    : Encryption policy of /data/backup set to 682392fda0d0848a9c06fcfd3a23dda2 v2 modes 1/4 flags 0x2
06-04 11:27:14.513     1     1 I init    : Encryption policy of /data/ss set to 682392fda0d0848a9c06fcfd3a23dda2 v2 modes 1/4 flags 0x2
06-04 11:27:14.513     1     1 I init    : Encryption policy of /data/system set to 682392fda0d0848a9c06fcfd3a23dda2 v2 modes 1/4 flags 0x2
06-04 11:27:14.513     1     1 I init    : Not setting encryption policy on: /data/media
06-04 11:27:14.513     1     1 I init    : Not setting encryption policy on: /data/misc_ce
06-04 11:27:14.513     1     1 I init    : Not setting encryption policy on: /data/misc_de
06-04 11:27:14.513     1     1 I init    : Not setting encryption policy on: /data/system_ce
06-04 11:27:14.513     1     1 I init    : Not setting encryption policy on: /data/system_de
06-04 11:27:14.513     1     1 I init    : Not setting encryption policy on: /data/user
06-04 11:27:14.513     1     1 I init    : Not setting encryption policy on: /data/user_de
06-04 11:27:14.513     1     1 I init    : Not setting encryption policy on: /data/vendor_ce
06-04 11:27:14.513     1     1 I init    : Not setting encryption policy on: /data/vendor_de
06-04 11:27:14.513     1     1 I init    : Not setting encryption policy on: /data/storage_area
06-04 11:27:14.513     1     1 I init    : starting service 'exec 8 (/system/bin/chattr +F /data/media)'...
06-04 11:27:14.514     1     1 I init    : ... started service 'exec 8 (/system/bin/chattr +F /data/media)' has pid 290
06-04 11:27:14.514     1     1 I init    : SVC_EXEC service 'exec 8 (/system/bin/chattr +F /data/media)' pid 290 (uid 1023 gid 1023+0 context default) started; waiting...
06-04 11:27:14.517     1     1 I init    : Service 'exec 8 (/system/bin/chattr +F /data/media)' (pid 290) exited with status 0 waiting took 0.002000 seconds
06-04 11:27:14.517     1     1 I init    : Sending signal 9 to service 'exec 8 (/system/bin/chattr +F /data/media)' (pid 290) process group...
06-04 11:27:14.517     1     1 I libprocessgroup: Removed cgroup /sys/fs/cgroup/system/uid_1023/pid_290
06-04 11:27:14.519     1     1 I init    : Encryption policy of /data/cache set to 682392fda0d0848a9c06fcfd3a23dda2 v2 modes 1/4 flags 0x2
06-04 11:27:14.519     1     1 I init    : Encryption policy of /data/rollback set to 682392fda0d0848a9c06fcfd3a23dda2 v2 modes 1/4 flags 0x2
06-04 11:27:14.519     1     1 I init    : Encryption policy of /data/rollback-observer set to 682392fda0d0848a9c06fcfd3a23dda2 v2 modes 1/4 flags 0x2
06-04 11:27:14.520     1     1 I init    : Encryption policy of /data/rollback-history set to 682392fda0d0848a9c06fcfd3a23dda2 v2 modes 1/4 flags 0x2
06-04 11:27:14.520     1     1 I init    : Encryption policy of /data/incremental set to 682392fda0d0848a9c06fcfd3a23dda2 v2 modes 1/4 flags 0x2
06-04 11:27:15.109   288   288 I SELinux : SELinux: Loaded file context from:
06-04 11:27:15.109   288   288 I SELinux : /system/etc/selinux/plat_file_contexts
06-04 11:27:15.109   288   288 I SELinux : /system_ext/etc/selinux/system_ext_file_contexts
06-04 11:27:15.109   288   288 I SELinux : /product/etc/selinux/product_file_contexts
06-04 11:27:15.109   288   288 I SELinux : /vendor/etc/selinux/vendor_file_contexts
06-04 11:27:15.109   288   288 I SELinux : /odm/etc/selinux/odm_file_contexts
06-04 11:27:15.111   288   288 I apexd   : Processing compressed APEX /system/apex/com.google.android.appsearch.apex
06-04 11:27:15.111   288   288 I apexd   : Decompressing/system/apex/com.google.android.appsearch.apex to /data/apex/decompressed/com.android.appsearch@360526000.decompressed.apex
06-04 11:27:15.253   288   288 I apexd   : Processing compressed APEX /system/apex/com.google.android.sdkext.apex
06-04 11:27:15.253   288   288 I apexd   : Decompressing/system/apex/com.google.android.sdkext.apex to /data/apex/decompressed/com.android.sdkext@360526000.decompressed.apex
06-04 11:27:15.274   288   288 I apexd   : Processing compressed APEX /system/apex/com.google.android.crashrecovery.apex
06-04 11:27:15.274   288   288 I apexd   : Decompressing/system/apex/com.google.android.crashrecovery.apex to /data/apex/decompressed/com.android.crashrecovery@360526000.decompressed.apex
06-04 11:27:15.285   288   288 I apexd   : Processing compressed APEX /system/apex/com.google.android.bt.apex
06-04 11:27:15.285   288   288 I apexd   : Decompressing/system/apex/com.google.android.bt.apex to /data/apex/decompressed/com.android.bt@360526000.decompressed.apex
06-04 11:27:15.796   288   288 I apexd   : Processing compressed APEX /system/apex/com.google.android.wifi.apex
