06-04 11:27:15.796   288   288 I apexd   : Decompressing/system/apex/com.google.android.wifi.apex to /data/apex/decompressed/com.android.wifi@360526000.decompressed.apex
06-04 11:27:16.062   288   288 I apexd   : Processing compressed APEX /system/apex/com.google.android.configinfrastructure.apex
06-04 11:27:16.063   288   288 I apexd   : Decompressing/system/apex/com.google.android.configinfrastructure.apex to /data/apex/decompressed/com.android.configinfrastructure@360526000.decompressed.apex
06-04 11:27:16.354   288   288 I apexd   : Processing compressed APEX /system/apex/com.google.android.rkpd.apex
06-04 11:27:16.354   288   288 I apexd   : Decompressing/system/apex/com.google.android.rkpd.apex to /data/apex/decompressed/com.android.rkpd@360526000.decompressed.apex
06-04 11:27:16.394   288   288 I apexd   : Processing compressed APEX /system/apex/com.google.android.adservices.apex
06-04 11:27:16.394   288   288 I apexd   : Decompressing/system/apex/com.google.android.adservices.apex to /data/apex/decompressed/com.android.adservices@360526040.decompressed.apex
06-04 11:27:16.984   288   288 I apexd   : Processing compressed APEX /system/apex/com.google.android.resolv.apex
06-04 11:27:16.984   288   288 I apexd   : Decompressing/system/apex/com.google.android.resolv.apex to /data/apex/decompressed/com.android.resolv@360526000.decompressed.apex
06-04 11:27:17.101   288   288 I apexd   : Processing compressed APEX /system/apex/com.google.android.ipsec.apex
06-04 11:27:17.101   288   288 I apexd   : Decompressing/system/apex/com.google.android.ipsec.apex to /data/apex/decompressed/com.android.ipsec@360526000.decompressed.apex
06-04 11:27:17.126   288   288 I apexd   : Processing compressed APEX /system/apex/com.google.android.tethering.apex
06-04 11:27:17.126   288   288 I apexd   : Decompressing/system/apex/com.google.android.tethering.apex to /data/apex/decompressed/com.android.tethering@360526040.decompressed.apex
06-04 11:27:17.643   288   288 I apexd   : Processing compressed APEX /system/apex/com.google.android.profiling.apex
06-04 11:27:17.643   288   288 I apexd   : Decompressing/system/apex/com.google.android.profiling.apex to /data/apex/decompressed/com.android.profiling@360526000.decompressed.apex
06-04 11:27:17.691   288   288 I apexd   : Processing compressed APEX /system/apex/com.google.android.media.swcodec.apex
06-04 11:27:17.691   288   288 I apexd   : Decompressing/system/apex/com.google.android.media.swcodec.apex to /data/apex/decompressed/com.android.media.swcodec@360526000.decompressed.apex
06-04 11:27:18.395   288   288 I apexd   : Processing compressed APEX /system/apex/com.google.android.permission.apex
06-04 11:27:18.395   288   288 I apexd   : Decompressing/system/apex/com.google.android.permission.apex to /data/apex/decompressed/com.android.permission@360526020.decompressed.apex
06-04 11:27:19.156   288   288 I apexd   : Processing compressed APEX /system/apex/com.google.android.neuralnetworks.apex
06-04 11:27:19.156   288   288 I apexd   : Decompressing/system/apex/com.google.android.neuralnetworks.apex to /data/apex/decompressed/com.android.neuralnetworks@360526000.decompressed.apex
06-04 11:27:19.283   288   288 I apexd   : Processing compressed APEX /system/apex/com.google.android.ondevicepersonalization.apex
06-04 11:27:19.283   288   288 I apexd   : Decompressing/system/apex/com.google.android.ondevicepersonalization.apex to /data/apex/decompressed/com.android.ondevicepersonalization@360526000.decompressed.apex
06-04 11:27:19.604   288   288 I apexd   : Processing compressed APEX /system/apex/com.google.android.uwb.apex
06-04 11:27:19.604   288   288 I apexd   : Decompressing/system/apex/com.google.android.uwb.apex to /data/apex/decompressed/com.android.uwb@360526040.decompressed.apex
06-04 11:27:19.747   288   288 I apexd   : Processing compressed APEX /system/apex/com.google.android.extservices.apex
06-04 11:27:19.747   288   288 I apexd   : Decompressing/system/apex/com.google.android.extservices.apex to /data/apex/decompressed/com.android.extservices@360526003.decompressed.apex
06-04 11:27:19.897   288   288 I apexd   : Processing compressed APEX /system/apex/com.google.android.art.apex
06-04 11:27:19.897   288   288 I apexd   : Decompressing/system/apex/com.google.android.art.apex to /data/apex/decompressed/com.android.art@360526040.decompressed.apex
06-04 11:27:20.549   288   288 I apexd   : Processing compressed APEX /system/apex/com.google.android.adbd.apex
06-04 11:27:20.549   288   288 I apexd   : Decompressing/system/apex/com.google.android.adbd.apex to /data/apex/decompressed/com.android.adbd@360526000.decompressed.apex
06-04 11:27:20.719   288   288 I apexd   : Processing compressed APEX /system/apex/com.google.android.uprobestats.apex
06-04 11:27:20.719   288   288 I apexd   : Decompressing/system/apex/com.google.android.uprobestats.apex to /data/apex/decompressed/com.android.uprobestats@360526000.decompressed.apex
06-04 11:27:20.764   288   288 I apexd   : Processing compressed APEX /system/apex/com.google.android.healthfitness.apex
06-04 11:27:20.764   288   288 I apexd   : Decompressing/system/apex/com.google.android.healthfitness.apex to /data/apex/decompressed/com.android.healthfitness@360526040.decompressed.apex
06-04 11:27:21.159   288   288 I apexd   : Processing compressed APEX /system/apex/com.google.android.scheduling.apex
06-04 11:27:21.159   288   288 I apexd   : Decompressing/system/apex/com.google.android.scheduling.apex to /data/apex/decompressed/com.android.scheduling@360526000.decompressed.apex
06-04 11:27:21.170   288   288 I apexd   : Processing compressed APEX /system/apex/com.google.android.conscrypt.apex
06-04 11:27:21.170   288   288 I apexd   : Decompressing/system/apex/com.google.android.conscrypt.apex to /data/apex/decompressed/com.android.conscrypt@360526000.decompressed.apex
06-04 11:27:21.303   288   288 I apexd   : Processing compressed APEX /system/apex/com.google.android.os.statsd.apex
06-04 11:27:21.303   288   288 I apexd   : Decompressing/system/apex/com.google.android.os.statsd.apex to /data/apex/decompressed/com.android.os.statsd@360526000.decompressed.apex
06-04 11:27:21.384   288   288 I apexd   : Processing compressed APEX /system/apex/com.google.android.nfcservices.apex
06-04 11:27:21.384   288   288 I apexd   : Decompressing/system/apex/com.google.android.nfcservices.apex to /data/apex/decompressed/com.android.nfcservices@360526020.decompressed.apex
06-04 11:27:21.635   288   288 I apexd   : Processing compressed APEX /system/apex/com.google.android.media.apex
06-04 11:27:21.635   288   288 I apexd   : Decompressing/system/apex/com.google.android.media.apex to /data/apex/decompressed/com.android.media@360526000.decompressed.apex
06-04 11:27:21.957   288   288 I apexd   : Processing compressed APEX /system/apex/com.google.android.cellbroadcast.apex
06-04 11:27:21.957   288   288 I apexd   : Decompressing/system/apex/com.google.android.cellbroadcast.apex to /data/apex/decompressed/com.android.cellbroadcast@360526020.decompressed.apex
06-04 11:27:22.382   292   292 I loop5   : detected capacity change from 0 to 800
06-04 11:27:22.382   304   304 I loop6   : detected capacity change from 0 to 536
06-04 11:27:22.383   298   298 I loop7   : detected capacity change from 0 to 27408
06-04 11:27:22.383   293   293 I loop8   : detected capacity change from 0 to 760
06-04 11:27:22.383   296   296 I loop9   : detected capacity change from 0 to 2656
06-04 11:27:22.384   297   297 I loop10  : detected capacity change from 0 to 3072
06-04 11:27:22.384   323   323 I loop11  : detected capacity change from 0 to 27808
06-04 11:27:22.385   300   300 I loop12  : detected capacity change from 0 to 1096
06-04 11:27:22.385   294   294 I loop13  : detected capacity change from 0 to 3800
06-04 11:27:22.385   295   295 I loop14  : detected capacity change from 0 to 3120
06-04 11:27:22.385   303   303 I loop15  : detected capacity change from 0 to 536
06-04 11:27:22.386   305   305 I loop16  : detected capacity change from 0 to 12520
06-04 11:27:22.386   301   301 I loop17  : detected capacity change from 0 to 1672
06-04 11:27:22.386   307   307 I loop18  : detected capacity change from 0 to 15712
06-04 11:27:22.387   306   306 I loop19  : detected capacity change from 0 to 73248
06-04 11:27:22.387   302   302 I loop20  : detected capacity change from 0 to 3344
06-04 11:27:22.387   308   308 I loop21  : detected capacity change from 0 to 8472
06-04 11:27:22.387   309   309 I loop22  : detected capacity change from 0 to 1928
06-04 11:27:22.387   299   299 I loop23  : detected capacity change from 0 to 10800
06-04 11:27:22.388   311   311 I loop24  : detected capacity change from 0 to 52408
06-04 11:27:22.388   310   310 I loop25  : detected capacity change from 0 to 12392
06-04 11:27:22.388   313   313 I loop26  : detected capacity change from 0 to 1616
06-04 11:27:22.388   312   312 I loop27  : detected capacity change from 0 to 696
06-04 11:27:22.389   314   314 I loop28  : detected capacity change from 0 to 41232
06-04 11:27:22.389   317   317 I loop29  : detected capacity change from 0 to 21080
06-04 11:27:22.389   316   316 I loop30  : detected capacity change from 0 to 22096
06-04 11:27:22.389   315   315 I loop31  : detected capacity change from 0 to 2832
06-04 11:27:22.390   319   319 I loop32  : detected capacity change from 0 to 46320
06-04 11:27:22.390   318   318 I loop33  : detected capacity change from 0 to 9096
06-04 11:27:22.390   322   322 I loop34  : detected capacity change from 0 to 1760
06-04 11:27:22.390   331   331 I loop35  : detected capacity change from 0 to 41104
06-04 11:27:22.391   333   333 I loop36  : detected capacity change from 0 to 3736
06-04 11:27:22.391   332   332 I loop37  : detected capacity change from 0 to 52736
06-04 11:27:22.391   334   334 I loop38  : detected capacity change from 0 to 9336
06-04 11:27:22.391   321   321 I loop39  : detected capacity change from 0 to 12536
06-04 11:27:22.391   291   291 I loop40  : detected capacity change from 0 to 728
06-04 11:27:22.392   320   320 I loop41  : detected capacity change from 0 to 58104
06-04 11:27:22.392   324   324 I loop42  : detected capacity change from 0 to 12944
06-04 11:27:22.392   327   327 I loop43  : detected capacity change from 0 to 58312
06-04 11:27:22.392   335   335 I loop44  : detected capacity change from 0 to 13976
06-04 11:27:22.393   325   325 I loop45  : detected capacity change from 0 to 3232
06-04 11:27:22.393   330   330 I loop46  : detected capacity change from 0 to 31128
06-04 11:27:22.393   326   326 I loop47  : detected capacity change from 0 to 536
06-04 11:27:22.393   328   328 I loop48  : detected capacity change from 0 to 10144
06-04 11:27:22.393   337   337 I loop49  : detected capacity change from 0 to 5960
06-04 11:27:22.394   336   336 I loop50  : detected capacity change from 0 to 19448
06-04 11:27:22.394   329   329 I loop51  : detected capacity change from 0 to 11744
06-04 11:27:22.395   338   338 I loop52  : detected capacity change from 0 to 38048
06-04 11:27:22.403   319   319 I device-mapper: verity: sha256 using shash "sha256-ce" (multibuffer)
06-04 11:27:22.404   317   317 I device-mapper: verity: sha256 using shash "sha256-ce" (multibuffer)
06-04 11:27:22.405   315   315 I device-mapper: verity: sha256 using shash "sha256-ce" (multibuffer)
06-04 11:27:22.406   307   307 I EXT4-fs (loop18): mounted filesystem 7d1522e1-9dfa-5edb-a43e-98e3a4d20250 ro without journal. Quota mode: none.
06-04 11:27:22.406   307   307 I apexd   : Successfully mounted package /system/apex/com.android.runtime.apex on /apex/com.android.runtime@1 duration=23
06-04 11:27:22.406   306   306 I EXT4-fs (loop19): mounted filesystem 7d1522e1-9dfa-5edb-a43e-98e3a4d20250 ro without journal. Quota mode: none.
06-04 11:27:22.406   306   306 I apexd   : Successfully mounted package /system/apex/com.android.i18n.apex on /apex/com.android.i18n@1 duration=23
06-04 11:27:22.408   313   313 I device-mapper: verity: sha256 using shash "sha256-ce" (multibuffer)
06-04 11:27:22.409   295   295 I EXT4-fs (loop14): mounted filesystem 7d1522e1-9dfa-5edb-a43e-98e3a4d20250 ro without journal. Quota mode: none.
06-04 11:27:22.409   298   298 I EXT4-fs (loop7): mounted filesystem 7d1522e1-9dfa-5edb-a43e-98e3a4d20250 ro without journal. Quota mode: none.
06-04 11:27:22.409   298   298 I apexd   : Successfully mounted package /vendor/apex/com.android.hardware.neuralnetworks.apex on /apex/com.android.hardware.neuralnetworks@1 duration=26
06-04 11:27:22.409   295   295 I apexd   : Successfully mounted package /vendor/apex/com.android.hardware.contexthub.apex on /apex/com.android.hardware.contexthub@1 duration=27
06-04 11:27:22.409   304   304 I EXT4-fs (loop6): mounted filesystem 7d1522e1-9dfa-5edb-a43e-98e3a4d20250 ro without journal. Quota mode: none.
06-04 11:27:22.409   304   304 I apexd   : Successfully mounted package /system/apex/com.android.apex.cts.shim.apex on /apex/com.android.apex.cts.shim@1 duration=26
06-04 11:27:22.409   314   314 I device-mapper: verity: sha256 using shash "sha256-ce" (multibuffer)
06-04 11:27:22.409   316   316 I device-mapper: verity: sha256 using shash "sha256-ce" (multibuffer)
06-04 11:27:22.410   292   292 I EXT4-fs (loop5): mounted filesystem 7d1522e1-9dfa-5edb-a43e-98e3a4d20250 ro without journal. Quota mode: none.
06-04 11:27:22.410   292   292 I apexd   : Successfully mounted package /vendor/apex/com.android.hardware.thermal.apex on /apex/com.android.hardware.thermal@1 duration=28
06-04 11:27:22.410   299   299 I EXT4-fs (loop23): mounted filesystem 7d1522e1-9dfa-5edb-a43e-98e3a4d20250 ro without journal. Quota mode: none.
06-04 11:27:22.410   299   299 I apexd   : Successfully mounted package /vendor/apex/com.google.android.widevine-13130248.apex on /apex/com.google.android.widevine@190250226 duration=27
06-04 11:27:22.410   301   301 I EXT4-fs (loop17): mounted filesystem 7d1522e1-9dfa-5edb-a43e-98e3a4d20250 ro without journal. Quota mode: none.
06-04 11:27:22.410   301   301 I apexd   : Successfully mounted package /system/apex/com.google.android.tzdata6.apex on /apex/com.android.tzdata@360526000 duration=27
06-04 11:27:22.410   308   308 I EXT4-fs (loop21): mounted filesystem 7d1522e1-9dfa-5edb-a43e-98e3a4d20250 ro without journal. Quota mode: none.
06-04 11:27:22.410   308   308 I apexd   : Successfully mounted package /vendor/apex/com.android.hardware.gatekeeper.nonsecure.apex on /apex/com.android.hardware.gatekeeper@1 duration=27
06-04 11:27:22.410   297   297 I EXT4-fs (loop10): mounted filesystem 7d1522e1-9dfa-5edb-a43e-98e3a4d20250 ro without journal. Quota mode: none.
06-04 11:27:22.410   297   297 I apexd   : Successfully mounted package /vendor/apex/com.android.hardware.vibrator.apex on /apex/com.android.hardware.vibrator@1 duration=28
06-04 11:27:22.411   305   305 I EXT4-fs (loop16): mounted filesystem 7d1522e1-9dfa-5edb-a43e-98e3a4d20250 ro without journal. Quota mode: none.
06-04 11:27:22.411   305   305 I apexd   : Successfully mounted package /system/apex/com.android.devicelock.apex on /apex/com.android.devicelock@1 duration=28
06-04 11:27:22.411   300   300 I EXT4-fs (loop12): mounted filesystem 7d1522e1-9dfa-5edb-a43e-98e3a4d20250 ro without journal. Quota mode: none.
06-04 11:27:22.411   300   300 I apexd   : Successfully mounted package /vendor/apex/com.android.hardware.threadnetwork-simulation-rcp.apex on /apex/com.android.hardware.threadnetwork@1 duration=28
06-04 11:27:22.411   320   320 I device-mapper: verity: sha256 using shash "sha256-ce" (multibuffer)
06-04 11:27:22.411   309   309 I EXT4-fs (loop22): mounted filesystem 7d1522e1-9dfa-5edb-a43e-98e3a4d20250 ro without journal. Quota mode: none.
06-04 11:27:22.411   309   309 I apexd   : Successfully mounted package /system/apex/com.android.virt.apex on /apex/com.android.virt@3 duration=28
06-04 11:27:22.411   294   294 I EXT4-fs (loop13): mounted filesystem 7d1522e1-9dfa-5edb-a43e-98e3a4d20250 ro without journal. Quota mode: none.
06-04 11:27:22.411   321   321 I device-mapper: verity: sha256 using shash "sha256-ce" (multibuffer)
06-04 11:27:22.411   293   293 I EXT4-fs (loop8): mounted filesystem 7d1522e1-9dfa-5edb-a43e-98e3a4d20250 ro without journal. Quota mode: none.
06-04 11:27:22.411   293   293 I apexd   : Successfully mounted package /vendor/apex/com.android.hardware.rebootescrow.apex on /apex/com.android.hardware.rebootescrow@1 duration=29
06-04 11:27:22.411   294   294 I apexd   : Successfully mounted package /vendor/apex/com.android.hardware.power.apex on /apex/com.android.hardware.power@1 duration=29
06-04 11:27:22.412   310   310 I device-mapper: verity: sha256 using shash "sha256-ce" (multibuffer)
06-04 11:27:22.412   323   323 I device-mapper: verity: sha256 using shash "sha256-ce" (multibuffer)
06-04 11:27:22.412   296   296 I EXT4-fs (loop9): mounted filesystem 7d1522e1-9dfa-5edb-a43e-98e3a4d20250 ro without journal. Quota mode: none.
06-04 11:27:22.412   296   296 I apexd   : Successfully mounted package /vendor/apex/com.android.hardware.uwb.apex on /apex/com.android.hardware.uwb@1 duration=30
06-04 11:27:22.413   317   317 I EXT4-fs (dm-43): mounted filesystem 7d1522e1-9dfa-5edb-a43e-98e3a4d20250 ro without journal. Quota mode: none.
06-04 11:27:22.413   317   317 I apexd   : Successfully mounted package /data/apex/decompressed/com.android.wifi@360526000.decompressed.apex on /apex/com.android.wifi@360526000 duration=29
06-04 11:27:22.413   314   314 I EXT4-fs (dm-36): mounted filesystem 7d1522e1-9dfa-5edb-a43e-98e3a4d20250 ro without journal. Quota mode: none.
06-04 11:27:22.413   314   314 I apexd   : Successfully mounted package /data/apex/decompressed/com.android.bt@360526000.decompressed.apex on /apex/com.android.bt@360526000 duration=29
06-04 11:27:22.413   303   303 I EXT4-fs (loop15): mounted filesystem 7d1522e1-9dfa-5edb-a43e-98e3a4d20250 ro without journal. Quota mode: none.
06-04 11:27:22.413   303   303 I apexd   : Successfully mounted package /vendor/apex/com.android.hardware.cas.apex on /apex/com.android.hardware.cas@1 duration=31
06-04 11:27:22.413   315   315 I EXT4-fs (dm-31): mounted filesystem 7d1522e1-9dfa-5edb-a43e-98e3a4d20250 ro without journal. Quota mode: none.
06-04 11:27:22.413   327   327 I device-mapper: verity: sha256 using shash "sha256-ce" (multibuffer)
06-04 11:27:22.413   320   320 I EXT4-fs (dm-15): mounted filesystem 7d1522e1-9dfa-5edb-a43e-98e3a4d20250 ro without journal. Quota mode: none.
06-04 11:27:22.413   320   320 I apexd   : Successfully mounted package /data/apex/decompressed/com.android.media.swcodec@360526000.decompressed.apex on /apex/com.android.media.swcodec@360526000 duration=29
06-04 11:27:22.413   312   312 I device-mapper: verity: sha256 using shash "sha256-ce" (multibuffer)
06-04 11:27:22.413   315   315 I apexd   : Successfully mounted package /data/apex/decompressed/com.android.rkpd@360526000.decompressed.apex on /apex/com.android.rkpd@360526000 duration=29
06-04 11:27:22.415   329   329 I device-mapper: verity: sha256 using shash "sha256-ce" (multibuffer)
06-04 11:27:22.416   311   311 I device-mapper: verity: sha256 using shash "sha256-ce" (multibuffer)
06-04 11:27:22.416   334   334 I device-mapper: verity: sha256 using shash "sha256-ce" (multibuffer)
06-04 11:27:22.416   338   338 I device-mapper: verity: sha256 using shash "sha256-ce" (multibuffer)
06-04 11:27:22.416   332   332 I device-mapper: verity: sha256 using shash "sha256-ce" (multibuffer)
06-04 11:27:22.416   318   318 I device-mapper: verity: sha256 using shash "sha256-ce" (multibuffer)
06-04 11:27:22.416   325   325 I device-mapper: verity: sha256 using shash "sha256-ce" (multibuffer)
06-04 11:27:22.416   336   336 I device-mapper: verity: sha256 using shash "sha256-ce" (multibuffer)
06-04 11:27:22.417   330   330 I device-mapper: verity: sha256 using shash "sha256-ce" (multibuffer)
06-04 11:27:22.417   316   316 I EXT4-fs (dm-42): mounted filesystem 7d1522e1-9dfa-5edb-a43e-98e3a4d20250 ro without journal. Quota mode: none.
06-04 11:27:22.417   316   316 I apexd   : Successfully mounted package /data/apex/decompressed/com.android.configinfrastructure@360526000.decompressed.apex on /apex/com.android.configinfrastructure@360526000 duration=33
06-04 11:27:22.418   291   291 I EXT4-fs (loop40): mounted filesystem 7d1522e1-9dfa-5edb-a43e-98e3a4d20250 ro without journal. Quota mode: none.
06-04 11:27:22.418   291   291 I apexd   : Successfully mounted package /vendor/apex/com.android.hardware.authsecret.apex on /apex/com.android.hardware.authsecret@1 duration=36
06-04 11:27:22.418   328   328 I device-mapper: verity: sha256 using shash "sha256-ce" (multibuffer)
06-04 11:27:22.418   326   326 I device-mapper: verity: sha256 using shash "sha256-ce" (multibuffer)
06-04 11:27:22.419   331   331 I device-mapper: verity: sha256 using shash "sha256-ce" (multibuffer)
06-04 11:27:22.419   337   337 I device-mapper: verity: sha256 using shash "sha256-ce" (multibuffer)
06-04 11:27:22.420   322   322 I device-mapper: verity: sha256 using shash "sha256-ce" (multibuffer)
06-04 11:27:22.422   302   302 I EXT4-fs (loop20): mounted filesystem 7d1522e1-9dfa-5edb-a43e-98e3a4d20250 ro without journal. Quota mode: none.
06-04 11:27:22.422   302   302 I apexd   : Successfully mounted package /vendor/apex/com.android.hardware.dumpstate.apex on /apex/com.android.hardware.dumpstate@1 duration=39
06-04 11:27:22.422   335   335 I device-mapper: verity: sha256 using shash "sha256-ce" (multibuffer)
06-04 11:27:22.422   313   313 I EXT4-fs (dm-41): mounted filesystem 7d1522e1-9dfa-5edb-a43e-98e3a4d20250 ro without journal. Quota mode: none.
06-04 11:27:22.422   313   313 I apexd   : Successfully mounted package /data/apex/decompressed/com.android.sdkext@360526000.decompressed.apex on /apex/com.android.sdkext@360526000 duration=38
06-04 11:27:22.422   311   311 I EXT4-fs (dm-51): mounted filesystem 7d1522e1-9dfa-5edb-a43e-98e3a4d20250 ro without journal. Quota mode: none.
06-04 11:27:22.422   311   311 I apexd   : Successfully mounted package /data/apex/decompressed/com.android.mediaprovider@360526000.decompressed.apex on /apex/com.android.mediaprovider@360526000 duration=39
06-04 11:27:22.422   323   323 I EXT4-fs (dm-13): mounted filesystem 7d1522e1-9dfa-5edb-a43e-98e3a4d20250 ro without journal. Quota mode: none.
06-04 11:27:22.422   333   333 I device-mapper: verity: sha256 using shash "sha256-ce" (multibuffer)
06-04 11:27:22.422   323   323 I apexd   : Successfully mounted package /data/apex/decompressed/com.android.ondevicepersonalization@360526000.decompressed.apex on /apex/com.android.ondevicepersonalization@360526000 duration=38
06-04 11:27:22.422   312   312 I EXT4-fs (dm-38): mounted filesystem 7d1522e1-9dfa-5edb-a43e-98e3a4d20250 ro without journal. Quota mode: none.
06-04 11:27:22.422   312   312 I apexd   : Successfully mounted package /data/apex/decompressed/com.android.crashrecovery@360526000.decompressed.apex on /apex/com.android.crashrecovery@360526000 duration=38
06-04 11:27:22.422   334   334 I EXT4-fs (dm-11): mounted filesystem 7d1522e1-9dfa-5edb-a43e-98e3a4d20250 ro without journal. Quota mode: none.
06-04 11:27:22.422   318   318 I EXT4-fs (dm-23): mounted filesystem 7d1522e1-9dfa-5edb-a43e-98e3a4d20250 ro without journal. Quota mode: none.
06-04 11:27:22.422   334   334 I apexd   : Successfully mounted package /data/apex/decompressed/com.android.neuralnetworks@360526000.decompressed.apex on /apex/com.android.neuralnetworks@360526000 duration=38
06-04 11:27:22.422   330   330 I EXT4-fs (dm-10): mounted filesystem 7d1522e1-9dfa-5edb-a43e-98e3a4d20250 ro without journal. Quota mode: none.
06-04 11:27:22.422   318   318 I apexd   : Successfully mounted package /data/apex/decompressed/com.android.resolv@360526000.decompressed.apex on /apex/com.android.resolv@360526000 duration=38
06-04 11:27:22.422   330   330 I apexd   : Successfully mounted package /data/apex/decompressed/com.android.healthfitness@360526040.decompressed.apex on /apex/com.android.healthfitness@360526040 duration=37
06-04 11:27:22.422   319   319 I EXT4-fs (dm-25): mounted filesystem 7d1522e1-9dfa-5edb-a43e-98e3a4d20250 ro without journal. Quota mode: none.
06-04 11:27:22.422   319   319 I apexd   : Successfully mounted package /data/apex/decompressed/com.android.adservices@360526040.decompressed.apex on /apex/com.android.adservices@360526040 duration=38
06-04 11:27:22.422   338   338 I EXT4-fs (dm-28): mounted filesystem 7d1522e1-9dfa-5edb-a43e-98e3a4d20250 ro without journal. Quota mode: none.
06-04 11:27:22.422   338   338 I apexd   : Successfully mounted package /data/apex/decompressed/com.android.cellbroadcast@360526020.decompressed.apex on /apex/com.android.cellbroadcast@360526020 duration=37
06-04 11:27:22.423   327   327 I EXT4-fs (dm-18): mounted filesystem 7d1522e1-9dfa-5edb-a43e-98e3a4d20250 ro without journal. Quota mode: none.
06-04 11:27:22.423   327   327 I apexd   : Successfully mounted package /data/apex/decompressed/com.android.art@360526040.decompressed.apex on /apex/com.android.art@360526040 duration=38
06-04 11:27:22.423   337   337 I EXT4-fs (dm-8): mounted filesystem 7d1522e1-9dfa-5edb-a43e-98e3a4d20250 ro without journal. Quota mode: none.
06-04 11:27:22.423   337   337 I apexd   : Successfully mounted package /data/apex/decompressed/com.android.os.statsd@360526000.decompressed.apex on /apex/com.android.os.statsd@360526000 duration=38
06-04 11:27:22.423   322   322 I EXT4-fs (dm-22): mounted filesystem 7d1522e1-9dfa-5edb-a43e-98e3a4d20250 ro without journal. Quota mode: none.
06-04 11:27:22.423   322   322 I apexd   : Successfully mounted package /data/apex/decompressed/com.android.ipsec@360526000.decompressed.apex on /apex/com.android.ipsec@360526000 duration=39
06-04 11:27:22.423   324   324 I device-mapper: verity: sha256 using shash "sha256-ce" (multibuffer)
06-04 11:27:22.423   310   310 I EXT4-fs (dm-44): mounted filesystem 7d1522e1-9dfa-5edb-a43e-98e3a4d20250 ro without journal. Quota mode: none.
06-04 11:27:22.423   310   310 I apexd   : Successfully mounted package /data/apex/decompressed/com.android.appsearch@360526000.decompressed.apex on /apex/com.android.appsearch@360526000 duration=40
06-04 11:27:22.423   325   325 I EXT4-fs (dm-49): mounted filesystem 7d1522e1-9dfa-5edb-a43e-98e3a4d20250 ro without journal. Quota mode: none.
06-04 11:27:22.423   325   325 I apexd   : Successfully mounted package /data/apex/decompressed/com.android.uprobestats@360526000.decompressed.apex on /apex/com.android.uprobestats@360526000 duration=39
06-04 11:27:22.423   329   329 I EXT4-fs (dm-29): mounted filesystem 7d1522e1-9dfa-5edb-a43e-98e3a4d20250 ro without journal. Quota mode: none.
06-04 11:27:22.423   329   329 I apexd   : Successfully mounted package /data/apex/decompressed/com.android.media@360526000.decompressed.apex on /apex/com.android.media@360526000 duration=38
06-04 11:27:22.424   335   335 I EXT4-fs (dm-50): mounted filesystem 7d1522e1-9dfa-5edb-a43e-98e3a4d20250 ro without journal. Quota mode: none.
06-04 11:27:22.424   335   335 I apexd   : Successfully mounted package /data/apex/decompressed/com.android.adbd@360526000.decompressed.apex on /apex/com.android.adbd@360526000 duration=39
06-04 11:27:22.424   333   333 I EXT4-fs (dm-14): mounted filesystem 7d1522e1-9dfa-5edb-a43e-98e3a4d20250 ro without journal. Quota mode: none.
06-04 11:27:22.424   333   333 I apexd   : Successfully mounted package /data/apex/decompressed/com.android.profiling@360526000.decompressed.apex on /apex/com.android.profiling@360526000 duration=39
06-04 11:27:22.424   331   331 I EXT4-fs (dm-21): mounted filesystem 7d1522e1-9dfa-5edb-a43e-98e3a4d20250 ro without journal. Quota mode: none.
06-04 11:27:22.424   331   331 I apexd   : Successfully mounted package /data/apex/decompressed/com.android.tethering@360526040.decompressed.apex on /apex/com.android.tethering@360526040 duration=40
06-04 11:27:22.424   328   328 I EXT4-fs (dm-5): mounted filesystem 7d1522e1-9dfa-5edb-a43e-98e3a4d20250 ro without journal. Quota mode: none.
06-04 11:27:22.424   328   328 I apexd   : Successfully mounted package /data/apex/decompressed/com.android.conscrypt@360526000.decompressed.apex on /apex/com.android.conscrypt@360526000 duration=39
06-04 11:27:22.426   332   332 I EXT4-fs (dm-16): mounted filesystem 7d1522e1-9dfa-5edb-a43e-98e3a4d20250 ro without journal. Quota mode: none.
06-04 11:27:22.426   332   332 I apexd   : Successfully mounted package /data/apex/decompressed/com.android.permission@360526020.decompressed.apex on /apex/com.android.permission@360526020 duration=42
06-04 11:27:22.426   326   326 I EXT4-fs (dm-6): mounted filesystem 7d1522e1-9dfa-5edb-a43e-98e3a4d20250 ro without journal. Quota mode: none.
06-04 11:27:22.426   326   326 I apexd   : Successfully mounted package /data/apex/decompressed/com.android.scheduling@360526000.decompressed.apex on /apex/com.android.scheduling@360526000 duration=41
06-04 11:27:22.426   336   336 I EXT4-fs (dm-27): mounted filesystem 7d1522e1-9dfa-5edb-a43e-98e3a4d20250 ro without journal. Quota mode: none.
06-04 11:27:22.426   336   336 I apexd   : Successfully mounted package /data/apex/decompressed/com.android.nfcservices@360526020.decompressed.apex on /apex/com.android.nfcservices@360526020 duration=41
06-04 11:27:22.426   321   321 I EXT4-fs (dm-12): mounted filesystem 7d1522e1-9dfa-5edb-a43e-98e3a4d20250 ro without journal. Quota mode: none.
06-04 11:27:22.426   321   321 I apexd   : Successfully mounted package /data/apex/decompressed/com.android.uwb@360526040.decompressed.apex on /apex/com.android.uwb@360526040 duration=42
06-04 11:27:22.430   324   324 I apexd   : Successfully mounted package /data/apex/decompressed/com.android.extservices@360526003.decompressed.apex on /apex/com.android.extservices@360526003 duration=46
06-04 11:27:22.430   288   288 I apexd   : Activated 48 packages.
06-04 11:27:22.431   288   288 I apexd   : OnStart done, duration=7921
06-04 11:27:22.431   288   288 I AidlLazyServiceRegistrar: Registering service apexservice
06-04 11:27:22.433   249   258 I keystore2: system/security/keystore2/src/maintenance.rs:306 - await a change to 'apexd.status'...notified
06-04 11:27:22.433   249   258 I keystore2: system/security/keystore2/src/maintenance.rs:299 - property 'apexd.status' is now 'Ok("activated")'
06-04 11:27:22.434   249   258 I keystore2: system/security/keystore2/src/maintenance.rs:343 - apex modules += com.android.adbd version 360526000
06-04 11:27:22.434   249   258 I keystore2: system/security/keystore2/src/maintenance.rs:343 - apex modules += com.android.adservices version 360526040
06-04 11:27:22.434   249   258 I keystore2: system/security/keystore2/src/maintenance.rs:343 - apex modules += com.android.apex.cts.shim version 1
06-04 11:27:22.434   249   258 I keystore2: system/security/keystore2/src/maintenance.rs:343 - apex modules += com.android.appsearch version 360526000
06-04 11:27:22.434   249   258 I keystore2: system/security/keystore2/src/maintenance.rs:343 - apex modules += com.android.art version 360526040
06-04 11:27:22.434   249   258 I keystore2: system/security/keystore2/src/maintenance.rs:343 - apex modules += com.android.bt version 360526000
06-04 11:27:22.434   249   258 I keystore2: system/security/keystore2/src/maintenance.rs:343 - apex modules += com.android.cellbroadcast version 360526020
06-04 11:27:22.434   249   258 I keystore2: system/security/keystore2/src/maintenance.rs:343 - apex modules += com.android.configinfrastructure version 360526000
06-04 11:27:22.434   249   258 I keystore2: system/security/keystore2/src/maintenance.rs:343 - apex modules += com.android.conscrypt version 360526000
06-04 11:27:22.434   249   258 I keystore2: system/security/keystore2/src/maintenance.rs:343 - apex modules += com.android.crashrecovery version 360526000
06-04 11:27:22.434   249   258 I keystore2: system/security/keystore2/src/maintenance.rs:343 - apex modules += com.android.devicelock version 1
06-04 11:27:22.434   249   258 I keystore2: system/security/keystore2/src/maintenance.rs:343 - apex modules += com.android.extservices version 360526003
06-04 11:27:22.434   249   258 I keystore2: system/security/keystore2/src/maintenance.rs:343 - apex modules += com.android.hardware.authsecret version 1
06-04 11:27:22.434   249   258 I keystore2: system/security/keystore2/src/maintenance.rs:343 - apex modules += com.android.hardware.cas version 1
06-04 11:27:22.434   249   258 I keystore2: system/security/keystore2/src/maintenance.rs:343 - apex modules += com.android.hardware.contexthub version 1
06-04 11:27:22.434   249   258 I keystore2: system/security/keystore2/src/maintenance.rs:343 - apex modules += com.android.hardware.dumpstate version 1
06-04 11:27:22.434   249   258 I keystore2: system/security/keystore2/src/maintenance.rs:343 - apex modules += com.android.hardware.gatekeeper version 1
06-04 11:27:22.434   249   258 I keystore2: system/security/keystore2/src/maintenance.rs:343 - apex modules += com.android.hardware.neuralnetworks version 1
06-04 11:27:22.434   249   258 I keystore2: system/security/keystore2/src/maintenance.rs:343 - apex modules += com.android.hardware.power version 1
06-04 11:27:22.434   249   258 I keystore2: system/security/keystore2/src/maintenance.rs:343 - apex modules += com.android.hardware.rebootescrow version 1
06-04 11:27:22.434   249   258 I keystore2: system/security/keystore2/src/maintenance.rs:343 - apex modules += com.android.hardware.thermal version 1
06-04 11:27:22.434   249   258 I keystore2: system/security/keystore2/src/maintenance.rs:343 - apex modules += com.android.hardware.threadnetwork version 1
06-04 11:27:22.434   249   258 I keystore2: system/security/keystore2/src/maintenance.rs:343 - apex modules += com.android.hardware.uwb version 1
06-04 11:27:22.434   249   258 I keystore2: system/security/keystore2/src/maintenance.rs:343 - apex modules += com.android.hardware.vibrator version 1
06-04 11:27:22.434   249   258 I keystore2: system/security/keystore2/src/maintenance.rs:343 - apex modules += com.android.healthfitness version 360526040
06-04 11:27:22.434   249   258 I keystore2: system/security/keystore2/src/maintenance.rs:343 - apex modules += com.android.i18n version 1
06-04 11:27:22.434   249   258 I keystore2: system/security/keystore2/src/maintenance.rs:343 - apex modules += com.android.ipsec version 360526000
06-04 11:27:22.434   249   258 I keystore2: system/security/keystore2/src/maintenance.rs:343 - apex modules += com.android.media version 360526000
06-04 11:27:22.434   249   258 I keystore2: system/security/keystore2/src/maintenance.rs:343 - apex modules += com.android.media.swcodec version 360526000
06-04 11:27:22.434   249   258 I keystore2: system/security/keystore2/src/maintenance.rs:343 - apex modules += com.android.mediaprovider version 360526000
06-04 11:27:22.434   249   258 I keystore2: system/security/keystore2/src/maintenance.rs:343 - apex modules += com.android.neuralnetworks version 360526000
06-04 11:27:22.434   249   258 I keystore2: system/security/keystore2/src/maintenance.rs:343 - apex modules += com.android.nfcservices version 360526020
06-04 11:27:22.434   249   258 I keystore2: system/security/keystore2/src/maintenance.rs:343 - apex modules += com.android.ondevicepersonalization version 360526000
06-04 11:27:22.434   249   258 I keystore2: system/security/keystore2/src/maintenance.rs:343 - apex modules += com.android.os.statsd version 360526000
06-04 11:27:22.434   249   258 I keystore2: system/security/keystore2/src/maintenance.rs:343 - apex modules += com.android.permission version 360526020
06-04 11:27:22.434   249   258 I keystore2: system/security/keystore2/src/maintenance.rs:343 - apex modules += com.android.profiling version 360526000
06-04 11:27:22.434   249   258 I keystore2: system/security/keystore2/src/maintenance.rs:343 - apex modules += com.android.resolv version 360526000
06-04 11:27:22.434   249   258 I keystore2: system/security/keystore2/src/maintenance.rs:343 - apex modules += com.android.rkpd version 360526000
06-04 11:27:22.434   249   258 I keystore2: system/security/keystore2/src/maintenance.rs:343 - apex modules += com.android.runtime version 1
06-04 11:27:22.434   249   258 I keystore2: system/security/keystore2/src/maintenance.rs:343 - apex modules += com.android.scheduling version 360526000
06-04 11:27:22.434   249   258 I keystore2: system/security/keystore2/src/maintenance.rs:343 - apex modules += com.android.sdkext version 360526000
06-04 11:27:22.434   249   258 I keystore2: system/security/keystore2/src/maintenance.rs:343 - apex modules += com.android.tethering version 360526040
06-04 11:27:22.434   249   258 I keystore2: system/security/keystore2/src/maintenance.rs:343 - apex modules += com.android.tzdata version 360526000
06-04 11:27:22.434   249   258 I keystore2: system/security/keystore2/src/maintenance.rs:343 - apex modules += com.android.uprobestats version 360526000
06-04 11:27:22.434   249   258 I keystore2: system/security/keystore2/src/maintenance.rs:343 - apex modules += com.android.uwb version 360526040
06-04 11:27:22.434   249   258 I keystore2: system/security/keystore2/src/maintenance.rs:343 - apex modules += com.android.virt version 3
06-04 11:27:22.434   249   258 I keystore2: system/security/keystore2/src/maintenance.rs:343 - apex modules += com.android.wifi version 360526000
06-04 11:27:22.434   249   258 I keystore2: system/security/keystore2/src/maintenance.rs:343 - apex modules += com.google.android.widevine version 190250226
06-04 11:27:22.434   249   258 I keystore2: system/security/keystore2/src/maintenance.rs:518 - set_module_info with 48 modules
06-04 11:27:22.436   288   288 I apexd   : Marking APEXd as activated
06-04 11:27:22.436    94    94 I init    : Wait for property 'apexd.status=activated' took 7915ms
06-04 11:27:22.436   222   222 I servicemanager: Notifying apexservice they do (previously: don't) have clients when service is guaranteed to be in use
06-04 11:27:22.436   421   421 I AidlLazyServiceRegistrar: Process has 1 (of 1 available) client(s) in use after notification apexservice has clients: 1
06-04 11:27:22.436   421   421 I AidlLazyServiceRegistrar: Shutdown prevented by forcePersist override flag.
06-04 11:27:22.436   421   421 I apexd   : getActivePackages received by ApexService
06-04 11:27:22.435   249   258 I keystore2: system/security/keystore2/src/maintenance.rs:214 - Call to setAdditionalAttestationInfo succeeded for security level TRUSTED_ENVIRONMENT.
06-04 11:27:22.435   249   258 I keystore2: system/security/keystore2/src/maintenance.rs:224 - Call to setAdditionalAttestationInfo failed for StrongBox as it is not available
06-04 11:27:22.439    94    94 I init    : Wait for property 'keystore.module_hash.sent=true' took 2ms
06-04 11:27:22.449     1     1 I init    : Parsing file /apex/com.android.adbd/etc/init.rc...
06-04 11:27:22.449     1     1 I init    : Parsing file /apex/com.android.art/etc/init.rc...
06-04 11:27:22.449     1     1 I init    : Parsing file /apex/com.android.configinfrastructure/etc/com.android.configinfrastrcture.init.rc...
06-04 11:27:22.450     1     1 I init    : Parsing file /apex/com.android.hardware.authsecret/etc/android.hardware.authsecret-service.example.rc...
06-04 11:27:22.450     1     1 I init    : Parsing file /apex/com.android.hardware.cas/etc/cas-default.rc...
06-04 11:27:22.450     1     1 I init    : Parsing file /apex/com.android.hardware.contexthub/etc/android.hardware.contexthub-service.example.rc...
06-04 11:27:22.450     1     1 I init    : Parsing file /apex/com.android.hardware.dumpstate/etc/dumpstate-default.rc...
06-04 11:27:22.450     1     1 I init    : Parsing file /apex/com.android.hardware.neuralnetworks/etc/android.hardware.neuralnetworks-service-sample-all.rc...
06-04 11:27:22.450     1     1 I init    : Parsing file /apex/com.android.hardware.neuralnetworks/etc/android.hardware.neuralnetworks-service-sample-limited.rc...
06-04 11:27:22.451     1     1 I init    : Parsing file /apex/com.android.hardware.neuralnetworks/etc/android.hardware.neuralnetworks-shim-service-sample.rc...
06-04 11:27:22.451     1     1 I init    : Parsing file /apex/com.android.hardware.power/etc/com.android.hardware.power.rc...
06-04 11:27:22.451     1     1 I init    : Parsing file /apex/com.android.hardware.rebootescrow/etc/rebootescrow-default.rc...
06-04 11:27:22.451     1     1 I init    : Parsing file /apex/com.android.hardware.thermal/etc/android.hardware.thermal.example.rc...
06-04 11:27:22.451     1     1 I init    : Parsing file /apex/com.android.hardware.threadnetwork/etc/threadnetwork-service-simulation-rcp.rc...
06-04 11:27:22.452     1     1 I init    : Parsing file /apex/com.android.hardware.uwb/etc/uwb-service.rc...
06-04 11:27:22.452     1     1 E init    : /apex/com.android.hardware.uwb/etc/uwb-service.rc: 1: ignored duplicate definition of service 'vendor.uwb_hal'
06-04 11:27:22.452     1     1 I init    : Parsing file /apex/com.android.hardware.vibrator/etc/com.android.hardware.vibrator.rc...
06-04 11:27:22.452     1     1 I init    : Parsing file /apex/com.android.media.swcodec/etc/mediaswcodec.32rc...
06-04 11:27:22.452     1     1 I init    : Parsing file /apex/com.android.media/etc/mediatranscoding.32rc...
06-04 11:27:22.452     1     1 I init    : Parsing file /apex/com.android.os.statsd/etc/init.rc...
06-04 11:27:22.452     1     1 I init    : Parsing file /apex/com.android.sdkext/etc/derive_classpath.rc...
06-04 11:27:22.452     1     1 I init    : Parsing file /apex/com.android.sdkext/etc/derive_sdk.rc...
06-04 11:27:22.452     1     1 I init    : Parsing file /apex/com.android.tethering/etc/netbpfload.35rc...
06-04 11:27:22.452     1     1 I init    : Parsing file /apex/com.android.tethering/etc/ot-daemon.34rc...
06-04 11:27:22.452     1     1 I init    : Parsing file /apex/com.android.uprobestats/etc/init.rc...
06-04 11:27:22.453     1     1 I init    : Parsing file /apex/com.android.wifi/etc/mainline_supplicant.rc...
06-04 11:27:22.453     1     1 I init    : Parsing file /apex/com.google.android.widevine/etc/com.google.android.widevine.rc...
06-04 11:27:22.471     1     1 I init    : linkerconfig generated /linkerconfig with mounted APEX modules info
06-04 11:27:22.471     1     1 I init    : starting service 'system_aconfigd_mainline_init'...
06-04 11:27:22.472     1     1 I init    : ... started service 'system_aconfigd_mainline_init' has pid 423
06-04 11:27:22.472     1     1 I init    : SVC_EXEC service 'system_aconfigd_mainline_init' pid 423 (uid 1000 gid 1000+0 context default) started; waiting...
06-04 11:27:22.477     1     1 I init    : Service 'system_aconfigd_mainline_init' (pid 423) exited with status 1 waiting took 0.005000 seconds
06-04 11:27:22.477     1     1 I init    : Sending signal 9 to service 'system_aconfigd_mainline_init' (pid 423) process group...
06-04 11:27:22.477     1     1 I libprocessgroup: Removed cgroup /sys/fs/cgroup/system/uid_1000/pid_423
06-04 11:27:22.477     1     1 I init    : starting service 'system_aconfigd_socket_service'...
06-04 11:27:22.477     1     1 I init    : Created socket '/dev/socket/aconfigd_system', mode 666, user 1000, group 1000
06-04 11:27:22.478     1     1 I init    : ... started service 'system_aconfigd_socket_service' has pid 424
06-04 11:27:22.478     1     1 I init    : starting service 'mainline_aconfigd_init'...
06-04 11:27:22.479     1     1 I init    : ... started service 'mainline_aconfigd_init' has pid 425
06-04 11:27:22.479     1     1 I init    : SVC_EXEC service 'mainline_aconfigd_init' pid 425 (uid 1000 gid 1000+0 context default) started; waiting...
06-04 11:27:22.483     1     1 I init    : Service 'system_aconfigd_socket_service' (pid 424) exited with status 0 oneshot service took 0.005000 seconds in background
06-04 11:27:22.483     1     1 I init    : Sending signal 9 to service 'system_aconfigd_socket_service' (pid 424) process group...
06-04 11:27:22.483     1     1 I libprocessgroup: Removed cgroup /sys/fs/cgroup/system/uid_1000/pid_424
06-04 11:27:22.611     1     1 I init    : Service 'mainline_aconfigd_init' (pid 425) exited with status 0 waiting took 0.132000 seconds
06-04 11:27:22.611     1     1 I init    : Sending signal 9 to service 'mainline_aconfigd_init' (pid 425) process group...
06-04 11:27:22.611     1     1 I libprocessgroup: Removed cgroup /sys/fs/cgroup/system/uid_1000/pid_425
06-04 11:27:22.611     1     1 I init    : starting service 'mainline_aconfigd_socket_service'...
06-04 11:27:22.611     1     1 I init    : Created socket '/dev/socket/aconfigd_mainline', mode 666, user 1000, group 1000
06-04 11:27:22.613     1     1 I init    : ... started service 'mainline_aconfigd_socket_service' has pid 426
06-04 11:27:22.613     1     1 I init    : starting service 'derive_sdk'...
06-04 11:27:22.614     1     1 I init    : ... started service 'derive_sdk' has pid 427
06-04 11:27:22.614     1     1 I init    : SVC_EXEC service 'derive_sdk' pid 427 (uid 9999 gid 9999+0 context default) started; waiting...
06-04 11:27:22.618     1     1 I init    : Service 'mainline_aconfigd_socket_service' (pid 426) exited with status 0 oneshot service took 0.006000 seconds in background
06-04 11:27:22.618     1     1 I init    : Sending signal 9 to service 'mainline_aconfigd_socket_service' (pid 426) process group...
06-04 11:27:22.618     1     1 I libprocessgroup: Removed cgroup /sys/fs/cgroup/system/uid_1000/pid_426
06-04 11:27:22.621     1     1 I init    : Service 'derive_sdk' (pid 427) exited with status 0 waiting took 0.007000 seconds
06-04 11:27:22.621     1     1 I init    : Sending signal 9 to service 'derive_sdk' (pid 427) process group...
06-04 11:27:22.621     1     1 I libprocessgroup: Removed cgroup /sys/fs/cgroup/system/uid_9999/pid_427
06-04 11:27:22.622   237   237 D vold    : fscrypt_init_user0
06-04 11:27:22.622   237   237 D vold    : Preparing: /data/misc/vold/user_keys
06-04 11:27:22.622     1     1 I init    : starting service 'exec 9 (/system/bin/vdc --wait cryptfs init_user0)'...
06-04 11:27:22.622     1     1 I init    : ... started service 'exec 9 (/system/bin/vdc --wait cryptfs init_user0)' has pid 428
06-04 11:27:22.622     1     1 I init    : SVC_EXEC service 'exec 9 (/system/bin/vdc --wait cryptfs init_user0)' pid 428 (uid 0 gid 0+0 context default) started; waiting...
06-04 11:27:22.626   428   428 W vdc     : Thread Pool max thread count is 0. Cannot cache binder as linkToDeath cannot be implemented. serviceName: vold
06-04 11:27:22.626   428   428 D vdc     : Waited 0ms for vold
06-04 11:27:22.623   237   237 D vold    : Preparing: /data/misc/vold/user_keys/ce
06-04 11:27:22.623   237   237 D vold    : Preparing: /data/misc/vold/user_keys/de
06-04 11:27:22.623   237   237 D vold    : Generating standard storage key
06-04 11:27:22.626   237   237 D vold    : Generating "key storage" key
06-04 11:27:22.626   249   249 I keystore2: system/security/keystore2/src/audit_log.rs:38 - Not logging audit event for key with domain r#BLOB
06-04 11:27:22.626   249   249 E keystore2: system/security/keystore2/src/error.rs:183 - system/security/keystore2/src/security_level.rs:680
06-04 11:27:22.626   249   249 E keystore2: 
06-04 11:27:22.626   249   249 E keystore2: Caused by:
06-04 11:27:22.626   249   249 E keystore2:     0: system/security/keystore2/src/security_level.rs:674: While generating without a provided attestation key and params: [KeyParameter { tag: r#ALGORITHM, value: Algorithm(r#AES) }, KeyParameter { tag: r#KEY_SIZE, value: Integer(256) }, KeyParameter { tag: r#PURPOSE, value: KeyPurpose(r#ENCRYPT) }, KeyParameter { tag: r#PURPOSE, value: KeyPurpose(r#DECRYPT) }, KeyParameter { tag: r#BLOCK_MODE, value: BlockMode(r#GCM) }, KeyParameter { tag: r#PADDING, value: PaddingMode(r#NONE) }, KeyParameter { tag: r#MIN_MAC_LENGTH, value: Integer(128) }, KeyParameter { tag: r#NO_AUTH_REQUIRED, value: BoolValue(true) }, KeyParameter { tag: r#ROLLBACK_RESISTANCE, value: BoolValue(true) }, KeyParameter { tag: r#CREATION_DATETIME, value: DateTime(1749025642626) }].
06-04 11:27:22.626   249   249 E keystore2:     1: Error::Km(r#ROLLBACK_RESISTANCE_UNAVAILABLE)
06-04 11:27:22.626   237   237 E vold    : keystore2 Keystore generateKey returned service specific error: -67
06-04 11:27:22.626   237   237 W vold    : Failed to generate rollback-resistant key.  This is expected if keystore doesn't support rollback resistance.  Falling back to non-rollback-resistant key.
06-04 11:27:22.626   249   249 I keystore2: system/security/keystore2/src/audit_log.rs:38 - Not logging audit event for key with domain r#BLOB
06-04 11:27:22.629   237   237 E vold    : keystore2 Keystore generateKey returned service specific error: -67
06-04 11:27:22.629   237   237 W vold    : Failed to generate rollback-resistant key.  This is expected if keystore doesn't support rollback resistance.  Falling back to non-rollback-resistant key.
06-04 11:27:22.629   237   237 D vold    : Stored key /data/misc/vold/user_keys/de/0
06-04 11:27:22.629   237   237 D vold    : Installed fscrypt key with ref c6e840bf8641151cd51801b84b7c5a22 to /data
06-04 11:27:22.629   237   237 I vold    : Created DE key for user 0
06-04 11:27:22.629   237   237 D vold    : Generating standard storage key
06-04 11:27:22.629   237   237 D vold    : Preparing: /data/misc/vold/user_keys/ce/0
06-04 11:27:22.629   237   237 D vold    : Installed fscrypt key with ref 9e42f24d85cdfcb549b78dbf1a37e9c6 to /data
06-04 11:27:22.629   237   237 I vold    : Created CE key for user 0
06-04 11:27:22.631   237   237 D vold    : Installed fscrypt key with ref c6e840bf8641151cd51801b84b7c5a22 to /data
06-04 11:27:22.631   237   237 D vold    : Installed de key for user 0
06-04 11:27:22.631   237   237 D vold    : Preparing: /data/data.new
06-04 11:27:22.631   237   237 I vold    : Encryption policy of /data/data.new set to 9e42f24d85cdfcb549b78dbf1a37e9c6 v2 modes 1/4 flags 0x2
