05-26 09:30:29.832   677   677 D SystemServerTiming: OnBootPhase_480_com.android.server.os.NativeTombstoneManagerService
05-26 09:30:29.832   677   677 D SystemServerTiming: OnBootPhase_480_com.android.server.os.BugreportManagerService
05-26 09:30:29.832   677   677 D SystemServerTiming: OnBootPhase_480_com.android.server.gpu.GpuService
05-26 09:30:29.832   677   677 D SystemServerTiming: OnBootPhase_480_com.android.server.security.rkp.RemoteProvisioningService
05-26 09:30:29.832   677   677 D SystemServerTiming: OnBootPhase_480_com.android.server.security.KeyChainSystemService
05-26 09:30:29.832   677   677 D SystemServerTiming: OnBootPhase_480_com.android.server.BinaryTransparencyService
05-26 09:30:29.832   677   677 D SystemServerTiming: OnBootPhase_480_com.android.server.telecom.TelecomLoaderService
05-26 09:30:29.832   677   677 D SystemServerTiming: OnBootPhase_480_com.android.server.accounts.AccountManagerService$Lifecycle
05-26 09:30:29.832   677   677 D SystemServerTiming: OnBootPhase_480_com.android.server.content.ContentService$Lifecycle
05-26 09:30:29.832   677   677 D SystemServerTiming: OnBootPhase_480_com.android.server.deviceconfig.DeviceConfigInit$Lifecycle
05-26 09:30:29.832   677   677 D SystemServerTiming: OnBootPhase_480_com.android.server.DropBoxManagerService
05-26 09:30:29.832   677   677 D SystemServerTiming: OnBootPhase_480_com.android.ecm.EnhancedConfirmationService
05-26 09:30:29.832   677   677 D SystemServerTiming: OnBootPhase_480_com.android.server.power.hint.HintManagerService
05-26 09:30:29.832   677   677 D SystemServerTiming: OnBootPhase_480_com.android.role.RoleService
05-26 09:30:29.832   677   677 D SystemServerTiming: OnBootPhase_480_com.android.server.supervision.SupervisionService$Lifecycle
05-26 09:30:29.832   677   677 D SystemServerTiming: OnBootPhase_480_com.android.server.vibrator.VibratorManagerService$Lifecycle
05-26 09:30:29.832   677   677 D SystemServerTiming: OnBootPhase_480_com.android.server.alarm.AlarmManagerService
05-26 09:30:29.832   677   677 D SystemServerTiming: OnBootPhase_480_com.android.server.input.InputManagerService$Lifecycle
05-26 09:30:29.832   677   677 D SystemServerTiming: OnBootPhase_480_com.android.server.devicestate.DeviceStateManagerService
05-26 09:30:29.832   677   677 D SystemServerTiming: OnBootPhase_480_com.android.server.camera.CameraServiceProxy
05-26 09:30:29.832   677   677 D SystemServerTiming: OnBootPhase_480_com.android.server.bluetooth.BluetoothService
05-26 09:30:29.832   677   677 D SystemServerTiming: OnBootPhase_480_com.android.server.connectivity.IpConnectivityMetrics
05-26 09:30:29.832   677   677 D SystemServerTiming: OnBootPhase_480_com.android.server.net.watchlist.NetworkWatchlistService$Lifecycle
05-26 09:30:29.832   677   677 D SystemServerTiming: OnBootPhase_480_com.android.server.pinner.PinnerService
05-26 09:30:29.832   677   677 D SystemServerTiming: OnBootPhase_480_com.android.server.integrity.AppIntegrityManagerService
05-26 09:30:29.832   677   677 D SystemServerTiming: OnBootPhase_480_com.android.server.logcat.LogcatManagerService
05-26 09:30:29.832   677   677 D SystemServerTiming: OnBootPhase_480_com.android.server.security.intrusiondetection.IntrusionDetectionService
05-26 09:30:29.832   677   677 D SystemServerTiming: OnBootPhase_480_com.android.server.appfunctions.AppFunctionManagerService
05-26 09:30:29.832   677   677 D SystemServerTiming: OnBootPhase_480_com.android.server.security.advancedprotection.AdvancedProtectionService$Lifecycle
05-26 09:30:29.832   677   677 D SystemServerTiming: OnBootPhase_480_com.android.server.TradeInModeService
05-26 09:30:29.832   677   677 D SystemServerTiming: OnBootPhase_480_com.android.server.inputmethod.InputMethodManagerService$Lifecycle
05-26 09:30:29.832   677   677 D SystemServerTiming: OnBootPhase_480_com.android.server.accessibility.AccessibilityManagerService$Lifecycle
05-26 09:30:29.832   677   677 D SystemServerTiming: OnBootPhase_480_com.android.server.StorageManagerService$Lifecycle
05-26 09:30:29.832   677   677 D SystemServerTiming: OnBootPhase_480_com.android.server.usage.StorageStatsService$Lifecycle
05-26 09:30:29.832   677   677 D SystemServerTiming: OnBootPhase_480_com.android.server.UiModeManagerService
05-26 09:30:29.832   677   677 D SystemServerTiming: OnBootPhase_480_com.android.server.locales.LocaleManagerService
05-26 09:30:29.832   677   677 D SystemServerTiming: OnBootPhase_480_com.android.server.grammaticalinflection.GrammaticalInflectionService
05-26 09:30:29.832   677   677 D SystemServerTiming: OnBootPhase_480_com.android.server.apphibernation.AppHibernationService
05-26 09:30:29.832   677   677 D SystemServerTiming: OnBootPhase_480_com.android.server.locksettings.LockSettingsService$Lifecycle
05-26 09:30:29.832   677   677 D SystemServerTiming: OnBootPhase_480_com.android.server.testharness.TestHarnessModeService
05-26 09:30:29.832   677   677 D SystemServerTiming: OnBootPhase_480_com.android.server.DeviceIdleController
05-26 09:30:29.832   677   677 D SystemServerTiming: OnBootPhase_480_com.android.server.devicepolicy.DevicePolicyManagerService$Lifecycle
05-26 09:30:29.836   677   677 D SystemServerTiming: OnBootPhase_480_com.android.server.musicrecognition.MusicRecognitionManagerService
05-26 09:30:29.836   677   677 D SystemServerTiming: OnBootPhase_480_com.android.server.contentcapture.ContentCaptureManagerService
05-26 09:30:29.836   677   677 D SystemServerTiming: OnBootPhase_480_com.android.server.systemcaptions.SystemCaptionsManagerService
05-26 09:30:29.836   677   677 D SystemServerTiming: OnBootPhase_480_com.android.server.texttospeech.TextToSpeechManagerService
05-26 09:30:29.836   677   677 D SystemServerTiming: OnBootPhase_480_com.android.server.wearable.WearableSensingManagerService
05-26 09:30:29.836   677   677 D SystemServerTiming: OnBootPhase_480_com.android.server.ondeviceintelligence.OnDeviceIntelligenceManagerService
05-26 09:30:29.836   677   677 D SystemServerTiming: OnBootPhase_480_com.android.server.ambientcontext.AmbientContextManagerService
05-26 09:30:29.836   677   714 D SystemServerTimingAsync: InitThreadPoolExec:DevicePolicyManager
05-26 09:30:29.836   677   677 D SystemServerTiming: OnBootPhase_480_com.android.server.speech.SpeechRecognitionManagerService
05-26 09:30:29.836   677   677 D SystemServerTiming: OnBootPhase_480_com.android.server.appprediction.AppPredictionManagerService
05-26 09:30:29.836   677   677 D SystemServerTiming: OnBootPhase_480_com.android.server.contentsuggestions.ContentSuggestionsManagerService
05-26 09:30:29.836   677   677 D SystemServerTiming: OnBootPhase_480_com.android.server.searchui.SearchUiManagerService
05-26 09:30:29.836   677   677 D SystemServerTiming: OnBootPhase_480_com.android.server.smartspace.SmartspaceManagerService
05-26 09:30:29.837   677   677 D SystemServerTiming: OnBootPhase_480_com.android.server.contextualsearch.ContextualSearchManagerService
05-26 09:30:29.837   677   677 D SystemServerTiming: OnBootPhase_480_com.android.server.graphics.fonts.FontManagerService$Lifecycle
05-26 09:30:29.837   677   677 D SystemServerTiming: OnBootPhase_480_com.android.server.textservices.TextServicesManagerService$Lifecycle
05-26 09:30:29.837   677   677 D SystemServerTiming: OnBootPhase_480_com.android.server.textclassifier.TextClassificationManagerService$Lifecycle
05-26 09:30:29.837   677   677 D SystemServerTiming: OnBootPhase_480_com.android.server.NetworkScoreService$Lifecycle
05-26 09:30:29.837   677   677 D SystemServerTiming: OnBootPhase_480_com.android.server.NetworkStatsServiceInitializer
05-26 09:30:29.837   677   677 D SystemServerTiming: OnBootPhase_480_com.android.server.wifi.WifiService
05-26 09:30:29.837   677   677 D SystemServerTiming: OnBootPhase_480_com.android.server.wifi.scanner.WifiScanningService
05-26 09:30:29.837   677   677 D SystemServerTiming: OnBootPhase_480_com.android.server.wifi.p2p.WifiP2pService
05-26 09:30:29.837   677   677 D SystemServerTiming: OnBootPhase_480_com.android.server.ConnectivityServiceInitializer
05-26 09:30:29.837   677   677 D SystemServerTiming: OnBootPhase_480_com.android.server.notification.NotificationManagerService
05-26 09:30:29.837   677   677 D SystemServerTiming: OnBootPhase_480_com.android.server.storage.DeviceStorageMonitorService
05-26 09:30:29.837   677   677 D SystemServerTiming: OnBootPhase_480_com.android.server.timedetector.TimeDetectorService$Lifecycle
05-26 09:30:29.837   677   677 D SystemServerTiming: OnBootPhase_480_com.android.server.location.LocationManagerService$Lifecycle
05-26 09:30:29.837   677   677 D SystemServerTiming: OnBootPhase_480_com.android.server.timezonedetector.TimeZoneDetectorService$Lifecycle
05-26 09:30:29.837   677   677 D SystemServerTiming: OnBootPhase_480_com.android.server.location.altitude.AltitudeService$Lifecycle
05-26 09:30:29.837   677   677 D SystemServerTiming: OnBootPhase_480_com.android.server.timezonedetector.location.LocationTimeZoneManagerService$Lifecycle
05-26 09:30:29.837   677   677 D SystemServerTiming: OnBootPhase_480_com.android.server.search.SearchManagerService$Lifecycle
05-26 09:30:29.837   677   677 D SystemServerTiming: OnBootPhase_480_com.android.server.wallpaper.WallpaperManagerService$Lifecycle
05-26 09:30:29.837   677   677 D SystemServerTiming: OnBootPhase_480_com.android.server.wallpapereffectsgeneration.WallpaperEffectsGenerationManagerService
05-26 09:30:29.837   677   677 D SystemServerTiming: OnBootPhase_480_com.android.server.audio.AudioService$Lifecycle
05-26 09:30:29.837   677   677 D SystemServerTiming: OnBootPhase_480_com.android.server.soundtrigger_middleware.SoundTriggerMiddlewareService$Lifecycle
05-26 09:30:29.837   677   677 D SystemServerTiming: OnBootPhase_480_com.android.server.DockObserver
05-26 09:30:29.837   677   677 D SystemServerTiming: OnBootPhase_480_com.android.server.midi.MidiService$Lifecycle
05-26 09:30:29.837   677   677 D SystemServerTiming: OnBootPhase_480_com.android.server.adb.AdbService$Lifecycle
05-26 09:30:29.837   677   677 D SystemServerTiming: OnBootPhase_480_com.android.server.usb.UsbService$Lifecycle
05-26 09:30:29.837   677   677 D SystemServerTiming: OnBootPhase_480_com.android.server.SerialService$Lifecycle
05-26 09:30:29.837   677   677 D SystemServerTiming: OnBootPhase_480_com.android.server.twilight.TwilightService
05-26 09:30:29.837   677   677 D SystemServerTiming: OnBootPhase_480_com.android.server.display.color.ColorDisplayService
05-26 09:30:29.837   677   677 D SystemServerTiming: OnBootPhase_480_com.android.server.job.JobSchedulerService
05-26 09:30:29.837   677   677 D SystemServerTiming: OnBootPhase_480_com.android.server.soundtrigger.SoundTriggerService
05-26 09:30:29.837   677   677 D SoundTriggerService: onBootPhase: 480 : false
05-26 09:30:29.837   677   677 D SystemServerTiming: OnBootPhase_480_com.android.server.trust.TrustManagerService
05-26 09:30:29.837   677   677 D SystemServerTiming: OnBootPhase_480_com.android.server.backup.BackupManagerService$Lifecycle
05-26 09:30:29.837   677   677 D SystemServerTiming: OnBootPhase_480_com.android.server.appwidget.AppWidgetService
05-26 09:30:29.837   677   677 D SystemServerTiming: OnBootPhase_480_com.android.server.voiceinteraction.VoiceInteractionManagerService
05-26 09:30:29.837   677   677 D SystemServerTiming: OnBootPhase_480_com.android.server.GestureLauncherService
05-26 09:30:29.837   677   677 D SystemServerTiming: OnBootPhase_480_com.android.server.SensorNotificationService
05-26 09:30:29.837   677   677 D SystemServerTiming: OnBootPhase_480_com.android.server.ContextHubSystemService
05-26 09:30:29.837   677   677 D SystemServerTiming: OnBootPhase_480_com.android.server.emergency.EmergencyAffordanceService
05-26 09:30:29.837   677   677 D SystemServerTiming: OnBootPhase_480_com.android.server.blob.BlobStoreManagerService
05-26 09:30:29.837   677   677 D SystemServerTiming: OnBootPhase_480_com.android.server.dreams.DreamManagerService
05-26 09:30:29.837   677   677 D SystemServerTiming: OnBootPhase_480_com.android.server.print.PrintManagerService
05-26 09:30:29.837   677   677 D SystemServerTiming: OnBootPhase_480_com.android.server.security.AttestationVerificationManagerService
05-26 09:30:29.837   677   677 D SystemServerTiming: OnBootPhase_480_com.android.server.companion.CompanionDeviceManagerService
05-26 09:30:29.837   677   677 D SystemServerTiming: OnBootPhase_480_com.android.server.companion.virtual.VirtualDeviceManagerService
05-26 09:30:29.837   677   677 D SystemServerTiming: OnBootPhase_480_com.android.server.restrictions.RestrictionsManagerService
05-26 09:30:29.837   677   677 D SystemServerTiming: OnBootPhase_480_com.android.server.media.MediaSessionService
05-26 09:30:29.837   677   677 D SystemServerTiming: OnBootPhase_480_com.android.server.media.MediaResourceMonitorService
05-26 09:30:29.837   677   677 D SystemServerTiming: OnBootPhase_480_com.android.server.biometrics.sensors.fingerprint.FingerprintService
05-26 09:30:29.837   677   677 D SystemServerTiming: OnBootPhase_480_com.android.server.biometrics.BiometricService
05-26 09:30:29.837   677   677 D SystemServerTiming: OnBootPhase_480_com.android.server.biometrics.AuthService
05-26 09:30:29.837   677   677 D SystemServerTiming: OnBootPhase_480_com.android.server.security.authenticationpolicy.AuthenticationPolicyService
05-26 09:30:29.837   677   677 D SystemServerTiming: OnBootPhase_480_com.android.server.pm.ShortcutService$Lifecycle
05-26 09:30:29.839   677   677 D SystemServerTiming: OnBootPhase_480_com.android.server.pm.LauncherAppsService
05-26 09:30:29.839   677   677 D SystemServerTiming: OnBootPhase_480_com.android.server.pm.CrossProfileAppsService
05-26 09:30:29.839   677   677 D SystemServerTiming: OnBootPhase_480_com.android.server.people.PeopleService
05-26 09:30:29.839   677   677 D SystemServerTiming: OnBootPhase_480_com.android.server.media.metrics.MediaMetricsManagerService
05-26 09:30:29.839   677   677 D SystemServerTiming: OnBootPhase_480_com.android.server.pm.BackgroundInstallControlService
05-26 09:30:29.839   677   677 D SystemServerTiming: OnBootPhase_480_com.android.server.media.projection.MediaProjectionManagerService
05-26 09:30:29.839   677   677 D SystemServerTiming: OnBootPhase_480_com.android.server.slice.SliceManagerService$Lifecycle
05-26 09:30:29.839   677   677 D SystemServerTiming: OnBootPhase_480_com.android.server.stats.StatsCompanion$Lifecycle
05-26 09:30:29.839   677   677 D SystemServerTiming: OnBootPhase_480_com.android.server.scheduling.RebootReadinessManagerService$Lifecycle
05-26 09:30:29.839   677   677 D SystemServerTiming: OnBootPhase_480_com.android.server.stats.pull.StatsPullAtomService
05-26 09:30:29.839   677   677 D SystemServerTiming: OnBootPhase_480_com.android.server.stats.bootstrap.StatsBootstrapAtomService$Lifecycle
05-26 09:30:29.839   677   677 D SystemServerTiming: OnBootPhase_480_com.android.server.incident.IncidentCompanionService
05-26 09:30:29.839   677   677 D SystemServerTiming: OnBootPhase_480_com.android.server.sdksandbox.SdkSandboxManagerService$Lifecycle
05-26 09:30:29.839   677   677 D SystemServerTiming: OnBootPhase_480_com.android.server.adservices.AdServicesManagerService$Lifecycle
05-26 09:30:29.839   677   677 D SystemServerTiming: OnBootPhase_480_com.android.server.ondevicepersonalization.OnDevicePersonalizationSystemService$Lifecycle
05-26 09:30:29.839   677   677 D SystemServerTiming: OnBootPhase_480_android.os.profiling.ProfilingService$Lifecycle
05-26 09:30:29.839   677   677 D SystemServerTiming: OnBootPhase_480_com.android.server.MmsServiceBroker
05-26 09:30:29.839   677   677 D SystemServerTiming: OnBootPhase_480_com.android.server.autofill.AutofillManagerService
05-26 09:30:29.839   677   677 D SystemServerTiming: OnBootPhase_480_com.android.server.credentials.CredentialManagerService
05-26 09:30:29.839   677   677 D SystemServerTiming: OnBootPhase_480_com.android.server.translation.TranslationManagerService
05-26 09:30:29.839   677   677 D SystemServerTiming: OnBootPhase_480_com.android.server.clipboard.ClipboardService
05-26 09:30:29.839   677   677 D SystemServerTiming: OnBootPhase_480_com.android.server.appbinding.AppBindingService$Lifecycle
05-26 09:30:29.839   677   677 D SystemServerTiming: OnBootPhase_480_com.android.server.tracing.TracingServiceProxy
05-26 09:30:29.839   677   677 D SystemServerTiming: OnBootPhase_480_com.android.server.os.instrumentation.DynamicInstrumentationManagerService
05-26 09:30:29.839   677   677 D SystemServerTiming: CommunalProfileInitializer.removeCommunalProfileIfPresent
05-26 09:30:29.839   677   677 D SystemServerTiming: StartBootPhaseSystemServicesReady
05-26 09:30:29.839   677   677 I SystemServiceManager: Starting phase 500
05-26 09:30:29.839   677   677 D SystemServerTiming: OnBootPhase_500
05-26 09:30:29.839   677   677 D SystemServerTiming: OnBootPhase_500_com.android.server.security.FileIntegrityService
05-26 09:30:29.839   677   677 D SystemServerTiming: OnBootPhase_500_com.android.server.pm.Installer
05-26 09:30:29.839   677   677 D SystemServerTiming: OnBootPhase_500_com.android.server.os.DeviceIdentifiersPolicyService
05-26 09:30:29.839   677   677 D SystemServerTiming: OnBootPhase_500_com.android.server.flags.FeatureFlagsService
05-26 09:30:29.839   677   677 D SystemServerTiming: OnBootPhase_500_com.android.server.uri.UriGrantsManagerService$Lifecycle
05-26 09:30:29.839   677   677 D SystemServerTiming: OnBootPhase_500_com.android.server.powerstats.PowerStatsService
05-26 09:30:29.839   677   677 D SystemServerTiming: OnBootPhase_500_com.android.server.permission.access.AccessCheckingService
05-26 09:30:29.839   677   677 D SystemServerTiming: OnBootPhase_500_com.android.server.wm.ActivityTaskManagerService$Lifecycle
05-26 09:30:29.839   677   677 D SystemServerTiming: OnBootPhase_500_com.android.server.am.ActivityManagerService$Lifecycle
05-26 09:30:29.840   677   677 E EnergyConsumerSnapshot: Unexpected battery voltage (0 mV) when taking energy consumer snapshot
05-26 09:30:29.840   677   677 W BatteryStatsImpl: Unexpected per uid modem model name ()
05-26 09:30:29.841   677   677 D SystemServerTiming: OnBootPhase_500_com.android.server.pm.DataLoaderManagerService
05-26 09:30:29.841   677   677 D SystemServerTiming: OnBootPhase_500_com.android.server.power.PowerManagerService
05-26 09:30:29.842   677   677 I AttentionDetector: readValuesFromDeviceConfig():
05-26 09:30:29.842   677   677 I AttentionDetector: mMaximumExtensionMillis=900000
05-26 09:30:29.842   677   677 I AttentionDetector: mPreDimCheckDurationMillis=2000
05-26 09:30:29.842   677   677 I AttentionDetector: mRequestedPostDimTimeoutMillis=0
05-26 09:30:29.851   677   750 W BatteryExternalStatsWorker: error reading modem stats:ERROR_PHONE_NOT_AVAILABLE
05-26 09:30:29.853   677   750 E EnergyConsumerSnapshot: Unexpected battery voltage (0 mV) when taking energy consumer snapshot
05-26 09:30:29.856   677   677 E DisplayPowerController[0]: failed to set up display white-balance: java.lang.IllegalStateException: cannot find sensor com.google.sensor.color
05-26 09:30:29.856   677   677 W DisplayPowerController[0]: Screen brightness nits configuration is unavailable; falling back
05-26 09:30:29.857   677   677 W ScreenTimeoutOverridePolicy: Screen timeout override is smaller than the minimum timeout : -1
05-26 09:30:29.860   677   750 W KernelMemoryBandwidthStats: No kernel memory bandwidth stats available
05-26 09:30:29.862   677   750 W BatteryExternalStatsWorker: error reading modem stats:ERROR_PHONE_NOT_AVAILABLE
05-26 09:30:29.863   677   760 W KeyguardServiceDelegate: onScreenTurningOn(): no keyguard service!
05-26 09:30:29.863   677   760 I DisplayPowerController: Window Manager Policy screenTurningOn complete
05-26 09:30:29.863   677   760 I DisplayBrightnessStrategySelector: Changing the DisplayBrightnessStrategy from InvalidBrightnessStrategy to OverrideBrightnessStrategy for display 0
05-26 09:30:29.863   677   677 E DeviceConfig: Parsing int failed for location_mode
05-26 09:30:29.864   677   677 I FaceDownDetector: readValuesFromDeviceConfig():
05-26 09:30:29.864   677   677 I FaceDownDetector: mAccelerationThreshold=0.2
05-26 09:30:29.864   677   677 I FaceDownDetector: mZAccelerationThreshold=-9.5
05-26 09:30:29.864   677   677 I FaceDownDetector: mTimeThreshold=PT1S
05-26 09:30:29.864   677   677 I FaceDownDetector: mIsEnabled=true
05-26 09:30:29.864   677   760 V DisplayPowerController[0]: Brightness [0.39763778] reason changing to: 'override(boot)', previous reason: '0'.
05-26 09:30:29.864   677   760 I DisplayPowerController[0]: BrightnessEvent: brt=0.39763778 (83.0%), nits= -1.0, lux=-1.0, reason=override(boot), strat=OverrideBrightnessStrategy, state=ON, stateReason=DEFAULT_POLICY, policy=BRIGHT, flags=, initBrt=NaN, rcmdBrt=NaN, preBrt=NaN, preLux=0.0, wasShortTermModelActive=false, autoBrightness=false (default), unclampedBrt=0.39763778, hbmMax=1.0, hbmMode=off, thrmMax=1.0, rbcStrength=0, powerFactor=1.0, physDisp=Built-in Screen(local:4619827259835644672), logicalId=0, slowChange=false, rampSpeed=0.70472443
05-26 09:30:29.867   677   677 I ScreenUndimDetector: readValuesFromDeviceConfig():
05-26 09:30:29.867   677   677 I ScreenUndimDetector: mKeepScreenOnForMillis=300000
05-26 09:30:29.867   677   677 I ScreenUndimDetector: mKeepScreenOnEnabled=false
05-26 09:30:29.867   677   677 I ScreenUndimDetector: mUndimsRequired=2
05-26 09:30:29.867   677   677 I ScreenUndimDetector: mMaxDurationBetweenUndimsMillis=600000
05-26 09:30:29.867   677   733 I DisplayDeviceRepository: Display device changed state: "Built-in Screen", ON
05-26 09:30:29.867   677   677 D SystemServerTiming: OnBootPhase_500_com.android.server.power.ThermalManagerService
05-26 09:30:29.867   677   677 D SystemServerTiming: OnBootPhase_500_com.android.server.recoverysystem.RecoverySystemService$Lifecycle
05-26 09:30:29.867   677   677 D SystemServerTiming: OnBootPhase_500_com.android.server.lights.LightsService
05-26 09:30:29.867   677   677 D SystemServerTiming: OnBootPhase_500_com.android.server.display.DisplayManagerService
05-26 09:30:29.867   677   677 D SystemServerTiming: OnBootPhase_500_com.android.server.pm.verify.domain.DomainVerificationService
05-26 09:30:29.867   677   677 D SystemServerTiming: OnBootPhase_500_com.android.server.pm.PackageInstallerService$Lifecycle
05-26 09:30:29.867   677   677 D SystemServerTiming: OnBootPhase_500_com.android.server.pm.UserManagerService$LifeCycle
05-26 09:30:29.867   677   677 D SystemServerTiming: OnBootPhase_500_com.android.server.om.OverlayManagerService
05-26 09:30:29.867   677   677 D SystemServerTiming: OnBootPhase_500_com.android.server.resources.ResourcesManagerService
05-26 09:30:29.867   677   677 D SystemServerTiming: OnBootPhase_500_com.android.server.sensorprivacy.SensorPrivacyService
05-26 09:30:29.867   677   760 D BrightnessThermalClamper: Thermal status observer already started
05-26 09:30:29.875   677   731 D WindowManager: DeferredDisplayUpdater: applying DisplayInfo(1080 x 2400) immediately
05-26 09:30:29.877   677   677 D SystemServerTiming: OnBootPhase_500_com.android.server.sensors.SensorService
05-26 09:30:29.877   677   677 D SystemServerTiming: OnBootPhase_500_com.android.server.SystemConfigService
05-26 09:30:29.877   677   677 D SystemServerTiming: OnBootPhase_500_com.android.server.BatteryService
05-26 09:30:29.877   677   677 D SystemServerTiming: OnBootPhase_500_com.android.server.usage.UsageStatsService
05-26 09:30:29.877   677   677 D AppStandbyController: Setting app idle enabled state
05-26 09:30:29.886   677   677 V LegacyHistoricalRegistry: Interaction before persistence initialized
05-26 09:30:29.886   677   677 D SystemServerTiming: OnBootPhase_500_com.android.server.webkit.WebViewUpdateService
05-26 09:30:29.886   677   677 D SystemServerTiming: OnBootPhase_500_com.android.server.CachedDeviceStateService
05-26 09:30:29.886   677   677 D SystemServerTiming: OnBootPhase_500_com.android.server.BinderCallsStatsService$LifeCycle
05-26 09:30:29.888   677   677 D SystemServerTiming: OnBootPhase_500_com.android.server.LooperStatsService$Lifecycle
05-26 09:30:29.889   677   677 D SystemServerTiming: OnBootPhase_500_com.android.server.rollback.RollbackManagerService
05-26 09:30:29.889   677   677 D SystemServerTiming: OnBootPhase_500_com.android.server.os.NativeTombstoneManagerService
05-26 09:30:29.889   677   677 D SystemServerTiming: OnBootPhase_500_com.android.server.os.BugreportManagerService
05-26 09:30:29.889   677   677 D SystemServerTiming: OnBootPhase_500_com.android.server.gpu.GpuService
05-26 09:30:29.889   677   677 D SystemServerTiming: OnBootPhase_500_com.android.server.security.rkp.RemoteProvisioningService
05-26 09:30:29.889   677   677 D SystemServerTiming: OnBootPhase_500_com.android.server.security.KeyChainSystemService
05-26 09:30:29.889   677   677 D SystemServerTiming: OnBootPhase_500_com.android.server.BinaryTransparencyService
05-26 09:30:29.889   677   677 D SystemServerTiming: OnBootPhase_500_com.android.server.telecom.TelecomLoaderService
05-26 09:30:29.889   677   677 D SystemServerTiming: OnBootPhase_500_com.android.server.accounts.AccountManagerService$Lifecycle
05-26 09:30:29.889   677   677 D SystemServerTiming: OnBootPhase_500_com.android.server.content.ContentService$Lifecycle
05-26 09:30:29.889   677   677 D SystemServerTiming: OnBootPhase_500_com.android.server.deviceconfig.DeviceConfigInit$Lifecycle
05-26 09:30:29.889   677   677 D SystemServerTiming: OnBootPhase_500_com.android.server.DropBoxManagerService
05-26 09:30:29.889   677   677 D SystemServerTiming: OnBootPhase_500_com.android.ecm.EnhancedConfirmationService
05-26 09:30:29.889   677   677 D SystemServerTiming: OnBootPhase_500_com.android.server.power.hint.HintManagerService
05-26 09:30:29.889   677   677 V HintManagerService: Initializing HintManager service...
05-26 09:30:29.890   677   677 V LegacyHistoricalRegistry: Interaction before persistence initialized
05-26 09:30:29.890   677   677 D SystemServerTiming: OnBootPhase_500_com.android.role.RoleService
05-26 09:30:29.890   677   677 D SystemServerTiming: OnBootPhase_500_com.android.server.supervision.SupervisionService$Lifecycle
05-26 09:30:29.890   677   677 D SystemServerTiming: OnBootPhase_500_com.android.server.vibrator.VibratorManagerService$Lifecycle
05-26 09:30:29.890   677   677 V VibratorManagerService: Initializing VibratorManager service...
05-26 09:30:29.890   677   677 V LegacyHistoricalRegistry: Interaction before persistence initialized
05-26 09:30:29.891   677   677 V VibratorManagerService: VibratorManager service initialized
05-26 09:30:29.891   677   677 D SystemServerTiming: OnBootPhase_500_com.android.server.alarm.AlarmManagerService
05-26 09:30:29.892   677   750 E EnergyConsumerSnapshot: Unexpected battery voltage (0 mV) when taking energy consumer snapshot
05-26 09:30:29.895   677   677 D SystemServerTiming: OnBootPhase_500_com.android.server.input.InputManagerService$Lifecycle
05-26 09:30:29.895   677   677 D SystemServerTiming: OnBootPhase_500_com.android.server.devicestate.DeviceStateManagerService
05-26 09:30:29.895   677   677 D SystemServerTiming: OnBootPhase_500_com.android.server.camera.CameraServiceProxy
05-26 09:30:29.895   677   677 D SystemServerTiming: OnBootPhase_500_com.android.server.bluetooth.BluetoothService
05-26 09:30:29.896   677   677 D SystemServerTiming: OnBootPhase_500_com.android.server.connectivity.IpConnectivityMetrics
05-26 09:30:29.897   677   677 D SystemServerTiming: OnBootPhase_500_com.android.server.net.watchlist.NetworkWatchlistService$Lifecycle
05-26 09:30:29.897   677   677 D SystemServerTiming: OnBootPhase_500_com.android.server.pinner.PinnerService
05-26 09:30:29.897   677   677 D SystemServerTiming: OnBootPhase_500_com.android.server.integrity.AppIntegrityManagerService
05-26 09:30:29.897   677   677 D SystemServerTiming: OnBootPhase_500_com.android.server.logcat.LogcatManagerService
05-26 09:30:29.897   677   677 D SystemServerTiming: OnBootPhase_500_com.android.server.security.intrusiondetection.IntrusionDetectionService
05-26 09:30:29.897   677   677 D SystemServerTiming: OnBootPhase_500_com.android.server.appfunctions.AppFunctionManagerService
05-26 09:30:29.897   677   677 D SystemServerTiming: OnBootPhase_500_com.android.server.security.advancedprotection.AdvancedProtectionService$Lifecycle
05-26 09:30:29.897   677   677 D AdvancedProtectionDisallowInstallUnknown: Clearing DISALLOW_INSTALL_UNKNOWN_SOURCES_GLOBALLY restriction
05-26 09:30:29.899   677   750 W BroadcastLoopers: Found previously unknown looper Thread[batterystats-handler,5,main]
05-26 09:30:29.901   677   677 I DevicePolicyManager: Changing user restriction no_install_unknown_sources_globally on all users to: false caller: CallerIdentity[uid=1000]
05-26 09:30:29.901   677   677 I AdvancedProtectionMTE: MTE unavailable on device, skipping.
05-26 09:30:29.901   677   677 D AdvancedProtectionDisallowCellular2G: Clearing DISALLOW_CELLULAR_2G_GLOBALLY restriction
05-26 09:30:29.906   677   677 I DevicePolicyManager: Changing user restriction no_cellular_2g on all users to: false caller: CallerIdentity[uid=1000]
05-26 09:30:29.906   677   677 D SystemServerTiming: OnBootPhase_500_com.android.server.TradeInModeService
05-26 09:30:29.906   677   677 D SystemServerTiming: OnBootPhase_500_com.android.server.inputmethod.InputMethodManagerService$Lifecycle
05-26 09:30:29.906   677   677 D SystemServerTiming: OnBootPhase_500_com.android.server.accessibility.AccessibilityManagerService$Lifecycle
05-26 09:30:29.906   677   677 D SystemServerTiming: OnBootPhase_500_com.android.server.StorageManagerService$Lifecycle
05-26 09:30:29.906   677   677 D SystemServerTiming: OnBootPhase_500_com.android.server.usage.StorageStatsService$Lifecycle
05-26 09:30:29.906   677   677 D SystemServerTiming: OnBootPhase_500_com.android.server.UiModeManagerService
05-26 09:30:29.907   677   677 I ActivityTaskManager: Config changes=200 {1.0 ?mcc0mnc [en_US] ldltr sw411dp w411dp h914dp 420dpi nrml long port finger qwerty/v/v dpad/v winConfig={ mBounds=Rect(0, 0 - 1080, 2400) mAppBounds=Rect(0, 0 - 1080, 2400) mMaxBounds=Rect(0, 0 - 1080, 2400) mDisplayRotation=ROTATION_0 mWindowingMode=fullscreen mActivityType=undefined mAlwaysOnTop=undefined mRotation=ROTATION_0} s.4 ?fontWeightAdjustment}
05-26 09:30:29.907   677   677 I WindowManager: Override config changes=200 {1.0 ?mcc0mnc [en_US] ldltr sw411dp w411dp h914dp 420dpi nrml long port finger qwerty/v/v dpad/v winConfig={ mBounds=Rect(0, 0 - 1080, 2400) mAppBounds=Rect(0, 0 - 1080, 2400) mMaxBounds=Rect(0, 0 - 1080, 2400) mDisplayRotation=ROTATION_0 mWindowingMode=fullscreen mActivityType=undefined mAlwaysOnTop=undefined mRotation=ROTATION_0} s.4 ?fontWeightAdjustment} for displayId=0
05-26 09:30:29.908   677   677 D SystemServerTiming: OnBootPhase_500_com.android.server.locales.LocaleManagerService
05-26 09:30:29.908   677   677 D SystemServerTiming: OnBootPhase_500_com.android.server.grammaticalinflection.GrammaticalInflectionService
05-26 09:30:29.908   677   677 D SystemServerTiming: OnBootPhase_500_com.android.server.apphibernation.AppHibernationService
05-26 09:30:29.909   677   677 D SystemServerTiming: OnBootPhase_500_com.android.server.locksettings.LockSettingsService$Lifecycle
05-26 09:30:29.909   677   677 D SystemServerTiming: OnBootPhase_500_com.android.server.testharness.TestHarnessModeService
05-26 09:30:29.909   677   677 D TestHarnessModeService: Setting up test harness mode
05-26 09:30:29.909   677   677 D TestHarnessModeService: Getting PersistentDataBlockManagerInternal from LocalServices
05-26 09:30:29.909   677   677 E TestHarnessModeService: Failed to start Test Harness Mode; no implementation of PersistentDataBlockManagerInternal was bound!
05-26 09:30:29.909   677   677 D SystemServerTiming: OnBootPhase_500_com.android.server.DeviceIdleController
05-26 09:30:29.909   677   677 V LegacyHistoricalRegistry: Interaction before persistence initialized
05-26 09:30:29.910   677   677 D SystemServerTiming: OnBootPhase_500_com.android.server.devicepolicy.DevicePolicyManagerService$Lifecycle
05-26 09:30:29.910   677   677 D SystemServerTiming: OnBootPhase_500_com.android.server.musicrecognition.MusicRecognitionManagerService
05-26 09:30:29.911   677   677 D SystemServerTiming: OnBootPhase_500_com.android.server.contentcapture.ContentCaptureManagerService
05-26 09:30:29.911   677   677 D SystemServerTiming: OnBootPhase_500_com.android.server.systemcaptions.SystemCaptionsManagerService
05-26 09:30:29.911   677   677 D SystemServerTiming: OnBootPhase_500_com.android.server.texttospeech.TextToSpeechManagerService
05-26 09:30:29.911   677   677 D SystemServerTiming: OnBootPhase_500_com.android.server.wearable.WearableSensingManagerService
05-26 09:30:29.911   677   677 D SystemServerTiming: OnBootPhase_500_com.android.server.ondeviceintelligence.OnDeviceIntelligenceManagerService
05-26 09:30:29.911   677   677 D SystemServerTiming: OnBootPhase_500_com.android.server.ambientcontext.AmbientContextManagerService
05-26 09:30:29.912   677   677 D SystemServerTiming: OnBootPhase_500_com.android.server.speech.SpeechRecognitionManagerService
05-26 09:30:29.912   677   677 D SystemServerTiming: OnBootPhase_500_com.android.server.appprediction.AppPredictionManagerService
05-26 09:30:29.912   677   677 D SystemServerTiming: OnBootPhase_500_com.android.server.contentsuggestions.ContentSuggestionsManagerService
05-26 09:30:29.912   677   677 D SystemServerTiming: OnBootPhase_500_com.android.server.searchui.SearchUiManagerService
05-26 09:30:29.912   677   677 D SystemServerTiming: OnBootPhase_500_com.android.server.smartspace.SmartspaceManagerService
05-26 09:30:29.912   677   677 D SystemServerTiming: OnBootPhase_500_com.android.server.contextualsearch.ContextualSearchManagerService
05-26 09:30:29.912   677   677 D SystemServerTiming: OnBootPhase_500_com.android.server.graphics.fonts.FontManagerService$Lifecycle
05-26 09:30:29.912   677   677 D SystemServerTiming: OnBootPhase_500_com.android.server.textservices.TextServicesManagerService$Lifecycle
05-26 09:30:29.912   677   677 D SystemServerTiming: OnBootPhase_500_com.android.server.textclassifier.TextClassificationManagerService$Lifecycle
05-26 09:30:29.912   677   677 D SystemServerTiming: OnBootPhase_500_com.android.server.NetworkScoreService$Lifecycle
05-26 09:30:29.912   677   677 D SystemServerTiming: OnBootPhase_500_com.android.server.NetworkStatsServiceInitializer
05-26 09:30:29.912   677   677 D SystemServerTiming: OnBootPhase_500_com.android.server.wifi.WifiService
05-26 09:30:29.912   677   677 D SystemServerTiming: OnBootPhase_500_com.android.server.wifi.scanner.WifiScanningService
05-26 09:30:29.912   677   677 D SystemServerTiming: OnBootPhase_500_com.android.server.wifi.p2p.WifiP2pService
05-26 09:30:29.913   677   677 D SystemServerTiming: OnBootPhase_500_com.android.server.ConnectivityServiceInitializer
05-26 09:30:29.918   677   856 W BroadcastLoopers: Found previously unknown looper Thread[WifiHandlerThread,5,main]
05-26 09:30:29.920   677   677 D SystemServerTiming: OnBootPhase_500_com.android.server.notification.NotificationManagerService
05-26 09:30:29.924   472   494 I android.hardware.wifi-service: Setting min callback version to 3
05-26 09:30:29.924   472   494 W android.hardware.wifi-service: Duplicate death notification registration
05-26 09:30:29.924   677   677 D SystemServerTiming: OnBootPhase_500_com.android.server.storage.DeviceStorageMonitorService
05-26 09:30:29.924   677   677 D SystemServerTiming: OnBootPhase_500_com.android.server.timedetector.TimeDetectorService$Lifecycle
05-26 09:30:29.924   677   677 D SystemServerTiming: OnBootPhase_500_com.android.server.location.LocationManagerService$Lifecycle
05-26 09:30:29.924   677   677 V LegacyHistoricalRegistry: Interaction before persistence initialized
05-26 09:30:29.925   677   677 D SystemServerTiming: OnBootPhase_500_com.android.server.timezonedetector.TimeZoneDetectorService$Lifecycle
05-26 09:30:29.925   677   677 D SystemServerTiming: OnBootPhase_500_com.android.server.location.altitude.AltitudeService$Lifecycle
05-26 09:30:29.925   677   677 D SystemServerTiming: OnBootPhase_500_com.android.server.timezonedetector.location.LocationTimeZoneManagerService$Lifecycle
05-26 09:30:29.925   677   677 D SystemServerTiming: OnBootPhase_500_com.android.server.search.SearchManagerService$Lifecycle
05-26 09:30:29.925   677   677 D SystemServerTiming: OnBootPhase_500_com.android.server.wallpaper.WallpaperManagerService$Lifecycle
05-26 09:30:29.925   677   677 D SystemServerTiming: OnBootPhase_500_com.android.server.wallpapereffectsgeneration.WallpaperEffectsGenerationManagerService
05-26 09:30:29.925   677   677 D SystemServerTiming: OnBootPhase_500_com.android.server.audio.AudioService$Lifecycle
05-26 09:30:29.925   677   677 D SystemServerTiming: OnBootPhase_500_com.android.server.soundtrigger_middleware.SoundTriggerMiddlewareService$Lifecycle
05-26 09:30:29.925   677   677 D SystemServerTiming: OnBootPhase_500_com.android.server.DockObserver
05-26 09:30:29.925   677   677 D SystemServerTiming: OnBootPhase_500_com.android.server.midi.MidiService$Lifecycle
05-26 09:30:29.925   677   677 D SystemServerTiming: OnBootPhase_500_com.android.server.adb.AdbService$Lifecycle
05-26 09:30:29.925   677   677 D SystemServerTiming: OnBootPhase_500_com.android.server.usb.UsbService$Lifecycle
05-26 09:30:29.925   677   677 D SystemServerTiming: OnBootPhase_500_com.android.server.SerialService$Lifecycle
05-26 09:30:29.925   677   677 D SystemServerTiming: OnBootPhase_500_com.android.server.twilight.TwilightService
05-26 09:30:29.925   677   677 D SystemServerTiming: OnBootPhase_500_com.android.server.display.color.ColorDisplayService
05-26 09:30:29.925   677   677 D SystemServerTiming: OnBootPhase_500_com.android.server.job.JobSchedulerService
05-26 09:30:29.928   472   494 I android.hardware.wifi-service: Wifi HAL started
05-26 09:30:29.935   677   677 V LegacyHistoricalRegistry: Interaction before persistence initialized
05-26 09:30:29.935   472   494 W android.hardware.wifi-service: No active wlan interfaces in use! Using default
05-26 09:30:29.935   472   494 E android.hardware.wifi-service: Unknown iface name: wlan0
05-26 09:30:29.935   472   494 E android.hardware.wifi-service: Unknown iface name: wlan0
05-26 09:30:29.936   677   677 D SystemServerTiming: OnBootPhase_500_com.android.server.soundtrigger.SoundTriggerService
05-26 09:30:29.936   677   677 D SoundTriggerService: onBootPhase: 500 : false
05-26 09:30:29.936   677   677 D SystemServerTiming: OnBootPhase_500_com.android.server.trust.TrustManagerService
05-26 09:30:29.937   472   494 W android.hardware.wifi-service: No active wlan interfaces in use! Using default
05-26 09:30:29.937   472   494 E android.hardware.wifi-service: Unknown iface name: wlan0
05-26 09:30:29.937   472   494 E android.hardware.wifi-service: Unknown iface name: wlan0
05-26 09:30:29.937   677   677 E SystemServiceRegistry: Manager wrapper not available: face
05-26 09:30:29.937   677   677 D SystemServerTiming: OnBootPhase_500_com.android.server.backup.BackupManagerService$Lifecycle
05-26 09:30:29.937   677   677 D SystemServerTiming: OnBootPhase_500_com.android.server.appwidget.AppWidgetService
05-26 09:30:29.937   677   677 D SystemServerTiming: OnBootPhase_500_com.android.server.voiceinteraction.VoiceInteractionManagerService
05-26 09:30:29.937   677   677 D SystemServerTiming: OnBootPhase_500_com.android.server.GestureLauncherService
05-26 09:30:29.937   677   677 D SystemServerTiming: OnBootPhase_500_com.android.server.SensorNotificationService
05-26 09:30:29.937   677   677 D SystemServerTiming: OnBootPhase_500_com.android.server.ContextHubSystemService
05-26 09:30:29.937   677   677 D SystemServerTiming: OnBootPhase_500_com.android.server.emergency.EmergencyAffordanceService
05-26 09:30:29.937   677   677 D SystemServerTiming: OnBootPhase_500_com.android.server.blob.BlobStoreManagerService
05-26 09:30:29.937   677   677 D SystemServerTiming: OnBootPhase_500_com.android.server.dreams.DreamManagerService
05-26 09:30:29.937   677   677 D SystemServerTiming: OnBootPhase_500_com.android.server.print.PrintManagerService
05-26 09:30:29.937   677   677 D SystemServerTiming: OnBootPhase_500_com.android.server.security.AttestationVerificationManagerService
05-26 09:30:29.937   677   677 D SystemServerTiming: OnBootPhase_500_com.android.server.companion.CompanionDeviceManagerService
05-26 09:30:29.937   677   677 D SystemServerTiming: OnBootPhase_500_com.android.server.companion.virtual.VirtualDeviceManagerService
05-26 09:30:29.937   677   677 D SystemServerTiming: OnBootPhase_500_com.android.server.restrictions.RestrictionsManagerService
05-26 09:30:29.937   677   677 D SystemServerTiming: OnBootPhase_500_com.android.server.media.MediaSessionService
05-26 09:30:29.937   677   677 D SystemServerTiming: OnBootPhase_500_com.android.server.media.MediaResourceMonitorService
05-26 09:30:29.937   677   677 D SystemServerTiming: OnBootPhase_500_com.android.server.biometrics.sensors.fingerprint.FingerprintService
05-26 09:30:29.937   677   677 D SystemServerTiming: OnBootPhase_500_com.android.server.biometrics.BiometricService
05-26 09:30:29.937   677   677 D SystemServerTiming: OnBootPhase_500_com.android.server.biometrics.AuthService
05-26 09:30:29.937   677   677 D SystemServerTiming: OnBootPhase_500_com.android.server.security.authenticationpolicy.AuthenticationPolicyService
05-26 09:30:29.937   677   677 D SystemServerTiming: OnBootPhase_500_com.android.server.pm.ShortcutService$Lifecycle
05-26 09:30:29.937   677   677 D SystemServerTiming: OnBootPhase_500_com.android.server.pm.LauncherAppsService
05-26 09:30:29.937   677   677 D SystemServerTiming: OnBootPhase_500_com.android.server.pm.CrossProfileAppsService
05-26 09:30:29.937   677   677 D SystemServerTiming: OnBootPhase_500_com.android.server.people.PeopleService
05-26 09:30:29.937   677   677 D SystemServerTiming: OnBootPhase_500_com.android.server.media.metrics.MediaMetricsManagerService
05-26 09:30:29.937   677   677 D SystemServerTiming: OnBootPhase_500_com.android.server.pm.BackgroundInstallControlService
05-26 09:30:29.937   677   677 D SystemServerTiming: OnBootPhase_500_com.android.server.media.projection.MediaProjectionManagerService
05-26 09:30:29.937   677   677 D SystemServerTiming: OnBootPhase_500_com.android.server.slice.SliceManagerService$Lifecycle
05-26 09:30:29.937   677   677 D SystemServerTiming: OnBootPhase_500_com.android.server.stats.StatsCompanion$Lifecycle
05-26 09:30:29.937   677   677 D SystemServerTiming: OnBootPhase_500_com.android.server.scheduling.RebootReadinessManagerService$Lifecycle
05-26 09:30:29.937   677   677 D SystemServerTiming: OnBootPhase_500_com.android.server.stats.pull.StatsPullAtomService
05-26 09:30:29.937   677   677 D SystemServerTiming: OnBootPhase_500_com.android.server.stats.bootstrap.StatsBootstrapAtomService$Lifecycle
05-26 09:30:29.937   677   677 D SystemServerTiming: OnBootPhase_500_com.android.server.incident.IncidentCompanionService
05-26 09:30:29.937   677   677 D SystemServerTiming: OnBootPhase_500_com.android.server.sdksandbox.SdkSandboxManagerService$Lifecycle
05-26 09:30:29.937   677   677 D SystemServerTiming: OnBootPhase_500_com.android.server.adservices.AdServicesManagerService$Lifecycle
05-26 09:30:29.937   677   677 D SystemServerTiming: OnBootPhase_500_com.android.server.ondevicepersonalization.OnDevicePersonalizationSystemService$Lifecycle
05-26 09:30:29.937   677   677 D SystemServerTiming: OnBootPhase_500_android.os.profiling.ProfilingService$Lifecycle
05-26 09:30:29.937   677   677 D SystemServerTiming: OnBootPhase_500_com.android.server.MmsServiceBroker
05-26 09:30:29.937   677   677 D SystemServerTiming: OnBootPhase_500_com.android.server.autofill.AutofillManagerService
05-26 09:30:29.937   677   677 D SystemServerTiming: OnBootPhase_500_com.android.server.credentials.CredentialManagerService
05-26 09:30:29.937   677   677 D SystemServerTiming: OnBootPhase_500_com.android.server.translation.TranslationManagerService
05-26 09:30:29.937   677   677 D SystemServerTiming: OnBootPhase_500_com.android.server.clipboard.ClipboardService
05-26 09:30:29.937   677   677 D SystemServerTiming: OnBootPhase_500_com.android.server.appbinding.AppBindingService$Lifecycle
05-26 09:30:29.937   677   677 D SystemServerTiming: OnBootPhase_500_com.android.server.tracing.TracingServiceProxy
05-26 09:30:29.937   677   677 D SystemServerTiming: OnBootPhase_500_com.android.server.os.instrumentation.DynamicInstrumentationManagerService
05-26 09:30:29.937   677   677 D SystemServerTiming: MakeWindowManagerServiceReady
05-26 09:30:29.938   472   494 I android.hardware.wifi-service: Adding interface handle for wlan0
05-26 09:30:29.938   472   494 W android.hardware.wifi-service: No active wlan interfaces in use! Using default
05-26 09:30:29.938   472   494 E android.hardware.wifi-service: Failed to register radio mode change callback
05-26 09:30:29.938   472   494 W android.hardware.wifi-service: No active wlan interfaces in use! Using default
05-26 09:30:29.939   677   677 D SystemServerTiming: RegisterLogMteState
05-26 09:30:29.939   677   677 V Configuration: Updating configuration, locales updated from [] to [en_US]
05-26 09:30:29.939   677   677 D SystemServerTiming: StartPermissionPolicyService
05-26 09:30:29.939   677   677 I SystemServiceManager: Starting com.android.server.policy.PermissionPolicyService
05-26 09:30:29.939   677   760 D BrightnessThermalClamper: Thermal status observer already started
05-26 09:30:29.940   472   494 E android.hardware.wifi-service: Failed to get SupportedIfaceCombinations matrix from legacy HAL: NOT_SUPPORTED
05-26 09:30:29.940   677   731 D WindowManager: DeferredDisplayUpdater: applying DisplayInfo(1080 x 2400) immediately
05-26 09:30:29.940   472   494 I android.hardware.wifi-service: Configured chip in mode 0
05-26 09:30:29.940   472   494 W android.hardware.wifi-service: No active wlan interfaces in use! Using default
05-26 09:30:29.940   472   472 W android.hardware.wifi-service: No active wlan interfaces in use! Using default
05-26 09:30:29.940   472   934 I android.hardware.wifi-service: Adding interface handle for wlan0
05-26 09:30:29.940   472   934 E android.hardware.wifi-service: Failed to set DFS flag; DFS channels may be unavailable.
05-26 09:30:29.941   677   677 D SystemServerTiming: MakePackageManagerServiceReady
05-26 09:30:29.941   472   934 I android.hardware.wifi-service: Setting min callback version to 3
05-26 09:30:29.941   472   934 I android.hardware.wifi-service: twtRegisterEvents is not supported-3
05-26 09:30:29.941   472   934 I android.hardware.wifi-service: Setting min callback version to 3
05-26 09:30:29.941   677   677 E UserManagerService: Auto-lock preference updated but private space user not found
05-26 09:30:29.941   472   934 E android.hardware.wifi-service: Failed to get chip capabilities from legacy HAL: NOT_SUPPORTED
05-26 09:30:29.941   605   605 I wificond: Current driver country code 00
05-26 09:30:29.942   605   605 I wificond: createClientInterface: wiphy_index 1 iface_name wlan0
05-26 09:30:29.942   605   605 I wificond: create scanner for interface with index: 16
05-26 09:30:29.942   605   605 I wificond: subscribe scan result for interface with index: 16
05-26 09:30:29.942   677   739 I HealthServiceWrapperAidl: health: HealthServiceWrapper listening to AIDL HAL
05-26 09:30:29.943   677   739 D StatsPullAtomService: Registering pullers with statsd
05-26 09:30:29.943   605   605 I wificond: add channel type 0 support at wiphy index: 1
05-26 09:30:29.943   605   605 I wificond: add channel type 1 support at wiphy index: 1
05-26 09:30:29.943   677   739 I StatsPullAtomService: register thermal listener successfully
05-26 09:30:29.945   472   934 E android.hardware.wifi-service: Failed to get SupportedRadioCombinations matrix from legacy HAL: NOT_SUPPORTED
05-26 09:30:29.945   677   677 V LegacyHistoricalRegistry: Interaction before persistence initialized
05-26 09:30:29.945   677   677 V LegacyHistoricalRegistry: Interaction before persistence initialized
05-26 09:30:29.952   677   677 V UserDataPreparer: Found /data/user_de/0 with serial number 0
05-26 09:30:29.952   677   677 V UserDataPreparer: Found /data/user/0 with serial number 0
05-26 09:30:29.952   677   677 V UserDataPreparer: Found /data/system_de/0 with serial number 0
05-26 09:30:29.952   677   677 V UserDataPreparer: Found /data/system_ce/0 with serial number 0
05-26 09:30:29.952   677   677 V UserDataPreparer: Found /data/misc_ce/0 with serial number 0
05-26 09:30:29.956   677   677 D SystemServerTiming: StartCrashRecoveryModule
05-26 09:30:29.956   677   677 I SystemServiceManager: Starting com.android.server.crashrecovery.CrashRecoveryModule$Lifecycle
05-26 09:30:29.956   677   677 I PackageWatchdog: Syncing state, reason: added new observer
05-26 09:30:29.956   677   677 I PackageWatchdog: Not pruning observers, elapsed time: 0ms
05-26 09:30:29.956   677   749 I PackageWatchdog: Saving observer state to file
05-26 09:30:29.957   677   677 D SystemServerTiming: MakeDisplayManagerServiceReady
05-26 09:30:29.959   677   677 I BrightnessSynchronizer: Initial brightness readings: 102(int), 0.39763778(float)
05-26 09:30:29.959   677   677 D SystemServerTiming: StartDeviceSpecificServices
05-26 09:30:29.960   677   677 D SystemServerTiming: GameManagerService
05-26 09:30:29.960   677   677 I SystemServiceManager: Starting com.android.server.app.GameManagerService$Lifecycle
05-26 09:30:29.961   677   764 E DefaultPermGrantPolicy: Package not found: com.google.android.apps.pixelmigrate
05-26 09:30:29.962   677   764 E DefaultPermGrantPolicy: Package not found: com.google.android.adservices
05-26 09:30:29.962   677   764 E DefaultPermGrantPolicy: Package not found: com.google.android.apps.mediashell
