06-04 11:27:24.677   683   683 D CompatConfig: Adding: com.android.server.compat.config.Change@ec58fed
06-04 11:27:24.677   683   683 D CompatConfig: Adding: com.android.server.compat.config.Change@a46ae22
06-04 11:27:24.677   683   683 D CompatConfig: Adding: com.android.server.compat.config.Change@972b0b3
06-04 11:27:24.677   683   683 D CompatConfig: Adding: com.android.server.compat.config.Change@51df670
06-04 11:27:24.677   683   683 D CompatConfig: Adding: com.android.server.compat.config.Change@9783de9
06-04 11:27:24.677   683   683 D CompatConfig: Adding: com.android.server.compat.config.Change@6458a6e
06-04 11:27:24.677   683   683 D CompatConfig: Adding: com.android.server.compat.config.Change@adda50f
06-04 11:27:24.677   683   683 D CompatConfig: Adding: com.android.server.compat.config.Change@144099c
06-04 11:27:24.677   683   683 D CompatConfig: Adding: com.android.server.compat.config.Change@f8dcfa5
06-04 11:27:24.677   683   683 D CompatConfig: Adding: com.android.server.compat.config.Change@343df7a
06-04 11:27:24.677   683   683 D CompatConfig: Adding: com.android.server.compat.config.Change@459832b
06-04 11:27:24.677   683   683 D CompatConfig: Adding: com.android.server.compat.config.Change@e562388
06-04 11:27:24.677   683   683 D CompatConfig: Adding: com.android.server.compat.config.Change@cb0c121
06-04 11:27:24.677   683   683 D CompatConfig: Adding: com.android.server.compat.config.Change@2a07946
06-04 11:27:24.677   683   683 D CompatConfig: Adding: com.android.server.compat.config.Change@56b2707
06-04 11:27:24.677   683   683 D CompatConfig: Adding: com.android.server.compat.config.Change@aedf034
06-04 11:27:24.677   683   683 D CompatConfig: Adding: com.android.server.compat.config.Change@2b74e5d
06-04 11:27:24.677   683   683 D CompatConfig: Adding: com.android.server.compat.config.Change@adae3d2
06-04 11:27:24.677   683   683 D CompatConfig: Adding: com.android.server.compat.config.Change@7092ca3
06-04 11:27:24.677   683   683 D CompatConfig: Adding: com.android.server.compat.config.Change@393dba0
06-04 11:27:24.677   683   683 D CompatConfig: Adding: com.android.server.compat.config.Change@9f7359
06-04 11:27:24.677   683   683 D CompatConfig: Adding: com.android.server.compat.config.Change@8df6b1e
06-04 11:27:24.677   683   683 D CompatConfig: Adding: com.android.server.compat.config.Change@f7efff
06-04 11:27:24.677   683   683 D CompatConfig: Adding: com.android.server.compat.config.Change@2eb11cc
06-04 11:27:24.677   683   683 D CompatConfig: Adding: com.android.server.compat.config.Change@d4aec15
06-04 11:27:24.677   683   683 D CompatConfig: Adding: com.android.server.compat.config.Change@a131b2a
06-04 11:27:24.677   683   683 D CompatConfig: Adding: com.android.server.compat.config.Change@8e58d1b
06-04 11:27:24.677   683   683 D CompatConfig: Adding: com.android.server.compat.config.Change@89d7eb8
06-04 11:27:24.677   683   683 D CompatConfig: Adding: com.android.server.compat.config.Change@1fb3491
06-04 11:27:24.677   683   683 D CompatConfig: Adding: com.android.server.compat.config.Change@b1fbff6
06-04 11:27:24.677   683   683 D CompatConfig: Adding: com.android.server.compat.config.Change@745dff7
06-04 11:27:24.677   683   683 D CompatConfig: Adding: com.android.server.compat.config.Change@307ce64
06-04 11:27:24.677   683   683 D CompatConfig: Adding: com.android.server.compat.config.Change@8d88cd
06-04 11:27:24.677   683   683 D CompatConfig: Adding: com.android.server.compat.config.Change@77fe582
06-04 11:27:24.677   683   683 D CompatConfig: Adding: com.android.server.compat.config.Change@dee8493
06-04 11:27:24.677   683   683 D CompatConfig: Adding: com.android.server.compat.config.Change@7a56cd0
06-04 11:27:24.677   683   683 D CompatConfig: Adding: com.android.server.compat.config.Change@176e4c9
06-04 11:27:24.677   683   683 D CompatConfig: Adding: com.android.server.compat.config.Change@5cad7ce
06-04 11:27:24.677   683   683 D CompatConfig: Adding: com.android.server.compat.config.Change@c72d6ef
06-04 11:27:24.677   683   683 D CompatConfig: Adding: com.android.server.compat.config.Change@63c85fc
06-04 11:27:24.677   683   683 D CompatConfig: Adding: com.android.server.compat.config.Change@5800485
06-04 11:27:24.677   683   683 D CompatConfig: Adding: com.android.server.compat.config.Change@cc0a2da
06-04 11:27:24.677   683   683 D CompatConfig: Adding: com.android.server.compat.config.Change@e3ff30b
06-04 11:27:24.677   683   683 D CompatConfig: Adding: com.android.server.compat.config.Change@2ca05e8
06-04 11:27:24.677   683   683 D CompatConfig: Adding: com.android.server.compat.config.Change@7416401
06-04 11:27:24.677   683   683 D CompatConfig: Adding: com.android.server.compat.config.Change@d1612a6
06-04 11:27:24.677   683   683 D CompatConfig: Adding: com.android.server.compat.config.Change@e78b4e7
06-04 11:27:24.677   683   683 D CompatConfig: Adding: com.android.server.compat.config.Change@22d9894
06-04 11:27:24.677   683   683 D CompatConfig: Adding: com.android.server.compat.config.Change@85f3f3d
06-04 11:27:24.677   683   683 D CompatConfig: Adding: com.android.server.compat.config.Change@c00b332
06-04 11:27:24.677   683   683 D CompatConfig: Adding: com.android.server.compat.config.Change@d91b883
06-04 11:27:24.677   683   683 D CompatConfig: Adding: com.android.server.compat.config.Change@595aa00
06-04 11:27:24.677   683   683 D CompatConfig: Adding: com.android.server.compat.config.Change@6859239
06-04 11:27:24.677   683   683 D CompatConfig: Adding: com.android.server.compat.config.Change@a82d07e
06-04 11:27:24.677   683   683 D CompatConfig: Adding: com.android.server.compat.config.Change@4ad59df
06-04 11:27:24.677   683   683 D CompatConfig: Adding: com.android.server.compat.config.Change@ab662c
06-04 11:27:24.677   683   683 D CompatConfig: Adding: com.android.server.compat.config.Change@42418f5
06-04 11:27:24.677   683   683 D CompatConfig: Adding: com.android.server.compat.config.Change@577768a
06-04 11:27:24.677   683   683 D CompatConfig: Adding: com.android.server.compat.config.Change@2b7b4fb
06-04 11:27:24.677   683   683 D CompatConfig: Adding: com.android.server.compat.config.Change@67eb918
06-04 11:27:24.677   683   683 D CompatConfig: Adding: com.android.server.compat.config.Change@ea4f71
06-04 11:27:24.677   683   683 D CompatConfig: Adding: com.android.server.compat.config.Change@a5e7156
06-04 11:27:24.677   683   683 D CompatConfig: Adding: com.android.server.compat.config.Change@f42a5d7
06-04 11:27:24.677   683   683 D CompatConfig: Adding: com.android.server.compat.config.Change@9324ec4
06-04 11:27:24.677   683   683 D CompatConfig: Adding: com.android.server.compat.config.Change@e0371ad
06-04 11:27:24.677   683   683 D CompatConfig: Adding: com.android.server.compat.config.Change@ce84ce2
06-04 11:27:24.677   683   683 D CompatConfig: Adding: com.android.server.compat.config.Change@f21c873
06-04 11:27:24.677   683   683 D CompatConfig: Adding: com.android.server.compat.config.Change@8679330
06-04 11:27:24.677   683   683 D CompatConfig: Adding: com.android.server.compat.config.Change@a127ba9
06-04 11:27:24.677   683   683 D CompatConfig: Adding: com.android.server.compat.config.Change@942552e
06-04 11:27:24.677   683   683 D CompatConfig: Adding: com.android.server.compat.config.Change@6c678cf
06-04 11:27:24.677   683   683 D CompatConfig: Adding: com.android.server.compat.config.Change@a6ab25c
06-04 11:27:24.677   683   683 D CompatConfig: Adding: com.android.server.compat.config.Change@ee2965
06-04 11:27:24.677   683   683 D CompatConfig: Adding: com.android.server.compat.config.Change@f22963a
06-04 11:27:24.677   683   683 D CompatConfig: Adding: com.android.server.compat.config.Change@65bd2eb
06-04 11:27:24.677   683   683 D CompatConfig: Adding: com.android.server.compat.config.Change@c1e9848
06-04 11:27:24.677   683   683 D CompatConfig: Adding: com.android.server.compat.config.Change@b1cf6e1
06-04 11:27:24.677   683   683 D CompatConfig: Adding: com.android.server.compat.config.Change@193dc06
06-04 11:27:24.677   683   683 D CompatConfig: Adding: com.android.server.compat.config.Change@ba2b2c7
06-04 11:27:24.677   683   683 D CompatConfig: Adding: com.android.server.compat.config.Change@3a8f0f4
06-04 11:27:24.677   683   683 D CompatConfig: Adding: com.android.server.compat.config.Change@911201d
06-04 11:27:24.677   683   683 D CompatConfig: Adding: com.android.server.compat.config.Change@781b292
06-04 11:27:24.677   683   683 D CompatConfig: Adding: com.android.server.compat.config.Change@58db463
06-04 11:27:24.677   683   683 D CompatConfig: Adding: com.android.server.compat.config.Change@1de2860
06-04 11:27:24.677   683   683 D CompatConfig: Adding: com.android.server.compat.config.Change@624a119
06-04 11:27:24.677   683   683 D CompatConfig: Adding: com.android.server.compat.config.Change@90465de
06-04 11:27:24.677   683   683 D CompatConfig: Adding: com.android.server.compat.config.Change@59d33bf
06-04 11:27:24.677   683   683 D CompatConfig: Adding: com.android.server.compat.config.Change@e6d6a8c
06-04 11:27:24.677   683   683 D CompatConfig: Adding: com.android.server.compat.config.Change@f5535d5
06-04 11:27:24.677   683   683 D CompatConfig: Adding: com.android.server.compat.config.Change@56d01ea
06-04 11:27:24.677   683   683 D CompatConfig: Adding: com.android.server.compat.config.Change@afb4cdb
06-04 11:27:24.677   683   683 D CompatConfig: Adding: com.android.server.compat.config.Change@acca378
06-04 11:27:24.677   683   683 D CompatConfig: Adding: com.android.server.compat.config.Change@9c05a51
06-04 11:27:24.677   683   683 D CompatConfig: Adding: com.android.server.compat.config.Change@e1152b6
06-04 11:27:24.677   683   683 D CompatConfig: Adding: com.android.server.compat.config.Change@357dbb7
06-04 11:27:24.677   683   683 D CompatConfig: Adding: com.android.server.compat.config.Change@7e47f24
06-04 11:27:24.677   683   683 D CompatConfig: Adding: com.android.server.compat.config.Change@4df4a8d
06-04 11:27:24.677   683   683 D CompatConfig: Adding: com.android.server.compat.config.Change@1d7e442
06-04 11:27:24.677   683   683 D CompatConfig: Adding: com.android.server.compat.config.Change@d847c53
06-04 11:27:24.677   683   683 D CompatConfig: Adding: com.android.server.compat.config.Change@a7c6990
06-04 11:27:24.677   683   683 D CompatConfig: Adding: com.android.server.compat.config.Change@4830289
06-04 11:27:24.677   683   683 D CompatConfig: Adding: com.android.server.compat.config.Change@584028e
06-04 11:27:24.677   683   683 D CompatConfig: Adding: com.android.server.compat.config.Change@9d08aaf
06-04 11:27:24.677   683   683 D CompatConfig: Adding: com.android.server.compat.config.Change@a668ebc
06-04 11:27:24.677   683   683 D CompatConfig: Adding: com.android.server.compat.config.Change@e903e45
06-04 11:27:24.677   683   683 D CompatConfig: Adding: com.android.server.compat.config.Change@4c1b99a
06-04 11:27:24.677   683   683 D CompatConfig: Found a config file: /system/etc/compatconfig/icu4j-platform-compat-config.xml
06-04 11:27:24.677   683   683 D CompatConfig: Adding: com.android.server.compat.config.Change@86bdaa8
06-04 11:27:24.677   683   683 D CompatConfig: Found a config file: /system/etc/compatconfig/framework-location-compat-config.xml
06-04 11:27:24.678   683   683 D CompatConfig: Adding: com.android.server.compat.config.Change@7f1d566
06-04 11:27:24.678   683   683 D CompatConfig: Adding: com.android.server.compat.config.Change@3e120a7
06-04 11:27:24.678   683   683 D CompatConfig: Adding: com.android.server.compat.config.Change@6f7f954
06-04 11:27:24.678   683   683 D CompatConfig: Adding: com.android.server.compat.config.Change@84f0fd
06-04 11:27:24.678   683   683 D CompatConfig: Adding: com.android.server.compat.config.Change@ab5e1f2
06-04 11:27:24.678   683   683 D CompatConfig: Adding: com.android.server.compat.config.Change@d752043
06-04 11:27:24.678   683   683 D CompatConfig: Adding: com.android.server.compat.config.Change@18556c0
06-04 11:27:24.678   683   683 D CompatConfig: Adding: com.android.server.compat.config.Change@eb49ff9
06-04 11:27:24.678   683   683 D CompatConfig: Found a config file: /system/etc/compatconfig/framework-ondeviceintelligence-platform-compat-config.xml
06-04 11:27:24.680   683   683 D CompatConfig: Found a config file: /system/etc/compatconfig/SystemUI-core-compat-config.xml
06-04 11:27:24.685   222   222 I servicemanager: Notifying apexservice they do (previously: don't) have clients when service is guaranteed to be in use
06-04 11:27:24.685   421   421 I AidlLazyServiceRegistrar: Process has 1 (of 1 available) client(s) in use after notification apexservice has clients: 1
06-04 11:27:24.685   421   421 I AidlLazyServiceRegistrar: Shutdown prevented by forcePersist override flag.
06-04 11:27:24.685   421   421 I apexd   : getActivePackages received by ApexService
06-04 11:27:24.681   683   683 D CompatConfig: Found a config file: /system/system_ext/etc/compatconfig/settings-platform-compat-config.xml
06-04 11:27:24.681   683   683 D CompatConfig: Adding: com.android.server.compat.config.Change@99642b5
06-04 11:27:24.681   683   683 D ApexManagerTiming: getActiveApexInfos_noCache
06-04 11:27:24.684   683   683 V ApexManagerTiming: getActiveApexInfos_noCache took to complete: 2ms
06-04 11:27:24.684   683   683 D CompatConfig: No directory /apex/com.android.neuralnetworks/etc/compatconfig, skipping
06-04 11:27:24.684   683   683 D CompatConfig: No directory /apex/com.android.ondevicepersonalization/etc/compatconfig, skipping
06-04 11:27:24.684   683   683 D CompatConfig: No directory /apex/com.android.runtime/etc/compatconfig, skipping
06-04 11:27:24.684   683   683 D CompatConfig: No directory /apex/com.android.hardware.cas/etc/compatconfig, skipping
06-04 11:27:24.684   683   683 D CompatConfig: No directory /apex/com.android.scheduling/etc/compatconfig, skipping
06-04 11:27:24.684   683   683 D CompatConfig: No directory /apex/com.android.hardware.power/etc/compatconfig, skipping
06-04 11:27:24.684   683   683 D CompatConfig: Found a config file: /apex/com.android.mediaprovider/etc/compatconfig/framework-pdf-v-platform-compat-config.xml
06-04 11:27:24.684   683   683 D CompatConfig: Adding: com.android.server.compat.config.Change@aa0128b
06-04 11:27:24.685   683   683 D CompatConfig: Found a config file: /apex/com.android.mediaprovider/etc/compatconfig/media-provider-platform-compat-config.xml
06-04 11:27:24.685   683   683 D CompatConfig: Adding: com.android.server.compat.config.Change@ca14f81
06-04 11:27:24.685   683   683 D CompatConfig: Adding: com.android.server.compat.config.Change@5ae5826
06-04 11:27:24.685   683   683 D CompatConfig: Adding: com.android.server.compat.config.Change@d7b4c67
06-04 11:27:24.685   683   683 D CompatConfig: Adding: com.android.server.compat.config.Change@d711a14
06-04 11:27:24.685   683   683 D CompatConfig: Adding: com.android.server.compat.config.Change@e9262bd
06-04 11:27:24.685   683   683 D CompatConfig: Adding: com.android.server.compat.config.Change@997d0b2
06-04 11:27:24.685   683   683 D CompatConfig: Adding: com.android.server.compat.config.Change@2e64803
06-04 11:27:24.685   683   683 D CompatConfig: Adding: com.android.server.compat.config.Change@b4fc380
06-04 11:27:24.685   683   683 D CompatConfig: Adding: com.android.server.compat.config.Change@3876db9
06-04 11:27:24.685   683   683 D CompatConfig: Adding: com.android.server.compat.config.Change@a2e45fe
06-04 11:27:24.685   683   683 D CompatConfig: Adding: com.android.server.compat.config.Change@f7b615f
06-04 11:27:24.685   683   683 D CompatConfig: Found a config file: /apex/com.android.permission/etc/compatconfig/framework-permission-s-compat-config.xml
06-04 11:27:24.685   683   683 D CompatConfig: Adding: com.android.server.compat.config.Change@2282c75
06-04 11:27:24.685   683   683 D CompatConfig: No directory /apex/com.android.sdkext/etc/compatconfig, skipping
06-04 11:27:24.685   683   683 D CompatConfig: No directory /apex/com.android.hardware.gatekeeper/etc/compatconfig, skipping
06-04 11:27:24.685   683   683 D CompatConfig: No directory /apex/com.android.media.swcodec/etc/compatconfig, skipping
06-04 11:27:24.685   683   683 D CompatConfig: No directory /apex/com.android.hardware.thermal/etc/compatconfig, skipping
06-04 11:27:24.686   683   683 D CompatConfig: Found a config file: /apex/com.android.art/etc/compatconfig/libcore-platform-compat-config.xml
06-04 11:27:24.686   683   683 D CompatConfig: Adding: com.android.server.compat.config.Change@d1eb47b
06-04 11:27:24.686   683   683 D CompatConfig: Adding: com.android.server.compat.config.Change@3328298
06-04 11:27:24.686   683   683 D CompatConfig: Adding: com.android.server.compat.config.Change@9dc1af1
06-04 11:27:24.686   683   683 D CompatConfig: Adding: com.android.server.compat.config.Change@a5316d6
06-04 11:27:24.686   683   683 D CompatConfig: Adding: com.android.server.compat.config.Change@5da1d57
06-04 11:27:24.686   683   683 D CompatConfig: Adding: com.android.server.compat.config.Change@b193044
06-04 11:27:24.686   683   683 D CompatConfig: Adding: com.android.server.compat.config.Change@f06752d
06-04 11:27:24.686   683   683 D CompatConfig: Adding: com.android.server.compat.config.Change@b41ca62
06-04 11:27:24.686   683   683 D CompatConfig: Adding: com.android.server.compat.config.Change@7937f3
06-04 11:27:24.686   683   683 D CompatConfig: Adding: com.android.server.compat.config.Change@b9b0cb0
06-04 11:27:24.686   683   683 D CompatConfig: Adding: com.android.server.compat.config.Change@f023729
06-04 11:27:24.686   683   683 D CompatConfig: Adding: com.android.server.compat.config.Change@3762aae
06-04 11:27:24.686   683   683 D CompatConfig: Adding: com.android.server.compat.config.Change@ae5604f
06-04 11:27:24.686   683   683 D CompatConfig: Adding: com.android.server.compat.config.Change@31c43dc
06-04 11:27:24.686   683   683 D CompatConfig: Adding: com.android.server.compat.config.Change@7de1ce5
06-04 11:27:24.686   683   683 D CompatConfig: Adding: com.android.server.compat.config.Change@47e43ba
06-04 11:27:24.686   683   683 D CompatConfig: Adding: com.android.server.compat.config.Change@e41b26b
06-04 11:27:24.686   683   683 D CompatConfig: Adding: com.android.server.compat.config.Change@17c1c8
06-04 11:27:24.686   683   683 D CompatConfig: No directory /apex/com.android.crashrecovery/etc/compatconfig, skipping
06-04 11:27:24.686   683   683 D CompatConfig: No directory /apex/com.android.virt/etc/compatconfig, skipping
06-04 11:27:24.686   683   683 D CompatConfig: No directory /apex/com.android.resolv/etc/compatconfig, skipping
06-04 11:27:24.686   683   683 D CompatConfig: No directory /apex/com.android.hardware.vibrator/etc/compatconfig, skipping
06-04 11:27:24.686   683   683 D CompatConfig: No directory /apex/com.android.hardware.dumpstate/etc/compatconfig, skipping
06-04 11:27:24.686   683   683 D CompatConfig: No directory /apex/com.android.adservices/etc/compatconfig, skipping
06-04 11:27:24.686   683   683 D CompatConfig: No directory /apex/com.android.uwb/etc/compatconfig, skipping
06-04 11:27:24.686   683   683 D CompatConfig: Found a config file: /apex/com.android.bt/etc/compatconfig/bluetoothapk-platform-compat-config.xml
06-04 11:27:24.686   683   683 D CompatConfig: Adding: com.android.server.compat.config.Change@8bce186
06-04 11:27:24.686   683   683 D CompatConfig: Found a config file: /apex/com.android.bt/etc/compatconfig/bluetooth-compat-config.xml
06-04 11:27:24.687   683   683 D CompatConfig: Adding: com.android.server.compat.config.Change@bcb3274
06-04 11:27:24.687   683   683 D CompatConfig: Found a config file: /apex/com.android.bt/etc/compatconfig/framework-bluetooth-compat-config.xml
06-04 11:27:24.687   683   683 D CompatConfig: Adding: com.android.server.compat.config.Change@bf59012
06-04 11:27:24.687   683   683 D CompatConfig: Adding: com.android.server.compat.config.Change@96003e3
06-04 11:27:24.687   683   683 D CompatConfig: Adding: com.android.server.compat.config.Change@3a301e0
06-04 11:27:24.687   683   683 D CompatConfig: No directory /apex/com.android.os.statsd/etc/compatconfig, skipping
06-04 11:27:24.687   683   683 D CompatConfig: No directory /apex/com.android.apex.cts.shim/etc/compatconfig, skipping
06-04 11:27:24.687   683   683 D CompatConfig: No directory /apex/com.android.nfcservices/etc/compatconfig, skipping
06-04 11:27:24.687   683   683 D CompatConfig: No directory /apex/com.android.ipsec/etc/compatconfig, skipping
06-04 11:27:24.687   683   683 D CompatConfig: No directory /apex/com.android.conscrypt/etc/compatconfig, skipping
06-04 11:27:24.687   683   683 D CompatConfig: No directory /apex/com.android.hardware.threadnetwork/etc/compatconfig, skipping
06-04 11:27:24.687   683   683 D CompatConfig: No directory /apex/com.android.adbd/etc/compatconfig, skipping
06-04 11:27:24.687   683   683 D CompatConfig: No directory /apex/com.android.appsearch/etc/compatconfig, skipping
06-04 11:27:24.687   683   683 D CompatConfig: No directory /apex/com.android.tzdata/etc/compatconfig, skipping
06-04 11:27:24.687   683   683 D CompatConfig: No directory /apex/com.android.hardware.neuralnetworks/etc/compatconfig, skipping
06-04 11:27:24.687   683   683 D CompatConfig: No directory /apex/com.android.hardware.authsecret/etc/compatconfig, skipping
06-04 11:27:24.687   683   683 D CompatConfig: No directory /apex/com.android.media/etc/compatconfig, skipping
06-04 11:27:24.687   683   683 D CompatConfig: No directory /apex/com.android.hardware.rebootescrow/etc/compatconfig, skipping
06-04 11:27:24.688   683   683 D CompatConfig: Found a config file: /apex/com.android.wifi/etc/compatconfig/wifi-compat-config.xml
06-04 11:27:24.688   683   683 D CompatConfig: Adding: com.android.server.compat.config.Change@989b5e
06-04 11:27:24.688   683   683 D CompatConfig: Adding: com.android.server.compat.config.Change@904fb3f
06-04 11:27:24.688   683   683 D CompatConfig: Adding: com.android.server.compat.config.Change@d665c0c
06-04 11:27:24.688   683   683 D CompatConfig: No directory /apex/com.android.cellbroadcast/etc/compatconfig, skipping
06-04 11:27:24.688   683   683 D CompatConfig: No directory /apex/com.android.devicelock/etc/compatconfig, skipping
06-04 11:27:24.688   683   683 D CompatConfig: No directory /apex/com.android.extservices/etc/compatconfig, skipping
06-04 11:27:24.688   683   683 D CompatConfig: No directory /apex/com.android.profiling/etc/compatconfig, skipping
06-04 11:27:24.688   683   683 D CompatConfig: No directory /apex/com.android.hardware.contexthub/etc/compatconfig, skipping
06-04 11:27:24.688   683   683 D CompatConfig: No directory /apex/com.android.configinfrastructure/etc/compatconfig, skipping
06-04 11:27:24.688   683   683 D CompatConfig: No directory /apex/com.android.healthfitness/etc/compatconfig, skipping
06-04 11:27:24.688   683   683 D CompatConfig: No directory /apex/com.google.android.widevine/etc/compatconfig, skipping
06-04 11:27:24.688   683   683 D CompatConfig: No directory /apex/com.android.rkpd/etc/compatconfig, skipping
06-04 11:27:24.688   683   683 D CompatConfig: No directory /apex/com.android.hardware.uwb/etc/compatconfig, skipping
06-04 11:27:24.688   683   683 D CompatConfig: Found a config file: /apex/com.android.tethering/etc/compatconfig/connectivity-platform-compat-config.xml
06-04 11:27:24.688   683   683 D CompatConfig: Adding: com.android.server.compat.config.Change@dcf0f6a
06-04 11:27:24.688   683   683 D CompatConfig: Adding: com.android.server.compat.config.Change@dd80c5b
06-04 11:27:24.688   683   683 D CompatConfig: Adding: com.android.server.compat.config.Change@2232cf8
06-04 11:27:24.688   683   683 D CompatConfig: Adding: com.android.server.compat.config.Change@7de5d1
06-04 11:27:24.688   683   683 D CompatConfig: Adding: com.android.server.compat.config.Change@246b836
06-04 11:27:24.688   683   683 D CompatConfig: Adding: com.android.server.compat.config.Change@4011337
06-04 11:27:24.688   683   683 D CompatConfig: Adding: com.android.server.compat.config.Change@bda20a4
06-04 11:27:24.688   683   683 D CompatConfig: Adding: com.android.server.compat.config.Change@4aa0e0d
06-04 11:27:24.688   683   683 D CompatConfig: Adding: com.android.server.compat.config.Change@7be21c2
06-04 11:27:24.688   683   683 D CompatConfig: No directory /apex/com.android.i18n/etc/compatconfig, skipping
06-04 11:27:24.688   683   683 D CompatConfig: No directory /apex/com.android.uprobestats/etc/compatconfig, skipping
06-04 11:27:24.690   683   683 W CompatConfig: Change ID 203673428 not found. Skipping overrides for it.
06-04 11:27:24.690   683   683 W CompatConfig: Change ID 200324021 not found. Skipping overrides for it.
06-04 11:27:24.692   683   683 V SystemServerTiming: PlatformCompat took to complete: 22ms
06-04 11:27:24.692   683   683 D SystemServerTiming: StartFileIntegrityService
06-04 11:27:24.692   683   683 I SystemServiceManager: Starting com.android.server.security.FileIntegrityService
06-04 11:27:24.692   683   683 V SystemServerTiming: StartFileIntegrityService took to complete: 0ms
06-04 11:27:24.692   683   683 D SystemServerTiming: StartInstaller
06-04 11:27:24.692   683   683 I SystemServiceManager: Starting com.android.server.pm.Installer
06-04 11:27:24.693   683   683 V SystemServerTiming: StartInstaller took to complete: 1ms
06-04 11:27:24.693   683   683 D SystemServerTiming: DeviceIdentifiersPolicyService
06-04 11:27:24.693   683   683 I SystemServiceManager: Starting com.android.server.os.DeviceIdentifiersPolicyService
06-04 11:27:24.693   683   683 V SystemServerTiming: DeviceIdentifiersPolicyService took to complete: 1ms
06-04 11:27:24.694   683   683 D SystemServerTiming: StartFeatureFlagsService
06-04 11:27:24.694   683   683 I SystemServiceManager: Starting com.android.server.flags.FeatureFlagsService
06-04 11:27:24.694   683   683 D FeatureFlagsService: Started Feature Flag Service
06-04 11:27:24.695   683   683 V SystemServerTiming: StartFeatureFlagsService took to complete: 1ms
06-04 11:27:24.695   683   683 D SystemServerTiming: UriGrantsManagerService
06-04 11:27:24.695   683   683 I SystemServiceManager: Starting com.android.server.uri.UriGrantsManagerService$Lifecycle
06-04 11:27:24.698   222   222 I servicemanager: Caller(pid=509,uid=1041,sid=u:r:audioserver:s0) Since 'activity' could not be found trying to start it as a lazy AIDL service. (if it's not configured to be a lazy service, it may be stuck starting or still starting).
06-04 11:27:24.695   683   683 V SystemServerTiming: UriGrantsManagerService took to complete: 0ms
06-04 11:27:24.695   683   683 D SystemServerTiming: StartPowerStatsService
06-04 11:27:24.698     1     1 E init    : Control message: Could not find 'aidl/activity' for ctl.interface_start from pid: 222 (/system/bin/servicemanager)
06-04 11:27:24.695   683   683 I SystemServiceManager: Starting com.android.server.powerstats.PowerStatsService
06-04 11:27:24.696   683   683 V SystemServerTiming: StartPowerStatsService took to complete: 1ms
06-04 11:27:24.696   683   683 D SystemServerTiming: StartIStatsService
06-04 11:27:24.698   712   712 I servicemanager: Caller(pid=509,uid=1041,sid=u:r:audioserver:s0) Tried to start aidl service activity as a lazy service, but was unable to. Usually this happens when a service is not installed, but if the service is intended to be used as a lazy service, then it may be configured incorrectly.
06-04 11:27:24.699   222   222 I servicemanager: Caller(pid=683,uid=1000,sid=u:r:system_server:s0) Found android.hardware.power.stats.IPowerStats/default in device VINTF manifest.
06-04 11:27:24.700   222   222 I servicemanager: Caller(pid=683,uid=1000,sid=u:r:system_server:s0) Found android.frameworks.stats.IStats/default in framework VINTF manifest.
06-04 11:27:24.696   683   683 V SystemServerTiming: StartIStatsService took to complete: 1ms
06-04 11:27:24.697   683   683 D SystemServerTiming: MemtrackProxyService
06-04 11:27:24.697   683   683 V SystemServerTiming: MemtrackProxyService took to complete: 0ms
06-04 11:27:24.697   683   683 D SystemServerTiming: StartAccessCheckingService
06-04 11:27:24.697   683   683 I SystemServiceManager: Starting com.android.server.permission.access.AccessCheckingService
06-04 11:27:24.698   683   683 V SystemServerTiming: StartAccessCheckingService took to complete: 1ms
06-04 11:27:24.698   683   683 D SystemServerTiming: StartActivityManager
06-04 11:27:24.698   683   683 I SystemServiceManager: Starting com.android.server.wm.ActivityTaskManagerService$Lifecycle
06-04 11:27:24.700   222   222 I servicemanager: Caller(pid=683,uid=1000,sid=u:r:system_server:s0) Could not find android.hardware.memtrack.IMemtrack/default in the VINTF manifest. No alternative instances declared in VINTF.
06-04 11:27:24.699   683   683 I SystemServiceManager: Starting com.android.server.am.ActivityManagerService$Lifecycle
06-04 11:27:24.701   683   683 I ActivityManager: Memory class: 192
06-04 11:27:24.701   683   715 I Binder  : Setting heavy hitter watcher config: false, 0, 0.0
06-04 11:27:24.705   683   683 W PowerProfile: ambient.on is deprecated! Use ambient.on.display0 instead.
06-04 11:27:24.705   683   683 W PowerProfile: screen.on is deprecated! Use screen.on.display0 instead.
06-04 11:27:24.705   683   683 W PowerProfile: screen.full is deprecated! Use screen.full.display0 instead.
06-04 11:27:24.705   683   683 W ModemPowerProfile: getAverageBatteryDrainMaH called with unexpected key: 0x0, drain:SLEEP,RAT:DEFAULT
06-04 11:27:24.705   683   683 W ModemPowerProfile: getAverageBatteryDrainMaH called with unexpected key: 0x10000000, drain:IDLE,RAT:DEFAULT
06-04 11:27:24.705   683   683 W ModemPowerProfile: getAverageBatteryDrainMaH called with unexpected key: 0x20000000, drain:RX,RAT:DEFAULT
06-04 11:27:24.705   683   683 W ModemPowerProfile: getAverageBatteryDrainMaH called with unexpected key: 0x30000000, drain:TX,level:0,RAT:DEFAULT
06-04 11:27:24.705   683   683 W ModemPowerProfile: getAverageBatteryDrainMaH called with unexpected key: 0x31000000, drain:TX,level:1,RAT:DEFAULT
06-04 11:27:24.705   683   683 W ModemPowerProfile: getAverageBatteryDrainMaH called with unexpected key: 0x32000000, drain:TX,level:2,RAT:DEFAULT
06-04 11:27:24.705   683   683 W ModemPowerProfile: getAverageBatteryDrainMaH called with unexpected key: 0x33000000, drain:TX,level:3,RAT:DEFAULT
06-04 11:27:24.705   683   683 W ModemPowerProfile: getAverageBatteryDrainMaH called with unexpected key: 0x34000000, drain:TX,level:4,RAT:DEFAULT
06-04 11:27:24.707   683   683 D BatteryStatsImpl: Reading daily items from /data/system/batterystats-daily.xml
06-04 11:27:24.716   683   683 I AppOps  : No existing app ops /data/system/appops.xml; starting empty
06-04 11:27:24.718   683   683 I IntentFirewall: Read new rules (A:0 B:0 S:0)
06-04 11:27:24.720   683   683 D OomAdjuster: Not killing cached processes
06-04 11:27:24.720   683   683 D AppOps  : AppOpsService published
06-04 11:27:24.720   683   700 W android.permission.PermissionManager: Missing ActivityManager; assuming 1047 does not hold android.permission.MANAGE_APP_OPS_MODES
06-04 11:27:24.721   683   683 V SystemServerTiming: StartActivityManager took to complete: 23ms
06-04 11:27:24.721   683   683 D SystemServerTiming: StartDataLoaderManagerService
06-04 11:27:24.721   683   683 I SystemServiceManager: Starting com.android.server.pm.DataLoaderManagerService
06-04 11:27:24.721   683   729 I CriticalEventLog: No log found, returning empty log proto.
06-04 11:27:24.721   683   683 V SystemServerTiming: StartDataLoaderManagerService took to complete: 0ms
06-04 11:27:24.721   683   683 D SystemServerTiming: StartIncrementalService
06-04 11:27:24.723   683   683 V SystemServerTiming: StartIncrementalService took to complete: 2ms
06-04 11:27:24.723   683   683 D SystemServerTiming: StartPowerManager
06-04 11:27:24.723   683   683 I SystemServiceManager: Starting com.android.server.power.PowerManagerService
06-04 11:27:24.725   683   683 V SystemServerTiming: StartPowerManager took to complete: 2ms
06-04 11:27:24.725   683   683 D SystemServerTiming: StartThermalManager
06-04 11:27:24.725   683   683 I SystemServiceManager: Starting com.android.server.power.ThermalManagerService
06-04 11:27:24.725   683   683 V SystemServerTiming: StartThermalManager took to complete: 0ms
06-04 11:27:24.725   683   683 D SystemServerTiming: InitPowerManagement
06-04 11:27:24.726   683   683 V SystemServerTiming: InitPowerManagement took to complete: 1ms
06-04 11:27:24.726   683   683 D SystemServerTiming: StartRecoverySystemService
06-04 11:27:24.726   683   683 I SystemServiceManager: Starting com.android.server.recoverysystem.RecoverySystemService$Lifecycle
06-04 11:27:24.726   683   683 V SystemServerTiming: StartRecoverySystemService took to complete: 0ms
06-04 11:27:24.726   683   683 D SystemServerTiming: StartLightsService
06-04 11:27:24.726   683   683 I SystemServiceManager: Starting com.android.server.lights.LightsService
06-04 11:27:24.727   222   222 I servicemanager: Caller(pid=683,uid=1000,sid=u:r:system_server:s0) Found android.system.suspend.ISystemSuspend/default in framework VINTF manifest.
06-04 11:27:24.728   222   222 I servicemanager: Caller(pid=683,uid=1000,sid=u:r:system_server:s0) Found android.hardware.power.IPower/default in device VINTF manifest.
06-04 11:27:24.730   222   222 I servicemanager: Caller(pid=683,uid=1000,sid=u:r:system_server:s0) Found android.hardware.light.ILights/default in device VINTF manifest.
06-04 11:27:24.727   683   683 V SystemServerTiming: StartLightsService took to complete: 1ms
06-04 11:27:24.727   683   683 D SystemServerTiming: StartDisplayOffloadService
06-04 11:27:24.727   683   683 V SystemServerTiming: StartDisplayOffloadService took to complete: 0ms
06-04 11:27:24.727   683   683 D SystemServerTiming: StartDisplayManager
06-04 11:27:24.727   683   683 I SystemServiceManager: Starting com.android.server.display.DisplayManagerService
06-04 11:27:24.730   683   683 D PluginManager: loading plugins from:
06-04 11:27:24.730   683   683 D PluginManager: loaded Plugins:[]
06-04 11:27:24.730   683   683 V SystemServerTiming: StartDisplayManager took to complete: 4ms
06-04 11:27:24.730   683   683 D SystemServerTiming: WaitForDisplay
06-04 11:27:24.730   683   683 I SystemServiceManager: Starting phase 100
06-04 11:27:24.730   683   683 D SystemServerTiming: OnBootPhase_100
06-04 11:27:24.730   683   683 D SystemServerTiming: OnBootPhase_100_com.android.server.security.FileIntegrityService
06-04 11:27:24.730   683   683 V SystemServerTiming: OnBootPhase_100_com.android.server.security.FileIntegrityService took to complete: 0ms
06-04 11:27:24.730   683   683 D SystemServerTiming: OnBootPhase_100_com.android.server.pm.Installer
06-04 11:27:24.730   683   683 V SystemServerTiming: OnBootPhase_100_com.android.server.pm.Installer took to complete: 0ms
06-04 11:27:24.730   683   683 D SystemServerTiming: OnBootPhase_100_com.android.server.os.DeviceIdentifiersPolicyService
06-04 11:27:24.730   683   683 V SystemServerTiming: OnBootPhase_100_com.android.server.os.DeviceIdentifiersPolicyService took to complete: 0ms
06-04 11:27:24.730   683   683 D SystemServerTiming: OnBootPhase_100_com.android.server.flags.FeatureFlagsService
06-04 11:27:24.730   683   683 V SystemServerTiming: OnBootPhase_100_com.android.server.flags.FeatureFlagsService took to complete: 0ms
06-04 11:27:24.731   683   683 D SystemServerTiming: OnBootPhase_100_com.android.server.uri.UriGrantsManagerService$Lifecycle
06-04 11:27:24.731   683   683 V SystemServerTiming: OnBootPhase_100_com.android.server.uri.UriGrantsManagerService$Lifecycle took to complete: 0ms
06-04 11:27:24.731   683   683 D SystemServerTiming: OnBootPhase_100_com.android.server.powerstats.PowerStatsService
06-04 11:27:24.731   683   683 V SystemServerTiming: OnBootPhase_100_com.android.server.powerstats.PowerStatsService took to complete: 0ms
06-04 11:27:24.731   683   683 D SystemServerTiming: OnBootPhase_100_com.android.server.permission.access.AccessCheckingService
06-04 11:27:24.731   683   683 V SystemServerTiming: OnBootPhase_100_com.android.server.permission.access.AccessCheckingService took to complete: 0ms
06-04 11:27:24.731   683   683 D SystemServerTiming: OnBootPhase_100_com.android.server.wm.ActivityTaskManagerService$Lifecycle
06-04 11:27:24.731   683   683 V SystemServerTiming: OnBootPhase_100_com.android.server.wm.ActivityTaskManagerService$Lifecycle took to complete: 0ms
06-04 11:27:24.731   683   683 D SystemServerTiming: OnBootPhase_100_com.android.server.am.ActivityManagerService$Lifecycle
06-04 11:27:24.731   683   683 V SystemServerTiming: OnBootPhase_100_com.android.server.am.ActivityManagerService$Lifecycle took to complete: 0ms
06-04 11:27:24.731   683   683 D SystemServerTiming: OnBootPhase_100_com.android.server.pm.DataLoaderManagerService
06-04 11:27:24.731   683   683 V SystemServerTiming: OnBootPhase_100_com.android.server.pm.DataLoaderManagerService took to complete: 0ms
06-04 11:27:24.731   683   683 D SystemServerTiming: OnBootPhase_100_com.android.server.power.PowerManagerService
06-04 11:27:24.731   683   683 V SystemServerTiming: OnBootPhase_100_com.android.server.power.PowerManagerService took to complete: 0ms
06-04 11:27:24.731   683   683 D SystemServerTiming: OnBootPhase_100_com.android.server.power.ThermalManagerService
06-04 11:27:24.731   683   683 V SystemServerTiming: OnBootPhase_100_com.android.server.power.ThermalManagerService took to complete: 0ms
06-04 11:27:24.731   683   683 D SystemServerTiming: OnBootPhase_100_com.android.server.recoverysystem.RecoverySystemService$Lifecycle
06-04 11:27:24.731   683   683 V SystemServerTiming: OnBootPhase_100_com.android.server.recoverysystem.RecoverySystemService$Lifecycle took to complete: 0ms
06-04 11:27:24.731   683   683 D SystemServerTiming: OnBootPhase_100_com.android.server.lights.LightsService
06-04 11:27:24.731   683   683 V SystemServerTiming: OnBootPhase_100_com.android.server.lights.LightsService took to complete: 0ms
06-04 11:27:24.731   683   683 D SystemServerTiming: OnBootPhase_100_com.android.server.display.DisplayManagerService
06-04 11:27:24.733   683   708 W LocalDisplayAdapter: DisplayModeSpecs base mode no longer available, using currently active mode.
06-04 11:27:24.733   683   708 E DisplayManagerService: Default display is null for info request from uid 1000
06-04 11:27:24.734   683   708 I DisplayDeviceRepository: Display device added: DisplayDeviceInfo{"Built-in Screen": uniqueId="local:4619827259835644672", 1080 x 2400, modeId 1, renderFrameRate 60.000004, hasArrSupport false, frameRateCategoryRate FrameRateCategoryRate {normal=60.0, high=90.0}, supportedRefreshRates [60.000004], defaultModeId 1, userPreferredModeId -1, supportedModes [{id=1, width=1080, height=2400, fps=60.000004, vsync=60.000004, synthetic=false, alternativeRefreshRates=[], supportedHdrTypes=[]}], colorMode 0, supportedColorModes [0], hdrCapabilities HdrCapabilities{mSupportedHdrTypes=[], mMaxLuminance=500.0, mMaxAverageLuminance=500.0, mMinLuminance=0.0}, isForceSdr false, allmSupported false, gameContentTypeSupported false, density 420, 420.0 x 420.0 dpi, appVsyncOff 1000000, presDeadline 16666666, touch INTERNAL, rotation 0, type INTERNAL, address {port=0, model=0x401cec6a7a2b7b}, deviceProductInfo DeviceProductInfo{name=EMU_display_0, manufacturerPnpId=GGL, productId=1, modelYear=null, manufactureDate=ManufactureDate{week=27, year=2006}, connectionToSinkType=1}, state UNKNOWN, committedState UNKNOWN, frameRateOverride , brightnessMinimum 0.035433073, brightnessMaximum 1.0, brightnessDefault 0.39763778, brightnessDim 0.05, hdrSdrRatio NaN, FLAG_ALLOWED_TO_BE_DEFAULT_DISPLAY, FLAG_ROTATES_WITH_CONTENT, FLAG_SECURE, FLAG_SUPPORTS_PROTECTED_BUFFERS, FLAG_TRUSTED, installOrientation 0, displayShape DisplayShape{ spec=-1893857183 displayWidth=1080 displayHeight=2400 physicalPixelDisplaySizeRatio=1.0 rotation=0 offsetX=0 offsetY=0 scale=1.0}}
06-04 11:27:24.734   683   708 I LogicalDisplayMapper: Applying layout: [{dispId: 0(ON), displayGroupName: , addr: {port=0, model=0x401cec6a7a2b7b}, mThermalBrightnessThrottlingMapId: null, mRefreshRateZoneId: null, mLeadDisplayId: -1, mLeadDisplayAddress: null, mThermalRefreshRateThrottlingMapId: null, mPowerThrottlingMapId: null}], Previous layout: null
06-04 11:27:24.735   683   708 I LogicalDisplayMapper: Setting new display group 0 for display 0, from previous group: null
06-04 11:27:24.736   683   683 V SystemServerTiming: OnBootPhase_100_com.android.server.display.DisplayManagerService took to complete: 5ms
06-04 11:27:24.736   683   683 V SystemServerTiming: OnBootPhase_100 took to complete: 5ms
06-04 11:27:24.736   683   683 V SystemServerTiming: WaitForDisplay took to complete: 5ms
06-04 11:27:24.736   683   683 D SystemServerTiming: StartDomainVerificationService
06-04 11:27:24.736   683   683 V SystemServerTiming: StartDomainVerificationService took to complete: 1ms
06-04 11:27:24.736   683   683 D SystemServerTiming: StartPackageManagerService
06-04 11:27:24.736   683   683 I Watchdog: Pausing HandlerChecker: main thread for reason: packagemanagermain. Pause count: 1
06-04 11:27:24.737   683   683 D PackageManagerTiming: create package manager
06-04 11:27:24.738   683   683 D PackageManagerTiming: createSubComponents
06-04 11:27:24.739   683   683 E UserManagerService: No user list file
06-04 11:27:24.739   683   683 E UserManagerService: userlist.xml not found, fallback to single user
06-04 11:27:24.744   683   683 W FileUtils: Failed to chmod(/data/system/packages.list): android.system.ErrnoException: chmod failed: ENOENT (No such file or directory)
06-04 11:27:24.745   683   683 V PackageManagerTiming: createSubComponents took to complete: 7ms
06-04 11:27:24.745   683   683 D PackageManagerTiming: get system config
06-04 11:27:24.745   683   683 V PackageManagerTiming: get system config took to complete: 0ms
06-04 11:27:24.745   683   683 D PackageManagerTiming: addSharedUsers
06-04 11:27:24.745   683   683 V PackageManagerTiming: addSharedUsers took to complete: 0ms
06-04 11:27:24.746   683   683 D SELinuxMMAC: Using policy file /system/etc/selinux/plat_mac_permissions.xml
06-04 11:27:24.747   683   683 D SELinuxMMAC: Using policy file /system_ext/etc/selinux/system_ext_mac_permissions.xml
06-04 11:27:24.747   683   683 D SELinuxMMAC: Using policy file /product/etc/selinux/product_mac_permissions.xml
06-04 11:27:24.748   683   683 D SELinuxMMAC: Using policy file /vendor/etc/selinux/vendor_mac_permissions.xml
06-04 11:27:24.748   683   683 D SELinuxMMAC: Using policy file /odm/etc/selinux/odm_mac_permissions.xml
06-04 11:27:24.748   683   683 D PackageManagerTiming: loadFallbacks
06-04 11:27:24.748   683   683 V Configuration: Updating configuration, locales updated from [] to [en_US]
06-04 11:27:24.749   683   683 V PackageManagerTiming: loadFallbacks took to complete: 1ms
06-04 11:27:24.749   683   683 D PackageManagerTiming: read user settings
06-04 11:27:24.749   683   683 I PackageManager: No package manager settings file
06-04 11:27:24.749   683   683 V PackageManagerTiming: read user settings took to complete: 1ms
06-04 11:27:24.749   683   683 D PackageManagerTiming: setFirstBoot: 
06-04 11:27:24.750   683   683 V PackageManagerTiming: setFirstBoot:  took to complete: 0ms
06-04 11:27:24.750   683   683 I AccessPersistence: /data/misc/apexdata/com.android.permission/access.abx not found
06-04 11:27:24.751   683   683 I AccessPersistence: /data/misc_de/0/apexdata/com.android.permission/access.abx not found
06-04 11:27:24.751   683   683 I LegacyAppOpStateParser: No existing app ops /data/system/appops.xml; starting empty
06-04 11:27:24.751   683   683 D PackageManager: Directories scanned as system partitions: [/system:0, /vendor:524288, /odm:4194304, /oem:262144, /product:1048576, /system_ext:2097152, /apex/com.android.neuralnetworks:58720256, /apex/com.android.ondevicepersonalization:58720256, /apex/com.android.runtime:41943040, /apex/com.android.hardware.cas:42467328, /apex/com.android.scheduling:58720256, /apex/com.android.hardware.power:42467328, /apex/com.android.mediaprovider:58720256, /apex/com.android.permission:58720256, /apex/com.android.sdkext:58720256, /apex/com.android.hardware.gatekeeper:42467328, /apex/com.android.media.swcodec:58720256, /apex/com.android.hardware.thermal:42467328, /apex/com.android.art:58720256, /apex/com.android.crashrecovery:58720256, /apex/com.android.virt:41943040, /apex/com.android.resolv:58720256, /apex/com.android.hardware.vibrator:42467328, /apex/com.android.hardware.dumpstate:42467328, /apex/com.android.adservices:58720256, /apex/com.android.uwb:58720256, /apex/com.android.bt:58720256, /apex/com.android.os.statsd:58720256, /apex/com.android.apex.cts.shim:41943040, /apex/com.android.nfcservices:58720256, /apex/com.android.ipsec:58720256, /apex/com.android.conscrypt:58720256, /apex/com.android.hardware.threadnetwork:42467328, /apex/com.android.adbd:58720256, /apex/com.android.appsearch:58720256, /apex/com.android.tzdata:41943040, /apex/com.android.hardware.neuralnetworks:42467328, /apex/com.android.hardware.authsecret:42467328, /apex/com.android.media:58720256, /apex/com.android.hardware.rebootescrow:42467328, /apex/com.android.wifi:58720256, /apex/com.android.cellbroadcast:58720256, /apex/com.android.devicelock:41943040, /apex/com.android.extservices:58720256, /apex/com.android.profiling:58720256, /apex/com.android.hardware.contexthub:42467328, /apex/com.android.configinfrastructure:58720256, /apex/com.android.healthfitness:58720256, /apex/com.google.android.widevine:42467328, /apex/com.android.rkpd:58720256, /apex/com.android.hardware.uwb:42467328, /apex/com.android.tethering:58720256, /apex/com.android.i18n:41943040, /apex/com.android.uprobestats:58720256]
06-04 11:27:24.755   421   421 I apexd   : getAllPackages received by ApexService
06-04 11:27:24.756   683   742 V Configuration: Updating configuration, locales updated from [] to [en_US]
06-04 11:27:24.756   683   745 V Configuration: Updating configuration, locales updated from [] to [en_US]
06-04 11:27:24.756   683   744 V Configuration: Updating configuration, locales updated from [] to [en_US]
06-04 11:27:24.757   683   743 V Configuration: Updating configuration, locales updated from [] to [en_US]
06-04 11:27:24.758   683   745 V Configuration: Updating configuration, locales updated from [] to [en_US]
06-04 11:27:24.758   683   742 V Configuration: Updating configuration, locales updated from [] to [en_US]
06-04 11:27:24.758   683   744 V Configuration: Updating configuration, locales updated from [] to [en_US]
06-04 11:27:24.758   683   745 V Configuration: Updating configuration, locales updated from [] to [en_US]
06-04 11:27:24.758   683   742 V Configuration: Updating configuration, locales updated from [] to [en_US]
06-04 11:27:24.759   683   744 V Configuration: Updating configuration, locales updated from [] to [en_US]
06-04 11:27:24.759   683   745 V Configuration: Updating configuration, locales updated from [] to [en_US]
06-04 11:27:24.759   683   743 V Configuration: Updating configuration, locales updated from [] to [en_US]
06-04 11:27:24.759   683   744 V Configuration: Updating configuration, locales updated from [] to [en_US]
06-04 11:27:24.759   683   745 V Configuration: Updating configuration, locales updated from [] to [en_US]
06-04 11:27:24.759   683   743 V Configuration: Updating configuration, locales updated from [] to [en_US]
06-04 11:27:24.760   683   743 V Configuration: Updating configuration, locales updated from [] to [en_US]
06-04 11:27:24.760   683   744 V Configuration: Updating configuration, locales updated from [] to [en_US]
06-04 11:27:24.760   683   742 V Configuration: Updating configuration, locales updated from [] to [en_US]
06-04 11:27:24.761   683   743 V Configuration: Updating configuration, locales updated from [] to [en_US]
06-04 11:27:24.761   683   744 V Configuration: Updating configuration, locales updated from [] to [en_US]
06-04 11:27:24.761   683   745 V Configuration: Updating configuration, locales updated from [] to [en_US]
06-04 11:27:24.761   683   744 V Configuration: Updating configuration, locales updated from [] to [en_US]
06-04 11:27:24.761   683   742 V Configuration: Updating configuration, locales updated from [] to [en_US]
06-04 11:27:24.761   683   744 V Configuration: Updating configuration, locales updated from [] to [en_US]
06-04 11:27:24.761   683   745 V Configuration: Updating configuration, locales updated from [] to [en_US]
06-04 11:27:24.762   683   743 V Configuration: Updating configuration, locales updated from [] to [en_US]
06-04 11:27:24.762   683   742 V Configuration: Updating configuration, locales updated from [] to [en_US]
06-04 11:27:24.762   683   744 V Configuration: Updating configuration, locales updated from [] to [en_US]
06-04 11:27:24.762   683   745 V Configuration: Updating configuration, locales updated from [] to [en_US]
06-04 11:27:24.762   683   743 V Configuration: Updating configuration, locales updated from [] to [en_US]
06-04 11:27:24.762   683   742 V Configuration: Updating configuration, locales updated from [] to [en_US]
06-04 11:27:24.763   683   743 V Configuration: Updating configuration, locales updated from [] to [en_US]
06-04 11:27:24.763   683   744 V Configuration: Updating configuration, locales updated from [] to [en_US]
06-04 11:27:24.763   683   743 V Configuration: Updating configuration, locales updated from [] to [en_US]
06-04 11:27:24.763   683   744 V Configuration: Updating configuration, locales updated from [] to [en_US]
06-04 11:27:24.763   683   745 V Configuration: Updating configuration, locales updated from [] to [en_US]
06-04 11:27:24.763   683   742 V Configuration: Updating configuration, locales updated from [] to [en_US]
06-04 11:27:24.763   683   743 V Configuration: Updating configuration, locales updated from [] to [en_US]
