06-04 11:27:13.755     1     1 I init    : Parsing file /system/etc/init/prefetch.rc...
06-04 11:27:13.755     1     1 I init    : Parsing file /system/etc/init/prng_seeder.rc...
06-04 11:27:13.756     1     1 I init    : Parsing file /system/etc/init/profcollectd.rc...
06-04 11:27:13.756     1     1 I init    : Parsing file /system/etc/init/recovery-persist.rc...
06-04 11:27:13.756     1     1 I init    : Parsing file /system/etc/init/recovery-refresh.rc...
06-04 11:27:13.756     1     1 I init    : Parsing file /system/etc/init/rss_hwm_reset.rc...
06-04 11:27:13.756     1     1 I init    : Parsing file /system/etc/init/servicemanager.rc...
06-04 11:27:13.756     1     1 I init    : Parsing file /system/etc/init/simpleperf.rc...
06-04 11:27:13.756     1     1 I init    : Parsing file /system/etc/init/snapuserd.rc...
06-04 11:27:13.756     1     1 I init    : Parsing file /system/etc/init/storaged.rc...
06-04 11:27:13.756     1     1 I init    : Parsing file /system/etc/init/surfaceflinger.rc...
06-04 11:27:13.756     1     1 I init    : Parsing file /system/etc/init/tombstoned.rc...
06-04 11:27:13.756     1     1 I init    : Parsing file /system/etc/init/traced_perf.rc...
06-04 11:27:13.756     1     1 I init    : Parsing file /system/etc/init/tradeinmode.rc...
06-04 11:27:13.756     1     1 I init    : Parsing file /system/etc/init/uncrypt.rc...
06-04 11:27:13.756     1     1 I init    : Parsing file /system/etc/init/update_engine.rc...
06-04 11:27:13.757     1     1 I init    : Parsing file /system/etc/init/update_verifier.rc...
06-04 11:27:13.757     1     1 I init    : Parsing file /system/etc/init/usbd.rc...
06-04 11:27:13.757     1     1 I init    : Parsing file /system/etc/init/virtual_camera.hal.rc...
06-04 11:27:13.757     1     1 I init    : Parsing file /system/etc/init/vold.rc...
06-04 11:27:13.757     1     1 I init    : Parsing file /system/etc/init/wifi.rc...
06-04 11:27:13.757     1     1 I init    : Parsing file /system/etc/init/wificond.rc...
06-04 11:27:13.757     1     1 I init    : Parsing directory /system_ext/etc/init...
06-04 11:27:13.757     1     1 I init    : Parsing file /system_ext/etc/init/android.hidl.allocator@1.0-service.rc...
06-04 11:27:13.757     1     1 I init    : Parsing file /system_ext/etc/init/hwservicemanager.rc...
06-04 11:27:13.757     1     1 I init    : Parsing file /system_ext/etc/init/init.system_ext.radio.rc...
06-04 11:27:13.757     1     1 I init    : Parsing file /system_ext/etc/init/init.system_ext.rc...
06-04 11:27:13.757     1     1 I init    : Parsing directory /vendor/etc/init...
06-04 11:27:13.757     1     1 I init    : Parsing file /vendor/etc/init/android.hardware.audio.service.rc...
06-04 11:27:13.757     1     1 I init    : Parsing file /vendor/etc/init/android.hardware.biometrics.fingerprint-service.ranchu.rc...
06-04 11:27:13.758     1     1 I init    : Parsing file /vendor/etc/init/android.hardware.camera.provider.ranchu.rc...
06-04 11:27:13.758     1     1 I init    : Parsing file /vendor/etc/init/android.hardware.camera.provider@2.7-service-google.rc...
06-04 11:27:13.758     1     1 I init    : Parsing file /vendor/etc/init/android.hardware.drm-service-lazy.clearkey.rc...
06-04 11:27:13.758     1     1 I init    : Parsing file /vendor/etc/init/android.hardware.gnss-service.ranchu.rc...
06-04 11:27:13.758     1     1 I init    : Parsing file /vendor/etc/init/android.hardware.graphics.allocator-service.ranchu.rc...
06-04 11:27:13.758     1     1 I init    : Parsing file /vendor/etc/init/android.hardware.health-service.example.rc...
06-04 11:27:13.758     1     1 I init    : Parsing file /vendor/etc/init/android.hardware.media.c2@1.0-service-goldfish.rc...
06-04 11:27:13.758     1     1 I init    : Parsing file /vendor/etc/init/android.hardware.radio.ranchu.rc...
06-04 11:27:13.758     1     1 I init    : Parsing file /vendor/etc/init/android.hardware.security.keymint-service.rc...
06-04 11:27:13.758     1     1 I init    : Parsing file /vendor/etc/init/android.hardware.sensors-service-multihal.rc...
06-04 11:27:13.758     1     1 I init    : Parsing file /vendor/etc/init/android.hardware.usb-service.example.rc...
06-04 11:27:13.758     1     1 I init    : Parsing file /vendor/etc/init/android.hardware.wifi-service.rc...
06-04 11:27:13.759     1     1 I init    : Parsing file /vendor/etc/init/bluetooth-service-default.rc...
06-04 11:27:13.759     1     1 I init    : Parsing file /vendor/etc/init/boringssl_self_test.rc...
06-04 11:27:13.759     1     1 I init    : Added '/vendor/etc/boringssl_self_test.zygote64.rc' to import list
06-04 11:27:13.759     1     1 I init    : Parsing file /vendor/etc/boringssl_self_test.zygote64.rc...
06-04 11:27:13.759     1     1 I init    : Parsing file /vendor/etc/init/health-storage-default.rc...
06-04 11:27:13.759     1     1 I init    : Parsing file /vendor/etc/init/hostapd.android.rc...
06-04 11:27:13.759     1     1 I init    : Parsing file /vendor/etc/init/hwc3.rc...
06-04 11:27:13.759     1     1 I init    : Parsing file /vendor/etc/init/identity-default.rc...
06-04 11:27:13.759     1     1 I init    : Parsing file /vendor/etc/init/lights-default.rc...
06-04 11:27:13.759     1     1 I init    : Parsing file /odm/etc/init...
06-04 11:27:13.759     1     1 I init    : Unable to read config file '/odm/etc/init': open() failed: No such file or directory
06-04 11:27:13.759     1     1 I init    : Parsing file /product/etc/init...
06-04 11:27:13.759     1     1 I init    : Unable to read config file '/product/etc/init': open() failed: No such file or directory
06-04 11:27:13.759     1     1 I init    : processing action (SetupCgroups) from (<Builtin Action>:0)
06-04 11:27:13.760     1     1 I libprocessgroup: Using system/app isolation under: /sys/fs/cgroup
06-04 11:27:13.763     1     1 I init    : processing action (SetKptrRestrict) from (<Builtin Action>:0)
06-04 11:27:13.763     1     1 I init    : processing action (TestPerfEventSelinux) from (<Builtin Action>:0)
06-04 11:27:13.763     1     1 I init    : processing action (early-init) from (/system/etc/init/hw/init.rc:15)
06-04 11:27:13.764     1     1 I init    : starting service 'ueventd'...
06-04 11:27:13.765     1     1 W libprocessgroup: A JoinCgroup action in the SystemMemoryProcess profile is used for controller memory in the cgroup v2 hierarchy and will be ignored
06-04 11:27:13.765     1     1 I init    : ... started service 'ueventd' has pid 96
06-04 11:27:13.766     1     1 I init    : starting service 'apexd-bootstrap'...
06-04 11:27:13.767     1     1 I init    : ... started service 'apexd-bootstrap' has pid 98
06-04 11:27:13.767     1     1 I init    : SVC_EXEC service 'apexd-bootstrap' pid 98 (uid 0 gid 1000+0 context default) started; waiting...
06-04 11:27:13.768    96    96 I ueventd : ueventd started!
06-04 11:27:13.769    96    96 I selinux : SELinux: Loaded file context from:
06-04 11:27:13.769    96    96 I selinux : /system/etc/selinux/plat_file_contexts
06-04 11:27:13.769    96    96 I selinux : /system_ext/etc/selinux/system_ext_file_contexts
06-04 11:27:13.769    96    96 I selinux : /product/etc/selinux/product_file_contexts
06-04 11:27:13.769    96    96 I selinux : /vendor/etc/selinux/vendor_file_contexts
06-04 11:27:13.769    96    96 I selinux : /odm/etc/selinux/odm_file_contexts
06-04 11:27:13.769    96    96 I ueventd : Parsing file /system/etc/ueventd.rc...
06-04 11:27:13.769    96    96 I ueventd : Added '/vendor/etc/ueventd.rc' to import list
06-04 11:27:13.769    96    96 I ueventd : Added '/odm/etc/ueventd.rc' to import list
06-04 11:27:13.769    96    96 I ueventd : Parsing file /vendor/etc/ueventd.rc...
06-04 11:27:13.770    96    96 I ueventd : Parsing file /odm/etc/ueventd.rc...
06-04 11:27:13.770    96    96 I ueventd : Unable to read config file '/odm/etc/ueventd.rc': open() failed: No such file or directory
06-04 11:27:13.787    96    96 I ueventd : Coldboot took 0.017 seconds
06-04 11:27:13.788    98    98 I apexd   : Started. subcommand = --bootstrap
06-04 11:27:13.788    98    98 I apexd-bootstrap: Scanning /odm/apex for pre-installed ApexFiles
06-04 11:27:13.788    98    98 W apexd-bootstrap: /odm/apex does not exist. Skipping
06-04 11:27:13.788    98    98 I apexd-bootstrap: Scanning /vendor/apex for pre-installed ApexFiles
06-04 11:27:13.789    98    98 I apexd-bootstrap: Found pre-installed APEX /vendor/apex/com.android.hardware.authsecret.apex
06-04 11:27:13.789    98    98 I apexd-bootstrap: Found pre-installed APEX /vendor/apex/com.android.hardware.threadnetwork-simulation-rcp.apex
06-04 11:27:13.789    98    98 I apexd-bootstrap: Found pre-installed APEX /vendor/apex/com.android.hardware.cas.apex
06-04 11:27:13.789    98    98 I apexd-bootstrap: Found pre-installed APEX /vendor/apex/com.android.hardware.gatekeeper.nonsecure.apex
06-04 11:27:13.789    98    98 I apexd-bootstrap: Found pre-installed APEX /vendor/apex/com.android.hardware.neuralnetworks.apex
06-04 11:27:13.789    98    98 I apexd-bootstrap: Found pre-installed APEX /vendor/apex/com.google.android.widevine-13130248.apex
06-04 11:27:13.789    98    98 I apexd-bootstrap: Found pre-installed APEX /vendor/apex/com.android.hardware.thermal.apex
06-04 11:27:13.789    98    98 I apexd-bootstrap: Found pre-installed APEX /vendor/apex/com.android.hardware.power.apex
06-04 11:27:13.789    98    98 I apexd-bootstrap: Found pre-installed APEX /vendor/apex/com.android.hardware.contexthub.apex
06-04 11:27:13.789    98    98 I apexd-bootstrap: Found pre-installed APEX /vendor/apex/com.android.hardware.uwb.apex
06-04 11:27:13.789    98    98 I apexd-bootstrap: Found pre-installed APEX /vendor/apex/com.android.hardware.rebootescrow.apex
06-04 11:27:13.789    98    98 I apexd-bootstrap: Found pre-installed APEX /vendor/apex/com.android.hardware.dumpstate.apex
06-04 11:27:13.789    98    98 I apexd-bootstrap: Found pre-installed APEX /vendor/apex/com.android.hardware.vibrator.apex
06-04 11:27:13.789    98    98 I apexd-bootstrap: Scanning /product/apex for pre-installed ApexFiles
06-04 11:27:13.789    98    98 W apexd-bootstrap: /product/apex does not exist. Skipping
06-04 11:27:13.789    98    98 I apexd-bootstrap: Scanning /system_ext/apex for pre-installed ApexFiles
06-04 11:27:13.789    98    98 W apexd-bootstrap: /system_ext/apex does not exist. Skipping
06-04 11:27:13.789    98    98 I apexd-bootstrap: Scanning /system/apex for pre-installed ApexFiles
06-04 11:27:13.789    98    98 I apexd-bootstrap: Found pre-installed APEX /system/apex/com.google.android.neuralnetworks.apex
06-04 11:27:13.789    98    98 I apexd-bootstrap: Found pre-installed APEX /system/apex/com.google.android.nfcservices.apex
06-04 11:27:13.789    98    98 I apexd-bootstrap: Found pre-installed APEX /system/apex/com.android.runtime.apex
06-04 11:27:13.789    98    98 I apexd-bootstrap: Found pre-installed APEX /system/apex/com.google.android.permission.apex
06-04 11:27:13.789    98    98 I apexd-bootstrap: Found pre-installed APEX /system/apex/com.google.android.adbd.apex
06-04 11:27:13.789    98    98 I apexd-bootstrap: Found pre-installed APEX /system/apex/com.android.devicelock.apex
06-04 11:27:13.789    98    98 I apexd-bootstrap: Found pre-installed APEX /system/apex/com.google.android.tzdata6.apex
06-04 11:27:13.789    98    98 I apexd-bootstrap: Found pre-installed APEX /system/apex/com.android.i18n.apex
06-04 11:27:13.789    98    98 I apexd-bootstrap: Found pre-installed APEX /system/apex/com.google.android.resolv.apex
06-04 11:27:13.789    98    98 I apexd-bootstrap: Found pre-installed APEX /system/apex/com.google.android.sdkext.apex
06-04 11:27:13.789    98    98 I apexd-bootstrap: Found pre-installed APEX /system/apex/com.google.android.ipsec.apex
06-04 11:27:13.789    98    98 I apexd-bootstrap: Found pre-installed APEX /system/apex/com.google.android.appsearch.apex
06-04 11:27:13.789    98    98 I apexd-bootstrap: Found pre-installed APEX /system/apex/com.google.android.tethering.apex
06-04 11:27:13.789    98    98 I apexd-bootstrap: Found pre-installed APEX /system/apex/com.google.android.media.swcodec.apex
06-04 11:27:13.789    98    98 I apexd-bootstrap: Found pre-installed APEX /system/apex/com.google.android.extservices.apex
06-04 11:27:13.789    98    98 I apexd-bootstrap: Found pre-installed APEX /system/apex/com.google.android.rkpd.apex
06-04 11:27:13.789    98    98 I apexd-bootstrap: Found pre-installed APEX /system/apex/com.google.android.art.apex
06-04 11:27:13.789    98    98 I apexd-bootstrap: Found pre-installed APEX /system/apex/com.android.apex.cts.shim.apex
06-04 11:27:13.789    98    98 I apexd-bootstrap: Found pre-installed APEX /system/apex/com.google.android.wifi.apex
06-04 11:27:13.789    98    98 I apexd-bootstrap: Found pre-installed APEX /system/apex/com.google.android.uwb.apex
06-04 11:27:13.789    98    98 I apexd-bootstrap: Found pre-installed APEX /system/apex/com.google.android.adservices.apex
06-04 11:27:13.789    98    98 I apexd-bootstrap: Found pre-installed APEX /system/apex/com.google.android.ondevicepersonalization.apex
06-04 11:27:13.789    98    98 I apexd-bootstrap: Found pre-installed APEX /system/apex/com.google.android.mediaprovider.apex
06-04 11:27:13.789    98    98 I apexd-bootstrap: Found pre-installed APEX /system/apex/com.google.android.healthfitness.apex
06-04 11:27:13.789    98    98 I apexd-bootstrap: Found pre-installed APEX /system/apex/com.google.android.cellbroadcast.apex
06-04 11:27:13.789    98    98 I apexd-bootstrap: Found pre-installed APEX /system/apex/com.android.virt.apex
06-04 11:27:13.789    98    98 I apexd-bootstrap: Found pre-installed APEX /system/apex/com.google.android.scheduling.apex
06-04 11:27:13.789    98    98 I apexd-bootstrap: Found pre-installed APEX /system/apex/com.google.android.profiling.apex
06-04 11:27:13.789    98    98 I apexd-bootstrap: Found pre-installed APEX /system/apex/com.google.android.media.apex
06-04 11:27:13.789    98    98 I apexd-bootstrap: Found pre-installed APEX /system/apex/com.google.android.crashrecovery.apex
06-04 11:27:13.789    98    98 I apexd-bootstrap: Found pre-installed APEX /system/apex/com.google.android.bt.apex
06-04 11:27:13.789    98    98 I apexd-bootstrap: Found pre-installed APEX /system/apex/com.google.android.os.statsd.apex
06-04 11:27:13.789    98    98 I apexd-bootstrap: Found pre-installed APEX /system/apex/com.google.android.uprobestats.apex
06-04 11:27:13.789    98    98 I apexd-bootstrap: Found pre-installed APEX /system/apex/com.google.android.configinfrastructure.apex
06-04 11:27:13.789    98    98 I apexd-bootstrap: Found pre-installed APEX /system/apex/com.google.android.conscrypt.apex
06-04 11:27:13.799    98    98 I apexd-bootstrap: Found bootstrap APEX /vendor/apex/com.android.hardware.gatekeeper.nonsecure.apex
06-04 11:27:13.799    98    98 I apexd-bootstrap: Found bootstrap APEX /system/apex/com.android.virt.apex
06-04 11:27:13.799    98    98 I apexd-bootstrap: Found bootstrap APEX /system/apex/com.android.runtime.apex
06-04 11:27:13.799    98    98 I apexd-bootstrap: Found bootstrap APEX /system/apex/com.android.i18n.apex
06-04 11:27:13.799    98    98 I apexd-bootstrap: Found bootstrap APEX /system/apex/com.google.android.tzdata6.apex
06-04 11:27:13.799    98    98 I apexd-bootstrap: Need to pre-allocate 53 loop devices
06-04 11:27:13.804    98    98 I apexd-bootstrap: Found 16 idle loopback devices that were pre-allocated by kernel. Allocated 37 more.
06-04 11:27:13.812   204   204 I loop0   : detected capacity change from 0 to 73248
06-04 11:27:13.812   201   201 I loop1   : detected capacity change from 0 to 8472
06-04 11:27:13.812   200   200 I loop2   : detected capacity change from 0 to 15712
06-04 11:27:13.812   203   203 I loop3   : detected capacity change from 0 to 1928
06-04 11:27:13.812   202   202 I loop4   : detected capacity change from 0 to 1672
06-04 11:27:13.828   200   200 I EXT4-fs (loop2): mounted filesystem 7d1522e1-9dfa-5edb-a43e-98e3a4d20250 ro without journal. Quota mode: none.
06-04 11:27:13.828   200   200 I apexd-bootstrap: Successfully mounted package /system/apex/com.android.runtime.apex on /apex/com.android.runtime@1 duration=16
06-04 11:27:13.829   201   201 I EXT4-fs (loop1): mounted filesystem 7d1522e1-9dfa-5edb-a43e-98e3a4d20250 ro without journal. Quota mode: none.
06-04 11:27:13.829   201   201 I apexd-bootstrap: Successfully mounted package /vendor/apex/com.android.hardware.gatekeeper.nonsecure.apex on /apex/com.android.hardware.gatekeeper@1 duration=17
06-04 11:27:13.836   202   202 I EXT4-fs (loop4): mounted filesystem 7d1522e1-9dfa-5edb-a43e-98e3a4d20250 ro without journal. Quota mode: none.
06-04 11:27:13.836   202   202 I apexd-bootstrap: Successfully mounted package /system/apex/com.google.android.tzdata6.apex on /apex/com.android.tzdata@360526000 duration=23
06-04 11:27:13.837   204   204 I EXT4-fs (loop0): mounted filesystem 7d1522e1-9dfa-5edb-a43e-98e3a4d20250 ro without journal. Quota mode: none.
06-04 11:27:13.837   204   204 I apexd-bootstrap: Successfully mounted package /system/apex/com.android.i18n.apex on /apex/com.android.i18n@1 duration=25
06-04 11:27:13.838   203   203 I EXT4-fs (loop3): mounted filesystem 7d1522e1-9dfa-5edb-a43e-98e3a4d20250 ro without journal. Quota mode: none.
06-04 11:27:13.838   203   203 I apexd-bootstrap: Successfully mounted package /system/apex/com.android.virt.apex on /apex/com.android.virt@3 duration=26
06-04 11:27:13.838    98    98 I apexd-bootstrap: Activated 5 packages.
06-04 11:27:13.839    98    98 I SELinux : SELinux: Loaded file context from:
06-04 11:27:13.839    98    98 I SELinux : /system/etc/selinux/plat_file_contexts
06-04 11:27:13.839    98    98 I SELinux : /system_ext/etc/selinux/system_ext_file_contexts
06-04 11:27:13.839    98    98 I SELinux : /product/etc/selinux/product_file_contexts
06-04 11:27:13.839    98    98 I SELinux : /vendor/etc/selinux/vendor_file_contexts
06-04 11:27:13.839    98    98 I SELinux : /odm/etc/selinux/odm_file_contexts
06-04 11:27:13.839    98    98 I apexd-bootstrap: OnBootstrap done, duration=50
06-04 11:27:13.840     1     1 I init    : Service 'apexd-bootstrap' (pid 98) exited with status 0 waiting took 0.073000 seconds
06-04 11:27:13.840     1     1 I init    : Sending signal 9 to service 'apexd-bootstrap' (pid 98) process group...
06-04 11:27:13.840     1     1 I libprocessgroup: Removed cgroup /sys/fs/cgroup/system/uid_0/pid_98
06-04 11:27:13.843     1     1 I init    : Parsing file /apex/com.android.hardware.gatekeeper/etc/android.hardware.gatekeeper-service.nonsecure.rc...
06-04 11:27:13.854     1     1 I init    : linkerconfig generated /linkerconfig with mounted APEX modules info
06-04 11:27:13.854     1     1 I init    : processing action (early-init) from (/init.environ.rc:2)
06-04 11:27:13.854     1     1 I init    : processing action (early-init) from (/vendor/etc/init/hw/init.ranchu.rc:11)
06-04 11:27:13.854     1     1 I init    : Command 'setprop ro.config.low_ram ${ro.boot.config.low_ram}' action=early-init (/vendor/etc/init/hw/init.ranchu.rc:15) took 0ms and failed: property 'ro.boot.config.low_ram' doesn't exist while expanding '${ro.boot.config.low_ram}'
06-04 11:27:13.855     1     1 I init    : Command 'setprop dalvik.vm.checkjni ${ro.boot.dalvik.vm.checkjni}' action=early-init (/vendor/etc/init/hw/init.ranchu.rc:21) took 0ms and failed: property 'ro.boot.dalvik.vm.checkjni' doesn't exist while expanding '${ro.boot.dalvik.vm.checkjni}'
06-04 11:27:13.856     1     1 I init    : Command 'setprop debug.stagefright.ccodec ${ro.boot.debug.stagefright.ccodec}' action=early-init (/vendor/etc/init/hw/init.ranchu.rc:31) took 0ms and failed: property 'ro.boot.debug.stagefright.ccodec' doesn't exist while expanding '${ro.boot.debug.stagefright.ccodec}'
06-04 11:27:13.856     1     1 I init    : Command 'setprop debug.sf.nobootanimation ${ro.boot.debug.sf.nobootanimation}' action=early-init (/vendor/etc/init/hw/init.ranchu.rc:32) took 0ms and failed: property 'ro.boot.debug.sf.nobootanimation' doesn't exist while expanding '${ro.boot.debug.sf.nobootanimation}'
06-04 11:27:13.856     1     1 I init    : Command 'setprop debug.angle.feature_overrides_enabled ${ro.boot.hardware.angle_feature_overrides_enabled}' action=early-init (/vendor/etc/init/hw/init.ranchu.rc:33) took 0ms and failed: property 'ro.boot.hardware.angle_feature_overrides_enabled' doesn't exist while expanding '${ro.boot.hardware.angle_feature_overrides_enabled}'
06-04 11:27:13.856     1     1 I init    : Command 'setprop debug.angle.feature_overrides_disabled ${ro.boot.hardware.angle_feature_overrides_disabled}' action=early-init (/vendor/etc/init/hw/init.ranchu.rc:34) took 0ms and failed: property 'ro.boot.hardware.angle_feature_overrides_disabled' doesn't exist while expanding '${ro.boot.hardware.angle_feature_overrides_disabled}'
06-04 11:27:13.856     1     1 I init    : starting service 'vendor.dlkm_loader'...
06-04 11:27:13.857     1     1 I init    : ... started service 'vendor.dlkm_loader' has pid 211
06-04 11:27:13.858     1     1 I init    : starting service 'exec 1 (/system/bin/modprobe -a -d /system/lib/modules zram.ko)'...
06-04 11:27:13.858     1     1 I init    : ... started service 'exec 1 (/system/bin/modprobe -a -d /system/lib/modules zram.ko)' has pid 212
06-04 11:27:13.858     1     1 I init    : SVC_EXEC service 'exec 1 (/system/bin/modprobe -a -d /system/lib/modules zram.ko)' pid 212 (uid 0 gid 0+0 context u:r:modprobe:s0) started; waiting...
06-04 11:27:13.864   211   211 I dlkm_loader: dlkm loader successfully initialized
06-04 11:27:13.865   212   212 I zram    : Added device: zram0
06-04 11:27:13.865     1     1 I init    : Service 'exec 1 (/system/bin/modprobe -a -d /system/lib/modules zram.ko)' (pid 212) exited with status 0 waiting took 0.007000 seconds
06-04 11:27:13.865     1     1 I init    : Sending signal 9 to service 'exec 1 (/system/bin/modprobe -a -d /system/lib/modules zram.ko)' (pid 212) process group...
06-04 11:27:13.865     1     1 I libprocessgroup: Removed cgroup /sys/fs/cgroup/system/uid_0/pid_212
06-04 11:27:13.865     1     1 I init    : processing action (ro.product.debugfs_restrictions.enabled=true && early-init) from (/system/etc/init/init-debug.rc:10)
06-04 11:27:13.865     1     1 I init    : processing action (early-init) from (/system/etc/init/prng_seeder.rc:5)
06-04 11:27:13.865     1     1 I init    : starting service 'prng_seeder'...
06-04 11:27:13.865     1     1 I init    : Created socket '/dev/socket/prng_seeder', mode 666, user 1092, group 1092
06-04 11:27:13.867     1     1 I init    : ... started service 'prng_seeder' has pid 213
06-04 11:27:13.867     1     1 I init    : processing action (ro.product.cpu.abilist64=* && early-init) from (/vendor/etc/boringssl_self_test.zygote64.rc:1)
06-04 11:27:13.867     1     1 I init    : starting service 'boringssl_self_test64_vendor'...
06-04 11:27:13.867   211   211 I dlkm_loader: Loading module /vendor/lib/modules/ambakmi.ko with args ''
06-04 11:27:13.868   211   211 I dlkm_loader: Loaded kernel module /vendor/lib/modules/ambakmi.ko
06-04 11:27:13.868   211   211 I dlkm_loader: Loading module /vendor/lib/modules/armmmci.ko with args ''
06-04 11:27:13.868     1     1 I init    : ... started service 'boringssl_self_test64_vendor' has pid 214
06-04 11:27:13.868     1     1 I init    : SVC_EXEC service 'boringssl_self_test64_vendor' pid 214 (uid 0 gid 0+0 context default) started; waiting...
06-04 11:27:13.869   211   211 I dlkm_loader: Loaded kernel module /vendor/lib/modules/armmmci.ko
06-04 11:27:13.869   211   211 I dlkm_loader: Loading module /system/lib/modules/rfkill.ko with args ''
06-04 11:27:13.871   211   211 I dlkm_loader: Loaded kernel module /system/lib/modules/rfkill.ko
06-04 11:27:13.871   211   211 I dlkm_loader: Loading module /system/lib/modules/bluetooth.ko with args ''
06-04 11:27:13.876   211   211 I Bluetooth: Core ver 2.22
06-04 11:27:13.876   211   211 I NET     : Registered PF_BLUETOOTH protocol family
06-04 11:27:13.876   211   211 I Bluetooth: HCI device and connection manager initialized
06-04 11:27:13.876   211   211 I Bluetooth: HCI socket layer initialized
06-04 11:27:13.876   211   211 I Bluetooth: L2CAP socket layer initialized
06-04 11:27:13.876   211   211 I Bluetooth: SCO socket layer initialized
06-04 11:27:13.876   211   211 I dlkm_loader: Loaded kernel module /system/lib/modules/bluetooth.ko
06-04 11:27:13.876   211   211 I dlkm_loader: Loading module /vendor/lib/modules/btintel.ko with args ''
06-04 11:27:13.877   211   211 I dlkm_loader: Loaded kernel module /vendor/lib/modules/btintel.ko
06-04 11:27:13.877   211   211 I dlkm_loader: Loading module /vendor/lib/modules/btrtl.ko with args ''
06-04 11:27:13.878   211   211 I dlkm_loader: Loaded kernel module /vendor/lib/modules/btrtl.ko
06-04 11:27:13.878   211   211 I dlkm_loader: Loading module /system/lib/modules/btbcm.ko with args ''
06-04 11:27:13.879   211   211 I dlkm_loader: Loaded kernel module /system/lib/modules/btbcm.ko
06-04 11:27:13.879   211   211 I dlkm_loader: Loading module /vendor/lib/modules/btusb.ko with args ''
06-04 11:27:13.880   211   211 I usbcore : registered new interface driver btusb
06-04 11:27:13.880   211   211 I dlkm_loader: Loaded kernel module /vendor/lib/modules/btusb.ko
06-04 11:27:13.880   211   211 I dlkm_loader: Loading module /vendor/lib/modules/cfg80211.ko with args ''
06-04 11:27:13.881     1     1 I init    : Service 'boringssl_self_test64_vendor' (pid 214) exited with status 0 waiting took 0.013000 seconds
06-04 11:27:13.881     1     1 I init    : Sending signal 9 to service 'boringssl_self_test64_vendor' (pid 214) process group...
06-04 11:27:13.881     1     1 I libprocessgroup: Removed cgroup /sys/fs/cgroup/system/uid_0/pid_214
06-04 11:27:13.881     1     1 I init    : processing action (ConnectEarlyStageSnapuserd) from (<Builtin Action>:0)
06-04 11:27:13.881     1     1 I init    : processing action (wait_for_coldboot_done) from (<Builtin Action>:0)
06-04 11:27:13.881     1     1 I init    : start_waiting_for_property("ro.cold_boot_done", "true"): already set
06-04 11:27:13.881     1     1 I init    : processing action (SetMmapRndBits) from (<Builtin Action>:0)
06-04 11:27:13.881     1     1 I init    : processing action (KeychordInit) from (<Builtin Action>:0)
06-04 11:27:13.881     1     1 W init    : EVIOCSMASK not supported: Invalid argument
06-04 11:27:13.882     1     1 I init    : processing action (init) from (/system/etc/init/hw/init.rc:103)
06-04 11:27:13.883     1     1 I init    : Command 'write /dev/blkio/blkio.weight 1000' action=init (/system/etc/init/hw/init.rc:204) took 0ms and failed: Unable to write to file '/dev/blkio/blkio.weight': open() failed: Permission denied
06-04 11:27:13.883     1     1 I init    : Command 'write /dev/blkio/background/blkio.weight 200' action=init (/system/etc/init/hw/init.rc:205) took 0ms and failed: Unable to write to file '/dev/blkio/background/blkio.weight': open() failed: Permission denied
06-04 11:27:13.883     1     1 I init    : Command 'write /dev/blkio/blkio.group_idle 0' action=init (/system/etc/init/hw/init.rc:207) took 0ms and failed: Unable to write to file '/dev/blkio/blkio.group_idle': open() failed: Permission denied
06-04 11:27:13.883     1     1 I init    : Command 'write /dev/blkio/background/blkio.group_idle 0' action=init (/system/etc/init/hw/init.rc:208) took 0ms and failed: Unable to write to file '/dev/blkio/background/blkio.group_idle': open() failed: Permission denied
06-04 11:27:13.887   211   211 I cfg80211: Loading compiled-in X.509 certificates for regulatory database
06-04 11:27:13.887   211   211 I         : Loaded X.509 cert 'sforshee: 00b28ddf47aef9cea7'
06-04 11:27:13.887   211   211 I         : Loaded X.509 cert 'wens: 61c038651aabdcf94bd0ac7ff06c7248db18c600'
06-04 11:27:13.887     1     1 I init    : Command 'write /dev/cpu_variant:${ro.bionic.2nd_arch} ${ro.bionic.2nd_cpu_variant}' action=init (/system/etc/init/hw/init.rc:423) took 0ms and failed: property 'ro.bionic.2nd_arch' doesn't exist while expanding '/dev/cpu_variant:${ro.bionic.2nd_arch}'
06-04 11:27:13.887     1     1 I init    : Command 'chmod 0444 /dev/cpu_variant:${ro.bionic.2nd_arch}' action=init (/system/etc/init/hw/init.rc:424) took 0ms and failed: property 'ro.bionic.2nd_arch' doesn't exist while expanding '/dev/cpu_variant:${ro.bionic.2nd_arch}'
06-04 11:27:13.887    73    73 W platform regulatory.0: Direct firmware load for regulatory.db failed with error -2
06-04 11:27:13.887    73    73 I cfg80211: failed to load regulatory.db
06-04 11:27:13.887     1     1 I init    : starting service 'logd'...
06-04 11:27:13.887     1     1 I init    : Created socket '/dev/socket/logd', mode 666, user 1036, group 1036
06-04 11:27:13.887     1     1 I init    : Created socket '/dev/socket/logdr', mode 666, user 1036, group 1036
06-04 11:27:13.887     1     1 I init    : Created socket '/dev/socket/logdw', mode 222, user 1036, group 1036
06-04 11:27:13.887   211   211 I dlkm_loader: Loaded kernel module /vendor/lib/modules/cfg80211.ko
06-04 11:27:13.888   211   211 I dlkm_loader: Loading module /vendor/lib/modules/vexpress-config.ko with args ''
06-04 11:27:13.888   211   211 I dlkm_loader: Loaded kernel module /vendor/lib/modules/vexpress-config.ko
06-04 11:27:13.889   211   211 I dlkm_loader: Loading module /vendor/lib/modules/clk-vexpress-osc.ko with args ''
06-04 11:27:13.889   211   211 I dlkm_loader: Loaded kernel module /vendor/lib/modules/clk-vexpress-osc.ko
06-04 11:27:13.889   211   211 I dlkm_loader: Loading module /vendor/lib/modules/drm_dma_helper.ko with args ''
06-04 11:27:13.890     1     1 I init    : ... started service 'logd' has pid 216
06-04 11:27:13.890     1     1 I init    : starting service 'lmkd'...
06-04 11:27:13.890     1     1 I init    : Created socket '/dev/socket/lmkd', mode 660, user 1000, group 1000
06-04 11:27:13.890   211   211 I dlkm_loader: Loaded kernel module /vendor/lib/modules/drm_dma_helper.ko
06-04 11:27:13.890   211   211 I dlkm_loader: Loading module /vendor/lib/modules/dummy-cpufreq.ko with args ''
06-04 11:27:13.892   211   211 I dlkm_loader: Loaded kernel module /vendor/lib/modules/dummy-cpufreq.ko
06-04 11:27:13.892   211   211 I dlkm_loader: Loading module /vendor/lib/modules/dummy_hcd.ko with args ''
06-04 11:27:13.892     1     1 I init    : ... started service 'lmkd' has pid 217
06-04 11:27:13.892     1     1 I init    : starting service 'servicemanager'...
06-04 11:27:13.893     1     1 I init    : ... started service 'servicemanager' has pid 222
06-04 11:27:13.894     1     1 I init    : starting service 'hwservicemanager'...
06-04 11:27:13.894   211   211 I dummy_hcd.0: USB Host+Gadget Emulator, driver 02 May 2005
06-04 11:27:13.894   211   211 I dummy_hcd.0: Dummy host controller
06-04 11:27:13.894   211   211 I dummy_hcd.0: new USB bus registered, assigned bus number 1
06-04 11:27:13.894   211   211 I usb1    : New USB device found, idVendor=1d6b, idProduct=0002, bcdDevice= 6.06
06-04 11:27:13.894   211   211 I usb1    : New USB device strings: Mfr=3, Product=2, SerialNumber=1
06-04 11:27:13.894   211   211 I usb1    : Product: Dummy host controller
06-04 11:27:13.894   211   211 I usb1    : Manufacturer: Linux 6.6.66-android15-8-gb66429556fb8-ab13070261-4k dummy_hcd
06-04 11:27:13.894   211   211 I usb1    : SerialNumber: dummy_hcd.0
06-04 11:27:13.895     1     1 I init    : ... started service 'hwservicemanager' has pid 223
06-04 11:27:13.895     1     1 I init    : Command 'start vndservicemanager' action=init (/system/etc/init/hw/init.rc:449) took 0ms and failed: service vndservicemanager not found
06-04 11:27:13.895     1     1 I init    : processing action (ro.debuggable=1 && init) from (/system/etc/init/hw/init.rc:1318)
06-04 11:27:13.895   211   211 I hub 1-0 : 1.0: USB hub found
06-04 11:27:13.895   211   211 I hub 1-0 : 1.0: 1 port detected
06-04 11:27:13.895     1     1 I init    : starting service 'console'...
06-04 11:27:13.895   211   211 I dlkm_loader: Loaded kernel module /vendor/lib/modules/dummy_hcd.ko
06-04 11:27:13.895   211   211 I dlkm_loader: Loading module /vendor/lib/modules/failover.ko with args ''
06-04 11:27:13.896     1     1 I init    : ... started service 'console' has pid 225
06-04 11:27:13.896     1     1 I init    : processing action (init) from (/system/etc/init/hw/init.usb.rc:28)
06-04 11:27:13.896     1     1 I init    : processing action (init) from (/vendor/etc/init/hw/init.ranchu.rc:40)
06-04 11:27:13.898   211   211 I dlkm_loader: Loaded kernel module /vendor/lib/modules/failover.ko
06-04 11:27:13.898   211   211 I dlkm_loader: Loading module /vendor/lib/modules/goldfish_address_space.ko with args ''
06-04 11:27:13.898   211   211 W goldfish_address_space: loading out-of-tree module taints kernel.
06-04 11:27:13.898     1     1 I init    : starting service 'qemu-props'...
06-04 11:27:13.899   211   211 I goldfish_address_space 0000: 00:0b.0: enabling device (0000 -> 0002)
06-04 11:27:13.899     1     1 I init    : ... started service 'qemu-props' has pid 226
06-04 11:27:13.899     1     1 I init    : processing action (ro.product.cpu.abilist64=* && init) from (/system/etc/init/hw/init.boringssl.zygote64.rc:1)
06-04 11:27:13.899     1     1 I init    : starting service 'boringssl_self_test64'...
06-04 11:27:13.900     1     1 I init    : ... started service 'boringssl_self_test64' has pid 227
06-04 11:27:13.900     1     1 I init    : SVC_EXEC service 'boringssl_self_test64' pid 227 (uid 9999 gid 0+0 context default) started; waiting...
06-04 11:27:13.901   211   211 I dlkm_loader: Loaded kernel module /vendor/lib/modules/goldfish_address_space.ko
06-04 11:27:13.901   211   211 I dlkm_loader: Loading module /vendor/lib/modules/goldfish_battery.ko with args ''
06-04 11:27:13.902   216   216 W logd    : libprocessgroup: A JoinCgroup action in the SystemMemoryProcess profile is used for controller memory in the cgroup v2 hierarchy and will be ignored
06-04 11:27:13.903   211   211 I dlkm_loader: Loaded kernel module /vendor/lib/modules/goldfish_battery.ko
06-04 11:27:13.903   211   211 I dlkm_loader: Loading module /vendor/lib/modules/goldfish_pipe.ko with args ''
06-04 11:27:13.904     1     1 I init    : Service 'boringssl_self_test64' (pid 227) exited with status 0 waiting took 0.004000 seconds
06-04 11:27:13.904     1     1 I init    : Sending signal 9 to service 'boringssl_self_test64' (pid 227) process group...
06-04 11:27:13.904     1     1 I libprocessgroup: Removed cgroup /sys/fs/cgroup/system/uid_9999/pid_227
06-04 11:27:13.904     1     1 I init    : processing action (init) from (/system/etc/init/audioserver.rc:66)
06-04 11:27:13.904     1     1 I init    : processing action (init) from (/system/etc/init/perfetto.rc:162)
06-04 11:27:13.905     1     1 I init    : processing action (late-init) from (/system/etc/init/hw/init.rc:501)
06-04 11:27:13.905   216   216 I logd.auditd: start
06-04 11:27:13.905   216   216 I logd.klogd: 4459113418
06-04 11:27:13.905     1     1 I init    : processing action (late-init) from (/system/etc/init/atrace.rc:3)
06-04 11:27:13.906   211   211 I dlkm_loader: Loaded kernel module /vendor/lib/modules/goldfish_pipe.ko
06-04 11:27:13.906   211   211 I dlkm_loader: Loading module /vendor/lib/modules/goldfish_sync.ko with args ''
06-04 11:27:13.906   211   211 I dlkm_loader: Loaded kernel module /vendor/lib/modules/goldfish_pipe.ko
06-04 11:27:13.906   211   211 I dlkm_loader: Loading module /vendor/lib/modules/goldfish_sync.ko with args ''
06-04 11:27:13.906   222   222 I servicemanager: Starting sm instance on /dev/binder
06-04 11:27:13.907   211   211 I dlkm_loader: Loaded kernel module /vendor/lib/modules/goldfish_sync.ko
06-04 11:27:13.907   211   211 I dlkm_loader: Loading module /system/lib/modules/can-dev.ko with args ''
06-04 11:27:13.909   211   211 I         : CAN device driver interface
06-04 11:27:13.909     1     1 I init    : processing action (ro.boot.fastboot.boottrace= && late-init) from (/system/etc/init/atrace.rc:315)
06-04 11:27:13.909   211   211 I dlkm_loader: Loaded kernel module /system/lib/modules/can-dev.ko
06-04 11:27:13.909   211   211 I dlkm_loader: Loading module /vendor/lib/modules/gs_usb.ko with args ''
06-04 11:27:13.909     1     1 I init    : processing action (queue_property_triggers) from (<Builtin Action>:0)
06-04 11:27:13.909     1     1 I init    : processing action (early-fs) from (/system/etc/init/hw/init.rc:535)
06-04 11:27:13.909     1     1 I init    : starting service 'vold'...
06-04 11:27:13.909   216   216 I logd    : Loaded bug_map file: /system_ext/etc/selinux/bug_map
06-04 11:27:13.909   216   216 I logd    : Loaded bug_map file: /vendor/etc/selinux/selinux_denial_metadata
06-04 11:27:13.910   211   211 I usbcore : registered new interface driver gs_usb
06-04 11:27:13.910   211   211 I dlkm_loader: Loaded kernel module /vendor/lib/modules/gs_usb.ko
06-04 11:27:13.910   211   211 I dlkm_loader: Loading module /vendor/lib/modules/hci_vhci.ko with args ''
06-04 11:27:13.910   222   222 I SELinux : SELinux: Loaded service context from:
06-04 11:27:13.910   222   222 I SELinux : /system/etc/selinux/plat_service_contexts
06-04 11:27:13.910   216   216 I logd    : Loaded bug_map file: /system/etc/selinux/bug_map
06-04 11:27:13.910   222   222 I SELinux : /system_ext/etc/selinux/system_ext_service_contexts
06-04 11:27:13.910   222   222 I SELinux : /product/etc/selinux/product_service_contexts
06-04 11:27:13.910   222   222 I SELinux : /vendor/etc/selinux/vendor_service_contexts
06-04 11:27:13.910   222   222 I SELinux : /odm/etc/selinux/odm_service_contexts
06-04 11:27:13.911     1     1 I init    : ... started service 'vold' has pid 237
06-04 11:27:13.911     1     1 I init    : processing action (early-fs) from (/vendor/etc/init/hw/init.ranchu.rc:1)
06-04 11:27:13.911     1     1 I init    : service 'vold' requested start, but it is already running (flags: 2052)
06-04 11:27:13.911     1     1 I init    : processing action (fs) from (/vendor/etc/init/hw/init.ranchu.rc:4)
06-04 11:27:13.911   211   211 I dlkm_loader: Loaded kernel module /vendor/lib/modules/hci_vhci.ko
06-04 11:27:13.911   211   211 I dlkm_loader: Loading module /vendor/lib/modules/kfifo_buf.ko with args ''
06-04 11:27:13.911     1     1 I init    : processing action (fs) from (/system/etc/init/logd.rc:29)
06-04 11:27:13.912     1     1 I init    : processing action (fs) from (/system/etc/init/wifi.rc:25)
06-04 11:27:13.912     1     1 I init    : processing action (post-fs) from (/system/etc/init/hw/init.rc:539)
06-04 11:27:13.912     1     1 I init    : starting service 'exec 2 (/system/bin/vdc checkpoint markBootAttempt)'...
06-04 11:27:13.912   211   211 I dlkm_loader: Loaded kernel module /vendor/lib/modules/kfifo_buf.ko
06-04 11:27:13.913   211   211 I dlkm_loader: Loading module /system/lib/modules/libarc4.ko with args ''
06-04 11:27:13.913     1     1 I init    : ... started service 'exec 2 (/system/bin/vdc checkpoint markBootAttempt)' has pid 238
06-04 11:27:13.913     1     1 I init    : SVC_EXEC service 'exec 2 (/system/bin/vdc checkpoint markBootAttempt)' pid 238 (uid 1000 gid 1000+0 context default) started; waiting...
06-04 11:27:13.915   211   211 I dlkm_loader: Loaded kernel module /system/lib/modules/libarc4.ko
06-04 11:27:13.915   211   211 I dlkm_loader: Loading module /vendor/lib/modules/mac80211.ko with args ''
06-04 11:27:13.920   222   222 E cutils-trace: Error opening trace file: Permission denied (13)
06-04 11:27:13.924   211   211 I dlkm_loader: Loaded kernel module /vendor/lib/modules/mac80211.ko
06-04 11:27:13.924   211   211 I dlkm_loader: Loading module /vendor/lib/modules/mac80211_hwsim.ko with args 'radios=0
06-04 11:27:13.924   211   211 I dlkm_loader: '
06-04 11:27:13.926   211   211 I mac80211_hwsim: initializing netlink
06-04 11:27:13.927   211   211 I dlkm_loader: Loaded kernel module /vendor/lib/modules/mac80211_hwsim.ko
06-04 11:27:13.928   211   211 I dlkm_loader: Loading module /vendor/lib/modules/mt76.ko with args ''
06-04 11:27:13.929   211   211 I dlkm_loader: Loaded kernel module /vendor/lib/modules/mt76.ko
06-04 11:27:13.929   211   211 I dlkm_loader: Loading module /vendor/lib/modules/mt76-usb.ko with args ''
06-04 11:27:13.931   211   211 I dlkm_loader: Loaded kernel module /vendor/lib/modules/mt76-usb.ko
06-04 11:27:13.931   211   211 I dlkm_loader: Loading module /vendor/lib/modules/mt76x02-lib.ko with args ''
06-04 11:27:13.932   211   211 I dlkm_loader: Loaded kernel module /vendor/lib/modules/mt76x02-lib.ko
06-04 11:27:13.932   211   211 I dlkm_loader: Loading module /vendor/lib/modules/mt76x0-common.ko with args ''
06-04 11:27:13.933   211   211 I dlkm_loader: Loaded kernel module /vendor/lib/modules/mt76x0-common.ko
06-04 11:27:13.934   211   211 I dlkm_loader: Loading module /vendor/lib/modules/mt76x02-usb.ko with args ''
--------- beginning of system
06-04 11:27:13.934   237   237 I vold    : Vold 3.0 (the awakening) firing up
06-04 11:27:13.934   211   211 I dlkm_loader: Loaded kernel module /vendor/lib/modules/mt76x02-usb.ko
06-04 11:27:13.934   211   211 I dlkm_loader: Loading module /vendor/lib/modules/mt76x0u.ko with args ''
06-04 11:27:13.935   211   211 I usbcore : registered new interface driver mt76x0u
06-04 11:27:13.936   211   211 I dlkm_loader: Loaded kernel module /vendor/lib/modules/mt76x0u.ko
06-04 11:27:13.936   211   211 I dlkm_loader: Loading module /vendor/lib/modules/mt76x2-common.ko with args ''
06-04 11:27:13.937   211   211 I dlkm_loader: Loaded kernel module /vendor/lib/modules/mt76x2-common.ko
06-04 11:27:13.937   211   211 I dlkm_loader: Loading module /vendor/lib/modules/mt76x2u.ko with args ''
06-04 11:27:13.934   237   237 D vold    : Detected support for: ext4 f2fs vfat
06-04 11:27:13.937   237   237 I vold    : [libfstab] Using Android DT directory /proc/device-tree/firmware/android/
06-04 11:27:13.938   237   237 D vold    : VoldNativeService::start() completed OK
06-04 11:27:13.938   211   211 I usbcore : registered new interface driver mt76x2u
06-04 11:27:13.938   211   211 I dlkm_loader: Loaded kernel module /vendor/lib/modules/mt76x2u.ko
06-04 11:27:13.938   211   211 I dlkm_loader: Loading module /vendor/lib/modules/nd_virtio.ko with args ''
06-04 11:27:13.939   211   211 I dlkm_loader: Loaded kernel module /vendor/lib/modules/nd_virtio.ko
06-04 11:27:13.939   211   211 I dlkm_loader: Loading module /vendor/lib/modules/net_failover.ko with args ''
06-04 11:27:13.940   211   211 I dlkm_loader: Loaded kernel module /vendor/lib/modules/net_failover.ko
06-04 11:27:13.940   211   211 I dlkm_loader: Loading module /vendor/lib/modules/pl111_drm.ko with args ''
06-04 11:27:13.942   237   237 W vold    : Thread Pool max thread count is 0. Cannot cache binder as linkToDeath cannot be implemented. serviceName: vold
06-04 11:27:13.942   211   211 I dlkm_loader: Loaded kernel module /vendor/lib/modules/pl111_drm.ko
06-04 11:27:13.942   211   211 I dlkm_loader: Loading module /vendor/lib/modules/psmouse.ko with args ''
06-04 11:27:13.942   222   222 I servicemanager: getDeviceHalManifest: Reading VINTF information.
06-04 11:27:13.942   222   222 I servicemanager: Loaded APEX Infos from /bootstrap-apex/apex-info-list.xml
06-04 11:27:13.940   237   237 D vold    : VendorVoldNativeService::try_start() completed OK
06-04 11:27:13.943   222   222 I servicemanager: Loaded APEX Infos from /bootstrap-apex/apex-info-list.xml
06-04 11:27:13.943   222   222 I servicemanager: getDeviceHalManifest: Successfully processed VINTF information
06-04 11:27:13.943   222   222 I servicemanager: getFrameworkHalManifest: Reading VINTF information.
06-04 11:27:13.943   211   211 I dlkm_loader: Loaded kernel module /vendor/lib/modules/psmouse.ko
06-04 11:27:13.943   211   211 I dlkm_loader: Loading module /vendor/lib/modules/pulse8-cec.ko with args ''
06-04 11:27:13.943   222   222 I servicemanager: Loaded APEX Infos from /bootstrap-apex/apex-info-list.xml
06-04 11:27:13.943   222   222 I servicemanager: getFrameworkHalManifest: Successfully processed VINTF information
06-04 11:27:13.943   222   222 I servicemanager: Caller(pid=237,uid=0,sid=u:r:vold:s0) Found android.system.vold.IVold/default in framework VINTF manifest.
06-04 11:27:13.944   222   222 I servicemanager: Caller(pid=237,uid=0,sid=u:r:vold:s0) Found android.system.vold.IVold/default in framework VINTF manifest.
06-04 11:27:13.944   211   211 I dlkm_loader: Loaded kernel module /vendor/lib/modules/pulse8-cec.ko
06-04 11:27:13.944   211   211 I dlkm_loader: Loading module /vendor/lib/modules/rtc-test.ko with args ''
06-04 11:27:13.946   211   211 I rtc-test.0: registered as rtc1
06-04 11:27:13.946   211   211 I rtc-test.1: registered as rtc2
06-04 11:27:13.946   211   211 I rtc-test.2: registered as rtc3
06-04 11:27:13.946   211   211 I dlkm_loader: Loaded kernel module /vendor/lib/modules/rtc-test.ko
06-04 11:27:13.946   211   211 I dlkm_loader: Loading module /vendor/lib/modules/scmi_iio.ko with args ''
06-04 11:27:13.947   211   211 I dlkm_loader: Loaded kernel module /vendor/lib/modules/scmi_iio.ko
06-04 11:27:13.947   211   211 I dlkm_loader: module snd_aloop is blocklisted
06-04 11:27:13.947   211   211 E dlkm_loader: LoadWithAliases was unable to load snd_aloop, tried: snd_aloop
06-04 11:27:13.947   211   211 I dlkm_loader: Loading module /vendor/lib/modules/system_heap.ko with args ''
06-04 11:27:13.950   211   211 I dlkm_loader: Loaded kernel module /vendor/lib/modules/system_heap.ko
06-04 11:27:13.950   211   211 I dlkm_loader: Loading module /vendor/lib/modules/usbip-core.ko with args ''
06-04 11:27:13.951     1     1 I init    : Service 'exec 2 (/system/bin/vdc checkpoint markBootAttempt)' (pid 238) exited with status 0 waiting took 0.038000 seconds
06-04 11:27:13.951     1     1 I init    : Sending signal 9 to service 'exec 2 (/system/bin/vdc checkpoint markBootAttempt)' (pid 238) process group...
06-04 11:27:13.951   211   211 I dlkm_loader: Loaded kernel module /vendor/lib/modules/usbip-core.ko
06-04 11:27:13.951     1     1 I libprocessgroup: Removed cgroup /sys/fs/cgroup/system/uid_1000/pid_238
06-04 11:27:13.951   211   211 I dlkm_loader: Loading module /vendor/lib/modules/v4l2loopback.ko with args ''
06-04 11:27:13.953     1     1 I init    : Command 'chown system cache /cache' action=post-fs (/system/etc/init/hw/init.rc:555) took 0ms and failed: lchown() failed: Read-only file system
06-04 11:27:13.953     1     1 I init    : Command 'chmod 0770 /cache' action=post-fs (/system/etc/init/hw/init.rc:556) took 0ms and failed: fchmodat() failed: Read-only file system
06-04 11:27:13.953   211   211 I         : v4l2loopback driver version 0.12.7 loaded
06-04 11:27:13.953   211   211 I dlkm_loader: Loaded kernel module /vendor/lib/modules/v4l2loopback.ko
06-04 11:27:13.953     1     1 E selinux : SELinux:  setxattr failed: /cache:  Read-only file system
06-04 11:27:13.953   211   211 I dlkm_loader: Loading module /vendor/lib/modules/vexpress-sysreg.ko with args ''
06-04 11:27:13.953     1     1 I init    : Command 'mkdir /cache/recovery 0770 system cache' action=post-fs (/system/etc/init/hw/init.rc:562) took 0ms and failed: mkdir() failed on /cache/recovery: Read-only file system
06-04 11:27:13.953     1     1 I init    : Command 'mkdir /cache/backup_stage 0700 system system' action=post-fs (/system/etc/init/hw/init.rc:565) took 0ms and failed: mkdir() failed on /cache/backup_stage: Read-only file system
06-04 11:27:13.953     1     1 I init    : Command 'mkdir /cache/backup 0700 system system' action=post-fs (/system/etc/init/hw/init.rc:566) took 0ms and failed: mkdir() failed on /cache/backup: Read-only file system
06-04 11:27:13.953     1     1 I init    : Command 'mkdir /cache/lost+found 0770 root root' action=post-fs (/system/etc/init/hw/init.rc:593) took 0ms and failed: mkdir() failed on /cache/lost+found: Read-only file system
06-04 11:27:13.955     1     1 I init    : processing action (post-fs) from (/system/etc/init/aconfigd.rc:26)
06-04 11:27:13.955     1     1 I init    : starting service 'system_aconfigd_platform_init'...
06-04 11:27:13.955   211   211 I dlkm_loader: Loaded kernel module /vendor/lib/modules/vexpress-sysreg.ko
06-04 11:27:13.955   211   211 I dlkm_loader: Loading module /vendor/lib/modules/vhci-hcd.ko with args ''
06-04 11:27:13.956   211   211 I vhci_hcd.0: USB/IP Virtual Host Controller
06-04 11:27:13.956   211   211 I vhci_hcd.0: new USB bus registered, assigned bus number 2
06-04 11:27:13.956   211   211 I vhci_hcd: created sysfs vhci_hcd.0
06-04 11:27:13.956   211   211 I usb2    : New USB device found, idVendor=1d6b, idProduct=0002, bcdDevice= 6.06
06-04 11:27:13.956   211   211 I usb2    : New USB device strings: Mfr=3, Product=2, SerialNumber=1
06-04 11:27:13.956   211   211 I usb2    : Product: USB/IP Virtual Host Controller
06-04 11:27:13.956   211   211 I usb2    : Manufacturer: Linux 6.6.66-android15-8-gb66429556fb8-ab13070261-4k vhci_hcd
06-04 11:27:13.956   211   211 I usb2    : SerialNumber: vhci_hcd.0
06-04 11:27:13.956     1     1 I init    : ... started service 'system_aconfigd_platform_init' has pid 246
06-04 11:27:13.956     1     1 I init    : SVC_EXEC service 'system_aconfigd_platform_init' pid 246 (uid 1000 gid 1000+0 context default) started; waiting...
06-04 11:27:13.957   211   211 I hub 2-0 : 1.0: USB hub found
06-04 11:27:13.957   211   211 I hub 2-0 : 1.0: 8 ports detected
06-04 11:27:13.961   211   211 I vhci_hcd.0: USB/IP Virtual Host Controller
06-04 11:27:13.961   211   211 I vhci_hcd.0: new USB bus registered, assigned bus number 3
06-04 11:27:13.961   211   211 I usb3    : We don't know the algorithms for LPM for this host, disabling LPM.
06-04 11:27:13.961   211   211 I usb3    : New USB device found, idVendor=1d6b, idProduct=0003, bcdDevice= 6.06
06-04 11:27:13.961   211   211 I usb3    : New USB device strings: Mfr=3, Product=2, SerialNumber=1
