[INFO] Scanning for projects...
[INFO] 
[INFO] ----------------< eu.europa.eudi:eudiw-automated-tests >----------------
[INFO] Building eudiw-automated-tests EUDI_Wallet_Version_2025.12.34-Demo
[INFO]   from pom.xml
[INFO] --------------------------------[ jar ]---------------------------------
[INFO] 
[INFO] --- resources:3.3.1:resources (default-resources) @ eudiw-automated-tests ---
[INFO] skip non existing resourceDirectory C:\Users\ftheofil\Projects\eu-digital-identity-walleteudi-doc-testing-application-internal\src\main\resources
[INFO] 
[INFO] --- compiler:3.14.1:compile (default-compile) @ eudiw-automated-tests ---
[INFO] Nothing to compile - all classes are up to date.
[INFO] 
[INFO] --- resources:3.3.1:testResources (default-testResources) @ eudiw-automated-tests ---
[INFO] Copying 258 resources from src\test\resources to target\test-classes
[INFO] 
[INFO] --- compiler:3.14.1:testCompile (default-testCompile) @ eudiw-automated-tests ---
[INFO] Recompiling the module because of changed source code.
[INFO] Compiling 27 source files with javac [debug target 17] to target\test-classes
[INFO] /C:/Users/ftheofil/Projects/eu-digital-identity-walleteudi-doc-testing-application-internal/src/test/java/eu/europa/eudi/pages/Verifier.java: C:\Users\ftheofil\Projects\eu-digital-identity-walleteudi-doc-testing-application-internal\src\test\java\eu\europa\eudi\pages\Verifier.java uses or overrides a deprecated API.
[INFO] /C:/Users/ftheofil/Projects/eu-digital-identity-walleteudi-doc-testing-application-internal/src/test/java/eu/europa/eudi/pages/Verifier.java: Recompile with -Xlint:deprecation for details.
[INFO] 
[INFO] --- surefire:3.5.4:test (default-test) @ eudiw-automated-tests ---
[INFO] Using auto detected provider org.apache.maven.surefire.junit4.JUnit4Provider
[INFO] 
[INFO] -------------------------------------------------------
[INFO]  T E S T S
[INFO] -------------------------------------------------------
[INFO] Running runners.TestRunner
13:36:09.455 [main] INFO   - 

-------------------------------------------------------------------------------------
     _______. _______ .______       _______ .__   __.  __  .___________.____    ____ 
    /       ||   ____||   _  \     |   ____||  \ |  | |  | |           |\   \  /   / 
   |   (----`|  |__   |  |_)  |    |  |__   |   \|  | |  | `---|  |----` \   \/   /  
    \   \    |   __|  |      /     |   __|  |  . `  | |  |     |  |       \_    _/   
.----)   |   |  |____ |  |\  \----.|  |____ |  |\   | |  |     |  |         |  |     
|_______/    |_______|| _| `._____||_______||__| \__| |__|     |__|         |__|    
                                                                                     
 News and tutorials at https://serenity-bdd.info                                     
 Documentation at https://serenity-bdd.github.io                                     
 Test Automation Training and Coaching: https://www.serenity-dojo.com                
 Commercial Support: https://www.serenity-dojo.com/serenity-bdd-enterprise-support   
 Join the Serenity Community on Gitter: https://gitter.im/serenity-bdd/serenity-core 
-------------------------------------------------------------------------------------

13:36:09.481 [main] INFO   - Test Suite Started: Check and update on presentation request the requested attestations revocation status
13:36:09.715 [main] INFO   - Test Suite Started: Check and update periodically all attestations revocation status
13:36:09.724 [main] INFO   - Test Suite Started: Batch Issuance of Attestations in EUDI Wallet
13:36:09.734 [main] INFO   - Test Suite Started: Batch Issuance of Attestations in EUDI Wallet
13:36:09.742 [main] INFO   - Test Suite Started: Presentation of Batch Issued Attestations to Relying Party on Separate Device
13:36:09.752 [main] INFO   - Test Suite Started: Presentation of Batch Issued Attestations in EUDI Wallet
13:36:09.760 [main] INFO   - Test Suite Started: Presentation of Batch Issued Attestations in Proximity Scenario
13:36:09.768 [main] INFO   - Test Suite Started: Issuance of Employee ID Credential in EUDI Wallet
13:36:09.777 [main] INFO   - Test Suite Started: Present Employee ID credential to Employer device via proximity flow
13:36:09.785 [main] INFO   - Test Suite Started: Sign Contract with EUDI Wallet
13:36:09.795 [main] INFO   - Test Suite Started: Apply for Cruise Ship Position Using EUDI Wallet
13:36:09.802 [main] INFO   - Test Suite Started: Request and Store Attestations in EUDI Wallet
13:36:09.810 [main] INFO   - Test Suite Started: Booking Service Reservation with EUDI Wallet (cross device)
13:36:09.817 [main] INFO   - Test Suite Started: Issue photo ID attestation
13:36:09.823 [main] INFO   - Test Suite Started: Issue photo ID attestation (cross device)
13:36:09.833 [main] INFO   - Test Suite Started: Issue photo ID attestation (same device)
13:36:09.839 [main] INFO   - Test Suite Started: Issuing reservation confirmation to EUDI Wallet
13:36:09.846 [main] INFO   - Test Suite Started: EUDI Wallet Booking Reservation Presentation
13:36:09.851 [main] INFO   - Test Suite Started: Sign car rental contract using EUDI Wallet
13:36:09.858 [main] INFO   - Test Suite Started: Cross-Device Presentation of Digital Attestations via EUDI Wallet
13:36:09.867 [main] INFO   - Test Suite Started: Present Digital Attestations via Browser using EUDI Wallet on Same Device
13:36:09.874 [main] INFO   - Test Suite Started: View and Authorize Transaction with EUDI Wallet
13:36:09.882 [main] INFO   - Test Suite Started: Support EHIC Attestation in EUDI Wallet
13:36:09.887 [main] INFO   - Test Suite Started: Deferred Issuing
13:36:09.892 [main] INFO   - Test Suite Started: Credential Issuance Cancellation
13:36:09.900 [main] INFO   - Test Suite Started: Dynamic issuance process
13:36:09.907 [main] INFO   - Test Suite Started: Pre-authorization code cross device
13:36:09.917 [main] INFO   - Test Suite Started: Pre-authorization code same device
13:36:09.925 [main] INFO   - Test Suite Started: Credential issuance process for cross device
13:36:09.933 [main] INFO   - Test Suite Started: Credential issuance process for the same device
13:36:09.939 [main] INFO   - Test Suite Started: PID-07 Issuing mdoc and sd-jwt PID together at once
13:36:09.947 [main] INFO   - Test Suite Started: Issuing and storing attestations in the EUDI Wallet via QR code
13:36:09.953 [main] INFO   - Test Suite Started: Issuing and storing attestations in the EUDI Wallet
13:36:09.959 [main] INFO   - Test Suite Started: EUDI Wallet Documents Screen
13:36:09.967 [main] INFO   - Test Suite Started: Filtering and sorting documents in the EUDI Wallet
13:36:09.973 [main] INFO   - Test Suite Started: EUDI Wallet Home Screen
13:36:09.980 [main] INFO   - Test Suite Started: EUDI Wallet Menu Screen
13:36:09.988 [main] INFO   - Test Suite Started: Present Attestations from EUDI Wallet
13:36:09.994 [main] INFO   - Test Suite Started: Present Attestations from EUDI Wallet
13:36:09.999 [main] INFO   - Test Suite Started: Searching for documents in the EUDI Wallet
13:36:10.004 [main] INFO   - Test Suite Started: Viewing and managing attestations in the EUDI Wallet
13:36:10.008 [main] INFO   - Test Suite Started: Support PDA1 Attestation in EUDI Wallet
13:36:10.013 [main] INFO   - Test Suite Started: Retrieve and View Document in EUDI Wallet
13:36:10.017 [main] INFO   - Test Suite Started: Return Signed Document to Relying Party
13:36:10.020 [main] INFO   - Test Suite Started: Authenticate to QTSPs using EUDI Wallet
13:36:10.024 [main] INFO   - Test Suite Started: Select Document to be Signed
13:36:10.029 [main] INFO   - Test Suite Started: Sign Document through EUDI Wallet
13:36:10.034 [main] INFO   - Test Suite Started: EUDI Wallet User Views Document in Relying Party Service
13:36:10.038 [main] INFO   - Test Suite Started: EUDI Wallet User Logs into a Relying Party
13:36:10.043 [main] INFO   - Test Suite Started: EUDI Wallet User Engagement with Trusted Issuers
13:36:10.049 [main] INFO   - Test Suite Started: EUDI Wallet User Authenticates to QTSP for Document Signing
13:36:10.053 [main] INFO   - Test Suite Started: EUDI Wallet User Signs Document through QTSP with Explicit Consent
13:36:10.058 [main] INFO   - Test Suite Started: User Authentication and Re-Issuance of PIDs/Attestations
13:36:10.063 [main] INFO   - Test Suite Started: Relying Party Trusted Certificate Creation
13:36:10.068 [main] INFO   - Test Suite Started: Filter and Sort Transactions in EUDI Wallet
13:36:10.075 [main] INFO   - Test Suite Started: List Transactions in EUDI Wallet
13:36:10.083 [main] INFO   - Test Suite Started: Transaction Search in EUDI Wallet
13:36:10.089 [main] INFO   - Test Suite Started: View Transaction in EUDI Wallet
13:36:10.096 [main] INFO   - Test Suite Started: Support the latest version of PID in EUDI Wallet
13:36:10.102 [main] INFO   - Test Suite Started: EUDIW Web Verifier
13:36:10.108 [main] INFO   - Test Suite Started: EUDIW Web Verifier
13:36:10.114 [main] INFO   - Test Suite Started: Issuance and presentation - mDL
13:36:10.122 [main] INFO   - Test Suite Started: Automated Regression Tests PID
13:36:10.128 [main] INFO   - Test Suite Started: Manual Regression Tests
13:36:10.134 [main] INFO   - Test Suite Started: Credential issuance process for the same device
13:36:10.139 [main] INFO   - Test Suite Started: Online Identification & Authentication (same-device)
13:36:10.144 [main] INFO   - Test Suite Started: Deleting a mDL document
13:36:10.150 [main] INFO   - Test Suite Started: Deleting a PID document
13:36:10.154 [main] INFO   - Test Suite Started: Add mDL By Choosing From List
13:36:10.158 [main] INFO   - Test Suite Started: Add Pid By Choosing From List
13:36:10.163 [main] INFO   - Test Suite Started: Selective Disclosure
13:36:10.167 [main] INFO   - Test Suite Started: Dashboard display
13:36:10.170 [main] INFO   - Test Suite Started: View mDL document
13:36:10.173 [main] INFO   - Test Suite Started: View PID document
13:36:10.194 [main] INFO   - Test Suite Started: Defects
13:36:10.199 [main] INFO   - Test Suite Started: Check and update on presentation request the requested attestations revocation status
13:36:10.203 [main] INFO   - Test Suite Started: Check and update periodically all attestations revocation status
13:36:10.208 [main] INFO   - Test Suite Started: Batch Issuance of Attestations in EUDI Wallet
13:36:10.212 [main] INFO   - Test Suite Started: Batch Issuance of Attestations in EUDI Wallet
13:36:10.217 [main] INFO   - Test Suite Started: Presentation of Batch Issued Attestations to Relying Party on Separate Device
13:36:10.223 [main] INFO   - Test Suite Started: Presentation of Batch Issued Attestations in EUDI Wallet
13:36:10.228 [main] INFO   - Test Suite Started: Presentation of Batch Issued Attestations in Proximity Scenario
13:36:10.234 [main] INFO   - Test Suite Started: Issuance of Employee ID Credential in EUDI Wallet
13:36:10.238 [main] INFO   - Test Suite Started: Present Employee ID credential to Employer device via proximity flow
13:36:10.244 [main] INFO   - Test Suite Started: Sign Contract with EUDI Wallet
13:36:10.249 [main] INFO   - Test Suite Started: Apply for Cruise Ship Position Using EUDI Wallet
13:36:10.255 [main] INFO   - Test Suite Started: Request and Store Attestations in EUDI Wallet
13:36:10.262 [main] INFO   - Test Suite Started: Booking Service Reservation with EUDI Wallet (cross device)
13:36:10.268 [main] INFO   - Test Suite Started: Issue photo ID attestation
13:36:10.274 [main] INFO   - Test Suite Started: Issue photo ID attestation (cross device)
13:36:10.278 [main] INFO   - Test Suite Started: Issue photo ID attestation (same device)
13:36:10.283 [main] INFO   - Test Suite Started: Issuing reservation confirmation to EUDI Wallet
13:36:10.288 [main] INFO   - Test Suite Started: EUDI Wallet Booking Reservation Presentation
13:36:10.293 [main] INFO   - Test Suite Started: Sign car rental contract using EUDI Wallet
13:36:10.299 [main] INFO   - Test Suite Started: Cross-Device Presentation of Digital Attestations via EUDI Wallet
13:36:10.306 [main] INFO   - Test Suite Started: Present Digital Attestations via Browser using EUDI Wallet on Same Device
13:36:10.312 [main] INFO   - Test Suite Started: View and Authorize Transaction with EUDI Wallet
13:36:10.315 [main] INFO   - Test Suite Started: Support EHIC Attestation in EUDI Wallet
13:36:10.321 [main] INFO   - Test Suite Started: Deferred Issuing
13:36:10.324 [main] INFO   - Test Suite Started: Credential Issuance Cancellation
13:36:10.329 [main] INFO   - Test Suite Started: Dynamic issuance process
13:36:10.332 [main] INFO   - Test Suite Started: Pre-authorization code cross device
13:36:10.336 [main] INFO   - Test Suite Started: Pre-authorization code same device
13:36:10.342 [main] INFO   - Test Suite Started: Credential issuance process for cross device
13:36:10.346 [main] INFO   - Test Suite Started: Credential issuance process for the same device
13:36:10.350 [main] INFO   - Test Suite Started: PID-07 Issuing mdoc and sd-jwt PID together at once
13:36:10.355 [main] INFO   - Test Suite Started: Issuing and storing attestations in the EUDI Wallet via QR code
13:36:10.358 [main] INFO   - Test Suite Started: Issuing and storing attestations in the EUDI Wallet
13:36:10.364 [main] INFO   - Test Suite Started: EUDI Wallet Documents Screen
13:36:10.370 [main] INFO   - Test Suite Started: Filtering and sorting documents in the EUDI Wallet
13:36:10.375 [main] INFO   - Test Suite Started: EUDI Wallet Home Screen
13:36:10.379 [main] INFO   - Test Suite Started: EUDI Wallet Menu Screen
13:36:10.383 [main] INFO   - Test Suite Started: Present Attestations from EUDI Wallet
13:36:10.387 [main] INFO   - Test Suite Started: Present Attestations from EUDI Wallet
13:36:10.391 [main] INFO   - Test Suite Started: Searching for documents in the EUDI Wallet
13:36:10.394 [main] INFO   - Test Suite Started: Viewing and managing attestations in the EUDI Wallet
13:36:10.398 [main] INFO   - Test Suite Started: Support PDA1 Attestation in EUDI Wallet
13:36:10.402 [main] INFO   - Test Suite Started: Authenticate to QTSPs using EUDI Wallet
13:36:10.405 [main] INFO   - Test Suite Started: Select Document to be Signed
13:36:10.408 [main] INFO   - Test Suite Started: Sign Document through EUDI Wallet
13:36:10.413 [main] INFO   - Test Suite Started: EUDI Wallet User Views Document in Relying Party Service
13:36:10.417 [main] INFO   - Test Suite Started: EUDI Wallet User Logs into a Relying Party
13:36:10.423 [main] INFO   - Test Suite Started: EUDI Wallet User Engagement with Trusted Issuers
13:36:10.426 [main] INFO   - Test Suite Started: EUDI Wallet User Authenticates to QTSP for Document Signing
13:36:10.430 [main] INFO   - Test Suite Started: EUDI Wallet User Signs Document through QTSP with Explicit Consent
13:36:10.433 [main] INFO   - Test Suite Started: User Authentication and Re-Issuance of PIDs/Attestations
13:36:10.437 [main] INFO   - Test Suite Started: Relying Party Trusted Certificate Creation
13:36:10.443 [main] INFO   - Test Suite Started: Filter and Sort Transactions in EUDI Wallet
13:36:10.448 [main] INFO   - Test Suite Started: List Transactions in EUDI Wallet
13:36:10.453 [main] INFO   - Test Suite Started: Transaction Search in EUDI Wallet
13:36:10.458 [main] INFO   - Test Suite Started: View Transaction in EUDI Wallet
13:36:10.461 [main] INFO   - Test Suite Started: Support the latest version of PID in EUDI Wallet
13:36:10.465 [main] INFO   - Test Suite Started: EUDIW Web Verifier
13:36:10.471 [main] INFO   - Test Suite Started: EUDIW Web Verifier
13:36:10.479 [main] INFO   - Test Suite Started: Issuance and presentation - mDL
13:36:10.486 [main] INFO   - Test Suite Started: Automated Regression Tests PID
13:36:10.490 [main] INFO   - Test Suite Started: Credential issuance process for the same device
13:36:10.495 [main] INFO   - Test Suite Started: Online Identification & Authentication (same-device)
13:36:10.498 [main] INFO   - Test Suite Started: Deleting a mDL document
13:36:10.502 [main] INFO   - Test Suite Started: Deleting a PID document
13:36:10.505 [main] INFO   - Test Suite Started: Add mDL By Choosing From List
13:36:10.510 [main] INFO   - Test Suite Started: Add Pid By Choosing From List
13:36:10.513 [main] INFO   - Test Suite Started: Selective Disclosure
13:36:10.517 [main] INFO   - Test Suite Started: Dashboard display
13:36:10.520 [main] INFO   - Test Suite Started: View mDL document
13:36:10.523 [main] INFO   - Test Suite Started: View PID document
13:36:10.526 [main] INFO   - Test Suite Started: Issuance and presentation - mDL
13:36:11.982 [main] INFO   - 
  _____   ___   ___   _____     ___   _____     _     ___   _____   ___   ___  
 |_   _| | __| / __| |_   _|   / __| |_   _|   /_\   | _ \ |_   _| | __| |   \ 
   | |   | _|  \__ \   | |     \__ \   | |    / _ \  |   /   | |   | _|  | |) |
   |_|   |___| |___/   |_|     |___/   |_|   /_/ \_\ |_|_\   |_|   |___| |___/ 

Successful credential issuance and presentation with selective disclosure - Kotlin Issuer - mDL(issuance-and-presentation---mdl;successful-credential-issuance-and-presentation-with-selective-disclosure---kotlin-issuer---mdl)
--------------------------------------------------------------------------------
Running environment: browserstack
Session ID: 40a5da8484e75dc1abb21fa94a0a1da4ca3d3bea
Header is visible: true
Username field is visible on attempt 1
13:40:00.513 [main] ERROR  - 
  _____   ___   ___   _____     ___   ___   ___    ___    ___ 
 |_   _| | __| / __| |_   _|   | __| | _ \ | _ \  / _ \  | _ \
   | |   | _|  \__ \   | |     | _|  |   / |   / | (_) | |   /
   |_|   |___| |___/   |_|     |___| |_|_\ |_|_\  \___/  |_|_\

Successful credential issuance and presentation with selective disclosure - Kotlin Issuer - mDL
---------------------------------------------------------------
13:40:00.671 [main] ERROR  -     Test failed at step: And the issuance is performed on a same device for the mDL (MSO Mdoc)
13:40:00.672 [main] ERROR  -     Expected condition failed: waiting for visibility of element found by By.xpath: //android.widget.EditText[@resource-id="password"], but... org.openqa.selenium.NoSuchElementException: An element could not be located on the page using the given search parameters..(tried for 110 seconds with 500 milliseconds interval)Build info: version: '4.40.0', revision: 'b3333f1'System info: os.name: 'Windows 11', os.arch: 'amd64', os.version: '10.0', java.version: '17.0.9'Driver info: io.appium.java_client.android.AndroidDriverCapabilities {appium:androidProcess: eu.europa.ec.euidi.dev, appium:appActivity: eu.europa.ec.assemblylogic...., appium:appPackage: eu.europa.ec.euidi.dev, appium:autoGrantPermissions: true, appium:autoRotate: true, appium:automationName: UiAutomator2, appium:browserstack.appiumLogs: false, appium:browserstack.debug: true, appium:browserstack.deviceLogs: true, appium:browserstack.interactiveDebugging: true, appium:browserstack.video: true, appium:bundleID: eu.europa.ec.euidi.dev, appium:bundleId: eu.europa.ec.euidi.dev, appium:chromedriverPorts: [[18100, 18110]], appium:databaseEnabled: false, appium:desired: {androidProcess: eu.europa.ec.euidi.dev, appActivity: eu.europa.ec.assemblylogic...., appPackage: eu.europa.ec.euidi.dev, autoGrantPermissions: true, autoRotate: true, automationName: UiAutomator2, browserstack.appiumLogs: false, browserstack.debug: true, browserstack.deviceLogs: true, browserstack.interactiveDebugging: true, browserstack.video: true, bundleID: eu.europa.ec.euidi.dev, bundleId: eu.europa.ec.euidi.dev, chromedriverPorts: [[18100, 18110]], deviceName: Samsung Galaxy S22 Ultra, disableIdLocatorAutocompletion: true, disableSuppressAccessibilityService: false, disableWindowAnimation: true, feature_name: issuanceAndPresentationScen..., goog:chromeOptions: {}, name: issuanceAndPresentationScen..., nativeWebScreenshot: true, newCommandTimeout: 0, orientation: PORTRAIT, platformName: Android, platformVersion: 12.0, sessionName: issuanceAndPresentationScen..., settings: {allowInvisibleElements: true}, skipServerInstallation: true, systemPort: 8200, udid: R3CT408BWYZ}, appium:deviceApiLevel: 31, appium:deviceManufacturer: samsung, appium:deviceModel: SM-S908B, appium:deviceName: R3CT408BWYZ, appium:deviceScreenDensity: 450, appium:deviceScreenSize: 1080x2316, appium:deviceUDID: R3CT408BWYZ, appium:disableIdLocatorAutocompletion: true, appium:disableSuppressAccessibilityService: false, appium:disableWindowAnimation: true, appium:feature_name: issuanceAndPresentationScen..., appium:javascriptEnabled: true, appium:locationContextEnabled: false, appium:name: issuanceAndPresentationScen..., appium:nativeWebScreenshot: true, appium:networkConnectionEnabled: true, appium:newCommandTimeout: 0, appium:orientation: PORTRAIT, appium:pixelRatio: 2.8125, appium:platformVersion: 12, appium:sessionName: issuanceAndPresentationScen..., appium:settings: {allowInvisibleElements: true}, appium:skipServerInstallation: true, appium:statBarHeight: 75, appium:systemPort: 8200, appium:takesScreenshot: true, appium:udid: R3CT408BWYZ, appium:viewportRect: {height: 2031, left: 0, top: 75, width: 1080}, appium:warnings: {}, appium:webStorageEnabled: false, goog:chromeOptions: {}, platformName: ANDROID}Session ID: 40a5da8484e75dc1abb21fa94a0a1da4ca3d3beaBuild info: version: '4.40.0', revision: 'b3333f1'System info: os.name: 'Windows 11', os.arch: 'amd64', os.version: '10.0', java.version: '17.0.9'Driver info: driver.version: unknown
[ERROR] Tests run: 1, Failures: 0, Errors: 1, Skipped: 0, Time elapsed: 245.7 s <<< FAILURE! -- in runners.TestRunner
[ERROR] Issuance and presentation - mDL #1.Successful credential issuance and presentation with selective disclosure - Kotlin Issuer - mDL -- Time elapsed: 230.0 s <<< ERROR!
org.openqa.selenium.TimeoutException: 
Expected condition failed: waiting for visibility of element found by By.xpath: //android.widget.EditText[@resource-id="password"], but... org.openqa.selenium.NoSuchElementException: An element could not be located on the page using the given search parameters..
(tried for 110 seconds with 500 milliseconds interval)
Build info: version: '4.40.0', revision: 'b3333f1'
System info: os.name: 'Windows 11', os.arch: 'amd64', os.version: '10.0', java.version: '17.0.9'
Driver info: io.appium.java_client.android.AndroidDriver
Capabilities {appium:androidProcess: eu.europa.ec.euidi.dev, appium:appActivity: eu.europa.ec.assemblylogic...., appium:appPackage: eu.europa.ec.euidi.dev, appium:autoGrantPermissions: true, appium:autoRotate: true, appium:automationName: UiAutomator2, appium:browserstack.appiumLogs: false, appium:browserstack.debug: true, appium:browserstack.deviceLogs: true, appium:browserstack.interactiveDebugging: true, appium:browserstack.video: true, appium:bundleID: eu.europa.ec.euidi.dev, appium:bundleId: eu.europa.ec.euidi.dev, appium:chromedriverPorts: [[18100, 18110]], appium:databaseEnabled: false, appium:desired: {androidProcess: eu.europa.ec.euidi.dev, appActivity: eu.europa.ec.assemblylogic...., appPackage: eu.europa.ec.euidi.dev, autoGrantPermissions: true, autoRotate: true, automationName: UiAutomator2, browserstack.appiumLogs: false, browserstack.debug: true, browserstack.deviceLogs: true, browserstack.interactiveDebugging: true, browserstack.video: true, bundleID: eu.europa.ec.euidi.dev, bundleId: eu.europa.ec.euidi.dev, chromedriverPorts: [[18100, 18110]], deviceName: Samsung Galaxy S22 Ultra, disableIdLocatorAutocompletion: true, disableSuppressAccessibilityService: false, disableWindowAnimation: true, feature_name: issuanceAndPresentationScen..., goog:chromeOptions: {}, name: issuanceAndPresentationScen..., nativeWebScreenshot: true, newCommandTimeout: 0, orientation: PORTRAIT, platformName: Android, platformVersion: 12.0, sessionName: issuanceAndPresentationScen..., settings: {allowInvisibleElements: true}, skipServerInstallation: true, systemPort: 8200, udid: R3CT408BWYZ}, appium:deviceApiLevel: 31, appium:deviceManufacturer: samsung, appium:deviceModel: SM-S908B, appium:deviceName: R3CT408BWYZ, appium:deviceScreenDensity: 450, appium:deviceScreenSize: 1080x2316, appium:deviceUDID: R3CT408BWYZ, appium:disableIdLocatorAutocompletion: true, appium:disableSuppressAccessibilityService: false, appium:disableWindowAnimation: true, appium:feature_name: issuanceAndPresentationScen..., appium:javascriptEnabled: true, appium:locationContextEnabled: false, appium:name: issuanceAndPresentationScen..., appium:nativeWebScreenshot: true, appium:networkConnectionEnabled: true, appium:newCommandTimeout: 0, appium:orientation: PORTRAIT, appium:pixelRatio: 2.8125, appium:platformVersion: 12, appium:sessionName: issuanceAndPresentationScen..., appium:settings: {allowInvisibleElements: true}, appium:skipServerInstallation: true, appium:statBarHeight: 75, appium:systemPort: 8200, appium:takesScreenshot: true, appium:udid: R3CT408BWYZ, appium:viewportRect: {height: 2031, left: 0, top: 75, width: 1080}, appium:warnings: {}, appium:webStorageEnabled: false, goog:chromeOptions: {}, platformName: ANDROID}
Session ID: 40a5da8484e75dc1abb21fa94a0a1da4ca3d3bea
	at org.openqa.selenium.support.ui.WebDriverWait.timeoutException(WebDriverWait.java:84)
	at org.openqa.selenium.support.ui.FluentWait.until(FluentWait.java:231)
	at eu.europa.eudi.pages.Issuer.fillLoginForm(Issuer.java:2083)
	at eu.europa.eudi.stepdefs.AutomatedStepDefs.theIssuanceIsPerformedOnA(AutomatedStepDefs.java:1943)
	at ?.the issuance is performed on a same device for the mDL (MSO Mdoc)(file:///C:/Users/ftheofil/Projects/eu-digital-identity-walleteudi-doc-testing-application-internal/src/test/resources/features/android/regressionTests/Automated_Regression_Tests/MDL_MSO_Mdoc/issuanceAndPresentationScenariosMdl.feature:7)

[INFO] 
[INFO] Results:
[INFO] 
[ERROR] Errors: 
[ERROR]   Expected condition failed: waiting for visibility of element found by By.xpath: //android.widget.EditText[@resource-id="password"], but... org.openqa.selenium.NoSuchElementException: An element could not be located on the page using the given search parameters..
(tried for 110 seconds with 500 milliseconds interval)
Build info: version: '4.40.0', revision: 'b3333f1'
System info: os.name: 'Windows 11', os.arch: 'amd64', os.version: '10.0', java.version: '17.0.9'
Driver info: io.appium.java_client.android.AndroidDriver
Capabilities {appium:androidProcess: eu.europa.ec.euidi.dev, appium:appActivity: eu.europa.ec.assemblylogic...., appium:appPackage: eu.europa.ec.euidi.dev, appium:autoGrantPermissions: true, appium:autoRotate: true, appium:automationName: UiAutomator2, appium:browserstack.appiumLogs: false, appium:browserstack.debug: true, appium:browserstack.deviceLogs: true, appium:browserstack.interactiveDebugging: true, appium:browserstack.video: true, appium:bundleID: eu.europa.ec.euidi.dev, appium:bundleId: eu.europa.ec.euidi.dev, appium:chromedriverPorts: [[18100, 18110]], appium:databaseEnabled: false, appium:desired: {androidProcess: eu.europa.ec.euidi.dev, appActivity: eu.europa.ec.assemblylogic...., appPackage: eu.europa.ec.euidi.dev, autoGrantPermissions: true, autoRotate: true, automationName: UiAutomator2, browserstack.appiumLogs: false, browserstack.debug: true, browserstack.deviceLogs: true, browserstack.interactiveDebugging: true, browserstack.video: true, bundleID: eu.europa.ec.euidi.dev, bundleId: eu.europa.ec.euidi.dev, chromedriverPorts: [[18100, 18110]], deviceName: Samsung Galaxy S22 Ultra, disableIdLocatorAutocompletion: true, disableSuppressAccessibilityService: false, disableWindowAnimation: true, feature_name: issuanceAndPresentationScen..., goog:chromeOptions: {}, name: issuanceAndPresentationScen..., nativeWebScreenshot: true, newCommandTimeout: 0, orientation: PORTRAIT, platformName: Android, platformVersion: 12.0, sessionName: issuanceAndPresentationScen..., settings: {allowInvisibleElements: true}, skipServerInstallation: true, systemPort: 8200, udid: R3CT408BWYZ}, appium:deviceApiLevel: 31, appium:deviceManufacturer: samsung, appium:deviceModel: SM-S908B, appium:deviceName: R3CT408BWYZ, appium:deviceScreenDensity: 450, appium:deviceScreenSize: 1080x2316, appium:deviceUDID: R3CT408BWYZ, appium:disableIdLocatorAutocompletion: true, appium:disableSuppressAccessibilityService: false, appium:disableWindowAnimation: true, appium:feature_name: issuanceAndPresentationScen..., appium:javascriptEnabled: true, appium:locationContextEnabled: false, appium:name: issuanceAndPresentationScen..., appium:nativeWebScreenshot: true, appium:networkConnectionEnabled: true, appium:newCommandTimeout: 0, appium:orientation: PORTRAIT, appium:pixelRatio: 2.8125, appium:platformVersion: 12, appium:sessionName: issuanceAndPresentationScen..., appium:settings: {allowInvisibleElements: true}, appium:skipServerInstallation: true, appium:statBarHeight: 75, appium:systemPort: 8200, appium:takesScreenshot: true, appium:udid: R3CT408BWYZ, appium:viewportRect: {height: 2031, left: 0, top: 75, width: 1080}, appium:warnings: {}, appium:webStorageEnabled: false, goog:chromeOptions: {}, platformName: ANDROID}
Session ID: 40a5da8484e75dc1abb21fa94a0a1da4ca3d3bea
[INFO] 
[ERROR] Tests run: 1, Failures: 0, Errors: 1, Skipped: 0
[INFO] 
[ERROR] 

See C:\Users\ftheofil\Projects\eu-digital-identity-walleteudi-doc-testing-application-internal\target\surefire-reports for the individual test results.
See dump files (if any exist) [date].dump, [date]-jvmRun[N].dump and [date].dumpstream.
[INFO] ------------------------------------------------------------------------
[INFO] BUILD SUCCESS
[INFO] ------------------------------------------------------------------------
[INFO] Total time:  04:23 min
[INFO] Finished at: 2026-05-07T13:40:01+03:00
[INFO] ------------------------------------------------------------------------
