07-25 09:44:11.660  2436  2632 I SystemServerTimingAsync: InitThreadPoolExec:StartHidlServices
07-25 09:44:11.660  2436  2632 I SystemServerTimingAsync: StartHidlServices
07-25 09:44:11.662  2436  2436 I SystemServerTiming: StartInputManager
07-25 09:44:11.662  2436  2436 I InputManager: Starting input manager
07-25 09:44:11.663  2436  2436 D InputManagerServiceStubImpl: registerStub
07-25 09:44:11.663  2436  2436 D InputManagerServiceStubImpl: SynergyMode changed, mode = 0
07-25 09:44:11.664  2436  2436 W MiuiInputKeyEventLog: setLogLevel:0
07-25 09:44:11.664  2436  2436 W MiuiInputKeyEventLog: setLogLevel:0
07-25 09:44:11.665  2436  2436 I InputManagerServiceStubImpl: ctsMode  is:false
07-25 09:44:11.666  2436  2436 W MiuiInputKeyEventLog: setLogLevel:0
07-25 09:44:11.667  2436  2436 D TouchWakeUpModeFeature: gesture_wakeup modeOn = false
07-25 09:44:11.667  2436  2436 I ITouchFeature: current device and process support version:2
07-25 09:44:11.671  2436  2436 I SystemServerTiming: DisplayManagerWindowManagerAndInputReady
07-25 09:44:11.671  2436  2436 I SystemServerTiming: StartBluetoothService
07-25 09:44:11.672  2436  2436 I SystemServiceManager: Starting com.android.server.BluetoothService
07-25 09:44:11.675  2436  2436 D BluetoothManagerService: Loading stored name and address
07-25 09:44:11.675  2436  2436 D BluetoothManagerService: Stored bluetooth Name=*****,Address=00:00:00:D8:0D:EE
07-25 09:44:11.676  2436  2436 D BluetoothManagerService: Bluetooth persisted state: 1
07-25 09:44:11.676  2436  2436 D BluetoothManagerService: Startup: Bluetooth persisted state is ON.
07-25 09:44:11.676  2436  2436 D BluetoothManagerService: Detected SystemUiUid: 1000
07-25 09:44:11.676  2436  2436 I SystemServerTiming: IpConnectivityMetrics
07-25 09:44:11.676  2436  2436 I SystemServiceManager: Starting com.android.server.connectivity.IpConnectivityMetrics
07-25 09:44:11.677  2436  2436 I SystemServerTiming: NetworkWatchlistService
07-25 09:44:11.677  2436  2436 I SystemServiceManager: Starting com.android.server.net.watchlist.NetworkWatchlistService$Lifecycle
07-25 09:44:11.680  2436  2436 I WatchlistSettings: Reload watchlist settings done
07-25 09:44:11.681  2436  2640 I WatchlistLoggingHandler: No need to aggregate record yet.
07-25 09:44:11.681  2436  2640 I WatchlistLoggingHandler: Milliseconds spent on tryAggregateRecords(): 0
07-25 09:44:11.681  2436  2436 I SystemServerTiming: PinnerService
07-25 09:44:11.681  2436  2436 I SystemServiceManager: Starting com.android.server.PinnerService
07-25 09:44:11.682  2436  2436 I SystemServerTiming: IorapForwardingService
07-25 09:44:11.682  2436  2505 D PinnerService: pinRangeStream: null
07-25 09:44:11.683  2436  2436 I SystemServiceManager: Starting com.google.android.startop.iorap.IorapForwardingService
07-25 09:44:11.683  2436  2436 I SystemServiceManager: Starting com.android.server.ActivityTriggerService
07-25 09:44:11.688  2436  2436 I SystemServerTiming: SignedConfigService
07-25 09:44:11.688  2436  2436 I SystemServerTiming: AppIntegrityService
07-25 09:44:11.688  2436  2436 I SystemServiceManager: Starting com.android.server.integrity.AppIntegrityManagerService
07-25 09:44:11.689  2436  2436 E IntegrityFileManager: Error creating staging and rules directory
07-25 09:44:11.693  2436  2436 I WindowManager: SAFE MODE not enabled
07-25 09:44:11.693  2436  2436 I SystemServerTiming: StartInputMethodManagerLifecycle
07-25 09:44:11.693  2436  2436 I SystemServiceManager: Starting com.android.server.inputmethod.InputMethodManagerService$Lifecycle
07-25 09:44:11.698  2436  2436 I SystemServerTiming: StartAccessibilityManagerService
07-25 09:44:11.698  2436  2436 I SystemServiceManager: Starting com.android.server.accessibility.AccessibilityManagerService$Lifecycle
07-25 09:44:11.702  2436  2436 I SystemServerTiming: MakeDisplayReady
07-25 09:44:11.705  2436  2436 I ActivityTaskManager: Config changes=20005df8 {1.0 ?mcc?mnc [en_GB] ldltr sw392dp w392dp h791dp 440dpi nrml long port ?uimode ?night ?pc -touch -keyb/v/h -nav/h winConfig={ mBounds=Rect(0, 0 - 1080, 2400) mAppBounds=Rect(0, 94 - 1080, 2270) mMaxBounds=Rect(0, 0 - 1080, 2400) mWindowingMode=fullscreen mDisplayWindowingMode=fullscreen mActivityType=undefined mAlwaysOnTop=undefined mRotation=ROTATION_0 mInSplitScreen=false} s.2 ?fontWeightAdjustment themeChanged=0 themeChangedFlags=0 extraData = Bundle[{}] dt/?/d}
07-25 09:44:11.706  2436  2436 I WindowManager: Override config changes=60007dfc {1.0 ?mcc?mnc [en_GB] ldltr sw392dp w392dp h791dp 440dpi nrml long port ?uimode ?night ?pc -touch -keyb/v/h -nav/h winConfig={ mBounds=Rect(0, 0 - 1080, 2400) mAppBounds=Rect(0, 94 - 1080, 2270) mMaxBounds=Rect(0, 0 - 1080, 2400) mWindowingMode=fullscreen mDisplayWindowingMode=fullscreen mActivityType=undefined mAlwaysOnTop=undefined mRotation=ROTATION_0 mInSplitScreen=false} s.2 ?fontWeightAdjustment themeChanged=0 themeChangedFlags=0 extraData = Bundle[{}] dt/?/d} for displayId=0
07-25 09:44:11.713  2436  2436 I ActivityTaskManager: Config changes=8 {1.0 ?mcc?mnc [en_GB] ldltr sw392dp w392dp h791dp 440dpi nrml long port ?uimode ?night ?pc finger -keyb/v/h -nav/h winConfig={ mBounds=Rect(0, 0 - 1080, 2400) mAppBounds=Rect(0, 94 - 1080, 2270) mMaxBounds=Rect(0, 0 - 1080, 2400) mWindowingMode=fullscreen mDisplayWindowingMode=fullscreen mActivityType=undefined mAlwaysOnTop=undefined mRotation=ROTATION_0 mInSplitScreen=false} s.4 ?fontWeightAdjustment themeChanged=0 themeChangedFlags=0 extraData = Bundle[{}] dt/?/d}
07-25 09:44:11.714  2436  2436 I WindowManager: Override config changes=8 {1.0 ?mcc?mnc [en_GB] ldltr sw392dp w392dp h791dp 440dpi nrml long port ?uimode ?night ?pc finger -keyb/v/h -nav/h winConfig={ mBounds=Rect(0, 0 - 1080, 2400) mAppBounds=Rect(0, 94 - 1080, 2270) mMaxBounds=Rect(0, 0 - 1080, 2400) mWindowingMode=fullscreen mDisplayWindowingMode=fullscreen mActivityType=undefined mAlwaysOnTop=undefined mRotation=ROTATION_0 mInSplitScreen=false} s.4 ?fontWeightAdjustment themeChanged=0 themeChangedFlags=0 extraData = Bundle[{}] dt/?/d} for displayId=0
07-25 09:44:11.715  2436  2436 I SystemServerTiming: StartStorageManagerService
07-25 09:44:11.716  2436  2436 I SystemServiceManager: Starting com.android.server.StorageManagerService$Lifecycle
07-25 09:44:11.716  2436  2496 W ActivityManager: Override mOomMinFree with: 73728,92160,110592,387072,1105920,1451520
07-25 09:44:11.721  2436  2505 D PinnerService: pinRangeStream: null
07-25 09:44:11.729  2436  2505 D PinnerService: pinRangeStream: null
07-25 09:44:11.730  2436  2505 D PinnerService: pinRangeStream: null
07-25 09:44:11.730  2436  2644 D StorageManagerService: Thinking about init, mBootCompleted=false, mDaemonConnected=true
07-25 09:44:11.730  2436  2644 D StorageManagerService: Thinking about reset, mBootCompleted=false, mDaemonConnected=true
07-25 09:44:11.731  2436  2644 D StorageManagerService: Thinking about init, mBootCompleted=false, mDaemonConnected=true
07-25 09:44:11.731  2436  2644 D StorageManagerService: Thinking about reset, mBootCompleted=false, mDaemonConnected=true
07-25 09:44:11.733  2436  2436 I SystemServerTiming: StartStorageStatsService
07-25 09:44:11.733  2436  2436 I SystemServiceManager: Starting com.android.server.usage.StorageStatsService$Lifecycle
07-25 09:44:11.738  2436  2436 I SystemServerTiming: StartUiModeManager
07-25 09:44:11.738  2436  2436 I SystemServiceManager: Starting com.android.server.UiModeManagerService
07-25 09:44:11.740  2436  2647 I SystemServerTimingAsync: InitThreadPoolExec:UiModeManager.onStart
07-25 09:44:11.743  2436  2505 D PinnerService: pinRangeStream: null
07-25 09:44:11.746  2436  2505 D PinnerService: pinRangeStream: null
07-25 09:44:11.746  2436  2505 D PinnerService: pinRangeStream: null
07-25 09:44:11.750  2436  2436 I DarkModeSuggestProvider: registerDataObserver
07-25 09:44:11.752  2436  2436 I SystemServerTiming: UpdatePackagesIfNeeded
07-25 09:44:11.752  2436  2436 I Watchdog: Pausing HandlerChecker: main thread for reason: dexopt. Pause count: 1
07-25 09:44:11.752  2436  2436 I ScoutSystemMonitor: Pausing HandlerChecker: main thread for reason: dexopt. Pause count: 1
07-25 09:44:11.752  2436  2436 I Watchdog: Resuming HandlerChecker: main thread for reason: dexopt. Pause count: 0
07-25 09:44:11.752  2436  2436 I ScoutSystemMonitor: Resuming HandlerChecker: main thread for reason: dexopt. Pause count: 0
07-25 09:44:11.752  2436  2436 I SystemServerTiming: StartLockSettingsService
07-25 09:44:11.752  2436  2436 I SystemServiceManager: Starting com.android.server.locksettings.LockSettingsService$Lifecycle
07-25 09:44:11.761  1119  1910 W EventThreadInspector: slow VSync-appSf on display(4630946480857061762) count=1, avg=30 ms, max=30 ms.
07-25 09:44:11.776  2436  2436 I SystemServerTiming: StartPersistentDataBlock
07-25 09:44:11.776  2436  2436 I SystemServiceManager: Starting com.android.server.PersistentDataBlockService
07-25 09:44:11.777  2436  2436 I SystemServerTiming: StartTestHarnessMode
07-25 09:44:11.777  2436  2436 I SystemServiceManager: Starting com.android.server.testharness.TestHarnessModeService
07-25 09:44:11.777  2436  2651 I SystemServerTimingAsync: InitThreadPoolExec:PersistentDataBlockService.onStart
07-25 09:44:11.778  2436  2436 I SystemServerTiming: StartOemLockService
07-25 09:44:11.779  2436  2436 I SystemServiceManager: Starting com.android.server.oemlock.OemLockService
07-25 09:44:11.779  2436  2436 I OemLock : OemLock HAL not present on device
07-25 09:44:11.779  2436  2436 I OemLock : Using persistent data block based lock
07-25 09:44:11.780  2436  2436 I SystemServerTiming: StartDeviceIdleController
07-25 09:44:11.780  2436  2436 I SystemServiceManager: Starting com.android.server.DeviceIdleController
07-25 09:44:11.810  2436  2436 I SystemServerTiming: StartDevicePolicyManager
07-25 09:44:11.810  2436  2436 I SystemServiceManager: Starting com.android.server.devicepolicy.DevicePolicyManagerService$Lifecycle
07-25 09:44:11.821  2436  2436 I DevicePolicyManager: Set ro.organization_owned property to false
07-25 09:44:11.822  2436  2436 I SystemServerTiming: StartStatusBarManagerService
07-25 09:44:11.823  2436  2436 D SystemServer: MusicRecognitionManagerService not defined by OEM or disabled by flag
07-25 09:44:11.824  2436  2436 D SystemServer: ContentCaptureService disabled because resource is not overlaid
07-25 09:44:11.824  2436  2436 D SystemServer: AttentionService is not configured on this device
07-25 09:44:11.824  2436  2436 D SystemServer: RotationResolverService is not configured on this device
07-25 09:44:11.824  2436  2436 D SystemServer: SystemCaptionsManagerService disabled because resource is not overlaid
07-25 09:44:11.824  2436  2436 I SystemServerTiming: StartTextToSpeechManagerService
07-25 09:44:11.824  2436  2436 I SystemServiceManager: Starting com.android.server.texttospeech.TextToSpeechManagerService
07-25 09:44:11.825  2436  2436 I SystemServerTiming: StartSpeechRecognitionManagerService
07-25 09:44:11.825  2436  2436 I SystemServiceManager: Starting com.android.server.speech.SpeechRecognitionManagerService
07-25 09:44:11.827  2436  2436 D SystemServer: AppPredictionService not defined by OEM
07-25 09:44:11.827  2436  2436 D SystemServer: ContentSuggestionsService not defined by OEM
07-25 09:44:11.827  2436  2436 I SystemServerTiming: StartSearchUiService
07-25 09:44:11.828  2436  2436 I SystemServiceManager: Starting com.android.server.searchui.SearchUiManagerService
07-25 09:44:11.829  2436  2436 I SystemServerTiming: StartSmartspaceService
07-25 09:44:11.829  2436  2436 I SystemServiceManager: Starting com.android.server.smartspace.SmartspaceManagerService
07-25 09:44:11.830  2436  2436 I SystemServerTiming: InitConnectivityModuleConnector
07-25 09:44:11.830  2436  2436 D ConnectivityModuleConnector: Network stack init
07-25 09:44:11.830  2436  2436 I SystemServerTiming: InitNetworkStackClient
07-25 09:44:11.830  2436  2436 I SystemServerTiming: StartNetworkManagementService
07-25 09:44:11.839  2436  2436 I SystemServerTiming: StartIpSecService
07-25 09:44:11.840  2436  2436 I SystemServerTiming: StartFontManagerService
07-25 09:44:11.876  2436  2436 E UpdatableFontDir: Failed to lookup font file that has GoogleSans-Bold
07-25 09:44:11.876  2436  2436 E UpdatableFontDir: Failed to lookup font file that has GoogleSansText-Regular
07-25 09:44:11.876  2436  2436 E UpdatableFontDir: Failed to lookup font file that has GoogleSans-Medium
07-25 09:44:11.876  2436  2436 E UpdatableFontDir: Failed to lookup font file that has GoogleSansText-Medium
07-25 09:44:11.876  2436  2436 E UpdatableFontDir: Failed to lookup font file that has GoogleSans-Regular
07-25 09:44:11.876  2436  2436 E UpdatableFontDir: Failed to lookup font file that has GoogleSansText-Bold
07-25 09:44:11.918  2436  2505 D PinnerService: pinRangeStream: null
07-25 09:44:11.922  2436  2505 D PinnerService: pinRangeStream: null
07-25 09:44:11.970  2436  2436 I SystemServerTiming: StartTextServicesManager
07-25 09:44:11.971  2436  2436 I SystemServiceManager: Starting com.android.server.textservices.TextServicesManagerService$Lifecycle
07-25 09:44:11.972  2436  2436 I SystemServerTiming: StartTextClassificationManagerService
07-25 09:44:11.972  2436  2436 I SystemServiceManager: Starting com.android.server.textclassifier.TextClassificationManagerService$Lifecycle
07-25 09:44:11.974  2436  2436 I SystemServerTiming: StartNetworkScoreService
07-25 09:44:11.974  2436  2436 I SystemServiceManager: Starting com.android.server.NetworkScoreService$Lifecycle
07-25 09:44:11.976  2436  2436 I SystemServerTiming: StartNetworkStatsService
07-25 09:44:11.980  2436  2436 I SystemServerTiming: StartNetworkPolicyManagerService
07-25 09:44:11.985  2436  2436 I SystemServerTiming: StartWifi
07-25 09:44:11.994   846   846 I TelecomFramework: TelecomBaseUtilsStub: create TelecomBaseUtilsImpl
07-25 09:44:12.030  2436  2505 D PinnerService: pinRangeStream: null
07-25 09:44:12.030  2436  2505 D PinnerService: pinRangeStream: null
07-25 09:44:12.046  2436  2505 D PinnerService: pinRangeStream: null
07-25 09:44:12.047  2436  2505 D PinnerService: pinRangeStream: null
07-25 09:44:12.047  2436  2505 D PinnerService: pinRangeStream: null
07-25 09:44:12.050  2436  2505 D PinnerService: pinRangeStream: null
07-25 09:44:12.065  1917  1924 W BpBinder: PerfMonitor binderTransact :  time=7003ms interface=android.ui.ISurfaceComposerClient code=1
07-25 09:44:12.116  2436  2505 D PinnerService: pinRangeStream: null
07-25 09:44:12.117  2436  2436 I SystemServiceManager: Starting com.android.server.wifi.WifiService
07-25 09:44:12.152  2436  2505 D PinnerService: pinRangeStream: null
07-25 09:44:12.152  2436  2505 D PinnerService: pinRangeStream: null
07-25 09:44:12.153  2436  2505 E PinnerService: Could not pin file /system/lib64/libllvm-qgl.so
07-25 09:44:12.153  2436  2505 E PinnerService: android.system.ErrnoException: open failed: ENOENT (No such file or directory)
07-25 09:44:12.153  2436  2505 E PinnerService: 	at libcore.io.Linux.open(Native Method)
07-25 09:44:12.153  2436  2505 E PinnerService: 	at libcore.io.ForwardingOs.open(ForwardingOs.java:563)
07-25 09:44:12.153  2436  2505 E PinnerService: 	at libcore.io.BlockGuardOs.open(BlockGuardOs.java:274)
07-25 09:44:12.153  2436  2505 E PinnerService: 	at android.system.Os.open(Os.java:494)
07-25 09:44:12.153  2436  2505 E PinnerService: 	at com.android.server.PinnerService.pinFileRanges(PinnerService.java:939)
07-25 09:44:12.153  2436  2505 E PinnerService: 	at com.android.server.PinnerService.pinFile(PinnerService.java:814)
07-25 09:44:12.153  2436  2505 E PinnerService: 	at com.android.server.PinnerService.handlePinOnStart(PinnerService.java:273)
07-25 09:44:12.153  2436  2505 E PinnerService: 	at com.android.server.PinnerService.access$1600(PinnerService.java:91)
07-25 09:44:12.153  2436  2505 E PinnerService: 	at com.android.server.PinnerService$PinnerHandler.handleMessage(PinnerService.java:1183)
07-25 09:44:12.153  2436  2505 E PinnerService: 	at android.os.Handler.dispatchMessage(Handler.java:106)
07-25 09:44:12.153  2436  2505 E PinnerService: 	at android.os.Looper.loopOnce(Looper.java:211)
07-25 09:44:12.153  2436  2505 E PinnerService: 	at android.os.Looper.loop(Looper.java:300)
07-25 09:44:12.153  2436  2505 E PinnerService: 	at android.os.HandlerThread.run(HandlerThread.java:67)
07-25 09:44:12.153  2436  2505 E PinnerService: Failed to pin file = /system/lib64/libllvm-qgl.so
07-25 09:44:12.153  2436  2505 D PinnerService: pinRangeStream: null
07-25 09:44:12.153  2436  2505 E PinnerService: Could not pin file /system/fonts/MiSansVF.ttf
07-25 09:44:12.153  2436  2505 E PinnerService: android.system.ErrnoException: open failed: ENOENT (No such file or directory)
07-25 09:44:12.153  2436  2505 E PinnerService: 	at libcore.io.Linux.open(Native Method)
07-25 09:44:12.153  2436  2505 E PinnerService: 	at libcore.io.ForwardingOs.open(ForwardingOs.java:563)
07-25 09:44:12.153  2436  2505 E PinnerService: 	at libcore.io.BlockGuardOs.open(BlockGuardOs.java:274)
07-25 09:44:12.153  2436  2505 E PinnerService: 	at android.system.Os.open(Os.java:494)
07-25 09:44:12.153  2436  2505 E PinnerService: 	at com.android.server.PinnerService.pinFileRanges(PinnerService.java:939)
07-25 09:44:12.153  2436  2505 E PinnerService: 	at com.android.server.PinnerService.pinFile(PinnerService.java:814)
07-25 09:44:12.153  2436  2505 E PinnerService: 	at com.android.server.PinnerService.handlePinOnStart(PinnerService.java:273)
07-25 09:44:12.153  2436  2505 E PinnerService: 	at com.android.server.PinnerService.access$1600(PinnerService.java:91)
07-25 09:44:12.153  2436  2505 E PinnerService: 	at com.android.server.PinnerService$PinnerHandler.handleMessage(PinnerService.java:1183)
07-25 09:44:12.153  2436  2505 E PinnerService: 	at android.os.Handler.dispatchMessage(Handler.java:106)
07-25 09:44:12.153  2436  2505 E PinnerService: 	at android.os.Looper.loopOnce(Looper.java:211)
07-25 09:44:12.153  2436  2505 E PinnerService: 	at android.os.Looper.loop(Looper.java:300)
07-25 09:44:12.153  2436  2505 E PinnerService: 	at android.os.HandlerThread.run(HandlerThread.java:67)
07-25 09:44:12.153  2436  2505 E PinnerService: Failed to pin file = /system/fonts/MiSansVF.ttf
07-25 09:44:12.153  2436  2505 D PinnerService: pinRangeStream: null
07-25 09:44:12.165  2436  2505 D PinnerService: pinRangeStream: null
07-25 09:44:12.165  2436  2505 E PinnerService: Could not pin file /vendor/lib64/libllvm-qgl.so
07-25 09:44:12.165  2436  2505 E PinnerService: android.system.ErrnoException: open failed: ENOENT (No such file or directory)
07-25 09:44:12.165  2436  2505 E PinnerService: 	at libcore.io.Linux.open(Native Method)
07-25 09:44:12.165  2436  2505 E PinnerService: 	at libcore.io.ForwardingOs.open(ForwardingOs.java:563)
07-25 09:44:12.165  2436  2505 E PinnerService: 	at libcore.io.BlockGuardOs.open(BlockGuardOs.java:274)
07-25 09:44:12.165  2436  2505 E PinnerService: 	at android.system.Os.open(Os.java:494)
07-25 09:44:12.165  2436  2505 E PinnerService: 	at com.android.server.PinnerService.pinFileRanges(PinnerService.java:939)
07-25 09:44:12.165  2436  2505 E PinnerService: 	at com.android.server.PinnerService.pinFile(PinnerService.java:814)
07-25 09:44:12.165  2436  2505 E PinnerService: 	at com.android.server.PinnerService.handlePinOnStart(PinnerService.java:273)
07-25 09:44:12.165  2436  2505 E PinnerService: 	at com.android.server.PinnerService.access$1600(PinnerService.java:91)
07-25 09:44:12.165  2436  2505 E PinnerService: 	at com.android.server.PinnerService$PinnerHandler.handleMessage(PinnerService.java:1183)
07-25 09:44:12.165  2436  2505 E PinnerService: 	at android.os.Handler.dispatchMessage(Handler.java:106)
07-25 09:44:12.165  2436  2505 E PinnerService: 	at android.os.Looper.loopOnce(Looper.java:211)
07-25 09:44:12.165  2436  2505 E PinnerService: 	at android.os.Looper.loop(Looper.java:300)
07-25 09:44:12.165  2436  2505 E PinnerService: 	at android.os.HandlerThread.run(HandlerThread.java:67)
07-25 09:44:12.165  2436  2505 E PinnerService: Failed to pin file = /vendor/lib64/libllvm-qgl.so
07-25 09:44:12.324  1684  1684 I wificond: New wificond event callback registered
07-25 09:44:12.342  2436  2436 I SystemServerTiming: StartWifiScanning
07-25 09:44:12.342  2436  2436 I SystemServiceManager: Starting com.android.server.wifi.scanner.WifiScanningService
07-25 09:44:12.359  2436  2436 I SystemServerTiming: StartWifiP2P
07-25 09:44:12.360  2436  2436 I SystemServiceManager: Starting com.android.server.wifi.p2p.WifiP2pService
07-25 09:44:12.362  2436  2436 I SystemServerTiming: StartEthernet
07-25 09:44:12.362  2436  2436 I SystemServiceManager: Starting com.android.server.ethernet.EthernetService
07-25 09:44:12.363  2436  2436 I SystemServerTiming: StartPacProxyService
07-25 09:44:12.365  2436  2436 I SystemServerTiming: StartConnectivityService
07-25 09:44:12.391  2436  2436 I SystemServiceManager: Starting com.android.server.ConnectivityServiceInitializer
07-25 09:44:12.427  2436  2436 D CompatibilityChangeReporter: Compat change id reported: 182478738; UID 1000; state: ENABLED
07-25 09:44:12.432  2436  2436 I SystemServerTiming: StartVpnManagerService
07-25 09:44:12.434  2436  2436 I SystemServerTiming: StartVcnManagementService
07-25 09:44:12.436  2436  2436 I SystemServerTiming: StartNsdService
07-25 09:44:12.436  2436  2436 D NsdService: Network service discovery is enabled
07-25 09:44:12.438  2436  2436 I SystemServerTiming: StartSystemUpdateManagerService
07-25 09:44:12.438  2436  2436 I SystemUpdateManagerService: No existing info file /data/system/system-update-info.xml
07-25 09:44:12.438  2436  2436 I SystemServerTiming: StartUpdateLockService
07-25 09:44:12.439  2436  2436 I SystemServerTiming: StartNotificationManager
07-25 09:44:12.439  2436  2436 I SystemServiceManager: Starting com.android.server.notification.NotificationManagerService
07-25 09:44:12.445  2436  2436 D ConditionProviders.SCP: new ScheduleConditionProvider()
07-25 09:44:12.460  2436  2436 I NotificationListeners: Read notification listener permissions from xml
07-25 09:44:12.460  2436  2436 I NotificationAssistants: Read notification assistant permissions from xml
07-25 09:44:12.460  2436  2436 I ConditionProviders: Read condition provider permissions from xml
07-25 09:44:12.460  2436  2436 I ConditionProviders: Read condition provider permissions from xml
07-25 09:44:12.460  2436  2436 D NotificationAssistants: Approving default notification assistant for user 0
07-25 09:44:12.461  2436  2436 I ConditionProviders:  Allowing condition provider com.google.android.ext.services/android.ext.services.notification.Assistant (userSet: true)
07-25 09:44:12.464  2436  2436 D NotificationManagerServiceImpl: listenersWithVersion [com.xiaomi.barrage]
07-25 09:44:12.468  2436  2436 I SystemServerTiming: StartDeviceMonitor
07-25 09:44:12.468  2436  2436 I SystemServiceManager: Starting com.android.server.storage.DeviceStorageMonitorService
07-25 09:44:12.469  2436  2436 I SystemServerTiming: StartLocationManagerService
07-25 09:44:12.469  2436  2436 I SystemServiceManager: Starting com.android.server.location.LocationManagerService$Lifecycle
07-25 09:44:12.475  2436  2436 I SystemServerTiming: StartCountryDetectorService
07-25 09:44:12.476  2436  2436 I SystemServerTiming: StartTimeDetectorService
07-25 09:44:12.476  2436  2436 I SystemServiceManager: Starting com.android.server.timedetector.TimeDetectorService$Lifecycle
07-25 09:44:12.477  2436  2436 I SystemServerTiming: StartTimeZoneDetectorService
07-25 09:44:12.477  2436  2436 I SystemServiceManager: Starting com.android.server.timezonedetector.TimeZoneDetectorService$Lifecycle
07-25 09:44:12.479  2436  2436 I SystemServerTiming: StartLocationTimeZoneManagerService
07-25 09:44:12.479  2436  2436 I SystemServiceManager: Starting com.android.server.timezonedetector.location.LocationTimeZoneManagerService$Lifecycle
07-25 09:44:12.480  2436  2436 I SystemServerTiming: StartSearchManagerService
07-25 09:44:12.480  2436  2436 I SystemServiceManager: Starting com.android.server.search.SearchManagerService$Lifecycle
07-25 09:44:12.481  2436  2436 I SystemServerTiming: StartWallpaperManagerService
07-25 09:44:12.481  2436  2436 I SystemServiceManager: Starting com.android.server.wallpaper.WallpaperManagerService$Lifecycle
07-25 09:44:12.483  2436  2436 I SystemServerTiming: StartAudioService
07-25 09:44:12.483  2436  2436 I SystemServiceManager: Starting com.android.server.audio.AudioService$Lifecycle
07-25 09:44:12.514  2436  2436 I SystemServerTiming: StartSoundTriggerMiddlewareService
07-25 09:44:12.514  2436  2436 I SystemServiceManager: Starting com.android.server.soundtrigger_middleware.SoundTriggerMiddlewareService$Lifecycle
07-25 09:44:12.525  2436  2436 I SystemServerTiming: StartDockObserver
07-25 09:44:12.525  2436  2436 I SystemServiceManager: Starting com.android.server.DockObserver
07-25 09:44:12.525  2436  2436 W DockObserver: This kernel does not have dock station support
07-25 09:44:12.526  2436  2436 I SystemServerTiming: StartWiredAccessoryManager
07-25 09:44:12.527  2436  2436 W WiredAccessoryManager: This kernel does not have usb audio support
07-25 09:44:12.527  2436  2436 W WiredAccessoryManager: This kernel does not have HDMI audio support
07-25 09:44:12.527  2436  2436 E WiredAccessoryManager: file /sys/devices/platform/soc/soc:qcom,msm-ext-disp/extcon/extcon3/name not found
07-25 09:44:12.527  2436  2436 W WiredAccessoryManager: Conn soc:qcom,msm-ext-disp/3/0 does not have DP audio support
07-25 09:44:12.527  2436  2436 E WiredAccessoryManager: file /sys/devices/platform/soc/soc:qcom,msm-ext-disp/extcon/extcon2/name not found
07-25 09:44:12.527  2436  2436 W WiredAccessoryManager: Conn soc:qcom,msm-ext-disp/2/0 does not have DP audio support
07-25 09:44:12.528  2436  2436 E WiredAccessoryManager: set dev_index 1
07-25 09:44:12.528  2436  2436 W WiredAccessoryManager: checkCableIndex set cable 0
07-25 09:44:12.529  2436  2436 E WiredAccessoryManager: set dev_index 0
07-25 09:44:12.529  2436  2436 W WiredAccessoryManager: checkCableIndex set cable 0
07-25 09:44:12.529  2436  2436 I SystemServerTiming: StartMidiManager
07-25 09:44:12.529  2436  2436 I SystemServiceManager: Starting com.android.server.midi.MidiService$Lifecycle
07-25 09:44:12.530  2436  2436 I SystemServerTiming: StartAdbService
07-25 09:44:12.530  2436  2436 I SystemServiceManager: Starting com.android.server.adb.AdbService$Lifecycle
07-25 09:44:12.532  2436  2436 I SystemServerTiming: StartUsbService
07-25 09:44:12.532  2436  2436 I SystemServiceManager: Starting com.android.server.usb.UsbService$Lifecycle
07-25 09:44:12.532  2436  2436 I SystemServerTiming: StartSerialService
07-25 09:44:12.532  2436  2502 I SystemServerTimingAsync: InitThreadPoolExec:UsbService$Lifecycle#onStart
07-25 09:44:12.533  2436  2436 I SystemServerTiming: StartHardwarePropertiesManagerService
07-25 09:44:12.533  2436  2502 E UsbDeviceManager: failed to write to /sys/class/android_usb/android0/f_rndis/ethaddr
07-25 09:44:12.534  2436  2436 I SystemServerTiming: StartTwilightService
07-25 09:44:12.535  2436  2436 I SystemServiceManager: Starting com.android.server.twilight.TwilightService
07-25 09:44:12.535  2436  2436 I SystemServerTiming: StartColorDisplay
07-25 09:44:12.535  2436  2436 I SystemServiceManager: Starting com.android.server.display.color.ColorDisplayService
07-25 09:44:12.535  2436  2502 I UsbDeviceManager: USB GADGET HAL not present in the device
07-25 09:44:12.535  2436  2502 I UsbDeviceManager: java.util.NoSuchElementException
07-25 09:44:12.535  2436  2502 I UsbDeviceManager: 	at android.os.HwBinder.getService(Native Method)
07-25 09:44:12.535  2436  2502 I UsbDeviceManager: 	at android.hardware.usb.gadget.V1_0.IUsbGadget.getService(IUsbGadget.java:57)
07-25 09:44:12.535  2436  2502 I UsbDeviceManager: 	at android.hardware.usb.gadget.V1_0.IUsbGadget.getService(IUsbGadget.java:64)
07-25 09:44:12.535  2436  2502 I UsbDeviceManager: 	at com.android.server.usb.UsbDeviceManager.<init>(UsbDeviceManager.java:301)
07-25 09:44:12.535  2436  2502 I UsbDeviceManager: 	at com.android.server.usb.UsbService.<init>(UsbService.java:178)
07-25 09:44:12.535  2436  2502 I UsbDeviceManager: 	at com.android.server.usb.UsbService$Lifecycle.lambda$onStart$0$UsbService$Lifecycle(UsbService.java:92)
07-25 09:44:12.535  2436  2502 I UsbDeviceManager: 	at com.android.server.usb.UsbService$Lifecycle$$ExternalSyntheticLambda1.run(Unknown Source:2)
07-25 09:44:12.535  2436  2502 I UsbDeviceManager: 	at com.android.server.SystemServerInitThreadPool.lambda$submitTask$0$SystemServerInitThreadPool(SystemServerInitThreadPool.java:105)
07-25 09:44:12.535  2436  2502 I UsbDeviceManager: 	at com.android.server.SystemServerInitThreadPool$$ExternalSyntheticLambda0.run(Unknown Source:6)
07-25 09:44:12.535  2436  2502 I UsbDeviceManager: 	at java.util.concurrent.Executors$RunnableAdapter.call(Executors.java:487)
07-25 09:44:12.535  2436  2502 I UsbDeviceManager: 	at java.util.concurrent.FutureTask.run(FutureTask.java:264)
07-25 09:44:12.535  2436  2502 I UsbDeviceManager: 	at java.util.concurrent.ThreadPoolExecutor.runWorker(ThreadPoolExecutor.java:1145)
07-25 09:44:12.535  2436  2502 I UsbDeviceManager: 	at java.util.concurrent.ThreadPoolExecutor$Worker.run(ThreadPoolExecutor.java:644)
07-25 09:44:12.535  2436  2502 I UsbDeviceManager: 	at com.android.internal.util.ConcurrentUtils$1$1.run(ConcurrentUtils.java:65)
07-25 09:44:12.537  2436  2436 I SystemServerTiming: StartJobScheduler
07-25 09:44:12.537  2436  2436 I SystemServiceManager: Starting com.android.server.job.JobSchedulerService
07-25 09:44:12.540  2436  2502 W StorageManagerService: No primary storage defined yet; hacking together a stub
07-25 09:44:12.541  2436  2436 D JobStore: Start tag: job-info
07-25 09:44:12.544  2436  2633 I UsbPortManager: Usb hal service started android.hardware.usb@1.0::IUsb default
07-25 09:44:12.551  2436  2633 I UsbPortManager: USB HAL version: 12
07-25 09:44:12.562  2436  2436 I JobStore: Read 159 jobs
07-25 09:44:12.564  2436  2436 D CompatibilityChangeReporter: Compat change id reported: 319212206; UID 1000; state: DISABLED
07-25 09:44:12.570  2436  2436 I SystemServerTiming: StartSoundTrigger
07-25 09:44:12.570  2436  2436 I SystemServiceManager: Starting com.android.server.soundtrigger.SoundTriggerService
07-25 09:44:12.571  2436  2436 I SystemServerTiming: StartTrustManager
07-25 09:44:12.571  2436  2436 I SystemServiceManager: Starting com.android.server.trust.TrustManagerService
07-25 09:44:12.594  2436  2436 I WakePathChecker: updateLauncherPackageNames =com.mi.android.globallauncher
07-25 09:44:12.594  2436  2436 I WakePathChecker: updateLauncherPackageNames =com.android.settings
07-25 09:44:12.599  2436  2436 I SystemServiceManager: Starting com.miui.server.MiuiInitServer$Lifecycle
07-25 09:44:12.676  2436  2436 I SystemServiceManager: Starting com.miui.server.BackupManagerService$Lifecycle
07-25 09:44:12.676  2436  2506 W MiuiCompatModePackages: Error reading compat-packages
07-25 09:44:12.676  2436  2506 W MiuiCompatModePackages: java.io.FileNotFoundException: /data/system/cutout-mode.xml: open failed: ENOENT (No such file or directory)
07-25 09:44:12.676  2436  2506 W MiuiCompatModePackages: 	at libcore.io.IoBridge.open(IoBridge.java:574)
07-25 09:44:12.676  2436  2506 W MiuiCompatModePackages: 	at java.io.FileInputStream.<init>(FileInputStream.java:179)
07-25 09:44:12.676  2436  2506 W MiuiCompatModePackages: 	at android.util.AtomicFile.openRead(AtomicFile.java:260)
07-25 09:44:12.676  2436  2506 W MiuiCompatModePackages: 	at com.miui.server.MiuiCompatModePackages.readCutoutModeConfig(MiuiCompatModePackages.java:318)
07-25 09:44:12.676  2436  2506 W MiuiCompatModePackages: 	at com.miui.server.MiuiCompatModePackages.access$000(MiuiCompatModePackages.java:60)
07-25 09:44:12.676  2436  2506 W MiuiCompatModePackages: 	at com.miui.server.MiuiCompatModePackages$CompatHandler.handleMessage(MiuiCompatModePackages.java:125)
07-25 09:44:12.676  2436  2506 W MiuiCompatModePackages: 	at android.os.Handler.dispatchMessage(Handler.java:106)
07-25 09:44:12.676  2436  2506 W MiuiCompatModePackages: 	at android.os.Looper.loopOnce(Looper.java:211)
07-25 09:44:12.676  2436  2506 W MiuiCompatModePackages: 	at android.os.Looper.loop(Looper.java:300)
07-25 09:44:12.676  2436  2506 W MiuiCompatModePackages: 	at android.os.HandlerThread.run(HandlerThread.java:67)
07-25 09:44:12.676  2436  2506 W MiuiCompatModePackages: 	at com.android.server.ServiceThread.run(ServiceThread.java:46)
07-25 09:44:12.676  2436  2506 W MiuiCompatModePackages: Caused by: android.system.ErrnoException: open failed: ENOENT (No such file or directory)
07-25 09:44:12.676  2436  2506 W MiuiCompatModePackages: 	at libcore.io.Linux.open(Native Method)
07-25 09:44:12.676  2436  2506 W MiuiCompatModePackages: 	at libcore.io.ForwardingOs.open(ForwardingOs.java:563)
07-25 09:44:12.676  2436  2506 W MiuiCompatModePackages: 	at libcore.io.BlockGuardOs.open(BlockGuardOs.java:274)
07-25 09:44:12.676  2436  2506 W MiuiCompatModePackages: 	at libcore.io.IoBridge.open(IoBridge.java:560)
07-25 09:44:12.676  2436  2506 W MiuiCompatModePackages: 	... 10 more
07-25 09:44:12.676  2436  2506 W MiuiCompatModePackages: Error reading compat-packages
07-25 09:44:12.676  2436  2506 W MiuiCompatModePackages: java.io.FileNotFoundException: /data/system/miui-specail-mode-v2.xml: open failed: ENOENT (No such file or directory)
07-25 09:44:12.676  2436  2506 W MiuiCompatModePackages: 	at libcore.io.IoBridge.open(IoBridge.java:574)
07-25 09:44:12.676  2436  2506 W MiuiCompatModePackages: 	at java.io.FileInputStream.<init>(FileInputStream.java:179)
07-25 09:44:12.676  2436  2506 W MiuiCompatModePackages: 	at android.util.AtomicFile.openRead(AtomicFile.java:260)
07-25 09:44:12.676  2436  2506 W MiuiCompatModePackages: 	at com.miui.server.MiuiCompatModePackages.readSpecialModeConfig(MiuiCompatModePackages.java:261)
07-25 09:44:12.676  2436  2506 W MiuiCompatModePackages: 	at com.miui.server.MiuiCompatModePackages.access$100(MiuiCompatModePackages.java:60)
07-25 09:44:12.676  2436  2506 W MiuiCompatModePackages: 	at com.miui.server.MiuiCompatModePackages$CompatHandler.handleMessage(MiuiCompatModePackages.java:126)
07-25 09:44:12.676  2436  2506 W MiuiCompatModePackages: 	at android.os.Handler.dispatchMessage(Handler.java:106)
07-25 09:44:12.676  2436  2506 W MiuiCompatModePackages: 	at android.os.Looper.loopOnce(Looper.java:211)
07-25 09:44:12.676  2436  2506 W MiuiCompatModePackages: 	at android.os.Looper.loop(Looper.java:300)
07-25 09:44:12.676  2436  2506 W MiuiCompatModePackages: 	at android.os.HandlerThread.run(HandlerThread.java:67)
07-25 09:44:12.676  2436  2506 W MiuiCompatModePackages: 	at com.android.server.ServiceThread.run(ServiceThread.java:46)
07-25 09:44:12.676  2436  2506 W MiuiCompatModePackages: Caused by: android.system.ErrnoException: open failed: ENOENT (No such file or directory)
07-25 09:44:12.676  2436  2506 W MiuiCompatModePackages: 	at libcore.io.Linux.open(Native Method)
07-25 09:44:12.676  2436  2506 W MiuiCompatModePackages: 	at libcore.io.ForwardingOs.open(ForwardingOs.java:563)
07-25 09:44:12.676  2436  2506 W MiuiCompatModePackages: 	at libcore.io.BlockGuardOs.open(BlockGuardOs.java:274)
07-25 09:44:12.676  2436  2506 W MiuiCompatModePackages: 	at libcore.io.IoBridge.open(IoBridge.java:560)
07-25 09:44:12.676  2436  2506 W MiuiCompatModePackages: 	... 10 more
07-25 09:44:12.677  2436  2436 I Backup:BackupManagerService: init, onStart
07-25 09:44:12.677  2436  2436 I SystemServiceManager: Starting com.miui.server.stepcounter.StepCounterManagerService
07-25 09:44:12.678  2436  2436 I StepCounterManagerService: Create StepCounterManagerService success 0
07-25 09:44:12.683  2436  2436 I StepCounterManagerService: onStart success isRegisterDetectorListener=true
07-25 09:44:12.684  2436  2436 D WMServiceConnection: schedule bind in 60000ms
07-25 09:44:12.685  2436  2436 D SFCloudService: init SFCloudService
07-25 09:44:12.685  2436  2934 D SFCloudService: SF get the ScrollFrictionFactor from cloudControler: null
07-25 09:44:12.686  2436  2507 D PerfShielderService: mUftEnable false
07-25 09:44:12.689  2436  2436 I SystemServiceManager: Starting com.miui.server.car.MiuiCarService$Lifecycle
07-25 09:44:12.690  2436  2588 I SystemServerTimingAsync: InitThreadPoolExec:MiuiCarService$Lifecycle#onStart
07-25 09:44:12.695  2436  2436 W CameraAffinityController: can not find root /sys/module/turbo_sched/parameters
07-25 09:44:12.725  2436  2436 W CameraAffinityController: can not find files /dev/cpuctl/background/untrustedapp/cpu.shares
07-25 09:44:12.727  2436  2436 D RTMode  : init RealTimeModeController
07-25 09:44:12.730  2436  2436 E MiuiCldService: Transaction failed: java.util.NoSuchElementException
07-25 09:44:12.730  2436  2436 E MiuiCldService: initCallback failed.
07-25 09:44:12.732  2436  2436 D MiuiFboService: use MiuiFboService(Context context) mContextandroid.app.ContextImpl@8eb1006
07-25 09:44:12.735  2436  2436 I SystemServiceManager: Starting com.android.server.pc.MiuiPcService
07-25 09:44:12.741  2436  2436 I SystemServiceManager: Starting com.android.server.display.ScreenEffectService
07-25 09:44:12.743  2436  2436 D DisplayFeatureManager: initProxyLoced CONFIG_SERVICENAME_RESOURCEID = 0 hidlServiceName = vendor.xiaomi.hardware.displayfeature@1.0::IDisplayFeature
07-25 09:44:12.749  2436  2436 D SmartPower: sync cloud control power_pkg_white_list null
07-25 09:44:12.749  2436  2436 D SmartPower: sync cloud control power_proc_white_list null
07-25 09:44:12.749  2436  2436 D SmartPower: sync cloud control power_screenon_white_list null
07-25 09:44:12.749  2436  2436 D SmartPower: sync cloud control power_broadcast_white_list null
07-25 09:44:12.749  2436  2436 D SmartPower: sync cloud control power_alarm_white_list null
07-25 09:44:12.752  2436  2436 I SystemServerTiming: StartBackupManager
07-25 09:44:12.752  2436  2436 I SystemServiceManager: Starting com.android.server.backup.BackupManagerService$Lifecycle
07-25 09:44:12.754  2436  2436 I SystemServerTiming: StartAppWidgetService
07-25 09:44:12.754  2436  2436 I SystemServiceManager: Starting com.android.server.appwidget.AppWidgetService
07-25 09:44:12.756  2436  2436 I SystemServerTiming: StartVoiceRecognitionManager
07-25 09:44:12.756  2436  2436 I SystemServiceManager: Starting com.android.server.voiceinteraction.VoiceInteractionManagerService
07-25 09:44:12.875  2436  2436 I SystemServerTiming: StartAppHibernationService
07-25 09:44:12.875  2436  2436 I SystemServiceManager: Starting com.android.server.apphibernation.AppHibernationService
07-25 09:44:12.876  2436  2436 I SystemServerTiming: StartGestureLauncher
07-25 09:44:12.876  2436  2436 I SystemServiceManager: Starting com.android.server.GestureLauncherService
07-25 09:44:12.876  2436  2436 I SystemServerTiming: StartSensorNotification
07-25 09:44:12.876  2436  2436 I SystemServiceManager: Starting com.android.server.SensorNotificationService
07-25 09:44:12.876  2436  2436 I SystemServerTiming: StartDiskStatsService
07-25 09:44:12.879  2436  2436 I SystemServerTiming: RuntimeService
07-25 09:44:12.880  2436  2436 I SystemServerTiming: StartNetworkTimeUpdateService
07-25 09:44:12.881  2436  2436 I SystemServerTiming: CertBlacklister
07-25 09:44:12.882  2436  2436 I SystemServerTiming: StartEmergencyAffordanceService
07-25 09:44:12.882  2436  2436 I SystemServiceManager: Starting com.android.server.emergency.EmergencyAffordanceService
07-25 09:44:12.882  2436  2436 I SystemServerTiming: startBlobStoreManagerService
07-25 09:44:12.882  2436  2436 I SystemServiceManager: Starting com.android.server.blob.BlobStoreManagerService
07-25 09:44:12.884  2436  2436 I SystemServerTiming: StartDreamManager
07-25 09:44:12.884  2436  2436 I SystemServiceManager: Starting com.android.server.dreams.DreamManagerService
07-25 09:44:12.885  2436  2436 I SystemServerTiming: AddGraphicsStatsService
07-25 09:44:12.887  2436  2436 I SystemServerTiming: StartPrintManager
07-25 09:44:12.887  2436  2436 I SystemServiceManager: Starting com.android.server.print.PrintManagerService
07-25 09:44:12.888  2436  2436 I SystemServerTiming: StartCompanionDeviceManager
07-25 09:44:12.888  2436  2436 I SystemServiceManager: Starting com.android.server.companion.CompanionDeviceManagerService
07-25 09:44:12.890  2436  2436 I SystemServerTiming: StartRestrictionManager
07-25 09:44:12.890  2436  2436 I SystemServiceManager: Starting com.android.server.restrictions.RestrictionsManagerService
07-25 09:44:12.891  2436  2436 I SystemServerTiming: StartMediaSessionService
07-25 09:44:12.891  2436  2436 I SystemServiceManager: Starting com.android.server.media.MediaSessionService
07-25 09:44:12.893  2436  2436 I SystemServerTiming: StartMediaResourceMonitor
07-25 09:44:12.893  2436  2436 I SystemServiceManager: Starting com.android.server.media.MediaResourceMonitorService
07-25 09:44:12.893  2436  2436 I SystemServerTiming: StartMediaRouterService
07-25 09:44:12.894  2436  2436 I SystemServerTiming: StartFingerprintSensor
07-25 09:44:12.895  2436  2436 I SystemServiceManager: Starting com.android.server.biometrics.sensors.fingerprint.FingerprintService
07-25 09:44:12.896  2436  2436 I SystemServerTiming: StartBiometricService
07-25 09:44:12.896  2436  2436 I SystemServiceManager: Starting com.android.server.biometrics.BiometricService
07-25 09:44:12.898  2436  2436 I SystemServerTiming: StartAuthService
07-25 09:44:12.898  2436  2436 I SystemServiceManager: Starting com.android.server.biometrics.AuthService
07-25 09:44:12.898  2436  2436 D AuthService: Registering HIDL ID: 0 Modality: 2 Strength: 15
07-25 09:44:12.899  2436  2436 I SystemServerTiming: StartBackgroundDexOptService
07-25 09:44:12.901  2436  2436 I SystemServerTiming: StartDynamicCodeLoggingService
07-25 09:44:12.902  2436  2436 I SystemServerTiming: StartPruneInstantAppsJobService
07-25 09:44:12.902  2436  2436 I SystemServerTiming: StartShortcutServiceLifecycle
07-25 09:44:12.902  2436  2436 I SystemServiceManager: Starting com.android.server.pm.ShortcutService$Lifecycle
07-25 09:44:12.903  2436  2978 I PowerFingerPrintServiceStubImpl: startExtCmd cmd: 12 param: 0 result:0
07-25 09:44:12.903  2436  2978 I PowerFingerPrintServiceStubImpl: startExtCmd cmd: 12 param: 0 result:0
07-25 09:44:12.905  2436  2978 D PowerFingerPrintServiceStubImpl: setChangeListener
07-25 09:44:12.905  2436  2436 I SystemServerTiming: StartLauncherAppsService
07-25 09:44:12.905  2436  2436 I SystemServiceManager: Starting com.android.server.pm.LauncherAppsService
07-25 09:44:12.905  2436  2978 D BiometricService: Registering ID: 0 Modality: 2 Strength: 15
07-25 09:44:12.906  2436  2978 D BiometricStrengthController: updateStrengths: revert sensorId=0 to oemStrength=15
07-25 09:44:12.906  2436  2978 D BiometricService/Sensor: updateStrength: Before(ID(0), oemStrength: 15, updatedStrength: 15, modality 2, state: 0, cookie: 0, props: ID: 0, Strength: 2, Type: 4) After(ID(0), oemStrength: 15, updatedStrength: 15, modality 2, state: 0, cookie: 0, props: ID: 0, Strength: 2, Type: 4)
07-25 09:44:12.908  2436  2436 I SystemServerTiming: StartCrossProfileAppsService
07-25 09:44:12.908  2436  2436 I SystemServiceManager: Starting com.android.server.pm.CrossProfileAppsService
07-25 09:44:12.908  2436  2436 I SystemServerTiming: StartPeopleService
07-25 09:44:12.908  2436  2436 I SystemServiceManager: Starting com.android.server.people.PeopleService
07-25 09:44:12.909  2436  2436 I SystemServerTiming: StartMediaMetricsManager
07-25 09:44:12.909  2436  2436 I SystemServiceManager: Starting com.android.server.media.metrics.MediaMetricsManagerService
07-25 09:44:12.910  2436  2436 I SystemServerTiming: StartMediaProjectionManager
07-25 09:44:12.910  2436  2436 I SystemServiceManager: Starting com.android.server.media.projection.MediaProjectionManagerService
07-25 09:44:12.912  2436  2436 I SystemServerTiming: StartSliceManagerService
07-25 09:44:12.913  2436  2436 I SystemServiceManager: Starting com.android.server.slice.SliceManagerService$Lifecycle
07-25 09:44:12.914  2436  2436 I SystemServerTiming: StartStatsCompanion
07-25 09:44:12.919  2436  2436 I SystemServiceManager: Starting com.android.server.stats.StatsCompanion$Lifecycle
07-25 09:44:12.920  2436  2436 I SystemServerTiming: StartRebootReadinessManagerService
07-25 09:44:12.924  2436  2436 I SystemServiceManager: Starting com.android.server.scheduling.RebootReadinessManagerService$Lifecycle
07-25 09:44:12.926  2436  2436 I SystemServerTiming: StartStatsPullAtomService
07-25 09:44:12.926  2436  2436 I SystemServiceManager: Starting com.android.server.stats.pull.StatsPullAtomService
07-25 09:44:12.926  2436  2436 I SystemServerTiming: StartIncidentCompanionService
07-25 09:44:12.926  2436  2436 I SystemServiceManager: Starting com.android.server.incident.IncidentCompanionService
07-25 09:44:12.927  2436  2436 I SystemServerTiming: StartMmsService
07-25 09:44:12.927  2436  2436 I SystemServiceManager: Starting com.android.server.MmsServiceBroker
07-25 09:44:12.927  2436  2436 I SystemServerTiming: StartAutoFillService
07-25 09:44:12.928  2436  2436 I SystemServiceManager: Starting com.android.server.autofill.AutofillManagerService
07-25 09:44:12.930  2436  2436 E AutofillManagerServiceImpl: Bad service name: com.google.android.gms/.autofill.service.AutofillService
07-25 09:44:12.934  2436  2436 D SystemServer: TranslationService not defined by OEM
07-25 09:44:12.934  2436  2436 I SystemServerTiming: StartClipboardService
07-25 09:44:12.935  2436  2436 I SystemServiceManager: Starting com.android.server.clipboard.ClipboardService
07-25 09:44:12.937  2436  2436 I SystemServerTiming: AppServiceManager
07-25 09:44:12.937  2436  2436 I SystemServiceManager: Starting com.android.server.appbinding.AppBindingService$Lifecycle
07-25 09:44:12.938  2436  2436 I SystemServerTiming: startTracingServiceProxy
07-25 09:44:12.938  2436  2436 I SystemServiceManager: Starting com.android.server.tracing.TracingServiceProxy
07-25 09:44:12.938  2436  2436 I SystemServerTiming: MakeLockSettingsServiceReady
07-25 09:44:12.942  2436  2436 I SyntheticPasswordManager: Device does not support weaver
07-25 09:44:12.943  2436  2436 I LockSettingsService: Device doesn't implement AuthSecret HAL
07-25 09:44:12.943  2436  2436 I SystemServerTiming: StartBootPhaseLockSettingsReady
07-25 09:44:12.943  2436  2436 I SystemServiceManager: Starting phase 480
07-25 09:44:12.943  2436  2436 I SystemServerTiming: OnBootPhase_480
07-25 09:44:12.943  2436  2436 I SystemServerTiming: OnBootPhase_480_com.android.server.security.FileIntegrityService
07-25 09:44:12.943  2436  2436 I SystemServerTiming: OnBootPhase_480_com.android.server.pm.Installer
07-25 09:44:12.943  2436  2436 I SystemServerTiming: OnBootPhase_480_com.android.server.os.DeviceIdentifiersPolicyService
07-25 09:44:12.943  2436  2436 I SystemServerTiming: OnBootPhase_480_com.android.server.uri.UriGrantsManagerService$Lifecycle
07-25 09:44:12.943  2436  2436 I SystemServerTiming: OnBootPhase_480_com.android.server.powerstats.PowerStatsService
07-25 09:44:12.943  2436  2436 I SystemServerTiming: OnBootPhase_480_com.android.server.wm.ActivityTaskManagerService$Lifecycle
07-25 09:44:12.944  2436  2436 I SystemServerTiming: OnBootPhase_480_com.android.server.am.PeriodicCleanerService
07-25 09:44:12.944  2436  2436 I SystemServerTiming: OnBootPhase_480_com.android.server.am.ActivityManagerService$Lifecycle
07-25 09:44:12.944  2436  2436 I SystemServerTiming: OnBootPhase_480_com.android.server.pm.DataLoaderManagerService
07-25 09:44:12.944  2436  2436 I SystemServerTiming: OnBootPhase_480_com.android.server.power.PowerManagerService
07-25 09:44:12.944  2436  2436 I SystemServerTiming: OnBootPhase_480_com.android.server.power.ThermalManagerService
07-25 09:44:12.944  2436  2436 I SystemServerTiming: OnBootPhase_480_com.android.server.power.hint.HintManagerService
07-25 09:44:12.944  2436  2436 I SystemServerTiming: OnBootPhase_480_com.android.server.recoverysystem.RecoverySystemService$Lifecycle
07-25 09:44:12.944  2436  2436 I SystemServerTiming: OnBootPhase_480_com.android.server.lights.MiuiLightsService
07-25 09:44:12.944  2436  2436 I SystemServerTiming: OnBootPhase_480_com.android.server.display.DisplayManagerService
07-25 09:44:12.944  2436  2436 I SystemServerTiming: OnBootPhase_480_com.android.server.pm.verify.domain.DomainVerificationService
07-25 09:44:12.944  2436  2436 I SystemServerTiming: OnBootPhase_480_com.android.server.pm.CloudControlPreinstallService
07-25 09:44:12.944  2436  2436 I SystemServerTiming: OnBootPhase_480_com.android.server.pm.AdvancePreinstallService
07-25 09:44:12.944  2436  2436 I SystemServerTiming: OnBootPhase_480_com.android.server.pm.PackageInstallerService$Lifecycle
07-25 09:44:12.944  2436  2436 I SystemServerTiming: OnBootPhase_480_com.android.server.pm.UserManagerService$LifeCycle
07-25 09:44:12.944  2436  2436 I SystemServerTiming: OnBootPhase_480_com.android.server.om.OverlayManagerService
07-25 09:44:12.944  2436  2436 I SystemServerTiming: OnBootPhase_480_com.android.server.SensorPrivacyService
07-25 09:44:12.944  2436  2436 I SystemServerTiming: OnBootPhase_480_com.android.server.sensors.SensorService
07-25 09:44:12.944  2436  2436 I SystemServerTiming: OnBootPhase_480_com.android.server.SystemConfigService
07-25 09:44:12.944  2436  2436 I SystemServerTiming: OnBootPhase_480_com.android.server.BatteryService
07-25 09:44:12.944  2436  2436 I SystemServerTiming: OnBootPhase_480_com.android.server.usage.UsageStatsService
07-25 09:44:12.944  2436  2436 I SystemServerTiming: OnBootPhase_480_com.android.server.webkit.WebViewUpdateService
07-25 09:44:12.944  2436  2436 I SystemServerTiming: OnBootPhase_480_com.android.server.CachedDeviceStateService
07-25 09:44:12.944  2436  2436 I SystemServerTiming: OnBootPhase_480_com.android.server.BinderCallsStatsService$LifeCycle
