10-10 07:26:54.919  2042  2787 I SmartPower: com.mi.android.globallauncher/10081(4339): idle->background(13281ms) R(broadcast start Intent { act=android.net.conn.CONNECTIVITY_CHANGE flg=0x4200010 (has extras) }) adj=100.
10-10 07:26:54.919  2042  2787 I SmartPower: com.google.android.inputmethod.latin/10176(6431): idle->background(13281ms) R(broadcast start Intent { act=android.net.conn.CONNECTIVITY_CHANGE flg=0x4200010 (has extras) }) adj=100.
10-10 07:26:54.921  2042  2787 I SmartPower: com.mi.globalminusscreen/10308(20285): idle->background(13280ms) R(broadcast start Intent { act=android.net.conn.CONNECTIVITY_CHANGE flg=0x4200010 (has extras) }) adj=100.
10-10 07:26:54.928  2042  2787 I SmartPower: com.xiaomi.discover/10121(23492): idle->background(6220ms) R(broadcast start Intent { act=android.net.conn.CONNECTIVITY_CHANGE flg=0x4200010 (has extras) }) adj=915.
10-10 07:26:54.929  2042  2787 I SmartPower: com.miui.cloudservice/10106(24002): idle->background(13270ms) R(broadcast start Intent { act=android.net.conn.CONNECTIVITY_CHANGE flg=0x4200010 (has extras) }) adj=700.
10-10 07:26:54.929  2042  2787 I SmartPower: com.xiaomi.account/10140(24068): idle->background(13270ms) R(broadcast start Intent { act=android.net.conn.CONNECTIVITY_CHANGE flg=0x4200010 (has extras) }) adj=905.
10-10 07:26:54.929  2042  2787 I SmartPower: com.miui.android.fashiongallery/10228(32611): idle->background(6221ms) R(broadcast start Intent { act=android.net.conn.CONNECTIVITY_CHANGE flg=0x4200010 (has extras) }) adj=905.
10-10 07:26:54.930  2042  2787 I SmartPower: com.xiaomi.mipicks:guard/10120(6475): idle->background(13267ms) R(broadcast start Intent { act=android.net.conn.CONNECTIVITY_CHANGE flg=0x4200010 (has extras) }) adj=905.
10-10 07:26:54.932  2042  2787 I SmartPower: com.miui.global.packageinstaller/10117(10346): idle->background(13263ms) R(broadcast start Intent { act=android.net.conn.CONNECTIVITY_CHANGE flg=0x4200010 (has extras) }) adj=905.
10-10 07:26:54.932  2042  2787 I SmartPower: com.microsoft.windowsintune.companyportal/10595(15845): idle->background(13263ms) R(broadcast start Intent { act=android.net.conn.CONNECTIVITY_CHANGE flg=0x4200010 (has extras) }) adj=905.
10-10 07:26:54.933  2042  2787 I SmartPower: com.microsoft.windowsintune.companyportal:auth/10595(16215): idle->background(13264ms) R(broadcast start Intent { act=android.net.conn.CONNECTIVITY_CHANGE flg=0x4200010 (has extras) }) adj=905.
10-10 07:26:54.934  2042  2787 I SmartPower: com.google.android.apps.magazines/10234(19722): idle->background(6225ms) R(broadcast start Intent { act=android.net.conn.CONNECTIVITY_CHANGE flg=0x4200010 (has extras) }) adj=905.
10-10 07:26:54.934  2042  2787 I SmartPower: com.google.android.apps.chromecast.app/10260(23191): idle->background(13263ms) R(broadcast start Intent { act=android.net.conn.CONNECTIVITY_CHANGE flg=0x4200010 (has extras) }) adj=925.
10-10 07:26:54.934  2042  2787 I SmartPower: com.google.android.youtube/10189(23130): idle->background(6224ms) R(broadcast start Intent { act=android.net.conn.CONNECTIVITY_CHANGE flg=0x4200010 (has extras) }) adj=925.
10-10 07:26:54.935  2042  2787 I SmartPower: com.facebook.services/10091(23415): idle->background(13262ms) R(broadcast start Intent { act=android.net.conn.CONNECTIVITY_CHANGE flg=0x4200010 (has extras) }) adj=905.
10-10 07:26:54.935  2042  2787 I SmartPower: com.microsoft.windowsintune.companyportal:omadm_client_process/10595(24109): idle->background(13266ms) R(broadcast start Intent { act=android.net.conn.CONNECTIVITY_CHANGE flg=0x4200010 (has extras) }) adj=905.
10-10 07:26:54.936  2042  9046 D ActivityManager: checkAllowBackground: uid=10120 pkg=com.xiaomi.mipicks rec=UidRecord{9eb460a u0a120 CEM  bg:+3h13m29s320ms idle change:procadj procs:0 seq(1009715,1007722)} caps=------ always=false idle=true
10-10 07:26:54.936  2042  9046 I ActivityManager: App 10120/com.xiaomi.mipicks on idle allowlist; not restricted in background
10-10 07:26:54.936  2042  9046 D ActivityManager: checkAllowBackground: uid=10120 pkg=com.xiaomi.mipicks startMode=0 onallowlist=true onallowlist(ei)=true
10-10 07:26:54.939  2042  4079 D ActivityManager: checkAllowBackground: uid=10165 pkg=com.google.android.apps.messaging rec=UidRecord{2d425da u0a165 BFGS change:procadj procs:0 seq(1009674,269118)} caps=---NFU always=false idle=false
10-10 07:26:54.941  2042  4020 D ActivityManager: checkAllowBackground: uid=10091 pkg=com.facebook.services rec=UidRecord{842ee4b u0a91 CEM  idle change:procadj procs:0 seq(1009612,994395)} caps=------ always=false idle=true
10-10 07:26:54.941  2042  4020 I ActivityManager: App 10091/com.facebook.services on idle allowlist; not restricted in background
10-10 07:26:54.941  2042  4020 D ActivityManager: checkAllowBackground: uid=10091 pkg=com.facebook.services startMode=0 onallowlist=true onallowlist(ei)=true
10-10 07:26:54.984  2042  6878 D PackageManager: set app component=ComponentInfo{com.facebook.services/com.facebook.oxygen.services.fbns.RegisteredMqttSystemBroadcastReceiver} enabled state: 2 from com.facebook.services,uid=10091,pid=23415
10-10 07:26:54.988  2042  9046 D PackageManager: set app component=ComponentInfo{com.xiaomi.mipicks/androidx.work.impl.background.systemalarm.RescheduleReceiver} enabled state: 1 from com.xiaomi.mipicks,uid=10120,pid=22862
10-10 07:26:54.995  2042  9046 D ActivityManager: checkAllowBackground: uid=10120 pkg=com.xiaomi.mipicks rec=UidRecord{9eb460a u0a120 CEM  bg:+3h13m29s380ms idle change:procadj procs:0 seq(1009745,1007722)} caps=------ always=false idle=true
10-10 07:26:55.003  2042  9046 D ActivityManager: checkAllowBackground: uid=10120 pkg=com.xiaomi.mipicks rec=UidRecord{9eb460a u0a120 TRNB bg:+3h13m29s387ms idle change:procadj procs:0 seq(1009755,1007722)} caps=------ always=false idle=true
10-10 07:26:55.008  2042  9046 D ActivityManager: checkAllowBackground: uid=10120 pkg=com.xiaomi.mipicks rec=UidRecord{9eb460a u0a120 TRNB bg:+3h13m29s393ms idle change:procadj procs:0 seq(1009759,1007722)} caps=------ always=false idle=true
10-10 07:26:55.013  2042  9046 D ActivityManager: checkAllowBackground: uid=10120 pkg=com.xiaomi.mipicks rec=UidRecord{9eb460a u0a120 TRNB bg:+3h13m29s397ms idle change:procadj procs:0 seq(1009763,1007722)} caps=------ always=false idle=true
10-10 07:26:55.048  2042  9046 W JobScheduler: Job didn't exist in JobStore: 
10-10 07:26:55.053 22862 22894 I Ad      : isPersonalizedAdEnabled getAdSettings: 2
10-10 07:26:55.054  2042  4020 D PackageManager: set app component=ComponentInfo{com.xiaomi.mipicks/androidx.work.impl.background.systemalarm.RescheduleReceiver} enabled state: 1 from com.xiaomi.mipicks,uid=10120,pid=22862
10-10 07:26:55.056 22862 22906 I Ad      : isPersonalizedAdEnabled getAdSettings: 2
10-10 07:26:55.057 22862 22904 I Ad      : isPersonalizedAdEnabled getAdSettings: 2
10-10 07:26:55.060  2042  4020 D ActivityManager: checkAllowBackground: uid=10120 pkg=com.xiaomi.mipicks rec=UidRecord{9eb460a u0a120 CEM  bg:+3h13m29s445ms idle change:procadj procs:0 seq(1009788,1007722)} caps=------ always=false idle=true
10-10 07:26:55.069  2042  4079 D ActivityManager: checkAllowBackground: uid=10120 pkg=com.xiaomi.mipicks rec=UidRecord{9eb460a u0a120 TRNB bg:+3h13m29s453ms idle change:procadj procs:0 seq(1009797,1007722)} caps=------ always=false idle=true
10-10 07:26:55.070 22862 22901 I Ad      : isPersonalizedAdEnabled getAdSettings: 2
10-10 07:26:55.075  2042  4020 D ActivityManager: checkAllowBackground: uid=10120 pkg=com.xiaomi.mipicks rec=UidRecord{9eb460a u0a120 TRNB bg:+3h13m29s460ms idle change:procadj procs:0 seq(1009801,1007722)} caps=------ always=false idle=true
10-10 07:26:55.082  2042  4020 D ActivityManager: checkAllowBackground: uid=10120 pkg=com.xiaomi.mipicks rec=UidRecord{9eb460a u0a120 TRNB bg:+3h13m29s466ms idle change:procadj procs:0 seq(1009805,1007722)} caps=------ always=false idle=true
10-10 07:26:55.181  2042  4020 D ActivityManager: checkAllowBackground: uid=1000 pkg=com.android.settings rec=UidRecord{b77cac0 1000 PER  fgServices change:procadj procs:0 seq(1009812,448524)} caps=LCMNFU always=true idle=false
10-10 07:26:55.181  2042  4020 I ActivityManager: App 1000/com.android.settings targets O+, restricted
10-10 07:26:55.181  2042  4020 D ActivityManager: checkAllowBackground: uid=1000 pkg=com.android.settings startMode=2 onallowlist=false onallowlist(ei)=false
10-10 07:26:55.181  2042  2787 D ActivityManager: checkAllowBackground: uid=1000 pkg=com.android.settings rec=UidRecord{b77cac0 1000 PER  fgServices change:procadj procs:0 seq(1009812,448524)} caps=LCMNFU always=true idle=false
10-10 07:26:55.181  2042  2787 I ActivityManager: App 1000/com.android.settings targets O+, restricted
10-10 07:26:55.181  2042  2787 D ActivityManager: checkAllowBackground: uid=1000 pkg=com.android.settings startMode=2 onallowlist=false onallowlist(ei)=false
10-10 07:26:55.214  2042  6878 D ActivityManager: checkAllowBackground: uid=1000 pkg=com.android.settings rec=UidRecord{b77cac0 1000 PER  fgServices change:procadj procs:0 seq(1009814,448524)} caps=LCMNFU always=true idle=false
10-10 07:26:55.214  2042  6878 I ActivityManager: App 1000/com.android.settings targets O+, restricted
10-10 07:26:55.214  2042  6878 D ActivityManager: checkAllowBackground: uid=1000 pkg=com.android.settings startMode=2 onallowlist=false onallowlist(ei)=false
10-10 07:26:55.214  2042  2787 D ActivityManager: checkAllowBackground: uid=1000 pkg=com.android.settings rec=UidRecord{b77cac0 1000 PER  fgServices change:procadj procs:0 seq(1009814,448524)} caps=LCMNFU always=true idle=false
10-10 07:26:55.214  2042  2787 I ActivityManager: App 1000/com.android.settings targets O+, restricted
10-10 07:26:55.214  2042  2787 D ActivityManager: checkAllowBackground: uid=1000 pkg=com.android.settings startMode=2 onallowlist=false onallowlist(ei)=false
10-10 07:26:55.560  2042  3524 I SmartPower: com.facebook.katana/10243(13231): background->idle(3001ms) R(broadcast start Intent { act=android.net.wifi.STATE_CHANGE flg=0x14000010 (has extras) }) adj=915.
10-10 07:26:55.578  2042  9046 W JobScheduler: Job didn't exist in JobStore: 
10-10 07:26:55.587  2042  4020 W JobScheduler: Job didn't exist in JobStore: 
10-10 07:26:55.752  4304  4304 D ArtChoreographerMonitor: invoke error.
10-10 07:26:55.773  2042  2042 W NotificationHistory: Attempted to add notif for locked/gone/disabled user 0
10-10 07:26:55.787  2042  3500 D isUidValid: uid = 10060
10-10 07:26:55.787  2042  3431 I SmartPower: android.process.acore/10060(22083): idle->background(74054ms) R(content provider start ContentProviderRecord{80a2fa5 u0 com.android.providers.contacts/.ContactsProvider2}) adj=0.
10-10 07:26:55.919  2042  2802 I ExtM    : zram userate is low, no need to flush: 43
10-10 07:26:55.999  2042  4079 D ActivityManager: checkAllowBackground: uid=1000 pkg=com.android.systemui rec=UidRecord{b77cac0 1000 PER  fgServices change:procadj procs:0 seq(1009848,448524)} caps=LCMNFU always=false idle=false
10-10 07:26:56.000  2042  4079 D ActivityManager: checkAllowBackground: uid=1000 pkg=com.android.systemui rec=UidRecord{b77cac0 1000 PER  fgServices change:procadj procs:0 seq(1009848,448524)} caps=LCMNFU always=false idle=false
10-10 07:26:56.001  2042  4079 D ActivityManager: checkAllowBackground: uid=1000 pkg=com.android.systemui rec=UidRecord{b77cac0 1000 PER  fgServices change:procadj procs:0 seq(1009848,448524)} caps=LCMNFU always=false idle=false
10-10 07:26:56.283  4304  4304 D ArtChoreographerMonitor: invoke error.
10-10 07:26:56.989  2042  6878 D ActivityManager: checkAllowBackground: uid=10081 pkg=com.mi.android.globallauncher rec=UidRecord{83689b1 u0a81 BFGS change:procadj procs:0 seq(1009614,977224)} caps=---NFU always=true idle=false
10-10 07:26:56.989  2042  6878 I ActivityManager: App 10081/com.mi.android.globallauncher targets O+, restricted
10-10 07:26:56.989  2042  6878 D ActivityManager: checkAllowBackground: uid=10081 pkg=com.mi.android.globallauncher startMode=2 onallowlist=false onallowlist(ei)=false
10-10 07:26:56.989  2042  2787 D ActivityManager: checkAllowBackground: uid=10081 pkg=com.mi.android.globallauncher rec=UidRecord{83689b1 u0a81 BFGS change:procadj procs:0 seq(1009614,977224)} caps=---NFU always=true idle=false
10-10 07:26:56.989  2042  2787 I ActivityManager: App 10081/com.mi.android.globallauncher targets O+, restricted
10-10 07:26:56.989  2042  2787 D ActivityManager: checkAllowBackground: uid=10081 pkg=com.mi.android.globallauncher startMode=2 onallowlist=false onallowlist(ei)=false
10-10 07:26:57.000  2042  4079 I ActivityManager: Background started FGS: Allowed [callingPackage: com.xiaomi.mipicks; callingUid: 10120; uidState: CEM ; uidBFSL: n/a; intent: Intent { pkg=com.xiaomi.mipicks cmp=com.xiaomi.mipicks/com.xiaomi.market.service.CloudConfigSyncService }; code:SYSTEM_ALERT_WINDOW_PERMISSION; tempAllowListReason:<,reasonCode:SYSTEM_ALLOW_LISTED,duration:9223372036854775807,callingUid:-1>; targetSdkVersion:35; callerTargetSdkVersion:35; startForegroundCount:0; bindFromPackage:null: isBindService:false]
10-10 07:26:57.006  2042  4079 I ActivityManager: Launched service must call startForeground() within timeout: ServiceRecord{ae374dd u0 com.xiaomi.mipicks/com.xiaomi.market.service.CloudConfigSyncService}
10-10 07:26:57.010  2042  4565 I ActivityManager: Service called startForeground() as required: ServiceRecord{ae374dd u0 com.xiaomi.mipicks/com.xiaomi.market.service.CloudConfigSyncService}
10-10 07:26:57.010  2042  4565 W ActivityManager: Foreground service started from background can not have location/camera/microphone access: service com.xiaomi.mipicks/com.xiaomi.market.service.CloudConfigSyncService
10-10 07:26:57.012  2042  3500 D isUidValid: uid = 10120
10-10 07:26:57.014  2042  4079 I ActivityManager: Cancel FGS notification userId: 0 definingUid: 10120 packageName: com.xiaomi.mipicks processName:com.xiaomi.mipicks ChannelId:com.xiaomi.mipicks_hide foregroundNotiWhen:1760070417009 Notiflags:72
10-10 07:26:57.015  2042  2042 I NotificationService: Cancel FGS notification CallingUid: 10120 CallingPid: 22862 Pkg: com.xiaomi.mipicks Id:-1202793518 Tag:null UserId:0 MustHaveFlags:0 MustNotHaveFlags:0 Reason:8 foregroundNotiWhen:1760070417009 foregroundNotiFlags:72 foregroundNotiChannelId:com.xiaomi.mipicks_hide
10-10 07:26:57.215  2042  2042 I NotificationService: Cannot find enqueued record for key: 0|com.xiaomi.mipicks|-1202793518|null|10120
10-10 07:26:57.826  2042  3524 I SmartPower: com.google.android.apps.messaging/10165(21061): background->idle(3001ms) R(content provider start ContentProviderRecord{178367 u0 com.google.android.apps.messaging/.shared.datamodel.provider.sharedstorage.SharedStorageProvider}) adj=200.
10-10 07:28:00.155  2042  3524 I SmartPower: com.google.android.gms.ui/10163(17035): background->idle(3005ms) R(service create com.google.android.gms/.chimera.UiIntentOperationService) adj=800.
10-10 07:28:00.181  2042  3524 I SmartPower: com.mi.android.globallauncher/10081(4339): background->idle(3000ms) R(broadcast start Intent { act=android.net.conn.CONNECTIVITY_CHANGE flg=0x4200010 (has extras) }) adj=100.
10-10 07:28:00.181  2042  3524 I SmartPower: com.google.android.inputmethod.latin/10176(6431): background->idle(3000ms) R(broadcast start Intent { act=android.net.conn.CONNECTIVITY_CHANGE flg=0x4200010 (has extras) }) adj=100.
10-10 07:28:00.186  2042  3524 I SmartPower: com.mi.globalminusscreen/10308(20285): background->idle(3004ms) R(broadcast start Intent { act=android.net.conn.CONNECTIVITY_CHANGE flg=0x4200010 (has extras) }) adj=100.
10-10 07:28:00.190  2042  3524 I SmartPower: com.xiaomi.discover/10121(23492): background->idle(3001ms) R(broadcast start Intent { act=android.net.conn.CONNECTIVITY_CHANGE flg=0x4200010 (has extras) }) adj=915.
10-10 07:28:00.190  2042  3524 I SmartPower: com.miui.cloudservice/10106(24002): background->idle(3000ms) R(broadcast start Intent { act=android.net.conn.CONNECTIVITY_CHANGE flg=0x4200010 (has extras) }) adj=700.
10-10 07:28:00.191  2042  3524 I SmartPower: com.xiaomi.account/10140(24068): background->idle(3000ms) R(broadcast start Intent { act=android.net.conn.CONNECTIVITY_CHANGE flg=0x4200010 (has extras) }) adj=905.
10-10 07:28:00.191  2042  3524 I SmartPower: com.miui.android.fashiongallery/10228(32611): background->idle(3000ms) R(broadcast start Intent { act=android.net.conn.CONNECTIVITY_CHANGE flg=0x4200010 (has extras) }) adj=905.
10-10 07:28:00.192  2042  3524 I SmartPower: com.xiaomi.mipicks:guard/10120(6475): background->idle(3001ms) R(broadcast start Intent { act=android.net.conn.CONNECTIVITY_CHANGE flg=0x4200010 (has extras) }) adj=905.
10-10 07:28:00.192  2042  3524 I SmartPower: com.xiaomi.mipicks/10120(22862): background->idle(3076ms) R(broadcast start Intent { act=android.net.conn.CONNECTIVITY_CHANGE flg=0x4200010 (has extras) }) adj=905.
10-10 07:28:00.193  2042  3524 I SmartPower: com.miui.global.packageinstaller/10117(10346): background->idle(3001ms) R(broadcast start Intent { act=android.net.conn.CONNECTIVITY_CHANGE flg=0x4200010 (has extras) }) adj=905.
10-10 07:28:00.196  2042  3524 I SmartPower: com.microsoft.windowsintune.companyportal:omadm_client_process/10595(24109): background->idle(2999ms) R(broadcast start Intent { act=android.net.conn.CONNECTIVITY_CHANGE flg=0x4200010 (has extras) }) adj=905.
10-10 07:28:00.196  2042  3524 I SmartPower: com.microsoft.windowsintune.companyportal/10595(15845): background->idle(3003ms) R(broadcast start Intent { act=android.net.conn.CONNECTIVITY_CHANGE flg=0x4200010 (has extras) }) adj=905.
10-10 07:28:00.196  2042  3524 I SmartPower: com.microsoft.windowsintune.companyportal:auth/10595(16215): background->idle(3002ms) R(broadcast start Intent { act=android.net.conn.CONNECTIVITY_CHANGE flg=0x4200010 (has extras) }) adj=905.
10-10 07:28:00.196  2042  3524 I SmartPower: com.google.android.apps.magazines/10234(19722): background->idle(3001ms) R(broadcast start Intent { act=android.net.conn.CONNECTIVITY_CHANGE flg=0x4200010 (has extras) }) adj=905.
10-10 07:28:00.196  2042  3524 I SmartPower: com.google.android.apps.chromecast.app/10260(23191): background->idle(3001ms) R(broadcast start Intent { act=android.net.conn.CONNECTIVITY_CHANGE flg=0x4200010 (has extras) }) adj=945.
10-10 07:28:00.196  2042  3524 I SmartPower: com.google.android.youtube/10189(23130): background->idle(3001ms) R(broadcast start Intent { act=android.net.conn.CONNECTIVITY_CHANGE flg=0x4200010 (has extras) }) adj=925.
10-10 07:28:00.196  2042  3524 I SmartPower: com.facebook.services/10091(23415): background->idle(3000ms) R(broadcast start Intent { act=android.net.conn.CONNECTIVITY_CHANGE flg=0x4200010 (has extras) }) adj=905.
10-10 07:28:00.806  2042  4565 D ActivityManager: checkAllowBackground: uid=1073 pkg=com.google.android.networkstack rec=UidRecord{10afb8f 1073 PER  change:procadj procs:0 seq(1009626,34)} caps=LCMNFU always=false idle=false
10-10 07:28:06.269  2042  3123 D ActivityManager: checkAllowBackground: uid=1000 pkg=android rec=UidRecord{b77cac0 1000 PER  fgServices change:procadj procs:0 seq(1009883,448524)} caps=LCMNFU always=false idle=false
10-10 07:28:06.270  2042  3123 D AlarmManager: mBroadcastRefCount -> 1
10-10 07:28:06.273  4304  4304 D ArtChoreographerMonitor: invoke error.
10-10 07:28:06.274  2042  3123 D AlarmManager: mBroadcastRefCount -> 2
10-10 07:28:06.275  2042  2042 D AlarmManager: mBroadcastRefCount -> 1
10-10 07:28:06.275  2042  2042 D AlarmManager: mPendingIntent -> null
10-10 07:28:06.276  2042  4565 D AlarmManager: mBroadcastRefCount -> 0
10-10 07:28:06.276  2042  4565 D AlarmManager: mPendingIntent -> null
10-10 07:28:11.450  4304  4304 D ArtChoreographerMonitor: invoke error.
10-10 07:28:11.652  2042  3524 I SmartPower: android.process.acore/10060(22083): background->idle(3005ms) R(content provider start ContentProviderRecord{80a2fa5 u0 com.android.providers.contacts/.ContactsProvider2}) adj=0.
10-10 07:28:11.658  2042  4565 D ActivityManager: checkAllowBackground: uid=1073 pkg=com.google.android.networkstack rec=UidRecord{10afb8f 1073 PER  change:procadj procs:0 seq(1009626,34)} caps=LCMNFU always=false idle=false
10-10 07:28:12.667  2042  3123 D AlarmManager: mBroadcastRefCount -> 1
10-10 07:28:12.669  2042  4565 D ActivityManager: checkAllowBackground: uid=1073 pkg=com.google.android.networkstack rec=UidRecord{10afb8f 1073 PER  change:procadj procs:0 seq(1009626,34)} caps=LCMNFU always=false idle=false
10-10 07:28:12.670  2042  4565 D AlarmManager: mBroadcastRefCount -> 0
10-10 07:28:12.670  2042  4565 D AlarmManager: mPendingIntent -> null
10-10 07:28:14.716  2042  3123 D AlarmManager: mBroadcastRefCount -> 1
10-10 07:28:14.718  2042  4565 D ActivityManager: checkAllowBackground: uid=1073 pkg=com.google.android.networkstack rec=UidRecord{10afb8f 1073 PER  change:procadj procs:0 seq(1009626,34)} caps=LCMNFU always=false idle=false
10-10 07:28:14.719  2042  4565 D AlarmManager: mBroadcastRefCount -> 0
10-10 07:28:14.719  2042  4565 D AlarmManager: mPendingIntent -> null
10-10 07:28:14.771  2042  4565 I SmartPower: com.google.android.gms.ui/10163(17035): idle->background(4017ms) R(service destroy com.google.android.gms/.chimera.UiIntentOperationService) adj=800.
10-10 07:28:20.274  2042  3123 D AlarmManager: mBroadcastRefCount -> 1
10-10 07:28:20.287  2042  4565 D ActivityManager: checkAllowBackground: uid=1073 pkg=com.google.android.networkstack rec=UidRecord{10afb8f 1073 PER  change:procadj procs:0 seq(1009626,34)} caps=LCMNFU always=false idle=false
10-10 07:28:20.288  2042  4565 D AlarmManager: mBroadcastRefCount -> 0
10-10 07:28:20.288  2042  4565 D AlarmManager: mPendingIntent -> null
10-10 07:28:30.270  2042  3123 D AlarmManager: mBroadcastRefCount -> 1
10-10 07:28:30.275  2042  4565 D ActivityManager: checkAllowBackground: uid=1073 pkg=com.google.android.networkstack rec=UidRecord{10afb8f 1073 PER  change:procadj procs:0 seq(1009626,34)} caps=LCMNFU always=false idle=false
10-10 07:28:30.276  2042  4565 D AlarmManager: mBroadcastRefCount -> 0
10-10 07:28:30.276  2042  4565 D AlarmManager: mPendingIntent -> null
10-10 07:28:48.270  2042  3123 D AlarmManager: mBroadcastRefCount -> 1
10-10 07:28:48.275  2042  6998 D ActivityManager: checkAllowBackground: uid=1073 pkg=com.google.android.networkstack rec=UidRecord{10afb8f 1073 PER  change:procadj procs:0 seq(1009626,34)} caps=LCMNFU always=false idle=false
10-10 07:28:48.276  2042  6998 D AlarmManager: mBroadcastRefCount -> 0
10-10 07:28:48.276  2042  6998 D AlarmManager: mPendingIntent -> null
10-10 07:29:21.391  2042  3123 D ActivityManager: checkAllowBackground: uid=1000 pkg=android rec=UidRecord{b77cac0 1000 PER  fgServices change:procadj procs:0 seq(1009883,448524)} caps=LCMNFU always=false idle=false
10-10 07:29:21.392  2042  3123 D AlarmManager: mBroadcastRefCount -> 1
10-10 07:29:21.394  2042  3123 D AlarmManager: mBroadcastRefCount -> 2
10-10 07:29:21.394  4304  4304 D ArtChoreographerMonitor: invoke error.
10-10 07:29:21.394  2042  2042 D AlarmManager: mBroadcastRefCount -> 1
10-10 07:29:21.394  2042  2042 D AlarmManager: mPendingIntent -> null
10-10 07:29:21.396  2042  4565 D ActivityManager: checkAllowBackground: uid=1073 pkg=com.google.android.networkstack rec=UidRecord{10afb8f 1073 PER  change:procadj procs:0 seq(1009626,34)} caps=LCMNFU always=false idle=false
10-10 07:29:21.396  2042  4565 D AlarmManager: mBroadcastRefCount -> 0
10-10 07:29:21.396  2042  4565 D AlarmManager: mPendingIntent -> null
10-10 07:29:21.415  2042  3524 I SmartPower: com.google.android.gms.ui/10163(17035): background->idle(3000ms) R(service destroy com.google.android.gms/.chimera.UiIntentOperationService) adj=800.
10-10 07:29:21.595  2042  2702 D HeapUsage Monitor: HeapAllocSize : 91MB; monitorSize : 500MB
10-10 07:29:21.610  4304  4304 D ArtChoreographerMonitor: invoke error.
10-10 07:29:55.690   702 26965 I keystore2: system/security/keystore2/src/watchdog.rs:319 - Watchdog thread idle -> terminating. Have a great day.
10-10 07:30:26.459  4304  4304 D ArtChoreographerMonitor: invoke error.
10-10 07:30:55.709  4304  4304 D ArtChoreographerMonitor: invoke error.
10-10 07:32:02.877  2042  3123 D ActivityManager: checkAllowBackground: uid=1000 pkg=com.miui.misightservice rec=UidRecord{b77cac0 1000 PER  fgServices change:procadj procs:0 seq(1009883,448524)} caps=LCMNFU always=false idle=false
10-10 07:32:02.877  2042  3123 D ActivityManager: checkAllowBackground: uid=1000 pkg=com.miui.powerkeeper rec=UidRecord{b77cac0 1000 PER  fgServices change:procadj procs:0 seq(1009883,448524)} caps=LCMNFU always=false idle=false
10-10 07:34:14.317  2042  2042 D UiModeManager: updateConfigurationLocked: mDockState=0; mCarMode=false; mCar=false; mPowerSave=false; mOverrideNightModeOn=false; mOverrideNightModeOff=false; mComputedNightMode=false; mNightMode=1; uiMode=17
10-10 07:34:49.267  2042  4541 W GreezeManager: Slow Greezer: Receive frozen binder trans: dstUid=1000 dstPid=2042 callerUid=1000 callerPid=1407 callerTid=1407 delay=112ms oneway=false
10-10 07:34:49.268  2042  4541 W GreezeManager: Slow Greezer: Receive frozen binder trans: dstUid=1000 dstPid=2042 callerUid=1000 callerPid=8645 callerTid=8645 delay=112ms oneway=false
10-10 07:34:49.269  2042  4565 W GreezeManager: Slow Greezer: Receive frozen binder trans: dstUid=1000 dstPid=636 callerUid=0 callerPid=3503 callerTid=3503 delay=114ms oneway=false
10-10 07:34:49.274  2042  3123 D ActivityManager: checkAllowBackground: uid=1000 pkg=android rec=UidRecord{b77cac0 1000 PER  fgServices change:procadj procs:0 seq(1009883,448524)} caps=LCMNFU always=false idle=false
10-10 07:34:49.275  2042  3123 D AlarmManager: mBroadcastRefCount -> 1
10-10 07:34:49.278  4304  4304 D ArtChoreographerMonitor: invoke error.
10-10 07:34:49.284  2042  3123 D AlarmManager: mBroadcastRefCount -> 2
10-10 07:34:49.285  2042  3123 D AlarmManager: mBroadcastRefCount -> 3
10-10 07:34:49.291  2042  3123 W ProcessStats: Tracking association SourceState{8c235c4 com.miui.securitycenter.remote/1000 Fgs #139966} whose proc state 3 is better than process ProcessState{fde9e0a com.miui.powerkeeper/1000 pkg=com.miui.powerkeeper} proc state 4 (737 skipped)
10-10 07:34:49.292  2042  3123 D AlarmManager: mBroadcastRefCount -> 4
10-10 07:34:49.296  2042  3123 D AlarmManager: mBroadcastRefCount -> 5
10-10 07:34:49.297  2042  2042 D AlarmManager: mBroadcastRefCount -> 4
10-10 07:34:49.297  2042  2042 D AlarmManager: mPendingIntent -> null
10-10 07:34:49.297  2042  2042 D AlarmManager: mBroadcastRefCount -> 3
10-10 07:34:49.297  2042  2042 D AlarmManager: mPendingIntent -> PendingIntent{7ba0a5f: PendingIntentRecord{dd98cac com.miui.powerkeeper startService}}
10-10 07:34:49.297  2042  2042 D AlarmManager: mBroadcastRefCount -> 2
10-10 07:34:49.297  2042  2042 D AlarmManager: mPendingIntent -> PendingIntent{6c37920: PendingIntentRecord{109f2fe com.miui.misightservice startService}}
10-10 07:34:49.298  2042  6991 D ActivityManager: checkAllowBackground: uid=1073 pkg=com.google.android.networkstack rec=UidRecord{10afb8f 1073 PER  change:procadj procs:0 seq(1009626,34)} caps=LCMNFU always=false idle=false
10-10 07:34:49.299  2042  2074 D ActivityManager: checkAllowBackground: uid=1000 pkg=android rec=UidRecord{b77cac0 1000 PER  fgServices change:procadj procs:0 seq(1009924,448524)} caps=LCMNFU always=false idle=false
10-10 07:34:49.299  2042  4565 D ActivityManager: checkAllowBackground: uid=10137 pkg=com.xiaomi.xmsf rec=UidRecord{59b2293 u0a137 IMPF change:procadj procs:0 seq(1009919,280958)} caps=------ always=false idle=false
10-10 07:34:49.300  2042  6981 D AlarmManager: mBroadcastRefCount -> 1
10-10 07:34:49.300  2042  6981 D AlarmManager: mPendingIntent -> null
10-10 07:34:49.302  2042  2042 D AlarmManager: mBroadcastRefCount -> 0
10-10 07:34:49.302  2042  2042 D AlarmManager: mPendingIntent -> PendingIntent{15f2d8b: PendingIntentRecord{7ec6dae com.xiaomi.xmsf broadcastIntent}}
10-10 07:35:26.264  2042  3123 D AlarmManager: mBroadcastRefCount -> 1
10-10 07:35:26.272  2042  3123 D ActivityManager: checkAllowBackground: uid=1000 pkg=android rec=UidRecord{b77cac0 1000 PER  fgServices change:procadj procs:0 seq(1009924,448524)} caps=LCMNFU always=false idle=false
10-10 07:35:26.273  2042  3123 D AlarmManager: mBroadcastRefCount -> 2
10-10 07:35:26.273  2042  3123 D ActivityManager: checkAllowBackground: uid=10163 pkg=com.google.android.gms rec=UidRecord{3efeecd u0a163 FGS  change:procadj procs:0 seq(1009926,425084)} caps=LCMNFU always=false idle=false
10-10 07:35:26.274  2042  3123 D ActivityManager: checkAllowBackground: uid=1000 pkg=com.miui.powerkeeper rec=UidRecord{b77cac0 1000 PER  fgServices change:procadj procs:0 seq(1009924,448524)} caps=LCMNFU always=false idle=false
10-10 07:35:26.274  2042  3110 D ActivityManager: checkAllowBackground: uid=1000 pkg=android rec=UidRecord{b77cac0 1000 PER  fgServices change:procadj procs:0 seq(1009924,448524)} caps=LCMNFU always=false idle=false
10-10 07:35:26.275  2042  3110 D AlarmManager: mBroadcastRefCount -> 1
10-10 07:35:26.275  2042  3110 D AlarmManager: mPendingIntent -> null
10-10 07:35:26.275  2042  2042 D AlarmManager: mBroadcastRefCount -> 0
10-10 07:35:26.275  2042  2042 D AlarmManager: mPendingIntent -> null
10-10 07:35:26.300  2042  3110 D ActivityManager: checkAllowBackground: uid=1000 pkg=android rec=UidRecord{b77cac0 1000 PER  fgServices change:procadj procs:0 seq(1009947,448524)} caps=LCMNFU always=false idle=false
10-10 07:35:26.301  2042  3110 D ActivityManager: checkAllowBackground: uid=1000 pkg=android rec=UidRecord{b77cac0 1000 PER  fgServices change:procadj procs:0 seq(1009947,448524)} caps=LCMNFU always=false idle=false
10-10 07:35:26.301  2042  3110 D ActivityManager: checkAllowBackground: uid=1000 pkg=android rec=UidRecord{b77cac0 1000 PER  fgServices change:procadj procs:0 seq(1009947,448524)} caps=LCMNFU always=false idle=false
10-10 07:35:26.302  2042  3110 D ActivityManager: checkAllowBackground: uid=1000 pkg=android rec=UidRecord{b77cac0 1000 PER  fgServices change:procadj procs:0 seq(1009947,448524)} caps=LCMNFU always=false idle=false
10-10 07:35:26.303  2042  3110 D ActivityManager: checkAllowBackground: uid=1000 pkg=android rec=UidRecord{b77cac0 1000 PER  fgServices change:procadj procs:0 seq(1009947,448524)} caps=LCMNFU always=false idle=false
10-10 07:35:26.303  2042  2787 I SmartPower: com.facebook.katana/10243(13231): idle->background(12125ms) R(broadcast start Intent { act=android.os.action.DEVICE_IDLE_MODE_CHANGED flg=0x50000010 }) adj=915.
10-10 07:35:26.305  2042  3110 D ActivityManager: checkAllowBackground: uid=1000 pkg=android rec=UidRecord{b77cac0 1000 PER  fgServices change:procadj procs:0 seq(1009947,448524)} caps=LCMNFU always=false idle=false
10-10 07:35:26.306  2042  2787 I SmartPower: com.google.android.gms/10163(28832): idle->background(30544ms) R(broadcast start Intent { act=android.os.action.DEVICE_IDLE_MODE_CHANGED flg=0x50000010 }) adj=600.
10-10 07:35:26.307  2042  2787 I SmartPower: com.google.android.gm/10179(31393): idle->background(87455ms) R(broadcast start Intent { act=android.os.action.DEVICE_IDLE_MODE_CHANGED flg=0x50000010 }) adj=905.
10-10 07:35:26.313  2042  3110 I SmartPower: com.miui.cloudservice/10106(24002): idle->background(9766ms) R(service create com.miui.cloudservice/.cloudcontrol.FetchCloudConfigJobService) adj=0.
10-10 07:35:26.321  2042  3110 I SmartPower: com.google.android.googlequicksearchbox:search/10167(12381): idle->background(130733ms) R(service create com.google.android.googlequicksearchbox/androidx.work.impl.background.systemjob.SystemJobService) adj=0.
10-10 07:35:26.334  2042  3110 I SmartPower: com.google.android.adservices.api/10294(20677): idle->background(222126ms) R(service create com.google.android.adservices.api/com.android.adservices.service.measurement.reporting.EventReportingJobService) adj=0.
10-10 07:35:26.337  2042  4772 D ActivityManager: checkAllowBackground: uid=10163 pkg=com.google.android.gms rec=UidRecord{3efeecd u0a163 FGS  change:procadj procs:0 seq(1009996,425084)} caps=LCMNFU always=false idle=false
10-10 07:35:26.351  2042  3110 I SmartPower: com.google.android.apps.messaging/10165(21061): idle->background(10326ms) R(service create com.google.android.apps.messaging/androidx.work.impl.background.systemjob.SystemJobService) adj=0.
10-10 07:35:26.379  2042  6991 D ActivityManager: checkAllowBackground: uid=10163 pkg=com.google.android.gms rec=UidRecord{3efeecd u0a163 FGS  change:procadj procs:0 seq(1010036,425084)} caps=LCMNFU always=false idle=false
10-10 07:35:26.393  2042  4541 D ActivityManager: checkAllowBackground: uid=10163 pkg=com.google.android.gms rec=UidRecord{3efeecd u0a163 FGS  change:procadj procs:0 seq(1010040,425084)} caps=LCMNFU always=false idle=false
10-10 07:35:26.410  2042  4541 D ActivityManager: checkAllowBackground: uid=10163 pkg=com.google.android.gms rec=UidRecord{3efeecd u0a163 FGS  change:procadj procs:0 seq(1010050,425084)} caps=LCMNFU always=false idle=false
10-10 07:35:26.415  2042  2787 I SmartPower: com.xiaomi.discover/10121(23492): idle->background(9868ms) R(broadcast start Intent { act=android.intent.action.BATTERY_CHANGED flg=0x60000010 (has extras) }) adj=915.
10-10 07:35:26.416  2042  2787 I SmartPower: com.miui.android.fashiongallery/10228(32611): idle->background(9869ms) R(broadcast start Intent { act=android.intent.action.BATTERY_CHANGED flg=0x60000010 (has extras) }) adj=905.
10-10 07:35:26.418  2042  2787 I SmartPower: com.facebook.appmanager/10138(27658): idle->background(19092ms) R(broadcast start Intent { act=android.intent.action.BATTERY_CHANGED flg=0x60000010 (has extras) }) adj=905.
10-10 07:35:26.421  2042  2787 I SmartPower: com.google.android.apps.tachyon/10226(15532): idle->background(19094ms) R(broadcast start Intent { act=android.intent.action.BATTERY_CHANGED flg=0x60000010 (has extras) }) adj=955.
10-10 07:35:26.423  2042  4772 D ActivityManager: checkAllowBackground: uid=10163 pkg=com.google.android.gms rec=UidRecord{3efeecd u0a163 FGS  change:procadj procs:0 seq(1010050,425084)} caps=LCMNFU always=false idle=false
10-10 07:35:26.425  2042  2787 I SmartPower: com.google.android.apps.magazines/10234(19722): idle->background(9872ms) R(broadcast start Intent { act=android.intent.action.BATTERY_CHANGED flg=0x60000010 (has extras) }) adj=905.
10-10 07:35:26.426  2042  2787 I SmartPower: com.android.chrome/10172(25786): idle->background(19098ms) R(broadcast start Intent { act=android.intent.action.BATTERY_CHANGED flg=0x60000010 (has extras) }) adj=900.
10-10 07:35:26.427  2042  2787 I SmartPower: com.google.android.youtube/10189(23130): idle->background(9874ms) R(broadcast start Intent { act=android.intent.action.BATTERY_CHANGED flg=0x60000010 (has extras) }) adj=925.
10-10 07:35:26.443  2042  6991 D ActivityManager: checkAllowBackground: uid=10163 pkg=com.google.android.gms rec=UidRecord{3efeecd u0a163 FGS  change:procadj procs:0 seq(1010069,425084)} caps=LCMNFU always=false idle=false
10-10 07:35:26.453  2042  6991 I ActivityManager: Broadcast action com.google.android.c2dm.intent.RECEIVE forcing include-background
10-10 07:35:26.453  2042  6991 D ActivityManager: checkAllowBackground: uid=10179 pkg=com.google.android.gm rec=UidRecord{8b4f0c6 u0a179 CEM  bg:+2h44m59s135ms idle change:cached|procstate|procadj procs:0 seq(1009971,473433)} caps=------ always=true idle=true
10-10 07:35:26.453  2042  6991 I ActivityManager: App 10179/com.google.android.gm targets O+, restricted
10-10 07:35:26.453  2042  6991 D ActivityManager: checkAllowBackground: uid=10179 pkg=com.google.android.gm startMode=2 onallowlist=false onallowlist(ei)=false
10-10 07:35:26.455  2042  2787 D ActivityManager: checkAllowBackground: uid=10179 pkg=com.google.android.gm rec=UidRecord{8b4f0c6 u0a179 CEM  bg:+2h44m59s137ms idle change:cached|procstate|procadj procs:0 seq(1009971,473433)} caps=------ always=true idle=true
10-10 07:35:26.456  2042  2787 I ActivityManager: App 10179/com.google.android.gm targets O+, restricted
10-10 07:35:26.456  2042  2787 D ActivityManager: checkAllowBackground: uid=10179 pkg=com.google.android.gm startMode=2 onallowlist=false onallowlist(ei)=false
10-10 07:35:26.463  2042  6981 D ActivityManager: checkAllowBackground: uid=10163 pkg=com.google.android.gms rec=UidRecord{3efeecd u0a163 FGS  change:procadj procs:0 seq(1010083,425084)} caps=LCMNFU always=false idle=false
10-10 07:35:26.468  2042  6981 D ActivityManager: checkAllowBackground: uid=10163 pkg=com.google.android.gms rec=UidRecord{3efeecd u0a163 FGS  change:procadj procs:0 seq(1010088,425084)} caps=LCMNFU always=false idle=false
10-10 07:35:26.482  2042  4079 D ActivityManager: checkAllowBackground: uid=10179 pkg=com.google.android.gm rec=UidRecord{8b4f0c6 u0a179 RCVR bg:+2h44m59s164ms idle change:uncachedprocstateprocadj procs:0 seq(1010082,473433)} caps=------ always=false idle=true
10-10 07:35:26.491  4304  4304 D ArtChoreographerMonitor: invoke error.
10-10 07:35:26.498  2042  7011 I SmartPower: com.xiaomi.account/10140(24068): idle->background(9950ms) R(service create com.xiaomi.account/.XiaomiAccountService) adj=0.
10-10 07:35:26.506  2042  8301 I SmartPower: com.google.android.googlequicksearchbox:googleapp/10167(12370): idle->background(209861ms) R(service create com.google.android.googlequicksearchbox/com.google.android.libraries.search.integrations.tiktok.RemoteWorkerService_googleapp) adj=0.
10-10 07:35:26.509  2042  7011 D ActivityManager: checkAllowBackground: uid=10163 pkg=com.google.android.gms rec=UidRecord{3efeecd u0a163 FGS  change:procadj procs:0 seq(1010133,425084)} caps=LCMNFU always=false idle=false
10-10 07:35:26.510  2042  2802 I ExtM    : zram userate is low, no need to flush: 43
10-10 07:35:26.519  2042  6878 D ActivityManager: checkAllowBackground: uid=10179 pkg=com.google.android.gm rec=UidRecord{8b4f0c6 u0a179 RCVR bg:+2h44m59s201ms idle change:uncachedprocstateprocadj procs:0 seq(1010082,473433)} caps=------ always=false idle=true
10-10 07:35:26.522  2042  3908 D CompatibilityChangeReporter: Compat change id reported: 271850009; UID 1000; state: ENABLED
10-10 07:35:26.523  2042  3908 D CompatibilityChangeReporter: Compat change id reported: 271850009; UID 1000; state: DISABLED
10-10 07:35:26.523  2042  3908 D CompatibilityChangeReporter: Compat change id reported: 253665015; UID 1000; state: ENABLED
10-10 07:35:26.524  2042  3908 D CompatibilityChangeReporter: Compat change id reported: 253665015; UID 1000; state: DISABLED
10-10 07:35:26.524  2042  3908 D CompatibilityChangeReporter: Compat change id reported: 194532703; UID 1000; state: ENABLED
10-10 07:35:26.527  2042  3908 D ActivityManager: checkAllowBackground: uid=1000 pkg=android rec=UidRecord{b77cac0 1000 PER  fgServices change:procadj procs:0 seq(1010151,448524)} caps=LCMNFU always=false idle=false
10-10 07:35:26.536  2042  8301 D ActivityManager: checkAllowBackground: uid=1000 pkg=android rec=UidRecord{b77cac0 1000 PER  fgServices change:procadj procs:0 seq(1010151,448524)} caps=LCMNFU always=false idle=false
10-10 07:35:26.536  2042  8301 D ActivityManager: checkAllowBackground: uid=1000 pkg=android rec=UidRecord{b77cac0 1000 PER  fgServices change:procadj procs:0 seq(1010151,448524)} caps=LCMNFU always=false idle=false
10-10 07:35:26.536  2042  3110 D ActivityManager: checkAllowBackground: uid=10176 pkg=com.google.android.inputmethod.latin rec=UidRecord{cfb45dc u0a176 BFGS change:procadj procs:0 seq(1009579,1258)} caps=LCMNFU always=false idle=false
10-10 07:35:26.538  2042  3110 D ActivityManager: checkAllowBackground: uid=10167 pkg=com.google.android.googlequicksearchbox rec=UidRecord{12ca7dd u0a167 BFGS change:procadj procs:0 seq(1010153,396318)} caps=LCMNFU always=false idle=false
10-10 07:35:26.538  2042  3110 D ActivityManager: checkAllowBackground: uid=10294 pkg=com.google.android.adservices.api rec=UidRecord{78dc3b7 u0a294 FGS  change:procadj procs:0 seq(1010157,377651)} caps=---NFU always=false idle=false
10-10 07:35:26.538  2042  3110 D ActivityManager: checkAllowBackground: uid=10294 pkg=com.google.android.adservices.api rec=UidRecord{78dc3b7 u0a294 FGS  change:procadj procs:0 seq(1010157,377651)} caps=---NFU always=false idle=false
10-10 07:35:26.538  2042  3110 D ActivityManager: checkAllowBackground: uid=10224 pkg=com.miui.weather2 rec=UidRecord{2b7cb18 u0a224 CEM  bg:+14h1m5s234ms idle change:procadj procs:0 seq(1009563,977716)} caps=------ always=false idle=true
10-10 07:35:26.538  2042  3110 D ActivityManager: checkAllowBackground: uid=10294 pkg=com.google.android.adservices.api rec=UidRecord{78dc3b7 u0a294 FGS  change:procadj procs:0 seq(1010157,377651)} caps=---NFU always=false idle=false
10-10 07:35:26.538  2042  3110 D ActivityManager: checkAllowBackground: uid=10294 pkg=com.google.android.adservices.api rec=UidRecord{78dc3b7 u0a294 FGS  change:procadj procs:0 seq(1010157,377651)} caps=---NFU always=false idle=false
10-10 07:35:26.539  2042  3110 D ActivityManager: checkAllowBackground: uid=10106 pkg=com.miui.cloudservice rec=UidRecord{80c3309 u0a106 TRNB bg:+11m9s476ms change:uncachedprocstateprocadj procs:0 seq(1009974,1009646)} caps=------ always=false idle=false
10-10 07:35:26.539  2042  3110 D ActivityManager: checkAllowBackground: uid=10120 pkg=com.xiaomi.mipicks rec=UidRecord{9eb460a u0a120 CEM  bg:+8m29s524ms change:procadj procs:0 seq(1009880,1009875)} caps=------ always=false idle=false
10-10 07:35:26.539  2042  3110 D ActivityManager: checkAllowBackground: uid=10106 pkg=com.miui.cloudservice rec=UidRecord{80c3309 u0a106 TRNB bg:+11m9s476ms change:uncachedprocstateprocadj procs:0 seq(1009974,1009646)} caps=------ always=false idle=false
10-10 07:35:26.539  2042  3110 D ActivityManager: checkAllowBackground: uid=10165 pkg=com.google.android.apps.messaging rec=UidRecord{2d425da u0a165 BFGS change:procadj procs:0 seq(1010013,269118)} caps=---NFU always=false idle=false
10-10 07:35:26.539  2042  3110 D ActivityManager: checkAllowBackground: uid=10294 pkg=com.google.android.adservices.api rec=UidRecord{78dc3b7 u0a294 FGS  change:procadj procs:0 seq(1010157,377651)} caps=---NFU always=false idle=false
10-10 07:35:26.543  2042  3110 I SmartPower: com.google.android.inputmethod.latin/10176(6431): idle->background(10006ms) R(service create com.google.android.inputmethod.latin/androidx.work.impl.background.systemjob.SystemJobService) adj=0.
10-10 07:35:26.550  2042  6878 D ActivityManager: checkAllowBackground: uid=10163 pkg=com.google.android.gms rec=UidRecord{3efeecd u0a163 FGS  change:procadj procs:0 seq(1010171,425084)} caps=LCMNFU always=false idle=false
10-10 07:35:26.573  2042  3908 D ActivityManager: checkAllowBackground: uid=10179 pkg=com.google.android.gm rec=UidRecord{8b4f0c6 u0a179 CEM  bg:+2h44m59s255ms idle change:cached|procstate|procadj procs:0 seq(1010170,473433)} caps=------ always=false idle=true
10-10 07:35:26.581  2042  6878 D ActivityManager: checkAllowBackground: uid=10163 pkg=com.google.android.gms rec=UidRecord{3efeecd u0a163 FGS  change:procadj procs:0 seq(1010217,425084)} caps=LCMNFU always=false idle=false
10-10 07:35:26.587  2042  3110 D ActivityManager: checkAllowBackground: uid=10294 pkg=com.google.android.adservices.api rec=UidRecord{78dc3b7 u0a294 FGS  change:procadj procs:0 seq(1010223,377651)} caps=---NFU always=false idle=false
10-10 07:35:26.588  2042  3110 D ActivityManager: checkAllowBackground: uid=10294 pkg=com.google.android.adservices.api rec=UidRecord{78dc3b7 u0a294 FGS  change:procadj procs:0 seq(1010223,377651)} caps=---NFU always=false idle=false
10-10 07:35:26.588  2042  3110 D ActivityManager: checkAllowBackground: uid=10294 pkg=com.google.android.adservices.api rec=UidRecord{78dc3b7 u0a294 FGS  change:procadj procs:0 seq(1010223,377651)} caps=---NFU always=false idle=false
10-10 07:35:26.588  2042  3110 D ActivityManager: checkAllowBackground: uid=10106 pkg=com.miui.cloudservice rec=UidRecord{80c3309 u0a106 TRNB bg:+11m9s525ms change:uncachedprocstateprocadj procs:0 seq(1009974,1009646)} caps=------ always=false idle=false
10-10 07:35:26.588  2042  3110 D ActivityManager: checkAllowBackground: uid=10106 pkg=com.miui.cloudservice rec=UidRecord{80c3309 u0a106 TRNB bg:+11m9s525ms change:uncachedprocstateprocadj procs:0 seq(1009974,1009646)} caps=------ always=false idle=false
10-10 07:35:26.588  2042  3110 D ActivityManager: checkAllowBackground: uid=10294 pkg=com.google.android.adservices.api rec=UidRecord{78dc3b7 u0a294 FGS  change:procadj procs:0 seq(1010223,377651)} caps=---NFU always=false idle=false
10-10 07:35:26.591  2042  3110 D ActivityManager: checkAllowBackground: uid=10294 pkg=com.google.android.adservices.api rec=UidRecord{78dc3b7 u0a294 FGS  change:procadj procs:0 seq(1010226,377651)} caps=---NFU always=false idle=false
10-10 07:35:26.591  2042  3110 D ActivityManager: checkAllowBackground: uid=10294 pkg=com.google.android.adservices.api rec=UidRecord{78dc3b7 u0a294 FGS  change:procadj procs:0 seq(1010226,377651)} caps=---NFU always=false idle=false
10-10 07:35:26.591  2042  3110 D ActivityManager: checkAllowBackground: uid=10294 pkg=com.google.android.adservices.api rec=UidRecord{78dc3b7 u0a294 FGS  change:procadj procs:0 seq(1010226,377651)} caps=---NFU always=false idle=false
10-10 07:35:26.592  2042  3110 D ActivityManager: checkAllowBackground: uid=10106 pkg=com.miui.cloudservice rec=UidRecord{80c3309 u0a106 TRNB bg:+11m9s529ms change:uncachedprocstateprocadj procs:0 seq(1009974,1009646)} caps=------ always=false idle=false
10-10 07:35:26.592  2042  3110 D ActivityManager: checkAllowBackground: uid=10120 pkg=com.xiaomi.mipicks rec=UidRecord{9eb460a u0a120 CEM  bg:+8m29s577ms change:procadj procs:0 seq(1009880,1009875)} caps=------ always=false idle=false
10-10 07:35:26.592  2042  3110 D ActivityManager: checkAllowBackground: uid=10106 pkg=com.miui.cloudservice rec=UidRecord{80c3309 u0a106 TRNB bg:+11m9s529ms change:uncachedprocstateprocadj procs:0 seq(1009974,1009646)} caps=------ always=false idle=false
10-10 07:35:26.597  2042  3110 D ActivityManager: checkAllowBackground: uid=10294 pkg=com.google.android.adservices.api rec=UidRecord{78dc3b7 u0a294 FGS  change:procadj procs:0 seq(1010230,377651)} caps=---NFU always=false idle=false
10-10 07:35:26.597  2042  3110 D ActivityManager: checkAllowBackground: uid=10294 pkg=com.google.android.adservices.api rec=UidRecord{78dc3b7 u0a294 FGS  change:procadj procs:0 seq(1010230,377651)} caps=---NFU always=false idle=false
10-10 07:35:26.598  2042  3110 D ActivityManager: checkAllowBackground: uid=10106 pkg=com.miui.cloudservice rec=UidRecord{80c3309 u0a106 TRNB bg:+11m9s535ms change:uncachedprocstateprocadj procs:0 seq(1009974,1009646)} caps=------ always=false idle=false
10-10 07:35:26.598  2042  3110 D ActivityManager: checkAllowBackground: uid=10106 pkg=com.miui.cloudservice rec=UidRecord{80c3309 u0a106 TRNB bg:+11m9s535ms change:uncachedprocstateprocadj procs:0 seq(1009974,1009646)} caps=------ always=false idle=false
10-10 07:35:26.604  2042  3110 D ActivityManager: checkAllowBackground: uid=10294 pkg=com.google.android.adservices.api rec=UidRecord{78dc3b7 u0a294 FGS  change:procadj procs:0 seq(1010239,377651)} caps=---NFU always=false idle=false
10-10 07:35:26.604  2042  3110 D ActivityManager: checkAllowBackground: uid=10106 pkg=com.miui.cloudservice rec=UidRecord{80c3309 u0a106 TRNB bg:+11m9s542ms change:uncachedprocstateprocadj procs:0 seq(1009974,1009646)} caps=------ always=false idle=false
10-10 07:35:26.604  2042  3110 D ActivityManager: checkAllowBackground: uid=10120 pkg=com.xiaomi.mipicks rec=UidRecord{9eb460a u0a120 CEM  bg:+8m29s590ms change:procadj procs:0 seq(1009880,1009875)} caps=------ always=false idle=false
10-10 07:35:26.604  2042  3110 D ActivityManager: checkAllowBackground: uid=10106 pkg=com.miui.cloudservice rec=UidRecord{80c3309 u0a106 TRNB bg:+11m9s542ms change:uncachedprocstateprocadj procs:0 seq(1009974,1009646)} caps=------ always=false idle=false
10-10 07:35:26.607  2042  6998 D ActivityManager: checkAllowBackground: uid=1000 pkg=android rec=UidRecord{b77cac0 1000 PER  fgServices change:procadj procs:0 seq(1010151,448524)} caps=LCMNFU always=false idle=false
10-10 07:35:26.608  2042  3110 D ActivityManager: checkAllowBackground: uid=10106 pkg=com.miui.cloudservice rec=UidRecord{80c3309 u0a106 TRNB bg:+11m9s546ms change:uncachedprocstateprocadj procs:0 seq(1009974,1009646)} caps=------ always=false idle=false
10-10 07:35:26.608  2042  3110 D ActivityManager: checkAllowBackground: uid=10106 pkg=com.miui.cloudservice rec=UidRecord{80c3309 u0a106 TRNB bg:+11m9s546ms change:uncachedprocstateprocadj procs:0 seq(1009974,1009646)} caps=------ always=false idle=false
10-10 07:35:26.616  2042  4100 D ActivityManager: checkAllowBackground: uid=1000 pkg=android rec=UidRecord{b77cac0 1000 PER  fgServices change:procadj procs:0 seq(1010151,448524)} caps=LCMNFU always=false idle=false
10-10 07:35:26.621  2042  7010 D ActivityManager: checkAllowBackground: uid=10163 pkg=com.google.android.gms rec=UidRecord{3efeecd u0a163 FGS  change:procadj procs:0 seq(1010251,425084)} caps=LCMNFU always=false idle=false
10-10 07:35:26.649  2042  6998 I SmartPower: com.miui.weather2/10224(24369): idle->background(35905ms) R(service create com.miui.weather2/androidx.work.impl.background.systemjob.SystemJobService) adj=0.
10-10 07:35:26.651  2042  4020 D ActivityManager: checkAllowBackground: uid=10163 pkg=com.google.android.gms rec=UidRecord{3efeecd u0a163 FGS  change:procadj procs:0 seq(1010258,425084)} caps=LCMNFU always=false idle=false
10-10 07:35:26.655  2042  4100 D ActivityManager: checkAllowBackground: uid=10176 pkg=com.google.android.inputmethod.latin rec=UidRecord{cfb45dc u0a176 BFGS change:procadj procs:0 seq(1010257,1258)} caps=LCMNFU always=false idle=false
10-10 07:35:26.657  2042  7010 D ActivityManager: checkAllowBackground: uid=10165 pkg=com.google.android.apps.messaging rec=UidRecord{2d425da u0a165 BFGS change:procadj procs:0 seq(1010250,269118)} caps=---NFU always=false idle=false
