10-10 04:13:24.722  2042  2074 D ActivityManager: checkAllowBackground: uid=1000 pkg=android rec=UidRecord{b77cac0 1000 PER  fgServices allowlist change:procadj procs:0 seq(1007675,448524)} caps=LCMNFU always=false idle=false
10-10 04:13:24.747  2042  2802 I ExtM    : zram userate is low, no need to flush: 42
10-10 04:13:24.761 20578 20858 I Ad      : isPersonalizedAdEnabled getAdSettings: 2
10-10 04:13:24.771  2042  4079 D ActivityManager: checkAllowBackground: uid=10179 pkg=com.google.android.gm rec=UidRecord{8b4f0c6 u0a179 SVC  allowlist change:procadj procs:0 seq(1007642,473433)} caps=------ always=false idle=false
10-10 04:13:24.775  2042  3908 D ActivityManager: checkAllowBackground: uid=1000 pkg=android rec=UidRecord{b77cac0 1000 PER  fgServices allowlist change:procadj procs:0 seq(1007675,448524)} caps=LCMNFU always=false idle=false
10-10 04:13:24.778  2042  3908 D ActivityManager: checkAllowBackground: uid=10179 pkg=com.google.android.gm rec=UidRecord{8b4f0c6 u0a179 SVC  allowlist change:procadj procs:0 seq(1007642,473433)} caps=------ always=false idle=false
10-10 04:13:24.782  2042  2074 D ActivityManager: checkAllowBackground: uid=1000 pkg=android rec=UidRecord{b77cac0 1000 PER  fgServices allowlist change:procadj procs:0 seq(1007675,448524)} caps=LCMNFU always=false idle=false
10-10 04:13:24.783  2042  2074 D ActivityManager: checkAllowBackground: uid=1000 pkg=android rec=UidRecord{b77cac0 1000 PER  fgServices allowlist change:procadj procs:0 seq(1007675,448524)} caps=LCMNFU always=false idle=false
10-10 04:13:24.787  2042  4565 D ActivityManager: checkAllowBackground: uid=1000 pkg=android rec=UidRecord{b77cac0 1000 PER  fgServices allowlist change:procadj procs:0 seq(1007675,448524)} caps=LCMNFU always=false idle=false
10-10 04:13:24.788  2042  3110 D ActivityManager: checkAllowBackground: uid=10120 pkg=com.xiaomi.mipicks rec=UidRecord{9eb460a u0a120 CEM  bg:+2h39m30s932ms idle change:procadj procs:0 seq(1007672,993365)} caps=------ always=false idle=true
10-10 04:13:24.794  2042  2074 D ActivityManager: checkAllowBackground: uid=1000 pkg=android rec=UidRecord{b77cac0 1000 PER  fgServices allowlist change:procadj procs:0 seq(1007675,448524)} caps=LCMNFU always=false idle=false
10-10 04:13:24.795  2042  2074 D ActivityManager: checkAllowBackground: uid=1000 pkg=android rec=UidRecord{b77cac0 1000 PER  fgServices allowlist change:procadj procs:0 seq(1007675,448524)} caps=LCMNFU always=false idle=false
10-10 04:13:24.835  2042  4565 D ActivityManager: checkAllowBackground: uid=10120 pkg=com.xiaomi.mipicks rec=UidRecord{9eb460a u0a120 CEM  bg:+2h39m30s980ms idle change:procadj procs:0 seq(1007712,993365)} caps=------ always=false idle=true
10-10 04:13:24.848  2042  4565 I ActivityManager: Background started FGS: Allowed [callingPackage: com.xiaomi.mipicks; callingUid: 10120; uidState: CEM ; uidBFSL: n/a; intent: Intent { cmp=com.xiaomi.mipicks/com.xiaomi.market.data.CheckUpdateService (has extras) }; code:SYSTEM_ALERT_WINDOW_PERMISSION; tempAllowListReason:<,reasonCode:SYSTEM_ALLOW_LISTED,duration:9223372036854775807,callingUid:-1>; targetSdkVersion:35; callerTargetSdkVersion:35; startForegroundCount:0; bindFromPackage:null: isBindService:false]
10-10 04:13:24.857  2042  4565 I ActivityManager: Launched service must call startForeground() within timeout: ServiceRecord{fa0a3af u0 com.xiaomi.mipicks/com.xiaomi.market.data.CheckUpdateService}
10-10 04:13:24.861  2042  3500 D isUidValid: uid = 10120
10-10 04:13:24.864  2042  4565 I ActivityManager: Service called startForeground() as required: ServiceRecord{fa0a3af u0 com.xiaomi.mipicks/com.xiaomi.market.data.CheckUpdateService}
10-10 04:13:24.864  2042  4565 W ActivityManager: Foreground service started from background can not have location/camera/microphone access: service com.xiaomi.mipicks/com.xiaomi.market.data.CheckUpdateService
10-10 04:13:24.865  2042  2074 D ActivityManager: checkAllowBackground: uid=1000 pkg=android rec=UidRecord{b77cac0 1000 PER  fgServices allowlist change:procadj procs:0 seq(1007720,448524)} caps=LCMNFU always=false idle=false
10-10 04:13:24.869  2042  2074 D ActivityManager: checkAllowBackground: uid=1000 pkg=android rec=UidRecord{b77cac0 1000 PER  fgServices allowlist change:procadj procs:0 seq(1007720,448524)} caps=LCMNFU always=false idle=false
10-10 04:13:24.874 22862 22904 I Ad      : isPersonalizedAdEnabled getAdSettings: 2
10-10 04:13:25.381 20578 20858 I Ad      : isPersonalizedAdEnabled getAdSettings: 2
10-10 04:13:25.489 22862 22904 I Ad      : isPersonalizedAdEnabled getAdSettings: 2
10-10 04:13:25.604  2042  7043 D ActivityManager: checkAllowBackground: uid=10120 pkg=com.xiaomi.mipicks rec=UidRecord{9eb460a u0a120 FGS  fgServices change:procadj procs:0 seq(1007717,1007716)} caps=---NFU always=false idle=false
10-10 04:13:25.605  2042  7043 D ActivityManager: checkAllowBackground: uid=10120 pkg=com.xiaomi.mipicks rec=UidRecord{9eb460a u0a120 FGS  fgServices change:procadj procs:0 seq(1007717,1007716)} caps=---NFU always=false idle=false
10-10 04:13:25.607  2042  7043 D ActivityManager: checkAllowBackground: uid=10120 pkg=com.xiaomi.mipicks rec=UidRecord{9eb460a u0a120 FGS  fgServices change:procadj procs:0 seq(1007717,1007716)} caps=---NFU always=false idle=false
10-10 04:13:25.608  2042  7043 D ActivityManager: checkAllowBackground: uid=10121 pkg=com.xiaomi.discover rec=UidRecord{e7b3aad u0a121 CEM  bg:+2h39m30s81ms idle change:procadj procs:0 seq(1007536,993737)} caps=------ always=true idle=true
10-10 04:13:25.608  2042  7043 I ActivityManager: App 10121/com.xiaomi.discover targets O+, restricted
10-10 04:13:25.608  2042  7043 D ActivityManager: checkAllowBackground: uid=10121 pkg=com.xiaomi.discover startMode=2 onallowlist=true onallowlist(ei)=true
10-10 04:13:25.608  2042  2787 D ActivityManager: checkAllowBackground: uid=10121 pkg=com.xiaomi.discover rec=UidRecord{e7b3aad u0a121 CEM  bg:+2h39m30s82ms idle change:procadj procs:0 seq(1007536,993737)} caps=------ always=true idle=true
10-10 04:13:25.608  2042  2787 I ActivityManager: App 10121/com.xiaomi.discover targets O+, restricted
10-10 04:13:25.608  2042  2787 D ActivityManager: checkAllowBackground: uid=10121 pkg=com.xiaomi.discover startMode=2 onallowlist=true onallowlist(ei)=true
10-10 04:13:25.610  2042  7043 D ActivityManager: checkAllowBackground: uid=10120 pkg=com.xiaomi.mipicks rec=UidRecord{9eb460a u0a120 FGS  fgServices change:procadj procs:0 seq(1007717,1007716)} caps=---NFU always=false idle=false
10-10 04:13:25.612  2042  7043 D ActivityManager: checkAllowBackground: uid=10120 pkg=com.xiaomi.mipicks rec=UidRecord{9eb460a u0a120 FGS  fgServices change:procadj procs:0 seq(1007717,1007716)} caps=---NFU always=false idle=false
10-10 04:13:25.613  2042  7043 D ActivityManager: checkAllowBackground: uid=10120 pkg=com.xiaomi.mipicks rec=UidRecord{9eb460a u0a120 FGS  fgServices change:procadj procs:0 seq(1007717,1007716)} caps=---NFU always=false idle=false
10-10 04:13:25.614  2042  7043 I ActivityManager: Cancel FGS notification userId: 0 definingUid: 10120 packageName: com.xiaomi.mipicks processName:com.xiaomi.mipicks ChannelId:com.xiaomi.mipicks_hide foregroundNotiWhen:1760058804862 Notiflags:72
10-10 04:13:25.616  2042  2074 D ActivityManager: checkAllowBackground: uid=1000 pkg=android rec=UidRecord{b77cac0 1000 PER  fgServices allowlist change:procadj procs:0 seq(1007725,448524)} caps=LCMNFU always=false idle=false
10-10 04:13:25.616  2042  2074 D ActivityManager: checkAllowBackground: uid=1000 pkg=android rec=UidRecord{b77cac0 1000 PER  fgServices allowlist change:procadj procs:0 seq(1007725,448524)} caps=LCMNFU always=false idle=false
10-10 04:13:25.760  2042  2074 D ActivityManager: checkAllowBackground: uid=1000 pkg=android rec=UidRecord{b77cac0 1000 PER  fgServices allowlist change:procadj procs:0 seq(1007730,448524)} caps=LCMNFU always=false idle=false
10-10 04:13:25.762  2042  2074 D ActivityManager: checkAllowBackground: uid=1000 pkg=android rec=UidRecord{b77cac0 1000 PER  fgServices allowlist change:procadj procs:0 seq(1007730,448524)} caps=LCMNFU always=false idle=false
10-10 04:13:25.765  2042  2074 D ActivityManager: checkAllowBackground: uid=1000 pkg=android rec=UidRecord{b77cac0 1000 PER  fgServices allowlist change:procadj procs:0 seq(1007730,448524)} caps=LCMNFU always=false idle=false
10-10 04:13:26.275  2042  3500 D isUidValid: uid = 10060
10-10 04:13:26.280  2042  2074 D ActivityManager: checkAllowBackground: uid=1000 pkg=android rec=UidRecord{b77cac0 1000 PER  fgServices allowlist change:procadj procs:0 seq(1007730,448524)} caps=LCMNFU always=false idle=false
10-10 04:13:26.281  2042  3431 I SmartPower: android.process.acore/10060(22083): idle->background(42027ms) R(content provider start ContentProviderRecord{80a2fa5 u0 com.android.providers.contacts/.ContactsProvider2}) adj=0.
10-10 04:13:26.282  2042  2074 D ActivityManager: checkAllowBackground: uid=1000 pkg=android rec=UidRecord{b77cac0 1000 PER  fgServices allowlist change:procadj procs:0 seq(1007730,448524)} caps=LCMNFU always=false idle=false
10-10 04:13:26.282  2042  2074 D ActivityManager: checkAllowBackground: uid=1000 pkg=android rec=UidRecord{b77cac0 1000 PER  fgServices allowlist change:procadj procs:0 seq(1007730,448524)} caps=LCMNFU always=false idle=false
10-10 04:13:26.282  2042  2074 D ActivityManager: checkAllowBackground: uid=1000 pkg=android rec=UidRecord{b77cac0 1000 PER  fgServices allowlist change:procadj procs:0 seq(1007730,448524)} caps=LCMNFU always=false idle=false
10-10 04:13:26.283  2042  2074 D ActivityManager: checkAllowBackground: uid=1000 pkg=android rec=UidRecord{b77cac0 1000 PER  fgServices allowlist change:procadj procs:0 seq(1007730,448524)} caps=LCMNFU always=false idle=false
10-10 04:13:26.283  2042  2074 D ActivityManager: checkAllowBackground: uid=1000 pkg=android rec=UidRecord{b77cac0 1000 PER  fgServices allowlist change:procadj procs:0 seq(1007730,448524)} caps=LCMNFU always=false idle=false
10-10 04:13:26.289  4304  4304 D ArtChoreographerMonitor: invoke error.
10-10 04:13:26.385  2042  2074 D ActivityManager: checkAllowBackground: uid=1000 pkg=android rec=UidRecord{b77cac0 1000 PER  fgServices allowlist change:procadj procs:0 seq(1007730,448524)} caps=LCMNFU always=false idle=false
10-10 04:13:26.385  2042  2074 D ActivityManager: checkAllowBackground: uid=1000 pkg=android rec=UidRecord{b77cac0 1000 PER  fgServices allowlist change:procadj procs:0 seq(1007730,448524)} caps=LCMNFU always=false idle=false
10-10 04:13:26.385  2042  2042 W NotificationHistory: Attempted to add notif for locked/gone/disabled user 0
10-10 04:13:26.596  2042  2073 D ActivityManager: checkAllowBackground: uid=1000 pkg=com.android.systemui rec=UidRecord{b77cac0 1000 PER  fgServices allowlist change:procadj procs:0 seq(1007730,448524)} caps=LCMNFU always=false idle=false
10-10 04:13:26.597  2042  2073 D ActivityManager: checkAllowBackground: uid=1000 pkg=com.android.systemui rec=UidRecord{b77cac0 1000 PER  fgServices allowlist change:procadj procs:0 seq(1007730,448524)} caps=LCMNFU always=false idle=false
10-10 04:13:26.598  2042  2073 D ActivityManager: checkAllowBackground: uid=1000 pkg=com.android.systemui rec=UidRecord{b77cac0 1000 PER  fgServices allowlist change:procadj procs:0 seq(1007730,448524)} caps=LCMNFU always=false idle=false
10-10 04:13:26.599  2042  2073 D ActivityManager: checkAllowBackground: uid=1000 pkg=com.android.systemui rec=UidRecord{b77cac0 1000 PER  fgServices allowlist change:procadj procs:0 seq(1007730,448524)} caps=LCMNFU always=false idle=false
10-10 04:13:26.600  2042  2073 D ActivityManager: checkAllowBackground: uid=1000 pkg=com.android.systemui rec=UidRecord{b77cac0 1000 PER  fgServices allowlist change:procadj procs:0 seq(1007730,448524)} caps=LCMNFU always=false idle=false
10-10 04:13:26.601  2042  2073 D ActivityManager: checkAllowBackground: uid=1000 pkg=com.android.systemui rec=UidRecord{b77cac0 1000 PER  fgServices allowlist change:procadj procs:0 seq(1007730,448524)} caps=LCMNFU always=false idle=false
10-10 04:13:26.602  2042  2073 D ActivityManager: checkAllowBackground: uid=1000 pkg=com.android.systemui rec=UidRecord{b77cac0 1000 PER  fgServices allowlist change:procadj procs:0 seq(1007730,448524)} caps=LCMNFU always=false idle=false
10-10 04:13:26.634  2042  3524 I SmartPower: com.xiaomi.discover/10121(23492): background->idle(3001ms) R(broadcast start Intent { act=android.intent.action.BATTERY_CHANGED flg=0x60000010 (has extras) }) adj=905.
10-10 04:13:26.634  2042  3524 I SmartPower: com.miui.android.fashiongallery/10228(32611): background->idle(3001ms) R(broadcast start Intent { act=android.intent.action.BATTERY_CHANGED flg=0x60000010 (has extras) }) adj=905.
10-10 04:13:26.634  2042  3524 I SmartPower: com.facebook.appmanager/10138(27658): background->idle(3001ms) R(broadcast start Intent { act=android.intent.action.BATTERY_CHANGED flg=0x60000010 (has extras) }) adj=905.
10-10 04:13:26.634  2042  3524 I SmartPower: com.facebook.katana/10243(13231): background->idle(3001ms) R(broadcast start Intent { act=android.intent.action.BATTERY_CHANGED flg=0x60000010 (has extras) }) adj=905.
10-10 04:13:26.635  2042  3524 I SmartPower: com.google.android.apps.tachyon/10226(15532): background->idle(3000ms) R(broadcast start Intent { act=android.intent.action.BATTERY_CHANGED flg=0x60000010 (has extras) }) adj=955.
10-10 04:13:26.636  2042  3524 I SmartPower: com.google.android.apps.magazines/10234(19722): background->idle(3000ms) R(broadcast start Intent { act=android.intent.action.BATTERY_CHANGED flg=0x60000010 (has extras) }) adj=905.
10-10 04:13:26.636  2042  3524 I SmartPower: com.android.chrome/10172(25786): background->idle(3001ms) R(broadcast start Intent { act=android.intent.action.BATTERY_CHANGED flg=0x60000010 (has extras) }) adj=900.
10-10 04:13:26.636  2042  3524 I SmartPower: com.google.android.youtube/10189(23130): background->idle(3001ms) R(broadcast start Intent { act=android.intent.action.BATTERY_CHANGED flg=0x60000010 (has extras) }) adj=915.
10-10 04:13:26.755  2042  2042 D ActivityManager: checkAllowBackground: uid=10179 pkg=com.google.android.gm rec=UidRecord{8b4f0c6 u0a179 CEM  allowlist change:procadj procs:0 seq(1007753,473433)} caps=------ always=false idle=false
10-10 04:13:26.777  2042  3524 I SmartPower: com.mi.android.globallauncher/10081(4339): background->idle(3001ms) R(content provider start ContentProviderRecord{f9e9d7d u0 com.mi.android.globallauncher/com.miui.home.launcher.LauncherProvider}) adj=100.
10-10 04:13:26.785  2042  9046 D ActivityManager: checkAllowBackground: uid=1000 pkg=com.android.systemui rec=UidRecord{b77cac0 1000 PER  fgServices allowlist change:procadj procs:0 seq(1007730,448524)} caps=LCMNFU always=false idle=false
10-10 04:13:26.786  2042  2900 I DisplayPowerController[0]: Blocking screen on until initial contents have been drawn.
10-10 04:13:26.786  2042  2900 I WindowManager: Display 0 turning on...
10-10 04:13:26.789  2042  2900 D DisplayPowerControllerImpl: updateBrightnessChangeStatus: animating: false, displayState: 3, slowChange: false, appliedDimming: false, appliedLowPower: false, currentBrightness: 0.0, currentSdrBrightness: 0.0, targetBrightness: 0.05971517, targetSdrBrightness: 0.05971517, previousDisplayPolicy: 1, currentDisplayPolicy: 1
10-10 04:13:26.791  2042  2900 I DisplayPowerController[0]: Brightness [0.05971517] reason changing to: 'doze_default', previous reason: 'screen_off'.
10-10 04:13:26.791  2042  2900 I DisplayPowerController[0]: BrightnessEvent: disp=0, physDisp=local:4630946480857061762, brt=0.05971517, initBrt=-1.0, rcmdBrt=NaN, preBrt=NaN, lux=0.0, preLux=0.0, hbmMax=0.49975574, hbmMode=off, rbcStrength=50, thrmMax=1.0, powerFactor=1.0, wasShortTermModelActive=false, flags=, reason=doze_default, autoBrightness=false, strategy=
10-10 04:13:26.791  2042  2692 D TAG     : Remove previously redundant display event 0/4 to 10067/7941
10-10 04:13:26.792  2042  2692 D TAG     : Remove previously redundant display event 0/4 to 10595/15845
10-10 04:13:26.792  2042  2692 D TAG     : Remove previously redundant display event 0/4 to 10172/25786
10-10 04:13:26.792  2042  2692 D TAG     : Remove previously redundant display event 0/4 to 10172/25887
10-10 04:13:26.792  2042  2692 D TAG     : Remove previously redundant display event 0/4 to 10228/32611
10-10 04:13:26.792  2042  3563 I LocalDisplayAdapter: setDisplayState(id=4630946480857061762, state=DOZE)
10-10 04:13:26.792  2042  2692 I DisplayDeviceRepository: Display device changed state: "Built-in Screen", DOZE
10-10 04:13:26.794  2042  2692 D TAG     : Remove previously redundant display event 0/2 to 10067/7941
10-10 04:13:26.795  2042  2692 D TAG     : Remove previously redundant display event 0/2 to 10595/15845
10-10 04:13:26.795  2042  2692 D TAG     : Remove previously redundant display event 0/2 to 10172/25786
10-10 04:13:26.795  2042  2692 D TAG     : Remove previously redundant display event 0/2 to 10172/25887
10-10 04:13:26.795  2042  2692 D TAG     : Remove previously redundant display event 0/2 to 10228/32611
10-10 04:13:26.796  2042  3523 D DisplayFeatureManagerService: setScreenEffect displayId=0 mode=23 value=2 cookie=255 from pid=2042
10-10 04:13:26.799  2042  2693 I DisplayDevice: [0] Layerstack set to 0 for local:4630946480857061762
10-10 04:13:26.799  2042  3523 D DisplayFeatureManagerService: setScreenEffect displayId=0 mode=0 value=2 cookie=255 from pid=2042
10-10 04:13:26.802  2042  2692 I DisplayDeviceRepository: Display device changed state: "Built-in Screen", DOZE
10-10 04:13:26.804  2042  2692 D TAG     : Remove previously redundant display event 0/2 to 10067/7941
10-10 04:13:26.804  2042  2692 D TAG     : Remove previously redundant display event 0/2 to 10595/15845
10-10 04:13:26.805  2042  2692 D TAG     : Remove previously redundant display event 0/2 to 10172/25786
10-10 04:13:26.805  2042  2692 D TAG     : Remove previously redundant display event 0/2 to 10172/25887
10-10 04:13:26.805  2042  2692 D TAG     : Remove previously redundant display event 0/2 to 10228/32611
10-10 04:13:26.811  2042  3096 I WindowManager: mKeyguardDelegate.ShowListener.onDrawn.
10-10 04:13:26.811  2042  2690 W WindowManager: Setting mKeyguardDrawComplete
10-10 04:13:26.824  2042  4100 D WindowManager: wms.finishDrawingLocked: mDrawState=COMMIT_DRAW_PENDING Window{1a1465a u0 NotificationShade} in Surface(name=NotificationShade#12605)/@0x590afb7
10-10 04:13:26.825  2042  3096 D ActivityManager: checkAllowBackground: uid=1000 pkg=com.android.systemui rec=UidRecord{b77cac0 1000 PER  fgServices allowlist change:procadj procs:0 seq(1007730,448524)} caps=LCMNFU always=false idle=false
10-10 04:13:26.827  2042  2690 W WindowManager: All windows drawn on display -1
10-10 04:13:26.828  2042  2900 I DisplayPowerController[0]: Unblocked screen on after 42 ms
10-10 04:13:26.828  2042  3563 D LocalDisplayAdapter: setDisplayBrightness: setting doze brightness: 0.05971517
10-10 04:13:26.828  2042  3563 D DisplayFeatureManagerService: setDozeBrightness, brightness: 245, value: 1
10-10 04:13:26.829  2042  3563 D DisplayFeatureManagerService: setScreenEffect displayId=0 mode=25 value=1 cookie=255 from pid=2042
10-10 04:13:26.829  2042  2900 I WindowManager: Display 0 turned on...
10-10 04:13:27.635  2042  3524 I SmartPower: com.xiaomi.mipicks/10120(22862): background->idle(3001ms) R(service create com.xiaomi.mipicks/androidx.work.impl.background.systemjob.SystemJobService) adj=905.
10-10 04:13:27.785  2042  3524 I SmartPower: com.google.android.gm/10179(31393): background->idle(3214ms) R(service end com.google.android.gm/.provider.MailSyncAdapterService) adj=905.
10-10 04:13:29.285  2042  3524 I SmartPower: android.process.acore/10060(22083): background->idle(3004ms) R(content provider start ContentProviderRecord{80a2fa5 u0 com.android.providers.contacts/.ContactsProvider2}) adj=0.
10-10 04:13:39.054  2042  6997 D ActivityManager: checkAllowBackground: uid=1000 pkg=com.miui.aod rec=UidRecord{b77cac0 1000 PER  fgServices change:procadj procs:0 seq(1007895,448524)} caps=LCMNFU always=false idle=false
10-10 04:13:39.056  2042  3123 D ActivityManager: checkAllowBackground: uid=1000 pkg=android rec=UidRecord{b77cac0 1000 PER  fgServices change:procadj procs:0 seq(1007895,448524)} caps=LCMNFU always=false idle=false
10-10 04:13:39.057  2042  3123 D AlarmManager: mBroadcastRefCount -> 1
10-10 04:13:39.059  2042  3123 D AlarmManager: mBroadcastRefCount -> 2
10-10 04:13:39.059  2042  3123 D AlarmManager: mBroadcastRefCount -> 3
10-10 04:13:39.061  2042  3123 W ProcessStats: Tracking association SourceState{8c235c4 com.miui.securitycenter.remote/1000 Fgs #139504} whose proc state 3 is better than process ProcessState{fde9e0a com.miui.powerkeeper/1000 pkg=com.miui.powerkeeper} proc state 4 (621 skipped)
10-10 04:13:39.062  2042  3123 D AlarmManager: mBroadcastRefCount -> 4
10-10 04:13:39.065  2042  3123 D AlarmManager: mBroadcastRefCount -> 5
10-10 04:13:39.066  2042  2042 D AlarmManager: mBroadcastRefCount -> 4
10-10 04:13:39.066  2042  2042 D AlarmManager: mPendingIntent -> null
10-10 04:13:39.066  2042  2042 D AlarmManager: mBroadcastRefCount -> 3
10-10 04:13:39.066  2042  2042 D AlarmManager: mPendingIntent -> null
10-10 04:13:39.066  2042  2042 D AlarmManager: mBroadcastRefCount -> 2
10-10 04:13:39.066  2042  2042 D AlarmManager: mPendingIntent -> PendingIntent{7ba0a5f: PendingIntentRecord{dd98cac com.miui.powerkeeper startService}}
10-10 04:13:39.067  2042  2042 D AlarmManager: mBroadcastRefCount -> 1
10-10 04:13:39.067  2042  2042 D AlarmManager: mPendingIntent -> PendingIntent{6c37920: PendingIntentRecord{109f2fe com.miui.misightservice startService}}
10-10 04:13:39.067  2042  2900 I DisplayPowerController[0]: Blocking screen off
10-10 04:13:39.067  2042  2900 I DisplayPowerController[0]: Unblocked screen off after 0 ms
10-10 04:13:39.067  2042  2074 D ActivityManager: checkAllowBackground: uid=1000 pkg=android rec=UidRecord{b77cac0 1000 PER  fgServices change:procadj procs:0 seq(1007904,448524)} caps=LCMNFU always=false idle=false
10-10 04:13:39.068  2042  2900 I WindowManager: Display0 turned off...
10-10 04:13:39.069  2042  3096 D AlarmManager: mBroadcastRefCount -> 0
10-10 04:13:39.069  2042  3096 D AlarmManager: mPendingIntent -> null
10-10 04:13:39.069  2042  2900 D DisplayPowerControllerImpl: updateBrightnessChangeStatus: animating: false, displayState: 1, slowChange: false, appliedDimming: false, appliedLowPower: false, currentBrightness: 0.05971517, currentSdrBrightness: 0.05971517, targetBrightness: 0.0, targetSdrBrightness: 0.0, previousDisplayPolicy: 1, currentDisplayPolicy: 1
10-10 04:13:39.070  2042  2900 I DisplayPowerController[0]: Brightness [-1.0] reason changing to: 'screen_off', previous reason: 'doze_default'.
10-10 04:13:39.070  2042  2900 I DisplayPowerController[0]: BrightnessEvent: disp=0, physDisp=local:4630946480857061762, brt=-1.0, initBrt=0.05971517, rcmdBrt=NaN, preBrt=NaN, lux=0.0, preLux=0.0, hbmMax=0.49975574, hbmMode=off, rbcStrength=50, thrmMax=1.0, powerFactor=1.0, wasShortTermModelActive=false, flags=, reason=screen_off, autoBrightness=false, strategy=
10-10 04:13:39.071  2042  3563 D DisplayFeatureManagerService: setDozeBrightness, brightness: 0, value: 0
10-10 04:13:39.071  2042  3563 D DisplayFeatureManagerService: setScreenEffect displayId=0 mode=25 value=0 cookie=255 from pid=2042
10-10 04:13:39.071  2042  2692 D TAG     : Remove previously redundant display event 0/4 to 10067/7941
10-10 04:13:39.071  2042  2692 D TAG     : Remove previously redundant display event 0/4 to 10595/15845
10-10 04:13:39.071  2042  2692 D TAG     : Remove previously redundant display event 0/4 to 10172/25786
10-10 04:13:39.071  2042  2692 D TAG     : Remove previously redundant display event 0/4 to 10172/25887
10-10 04:13:39.071  2042  2692 D TAG     : Remove previously redundant display event 0/4 to 10228/32611
10-10 04:13:39.071  2042  2692 I DisplayDeviceRepository: Display device changed state: "Built-in Screen", OFF
10-10 04:13:39.071  2042  3563 I LocalDisplayAdapter: setDisplayState(id=4630946480857061762, state=OFF)
10-10 04:13:39.073  2042  2692 D TAG     : Remove previously redundant display event 0/2 to 10067/7941
10-10 04:13:39.074  2042  2692 D TAG     : Remove previously redundant display event 0/2 to 10595/15845
10-10 04:13:39.074  2042  2692 D TAG     : Remove previously redundant display event 0/2 to 10172/25786
10-10 04:13:39.074  2042  2692 D TAG     : Remove previously redundant display event 0/2 to 10172/25887
10-10 04:13:39.074  2042  2692 D TAG     : Remove previously redundant display event 0/2 to 10228/32611
10-10 04:13:39.075  2042  2692 I DisplayDeviceRepository: Display device changed state: "Built-in Screen", OFF
10-10 04:13:39.075  4304  4484 D OneHandedController: stopOneHanded state is 0
10-10 04:13:39.077  2042  2693 I DisplayDevice: [0] Layerstack set to -1 for local:4630946480857061762
10-10 04:13:39.077  2042  2692 D TAG     : Remove previously redundant display event 0/2 to 10067/7941
10-10 04:13:39.077  2042  2692 D TAG     : Remove previously redundant display event 0/2 to 10595/15845
10-10 04:13:39.078  2042  2692 D TAG     : Remove previously redundant display event 0/2 to 10172/25786
10-10 04:13:39.078  2042  2692 D TAG     : Remove previously redundant display event 0/2 to 10172/25887
10-10 04:13:39.078  2042  2692 D TAG     : Remove previously redundant display event 0/2 to 10228/32611
10-10 04:13:39.345  4304  4304 D ArtChoreographerMonitor: invoke error.
10-10 04:14:30.878  2042  2042 D UiModeManager: updateConfigurationLocked: mDockState=0; mCarMode=false; mCar=false; mPowerSave=false; mOverrideNightModeOn=false; mOverrideNightModeOff=false; mComputedNightMode=false; mNightMode=1; uiMode=17
10-10 04:14:33.421   702 25771 I keystore2: system/security/keystore2/src/watchdog.rs:319 - Watchdog thread idle -> terminating. Have a great day.
10-10 04:14:49.381  2042  3123 D ActivityManager: checkAllowBackground: uid=1000 pkg=android rec=UidRecord{b77cac0 1000 PER  fgServices change:procadj procs:0 seq(1007904,448524)} caps=LCMNFU always=false idle=false
10-10 04:14:49.382  2042  3123 D AlarmManager: mBroadcastRefCount -> 1
10-10 04:14:49.382  4304  4304 D ArtChoreographerMonitor: invoke error.
10-10 04:14:49.387  2042  3123 D AlarmManager: mBroadcastRefCount -> 2
10-10 04:14:49.388  2042  2042 D AlarmManager: mBroadcastRefCount -> 1
10-10 04:14:49.388  2042  2042 D AlarmManager: mPendingIntent -> null
10-10 04:14:49.393  2042  9046 D ActivityManager: checkAllowBackground: uid=10137 pkg=com.xiaomi.xmsf rec=UidRecord{59b2293 u0a137 IMPF change:procadj procs:0 seq(1007910,280958)} caps=------ always=false idle=false
10-10 04:14:49.396  2042  2042 D AlarmManager: mBroadcastRefCount -> 0
10-10 04:14:49.396  2042  2042 D AlarmManager: mPendingIntent -> PendingIntent{b89ee50: PendingIntentRecord{7ec6dae com.xiaomi.xmsf broadcastIntent}}
10-10 04:14:49.492  2042  2787 I SmartPower: com.xiaomi.discover/10121(23492): idle->background(9744ms) R(broadcast start Intent { act=android.intent.action.BATTERY_CHANGED flg=0x60000010 (has extras) }) adj=905.
10-10 04:14:49.492  2042  2787 I SmartPower: com.miui.android.fashiongallery/10228(32611): idle->background(9744ms) R(broadcast start Intent { act=android.intent.action.BATTERY_CHANGED flg=0x60000010 (has extras) }) adj=905.
10-10 04:14:49.493  2042  2787 I SmartPower: com.facebook.appmanager/10138(27658): idle->background(9743ms) R(broadcast start Intent { act=android.intent.action.BATTERY_CHANGED flg=0x60000010 (has extras) }) adj=905.
10-10 04:14:49.494  2042  2787 I SmartPower: com.facebook.katana/10243(13231): idle->background(9744ms) R(broadcast start Intent { act=android.intent.action.BATTERY_CHANGED flg=0x60000010 (has extras) }) adj=905.
10-10 04:14:49.494  2042  2787 I SmartPower: com.google.android.apps.tachyon/10226(15532): idle->background(9745ms) R(broadcast start Intent { act=android.intent.action.BATTERY_CHANGED flg=0x60000010 (has extras) }) adj=955.
10-10 04:14:49.495  2042  2787 I SmartPower: com.google.android.apps.magazines/10234(19722): idle->background(9745ms) R(broadcast start Intent { act=android.intent.action.BATTERY_CHANGED flg=0x60000010 (has extras) }) adj=905.
10-10 04:14:49.496  2042  2787 I SmartPower: com.android.chrome/10172(25786): idle->background(9744ms) R(broadcast start Intent { act=android.intent.action.BATTERY_CHANGED flg=0x60000010 (has extras) }) adj=900.
10-10 04:14:49.496  2042  2787 I SmartPower: com.google.android.youtube/10189(23130): idle->background(9745ms) R(broadcast start Intent { act=android.intent.action.BATTERY_CHANGED flg=0x60000010 (has extras) }) adj=915.
10-10 04:14:49.695  4304  4304 D ArtChoreographerMonitor: invoke error.
10-10 04:21:07.978  2042  3123 D ActivityManager: checkAllowBackground: uid=1000 pkg=com.miui.misightservice rec=UidRecord{b77cac0 1000 PER  fgServices change:procadj procs:0 seq(1007904,448524)} caps=LCMNFU always=false idle=false
10-10 04:21:07.981  2042  3123 D ActivityManager: checkAllowBackground: uid=1000 pkg=com.miui.powerkeeper rec=UidRecord{b77cac0 1000 PER  fgServices change:procadj procs:0 seq(1007904,448524)} caps=LCMNFU always=false idle=false
10-10 04:21:07.981  2042  3123 D ActivityManager: checkAllowBackground: uid=1000 pkg=android rec=UidRecord{b77cac0 1000 PER  fgServices change:procadj procs:0 seq(1007904,448524)} caps=LCMNFU always=false idle=false
10-10 04:21:07.981  2042  3123 D ActivityManager: checkAllowBackground: uid=1000 pkg=android rec=UidRecord{b77cac0 1000 PER  fgServices change:procadj procs:0 seq(1007904,448524)} caps=LCMNFU always=false idle=false
10-10 04:24:49.374  2042  3524 I SmartPower: com.xiaomi.discover/10121(23492): background->idle(3080ms) R(broadcast start Intent { act=android.intent.action.BATTERY_CHANGED flg=0x60000010 (has extras) }) adj=905.
10-10 04:24:49.374  2042  3524 I SmartPower: com.miui.android.fashiongallery/10228(32611): background->idle(3080ms) R(broadcast start Intent { act=android.intent.action.BATTERY_CHANGED flg=0x60000010 (has extras) }) adj=905.
10-10 04:24:49.374  2042  3524 I SmartPower: com.facebook.appmanager/10138(27658): background->idle(3080ms) R(broadcast start Intent { act=android.intent.action.BATTERY_CHANGED flg=0x60000010 (has extras) }) adj=905.
10-10 04:24:49.374  2042  3524 I SmartPower: com.facebook.katana/10243(13231): background->idle(3079ms) R(broadcast start Intent { act=android.intent.action.BATTERY_CHANGED flg=0x60000010 (has extras) }) adj=905.
10-10 04:24:49.375  2042  3524 I SmartPower: com.google.android.apps.tachyon/10226(15532): background->idle(3078ms) R(broadcast start Intent { act=android.intent.action.BATTERY_CHANGED flg=0x60000010 (has extras) }) adj=955.
10-10 04:24:49.375  2042  3524 I SmartPower: com.google.android.apps.magazines/10234(19722): background->idle(3077ms) R(broadcast start Intent { act=android.intent.action.BATTERY_CHANGED flg=0x60000010 (has extras) }) adj=905.
10-10 04:24:49.375  2042  3524 I SmartPower: com.android.chrome/10172(25786): background->idle(3077ms) R(broadcast start Intent { act=android.intent.action.BATTERY_CHANGED flg=0x60000010 (has extras) }) adj=900.
10-10 04:24:49.375  2042  3524 I SmartPower: com.google.android.youtube/10189(23130): background->idle(3077ms) R(broadcast start Intent { act=android.intent.action.BATTERY_CHANGED flg=0x60000010 (has extras) }) adj=915.
10-10 04:24:49.380  2042  2042 D UiModeManager: updateConfigurationLocked: mDockState=0; mCarMode=false; mCar=false; mPowerSave=false; mOverrideNightModeOn=false; mOverrideNightModeOff=false; mComputedNightMode=false; mNightMode=1; uiMode=17
10-10 04:24:49.382  2042  3123 D AlarmManager: mBroadcastRefCount -> 1
10-10 04:24:49.384  2042  3123 D ActivityManager: checkAllowBackground: uid=1000 pkg=android rec=UidRecord{b77cac0 1000 PER  fgServices change:procadj procs:0 seq(1007904,448524)} caps=LCMNFU always=false idle=false
10-10 04:24:49.384  2042  3123 D AlarmManager: mBroadcastRefCount -> 2
10-10 04:24:49.384  2042  3123 D AlarmManager: mBroadcastRefCount -> 3
10-10 04:24:49.385  2042  3123 D AlarmManager: mBroadcastRefCount -> 4
10-10 04:24:49.391  2042  3123 D AlarmManager: mBroadcastRefCount -> 5
10-10 04:24:49.394  2042  3123 D AlarmManager: mBroadcastRefCount -> 6
10-10 04:24:49.395  2042  2691 D Persistence: writeHistoricalOpsDLocked 6 ms.
10-10 04:24:49.396  2042  3123 D AlarmManager: mBroadcastRefCount -> 7
10-10 04:24:49.398  2042  2042 D AlarmManager: mBroadcastRefCount -> 6
10-10 04:24:49.398  2042  2042 D AlarmManager: mPendingIntent -> PendingIntent{f9b8a79: PendingIntentRecord{c0103be android broadcastIntent}}
10-10 04:24:49.399  2042  6997 D ActivityManager: checkAllowBackground: uid=10137 pkg=com.xiaomi.xmsf rec=UidRecord{59b2293 u0a137 IMPF change:procadj procs:0 seq(1007931,280958)} caps=------ always=false idle=false
10-10 04:24:49.400  2042  2042 D AlarmManager: mBroadcastRefCount -> 5
10-10 04:24:49.400  2042  2042 D AlarmManager: mPendingIntent -> null
10-10 04:24:49.401  2042  2042 D AlarmManager: mBroadcastRefCount -> 4
10-10 04:24:49.401  2042  2042 D AlarmManager: mPendingIntent -> PendingIntent{83b9c7b: PendingIntentRecord{65c281b com.miui.securitycenter startService}}
10-10 04:24:49.401  2042  2042 D AlarmManager: mBroadcastRefCount -> 3
10-10 04:24:49.401  2042  2042 D AlarmManager: mPendingIntent -> PendingIntent{7ba0a5f: PendingIntentRecord{dd98cac com.miui.powerkeeper startService}}
10-10 04:24:49.401  2042  2042 D AlarmManager: mBroadcastRefCount -> 2
10-10 04:24:49.401  2042  2042 D AlarmManager: mPendingIntent -> PendingIntent{6c37920: PendingIntentRecord{109f2fe com.miui.misightservice startService}}
10-10 04:24:49.402  2042  4541 D ActivityManager: checkAllowBackground: uid=1000 pkg=com.miui.securitycenter rec=UidRecord{b77cac0 1000 PER  fgServices change:procadj procs:0 seq(1007944,448524)} caps=LCMNFU always=false idle=false
10-10 04:24:49.402  2042  2074 D ActivityManager: checkAllowBackground: uid=1000 pkg=android rec=UidRecord{b77cac0 1000 PER  fgServices change:procadj procs:0 seq(1007944,448524)} caps=LCMNFU always=false idle=false
10-10 04:24:49.403  2042  3123 D ActivityManager: checkAllowBackground: uid=1000 pkg=com.miui.powerkeeper rec=UidRecord{b77cac0 1000 PER  fgServices change:procadj procs:0 seq(1007944,448524)} caps=LCMNFU always=false idle=false
10-10 04:24:49.403  2042  2074 D ActivityManager: checkAllowBackground: uid=1000 pkg=android rec=UidRecord{b77cac0 1000 PER  fgServices change:procadj procs:0 seq(1007944,448524)} caps=LCMNFU always=false idle=false
10-10 04:24:49.403  4304  4304 D ArtChoreographerMonitor: invoke error.
10-10 04:24:49.404  2042  2074 D ActivityManager: checkAllowBackground: uid=1000 pkg=android rec=UidRecord{b77cac0 1000 PER  fgServices change:procadj procs:0 seq(1007944,448524)} caps=LCMNFU always=false idle=false
10-10 04:24:49.404  2042  2074 D ActivityManager: checkAllowBackground: uid=1000 pkg=android rec=UidRecord{b77cac0 1000 PER  fgServices change:procadj procs:0 seq(1007944,448524)} caps=LCMNFU always=false idle=false
10-10 04:24:49.406  2042  2074 D ActivityManager: checkAllowBackground: uid=1000 pkg=android rec=UidRecord{b77cac0 1000 PER  fgServices change:procadj procs:0 seq(1007944,448524)} caps=LCMNFU always=false idle=false
10-10 04:24:49.406  2042  2074 D ActivityManager: checkAllowBackground: uid=1000 pkg=android rec=UidRecord{b77cac0 1000 PER  fgServices change:procadj procs:0 seq(1007944,448524)} caps=LCMNFU always=false idle=false
10-10 04:24:49.406  2042  2074 D ActivityManager: checkAllowBackground: uid=1000 pkg=android rec=UidRecord{b77cac0 1000 PER  fgServices change:procadj procs:0 seq(1007944,448524)} caps=LCMNFU always=false idle=false
10-10 04:24:49.408  2042  2074 D ActivityManager: checkAllowBackground: uid=1000 pkg=android rec=UidRecord{b77cac0 1000 PER  fgServices change:procadj procs:0 seq(1007944,448524)} caps=LCMNFU always=false idle=false
10-10 04:24:49.408  2042  2074 D ActivityManager: checkAllowBackground: uid=1000 pkg=android rec=UidRecord{b77cac0 1000 PER  fgServices change:procadj procs:0 seq(1007944,448524)} caps=LCMNFU always=false idle=false
10-10 04:24:49.409  2042  2074 D ActivityManager: checkAllowBackground: uid=1000 pkg=android rec=UidRecord{b77cac0 1000 PER  fgServices change:procadj procs:0 seq(1007944,448524)} caps=LCMNFU always=false idle=false
10-10 04:24:49.409  2042  2074 D ActivityManager: checkAllowBackground: uid=1000 pkg=android rec=UidRecord{b77cac0 1000 PER  fgServices change:procadj procs:0 seq(1007944,448524)} caps=LCMNFU always=false idle=false
10-10 04:24:49.410  2042  2074 D ActivityManager: checkAllowBackground: uid=1000 pkg=android rec=UidRecord{b77cac0 1000 PER  fgServices change:procadj procs:0 seq(1007944,448524)} caps=LCMNFU always=false idle=false
10-10 04:24:49.411  2042  2074 D ActivityManager: checkAllowBackground: uid=1000 pkg=android rec=UidRecord{b77cac0 1000 PER  fgServices change:procadj procs:0 seq(1007944,448524)} caps=LCMNFU always=false idle=false
10-10 04:24:49.412  2042  2074 D ActivityManager: checkAllowBackground: uid=1000 pkg=android rec=UidRecord{b77cac0 1000 PER  fgServices change:procadj procs:0 seq(1007944,448524)} caps=LCMNFU always=false idle=false
10-10 04:24:49.412  2042  2074 D ActivityManager: checkAllowBackground: uid=1000 pkg=android rec=UidRecord{b77cac0 1000 PER  fgServices change:procadj procs:0 seq(1007944,448524)} caps=LCMNFU always=false idle=false
10-10 04:24:49.413  2042  2074 D ActivityManager: checkAllowBackground: uid=1000 pkg=android rec=UidRecord{b77cac0 1000 PER  fgServices change:procadj procs:0 seq(1007944,448524)} caps=LCMNFU always=false idle=false
10-10 04:24:49.413  2042  2074 D ActivityManager: checkAllowBackground: uid=1000 pkg=android rec=UidRecord{b77cac0 1000 PER  fgServices change:procadj procs:0 seq(1007944,448524)} caps=LCMNFU always=false idle=false
10-10 04:24:49.414  2042  2074 D ActivityManager: checkAllowBackground: uid=1000 pkg=android rec=UidRecord{b77cac0 1000 PER  fgServices change:procadj procs:0 seq(1007944,448524)} caps=LCMNFU always=false idle=false
10-10 04:24:49.414  2042  2074 D ActivityManager: checkAllowBackground: uid=1000 pkg=android rec=UidRecord{b77cac0 1000 PER  fgServices change:procadj procs:0 seq(1007944,448524)} caps=LCMNFU always=false idle=false
10-10 04:24:49.414  2042  2074 D ActivityManager: checkAllowBackground: uid=1000 pkg=android rec=UidRecord{b77cac0 1000 PER  fgServices change:procadj procs:0 seq(1007944,448524)} caps=LCMNFU always=false idle=false
10-10 04:24:49.414  2042  2074 D ActivityManager: checkAllowBackground: uid=1000 pkg=android rec=UidRecord{b77cac0 1000 PER  fgServices change:procadj procs:0 seq(1007944,448524)} caps=LCMNFU always=false idle=false
10-10 04:24:49.415  2042  2074 D ActivityManager: checkAllowBackground: uid=1000 pkg=android rec=UidRecord{b77cac0 1000 PER  fgServices change:procadj procs:0 seq(1007944,448524)} caps=LCMNFU always=false idle=false
10-10 04:24:49.415  2042  2042 D AlarmManager: mBroadcastRefCount -> 1
10-10 04:24:49.415  2042  2042 D AlarmManager: mPendingIntent -> PendingIntent{1f4712f: PendingIntentRecord{8eab33c android broadcastIntent}}
10-10 04:24:49.415  2042  2074 D ActivityManager: checkAllowBackground: uid=1000 pkg=android rec=UidRecord{b77cac0 1000 PER  fgServices change:procadj procs:0 seq(1007944,448524)} caps=LCMNFU always=false idle=false
10-10 04:24:49.415  2042  2074 D ActivityManager: checkAllowBackground: uid=1000 pkg=android rec=UidRecord{b77cac0 1000 PER  fgServices change:procadj procs:0 seq(1007944,448524)} caps=LCMNFU always=false idle=false
10-10 04:24:49.416  2042  2074 D ActivityManager: checkAllowBackground: uid=1000 pkg=android rec=UidRecord{b77cac0 1000 PER  fgServices change:procadj procs:0 seq(1007944,448524)} caps=LCMNFU always=false idle=false
10-10 04:24:49.416  2042  2074 D ActivityManager: checkAllowBackground: uid=1000 pkg=android rec=UidRecord{b77cac0 1000 PER  fgServices change:procadj procs:0 seq(1007944,448524)} caps=LCMNFU always=false idle=false
10-10 04:24:49.416  2042  2074 D ActivityManager: checkAllowBackground: uid=1000 pkg=android rec=UidRecord{b77cac0 1000 PER  fgServices change:procadj procs:0 seq(1007944,448524)} caps=LCMNFU always=false idle=false
10-10 04:24:49.416  2042  2074 D ActivityManager: checkAllowBackground: uid=1000 pkg=android rec=UidRecord{b77cac0 1000 PER  fgServices change:procadj procs:0 seq(1007944,448524)} caps=LCMNFU always=false idle=false
10-10 04:24:49.416  2042  2074 D ActivityManager: checkAllowBackground: uid=1000 pkg=android rec=UidRecord{b77cac0 1000 PER  fgServices change:procadj procs:0 seq(1007944,448524)} caps=LCMNFU always=false idle=false
10-10 04:24:49.417  2042  2074 D ActivityManager: checkAllowBackground: uid=1000 pkg=android rec=UidRecord{b77cac0 1000 PER  fgServices change:procadj procs:0 seq(1007944,448524)} caps=LCMNFU always=false idle=false
10-10 04:24:49.417  2042  2074 D ActivityManager: checkAllowBackground: uid=1000 pkg=android rec=UidRecord{b77cac0 1000 PER  fgServices change:procadj procs:0 seq(1007944,448524)} caps=LCMNFU always=false idle=false
10-10 04:24:49.417  2042  2074 D ActivityManager: checkAllowBackground: uid=1000 pkg=android rec=UidRecord{b77cac0 1000 PER  fgServices change:procadj procs:0 seq(1007944,448524)} caps=LCMNFU always=false idle=false
10-10 04:24:49.417  2042  2074 D ActivityManager: checkAllowBackground: uid=1000 pkg=android rec=UidRecord{b77cac0 1000 PER  fgServices change:procadj procs:0 seq(1007944,448524)} caps=LCMNFU always=false idle=false
10-10 04:24:49.417  2042  2074 D ActivityManager: checkAllowBackground: uid=1000 pkg=android rec=UidRecord{b77cac0 1000 PER  fgServices change:procadj procs:0 seq(1007944,448524)} caps=LCMNFU always=false idle=false
10-10 04:24:49.418  2042  2042 D AlarmManager: mBroadcastRefCount -> 0
10-10 04:24:49.418  2042  2042 D AlarmManager: mPendingIntent -> PendingIntent{d314a98: PendingIntentRecord{7ec6dae com.xiaomi.xmsf broadcastIntent}}
10-10 04:24:49.619  4304  4304 D ArtChoreographerMonitor: invoke error.
10-10 04:28:29.937  2042  2074 D ActivityManager: checkAllowBackground: uid=1000 pkg=android rec=UidRecord{b77cac0 1000 PER  fgServices change:procadj procs:0 seq(1007944,448524)} caps=LCMNFU always=false idle=false
10-10 04:28:29.937  2042  2074 D ActivityManager: checkAllowBackground: uid=1000 pkg=android rec=UidRecord{b77cac0 1000 PER  fgServices change:procadj procs:0 seq(1007944,448524)} caps=LCMNFU always=false idle=false
10-10 04:28:29.937  2042  3123 D ActivityManager: checkAllowBackground: uid=1000 pkg=com.miui.powerkeeper rec=UidRecord{b77cac0 1000 PER  fgServices change:procadj procs:0 seq(1007944,448524)} caps=LCMNFU always=false idle=false
10-10 04:28:29.938  2042  2074 D ActivityManager: checkAllowBackground: uid=1000 pkg=android rec=UidRecord{b77cac0 1000 PER  fgServices change:procadj procs:0 seq(1007944,448524)} caps=LCMNFU always=false idle=false
10-10 04:28:29.938  2042  2074 D ActivityManager: checkAllowBackground: uid=1000 pkg=android rec=UidRecord{b77cac0 1000 PER  fgServices change:procadj procs:0 seq(1007944,448524)} caps=LCMNFU always=false idle=false
10-10 04:28:29.938  2042  2074 D ActivityManager: checkAllowBackground: uid=1000 pkg=android rec=UidRecord{b77cac0 1000 PER  fgServices change:procadj procs:0 seq(1007944,448524)} caps=LCMNFU always=false idle=false
10-10 04:28:29.939  2042  2074 D ActivityManager: checkAllowBackground: uid=1000 pkg=android rec=UidRecord{b77cac0 1000 PER  fgServices change:procadj procs:0 seq(1007944,448524)} caps=LCMNFU always=false idle=false
10-10 04:28:29.939  2042  2074 D ActivityManager: checkAllowBackground: uid=1000 pkg=android rec=UidRecord{b77cac0 1000 PER  fgServices change:procadj procs:0 seq(1007944,448524)} caps=LCMNFU always=false idle=false
10-10 04:28:29.939  2042  2074 D ActivityManager: checkAllowBackground: uid=1000 pkg=android rec=UidRecord{b77cac0 1000 PER  fgServices change:procadj procs:0 seq(1007944,448524)} caps=LCMNFU always=false idle=false
10-10 04:28:29.940  2042  2074 D ActivityManager: checkAllowBackground: uid=1000 pkg=android rec=UidRecord{b77cac0 1000 PER  fgServices change:procadj procs:0 seq(1007944,448524)} caps=LCMNFU always=false idle=false
10-10 04:28:29.940  2042  2074 D ActivityManager: checkAllowBackground: uid=1000 pkg=android rec=UidRecord{b77cac0 1000 PER  fgServices change:procadj procs:0 seq(1007944,448524)} caps=LCMNFU always=false idle=false
10-10 04:28:29.941  2042  2074 D ActivityManager: checkAllowBackground: uid=1000 pkg=android rec=UidRecord{b77cac0 1000 PER  fgServices change:procadj procs:0 seq(1007944,448524)} caps=LCMNFU always=false idle=false
10-10 04:28:29.941  2042  2074 D ActivityManager: checkAllowBackground: uid=1000 pkg=android rec=UidRecord{b77cac0 1000 PER  fgServices change:procadj procs:0 seq(1007944,448524)} caps=LCMNFU always=false idle=false
10-10 04:28:29.941  2042  2074 D ActivityManager: checkAllowBackground: uid=1000 pkg=android rec=UidRecord{b77cac0 1000 PER  fgServices change:procadj procs:0 seq(1007944,448524)} caps=LCMNFU always=false idle=false
10-10 04:28:29.942  2042  2074 D ActivityManager: checkAllowBackground: uid=1000 pkg=android rec=UidRecord{b77cac0 1000 PER  fgServices change:procadj procs:0 seq(1007944,448524)} caps=LCMNFU always=false idle=false
10-10 04:28:29.942  2042  2074 D ActivityManager: checkAllowBackground: uid=1000 pkg=android rec=UidRecord{b77cac0 1000 PER  fgServices change:procadj procs:0 seq(1007944,448524)} caps=LCMNFU always=false idle=false
10-10 04:28:29.942  2042  9046 I SmartPower: com.google.process.gservices/10163(20972): idle->background(49327ms) R(content provider start ContentProviderRecord{964db15 u0 com.google.android.gsf/.gservices.GservicesProvider}) adj=915.
10-10 04:28:29.943  2042  2074 D ActivityManager: checkAllowBackground: uid=1000 pkg=android rec=UidRecord{b77cac0 1000 PER  fgServices change:procadj procs:0 seq(1007944,448524)} caps=LCMNFU always=false idle=false
10-10 04:28:29.943  2042  2074 D ActivityManager: checkAllowBackground: uid=1000 pkg=android rec=UidRecord{b77cac0 1000 PER  fgServices change:procadj procs:0 seq(1007944,448524)} caps=LCMNFU always=false idle=false
10-10 04:28:29.943  2042  2074 D ActivityManager: checkAllowBackground: uid=1000 pkg=android rec=UidRecord{b77cac0 1000 PER  fgServices change:procadj procs:0 seq(1007944,448524)} caps=LCMNFU always=false idle=false
10-10 04:28:29.944  2042  2074 D ActivityManager: checkAllowBackground: uid=1000 pkg=android rec=UidRecord{b77cac0 1000 PER  fgServices change:procadj procs:0 seq(1007944,448524)} caps=LCMNFU always=false idle=false
10-10 04:28:29.944  2042  2074 D ActivityManager: checkAllowBackground: uid=1000 pkg=android rec=UidRecord{b77cac0 1000 PER  fgServices change:procadj procs:0 seq(1007944,448524)} caps=LCMNFU always=false idle=false
10-10 04:28:29.945  2042  2074 D ActivityManager: checkAllowBackground: uid=1000 pkg=android rec=UidRecord{b77cac0 1000 PER  fgServices change:procadj procs:0 seq(1007944,448524)} caps=LCMNFU always=false idle=false
10-10 04:28:29.945  2042  2074 D ActivityManager: checkAllowBackground: uid=1000 pkg=android rec=UidRecord{b77cac0 1000 PER  fgServices change:procadj procs:0 seq(1007944,448524)} caps=LCMNFU always=false idle=false
10-10 04:28:29.945  2042  2074 D ActivityManager: checkAllowBackground: uid=1000 pkg=android rec=UidRecord{b77cac0 1000 PER  fgServices change:procadj procs:0 seq(1007944,448524)} caps=LCMNFU always=false idle=false
10-10 04:28:29.946  2042  2074 D ActivityManager: checkAllowBackground: uid=1000 pkg=android rec=UidRecord{b77cac0 1000 PER  fgServices change:procadj procs:0 seq(1007944,448524)} caps=LCMNFU always=false idle=false
10-10 04:28:29.946  2042  2074 D ActivityManager: checkAllowBackground: uid=1000 pkg=android rec=UidRecord{b77cac0 1000 PER  fgServices change:procadj procs:0 seq(1007944,448524)} caps=LCMNFU always=false idle=false
10-10 04:28:29.946  2042  2074 D ActivityManager: checkAllowBackground: uid=1000 pkg=android rec=UidRecord{b77cac0 1000 PER  fgServices change:procadj procs:0 seq(1007944,448524)} caps=LCMNFU always=false idle=false
10-10 04:28:29.947  2042  2074 D ActivityManager: checkAllowBackground: uid=1000 pkg=android rec=UidRecord{b77cac0 1000 PER  fgServices change:procadj procs:0 seq(1007944,448524)} caps=LCMNFU always=false idle=false
10-10 04:28:29.947  2042  2074 D ActivityManager: checkAllowBackground: uid=1000 pkg=android rec=UidRecord{b77cac0 1000 PER  fgServices change:procadj procs:0 seq(1007944,448524)} caps=LCMNFU always=false idle=false
10-10 04:28:29.948  2042  2074 D ActivityManager: checkAllowBackground: uid=1000 pkg=android rec=UidRecord{b77cac0 1000 PER  fgServices change:procadj procs:0 seq(1007944,448524)} caps=LCMNFU always=false idle=false
10-10 04:28:29.948  2042  2074 D ActivityManager: checkAllowBackground: uid=1000 pkg=android rec=UidRecord{b77cac0 1000 PER  fgServices change:procadj procs:0 seq(1007944,448524)} caps=LCMNFU always=false idle=false
10-10 04:28:29.948  2042  2074 D ActivityManager: checkAllowBackground: uid=1000 pkg=android rec=UidRecord{b77cac0 1000 PER  fgServices change:procadj procs:0 seq(1007944,448524)} caps=LCMNFU always=false idle=false
10-10 04:28:29.948  2042  2074 D ActivityManager: checkAllowBackground: uid=1000 pkg=android rec=UidRecord{b77cac0 1000 PER  fgServices change:procadj procs:0 seq(1007944,448524)} caps=LCMNFU always=false idle=false
10-10 04:32:09.803  2042  9046 I SmartPower: com.google.android.gms/10163(28832): idle->background(42016ms) R(service unbind com.google.android.gms/.chimera.GmsInternalBoundBrokerService) adj=600.
10-10 04:34:49.372  2042  2042 D UiModeManager: updateConfigurationLocked: mDockState=0; mCarMode=false; mCar=false; mPowerSave=false; mOverrideNightModeOn=false; mOverrideNightModeOff=false; mComputedNightMode=false; mNightMode=1; uiMode=17
10-10 04:34:49.376  2042  3123 D AlarmManager: mBroadcastRefCount -> 1
