07-24 14:10:00.093  2368  2368 W WiredAccessoryManager: checkCableIndex set cable 0
07-24 14:10:00.093  2368  2368 E WiredAccessoryManager: set dev_index 0
07-24 14:10:00.093  2368  2368 W WiredAccessoryManager: checkCableIndex set cable 0
07-24 14:10:00.094  2368  2368 I SystemServerTiming: StartMidiManager
07-24 14:10:00.094  2368  2368 I SystemServiceManager: Starting com.android.server.midi.MidiService$Lifecycle
07-24 14:10:00.094  2368  2368 I SystemServerTiming: StartAdbService
07-24 14:10:00.095  2368  2368 I SystemServiceManager: Starting com.android.server.adb.AdbService$Lifecycle
07-24 14:10:00.096  2368  2368 I SystemServerTiming: StartUsbService
07-24 14:10:00.096  2368  2368 I SystemServiceManager: Starting com.android.server.usb.UsbService$Lifecycle
07-24 14:10:00.097  2368  2368 I SystemServerTiming: StartSerialService
07-24 14:10:00.097  2368  2524 I SystemServerTimingAsync: InitThreadPoolExec:UsbService$Lifecycle#onStart
07-24 14:10:00.097  2368  2368 I SystemServerTiming: StartHardwarePropertiesManagerService
07-24 14:10:00.098  2368  2524 E UsbDeviceManager: failed to write to /sys/class/android_usb/android0/f_rndis/ethaddr
07-24 14:10:00.099  2368  2368 I SystemServerTiming: StartTwilightService
07-24 14:10:00.099  2368  2368 I SystemServiceManager: Starting com.android.server.twilight.TwilightService
07-24 14:10:00.099  2368  2368 I SystemServerTiming: StartColorDisplay
07-24 14:10:00.099  2368  2368 I SystemServiceManager: Starting com.android.server.display.color.ColorDisplayService
07-24 14:10:00.100  2368  2524 I UsbDeviceManager: USB GADGET HAL not present in the device
07-24 14:10:00.100  2368  2524 I UsbDeviceManager: java.util.NoSuchElementException
07-24 14:10:00.100  2368  2524 I UsbDeviceManager: 	at android.os.HwBinder.getService(Native Method)
07-24 14:10:00.100  2368  2524 I UsbDeviceManager: 	at android.hardware.usb.gadget.V1_0.IUsbGadget.getService(IUsbGadget.java:57)
07-24 14:10:00.100  2368  2524 I UsbDeviceManager: 	at android.hardware.usb.gadget.V1_0.IUsbGadget.getService(IUsbGadget.java:64)
07-24 14:10:00.100  2368  2524 I UsbDeviceManager: 	at com.android.server.usb.UsbDeviceManager.<init>(UsbDeviceManager.java:301)
07-24 14:10:00.100  2368  2524 I UsbDeviceManager: 	at com.android.server.usb.UsbService.<init>(UsbService.java:178)
07-24 14:10:00.100  2368  2524 I UsbDeviceManager: 	at com.android.server.usb.UsbService$Lifecycle.lambda$onStart$0$UsbService$Lifecycle(UsbService.java:92)
07-24 14:10:00.100  2368  2524 I UsbDeviceManager: 	at com.android.server.usb.UsbService$Lifecycle$$ExternalSyntheticLambda1.run(Unknown Source:2)
07-24 14:10:00.100  2368  2524 I UsbDeviceManager: 	at com.android.server.SystemServerInitThreadPool.lambda$submitTask$0$SystemServerInitThreadPool(SystemServerInitThreadPool.java:105)
07-24 14:10:00.100  2368  2524 I UsbDeviceManager: 	at com.android.server.SystemServerInitThreadPool$$ExternalSyntheticLambda0.run(Unknown Source:6)
07-24 14:10:00.100  2368  2524 I UsbDeviceManager: 	at java.util.concurrent.Executors$RunnableAdapter.call(Executors.java:487)
07-24 14:10:00.100  2368  2524 I UsbDeviceManager: 	at java.util.concurrent.FutureTask.run(FutureTask.java:264)
07-24 14:10:00.100  2368  2524 I UsbDeviceManager: 	at java.util.concurrent.ThreadPoolExecutor.runWorker(ThreadPoolExecutor.java:1145)
07-24 14:10:00.100  2368  2524 I UsbDeviceManager: 	at java.util.concurrent.ThreadPoolExecutor$Worker.run(ThreadPoolExecutor.java:644)
07-24 14:10:00.100  2368  2524 I UsbDeviceManager: 	at com.android.internal.util.ConcurrentUtils$1$1.run(ConcurrentUtils.java:65)
07-24 14:10:00.101  2368  2368 I SystemServerTiming: StartJobScheduler
07-24 14:10:00.101  2368  2368 I SystemServiceManager: Starting com.android.server.job.JobSchedulerService
07-24 14:10:00.103  2368  2524 W StorageManagerService: No primary storage defined yet; hacking together a stub
07-24 14:10:00.105  2368  2368 D JobStore: Start tag: job-info
07-24 14:10:00.106  2368  2622 I UsbPortManager: Usb hal service started android.hardware.usb@1.0::IUsb default
07-24 14:10:00.115  2368  2622 I UsbPortManager: USB HAL version: 12
07-24 14:10:00.118  2368  2368 W JobStore: Periodic job for uid='10067' persisted run-time is too big [00:32, 2562047788015:12:55]. Clamping to [24:00:32,48:00:32]
07-24 14:10:00.121  2368  2368 W JobStore: Periodic job for uid='1000' persisted run-time is too big [108:15:29, 113:22:15]. Clamping to [102:15:57,107:22:43]
07-24 14:10:00.123  2368  2368 W JobStore: Periodic job for uid='1000' persisted run-time is too big [1111:37:59, 1147:37:59]. Clamping to [720:00:32,756:00:32]
07-24 14:10:00.125  2368  2368 W JobStore: Periodic job for uid='1000' persisted run-time is too big [196:27:13, 202:22:34]. Clamping to [118:27:32,124:22:53]
07-24 14:10:00.129  2368  2368 I JobStore: Read 156 jobs
07-24 14:10:00.131  2368  2368 D CompatibilityChangeReporter: Compat change id reported: 319212206; UID 1000; state: DISABLED
07-24 14:10:00.136  2368  2368 I SystemServerTiming: StartSoundTrigger
07-24 14:10:00.136  2368  2368 I SystemServiceManager: Starting com.android.server.soundtrigger.SoundTriggerService
07-24 14:10:00.137  2368  2368 I SystemServerTiming: StartTrustManager
07-24 14:10:00.137  2368  2368 I SystemServiceManager: Starting com.android.server.trust.TrustManagerService
07-24 14:10:00.162  2368  2368 I WakePathChecker: updateLauncherPackageNames =com.mi.android.globallauncher
07-24 14:10:00.162  2368  2368 I WakePathChecker: updateLauncherPackageNames =com.android.settings
07-24 14:10:00.165  2368  2368 I SystemServiceManager: Starting com.miui.server.MiuiInitServer$Lifecycle
07-24 14:10:00.252  2368  2527 W MiuiCompatModePackages: Error reading compat-packages
07-24 14:10:00.252  2368  2527 W MiuiCompatModePackages: java.io.FileNotFoundException: /data/system/cutout-mode.xml: open failed: ENOENT (No such file or directory)
07-24 14:10:00.252  2368  2527 W MiuiCompatModePackages: 	at libcore.io.IoBridge.open(IoBridge.java:574)
07-24 14:10:00.252  2368  2527 W MiuiCompatModePackages: 	at java.io.FileInputStream.<init>(FileInputStream.java:179)
07-24 14:10:00.252  2368  2527 W MiuiCompatModePackages: 	at android.util.AtomicFile.openRead(AtomicFile.java:260)
07-24 14:10:00.252  2368  2527 W MiuiCompatModePackages: 	at com.miui.server.MiuiCompatModePackages.readCutoutModeConfig(MiuiCompatModePackages.java:318)
07-24 14:10:00.252  2368  2527 W MiuiCompatModePackages: 	at com.miui.server.MiuiCompatModePackages.access$000(MiuiCompatModePackages.java:60)
07-24 14:10:00.252  2368  2527 W MiuiCompatModePackages: 	at com.miui.server.MiuiCompatModePackages$CompatHandler.handleMessage(MiuiCompatModePackages.java:125)
07-24 14:10:00.252  2368  2527 W MiuiCompatModePackages: 	at android.os.Handler.dispatchMessage(Handler.java:106)
07-24 14:10:00.252  2368  2527 W MiuiCompatModePackages: 	at android.os.Looper.loopOnce(Looper.java:211)
07-24 14:10:00.252  2368  2527 W MiuiCompatModePackages: 	at android.os.Looper.loop(Looper.java:300)
07-24 14:10:00.252  2368  2527 W MiuiCompatModePackages: 	at android.os.HandlerThread.run(HandlerThread.java:67)
07-24 14:10:00.252  2368  2527 W MiuiCompatModePackages: 	at com.android.server.ServiceThread.run(ServiceThread.java:46)
07-24 14:10:00.252  2368  2527 W MiuiCompatModePackages: Caused by: android.system.ErrnoException: open failed: ENOENT (No such file or directory)
07-24 14:10:00.252  2368  2527 W MiuiCompatModePackages: 	at libcore.io.Linux.open(Native Method)
07-24 14:10:00.252  2368  2527 W MiuiCompatModePackages: 	at libcore.io.ForwardingOs.open(ForwardingOs.java:563)
07-24 14:10:00.252  2368  2527 W MiuiCompatModePackages: 	at libcore.io.BlockGuardOs.open(BlockGuardOs.java:274)
07-24 14:10:00.252  2368  2527 W MiuiCompatModePackages: 	at libcore.io.IoBridge.open(IoBridge.java:560)
07-24 14:10:00.252  2368  2527 W MiuiCompatModePackages: 	... 10 more
07-24 14:10:00.253  2368  2368 I SystemServiceManager: Starting com.miui.server.BackupManagerService$Lifecycle
07-24 14:10:00.253  2368  2527 W MiuiCompatModePackages: Error reading compat-packages
07-24 14:10:00.253  2368  2527 W MiuiCompatModePackages: java.io.FileNotFoundException: /data/system/miui-specail-mode-v2.xml: open failed: ENOENT (No such file or directory)
07-24 14:10:00.253  2368  2527 W MiuiCompatModePackages: 	at libcore.io.IoBridge.open(IoBridge.java:574)
07-24 14:10:00.253  2368  2527 W MiuiCompatModePackages: 	at java.io.FileInputStream.<init>(FileInputStream.java:179)
07-24 14:10:00.253  2368  2527 W MiuiCompatModePackages: 	at android.util.AtomicFile.openRead(AtomicFile.java:260)
07-24 14:10:00.253  2368  2527 W MiuiCompatModePackages: 	at com.miui.server.MiuiCompatModePackages.readSpecialModeConfig(MiuiCompatModePackages.java:261)
07-24 14:10:00.253  2368  2527 W MiuiCompatModePackages: 	at com.miui.server.MiuiCompatModePackages.access$100(MiuiCompatModePackages.java:60)
07-24 14:10:00.253  2368  2527 W MiuiCompatModePackages: 	at com.miui.server.MiuiCompatModePackages$CompatHandler.handleMessage(MiuiCompatModePackages.java:126)
07-24 14:10:00.253  2368  2527 W MiuiCompatModePackages: 	at android.os.Handler.dispatchMessage(Handler.java:106)
07-24 14:10:00.253  2368  2527 W MiuiCompatModePackages: 	at android.os.Looper.loopOnce(Looper.java:211)
07-24 14:10:00.253  2368  2527 W MiuiCompatModePackages: 	at android.os.Looper.loop(Looper.java:300)
07-24 14:10:00.253  2368  2527 W MiuiCompatModePackages: 	at android.os.HandlerThread.run(HandlerThread.java:67)
07-24 14:10:00.253  2368  2527 W MiuiCompatModePackages: 	at com.android.server.ServiceThread.run(ServiceThread.java:46)
07-24 14:10:00.253  2368  2527 W MiuiCompatModePackages: Caused by: android.system.ErrnoException: open failed: ENOENT (No such file or directory)
07-24 14:10:00.253  2368  2527 W MiuiCompatModePackages: 	at libcore.io.Linux.open(Native Method)
07-24 14:10:00.253  2368  2527 W MiuiCompatModePackages: 	at libcore.io.ForwardingOs.open(ForwardingOs.java:563)
07-24 14:10:00.253  2368  2527 W MiuiCompatModePackages: 	at libcore.io.BlockGuardOs.open(BlockGuardOs.java:274)
07-24 14:10:00.253  2368  2527 W MiuiCompatModePackages: 	at libcore.io.IoBridge.open(IoBridge.java:560)
07-24 14:10:00.253  2368  2527 W MiuiCompatModePackages: 	... 10 more
07-24 14:10:00.253  2368  2368 I Backup:BackupManagerService: init, onStart
07-24 14:10:00.254  2368  2368 I SystemServiceManager: Starting com.miui.server.stepcounter.StepCounterManagerService
07-24 14:10:00.254  2368  2368 I StepCounterManagerService: Create StepCounterManagerService success 0
07-24 14:10:00.259  2368  2368 I StepCounterManagerService: onStart success isRegisterDetectorListener=true
07-24 14:10:00.260  2368  2368 D WMServiceConnection: schedule bind in 60000ms
07-24 14:10:00.261  2368  2368 D SFCloudService: init SFCloudService
07-24 14:10:00.261  2368  2947 D SFCloudService: SF get the ScrollFrictionFactor from cloudControler: null
07-24 14:10:00.261  2368  2528 D PerfShielderService: mUftEnable false
07-24 14:10:00.266  2368  2368 I SystemServiceManager: Starting com.miui.server.car.MiuiCarService$Lifecycle
07-24 14:10:00.266  2368  2574 I SystemServerTimingAsync: InitThreadPoolExec:MiuiCarService$Lifecycle#onStart
07-24 14:10:00.271  2368  2368 W CameraAffinityController: can not find root /sys/module/turbo_sched/parameters
07-24 14:10:00.293  2368  2368 W CameraAffinityController: can not find files /dev/cpuctl/background/untrustedapp/cpu.shares
07-24 14:10:00.295  2368  2368 D RTMode  : init RealTimeModeController
07-24 14:10:00.297  2368  2368 E MiuiCldService: Transaction failed: java.util.NoSuchElementException
07-24 14:10:00.297  2368  2368 E MiuiCldService: initCallback failed.
07-24 14:10:00.300  2368  2368 D MiuiFboService: use MiuiFboService(Context context) mContextandroid.app.ContextImpl@b42f9d8
07-24 14:10:00.303  2368  2368 I SystemServiceManager: Starting com.android.server.pc.MiuiPcService
07-24 14:10:00.308  2368  2368 I SystemServiceManager: Starting com.android.server.display.ScreenEffectService
07-24 14:10:00.309  2368  2368 D DisplayFeatureManager: initProxyLoced CONFIG_SERVICENAME_RESOURCEID = 0 hidlServiceName = vendor.xiaomi.hardware.displayfeature@1.0::IDisplayFeature
07-24 14:10:00.318  2368  2368 D SmartPower: sync cloud control power_pkg_white_list null
07-24 14:10:00.319  2368  2368 D SmartPower: sync cloud control power_proc_white_list null
07-24 14:10:00.319  2368  2368 D SmartPower: sync cloud control power_screenon_white_list null
07-24 14:10:00.319  2368  2368 D SmartPower: sync cloud control power_broadcast_white_list null
07-24 14:10:00.319  2368  2368 D SmartPower: sync cloud control power_alarm_white_list null
07-24 14:10:00.320  2368  2368 I SystemServerTiming: StartBackupManager
07-24 14:10:00.320  2368  2368 I SystemServiceManager: Starting com.android.server.backup.BackupManagerService$Lifecycle
07-24 14:10:00.322  2368  2368 I SystemServerTiming: StartAppWidgetService
07-24 14:10:00.322  2368  2368 I SystemServiceManager: Starting com.android.server.appwidget.AppWidgetService
07-24 14:10:00.324  2368  2368 I SystemServerTiming: StartVoiceRecognitionManager
07-24 14:10:00.324  2368  2368 I SystemServiceManager: Starting com.android.server.voiceinteraction.VoiceInteractionManagerService
07-24 14:10:00.339  2368  2368 I SystemServerTiming: StartAppHibernationService
07-24 14:10:00.340  2368  2368 I SystemServiceManager: Starting com.android.server.apphibernation.AppHibernationService
07-24 14:10:00.341  2368  2368 I SystemServerTiming: StartGestureLauncher
07-24 14:10:00.341  2368  2368 I SystemServiceManager: Starting com.android.server.GestureLauncherService
07-24 14:10:00.341  2368  2368 I SystemServerTiming: StartSensorNotification
07-24 14:10:00.342  2368  2368 I SystemServiceManager: Starting com.android.server.SensorNotificationService
07-24 14:10:00.342  2368  2368 I SystemServerTiming: StartDiskStatsService
07-24 14:10:00.343  2368  2368 I SystemServerTiming: RuntimeService
07-24 14:10:00.343  2368  2368 I SystemServerTiming: StartNetworkTimeUpdateService
07-24 14:10:00.344  2368  2368 I SystemServerTiming: CertBlacklister
07-24 14:10:00.345  2368  2368 I SystemServerTiming: StartEmergencyAffordanceService
07-24 14:10:00.345  2368  2368 I SystemServiceManager: Starting com.android.server.emergency.EmergencyAffordanceService
07-24 14:10:00.345  2368  2368 I SystemServerTiming: startBlobStoreManagerService
07-24 14:10:00.346  2368  2368 I SystemServiceManager: Starting com.android.server.blob.BlobStoreManagerService
07-24 14:10:00.347  2368  2368 I SystemServerTiming: StartDreamManager
07-24 14:10:00.347  2368  2368 I SystemServiceManager: Starting com.android.server.dreams.DreamManagerService
07-24 14:10:00.348  2368  2368 I SystemServerTiming: AddGraphicsStatsService
07-24 14:10:00.351  2368  2368 I SystemServerTiming: StartPrintManager
07-24 14:10:00.351  2368  2368 I SystemServiceManager: Starting com.android.server.print.PrintManagerService
07-24 14:10:00.353  2368  2368 I SystemServerTiming: StartCompanionDeviceManager
07-24 14:10:00.354  2368  2368 I SystemServiceManager: Starting com.android.server.companion.CompanionDeviceManagerService
07-24 14:10:00.355  2368  2368 I SystemServerTiming: StartRestrictionManager
07-24 14:10:00.355  2368  2368 I SystemServiceManager: Starting com.android.server.restrictions.RestrictionsManagerService
07-24 14:10:00.356  2368  2368 I SystemServerTiming: StartMediaSessionService
07-24 14:10:00.356  2368  2368 I SystemServiceManager: Starting com.android.server.media.MediaSessionService
07-24 14:10:00.358  2368  2368 I SystemServerTiming: StartMediaResourceMonitor
07-24 14:10:00.358  2368  2368 I SystemServiceManager: Starting com.android.server.media.MediaResourceMonitorService
07-24 14:10:00.358  2368  2368 I SystemServerTiming: StartMediaRouterService
07-24 14:10:00.360  2368  2368 I SystemServerTiming: StartFingerprintSensor
07-24 14:10:00.360  2368  2368 I SystemServiceManager: Starting com.android.server.biometrics.sensors.fingerprint.FingerprintService
07-24 14:10:00.361  2368  2368 I SystemServerTiming: StartBiometricService
07-24 14:10:00.361  2368  2368 I SystemServiceManager: Starting com.android.server.biometrics.BiometricService
07-24 14:10:00.363  2368  2368 I SystemServerTiming: StartAuthService
07-24 14:10:00.363  2368  2368 I SystemServiceManager: Starting com.android.server.biometrics.AuthService
07-24 14:10:00.364  2368  2368 D AuthService: Registering HIDL ID: 0 Modality: 2 Strength: 15
07-24 14:10:00.365  2368  2368 I SystemServerTiming: StartBackgroundDexOptService
07-24 14:10:00.366  2368  2368 I SystemServerTiming: StartDynamicCodeLoggingService
07-24 14:10:00.367  2368  2368 I SystemServerTiming: StartPruneInstantAppsJobService
07-24 14:10:00.367  2368  2970 I PowerFingerPrintServiceStubImpl: startExtCmd cmd: 12 param: 0 result:0
07-24 14:10:00.367  2368  2368 I SystemServerTiming: StartShortcutServiceLifecycle
07-24 14:10:00.367  2368  2368 I SystemServiceManager: Starting com.android.server.pm.ShortcutService$Lifecycle
07-24 14:10:00.368  2368  2970 I PowerFingerPrintServiceStubImpl: startExtCmd cmd: 12 param: 0 result:0
07-24 14:10:00.368  2368  2970 D PowerFingerPrintServiceStubImpl: setChangeListener
07-24 14:10:00.369  2368  2970 D BiometricService: Registering ID: 0 Modality: 2 Strength: 15
07-24 14:10:00.369  2368  2368 I SystemServerTiming: StartLauncherAppsService
07-24 14:10:00.369  2368  2368 I SystemServiceManager: Starting com.android.server.pm.LauncherAppsService
07-24 14:10:00.370  2368  2970 D BiometricStrengthController: updateStrengths: revert sensorId=0 to oemStrength=15
07-24 14:10:00.370  2368  2970 D BiometricService/Sensor: updateStrength: Before(ID(0), oemStrength: 15, updatedStrength: 15, modality 2, state: 0, cookie: 0, props: ID: 0, Strength: 2, Type: 4) After(ID(0), oemStrength: 15, updatedStrength: 15, modality 2, state: 0, cookie: 0, props: ID: 0, Strength: 2, Type: 4)
07-24 14:10:00.372  2368  2368 I SystemServerTiming: StartCrossProfileAppsService
07-24 14:10:00.372  2368  2368 I SystemServiceManager: Starting com.android.server.pm.CrossProfileAppsService
07-24 14:10:00.372  2368  2368 I SystemServerTiming: StartPeopleService
07-24 14:10:00.372  2368  2368 I SystemServiceManager: Starting com.android.server.people.PeopleService
07-24 14:10:00.374  2368  2368 I SystemServerTiming: StartMediaMetricsManager
07-24 14:10:00.374  2368  2368 I SystemServiceManager: Starting com.android.server.media.metrics.MediaMetricsManagerService
07-24 14:10:00.375  2368  2368 I SystemServerTiming: StartMediaProjectionManager
07-24 14:10:00.375  2368  2368 I SystemServiceManager: Starting com.android.server.media.projection.MediaProjectionManagerService
07-24 14:10:00.376  2368  2368 I SystemServerTiming: StartSliceManagerService
07-24 14:10:00.376  2368  2368 I SystemServiceManager: Starting com.android.server.slice.SliceManagerService$Lifecycle
07-24 14:10:00.378  2368  2368 I SystemServerTiming: StartStatsCompanion
07-24 14:10:00.385  2368  2368 I SystemServiceManager: Starting com.android.server.stats.StatsCompanion$Lifecycle
07-24 14:10:00.386  2368  2368 I SystemServerTiming: StartRebootReadinessManagerService
07-24 14:10:00.390  2368  2368 I SystemServiceManager: Starting com.android.server.scheduling.RebootReadinessManagerService$Lifecycle
07-24 14:10:00.393  2368  2368 I SystemServerTiming: StartStatsPullAtomService
07-24 14:10:00.393  2368  2368 I SystemServiceManager: Starting com.android.server.stats.pull.StatsPullAtomService
07-24 14:10:00.393  2368  2368 I SystemServerTiming: StartIncidentCompanionService
07-24 14:10:00.393  2368  2368 I SystemServiceManager: Starting com.android.server.incident.IncidentCompanionService
07-24 14:10:00.394  2368  2368 I SystemServerTiming: StartMmsService
07-24 14:10:00.394  2368  2368 I SystemServiceManager: Starting com.android.server.MmsServiceBroker
07-24 14:10:00.394  2368  2368 I SystemServerTiming: StartAutoFillService
07-24 14:10:00.395  2368  2368 I SystemServiceManager: Starting com.android.server.autofill.AutofillManagerService
07-24 14:10:00.397  2368  2368 E AutofillManagerServiceImpl: Bad service name: com.google.android.gms/.autofill.service.AutofillService
07-24 14:10:00.401  2368  2368 D SystemServer: TranslationService not defined by OEM
07-24 14:10:00.401  2368  2368 I SystemServerTiming: StartClipboardService
07-24 14:10:00.401  2368  2368 I SystemServiceManager: Starting com.android.server.clipboard.ClipboardService
07-24 14:10:00.403  2368  2368 I SystemServerTiming: AppServiceManager
07-24 14:10:00.403  2368  2368 I SystemServiceManager: Starting com.android.server.appbinding.AppBindingService$Lifecycle
07-24 14:10:00.404  2368  2368 I SystemServerTiming: startTracingServiceProxy
07-24 14:10:00.404  2368  2368 I SystemServiceManager: Starting com.android.server.tracing.TracingServiceProxy
07-24 14:10:00.404  2368  2368 I SystemServerTiming: MakeLockSettingsServiceReady
07-24 14:10:00.409  2368  2368 I SyntheticPasswordManager: Device does not support weaver
07-24 14:10:00.409  2368  2368 I LockSettingsService: Device doesn't implement AuthSecret HAL
07-24 14:10:00.410  2368  2368 I SystemServerTiming: StartBootPhaseLockSettingsReady
07-24 14:10:00.410  2368  2368 I SystemServiceManager: Starting phase 480
07-24 14:10:00.410  2368  2368 I SystemServerTiming: OnBootPhase_480
07-24 14:10:00.410  2368  2368 I SystemServerTiming: OnBootPhase_480_com.android.server.security.FileIntegrityService
07-24 14:10:00.410  2368  2368 I SystemServerTiming: OnBootPhase_480_com.android.server.pm.Installer
07-24 14:10:00.410  2368  2368 I SystemServerTiming: OnBootPhase_480_com.android.server.os.DeviceIdentifiersPolicyService
07-24 14:10:00.410  2368  2368 I SystemServerTiming: OnBootPhase_480_com.android.server.uri.UriGrantsManagerService$Lifecycle
07-24 14:10:00.410  2368  2368 I SystemServerTiming: OnBootPhase_480_com.android.server.powerstats.PowerStatsService
07-24 14:10:00.410  2368  2368 I SystemServerTiming: OnBootPhase_480_com.android.server.wm.ActivityTaskManagerService$Lifecycle
07-24 14:10:00.410  2368  2368 I SystemServerTiming: OnBootPhase_480_com.android.server.am.PeriodicCleanerService
07-24 14:10:00.410  2368  2368 I SystemServerTiming: OnBootPhase_480_com.android.server.am.ActivityManagerService$Lifecycle
07-24 14:10:00.410  2368  2368 I SystemServerTiming: OnBootPhase_480_com.android.server.pm.DataLoaderManagerService
07-24 14:10:00.410  2368  2368 I SystemServerTiming: OnBootPhase_480_com.android.server.power.PowerManagerService
07-24 14:10:00.410  2368  2368 I SystemServerTiming: OnBootPhase_480_com.android.server.power.ThermalManagerService
07-24 14:10:00.410  2368  2368 I SystemServerTiming: OnBootPhase_480_com.android.server.power.hint.HintManagerService
07-24 14:10:00.410  2368  2368 I SystemServerTiming: OnBootPhase_480_com.android.server.recoverysystem.RecoverySystemService$Lifecycle
07-24 14:10:00.410  2368  2368 I SystemServerTiming: OnBootPhase_480_com.android.server.lights.MiuiLightsService
07-24 14:10:00.410  2368  2368 I SystemServerTiming: OnBootPhase_480_com.android.server.display.DisplayManagerService
07-24 14:10:00.410  2368  2368 I SystemServerTiming: OnBootPhase_480_com.android.server.pm.verify.domain.DomainVerificationService
07-24 14:10:00.410  2368  2368 I SystemServerTiming: OnBootPhase_480_com.android.server.pm.CloudControlPreinstallService
07-24 14:10:00.410  2368  2368 I SystemServerTiming: OnBootPhase_480_com.android.server.pm.AdvancePreinstallService
07-24 14:10:00.410  2368  2368 I SystemServerTiming: OnBootPhase_480_com.android.server.pm.PackageInstallerService$Lifecycle
07-24 14:10:00.411  2368  2368 I SystemServerTiming: OnBootPhase_480_com.android.server.pm.UserManagerService$LifeCycle
07-24 14:10:00.411  2368  2368 I SystemServerTiming: OnBootPhase_480_com.android.server.om.OverlayManagerService
07-24 14:10:00.411  2368  2368 I SystemServerTiming: OnBootPhase_480_com.android.server.SensorPrivacyService
07-24 14:10:00.411  2368  2368 I SystemServerTiming: OnBootPhase_480_com.android.server.sensors.SensorService
07-24 14:10:00.411  2368  2368 I SystemServerTiming: OnBootPhase_480_com.android.server.SystemConfigService
07-24 14:10:00.411  2368  2368 I SystemServerTiming: OnBootPhase_480_com.android.server.BatteryService
07-24 14:10:00.411  2368  2368 I SystemServerTiming: OnBootPhase_480_com.android.server.usage.UsageStatsService
07-24 14:10:00.411  2368  2368 I SystemServerTiming: OnBootPhase_480_com.android.server.webkit.WebViewUpdateService
07-24 14:10:00.411  2368  2368 I SystemServerTiming: OnBootPhase_480_com.android.server.CachedDeviceStateService
07-24 14:10:00.411  2368  2368 I SystemServerTiming: OnBootPhase_480_com.android.server.BinderCallsStatsService$LifeCycle
07-24 14:10:00.411  2368  2368 I SystemServerTiming: OnBootPhase_480_com.android.server.LooperStatsService$Lifecycle
07-24 14:10:00.411  2368  2368 I SystemServerTiming: OnBootPhase_480_com.android.server.rollback.RollbackManagerService
07-24 14:10:00.411  2368  2368 I SystemServerTiming: OnBootPhase_480_com.android.server.os.NativeTombstoneManagerService
07-24 14:10:00.411  2368  2368 I SystemServerTiming: OnBootPhase_480_com.android.server.os.BugreportManagerService
07-24 14:10:00.411  2368  2368 I SystemServerTiming: OnBootPhase_480_com.android.server.gpu.GpuService
07-24 14:10:00.411  2368  2368 I SystemServerTiming: OnBootPhase_480_com.android.server.security.KeyChainSystemService
07-24 14:10:00.411  2368  2368 I SystemServerTiming: OnBootPhase_480_com.android.server.telecom.TelecomLoaderService
07-24 14:10:00.411  2368  2368 I SystemServerTiming: OnBootPhase_480_com.android.server.accounts.AccountManagerService$Lifecycle
07-24 14:10:00.411  2368  2368 I SystemServerTiming: OnBootPhase_480_com.android.server.content.ContentService$Lifecycle
07-24 14:10:00.411  2368  2368 I SystemServerTiming: OnBootPhase_480_com.android.server.DropBoxManagerService
07-24 14:10:00.411  2368  2368 I SystemServerTiming: OnBootPhase_480_com.android.role.RoleService
07-24 14:10:00.411  2368  2368 I SystemServerTiming: OnBootPhase_480_com.android.server.vibrator.VibratorManagerService$Lifecycle
07-24 14:10:00.411  2368  2368 I SystemServerTiming: OnBootPhase_480_com.android.server.alarm.AlarmManagerService
07-24 14:10:00.411  2368  2368 I SystemServerTiming: OnBootPhase_480_com.android.server.devicestate.DeviceStateManagerService
07-24 14:10:00.411  2368  2368 I SystemServerTiming: OnBootPhase_480_com.android.server.camera.CameraServiceProxy
07-24 14:10:00.411  2368  2368 I SystemServerTiming: OnBootPhase_480_com.android.server.BluetoothService
07-24 14:10:00.411  2368  2368 I SystemServerTiming: OnBootPhase_480_com.android.server.connectivity.IpConnectivityMetrics
07-24 14:10:00.411  2368  2368 I SystemServerTiming: OnBootPhase_480_com.android.server.net.watchlist.NetworkWatchlistService$Lifecycle
07-24 14:10:00.411  2368  2368 I SystemServerTiming: OnBootPhase_480_com.android.server.PinnerService
07-24 14:10:00.411  2368  2368 I SystemServerTiming: OnBootPhase_480_com.google.android.startop.iorap.IorapForwardingService
07-24 14:10:00.411  2368  2368 I SystemServerTiming: OnBootPhase_480_com.android.server.ActivityTriggerService
07-24 14:10:00.411  2368  2368 I SystemServerTiming: OnBootPhase_480_com.android.server.integrity.AppIntegrityManagerService
07-24 14:10:00.411  2368  2368 I SystemServerTiming: OnBootPhase_480_com.android.server.inputmethod.InputMethodManagerService$Lifecycle
07-24 14:10:00.411  2368  2368 I SystemServerTiming: OnBootPhase_480_com.android.server.accessibility.AccessibilityManagerService$Lifecycle
07-24 14:10:00.411  2368  2368 I SystemServerTiming: OnBootPhase_480_com.android.server.StorageManagerService$Lifecycle
07-24 14:10:00.411  2368  2368 I SystemServerTiming: OnBootPhase_480_com.android.server.usage.StorageStatsService$Lifecycle
07-24 14:10:00.411  2368  2368 I SystemServerTiming: OnBootPhase_480_com.android.server.UiModeManagerService
07-24 14:10:00.411  2368  2368 I SystemServerTiming: OnBootPhase_480_com.android.server.locksettings.LockSettingsService$Lifecycle
07-24 14:10:00.411  2368  2368 I SystemServerTiming: OnBootPhase_480_com.android.server.PersistentDataBlockService
07-24 14:10:00.411  2368  2368 I SystemServerTiming: OnBootPhase_480_com.android.server.testharness.TestHarnessModeService
07-24 14:10:00.411  2368  2368 I SystemServerTiming: OnBootPhase_480_com.android.server.oemlock.OemLockService
07-24 14:10:00.411  2368  2368 I SystemServerTiming: OnBootPhase_480_com.android.server.DeviceIdleController
07-24 14:10:00.411  2368  2368 I SystemServerTiming: OnBootPhase_480_com.android.server.devicepolicy.DevicePolicyManagerService$Lifecycle
07-24 14:10:00.413  2368  2368 I DevicePolicyManager: Current version 2, latest version 2, not upgrading.
07-24 14:10:00.418  2368  2368 I SystemServerTiming: OnBootPhase_480_com.android.server.texttospeech.TextToSpeechManagerService
07-24 14:10:00.418  2368  2597 I SystemServerTimingAsync: InitThreadPoolExec:DevicePolicyManager
07-24 14:10:00.418  2368  2368 I SystemServerTiming: OnBootPhase_480_com.android.server.speech.SpeechRecognitionManagerService
07-24 14:10:00.418  2368  2368 I SystemServerTiming: OnBootPhase_480_com.android.server.searchui.SearchUiManagerService
07-24 14:10:00.418  2368  2368 I SystemServerTiming: OnBootPhase_480_com.android.server.smartspace.SmartspaceManagerService
07-24 14:10:00.418  2368  2368 I SystemServerTiming: OnBootPhase_480_com.android.server.graphics.fonts.FontManagerService$Lifecycle
07-24 14:10:00.418  2368  2368 I SystemServerTiming: OnBootPhase_480_com.android.server.textservices.TextServicesManagerService$Lifecycle
07-24 14:10:00.418  2368  2368 I SystemServerTiming: OnBootPhase_480_com.android.server.textclassifier.TextClassificationManagerService$Lifecycle
07-24 14:10:00.418  2368  2368 I SystemServerTiming: OnBootPhase_480_com.android.server.NetworkScoreService$Lifecycle
07-24 14:10:00.418  2368  2368 I SystemServerTiming: OnBootPhase_480_com.android.server.wifi.WifiService
07-24 14:10:00.418  2368  2368 I SystemServerTiming: OnBootPhase_480_com.android.server.wifi.scanner.WifiScanningService
07-24 14:10:00.418  2368  2368 I SystemServerTiming: OnBootPhase_480_com.android.server.wifi.p2p.WifiP2pService
07-24 14:10:00.418  2368  2368 I SystemServerTiming: OnBootPhase_480_com.android.server.ethernet.EthernetService
07-24 14:10:00.418  2368  2368 I SystemServerTiming: OnBootPhase_480_com.android.server.ConnectivityServiceInitializer
07-24 14:10:00.418  2368  2368 I SystemServerTiming: OnBootPhase_480_com.android.server.notification.NotificationManagerService
07-24 14:10:00.418  2368  2368 I SystemServerTiming: OnBootPhase_480_com.android.server.storage.DeviceStorageMonitorService
07-24 14:10:00.418  2368  2368 I SystemServerTiming: OnBootPhase_480_com.android.server.location.LocationManagerService$Lifecycle
07-24 14:10:00.418  2368  2368 I SystemServerTiming: OnBootPhase_480_com.android.server.timedetector.TimeDetectorService$Lifecycle
07-24 14:10:00.418  2368  2368 I SystemServerTiming: OnBootPhase_480_com.android.server.timezonedetector.TimeZoneDetectorService$Lifecycle
07-24 14:10:00.418  2368  2368 I SystemServerTiming: OnBootPhase_480_com.android.server.timezonedetector.location.LocationTimeZoneManagerService$Lifecycle
07-24 14:10:00.418  2368  2368 I SystemServerTiming: OnBootPhase_480_com.android.server.search.SearchManagerService$Lifecycle
07-24 14:10:00.418  2368  2368 I SystemServerTiming: OnBootPhase_480_com.android.server.wallpaper.WallpaperManagerService$Lifecycle
07-24 14:10:00.418  2368  2368 I SystemServerTiming: OnBootPhase_480_com.android.server.audio.AudioService$Lifecycle
07-24 14:10:00.418  2368  2368 I SystemServerTiming: OnBootPhase_480_com.android.server.soundtrigger_middleware.SoundTriggerMiddlewareService$Lifecycle
07-24 14:10:00.418  2368  2368 I SystemServerTiming: OnBootPhase_480_com.android.server.DockObserver
07-24 14:10:00.418  2368  2368 I SystemServerTiming: OnBootPhase_480_com.android.server.midi.MidiService$Lifecycle
07-24 14:10:00.418  2368  2368 I SystemServerTiming: OnBootPhase_480_com.android.server.adb.AdbService$Lifecycle
07-24 14:10:00.418  2368  2368 I SystemServerTiming: OnBootPhase_480_com.android.server.usb.UsbService$Lifecycle
07-24 14:10:00.419  2368  2368 I SystemServerTiming: OnBootPhase_480_com.android.server.twilight.TwilightService
07-24 14:10:00.419  2368  2368 I SystemServerTiming: OnBootPhase_480_com.android.server.display.color.ColorDisplayService
07-24 14:10:00.419  2368  2368 I SystemServerTiming: OnBootPhase_480_com.android.server.job.JobSchedulerService
07-24 14:10:00.419  2368  2368 I SystemServerTiming: OnBootPhase_480_com.android.server.soundtrigger.SoundTriggerService
07-24 14:10:00.419  2368  2368 D SoundTriggerService: onBootPhase: 480 : false
07-24 14:10:00.419  2368  2368 I SystemServerTiming: OnBootPhase_480_com.android.server.trust.TrustManagerService
07-24 14:10:00.419  2368  2368 I SystemServerTiming: OnBootPhase_480_com.miui.server.MiuiInitServer$Lifecycle
07-24 14:10:00.419  2368  2368 I SystemServerTiming: OnBootPhase_480_com.miui.server.BackupManagerService$Lifecycle
07-24 14:10:00.419  2368  2368 I SystemServerTiming: OnBootPhase_480_com.miui.server.stepcounter.StepCounterManagerService
07-24 14:10:00.419  2368  2368 I SystemServerTiming: OnBootPhase_480_com.miui.server.car.MiuiCarService$Lifecycle
07-24 14:10:00.419  2368  2368 I SystemServerTiming: OnBootPhase_480_com.android.server.pc.MiuiPcService
07-24 14:10:00.419  2368  2368 I SystemServerTiming: OnBootPhase_480_com.android.server.display.ScreenEffectService
07-24 14:10:00.419  2368  2368 I SystemServerTiming: OnBootPhase_480_com.android.server.backup.BackupManagerService$Lifecycle
07-24 14:10:00.419  2368  2368 I SystemServerTiming: OnBootPhase_480_com.android.server.appwidget.AppWidgetService
07-24 14:10:00.419  2368  2368 I SystemServerTiming: OnBootPhase_480_com.android.server.voiceinteraction.VoiceInteractionManagerService
07-24 14:10:00.419  2368  2368 I SystemServerTiming: OnBootPhase_480_com.android.server.apphibernation.AppHibernationService
07-24 14:10:00.419  2368  2368 I SystemServerTiming: OnBootPhase_480_com.android.server.GestureLauncherService
07-24 14:10:00.419  2368  2368 I SystemServerTiming: OnBootPhase_480_com.android.server.SensorNotificationService
07-24 14:10:00.419  2368  2368 I SystemServerTiming: OnBootPhase_480_com.android.server.emergency.EmergencyAffordanceService
07-24 14:10:00.419  2368  2368 I SystemServerTiming: OnBootPhase_480_com.android.server.blob.BlobStoreManagerService
07-24 14:10:00.419  2368  2368 I SystemServerTiming: OnBootPhase_480_com.android.server.dreams.DreamManagerService
07-24 14:10:00.419  2368  2368 I SystemServerTiming: OnBootPhase_480_com.android.server.print.PrintManagerService
07-24 14:10:00.419  2368  2368 I SystemServerTiming: OnBootPhase_480_com.android.server.companion.CompanionDeviceManagerService
07-24 14:10:00.419  2368  2368 I SystemServerTiming: OnBootPhase_480_com.android.server.restrictions.RestrictionsManagerService
07-24 14:10:00.419  2368  2368 I SystemServerTiming: OnBootPhase_480_com.android.server.media.MediaSessionService
07-24 14:10:00.419  2368  2368 I SystemServerTiming: OnBootPhase_480_com.android.server.media.MediaResourceMonitorService
07-24 14:10:00.419  2368  2368 I SystemServerTiming: OnBootPhase_480_com.android.server.biometrics.sensors.fingerprint.FingerprintService
07-24 14:10:00.419  2368  2368 I SystemServerTiming: OnBootPhase_480_com.android.server.biometrics.BiometricService
07-24 14:10:00.419  2368  2368 I SystemServerTiming: OnBootPhase_480_com.android.server.biometrics.AuthService
07-24 14:10:00.419  2368  2368 I SystemServerTiming: OnBootPhase_480_com.android.server.pm.ShortcutService$Lifecycle
07-24 14:10:00.421  2368  2368 I SystemServerTiming: OnBootPhase_480_com.android.server.pm.LauncherAppsService
07-24 14:10:00.421  2368  2368 I SystemServerTiming: OnBootPhase_480_com.android.server.pm.CrossProfileAppsService
07-24 14:10:00.421  2368  2368 I SystemServerTiming: OnBootPhase_480_com.android.server.people.PeopleService
07-24 14:10:00.421  2368  2368 I SystemServerTiming: OnBootPhase_480_com.android.server.media.metrics.MediaMetricsManagerService
07-24 14:10:00.421  2368  2368 I SystemServerTiming: OnBootPhase_480_com.android.server.media.projection.MediaProjectionManagerService
07-24 14:10:00.421  2368  2368 I SystemServerTiming: OnBootPhase_480_com.android.server.slice.SliceManagerService$Lifecycle
07-24 14:10:00.421  2368  2368 I SystemServerTiming: OnBootPhase_480_com.android.server.stats.StatsCompanion$Lifecycle
07-24 14:10:00.421  2368  2368 I SystemServerTiming: OnBootPhase_480_com.android.server.scheduling.RebootReadinessManagerService$Lifecycle
07-24 14:10:00.421  2368  2368 I SystemServerTiming: OnBootPhase_480_com.android.server.stats.pull.StatsPullAtomService
07-24 14:10:00.421  2368  2368 I SystemServerTiming: OnBootPhase_480_com.android.server.incident.IncidentCompanionService
07-24 14:10:00.421  2368  2368 I SystemServerTiming: OnBootPhase_480_com.android.server.MmsServiceBroker
07-24 14:10:00.421  2368  2368 I SystemServerTiming: OnBootPhase_480_com.android.server.autofill.AutofillManagerService
07-24 14:10:00.421  2368  2368 I SystemServerTiming: OnBootPhase_480_com.android.server.clipboard.ClipboardService
07-24 14:10:00.421  2368  2368 I SystemServerTiming: OnBootPhase_480_com.android.server.appbinding.AppBindingService$Lifecycle
07-24 14:10:00.421  2368  2368 I SystemServerTiming: OnBootPhase_480_com.android.server.tracing.TracingServiceProxy
07-24 14:10:00.421  2368  2368 I SystemServerTiming: StartBootPhaseSystemServicesReady
07-24 14:10:00.421  2368  2368 I SystemServiceManager: Starting phase 500
07-24 14:10:00.421  2368  2368 I SystemServerTiming: OnBootPhase_500
07-24 14:10:00.421  2368  2368 I SystemServerTiming: OnBootPhase_500_com.android.server.security.FileIntegrityService
07-24 14:10:00.421  2368  2368 I SystemServerTiming: OnBootPhase_500_com.android.server.pm.Installer
07-24 14:10:00.421  2368  2368 I SystemServerTiming: OnBootPhase_500_com.android.server.os.DeviceIdentifiersPolicyService
07-24 14:10:00.421  2368  2368 I SystemServerTiming: OnBootPhase_500_com.android.server.uri.UriGrantsManagerService$Lifecycle
07-24 14:10:00.421  2368  2368 I SystemServerTiming: OnBootPhase_500_com.android.server.powerstats.PowerStatsService
07-24 14:10:00.421  2368  2368 E StatsPullAtomCallbackImpl: Failed to start PowerStatsService statsd pullers
07-24 14:10:00.421  2368  2368 I SystemServerTiming: OnBootPhase_500_com.android.server.wm.ActivityTaskManagerService$Lifecycle
07-24 14:10:00.421  2368  2368 I SystemServerTiming: OnBootPhase_500_com.android.server.am.PeriodicCleanerService
07-24 14:10:00.421  2368  2368 I SystemServerTiming: OnBootPhase_500_com.android.server.am.ActivityManagerService$Lifecycle
07-24 14:10:00.423  2368  2368 E BatteryStatsService: Could not register PowerStatsInternal
07-24 14:10:00.424  2368  2368 I SystemServerTiming: OnBootPhase_500_com.android.server.pm.DataLoaderManagerService
07-24 14:10:00.424  2368  2368 I SystemServerTiming: OnBootPhase_500_com.android.server.power.PowerManagerService
07-24 14:10:00.424  2368  2368 I SystemServerTiming: OnBootPhase_500_com.android.server.power.ThermalManagerService
07-24 14:10:00.424  2368  2368 I SystemServerTiming: OnBootPhase_500_com.android.server.power.hint.HintManagerService
07-24 14:10:00.424  2368  2368 I SystemServerTiming: OnBootPhase_500_com.android.server.recoverysystem.RecoverySystemService$Lifecycle
07-24 14:10:00.424  2368  2368 I SystemServerTiming: OnBootPhase_500_com.android.server.lights.MiuiLightsService
07-24 14:10:00.424  2368  2368 I SystemServerTiming: OnBootPhase_500_com.android.server.display.DisplayManagerService
07-24 14:10:00.424  2368  2368 I SystemServerTiming: OnBootPhase_500_com.android.server.pm.verify.domain.DomainVerificationService
07-24 14:10:00.424  2368  2368 I SystemServerTiming: OnBootPhase_500_com.android.server.pm.CloudControlPreinstallService
07-24 14:10:00.424  2368  2368 D CloudControlPreinstall: onBootPhase:500
07-24 14:10:00.424  2368  2368 I SystemServerTiming: OnBootPhase_500_com.android.server.pm.AdvancePreinstallService
07-24 14:10:00.425  2368  2368 I SystemServerTiming: OnBootPhase_500_com.android.server.pm.PackageInstallerService$Lifecycle
07-24 14:10:00.425  2368  2368 I SystemServerTiming: OnBootPhase_500_com.android.server.pm.UserManagerService$LifeCycle
07-24 14:10:00.425  2368  2368 I SystemServerTiming: OnBootPhase_500_com.android.server.om.OverlayManagerService
07-24 14:10:00.425  2368  2368 I SystemServerTiming: OnBootPhase_500_com.android.server.SensorPrivacyService
07-24 14:10:00.426  2368  2368 I SystemServerTiming: OnBootPhase_500_com.android.server.sensors.SensorService
07-24 14:10:00.426  2368  2368 I SystemServerTiming: OnBootPhase_500_com.android.server.SystemConfigService
07-24 14:10:00.426  2368  2368 I SystemServerTiming: OnBootPhase_500_com.android.server.BatteryService
07-24 14:10:00.426  2368  2368 I SystemServerTiming: OnBootPhase_500_com.android.server.usage.UsageStatsService
07-24 14:10:00.426  2368  2368 D AppStandbyController: Setting app idle enabled state
07-24 14:10:00.459  2368  2368 I SystemServerTiming: OnBootPhase_500_com.android.server.webkit.WebViewUpdateService
07-24 14:10:00.459  2368  2368 I SystemServerTiming: OnBootPhase_500_com.android.server.CachedDeviceStateService
07-24 14:10:00.459  2368  2368 I SystemServerTiming: OnBootPhase_500_com.android.server.BinderCallsStatsService$LifeCycle
07-24 14:10:00.464  2368  2368 I SystemServerTiming: OnBootPhase_500_com.android.server.LooperStatsService$Lifecycle
07-24 14:10:00.464  2368  2368 I SystemServerTiming: OnBootPhase_500_com.android.server.rollback.RollbackManagerService
07-24 14:10:00.464  2368  2368 I SystemServerTiming: OnBootPhase_500_com.android.server.os.NativeTombstoneManagerService
07-24 14:10:00.464  2368  2368 I SystemServerTiming: OnBootPhase_500_com.android.server.os.BugreportManagerService
07-24 14:10:00.464  2368  2368 I SystemServerTiming: OnBootPhase_500_com.android.server.gpu.GpuService
07-24 14:10:00.464  2368  2368 I SystemServerTiming: OnBootPhase_500_com.android.server.security.KeyChainSystemService
07-24 14:10:00.464  2368  2368 I SystemServerTiming: OnBootPhase_500_com.android.server.telecom.TelecomLoaderService
07-24 14:10:00.464  2368  2368 I SystemServerTiming: OnBootPhase_500_com.android.server.accounts.AccountManagerService$Lifecycle
07-24 14:10:00.464  2368  2368 I SystemServerTiming: OnBootPhase_500_com.android.server.content.ContentService$Lifecycle
07-24 14:10:00.464  2368  2368 I SystemServerTiming: OnBootPhase_500_com.android.server.DropBoxManagerService
07-24 14:10:00.465  2368  2368 I SystemServerTiming: OnBootPhase_500_com.android.role.RoleService
07-24 14:10:00.465  2368  2368 I SystemServerTiming: OnBootPhase_500_com.android.server.vibrator.VibratorManagerService$Lifecycle
07-24 14:10:00.466  2368  2368 I SystemServerTiming: OnBootPhase_500_com.android.server.alarm.AlarmManagerService
07-24 14:10:00.468  2368  2368 I SystemServerTiming: OnBootPhase_500_com.android.server.devicestate.DeviceStateManagerService
07-24 14:10:00.468  2368  2368 I SystemServerTiming: OnBootPhase_500_com.android.server.camera.CameraServiceProxy
07-24 14:10:00.468  2368  2368 I SystemServerTiming: OnBootPhase_500_com.android.server.BluetoothService
07-24 14:10:00.469  2368  2368 I SystemServerTiming: OnBootPhase_500_com.android.server.connectivity.IpConnectivityMetrics
07-24 14:10:00.470  2368  2368 I SystemServerTiming: OnBootPhase_500_com.android.server.net.watchlist.NetworkWatchlistService$Lifecycle
07-24 14:10:00.470  2368  2368 I SystemServerTiming: OnBootPhase_500_com.android.server.PinnerService
07-24 14:10:00.471  2368  2368 I SystemServerTiming: OnBootPhase_500_com.google.android.startop.iorap.IorapForwardingService
07-24 14:10:00.471  2368  2368 I SystemServerTiming: OnBootPhase_500_com.android.server.ActivityTriggerService
07-24 14:10:00.471  2368  2368 I SystemServerTiming: OnBootPhase_500_com.android.server.integrity.AppIntegrityManagerService
07-24 14:10:00.471  2368  2368 I SystemServerTiming: OnBootPhase_500_com.android.server.inputmethod.InputMethodManagerService$Lifecycle
07-24 14:10:00.471  2368  2368 I SystemServerTiming: OnBootPhase_500_com.android.server.accessibility.AccessibilityManagerService$Lifecycle
07-24 14:10:00.471  2368  2368 I SystemServerTiming: OnBootPhase_500_com.android.server.StorageManagerService$Lifecycle
07-24 14:10:00.471  2368  2368 I SystemServerTiming: OnBootPhase_500_com.android.server.usage.StorageStatsService$Lifecycle
07-24 14:10:00.471  2368  2368 I SystemServerTiming: OnBootPhase_500_com.android.server.UiModeManagerService
07-24 14:10:00.472  2368  2368 D UiModeManager: updateConfigurationLocked: mDockState=0; mCarMode=false; mCar=false; mPowerSave=false; mComputedNightMode=false; mNightMode=1; uiMode=17
07-24 14:10:00.473  2368  2368 I ActivityTaskManager: Config changes=200 {1.0 ?mcc?mnc [en_GB] ldltr sw392dp w392dp h791dp 440dpi nrml long port ?pc finger -keyb/v/h -nav/h winConfig={ mBounds=Rect(0, 0 - 1080, 2400) mAppBounds=Rect(0, 94 - 1080, 2270) mMaxBounds=Rect(0, 0 - 1080, 2400) mWindowingMode=fullscreen mDisplayWindowingMode=fullscreen mActivityType=undefined mAlwaysOnTop=undefined mRotation=ROTATION_0 mInSplitScreen=false} s.6 ?fontWeightAdjustment themeChanged=0 themeChangedFlags=0 extraData = Bundle[{}] dt/?/d}
07-24 14:10:00.474  2368  2368 I WindowManager: Override config changes=200 {1.0 ?mcc?mnc [en_GB] ldltr sw392dp w392dp h791dp 440dpi nrml long port ?pc finger -keyb/v/h -nav/h winConfig={ mBounds=Rect(0, 0 - 1080, 2400) mAppBounds=Rect(0, 94 - 1080, 2270) mMaxBounds=Rect(0, 0 - 1080, 2400) mWindowingMode=fullscreen mDisplayWindowingMode=fullscreen mActivityType=undefined mAlwaysOnTop=undefined mRotation=ROTATION_0 mInSplitScreen=false} s.6 ?fontWeightAdjustment themeChanged=0 themeChangedFlags=0 extraData = Bundle[{}] dt/?/d} for displayId=0
07-24 14:10:00.476  2368  2368 I SystemServerTiming: OnBootPhase_500_com.android.server.locksettings.LockSettingsService$Lifecycle
07-24 14:10:00.476  2368  2368 I SystemServerTiming: OnBootPhase_500_com.android.server.PersistentDataBlockService
07-24 14:10:00.476  2368  2368 I SystemServerTiming: OnBootPhase_500_com.android.server.testharness.TestHarnessModeService
07-24 14:10:00.476  2368  2368 D TestHarnessModeService: Setting up test harness mode
07-24 14:10:00.476  2368  2368 D TestHarnessModeService: Getting PersistentDataBlockManagerInternal from LocalServices
07-24 14:10:00.495  2368  2368 I SystemServerTiming: OnBootPhase_500_com.android.server.oemlock.OemLockService
07-24 14:10:00.495  2368  2368 I SystemServerTiming: OnBootPhase_500_com.android.server.DeviceIdleController
07-24 14:10:00.499  2368  2368 I SystemServerTiming: OnBootPhase_500_com.android.server.devicepolicy.DevicePolicyManagerService$Lifecycle
07-24 14:10:00.499  2368  2368 I SystemServerTiming: OnBootPhase_500_com.android.server.texttospeech.TextToSpeechManagerService
07-24 14:10:00.499  2368  2368 I SystemServerTiming: OnBootPhase_500_com.android.server.speech.SpeechRecognitionManagerService
07-24 14:10:00.499  2368  2368 I SystemServerTiming: OnBootPhase_500_com.android.server.searchui.SearchUiManagerService
07-24 14:10:00.499  2368  2368 I SystemServerTiming: OnBootPhase_500_com.android.server.smartspace.SmartspaceManagerService
07-24 14:10:00.499  2368  2368 I SystemServerTiming: OnBootPhase_500_com.android.server.graphics.fonts.FontManagerService$Lifecycle
07-24 14:10:00.499  2368  2368 I SystemServerTiming: OnBootPhase_500_com.android.server.textservices.TextServicesManagerService$Lifecycle
07-24 14:10:00.499  2368  2368 I SystemServerTiming: OnBootPhase_500_com.android.server.textclassifier.TextClassificationManagerService$Lifecycle
07-24 14:10:00.499  2368  2368 I SystemServerTiming: OnBootPhase_500_com.android.server.NetworkScoreService$Lifecycle
07-24 14:10:00.499  2368  2368 I SystemServerTiming: OnBootPhase_500_com.android.server.wifi.WifiService
07-24 14:10:00.499  2368  2368 I SystemServerTiming: OnBootPhase_500_com.android.server.wifi.scanner.WifiScanningService
07-24 14:10:00.500  2368  2368 I SystemServerTiming: OnBootPhase_500_com.android.server.wifi.p2p.WifiP2pService
07-24 14:10:00.501  2368  2368 I SystemServerTiming: OnBootPhase_500_com.android.server.ethernet.EthernetService
07-24 14:10:00.503  2368  2368 I SystemServerTiming: OnBootPhase_500_com.android.server.ConnectivityServiceInitializer
07-24 14:10:00.503  2368  2368 I SystemServerTiming: OnBootPhase_500_com.android.server.notification.NotificationManagerService
07-24 14:10:00.505  2368  2368 I SystemServerTiming: OnBootPhase_500_com.android.server.storage.DeviceStorageMonitorService
07-24 14:10:00.505  2368  2368 I SystemServerTiming: OnBootPhase_500_com.android.server.location.LocationManagerService$Lifecycle
07-24 14:10:00.507  2368  2368 D LocationPolicy: systemRunning()
07-24 14:10:00.510  2368  2368 I SystemServerTiming: OnBootPhase_500_com.android.server.timedetector.TimeDetectorService$Lifecycle
07-24 14:10:00.510  2368  2368 I SystemServerTiming: OnBootPhase_500_com.android.server.timezonedetector.TimeZoneDetectorService$Lifecycle
07-24 14:10:00.510  2368  2368 I SystemServerTiming: OnBootPhase_500_com.android.server.timezonedetector.location.LocationTimeZoneManagerService$Lifecycle
07-24 14:10:00.510  2368  2368 I SystemServerTiming: OnBootPhase_500_com.android.server.search.SearchManagerService$Lifecycle
07-24 14:10:00.510  2368  2368 I SystemServerTiming: OnBootPhase_500_com.android.server.wallpaper.WallpaperManagerService$Lifecycle
07-24 14:10:00.510  2368  2368 I SystemServerTiming: OnBootPhase_500_com.android.server.audio.AudioService$Lifecycle
07-24 14:10:00.510  2368  2368 I SystemServerTiming: OnBootPhase_500_com.android.server.soundtrigger_middleware.SoundTriggerMiddlewareService$Lifecycle
