10-10 07:04:11.281  2042  3524 I SmartPower: com.qualcomm.qti.poweroffalarm/10178(26747): background->idle(3047ms) R(broadcast end Intent { act=org.codeaurora.poweroffalarm.action.CANCEL_ALARM flg=0x10000010 pkg=com.qualcomm.qti.poweroffalarm (has extras) }) adj=905.
10-10 07:04:11.284  2042  2042 D UiModeManager: updateConfigurationLocked: mDockState=0; mCarMode=false; mCar=false; mPowerSave=false; mOverrideNightModeOn=false; mOverrideNightModeOff=false; mComputedNightMode=false; mNightMode=1; uiMode=17
10-10 07:04:12.948  2042  6998 I SmartPower: com.google.android.gms/10163(28832): idle->background(3420ms) R(service unbind com.google.android.gms/.gass.GassService) adj=600.
10-10 07:04:49.288  4304  4304 D ArtChoreographerMonitor: invoke error.
10-10 07:04:49.288  2042  3123 D ActivityManager: checkAllowBackground: uid=1000 pkg=android rec=UidRecord{b77cac0 1000 PER  fgServices allowlist change:procadj procs:0 seq(1009381,448524)} caps=LCMNFU always=false idle=false
10-10 07:04:49.289  2042  3123 D AlarmManager: mBroadcastRefCount -> 1
10-10 07:04:49.290  2042  3123 D AlarmManager: mBroadcastRefCount -> 2
10-10 07:04:49.294  2042  3123 D AlarmManager: mBroadcastRefCount -> 3
10-10 07:04:49.296  2042  3123 D AlarmManager: mBroadcastRefCount -> 4
10-10 07:04:49.298  2042  3123 D AlarmManager: mBroadcastRefCount -> 5
10-10 07:04:49.299  2042  2042 D AlarmManager: mBroadcastRefCount -> 4
10-10 07:04:49.299  2042  2042 D AlarmManager: mPendingIntent -> null
10-10 07:04:49.299  2042  2042 D AlarmManager: mBroadcastRefCount -> 3
10-10 07:04:49.299  2042  2042 D AlarmManager: mPendingIntent -> PendingIntent{7ba0a5f: PendingIntentRecord{dd98cac com.miui.powerkeeper startService}}
10-10 07:04:49.299  2042  2042 D AlarmManager: mBroadcastRefCount -> 2
10-10 07:04:49.299  2042  2042 D AlarmManager: mPendingIntent -> PendingIntent{6c37920: PendingIntentRecord{109f2fe com.miui.misightservice startService}}
10-10 07:04:49.300  2042  6997 D ActivityManager: checkAllowBackground: uid=10137 pkg=com.xiaomi.xmsf rec=UidRecord{59b2293 u0a137 IMPF change:procadj procs:0 seq(1009402,280958)} caps=------ always=false idle=false
10-10 07:04:49.301  2042  2042 D AlarmManager: mBroadcastRefCount -> 1
10-10 07:04:49.302  2042  2042 D AlarmManager: mPendingIntent -> PendingIntent{19cf0b6: PendingIntentRecord{65c281b com.miui.securitycenter startService}}
10-10 07:04:49.302  2042  6997 D ActivityManager: checkAllowBackground: uid=1000 pkg=com.miui.securitycenter rec=UidRecord{b77cac0 1000 PER  fgServices allowlist change:procadj procs:0 seq(1009414,448524)} caps=LCMNFU always=false idle=false
10-10 07:04:49.305  2042  2042 D AlarmManager: mBroadcastRefCount -> 0
10-10 07:04:49.305  2042  2042 D AlarmManager: mPendingIntent -> PendingIntent{3ee21b7: PendingIntentRecord{7ec6dae com.xiaomi.xmsf broadcastIntent}}
10-10 07:04:49.594  4304  4304 D ArtChoreographerMonitor: invoke error.
10-10 07:04:49.842  2042  2702 D HeapUsage Monitor: HeapAllocSize : 96MB; monitorSize : 500MB
10-10 07:06:27.639  2042  7010 D ActivityManager: checkAllowBackground: uid=10163 pkg=com.google.android.gms rec=UidRecord{3efeecd u0a163 FGS  change:procadj procs:0 seq(1009421,425084)} caps=LCMNFU always=false idle=false
10-10 07:06:27.641  2042  7010 D ActivityManager: checkAllowBackground: uid=10163 pkg=com.google.android.gms rec=UidRecord{3efeecd u0a163 FGS  change:procadj procs:0 seq(1009421,425084)} caps=LCMNFU always=false idle=false
10-10 07:11:32.683  2042  3123 D ActivityManager: checkAllowBackground: uid=1000 pkg=com.miui.misightservice rec=UidRecord{b77cac0 1000 PER  fgServices allowlist change:procadj procs:0 seq(1009414,448524)} caps=LCMNFU always=false idle=false
10-10 07:11:32.684  2042  3123 D ActivityManager: checkAllowBackground: uid=1000 pkg=com.miui.powerkeeper rec=UidRecord{b77cac0 1000 PER  fgServices allowlist change:procadj procs:0 seq(1009414,448524)} caps=LCMNFU always=false idle=false
10-10 07:14:14.340  2042  2042 D UiModeManager: updateConfigurationLocked: mDockState=0; mCarMode=false; mCar=false; mPowerSave=false; mOverrideNightModeOn=false; mOverrideNightModeOff=false; mComputedNightMode=false; mNightMode=1; uiMode=17
10-10 07:14:49.273   702 26644 I keystore2: system/security/keystore2/src/watchdog.rs:319 - Watchdog thread idle -> terminating. Have a great day.
10-10 07:14:49.281  2042  3123 D ActivityManager: checkAllowBackground: uid=1000 pkg=android rec=UidRecord{b77cac0 1000 PER  fgServices allowlist change:procadj procs:0 seq(1009414,448524)} caps=LCMNFU always=false idle=false
10-10 07:14:49.282  2042  3123 D AlarmManager: mBroadcastRefCount -> 1
10-10 07:14:49.284  2042  3123 D AlarmManager: mBroadcastRefCount -> 2
10-10 07:14:49.284  4304  4304 D ArtChoreographerMonitor: invoke error.
10-10 07:14:49.286  2042  3123 D AlarmManager: mBroadcastRefCount -> 3
10-10 07:14:49.287  2042  3123 D AlarmManager: mBroadcastRefCount -> 4
10-10 07:14:49.291  2042  3123 D AlarmManager: mBroadcastRefCount -> 5
10-10 07:14:49.293  2042  3123 D AlarmManager: mBroadcastRefCount -> 6
10-10 07:14:49.293  2042  2074 D ActivityManager: checkAllowBackground: uid=1000 pkg=android rec=UidRecord{b77cac0 1000 PER  fgServices allowlist change:procadj procs:0 seq(1009429,448524)} caps=LCMNFU always=false idle=false
10-10 07:14:49.293  2042  2074 D ActivityManager: checkAllowBackground: uid=1000 pkg=android rec=UidRecord{b77cac0 1000 PER  fgServices allowlist change:procadj procs:0 seq(1009429,448524)} caps=LCMNFU always=false idle=false
10-10 07:14:49.294  2042  2042 D AlarmManager: mBroadcastRefCount -> 5
10-10 07:14:49.294  2042  2042 D AlarmManager: mPendingIntent -> null
10-10 07:14:49.294  2042  3123 D ActivityManager: checkAllowBackground: uid=1000 pkg=com.miui.powerkeeper rec=UidRecord{b77cac0 1000 PER  fgServices allowlist change:procadj procs:0 seq(1009429,448524)} caps=LCMNFU always=false idle=false
10-10 07:14:49.294  2042  7010 D ActivityManager: checkAllowBackground: uid=1073 pkg=com.google.android.networkstack rec=UidRecord{10afb8f 1073 PER  change:procadj procs:0 seq(1009349,34)} caps=LCMNFU always=false idle=false
10-10 07:14:49.294  2042  2042 D AlarmManager: mBroadcastRefCount -> 4
10-10 07:14:49.294  2042  2042 D AlarmManager: mPendingIntent -> null
10-10 07:14:49.295  2042  2074 D ActivityManager: checkAllowBackground: uid=1000 pkg=android rec=UidRecord{b77cac0 1000 PER  fgServices allowlist change:procadj procs:0 seq(1009429,448524)} caps=LCMNFU always=false idle=false
10-10 07:14:49.295  2042  2042 D AlarmManager: mBroadcastRefCount -> 3
10-10 07:14:49.295  2042  2042 D AlarmManager: mPendingIntent -> PendingIntent{7ba0a5f: PendingIntentRecord{dd98cac com.miui.powerkeeper startService}}
10-10 07:14:49.296  2042  2042 D AlarmManager: mBroadcastRefCount -> 2
10-10 07:14:49.296  2042  2042 D AlarmManager: mPendingIntent -> PendingIntent{6c37920: PendingIntentRecord{109f2fe com.miui.misightservice startService}}
10-10 07:14:49.296  2042  2074 D ActivityManager: checkAllowBackground: uid=1000 pkg=android rec=UidRecord{b77cac0 1000 PER  fgServices allowlist change:procadj procs:0 seq(1009433,448524)} caps=LCMNFU always=false idle=false
10-10 07:14:49.297  2042  2074 D ActivityManager: checkAllowBackground: uid=1000 pkg=android rec=UidRecord{b77cac0 1000 PER  fgServices allowlist change:procadj procs:0 seq(1009433,448524)} caps=LCMNFU always=false idle=false
10-10 07:14:49.298  2042  7010 D AlarmManager: mBroadcastRefCount -> 1
10-10 07:14:49.298  2042  7010 D AlarmManager: mPendingIntent -> null
10-10 07:14:49.298  2042  6998 D ActivityManager: checkAllowBackground: uid=10137 pkg=com.xiaomi.xmsf rec=UidRecord{59b2293 u0a137 IMPF change:procadj procs:0 seq(1009428,280958)} caps=------ always=false idle=false
10-10 07:14:49.299  2042  2074 D ActivityManager: checkAllowBackground: uid=1000 pkg=android rec=UidRecord{b77cac0 1000 PER  fgServices allowlist change:procadj procs:0 seq(1009433,448524)} caps=LCMNFU always=false idle=false
10-10 07:14:49.299  2042  2074 D ActivityManager: checkAllowBackground: uid=1000 pkg=android rec=UidRecord{b77cac0 1000 PER  fgServices allowlist change:procadj procs:0 seq(1009433,448524)} caps=LCMNFU always=false idle=false
10-10 07:14:49.299  2042  2074 D ActivityManager: checkAllowBackground: uid=1000 pkg=android rec=UidRecord{b77cac0 1000 PER  fgServices allowlist change:procadj procs:0 seq(1009433,448524)} caps=LCMNFU always=false idle=false
10-10 07:14:49.299  2042  2074 D ActivityManager: checkAllowBackground: uid=1000 pkg=android rec=UidRecord{b77cac0 1000 PER  fgServices allowlist change:procadj procs:0 seq(1009433,448524)} caps=LCMNFU always=false idle=false
10-10 07:14:49.300  2042  2074 D ActivityManager: checkAllowBackground: uid=1000 pkg=android rec=UidRecord{b77cac0 1000 PER  fgServices allowlist change:procadj procs:0 seq(1009433,448524)} caps=LCMNFU always=false idle=false
10-10 07:14:49.300  2042  2074 D ActivityManager: checkAllowBackground: uid=1000 pkg=android rec=UidRecord{b77cac0 1000 PER  fgServices allowlist change:procadj procs:0 seq(1009433,448524)} caps=LCMNFU always=false idle=false
10-10 07:14:49.301  2042  2042 D AlarmManager: mBroadcastRefCount -> 0
10-10 07:14:49.301  2042  2042 D AlarmManager: mPendingIntent -> PendingIntent{771889: PendingIntentRecord{7ec6dae com.xiaomi.xmsf broadcastIntent}}
10-10 07:15:09.255  4304  4304 D ArtChoreographerMonitor: invoke error.
10-10 07:15:09.258  2042  3524 I SmartPower: com.google.android.gms/10163(28832): background->idle(3005ms) R(service end com.google.android.gms/.gass.GassService) adj=600.
10-10 07:16:04.450  2042  2787 I SmartPower: com.xiaomi.discover/10121(23492): idle->background(5235ms) R(broadcast start Intent { act=android.intent.action.BATTERY_CHANGED flg=0x60000010 (has extras) }) adj=905.
10-10 07:16:04.454  2042  2787 I SmartPower: com.miui.android.fashiongallery/10228(32611): idle->background(5239ms) R(broadcast start Intent { act=android.intent.action.BATTERY_CHANGED flg=0x60000010 (has extras) }) adj=905.
10-10 07:16:04.454  2042  2787 I SmartPower: com.facebook.appmanager/10138(27658): idle->background(5240ms) R(broadcast start Intent { act=android.intent.action.BATTERY_CHANGED flg=0x60000010 (has extras) }) adj=905.
10-10 07:16:04.456  2042  2787 I SmartPower: com.facebook.katana/10243(13231): idle->background(5241ms) R(broadcast start Intent { act=android.intent.action.BATTERY_CHANGED flg=0x60000010 (has extras) }) adj=905.
10-10 07:16:04.457  2042  2787 I SmartPower: com.google.android.apps.tachyon/10226(15532): idle->background(5243ms) R(broadcast start Intent { act=android.intent.action.BATTERY_CHANGED flg=0x60000010 (has extras) }) adj=955.
10-10 07:16:04.459  2042  2787 I SmartPower: com.google.android.apps.magazines/10234(19722): idle->background(5245ms) R(broadcast start Intent { act=android.intent.action.BATTERY_CHANGED flg=0x60000010 (has extras) }) adj=905.
10-10 07:16:04.460  2042  2787 I SmartPower: com.android.chrome/10172(25786): idle->background(5245ms) R(broadcast start Intent { act=android.intent.action.BATTERY_CHANGED flg=0x60000010 (has extras) }) adj=900.
10-10 07:16:04.460  2042  2787 I SmartPower: com.google.android.youtube/10189(23130): idle->background(5246ms) R(broadcast start Intent { act=android.intent.action.BATTERY_CHANGED flg=0x60000010 (has extras) }) adj=915.
10-10 07:22:14.938  2042  3123 D ActivityManager: checkAllowBackground: uid=1000 pkg=com.miui.misightservice rec=UidRecord{b77cac0 1000 PER  fgServices allowlist change:procadj procs:0 seq(1009433,448524)} caps=LCMNFU always=false idle=false
10-10 07:22:14.939  2042  3123 D ActivityManager: checkAllowBackground: uid=1000 pkg=com.miui.powerkeeper rec=UidRecord{b77cac0 1000 PER  fgServices allowlist change:procadj procs:0 seq(1009433,448524)} caps=LCMNFU always=false idle=false
10-10 07:22:14.940  2042  3123 D ActivityManager: checkAllowBackground: uid=1000 pkg=android rec=UidRecord{b77cac0 1000 PER  fgServices allowlist change:procadj procs:0 seq(1009433,448524)} caps=LCMNFU always=false idle=false
10-10 07:24:10.269  2042  9046 W GreezeManager: Slow Greezer: Receive frozen binder trans: dstUid=0 dstPid=1236 callerUid=1000 callerPid=2042 callerTid=2883 delay=54ms oneway=false
10-10 07:24:10.276  2042  9046 W GreezeManager: Slow Greezer: Receive frozen binder trans: dstUid=1000 dstPid=636 callerUid=0 callerPid=3503 callerTid=3503 delay=61ms oneway=false
10-10 07:24:10.376  2042  3411 W ContextImpl: Calling a method in the system process without a qualified user: android.app.ContextImpl.sendStickyBroadcast:1637 com.android.server.wifi.ClientModeImpl.sendNetworkChangeBroadcast:3276 com.android.server.wifi.ClientModeImpl.lambda$sendNetworkChangeBroadcastWithCurrentState$14:3246 com.android.server.wifi.ClientModeImpl.$r8$lambda$q-j88Pjw4gROgoJFr8wBlBVbuJI:0 com.android.server.wifi.ClientModeImpl$$ExternalSyntheticLambda4.send:0 
10-10 07:24:10.393  2042  3411 D ActivityManager: checkAllowBackground: uid=1000 pkg=android rec=UidRecord{b77cac0 1000 PER  fgServices allowlist change:procadj procs:0 seq(1009433,448524)} caps=LCMNFU always=false idle=false
10-10 07:24:10.408  2042  2691 D Persistence: writeHistoricalOpsDLocked 17 ms.
10-10 07:24:10.409  2183  2183 I wificond: Receive notifyCountryCodeChanged
10-10 07:24:10.409  2183  2183 I wificond: UpdateBandInfo
10-10 07:24:10.411  2183  2183 I wificond: 2.4Ghz frequencies: 2412 2417 2422 2427 2432 2437 2442 2447 2452 2457 2462 2467 2472
10-10 07:24:10.411  2183  2183 I wificond: 5Ghz non-DFS frequencies: 5745 5765 5785 5805 5825 5845 5865
10-10 07:24:10.411  2183  2183 I wificond: 5Ghz DFS frequencies: 5180 5200 5220 5240 5260 5280 5300 5320 5500 5520 5540 5560 5580 5600 5620 5640 5660 5680 5700 5720
10-10 07:24:10.411  2183  2183 I wificond: 6Ghz frequencies:
10-10 07:24:10.411  2183  2183 I wificond: 60Ghz frequencies:
10-10 07:24:10.415  2042  2691 D Persistence: writeHistoricalOpsDLocked 4 ms.
10-10 07:24:10.422  4304  4304 D ArtChoreographerMonitor: invoke error.
10-10 07:24:10.434  2042  6991 I SmartPower: com.google.android.apps.messaging/10165(21061): idle->background(21665ms) R(content provider start ContentProviderRecord{178367 u0 com.google.android.apps.messaging/.shared.datamodel.provider.sharedstorage.SharedStorageProvider}) adj=200.
10-10 07:24:10.437  1443  1443 D android.hardware.wifi@1.0-service: Successfully SetMacAddress.
10-10 07:24:10.445  2042  2802 I ExtM    : zram userate is low, no need to flush: 43
10-10 07:24:10.462  2042  3424 W ContextImpl: Calling a method in the system process without a qualified user: android.app.ContextImpl.sendStickyBroadcast:1637 android.net.connectivity.com.android.server.ConnectivityService.sendStickyBroadcast:4282 android.net.connectivity.com.android.server.ConnectivityService.sendLegacyNetworkBroadcast:12923 android.net.connectivity.com.android.server.ConnectivityService$LegacyTypeTracker.remove:1388 android.net.connectivity.com.android.server.ConnectivityService$LegacyTypeTracker.remove:1405 
10-10 07:24:10.478  2183  2183 I wificond: Pno scan started for frequencies: 2412, 2417, 2427, 2432, 2437, 2442, 2447, 2452, 2462, 5180, 5200, 5220, 5240, 5260, 5280, 5300, 5500, 5540, 5580, 5620, 5660, 
10-10 07:24:10.515  2042  8104 D ActivityManager: checkAllowBackground: uid=6102 pkg=com.android.updater rec=UidRecord{fb5909a 6102 CEM  idle change:procadj procs:0 seq(1009347,405348)} caps=------ always=false idle=true
10-10 07:24:10.515  2042  8104 I ActivityManager: App 6102/com.android.updater on idle allowlist; not restricted in background
10-10 07:24:10.516  2042  8104 D ActivityManager: checkAllowBackground: uid=6102 pkg=com.android.updater startMode=0 onallowlist=true onallowlist(ei)=true
10-10 07:24:10.568  2042  9053 D ActivityManager: checkAllowBackground: uid=1000 pkg=com.android.settings rec=UidRecord{b77cac0 1000 PER  fgServices allowlist change:procadj procs:0 seq(1009444,448524)} caps=LCMNFU always=true idle=false
10-10 07:24:10.568  2042  9053 I ActivityManager: App 1000/com.android.settings targets O+, restricted
10-10 07:24:10.568  2042  9053 D ActivityManager: checkAllowBackground: uid=1000 pkg=com.android.settings startMode=2 onallowlist=true onallowlist(ei)=true
10-10 07:24:10.568  2042  2787 D ActivityManager: checkAllowBackground: uid=1000 pkg=com.android.settings rec=UidRecord{b77cac0 1000 PER  fgServices allowlist change:procadj procs:0 seq(1009444,448524)} caps=LCMNFU always=true idle=false
10-10 07:24:10.568  2042  2787 I ActivityManager: App 1000/com.android.settings targets O+, restricted
10-10 07:24:10.568  2042  2787 D ActivityManager: checkAllowBackground: uid=1000 pkg=com.android.settings startMode=2 onallowlist=true onallowlist(ei)=true
10-10 07:24:10.587  2042  9053 D ActivityManager: checkAllowBackground: uid=10189 pkg=com.google.android.youtube rec=UidRecord{441cb9f u0a189 CEM  idle change:procadj procs:0 seq(1009298,993862)} caps=------ always=false idle=true
10-10 07:24:10.623  4304  4304 D ArtChoreographerMonitor: invoke error.
10-10 07:24:10.652  2042  2802 I ExtM    : zram userate is low, no need to flush: 43
10-10 07:24:10.901  2042  3095 D ActivityManager: checkAllowBackground: uid=10163 pkg=com.google.android.gms rec=UidRecord{3efeecd u0a163 FGS  change:procadj procs:0 seq(1009439,425084)} caps=LCMNFU always=false idle=false
10-10 07:24:10.903  2042  3095 I SmartPower: com.google.android.gms.ui/10163(17035): idle->background(94195ms) R(service create com.google.android.gms/.chimera.UiIntentOperationService) adj=0.
10-10 07:24:10.910  2042  3095 D ActivityManager: checkAllowBackground: uid=10163 pkg=com.google.android.gms rec=UidRecord{3efeecd u0a163 FGS  change:procadj procs:0 seq(1009452,425084)} caps=LCMNFU always=false idle=false
10-10 07:24:10.964  2042  2787 I SmartPower: com.mi.android.globallauncher/10081(4339): idle->background(10503ms) R(broadcast start Intent { act=android.net.conn.CONNECTIVITY_CHANGE flg=0x4200010 (has extras) }) adj=100.
10-10 07:24:10.965  2042  2787 I SmartPower: com.google.android.inputmethod.latin/10176(6431): idle->background(186975ms) R(broadcast start Intent { act=android.net.conn.CONNECTIVITY_CHANGE flg=0x4200010 (has extras) }) adj=100.
10-10 07:24:10.969  2042  2787 I SmartPower: com.mi.globalminusscreen/10308(20285): idle->background(101939ms) R(broadcast start Intent { act=android.net.conn.CONNECTIVITY_CHANGE flg=0x4200010 (has extras) }) adj=100.
10-10 07:24:10.971  2042  2787 I SmartPower: com.xiaomi.mipicks/10120(22862): idle->background(6505ms) R(broadcast start Intent { act=android.net.conn.CONNECTIVITY_CHANGE flg=0x4200010 (has extras) }) adj=905.
10-10 07:24:10.980  2042  6971 D ActivityManager: checkAllowBackground: uid=10120 pkg=com.xiaomi.mipicks rec=UidRecord{9eb460a u0a120 CEM  bg:+3h10m45s365ms idle change:idle|procstate procs:0 seq(1009329,1007722)} caps=------ always=false idle=true
10-10 07:24:10.980  2042  6971 I ActivityManager: App 10120/com.xiaomi.mipicks on idle allowlist; not restricted in background
10-10 07:24:10.980  2042  6971 D ActivityManager: checkAllowBackground: uid=10120 pkg=com.xiaomi.mipicks startMode=0 onallowlist=true onallowlist(ei)=true
10-10 07:24:10.987  2042  2787 I SmartPower: com.miui.cloudservice/10106(24002): idle->background(303089ms) R(broadcast start Intent { act=android.net.conn.CONNECTIVITY_CHANGE flg=0x4200010 (has extras) }) adj=905.
10-10 07:24:10.987  2042  2787 I SmartPower: com.xiaomi.account/10140(24068): idle->background(592928ms) R(broadcast start Intent { act=android.net.conn.CONNECTIVITY_CHANGE flg=0x4200010 (has extras) }) adj=905.
10-10 07:24:10.989  2042  6971 D ActivityManager: checkAllowBackground: uid=10165 pkg=com.google.android.apps.messaging rec=UidRecord{2d425da u0a165 BFGS change:procadj procs:0 seq(1009438,269118)} caps=---NFU always=false idle=false
10-10 07:24:10.991  2042  2787 I SmartPower: com.xiaomi.mipicks:guard/10120(6475): idle->background(305905ms) R(broadcast start Intent { act=android.net.conn.CONNECTIVITY_CHANGE flg=0x4200010 (has extras) }) adj=905.
10-10 07:24:10.996  2042  2787 I SmartPower: com.miui.global.packageinstaller/10117(10346): idle->background(102390ms) R(broadcast start Intent { act=android.net.conn.CONNECTIVITY_CHANGE flg=0x4200010 (has extras) }) adj=925.
10-10 07:24:10.997  2042  2787 I SmartPower: com.microsoft.windowsintune.companyportal/10595(15845): idle->background(592931ms) R(broadcast start Intent { act=android.net.conn.CONNECTIVITY_CHANGE flg=0x4200010 (has extras) }) adj=965.
10-10 07:24:10.998  2042  2787 I SmartPower: com.microsoft.windowsintune.companyportal:auth/10595(16215): idle->background(192703ms) R(broadcast start Intent { act=android.net.conn.CONNECTIVITY_CHANGE flg=0x4200010 (has extras) }) adj=955.
10-10 07:24:10.999  2042  2787 I SmartPower: com.google.android.apps.chromecast.app/10260(23191): idle->background(180457ms) R(broadcast start Intent { act=android.net.conn.CONNECTIVITY_CHANGE flg=0x4200010 (has extras) }) adj=925.
10-10 07:24:11.001  2042  2787 I SmartPower: com.facebook.services/10091(23415): idle->background(187114ms) R(broadcast start Intent { act=android.net.conn.CONNECTIVITY_CHANGE flg=0x4200010 (has extras) }) adj=905.
10-10 07:24:11.032  2042  3500 D isUidValid: uid = 6110
10-10 07:24:11.037  2042  4080 D ActivityManager: checkAllowBackground: uid=10091 pkg=com.facebook.services rec=UidRecord{842ee4b u0a91 CEM  idle change:procadj procs:0 seq(1009335,994395)} caps=------ always=false idle=true
10-10 07:24:11.037  2042  4080 I ActivityManager: App 10091/com.facebook.services on idle allowlist; not restricted in background
10-10 07:24:11.037  2042  4080 D ActivityManager: checkAllowBackground: uid=10091 pkg=com.facebook.services startMode=0 onallowlist=true onallowlist(ei)=true
10-10 07:24:11.049  2042  3500 D isUidValid: uid = 10106
10-10 07:24:11.074  2042  6981 W ActivityManager: Unable to start service Intent { act=com.xiaomi.account.action.BIND_SECURITY_DEVICE_CREDENTIAL pkg=com.xiaomi.account } U=0: not found
10-10 07:24:11.095  2042  7002 D PackageManager: set app component=ComponentInfo{com.facebook.services/com.facebook.oxygen.services.fbns.RegisteredMqttSystemBroadcastReceiver} enabled state: 2 from com.facebook.services,uid=10091,pid=23415
10-10 07:24:11.353  2042  2042 D UiModeManager: updateConfigurationLocked: mDockState=0; mCarMode=false; mCar=false; mPowerSave=false; mOverrideNightModeOn=false; mOverrideNightModeOff=false; mComputedNightMode=false; mNightMode=1; uiMode=17
10-10 07:24:11.588  2042  2802 I ExtM    : zram userate is low, no need to flush: 43
10-10 07:24:12.576  2042  3524 I SmartPower: com.xiaomi.discover/10121(23492): background->idle(3003ms) R(broadcast start Intent { act=android.intent.action.BATTERY_CHANGED flg=0x60000010 (has extras) }) adj=915.
10-10 07:24:12.577  2042  3524 I SmartPower: com.miui.android.fashiongallery/10228(32611): background->idle(3001ms) R(broadcast start Intent { act=android.intent.action.BATTERY_CHANGED flg=0x60000010 (has extras) }) adj=925.
10-10 07:24:12.578  2042  3524 I SmartPower: com.facebook.appmanager/10138(27658): background->idle(3000ms) R(broadcast start Intent { act=android.intent.action.BATTERY_CHANGED flg=0x60000010 (has extras) }) adj=915.
10-10 07:24:12.580  2042  3524 I SmartPower: com.facebook.katana/10243(13231): background->idle(3001ms) R(broadcast start Intent { act=android.intent.action.BATTERY_CHANGED flg=0x60000010 (has extras) }) adj=915.
10-10 07:24:12.581  2042  3524 I SmartPower: com.google.android.apps.tachyon/10226(15532): background->idle(3000ms) R(broadcast start Intent { act=android.intent.action.BATTERY_CHANGED flg=0x60000010 (has extras) }) adj=955.
10-10 07:24:12.583  2042  3524 I SmartPower: com.google.android.apps.magazines/10234(19722): background->idle(3000ms) R(broadcast start Intent { act=android.intent.action.BATTERY_CHANGED flg=0x60000010 (has extras) }) adj=905.
10-10 07:24:12.583  2042  3524 I SmartPower: com.android.chrome/10172(25786): background->idle(3001ms) R(broadcast start Intent { act=android.intent.action.BATTERY_CHANGED flg=0x60000010 (has extras) }) adj=900.
10-10 07:24:12.585  2042  3524 I SmartPower: com.google.android.youtube/10189(23130): background->idle(3001ms) R(broadcast start Intent { act=android.intent.action.BATTERY_CHANGED flg=0x60000010 (has extras) }) adj=955.
10-10 07:24:13.436  2042  3524 I SmartPower: com.google.android.apps.messaging/10165(21061): background->idle(3002ms) R(content provider start ContentProviderRecord{178367 u0 com.google.android.apps.messaging/.shared.datamodel.provider.sharedstorage.SharedStorageProvider}) adj=200.
10-10 07:24:13.904  2042  3524 I SmartPower: com.google.android.gms.ui/10163(17035): background->idle(3001ms) R(service create com.google.android.gms/.chimera.UiIntentOperationService) adj=800.
10-10 07:24:13.967  2042  3524 I SmartPower: com.mi.android.globallauncher/10081(4339): background->idle(3003ms) R(broadcast start Intent { act=android.net.conn.CONNECTIVITY_CHANGE flg=0x4200010 (has extras) }) adj=100.
10-10 07:24:13.967  2042  3524 I SmartPower: com.google.android.inputmethod.latin/10176(6431): background->idle(3002ms) R(broadcast start Intent { act=android.net.conn.CONNECTIVITY_CHANGE flg=0x4200010 (has extras) }) adj=100.
10-10 07:24:13.970  2042  3524 I SmartPower: com.mi.globalminusscreen/10308(20285): background->idle(3001ms) R(broadcast start Intent { act=android.net.conn.CONNECTIVITY_CHANGE flg=0x4200010 (has extras) }) adj=100.
10-10 07:24:13.987  2042  3524 I SmartPower: com.miui.cloudservice/10106(24002): background->idle(3001ms) R(broadcast start Intent { act=android.net.conn.CONNECTIVITY_CHANGE flg=0x4200010 (has extras) }) adj=100.
10-10 07:24:13.988  2042  3524 I SmartPower: com.xiaomi.account/10140(24068): background->idle(3000ms) R(broadcast start Intent { act=android.net.conn.CONNECTIVITY_CHANGE flg=0x4200010 (has extras) }) adj=915.
10-10 07:24:13.992  2042  3524 I SmartPower: com.xiaomi.mipicks:guard/10120(6475): background->idle(3001ms) R(broadcast start Intent { act=android.net.conn.CONNECTIVITY_CHANGE flg=0x4200010 (has extras) }) adj=905.
10-10 07:24:13.992  2042  3524 I SmartPower: com.xiaomi.mipicks/10120(22862): background->idle(3021ms) R(broadcast start Intent { act=android.net.conn.CONNECTIVITY_CHANGE flg=0x4200010 (has extras) }) adj=905.
10-10 07:24:13.997  2042  3524 I SmartPower: com.miui.global.packageinstaller/10117(10346): background->idle(3001ms) R(broadcast start Intent { act=android.net.conn.CONNECTIVITY_CHANGE flg=0x4200010 (has extras) }) adj=905.
10-10 07:24:13.997  2042  3524 I SmartPower: com.microsoft.windowsintune.companyportal:omadm_client_process/10595(24109): background->idle(186094ms) R(broadcast start Intent { act=android.net.conn.CONNECTIVITY_CHANGE flg=0x4200010 (has extras) }) adj=905.
10-10 07:24:13.997  2042  3524 I SmartPower: com.microsoft.windowsintune.companyportal/10595(15845): background->idle(3001ms) R(broadcast start Intent { act=android.net.conn.CONNECTIVITY_CHANGE flg=0x4200010 (has extras) }) adj=905.
10-10 07:24:13.998  2042  3524 I SmartPower: com.microsoft.windowsintune.companyportal:auth/10595(16215): background->idle(3000ms) R(broadcast start Intent { act=android.net.conn.CONNECTIVITY_CHANGE flg=0x4200010 (has extras) }) adj=905.
10-10 07:24:14.000  2042  3524 I SmartPower: com.google.android.apps.chromecast.app/10260(23191): background->idle(3001ms) R(broadcast start Intent { act=android.net.conn.CONNECTIVITY_CHANGE flg=0x4200010 (has extras) }) adj=975.
10-10 07:24:14.002  2042  3524 I SmartPower: com.facebook.services/10091(23415): background->idle(3001ms) R(broadcast start Intent { act=android.net.conn.CONNECTIVITY_CHANGE flg=0x4200010 (has extras) }) adj=905.
10-10 07:24:17.065  2042  2761 W ProcessStats: Tracking association SourceState{cdd4590 com.miui.securitycenter.remote/1000 Fgs #139866} whose proc state 3 is better than process ProcessState{aab7cbe com.miui.analytics/10093 pkg=com.miui.analytics} proc state 5 (440 skipped)
10-10 07:24:17.540  2042  2042 D UiModeManager: updateConfigurationLocked: mDockState=0; mCarMode=false; mCar=false; mPowerSave=false; mOverrideNightModeOn=false; mOverrideNightModeOff=false; mComputedNightMode=false; mNightMode=1; uiMode=17
10-10 07:24:17.918  2042  8301 I SmartPower: com.google.android.gms.ui/10163(17035): idle->background(4015ms) R(service destroy com.google.android.gms/.chimera.UiIntentOperationService) adj=800.
10-10 07:24:18.035  2042  2787 I SmartPower: com.xiaomi.discover/10121(23492): idle->background(5460ms) R(broadcast start Intent { act=android.intent.action.BATTERY_CHANGED flg=0x60000010 (has extras) }) adj=915.
10-10 07:24:18.036  2042  2787 I SmartPower: com.miui.android.fashiongallery/10228(32611): idle->background(5458ms) R(broadcast start Intent { act=android.intent.action.BATTERY_CHANGED flg=0x60000010 (has extras) }) adj=905.
10-10 07:24:18.036  2042  2787 I SmartPower: com.facebook.appmanager/10138(27658): idle->background(5458ms) R(broadcast start Intent { act=android.intent.action.BATTERY_CHANGED flg=0x60000010 (has extras) }) adj=915.
10-10 07:24:18.037  2042  2787 I SmartPower: com.facebook.katana/10243(13231): idle->background(5457ms) R(broadcast start Intent { act=android.intent.action.BATTERY_CHANGED flg=0x60000010 (has extras) }) adj=915.
10-10 07:24:18.037  2042  2787 I SmartPower: com.google.android.apps.tachyon/10226(15532): idle->background(5456ms) R(broadcast start Intent { act=android.intent.action.BATTERY_CHANGED flg=0x60000010 (has extras) }) adj=955.
10-10 07:24:18.038  2042  2787 I SmartPower: com.google.android.apps.magazines/10234(19722): idle->background(5455ms) R(broadcast start Intent { act=android.intent.action.BATTERY_CHANGED flg=0x60000010 (has extras) }) adj=905.
10-10 07:24:18.039  2042  2787 I SmartPower: com.android.chrome/10172(25786): idle->background(5455ms) R(broadcast start Intent { act=android.intent.action.BATTERY_CHANGED flg=0x60000010 (has extras) }) adj=900.
10-10 07:24:18.039  2042  2787 I SmartPower: com.google.android.youtube/10189(23130): idle->background(5454ms) R(broadcast start Intent { act=android.intent.action.BATTERY_CHANGED flg=0x60000010 (has extras) }) adj=915.
10-10 07:24:20.920  2042  3524 I SmartPower: com.google.android.gms.ui/10163(17035): background->idle(3001ms) R(service destroy com.google.android.gms/.chimera.UiIntentOperationService) adj=800.
10-10 07:24:21.037  2042  3524 I SmartPower: com.xiaomi.discover/10121(23492): background->idle(3001ms) R(broadcast start Intent { act=android.intent.action.BATTERY_CHANGED flg=0x60000010 (has extras) }) adj=915.
10-10 07:24:21.037  2042  3524 I SmartPower: com.miui.android.fashiongallery/10228(32611): background->idle(3001ms) R(broadcast start Intent { act=android.intent.action.BATTERY_CHANGED flg=0x60000010 (has extras) }) adj=905.
10-10 07:24:21.037  2042  3524 I SmartPower: com.facebook.appmanager/10138(27658): background->idle(3001ms) R(broadcast start Intent { act=android.intent.action.BATTERY_CHANGED flg=0x60000010 (has extras) }) adj=915.
10-10 07:24:21.037  2042  3524 I SmartPower: com.facebook.katana/10243(13231): background->idle(3000ms) R(broadcast start Intent { act=android.intent.action.BATTERY_CHANGED flg=0x60000010 (has extras) }) adj=915.
10-10 07:24:21.038  2042  3524 I SmartPower: com.google.android.apps.tachyon/10226(15532): background->idle(3001ms) R(broadcast start Intent { act=android.intent.action.BATTERY_CHANGED flg=0x60000010 (has extras) }) adj=955.
10-10 07:24:21.038  2042  3524 I SmartPower: com.google.android.apps.magazines/10234(19722): background->idle(3000ms) R(broadcast start Intent { act=android.intent.action.BATTERY_CHANGED flg=0x60000010 (has extras) }) adj=905.
10-10 07:24:21.038  2042  3524 I SmartPower: com.android.chrome/10172(25786): background->idle(3000ms) R(broadcast start Intent { act=android.intent.action.BATTERY_CHANGED flg=0x60000010 (has extras) }) adj=900.
10-10 07:24:21.038  2042  3524 I SmartPower: com.google.android.youtube/10189(23130): background->idle(3000ms) R(broadcast start Intent { act=android.intent.action.BATTERY_CHANGED flg=0x60000010 (has extras) }) adj=915.
10-10 07:24:21.557   702 26920 I keystore2: system/security/keystore2/src/watchdog.rs:319 - Watchdog thread idle -> terminating. Have a great day.
10-10 07:24:29.269  2042  3123 D ActivityManager: checkAllowBackground: uid=1000 pkg=com.miui.powerkeeper rec=UidRecord{b77cac0 1000 PER  fgServices change:procadj procs:0 seq(1009650,448524)} caps=LCMNFU always=false idle=false
10-10 07:24:29.271  2042  3123 D ActivityManager: checkAllowBackground: uid=10123 pkg=com.miui.msa.global rec=UidRecord{b37a3f7 u0a123 TRNB bg:+39m40s241ms idle change:idle|procstate procs:0 seq(1009603,1009129)} caps=------ always=false idle=true
10-10 07:24:29.273  2042  3123 D ActivityManager: checkAllowBackground: uid=1000 pkg=android rec=UidRecord{b77cac0 1000 PER  fgServices change:procadj procs:0 seq(1009650,448524)} caps=LCMNFU always=false idle=false
10-10 07:24:29.274  2042  3123 D AlarmManager: mBroadcastRefCount -> 1
10-10 07:24:29.277  2042  3123 D AlarmManager: mBroadcastRefCount -> 2
10-10 07:24:29.277  2042  3123 D AlarmManager: mBroadcastRefCount -> 3
10-10 07:24:29.278  4304  4304 D ArtChoreographerMonitor: invoke error.
10-10 07:24:29.280  2042  3123 D ActivityManager: checkAllowBackground: uid=10123 pkg=com.miui.msa.global rec=UidRecord{b37a3f7 u0a123 TRNB bg:+39m40s250ms idle change:idle|procstate procs:0 seq(1009603,1009129)} caps=------ always=false idle=true
10-10 07:24:29.280  2042  3123 I ActivityManager: App 10123/com.miui.msa.global on idle allowlist; not restricted in background
10-10 07:24:29.280  2042  3123 D ActivityManager: checkAllowBackground: uid=10123 pkg=com.miui.msa.global startMode=0 onallowlist=true onallowlist(ei)=true
10-10 07:24:29.281  2042  3123 D AlarmManager: mBroadcastRefCount -> 4
10-10 07:24:29.283  2042  3123 D AlarmManager: mBroadcastRefCount -> 5
10-10 07:24:29.288  2042  3123 D AlarmManager: mBroadcastRefCount -> 6
10-10 07:24:29.292  2042  3123 D AlarmManager: mBroadcastRefCount -> 7
10-10 07:24:29.293  2042  2042 D AlarmManager: mBroadcastRefCount -> 6
10-10 07:24:29.293  2042  2042 D AlarmManager: mPendingIntent -> null
10-10 07:24:29.293  2042  2042 D AlarmManager: mBroadcastRefCount -> 5
10-10 07:24:29.293  2042  2042 D AlarmManager: mPendingIntent -> PendingIntent{72e826c: PendingIntentRecord{612a035 com.miui.msa.global startService}}
10-10 07:24:29.293  2042  2042 D AlarmManager: mBroadcastRefCount -> 4
10-10 07:24:29.293  2042  2042 D AlarmManager: mPendingIntent -> PendingIntent{6c37920: PendingIntentRecord{109f2fe com.miui.misightservice startService}}
10-10 07:24:29.294  2042  2042 D AlarmManager: mBroadcastRefCount -> 3
10-10 07:24:29.294  2042  2042 D AlarmManager: mPendingIntent -> PendingIntent{21bd5a0: PendingIntentRecord{65c281b com.miui.securitycenter startService}}
10-10 07:24:29.294  2042  2042 D AlarmManager: mBroadcastRefCount -> 2
10-10 07:24:29.294  2042  2042 D AlarmManager: mPendingIntent -> PendingIntent{1f4712f: PendingIntentRecord{8eab33c android broadcastIntent}}
10-10 07:24:29.294  2042  2042 D AlarmManager: mBroadcastRefCount -> 1
10-10 07:24:29.294  2042  2042 D AlarmManager: mPendingIntent -> PendingIntent{7ba0a5f: PendingIntentRecord{dd98cac com.miui.powerkeeper startService}}
10-10 07:24:29.294  2042  6998 D ActivityManager: checkAllowBackground: uid=1000 pkg=com.miui.securitycenter rec=UidRecord{b77cac0 1000 PER  fgServices change:procadj procs:0 seq(1009672,448524)} caps=LCMNFU always=false idle=false
10-10 07:24:29.299  2042  3411 D AlarmManager: mBroadcastRefCount -> 0
10-10 07:24:29.299  2042  3411 D AlarmManager: mPendingIntent -> null
10-10 07:24:29.493  4304  4304 D ArtChoreographerMonitor: invoke error.
10-10 07:26:51.801  2183  2183 I wificond: Pno scan result ready event
10-10 07:26:51.830  2183  2183 W wificond: Unexpected pno scan stopped event
10-10 07:26:51.841  1443  1443 D android.hardware.wifi@1.0-service: Successfully SetMacAddress.
10-10 07:26:51.853  2183  2183 W wificond: Scan is not started. Ignore abort request
10-10 07:26:51.863  2042  3411 W ContextImpl: Calling a method in the system process without a qualified user: android.app.ContextImpl.sendStickyBroadcast:1637 com.android.server.wifi.ClientModeImpl.sendNetworkChangeBroadcast:3276 com.android.server.wifi.ClientModeImpl.lambda$sendNetworkChangeBroadcastWithCurrentState$14:3246 com.android.server.wifi.ClientModeImpl.$r8$lambda$q-j88Pjw4gROgoJFr8wBlBVbuJI:0 com.android.server.wifi.ClientModeImpl$$ExternalSyntheticLambda4.send:0 
10-10 07:26:51.868  2183  2183 W wificond: No pno scan started
10-10 07:26:51.868  2183  2183 W wificond: Scheduled scan is not running!
10-10 07:26:52.022  2042  3411 W ContextImpl: Calling a method in the system process without a qualified user: android.app.ContextImpl.sendStickyBroadcast:1637 com.android.server.wifi.ClientModeImpl.sendNetworkChangeBroadcast:3276 com.android.server.wifi.ClientModeImpl.lambda$sendNetworkChangeBroadcastWithCurrentState$14:3246 com.android.server.wifi.ClientModeImpl.$r8$lambda$q-j88Pjw4gROgoJFr8wBlBVbuJI:0 com.android.server.wifi.ClientModeImpl$$ExternalSyntheticLambda4.send:0 
10-10 07:26:52.046  2042  3411 W ContextImpl: Calling a method in the system process without a qualified user: android.app.ContextImpl.sendStickyBroadcast:1637 com.android.server.wifi.ClientModeImpl.sendNetworkChangeBroadcast:3276 com.android.server.wifi.ClientModeImpl.lambda$sendNetworkChangeBroadcastWithCurrentState$14:3246 com.android.server.wifi.ClientModeImpl.$r8$lambda$q-j88Pjw4gROgoJFr8wBlBVbuJI:0 com.android.server.wifi.ClientModeImpl$$ExternalSyntheticLambda4.send:0 
10-10 07:26:52.056  2042  3411 W ContextImpl: Calling a method in the system process without a qualified user: android.app.ContextImpl.sendStickyBroadcast:1637 com.android.server.wifi.ClientModeImpl.sendNetworkChangeBroadcast:3276 com.android.server.wifi.ClientModeImpl.lambda$sendNetworkChangeBroadcastWithCurrentState$14:3246 com.android.server.wifi.ClientModeImpl.$r8$lambda$q-j88Pjw4gROgoJFr8wBlBVbuJI:0 com.android.server.wifi.ClientModeImpl$$ExternalSyntheticLambda4.send:0 
10-10 07:26:52.070  2042  6878 D ActivityManager: checkAllowBackground: uid=1073 pkg=com.google.android.networkstack rec=UidRecord{10afb8f 1073 PER  change:procadj procs:0 seq(1009626,34)} caps=LCMNFU always=false idle=false
10-10 07:26:52.109  2042  4541 D ActivityManager: checkAllowBackground: uid=1073 pkg=com.google.android.networkstack rec=UidRecord{10afb8f 1073 PER  change:procadj procs:0 seq(1009626,34)} caps=LCMNFU always=false idle=false
10-10 07:26:52.119  2042  4541 D ActivityManager: checkAllowBackground: uid=1073 pkg=com.google.android.networkstack rec=UidRecord{10afb8f 1073 PER  change:procadj procs:0 seq(1009626,34)} caps=LCMNFU always=false idle=false
10-10 07:26:52.121  2042  4541 D ActivityManager: checkAllowBackground: uid=1073 pkg=com.google.android.networkstack rec=UidRecord{10afb8f 1073 PER  change:procadj procs:0 seq(1009626,34)} caps=LCMNFU always=false idle=false
10-10 07:26:52.160  2042  4541 D ActivityManager: checkAllowBackground: uid=1073 pkg=com.google.android.networkstack rec=UidRecord{10afb8f 1073 PER  change:procadj procs:0 seq(1009626,34)} caps=LCMNFU always=false idle=false
10-10 07:26:52.559  2042  2787 I SmartPower: com.facebook.katana/10243(13231): idle->background(3851ms) R(broadcast start Intent { act=android.net.wifi.STATE_CHANGE flg=0x14000010 (has extras) }) adj=915.
10-10 07:26:53.149  2042  3123 D AlarmManager: mBroadcastRefCount -> 1
10-10 07:26:53.150  2042  3123 D AlarmManager: mBroadcastRefCount -> 2
10-10 07:26:53.150  2042  3123 D AlarmManager: mBroadcastRefCount -> 3
10-10 07:26:53.150  2042  3123 D AlarmManager: mBroadcastRefCount -> 4
10-10 07:26:53.151  2042  3123 D ActivityManager: checkAllowBackground: uid=1000 pkg=android rec=UidRecord{b77cac0 1000 PER  fgServices change:procadj procs:0 seq(1009672,448524)} caps=LCMNFU always=false idle=false
10-10 07:26:53.151  2042  3123 D AlarmManager: mBroadcastRefCount -> 5
10-10 07:26:53.151  2042  3123 D AlarmManager: mBroadcastRefCount -> 6
10-10 07:26:53.151  2042  2042 D AlarmManager: mBroadcastRefCount -> 5
10-10 07:26:53.151  2042  2042 D AlarmManager: mPendingIntent -> null
10-10 07:26:53.151  2042  3110 D AlarmManager: mBroadcastRefCount -> 4
10-10 07:26:53.151  2042  3110 D AlarmManager: mPendingIntent -> null
10-10 07:26:53.152  2042  3110 D ActivityManager: checkAllowBackground: uid=1000 pkg=android rec=UidRecord{b77cac0 1000 PER  fgServices change:procadj procs:0 seq(1009672,448524)} caps=LCMNFU always=false idle=false
10-10 07:26:53.152  2042  2074 D ActivityManager: checkAllowBackground: uid=1000 pkg=android rec=UidRecord{b77cac0 1000 PER  fgServices change:procadj procs:0 seq(1009672,448524)} caps=LCMNFU always=false idle=false
10-10 07:26:53.152  2042  2042 D AlarmManager: mBroadcastRefCount -> 3
10-10 07:26:53.152  2042  2042 D AlarmManager: mPendingIntent -> null
10-10 07:26:53.153  2042  4565 D ActivityManager: checkAllowBackground: uid=1073 pkg=com.google.android.networkstack rec=UidRecord{10afb8f 1073 PER  change:procadj procs:0 seq(1009626,34)} caps=LCMNFU always=false idle=false
10-10 07:26:53.153  2042  2042 D AlarmManager: mBroadcastRefCount -> 2
10-10 07:26:53.153  2042  2042 D AlarmManager: mPendingIntent -> null
10-10 07:26:53.154  2042  3110 D AlarmManager: mBroadcastRefCount -> 1
10-10 07:26:53.154  2042  3110 D AlarmManager: mPendingIntent -> null
10-10 07:26:53.154  2042  2074 D ActivityManager: checkAllowBackground: uid=1000 pkg=android rec=UidRecord{b77cac0 1000 PER  fgServices change:procadj procs:0 seq(1009672,448524)} caps=LCMNFU always=false idle=false
10-10 07:26:53.154  2042  4565 D AlarmManager: mBroadcastRefCount -> 0
10-10 07:26:53.154  2042  4565 D AlarmManager: mPendingIntent -> null
10-10 07:26:53.155  2042  3110 D ActivityManager: checkAllowBackground: uid=1000 pkg=android rec=UidRecord{b77cac0 1000 PER  fgServices change:procadj procs:0 seq(1009672,448524)} caps=LCMNFU always=false idle=false
10-10 07:26:53.157  4304  4304 D ArtChoreographerMonitor: invoke error.
10-10 07:26:53.205  2042  2787 I ActivityManager: Waited long enough for: ServiceRecord{a248ab u0 com.android.updater/.UpdateService}
10-10 07:26:53.385  4304  4304 D ArtChoreographerMonitor: invoke error.
10-10 07:26:54.259  2042  4565 D ActivityManager: checkAllowBackground: uid=1073 pkg=com.google.android.networkstack rec=UidRecord{10afb8f 1073 PER  change:procadj procs:0 seq(1009626,34)} caps=LCMNFU always=false idle=false
10-10 07:26:54.260  2042  4565 D ActivityManager: checkAllowBackground: uid=1073 pkg=com.google.android.networkstack rec=UidRecord{10afb8f 1073 PER  change:procadj procs:0 seq(1009626,34)} caps=LCMNFU always=false idle=false
10-10 07:26:54.343  2042  3411 W ContextImpl: Calling a method in the system process without a qualified user: android.app.ContextImpl.sendStickyBroadcast:1637 com.android.server.wifi.ClientModeImpl.sendNetworkChangeBroadcast:3276 com.android.server.wifi.ClientModeImpl.lambda$sendNetworkChangeBroadcastWithCurrentState$14:3246 com.android.server.wifi.ClientModeImpl.$r8$lambda$q-j88Pjw4gROgoJFr8wBlBVbuJI:0 com.android.server.wifi.ClientModeImpl$$ExternalSyntheticLambda4.send:0 
10-10 07:26:54.350  2042  8301 D ActivityManager: checkAllowBackground: uid=1073 pkg=com.google.android.networkstack rec=UidRecord{10afb8f 1073 PER  change:procadj procs:0 seq(1009626,34)} caps=LCMNFU always=false idle=false
10-10 07:26:54.352  2042  8301 D ActivityManager: checkAllowBackground: uid=1073 pkg=com.google.android.networkstack rec=UidRecord{10afb8f 1073 PER  change:procadj procs:0 seq(1009626,34)} caps=LCMNFU always=false idle=false
10-10 07:26:54.354  2042  4565 D ActivityManager: checkAllowBackground: uid=1073 pkg=com.google.android.networkstack rec=UidRecord{10afb8f 1073 PER  change:procadj procs:0 seq(1009626,34)} caps=LCMNFU always=false idle=false
10-10 07:26:54.357  2042  3411 W ContextImpl: Calling a method in the system process without a qualified user: android.app.ContextImpl.sendBroadcast:1246 android.content.ContextWrapper.sendBroadcast:520 com.android.server.wifi.ClientModeImplInjector.sendDigestInfoBroadcast:133 com.android.server.wifi.WifiOptimizationImpl.sendDigestInfoBroadcast:551 com.android.server.wifi.WifiOptimizationStub.sendDigestInfoBroadcast:392 
10-10 07:26:54.357  2042  3411 W ContextImpl: Calling a method in the system process without a qualified user: android.app.ContextImpl.sendStickyBroadcast:1637 com.android.server.wifi.ClientModeImpl.sendNetworkChangeBroadcast:3276 com.android.server.wifi.ClientModeImpl.lambda$sendNetworkChangeBroadcastWithCurrentState$14:3246 com.android.server.wifi.ClientModeImpl.$r8$lambda$q-j88Pjw4gROgoJFr8wBlBVbuJI:0 com.android.server.wifi.ClientModeImpl$$ExternalSyntheticLambda4.send:0 
10-10 07:26:54.369  2042  3411 D ActivityManager: checkAllowBackground: uid=1000 pkg=android rec=UidRecord{b77cac0 1000 PER  fgServices change:procadj procs:0 seq(1009672,448524)} caps=LCMNFU always=false idle=false
10-10 07:26:54.387  2183  2183 I wificond: station_bandwidth: 
10-10 07:26:54.406  2042  4565 I SmartPower: com.google.android.apps.messaging/10165(21061): idle->background(13299ms) R(content provider start ContentProviderRecord{178367 u0 com.google.android.apps.messaging/.shared.datamodel.provider.sharedstorage.SharedStorageProvider}) adj=200.
10-10 07:26:54.410  2042  3535 D ActivityManager: checkAllowBackground: uid=1000 pkg=android rec=UidRecord{b77cac0 1000 PER  fgServices change:procadj procs:0 seq(1009672,448524)} caps=LCMNFU always=false idle=false
10-10 07:26:54.415  2042  3424 W ContextImpl: Calling a method in the system process without a qualified user: android.app.ContextImpl.sendStickyBroadcast:1637 android.net.connectivity.com.android.server.ConnectivityService.sendStickyBroadcast:4282 android.net.connectivity.com.android.server.ConnectivityService.sendGeneralBroadcast:4252 android.net.connectivity.com.android.server.ConnectivityService.sendConnectedBroadcast:4225 android.net.connectivity.com.android.server.ConnectivityService.sendLegacyNetworkBroadcast:12895 
10-10 07:26:54.434  4304  4304 D ArtChoreographerMonitor: invoke error.
10-10 07:26:54.440 20578 25414 I Ad      : isPersonalizedAdEnabled getAdSettings: 2
10-10 07:26:54.450  2042  3500 D isUidValid: uid = 10123
10-10 07:26:54.457 20285 26992 I Ad      : isPersonalizedAdEnabled getAdSettings: 2
10-10 07:26:54.530  2042  2074 D ActivityManager: checkAllowBackground: uid=1000 pkg=android rec=UidRecord{b77cac0 1000 PER  fgServices change:procadj procs:0 seq(1009697,448524)} caps=LCMNFU always=false idle=false
10-10 07:26:54.634  4304  4304 D ArtChoreographerMonitor: invoke error.
10-10 07:26:54.682  2042  4079 D ActivityManager: checkAllowBackground: uid=10163 pkg=com.google.android.gms rec=UidRecord{3efeecd u0a163 FGS  change:procadj procs:0 seq(1009692,425084)} caps=LCMNFU always=false idle=false
10-10 07:26:54.836  2042  4079 D ActivityManager: checkAllowBackground: uid=10163 pkg=com.google.android.gms rec=UidRecord{3efeecd u0a163 FGS  change:procadj procs:0 seq(1009692,425084)} caps=LCMNFU always=false idle=false
10-10 07:26:54.839  2042  6981 D ActivityManager: checkAllowBackground: uid=10163 pkg=com.google.android.gms rec=UidRecord{3efeecd u0a163 FGS  change:procadj procs:0 seq(1009692,425084)} caps=LCMNFU always=false idle=false
10-10 07:26:54.839  2042  3110 D ActivityManager: checkAllowBackground: uid=10120 pkg=com.xiaomi.mipicks rec=UidRecord{9eb460a u0a120 CEM  bg:+3h13m29s223ms idle change:procadj procs:0 seq(1009606,1007722)} caps=------ always=false idle=true
10-10 07:26:54.855  2042  3110 W ProcessStats: Tracking association SourceState{cdd4590 com.miui.securitycenter.remote/1000 Fgs #139891} whose proc state 3 is better than process ProcessState{aab7cbe com.miui.analytics/10093 pkg=com.miui.analytics} proc state 5 (165 skipped)
10-10 07:26:54.855  2042  3110 I SmartPower: com.xiaomi.mipicks/10120(22862): idle->background(13192ms) R(service create com.xiaomi.mipicks/androidx.work.impl.background.systemjob.SystemJobService) adj=0.
10-10 07:26:54.857  2042  3424 W ContextImpl: Calling a method in the system process without a qualified user: android.app.ContextImpl.sendStickyBroadcast:1637 android.net.connectivity.com.android.server.ConnectivityService.sendStickyBroadcast:4282 android.net.connectivity.com.android.server.ConnectivityService.sendGeneralBroadcast:4252 android.net.connectivity.com.android.server.ConnectivityService.sendInetConditionBroadcast:4229 android.net.connectivity.com.android.server.ConnectivityService.updateInetCondition:12547 
10-10 07:26:54.873  2042  3411 D ActivityManager: checkAllowBackground: uid=1000 pkg=android rec=UidRecord{b77cac0 1000 PER  fgServices change:procadj procs:0 seq(1009706,448524)} caps=LCMNFU always=false idle=false
10-10 07:26:54.875  2042  2802 I ExtM    : zram userate is low, no need to flush: 43
10-10 07:26:54.877  2042  4079 D ActivityManager: checkAllowBackground: uid=10137 pkg=com.xiaomi.xmsf rec=UidRecord{59b2293 u0a137 IMPF change:procadj procs:0 seq(1009600,280958)} caps=------ always=false idle=false
10-10 07:26:54.887  2042  9046 D ActivityManager: checkAllowBackground: uid=10163 pkg=com.google.android.gms rec=UidRecord{3efeecd u0a163 FGS  change:procadj procs:0 seq(1009692,425084)} caps=LCMNFU always=false idle=false
10-10 07:26:54.889  2042  9046 I SmartPower: com.google.android.gms.ui/10163(17035): idle->background(6298ms) R(service create com.google.android.gms/.chimera.UiIntentOperationService) adj=0.
10-10 07:26:54.897  2042  4079 D ActivityManager: checkAllowBackground: uid=10163 pkg=com.google.android.gms rec=UidRecord{3efeecd u0a163 FGS  change:procadj procs:0 seq(1009721,425084)} caps=LCMNFU always=false idle=false
10-10 07:26:54.897  2042  6981 D ActivityManager: checkAllowBackground: uid=10120 pkg=com.xiaomi.mipicks rec=UidRecord{9eb460a u0a120 CEM  bg:+3h13m29s282ms idle change:procadj procs:0 seq(1009715,1007722)} caps=------ always=false idle=true
