07-25 09:44:10.343  2436  2436 W PackageManager: Failed to scan /system/app/MIUIDeskClockGlobal: Package com.android.deskclock at /system/app/MIUIDeskClockGlobal ignored: updated version 1303002500 better than this 130205700
07-25 09:44:10.344  2436  2436 W PackageManager: Failed to scan /system/app/MIUIGuardProviderGlobal: Package com.miui.guardprovider at /system/app/MIUIGuardProviderGlobal ignored: updated version 185 better than this 149
07-25 09:44:10.344  2436  2436 W PackageManager: Failed to scan /system/app/MIUIGlobalPackageInstaller: Package com.miui.global.packageinstaller at /system/app/MIUIGlobalPackageInstaller ignored: updated version 330 better than this 248
07-25 09:44:10.345  2436  2436 W PackageManager: Failed to scan /system/app/MIUIFileExplorerGlobal: Package com.mi.android.globalFileexplorer at /system/app/MIUIFileExplorerGlobal ignored: updated version 20210601 better than this 20210558
07-25 09:44:10.354  2436  2436 W PackageManager: Failed to scan /system/app/MIUISystemAppUpdater: Package com.xiaomi.discover at /system/app/MIUISystemAppUpdater ignored: updated version 2000830 better than this 2000634
07-25 09:44:10.355  2436  2436 W PackageManager: Failed to scan /system/app/MIUIThemeManagerGlobal: Package com.android.thememanager at /system/app/MIUIThemeManagerGlobal ignored: updated version 2070712 better than this 2010810
07-25 09:44:10.358  2436  2436 W PackageManager: Failed to scan /system/app/MIUIVideoPlayer: Package com.miui.videoplayer at /system/app/MIUIVideoPlayer ignored: updated version 2025070160 better than this 2022081500
07-25 09:44:10.360  2436  2436 W PackageManager: Failed to scan /system/app/MSA-Global: Package com.miui.msa.global at /system/app/MSA-Global ignored: updated version 2025021700 better than this 2022010700
07-25 09:44:10.360  2436  2436 W PackageManager: Failed to scan /system/app/MiBugReportGlobal: Package com.miui.bugreport at /system/app/MiBugReportGlobal ignored: updated version 16000400 better than this 3031523
07-25 09:44:10.363  2436  2436 W PackageManager: Failed to scan /system/app/MiGameCenterGlobal: Package com.xiaomi.glgm at /system/app/MiGameCenterGlobal ignored: updated version 2025032400 better than this 2022121300
07-25 09:44:10.370  2436  2436 W PackageManager: Failed to scan /system/app/MiuiSecurityAddGlobal: Package com.miui.securityadd at /system/app/MiuiSecurityAddGlobal ignored: updated version 91157 better than this 91123
07-25 09:44:10.376  2436  2436 W PackageManager: Failed to scan /system/app/PlayAutoInstallStubApp: Package android.autoinstalls.config.Xiaomi.model at /system/app/PlayAutoInstallStubApp ignored: updated version 1001 better than this 1
07-25 09:44:10.377  2436  2436 W PackageManager: Skipping provider name com.miui.providers.steps (in package com.miui.powerkeeper): name already used by com.miui.rom
07-25 09:44:10.382  2436  2436 W PackageManager: Failed to scan /system/app/XiaomiAccount: Package com.xiaomi.account at /system/app/XiaomiAccount ignored: updated version 324110506 better than this 322103100
07-25 09:44:10.383  2436  2436 W PackageManager: Failed to scan /system/app/XiaomiServiceFrameworkGlobal: Package com.xiaomi.xmsf at /system/app/XiaomiServiceFrameworkGlobal ignored: updated version 60001080 better than this 50003009
07-25 09:44:10.384  2436  2436 W PackageManager: Failed to scan /system/app/XiaomiSimActivateService: Package com.xiaomi.simactivate.service at /system/app/XiaomiSimActivateService ignored: updated version 1230214 better than this 220706
07-25 09:44:10.385  2436  2436 W PackageManager: Failed to scan /system/app/facebook-appmanager: Package com.facebook.appmanager at /system/app/facebook-appmanager ignored: updated version 518429307 better than this 421813832
07-25 09:44:10.387  2436  2436 W PackageManager: Failed to parse /system/app/miuix: /system/app/miuix/miuix.apk (at Binary XML file line #11): Empty class name in package miuix.stub
07-25 09:44:10.407  2436  2436 W PackageManager: Failed to scan /product/priv-app/AndroidAutoStub: Package com.google.android.projection.gearhead at /product/priv-app/AndroidAutoStub ignored: updated version 146652454 better than this 12520120
07-25 09:44:10.409  2436  2436 W PackageManager: Failed to scan /product/priv-app/CarrierServices: Package com.google.android.ims at /product/priv-app/CarrierServices ignored: updated version 31144015 better than this 30818376
07-25 09:44:10.411  2436  2436 W PackageManager: Failed to scan /product/priv-app/GoogleAssistant: Package com.google.android.apps.googleassistant at /product/priv-app/GoogleAssistant ignored: updated version 76 better than this 41
07-25 09:44:10.411  2436  2436 W PackageManager: Failed to scan /product/priv-app/GoogleDialer: Package com.google.android.dialer at /product/priv-app/GoogleDialer ignored: updated version 18863788 better than this 10416148
07-25 09:44:10.413  2436  2436 W PackageManager: Failed to scan /product/priv-app/GooglePartnerSetup: Package com.google.android.partnersetup at /product/priv-app/GooglePartnerSetup ignored: updated version 7885 better than this 1394
07-25 09:44:10.413  2436  2436 W PackageManager: Failed to scan /product/priv-app/GoogleRestore: Package com.google.android.apps.restore at /product/priv-app/GoogleRestore ignored: updated version 818758 better than this 137084
07-25 09:44:10.416  2436  2436 W PackageManager: Failed to scan /product/priv-app/Messages: Package com.google.android.apps.messaging at /product/priv-app/Messages ignored: updated version 284198063 better than this 131485063
07-25 09:44:10.416  2436  2436 W PackageManager: Failed to scan /product/priv-app/GmsCore: Package com.google.android.gms at /product/priv-app/GmsCore ignored: updated version 252635029 better than this 221820045
07-25 09:44:10.416  2436  2436 D CompatibilityChangeReporter: Compat change id reported: 168782947; UID -1; state: DISABLED
07-25 09:44:10.418  2436  2436 W PackageManager: Failed to scan /product/priv-app/SearchSelector: Package com.google.android.apps.setupwizard.searchselector at /product/priv-app/SearchSelector ignored: updated version 3762 better than this 584
07-25 09:44:10.419  2436  2436 W PackageManager: Failed to scan /product/priv-app/Phonesky: Package com.android.vending at /product/priv-app/Phonesky ignored: updated version 84712130 better than this 83311610
07-25 09:44:10.420  2436  2436 W PackageManager: Failed to scan /product/priv-app/Wellbeing: Package com.google.android.apps.wellbeing at /product/priv-app/Wellbeing ignored: updated version 737427 better than this 382837
07-25 09:44:10.420  2436  2436 W PackageManager: Failed to scan /product/priv-app/Velvet: Package com.google.android.googlequicksearchbox at /product/priv-app/Velvet ignored: updated version 301555722 better than this 301201217
07-25 09:44:10.450  2436  2436 W PackageManager: Failed to scan /product/app/CalendarGoogle: Package com.google.android.calendar at /product/app/CalendarGoogle ignored: updated version 2017829360 better than this 2017081588
07-25 09:44:10.450  2436  2436 W PackageManager: Failed to scan /product/app/Chrome: Package com.android.chrome at /product/app/Chrome ignored: updated version 720415733 better than this 506012933
07-25 09:44:10.453  2436  2436 W PackageManager: Failed to scan /product/app/GoogleContacts: Package com.google.android.contacts at /product/app/GoogleContacts ignored: updated version 3233275 better than this 2826706
07-25 09:44:10.453  2436  2436 W PackageManager: Failed to scan /product/app/Gmail2: Package com.google.android.gm at /product/app/Gmail2 ignored: updated version 65209744 better than this 63288287
07-25 09:44:10.455  2436  2436 W PackageManager: Failed to scan /product/app/GoogleOne: Package com.google.android.apps.subscriptions.red at /product/app/GoogleOne ignored: updated version 581642 better than this 226743
07-25 09:44:10.457  2436  2436 W PackageManager: Failed to scan /product/app/LatinImeGoogle: Package com.google.android.inputmethod.latin at /product/app/LatinImeGoogle ignored: updated version 171306542 better than this 85483822
07-25 09:44:10.459  2436  2436 W PackageManager: Failed to scan /product/app/Maps: Package com.google.android.apps.maps at /product/app/Maps ignored: updated version 1068154967 better than this 1066428090
07-25 09:44:10.463  2436  2436 W PackageManager: Failed to scan /product/app/SpeechServicesByGoogle: Package com.google.android.tts at /product/app/SpeechServicesByGoogle ignored: updated version 210573084 better than this 210375933
07-25 09:44:10.464  2436  2436 W PackageManager: Failed to scan /product/app/WebViewGoogle: Package com.google.android.webview at /product/app/WebViewGoogle ignored: updated version 720415733 better than this 506012933
07-25 09:44:10.464  2436  2436 W PackageManager: Failed to scan /product/app/com.google.android.modulemetadata: Package com.google.android.modulemetadata at /product/app/com.google.android.modulemetadata ignored: updated version 351630084 better than this 311729004
07-25 09:44:10.464  2436  2436 W PackageManager: Failed to scan /product/app/com.google.mainline.telemetry: Package com.google.mainline.telemetry at /product/app/com.google.mainline.telemetry ignored: updated version 351602004 better than this 311700104
07-25 09:44:10.465  2436  2436 W PackageManager: Failed to scan /product/app/Photos: Package com.google.android.apps.photos at /product/app/Photos ignored: updated version 50430220 better than this 43760047
07-25 09:44:10.466  2436  2436 W PackageManager: Failed to scan /product/app/YouTube: Package com.google.android.youtube at /product/app/YouTube ignored: updated version 1555824064 better than this 1528288704
07-25 09:44:10.467  2436  2436 W PackageManager: Failed to scan /product/app/talkback: Package com.google.android.marvin.talkback at /product/app/talkback ignored: updated version 60162622 better than this 60123274
07-25 09:44:10.507  2436  2436 I ApexManager: Registering com.google.android.ext.services as apk-in-apex of com.android.extservices
07-25 09:44:10.511  2436  2436 I ApexManager: Registering com.google.android.safetycenter.resources as apk-in-apex of com.android.permission
07-25 09:44:10.512  2436  2436 I ApexManager: Registering com.google.android.permissioncontroller as apk-in-apex of com.android.permission
07-25 09:44:10.516  2436  2436 I ApexManager: Registering com.google.android.cellbroadcastservice as apk-in-apex of com.android.cellbroadcast
07-25 09:44:10.518  2436  2436 I ApexManager: Registering com.google.android.cellbroadcastreceiver as apk-in-apex of com.android.cellbroadcast
07-25 09:44:10.521  2436  2436 I ApexManager: Registering com.android.wifi.resources as apk-in-apex of com.android.wifi
07-25 09:44:10.524  2436  2436 I ApexManager: Registering com.android.hotspot2.osulogin as apk-in-apex of com.android.wifi
07-25 09:44:10.528  2436  2436 I ApexManager: Registering com.google.android.photopicker as apk-in-apex of com.android.mediaprovider
07-25 09:44:10.529  2436  2436 I ApexManager: Registering com.google.android.providers.media.module as apk-in-apex of com.android.mediaprovider
07-25 09:44:10.532  2436  2436 I ApexManager: Registering com.android.cts.priv.ctsshim as apk-in-apex of com.android.apex.cts.shim
07-25 09:44:10.534  2436  2436 I ApexManager: Registering com.android.cts.ctsshim as apk-in-apex of com.android.apex.cts.shim
07-25 09:44:10.537  2436  2436 I ApexManager: Registering com.google.android.networkstack.tethering as apk-in-apex of com.android.tethering
07-25 09:44:10.538  2436  2436 I ApexManager: Registering com.google.android.connectivity.resources as apk-in-apex of com.android.tethering
07-25 09:44:10.544  2436  2436 I PackageManager: Finished scanning system apps. Time: 420 ms, packageCount: 239 , timePerPackage: 1 , cached: 342
07-25 09:44:10.551  2436  2436 I PreinstallApp: read new track file content from /data/miui/pai/pre_install.appsflyer
07-25 09:44:10.551  2436  2436 I PreinstallApp: Nothing need copy for normal boot.
07-25 09:44:10.552  2436  2436 I SystemServiceManager: Starting com.android.server.pm.CloudControlPreinstallService
07-25 09:44:10.552  2436  2436 I CloudControlPreinstall: onStart
07-25 09:44:10.552  2436  2436 I SystemServiceManager: Starting com.android.server.pm.AdvancePreinstallService
07-25 09:44:10.552  2436  2436 I AdvancePreinstallService: onStart
07-25 09:44:10.561  2436  2436 D CompatibilityChangeReporter: Compat change id reported: 133396946; UID -1; state: DISABLED
07-25 09:44:10.564  2436  2436 D CompatibilityChangeReporter: Compat change id reported: 133396946; UID -1; state: ENABLED
07-25 09:44:10.575  2436  2436 W PackageManager: Relax SCAN_REQUIRE_KNOWN requirement for package com.google.android.apps.messaging
07-25 09:44:10.577  2436  2436 W PackageManager: Skipping provider name com.google.android.apps.messaging.photopicker_images (in package com.google.android.apps.messaging): name already used by com.google.android.apps.messaging
07-25 09:44:10.579  2436  2436 W PackageManager: Relax SCAN_REQUIRE_KNOWN requirement for package com.google.mainline.telemetry
07-25 09:44:10.583  2436  2436 W PackageManager: Relax SCAN_REQUIRE_KNOWN requirement for package com.google.android.partnersetup
07-25 09:44:10.585  2436  2436 W PackageManager: Relax SCAN_REQUIRE_KNOWN requirement for package com.google.android.apps.maps
07-25 09:44:10.599  2436  2436 W PackageManager: Relax SCAN_REQUIRE_KNOWN requirement for package com.miui.bugreport
07-25 09:44:10.603  2436  2436 W PackageManager: Relax SCAN_REQUIRE_KNOWN requirement for package com.google.android.apps.googleassistant
07-25 09:44:10.607  2436  2436 W PackageManager: Relax SCAN_REQUIRE_KNOWN requirement for package com.google.android.modulemetadata
07-25 09:44:10.609  2436  2436 W PackageManager: Relax SCAN_REQUIRE_KNOWN requirement for package com.google.android.inputmethod.latin
07-25 09:44:10.614  2436  2436 W PackageManager: Relax SCAN_REQUIRE_KNOWN requirement for package com.mi.android.globalFileexplorer
07-25 09:44:10.619  2436  2436 W PackageManager: Relax SCAN_REQUIRE_KNOWN requirement for package com.xiaomi.simactivate.service
07-25 09:44:10.621  2436  2436 W PackageManager: Relax SCAN_REQUIRE_KNOWN requirement for package com.google.android.googlequicksearchbox
07-25 09:44:10.625  2436  2436 W PackageManager: Relax SCAN_REQUIRE_KNOWN requirement for package com.google.android.ims
07-25 09:44:10.633  2436  2436 W PackageManager: Relax SCAN_REQUIRE_KNOWN requirement for package com.mi.globalbrowser
07-25 09:44:10.637  2436  2436 W PackageManager: Relax SCAN_REQUIRE_KNOWN requirement for package com.google.android.marvin.talkback
07-25 09:44:10.639  2436  2436 W PackageManager: Relax SCAN_REQUIRE_KNOWN requirement for package com.mi.android.globalminusscreen
07-25 09:44:10.646  2436  2436 W PackageManager: Relax SCAN_REQUIRE_KNOWN requirement for package com.facebook.system
07-25 09:44:10.648  2436  2436 W PackageManager: Relax SCAN_REQUIRE_KNOWN requirement for package android.autoinstalls.config.Xiaomi.model
07-25 09:44:10.650  2436  2436 W PackageManager: Relax SCAN_REQUIRE_KNOWN requirement for package com.miui.cloudservice
07-25 09:44:10.656  2436  2436 W PackageManager: Skipping provider name com.alibaba.aliexpresshd.fileprovider (in package com.alibaba.aliexpresshd): name already used by com.alibaba.aliexpresshd
07-25 09:44:10.659  2436  2436 W PackageManager: Relax SCAN_REQUIRE_KNOWN requirement for package com.miui.guardprovider
07-25 09:44:10.661  2436  2436 W PackageManager: Relax SCAN_REQUIRE_KNOWN requirement for package com.miui.msa.global
07-25 09:44:10.663  2436  2436 W PackageManager: Relax SCAN_REQUIRE_KNOWN requirement for package com.miui.securitycenter
07-25 09:44:10.671  2436  2436 W PackageManager: Relax SCAN_REQUIRE_KNOWN requirement for package com.miui.gallery
07-25 09:44:10.676  2436  2436 W PackageManager: Relax SCAN_REQUIRE_KNOWN requirement for package com.miui.cleaner
07-25 09:44:10.681  2436  2436 W PackageManager: Relax SCAN_REQUIRE_KNOWN requirement for package com.xiaomi.xmsf
07-25 09:44:10.688  2436  2436 W PackageManager: Relax SCAN_REQUIRE_KNOWN requirement for package com.google.android.youtube
07-25 09:44:10.692  2436  2436 W PackageManager: Relax SCAN_REQUIRE_KNOWN requirement for package com.google.android.apps.subscriptions.red
07-25 09:44:10.695  2436  2436 W PackageManager: Relax SCAN_REQUIRE_KNOWN requirement for package com.google.android.apps.restore
07-25 09:44:10.698  2436  2436 W PackageManager: Relax SCAN_REQUIRE_KNOWN requirement for package com.google.android.apps.photos
07-25 09:44:10.702  2436  2436 W PackageManager: Relax SCAN_REQUIRE_KNOWN requirement for package com.miui.analytics
07-25 09:44:10.710  2436  2436 W PackageManager: Relax SCAN_REQUIRE_KNOWN requirement for package com.xiaomi.account
07-25 09:44:10.713  2436  2436 W PackageManager: Relax SCAN_REQUIRE_KNOWN requirement for package com.miui.videoplayer
07-25 09:44:10.716  2436  2436 W PackageManager: Relax SCAN_REQUIRE_KNOWN requirement for package com.google.android.apps.setupwizard.searchselector
07-25 09:44:10.718  2436  2436 W PackageManager: Relax SCAN_REQUIRE_KNOWN requirement for package com.android.thememanager
07-25 09:44:10.721  2436  2436 W PackageManager: Relax SCAN_REQUIRE_KNOWN requirement for package com.android.deskclock
07-25 09:44:10.733  2436  2436 W PackageManager: Skipping provider name com.miui.notes (in package com.miui.notes): name already used by com.miui.notes
07-25 09:44:10.741  2436  2436 W PackageManager: Relax SCAN_REQUIRE_KNOWN requirement for package com.miui.global.packageinstaller
07-25 09:44:10.744  2436  2436 W PackageManager: Relax SCAN_REQUIRE_KNOWN requirement for package com.google.android.gm
07-25 09:44:10.764  2436  2436 W PackageManager: Relax SCAN_REQUIRE_KNOWN requirement for package com.google.android.contacts
07-25 09:44:10.774  2436  2436 W PackageManager: Relax SCAN_REQUIRE_KNOWN requirement for package com.android.vending
07-25 09:44:10.788  2436  2436 W PackageManager: Relax SCAN_REQUIRE_KNOWN requirement for package com.google.android.networkstack
07-25 09:44:10.796  2436  2436 W PackageManager: Relax SCAN_REQUIRE_KNOWN requirement for package com.xiaomi.discover
07-25 09:44:10.798  2436  2436 W PackageManager: Relax SCAN_REQUIRE_KNOWN requirement for package com.google.android.webview
07-25 09:44:10.812  2436  2436 W PackageManager: Skipping provider name com.microsoft.teams.provider (in package com.microsoft.teams): name already used by com.microsoft.teams
07-25 09:44:10.818  2436  2436 W PackageManager: Relax SCAN_REQUIRE_KNOWN requirement for package com.miui.miservice
07-25 09:44:10.823  2436  2436 W PackageManager: Relax SCAN_REQUIRE_KNOWN requirement for package com.google.android.apps.wellbeing
07-25 09:44:10.826  2436  2436 W PackageManager: Relax SCAN_REQUIRE_KNOWN requirement for package com.google.android.projection.gearhead
07-25 09:44:10.829  2436  2436 W PackageManager: Relax SCAN_REQUIRE_KNOWN requirement for package com.android.mms
07-25 09:44:10.831  2436  2436 W PackageManager: Relax SCAN_REQUIRE_KNOWN requirement for package com.miui.securityadd
07-25 09:44:10.833  2436  2436 W PackageManager: Relax SCAN_REQUIRE_KNOWN requirement for package com.xiaomi.glgm
07-25 09:44:10.835  2436  2436 W PackageManager: Relax SCAN_REQUIRE_KNOWN requirement for package com.miui.cloudbackup
07-25 09:44:10.838  2436  2436 W PackageManager: Relax SCAN_REQUIRE_KNOWN requirement for package com.google.android.gms
07-25 09:44:10.854  2436  2436 W PackageManager: Relax SCAN_REQUIRE_KNOWN requirement for package com.google.android.calendar
07-25 09:44:10.856  2436  2436 W PackageManager: Relax SCAN_REQUIRE_KNOWN requirement for package com.google.android.documentsui
07-25 09:44:10.858  2436  2436 W PackageManager: Relax SCAN_REQUIRE_KNOWN requirement for package com.miui.player
07-25 09:44:10.861  2436  2436 W PackageManager: Relax SCAN_REQUIRE_KNOWN requirement for package com.facebook.services
07-25 09:44:10.863  2436  2436 W PackageManager: Relax SCAN_REQUIRE_KNOWN requirement for package com.facebook.appmanager
07-25 09:44:10.868  2436  2436 W PackageManager: Relax SCAN_REQUIRE_KNOWN requirement for package com.google.android.dialer
07-25 09:44:10.896  2436  2436 W PackageManager: Relax SCAN_REQUIRE_KNOWN requirement for package com.android.chrome
07-25 09:44:10.900  2436  2436 W PackageManager: Relax SCAN_REQUIRE_KNOWN requirement for package com.google.android.captiveportallogin
07-25 09:44:10.904  2436  2436 W PackageManager: Relax SCAN_REQUIRE_KNOWN requirement for package com.google.android.tts
07-25 09:44:10.912  2436  2436 I PackageManager: Finished scanning non-system apps. Time: 369 ms, packageCount: 105 , timePerPackage: 3 , cached: 105
07-25 09:44:10.915  2436  2436 E PackageManager: updateAllSharedLibrariesLPw failed: Package com.qualcomm.qti.lpa requires unavailable shared library com.qualcomm.qti.lpa.uimlpalibrary; failing!
07-25 09:44:10.916  2436  2436 E PackageManager: updateAllSharedLibrariesLPw failed: Package com.qti.snapdragon.qdcm_ff requires unavailable shared library vendor.display.color.V1_0.IDisplayColor; failing!
07-25 09:44:10.916  2436  2436 E PackageManager: updateAllSharedLibrariesLPw failed: Package com.qualcomm.wfd.service requires unavailable shared library .WfdService; failing!
07-25 09:44:10.921  2436  2436 I PackageManager: Time to scan packages: 0.798 seconds
07-25 09:44:10.922  2436  2436 I PackageManager: Permission ownership changed. Updating all permissions.
07-25 09:44:11.046  2436  2436 I PackageManagerTiming: write settings
07-25 09:44:11.046  2436  2581 I SystemServerTimingAsync: InitThreadPoolExec:prepareAppData
07-25 09:44:11.088  2436  2436 I PackageManagerTiming: GC
07-25 09:44:11.089  2436  2436 I PackageManager: Fix for b/169414761 is applied
07-25 09:44:11.089  2436  2436 W UserManagerService: checkWhitelistedSystemPackages(mode=ENFORCE|IMPLICIT_WHITELIST) has 56 warnings:
07-25 09:44:11.089  2436  2436 W UserManagerService: com.android.theme.color.amethyst is allowlisted but not present.
07-25 09:44:11.089  2436  2436 W UserManagerService: com.android.theme.icon.pebble is allowlisted but not present.
07-25 09:44:11.089  2436  2436 W UserManagerService: com.android.theme.color.sand is allowlisted but not present.
07-25 09:44:11.089  2436  2436 W UserManagerService: com.android.theme.icon.vessel is allowlisted but not present.
07-25 09:44:11.089  2436  2436 W UserManagerService: com.android.theme.color.cinnamon is allowlisted but not present.
07-25 09:44:11.089  2436  2436 W UserManagerService: com.android.theme.icon_pack.victor.settings is allowlisted but not present.
07-25 09:44:11.089  2436  2436 W UserManagerService: com.android.theme.icon_pack.rounded.systemui is allowlisted but not present.
07-25 09:44:11.089  2436  2436 W UserManagerService: com.android.theme.icon.taperedrect is allowlisted but not present.
07-25 09:44:11.089  2436  2436 W UserManagerService: com.android.theme.icon_pack.rounded.android is allowlisted but not present.
07-25 09:44:11.089  2436  2436 W UserManagerService: com.qualcomm.qti.euiccresource is allowlisted but not present.
07-25 09:44:11.089  2436  2436 W UserManagerService: com.android.theme.icon_pack.victor.systemui is allowlisted but not present.
07-25 09:44:11.089  2436  2436 W UserManagerService: com.android.theme.icon_pack.circular.themepicker is allowlisted but not present.
07-25 09:44:11.089  2436  2436 W UserManagerService: com.android.theme.color.tangerine is allowlisted but not present.
07-25 09:44:11.089  2436  2436 W UserManagerService: com.android.theme.color.aquamarine is allowlisted but not present.
07-25 09:44:11.089  2436  2436 W UserManagerService: com.android.theme.color.black is allowlisted but not present.
07-25 09:44:11.089  2436  2436 W UserManagerService: com.android.theme.color.green is allowlisted but not present.
07-25 09:44:11.089  2436  2436 W UserManagerService: com.android.theme.color.ocean is allowlisted but not present.
07-25 09:44:11.089  2436  2436 W UserManagerService: com.android.theme.color.space is allowlisted but not present.
07-25 09:44:11.089  2436  2436 W UserManagerService: com.qualcomm.qti.callfeaturessetting is allowlisted but not present.
07-25 09:44:11.089  2436  2436 W UserManagerService: com.android.theme.icon_pack.rounded.launcher is allowlisted but not present.
07-25 09:44:11.089  2436  2436 W UserManagerService: com.android.theme.icon_pack.kai.settings is allowlisted but not present.
07-25 09:44:11.089  2436  2436 W UserManagerService: com.android.internal.systemui.navbar.twobutton is allowlisted but not present.
07-25 09:44:11.089  2436  2436 W UserManagerService: com.android.theme.icon_pack.sam.settings is allowlisted but not present.
07-25 09:44:11.089  2436  2436 W UserManagerService: com.android.theme.icon_pack.kai.themepicker is allowlisted but not present.
07-25 09:44:11.089  2436  2436 W UserManagerService: com.android.theme.icon_pack.victor.launcher is allowlisted but not present.
07-25 09:44:11.089  2436  2436 W UserManagerService: com.android.theme.icon_pack.filled.settings is allowlisted but not present.
07-25 09:44:11.089  2436  2436 W UserManagerService: com.android.theme.icon_pack.kai.systemui is allowlisted but not present.
07-25 09:44:11.089  2436  2436 W UserManagerService: com.android.theme.icon_pack.circular.settings is allowlisted but not present.
07-25 09:44:11.089  2436  2436 W UserManagerService: com.android.theme.icon_pack.sam.systemui is allowlisted but not present.
07-25 09:44:11.089  2436  2436 W UserManagerService: com.android.theme.icon.teardrop is allowlisted but not present.
07-25 09:44:11.089  2436  2436 W UserManagerService: com.android.theme.icon_pack.rounded.themepicker is allowlisted but not present.
07-25 09:44:11.089  2436  2436 W UserManagerService: com.android.theme.icon_pack.filled.systemui is allowlisted but not present.
07-25 09:44:11.089  2436  2436 W UserManagerService: com.qualcomm.qti.imsiprivacy.tests is allowlisted but not present.
07-25 09:44:11.089  2436  2436 W UserManagerService: com.android.theme.icon_pack.sam.android is allowlisted but not present.
07-25 09:44:11.089  2436  2436 W UserManagerService: com.android.theme.icon_pack.filled.android is allowlisted but not present.
07-25 09:44:11.089  2436  2436 W UserManagerService: com.android.theme.icon_pack.circular.systemui is allowlisted but not present.
07-25 09:44:11.089  2436  2436 W UserManagerService: com.android.theme.icon_pack.kai.android is allowlisted but not present.
07-25 09:44:11.089  2436  2436 W UserManagerService: com.android.theme.icon_pack.kai.launcher is allowlisted but not present.
07-25 09:44:11.089  2436  2436 W UserManagerService: com.qualcomm.qti.sam.service is allowlisted but not present.
07-25 09:44:11.089  2436  2436 W UserManagerService: com.android.theme.icon_pack.sam.launcher is allowlisted but not present.
07-25 09:44:11.089  2436  2436 W UserManagerService: com.android.theme.icon.squircle is allowlisted but not present.
07-25 09:44:11.089  2436  2436 W UserManagerService: com.android.theme.icon_pack.victor.android is allowlisted but not present.
07-25 09:44:11.089  2436  2436 W UserManagerService: com.android.theme.color.palette is allowlisted but not present.
07-25 09:44:11.089  2436  2436 W UserManagerService: com.android.theme.icon_pack.filled.launcher is allowlisted but not present.
07-25 09:44:11.089  2436  2436 W UserManagerService: com.android.theme.color.carbon is allowlisted but not present.
07-25 09:44:11.089  2436  2436 W UserManagerService: com.android.theme.icon_pack.circular.launcher is allowlisted but not present.
07-25 09:44:11.089  2436  2436 W UserManagerService: com.android.theme.icon_pack.filled.themepicker is allowlisted but not present.
07-25 09:44:11.089  2436  2436 W UserManagerService: com.android.theme.icon_pack.victor.themepicker is allowlisted but not present.
07-25 09:44:11.089  2436  2436 W UserManagerService: com.android.theme.color.orchid is allowlisted but not present.
07-25 09:44:11.089  2436  2436 W UserManagerService: com.android.theme.color.purple is allowlisted but not present.
07-25 09:44:11.089  2436  2436 W UserManagerService: com.qualcomm.qti.confdialer is allowlisted but not present.
07-25 09:44:11.089  2436  2436 W UserManagerService: com.android.theme.icon_pack.sam.themepicker is allowlisted but not present.
07-25 09:44:11.089  2436  2436 W UserManagerService: com.android.theme.icon.roundedrect is allowlisted but not present.
07-25 09:44:11.089  2436  2436 W UserManagerService: com.android.theme.icon_pack.rounded.settings is allowlisted but not present.
07-25 09:44:11.089  2436  2436 W UserManagerService: org.codeaurora.qti.nrNetworkSettingApp is allowlisted but not present.
07-25 09:44:11.089  2436  2436 W UserManagerService: com.android.theme.icon_pack.circular.android is allowlisted but not present.
07-25 09:44:11.091  2436  2436 I Watchdog: Resuming HandlerChecker: main thread for reason: packagemanagermain. Pause count: 0
07-25 09:44:11.091  2436  2436 I ScoutSystemMonitor: Resuming HandlerChecker: main thread for reason: packagemanagermain. Pause count: 0
07-25 09:44:11.091  2436  2436 I SystemServerDexLoadReporter: Configuring system server dex reporter
07-25 09:44:11.103  2436  2436 I SystemServerTiming: StartOtaDexOptService
07-25 09:44:11.103  2436  2436 I Watchdog: Pausing HandlerChecker: main thread for reason: moveab. Pause count: 1
07-25 09:44:11.103  2436  2436 I ScoutSystemMonitor: Pausing HandlerChecker: main thread for reason: moveab. Pause count: 1
07-25 09:44:11.104  2436  2436 D OTADexopt: No upgrade, skipping A/B artifacts check.
07-25 09:44:11.104  2436  2436 I Watchdog: Resuming HandlerChecker: main thread for reason: moveab. Pause count: 0
07-25 09:44:11.104  2436  2436 I ScoutSystemMonitor: Resuming HandlerChecker: main thread for reason: moveab. Pause count: 0
07-25 09:44:11.104  2436  2436 I SystemServerTiming: StartUserManagerService
07-25 09:44:11.104  2436  2436 I SystemServiceManager: Starting com.android.server.pm.UserManagerService$LifeCycle
07-25 09:44:11.104  2436  2436 I SystemServerTiming: InitAttributerCache
07-25 09:44:11.105  2436  2436 I SystemServerTiming: SetSystemProcess
07-25 09:44:11.111  2436  2538 I ActivityManager: Connection with lmkd established
07-25 09:44:11.113  2436  2436 I SystemServerTiming: InitWatchdog
07-25 09:44:11.114  2436  2436 I SystemServerTiming: StartOverlayManagerService
07-25 09:44:11.325  2436  2581 W BpBinder: PerfMonitor binderTransact :  time=278ms interface=android.os.IInstalld code=9
07-25 09:44:11.364  2436  2436 I SystemServerTiming: StartSensorPrivacyService
07-25 09:44:11.367  2436  2436 I SystemServerTiming: StartSensorService
07-25 09:44:11.367  2436  2436 I SystemServiceManager: Starting com.android.server.sensors.SensorService
07-25 09:44:11.367  2436  2436 D SystemServerI: add MiuiRestoreManagerService
07-25 09:44:11.367  2436  2588 I SystemServerTimingAsync: InitThreadPoolExec:StartNativeSensorService
07-25 09:44:11.367  2436  2436 D MiuiRestoreManagerService: init MiuiRestoreManagerService
07-25 09:44:11.367  2436  2588 I SystemServerTimingAsync: StartNativeSensorService
07-25 09:44:11.368  2436  2436 I SystemServerTiming: startCoreServices
07-25 09:44:11.368  2436  2436 I SystemServerTiming: StartSystemConfigService
07-25 09:44:11.368  2436  2493 W ActivityTaskManager: Skip updateConfiguration because mWindowManager isn't set
07-25 09:44:11.368  2436  2436 I SystemServiceManager: Starting com.android.server.SystemConfigService
07-25 09:44:11.368  2436  2436 I SystemServerTiming: StartBatteryService
07-25 09:44:11.369  2436  2436 I SystemServiceManager: Starting com.android.server.BatteryService
07-25 09:44:11.405  2436  2504 D MiuiFboService: use MiuiFboService(Context context)
07-25 09:44:11.408  2436  2504 D IMiCharge: MiCharge transact function smart_batt successfully. val = true
07-25 09:44:11.408  2436  2504 D MiuiFboService: msg.what = 7send message time = 1753425851408
07-25 09:44:11.408  2436  2504 I BatteryService: current mPlugType2current mHealthInfo.batteryLevel99current mHealthInfo.batteryTemperature320
07-25 09:44:11.454  2436  2436 I HealthServiceWrapper: health: HealthServiceWrapper listening to instance default
07-25 09:44:11.454  2436  2436 I BatteryService: health: Waited 0ms and received the update.
07-25 09:44:11.455  2436  2436 W SystemServiceManager: Service com.android.server.BatteryService took 86 ms in onStart
07-25 09:44:11.455  2436  2436 I SystemServerTiming: StartUsageService
07-25 09:44:11.455  2436  2436 I SystemServiceManager: Starting com.android.server.usage.UsageStatsService
07-25 09:44:11.459  2436  2436 I SystemServerTiming: StartWebViewUpdateService
07-25 09:44:11.459  2436  2436 I SystemServiceManager: Starting com.android.server.webkit.WebViewUpdateService
07-25 09:44:11.461  2436  2436 I SystemServerTiming: StartCachedDeviceStateService
07-25 09:44:11.461  2436  2436 I SystemServiceManager: Starting com.android.server.CachedDeviceStateService
07-25 09:44:11.461  2436  2436 I SystemServerTiming: StartBinderCallsStatsService
07-25 09:44:11.461  2436  2436 I SystemServiceManager: Starting com.android.server.BinderCallsStatsService$LifeCycle
07-25 09:44:11.462  2436  2436 I SystemServerTiming: StartLooperStatsService
07-25 09:44:11.462  2436  2436 I SystemServiceManager: Starting com.android.server.LooperStatsService$Lifecycle
07-25 09:44:11.463  2436  2436 I SystemServerTiming: StartRollbackManagerService
07-25 09:44:11.463  2436  2436 I SystemServiceManager: Starting com.android.server.rollback.RollbackManagerService
07-25 09:44:11.466  2436  2436 I SystemServerTiming: StartNativeTombstoneManagerService
07-25 09:44:11.466  2436  2436 I SystemServiceManager: Starting com.android.server.os.NativeTombstoneManagerService
07-25 09:44:11.467  2436  2436 I SystemServerTiming: StartBugreportManagerService
07-25 09:44:11.467  2436  2436 I SystemServiceManager: Starting com.android.server.os.BugreportManagerService
07-25 09:44:11.468  2436  2436 I SystemServerTiming: GpuService
07-25 09:44:11.468  2436  2436 I SystemServiceManager: Starting com.android.server.gpu.GpuService
07-25 09:44:11.468  2436  2436 I SystemServerTiming: startOtherServices
07-25 09:44:11.468  2436  2436 I SystemServerTiming: StartKeyAttestationApplicationIdProviderService
07-25 09:44:11.469  2436  2610 I SystemServerTimingAsync: InitThreadPoolExec:SecondaryZygotePreload
07-25 09:44:11.469  2436  2610 I SystemServer: SecondaryZygotePreload
07-25 09:44:11.469  2436  2610 I SystemServerTimingAsync: SecondaryZygotePreload
07-25 09:44:11.469  2436  2436 I SystemServerTiming: StartKeyChainSystemService
07-25 09:44:11.469  2436  2436 I SystemServiceManager: Starting com.android.server.security.KeyChainSystemService
07-25 09:44:11.469  2436  2436 I SystemServerTiming: StartSchedulingPolicyService
07-25 09:44:11.470  2436  2611 I SystemServerTimingAsync: InitThreadPoolExec:SchedulingPolicyService.<init>
07-25 09:44:11.470  2436  2436 I SystemServerTiming: StartTelecomLoaderService
07-25 09:44:11.470  2436  2436 I SystemServiceManager: Starting com.android.server.telecom.TelecomLoaderService
07-25 09:44:11.470  2436  2436 I SystemServerTiming: StartTelephonyRegistry
07-25 09:44:11.471  2436  2436 I SystemServerTiming: StartEntropyMixer
07-25 09:44:11.472  2436  2436 I EntropyMixer: Writing entropy...
07-25 09:44:11.473  2436  2436 I SystemServerTiming: StartAccountManagerService
07-25 09:44:11.473  2436  2436 I SystemServiceManager: Starting com.android.server.accounts.AccountManagerService$Lifecycle
07-25 09:44:11.476  2436  2436 I SystemServerTiming: StartContentService
07-25 09:44:11.477  2436  2436 I SystemServiceManager: Starting com.android.server.content.ContentService$Lifecycle
07-25 09:44:11.478  2436  2436 I SystemServerTiming: InstallSystemProviders
07-25 09:44:11.518  2436  2436 W PreloadHelper: Check is preloaded enabled. device=redwood, flag=0, lite=false
07-25 09:44:11.525  2436  2436 D PackageManager: set app  component=com.android.shell/com.android.shell.BugreportStorageProvider enabled state: 1 from null,uid=1000,pid=2436
07-25 09:44:11.528  2436  2536 D ActivityManager: Freezer disabled
07-25 09:44:11.530  2436  2436 I SystemServerTiming: StartDropBoxManager
07-25 09:44:11.530  2436  2436 I SystemServiceManager: Starting com.android.server.DropBoxManagerService
07-25 09:44:11.531  2436  2436 I SystemServerTiming: StartRoleManagerService
07-25 09:44:11.531  2436  2436 I SystemServiceManager: Starting com.android.role.RoleService
07-25 09:44:11.533  2436  2436 I SystemServerTiming: StartVibratorManagerService
07-25 09:44:11.533  2436  2436 I SystemServiceManager: Starting com.android.server.vibrator.VibratorManagerService$Lifecycle
07-25 09:44:11.538  2436  2436 D CompatibilityChangeReporter: Compat change id reported: 157233955; UID 1000; state: ENABLED
07-25 09:44:11.541  2436  2436 D VibratorManagerServiceImpl: waiting for vibratorfeature hal begin
07-25 09:44:11.541  2436  2436 D VibratorManagerServiceImpl: waiting for vibratorfeature hal end
07-25 09:44:11.548  2436  2436 I SystemServerTiming: StartDynamicSystemService
07-25 09:44:11.548  2436  2436 I SystemServerTiming: StartConsumerIrService
07-25 09:44:11.549  2436  2436 I SystemServerTiming: StartAlarmManagerService
07-25 09:44:11.550  2436  2436 I SystemServiceManager: Starting com.android.server.alarm.AlarmManagerService
07-25 09:44:11.557   846   846 I PackageParsing: Skipping target and overlay pair com.miui.miwallpaper and /product/overlay/MiuiClaroLockscreenOverlay.apk: overlay ignored due to required system property: ro.miui.customized.region with value: lm_cr
07-25 09:44:11.558   846   846 I PackageParsing: Skipping target and overlay pair android and /product/overlay/MiuiClaroWallpaperOverlay.apk: overlay ignored due to required system property: ro.miui.customized.region with value: lm_cr
07-25 09:44:11.558   846   846 I PackageParsing: Skipping target and overlay pair com.miui.miwallpaper and /product/overlay/MiuiDefaultLockscreenOverlay.apk: overlay ignored due to required system property: ro.boot.product.theme_customize with value: BruceLee
07-25 09:44:11.558   846   846 I PackageParsing: Skipping target and overlay pair android and /product/overlay/MiuiDefaultWallpaperOverlay.apk: overlay ignored due to required system property: ro.boot.product.theme_customize with value: BruceLee
07-25 09:44:11.559   846   846 I PackageParsing: Skipping target and overlay pair android and /product/overlay/MiuiHomeLauncherResOverlay.apk: overlay ignored due to required system property: ro.miui.product.home with value: com.miui.home
07-25 09:44:11.559   846   846 I PackageParsing: Skipping target and overlay pair com.miui.miwallpaper and /product/overlay/MiuiLundunLockscreenOverlay.apk: overlay ignored due to required system property: ro.boot.hwversion with value: 4.9.1
07-25 09:44:11.559   846   846 I PackageParsing: Skipping target and overlay pair android and /product/overlay/MiuiLundunWallpaperOverlay.apk: overlay ignored due to required system property: ro.boot.hwversion with value: 4.9.1
07-25 09:44:11.560   846   846 I PackageParsing: Skipping target and overlay pair com.miui.miwallpaper and /product/overlay/MiuiTelcelLockscreenOverlay.apk: overlay ignored due to required system property: ro.miui.customized.region with value: mx_telcel
07-25 09:44:11.560  2436  2436 I SystemServerTiming: StartInputManagerService
07-25 09:44:11.560   846   846 I PackageParsing: Skipping target and overlay pair android and /product/overlay/MiuiTelcelWallpaperOverlay.apk: overlay ignored due to required system property: ro.miui.customized.region with value: mx_telcel
07-25 09:44:11.561  2436  2436 I InputManager: Initializing input manager, mUseDevInputEventForAudioJack=true
07-25 09:44:11.566  2436  2436 D InputManagerServiceStubImpl: init
07-25 09:44:11.568  2436  2436 I ITouchFeature: current device and process support v2 service
07-25 09:44:11.568  2436  2436 D MiuiInputThread: Shared singleton Thread for input services start
07-25 09:44:11.569  2436  2436 I EdgeSuppressionManager: xmlResourceParser is not null, file = edge_suppression_config
07-25 09:44:11.570  2436  2619 I EdgeSuppressionManager: Send EdgeSuppression data because User Settings
07-25 09:44:11.570  2436  2619 I EdgeSuppressionManager: mScreenWidth = 1079 mScreenHeight = 2399
07-25 09:44:11.570  2436  2619 I EdgeSuppressionManager: handleEdgeSuppressionData:targetId = 0 EdgeSuppressionInfo{mAbsoluteSize=0, mConditionSize=50, mConnerWidth=150, mConnerHeight=300, mIsHorizontal=false, mType='default_suppression'}
07-25 09:44:11.570  2436  2436 I EdgeSuppressionManager: mBaseEdgeSuppression: normal
07-25 09:44:11.570  2436  2619 I EdgeSuppressionManager: [2, 0, 0, 0, 0, 0, 0, 0, 2, 1, 0, 0, 0, 0, 0, 0, 2, 2, 0, 0, 0, 2399, 0, 0, 2, 3, 1079, 0, 1079, 2399, 0, 0, 1, 0, 0, 0, 0, 0, 0, 0, 1, 1, 0, 0, 0, 0, 0, 0, 1, 2, 0, 0, 50, 2399, 0, 0, 1, 3, 1029, 0, 1079, 2399, 0, 0, 0, 0, 0, 0, 0, 0, 0, 0, 0, 1, 0, 0, 0, 0, 0, 0, 0, 2, 0, 2099, 150, 2399, 0, 0, 0, 3, 929, 2099, 1079, 2399, 0, 0]
07-25 09:44:11.570  2436  2619 I ITouchFeature: current device and process support version:2
07-25 09:44:11.571  2436  2436 I EdgeSuppressionManager: InputMethod ShrinkSize: ShouldOverWrite = true verticalSize = -1 horizontalSize = -1
07-25 09:44:11.571  2436  2436 I EdgeSuppressionManager: InputMethod ShrinkSize: ShouldOverWrite = true verticalSize = -1 horizontalSize = -1
07-25 09:44:11.571  2436  2436 I InputFeatureReflection: Init method Fail!
07-25 09:44:11.571  2436  2436 I InputFeatureReflection: Init method Fail!
07-25 09:44:11.571  2436  2436 I SystemServerTiming: DeviceStateManagerService
07-25 09:44:11.572  2436  2436 I SystemServiceManager: Starting com.android.server.devicestate.DeviceStateManagerService
07-25 09:44:11.575  2436  2436 I SystemServerTiming: StartCameraServiceProxy
07-25 09:44:11.575  2436  2436 I SystemServiceManager: Starting com.android.server.camera.CameraServiceProxy
07-25 09:44:11.576  2436  2436 I SystemServerTiming: StartWindowManagerService
07-25 09:44:11.576  2436  2436 I SystemServiceManager: Starting phase 200
07-25 09:44:11.576  2436  2436 I SystemServerTiming: OnBootPhase_200
07-25 09:44:11.576  2436  2436 I SystemServerTiming: OnBootPhase_200_com.android.server.security.FileIntegrityService
07-25 09:44:11.576  2436  2436 I SystemServerTiming: OnBootPhase_200_com.android.server.pm.Installer
07-25 09:44:11.576  2436  2436 I SystemServerTiming: OnBootPhase_200_com.android.server.os.DeviceIdentifiersPolicyService
07-25 09:44:11.576  2436  2436 I SystemServerTiming: OnBootPhase_200_com.android.server.uri.UriGrantsManagerService$Lifecycle
07-25 09:44:11.576  2436  2436 I SystemServerTiming: OnBootPhase_200_com.android.server.powerstats.PowerStatsService
07-25 09:44:11.576  2436  2436 I SystemServerTiming: OnBootPhase_200_com.android.server.wm.ActivityTaskManagerService$Lifecycle
07-25 09:44:11.576  2436  2436 I SystemServerTiming: OnBootPhase_200_com.android.server.am.PeriodicCleanerService
07-25 09:44:11.576  2436  2436 I SystemServerTiming: OnBootPhase_200_com.android.server.am.ActivityManagerService$Lifecycle
07-25 09:44:11.576  2436  2436 I SystemServerTiming: OnBootPhase_200_com.android.server.pm.DataLoaderManagerService
07-25 09:44:11.576  2436  2436 I SystemServerTiming: OnBootPhase_200_com.android.server.power.PowerManagerService
07-25 09:44:11.577  2436  2436 I SystemServerTiming: OnBootPhase_200_com.android.server.power.ThermalManagerService
07-25 09:44:11.577  2436  2436 I SystemServerTiming: OnBootPhase_200_com.android.server.power.hint.HintManagerService
07-25 09:44:11.577  2436  2436 I SystemServerTiming: OnBootPhase_200_com.android.server.recoverysystem.RecoverySystemService$Lifecycle
07-25 09:44:11.577  2436  2436 I SystemServerTiming: OnBootPhase_200_com.android.server.lights.MiuiLightsService
07-25 09:44:11.577  2436  2436 I SystemServerTiming: OnBootPhase_200_com.android.server.display.DisplayManagerService
07-25 09:44:11.577  2436  2436 I SystemServerTiming: OnBootPhase_200_com.android.server.pm.verify.domain.DomainVerificationService
07-25 09:44:11.577  2436  2436 I SystemServerTiming: OnBootPhase_200_com.android.server.pm.CloudControlPreinstallService
07-25 09:44:11.577  2436  2436 I SystemServerTiming: OnBootPhase_200_com.android.server.pm.AdvancePreinstallService
07-25 09:44:11.577  2436  2436 I SystemServerTiming: OnBootPhase_200_com.android.server.pm.PackageInstallerService$Lifecycle
07-25 09:44:11.577  2436  2436 I SystemServerTiming: OnBootPhase_200_com.android.server.pm.UserManagerService$LifeCycle
07-25 09:44:11.577  2436  2436 I SystemServerTiming: OnBootPhase_200_com.android.server.om.OverlayManagerService
07-25 09:44:11.577  2436  2436 I SystemServerTiming: OnBootPhase_200_com.android.server.SensorPrivacyService
07-25 09:44:11.577  2436  2436 I SystemServerTiming: OnBootPhase_200_com.android.server.sensors.SensorService
07-25 09:44:11.577  2436  2436 I SystemServerTiming: OnBootPhase_200_com.android.server.SystemConfigService
07-25 09:44:11.577  2436  2436 I SystemServerTiming: OnBootPhase_200_com.android.server.BatteryService
07-25 09:44:11.577  2436  2436 I SystemServerTiming: OnBootPhase_200_com.android.server.usage.UsageStatsService
07-25 09:44:11.577  2436  2436 I SystemServerTiming: OnBootPhase_200_com.android.server.webkit.WebViewUpdateService
07-25 09:44:11.577  2436  2436 I SystemServerTiming: OnBootPhase_200_com.android.server.CachedDeviceStateService
07-25 09:44:11.577  2436  2436 I SystemServerTiming: OnBootPhase_200_com.android.server.BinderCallsStatsService$LifeCycle
07-25 09:44:11.577  2436  2436 I SystemServerTiming: OnBootPhase_200_com.android.server.LooperStatsService$Lifecycle
07-25 09:44:11.577  2436  2436 I SystemServerTiming: OnBootPhase_200_com.android.server.rollback.RollbackManagerService
07-25 09:44:11.577  2436  2436 I SystemServerTiming: OnBootPhase_200_com.android.server.os.NativeTombstoneManagerService
07-25 09:44:11.577  2436  2436 I SystemServerTiming: OnBootPhase_200_com.android.server.os.BugreportManagerService
07-25 09:44:11.577  2436  2436 I SystemServerTiming: OnBootPhase_200_com.android.server.gpu.GpuService
07-25 09:44:11.577  2436  2436 I SystemServerTiming: OnBootPhase_200_com.android.server.security.KeyChainSystemService
07-25 09:44:11.577  2436  2436 I SystemServerTiming: OnBootPhase_200_com.android.server.telecom.TelecomLoaderService
07-25 09:44:11.577  2436  2436 I SystemServerTiming: OnBootPhase_200_com.android.server.accounts.AccountManagerService$Lifecycle
07-25 09:44:11.577  2436  2436 I SystemServerTiming: OnBootPhase_200_com.android.server.content.ContentService$Lifecycle
07-25 09:44:11.577  2436  2436 I SystemServerTiming: OnBootPhase_200_com.android.server.DropBoxManagerService
07-25 09:44:11.577  2436  2436 I SystemServerTiming: OnBootPhase_200_com.android.role.RoleService
07-25 09:44:11.577  2436  2436 I SystemServerTiming: OnBootPhase_200_com.android.server.vibrator.VibratorManagerService$Lifecycle
07-25 09:44:11.577  2436  2436 I SystemServerTiming: OnBootPhase_200_com.android.server.alarm.AlarmManagerService
07-25 09:44:11.577  2436  2436 I SystemServerTiming: OnBootPhase_200_com.android.server.devicestate.DeviceStateManagerService
07-25 09:44:11.577  2436  2436 I SystemServerTiming: OnBootPhase_200_com.android.server.camera.CameraServiceProxy
07-25 09:44:11.579  2436  2436 I WindowManager: No existing display settings, starting empty
07-25 09:44:11.580  2436  2436 I WindowManager: No existing display settings, starting empty
07-25 09:44:11.595  2436  2436 D WindowManagerService: isSupportSwitchResoluton:false
07-25 09:44:11.595  2436  2436 D WindowManagerService: init resolution mSupportActiveModeSwitch:false mPhysicalWidth:1080 mPhysicalHeight:2400 mPhysicalDensity:440
07-25 09:44:11.597  2436  2436 I SystemServerTiming: SetWindowManagerService
07-25 09:44:11.602  2436  2581 W BpBinder: PerfMonitor binderTransact :  time=276ms interface=android.os.IInstalld code=4
07-25 09:44:11.628  2436  2436 I ActivityTaskManager: Loaded persisted task ids for user 0
07-25 09:44:11.634  2436  2436 I SystemServerTiming: WindowManagerServiceOnInitReady
07-25 09:44:11.636  2436  2581 I PackageManager: Deferred reconcileAppsData finished 289 packages
07-25 09:44:11.642  2436  2494 D ViewScrollStubImpl: the value of mScrollFrictionRes is: 0.015
07-25 09:44:11.642  2436  2494 D WindowManager: set rotation = 0
07-25 09:44:11.643  2436  2494 I ITouchFeature: current device and process support version:2
07-25 09:44:11.646  2436  2494 D MiuiMultiFingerGestureManager: enable_three_gesture_key :true
07-25 09:44:11.646  2436  2494 D MiuiMultiFingerGestureManager: three_gesture_down :screen_shot
07-25 09:44:11.646  2436  2494 D MiuiMultiFingerGestureManager: The gesture has been add,register pointer event listener.
07-25 09:44:11.647  2436  2494 D MiuiMultiFingerGestureManager: three_gesture_long_press :partial_screen_shot
07-25 09:44:11.647  2436  2494 D MiuiMultiFingerGestureManager: three_gesture_horizontal :null
07-25 09:44:11.647  2436  2494 D MiuiMultiFingerGestureManager: three_gesture_horizontal_ltr :null
07-25 09:44:11.647  2436  2494 D MiuiMultiFingerGestureManager: three_gesture_horizontal_rtl :null
07-25 09:44:11.649  2436  2494 D BackTapTouchHelper: TouchPositionTracker new obj!
07-25 09:44:11.649  2436  2494 D BackTapTouchHelper: mBackTapTouchHelper initialize!! SCREEN_WIDTH: = 0, SCREEN_HEIGHT = 0
07-25 09:44:11.652  2436  2494 I MiuiKeyShortcutManager: xmlResourceParser is not null, file = miuishortcutkeymap_extra
07-25 09:44:11.652  2436  2494 I MiuiKeyShortcutManager: Load Successed, mCombinationRules size = 0, mSingleKeyRules size = 1, mGestureRules size = 0
07-25 09:44:11.653  2436  2494 I MiuiKeyShortcutManager: xmlResourceParser is not null, file = miuishortcutkeymap
07-25 09:44:11.655  2436  2494 I MiuiKeyShortcutManager: Load Successed, mCombinationRules size = 4, mSingleKeyRules size = 5, mGestureRules size = 10
