07-25 09:44:10.054  2436  2436 W android.permission.PermissionManager: Missing ActivityManager; assuming 1000 holds android.permission.SET_PREFERRED_APPLICATIONS
07-25 09:44:10.054  2436  2436 W android.permission.PermissionManager: Missing ActivityManager; assuming 1000 holds android.permission.SET_PREFERRED_APPLICATIONS
07-25 09:44:10.054  2436  2436 W android.permission.PermissionManager: Missing ActivityManager; assuming 1000 holds android.permission.SET_PREFERRED_APPLICATIONS
07-25 09:44:10.055  2436  2436 W android.permission.PermissionManager: Missing ActivityManager; assuming 1000 holds android.permission.SET_PREFERRED_APPLICATIONS
07-25 09:44:10.055  2436  2436 W android.permission.PermissionManager: Missing ActivityManager; assuming 1000 holds android.permission.SET_PREFERRED_APPLICATIONS
07-25 09:44:10.055  2436  2436 W android.permission.PermissionManager: Missing ActivityManager; assuming 1000 holds android.permission.SET_PREFERRED_APPLICATIONS
07-25 09:44:10.055  2436  2436 W android.permission.PermissionManager: Missing ActivityManager; assuming 1000 holds android.permission.SET_PREFERRED_APPLICATIONS
07-25 09:44:10.055  2436  2436 W android.permission.PermissionManager: Missing ActivityManager; assuming 1000 holds android.permission.SET_PREFERRED_APPLICATIONS
07-25 09:44:10.055  2436  2436 W android.permission.PermissionManager: Missing ActivityManager; assuming 1000 holds android.permission.SET_PREFERRED_APPLICATIONS
07-25 09:44:10.056  2436  2436 W android.permission.PermissionManager: Missing ActivityManager; assuming 1000 holds android.permission.SET_PREFERRED_APPLICATIONS
07-25 09:44:10.056  2436  2436 W android.permission.PermissionManager: Missing ActivityManager; assuming 1000 holds android.permission.SET_PREFERRED_APPLICATIONS
07-25 09:44:10.056  2436  2436 W android.permission.PermissionManager: Missing ActivityManager; assuming 1000 holds android.permission.SET_PREFERRED_APPLICATIONS
07-25 09:44:10.056  2436  2436 W android.permission.PermissionManager: Missing ActivityManager; assuming 1000 holds android.permission.SET_PREFERRED_APPLICATIONS
07-25 09:44:10.056  2436  2436 W android.permission.PermissionManager: Missing ActivityManager; assuming 1000 holds android.permission.SET_PREFERRED_APPLICATIONS
07-25 09:44:10.057  2436  2436 W android.permission.PermissionManager: Missing ActivityManager; assuming 1000 holds android.permission.SET_PREFERRED_APPLICATIONS
07-25 09:44:10.057  2436  2436 W android.permission.PermissionManager: Missing ActivityManager; assuming 1000 holds android.permission.SET_PREFERRED_APPLICATIONS
07-25 09:44:10.057  2436  2436 W android.permission.PermissionManager: Missing ActivityManager; assuming 1000 holds android.permission.SET_PREFERRED_APPLICATIONS
07-25 09:44:10.057  2436  2436 W android.permission.PermissionManager: Missing ActivityManager; assuming 1000 holds android.permission.SET_PREFERRED_APPLICATIONS
07-25 09:44:10.057  2436  2436 W android.permission.PermissionManager: Missing ActivityManager; assuming 1000 holds android.permission.SET_PREFERRED_APPLICATIONS
07-25 09:44:10.057  2436  2436 W android.permission.PermissionManager: Missing ActivityManager; assuming 1000 holds android.permission.SET_PREFERRED_APPLICATIONS
07-25 09:44:10.058  2436  2436 W android.permission.PermissionManager: Missing ActivityManager; assuming 1000 holds android.permission.SET_PREFERRED_APPLICATIONS
07-25 09:44:10.058  2436  2436 W android.permission.PermissionManager: Missing ActivityManager; assuming 1000 holds android.permission.SET_PREFERRED_APPLICATIONS
07-25 09:44:10.058  2436  2436 W android.permission.PermissionManager: Missing ActivityManager; assuming 1000 holds android.permission.SET_PREFERRED_APPLICATIONS
07-25 09:44:10.058  2436  2436 W android.permission.PermissionManager: Missing ActivityManager; assuming 1000 holds android.permission.SET_PREFERRED_APPLICATIONS
07-25 09:44:10.058  2436  2436 W android.permission.PermissionManager: Missing ActivityManager; assuming 1000 holds android.permission.SET_PREFERRED_APPLICATIONS
07-25 09:44:10.059  2436  2436 W android.permission.PermissionManager: Missing ActivityManager; assuming 1000 holds android.permission.SET_PREFERRED_APPLICATIONS
07-25 09:44:10.059  2436  2436 W android.permission.PermissionManager: Missing ActivityManager; assuming 1000 holds android.permission.SET_PREFERRED_APPLICATIONS
07-25 09:44:10.059  2436  2436 W android.permission.PermissionManager: Missing ActivityManager; assuming 1000 holds android.permission.SET_PREFERRED_APPLICATIONS
07-25 09:44:10.059  2436  2436 W android.permission.PermissionManager: Missing ActivityManager; assuming 1000 holds android.permission.SET_PREFERRED_APPLICATIONS
07-25 09:44:10.059  2436  2436 W android.permission.PermissionManager: Missing ActivityManager; assuming 1000 holds android.permission.SET_PREFERRED_APPLICATIONS
07-25 09:44:10.060  2436  2436 W android.permission.PermissionManager: Missing ActivityManager; assuming 1000 holds android.permission.SET_PREFERRED_APPLICATIONS
07-25 09:44:10.060  2436  2436 W android.permission.PermissionManager: Missing ActivityManager; assuming 1000 holds android.permission.SET_PREFERRED_APPLICATIONS
07-25 09:44:10.060  2436  2436 W android.permission.PermissionManager: Missing ActivityManager; assuming 1000 holds android.permission.SET_PREFERRED_APPLICATIONS
07-25 09:44:10.060  2436  2436 W android.permission.PermissionManager: Missing ActivityManager; assuming 1000 holds android.permission.SET_PREFERRED_APPLICATIONS
07-25 09:44:10.060  2436  2436 W android.permission.PermissionManager: Missing ActivityManager; assuming 1000 holds android.permission.SET_PREFERRED_APPLICATIONS
07-25 09:44:10.061  2436  2436 W android.permission.PermissionManager: Missing ActivityManager; assuming 1000 holds android.permission.SET_PREFERRED_APPLICATIONS
07-25 09:44:10.061  2436  2436 W android.permission.PermissionManager: Missing ActivityManager; assuming 1000 holds android.permission.SET_PREFERRED_APPLICATIONS
07-25 09:44:10.061  2436  2436 W android.permission.PermissionManager: Missing ActivityManager; assuming 1000 holds android.permission.SET_PREFERRED_APPLICATIONS
07-25 09:44:10.061  2436  2436 W android.permission.PermissionManager: Missing ActivityManager; assuming 1000 holds android.permission.SET_PREFERRED_APPLICATIONS
07-25 09:44:10.061  2436  2436 W android.permission.PermissionManager: Missing ActivityManager; assuming 1000 holds android.permission.SET_PREFERRED_APPLICATIONS
07-25 09:44:10.061  2436  2436 W android.permission.PermissionManager: Missing ActivityManager; assuming 1000 holds android.permission.SET_PREFERRED_APPLICATIONS
07-25 09:44:10.062  2436  2436 W android.permission.PermissionManager: Missing ActivityManager; assuming 1000 holds android.permission.SET_PREFERRED_APPLICATIONS
07-25 09:44:10.062  2436  2436 W android.permission.PermissionManager: Missing ActivityManager; assuming 1000 holds android.permission.SET_PREFERRED_APPLICATIONS
07-25 09:44:10.062  2436  2436 W android.permission.PermissionManager: Missing ActivityManager; assuming 1000 holds android.permission.SET_PREFERRED_APPLICATIONS
07-25 09:44:10.062  2436  2436 W android.permission.PermissionManager: Missing ActivityManager; assuming 1000 holds android.permission.SET_PREFERRED_APPLICATIONS
07-25 09:44:10.062  2436  2436 W android.permission.PermissionManager: Missing ActivityManager; assuming 1000 holds android.permission.SET_PREFERRED_APPLICATIONS
07-25 09:44:10.063  2436  2436 W android.permission.PermissionManager: Missing ActivityManager; assuming 1000 holds android.permission.SET_PREFERRED_APPLICATIONS
07-25 09:44:10.063  2436  2436 W android.permission.PermissionManager: Missing ActivityManager; assuming 1000 holds android.permission.SET_PREFERRED_APPLICATIONS
07-25 09:44:10.064  2436  2436 W android.permission.PermissionManager: Missing ActivityManager; assuming 1000 holds android.permission.SET_PREFERRED_APPLICATIONS
07-25 09:44:10.064  2436  2436 W android.permission.PermissionManager: Missing ActivityManager; assuming 1000 holds android.permission.SET_PREFERRED_APPLICATIONS
07-25 09:44:10.065  2436  2436 W android.permission.PermissionManager: Missing ActivityManager; assuming 1000 holds android.permission.SET_PREFERRED_APPLICATIONS
07-25 09:44:10.065  2436  2436 W android.permission.PermissionManager: Missing ActivityManager; assuming 1000 holds android.permission.SET_PREFERRED_APPLICATIONS
07-25 09:44:10.065  2436  2436 W android.permission.PermissionManager: Missing ActivityManager; assuming 1000 holds android.permission.SET_PREFERRED_APPLICATIONS
07-25 09:44:10.065  2436  2436 W android.permission.PermissionManager: Missing ActivityManager; assuming 1000 holds android.permission.SET_PREFERRED_APPLICATIONS
07-25 09:44:10.065  2436  2436 W android.permission.PermissionManager: Missing ActivityManager; assuming 1000 holds android.permission.SET_PREFERRED_APPLICATIONS
07-25 09:44:10.066  2436  2436 W android.permission.PermissionManager: Missing ActivityManager; assuming 1000 holds android.permission.SET_PREFERRED_APPLICATIONS
07-25 09:44:10.066  2436  2436 W android.permission.PermissionManager: Missing ActivityManager; assuming 1000 holds android.permission.SET_PREFERRED_APPLICATIONS
07-25 09:44:10.066  2436  2436 W android.permission.PermissionManager: Missing ActivityManager; assuming 1000 holds android.permission.SET_PREFERRED_APPLICATIONS
07-25 09:44:10.066  2436  2436 W android.permission.PermissionManager: Missing ActivityManager; assuming 1000 holds android.permission.SET_PREFERRED_APPLICATIONS
07-25 09:44:10.066  2436  2436 W android.permission.PermissionManager: Missing ActivityManager; assuming 1000 holds android.permission.SET_PREFERRED_APPLICATIONS
07-25 09:44:10.067  2436  2436 W android.permission.PermissionManager: Missing ActivityManager; assuming 1000 holds android.permission.SET_PREFERRED_APPLICATIONS
07-25 09:44:10.067  2436  2436 W android.permission.PermissionManager: Missing ActivityManager; assuming 1000 holds android.permission.SET_PREFERRED_APPLICATIONS
07-25 09:44:10.067  2436  2436 W android.permission.PermissionManager: Missing ActivityManager; assuming 1000 holds android.permission.SET_PREFERRED_APPLICATIONS
07-25 09:44:10.067  2436  2436 W android.permission.PermissionManager: Missing ActivityManager; assuming 1000 holds android.permission.SET_PREFERRED_APPLICATIONS
07-25 09:44:10.067  2436  2436 W android.permission.PermissionManager: Missing ActivityManager; assuming 1000 holds android.permission.SET_PREFERRED_APPLICATIONS
07-25 09:44:10.068  2436  2436 W android.permission.PermissionManager: Missing ActivityManager; assuming 1000 holds android.permission.SET_PREFERRED_APPLICATIONS
07-25 09:44:10.068  2436  2436 W android.permission.PermissionManager: Missing ActivityManager; assuming 1000 holds android.permission.SET_PREFERRED_APPLICATIONS
07-25 09:44:10.068  2436  2436 W android.permission.PermissionManager: Missing ActivityManager; assuming 1000 holds android.permission.SET_PREFERRED_APPLICATIONS
07-25 09:44:10.068  2436  2436 W android.permission.PermissionManager: Missing ActivityManager; assuming 1000 holds android.permission.SET_PREFERRED_APPLICATIONS
07-25 09:44:10.068  2436  2436 W android.permission.PermissionManager: Missing ActivityManager; assuming 1000 holds android.permission.SET_PREFERRED_APPLICATIONS
07-25 09:44:10.069  2436  2436 W android.permission.PermissionManager: Missing ActivityManager; assuming 1000 holds android.permission.SET_PREFERRED_APPLICATIONS
07-25 09:44:10.069  2436  2436 W android.permission.PermissionManager: Missing ActivityManager; assuming 1000 holds android.permission.SET_PREFERRED_APPLICATIONS
07-25 09:44:10.069  2436  2436 W android.permission.PermissionManager: Missing ActivityManager; assuming 1000 holds android.permission.SET_PREFERRED_APPLICATIONS
07-25 09:44:10.069  2436  2436 W android.permission.PermissionManager: Missing ActivityManager; assuming 1000 holds android.permission.SET_PREFERRED_APPLICATIONS
07-25 09:44:10.069  2436  2436 W android.permission.PermissionManager: Missing ActivityManager; assuming 1000 holds android.permission.SET_PREFERRED_APPLICATIONS
07-25 09:44:10.070  2436  2436 W android.permission.PermissionManager: Missing ActivityManager; assuming 1000 holds android.permission.SET_PREFERRED_APPLICATIONS
07-25 09:44:10.070  2436  2436 W android.permission.PermissionManager: Missing ActivityManager; assuming 1000 holds android.permission.SET_PREFERRED_APPLICATIONS
07-25 09:44:10.070  2436  2436 W android.permission.PermissionManager: Missing ActivityManager; assuming 1000 holds android.permission.SET_PREFERRED_APPLICATIONS
07-25 09:44:10.070  2436  2436 W android.permission.PermissionManager: Missing ActivityManager; assuming 1000 holds android.permission.SET_PREFERRED_APPLICATIONS
07-25 09:44:10.070  2436  2436 W android.permission.PermissionManager: Missing ActivityManager; assuming 1000 holds android.permission.SET_PREFERRED_APPLICATIONS
07-25 09:44:10.071  2436  2436 W android.permission.PermissionManager: Missing ActivityManager; assuming 1000 holds android.permission.SET_PREFERRED_APPLICATIONS
07-25 09:44:10.071  2436  2436 W android.permission.PermissionManager: Missing ActivityManager; assuming 1000 holds android.permission.SET_PREFERRED_APPLICATIONS
07-25 09:44:10.071  2436  2436 W android.permission.PermissionManager: Missing ActivityManager; assuming 1000 holds android.permission.SET_PREFERRED_APPLICATIONS
07-25 09:44:10.071  2436  2436 W android.permission.PermissionManager: Missing ActivityManager; assuming 1000 holds android.permission.SET_PREFERRED_APPLICATIONS
07-25 09:44:10.071  2436  2436 W android.permission.PermissionManager: Missing ActivityManager; assuming 1000 holds android.permission.SET_PREFERRED_APPLICATIONS
07-25 09:44:10.072  2436  2436 W android.permission.PermissionManager: Missing ActivityManager; assuming 1000 holds android.permission.SET_PREFERRED_APPLICATIONS
07-25 09:44:10.072  2436  2436 W android.permission.PermissionManager: Missing ActivityManager; assuming 1000 holds android.permission.SET_PREFERRED_APPLICATIONS
07-25 09:44:10.072  2436  2436 W android.permission.PermissionManager: Missing ActivityManager; assuming 1000 holds android.permission.SET_PREFERRED_APPLICATIONS
07-25 09:44:10.072  2436  2436 W android.permission.PermissionManager: Missing ActivityManager; assuming 1000 holds android.permission.SET_PREFERRED_APPLICATIONS
07-25 09:44:10.072  2436  2436 W android.permission.PermissionManager: Missing ActivityManager; assuming 1000 holds android.permission.SET_PREFERRED_APPLICATIONS
07-25 09:44:10.073  2436  2436 W android.permission.PermissionManager: Missing ActivityManager; assuming 1000 holds android.permission.SET_PREFERRED_APPLICATIONS
07-25 09:44:10.073  2436  2436 W android.permission.PermissionManager: Missing ActivityManager; assuming 1000 holds android.permission.SET_PREFERRED_APPLICATIONS
07-25 09:44:10.073  2436  2436 W android.permission.PermissionManager: Missing ActivityManager; assuming 1000 holds android.permission.SET_PREFERRED_APPLICATIONS
07-25 09:44:10.073  2436  2436 W android.permission.PermissionManager: Missing ActivityManager; assuming 1000 holds android.permission.SET_PREFERRED_APPLICATIONS
07-25 09:44:10.073  2436  2436 W android.permission.PermissionManager: Missing ActivityManager; assuming 1000 holds android.permission.SET_PREFERRED_APPLICATIONS
07-25 09:44:10.074  2436  2436 W android.permission.PermissionManager: Missing ActivityManager; assuming 1000 holds android.permission.SET_PREFERRED_APPLICATIONS
07-25 09:44:10.074  2436  2436 W android.permission.PermissionManager: Missing ActivityManager; assuming 1000 holds android.permission.SET_PREFERRED_APPLICATIONS
07-25 09:44:10.074  2436  2436 W android.permission.PermissionManager: Missing ActivityManager; assuming 1000 holds android.permission.SET_PREFERRED_APPLICATIONS
07-25 09:44:10.074  2436  2436 W android.permission.PermissionManager: Missing ActivityManager; assuming 1000 holds android.permission.SET_PREFERRED_APPLICATIONS
07-25 09:44:10.074  2436  2436 W android.permission.PermissionManager: Missing ActivityManager; assuming 1000 holds android.permission.SET_PREFERRED_APPLICATIONS
07-25 09:44:10.075  2436  2436 W android.permission.PermissionManager: Missing ActivityManager; assuming 1000 holds android.permission.SET_PREFERRED_APPLICATIONS
07-25 09:44:10.075  2436  2436 W android.permission.PermissionManager: Missing ActivityManager; assuming 1000 holds android.permission.SET_PREFERRED_APPLICATIONS
07-25 09:44:10.075  2436  2436 W android.permission.PermissionManager: Missing ActivityManager; assuming 1000 holds android.permission.SET_PREFERRED_APPLICATIONS
07-25 09:44:10.075  2436  2436 W android.permission.PermissionManager: Missing ActivityManager; assuming 1000 holds android.permission.SET_PREFERRED_APPLICATIONS
07-25 09:44:10.075  2436  2436 W android.permission.PermissionManager: Missing ActivityManager; assuming 1000 holds android.permission.SET_PREFERRED_APPLICATIONS
07-25 09:44:10.076  2436  2436 W android.permission.PermissionManager: Missing ActivityManager; assuming 1000 holds android.permission.SET_PREFERRED_APPLICATIONS
07-25 09:44:10.076  2436  2436 W android.permission.PermissionManager: Missing ActivityManager; assuming 1000 holds android.permission.SET_PREFERRED_APPLICATIONS
07-25 09:44:10.076  2436  2436 W android.permission.PermissionManager: Missing ActivityManager; assuming 1000 holds android.permission.SET_PREFERRED_APPLICATIONS
07-25 09:44:10.076  2436  2436 W android.permission.PermissionManager: Missing ActivityManager; assuming 1000 holds android.permission.SET_PREFERRED_APPLICATIONS
07-25 09:44:10.076  2436  2436 W android.permission.PermissionManager: Missing ActivityManager; assuming 1000 holds android.permission.SET_PREFERRED_APPLICATIONS
07-25 09:44:10.076  2436  2436 W android.permission.PermissionManager: Missing ActivityManager; assuming 1000 holds android.permission.SET_PREFERRED_APPLICATIONS
07-25 09:44:10.077  2436  2436 W android.permission.PermissionManager: Missing ActivityManager; assuming 1000 holds android.permission.SET_PREFERRED_APPLICATIONS
07-25 09:44:10.077  2436  2436 W android.permission.PermissionManager: Missing ActivityManager; assuming 1000 holds android.permission.SET_PREFERRED_APPLICATIONS
07-25 09:44:10.077  2436  2436 W android.permission.PermissionManager: Missing ActivityManager; assuming 1000 holds android.permission.SET_PREFERRED_APPLICATIONS
07-25 09:44:10.077  2436  2436 W android.permission.PermissionManager: Missing ActivityManager; assuming 1000 holds android.permission.SET_PREFERRED_APPLICATIONS
07-25 09:44:10.077  2436  2436 W android.permission.PermissionManager: Missing ActivityManager; assuming 1000 holds android.permission.SET_PREFERRED_APPLICATIONS
07-25 09:44:10.078  2436  2436 W android.permission.PermissionManager: Missing ActivityManager; assuming 1000 holds android.permission.SET_PREFERRED_APPLICATIONS
07-25 09:44:10.078  2436  2436 W android.permission.PermissionManager: Missing ActivityManager; assuming 1000 holds android.permission.SET_PREFERRED_APPLICATIONS
07-25 09:44:10.078  2436  2436 W android.permission.PermissionManager: Missing ActivityManager; assuming 1000 holds android.permission.SET_PREFERRED_APPLICATIONS
07-25 09:44:10.078  2436  2436 W android.permission.PermissionManager: Missing ActivityManager; assuming 1000 holds android.permission.SET_PREFERRED_APPLICATIONS
07-25 09:44:10.078  2436  2436 W android.permission.PermissionManager: Missing ActivityManager; assuming 1000 holds android.permission.SET_PREFERRED_APPLICATIONS
07-25 09:44:10.078  2436  2436 W android.permission.PermissionManager: Missing ActivityManager; assuming 1000 holds android.permission.SET_PREFERRED_APPLICATIONS
07-25 09:44:10.079  2436  2436 W android.permission.PermissionManager: Missing ActivityManager; assuming 1000 holds android.permission.SET_PREFERRED_APPLICATIONS
07-25 09:44:10.079  2436  2436 W android.permission.PermissionManager: Missing ActivityManager; assuming 1000 holds android.permission.SET_PREFERRED_APPLICATIONS
07-25 09:44:10.079  2436  2436 W android.permission.PermissionManager: Missing ActivityManager; assuming 1000 holds android.permission.SET_PREFERRED_APPLICATIONS
07-25 09:44:10.079  2436  2436 W android.permission.PermissionManager: Missing ActivityManager; assuming 1000 holds android.permission.SET_PREFERRED_APPLICATIONS
07-25 09:44:10.079  2436  2436 W android.permission.PermissionManager: Missing ActivityManager; assuming 1000 holds android.permission.SET_PREFERRED_APPLICATIONS
07-25 09:44:10.080  2436  2436 W android.permission.PermissionManager: Missing ActivityManager; assuming 1000 holds android.permission.SET_PREFERRED_APPLICATIONS
07-25 09:44:10.080  2436  2436 W android.permission.PermissionManager: Missing ActivityManager; assuming 1000 holds android.permission.SET_PREFERRED_APPLICATIONS
07-25 09:44:10.080  2436  2436 W android.permission.PermissionManager: Missing ActivityManager; assuming 1000 holds android.permission.SET_PREFERRED_APPLICATIONS
07-25 09:44:10.080  2436  2436 W android.permission.PermissionManager: Missing ActivityManager; assuming 1000 holds android.permission.SET_PREFERRED_APPLICATIONS
07-25 09:44:10.080  2436  2436 W android.permission.PermissionManager: Missing ActivityManager; assuming 1000 holds android.permission.SET_PREFERRED_APPLICATIONS
07-25 09:44:10.080  2436  2436 W android.permission.PermissionManager: Missing ActivityManager; assuming 1000 holds android.permission.SET_PREFERRED_APPLICATIONS
07-25 09:44:10.081  2436  2436 W android.permission.PermissionManager: Missing ActivityManager; assuming 1000 holds android.permission.SET_PREFERRED_APPLICATIONS
07-25 09:44:10.081  2436  2436 W android.permission.PermissionManager: Missing ActivityManager; assuming 1000 holds android.permission.SET_PREFERRED_APPLICATIONS
07-25 09:44:10.081  2436  2436 W android.permission.PermissionManager: Missing ActivityManager; assuming 1000 holds android.permission.SET_PREFERRED_APPLICATIONS
07-25 09:44:10.081  2436  2436 W android.permission.PermissionManager: Missing ActivityManager; assuming 1000 holds android.permission.SET_PREFERRED_APPLICATIONS
07-25 09:44:10.081  2436  2436 W android.permission.PermissionManager: Missing ActivityManager; assuming 1000 holds android.permission.SET_PREFERRED_APPLICATIONS
07-25 09:44:10.082  2436  2436 W android.permission.PermissionManager: Missing ActivityManager; assuming 1000 holds android.permission.SET_PREFERRED_APPLICATIONS
07-25 09:44:10.082  2436  2436 W android.permission.PermissionManager: Missing ActivityManager; assuming 1000 holds android.permission.SET_PREFERRED_APPLICATIONS
07-25 09:44:10.082  2436  2436 W android.permission.PermissionManager: Missing ActivityManager; assuming 1000 holds android.permission.SET_PREFERRED_APPLICATIONS
07-25 09:44:10.082  2436  2436 W android.permission.PermissionManager: Missing ActivityManager; assuming 1000 holds android.permission.SET_PREFERRED_APPLICATIONS
07-25 09:44:10.082  2436  2436 W android.permission.PermissionManager: Missing ActivityManager; assuming 1000 holds android.permission.SET_PREFERRED_APPLICATIONS
07-25 09:44:10.082  2436  2436 W android.permission.PermissionManager: Missing ActivityManager; assuming 1000 holds android.permission.SET_PREFERRED_APPLICATIONS
07-25 09:44:10.083  2436  2436 W android.permission.PermissionManager: Missing ActivityManager; assuming 1000 holds android.permission.SET_PREFERRED_APPLICATIONS
07-25 09:44:10.083  2436  2436 W android.permission.PermissionManager: Missing ActivityManager; assuming 1000 holds android.permission.SET_PREFERRED_APPLICATIONS
07-25 09:44:10.094  2436  2436 W PackageSettings: Missing permission state for package: com.android.cts.priv.ctsshim
07-25 09:44:10.094  2436  2436 W PackageSettings: Missing permission state for package: com.android.internal.display.cutout.emulation.corner
07-25 09:44:10.094  2436  2436 W PackageSettings: Missing permission state for package: com.android.internal.display.cutout.emulation.double
07-25 09:44:10.094  2436  2436 W PackageSettings: Missing permission state for package: com.google.android.ext.shared
07-25 09:44:10.094  2436  2436 W PackageSettings: Missing permission state for package: com.android.internal.systemui.navbar.gestural_wide_back
07-25 09:44:10.095  2436  2436 W PackageSettings: Missing permission state for package: com.miui.phone.carriers.overlay.vodafone
07-25 09:44:10.095  2436  2436 W PackageSettings: Missing permission state for package: com.xiaomi.micloud.sdk
07-25 09:44:10.095  2436  2436 W PackageSettings: Missing permission state for package: com.android.internal.systemui.onehanded.gestural
07-25 09:44:10.095  2436  2436 W PackageSettings: Missing permission state for package: com.google.android.overlay.modules.permissioncontroller
07-25 09:44:10.095  2436  2436 W PackageSettings: Missing permission state for package: android.qvaoverlay.common
07-25 09:44:10.095  2436  2436 W PackageSettings: Missing permission state for package: com.android.simappdialog
07-25 09:44:10.095  2436  2436 W PackageSettings: Missing permission state for package: com.android.settings.overlay.miui
07-25 09:44:10.095  2436  2436 W PackageSettings: Missing permission state for package: android.overlay.common
07-25 09:44:10.095  2436  2436 W PackageSettings: Missing permission state for package: com.android.internal.display.cutout.emulation.hole
07-25 09:44:10.095  2436  2436 W PackageSettings: Missing permission state for package: com.android.internal.display.cutout.emulation.tall
07-25 09:44:10.095  2436  2436 W PackageSettings: Missing permission state for package: com.android.networkstack.overlay
07-25 09:44:10.095  2436  2436 W PackageSettings: Missing permission state for package: com.android.internal.systemui.navbar.threebutton
07-25 09:44:10.095  2436  2436 W PackageSettings: Missing permission state for package: android.miui.overlay
07-25 09:44:10.095  2436  2436 W PackageSettings: Missing permission state for package: android.overlay.target
07-25 09:44:10.095  2436  2436 W PackageSettings: Missing permission state for package: com.google.android.overlay.gmsconfig.common
07-25 09:44:10.095  2436  2436 W PackageSettings: Missing permission state for package: com.qualcomm.qti.gpudrivers.lahaina.api30
07-25 09:44:10.095  2436  2436 W PackageSettings: Missing permission state for package: com.miui.miwallpaper.overlay.customize
07-25 09:44:10.095  2436  2436 W PackageSettings: Missing permission state for package: com.android.internal.systemui.navbar.gestural_extra_wide_back
07-25 09:44:10.095  2436  2436 W PackageSettings: Missing permission state for package: com.miui.systemui.devices.overlay
07-25 09:44:10.095  2436  2436 W PackageSettings: Missing permission state for package: com.miuix.editor
07-25 09:44:10.095  2436  2436 W PackageSettings: Missing permission state for package: com.android.wifi.resources.overlay.common
07-25 09:44:10.095  2436  2436 W PackageSettings: Missing permission state for package: org.ifaa.aidl.manager
07-25 09:44:10.095  2436  2436 W PackageSettings: Missing permission state for package: com.android.dreams.basic
07-25 09:44:10.095  2436  2436 W PackageSettings: Missing permission state for package: com.google.android.overlay.modules.ext.services
07-25 09:44:10.095  2436  2436 W PackageSettings: Missing permission state for package: com.android.systemui.gesture.line.overlay
07-25 09:44:10.096  2436  2436 W PackageSettings: Missing permission state for package: com.google.android.overlay.gmsconfig.comms
07-25 09:44:10.096  2436  2436 W PackageSettings: Missing permission state for package: com.google.android.overlay.gmsconfig.geotz
07-25 09:44:10.096  2436  2436 W PackageSettings: Missing permission state for package: com.android.systemui.overlay.miui
07-25 09:44:10.096  2436  2436 W PackageSettings: Missing permission state for package: com.android.settings.overlay.common
07-25 09:44:10.096  2436  2436 W PackageSettings: Missing permission state for package: com.miui.wallpaper.overlay
07-25 09:44:10.096  2436  2436 W PackageSettings: Missing permission state for package: com.miui.face.overlay.miui
07-25 09:44:10.096  2436  2436 W PackageSettings: Missing permission state for package: com.android.cellbroadcastreceiver
07-25 09:44:10.096  2436  2436 W PackageSettings: Missing permission state for package: com.google.android.overlay.modules.documentsui
07-25 09:44:10.096  2436  2436 W PackageSettings: Missing permission state for package: com.android.server.telecom.overlay.miui
07-25 09:44:10.096  2436  2436 W PackageSettings: Missing permission state for package: com.android.wifi.resources.overlay.target
07-25 09:44:10.096  2436  2436 W PackageSettings: Missing permission state for package: com.android.wifi.resources
07-25 09:44:10.096  2436  2436 W PackageSettings: Missing permission state for package: com.android.phone.overlay.common
07-25 09:44:10.096  2436  2436 W PackageSettings: Missing permission state for package: com.android.carrierconfig.overlay.common
07-25 09:44:10.096  2436  2436 W PackageSettings: Missing permission state for package: android.aosp.overlay
07-25 09:44:10.096  2436  2436 W PackageSettings: Missing permission state for package: com.android.systemui.overlay.common
07-25 09:44:10.096  2436  2436 W PackageSettings: Missing permission state for package: com.android.cameraextensions
07-25 09:44:10.096  2436  2436 W PackageSettings: Missing permission state for package: com.xiaomi.xmsfkeeper
07-25 09:44:10.096  2436  2436 W PackageSettings: Missing permission state for package: com.android.server.telecom.overlay.common
07-25 09:44:10.096  2436  2436 W PackageSettings: Missing permission state for package: com.google.android.overlay.gmsconfig.gsa
07-25 09:44:10.096  2436  2436 W PackageSettings: Missing permission state for package: com.miui.miwallpaper.overlay
07-25 09:44:10.096  2436  2436 W PackageSettings: Missing permission state for package: com.miui.wallpaper.overlay.customize
07-25 09:44:10.096  2436  2436 W PackageSettings: Missing permission state for package: com.qualcomm.qti.remoteSimlockAuth
07-25 09:44:10.096  2436  2436 W PackageSettings: Missing permission state for package: com.android.theme.font.notoserifsource
07-25 09:44:10.096  2436  2436 W PackageSettings: Missing permission state for package: com.google.android.safetycenter.resources
07-25 09:44:10.096  2436  2436 W PackageSettings: Missing permission state for package: com.android.internal.display.cutout.emulation.waterfall
07-25 09:44:10.096  2436  2436 W PackageSettings: Missing permission state for package: com.google.android.connectivity.resources
07-25 09:44:10.096  2436  2436 W PackageSettings: Missing permission state for package: com.google.android.overlay.modules.permissioncontroller.forframework
07-25 09:44:10.096  2436  2436 W PackageSettings: Missing permission state for package: com.miui.core.internal.editor.services
07-25 09:44:10.096  2436  2436 W PackageSettings: Missing permission state for package: com.tencent.soter.soterserver
07-25 09:44:10.096  2436  2436 W PackageSettings: Missing permission state for package: com.android.providers.partnerbookmarks
07-25 09:44:10.096  2436  2436 W PackageSettings: Missing permission state for package: com.android.systemui.navigation.bar.overlay
07-25 09:44:10.096  2436  2436 W PackageSettings: Missing permission state for package: com.google.android.cellbroadcastservice.overlay.miui
07-25 09:44:10.096  2436  2436 W PackageSettings: Missing permission state for package: com.android.bookmarkprovider
07-25 09:44:10.096  2436  2436 W PackageSettings: Missing permission state for package: com.qualcomm.qti.uim
07-25 09:44:10.096  2436  2436 W PackageSettings: Missing permission state for package: org.mipay.android.manager
07-25 09:44:10.096  2436  2436 W PackageSettings: Missing permission state for package: com.android.thememanager.gliobal_config.config.overlay
07-25 09:44:10.096  2436  2436 W PackageSettings: Missing permission state for package: com.android.cts.ctsshim
07-25 09:44:10.096  2436  2436 W PackageSettings: Missing permission state for package: com.google.android.overlay.modules.modulemetadata.forframework
07-25 09:44:10.096  2436  2436 W PackageSettings: Missing permission state for package: com.qualcomm.qti.uimGbaApp
07-25 09:44:10.096  2436  2436 W PackageSettings: Missing permission state for package: com.miui.systemui.carriers.overlay
07-25 09:44:10.096  2436  2436 W PackageSettings: Missing permission state for package: com.miui.systemui.overlay.devices.android
07-25 09:44:10.096  2436  2436 W PackageSettings: Missing permission state for package: com.android.overlay.gmstelephony
07-25 09:44:10.096  2436  2436 W PackageSettings: Missing permission state for package: com.android.overlay.gmstelecomm
07-25 09:44:10.096  2436  2436 W PackageSettings: Missing permission state for package: com.qualcomm.qti.xrcb
07-25 09:44:10.097  2436  2436 W PackageSettings: Missing permission state for package: com.android.internal.systemui.navbar.gestural
07-25 09:44:10.097  2436  2436 W PackageSettings: Missing permission state for package: android.miui.poco.launcher.res
07-25 09:44:10.097  2436  2436 W PackageSettings: Missing permission state for package: com.miui.phone.carriers.overlay.h3g
07-25 09:44:10.097  2436  2436 W PackageSettings: Missing permission state for package: com.miui.core.internal.services
07-25 09:44:10.097  2436  2436 W PackageSettings: Missing permission state for package: com.android.wifi.resources.xiaomi
07-25 09:44:10.097  2436  2436 W PackageSettings: Missing permission state for package: com.google.android.cellbroadcastreceiver.overlay.miui
07-25 09:44:10.097  2436  2436 W PackageSettings: Missing permission state for package: com.android.internal.systemui.navbar.gestural_narrow_back
07-25 09:44:10.097  2436  2436 W PackageSettings: Missing permission state for package: com.android.cellbroadcastreceiver.overlay.common
07-25 09:44:10.097  2436  2436 W PackageSettings: Missing permission state for package: com.google.android.trichromelibrary_506012933
07-25 09:44:10.097  2436  2436 W PackageSettings: Missing permission state for shared user: android.uid.log
07-25 09:44:10.097  2436  2436 W PackageSettings: Missing permission state for shared user: android.uid.uwb
07-25 09:44:10.125  2436  2436 D PackageManager: Keeping known cache 0b50263ccbf63706358459e51f03fe10fbcbd6e4
07-25 09:44:10.151  2436  2436 D CompatibilityChangeReporter: Compat change id reported: 143539591; UID -1; state: ENABLED
07-25 09:44:10.154  2436  2574 I PackageParsing: Skipping target and overlay pair com.miui.miwallpaper and /product/overlay/MiuiClaroLockscreenOverlay.apk: overlay ignored due to required system property: ro.miui.customized.region with value: lm_cr
07-25 09:44:10.155  2436  2575 I PackageParsing: Skipping target and overlay pair android and /product/overlay/MiuiClaroWallpaperOverlay.apk: overlay ignored due to required system property: ro.miui.customized.region with value: lm_cr
07-25 09:44:10.156  2436  2574 I PackageParsing: Skipping target and overlay pair com.miui.miwallpaper and /product/overlay/MiuiClaroLockscreenOverlay.apk: overlay ignored due to required system property: ro.miui.customized.region with value: lm_cr
07-25 09:44:10.156  2436  2575 I PackageParsing: Skipping target and overlay pair android and /product/overlay/MiuiClaroWallpaperOverlay.apk: overlay ignored due to required system property: ro.miui.customized.region with value: lm_cr
07-25 09:44:10.156  2436  2572 I PackageParsing: Skipping target and overlay pair com.miui.miwallpaper and /product/overlay/MiuiDefaultLockscreenOverlay.apk: overlay ignored due to required system property: ro.boot.product.theme_customize with value: BruceLee
07-25 09:44:10.157  2436  2572 I PackageParsing: Skipping target and overlay pair com.miui.miwallpaper and /product/overlay/MiuiDefaultLockscreenOverlay.apk: overlay ignored due to required system property: ro.boot.product.theme_customize with value: BruceLee
07-25 09:44:10.157  2436  2573 I PackageParsing: Skipping target and overlay pair android and /product/overlay/MiuiDefaultWallpaperOverlay.apk: overlay ignored due to required system property: ro.boot.product.theme_customize with value: BruceLee
07-25 09:44:10.158  2436  2573 I PackageParsing: Skipping target and overlay pair android and /product/overlay/MiuiDefaultWallpaperOverlay.apk: overlay ignored due to required system property: ro.boot.product.theme_customize with value: BruceLee
07-25 09:44:10.160  2436  2573 I PackageParsing: Skipping target and overlay pair android and /product/overlay/MiuiHomeLauncherResOverlay.apk: overlay ignored due to required system property: ro.miui.product.home with value: com.miui.home
07-25 09:44:10.161  2436  2574 I PackageParsing: Skipping target and overlay pair com.miui.miwallpaper and /product/overlay/MiuiLundunLockscreenOverlay.apk: overlay ignored due to required system property: ro.boot.hwversion with value: 4.9.1
07-25 09:44:10.161  2436  2573 I PackageParsing: Skipping target and overlay pair android and /product/overlay/MiuiHomeLauncherResOverlay.apk: overlay ignored due to required system property: ro.miui.product.home with value: com.miui.home
07-25 09:44:10.162  2436  2575 I PackageParsing: Skipping target and overlay pair android and /product/overlay/MiuiLundunWallpaperOverlay.apk: overlay ignored due to required system property: ro.boot.hwversion with value: 4.9.1
07-25 09:44:10.162  2436  2574 I PackageParsing: Skipping target and overlay pair com.miui.miwallpaper and /product/overlay/MiuiLundunLockscreenOverlay.apk: overlay ignored due to required system property: ro.boot.hwversion with value: 4.9.1
07-25 09:44:10.162  2436  2575 I PackageParsing: Skipping target and overlay pair android and /product/overlay/MiuiLundunWallpaperOverlay.apk: overlay ignored due to required system property: ro.boot.hwversion with value: 4.9.1
07-25 09:44:10.166  2436  2573 I PackageParsing: Skipping target and overlay pair com.miui.miwallpaper and /product/overlay/MiuiTelcelLockscreenOverlay.apk: overlay ignored due to required system property: ro.miui.customized.region with value: mx_telcel
07-25 09:44:10.167  2436  2574 I PackageParsing: Skipping target and overlay pair android and /product/overlay/MiuiTelcelWallpaperOverlay.apk: overlay ignored due to required system property: ro.miui.customized.region with value: mx_telcel
07-25 09:44:10.167  2436  2573 I PackageParsing: Skipping target and overlay pair com.miui.miwallpaper and /product/overlay/MiuiTelcelLockscreenOverlay.apk: overlay ignored due to required system property: ro.miui.customized.region with value: mx_telcel
07-25 09:44:10.168  2436  2574 I PackageParsing: Skipping target and overlay pair android and /product/overlay/MiuiTelcelWallpaperOverlay.apk: overlay ignored due to required system property: ro.miui.customized.region with value: mx_telcel
07-25 09:44:10.180  2436  2436 W PackageManager: Failed to parse /product/overlay/MiuiClaroLockscreenOverlay.apk: /product/overlay/MiuiClaroLockscreenOverlay.apk (at Binary XML file line #20): Skipping target and overlay pair com.miui.miwallpaper and /product/overlay/MiuiClaroLockscreenOverlay.apk: overlay ignored due to required system property: ro.miui.customized.region with value: lm_cr
07-25 09:44:10.180  2436  2436 W PackageManager: Failed to parse /product/overlay/MiuiClaroWallpaperOverlay.apk: /product/overlay/MiuiClaroWallpaperOverlay.apk (at Binary XML file line #20): Skipping target and overlay pair android and /product/overlay/MiuiClaroWallpaperOverlay.apk: overlay ignored due to required system property: ro.miui.customized.region with value: lm_cr
07-25 09:44:10.180  2436  2436 W PackageManager: Failed to parse /product/overlay/MiuiDefaultLockscreenOverlay.apk: /product/overlay/MiuiDefaultLockscreenOverlay.apk (at Binary XML file line #19): Skipping target and overlay pair com.miui.miwallpaper and /product/overlay/MiuiDefaultLockscreenOverlay.apk: overlay ignored due to required system property: ro.boot.product.theme_customize with value: BruceLee
07-25 09:44:10.180  2436  2436 W PackageManager: Failed to parse /product/overlay/MiuiDefaultWallpaperOverlay.apk: /product/overlay/MiuiDefaultWallpaperOverlay.apk (at Binary XML file line #19): Skipping target and overlay pair android and /product/overlay/MiuiDefaultWallpaperOverlay.apk: overlay ignored due to required system property: ro.boot.product.theme_customize with value: BruceLee
07-25 09:44:10.182  2436  2436 W PackageManager: Failed to parse /product/overlay/MiuiHomeLauncherResOverlay.apk: /product/overlay/MiuiHomeLauncherResOverlay.apk (at Binary XML file line #23): Skipping target and overlay pair android and /product/overlay/MiuiHomeLauncherResOverlay.apk: overlay ignored due to required system property: ro.miui.product.home with value: com.miui.home
07-25 09:44:10.182  2436  2436 W PackageManager: Failed to parse /product/overlay/MiuiLundunLockscreenOverlay.apk: /product/overlay/MiuiLundunLockscreenOverlay.apk (at Binary XML file line #19): Skipping target and overlay pair com.miui.miwallpaper and /product/overlay/MiuiLundunLockscreenOverlay.apk: overlay ignored due to required system property: ro.boot.hwversion with value: 4.9.1
07-25 09:44:10.182  2436  2436 W PackageManager: Failed to parse /product/overlay/MiuiLundunWallpaperOverlay.apk: /product/overlay/MiuiLundunWallpaperOverlay.apk (at Binary XML file line #19): Skipping target and overlay pair android and /product/overlay/MiuiLundunWallpaperOverlay.apk: overlay ignored due to required system property: ro.boot.hwversion with value: 4.9.1
07-25 09:44:10.182  2436  2436 I PackageManager: /product/overlay/MiuiPOCOLockscreenOverlay.apk changed; collecting certs
07-25 09:44:10.185  2436  2436 W PackageManager: Failed to scan /product/overlay/MiuiPOCOLockscreenOverlay.apk: Application package com.miui.miwallpaper.overlay already installed.  Skipping duplicate.
07-25 09:44:10.185  2436  2436 I PackageManager: /product/overlay/MiuiPOCOWallpaperOverlay.apk changed; collecting certs
07-25 09:44:10.186  2436  2436 W PackageManager: Failed to scan /product/overlay/MiuiPOCOWallpaperOverlay.apk: Application package com.miui.wallpaper.overlay already installed.  Skipping duplicate.
07-25 09:44:10.188  2436  2436 W PackageManager: Failed to parse /product/overlay/MiuiTelcelLockscreenOverlay.apk: /product/overlay/MiuiTelcelLockscreenOverlay.apk (at Binary XML file line #20): Skipping target and overlay pair com.miui.miwallpaper and /product/overlay/MiuiTelcelLockscreenOverlay.apk: overlay ignored due to required system property: ro.miui.customized.region with value: mx_telcel
07-25 09:44:10.188  2436  2436 W PackageManager: Failed to parse /product/overlay/MiuiTelcelWallpaperOverlay.apk: /product/overlay/MiuiTelcelWallpaperOverlay.apk (at Binary XML file line #20): Skipping target and overlay pair android and /product/overlay/MiuiTelcelWallpaperOverlay.apk: overlay ignored due to required system property: ro.miui.customized.region with value: mx_telcel
07-25 09:44:10.199  2436  2436 D CompatibilityChangeReporter: Compat change id reported: 143539591; UID -1; state: DISABLED
07-25 09:44:10.199  2436  2436 D CompatibilityChangeReporter: Compat change id reported: 168782947; UID -1; state: ENABLED
07-25 09:44:10.209  2436  2436 W PackageManager: Failed to parse /system/framework/arm: Missing base APK in /system/framework/arm
07-25 09:44:10.209  2436  2436 W PackageManager: Failed to parse /system/framework/arm64: Missing base APK in /system/framework/arm64
07-25 09:44:10.209  2436  2436 W PackageManager: Failed to parse /system/framework/oat: Missing base APK in /system/framework/oat
07-25 09:44:10.252  2436  2436 W PackageManager: Failed to scan /system/priv-app/CloudBackup: Package com.miui.cloudbackup at /system/priv-app/CloudBackup ignored: updated version 1120106158 better than this 12010505
07-25 09:44:10.253  2436  2436 W PackageManager: Failed to scan /system/priv-app/DocumentsUIGoogle: Package com.google.android.documentsui at /system/priv-app/DocumentsUIGoogle ignored: updated version 351513080 better than this 310851020
07-25 09:44:10.267  2436  2436 W PackageManager: Failed to scan /system/priv-app/MIServiceGlobal: Package com.miui.miservice at /system/priv-app/MIServiceGlobal ignored: updated version 15000003 better than this 13000325
07-25 09:44:10.272  2436  2436 W PackageManager: Failed to scan /system/priv-app/MIBrowserGlobal: Package com.mi.globalbrowser at /system/priv-app/MIBrowserGlobal ignored: updated version 202507176 better than this 202210210
07-25 09:44:10.274  2436  2436 W PackageManager: Failed to scan /system/priv-app/MIUICleanMasterGlobal: Package com.miui.cleaner at /system/priv-app/MIUICleanMasterGlobal ignored: updated version 100811 better than this 528
07-25 09:44:10.275  2436  2436 W PackageManager: Failed to scan /system/priv-app/MIUIGlobalMinusScreen: Package com.mi.android.globalminusscreen at /system/priv-app/MIUIGlobalMinusScreen ignored: updated version 20241205 better than this 20221020
07-25 09:44:10.275  2436  2436 W PackageManager: Failed to scan /system/priv-app/MIUIGalleryGlobal: Package com.miui.gallery at /system/priv-app/MIUIGalleryGlobal ignored: updated version 403704 better than this 403469
07-25 09:44:10.276  2436  2436 W PackageManager: Failed to scan /system/priv-app/MIUIMusicGlobal: Package com.miui.player at /system/priv-app/MIUIMusicGlobal ignored: updated version 5341 better than this 872
07-25 09:44:10.276  2436  2436 W PackageManager: Failed to scan /system/priv-app/MIUIMmsGlobalAndroidS: Package com.android.mms at /system/priv-app/MIUIMmsGlobalAndroidS ignored: updated version 13000107 better than this 12000114
07-25 09:44:10.280  2436  2436 W PackageManager: Failed to scan /system/priv-app/MIUISecurityCenterGlobal: Package com.miui.securitycenter at /system/priv-app/MIUISecurityCenterGlobal ignored: updated version 40001051 better than this 40000740
07-25 09:44:10.288  2436  2436 W PackageManager: Failed to scan /system/priv-app/NetworkStackGoogle: Package com.google.android.networkstack at /system/priv-app/NetworkStackGoogle ignored: updated version 351510020 better than this 311711000
07-25 09:44:10.292  2436  2436 E PackageManager: updateSharedLibrariesLPr failed: 
07-25 09:44:10.292  2436  2436 E PackageManager: com.android.server.pm.PackageManagerException: Package com.xiaomi.micloud.sdk requires unavailable shared library com.miui.system; failing!
07-25 09:44:10.292  2436  2436 E PackageManager: 	at com.android.server.pm.PackageManagerService.collectSharedLibraryInfos(PackageManagerService.java:13918)
07-25 09:44:10.292  2436  2436 E PackageManager: 	at com.android.server.pm.PackageManagerService.collectSharedLibraryInfos(PackageManagerService.java:13820)
07-25 09:44:10.292  2436  2436 E PackageManager: 	at com.android.server.pm.PackageManagerService.updateSharedLibrariesLocked(PackageManagerService.java:13800)
07-25 09:44:10.292  2436  2436 E PackageManager: 	at com.android.server.pm.PackageManagerService.commitPackageSettings(PackageManagerService.java:15724)
07-25 09:44:10.292  2436  2436 E PackageManager: 	at com.android.server.pm.PackageManagerService.commitReconciledScanResultLocked(PackageManagerService.java:14504)
07-25 09:44:10.292  2436  2436 E PackageManager: 	at com.android.server.pm.PackageManagerService.addForInitLI(PackageManagerService.java:12569)
07-25 09:44:10.292  2436  2436 E PackageManager: 	at com.android.server.pm.PackageManagerService.scanDirLI(PackageManagerService.java:12126)
07-25 09:44:10.292  2436  2436 E PackageManager: 	at com.android.server.pm.PackageManagerService.scanDirTracedLI(PackageManagerService.java:12065)
07-25 09:44:10.292  2436  2436 E PackageManager: 	at com.android.server.pm.PackageManagerService.<init>(PackageManagerService.java:7755)
07-25 09:44:10.292  2436  2436 E PackageManager: 	at com.android.server.pm.PackageManagerService.main(PackageManagerService.java:7188)
07-25 09:44:10.292  2436  2436 E PackageManager: 	at com.android.server.SystemServer.startBootstrapServices(SystemServer.java:1227)
07-25 09:44:10.292  2436  2436 E PackageManager: 	at com.android.server.SystemServer.run(SystemServer.java:921)
07-25 09:44:10.292  2436  2436 E PackageManager: 	at com.android.server.SystemServer.main(SystemServer.java:649)
07-25 09:44:10.292  2436  2436 E PackageManager: 	at java.lang.reflect.Method.invoke(Native Method)
07-25 09:44:10.292  2436  2436 E PackageManager: 	at com.android.internal.os.RuntimeInit$MethodAndArgsCaller.run(RuntimeInit.java:556)
07-25 09:44:10.292  2436  2436 E PackageManager: 	at com.android.internal.os.ZygoteInit.main(ZygoteInit.java:1027)
07-25 09:44:10.302  2436  2436 W PackageManager: Failed to scan /system/priv-app/facebook-installer: Package com.facebook.system at /system/priv-app/facebook-installer ignored: updated version 518429081 better than this 421813753
07-25 09:44:10.302  2436  2436 W PackageManager: Failed to scan /system/priv-app/facebook-services: Package com.facebook.services at /system/priv-app/facebook-services ignored: updated version 518429113 better than this 421813763
07-25 09:44:10.322  2436  2436 W PackageManager: Failed to scan /system/app/AnalyticsCore: Package com.miui.analytics at /system/app/AnalyticsCore ignored: updated version 2025052000 better than this 2022021400
07-25 09:44:10.327  2436  2436 W PackageManager: Failed to scan /system/app/CaptivePortalLoginGoogle: Package com.google.android.captiveportallogin at /system/app/CaptivePortalLoginGoogle ignored: updated version 351510000 better than this 311711000
07-25 09:44:10.334  2436  2436 W PackageManager: Failed to scan /system/app/CloudService: Package com.miui.cloudservice at /system/app/CloudService ignored: updated version 112000250 better than this 12010145
