--------- beginning of system
08-23 00:20:31.181   606   638 I QISL    : QSEE Interrupt Service Listener Thread is started
08-23 00:20:31.182   606   638 I QISL    : QSEE Interrupt Service Listener was activated successfully
08-23 00:20:31.194   606   606 D SPL     : Call QSEECom_register_listener()
08-23 00:20:31.194   606   606 D SPL     : Registered listener sucessfully!
08-23 00:20:31.194   606   606 D SPL     : pipe read-fd [28] write-fd [29]
08-23 00:20:31.194   606   606 D SPL     : Create thread
08-23 00:20:31.194   606   606 D SPL     : Thread created sucessfully.
08-23 00:20:31.194   606   641 D SPL     : spl_dispatch() started
08-23 00:20:31.194   606   641 D SPL     : ==== Wait For Request ======
08-23 00:20:31.260   608   608 I vold    : Vold 3.0 (the awakening) firing up
08-23 00:20:31.260   608   608 D vold    : Detected support for: exfat ext4 f2fs ntfs vfat
08-23 00:20:31.262   608   608 D vold    : Found unmanaged dm device named system_ext_a
08-23 00:20:31.262   608   608 D vold    : Found unmanaged dm device named odm_a
08-23 00:20:31.262   608   608 D vold    : Found unmanaged dm device named system_a
08-23 00:20:31.262   608   608 D vold    : Found unmanaged dm device named vendor-verity
08-23 00:20:31.262   608   608 D vold    : Found unmanaged dm device named vendor_a
08-23 00:20:31.262   608   608 D vold    : Found unmanaged dm device named system_ext-verity
08-23 00:20:31.262   608   608 D vold    : Found unmanaged dm device named odm-verity
08-23 00:20:31.262   608   608 D vold    : Found unmanaged dm device named product-verity
08-23 00:20:31.262   608   608 D vold    : Found unmanaged dm device named system-verity
08-23 00:20:31.262   608   608 D vold    : Found unmanaged dm device named product_a
08-23 00:20:31.262   608   608 D vold    : Found unmanaged loop device at /dev/block/loop3 named apex:
08-23 00:20:31.262   608   608 D vold    : Found unmanaged loop device at /dev/block/loop0 named apex:
08-23 00:20:31.262   608   608 D vold    : Found unmanaged loop device at /dev/block/loop1 named apex:
08-23 00:20:31.262   608   608 D vold    : Found unmanaged loop device at /dev/block/loop4 named apex:
08-23 00:20:31.262   608   608 D vold    : Found unmanaged loop device at /dev/block/loop2 named apex:
08-23 00:20:31.262   608   608 I vold    : [libfs_mgr]dt_fstab: Skip disabled entry for partition vendor
08-23 00:20:31.263   608   608 D vold    : VoldNativeService::start() completed OK
08-23 00:20:41.609   608   608 D vold    : fscrypt_mount_metadata_encrypted: /data encrypt: 0 format: 0 with null
08-23 00:20:41.610   608   608 D vold    : metadata_key_dir/key: /metadata/vold/metadata_encryption/key
08-23 00:20:41.617   608   608 D vold    : Key exists, using: /metadata/vold/metadata_encryption/key
08-23 00:20:41.700   608   608 D vold    : Mounting metadata-encrypted filesystem:/data
08-23 00:20:41.702   608   608 I vold    : [libfs_mgr]Setting resize overprovision ratio to 1.4 for /dev/block/dm-10(256G)
08-23 00:20:41.702   608   608 I vold    : [libfs_mgr]Running /system/bin/fsck.f2fs -a -c 10000 --debug-cache /dev/block/dm-10
08-23 00:20:46.842   608   608 I vold    : [libfs_mgr]Running /system/bin/resize.f2fs/dev/block/dm-10
08-23 00:20:47.175   608   608 I vold    : [libfs_mgr]__mount(source=/dev/block/dm-10,target=/data,type=f2fs)=0: Success
08-23 00:20:47.175   608   608 D vold    : Mounted /data
08-23 00:20:47.175   608   650 D vold    : Disk at 253:10 changed
08-23 00:20:47.184   608   685 I Checkpoint: cp_prepareCheckpoint called
08-23 00:20:47.192   608   685 I vold    : fscrypt_initialize_systemwide_keys
08-23 00:20:47.193   608   685 D vold    : Key exists, using: /data/unencrypted/key
08-23 00:20:47.205   608   685 D vold    : Installed fscrypt key with ref 90f22caaf3b855486c6974664a97f52a to /data
08-23 00:20:47.205   608   685 D vold    : Added fscrypt-provisioning key for 90f22caaf3b855486c6974664a97f52a to session keyring
08-23 00:20:47.206   608   685 I vold    : Wrote system DE key reference to:/data/unencrypted/ref
08-23 00:20:47.206   608   685 D vold    : Generating wrapped storage key
08-23 00:20:47.220   608   685 D vold    : Installed fscrypt key with ref d89aac42e041114eaaca1ec02056690a to /data
08-23 00:20:47.220   608   685 D vold    : Added fscrypt-provisioning key for d89aac42e041114eaaca1ec02056690a to session keyring
08-23 00:20:47.220   608   685 I vold    : Wrote per boot key reference to:/data/unencrypted/per_boot_ref
08-23 00:20:47.234   608   685 I incfs   : Initial API level of the device: 31
08-23 00:20:47.234   608   685 I incfs   : ro.incremental.enable: yes
08-23 00:20:47.234   608   685 I incfs   : isFsAvailable: true
08-23 00:20:47.234   608   685 I incfs   : isFsAvailable: true
08-23 00:20:47.234   608   685 I incfs   : IncFs_Features: v1
08-23 00:20:47.247   608   685 E vold    : keystore2 Keystore earlyBootEnded returned service specific error: -68
08-23 00:20:47.578   608   650 D vold    : Disk at 7:40 changed
08-23 00:20:47.579   608   650 D vold    : Disk at 7:48 changed
08-23 00:20:47.579   608   650 D vold    : Disk at 7:56 changed
08-23 00:20:47.580   608   650 D vold    : Disk at 7:64 changed
08-23 00:20:47.581   608   650 D vold    : Disk at 7:72 changed
08-23 00:20:47.583   608   650 D vold    : Disk at 7:80 changed
08-23 00:20:47.584   608   650 D vold    : Disk at 253:11 changed
08-23 00:20:47.584   608   650 D vold    : Disk at 253:11 changed
08-23 00:20:47.584   608   650 D vold    : Disk at 253:12 changed
08-23 00:20:47.584   608   650 D vold    : Disk at 253:12 changed
08-23 00:20:47.590   608   650 D vold    : Disk at 7:88 changed
08-23 00:20:47.591   608   650 D vold    : Disk at 7:96 changed
08-23 00:20:47.592   608   650 D vold    : Disk at 253:13 changed
08-23 00:20:47.592   608   650 D vold    : Disk at 253:13 changed
08-23 00:20:47.593   608   650 D vold    : Disk at 253:14 changed
08-23 00:20:47.593   608   650 D vold    : Disk at 253:14 changed
08-23 00:20:47.606   608   650 D vold    : Disk at 7:104 changed
08-23 00:20:47.607   608   650 D vold    : Disk at 7:112 changed
08-23 00:20:47.608   608   650 D vold    : Disk at 253:15 changed
08-23 00:20:47.608   608   650 D vold    : Disk at 253:15 changed
08-23 00:20:47.608   608   650 D vold    : Disk at 7:120 changed
08-23 00:20:47.610   608   650 D vold    : Disk at 7:128 changed
08-23 00:20:47.612   608   650 D vold    : Disk at 253:16 changed
08-23 00:20:47.612   608   650 D vold    : Disk at 253:16 changed
08-23 00:20:47.614   608   650 D vold    : Disk at 7:136 changed
08-23 00:20:47.615   608   650 D vold    : Disk at 7:144 changed
08-23 00:20:47.616   608   650 D vold    : Disk at 253:17 changed
08-23 00:20:47.616   608   650 D vold    : Disk at 253:17 changed
08-23 00:20:47.616   608   650 D vold    : Disk at 253:18 changed
08-23 00:20:47.616   608   650 D vold    : Disk at 253:18 changed
08-23 00:20:47.630   608   650 D vold    : Disk at 7:152 changed
08-23 00:20:47.632   608   650 D vold    : Disk at 253:19 changed
08-23 00:20:47.632   608   650 D vold    : Disk at 253:19 changed
08-23 00:20:47.633   608   650 D vold    : Disk at 7:160 changed
08-23 00:20:47.635   608   650 D vold    : Disk at 253:20 changed
08-23 00:20:47.635   608   650 D vold    : Disk at 253:20 changed
08-23 00:20:47.637   608   650 D vold    : Disk at 7:168 changed
08-23 00:20:47.638   608   650 D vold    : Disk at 7:176 changed
08-23 00:20:47.639   608   650 D vold    : Disk at 253:21 changed
08-23 00:20:47.639   608   650 D vold    : Disk at 253:21 changed
08-23 00:20:47.640   608   650 D vold    : Disk at 253:22 changed
08-23 00:20:47.640   608   650 D vold    : Disk at 253:22 changed
08-23 00:20:47.654   608   650 D vold    : Disk at 7:184 changed
08-23 00:20:47.656   608   650 D vold    : Disk at 253:23 changed
08-23 00:20:47.656   608   650 D vold    : Disk at 253:23 changed
08-23 00:20:47.658   608   650 D vold    : Disk at 7:192 changed
08-23 00:20:47.659   608   650 D vold    : Disk at 253:24 changed
08-23 00:20:47.659   608   650 D vold    : Disk at 253:24 changed
08-23 00:20:47.661   608   650 D vold    : Disk at 7:200 changed
08-23 00:20:47.662   608   650 D vold    : Disk at 7:208 changed
08-23 00:20:47.663   608   650 D vold    : Disk at 253:25 changed
08-23 00:20:47.663   608   650 D vold    : Disk at 253:25 changed
08-23 00:20:47.666   608   650 D vold    : Disk at 7:216 changed
08-23 00:20:47.668   608   650 D vold    : Disk at 253:26 changed
08-23 00:20:47.668   608   650 D vold    : Disk at 253:26 changed
08-23 00:20:47.678   608   650 D vold    : Disk at 7:224 changed
08-23 00:20:47.680   608   650 D vold    : Disk at 253:27 changed
08-23 00:20:47.680   608   650 D vold    : Disk at 253:27 changed
08-23 00:20:47.684   608   650 D vold    : Disk at 7:232 changed
08-23 00:20:47.685   608   650 D vold    : Disk at 7:240 changed
08-23 00:20:47.685   608   650 D vold    : Disk at 253:28 changed
08-23 00:20:47.685   608   650 D vold    : Disk at 253:28 changed
08-23 00:20:47.686   608   650 D vold    : Disk at 253:29 changed
08-23 00:20:47.686   608   650 D vold    : Disk at 253:29 changed
08-23 00:20:47.764   608   685 D vold    : fscrypt_init_user0
08-23 00:20:47.764   608   685 D vold    : Preparing: /data/misc/vold/user_keys
08-23 00:20:47.765   608   685 D vold    : Preparing: /data/misc/vold/user_keys/ce
08-23 00:20:47.766   608   685 D vold    : Preparing: /data/misc/vold/user_keys/de
08-23 00:20:47.778   608   685 D vold    : Installed fscrypt key with ref f3685d7a1a514f716f80662cd8afa665 to /data
08-23 00:20:47.778   608   685 D vold    : Added fscrypt-provisioning key for f3685d7a1a514f716f80662cd8afa665 to session keyring
08-23 00:20:47.778   608   685 D vold    : Installed de key for user 0
08-23 00:20:47.778   608   685 D vold    : Skipping non-de-key 0_backup
08-23 00:20:47.778   608   685 D vold    : fscrypt_prepare_user_storage for volume null, user 0, serial 0, flags 1
08-23 00:20:47.779   608   685 D vold    : Preparing: /data/system/users/0
08-23 00:20:47.779   608   685 D vold    : Preparing: /data/misc/profiles/cur/0
08-23 00:20:47.779   608   685 D vold    : Preparing: /data/system_de/0
08-23 00:20:47.780   608   685 D vold    : Preparing: /data/misc_de/0
08-23 00:20:47.780   608   685 D vold    : Preparing: /data/vendor_de/0
08-23 00:20:47.780   608   685 D vold    : Preparing: /data/user_de/0
08-23 00:20:47.780   608   685 I vold    : Verified that /data/system_de/0 has the encryption policy f3685d7a1a514f716f80662cd8afa665 v2 modes 1/4 flags 0xa
08-23 00:20:47.780   608   685 I vold    : Verified that /data/misc_de/0 has the encryption policy f3685d7a1a514f716f80662cd8afa665 v2 modes 1/4 flags 0xa
08-23 00:20:47.780   608   685 I vold    : Verified that /data/vendor_de/0 has the encryption policy f3685d7a1a514f716f80662cd8afa665 v2 modes 1/4 flags 0xa
08-23 00:20:47.780   608   685 I vold    : Verified that /data/user_de/0 has the encryption policy f3685d7a1a514f716f80662cd8afa665 v2 modes 1/4 flags 0xa
08-23 00:20:47.780   608   685 D vold    : /system/bin/vold_prepare_subdirs
08-23 00:20:47.780   608   685 D vold    :     prepare
08-23 00:20:47.780   608   685 D vold    :     
08-23 00:20:47.780   608   685 D vold    :     0
08-23 00:20:47.780   608   685 D vold    :     1
08-23 00:20:47.798   608   685 D vold    : Detected support for FS_IOC_ADD_ENCRYPTION_KEY
08-23 00:20:47.880   808   808 I odrefresh: ART APEX version 351610080
08-23 00:20:47.880   808   808 I odrefresh: Updated ART APEX mounted
08-23 00:20:47.948   808   808 I odrefresh: Checking boot images /data (arm64)
08-23 00:20:47.948   808   808 I odrefresh: Boot images on /data OK (arm64)
08-23 00:20:47.948   808   808 I odrefresh: Checking boot images /data (arm)
08-23 00:20:47.948   808   808 I odrefresh: Boot images on /data OK (arm)
08-23 00:20:47.948   808   808 I odrefresh: system_server artifacts on /data OK
07-25 09:44:00.867   608   650 D vold    : Disk at 7:248 changed
07-25 09:44:01.050  1090  1090 I irsc_util: Starting irsc tool
07-25 09:44:01.067  1090  1090 I irsc_util: Num of entries:298
07-25 09:44:01.067  1090  1090 I irsc_util: Ending irsc tool
07-25 09:44:01.655  1026  1026 I android.hardware.wifi@1.0-service: Wifi Hal is booting up...
07-25 09:44:01.659  1026  1026 I HidlServiceManagement: Registered android.hardware.wifi@1.4::IWifi/default
07-25 09:44:01.675  1345  1345 I gsid    : no DSU: No such file or directory
07-25 09:44:02.648   608   685 I vold    : [libfs_mgr]dt_fstab: Skip disabled entry for partition vendor
07-25 09:44:02.648   608   685 D vold    : Write GcBooster on /sys/fs/f2fs/dm-10
07-25 09:44:03.228  1674  1674 I installd: installd firing up
--------- beginning of crash
07-25 09:44:03.698  1769  1769 F libc    : Fatal signal 6 (SIGABRT), code -1 (SI_QUEUE) in tid 1769 (init), pid 1769 (init)
07-25 09:44:03.875  1769  1769 F libc    : crash_dump helper failed to exec, or was killed
07-25 09:44:03.876  1684  1684 I wificond: wificond is starting up...
07-25 09:44:03.877  1684  1684 I HidlServiceManagement: Registered vendor.qti.hardware.wifi.keystore@1.0::IKeystoreExt/default
07-25 09:44:03.877  1684  1684 I HidlServiceManagement: Registered android.system.wifi.keystore@1.0::IKeystore/default
07-25 09:44:04.782  1119  1119 I FrameTimelineInspector: enable: 0
07-25 09:44:06.100   845   845 I PackageParsing: Skipping target and overlay pair com.miui.miwallpaper and /product/overlay/MiuiClaroLockscreenOverlay.apk: overlay ignored due to required system property: ro.miui.customized.region with value: lm_cr
07-25 09:44:06.120   845   845 I PackageParsing: Skipping target and overlay pair android and /product/overlay/MiuiClaroWallpaperOverlay.apk: overlay ignored due to required system property: ro.miui.customized.region with value: lm_cr
07-25 09:44:06.186   845   845 I PackageParsing: Skipping target and overlay pair com.miui.miwallpaper and /product/overlay/MiuiDefaultLockscreenOverlay.apk: overlay ignored due to required system property: ro.boot.product.theme_customize with value: BruceLee
07-25 09:44:06.197   845   845 I PackageParsing: Skipping target and overlay pair android and /product/overlay/MiuiDefaultWallpaperOverlay.apk: overlay ignored due to required system property: ro.boot.product.theme_customize with value: BruceLee
07-25 09:44:06.283   845   845 I PackageParsing: Skipping target and overlay pair android and /product/overlay/MiuiHomeLauncherResOverlay.apk: overlay ignored due to required system property: ro.miui.product.home with value: com.miui.home
07-25 09:44:06.286   845   845 I PackageParsing: Skipping target and overlay pair com.miui.miwallpaper and /product/overlay/MiuiLundunLockscreenOverlay.apk: overlay ignored due to required system property: ro.boot.hwversion with value: 4.9.1
07-25 09:44:06.331   845   845 I PackageParsing: Skipping target and overlay pair android and /product/overlay/MiuiLundunWallpaperOverlay.apk: overlay ignored due to required system property: ro.boot.hwversion with value: 4.9.1
07-25 09:44:06.481   845   845 I PackageParsing: Skipping target and overlay pair com.miui.miwallpaper and /product/overlay/MiuiTelcelLockscreenOverlay.apk: overlay ignored due to required system property: ro.miui.customized.region with value: mx_telcel
07-25 09:44:06.521   845   845 I PackageParsing: Skipping target and overlay pair android and /product/overlay/MiuiTelcelWallpaperOverlay.apk: overlay ignored due to required system property: ro.miui.customized.region with value: mx_telcel
07-25 09:44:07.896   845   845 I TelecomFramework: TelecomBaseUtilsStub: create TelecomBaseUtilsImpl
07-25 09:44:08.643  1682  1682 E storaged: getService package_native failed
07-25 09:44:08.668  1682  2472 I storaged: storaged: Start
07-25 09:44:09.121  2436  2436 D SystemServerI: enforceVersionPolicy: global device
07-25 09:44:09.121  2436  2436 I SystemServerTiming: InitBeforeStartServices
07-25 09:44:09.122  2436  2436 I SystemServer: Entered the Android system server!
07-25 09:44:09.239   690   692 E spcomlib: [wait_skp_ready] ch [sp_kernel] NOT ready!
07-25 09:44:09.239   690   692 E spcomlib: [spcom_register_service] SKP not ready.
07-25 09:44:09.317  2436  2436 E MQSEventManagerDelegate: failed to get MQSService.
07-25 09:44:09.317  2436  2436 W MQSEventManagerDelegate: registerApplicationScoutThread getMQSService null
07-25 09:44:09.317  2436  2436 W ActivityThread: registerApplicationScoutThread result:false
07-25 09:44:09.319  2436  2436 I SystemServerInitThreadPool: Creating instance with 8 threads
07-25 09:44:09.517  2436  2436 I SystemServerTiming: StartServices
07-25 09:44:09.517  2436  2436 I SystemServerTiming: startBootstrapServices
07-25 09:44:09.517  2436  2436 I SystemServerTiming: StartWatchdog
07-25 09:44:09.529  2436  2436 I ScoutSystemMonitor: Load libscout
07-25 09:44:09.532  2436  2436 I SystemServer: Reading configuration...
07-25 09:44:09.532  2436  2436 I SystemServerTiming: ReadingSystemConfig
07-25 09:44:09.532  2436  2436 I SystemServerTiming: PlatformCompat
07-25 09:44:09.533  2436  2502 I SystemServerTimingAsync: InitThreadPoolExec:ReadingSystemConfig
07-25 09:44:09.533  2436  2436 D CompatConfig: Found a config file: /system/etc/compatconfig/calendar-provider-compat-config.xml
07-25 09:44:09.534  2436  2502 I SystemConfig: Reading permissions from /system/etc/sysconfig/com.miui.core.config.xml
07-25 09:44:09.534  2436  2436 D CompatConfig: Adding: com.android.server.compat.config.Change@5404cd4
07-25 09:44:09.535  2436  2436 D CompatConfig: Found a config file: /system/etc/compatconfig/documents-ui-compat-config.xml
07-25 09:44:09.536  2436  2436 D CompatConfig: Adding: com.android.server.compat.config.Change@f9b2172
07-25 09:44:09.536  2436  2436 D CompatConfig: Found a config file: /system/etc/compatconfig/framework-platform-compat-config.xml
07-25 09:44:09.536  2436  2502 I SystemConfig: Reading permissions from /system/etc/sysconfig/framework-sysconfig.xml
07-25 09:44:09.537  2436  2502 I SystemConfig: Reading permissions from /system/etc/sysconfig/google-hiddenapi-package-allowlist.xml
07-25 09:44:09.537  2436  2436 D CompatConfig: Adding: com.android.server.compat.config.Change@9f5e2be
07-25 09:44:09.538  2436  2436 D CompatConfig: Adding: com.android.server.compat.config.Change@5bb9f1f
07-25 09:44:09.538  2436  2502 I SystemConfig: Reading permissions from /system/etc/sysconfig/hiddenapi-package-whitelist.xml
07-25 09:44:09.538  2436  2436 D CompatConfig: Adding: com.android.server.compat.config.Change@b270035
07-25 09:44:09.539  2436  2436 D CompatConfig: Adding: com.android.server.compat.config.Change@fa96cca
07-25 09:44:09.539  2436  2436 D CompatConfig: Adding: com.android.server.compat.config.Change@8850e3b
07-25 09:44:09.540  2436  2502 I SystemConfig: Reading permissions from /system/etc/sysconfig/miui_whitelist.xml
07-25 09:44:09.540  2436  2436 D CompatConfig: Adding: com.android.server.compat.config.Change@4546ab1
07-25 09:44:09.540  2436  2502 I SystemConfig: Reading permissions from /system/etc/sysconfig/power-save-conf.xml
07-25 09:44:09.540  2436  2436 D CompatConfig: Adding: com.android.server.compat.config.Change@8ac5317
07-25 09:44:09.541  2436  2502 I SystemConfig: Reading permissions from /system/etc/sysconfig/preinstalled-packages-com.google.android.providers.media.module.xml
07-25 09:44:09.541  2436  2436 D CompatConfig: Adding: com.android.server.compat.config.Change@f1400ed
07-25 09:44:09.541  2436  2436 D CompatConfig: Adding: com.android.server.compat.config.Change@81acb22
07-25 09:44:09.541  2436  2436 D CompatConfig: Adding: com.android.server.compat.config.Change@b9909b3
07-25 09:44:09.542  2436  2436 D CompatConfig: Adding: com.android.server.compat.config.Change@48fdb70
07-25 09:44:09.542  2436  2502 I SystemConfig: Reading permissions from /system/etc/sysconfig/preinstalled-packages-platform-full-base.xml
07-25 09:44:09.543  2436  2436 D CompatConfig: Adding: com.android.server.compat.config.Change@9be776e
07-25 09:44:09.543  2436  2502 I SystemConfig: Reading permissions from /system/etc/sysconfig/preinstalled-packages-platform.xml
07-25 09:44:09.543  2436  2436 D CompatConfig: Adding: com.android.server.compat.config.Change@66f3e9c
07-25 09:44:09.544  2436  2502 I SystemConfig: Reading permissions from /system/etc/sysconfig/qti_whitelist.xml
07-25 09:44:09.544  2436  2436 D CompatConfig: Adding: com.android.server.compat.config.Change@9de9c7a
07-25 09:44:09.545  2436  2436 D CompatConfig: Adding: com.android.server.compat.config.Change@7d1fc2b
07-25 09:44:09.545  2436  2436 D CompatConfig: Adding: com.android.server.compat.config.Change@3e46221
07-25 09:44:09.546  2436  2502 I SystemConfig: Reading permissions from /system/etc/sysconfig/turbo-sysconfig.xml
07-25 09:44:09.546  2436  2436 D CompatConfig: Adding: com.android.server.compat.config.Change@4aa0646
07-25 09:44:09.546  2436  2436 D CompatConfig: Adding: com.android.server.compat.config.Change@9aac534
07-25 09:44:09.547  2436  2502 I SystemConfig: Reading permissions from /system/etc/permissions/GoogleCellBroadcast_permissions.xml
07-25 09:44:09.547  2436  2436 D CompatConfig: Adding: com.android.server.compat.config.Change@3ff5d
07-25 09:44:09.548  2436  2436 D CompatConfig: Adding: com.android.server.compat.config.Change@87040d2
07-25 09:44:09.548  2436  2502 I SystemConfig: Reading permissions from /system/etc/permissions/GoogleDocumentsUI_permissions.xml
07-25 09:44:09.548  2436  2436 D CompatConfig: Adding: com.android.server.compat.config.Change@9c900a0
07-25 09:44:09.548  2436  2502 I SystemConfig: Reading permissions from /system/etc/permissions/GoogleExtServices_permissions.xml
07-25 09:44:09.548  2436  2436 D CompatConfig: Adding: com.android.server.compat.config.Change@6ed981e
07-25 09:44:09.549  2436  2502 I SystemConfig: Reading permissions from /system/etc/permissions/GoogleMediaProvider_permissions.xml
07-25 09:44:09.549  2436  2436 D CompatConfig: Adding: com.android.server.compat.config.Change@7cd86cc
07-25 09:44:09.550  2436  2502 I SystemConfig: Reading permissions from /system/etc/permissions/GoogleNetworkStack_permissions.xml
07-25 09:44:09.550  2436  2436 D CompatConfig: Adding: com.android.server.compat.config.Change@f57182a
07-25 09:44:09.550  2436  2502 I SystemConfig: Reading permissions from /system/etc/permissions/GooglePermissionController_permissions.xml
07-25 09:44:09.550  2436  2436 D CompatConfig: Adding: com.android.server.compat.config.Change@1b243b8
07-25 09:44:09.551  2436  2436 D CompatConfig: Adding: com.android.server.compat.config.Change@1d91591
07-25 09:44:09.551  2436  2502 I SystemConfig: Reading permissions from /system/etc/permissions/GoogleTethering_permissions.xml
07-25 09:44:09.552  2436  2502 I SystemConfig: Reading permissions from /system/etc/permissions/android.hardware.ethernet.xml
07-25 09:44:09.552  2436  2436 D CompatConfig: Adding: com.android.server.compat.config.Change@923e364
07-25 09:44:09.552  2436  2502 I SystemConfig: Reading permissions from /system/etc/permissions/android.software.live_wallpaper.xml
07-25 09:44:09.552  2436  2436 D CompatConfig: Adding: com.android.server.compat.config.Change@7a68282
07-25 09:44:09.552  2436  2502 I SystemConfig: Reading permissions from /system/etc/permissions/android.software.webview.xml
07-25 09:44:09.553  2436  2436 D CompatConfig: Adding: com.android.server.compat.config.Change@bedd1d0
07-25 09:44:09.553  2436  2502 I SystemConfig: Reading permissions from /system/etc/permissions/android.test.base.xml
07-25 09:44:09.553  2436  2502 I SystemConfig: Reading permissions from /system/etc/permissions/android.test.mock.xml
07-25 09:44:09.553  2436  2436 D CompatConfig: Adding: com.android.server.compat.config.Change@ece3fef
07-25 09:44:09.554  2436  2436 D CompatConfig: Adding: com.android.server.compat.config.Change@7263afc
07-25 09:44:09.555  2436  2436 D CompatConfig: Adding: com.android.server.compat.config.Change@c281585
07-25 09:44:09.555  2436  2436 D CompatConfig: Adding: com.android.server.compat.config.Change@568ec0b
07-25 09:44:09.555  2436  2502 I SystemConfig: Reading permissions from /system/etc/permissions/android.test.runner.xml
07-25 09:44:09.556  2436  2436 D CompatConfig: Adding: com.android.server.compat.config.Change@11a0ae8
07-25 09:44:09.557  2436  2436 D CompatConfig: Adding: com.android.server.compat.config.Change@ed98501
07-25 09:44:09.557  2436  2502 I SystemConfig: Reading permissions from /system/etc/permissions/com.android.future.usb.accessory.xml
07-25 09:44:09.557  2436  2436 D CompatConfig: Adding: com.android.server.compat.config.Change@1b83de7
07-25 09:44:09.558  2436  2436 D CompatConfig: Adding: com.android.server.compat.config.Change@5f8ed94
07-25 09:44:09.558  2436  2436 D CompatConfig: Adding: com.android.server.compat.config.Change@7d8703d
07-25 09:44:09.558  2436  2436 D CompatConfig: Adding: com.android.server.compat.config.Change@5889032
07-25 09:44:09.559  2436  2502 I SystemConfig: Reading permissions from /system/etc/permissions/com.android.location.provider.xml
07-25 09:44:09.559  2436  2502 I SystemConfig: Reading permissions from /system/etc/permissions/com.android.media.remotedisplay.xml
07-25 09:44:09.559  2436  2436 D CompatConfig: Adding: com.android.server.compat.config.Change@2e0d339
07-25 09:44:09.559  2436  2502 I SystemConfig: Reading permissions from /system/etc/permissions/com.android.mediadrm.signer.xml
07-25 09:44:09.560  2436  2502 I SystemConfig: Reading permissions from /system/etc/permissions/com.android.nfc_extras.xml
07-25 09:44:09.560  2436  2436 D CompatConfig: Adding: com.android.server.compat.config.Change@dec5b2c
07-25 09:44:09.560  2436  2502 I SystemConfig: Reading permissions from /system/etc/permissions/com.android.settingslib.search.xml
07-25 09:44:09.560  2436  2502 I SystemConfig: Reading permissions from /system/etc/permissions/com.google.android.apps.dialer.call_recording_audio.xml
07-25 09:44:09.561  2436  2502 I SystemConfig: Reading permissions from /system/etc/permissions/com.google.lens.feature.CAMERA_INTEGRATION.xml
07-25 09:44:09.561  2436  2502 I SystemConfig: Reading permissions from /system/etc/permissions/com.google.lens.feature.GALLERY_INTEGRATION.xml
07-25 09:44:09.561  2436  2436 D CompatConfig: Adding: com.android.server.compat.config.Change@f59fe18
07-25 09:44:09.561  2436  2502 I SystemConfig: Reading permissions from /system/etc/permissions/com.miui.okhttp.xml
07-25 09:44:09.561  2436  2502 I SystemConfig: Reading permissions from /system/etc/permissions/com.wapi.wapicertstore.xml
07-25 09:44:09.561  2436  2502 I SystemConfig: Reading permissions from /system/etc/permissions/com.xiaomi.sensor.xml
07-25 09:44:09.561  2436  2502 I SystemConfig: Reading permissions from /system/etc/permissions/facebook-hiddenapi-package-whitelist.xml
07-25 09:44:09.561  2436  2436 D CompatConfig: Adding: com.android.server.compat.config.Change@aa169e2
07-25 09:44:09.562  2436  2502 I SystemConfig: Reading permissions from /system/etc/permissions/facebook-miui.xml
07-25 09:44:09.562  2436  2502 I SystemConfig: Reading permissions from /system/etc/permissions/javax.obex.xml
07-25 09:44:09.562  2436  2502 I SystemConfig: Reading permissions from /system/etc/permissions/org.apache.http.legacy.xml
07-25 09:44:09.562  2436  2436 D CompatConfig: Adding: com.android.server.compat.config.Change@5f0422e
07-25 09:44:09.563  2436  2502 I SystemConfig: Reading permissions from /system/etc/permissions/platform-miui.xml
07-25 09:44:09.563  2436  2436 D CompatConfig: Adding: com.android.server.compat.config.Change@852e75c
07-25 09:44:09.563  2436  2502 I SystemConfig: Reading permissions from /system/etc/permissions/privapp-permissions-google-system.xml
07-25 09:44:09.564  2436  2436 D CompatConfig: Adding: com.android.server.compat.config.Change@d42533a
07-25 09:44:09.564  2436  2502 I SystemConfig: Reading permissions from /system/etc/permissions/privapp-permissions-miui.xml
07-25 09:44:09.565  2436  2436 D CompatConfig: Adding: com.android.server.compat.config.Change@8d51d48
07-25 09:44:09.565  2436  2436 D CompatConfig: Adding: com.android.server.compat.config.Change@f5997e1
07-25 09:44:09.566  2436  2436 D CompatConfig: Adding: com.android.server.compat.config.Change@e726906
07-25 09:44:09.567  2436  2436 D CompatConfig: Adding: com.android.server.compat.config.Change@35abbc7
07-25 09:44:09.567  2436  2436 D CompatConfig: Adding: com.android.server.compat.config.Change@5c2c5f4
07-25 09:44:09.568  2436  2502 I SystemConfig: Reading permissions from /system/etc/permissions/privapp-permissions-platform.xml
07-25 09:44:09.568  2436  2436 D CompatConfig: Adding: com.android.server.compat.config.Change@83c0f92
07-25 09:44:09.568  2436  2436 D CompatConfig: Adding: com.android.server.compat.config.Change@b3d4d63
07-25 09:44:09.569  2436  2436 D CompatConfig: Adding: com.android.server.compat.config.Change@4404d60
07-25 09:44:09.570  2436  2436 D CompatConfig: Adding: com.android.server.compat.config.Change@f346219
07-25 09:44:09.570  2436  2502 I SystemConfig: Reading permissions from /system/etc/permissions/privapp-permissions-qti.xml
07-25 09:44:09.570  2436  2436 D CompatConfig: Adding: com.android.server.compat.config.Change@92d5cbf
07-25 09:44:09.571  2436  2436 D CompatConfig: Adding: com.android.server.compat.config.Change@2006d5
07-25 09:44:09.571  2436  2502 I SystemConfig: Reading permissions from /system/etc/permissions/readproc_permission.xml
07-25 09:44:09.572  2436  2502 I SystemConfig: Reading permissions from /system/etc/permissions/uimremoteclient.xml
07-25 09:44:09.572  2436  2436 D CompatConfig: Adding: com.android.server.compat.config.Change@1e505db
07-25 09:44:09.572  2436  2502 I SystemConfig: Reading permissions from /system/etc/permissions/uimremoteserver.xml
07-25 09:44:09.572  2436  2502 I SystemConfig: Reading permissions from /system/etc/permissions/vendor.xiaomi.hardware.cld-V1.0-java-permission.xml
07-25 09:44:09.572  2436  2502 I SystemConfig: Reading permissions from /system/etc/permissions/vendor.xiaomi.hardware.misys-V1.0-java-permission.xml
07-25 09:44:09.572  2436  2436 D CompatConfig: Found a config file: /system/etc/compatconfig/icu4j-platform-compat-config.xml
07-25 09:44:09.572  2436  2502 I SystemConfig: Reading permissions from /system/etc/permissions/vendor.xiaomi.hardware.misys-V2.0-java-permission.xml
07-25 09:44:09.572  2436  2436 D CompatConfig: Adding: com.android.server.compat.config.Change@8133b8d
07-25 09:44:09.573  2436  2502 I SystemConfig: Reading permissions from /system/etc/permissions/vendor.xiaomi.hardware.misys.V3_0-permission.xml
07-25 09:44:09.573  2436  2502 I SystemConfig: Reading permissions from /system/etc/permissions/version-seperation.xml
07-25 09:44:09.573  2436  2502 I SystemConfig: Reading permissions from /system/etc/permissions/platform.xml
07-25 09:44:09.573  2436  2436 D CompatConfig: Found a config file: /system/etc/compatconfig/services-platform-compat-config.xml
07-25 09:44:09.575  2436  2436 D CompatConfig: Adding: com.android.server.compat.config.Change@5ac6f8e
07-25 09:44:09.575  2436  2436 D CompatConfig: Adding: com.android.server.compat.config.Change@a3cf3af
07-25 09:44:09.575  2436  2436 D CompatConfig: Adding: com.android.server.compat.config.Change@68d43bc
07-25 09:44:09.576  2436  2436 D CompatConfig: Adding: com.android.server.compat.config.Change@4314f45
07-25 09:44:09.576  2436  2502 I SystemConfig: Reading permissions from /vendor/etc/permissions/android.hardware.audio.low_latency.xml
07-25 09:44:09.576  2436  2502 I SystemConfig: Reading permissions from /vendor/etc/permissions/android.hardware.audio.pro.xml
07-25 09:44:09.576  2436  2436 D CompatConfig: Adding: com.android.server.compat.config.Change@8c8dfa8
07-25 09:44:09.576  2436  2502 I SystemConfig: Reading permissions from /vendor/etc/permissions/android.hardware.bluetooth.xml
07-25 09:44:09.577  2436  2502 I SystemConfig: Reading permissions from /vendor/etc/permissions/android.hardware.bluetooth_le.xml
07-25 09:44:09.577  2436  2436 D CompatConfig: Adding: com.android.server.compat.config.Change@651a9a7
07-25 09:44:09.577  2436  2436 D CompatConfig: Adding: com.android.server.compat.config.Change@a04e54
07-25 09:44:09.578  2436  2436 D CompatConfig: Adding: com.android.server.compat.config.Change@51721fd
07-25 09:44:09.578  2436  2436 D CompatConfig: Adding: com.android.server.compat.config.Change@de2bef2
07-25 09:44:09.578  2436  2502 I SystemConfig: Reading permissions from /vendor/etc/permissions/android.hardware.camera.flash-autofocus.xml
07-25 09:44:09.578  2436  2436 D CompatConfig: Adding: com.android.server.compat.config.Change@5ddfbc0
07-25 09:44:09.578  2436  2502 I SystemConfig: Reading permissions from /vendor/etc/permissions/android.hardware.camera.front.xml
07-25 09:44:09.579  2436  2502 I SystemConfig: Reading permissions from /vendor/etc/permissions/android.hardware.camera.full.xml
07-25 09:44:09.579  2436  2436 D CompatConfig: Adding: com.android.server.compat.config.Change@e98269f
07-25 09:44:09.579  2436  2436 D CompatConfig: Adding: com.android.server.compat.config.Change@8713ec
07-25 09:44:09.580  2436  2502 I SystemConfig: Reading permissions from /vendor/etc/permissions/android.hardware.camera.raw.xml
07-25 09:44:09.580  2436  2436 D CompatConfig: Adding: com.android.server.compat.config.Change@973a4a
07-25 09:44:09.580  2436  2502 I SystemConfig: Reading permissions from /vendor/etc/permissions/android.hardware.consumerir.xml
07-25 09:44:09.580  2436  2502 I SystemConfig: Reading permissions from /vendor/etc/permissions/android.hardware.fingerprint.xml
07-25 09:44:09.580  2436  2502 I SystemConfig: Reading permissions from /vendor/etc/permissions/android.hardware.hardware_keystore.km41.xml
07-25 09:44:09.580  2436  2502 I SystemConfig: Reading permissions from /vendor/etc/permissions/android.hardware.hardware_keystore.xml
07-25 09:44:09.581  2436  2436 D CompatConfig: Adding: com.android.server.compat.config.Change@a24a97
07-25 09:44:09.581  2436  2502 I SystemConfig: Reading permissions from /vendor/etc/permissions/android.hardware.light.xml
07-25 09:44:09.581  2436  2502 I SystemConfig: Reading permissions from /vendor/etc/permissions/android.hardware.location.gps.xml
07-25 09:44:09.581  2436  2502 I SystemConfig: Reading permissions from /vendor/etc/permissions/android.hardware.nfc.ese.xml
07-25 09:44:09.581  2436  2502 I SystemConfig: Reading permissions from /vendor/etc/permissions/android.hardware.nfc.hce.xml
07-25 09:44:09.581  2436  2502 I SystemConfig: Reading permissions from /vendor/etc/permissions/android.hardware.nfc.hcef.xml
07-25 09:44:09.581  2436  2436 D CompatConfig: Adding: com.android.server.compat.config.Change@616fa69
07-25 09:44:09.582  2436  2502 I SystemConfig: Reading permissions from /vendor/etc/permissions/android.hardware.nfc.uicc.xml
07-25 09:44:09.582  2436  2502 I SystemConfig: Reading permissions from /vendor/etc/permissions/android.hardware.nfc.xml
07-25 09:44:09.582  2436  2502 I SystemConfig: Reading permissions from /vendor/etc/permissions/android.hardware.opengles.aep.xml
07-25 09:44:09.582  2436  2436 D CompatConfig: Adding: com.android.server.compat.config.Change@9bd425
07-25 09:44:09.582  2436  2502 I SystemConfig: Reading permissions from /vendor/etc/permissions/android.hardware.se.omapi.ese.xml
07-25 09:44:09.583  2436  2502 I SystemConfig: Reading permissions from /vendor/etc/permissions/android.hardware.se.omapi.uicc.xml
07-25 09:44:09.583  2436  2436 D CompatConfig: Adding: com.android.server.compat.config.Change@ace5bab
07-25 09:44:09.583  2436  2502 I SystemConfig: Reading permissions from /vendor/etc/permissions/android.hardware.telephony.cdma.xml
07-25 09:44:09.583  2436  2502 I SystemConfig: Reading permissions from /vendor/etc/permissions/android.hardware.telephony.gsm.xml
07-25 09:44:09.583  2436  2502 I SystemConfig: Reading permissions from /vendor/etc/permissions/android.hardware.telephony.ims.xml
07-25 09:44:09.584  2436  2436 D CompatConfig: Adding: com.android.server.compat.config.Change@a2986b4
07-25 09:44:09.584  2436  2502 I SystemConfig: Reading permissions from /vendor/etc/permissions/android.hardware.touchscreen.multitouch.jazzhand.xml
07-25 09:44:09.584  2436  2502 I SystemConfig: Reading permissions from /vendor/etc/permissions/android.hardware.usb.accessory.xml
07-25 09:44:09.584  2436  2502 I SystemConfig: Reading permissions from /vendor/etc/permissions/android.hardware.usb.host.xml
07-25 09:44:09.584  2436  2502 I SystemConfig: Reading permissions from /vendor/etc/permissions/android.hardware.vulkan.compute-0.xml
07-25 09:44:09.584  2436  2502 I SystemConfig: Reading permissions from /vendor/etc/permissions/android.hardware.vulkan.level-1.xml
07-25 09:44:09.585  2436  2502 I SystemConfig: Reading permissions from /vendor/etc/permissions/android.hardware.vulkan.version-1_1.xml
07-25 09:44:09.585  2436  2502 I SystemConfig: Reading permissions from /vendor/etc/permissions/android.hardware.wifi.direct.xml
07-25 09:44:09.585  2436  2502 I SystemConfig: Reading permissions from /vendor/etc/permissions/android.hardware.wifi.passpoint.xml
07-25 09:44:09.585  2436  2436 D CompatConfig: Adding: com.android.server.compat.config.Change@a231095
07-25 09:44:09.586  2436  2502 I SystemConfig: Reading permissions from /vendor/etc/permissions/android.hardware.wifi.xml
07-25 09:44:09.586  2436  2436 D CompatConfig: Adding: com.android.server.compat.config.Change@c81859b
07-25 09:44:09.586  2436  2502 I SystemConfig: Reading permissions from /vendor/etc/permissions/android.software.ipsec_tunnels.xml
07-25 09:44:09.586  2436  2502 I SystemConfig: Reading permissions from /vendor/etc/permissions/android.software.midi.xml
07-25 09:44:09.586  2436  2436 D CompatConfig: Adding: com.android.server.compat.config.Change@9647276
07-25 09:44:09.586  2436  2502 I SystemConfig: Reading permissions from /vendor/etc/permissions/android.software.sip.voip.xml
07-25 09:44:09.586  2436  2436 D CompatConfig: Adding: com.android.server.compat.config.Change@59604e4
07-25 09:44:09.587  2436  2502 I SystemConfig: Reading permissions from /vendor/etc/permissions/android.software.verified_boot.xml
07-25 09:44:09.587  2436  2502 I SystemConfig: Reading permissions from /vendor/etc/permissions/android.software.vulkan.deqp.level.xml
07-25 09:44:09.587  2436  2502 I SystemConfig: Reading permissions from /vendor/etc/permissions/com.android.nfc_extras.xml
07-25 09:44:09.587  2436  2436 D CompatConfig: Adding: com.android.server.compat.config.Change@7208b50
07-25 09:44:09.587  2436  2502 I SystemConfig: Reading permissions from /vendor/etc/permissions/com.nxp.mifare.xml
07-25 09:44:09.587  2436  2502 I SystemConfig: Reading permissions from /vendor/etc/permissions/handheld_core_hardware.xml
07-25 09:44:09.587  2436  2436 D CompatConfig: Adding: com.android.server.compat.config.Change@d65676f
07-25 09:44:09.588  2436  2436 D CompatConfig: Adding: com.android.server.compat.config.Change@88b0c7c
07-25 09:44:09.588  2436  2502 I SystemConfig: Reading permissions from /vendor/etc/permissions/vendor-qti-hardware-sensorscalibrate.xml
07-25 09:44:09.589  2436  2436 D CompatConfig: Adding: com.android.server.compat.config.Change@8decd5a
07-25 09:44:09.589  2436  2502 I SystemConfig: Reading permissions from /vendor/etc/permissions/vendor.qti.hardware.factory.xml
07-25 09:44:09.589  2436  2502 I SystemConfig: Reading permissions from /vendor/etc/permissions/sku_yupik/android.hardware.sensor.accelerometer.xml
07-25 09:44:09.589  2436  2436 D CompatConfig: Adding: com.android.server.compat.config.Change@4b7081
07-25 09:44:09.589  2436  2502 I SystemConfig: Reading permissions from /vendor/etc/permissions/sku_yupik/android.hardware.sensor.compass.xml
07-25 09:44:09.590  2436  2436 D CompatConfig: Adding: com.android.server.compat.config.Change@81cd567
07-25 09:44:09.590  2436  2502 I SystemConfig: Reading permissions from /vendor/etc/permissions/sku_yupik/android.hardware.sensor.gyroscope.xml
07-25 09:44:09.590  2436  2502 I SystemConfig: Reading permissions from /vendor/etc/permissions/sku_yupik/android.hardware.sensor.light.xml
07-25 09:44:09.591  2436  2436 D CompatConfig: Adding: com.android.server.compat.config.Change@369adb2
07-25 09:44:09.591  2436  2502 I SystemConfig: Reading permissions from /vendor/etc/permissions/sku_yupik/android.hardware.sensor.proximity.xml
07-25 09:44:09.591  2436  2502 I SystemConfig: Reading permissions from /vendor/etc/permissions/sku_yupik/android.hardware.sensor.stepcounter.xml
07-25 09:44:09.591  2436  2436 D CompatConfig: Adding: com.android.server.compat.config.Change@c34aeb9
07-25 09:44:09.591  2436  2502 I SystemConfig: Reading permissions from /vendor/etc/permissions/sku_yupik/android.hardware.sensor.stepdetector.xml
07-25 09:44:09.592  2436  2502 I SystemConfig: Reading permissions from /product/etc/sysconfig/GoogleCellBroadcast_config.xml
07-25 09:44:09.592  2436  2436 D CompatConfig: Adding: com.android.server.compat.config.Change@8e88cac
07-25 09:44:09.592  2436  2502 I SystemConfig: Reading permissions from /product/etc/sysconfig/d2d_cable_migration_feature.xml
07-25 09:44:09.593  2436  2502 I SystemConfig: Reading permissions from /product/etc/sysconfig/eea_v2_search_chrome.xml
07-25 09:44:09.593  2436  2436 D CompatConfig: Adding: com.android.server.compat.config.Change@ab9ed7b
07-25 09:44:09.593  2436  2436 D CompatConfig: Adding: com.android.server.compat.config.Change@fa7c798
07-25 09:44:09.593  2436  2436 D CompatConfig: Adding: com.android.server.compat.config.Change@d07bf1
07-25 09:44:09.593  2436  2436 D CompatConfig: Adding: com.android.server.compat.config.Change@bee63d6
07-25 09:44:09.594  2436  2436 D CompatConfig: Adding: com.android.server.compat.config.Change@46fe657
07-25 09:44:09.594  2436  2436 D CompatConfig: Adding: com.android.server.compat.config.Change@a1dc544
07-25 09:44:09.594  2436  2502 I SystemConfig: Reading permissions from /product/etc/sysconfig/google-rollback-package-whitelist.xml
07-25 09:44:09.595  2436  2502 I SystemConfig: Reading permissions from /product/etc/sysconfig/google-staged-installer-whitelist.xml
07-25 09:44:09.595  2436  2436 D CompatConfig: Adding: com.android.server.compat.config.Change@d2290f3
07-25 09:44:09.595  2436  2502 I SystemConfig: Reading permissions from /product/etc/sysconfig/google.xml
07-25 09:44:09.595  2436  2502 I SystemConfig: Reading permissions from /product/etc/sysconfig/preinstalled-packages-platform-handheld-product.xml
07-25 09:44:09.596  2436  2502 I SystemConfig: Reading permissions from /product/etc/sysconfig/preinstalled-packages-platform-overlays.xml
07-25 09:44:09.596  2436  2436 D CompatConfig: Adding: com.android.server.compat.config.Change@b4b494f
07-25 09:44:09.596  2436  2436 D CompatConfig: Adding: com.android.server.compat.config.Change@17e78dc
07-25 09:44:09.597  2436  2502 I SystemConfig: Reading permissions from /product/etc/sysconfig/wellbeing.xml
07-25 09:44:09.597  2436  2436 D CompatConfig: Adding: com.android.server.compat.config.Change@8a800ba
07-25 09:44:09.597  2436  2502 I SystemConfig: Reading permissions from /product/etc/sysconfig/xiaomi.xml
07-25 09:44:09.597  2436  2502 I SystemConfig: Reading permissions from /product/etc/permissions/RemoteSimlock.xml
07-25 09:44:09.597  2436  2436 D CompatConfig: Adding: com.android.server.compat.config.Change@1274361
07-25 09:44:09.598  2436  2502 I SystemConfig: Reading permissions from /product/etc/permissions/RemoteSimlockManager.xml
07-25 09:44:09.598  2436  2502 I SystemConfig: Reading permissions from /product/etc/permissions/UimGba.xml
07-25 09:44:09.598  2436  2436 D CompatConfig: Adding: com.android.server.compat.config.Change@39f0774
07-25 09:44:09.598  2436  2502 I SystemConfig: Reading permissions from /product/etc/permissions/UimGbaManager.xml
07-25 09:44:09.598  2436  2502 I SystemConfig: Reading permissions from /product/etc/permissions/UimService.xml
07-25 09:44:09.599  2436  2502 I SystemConfig: Reading permissions from /product/etc/permissions/com.android.settings.intelligence.xml
07-25 09:44:09.599  2436  2436 D CompatConfig: Adding: com.android.server.compat.config.Change@d5f26e0
07-25 09:44:09.599  2436  2502 I SystemConfig: Reading permissions from /product/etc/permissions/com.google.android.dialer.support.xml
07-25 09:44:09.599  2436  2436 D CompatConfig: Adding: com.android.server.compat.config.Change@705c85e
07-25 09:44:09.599  2436  2502 I SystemConfig: Reading permissions from /product/etc/permissions/com.qti.snapdragon.sdk.display.xml
07-25 09:44:09.600  2436  2502 I SystemConfig: Reading permissions from /product/etc/permissions/extphonelib_product.xml
07-25 09:44:09.600  2436  2436 D CompatConfig: Adding: com.android.server.compat.config.Change@325da55
07-25 09:44:09.600  2436  2502 I SystemConfig: Reading permissions from /product/etc/permissions/ims_ext_common.xml
07-25 09:44:09.600  2436  2502 I SystemConfig: Reading permissions from /product/etc/permissions/privapp-permissions-google-audio-system.xml
07-25 09:44:09.601  2436  2436 D CompatConfig: Adding: com.android.server.compat.config.Change@736c6d1
07-25 09:44:09.601  2436  2502 I SystemConfig: Reading permissions from /product/etc/permissions/privapp-permissions-google-comms-suite.xml
07-25 09:44:09.601  2436  2502 I SystemConfig: Reading permissions from /product/etc/permissions/privapp-permissions-google-product.xml
07-25 09:44:09.602  2436  2436 D CompatConfig: Adding: com.android.server.compat.config.Change@f2f5c37
07-25 09:44:09.602  2436  2436 D CompatConfig: Adding: com.android.server.compat.config.Change@ecd35a4
07-25 09:44:09.603  2436  2436 D CompatConfig: Adding: com.android.server.compat.config.Change@213bec2
07-25 09:44:09.604  2436  2502 I SystemConfig: Reading permissions from /product/etc/permissions/qti_telephony_hidl_wrapper_prd.xml
07-25 09:44:09.604  2436  2436 D CompatConfig: Adding: com.android.server.compat.config.Change@97a0810
07-25 09:44:09.604  2436  2502 I SystemConfig: Reading permissions from /product/etc/permissions/qti_telephony_utils_prd.xml
07-25 09:44:09.604  2436  2502 I SystemConfig: Reading permissions from /product/etc/permissions/split-permissions-google.xml
07-25 09:44:09.604  2436  2436 D CompatConfig: Adding: com.android.server.compat.config.Change@9e3050e
07-25 09:44:09.604  2436  2502 I SystemConfig: Reading permissions from /product/etc/permissions/telephony_product_privapp-permissions-qti.xml
07-25 09:44:09.606  2436  2502 I SystemConfig: Reading permissions from /product/etc/permissions/vendor.qti.hardware.data.connection-V1.0-java.xml
07-25 09:44:09.606  2436  2436 D CompatConfig: Found a config file: /system/system_ext/etc/compatconfig/settings-platform-compat-config.xml
07-25 09:44:09.606  2436  2502 I SystemConfig: Reading permissions from /product/etc/permissions/vendor.qti.hardware.data.connection-V1.1-java.xml
07-25 09:44:09.606  2436  2502 I SystemConfig: Reading permissions from /system_ext/etc/sysconfig/qti_telephony_system_packages_config.xml
07-25 09:44:09.607  2436  2502 I SystemConfig: Reading permissions from /system_ext/etc/sysconfig/qti_whitelist_system_ext.xml
07-25 09:44:09.607  2436  2436 D CompatConfig: Adding: com.android.server.compat.config.Change@a60641
07-25 09:44:09.607  2436  2502 I SystemConfig: Reading permissions from /system_ext/etc/permissions/android.software.verified_boot.xml
07-25 09:44:09.608  2436  2502 I SystemConfig: Reading permissions from /system_ext/etc/permissions/audiosphere.xml
07-25 09:44:09.608  2436  2502 I SystemConfig: Reading permissions from /system_ext/etc/permissions/com.android.carrierconfig.xml
07-25 09:44:09.608  2436  2502 I SystemConfig: Reading permissions from /system_ext/etc/permissions/com.android.emergency.xml
07-25 09:44:09.609  2436  2502 I SystemConfig: Reading permissions from /system_ext/etc/permissions/com.android.hotwordenrollment.common.util.xml
07-25 09:44:09.609  2436  2502 I SystemConfig: Reading permissions from /system_ext/etc/permissions/com.android.settings.xml
07-25 09:44:09.609  2436  2502 I SystemConfig: Reading permissions from /system_ext/etc/permissions/com.android.storagemanager.xml
07-25 09:44:09.609  2436  2436 I ApexManagerTiming: getActiveApexInfos_noCache
07-25 09:44:09.610  2436  2502 I SystemConfig: Reading permissions from /system_ext/etc/permissions/com.android.systemui.xml
07-25 09:44:09.611  2436  2502 I SystemConfig: Reading permissions from /system_ext/etc/permissions/com.nxp.nfc.nq.xml
07-25 09:44:09.611  2436  2502 I SystemConfig: Reading permissions from /system_ext/etc/permissions/com.qti.dpmframework.xml
07-25 09:44:09.613  2436  2502 I SystemConfig: Reading permissions from /system_ext/etc/permissions/com.qti.location.sdk.xml
07-25 09:44:09.613  2436  2502 I SystemConfig: Reading permissions from /system_ext/etc/permissions/com.qti.media.secureprocessor.xml
07-25 09:44:09.613  2436  2502 I SystemConfig: Reading permissions from /system_ext/etc/permissions/com.qualcomm.location.xml
07-25 09:44:09.614  2436  2502 I SystemConfig: Reading permissions from /system_ext/etc/permissions/com.qualcomm.qmapbridge.xml
07-25 09:44:09.614  2436  2436 D CompatConfig: No directory /apex/com.android.conscrypt/etc/compatconfig, skipping
07-25 09:44:09.614  2436  2502 I SystemConfig: Reading permissions from /system_ext/etc/permissions/com.qualcomm.qti.imscmservice-V2.0-java.xml
07-25 09:44:09.614  2436  2436 D CompatConfig: No directory /apex/com.android.extservices/etc/compatconfig, skipping
07-25 09:44:09.614  2436  2502 I SystemConfig: Reading permissions from /system_ext/etc/permissions/com.qualcomm.qti.imscmservice-V2.1-java.xml
07-25 09:44:09.614  2436  2436 D CompatConfig: No directory /apex/com.google.mainline.primary.libs/etc/compatconfig, skipping
07-25 09:44:09.614  2436  2436 D CompatConfig: No directory /apex/com.android.adbd/etc/compatconfig, skipping
07-25 09:44:09.614  2436  2502 I SystemConfig: Reading permissions from /system_ext/etc/permissions/com.qualcomm.qti.imscmservice-V2.2-java.xml
