07-24 14:10:00.648  2368  2368 W PackageManager: 	at com.android.server.pm.PackageManagerService.removeCodePathLI(PackageManagerService.java:13624)
07-24 14:10:00.648  2368  2368 W PackageManager: 	at com.android.server.pm.PackageInstallerService.removeStagingDirs(PackageInstallerService.java:389)
07-24 14:10:00.648  2368  2368 W PackageManager: 	at com.android.server.pm.PackageInstallerService.reconcileStagesLocked(PackageInstallerService.java:371)
07-24 14:10:00.648  2368  2368 W PackageManager: 	at com.android.server.pm.PackageInstallerService.systemReady(PackageInstallerService.java:302)
07-24 14:10:00.648  2368  2368 W PackageManager: 	at com.android.server.pm.PackageManagerService.systemReady(PackageManagerService.java:25069)
07-24 14:10:00.648  2368  2368 W PackageManager: 	at com.android.server.SystemServer.startOtherServices(SystemServer.java:2742)
07-24 14:10:00.648  2368  2368 W PackageManager: 	at com.android.server.SystemServer.run(SystemServer.java:923)
07-24 14:10:00.648  2368  2368 W PackageManager: 	at com.android.server.SystemServer.main(SystemServer.java:649)
07-24 14:10:00.648  2368  2368 W PackageManager: 	at java.lang.reflect.Method.invoke(Native Method)
07-24 14:10:00.648  2368  2368 W PackageManager: 	at com.android.internal.os.RuntimeInit$MethodAndArgsCaller.run(RuntimeInit.java:556)
07-24 14:10:00.648  2368  2368 W PackageManager: 	at com.android.internal.os.ZygoteInit.main(ZygoteInit.java:1027)
07-24 14:10:00.648  2368  2368 W PackageInstaller: Deleting orphan stage /data/app-staging/session_1241471532
07-24 14:10:00.650  2368  2368 W PackageManager: Failed to remove code path
07-24 14:10:00.650  2368  2368 W PackageManager: com.android.server.pm.Installer$InstallerException: android.os.ServiceSpecificException: Failed to delete /data/app-staging/session_1241471532 (code 39)
07-24 14:10:00.650  2368  2368 W PackageManager: 	at com.android.server.pm.Installer.rmPackageDir(Installer.java:570)
07-24 14:10:00.650  2368  2368 W PackageManager: 	at com.android.server.pm.PackageManagerService.removeCodePathLI(PackageManagerService.java:13624)
07-24 14:10:00.650  2368  2368 W PackageManager: 	at com.android.server.pm.PackageInstallerService.removeStagingDirs(PackageInstallerService.java:389)
07-24 14:10:00.650  2368  2368 W PackageManager: 	at com.android.server.pm.PackageInstallerService.reconcileStagesLocked(PackageInstallerService.java:371)
07-24 14:10:00.650  2368  2368 W PackageManager: 	at com.android.server.pm.PackageInstallerService.systemReady(PackageInstallerService.java:302)
07-24 14:10:00.650  2368  2368 W PackageManager: 	at com.android.server.pm.PackageManagerService.systemReady(PackageManagerService.java:25069)
07-24 14:10:00.650  2368  2368 W PackageManager: 	at com.android.server.SystemServer.startOtherServices(SystemServer.java:2742)
07-24 14:10:00.650  2368  2368 W PackageManager: 	at com.android.server.SystemServer.run(SystemServer.java:923)
07-24 14:10:00.650  2368  2368 W PackageManager: 	at com.android.server.SystemServer.main(SystemServer.java:649)
07-24 14:10:00.650  2368  2368 W PackageManager: 	at java.lang.reflect.Method.invoke(Native Method)
07-24 14:10:00.650  2368  2368 W PackageManager: 	at com.android.internal.os.RuntimeInit$MethodAndArgsCaller.run(RuntimeInit.java:556)
07-24 14:10:00.650  2368  2368 W PackageManager: 	at com.android.internal.os.ZygoteInit.main(ZygoteInit.java:1027)
07-24 14:10:00.650  2368  2368 W PackageInstaller: Deleting orphan stage /data/app-staging/session_1270862068
07-24 14:10:00.654  2368  2368 W PackageManager: Failed to remove code path
07-24 14:10:00.654  2368  2368 W PackageManager: com.android.server.pm.Installer$InstallerException: android.os.ServiceSpecificException: Failed to delete /data/app-staging/session_1270862068 (code 39)
07-24 14:10:00.654  2368  2368 W PackageManager: 	at com.android.server.pm.Installer.rmPackageDir(Installer.java:570)
07-24 14:10:00.654  2368  2368 W PackageManager: 	at com.android.server.pm.PackageManagerService.removeCodePathLI(PackageManagerService.java:13624)
07-24 14:10:00.654  2368  2368 W PackageManager: 	at com.android.server.pm.PackageInstallerService.removeStagingDirs(PackageInstallerService.java:389)
07-24 14:10:00.654  2368  2368 W PackageManager: 	at com.android.server.pm.PackageInstallerService.reconcileStagesLocked(PackageInstallerService.java:371)
07-24 14:10:00.654  2368  2368 W PackageManager: 	at com.android.server.pm.PackageInstallerService.systemReady(PackageInstallerService.java:302)
07-24 14:10:00.654  2368  2368 W PackageManager: 	at com.android.server.pm.PackageManagerService.systemReady(PackageManagerService.java:25069)
07-24 14:10:00.654  2368  2368 W PackageManager: 	at com.android.server.SystemServer.startOtherServices(SystemServer.java:2742)
07-24 14:10:00.654  2368  2368 W PackageManager: 	at com.android.server.SystemServer.run(SystemServer.java:923)
07-24 14:10:00.654  2368  2368 W PackageManager: 	at com.android.server.SystemServer.main(SystemServer.java:649)
07-24 14:10:00.654  2368  2368 W PackageManager: 	at java.lang.reflect.Method.invoke(Native Method)
07-24 14:10:00.654  2368  2368 W PackageManager: 	at com.android.internal.os.RuntimeInit$MethodAndArgsCaller.run(RuntimeInit.java:556)
07-24 14:10:00.654  2368  2368 W PackageManager: 	at com.android.internal.os.ZygoteInit.main(ZygoteInit.java:1027)
07-24 14:10:00.654  2368  2368 W PackageInstaller: Deleting orphan stage /data/app-staging/session_717813921
07-24 14:10:00.657  2368  2368 W PackageManager: Failed to remove code path
07-24 14:10:00.657  2368  2368 W PackageManager: com.android.server.pm.Installer$InstallerException: android.os.ServiceSpecificException: Failed to delete /data/app-staging/session_717813921 (code 39)
07-24 14:10:00.657  2368  2368 W PackageManager: 	at com.android.server.pm.Installer.rmPackageDir(Installer.java:570)
07-24 14:10:00.657  2368  2368 W PackageManager: 	at com.android.server.pm.PackageManagerService.removeCodePathLI(PackageManagerService.java:13624)
07-24 14:10:00.657  2368  2368 W PackageManager: 	at com.android.server.pm.PackageInstallerService.removeStagingDirs(PackageInstallerService.java:389)
07-24 14:10:00.657  2368  2368 W PackageManager: 	at com.android.server.pm.PackageInstallerService.reconcileStagesLocked(PackageInstallerService.java:371)
07-24 14:10:00.657  2368  2368 W PackageManager: 	at com.android.server.pm.PackageInstallerService.systemReady(PackageInstallerService.java:302)
07-24 14:10:00.657  2368  2368 W PackageManager: 	at com.android.server.pm.PackageManagerService.systemReady(PackageManagerService.java:25069)
07-24 14:10:00.657  2368  2368 W PackageManager: 	at com.android.server.SystemServer.startOtherServices(SystemServer.java:2742)
07-24 14:10:00.657  2368  2368 W PackageManager: 	at com.android.server.SystemServer.run(SystemServer.java:923)
07-24 14:10:00.657  2368  2368 W PackageManager: 	at com.android.server.SystemServer.main(SystemServer.java:649)
07-24 14:10:00.657  2368  2368 W PackageManager: 	at java.lang.reflect.Method.invoke(Native Method)
07-24 14:10:00.657  2368  2368 W PackageManager: 	at com.android.internal.os.RuntimeInit$MethodAndArgsCaller.run(RuntimeInit.java:556)
07-24 14:10:00.657  2368  2368 W PackageManager: 	at com.android.internal.os.ZygoteInit.main(ZygoteInit.java:1027)
07-24 14:10:00.657  2368  2368 W PackageInstaller: Deleting orphan stage /data/app-staging/session_335247706
07-24 14:10:00.659  2368  2368 W PackageManager: Failed to remove code path
07-24 14:10:00.659  2368  2368 W PackageManager: com.android.server.pm.Installer$InstallerException: android.os.ServiceSpecificException: Failed to delete /data/app-staging/session_335247706 (code 39)
07-24 14:10:00.659  2368  2368 W PackageManager: 	at com.android.server.pm.Installer.rmPackageDir(Installer.java:570)
07-24 14:10:00.659  2368  2368 W PackageManager: 	at com.android.server.pm.PackageManagerService.removeCodePathLI(PackageManagerService.java:13624)
07-24 14:10:00.659  2368  2368 W PackageManager: 	at com.android.server.pm.PackageInstallerService.removeStagingDirs(PackageInstallerService.java:389)
07-24 14:10:00.659  2368  2368 W PackageManager: 	at com.android.server.pm.PackageInstallerService.reconcileStagesLocked(PackageInstallerService.java:371)
07-24 14:10:00.659  2368  2368 W PackageManager: 	at com.android.server.pm.PackageInstallerService.systemReady(PackageInstallerService.java:302)
07-24 14:10:00.659  2368  2368 W PackageManager: 	at com.android.server.pm.PackageManagerService.systemReady(PackageManagerService.java:25069)
07-24 14:10:00.659  2368  2368 W PackageManager: 	at com.android.server.SystemServer.startOtherServices(SystemServer.java:2742)
07-24 14:10:00.659  2368  2368 W PackageManager: 	at com.android.server.SystemServer.run(SystemServer.java:923)
07-24 14:10:00.659  2368  2368 W PackageManager: 	at com.android.server.SystemServer.main(SystemServer.java:649)
07-24 14:10:00.659  2368  2368 W PackageManager: 	at java.lang.reflect.Method.invoke(Native Method)
07-24 14:10:00.659  2368  2368 W PackageManager: 	at com.android.internal.os.RuntimeInit$MethodAndArgsCaller.run(RuntimeInit.java:556)
07-24 14:10:00.659  2368  2368 W PackageManager: 	at com.android.internal.os.ZygoteInit.main(ZygoteInit.java:1027)
07-24 14:10:00.659  2368  2368 W PackageInstaller: Deleting orphan stage /data/app-staging/session_1815621512
07-24 14:10:00.666  2368  2368 W PackageManager: Failed to remove code path
07-24 14:10:00.666  2368  2368 W PackageManager: com.android.server.pm.Installer$InstallerException: android.os.ServiceSpecificException: Failed to delete /data/app-staging/session_1815621512 (code 39)
07-24 14:10:00.666  2368  2368 W PackageManager: 	at com.android.server.pm.Installer.rmPackageDir(Installer.java:570)
07-24 14:10:00.666  2368  2368 W PackageManager: 	at com.android.server.pm.PackageManagerService.removeCodePathLI(PackageManagerService.java:13624)
07-24 14:10:00.666  2368  2368 W PackageManager: 	at com.android.server.pm.PackageInstallerService.removeStagingDirs(PackageInstallerService.java:389)
07-24 14:10:00.666  2368  2368 W PackageManager: 	at com.android.server.pm.PackageInstallerService.reconcileStagesLocked(PackageInstallerService.java:371)
07-24 14:10:00.666  2368  2368 W PackageManager: 	at com.android.server.pm.PackageInstallerService.systemReady(PackageInstallerService.java:302)
07-24 14:10:00.666  2368  2368 W PackageManager: 	at com.android.server.pm.PackageManagerService.systemReady(PackageManagerService.java:25069)
07-24 14:10:00.666  2368  2368 W PackageManager: 	at com.android.server.SystemServer.startOtherServices(SystemServer.java:2742)
07-24 14:10:00.666  2368  2368 W PackageManager: 	at com.android.server.SystemServer.run(SystemServer.java:923)
07-24 14:10:00.666  2368  2368 W PackageManager: 	at com.android.server.SystemServer.main(SystemServer.java:649)
07-24 14:10:00.666  2368  2368 W PackageManager: 	at java.lang.reflect.Method.invoke(Native Method)
07-24 14:10:00.666  2368  2368 W PackageManager: 	at com.android.internal.os.RuntimeInit$MethodAndArgsCaller.run(RuntimeInit.java:556)
07-24 14:10:00.666  2368  2368 W PackageManager: 	at com.android.internal.os.ZygoteInit.main(ZygoteInit.java:1027)
07-24 14:10:00.666  2368  2368 W PackageInstaller: Deleting orphan stage /data/app-staging/session_1530253000
07-24 14:10:00.674  2368  2368 W PackageManager: Failed to remove code path
07-24 14:10:00.674  2368  2368 W PackageManager: com.android.server.pm.Installer$InstallerException: android.os.ServiceSpecificException: Failed to delete /data/app-staging/session_1530253000 (code 39)
07-24 14:10:00.674  2368  2368 W PackageManager: 	at com.android.server.pm.Installer.rmPackageDir(Installer.java:570)
07-24 14:10:00.674  2368  2368 W PackageManager: 	at com.android.server.pm.PackageManagerService.removeCodePathLI(PackageManagerService.java:13624)
07-24 14:10:00.674  2368  2368 W PackageManager: 	at com.android.server.pm.PackageInstallerService.removeStagingDirs(PackageInstallerService.java:389)
07-24 14:10:00.674  2368  2368 W PackageManager: 	at com.android.server.pm.PackageInstallerService.reconcileStagesLocked(PackageInstallerService.java:371)
07-24 14:10:00.674  2368  2368 W PackageManager: 	at com.android.server.pm.PackageInstallerService.systemReady(PackageInstallerService.java:302)
07-24 14:10:00.674  2368  2368 W PackageManager: 	at com.android.server.pm.PackageManagerService.systemReady(PackageManagerService.java:25069)
07-24 14:10:00.674  2368  2368 W PackageManager: 	at com.android.server.SystemServer.startOtherServices(SystemServer.java:2742)
07-24 14:10:00.674  2368  2368 W PackageManager: 	at com.android.server.SystemServer.run(SystemServer.java:923)
07-24 14:10:00.674  2368  2368 W PackageManager: 	at com.android.server.SystemServer.main(SystemServer.java:649)
07-24 14:10:00.674  2368  2368 W PackageManager: 	at java.lang.reflect.Method.invoke(Native Method)
07-24 14:10:00.674  2368  2368 W PackageManager: 	at com.android.internal.os.RuntimeInit$MethodAndArgsCaller.run(RuntimeInit.java:556)
07-24 14:10:00.674  2368  2368 W PackageManager: 	at com.android.internal.os.ZygoteInit.main(ZygoteInit.java:1027)
07-24 14:10:00.674  2368  2368 W PackageInstaller: Deleting orphan stage /data/app-staging/session_1946800937
07-24 14:10:00.675  2368  2368 W PackageManager: Failed to remove code path
07-24 14:10:00.675  2368  2368 W PackageManager: com.android.server.pm.Installer$InstallerException: android.os.ServiceSpecificException: Failed to delete /data/app-staging/session_1946800937 (code 39)
07-24 14:10:00.675  2368  2368 W PackageManager: 	at com.android.server.pm.Installer.rmPackageDir(Installer.java:570)
07-24 14:10:00.675  2368  2368 W PackageManager: 	at com.android.server.pm.PackageManagerService.removeCodePathLI(PackageManagerService.java:13624)
07-24 14:10:00.675  2368  2368 W PackageManager: 	at com.android.server.pm.PackageInstallerService.removeStagingDirs(PackageInstallerService.java:389)
07-24 14:10:00.675  2368  2368 W PackageManager: 	at com.android.server.pm.PackageInstallerService.reconcileStagesLocked(PackageInstallerService.java:371)
07-24 14:10:00.675  2368  2368 W PackageManager: 	at com.android.server.pm.PackageInstallerService.systemReady(PackageInstallerService.java:302)
07-24 14:10:00.675  2368  2368 W PackageManager: 	at com.android.server.pm.PackageManagerService.systemReady(PackageManagerService.java:25069)
07-24 14:10:00.675  2368  2368 W PackageManager: 	at com.android.server.SystemServer.startOtherServices(SystemServer.java:2742)
07-24 14:10:00.675  2368  2368 W PackageManager: 	at com.android.server.SystemServer.run(SystemServer.java:923)
07-24 14:10:00.675  2368  2368 W PackageManager: 	at com.android.server.SystemServer.main(SystemServer.java:649)
07-24 14:10:00.675  2368  2368 W PackageManager: 	at java.lang.reflect.Method.invoke(Native Method)
07-24 14:10:00.675  2368  2368 W PackageManager: 	at com.android.internal.os.RuntimeInit$MethodAndArgsCaller.run(RuntimeInit.java:556)
07-24 14:10:00.675  2368  2368 W PackageManager: 	at com.android.internal.os.ZygoteInit.main(ZygoteInit.java:1027)
07-24 14:10:00.676  2368  2368 W PackageInstaller: Deleting orphan stage /data/app-staging/session_705292467
07-24 14:10:00.677  2368  2368 W PackageManager: Failed to remove code path
07-24 14:10:00.677  2368  2368 W PackageManager: com.android.server.pm.Installer$InstallerException: android.os.ServiceSpecificException: Failed to delete /data/app-staging/session_705292467 (code 39)
07-24 14:10:00.677  2368  2368 W PackageManager: 	at com.android.server.pm.Installer.rmPackageDir(Installer.java:570)
07-24 14:10:00.677  2368  2368 W PackageManager: 	at com.android.server.pm.PackageManagerService.removeCodePathLI(PackageManagerService.java:13624)
07-24 14:10:00.677  2368  2368 W PackageManager: 	at com.android.server.pm.PackageInstallerService.removeStagingDirs(PackageInstallerService.java:389)
07-24 14:10:00.677  2368  2368 W PackageManager: 	at com.android.server.pm.PackageInstallerService.reconcileStagesLocked(PackageInstallerService.java:371)
07-24 14:10:00.677  2368  2368 W PackageManager: 	at com.android.server.pm.PackageInstallerService.systemReady(PackageInstallerService.java:302)
07-24 14:10:00.677  2368  2368 W PackageManager: 	at com.android.server.pm.PackageManagerService.systemReady(PackageManagerService.java:25069)
07-24 14:10:00.677  2368  2368 W PackageManager: 	at com.android.server.SystemServer.startOtherServices(SystemServer.java:2742)
07-24 14:10:00.677  2368  2368 W PackageManager: 	at com.android.server.SystemServer.run(SystemServer.java:923)
07-24 14:10:00.677  2368  2368 W PackageManager: 	at com.android.server.SystemServer.main(SystemServer.java:649)
07-24 14:10:00.677  2368  2368 W PackageManager: 	at java.lang.reflect.Method.invoke(Native Method)
07-24 14:10:00.677  2368  2368 W PackageManager: 	at com.android.internal.os.RuntimeInit$MethodAndArgsCaller.run(RuntimeInit.java:556)
07-24 14:10:00.677  2368  2368 W PackageManager: 	at com.android.internal.os.ZygoteInit.main(ZygoteInit.java:1027)
07-24 14:10:00.679  2368  2368 W UserDataPreparer: Invalid user directory /data/system_de/usagestats
07-24 14:10:00.799  2368  2368 I PackageManager: Permission ownership changed. Updating all permissions.
07-24 14:10:00.861  2368  2368 I SystemServerTiming: MakeDisplayManagerServiceReady
07-24 14:10:00.862  2368  2518 E DisplayModeDirector: Asked about unknown display, returning empty display mode specs!(id=0)
07-24 14:10:00.862  2368  2518 E DisplayModeDirector: Asked about unknown display, returning empty display mode specs!(id=0)
07-24 14:10:00.864  2368  2518 I DisplayModeDirectorImpl: onDesiredDisplayModeSpecsChanged:baseModeId=1 allowGroupSwitching=false primaryRefreshRateRange=[0 120] appRequestRefreshRateRange=[0 120]
07-24 14:10:00.865  2368  2368 I SystemServerTiming: StartDeviceSpecificServices
07-24 14:10:00.865  2368  2368 I SystemServerTiming: StartDeviceSpecificServices com.miui.me.server.auto_install.InstallService
07-24 14:10:00.866  2368  2368 I SystemServiceManager: Starting com.miui.me.server.auto_install.InstallService
07-24 14:10:00.866  2368  2368 I SystemServerTiming: GameManagerService
07-24 14:10:00.866  2368  2368 I SystemServiceManager: Starting com.android.server.app.GameManagerService$Lifecycle
07-24 14:10:00.870  2368  2368 I SystemServerTiming: StartBootPhaseDeviceSpecificServicesReady
07-24 14:10:00.870  2368  2368 I SystemServiceManager: Starting phase 520
07-24 14:10:00.870  2368  2368 I SystemServerTiming: OnBootPhase_520
07-24 14:10:00.870  2368  2368 I SystemServerTiming: OnBootPhase_520_com.android.server.security.FileIntegrityService
07-24 14:10:00.870  2368  2368 I SystemServerTiming: OnBootPhase_520_com.android.server.pm.Installer
07-24 14:10:00.870  2368  2368 I SystemServerTiming: OnBootPhase_520_com.android.server.os.DeviceIdentifiersPolicyService
07-24 14:10:00.870  2368  2368 I SystemServerTiming: OnBootPhase_520_com.android.server.uri.UriGrantsManagerService$Lifecycle
07-24 14:10:00.871  2368  2368 I SystemServerTiming: OnBootPhase_520_com.android.server.powerstats.PowerStatsService
07-24 14:10:00.871  2368  2368 I SystemServerTiming: OnBootPhase_520_com.android.server.wm.ActivityTaskManagerService$Lifecycle
07-24 14:10:00.871  2368  2368 I SystemServerTiming: OnBootPhase_520_com.android.server.am.PeriodicCleanerService
07-24 14:10:00.871  2368  2368 I SystemServerTiming: OnBootPhase_520_com.android.server.am.ActivityManagerService$Lifecycle
07-24 14:10:00.871  2368  2368 I SystemServerTiming: OnBootPhase_520_com.android.server.pm.DataLoaderManagerService
07-24 14:10:00.871  2368  2368 I SystemServerTiming: OnBootPhase_520_com.android.server.power.PowerManagerService
07-24 14:10:00.871  2368  2368 I SystemServerTiming: OnBootPhase_520_com.android.server.power.ThermalManagerService
07-24 14:10:00.871  2368  2368 I SystemServerTiming: OnBootPhase_520_com.android.server.power.hint.HintManagerService
07-24 14:10:00.871  2368  2368 I SystemServerTiming: OnBootPhase_520_com.android.server.recoverysystem.RecoverySystemService$Lifecycle
07-24 14:10:00.871  2368  2368 I SystemServerTiming: OnBootPhase_520_com.android.server.lights.MiuiLightsService
07-24 14:10:00.871  2368  2368 I SystemServerTiming: OnBootPhase_520_com.android.server.display.DisplayManagerService
07-24 14:10:00.871  2368  2368 I SystemServerTiming: OnBootPhase_520_com.android.server.pm.verify.domain.DomainVerificationService
07-24 14:10:00.871  2368  2368 I SystemServerTiming: OnBootPhase_520_com.android.server.pm.CloudControlPreinstallService
07-24 14:10:00.871  2368  2368 I SystemServerTiming: OnBootPhase_520_com.android.server.pm.AdvancePreinstallService
07-24 14:10:00.871  2368  2368 I SystemServerTiming: OnBootPhase_520_com.android.server.pm.PackageInstallerService$Lifecycle
07-24 14:10:00.871  2368  2368 I SystemServerTiming: OnBootPhase_520_com.android.server.pm.UserManagerService$LifeCycle
07-24 14:10:00.871  2368  2368 I SystemServerTiming: OnBootPhase_520_com.android.server.om.OverlayManagerService
07-24 14:10:00.871  2368  2368 I SystemServerTiming: OnBootPhase_520_com.android.server.SensorPrivacyService
07-24 14:10:00.871  2368  2368 I SystemServerTiming: OnBootPhase_520_com.android.server.sensors.SensorService
07-24 14:10:00.871  2368  2368 I SystemServerTiming: OnBootPhase_520_com.android.server.SystemConfigService
07-24 14:10:00.871  2368  2368 I SystemServerTiming: OnBootPhase_520_com.android.server.BatteryService
07-24 14:10:00.872  2368  2368 I SystemServerTiming: OnBootPhase_520_com.android.server.usage.UsageStatsService
07-24 14:10:00.872  2368  2368 I SystemServerTiming: OnBootPhase_520_com.android.server.webkit.WebViewUpdateService
07-24 14:10:00.872  2368  2368 I SystemServerTiming: OnBootPhase_520_com.android.server.CachedDeviceStateService
07-24 14:10:00.872  2368  2368 I SystemServerTiming: OnBootPhase_520_com.android.server.BinderCallsStatsService$LifeCycle
07-24 14:10:00.872  2368  2368 I SystemServerTiming: OnBootPhase_520_com.android.server.LooperStatsService$Lifecycle
07-24 14:10:00.872  2368  2368 I SystemServerTiming: OnBootPhase_520_com.android.server.rollback.RollbackManagerService
07-24 14:10:00.872  2368  2368 I SystemServerTiming: OnBootPhase_520_com.android.server.os.NativeTombstoneManagerService
07-24 14:10:00.872  2368  2368 I SystemServerTiming: OnBootPhase_520_com.android.server.os.BugreportManagerService
07-24 14:10:00.872  2368  2368 I SystemServerTiming: OnBootPhase_520_com.android.server.gpu.GpuService
07-24 14:10:00.872  2368  2368 I SystemServerTiming: OnBootPhase_520_com.android.server.security.KeyChainSystemService
07-24 14:10:00.872  2368  2368 I SystemServerTiming: OnBootPhase_520_com.android.server.telecom.TelecomLoaderService
07-24 14:10:00.872  2368  2368 I SystemServerTiming: OnBootPhase_520_com.android.server.accounts.AccountManagerService$Lifecycle
07-24 14:10:00.872  2368  2368 I SystemServerTiming: OnBootPhase_520_com.android.server.content.ContentService$Lifecycle
07-24 14:10:00.872  2368  2368 I SystemServerTiming: OnBootPhase_520_com.android.server.DropBoxManagerService
07-24 14:10:00.872  2368  2368 I SystemServerTiming: OnBootPhase_520_com.android.role.RoleService
07-24 14:10:00.872  2368  2368 I SystemServerTiming: OnBootPhase_520_com.android.server.vibrator.VibratorManagerService$Lifecycle
07-24 14:10:00.872  2368  2368 I SystemServerTiming: OnBootPhase_520_com.android.server.alarm.AlarmManagerService
07-24 14:10:00.872  2368  2368 I SystemServerTiming: OnBootPhase_520_com.android.server.devicestate.DeviceStateManagerService
07-24 14:10:00.872  2368  2368 I SystemServerTiming: OnBootPhase_520_com.android.server.camera.CameraServiceProxy
07-24 14:10:00.872  2368  2368 I SystemServerTiming: OnBootPhase_520_com.android.server.BluetoothService
07-24 14:10:00.872  2368  2368 I SystemServerTiming: OnBootPhase_520_com.android.server.connectivity.IpConnectivityMetrics
07-24 14:10:00.872  2368  2368 I SystemServerTiming: OnBootPhase_520_com.android.server.net.watchlist.NetworkWatchlistService$Lifecycle
07-24 14:10:00.872  2368  2368 I SystemServerTiming: OnBootPhase_520_com.android.server.PinnerService
07-24 14:10:00.872  2368  2368 I SystemServerTiming: OnBootPhase_520_com.google.android.startop.iorap.IorapForwardingService
07-24 14:10:00.872  2368  2368 I SystemServerTiming: OnBootPhase_520_com.android.server.ActivityTriggerService
07-24 14:10:00.872  2368  2368 I SystemServerTiming: OnBootPhase_520_com.android.server.integrity.AppIntegrityManagerService
07-24 14:10:00.872  2368  2368 I SystemServerTiming: OnBootPhase_520_com.android.server.inputmethod.InputMethodManagerService$Lifecycle
07-24 14:10:00.872  2368  2368 I SystemServerTiming: OnBootPhase_520_com.android.server.accessibility.AccessibilityManagerService$Lifecycle
07-24 14:10:00.872  2368  2368 I SystemServerTiming: OnBootPhase_520_com.android.server.StorageManagerService$Lifecycle
07-24 14:10:00.872  2368  2368 I SystemServerTiming: OnBootPhase_520_com.android.server.usage.StorageStatsService$Lifecycle
07-24 14:10:00.872  2368  2368 I SystemServerTiming: OnBootPhase_520_com.android.server.UiModeManagerService
07-24 14:10:00.872  2368  2558 E DefaultPermGrantPolicy: Package not found: com.google.android.apps.assistant
07-24 14:10:00.872  2368  2368 I SystemServerTiming: OnBootPhase_520_com.android.server.locksettings.LockSettingsService$Lifecycle
07-24 14:10:00.873  2368  2368 I SystemServerTiming: OnBootPhase_520_com.android.server.PersistentDataBlockService
07-24 14:10:00.873  2368  2368 I SystemServerTiming: OnBootPhase_520_com.android.server.testharness.TestHarnessModeService
07-24 14:10:00.873  2368  2368 I SystemServerTiming: OnBootPhase_520_com.android.server.oemlock.OemLockService
07-24 14:10:00.873  2368  2368 I SystemServerTiming: OnBootPhase_520_com.android.server.DeviceIdleController
07-24 14:10:00.873  2368  2368 I SystemServerTiming: OnBootPhase_520_com.android.server.devicepolicy.DevicePolicyManagerService$Lifecycle
07-24 14:10:00.873  2368  2368 I SystemServerTiming: OnBootPhase_520_com.android.server.texttospeech.TextToSpeechManagerService
07-24 14:10:00.873  2368  2558 E DefaultPermGrantPolicy: Package not found: com.google.android.apps.actionsservice
07-24 14:10:00.873  2368  2368 I SystemServerTiming: OnBootPhase_520_com.android.server.speech.SpeechRecognitionManagerService
07-24 14:10:00.873  2368  2368 I SystemServerTiming: OnBootPhase_520_com.android.server.searchui.SearchUiManagerService
07-24 14:10:00.873  2368  2368 I SystemServerTiming: OnBootPhase_520_com.android.server.smartspace.SmartspaceManagerService
07-24 14:10:00.873  2368  2368 I SystemServerTiming: OnBootPhase_520_com.android.server.graphics.fonts.FontManagerService$Lifecycle
07-24 14:10:00.873  2368  2368 I SystemServerTiming: OnBootPhase_520_com.android.server.textservices.TextServicesManagerService$Lifecycle
07-24 14:10:00.873  2368  2368 I SystemServerTiming: OnBootPhase_520_com.android.server.textclassifier.TextClassificationManagerService$Lifecycle
07-24 14:10:00.873  2368  2368 I SystemServerTiming: OnBootPhase_520_com.android.server.NetworkScoreService$Lifecycle
07-24 14:10:00.873  2368  2368 I SystemServerTiming: OnBootPhase_520_com.android.server.wifi.WifiService
07-24 14:10:00.873  2368  2368 I SystemServerTiming: OnBootPhase_520_com.android.server.wifi.scanner.WifiScanningService
07-24 14:10:00.873  2368  2368 I SystemServerTiming: OnBootPhase_520_com.android.server.wifi.p2p.WifiP2pService
07-24 14:10:00.873  2368  2368 I SystemServerTiming: OnBootPhase_520_com.android.server.ethernet.EthernetService
07-24 14:10:00.873  2368  2368 I SystemServerTiming: OnBootPhase_520_com.android.server.ConnectivityServiceInitializer
07-24 14:10:00.873  2368  2368 I SystemServerTiming: OnBootPhase_520_com.android.server.notification.NotificationManagerService
07-24 14:10:00.873  2368  2368 I SystemServerTiming: OnBootPhase_520_com.android.server.storage.DeviceStorageMonitorService
07-24 14:10:00.873  2368  2368 I SystemServerTiming: OnBootPhase_520_com.android.server.location.LocationManagerService$Lifecycle
07-24 14:10:00.873  2368  2368 I SystemServerTiming: OnBootPhase_520_com.android.server.timedetector.TimeDetectorService$Lifecycle
07-24 14:10:00.873  2368  2368 I SystemServerTiming: OnBootPhase_520_com.android.server.timezonedetector.TimeZoneDetectorService$Lifecycle
07-24 14:10:00.873  2368  2368 I SystemServerTiming: OnBootPhase_520_com.android.server.timezonedetector.location.LocationTimeZoneManagerService$Lifecycle
07-24 14:10:00.873  2368  2368 I SystemServerTiming: OnBootPhase_520_com.android.server.search.SearchManagerService$Lifecycle
07-24 14:10:00.873  2368  2368 I SystemServerTiming: OnBootPhase_520_com.android.server.wallpaper.WallpaperManagerService$Lifecycle
07-24 14:10:00.874  2368  2368 I SystemServerTiming: OnBootPhase_520_com.android.server.audio.AudioService$Lifecycle
07-24 14:10:00.874  2368  2368 I SystemServerTiming: OnBootPhase_520_com.android.server.soundtrigger_middleware.SoundTriggerMiddlewareService$Lifecycle
07-24 14:10:00.874  2368  2368 I SystemServerTiming: OnBootPhase_520_com.android.server.DockObserver
07-24 14:10:00.874  2368  2368 I SystemServerTiming: OnBootPhase_520_com.android.server.midi.MidiService$Lifecycle
07-24 14:10:00.874  2368  2368 I SystemServerTiming: OnBootPhase_520_com.android.server.adb.AdbService$Lifecycle
07-24 14:10:00.874  2368  2368 I SystemServerTiming: OnBootPhase_520_com.android.server.usb.UsbService$Lifecycle
07-24 14:10:00.874  2368  2368 I SystemServerTiming: OnBootPhase_520_com.android.server.twilight.TwilightService
07-24 14:10:00.874  2368  2368 I SystemServerTiming: OnBootPhase_520_com.android.server.display.color.ColorDisplayService
07-24 14:10:00.874  2368  2368 I SystemServerTiming: OnBootPhase_520_com.android.server.job.JobSchedulerService
07-24 14:10:00.874  2368  2368 I SystemServerTiming: OnBootPhase_520_com.android.server.soundtrigger.SoundTriggerService
07-24 14:10:00.874  2368  2368 D SoundTriggerService: onBootPhase: 520 : false
07-24 14:10:00.874  2368  2368 I SystemServerTiming: OnBootPhase_520_com.android.server.trust.TrustManagerService
07-24 14:10:00.874  2368  2368 I SystemServerTiming: OnBootPhase_520_com.miui.server.MiuiInitServer$Lifecycle
07-24 14:10:00.874  2368  2368 I SystemServerTiming: OnBootPhase_520_com.miui.server.BackupManagerService$Lifecycle
07-24 14:10:00.874  2368  2368 I SystemServerTiming: OnBootPhase_520_com.miui.server.stepcounter.StepCounterManagerService
07-24 14:10:00.874  2368  2368 I SystemServerTiming: OnBootPhase_520_com.miui.server.car.MiuiCarService$Lifecycle
07-24 14:10:00.874  2368  2368 I SystemServerTiming: OnBootPhase_520_com.android.server.pc.MiuiPcService
07-24 14:10:00.874  2368  2368 I SystemServerTiming: OnBootPhase_520_com.android.server.display.ScreenEffectService
07-24 14:10:00.874  2368  2368 I SystemServerTiming: OnBootPhase_520_com.android.server.backup.BackupManagerService$Lifecycle
07-24 14:10:00.874  2368  2368 I SystemServerTiming: OnBootPhase_520_com.android.server.appwidget.AppWidgetService
07-24 14:10:00.874  2368  2368 I SystemServerTiming: OnBootPhase_520_com.android.server.voiceinteraction.VoiceInteractionManagerService
07-24 14:10:00.874  2368  2368 I SystemServerTiming: OnBootPhase_520_com.android.server.apphibernation.AppHibernationService
07-24 14:10:00.874  2368  2368 I SystemServerTiming: OnBootPhase_520_com.android.server.GestureLauncherService
07-24 14:10:00.874  2368  2368 I SystemServerTiming: OnBootPhase_520_com.android.server.SensorNotificationService
07-24 14:10:00.874  2368  2368 I SystemServerTiming: OnBootPhase_520_com.android.server.emergency.EmergencyAffordanceService
07-24 14:10:00.874  2368  2368 I SystemServerTiming: OnBootPhase_520_com.android.server.blob.BlobStoreManagerService
07-24 14:10:00.874  2368  2368 I SystemServerTiming: OnBootPhase_520_com.android.server.dreams.DreamManagerService
07-24 14:10:00.874  2368  2368 I SystemServerTiming: OnBootPhase_520_com.android.server.print.PrintManagerService
07-24 14:10:00.874  2368  2368 I SystemServerTiming: OnBootPhase_520_com.android.server.companion.CompanionDeviceManagerService
07-24 14:10:00.874  2368  2368 I SystemServerTiming: OnBootPhase_520_com.android.server.restrictions.RestrictionsManagerService
07-24 14:10:00.874  2368  2368 I SystemServerTiming: OnBootPhase_520_com.android.server.media.MediaSessionService
07-24 14:10:00.874  2368  2368 I SystemServerTiming: OnBootPhase_520_com.android.server.media.MediaResourceMonitorService
07-24 14:10:00.874  2368  2368 I SystemServerTiming: OnBootPhase_520_com.android.server.biometrics.sensors.fingerprint.FingerprintService
07-24 14:10:00.874  2368  2368 I SystemServerTiming: OnBootPhase_520_com.android.server.biometrics.BiometricService
07-24 14:10:00.874  2368  2368 I SystemServerTiming: OnBootPhase_520_com.android.server.biometrics.AuthService
07-24 14:10:00.874  2368  2368 I SystemServerTiming: OnBootPhase_520_com.android.server.pm.ShortcutService$Lifecycle
07-24 14:10:00.874  2368  2368 I SystemServerTiming: OnBootPhase_520_com.android.server.pm.LauncherAppsService
07-24 14:10:00.874  2368  2368 I SystemServerTiming: OnBootPhase_520_com.android.server.pm.CrossProfileAppsService
07-24 14:10:00.874  2368  2368 I SystemServerTiming: OnBootPhase_520_com.android.server.people.PeopleService
07-24 14:10:00.874  2368  2368 I SystemServerTiming: OnBootPhase_520_com.android.server.media.metrics.MediaMetricsManagerService
07-24 14:10:00.874  2368  2368 I SystemServerTiming: OnBootPhase_520_com.android.server.media.projection.MediaProjectionManagerService
07-24 14:10:00.874  2368  2368 I SystemServerTiming: OnBootPhase_520_com.android.server.slice.SliceManagerService$Lifecycle
07-24 14:10:00.874  2368  2368 I SystemServerTiming: OnBootPhase_520_com.android.server.stats.StatsCompanion$Lifecycle
07-24 14:10:00.874  2368  2368 I SystemServerTiming: OnBootPhase_520_com.android.server.scheduling.RebootReadinessManagerService$Lifecycle
07-24 14:10:00.874  2368  2368 I SystemServerTiming: OnBootPhase_520_com.android.server.stats.pull.StatsPullAtomService
07-24 14:10:00.874  2368  2368 I SystemServerTiming: OnBootPhase_520_com.android.server.incident.IncidentCompanionService
07-24 14:10:00.874  2368  2368 I SystemServerTiming: OnBootPhase_520_com.android.server.MmsServiceBroker
07-24 14:10:00.874  2368  2368 I SystemServerTiming: OnBootPhase_520_com.android.server.autofill.AutofillManagerService
07-24 14:10:00.874  2368  2368 I SystemServerTiming: OnBootPhase_520_com.android.server.clipboard.ClipboardService
07-24 14:10:00.874  2368  2368 I SystemServerTiming: OnBootPhase_520_com.android.server.appbinding.AppBindingService$Lifecycle
07-24 14:10:00.874  2368  2368 I SystemServerTiming: OnBootPhase_520_com.android.server.tracing.TracingServiceProxy
07-24 14:10:00.874  2368  2368 I SystemServerTiming: OnBootPhase_520_com.android.server.policy.PermissionPolicyService
07-24 14:10:00.874  2368  2368 I SystemServerTiming: OnBootPhase_520_com.android.server.pm.StagingManager$Lifecycle
07-24 14:10:00.874  2368  2368 I SystemServerTiming: OnBootPhase_520_com.miui.me.server.auto_install.InstallService
07-24 14:10:00.875  2368  2368 I SystemServerTiming: OnBootPhase_520_com.android.server.app.GameManagerService$Lifecycle
07-24 14:10:00.875  2368  2368 I SystemServerTiming: AppSearchManagerService
07-24 14:10:00.875  1698  1698 I wificond: Regulatory domain changed to country: GR on wiphy_index: 0
07-24 14:10:00.877  1698  1698 I wificond: 2.4Ghz frequencies: 2412 2417 2422 2427 2432 2437 2442 2447 2452 2457 2462 2467 2472
07-24 14:10:00.877  1698  1698 I wificond: 5Ghz non-DFS frequencies: 5180 5200 5220 5240 5745 5765 5785 5805 5825 5845 5865
07-24 14:10:00.877  1698  1698 I wificond: 5Ghz DFS frequencies: 5260 5280 5300 5320 5500 5520 5540 5560 5580 5600 5620 5640 5660 5680 5700 5720
07-24 14:10:00.877  1698  1698 I wificond: 6Ghz frequencies:
07-24 14:10:00.877  1698  1698 I wificond: 60Ghz frequencies:
07-24 14:10:00.881  2368  2368 I SystemServiceManager: Starting com.android.server.appsearch.AppSearchManagerService
07-24 14:10:00.883  2368  2368 I SystemServerTiming: StartMediaCommunicationService
07-24 14:10:00.883  2368  2368 I SystemServiceManager: Starting com.android.server.media.MediaCommunicationService
07-24 14:10:00.884  2368  2368 I SystemServerTiming: PhaseActivityManagerReady
07-24 14:10:00.884  2368  2368 I SystemServerTiming: controllersReady
07-24 14:10:00.885  2368  2368 D MiuiOrientationImpl: onChanged false
07-24 14:10:00.886  2368  2368 I MiuiOrientationImpl: No existing orientation settings, starting empty
07-24 14:10:00.886  2368  3297 D PackageConfigurationController: initialize
07-24 14:10:00.887  2368  2368 I SplashScreenServiceDelegate: Register BOOT_COMPLETED receiver
07-24 14:10:00.887  2368  2368 I SplashScreenServiceDelegate: Register debugger receiver
07-24 14:10:00.905  2368  2569 I SystemServerTimingAsync: InitThreadPoolExec:Update app-ops uidState in case package eu.europa.publications.quickborder changed
07-24 14:10:00.906  2368  2620 I SystemServerTimingAsync: InitThreadPoolExec:Update app-ops uidState in case package eu.europa.ec.euidi changed
07-24 14:10:00.906  2368  2695 I SystemServerTimingAsync: InitThreadPoolExec:Update app-ops uidState in case package io.appium.uiautomator2.server.test changed
07-24 14:10:00.906  2368  2709 I SystemServerTimingAsync: InitThreadPoolExec:Update app-ops uidState in case package io.appium.uiautomator2.server changed
07-24 14:10:00.906  2368  2596 I SystemServerTimingAsync: InitThreadPoolExec:Update app-ops uidState in case package com.google.android.contactkeys changed
07-24 14:10:00.906  2368  2524 I SystemServerTimingAsync: InitThreadPoolExec:Update app-ops uidState in case package app.wifipasswordshow.wifiqrcodescanner changed
07-24 14:10:00.906  2368  2574 I SystemServerTimingAsync: InitThreadPoolExec:Update app-ops uidState in case package io.appium.settings changed
07-24 14:10:00.906  2368  2597 I SystemServerTimingAsync: InitThreadPoolExec:Update app-ops uidState in case package com.microsoft.windowsintune.companyportal changed
07-24 14:10:00.908  2368  2620 I SystemServerTimingAsync: InitThreadPoolExec:Update app-ops uidState in case package dev.firebase.appdistribution changed
07-24 14:10:00.909  2368  2597 I SystemServerTimingAsync: InitThreadPoolExec:Update app-ops uidState in case package recorder.screenrecorder.videoeditor changed
07-24 14:10:00.909  2368  2709 I SystemServerTimingAsync: InitThreadPoolExec:Update app-ops uidState in case package com.mobi.screenrecorder.durecorder changed
07-24 14:10:00.909  2368  2597 I SystemServerTimingAsync: InitThreadPoolExec:Update app-ops uidState in case package com.google.android.safetycenter.resources changed
07-24 14:10:00.909  2368  2597 I SystemServerTimingAsync: InitThreadPoolExec:Update app-ops uidState in case package com.microsoft.teams changed
07-24 14:10:00.909  2368  2709 I SystemServerTimingAsync: InitThreadPoolExec:Update app-ops uidState in case package com.google.android.apps.chromecast.app changed
07-24 14:10:00.909  2368  2597 I SystemServerTimingAsync: InitThreadPoolExec:Update app-ops uidState in case package com.google.android.apps.walletnfcrel changed
07-24 14:10:00.909  2368  2709 I SystemServerTimingAsync: InitThreadPoolExec:Update app-ops uidState in case package com.google.ar.core changed
07-24 14:10:00.909  2368  2524 I SystemServerTimingAsync: InitThreadPoolExec:Update app-ops uidState in case package com.google.android.apps.accessibility.auditor changed
07-24 14:10:00.909  2368  2597 I SystemServerTimingAsync: InitThreadPoolExec:Update app-ops uidState in case package com.mintgames.triplecrush.tile.fun changed
07-24 14:10:00.909  2368  2596 I SystemServerTimingAsync: InitThreadPoolExec:Update app-ops uidState in case package videoeditor.videorecorder.screenrecorder changed
07-24 14:10:00.909  2368  2597 I SystemServerTimingAsync: InitThreadPoolExec:Update app-ops uidState in case package com.google.android.safetycore changed
07-24 14:10:00.909  2368  2596 I SystemServerTimingAsync: InitThreadPoolExec:Update app-ops uidState in case package com.facebook.katana changed
07-24 14:10:00.909  2368  2695 I SystemServerTimingAsync: InitThreadPoolExec:Update app-ops uidState in case package org.wikipedia changed
07-24 14:10:00.909  2368  2596 I SystemServerTimingAsync: InitThreadPoolExec:Update app-ops uidState in case package com.alibaba.aliexpresshd changed
07-24 14:10:00.909  2368  2524 I SystemServerTimingAsync: InitThreadPoolExec:Update app-ops uidState in case package cn.wps.moffice_eng changed
07-24 14:10:00.909  2368  2596 I SystemServerTimingAsync: InitThreadPoolExec:Update app-ops uidState in case package com.android.soundrecorder changed
07-24 14:10:00.909  2368  2597 I SystemServerTimingAsync: InitThreadPoolExec:Update app-ops uidState in case package com.mi.global.pocostore changed
07-24 14:10:00.909  2368  2596 I SystemServerTimingAsync: InitThreadPoolExec:Update app-ops uidState in case package com.miui.calculator changed
07-24 14:10:00.909  2368  2597 I SystemServerTimingAsync: InitThreadPoolExec:Update app-ops uidState in case package com.duokan.phone.remotecontroller changed
07-24 14:10:00.909  2368  2524 I SystemServerTimingAsync: InitThreadPoolExec:Update app-ops uidState in case package com.google.android.apps.magazines changed
07-24 14:10:00.909  2368  2574 I SystemServerTimingAsync: InitThreadPoolExec:Update app-ops uidState in case package com.deque.mobile.devtools.axedevtoolsanalyzer changed
07-24 14:10:00.909  2368  2569 I SystemServerTimingAsync: InitThreadPoolExec:Update app-ops uidState in case package com.linuxauthority.screenrecorder changed
07-24 14:10:00.910  2368  2709 I SystemServerTimingAsync: InitThreadPoolExec:Update app-ops uidState in case package com.yahoo.mobile.client.android.search changed
07-24 14:10:00.910  2368  2620 I SystemServerTimingAsync: InitThreadPoolExec:Update app-ops uidState in case package com.adobe.reader changed
07-24 14:10:00.910  2368  2368 I SystemServerTiming: killProcesses
07-24 14:10:00.910  2368  2368 I ActivityManager: System now ready
07-24 14:10:00.910  2368  2368 I SystemServerTiming: updateTopComponentForFactoryTest
07-24 14:10:00.910  2368  2368 I SystemServerTiming: registerActivityLaunchObserver
07-24 14:10:00.910  2368  2368 I SystemServerTiming: watchDeviceProvisioning
07-24 14:10:00.910  2368  2695 I SystemServerTimingAsync: InitThreadPoolExec:Update app-ops uidState in case package com.google.android.apps.docs changed
07-24 14:10:00.910  2368  2596 I SystemServerTimingAsync: InitThreadPoolExec:Update app-ops uidState in case package com.miui.compass changed
07-24 14:10:00.910  2368  2597 I SystemServerTimingAsync: InitThreadPoolExec:Update app-ops uidState in case package com.mi.global.pocobbs changed
07-24 14:10:00.910  2368  2574 I SystemServerTimingAsync: InitThreadPoolExec:Update app-ops uidState in case package com.miui.notes changed
07-24 14:10:00.910  2368  2597 I SystemServerTimingAsync: InitThreadPoolExec:Update app-ops uidState in case package com.miui.mediaeditor changed
07-24 14:10:00.910  2368  2574 I SystemServerTimingAsync: InitThreadPoolExec:Update app-ops uidState in case package com.google.android.photopicker changed
07-24 14:10:00.910  2368  2597 I SystemServerTimingAsync: InitThreadPoolExec:Update app-ops uidState in case package com.miui.android.fashiongallery changed
07-24 14:10:00.910  2368  2574 I SystemServerTimingAsync: InitThreadPoolExec:Update app-ops uidState in case package cn.wps.xiaomi.abroad.lite changed
07-24 14:10:00.910  2368  2597 I SystemServerTimingAsync: InitThreadPoolExec:Update app-ops uidState in case package com.google.android.apps.tachyon changed
07-24 14:10:00.910  2368  2574 I SystemServerTimingAsync: InitThreadPoolExec:Update app-ops uidState in case package com.google.android.apps.youtube.music changed
07-24 14:10:00.910  2368  2597 I SystemServerTimingAsync: InitThreadPoolExec:Update app-ops uidState in case package com.miui.weather2 changed
07-24 14:10:00.910  2368  2574 I SystemServerTimingAsync: InitThreadPoolExec:Update app-ops uidState in case package com.xiaomi.midrop changed
07-24 14:10:00.910  2368  2597 I SystemServerTimingAsync: InitThreadPoolExec:Update app-ops uidState in case package com.xiaomi.scanner changed
07-24 14:10:00.910  2368  2574 I SystemServerTimingAsync: InitThreadPoolExec:Update app-ops uidState in case package com.google.android.providers.media.module changed
07-24 14:10:00.910  2368  2597 I SystemServerTimingAsync: InitThreadPoolExec:Update app-ops uidState in case package com.google.android.connectivity.resources changed
07-24 14:10:00.911  2368  2695 I SystemServerTimingAsync: InitThreadPoolExec:Update app-ops uidState in case package com.google.android.apps.podcasts changed
07-24 14:10:00.911  2368  2574 I SystemServerTimingAsync: InitThreadPoolExec:Update app-ops uidState in case package com.android.cts.priv.ctsshim changed
07-24 14:10:00.911  2368  2574 I SystemServerTimingAsync: InitThreadPoolExec:Update app-ops uidState in case package com.android.hotspot2.osulogin changed
07-24 14:10:00.911  2368  2569 I SystemServerTimingAsync: InitThreadPoolExec:Update app-ops uidState in case package com.android.wifi.resources changed
07-24 14:10:00.911  2368  2597 I SystemServerTimingAsync: InitThreadPoolExec:Update app-ops uidState in case package com.android.cts.ctsshim changed
07-24 14:10:00.911  2368  2524 I SystemServerTimingAsync: InitThreadPoolExec:Update app-ops uidState in case package com.google.android.cellbroadcastreceiver changed
07-24 14:10:00.911  2368  2569 I SystemServerTimingAsync: InitThreadPoolExec:Update app-ops uidState in case package com.qualcomm.qti.workloadclassifier changed
07-24 14:10:00.911  2368  2597 I SystemServerTimingAsync: InitThreadPoolExec:Update app-ops uidState in case package com.qualcomm.embms changed
07-24 14:10:00.911  2368  2569 I SystemServerTimingAsync: InitThreadPoolExec:Update app-ops uidState in case package com.android.smspush changed
07-24 14:10:00.911  2368  2597 I SystemServerTimingAsync: InitThreadPoolExec:Update app-ops uidState in case package org.codeaurora.ims changed
07-24 14:10:00.911  2368  2569 I SystemServerTimingAsync: InitThreadPoolExec:Update app-ops uidState in case package com.qualcomm.qti.xrcb changed
07-24 14:10:00.911  2368  2597 I SystemServerTimingAsync: InitThreadPoolExec:Update app-ops uidState in case package com.qualcomm.wfd.service changed
07-24 14:10:00.911  2368  2569 I SystemServerTimingAsync: InitThreadPoolExec:Update app-ops uidState in case package com.qualcomm.location changed
07-24 14:10:00.911  2368  2597 I SystemServerTimingAsync: InitThreadPoolExec:Update app-ops uidState in case package com.android.wallpapercropper changed
07-24 14:10:00.911  2368  2569 I SystemServerTimingAsync: InitThreadPoolExec:Update app-ops uidState in case package com.android.storagemanager changed
07-24 14:10:00.911  2368  2597 I SystemServerTimingAsync: InitThreadPoolExec:Update app-ops uidState in case package com.google.android.setupwizard changed
07-24 14:10:00.911  2368  2569 I SystemServerTimingAsync: InitThreadPoolExec:Update app-ops uidState in case package com.android.emergency changed
07-24 14:10:00.911  2368  2597 I SystemServerTimingAsync: InitThreadPoolExec:Update app-ops uidState in case package com.qti.ltebc changed
07-24 14:10:00.911  2368  2569 I SystemServerTimingAsync: InitThreadPoolExec:Update app-ops uidState in case package com.google.android.feedback changed
07-24 14:10:00.911  2368  2597 I SystemServerTimingAsync: InitThreadPoolExec:Update app-ops uidState in case package com.android.carrierconfig changed
07-24 14:10:00.911  2368  2569 I SystemServerTimingAsync: InitThreadPoolExec:Update app-ops uidState in case package com.google.android.marvin.talkback changed
07-24 14:10:00.911  2368  2695 I SystemServerTimingAsync: InitThreadPoolExec:Update app-ops uidState in case package com.google.android.permissioncontroller changed
07-24 14:10:00.911  2368  2524 I SystemServerTimingAsync: InitThreadPoolExec:Update app-ops uidState in case package com.qualcomm.atfwd changed
07-24 14:10:00.911  2368  2569 I SystemServerTimingAsync: InitThreadPoolExec:Update app-ops uidState in case package com.qualcomm.qti.telephonyservice changed
07-24 14:10:00.911  2368  2695 I SystemServerTimingAsync: InitThreadPoolExec:Update app-ops uidState in case package com.qualcomm.qcrilmsgtunnel changed
07-24 14:10:00.911  2368  2524 I SystemServerTimingAsync: InitThreadPoolExec:Update app-ops uidState in case package com.qti.xdivert changed
07-24 14:10:00.911  2368  2695 I SystemServerTimingAsync: InitThreadPoolExec:Update app-ops uidState in case package com.qualcomm.uimremoteserver changed
07-24 14:10:00.911  2368  2695 I SystemServerTimingAsync: InitThreadPoolExec:Update app-ops uidState in case package com.qualcomm.qti.lpa changed
07-24 14:10:00.911  2368  2524 I SystemServerTimingAsync: InitThreadPoolExec:Update app-ops uidState in case package com.qualcomm.uimremoteclient changed
07-24 14:10:00.911  2368  2695 I SystemServerTimingAsync: InitThreadPoolExec:Update app-ops uidState in case package com.qualcomm.qti.uimGbaApp changed
07-24 14:10:00.911  2368  2524 I SystemServerTimingAsync: InitThreadPoolExec:Update app-ops uidState in case package com.google.android.youtube changed
07-24 14:10:00.911  2368  2695 I SystemServerTimingAsync: InitThreadPoolExec:Update app-ops uidState in case package com.google.android.apps.maps changed
07-24 14:10:00.911  2368  2524 I SystemServerTimingAsync: InitThreadPoolExec:Update app-ops uidState in case package com.qualcomm.qti.uim changed
07-24 14:10:00.911  2368  2695 I SystemServerTimingAsync: InitThreadPoolExec:Update app-ops uidState in case package com.google.mainline.telemetry changed
07-24 14:10:00.911  2368  2524 I SystemServerTimingAsync: InitThreadPoolExec:Update app-ops uidState in case package com.google.android.modulemetadata changed
