07-24 14:10:00.911  2368  2596 I SystemServerTimingAsync: InitThreadPoolExec:Update app-ops uidState in case package com.google.android.webview changed
07-24 14:10:00.911  2368  2524 I SystemServerTimingAsync: InitThreadPoolExec:Update app-ops uidState in case package com.google.android.tts changed
07-24 14:10:00.911  2368  2596 I SystemServerTimingAsync: InitThreadPoolExec:Update app-ops uidState in case package com.google.android.gm changed
07-24 14:10:00.911  2368  2596 I SystemServerTimingAsync: InitThreadPoolExec:Update app-ops uidState in case package com.qualcomm.qti.poweroffalarm changed
07-24 14:10:00.911  2368  2524 I SystemServerTimingAsync: InitThreadPoolExec:Update app-ops uidState in case package com.android.dreams.phototable changed
07-24 14:10:00.911  2368  2596 I SystemServerTimingAsync: InitThreadPoolExec:Update app-ops uidState in case package com.google.android.inputmethod.latin changed
07-24 14:10:00.911  2368  2524 I SystemServerTimingAsync: InitThreadPoolExec:Update app-ops uidState in case package com.android.server.telecom.overlay.miui changed
07-24 14:10:00.911  2368  2596 I SystemServerTimingAsync: InitThreadPoolExec:Update app-ops uidState in case package com.google.android.apps.subscriptions.red changed
07-24 14:10:00.911  2368  2524 I SystemServerTimingAsync: InitThreadPoolExec:Update app-ops uidState in case package com.google.android.calendar changed
07-24 14:10:00.911  2368  2596 I SystemServerTimingAsync: InitThreadPoolExec:Update app-ops uidState in case package com.android.chrome changed
07-24 14:10:00.911  2368  2524 I SystemServerTimingAsync: InitThreadPoolExec:Update app-ops uidState in case package com.google.android.gms.location.history changed
07-24 14:10:00.911  2368  2596 I SystemServerTimingAsync: InitThreadPoolExec:Update app-ops uidState in case package com.google.android.syncadapters.contacts changed
07-24 14:10:00.911  2368  2524 I SystemServerTimingAsync: InitThreadPoolExec:Update app-ops uidState in case package com.google.android.contacts changed
07-24 14:10:00.911  2368  2596 I SystemServerTimingAsync: InitThreadPoolExec:Update app-ops uidState in case package com.qualcomm.qti.devicestatisticsservice changed
07-24 14:10:00.911  2368  2524 I SystemServerTimingAsync: InitThreadPoolExec:Update app-ops uidState in case package com.google.android.googlequicksearchbox changed
07-24 14:10:00.911  2368  2596 I SystemServerTimingAsync: InitThreadPoolExec:Update app-ops uidState in case package com.google.android.apps.wellbeing changed
07-24 14:10:00.912  2368  2596 I SystemServerTimingAsync: InitThreadPoolExec:Update app-ops uidState in case package com.google.android.apps.messaging changed
07-24 14:10:00.912  2368  2596 I SystemServerTimingAsync: InitThreadPoolExec:Update app-ops uidState in case package com.android.vending changed
07-24 14:10:00.912  2368  2524 I SystemServerTimingAsync: InitThreadPoolExec:Update app-ops uidState in case package com.google.android.gms changed
07-24 14:10:00.912  2368  2596 I SystemServerTimingAsync: InitThreadPoolExec:Update app-ops uidState in case package com.google.android.gsf changed
07-24 14:10:00.912  2368  2596 I SystemServerTimingAsync: InitThreadPoolExec:Update app-ops uidState in case package com.google.android.apps.turbo changed
07-24 14:10:00.912  2368  2596 I SystemServerTimingAsync: InitThreadPoolExec:Update app-ops uidState in case package com.android.settings.intelligence changed
07-24 14:10:00.912  2368  2596 I SystemServerTimingAsync: InitThreadPoolExec:Update app-ops uidState in case package com.google.android.apps.setupwizard.searchselector changed
07-24 14:10:00.912  2368  2596 I SystemServerTimingAsync: InitThreadPoolExec:Update app-ops uidState in case package com.google.android.apps.restore changed
07-24 14:10:00.912  2368  2596 I SystemServerTimingAsync: InitThreadPoolExec:Update app-ops uidState in case package com.google.android.dialer changed
07-24 14:10:00.912  2368  2524 I SystemServerTimingAsync: InitThreadPoolExec:Update app-ops uidState in case package com.android.hotwordenrollment.xgoogle changed
07-24 14:10:00.912  2368  2596 I SystemServerTimingAsync: InitThreadPoolExec:Update app-ops uidState in case package com.android.hotwordenrollment.okgoogle changed
07-24 14:10:00.912  2368  2524 I SystemServerTimingAsync: InitThreadPoolExec:Update app-ops uidState in case package com.google.android.apps.googleassistant changed
07-24 14:10:00.912  2368  2596 I SystemServerTimingAsync: InitThreadPoolExec:Update app-ops uidState in case package com.google.android.partnersetup changed
07-24 14:10:00.912  2368  2524 I SystemServerTimingAsync: InitThreadPoolExec:Update app-ops uidState in case package com.google.android.onetimeinitializer changed
07-24 14:10:00.912  2368  2596 I SystemServerTimingAsync: InitThreadPoolExec:Update app-ops uidState in case package com.google.android.ims changed
07-24 14:10:00.912  2368  2524 I SystemServerTimingAsync: InitThreadPoolExec:Update app-ops uidState in case package com.google.android.projection.gearhead changed
07-24 14:10:00.912  2368  2574 I SystemServerTimingAsync: InitThreadPoolExec:Update app-ops uidState in case package com.google.android.ext.services changed
07-24 14:10:00.912  2368  2596 I SystemServerTimingAsync: InitThreadPoolExec:Update app-ops uidState in case package com.google.android.configupdater changed
07-24 14:10:00.912  2368  2524 I SystemServerTimingAsync: InitThreadPoolExec:Update app-ops uidState in case package com.tencent.soter.soterserver changed
07-24 14:10:00.912  2368  2596 I SystemServerTimingAsync: InitThreadPoolExec:Update app-ops uidState in case package com.qualcomm.qti.gpudrivers.lahaina.api30 changed
07-24 14:10:00.912  2368  2524 I SystemServerTimingAsync: InitThreadPoolExec:Update app-ops uidState in case package com.goodix.gftest changed
07-24 14:10:00.912  2368  2574 I SystemServerTimingAsync: InitThreadPoolExec:Update app-ops uidState in case package com.qualcomm.timeservice changed
07-24 14:10:00.912  2368  2524 I SystemServerTimingAsync: InitThreadPoolExec:Update app-ops uidState in case package org.ifaa.aidl.manager changed
07-24 14:10:00.912  2368  2620 I SystemServerTimingAsync: InitThreadPoolExec:Update app-ops uidState in case package vendor.qti.hardware.cacert.server changed
07-24 14:10:00.912  2368  2524 I SystemServerTimingAsync: InitThreadPoolExec:Update app-ops uidState in case package vendor.qti.iwlan changed
07-24 14:10:00.912  2368  2574 I SystemServerTimingAsync: InitThreadPoolExec:Update app-ops uidState in case package com.qualcomm.qti.cne changed
07-24 14:10:00.912  2368  2620 I SystemServerTimingAsync: InitThreadPoolExec:Update app-ops uidState in case package com.miui.system changed
07-24 14:10:00.912  2368  2574 I SystemServerTimingAsync: InitThreadPoolExec:Update app-ops uidState in case package com.xiaomi.account changed
07-24 14:10:00.912  2368  2524 I SystemServerTimingAsync: InitThreadPoolExec:Update app-ops uidState in case package com.miui.core changed
07-24 14:10:00.912  2368  2574 I SystemServerTimingAsync: InitThreadPoolExec:Update app-ops uidState in case package com.xiaomi.simactivate.service changed
07-24 14:10:00.912  2368  2620 I SystemServerTimingAsync: InitThreadPoolExec:Update app-ops uidState in case package com.facebook.appmanager changed
07-24 14:10:00.912  2368  2574 I SystemServerTimingAsync: InitThreadPoolExec:Update app-ops uidState in case package com.xiaomi.xmsfkeeper changed
07-24 14:10:00.912  2368  2620 I SystemServerTimingAsync: InitThreadPoolExec:Update app-ops uidState in case package com.xiaomi.payment changed
07-24 14:10:00.912  2368  2524 I SystemServerTimingAsync: InitThreadPoolExec:Update app-ops uidState in case package com.xiaomi.xmsf changed
07-24 14:10:00.912  2368  2620 I SystemServerTimingAsync: InitThreadPoolExec:Update app-ops uidState in case package com.android.simappdialog changed
07-24 14:10:00.912  2368  2574 I SystemServerTimingAsync: InitThreadPoolExec:Update app-ops uidState in case package android.autoinstalls.config.Xiaomi.model changed
07-24 14:10:00.912  2368  2524 I SystemServerTimingAsync: InitThreadPoolExec:Update app-ops uidState in case package com.miui.securityadd changed
07-24 14:10:00.912  2368  2574 I SystemServerTimingAsync: InitThreadPoolExec:Update app-ops uidState in case package com.android.pacprocessor changed
07-24 14:10:00.912  2368  2524 I SystemServerTimingAsync: InitThreadPoolExec:Update app-ops uidState in case package com.miuix.editor changed
07-24 14:10:00.912  2368  2695 I SystemServerTimingAsync: InitThreadPoolExec:Update app-ops uidState in case package com.qualcomm.qti.ridemodeaudio changed
07-24 14:10:00.912  2368  2524 I SystemServerTimingAsync: InitThreadPoolExec:Update app-ops uidState in case package com.milink.service changed
07-24 14:10:00.912  2368  2695 I SystemServerTimingAsync: InitThreadPoolExec:Update app-ops uidState in case package com.miui.misound changed
07-24 14:10:00.912  2368  2524 I SystemServerTimingAsync: InitThreadPoolExec:Update app-ops uidState in case package com.miui.videoplayer changed
07-24 14:10:00.912  2368  2695 I SystemServerTimingAsync: InitThreadPoolExec:Update app-ops uidState in case package com.xiaomi.glgm changed
07-24 14:10:00.912  2368  2524 I SystemServerTimingAsync: InitThreadPoolExec:Update app-ops uidState in case package com.miui.msa.global changed
07-24 14:10:00.912  2368  2695 I SystemServerTimingAsync: InitThreadPoolExec:Update app-ops uidState in case package com.miui.miwallpaper changed
07-24 14:10:00.912  2368  2524 I SystemServerTimingAsync: InitThreadPoolExec:Update app-ops uidState in case package com.xiaomi.discover changed
07-24 14:10:00.912  2368  2524 I SystemServerTimingAsync: InitThreadPoolExec:Update app-ops uidState in case package com.miui.screenshot changed
07-24 14:10:00.912  2368  2569 I SystemServerTimingAsync: InitThreadPoolExec:Update app-ops uidState in case package com.qti.phone changed
07-24 14:10:00.912  2368  2524 I SystemServerTimingAsync: InitThreadPoolExec:Update app-ops uidState in case package com.mi.healthglobal changed
07-24 14:10:00.912  2368  2569 I SystemServerTimingAsync: InitThreadPoolExec:Update app-ops uidState in case package com.miui.global.packageinstaller changed
07-24 14:10:00.912  2368  2524 I SystemServerTimingAsync: InitThreadPoolExec:Update app-ops uidState in case package com.miui.hybrid changed
07-24 14:10:00.912  2368  2569 I SystemServerTimingAsync: InitThreadPoolExec:Update app-ops uidState in case package com.miui.hybrid.accessory changed
07-24 14:10:00.912  2368  2524 I SystemServerTimingAsync: InitThreadPoolExec:Update app-ops uidState in case package com.android.deskclock changed
07-24 14:10:00.913  2368  2569 I SystemServerTimingAsync: InitThreadPoolExec:Update app-ops uidState in case package com.miui.guardprovider changed
07-24 14:10:00.913  2368  2524 I SystemServerTimingAsync: InitThreadPoolExec:Update app-ops uidState in case package com.mi.android.globalFileexplorer changed
07-24 14:10:00.913  2368  2524 I SystemServerTimingAsync: InitThreadPoolExec:Update app-ops uidState in case package com.miui.phrase changed
07-24 14:10:00.913  2368  2569 I SystemServerTimingAsync: InitThreadPoolExec:Update app-ops uidState in case package com.mi.globallayout changed
07-24 14:10:00.913  2368  2524 I SystemServerTimingAsync: InitThreadPoolExec:Update app-ops uidState in case package com.android.wallpaper.livepicker changed
07-24 14:10:00.913  2368  2569 I SystemServerTimingAsync: InitThreadPoolExec:Update app-ops uidState in case package com.android.htmlviewer changed
07-24 14:10:00.913  2368  2524 I SystemServerTimingAsync: InitThreadPoolExec:Update app-ops uidState in case package com.mi.emapal changed
07-24 14:10:00.913  2368  2569 I SystemServerTimingAsync: InitThreadPoolExec:Update app-ops uidState in case package com.miui.micloudsync changed
07-24 14:10:00.913  2368  2524 I SystemServerTimingAsync: InitThreadPoolExec:Update app-ops uidState in case package com.miui.cloudservice changed
07-24 14:10:00.913  2368  2569 I SystemServerTimingAsync: InitThreadPoolExec:Update app-ops uidState in case package com.google.android.printservice.recommendation changed
07-24 14:10:00.913  2368  2524 I SystemServerTimingAsync: InitThreadPoolExec:Update app-ops uidState in case package com.fido.asm changed
07-24 14:10:00.913  2368  2569 I SystemServerTimingAsync: InitThreadPoolExec:Update app-ops uidState in case package com.google.android.ext.shared changed
07-24 14:10:00.913  2368  2524 I SystemServerTimingAsync: InitThreadPoolExec:Update app-ops uidState in case package com.android.egg changed
07-24 14:10:00.913  2368  2569 I SystemServerTimingAsync: InitThreadPoolExec:Update app-ops uidState in case package com.android.companiondevicemanager changed
07-24 14:10:00.913  2368  2524 I SystemServerTimingAsync: InitThreadPoolExec:Update app-ops uidState in case package com.android.certinstaller changed
07-24 14:10:00.913  2368  2569 I SystemServerTimingAsync: InitThreadPoolExec:Update app-ops uidState in case package com.google.android.captiveportallogin changed
07-24 14:10:00.913  2368  2524 I SystemServerTimingAsync: InitThreadPoolExec:Update app-ops uidState in case package com.android.carrierdefaultapp changed
07-24 14:10:00.913  2368  2569 I SystemServerTimingAsync: InitThreadPoolExec:Update app-ops uidState in case package com.xiaomi.cameratools changed
07-24 14:10:00.913  2368  2524 I SystemServerTimingAsync: InitThreadPoolExec:Update app-ops uidState in case package com.android.cameraextensions changed
07-24 14:10:00.913  2368  2569 I SystemServerTimingAsync: InitThreadPoolExec:Update app-ops uidState in case package com.android.bookmarkprovider changed
07-24 14:10:00.913  2368  2524 I SystemServerTimingAsync: InitThreadPoolExec:Update app-ops uidState in case package com.android.bluetoothmidiservice changed
07-24 14:10:00.913  2368  2524 I SystemServerTimingAsync: InitThreadPoolExec:Update app-ops uidState in case package com.android.dreams.basic changed
07-24 14:10:00.913  2368  2569 I SystemServerTimingAsync: InitThreadPoolExec:Update app-ops uidState in case package com.miui.analytics changed
07-24 14:10:00.913  2368  2524 I SystemServerTimingAsync: InitThreadPoolExec:Update app-ops uidState in case package com.facebook.services changed
07-24 14:10:00.913  2368  2569 I SystemServerTimingAsync: InitThreadPoolExec:Update app-ops uidState in case package com.android.traceur changed
07-24 14:10:00.913  2368  2524 I SystemServerTimingAsync: InitThreadPoolExec:Update app-ops uidState in case package com.facebook.system changed
07-24 14:10:00.913  2368  2569 I SystemServerTimingAsync: InitThreadPoolExec:Update app-ops uidState in case package com.google.android.tag changed
07-24 14:10:00.913  2368  2524 I SystemServerTimingAsync: InitThreadPoolExec:Update app-ops uidState in case package com.android.sharedstoragebackup changed
07-24 14:10:00.913  2368  2569 I SystemServerTimingAsync: InitThreadPoolExec:Update app-ops uidState in case package com.xiaomi.micloud.sdk changed
07-24 14:10:00.913  2368  2524 I SystemServerTimingAsync: InitThreadPoolExec:Update app-ops uidState in case package com.android.proxyhandler changed
07-24 14:10:00.913  2368  2569 I SystemServerTimingAsync: InitThreadPoolExec:Update app-ops uidState in case package com.android.camera changed
07-24 14:10:00.913  2368  2524 I SystemServerTimingAsync: InitThreadPoolExec:Update app-ops uidState in case package com.miui.audioeffect changed
07-24 14:10:00.913  2368  2569 I SystemServerTimingAsync: InitThreadPoolExec:Update app-ops uidState in case package com.android.vpndialogs changed
07-24 14:10:00.913  2368  2524 I SystemServerTimingAsync: InitThreadPoolExec:Update app-ops uidState in case package com.mi.android.globallauncher changed
07-24 14:10:00.913  2368  2569 I SystemServerTimingAsync: InitThreadPoolExec:Update app-ops uidState in case package com.miui.extraphoto changed
07-24 14:10:00.913  2368  2524 I SystemServerTimingAsync: InitThreadPoolExec:Update app-ops uidState in case package com.miui.yellowpage changed
07-24 14:10:00.913  2368  2569 I SystemServerTimingAsync: InitThreadPoolExec:Update app-ops uidState in case package com.android.managedprovisioning changed
07-24 14:10:00.913  2368  2524 I SystemServerTimingAsync: InitThreadPoolExec:Update app-ops uidState in case package com.miui.player changed
07-24 14:10:00.913  2368  2569 I SystemServerTimingAsync: InitThreadPoolExec:Update app-ops uidState in case package com.miui.gallery changed
07-24 14:10:00.913  2368  2524 I SystemServerTimingAsync: InitThreadPoolExec:Update app-ops uidState in case package com.android.mms changed
07-24 14:10:00.913  2368  2569 I SystemServerTimingAsync: InitThreadPoolExec:Update app-ops uidState in case package com.mi.globalbrowser changed
07-24 14:10:00.913  2368  2524 I SystemServerTimingAsync: InitThreadPoolExec:Update app-ops uidState in case package com.miui.cleaner changed
07-24 14:10:00.913  2368  2569 I SystemServerTimingAsync: InitThreadPoolExec:Update app-ops uidState in case package com.miui.mishare.connectivity changed
07-24 14:10:00.913  2368  2524 I SystemServerTimingAsync: InitThreadPoolExec:Update app-ops uidState in case package com.miui.miservice changed
07-24 14:10:00.913  2368  2569 I SystemServerTimingAsync: InitThreadPoolExec:Update app-ops uidState in case package com.google.android.packageinstaller changed
07-24 14:10:00.913  2368  2524 I SystemServerTimingAsync: InitThreadPoolExec:Update app-ops uidState in case package com.android.externalstorage changed
07-24 14:10:00.913  2368  2569 I SystemServerTimingAsync: InitThreadPoolExec:Update app-ops uidState in case package com.miui.cloudbackup changed
07-24 14:10:00.913  2368  2524 I SystemServerTimingAsync: InitThreadPoolExec:Update app-ops uidState in case package com.android.providers.media changed
07-24 14:10:00.913  2368  2569 I SystemServerTimingAsync: InitThreadPoolExec:Update app-ops uidState in case package com.android.providers.downloads changed
07-24 14:10:00.913  2368  2524 I SystemServerTimingAsync: InitThreadPoolExec:Update app-ops uidState in case package com.android.providers.downloads.ui changed
07-24 14:10:00.913  2368  2569 I SystemServerTimingAsync: InitThreadPoolExec:Update app-ops uidState in case package com.android.mtp changed
07-24 14:10:00.914  2368  2524 I SystemServerTimingAsync: InitThreadPoolExec:Update app-ops uidState in case package com.android.soundpicker changed
07-24 14:10:00.914  2368  2569 I SystemServerTimingAsync: InitThreadPoolExec:Update app-ops uidState in case package com.google.android.documentsui changed
07-24 14:10:00.914  2368  2524 I SystemServerTimingAsync: InitThreadPoolExec:Update app-ops uidState in case package com.wdstechnology.android.kryten changed
07-24 14:10:00.914  2368  2569 I SystemServerTimingAsync: InitThreadPoolExec:Update app-ops uidState in case package com.android.cellbroadcastreceiver changed
07-24 14:10:00.914  2368  2569 I SystemServerTimingAsync: InitThreadPoolExec:Update app-ops uidState in case package com.lbe.security.miui changed
07-24 14:10:00.914  2368  2569 I SystemServerTimingAsync: InitThreadPoolExec:Update app-ops uidState in case package com.android.providers.calendar changed
07-24 14:10:00.914  2368  2569 I SystemServerTimingAsync: InitThreadPoolExec:Update app-ops uidState in case package com.android.bips changed
07-24 14:10:00.914  2368  2569 I SystemServerTimingAsync: InitThreadPoolExec:Update app-ops uidState in case package com.android.calllogbackup changed
07-24 14:10:00.914  2368  2961 W UsageStatsService: Failed to query usage stats for locked user 0
07-24 14:10:00.914  2368  2569 I SystemServerTimingAsync: InitThreadPoolExec:Update app-ops uidState in case package com.android.providers.blockednumber changed
07-24 14:10:00.914  2368  2524 I SystemServerTimingAsync: InitThreadPoolExec:Update app-ops uidState in case package com.android.providers.userdictionary changed
07-24 14:10:00.914  2368  2524 I SystemServerTimingAsync: InitThreadPoolExec:Update app-ops uidState in case package com.android.backupconfirm changed
07-24 14:10:00.914  2368  2524 I SystemServerTimingAsync: InitThreadPoolExec:Update app-ops uidState in case package com.miui.rom changed
07-24 14:10:00.914  2368  2524 I SystemServerTimingAsync: InitThreadPoolExec:Update app-ops uidState in case package com.android.wifi.resources.overlay.target changed
07-24 14:10:00.914  2368  2524 I SystemServerTimingAsync: InitThreadPoolExec:Update app-ops uidState in case package android.overlay.target changed
07-24 14:10:00.914  2368  2524 I SystemServerTimingAsync: InitThreadPoolExec:Update app-ops uidState in case package com.miui.phone.carriers.overlay.vodafone changed
07-24 14:10:00.914  2368  2524 I SystemServerTimingAsync: InitThreadPoolExec:Update app-ops uidState in case package com.android.wifi.resources.overlay.common changed
07-24 14:10:00.914  2368  2524 I SystemServerTimingAsync: InitThreadPoolExec:Update app-ops uidState in case package com.android.phone.overlay.common changed
07-24 14:10:00.914  2368  2709 I SystemServerTimingAsync: InitThreadPoolExec:Update app-ops uidState in case package com.qualcomm.qti.remoteSimlockAuth changed
07-24 14:10:00.914  2368  2569 I SystemServerTimingAsync: InitThreadPoolExec:Update app-ops uidState in case package com.android.providers.contacts changed
07-24 14:10:00.915  2368  2569 I SystemServerTimingAsync: InitThreadPoolExec:Update app-ops uidState in case package com.android.settings.overlay.common changed
07-24 14:10:00.915  2368  2569 I SystemServerTimingAsync: InitThreadPoolExec:Update app-ops uidState in case package com.android.internal.systemui.onehanded.gestural changed
07-24 14:10:00.915  2368  2569 I SystemServerTimingAsync: InitThreadPoolExec:Update app-ops uidState in case package com.android.networkstack.overlay changed
07-24 14:10:00.915  2368  2518 D CompatibilityChangeReporter: Compat change id reported: 135634846; UID 10108; state: DISABLED
07-24 14:10:00.915  2368  2524 I SystemServerTimingAsync: InitThreadPoolExec:Update app-ops uidState in case package com.android.server.telecom.overlay.common changed
07-24 14:10:00.915  2368  2709 I SystemServerTimingAsync: InitThreadPoolExec:Update app-ops uidState in case package com.android.systemui.overlay.common changed
07-24 14:10:00.915  2368  2709 I SystemServerTimingAsync: InitThreadPoolExec:Update app-ops uidState in case package com.android.internal.systemui.navbar.gestural_narrow_back changed
07-24 14:10:00.915  2368  2709 I SystemServerTimingAsync: InitThreadPoolExec:Update app-ops uidState in case package com.android.internal.systemui.navbar.gestural_extra_wide_back changed
07-24 14:10:00.915  2368  2518 D CompatibilityChangeReporter: Compat change id reported: 177438394; UID 10108; state: DISABLED
07-24 14:10:00.915  2368  2709 I SystemServerTimingAsync: InitThreadPoolExec:Update app-ops uidState in case package com.android.internal.systemui.navbar.gestural changed
07-24 14:10:00.915  2368  2709 I SystemServerTimingAsync: InitThreadPoolExec:Update app-ops uidState in case package com.android.internal.systemui.navbar.threebutton changed
07-24 14:10:00.915  2368  2709 I SystemServerTimingAsync: InitThreadPoolExec:Update app-ops uidState in case package com.google.android.overlay.modules.modulemetadata.forframework changed
07-24 14:10:00.915  2368  2709 I SystemServerTimingAsync: InitThreadPoolExec:Update app-ops uidState in case package com.android.systemui.overlay.miui changed
07-24 14:10:00.915  2368  2597 I SystemServerTimingAsync: InitThreadPoolExec:Update app-ops uidState in case package com.google.android.apps.photos changed
07-24 14:10:00.915  2368  2709 I SystemServerTimingAsync: InitThreadPoolExec:Update app-ops uidState in case package com.android.settings.overlay.miui changed
07-24 14:10:00.915  2368  2709 I SystemServerTimingAsync: InitThreadPoolExec:Update app-ops uidState in case package android.miui.poco.launcher.res changed
07-24 14:10:00.915  2368  2597 I SystemServerTimingAsync: InitThreadPoolExec:Update app-ops uidState in case package com.miui.wallpaper.overlay changed
07-24 14:10:00.916  2368  2709 I SystemServerTimingAsync: InitThreadPoolExec:Update app-ops uidState in case package com.miui.miwallpaper.overlay changed
07-24 14:10:00.916  2368  2597 I SystemServerTimingAsync: InitThreadPoolExec:Update app-ops uidState in case package android.miui.overlay changed
07-24 14:10:00.916  2368  2709 I SystemServerTimingAsync: InitThreadPoolExec:Update app-ops uidState in case package com.miui.wallpaper.overlay.customize changed
07-24 14:10:00.916  2368  2597 I SystemServerTimingAsync: InitThreadPoolExec:Update app-ops uidState in case package com.miui.miwallpaper.overlay.customize changed
07-24 14:10:00.916  2368  2709 I SystemServerTimingAsync: InitThreadPoolExec:Update app-ops uidState in case package com.google.android.cellbroadcastservice.overlay.miui changed
07-24 14:10:00.916  2368  2597 I SystemServerTimingAsync: InitThreadPoolExec:Update app-ops uidState in case package com.miui.systemui.carriers.overlay changed
07-24 14:10:00.916  2368  2709 I SystemServerTimingAsync: InitThreadPoolExec:Update app-ops uidState in case package com.google.android.cellbroadcastreceiver.overlay.miui changed
07-24 14:10:00.916  2368  2597 I SystemServerTimingAsync: InitThreadPoolExec:Update app-ops uidState in case package com.miui.face.overlay.miui changed
07-24 14:10:00.917  2368  2518 D CompatibilityChangeReporter: Compat change id reported: 135772972; UID 10108; state: DISABLED
07-24 14:10:00.917  2368  2518 D CompatibilityChangeReporter: Compat change id reported: 135754954; UID 10108; state: ENABLED
07-24 14:10:00.918  2368  2961 W UsageStatsService: Failed to query usage stats for locked user 0
07-24 14:10:00.918  2368  2533 D CompatibilityChangeReporter: Compat change id reported: 143937733; UID 10108; state: ENABLED
07-24 14:10:00.921  2368  2596 I SystemServerTimingAsync: InitThreadPoolExec:Update app-ops uidState in case package org.mipay.android.manager changed
07-24 14:10:00.921  2368  2709 I SystemServerTimingAsync: InitThreadPoolExec:Update app-ops uidState in case package com.android.cellbroadcastreceiver.overlay.common changed
07-24 14:10:00.922  2368  2569 I SystemServerTimingAsync: InitThreadPoolExec:Update app-ops uidState in case package com.android.internal.systemui.navbar.gestural_wide_back changed
07-24 14:10:00.923  2368  2368 I SystemServerTiming: retrieveSettings
07-24 14:10:00.924  2368  2368 I ActivityTaskManager: Config changes=10000100 {1.0 ?mcc?mnc [en_GB] ldltr sw392dp w392dp h791dp 440dpi nrml long port ?pc finger -keyb/v/h -nav/h winConfig={ mBounds=Rect(0, 0 - 1080, 2400) mAppBounds=Rect(0, 94 - 1080, 2270) mMaxBounds=Rect(0, 0 - 1080, 2400) mWindowingMode=fullscreen mDisplayWindowingMode=fullscreen mActivityType=undefined mAlwaysOnTop=undefined mRotation=ROTATION_0 mInSplitScreen=false} s.8 fontWeightAdjustment=0 themeChanged=0 themeChangedFlags=0 extraData = Bundle[{}] dt/?/d}
07-24 14:10:00.925  2368  2368 I WindowManager: Override config changes=10000100 {1.0 ?mcc?mnc [en_GB] ldltr sw392dp w392dp h791dp 440dpi nrml long port ?pc finger -keyb/v/h -nav/h winConfig={ mBounds=Rect(0, 0 - 1080, 2400) mAppBounds=Rect(0, 94 - 1080, 2270) mMaxBounds=Rect(0, 0 - 1080, 2400) mWindowingMode=fullscreen mDisplayWindowingMode=fullscreen mActivityType=undefined mAlwaysOnTop=undefined mRotation=ROTATION_0 mInSplitScreen=false} s.8 fontWeightAdjustment=0 themeChanged=0 themeChangedFlags=0 extraData = Bundle[{}] dt/?/d} for displayId=0
07-24 14:10:00.926  2368  2978 D MiuiFreeFormGestureController: displayConfigurationChange
07-24 14:10:00.926  2368  2978 D MiuiFreeFormGestureController: densitySizeChange
07-24 14:10:00.928  2368  2978 D MiuiFreeFormGesturePointerEventListener: updateScreenParams ori:1 mNotchBar:94 mDisplayRotation:0
07-24 14:10:00.928  2368  2368 I SystemServerTiming: Ugm.onSystemReady
07-24 14:10:00.929  2368  2368 I SystemServerTiming: updateForceBackgroundCheck
07-24 14:10:00.929  2368  2368 I SystemServer: Making services ready
07-24 14:10:00.929  2368  2368 I SystemServerTiming: StartActivityManagerReadyPhase
07-24 14:10:00.929  2368  2368 I SystemServiceManager: Starting phase 550
07-24 14:10:00.929  2368  2368 I SystemServerTiming: OnBootPhase_550
07-24 14:10:00.929  2368  2368 I SystemServerTiming: OnBootPhase_550_com.android.server.security.FileIntegrityService
07-24 14:10:00.929  2368  2368 I SystemServerTiming: OnBootPhase_550_com.android.server.pm.Installer
07-24 14:10:00.929  2368  2368 I SystemServerTiming: OnBootPhase_550_com.android.server.os.DeviceIdentifiersPolicyService
07-24 14:10:00.929  2368  2368 I SystemServerTiming: OnBootPhase_550_com.android.server.uri.UriGrantsManagerService$Lifecycle
07-24 14:10:00.929  2368  2368 I SystemServerTiming: OnBootPhase_550_com.android.server.powerstats.PowerStatsService
07-24 14:10:00.929  2368  2368 I SystemServerTiming: OnBootPhase_550_com.android.server.wm.ActivityTaskManagerService$Lifecycle
07-24 14:10:00.929  2368  2368 I SystemServerTiming: OnBootPhase_550_com.android.server.am.PeriodicCleanerService
07-24 14:10:00.929  2368  2368 I SystemServerTiming: OnBootPhase_550_com.android.server.am.ActivityManagerService$Lifecycle
07-24 14:10:00.929  2368  2368 I SystemServerTiming: OnBootPhase_550_com.android.server.pm.DataLoaderManagerService
07-24 14:10:00.929  2368  2368 I SystemServerTiming: OnBootPhase_550_com.android.server.power.PowerManagerService
07-24 14:10:00.929  2368  2368 I SystemServerTiming: OnBootPhase_550_com.android.server.power.ThermalManagerService
07-24 14:10:00.931  2368  2533 D Boost   : hostingType=content provider, hostingName={com.android.htmlviewer/com.android.settings.cloud.CloudSettingsProvider}, callerPackage=android, isSystem=true, isBoostNeeded=false.
07-24 14:10:00.932  2368  2533 I ActivityManager: Start proc 3310:com.android.htmlviewer:remote/u0a108 for content provider {com.android.htmlviewer/com.android.settings.cloud.CloudSettingsProvider} caller=android
07-24 14:10:00.933  2368  2961 W UsageStatsService: Failed to query usage stats for locked user 0
07-24 14:10:00.933  2368  2368 I ThermalHalWrapper: Thermal HAL 2.0 service connected.
07-24 14:10:00.934  2368  2368 E ThermalHalWrapper: Couldn't get temperatures because of HAL error: ThermalHAL not initialized properly.
07-24 14:10:00.934  2368  2368 W ThermalManagerService: Thermal HAL reported invalid data, abort connection
07-24 14:10:00.935  2368  2368 E ThermalHalWrapper: Couldn't get temperature thresholds because of HAL error: ThermalHAL not initialized properly.
07-24 14:10:00.935  2368  2368 I SystemServerTiming: OnBootPhase_550_com.android.server.power.hint.HintManagerService
07-24 14:10:00.935  2368  2368 I SystemServerTiming: OnBootPhase_550_com.android.server.recoverysystem.RecoverySystemService$Lifecycle
07-24 14:10:00.935  2368  2368 I SystemServerTiming: OnBootPhase_550_com.android.server.lights.MiuiLightsService
07-24 14:10:00.935  2368  2368 I SystemServerTiming: OnBootPhase_550_com.android.server.display.DisplayManagerService
07-24 14:10:00.935  2368  2368 I SystemServerTiming: OnBootPhase_550_com.android.server.pm.verify.domain.DomainVerificationService
07-24 14:10:00.935  2368  2368 I SystemServerTiming: OnBootPhase_550_com.android.server.pm.CloudControlPreinstallService
07-24 14:10:00.935  2368  2368 I SystemServerTiming: OnBootPhase_550_com.android.server.pm.AdvancePreinstallService
07-24 14:10:00.935  2368  2368 I SystemServerTiming: OnBootPhase_550_com.android.server.pm.PackageInstallerService$Lifecycle
07-24 14:10:00.935  2368  2368 I SystemServerTiming: OnBootPhase_550_com.android.server.pm.UserManagerService$LifeCycle
07-24 14:10:00.935  2368  2368 I SystemServerTiming: OnBootPhase_550_com.android.server.om.OverlayManagerService
07-24 14:10:00.935  2368  2368 I SystemServerTiming: OnBootPhase_550_com.android.server.SensorPrivacyService
07-24 14:10:00.935  2368  2368 I SystemServerTiming: OnBootPhase_550_com.android.server.sensors.SensorService
07-24 14:10:00.935  2368  2368 I SystemServerTiming: OnBootPhase_550_com.android.server.SystemConfigService
07-24 14:10:00.935  2368  2368 I SystemServerTiming: OnBootPhase_550_com.android.server.BatteryService
07-24 14:10:00.935  2368  2368 I BatteryService: current mPlugType1current mHealthInfo.batteryLevel100current mHealthInfo.batteryTemperature350
07-24 14:10:00.935  2368  2368 I SystemServerTiming: OnBootPhase_550_com.android.server.usage.UsageStatsService
07-24 14:10:00.935  2368  2368 I SystemServerTiming: OnBootPhase_550_com.android.server.webkit.WebViewUpdateService
07-24 14:10:00.935  2368  2368 I SystemServerTiming: OnBootPhase_550_com.android.server.CachedDeviceStateService
07-24 14:10:00.935  2368  2368 I SystemServerTiming: OnBootPhase_550_com.android.server.BinderCallsStatsService$LifeCycle
07-24 14:10:00.935  2368  2368 I SystemServerTiming: OnBootPhase_550_com.android.server.LooperStatsService$Lifecycle
07-24 14:10:00.935  2368  2368 I SystemServerTiming: OnBootPhase_550_com.android.server.rollback.RollbackManagerService
07-24 14:10:00.935  2368  2368 I SystemServerTiming: OnBootPhase_550_com.android.server.os.NativeTombstoneManagerService
07-24 14:10:00.936  2368  2368 I SystemServerTiming: OnBootPhase_550_com.android.server.os.BugreportManagerService
07-24 14:10:00.936  2368  2368 I SystemServerTiming: OnBootPhase_550_com.android.server.gpu.GpuService
07-24 14:10:00.936  2368  2368 I SystemServerTiming: OnBootPhase_550_com.android.server.security.KeyChainSystemService
07-24 14:10:00.936  2368  2368 I SystemServerTiming: OnBootPhase_550_com.android.server.telecom.TelecomLoaderService
07-24 14:10:00.939  2368  2368 W ActivityManager: Too early to start/bind service in system_server: Phase=550 ComponentInfo{com.android.server.telecom/com.android.server.telecom.components.TelecomService}
07-24 14:10:00.941  2368  2368 D CompatibilityChangeReporter: Compat change id reported: 168419799; UID 1000; state: DISABLED
07-24 14:10:00.941  2368  2368 W ActivityManager: Too early to start/bind service in system_server: Phase=550 ComponentInfo{com.android.server.telecom/com.android.server.telecom.components.TelecomService}
07-24 14:10:00.941  2368  2595 E NativeTombstoneManager: Tombstone's UID (0) not an app, ignoring
07-24 14:10:00.942  2368  2595 I DropBoxManagerService: add tag=SYSTEM_TOMBSTONE_PROTO isTagEnabled=true flags=0x0
07-24 14:10:00.942  2368  2368 I SystemServerTiming: OnBootPhase_550_com.android.server.accounts.AccountManagerService$Lifecycle
07-24 14:10:00.942  2368  2368 I SystemServerTiming: OnBootPhase_550_com.android.server.content.ContentService$Lifecycle
07-24 14:10:00.953  2368  2961 W UsageStatsService: Failed to query usage stats for locked user 0
07-24 14:10:00.955  2368  3011 D CompatibilityChangeReporter: Compat change id reported: 168419799; UID 10108; state: DISABLED
07-24 14:10:00.959  2368  2595 I DropBoxManagerService: add tag=SYSTEM_TOMBSTONE_PROTO isTagEnabled=true flags=0x4
07-24 14:10:00.963  2368  2961 W UsageStatsService: Failed to query usage stats for locked user 0
07-24 14:10:00.964  3310  3310 E MQSEventManagerDelegate: failed to get MQSService.
07-24 14:10:00.964  3310  3310 W MQSEventManagerDelegate: registerApplicationScoutThread getMQSService null
07-24 14:10:00.964  3310  3310 W ActivityThread: registerApplicationScoutThread result:false
07-24 14:10:01.118  3310  3310 I ForceDarkHelperStubImpl: initialize for com.android.htmlviewer , ForceDarkOrigin
07-24 14:10:01.373  2368  2368 W SyncManager: Failure adding authority: auth=cn.wps.mofficeSync.sync.provider enabled=false syncable=1
07-24 14:10:01.373  2368  2368 W SyncManager: Failure adding authority: auth=personal_assistant enabled=false syncable=1
07-24 14:10:01.382  2368  2368 W SystemServiceManager: Service com.android.server.content.ContentService$Lifecycle took 440 ms in onBootPhase
07-24 14:10:01.382  2368  2368 I SystemServerTiming: OnBootPhase_550_com.android.server.DropBoxManagerService
07-24 14:10:01.382  2368  2368 I SystemServerTiming: OnBootPhase_550_com.android.role.RoleService
07-24 14:10:01.382  2368  2368 I SystemServerTiming: OnBootPhase_550_com.android.server.vibrator.VibratorManagerService$Lifecycle
07-24 14:10:01.382  2368  2368 I SystemServerTiming: OnBootPhase_550_com.android.server.alarm.AlarmManagerService
07-24 14:10:01.382  2368  2368 I SystemServerTiming: OnBootPhase_550_com.android.server.devicestate.DeviceStateManagerService
07-24 14:10:01.382  2368  2368 I SystemServerTiming: OnBootPhase_550_com.android.server.camera.CameraServiceProxy
07-24 14:10:01.382  2368  2368 I SystemServerTiming: OnBootPhase_550_com.android.server.BluetoothService
07-24 14:10:01.382  2368  2368 D BluetoothManagerService: Bluetooth boot completed
07-24 14:10:01.382  2368  2368 D BluetoothManagerService: Auto-enabling Bluetooth.
07-24 14:10:01.382  2368  2517 D BluetoothManagerService: MESSAGE_ENABLE(0): mBluetooth = null
07-24 14:10:01.382  2368  2517 D BluetoothManagerService: Enable bt packageName = android
07-24 14:10:01.387  2368  2517 D BluetoothManagerService: MESSAGE_ENABLE: handleEnable
07-24 14:10:01.387  2368  2517 D BluetoothManagerService: binding Bluetooth service
07-24 14:10:01.389  2368  2368 I SystemServerTiming: OnBootPhase_550_com.android.server.connectivity.IpConnectivityMetrics
07-24 14:10:01.389  2368  2368 I SystemServerTiming: OnBootPhase_550_com.android.server.net.watchlist.NetworkWatchlistService$Lifecycle
07-24 14:10:01.390  2368  2961 W UsageStatsService: Failed to query usage stats for locked user 0
07-24 14:10:01.390  2368  2368 I SystemServerTiming: OnBootPhase_550_com.android.server.PinnerService
07-24 14:10:01.390  2368  2368 I SystemServerTiming: OnBootPhase_550_com.google.android.startop.iorap.IorapForwardingService
07-24 14:10:01.390  2368  2368 I SystemServerTiming: OnBootPhase_550_com.android.server.ActivityTriggerService
07-24 14:10:01.390  2368  2368 I SystemServerTiming: OnBootPhase_550_com.android.server.integrity.AppIntegrityManagerService
07-24 14:10:01.390  2368  2368 I SystemServerTiming: OnBootPhase_550_com.android.server.inputmethod.InputMethodManagerService$Lifecycle
07-24 14:10:01.391  2368  2517 D CompatibilityChangeReporter: Compat change id reported: 135634846; UID 1002; state: DISABLED
07-24 14:10:01.391  2368  2517 D CompatibilityChangeReporter: Compat change id reported: 177438394; UID 1002; state: DISABLED
07-24 14:10:01.391  2368  2517 D CompatibilityChangeReporter: Compat change id reported: 135772972; UID 1002; state: DISABLED
07-24 14:10:01.391  2368  2517 D CompatibilityChangeReporter: Compat change id reported: 135754954; UID 1002; state: ENABLED
07-24 14:10:01.391  2368  2961 W UsageStatsService: Failed to query usage stats for locked user 0
07-24 14:10:01.393  2368  2517 D BluetoothManagerService: Binding BT service. Current user: 0
07-24 14:10:01.398  2368  2533 D Boost   : hostingType=service, hostingName={com.android.bluetooth/com.android.bluetooth.btservice.AdapterService}, callerPackage=android, isSystem=true, isBoostNeeded=false.
07-24 14:10:01.398  2368  2533 I Watchdog: Interesting Java process com.android.bluetooth started. Pid 3336
07-24 14:10:01.398  2368  2961 W UsageStatsService: Failed to query usage stats for locked user 0
07-24 14:10:01.398  2368  2533 I ActivityManager: Start proc 3336:com.android.bluetooth/1002 for service {com.android.bluetooth/com.android.bluetooth.btservice.AdapterService} caller=android
07-24 14:10:01.403  2368  2368 I SystemServerTiming: OnBootPhase_550_com.android.server.accessibility.AccessibilityManagerService$Lifecycle
07-24 14:10:01.403  2368  2368 I SystemServerTiming: OnBootPhase_550_com.android.server.StorageManagerService$Lifecycle
07-24 14:10:01.403  2368  2368 I SystemServerTiming: OnBootPhase_550_com.android.server.usage.StorageStatsService$Lifecycle
07-24 14:10:01.403  2368  2368 I SystemServerTiming: OnBootPhase_550_com.android.server.UiModeManagerService
07-24 14:10:01.403  2368  2684 I MountServiceIdlerImpl: sNextTrimDuration :  7200000
07-24 14:10:01.405  2368  2684 I ExtM    : Extm Version 3.0
07-24 14:10:01.406  2368  2684 I ExtM    : Do not get local cloud percent, set as 0%
07-24 14:10:01.406  2368  2684 I ExtM    : ExtMemCloudControl value is 0, thres is 4
07-24 14:10:01.407  2368  2368 D ForceDarkAppConfigProvider: getCloudConfig, force_dark_app_config: {"force_dark_app_config":[{"packageName":"com.amazon.mShop.android.shopping","forceDark":true,"forceDarkViewGlobalConfigList":[{"viewName":"LinearLayout","id":"rs_search_plate","forceDark":true,"backgroundUsage":103},{"viewName":"LinearLayout","id":"chrome_search_edit_frame","forceDark":true,"backgroundUsage":103}]},{"packageName":"in.amazon.mShop.android.shopping","forceDark":true,"forceDarkViewGlobalConfigList":[{"viewName":"LinearLayout","id":"rs_search_plate","forceDark":true,"backgroundUsage":103},{"viewName":"LinearLayout","id":"chrome_search_edit_frame","forceDark":true,"backgroundUsage":103}]}]}
07-24 14:10:01.409  2368  2368 D ForceDarkAppConfigProvider: cloudConfigVersion: -1   localConfigVersion:-1
07-24 14:10:01.409  2368  2368 I ForceDarkHelperStubImpl: onForceDarkConfigChanged
07-24 14:10:01.411  2368  2368 D ForceDarkAppConfigProvider: cloudConfigVersion: -1   localConfigVersion:-1
07-24 14:10:01.411  2368  2368 I UiModeManager: systemserver package:android configLength:144
07-24 14:10:01.411  2368  2368 I ForceDarkHelperStubImpl: initialize for android , ForceDarkAppConfig: ForceDarkAppConfig{forceDark=true, mainRule=0, secondaryRule=0, tertiaryRule=0, versionCode=0, versionName='null', forceDarkActivityConfigList=[], forceDarkViewGlobalConfigList=[]}
07-24 14:10:01.416  2368  2368 I DarkModeSuggestProvider: uploadCloudDataForDisableRegion: CloudList: []
07-24 14:10:01.416  2368  2368 I SystemServerTiming: OnBootPhase_550_com.android.server.locksettings.LockSettingsService$Lifecycle
07-24 14:10:01.420  2368  2961 W UsageStatsService: Failed to query usage stats for locked user 0
07-24 14:10:01.422  2368  3011 D CompatibilityChangeReporter: Compat change id reported: 168419799; UID 1002; state: DISABLED
07-24 14:10:01.425  2368  2961 W UsageStatsService: Failed to query usage stats for locked user 0
07-24 14:10:01.426  3336  3336 E MQSEventManagerDelegate: failed to get MQSService.
07-24 14:10:01.426  3336  3336 W MQSEventManagerDelegate: registerApplicationScoutThread getMQSService null
07-24 14:10:01.426  3336  3336 W ActivityThread: registerApplicationScoutThread result:false
07-24 14:10:01.450  2368  2368 I RebootEscrowManager: No reboot escrow data found for users, skipping loading escrow data
07-24 14:10:01.451  2368  2368 I SystemServerTiming: OnBootPhase_550_com.android.server.PersistentDataBlockService
07-24 14:10:01.451  2368  2368 I SystemServerTiming: OnBootPhase_550_com.android.server.testharness.TestHarnessModeService
07-24 14:10:01.451  2368  2368 I SystemServerTiming: OnBootPhase_550_com.android.server.oemlock.OemLockService
07-24 14:10:01.451  2368  2368 I SystemServerTiming: OnBootPhase_550_com.android.server.DeviceIdleController
07-24 14:10:01.451  2368  2368 I SystemServerTiming: OnBootPhase_550_com.android.server.devicepolicy.DevicePolicyManagerService$Lifecycle
07-24 14:10:01.451  2368  2368 I SystemServerTiming: OnBootPhase_550_com.android.server.texttospeech.TextToSpeechManagerService
07-24 14:10:01.451  2368  2368 I SystemServerTiming: OnBootPhase_550_com.android.server.speech.SpeechRecognitionManagerService
07-24 14:10:01.451  2368  2368 I SystemServerTiming: OnBootPhase_550_com.android.server.searchui.SearchUiManagerService
07-24 14:10:01.451  2368  2368 I SystemServerTiming: OnBootPhase_550_com.android.server.smartspace.SmartspaceManagerService
07-24 14:10:01.451  2368  2368 I SystemServerTiming: OnBootPhase_550_com.android.server.graphics.fonts.FontManagerService$Lifecycle
07-24 14:10:01.451  2368  2368 I SystemServerTiming: OnBootPhase_550_com.android.server.textservices.TextServicesManagerService$Lifecycle
07-24 14:10:01.451  2368  2368 I SystemServerTiming: OnBootPhase_550_com.android.server.textclassifier.TextClassificationManagerService$Lifecycle
07-24 14:10:01.451  2368  2368 I SystemServerTiming: OnBootPhase_550_com.android.server.NetworkScoreService$Lifecycle
07-24 14:10:01.451  2368  2368 I SystemServerTiming: OnBootPhase_550_com.android.server.wifi.WifiService
07-24 14:10:01.451  2368  2368 I SystemServerTiming: OnBootPhase_550_com.android.server.wifi.scanner.WifiScanningService
07-24 14:10:01.451  2368  2368 I SystemServerTiming: OnBootPhase_550_com.android.server.wifi.p2p.WifiP2pService
07-24 14:10:01.451  2368  2368 I SystemServerTiming: OnBootPhase_550_com.android.server.ethernet.EthernetService
07-24 14:10:01.451  2368  2368 I SystemServerTiming: OnBootPhase_550_com.android.server.ConnectivityServiceInitializer
07-24 14:10:01.451  2368  2368 I SystemServerTiming: OnBootPhase_550_com.android.server.notification.NotificationManagerService
07-24 14:10:01.451  2368  2368 I SystemServerTiming: OnBootPhase_550_com.android.server.storage.DeviceStorageMonitorService
07-24 14:10:01.451  2368  2368 I SystemServerTiming: OnBootPhase_550_com.android.server.location.LocationManagerService$Lifecycle
07-24 14:10:01.451  2368  2368 I SystemServerTiming: OnBootPhase_550_com.android.server.timedetector.TimeDetectorService$Lifecycle
07-24 14:10:01.451  2368  2368 I SystemServerTiming: OnBootPhase_550_com.android.server.timezonedetector.TimeZoneDetectorService$Lifecycle
07-24 14:10:01.451  2368  2368 I SystemServerTiming: OnBootPhase_550_com.android.server.timezonedetector.location.LocationTimeZoneManagerService$Lifecycle
07-24 14:10:01.451  2368  2368 I SystemServerTiming: OnBootPhase_550_com.android.server.search.SearchManagerService$Lifecycle
07-24 14:10:01.451  2368  2368 I SystemServerTiming: OnBootPhase_550_com.android.server.wallpaper.WallpaperManagerService$Lifecycle
07-24 14:10:01.472  2368  2961 W UsageStatsService: Failed to query usage stats for locked user 0
07-24 14:10:01.473  2368  2368 D CompatibilityChangeReporter: Compat change id reported: 135634846; UID 10122; state: DISABLED
07-24 14:10:01.473  2368  2368 D CompatibilityChangeReporter: Compat change id reported: 177438394; UID 10122; state: DISABLED
07-24 14:10:01.473  2368  2368 D CompatibilityChangeReporter: Compat change id reported: 135772972; UID 10122; state: DISABLED
07-24 14:10:01.473  2368  2368 D CompatibilityChangeReporter: Compat change id reported: 135754954; UID 10122; state: ENABLED
07-24 14:10:01.474  2368  2961 W UsageStatsService: Failed to query usage stats for locked user 0
07-24 14:10:01.474  2368  2533 D CompatibilityChangeReporter: Compat change id reported: 143937733; UID 10122; state: ENABLED
07-24 14:10:01.478  2368  2368 I SystemServerTiming: OnBootPhase_550_com.android.server.audio.AudioService$Lifecycle
07-24 14:10:01.479  2368  2368 I SystemServerTiming: OnBootPhase_550_com.android.server.soundtrigger_middleware.SoundTriggerMiddlewareService$Lifecycle
07-24 14:10:01.479  2368  2368 I SystemServerTiming: OnBootPhase_550_com.android.server.DockObserver
07-24 14:10:01.479  2368  2368 I SystemServerTiming: OnBootPhase_550_com.android.server.midi.MidiService$Lifecycle
07-24 14:10:01.479  2368  2368 I SystemServerTiming: OnBootPhase_550_com.android.server.adb.AdbService$Lifecycle
07-24 14:10:01.479  2368  2533 D Boost   : hostingType=service, hostingName={com.miui.miwallpaper/com.miui.miwallpaper.wallpaperservice.ImageWallpaper}, callerPackage=android, isSystem=true, isBoostNeeded=false.
07-24 14:10:01.479  2368  2368 I SystemServerTiming: OnBootPhase_550_com.android.server.usb.UsbService$Lifecycle
07-24 14:10:01.479  2368  2368 I SystemServerTiming: OnBootPhase_550_com.android.server.twilight.TwilightService
07-24 14:10:01.479  2368  2368 I SystemServerTiming: OnBootPhase_550_com.android.server.display.color.ColorDisplayService
07-24 14:10:01.479  2368  2695 I SystemServerTimingAsync: InitThreadPoolExec:UsbService$Lifecycle#onBootPhase
07-24 14:10:01.479  2368  2368 I SystemServerTiming: OnBootPhase_550_com.android.server.job.JobSchedulerService
07-24 14:10:01.479  2368  2368 I SystemServerTiming: OnBootPhase_550_com.android.server.soundtrigger.SoundTriggerService
07-24 14:10:01.479  2368  2368 D SoundTriggerService: onBootPhase: 550 : false
07-24 14:10:01.479  2368  2368 I SystemServerTiming: OnBootPhase_550_com.android.server.trust.TrustManagerService
07-24 14:10:01.479  2368  2368 I SystemServerTiming: OnBootPhase_550_com.miui.server.MiuiInitServer$Lifecycle
07-24 14:10:01.479  2368  2368 I SystemServerTiming: OnBootPhase_550_com.miui.server.BackupManagerService$Lifecycle
07-24 14:10:01.480  2368  2368 I SystemServerTiming: OnBootPhase_550_com.miui.server.stepcounter.StepCounterManagerService
07-24 14:10:01.480  2368  2368 I SystemServerTiming: OnBootPhase_550_com.miui.server.car.MiuiCarService$Lifecycle
07-24 14:10:01.480  2368  2884 W BluetoothManagerService: bindBluetoothProfileService:Trying to bind to profile: 1, while Bluetooth is disabled
07-24 14:10:01.480  2368  2961 W UsageStatsService: Failed to query usage stats for locked user 0
07-24 14:10:01.480  2368  2533 I ActivityManager: Start proc 3350:com.miui.miwallpaper/u0a122 for service {com.miui.miwallpaper/com.miui.miwallpaper.wallpaperservice.ImageWallpaper} caller=android
07-24 14:10:01.481  2368  2368 I SystemServerTiming: OnBootPhase_550_com.android.server.pc.MiuiPcService
07-24 14:10:01.481  2368  2368 I SystemServerTiming: OnBootPhase_550_com.android.server.display.ScreenEffectService
07-24 14:10:01.481  2368  2368 I SystemServerTiming: OnBootPhase_550_com.android.server.backup.BackupManagerService$Lifecycle
07-24 14:10:01.481  2368  2368 I SystemServerTiming: OnBootPhase_550_com.android.server.appwidget.AppWidgetService
07-24 14:10:01.481  2368  2368 I SystemServerTiming: OnBootPhase_550_com.android.server.voiceinteraction.VoiceInteractionManagerService
