10-10 06:04:49.353  2042  2074 D ActivityManager: checkAllowBackground: uid=1000 pkg=android rec=UidRecord{b77cac0 1000 PER  fgServices allowlist change:procadj procs:0 seq(1008829,448524)} caps=LCMNFU always=false idle=false
10-10 06:04:49.353  2042  2074 D ActivityManager: checkAllowBackground: uid=1000 pkg=android rec=UidRecord{b77cac0 1000 PER  fgServices allowlist change:procadj procs:0 seq(1008829,448524)} caps=LCMNFU always=false idle=false
10-10 06:04:49.353  2042  2074 D ActivityManager: checkAllowBackground: uid=1000 pkg=android rec=UidRecord{b77cac0 1000 PER  fgServices allowlist change:procadj procs:0 seq(1008829,448524)} caps=LCMNFU always=false idle=false
10-10 06:04:49.353  2042  2074 D ActivityManager: checkAllowBackground: uid=1000 pkg=android rec=UidRecord{b77cac0 1000 PER  fgServices allowlist change:procadj procs:0 seq(1008829,448524)} caps=LCMNFU always=false idle=false
10-10 06:04:49.354  2042  2074 D ActivityManager: checkAllowBackground: uid=1000 pkg=android rec=UidRecord{b77cac0 1000 PER  fgServices allowlist change:procadj procs:0 seq(1008829,448524)} caps=LCMNFU always=false idle=false
10-10 06:04:49.354  2042  2074 D ActivityManager: checkAllowBackground: uid=1000 pkg=android rec=UidRecord{b77cac0 1000 PER  fgServices allowlist change:procadj procs:0 seq(1008829,448524)} caps=LCMNFU always=false idle=false
10-10 06:04:49.354  2042  2074 D ActivityManager: checkAllowBackground: uid=1000 pkg=android rec=UidRecord{b77cac0 1000 PER  fgServices allowlist change:procadj procs:0 seq(1008829,448524)} caps=LCMNFU always=false idle=false
10-10 06:04:49.354  2042  2074 D ActivityManager: checkAllowBackground: uid=1000 pkg=android rec=UidRecord{b77cac0 1000 PER  fgServices allowlist change:procadj procs:0 seq(1008829,448524)} caps=LCMNFU always=false idle=false
10-10 06:04:49.355  2042  2074 D ActivityManager: checkAllowBackground: uid=1000 pkg=android rec=UidRecord{b77cac0 1000 PER  fgServices allowlist change:procadj procs:0 seq(1008829,448524)} caps=LCMNFU always=false idle=false
10-10 06:04:49.355  2042  2074 D ActivityManager: checkAllowBackground: uid=1000 pkg=android rec=UidRecord{b77cac0 1000 PER  fgServices allowlist change:procadj procs:0 seq(1008829,448524)} caps=LCMNFU always=false idle=false
10-10 06:04:49.355  2042  2074 D ActivityManager: checkAllowBackground: uid=1000 pkg=android rec=UidRecord{b77cac0 1000 PER  fgServices allowlist change:procadj procs:0 seq(1008829,448524)} caps=LCMNFU always=false idle=false
10-10 06:04:49.356  2042  2074 D ActivityManager: checkAllowBackground: uid=1000 pkg=android rec=UidRecord{b77cac0 1000 PER  fgServices allowlist change:procadj procs:0 seq(1008829,448524)} caps=LCMNFU always=false idle=false
10-10 06:04:49.356  2042  2074 D ActivityManager: checkAllowBackground: uid=1000 pkg=android rec=UidRecord{b77cac0 1000 PER  fgServices allowlist change:procadj procs:0 seq(1008829,448524)} caps=LCMNFU always=false idle=false
10-10 06:04:49.356  2042  2074 D ActivityManager: checkAllowBackground: uid=1000 pkg=android rec=UidRecord{b77cac0 1000 PER  fgServices allowlist change:procadj procs:0 seq(1008829,448524)} caps=LCMNFU always=false idle=false
10-10 06:04:49.357  2042  2074 D ActivityManager: checkAllowBackground: uid=1000 pkg=android rec=UidRecord{b77cac0 1000 PER  fgServices allowlist change:procadj procs:0 seq(1008829,448524)} caps=LCMNFU always=false idle=false
10-10 06:04:49.357  2042  2074 D ActivityManager: checkAllowBackground: uid=1000 pkg=android rec=UidRecord{b77cac0 1000 PER  fgServices allowlist change:procadj procs:0 seq(1008829,448524)} caps=LCMNFU always=false idle=false
10-10 06:04:49.357  2042  2074 D ActivityManager: checkAllowBackground: uid=1000 pkg=android rec=UidRecord{b77cac0 1000 PER  fgServices allowlist change:procadj procs:0 seq(1008829,448524)} caps=LCMNFU always=false idle=false
10-10 06:04:49.358  2042  2074 D ActivityManager: checkAllowBackground: uid=1000 pkg=android rec=UidRecord{b77cac0 1000 PER  fgServices allowlist change:procadj procs:0 seq(1008829,448524)} caps=LCMNFU always=false idle=false
10-10 06:04:49.358  2042  2074 D ActivityManager: checkAllowBackground: uid=1000 pkg=android rec=UidRecord{b77cac0 1000 PER  fgServices allowlist change:procadj procs:0 seq(1008829,448524)} caps=LCMNFU always=false idle=false
10-10 06:04:49.358  2042  2074 D ActivityManager: checkAllowBackground: uid=1000 pkg=android rec=UidRecord{b77cac0 1000 PER  fgServices allowlist change:procadj procs:0 seq(1008829,448524)} caps=LCMNFU always=false idle=false
10-10 06:04:49.359  2042  2074 D ActivityManager: checkAllowBackground: uid=1000 pkg=android rec=UidRecord{b77cac0 1000 PER  fgServices allowlist change:procadj procs:0 seq(1008829,448524)} caps=LCMNFU always=false idle=false
10-10 06:04:49.359  2042  2074 D ActivityManager: checkAllowBackground: uid=1000 pkg=android rec=UidRecord{b77cac0 1000 PER  fgServices allowlist change:procadj procs:0 seq(1008829,448524)} caps=LCMNFU always=false idle=false
10-10 06:04:49.360  2042  2074 D ActivityManager: checkAllowBackground: uid=1000 pkg=android rec=UidRecord{b77cac0 1000 PER  fgServices allowlist change:procadj procs:0 seq(1008829,448524)} caps=LCMNFU always=false idle=false
10-10 06:04:49.360  2042  2074 D ActivityManager: checkAllowBackground: uid=1000 pkg=android rec=UidRecord{b77cac0 1000 PER  fgServices allowlist change:procadj procs:0 seq(1008829,448524)} caps=LCMNFU always=false idle=false
10-10 06:04:49.360  2042  2074 D ActivityManager: checkAllowBackground: uid=1000 pkg=android rec=UidRecord{b77cac0 1000 PER  fgServices allowlist change:procadj procs:0 seq(1008829,448524)} caps=LCMNFU always=false idle=false
10-10 06:04:49.361  2042  2074 D ActivityManager: checkAllowBackground: uid=1000 pkg=android rec=UidRecord{b77cac0 1000 PER  fgServices allowlist change:procadj procs:0 seq(1008829,448524)} caps=LCMNFU always=false idle=false
10-10 06:04:49.361  2042  2074 D ActivityManager: checkAllowBackground: uid=1000 pkg=android rec=UidRecord{b77cac0 1000 PER  fgServices allowlist change:procadj procs:0 seq(1008829,448524)} caps=LCMNFU always=false idle=false
10-10 06:04:49.361  2042  2074 D ActivityManager: checkAllowBackground: uid=1000 pkg=android rec=UidRecord{b77cac0 1000 PER  fgServices allowlist change:procadj procs:0 seq(1008829,448524)} caps=LCMNFU always=false idle=false
10-10 06:04:49.362  2042  2074 D ActivityManager: checkAllowBackground: uid=1000 pkg=android rec=UidRecord{b77cac0 1000 PER  fgServices allowlist change:procadj procs:0 seq(1008829,448524)} caps=LCMNFU always=false idle=false
10-10 06:04:49.362  2042  2074 D ActivityManager: checkAllowBackground: uid=1000 pkg=android rec=UidRecord{b77cac0 1000 PER  fgServices allowlist change:procadj procs:0 seq(1008829,448524)} caps=LCMNFU always=false idle=false
10-10 06:04:49.362  2042  2074 D ActivityManager: checkAllowBackground: uid=1000 pkg=android rec=UidRecord{b77cac0 1000 PER  fgServices allowlist change:procadj procs:0 seq(1008829,448524)} caps=LCMNFU always=false idle=false
10-10 06:04:49.363  2042  2074 D ActivityManager: checkAllowBackground: uid=1000 pkg=android rec=UidRecord{b77cac0 1000 PER  fgServices allowlist change:procadj procs:0 seq(1008829,448524)} caps=LCMNFU always=false idle=false
10-10 06:04:49.363  2042  2074 D ActivityManager: checkAllowBackground: uid=1000 pkg=android rec=UidRecord{b77cac0 1000 PER  fgServices allowlist change:procadj procs:0 seq(1008829,448524)} caps=LCMNFU always=false idle=false
10-10 06:04:49.364  2042  2074 D ActivityManager: checkAllowBackground: uid=1000 pkg=android rec=UidRecord{b77cac0 1000 PER  fgServices allowlist change:procadj procs:0 seq(1008829,448524)} caps=LCMNFU always=false idle=false
10-10 06:04:49.364  2042  2074 D ActivityManager: checkAllowBackground: uid=1000 pkg=android rec=UidRecord{b77cac0 1000 PER  fgServices allowlist change:procadj procs:0 seq(1008829,448524)} caps=LCMNFU always=false idle=false
10-10 06:04:49.364  2042  2074 D ActivityManager: checkAllowBackground: uid=1000 pkg=android rec=UidRecord{b77cac0 1000 PER  fgServices allowlist change:procadj procs:0 seq(1008829,448524)} caps=LCMNFU always=false idle=false
10-10 06:04:49.365  2042  2074 D ActivityManager: checkAllowBackground: uid=1000 pkg=android rec=UidRecord{b77cac0 1000 PER  fgServices allowlist change:procadj procs:0 seq(1008829,448524)} caps=LCMNFU always=false idle=false
10-10 06:04:49.365  2042  2074 D ActivityManager: checkAllowBackground: uid=1000 pkg=android rec=UidRecord{b77cac0 1000 PER  fgServices allowlist change:procadj procs:0 seq(1008829,448524)} caps=LCMNFU always=false idle=false
10-10 06:04:49.366  2042  2074 D ActivityManager: checkAllowBackground: uid=1000 pkg=android rec=UidRecord{b77cac0 1000 PER  fgServices allowlist change:procadj procs:0 seq(1008829,448524)} caps=LCMNFU always=false idle=false
10-10 06:04:49.366  2042  2074 D ActivityManager: checkAllowBackground: uid=1000 pkg=android rec=UidRecord{b77cac0 1000 PER  fgServices allowlist change:procadj procs:0 seq(1008829,448524)} caps=LCMNFU always=false idle=false
10-10 06:04:49.366  2042  2074 D ActivityManager: checkAllowBackground: uid=1000 pkg=android rec=UidRecord{b77cac0 1000 PER  fgServices allowlist change:procadj procs:0 seq(1008829,448524)} caps=LCMNFU always=false idle=false
10-10 06:04:49.367  2042  2074 D ActivityManager: checkAllowBackground: uid=1000 pkg=android rec=UidRecord{b77cac0 1000 PER  fgServices allowlist change:procadj procs:0 seq(1008829,448524)} caps=LCMNFU always=false idle=false
10-10 06:04:49.367  2042  2074 D ActivityManager: checkAllowBackground: uid=1000 pkg=android rec=UidRecord{b77cac0 1000 PER  fgServices allowlist change:procadj procs:0 seq(1008829,448524)} caps=LCMNFU always=false idle=false
10-10 06:04:49.368  2042  2074 D ActivityManager: checkAllowBackground: uid=1000 pkg=android rec=UidRecord{b77cac0 1000 PER  fgServices allowlist change:procadj procs:0 seq(1008829,448524)} caps=LCMNFU always=false idle=false
10-10 06:04:49.368  2042  2074 D ActivityManager: checkAllowBackground: uid=1000 pkg=android rec=UidRecord{b77cac0 1000 PER  fgServices allowlist change:procadj procs:0 seq(1008829,448524)} caps=LCMNFU always=false idle=false
10-10 06:04:49.368  2042  2074 D ActivityManager: checkAllowBackground: uid=1000 pkg=android rec=UidRecord{b77cac0 1000 PER  fgServices allowlist change:procadj procs:0 seq(1008829,448524)} caps=LCMNFU always=false idle=false
10-10 06:04:49.369  2042  2074 D ActivityManager: checkAllowBackground: uid=1000 pkg=android rec=UidRecord{b77cac0 1000 PER  fgServices allowlist change:procadj procs:0 seq(1008829,448524)} caps=LCMNFU always=false idle=false
10-10 06:04:49.369  2042  2074 D ActivityManager: checkAllowBackground: uid=1000 pkg=android rec=UidRecord{b77cac0 1000 PER  fgServices allowlist change:procadj procs:0 seq(1008829,448524)} caps=LCMNFU always=false idle=false
10-10 06:04:49.369  2042  2074 D ActivityManager: checkAllowBackground: uid=1000 pkg=android rec=UidRecord{b77cac0 1000 PER  fgServices allowlist change:procadj procs:0 seq(1008829,448524)} caps=LCMNFU always=false idle=false
10-10 06:04:49.370  2042  2074 D ActivityManager: checkAllowBackground: uid=1000 pkg=android rec=UidRecord{b77cac0 1000 PER  fgServices allowlist change:procadj procs:0 seq(1008829,448524)} caps=LCMNFU always=false idle=false
10-10 06:04:49.370  2042  2074 D ActivityManager: checkAllowBackground: uid=1000 pkg=android rec=UidRecord{b77cac0 1000 PER  fgServices allowlist change:procadj procs:0 seq(1008829,448524)} caps=LCMNFU always=false idle=false
10-10 06:04:49.370  2042  2074 D ActivityManager: checkAllowBackground: uid=1000 pkg=android rec=UidRecord{b77cac0 1000 PER  fgServices allowlist change:procadj procs:0 seq(1008829,448524)} caps=LCMNFU always=false idle=false
10-10 06:04:49.371  2042  2074 D ActivityManager: checkAllowBackground: uid=1000 pkg=android rec=UidRecord{b77cac0 1000 PER  fgServices allowlist change:procadj procs:0 seq(1008829,448524)} caps=LCMNFU always=false idle=false
10-10 06:04:49.371  2042  2074 D ActivityManager: checkAllowBackground: uid=1000 pkg=android rec=UidRecord{b77cac0 1000 PER  fgServices allowlist change:procadj procs:0 seq(1008829,448524)} caps=LCMNFU always=false idle=false
10-10 06:04:49.372  2042  2074 D ActivityManager: checkAllowBackground: uid=1000 pkg=android rec=UidRecord{b77cac0 1000 PER  fgServices allowlist change:procadj procs:0 seq(1008829,448524)} caps=LCMNFU always=false idle=false
10-10 06:04:49.372  2042  2074 D ActivityManager: checkAllowBackground: uid=1000 pkg=android rec=UidRecord{b77cac0 1000 PER  fgServices allowlist change:procadj procs:0 seq(1008829,448524)} caps=LCMNFU always=false idle=false
10-10 06:04:49.373  2042  2042 D AlarmManager: mBroadcastRefCount -> 0
10-10 06:04:49.373  2042  2042 D AlarmManager: mPendingIntent -> PendingIntent{5dbff49: PendingIntentRecord{7ec6dae com.xiaomi.xmsf broadcastIntent}}
10-10 06:04:56.495  4304  4304 D ArtChoreographerMonitor: invoke error.
10-10 06:04:56.604  2042  2787 I SmartPower: com.xiaomi.discover/10121(23492): idle->background(2351ms) R(broadcast start Intent { act=android.intent.action.BATTERY_CHANGED flg=0x60000010 (has extras) }) adj=905.
10-10 06:04:56.604  2042  2787 I SmartPower: com.miui.android.fashiongallery/10228(32611): idle->background(2351ms) R(broadcast start Intent { act=android.intent.action.BATTERY_CHANGED flg=0x60000010 (has extras) }) adj=905.
10-10 06:04:56.605  2042  2787 I SmartPower: com.facebook.appmanager/10138(27658): idle->background(2351ms) R(broadcast start Intent { act=android.intent.action.BATTERY_CHANGED flg=0x60000010 (has extras) }) adj=905.
10-10 06:04:56.605  2042  2787 I SmartPower: com.facebook.katana/10243(13231): idle->background(2350ms) R(broadcast start Intent { act=android.intent.action.BATTERY_CHANGED flg=0x60000010 (has extras) }) adj=905.
10-10 06:04:56.606  2042  2787 I SmartPower: com.google.android.apps.tachyon/10226(15532): idle->background(2347ms) R(broadcast start Intent { act=android.intent.action.BATTERY_CHANGED flg=0x60000010 (has extras) }) adj=955.
10-10 06:04:56.607  2042  2787 I SmartPower: com.google.android.apps.magazines/10234(19722): idle->background(2346ms) R(broadcast start Intent { act=android.intent.action.BATTERY_CHANGED flg=0x60000010 (has extras) }) adj=905.
10-10 06:04:56.607  2042  2787 I SmartPower: com.android.chrome/10172(25786): idle->background(2347ms) R(broadcast start Intent { act=android.intent.action.BATTERY_CHANGED flg=0x60000010 (has extras) }) adj=900.
10-10 06:04:56.608  2042  2787 I SmartPower: com.google.android.youtube/10189(23130): idle->background(2346ms) R(broadcast start Intent { act=android.intent.action.BATTERY_CHANGED flg=0x60000010 (has extras) }) adj=915.
10-10 06:07:35.726  2042  2074 D ActivityManager: checkAllowBackground: uid=1000 pkg=android rec=UidRecord{b77cac0 1000 PER  fgServices allowlist change:procadj procs:0 seq(1008829,448524)} caps=LCMNFU always=false idle=false
10-10 06:07:35.732  2042  3123 D ActivityManager: checkAllowBackground: uid=1000 pkg=com.miui.powerkeeper rec=UidRecord{b77cac0 1000 PER  fgServices allowlist change:procadj procs:0 seq(1008829,448524)} caps=LCMNFU always=false idle=false
10-10 06:07:35.733  2042  2074 D ActivityManager: checkAllowBackground: uid=1000 pkg=android rec=UidRecord{b77cac0 1000 PER  fgServices allowlist change:procadj procs:0 seq(1008829,448524)} caps=LCMNFU always=false idle=false
10-10 06:08:46.391  2042  6997 D ActivityManager: checkAllowBackground: uid=10163 pkg=com.google.android.gms rec=UidRecord{3efeecd u0a163 FGS  change:procadj procs:0 seq(1008836,425084)} caps=LCMNFU always=false idle=false
10-10 06:08:46.392  2042  6997 D ActivityManager: checkAllowBackground: uid=10163 pkg=com.google.android.gms rec=UidRecord{3efeecd u0a163 FGS  change:procadj procs:0 seq(1008836,425084)} caps=LCMNFU always=false idle=false
10-10 06:14:49.317  2042  2042 D UiModeManager: updateConfigurationLocked: mDockState=0; mCarMode=false; mCar=false; mPowerSave=false; mOverrideNightModeOn=false; mOverrideNightModeOff=false; mComputedNightMode=false; mNightMode=1; uiMode=17
10-10 06:14:49.318  2042  3123 D ActivityManager: checkAllowBackground: uid=1000 pkg=android rec=UidRecord{b77cac0 1000 PER  fgServices allowlist change:procadj procs:0 seq(1008829,448524)} caps=LCMNFU always=false idle=false
10-10 06:14:49.319  2042  3123 D AlarmManager: mBroadcastRefCount -> 1
10-10 06:14:49.320  2042  3123 D AlarmManager: mBroadcastRefCount -> 2
10-10 06:14:49.321  2042  3123 D AlarmManager: mBroadcastRefCount -> 3
10-10 06:14:49.323  4304  4304 D ArtChoreographerMonitor: invoke error.
10-10 06:14:49.323  2042  3123 D AlarmManager: mBroadcastRefCount -> 4
10-10 06:14:49.324  2042  3123 W ProcessStats: Tracking association SourceState{8c235c4 com.miui.securitycenter.remote/1000 Fgs #139679} whose proc state 3 is better than process ProcessState{fde9e0a com.miui.powerkeeper/1000 pkg=com.miui.powerkeeper} proc state 4 (238 skipped)
10-10 06:14:49.324  2042  3123 D AlarmManager: mBroadcastRefCount -> 5
10-10 06:14:49.325  2042  2042 D AlarmManager: mBroadcastRefCount -> 4
10-10 06:14:49.325  2042  2042 D AlarmManager: mPendingIntent -> null
10-10 06:14:49.325  2042  4541 D ActivityManager: checkAllowBackground: uid=1073 pkg=com.google.android.networkstack rec=UidRecord{10afb8f 1073 PER  change:procadj procs:0 seq(1008804,34)} caps=LCMNFU always=false idle=false
10-10 06:14:49.326  2042  2042 D AlarmManager: mBroadcastRefCount -> 3
10-10 06:14:49.326  2042  2042 D AlarmManager: mPendingIntent -> null
10-10 06:14:49.326  2042  2042 D AlarmManager: mBroadcastRefCount -> 2
10-10 06:14:49.326  2042  2042 D AlarmManager: mPendingIntent -> PendingIntent{7ba0a5f: PendingIntentRecord{dd98cac com.miui.powerkeeper startService}}
10-10 06:14:49.327  2042  4541 D AlarmManager: mBroadcastRefCount -> 1
10-10 06:14:49.327  2042  4541 D AlarmManager: mPendingIntent -> null
10-10 06:14:49.328  2042  2074 D ActivityManager: checkAllowBackground: uid=1000 pkg=android rec=UidRecord{b77cac0 1000 PER  fgServices allowlist change:procadj procs:0 seq(1008842,448524)} caps=LCMNFU always=false idle=false
10-10 06:14:49.334  2042  6997 D ActivityManager: checkAllowBackground: uid=10137 pkg=com.xiaomi.xmsf rec=UidRecord{59b2293 u0a137 IMPF change:procadj procs:0 seq(1008852,280958)} caps=------ always=false idle=false
10-10 06:14:49.337  2042  2042 D AlarmManager: mBroadcastRefCount -> 0
10-10 06:14:49.337  2042  2042 D AlarmManager: mPendingIntent -> PendingIntent{75c4705: PendingIntentRecord{7ec6dae com.xiaomi.xmsf broadcastIntent}}
10-10 06:16:02.394  4304  4304 D ArtChoreographerMonitor: invoke error.
10-10 06:19:31.207  2042  3123 D ActivityManager: checkAllowBackground: uid=1000 pkg=android rec=UidRecord{b77cac0 1000 PER  fgServices allowlist change:procadj procs:0 seq(1008849,448524)} caps=LCMNFU always=false idle=false
10-10 06:19:31.207  2042  3123 D ActivityManager: checkAllowBackground: uid=1000 pkg=android rec=UidRecord{b77cac0 1000 PER  fgServices allowlist change:procadj procs:0 seq(1008849,448524)} caps=LCMNFU always=false idle=false
10-10 06:19:31.207  2042  3123 D ActivityManager: checkAllowBackground: uid=1000 pkg=com.miui.powerkeeper rec=UidRecord{b77cac0 1000 PER  fgServices allowlist change:procadj procs:0 seq(1008849,448524)} caps=LCMNFU always=false idle=false
10-10 06:19:31.208  2042  3123 D ActivityManager: checkAllowBackground: uid=1000 pkg=com.miui.misightservice rec=UidRecord{b77cac0 1000 PER  fgServices allowlist change:procadj procs:0 seq(1008849,448524)} caps=LCMNFU always=false idle=false
10-10 06:24:49.312  2042  2042 D UiModeManager: updateConfigurationLocked: mDockState=0; mCarMode=false; mCar=false; mPowerSave=false; mOverrideNightModeOn=false; mOverrideNightModeOff=false; mComputedNightMode=false; mNightMode=1; uiMode=17
10-10 06:24:49.313  2042  3123 D AlarmManager: mBroadcastRefCount -> 1
10-10 06:24:49.314  2042  3123 D ActivityManager: checkAllowBackground: uid=1000 pkg=android rec=UidRecord{b77cac0 1000 PER  fgServices allowlist change:procadj procs:0 seq(1008849,448524)} caps=LCMNFU always=false idle=false
10-10 06:24:49.314  2042  3123 D AlarmManager: mBroadcastRefCount -> 2
10-10 06:24:49.315  2042  3123 D AlarmManager: mBroadcastRefCount -> 3
10-10 06:24:49.317  2042  3123 D AlarmManager: mBroadcastRefCount -> 4
10-10 06:24:49.317  4304  4304 D ArtChoreographerMonitor: invoke error.
10-10 06:24:49.321  2042  3123 D AlarmManager: mBroadcastRefCount -> 5
10-10 06:24:49.325  2042  3123 D AlarmManager: mBroadcastRefCount -> 6
10-10 06:24:49.328  2042  3123 D AlarmManager: mBroadcastRefCount -> 7
10-10 06:24:49.329  2042  2042 D AlarmManager: mBroadcastRefCount -> 6
10-10 06:24:49.329  2042  2042 D AlarmManager: mPendingIntent -> null
10-10 06:24:49.329  2042  2074 D ActivityManager: checkAllowBackground: uid=1000 pkg=android rec=UidRecord{b77cac0 1000 PER  fgServices allowlist change:procadj procs:0 seq(1008874,448524)} caps=LCMNFU always=false idle=false
10-10 06:24:49.330  2042  6997 D ActivityManager: checkAllowBackground: uid=10137 pkg=com.xiaomi.xmsf rec=UidRecord{59b2293 u0a137 IMPF change:procadj procs:0 seq(1008862,280958)} caps=------ always=false idle=false
10-10 06:24:49.332  2042  2042 D AlarmManager: mBroadcastRefCount -> 5
10-10 06:24:49.332  2042  2042 D AlarmManager: mPendingIntent -> PendingIntent{6c37920: PendingIntentRecord{109f2fe com.miui.misightservice startService}}
10-10 06:24:49.333  2042  2042 D AlarmManager: mBroadcastRefCount -> 4
10-10 06:24:49.333  2042  2042 D AlarmManager: mPendingIntent -> PendingIntent{e4ee367: PendingIntentRecord{65c281b com.miui.securitycenter startService}}
10-10 06:24:49.336  2042  2042 D AlarmManager: mBroadcastRefCount -> 3
10-10 06:24:49.336  2042  2042 D AlarmManager: mPendingIntent -> PendingIntent{7ba0a5f: PendingIntentRecord{dd98cac com.miui.powerkeeper startService}}
10-10 06:24:49.336  2042  2042 D AlarmManager: mBroadcastRefCount -> 2
10-10 06:24:49.336  2042  2042 D AlarmManager: mPendingIntent -> PendingIntent{f9b8a79: PendingIntentRecord{c0103be android broadcastIntent}}
10-10 06:24:49.336  2042  2042 D AlarmManager: mBroadcastRefCount -> 1
10-10 06:24:49.336  2042  2042 D AlarmManager: mPendingIntent -> PendingIntent{98a6514: PendingIntentRecord{7ec6dae com.xiaomi.xmsf broadcastIntent}}
10-10 06:24:49.336  2042  6998 D ActivityManager: checkAllowBackground: uid=1000 pkg=com.miui.securitycenter rec=UidRecord{b77cac0 1000 PER  fgServices allowlist change:procadj procs:0 seq(1008874,448524)} caps=LCMNFU always=false idle=false
10-10 06:24:49.343  2042  2042 D AlarmManager: mBroadcastRefCount -> 0
10-10 06:24:49.343  2042  2042 D AlarmManager: mPendingIntent -> PendingIntent{1f4712f: PendingIntentRecord{8eab33c android broadcastIntent}}
10-10 06:24:49.343  2042  2691 D Persistence: writeHistoricalOpsDLocked 6 ms.
10-10 06:24:49.354  2042  2691 D Persistence: writeHistoricalOpsDLocked 2 ms.
10-10 06:24:49.364  2042  2691 D Persistence: writeHistoricalOpsDLocked 3 ms.
10-10 06:24:49.517  4304  4304 D ArtChoreographerMonitor: invoke error.
10-10 06:24:50.096  2042  3524 I SmartPower: com.xiaomi.discover/10121(23492): background->idle(3001ms) R(broadcast start Intent { act=android.intent.action.BATTERY_CHANGED flg=0x60000010 (has extras) }) adj=905.
10-10 06:24:50.096  2042  3524 I SmartPower: com.miui.android.fashiongallery/10228(32611): background->idle(3000ms) R(broadcast start Intent { act=android.intent.action.BATTERY_CHANGED flg=0x60000010 (has extras) }) adj=905.
10-10 06:24:50.096  2042  3524 I SmartPower: com.facebook.appmanager/10138(27658): background->idle(3000ms) R(broadcast start Intent { act=android.intent.action.BATTERY_CHANGED flg=0x60000010 (has extras) }) adj=905.
10-10 06:24:50.097  2042  3524 I SmartPower: com.facebook.katana/10243(13231): background->idle(3000ms) R(broadcast start Intent { act=android.intent.action.BATTERY_CHANGED flg=0x60000010 (has extras) }) adj=905.
10-10 06:24:50.097  2042  3524 I SmartPower: com.google.android.apps.tachyon/10226(15532): background->idle(3000ms) R(broadcast start Intent { act=android.intent.action.BATTERY_CHANGED flg=0x60000010 (has extras) }) adj=955.
10-10 06:24:50.098  2042  3524 I SmartPower: com.google.android.apps.magazines/10234(19722): background->idle(3001ms) R(broadcast start Intent { act=android.intent.action.BATTERY_CHANGED flg=0x60000010 (has extras) }) adj=905.
10-10 06:24:50.099  2042  3524 I SmartPower: com.android.chrome/10172(25786): background->idle(3000ms) R(broadcast start Intent { act=android.intent.action.BATTERY_CHANGED flg=0x60000010 (has extras) }) adj=900.
10-10 06:24:50.099  2042  3524 I SmartPower: com.google.android.youtube/10189(23130): background->idle(3000ms) R(broadcast start Intent { act=android.intent.action.BATTERY_CHANGED flg=0x60000010 (has extras) }) adj=915.
10-10 06:24:50.216  8316  8665 E KernelRpmStatsReader: Failure reading rpm stats
10-10 06:24:50.216  8316  8665 E KernelRpmStatsReader: java.io.FileNotFoundException: /sys/power/rpmh_stats/master_stats: open failed: EACCES (Permission denied)
10-10 06:24:50.216  8316  8665 E KernelRpmStatsReader: 	at libcore.io.IoBridge.open(IoBridge.java:574)
10-10 06:24:50.216  8316  8665 E KernelRpmStatsReader: 	at java.io.FileInputStream.<init>(FileInputStream.java:179)
10-10 06:24:50.216  8316  8665 E KernelRpmStatsReader: 	at java.io.FileInputStream.<init>(FileInputStream.java:133)
10-10 06:24:50.216  8316  8665 E KernelRpmStatsReader: 	at com.miui.powerkeeper.utils.KernelRpmStatsReader.readRpmStatsType2(KernelRpmStatsReader.java:27)
10-10 06:24:50.216  8316  8665 E KernelRpmStatsReader: 	at com.miui.powerkeeper.utils.KernelRpmStatsReader.readRpmStats(KernelRpmStatsReader.java:72)
10-10 06:24:50.216  8316  8665 E KernelRpmStatsReader: 	at com.miui.powerkeeper.powerchecker.PowerCheckerService.requestKernelRpmStatsUpdate(PowerCheckerService.java:5)
10-10 06:24:50.216  8316  8665 E KernelRpmStatsReader: 	at com.miui.powerkeeper.powerchecker.PowerCheckerService.addBatteryHistoryRecord(PowerCheckerService.java:33)
10-10 06:24:50.216  8316  8665 E KernelRpmStatsReader: 	at com.miui.powerkeeper.powerchecker.PowerCheckerService.updateBatteryLevelChanged(PowerCheckerService.java:9)
10-10 06:24:50.216  8316  8665 E KernelRpmStatsReader: 	at com.miui.powerkeeper.powerchecker.PowerCheckerService.access$2700(PowerCheckerService.java:1)
10-10 06:24:50.216  8316  8665 E KernelRpmStatsReader: 	at com.miui.powerkeeper.powerchecker.PowerCheckerService$PowerCheckHandler.handleMessage(PowerCheckerService.java:155)
10-10 06:24:50.216  8316  8665 E KernelRpmStatsReader: 	at android.os.Handler.dispatchMessage(Handler.java:106)
10-10 06:24:50.216  8316  8665 E KernelRpmStatsReader: 	at android.os.Looper.loopOnce(Looper.java:222)
10-10 06:24:50.216  8316  8665 E KernelRpmStatsReader: 	at android.os.Looper.loop(Looper.java:314)
10-10 06:24:50.216  8316  8665 E KernelRpmStatsReader: 	at android.os.HandlerThread.run(HandlerThread.java:67)
10-10 06:24:50.216  8316  8665 E KernelRpmStatsReader: Caused by: android.system.ErrnoException: open failed: EACCES (Permission denied)
10-10 06:24:50.216  8316  8665 E KernelRpmStatsReader: 	at libcore.io.Linux.open(Native Method)
10-10 06:24:50.216  8316  8665 E KernelRpmStatsReader: 	at libcore.io.ForwardingOs.open(ForwardingOs.java:568)
10-10 06:24:50.216  8316  8665 E KernelRpmStatsReader: 	at libcore.io.BlockGuardOs.open(BlockGuardOs.java:274)
10-10 06:24:50.216  8316  8665 E KernelRpmStatsReader: 	at libcore.io.ForwardingOs.open(ForwardingOs.java:568)
10-10 06:24:50.216  8316  8665 E KernelRpmStatsReader: 	at android.app.ActivityThread$AndroidOs.open(ActivityThread.java:8733)
10-10 06:24:50.216  8316  8665 E KernelRpmStatsReader: 	at libcore.io.IoBridge.open(IoBridge.java:560)
10-10 06:24:50.216  8316  8665 E KernelRpmStatsReader: 	... 13 more
10-10 06:26:54.494  2042  3123 D ActivityManager: checkAllowBackground: uid=1000 pkg=com.miui.powerkeeper rec=UidRecord{b77cac0 1000 PER  fgServices allowlist change:procadj procs:0 seq(1008874,448524)} caps=LCMNFU always=false idle=false
10-10 06:31:55.303  4304  4304 D ArtChoreographerMonitor: invoke error.
10-10 06:31:55.305  2042  3123 D ActivityManager: checkAllowBackground: uid=1000 pkg=android rec=UidRecord{b77cac0 1000 PER  fgServices allowlist change:procadj procs:0 seq(1008874,448524)} caps=LCMNFU always=false idle=false
10-10 06:31:55.305  2042  3123 D AlarmManager: mBroadcastRefCount -> 1
10-10 06:31:55.307  2042  3123 D AlarmManager: mBroadcastRefCount -> 2
10-10 06:31:55.311  2042  3123 D AlarmManager: mBroadcastRefCount -> 3
10-10 06:31:55.313  2042  3123 D ActivityManager: checkAllowBackground: uid=1000 pkg=com.miui.misightservice rec=UidRecord{b77cac0 1000 PER  fgServices allowlist change:procadj procs:0 seq(1008882,448524)} caps=LCMNFU always=false idle=false
10-10 06:31:55.313  2042  3123 D ActivityManager: checkAllowBackground: uid=1000 pkg=com.miui.powerkeeper rec=UidRecord{b77cac0 1000 PER  fgServices allowlist change:procadj procs:0 seq(1008882,448524)} caps=LCMNFU always=false idle=false
10-10 06:31:55.314  2042  2042 D AlarmManager: mBroadcastRefCount -> 2
10-10 06:31:55.314  2042  2042 D AlarmManager: mPendingIntent -> null
10-10 06:31:55.314  2042  2042 D AlarmManager: mBroadcastRefCount -> 1
10-10 06:31:55.314  2042  2042 D AlarmManager: mPendingIntent -> PendingIntent{7ba0a5f: PendingIntentRecord{dd98cac com.miui.powerkeeper startService}}
10-10 06:31:55.323  2042  2042 D AlarmManager: mBroadcastRefCount -> 0
10-10 06:31:55.323  2042  2042 D AlarmManager: mPendingIntent -> PendingIntent{2f569d6: PendingIntentRecord{a417457 com.android.systemui broadcastIntent}}
10-10 06:32:51.463  4304  4304 D ArtChoreographerMonitor: invoke error.
10-10 06:34:25.885  2042  2042 D UiModeManager: updateConfigurationLocked: mDockState=0; mCarMode=false; mCar=false; mPowerSave=false; mOverrideNightModeOn=false; mOverrideNightModeOff=false; mComputedNightMode=false; mNightMode=1; uiMode=17
10-10 06:34:48.302  4304  4304 D ArtChoreographerMonitor: invoke error.
10-10 06:34:48.303  2042  3123 D ActivityManager: checkAllowBackground: uid=1000 pkg=android rec=UidRecord{b77cac0 1000 PER  fgServices allowlist change:procadj procs:0 seq(1008882,448524)} caps=LCMNFU always=false idle=false
10-10 06:34:48.304  2042  3123 D AlarmManager: mBroadcastRefCount -> 1
10-10 06:34:48.305  2042  3123 D AlarmManager: mBroadcastRefCount -> 2
10-10 06:34:48.311  2042  3123 D AlarmManager: mBroadcastRefCount -> 3
10-10 06:34:48.316  2042  3123 D AlarmManager: mBroadcastRefCount -> 4
10-10 06:34:48.316  2042  2042 D AlarmManager: mBroadcastRefCount -> 3
10-10 06:34:48.316  2042  2042 D AlarmManager: mPendingIntent -> null
10-10 06:34:48.317  2042  2042 D AlarmManager: mBroadcastRefCount -> 2
10-10 06:34:48.317  2042  2042 D AlarmManager: mPendingIntent -> PendingIntent{7ba0a5f: PendingIntentRecord{dd98cac com.miui.powerkeeper startService}}
10-10 06:34:48.317  2042  6998 D ActivityManager: checkAllowBackground: uid=10137 pkg=com.xiaomi.xmsf rec=UidRecord{59b2293 u0a137 IMPF change:procadj procs:0 seq(1008893,280958)} caps=------ always=false idle=false
10-10 06:34:48.318  2042  2042 D AlarmManager: mBroadcastRefCount -> 1
10-10 06:34:48.318  2042  2042 D AlarmManager: mPendingIntent -> PendingIntent{6c37920: PendingIntentRecord{109f2fe com.miui.misightservice startService}}
10-10 06:34:48.321  2042  2042 D AlarmManager: mBroadcastRefCount -> 0
10-10 06:34:48.321  2042  2042 D AlarmManager: mPendingIntent -> PendingIntent{97efef3: PendingIntentRecord{7ec6dae com.xiaomi.xmsf broadcastIntent}}
10-10 06:37:37.059  2042  2787 I SmartPower: com.xiaomi.discover/10121(23492): idle->background(2448ms) R(broadcast start Intent { act=android.intent.action.BATTERY_CHANGED flg=0x60000010 (has extras) }) adj=905.
10-10 06:37:37.059  4304  4304 D ArtChoreographerMonitor: invoke error.
10-10 06:37:37.061  2042  2787 I SmartPower: com.miui.android.fashiongallery/10228(32611): idle->background(2450ms) R(broadcast start Intent { act=android.intent.action.BATTERY_CHANGED flg=0x60000010 (has extras) }) adj=905.
10-10 06:37:37.061  2042  2787 I SmartPower: com.facebook.appmanager/10138(27658): idle->background(2450ms) R(broadcast start Intent { act=android.intent.action.BATTERY_CHANGED flg=0x60000010 (has extras) }) adj=905.
10-10 06:37:37.062  2042  2787 I SmartPower: com.facebook.katana/10243(13231): idle->background(2450ms) R(broadcast start Intent { act=android.intent.action.BATTERY_CHANGED flg=0x60000010 (has extras) }) adj=905.
10-10 06:37:37.064  2042  2787 I SmartPower: com.google.android.apps.tachyon/10226(15532): idle->background(2452ms) R(broadcast start Intent { act=android.intent.action.BATTERY_CHANGED flg=0x60000010 (has extras) }) adj=955.
10-10 06:37:37.066  2042  2787 I SmartPower: com.google.android.apps.magazines/10234(19722): idle->background(2452ms) R(broadcast start Intent { act=android.intent.action.BATTERY_CHANGED flg=0x60000010 (has extras) }) adj=905.
10-10 06:37:37.066  2042  2787 I SmartPower: com.android.chrome/10172(25786): idle->background(2452ms) R(broadcast start Intent { act=android.intent.action.BATTERY_CHANGED flg=0x60000010 (has extras) }) adj=900.
10-10 06:37:37.067  2042  2787 I SmartPower: com.google.android.youtube/10189(23130): idle->background(2453ms) R(broadcast start Intent { act=android.intent.action.BATTERY_CHANGED flg=0x60000010 (has extras) }) adj=915.
10-10 06:37:37.068  2042  3123 D ActivityManager: checkAllowBackground: uid=1000 pkg=com.miui.powerkeeper rec=UidRecord{b77cac0 1000 PER  fgServices allowlist change:procadj procs:0 seq(1008894,448524)} caps=LCMNFU always=false idle=false
10-10 06:37:37.071  2042  4541 D ActivityManager: checkAllowBackground: uid=10163 pkg=com.google.android.gms rec=UidRecord{3efeecd u0a163 FGS  change:procadj procs:0 seq(1008896,425084)} caps=LCMNFU always=false idle=false
10-10 06:37:37.074  2042  9046 D ActivityManager: checkAllowBackground: uid=10163 pkg=com.google.android.gms rec=UidRecord{3efeecd u0a163 FGS  change:procadj procs:0 seq(1008896,425084)} caps=LCMNFU always=false idle=false
10-10 06:41:56.022  2042  2074 D ActivityManager: checkAllowBackground: uid=1000 pkg=android rec=UidRecord{b77cac0 1000 PER  fgServices allowlist change:procadj procs:0 seq(1008894,448524)} caps=LCMNFU always=false idle=false
10-10 06:41:56.022  2042  3123 D ActivityManager: checkAllowBackground: uid=1000 pkg=com.miui.misightservice rec=UidRecord{b77cac0 1000 PER  fgServices allowlist change:procadj procs:0 seq(1008894,448524)} caps=LCMNFU always=false idle=false
10-10 06:41:56.023  2042  2074 D ActivityManager: checkAllowBackground: uid=1000 pkg=android rec=UidRecord{b77cac0 1000 PER  fgServices allowlist change:procadj procs:0 seq(1008894,448524)} caps=LCMNFU always=false idle=false
10-10 06:41:56.023  2042  2074 D ActivityManager: checkAllowBackground: uid=1000 pkg=android rec=UidRecord{b77cac0 1000 PER  fgServices allowlist change:procadj procs:0 seq(1008894,448524)} caps=LCMNFU always=false idle=false
10-10 06:41:56.023  2042  2074 D ActivityManager: checkAllowBackground: uid=1000 pkg=android rec=UidRecord{b77cac0 1000 PER  fgServices allowlist change:procadj procs:0 seq(1008894,448524)} caps=LCMNFU always=false idle=false
10-10 06:41:56.024  2042  2074 D ActivityManager: checkAllowBackground: uid=1000 pkg=android rec=UidRecord{b77cac0 1000 PER  fgServices allowlist change:procadj procs:0 seq(1008894,448524)} caps=LCMNFU always=false idle=false
10-10 06:41:56.024  2042  2074 D ActivityManager: checkAllowBackground: uid=1000 pkg=android rec=UidRecord{b77cac0 1000 PER  fgServices allowlist change:procadj procs:0 seq(1008894,448524)} caps=LCMNFU always=false idle=false
10-10 06:41:56.024  2042  2074 D ActivityManager: checkAllowBackground: uid=1000 pkg=android rec=UidRecord{b77cac0 1000 PER  fgServices allowlist change:procadj procs:0 seq(1008894,448524)} caps=LCMNFU always=false idle=false
10-10 06:41:56.025  2042  2074 D ActivityManager: checkAllowBackground: uid=1000 pkg=android rec=UidRecord{b77cac0 1000 PER  fgServices allowlist change:procadj procs:0 seq(1008894,448524)} caps=LCMNFU always=false idle=false
10-10 06:41:56.025  2042  2074 D ActivityManager: checkAllowBackground: uid=1000 pkg=android rec=UidRecord{b77cac0 1000 PER  fgServices allowlist change:procadj procs:0 seq(1008894,448524)} caps=LCMNFU always=false idle=false
10-10 06:41:56.026  2042  2074 D ActivityManager: checkAllowBackground: uid=1000 pkg=android rec=UidRecord{b77cac0 1000 PER  fgServices allowlist change:procadj procs:0 seq(1008894,448524)} caps=LCMNFU always=false idle=false
10-10 06:41:56.026  2042  2074 D ActivityManager: checkAllowBackground: uid=1000 pkg=android rec=UidRecord{b77cac0 1000 PER  fgServices allowlist change:procadj procs:0 seq(1008894,448524)} caps=LCMNFU always=false idle=false
10-10 06:41:56.026  2042  2074 D ActivityManager: checkAllowBackground: uid=1000 pkg=android rec=UidRecord{b77cac0 1000 PER  fgServices allowlist change:procadj procs:0 seq(1008894,448524)} caps=LCMNFU always=false idle=false
10-10 06:41:56.027  2042  2074 D ActivityManager: checkAllowBackground: uid=1000 pkg=android rec=UidRecord{b77cac0 1000 PER  fgServices allowlist change:procadj procs:0 seq(1008894,448524)} caps=LCMNFU always=false idle=false
10-10 06:41:56.027  2042  2074 D ActivityManager: checkAllowBackground: uid=1000 pkg=android rec=UidRecord{b77cac0 1000 PER  fgServices allowlist change:procadj procs:0 seq(1008894,448524)} caps=LCMNFU always=false idle=false
10-10 06:41:56.027  2042  2074 D ActivityManager: checkAllowBackground: uid=1000 pkg=android rec=UidRecord{b77cac0 1000 PER  fgServices allowlist change:procadj procs:0 seq(1008894,448524)} caps=LCMNFU always=false idle=false
10-10 06:41:56.028  2042  2074 D ActivityManager: checkAllowBackground: uid=1000 pkg=android rec=UidRecord{b77cac0 1000 PER  fgServices allowlist change:procadj procs:0 seq(1008894,448524)} caps=LCMNFU always=false idle=false
10-10 06:41:56.028  2042  2074 D ActivityManager: checkAllowBackground: uid=1000 pkg=android rec=UidRecord{b77cac0 1000 PER  fgServices allowlist change:procadj procs:0 seq(1008894,448524)} caps=LCMNFU always=false idle=false
10-10 06:41:56.028  2042  2074 D ActivityManager: checkAllowBackground: uid=1000 pkg=android rec=UidRecord{b77cac0 1000 PER  fgServices allowlist change:procadj procs:0 seq(1008894,448524)} caps=LCMNFU always=false idle=false
10-10 06:41:56.029  2042  2074 D ActivityManager: checkAllowBackground: uid=1000 pkg=android rec=UidRecord{b77cac0 1000 PER  fgServices allowlist change:procadj procs:0 seq(1008894,448524)} caps=LCMNFU always=false idle=false
10-10 06:41:56.029  2042  2074 D ActivityManager: checkAllowBackground: uid=1000 pkg=android rec=UidRecord{b77cac0 1000 PER  fgServices allowlist change:procadj procs:0 seq(1008894,448524)} caps=LCMNFU always=false idle=false
10-10 06:41:56.030  2042  2074 D ActivityManager: checkAllowBackground: uid=1000 pkg=android rec=UidRecord{b77cac0 1000 PER  fgServices allowlist change:procadj procs:0 seq(1008894,448524)} caps=LCMNFU always=false idle=false
10-10 06:41:56.030  2042  2074 D ActivityManager: checkAllowBackground: uid=1000 pkg=android rec=UidRecord{b77cac0 1000 PER  fgServices allowlist change:procadj procs:0 seq(1008894,448524)} caps=LCMNFU always=false idle=false
10-10 06:41:56.030  2042  2074 D ActivityManager: checkAllowBackground: uid=1000 pkg=android rec=UidRecord{b77cac0 1000 PER  fgServices allowlist change:procadj procs:0 seq(1008894,448524)} caps=LCMNFU always=false idle=false
10-10 06:41:56.031  2042  2074 D ActivityManager: checkAllowBackground: uid=1000 pkg=android rec=UidRecord{b77cac0 1000 PER  fgServices allowlist change:procadj procs:0 seq(1008894,448524)} caps=LCMNFU always=false idle=false
10-10 06:41:56.031  2042  2074 D ActivityManager: checkAllowBackground: uid=1000 pkg=android rec=UidRecord{b77cac0 1000 PER  fgServices allowlist change:procadj procs:0 seq(1008894,448524)} caps=LCMNFU always=false idle=false
10-10 06:41:56.031  2042  2074 D ActivityManager: checkAllowBackground: uid=1000 pkg=android rec=UidRecord{b77cac0 1000 PER  fgServices allowlist change:procadj procs:0 seq(1008894,448524)} caps=LCMNFU always=false idle=false
10-10 06:41:56.032  2042  2074 D ActivityManager: checkAllowBackground: uid=1000 pkg=android rec=UidRecord{b77cac0 1000 PER  fgServices allowlist change:procadj procs:0 seq(1008894,448524)} caps=LCMNFU always=false idle=false
10-10 06:41:56.032  2042  2074 D ActivityManager: checkAllowBackground: uid=1000 pkg=android rec=UidRecord{b77cac0 1000 PER  fgServices allowlist change:procadj procs:0 seq(1008894,448524)} caps=LCMNFU always=false idle=false
10-10 06:41:56.032  2042  2074 D ActivityManager: checkAllowBackground: uid=1000 pkg=android rec=UidRecord{b77cac0 1000 PER  fgServices allowlist change:procadj procs:0 seq(1008894,448524)} caps=LCMNFU always=false idle=false
10-10 06:41:56.033  2042  2074 D ActivityManager: checkAllowBackground: uid=1000 pkg=android rec=UidRecord{b77cac0 1000 PER  fgServices allowlist change:procadj procs:0 seq(1008894,448524)} caps=LCMNFU always=false idle=false
10-10 06:41:56.033  2042  2074 D ActivityManager: checkAllowBackground: uid=1000 pkg=android rec=UidRecord{b77cac0 1000 PER  fgServices allowlist change:procadj procs:0 seq(1008894,448524)} caps=LCMNFU always=false idle=false
10-10 06:41:56.034  2042  2074 D ActivityManager: checkAllowBackground: uid=1000 pkg=android rec=UidRecord{b77cac0 1000 PER  fgServices allowlist change:procadj procs:0 seq(1008894,448524)} caps=LCMNFU always=false idle=false
10-10 06:44:11.056  2042  2042 D UiModeManager: updateConfigurationLocked: mDockState=0; mCarMode=false; mCar=false; mPowerSave=false; mOverrideNightModeOn=false; mOverrideNightModeOff=false; mComputedNightMode=false; mNightMode=1; uiMode=17
10-10 06:44:48.296  4304  4304 D ArtChoreographerMonitor: invoke error.
10-10 06:44:48.302  2042  3123 D ActivityManager: checkAllowBackground: uid=1000 pkg=android rec=UidRecord{b77cac0 1000 PER  fgServices change:procadj procs:0 seq(1009020,448524)} caps=LCMNFU always=false idle=false
10-10 06:44:48.302  2042  3123 D AlarmManager: mBroadcastRefCount -> 1
10-10 06:44:48.304  2042  3123 D AlarmManager: mBroadcastRefCount -> 2
10-10 06:44:48.304  2042  3123 D AlarmManager: mBroadcastRefCount -> 3
10-10 06:44:48.310  2042  3123 D AlarmManager: mBroadcastRefCount -> 4
10-10 06:44:48.311  2042  3123 D AlarmManager: mBroadcastRefCount -> 5
10-10 06:44:48.312  2042  3123 D AlarmManager: mBroadcastRefCount -> 6
10-10 06:44:48.313  2042  2042 D AlarmManager: mBroadcastRefCount -> 5
10-10 06:44:48.313  2042  2042 D AlarmManager: mPendingIntent -> null
10-10 06:44:48.315  2042  4541 D ActivityManager: checkAllowBackground: uid=10137 pkg=com.xiaomi.xmsf rec=UidRecord{59b2293 u0a137 IMPF change:procadj procs:0 seq(1009027,280958)} caps=------ always=false idle=false
10-10 06:44:48.316  2042  2074 D ActivityManager: checkAllowBackground: uid=1000 pkg=android rec=UidRecord{b77cac0 1000 PER  fgServices change:procadj procs:0 seq(1009035,448524)} caps=LCMNFU always=false idle=false
10-10 06:44:48.316  2042  2042 D AlarmManager: mBroadcastRefCount -> 4
10-10 06:44:48.316  2042  2042 D AlarmManager: mPendingIntent -> null
10-10 06:44:48.317  2042  2042 D AlarmManager: mBroadcastRefCount -> 3
10-10 06:44:48.317  2042  2042 D AlarmManager: mPendingIntent -> PendingIntent{7ba0a5f: PendingIntentRecord{dd98cac com.miui.powerkeeper startService}}
10-10 06:44:48.317  2042  2042 D AlarmManager: mBroadcastRefCount -> 2
10-10 06:44:48.317  2042  2042 D AlarmManager: mPendingIntent -> PendingIntent{6c37920: PendingIntentRecord{109f2fe com.miui.misightservice startService}}
10-10 06:44:48.318  2042  2042 D AlarmManager: mBroadcastRefCount -> 1
10-10 06:44:48.318  2042  2042 D AlarmManager: mPendingIntent -> PendingIntent{74aedc: PendingIntentRecord{65c281b com.miui.securitycenter startService}}
10-10 06:44:48.319  2042  2074 D ActivityManager: checkAllowBackground: uid=1000 pkg=android rec=UidRecord{b77cac0 1000 PER  fgServices change:procadj procs:0 seq(1009039,448524)} caps=LCMNFU always=false idle=false
10-10 06:44:48.321  2042  3123 D ActivityManager: checkAllowBackground: uid=1000 pkg=com.miui.powerkeeper rec=UidRecord{b77cac0 1000 PER  fgServices change:procadj procs:0 seq(1009039,448524)} caps=LCMNFU always=false idle=false
10-10 06:44:48.321  2042  3123 D ActivityManager: checkAllowBackground: uid=10123 pkg=com.miui.msa.global rec=UidRecord{b37a3f7 u0a123 TRNB bg:+1h29m58s57ms change:procadj procs:0 seq(1008992,1008464)} caps=------ always=false idle=false
10-10 06:44:48.321  2042  3123 D ActivityManager: checkAllowBackground: uid=10123 pkg=com.miui.msa.global rec=UidRecord{b37a3f7 u0a123 TRNB bg:+1h29m58s57ms change:procadj procs:0 seq(1008992,1008464)} caps=------ always=false idle=false
10-10 06:44:48.321  2042  3123 D ActivityManager: checkAllowBackground: uid=10123 pkg=com.miui.msa.global rec=UidRecord{b37a3f7 u0a123 TRNB bg:+1h29m58s57ms change:procadj procs:0 seq(1008992,1008464)} caps=------ always=false idle=false
10-10 06:44:48.321  2042  3123 D ActivityManager: checkAllowBackground: uid=10123 pkg=com.miui.msa.global rec=UidRecord{b37a3f7 u0a123 TRNB bg:+1h29m58s57ms change:procadj procs:0 seq(1008992,1008464)} caps=------ always=false idle=false
10-10 06:44:48.322  2042  3123 D AlarmManager: mBroadcastRefCount -> 2
10-10 06:44:48.322  2042  3123 D ActivityManager: checkAllowBackground: uid=10123 pkg=com.miui.msa.global rec=UidRecord{b37a3f7 u0a123 TRNB bg:+1h29m58s58ms change:procadj procs:0 seq(1008992,1008464)} caps=------ always=false idle=false
10-10 06:44:48.323  2042  3123 D AlarmManager: mBroadcastRefCount -> 3
10-10 06:44:48.324  2042  3123 D AlarmManager: mBroadcastRefCount -> 4
10-10 06:44:48.325  2042  3123 D AlarmManager: mBroadcastRefCount -> 5
10-10 06:44:48.325  2042  3123 D AlarmManager: mBroadcastRefCount -> 6
10-10 06:44:48.326  2042  3123 D AlarmManager: mBroadcastRefCount -> 7
10-10 06:44:48.326  2042  6998 D ActivityManager: checkAllowBackground: uid=1000 pkg=com.miui.securitycenter rec=UidRecord{b77cac0 1000 PER  fgServices change:procadj procs:0 seq(1009046,448524)} caps=LCMNFU always=false idle=false
10-10 06:44:48.327  2042  2074 D ActivityManager: checkAllowBackground: uid=1000 pkg=android rec=UidRecord{b77cac0 1000 PER  fgServices change:procadj procs:0 seq(1009046,448524)} caps=LCMNFU always=false idle=false
10-10 06:44:48.327  2042  4215 D AlarmManager: mBroadcastRefCount -> 6
10-10 06:44:48.327  2042  4215 D AlarmManager: mPendingIntent -> null
10-10 06:44:48.328  2042  2042 D AlarmManager: mBroadcastRefCount -> 5
10-10 06:44:48.328  2042  2042 D AlarmManager: mPendingIntent -> PendingIntent{ef878e3: PendingIntentRecord{732d2e0 com.miui.msa.global startService}}
10-10 06:44:48.328  2042  2042 D AlarmManager: mBroadcastRefCount -> 4
10-10 06:44:48.328  2042  2042 D AlarmManager: mPendingIntent -> PendingIntent{e738240: PendingIntentRecord{65e2579 com.miui.msa.global startService}}
10-10 06:44:48.328  2042  2074 D ActivityManager: checkAllowBackground: uid=1000 pkg=android rec=UidRecord{b77cac0 1000 PER  fgServices change:procadj procs:0 seq(1009050,448524)} caps=LCMNFU always=false idle=false
10-10 06:44:48.330  2042  2042 D AlarmManager: mBroadcastRefCount -> 3
10-10 06:44:48.330  2042  2042 D AlarmManager: mPendingIntent -> PendingIntent{27eba8d: PendingIntentRecord{2da9442 com.miui.msa.global startService}}
10-10 06:44:48.330  2042  2042 D AlarmManager: mBroadcastRefCount -> 2
10-10 06:44:48.330  2042  2042 D AlarmManager: mPendingIntent -> PendingIntent{419f486: PendingIntentRecord{37a5072 com.miui.msa.global startService}}
10-10 06:44:48.330  2042  2042 D AlarmManager: mBroadcastRefCount -> 1
10-10 06:44:48.330  2042  2042 D AlarmManager: mPendingIntent -> PendingIntent{7ba0a5f: PendingIntentRecord{dd98cac com.miui.powerkeeper startService}}
10-10 06:44:48.330  2042  2074 D ActivityManager: checkAllowBackground: uid=1000 pkg=android rec=UidRecord{b77cac0 1000 PER  fgServices change:procadj procs:0 seq(1009050,448524)} caps=LCMNFU always=false idle=false
10-10 06:44:48.331  2042  2691 D Persistence: writeHistoricalOpsDLocked 4 ms.
10-10 06:44:48.331  2042  2074 D ActivityManager: checkAllowBackground: uid=1000 pkg=android rec=UidRecord{b77cac0 1000 PER  fgServices change:procadj procs:0 seq(1009050,448524)} caps=LCMNFU always=false idle=false
10-10 06:44:48.332  2042  2074 D ActivityManager: checkAllowBackground: uid=1000 pkg=android rec=UidRecord{b77cac0 1000 PER  fgServices change:procadj procs:0 seq(1009050,448524)} caps=LCMNFU always=false idle=false
10-10 06:44:48.332  2042  2074 D ActivityManager: checkAllowBackground: uid=1000 pkg=android rec=UidRecord{b77cac0 1000 PER  fgServices change:procadj procs:0 seq(1009050,448524)} caps=LCMNFU always=false idle=false
10-10 06:44:48.333  2042  2074 D ActivityManager: checkAllowBackground: uid=1000 pkg=android rec=UidRecord{b77cac0 1000 PER  fgServices change:procadj procs:0 seq(1009050,448524)} caps=LCMNFU always=false idle=false
10-10 06:44:48.333  2042  2074 D ActivityManager: checkAllowBackground: uid=1000 pkg=android rec=UidRecord{b77cac0 1000 PER  fgServices change:procadj procs:0 seq(1009050,448524)} caps=LCMNFU always=false idle=false
10-10 06:44:48.333  2042  2074 D ActivityManager: checkAllowBackground: uid=1000 pkg=android rec=UidRecord{b77cac0 1000 PER  fgServices change:procadj procs:0 seq(1009050,448524)} caps=LCMNFU always=false idle=false
10-10 06:44:48.334  2042  2074 D ActivityManager: checkAllowBackground: uid=1000 pkg=android rec=UidRecord{b77cac0 1000 PER  fgServices change:procadj procs:0 seq(1009050,448524)} caps=LCMNFU always=false idle=false
10-10 06:44:48.334  2042  2074 D ActivityManager: checkAllowBackground: uid=1000 pkg=android rec=UidRecord{b77cac0 1000 PER  fgServices change:procadj procs:0 seq(1009050,448524)} caps=LCMNFU always=false idle=false
10-10 06:44:48.334  2042  2691 D Persistence: writeHistoricalOpsDLocked 1 ms.
