07-24 14:09:57.730  2368  2368 E PackageManager: 	at com.android.server.pm.PackageManagerService.collectSharedLibraryInfos(PackageManagerService.java:13820)
07-24 14:09:57.730  2368  2368 E PackageManager: 	at com.android.server.pm.PackageManagerService.updateSharedLibrariesLocked(PackageManagerService.java:13800)
07-24 14:09:57.730  2368  2368 E PackageManager: 	at com.android.server.pm.PackageManagerService.commitPackageSettings(PackageManagerService.java:15724)
07-24 14:09:57.730  2368  2368 E PackageManager: 	at com.android.server.pm.PackageManagerService.commitReconciledScanResultLocked(PackageManagerService.java:14504)
07-24 14:09:57.730  2368  2368 E PackageManager: 	at com.android.server.pm.PackageManagerService.addForInitLI(PackageManagerService.java:12569)
07-24 14:09:57.730  2368  2368 E PackageManager: 	at com.android.server.pm.PackageManagerService.scanDirLI(PackageManagerService.java:12126)
07-24 14:09:57.730  2368  2368 E PackageManager: 	at com.android.server.pm.PackageManagerService.scanDirTracedLI(PackageManagerService.java:12065)
07-24 14:09:57.730  2368  2368 E PackageManager: 	at com.android.server.pm.PackageManagerService.<init>(PackageManagerService.java:7755)
07-24 14:09:57.730  2368  2368 E PackageManager: 	at com.android.server.pm.PackageManagerService.main(PackageManagerService.java:7188)
07-24 14:09:57.730  2368  2368 E PackageManager: 	at com.android.server.SystemServer.startBootstrapServices(SystemServer.java:1227)
07-24 14:09:57.730  2368  2368 E PackageManager: 	at com.android.server.SystemServer.run(SystemServer.java:921)
07-24 14:09:57.730  2368  2368 E PackageManager: 	at com.android.server.SystemServer.main(SystemServer.java:649)
07-24 14:09:57.730  2368  2368 E PackageManager: 	at java.lang.reflect.Method.invoke(Native Method)
07-24 14:09:57.730  2368  2368 E PackageManager: 	at com.android.internal.os.RuntimeInit$MethodAndArgsCaller.run(RuntimeInit.java:556)
07-24 14:09:57.730  2368  2368 E PackageManager: 	at com.android.internal.os.ZygoteInit.main(ZygoteInit.java:1027)
07-24 14:09:57.741  2368  2368 W PackageManager: Failed to scan /system/priv-app/facebook-installer: Package com.facebook.system at /system/priv-app/facebook-installer ignored: updated version 518429081 better than this 421813753
07-24 14:09:57.741  2368  2368 W PackageManager: Failed to scan /system/priv-app/facebook-services: Package com.facebook.services at /system/priv-app/facebook-services ignored: updated version 518429113 better than this 421813763
07-24 14:09:57.761  2368  2368 W PackageManager: Failed to scan /system/app/AnalyticsCore: Package com.miui.analytics at /system/app/AnalyticsCore ignored: updated version 2025052000 better than this 2022021400
07-24 14:09:57.765  2368  2368 W PackageManager: Failed to scan /system/app/CaptivePortalLoginGoogle: Package com.google.android.captiveportallogin at /system/app/CaptivePortalLoginGoogle ignored: updated version 351510000 better than this 311711000
07-24 14:09:57.774  2368  2368 W PackageManager: Failed to scan /system/app/CloudService: Package com.miui.cloudservice at /system/app/CloudService ignored: updated version 112000250 better than this 12010145
07-24 14:09:57.783  2368  2368 W PackageManager: Failed to scan /system/app/MIUIDeskClockGlobal: Package com.android.deskclock at /system/app/MIUIDeskClockGlobal ignored: updated version 1303002500 better than this 130205700
07-24 14:09:57.783  2368  2368 W PackageManager: Failed to scan /system/app/MIUIFileExplorerGlobal: Package com.mi.android.globalFileexplorer at /system/app/MIUIFileExplorerGlobal ignored: updated version 20210601 better than this 20210558
07-24 14:09:57.784  2368  2368 W PackageManager: Failed to scan /system/app/MIUIGlobalPackageInstaller: Package com.miui.global.packageinstaller at /system/app/MIUIGlobalPackageInstaller ignored: updated version 330 better than this 248
07-24 14:09:57.787  2368  2368 W PackageManager: Failed to scan /system/app/MIUIGuardProviderGlobal: Package com.miui.guardprovider at /system/app/MIUIGuardProviderGlobal ignored: updated version 185 better than this 149
07-24 14:09:57.795  2368  2368 W PackageManager: Failed to scan /system/app/MIUISystemAppUpdater: Package com.xiaomi.discover at /system/app/MIUISystemAppUpdater ignored: updated version 2000830 better than this 2000634
07-24 14:09:57.795  2368  2368 W PackageManager: Failed to scan /system/app/MIUIThemeManagerGlobal: Package com.android.thememanager at /system/app/MIUIThemeManagerGlobal ignored: updated version 2070712 better than this 2010810
07-24 14:09:57.799  2368  2368 W PackageManager: Failed to scan /system/app/MIUIVideoPlayer: Package com.miui.videoplayer at /system/app/MIUIVideoPlayer ignored: updated version 2025070160 better than this 2022081500
07-24 14:09:57.801  2368  2368 W PackageManager: Failed to scan /system/app/MSA-Global: Package com.miui.msa.global at /system/app/MSA-Global ignored: updated version 2025021700 better than this 2022010700
07-24 14:09:57.803  2368  2368 W PackageManager: Failed to scan /system/app/MiBugReportGlobal: Package com.miui.bugreport at /system/app/MiBugReportGlobal ignored: updated version 16000400 better than this 3031523
07-24 14:09:57.805  2368  2368 W PackageManager: Failed to scan /system/app/MiGameCenterGlobal: Package com.xiaomi.glgm at /system/app/MiGameCenterGlobal ignored: updated version 2025032400 better than this 2022121300
07-24 14:09:57.813  2368  2368 W PackageManager: Failed to scan /system/app/MiuiSecurityAddGlobal: Package com.miui.securityadd at /system/app/MiuiSecurityAddGlobal ignored: updated version 91157 better than this 91123
07-24 14:09:57.818  2368  2368 W PackageManager: Failed to scan /system/app/PlayAutoInstallStubApp: Package android.autoinstalls.config.Xiaomi.model at /system/app/PlayAutoInstallStubApp ignored: updated version 1001 better than this 1
07-24 14:09:57.821  2368  2368 W PackageManager: Skipping provider name com.miui.providers.steps (in package com.miui.powerkeeper): name already used by com.miui.rom
07-24 14:09:57.826  2368  2368 W PackageManager: Failed to scan /system/app/XiaomiAccount: Package com.xiaomi.account at /system/app/XiaomiAccount ignored: updated version 324110506 better than this 322103100
07-24 14:09:57.827  2368  2368 W PackageManager: Failed to scan /system/app/XiaomiServiceFrameworkGlobal: Package com.xiaomi.xmsf at /system/app/XiaomiServiceFrameworkGlobal ignored: updated version 60001080 better than this 50003009
07-24 14:09:57.828  2368  2368 W PackageManager: Failed to scan /system/app/XiaomiSimActivateService: Package com.xiaomi.simactivate.service at /system/app/XiaomiSimActivateService ignored: updated version 1230214 better than this 220706
07-24 14:09:57.829  2368  2368 W PackageManager: Failed to scan /system/app/facebook-appmanager: Package com.facebook.appmanager at /system/app/facebook-appmanager ignored: updated version 518429307 better than this 421813832
07-24 14:09:57.831  2368  2368 W PackageManager: Failed to parse /system/app/miuix: /system/app/miuix/miuix.apk (at Binary XML file line #11): Empty class name in package miuix.stub
07-24 14:09:57.873  2368  2368 W PackageManager: Failed to scan /product/priv-app/AndroidAutoStub: Package com.google.android.projection.gearhead at /product/priv-app/AndroidAutoStub ignored: updated version 146652454 better than this 12520120
07-24 14:09:57.874  2368  2368 W PackageManager: Failed to scan /product/priv-app/CarrierServices: Package com.google.android.ims at /product/priv-app/CarrierServices ignored: updated version 31144015 better than this 30818376
07-24 14:09:57.878  2368  2368 W PackageManager: Failed to scan /product/priv-app/GoogleAssistant: Package com.google.android.apps.googleassistant at /product/priv-app/GoogleAssistant ignored: updated version 76 better than this 41
07-24 14:09:57.879  2368  2368 W PackageManager: Failed to scan /product/priv-app/GooglePartnerSetup: Package com.google.android.partnersetup at /product/priv-app/GooglePartnerSetup ignored: updated version 7885 better than this 1394
07-24 14:09:57.880  2368  2368 W PackageManager: Failed to scan /product/priv-app/GoogleDialer: Package com.google.android.dialer at /product/priv-app/GoogleDialer ignored: updated version 18863788 better than this 10416148
07-24 14:09:57.881  2368  2368 W PackageManager: Failed to scan /product/priv-app/GoogleRestore: Package com.google.android.apps.restore at /product/priv-app/GoogleRestore ignored: updated version 818758 better than this 137084
07-24 14:09:57.882  2368  2368 W PackageManager: Failed to scan /product/priv-app/GmsCore: Package com.google.android.gms at /product/priv-app/GmsCore ignored: updated version 252635029 better than this 221820045
07-24 14:09:57.883  2368  2368 W PackageManager: Failed to scan /product/priv-app/Messages: Package com.google.android.apps.messaging at /product/priv-app/Messages ignored: updated version 284198063 better than this 131485063
07-24 14:09:57.885  2368  2368 W PackageManager: Failed to scan /product/priv-app/Phonesky: Package com.android.vending at /product/priv-app/Phonesky ignored: updated version 84712130 better than this 83311610
07-24 14:09:57.885  2368  2368 W PackageManager: Failed to scan /product/priv-app/SearchSelector: Package com.google.android.apps.setupwizard.searchselector at /product/priv-app/SearchSelector ignored: updated version 3762 better than this 584
07-24 14:09:57.886  2368  2368 D CompatibilityChangeReporter: Compat change id reported: 168782947; UID -1; state: DISABLED
07-24 14:09:57.888  2368  2368 W PackageManager: Failed to scan /product/priv-app/Wellbeing: Package com.google.android.apps.wellbeing at /product/priv-app/Wellbeing ignored: updated version 737427 better than this 382837
07-24 14:09:57.889  2368  2368 W PackageManager: Failed to scan /product/priv-app/Velvet: Package com.google.android.googlequicksearchbox at /product/priv-app/Velvet ignored: updated version 301555722 better than this 301201217
07-24 14:09:57.906  2368  2368 W PackageManager: Failed to scan /product/app/CalendarGoogle: Package com.google.android.calendar at /product/app/CalendarGoogle ignored: updated version 2017829360 better than this 2017081588
07-24 14:09:57.908  2368  2368 W PackageManager: Failed to scan /product/app/Chrome: Package com.android.chrome at /product/app/Chrome ignored: updated version 720415733 better than this 506012933
07-24 14:09:57.910  2368  2368 W PackageManager: Failed to scan /product/app/GoogleContacts: Package com.google.android.contacts at /product/app/GoogleContacts ignored: updated version 3233275 better than this 2826706
07-24 14:09:57.911  2368  2368 W PackageManager: Failed to scan /product/app/Gmail2: Package com.google.android.gm at /product/app/Gmail2 ignored: updated version 65209744 better than this 63288287
07-24 14:09:57.913  2368  2368 W PackageManager: Failed to scan /product/app/LatinImeGoogle: Package com.google.android.inputmethod.latin at /product/app/LatinImeGoogle ignored: updated version 171306542 better than this 85483822
07-24 14:09:57.913  2368  2368 W PackageManager: Failed to scan /product/app/GoogleOne: Package com.google.android.apps.subscriptions.red at /product/app/GoogleOne ignored: updated version 581642 better than this 226743
07-24 14:09:57.916  2368  2368 W PackageManager: Failed to scan /product/app/Maps: Package com.google.android.apps.maps at /product/app/Maps ignored: updated version 1068154967 better than this 1066428090
07-24 14:09:57.917  2368  2368 W PackageManager: Failed to scan /product/app/Photos: Package com.google.android.apps.photos at /product/app/Photos ignored: updated version 50430220 better than this 43760047
07-24 14:09:57.917  2368  2368 W PackageManager: Failed to scan /product/app/SpeechServicesByGoogle: Package com.google.android.tts at /product/app/SpeechServicesByGoogle ignored: updated version 210573084 better than this 210375933
07-24 14:09:57.919  2368  2368 W PackageManager: Failed to scan /product/app/WebViewGoogle: Package com.google.android.webview at /product/app/WebViewGoogle ignored: updated version 720415733 better than this 506012933
07-24 14:09:57.919  2368  2368 W PackageManager: Failed to scan /product/app/com.google.android.modulemetadata: Package com.google.android.modulemetadata at /product/app/com.google.android.modulemetadata ignored: updated version 351630084 better than this 311729004
07-24 14:09:57.920  2368  2368 W PackageManager: Failed to scan /product/app/com.google.mainline.telemetry: Package com.google.mainline.telemetry at /product/app/com.google.mainline.telemetry ignored: updated version 351602004 better than this 311700104
07-24 14:09:57.922  2368  2368 W PackageManager: Failed to scan /product/app/YouTube: Package com.google.android.youtube at /product/app/YouTube ignored: updated version 1555824064 better than this 1528288704
07-24 14:09:57.922  2368  2368 W PackageManager: Failed to scan /product/app/talkback: Package com.google.android.marvin.talkback at /product/app/talkback ignored: updated version 60162622 better than this 60123274
07-24 14:09:57.964  2368  2368 I ApexManager: Registering com.google.android.connectivity.resources as apk-in-apex of com.android.tethering
07-24 14:09:57.966  2368  2368 I ApexManager: Registering com.google.android.networkstack.tethering as apk-in-apex of com.android.tethering
07-24 14:09:57.968  2368  2368 I ApexManager: Registering com.google.android.safetycenter.resources as apk-in-apex of com.android.permission
07-24 14:09:57.970  2368  2368 I ApexManager: Registering com.google.android.permissioncontroller as apk-in-apex of com.android.permission
07-24 14:09:57.973  2368  2368 I ApexManager: Registering com.google.android.cellbroadcastservice as apk-in-apex of com.android.cellbroadcast
07-24 14:09:57.975  2368  2368 I ApexManager: Registering com.google.android.cellbroadcastreceiver as apk-in-apex of com.android.cellbroadcast
07-24 14:09:57.979  2368  2368 I ApexManager: Registering com.android.wifi.resources as apk-in-apex of com.android.wifi
07-24 14:09:57.982  2368  2368 I ApexManager: Registering com.android.hotspot2.osulogin as apk-in-apex of com.android.wifi
07-24 14:09:57.984  2368  2368 I ApexManager: Registering com.android.cts.priv.ctsshim as apk-in-apex of com.android.apex.cts.shim
07-24 14:09:57.986  2368  2368 I ApexManager: Registering com.android.cts.ctsshim as apk-in-apex of com.android.apex.cts.shim
07-24 14:09:57.991  2368  2368 I ApexManager: Registering com.google.android.ext.services as apk-in-apex of com.android.extservices
07-24 14:09:57.994  2368  2368 I ApexManager: Registering com.google.android.photopicker as apk-in-apex of com.android.mediaprovider
07-24 14:09:57.996  2368  2368 I ApexManager: Registering com.google.android.providers.media.module as apk-in-apex of com.android.mediaprovider
07-24 14:09:58.001  2368  2368 I PackageManager: Finished scanning system apps. Time: 433 ms, packageCount: 239 , timePerPackage: 1 , cached: 342
07-24 14:09:58.008  2368  2368 I PreinstallApp: read new track file content from /data/miui/pai/pre_install.appsflyer
07-24 14:09:58.008  2368  2368 I PreinstallApp: Nothing need copy for normal boot.
07-24 14:09:58.009  2368  2368 I SystemServiceManager: Starting com.android.server.pm.CloudControlPreinstallService
07-24 14:09:58.009  2368  2368 I CloudControlPreinstall: onStart
07-24 14:09:58.009  2368  2368 I SystemServiceManager: Starting com.android.server.pm.AdvancePreinstallService
07-24 14:09:58.009  2368  2368 I AdvancePreinstallService: onStart
07-24 14:09:58.017  2368  2368 D CompatibilityChangeReporter: Compat change id reported: 133396946; UID -1; state: ENABLED
07-24 14:09:58.020  2368  2368 D CompatibilityChangeReporter: Compat change id reported: 133396946; UID -1; state: DISABLED
07-24 14:09:58.028  2368  2368 W PackageManager: Relax SCAN_REQUIRE_KNOWN requirement for package com.google.mainline.telemetry
07-24 14:09:58.039  2368  2368 W PackageManager: Relax SCAN_REQUIRE_KNOWN requirement for package com.google.android.partnersetup
07-24 14:09:58.044  2368  2563 W PackageParsing: No actions in intent-filter at /data/app/~~8jQGHmAnVnNTVMHOi4TXLA==/com.google.android.apps.messaging-J8KzNLsjNgsVjIQxrhVgQw==/base.apk Binary XML file line #1388
07-24 14:09:58.055  2368  2368 W PackageManager: Relax SCAN_REQUIRE_KNOWN requirement for package com.miui.bugreport
07-24 14:09:58.061  2368  2368 W PackageManager: Relax SCAN_REQUIRE_KNOWN requirement for package com.google.android.apps.googleassistant
07-24 14:09:58.064  2368  2368 W PackageManager: Relax SCAN_REQUIRE_KNOWN requirement for package com.mi.android.globalFileexplorer
07-24 14:09:58.067  2368  2368 W PackageManager: Relax SCAN_REQUIRE_KNOWN requirement for package com.google.android.modulemetadata
07-24 14:09:58.078  2368  2368 W PackageManager: Relax SCAN_REQUIRE_KNOWN requirement for package com.google.android.apps.messaging
07-24 14:09:58.079  2368  2368 W PackageManager: Skipping provider name com.google.android.apps.messaging.photopicker_images (in package com.google.android.apps.messaging): name already used by com.google.android.apps.messaging
07-24 14:09:58.090  2368  2564 W PackageParsing: Unknown element under <manifest>: uses-sdk at /data/app/~~hv8-YChVQCTPVnGsvSNqUw==/com.google.android.inputmethod.latin-8OMnqFsIMR-9DUIMZNDkpg==/base.apk Binary XML file line #9
07-24 14:09:58.090  2368  2564 W PackageParsing: Unknown element under <manifest>: module at /data/app/~~hv8-YChVQCTPVnGsvSNqUw==/com.google.android.inputmethod.latin-8OMnqFsIMR-9DUIMZNDkpg==/base.apk Binary XML file line #11
07-24 14:09:58.090  2368  2564 W PackageParsing: Unknown element under <manifest>: uses-sdk at /data/app/~~hv8-YChVQCTPVnGsvSNqUw==/com.google.android.inputmethod.latin-8OMnqFsIMR-9DUIMZNDkpg==/base.apk Binary XML file line #9
07-24 14:09:58.090  2368  2564 W PackageParsing: Unknown element under <manifest>: module at /data/app/~~hv8-YChVQCTPVnGsvSNqUw==/com.google.android.inputmethod.latin-8OMnqFsIMR-9DUIMZNDkpg==/base.apk Binary XML file line #11
07-24 14:09:58.091  2368  2564 W PackageParsing: Unknown element under <manifest>: uses-sdk at /data/app/~~hv8-YChVQCTPVnGsvSNqUw==/com.google.android.inputmethod.latin-8OMnqFsIMR-9DUIMZNDkpg==/base.apk Binary XML file line #9
07-24 14:09:58.091  2368  2564 W PackageParsing: Unknown element under <manifest>: module at /data/app/~~hv8-YChVQCTPVnGsvSNqUw==/com.google.android.inputmethod.latin-8OMnqFsIMR-9DUIMZNDkpg==/base.apk Binary XML file line #11
07-24 14:09:58.092  2368  2368 W PackageManager: Relax SCAN_REQUIRE_KNOWN requirement for package com.google.android.apps.maps
07-24 14:09:58.099  2368  2368 W PackageManager: Relax SCAN_REQUIRE_KNOWN requirement for package com.xiaomi.simactivate.service
07-24 14:09:58.104  2368  2368 W PackageManager: Relax SCAN_REQUIRE_KNOWN requirement for package com.google.android.ims
07-24 14:09:58.108  2368  2368 W PackageManager: Relax SCAN_REQUIRE_KNOWN requirement for package com.mi.android.globalminusscreen
07-24 14:09:58.110  2368  2368 W PackageManager: Relax SCAN_REQUIRE_KNOWN requirement for package com.google.android.inputmethod.latin
07-24 14:09:58.113  2368  2368 W PackageManager: Relax SCAN_REQUIRE_KNOWN requirement for package com.mi.globalbrowser
07-24 14:09:58.115  2368  2561 W PackageParsing: Unknown element under <manifest>: uses-sdk at /data/app/~~NFhUVXhV1tjF2YuH00fJNg==/com.adobe.reader-O_l_WARLVq7UmieR0l1cDQ==/base.apk Binary XML file line #9
07-24 14:09:58.115  2368  2561 W PackageParsing: Unknown element under <manifest>: module at /data/app/~~NFhUVXhV1tjF2YuH00fJNg==/com.adobe.reader-O_l_WARLVq7UmieR0l1cDQ==/base.apk Binary XML file line #13
07-24 14:09:58.115  2368  2561 W PackageParsing: Unknown element under <manifest>: uses-sdk at /data/app/~~NFhUVXhV1tjF2YuH00fJNg==/com.adobe.reader-O_l_WARLVq7UmieR0l1cDQ==/base.apk Binary XML file line #26
07-24 14:09:58.115  2368  2561 W PackageParsing: Unknown element under <manifest>: module at /data/app/~~NFhUVXhV1tjF2YuH00fJNg==/com.adobe.reader-O_l_WARLVq7UmieR0l1cDQ==/base.apk Binary XML file line #30
07-24 14:09:58.115  2368  2561 W PackageParsing: Unknown element under <manifest>: uses-sdk at /data/app/~~NFhUVXhV1tjF2YuH00fJNg==/com.adobe.reader-O_l_WARLVq7UmieR0l1cDQ==/base.apk Binary XML file line #26
07-24 14:09:58.115  2368  2561 W PackageParsing: Unknown element under <manifest>: module at /data/app/~~NFhUVXhV1tjF2YuH00fJNg==/com.adobe.reader-O_l_WARLVq7UmieR0l1cDQ==/base.apk Binary XML file line #30
07-24 14:09:58.128  2368  2368 W PackageManager: Skipping provider name com.alibaba.aliexpresshd.fileprovider (in package com.alibaba.aliexpresshd): name already used by com.alibaba.aliexpresshd
07-24 14:09:58.136  2368  2368 W PackageManager: Relax SCAN_REQUIRE_KNOWN requirement for package com.miui.cloudservice
07-24 14:09:58.140  2368  2368 W PackageManager: Relax SCAN_REQUIRE_KNOWN requirement for package com.facebook.system
07-24 14:09:58.142  2368  2368 W PackageManager: Relax SCAN_REQUIRE_KNOWN requirement for package android.autoinstalls.config.Xiaomi.model
07-24 14:09:58.143  2368  2562 W PackageParsing: No actions in intent-filter at /data/app/~~0yw6-3rDKyjpyfZBkp859g==/com.google.android.googlequicksearchbox-pwckv8tlYSPmANhB9BjUHg==/base.apk Binary XML file line #2994
07-24 14:09:58.144  2368  2368 W PackageManager: Relax SCAN_REQUIRE_KNOWN requirement for package com.miui.guardprovider
07-24 14:09:58.147  2368  2368 W PackageManager: Relax SCAN_REQUIRE_KNOWN requirement for package com.miui.securitycenter
07-24 14:09:58.151  2368  2562 W PackageParsing: Unknown element under <manifest>: uses-sdk at /data/app/~~0yw6-3rDKyjpyfZBkp859g==/com.google.android.googlequicksearchbox-pwckv8tlYSPmANhB9BjUHg==/base.apk Binary XML file line #9
07-24 14:09:58.151  2368  2562 W PackageParsing: Unknown element under <manifest>: module at /data/app/~~0yw6-3rDKyjpyfZBkp859g==/com.google.android.googlequicksearchbox-pwckv8tlYSPmANhB9BjUHg==/base.apk Binary XML file line #11
07-24 14:09:58.154  2368  2368 W PackageManager: Relax SCAN_REQUIRE_KNOWN requirement for package com.miui.msa.global
07-24 14:09:58.160  2368  2368 W PackageManager: Relax SCAN_REQUIRE_KNOWN requirement for package com.miui.gallery
07-24 14:09:58.166  2368  2368 W PackageManager: Relax SCAN_REQUIRE_KNOWN requirement for package com.miui.cleaner
07-24 14:09:58.168  2368  2368 W PackageManager: Relax SCAN_REQUIRE_KNOWN requirement for package com.google.android.marvin.talkback
07-24 14:09:58.174  2368  2368 W PackageManager: Relax SCAN_REQUIRE_KNOWN requirement for package com.xiaomi.xmsf
07-24 14:09:58.186  2368  2368 W PackageManager: Relax SCAN_REQUIRE_KNOWN requirement for package com.google.android.googlequicksearchbox
07-24 14:09:58.194  2368  2368 W PackageManager: Relax SCAN_REQUIRE_KNOWN requirement for package com.google.android.apps.restore
07-24 14:09:58.198  2368  2368 W PackageManager: Relax SCAN_REQUIRE_KNOWN requirement for package com.miui.analytics
07-24 14:09:58.202  2368  2368 W PackageManager: Relax SCAN_REQUIRE_KNOWN requirement for package com.google.android.apps.subscriptions.red
07-24 14:09:58.207  2368  2368 W PackageManager: Relax SCAN_REQUIRE_KNOWN requirement for package com.xiaomi.account
07-24 14:09:58.209  2368  2368 W PackageManager: Relax SCAN_REQUIRE_KNOWN requirement for package com.google.android.apps.setupwizard.searchselector
07-24 14:09:58.215  2368  2368 W PackageManager: Relax SCAN_REQUIRE_KNOWN requirement for package com.google.android.youtube
07-24 14:09:58.218  2368  2563 W PackageParsing: Ignoring duplicate uses-permissions/uses-permissions-sdk-m: android.permission.ACCESS_NETWORK_STATE in package: com.google.android.gm at: Binary XML file line #317
07-24 14:09:58.218  2368  2563 W PackageParsing: Ignoring duplicate uses-permissions/uses-permissions-sdk-m: android.permission.FOREGROUND_SERVICE in package: com.google.android.gm at: Binary XML file line #320
07-24 14:09:58.218  2368  2563 W PackageParsing: Ignoring duplicate uses-permissions/uses-permissions-sdk-m: android.permission.FOREGROUND_SERVICE_DATA_SYNC in package: com.google.android.gm at: Binary XML file line #321
07-24 14:09:58.218  2368  2563 W PackageParsing: Ignoring duplicate uses-permissions/uses-permissions-sdk-m: android.permission.INTERNET in package: com.google.android.gm at: Binary XML file line #322
07-24 14:09:58.218  2368  2563 W PackageParsing: Ignoring duplicate uses-permissions/uses-permissions-sdk-m: android.permission.RECEIVE_BOOT_COMPLETED in package: com.google.android.gm at: Binary XML file line #323
07-24 14:09:58.218  2368  2563 W PackageParsing: Ignoring duplicate uses-permissions/uses-permissions-sdk-m: android.permission.VIBRATE in package: com.google.android.gm at: Binary XML file line #324
07-24 14:09:58.218  2368  2563 W PackageParsing: Ignoring duplicate uses-permissions/uses-permissions-sdk-m: android.permission.WAKE_LOCK in package: com.google.android.gm at: Binary XML file line #325
07-24 14:09:58.218  2368  2563 W PackageParsing: Ignoring duplicate uses-permissions/uses-permissions-sdk-m: android.permission.WRITE_EXTERNAL_STORAGE in package: com.google.android.gm at: Binary XML file line #327
07-24 14:09:58.218  2368  2563 W PackageParsing: Ignoring duplicate uses-permissions/uses-permissions-sdk-m: android.permission.POST_NOTIFICATIONS in package: com.google.android.gm at: Binary XML file line #328
07-24 14:09:58.218  2368  2563 W PackageParsing: Ignoring duplicate uses-permissions/uses-permissions-sdk-m: com.google.android.c2dm.permission.RECEIVE in package: com.google.android.gm at: Binary XML file line #330
07-24 14:09:58.218  2368  2563 W PackageParsing: Ignoring duplicate uses-permissions/uses-permissions-sdk-m: android.permission.GET_PACKAGE_SIZE in package: com.google.android.gm at: Binary XML file line #331
07-24 14:09:58.218  2368  2563 W PackageParsing: Ignoring duplicate uses-permissions/uses-permissions-sdk-m: com.google.android.providers.gsf.permission.READ_GSERVICES in package: com.google.android.gm at: Binary XML file line #332
07-24 14:09:58.218  2368  2563 W PackageParsing: Ignoring duplicate uses-permissions/uses-permissions-sdk-m: com.google.android.providers.gsf.permission.READ_GSERVICES in package: com.google.android.gm at: Binary XML file line #337
07-24 14:09:58.218  2368  2563 W PackageParsing: Ignoring duplicate uses-permissions/uses-permissions-sdk-m: android.permission.GET_PACKAGE_SIZE in package: com.google.android.gm at: Binary XML file line #338
07-24 14:09:58.218  2368  2563 W PackageParsing: Ignoring duplicate uses-permissions/uses-permissions-sdk-m: android.permission.ACCESS_NETWORK_STATE in package: com.google.android.gm at: Binary XML file line #340
07-24 14:09:58.218  2368  2563 W PackageParsing: Ignoring duplicate uses-permissions/uses-permissions-sdk-m: android.permission.CAMERA in package: com.google.android.gm at: Binary XML file line #351
07-24 14:09:58.218  2368  2563 W PackageParsing: Ignoring duplicate uses-permissions/uses-permissions-sdk-m: android.permission.FOREGROUND_SERVICE in package: com.google.android.gm at: Binary XML file line #366
07-24 14:09:58.218  2368  2563 W PackageParsing: Ignoring duplicate uses-permissions/uses-permissions-sdk-m: android.permission.INTERNET in package: com.google.android.gm at: Binary XML file line #367
07-24 14:09:58.218  2368  2563 W PackageParsing: Ignoring duplicate uses-permissions/uses-permissions-sdk-m: android.permission.RECORD_AUDIO in package: com.google.android.gm at: Binary XML file line #369
07-24 14:09:58.218  2368  2563 W PackageParsing: Ignoring duplicate uses-permissions/uses-permissions-sdk-m: android.permission.WAKE_LOCK in package: com.google.android.gm at: Binary XML file line #370
07-24 14:09:58.218  2368  2563 W PackageParsing: Ignoring duplicate uses-permissions/uses-permissions-sdk-m: android.permission.POST_NOTIFICATIONS in package: com.google.android.gm at: Binary XML file line #379
07-24 14:09:58.218  2368  2563 W PackageParsing: Ignoring duplicate uses-permissions/uses-permissions-sdk-m: android.permission.FOREGROUND_SERVICE_DATA_SYNC in package: com.google.android.gm at: Binary XML file line #385
07-24 14:09:58.219  2368  2563 W PackageParsing: Ignoring duplicate uses-permissions/uses-permissions-sdk-m: com.google.android.gm.DYNAMIC_RECEIVER_NOT_EXPORTED_PERMISSION in package: com.google.android.gm at: Binary XML file line #391
07-24 14:09:58.219  2368  2563 W PackageParsing: Ignoring duplicate uses-permissions/uses-permissions-sdk-m: android.permission.VIBRATE in package: com.google.android.gm at: Binary XML file line #392
07-24 14:09:58.219  2368  2563 W PackageParsing: Ignoring duplicate uses-permissions/uses-permissions-sdk-m: android.permission.READ_CONTACTS in package: com.google.android.gm at: Binary XML file line #393
07-24 14:09:58.219  2368  2563 W PackageParsing: Ignoring duplicate uses-permissions/uses-permissions-sdk-m: com.google.android.hangouts.START_HANGOUT in package: com.google.android.gm at: Binary XML file line #394
07-24 14:09:58.219  2368  2368 W PackageManager: Relax SCAN_REQUIRE_KNOWN requirement for package com.android.deskclock
07-24 14:09:58.221  2368  2368 W PackageManager: Relax SCAN_REQUIRE_KNOWN requirement for package com.android.thememanager
07-24 14:09:58.221  2368  2563 W PackageParsing: No actions in intent-filter at /data/app/~~VemN4TwjvDZUNKapKJ4oqQ==/com.google.android.gm-ySE5A0NuExozfvLxBWqqkw==/base.apk Binary XML file line #933
07-24 14:09:58.222  2368  2563 W PackageParsing: No actions in intent-filter at /data/app/~~VemN4TwjvDZUNKapKJ4oqQ==/com.google.android.gm-ySE5A0NuExozfvLxBWqqkw==/base.apk Binary XML file line #1004
07-24 14:09:58.227  2368  2562 W PackageParsing: Unknown element under <manifest>: uses-sdk at /data/app/~~P6LeDjyPhR95XjFBhcy8-g==/com.android.vending-KoDXafaVpYcaoH9mugOV7Q==/base.apk Binary XML file line #9
07-24 14:09:58.227  2368  2562 W PackageParsing: Unknown element under <manifest>: module at /data/app/~~P6LeDjyPhR95XjFBhcy8-g==/com.android.vending-KoDXafaVpYcaoH9mugOV7Q==/base.apk Binary XML file line #11
07-24 14:09:58.237  2368  2368 W PackageManager: Skipping provider name com.miui.notes (in package com.miui.notes): name already used by com.miui.notes
07-24 14:09:58.247  2368  2368 W PackageManager: Relax SCAN_REQUIRE_KNOWN requirement for package com.miui.global.packageinstaller
07-24 14:09:58.249  2368  2368 W PackageManager: Relax SCAN_REQUIRE_KNOWN requirement for package com.google.android.apps.photos
07-24 14:09:58.253  2368  2368 W PackageManager: Relax SCAN_REQUIRE_KNOWN requirement for package com.google.android.contacts
07-24 14:09:58.256  2368  2368 W PackageManager: Relax SCAN_REQUIRE_KNOWN requirement for package com.miui.videoplayer
07-24 14:09:58.262  2368  2368 W PackageManager: Relax SCAN_REQUIRE_KNOWN requirement for package com.google.android.networkstack
07-24 14:09:58.265  2368  2561 W PackageParsing: No actions in intent-filter at /data/app/~~p9v0BVr5wtpFMyQBR3TFSA==/com.google.android.calendar-lGWCzQZxDwtWKOYtEDevFQ==/base.apk Binary XML file line #1031
07-24 14:09:58.272  2368  2368 W PackageManager: Relax SCAN_REQUIRE_KNOWN requirement for package com.xiaomi.discover
07-24 14:09:58.275  2368  2368 W PackageManager: Relax SCAN_REQUIRE_KNOWN requirement for package com.android.vending
07-24 14:09:58.279  2368  2368 W PackageManager: Relax SCAN_REQUIRE_KNOWN requirement for package com.google.android.gm
07-24 14:09:58.282  2368  2563 W PackageParsing: Ignoring duplicate uses-permissions/uses-permissions-sdk-m: android.permission.POST_NOTIFICATIONS in package: com.miui.player at: Binary XML file line #90
07-24 14:09:58.285  2368  2563 W PackageParsing: No actions in intent-filter at /data/app/~~cHjDiYFTm1atkqdcD2qlIg==/com.miui.player-Es9nDx5aQGUu-U2kf0uDLQ==/base.apk Binary XML file line #471
07-24 14:09:58.293  2368  2368 W PackageManager: Relax SCAN_REQUIRE_KNOWN requirement for package com.google.android.webview
07-24 14:09:58.299  2368  2561 W PackageParsing: Ignoring duplicate uses-permissions/uses-permissions-sdk-m: android.permission.ACCESS_MEDIA_LOCATION in package: com.facebook.katana at: Binary XML file line #89
07-24 14:09:58.299  2368  2561 W PackageParsing: Ignoring duplicate uses-permissions/uses-permissions-sdk-m: android.permission.NFC in package: com.facebook.katana at: Binary XML file line #175
07-24 14:09:58.300  2368  2561 W PackageParsing: Ignoring duplicate uses-permissions/uses-permissions-sdk-m: com.google.android.gms.permission.AD_ID in package: com.facebook.katana at: Binary XML file line #247
07-24 14:09:58.313  2368  2561 W PackageParsing: Unknown element under <application>: enable-feature at /data/app/~~yoUZ19amo6qvkHlr9I10lQ==/com.facebook.katana-qfYymJknz-dTYidkteWhUg==/base.apk Binary XML file line #2739
07-24 14:09:58.321  2368  2564 W PackageParsing: Unknown element under <manifest>: meta-data at /data/app/~~N8CPFWEoPOSrGMcFn2HHpw==/com.google.android.dialer-0zSfjVKC49zrBut5AwAm7Q==/base.apk Binary XML file line #163
07-24 14:09:58.322  2368  2564 W PackageParsing: Unknown element under <manifest>: meta-data at /data/app/~~N8CPFWEoPOSrGMcFn2HHpw==/com.google.android.dialer-0zSfjVKC49zrBut5AwAm7Q==/base.apk Binary XML file line #170
07-24 14:09:58.322  2368  2561 W PackageParsing: Unknown element under <manifest>: uses-sdk at /data/app/~~yoUZ19amo6qvkHlr9I10lQ==/com.facebook.katana-qfYymJknz-dTYidkteWhUg==/base.apk Binary XML file line #10
07-24 14:09:58.322  2368  2561 W PackageParsing: Unknown element under <manifest>: module at /data/app/~~yoUZ19amo6qvkHlr9I10lQ==/com.facebook.katana-qfYymJknz-dTYidkteWhUg==/base.apk Binary XML file line #12
07-24 14:09:58.322  2368  2561 W PackageParsing: Unknown element under <manifest>: uses-sdk at /data/app/~~yoUZ19amo6qvkHlr9I10lQ==/com.facebook.katana-qfYymJknz-dTYidkteWhUg==/base.apk Binary XML file line #10
07-24 14:09:58.322  2368  2561 W PackageParsing: Unknown element under <manifest>: module at /data/app/~~yoUZ19amo6qvkHlr9I10lQ==/com.facebook.katana-qfYymJknz-dTYidkteWhUg==/base.apk Binary XML file line #12
07-24 14:09:58.351  2368  2368 W PackageManager: Skipping provider name com.microsoft.teams.provider (in package com.microsoft.teams): name already used by com.microsoft.teams
07-24 14:09:58.362  2368  2368 W PackageManager: Relax SCAN_REQUIRE_KNOWN requirement for package com.miui.miservice
07-24 14:09:58.369  2368  2368 W PackageManager: Relax SCAN_REQUIRE_KNOWN requirement for package com.google.android.apps.wellbeing
07-24 14:09:58.382  2368  2368 W PackageManager: Relax SCAN_REQUIRE_KNOWN requirement for package com.google.android.projection.gearhead
07-24 14:09:58.386  2368  2368 W PackageManager: Relax SCAN_REQUIRE_KNOWN requirement for package com.miui.securityadd
07-24 14:09:58.388  2368  2564 W PackageParsing: Unknown element under <manifest>: uses-sdk at /data/app/~~YPeKq8qacNP1qsLWFC7AXQ==/com.android.chrome-9XqsUgfKq81oQIXD0rX5tw==/base.apk Binary XML file line #3
07-24 14:09:58.388  2368  2564 W PackageParsing: Unknown element under <manifest>: module at /data/app/~~YPeKq8qacNP1qsLWFC7AXQ==/com.android.chrome-9XqsUgfKq81oQIXD0rX5tw==/base.apk Binary XML file line #5
07-24 14:09:58.388  2368  2564 W PackageParsing: Unknown element under <manifest>: uses-permission at /data/app/~~YPeKq8qacNP1qsLWFC7AXQ==/com.android.chrome-9XqsUgfKq81oQIXD0rX5tw==/base.apk Binary XML file line #9
07-24 14:09:58.388  2368  2564 W PackageParsing: Unknown element under <manifest>: uses-permission at /data/app/~~YPeKq8qacNP1qsLWFC7AXQ==/com.android.chrome-9XqsUgfKq81oQIXD0rX5tw==/base.apk Binary XML file line #10
07-24 14:09:58.388  2368  2368 W PackageManager: Relax SCAN_REQUIRE_KNOWN requirement for package com.android.mms
07-24 14:09:58.388  2368  2564 W PackageParsing: Unknown element under <manifest>: queries at /data/app/~~YPeKq8qacNP1qsLWFC7AXQ==/com.android.chrome-9XqsUgfKq81oQIXD0rX5tw==/base.apk Binary XML file line #12
07-24 14:09:58.391  2368  2368 W PackageManager: Relax SCAN_REQUIRE_KNOWN requirement for package com.xiaomi.glgm
07-24 14:09:58.393  2368  2564 W PackageParsing: Unknown element under <manifest>: uses-sdk at /data/app/~~YPeKq8qacNP1qsLWFC7AXQ==/com.android.chrome-9XqsUgfKq81oQIXD0rX5tw==/base.apk Binary XML file line #3
07-24 14:09:58.393  2368  2564 W PackageParsing: Unknown element under <manifest>: module at /data/app/~~YPeKq8qacNP1qsLWFC7AXQ==/com.android.chrome-9XqsUgfKq81oQIXD0rX5tw==/base.apk Binary XML file line #5
07-24 14:09:58.393  2368  2368 W PackageManager: Relax SCAN_REQUIRE_KNOWN requirement for package com.miui.cloudbackup
07-24 14:09:58.394  2368  2564 W PackageParsing: Unknown element under <manifest>: uses-sdk at /data/app/~~YPeKq8qacNP1qsLWFC7AXQ==/com.android.chrome-9XqsUgfKq81oQIXD0rX5tw==/base.apk Binary XML file line #3
07-24 14:09:58.394  2368  2564 W PackageParsing: Unknown element under <manifest>: module at /data/app/~~YPeKq8qacNP1qsLWFC7AXQ==/com.android.chrome-9XqsUgfKq81oQIXD0rX5tw==/base.apk Binary XML file line #5
07-24 14:09:58.394  2368  2564 W PackageParsing: Unknown element under <manifest>: uses-permission at /data/app/~~YPeKq8qacNP1qsLWFC7AXQ==/com.android.chrome-9XqsUgfKq81oQIXD0rX5tw==/base.apk Binary XML file line #9
07-24 14:09:58.394  2368  2564 W PackageParsing: Unknown element under <manifest>: uses-split at /data/app/~~YPeKq8qacNP1qsLWFC7AXQ==/com.android.chrome-9XqsUgfKq81oQIXD0rX5tw==/base.apk Binary XML file line #53
07-24 14:09:58.396  2368  2564 W PackageParsing: Unknown element under <manifest>: uses-sdk at /data/app/~~YPeKq8qacNP1qsLWFC7AXQ==/com.android.chrome-9XqsUgfKq81oQIXD0rX5tw==/base.apk Binary XML file line #3
07-24 14:09:58.396  2368  2564 W PackageParsing: Unknown element under <manifest>: module at /data/app/~~YPeKq8qacNP1qsLWFC7AXQ==/com.android.chrome-9XqsUgfKq81oQIXD0rX5tw==/base.apk Binary XML file line #5
07-24 14:09:58.396  2368  2368 W PackageManager: Relax SCAN_REQUIRE_KNOWN requirement for package com.google.android.documentsui
07-24 14:09:58.398  2368  2564 W PackageParsing: Unknown element under <manifest>: uses-sdk at /data/app/~~YPeKq8qacNP1qsLWFC7AXQ==/com.android.chrome-9XqsUgfKq81oQIXD0rX5tw==/base.apk Binary XML file line #3
07-24 14:09:58.398  2368  2564 W PackageParsing: Unknown element under <manifest>: module at /data/app/~~YPeKq8qacNP1qsLWFC7AXQ==/com.android.chrome-9XqsUgfKq81oQIXD0rX5tw==/base.apk Binary XML file line #5
07-24 14:09:58.399  2368  2368 W PackageManager: Relax SCAN_REQUIRE_KNOWN requirement for package com.google.android.calendar
07-24 14:09:58.403  2368  2368 W PackageManager: Relax SCAN_REQUIRE_KNOWN requirement for package com.facebook.services
07-24 14:09:58.404  2368  2368 W PackageManager: Relax SCAN_REQUIRE_KNOWN requirement for package com.facebook.appmanager
07-24 14:09:58.408  2368  2368 W PackageManager: Relax SCAN_REQUIRE_KNOWN requirement for package com.miui.player
07-24 14:09:58.414  2368  2562 W PackageParsing: Unknown element under <manifest>: uses-sdk at /data/app/~~CnC6ddQoi67hj6_x9zFqMA==/com.google.android.gms-0GIRZndKepDOJUN4oqmYVg==/base.apk Binary XML file line #10
07-24 14:09:58.415  2368  2562 W PackageParsing: Unknown element under <manifest>: module at /data/app/~~CnC6ddQoi67hj6_x9zFqMA==/com.google.android.gms-0GIRZndKepDOJUN4oqmYVg==/base.apk Binary XML file line #14
07-24 14:09:58.415  2368  2562 W PackageParsing: Unknown element under <manifest>: uses-sdk at /data/app/~~CnC6ddQoi67hj6_x9zFqMA==/com.google.android.gms-0GIRZndKepDOJUN4oqmYVg==/base.apk Binary XML file line #10
07-24 14:09:58.415  2368  2562 W PackageParsing: Unknown element under <manifest>: module at /data/app/~~CnC6ddQoi67hj6_x9zFqMA==/com.google.android.gms-0GIRZndKepDOJUN4oqmYVg==/base.apk Binary XML file line #14
07-24 14:09:58.415  2368  2562 W PackageParsing: Unknown element under <manifest>: permission at /data/app/~~CnC6ddQoi67hj6_x9zFqMA==/com.google.android.gms-0GIRZndKepDOJUN4oqmYVg==/base.apk Binary XML file line #24
07-24 14:09:58.416  2368  2562 W PackageParsing: Unknown element under <manifest>: uses-sdk at /data/app/~~CnC6ddQoi67hj6_x9zFqMA==/com.google.android.gms-0GIRZndKepDOJUN4oqmYVg==/base.apk Binary XML file line #10
07-24 14:09:58.416  2368  2562 W PackageParsing: Unknown element under <manifest>: module at /data/app/~~CnC6ddQoi67hj6_x9zFqMA==/com.google.android.gms-0GIRZndKepDOJUN4oqmYVg==/base.apk Binary XML file line #14
07-24 14:09:58.416  2368  2562 W PackageParsing: Unknown element under <manifest>: permission at /data/app/~~CnC6ddQoi67hj6_x9zFqMA==/com.google.android.gms-0GIRZndKepDOJUN4oqmYVg==/base.apk Binary XML file line #24
07-24 14:09:58.417  2368  2562 W PackageParsing: Unknown element under <manifest>: uses-sdk at /data/app/~~CnC6ddQoi67hj6_x9zFqMA==/com.google.android.gms-0GIRZndKepDOJUN4oqmYVg==/base.apk Binary XML file line #10
07-24 14:09:58.417  2368  2562 W PackageParsing: Unknown element under <manifest>: module at /data/app/~~CnC6ddQoi67hj6_x9zFqMA==/com.google.android.gms-0GIRZndKepDOJUN4oqmYVg==/base.apk Binary XML file line #14
07-24 14:09:58.417  2368  2562 W PackageParsing: Unknown element under <manifest>: permission at /data/app/~~CnC6ddQoi67hj6_x9zFqMA==/com.google.android.gms-0GIRZndKepDOJUN4oqmYVg==/base.apk Binary XML file line #24
07-24 14:09:58.418  2368  2562 W PackageParsing: Unknown element under <manifest>: uses-sdk at /data/app/~~CnC6ddQoi67hj6_x9zFqMA==/com.google.android.gms-0GIRZndKepDOJUN4oqmYVg==/base.apk Binary XML file line #10
07-24 14:09:58.418  2368  2562 W PackageParsing: Unknown element under <manifest>: module at /data/app/~~CnC6ddQoi67hj6_x9zFqMA==/com.google.android.gms-0GIRZndKepDOJUN4oqmYVg==/base.apk Binary XML file line #14
07-24 14:09:58.418  2368  2562 W PackageParsing: Unknown element under <manifest>: uses-feature at /data/app/~~CnC6ddQoi67hj6_x9zFqMA==/com.google.android.gms-0GIRZndKepDOJUN4oqmYVg==/base.apk Binary XML file line #24
07-24 14:09:58.418  2368  2562 W PackageParsing: Unknown element under <manifest>: queries at /data/app/~~CnC6ddQoi67hj6_x9zFqMA==/com.google.android.gms-0GIRZndKepDOJUN4oqmYVg==/base.apk Binary XML file line #28
07-24 14:09:58.418  2368  2562 W PackageParsing: Unknown element under <manifest>: permission at /data/app/~~CnC6ddQoi67hj6_x9zFqMA==/com.google.android.gms-0GIRZndKepDOJUN4oqmYVg==/base.apk Binary XML file line #34
07-24 14:09:58.419  2368  2562 W PackageParsing: Unknown element under <manifest>: uses-sdk at /data/app/~~CnC6ddQoi67hj6_x9zFqMA==/com.google.android.gms-0GIRZndKepDOJUN4oqmYVg==/base.apk Binary XML file line #10
07-24 14:09:58.419  2368  2562 W PackageParsing: Unknown element under <manifest>: module at /data/app/~~CnC6ddQoi67hj6_x9zFqMA==/com.google.android.gms-0GIRZndKepDOJUN4oqmYVg==/base.apk Binary XML file line #14
07-24 14:09:58.419  2368  2562 W PackageParsing: Unknown element under <manifest>: permission at /data/app/~~CnC6ddQoi67hj6_x9zFqMA==/com.google.android.gms-0GIRZndKepDOJUN4oqmYVg==/base.apk Binary XML file line #24
07-24 14:09:58.420  2368  2562 W PackageParsing: Unknown element under <manifest>: uses-sdk at /data/app/~~CnC6ddQoi67hj6_x9zFqMA==/com.google.android.gms-0GIRZndKepDOJUN4oqmYVg==/base.apk Binary XML file line #10
07-24 14:09:58.420  2368  2562 W PackageParsing: Unknown element under <manifest>: module at /data/app/~~CnC6ddQoi67hj6_x9zFqMA==/com.google.android.gms-0GIRZndKepDOJUN4oqmYVg==/base.apk Binary XML file line #14
07-24 14:09:58.420  2368  2562 W PackageParsing: Unknown element under <manifest>: permission at /data/app/~~CnC6ddQoi67hj6_x9zFqMA==/com.google.android.gms-0GIRZndKepDOJUN4oqmYVg==/base.apk Binary XML file line #24
07-24 14:09:58.421  2368  2562 W PackageParsing: Unknown element under <manifest>: uses-sdk at /data/app/~~CnC6ddQoi67hj6_x9zFqMA==/com.google.android.gms-0GIRZndKepDOJUN4oqmYVg==/base.apk Binary XML file line #10
07-24 14:09:58.421  2368  2562 W PackageParsing: Unknown element under <manifest>: module at /data/app/~~CnC6ddQoi67hj6_x9zFqMA==/com.google.android.gms-0GIRZndKepDOJUN4oqmYVg==/base.apk Binary XML file line #14
07-24 14:09:58.421  2368  2562 W PackageParsing: Unknown element under <manifest>: permission at /data/app/~~CnC6ddQoi67hj6_x9zFqMA==/com.google.android.gms-0GIRZndKepDOJUN4oqmYVg==/base.apk Binary XML file line #24
07-24 14:09:58.425  2368  2368 W PackageManager: Relax SCAN_REQUIRE_KNOWN requirement for package com.google.android.dialer
07-24 14:09:58.432  2368  2368 W PackageManager: Relax SCAN_REQUIRE_KNOWN requirement for package com.google.android.captiveportallogin
07-24 14:09:58.442  2368  2368 W PackageManager: Relax SCAN_REQUIRE_KNOWN requirement for package com.google.android.tts
07-24 14:09:58.443  2368  2368 W PackageManager: Relax SCAN_REQUIRE_KNOWN requirement for package com.android.chrome
07-24 14:09:58.445  2368  2368 W PackageManager: Relax SCAN_REQUIRE_KNOWN requirement for package com.google.android.gms
07-24 14:09:58.461  2368  2368 I PackageManager: Finished scanning non-system apps. Time: 459 ms, packageCount: 105 , timePerPackage: 4 , cached: 71
07-24 14:09:58.464  2368  2368 E PackageManager: updateAllSharedLibrariesLPw failed: Package com.qualcomm.qti.lpa requires unavailable shared library com.qualcomm.qti.lpa.uimlpalibrary; failing!
07-24 14:09:58.464  2368  2368 E PackageManager: updateAllSharedLibrariesLPw failed: Package com.qti.snapdragon.qdcm_ff requires unavailable shared library vendor.display.color.V1_0.IDisplayColor; failing!
07-24 14:09:58.465  2368  2368 E PackageManager: updateAllSharedLibrariesLPw failed: Package com.qualcomm.wfd.service requires unavailable shared library .WfdService; failing!
07-24 14:09:58.470  2368  2368 I PackageManager: Time to scan packages: 0.902 seconds
07-24 14:09:58.470  2368  2368 I PackageManager: Permission ownership changed. Updating all permissions.
07-24 14:09:58.598  2368  2368 I PackageManagerTiming: write settings
07-24 14:09:58.598  2368  2569 I SystemServerTimingAsync: InitThreadPoolExec:prepareAppData
07-24 14:09:58.642  2368  2368 I PackageManagerTiming: GC
07-24 14:09:58.642  2368  2368 I PackageManager: Fix for b/169414761 is applied
07-24 14:09:58.643  2368  2368 W UserManagerService: checkWhitelistedSystemPackages(mode=ENFORCE|IMPLICIT_WHITELIST) has 56 warnings:
07-24 14:09:58.643  2368  2368 W UserManagerService: com.android.theme.color.amethyst is allowlisted but not present.
07-24 14:09:58.643  2368  2368 W UserManagerService: com.android.theme.icon.pebble is allowlisted but not present.
07-24 14:09:58.643  2368  2368 W UserManagerService: com.android.theme.color.sand is allowlisted but not present.
07-24 14:09:58.643  2368  2368 W UserManagerService: com.android.theme.icon.vessel is allowlisted but not present.
07-24 14:09:58.643  2368  2368 W UserManagerService: com.android.theme.color.cinnamon is allowlisted but not present.
07-24 14:09:58.643  2368  2368 W UserManagerService: com.android.theme.icon_pack.victor.settings is allowlisted but not present.
07-24 14:09:58.643  2368  2368 W UserManagerService: com.android.theme.icon_pack.rounded.systemui is allowlisted but not present.
07-24 14:09:58.643  2368  2368 W UserManagerService: com.android.theme.icon.taperedrect is allowlisted but not present.
07-24 14:09:58.643  2368  2368 W UserManagerService: com.android.theme.icon_pack.rounded.android is allowlisted but not present.
07-24 14:09:58.643  2368  2368 W UserManagerService: com.qualcomm.qti.euiccresource is allowlisted but not present.
07-24 14:09:58.643  2368  2368 W UserManagerService: com.android.theme.icon_pack.victor.systemui is allowlisted but not present.
07-24 14:09:58.643  2368  2368 W UserManagerService: com.android.theme.icon_pack.circular.themepicker is allowlisted but not present.
07-24 14:09:58.643  2368  2368 W UserManagerService: com.android.theme.color.tangerine is allowlisted but not present.
07-24 14:09:58.643  2368  2368 W UserManagerService: com.android.theme.color.aquamarine is allowlisted but not present.
07-24 14:09:58.643  2368  2368 W UserManagerService: com.android.theme.color.black is allowlisted but not present.
07-24 14:09:58.643  2368  2368 W UserManagerService: com.android.theme.color.green is allowlisted but not present.
07-24 14:09:58.643  2368  2368 W UserManagerService: com.android.theme.color.ocean is allowlisted but not present.
07-24 14:09:58.643  2368  2368 W UserManagerService: com.android.theme.color.space is allowlisted but not present.
07-24 14:09:58.643  2368  2368 W UserManagerService: com.qualcomm.qti.callfeaturessetting is allowlisted but not present.
07-24 14:09:58.643  2368  2368 W UserManagerService: com.android.theme.icon_pack.rounded.launcher is allowlisted but not present.
07-24 14:09:58.643  2368  2368 W UserManagerService: com.android.theme.icon_pack.kai.settings is allowlisted but not present.
07-24 14:09:58.643  2368  2368 W UserManagerService: com.android.internal.systemui.navbar.twobutton is allowlisted but not present.
07-24 14:09:58.643  2368  2368 W UserManagerService: com.android.theme.icon_pack.sam.settings is allowlisted but not present.
07-24 14:09:58.643  2368  2368 W UserManagerService: com.android.theme.icon_pack.kai.themepicker is allowlisted but not present.
07-24 14:09:58.643  2368  2368 W UserManagerService: com.android.theme.icon_pack.victor.launcher is allowlisted but not present.
07-24 14:09:58.643  2368  2368 W UserManagerService: com.android.theme.icon_pack.filled.settings is allowlisted but not present.
07-24 14:09:58.643  2368  2368 W UserManagerService: com.android.theme.icon_pack.kai.systemui is allowlisted but not present.
07-24 14:09:58.643  2368  2368 W UserManagerService: com.android.theme.icon_pack.circular.settings is allowlisted but not present.
07-24 14:09:58.643  2368  2368 W UserManagerService: com.android.theme.icon_pack.sam.systemui is allowlisted but not present.
07-24 14:09:58.643  2368  2368 W UserManagerService: com.android.theme.icon.teardrop is allowlisted but not present.
07-24 14:09:58.643  2368  2368 W UserManagerService: com.android.theme.icon_pack.rounded.themepicker is allowlisted but not present.
