10-10 16:01:58.069  2042  4080 D ActivityManager: checkAllowBackground: uid=10163 pkg=com.google.android.gms rec=UidRecord{3efeecd u0a163 FGS  change:procadj procs:0 seq(1382641,1293144)} caps=LCMNFU always=false idle=false
10-10 16:01:58.072  2042  4080 D ActivityManager: checkAllowBackground: uid=10163 pkg=com.google.android.gms rec=UidRecord{3efeecd u0a163 FGS  change:procadj procs:0 seq(1382644,1293144)} caps=LCMNFU always=false idle=false
10-10 16:01:58.091  2042  4080 D ActivityManager: checkAllowBackground: uid=10163 pkg=com.google.android.gms rec=UidRecord{3efeecd u0a163 FGS  change:procadj procs:0 seq(1382649,1293144)} caps=LCMNFU always=false idle=false
10-10 16:01:58.097  2042  4080 D ActivityManager: checkAllowBackground: uid=10163 pkg=com.google.android.gms rec=UidRecord{3efeecd u0a163 FGS  change:procadj procs:0 seq(1382651,1293144)} caps=LCMNFU always=false idle=false
10-10 16:01:58.105  2042  4080 D ActivityManager: checkAllowBackground: uid=10163 pkg=com.google.android.gms rec=UidRecord{3efeecd u0a163 FGS  change:procadj procs:0 seq(1382653,1293144)} caps=LCMNFU always=false idle=false
10-10 16:01:58.212  4304  4304 D ArtChoreographerMonitor: invoke error.
10-10 16:01:58.218  2042  3524 I SmartPower: android.process.acore/10060(22083): background->idle(3003ms) R(broadcast start Intent { act=android.intent.action.PACKAGE_CHANGED dat=package: flg=0x45000010 (has extras) }) adj=800.
10-10 16:01:58.218  2042  3524 I SmartPower: com.xiaomi.mipicks/10120(22862): background->idle(3003ms) R(broadcast start Intent { act=android.intent.action.PACKAGE_CHANGED dat=package: flg=0x45000010 (has extras) }) adj=905.
10-10 16:01:58.218  2042  3524 I SmartPower: com.xiaomi.discover/10121(23492): background->idle(3003ms) R(broadcast start Intent { act=android.intent.action.PACKAGE_CHANGED dat=package: flg=0x45000010 (has extras) }) adj=905.
10-10 16:01:58.218  2042  3524 I SmartPower: com.facebook.appmanager/10138(27658): background->idle(3003ms) R(broadcast start Intent { act=android.intent.action.PACKAGE_CHANGED dat=package: flg=0x45000010 (has extras) }) adj=905.
10-10 16:01:58.218  2042  3524 I SmartPower: com.google.android.apps.photos/10195(24568): background->idle(3003ms) R(broadcast start Intent { act=android.intent.action.PACKAGE_CHANGED dat=package: flg=0x45000010 (has extras) }) adj=905.
10-10 16:01:58.218  2042  3524 I SmartPower: com.facebook.services/10091(27688): background->idle(3002ms) R(broadcast start Intent { act=android.intent.action.PACKAGE_CHANGED dat=package: flg=0x45000010 (has extras) }) adj=905.
10-10 16:01:58.218  2042  3524 I SmartPower: com.google.android.apps.messaging/10165(16883): background->idle(3001ms) R(broadcast start Intent { act=android.intent.action.PACKAGE_CHANGED dat=package: flg=0x45000010 (has extras) }) adj=905.
10-10 16:01:58.218  2042  3524 I SmartPower: com.google.android.apps.messaging:rcs/10165(20559): background->idle(3004ms) R(broadcast start Intent { act=android.intent.action.PACKAGE_CHANGED dat=package: flg=0x45000010 (has extras) }) adj=200.
10-10 16:01:58.218  2042  3524 I SmartPower: com.google.android.contacts/10169(16355): background->idle(3001ms) R(broadcast start Intent { act=android.intent.action.PACKAGE_CHANGED dat=package: flg=0x45000010 (has extras) }) adj=915.
10-10 16:01:58.218  2042  3524 I SmartPower: com.google.android.contacts:learning_bg/10169(19191): background->idle(3001ms) R(broadcast start Intent { act=android.intent.action.PACKAGE_CHANGED dat=package: flg=0x45000010 (has extras) }) adj=915.
10-10 16:01:58.219  2042  3524 I SmartPower: com.google.android.documentsui/10066(22300): background->idle(3001ms) R(broadcast start Intent { act=android.intent.action.PACKAGE_CHANGED dat=package: flg=0x45000010 (has extras) }) adj=935.
10-10 16:01:58.402  2042  2042 D AutofillSession: Service did not request to wait for delayed fill response.
10-10 16:01:58.403  2042  6878 D ActivityManager: checkAllowBackground: uid=10163 pkg=com.google.android.gms rec=UidRecord{3efeecd u0a163 FGS  change:procadj procs:0 seq(1382655,1293144)} caps=LCMNFU always=false idle=false
10-10 16:01:58.425  2042  6878 W WindowManager: Requires INTERNAL_SYSTEM_WINDOW permission if assign type to input. New type will be 0.
10-10 16:01:58.431  2042  6878 W WindowManager: Cannot find window which accessibility connection is added to
10-10 16:01:58.918  2042  3524 I SmartPower: com.android.chrome:privileged_process2/10172(971): background->idle(3000ms) R(become invisible) adj=700.
10-10 16:01:58.918  2042  3524 I SmartPower: com.android.chrome/10172(25786): background->idle(3001ms) R(become invisible) adj=700.
10-10 16:01:58.958  2042  3524 I SmartPower: com.google.android.adservices.api/10294(20677): background->idle(5511ms) R(adj below visible) adj=100.
10-10 16:01:59.101  2183  2183 I wificond: station_bandwidth: P
10-10 16:02:00.000  2042  3123 D ActivityManager: checkAllowBackground: uid=1000 pkg=android rec=UidRecord{b77cac0 1000 PER  fgServices change:procadj procs:0 seq(1382616,448524)} caps=LCMNFU always=false idle=false
10-10 16:02:00.002  2042  3123 D AlarmManager: mBroadcastRefCount -> 1
10-10 16:02:00.003  2042  2042 D AlarmManager: mBroadcastRefCount -> 0
10-10 16:02:00.003  2042  2042 D AlarmManager: mPendingIntent -> null
10-10 16:02:00.005  4304  4304 D ArtChoreographerMonitor: invoke error.
10-10 16:02:00.189  4304  4304 D ArtChoreographerMonitor: invoke error.
10-10 16:02:00.550  2042  3524 I SmartPower: com.android.chrome:sandboxed_process0:org.chromium.content.app.SandboxedProcessSerbackground->idle(7101ms) R(adj below visible) adj=900.
10-10 16:02:00.551  2042  3524 I SmartPower: com.android.chrome:sandboxed_process0:org.chromium.content.app.SandboxedProcessSerbackground->idle(7101ms) R(adj below visible) adj=910.
10-10 16:02:00.551  2042  3524 I SmartPower: com.android.chrome:sandboxed_process0:org.chromium.content.app.SandboxedProcessSerbackground->idle(7102ms) R(adj below visible) adj=920.
10-10 16:02:00.551  2042  3524 I SmartPower: com.android.chrome:sandboxed_process0:org.chromium.content.app.SandboxedProcessSerbackground->idle(7102ms) R(adj below visible) adj=930.
10-10 16:02:00.551  2042  3524 I SmartPower: com.android.chrome:sandboxed_process0:org.chromium.content.app.SandboxedProcessSerbackground->idle(7103ms) R(adj below visible) adj=950.
10-10 16:02:00.551  2042  3524 I SmartPower: com.android.chrome:sandboxed_process0:org.chromium.content.app.SandboxedProcessSerbackground->idle(7103ms) R(adj below visible) adj=960.
10-10 16:02:00.551  2042  3524 I SmartPower: com.android.chrome:sandboxed_process0:org.chromium.content.app.SandboxedProcessSerbackground->idle(7103ms) R(adj below visible) adj=970.
10-10 16:02:00.861  2042  3524 I SmartPower: com.android.chrome:sandboxed_process0:org.chromium.content.app.SandboxedProcessSerbackground->idle(7414ms) R(adj below visible) adj=700.
10-10 16:02:01.920  2042  3524 I SmartPower: com.android.chrome:sandboxed_process0:org.chromium.content.app.SandboxedProcessSerbackground->idle(8473ms) R(remove from whitelist) adj=200.
10-10 16:02:01.920  2042  3524 I SmartPower: com.android.chrome:sandboxed_process0:org.chromium.content.app.SandboxedProcessSerbackground->idle(8473ms) R(remove from whitelist) adj=200.
10-10 16:02:01.920  2042  3524 I SmartPower: com.android.chrome:sandboxed_process0:org.chromium.content.app.SandboxedProcessSerbackground->idle(8472ms) R(remove from whitelist) adj=990.
10-10 16:02:01.920  2042  3524 I SmartPower: com.android.chrome:sandboxed_process0:org.chromium.content.app.SandboxedProcessSerbackground->idle(8472ms) R(remove from whitelist) adj=990.
10-10 16:02:01.920  2042  3524 I SmartPower: com.android.chrome:sandboxed_process0:org.chromium.content.app.SandboxedProcessSerbackground->idle(8472ms) R(remove from whitelist) adj=980.
10-10 16:02:01.920  2042  3524 I SmartPower: com.android.chrome:sandboxed_process0:org.chromium.content.app.SandboxedProcessSerbackground->idle(8472ms) R(remove from whitelist) adj=980.
10-10 16:02:01.921  2042  3524 I SmartPower: com.android.chrome:sandboxed_process0:org.chromium.content.app.SandboxedProcessSerbackground->idle(8472ms) R(remove from whitelist) adj=970.
10-10 16:02:01.921  2042  3524 I SmartPower: com.android.chrome:sandboxed_process0:org.chromium.content.app.SandboxedProcessSerbackground->idle(8473ms) R(remove from whitelist) adj=970.
10-10 16:02:01.921  2042  3524 I SmartPower: com.android.chrome:sandboxed_process0:org.chromium.content.app.SandboxedProcessSerbackground->idle(8473ms) R(remove from whitelist) adj=960.
10-10 16:02:01.921  2042  3524 I SmartPower: com.android.chrome:sandboxed_process0:org.chromium.content.app.SandboxedProcessSerbackground->idle(8473ms) R(remove from whitelist) adj=960.
10-10 16:02:01.921  2042  3524 I SmartPower: com.android.chrome:sandboxed_process0:org.chromium.content.app.SandboxedProcessSerbackground->idle(8473ms) R(remove from whitelist) adj=950.
10-10 16:02:01.921  2042  3524 I SmartPower: com.android.chrome:sandboxed_process0:org.chromium.content.app.SandboxedProcessSerbackground->idle(8473ms) R(remove from whitelist) adj=950.
10-10 16:02:01.921  2042  3524 I SmartPower: com.android.chrome:sandboxed_process0:org.chromium.content.app.SandboxedProcessSerbackground->idle(8473ms) R(remove from whitelist) adj=950.
10-10 16:02:01.921  2042  3524 I SmartPower: com.android.chrome:sandboxed_process0:org.chromium.content.app.SandboxedProcessSerbackground->idle(8473ms) R(remove from whitelist) adj=940.
10-10 16:02:01.921  2042  3524 I SmartPower: com.android.chrome:sandboxed_process0:org.chromium.content.app.SandboxedProcessSerbackground->idle(8473ms) R(remove from whitelist) adj=940.
10-10 16:02:01.921  2042  3524 I SmartPower: com.android.chrome:sandboxed_process0:org.chromium.content.app.SandboxedProcessSerbackground->idle(8473ms) R(remove from whitelist) adj=940.
10-10 16:02:01.921  2042  3524 I SmartPower: com.android.chrome:sandboxed_process0:org.chromium.content.app.SandboxedProcessSerbackground->idle(8472ms) R(remove from whitelist) adj=930.
10-10 16:02:01.921  2042  3524 I SmartPower: com.android.chrome:sandboxed_process0:org.chromium.content.app.SandboxedProcessSerbackground->idle(8472ms) R(remove from whitelist) adj=930.
10-10 16:02:01.922  2042  3524 I SmartPower: com.android.chrome:sandboxed_process0:org.chromium.content.app.SandboxedProcessSerbackground->idle(8472ms) R(remove from whitelist) adj=930.
10-10 16:02:01.922  2042  3524 I SmartPower: com.android.chrome:sandboxed_process0:org.chromium.content.app.SandboxedProcessSerbackground->idle(8473ms) R(remove from whitelist) adj=920.
10-10 16:02:01.922  2042  3524 I SmartPower: com.android.chrome:sandboxed_process0:org.chromium.content.app.SandboxedProcessSerbackground->idle(8473ms) R(remove from whitelist) adj=920.
10-10 16:02:01.922  2042  3524 I SmartPower: com.android.chrome:sandboxed_process0:org.chromium.content.app.SandboxedProcessSerbackground->idle(8473ms) R(remove from whitelist) adj=920.
10-10 16:02:01.922  2042  3524 I SmartPower: com.android.chrome:sandboxed_process0:org.chromium.content.app.SandboxedProcessSerbackground->idle(8473ms) R(remove from whitelist) adj=910.
10-10 16:02:01.922  2042  3524 I SmartPower: com.android.chrome:sandboxed_process0:org.chromium.content.app.SandboxedProcessSerbackground->idle(8473ms) R(remove from whitelist) adj=910.
10-10 16:02:01.922  2042  3524 I SmartPower: com.android.chrome:sandboxed_process0:org.chromium.content.app.SandboxedProcessSerbackground->idle(8473ms) R(remove from whitelist) adj=900.
10-10 16:02:02.114  2183  2183 I wificond: station_bandwidth: P
10-10 16:02:04.184  2042  3123 D AlarmManager: mBroadcastRefCount -> 1
10-10 16:02:04.193  2042  2787 W ProcessStats: Tracking association SourceState{3682bb3 com.miui.analytics/10093 BFgs #194874} whose proc state 4 is better than process ProcessState{6688729 com.miui.securitycenter.remote/1000 pkg=com.miui.securitycenter} proc state 9 (157 skipped)
10-10 16:02:04.194  2042  2042 I ExtM    : mark duration up to 2m , try to mark.
10-10 16:02:04.194  2042  2042 D MFZ     : Start Mark
10-10 16:02:04.195  2042  3997 D ExtM    : Start marking ...
10-10 16:02:04.195  2042  3997 W ExtM    : Mark thread start 
10-10 16:02:04.198   674 30130 D vold    : mark task started
10-10 16:02:04.199 30131 30131 D vold    :  mark Pid = 30131
10-10 16:02:04.200 30131 30131 D vold    : set cpu affinity policy success
10-10 16:02:04.241  2042  2042 D MFZ     : Mark Finshed ! idle_stats: 2515 287 3016 1541 2113 2237 2750 0 50 25366
10-10 16:02:04.242  2042  2042 D ActivityManager: checkAllowBackground: uid=1000 pkg=android rec=UidRecord{b77cac0 1000 PER  fgServices allowlist change:procadj procs:0 seq(1382794,448524)} caps=LCMNFU always=false idle=false
10-10 16:02:04.242  2042  2042 D AlarmManager: mBroadcastRefCount -> 0
10-10 16:02:04.242  2042  2042 D AlarmManager: mPendingIntent -> PendingIntent{6343d53: PendingIntentRecord{8a2e069 android broadcastIntent}}
10-10 16:02:04.290 30131 30131 D vold    :  success write all > /sys/block/zram0/idle
10-10 16:02:04.699   674 30130 D vold    : mark process has been finished in normal with status: 0
10-10 16:02:04.700   674 30130 D vold    :  listener->onFinished 
10-10 16:02:04.700  2042  9046 W ExtM    : Mark finished with status: 0
10-10 16:02:04.831  2042  6998 W OverlayManager: service 'idmap' died
10-10 16:02:05.128  2183  2183 I wificond: station_bandwidth: P
10-10 16:02:05.131  4304  4304 D ArtChoreographerMonitor: invoke error.
10-10 16:02:05.302  4304  4304 D ArtChoreographerMonitor: invoke error.
10-10 16:02:05.808  2042  3524 I SmartPower: com.google.android.permissioncontroller/10214(21951): background->idle(11062ms) R(service end com.google.android.permissioncontroller/com.android.permissioncontroller.permission.service.PermissionControllerServiceImpl) adj=100.
10-10 16:02:06.133  2042  2042 D UiModeManager: updateConfigurationLocked: mDockState=0; mCarMode=false; mCar=false; mPowerSave=false; mOverrideNightModeOn=false; mOverrideNightModeOff=false; mComputedNightMode=false; mNightMode=1; uiMode=17
10-10 16:02:06.628  2042  2787 I SmartPower: com.xiaomi.discover/10121(23492): idle->background(8410ms) R(broadcast start Intent { act=android.intent.action.BATTERY_CHANGED flg=0x60000010 (has extras) }) adj=905.
10-10 16:02:06.628  2042  2787 I SmartPower: com.facebook.appmanager/10138(27658): idle->background(8410ms) R(broadcast start Intent { act=android.intent.action.BATTERY_CHANGED flg=0x60000010 (has extras) }) adj=905.
10-10 16:02:06.629  2042  2787 I SmartPower: com.facebook.katana/10243(13231): idle->background(56982ms) R(broadcast start Intent { act=android.intent.action.BATTERY_CHANGED flg=0x60000010 (has extras) }) adj=915.
10-10 16:02:06.630  2042  2787 I SmartPower: com.android.chrome/10172(25786): idle->background(7712ms) R(broadcast start Intent { act=android.intent.action.BATTERY_CHANGED flg=0x60000010 (has extras) }) adj=700.
10-10 16:02:06.631  2042  2787 I SmartPower: com.google.android.apps.tachyon/10226(13731): idle->background(56983ms) R(broadcast start Intent { act=android.intent.action.BATTERY_CHANGED flg=0x60000010 (has extras) }) adj=975.
10-10 16:02:06.631  2042  2787 I SmartPower: com.microsoft.teams/10266(13487): idle->background(56983ms) R(broadcast start Intent { act=android.intent.action.BATTERY_CHANGED flg=0x60000010 (has extras) }) adj=915.
10-10 16:02:06.632  2042  2787 I SmartPower: com.miui.android.fashiongallery/10228(20495): idle->background(56984ms) R(broadcast start Intent { act=android.intent.action.BATTERY_CHANGED flg=0x60000010 (has extras) }) adj=915.
10-10 16:02:07.022  2042  6998 D ActivityManager: checkAllowBackground: uid=1000 pkg=android rec=UidRecord{b77cac0 1000 PER  fgServices allowlist change:procadj procs:0 seq(1382922,448524)} caps=LCMNFU always=false idle=false
10-10 16:02:07.028  2042  6998 D ActivityManager: checkAllowBackground: uid=10120 pkg=com.xiaomi.mipicks rec=UidRecord{9eb460a u0a120 CEM  bg:+1h8m24s671ms idle change:procadj procs:0 seq(1382896,1251263)} caps=------ always=false idle=true
10-10 16:02:08.138  2183  2183 I wificond: station_bandwidth: P
10-10 16:02:08.422   702 30107 I keystore2: system/security/keystore2/src/watchdog.rs:319 - Watchdog thread idle -> terminating. Have a great day.
10-10 16:02:08.593  2042  6998 D PackageParserImpl: dump dex file,file message: base.vdex: 6501Kb 
10-10 16:02:08.679  2042  6998 D PackageParserImpl: dump dex file,file message: base.vdex: 6501Kb 
10-10 16:02:09.218  2042  6998 D PackageParserImpl: dump dex file,file message: base.vdex: 8311Kb 
10-10 16:02:09.321  2042  6998 D PackageParserImpl: dump dex file,file message: base.vdex: 8311Kb 
10-10 16:02:09.613  2042  9046 D PackageParserImpl: dump dex file,file message: base.vdex: 1832Kb 
10-10 16:02:09.629  2042  3524 I SmartPower: com.xiaomi.discover/10121(23492): background->idle(3001ms) R(broadcast start Intent { act=android.intent.action.BATTERY_CHANGED flg=0x60000010 (has extras) }) adj=905.
10-10 16:02:09.629  2042  3524 I SmartPower: com.facebook.appmanager/10138(27658): background->idle(3001ms) R(broadcast start Intent { act=android.intent.action.BATTERY_CHANGED flg=0x60000010 (has extras) }) adj=905.
10-10 16:02:09.630  2042  3524 I SmartPower: com.facebook.katana/10243(13231): background->idle(3000ms) R(broadcast start Intent { act=android.intent.action.BATTERY_CHANGED flg=0x60000010 (has extras) }) adj=915.
10-10 16:02:09.630  2042  3524 I SmartPower: com.android.chrome/10172(25786): background->idle(3000ms) R(broadcast start Intent { act=android.intent.action.BATTERY_CHANGED flg=0x60000010 (has extras) }) adj=700.
10-10 16:02:09.631  2042  3524 I SmartPower: com.google.android.apps.tachyon/10226(13731): background->idle(3000ms) R(broadcast start Intent { act=android.intent.action.BATTERY_CHANGED flg=0x60000010 (has extras) }) adj=975.
10-10 16:02:09.632  2042  3524 I SmartPower: com.microsoft.teams/10266(13487): background->idle(3001ms) R(broadcast start Intent { act=android.intent.action.BATTERY_CHANGED flg=0x60000010 (has extras) }) adj=915.
10-10 16:02:09.633  2042  3524 I SmartPower: com.miui.android.fashiongallery/10228(20495): background->idle(3001ms) R(broadcast start Intent { act=android.intent.action.BATTERY_CHANGED flg=0x60000010 (has extras) }) adj=915.
10-10 16:02:10.047  2042  3120 I SmartPower: com.google.android.permissioncontroller/10214(21951): idle->background(4239ms) R(service unbind com.google.android.permissioncontroller/com.android.role.controller.service.RoleControllerServiceImpl) adj=100.
10-10 16:02:11.020  2042  6998 D PackageParserImpl: dump dex file,file message: base.art: 1752Kb base.odex: 11336Kb base.vdex: 578Kb 
10-10 16:02:11.105  2042  6998 D PackageParserImpl: dump dex file,file message: base.art: 1752Kb base.odex: 11336Kb base.vdex: 578Kb 
10-10 16:02:11.152  2183  2183 I wificond: station_bandwidth: P
10-10 16:02:11.234  2042  6998 D PackageParserImpl: dump dex file,file message: base.art: 1752Kb base.odex: 11336Kb base.vdex: 578Kb 
10-10 16:02:11.331  2042  6998 I ActivityManager: Force stopping eu.europa.ec.euidi appid=10030 user=0: from process:30226
10-10 16:02:11.332  2042  3515 E ProcessManager: error write exception log
10-10 16:02:11.334  2042  6998 I ActivityManager: Killing 29900:eu.europa.ec.euidi/u0a30 (adj 0): stop eu.europa.ec.euidi due to from process:30226
10-10 16:02:11.336  2042  2074 D DisplayManagerService: Drop pending events for gone uid 10030
10-10 16:02:11.338  2042  6998 W ActivityTaskManager: Force removing ActivityRecord{5f2751c u0 eu.europa.ec.euidi/eu.europa.ec.assemblylogic.ui.MainActivity t6725 f}}: app died, no saved state
10-10 16:02:11.338  2042  6998 D WindowManager: Requesting StartTransition: TransitionRecord{15bc802 id=811 type=CLOSE flags=0x0}
10-10 16:02:11.338  2042  6998 D WindowManager: Collecting in transition 811: Task{278f6fa #6725 type=standard A=10030:eu.europa.ec.euidi} init visibleRequested:true
10-10 16:02:11.339  2042  6998 D WindowManager: Collecting in transition 811: ActivityRecord{5f2751c u0 eu.europa.ec.euidi/eu.europa.ec.assemblylogic.ui.MainActivity t6725 f}} init visibleRequested:false
10-10 16:02:11.339  2042  6998 D WindowManager: wms.Input focus has changed to null display=0 updateInputWindows = true
10-10 16:02:11.339  2042  6998 I MultiSenceManagerInternalStub: getInstance
10-10 16:02:11.341  2042  6998 D WindowManager: Collecting in transition 811: ActivityRecord{f2f67ae u0 com.android.chrome/org.chromium.chrome.browser.ChromeTabbedActivity t6565} init visibleRequested:false
10-10 16:02:11.342  2042  6998 I SmartPower: com.android.chrome:privileged_process2/10172(971): idle->invisible(12425ms) R(become foreground) adj=700.
10-10 16:02:11.342  2042  6998 I SmartPower: com.android.chrome/10172(25786): idle->invisible(1712ms) R(become foreground) adj=700.
10-10 16:02:11.343  2042  6998 D WindowManager: Collecting in transition 811: ActivityRecord{f2f67ae u0 com.android.chrome/org.chromium.chrome.browser.ChromeTabbedActivity t6565} init visibleRequested:true
10-10 16:02:11.349  2042  2690 D Aurogon :  uid = 10172 switch to FG
10-10 16:02:11.350  2042  6878 D WindowManager: Set transition=TransitionRecord{15bc802 id=811 type=CLOSE flags=0x0}, ready=true, SyncId=811 
10-10 16:02:11.351  4304  4484 D MiuiFullScreenTaskRepository: removeFocusedTask displayId=0
10-10 16:02:11.351  4304  4484 D MiuiFullScreenTaskRepository: addOrUpdateFullScreenTaskInfo taskId=6725, topActivity=null
10-10 16:02:11.351  4304  4484 D MiuiFullScreenTaskRepository: addOrUpdateFullScreenTaskInfo taskId=6565, topActivity=ComponentInfo{com.android.chrome/org.chromium.chrome.browser.ChromeTabbedActivity}
10-10 16:02:11.352  2042  2693 I BLASTSyncEngine: SyncGroup 811:  Unfinished container:ActivityRecord{f2f67ae u0 com.android.chrome/org.chromium.chrome.browser.ChromeTabbedActivity t6565}
10-10 16:02:11.352  2042  2693 I BLASTSyncEngine: isActivitySyncFinished isSyncFinished false ActivityRecord{f2f67ae u0 com.android.chrome/org.chromium.chrome.browser.ChromeTabbedActivity t6565}
10-10 16:02:11.356  2042  6998 D WindowManager: Set transition=TransitionRecord{15bc802 id=811 type=CLOSE flags=0x0}, ready=true, SyncId=811 
10-10 16:02:11.356  2042  6998 I AppsFilter: interaction: PackageSetting{16c90d1 io.appium.uiautomator2.server.test/10767} -> PackageSetting{e165350 eu.europa.ec.euidi/10030} BLOCKED
10-10 16:02:11.356  2042  6998 I AppsFilter: interaction: PackageSetting{ec33637 com.fido.asm/10104} -> PackageSetting{e165350 eu.europa.ec.euidi/10030} BLOCKED
10-10 16:02:11.356  2042  6998 I AppsFilter: interaction: PackageSetting{92d07a4 io.appium.uiautomator2.server/10769} -> PackageSetting{e165350 eu.europa.ec.euidi/10030} BLOCKED
10-10 16:02:11.356  2042  6998 I AppsFilter: interaction: PackageSetting{d58690d io.appium.settings/10611} -> PackageSetting{e165350 eu.europa.ec.euidi/10030} BLOCKED
10-10 16:02:11.379  2042  4689 D AutofillSession: handling death of Token{81d84ab ActivityRecord{5f2751c u0 eu.europa.ec.euidi/eu.europa.ec.assemblylogic.ui.MainActivity t6725 f} isExiting}} when saving=false
10-10 16:02:11.379  2042  6878 I WindowManager: WIN DEATH: Window{35dde4d u0 eu.europa.ec.euidi/eu.europa.ec.assemblylogic.ui.MainActivity}
10-10 16:02:11.386  2042  3110 D CompatibilityChangeReporter: Compat change id reported: 218533173; UID 10030; state: ENABLED
10-10 16:02:11.386  2042  3110 D CompatibilityChangeReporter: Compat change id reported: 262645982; UID 10030; state: ENABLED
10-10 16:02:11.395  2042  6878 I BLASTSyncEngine: SyncGroup 811:  Unfinished container:ActivityRecord{f2f67ae u0 com.android.chrome/org.chromium.chrome.browser.ChromeTabbedActivity t6565}
10-10 16:02:11.395  2042  6878 I BLASTSyncEngine: isActivitySyncFinished isSyncFinished false ActivityRecord{f2f67ae u0 com.android.chrome/org.chromium.chrome.browser.ChromeTabbedActivity t6565}
10-10 16:02:11.399  2042  4100 I InputMethodManagerService: IMMS.applyImeVisibility(), setVisible = false, mCurclient = null
10-10 16:02:11.401  2042  6991 I BLASTSyncEngine: SyncGroup 811:  Unfinished container:ActivityRecord{f2f67ae u0 com.android.chrome/org.chromium.chrome.browser.ChromeTabbedActivity t6565}
10-10 16:02:11.401  2042  6991 I BLASTSyncEngine: isActivitySyncFinished isSyncFinished false ActivityRecord{f2f67ae u0 com.android.chrome/org.chromium.chrome.browser.ChromeTabbedActivity t6565}
10-10 16:02:11.407  2042  6991 I BLASTSyncEngine: SyncGroup 811:  Unfinished container:ActivityRecord{f2f67ae u0 com.android.chrome/org.chromium.chrome.browser.ChromeTabbedActivity t6565}
10-10 16:02:11.407  2042  6991 I BLASTSyncEngine: isActivitySyncFinished isSyncFinished false ActivityRecord{f2f67ae u0 com.android.chrome/org.chromium.chrome.browser.ChromeTabbedActivity t6565}
10-10 16:02:11.408  4304  4304 D ArtChoreographerMonitor: invoke error.
10-10 16:02:11.408  2042  6971 D CoreBackPreview: Window{13dfb59 u0 com.android.chrome/org.chromium.chrome.browser.ChromeTabbedActivity}: Setting back callback OnBackInvokedCallbackInfo{mCallback=android.window.IOnBackInvokedCallback$Stub$Proxy@c68d57b, mPriority=0, mIsAnimationCallback=true}
10-10 16:02:11.470  2042  7010 I ActivityManager: clearApplicationUserData eu.europa.ec.euidi appid=10030 user=0 from u2000/30244
10-10 16:02:11.470  2042  7010 I ActivityManager: Force stopping eu.europa.ec.euidi appid=10030 user=0: clear data
10-10 16:02:11.470  2042  7010 I WindowManager:   Force removing ActivityRecord{5f2751c u0 eu.europa.ec.euidi/eu.europa.ec.assemblylogic.ui.MainActivity t6725 f} isExiting}
10-10 16:02:11.470  2042  7010 W WindowManager: removeAppToken: Attempted to remove non-existing token: Token{81d84ab ActivityRecord{5f2751c u0 eu.europa.ec.euidi/eu.europa.ec.assemblylogic.ui.MainActivity t6725 f} isExiting}}
10-10 16:02:11.474  2042  7010 D WindowManager: Set transition=TransitionRecord{15bc802 id=811 type=CLOSE flags=0x0}, ready=true, SyncId=811 
10-10 16:02:11.474  2042  7010 D WindowManager: Collecting in transition 811: Task{278f6fa #6725 type=standard A=10030:eu.europa.ec.euidi} init visibleRequested:false
10-10 16:02:11.477  2042  7010 I PackageManager: clearApplicationUserData packageName: eu.europa.ec.euidi user: 0 from u1000/2042
10-10 16:02:11.479  2042  2787 I ActivityManager: Force stopping eu.europa.ec.euidi appid=10030 user=-1: clearApplicationUserData
10-10 16:02:11.479  2042  2787 I WindowManager:   Force removing ActivityRecord{5f2751c u0 eu.europa.ec.euidi/eu.europa.ec.assemblylogic.ui.MainActivity t6725 f} isExiting}
10-10 16:02:11.480  2042  2787 W WindowManager: removeAppToken: Attempted to remove non-existing token: Token{81d84ab ActivityRecord{5f2751c u0 eu.europa.ec.euidi/eu.europa.ec.assemblylogic.ui.MainActivity t6725 f} isExiting}}
10-10 16:02:11.483  2042  2787 D WindowManager: Set transition=TransitionRecord{15bc802 id=811 type=CLOSE flags=0x0}, ready=true, SyncId=811 
10-10 16:02:11.504  2042  2947 D PermissionManager: writeLegacyPermissionState for user  in 22 ms.
10-10 16:02:11.532  2042  2947 W PackageFreezer: Freeze package eu.europa.ec.euidi about 0.054 seconds for reason: clearApplicationUserData
10-10 16:02:11.533  2042  2947 I AppsFilter: interaction: PackageSetting{16c90d1 io.appium.uiautomator2.server.test/10767} -> PackageSetting{e165350 eu.europa.ec.euidi/10030} BLOCKED
10-10 16:02:11.533  2042  2947 I AppsFilter: interaction: PackageSetting{ec33637 com.fido.asm/10104} -> PackageSetting{e165350 eu.europa.ec.euidi/10030} BLOCKED
10-10 16:02:11.533  2042  2947 I AppsFilter: interaction: PackageSetting{92d07a4 io.appium.uiautomator2.server/10769} -> PackageSetting{e165350 eu.europa.ec.euidi/10030} BLOCKED
10-10 16:02:11.533  2042  2947 I AppsFilter: interaction: PackageSetting{d58690d io.appium.settings/10611} -> PackageSetting{e165350 eu.europa.ec.euidi/10030} BLOCKED
10-10 16:02:11.537  2042  2947 I AppsFilter: interaction: PackageSetting{16c90d1 io.appium.uiautomator2.server.test/10767} -> PackageSetting{e165350 eu.europa.ec.euidi/10030} BLOCKED
10-10 16:02:11.537  2042  2947 I AppsFilter: interaction: PackageSetting{ec33637 com.fido.asm/10104} -> PackageSetting{e165350 eu.europa.ec.euidi/10030} BLOCKED
10-10 16:02:11.537  2042  2947 I AppsFilter: interaction: PackageSetting{92d07a4 io.appium.uiautomator2.server/10769} -> PackageSetting{e165350 eu.europa.ec.euidi/10030} BLOCKED
10-10 16:02:11.537  2042  2947 I AppsFilter: interaction: PackageSetting{d58690d io.appium.settings/10611} -> PackageSetting{e165350 eu.europa.ec.euidi/10030} BLOCKED
10-10 16:02:11.537  2042  3500 D GreezeManager:  report signal uid = 10030 pid = 29900is not frozen.
10-10 16:02:11.546  2042  2947 D ActivityManager: checkAllowBackground: uid=10172 pkg=com.android.chrome rec=UidRecord{22406d2 u0a172 TOP  change:uncachedprocstateprocadj procs:0 seq(1383771,1383009)} caps=LCMNFU always=true idle=false
10-10 16:02:11.546  2042  2947 I ActivityManager: App 10172/com.android.chrome targets O+, restricted
10-10 16:02:11.546  2042  2947 D ActivityManager: checkAllowBackground: uid=10172 pkg=com.android.chrome startMode=2 onallowlist=false onallowlist(ei)=false
10-10 16:02:11.547  2042  2947 D ActivityManager: checkAllowBackground: uid=10164 pkg=com.android.vending rec=UidRecord{aee57a7 u0a164 CEM  bg:+43m27s628ms idle change:procadj procs:0 seq(1383776,1309691)} caps=------ always=true idle=true
10-10 16:02:11.547  2042  2947 I ActivityManager: App 10164/com.android.vending targets O+, restricted
10-10 16:02:11.547  2042  2947 D ActivityManager: checkAllowBackground: uid=10164 pkg=com.android.vending startMode=2 onallowlist=false onallowlist(ei)=true
10-10 16:02:11.547  2042  2947 D ActivityManager: checkAllowBackground: uid=10066 pkg=com.google.android.documentsui rec=UidRecord{cce063c u0a66 CEM  idle change:procadj procs:0 seq(1383807,1324001)} caps=------ always=true idle=true
10-10 16:02:11.547  2042  2947 I ActivityManager: App 10066/com.google.android.documentsui targets O+, restricted
10-10 16:02:11.547  2042  2947 D ActivityManager: checkAllowBackground: uid=10066 pkg=com.google.android.documentsui startMode=2 onallowlist=false onallowlist(ei)=false
10-10 16:02:11.547  2042  2947 D ActivityManager: checkAllowBackground: uid=10163 pkg=com.google.android.gms rec=UidRecord{3efeecd u0a163 BTOP change:procstate procs:0 seq(1383777,1293144)} caps=LCMNFU always=true idle=false
10-10 16:02:11.547  2042  2947 I ActivityManager: App 10163/com.google.android.gms targets O+, restricted
10-10 16:02:11.547  2042  2947 D ActivityManager: checkAllowBackground: uid=10163 pkg=com.google.android.gms startMode=2 onallowlist=true onallowlist(ei)=true
10-10 16:02:11.547  2042  2947 D ActivityManager: checkAllowBackground: uid=10214 pkg=com.google.android.permissioncontroller rec=UidRecord{a354148 u0a214 CEM  bg:+1s499ms change:procadj procs:0 seq(1383759,447601)} caps=------ always=true idle=false
10-10 16:02:11.547  2042  2947 I ActivityManager: App 10214/com.google.android.permissioncontroller targets O+, restricted
10-10 16:02:11.548  2042  2947 D ActivityManager: checkAllowBackground: uid=10214 pkg=com.google.android.permissioncontroller startMode=2 onallowlist=false onallowlist(ei)=false
10-10 16:02:11.548  2042  2947 D ActivityManager: checkAllowBackground: uid=10214 pkg=com.google.android.permissioncontroller rec=UidRecord{a354148 u0a214 CEM  bg:+1s499ms change:procadj procs:0 seq(1383759,447601)} caps=------ always=true idle=false
10-10 16:02:11.548  2042  2947 I ActivityManager: App 10214/com.google.android.permissioncontroller targets O+, restricted
10-10 16:02:11.548  2042  2947 D ActivityManager: checkAllowBackground: uid=10214 pkg=com.google.android.permissioncontroller startMode=2 onallowlist=false onallowlist(ei)=false
10-10 16:02:11.548  2042  2947 D ActivityManager: checkAllowBackground: uid=10214 pkg=com.google.android.permissioncontroller rec=UidRecord{a354148 u0a214 CEM  bg:+1s500ms change:procadj procs:0 seq(1383759,447601)} caps=------ always=true idle=false
10-10 16:02:11.548  2042  2947 I ActivityManager: App 10214/com.google.android.permissioncontroller targets O+, restricted
10-10 16:02:11.548  2042  2947 D ActivityManager: checkAllowBackground: uid=10214 pkg=com.google.android.permissioncontroller startMode=2 onallowlist=false onallowlist(ei)=false
10-10 16:02:11.548  2042  2947 D ActivityManager: checkAllowBackground: uid=10214 pkg=com.google.android.permissioncontroller rec=UidRecord{a354148 u0a214 CEM  bg:+1s500ms change:procadj procs:0 seq(1383759,447601)} caps=------ always=true idle=false
10-10 16:02:11.548  2042  2947 I ActivityManager: App 10214/com.google.android.permissioncontroller targets O+, restricted
10-10 16:02:11.548  2042  2947 D ActivityManager: checkAllowBackground: uid=10214 pkg=com.google.android.permissioncontroller startMode=2 onallowlist=false onallowlist(ei)=false
10-10 16:02:11.548  2042  2947 D ActivityManager: checkAllowBackground: uid=10214 pkg=com.google.android.permissioncontroller rec=UidRecord{a354148 u0a214 CEM  bg:+1s500ms change:procadj procs:0 seq(1383759,447601)} caps=------ always=true idle=false
10-10 16:02:11.548  2042  2947 I ActivityManager: App 10214/com.google.android.permissioncontroller targets O+, restricted
10-10 16:02:11.548  2042  2947 D ActivityManager: checkAllowBackground: uid=10214 pkg=com.google.android.permissioncontroller startMode=2 onallowlist=false onallowlist(ei)=false
10-10 16:02:11.548  2042  2947 D ActivityManager: checkAllowBackground: uid=10220 pkg=com.google.android.providers.media.module rec=UidRecord{a6df6e5 u0a220 PER  change:procadj procs:0 seq(1383758,1260)} caps=LCMNFU always=true idle=false
10-10 16:02:11.548  2042  2947 I ActivityManager: App 10220/com.google.android.providers.media.module targets O+, restricted
10-10 16:02:11.549  2042  2947 D ActivityManager: checkAllowBackground: uid=10220 pkg=com.google.android.providers.media.module startMode=2 onallowlist=false onallowlist(ei)=false
10-10 16:02:11.549  2042  2947 D ActivityManager: checkAllowBackground: uid=10081 pkg=com.mi.android.globallauncher rec=UidRecord{83689b1 u0a81 BFGS change:procadj procs:0 seq(1383802,1376334)} caps=---NFU always=true idle=false
10-10 16:02:11.549  2042  2947 I ActivityManager: App 10081/com.mi.android.globallauncher targets O+, restricted
10-10 16:02:11.549  2042  2947 D ActivityManager: checkAllowBackground: uid=10081 pkg=com.mi.android.globallauncher startMode=2 onallowlist=false onallowlist(ei)=false
10-10 16:02:11.549  2042  2947 D ActivityManager: checkAllowBackground: uid=10307 pkg=com.xiaomi.aicr rec=UidRecord{72b77d3 u0a307 FGS  fgServices change:procadj procs:0 seq(1383745,269851)} caps=---NFU always=true idle=false
10-10 16:02:11.549  2042  2947 I ActivityManager: App 10307/com.xiaomi.aicr targets O+, restricted
10-10 16:02:11.549  2042  2947 D ActivityManager: checkAllowBackground: uid=10307 pkg=com.xiaomi.aicr startMode=2 onallowlist=true onallowlist(ei)=true
10-10 16:02:11.549  2042  2947 D ActivityManager: checkAllowBackground: uid=10595 pkg=com.microsoft.windowsintune.companyportal rec=UidRecord{ef0720b u0a595 CEM  bg:+1h55m3s476ms idle change:procadj procs:0 seq(1383740,1238487)} caps=------ always=true idle=true
10-10 16:02:11.549  2042  2947 I ActivityManager: App 10595/com.microsoft.windowsintune.companyportal targets O+, restricted
10-10 16:02:11.549  2042  2947 D ActivityManager: checkAllowBackground: uid=10595 pkg=com.microsoft.windowsintune.companyportal startMode=2 onallowlist=false onallowlist(ei)=false
10-10 16:02:11.573  2042  3550 D ActivityManager: checkAllowBackground: uid=10294 pkg=com.google.android.adservices.api rec=UidRecord{78dc3b7 u0a294 BTOP change:procstate procs:0 seq(1383746,1246334)} caps=---NFU always=true idle=false
10-10 16:02:11.574  2042  3550 I ActivityManager: App 10294/com.google.android.adservices.api targets O+, restricted
10-10 16:02:11.574  2042  3550 D ActivityManager: checkAllowBackground: uid=10294 pkg=com.google.android.adservices.api startMode=2 onallowlist=false onallowlist(ei)=false
10-10 16:02:11.576  4304  4304 D ArtChoreographerMonitor: invoke error.
10-10 16:02:11.580  8645  9290 W ContextImpl: Calling a method in the system process without a qualified user: android.app.ContextImpl.sendBroadcast:1246 android.content.ContextWrapper.sendBroadcast:520 mb.q.D:34 s2.j.x:27 s2.j.m:0 
10-10 16:02:11.583  2042  2787 D ActivityManager: checkAllowBackground: uid=10294 pkg=com.google.android.adservices.api rec=UidRecord{78dc3b7 u0a294 BTOP change:procstate procs:0 seq(1383746,1246334)} caps=---NFU always=true idle=false
10-10 16:02:11.583  2042  2787 I ActivityManager: App 10294/com.google.android.adservices.api targets O+, restricted
10-10 16:02:11.583  2042  2787 D ActivityManager: checkAllowBackground: uid=10294 pkg=com.google.android.adservices.api startMode=2 onallowlist=false onallowlist(ei)=false
10-10 16:02:11.583  2042  2787 I SmartPower: com.google.android.adservices.api/10294(20677): idle->background(12625ms) R(broadcast start Intent { act=com.android.adservices.PACKAGE_CHANGED dat=package: flg=0x10 cmp=com.google.android.adservices.api/com.android.adservices.service.common.PackageChangedReceiver (has extras) }) adj=100.
10-10 16:02:11.591  2042  2787 D ActivityManager: checkAllowBackground: uid=10172 pkg=com.android.chrome rec=UidRecord{22406d2 u0a172 TOP  change:uncachedprocstateprocadj procs:0 seq(1383771,1383009)} caps=LCMNFU always=true idle=false
10-10 16:02:11.591  2042  2787 I ActivityManager: App 10172/com.android.chrome targets O+, restricted
10-10 16:02:11.591  2042  2787 D ActivityManager: checkAllowBackground: uid=10172 pkg=com.android.chrome startMode=2 onallowlist=false onallowlist(ei)=false
10-10 16:02:11.593  2042  2787 D ActivityManager: checkAllowBackground: uid=10163 pkg=com.google.android.gms rec=UidRecord{3efeecd u0a163 BTOP change:procstate procs:0 seq(1383820,1293144)} caps=LCMNFU always=true idle=false
10-10 16:02:11.593  2042  2787 I ActivityManager: App 10163/com.google.android.gms targets O+, restricted
10-10 16:02:11.593  2042  2787 D ActivityManager: checkAllowBackground: uid=10163 pkg=com.google.android.gms startMode=2 onallowlist=true onallowlist(ei)=true
10-10 16:02:11.594  2042  2787 I SmartPower: com.google.android.documentsui/10066(22300): idle->background(13376ms) R(broadcast start Intent { act=android.intent.action.PACKAGE_DATA_CLEARED dat=package: flg=0x5000010 (has extras) }) adj=935.
10-10 16:02:11.596  2042  2787 D ActivityManager: checkAllowBackground: uid=10066 pkg=com.google.android.documentsui rec=UidRecord{cce063c u0a66 CEM  idle change:procadj procs:0 seq(1383807,1324001)} caps=------ always=true idle=true
10-10 16:02:11.596  2042  2787 I ActivityManager: App 10066/com.google.android.documentsui targets O+, restricted
10-10 16:02:11.596  2042  2787 D ActivityManager: checkAllowBackground: uid=10066 pkg=com.google.android.documentsui startMode=2 onallowlist=false onallowlist(ei)=false
10-10 16:02:11.597  2042  2787 D ActivityManager: checkAllowBackground: uid=10164 pkg=com.android.vending rec=UidRecord{aee57a7 u0a164 CEM  bg:+43m27s679ms idle change:procadj procs:0 seq(1383776,1309691)} caps=------ always=true idle=true
10-10 16:02:11.597  2042  2787 I ActivityManager: App 10164/com.android.vending targets O+, restricted
10-10 16:02:11.597  2042  2787 D ActivityManager: checkAllowBackground: uid=10164 pkg=com.android.vending startMode=2 onallowlist=false onallowlist(ei)=true
10-10 16:02:11.598  2042  2787 I SmartPower: com.android.vending:background/10164(22275): idle->background(76141ms) R(broadcast start Intent { act=android.intent.action.PACKAGE_DATA_CLEARED dat=package: flg=0x5000010 (has extras) }) adj=915.
10-10 16:02:11.600 25786 25786 W MessageMonitor: PerfMonitor: Slow Operation: Activity com.android.chrome/org.chromium.chrome.browser.ChromeTabbedActivity onResume took 202ms
10-10 16:02:11.601  2042  4080 D ActivityManager: checkAllowBackground: uid=10163 pkg=com.google.android.gms rec=UidRecord{3efeecd u0a163 BTOP change:procadj procs:0 seq(1383827,1293144)} caps=LCMNFU always=false idle=false
10-10 16:02:11.601  2042  2072 W WindowManager: Cannot find window which accessibility connection is added to
10-10 16:02:11.602  4304  5414 D MiuiFreeformModeObserver: activityResumed() intent： Intent { cmp=com.android.chrome/org.chromium.chrome.browser.ChromeTabbedActivity (has extras) }
10-10 16:02:11.604  2042  4565 W WindowManager: Failed looking up window session=Session{a1506bf 20547:u0a10213} callers=com.android.server.wm.WindowManagerService.windowForClientLocked:6851 com.android.server.wm.WindowManagerService.removeWindow:2423 com.android.server.wm.Session.remove:248 
10-10 16:02:11.605  2042  6991 D ActivityManager: checkAllowBackground: uid=10163 pkg=com.google.android.gms rec=UidRecord{3efeecd u0a163 BTOP change:procadj procs:0 seq(1383829,1293144)} caps=LCMNFU always=false idle=false
10-10 16:02:11.610  2042  2787 D ActivityManager: checkAllowBackground: uid=10214 pkg=com.google.android.permissioncontroller rec=UidRecord{a354148 u0a214 CEM  bg:+1s562ms change:procadj procs:0 seq(1383759,447601)} caps=------ always=true idle=false
10-10 16:02:11.610  2042  2787 I ActivityManager: App 10214/com.google.android.permissioncontroller targets O+, restricted
10-10 16:02:11.611  2042  2787 D ActivityManager: checkAllowBackground: uid=10214 pkg=com.google.android.permissioncontroller startMode=2 onallowlist=false onallowlist(ei)=false
10-10 16:02:11.612  2042  2787 D ActivityManager: checkAllowBackground: uid=10220 pkg=com.google.android.providers.media.module rec=UidRecord{a6df6e5 u0a220 PER  change:procadj procs:0 seq(1383758,1260)} caps=LCMNFU always=true idle=false
10-10 16:02:11.612  2042  2787 I ActivityManager: App 10220/com.google.android.providers.media.module targets O+, restricted
10-10 16:02:11.612  2042  2787 D ActivityManager: checkAllowBackground: uid=10220 pkg=com.google.android.providers.media.module startMode=2 onallowlist=false onallowlist(ei)=false
10-10 16:02:11.615  2042  4080 D ActivityManager: checkAllowBackground: uid=10220 pkg=com.google.android.providers.media.module rec=UidRecord{a6df6e5 u0a220 PER  change:procadj procs:0 seq(1383833,1260)} caps=LCMNFU always=false idle=false
10-10 16:02:11.625  2042  7010 D ActivityManager: checkAllowBackground: uid=10163 pkg=com.google.android.gms rec=UidRecord{3efeecd u0a163 BTOP change:procadj procs:0 seq(1383837,1293144)} caps=LCMNFU always=false idle=false
10-10 16:02:11.627  2042  6991 D ActivityManager: checkAllowBackground: uid=10163 pkg=com.google.android.gms rec=UidRecord{3efeecd u0a163 BTOP change:procadj procs:0 seq(1383837,1293144)} caps=LCMNFU always=false idle=false
10-10 16:02:11.627  2042  2787 D ActivityManager: checkAllowBackground: uid=10081 pkg=com.mi.android.globallauncher rec=UidRecord{83689b1 u0a81 BFGS change:procadj procs:0 seq(1383802,1376334)} caps=---NFU always=true idle=false
10-10 16:02:11.627  2042  2787 I ActivityManager: App 10081/com.mi.android.globallauncher targets O+, restricted
10-10 16:02:11.627  2042  2787 D ActivityManager: checkAllowBackground: uid=10081 pkg=com.mi.android.globallauncher startMode=2 onallowlist=false onallowlist(ei)=false
10-10 16:02:11.627  2042  2787 I SmartPower: com.mi.android.globallauncher/10081(4339): idle->background(76124ms) R(broadcast start Intent { act=android.intent.action.PACKAGE_DATA_CLEARED dat=package: flg=0x5000010 (has extras) }) adj=100.
10-10 16:02:11.632  2042  2787 D ActivityManager: checkAllowBackground: uid=10307 pkg=com.xiaomi.aicr rec=UidRecord{72b77d3 u0a307 FGS  fgServices change:procadj procs:0 seq(1383745,269851)} caps=---NFU always=true idle=false
10-10 16:02:11.632  2042  2787 I ActivityManager: App 10307/com.xiaomi.aicr targets O+, restricted
10-10 16:02:11.632  2042  2787 D ActivityManager: checkAllowBackground: uid=10307 pkg=com.xiaomi.aicr startMode=2 onallowlist=true onallowlist(ei)=true
10-10 16:02:11.632  2042  2787 I SmartPower: com.xiaomi.aicr:searchDataService/10307(22315): idle->background(76122ms) R(broadcast start Intent { act=android.intent.action.PACKAGE_DATA_CLEARED dat=package: flg=0x5000010 (has extras) }) adj=915.
10-10 16:02:11.636  2042  2787 D ActivityManager: checkAllowBackground: uid=10595 pkg=com.microsoft.windowsintune.companyportal rec=UidRecord{ef0720b u0a595 CEM  bg:+1h55m3s563ms idle change:procadj procs:0 seq(1383740,1238487)} caps=------ always=true idle=true
10-10 16:02:11.636  2042  2787 I ActivityManager: App 10595/com.microsoft.windowsintune.companyportal targets O+, restricted
10-10 16:02:11.637  2042  2787 D ActivityManager: checkAllowBackground: uid=10595 pkg=com.microsoft.windowsintune.companyportal startMode=2 onallowlist=false onallowlist(ei)=false
10-10 16:02:11.640  2042  4565 D ActivityManager: checkAllowBackground: uid=10214 pkg=com.google.android.permissioncontroller rec=UidRecord{a354148 u0a214 RCVR bg:+1s591ms change:uncachedprocstateprocadj procs:0 seq(1383834,447601)} caps=------ always=true idle=false
10-10 16:02:11.640  2042  4565 I ActivityManager: App 10214/com.google.android.permissioncontroller targets O+, restricted
10-10 16:02:11.640  2042  4565 D ActivityManager: checkAllowBackground: uid=10214 pkg=com.google.android.permissioncontroller startMode=2 onallowlist=false onallowlist(ei)=false
10-10 16:02:11.646  2042  7010 D ActivityManager: checkAllowBackground: uid=10214 pkg=com.google.android.permissioncontroller rec=UidRecord{a354148 u0a214 RCVR bg:+1s597ms change:uncachedprocstateprocadj procs:0 seq(1383834,447601)} caps=------ always=true idle=false
10-10 16:02:11.646  2042  7010 I ActivityManager: App 10214/com.google.android.permissioncontroller targets O+, restricted
10-10 16:02:11.646  2042  7010 D ActivityManager: checkAllowBackground: uid=10214 pkg=com.google.android.permissioncontroller startMode=2 onallowlist=false onallowlist(ei)=false
10-10 16:02:11.654  2042  7010 D ActivityManager: checkAllowBackground: uid=10214 pkg=com.google.android.permissioncontroller rec=UidRecord{a354148 u0a214 RCVR bg:+1s606ms change:uncachedprocstateprocadj procs:0 seq(1383834,447601)} caps=------ always=true idle=false
10-10 16:02:11.654  2042  7010 I ActivityManager: App 10214/com.google.android.permissioncontroller targets O+, restricted
10-10 16:02:11.654  2042  7010 D ActivityManager: checkAllowBackground: uid=10214 pkg=com.google.android.permissioncontroller startMode=2 onallowlist=false onallowlist(ei)=false
10-10 16:02:11.660  2042  4080 D PackageParserImpl: dump dex file,file message: base.art: 1752Kb base.odex: 11336Kb base.vdex: 578Kb 
10-10 16:02:11.661  2042  4565 D ActivityManager: checkAllowBackground: uid=10163 pkg=com.google.android.gms rec=UidRecord{3efeecd u0a163 BTOP change:procadj procs:0 seq(1383862,1293144)} caps=LCMNFU always=false idle=false
10-10 16:02:11.665  2042  2072 D ActivityManager: checkAllowBackground: uid=10163 pkg=com.google.android.gms rec=UidRecord{3efeecd u0a163 BTOP change:procadj procs:0 seq(1383864,1293144)} caps=LCMNFU always=false idle=false
10-10 16:02:11.670  2042  4565 D ActivityManager: checkAllowBackground: uid=10163 pkg=com.google.android.gms rec=UidRecord{3efeecd u0a163 BTOP change:procadj procs:0 seq(1383867,1293144)} caps=LCMNFU always=false idle=false
10-10 16:02:11.673  2042  2072 D ActivityManager: checkAllowBackground: uid=10163 pkg=com.google.android.gms rec=UidRecord{3efeecd u0a163 BTOP change:procadj procs:0 seq(1383868,1293144)} caps=LCMNFU always=false idle=false
10-10 16:02:11.675  2042  4080 D ActivityManager: checkAllowBackground: uid=10214 pkg=com.google.android.permissioncontroller rec=UidRecord{a354148 u0a214 RCVR bg:+1s627ms change:uncachedprocstateprocadj procs:0 seq(1383834,447601)} caps=------ always=true idle=false
10-10 16:02:11.676  2042  4080 I ActivityManager: App 10214/com.google.android.permissioncontroller targets O+, restricted
10-10 16:02:11.676  2042  4080 D ActivityManager: checkAllowBackground: uid=10214 pkg=com.google.android.permissioncontroller startMode=2 onallowlist=false onallowlist(ei)=false
10-10 16:02:11.727  2042  4080 I BLASTSyncEngine: SyncGroup 811:  Unfinished container:ActivityRecord{f2f67ae u0 com.android.chrome/org.chromium.chrome.browser.ChromeTabbedActivity t6565}
10-10 16:02:11.727  2042  4080 I BLASTSyncEngine: isActivitySyncFinished isSyncFinished false ActivityRecord{f2f67ae u0 com.android.chrome/org.chromium.chrome.browser.ChromeTabbedActivity t6565}
10-10 16:02:11.739  2042  4080 I WindowManager: cancelAnimation removed leash : Surface(name=Surface(name=704023a StatusBar#94)/@0xa8be448 - animation-leash of insets_animation#16724)/@0x6aafab2
10-10 16:02:11.740  2042  4080 D WindowManager: wms.Input focus has changed to Window{13dfb59 u0 com.android.chrome/org.chromium.chrome.browser.ChromeTabbedActivity} display=0 updateInputWindows = true
10-10 16:02:11.741  2042  4080 I MultiSenceManagerInternalStub: getInstance
10-10 16:02:11.752  2042  2693 W WindowManager: Failed to deliver inset control state change to w=Window{35dde4d u0 eu.europa.ec.euidi/eu.europa.ec.assemblylogic.ui.MainActivity EXITING}
10-10 16:02:11.752  2042  2693 W WindowManager: android.os.DeadObjectException
10-10 16:02:11.752  2042  2693 W WindowManager: 	at android.os.BinderProxy.transactNative(Native Method)
10-10 16:02:11.752  2042  2693 W WindowManager: 	at android.os.BinderProxy.transact(BinderProxy.java:639)
10-10 16:02:11.752  2042  2693 W WindowManager: 	at android.view.IWindow$Stub$Proxy.insetsControlChanged(IWindow.java:622)
10-10 16:02:11.752  2042  2693 W WindowManager: 	at com.android.server.wm.WindowState.notifyInsetsControlChanged(WindowState.java:4303)
10-10 16:02:11.752  2042  2693 W WindowManager: 	at com.android.server.wm.InsetsStateController.lambda$notifyPendingInsetsControlChanged$3(InsetsStateController.java:386)
10-10 16:02:11.752  2042  2693 W WindowManager: 	at com.android.server.wm.InsetsStateController.$r8$lambda$8yykPRG1GyNq_J17QvL9d5xANMc(Unknown Source:0)
