10-10 13:31:00.686  2983  3075 D MiuiFreeformModeController: avoidForInsetsBottomChangedIfNeed oldMoveableBottom: 2270 newMoveableBounds: 2270
10-10 13:31:00.868  1556  1556 I wificond: station_bandwidth: 
10-10 13:31:00.985  1902  1990 W PackageSettings: Couldn't write -1 to /config/sdcardfs/com.google.android.devicelock/appid
10-10 13:31:00.987  1902  1990 W PackageSettings: Couldn't write -1 to /config/sdcardfs/com.google.android.tzdata5/appid
10-10 13:31:00.989  1902  1990 W PackageSettings: Couldn't write -1 to /config/sdcardfs/com.google.android.ondevicepersonalization/appid
10-10 13:31:00.992  1902  1990 W PackageSettings: Couldn't write -1 to /config/sdcardfs/com.google.android.media.swcodec/appid
10-10 13:31:00.994  1902  1990 W PackageSettings: Couldn't write -1 to /config/sdcardfs/com.google.android.os.statsd/appid
10-10 13:31:00.995  1902  1990 W PackageSettings: Couldn't write -1 to /config/sdcardfs/com.google.mainline.primary.libs/appid
10-10 13:31:00.999  1902  1990 W PackageSettings: Couldn't write -1 to /config/sdcardfs/com.google.android.extservices/appid
10-10 13:31:01.001  1902  1990 W PackageSettings: Couldn't write -1 to /config/sdcardfs/com.android.uwb/appid
10-10 13:31:01.002  1902  1990 W PackageSettings: Couldn't write -1 to /config/sdcardfs/com.android.btservices/appid
10-10 13:31:01.003  1902  1990 W PackageSettings: Couldn't write -1 to /config/sdcardfs/com.google.android.healthfitness/appid
10-10 13:31:01.006  1902  1990 W PackageSettings: Couldn't write -1 to /config/sdcardfs/com.google.android.ipsec/appid
10-10 13:31:01.006  1902  1990 W PackageSettings: Couldn't write -1 to /config/sdcardfs/com.google.android.media/appid
10-10 13:31:01.008  1902  1990 W PackageSettings: Couldn't write -1 to /config/sdcardfs/com.android.i18n/appid
10-10 13:31:01.008  1902  1990 W PackageSettings: Couldn't write -1 to /config/sdcardfs/com.android.rkpd/appid
10-10 13:31:01.009  1902  1990 W PackageSettings: Couldn't write -1 to /config/sdcardfs/com.android.virt/appid
10-10 13:31:01.009  1902  1990 W PackageSettings: Couldn't write -1 to /config/sdcardfs/com.android.wifi/appid
10-10 13:31:01.010  1902  1990 W PackageSettings: Couldn't write -1 to /config/sdcardfs/com.google.android.appsearch/appid
10-10 13:31:01.011  1902  1990 W PackageSettings: Couldn't write -1 to /config/sdcardfs/com.google.android.configinfrastructure/appid
10-10 13:31:01.011  1902  1990 W PackageSettings: Couldn't write -1 to /config/sdcardfs/com.android.runtime/appid
10-10 13:31:01.012  1902  1990 W PackageSettings: Couldn't write -1 to /config/sdcardfs/com.google.android.cellbroadcast/appid
10-10 13:31:01.012  1902  1990 W PackageSettings: Couldn't write -1 to /config/sdcardfs/com.android.apex.cts.shim/appid
10-10 13:31:01.013  1902  1990 W PackageSettings: Couldn't write -1 to /config/sdcardfs/com.android.compos/appid
10-10 13:31:01.013  1902  1990 W PackageSettings: Couldn't write -1 to /config/sdcardfs/com.google.android.resolv/appid
10-10 13:31:01.013  1902  1990 W PackageSettings: Couldn't write -1 to /config/sdcardfs/com.google.android.sdkext/appid
10-10 13:31:01.014  1902  1990 W PackageSettings: Couldn't write -1 to /config/sdcardfs/com.google.android.art/appid
10-10 13:31:01.016  1902  1990 W PackageSettings: Couldn't write -1 to /config/sdcardfs/com.google.android.adservices/appid
10-10 13:31:01.019  1902  1990 W PackageSettings: Couldn't write -1 to /config/sdcardfs/com.google.android.scheduling/appid
10-10 13:31:01.020  1902  1990 W PackageSettings: Couldn't write -1 to /config/sdcardfs/com.google.android.mediaprovider/appid
10-10 13:31:01.020  1902  1990 W PackageSettings: Couldn't write -1 to /config/sdcardfs/com.google.android.permission/appid
10-10 13:31:01.021  1902  1990 W PackageSettings: Couldn't write -1 to /config/sdcardfs/com.android.vndk.v30/appid
10-10 13:31:01.021  1902  1990 W PackageSettings: Couldn't write -1 to /config/sdcardfs/com.android.vndk.v31/appid
10-10 13:31:01.022  1902  1990 W PackageSettings: Couldn't write -1 to /config/sdcardfs/com.android.vndk.v33/appid
10-10 13:31:01.022  1902  1990 W PackageSettings: Couldn't write -1 to /config/sdcardfs/com.android.vndk.v34/appid
10-10 13:31:01.023  1902  1990 W PackageSettings: Couldn't write -1 to /config/sdcardfs/com.google.android.neuralnetworks/appid
10-10 13:31:01.024  1902  1990 W PackageSettings: Couldn't write -1 to /config/sdcardfs/com.google.android.tethering/appid
10-10 13:31:01.025  1902  1990 W PackageSettings: Couldn't write -1 to /config/sdcardfs/com.google.android.adbd/appid
10-10 13:31:01.025  1902  1990 W PackageSettings: Couldn't write -1 to /config/sdcardfs/com.google.android.conscrypt/appid
10-10 13:31:01.038  1902 22704 W MIUIInput: Input event injection from package: null action ACTION_DOWN
10-10 13:31:01.039  1902  1954 I SmartPower: com.xiaomi.discover/10128(11400): idle->background(38035ms) R(broadcast start Intent { act=android.intent.action.BATTERY_CHANGED flg=0x60000010 (has extras) }) adj=905.
10-10 13:31:01.040  1902  1954 I SmartPower: com.microsoft.teams/10321(6401): idle->background(38034ms) R(broadcast start Intent { act=android.intent.action.BATTERY_CHANGED flg=0x60000010 (has extras) }) adj=905.
10-10 13:31:01.043  1902 22704 W MIUIInput: Input event injection from package: null action ACTION_UP
10-10 13:31:01.046  1902  1954 I SmartPower: com.google.android.apps.tachyon/10234(13012): idle->background(38037ms) R(broadcast start Intent { act=android.intent.action.BATTERY_CHANGED flg=0x60000010 (has extras) }) adj=965.
10-10 13:31:01.049  1902  1954 I SmartPower: com.miui.gallery/10078(17586): idle->background(38039ms) R(broadcast start Intent { act=android.intent.action.BATTERY_CHANGED flg=0x60000010 (has extras) }) adj=965.
10-10 13:31:01.051  1902  1954 I SmartPower: com.facebook.appmanager/10150(6423): idle->background(38039ms) R(broadcast start Intent { act=android.intent.action.BATTERY_CHANGED flg=0x60000010 (has extras) }) adj=905.
10-10 13:31:01.055  1902  1954 I SmartPower: com.android.chrome/10190(29744): idle->background(2820ms) R(broadcast start Intent { act=android.intent.action.BATTERY_CHANGED flg=0x60000010 (has extras) }) adj=700.
10-10 13:31:01.067  1902  4160 D CompatibilityChangeReporter: Compat change id reported: 161145287; UID 10390; state: ENABLED
10-10 13:31:01.237  1902  2620 I SmartPower: com.android.chrome:sandboxed_process0:org.chromium.content.app.SandboxedProcessSerbackground->idle(36346ms) R(remove from whitelist) adj=200.
10-10 13:31:01.237  1902  2620 I SmartPower: com.android.chrome:sandboxed_process0:org.chromium.content.app.SandboxedProcessSerbackground->idle(36347ms) R(remove from whitelist) adj=200.
10-10 13:31:01.237  1902  2620 I SmartPower: com.android.chrome:sandboxed_process0:org.chromium.content.app.SandboxedProcessSerbackground->idle(36347ms) R(remove from whitelist) adj=200.
10-10 13:31:01.237  1902  2620 I SmartPower: com.android.chrome:sandboxed_process0:org.chromium.content.app.SandboxedProcessSerbackground->idle(36347ms) R(remove from whitelist) adj=930.
10-10 13:31:01.238  1902  2620 I SmartPower: com.android.chrome:sandboxed_process0:org.chromium.content.app.SandboxedProcessSerbackground->idle(36347ms) R(remove from whitelist) adj=920.
10-10 13:31:01.238  1902  2620 I SmartPower: com.android.chrome:sandboxed_process0:org.chromium.content.app.SandboxedProcessSerbackground->idle(36347ms) R(remove from whitelist) adj=910.
10-10 13:31:01.496  1902  1958 I ExtM    : zram userate is low, no need to flush: 36
10-10 13:31:02.219  1902  1985 D PermissionManager: writeLegacyPermissionState for user  in 51 ms.
10-10 13:31:02.401  1902 22704 W MIUIInput: Input event injection from package: null action ACTION_DOWN
10-10 13:31:02.407  1902 22704 W MIUIInput: Input event injection from package: null action ACTION_UP
10-10 13:31:02.799  1902  1958 I ExtM    : zram userate is low, no need to flush: 36
10-10 13:31:03.265  1902  3984 D CompatibilityChangeReporter: Compat change id reported: 265464455; UID 10190; state: DISABLED
10-10 13:31:03.265  1902  3984 D CompatibilityChangeReporter: Compat change id reported: 265452344; UID 10190; state: DISABLED
10-10 13:31:03.265  1902  3984 D CompatibilityChangeReporter: Compat change id reported: 266124927; UID 10190; state: DISABLED
10-10 13:31:03.266  1902  3984 D CompatibilityChangeReporter: Compat change id reported: 265451093; UID 10190; state: DISABLED
10-10 13:31:03.266  1902  3984 D CompatibilityChangeReporter: Compat change id reported: 265456536; UID 10190; state: DISABLED
10-10 13:31:03.266  1902  3984 D CompatibilityChangeReporter: Compat change id reported: 255940284; UID 10190; state: DISABLED
10-10 13:31:03.266  1902  3984 D CompatibilityChangeReporter: Compat change id reported: 236283604; UID 10190; state: DISABLED
10-10 13:31:03.266  1902  3984 D CompatibilityChangeReporter: Compat change id reported: 263959004; UID 10190; state: DISABLED
10-10 13:31:03.266  1902  3984 D CompatibilityChangeReporter: Compat change id reported: 264304459; UID 10190; state: DISABLED
10-10 13:31:03.267  1902  3984 D CompatibilityChangeReporter: Compat change id reported: 264301586; UID 10190; state: DISABLED
10-10 13:31:03.267  1902  3984 D CompatibilityChangeReporter: Compat change id reported: 254631730; UID 10190; state: DISABLED
10-10 13:31:03.267  1902  3984 D CompatibilityChangeReporter: Compat change id reported: 273509367; UID 10190; state: DISABLED
10-10 13:31:03.267  1902  3984 D CompatibilityChangeReporter: Compat change id reported: 263259275; UID 10190; state: DISABLED
10-10 13:31:03.267  1902  3984 D CompatibilityChangeReporter: Compat change id reported: 174042980; UID 10190; state: DISABLED
10-10 13:31:03.267  1902  3984 D CompatibilityChangeReporter: Compat change id reported: 174042936; UID 10190; state: DISABLED
10-10 13:31:03.267  1902  3984 D CompatibilityChangeReporter: Compat change id reported: 181136395; UID 10190; state: DISABLED
10-10 13:31:03.268  1902  3984 D CompatibilityChangeReporter: Compat change id reported: 194480991; UID 10190; state: ENABLED
10-10 13:31:03.268  1902  3984 I SmartPower: com.android.chrome:privileged_process0/10190(30717): idle->invisible(5033ms) R(become foreground) adj=700.
10-10 13:31:03.268  1902  3984 I SmartPower: com.android.chrome/10190(29744): background->invisible(2213ms) R(become foreground) adj=700.
10-10 13:31:03.269  1902  3984 D WindowManager: Collecting in transition 1269: ActivityRecord{77418a8 u0 com.android.chrome/com.google.android.apps.chrome.IntentDispatcher init visibleRequested:false
10-10 13:31:03.269  1902  3984 D MiuiFreeFormManagerService: activeOrFullscreenFreeformTaskIfNeed startDefaultAr:false
10-10 13:31:03.270  2983  3075 D OneHandedController: stopOneHanded state is 0
10-10 13:31:03.274  1902  3984 D WindowManager: setLockTaskAuth: task=Task{5e1dfc1 #571 type=standard I=com.android.chrome/com.google.android.apps.chrome.IntentDispatcher} mLockTaskAuth=LOCK_TASK_AUTH_PINNABLE
10-10 13:31:03.274  1902  3984 D WindowManager: Collecting in transition 1269: Task{5e1dfc1 #571 type=standard I=com.android.chrome/com.google.android.apps.chrome.IntentDispatcher} init visibleRequested:false
10-10 13:31:03.275  1902  3984 D CompatibilityChangeReporter: Compat change id reported: 184838306; UID 10190; state: DISABLED
10-10 13:31:03.275  1902  3984 D CompatibilityChangeReporter: Compat change id reported: 185004937; UID 10190; state: DISABLED
10-10 13:31:03.280  1902  3984 D WindowManager: setLockTaskAuth: task=Task{5e1dfc1 #571 type=standard I=com.android.chrome/com.google.android.apps.chrome.IntentDispatcher} mLockTaskAuth=LOCK_TASK_AUTH_PINNABLE
10-10 13:31:03.280  1902  3984 D CompatibilityChangeReporter: Compat change id reported: 197654537; UID 10190; state: ENABLED
10-10 13:31:03.280  1902  3984 D MiuiFreeFormManagerService: onStartActivityInner as = Task{5e1dfc1 #571 type=standard I=com.android.chrome/com.google.android.apps.chrome.IntentDispatcher} op = null
10-10 13:31:03.282  1902  3984 D ActivityTaskManager: Task#startActivityLocked isOrhasTask=true newTask=true
10-10 13:31:03.282  1902  3984 D ActivityTaskManager: Not add starting window, the reason is: windowIsTranslucent = true  windowIsFloating = false  this = ActivityRecord{77418a8 u0 com.android.chrome/com.google.android.apps.chrome.IntentDispatcher t571}
10-10 13:31:03.284  1902  3984 D CompatibilityChangeReporter: Compat change id reported: 205907456; UID 10190; state: ENABLED
10-10 13:31:03.289  1902  3984 D WindowManager: Collecting in transition 1269: ActivityRecord{77418a8 u0 com.android.chrome/com.google.android.apps.chrome.IntentDispatcher t571} init visibleRequested:false
10-10 13:31:03.289  1902  3984 D WindowManager: Requesting StartTransition: TransitionRecord{83cf6a7 id=1269 type=OPEN flags=0x0}
10-10 13:31:03.289  1902  3984 I ActivityTaskManager: START u0 {act=android.intent.action.VIEW dat=https://issuer.eudiw.dev/... flg=0x10000000 cmp=com.android.chrome/com.google.android.apps.chrome.IntentDispatcher} with LAUNCH_MULTIPLE from uid 10390 (BAL_ALLOW_VISIBLE_WINDOW) result code=0
10-10 13:31:03.290  2983  3075 I SoScUtils: monitorTransitionRequest mRequestOpenTransition:null mRequestOpenTriggerTask:-1 mRequestCloseTransition:null mRequestCloseTriggerTask:-1 mRequestCloseStageType:-1
10-10 13:31:03.291  1902 22704 D WindowManager: Set transition=TransitionRecord{83cf6a7 id=1269 type=OPEN flags=0x0}, ready=false, SyncId=1269 used=true, override=false, defer=0, states=Display{#0 state=ON size=1080x2400 ROTATION_0}:false
10-10 13:31:03.292  2983  3075 D OneHandedController: stopOneHanded state is 0
10-10 13:31:03.293  2983  3075 D OneHandedController: stopOneHanded state is 0
10-10 13:31:03.298  1902 22704 D WindowManager: Collecting in transition 1269: ActivityRecord{77418a8 u0 com.android.chrome/com.google.android.apps.chrome.IntentDispatcher t571} init visibleRequested:false
10-10 13:31:03.298  1902 22704 D WindowManager: Collecting in transition 1269: ActivityRecord{77418a8 u0 com.android.chrome/com.google.android.apps.chrome.IntentDispatcher t571} init visibleRequested:true
10-10 13:31:03.299  1902 22704 D WindowManagerService: checkFlipFullScreenChange is same, nowIsFullScreen = false
10-10 13:31:03.299  1902 22704 W WindowManager: Changing focus from Window{e9144d3 u0 eu.europa.ec.euidi/eu.europa.ec.assemblylogic.ui.MainActivity} to null displayId=0 Callers=com.android.server.wm.RootWindowContainer.updateFocusedWindowLocked:557 com.android.server.wm.WindowManagerService.updateFocusedWindowLocked:6962 com.android.server.wm.ActivityTaskManagerService.setLastResumedActivityUncheckLocked:5565 com.android.server.wm.ActivityTaskSupervisor.updateTopResumedActivityIfNeeded:2557 
10-10 13:31:03.300  1902 22704 D WindowManager: wms.Input focus has changed to null display=0 updateInputWindows = true
10-10 13:31:03.300  1902 22704 I MultiSenceManagerInternalStub: getInstance
10-10 13:31:03.300  1902 22704 D WindowManager: Collecting in transition 1269: ActivityRecord{77418a8 u0 com.android.chrome/com.google.android.apps.chrome.IntentDispatcher t571} init visibleRequested:true
10-10 13:31:03.301  1902 22704 D WindowManager: Set transition=TransitionRecord{83cf6a7 id=1269 type=OPEN flags=0x0}, ready=true, SyncId=1269 
10-10 13:31:03.302  1902 22704 D CompatibilityChangeReporter: Compat change id reported: 197654537; UID 10390; state: ENABLED
10-10 13:31:03.302  1902 22704 I BLASTSyncEngine: SyncGroup 1269:  Unfinished container:ActivityRecord{77418a8 u0 com.android.chrome/com.google.android.apps.chrome.IntentDispatcher t571}
10-10 13:31:03.302  1902 22704 I BLASTSyncEngine: isActivitySyncFinished isSyncFinished false ActivityRecord{77418a8 u0 com.android.chrome/com.google.android.apps.chrome.IntentDispatcher t571}
10-10 13:31:03.303  2983  3075 D MiuiFullScreenTaskRepository: removeFocusedTask displayId=0
10-10 13:31:03.303  2983  3075 D MiuiFullScreenTaskRepository: addOrUpdateFullScreenTaskInfo taskId=570, topActivity=ComponentInfo{eu.europa.ec.euidi/eu.europa.ec.assemblylogic.ui.MainActivity}
10-10 13:31:03.311  1902  1936 E MBrainLocalService: MBrainJava launch failed: SecurityException
10-10 13:31:03.312  1902  1936 D Aurogon :  uid = 10190 switch to FG
10-10 13:31:03.312  1902  1938 W ProcessStats: Tracking association SourceState{b4138ed com.android.chrome/10190 BTop #361927} whose proc state 2 is better than process ProcessState{6c26b07 com.google.android.adservices.api/10307 pkg=com.google.android.adservices.api} proc state 14 (211 skipped)
10-10 13:31:03.314  1902  2772 D PerfShielderService: eu.europa.ec.euidi|eu.europa.ec.euidi/eu.europa.ec.assemblylogic.ui.MainActivity|117|119299230416495|114|5|2
10-10 13:31:03.315 22071 22103 W MiuiPerfServiceClient: interceptAndQueuing:4136|eu.europa.ec.euidi|117|114|119299230416495|Slow issue draw commands|2
10-10 13:31:03.322  1902  1936 E MBrainLocalService: MBrainJava launch failed: SecurityException
10-10 13:31:03.327  1902  4160 D CompatibilityChangeReporter: Compat change id reported: 161145287; UID 10190; state: ENABLED
10-10 13:31:03.329  1902  4160 D CompatibilityChangeReporter: Compat change id reported: 319212206; UID 10190; state: ENABLED
10-10 13:31:03.335  1902 23257 D CompatibilityChangeReporter: Compat change id reported: 259743961; UID 10190; state: ENABLED
10-10 13:31:03.337  1902 23257 D WindowManager: Collecting in transition 1269: ActivityRecord{57d596d u0 com.android.chrome/org.chromium.chrome.browser.ChromeTabbedActivity init visibleRequested:false
10-10 13:31:03.337  1902 23257 D MiuiFreeFormManagerService: activeOrFullscreenFreeformTaskIfNeed startDefaultAr:false
10-10 13:31:03.338  1902 23257 D MiuiFreeFormManagerService: onStartActivityInner as = Task{72deb7a #551 type=standard A=10190:com.android.chrome} op = null
10-10 13:31:03.338  1902 23257 D WindowManagerService: checkFlipFullScreenChange is same, nowIsFullScreen = false
10-10 13:31:03.339  1902 23257 D WindowManager: setLockTaskAuth: task=Task{72deb7a #551 type=standard A=10190:com.android.chrome} mLockTaskAuth=LOCK_TASK_AUTH_PINNABLE
10-10 13:31:03.341  1902 23257 D WindowManager: Set transition=TransitionRecord{83cf6a7 id=1269 type=OPEN flags=0x0}, ready=false, SyncId=1269 used=true, override=false, defer=0, states=Display{#0 state=ON size=1080x2400 ROTATION_0}:false
10-10 13:31:03.341  1902 23257 D WindowManager: Collecting in transition 1269: ActivityRecord{57d596d u0 com.android.chrome/org.chromium.chrome.browser.ChromeTabbedActivity t-1} init visibleRequested:false
10-10 13:31:03.341  1902 23257 D WindowManager: Set transition=TransitionRecord{83cf6a7 id=1269 type=OPEN flags=0x0}, ready=false, SyncId=1269 used=true, override=false, defer=0, states=Display{#0 state=ON size=1080x2400 ROTATION_0}:false
10-10 13:31:03.343  1902 23257 I ActivityTaskManager: START u0 {act=android.intent.action.VIEW dat=https://issuer.eudiw.dev/... flg=0x14002000 cmp=com.android.chrome/org.chromium.chrome.browser.ChromeTabbedActivity (has extras)} with LAUNCH_SINGLE_INSTANCE_PER_TASK from uid 10190 (BAL_ALLOW_VISIBLE_WINDOW) result code=2
10-10 13:31:03.343  1902  2775 D MiuiSoScManagerStub: supportSoScMinimizedMode:true
10-10 13:31:03.343  1902  2775 D MiuiSoScManagerStub: taskInSoScFullMode:false
10-10 13:31:03.343  1902  2775 D MiuiFreeFormGestureController: deliverResultForFinishActivity resultTo: null resultFrom: ActivityRecord{77418a8 u0 com.android.chrome/com.google.android.apps.chrome.IntentDispatcher t571 f}} isInVideoOrGameScene: false intent: Intent { act=android.intent.action.VIEW dat=https://issuer.eudiw.dev/... flg=0x10800000 cmp=com.android.chrome/com.google.android.apps.chrome.IntentDispatcher }
10-10 13:31:03.343  1902  2775 D WindowManager: Collecting in transition 1269: Task{5e1dfc1 #571 type=standard I=com.android.chrome/com.google.android.apps.chrome.IntentDispatcher} init visibleRequested:true
10-10 13:31:03.347  2983  4706 D MiuiFreeformModeObserver: activityResumed() intent： Intent { cmp=com.android.chrome/org.chromium.chrome.browser.document.ChromeLauncherActivity (has extras) }
10-10 13:31:03.348  2983  3075 D MiuiFullScreenTaskRepository: setFocusedTask taskId=551, displayId=0, topActivity=ComponentInfo{com.android.chrome/org.chromium.chrome.browser.ChromeTabbedActivity}
10-10 13:31:03.348  2983  3075 D MiuiFullScreenTaskRepository: addOrUpdateFullScreenTaskInfo taskId=551, topActivity=ComponentInfo{com.android.chrome/org.chromium.chrome.browser.ChromeTabbedActivity}
10-10 13:31:03.348  2983  3075 D MiuiDesktopModeController: onFocusTaskChanged newFocus: TaskInfo{userId=0 taskId=551 displayId=0 isRunning=true baseIntent=Intent { act=android.intent.action.VIEW dat=https://issuer.eudiw.dev/... flg=0x14002000 cmp=com.android.chrome/org.chromium.chrome.browser.ChromeTabbedActivity } baseActivity=ComponentInfo{com.android.chrome/org.chromium.chrome.browser.ChromeTabbedActivity} topActivity=ComponentInfo{com.android.chrome/org.chromium.chrome.browser.ChromeTabbedActivity} origActivity=null realActivity=ComponentInfo{com.android.chrome/org.chromium.chrome.browser.ChromeTabbedActivity} numActivities=1 lastActiveTime=903325609 supportsSplitScreenMultiWindow=true supportsMultiWindow=true resizeMode=2 isResizeable=true minWidth=-1 minHeight=-1 defaultMinSize=200 token=WCT{android.window.IWindowContainerToken$Stub$Proxy@c1f2d0a} topActivityType=1 pictureInPictureParams=null shouldDockBigOverlays=false launchIntoPipHostTaskId=-1 lastParentTaskIdBeforePip=-1 displayCutoutSafeInsets=Rect(0, 94 - 0, 0) topActivityInfo=ActivityInfo{8bb697b org.chromium.chrome.browser.ChromeTabbedActivity} launchCookies=[] positionInParent=Point(0, 0) parentTaskId=-1 isFocused=true isVisible=false isVisibleRequested=false isSleeping=false topActivityInSizeCompat=false topActivityEligibleForLetterboxEducation= false topActivityLetterboxed= false isFromDoubleTap= false topActivityLetterboxVerticalPosition= -1 topActivityLetterboxHorizontalPosition= -1 topActivityLetterboxWidth=-1 topActivityLetterboxHeight=-1 locusId=null displayAreaFeatureId=1 cameraCompatControlState=hidden mIsCastMode=false mTopActivityMediaSize=null mTopActivityRecordName=ActivityRecord{ba4359c u0 com.android.chrome/org.chromium.chrome.browser.ChromeTabbedActivity t551} mTopActivityOrientation=-2 mTopActivityWindowIsNowVisible=false isTranslucent=true isEmbedded=false shouldBeVisible=true isImmersive=false mBehindAppLockPkg=null mOriginatingUid=0}
10-10 13:31:03.348  2983  3075 D MiuiFreeformModeController: onFocusTaskChanged taskInfo: TaskInfo{userId=0 taskId=551 displayId=0 isRunning=true baseIntent=Intent { act=android.intent.action.VIEW dat=https://issuer.eudiw.dev/... flg=0x14002000 cmp=com.android.chrome/org.chromium.chrome.browser.ChromeTabbedActivity } baseActivity=ComponentInfo{com.android.chrome/org.chromium.chrome.browser.ChromeTabbedActivity} topActivity=ComponentInfo{com.android.chrome/org.chromium.chrome.browser.ChromeTabbedActivity} origActivity=null realActivity=ComponentInfo{com.android.chrome/org.chromium.chrome.browser.ChromeTabbedActivity} numActivities=1 lastActiveTime=903325609 supportsSplitScreenMultiWindow=true supportsMultiWindow=true resizeMode=2 isResizeable=true minWidth=-1 minHeight=-1 defaultMinSize=200 token=WCT{android.window.IWindowContainerToken$Stub$Proxy@c1f2d0a} topActivityType=1 pictureInPictureParams=null shouldDockBigOverlays=false launchIntoPipHostTaskId=-1 lastParentTaskIdBeforePip=-1 displayCutoutSafeInsets=Rect(0, 94 - 0, 0) topActivityInfo=ActivityInfo{8bb697b org.chromium.chrome.browser.ChromeTabbedActivity} launchCookies=[] positionInParent=Point(0, 0) parentTaskId=-1 isFocused=true isVisible=false isVisibleRequested=false isSleeping=false topActivityInSizeCompat=false topActivityEligibleForLetterboxEducation= false topActivityLetterboxed= false isFromDoubleTap= false topActivityLetterboxVerticalPosition= -1 topActivityLetterboxHorizontalPosition= -1 topActivityLetterboxWidth=-1 topActivityLetterboxHeight=-1 locusId=null displayAreaFeatureId=1 cameraCompatControlState=hidden mIsCastMode=false mTopActivityMediaSize=null mTopActivityRecordName=ActivityRecord{ba4359c u0 com.android.chrome/org.chromium.chrome.browser.ChromeTabbedActivity t551} mTopActivityOrientation=-2 mTopActivityWindowIsNowVisible=false isTranslucent=true isEmbedded=false shouldBeVisible=true isImmersive=false mBehindAppLockPkg=null mOriginatingUid=0}
10-10 13:31:03.348  1902  2772 D WindowManager: Collecting in transition 1269: ActivityRecord{77418a8 u0 com.android.chrome/com.google.android.apps.chrome.IntentDispatcher t571 f}} init visibleRequested:true
10-10 13:31:03.348  2983  3075 D OneHandedController: stopOneHanded state is 0
10-10 13:31:03.348  1902  2772 D WindowManager: Collecting in transition 1269: ActivityRecord{ba4359c u0 com.android.chrome/org.chromium.chrome.browser.ChromeTabbedActivity t551} init visibleRequested:false
10-10 13:31:03.348  2983  3075 D WindowManagerShell: onActivityRestartAttempt: ComponentInfo{com.android.chrome/org.chromium.chrome.browser.ChromeTabbedActivity}
10-10 13:31:03.349  1902  2772 D WindowManagerService: checkFlipFullScreenChange is same, nowIsFullScreen = false
10-10 13:31:03.350  1902  2772 D WindowManager: Collecting in transition 1269: ActivityRecord{5d73081 u0 eu.europa.ec.euidi/eu.europa.ec.assemblylogic.ui.MainActivity t570} init visibleRequested:true
10-10 13:31:03.351  1902  2772 D WindowManager: Collecting in transition 1269: ActivityRecord{ba4359c u0 com.android.chrome/org.chromium.chrome.browser.ChromeTabbedActivity t551} init visibleRequested:true
10-10 13:31:03.351  1902  2772 D WindowManager: Set transition=TransitionRecord{83cf6a7 id=1269 type=OPEN flags=0x0}, ready=true, SyncId=1269 
10-10 13:31:03.352  1902  2772 I BLASTSyncEngine: SyncGroup 1269:  Unfinished container:ActivityRecord{ba4359c u0 com.android.chrome/org.chromium.chrome.browser.ChromeTabbedActivity t551}
10-10 13:31:03.353  1902  2772 I BLASTSyncEngine: isActivitySyncFinished isSyncFinished false ActivityRecord{ba4359c u0 com.android.chrome/org.chromium.chrome.browser.ChromeTabbedActivity t551}
10-10 13:31:03.353  2983  3075 D MiuiFullScreenTaskRepository: setFocusedTask taskId=551, displayId=0, topActivity=ComponentInfo{com.android.chrome/org.chromium.chrome.browser.ChromeTabbedActivity}
10-10 13:31:03.353  2983  3075 D MiuiFullScreenTaskRepository: addOrUpdateFullScreenTaskInfo taskId=551, topActivity=ComponentInfo{com.android.chrome/org.chromium.chrome.browser.ChromeTabbedActivity}
10-10 13:31:03.359  1902  2772 D CoreBackPreview: Window{a3cb1de u0 com.android.chrome/org.chromium.chrome.browser.ChromeTabbedActivity}: Setting back callback OnBackInvokedCallbackInfo{mCallback=android.window.IOnBackInvokedCallback$Stub$Proxy@d0b5633, mPriority=0, mIsAnimationCallback=true}
10-10 13:31:03.361  1902 23257 D CompatibilityChangeReporter: Compat change id reported: 261072174; UID 10190; state: ENABLED
10-10 13:31:03.361  1902  1936 E MBrainLocalService: MBrainJava launch failed: SecurityException
10-10 13:31:03.378  1902  3984 I SmartPower: com.android.chrome:sandboxed_process0:org.chromium.content.app.SandboxedProcessSer-1->background(0ms) R(become background) adj=-10000.
10-10 13:31:03.379  1902  1955 D CompatibilityChangeReporter: Compat change id reported: 143937733; UID 10190; state: ENABLED
10-10 13:31:03.388  1902 23179 D SchedBoost: com.android.chrome:sandboxed_process0:org.chromium.content.app.SandboxedProcessService0:8 boosting, skip reset priority
10-10 13:31:03.389  1902  1902 D MBrainLocalService: isVendorFreezeConditionPass is false
10-10 13:31:03.389  1902  1902 E MBrainLocalService: notifyAppSwitch failed
10-10 13:31:03.400  1902  1902 D MBrainLocalService: isVendorFreezeConditionPass is false
10-10 13:31:03.400  1902  1902 E MBrainLocalService: notifyAppSwitch failed
10-10 13:31:03.403  1902  1955 I ActivityManager: Start proc 4261:com.android.chrome:sandboxed_process0:org.chromium.content.app.SandboxedProcessService0:9/u0ai9 for  {com.android.chrome/org.chromium.content.app.SandboxedProcessService0:9} caller=com.android.chrome
10-10 13:31:03.413  2983  4706 D MiuiFreeformModeObserver: activityResumed() intent： Intent { cmp=com.android.chrome/org.chromium.chrome.browser.ChromeTabbedActivity (has extras) }
10-10 13:31:03.425  1902 23257 I BLASTSyncEngine: SyncGroup 1269:  Unfinished container:ActivityRecord{ba4359c u0 com.android.chrome/org.chromium.chrome.browser.ChromeTabbedActivity t551}
10-10 13:31:03.425  1902 23257 I BLASTSyncEngine: isActivitySyncFinished isSyncFinished false ActivityRecord{ba4359c u0 com.android.chrome/org.chromium.chrome.browser.ChromeTabbedActivity t551}
10-10 13:31:03.426  1902 23257 W WindowManager: Changing focus from null to Window{a3cb1de u0 com.android.chrome/org.chromium.chrome.browser.ChromeTabbedActivity} displayId=0 Callers=com.android.server.wm.RootWindowContainer.updateFocusedWindowLocked:557 com.android.server.wm.WindowManagerService.updateFocusedWindowLocked:6962 com.android.server.wm.WindowManagerService.relayoutWindow:2951 com.android.server.wm.Session.relayout:266 
10-10 13:31:03.426  1902 23257 I WindowManager: cancelAnimation removed leash : Surface(name=Surface(name=81266ae StatusBar#86)/@0xb48dfdc - animation-leash of insets_animation#21258)/@0xe6b8127
10-10 13:31:03.428  1902 23257 I WindowManager: cancelAnimation removed leash : Surface(name=Surface(name=db27a2 NavigationBar0#82)/@0xc1acbf0 - animation-leash of insets_animation#21264)/@0xcb2c49b
10-10 13:31:03.429  1902 23257 D WindowManager: wms.Input focus has changed to Window{a3cb1de u0 com.android.chrome/org.chromium.chrome.browser.ChromeTabbedActivity} display=0 updateInputWindows = true
10-10 13:31:03.429  1902 23257 I MultiSenceManagerInternalStub: getInstance
10-10 13:31:03.429  1902 23257 I WindowManager: Relayout Window{a3cb1de u0 com.android.chrome/org.chromium.chrome.browser.ChromeTabbedActivity}: oldVis=8 newVis=0 focusMayChange = true requestedWidth = 1080 requestedHeight = 2400 outFrames = ClientWindowFrames{frame=[0,0][1080,2400] display=[0,0][1080,2400] parentFrame=[0,0][0,0]} outSurfaceControl = Surface(name=com.android.chrome/org.chromium.chrome.browser.ChromeTabbedActivity#21267)/@0xec6ad68
10-10 13:31:03.432  1902 22715 D CompatibilityChangeReporter: Compat change id reported: 168419799; UID 10190; state: DISABLED
10-10 13:31:03.432  1902 22715 D CompatibilityChangeReporter: Compat change id reported: 273564678; UID 10190; state: DISABLED
10-10 13:31:03.438  1902  2600 D isUidValid: uid = 90009
10-10 13:31:03.439  4261  4261 E MQSEventManagerDelegate: failed to get MQSService.
10-10 13:31:03.439  4261  4261 W ActivityThread: registerApplicationScoutThread result:false
10-10 13:31:03.441  1902  1902 D MBrainLocalService: isVendorFreezeConditionPass is false
10-10 13:31:03.441  1902  1902 E MBrainLocalService: notifyAppSwitch failed
10-10 13:31:03.463  4261  4261 E ForceDarkHelperStubImpl: getForceDarkOriginState transact failed , mService: null
10-10 13:31:03.469  1902 23257 I ActivityManager: Flag disabled. Ignoring finishAttachApplication from uid: 90009. pid: 4261
10-10 13:31:03.499  1902 22715 W WindowManager: finishDrawingWindow: Window{a3cb1de u0 com.android.chrome/org.chromium.chrome.browser.ChromeTabbedActivity} mDrawState=DRAW_PENDING
10-10 13:31:03.499  1902 22715 D WindowManager: wms.finishDrawingLocked: mDrawState=COMMIT_DRAW_PENDING Window{a3cb1de u0 com.android.chrome/org.chromium.chrome.browser.ChromeTabbedActivity} in Surface(name=com.android.chrome/org.chromium.chrome.browser.ChromeTabbedActivity#21267)/@0xdb08649
10-10 13:31:03.502  1902  1939 I SmartPower: com.android.chrome/10190(29744): invisible->visible(234ms) R(become visible) adj=0.
10-10 13:31:03.503  1902  2620 I SmartPower: com.google.android.adservices.api/10307(31554): idle->background(5258ms) R(add to whitelist) adj=0.
10-10 13:31:03.503  1902  2620 I SmartPower: com.android.chrome:sandboxed_process0:org.chromium.content.app.SandboxedProcessSeridle->background(2266ms) R(add to whitelist) adj=200.
10-10 13:31:03.503  1902  2620 I SmartPower: com.android.chrome:sandboxed_process0:org.chromium.content.app.SandboxedProcessSeridle->background(2265ms) R(add to whitelist) adj=200.
10-10 13:31:03.503  1902  2620 I SmartPower: com.android.chrome:sandboxed_process0:org.chromium.content.app.SandboxedProcessSeridle->background(2266ms) R(add to whitelist) adj=200.
10-10 13:31:03.503  1902  1939 W WindowManager: real show surface:Surface(name=com.android.chrome/org.chromium.chrome.browser.ChromeTabbedActivity#21267)/@0xdb08649
10-10 13:31:03.503  1902  2620 I SmartPower: com.android.chrome:sandboxed_process0:org.chromium.content.app.SandboxedProcessSeridle->background(2266ms) R(add to whitelist) adj=930.
10-10 13:31:03.503  1902  2620 I SmartPower: com.android.chrome:sandboxed_process0:org.chromium.content.app.SandboxedProcessSeridle->background(2266ms) R(add to whitelist) adj=920.
10-10 13:31:03.503  1902  2620 I SmartPower: com.android.chrome:sandboxed_process0:org.chromium.content.app.SandboxedProcessSeridle->background(2266ms) R(add to whitelist) adj=910.
10-10 13:31:03.503  1902  2620 I SmartPower: com.android.chrome:sandboxed_process0:org.chromium.content.app.SandboxedProcessSeridle->background(5189ms) R(add to whitelist) adj=250.
10-10 13:31:03.503  1902  2620 I SmartPower: com.android.chrome:sandboxed_process0:org.chromium.content.app.SandboxedProcessSeridle->background(4421ms) R(add to whitelist) adj=250.
10-10 13:31:03.503  1902  1939 D WindowManager: Final targets: [Task{72deb7a #551 type=standard A=10190:com.android.chrome}, Task{22d2526 #570 type=standard A=10390:eu.europa.ec.euidi}]
10-10 13:31:03.518  1902  1939 D WindowManager: snapshot isNothing = false source = Task{22d2526 #570 type=standard A=10390:eu.europa.ec.euidi}
10-10 13:31:03.519  1902  1939 D WindowManager: Calling onTransitionReady info={id=1269 t=OPEN f=0x0 trk=0 r=[0@Point(0, 0)] c=[{WCT{RemoteToken{2eadea6 Task{72deb7a #551 type=standard A=10190:com.android.chrome}}} m=TO_FRONT f=MOVE_TO_TOP leash=Surface(name=Task=551#20561)/@0x6a632ef sb=Rect(0, 0 - 1080, 2400) eb=Rect(0, 0 - 1080, 2400) d=0},{WCT{RemoteToken{996d7ae Task{22d2526 #570 type=standard A=10390:eu.europa.ec.euidi}}} m=TO_BACK f=NONE leash=Surface(name=Task=570#21247)/@0x74050f3 sb=Rect(0, 0 - 1080, 2400) eb=Rect(0, 0 - 1080, 2400) d=0}] noAni=[false] df=[false] mk=[true] nc=[0] oa=[false]}, mToken=Token{9ef75ac TransitionRecord{83cf6a7 id=1269 type=OPEN flags=0x0}}
10-10 13:31:03.520  1902  1939 I BLASTSyncEngine: finishNow: after onTransactionReady, mSyncId=1269
10-10 13:31:03.523  2983  3075 D MiuiFreeformAnimation: startAnimation change: {WCT{android.window.IWindowContainerToken$Stub$Proxy@70d2257} m=TO_FRONT f=MOVE_TO_TOP leash=Surface(name=Task=551#20561)/@0x2119398 sb=Rect(0, 0 - 1080, 2400) eb=Rect(0, 0 - 1080, 2400) d=0} info.getType(): 1
10-10 13:31:03.523  2983  3075 I MiuiFreeformAnimation: isLaunchWidgetPicker=false,taskInfo.getWindowingMode()=1, taskInfo.getActivityType()=1
10-10 13:31:03.524  2983  3075 D MiuiFreeformAnimation: startAnimation change: {WCT{android.window.IWindowContainerToken$Stub$Proxy@7585144} m=TO_BACK f=NONE leash=Surface(name=Task=570#21247)/@0xc0457f1 sb=Rect(0, 0 - 1080, 2400) eb=Rect(0, 0 - 1080, 2400) d=0} info.getType(): 1
10-10 13:31:03.524  2983  3075 W MiuiTaskTransitionHandler: Receive an unknown transition, token=android.os.BinderProxy@946c65f, type=1
10-10 13:31:03.525  2983  3075 D TransitionAnimationHelper:  load default animation  type = 1 enter = false animAttr = 9 isTask = true translucent = false
10-10 13:31:03.526  2983  3075 D TransitionAnimationHelper:  load default animation  type = 1 enter = true animAttr = 8 isTask = true translucent = false
10-10 13:31:03.527  2983  3092 D ShellTransitions: speed ui!!!!!!!!!!!
10-10 13:31:03.529  2983  3075 D MiuiFullScreenTaskRepository: setFocusedTask taskId=551, displayId=0, topActivity=ComponentInfo{com.android.chrome/org.chromium.chrome.browser.ChromeTabbedActivity}
10-10 13:31:03.529  2983  3075 D MiuiFullScreenTaskRepository: addOrUpdateFullScreenTaskInfo taskId=551, topActivity=ComponentInfo{com.android.chrome/org.chromium.chrome.browser.ChromeTabbedActivity}
10-10 13:31:03.531  2983  3075 D SoScUtils: monitorTransitionFinished transition:android.os.BinderProxy@946c65f transaction: android.view.SurfaceControl$Transaction@c64ecba mRequestCloseTransition:null mRequestOpenTransition:null mPairsOpenTransition:null mPairsOpenTransitionNull:null mRequestOpenTriggerTask:-1 mRequestCloseTriggerTask:-1 mOrientationTransition: null mMainStartingTask:-1 mSideStartingTask:-1
10-10 13:31:03.534  1902  1938 I SmartPower: eu.europa.ec.euidi/10390(4136): visible->invisible(8540ms) R(become invisible) adj=200.
10-10 13:31:03.534  1902  1938 I SmartPower: eu.europa.ec.euidi/10390(4136): invisible->background(0ms) R(become background) adj=200.
10-10 13:31:03.544  2983  3075 D MiuiFullScreenTaskRepository: addOrUpdateFullScreenTaskInfo taskId=570, topActivity=ComponentInfo{eu.europa.ec.euidi/eu.europa.ec.assemblylogic.ui.MainActivity}
10-10 13:31:03.545  1902  2775 D CompatibilityChangeReporter: Compat change id reported: 214016041; UID 10190; state: ENABLED
10-10 13:31:03.549  1902 22715 I WindowManager: cancelAnimation removed leash : Surface(name=Surface(name=6a76de5 InputMethod#123)/@0xf2bd99 - animation-leash of insets_animation#21262)/@0x3a9a8b3
10-10 13:31:03.551  1902  4160 W PackageConfigPersister: App-specific configuration not found for packageName: com.android.chrome and userId: 0
10-10 13:31:03.570  1902 23179 D WindowManager: setParent old=Task{5e1dfc1 #571 type=standard I=com.android.chrome/com.google.android.apps.chrome.IntentDispatcher},new=null,this window=ActivityRecord{77418a8 u0 com.android.chrome/com.google.android.apps.chrome.IntentDispatcher t571 f}},callers=com.android.server.wm.WindowContainer.removeChild:840 com.android.server.wm.TaskFragment.removeChild:3119 com.android.server.wm.Task.removeChild:1822 com.android.server.wm.Task.removeChild:1802 com.android.server.wm.WindowContainer.removeImmediately:898 com.android.server.wm.WindowToken.removeImmediately:376 
10-10 13:31:03.570  1902 23179 D WindowManager: setParent old=DefaultTaskDisplayArea@126197207,new=null,this window=Task{5e1dfc1 #571 type=standard I=com.android.chrome/com.google.android.apps.chrome.IntentDispatcher},callers=com.android.server.wm.WindowContainer.removeChild:840 com.android.server.wm.TaskDisplayArea.removeChildTask:359 com.android.server.wm.TaskDisplayArea.removeChild:350 com.android.server.wm.WindowContainer.removeImmediately:898 com.android.server.wm.TaskFragment.removeImmediately:3203 com.android.server.wm.Task.removeImmediately:3222 
10-10 13:31:03.573  1902  1936 D Aurogon :  uid = 10390 switch to BG
10-10 13:31:03.574  1902  2600 D isUidValid: uid = 10390
10-10 13:31:03.640  1902  1902 D MBrainLocalService: isVendorFreezeConditionPass is false
10-10 13:31:03.640  1902  1902 E MBrainLocalService: notifyAppSwitch failed
10-10 13:31:03.667  1902  2620 I SmartPower: com.google.android.inputmethod.latin/10196(22721): background->idle(3001ms) R(become background) adj=100.
10-10 13:31:03.877  1556  1556 I wificond: station_bandwidth: 
10-10 13:31:04.041  1902  2620 I SmartPower: com.xiaomi.discover/10128(11400): background->idle(3001ms) R(broadcast start Intent { act=android.intent.action.BATTERY_CHANGED flg=0x60000010 (has extras) }) adj=905.
10-10 13:31:04.041  1902  2620 I SmartPower: com.microsoft.teams/10321(6401): background->idle(3002ms) R(broadcast start Intent { act=android.intent.action.BATTERY_CHANGED flg=0x60000010 (has extras) }) adj=905.
10-10 13:31:04.047  1902  2620 I SmartPower: com.google.android.apps.tachyon/10234(13012): background->idle(3001ms) R(broadcast start Intent { act=android.intent.action.BATTERY_CHANGED flg=0x60000010 (has extras) }) adj=965.
10-10 13:31:04.050  1902  2620 I SmartPower: com.miui.gallery/10078(17586): background->idle(3002ms) R(broadcast start Intent { act=android.intent.action.BATTERY_CHANGED flg=0x60000010 (has extras) }) adj=965.
10-10 13:31:04.050  1902  2620 I SmartPower: com.facebook.appmanager/10150(6423): background->idle(3000ms) R(broadcast start Intent { act=android.intent.action.BATTERY_CHANGED flg=0x60000010 (has extras) }) adj=905.
10-10 13:31:04.057  1902  1902 D UiModeManager: updateConfigurationLocked: mDockState=0; mCarMode=false; mCar=false; mPowerSave=false; mOverrideNightModeOn=false; mOverrideNightModeOff=false; mComputedNightMode=false; mNightMode=1; uiMode=17
10-10 13:31:04.475  1902 23179 W MIUIInput: Input event injection from package: null action ACTION_DOWN
10-10 13:31:04.476  1902  2612 I ProcessManager: getRenderThreadTidByPid, caller=1902
10-10 13:31:04.479  1902 23179 W MIUIInput: Input event injection from package: null action ACTION_UP
10-10 13:31:04.665  1902 23257 W MIUIInput: Input event injection from package: null action ACTION_DOWN
10-10 13:31:04.667  1902  2612 I ProcessManager: getRenderThreadTidByPid, caller=1902
10-10 13:31:04.670  1902 23257 W MIUIInput: Input event injection from package: null action ACTION_UP
10-10 13:31:04.791  1902 23179 D SchedBoost: com.android.chrome:sandboxed_process0:org.chromium.content.app.SandboxedProcessService0:9 boosting, skip reset priority
10-10 13:31:05.838  1902 23179 W MIUIInput: Input event injection from package: null action ACTION_DOWN
10-10 13:31:05.842  1902  2612 I ProcessManager: getRenderThreadTidByPid, caller=1902
10-10 13:31:05.843  1902 23179 W MIUIInput: Input event injection from package: null action ACTION_UP
10-10 13:31:05.863  1902 23257 I InputMethodManagerService: IMMS.showSoftInput(), client = com.android.internal.inputmethod.IInputMethodClient$Stub$Proxy@d7e1d6a
10-10 13:31:05.863  1902  3984 W PackageConfigPersister: App-specific configuration not found for packageName: com.android.chrome and userId: 0
10-10 13:31:05.863  1902 23257 I InputMethodManagerService: IMMS.showCurrentInputLocked(), flags = 0
10-10 13:31:05.863  1902 23257 D SmartPower: com.google.android.inputmethod.latin/10196(22721): show input method
10-10 13:31:05.863  1902 23257 I SmartPower: com.google.android.inputmethod.latin/10196(22721): idle->visible(2197ms) R(show input method) adj=100.
10-10 13:31:05.863  1902 23257 I DefaultImeVisibilityApplier: IMMS.showCurrentInputLocked request ims to show inputMethod.
10-10 13:31:05.956  1902 23179 I InputMethodManagerService: IMMS.showSoftInput(), client = com.android.internal.inputmethod.IInputMethodClient$Stub$Proxy@b5beaf8
10-10 13:31:05.956  1902 23179 I InputMethodManagerService: IMMS.showCurrentInputLocked(), flags = 0
10-10 13:31:05.956  1902 23179 D SmartPower: com.google.android.inputmethod.latin/10196(22721): show input method
10-10 13:31:05.956  1902 23179 I DefaultImeVisibilityApplier: IMMS.showCurrentInputLocked request ims to show inputMethod.
10-10 13:31:05.985  1902  3984 I InputMethodManagerService: IMMS.applyImeVisibility(), setVisible = true, mCurclient = ClientState{7b82785 mUid=10190 mPid=29744 mSelfReportedDisplayId=0}
10-10 13:31:05.985  1902  3984 I WindowManager: WMS.showImePostLayout(), imeTarget = Window{a3cb1de u0 com.android.chrome/org.chromium.chrome.browser.ChromeTabbedActivity}
10-10 13:31:05.989  1902 23179 D CoreBackPreview: Window{a3cb1de u0 com.android.chrome/org.chromium.chrome.browser.ChromeTabbedActivity}: Setting back callback OnBackInvokedCallbackInfo{mCallback=android.window.IOnBackInvokedCallback$Stub$Proxy@b8acbd1, mPriority=0, mIsAnimationCallback=false}
10-10 13:31:06.001  2983  3075 D MiuiFreeformModeController: avoidForInsetsBottomChangedIfNeed oldMoveableBottom: 2270 newMoveableBounds: 2270
10-10 13:31:06.006  1902 23179 I WindowManager: Relayout Window{6a76de5 u0 InputMethod}: oldVis=8 newVis=0 focusMayChange = true requestedWidth = 1080 requestedHeight = 2306 outFrames = ClientWindowFrames{frame=[0,94][1080,2400] display=[0,94][1080,2400] parentFrame=[0,0][0,0]} outSurfaceControl = Surface(name=InputMethod#21280)/@0xa9f540d
10-10 13:31:06.016  2983  3075 D MiuiFreeformModeController: avoidForInsetsBottomChangedIfNeed oldMoveableBottom: 2270 newMoveableBounds: 2270
10-10 13:31:06.033  1902 23257 W WindowManager: finishDrawingWindow: Window{6a76de5 u0 InputMethod} mDrawState=DRAW_PENDING
10-10 13:31:06.033  1902 23257 D WindowManager: wms.finishDrawingLocked: mDrawState=COMMIT_DRAW_PENDING Window{6a76de5 u0 InputMethod} in Surface(name=InputMethod#21280)/@0x2e0bea4
10-10 13:31:06.034  1902  3984 I InputMethodManagerService: IMMS.applyImeVisibility(), setVisible = true, mCurclient = ClientState{7b82785 mUid=10190 mPid=29744 mSelfReportedDisplayId=0}
10-10 13:31:06.035  1902  1939 I ImeInsetsSourceProvider: ImeInsetsSourceProvider.scheduleShowImePostLayout() Run showImeRunner.
10-10 13:31:06.035  1902  1939 I ImeInsetsSourceProvider: ImeInsetsSourceProvider.scheduleShowImePostLayout() isReadyToShowIme.
10-10 13:31:06.038  1902 22715 I WindowManager: cancelAnimation removed leash : Surface(name=Surface(name=db27a2 NavigationBar0#82)/@0xc1acbf0 - animation-leash of insets_animation#21269)/@0x230888b
10-10 13:31:06.038  2983  3075 D MiuiFreeformModeController: avoidForInsetsBottomChangedIfNeed oldMoveableBottom: 2270 newMoveableBounds: 2270
10-10 13:31:06.038  2983  3075 D ImePositionProcessor: onImeVisibilityChanged     isShowing:  true
10-10 13:31:06.039  1902  3984 I WindowManager: WMS.showImePostLayout(), imeTarget = Window{a3cb1de u0 com.android.chrome/org.chromium.chrome.browser.ChromeTabbedActivity}
10-10 13:31:06.041  2983  3075 D MiuiFreeformModeController: onImeVisibilityChanged imeVisible: true imeHeight: 701 adjustedForRotation:false
10-10 13:31:06.041  2983  3075 D MiuiFreeformModeAvoidAlgorithm: begin autoOrderingAvoidMiniTask
10-10 13:31:06.041  1902  1938 I WindowManager: input method visible height changed 701
10-10 13:31:06.041  2983  3075 D MiuiFreeformModeAvoidAlgorithm: getCurrMiniPos: SameSideMiniPosList: []
10-10 13:31:06.041  2983  3075 D MiuiFreeformModeAvoidAlgorithm: getCurrMiniPos: SameSideMiniPosList: []
10-10 13:31:06.041  2983  3075 D MiuiFreeformModeAvoidAlgorithm: end autoOrderingAvoidMiniTask res:AvoidResult{distance=0, combination={}, activeTaskPos=Rect(0, 0 - 0, 0)}
10-10 13:31:06.041  1902  2338 I ITouchFeature: current device and process support version:2
10-10 13:31:06.043  1902  1938 W WindowManager: real show surface:Surface(name=InputMethod#21280)/@0x2e0bea4
10-10 13:31:06.043  1902  1938 I ImeInsetsSourceProvider: ImeInsetsSourceProvider.scheduleShowImePostLayout() Run showImeRunner.
10-10 13:31:06.043  1902  1938 I ImeInsetsSourceProvider: ImeInsetsSourceProvider.scheduleShowImePostLayout() isReadyToShowIme.
10-10 13:31:06.067  2983  3075 D OneHandedController: stopOneHanded state is 0
10-10 13:31:06.111  1902  2336 I SmartPower: com.google.android.gms.unstable/10175(4628): idle->background(57001ms) R(alarm start) adj=800.
10-10 13:31:06.111  1902  2336 I SmartPower: com.google.android.gms.ui/10175(26069): idle->background(57001ms) R(alarm start) adj=800.
10-10 13:31:06.111  1902  2336 I SmartPower: com.google.process.gservices/10175(22048): idle->background(57001ms) R(alarm start) adj=915.
10-10 13:31:06.111  1902  2336 I SmartPower: com.google.android.gms:snet/10175(14783): idle->background(57001ms) R(alarm start) adj=800.
10-10 13:31:06.111  1902  2336 I SmartPower: com.google.process.gapps/10175(12347): idle->background(57000ms) R(alarm start) adj=945.
10-10 13:31:06.112  1902  2336 D AlarmManager: mBroadcastRefCount -> 1
10-10 13:31:06.119  1902  3984 D AlarmManager: mBroadcastRefCount -> 0
10-10 13:31:06.119  1902  3984 D AlarmManager: mPendingIntent -> null
10-10 13:31:06.160  1902  3984 D WindowManagerService: checkFlipFullScreenChange is same, nowIsFullScreen = false
10-10 13:31:06.207  1902  3984 D WindowManagerService: checkFlipFullScreenChange is same, nowIsFullScreen = false
10-10 13:31:06.491  1902 23179 W MIUIInput: Input event injection from package: null action ACTION_DOWN
10-10 13:31:06.495  1902  2612 I ProcessManager: getRenderThreadTidByPid, caller=1902
10-10 13:31:06.497  1902 23179 W MIUIInput: Input event injection from package: null action ACTION_UP
10-10 13:31:06.517  1902 23179 I InputMethodManagerService: IMMS.applyImeVisibility(), setVisible = false, mCurclient = ClientState{7b82785 mUid=10190 mPid=29744 mSelfReportedDisplayId=0}
10-10 13:31:06.526  2983  3075 D MiuiFreeformModeController: avoidForInsetsBottomChangedIfNeed oldMoveableBottom: 2270 newMoveableBounds: 2270
10-10 13:31:06.526  2983  3075 D ImePositionProcessor: onImeVisibilityChanged     isShowing:  false
10-10 13:31:06.530  1902  1939 I WindowManager: input method visible height changed 0
10-10 13:31:06.530  1902  2338 I ITouchFeature: current device and process support version:2
10-10 13:31:06.530  1902  3984 D PerfShielderService: com.android.chrome|com.android.chrome/org.chromium.chrome.browser.ChromeTabbedActivity|108|119303346034418|84|0|2
10-10 13:31:06.534  1902  4160 W PackageConfigPersister: App-specific configuration not found for packageName: com.android.chrome and userId: 0
10-10 13:31:06.534  1902  2620 I SmartPower: eu.europa.ec.euidi/10390(4136): background->idle(3000ms) R(become invisible) adj=700.
10-10 13:31:06.535 22071 22103 W MiuiPerfServiceClient: interceptAndQueuing:29744|com.android.chrome|108|84|119303346034418|Slow main thread|2
10-10 13:31:06.541  2983  3075 D MiuiFreeformModeController: onImeVisibilityChanged imeVisible: false imeHeight: 0 adjustedForRotation:false
10-10 13:31:06.541  2983  3075 D MiuiFreeformModeAvoidAlgorithm: begin autoOrderingAvoidMiniTask
10-10 13:31:06.542  1902  2772 D CoreBackPreview: Window{a3cb1de u0 com.android.chrome/org.chromium.chrome.browser.ChromeTabbedActivity}: Setting back callback OnBackInvokedCallbackInfo{mCallback=android.window.IOnBackInvokedCallback$Stub$Proxy@567384b, mPriority=0, mIsAnimationCallback=true}
10-10 13:31:06.546  2983  3075 D MiuiFreeformModeAvoidAlgorithm: getCurrMiniPos: SameSideMiniPosList: []
