10-10 16:02:15.858  2042  4100 D CompatibilityChangeReporter: Compat change id reported: 194532703; UID 10030; state: ENABLED
10-10 16:02:15.858  2042  4100 D ActivityManager: checkAllowBackground: uid=10030 pkg=eu.europa.ec.euidi rec=UidRecord{4fd02ab u0a30 TOP  change:active|uncached|procstate procs:0 seq(1385163,1385163)} caps=LCMNFU always=false idle=false
10-10 16:02:15.876 30387 30387 D FramePredict: FramePredict init: false
10-10 16:02:15.876 30387 30387 D FramePredict: init success
10-10 16:02:15.878  2042  2072 W ActivityManager: Permission Denial: getCurrentUser() from pid=30387, uid=10030 requires android.permission.INTERACT_ACROSS_USERS
10-10 16:02:15.879 30387 30415 E FramePredict: registerContentObserver fail
10-10 16:02:15.891  4304  4484 D MiuiFullScreenTaskRepository: setFocusedTask taskId=6726, displayId=0, topActivity=ComponentInfo{eu.europa.ec.euidi/eu.europa.ec.assemblylogic.ui.MainActivity}
10-10 16:02:15.891  4304  4484 D MiuiFullScreenTaskRepository: addOrUpdateFullScreenTaskInfo taskId=6726, topActivity=ComponentInfo{eu.europa.ec.euidi/eu.europa.ec.assemblylogic.ui.MainActivity}
10-10 16:02:15.893  4304  5037 D MiuiFreeformModeObserver: activityResumed() intent： Intent { cmp=eu.europa.ec.euidi/eu.europa.ec.assemblylogic.ui.MainActivity (has extras) }
10-10 16:02:15.915  4304  4304 D ArtChoreographerMonitor: invoke error.
10-10 16:02:15.938  2042  4100 D CoreBackPreview: Window{ed7234c u0 eu.europa.ec.euidi/eu.europa.ec.assemblylogic.ui.MainActivity}: Setting back callback OnBackInvokedCallbackInfo{mCallback=android.window.IOnBackInvokedCallback$Stub$Proxy@c0eb777, mPriority=0, mIsAnimationCallback=false}
10-10 16:02:15.946  2042  2072 I WindowManager: cancelAnimation removed leash : Surface(name=Surface(name=704023a StatusBar#94)/@0xa8be448 - animation-leash of insets_animation#16764)/@0x3fd5d4a
10-10 16:02:15.947  2042  2072 I WindowManager: cancelAnimation removed leash : Surface(name=Surface(name=d968687 NavigationBar0#90)/@0x2f479dd - animation-leash of insets_animation#16765)/@0xdb9ddd8
10-10 16:02:15.948  2042  2072 D WindowManager: wms.Input focus has changed to Window{ed7234c u0 eu.europa.ec.euidi/eu.europa.ec.assemblylogic.ui.MainActivity} display=0 updateInputWindows = true
10-10 16:02:15.948  2042  2072 I MultiSenceManagerInternalStub: getInstance
10-10 16:02:15.979  2042  4100 D WindowManager: wms.finishDrawingLocked: mDrawState=COMMIT_DRAW_PENDING Window{ed7234c u0 eu.europa.ec.euidi/eu.europa.ec.assemblylogic.ui.MainActivity} in Surface(name=eu.europa.ec.euidi/eu.europa.ec.assemblylogic.ui.MainActivity#16767)/@0xb348fe4
10-10 16:02:15.981  2042  2693 D TaskSnapshot_Helper: shouldDelay()... Not launched by home, no delay needed.
10-10 16:02:15.983  2042  2693 I WindowManager: wms.showSurfaceRobustly mWin:Window{ed7234c u0 eu.europa.ec.euidi/eu.europa.ec.assemblylogic.ui.MainActivity}
10-10 16:02:15.984  4304  4572 D ArtChoreographerMonitor: invoke error.
10-10 16:02:15.998  2042  7010 I SmartPower: com.android.chrome/10172(25786): visible->invisible(4187ms) R(become invisible) adj=101.
10-10 16:02:15.998  2042  7010 I SmartPower: com.android.chrome:privileged_process2/10172(971): invisible->background(4656ms) R(become background) adj=101.
10-10 16:02:15.998  2042  7010 I SmartPower: com.android.chrome/10172(25786): invisible->background(0ms) R(become background) adj=101.
10-10 16:02:16.001  2042  2072 D CompatibilityChangeReporter: Compat change id reported: 214016041; UID 10030; state: ENABLED
10-10 16:02:16.009  2042  4100 D CoreBackPreview: Window{13dfb59 u0 com.android.chrome/org.chromium.chrome.browser.ChromeTabbedActivity}: Setting back callback OnBackInvokedCallbackInfo{mCallback=android.window.IOnBackInvokedCallback$Stub$Proxy@ec282bd, mPriority=-1, mIsAnimationCallback=false}
10-10 16:02:16.013  2042  4080 W PackageConfigPersister: App-specific configuration not found for packageName: eu.europa.ec.euidi and userId: 0
10-10 16:02:16.018  2042  2072 W WindowManager: Failed looking up window session=Session{425cf7b 4304:1000} callers=com.android.server.wm.WindowManagerService.windowForClientLocked:6851 com.android.server.wm.Session.setOnBackInvokedCallbackInfo:966 android.view.IWindowSession$Stub.onTransact:1164 
10-10 16:02:16.018  2042  2072 I WindowManager: setOnBackInvokedCallback(): No window state for package:com.android.systemui
10-10 16:02:16.022  2042  4100 I WindowManager: cancelAnimation removed leash : Surface(name=Surface(name=49d5fba InputMethod#118)/@0xbb23dc8 - animation-leash of insets_animation#16755)/@0xe2a42da
10-10 16:02:16.023  2042  7010 D ActivityManager: checkAllowBackground: uid=10030 pkg=eu.europa.ec.euidi rec=UidRecord{4fd02ab u0a30 TOP  change:procadj procs:0 seq(1385294,1385163)} caps=LCMNFU always=false idle=false
10-10 16:02:16.056 25786 25786 D ActivityThread: Fail to check app heapsize due to java.lang.NoSuchMethodException: dalvik.system.VMRuntime.getBlockingGcCountForAlloc []
10-10 16:02:16.060  2042  2690 D Aurogon :  uid = 10172 switch to BG
10-10 16:02:16.062  2042  3500 D isUidValid: uid = 10172
10-10 16:02:16.195  4304  4304 D ArtChoreographerMonitor: invoke error.
10-10 16:02:16.197  2042  2042 W AccessibilityManagerService:  wait for adding window timeout: 3803
10-10 16:02:17.019  4304  4572 D ArtChoreographerMonitor: invoke error.
10-10 16:02:17.171  2183  2183 I wificond: station_bandwidth: P
10-10 16:02:17.348  4304  4304 D ArtChoreographerMonitor: invoke error.
10-10 16:02:18.046  2042  2072 W FillRequestEventLogger: Couldn't find packageName: com.google.android.inputmethod.latin
10-10 16:02:18.049  2042 16744 W FillRequestEventLogger: Shouldn't be logging AutofillFillRequestReported again for same event
10-10 16:02:18.049  2042 16744 D AutofillSession: clearPendingIntentLocked
10-10 16:02:18.058  2042  2072 W PackageConfigPersister: App-specific configuration not found for packageName: eu.europa.ec.euidi and userId: 0
10-10 16:02:18.059 30387 30387 D MiuiMultiWindowUtils: freeform resolution args raw data:{  "wide_default":{    "freeform_args": {        "vertical_portrait":{"aspect_ratio":0.626, "original_ratio":0.5643,"original_scale":0.74,"top_margin":0.168,"left_margin":0.484},        "horizontal_portrait":{"aspect_ratio":0.626, "original_ratio":0.5643,"original_scale":0.74,"top_margin":0.1222,"left_margin":0.59745},        "vertical_landscape":{"aspect_ratio":1.6, "original_ratio":1,"original_scale":0.604,"top_margin":0.2596,"left_margin":0.2624},        "horizontal_landscape":{"aspect_ratio":1.6, "original_ratio":1,"original_scale":0.604,"top_margin":0.213,"left_margin":0.3758}    },    "mini_freeform_args":{        "vertical_portrait":{"original_ratio":0.147},        "horizontal_portrait":{"original_ratio":0.147},        "vertical_landscape":{"original_ratio":0.165},        "horizontal_landscape":{"original_ratio":0.165}    }  },  "narrow_default": {    "freeform_args": {        "vertical_portrait":{"aspect_ratio":0.626, "original_ratio":1,"original_scale":0.74,"top_margin":0.0753,"left_margin":-1},        "horizontal_portrait":{"aspect_ratio":0.626, "original_ratio":1,"original_scale":0.5756,"top_margin":-1,"left_margin":0.0753},        "vertical_landscape":{"aspect_ratio":1.6, "original_ratio":0.6847,"original_scale":0.587,"top_margin":0.0753,"left_margin":-1},        "horizontal_landscape":{"aspect_ratio":1.6, "original_ratio":0.6847,"original_scale":0.587,"top_margin":-1,"left_margin":0.0753}    },    "mini_freeform_args":{        "vertical_portrait":{"original_ratio":0.26},        "horizontal_portrait":{"original_ratio":0.26},        "vertical_landscape":{"original_ratio":0.293},        "horizontal_landscape":{"original_ratio":0.293}    }  },  "regular_default": {    "freeform_args": {      "vertical_portrait":{"aspect_ratio":0.625, "original_ratio":1,"original_scale":0.7,"top_margin":0.109,"left_margin":-1},      "horizontal_portrait":{"aspect_ratio":0.6667, "original_ratio":1,"original_scale":0.6102,"top_margin":-1,"left_margin":0.026},      "vertical_landscape":{"aspect_ratio":1.6, "original_ratio":1,"original_scale":0.4244,"top_margin":0.109,"left_margin":-1},      "horizontal_landscape":{"aspect_ratio":1.6, "original_ratio":1,"original_scale":0.4244,"top_margin":-1,"left_margin":0.026}    },    "mini_freeform_args":{      "vertical_portrait":{"original_ratio":0.25},      "horizontal_portrait":{"original_ratio":0.25},      "vertical_landscape":{"original_ratio":0.25},      "horizontal_landscape":{"original_ratio":0.25}    }  },  "pad_default": {    "freeform_args": {      "vertical_portrait":{"aspect_ratio":0.5625, "original_ratio":0.375,"original_scale":0.835,"top_margin":0.049,"left_margin":0.2775},      "horizontal_portrait":{"aspect_ratio":0.5625, "original_ratio":0.375,"original_scale":0.835,"top_margin":-1,"left_margin":0.6525},      "vertical_landscape":{"aspect_ratio":-1, "original_ratio":1,"original_scale":0.468,"top_margin":0.049,"left_margin":-1},      "horizontal_landscape":{"aspect_ratio":-1, "original_ratio":1,"original_scale":0.468,"top_margin":-1,"left_margin":0.4976}    },    "mini_freeform_args":{      "vertical_portrait":{"original_ratio":0.144},      "horizontal_portrait":{"original_ratio":0.144},      "vertical_landscape":{"original_ratio":0.2},      "horizontal_landscape":{"original_ratio":0.2}    }  }}
10-10 16:02:18.059 30387 30387 D MiuiMultiWindowUtils: initFreeFormResolutionArgs failed, device is redwood
10-10 16:02:18.059  2042  6999 W PackageConfigPersister: App-specific configuration not found for packageName: eu.europa.ec.euidi and userId: 0
10-10 16:02:18.060  2042  6999 I InputMethodManagerService: IMMS.showSoftInput(), client = com.android.internal.inputmethod.IInputMethodClient$Stub$Proxy@4276a62
10-10 16:02:18.060  2042  6999 I InputMethodManagerService: IMMS.showCurrentInputLocked(), flags = 0
10-10 16:02:18.060  2042  6999 D SmartPower: com.google.android.inputmethod.latin/10176(6431): show input method
10-10 16:02:18.060  2042  6999 I SmartPower: com.google.android.inputmethod.latin/10176(6431): idle->visible(2644ms) R(show input method) adj=100.
10-10 16:02:18.060  2042  6999 I DefaultImeVisibilityApplier: IMMS.showCurrentInputLocked request ims to show inputMethod.
10-10 16:02:18.066  2042  6999 D AutofillSession: createPendingIntent for request 1376
10-10 16:02:18.066  2042  6999 D ContentCapturePerUserService: Notified activity assist data for activity: Token{5a76a8d ActivityRecord{aecf2b6 u0 eu.europa.ec.euidi/eu.europa.ec.assemblylogic.ui.MainActivity t6726}} without a session Id
10-10 16:02:18.095  2042  6999 I InputMethodManagerService: IMMS.showSoftInput(), client = com.android.internal.inputmethod.IInputMethodClient$Stub$Proxy@8d6c261
10-10 16:02:18.095  2042  6999 I InputMethodManagerService: IMMS.showCurrentInputLocked(), flags = 0
10-10 16:02:18.095  2042  6999 D SmartPower: com.google.android.inputmethod.latin/10176(6431): show input method
10-10 16:02:18.096  2042  6999 I DefaultImeVisibilityApplier: IMMS.showCurrentInputLocked request ims to show inputMethod.
10-10 16:02:18.108  2042  2072 I InputMethodManagerService: IMMS.applyImeVisibility(), setVisible = true, mCurclient = ClientState{f99328b mUid=10030 mPid=30387 mSelfReportedDisplayId=0}
10-10 16:02:18.114  4304  4484 D MiuiFreeformModeController: avoidForInsetsBottomChangedIfNeed oldMoveableBottom: 2270 newMoveableBounds: 2270
10-10 16:02:18.118  2042  4100 D CoreBackPreview: Window{ed7234c u0 eu.europa.ec.euidi/eu.europa.ec.assemblylogic.ui.MainActivity}: Setting back callback OnBackInvokedCallbackInfo{mCallback=android.window.IOnBackInvokedCallback$Stub$Proxy@d86fc0c, mPriority=0, mIsAnimationCallback=false}
10-10 16:02:18.118  2042  2072 I WindowManager: WMS.showImePostLayout(), imeTarget = Window{ed7234c u0 eu.europa.ec.euidi/eu.europa.ec.assemblylogic.ui.MainActivity}
10-10 16:02:18.128  4304  4484 D MiuiFreeformModeController: avoidForInsetsBottomChangedIfNeed oldMoveableBottom: 2270 newMoveableBounds: 2270
10-10 16:02:18.132  2042  6999 D WindowManager: wms.finishDrawingLocked: mDrawState=COMMIT_DRAW_PENDING Window{49d5fba u0 InputMethod} in Surface(name=InputMethod#16773)/@0x9603b5e
10-10 16:02:18.133  2042  9046 I InputMethodManagerService: IMMS.applyImeVisibility(), setVisible = true, mCurclient = ClientState{f99328b mUid=10030 mPid=30387 mSelfReportedDisplayId=0}
10-10 16:02:18.133  2042  2693 I ImeInsetsSourceProvider: ImeInsetsSourceProvider.scheduleShowImePostLayout() Run showImeRunner.
10-10 16:02:18.133  2042  2693 I ImeInsetsSourceProvider: ImeInsetsSourceProvider.scheduleShowImePostLayout() isReadyToShowIme.
10-10 16:02:18.135  2042  9046 I WindowManager: WMS.showImePostLayout(), imeTarget = Window{ed7234c u0 eu.europa.ec.euidi/eu.europa.ec.assemblylogic.ui.MainActivity}
10-10 16:02:18.136  2042  2693 I ImeInsetsSourceProvider: ImeInsetsSourceProvider.scheduleShowImePostLayout() Run showImeRunner.
10-10 16:02:18.136  2042  2693 I ImeInsetsSourceProvider: ImeInsetsSourceProvider.scheduleShowImePostLayout() isReadyToShowIme.
10-10 16:02:18.139  2042  7010 I WindowManager: cancelAnimation removed leash : Surface(name=Surface(name=d968687 NavigationBar0#90)/@0x2f479dd - animation-leash of insets_animation#16769)/@0xc0d0049
10-10 16:02:18.139  2042  2693 I WindowManager: input method visible height changed 701
10-10 16:02:18.140  4304  4484 D MiuiFreeformModeController: avoidForInsetsBottomChangedIfNeed oldMoveableBottom: 2270 newMoveableBounds: 2270
10-10 16:02:18.140  4304  4484 D ImePositionProcessor: onImeVisibilityChanged     isShowing:  true
10-10 16:02:18.140  2042  3126 I ITouchFeature: current device and process support version:2
10-10 16:02:18.140  2042  2693 I WindowManager: wms.showSurfaceRobustly mWin:Window{49d5fba u0 InputMethod}
10-10 16:02:18.141  4304  4484 D MiuiFreeformModeController: onImeVisibilityChanged imeVisible: true imeHeight: 701 adjustedForRotation:false
10-10 16:02:18.141  4304  4484 D MiuiFreeformModeAvoidAlgorithm: begin autoOrderingAvoidMiniTask
10-10 16:02:18.141  4304  4484 D MiuiFreeformModeAvoidAlgorithm: getCurrMiniPos: SameSideMiniPosList: []
10-10 16:02:18.141  4304  4484 D MiuiFreeformModeAvoidAlgorithm: getCurrMiniPos: SameSideMiniPosList: []
10-10 16:02:18.141  4304  4484 D MiuiFreeformModeAvoidAlgorithm: end autoOrderingAvoidMiniTask res:AvoidResult{distance=0, combination={}, activeTaskPos=Rect(0, 0 - 0, 0)}
10-10 16:02:18.148  2042  4565 D ActivityManager: checkAllowBackground: uid=10163 pkg=com.google.android.gms rec=UidRecord{3efeecd u0a163 BTOP change:procadj procs:0 seq(1385439,1293144)} caps=LCMNFU always=false idle=false
10-10 16:02:18.153  4304  4304 D ArtChoreographerMonitor: invoke error.
10-10 16:02:18.153  4304  4484 D OneHandedController: stopOneHanded state is 0
10-10 16:02:18.155  2042  7010 D ActivityManager: checkAllowBackground: uid=10163 pkg=com.google.android.gms rec=UidRecord{3efeecd u0a163 BTOP change:procadj procs:0 seq(1385441,1293144)} caps=LCMNFU always=false idle=false
10-10 16:02:18.167  2042  7010 D ActivityManager: checkAllowBackground: uid=10163 pkg=com.google.android.gms rec=UidRecord{3efeecd u0a163 BTOP change:procadj procs:0 seq(1385445,1293144)} caps=LCMNFU always=false idle=false
10-10 16:02:18.170  2042  6999 D ActivityManager: checkAllowBackground: uid=10163 pkg=com.google.android.gms rec=UidRecord{3efeecd u0a163 BTOP change:procadj procs:0 seq(1385448,1293144)} caps=LCMNFU always=false idle=false
10-10 16:02:18.187  2042  7010 D ActivityManager: checkAllowBackground: uid=10163 pkg=com.google.android.gms rec=UidRecord{3efeecd u0a163 BTOP change:procadj procs:0 seq(1385453,1293144)} caps=LCMNFU always=false idle=false
10-10 16:02:18.198  2042  7010 D ActivityManager: checkAllowBackground: uid=10163 pkg=com.google.android.gms rec=UidRecord{3efeecd u0a163 BTOP change:procadj procs:0 seq(1385455,1293144)} caps=LCMNFU always=false idle=false
10-10 16:02:18.210  2042  6971 D ActivityManager: checkAllowBackground: uid=10163 pkg=com.google.android.gms rec=UidRecord{3efeecd u0a163 BTOP change:procadj procs:0 seq(1385457,1293144)} caps=LCMNFU always=false idle=false
10-10 16:02:18.213  2042  6971 D ActivityManager: checkAllowBackground: uid=10163 pkg=com.google.android.gms rec=UidRecord{3efeecd u0a163 BTOP change:procadj procs:0 seq(1385457,1293144)} caps=LCMNFU always=false idle=false
10-10 16:02:18.327  4304  4304 D ArtChoreographerMonitor: invoke error.
10-10 16:02:18.475  2042  7010 I SmartPower: com.google.android.googlequicksearchbox:googleapp/10167(17092): idle->background(96463ms) R(service create com.google.android.googlequicksearchbox/com.google.android.libraries.search.integrations.tiktok.RemoteWorkerService_googleapp) adj=0.
10-10 16:02:18.498  2042  2042 D AutofillSession: Service did not request to wait for delayed fill response.
10-10 16:02:18.499  2042  7010 D ActivityManager: checkAllowBackground: uid=10163 pkg=com.google.android.gms rec=UidRecord{3efeecd u0a163 BTOP change:procadj procs:0 seq(1385468,1293144)} caps=LCMNFU always=false idle=false
10-10 16:02:18.543  2042  7010 W WindowManager: Requires INTERNAL_SYSTEM_WINDOW permission if assign type to input. New type will be 0.
10-10 16:02:18.547  2042  7010 W WindowManager: Cannot find window which accessibility connection is added to
10-10 16:02:18.581  2042  6991 D PerfShielderService: eu.europa.ec.euidi|eu.europa.ec.euidi/eu.europa.ec.assemblylogic.ui.MainActivity|154|69992607481892|52|5|5
10-10 16:02:18.582  6649 24736 W MiuiPerfServiceClient: interceptAndQueuing:30387|eu.europa.ec.euidi|154|52|69992607481892|Slow issue draw commands|5
10-10 16:02:18.692  2042  6991 D ActivityManager: checkAllowBackground: uid=10163 pkg=com.google.android.gms rec=UidRecord{3efeecd u0a163 BTOP change:procadj procs:0 seq(1385483,1293144)} caps=LCMNFU always=false idle=false
10-10 16:02:18.698  2042  7010 D ActivityManager: checkAllowBackground: uid=10163 pkg=com.google.android.gms rec=UidRecord{3efeecd u0a163 BTOP change:procadj procs:0 seq(1385485,1293144)} caps=LCMNFU always=false idle=false
10-10 16:02:19.000  2042  3524 I SmartPower: com.android.chrome:privileged_process2/10172(971): background->idle(3002ms) R(become invisible) adj=700.
10-10 16:02:19.000  2042  3524 I SmartPower: com.android.chrome/10172(25786): background->idle(3002ms) R(become invisible) adj=700.
10-10 16:02:19.467  2042  6991 D WindowManagerService: checkFlipFullScreenChange is same, nowIsFullScreen = false
10-10 16:02:19.470  2042  6991 W PresentationStatsEventLogger: Shouldn't be logging AutofillPresentationEventReported again for same event
10-10 16:02:19.470  2042  6991 W FillRequestEventLogger: Couldn't find packageName: com.google.android.inputmethod.latin
10-10 16:02:19.484  2042  7010 I InputMethodManagerService: IMMS.showCurrentInputLocked(), flags = 1
10-10 16:02:19.484  2042  7010 D SmartPower: com.google.android.inputmethod.latin/10176(6431): show input method
10-10 16:02:19.484  2042  7010 I DefaultImeVisibilityApplier: IMMS.showCurrentInputLocked request ims to show inputMethod.
10-10 16:02:19.488  2042  6971 W PackageConfigPersister: App-specific configuration not found for packageName: eu.europa.ec.euidi and userId: 0
10-10 16:02:19.494  2042  6991 D AutofillSession: createPendingIntent for request 1377
10-10 16:02:19.494  2042  6991 D ContentCapturePerUserService: Notified activity assist data for activity: Token{5a76a8d ActivityRecord{aecf2b6 u0 eu.europa.ec.euidi/eu.europa.ec.assemblylogic.ui.MainActivity t6726}} without a session Id
10-10 16:02:19.503  2042  6991 I InputMethodManagerService: IMMS.showSoftInput(), client = com.android.internal.inputmethod.IInputMethodClient$Stub$Proxy@7cb03a4
10-10 16:02:19.503  2042  6991 I InputMethodManagerService: IMMS.showCurrentInputLocked(), flags = 0
10-10 16:02:19.503  2042  6991 D SmartPower: com.google.android.inputmethod.latin/10176(6431): show input method
10-10 16:02:19.504  2042  6991 I DefaultImeVisibilityApplier: IMMS.showCurrentInputLocked request ims to show inputMethod.
10-10 16:02:19.510  2042  6991 D ActivityManager: checkAllowBackground: uid=10163 pkg=com.google.android.gms rec=UidRecord{3efeecd u0a163 BTOP change:procadj procs:0 seq(1385491,1293144)} caps=LCMNFU always=false idle=false
10-10 16:02:19.520  2042  6971 I InputMethodManagerService: IMMS.applyImeVisibility(), setVisible = true, mCurclient = ClientState{f99328b mUid=10030 mPid=30387 mSelfReportedDisplayId=0}
10-10 16:02:19.521  2042  6971 I WindowManager: WMS.showImePostLayout(), imeTarget = Window{ed7234c u0 eu.europa.ec.euidi/eu.europa.ec.assemblylogic.ui.MainActivity}
10-10 16:02:19.522  2042  2693 I ImeInsetsSourceProvider: ImeInsetsSourceProvider.scheduleShowImePostLayout() Run showImeRunner.
10-10 16:02:19.522  2042  2693 I ImeInsetsSourceProvider: ImeInsetsSourceProvider.scheduleShowImePostLayout() isReadyToShowIme.
10-10 16:02:19.527  2042  6991 D ActivityManager: checkAllowBackground: uid=10163 pkg=com.google.android.gms rec=UidRecord{3efeecd u0a163 BTOP change:procadj procs:0 seq(1385493,1293144)} caps=LCMNFU always=false idle=false
10-10 16:02:19.527  2042  4565 I InputMethodManagerService: IMMS.applyImeVisibility(), setVisible = true, mCurclient = ClientState{f99328b mUid=10030 mPid=30387 mSelfReportedDisplayId=0}
10-10 16:02:19.528  2042  4565 I WindowManager: WMS.showImePostLayout(), imeTarget = Window{ed7234c u0 eu.europa.ec.euidi/eu.europa.ec.assemblylogic.ui.MainActivity}
10-10 16:02:19.530  4304  4484 D OneHandedController: stopOneHanded state is 0
10-10 16:02:19.531  2042  2693 I ImeInsetsSourceProvider: ImeInsetsSourceProvider.scheduleShowImePostLayout() Run showImeRunner.
10-10 16:02:19.531  2042  2693 I ImeInsetsSourceProvider: ImeInsetsSourceProvider.scheduleShowImePostLayout() isReadyToShowIme.
10-10 16:02:19.531  4304  4484 D OneHandedController: stopOneHanded state is 0
10-10 16:02:19.545  2042  6971 D ActivityManager: checkAllowBackground: uid=10163 pkg=com.google.android.gms rec=UidRecord{3efeecd u0a163 BTOP change:procadj procs:0 seq(1385495,1293144)} caps=LCMNFU always=false idle=false
10-10 16:02:19.571  2042  4565 D ActivityManager: checkAllowBackground: uid=10163 pkg=com.google.android.gms rec=UidRecord{3efeecd u0a163 BTOP change:procadj procs:0 seq(1385497,1293144)} caps=LCMNFU always=false idle=false
10-10 16:02:19.586  2042  6991 D ActivityManager: checkAllowBackground: uid=10163 pkg=com.google.android.gms rec=UidRecord{3efeecd u0a163 BTOP change:procadj procs:0 seq(1385499,1293144)} caps=LCMNFU always=false idle=false
10-10 16:02:19.604  2042  6991 D ActivityManager: checkAllowBackground: uid=10163 pkg=com.google.android.gms rec=UidRecord{3efeecd u0a163 BTOP change:procadj procs:0 seq(1385501,1293144)} caps=LCMNFU always=false idle=false
10-10 16:02:19.613  2042  6971 D ActivityManager: checkAllowBackground: uid=10163 pkg=com.google.android.gms rec=UidRecord{3efeecd u0a163 BTOP change:procadj procs:0 seq(1385503,1293144)} caps=LCMNFU always=false idle=false
10-10 16:02:19.727  2042  6991 W WindowManager: Cannot find window which accessibility connection is added to
10-10 16:02:19.729  2042  6991 W WindowManager: Failed looking up window session=Session{a1506bf 20547:u0a10213} callers=com.android.server.wm.WindowManagerService.windowForClientLocked:6851 com.android.server.wm.WindowManagerService.removeWindow:2423 com.android.server.wm.Session.remove:248 
10-10 16:02:19.900  2042  2042 W FillResponseEventLogger: FillResponseEventLogger is not empty before starting for a new request
10-10 16:02:19.900  2042  2042 D AutofillSession: Service did not request to wait for delayed fill response.
10-10 16:02:19.903  2042  6991 D ActivityManager: checkAllowBackground: uid=10163 pkg=com.google.android.gms rec=UidRecord{3efeecd u0a163 BTOP change:procadj procs:0 seq(1385505,1293144)} caps=LCMNFU always=false idle=false
10-10 16:02:20.108  2042  6971 D ActivityManager: checkAllowBackground: uid=1000 pkg=android rec=UidRecord{b77cac0 1000 PER  fgServices change:procadj procs:0 seq(1385423,448524)} caps=LCMNFU always=false idle=false
10-10 16:02:20.122  2042  6971 D ActivityManager: checkAllowBackground: uid=10167 pkg=com.google.android.googlequicksearchbox rec=UidRecord{fe54cbc u0a167 BFGS change:procadj procs:0 seq(1385467,1311051)} caps=LCMNFU always=false idle=false
10-10 16:02:20.180  2183  2183 I wificond: station_bandwidth: P
10-10 16:02:20.185  4304  4304 D ArtChoreographerMonitor: invoke error.
10-10 16:02:20.358  4304  4304 D ArtChoreographerMonitor: invoke error.
10-10 16:02:20.782  2042  3524 I SmartPower: com.android.chrome:sandboxed_process0:org.chromium.content.app.SandboxedProcessSerbackground->idle(8968ms) R(adj below visible) adj=700.
10-10 16:02:20.794  2042  6971 D WindowManagerService: checkFlipFullScreenChange is same, nowIsFullScreen = false
10-10 16:02:20.795  2042  6971 W PresentationStatsEventLogger: Shouldn't be logging AutofillPresentationEventReported again for same event
10-10 16:02:20.796  2042  6971 W FillRequestEventLogger: Couldn't find packageName: com.google.android.inputmethod.latin
10-10 16:02:20.799  2042  6991 D AutofillSession: createPendingIntent for request 1378
10-10 16:02:20.799  2042  6991 D ContentCapturePerUserService: Notified activity assist data for activity: Token{5a76a8d ActivityRecord{aecf2b6 u0 eu.europa.ec.euidi/eu.europa.ec.assemblylogic.ui.MainActivity t6726}} without a session Id
10-10 16:02:20.804  2042  6971 I InputMethodManagerService: IMMS.showCurrentInputLocked(), flags = 1
10-10 16:02:20.805  2042  6971 D SmartPower: com.google.android.inputmethod.latin/10176(6431): show input method
10-10 16:02:20.805  2042  6971 I DefaultImeVisibilityApplier: IMMS.showCurrentInputLocked request ims to show inputMethod.
10-10 16:02:20.806  2042  6999 W PackageConfigPersister: App-specific configuration not found for packageName: eu.europa.ec.euidi and userId: 0
10-10 16:02:20.814  2042  4565 I InputMethodManagerService: IMMS.showSoftInput(), client = com.android.internal.inputmethod.IInputMethodClient$Stub$Proxy@97cdc41
10-10 16:02:20.814  2042  4565 I InputMethodManagerService: IMMS.showCurrentInputLocked(), flags = 0
10-10 16:02:20.814  2042  4565 D SmartPower: com.google.android.inputmethod.latin/10176(6431): show input method
10-10 16:02:20.815  2042  4565 I DefaultImeVisibilityApplier: IMMS.showCurrentInputLocked request ims to show inputMethod.
10-10 16:02:20.818  2042  6971 D ActivityManager: checkAllowBackground: uid=10163 pkg=com.google.android.gms rec=UidRecord{3efeecd u0a163 BTOP change:procadj procs:0 seq(1385516,1293144)} caps=LCMNFU always=false idle=false
10-10 16:02:20.830  2042  6999 D ActivityManager: checkAllowBackground: uid=10163 pkg=com.google.android.gms rec=UidRecord{3efeecd u0a163 BTOP change:procadj procs:0 seq(1385518,1293144)} caps=LCMNFU always=false idle=false
10-10 16:02:20.832  2042  4100 I InputMethodManagerService: IMMS.applyImeVisibility(), setVisible = true, mCurclient = ClientState{f99328b mUid=10030 mPid=30387 mSelfReportedDisplayId=0}
10-10 16:02:20.832  2042  4100 I WindowManager: WMS.showImePostLayout(), imeTarget = Window{ed7234c u0 eu.europa.ec.euidi/eu.europa.ec.assemblylogic.ui.MainActivity}
10-10 16:02:20.834  2042  2693 I ImeInsetsSourceProvider: ImeInsetsSourceProvider.scheduleShowImePostLayout() Run showImeRunner.
10-10 16:02:20.834  2042  2693 I ImeInsetsSourceProvider: ImeInsetsSourceProvider.scheduleShowImePostLayout() isReadyToShowIme.
10-10 16:02:20.839  2042  4100 I InputMethodManagerService: IMMS.applyImeVisibility(), setVisible = true, mCurclient = ClientState{f99328b mUid=10030 mPid=30387 mSelfReportedDisplayId=0}
10-10 16:02:20.839  2042  4565 D ActivityManager: checkAllowBackground: uid=10163 pkg=com.google.android.gms rec=UidRecord{3efeecd u0a163 BTOP change:procadj procs:0 seq(1385520,1293144)} caps=LCMNFU always=false idle=false
10-10 16:02:20.840  4304  4484 D OneHandedController: stopOneHanded state is 0
10-10 16:02:20.840  2042  4100 I WindowManager: WMS.showImePostLayout(), imeTarget = Window{ed7234c u0 eu.europa.ec.euidi/eu.europa.ec.assemblylogic.ui.MainActivity}
10-10 16:02:20.842  2042  2693 I ImeInsetsSourceProvider: ImeInsetsSourceProvider.scheduleShowImePostLayout() Run showImeRunner.
10-10 16:02:20.842  2042  2693 I ImeInsetsSourceProvider: ImeInsetsSourceProvider.scheduleShowImePostLayout() isReadyToShowIme.
10-10 16:02:20.847  4304  4484 D OneHandedController: stopOneHanded state is 0
10-10 16:02:20.862  2042  4100 D ActivityManager: checkAllowBackground: uid=10163 pkg=com.google.android.gms rec=UidRecord{3efeecd u0a163 BTOP change:procadj procs:0 seq(1385522,1293144)} caps=LCMNFU always=false idle=false
10-10 16:02:20.869  2042  4100 D ActivityManager: checkAllowBackground: uid=10163 pkg=com.google.android.gms rec=UidRecord{3efeecd u0a163 BTOP change:procadj procs:0 seq(1385524,1293144)} caps=LCMNFU always=false idle=false
10-10 16:02:20.878  2042  4565 D ActivityManager: checkAllowBackground: uid=10163 pkg=com.google.android.gms rec=UidRecord{3efeecd u0a163 BTOP change:procadj procs:0 seq(1385526,1293144)} caps=LCMNFU always=false idle=false
10-10 16:02:20.887  2042  4100 D ActivityManager: checkAllowBackground: uid=10163 pkg=com.google.android.gms rec=UidRecord{3efeecd u0a163 BTOP change:procadj procs:0 seq(1385528,1293144)} caps=LCMNFU always=false idle=false
10-10 16:02:21.179  2042  2042 W FillResponseEventLogger: FillResponseEventLogger is not empty before starting for a new request
10-10 16:02:21.179  2042  2042 D AutofillSession: Service did not request to wait for delayed fill response.
10-10 16:02:21.181  2042  4100 D ActivityManager: checkAllowBackground: uid=10163 pkg=com.google.android.gms rec=UidRecord{3efeecd u0a163 BTOP change:procadj procs:0 seq(1385530,1293144)} caps=LCMNFU always=false idle=false
10-10 16:02:21.475  2042  3524 I SmartPower: com.google.android.googlequicksearchbox:googleapp/10167(17092): background->idle(3000ms) R(service create com.google.android.googlequicksearchbox/com.google.android.libraries.search.integrations.tiktok.RemoteWorkerService_googleapp) adj=800.
10-10 16:02:21.489  2042  3524 I SmartPower: com.google.android.adservices.api/10294(20677): background->idle(9906ms) R(adj below visible) adj=100.
10-10 16:02:21.520  2042  4565 D WindowManagerService: checkFlipFullScreenChange is same, nowIsFullScreen = false
10-10 16:02:21.523  2042  4565 W PresentationStatsEventLogger: Shouldn't be logging AutofillPresentationEventReported again for same event
10-10 16:02:21.523  2042  4565 W FillRequestEventLogger: Couldn't find packageName: com.google.android.inputmethod.latin
10-10 16:02:21.535  2042  4100 I InputMethodManagerService: IMMS.showCurrentInputLocked(), flags = 1
10-10 16:02:21.536  2042  4100 D SmartPower: com.google.android.inputmethod.latin/10176(6431): show input method
10-10 16:02:21.536  2042  4100 I DefaultImeVisibilityApplier: IMMS.showCurrentInputLocked request ims to show inputMethod.
10-10 16:02:21.537  2042  4100 W PackageConfigPersister: App-specific configuration not found for packageName: eu.europa.ec.euidi and userId: 0
10-10 16:02:21.541  2042  9046 D AutofillSession: createPendingIntent for request 1379
10-10 16:02:21.541  2042  9046 D ContentCapturePerUserService: Notified activity assist data for activity: Token{5a76a8d ActivityRecord{aecf2b6 u0 eu.europa.ec.euidi/eu.europa.ec.assemblylogic.ui.MainActivity t6726}} without a session Id
10-10 16:02:21.546  2042  4565 I InputMethodManagerService: IMMS.showSoftInput(), client = com.android.internal.inputmethod.IInputMethodClient$Stub$Proxy@67e4422
10-10 16:02:21.546  2042  4565 I InputMethodManagerService: IMMS.showCurrentInputLocked(), flags = 0
10-10 16:02:21.546  2042  4565 D SmartPower: com.google.android.inputmethod.latin/10176(6431): show input method
10-10 16:02:21.546  2042  4565 I DefaultImeVisibilityApplier: IMMS.showCurrentInputLocked request ims to show inputMethod.
10-10 16:02:21.557  2042  9046 D ActivityManager: checkAllowBackground: uid=10163 pkg=com.google.android.gms rec=UidRecord{3efeecd u0a163 BTOP change:procadj procs:0 seq(1385532,1293144)} caps=LCMNFU always=false idle=false
10-10 16:02:21.561  2042  2072 I InputMethodManagerService: IMMS.applyImeVisibility(), setVisible = true, mCurclient = ClientState{f99328b mUid=10030 mPid=30387 mSelfReportedDisplayId=0}
10-10 16:02:21.561  2042  2072 I WindowManager: WMS.showImePostLayout(), imeTarget = Window{ed7234c u0 eu.europa.ec.euidi/eu.europa.ec.assemblylogic.ui.MainActivity}
10-10 16:02:21.563  2042  2693 I ImeInsetsSourceProvider: ImeInsetsSourceProvider.scheduleShowImePostLayout() Run showImeRunner.
10-10 16:02:21.563  2042  2693 I ImeInsetsSourceProvider: ImeInsetsSourceProvider.scheduleShowImePostLayout() isReadyToShowIme.
10-10 16:02:21.565  2042  4565 D ActivityManager: checkAllowBackground: uid=10163 pkg=com.google.android.gms rec=UidRecord{3efeecd u0a163 BTOP change:procadj procs:0 seq(1385534,1293144)} caps=LCMNFU always=false idle=false
10-10 16:02:21.566  4304  4484 D OneHandedController: stopOneHanded state is 0
10-10 16:02:21.568  2042  6971 D ActivityManager: checkAllowBackground: uid=10163 pkg=com.google.android.gms rec=UidRecord{3efeecd u0a163 BTOP change:procadj procs:0 seq(1385535,1293144)} caps=LCMNFU always=false idle=false
10-10 16:02:21.570  2042  6991 I InputMethodManagerService: IMMS.applyImeVisibility(), setVisible = true, mCurclient = ClientState{f99328b mUid=10030 mPid=30387 mSelfReportedDisplayId=0}
10-10 16:02:21.571  2042  6991 I WindowManager: WMS.showImePostLayout(), imeTarget = Window{ed7234c u0 eu.europa.ec.euidi/eu.europa.ec.assemblylogic.ui.MainActivity}
10-10 16:02:21.573  2042  2693 I ImeInsetsSourceProvider: ImeInsetsSourceProvider.scheduleShowImePostLayout() Run showImeRunner.
10-10 16:02:21.573  2042  2693 I ImeInsetsSourceProvider: ImeInsetsSourceProvider.scheduleShowImePostLayout() isReadyToShowIme.
10-10 16:02:21.583  4304  4484 D OneHandedController: stopOneHanded state is 0
10-10 16:02:21.598  2042  7010 D ActivityManager: checkAllowBackground: uid=10163 pkg=com.google.android.gms rec=UidRecord{3efeecd u0a163 BTOP change:procadj procs:0 seq(1385538,1293144)} caps=LCMNFU always=false idle=false
10-10 16:02:21.610  2042  7010 D ActivityManager: checkAllowBackground: uid=10163 pkg=com.google.android.gms rec=UidRecord{3efeecd u0a163 BTOP change:procadj procs:0 seq(1385540,1293144)} caps=LCMNFU always=false idle=false
10-10 16:02:21.620  2042  7010 D ActivityManager: checkAllowBackground: uid=10163 pkg=com.google.android.gms rec=UidRecord{3efeecd u0a163 BTOP change:procadj procs:0 seq(1385542,1293144)} caps=LCMNFU always=false idle=false
10-10 16:02:21.630  2042  7010 D ActivityManager: checkAllowBackground: uid=10163 pkg=com.google.android.gms rec=UidRecord{3efeecd u0a163 BTOP change:procadj procs:0 seq(1385544,1293144)} caps=LCMNFU always=false idle=false
10-10 16:02:21.915  2042  2042 W FillResponseEventLogger: FillResponseEventLogger is not empty before starting for a new request
10-10 16:02:21.915  2042  2042 D AutofillSession: Service did not request to wait for delayed fill response.
10-10 16:02:21.916  2042  6991 D ActivityManager: checkAllowBackground: uid=10163 pkg=com.google.android.gms rec=UidRecord{3efeecd u0a163 BTOP change:procadj procs:0 seq(1385546,1293144)} caps=LCMNFU always=false idle=false
10-10 16:02:22.003  2042  3524 I SmartPower: com.android.chrome:sandboxed_process0:org.chromium.content.app.SandboxedProcessSerbackground->idle(10189ms) R(remove from whitelist) adj=200.
10-10 16:02:22.003  2042  3524 I SmartPower: com.android.chrome:sandboxed_process0:org.chromium.content.app.SandboxedProcessSerbackground->idle(10188ms) R(remove from whitelist) adj=200.
10-10 16:02:22.003  2042  3524 I SmartPower: com.android.chrome:sandboxed_process0:org.chromium.content.app.SandboxedProcessSerbackground->idle(10188ms) R(remove from whitelist) adj=990.
10-10 16:02:22.003  2042  3524 I SmartPower: com.android.chrome:sandboxed_process0:org.chromium.content.app.SandboxedProcessSerbackground->idle(10188ms) R(remove from whitelist) adj=990.
10-10 16:02:22.003  2042  3524 I SmartPower: com.android.chrome:sandboxed_process0:org.chromium.content.app.SandboxedProcessSerbackground->idle(10188ms) R(remove from whitelist) adj=980.
10-10 16:02:22.003  2042  3524 I SmartPower: com.android.chrome:sandboxed_process0:org.chromium.content.app.SandboxedProcessSerbackground->idle(10188ms) R(remove from whitelist) adj=980.
10-10 16:02:22.003  2042  3524 I SmartPower: com.android.chrome:sandboxed_process0:org.chromium.content.app.SandboxedProcessSerbackground->idle(10188ms) R(remove from whitelist) adj=970.
10-10 16:02:22.003  2042  3524 I SmartPower: com.android.chrome:sandboxed_process0:org.chromium.content.app.SandboxedProcessSerbackground->idle(10188ms) R(remove from whitelist) adj=970.
10-10 16:02:22.003  2042  3524 I SmartPower: com.android.chrome:sandboxed_process0:org.chromium.content.app.SandboxedProcessSerbackground->idle(10188ms) R(remove from whitelist) adj=970.
10-10 16:02:22.004  2042  3524 I SmartPower: com.android.chrome:sandboxed_process0:org.chromium.content.app.SandboxedProcessSerbackground->idle(10188ms) R(remove from whitelist) adj=960.
10-10 16:02:22.004  2042  3524 I SmartPower: com.android.chrome:sandboxed_process0:org.chromium.content.app.SandboxedProcessSerbackground->idle(10188ms) R(remove from whitelist) adj=960.
10-10 16:02:22.004  2042  3524 I SmartPower: com.android.chrome:sandboxed_process0:org.chromium.content.app.SandboxedProcessSerbackground->idle(10188ms) R(remove from whitelist) adj=960.
10-10 16:02:22.004  2042  3524 I SmartPower: com.android.chrome:sandboxed_process0:org.chromium.content.app.SandboxedProcessSerbackground->idle(10188ms) R(remove from whitelist) adj=950.
10-10 16:02:22.004  2042  3524 I SmartPower: com.android.chrome:sandboxed_process0:org.chromium.content.app.SandboxedProcessSerbackground->idle(10188ms) R(remove from whitelist) adj=950.
10-10 16:02:22.004  2042  3524 I SmartPower: com.android.chrome:sandboxed_process0:org.chromium.content.app.SandboxedProcessSerbackground->idle(10188ms) R(remove from whitelist) adj=950.
10-10 16:02:22.004  2042  3524 I SmartPower: com.android.chrome:sandboxed_process0:org.chromium.content.app.SandboxedProcessSerbackground->idle(10188ms) R(remove from whitelist) adj=950.
10-10 16:02:22.004  2042  3524 I SmartPower: com.android.chrome:sandboxed_process0:org.chromium.content.app.SandboxedProcessSerbackground->idle(10188ms) R(remove from whitelist) adj=940.
10-10 16:02:22.004  2042  3524 I SmartPower: com.android.chrome:sandboxed_process0:org.chromium.content.app.SandboxedProcessSerbackground->idle(10188ms) R(remove from whitelist) adj=940.
10-10 16:02:22.004  2042  3524 I SmartPower: com.android.chrome:sandboxed_process0:org.chromium.content.app.SandboxedProcessSerbackground->idle(10188ms) R(remove from whitelist) adj=940.
10-10 16:02:22.004  2042  3524 I SmartPower: com.android.chrome:sandboxed_process0:org.chromium.content.app.SandboxedProcessSerbackground->idle(10188ms) R(remove from whitelist) adj=930.
10-10 16:02:22.005  2042  3524 I SmartPower: com.android.chrome:sandboxed_process0:org.chromium.content.app.SandboxedProcessSerbackground->idle(10188ms) R(remove from whitelist) adj=930.
10-10 16:02:22.005  2042  3524 I SmartPower: com.android.chrome:sandboxed_process0:org.chromium.content.app.SandboxedProcessSerbackground->idle(10189ms) R(remove from whitelist) adj=930.
10-10 16:02:22.005  2042  3524 I SmartPower: com.android.chrome:sandboxed_process0:org.chromium.content.app.SandboxedProcessSerbackground->idle(10188ms) R(remove from whitelist) adj=930.
10-10 16:02:22.005  2042  3524 I SmartPower: com.android.chrome:sandboxed_process0:org.chromium.content.app.SandboxedProcessSerbackground->idle(10188ms) R(remove from whitelist) adj=920.
10-10 16:02:22.005  2042  3524 I SmartPower: com.android.chrome:sandboxed_process0:org.chromium.content.app.SandboxedProcessSerbackground->idle(10188ms) R(remove from whitelist) adj=920.
10-10 16:02:22.005  2042  3524 I SmartPower: com.android.chrome:sandboxed_process0:org.chromium.content.app.SandboxedProcessSerbackground->idle(10188ms) R(remove from whitelist) adj=920.
10-10 16:02:22.009  2042  3524 I SmartPower: com.android.chrome:sandboxed_process0:org.chromium.content.app.SandboxedProcessSerbackground->idle(10189ms) R(remove from whitelist) adj=920.
10-10 16:02:22.009  2042  3524 I SmartPower: com.android.chrome:sandboxed_process0:org.chromium.content.app.SandboxedProcessSerbackground->idle(10192ms) R(remove from whitelist) adj=910.
10-10 16:02:22.009  2042  3524 I SmartPower: com.android.chrome:sandboxed_process0:org.chromium.content.app.SandboxedProcessSerbackground->idle(10192ms) R(remove from whitelist) adj=910.
10-10 16:02:22.009  2042  3524 I SmartPower: com.android.chrome:sandboxed_process0:org.chromium.content.app.SandboxedProcessSerbackground->idle(10192ms) R(remove from whitelist) adj=910.
10-10 16:02:22.009  2042  3524 I SmartPower: com.android.chrome:sandboxed_process0:org.chromium.content.app.SandboxedProcessSerbackground->idle(10192ms) R(remove from whitelist) adj=900.
10-10 16:02:22.010  2042  3524 I SmartPower: com.android.chrome:sandboxed_process0:org.chromium.content.app.SandboxedProcessSerbackground->idle(10192ms) R(remove from whitelist) adj=900.
10-10 16:02:22.048   702 30247 I keystore2: system/security/keystore2/src/watchdog.rs:319 - Watchdog thread idle -> terminating. Have a great day.
10-10 16:02:22.182  2042  6991 D WindowManagerService: checkFlipFullScreenChange is same, nowIsFullScreen = false
10-10 16:02:22.184  2042  7010 W PresentationStatsEventLogger: Shouldn't be logging AutofillPresentationEventReported again for same event
10-10 16:02:22.185  2042  7010 W FillRequestEventLogger: Couldn't find packageName: com.google.android.inputmethod.latin
10-10 16:02:22.194  2042  7010 I InputMethodManagerService: IMMS.showCurrentInputLocked(), flags = 1
10-10 16:02:22.195  2042  7010 D SmartPower: com.google.android.inputmethod.latin/10176(6431): show input method
10-10 16:02:22.195  2042  7010 I DefaultImeVisibilityApplier: IMMS.showCurrentInputLocked request ims to show inputMethod.
10-10 16:02:22.197  2042  6991 W PackageConfigPersister: App-specific configuration not found for packageName: eu.europa.ec.euidi and userId: 0
10-10 16:02:22.201  2042  6991 D AutofillSession: createPendingIntent for request 1380
10-10 16:02:22.201  2042  6991 D ContentCapturePerUserService: Notified activity assist data for activity: Token{5a76a8d ActivityRecord{aecf2b6 u0 eu.europa.ec.euidi/eu.europa.ec.assemblylogic.ui.MainActivity t6726}} without a session Id
10-10 16:02:22.206  2042  6991 I InputMethodManagerService: IMMS.showSoftInput(), client = com.android.internal.inputmethod.IInputMethodClient$Stub$Proxy@b3a7b82
10-10 16:02:22.206  2042  6991 I InputMethodManagerService: IMMS.showCurrentInputLocked(), flags = 0
10-10 16:02:22.207  2042  6991 D SmartPower: com.google.android.inputmethod.latin/10176(6431): show input method
10-10 16:02:22.207  2042  6991 I DefaultImeVisibilityApplier: IMMS.showCurrentInputLocked request ims to show inputMethod.
10-10 16:02:22.217  2042  2072 D ActivityManager: checkAllowBackground: uid=10163 pkg=com.google.android.gms rec=UidRecord{3efeecd u0a163 BTOP change:procadj procs:0 seq(1385548,1293144)} caps=LCMNFU always=false idle=false
10-10 16:02:22.221  2042  7043 I InputMethodManagerService: IMMS.applyImeVisibility(), setVisible = true, mCurclient = ClientState{f99328b mUid=10030 mPid=30387 mSelfReportedDisplayId=0}
10-10 16:02:22.221  2042  7043 I WindowManager: WMS.showImePostLayout(), imeTarget = Window{ed7234c u0 eu.europa.ec.euidi/eu.europa.ec.assemblylogic.ui.MainActivity}
10-10 16:02:22.222  2042  2693 I ImeInsetsSourceProvider: ImeInsetsSourceProvider.scheduleShowImePostLayout() Run showImeRunner.
10-10 16:02:22.222  2042  2693 I ImeInsetsSourceProvider: ImeInsetsSourceProvider.scheduleShowImePostLayout() isReadyToShowIme.
10-10 16:02:22.225  2042  2072 I InputMethodManagerService: IMMS.applyImeVisibility(), setVisible = true, mCurclient = ClientState{f99328b mUid=10030 mPid=30387 mSelfReportedDisplayId=0}
10-10 16:02:22.225  2042  2072 I WindowManager: WMS.showImePostLayout(), imeTarget = Window{ed7234c u0 eu.europa.ec.euidi/eu.europa.ec.assemblylogic.ui.MainActivity}
10-10 16:02:22.226  4304  4484 D OneHandedController: stopOneHanded state is 0
10-10 16:02:22.228  2042  2693 I ImeInsetsSourceProvider: ImeInsetsSourceProvider.scheduleShowImePostLayout() Run showImeRunner.
10-10 16:02:22.228  2042  2693 I ImeInsetsSourceProvider: ImeInsetsSourceProvider.scheduleShowImePostLayout() isReadyToShowIme.
10-10 16:02:22.234  2042  2072 D ActivityManager: checkAllowBackground: uid=10163 pkg=com.google.android.gms rec=UidRecord{3efeecd u0a163 BTOP change:procadj procs:0 seq(1385549,1293144)} caps=LCMNFU always=false idle=false
10-10 16:02:22.235  4304  4484 D OneHandedController: stopOneHanded state is 0
10-10 16:02:22.235  2042  6999 D ActivityManager: checkAllowBackground: uid=10163 pkg=com.google.android.gms rec=UidRecord{3efeecd u0a163 BTOP change:procadj procs:0 seq(1385550,1293144)} caps=LCMNFU always=false idle=false
10-10 16:02:22.256  2042  7043 D ActivityManager: checkAllowBackground: uid=10163 pkg=com.google.android.gms rec=UidRecord{3efeecd u0a163 BTOP change:procadj procs:0 seq(1385553,1293144)} caps=LCMNFU always=false idle=false
10-10 16:02:22.267  2042  6971 D ActivityManager: checkAllowBackground: uid=10163 pkg=com.google.android.gms rec=UidRecord{3efeecd u0a163 BTOP change:procadj procs:0 seq(1385555,1293144)} caps=LCMNFU always=false idle=false
10-10 16:02:22.286  2042  6971 D ActivityManager: checkAllowBackground: uid=10163 pkg=com.google.android.gms rec=UidRecord{3efeecd u0a163 BTOP change:procadj procs:0 seq(1385557,1293144)} caps=LCMNFU always=false idle=false
10-10 16:02:22.300  2042  6971 D ActivityManager: checkAllowBackground: uid=10163 pkg=com.google.android.gms rec=UidRecord{3efeecd u0a163 BTOP change:procadj procs:0 seq(1385559,1293144)} caps=LCMNFU always=false idle=false
10-10 16:02:22.579  2042  2042 W FillResponseEventLogger: FillResponseEventLogger is not empty before starting for a new request
10-10 16:02:22.580  2042  2042 D AutofillSession: Service did not request to wait for delayed fill response.
10-10 16:02:22.582  2042  6971 D ActivityManager: checkAllowBackground: uid=10163 pkg=com.google.android.gms rec=UidRecord{3efeecd u0a163 FGS  change:procstateprocadj procs:0 seq(1385562,1293144)} caps=LCMNFU always=false idle=false
10-10 16:02:22.801  2042  2929 D PermissionManager: writeLegacyPermissionState for user  in 14 ms.
10-10 16:02:22.852  2042  7043 D WindowManagerService: checkFlipFullScreenChange is same, nowIsFullScreen = false
10-10 16:02:22.854  2042  7043 W PresentationStatsEventLogger: Shouldn't be logging AutofillPresentationEventReported again for same event
10-10 16:02:22.855  2042  7043 W FillRequestEventLogger: Couldn't find packageName: com.google.android.inputmethod.latin
10-10 16:02:22.862  2042  7043 D AutofillSession: createPendingIntent for request 1381
10-10 16:02:22.862  2042  7043 D ContentCapturePerUserService: Notified activity assist data for activity: Token{5a76a8d ActivityRecord{aecf2b6 u0 eu.europa.ec.euidi/eu.europa.ec.assemblylogic.ui.MainActivity t6726}} without a session Id
10-10 16:02:22.868  2042  6999 I InputMethodManagerService: IMMS.showCurrentInputLocked(), flags = 1
10-10 16:02:22.868  2042  6999 D SmartPower: com.google.android.inputmethod.latin/10176(6431): show input method
10-10 16:02:22.868  2042  6999 I DefaultImeVisibilityApplier: IMMS.showCurrentInputLocked request ims to show inputMethod.
10-10 16:02:22.872  2042  6971 W PackageConfigPersister: App-specific configuration not found for packageName: eu.europa.ec.euidi and userId: 0
10-10 16:02:22.873  2042  6971 I InputMethodManagerService: IMMS.showSoftInput(), client = com.android.internal.inputmethod.IInputMethodClient$Stub$Proxy@a46b000
10-10 16:02:22.873  2042  6971 I InputMethodManagerService: IMMS.showCurrentInputLocked(), flags = 0
10-10 16:02:22.873  2042  6971 D SmartPower: com.google.android.inputmethod.latin/10176(6431): show input method
10-10 16:02:22.873  2042  6971 I DefaultImeVisibilityApplier: IMMS.showCurrentInputLocked request ims to show inputMethod.
10-10 16:02:22.883  2042  6991 D ActivityManager: checkAllowBackground: uid=10163 pkg=com.google.android.gms rec=UidRecord{3efeecd u0a163 FGS  change:procadj procs:0 seq(1385564,1293144)} caps=LCMNFU always=false idle=false
10-10 16:02:22.891  2042  7043 D ActivityManager: checkAllowBackground: uid=10163 pkg=com.google.android.gms rec=UidRecord{3efeecd u0a163 FGS  change:procadj procs:0 seq(1385566,1293144)} caps=LCMNFU always=false idle=false
10-10 16:02:22.893  2042  6971 I InputMethodManagerService: IMMS.applyImeVisibility(), setVisible = true, mCurclient = ClientState{f99328b mUid=10030 mPid=30387 mSelfReportedDisplayId=0}
10-10 16:02:22.894  2042  7010 D ActivityManager: checkAllowBackground: uid=10163 pkg=com.google.android.gms rec=UidRecord{3efeecd u0a163 FGS  change:procadj procs:0 seq(1385567,1293144)} caps=LCMNFU always=false idle=false
10-10 16:02:22.895  2042  6971 I WindowManager: WMS.showImePostLayout(), imeTarget = Window{ed7234c u0 eu.europa.ec.euidi/eu.europa.ec.assemblylogic.ui.MainActivity}
10-10 16:02:22.896  2042  2693 I ImeInsetsSourceProvider: ImeInsetsSourceProvider.scheduleShowImePostLayout() Run showImeRunner.
10-10 16:02:22.897  2042  2693 I ImeInsetsSourceProvider: ImeInsetsSourceProvider.scheduleShowImePostLayout() isReadyToShowIme.
10-10 16:02:22.902  2042  6971 I InputMethodManagerService: IMMS.applyImeVisibility(), setVisible = true, mCurclient = ClientState{f99328b mUid=10030 mPid=30387 mSelfReportedDisplayId=0}
10-10 16:02:22.902  2042  6971 I WindowManager: WMS.showImePostLayout(), imeTarget = Window{ed7234c u0 eu.europa.ec.euidi/eu.europa.ec.assemblylogic.ui.MainActivity}
10-10 16:02:22.903  4304  4484 D OneHandedController: stopOneHanded state is 0
