10-10 13:30:14.040  1902  1938 D CompatibilityChangeReporter: Compat change id reported: 135772972; UID 10390; state: DISABLED
10-10 13:30:14.040  1902  1938 D CompatibilityChangeReporter: Compat change id reported: 135754954; UID 10390; state: ENABLED
10-10 13:30:14.041  1902  1955 D CompatibilityChangeReporter: Compat change id reported: 143937733; UID 10390; state: ENABLED
10-10 13:30:14.044  1902  2775 D ATMSImpl: setActivityController callingUid:2000 control=false
10-10 13:30:14.045  1902 23265 D CompatibilityChangeReporter: Compat change id reported: 168419799; UID 10390; state: DISABLED
10-10 13:30:14.045  1902 23265 D CompatibilityChangeReporter: Compat change id reported: 273564678; UID 10390; state: DISABLED
10-10 13:30:14.049  1902  1955 I ActivityManager: Start proc 3510:eu.europa.ec.euidi/u0a390 for next-top-activity {eu.europa.ec.euidi/eu.europa.ec.assemblylogic.ui.MainActivity} caller=com.android.shell
10-10 13:30:14.069  1902  2775 D CoreBackPreview: Window{a4db16 u0 Splash Screen eu.europa.ec.euidi}: Setting back callback OnBackInvokedCallbackInfo{mCallback=android.window.IOnBackInvokedCallback$Stub$Proxy@93436ee, mPriority=0, mIsAnimationCallback=false}
10-10 13:30:14.075  1902  4160 W WindowManager: finishDrawingWindow: Window{a4db16 u0 Splash Screen eu.europa.ec.euidi} mDrawState=DRAW_PENDING
10-10 13:30:14.089  1902  3984 D WindowManager: Collecting in transition 1266: ActivityRecord{e2055c0 u0 eu.europa.ec.euidi/eu.europa.ec.assemblylogic.ui.MainActivity t568} init visibleRequested:false
10-10 13:30:14.090  1902  3984 D WindowManager: Collecting in transition 1266: ActivityRecord{ba4359c u0 com.android.chrome/org.chromium.chrome.browser.ChromeTabbedActivity t551} init visibleRequested:true
10-10 13:30:14.095  1902  1939 D WindowManager: wms.Focus not requested for window=Window{a3cb1de u0 com.android.chrome/org.chromium.chrome.browser.ChromeTabbedActivity} because it has no surface or is not focusable.
10-10 13:30:14.096  1902  2775 I SmartPower: eu.europa.ec.euidi/10390(3510): died->background(655ms) R(process start ) adj=-10000.
10-10 13:30:14.098  1902  2775 W MiuiBoosterUtils: enable_miuibooster_launch : false
10-10 13:30:14.099  1902  2775 D WindowManager: Collecting in transition 1266: ActivityRecord{e2055c0 u0 eu.europa.ec.euidi/eu.europa.ec.assemblylogic.ui.MainActivity t568} init visibleRequested:true
10-10 13:30:14.100  1902  2775 I SmartPower: eu.europa.ec.euidi/10390(3510): background->invisible(4ms) R(become foreground) adj=-10000.
10-10 13:30:14.101  1902  2775 D WindowManagerService: checkFlipFullScreenChange is same, nowIsFullScreen = false
10-10 13:30:14.102  1902  2775 W WindowManager: Changing focus from Window{a3cb1de u0 com.android.chrome/org.chromium.chrome.browser.ChromeTabbedActivity} to null displayId=0 Callers=com.android.server.wm.RootWindowContainer.updateFocusedWindowLocked:557 com.android.server.wm.WindowManagerService.updateFocusedWindowLocked:6962 com.android.server.wm.ActivityTaskManagerService.setLastResumedActivityUncheckLocked:5565 com.android.server.wm.ActivityTaskSupervisor.updateTopResumedActivityIfNeeded:2557 
10-10 13:30:14.102  1902  2775 D WindowManager: wms.Input focus has changed to null display=0 updateInputWindows = true
10-10 13:30:14.102  1902  2775 I MultiSenceManagerInternalStub: getInstance
10-10 13:30:14.103  1902  2775 D WindowManager: Collecting in transition 1266: ActivityRecord{e2055c0 u0 eu.europa.ec.euidi/eu.europa.ec.assemblylogic.ui.MainActivity t568} init visibleRequested:true
10-10 13:30:14.104  1902  2775 D WindowManager: Set transition=TransitionRecord{199c89f id=1266 type=OPEN flags=0x0}, ready=true, SyncId=1266 
10-10 13:30:14.108  1902  1939 I SmartPower: eu.europa.ec.euidi/10390(3510): invisible->visible(8ms) R(become visible) adj=-10000.
10-10 13:30:14.108  1902  1939 W WindowManager: real show surface:Surface(name=Splash Screen eu.europa.ec.euidi#21206)/@0x27bcc69
10-10 13:30:14.109  1902  1939 D WindowManager: Final targets: [Task{6532f9 #568 type=standard A=10390:eu.europa.ec.euidi}, Task{72deb7a #551 type=standard A=10190:com.android.chrome}]
10-10 13:30:14.110  1902 10935 D CompatibilityChangeReporter: Compat change id reported: 170503758; UID 10390; state: ENABLED
10-10 13:30:14.131  1902  1902 D MBrainLocalService: isVendorFreezeConditionPass is false
10-10 13:30:14.131  1902  1902 E MBrainLocalService: notifyAppSwitch failed
10-10 13:30:14.132  1902  1939 D WindowManager: snapshot isNothing = false source = Task{72deb7a #551 type=standard A=10190:com.android.chrome}
10-10 13:30:14.134  1902  1939 D WindowManager: Calling onTransitionReady info={id=1266 t=OPEN f=0x0 trk=0 r=[0@Point(0, 0)] c=[{WCT{RemoteToken{ca56987 Task{6532f9 #568 type=standard A=10390:eu.europa.ec.euidi}}} m=OPEN f=NONE leash=Surface(name=Task=568#21203)/@0x43c9dab sb=Rect(0, 0 - 1080, 2400) eb=Rect(0, 0 - 1080, 2400) d=0},{WCT{RemoteToken{2eadea6 Task{72deb7a #551 type=standard A=10190:com.android.chrome}}} m=TO_BACK f=NONE leash=Surface(name=Task=551#20561)/@0x6a632ef sb=Rect(0, 0 - 1080, 2400) eb=Rect(0, 0 - 1080, 2400) d=0}] noAni=[false] df=[false] mk=[true] nc=[0] oa=[false]}, mToken=Token{dff40b4 TransitionRecord{199c89f id=1266 type=OPEN flags=0x0}}
10-10 13:30:14.135  1902  1939 I BLASTSyncEngine: finishNow: after onTransactionReady, mSyncId=1266
10-10 13:30:14.144  2983  3075 D MiuiFullScreenTaskRepository: removeFocusedTask displayId=0
10-10 13:30:14.144  2983  3075 D MiuiFullScreenTaskRepository: addOrUpdateFullScreenTaskInfo taskId=551, topActivity=ComponentInfo{com.android.chrome/org.chromium.chrome.browser.ChromeTabbedActivity}
10-10 13:30:14.144  1902  2323 D CompatibilityChangeReporter: Compat change id reported: 265195908; UID 10390; state: ENABLED
10-10 13:30:14.146  1902  1936 E MBrainLocalService: MBrainJava launch failed: SecurityException
10-10 13:30:14.146  1902  2600 D isUidValid: uid = 10390
10-10 13:30:14.146  1902  1936 D Aurogon :  uid = 10390 switch to FG
10-10 13:30:14.149  2983  3075 D MiuiFreeformAnimation: startAnimation change: {WCT{android.window.IWindowContainerToken$Stub$Proxy@a963478} m=OPEN f=NONE leash=Surface(name=Task=568#21203)/@0xfeb8c sb=Rect(0, 0 - 1080, 2400) eb=Rect(0, 0 - 1080, 2400) d=0} info.getType(): 1
10-10 13:30:14.149  2983  3075 I MiuiFreeformAnimation: isLaunchWidgetPicker=false,taskInfo.getWindowingMode()=1, taskInfo.getActivityType()=1
10-10 13:30:14.149  3510  3510 D ActivityThread: useGrowthLimitOutExpendMethod invoke error.
10-10 13:30:14.149  2983  3075 D MiuiFreeformAnimation: startAnimation change: {WCT{android.window.IWindowContainerToken$Stub$Proxy@2c11751} m=TO_BACK f=NONE leash=Surface(name=Task=551#20561)/@0xad422d5 sb=Rect(0, 0 - 1080, 2400) eb=Rect(0, 0 - 1080, 2400) d=0} info.getType(): 1
10-10 13:30:14.149  2983  3075 W MiuiTaskTransitionHandler: Receive an unknown transition, token=android.os.BinderProxy@c5b1dcf, type=1
10-10 13:30:14.149  2983  3075 D TransitionAnimationHelper:  load default animation  type = 1 enter = false animAttr = 9 isTask = true translucent = false
10-10 13:30:14.150  2983  3075 D TransitionAnimationHelper:  load default animation  type = 1 enter = true animAttr = 8 isTask = true translucent = false
10-10 13:30:14.150  2983  3092 D ShellTransitions: speed ui!!!!!!!!!!!
10-10 13:30:14.151  2983  3075 D MiuiFullScreenTaskRepository: setFocusedTask taskId=568, displayId=0, topActivity=ComponentInfo{eu.europa.ec.euidi/eu.europa.ec.assemblylogic.ui.MainActivity}
10-10 13:30:14.151  2983  3075 D MiuiFullScreenTaskRepository: addOrUpdateFullScreenTaskInfo taskId=568, topActivity=ComponentInfo{eu.europa.ec.euidi/eu.europa.ec.assemblylogic.ui.MainActivity}
10-10 13:30:14.160  2983  3075 D SoScUtils: monitorTransitionFinished transition:android.os.BinderProxy@c5b1dcf transaction: android.view.SurfaceControl$Transaction@b3e5f89 mRequestCloseTransition:null mRequestOpenTransition:null mPairsOpenTransition:null mPairsOpenTransitionNull:null mRequestOpenTriggerTask:-1 mRequestCloseTriggerTask:-1 mOrientationTransition: null mMainStartingTask:-1 mSideStartingTask:-1
10-10 13:30:14.167  2983  3075 D MiuiFullScreenTaskRepository: addOrUpdateFullScreenTaskInfo taskId=551, topActivity=ComponentInfo{com.android.chrome/org.chromium.chrome.browser.ChromeTabbedActivity}
10-10 13:30:14.172  3510  3510 D MbrainDebugManagerImpl: getService failed
10-10 13:30:14.182  1902 10935 I ActivityManager: Flag disabled. Ignoring finishAttachApplication from uid: 10390. pid: 3510
10-10 13:30:14.189  1902 10935 I WindowManager: cancelAnimation removed leash : Surface(name=Surface(name=81266ae StatusBar#86)/@0xb48dfdc - animation-leash of insets_animation#21190)/@0x7fd4b42
10-10 13:30:14.195  1902 10935 I WindowManager: cancelAnimation removed leash : Surface(name=Surface(name=db27a2 NavigationBar0#82)/@0xc1acbf0 - animation-leash of insets_animation#21191)/@0xdc9a890
10-10 13:30:14.203  1902  1902 D MBrainLocalService: isVendorFreezeConditionPass is false
10-10 13:30:14.203  1902  1902 E MBrainLocalService: notifyAppSwitch failed
10-10 13:30:14.205  1902  2775 D CompatibilityChangeReporter: Compat change id reported: 253665015; UID 10390; state: ENABLED
10-10 13:30:14.205  1902  2775 D CompatibilityChangeReporter: Compat change id reported: 194532703; UID 10390; state: ENABLED
10-10 13:30:14.238  3510  3510 D FramePredict: FramePredict init: false
10-10 13:30:14.239  3510  3510 D FramePredict: init success
10-10 13:30:14.240  1902  4160 W ActivityManager: Permission Denial: getCurrentUser() from pid=3510, uid=10390 requires android.permission.INTERACT_ACROSS_USERS
10-10 13:30:14.240  3510  3553 E FramePredict: registerContentObserver fail
10-10 13:30:14.253  2983  4627 D MiuiFreeformModeObserver: activityResumed() intent： Intent { cmp=eu.europa.ec.euidi/eu.europa.ec.assemblylogic.ui.MainActivity (has extras) }
10-10 13:30:14.257  2983  3075 D MiuiFullScreenTaskRepository: setFocusedTask taskId=568, displayId=0, topActivity=ComponentInfo{eu.europa.ec.euidi/eu.europa.ec.assemblylogic.ui.MainActivity}
10-10 13:30:14.257  2983  3075 D MiuiFullScreenTaskRepository: addOrUpdateFullScreenTaskInfo taskId=568, topActivity=ComponentInfo{eu.europa.ec.euidi/eu.europa.ec.assemblylogic.ui.MainActivity}
10-10 13:30:14.258  2983  3075 D MiuiDesktopModeController: onFocusTaskChanged newFocus: TaskInfo{userId=0 taskId=568 displayId=0 isRunning=true baseIntent=Intent { act=android.intent.action.MAIN cat=[android.intent.category.LAUNCHER] flg=0x10200000 cmp=eu.europa.ec.euidi/eu.europa.ec.assemblylogic.ui.MainActivity } baseActivity=ComponentInfo{eu.europa.ec.euidi/eu.europa.ec.assemblylogic.ui.MainActivity} topActivity=ComponentInfo{eu.europa.ec.euidi/eu.europa.ec.assemblylogic.ui.MainActivity} origActivity=null realActivity=ComponentInfo{eu.europa.ec.euidi/eu.europa.ec.assemblylogic.ui.MainActivity} numActivities=1 lastActiveTime=903284787 supportsSplitScreenMultiWindow=true supportsMultiWindow=true resizeMode=1 isResizeable=true minWidth=-1 minHeight=-1 defaultMinSize=200 token=WCT{android.window.IWindowContainerToken$Stub$Proxy@e2b4fbc} topActivityType=1 pictureInPictureParams=null shouldDockBigOverlays=false launchIntoPipHostTaskId=-1 lastParentTaskIdBeforePip=-1 displayCutoutSafeInsets=Rect(0, 94 - 0, 0) topActivityInfo=ActivityInfo{2246b45 eu.europa.ec.assemblylogic.ui.MainActivity} launchCookies=[] positionInParent=Point(0, 0) parentTaskId=-1 isFocused=true isVisible=true isVisibleRequested=true isSleeping=false topActivityInSizeCompat=false topActivityEligibleForLetterboxEducation= false topActivityLetterboxed= false isFromDoubleTap= false topActivityLetterboxVerticalPosition= -1 topActivityLetterboxHorizontalPosition= -1 topActivityLetterboxWidth=-1 topActivityLetterboxHeight=-1 locusId=null displayAreaFeatureId=1 cameraCompatControlState=hidden mIsCastMode=false mTopActivityMediaSize=null mTopActivityRecordName=ActivityRecord{e2055c0 u0 eu.europa.ec.euidi/eu.europa.ec.assemblylogic.ui.MainActivity t568} mTopActivityOrientation=1 mTopActivityWindowIsNowVisible=false isTranslucent=false isEmbedded=false shouldBeVisible=true isImmersive=false mBehindAppLockPkg=null mOriginatingUid=0}
10-10 13:30:14.258  2983  3075 D MiuiFreeformModeController: onFocusTaskChanged taskInfo: TaskInfo{userId=0 taskId=568 displayId=0 isRunning=true baseIntent=Intent { act=android.intent.action.MAIN cat=[android.intent.category.LAUNCHER] flg=0x10200000 cmp=eu.europa.ec.euidi/eu.europa.ec.assemblylogic.ui.MainActivity } baseActivity=ComponentInfo{eu.europa.ec.euidi/eu.europa.ec.assemblylogic.ui.MainActivity} topActivity=ComponentInfo{eu.europa.ec.euidi/eu.europa.ec.assemblylogic.ui.MainActivity} origActivity=null realActivity=ComponentInfo{eu.europa.ec.euidi/eu.europa.ec.assemblylogic.ui.MainActivity} numActivities=1 lastActiveTime=903284787 supportsSplitScreenMultiWindow=true supportsMultiWindow=true resizeMode=1 isResizeable=true minWidth=-1 minHeight=-1 defaultMinSize=200 token=WCT{android.window.IWindowContainerToken$Stub$Proxy@e2b4fbc} topActivityType=1 pictureInPictureParams=null shouldDockBigOverlays=false launchIntoPipHostTaskId=-1 lastParentTaskIdBeforePip=-1 displayCutoutSafeInsets=Rect(0, 94 - 0, 0) topActivityInfo=ActivityInfo{2246b45 eu.europa.ec.assemblylogic.ui.MainActivity} launchCookies=[] positionInParent=Point(0, 0) parentTaskId=-1 isFocused=true isVisible=true isVisibleRequested=true isSleeping=false topActivityInSizeCompat=false topActivityEligibleForLetterboxEducation= false topActivityLetterboxed= false isFromDoubleTap= false topActivityLetterboxVerticalPosition= -1 topActivityLetterboxHorizontalPosition= -1 topActivityLetterboxWidth=-1 topActivityLetterboxHeight=-1 locusId=null displayAreaFeatureId=1 cameraCompatControlState=hidden mIsCastMode=false mTopActivityMediaSize=null mTopActivityRecordName=ActivityRecord{e2055c0 u0 eu.europa.ec.euidi/eu.europa.ec.assemblylogic.ui.MainActivity t568} mTopActivityOrientation=1 mTopActivityWindowIsNowVisible=false isTranslucent=false isEmbedded=false shouldBeVisible=true isImmersive=false mBehindAppLockPkg=null mOriginatingUid=0}
10-10 13:30:14.295  1902  4160 D CoreBackPreview: Window{add8e68 u0 eu.europa.ec.euidi/eu.europa.ec.assemblylogic.ui.MainActivity}: Setting back callback OnBackInvokedCallbackInfo{mCallback=android.window.IOnBackInvokedCallback$Stub$Proxy@db4e303, mPriority=0, mIsAnimationCallback=false}
10-10 13:30:14.301  1902  4160 W WindowManager: Changing focus from null to Window{add8e68 u0 eu.europa.ec.euidi/eu.europa.ec.assemblylogic.ui.MainActivity} displayId=0 Callers=com.android.server.wm.RootWindowContainer.updateFocusedWindowLocked:557 com.android.server.wm.WindowManagerService.updateFocusedWindowLocked:6962 com.android.server.wm.WindowManagerService.relayoutWindow:2951 com.android.server.wm.Session.relayout:266 
10-10 13:30:14.301  1902  4160 I WindowManager: cancelAnimation removed leash : Surface(name=Surface(name=81266ae StatusBar#86)/@0xb48dfdc - animation-leash of insets_animation#21210)/@0x785e738
10-10 13:30:14.303  1902  4160 I WindowManager: cancelAnimation removed leash : Surface(name=Surface(name=db27a2 NavigationBar0#82)/@0xc1acbf0 - animation-leash of insets_animation#21211)/@0x84f9c76
10-10 13:30:14.304  1902  4160 D WindowManager: wms.Input focus has changed to Window{add8e68 u0 eu.europa.ec.euidi/eu.europa.ec.assemblylogic.ui.MainActivity} display=0 updateInputWindows = true
10-10 13:30:14.304  1902  4160 I MultiSenceManagerInternalStub: getInstance
10-10 13:30:14.304  1902  4160 I WindowManager: Relayout Window{add8e68 u0 eu.europa.ec.euidi/eu.europa.ec.assemblylogic.ui.MainActivity}: oldVis=4 newVis=0 focusMayChange = true requestedWidth = 1080 requestedHeight = 2400 outFrames = ClientWindowFrames{frame=[0,0][1080,2400] display=[0,0][1080,2400] parentFrame=[0,0][0,0]} outSurfaceControl = Surface(name=eu.europa.ec.euidi/eu.europa.ec.assemblylogic.ui.MainActivity#21213)/@0x9c5af7b
10-10 13:30:14.338  1902  4160 W WindowManager: finishDrawingWindow: Window{add8e68 u0 eu.europa.ec.euidi/eu.europa.ec.assemblylogic.ui.MainActivity} mDrawState=DRAW_PENDING
10-10 13:30:14.338  1902  4160 D WindowManager: wms.finishDrawingLocked: mDrawState=COMMIT_DRAW_PENDING Window{add8e68 u0 eu.europa.ec.euidi/eu.europa.ec.assemblylogic.ui.MainActivity} in Surface(name=eu.europa.ec.euidi/eu.europa.ec.assemblylogic.ui.MainActivity#21213)/@0x715dcfe
10-10 13:30:14.339  1902  1939 D TaskSnapshot_Helper: shouldDelay()... Not launched by home, no delay needed.
10-10 13:30:14.344  1902  1939 W WindowManager: real show surface:Surface(name=eu.europa.ec.euidi/eu.europa.ec.assemblylogic.ui.MainActivity#21213)/@0x715dcfe
10-10 13:30:14.350  1902  3984 I SmartPower: com.android.chrome/10190(29744): visible->invisible(690ms) R(become invisible) adj=101.
10-10 13:30:14.350  1902  3984 I SmartPower: com.android.chrome:privileged_process0/10190(30717): invisible->background(898ms) R(become background) adj=101.
10-10 13:30:14.350  1902  3984 I SmartPower: com.android.chrome/10190(29744): invisible->background(0ms) R(become background) adj=101.
10-10 13:30:14.358  1902 23265 D CompatibilityChangeReporter: Compat change id reported: 214016041; UID 10390; state: ENABLED
10-10 13:30:14.362  1902  3984 D CoreBackPreview: Window{a4db16 u0 Splash Screen eu.europa.ec.euidi EXITING}: Setting back callback null
10-10 13:30:14.363  1902  4160 D CoreBackPreview: Window{a3cb1de u0 com.android.chrome/org.chromium.chrome.browser.ChromeTabbedActivity}: Setting back callback OnBackInvokedCallbackInfo{mCallback=android.window.IOnBackInvokedCallback$Stub$Proxy@ef69fe5, mPriority=-1, mIsAnimationCallback=false}
10-10 13:30:14.366  1902  4160 W PackageConfigPersister: App-specific configuration not found for packageName: eu.europa.ec.euidi and userId: 0
10-10 13:30:14.370  1902 10935 D WindowManager: setParent old=ActivityRecord{e2055c0 u0 eu.europa.ec.euidi/eu.europa.ec.assemblylogic.ui.MainActivity t568},new=null,this window=Window{a4db16 u0 Splash Screen eu.europa.ec.euidi},callers=com.android.server.wm.WindowContainer.removeChild:840 com.android.server.wm.ActivityRecord.removeChild:5227 com.android.server.wm.ActivityRecord.removeChild:470 com.android.server.wm.WindowContainer.removeImmediately:898 com.android.server.wm.WindowState.removeImmediately:2538 com.android.server.wm.WindowState.removeIfPossible:2719 
10-10 13:30:14.375  1902  2775 I WindowManager: cancelAnimation removed leash : Surface(name=Surface(name=6a76de5 InputMethod#123)/@0xf2bd99 - animation-leash of insets_animation#21202)/@0x48308f2
10-10 13:30:14.395  1902  1936 E MBrainLocalService: MBrainJava launch failed: SecurityException
10-10 13:30:14.397  1902  1936 D Aurogon :  uid = 10190 switch to BG
10-10 13:30:14.397  1902  2600 D isUidValid: uid = 10190
10-10 13:30:14.572  1902  1902 W AccessibilityManagerService:  wait for adding window timeout: 2755
10-10 13:30:15.474  1556  1556 I wificond: station_bandwidth: 
10-10 13:30:16.553  1902 10935 W FillRequestEventLogger: Couldn't find packageName: com.google.android.inputmethod.latin
10-10 13:30:16.564  3510  3510 D MiuiMultiWindowUtils: freeform resolution args raw data:{  "wide_default":{    "freeform_args": {        "vertical_portrait":{"aspect_ratio":0.626, "original_ratio":0.5643,"original_scale":0.74,"top_margin":0.168,"left_margin":0.484},        "horizontal_portrait":{"aspect_ratio":0.626, "original_ratio":0.5643,"original_scale":0.74,"top_margin":0.1222,"left_margin":0.59745},        "vertical_landscape":{"aspect_ratio":1.6, "original_ratio":1,"original_scale":0.604,"top_margin":0.2596,"left_margin":0.2624},        "horizontal_landscape":{"aspect_ratio":1.6, "original_ratio":1,"original_scale":0.604,"top_margin":0.213,"left_margin":0.3758}    },    "mini_freeform_args":{        "vertical_portrait":{"original_ratio":0.147},        "horizontal_portrait":{"original_ratio":0.147},        "vertical_landscape":{"original_ratio":0.165},        "horizontal_landscape":{"original_ratio":0.165}    }  },  "narrow_default": {    "freeform_args": {        "vertical_portrait":{"aspect_ratio":0.626, "original_ratio":1,"original_scale":0.74,"top_margin":0.0753,"left_margin":-1},        "horizontal_portrait":{"aspect_ratio":0.626, "original_ratio":1,"original_scale":0.5756,"top_margin":-1,"left_margin":0.0753},        "vertical_landscape":{"aspect_ratio":1.6, "original_ratio":0.6847,"original_scale":0.587,"top_margin":0.0753,"left_margin":-1},        "horizontal_landscape":{"aspect_ratio":1.6, "original_ratio":0.6847,"original_scale":0.587,"top_margin":-1,"left_margin":0.0753}    },    "mini_freeform_args":{        "vertical_portrait":{"original_ratio":0.26},        "horizontal_portrait":{"original_ratio":0.26},        "vertical_landscape":{"original_ratio":0.293},        "horizontal_landscape":{"original_ratio":0.293}    }  },  "regular_default": {    "freeform_args": {      "vertical_portrait":{"aspect_ratio":0.625, "original_ratio":1,"original_scale":0.7,"top_margin":0.109,"left_margin":-1},      "horizontal_portrait":{"aspect_ratio":0.6667, "original_ratio":1,"original_scale":0.6102,"top_margin":-1,"left_margin":0.026},      "vertical_landscape":{"aspect_ratio":1.6, "original_ratio":1,"original_scale":0.4244,"top_margin":0.109,"left_margin":-1},      "horizontal_landscape":{"aspect_ratio":1.6, "original_ratio":1,"original_scale":0.4244,"top_margin":-1,"left_margin":0.026}    },    "mini_freeform_args":{      "vertical_portrait":{"original_ratio":0.25},      "horizontal_portrait":{"original_ratio":0.25},      "vertical_landscape":{"original_ratio":0.25},      "horizontal_landscape":{"original_ratio":0.25}    }  },  "pad_default": {    "freeform_args": {      "vertical_portrait":{"aspect_ratio":0.5625, "original_ratio":0.375,"original_scale":0.835,"top_margin":0.049,"left_margin":0.2775},      "horizontal_portrait":{"aspect_ratio":0.5625, "original_ratio":0.375,"original_scale":0.835,"top_margin":-1,"left_margin":0.6525},      "vertical_landscape":{"aspect_ratio":-1, "original_ratio":1,"original_scale":0.468,"top_margin":0.049,"left_margin":-1},      "horizontal_landscape":{"aspect_ratio":-1, "original_ratio":1,"original_scale":0.468,"top_margin":-1,"left_margin":0.4976}    },    "mini_freeform_args":{      "vertical_portrait":{"original_ratio":0.144},      "horizontal_portrait":{"original_ratio":0.144},      "vertical_landscape":{"original_ratio":0.2},      "horizontal_landscape":{"original_ratio":0.2}    }  }}
10-10 13:30:16.564  3510  3510 D MiuiMultiWindowUtils: initFreeFormResolutionArgs failed, device is rubypro
10-10 13:30:16.564  1902  4160 W PackageConfigPersister: App-specific configuration not found for packageName: eu.europa.ec.euidi and userId: 0
10-10 13:30:16.565  1902  3984 I InputMethodManagerService: IMMS.showSoftInput(), client = com.android.internal.inputmethod.IInputMethodClient$Stub$Proxy@cb1af36
10-10 13:30:16.565  1902  3984 I InputMethodManagerService: IMMS.showCurrentInputLocked(), flags = 0
10-10 13:30:16.565  1902  3984 D SmartPower: com.google.android.inputmethod.latin/10196(22721): show input method
10-10 13:30:16.565  1902  3984 I SmartPower: com.google.android.inputmethod.latin/10196(22721): idle->visible(11289ms) R(show input method) adj=100.
10-10 13:30:16.565  1902  3984 I DefaultImeVisibilityApplier: IMMS.showCurrentInputLocked request ims to show inputMethod.
10-10 13:30:16.566  1902  2775 W PackageConfigPersister: App-specific configuration not found for packageName: eu.europa.ec.euidi and userId: 0
10-10 13:30:16.574  1902 15926 D AutofillSession: createPendingIntent for request 1185
10-10 13:30:16.574  1902 15926 D ContentCapturePerUserService: Notified activity assist data for activity: Token{634c23e ActivityRecord{e2055c0 u0 eu.europa.ec.euidi/eu.europa.ec.assemblylogic.ui.MainActivity t568}} without a session Id
10-10 13:30:16.577  1902  4160 I InputMethodManagerService: IMMS.showSoftInput(), client = com.android.internal.inputmethod.IInputMethodClient$Stub$Proxy@36188c2
10-10 13:30:16.577  1902  4160 I InputMethodManagerService: IMMS.showCurrentInputLocked(), flags = 0
10-10 13:30:16.577  1902  4160 D SmartPower: com.google.android.inputmethod.latin/10196(22721): show input method
10-10 13:30:16.577  1902  4160 I DefaultImeVisibilityApplier: IMMS.showCurrentInputLocked request ims to show inputMethod.
10-10 13:30:16.599  1902  2775 I InputMethodManagerService: IMMS.applyImeVisibility(), setVisible = true, mCurclient = ClientState{f181ae mUid=10390 mPid=3510 mSelfReportedDisplayId=0}
10-10 13:30:16.599  1902  2775 I WindowManager: WMS.showImePostLayout(), imeTarget = Window{add8e68 u0 eu.europa.ec.euidi/eu.europa.ec.assemblylogic.ui.MainActivity}
10-10 13:30:16.602  1902  3984 D CoreBackPreview: Window{add8e68 u0 eu.europa.ec.euidi/eu.europa.ec.assemblylogic.ui.MainActivity}: Setting back callback OnBackInvokedCallbackInfo{mCallback=android.window.IOnBackInvokedCallback$Stub$Proxy@515f4c5, mPriority=0, mIsAnimationCallback=false}
10-10 13:30:16.605  1902 10935 I WindowManager: Relayout Window{6a76de5 u0 InputMethod}: oldVis=8 newVis=0 focusMayChange = true requestedWidth = 1080 requestedHeight = 2306 outFrames = ClientWindowFrames{frame=[0,94][1080,2400] display=[0,94][1080,2400] parentFrame=[0,0][0,0]} outSurfaceControl = Surface(name=InputMethod#21219)/@0x3e61841
10-10 13:30:16.607  2983  3075 D OneHandedController: stopOneHanded state is 0
10-10 13:30:16.607  2983  3075 D MiuiFreeformModeController: avoidForInsetsBottomChangedIfNeed oldMoveableBottom: 2270 newMoveableBounds: 2270
10-10 13:30:16.610  2983  3075 D MiuiFreeformModeController: avoidForInsetsBottomChangedIfNeed oldMoveableBottom: 2270 newMoveableBounds: 2270
10-10 13:30:16.622  1902  4160 W WindowManager: finishDrawingWindow: Window{6a76de5 u0 InputMethod} mDrawState=DRAW_PENDING
10-10 13:30:16.623  1902  4160 D WindowManager: wms.finishDrawingLocked: mDrawState=COMMIT_DRAW_PENDING Window{6a76de5 u0 InputMethod} in Surface(name=InputMethod#21219)/@0x37be328
10-10 13:30:16.623  1902 23265 I InputMethodManagerService: IMMS.applyImeVisibility(), setVisible = true, mCurclient = ClientState{f181ae mUid=10390 mPid=3510 mSelfReportedDisplayId=0}
10-10 13:30:16.625  1902  1939 I ImeInsetsSourceProvider: ImeInsetsSourceProvider.scheduleShowImePostLayout() Run showImeRunner.
10-10 13:30:16.625  1902  1939 I ImeInsetsSourceProvider: ImeInsetsSourceProvider.scheduleShowImePostLayout() isReadyToShowIme.
10-10 13:30:16.627  1902 23265 I WindowManager: WMS.showImePostLayout(), imeTarget = Window{add8e68 u0 eu.europa.ec.euidi/eu.europa.ec.assemblylogic.ui.MainActivity}
10-10 13:30:16.633  1902  1939 I ImeInsetsSourceProvider: ImeInsetsSourceProvider.scheduleShowImePostLayout() Run showImeRunner.
10-10 13:30:16.633  1902  1939 I ImeInsetsSourceProvider: ImeInsetsSourceProvider.scheduleShowImePostLayout() isReadyToShowIme.
10-10 13:30:16.635  2983  3075 D MiuiFreeformModeController: avoidForInsetsBottomChangedIfNeed oldMoveableBottom: 2270 newMoveableBounds: 2270
10-10 13:30:16.635  2983  3075 D ImePositionProcessor: onImeVisibilityChanged     isShowing:  true
10-10 13:30:16.635  1902  2775 I WindowManager: cancelAnimation removed leash : Surface(name=Surface(name=db27a2 NavigationBar0#82)/@0xc1acbf0 - animation-leash of insets_animation#21215)/@0x96ecb0a
10-10 13:30:16.637  1902  1938 I WindowManager: input method visible height changed 701
10-10 13:30:16.637  1902  2338 I ITouchFeature: current device and process support version:2
10-10 13:30:16.638  2983  3075 D MiuiFreeformModeController: onImeVisibilityChanged imeVisible: true imeHeight: 701 adjustedForRotation:false
10-10 13:30:16.638  2983  3075 D MiuiFreeformModeAvoidAlgorithm: begin autoOrderingAvoidMiniTask
10-10 13:30:16.638  2983  3075 D MiuiFreeformModeAvoidAlgorithm: getCurrMiniPos: SameSideMiniPosList: []
10-10 13:30:16.638  2983  3075 D MiuiFreeformModeAvoidAlgorithm: getCurrMiniPos: SameSideMiniPosList: []
10-10 13:30:16.638  2983  3075 D MiuiFreeformModeAvoidAlgorithm: end autoOrderingAvoidMiniTask res:AvoidResult{distance=0, combination={}, activeTaskPos=Rect(0, 0 - 0, 0)}
10-10 13:30:16.639  1902  1938 W WindowManager: real show surface:Surface(name=InputMethod#21219)/@0x37be328
10-10 13:30:16.648  2983  3075 D OneHandedController: stopOneHanded state is 0
10-10 13:30:16.669  1902  1902 W FillRequestEventLogger: Shouldn't be logging AutofillFillRequestReported again for same event
10-10 13:30:16.669  1902  1902 W FillResponseEventLogger: Shouldn't be logging AutofillFillRequestReported again for same event
10-10 13:30:16.669  1902  1902 D AutofillSession: clearPendingIntentLocked
10-10 13:30:16.967  1902  2620 I SmartPower: com.google.android.videos/10312(31305): background->idle(3000ms) R(broadcast start Intent { act=android.intent.action.PACKAGE_RESTARTED dat=package: flg=0x10 (has extras) }) adj=905.
10-10 13:30:17.287  1902 10935 D WindowManagerService: checkFlipFullScreenChange is same, nowIsFullScreen = false
10-10 13:30:17.291  1902 10935 W FillRequestEventLogger: Couldn't find packageName: com.google.android.inputmethod.latin
10-10 13:30:17.299  1902 10935 D AutofillSession: createPendingIntent for request 1186
10-10 13:30:17.299  1902 10935 D ContentCapturePerUserService: Notified activity assist data for activity: Token{634c23e ActivityRecord{e2055c0 u0 eu.europa.ec.euidi/eu.europa.ec.assemblylogic.ui.MainActivity t568}} without a session Id
10-10 13:30:17.308  1902 23265 I InputMethodManagerService: IMMS.showCurrentInputLocked(), flags = 1
10-10 13:30:17.308  1902 23265 D SmartPower: com.google.android.inputmethod.latin/10196(22721): show input method
10-10 13:30:17.308  1902 23265 I DefaultImeVisibilityApplier: IMMS.showCurrentInputLocked request ims to show inputMethod.
10-10 13:30:17.311  1902 15926 W PackageConfigPersister: App-specific configuration not found for packageName: eu.europa.ec.euidi and userId: 0
10-10 13:30:17.324  1902 23265 I InputMethodManagerService: IMMS.showSoftInput(), client = com.android.internal.inputmethod.IInputMethodClient$Stub$Proxy@933fd2b
10-10 13:30:17.324  1902 23265 I InputMethodManagerService: IMMS.showCurrentInputLocked(), flags = 0
10-10 13:30:17.325  1902 23265 D SmartPower: com.google.android.inputmethod.latin/10196(22721): show input method
10-10 13:30:17.325  1902 23265 I DefaultImeVisibilityApplier: IMMS.showCurrentInputLocked request ims to show inputMethod.
10-10 13:30:17.340  1902  4160 I InputMethodManagerService: IMMS.applyImeVisibility(), setVisible = true, mCurclient = ClientState{f181ae mUid=10390 mPid=3510 mSelfReportedDisplayId=0}
10-10 13:30:17.340  1902  4160 I WindowManager: WMS.showImePostLayout(), imeTarget = Window{add8e68 u0 eu.europa.ec.euidi/eu.europa.ec.assemblylogic.ui.MainActivity}
10-10 13:30:17.342  2983  3075 D OneHandedController: stopOneHanded state is 0
10-10 13:30:17.342  1902  1939 I ImeInsetsSourceProvider: ImeInsetsSourceProvider.scheduleShowImePostLayout() Run showImeRunner.
10-10 13:30:17.342  1902  1939 I ImeInsetsSourceProvider: ImeInsetsSourceProvider.scheduleShowImePostLayout() isReadyToShowIme.
10-10 13:30:17.349  1902  4160 I InputMethodManagerService: IMMS.applyImeVisibility(), setVisible = true, mCurclient = ClientState{f181ae mUid=10390 mPid=3510 mSelfReportedDisplayId=0}
10-10 13:30:17.349  1902  2620 I SmartPower: com.android.chrome:privileged_process0/10190(30717): background->idle(3000ms) R(become invisible) adj=700.
10-10 13:30:17.349  1902  2620 I SmartPower: com.android.chrome/10190(29744): background->idle(3000ms) R(become invisible) adj=700.
10-10 13:30:17.351  1902  4160 I WindowManager: WMS.showImePostLayout(), imeTarget = Window{add8e68 u0 eu.europa.ec.euidi/eu.europa.ec.assemblylogic.ui.MainActivity}
10-10 13:30:17.352  1902  1939 I ImeInsetsSourceProvider: ImeInsetsSourceProvider.scheduleShowImePostLayout() Run showImeRunner.
10-10 13:30:17.352  1902  1939 I ImeInsetsSourceProvider: ImeInsetsSourceProvider.scheduleShowImePostLayout() isReadyToShowIme.
10-10 13:30:17.357  2983  3075 D OneHandedController: stopOneHanded state is 0
10-10 13:30:17.376  1902  1902 W FillRequestEventLogger: Shouldn't be logging AutofillFillRequestReported again for same event
10-10 13:30:17.376  1902  1902 W FillResponseEventLogger: Shouldn't be logging AutofillFillRequestReported again for same event
10-10 13:30:17.376  1902  1902 D AutofillSession: clearPendingIntentLocked
10-10 13:30:17.452  1902  4160 D WindowManagerService: checkFlipFullScreenChange is same, nowIsFullScreen = false
10-10 13:30:17.456  1902  4160 W FillRequestEventLogger: Couldn't find packageName: com.google.android.inputmethod.latin
10-10 13:30:17.461  1902  4160 D AutofillSession: createPendingIntent for request 1187
10-10 13:30:17.461  1902  4160 D ContentCapturePerUserService: Notified activity assist data for activity: Token{634c23e ActivityRecord{e2055c0 u0 eu.europa.ec.euidi/eu.europa.ec.assemblylogic.ui.MainActivity t568}} without a session Id
10-10 13:30:17.466  1902  4160 I InputMethodManagerService: IMMS.showCurrentInputLocked(), flags = 1
10-10 13:30:17.466  1902  4160 D SmartPower: com.google.android.inputmethod.latin/10196(22721): show input method
10-10 13:30:17.466  1902  4160 I DefaultImeVisibilityApplier: IMMS.showCurrentInputLocked request ims to show inputMethod.
10-10 13:30:17.469  1902  4160 W PackageConfigPersister: App-specific configuration not found for packageName: eu.europa.ec.euidi and userId: 0
10-10 13:30:17.473  1902 15926 I InputMethodManagerService: IMMS.showSoftInput(), client = com.android.internal.inputmethod.IInputMethodClient$Stub$Proxy@75ed1e
10-10 13:30:17.473  1902 15926 I InputMethodManagerService: IMMS.showCurrentInputLocked(), flags = 0
10-10 13:30:17.473  1902 15926 D SmartPower: com.google.android.inputmethod.latin/10196(22721): show input method
10-10 13:30:17.473  1902 15926 I DefaultImeVisibilityApplier: IMMS.showCurrentInputLocked request ims to show inputMethod.
10-10 13:30:17.495  1902 23265 I InputMethodManagerService: IMMS.applyImeVisibility(), setVisible = true, mCurclient = ClientState{f181ae mUid=10390 mPid=3510 mSelfReportedDisplayId=0}
10-10 13:30:17.495  1902 23265 I WindowManager: WMS.showImePostLayout(), imeTarget = Window{add8e68 u0 eu.europa.ec.euidi/eu.europa.ec.assemblylogic.ui.MainActivity}
10-10 13:30:17.497  1902  1939 I ImeInsetsSourceProvider: ImeInsetsSourceProvider.scheduleShowImePostLayout() Run showImeRunner.
10-10 13:30:17.497  1902  1939 I ImeInsetsSourceProvider: ImeInsetsSourceProvider.scheduleShowImePostLayout() isReadyToShowIme.
10-10 13:30:17.501  1902 15926 I InputMethodManagerService: IMMS.applyImeVisibility(), setVisible = true, mCurclient = ClientState{f181ae mUid=10390 mPid=3510 mSelfReportedDisplayId=0}
10-10 13:30:17.501  1902 15926 I WindowManager: WMS.showImePostLayout(), imeTarget = Window{add8e68 u0 eu.europa.ec.euidi/eu.europa.ec.assemblylogic.ui.MainActivity}
10-10 13:30:17.502  2983  3075 D OneHandedController: stopOneHanded state is 0
10-10 13:30:17.503  1902  1939 I ImeInsetsSourceProvider: ImeInsetsSourceProvider.scheduleShowImePostLayout() Run showImeRunner.
10-10 13:30:17.503  1902  1939 I ImeInsetsSourceProvider: ImeInsetsSourceProvider.scheduleShowImePostLayout() isReadyToShowIme.
10-10 13:30:17.503  2983  3075 D OneHandedController: stopOneHanded state is 0
10-10 13:30:17.537  1902  1902 W FillRequestEventLogger: Shouldn't be logging AutofillFillRequestReported again for same event
10-10 13:30:17.537  1902  1902 W FillResponseEventLogger: Shouldn't be logging AutofillFillRequestReported again for same event
10-10 13:30:17.537  1902  1902 D AutofillSession: clearPendingIntentLocked
10-10 13:30:17.607  1902  4160 D WindowManagerService: checkFlipFullScreenChange is same, nowIsFullScreen = false
10-10 13:30:17.610  1902 10935 W FillRequestEventLogger: Couldn't find packageName: com.google.android.inputmethod.latin
10-10 13:30:17.620  1902 15926 I InputMethodManagerService: IMMS.showCurrentInputLocked(), flags = 1
10-10 13:30:17.620  1902 15926 D SmartPower: com.google.android.inputmethod.latin/10196(22721): show input method
10-10 13:30:17.620  1902 15926 I DefaultImeVisibilityApplier: IMMS.showCurrentInputLocked request ims to show inputMethod.
10-10 13:30:17.622  1902 15926 W PackageConfigPersister: App-specific configuration not found for packageName: eu.europa.ec.euidi and userId: 0
10-10 13:30:17.628  1902  4160 D AutofillSession: createPendingIntent for request 1188
10-10 13:30:17.628  1902  4160 D ContentCapturePerUserService: Notified activity assist data for activity: Token{634c23e ActivityRecord{e2055c0 u0 eu.europa.ec.euidi/eu.europa.ec.assemblylogic.ui.MainActivity t568}} without a session Id
10-10 13:30:17.635  1902 15926 I InputMethodManagerService: IMMS.showSoftInput(), client = com.android.internal.inputmethod.IInputMethodClient$Stub$Proxy@e4f6064
10-10 13:30:17.636  1902 15926 I InputMethodManagerService: IMMS.showCurrentInputLocked(), flags = 0
10-10 13:30:17.636  1902 15926 D SmartPower: com.google.android.inputmethod.latin/10196(22721): show input method
10-10 13:30:17.636  1902 15926 I DefaultImeVisibilityApplier: IMMS.showCurrentInputLocked request ims to show inputMethod.
10-10 13:30:17.650  1902  4160 I InputMethodManagerService: IMMS.applyImeVisibility(), setVisible = true, mCurclient = ClientState{f181ae mUid=10390 mPid=3510 mSelfReportedDisplayId=0}
10-10 13:30:17.650  1902  4160 I WindowManager: WMS.showImePostLayout(), imeTarget = Window{add8e68 u0 eu.europa.ec.euidi/eu.europa.ec.assemblylogic.ui.MainActivity}
10-10 13:30:17.651  1902  1939 I ImeInsetsSourceProvider: ImeInsetsSourceProvider.scheduleShowImePostLayout() Run showImeRunner.
10-10 13:30:17.651  1902  1939 I ImeInsetsSourceProvider: ImeInsetsSourceProvider.scheduleShowImePostLayout() isReadyToShowIme.
10-10 13:30:17.654  2983  3075 D OneHandedController: stopOneHanded state is 0
10-10 13:30:17.655  1902  4160 I InputMethodManagerService: IMMS.applyImeVisibility(), setVisible = true, mCurclient = ClientState{f181ae mUid=10390 mPid=3510 mSelfReportedDisplayId=0}
10-10 13:30:17.656  1902  4160 I WindowManager: WMS.showImePostLayout(), imeTarget = Window{add8e68 u0 eu.europa.ec.euidi/eu.europa.ec.assemblylogic.ui.MainActivity}
10-10 13:30:17.657  1902  1939 I ImeInsetsSourceProvider: ImeInsetsSourceProvider.scheduleShowImePostLayout() Run showImeRunner.
10-10 13:30:17.657  1902  1939 I ImeInsetsSourceProvider: ImeInsetsSourceProvider.scheduleShowImePostLayout() isReadyToShowIme.
10-10 13:30:17.659  2983  3075 D OneHandedController: stopOneHanded state is 0
10-10 13:30:17.744  1902  2775 D WindowManagerService: checkFlipFullScreenChange is same, nowIsFullScreen = false
10-10 13:30:17.746  1902  2775 W AutofillManagerServiceImpl: logViewEntered: not logging event because history is null
10-10 13:30:17.746  1902  2775 W PresentationStatsEventLogger: Shouldn't be logging AutofillPresentationEventReported again for same event
10-10 13:30:17.747  1902  2775 W FillRequestEventLogger: Couldn't find packageName: com.google.android.inputmethod.latin
10-10 13:30:17.749  1902  3984 D AutofillSession: createPendingIntent for request 1189
10-10 13:30:17.749  1902  3984 D ContentCapturePerUserService: Notified activity assist data for activity: Token{634c23e ActivityRecord{e2055c0 u0 eu.europa.ec.euidi/eu.europa.ec.assemblylogic.ui.MainActivity t568}} without a session Id
10-10 13:30:17.755  1902  3984 I InputMethodManagerService: IMMS.showCurrentInputLocked(), flags = 1
10-10 13:30:17.755  1902  3984 D SmartPower: com.google.android.inputmethod.latin/10196(22721): show input method
10-10 13:30:17.755  1902  3984 I DefaultImeVisibilityApplier: IMMS.showCurrentInputLocked request ims to show inputMethod.
10-10 13:30:17.757  1902 10935 W PackageConfigPersister: App-specific configuration not found for packageName: eu.europa.ec.euidi and userId: 0
10-10 13:30:17.759  1902  1902 E RemoteFillService: Error calling on fill request
10-10 13:30:17.759  1902  1902 E RemoteFillService: java.util.concurrent.CancellationException
10-10 13:30:17.759  1902  1902 E RemoteFillService: 	at java.util.concurrent.CompletableFuture.cancel(CompletableFuture.java:2466)
10-10 13:30:17.759  1902  1902 E RemoteFillService: 	at com.android.internal.infra.AndroidFuture.cancel(AndroidFuture.java:153)
10-10 13:30:17.759  1902  1902 E RemoteFillService: 	at com.android.internal.infra.ServiceConnector$Impl$CompletionAwareJob.cancel(ServiceConnector.java:790)
10-10 13:30:17.759  1902  1902 E RemoteFillService: 	at com.android.server.autofill.RemoteFillService.cancelCurrentRequest(RemoteFillService.java:136)
10-10 13:30:17.759  1902  1902 E RemoteFillService: 	at com.android.server.autofill.Session.cancelCurrentRequestLocked(Session.java:1130)
10-10 13:30:17.759  1902  1902 E RemoteFillService: 	at com.android.server.autofill.Session.requestNewFillResponseLocked(Session.java:1228)
10-10 13:30:17.759  1902  1902 E RemoteFillService: 	at com.android.server.autofill.Session.requestNewFillResponseOnViewEnteredIfNecessaryLocked(Session.java:3802)
10-10 13:30:17.759  1902  1902 E RemoteFillService: 	at com.android.server.autofill.Session.updateLocked(Session.java:4086)
10-10 13:30:17.759  1902  1902 E RemoteFillService: 	at com.android.server.autofill.AutofillManagerServiceImpl.updateSessionLocked(AutofillManagerServiceImpl.java:652)
10-10 13:30:17.759  1902  1902 E RemoteFillService: 	at com.android.server.autofill.AutofillManagerService$AutoFillManagerServiceStub.updateSession(AutofillManagerService.java:1922)
10-10 13:30:17.759  1902  1902 E RemoteFillService: 	at android.view.autofill.IAutoFillManager$Stub.onTransact(IAutoFillManager.java:332)
10-10 13:30:17.759  1902  1902 E RemoteFillService: 	at android.os.Binder.execTransactInternal(Binder.java:1351)
10-10 13:30:17.759  1902  1902 E RemoteFillService: 	at android.os.Binder.execTransact(Binder.java:1282)
10-10 13:30:17.771  1902 10935 I InputMethodManagerService: IMMS.showSoftInput(), client = com.android.internal.inputmethod.IInputMethodClient$Stub$Proxy@905d9ce
10-10 13:30:17.772  1902 10935 I InputMethodManagerService: IMMS.showCurrentInputLocked(), flags = 0
10-10 13:30:17.772  1902 10935 D SmartPower: com.google.android.inputmethod.latin/10196(22721): show input method
10-10 13:30:17.772  1902 10935 I DefaultImeVisibilityApplier: IMMS.showCurrentInputLocked request ims to show inputMethod.
10-10 13:30:17.792  1902 10935 I InputMethodManagerService: IMMS.applyImeVisibility(), setVisible = true, mCurclient = ClientState{f181ae mUid=10390 mPid=3510 mSelfReportedDisplayId=0}
10-10 13:30:17.792  1902 10935 I WindowManager: WMS.showImePostLayout(), imeTarget = Window{add8e68 u0 eu.europa.ec.euidi/eu.europa.ec.assemblylogic.ui.MainActivity}
10-10 13:30:17.793  1902  1939 I ImeInsetsSourceProvider: ImeInsetsSourceProvider.scheduleShowImePostLayout() Run showImeRunner.
10-10 13:30:17.793  1902  1939 I ImeInsetsSourceProvider: ImeInsetsSourceProvider.scheduleShowImePostLayout() isReadyToShowIme.
10-10 13:30:17.797  2983  3075 D OneHandedController: stopOneHanded state is 0
10-10 13:30:17.801  1902  4160 I InputMethodManagerService: IMMS.applyImeVisibility(), setVisible = true, mCurclient = ClientState{f181ae mUid=10390 mPid=3510 mSelfReportedDisplayId=0}
10-10 13:30:17.801  1902  4160 I WindowManager: WMS.showImePostLayout(), imeTarget = Window{add8e68 u0 eu.europa.ec.euidi/eu.europa.ec.assemblylogic.ui.MainActivity}
10-10 13:30:17.804  1902  1939 I ImeInsetsSourceProvider: ImeInsetsSourceProvider.scheduleShowImePostLayout() Run showImeRunner.
10-10 13:30:17.804  1902  1939 I ImeInsetsSourceProvider: ImeInsetsSourceProvider.scheduleShowImePostLayout() isReadyToShowIme.
10-10 13:30:17.809  2983  3075 D OneHandedController: stopOneHanded state is 0
10-10 13:30:17.830  1902  1902 W FillRequestEventLogger: Shouldn't be logging AutofillFillRequestReported again for same event
10-10 13:30:17.830  1902  1902 W FillResponseEventLogger: Shouldn't be logging AutofillFillRequestReported again for same event
10-10 13:30:17.830  1902  1902 D AutofillSession: clearPendingIntentLocked
10-10 13:30:17.872  1902  2775 D WindowManagerService: checkFlipFullScreenChange is same, nowIsFullScreen = false
10-10 13:30:17.876  1902  2775 W FillRequestEventLogger: Couldn't find packageName: com.google.android.inputmethod.latin
10-10 13:30:17.887  1902  4160 I InputMethodManagerService: IMMS.showCurrentInputLocked(), flags = 1
10-10 13:30:17.887  1902  4160 D SmartPower: com.google.android.inputmethod.latin/10196(22721): show input method
10-10 13:30:17.887  1902  4160 I DefaultImeVisibilityApplier: IMMS.showCurrentInputLocked request ims to show inputMethod.
10-10 13:30:17.890  1902  2775 W PackageConfigPersister: App-specific configuration not found for packageName: eu.europa.ec.euidi and userId: 0
10-10 13:30:17.895  1902  2775 D AutofillSession: createPendingIntent for request 1190
10-10 13:30:17.895  1902  2775 D ContentCapturePerUserService: Notified activity assist data for activity: Token{634c23e ActivityRecord{e2055c0 u0 eu.europa.ec.euidi/eu.europa.ec.assemblylogic.ui.MainActivity t568}} without a session Id
10-10 13:30:17.907  1902 15926 I InputMethodManagerService: IMMS.showSoftInput(), client = com.android.internal.inputmethod.IInputMethodClient$Stub$Proxy@f7daa94
10-10 13:30:17.907  1902 15926 I InputMethodManagerService: IMMS.showCurrentInputLocked(), flags = 0
10-10 13:30:17.907  1902 15926 D SmartPower: com.google.android.inputmethod.latin/10196(22721): show input method
10-10 13:30:17.907  1902 15926 I DefaultImeVisibilityApplier: IMMS.showCurrentInputLocked request ims to show inputMethod.
10-10 13:30:17.920  1902 15926 I InputMethodManagerService: IMMS.applyImeVisibility(), setVisible = true, mCurclient = ClientState{f181ae mUid=10390 mPid=3510 mSelfReportedDisplayId=0}
10-10 13:30:17.920  1902 15926 I WindowManager: WMS.showImePostLayout(), imeTarget = Window{add8e68 u0 eu.europa.ec.euidi/eu.europa.ec.assemblylogic.ui.MainActivity}
10-10 13:30:17.925  1902  1939 I ImeInsetsSourceProvider: ImeInsetsSourceProvider.scheduleShowImePostLayout() Run showImeRunner.
10-10 13:30:17.925  1902  1939 I ImeInsetsSourceProvider: ImeInsetsSourceProvider.scheduleShowImePostLayout() isReadyToShowIme.
10-10 13:30:17.929  1902 15926 I InputMethodManagerService: IMMS.applyImeVisibility(), setVisible = true, mCurclient = ClientState{f181ae mUid=10390 mPid=3510 mSelfReportedDisplayId=0}
10-10 13:30:17.929  1902 15926 I WindowManager: WMS.showImePostLayout(), imeTarget = Window{add8e68 u0 eu.europa.ec.euidi/eu.europa.ec.assemblylogic.ui.MainActivity}
10-10 13:30:17.929  2983  3075 D OneHandedController: stopOneHanded state is 0
10-10 13:30:17.933  1902  1939 I ImeInsetsSourceProvider: ImeInsetsSourceProvider.scheduleShowImePostLayout() Run showImeRunner.
10-10 13:30:17.933  1902  1939 I ImeInsetsSourceProvider: ImeInsetsSourceProvider.scheduleShowImePostLayout() isReadyToShowIme.
10-10 13:30:17.938  2983  3075 D OneHandedController: stopOneHanded state is 0
10-10 13:30:17.950  1902  1902 W FillRequestEventLogger: Shouldn't be logging AutofillFillRequestReported again for same event
10-10 13:30:17.950  1902  1902 W FillResponseEventLogger: Shouldn't be logging AutofillFillRequestReported again for same event
10-10 13:30:17.950  1902  1902 D AutofillSession: clearPendingIntentLocked
10-10 13:30:17.985  1902 15926 D WindowManagerService: checkFlipFullScreenChange is same, nowIsFullScreen = false
10-10 13:30:18.021  1902 15926 D CompatibilityChangeReporter: Compat change id reported: 161145287; UID 10390; state: ENABLED
10-10 13:30:18.064  2983  3075 D MiuiFreeformModeController: avoidForInsetsBottomChangedIfNeed oldMoveableBottom: 2270 newMoveableBounds: 2270
10-10 13:30:18.064  2983  3075 D ImePositionProcessor: onImeVisibilityChanged     isShowing:  false
10-10 13:30:18.067  1902  1938 I WindowManager: input method visible height changed 0
10-10 13:30:18.067  1902  2338 I ITouchFeature: current device and process support version:2
10-10 13:30:18.068  2983  3075 D MiuiFreeformModeController: onImeVisibilityChanged imeVisible: false imeHeight: 0 adjustedForRotation:false
10-10 13:30:18.068  2983  3075 D MiuiFreeformModeAvoidAlgorithm: begin autoOrderingAvoidMiniTask
10-10 13:30:18.068  2983  3075 D MiuiFreeformModeAvoidAlgorithm: getCurrMiniPos: SameSideMiniPosList: []
10-10 13:30:18.068  2983  3075 D MiuiFreeformModeAvoidAlgorithm: getCurrMiniPos: SameSideMiniPosList: []
10-10 13:30:18.068  2983  3075 D MiuiFreeformModeAvoidAlgorithm: end autoOrderingAvoidMiniTask res:AvoidResult{distance=0, combination={}, activeTaskPos=Rect(0, 0 - 0, 0)}
10-10 13:30:18.071  1902  2775 I InputMethodManagerService: IMMS.applyImeVisibility(), setVisible = false, mCurclient = ClientState{f181ae mUid=10390 mPid=3510 mSelfReportedDisplayId=0}
10-10 13:30:18.072  1902  3984 W PackageConfigPersister: App-specific configuration not found for packageName: eu.europa.ec.euidi and userId: 0
10-10 13:30:18.085  1902  3984 D CoreBackPreview: Window{add8e68 u0 eu.europa.ec.euidi/eu.europa.ec.assemblylogic.ui.MainActivity}: Setting back callback OnBackInvokedCallbackInfo{mCallback=android.window.IOnBackInvokedCallback$Stub$Proxy@e29aefb, mPriority=0, mIsAnimationCallback=false}
10-10 13:30:18.500  1556  1556 I wificond: station_bandwidth: 
10-10 13:30:18.589  1902  3984 I SmartPower: com.google.android.inputmethod.latin/10196(22721): visible->invisible(2024ms) R(become invisible) adj=100.
10-10 13:30:18.590  1902  3984 I SmartPower: com.google.android.inputmethod.latin/10196(22721): invisible->background(0ms) R(become background) adj=100.
10-10 13:30:18.593  2983  3075 D MiuiFreeformModeController: avoidForInsetsBottomChangedIfNeed oldMoveableBottom: 2270 newMoveableBounds: 2270
10-10 13:30:18.602  2983  3075 D MiuiFreeformModeController: avoidForInsetsBottomChangedIfNeed oldMoveableBottom: 2270 newMoveableBounds: 2270
10-10 13:30:18.911  1902  2775 W MIUIInput: Input event injection from package: null action ACTION_DOWN
10-10 13:30:18.924  1902  2775 W MIUIInput: Input event injection from package: null action ACTION_UP
