10-10 15:48:29.634  2042  2693 I WindowManager: wms.showSurfaceRobustly mWin:Window{13dfb59 u0 com.android.chrome/org.chromium.chrome.browser.ChromeTabbedActivity}
10-10 15:48:29.634  2042  2693 D WindowManager: Final targets: [Task{ac848dc #6565 type=standard A=10172:com.android.chrome}, Task{e11eda4 #6694 type=standard A=10030:eu.europa.ec.euidi}]
10-10 15:48:29.648  2042  2693 D WindowManager: Calling onTransitionReady info={id=755 t=OPEN f=0x0 trk=0 r=[0@Point(0, 0)] c=[{WCT{RemoteToken{be892c5 Task{ac848dc #6565 type=standard A=10172:com.android.chrome}}} m=TO_FRONT f=MOVE_TO_TOP leash=Surface(name=Task=6565#9987)/@0x75a594f sb=Rect(0, 0 - 1080, 2400) eb=Rect(0, 0 - 1080, 2400) d=0},{WCT{RemoteToken{9bdcd40 Task{e11eda4 #6694 type=standard A=10030:eu.europa.ec.euidi}}} m=TO_BACK f=NONE leash=Surface(name=Task=6694#15474)/@0x233f437 sb=Rect(0, 0 - 1080, 2400) eb=Rect(0, 0 - 1080, 2400) d=0}] noAni=[false] df=[false] mk=[true] nc=[0]}, mToken=Token{273cb74 TransitionRecord{52fd516 id=755 type=OPEN flags=0x0}}
10-10 15:48:29.649  2042  2693 I BLASTSyncEngine: finishNow: after onTransactionReady, mSyncId=755
10-10 15:48:29.651  4304  4484 D MiuiFreeformAnimation: startAnimation change: {WCT{android.window.IWindowContainerToken$Stub$Proxy@148eb68} m=TO_FRONT f=MOVE_TO_TOP leash=Surface(name=Task=6565#9987)/@0x8f04405 sb=Rect(0, 0 - 1080, 2400) eb=Rect(0, 0 - 1080, 2400) d=0} info.getType(): 1
10-10 15:48:29.652  4304  4484 I MiuiFreeformAnimation: isLaunchWidgetPicker=false,taskInfo.getWindowingMode()=1, taskInfo.getActivityType()=1
10-10 15:48:29.652  4304  4484 D MiuiFreeformAnimation: startAnimation change: {WCT{android.window.IWindowContainerToken$Stub$Proxy@e361b81} m=TO_BACK f=NONE leash=Surface(name=Task=6694#15474)/@0x3e4ac5a sb=Rect(0, 0 - 1080, 2400) eb=Rect(0, 0 - 1080, 2400) d=0} info.getType(): 1
10-10 15:48:29.652  4304  4484 W MiuiTaskTransitionHandler: Receive an unknown transition, token=android.os.BinderProxy@fd32250, type=1
10-10 15:48:29.654  4304  4304 D ArtChoreographerMonitor: invoke error.
10-10 15:48:29.654  4304  4484 D TransitionAnimationHelper:  load default animation  type = 1 enter = false animAttr = 9 isTask = true translucent = false
10-10 15:48:29.655  4304  4484 D TransitionAnimationHelper:  load default animation  type = 1 enter = true animAttr = 8 isTask = true translucent = false
10-10 15:48:29.657  4304  4520 D ShellTransitions: speed ui!!!!!!!!!!!
10-10 15:48:29.657  4304  4484 D MiuiFullScreenTaskRepository: setFocusedTask taskId=6565, displayId=0, topActivity=ComponentInfo{com.android.chrome/org.chromium.chrome.browser.ChromeTabbedActivity}
10-10 15:48:29.657  4304  4484 D MiuiFullScreenTaskRepository: addOrUpdateFullScreenTaskInfo taskId=6565, topActivity=ComponentInfo{com.android.chrome/org.chromium.chrome.browser.ChromeTabbedActivity}
10-10 15:48:29.667  4304  4484 D SoScUtils: monitorTransitionFinished transition:android.os.BinderProxy@fd32250 transaction: android.view.SurfaceControl$Transaction@70e00a mRequestCloseTransition:null mRequestOpenTransition:null mPairsOpenTransition:null mPairsOpenTransitionNull:null mRequestOpenTriggerTask:-1 mRequestCloseTriggerTask:-1 mOrientationTransition: null mMainStartingTask:-1 mSideStartingTask:-1
10-10 15:48:29.671  2042  6982 I Transition: finishTransition: updateLastSurfacePosition tf=Task{31a1bb #6697 type=standard I=com.android.chrome/com.google.android.apps.chrome.IntentDispatcher}
10-10 15:48:29.671  2042  6982 I Transition: finishTransition: updateLastSurfacePosition tf=Task{ac848dc #6565 type=standard A=10172:com.android.chrome}
10-10 15:48:29.675  2042  2692 I SmartPower: eu.europa.ec.euidi/10030(23604): visible->invisible(1822ms) R(become invisible) adj=200.
10-10 15:48:29.675  2042  2692 I SmartPower: eu.europa.ec.euidi/10030(23604): invisible->background(0ms) R(become background) adj=200.
10-10 15:48:29.677  2042  4100 D CompatibilityChangeReporter: Compat change id reported: 214016041; UID 10172; state: ENABLED
10-10 15:48:29.681  4304  4484 D MiuiFullScreenTaskRepository: addOrUpdateFullScreenTaskInfo taskId=6694, topActivity=ComponentInfo{eu.europa.ec.euidi/eu.europa.ec.assemblylogic.ui.MainActivity}
10-10 15:48:29.689  2042  6971 W PackageConfigPersister: App-specific configuration not found for packageName: com.android.chrome and userId: 0
10-10 15:48:29.689  2042  4781 I WindowManager: cancelAnimation removed leash : Surface(name=Surface(name=49d5fba InputMethod#118)/@0xbb23dc8 - animation-leash of insets_animation#15590)/@0xb51da9a
10-10 15:48:29.699  2042  4781 W PresentationStatsEventLogger: Shouldn't be logging AutofillPresentationEventReported again for same event
10-10 15:48:29.702 23604 23604 D ActivityThread: Fail to check app heapsize due to java.lang.NoSuchMethodException: dalvik.system.VMRuntime.getBlockingGcCountForAlloc []
10-10 15:48:29.708  2042  2690 D Aurogon :  uid = 10030 switch to BG
10-10 15:48:29.709  2042  3500 D isUidValid: uid = 10030
10-10 15:48:29.805  2042  4689 D PackageParserImpl: dump dex file,file message: base.vdex: 6501Kb 
10-10 15:48:29.833  4304  4304 D ArtChoreographerMonitor: invoke error.
10-10 15:48:29.897  2042  3095 D PackageParserImpl: dump dex file,file message: base.vdex: 6501Kb 
10-10 15:48:30.029  4304  4304 D ArtChoreographerMonitor: invoke error.
10-10 15:48:30.200  4304  4304 D ArtChoreographerMonitor: invoke error.
10-10 15:48:30.435  2042  4689 D PackageParserImpl: dump dex file,file message: base.vdex: 8311Kb 
10-10 15:48:30.530  2042  4689 D PackageParserImpl: dump dex file,file message: base.vdex: 8311Kb 
10-10 15:48:30.778  2042  4689 D PackageParserImpl: dump dex file,file message: base.vdex: 1832Kb 
10-10 15:48:31.637  2183  2183 I wificond: station_bandwidth: P
10-10 15:48:31.641  2042  4689 D ActivityManager: checkAllowBackground: uid=10163 pkg=com.google.android.gms rec=UidRecord{3efeecd u0a163 BTOP change:procadj procs:0 seq(1334885,1293144)} caps=LCMNFU always=false idle=false
10-10 15:48:31.649  2042  4689 D ActivityManager: checkAllowBackground: uid=10163 pkg=com.google.android.gms rec=UidRecord{3efeecd u0a163 BTOP change:procadj procs:0 seq(1334888,1293144)} caps=LCMNFU always=false idle=false
10-10 15:48:32.242  2042  3095 D PackageParserImpl: dump dex file,file message: base.art: 1752Kb base.odex: 11336Kb base.vdex: 578Kb 
10-10 15:48:32.324  2042  3095 D PackageParserImpl: dump dex file,file message: base.art: 1752Kb base.odex: 11336Kb base.vdex: 578Kb 
10-10 15:48:32.468  2042  3095 D PackageParserImpl: dump dex file,file message: base.art: 1752Kb base.odex: 11336Kb base.vdex: 578Kb 
10-10 15:48:32.565  2042  3095 I ActivityManager: Force stopping eu.europa.ec.euidi appid=10030 user=0: from process:24146
10-10 15:48:32.566  2042  3515 E ProcessManager: error write exception log
10-10 15:48:32.569  2042  3095 I ActivityManager: Killing 23604:eu.europa.ec.euidi/u0a30 (adj 700): stop eu.europa.ec.euidi due to from process:24146
10-10 15:48:32.570  2042  2074 D DisplayManagerService: Drop pending events for gone uid 10030
10-10 15:48:32.571  2042  3095 W ActivityTaskManager: Force removing ActivityRecord{9e47d36 u0 eu.europa.ec.euidi/eu.europa.ec.assemblylogic.ui.MainActivity t6694 f}}: app died, no saved state
10-10 15:48:32.573  2042  3109 W UsageStatsService: Unexpected activity event reported! (eu.europa.ec.euidi/eu.europa.ec.assemblylogic.ui.MainActivity event : 23 instanceId : 81942285)
10-10 15:48:32.583  2042  2693 W ActivityTaskManager: Can't find TaskDisplayArea to determine support for multi window. Task id=6694 attached=false
10-10 15:48:32.584  4304  4484 D MiuiFullScreenTaskRepository: removeFullScreenTask taskId=6694, topActivity=null
10-10 15:48:32.585  2042  3095 I AppsFilter: interaction: PackageSetting{16c90d1 io.appium.uiautomator2.server.test/10767} -> PackageSetting{3f27bff eu.europa.ec.euidi/10030} BLOCKED
10-10 15:48:32.585  4304  4484 D MiuiWindowDecorViewModel: destroyWindowDecoration: taskId=6694, windowingMode=1, mWindowDecorByTaskId.size()=0, callers=com.android.wm.shell.fullscreen.FullscreenTaskListener.onTaskVanished:143 com.android.wm.shell.ShellTaskOrganizer.onTaskVanished:138 android.window.TaskOrganizer$1.lambda$onTaskVanished$5:391 android.window.TaskOrganizer$1.$r8$lambda$cnLAmEuLf_BQ_jFuhQbGGs5ghXo:0 android.window.TaskOrganizer$1$$ExternalSyntheticLambda14.run:4 
10-10 15:48:32.585  2042  3095 I AppsFilter: interaction: PackageSetting{ec33637 com.fido.asm/10104} -> PackageSetting{3f27bff eu.europa.ec.euidi/10030} BLOCKED
10-10 15:48:32.585  2042  3095 I AppsFilter: interaction: PackageSetting{92d07a4 io.appium.uiautomator2.server/10769} -> PackageSetting{3f27bff eu.europa.ec.euidi/10030} BLOCKED
10-10 15:48:32.585  2042  3095 I AppsFilter: interaction: PackageSetting{d58690d io.appium.settings/10611} -> PackageSetting{3f27bff eu.europa.ec.euidi/10030} BLOCKED
10-10 15:48:32.610  2042  3110 D CompatibilityChangeReporter: Compat change id reported: 218533173; UID 10030; state: ENABLED
10-10 15:48:32.610  2042  3110 D CompatibilityChangeReporter: Compat change id reported: 262645982; UID 10030; state: ENABLED
10-10 15:48:32.677  2042  7011 I ActivityManager: clearApplicationUserData eu.europa.ec.euidi appid=10030 user=0 from u2000/24154
10-10 15:48:32.677  2042  7011 I ActivityManager: Force stopping eu.europa.ec.euidi appid=10030 user=0: clear data
10-10 15:48:32.680  2042  7011 I PackageManager: clearApplicationUserData packageName: eu.europa.ec.euidi user: 0 from u1000/2042
10-10 15:48:32.681  2042  2787 I ActivityManager: Force stopping eu.europa.ec.euidi appid=10030 user=-1: clearApplicationUserData
10-10 15:48:32.694  2042  2947 D PermissionManager: writeLegacyPermissionState for user  in 8 ms.
10-10 15:48:32.697  2042  4589 D AutofillSession: handling death of Token{4e2570d ActivityRecord{9e47d36 u0 eu.europa.ec.euidi/eu.europa.ec.assemblylogic.ui.MainActivity t-1 f}}} when saving=false
10-10 15:48:32.698  2042  2692 W ActivityManager: setHasOverlayUi called on unknown pid: 23604
10-10 15:48:32.698  2042  6971 W WindowManager: Cannot find window which accessibility connection is added to
10-10 15:48:32.719  2042  2947 W PackageFreezer: Freeze package eu.europa.ec.euidi about 0.039 seconds for reason: clearApplicationUserData
10-10 15:48:32.719  2042  2947 I AppsFilter: interaction: PackageSetting{16c90d1 io.appium.uiautomator2.server.test/10767} -> PackageSetting{3f27bff eu.europa.ec.euidi/10030} BLOCKED
10-10 15:48:32.719  2042  2947 I AppsFilter: interaction: PackageSetting{ec33637 com.fido.asm/10104} -> PackageSetting{3f27bff eu.europa.ec.euidi/10030} BLOCKED
10-10 15:48:32.719  2042  2947 I AppsFilter: interaction: PackageSetting{92d07a4 io.appium.uiautomator2.server/10769} -> PackageSetting{3f27bff eu.europa.ec.euidi/10030} BLOCKED
10-10 15:48:32.719  2042  2947 I AppsFilter: interaction: PackageSetting{d58690d io.appium.settings/10611} -> PackageSetting{3f27bff eu.europa.ec.euidi/10030} BLOCKED
10-10 15:48:32.720  2042  2947 I AppsFilter: interaction: PackageSetting{16c90d1 io.appium.uiautomator2.server.test/10767} -> PackageSetting{3f27bff eu.europa.ec.euidi/10030} BLOCKED
10-10 15:48:32.720  2042  2947 I AppsFilter: interaction: PackageSetting{ec33637 com.fido.asm/10104} -> PackageSetting{3f27bff eu.europa.ec.euidi/10030} BLOCKED
10-10 15:48:32.720  2042  2947 I AppsFilter: interaction: PackageSetting{92d07a4 io.appium.uiautomator2.server/10769} -> PackageSetting{3f27bff eu.europa.ec.euidi/10030} BLOCKED
10-10 15:48:32.720  2042  2947 I AppsFilter: interaction: PackageSetting{d58690d io.appium.settings/10611} -> PackageSetting{3f27bff eu.europa.ec.euidi/10030} BLOCKED
10-10 15:48:32.732  2042  2947 D ActivityManager: checkAllowBackground: uid=10172 pkg=com.android.chrome rec=UidRecord{22406d2 u0a172 TOP  change:procadj procs:0 seq(1335618,1334202)} caps=LCMNFU always=true idle=false
10-10 15:48:32.732  2042  2947 I ActivityManager: App 10172/com.android.chrome targets O+, restricted
10-10 15:48:32.732  2042  2947 D ActivityManager: checkAllowBackground: uid=10172 pkg=com.android.chrome startMode=2 onallowlist=false onallowlist(ei)=false
10-10 15:48:32.732  2042  2947 D ActivityManager: checkAllowBackground: uid=10164 pkg=com.android.vending rec=UidRecord{aee57a7 u0a164 CEM  bg:+29m48s814ms idle change:procadj procs:0 seq(1335623,1309691)} caps=------ always=true idle=true
10-10 15:48:32.732  2042  2947 I ActivityManager: App 10164/com.android.vending targets O+, restricted
10-10 15:48:32.732  2042  2947 D ActivityManager: checkAllowBackground: uid=10164 pkg=com.android.vending startMode=2 onallowlist=false onallowlist(ei)=true
10-10 15:48:32.732  2042  2947 D ActivityManager: checkAllowBackground: uid=10066 pkg=com.google.android.documentsui rec=UidRecord{cce063c u0a66 CEM  idle change:procadj procs:0 seq(1335655,1324001)} caps=------ always=true idle=true
10-10 15:48:32.732  2042  2947 I ActivityManager: App 10066/com.google.android.documentsui targets O+, restricted
10-10 15:48:32.732  2042  2947 D ActivityManager: checkAllowBackground: uid=10066 pkg=com.google.android.documentsui startMode=2 onallowlist=false onallowlist(ei)=false
10-10 15:48:32.732  2042  2947 D ActivityManager: checkAllowBackground: uid=10163 pkg=com.google.android.gms rec=UidRecord{3efeecd u0a163 BTOP change:procadj procs:0 seq(1335624,1293144)} caps=LCMNFU always=true idle=false
10-10 15:48:32.732  2042  2947 I ActivityManager: App 10163/com.google.android.gms targets O+, restricted
10-10 15:48:32.732  2042  2947 D ActivityManager: checkAllowBackground: uid=10163 pkg=com.google.android.gms startMode=2 onallowlist=true onallowlist(ei)=true
10-10 15:48:32.732  2042  2947 D ActivityManager: checkAllowBackground: uid=10214 pkg=com.google.android.permissioncontroller rec=UidRecord{a354148 u0a214 CEM  bg:+1m32s575ms idle change:procadj procs:0 seq(1335606,447601)} caps=------ always=true idle=true
10-10 15:48:32.732  2042  2947 I ActivityManager: App 10214/com.google.android.permissioncontroller targets O+, restricted
10-10 15:48:32.732  2042  2947 D ActivityManager: checkAllowBackground: uid=10214 pkg=com.google.android.permissioncontroller startMode=2 onallowlist=false onallowlist(ei)=false
10-10 15:48:32.732  2042  2947 D ActivityManager: checkAllowBackground: uid=10214 pkg=com.google.android.permissioncontroller rec=UidRecord{a354148 u0a214 CEM  bg:+1m32s575ms idle change:procadj procs:0 seq(1335606,447601)} caps=------ always=true idle=true
10-10 15:48:32.732  2042  2947 I ActivityManager: App 10214/com.google.android.permissioncontroller targets O+, restricted
10-10 15:48:32.732  2042  2947 D ActivityManager: checkAllowBackground: uid=10214 pkg=com.google.android.permissioncontroller startMode=2 onallowlist=false onallowlist(ei)=false
10-10 15:48:32.732  2042  2947 D ActivityManager: checkAllowBackground: uid=10214 pkg=com.google.android.permissioncontroller rec=UidRecord{a354148 u0a214 CEM  bg:+1m32s575ms idle change:procadj procs:0 seq(1335606,447601)} caps=------ always=true idle=true
10-10 15:48:32.732  2042  2947 I ActivityManager: App 10214/com.google.android.permissioncontroller targets O+, restricted
10-10 15:48:32.732  2042  2947 D ActivityManager: checkAllowBackground: uid=10214 pkg=com.google.android.permissioncontroller startMode=2 onallowlist=false onallowlist(ei)=false
10-10 15:48:32.732  2042  2947 D ActivityManager: checkAllowBackground: uid=10214 pkg=com.google.android.permissioncontroller rec=UidRecord{a354148 u0a214 CEM  bg:+1m32s575ms idle change:procadj procs:0 seq(1335606,447601)} caps=------ always=true idle=true
10-10 15:48:32.732  2042  2947 I ActivityManager: App 10214/com.google.android.permissioncontroller targets O+, restricted
10-10 15:48:32.732  2042  2947 D ActivityManager: checkAllowBackground: uid=10214 pkg=com.google.android.permissioncontroller startMode=2 onallowlist=false onallowlist(ei)=false
10-10 15:48:32.733  2042  2947 D ActivityManager: checkAllowBackground: uid=10214 pkg=com.google.android.permissioncontroller rec=UidRecord{a354148 u0a214 CEM  bg:+1m32s575ms idle change:procadj procs:0 seq(1335606,447601)} caps=------ always=true idle=true
10-10 15:48:32.733  2042  2947 I ActivityManager: App 10214/com.google.android.permissioncontroller targets O+, restricted
10-10 15:48:32.733  2042  2947 D ActivityManager: checkAllowBackground: uid=10214 pkg=com.google.android.permissioncontroller startMode=2 onallowlist=false onallowlist(ei)=false
10-10 15:48:32.733  2042  2947 D ActivityManager: checkAllowBackground: uid=10220 pkg=com.google.android.providers.media.module rec=UidRecord{a6df6e5 u0a220 PER  change:procadj procs:0 seq(1335605,1260)} caps=LCMNFU always=true idle=false
10-10 15:48:32.733  2042  2947 I ActivityManager: App 10220/com.google.android.providers.media.module targets O+, restricted
10-10 15:48:32.733  2042  2947 D ActivityManager: checkAllowBackground: uid=10220 pkg=com.google.android.providers.media.module startMode=2 onallowlist=false onallowlist(ei)=false
10-10 15:48:32.733  2042  2947 D ActivityManager: checkAllowBackground: uid=10081 pkg=com.mi.android.globallauncher rec=UidRecord{83689b1 u0a81 BFGS change:procstate procs:0 seq(1335650,1332914)} caps=---NFU always=true idle=false
10-10 15:48:32.733  2042  2947 I ActivityManager: App 10081/com.mi.android.globallauncher targets O+, restricted
10-10 15:48:32.733  2042  2947 D ActivityManager: checkAllowBackground: uid=10081 pkg=com.mi.android.globallauncher startMode=2 onallowlist=false onallowlist(ei)=false
10-10 15:48:32.733  2042  2947 D ActivityManager: checkAllowBackground: uid=10307 pkg=com.xiaomi.aicr rec=UidRecord{72b77d3 u0a307 FGS  fgServices change:procadj procs:0 seq(1335592,269851)} caps=---NFU always=true idle=false
10-10 15:48:32.733  2042  2947 I ActivityManager: App 10307/com.xiaomi.aicr targets O+, restricted
10-10 15:48:32.733  2042  2947 D ActivityManager: checkAllowBackground: uid=10307 pkg=com.xiaomi.aicr startMode=2 onallowlist=true onallowlist(ei)=true
10-10 15:48:32.733  2042  2947 D ActivityManager: checkAllowBackground: uid=10595 pkg=com.microsoft.windowsintune.companyportal rec=UidRecord{ef0720b u0a595 CEM  bg:+1h41m24s659ms idle change:procadj procs:0 seq(1335587,1238487)} caps=------ always=true idle=true
10-10 15:48:32.733  2042  2947 I ActivityManager: App 10595/com.microsoft.windowsintune.companyportal targets O+, restricted
10-10 15:48:32.733  2042  2947 D ActivityManager: checkAllowBackground: uid=10595 pkg=com.microsoft.windowsintune.companyportal startMode=2 onallowlist=false onallowlist(ei)=false
10-10 15:48:32.746  2042  2787 D ActivityManager: checkAllowBackground: uid=10172 pkg=com.android.chrome rec=UidRecord{22406d2 u0a172 TOP  change:procadj procs:0 seq(1335618,1334202)} caps=LCMNFU always=true idle=false
10-10 15:48:32.746  2042  2787 I ActivityManager: App 10172/com.android.chrome targets O+, restricted
10-10 15:48:32.746  2042  2787 D ActivityManager: checkAllowBackground: uid=10172 pkg=com.android.chrome startMode=2 onallowlist=false onallowlist(ei)=false
10-10 15:48:32.746  8645  9290 W ContextImpl: Calling a method in the system process without a qualified user: android.app.ContextImpl.sendBroadcast:1246 android.content.ContextWrapper.sendBroadcast:520 mb.q.D:34 s2.j.x:27 s2.j.m:0 
10-10 15:48:32.748  2042  2787 D ActivityManager: checkAllowBackground: uid=10163 pkg=com.google.android.gms rec=UidRecord{3efeecd u0a163 BTOP change:procadj procs:0 seq(1335668,1293144)} caps=LCMNFU always=true idle=false
10-10 15:48:32.748  2042  2787 I ActivityManager: App 10163/com.google.android.gms targets O+, restricted
10-10 15:48:32.748  2042  2787 D ActivityManager: checkAllowBackground: uid=10163 pkg=com.google.android.gms startMode=2 onallowlist=true onallowlist(ei)=true
10-10 15:48:32.749  2042  2787 I SmartPower: com.google.android.documentsui/10066(22300): idle->background(48227ms) R(broadcast start Intent { act=android.intent.action.PACKAGE_DATA_CLEARED dat=package: flg=0x5000010 (has extras) }) adj=925.
10-10 15:48:32.749  2042  2787 D ActivityManager: checkAllowBackground: uid=10066 pkg=com.google.android.documentsui rec=UidRecord{cce063c u0a66 CEM  idle change:procadj procs:0 seq(1335655,1324001)} caps=------ always=true idle=true
10-10 15:48:32.749  2042  2787 I ActivityManager: App 10066/com.google.android.documentsui targets O+, restricted
10-10 15:48:32.749  2042  2787 D ActivityManager: checkAllowBackground: uid=10066 pkg=com.google.android.documentsui startMode=2 onallowlist=false onallowlist(ei)=false
10-10 15:48:32.749  2042  2787 D ActivityManager: checkAllowBackground: uid=10164 pkg=com.android.vending rec=UidRecord{aee57a7 u0a164 CEM  bg:+29m48s831ms idle change:procadj procs:0 seq(1335623,1309691)} caps=------ always=true idle=true
10-10 15:48:32.749  2042  2787 I ActivityManager: App 10164/com.android.vending targets O+, restricted
10-10 15:48:32.750  2042  2787 D ActivityManager: checkAllowBackground: uid=10164 pkg=com.android.vending startMode=2 onallowlist=false onallowlist(ei)=true
10-10 15:48:32.750  2042  2787 I SmartPower: com.android.vending:background/10164(22275): idle->background(48222ms) R(broadcast start Intent { act=android.intent.action.PACKAGE_DATA_CLEARED dat=package: flg=0x5000010 (has extras) }) adj=915.
10-10 15:48:32.751  2042  3550 D ActivityManager: checkAllowBackground: uid=10294 pkg=com.google.android.adservices.api rec=UidRecord{78dc3b7 u0a294 BTOP change:procstateprocadj procs:0 seq(1335672,1246334)} caps=---NFU always=true idle=false
10-10 15:48:32.751  2042  3550 I ActivityManager: App 10294/com.google.android.adservices.api targets O+, restricted
10-10 15:48:32.751  2042  3550 D ActivityManager: checkAllowBackground: uid=10294 pkg=com.google.android.adservices.api startMode=2 onallowlist=false onallowlist(ei)=false
10-10 15:48:32.752  2042  2787 D ActivityManager: checkAllowBackground: uid=10214 pkg=com.google.android.permissioncontroller rec=UidRecord{a354148 u0a214 CEM  bg:+1m32s595ms idle change:procadj procs:0 seq(1335606,447601)} caps=------ always=true idle=true
10-10 15:48:32.753  2042  2787 I ActivityManager: App 10214/com.google.android.permissioncontroller targets O+, restricted
10-10 15:48:32.753  2042  2787 D ActivityManager: checkAllowBackground: uid=10214 pkg=com.google.android.permissioncontroller startMode=2 onallowlist=false onallowlist(ei)=false
10-10 15:48:32.753  2042  2787 I SmartPower: com.google.android.permissioncontroller/10214(21951): idle->background(48211ms) R(broadcast start Intent { act=android.intent.action.PACKAGE_DATA_CLEARED dat=package: flg=0x5000010 (has extras) }) adj=915.
10-10 15:48:32.758  2042  7011 D ActivityManager: checkAllowBackground: uid=10163 pkg=com.google.android.gms rec=UidRecord{3efeecd u0a163 BTOP change:procadj procs:0 seq(1335682,1293144)} caps=LCMNFU always=false idle=false
10-10 15:48:32.761  2042  2073 D ActivityManager: checkAllowBackground: uid=10163 pkg=com.google.android.gms rec=UidRecord{3efeecd u0a163 BTOP change:procadj procs:0 seq(1335682,1293144)} caps=LCMNFU always=false idle=false
10-10 15:48:32.765  2042  2787 D ActivityManager: checkAllowBackground: uid=10220 pkg=com.google.android.providers.media.module rec=UidRecord{a6df6e5 u0a220 PER  change:procadj procs:0 seq(1335605,1260)} caps=LCMNFU always=true idle=false
10-10 15:48:32.765  2042  2787 I ActivityManager: App 10220/com.google.android.providers.media.module targets O+, restricted
10-10 15:48:32.765  2042  2787 D ActivityManager: checkAllowBackground: uid=10220 pkg=com.google.android.providers.media.module startMode=2 onallowlist=false onallowlist(ei)=false
10-10 15:48:32.767  2042  4020 D ActivityManager: checkAllowBackground: uid=10220 pkg=com.google.android.providers.media.module rec=UidRecord{a6df6e5 u0a220 PER  change:procadj procs:0 seq(1335685,1260)} caps=LCMNFU always=false idle=false
10-10 15:48:32.768  2042  2073 D ActivityManager: checkAllowBackground: uid=10163 pkg=com.google.android.gms rec=UidRecord{3efeecd u0a163 BTOP change:procadj procs:0 seq(1335686,1293144)} caps=LCMNFU always=false idle=false
10-10 15:48:32.768  2042  2787 D ActivityManager: checkAllowBackground: uid=10081 pkg=com.mi.android.globallauncher rec=UidRecord{83689b1 u0a81 BFGS change:procstate procs:0 seq(1335650,1332914)} caps=---NFU always=true idle=false
10-10 15:48:32.768  2042  2787 I ActivityManager: App 10081/com.mi.android.globallauncher targets O+, restricted
10-10 15:48:32.768  2042  2787 D ActivityManager: checkAllowBackground: uid=10081 pkg=com.mi.android.globallauncher startMode=2 onallowlist=false onallowlist(ei)=false
10-10 15:48:32.769  2042  2787 I SmartPower: com.mi.android.globallauncher/10081(4339): idle->background(9728ms) R(broadcast start Intent { act=android.intent.action.PACKAGE_DATA_CLEARED dat=package: flg=0x5000010 (has extras) }) adj=100.
10-10 15:48:32.773  2042  3500 D GreezeManager:  report signal uid = 10030 pid = 23604is not frozen.
10-10 15:48:32.776  2042  3095 D ActivityManager: checkAllowBackground: uid=10214 pkg=com.google.android.permissioncontroller rec=UidRecord{a354148 u0a214 RCVR bg:+1m32s618ms idle change:uncachedprocstateprocadj procs:0 seq(1335683,447601)} caps=------ always=true idle=true
10-10 15:48:32.776  2042  3095 I ActivityManager: App 10214/com.google.android.permissioncontroller targets O+, restricted
10-10 15:48:32.778  2042  3095 D ActivityManager: checkAllowBackground: uid=10214 pkg=com.google.android.permissioncontroller startMode=2 onallowlist=false onallowlist(ei)=false
10-10 15:48:32.779  2042  4689 D ActivityManager: checkAllowBackground: uid=10163 pkg=com.google.android.gms rec=UidRecord{3efeecd u0a163 BTOP change:procadj procs:0 seq(1335686,1293144)} caps=LCMNFU always=false idle=false
10-10 15:48:32.785  2042  2073 D ActivityManager: checkAllowBackground: uid=10163 pkg=com.google.android.gms rec=UidRecord{3efeecd u0a163 BTOP change:procadj procs:0 seq(1335686,1293144)} caps=LCMNFU always=false idle=false
10-10 15:48:32.785  2042  7011 D ActivityManager: checkAllowBackground: uid=10163 pkg=com.google.android.gms rec=UidRecord{3efeecd u0a163 BTOP change:procadj procs:0 seq(1335686,1293144)} caps=LCMNFU always=false idle=false
10-10 15:48:32.790  2042  2787 D ActivityManager: checkAllowBackground: uid=10307 pkg=com.xiaomi.aicr rec=UidRecord{72b77d3 u0a307 FGS  fgServices change:procadj procs:0 seq(1335592,269851)} caps=---NFU always=true idle=false
10-10 15:48:32.790  2042  2787 I ActivityManager: App 10307/com.xiaomi.aicr targets O+, restricted
10-10 15:48:32.790  2042  2787 D ActivityManager: checkAllowBackground: uid=10307 pkg=com.xiaomi.aicr startMode=2 onallowlist=true onallowlist(ei)=true
10-10 15:48:32.790  2042  2787 I SmartPower: com.xiaomi.aicr:searchDataService/10307(22315): idle->background(48203ms) R(broadcast start Intent { act=android.intent.action.PACKAGE_DATA_CLEARED dat=package: flg=0x5000010 (has extras) }) adj=905.
10-10 15:48:32.793  2042  2073 D ActivityManager: checkAllowBackground: uid=10163 pkg=com.google.android.gms rec=UidRecord{3efeecd u0a163 BTOP change:procadj procs:0 seq(1335708,1293144)} caps=LCMNFU always=false idle=false
10-10 15:48:32.803  2042  7011 D ActivityManager: checkAllowBackground: uid=10163 pkg=com.google.android.gms rec=UidRecord{3efeecd u0a163 BTOP change:procadj procs:0 seq(1335710,1293144)} caps=LCMNFU always=false idle=false
10-10 15:48:32.808  2042  2787 D ActivityManager: checkAllowBackground: uid=10595 pkg=com.microsoft.windowsintune.companyportal rec=UidRecord{ef0720b u0a595 CEM  bg:+1h41m24s734ms idle change:procadj procs:0 seq(1335587,1238487)} caps=------ always=true idle=true
10-10 15:48:32.808  2042  2787 I ActivityManager: App 10595/com.microsoft.windowsintune.companyportal targets O+, restricted
10-10 15:48:32.808  2042  2787 D ActivityManager: checkAllowBackground: uid=10595 pkg=com.microsoft.windowsintune.companyportal startMode=2 onallowlist=false onallowlist(ei)=false
10-10 15:48:32.818  2042  2787 D ActivityManager: checkAllowBackground: uid=10294 pkg=com.google.android.adservices.api rec=UidRecord{78dc3b7 u0a294 BTOP change:procstateprocadj procs:0 seq(1335699,1246334)} caps=---NFU always=true idle=false
10-10 15:48:32.818  2042  2787 I ActivityManager: App 10294/com.google.android.adservices.api targets O+, restricted
10-10 15:48:32.818  2042  2787 D ActivityManager: checkAllowBackground: uid=10294 pkg=com.google.android.adservices.api startMode=2 onallowlist=false onallowlist(ei)=false
10-10 15:48:32.820  2042  2072 D ActivityManager: checkAllowBackground: uid=10214 pkg=com.google.android.permissioncontroller rec=UidRecord{a354148 u0a214 RCVR bg:+1m32s662ms idle change:uncachedprocstateprocadj procs:0 seq(1335683,447601)} caps=------ always=true idle=true
10-10 15:48:32.820  2042  2072 I ActivityManager: App 10214/com.google.android.permissioncontroller targets O+, restricted
10-10 15:48:32.820  2042  2072 D ActivityManager: checkAllowBackground: uid=10214 pkg=com.google.android.permissioncontroller startMode=2 onallowlist=false onallowlist(ei)=false
10-10 15:48:32.824  2042  7011 D PackageParserImpl: dump dex file,file message: base.art: 1752Kb base.odex: 11336Kb base.vdex: 578Kb 
10-10 15:48:32.833  2042  7011 D ActivityManager: checkAllowBackground: uid=10214 pkg=com.google.android.permissioncontroller rec=UidRecord{a354148 u0a214 RCVR bg:+1m32s676ms idle change:uncachedprocstateprocadj procs:0 seq(1335683,447601)} caps=------ always=true idle=true
10-10 15:48:32.833  2042  7011 I ActivityManager: App 10214/com.google.android.permissioncontroller targets O+, restricted
10-10 15:48:32.833  2042  7011 D ActivityManager: checkAllowBackground: uid=10214 pkg=com.google.android.permissioncontroller startMode=2 onallowlist=false onallowlist(ei)=false
10-10 15:48:32.839  2042  2072 D ActivityManager: checkAllowBackground: uid=10214 pkg=com.google.android.permissioncontroller rec=UidRecord{a354148 u0a214 RCVR bg:+1m32s682ms idle change:uncachedprocstateprocadj procs:0 seq(1335683,447601)} caps=------ always=true idle=true
10-10 15:48:32.839  2042  2072 I ActivityManager: App 10214/com.google.android.permissioncontroller targets O+, restricted
10-10 15:48:32.839  2042  2072 D ActivityManager: checkAllowBackground: uid=10214 pkg=com.google.android.permissioncontroller startMode=2 onallowlist=false onallowlist(ei)=false
10-10 15:48:33.122  2042  7011 I PowerManagerServiceImpl: Release wakelock: SCREEN_DIM_WAKE_LOCK           'UiAutomator2:ScreenKeeper' DISABLED ACQ=-48s409ms (uid=10769 pid=23530 pkg=io.appium.uiautomator2.server)
10-10 15:48:33.234  2042  2787 I SmartPower: com.mi.globalminusscreen/10308(27384): idle->background(10184ms) R(broadcast start Intent { act=android.intent.action.PACKAGE_DATA_CLEARED dat=package: flg=0x5000010 (has extras) }) adj=100.
10-10 15:48:33.728  2042  7011 W WindowMagnificationMgr: requestConnection duplicated request: connect=false, mConnectionState=DISCONNECTED
10-10 15:48:33.728  2042  7011 D AccessibilityManagerService: restoreCurrentUserForTestAutomationIfNeededLocked(): ignoring because device doesn't support visible background users
10-10 15:48:33.734  2042  3095 I ActivityManager: Force stopping io.appium.uiautomator2.server appid=10769 user=0: finished inst
10-10 15:48:33.736  2042  3095 E ActivityManager: Unable to freeze binder for 23530: -11
10-10 15:48:33.737  2042  9053 D WindowManagerService: setAnimationScale which = 2, scale = 0.0, pid = 23512, uid = 2000, nameForUid = android.uid.shell:2000, nameByPid = null
10-10 15:48:33.739  2042  2692 D SettingsProvider: name:animator_duration_scale has changed to 0.0, because android android.provider.Settings$Global.putStringForUser:17088 android.provider.Settings$Global.putString:16942 android.provider.Settings$Global.putFloat:17294 com.android.server.wm.WindowManagerService$H.handleMessage:6189 android.os.Handler.dispatchMessage:106 android.os.Looper.loopOnce:222 android.os.Looper.loop:314 android.os.HandlerThread.run:67 com.android.server.ServiceThread.run:46 <bottom of call stack> 
10-10 15:48:33.739  2042  3515 E ProcessManager: error write exception log
10-10 15:48:33.739  2042  2692 D SettingsProvider: name:animator_duration_scale has changed to 0.0, because android android.provider.Settings$NameValueCache.putStringForUser:3162 android.provider.Settings$Global.putStringForUser:17104 android.provider.Settings$Global.putString:16942 android.provider.Settings$Global.putFloat:17294 com.android.server.wm.WindowManagerService$H.handleMessage:6189 android.os.Handler.dispatchMessage:106 android.os.Looper.loopOnce:222 android.os.Looper.loop:314 android.os.HandlerThread.run:67 com.android.server.ServiceThread.run:46 
10-10 15:48:33.741  2042  3095 I ActivityManager: Killing 23530:io.appium.uiautomator2.server/u0a769 (adj 0): stop io.appium.uiautomator2.server due to finished inst
10-10 15:48:33.742  2042  2074 D DisplayManagerService: Drop pending events for gone uid 10769
10-10 15:48:33.756  2042  3173 W WindowManager: Cannot find window which accessibility connection is added to
10-10 15:48:33.757  2042  2042 D BatterySaverPolicy: accessibility changed to false, updating policy.
10-10 15:48:33.774  2042  6981 I WakePathChecker: MIUILOG-WAKEPATH pushWakePathWhiteList: userId=0 size=7
10-10 15:48:33.945  2042  3500 D GreezeManager:  report signal uid = 10769 pid = 23530is not frozen.
10-10 15:48:34.218  2042  6981 I ActivityManager: Force stopping io.appium.uiautomator2.server.test appid=10767 user=0: from process:24232
10-10 15:48:34.221  2042  6981 I AppsFilter: interaction: PackageSetting{ec33637 com.fido.asm/10104} -> PackageSetting{16c90d1 io.appium.uiautomator2.server.test/10767} BLOCKED
10-10 15:48:34.221  2042  6981 I AppsFilter: interaction: PackageSetting{d58690d io.appium.settings/10611} -> PackageSetting{16c90d1 io.appium.uiautomator2.server.test/10767} BLOCKED
10-10 15:48:34.482  2042  4541 D WindowManagerService: setAnimationScale which = 2, scale = 0.0, pid = 24235, uid = 2000, nameForUid = android.uid.shell:2000, nameByPid = null
10-10 15:48:34.482  2042  2692 D SettingsProvider: name:animator_duration_scale has changed to 0.0, because android android.provider.Settings$Global.putStringForUser:17088 android.provider.Settings$Global.putString:16942 android.provider.Settings$Global.putFloat:17294 com.android.server.wm.WindowManagerService$H.handleMessage:6189 android.os.Handler.dispatchMessage:106 android.os.Looper.loopOnce:222 android.os.Looper.loop:314 android.os.HandlerThread.run:67 com.android.server.ServiceThread.run:46 <bottom of call stack> 
10-10 15:48:34.482  2042  2692 D SettingsProvider: name:animator_duration_scale has changed to 0.0, because android android.provider.Settings$NameValueCache.putStringForUser:3162 android.provider.Settings$Global.putStringForUser:17104 android.provider.Settings$Global.putString:16942 android.provider.Settings$Global.putFloat:17294 com.android.server.wm.WindowManagerService$H.handleMessage:6189 android.os.Handler.dispatchMessage:106 android.os.Looper.loopOnce:222 android.os.Looper.loop:314 android.os.HandlerThread.run:67 com.android.server.ServiceThread.run:46 
10-10 15:48:34.482  2042  2692 D SettingsProvider: name:animator_duration_scale has changed to 0.0, because android android.provider.Settings$Global.putStringForUser:17088 android.provider.Settings$Global.putString:16942 android.provider.Settings$Global.putFloat:17294 com.android.server.wm.WindowManagerService$H.handleMessage:6189 android.os.Handler.dispatchMessage:106 android.os.Looper.loopOnce:222 android.os.Looper.loop:314 android.os.HandlerThread.run:67 com.android.server.ServiceThread.run:46 <bottom of call stack> 
10-10 15:48:34.482  2042  2692 D SettingsProvider: name:animator_duration_scale has changed to 0.0, because android android.provider.Settings$NameValueCache.putStringForUser:3162 android.provider.Settings$Global.putStringForUser:17104 android.provider.Settings$Global.putString:16942 android.provider.Settings$Global.putFloat:17294 com.android.server.wm.WindowManagerService$H.handleMessage:6189 android.os.Handler.dispatchMessage:106 android.os.Looper.loopOnce:222 android.os.Looper.loop:314 android.os.HandlerThread.run:67 com.android.server.ServiceThread.run:46 
10-10 15:48:34.483  2042  2692 D SettingsProvider: name:animator_duration_scale has changed to 0.0, because android android.provider.Settings$Global.putStringForUser:17088 android.provider.Settings$Global.putString:16942 android.provider.Settings$Global.putFloat:17294 com.android.server.wm.WindowManagerService$H.handleMessage:6189 android.os.Handler.dispatchMessage:106 android.os.Looper.loopOnce:222 android.os.Looper.loop:314 android.os.HandlerThread.run:67 com.android.server.ServiceThread.run:46 <bottom of call stack> 
10-10 15:48:34.483  2042  2692 D SettingsProvider: name:animator_duration_scale has changed to 0.0, because android android.provider.Settings$NameValueCache.putStringForUser:3162 android.provider.Settings$Global.putStringForUser:17104 android.provider.Settings$Global.putString:16942 android.provider.Settings$Global.putFloat:17294 com.android.server.wm.WindowManagerService$H.handleMessage:6189 android.os.Handler.dispatchMessage:106 android.os.Looper.loopOnce:222 android.os.Looper.loop:314 android.os.HandlerThread.run:67 com.android.server.ServiceThread.run:46 
10-10 15:48:34.483  2042  4541 I ActivityManager: Force stopping io.appium.uiautomator2.server appid=10769 user=0: start instr
10-10 15:48:34.490  2042  4541 D CompatibilityChangeReporter: Compat change id reported: 135634846; UID 10769; state: DISABLED
10-10 15:48:34.491  2042  4541 D CompatibilityChangeReporter: Compat change id reported: 177438394; UID 10769; state: DISABLED
10-10 15:48:34.491  2042  4541 D CompatibilityChangeReporter: Compat change id reported: 135772972; UID 10769; state: DISABLED
10-10 15:48:34.491  2042  4541 D CompatibilityChangeReporter: Compat change id reported: 135754954; UID 10769; state: ENABLED
10-10 15:48:34.492  2042  2788 D CompatibilityChangeReporter: Compat change id reported: 143937733; UID 10769; state: ENABLED
10-10 15:48:34.498  2042  3110 D CompatibilityChangeReporter: Compat change id reported: 265195908; UID 10769; state: ENABLED
10-10 15:48:34.502  2042  2788 I ActivityManager: Start proc 24246:io.appium.uiautomator2.server/u0a769 for added application io.appium.uiautomator2.server caller=android
10-10 15:48:34.552  2042  4541 I SmartPower: io.appium.uiautomator2.server/10769(24246): died->background(813ms) R(process start ) adj=-10000.
10-10 15:48:34.553  2042  4541 D CompatibilityChangeReporter: Compat change id reported: 168419799; UID 10769; state: DISABLED
10-10 15:48:34.553  2042  4541 D CompatibilityChangeReporter: Compat change id reported: 273564678; UID 10769; state: DISABLED
10-10 15:48:34.557  2042  3500 D isUidValid: uid = 10769
10-10 15:48:34.576  2042  4541 D CompatibilityChangeReporter: Compat change id reported: 170503758; UID 10769; state: DISABLED
10-10 15:48:34.650  2183  2183 I wificond: station_bandwidth: P
10-10 15:48:34.686  2042  6981 I ActivityManager: Flag disabled. Ignoring finishAttachApplication from uid: 10769. pid: 24246
10-10 15:48:34.700  2042  6981 D CompatibilityChangeReporter: Compat change id reported: 161145287; UID 10769; state: DISABLED
10-10 15:48:34.922  2042  6981 I WakePathChecker: MIUILOG-WAKEPATH pushWakePathWhiteList: userId=0 size=7
10-10 15:48:35.750  2042  3524 I SmartPower: com.google.android.documentsui/10066(22300): background->idle(3002ms) R(broadcast start Intent { act=android.intent.action.PACKAGE_DATA_CLEARED dat=package: flg=0x5000010 (has extras) }) adj=925.
10-10 15:48:35.750  2042  3524 I SmartPower: com.android.vending:background/10164(22275): background->idle(3000ms) R(broadcast start Intent { act=android.intent.action.PACKAGE_DATA_CLEARED dat=package: flg=0x5000010 (has extras) }) adj=905.
10-10 15:48:35.753  2042  3524 I SmartPower: com.google.android.permissioncontroller/10214(21951): background->idle(3000ms) R(broadcast start Intent { act=android.intent.action.PACKAGE_DATA_CLEARED dat=package: flg=0x5000010 (has extras) }) adj=905.
10-10 15:48:35.769  2042  3524 I SmartPower: com.mi.android.globallauncher/10081(4339): background->idle(3000ms) R(broadcast start Intent { act=android.intent.action.PACKAGE_DATA_CLEARED dat=package: flg=0x5000010 (has extras) }) adj=100.
10-10 15:48:35.791  2042  3524 I SmartPower: com.xiaomi.aicr:searchDataService/10307(22315): background->idle(3001ms) R(broadcast start Intent { act=android.intent.action.PACKAGE_DATA_CLEARED dat=package: flg=0x5000010 (has extras) }) adj=905.
10-10 15:48:35.876  2042  4541 D AccessibilityManagerService: changeCurrentUserForTestAutomationIfNeededLocked(0): ignoring because device doesn't support visible background users
10-10 15:48:35.876  2042  4541 I UiAutomationManager: Registering UiTestAutomationService (id=com.android.server.accessibility/UiAutomation) when called by user 0
10-10 15:48:35.881  2042  4541 W WindowMagnificationMgr: requestConnection duplicated request: connect=false, mConnectionState=DISCONNECTED
10-10 15:48:35.889  2042  6981 W WindowMagnificationMgr: requestConnection duplicated request: connect=false, mConnectionState=DISCONNECTED
10-10 15:48:35.899  2042  2073 I PowerManagerServiceImpl: Acquire wakelock: SCREEN_DIM_WAKE_LOCK           'UiAutomator2:ScreenKeeper' (uid=10769 pid=24246 pkg=io.appium.uiautomator2.server)
10-10 15:48:35.910  2042  2042 D BatterySaverPolicy: accessibility changed to true, updating policy.
10-10 15:48:35.910  2042  3173 W WindowManager: Cannot find window which accessibility connection is added to
10-10 15:48:36.235  2042  3524 I SmartPower: com.mi.globalminusscreen/10308(27384): background->idle(3000ms) R(broadcast start Intent { act=android.intent.action.PACKAGE_DATA_CLEARED dat=package: flg=0x5000010 (has extras) }) adj=100.
10-10 15:48:36.344  2042  4541 W WindowMagnificationMgr: requestConnection duplicated request: connect=false, mConnectionState=DISCONNECTED
10-10 15:48:36.548  2042  4541 I ActivityManager: Force stopping eu.europa.ec.euidi appid=10030 user=0: from process:24276
10-10 15:48:36.551  2042  4541 I AppsFilter: interaction: PackageSetting{16c90d1 io.appium.uiautomator2.server.test/10767} -> PackageSetting{3f27bff eu.europa.ec.euidi/10030} BLOCKED
10-10 15:48:36.551  2042  4541 I AppsFilter: interaction: PackageSetting{ec33637 com.fido.asm/10104} -> PackageSetting{3f27bff eu.europa.ec.euidi/10030} BLOCKED
10-10 15:48:36.551  2042  4541 I AppsFilter: interaction: PackageSetting{92d07a4 io.appium.uiautomator2.server/10769} -> PackageSetting{3f27bff eu.europa.ec.euidi/10030} BLOCKED
10-10 15:48:36.551  2042  4541 I AppsFilter: interaction: PackageSetting{d58690d io.appium.settings/10611} -> PackageSetting{3f27bff eu.europa.ec.euidi/10030} BLOCKED
10-10 15:48:36.802  2042  4541 W ActivityTaskManager: callingPackage for (uid=2000, pid=24276) has no WPC
10-10 15:48:36.804  2042  4541 D WindowManager: Collecting in transition 756: ActivityRecord{9349ddd u0 eu.europa.ec.euidi/eu.europa.ec.assemblylogic.ui.MainActivity init visibleRequested:false
10-10 15:48:36.805  2042  4541 I WindowManager: When perf version lower than 2.3, MiGTStub result: false, gameType: 1, packageName: eu.europa.ec.euidi
10-10 15:48:36.806  2042  4541 D MiuiFreeFormManagerService: activeOrFullscreenFreeformTaskIfNeed startDefaultAr:true
10-10 15:48:36.809  2042  4541 D WindowManager: setLockTaskAuth: task=Task{141c823 #6698 type=standard A=10030:eu.europa.ec.euidi} mLockTaskAuth=LOCK_TASK_AUTH_PINNABLE
10-10 15:48:36.809  2042  4541 D WindowManager: Collecting in transition 756: Task{141c823 #6698 type=standard A=10030:eu.europa.ec.euidi} init visibleRequested:false
10-10 15:48:36.808  4304  4484 D OneHandedController: stopOneHanded state is 0
10-10 15:48:36.810  2042  4541 D CompatibilityChangeReporter: Compat change id reported: 184838306; UID 10030; state: DISABLED
10-10 15:48:36.810  2042  4541 D CompatibilityChangeReporter: Compat change id reported: 185004937; UID 10030; state: DISABLED
10-10 15:48:36.811  2042  4541 D WindowManager: setLockTaskAuth: task=Task{141c823 #6698 type=standard A=10030:eu.europa.ec.euidi} mLockTaskAuth=LOCK_TASK_AUTH_PINNABLE
10-10 15:48:36.811  2042  4541 D MiuiFreeFormManagerService: onStartActivityInner as = Task{141c823 #6698 type=standard A=10030:eu.europa.ec.euidi} op = null
10-10 15:48:36.812  2042  4541 D ActivityTaskManager: Task#startActivityLocked isOrhasTask=true newTask=true
10-10 15:48:36.813  2042  4541 D CompatibilityChangeReporter: Compat change id reported: 205907456; UID 10030; state: ENABLED
10-10 15:48:36.815  2042  4541 D WindowManager: Collecting in transition 756: ActivityRecord{9349ddd u0 eu.europa.ec.euidi/eu.europa.ec.assemblylogic.ui.MainActivity t6698} init visibleRequested:false
10-10 15:48:36.815  2042  4541 D WindowManager: Requesting StartTransition: TransitionRecord{2975c9e id=756 type=OPEN flags=0x0}
10-10 15:48:36.815  2042  4541 I ActivityTaskManager: START u0 {act=android.intent.action.MAIN cat=[android.intent.category.LAUNCHER] flg=0x10200000 cmp=eu.europa.ec.euidi/eu.europa.ec.assemblylogic.ui.MainActivity} with LAUNCH_SINGLE_TASK from uid 2000 from pid 24276 callingPackage com.android.shell (BAL_ALLOW_PERMISSION) result code=0
10-10 15:48:36.817  4304  4484 I SoScUtils: monitorTransitionRequest mRequestOpenTransition:null mRequestOpenTriggerTask:-1 mRequestCloseTransition:null mRequestCloseTriggerTask:-1 mRequestCloseStageType:-1
10-10 15:48:36.818  2042  4020 D WindowManager: Set transition=TransitionRecord{2975c9e id=756 type=OPEN flags=0x0}, ready=false, SyncId=756 used=true, override=false, defer=0, states=Display{#0 state=ON size=1080x2400 ROTATION_0}:false
10-10 15:48:36.818  4304  4484 D OneHandedController: stopOneHanded state is 0
10-10 15:48:36.820  2042  2692 D CompatibilityChangeReporter: Compat change id reported: 135634846; UID 10030; state: DISABLED
10-10 15:48:36.820  2042  2692 D CompatibilityChangeReporter: Compat change id reported: 177438394; UID 10030; state: DISABLED
10-10 15:48:36.820  2042  2692 D CompatibilityChangeReporter: Compat change id reported: 135772972; UID 10030; state: DISABLED
10-10 15:48:36.820  2042  2692 D CompatibilityChangeReporter: Compat change id reported: 135754954; UID 10030; state: ENABLED
10-10 15:48:36.820  4304  4575 D TaskSnapshot_Helper: SYS is normal.
10-10 15:48:36.821  2042  2788 D CompatibilityChangeReporter: Compat change id reported: 143937733; UID 10030; state: ENABLED
10-10 15:48:36.824  4304  4484 D OneHandedController: stopOneHanded state is 0
10-10 15:48:36.829  4304  4572 D ArtChoreographerMonitor: invoke error.
10-10 15:48:36.838  2042  2788 I ActivityManager: Start proc 24280:eu.europa.ec.euidi/u0a30 for next-top-activity {eu.europa.ec.euidi/eu.europa.ec.assemblylogic.ui.MainActivity} caller=com.android.shell
10-10 15:48:36.840  2042 24281 W ContextImpl: Calling a method in the system process without a qualified user: android.app.ContextImpl.sendBroadcast:1231 com.qualcomm.qti.Performance$SendGameLaunchBroadcast.run:251 java.lang.Thread.run:1119 <bottom of call stack> <bottom of call stack> 
10-10 15:48:36.841  2042  4020 D WindowManager: Collecting in transition 756: ActivityRecord{9349ddd u0 eu.europa.ec.euidi/eu.europa.ec.assemblylogic.ui.MainActivity t6698} init visibleRequested:false
10-10 15:48:36.842  2042  4020 D WindowManager: Collecting in transition 756: ActivityRecord{f2f67ae u0 com.android.chrome/org.chromium.chrome.browser.ChromeTabbedActivity t6565} init visibleRequested:true
10-10 15:48:36.846  2042  2693 D WindowManager: wms.Focus not requested for window=Window{13dfb59 u0 com.android.chrome/org.chromium.chrome.browser.ChromeTabbedActivity} because it has no surface or is not focusable.
10-10 15:48:36.849  2042  4020 W AutofillManagerServiceImpl: getFillEventHistory() called by UID 10273, but service UID is 10163
10-10 15:48:36.854  2042  6991 D CoreBackPreview: Window{d32ab95 u0 Splash Screen eu.europa.ec.euidi}: Setting back callback OnBackInvokedCallbackInfo{mCallback=android.window.IOnBackInvokedCallback$Stub$Proxy@3c3a377, mPriority=0, mIsAnimationCallback=false}
10-10 15:48:36.866  2042  7011 D WindowManager: wms.Input focus has changed to null display=0 updateInputWindows = true
10-10 15:48:36.866  2042  7011 I MultiSenceManagerInternalStub: getInstance
10-10 15:48:36.874  2042  6991 I SmartPower: eu.europa.ec.euidi/10030(24280): died->invisible(4306ms) R(process start ) adj=-10000.
10-10 15:48:36.875  2042  6991 W MiuiBoosterUtils: enable_miuibooster_launch : false
10-10 15:48:36.876  2042  6991 D WindowManager: Collecting in transition 756: ActivityRecord{9349ddd u0 eu.europa.ec.euidi/eu.europa.ec.assemblylogic.ui.MainActivity t6698} init visibleRequested:true
10-10 15:48:36.877  2042  6991 D WindowManagerService: checkFlipFullScreenChange is same, nowIsFullScreen = false
10-10 15:48:36.878  2042  6991 D WindowManager: Collecting in transition 756: ActivityRecord{9349ddd u0 eu.europa.ec.euidi/eu.europa.ec.assemblylogic.ui.MainActivity t6698} init visibleRequested:true
10-10 15:48:36.879  2042  6991 D WindowManager: Set transition=TransitionRecord{2975c9e id=756 type=OPEN flags=0x0}, ready=true, SyncId=756 
10-10 15:48:36.882  2042  2690 D Aurogon :  uid = 10030 switch to FG
10-10 15:48:36.883  2042  2693 I BLASTSyncEngine: SyncGroup 756:  Unfinished container:ActivityRecord{9349ddd u0 eu.europa.ec.euidi/eu.europa.ec.assemblylogic.ui.MainActivity t6698}
10-10 15:48:36.883  2042  2693 I BLASTSyncEngine: isActivitySyncFinished isSyncFinished false ActivityRecord{9349ddd u0 eu.europa.ec.euidi/eu.europa.ec.assemblylogic.ui.MainActivity t6698}
10-10 15:48:36.884  4304  4484 D MiuiFullScreenTaskRepository: removeFocusedTask displayId=0
10-10 15:48:36.884  4304  4484 D MiuiFullScreenTaskRepository: addOrUpdateFullScreenTaskInfo taskId=6565, topActivity=ComponentInfo{com.android.chrome/org.chromium.chrome.browser.ChromeTabbedActivity}
10-10 15:48:36.885  2042  2693 D WindowManager: Set transition=TransitionRecord{2975c9e id=756 type=OPEN flags=0x0}, ready=true, SyncId=756 
