10-10 16:01:16.953  2042  6982 D ActivityManager: checkAllowBackground: uid=10163 pkg=com.google.android.gms rec=UidRecord{3efeecd u0a163 BTOP change:procadj procs:0 seq(1381086,1293144)} caps=LCMNFU always=false idle=false
10-10 16:01:16.961  4304  4484 D MiuiFreeformModeController: avoidForInsetsBottomChangedIfNeed oldMoveableBottom: 2270 newMoveableBounds: 2270
10-10 16:01:16.974  4304  4484 D MiuiFreeformModeController: avoidForInsetsBottomChangedIfNeed oldMoveableBottom: 2270 newMoveableBounds: 2270
10-10 16:01:16.981  2042  6982 D WindowManager: wms.finishDrawingLocked: mDrawState=COMMIT_DRAW_PENDING Window{49d5fba u0 InputMethod} in Surface(name=InputMethod#16655)/@0xd234f89
10-10 16:01:16.983  2042  2693 I ImeInsetsSourceProvider: ImeInsetsSourceProvider.scheduleShowImePostLayout() Run showImeRunner.
10-10 16:01:16.983  2042  2693 I ImeInsetsSourceProvider: ImeInsetsSourceProvider.scheduleShowImePostLayout() isReadyToShowIme.
10-10 16:01:16.988  2042  6981 I InputMethodManagerService: IMMS.applyImeVisibility(), setVisible = true, mCurclient = ClientState{c28f9c5 mUid=10172 mPid=25786 mSelfReportedDisplayId=0}
10-10 16:01:16.988  4304  4484 D MiuiFreeformModeController: avoidForInsetsBottomChangedIfNeed oldMoveableBottom: 2270 newMoveableBounds: 2270
10-10 16:01:16.989  4304  4484 D ImePositionProcessor: onImeVisibilityChanged     isShowing:  true
10-10 16:01:16.989  2042  6999 I WindowManager: cancelAnimation removed leash : Surface(name=Surface(name=d968687 NavigationBar0#90)/@0x2f479dd - animation-leash of insets_animation#16654)/@0x9df1db
10-10 16:01:16.990  2042  2693 I WindowManager: wms.showSurfaceRobustly mWin:Window{49d5fba u0 InputMethod}
10-10 16:01:16.990  4304  4484 D MiuiFreeformModeController: onImeVisibilityChanged imeVisible: true imeHeight: 701 adjustedForRotation:false
10-10 16:01:16.991  4304  4484 D MiuiFreeformModeAvoidAlgorithm: begin autoOrderingAvoidMiniTask
10-10 16:01:16.991  4304  4484 D MiuiFreeformModeAvoidAlgorithm: getCurrMiniPos: SameSideMiniPosList: []
10-10 16:01:16.991  4304  4484 D MiuiFreeformModeAvoidAlgorithm: getCurrMiniPos: SameSideMiniPosList: []
10-10 16:01:16.991  4304  4484 D MiuiFreeformModeAvoidAlgorithm: end autoOrderingAvoidMiniTask res:AvoidResult{distance=0, combination={}, activeTaskPos=Rect(0, 0 - 0, 0)}
10-10 16:01:16.993  2042  2693 I WindowManager: input method visible height changed 701
10-10 16:01:16.993  2042  3126 I ITouchFeature: current device and process support version:2
10-10 16:01:16.996  2042  6981 I WindowManager: WMS.showImePostLayout(), imeTarget = Window{13dfb59 u0 com.android.chrome/org.chromium.chrome.browser.ChromeTabbedActivity}
10-10 16:01:16.999  2042  2693 I ImeInsetsSourceProvider: ImeInsetsSourceProvider.scheduleShowImePostLayout() Run showImeRunner.
10-10 16:01:16.999  2042  2693 I ImeInsetsSourceProvider: ImeInsetsSourceProvider.scheduleShowImePostLayout() isReadyToShowIme.
10-10 16:01:17.009  4304  4304 D ArtChoreographerMonitor: invoke error.
10-10 16:01:17.012  4304  4484 D OneHandedController: stopOneHanded state is 0
10-10 16:01:17.181  4304  4304 D ArtChoreographerMonitor: invoke error.
10-10 16:01:17.674  2042  9046 D WindowManagerService: checkFlipFullScreenChange is same, nowIsFullScreen = false
10-10 16:01:17.690  2042  9046 D WindowManagerService: checkFlipFullScreenChange is same, nowIsFullScreen = false
10-10 16:01:17.818  2042  9046 W MIUIInput: Input event injection from package: null action ACTION_DOWN
10-10 16:01:17.820  2042  3516 I ProcessManager: getRenderThreadTidByPid, caller=2042
10-10 16:01:17.822  2042  6999 W MIUIInput: Input event injection from package: null action ACTION_UP
10-10 16:01:17.904  2042  6981 I InputMethodManagerService: IMMS.applyImeVisibility(), setVisible = false, mCurclient = ClientState{c28f9c5 mUid=10172 mPid=25786 mSelfReportedDisplayId=0}
10-10 16:01:17.907  4304  4304 D ArtChoreographerMonitor: invoke error.
10-10 16:01:17.909  2042  6999 W PackageConfigPersister: App-specific configuration not found for packageName: com.android.chrome and userId: 0
10-10 16:01:17.932  2042  6999 I WindowManager: cancelAnimation removed leash : Surface(name=Surface(name=704023a StatusBar#94)/@0xa8be448 - animation-leash of insets_animation#16642)/@0x72bfba6
10-10 16:01:17.934  2042  6999 D WindowManager: wms.Input focus has changed to Window{d845ba8 u0 com.android.chrome/org.chromium.chrome.browser.ChromeTabbedActivity} display=0 updateInputWindows = false
10-10 16:01:17.934  2042  6999 I MultiSenceManagerInternalStub: getInstance
10-10 16:01:17.938  2042  2693 D WindowManager: wms.Focus not requested for window=Window{d845ba8 u0 com.android.chrome/org.chromium.chrome.browser.ChromeTabbedActivity} because it has no surface or is not focusable.
10-10 16:01:17.947  2042  6999 D CoreBackPreview: Window{d845ba8 u0 com.android.chrome/org.chromium.chrome.browser.ChromeTabbedActivity}: Setting back callback OnBackInvokedCallbackInfo{mCallback=android.window.IOnBackInvokedCallback$Stub$Proxy@f625af2, mPriority=-1, mIsAnimationCallback=false}
10-10 16:01:17.947  2042  6999 D PerfShielderService: com.android.chrome|com.android.chrome/org.chromium.chrome.browser.ChromeTabbedActivity|82|69931391286707|82|0|1
10-10 16:01:17.947  6649 24736 W MiuiPerfServiceClient: interceptAndQueuing:25786|com.android.chrome|82|82|69931391286707|Slow main thread|1
10-10 16:01:17.982  2042  6999 D WindowManager: wms.finishDrawingLocked: mDrawState=COMMIT_DRAW_PENDING Window{d845ba8 u0 com.android.chrome/org.chromium.chrome.browser.ChromeTabbedActivity} in Surface(name=com.android.chrome/org.chromium.chrome.browser.ChromeTabbedActivity#16658)/@0xdc2a543
10-10 16:01:17.994  2042  2693 I WindowManager: wms.showSurfaceRobustly mWin:Window{d845ba8 u0 com.android.chrome/org.chromium.chrome.browser.ChromeTabbedActivity}
10-10 16:01:17.999  4304  4484 D MiuiFreeformModeController: avoidForInsetsBottomChangedIfNeed oldMoveableBottom: 2270 newMoveableBounds: 2270
10-10 16:01:17.999  4304  4484 D ImePositionProcessor: onImeVisibilityChanged     isShowing:  false
10-10 16:01:18.002  2042  4541 D CoreBackPreview: Window{13dfb59 u0 com.android.chrome/org.chromium.chrome.browser.ChromeTabbedActivity}: Setting back callback OnBackInvokedCallbackInfo{mCallback=android.window.IOnBackInvokedCallback$Stub$Proxy@ac38d16, mPriority=0, mIsAnimationCallback=true}
10-10 16:01:18.006  2042  2692 I WindowManager: input method visible height changed 0
10-10 16:01:18.006  4304  4484 D MiuiFreeformModeController: onImeVisibilityChanged imeVisible: false imeHeight: 0 adjustedForRotation:false
10-10 16:01:18.006  4304  4484 D MiuiFreeformModeAvoidAlgorithm: begin autoOrderingAvoidMiniTask
10-10 16:01:18.006  4304  4484 D MiuiFreeformModeAvoidAlgorithm: getCurrMiniPos: SameSideMiniPosList: []
10-10 16:01:18.006  4304  4484 D MiuiFreeformModeAvoidAlgorithm: getCurrMiniPos: SameSideMiniPosList: []
10-10 16:01:18.006  4304  4484 D MiuiFreeformModeAvoidAlgorithm: end autoOrderingAvoidMiniTask res:AvoidResult{distance=0, combination={}, activeTaskPos=Rect(0, 0 - 0, 0)}
10-10 16:01:18.007  2042  3126 I ITouchFeature: current device and process support version:2
10-10 16:01:18.191  4304  4304 D ArtChoreographerMonitor: invoke error.
10-10 16:01:18.518  2042  4781 I SmartPower: com.google.android.inputmethod.latin/10176(6431): visible->invisible(1681ms) R(become invisible) adj=100.
10-10 16:01:18.518  2042  4781 I SmartPower: com.google.android.inputmethod.latin/10176(6431): invisible->background(0ms) R(become background) adj=100.
10-10 16:01:18.523  4304  4484 D MiuiFreeformModeController: avoidForInsetsBottomChangedIfNeed oldMoveableBottom: 2270 newMoveableBounds: 2270
10-10 16:01:18.532  4304  4484 D MiuiFreeformModeController: avoidForInsetsBottomChangedIfNeed oldMoveableBottom: 2270 newMoveableBounds: 2270
10-10 16:01:18.645  2042  6981 W MIUIInput: Input event injection from package: null action ACTION_DOWN
10-10 16:01:18.648  2042  6981 W MIUIInput: Input event injection from package: null action ACTION_UP
10-10 16:01:18.648  2042  3516 I ProcessManager: getRenderThreadTidByPid, caller=2042
10-10 16:01:18.667  2042  4541 D CoreBackPreview: Window{d845ba8 u0 com.android.chrome/org.chromium.chrome.browser.ChromeTabbedActivity}: Setting back callback null
10-10 16:01:18.673  2042  4541 I WindowManager: cancelAnimation removed leash : Surface(name=Surface(name=704023a StatusBar#94)/@0xa8be448 - animation-leash of insets_animation#16657)/@0xb978a54
10-10 16:01:18.677  2042  4541 I WindowManager: cancelAnimation removed leash : Surface(name=Surface(name=d968687 NavigationBar0#90)/@0x2f479dd - animation-leash of insets_animation#16662)/@0xa59fed8
10-10 16:01:18.681  2042  4541 D WindowManager: wms.Input focus has changed to Window{13dfb59 u0 com.android.chrome/org.chromium.chrome.browser.ChromeTabbedActivity} display=0 updateInputWindows = false
10-10 16:01:18.681  2042  4541 I MultiSenceManagerInternalStub: getInstance
10-10 16:01:18.684  4304  4304 D ArtChoreographerMonitor: invoke error.
10-10 16:01:18.710  2042  9046 W PackageConfigPersister: App-specific configuration not found for packageName: com.android.chrome and userId: 0
10-10 16:01:18.712  2042  9046 D PerfShielderService: com.android.chrome|com.android.chrome/org.chromium.chrome.browser.ChromeTabbedActivity|201|69932488437852|116|0|4
10-10 16:01:18.713  6649 24736 W MiuiPerfServiceClient: interceptAndQueuing:25786|com.android.chrome|201|116|69932488437852|Slow main thread|4
10-10 16:01:18.870  4304  4304 D ArtChoreographerMonitor: invoke error.
10-10 16:01:19.246  2042  9046 W MIUIInput: Input event injection from package: null action ACTION_DOWN
10-10 16:01:19.249  2042  3516 I ProcessManager: getRenderThreadTidByPid, caller=2042
10-10 16:01:19.251  2042  9046 W MIUIInput: Input event injection from package: null action ACTION_UP
10-10 16:01:19.270  2042  6981 I InputMethodManagerService: IMMS.showSoftInput(), client = com.android.internal.inputmethod.IInputMethodClient$Stub$Proxy@1523a52
10-10 16:01:19.270  2042  6981 I InputMethodManagerService: IMMS.showCurrentInputLocked(), flags = 0
10-10 16:01:19.270  2042  6981 D SmartPower: com.google.android.inputmethod.latin/10176(6431): show input method
10-10 16:01:19.270  2042  6981 I SmartPower: com.google.android.inputmethod.latin/10176(6431): background->visible(752ms) R(show input method) adj=100.
10-10 16:01:19.270  2042  6981 I DefaultImeVisibilityApplier: IMMS.showCurrentInputLocked request ims to show inputMethod.
10-10 16:01:19.271  2042  4781 W PackageConfigPersister: App-specific configuration not found for packageName: com.android.chrome and userId: 0
10-10 16:01:19.366  2042  4781 I InputMethodManagerService: IMMS.showSoftInput(), client = com.android.internal.inputmethod.IInputMethodClient$Stub$Proxy@18f5620
10-10 16:01:19.366  2042  4781 I InputMethodManagerService: IMMS.showCurrentInputLocked(), flags = 0
10-10 16:01:19.366  2042  4781 D SmartPower: com.google.android.inputmethod.latin/10176(6431): show input method
10-10 16:01:19.367  2042  4781 I DefaultImeVisibilityApplier: IMMS.showCurrentInputLocked request ims to show inputMethod.
10-10 16:01:19.383  2042  4781 I InputMethodManagerService: IMMS.applyImeVisibility(), setVisible = true, mCurclient = ClientState{c28f9c5 mUid=10172 mPid=25786 mSelfReportedDisplayId=0}
10-10 16:01:19.384  2042  9046 D ActivityManager: checkAllowBackground: uid=10163 pkg=com.google.android.gms rec=UidRecord{3efeecd u0a163 BTOP change:procadj procs:0 seq(1381088,1293144)} caps=LCMNFU always=false idle=false
10-10 16:01:19.385  2042  9046 W ProcessStats: Tracking association SourceState{aab35da com.google.android.gms.persistent/10163 Fgs #194627} whose proc state 3 is better than process ProcessState{50b304b com.google.android.gms/10163 pkg=com.google.android.gms (sub)} proc state 14 (412 skipped)
10-10 16:01:19.385  2042  6982 D CoreBackPreview: Window{13dfb59 u0 com.android.chrome/org.chromium.chrome.browser.ChromeTabbedActivity}: Setting back callback OnBackInvokedCallbackInfo{mCallback=android.window.IOnBackInvokedCallback$Stub$Proxy@3059bd9, mPriority=0, mIsAnimationCallback=false}
10-10 16:01:19.385  2042  4781 I WindowManager: WMS.showImePostLayout(), imeTarget = Window{13dfb59 u0 com.android.chrome/org.chromium.chrome.browser.ChromeTabbedActivity}
10-10 16:01:19.387  4304  4304 D ArtChoreographerMonitor: invoke error.
10-10 16:01:19.389  4304  4484 D OneHandedController: stopOneHanded state is 0
10-10 16:01:19.397  4304  4484 D OneHandedController: stopOneHanded state is 0
10-10 16:01:19.399  4304  4484 D MiuiFreeformModeController: avoidForInsetsBottomChangedIfNeed oldMoveableBottom: 2270 newMoveableBounds: 2270
10-10 16:01:19.402   702 29761 I keystore2: system/security/keystore2/src/watchdog.rs:319 - Watchdog thread idle -> terminating. Have a great day.
10-10 16:01:19.415  4304  4484 D MiuiFreeformModeController: avoidForInsetsBottomChangedIfNeed oldMoveableBottom: 2270 newMoveableBounds: 2270
10-10 16:01:19.419  2042  4781 I InputMethodManagerService: IMMS.applyImeVisibility(), setVisible = true, mCurclient = ClientState{c28f9c5 mUid=10172 mPid=25786 mSelfReportedDisplayId=0}
10-10 16:01:19.421  2042  6982 D WindowManager: wms.finishDrawingLocked: mDrawState=COMMIT_DRAW_PENDING Window{49d5fba u0 InputMethod} in Surface(name=InputMethod#16667)/@0x23b8c7f
10-10 16:01:19.421  2042  4781 I WindowManager: WMS.showImePostLayout(), imeTarget = Window{13dfb59 u0 com.android.chrome/org.chromium.chrome.browser.ChromeTabbedActivity}
10-10 16:01:19.424  2042  2693 I ImeInsetsSourceProvider: ImeInsetsSourceProvider.scheduleShowImePostLayout() Run showImeRunner.
10-10 16:01:19.424  2042  2693 I ImeInsetsSourceProvider: ImeInsetsSourceProvider.scheduleShowImePostLayout() isReadyToShowIme.
10-10 16:01:19.429  2042  6982 I WindowManager: cancelAnimation removed leash : Surface(name=Surface(name=d968687 NavigationBar0#90)/@0x2f479dd - animation-leash of insets_animation#16665)/@0x9b70c1c
10-10 16:01:19.429  4304  4484 D MiuiFreeformModeController: avoidForInsetsBottomChangedIfNeed oldMoveableBottom: 2270 newMoveableBounds: 2270
10-10 16:01:19.429  4304  4484 D ImePositionProcessor: onImeVisibilityChanged     isShowing:  true
10-10 16:01:19.430  2042  2692 I WindowManager: input method visible height changed 701
10-10 16:01:19.431  2042  3126 I ITouchFeature: current device and process support version:2
10-10 16:01:19.431  4304  4484 D MiuiFreeformModeController: onImeVisibilityChanged imeVisible: true imeHeight: 701 adjustedForRotation:false
10-10 16:01:19.431  4304  4484 D MiuiFreeformModeAvoidAlgorithm: begin autoOrderingAvoidMiniTask
10-10 16:01:19.431  4304  4484 D MiuiFreeformModeAvoidAlgorithm: getCurrMiniPos: SameSideMiniPosList: []
10-10 16:01:19.431  4304  4484 D MiuiFreeformModeAvoidAlgorithm: getCurrMiniPos: SameSideMiniPosList: []
10-10 16:01:19.431  4304  4484 D MiuiFreeformModeAvoidAlgorithm: end autoOrderingAvoidMiniTask res:AvoidResult{distance=0, combination={}, activeTaskPos=Rect(0, 0 - 0, 0)}
10-10 16:01:19.432  2042  2692 I WindowManager: wms.showSurfaceRobustly mWin:Window{49d5fba u0 InputMethod}
10-10 16:01:19.444  2042  4781 D PerfShielderService: com.android.chrome|com.android.chrome/org.chromium.chrome.browser.ChromeTabbedActivity|87|69933827908008|87|0|1
10-10 16:01:19.445  6649 24736 W MiuiPerfServiceClient: interceptAndQueuing:25786|com.android.chrome|87|87|69933827908008|Slow main thread|1
10-10 16:01:19.448  4304  4484 D OneHandedController: stopOneHanded state is 0
10-10 16:01:19.619  4304  4304 D ArtChoreographerMonitor: invoke error.
10-10 16:01:19.931  2183  2183 I wificond: station_bandwidth: P
10-10 16:01:19.934  4304  4304 D ArtChoreographerMonitor: invoke error.
10-10 16:01:20.104  4304  4304 D ArtChoreographerMonitor: invoke error.
10-10 16:01:20.549  2042  4541 D WindowManagerService: checkFlipFullScreenChange is same, nowIsFullScreen = false
10-10 16:01:20.569  2042  4541 D WindowManagerService: checkFlipFullScreenChange is same, nowIsFullScreen = false
10-10 16:01:21.201  2042  4781 W MIUIInput: Input event injection from package: null action ACTION_DOWN
10-10 16:01:21.204  2042  3516 I ProcessManager: getRenderThreadTidByPid, caller=2042
10-10 16:01:21.207  2042  4781 W MIUIInput: Input event injection from package: null action ACTION_UP
10-10 16:01:21.299  2042  4781 I InputMethodManagerService: IMMS.applyImeVisibility(), setVisible = false, mCurclient = ClientState{c28f9c5 mUid=10172 mPid=25786 mSelfReportedDisplayId=0}
10-10 16:01:21.301  4304  4304 D ArtChoreographerMonitor: invoke error.
10-10 16:01:21.303  2042  4781 W PackageConfigPersister: App-specific configuration not found for packageName: com.android.chrome and userId: 0
10-10 16:01:21.324  4304  4484 D MiuiFreeformModeController: avoidForInsetsBottomChangedIfNeed oldMoveableBottom: 2270 newMoveableBounds: 2270
10-10 16:01:21.324  4304  4484 D ImePositionProcessor: onImeVisibilityChanged     isShowing:  false
10-10 16:01:21.327  2042  6982 D CoreBackPreview: Window{13dfb59 u0 com.android.chrome/org.chromium.chrome.browser.ChromeTabbedActivity}: Setting back callback OnBackInvokedCallbackInfo{mCallback=android.window.IOnBackInvokedCallback$Stub$Proxy@4eded11, mPriority=0, mIsAnimationCallback=true}
10-10 16:01:21.327  2042  2693 I WindowManager: input method visible height changed 0
10-10 16:01:21.328  2042  3126 I ITouchFeature: current device and process support version:2
10-10 16:01:21.333  4304  4484 D MiuiFreeformModeController: onImeVisibilityChanged imeVisible: false imeHeight: 0 adjustedForRotation:false
10-10 16:01:21.333  4304  4484 D MiuiFreeformModeAvoidAlgorithm: begin autoOrderingAvoidMiniTask
10-10 16:01:21.334  4304  4484 D MiuiFreeformModeAvoidAlgorithm: getCurrMiniPos: SameSideMiniPosList: []
10-10 16:01:21.334  4304  4484 D MiuiFreeformModeAvoidAlgorithm: getCurrMiniPos: SameSideMiniPosList: []
10-10 16:01:21.334  4304  4484 D MiuiFreeformModeAvoidAlgorithm: end autoOrderingAvoidMiniTask res:AvoidResult{distance=0, combination={}, activeTaskPos=Rect(0, 0 - 0, 0)}
10-10 16:01:21.480  4304  4304 D ArtChoreographerMonitor: invoke error.
10-10 16:01:21.852  2042  4541 I SmartPower: com.google.android.inputmethod.latin/10176(6431): visible->invisible(2582ms) R(become invisible) adj=100.
10-10 16:01:21.853  2042  4541 I SmartPower: com.google.android.inputmethod.latin/10176(6431): invisible->background(0ms) R(become background) adj=100.
10-10 16:01:21.856  4304  4484 D MiuiFreeformModeController: avoidForInsetsBottomChangedIfNeed oldMoveableBottom: 2270 newMoveableBounds: 2270
10-10 16:01:21.865  4304  4484 D MiuiFreeformModeController: avoidForInsetsBottomChangedIfNeed oldMoveableBottom: 2270 newMoveableBounds: 2270
10-10 16:01:21.995  2042  4541 W MIUIInput: Input event injection from package: null action ACTION_DOWN
10-10 16:01:21.998  2042  3516 I ProcessManager: getRenderThreadTidByPid, caller=2042
10-10 16:01:22.000  2042  3516 I ProcessManager: getRenderThreadTidByPid, caller=2042
10-10 16:01:22.018  2042  4541 D PerfShielderService: com.android.chrome|com.android.chrome/org.chromium.chrome.browser.ChromeTabbedActivity|118|69935796549257|88|0|2
10-10 16:01:22.019  6649 24736 W MiuiPerfServiceClient: interceptAndQueuing:25786|com.android.chrome|118|88|69935796549257|Slow main thread|2
10-10 16:01:22.095  2042  4541 W MIUIInput: Input event injection from package: null action ACTION_UP
10-10 16:01:22.943  2183  2183 I wificond: station_bandwidth: P
10-10 16:01:23.490  2042  4541 W MIUIInput: Input event injection from package: null action ACTION_DOWN
10-10 16:01:23.491  2042  3516 I ProcessManager: getRenderThreadTidByPid, caller=2042
10-10 16:01:23.493  2042  4541 W MIUIInput: Input event injection from package: null action ACTION_UP
10-10 16:01:23.511  2042  4565 I InputMethodManagerService: IMMS.showSoftInput(), client = com.android.internal.inputmethod.IInputMethodClient$Stub$Proxy@f33494d
10-10 16:01:23.511  2042  4565 I InputMethodManagerService: IMMS.showCurrentInputLocked(), flags = 0
10-10 16:01:23.511  2042  4565 D SmartPower: com.google.android.inputmethod.latin/10176(6431): show input method
10-10 16:01:23.511  2042  4565 I SmartPower: com.google.android.inputmethod.latin/10176(6431): background->visible(1659ms) R(show input method) adj=100.
10-10 16:01:23.511  2042  4565 I DefaultImeVisibilityApplier: IMMS.showCurrentInputLocked request ims to show inputMethod.
10-10 16:01:23.515  2042  4772 W PackageConfigPersister: App-specific configuration not found for packageName: com.android.chrome and userId: 0
10-10 16:01:23.613  2042  4541 I InputMethodManagerService: IMMS.showSoftInput(), client = com.android.internal.inputmethod.IInputMethodClient$Stub$Proxy@6b77913
10-10 16:01:23.613  2042  4541 I InputMethodManagerService: IMMS.showCurrentInputLocked(), flags = 0
10-10 16:01:23.613  2042  4541 D SmartPower: com.google.android.inputmethod.latin/10176(6431): show input method
10-10 16:01:23.614  2042  4541 I DefaultImeVisibilityApplier: IMMS.showCurrentInputLocked request ims to show inputMethod.
10-10 16:01:23.621  2042  4541 I InputMethodManagerService: IMMS.showSoftInput(), client = com.android.internal.inputmethod.IInputMethodClient$Stub$Proxy@7f82d49
10-10 16:01:23.621  2042  4541 I InputMethodManagerService: IMMS.showCurrentInputLocked(), flags = 0
10-10 16:01:23.621  2042  4541 D SmartPower: com.google.android.inputmethod.latin/10176(6431): show input method
10-10 16:01:23.622  2042  4541 I DefaultImeVisibilityApplier: IMMS.showCurrentInputLocked request ims to show inputMethod.
10-10 16:01:23.630  2042  4772 I InputMethodManagerService: IMMS.applyImeVisibility(), setVisible = true, mCurclient = ClientState{c28f9c5 mUid=10172 mPid=25786 mSelfReportedDisplayId=0}
10-10 16:01:23.630  2042  4772 I WindowManager: WMS.showImePostLayout(), imeTarget = Window{13dfb59 u0 com.android.chrome/org.chromium.chrome.browser.ChromeTabbedActivity}
10-10 16:01:23.634  2042  9046 D CoreBackPreview: Window{13dfb59 u0 com.android.chrome/org.chromium.chrome.browser.ChromeTabbedActivity}: Setting back callback OnBackInvokedCallbackInfo{mCallback=android.window.IOnBackInvokedCallback$Stub$Proxy@1edb64e, mPriority=0, mIsAnimationCallback=false}
10-10 16:01:23.642  4304  4484 D MiuiFreeformModeController: avoidForInsetsBottomChangedIfNeed oldMoveableBottom: 2270 newMoveableBounds: 2270
10-10 16:01:23.648  2042  4541 D ActivityManager: checkAllowBackground: uid=10163 pkg=com.google.android.gms rec=UidRecord{3efeecd u0a163 BTOP change:procadj procs:0 seq(1381095,1293144)} caps=LCMNFU always=false idle=false
10-10 16:01:23.661  4304  4484 D MiuiFreeformModeController: avoidForInsetsBottomChangedIfNeed oldMoveableBottom: 2270 newMoveableBounds: 2270
10-10 16:01:23.667  2042  4541 D WindowManager: wms.finishDrawingLocked: mDrawState=COMMIT_DRAW_PENDING Window{49d5fba u0 InputMethod} in Surface(name=InputMethod#16669)/@0x762c87c
10-10 16:01:23.667  2042  9046 I InputMethodManagerService: IMMS.applyImeVisibility(), setVisible = true, mCurclient = ClientState{c28f9c5 mUid=10172 mPid=25786 mSelfReportedDisplayId=0}
10-10 16:01:23.669  2042  2693 I ImeInsetsSourceProvider: ImeInsetsSourceProvider.scheduleShowImePostLayout() Run showImeRunner.
10-10 16:01:23.669  2042  2693 I ImeInsetsSourceProvider: ImeInsetsSourceProvider.scheduleShowImePostLayout() isReadyToShowIme.
10-10 16:01:23.675  2042  6982 I WindowManager: cancelAnimation removed leash : Surface(name=Surface(name=d968687 NavigationBar0#90)/@0x2f479dd - animation-leash of insets_animation#16668)/@0x63dc938
10-10 16:01:23.676  4304  4484 D MiuiFreeformModeController: avoidForInsetsBottomChangedIfNeed oldMoveableBottom: 2270 newMoveableBounds: 2270
10-10 16:01:23.676  4304  4484 D ImePositionProcessor: onImeVisibilityChanged     isShowing:  true
10-10 16:01:23.676  2042  2693 I WindowManager: input method visible height changed 701
10-10 16:01:23.677  2042  3126 I ITouchFeature: current device and process support version:2
10-10 16:01:23.677  4304  4484 D MiuiFreeformModeController: onImeVisibilityChanged imeVisible: true imeHeight: 701 adjustedForRotation:false
10-10 16:01:23.677  4304  4484 D MiuiFreeformModeAvoidAlgorithm: begin autoOrderingAvoidMiniTask
10-10 16:01:23.677  4304  4484 D MiuiFreeformModeAvoidAlgorithm: getCurrMiniPos: SameSideMiniPosList: []
10-10 16:01:23.678  4304  4484 D MiuiFreeformModeAvoidAlgorithm: getCurrMiniPos: SameSideMiniPosList: []
10-10 16:01:23.678  4304  4484 D MiuiFreeformModeAvoidAlgorithm: end autoOrderingAvoidMiniTask res:AvoidResult{distance=0, combination={}, activeTaskPos=Rect(0, 0 - 0, 0)}
10-10 16:01:23.678  2042  2693 I WindowManager: wms.showSurfaceRobustly mWin:Window{49d5fba u0 InputMethod}
10-10 16:01:23.689  2042  9046 I WindowManager: WMS.showImePostLayout(), imeTarget = Window{13dfb59 u0 com.android.chrome/org.chromium.chrome.browser.ChromeTabbedActivity}
10-10 16:01:23.690  2042  2693 I ImeInsetsSourceProvider: ImeInsetsSourceProvider.scheduleShowImePostLayout() Run showImeRunner.
10-10 16:01:23.690  2042  2693 I ImeInsetsSourceProvider: ImeInsetsSourceProvider.scheduleShowImePostLayout() isReadyToShowIme.
10-10 16:01:23.692  2042  9046 I InputMethodManagerService: IMMS.applyImeVisibility(), setVisible = true, mCurclient = ClientState{c28f9c5 mUid=10172 mPid=25786 mSelfReportedDisplayId=0}
10-10 16:01:23.693  2042  9046 I WindowManager: WMS.showImePostLayout(), imeTarget = Window{13dfb59 u0 com.android.chrome/org.chromium.chrome.browser.ChromeTabbedActivity}
10-10 16:01:23.694  2042  2693 I ImeInsetsSourceProvider: ImeInsetsSourceProvider.scheduleShowImePostLayout() Run showImeRunner.
10-10 16:01:23.694  2042  2693 I ImeInsetsSourceProvider: ImeInsetsSourceProvider.scheduleShowImePostLayout() isReadyToShowIme.
10-10 16:01:23.698  2042  4781 D PerfShielderService: com.android.chrome|com.android.chrome/org.chromium.chrome.browser.ChromeTabbedActivity|91|69938074815454|91|0|1
10-10 16:01:23.699  6649 24736 W MiuiPerfServiceClient: interceptAndQueuing:25786|com.android.chrome|91|91|69938074815454|Slow main thread|1
10-10 16:01:23.706  4304  4304 D ArtChoreographerMonitor: invoke error.
10-10 16:01:23.709  4304  4484 D OneHandedController: stopOneHanded state is 0
10-10 16:01:23.879  4304  4304 D ArtChoreographerMonitor: invoke error.
10-10 16:01:24.355  2042  4565 D WindowManagerService: checkFlipFullScreenChange is same, nowIsFullScreen = false
10-10 16:01:24.377  2042  4565 D WindowManagerService: checkFlipFullScreenChange is same, nowIsFullScreen = false
10-10 16:01:24.434  2042  4541 W MIUIInput: Input event injection from package: null action ACTION_DOWN keycode 66
10-10 16:01:24.434  2042  4541 W MiuiInputKeyEventLog: keyCode:66 down:true eventTime:69938884 downTime:69938884 policyFlags:2b000000 flags:0 metaState:0 deviceId:-1 isScreenOn:true keyguardActive:false repeatCount:0
10-10 16:01:24.441  2042  4541 W MIUIInput: Input event injection from package: null action ACTION_UP keycode 66
10-10 16:01:24.441  2042  4541 W MiuiInputKeyEventLog: keyCode:66 down:false eventTime:69938884 downTime:69938884 policyFlags:2b000000 flags:0 metaState:0 deviceId:-1 isScreenOn:true keyguardActive:false repeatCount:0
10-10 16:01:24.449  2042  4565 D ActivityManager: checkAllowBackground: uid=10163 pkg=com.google.android.gms rec=UidRecord{3efeecd u0a163 BTOP change:procadj procs:0 seq(1381096,1293144)} caps=LCMNFU always=false idle=false
10-10 16:01:24.461  2042  4541 D ActivityManager: checkAllowBackground: uid=10163 pkg=com.google.android.gms rec=UidRecord{3efeecd u0a163 BTOP change:procadj procs:0 seq(1381097,1293144)} caps=LCMNFU always=false idle=false
10-10 16:01:24.469  2042  4541 D ActivityManager: checkAllowBackground: uid=10163 pkg=com.google.android.gms rec=UidRecord{3efeecd u0a163 BTOP change:procadj procs:0 seq(1381098,1293144)} caps=LCMNFU always=false idle=false
10-10 16:01:24.683  2042  6981 I InputMethodManagerService: IMMS.applyImeVisibility(), setVisible = false, mCurclient = ClientState{c28f9c5 mUid=10172 mPid=25786 mSelfReportedDisplayId=0}
10-10 16:01:24.684  4304  4304 D ArtChoreographerMonitor: invoke error.
10-10 16:01:24.685  2042  6981 D SchedBoost: com.android.chrome:sandboxed_process0:org.chromium.content.app.SandboxedProcessService0:101 boosting, skip reset priority
10-10 16:01:24.688  2042  6981 W PackageConfigPersister: App-specific configuration not found for packageName: com.android.chrome and userId: 0
10-10 16:01:24.713  4304  4484 D MiuiFreeformModeController: avoidForInsetsBottomChangedIfNeed oldMoveableBottom: 2270 newMoveableBounds: 2270
10-10 16:01:24.713  4304  4484 D ImePositionProcessor: onImeVisibilityChanged     isShowing:  false
10-10 16:01:24.714  2042  2693 I WindowManager: input method visible height changed 0
10-10 16:01:24.714  2042  3126 I ITouchFeature: current device and process support version:2
10-10 16:01:24.720  2042  4541 D CoreBackPreview: Window{13dfb59 u0 com.android.chrome/org.chromium.chrome.browser.ChromeTabbedActivity}: Setting back callback OnBackInvokedCallbackInfo{mCallback=android.window.IOnBackInvokedCallback$Stub$Proxy@e29fab9, mPriority=0, mIsAnimationCallback=true}
10-10 16:01:24.720  4304  4484 D MiuiFreeformModeController: onImeVisibilityChanged imeVisible: false imeHeight: 0 adjustedForRotation:false
10-10 16:01:24.720  4304  4484 D MiuiFreeformModeAvoidAlgorithm: begin autoOrderingAvoidMiniTask
10-10 16:01:24.720  4304  4484 D MiuiFreeformModeAvoidAlgorithm: getCurrMiniPos: SameSideMiniPosList: []
10-10 16:01:24.720  4304  4484 D MiuiFreeformModeAvoidAlgorithm: getCurrMiniPos: SameSideMiniPosList: []
10-10 16:01:24.720  4304  4484 D MiuiFreeformModeAvoidAlgorithm: end autoOrderingAvoidMiniTask res:AvoidResult{distance=0, combination={}, activeTaskPos=Rect(0, 0 - 0, 0)}
10-10 16:01:24.799  2042  6981 D PerfShielderService: com.android.chrome|com.android.chrome/org.chromium.chrome.browser.ChromeTabbedActivity|124|69939186106912|104|0|2
10-10 16:01:24.800  6649 24736 W MiuiPerfServiceClient: interceptAndQueuing:25786|com.android.chrome|124|104|69939186106912|Slow main thread|2
10-10 16:01:24.858  4304  4304 D ArtChoreographerMonitor: invoke error.
10-10 16:01:25.242  2042  4565 I SmartPower: com.google.android.inputmethod.latin/10176(6431): visible->invisible(1731ms) R(become invisible) adj=100.
10-10 16:01:25.242  2042  4565 I SmartPower: com.google.android.inputmethod.latin/10176(6431): invisible->background(0ms) R(become background) adj=100.
10-10 16:01:25.246  4304  4484 D MiuiFreeformModeController: avoidForInsetsBottomChangedIfNeed oldMoveableBottom: 2270 newMoveableBounds: 2270
10-10 16:01:25.255  4304  4484 D MiuiFreeformModeController: avoidForInsetsBottomChangedIfNeed oldMoveableBottom: 2270 newMoveableBounds: 2270
10-10 16:01:25.595  2042  6981 W MIUIInput: Input event injection from package: null action ACTION_DOWN
10-10 16:01:25.599  2042  3516 I ProcessManager: getRenderThreadTidByPid, caller=2042
10-10 16:01:25.602  2042  3516 I ProcessManager: getRenderThreadTidByPid, caller=2042
10-10 16:01:25.700  2042  6981 W MIUIInput: Input event injection from package: null action ACTION_UP
10-10 16:01:25.957  2183  2183 I wificond: station_bandwidth: P
10-10 16:01:25.960  4304  4304 D ArtChoreographerMonitor: invoke error.
10-10 16:01:26.134  4304  4304 D ArtChoreographerMonitor: invoke error.
10-10 16:01:26.564  2042  6981 W MIUIInput: Input event injection from package: null action ACTION_DOWN
10-10 16:01:26.567  2042  3516 I ProcessManager: getRenderThreadTidByPid, caller=2042
10-10 16:01:26.569  2042  3516 I ProcessManager: getRenderThreadTidByPid, caller=2042
10-10 16:01:26.661  2042  6981 W MIUIInput: Input event injection from package: null action ACTION_UP
10-10 16:01:27.533  2042  4565 W MIUIInput: Input event injection from package: null action ACTION_DOWN
10-10 16:01:27.536  2042  3516 I ProcessManager: getRenderThreadTidByPid, caller=2042
10-10 16:01:27.539  2042  3516 I ProcessManager: getRenderThreadTidByPid, caller=2042
10-10 16:01:27.635  2042  4541 W MIUIInput: Input event injection from package: null action ACTION_UP
10-10 16:01:27.916  2042  2702 D HeapUsage Monitor: HeapAllocSize : 96MB; monitorSize : 500MB
10-10 16:01:28.243  2042  3524 I SmartPower: com.google.android.inputmethod.latin/10176(6431): background->idle(3001ms) R(become invisible) adj=100.
10-10 16:01:28.494  2042  4541 W MIUIInput: Input event injection from package: null action ACTION_DOWN
10-10 16:01:28.496  2042  3516 I ProcessManager: getRenderThreadTidByPid, caller=2042
10-10 16:01:28.500  2042  3516 I ProcessManager: getRenderThreadTidByPid, caller=2042
10-10 16:01:28.593  2042  4565 W MIUIInput: Input event injection from package: null action ACTION_UP
10-10 16:01:28.967  2183  2183 I wificond: station_bandwidth: P
10-10 16:01:28.971  4304  4304 D ArtChoreographerMonitor: invoke error.
10-10 16:01:29.140  4304  4304 D ArtChoreographerMonitor: invoke error.
10-10 16:01:29.471  2042  4541 W MIUIInput: Input event injection from package: null action ACTION_DOWN
10-10 16:01:29.476  2042  3516 I ProcessManager: getRenderThreadTidByPid, caller=2042
10-10 16:01:29.478  2042  3516 I ProcessManager: getRenderThreadTidByPid, caller=2042
10-10 16:01:29.571  2042  4541 W MIUIInput: Input event injection from package: null action ACTION_UP
10-10 16:01:30.423  2042  6981 W MIUIInput: Input event injection from package: null action ACTION_DOWN
10-10 16:01:30.426  2042  3516 I ProcessManager: getRenderThreadTidByPid, caller=2042
10-10 16:01:30.430  2042  3516 I ProcessManager: getRenderThreadTidByPid, caller=2042
10-10 16:01:30.522  2042  6981 W MIUIInput: Input event injection from package: null action ACTION_UP
10-10 16:01:31.525  2042  4565 I ActivityManager: Force stopping eu.europa.ec.euidi appid=10030 user=0: from process:29877
10-10 16:01:31.525  2042  3515 E ProcessManager: error write exception log
10-10 16:01:31.528  2042  4565 I ActivityManager: Killing 29632:eu.europa.ec.euidi/u0a30 (adj 700): stop eu.europa.ec.euidi due to from process:29877
10-10 16:01:31.530  2042  2074 D DisplayManagerService: Drop pending events for gone uid 10030
10-10 16:01:31.533  2042  4565 W ActivityTaskManager: Force removing ActivityRecord{459d98a u0 eu.europa.ec.euidi/eu.europa.ec.assemblylogic.ui.MainActivity t6722 f}}: app died, no saved state
10-10 16:01:31.535  2042  3109 W UsageStatsService: Unexpected activity event reported! (eu.europa.ec.euidi/eu.europa.ec.assemblylogic.ui.MainActivity event : 23 instanceId : 246304369)
10-10 16:01:31.543  2042  2693 W ActivityTaskManager: Can't find TaskDisplayArea to determine support for multi window. Task id=6722 attached=false
10-10 16:01:31.543  2042  4565 W ProcessStats: Tracking association SourceState{3682bb3 com.miui.analytics/10093 BFgs #194646} whose proc state 4 is better than process ProcessState{6688729 com.miui.securitycenter.remote/1000 pkg=com.miui.securitycenter} proc state 9 (41 skipped)
10-10 16:01:31.543  4304  4484 D MiuiFullScreenTaskRepository: removeFullScreenTask taskId=6722, topActivity=null
10-10 16:01:31.544  4304  4484 D MiuiWindowDecorViewModel: destroyWindowDecoration: taskId=6722, windowingMode=1, mWindowDecorByTaskId.size()=0, callers=com.android.wm.shell.fullscreen.FullscreenTaskListener.onTaskVanished:143 com.android.wm.shell.ShellTaskOrganizer.onTaskVanished:138 android.window.TaskOrganizer$1.lambda$onTaskVanished$5:391 android.window.TaskOrganizer$1.$r8$lambda$cnLAmEuLf_BQ_jFuhQbGGs5ghXo:0 android.window.TaskOrganizer$1$$ExternalSyntheticLambda14.run:4 
10-10 16:01:31.550  2042  4565 I AppsFilter: interaction: PackageSetting{16c90d1 io.appium.uiautomator2.server.test/10767} -> PackageSetting{cd73fd6 eu.europa.ec.euidi/10030} BLOCKED
10-10 16:01:31.550  2042  4565 I AppsFilter: interaction: PackageSetting{ec33637 com.fido.asm/10104} -> PackageSetting{cd73fd6 eu.europa.ec.euidi/10030} BLOCKED
10-10 16:01:31.550  2042  4565 I AppsFilter: interaction: PackageSetting{92d07a4 io.appium.uiautomator2.server/10769} -> PackageSetting{cd73fd6 eu.europa.ec.euidi/10030} BLOCKED
10-10 16:01:31.550  2042  4565 I AppsFilter: interaction: PackageSetting{d58690d io.appium.settings/10611} -> PackageSetting{cd73fd6 eu.europa.ec.euidi/10030} BLOCKED
10-10 16:01:31.554  2042  6981 W MIUIInput: Input event injection from package: null action ACTION_DOWN
10-10 16:01:31.556  2042  3516 I ProcessManager: getRenderThreadTidByPid, caller=2042
10-10 16:01:31.559  2042  9046 W MIUIInput: Input event injection from package: null action ACTION_UP
10-10 16:01:31.559  2042  3110 D CompatibilityChangeReporter: Compat change id reported: 218533173; UID 10030; state: ENABLED
10-10 16:01:31.559  2042  3110 D CompatibilityChangeReporter: Compat change id reported: 262645982; UID 10030; state: ENABLED
10-10 16:01:31.573  2042  6981 D ActivityManager: checkAllowBackground: uid=10163 pkg=com.google.android.gms rec=UidRecord{3efeecd u0a163 BTOP change:procadj procs:0 seq(1381312,1293144)} caps=LCMNFU always=false idle=false
10-10 16:01:31.583  2042  4565 D ActivityManager: checkAllowBackground: uid=10163 pkg=com.google.android.gms rec=UidRecord{3efeecd u0a163 BTOP change:procadj procs:0 seq(1381354,1293144)} caps=LCMNFU always=false idle=false
10-10 16:01:31.598  2042  4541 D ActivityManager: checkAllowBackground: uid=10163 pkg=com.google.android.gms rec=UidRecord{3efeecd u0a163 BTOP change:procadj procs:0 seq(1381355,1293144)} caps=LCMNFU always=false idle=false
10-10 16:01:31.602  2042  7043 W WindowManager: Cannot find window which accessibility connection is added to
10-10 16:01:31.602  2042  4565 D AutofillSession: handling death of Token{eae4e71 ActivityRecord{459d98a u0 eu.europa.ec.euidi/eu.europa.ec.assemblylogic.ui.MainActivity t-1 f}}} when saving=false
10-10 16:01:31.607  2042  2692 W ActivityManager: setHasOverlayUi called on unknown pid: 29632
10-10 16:01:31.718  2042  7002 D ActivityManager: checkAllowBackground: uid=10163 pkg=com.google.android.gms rec=UidRecord{3efeecd u0a163 BTOP change:procadj procs:0 seq(1381356,1293144)} caps=LCMNFU always=false idle=false
10-10 16:01:31.725  2042  6981 D ActivityManager: checkAllowBackground: uid=10163 pkg=com.google.android.gms rec=UidRecord{3efeecd u0a163 BTOP change:procadj procs:0 seq(1381357,1293144)} caps=LCMNFU always=false idle=false
10-10 16:01:31.730  2042  3500 D GreezeManager:  report signal uid = 10030 pid = 29632is not frozen.
10-10 16:01:31.829  2042  7011 D CompatibilityChangeReporter: Compat change id reported: 265464455; UID 10030; state: DISABLED
10-10 16:01:31.829  2042  7011 D CompatibilityChangeReporter: Compat change id reported: 265452344; UID 10030; state: DISABLED
10-10 16:01:31.829  2042  7011 D CompatibilityChangeReporter: Compat change id reported: 266124927; UID 10030; state: DISABLED
10-10 16:01:31.829  2042  7011 D CompatibilityChangeReporter: Compat change id reported: 265451093; UID 10030; state: DISABLED
10-10 16:01:31.829  2042  7011 D CompatibilityChangeReporter: Compat change id reported: 265456536; UID 10030; state: DISABLED
10-10 16:01:31.829  2042  7011 D CompatibilityChangeReporter: Compat change id reported: 255940284; UID 10030; state: DISABLED
10-10 16:01:31.830  2042  7011 D CompatibilityChangeReporter: Compat change id reported: 236283604; UID 10030; state: DISABLED
10-10 16:01:31.830  2042  7011 D CompatibilityChangeReporter: Compat change id reported: 263959004; UID 10030; state: DISABLED
10-10 16:01:31.830  2042  7011 D CompatibilityChangeReporter: Compat change id reported: 264304459; UID 10030; state: DISABLED
10-10 16:01:31.830  2042  7011 D CompatibilityChangeReporter: Compat change id reported: 264301586; UID 10030; state: DISABLED
10-10 16:01:31.830  2042  7011 D CompatibilityChangeReporter: Compat change id reported: 254631730; UID 10030; state: DISABLED
10-10 16:01:31.830  2042  7011 D CompatibilityChangeReporter: Compat change id reported: 273509367; UID 10030; state: DISABLED
10-10 16:01:31.830  2042  7011 D CompatibilityChangeReporter: Compat change id reported: 263259275; UID 10030; state: DISABLED
10-10 16:01:31.830  2042  7011 D CompatibilityChangeReporter: Compat change id reported: 174042980; UID 10030; state: DISABLED
10-10 16:01:31.830  2042  7011 D CompatibilityChangeReporter: Compat change id reported: 174042936; UID 10030; state: DISABLED
10-10 16:01:31.830  2042  7011 D CompatibilityChangeReporter: Compat change id reported: 181136395; UID 10030; state: DISABLED
10-10 16:01:31.831  2042  7011 D CompatibilityChangeReporter: Compat change id reported: 194480991; UID 10030; state: ENABLED
10-10 16:01:31.831  2042  7011 D WindowManager: Collecting in transition 808: ActivityRecord{b450f61 u0 eu.europa.ec.euidi/eu.europa.ec.assemblylogic.ui.MainActivity init visibleRequested:false
10-10 16:01:31.832  2042  7011 D MiuiFreeFormManagerService: activeOrFullscreenFreeformTaskIfNeed startDefaultAr:false
10-10 16:01:31.834  4304  4484 D OneHandedController: stopOneHanded state is 0
10-10 16:01:31.836  2042  7011 D WindowManager: setLockTaskAuth: task=Task{bd1bf47 #6724 type=standard A=10030:eu.europa.ec.euidi} mLockTaskAuth=LOCK_TASK_AUTH_PINNABLE
10-10 16:01:31.836  2042  7011 D WindowManager: Collecting in transition 808: Task{bd1bf47 #6724 type=standard A=10030:eu.europa.ec.euidi} init visibleRequested:false
10-10 16:01:31.837  2042  7011 D CompatibilityChangeReporter: Compat change id reported: 184838306; UID 10030; state: DISABLED
10-10 16:01:31.837  2042  7011 D CompatibilityChangeReporter: Compat change id reported: 185004937; UID 10030; state: DISABLED
10-10 16:01:31.839  2042  7011 D WindowManager: setLockTaskAuth: task=Task{bd1bf47 #6724 type=standard A=10030:eu.europa.ec.euidi} mLockTaskAuth=LOCK_TASK_AUTH_PINNABLE
10-10 16:01:31.839  2042  7011 D MiuiFreeFormManagerService: onStartActivityInner as = Task{bd1bf47 #6724 type=standard A=10030:eu.europa.ec.euidi} op = null
10-10 16:01:31.840  2042  7011 D ActivityTaskManager: Task#startActivityLocked isOrhasTask=true newTask=true
10-10 16:01:31.842  2042  7011 D CompatibilityChangeReporter: Compat change id reported: 205907456; UID 10030; state: ENABLED
10-10 16:01:31.846  2042  7011 D WindowManager: Collecting in transition 808: ActivityRecord{b450f61 u0 eu.europa.ec.euidi/eu.europa.ec.assemblylogic.ui.MainActivity t6724} init visibleRequested:false
10-10 16:01:31.846  2042  7011 D WindowManager: Requesting StartTransition: TransitionRecord{738912 id=808 type=OPEN flags=0x0}
10-10 16:01:31.847  2042  7011 I ActivityTaskManager: START u0 {act=android.intent.action.VIEW cat=[android.intent.category.BROWSABLE] dat=eu.europa.ec.euidi://authorization/... flg=0x14000000 cmp=eu.europa.ec.euidi/eu.europa.ec.assemblylogic.ui.MainActivity (has extras)} with LAUNCH_SINGLE_TASK from uid 10172 from pid 25786 callingPackage com.android.chrome (BAL_ALLOW_VISIBLE_WINDOW) result code=0
10-10 16:01:31.847  4304  4575 D TaskSnapshot_Helper: SYS is normal.
10-10 16:01:31.853  2042  2692 D CompatibilityChangeReporter: Compat change id reported: 135634846; UID 10030; state: DISABLED
10-10 16:01:31.853  2042  2692 D CompatibilityChangeReporter: Compat change id reported: 177438394; UID 10030; state: DISABLED
10-10 16:01:31.853  2042  2692 D CompatibilityChangeReporter: Compat change id reported: 135772972; UID 10030; state: DISABLED
10-10 16:01:31.853  2042  2692 D CompatibilityChangeReporter: Compat change id reported: 135754954; UID 10030; state: ENABLED
10-10 16:01:31.855  2042  2788 D CompatibilityChangeReporter: Compat change id reported: 143937733; UID 10030; state: ENABLED
10-10 16:01:31.855  4304  4572 D ArtChoreographerMonitor: invoke error.
10-10 16:01:31.859  2042  6981 D CompatibilityChangeReporter: Compat change id reported: 168419799; UID 10030; state: DISABLED
10-10 16:01:31.859  2042  6981 D CompatibilityChangeReporter: Compat change id reported: 273564678; UID 10030; state: DISABLED
10-10 16:01:31.863  4304  4484 I SoScUtils: monitorTransitionRequest mRequestOpenTransition:null mRequestOpenTriggerTask:-1 mRequestCloseTransition:null mRequestCloseTriggerTask:-1 mRequestCloseStageType:-1
10-10 16:01:31.867  2042  7002 D WindowManager: Set transition=TransitionRecord{738912 id=808 type=OPEN flags=0x0}, ready=false, SyncId=808 used=true, override=false, defer=0, states=Display{#0 state=ON size=1080x2400 ROTATION_0}:false
10-10 16:01:31.868  4304  4484 D OneHandedController: stopOneHanded state is 0
10-10 16:01:31.868  4304  4484 D OneHandedController: stopOneHanded state is 0
10-10 16:01:31.876  2042  2788 I ActivityManager: Start proc 29900:eu.europa.ec.euidi/u0a30 for next-top-activity {eu.europa.ec.euidi/eu.europa.ec.assemblylogic.ui.MainActivity} caller=com.android.chrome
10-10 16:01:31.878  2042 29901 W ContextImpl: Calling a method in the system process without a qualified user: android.app.ContextImpl.sendBroadcast:1231 com.qualcomm.qti.Performance$SendGameLaunchBroadcast.run:251 java.lang.Thread.run:1119 <bottom of call stack> <bottom of call stack> 
10-10 16:01:31.883  2042  2073 D WindowManager: Collecting in transition 808: ActivityRecord{b450f61 u0 eu.europa.ec.euidi/eu.europa.ec.assemblylogic.ui.MainActivity t6724} init visibleRequested:false
10-10 16:01:31.884  2042  2073 D WindowManager: Collecting in transition 808: ActivityRecord{f2f67ae u0 com.android.chrome/org.chromium.chrome.browser.ChromeTabbedActivity t6565} init visibleRequested:true
10-10 16:01:31.889  2042  7043 W AutofillManagerServiceImpl: getFillEventHistory() called by UID 10273, but service UID is 10163
10-10 16:01:31.898  2042  4565 D CoreBackPreview: Window{f274999 u0 Splash Screen eu.europa.ec.euidi}: Setting back callback OnBackInvokedCallbackInfo{mCallback=android.window.IOnBackInvokedCallback$Stub$Proxy@3d4b15b, mPriority=0, mIsAnimationCallback=false}
10-10 16:01:31.900  2042  2693 D WindowManager: wms.Focus not requested for window=Window{13dfb59 u0 com.android.chrome/org.chromium.chrome.browser.ChromeTabbedActivity} because it has no surface or is not focusable.
10-10 16:01:31.917  2042  7002 D WindowManager: wms.Input focus has changed to null display=0 updateInputWindows = true
10-10 16:01:31.917  2042  7002 I MultiSenceManagerInternalStub: getInstance
10-10 16:01:31.926  2042  4565 I SmartPower: eu.europa.ec.euidi/10030(29900): died->invisible(400ms) R(process start ) adj=-10000.
10-10 16:01:31.932  2042  2693 D WindowManager: Set transition=TransitionRecord{738912 id=808 type=OPEN flags=0x0}, ready=true, SyncId=808 
10-10 16:01:31.936  2042  2693 I SmartPower: eu.europa.ec.euidi/10030(29900): invisible->visible(10ms) R(become visible) adj=-10000.
10-10 16:01:31.937  2042  2693 I WindowManager: wms.showSurfaceRobustly mWin:Window{f274999 u0 Splash Screen eu.europa.ec.euidi}
10-10 16:01:31.937  2042  2693 D WindowManager: Final targets: [Task{bd1bf47 #6724 type=standard A=10030:eu.europa.ec.euidi}, Task{ac848dc #6565 type=standard A=10172:com.android.chrome}]
10-10 16:01:31.968  2042  2693 D WindowManager: Calling onTransitionReady info={id=808 t=OPEN f=0x0 trk=0 r=[0@Point(0, 0)] c=[{WCT{RemoteToken{82c5ac2 Task{bd1bf47 #6724 type=standard A=10030:eu.europa.ec.euidi}}} m=OPEN f=NONE leash=Surface(name=Task=6724#16672)/@0xd1d4a86 sb=Rect(0, 0 - 1080, 2400) eb=Rect(0, 0 - 1080, 2400) d=0},{WCT{RemoteToken{be892c5 Task{ac848dc #6565 type=standard A=10172:com.android.chrome}}} m=TO_BACK f=NONE leash=Surface(name=Task=6565#9987)/@0x75a594f sb=Rect(0, 0 - 1080, 2400) eb=Rect(0, 0 - 1080, 2400) d=0}] noAni=[false] df=[false] mk=[true] nc=[0]}, mToken=Token{295f0d3 TransitionRecord{738912 id=808 type=OPEN flags=0x0}}
10-10 16:01:31.969  2042  2693 I BLASTSyncEngine: finishNow: after onTransactionReady, mSyncId=808
10-10 16:01:31.969  2042  2693 I WindowManager: cancelAnimation removed leash : Surface(name=Surface(name=704023a StatusBar#94)/@0xa8be448 - animation-leash of insets_animation#16664)/@0x2cb4669
10-10 16:01:31.970  4304  4484 D MiuiFreeformAnimation: startAnimation change: {WCT{android.window.IWindowContainerToken$Stub$Proxy@c79c5e2} m=OPEN f=NONE leash=Surface(name=Task=6724#16672)/@0x8c2dad7 sb=Rect(0, 0 - 1080, 2400) eb=Rect(0, 0 - 1080, 2400) d=0} info.getType(): 1
10-10 16:01:31.970  4304  4484 I MiuiFreeformAnimation: isLaunchWidgetPicker=false,taskInfo.getWindowingMode()=1, taskInfo.getActivityType()=1
10-10 16:01:31.971  4304  4484 D MiuiFreeformAnimation: startAnimation change: {WCT{android.window.IWindowContainerToken$Stub$Proxy@8f04d73} m=TO_BACK f=NONE leash=Surface(name=Task=6565#9987)/@0x2eedfc4 sb=Rect(0, 0 - 1080, 2400) eb=Rect(0, 0 - 1080, 2400) d=0} info.getType(): 1
10-10 16:01:31.971  4304  4484 W MiuiTaskTransitionHandler: Receive an unknown transition, token=android.os.BinderProxy@bdbc3d, type=1
10-10 16:01:31.971  4304  4484 D TransitionAnimationHelper:  load default animation  type = 1 enter = false animAttr = 9 isTask = true translucent = false
10-10 16:01:31.972  2042  2693 I WindowManager: cancelAnimation removed leash : Surface(name=Surface(name=d968687 NavigationBar0#90)/@0x2f479dd - animation-leash of insets_animation#16670)/@0x9e06480
10-10 16:01:31.972  4304  4484 D TransitionAnimationHelper:  load default animation  type = 1 enter = true animAttr = 8 isTask = true translucent = false
10-10 16:01:31.976  4304  4520 D ShellTransitions: speed ui!!!!!!!!!!!
10-10 16:01:31.978  2183  2183 I wificond: station_bandwidth: P
10-10 16:01:31.983  4304  4484 D MiuiFullScreenTaskRepository: addOrUpdateFullScreenTaskInfo taskId=6724, topActivity=ComponentInfo{eu.europa.ec.euidi/eu.europa.ec.assemblylogic.ui.MainActivity}
10-10 16:01:31.986  4304  4484 D SoScUtils: monitorTransitionFinished transition:android.os.BinderProxy@bdbc3d transaction: android.view.SurfaceControl$Transaction@e1c0506 mRequestCloseTransition:null mRequestOpenTransition:null mPairsOpenTransition:null mPairsOpenTransitionNull:null mRequestOpenTriggerTask:-1 mRequestCloseTriggerTask:-1 mOrientationTransition: null mMainStartingTask:-1 mSideStartingTask:-1
10-10 16:01:31.987  2042  4565 W ActivityManager: Slow operation: 66ms so far, now at attachApplicationLocked: immediately before bindApplication
