10-10 16:01:53.392  2042  6998 D WindowManager: wms.Input focus has changed to Window{13dfb59 u0 com.android.chrome/org.chromium.chrome.browser.ChromeTabbedActivity} display=0 updateInputWindows = true
10-10 16:01:53.392  2042  6998 I MultiSenceManagerInternalStub: getInstance
10-10 16:01:53.401  2042  6981 D CompatibilityChangeReporter: Compat change id reported: 261072174; UID 6101; state: ENABLED
10-10 16:01:53.441  2042  4565 D ActivityManager: checkAllowBackground: uid=10163 pkg=com.google.android.gms rec=UidRecord{3efeecd u0a163 BTOP change:procadj procs:0 seq(1382024,1293144)} caps=LCMNFU always=false idle=false
10-10 16:01:53.442  2042  6981 D WindowManager: wms.finishDrawingLocked: mDrawState=COMMIT_DRAW_PENDING Window{13dfb59 u0 com.android.chrome/org.chromium.chrome.browser.ChromeTabbedActivity} in Surface(name=com.android.chrome/org.chromium.chrome.browser.ChromeTabbedActivity#16700)/@0x1928f5e
10-10 16:01:53.446  2042  2693 I SmartPower: com.android.chrome/10172(25786): invisible->visible(351ms) R(become visible) adj=0.
10-10 16:01:53.446  2042  2693 I WindowManager: wms.showSurfaceRobustly mWin:Window{13dfb59 u0 com.android.chrome/org.chromium.chrome.browser.ChromeTabbedActivity}
10-10 16:01:53.447  2042  2693 D WindowManager: Final targets: [Task{ac848dc #6565 type=standard A=10172:com.android.chrome}, Task{bd1bf47 #6724 type=standard A=10030:eu.europa.ec.euidi}]
10-10 16:01:53.447  2042  3524 I SmartPower: com.google.android.adservices.api/10294(20677): idle->background(18249ms) R(add to whitelist) adj=0.
10-10 16:01:53.447  2042  3524 I SmartPower: com.android.chrome:sandboxed_process0:org.chromium.content.app.SandboxedProcessSeridle->background(17437ms) R(add to whitelist) adj=0.
10-10 16:01:53.447  2042  3524 I SmartPower: com.android.chrome:sandboxed_process0:org.chromium.content.app.SandboxedProcessSeridle->background(15422ms) R(add to whitelist) adj=200.
10-10 16:01:53.448  2042  3524 I SmartPower: com.android.chrome:sandboxed_process0:org.chromium.content.app.SandboxedProcessSeridle->background(15422ms) R(add to whitelist) adj=200.
10-10 16:01:53.448  2042  3524 I SmartPower: com.android.chrome:sandboxed_process0:org.chromium.content.app.SandboxedProcessSeridle->background(15423ms) R(add to whitelist) adj=990.
10-10 16:01:53.448  2042  3524 I SmartPower: com.android.chrome:sandboxed_process0:org.chromium.content.app.SandboxedProcessSeridle->background(15423ms) R(add to whitelist) adj=990.
10-10 16:01:53.448  2042  3524 I SmartPower: com.android.chrome:sandboxed_process0:org.chromium.content.app.SandboxedProcessSeridle->background(15423ms) R(add to whitelist) adj=980.
10-10 16:01:53.448  2042  3524 I SmartPower: com.android.chrome:sandboxed_process0:org.chromium.content.app.SandboxedProcessSeridle->background(15423ms) R(add to whitelist) adj=980.
10-10 16:01:53.448  2042  3524 I SmartPower: com.android.chrome:sandboxed_process0:org.chromium.content.app.SandboxedProcessSeridle->background(15423ms) R(add to whitelist) adj=970.
10-10 16:01:53.448  2042  3524 I SmartPower: com.android.chrome:sandboxed_process0:org.chromium.content.app.SandboxedProcessSeridle->background(15423ms) R(add to whitelist) adj=970.
10-10 16:01:53.448  2042  3524 I SmartPower: com.android.chrome:sandboxed_process0:org.chromium.content.app.SandboxedProcessSeridle->background(15423ms) R(add to whitelist) adj=970.
10-10 16:01:53.448  2042  3524 I SmartPower: com.android.chrome:sandboxed_process0:org.chromium.content.app.SandboxedProcessSeridle->background(15423ms) R(add to whitelist) adj=960.
10-10 16:01:53.448  2042  3524 I SmartPower: com.android.chrome:sandboxed_process0:org.chromium.content.app.SandboxedProcessSeridle->background(15423ms) R(add to whitelist) adj=960.
10-10 16:01:53.448  2042  3524 I SmartPower: com.android.chrome:sandboxed_process0:org.chromium.content.app.SandboxedProcessSeridle->background(15423ms) R(add to whitelist) adj=960.
10-10 16:01:53.448  2042  3524 I SmartPower: com.android.chrome:sandboxed_process0:org.chromium.content.app.SandboxedProcessSeridle->background(15423ms) R(add to whitelist) adj=950.
10-10 16:01:53.448  2042  3524 I SmartPower: com.android.chrome:sandboxed_process0:org.chromium.content.app.SandboxedProcessSeridle->background(15423ms) R(add to whitelist) adj=950.
10-10 16:01:53.448  2042  3524 I SmartPower: com.android.chrome:sandboxed_process0:org.chromium.content.app.SandboxedProcessSeridle->background(15423ms) R(add to whitelist) adj=950.
10-10 16:01:53.448  2042  3524 I SmartPower: com.android.chrome:sandboxed_process0:org.chromium.content.app.SandboxedProcessSeridle->background(15423ms) R(add to whitelist) adj=950.
10-10 16:01:53.448  2042  3524 I SmartPower: com.android.chrome:sandboxed_process0:org.chromium.content.app.SandboxedProcessSeridle->background(15423ms) R(add to whitelist) adj=940.
10-10 16:01:53.448  2042  3524 I SmartPower: com.android.chrome:sandboxed_process0:org.chromium.content.app.SandboxedProcessSeridle->background(15423ms) R(add to whitelist) adj=940.
10-10 16:01:53.449  2042  3524 I SmartPower: com.android.chrome:sandboxed_process0:org.chromium.content.app.SandboxedProcessSeridle->background(15422ms) R(add to whitelist) adj=940.
10-10 16:01:53.449  2042  3524 I SmartPower: com.android.chrome:sandboxed_process0:org.chromium.content.app.SandboxedProcessSeridle->background(15423ms) R(add to whitelist) adj=930.
10-10 16:01:53.449  2042  3524 I SmartPower: com.android.chrome:sandboxed_process0:org.chromium.content.app.SandboxedProcessSeridle->background(15423ms) R(add to whitelist) adj=930.
10-10 16:01:53.449  2042  3524 I SmartPower: com.android.chrome:sandboxed_process0:org.chromium.content.app.SandboxedProcessSeridle->background(15423ms) R(add to whitelist) adj=930.
10-10 16:01:53.449  2042  3524 I SmartPower: com.android.chrome:sandboxed_process0:org.chromium.content.app.SandboxedProcessSeridle->background(15423ms) R(add to whitelist) adj=930.
10-10 16:01:53.449  2042  3524 I SmartPower: com.android.chrome:sandboxed_process0:org.chromium.content.app.SandboxedProcessSeridle->background(15423ms) R(add to whitelist) adj=920.
10-10 16:01:53.449  2042  3524 I SmartPower: com.android.chrome:sandboxed_process0:org.chromium.content.app.SandboxedProcessSeridle->background(15423ms) R(add to whitelist) adj=920.
10-10 16:01:53.449  2042  3524 I SmartPower: com.android.chrome:sandboxed_process0:org.chromium.content.app.SandboxedProcessSeridle->background(15423ms) R(add to whitelist) adj=920.
10-10 16:01:53.449  2042  3524 I SmartPower: com.android.chrome:sandboxed_process0:org.chromium.content.app.SandboxedProcessSeridle->background(15423ms) R(add to whitelist) adj=920.
10-10 16:01:53.449  2042  3524 I SmartPower: com.android.chrome:sandboxed_process0:org.chromium.content.app.SandboxedProcessSeridle->background(15423ms) R(add to whitelist) adj=910.
10-10 16:01:53.449  2042  3524 I SmartPower: com.android.chrome:sandboxed_process0:org.chromium.content.app.SandboxedProcessSeridle->background(15423ms) R(add to whitelist) adj=910.
10-10 16:01:53.449  2042  3524 I SmartPower: com.android.chrome:sandboxed_process0:org.chromium.content.app.SandboxedProcessSeridle->background(15423ms) R(add to whitelist) adj=910.
10-10 16:01:53.449  2042  3524 I SmartPower: com.android.chrome:sandboxed_process0:org.chromium.content.app.SandboxedProcessSeridle->background(15423ms) R(add to whitelist) adj=900.
10-10 16:01:53.449  2042  3524 I SmartPower: com.android.chrome:sandboxed_process0:org.chromium.content.app.SandboxedProcessSeridle->background(18203ms) R(add to whitelist) adj=900.
10-10 16:01:53.479  2042  2802 I ExtM    : zram userate is low, no need to flush: 40
10-10 16:01:53.482  2042  6981 D CompatibilityChangeReporter: Compat change id reported: 161145287; UID 6101; state: ENABLED
10-10 16:01:53.483  2042  2693 D WindowManager: Calling onTransitionReady info={id=809 t=CLOSE f=0x0 trk=0 r=[0@Point(0, 0)] c=[{WCT{RemoteToken{be892c5 Task{ac848dc #6565 type=standard A=10172:com.android.chrome}}} m=TO_FRONT f=NONE leash=Surface(name=Task=6565#9987)/@0x75a594f sb=Rect(0, 0 - 1080, 2400) eb=Rect(0, 0 - 1080, 2400) d=0},{WCT{RemoteToken{82c5ac2 Task{bd1bf47 #6724 type=standard A=10030:eu.europa.ec.euidi}}} m=CLOSE f=NONE leash=Surface(name=Task=6724#16672)/@0xd1d4a86 sb=Rect(0, 0 - 1080, 2400) eb=Rect(0, 0 - 1080, 2400) d=0}] noAni=[false] df=[false] mk=[true] nc=[0]}, mToken=Token{112c440 TransitionRecord{8705702 id=809 type=CLOSE flags=0x0}}
10-10 16:01:53.486  2042  2693 I BLASTSyncEngine: finishNow: after onTransactionReady, mSyncId=809
10-10 16:01:53.490  4304  4484 D MiuiFreeformAnimation: startAnimation change: {WCT{android.window.IWindowContainerToken$Stub$Proxy@a81ba8} m=TO_FRONT f=NONE leash=Surface(name=Task=6565#9987)/@0x2151b45 sb=Rect(0, 0 - 1080, 2400) eb=Rect(0, 0 - 1080, 2400) d=0} info.getType(): 2
10-10 16:01:53.490  4304  4484 I MiuiFreeformAnimation: isLaunchWidgetPicker=false,taskInfo.getWindowingMode()=1, taskInfo.getActivityType()=1
10-10 16:01:53.491  4304  4484 D MiuiFreeformAnimation: startAnimation change: {WCT{android.window.IWindowContainerToken$Stub$Proxy@bf126c1} m=CLOSE f=NONE leash=Surface(name=Task=6724#16672)/@0xda9d29a sb=Rect(0, 0 - 1080, 2400) eb=Rect(0, 0 - 1080, 2400) d=0} info.getType(): 2
10-10 16:01:53.492  4304  4484 W MiuiTaskTransitionHandler: Receive an unknown transition, token=android.os.BinderProxy@4840f89, type=2
10-10 16:01:53.494  4304  4484 D TransitionAnimationHelper:  load default animation  type = 2 enter = false animAttr = 11 isTask = true translucent = false
10-10 16:01:53.497  4304  4484 D TransitionAnimationHelper:  load default animation  type = 2 enter = true animAttr = 10 isTask = true translucent = false
10-10 16:01:53.499  4304  4484 D MiuiFullScreenTaskRepository: setFocusedTask taskId=6565, displayId=0, topActivity=ComponentInfo{com.android.chrome/org.chromium.chrome.browser.ChromeTabbedActivity}
10-10 16:01:53.499  4304  4484 D MiuiFullScreenTaskRepository: addOrUpdateFullScreenTaskInfo taskId=6565, topActivity=ComponentInfo{com.android.chrome/org.chromium.chrome.browser.ChromeTabbedActivity}
10-10 16:01:53.500  4304  4520 D ShellTransitions: speed ui!!!!!!!!!!!
10-10 16:01:53.503  4304  4520 D ArtChoreographerMonitor: invoke error.
10-10 16:01:53.514  4304  4484 D SoScUtils: monitorTransitionFinished transition:android.os.BinderProxy@4840f89 transaction: android.view.SurfaceControl$Transaction@a8c5fb5 mRequestCloseTransition:null mRequestOpenTransition:null mPairsOpenTransition:null mPairsOpenTransitionNull:null mRequestOpenTriggerTask:-1 mRequestCloseTriggerTask:-1 mOrientationTransition: null mMainStartingTask:-1 mSideStartingTask:-1
10-10 16:01:53.517  2042  6981 I WindowManager: cancelAnimation removed leash : Surface(name=Surface(name=49d5fba InputMethod#118)/@0xbb23dc8 - animation-leash of insets_animation#16687)/@0x8668885
10-10 16:01:53.518  2042  4541 W PackageConfigPersister: App-specific configuration not found for packageName: com.android.chrome and userId: 0
10-10 16:01:53.522  2042  6998 I Transition: finishTransition: updateLastSurfacePosition tf=Task{bd1bf47 #6724 type=standard A=10030:eu.europa.ec.euidi}
10-10 16:01:53.531  2042  2692 I SmartPower: eu.europa.ec.euidi/10030(29900): visible->invisible(21595ms) R(become invisible) adj=200.
10-10 16:01:53.532  2042  2692 I SmartPower: eu.europa.ec.euidi/10030(29900): invisible->background(0ms) R(become background) adj=200.
10-10 16:01:53.538  4304  4484 D MiuiFullScreenTaskRepository: addOrUpdateFullScreenTaskInfo taskId=6724, topActivity=null
10-10 16:01:53.549  2042  2690 D Aurogon :  uid = 10030 switch to BG
10-10 16:01:53.549  2042  3500 D isUidValid: uid = 10030
10-10 16:01:53.562  2042  6998 I ActivityManager: Flag disabled. Ignoring finishAttachApplication from uid: 6101. pid: 29971
10-10 16:01:53.577  2042  6998 W FillRequestEventLogger: Shouldn't be logging AutofillFillRequestReported again for same event
10-10 16:01:53.577  2042  6998 W PresentationStatsEventLogger: Shouldn't be logging AutofillPresentationEventReported again for same event
10-10 16:01:53.577  2042  6998 W SaveEventLogger: Shouldn't be logging AutofillSaveEventReported again for same event
10-10 16:01:53.577  2042  6998 W FillRequestEventLogger: Shouldn't be logging AutofillFillRequestReported again for same event
10-10 16:01:53.577  2042  6998 W FillResponseEventLogger: Shouldn't be logging AutofillFillRequestReported again for same event
10-10 16:01:53.577  2042  6998 W PresentationStatsEventLogger: Shouldn't be logging AutofillPresentationEventReported again for same event
10-10 16:01:53.577  2042  6998 W SaveEventLogger: Shouldn't be logging AutofillSaveEventReported again for same event
10-10 16:01:53.577  2042  6998 W SessionCommittedEventLogger: Shouldn't be logging AutofillSessionCommitted again for same session.
10-10 16:01:53.577  2042  6998 D AutofillSession: clearPendingIntentLocked
10-10 16:01:53.577  2042  2042 W PresentationStatsEventLogger: Shouldn't be logging AutofillPresentationEventReported again for same event
10-10 16:01:53.577  2042  2042 W FillRequestEventLogger: Shouldn't be logging AutofillFillRequestReported again for same event
10-10 16:01:53.577  2042  2042 W FillResponseEventLogger: Shouldn't be logging AutofillFillRequestReported again for same event
10-10 16:01:53.577  2042  2042 W PresentationStatsEventLogger: Shouldn't be logging AutofillPresentationEventReported again for same event
10-10 16:01:53.577  2042  2042 W SaveEventLogger: Shouldn't be logging AutofillSaveEventReported again for same event
10-10 16:01:53.577  2042  2042 W SessionCommittedEventLogger: Shouldn't be logging AutofillSessionCommitted again for same session.
10-10 16:01:53.578  2042  6998 D CoreBackPreview: Window{5e253a5 u0 eu.europa.ec.euidi/eu.europa.ec.assemblylogic.ui.MainActivity}: Setting back callback null
10-10 16:01:53.580 29971 29971 D FramePredict: FramePredict init: false
10-10 16:01:53.598  2042  2693 W ActivityTaskManager: Can't find TaskDisplayArea to determine support for multi window. Task id=6724 attached=false
10-10 16:01:53.600  4304  4484 D MiuiFullScreenTaskRepository: removeFullScreenTask taskId=6724, topActivity=null
10-10 16:01:53.601 29900 29900 D ActivityThread: Fail to check app heapsize due to java.lang.NoSuchMethodException: dalvik.system.VMRuntime.getBlockingGcCountForAlloc []
10-10 16:01:53.603  4304  4484 D MiuiWindowDecorViewModel: destroyWindowDecoration: taskId=6724, windowingMode=1, mWindowDecorByTaskId.size()=0, callers=com.android.wm.shell.fullscreen.FullscreenTaskListener.onTaskVanished:143 com.android.wm.shell.ShellTaskOrganizer.onTaskVanished:138 android.window.TaskOrganizer$1.lambda$onTaskVanished$5:391 android.window.TaskOrganizer$1.$r8$lambda$cnLAmEuLf_BQ_jFuhQbGGs5ghXo:0 android.window.TaskOrganizer$1$$ExternalSyntheticLambda14.run:4 
10-10 16:01:53.679  4304  4304 D ArtChoreographerMonitor: invoke error.
10-10 16:01:53.705  2042  6998 I SmartPower: com.mi.globalminusscreen/10308(27384): idle->background(57791ms) R(content provider start ContentProviderRecord{9001715 u0 com.mi.globalminusscreen/.widget.provider.WidgetExternalProvider}) adj=100.
10-10 16:01:53.707  2042  6998 D PackageManager: set app component=ComponentInfo{com.android.thememanager/androidx.work.impl.background.systemalarm.RescheduleReceiver} enabled state: 2 from com.android.thememanager,uid=6101,pid=29971
10-10 16:01:54.521  2042  2802 I ExtM    : zram userate is low, no need to flush: 40
10-10 16:01:54.712  2042  2947 I ActivityManager: Broadcast action android.intent.action.PACKAGE_CHANGED forcing include-background
10-10 16:01:54.743  2042  2042 D ActivityManager: checkAllowBackground: uid=1000 pkg=android rec=UidRecord{b77cac0 1000 PER  fgServices change:procadj procs:0 seq(1382345,448524)} caps=LCMNFU always=false idle=false
10-10 16:01:54.747  2042  3120 I SmartPower: com.google.android.permissioncontroller/10214(21951): idle->background(59288ms) R(service create com.google.android.permissioncontroller/com.android.role.controller.service.RoleControllerServiceImpl) adj=0.
10-10 16:01:54.752  2042  3500 D isUidValid: uid = 10214
10-10 16:01:54.841  4304  4484 D MiuiFreeformCursorHandler: updateSupportMouse mSupportMouse：false
10-10 16:01:54.841  4304  4484 D MiuiFreeformCursorHandler: updateSupportMouse mSupportMouse：false
10-10 16:01:54.841  4304  4484 D MiuiFreeformCursorHandler: updateSupportMouse mSupportMouse：false
10-10 16:01:54.841  4304  4484 D MiuiFreeformCursorHandler: updateSupportMouse mSupportMouse：false
10-10 16:01:54.841  4304  4484 D MiuiFreeformCursorHandler: updateSupportMouse mSupportMouse：false
10-10 16:01:54.841  4304  4484 D MiuiFreeformCursorHandler: updateSupportMouse mSupportMouse：false
10-10 16:01:54.912  2042  4541 W AppOps  : setUidMode() called with a mode inconsistent with runtime permission state, this is discouraged and you should revoke the runtime permission instead: uid=10273, switchCode=0, mode=4, permission=android.permission.ACCESS_BACKGROUND_LOCATION
10-10 16:01:54.937  2042  2802 I ExtM    : zram userate is low, no need to flush: 40
10-10 16:01:55.041  2042  2802 I ExtM    : zram userate is low, no need to flush: 40
10-10 16:01:55.214  2042  2787 I SmartPower: com.google.android.apps.messaging:rcs/10165(20559): idle->background(901593ms) R(broadcast start Intent { act=android.intent.action.PACKAGE_CHANGED dat=package: flg=0x45000010 (has extras) }) adj=200.
10-10 16:01:55.215  2042  2787 I SmartPower: android.process.acore/10060(22083): idle->background(901600ms) R(broadcast start Intent { act=android.intent.action.PACKAGE_CHANGED dat=package: flg=0x45000010 (has extras) }) adj=800.
10-10 16:01:55.215  2042  2787 I SmartPower: com.xiaomi.mipicks/10120(22862): idle->background(901600ms) R(broadcast start Intent { act=android.intent.action.PACKAGE_CHANGED dat=package: flg=0x45000010 (has extras) }) adj=915.
10-10 16:01:55.215  2042  2787 I SmartPower: com.xiaomi.discover/10121(23492): idle->background(45569ms) R(broadcast start Intent { act=android.intent.action.PACKAGE_CHANGED dat=package: flg=0x45000010 (has extras) }) adj=905.
10-10 16:01:55.215  2042  2787 I SmartPower: com.facebook.appmanager/10138(27658): idle->background(45569ms) R(broadcast start Intent { act=android.intent.action.PACKAGE_CHANGED dat=package: flg=0x45000010 (has extras) }) adj=905.
10-10 16:01:55.215  2042  2787 I SmartPower: com.google.android.apps.photos/10195(24568): idle->background(901598ms) R(broadcast start Intent { act=android.intent.action.PACKAGE_CHANGED dat=package: flg=0x45000010 (has extras) }) adj=905.
10-10 16:01:55.216  2042  2787 I SmartPower: com.facebook.services/10091(27688): idle->background(1743558ms) R(broadcast start Intent { act=android.intent.action.PACKAGE_CHANGED dat=package: flg=0x45000010 (has extras) }) adj=935.
10-10 16:01:55.217  2042  2787 I SmartPower: com.google.android.contacts/10169(16355): idle->background(901593ms) R(broadcast start Intent { act=android.intent.action.PACKAGE_CHANGED dat=package: flg=0x45000010 (has extras) }) adj=915.
10-10 16:01:55.217  2042  2787 I SmartPower: com.google.android.apps.messaging/10165(16883): idle->background(339559ms) R(broadcast start Intent { act=android.intent.action.PACKAGE_CHANGED dat=package: flg=0x45000010 (has extras) }) adj=905.
10-10 16:01:55.217  2042  2787 I SmartPower: com.google.android.contacts:learning_bg/10169(19191): idle->background(901593ms) R(broadcast start Intent { act=android.intent.action.PACKAGE_CHANGED dat=package: flg=0x45000010 (has extras) }) adj=915.
10-10 16:01:55.217  2042  2787 I SmartPower: com.google.android.documentsui/10066(22300): idle->background(59766ms) R(broadcast start Intent { act=android.intent.action.PACKAGE_CHANGED dat=package: flg=0x45000010 (has extras) }) adj=935.
10-10 16:01:55.237  2042  4541 D ActivityManager: checkAllowBackground: uid=10163 pkg=com.google.android.gms rec=UidRecord{3efeecd u0a163 BTOP change:procadj procs:0 seq(1382347,1293144)} caps=LCMNFU always=false idle=false
10-10 16:01:55.244  4304  4304 D ArtChoreographerMonitor: invoke error.
10-10 16:01:55.252  2042  4541 D ActivityManager: checkAllowBackground: uid=10163 pkg=com.google.android.gms rec=UidRecord{3efeecd u0a163 BTOP change:procadj procs:0 seq(1382347,1293144)} caps=LCMNFU always=false idle=false
10-10 16:01:55.268  2042  4541 D ActivityManager: checkAllowBackground: uid=10138 pkg=com.facebook.appmanager rec=UidRecord{462bf78 u0a138 CEM  idle change:procadj procs:0 seq(1382291,315416)} caps=------ always=false idle=true
10-10 16:01:55.354  2042  3516 I ProcessManager: getRenderThreadTidByPid, caller=2042
10-10 16:01:55.412  2042  2761 D AppWidgetServiceImpl: Provider info from ComponentInfo{com.android.thememanager/com.android.thememanager.appwidget.provider.ThemeRecommendProvider_4x2} won't be persisted.
10-10 16:01:55.412  2042  2761 D AppWidgetServiceImpl: Provider info from ComponentInfo{com.android.thememanager/com.android.thememanager.appwidget.provider.ThemePopularProvider_2x2} won't be persisted.
10-10 16:01:55.412  2042  2761 D AppWidgetServiceImpl: Provider info from ComponentInfo{com.android.thememanager/com.android.thememanager.appwidget.provider.ThemeMoreProvider_4x2} won't be persisted.
10-10 16:01:55.412  2042  2761 D AppWidgetServiceImpl: Provider info from ComponentInfo{com.android.thememanager/com.android.thememanager.appwidget.provider.RingtoneNewProvider_2x2} won't be persisted.
10-10 16:01:55.412  2042  2761 D AppWidgetServiceImpl: Provider info from ComponentInfo{com.android.thememanager/com.android.thememanager.appwidget.provider.RingtoneAddProvider_2x2} won't be persisted.
10-10 16:01:55.413  2042  2761 D AppWidgetServiceImpl: Provider info from ComponentInfo{com.google.android.apps.docs/com.google.android.apps.docs.drive.widget.suggestion.SuggestionAppWidgetProvider} won't be persisted.
10-10 16:01:55.413  2042  2761 D AppWidgetServiceImpl: Provider info from ComponentInfo{com.google.android.apps.docs/com.google.android.apps.docs.drive.widget.CakemixAppWidgetProvider} won't be persisted.
10-10 16:01:55.413  4304  4304 D ArtChoreographerMonitor: invoke error.
10-10 16:01:55.455  2042  4541 D ActivityManager: checkAllowBackground: uid=10163 pkg=com.google.android.gms rec=UidRecord{3efeecd u0a163 BTOP change:procadj procs:0 seq(1382355,1293144)} caps=LCMNFU always=false idle=false
10-10 16:01:55.561  2042  2802 I ExtM    : zram userate is low, no need to flush: 40
10-10 16:01:55.577  2042  9046 D ActivityManager: checkAllowBackground: uid=10163 pkg=com.google.android.gms rec=UidRecord{3efeecd u0a163 BTOP change:procadj procs:0 seq(1382357,1293144)} caps=LCMNFU always=false idle=false
10-10 16:01:55.689  2042  4541 D CompatibilityChangeReporter: Compat change id reported: 265464455; UID 10030; state: DISABLED
10-10 16:01:55.689  2042  4541 D CompatibilityChangeReporter: Compat change id reported: 265452344; UID 10030; state: DISABLED
10-10 16:01:55.689  2042  4541 D CompatibilityChangeReporter: Compat change id reported: 266124927; UID 10030; state: DISABLED
10-10 16:01:55.689  2042  4541 D CompatibilityChangeReporter: Compat change id reported: 265451093; UID 10030; state: DISABLED
10-10 16:01:55.689  2042  4541 D CompatibilityChangeReporter: Compat change id reported: 265456536; UID 10030; state: DISABLED
10-10 16:01:55.689  2042  4541 D CompatibilityChangeReporter: Compat change id reported: 255940284; UID 10030; state: DISABLED
10-10 16:01:55.689  2042  4541 D CompatibilityChangeReporter: Compat change id reported: 236283604; UID 10030; state: DISABLED
10-10 16:01:55.689  2042  4541 D CompatibilityChangeReporter: Compat change id reported: 263959004; UID 10030; state: DISABLED
10-10 16:01:55.689  2042  4541 D CompatibilityChangeReporter: Compat change id reported: 264304459; UID 10030; state: DISABLED
10-10 16:01:55.690  2042  4541 D CompatibilityChangeReporter: Compat change id reported: 264301586; UID 10030; state: DISABLED
10-10 16:01:55.690  2042  4541 D CompatibilityChangeReporter: Compat change id reported: 254631730; UID 10030; state: DISABLED
10-10 16:01:55.690  2042  4541 D CompatibilityChangeReporter: Compat change id reported: 273509367; UID 10030; state: DISABLED
10-10 16:01:55.690  2042  4541 D CompatibilityChangeReporter: Compat change id reported: 263259275; UID 10030; state: DISABLED
10-10 16:01:55.690  2042  4541 D CompatibilityChangeReporter: Compat change id reported: 174042980; UID 10030; state: DISABLED
10-10 16:01:55.690  2042  4541 D CompatibilityChangeReporter: Compat change id reported: 174042936; UID 10030; state: DISABLED
10-10 16:01:55.690  2042  4541 D CompatibilityChangeReporter: Compat change id reported: 181136395; UID 10030; state: DISABLED
10-10 16:01:55.690  2042  4541 D CompatibilityChangeReporter: Compat change id reported: 194480991; UID 10030; state: ENABLED
10-10 16:01:55.691  2042  4541 I SmartPower: eu.europa.ec.euidi/10030(29900): background->invisible(2160ms) R(become foreground) adj=900.
10-10 16:01:55.691  2042  4541 D WindowManager: Collecting in transition 810: ActivityRecord{5f2751c u0 eu.europa.ec.euidi/eu.europa.ec.assemblylogic.ui.MainActivity init visibleRequested:false
10-10 16:01:55.691  2042  4541 D MiuiFreeFormManagerService: activeOrFullscreenFreeformTaskIfNeed startDefaultAr:false
10-10 16:01:55.694  4304  4484 D OneHandedController: stopOneHanded state is 0
10-10 16:01:55.697  2042  4541 D WindowManager: setLockTaskAuth: task=Task{278f6fa #6725 type=standard A=10030:eu.europa.ec.euidi} mLockTaskAuth=LOCK_TASK_AUTH_PINNABLE
10-10 16:01:55.697  2042  4541 D WindowManager: Collecting in transition 810: Task{278f6fa #6725 type=standard A=10030:eu.europa.ec.euidi} init visibleRequested:false
10-10 16:01:55.698  2042  4541 D CompatibilityChangeReporter: Compat change id reported: 184838306; UID 10030; state: DISABLED
10-10 16:01:55.699  2042  4541 D CompatibilityChangeReporter: Compat change id reported: 185004937; UID 10030; state: DISABLED
10-10 16:01:55.702  2042  4541 D WindowManager: setLockTaskAuth: task=Task{278f6fa #6725 type=standard A=10030:eu.europa.ec.euidi} mLockTaskAuth=LOCK_TASK_AUTH_PINNABLE
10-10 16:01:55.703  2042  4541 D CompatibilityChangeReporter: Compat change id reported: 197654537; UID 10030; state: ENABLED
10-10 16:01:55.703  2042  4541 D MiuiFreeFormManagerService: onStartActivityInner as = Task{278f6fa #6725 type=standard A=10030:eu.europa.ec.euidi} op = null
10-10 16:01:55.704  2042  4541 D ActivityTaskManager: Task#startActivityLocked isOrhasTask=true newTask=true
10-10 16:01:55.705  2042  4541 D CompatibilityChangeReporter: Compat change id reported: 205907456; UID 10030; state: ENABLED
10-10 16:01:55.709  2042  4541 D WindowManager: Collecting in transition 810: ActivityRecord{5f2751c u0 eu.europa.ec.euidi/eu.europa.ec.assemblylogic.ui.MainActivity t6725} init visibleRequested:false
10-10 16:01:55.710  2042  4541 D WindowManager: Requesting StartTransition: TransitionRecord{3fc5ea1 id=810 type=OPEN flags=0x0}
10-10 16:01:55.710  2042  4541 I ActivityTaskManager: START u0 {act=android.intent.action.VIEW cat=[android.intent.category.BROWSABLE] dat=eu.europa.ec.euidi://authorization/... flg=0x14000000 cmp=eu.europa.ec.euidi/eu.europa.ec.assemblylogic.ui.MainActivity (has extras)} with LAUNCH_SINGLE_TASK from uid 10172 from pid 25786 callingPackage com.android.chrome (BAL_ALLOW_VISIBLE_WINDOW) result code=0
10-10 16:01:55.712  4304  4484 I SoScUtils: monitorTransitionRequest mRequestOpenTransition:null mRequestOpenTriggerTask:-1 mRequestCloseTransition:null mRequestCloseTriggerTask:-1 mRequestCloseStageType:-1
10-10 16:01:55.713  2042  4541 D WindowManager: Set transition=TransitionRecord{3fc5ea1 id=810 type=OPEN flags=0x0}, ready=false, SyncId=810 used=true, override=false, defer=0, states=Display{#0 state=ON size=1080x2400 ROTATION_0}:false
10-10 16:01:55.713  4304  4575 D TaskSnapshot_Helper: SYS is normal.
10-10 16:01:55.717  4304  4572 D ArtChoreographerMonitor: invoke error.
10-10 16:01:55.720  2042  4772 D CompatibilityChangeReporter: Compat change id reported: 168419799; UID 10030; state: DISABLED
10-10 16:01:55.721  4304  4484 D OneHandedController: stopOneHanded state is 0
10-10 16:01:55.721  2042  4772 D CompatibilityChangeReporter: Compat change id reported: 273564678; UID 10030; state: DISABLED
10-10 16:01:55.721  4304  4484 D OneHandedController: stopOneHanded state is 0
10-10 16:01:55.736  2042  4541 D CoreBackPreview: Window{b2dc087 u0 Splash Screen eu.europa.ec.euidi}: Setting back callback OnBackInvokedCallbackInfo{mCallback=android.window.IOnBackInvokedCallback$Stub$Proxy@c1bde23, mPriority=0, mIsAnimationCallback=false}
10-10 16:01:55.750  2042  6998 I ActivityTaskManager: The Process eu.europa.ec.euidi Already Exists in BG. So sending its PID: 29900
10-10 16:01:55.752  2042  6998 D WindowManager: Collecting in transition 810: ActivityRecord{5f2751c u0 eu.europa.ec.euidi/eu.europa.ec.assemblylogic.ui.MainActivity t6725} init visibleRequested:false
10-10 16:01:55.753  2042  6998 D WindowManager: Collecting in transition 810: ActivityRecord{f2f67ae u0 com.android.chrome/org.chromium.chrome.browser.ChromeTabbedActivity t6565} init visibleRequested:true
10-10 16:01:55.758  2042  6998 D WindowManager: Collecting in transition 810: ActivityRecord{5f2751c u0 eu.europa.ec.euidi/eu.europa.ec.assemblylogic.ui.MainActivity t6725} init visibleRequested:true
10-10 16:01:55.760  2042  6998 D WindowManagerService: checkFlipFullScreenChange is same, nowIsFullScreen = false
10-10 16:01:55.762  2042  6998 D WindowManager: wms.Input focus has changed to null display=0 updateInputWindows = true
10-10 16:01:55.762  2042  6998 I MultiSenceManagerInternalStub: getInstance
10-10 16:01:55.764  2042  6998 D WindowManager: Collecting in transition 810: ActivityRecord{5f2751c u0 eu.europa.ec.euidi/eu.europa.ec.assemblylogic.ui.MainActivity t6725} init visibleRequested:true
10-10 16:01:55.764  2042  6998 D WindowManager: Set transition=TransitionRecord{3fc5ea1 id=810 type=OPEN flags=0x0}, ready=true, SyncId=810 
10-10 16:01:55.768  2042  6878 W AutofillManagerServiceImpl: getFillEventHistory() called by UID 10273, but service UID is 10163
10-10 16:01:55.773  2042  6998 I BLASTSyncEngine: SyncGroup 810:  Unfinished container:ActivityRecord{5f2751c u0 eu.europa.ec.euidi/eu.europa.ec.assemblylogic.ui.MainActivity t6725}
10-10 16:01:55.773  2042  6998 I BLASTSyncEngine: isActivitySyncFinished isSyncFinished false ActivityRecord{5f2751c u0 eu.europa.ec.euidi/eu.europa.ec.assemblylogic.ui.MainActivity t6725}
10-10 16:01:55.774  4304  4484 D MiuiFullScreenTaskRepository: removeFocusedTask displayId=0
10-10 16:01:55.774  4304  4484 D MiuiFullScreenTaskRepository: addOrUpdateFullScreenTaskInfo taskId=6565, topActivity=ComponentInfo{com.android.chrome/org.chromium.chrome.browser.ChromeTabbedActivity}
10-10 16:01:55.782  2042  2690 D Aurogon :  uid = 10030 switch to FG
10-10 16:01:55.787  2042  2693 D WindowManager: Set transition=TransitionRecord{3fc5ea1 id=810 type=OPEN flags=0x0}, ready=true, SyncId=810 
10-10 16:01:55.788  2042  2693 I SmartPower: eu.europa.ec.euidi/10030(29900): invisible->visible(97ms) R(become visible) adj=0.
10-10 16:01:55.789  2042  2693 I WindowManager: wms.showSurfaceRobustly mWin:Window{b2dc087 u0 Splash Screen eu.europa.ec.euidi}
10-10 16:01:55.789  2042  2693 D WindowManager: Final targets: [Task{278f6fa #6725 type=standard A=10030:eu.europa.ec.euidi}, Task{ac848dc #6565 type=standard A=10172:com.android.chrome}]
10-10 16:01:55.817  2042  2693 D WindowManager: Calling onTransitionReady info={id=810 t=OPEN f=0x0 trk=0 r=[0@Point(0, 0)] c=[{WCT{RemoteToken{27d12aa Task{278f6fa #6725 type=standard A=10030:eu.europa.ec.euidi}}} m=OPEN f=NONE leash=Surface(name=Task=6725#16713)/@0x7929525 sb=Rect(0, 0 - 1080, 2400) eb=Rect(0, 0 - 1080, 2400) d=0},{WCT{RemoteToken{be892c5 Task{ac848dc #6565 type=standard A=10172:com.android.chrome}}} m=TO_BACK f=NONE leash=Surface(name=Task=6565#9987)/@0x75a594f sb=Rect(0, 0 - 1080, 2400) eb=Rect(0, 0 - 1080, 2400) d=0}] noAni=[false] df=[false] mk=[true] nc=[0]}, mToken=Token{46cee9b TransitionRecord{3fc5ea1 id=810 type=OPEN flags=0x0}}
10-10 16:01:55.818  2042  2693 I BLASTSyncEngine: finishNow: after onTransactionReady, mSyncId=810
10-10 16:01:55.820  4304  4484 D MiuiFreeformAnimation: startAnimation change: {WCT{android.window.IWindowContainerToken$Stub$Proxy@16519a1} m=OPEN f=NONE leash=Surface(name=Task=6725#16713)/@0xdea5fa sb=Rect(0, 0 - 1080, 2400) eb=Rect(0, 0 - 1080, 2400) d=0} info.getType(): 1
10-10 16:01:55.820  4304  4484 I MiuiFreeformAnimation: isLaunchWidgetPicker=false,taskInfo.getWindowingMode()=1, taskInfo.getActivityType()=1
10-10 16:01:55.822  4304  4484 D MiuiFreeformAnimation: startAnimation change: {WCT{android.window.IWindowContainerToken$Stub$Proxy@96127c6} m=TO_BACK f=NONE leash=Surface(name=Task=6565#9987)/@0xebb07ab sb=Rect(0, 0 - 1080, 2400) eb=Rect(0, 0 - 1080, 2400) d=0} info.getType(): 1
10-10 16:01:55.822  4304  4484 W MiuiTaskTransitionHandler: Receive an unknown transition, token=android.os.BinderProxy@38c39bb, type=1
10-10 16:01:55.823  4304  4484 D TransitionAnimationHelper:  load default animation  type = 1 enter = false animAttr = 9 isTask = true translucent = false
10-10 16:01:55.823  4304  4484 D TransitionAnimationHelper:  load default animation  type = 1 enter = true animAttr = 8 isTask = true translucent = false
10-10 16:01:55.827  4304  4484 D MiuiFullScreenTaskRepository: setFocusedTask taskId=6725, displayId=0, topActivity=ComponentInfo{eu.europa.ec.euidi/eu.europa.ec.assemblylogic.ui.MainActivity}
10-10 16:01:55.827  4304  4484 D MiuiFullScreenTaskRepository: addOrUpdateFullScreenTaskInfo taskId=6725, topActivity=ComponentInfo{eu.europa.ec.euidi/eu.europa.ec.assemblylogic.ui.MainActivity}
10-10 16:01:55.827  4304  4520 D ShellTransitions: speed ui!!!!!!!!!!!
10-10 16:01:55.834  4304  4484 D SoScUtils: monitorTransitionFinished transition:android.os.BinderProxy@38c39bb transaction: android.view.SurfaceControl$Transaction@af1319b mRequestCloseTransition:null mRequestOpenTransition:null mPairsOpenTransition:null mPairsOpenTransitionNull:null mRequestOpenTriggerTask:-1 mRequestCloseTriggerTask:-1 mOrientationTransition: null mMainStartingTask:-1 mSideStartingTask:-1
10-10 16:01:55.840  2042  8104 I Transition: finishTransition: updateLastSurfacePosition tf=Task{278f6fa #6725 type=standard A=10030:eu.europa.ec.euidi}
10-10 16:01:55.851  4304  4484 D MiuiFullScreenTaskRepository: setFocusedTask taskId=6725, displayId=0, topActivity=ComponentInfo{eu.europa.ec.euidi/eu.europa.ec.assemblylogic.ui.MainActivity}
10-10 16:01:55.851  4304  4484 D MiuiFullScreenTaskRepository: addOrUpdateFullScreenTaskInfo taskId=6725, topActivity=ComponentInfo{eu.europa.ec.euidi/eu.europa.ec.assemblylogic.ui.MainActivity}
10-10 16:01:55.852  4304  4484 D MiuiFreeformModeController: onFocusTaskChanged taskInfo: TaskInfo{userId=0 taskId=6725 displayId=0 isRunning=true baseIntent=Intent { act=android.intent.action.VIEW cat=[android.intent.category.BROWSABLE] dat=eu.europa.ec.euidi://authorization/... flg=0x14000000 cmp=eu.europa.ec.euidi/eu.europa.ec.assemblylogic.ui.MainActivity } baseActivity=ComponentInfo{eu.europa.ec.euidi/eu.europa.ec.assemblylogic.ui.MainActivity} topActivity=ComponentInfo{eu.europa.ec.euidi/eu.europa.ec.assemblylogic.ui.MainActivity} origActivity=null realActivity=ComponentInfo{eu.europa.ec.euidi/eu.europa.ec.assemblylogic.ui.MainActivity} numActivities=1 lastActiveTime=346628080 supportsSplitScreenMultiWindow=true supportsMultiWindow=true resizeMode=1 isResizeable=true minWidth=-1 minHeight=-1 defaultMinSize=200 token=WCT{android.window.IWindowContainerToken$Stub$Proxy@eb18938} topActivityType=1 pictureInPictureParams=null shouldDockBigOverlays=false launchIntoPipHostTaskId=-1 lastParentTaskIdBeforePip=-1 displayCutoutSafeInsets=Rect(0, 94 - 0, 0) topActivityInfo=ActivityInfo{2b6ad11 eu.europa.ec.assemblylogic.ui.MainActivity} launchCookies=[] positionInParent=Point(0, 0) parentTaskId=-1 isFocused=true isVisible=true isVisibleRequested=true isSleeping=false topActivityInSizeCompat=false topActivityInMiuiSizeCompat=false topActivityEligibleForLetterboxEducation= false topActivityLetterboxed= false isFromDoubleTap= false topActivityLetterboxVerticalPosition= -1 topActivityLetterboxHorizontalPosition= -1 topActivityLetterboxWidth=-1 topActivityLetterboxHeight=-1 locusId=null displayAreaFeatureId=1 cameraCompatControlState=hidden mIsCastMode=false mTopActivityMediaSize=null mTopActivityRecordName=ActivityRecord{5f2751c u0 eu.europa.ec.euidi/eu.europa.ec.assemblylogic.ui.MainActivity t6725} mTopActivityOrientation=1 mTopActivityWindowIsNowVisible=false isTranslucent=false isEmbedded=false shouldBeVisible=true isImmersive=false mBehindAppLockPkg=null mOriginatingUid=0}
10-10 16:01:55.852  4304  4484 D MiuiDesktopModeController: onFocusTaskChanged newFocus: TaskInfo{userId=0 taskId=6725 displayId=0 isRunning=true baseIntent=Intent { act=android.intent.action.VIEW cat=[android.intent.category.BROWSABLE] dat=eu.europa.ec.euidi://authorization/... flg=0x14000000 cmp=eu.europa.ec.euidi/eu.europa.ec.assemblylogic.ui.MainActivity } baseActivity=ComponentInfo{eu.europa.ec.euidi/eu.europa.ec.assemblylogic.ui.MainActivity} topActivity=ComponentInfo{eu.europa.ec.euidi/eu.europa.ec.assemblylogic.ui.MainActivity} origActivity=null realActivity=ComponentInfo{eu.europa.ec.euidi/eu.europa.ec.assemblylogic.ui.MainActivity} numActivities=1 lastActiveTime=346628080 supportsSplitScreenMultiWindow=true supportsMultiWindow=true resizeMode=1 isResizeable=true minWidth=-1 minHeight=-1 defaultMinSize=200 token=WCT{android.window.IWindowContainerToken$Stub$Proxy@eb18938} topActivityType=1 pictureInPictureParams=null shouldDockBigOverlays=false launchIntoPipHostTaskId=-1 lastParentTaskIdBeforePip=-1 displayCutoutSafeInsets=Rect(0, 94 - 0, 0) topActivityInfo=ActivityInfo{2b6ad11 eu.europa.ec.assemblylogic.ui.MainActivity} launchCookies=[] positionInParent=Point(0, 0) parentTaskId=-1 isFocused=true isVisible=true isVisibleRequested=true isSleeping=false topActivityInSizeCompat=false topActivityInMiuiSizeCompat=false topActivityEligibleForLetterboxEducation= false topActivityLetterboxed= false isFromDoubleTap= false topActivityLetterboxVerticalPosition= -1 topActivityLetterboxHorizontalPosition= -1 topActivityLetterboxWidth=-1 topActivityLetterboxHeight=-1 locusId=null displayAreaFeatureId=1 cameraCompatControlState=hidden mIsCastMode=false mTopActivityMediaSize=null mTopActivityRecordName=ActivityRecord{5f2751c u0 eu.europa.ec.euidi/eu.europa.ec.assemblylogic.ui.MainActivity t6725} mTopActivityOrientation=1 mTopActivityWindowIsNowVisible=false isTranslucent=false isEmbedded=false shouldBeVisible=true isImmersive=false mBehindAppLockPkg=null mOriginatingUid=0}
10-10 16:01:55.852  4304  4484 D MiuiFullScreenTaskRepository: addOrUpdateFullScreenTaskInfo taskId=6565, topActivity=ComponentInfo{com.android.chrome/org.chromium.chrome.browser.ChromeTabbedActivity}
10-10 16:01:55.859  2042  6878 I WindowManager: cancelAnimation removed leash : Surface(name=Surface(name=704023a StatusBar#94)/@0xa8be448 - animation-leash of insets_animation#16701)/@0xa07305b
10-10 16:01:55.861  2042  4565 D SchedBoost: com.android.chrome boosting, skip reset priority
10-10 16:01:55.861  2042  4565 D SchedBoost: com.android.chrome:sandboxed_process0:org.chromium.content.app.SandboxedProcessService0:101 boosting, skip reset priority
10-10 16:01:55.863  2042  6878 I WindowManager: cancelAnimation removed leash : Surface(name=Surface(name=d968687 NavigationBar0#90)/@0x2f479dd - animation-leash of insets_animation#16702)/@0x37ba9d1
10-10 16:01:55.873  4304 26970 D MiuiFreeformModeObserver: activityResumed() intent： Intent { cmp=eu.europa.ec.euidi/eu.europa.ec.assemblylogic.ui.MainActivity (has extras) }
10-10 16:01:55.885  2042  8104 D CoreBackPreview: Window{35dde4d u0 eu.europa.ec.euidi/eu.europa.ec.assemblylogic.ui.MainActivity}: Setting back callback OnBackInvokedCallbackInfo{mCallback=android.window.IOnBackInvokedCallback$Stub$Proxy@9a9c181, mPriority=0, mIsAnimationCallback=false}
10-10 16:01:55.891  2042  4541 I WindowManager: cancelAnimation removed leash : Surface(name=Surface(name=704023a StatusBar#94)/@0xa8be448 - animation-leash of insets_animation#16721)/@0x386b17c
10-10 16:01:55.892  2042  4541 I WindowManager: cancelAnimation removed leash : Surface(name=Surface(name=d968687 NavigationBar0#90)/@0x2f479dd - animation-leash of insets_animation#16722)/@0x5577a5a
10-10 16:01:55.894  2042  4541 D WindowManager: wms.Input focus has changed to Window{35dde4d u0 eu.europa.ec.euidi/eu.europa.ec.assemblylogic.ui.MainActivity} display=0 updateInputWindows = true
10-10 16:01:55.894  2042  4541 I MultiSenceManagerInternalStub: getInstance
10-10 16:01:55.906  2042  8104 D WindowManager: wms.finishDrawingLocked: mDrawState=COMMIT_DRAW_PENDING Window{35dde4d u0 eu.europa.ec.euidi/eu.europa.ec.assemblylogic.ui.MainActivity} in Surface(name=eu.europa.ec.euidi/eu.europa.ec.assemblylogic.ui.MainActivity#16723)/@0x102e226
10-10 16:01:55.907  2042  2693 D TaskSnapshot_Helper: shouldDelay()... Not launched by home, no delay needed.
10-10 16:01:55.911  2042  2693 I WindowManager: wms.showSurfaceRobustly mWin:Window{35dde4d u0 eu.europa.ec.euidi/eu.europa.ec.assemblylogic.ui.MainActivity}
10-10 16:01:55.917  2042  8104 I SmartPower: com.android.chrome/10172(25786): visible->invisible(2472ms) R(become invisible) adj=200.
10-10 16:01:55.917  2042  8104 I SmartPower: com.android.chrome:privileged_process2/10172(971): invisible->background(2823ms) R(become background) adj=0.
10-10 16:01:55.917  2042  8104 I SmartPower: com.android.chrome/10172(25786): invisible->background(0ms) R(become background) adj=200.
10-10 16:01:55.935  2042  8104 D CoreBackPreview: Window{b2dc087 u0 Splash Screen eu.europa.ec.euidi EXITING}: Setting back callback null
10-10 16:01:55.942  2042  6998 D CoreBackPreview: Window{13dfb59 u0 com.android.chrome/org.chromium.chrome.browser.ChromeTabbedActivity}: Setting back callback OnBackInvokedCallbackInfo{mCallback=android.window.IOnBackInvokedCallback$Stub$Proxy@cac872d, mPriority=-1, mIsAnimationCallback=false}
10-10 16:01:55.945  2042  4772 W PackageConfigPersister: App-specific configuration not found for packageName: eu.europa.ec.euidi and userId: 0
10-10 16:01:55.953  2042  3524 I SmartPower: com.google.android.inputmethod.latin/10176(6431): background->idle(3001ms) R(become background) adj=100.
10-10 16:01:55.954  2042  4080 I WindowManager: cancelAnimation removed leash : Surface(name=Surface(name=49d5fba InputMethod#118)/@0xbb23dc8 - animation-leash of insets_animation#16711)/@0xaebf83b
10-10 16:01:55.958  2042  2692 D SchedBoost: com.google.android.adservices.api boosting, skip reset priority
10-10 16:01:55.958  2042  2692 D SchedBoost: com.android.chrome:privileged_process2 boosting, skip reset priority
10-10 16:01:55.965 25786 25786 D ActivityThread: Fail to check app heapsize due to java.lang.NoSuchMethodException: dalvik.system.VMRuntime.getBlockingGcCountForAlloc []
10-10 16:01:55.970  2042  2690 D Aurogon :  uid = 10172 switch to BG
10-10 16:01:55.971  2042  3500 D isUidValid: uid = 10172
10-10 16:01:55.977  2042  2802 I ExtM    : zram userate is low, no need to flush: 40
10-10 16:01:56.080  2042  2802 I ExtM    : zram userate is low, no need to flush: 40
10-10 16:01:56.089  2183  2183 I wificond: station_bandwidth: P
10-10 16:01:56.264  4304  4304 D ArtChoreographerMonitor: invoke error.
10-10 16:01:56.330  2042  2042 W AccessibilityManagerService:  wait for adding window timeout: 3784
10-10 16:01:56.705  2042  3524 I SmartPower: com.mi.globalminusscreen/10308(27384): background->idle(3000ms) R(content provider start ContentProviderRecord{9001715 u0 com.mi.globalminusscreen/.widget.provider.WidgetExternalProvider}) adj=100.
10-10 16:01:56.944  4304  4572 D ArtChoreographerMonitor: invoke error.
10-10 16:01:56.945  2042  2074 D ActivityManager: checkAllowBackground: uid=1000 pkg=android rec=UidRecord{b77cac0 1000 PER  fgServices change:procadj procs:0 seq(1382616,448524)} caps=LCMNFU always=false idle=false
10-10 16:01:57.116  4304  4304 D ArtChoreographerMonitor: invoke error.
10-10 16:01:57.916  2042  2702 D HeapUsage Monitor: HeapAllocSize : 96MB; monitorSize : 500MB
10-10 16:01:57.958  2042  4565 W FillRequestEventLogger: Couldn't find packageName: com.google.android.inputmethod.latin
10-10 16:01:57.969  2042  4772 I InputMethodManagerService: IMMS.showSoftInput(), client = com.android.internal.inputmethod.IInputMethodClient$Stub$Proxy@5dfe20e
10-10 16:01:57.969  2042  4772 I InputMethodManagerService: IMMS.showCurrentInputLocked(), flags = 0
10-10 16:01:57.969  2042  4772 D SmartPower: com.google.android.inputmethod.latin/10176(6431): show input method
10-10 16:01:57.969  2042  4772 I SmartPower: com.google.android.inputmethod.latin/10176(6431): idle->visible(2016ms) R(show input method) adj=100.
10-10 16:01:57.969  2042  4080 W PackageConfigPersister: App-specific configuration not found for packageName: eu.europa.ec.euidi and userId: 0
10-10 16:01:57.969  2042  4772 I DefaultImeVisibilityApplier: IMMS.showCurrentInputLocked request ims to show inputMethod.
10-10 16:01:57.970  2042  4080 W PackageConfigPersister: App-specific configuration not found for packageName: eu.europa.ec.euidi and userId: 0
10-10 16:01:57.974  2042  4565 D AutofillSession: createPendingIntent for request 1375
10-10 16:01:57.974  2042  4565 D ContentCapturePerUserService: Notified activity assist data for activity: Token{81d84ab ActivityRecord{5f2751c u0 eu.europa.ec.euidi/eu.europa.ec.assemblylogic.ui.MainActivity t6725}} without a session Id
10-10 16:01:57.980  2042  4565 I InputMethodManagerService: IMMS.showSoftInput(), client = com.android.internal.inputmethod.IInputMethodClient$Stub$Proxy@93d5741
10-10 16:01:57.980  2042  4565 I InputMethodManagerService: IMMS.showCurrentInputLocked(), flags = 0
10-10 16:01:57.980  2042  4565 D SmartPower: com.google.android.inputmethod.latin/10176(6431): show input method
10-10 16:01:57.980  2042  4565 I DefaultImeVisibilityApplier: IMMS.showCurrentInputLocked request ims to show inputMethod.
10-10 16:01:57.990  2042  9046 I InputMethodManagerService: IMMS.applyImeVisibility(), setVisible = true, mCurclient = ClientState{4edcbce mUid=10030 mPid=29900 mSelfReportedDisplayId=0}
10-10 16:01:57.990  2042  9046 I WindowManager: WMS.showImePostLayout(), imeTarget = Window{35dde4d u0 eu.europa.ec.euidi/eu.europa.ec.assemblylogic.ui.MainActivity}
10-10 16:01:57.991  4304  4304 D ArtChoreographerMonitor: invoke error.
10-10 16:01:57.994  4304  4484 D OneHandedController: stopOneHanded state is 0
10-10 16:01:57.994  2042  4565 D CoreBackPreview: Window{35dde4d u0 eu.europa.ec.euidi/eu.europa.ec.assemblylogic.ui.MainActivity}: Setting back callback OnBackInvokedCallbackInfo{mCallback=android.window.IOnBackInvokedCallback$Stub$Proxy@da3fa27, mPriority=0, mIsAnimationCallback=false}
10-10 16:01:57.999  4304  4484 D MiuiFreeformModeController: avoidForInsetsBottomChangedIfNeed oldMoveableBottom: 2270 newMoveableBounds: 2270
10-10 16:01:58.008  4304  4484 D OneHandedController: stopOneHanded state is 0
10-10 16:01:58.012  4304  4484 D MiuiFreeformModeController: avoidForInsetsBottomChangedIfNeed oldMoveableBottom: 2270 newMoveableBounds: 2270
10-10 16:01:58.016  2042  4565 D WindowManager: wms.finishDrawingLocked: mDrawState=COMMIT_DRAW_PENDING Window{49d5fba u0 InputMethod} in Surface(name=InputMethod#16729)/@0xb47267d
10-10 16:01:58.016  2042  6998 I InputMethodManagerService: IMMS.applyImeVisibility(), setVisible = true, mCurclient = ClientState{4edcbce mUid=10030 mPid=29900 mSelfReportedDisplayId=0}
10-10 16:01:58.019  2042  2693 I ImeInsetsSourceProvider: ImeInsetsSourceProvider.scheduleShowImePostLayout() Run showImeRunner.
10-10 16:01:58.019  2042  2693 I ImeInsetsSourceProvider: ImeInsetsSourceProvider.scheduleShowImePostLayout() isReadyToShowIme.
10-10 16:01:58.024  2042  6998 I WindowManager: WMS.showImePostLayout(), imeTarget = Window{35dde4d u0 eu.europa.ec.euidi/eu.europa.ec.assemblylogic.ui.MainActivity}
10-10 16:01:58.025  2042  2693 I ImeInsetsSourceProvider: ImeInsetsSourceProvider.scheduleShowImePostLayout() Run showImeRunner.
10-10 16:01:58.025  2042  2693 I ImeInsetsSourceProvider: ImeInsetsSourceProvider.scheduleShowImePostLayout() isReadyToShowIme.
10-10 16:01:58.028  4304  4484 D MiuiFreeformModeController: avoidForInsetsBottomChangedIfNeed oldMoveableBottom: 2270 newMoveableBounds: 2270
10-10 16:01:58.028  4304  4484 D ImePositionProcessor: onImeVisibilityChanged     isShowing:  true
10-10 16:01:58.028  2042  6999 I WindowManager: cancelAnimation removed leash : Surface(name=Surface(name=d968687 NavigationBar0#90)/@0x2f479dd - animation-leash of insets_animation#16725)/@0x36ffd80
10-10 16:01:58.030  2042  2693 I WindowManager: input method visible height changed 701
10-10 16:01:58.031  2042  3126 I ITouchFeature: current device and process support version:2
10-10 16:01:58.032  2042  2693 I WindowManager: wms.showSurfaceRobustly mWin:Window{49d5fba u0 InputMethod}
10-10 16:01:58.032  4304  4484 D MiuiFreeformModeController: onImeVisibilityChanged imeVisible: true imeHeight: 701 adjustedForRotation:false
10-10 16:01:58.032  4304  4484 D MiuiFreeformModeAvoidAlgorithm: begin autoOrderingAvoidMiniTask
10-10 16:01:58.032  4304  4484 D MiuiFreeformModeAvoidAlgorithm: getCurrMiniPos: SameSideMiniPosList: []
10-10 16:01:58.032  4304  4484 D MiuiFreeformModeAvoidAlgorithm: getCurrMiniPos: SameSideMiniPosList: []
10-10 16:01:58.032  4304  4484 D MiuiFreeformModeAvoidAlgorithm: end autoOrderingAvoidMiniTask res:AvoidResult{distance=0, combination={}, activeTaskPos=Rect(0, 0 - 0, 0)}
10-10 16:01:58.037  2042  4080 D ActivityManager: checkAllowBackground: uid=10163 pkg=com.google.android.gms rec=UidRecord{3efeecd u0a163 FGS  change:procadj procs:0 seq(1382628,1293144)} caps=LCMNFU always=false idle=false
10-10 16:01:58.042  4304  4484 D OneHandedController: stopOneHanded state is 0
