10-10 15:47:49.763  2042  4589 D ActivityManager: checkAllowBackground: uid=10163 pkg=com.google.android.gms rec=UidRecord{3efeecd u0a163 BTOP change:procadj procs:0 seq(1330800,1293144)} caps=LCMNFU always=false idle=false
10-10 15:47:49.765  2042  4689 D AutofillSession: createPendingIntent for request 1277
10-10 15:47:49.766  2042  4689 D ContentCapturePerUserService: Notified activity assist data for activity: Token{4e2570d ActivityRecord{9e47d36 u0 eu.europa.ec.euidi/eu.europa.ec.assemblylogic.ui.MainActivity t6694}} without a session Id
10-10 15:47:49.771  2042  4689 I InputMethodManagerService: IMMS.showCurrentInputLocked(), flags = 1
10-10 15:47:49.772  2042  4689 D SmartPower: com.google.android.inputmethod.latin/10176(6431): show input method
10-10 15:47:49.773  2042  4689 I DefaultImeVisibilityApplier: IMMS.showCurrentInputLocked request ims to show inputMethod.
10-10 15:47:49.773  2042  3095 W PackageConfigPersister: App-specific configuration not found for packageName: eu.europa.ec.euidi and userId: 0
10-10 15:47:49.780  2042  6971 I InputMethodManagerService: IMMS.showSoftInput(), client = com.android.internal.inputmethod.IInputMethodClient$Stub$Proxy@edcdfb3
10-10 15:47:49.780  2042  6971 I InputMethodManagerService: IMMS.showCurrentInputLocked(), flags = 0
10-10 15:47:49.780  2042  6971 D SmartPower: com.google.android.inputmethod.latin/10176(6431): show input method
10-10 15:47:49.780  2042  6971 I DefaultImeVisibilityApplier: IMMS.showCurrentInputLocked request ims to show inputMethod.
10-10 15:47:49.783  2042  6971 D ActivityManager: checkAllowBackground: uid=10163 pkg=com.google.android.gms rec=UidRecord{3efeecd u0a163 BTOP change:procadj procs:0 seq(1330802,1293144)} caps=LCMNFU always=false idle=false
10-10 15:47:49.793  2042  4589 D ActivityManager: checkAllowBackground: uid=10163 pkg=com.google.android.gms rec=UidRecord{3efeecd u0a163 BTOP change:procadj procs:0 seq(1330804,1293144)} caps=LCMNFU always=false idle=false
10-10 15:47:49.795  2042  3095 I InputMethodManagerService: IMMS.applyImeVisibility(), setVisible = true, mCurclient = ClientState{f09a894 mUid=10030 mPid=23604 mSelfReportedDisplayId=0}
10-10 15:47:49.795  2042  3095 I WindowManager: WMS.showImePostLayout(), imeTarget = Window{f121cc u0 eu.europa.ec.euidi/eu.europa.ec.assemblylogic.ui.MainActivity}
10-10 15:47:49.796  2042  2693 I ImeInsetsSourceProvider: ImeInsetsSourceProvider.scheduleShowImePostLayout() Run showImeRunner.
10-10 15:47:49.796  2042  2693 I ImeInsetsSourceProvider: ImeInsetsSourceProvider.scheduleShowImePostLayout() isReadyToShowIme.
10-10 15:47:49.802  2042  6971 D ActivityManager: checkAllowBackground: uid=10163 pkg=com.google.android.gms rec=UidRecord{3efeecd u0a163 BTOP change:procadj procs:0 seq(1330805,1293144)} caps=LCMNFU always=false idle=false
10-10 15:47:49.802  2042  3095 I InputMethodManagerService: IMMS.applyImeVisibility(), setVisible = true, mCurclient = ClientState{f09a894 mUid=10030 mPid=23604 mSelfReportedDisplayId=0}
10-10 15:47:49.802  2042  3095 I WindowManager: WMS.showImePostLayout(), imeTarget = Window{f121cc u0 eu.europa.ec.euidi/eu.europa.ec.assemblylogic.ui.MainActivity}
10-10 15:47:49.805  2042  2693 I ImeInsetsSourceProvider: ImeInsetsSourceProvider.scheduleShowImePostLayout() Run showImeRunner.
10-10 15:47:49.805  2042  2693 I ImeInsetsSourceProvider: ImeInsetsSourceProvider.scheduleShowImePostLayout() isReadyToShowIme.
10-10 15:47:49.806  4304  4484 D OneHandedController: stopOneHanded state is 0
10-10 15:47:49.809  2042  4689 D ActivityManager: checkAllowBackground: uid=10163 pkg=com.google.android.gms rec=UidRecord{3efeecd u0a163 BTOP change:procadj procs:0 seq(1330808,1293144)} caps=LCMNFU always=false idle=false
10-10 15:47:49.812  4304  4484 D OneHandedController: stopOneHanded state is 0
10-10 15:47:49.826  2042  4689 D ActivityManager: checkAllowBackground: uid=10163 pkg=com.google.android.gms rec=UidRecord{3efeecd u0a163 BTOP change:procadj procs:0 seq(1330810,1293144)} caps=LCMNFU always=false idle=false
10-10 15:47:49.848  2042  3095 D ActivityManager: checkAllowBackground: uid=10163 pkg=com.google.android.gms rec=UidRecord{3efeecd u0a163 BTOP change:procadj procs:0 seq(1330812,1293144)} caps=LCMNFU always=false idle=false
10-10 15:47:49.860  2042  4589 D WindowManagerService: checkFlipFullScreenChange is same, nowIsFullScreen = false
10-10 15:47:49.862  2042  3095 W PresentationStatsEventLogger: Shouldn't be logging AutofillPresentationEventReported again for same event
10-10 15:47:49.862  2042  3095 W FillRequestEventLogger: Couldn't find packageName: com.google.android.inputmethod.latin
10-10 15:47:49.863  2042  2042 E RemoteFillService: Error calling on fill request
10-10 15:47:49.863  2042  2042 E RemoteFillService: java.util.concurrent.CancellationException
10-10 15:47:49.863  2042  2042 E RemoteFillService: 	at java.util.concurrent.CompletableFuture.cancel(CompletableFuture.java:2498)
10-10 15:47:49.863  2042  2042 E RemoteFillService: 	at com.android.internal.infra.AndroidFuture.cancel(AndroidFuture.java:153)
10-10 15:47:49.863  2042  2042 E RemoteFillService: 	at com.android.internal.infra.ServiceConnector$Impl$CompletionAwareJob.cancel(ServiceConnector.java:790)
10-10 15:47:49.863  2042  2042 E RemoteFillService: 	at com.android.server.autofill.RemoteFillService.cancelCurrentRequest(RemoteFillService.java:136)
10-10 15:47:49.863  2042  2042 E RemoteFillService: 	at com.android.server.autofill.Session.cancelCurrentRequestLocked(Session.java:1130)
10-10 15:47:49.863  2042  2042 E RemoteFillService: 	at com.android.server.autofill.Session.requestNewFillResponseLocked(Session.java:1228)
10-10 15:47:49.863  2042  2042 E RemoteFillService: 	at com.android.server.autofill.Session.requestNewFillResponseOnViewEnteredIfNecessaryLocked(Session.java:3802)
10-10 15:47:49.863  2042  2042 E RemoteFillService: 	at com.android.server.autofill.Session.updateLocked(Session.java:4086)
10-10 15:47:49.863  2042  2042 E RemoteFillService: 	at com.android.server.autofill.AutofillManagerServiceImpl.updateSessionLocked(AutofillManagerServiceImpl.java:652)
10-10 15:47:49.863  2042  2042 E RemoteFillService: 	at com.android.server.autofill.AutofillManagerService$AutoFillManagerServiceStub.updateSession(AutofillManagerService.java:1922)
10-10 15:47:49.863  2042  2042 E RemoteFillService: 	at android.view.autofill.IAutoFillManager$Stub.onTransact(IAutoFillManager.java:332)
10-10 15:47:49.863  2042  2042 E RemoteFillService: 	at android.os.Binder.execTransactInternal(Binder.java:1351)
10-10 15:47:49.863  2042  2042 E RemoteFillService: 	at android.os.Binder.execTransact(Binder.java:1282)
10-10 15:47:49.868  2042  3095 D AutofillSession: createPendingIntent for request 1278
10-10 15:47:49.868  2042  3095 D ContentCapturePerUserService: Notified activity assist data for activity: Token{4e2570d ActivityRecord{9e47d36 u0 eu.europa.ec.euidi/eu.europa.ec.assemblylogic.ui.MainActivity t6694}} without a session Id
10-10 15:47:49.876  2042  4589 I InputMethodManagerService: IMMS.showCurrentInputLocked(), flags = 1
10-10 15:47:49.876  2042  4589 D SmartPower: com.google.android.inputmethod.latin/10176(6431): show input method
10-10 15:47:49.876  2042  4589 I DefaultImeVisibilityApplier: IMMS.showCurrentInputLocked request ims to show inputMethod.
10-10 15:47:49.878  2042  6971 W PackageConfigPersister: App-specific configuration not found for packageName: eu.europa.ec.euidi and userId: 0
10-10 15:47:49.886  2042  4589 I InputMethodManagerService: IMMS.showSoftInput(), client = com.android.internal.inputmethod.IInputMethodClient$Stub$Proxy@37b8688
10-10 15:47:49.886  2042  4589 I InputMethodManagerService: IMMS.showCurrentInputLocked(), flags = 0
10-10 15:47:49.886  2042  4589 D SmartPower: com.google.android.inputmethod.latin/10176(6431): show input method
10-10 15:47:49.886  2042  4589 I DefaultImeVisibilityApplier: IMMS.showCurrentInputLocked request ims to show inputMethod.
10-10 15:47:49.887  2042  3095 D ActivityManager: checkAllowBackground: uid=10163 pkg=com.google.android.gms rec=UidRecord{3efeecd u0a163 BTOP change:procadj procs:0 seq(1330814,1293144)} caps=LCMNFU always=false idle=false
10-10 15:47:49.903  2042  6971 I InputMethodManagerService: IMMS.applyImeVisibility(), setVisible = true, mCurclient = ClientState{f09a894 mUid=10030 mPid=23604 mSelfReportedDisplayId=0}
10-10 15:47:49.903  2042  4589 D ActivityManager: checkAllowBackground: uid=10163 pkg=com.google.android.gms rec=UidRecord{3efeecd u0a163 BTOP change:procadj procs:0 seq(1330816,1293144)} caps=LCMNFU always=false idle=false
10-10 15:47:49.904  2042  6971 I WindowManager: WMS.showImePostLayout(), imeTarget = Window{f121cc u0 eu.europa.ec.euidi/eu.europa.ec.assemblylogic.ui.MainActivity}
10-10 15:47:49.905  2042  2693 I ImeInsetsSourceProvider: ImeInsetsSourceProvider.scheduleShowImePostLayout() Run showImeRunner.
10-10 15:47:49.905  2042  2693 I ImeInsetsSourceProvider: ImeInsetsSourceProvider.scheduleShowImePostLayout() isReadyToShowIme.
10-10 15:47:49.908  2042  4689 D ActivityManager: checkAllowBackground: uid=10163 pkg=com.google.android.gms rec=UidRecord{3efeecd u0a163 BTOP change:procadj procs:0 seq(1330817,1293144)} caps=LCMNFU always=false idle=false
10-10 15:47:49.908  2042  4772 I InputMethodManagerService: IMMS.applyImeVisibility(), setVisible = true, mCurclient = ClientState{f09a894 mUid=10030 mPid=23604 mSelfReportedDisplayId=0}
10-10 15:47:49.908  2042  4772 I WindowManager: WMS.showImePostLayout(), imeTarget = Window{f121cc u0 eu.europa.ec.euidi/eu.europa.ec.assemblylogic.ui.MainActivity}
10-10 15:47:49.909  2042  2693 I ImeInsetsSourceProvider: ImeInsetsSourceProvider.scheduleShowImePostLayout() Run showImeRunner.
10-10 15:47:49.909  2042  2693 I ImeInsetsSourceProvider: ImeInsetsSourceProvider.scheduleShowImePostLayout() isReadyToShowIme.
10-10 15:47:49.912  4304  4484 D OneHandedController: stopOneHanded state is 0
10-10 15:47:49.913  4304  4484 D OneHandedController: stopOneHanded state is 0
10-10 15:47:49.915  2042  3095 D ActivityManager: checkAllowBackground: uid=10163 pkg=com.google.android.gms rec=UidRecord{3efeecd u0a163 BTOP change:procadj procs:0 seq(1330820,1293144)} caps=LCMNFU always=false idle=false
10-10 15:47:49.918  2042  7011 D ActivityManager: checkAllowBackground: uid=10163 pkg=com.google.android.gms rec=UidRecord{3efeecd u0a163 BTOP change:procadj procs:0 seq(1330821,1293144)} caps=LCMNFU always=false idle=false
10-10 15:47:49.937  2042  4100 D ActivityManager: checkAllowBackground: uid=10163 pkg=com.google.android.gms rec=UidRecord{3efeecd u0a163 BTOP change:procadj procs:0 seq(1330824,1293144)} caps=LCMNFU always=false idle=false
10-10 15:47:49.950  2042  4100 D ActivityManager: checkAllowBackground: uid=10163 pkg=com.google.android.gms rec=UidRecord{3efeecd u0a163 BTOP change:procadj procs:0 seq(1330826,1293144)} caps=LCMNFU always=false idle=false
10-10 15:47:49.975  2042  7011 D WindowManagerService: checkFlipFullScreenChange is same, nowIsFullScreen = false
10-10 15:47:49.977  2042  4772 W PresentationStatsEventLogger: Shouldn't be logging AutofillPresentationEventReported again for same event
10-10 15:47:49.977  2042  4772 W FillRequestEventLogger: Couldn't find packageName: com.google.android.inputmethod.latin
10-10 15:47:49.978  2042  2042 E RemoteFillService: Error calling on fill request
10-10 15:47:49.978  2042  2042 E RemoteFillService: java.util.concurrent.CancellationException
10-10 15:47:49.978  2042  2042 E RemoteFillService: 	at java.util.concurrent.CompletableFuture.cancel(CompletableFuture.java:2498)
10-10 15:47:49.978  2042  2042 E RemoteFillService: 	at com.android.internal.infra.AndroidFuture.cancel(AndroidFuture.java:153)
10-10 15:47:49.978  2042  2042 E RemoteFillService: 	at com.android.internal.infra.ServiceConnector$Impl$CompletionAwareJob.cancel(ServiceConnector.java:790)
10-10 15:47:49.978  2042  2042 E RemoteFillService: 	at com.android.server.autofill.RemoteFillService.cancelCurrentRequest(RemoteFillService.java:136)
10-10 15:47:49.978  2042  2042 E RemoteFillService: 	at com.android.server.autofill.Session.cancelCurrentRequestLocked(Session.java:1130)
10-10 15:47:49.978  2042  2042 E RemoteFillService: 	at com.android.server.autofill.Session.requestNewFillResponseLocked(Session.java:1228)
10-10 15:47:49.978  2042  2042 E RemoteFillService: 	at com.android.server.autofill.Session.requestNewFillResponseOnViewEnteredIfNecessaryLocked(Session.java:3802)
10-10 15:47:49.978  2042  2042 E RemoteFillService: 	at com.android.server.autofill.Session.updateLocked(Session.java:4086)
10-10 15:47:49.978  2042  2042 E RemoteFillService: 	at com.android.server.autofill.AutofillManagerServiceImpl.updateSessionLocked(AutofillManagerServiceImpl.java:652)
10-10 15:47:49.978  2042  2042 E RemoteFillService: 	at com.android.server.autofill.AutofillManagerService$AutoFillManagerServiceStub.updateSession(AutofillManagerService.java:1922)
10-10 15:47:49.978  2042  2042 E RemoteFillService: 	at android.view.autofill.IAutoFillManager$Stub.onTransact(IAutoFillManager.java:332)
10-10 15:47:49.978  2042  2042 E RemoteFillService: 	at android.os.Binder.execTransactInternal(Binder.java:1351)
10-10 15:47:49.978  2042  2042 E RemoteFillService: 	at android.os.Binder.execTransact(Binder.java:1282)
10-10 15:47:49.985  2042  4100 I InputMethodManagerService: IMMS.showCurrentInputLocked(), flags = 1
10-10 15:47:49.985  2042  4100 D SmartPower: com.google.android.inputmethod.latin/10176(6431): show input method
10-10 15:47:49.985  2042  4100 I DefaultImeVisibilityApplier: IMMS.showCurrentInputLocked request ims to show inputMethod.
10-10 15:47:49.987  2042  4772 D ActivityManager: checkAllowBackground: uid=10163 pkg=com.google.android.gms rec=UidRecord{3efeecd u0a163 BTOP change:procadj procs:0 seq(1330828,1293144)} caps=LCMNFU always=false idle=false
10-10 15:47:49.988  2042  3095 W PackageConfigPersister: App-specific configuration not found for packageName: eu.europa.ec.euidi and userId: 0
10-10 15:47:49.994  2042  6971 D AutofillSession: createPendingIntent for request 1279
10-10 15:47:49.994  2042  6971 D ContentCapturePerUserService: Notified activity assist data for activity: Token{4e2570d ActivityRecord{9e47d36 u0 eu.europa.ec.euidi/eu.europa.ec.assemblylogic.ui.MainActivity t6694}} without a session Id
10-10 15:47:50.000  2042  4589 I InputMethodManagerService: IMMS.showSoftInput(), client = com.android.internal.inputmethod.IInputMethodClient$Stub$Proxy@4a76315
10-10 15:47:50.000  2042  4589 I InputMethodManagerService: IMMS.showCurrentInputLocked(), flags = 0
10-10 15:47:50.000  2042  4589 D SmartPower: com.google.android.inputmethod.latin/10176(6431): show input method
10-10 15:47:50.000  2042  4589 I DefaultImeVisibilityApplier: IMMS.showCurrentInputLocked request ims to show inputMethod.
10-10 15:47:50.000  2042  7011 D ActivityManager: checkAllowBackground: uid=10163 pkg=com.google.android.gms rec=UidRecord{3efeecd u0a163 BTOP change:procadj procs:0 seq(1330830,1293144)} caps=LCMNFU always=false idle=false
10-10 15:47:50.002  2042  4589 D ActivityManager: checkAllowBackground: uid=10163 pkg=com.google.android.gms rec=UidRecord{3efeecd u0a163 BTOP change:procadj procs:0 seq(1330831,1293144)} caps=LCMNFU always=false idle=false
10-10 15:47:50.012  2042  4589 D ActivityManager: checkAllowBackground: uid=10163 pkg=com.google.android.gms rec=UidRecord{3efeecd u0a163 BTOP change:procadj procs:0 seq(1330834,1293144)} caps=LCMNFU always=false idle=false
10-10 15:47:50.016  2042  7011 I InputMethodManagerService: IMMS.applyImeVisibility(), setVisible = true, mCurclient = ClientState{f09a894 mUid=10030 mPid=23604 mSelfReportedDisplayId=0}
10-10 15:47:50.016  2042  7011 I WindowManager: WMS.showImePostLayout(), imeTarget = Window{f121cc u0 eu.europa.ec.euidi/eu.europa.ec.assemblylogic.ui.MainActivity}
10-10 15:47:50.018  2042  2693 I ImeInsetsSourceProvider: ImeInsetsSourceProvider.scheduleShowImePostLayout() Run showImeRunner.
10-10 15:47:50.018  2042  2693 I ImeInsetsSourceProvider: ImeInsetsSourceProvider.scheduleShowImePostLayout() isReadyToShowIme.
10-10 15:47:50.020  2042  7011 D ActivityManager: checkAllowBackground: uid=10163 pkg=com.google.android.gms rec=UidRecord{3efeecd u0a163 BTOP change:procadj procs:0 seq(1330836,1293144)} caps=LCMNFU always=false idle=false
10-10 15:47:50.022  4304  4484 D OneHandedController: stopOneHanded state is 0
10-10 15:47:50.022  2042  4772 D ActivityManager: checkAllowBackground: uid=10163 pkg=com.google.android.gms rec=UidRecord{3efeecd u0a163 BTOP change:procadj procs:0 seq(1330837,1293144)} caps=LCMNFU always=false idle=false
10-10 15:47:50.022  2042  4100 I InputMethodManagerService: IMMS.applyImeVisibility(), setVisible = true, mCurclient = ClientState{f09a894 mUid=10030 mPid=23604 mSelfReportedDisplayId=0}
10-10 15:47:50.022  2042  4100 I WindowManager: WMS.showImePostLayout(), imeTarget = Window{f121cc u0 eu.europa.ec.euidi/eu.europa.ec.assemblylogic.ui.MainActivity}
10-10 15:47:50.023  2042  2693 I ImeInsetsSourceProvider: ImeInsetsSourceProvider.scheduleShowImePostLayout() Run showImeRunner.
10-10 15:47:50.023  2042  2693 I ImeInsetsSourceProvider: ImeInsetsSourceProvider.scheduleShowImePostLayout() isReadyToShowIme.
10-10 15:47:50.028  4304  4484 D OneHandedController: stopOneHanded state is 0
10-10 15:47:50.053  2042  4080 D ActivityManager: checkAllowBackground: uid=10163 pkg=com.google.android.gms rec=UidRecord{3efeecd u0a163 BTOP change:procadj procs:0 seq(1330840,1293144)} caps=LCMNFU always=false idle=false
10-10 15:47:50.072  2042  4689 D ActivityManager: checkAllowBackground: uid=10163 pkg=com.google.android.gms rec=UidRecord{3efeecd u0a163 BTOP change:procadj procs:0 seq(1330842,1293144)} caps=LCMNFU always=false idle=false
10-10 15:47:50.094  2042  4689 D ActivityManager: checkAllowBackground: uid=10163 pkg=com.google.android.gms rec=UidRecord{3efeecd u0a163 BTOP change:procadj procs:0 seq(1330844,1293144)} caps=LCMNFU always=false idle=false
10-10 15:47:50.099  2042  4100 D WindowManagerService: checkFlipFullScreenChange is same, nowIsFullScreen = false
10-10 15:47:50.103  2042  4100 D ActivityManager: checkAllowBackground: uid=10163 pkg=com.google.android.gms rec=UidRecord{3efeecd u0a163 BTOP change:procadj procs:0 seq(1330846,1293144)} caps=LCMNFU always=false idle=false
10-10 15:47:50.191  2042  4080 W MIUIInput: Input event injection from package: null action ACTION_DOWN
10-10 15:47:50.194  2042  4080 W MIUIInput: Input event injection from package: null action ACTION_UP
10-10 15:47:50.294  4304  4484 D MiuiFreeformModeController: avoidForInsetsBottomChangedIfNeed oldMoveableBottom: 2270 newMoveableBounds: 2270
10-10 15:47:50.294  4304  4484 D ImePositionProcessor: onImeVisibilityChanged     isShowing:  false
10-10 15:47:50.298  2042  2693 I WindowManager: input method visible height changed 0
10-10 15:47:50.299  2042  3126 I ITouchFeature: current device and process support version:2
10-10 15:47:50.303  4304  4484 D MiuiFreeformModeController: onImeVisibilityChanged imeVisible: false imeHeight: 0 adjustedForRotation:false
10-10 15:47:50.303  4304  4484 D MiuiFreeformModeAvoidAlgorithm: begin autoOrderingAvoidMiniTask
10-10 15:47:50.303  4304  4484 D MiuiFreeformModeAvoidAlgorithm: getCurrMiniPos: SameSideMiniPosList: []
10-10 15:47:50.303  4304  4484 D MiuiFreeformModeAvoidAlgorithm: getCurrMiniPos: SameSideMiniPosList: []
10-10 15:47:50.303  4304  4484 D MiuiFreeformModeAvoidAlgorithm: end autoOrderingAvoidMiniTask res:AvoidResult{distance=0, combination={}, activeTaskPos=Rect(0, 0 - 0, 0)}
10-10 15:47:50.309  2042  7011 I InputMethodManagerService: IMMS.applyImeVisibility(), setVisible = false, mCurclient = ClientState{f09a894 mUid=10030 mPid=23604 mSelfReportedDisplayId=0}
10-10 15:47:50.310  4304  4304 D ArtChoreographerMonitor: invoke error.
10-10 15:47:50.310  2042  7011 W PackageConfigPersister: App-specific configuration not found for packageName: eu.europa.ec.euidi and userId: 0
10-10 15:47:50.316  2042  7011 D CoreBackPreview: Window{f121cc u0 eu.europa.ec.euidi/eu.europa.ec.assemblylogic.ui.MainActivity}: Setting back callback OnBackInvokedCallbackInfo{mCallback=android.window.IOnBackInvokedCallback$Stub$Proxy@86aefd0, mPriority=0, mIsAnimationCallback=false}
10-10 15:47:50.382  2042  2042 W FillResponseEventLogger: FillResponseEventLogger is not empty before starting for a new request
10-10 15:47:50.382  2042  2042 D AutofillSession: Service did not request to wait for delayed fill response.
10-10 15:47:50.384  2042  7011 D ActivityManager: checkAllowBackground: uid=10163 pkg=com.google.android.gms rec=UidRecord{3efeecd u0a163 BTOP change:procadj procs:0 seq(1330848,1293144)} caps=LCMNFU always=false idle=false
10-10 15:47:50.482  4304  4304 D ArtChoreographerMonitor: invoke error.
10-10 15:47:50.542  2042  3524 I SmartPower: com.android.chrome:sandboxed_process0:org.chromium.content.app.SandboxedProcessSerbackground->idle(9059ms) R(adj below visible) adj=700.
10-10 15:47:50.542  2042  3524 I SmartPower: com.google.android.adservices.api/10294(20677): background->idle(22288ms) R(adj below visible) adj=100.
10-10 15:47:50.826  2042  4772 I SmartPower: com.google.android.inputmethod.latin/10176(6431): visible->invisible(2815ms) R(become invisible) adj=100.
10-10 15:47:50.826  2042  4772 I SmartPower: com.google.android.inputmethod.latin/10176(6431): invisible->background(0ms) R(become background) adj=100.
10-10 15:47:50.830  4304  4484 D MiuiFreeformModeController: avoidForInsetsBottomChangedIfNeed oldMoveableBottom: 2270 newMoveableBounds: 2270
10-10 15:47:50.838  4304  4484 D MiuiFreeformModeController: avoidForInsetsBottomChangedIfNeed oldMoveableBottom: 2270 newMoveableBounds: 2270
10-10 15:47:51.043  2042  4772 W MIUIInput: Input event injection from package: null action ACTION_DOWN
10-10 15:47:51.047  2042  7011 W MIUIInput: Input event injection from package: null action ACTION_UP
10-10 15:47:51.068  2042  7011 D CompatibilityChangeReporter: Compat change id reported: 161145287; UID 10030; state: ENABLED
10-10 15:47:51.770  2042  4772 W MIUIInput: Input event injection from package: null action ACTION_DOWN
10-10 15:47:51.774  2042  4772 W MIUIInput: Input event injection from package: null action ACTION_UP
10-10 15:47:51.936  2042  3524 I SmartPower: com.android.chrome:sandboxed_process0:org.chromium.content.app.SandboxedProcessSerbackground->idle(23281ms) R(remove from whitelist) adj=200.
10-10 15:47:51.936  2042  3524 I SmartPower: com.android.chrome:sandboxed_process0:org.chromium.content.app.SandboxedProcessSerbackground->idle(23280ms) R(remove from whitelist) adj=200.
10-10 15:47:51.936  2042  3524 I SmartPower: com.android.chrome:sandboxed_process0:org.chromium.content.app.SandboxedProcessSerbackground->idle(23280ms) R(remove from whitelist) adj=980.
10-10 15:47:51.936  2042  3524 I SmartPower: com.android.chrome:sandboxed_process0:org.chromium.content.app.SandboxedProcessSerbackground->idle(23280ms) R(remove from whitelist) adj=980.
10-10 15:47:51.937  2042  3524 I SmartPower: com.android.chrome:sandboxed_process0:org.chromium.content.app.SandboxedProcessSerbackground->idle(23281ms) R(remove from whitelist) adj=970.
10-10 15:47:51.937  2042  3524 I SmartPower: com.android.chrome:sandboxed_process0:org.chromium.content.app.SandboxedProcessSerbackground->idle(23280ms) R(remove from whitelist) adj=960.
10-10 15:47:51.937  2042  3524 I SmartPower: com.android.chrome:sandboxed_process0:org.chromium.content.app.SandboxedProcessSerbackground->idle(23280ms) R(remove from whitelist) adj=950.
10-10 15:47:51.937  2042  3524 I SmartPower: com.android.chrome:sandboxed_process0:org.chromium.content.app.SandboxedProcessSerbackground->idle(23280ms) R(remove from whitelist) adj=940.
10-10 15:47:51.937  2042  3524 I SmartPower: com.android.chrome:sandboxed_process0:org.chromium.content.app.SandboxedProcessSerbackground->idle(23280ms) R(remove from whitelist) adj=940.
10-10 15:47:51.937  2042  3524 I SmartPower: com.android.chrome:sandboxed_process0:org.chromium.content.app.SandboxedProcessSerbackground->idle(23280ms) R(remove from whitelist) adj=930.
10-10 15:47:51.937  2042  3524 I SmartPower: com.android.chrome:sandboxed_process0:org.chromium.content.app.SandboxedProcessSerbackground->idle(23280ms) R(remove from whitelist) adj=930.
10-10 15:47:51.937  2042  3524 I SmartPower: com.android.chrome:sandboxed_process0:org.chromium.content.app.SandboxedProcessSerbackground->idle(23280ms) R(remove from whitelist) adj=920.
10-10 15:47:51.937  2042  3524 I SmartPower: com.android.chrome:sandboxed_process0:org.chromium.content.app.SandboxedProcessSerbackground->idle(23280ms) R(remove from whitelist) adj=910.
10-10 15:47:51.937  2042  3524 I SmartPower: com.android.chrome:sandboxed_process0:org.chromium.content.app.SandboxedProcessSerbackground->idle(23280ms) R(remove from whitelist) adj=910.
10-10 15:47:51.937  2042  3524 I SmartPower: com.android.chrome:sandboxed_process0:org.chromium.content.app.SandboxedProcessSerbackground->idle(23280ms) R(remove from whitelist) adj=900.
10-10 15:47:51.937  2042  3524 I SmartPower: com.android.chrome:sandboxed_process0:org.chromium.content.app.SandboxedProcessSerbackground->idle(23280ms) R(remove from whitelist) adj=900.
10-10 15:47:52.433  2042  4689 D CompatibilityChangeReporter: Compat change id reported: 265464455; UID 10172; state: DISABLED
10-10 15:47:52.433  2042  4689 D CompatibilityChangeReporter: Compat change id reported: 265452344; UID 10172; state: DISABLED
10-10 15:47:52.434  2042  4689 D CompatibilityChangeReporter: Compat change id reported: 266124927; UID 10172; state: DISABLED
10-10 15:47:52.434  2042  4689 D CompatibilityChangeReporter: Compat change id reported: 265451093; UID 10172; state: DISABLED
10-10 15:47:52.434  2042  4689 D CompatibilityChangeReporter: Compat change id reported: 265456536; UID 10172; state: DISABLED
10-10 15:47:52.434  2042  4689 D CompatibilityChangeReporter: Compat change id reported: 255940284; UID 10172; state: DISABLED
10-10 15:47:52.434  2042  4689 D CompatibilityChangeReporter: Compat change id reported: 236283604; UID 10172; state: DISABLED
10-10 15:47:52.434  2042  4689 D CompatibilityChangeReporter: Compat change id reported: 263959004; UID 10172; state: DISABLED
10-10 15:47:52.434  2042  4689 D CompatibilityChangeReporter: Compat change id reported: 264304459; UID 10172; state: DISABLED
10-10 15:47:52.435  2042  4689 D CompatibilityChangeReporter: Compat change id reported: 264301586; UID 10172; state: DISABLED
10-10 15:47:52.435  2042  4689 D CompatibilityChangeReporter: Compat change id reported: 254631730; UID 10172; state: DISABLED
10-10 15:47:52.435  2042  4689 D CompatibilityChangeReporter: Compat change id reported: 273509367; UID 10172; state: DISABLED
10-10 15:47:52.435  2042  4689 D CompatibilityChangeReporter: Compat change id reported: 263259275; UID 10172; state: DISABLED
10-10 15:47:52.435  2042  4689 D CompatibilityChangeReporter: Compat change id reported: 174042980; UID 10172; state: DISABLED
10-10 15:47:52.435  2042  4689 D CompatibilityChangeReporter: Compat change id reported: 174042936; UID 10172; state: DISABLED
10-10 15:47:52.435  2042  4689 D CompatibilityChangeReporter: Compat change id reported: 181136395; UID 10172; state: DISABLED
10-10 15:47:52.437  2042  4689 D CompatibilityChangeReporter: Compat change id reported: 194480991; UID 10172; state: ENABLED
10-10 15:47:52.438  2042  4689 I SmartPower: com.android.chrome:privileged_process2/10172(971): idle->invisible(3504ms) R(become foreground) adj=700.
10-10 15:47:52.438  2042  4689 I SmartPower: com.android.chrome/10172(25786): idle->invisible(3504ms) R(become foreground) adj=700.
10-10 15:47:52.438  2042  4689 D WindowManager: Collecting in transition 749: ActivityRecord{42a9630 u0 com.android.chrome/com.google.android.apps.chrome.IntentDispatcher init visibleRequested:false
10-10 15:47:52.438  2042  4689 D MiuiFreeFormManagerService: activeOrFullscreenFreeformTaskIfNeed startDefaultAr:false
10-10 15:47:52.440  4304  4484 D OneHandedController: stopOneHanded state is 0
10-10 15:47:52.441  2042  4689 D WindowManager: setLockTaskAuth: task=Task{20c902e #6695 type=standard I=com.android.chrome/com.google.android.apps.chrome.IntentDispatcher} mLockTaskAuth=LOCK_TASK_AUTH_PINNABLE
10-10 15:47:52.441  2042  4689 D WindowManager: Collecting in transition 749: Task{20c902e #6695 type=standard I=com.android.chrome/com.google.android.apps.chrome.IntentDispatcher} init visibleRequested:false
10-10 15:47:52.442  2042  4689 D CompatibilityChangeReporter: Compat change id reported: 184838306; UID 10172; state: DISABLED
10-10 15:47:52.442  2042  4689 D CompatibilityChangeReporter: Compat change id reported: 185004937; UID 10172; state: DISABLED
10-10 15:47:52.442  2042  4689 D WindowManager: setLockTaskAuth: task=Task{20c902e #6695 type=standard I=com.android.chrome/com.google.android.apps.chrome.IntentDispatcher} mLockTaskAuth=LOCK_TASK_AUTH_PINNABLE
10-10 15:47:52.443  2042  4689 D CompatibilityChangeReporter: Compat change id reported: 197654537; UID 10172; state: ENABLED
10-10 15:47:52.443  2042  4689 D MiuiFreeFormManagerService: onStartActivityInner as = Task{20c902e #6695 type=standard I=com.android.chrome/com.google.android.apps.chrome.IntentDispatcher} op = null
10-10 15:47:52.443  2042  4689 D ActivityTaskManager: Task#startActivityLocked isOrhasTask=true newTask=true
10-10 15:47:52.443  2042  4689 D ActivityTaskManager: Not add starting window, the reason is: windowIsTranslucent = true  windowIsFloating = false  this = ActivityRecord{42a9630 u0 com.android.chrome/com.google.android.apps.chrome.IntentDispatcher t6695}
10-10 15:47:52.444  2042  4689 D CompatibilityChangeReporter: Compat change id reported: 205907456; UID 10172; state: ENABLED
10-10 15:47:52.447  2042  4689 D WindowManager: Collecting in transition 749: ActivityRecord{42a9630 u0 com.android.chrome/com.google.android.apps.chrome.IntentDispatcher t6695} init visibleRequested:false
10-10 15:47:52.447  2042  4689 D WindowManager: Requesting StartTransition: TransitionRecord{a3de065 id=749 type=OPEN flags=0x0}
10-10 15:47:52.447  2042  4689 I ActivityTaskManager: START u0 {act=android.intent.action.VIEW dat=https://issuer.eudiw.dev/... flg=0x10000000 cmp=com.android.chrome/com.google.android.apps.chrome.IntentDispatcher} with LAUNCH_MULTIPLE from uid 10030 from pid 23604 callingPackage eu.europa.ec.euidi (BAL_ALLOW_VISIBLE_WINDOW) result code=0
10-10 15:47:52.449  4304  4484 I SoScUtils: monitorTransitionRequest mRequestOpenTransition:null mRequestOpenTriggerTask:-1 mRequestCloseTransition:null mRequestCloseTriggerTask:-1 mRequestCloseStageType:-1
10-10 15:47:52.450  2042  4689 I ActivityTaskManager: The Process com.android.chrome Already Exists in BG. So sending its PID: 25786
10-10 15:47:52.450  2042  4689 D WindowManager: Collecting in transition 749: ActivityRecord{42a9630 u0 com.android.chrome/com.google.android.apps.chrome.IntentDispatcher t6695} init visibleRequested:false
10-10 15:47:52.451  2042  4689 D WindowManager: Collecting in transition 749: ActivityRecord{42a9630 u0 com.android.chrome/com.google.android.apps.chrome.IntentDispatcher t6695} init visibleRequested:true
10-10 15:47:52.452  2042  4689 D WindowManagerService: checkFlipFullScreenChange is same, nowIsFullScreen = false
10-10 15:47:52.452  2042  4689 D WindowManager: wms.Input focus has changed to null display=0 updateInputWindows = true
10-10 15:47:52.452  2042  4689 I MultiSenceManagerInternalStub: getInstance
10-10 15:47:52.453  2042  4689 D WindowManager: Collecting in transition 749: ActivityRecord{42a9630 u0 com.android.chrome/com.google.android.apps.chrome.IntentDispatcher t6695} init visibleRequested:true
10-10 15:47:52.456  2042  4689 D CompatibilityChangeReporter: Compat change id reported: 197654537; UID 10030; state: ENABLED
10-10 15:47:52.457  2042  4772 D WindowManager: Set transition=TransitionRecord{a3de065 id=749 type=OPEN flags=0x0}, ready=true, SyncId=749 
10-10 15:47:52.457  2042  4689 W AutofillManagerServiceImpl: getFillEventHistory() called by UID 10273, but service UID is 10163
10-10 15:47:52.457  4304  4484 D OneHandedController: stopOneHanded state is 0
10-10 15:47:52.458  4304  4484 D OneHandedController: stopOneHanded state is 0
10-10 15:47:52.458  4304  4484 D MiuiFullScreenTaskRepository: removeFocusedTask displayId=0
10-10 15:47:52.458  4304  4484 D MiuiFullScreenTaskRepository: addOrUpdateFullScreenTaskInfo taskId=6694, topActivity=ComponentInfo{eu.europa.ec.euidi/eu.europa.ec.assemblylogic.ui.MainActivity}
10-10 15:47:52.460  2042  2693 I BLASTSyncEngine: SyncGroup 749:  Unfinished container:ActivityRecord{42a9630 u0 com.android.chrome/com.google.android.apps.chrome.IntentDispatcher t6695}
10-10 15:47:52.460  2042  2693 I BLASTSyncEngine: isActivitySyncFinished isSyncFinished false ActivityRecord{42a9630 u0 com.android.chrome/com.google.android.apps.chrome.IntentDispatcher t6695}
10-10 15:47:52.466  2042  2690 D Aurogon :  uid = 10172 switch to FG
10-10 15:47:52.475  2042  4772 D CompatibilityChangeReporter: Compat change id reported: 161145287; UID 10172; state: ENABLED
10-10 15:47:52.482  2042  4772 D CompatibilityChangeReporter: Compat change id reported: 259743961; UID 10172; state: ENABLED
10-10 15:47:52.485  2042  4772 D WindowManager: Collecting in transition 749: ActivityRecord{3ebc678 u0 com.android.chrome/org.chromium.chrome.browser.ChromeTabbedActivity init visibleRequested:false
10-10 15:47:52.485  2042  4772 D MiuiFreeFormManagerService: activeOrFullscreenFreeformTaskIfNeed startDefaultAr:false
10-10 15:47:52.486  2042  4772 D MiuiFreeFormManagerService: onStartActivityInner as = Task{ac848dc #6565 type=standard A=10172:com.android.chrome} op = null
10-10 15:47:52.487  2042  4772 D WindowManagerService: checkFlipFullScreenChange is same, nowIsFullScreen = false
10-10 15:47:52.487  2042  4772 D WindowManager: setLockTaskAuth: task=Task{ac848dc #6565 type=standard A=10172:com.android.chrome} mLockTaskAuth=LOCK_TASK_AUTH_PINNABLE
10-10 15:47:52.489  2183  2183 I wificond: station_bandwidth: P
10-10 15:47:52.490  2042  4772 D WindowManager: Set transition=TransitionRecord{a3de065 id=749 type=OPEN flags=0x0}, ready=false, SyncId=749 used=true, override=false, defer=0, states=Display{#0 state=ON size=1080x2400 ROTATION_0}:false
10-10 15:47:52.490  2042  4772 D WindowManager: Collecting in transition 749: ActivityRecord{3ebc678 u0 com.android.chrome/org.chromium.chrome.browser.ChromeTabbedActivity t-1} init visibleRequested:false
10-10 15:47:52.490  2042  4772 D WindowManager: Set transition=TransitionRecord{a3de065 id=749 type=OPEN flags=0x0}, ready=false, SyncId=749 used=true, override=false, defer=0, states=Display{#0 state=ON size=1080x2400 ROTATION_0}:false
10-10 15:47:52.492  4304  4304 D ArtChoreographerMonitor: invoke error.
10-10 15:47:52.492  2042  4772 I ActivityTaskManager: START u0 {act=android.intent.action.VIEW dat=https://issuer.eudiw.dev/... flg=0x14002000 cmp=com.android.chrome/org.chromium.chrome.browser.ChromeTabbedActivity (has extras)} with LAUNCH_SINGLE_INSTANCE_PER_TASK from uid 10172 from pid 25786 callingPackage com.android.chrome (BAL_ALLOW_VISIBLE_WINDOW) result code=2
10-10 15:47:52.493  4304  4484 D MiuiFullScreenTaskRepository: setFocusedTask taskId=6565, displayId=0, topActivity=ComponentInfo{com.android.chrome/org.chromium.chrome.browser.ChromeTabbedActivity}
10-10 15:47:52.493  4304  4484 D MiuiFullScreenTaskRepository: addOrUpdateFullScreenTaskInfo taskId=6565, topActivity=ComponentInfo{com.android.chrome/org.chromium.chrome.browser.ChromeTabbedActivity}
10-10 15:47:52.493  2042  4080 D MiuiSoScManagerStub: supportSoScMinimizedMode:true
10-10 15:47:52.493  2042  4080 D MiuiSoScManagerStub: taskInSoScFullMode:false
10-10 15:47:52.493  2042  4080 D MiuiFreeFormGestureController: deliverResultForFinishActivity resultTo: null resultFrom: ActivityRecord{42a9630 u0 com.android.chrome/com.google.android.apps.chrome.IntentDispatcher t6695 f}} isInVideoOrGameScene: false intent: Intent { act=android.intent.action.VIEW dat=https://issuer.eudiw.dev/... flg=0x10800000 cmp=com.android.chrome/com.google.android.apps.chrome.IntentDispatcher }
10-10 15:47:52.493  4304  4484 D MiuiFreeformModeController: onFocusTaskChanged taskInfo: TaskInfo{userId=0 taskId=6565 displayId=0 isRunning=true baseIntent=Intent { act=android.intent.action.VIEW dat=https://verifier.eudiw.dev/... flg=0x14002000 cmp=com.android.chrome/org.chromium.chrome.browser.ChromeTabbedActivity } baseActivity=ComponentInfo{com.android.chrome/org.chromium.chrome.browser.ChromeTabbedActivity} topActivity=ComponentInfo{com.android.chrome/org.chromium.chrome.browser.ChromeTabbedActivity} origActivity=null realActivity=ComponentInfo{com.android.chrome/org.chromium.chrome.browser.ChromeTabbedActivity} numActivities=1 lastActiveTime=345777967 supportsSplitScreenMultiWindow=true supportsMultiWindow=true resizeMode=2 isResizeable=true minWidth=-1 minHeight=-1 defaultMinSize=200 token=WCT{android.window.IWindowContainerToken$Stub$Proxy@4ccd307} topActivityType=1 pictureInPictureParams=null shouldDockBigOverlays=false launchIntoPipHostTaskId=-1 lastParentTaskIdBeforePip=-1 displayCutoutSafeInsets=Rect(0, 94 - 0, 0) topActivityInfo=ActivityInfo{1ec2c34 org.chromium.chrome.browser.ChromeTabbedActivity} launchCookies=[] positionInParent=Point(0, 0) parentTaskId=-1 isFocused=true isVisible=false isVisibleRequested=false isSleeping=false topActivityInSizeCompat=false topActivityInMiuiSizeCompat=false topActivityEligibleForLetterboxEducation= false topActivityLetterboxed= false isFromDoubleTap= false topActivityLetterboxVerticalPosition= -1 topActivityLetterboxHorizontalPosition= -1 topActivityLetterboxWidth=-1 topActivityLetterboxHeight=-1 locusId=null displayAreaFeatureId=1 cameraCompatControlState=hidden mIsCastMode=false mTopActivityMediaSize=null mTopActivityRecordName=ActivityRecord{f2f67ae u0 com.android.chrome/org.chromium.chrome.browser.ChromeTabbedActivity t6565} mTopActivityOrientation=-2 mTopActivityWindowIsNowVisible=false isTranslucent=true isEmbedded=false shouldBeVisible=true isImmersive=false mBehindAppLockPkg=null mOriginatingUid=0}
10-10 15:47:52.493  2042  4080 D WindowManager: Collecting in transition 749: Task{20c902e #6695 type=standard I=com.android.chrome/com.google.android.apps.chrome.IntentDispatcher} init visibleRequested:true
10-10 15:47:52.493  4304  4484 D MiuiDesktopModeController: onFocusTaskChanged newFocus: TaskInfo{userId=0 taskId=6565 displayId=0 isRunning=true baseIntent=Intent { act=android.intent.action.VIEW dat=https://verifier.eudiw.dev/... flg=0x14002000 cmp=com.android.chrome/org.chromium.chrome.browser.ChromeTabbedActivity } baseActivity=ComponentInfo{com.android.chrome/org.chromium.chrome.browser.ChromeTabbedActivity} topActivity=ComponentInfo{com.android.chrome/org.chromium.chrome.browser.ChromeTabbedActivity} origActivity=null realActivity=ComponentInfo{com.android.chrome/org.chromium.chrome.browser.ChromeTabbedActivity} numActivities=1 lastActiveTime=345777967 supportsSplitScreenMultiWindow=true supportsMultiWindow=true resizeMode=2 isResizeable=true minWidth=-1 minHeight=-1 defaultMinSize=200 token=WCT{android.window.IWindowContainerToken$Stub$Proxy@4ccd307} topActivityType=1 pictureInPictureParams=null shouldDockBigOverlays=false launchIntoPipHostTaskId=-1 lastParentTaskIdBeforePip=-1 displayCutoutSafeInsets=Rect(0, 94 - 0, 0) topActivityInfo=ActivityInfo{1ec2c34 org.chromium.chrome.browser.ChromeTabbedActivity} launchCookies=[] positionInParent=Point(0, 0) parentTaskId=-1 isFocused=true isVisible=false isVisibleRequested=false isSleeping=false topActivityInSizeCompat=false topActivityInMiuiSizeCompat=false topActivityEligibleForLetterboxEducation= false topActivityLetterboxed= false isFromDoubleTap= false topActivityLetterboxVerticalPosition= -1 topActivityLetterboxHorizontalPosition= -1 topActivityLetterboxWidth=-1 topActivityLetterboxHeight=-1 locusId=null displayAreaFeatureId=1 cameraCompatControlState=hidden mIsCastMode=false mTopActivityMediaSize=null mTopActivityRecordName=ActivityRecord{f2f67ae u0 com.android.chrome/org.chromium.chrome.browser.ChromeTabbedActivity t6565} mTopActivityOrientation=-2 mTopActivityWindowIsNowVisible=false isTranslucent=true isEmbedded=false shouldBeVisible=true isImmersive=false mBehindAppLockPkg=null mOriginatingUid=0}
10-10 15:47:52.494  4304  4484 D OneHandedController: stopOneHanded state is 0
10-10 15:47:52.495  4304  4484 D WindowManagerShell: onActivityRestartAttempt: ComponentInfo{com.android.chrome/org.chromium.chrome.browser.ChromeTabbedActivity}
10-10 15:47:52.497  4304  4911 D MiuiFreeformModeObserver: activityResumed() intent： Intent { cmp=com.android.chrome/org.chromium.chrome.browser.document.ChromeLauncherActivity (has extras) }
10-10 15:47:52.500  2042  4080 D WindowManager: Collecting in transition 749: ActivityRecord{42a9630 u0 com.android.chrome/com.google.android.apps.chrome.IntentDispatcher t6695 f}} init visibleRequested:true
10-10 15:47:52.501  2042  4080 D WindowManager: Collecting in transition 749: ActivityRecord{f2f67ae u0 com.android.chrome/org.chromium.chrome.browser.ChromeTabbedActivity t6565} init visibleRequested:false
10-10 15:47:52.502  2042  4080 D WindowManagerService: checkFlipFullScreenChange is same, nowIsFullScreen = false
10-10 15:47:52.502  2042  4080 D WindowManager: Collecting in transition 749: ActivityRecord{9e47d36 u0 eu.europa.ec.euidi/eu.europa.ec.assemblylogic.ui.MainActivity t6694} init visibleRequested:true
10-10 15:47:52.504  4304  4484 D MiuiFullScreenTaskRepository: setFocusedTask taskId=6565, displayId=0, topActivity=ComponentInfo{com.android.chrome/org.chromium.chrome.browser.ChromeTabbedActivity}
10-10 15:47:52.504  4304  4484 D MiuiFullScreenTaskRepository: addOrUpdateFullScreenTaskInfo taskId=6565, topActivity=ComponentInfo{com.android.chrome/org.chromium.chrome.browser.ChromeTabbedActivity}
10-10 15:47:52.505  2042  4080 D WindowManager: Collecting in transition 749: ActivityRecord{f2f67ae u0 com.android.chrome/org.chromium.chrome.browser.ChromeTabbedActivity t6565} init visibleRequested:true
10-10 15:47:52.505  2042  4080 D WindowManager: Set transition=TransitionRecord{a3de065 id=749 type=OPEN flags=0x0}, ready=true, SyncId=749 
10-10 15:47:52.506  2042  6879 W AutofillManagerServiceImpl: getFillEventHistory() called by UID 10273, but service UID is 10163
10-10 15:47:52.509  2042  4080 I BLASTSyncEngine: SyncGroup 749:  Unfinished container:ActivityRecord{f2f67ae u0 com.android.chrome/org.chromium.chrome.browser.ChromeTabbedActivity t6565}
10-10 15:47:52.509  2042  4080 I BLASTSyncEngine: isActivitySyncFinished isSyncFinished false ActivityRecord{f2f67ae u0 com.android.chrome/org.chromium.chrome.browser.ChromeTabbedActivity t6565}
10-10 15:47:52.516  2042  3095 D CompatibilityChangeReporter: Compat change id reported: 261072174; UID 10172; state: ENABLED
10-10 15:47:52.517  2042  6879 D CoreBackPreview: Window{13dfb59 u0 com.android.chrome/org.chromium.chrome.browser.ChromeTabbedActivity}: Setting back callback OnBackInvokedCallbackInfo{mCallback=android.window.IOnBackInvokedCallback$Stub$Proxy@b0f9ab7, mPriority=0, mIsAnimationCallback=true}
10-10 15:47:52.519  2042  6879 D ActivityManager: checkAllowBackground: uid=10163 pkg=com.google.android.gms rec=UidRecord{3efeecd u0a163 BTOP change:procstateprocadj procs:0 seq(1331034,1293144)} caps=LCMNFU always=false idle=false
10-10 15:47:52.530  2042  7011 I SmartPower: com.android.chrome:sandboxed_process0:org.chromium.content.app.SandboxedProcessSer-1->background(0ms) R(become background) adj=-10000.
10-10 15:47:52.530  2042  7011 D CompatibilityChangeReporter: Compat change id reported: 135634846; UID 90079; state: DISABLED
10-10 15:47:52.531  2042  3095 D ActivityManager: checkAllowBackground: uid=10163 pkg=com.google.android.gms rec=UidRecord{3efeecd u0a163 BTOP change:procadj procs:0 seq(1331081,1293144)} caps=LCMNFU always=false idle=false
10-10 15:47:52.531  2042  2788 D CompatibilityChangeReporter: Compat change id reported: 143937733; UID 10172; state: ENABLED
10-10 15:47:52.537  2042  6879 D SchedBoost: com.android.chrome:sandboxed_process0:org.chromium.content.app.SandboxedProcessService0:77 boosting, skip reset priority
10-10 15:47:52.548  2042  2788 I ActivityManager: Start proc 23705:com.android.chrome:sandboxed_process0:org.chromium.content.app.SandboxedProcessService0:79/u0ai79 for  {com.android.chrome/org.chromium.content.app.SandboxedProcessService0:79} caller=com.android.chrome
10-10 15:47:52.565  2042  3095 D CompatibilityChangeReporter: Compat change id reported: 168419799; UID 10172; state: DISABLED
10-10 15:47:52.565  2042  3095 D CompatibilityChangeReporter: Compat change id reported: 273564678; UID 10172; state: DISABLED
10-10 15:47:52.568 23705 23705 E MQSEventManagerDelegate: failed to get MQSService.
10-10 15:47:52.568 23705 23705 W ActivityThread: registerApplicationScoutThread result:false
10-10 15:47:52.570  2042  3500 D isUidValid: uid = 90079
10-10 15:47:52.579 23705 23705 E ForceDarkHelperStubImpl: getForceDarkOriginState transact failed , mService: null
10-10 15:47:52.584  2042  6879 I ActivityManager: Flag disabled. Ignoring finishAttachApplication from uid: 90079. pid: 23705
10-10 15:47:52.619  4304  4911 D MiuiFreeformModeObserver: activityResumed() intent： Intent { cmp=com.android.chrome/org.chromium.chrome.browser.ChromeTabbedActivity (has extras) }
10-10 15:47:52.626  2042  3095 D ActivityManager: checkAllowBackground: uid=10163 pkg=com.google.android.gms rec=UidRecord{3efeecd u0a163 BTOP change:procadj procs:0 seq(1331086,1293144)} caps=LCMNFU always=false idle=false
10-10 15:47:52.648  2042  4080 I BLASTSyncEngine: SyncGroup 749:  Unfinished container:ActivityRecord{f2f67ae u0 com.android.chrome/org.chromium.chrome.browser.ChromeTabbedActivity t6565}
10-10 15:47:52.648  2042  4080 I BLASTSyncEngine: isActivitySyncFinished isSyncFinished false ActivityRecord{f2f67ae u0 com.android.chrome/org.chromium.chrome.browser.ChromeTabbedActivity t6565}
10-10 15:47:52.648  2042  4080 I WindowManager: cancelAnimation removed leash : Surface(name=Surface(name=704023a StatusBar#94)/@0xa8be448 - animation-leash of insets_animation#15485)/@0x9d1d493
10-10 15:47:52.649  2042  2929 D PermissionManager: writeLegacyPermissionState for user  in 15 ms.
10-10 15:47:52.650  2042  4080 I WindowManager: cancelAnimation removed leash : Surface(name=Surface(name=d968687 NavigationBar0#90)/@0x2f479dd - animation-leash of insets_animation#15513)/@0xa21dfcd
10-10 15:47:52.651  2042  4080 D WindowManager: wms.Input focus has changed to Window{13dfb59 u0 com.android.chrome/org.chromium.chrome.browser.ChromeTabbedActivity} display=0 updateInputWindows = true
10-10 15:47:52.651  2042  4080 I MultiSenceManagerInternalStub: getInstance
10-10 15:47:52.667  4304  4304 D ArtChoreographerMonitor: invoke error.
10-10 15:47:52.687  2042  4100 D ActivityManager: checkAllowBackground: uid=10163 pkg=com.google.android.gms rec=UidRecord{3efeecd u0a163 BTOP change:procadj procs:0 seq(1331160,1293144)} caps=LCMNFU always=false idle=false
10-10 15:47:52.704  2042  4080 D WindowManager: wms.finishDrawingLocked: mDrawState=COMMIT_DRAW_PENDING Window{13dfb59 u0 com.android.chrome/org.chromium.chrome.browser.ChromeTabbedActivity} in Surface(name=com.android.chrome/org.chromium.chrome.browser.ChromeTabbedActivity#15516)/@0xd02f1ab
10-10 15:47:52.707  2042  2693 I SmartPower: com.android.chrome/10172(25786): invisible->visible(269ms) R(become visible) adj=0.
10-10 15:47:52.707  2042  2693 I WindowManager: wms.showSurfaceRobustly mWin:Window{13dfb59 u0 com.android.chrome/org.chromium.chrome.browser.ChromeTabbedActivity}
10-10 15:47:52.707  2042  3524 I SmartPower: com.google.android.adservices.api/10294(20677): idle->background(2165ms) R(add to whitelist) adj=0.
10-10 15:47:52.707  2042  2693 D WindowManager: Final targets: [Task{ac848dc #6565 type=standard A=10172:com.android.chrome}, Task{e11eda4 #6694 type=standard A=10030:eu.europa.ec.euidi}]
10-10 15:47:52.708  2042  3524 I SmartPower: com.android.chrome:sandboxed_process0:org.chromium.content.app.SandboxedProcessSeridle->background(771ms) R(add to whitelist) adj=200.
10-10 15:47:52.709  2042  3524 I SmartPower: com.android.chrome:sandboxed_process0:org.chromium.content.app.SandboxedProcessSeridle->background(772ms) R(add to whitelist) adj=200.
10-10 15:47:52.709  2042  3524 I SmartPower: com.android.chrome:sandboxed_process0:org.chromium.content.app.SandboxedProcessSeridle->background(773ms) R(add to whitelist) adj=980.
10-10 15:47:52.709  2042  3524 I SmartPower: com.android.chrome:sandboxed_process0:org.chromium.content.app.SandboxedProcessSeridle->background(773ms) R(add to whitelist) adj=980.
10-10 15:47:52.709  2042  3524 I SmartPower: com.android.chrome:sandboxed_process0:org.chromium.content.app.SandboxedProcessSeridle->background(772ms) R(add to whitelist) adj=970.
10-10 15:47:52.709  2042  3524 I SmartPower: com.android.chrome:sandboxed_process0:org.chromium.content.app.SandboxedProcessSeridle->background(772ms) R(add to whitelist) adj=960.
10-10 15:47:52.709  2042  3524 I SmartPower: com.android.chrome:sandboxed_process0:org.chromium.content.app.SandboxedProcessSeridle->background(772ms) R(add to whitelist) adj=950.
10-10 15:47:52.710  2042  3524 I SmartPower: com.android.chrome:sandboxed_process0:org.chromium.content.app.SandboxedProcessSeridle->background(773ms) R(add to whitelist) adj=940.
10-10 15:47:52.710  2042  3524 I SmartPower: com.android.chrome:sandboxed_process0:org.chromium.content.app.SandboxedProcessSeridle->background(773ms) R(add to whitelist) adj=940.
10-10 15:47:52.710  2042  3524 I SmartPower: com.android.chrome:sandboxed_process0:org.chromium.content.app.SandboxedProcessSeridle->background(773ms) R(add to whitelist) adj=930.
