10-09 13:13:04.785  2042  4080 W MIUIInput: Input event injection from package: null action ACTION_DOWN
10-09 13:13:04.786  2042  3516 I ProcessManager: getRenderThreadTidByPid, caller=2042
10-09 13:13:04.788  2042  4100 W MIUIInput: Input event injection from package: null action ACTION_UP
10-09 13:13:04.804  2042  4100 I InputMethodManagerService: IMMS.applyImeVisibility(), setVisible = false, mCurclient = ClientState{80c558e mUid=10172 mPid=17153 mSelfReportedDisplayId=0}
10-09 13:13:04.806  4304  4304 D ArtChoreographerMonitor: invoke error.
10-09 13:13:04.816  4304  4484 D MiuiFreeformModeController: avoidForInsetsBottomChangedIfNeed oldMoveableBottom: 2270 newMoveableBounds: 2270
10-09 13:13:04.816  4304  4484 D ImePositionProcessor: onImeVisibilityChanged     isShowing:  false
10-09 13:13:04.819  2042  4589 W PackageConfigPersister: App-specific configuration not found for packageName: com.android.chrome and userId: 0
10-09 13:13:04.822  4304  4484 D MiuiFreeformModeController: onImeVisibilityChanged imeVisible: false imeHeight: 0 adjustedForRotation:false
10-09 13:13:04.822  4304  4484 D MiuiFreeformModeAvoidAlgorithm: begin autoOrderingAvoidMiniTask
10-09 13:13:04.822  4304  4484 D MiuiFreeformModeAvoidAlgorithm: getCurrMiniPos: SameSideMiniPosList: []
10-09 13:13:04.822  4304  4484 D MiuiFreeformModeAvoidAlgorithm: getCurrMiniPos: SameSideMiniPosList: []
10-09 13:13:04.822  4304  4484 D MiuiFreeformModeAvoidAlgorithm: end autoOrderingAvoidMiniTask res:AvoidResult{distance=0, combination={}, activeTaskPos=Rect(0, 0 - 0, 0)}
10-09 13:13:04.823  2042  2692 I WindowManager: input method visible height changed 0
10-09 13:13:04.824  2042  3126 I ITouchFeature: current device and process support version:2
10-09 13:13:04.840  2042  6879 D CoreBackPreview: Window{edce952 u0 com.android.chrome/org.chromium.chrome.browser.ChromeTabbedActivity}: Setting back callback OnBackInvokedCallbackInfo{mCallback=android.window.IOnBackInvokedCallback$Stub$Proxy@5000cc3, mPriority=0, mIsAnimationCallback=true}
10-09 13:13:04.984  4304  4304 D ArtChoreographerMonitor: invoke error.
10-09 13:13:05.110   702 18896 I keystore2: system/security/keystore2/src/watchdog.rs:319 - Watchdog thread idle -> terminating. Have a great day.
10-09 13:13:05.351  2042  6991 I SmartPower: com.google.android.inputmethod.latin/10176(6431): visible->invisible(1658ms) R(become invisible) adj=100.
10-09 13:13:05.351  2042  6991 I SmartPower: com.google.android.inputmethod.latin/10176(6431): invisible->background(0ms) R(become background) adj=100.
10-09 13:13:05.354  4304  4484 D MiuiFreeformModeController: avoidForInsetsBottomChangedIfNeed oldMoveableBottom: 2270 newMoveableBounds: 2270
10-09 13:13:05.359  4304  4484 D MiuiFreeformModeController: avoidForInsetsBottomChangedIfNeed oldMoveableBottom: 2270 newMoveableBounds: 2270
10-09 13:13:05.445  2042  6991 W MIUIInput: Input event injection from package: null action ACTION_DOWN
10-09 13:13:05.446  2042  3516 I ProcessManager: getRenderThreadTidByPid, caller=2042
10-09 13:13:05.449  2042  3516 I ProcessManager: getRenderThreadTidByPid, caller=2042
10-09 13:13:05.543  2042  6991 W MIUIInput: Input event injection from package: null action ACTION_UP
10-09 13:13:05.846  2183  2183 I wificond: station_bandwidth: P
10-09 13:13:05.848  4304  4304 D ArtChoreographerMonitor: invoke error.
10-09 13:13:06.018  4304  4304 D ArtChoreographerMonitor: invoke error.
10-09 13:13:07.099  2042  6991 W MIUIInput: Input event injection from package: null action ACTION_DOWN
10-09 13:13:07.100  2042  3516 I ProcessManager: getRenderThreadTidByPid, caller=2042
10-09 13:13:07.103  2042  6991 W MIUIInput: Input event injection from package: null action ACTION_UP
10-09 13:13:07.118  2042  4100 I InputMethodManagerService: IMMS.showSoftInput(), client = com.android.internal.inputmethod.IInputMethodClient$Stub$Proxy@9e7796c
10-09 13:13:07.118  2042  4100 I InputMethodManagerService: IMMS.showCurrentInputLocked(), flags = 0
10-09 13:13:07.118  2042  4100 D SmartPower: com.google.android.inputmethod.latin/10176(6431): show input method
10-09 13:13:07.118  2042  4100 I SmartPower: com.google.android.inputmethod.latin/10176(6431): background->visible(1768ms) R(show input method) adj=100.
10-09 13:13:07.119  2042  4100 I DefaultImeVisibilityApplier: IMMS.showCurrentInputLocked request ims to show inputMethod.
10-09 13:13:07.119  2042  6991 W PackageConfigPersister: App-specific configuration not found for packageName: com.android.chrome and userId: 0
10-09 13:13:07.150  2042  6999 I InputMethodManagerService: IMMS.showSoftInput(), client = com.android.internal.inputmethod.IInputMethodClient$Stub$Proxy@12fdbca
10-09 13:13:07.150  2042  6999 I InputMethodManagerService: IMMS.showCurrentInputLocked(), flags = 0
10-09 13:13:07.150  2042  6999 D SmartPower: com.google.android.inputmethod.latin/10176(6431): show input method
10-09 13:13:07.151  2042  6999 I DefaultImeVisibilityApplier: IMMS.showCurrentInputLocked request ims to show inputMethod.
10-09 13:13:07.165  2042  4781 I InputMethodManagerService: IMMS.showSoftInput(), client = com.android.internal.inputmethod.IInputMethodClient$Stub$Proxy@488c058
10-09 13:13:07.165  2042  4781 I InputMethodManagerService: IMMS.showCurrentInputLocked(), flags = 0
10-09 13:13:07.165  2042  4781 D SmartPower: com.google.android.inputmethod.latin/10176(6431): show input method
10-09 13:13:07.166  2042  4781 I DefaultImeVisibilityApplier: IMMS.showCurrentInputLocked request ims to show inputMethod.
10-09 13:13:07.173  2042  7002 I InputMethodManagerService: IMMS.applyImeVisibility(), setVisible = true, mCurclient = ClientState{80c558e mUid=10172 mPid=17153 mSelfReportedDisplayId=0}
10-09 13:13:07.176  2042  4781 D CoreBackPreview: Window{edce952 u0 com.android.chrome/org.chromium.chrome.browser.ChromeTabbedActivity}: Setting back callback OnBackInvokedCallbackInfo{mCallback=android.window.IOnBackInvokedCallback$Stub$Proxy@4e4e5b1, mPriority=0, mIsAnimationCallback=false}
10-09 13:13:07.177  2042  6999 D ActivityManager: checkAllowBackground: uid=10163 pkg=com.google.android.gms rec=UidRecord{3efeecd u0a163 BTOP change:procadj procs:0 seq(593363,425084)} caps=LCMNFU always=false idle=false
10-09 13:13:07.178  2042  7002 I WindowManager: WMS.showImePostLayout(), imeTarget = Window{edce952 u0 com.android.chrome/org.chromium.chrome.browser.ChromeTabbedActivity}
10-09 13:13:07.192  4304  4484 D MiuiFreeformModeController: avoidForInsetsBottomChangedIfNeed oldMoveableBottom: 2270 newMoveableBounds: 2270
10-09 13:13:07.207  4304  4484 D MiuiFreeformModeController: avoidForInsetsBottomChangedIfNeed oldMoveableBottom: 2270 newMoveableBounds: 2270
10-09 13:13:07.219  2042  7002 D WindowManager: wms.finishDrawingLocked: mDrawState=COMMIT_DRAW_PENDING Window{49d5fba u0 InputMethod} in Surface(name=InputMethod#4998)/@0x3ecc617
10-09 13:13:07.221  2042  2693 I ImeInsetsSourceProvider: ImeInsetsSourceProvider.scheduleShowImePostLayout() Run showImeRunner.
10-09 13:13:07.221  2042  7002 I InputMethodManagerService: IMMS.applyImeVisibility(), setVisible = true, mCurclient = ClientState{80c558e mUid=10172 mPid=17153 mSelfReportedDisplayId=0}
10-09 13:13:07.223  2042  2693 I ImeInsetsSourceProvider: ImeInsetsSourceProvider.scheduleShowImePostLayout() isReadyToShowIme.
10-09 13:13:07.228  2042  7002 I WindowManager: WMS.showImePostLayout(), imeTarget = Window{edce952 u0 com.android.chrome/org.chromium.chrome.browser.ChromeTabbedActivity}
10-09 13:13:07.232  2042  2693 I ImeInsetsSourceProvider: ImeInsetsSourceProvider.scheduleShowImePostLayout() Run showImeRunner.
10-09 13:13:07.232  2042  2693 I ImeInsetsSourceProvider: ImeInsetsSourceProvider.scheduleShowImePostLayout() isReadyToShowIme.
10-09 13:13:07.235  4304  4484 D MiuiFreeformModeController: avoidForInsetsBottomChangedIfNeed oldMoveableBottom: 2270 newMoveableBounds: 2270
10-09 13:13:07.235  4304  4484 D ImePositionProcessor: onImeVisibilityChanged     isShowing:  true
10-09 13:13:07.235  2042  6999 I WindowManager: cancelAnimation removed leash : Surface(name=Surface(name=d968687 NavigationBar0#90)/@0x2f479dd - animation-leash of insets_animation#4997)/@0x7f2bbe6
10-09 13:13:07.237  2042  2693 I WindowManager: wms.showSurfaceRobustly mWin:Window{49d5fba u0 InputMethod}
10-09 13:13:07.238  4304  4484 D MiuiFreeformModeController: onImeVisibilityChanged imeVisible: true imeHeight: 701 adjustedForRotation:false
10-09 13:13:07.238  4304  4484 D MiuiFreeformModeAvoidAlgorithm: begin autoOrderingAvoidMiniTask
10-09 13:13:07.238  4304  4484 D MiuiFreeformModeAvoidAlgorithm: getCurrMiniPos: SameSideMiniPosList: []
10-09 13:13:07.238  4304  4484 D MiuiFreeformModeAvoidAlgorithm: getCurrMiniPos: SameSideMiniPosList: []
10-09 13:13:07.238  4304  4484 D MiuiFreeformModeAvoidAlgorithm: end autoOrderingAvoidMiniTask res:AvoidResult{distance=0, combination={}, activeTaskPos=Rect(0, 0 - 0, 0)}
10-09 13:13:07.238  2042  6991 I InputMethodManagerService: IMMS.applyImeVisibility(), setVisible = true, mCurclient = ClientState{80c558e mUid=10172 mPid=17153 mSelfReportedDisplayId=0}
10-09 13:13:07.239  2042  2693 I WindowManager: input method visible height changed 701
10-09 13:13:07.239  2042  3126 I ITouchFeature: current device and process support version:2
10-09 13:13:07.250  2042  6991 I WindowManager: WMS.showImePostLayout(), imeTarget = Window{edce952 u0 com.android.chrome/org.chromium.chrome.browser.ChromeTabbedActivity}
10-09 13:13:07.253  4304  4304 D ArtChoreographerMonitor: invoke error.
10-09 13:13:07.255  2042  2693 I ImeInsetsSourceProvider: ImeInsetsSourceProvider.scheduleShowImePostLayout() Run showImeRunner.
10-09 13:13:07.255  2042  2693 I ImeInsetsSourceProvider: ImeInsetsSourceProvider.scheduleShowImePostLayout() isReadyToShowIme.
10-09 13:13:07.256  4304  4484 D OneHandedController: stopOneHanded state is 0
10-09 13:13:07.427  4304  4304 D ArtChoreographerMonitor: invoke error.
10-09 13:13:07.946  2042  4100 D WindowManagerService: checkFlipFullScreenChange is same, nowIsFullScreen = false
10-09 13:13:07.966  2042  4100 D WindowManagerService: checkFlipFullScreenChange is same, nowIsFullScreen = false
10-09 13:13:07.993  2042  4100 W MIUIInput: Input event injection from package: null action ACTION_DOWN keycode 66
10-09 13:13:07.994  2042  4100 W MiuiInputKeyEventLog: keyCode:66 down:true eventTime:33397250 downTime:33397250 policyFlags:2b000000 flags:0 metaState:0 deviceId:-1 isScreenOn:true keyguardActive:false repeatCount:0
10-09 13:13:08.003  2042  4100 W MIUIInput: Input event injection from package: null action ACTION_UP keycode 66
10-09 13:13:08.003  2042  4100 W MiuiInputKeyEventLog: keyCode:66 down:false eventTime:33397250 downTime:33397250 policyFlags:2b000000 flags:0 metaState:0 deviceId:-1 isScreenOn:true keyguardActive:false repeatCount:0
10-09 13:13:08.015  2042  4100 D ActivityManager: checkAllowBackground: uid=10163 pkg=com.google.android.gms rec=UidRecord{3efeecd u0a163 BTOP change:procadj procs:0 seq(593411,425084)} caps=LCMNFU always=false idle=false
10-09 13:13:08.031  2042  6991 D ActivityManager: checkAllowBackground: uid=10163 pkg=com.google.android.gms rec=UidRecord{3efeecd u0a163 BTOP change:procadj procs:0 seq(593415,425084)} caps=LCMNFU always=false idle=false
10-09 13:13:08.041  2042  6991 D ActivityManager: checkAllowBackground: uid=10163 pkg=com.google.android.gms rec=UidRecord{3efeecd u0a163 BTOP change:procadj procs:0 seq(593419,425084)} caps=LCMNFU always=false idle=false
10-09 13:13:08.180  2042  4080 I InputMethodManagerService: IMMS.applyImeVisibility(), setVisible = false, mCurclient = ClientState{80c558e mUid=10172 mPid=17153 mSelfReportedDisplayId=0}
10-09 13:13:08.181  4304  4304 D ArtChoreographerMonitor: invoke error.
10-09 13:13:08.184  2042  6991 D SchedBoost: com.android.chrome:sandboxed_process0:org.chromium.content.app.SandboxedProcessService0:22 boosting, skip reset priority
10-09 13:13:08.190  2042  4080 W PackageConfigPersister: App-specific configuration not found for packageName: com.android.chrome and userId: 0
10-09 13:13:08.214  4304  4484 D MiuiFreeformModeController: avoidForInsetsBottomChangedIfNeed oldMoveableBottom: 2270 newMoveableBounds: 2270
10-09 13:13:08.214  4304  4484 D ImePositionProcessor: onImeVisibilityChanged     isShowing:  false
10-09 13:13:08.215  2042  6982 D CoreBackPreview: Window{edce952 u0 com.android.chrome/org.chromium.chrome.browser.ChromeTabbedActivity}: Setting back callback OnBackInvokedCallbackInfo{mCallback=android.window.IOnBackInvokedCallback$Stub$Proxy@ed0eba5, mPriority=0, mIsAnimationCallback=true}
10-09 13:13:08.215  4304  4484 D MiuiFreeformModeController: onImeVisibilityChanged imeVisible: false imeHeight: 0 adjustedForRotation:false
10-09 13:13:08.215  4304  4484 D MiuiFreeformModeAvoidAlgorithm: begin autoOrderingAvoidMiniTask
10-09 13:13:08.216  4304  4484 D MiuiFreeformModeAvoidAlgorithm: getCurrMiniPos: SameSideMiniPosList: []
10-09 13:13:08.216  4304  4484 D MiuiFreeformModeAvoidAlgorithm: getCurrMiniPos: SameSideMiniPosList: []
10-09 13:13:08.216  4304  4484 D MiuiFreeformModeAvoidAlgorithm: end autoOrderingAvoidMiniTask res:AvoidResult{distance=0, combination={}, activeTaskPos=Rect(0, 0 - 0, 0)}
10-09 13:13:08.217  2042  2692 I WindowManager: input method visible height changed 0
10-09 13:13:08.218  2042  3126 I ITouchFeature: current device and process support version:2
10-09 13:13:08.359  4304  4304 D ArtChoreographerMonitor: invoke error.
10-09 13:13:08.734  2042  6982 I SmartPower: com.google.android.inputmethod.latin/10176(6431): visible->invisible(1616ms) R(become invisible) adj=100.
10-09 13:13:08.734  2042  6982 I SmartPower: com.google.android.inputmethod.latin/10176(6431): invisible->background(0ms) R(become background) adj=100.
10-09 13:13:08.738  4304  4484 D MiuiFreeformModeController: avoidForInsetsBottomChangedIfNeed oldMoveableBottom: 2270 newMoveableBounds: 2270
10-09 13:13:08.744  4304  4484 D MiuiFreeformModeController: avoidForInsetsBottomChangedIfNeed oldMoveableBottom: 2270 newMoveableBounds: 2270
10-09 13:13:08.855  2183  2183 I wificond: station_bandwidth: P
10-09 13:13:09.121  2042  4100 W MIUIInput: Input event injection from package: null action ACTION_DOWN
10-09 13:13:09.122  2042  3516 I ProcessManager: getRenderThreadTidByPid, caller=2042
10-09 13:13:09.126  2042  3516 I ProcessManager: getRenderThreadTidByPid, caller=2042
10-09 13:13:09.213  2042  4100 W MIUIInput: Input event injection from package: null action ACTION_UP
10-09 13:13:10.065  2042  6982 W MIUIInput: Input event injection from package: null action ACTION_DOWN
10-09 13:13:10.067  2042  3516 I ProcessManager: getRenderThreadTidByPid, caller=2042
10-09 13:13:10.069  2042  3516 I ProcessManager: getRenderThreadTidByPid, caller=2042
10-09 13:13:10.154  2042  6982 W MIUIInput: Input event injection from package: null action ACTION_UP
10-09 13:13:10.921  2042  3110 W ProcessStats: Tracking association SourceState{1b0dd2c com.android.vending/10164 ImpBg #95424} whose proc state 6 is better than process ProcessState{d60be6a com.android.vending:background/10164 pkg=com.android.vending} proc state 14 (229 skipped)
10-09 13:13:11.025  2042  6999 W MIUIInput: Input event injection from package: null action ACTION_DOWN
10-09 13:13:11.026  2042  3516 I ProcessManager: getRenderThreadTidByPid, caller=2042
10-09 13:13:11.029  2042  3516 I ProcessManager: getRenderThreadTidByPid, caller=2042
10-09 13:13:11.116  2042  6999 W MIUIInput: Input event injection from package: null action ACTION_UP
10-09 13:13:11.735  2042  3524 I SmartPower: com.google.android.inputmethod.latin/10176(6431): background->idle(3000ms) R(become invisible) adj=100.
10-09 13:13:11.864  2183  2183 I wificond: station_bandwidth: P
10-09 13:13:11.865  4304  4304 D ArtChoreographerMonitor: invoke error.
10-09 13:13:11.978  2042  6999 W MIUIInput: Input event injection from package: null action ACTION_DOWN
10-09 13:13:11.978  2042  3516 I ProcessManager: getRenderThreadTidByPid, caller=2042
10-09 13:13:11.983  2042  3516 I ProcessManager: getRenderThreadTidByPid, caller=2042
10-09 13:13:12.040  4304  4304 D ArtChoreographerMonitor: invoke error.
10-09 13:13:12.066  2042  6982 W MIUIInput: Input event injection from package: null action ACTION_UP
10-09 13:13:12.417  2042  2702 D HeapUsage Monitor: HeapAllocSize : 96MB; monitorSize : 500MB
10-09 13:13:12.913  2042  4100 W MIUIInput: Input event injection from package: null action ACTION_DOWN
10-09 13:13:12.914  2042  3516 I ProcessManager: getRenderThreadTidByPid, caller=2042
10-09 13:13:12.919  2042  3516 I ProcessManager: getRenderThreadTidByPid, caller=2042
10-09 13:13:13.002  2042  4100 W MIUIInput: Input event injection from package: null action ACTION_UP
10-09 13:13:13.857  2042  6982 W MIUIInput: Input event injection from package: null action ACTION_DOWN
10-09 13:13:13.858  2042  3516 I ProcessManager: getRenderThreadTidByPid, caller=2042
10-09 13:13:13.862  2042  3516 I ProcessManager: getRenderThreadTidByPid, caller=2042
10-09 13:13:13.945  2042  6982 W MIUIInput: Input event injection from package: null action ACTION_UP
10-09 13:13:14.826  2042  6982 W MIUIInput: Input event injection from package: null action ACTION_DOWN
10-09 13:13:14.827  2042  3516 I ProcessManager: getRenderThreadTidByPid, caller=2042
10-09 13:13:14.830  2042  6982 W MIUIInput: Input event injection from package: null action ACTION_UP
10-09 13:13:14.844  2042  6999 D ActivityManager: checkAllowBackground: uid=10163 pkg=com.google.android.gms rec=UidRecord{3efeecd u0a163 BTOP change:procadj procs:0 seq(593479,425084)} caps=LCMNFU always=false idle=false
10-09 13:13:14.859  2042  4080 D ActivityManager: checkAllowBackground: uid=10163 pkg=com.google.android.gms rec=UidRecord{3efeecd u0a163 BTOP change:procadj procs:0 seq(593527,425084)} caps=LCMNFU always=false idle=false
10-09 13:13:14.872  2042  6999 D ActivityManager: checkAllowBackground: uid=10163 pkg=com.google.android.gms rec=UidRecord{3efeecd u0a163 BTOP change:procadj procs:0 seq(593531,425084)} caps=LCMNFU always=false idle=false
10-09 13:13:14.875  2183  2183 I wificond: station_bandwidth: P
10-09 13:13:14.878  4304  4304 D ArtChoreographerMonitor: invoke error.
10-09 13:13:15.047  2042  6999 D ActivityManager: checkAllowBackground: uid=10163 pkg=com.google.android.gms rec=UidRecord{3efeecd u0a163 BTOP change:procadj procs:0 seq(593535,425084)} caps=LCMNFU always=false idle=false
10-09 13:13:15.052  4304  4304 D ArtChoreographerMonitor: invoke error.
10-09 13:13:15.151  2042  4080 D CompatibilityChangeReporter: Compat change id reported: 265464455; UID 10030; state: DISABLED
10-09 13:13:15.151  2042  4080 D CompatibilityChangeReporter: Compat change id reported: 265452344; UID 10030; state: DISABLED
10-09 13:13:15.151  2042  4080 D CompatibilityChangeReporter: Compat change id reported: 266124927; UID 10030; state: DISABLED
10-09 13:13:15.151  2042  4080 D CompatibilityChangeReporter: Compat change id reported: 265451093; UID 10030; state: DISABLED
10-09 13:13:15.151  2042  4080 D CompatibilityChangeReporter: Compat change id reported: 265456536; UID 10030; state: DISABLED
10-09 13:13:15.151  2042  4080 D CompatibilityChangeReporter: Compat change id reported: 255940284; UID 10030; state: DISABLED
10-09 13:13:15.151  2042  4080 D CompatibilityChangeReporter: Compat change id reported: 236283604; UID 10030; state: DISABLED
10-09 13:13:15.151  2042  4080 D CompatibilityChangeReporter: Compat change id reported: 263959004; UID 10030; state: DISABLED
10-09 13:13:15.151  2042  4080 D CompatibilityChangeReporter: Compat change id reported: 264304459; UID 10030; state: DISABLED
10-09 13:13:15.151  2042  4080 D CompatibilityChangeReporter: Compat change id reported: 264301586; UID 10030; state: DISABLED
10-09 13:13:15.151  2042  4080 D CompatibilityChangeReporter: Compat change id reported: 254631730; UID 10030; state: DISABLED
10-09 13:13:15.151  2042  4080 D CompatibilityChangeReporter: Compat change id reported: 273509367; UID 10030; state: DISABLED
10-09 13:13:15.152  2042  4080 D CompatibilityChangeReporter: Compat change id reported: 263259275; UID 10030; state: DISABLED
10-09 13:13:15.152  2042  4080 D CompatibilityChangeReporter: Compat change id reported: 174042980; UID 10030; state: DISABLED
10-09 13:13:15.152  2042  4080 D CompatibilityChangeReporter: Compat change id reported: 174042936; UID 10030; state: DISABLED
10-09 13:13:15.152  2042  4080 D CompatibilityChangeReporter: Compat change id reported: 181136395; UID 10030; state: DISABLED
10-09 13:13:15.153  2042  4080 D CompatibilityChangeReporter: Compat change id reported: 194480991; UID 10030; state: ENABLED
10-09 13:13:15.153  2042  4080 D WindowManager: Collecting in transition 258: ActivityRecord{74dabff u0 eu.europa.ec.euidi/eu.europa.ec.assemblylogic.ui.MainActivity init visibleRequested:false
10-09 13:13:15.154  2042  4080 D MiuiFreeFormManagerService: activeOrFullscreenFreeformTaskIfNeed startDefaultAr:false
10-09 13:13:15.155  4304  4484 D OneHandedController: stopOneHanded state is 0
10-09 13:13:15.158  2042  4080 D WindowManager: setLockTaskAuth: task=Task{18d0815 #6454 type=standard A=10030:eu.europa.ec.euidi} mLockTaskAuth=LOCK_TASK_AUTH_PINNABLE
10-09 13:13:15.159  2042  4080 D WindowManager: Collecting in transition 258: Task{18d0815 #6454 type=standard A=10030:eu.europa.ec.euidi} init visibleRequested:false
10-09 13:13:15.161  2042  4080 D CompatibilityChangeReporter: Compat change id reported: 184838306; UID 10030; state: DISABLED
10-09 13:13:15.161  2042  4080 D CompatibilityChangeReporter: Compat change id reported: 185004937; UID 10030; state: DISABLED
10-09 13:13:15.163  2042  4080 D WindowManager: setLockTaskAuth: task=Task{18d0815 #6454 type=standard A=10030:eu.europa.ec.euidi} mLockTaskAuth=LOCK_TASK_AUTH_PINNABLE
10-09 13:13:15.164  2042  4080 D MiuiFreeFormManagerService: onStartActivityInner as = Task{18d0815 #6454 type=standard A=10030:eu.europa.ec.euidi} op = null
10-09 13:13:15.166  2042  4080 D ActivityTaskManager: Task#startActivityLocked isOrhasTask=true newTask=true
10-09 13:13:15.168  2042  4080 D CompatibilityChangeReporter: Compat change id reported: 205907456; UID 10030; state: ENABLED
10-09 13:13:15.172  2042  4080 D WindowManager: Collecting in transition 258: ActivityRecord{74dabff u0 eu.europa.ec.euidi/eu.europa.ec.assemblylogic.ui.MainActivity t6454} init visibleRequested:false
10-09 13:13:15.172  2042  4080 D WindowManager: Requesting StartTransition: TransitionRecord{3eb4ab8 id=258 type=OPEN flags=0x0}
10-09 13:13:15.172  4304  4575 D TaskSnapshot_Helper: SYS is normal.
10-09 13:13:15.173  2042  4080 I ActivityTaskManager: START u0 {act=android.intent.action.VIEW cat=[android.intent.category.BROWSABLE] dat=eu.europa.ec.euidi://authorization/... flg=0x14000000 cmp=eu.europa.ec.euidi/eu.europa.ec.assemblylogic.ui.MainActivity (has extras)} with LAUNCH_SINGLE_TASK from uid 10172 from pid 17153 callingPackage com.android.chrome (BAL_ALLOW_VISIBLE_WINDOW) result code=0
10-09 13:13:15.178  2042  2692 D CompatibilityChangeReporter: Compat change id reported: 135634846; UID 10030; state: DISABLED
10-09 13:13:15.178  2042  2692 D CompatibilityChangeReporter: Compat change id reported: 177438394; UID 10030; state: DISABLED
10-09 13:13:15.178  2042  2692 D CompatibilityChangeReporter: Compat change id reported: 135772972; UID 10030; state: DISABLED
10-09 13:13:15.178  2042  2692 D CompatibilityChangeReporter: Compat change id reported: 135754954; UID 10030; state: ENABLED
10-09 13:13:15.179  2042  2788 D CompatibilityChangeReporter: Compat change id reported: 143937733; UID 10030; state: ENABLED
10-09 13:13:15.181  4304  4484 I SoScUtils: monitorTransitionRequest mRequestOpenTransition:null mRequestOpenTriggerTask:-1 mRequestCloseTransition:null mRequestCloseTriggerTask:-1 mRequestCloseStageType:-1
10-09 13:13:15.181  4304  4572 D ArtChoreographerMonitor: invoke error.
10-09 13:13:15.184  2042  6999 D WindowManager: Set transition=TransitionRecord{3eb4ab8 id=258 type=OPEN flags=0x0}, ready=false, SyncId=258 used=true, override=false, defer=0, states=Display{#0 state=ON size=1080x2400 ROTATION_0}:false
10-09 13:13:15.186  4304  4484 D OneHandedController: stopOneHanded state is 0
10-09 13:13:15.186  4304  4484 D OneHandedController: stopOneHanded state is 0
10-09 13:13:15.191  2042  6982 D CompatibilityChangeReporter: Compat change id reported: 197654537; UID 10172; state: ENABLED
10-09 13:13:15.194  2042  4080 D CompatibilityChangeReporter: Compat change id reported: 168419799; UID 10030; state: DISABLED
10-09 13:13:15.195  2042  4080 D CompatibilityChangeReporter: Compat change id reported: 273564678; UID 10030; state: DISABLED
10-09 13:13:15.197  2042  2788 I ActivityManager: Start proc 19022:eu.europa.ec.euidi/u0a30 for next-top-activity {eu.europa.ec.euidi/eu.europa.ec.assemblylogic.ui.MainActivity} caller=com.android.chrome
10-09 13:13:15.201  2042 19024 W ContextImpl: Calling a method in the system process without a qualified user: android.app.ContextImpl.sendBroadcast:1231 com.qualcomm.qti.Performance$SendGameLaunchBroadcast.run:251 java.lang.Thread.run:1119 <bottom of call stack> <bottom of call stack> 
10-09 13:13:15.214  2042  7002 D WindowManager: Collecting in transition 258: ActivityRecord{74dabff u0 eu.europa.ec.euidi/eu.europa.ec.assemblylogic.ui.MainActivity t6454} init visibleRequested:false
10-09 13:13:15.215  2042  7002 D WindowManager: Collecting in transition 258: ActivityRecord{1b6b9ad u0 com.android.chrome/org.chromium.chrome.browser.ChromeTabbedActivity t6447} init visibleRequested:true
10-09 13:13:15.221  2042  6982 W AutofillManagerServiceImpl: getFillEventHistory() called by UID 10273, but service UID is 10163
10-09 13:13:15.223  2042  2693 D WindowManager: wms.Focus not requested for window=Window{edce952 u0 com.android.chrome/org.chromium.chrome.browser.ChromeTabbedActivity} because it has no surface or is not focusable.
10-09 13:13:15.246  2042  7002 D WindowManager: wms.Input focus has changed to null display=0 updateInputWindows = true
10-09 13:13:15.247  2042  7002 I MultiSenceManagerInternalStub: getInstance
10-09 13:13:15.248  2042  6999 D CoreBackPreview: Window{3171bf7 u0 Splash Screen eu.europa.ec.euidi}: Setting back callback OnBackInvokedCallbackInfo{mCallback=android.window.IOnBackInvokedCallback$Stub$Proxy@1af92ef, mPriority=0, mIsAnimationCallback=false}
10-09 13:13:15.258  2042  6999 I SmartPower: eu.europa.ec.euidi/10030(19022): died->invisible(11326ms) R(process start ) adj=-10000.
10-09 13:13:15.262  2042  2693 D WindowManager: Set transition=TransitionRecord{3eb4ab8 id=258 type=OPEN flags=0x0}, ready=true, SyncId=258 
10-09 13:13:15.265  2042  2693 I SmartPower: eu.europa.ec.euidi/10030(19022): invisible->visible(6ms) R(become visible) adj=-10000.
10-09 13:13:15.265  2042  2693 I WindowManager: wms.showSurfaceRobustly mWin:Window{3171bf7 u0 Splash Screen eu.europa.ec.euidi}
10-09 13:13:15.266  2042  2693 D WindowManager: Final targets: [Task{18d0815 #6454 type=standard A=10030:eu.europa.ec.euidi}, Task{f3a7d2e #6447 type=standard A=10172:com.android.chrome}]
10-09 13:13:15.290  2042  2693 D WindowManager: Calling onTransitionReady info={id=258 t=OPEN f=0x0 trk=0 r=[0@Point(0, 0)] c=[{WCT{RemoteToken{8c6f0b Task{18d0815 #6454 type=standard A=10030:eu.europa.ec.euidi}}} m=OPEN f=NONE leash=Surface(name=Task=6454#5000)/@0xcb41dcc sb=Rect(0, 0 - 1080, 2400) eb=Rect(0, 0 - 1080, 2400) d=0},{WCT{RemoteToken{ab02a8e Task{f3a7d2e #6447 type=standard A=10172:com.android.chrome}}} m=TO_BACK f=NONE leash=Surface(name=Task=6447#4700)/@0x9b243a9 sb=Rect(0, 0 - 1080, 2400) eb=Rect(0, 0 - 1080, 2400) d=0}] noAni=[false] df=[false] mk=[true] nc=[0]}, mToken=Token{322d1e8 TransitionRecord{3eb4ab8 id=258 type=OPEN flags=0x0}}
10-09 13:13:15.290  2042  2693 I BLASTSyncEngine: finishNow: after onTransactionReady, mSyncId=258
10-09 13:13:15.291  2042  2693 I WindowManager: cancelAnimation removed leash : Surface(name=Surface(name=704023a StatusBar#94)/@0xa8be448 - animation-leash of insets_animation#4992)/@0xe214d4f
10-09 13:13:15.294  4304  4484 D MiuiFreeformAnimation: startAnimation change: {WCT{android.window.IWindowContainerToken$Stub$Proxy@cc59a33} m=OPEN f=NONE leash=Surface(name=Task=6454#5000)/@0xa87b184 sb=Rect(0, 0 - 1080, 2400) eb=Rect(0, 0 - 1080, 2400) d=0} info.getType(): 1
10-09 13:13:15.294  4304  4484 I MiuiFreeformAnimation: isLaunchWidgetPicker=false,taskInfo.getWindowingMode()=1, taskInfo.getActivityType()=1
10-09 13:13:15.295  2042  2693 I WindowManager: cancelAnimation removed leash : Surface(name=Surface(name=d968687 NavigationBar0#90)/@0x2f479dd - animation-leash of insets_animation#4999)/@0xd72159c
10-09 13:13:15.295  4304  4484 D MiuiFreeformAnimation: startAnimation change: {WCT{android.window.IWindowContainerToken$Stub$Proxy@b9061f0} m=TO_BACK f=NONE leash=Surface(name=Task=6447#4700)/@0x3f4fd6d sb=Rect(0, 0 - 1080, 2400) eb=Rect(0, 0 - 1080, 2400) d=0} info.getType(): 1
10-09 13:13:15.295  4304  4484 W MiuiTaskTransitionHandler: Receive an unknown transition, token=android.os.BinderProxy@f1803f2, type=1
10-09 13:13:15.296  4304  4484 D TransitionAnimationHelper:  load default animation  type = 1 enter = false animAttr = 9 isTask = true translucent = false
10-09 13:13:15.296  4304  4484 D TransitionAnimationHelper:  load default animation  type = 1 enter = true animAttr = 8 isTask = true translucent = false
10-09 13:13:15.297  4304  4520 D ShellTransitions: speed ui!!!!!!!!!!!
10-09 13:13:15.304  4304  4484 D MiuiFullScreenTaskRepository: addOrUpdateFullScreenTaskInfo taskId=6454, topActivity=ComponentInfo{eu.europa.ec.euidi/eu.europa.ec.assemblylogic.ui.MainActivity}
10-09 13:13:15.306  2042  6999 W ActivityManager: Slow operation: 54ms so far, now at attachApplicationLocked: immediately before bindApplication
10-09 13:13:15.307  2042  6999 W ActivityManager: Slow operation: 56ms so far, now at attachApplicationLocked: immediately after bindApplication
10-09 13:13:15.307  2042  6999 W ActivityManager: Slow operation: 56ms so far, now at attachApplicationLocked: after updateLruProcessLocked
10-09 13:13:15.308  2042  6999 W MiuiBoosterUtils: enable_miuibooster_launch : false
10-09 13:13:15.309  4304  4484 D MiuiFullScreenTaskRepository: addOrUpdateFullScreenTaskInfo taskId=6454, topActivity=ComponentInfo{eu.europa.ec.euidi/eu.europa.ec.assemblylogic.ui.MainActivity}
10-09 13:13:15.310  4304  4484 D SoScUtils: monitorTransitionFinished transition:android.os.BinderProxy@f1803f2 transaction: android.view.SurfaceControl$Transaction@891d887 mRequestCloseTransition:null mRequestOpenTransition:null mPairsOpenTransition:null mPairsOpenTransitionNull:null mRequestOpenTriggerTask:-1 mRequestCloseTriggerTask:-1 mOrientationTransition: null mMainStartingTask:-1 mSideStartingTask:-1
10-09 13:13:15.311  2042  6999 D WindowManagerService: checkFlipFullScreenChange is same, nowIsFullScreen = false
10-09 13:13:15.319  2042  6999 I Transition: finishTransition: updateLastSurfacePosition tf=Task{18d0815 #6454 type=standard A=10030:eu.europa.ec.euidi}
10-09 13:13:15.321  4304  4484 D MiuiFullScreenTaskRepository: removeFocusedTask displayId=0
10-09 13:13:15.321  4304  4484 D MiuiFullScreenTaskRepository: addOrUpdateFullScreenTaskInfo taskId=6447, topActivity=ComponentInfo{com.android.chrome/org.chromium.chrome.browser.ChromeTabbedActivity}
10-09 13:13:15.321  4304  4484 D MiuiFullScreenTaskRepository: setFocusedTask taskId=6454, displayId=0, topActivity=ComponentInfo{eu.europa.ec.euidi/eu.europa.ec.assemblylogic.ui.MainActivity}
10-09 13:13:15.321  4304  4484 D MiuiFullScreenTaskRepository: addOrUpdateFullScreenTaskInfo taskId=6454, topActivity=ComponentInfo{eu.europa.ec.euidi/eu.europa.ec.assemblylogic.ui.MainActivity}
10-09 13:13:15.321  4304  4484 D MiuiFreeformModeController: onFocusTaskChanged taskInfo: TaskInfo{userId=0 taskId=6454 displayId=0 isRunning=true baseIntent=Intent { act=android.intent.action.VIEW cat=[android.intent.category.BROWSABLE] dat=eu.europa.ec.euidi://authorization/... flg=0x14000000 cmp=eu.europa.ec.euidi/eu.europa.ec.assemblylogic.ui.MainActivity } baseActivity=ComponentInfo{eu.europa.ec.euidi/eu.europa.ec.assemblylogic.ui.MainActivity} topActivity=ComponentInfo{eu.europa.ec.euidi/eu.europa.ec.assemblylogic.ui.MainActivity} origActivity=null realActivity=ComponentInfo{eu.europa.ec.euidi/eu.europa.ec.assemblylogic.ui.MainActivity} numActivities=1 lastActiveTime=250107630 supportsSplitScreenMultiWindow=true supportsMultiWindow=true resizeMode=1 isResizeable=true minWidth=-1 minHeight=-1 defaultMinSize=200 token=WCT{android.window.IWindowContainerToken$Stub$Proxy@57c83b4} topActivityType=1 pictureInPictureParams=null shouldDockBigOverlays=false launchIntoPipHostTaskId=-1 lastParentTaskIdBeforePip=-1 displayCutoutSafeInsets=Rect(0, 94 - 0, 0) topActivityInfo=ActivityInfo{75d1bdd eu.europa.ec.assemblylogic.ui.MainActivity} launchCookies=[] positionInParent=Point(0, 0) parentTaskId=-1 isFocused=true isVisible=true isVisibleRequested=true isSleeping=false topActivityInSizeCompat=false topActivityInMiuiSizeCompat=false topActivityEligibleForLetterboxEducation= false topActivityLetterboxed= false isFromDoubleTap= false topActivityLetterboxVerticalPosition= -1 topActivityLetterboxHorizontalPosition= -1 topActivityLetterboxWidth=-1 topActivityLetterboxHeight=-1 locusId=null displayAreaFeatureId=1 cameraCompatControlState=hidden mIsCastMode=false mTopActivityMediaSize=null mTopActivityRecordName=ActivityRecord{74dabff u0 eu.europa.ec.euidi/eu.europa.ec.assemblylogic.ui.MainActivity t6454} mTopActivityOrientation=1 mTopActivityWindowIsNowVisible=false isTranslucent=false isEmbedded=false shouldBeVisible=true isImmersive=false mBehindAppLockPkg=null mOriginatingUid=0}
10-09 13:13:15.322  4304  4484 D MiuiDesktopModeController: onFocusTaskChanged newFocus: TaskInfo{userId=0 taskId=6454 displayId=0 isRunning=true baseIntent=Intent { act=android.intent.action.VIEW cat=[android.intent.category.BROWSABLE] dat=eu.europa.ec.euidi://authorization/... flg=0x14000000 cmp=eu.europa.ec.euidi/eu.europa.ec.assemblylogic.ui.MainActivity } baseActivity=ComponentInfo{eu.europa.ec.euidi/eu.europa.ec.assemblylogic.ui.MainActivity} topActivity=ComponentInfo{eu.europa.ec.euidi/eu.europa.ec.assemblylogic.ui.MainActivity} origActivity=null realActivity=ComponentInfo{eu.europa.ec.euidi/eu.europa.ec.assemblylogic.ui.MainActivity} numActivities=1 lastActiveTime=250107630 supportsSplitScreenMultiWindow=true supportsMultiWindow=true resizeMode=1 isResizeable=true minWidth=-1 minHeight=-1 defaultMinSize=200 token=WCT{android.window.IWindowContainerToken$Stub$Proxy@57c83b4} topActivityType=1 pictureInPictureParams=null shouldDockBigOverlays=false launchIntoPipHostTaskId=-1 lastParentTaskIdBeforePip=-1 displayCutoutSafeInsets=Rect(0, 94 - 0, 0) topActivityInfo=ActivityInfo{75d1bdd eu.europa.ec.assemblylogic.ui.MainActivity} launchCookies=[] positionInParent=Point(0, 0) parentTaskId=-1 isFocused=true isVisible=true isVisibleRequested=true isSleeping=false topActivityInSizeCompat=false topActivityInMiuiSizeCompat=false topActivityEligibleForLetterboxEducation= false topActivityLetterboxed= false isFromDoubleTap= false topActivityLetterboxVerticalPosition= -1 topActivityLetterboxHorizontalPosition= -1 topActivityLetterboxWidth=-1 topActivityLetterboxHeight=-1 locusId=null displayAreaFeatureId=1 cameraCompatControlState=hidden mIsCastMode=false mTopActivityMediaSize=null mTopActivityRecordName=ActivityRecord{74dabff u0 eu.europa.ec.euidi/eu.europa.ec.assemblylogic.ui.MainActivity t6454} mTopActivityOrientation=1 mTopActivityWindowIsNowVisible=false isTranslucent=false isEmbedded=false shouldBeVisible=true isImmersive=false mBehindAppLockPkg=null mOriginatingUid=0}
10-09 13:13:15.324  2042  4080 D SchedBoost: com.android.chrome boosting, skip reset priority
10-09 13:13:15.325  2042  4080 D SchedBoost: com.google.android.adservices.api boosting, skip reset priority
10-09 13:13:15.329  2042  6982 D CompatibilityChangeReporter: Compat change id reported: 170503758; UID 10030; state: ENABLED
10-09 13:13:15.330  4304  4484 D MiuiFullScreenTaskRepository: addOrUpdateFullScreenTaskInfo taskId=6447, topActivity=ComponentInfo{com.android.chrome/org.chromium.chrome.browser.ChromeTabbedActivity}
10-09 13:13:15.331  2042  2690 D Aurogon :  uid = 10030 switch to FG
10-09 13:13:15.334  2042  3110 D CompatibilityChangeReporter: Compat change id reported: 265195908; UID 10030; state: ENABLED
10-09 13:13:15.338  2042  3500 D isUidValid: uid = 10030
10-09 13:13:15.339  2042  4781 D CompatibilityChangeReporter: Compat change id reported: 261072174; UID 10172; state: ENABLED
10-09 13:13:15.340  2042  4781 D SchedBoost: com.android.chrome:sandboxed_process0:org.chromium.content.app.SandboxedProcessService0:22 boosting, skip reset priority
10-09 13:13:15.353  2042  3110 D CompatibilityChangeReporter: Compat change id reported: 218533173; UID 10030; state: ENABLED
10-09 13:13:15.354  2042  3110 D CompatibilityChangeReporter: Compat change id reported: 262645982; UID 10030; state: ENABLED
10-09 13:13:15.368 19022 19022 D ActivityThread: useGrowthLimitOutExpendMethod invoke error.
10-09 13:13:15.391  2042  6991 I ActivityManager: Flag disabled. Ignoring finishAttachApplication from uid: 10030. pid: 19022
10-09 13:13:15.394  2042  6991 D CompatibilityChangeReporter: Compat change id reported: 253665015; UID 10030; state: ENABLED
10-09 13:13:15.394  2042  6991 D CompatibilityChangeReporter: Compat change id reported: 194532703; UID 10030; state: ENABLED
10-09 13:13:15.395  2042  6991 D ActivityManager: checkAllowBackground: uid=10030 pkg=eu.europa.ec.euidi rec=UidRecord{cf8c473 u0a30 TOP  change:active|uncached|procstate procs:0 seq(593543,593543)} caps=LCMNFU always=false idle=false
10-09 13:13:15.428 19022 19022 D FramePredict: FramePredict init: false
10-09 13:13:15.428 19022 19022 D FramePredict: init success
10-09 13:13:15.430  2042  6991 W ActivityManager: Permission Denial: getCurrentUser() from pid=19022, uid=10030 requires android.permission.INTERACT_ACROSS_USERS
10-09 13:13:15.430 19022 19052 E FramePredict: registerContentObserver fail
10-09 13:13:15.444  4304  4367 D MiuiFreeformModeObserver: activityResumed() intent Intent { cmp=eu.europa.ec.euidi/eu.europa.ec.assemblylogic.ui.MainActivity (has extras) }
10-09 13:13:15.446  4304  4484 D MiuiFullScreenTaskRepository: setFocusedTask taskId=6454, displayId=0, topActivity=ComponentInfo{eu.europa.ec.euidi/eu.europa.ec.assemblylogic.ui.MainActivity}
10-09 13:13:15.446  4304  4484 D MiuiFullScreenTaskRepository: addOrUpdateFullScreenTaskInfo taskId=6454, topActivity=ComponentInfo{eu.europa.ec.euidi/eu.europa.ec.assemblylogic.ui.MainActivity}
10-09 13:13:15.476  4304  4304 D ArtChoreographerMonitor: invoke error.
10-09 13:13:15.508  2042  7011 D CoreBackPreview: Window{2787cf4 u0 eu.europa.ec.euidi/eu.europa.ec.assemblylogic.ui.MainActivity}: Setting back callback OnBackInvokedCallbackInfo{mCallback=android.window.IOnBackInvokedCallback$Stub$Proxy@60eefbf, mPriority=0, mIsAnimationCallback=false}
10-09 13:13:15.523  2042  7011 I WindowManager: cancelAnimation removed leash : Surface(name=Surface(name=704023a StatusBar#94)/@0xa8be448 - animation-leash of insets_animation#5006)/@0xf10f0e7
10-09 13:13:15.525  2042  7011 I WindowManager: cancelAnimation removed leash : Surface(name=Surface(name=d968687 NavigationBar0#90)/@0x2f479dd - animation-leash of insets_animation#5007)/@0x2e7db3d
10-09 13:13:15.527  2042  7011 D WindowManager: wms.Input focus has changed to Window{2787cf4 u0 eu.europa.ec.euidi/eu.europa.ec.assemblylogic.ui.MainActivity} display=0 updateInputWindows = true
10-09 13:13:15.527  2042  7011 I MultiSenceManagerInternalStub: getInstance
10-09 13:13:15.552  2042  7011 D WindowManager: wms.finishDrawingLocked: mDrawState=COMMIT_DRAW_PENDING Window{2787cf4 u0 eu.europa.ec.euidi/eu.europa.ec.assemblylogic.ui.MainActivity} in Surface(name=eu.europa.ec.euidi/eu.europa.ec.assemblylogic.ui.MainActivity#5010)/@0xe22768c
10-09 13:13:15.553  2042  2693 D TaskSnapshot_Helper: shouldDelay()... Not launched by home, no delay needed.
10-09 13:13:15.556  4304  4572 D ArtChoreographerMonitor: invoke error.
10-09 13:13:15.556  2042  2693 I WindowManager: wms.showSurfaceRobustly mWin:Window{2787cf4 u0 eu.europa.ec.euidi/eu.europa.ec.assemblylogic.ui.MainActivity}
10-09 13:13:15.565  2042  4100 I SmartPower: com.android.chrome/10172(17153): visible->invisible(18308ms) R(become invisible) adj=200.
10-09 13:13:15.565  2042  4100 I SmartPower: com.android.chrome:privileged_process0/10172(17266): invisible->background(18569ms) R(become background) adj=0.
10-09 13:13:15.566  2042  4100 I SmartPower: com.android.chrome/10172(17153): invisible->background(0ms) R(become background) adj=200.
10-09 13:13:15.574  2042  7011 D CompatibilityChangeReporter: Compat change id reported: 214016041; UID 10030; state: ENABLED
10-09 13:13:15.575  2042  4100 D CoreBackPreview: Window{3171bf7 u0 Splash Screen eu.europa.ec.euidi EXITING}: Setting back callback null
10-09 13:13:15.590  2042  7011 D CoreBackPreview: Window{edce952 u0 com.android.chrome/org.chromium.chrome.browser.ChromeTabbedActivity}: Setting back callback OnBackInvokedCallbackInfo{mCallback=android.window.IOnBackInvokedCallback$Stub$Proxy@54d9ecb, mPriority=-1, mIsAnimationCallback=false}
10-09 13:13:15.591  2042  7002 I WindowManager: cancelAnimation removed leash : Surface(name=Surface(name=49d5fba InputMethod#118)/@0xbb23dc8 - animation-leash of insets_animation#4980)/@0x4efc516
10-09 13:13:15.592  2042  2692 D SchedBoost: com.android.chrome:privileged_process0 boosting, skip reset priority
10-09 13:13:15.596  2042  4100 W PackageConfigPersister: App-specific configuration not found for packageName: eu.europa.ec.euidi and userId: 0
10-09 13:13:15.599  2042  3110 D CompatibilityChangeReporter: Compat change id reported: 265195908; UID 10172; state: ENABLED
10-09 13:13:15.626 17153 17153 D ActivityThread: Fail to check app heapsize due to java.lang.NoSuchMethodException: dalvik.system.VMRuntime.getBlockingGcCountForAlloc []
10-09 13:13:15.631  2042  2690 D Aurogon :  uid = 10172 switch to BG
10-09 13:13:15.631  2042  3500 D isUidValid: uid = 10172
10-09 13:13:15.757  2042  2042 W AccessibilityManagerService:  wait for adding window timeout: 1257
10-09 13:13:15.758  4304  4304 D ArtChoreographerMonitor: invoke error.
10-09 13:13:16.583  4304  4572 D ArtChoreographerMonitor: invoke error.
10-09 13:13:16.751  4304  4304 D ArtChoreographerMonitor: invoke error.
10-09 13:13:17.748  2042  4781 W FillRequestEventLogger: Couldn't find packageName: com.google.android.inputmethod.latin
10-09 13:13:17.748  2042 25024 W FillRequestEventLogger: Shouldn't be logging AutofillFillRequestReported again for same event
10-09 13:13:17.749  2042 25024 W PresentationStatsEventLogger: Shouldn't be logging AutofillPresentationEventReported again for same event
10-09 13:13:17.749  2042 25024 D AutofillSession: clearPendingIntentLocked
10-09 13:13:17.749  2042 25024 W FillRequestEventLogger: Shouldn't be logging AutofillFillRequestReported again for same event
10-09 13:13:17.749  2042 25024 W PresentationStatsEventLogger: Shouldn't be logging AutofillPresentationEventReported again for same event
10-09 13:13:17.749  2042 25024 D AutofillSession: clearPendingIntentLocked
10-09 13:13:17.779  2042  6999 W PackageConfigPersister: App-specific configuration not found for packageName: eu.europa.ec.euidi and userId: 0
10-09 13:13:17.780 19022 19022 D MiuiMultiWindowUtils: freeform resolution args raw data:{  "wide_default":{    "freeform_args": {        "vertical_portrait":{"aspect_ratio":0.626, "original_ratio":0.5643,"original_scale":0.74,"top_margin":0.168,"left_margin":0.484},        "horizontal_portrait":{"aspect_ratio":0.626, "original_ratio":0.5643,"original_scale":0.74,"top_margin":0.1222,"left_margin":0.59745},        "vertical_landscape":{"aspect_ratio":1.6, "original_ratio":1,"original_scale":0.604,"top_margin":0.2596,"left_margin":0.2624},        "horizontal_landscape":{"aspect_ratio":1.6, "original_ratio":1,"original_scale":0.604,"top_margin":0.213,"left_margin":0.3758}    },    "mini_freeform_args":{        "vertical_portrait":{"original_ratio":0.147},        "horizontal_portrait":{"original_ratio":0.147},        "vertical_landscape":{"original_ratio":0.165},        "horizontal_landscape":{"original_ratio":0.165}    }  },  "narrow_default": {    "freeform_args": {        "vertical_portrait":{"aspect_ratio":0.626, "original_ratio":1,"original_scale":0.74,"top_margin":0.0753,"left_margin":-1},        "horizontal_portrait":{"aspect_ratio":0.626, "original_ratio":1,"original_scale":0.5756,"top_margin":-1,"left_margin":0.0753},        "vertical_landscape":{"aspect_ratio":1.6, "original_ratio":0.6847,"original_scale":0.587,"top_margin":0.0753,"left_margin":-1},        "horizontal_landscape":{"aspect_ratio":1.6, "original_ratio":0.6847,"original_scale":0.587,"top_margin":-1,"left_margin":0.0753}    },    "mini_freeform_args":{        "vertical_portrait":{"original_ratio":0.26},        "horizontal_portrait":{"original_ratio":0.26},        "vertical_landscape":{"original_ratio":0.293},        "horizontal_landscape":{"original_ratio":0.293}    }  },  "regular_default": {    "freeform_args": {      "vertical_portrait":{"aspect_ratio":0.625, "original_ratio":1,"original_scale":0.7,"top_margin":0.109,"left_margin":-1},      "horizontal_portrait":{"aspect_ratio":0.6667, "original_ratio":1,"original_scale":0.6102,"top_margin":-1,"left_margin":0.026},      "vertical_landscape":{"aspect_ratio":1.6, "original_ratio":1,"original_scale":0.4244,"top_margin":0.109,"left_margin":-1},      "horizontal_landscape":{"aspect_ratio":1.6, "original_ratio":1,"original_scale":0.4244,"top_margin":-1,"left_margin":0.026}    },    "mini_freeform_args":{      "vertical_portrait":{"original_ratio":0.25},      "horizontal_portrait":{"original_ratio":0.25},      "vertical_landscape":{"original_ratio":0.25},      "horizontal_landscape":{"original_ratio":0.25}    }  },  "pad_default": {    "freeform_args": {      "vertical_portrait":{"aspect_ratio":0.5625, "original_ratio":0.375,"original_scale":0.835,"top_margin":0.049,"left_margin":0.2775},      "horizontal_portrait":{"aspect_ratio":0.5625, "original_ratio":0.375,"original_scale":0.835,"top_margin":-1,"left_margin":0.6525},      "vertical_landscape":{"aspect_ratio":-1, "original_ratio":1,"original_scale":0.468,"top_margin":0.049,"left_margin":-1},      "horizontal_landscape":{"aspect_ratio":-1, "original_ratio":1,"original_scale":0.468,"top_margin":-1,"left_margin":0.4976}    },    "mini_freeform_args":{      "vertical_portrait":{"original_ratio":0.144},      "horizontal_portrait":{"original_ratio":0.144},      "vertical_landscape":{"original_ratio":0.2},      "horizontal_landscape":{"original_ratio":0.2}    }  }}
10-09 13:13:17.780 19022 19022 D MiuiMultiWindowUtils: initFreeFormResolutionArgs failed, device is redwood
10-09 13:13:17.781  2042  7002 W PackageConfigPersister: App-specific configuration not found for packageName: eu.europa.ec.euidi and userId: 0
10-09 13:13:17.781  2042  6999 I InputMethodManagerService: IMMS.showSoftInput(), client = com.android.internal.inputmethod.IInputMethodClient$Stub$Proxy@c925eb5
10-09 13:13:17.781  2042  6999 I InputMethodManagerService: IMMS.showCurrentInputLocked(), flags = 0
10-09 13:13:17.781  2042  6999 D SmartPower: com.google.android.inputmethod.latin/10176(6431): show input method
10-09 13:13:17.782  2042  6999 I SmartPower: com.google.android.inputmethod.latin/10176(6431): idle->visible(6047ms) R(show input method) adj=100.
10-09 13:13:17.782  2042  6999 I DefaultImeVisibilityApplier: IMMS.showCurrentInputLocked request ims to show inputMethod.
10-09 13:13:17.796  2042  6999 D AutofillSession: createPendingIntent for request 292
10-09 13:13:17.796  2042  6999 D ContentCapturePerUserService: Notified activity assist data for activity: Token{6c1072a ActivityRecord{74dabff u0 eu.europa.ec.euidi/eu.europa.ec.assemblylogic.ui.MainActivity t6454}} without a session Id
10-09 13:13:17.810  2042  6999 D ActivityManager: checkAllowBackground: uid=10163 pkg=com.google.android.gms rec=UidRecord{3efeecd u0a163 BTOP change:procadj procs:0 seq(593743,425084)} caps=LCMNFU always=false idle=false
10-09 13:13:17.815  2042  7002 I InputMethodManagerService: IMMS.showSoftInput(), client = com.android.internal.inputmethod.IInputMethodClient$Stub$Proxy@9bcaf6d
10-09 13:13:17.815  2042  7002 I InputMethodManagerService: IMMS.showCurrentInputLocked(), flags = 0
10-09 13:13:17.815  2042  7002 D SmartPower: com.google.android.inputmethod.latin/10176(6431): show input method
10-09 13:13:17.815  2042  7002 I DefaultImeVisibilityApplier: IMMS.showCurrentInputLocked request ims to show inputMethod.
10-09 13:13:17.824  2042  7011 D ActivityManager: checkAllowBackground: uid=10163 pkg=com.google.android.gms rec=UidRecord{3efeecd u0a163 BTOP change:procadj procs:0 seq(593747,425084)} caps=LCMNFU always=false idle=false
10-09 13:13:17.844  2042  7011 I InputMethodManagerService: IMMS.applyImeVisibility(), setVisible = true, mCurclient = ClientState{f1a2e8e mUid=10030 mPid=19022 mSelfReportedDisplayId=0}
10-09 13:13:17.844  2042  7011 I WindowManager: WMS.showImePostLayout(), imeTarget = Window{2787cf4 u0 eu.europa.ec.euidi/eu.europa.ec.assemblylogic.ui.MainActivity}
10-09 13:13:17.845  4304  4304 D ArtChoreographerMonitor: invoke error.
10-09 13:13:17.846  4304  4484 D OneHandedController: stopOneHanded state is 0
10-09 13:13:17.851  2042  7011 D CoreBackPreview: Window{2787cf4 u0 eu.europa.ec.euidi/eu.europa.ec.assemblylogic.ui.MainActivity}: Setting back callback OnBackInvokedCallbackInfo{mCallback=android.window.IOnBackInvokedCallback$Stub$Proxy@981d569, mPriority=0, mIsAnimationCallback=false}
10-09 13:13:17.853  4304  4484 D OneHandedController: stopOneHanded state is 0
