--------- beginning of crash
10-06 15:45:22.422  2273  2273 F libc    : Fatal signal 6 (SIGABRT), code -1 (SI_QUEUE) in tid 2273 (init), pid 2273 (init)
10-06 15:45:22.495  2273  2273 F libc    : crash_dump helper failed to exec, or was killed
10-06 15:45:42.434  5433  5433 F libc    : Fatal signal 6 (SIGABRT), code -1 (SI_QUEUE) in tid 5433 (init), pid 5433 (init)
10-06 15:45:42.479  5433  5433 F libc    : crash_dump helper failed to exec, or was killed
--------- beginning of system
10-09 13:12:49.367  2042  6991 I WindowManager: WMS.showImePostLayout(), imeTarget = Window{7e7865e u0 eu.europa.ec.euidi/eu.europa.ec.assemblylogic.ui.MainActivity}
10-09 13:12:49.370  2042  2693 I ImeInsetsSourceProvider: ImeInsetsSourceProvider.scheduleShowImePostLayout() Run showImeRunner.
10-09 13:12:49.370  2042  2693 I ImeInsetsSourceProvider: ImeInsetsSourceProvider.scheduleShowImePostLayout() isReadyToShowIme.
10-09 13:12:49.376  2042  6998 D PerfShielderService: com.google.android.inputmethod.latin|InputMethod|76|33376551043672|76|0|1
10-09 13:12:49.376  2042  9053 I InputMethodManagerService: IMMS.applyImeVisibility(), setVisible = true, mCurclient = ClientState{4c23c41 mUid=10030 mPid=18793 mSelfReportedDisplayId=0}
10-09 13:12:49.378  2042  9053 I WindowManager: WMS.showImePostLayout(), imeTarget = Window{7e7865e u0 eu.europa.ec.euidi/eu.europa.ec.assemblylogic.ui.MainActivity}
10-09 13:12:49.379  6649  6688 W MiuiPerfServiceClient: interceptAndQueuing:6431|com.google.android.inputmethod.latin|76|76|33376551043672|Slow main thread|1
10-09 13:12:49.379  2042  2693 I ImeInsetsSourceProvider: ImeInsetsSourceProvider.scheduleShowImePostLayout() Run showImeRunner.
10-09 13:12:49.379  2042  2693 I ImeInsetsSourceProvider: ImeInsetsSourceProvider.scheduleShowImePostLayout() isReadyToShowIme.
10-09 13:12:49.381  4304  4484 D OneHandedController: stopOneHanded state is 0
10-09 13:12:49.383  4304  4484 D OneHandedController: stopOneHanded state is 0
10-09 13:12:49.383  2042  6998 D ActivityManager: checkAllowBackground: uid=10163 pkg=com.google.android.gms rec=UidRecord{3efeecd u0a163 FGS  change:procadj procs:0 seq(592214,425084)} caps=LCMNFU always=false idle=false
10-09 13:12:49.389  2042  6997 D ActivityManager: checkAllowBackground: uid=10163 pkg=com.google.android.gms rec=UidRecord{3efeecd u0a163 FGS  change:procadj procs:0 seq(592218,425084)} caps=LCMNFU always=false idle=false
10-09 13:12:49.411  2042  8301 D ActivityManager: checkAllowBackground: uid=10163 pkg=com.google.android.gms rec=UidRecord{3efeecd u0a163 FGS  change:procadj procs:0 seq(592222,425084)} caps=LCMNFU always=false idle=false
10-09 13:12:49.429  2042  8301 D ActivityManager: checkAllowBackground: uid=10163 pkg=com.google.android.gms rec=UidRecord{3efeecd u0a163 FGS  change:procadj procs:0 seq(592226,425084)} caps=LCMNFU always=false idle=false
10-09 13:12:49.440  2042  8301 D ActivityManager: checkAllowBackground: uid=10163 pkg=com.google.android.gms rec=UidRecord{3efeecd u0a163 FGS  change:procadj procs:0 seq(592230,425084)} caps=LCMNFU always=false idle=false
10-09 13:12:49.715  2042  2042 W FillResponseEventLogger: FillResponseEventLogger is not empty before starting for a new request
10-09 13:12:49.715  2042  2042 D AutofillSession: Service did not request to wait for delayed fill response.
10-09 13:12:49.717  2042  8301 D ActivityManager: checkAllowBackground: uid=10163 pkg=com.google.android.gms rec=UidRecord{3efeecd u0a163 FGS  change:procadj procs:0 seq(592234,425084)} caps=LCMNFU always=false idle=false
10-09 13:12:49.971  2042  8301 D WindowManagerService: checkFlipFullScreenChange is same, nowIsFullScreen = false
10-09 13:12:50.084  2042  6997 W MIUIInput: Input event injection from package: null action ACTION_DOWN
10-09 13:12:50.091  2042  6997 W MIUIInput: Input event injection from package: null action ACTION_UP
10-09 13:12:50.101  2042  8301 W PresentationStatsEventLogger: Shouldn't be logging AutofillPresentationEventReported again for same event
10-09 13:12:50.122  2042  8301 W PresentationStatsEventLogger: Couldn't find packageName: com.google.android.inputmethod.latin
10-09 13:12:50.166  2042  8301 W WindowManager: Requires INTERNAL_SYSTEM_WINDOW permission if assign type to input. New type will be 0.
10-09 13:12:50.172  2042  8301 I InputMethodManagerService: IMMS.showCurrentInputLocked(), flags = 1
10-09 13:12:50.172  2042  8301 D SmartPower: com.google.android.inputmethod.latin/10176(6431): show input method
10-09 13:12:50.172  2042  8301 I DefaultImeVisibilityApplier: IMMS.showCurrentInputLocked request ims to show inputMethod.
10-09 13:12:50.173  2042  6998 W WindowManager: Cannot find window which accessibility connection is added to
10-09 13:12:50.198  2042  8301 W PackageConfigPersister: App-specific configuration not found for packageName: eu.europa.ec.euidi and userId: 0
10-09 13:12:50.203  2042  4080 I InputMethodManagerService: IMMS.showSoftInput(), client = com.android.internal.inputmethod.IInputMethodClient$Stub$Proxy@c6b06b
10-09 13:12:50.203  2042  4080 I InputMethodManagerService: IMMS.showCurrentInputLocked(), flags = 0
10-09 13:12:50.204  2042  4080 D SmartPower: com.google.android.inputmethod.latin/10176(6431): show input method
10-09 13:12:50.204  2042  4080 I DefaultImeVisibilityApplier: IMMS.showCurrentInputLocked request ims to show inputMethod.
10-09 13:12:50.231  2042  9053 I InputMethodManagerService: IMMS.applyImeVisibility(), setVisible = true, mCurclient = ClientState{4c23c41 mUid=10030 mPid=18793 mSelfReportedDisplayId=0}
10-09 13:12:50.231  2042  9053 I WindowManager: WMS.showImePostLayout(), imeTarget = Window{7e7865e u0 eu.europa.ec.euidi/eu.europa.ec.assemblylogic.ui.MainActivity}
10-09 13:12:50.233  2042  2693 I ImeInsetsSourceProvider: ImeInsetsSourceProvider.scheduleShowImePostLayout() Run showImeRunner.
10-09 13:12:50.233  2042  2693 I ImeInsetsSourceProvider: ImeInsetsSourceProvider.scheduleShowImePostLayout() isReadyToShowIme.
10-09 13:12:50.236  2042  8301 D ActivityManager: checkAllowBackground: uid=10163 pkg=com.google.android.gms rec=UidRecord{3efeecd u0a163 FGS  change:procadj procs:0 seq(592238,425084)} caps=LCMNFU always=false idle=false
10-09 13:12:50.237  2042  8301 I SmartPower: com.google.android.gms/10163(28832): idle->background(2234ms) R(service start com.google.android.gms/.chimera.GmsBoundBrokerService) adj=0.
10-09 13:12:50.237  4304  4484 D OneHandedController: stopOneHanded state is 0
10-09 13:12:50.244  2042  8301 I InputMethodManagerService: IMMS.applyImeVisibility(), setVisible = true, mCurclient = ClientState{4c23c41 mUid=10030 mPid=18793 mSelfReportedDisplayId=0}
10-09 13:12:50.244  2042  8301 I WindowManager: WMS.showImePostLayout(), imeTarget = Window{7e7865e u0 eu.europa.ec.euidi/eu.europa.ec.assemblylogic.ui.MainActivity}
10-09 13:12:50.247  2042  2693 I ImeInsetsSourceProvider: ImeInsetsSourceProvider.scheduleShowImePostLayout() Run showImeRunner.
10-09 13:12:50.247  2042  2693 I ImeInsetsSourceProvider: ImeInsetsSourceProvider.scheduleShowImePostLayout() isReadyToShowIme.
10-09 13:12:50.253  4304  4484 D OneHandedController: stopOneHanded state is 0
10-09 13:12:50.657  2042  9053 D PerfShielderService: eu.europa.ec.euidi|eu.europa.ec.euidi/eu.europa.ec.assemblylogic.ui.MainActivity|117|33379473630233|76|2|4
10-09 13:12:50.658  6649  6688 W MiuiPerfServiceClient: interceptAndQueuing:18793|eu.europa.ec.euidi|117|76|33379473630233|Slow handle animation|4
10-09 13:12:50.797  2183  2183 I wificond: station_bandwidth: P
10-09 13:12:50.932  2042  9053 D WindowManagerService: checkFlipFullScreenChange is same, nowIsFullScreen = false
10-09 13:12:50.935  2042  9053 W PresentationStatsEventLogger: Shouldn't be logging AutofillPresentationEventReported again for same event
10-09 13:12:50.935  2042  9053 W FillRequestEventLogger: Couldn't find packageName: com.google.android.inputmethod.latin
10-09 13:12:50.945  2042  9053 D AutofillSession: createPendingIntent for request 288
10-09 13:12:50.945  2042  9053 D ContentCapturePerUserService: Notified activity assist data for activity: Token{36b8677 ActivityRecord{4631b38 u0 eu.europa.ec.euidi/eu.europa.ec.assemblylogic.ui.MainActivity t6452}} without a session Id
10-09 13:12:50.958  2042  9053 D PerfShielderService: com.google.android.inputmethod.latin|InputMethod|84|33379549746952|38|3|3
10-09 13:12:50.958  6649  6688 W MiuiPerfServiceClient: interceptAndQueuing:6431|com.google.android.inputmethod.latin|84|38|33379549746952|Slow handle traversal|3
10-09 13:12:50.965  2042  8301 I InputMethodManagerService: IMMS.showCurrentInputLocked(), flags = 1
10-09 13:12:50.965  2042  8301 D SmartPower: com.google.android.inputmethod.latin/10176(6431): show input method
10-09 13:12:50.965  2042  8301 I DefaultImeVisibilityApplier: IMMS.showCurrentInputLocked request ims to show inputMethod.
10-09 13:12:50.970  2042  8301 W PackageConfigPersister: App-specific configuration not found for packageName: eu.europa.ec.euidi and userId: 0
10-09 13:12:50.971  2042  4080 D ActivityManager: checkAllowBackground: uid=10163 pkg=com.google.android.gms rec=UidRecord{3efeecd u0a163 FGS  change:procadj procs:0 seq(592242,425084)} caps=LCMNFU always=false idle=false
10-09 13:12:50.983  2042  4080 D ActivityManager: checkAllowBackground: uid=10163 pkg=com.google.android.gms rec=UidRecord{3efeecd u0a163 FGS  change:procadj procs:0 seq(592246,425084)} caps=LCMNFU always=false idle=false
10-09 13:12:50.995  2042  6998 I InputMethodManagerService: IMMS.showSoftInput(), client = com.android.internal.inputmethod.IInputMethodClient$Stub$Proxy@649119d
10-09 13:12:50.995  2042  6998 I InputMethodManagerService: IMMS.showCurrentInputLocked(), flags = 0
10-09 13:12:50.996  2042  6998 D SmartPower: com.google.android.inputmethod.latin/10176(6431): show input method
10-09 13:12:50.996  2042  6998 I DefaultImeVisibilityApplier: IMMS.showCurrentInputLocked request ims to show inputMethod.
10-09 13:12:51.019  2042  9053 I InputMethodManagerService: IMMS.applyImeVisibility(), setVisible = true, mCurclient = ClientState{4c23c41 mUid=10030 mPid=18793 mSelfReportedDisplayId=0}
10-09 13:12:51.020  2042  8301 D ActivityManager: checkAllowBackground: uid=10163 pkg=com.google.android.gms rec=UidRecord{3efeecd u0a163 FGS  change:procadj procs:0 seq(592250,425084)} caps=LCMNFU always=false idle=false
10-09 13:12:51.020  2042  9053 I WindowManager: WMS.showImePostLayout(), imeTarget = Window{7e7865e u0 eu.europa.ec.euidi/eu.europa.ec.assemblylogic.ui.MainActivity}
10-09 13:12:51.021  2042  2693 I ImeInsetsSourceProvider: ImeInsetsSourceProvider.scheduleShowImePostLayout() Run showImeRunner.
10-09 13:12:51.021  2042  2693 I ImeInsetsSourceProvider: ImeInsetsSourceProvider.scheduleShowImePostLayout() isReadyToShowIme.
10-09 13:12:51.026  4304  4484 D OneHandedController: stopOneHanded state is 0
10-09 13:12:51.030  2042  9053 I InputMethodManagerService: IMMS.applyImeVisibility(), setVisible = true, mCurclient = ClientState{4c23c41 mUid=10030 mPid=18793 mSelfReportedDisplayId=0}
10-09 13:12:51.031  2042  9053 I WindowManager: WMS.showImePostLayout(), imeTarget = Window{7e7865e u0 eu.europa.ec.euidi/eu.europa.ec.assemblylogic.ui.MainActivity}
10-09 13:12:51.032  2042  6998 D ActivityManager: checkAllowBackground: uid=10163 pkg=com.google.android.gms rec=UidRecord{3efeecd u0a163 FGS  change:procadj procs:0 seq(592254,425084)} caps=LCMNFU always=false idle=false
10-09 13:12:51.033  4304  4484 D OneHandedController: stopOneHanded state is 0
10-09 13:12:51.033  2042  2693 I ImeInsetsSourceProvider: ImeInsetsSourceProvider.scheduleShowImePostLayout() Run showImeRunner.
10-09 13:12:51.033  2042  2693 I ImeInsetsSourceProvider: ImeInsetsSourceProvider.scheduleShowImePostLayout() isReadyToShowIme.
10-09 13:12:51.041  2042  4080 D ActivityManager: checkAllowBackground: uid=10163 pkg=com.google.android.gms rec=UidRecord{3efeecd u0a163 FGS  change:procadj procs:0 seq(592258,425084)} caps=LCMNFU always=false idle=false
10-09 13:12:51.055  2042  9053 D ActivityManager: checkAllowBackground: uid=10163 pkg=com.google.android.gms rec=UidRecord{3efeecd u0a163 FGS  change:procadj procs:0 seq(592262,425084)} caps=LCMNFU always=false idle=false
10-09 13:12:51.066  2042  4080 D ActivityManager: checkAllowBackground: uid=10163 pkg=com.google.android.gms rec=UidRecord{3efeecd u0a163 FGS  change:procadj procs:0 seq(592266,425084)} caps=LCMNFU always=false idle=false
10-09 13:12:51.080  2042  9053 D ActivityManager: checkAllowBackground: uid=10163 pkg=com.google.android.gms rec=UidRecord{3efeecd u0a163 FGS  change:procadj procs:0 seq(592270,425084)} caps=LCMNFU always=false idle=false
10-09 13:12:51.152  2042  9053 W WindowManager: Cannot find window which accessibility connection is added to
10-09 13:12:51.154  2042  9053 W WindowManager: Failed looking up window session=Session{a1506bf 20547:u0a10213} callers=com.android.server.wm.WindowManagerService.windowForClientLocked:6851 com.android.server.wm.WindowManagerService.removeWindow:2423 com.android.server.wm.Session.remove:248 
10-09 13:12:51.361  2042  2042 W FillResponseEventLogger: FillResponseEventLogger is not empty before starting for a new request
10-09 13:12:51.361  2042  2042 D AutofillSession: Service did not request to wait for delayed fill response.
10-09 13:12:51.362  2042  9053 D ActivityManager: checkAllowBackground: uid=10163 pkg=com.google.android.gms rec=UidRecord{3efeecd u0a163 FGS  change:procadj procs:0 seq(592274,425084)} caps=LCMNFU always=false idle=false
10-09 13:12:51.622  2042  4080 D WindowManagerService: checkFlipFullScreenChange is same, nowIsFullScreen = false
10-09 13:12:51.624  2042  4080 W PresentationStatsEventLogger: Shouldn't be logging AutofillPresentationEventReported again for same event
10-09 13:12:51.625  2042  4080 W FillRequestEventLogger: Couldn't find packageName: com.google.android.inputmethod.latin
10-09 13:12:51.645  2042  9053 I InputMethodManagerService: IMMS.showCurrentInputLocked(), flags = 1
10-09 13:12:51.645  2042  9053 D SmartPower: com.google.android.inputmethod.latin/10176(6431): show input method
10-09 13:12:51.645  2042  9053 I DefaultImeVisibilityApplier: IMMS.showCurrentInputLocked request ims to show inputMethod.
10-09 13:12:51.647  2042  9053 W PackageConfigPersister: App-specific configuration not found for packageName: eu.europa.ec.euidi and userId: 0
10-09 13:12:51.656  2042  9053 D AutofillSession: createPendingIntent for request 289
10-09 13:12:51.657  2042  9053 D ContentCapturePerUserService: Notified activity assist data for activity: Token{36b8677 ActivityRecord{4631b38 u0 eu.europa.ec.euidi/eu.europa.ec.assemblylogic.ui.MainActivity t6452}} without a session Id
10-09 13:12:51.668  2042  4080 D ActivityManager: checkAllowBackground: uid=10163 pkg=com.google.android.gms rec=UidRecord{3efeecd u0a163 FGS  change:procadj procs:0 seq(592278,425084)} caps=LCMNFU always=false idle=false
10-09 13:12:51.670  2042  6998 I InputMethodManagerService: IMMS.showSoftInput(), client = com.android.internal.inputmethod.IInputMethodClient$Stub$Proxy@e7ce36
10-09 13:12:51.670  2042  6998 I InputMethodManagerService: IMMS.showCurrentInputLocked(), flags = 0
10-09 13:12:51.670  2042  6998 D SmartPower: com.google.android.inputmethod.latin/10176(6431): show input method
10-09 13:12:51.671  2042  6998 I DefaultImeVisibilityApplier: IMMS.showCurrentInputLocked request ims to show inputMethod.
10-09 13:12:51.681  2042  6998 D ActivityManager: checkAllowBackground: uid=10163 pkg=com.google.android.gms rec=UidRecord{3efeecd u0a163 FGS  change:procadj procs:0 seq(592282,425084)} caps=LCMNFU always=false idle=false
10-09 13:12:51.701  2042  9053 I InputMethodManagerService: IMMS.applyImeVisibility(), setVisible = true, mCurclient = ClientState{4c23c41 mUid=10030 mPid=18793 mSelfReportedDisplayId=0}
10-09 13:12:51.701  2042  9053 I WindowManager: WMS.showImePostLayout(), imeTarget = Window{7e7865e u0 eu.europa.ec.euidi/eu.europa.ec.assemblylogic.ui.MainActivity}
10-09 13:12:51.704  2042  2693 I ImeInsetsSourceProvider: ImeInsetsSourceProvider.scheduleShowImePostLayout() Run showImeRunner.
10-09 13:12:51.704  2042  2693 I ImeInsetsSourceProvider: ImeInsetsSourceProvider.scheduleShowImePostLayout() isReadyToShowIme.
10-09 13:12:51.709  2042  6998 D ActivityManager: checkAllowBackground: uid=10163 pkg=com.google.android.gms rec=UidRecord{3efeecd u0a163 FGS  change:procadj procs:0 seq(592286,425084)} caps=LCMNFU always=false idle=false
10-09 13:12:51.711  2042  4080 I InputMethodManagerService: IMMS.applyImeVisibility(), setVisible = true, mCurclient = ClientState{4c23c41 mUid=10030 mPid=18793 mSelfReportedDisplayId=0}
10-09 13:12:51.711  2042  4080 I WindowManager: WMS.showImePostLayout(), imeTarget = Window{7e7865e u0 eu.europa.ec.euidi/eu.europa.ec.assemblylogic.ui.MainActivity}
10-09 13:12:51.711  4304  4484 D OneHandedController: stopOneHanded state is 0
10-09 13:12:51.715  2042  2693 I ImeInsetsSourceProvider: ImeInsetsSourceProvider.scheduleShowImePostLayout() Run showImeRunner.
10-09 13:12:51.715  2042  2693 I ImeInsetsSourceProvider: ImeInsetsSourceProvider.scheduleShowImePostLayout() isReadyToShowIme.
10-09 13:12:51.719  4304  4484 D OneHandedController: stopOneHanded state is 0
10-09 13:12:51.721  2042  4080 D ActivityManager: checkAllowBackground: uid=10163 pkg=com.google.android.gms rec=UidRecord{3efeecd u0a163 FGS  change:procadj procs:0 seq(592290,425084)} caps=LCMNFU always=false idle=false
10-09 13:12:51.737  2042  9053 D ActivityManager: checkAllowBackground: uid=10163 pkg=com.google.android.gms rec=UidRecord{3efeecd u0a163 FGS  change:procadj procs:0 seq(592294,425084)} caps=LCMNFU always=false idle=false
10-09 13:12:51.755  2042  6998 D ActivityManager: checkAllowBackground: uid=10163 pkg=com.google.android.gms rec=UidRecord{3efeecd u0a163 FGS  change:procadj procs:0 seq(592298,425084)} caps=LCMNFU always=false idle=false
10-09 13:12:51.770  2042  9053 D ActivityManager: checkAllowBackground: uid=10163 pkg=com.google.android.gms rec=UidRecord{3efeecd u0a163 FGS  change:procadj procs:0 seq(592302,425084)} caps=LCMNFU always=false idle=false
10-09 13:12:51.779  2042  6998 D ActivityManager: checkAllowBackground: uid=10163 pkg=com.google.android.gms rec=UidRecord{3efeecd u0a163 FGS  change:procadj procs:0 seq(592306,425084)} caps=LCMNFU always=false idle=false
10-09 13:12:52.060  2042  2042 W FillResponseEventLogger: FillResponseEventLogger is not empty before starting for a new request
10-09 13:12:52.060  2042  2042 D AutofillSession: Service did not request to wait for delayed fill response.
10-09 13:12:52.062  2042  6998 D ActivityManager: checkAllowBackground: uid=10163 pkg=com.google.android.gms rec=UidRecord{3efeecd u0a163 FGS  change:procadj procs:0 seq(592310,425084)} caps=LCMNFU always=false idle=false
10-09 13:12:52.309  2042  9053 D WindowManagerService: checkFlipFullScreenChange is same, nowIsFullScreen = false
10-09 13:12:52.311  2042  9053 W PresentationStatsEventLogger: Shouldn't be logging AutofillPresentationEventReported again for same event
10-09 13:12:52.312  2042  9053 W FillRequestEventLogger: Couldn't find packageName: com.google.android.inputmethod.latin
10-09 13:12:52.321  2042  9053 D AutofillSession: createPendingIntent for request 290
10-09 13:12:52.321  2042  9053 D ContentCapturePerUserService: Notified activity assist data for activity: Token{36b8677 ActivityRecord{4631b38 u0 eu.europa.ec.euidi/eu.europa.ec.assemblylogic.ui.MainActivity t6452}} without a session Id
10-09 13:12:52.337  2042  9053 D ActivityManager: checkAllowBackground: uid=10163 pkg=com.google.android.gms rec=UidRecord{3efeecd u0a163 FGS  change:procadj procs:0 seq(592314,425084)} caps=LCMNFU always=false idle=false
10-09 13:12:52.339  2042  8301 I InputMethodManagerService: IMMS.showCurrentInputLocked(), flags = 1
10-09 13:12:52.339  2042  8301 D SmartPower: com.google.android.inputmethod.latin/10176(6431): show input method
10-09 13:12:52.339  2042  8301 I DefaultImeVisibilityApplier: IMMS.showCurrentInputLocked request ims to show inputMethod.
10-09 13:12:52.342  2042  4080 W PackageConfigPersister: App-specific configuration not found for packageName: eu.europa.ec.euidi and userId: 0
10-09 13:12:52.351  2042  8301 D ActivityManager: checkAllowBackground: uid=10163 pkg=com.google.android.gms rec=UidRecord{3efeecd u0a163 FGS  change:procadj procs:0 seq(592318,425084)} caps=LCMNFU always=false idle=false
10-09 13:12:52.364  2042  8301 I InputMethodManagerService: IMMS.showSoftInput(), client = com.android.internal.inputmethod.IInputMethodClient$Stub$Proxy@6d03fc5
10-09 13:12:52.364  2042  8301 I InputMethodManagerService: IMMS.showCurrentInputLocked(), flags = 0
10-09 13:12:52.364  2042  8301 D SmartPower: com.google.android.inputmethod.latin/10176(6431): show input method
10-09 13:12:52.365  2042  8301 I DefaultImeVisibilityApplier: IMMS.showCurrentInputLocked request ims to show inputMethod.
10-09 13:12:52.393  2042  6991 I InputMethodManagerService: IMMS.applyImeVisibility(), setVisible = true, mCurclient = ClientState{4c23c41 mUid=10030 mPid=18793 mSelfReportedDisplayId=0}
10-09 13:12:52.393  2042  6991 I WindowManager: WMS.showImePostLayout(), imeTarget = Window{7e7865e u0 eu.europa.ec.euidi/eu.europa.ec.assemblylogic.ui.MainActivity}
10-09 13:12:52.394  2042  8301 D ActivityManager: checkAllowBackground: uid=10163 pkg=com.google.android.gms rec=UidRecord{3efeecd u0a163 FGS  change:procadj procs:0 seq(592322,425084)} caps=LCMNFU always=false idle=false
10-09 13:12:52.396  2042  2693 I ImeInsetsSourceProvider: ImeInsetsSourceProvider.scheduleShowImePostLayout() Run showImeRunner.
10-09 13:12:52.396  2042  2693 I ImeInsetsSourceProvider: ImeInsetsSourceProvider.scheduleShowImePostLayout() isReadyToShowIme.
10-09 13:12:52.403  2042  4080 I InputMethodManagerService: IMMS.applyImeVisibility(), setVisible = true, mCurclient = ClientState{4c23c41 mUid=10030 mPid=18793 mSelfReportedDisplayId=0}
10-09 13:12:52.403  2042  4080 I WindowManager: WMS.showImePostLayout(), imeTarget = Window{7e7865e u0 eu.europa.ec.euidi/eu.europa.ec.assemblylogic.ui.MainActivity}
10-09 13:12:52.404  2042  2693 I ImeInsetsSourceProvider: ImeInsetsSourceProvider.scheduleShowImePostLayout() Run showImeRunner.
10-09 13:12:52.404  2042  2693 I ImeInsetsSourceProvider: ImeInsetsSourceProvider.scheduleShowImePostLayout() isReadyToShowIme.
10-09 13:12:52.405  4304  4484 D OneHandedController: stopOneHanded state is 0
10-09 13:12:52.410  4304  4484 D OneHandedController: stopOneHanded state is 0
10-09 13:12:52.412  2042  9053 D ActivityManager: checkAllowBackground: uid=10163 pkg=com.google.android.gms rec=UidRecord{3efeecd u0a163 FGS  change:procadj procs:0 seq(592326,425084)} caps=LCMNFU always=false idle=false
10-09 13:12:52.434  2042  8301 D ActivityManager: checkAllowBackground: uid=10163 pkg=com.google.android.gms rec=UidRecord{3efeecd u0a163 FGS  change:procadj procs:0 seq(592377,425084)} caps=LCMNFU always=false idle=false
10-09 13:12:52.459  2042  8301 D ActivityManager: checkAllowBackground: uid=10163 pkg=com.google.android.gms rec=UidRecord{3efeecd u0a163 FGS  change:procadj procs:0 seq(592426,425084)} caps=LCMNFU always=false idle=false
10-09 13:12:52.472  2042  4080 D ActivityManager: checkAllowBackground: uid=10163 pkg=com.google.android.gms rec=UidRecord{3efeecd u0a163 FGS  change:procadj procs:0 seq(592430,425084)} caps=LCMNFU always=false idle=false
10-09 13:12:52.743  2042  2042 W FillResponseEventLogger: FillResponseEventLogger is not empty before starting for a new request
10-09 13:12:52.744  2042  2042 D AutofillSession: Service did not request to wait for delayed fill response.
10-09 13:12:52.745  2042  4080 D ActivityManager: checkAllowBackground: uid=10163 pkg=com.google.android.gms rec=UidRecord{3efeecd u0a163 FGS  change:procadj procs:0 seq(592434,425084)} caps=LCMNFU always=false idle=false
10-09 13:12:53.007  2042  6991 D WindowManagerService: checkFlipFullScreenChange is same, nowIsFullScreen = false
10-09 13:12:53.009  2042  6991 W PresentationStatsEventLogger: Shouldn't be logging AutofillPresentationEventReported again for same event
10-09 13:12:53.010  2042  6991 W FillRequestEventLogger: Couldn't find packageName: com.google.android.inputmethod.latin
10-09 13:12:53.018  2042  6991 D AutofillSession: createPendingIntent for request 291
10-09 13:12:53.018  2042  6991 D ContentCapturePerUserService: Notified activity assist data for activity: Token{36b8677 ActivityRecord{4631b38 u0 eu.europa.ec.euidi/eu.europa.ec.assemblylogic.ui.MainActivity t6452}} without a session Id
10-09 13:12:53.035  2042  4080 I InputMethodManagerService: IMMS.showCurrentInputLocked(), flags = 1
10-09 13:12:53.035  2042  4080 D SmartPower: com.google.android.inputmethod.latin/10176(6431): show input method
10-09 13:12:53.035  2042  8301 D ActivityManager: checkAllowBackground: uid=10163 pkg=com.google.android.gms rec=UidRecord{3efeecd u0a163 FGS  change:procadj procs:0 seq(592438,425084)} caps=LCMNFU always=false idle=false
10-09 13:12:53.035  2042  4080 I DefaultImeVisibilityApplier: IMMS.showCurrentInputLocked request ims to show inputMethod.
10-09 13:12:53.037  2042  9053 W PackageConfigPersister: App-specific configuration not found for packageName: eu.europa.ec.euidi and userId: 0
10-09 13:12:53.045  2042  4080 D ActivityManager: checkAllowBackground: uid=10163 pkg=com.google.android.gms rec=UidRecord{3efeecd u0a163 FGS  change:procadj procs:0 seq(592443,425084)} caps=LCMNFU always=false idle=false
10-09 13:12:53.063  2042  4080 I InputMethodManagerService: IMMS.showSoftInput(), client = com.android.internal.inputmethod.IInputMethodClient$Stub$Proxy@2c2d640
10-09 13:12:53.063  2042  4080 I InputMethodManagerService: IMMS.showCurrentInputLocked(), flags = 0
10-09 13:12:53.063  2042  4080 D SmartPower: com.google.android.inputmethod.latin/10176(6431): show input method
10-09 13:12:53.063  2042  4080 I DefaultImeVisibilityApplier: IMMS.showCurrentInputLocked request ims to show inputMethod.
10-09 13:12:53.086  2042  8301 I InputMethodManagerService: IMMS.applyImeVisibility(), setVisible = true, mCurclient = ClientState{4c23c41 mUid=10030 mPid=18793 mSelfReportedDisplayId=0}
10-09 13:12:53.086  2042  8301 I WindowManager: WMS.showImePostLayout(), imeTarget = Window{7e7865e u0 eu.europa.ec.euidi/eu.europa.ec.assemblylogic.ui.MainActivity}
10-09 13:12:53.092  2042  2693 I ImeInsetsSourceProvider: ImeInsetsSourceProvider.scheduleShowImePostLayout() Run showImeRunner.
10-09 13:12:53.092  2042  2693 I ImeInsetsSourceProvider: ImeInsetsSourceProvider.scheduleShowImePostLayout() isReadyToShowIme.
10-09 13:12:53.099  2042  9053 D ActivityManager: checkAllowBackground: uid=10163 pkg=com.google.android.gms rec=UidRecord{3efeecd u0a163 FGS  change:procadj procs:0 seq(592447,425084)} caps=LCMNFU always=false idle=false
10-09 13:12:53.101  2042  8301 I InputMethodManagerService: IMMS.applyImeVisibility(), setVisible = true, mCurclient = ClientState{4c23c41 mUid=10030 mPid=18793 mSelfReportedDisplayId=0}
10-09 13:12:53.101  2042  8301 I WindowManager: WMS.showImePostLayout(), imeTarget = Window{7e7865e u0 eu.europa.ec.euidi/eu.europa.ec.assemblylogic.ui.MainActivity}
10-09 13:12:53.103  4304  4484 D OneHandedController: stopOneHanded state is 0
10-09 13:12:53.104  2042  2693 I ImeInsetsSourceProvider: ImeInsetsSourceProvider.scheduleShowImePostLayout() Run showImeRunner.
10-09 13:12:53.104  2042  2693 I ImeInsetsSourceProvider: ImeInsetsSourceProvider.scheduleShowImePostLayout() isReadyToShowIme.
10-09 13:12:53.109  2042  7043 D ActivityManager: checkAllowBackground: uid=10163 pkg=com.google.android.gms rec=UidRecord{3efeecd u0a163 FGS  change:procadj procs:0 seq(592451,425084)} caps=LCMNFU always=false idle=false
10-09 13:12:53.113  4304  4484 D OneHandedController: stopOneHanded state is 0
10-09 13:12:53.115  2042  6991 D ActivityManager: checkAllowBackground: uid=10163 pkg=com.google.android.gms rec=UidRecord{3efeecd u0a163 FGS  change:procadj procs:0 seq(592453,425084)} caps=LCMNFU always=false idle=false
10-09 13:12:53.137  2042  7043 D ActivityManager: checkAllowBackground: uid=10163 pkg=com.google.android.gms rec=UidRecord{3efeecd u0a163 FGS  change:procadj procs:0 seq(592459,425084)} caps=LCMNFU always=false idle=false
10-09 13:12:53.165  2042  6991 D ActivityManager: checkAllowBackground: uid=10163 pkg=com.google.android.gms rec=UidRecord{3efeecd u0a163 FGS  change:procadj procs:0 seq(592463,425084)} caps=LCMNFU always=false idle=false
10-09 13:12:53.177  2042  6991 D ActivityManager: checkAllowBackground: uid=10163 pkg=com.google.android.gms rec=UidRecord{3efeecd u0a163 FGS  change:procadj procs:0 seq(592467,425084)} caps=LCMNFU always=false idle=false
10-09 13:12:53.238  2042  3524 I SmartPower: com.google.android.gms/10163(28832): background->idle(3002ms) R(service start com.google.android.gms/.chimera.GmsBoundBrokerService) adj=250.
10-09 13:12:53.441  2042  2042 W FillResponseEventLogger: FillResponseEventLogger is not empty before starting for a new request
10-09 13:12:53.441  2042  2042 D AutofillSession: Service did not request to wait for delayed fill response.
10-09 13:12:53.443  2042  7043 D ActivityManager: checkAllowBackground: uid=10163 pkg=com.google.android.gms rec=UidRecord{3efeecd u0a163 FGS  change:procadj procs:0 seq(592473,425084)} caps=LCMNFU always=false idle=false
10-09 13:12:53.702  2042  7043 D WindowManagerService: checkFlipFullScreenChange is same, nowIsFullScreen = false
10-09 13:12:53.705  2042  7043 W PresentationStatsEventLogger: Shouldn't be logging AutofillPresentationEventReported again for same event
10-09 13:12:53.705  2042  7043 E AutofillSession: Not starting a new partition on 1073741824:91@1522324111 because session 1522324111 reached maximum of 10
10-09 13:12:53.723  2042  7043 I InputMethodManagerService: IMMS.showCurrentInputLocked(), flags = 1
10-09 13:12:53.724  2042  7043 D SmartPower: com.google.android.inputmethod.latin/10176(6431): show input method
10-09 13:12:53.724  2042  7043 I DefaultImeVisibilityApplier: IMMS.showCurrentInputLocked request ims to show inputMethod.
10-09 13:12:53.729  2042  6991 W PackageConfigPersister: App-specific configuration not found for packageName: eu.europa.ec.euidi and userId: 0
10-09 13:12:53.745  2042  8301 I InputMethodManagerService: IMMS.showSoftInput(), client = com.android.internal.inputmethod.IInputMethodClient$Stub$Proxy@ae9d717
10-09 13:12:53.745  2042  8301 I InputMethodManagerService: IMMS.showCurrentInputLocked(), flags = 0
10-09 13:12:53.745  2042  8301 D SmartPower: com.google.android.inputmethod.latin/10176(6431): show input method
10-09 13:12:53.746  2042  8301 I DefaultImeVisibilityApplier: IMMS.showCurrentInputLocked request ims to show inputMethod.
10-09 13:12:53.770  2042  6991 I InputMethodManagerService: IMMS.applyImeVisibility(), setVisible = true, mCurclient = ClientState{4c23c41 mUid=10030 mPid=18793 mSelfReportedDisplayId=0}
10-09 13:12:53.770  2042  6991 I WindowManager: WMS.showImePostLayout(), imeTarget = Window{7e7865e u0 eu.europa.ec.euidi/eu.europa.ec.assemblylogic.ui.MainActivity}
10-09 13:12:53.770  2042  4080 D ActivityManager: checkAllowBackground: uid=10163 pkg=com.google.android.gms rec=UidRecord{3efeecd u0a163 FGS  change:procadj procs:0 seq(592477,425084)} caps=LCMNFU always=false idle=false
10-09 13:12:53.772  2042  2693 I ImeInsetsSourceProvider: ImeInsetsSourceProvider.scheduleShowImePostLayout() Run showImeRunner.
10-09 13:12:53.772  2042  2693 I ImeInsetsSourceProvider: ImeInsetsSourceProvider.scheduleShowImePostLayout() isReadyToShowIme.
10-09 13:12:53.778  4304  4484 D OneHandedController: stopOneHanded state is 0
10-09 13:12:53.778  2042  8301 I InputMethodManagerService: IMMS.applyImeVisibility(), setVisible = true, mCurclient = ClientState{4c23c41 mUid=10030 mPid=18793 mSelfReportedDisplayId=0}
10-09 13:12:53.779  2042  8301 I WindowManager: WMS.showImePostLayout(), imeTarget = Window{7e7865e u0 eu.europa.ec.euidi/eu.europa.ec.assemblylogic.ui.MainActivity}
10-09 13:12:53.782  2042  2693 I ImeInsetsSourceProvider: ImeInsetsSourceProvider.scheduleShowImePostLayout() Run showImeRunner.
10-09 13:12:53.782  2042  2693 I ImeInsetsSourceProvider: ImeInsetsSourceProvider.scheduleShowImePostLayout() isReadyToShowIme.
10-09 13:12:53.787  2042  8301 D ActivityManager: checkAllowBackground: uid=10163 pkg=com.google.android.gms rec=UidRecord{3efeecd u0a163 FGS  change:procadj procs:0 seq(592481,425084)} caps=LCMNFU always=false idle=false
10-09 13:12:53.788  4304  4484 D OneHandedController: stopOneHanded state is 0
10-09 13:12:53.806  2183  2183 I wificond: station_bandwidth: P
10-09 13:12:53.809  4304  4304 D ArtChoreographerMonitor: invoke error.
10-09 13:12:53.980  4304  4304 D ArtChoreographerMonitor: invoke error.
10-09 13:12:54.433  2042  7043 D WindowManagerService: checkFlipFullScreenChange is same, nowIsFullScreen = false
10-09 13:12:54.544  2042  7043 W MIUIInput: Input event injection from package: null action ACTION_DOWN
10-09 13:12:54.547  2042  6991 W MIUIInput: Input event injection from package: null action ACTION_UP
10-09 13:12:54.694  4304  4484 D MiuiFreeformModeController: avoidForInsetsBottomChangedIfNeed oldMoveableBottom: 2270 newMoveableBounds: 2270
10-09 13:12:54.694  4304  4484 D ImePositionProcessor: onImeVisibilityChanged     isShowing:  false
10-09 13:12:54.697  4304  4484 D MiuiFreeformModeController: onImeVisibilityChanged imeVisible: false imeHeight: 0 adjustedForRotation:false
10-09 13:12:54.697  4304  4484 D MiuiFreeformModeAvoidAlgorithm: begin autoOrderingAvoidMiniTask
10-09 13:12:54.697  4304  4484 D MiuiFreeformModeAvoidAlgorithm: getCurrMiniPos: SameSideMiniPosList: []
10-09 13:12:54.697  4304  4484 D MiuiFreeformModeAvoidAlgorithm: getCurrMiniPos: SameSideMiniPosList: []
10-09 13:12:54.697  4304  4484 D MiuiFreeformModeAvoidAlgorithm: end autoOrderingAvoidMiniTask res:AvoidResult{distance=0, combination={}, activeTaskPos=Rect(0, 0 - 0, 0)}
10-09 13:12:54.697  2042  2693 I WindowManager: input method visible height changed 0
10-09 13:12:54.697  2042  3126 I ITouchFeature: current device and process support version:2
10-09 13:12:54.709  2042  6997 I InputMethodManagerService: IMMS.applyImeVisibility(), setVisible = false, mCurclient = ClientState{4c23c41 mUid=10030 mPid=18793 mSelfReportedDisplayId=0}
10-09 13:12:54.709  2042  7043 W PackageConfigPersister: App-specific configuration not found for packageName: eu.europa.ec.euidi and userId: 0
10-09 13:12:54.712  4304  4304 D ArtChoreographerMonitor: invoke error.
10-09 13:12:54.725  2042  7043 D CoreBackPreview: Window{7e7865e u0 eu.europa.ec.euidi/eu.europa.ec.assemblylogic.ui.MainActivity}: Setting back callback OnBackInvokedCallbackInfo{mCallback=android.window.IOnBackInvokedCallback$Stub$Proxy@46e22e9, mPriority=0, mIsAnimationCallback=false}
10-09 13:12:54.882  4304  4304 D ArtChoreographerMonitor: invoke error.
10-09 13:12:55.227  2042  6998 I SmartPower: com.google.android.inputmethod.latin/10176(6431): visible->invisible(10243ms) R(become invisible) adj=100.
10-09 13:12:55.227  2042  6998 I SmartPower: com.google.android.inputmethod.latin/10176(6431): invisible->background(0ms) R(become background) adj=100.
10-09 13:12:55.227  2042  3524 I SmartPower: com.google.android.gms/10163(28832): idle->background(1988ms) R(add to whitelist) adj=250.
10-09 13:12:55.229  4304  4484 D MiuiFreeformModeController: avoidForInsetsBottomChangedIfNeed oldMoveableBottom: 2270 newMoveableBounds: 2270
10-09 13:12:55.234  4304  4484 D MiuiFreeformModeController: avoidForInsetsBottomChangedIfNeed oldMoveableBottom: 2270 newMoveableBounds: 2270
10-09 13:12:55.437  2042  7043 W MIUIInput: Input event injection from package: null action ACTION_DOWN
10-09 13:12:55.441  2042  6998 W MIUIInput: Input event injection from package: null action ACTION_UP
10-09 13:12:55.452  2042  6998 D PerfShielderService: eu.europa.ec.euidi|eu.europa.ec.euidi/eu.europa.ec.assemblylogic.ui.MainActivity|92|33383985114503|36|2|4
10-09 13:12:55.452  6649  6688 W MiuiPerfServiceClient: interceptAndQueuing:18793|eu.europa.ec.euidi|92|36|33383985114503|Slow handle animation|4
10-09 13:12:55.461  2042  6998 D CompatibilityChangeReporter: Compat change id reported: 161145287; UID 10030; state: ENABLED
10-09 13:12:55.788  2042  3123 D AlarmManager: mBroadcastRefCount -> 1
10-09 13:12:55.789  2042  2042 I ExtM    : mark duration up to 2m , try to mark.
10-09 13:12:55.789  2042  2042 D MFZ     : Start Mark
10-09 13:12:55.790  2042  3997 D ExtM    : Start marking ...
10-09 13:12:55.790  2042  3997 W ExtM    : Mark thread start 
10-09 13:12:55.790   674 18912 D vold    : mark task started
10-09 13:12:55.794 18914 18914 D vold    :  mark Pid = 18914
10-09 13:12:55.796 18914 18914 D vold    : set cpu affinity policy success
10-09 13:12:55.832  2042  2042 D MFZ     : Mark Finshed ! idle_stats: 1967 1172 1084 207 287 523 4546 3406 840 49858
10-09 13:12:55.833  2042  2042 D ActivityManager: checkAllowBackground: uid=1000 pkg=android rec=UidRecord{b77cac0 1000 PER  fgServices allowlist change:procadj procs:0 seq(592422,448524)} caps=LCMNFU always=false idle=false
10-09 13:12:55.833  2042  2042 D AlarmManager: mBroadcastRefCount -> 0
10-09 13:12:55.834  2042  2042 D AlarmManager: mPendingIntent -> PendingIntent{11b94d2: PendingIntentRecord{c46edf android broadcastIntent}}
10-09 13:12:55.888 18914 18914 D vold    :  success write all > /sys/block/zram0/idle
10-09 13:12:56.095  2042  8301 D PerfShielderService: eu.europa.ec.euidi|eu.europa.ec.euidi/eu.europa.ec.assemblylogic.ui.MainActivity|81|33384792551742|35|2|4
10-09 13:12:56.096  6649  6688 W MiuiPerfServiceClient: interceptAndQueuing:18793|eu.europa.ec.euidi|81|35|33384792551742|Slow handle animation|4
10-09 13:12:56.156  2042  8301 W MIUIInput: Input event injection from package: null action ACTION_DOWN
10-09 13:12:56.161  2042  8301 W MIUIInput: Input event injection from package: null action ACTION_UP
10-09 13:12:56.293   674 18912 D vold    : mark process has been finished in normal with status: 0
10-09 13:12:56.293   674 18912 D vold    :  listener->onFinished 
10-09 13:12:56.293  2042  8301 W ExtM    : Mark finished with status: 0
10-09 13:12:56.811  2183  2183 I wificond: station_bandwidth: P
10-09 13:12:56.994  2042  8301 D CompatibilityChangeReporter: Compat change id reported: 265464455; UID 10172; state: DISABLED
10-09 13:12:56.994  2042  8301 D CompatibilityChangeReporter: Compat change id reported: 265452344; UID 10172; state: DISABLED
10-09 13:12:56.994  2042  8301 D CompatibilityChangeReporter: Compat change id reported: 266124927; UID 10172; state: DISABLED
10-09 13:12:56.994  2042  8301 D CompatibilityChangeReporter: Compat change id reported: 265451093; UID 10172; state: DISABLED
10-09 13:12:56.994  2042  8301 D CompatibilityChangeReporter: Compat change id reported: 265456536; UID 10172; state: DISABLED
10-09 13:12:56.994  2042  8301 D CompatibilityChangeReporter: Compat change id reported: 255940284; UID 10172; state: DISABLED
10-09 13:12:56.994  2042  8301 D CompatibilityChangeReporter: Compat change id reported: 236283604; UID 10172; state: DISABLED
10-09 13:12:56.995  2042  8301 D CompatibilityChangeReporter: Compat change id reported: 263959004; UID 10172; state: DISABLED
10-09 13:12:56.995  2042  8301 D CompatibilityChangeReporter: Compat change id reported: 264304459; UID 10172; state: DISABLED
10-09 13:12:56.995  2042  8301 D CompatibilityChangeReporter: Compat change id reported: 264301586; UID 10172; state: DISABLED
10-09 13:12:56.995  2042  8301 D CompatibilityChangeReporter: Compat change id reported: 254631730; UID 10172; state: DISABLED
10-09 13:12:56.995  2042  8301 D CompatibilityChangeReporter: Compat change id reported: 273509367; UID 10172; state: DISABLED
10-09 13:12:56.996  2042  8301 D CompatibilityChangeReporter: Compat change id reported: 263259275; UID 10172; state: DISABLED
10-09 13:12:56.996  2042  8301 D CompatibilityChangeReporter: Compat change id reported: 174042980; UID 10172; state: DISABLED
10-09 13:12:56.996  2042  8301 D CompatibilityChangeReporter: Compat change id reported: 174042936; UID 10172; state: DISABLED
10-09 13:12:56.996  2042  8301 D CompatibilityChangeReporter: Compat change id reported: 181136395; UID 10172; state: DISABLED
10-09 13:12:56.997  2042  8301 D CompatibilityChangeReporter: Compat change id reported: 194480991; UID 10172; state: ENABLED
10-09 13:12:56.997  2042  8301 I SmartPower: com.android.chrome:privileged_process0/10172(17266): idle->invisible(11215ms) R(become foreground) adj=700.
10-09 13:12:56.997  2042  8301 I SmartPower: com.android.chrome/10172(17153): idle->invisible(11215ms) R(become foreground) adj=700.
10-09 13:12:56.997  2042  8301 D WindowManager: Collecting in transition 257: ActivityRecord{9674a0 u0 com.android.chrome/com.google.android.apps.chrome.IntentDispatcher init visibleRequested:false
10-09 13:12:56.997  2042  8301 D MiuiFreeFormManagerService: activeOrFullscreenFreeformTaskIfNeed startDefaultAr:false
10-09 13:12:56.999  4304  4484 D OneHandedController: stopOneHanded state is 0
10-09 13:12:57.000  2042  8301 D WindowManager: setLockTaskAuth: task=Task{fa2c1e #6453 type=standard I=com.android.chrome/com.google.android.apps.chrome.IntentDispatcher} mLockTaskAuth=LOCK_TASK_AUTH_PINNABLE
10-09 13:12:57.001  2042  8301 D WindowManager: Collecting in transition 257: Task{fa2c1e #6453 type=standard I=com.android.chrome/com.google.android.apps.chrome.IntentDispatcher} init visibleRequested:false
10-09 13:12:57.002  2042  8301 D CompatibilityChangeReporter: Compat change id reported: 184838306; UID 10172; state: DISABLED
10-09 13:12:57.002  2042  8301 D CompatibilityChangeReporter: Compat change id reported: 185004937; UID 10172; state: DISABLED
10-09 13:12:57.004  2042  8301 D WindowManager: setLockTaskAuth: task=Task{fa2c1e #6453 type=standard I=com.android.chrome/com.google.android.apps.chrome.IntentDispatcher} mLockTaskAuth=LOCK_TASK_AUTH_PINNABLE
10-09 13:12:57.004  2042  8301 D MiuiFreeFormManagerService: onStartActivityInner as = Task{fa2c1e #6453 type=standard I=com.android.chrome/com.google.android.apps.chrome.IntentDispatcher} op = null
10-09 13:12:57.004  2042  8301 D ActivityTaskManager: Task#startActivityLocked isOrhasTask=true newTask=true
10-09 13:12:57.005  2042  8301 D ActivityTaskManager: Not add starting window, the reason is: windowIsTranslucent = true  windowIsFloating = false  this = ActivityRecord{9674a0 u0 com.android.chrome/com.google.android.apps.chrome.IntentDispatcher t6453}
10-09 13:12:57.006  2042  8301 D CompatibilityChangeReporter: Compat change id reported: 205907456; UID 10172; state: ENABLED
10-09 13:12:57.008  2042  8301 D WindowManager: Collecting in transition 257: ActivityRecord{9674a0 u0 com.android.chrome/com.google.android.apps.chrome.IntentDispatcher t6453} init visibleRequested:false
10-09 13:12:57.008  2042  8301 D WindowManager: Requesting StartTransition: TransitionRecord{af16115 id=257 type=OPEN flags=0x0}
10-09 13:12:57.008  2042  8301 I ActivityTaskManager: START u0 {act=android.intent.action.VIEW dat=https://issuer.eudiw.dev/... flg=0x10000000 cmp=com.android.chrome/com.google.android.apps.chrome.IntentDispatcher} with LAUNCH_MULTIPLE from uid 10030 from pid 18793 callingPackage eu.europa.ec.euidi (BAL_ALLOW_VISIBLE_WINDOW) result code=0
10-09 13:12:57.010  4304  4484 I SoScUtils: monitorTransitionRequest mRequestOpenTransition:null mRequestOpenTriggerTask:-1 mRequestCloseTransition:null mRequestCloseTriggerTask:-1 mRequestCloseStageType:-1
10-09 13:12:57.011  2042  4080 D WindowManager: Set transition=TransitionRecord{af16115 id=257 type=OPEN flags=0x0}, ready=false, SyncId=257 used=true, override=false, defer=0, states=Display{#0 state=ON size=1080x2400 ROTATION_0}:false
10-09 13:12:57.011  4304  4484 D OneHandedController: stopOneHanded state is 0
10-09 13:12:57.011  4304  4484 D OneHandedController: stopOneHanded state is 0
10-09 13:12:57.013  2042  4080 I ActivityTaskManager: The Process com.android.chrome Already Exists in BG. So sending its PID: 17153
10-09 13:12:57.014  2042  4080 D WindowManager: Collecting in transition 257: ActivityRecord{9674a0 u0 com.android.chrome/com.google.android.apps.chrome.IntentDispatcher t6453} init visibleRequested:false
10-09 13:12:57.015  2042  4080 D WindowManager: Collecting in transition 257: ActivityRecord{9674a0 u0 com.android.chrome/com.google.android.apps.chrome.IntentDispatcher t6453} init visibleRequested:true
10-09 13:12:57.016  2042  4080 D WindowManagerService: checkFlipFullScreenChange is same, nowIsFullScreen = false
10-09 13:12:57.018  2042  6997 W AutofillManagerServiceImpl: getFillEventHistory() called by UID 10273, but service UID is 10163
10-09 13:12:57.018  2042  4080 D WindowManager: wms.Input focus has changed to null display=0 updateInputWindows = true
10-09 13:12:57.018  2042  4080 I MultiSenceManagerInternalStub: getInstance
10-09 13:12:57.019  2042  4080 D WindowManager: Collecting in transition 257: ActivityRecord{9674a0 u0 com.android.chrome/com.google.android.apps.chrome.IntentDispatcher t6453} init visibleRequested:true
10-09 13:12:57.020  2042  4080 D WindowManager: Set transition=TransitionRecord{af16115 id=257 type=OPEN flags=0x0}, ready=true, SyncId=257 
10-09 13:12:57.022  2042  4080 D CompatibilityChangeReporter: Compat change id reported: 197654537; UID 10030; state: ENABLED
10-09 13:12:57.022  2042  4080 I BLASTSyncEngine: SyncGroup 257:  Unfinished container:Task{fa2c1e #6453 type=standard I=com.android.chrome/com.google.android.apps.chrome.IntentDispatcher}
10-09 13:12:57.022  2042  4080 I BLASTSyncEngine: isActivitySyncFinished isSyncFinished false Task{fa2c1e #6453 type=standard I=com.android.chrome/com.google.android.apps.chrome.IntentDispatcher}
10-09 13:12:57.023  4304  4484 D MiuiFullScreenTaskRepository: removeFocusedTask displayId=0
10-09 13:12:57.023  4304  4484 D MiuiFullScreenTaskRepository: addOrUpdateFullScreenTaskInfo taskId=6452, topActivity=ComponentInfo{eu.europa.ec.euidi/eu.europa.ec.assemblylogic.ui.MainActivity}
10-09 13:12:57.030  2042  2690 D Aurogon :  uid = 10172 switch to FG
10-09 13:12:57.031  2042  4080 D PerfShielderService: eu.europa.ec.euidi|eu.europa.ec.euidi/eu.europa.ec.assemblylogic.ui.MainActivity|71|33385358451221|68|5|2
10-09 13:12:57.031  6649  6688 W MiuiPerfServiceClient: interceptAndQueuing:18793|eu.europa.ec.euidi|71|68|33385358451221|Slow issue draw commands|2
10-09 13:12:57.061  2042  8301 D ActivityManager: checkAllowBackground: uid=1000 pkg=android rec=UidRecord{b77cac0 1000 PER  fgServices allowlist change:procadj procs:0 seq(592422,448524)} caps=LCMNFU always=false idle=false
10-09 13:12:57.062  2042  9053 D CompatibilityChangeReporter: Compat change id reported: 259743961; UID 10172; state: ENABLED
10-09 13:12:57.065  2042  6997 D WindowManager: Collecting in transition 257: ActivityRecord{a412194 u0 com.android.chrome/org.chromium.chrome.browser.ChromeTabbedActivity init visibleRequested:false
10-09 13:12:57.065  2042  6997 D MiuiFreeFormManagerService: activeOrFullscreenFreeformTaskIfNeed startDefaultAr:false
10-09 13:12:57.066  2042  6997 D MiuiFreeFormManagerService: onStartActivityInner as = Task{f3a7d2e #6447 type=standard A=10172:com.android.chrome} op = null
10-09 13:12:57.067  2042  6997 D WindowManagerService: checkFlipFullScreenChange is same, nowIsFullScreen = false
10-09 13:12:57.067  2042  6997 D WindowManager: setLockTaskAuth: task=Task{f3a7d2e #6447 type=standard A=10172:com.android.chrome} mLockTaskAuth=LOCK_TASK_AUTH_PINNABLE
10-09 13:12:57.070  2042  6997 D WindowManager: Set transition=TransitionRecord{af16115 id=257 type=OPEN flags=0x0}, ready=false, SyncId=257 used=true, override=false, defer=0, states=Display{#0 state=ON size=1080x2400 ROTATION_0}:false
10-09 13:12:57.071  2042  6997 D WindowManager: Collecting in transition 257: ActivityRecord{a412194 u0 com.android.chrome/org.chromium.chrome.browser.ChromeTabbedActivity t-1} init visibleRequested:false
10-09 13:12:57.071  2042  6997 D WindowManager: Set transition=TransitionRecord{af16115 id=257 type=OPEN flags=0x0}, ready=false, SyncId=257 used=true, override=false, defer=0, states=Display{#0 state=ON size=1080x2400 ROTATION_0}:false
10-09 13:12:57.073  2042  6997 I ActivityTaskManager: START u0 {act=android.intent.action.VIEW dat=https://issuer.eudiw.dev/... flg=0x14002000 cmp=com.android.chrome/org.chromium.chrome.browser.ChromeTabbedActivity (has extras)} with LAUNCH_SINGLE_INSTANCE_PER_TASK from uid 10172 from pid 17153 callingPackage com.android.chrome (BAL_ALLOW_VISIBLE_WINDOW) result code=2
10-09 13:12:57.073  4304  4484 D MiuiFullScreenTaskRepository: setFocusedTask taskId=6447, displayId=0, topActivity=ComponentInfo{com.android.chrome/org.chromium.chrome.browser.ChromeTabbedActivity}
10-09 13:12:57.073  4304  4484 D MiuiFullScreenTaskRepository: addOrUpdateFullScreenTaskInfo taskId=6447, topActivity=ComponentInfo{com.android.chrome/org.chromium.chrome.browser.ChromeTabbedActivity}
