10-10 15:47:52.710  2042  3524 I SmartPower: com.android.chrome:sandboxed_process0:org.chromium.content.app.SandboxedProcessSeridle->background(773ms) R(add to whitelist) adj=930.
10-10 15:47:52.710  2042  3524 I SmartPower: com.android.chrome:sandboxed_process0:org.chromium.content.app.SandboxedProcessSeridle->background(773ms) R(add to whitelist) adj=920.
10-10 15:47:52.710  2042  3524 I SmartPower: com.android.chrome:sandboxed_process0:org.chromium.content.app.SandboxedProcessSeridle->background(773ms) R(add to whitelist) adj=910.
10-10 15:47:52.710  2042  3524 I SmartPower: com.android.chrome:sandboxed_process0:org.chromium.content.app.SandboxedProcessSeridle->background(773ms) R(add to whitelist) adj=910.
10-10 15:47:52.710  2042  3524 I SmartPower: com.android.chrome:sandboxed_process0:org.chromium.content.app.SandboxedProcessSeridle->background(773ms) R(add to whitelist) adj=900.
10-10 15:47:52.711  2042  3524 I SmartPower: com.android.chrome:sandboxed_process0:org.chromium.content.app.SandboxedProcessSeridle->background(774ms) R(add to whitelist) adj=900.
10-10 15:47:52.711  2042  3524 I SmartPower: com.android.chrome:sandboxed_process0:org.chromium.content.app.SandboxedProcessSeridle->background(2169ms) R(add to whitelist) adj=250.
10-10 15:47:52.724  2042  2693 D WindowManager: Calling onTransitionReady info={id=749 t=OPEN f=0x0 trk=0 r=[0@Point(0, 0)] c=[{WCT{RemoteToken{be892c5 Task{ac848dc #6565 type=standard A=10172:com.android.chrome}}} m=TO_FRONT f=MOVE_TO_TOP leash=Surface(name=Task=6565#9987)/@0x75a594f sb=Rect(0, 0 - 1080, 2400) eb=Rect(0, 0 - 1080, 2400) d=0},{WCT{RemoteToken{9bdcd40 Task{e11eda4 #6694 type=standard A=10030:eu.europa.ec.euidi}}} m=TO_BACK f=NONE leash=Surface(name=Task=6694#15474)/@0x233f437 sb=Rect(0, 0 - 1080, 2400) eb=Rect(0, 0 - 1080, 2400) d=0}] noAni=[false] df=[false] mk=[true] nc=[0]}, mToken=Token{19e167f TransitionRecord{a3de065 id=749 type=OPEN flags=0x0}}
10-10 15:47:52.725  2042  2693 I BLASTSyncEngine: finishNow: after onTransactionReady, mSyncId=749
10-10 15:47:52.727  4304  4304 D ArtChoreographerMonitor: invoke error.
10-10 15:47:52.728  4304  4484 D MiuiFreeformAnimation: startAnimation change: {WCT{android.window.IWindowContainerToken$Stub$Proxy@239d7a0} m=TO_FRONT f=MOVE_TO_TOP leash=Surface(name=Task=6565#9987)/@0xb3eda5d sb=Rect(0, 0 - 1080, 2400) eb=Rect(0, 0 - 1080, 2400) d=0} info.getType(): 1
10-10 15:47:52.728  4304  4484 I MiuiFreeformAnimation: isLaunchWidgetPicker=false,taskInfo.getWindowingMode()=1, taskInfo.getActivityType()=1
10-10 15:47:52.729  4304  4484 D MiuiFreeformAnimation: startAnimation change: {WCT{android.window.IWindowContainerToken$Stub$Proxy@813bf59} m=TO_BACK f=NONE leash=Surface(name=Task=6694#15474)/@0x1397fd2 sb=Rect(0, 0 - 1080, 2400) eb=Rect(0, 0 - 1080, 2400) d=0} info.getType(): 1
10-10 15:47:52.729  4304  4484 W MiuiTaskTransitionHandler: Receive an unknown transition, token=android.os.BinderProxy@ca89f88, type=1
10-10 15:47:52.731  4304  4484 D TransitionAnimationHelper:  load default animation  type = 1 enter = false animAttr = 9 isTask = true translucent = false
10-10 15:47:52.732  4304  4484 D TransitionAnimationHelper:  load default animation  type = 1 enter = true animAttr = 8 isTask = true translucent = false
10-10 15:47:52.735  4304  4520 D ShellTransitions: speed ui!!!!!!!!!!!
10-10 15:47:52.737  4304  4484 D MiuiFullScreenTaskRepository: setFocusedTask taskId=6565, displayId=0, topActivity=ComponentInfo{com.android.chrome/org.chromium.chrome.browser.ChromeTabbedActivity}
10-10 15:47:52.737  4304  4484 D MiuiFullScreenTaskRepository: addOrUpdateFullScreenTaskInfo taskId=6565, topActivity=ComponentInfo{com.android.chrome/org.chromium.chrome.browser.ChromeTabbedActivity}
10-10 15:47:52.743  2042  4080 D CompatibilityChangeReporter: Compat change id reported: 214016041; UID 10172; state: ENABLED
10-10 15:47:52.746  2042  4100 I WindowManager: cancelAnimation removed leash : Surface(name=Surface(name=49d5fba InputMethod#118)/@0xbb23dc8 - animation-leash of insets_animation#15489)/@0xe29a9df
10-10 15:47:52.747  2042  4772 W PackageConfigPersister: App-specific configuration not found for packageName: com.android.chrome and userId: 0
10-10 15:47:52.749  4304  4484 D SoScUtils: monitorTransitionFinished transition:android.os.BinderProxy@ca89f88 transaction: android.view.SurfaceControl$Transaction@bd8182 mRequestCloseTransition:null mRequestOpenTransition:null mPairsOpenTransition:null mPairsOpenTransitionNull:null mRequestOpenTriggerTask:-1 mRequestCloseTriggerTask:-1 mOrientationTransition: null mMainStartingTask:-1 mSideStartingTask:-1
10-10 15:47:52.760  2042  4100 I Transition: finishTransition: updateLastSurfacePosition tf=Task{20c902e #6695 type=standard I=com.android.chrome/com.google.android.apps.chrome.IntentDispatcher}
10-10 15:47:52.760  2042  4100 I Transition: finishTransition: updateLastSurfacePosition tf=Task{ac848dc #6565 type=standard A=10172:com.android.chrome}
10-10 15:47:52.766  4304  4484 D MiuiFullScreenTaskRepository: addOrUpdateFullScreenTaskInfo taskId=6694, topActivity=ComponentInfo{eu.europa.ec.euidi/eu.europa.ec.assemblylogic.ui.MainActivity}
10-10 15:47:52.766  2042  2692 I SmartPower: eu.europa.ec.euidi/10030(23604): visible->invisible(7037ms) R(become invisible) adj=200.
10-10 15:47:52.766  2042  2692 I SmartPower: eu.europa.ec.euidi/10030(23604): invisible->background(0ms) R(become background) adj=200.
10-10 15:47:52.798  2042  3095 W PresentationStatsEventLogger: Shouldn't be logging AutofillPresentationEventReported again for same event
10-10 15:47:52.800 23604 23604 D ActivityThread: Fail to check app heapsize due to java.lang.NoSuchMethodException: dalvik.system.VMRuntime.getBlockingGcCountForAlloc []
10-10 15:47:52.805  2042  2690 D Aurogon :  uid = 10030 switch to BG
10-10 15:47:52.806  2042  3500 D isUidValid: uid = 10030
10-10 15:47:52.916  4304  4304 D ArtChoreographerMonitor: invoke error.
10-10 15:47:52.922  4304  4304 D ArtChoreographerMonitor: invoke error.
10-10 15:47:53.094  4304  4304 D ArtChoreographerMonitor: invoke error.
10-10 15:47:53.583  2042  4100 W MIUIInput: Input event injection from package: null action ACTION_DOWN
10-10 15:47:53.585  2042  3516 I ProcessManager: getRenderThreadTidByPid, caller=2042
10-10 15:47:53.586  2042  4100 W MIUIInput: Input event injection from package: null action ACTION_UP
10-10 15:47:53.699  2042  4100 W MIUIInput: Input event injection from package: null action ACTION_DOWN
10-10 15:47:53.700  2042  3516 I ProcessManager: getRenderThreadTidByPid, caller=2042
10-10 15:47:53.702  2042  4100 W MIUIInput: Input event injection from package: null action ACTION_UP
10-10 15:47:53.722  2042  3095 D ActivityManager: checkAllowBackground: uid=10163 pkg=com.google.android.gms rec=UidRecord{3efeecd u0a163 BTOP change:procadj procs:0 seq(1331538,1293144)} caps=LCMNFU always=false idle=false
10-10 15:47:53.827  2042  3524 I SmartPower: com.google.android.inputmethod.latin/10176(6431): background->idle(3001ms) R(become invisible) adj=100.
10-10 15:47:53.871  2042  3095 D SchedBoost: com.android.chrome:sandboxed_process0:org.chromium.content.app.SandboxedProcessService0:79 boosting, skip reset priority
10-10 15:47:54.518  2042  3095 W MIUIInput: Input event injection from package: null action ACTION_DOWN
10-10 15:47:54.520  2042  3516 I ProcessManager: getRenderThreadTidByPid, caller=2042
10-10 15:47:54.522  2042  3095 W MIUIInput: Input event injection from package: null action ACTION_UP
10-10 15:47:54.545  2042  4772 D ActivityManager: checkAllowBackground: uid=10163 pkg=com.google.android.gms rec=UidRecord{3efeecd u0a163 BTOP change:procadj procs:0 seq(1331540,1293144)} caps=LCMNFU always=false idle=false
10-10 15:47:54.566  2042  4100 W PackageConfigPersister: App-specific configuration not found for packageName: com.android.chrome and userId: 0
10-10 15:47:54.566  2042  4080 I InputMethodManagerService: IMMS.showSoftInput(), client = com.android.internal.inputmethod.IInputMethodClient$Stub$Proxy@74879bd
10-10 15:47:54.566  2042  4080 I InputMethodManagerService: IMMS.showCurrentInputLocked(), flags = 0
10-10 15:47:54.566  2042  4080 D SmartPower: com.google.android.inputmethod.latin/10176(6431): show input method
10-10 15:47:54.567  2042  4080 I SmartPower: com.google.android.inputmethod.latin/10176(6431): idle->visible(739ms) R(show input method) adj=100.
10-10 15:47:54.567  2042  4080 I DefaultImeVisibilityApplier: IMMS.showCurrentInputLocked request ims to show inputMethod.
10-10 15:47:54.899  2042  4772 I InputMethodManagerService: IMMS.showSoftInput(), client = com.android.internal.inputmethod.IInputMethodClient$Stub$Proxy@d6bb703
10-10 15:47:54.899  2042  4772 I InputMethodManagerService: IMMS.showCurrentInputLocked(), flags = 0
10-10 15:47:54.899  2042  4772 D SmartPower: com.google.android.inputmethod.latin/10176(6431): show input method
10-10 15:47:54.900  2042  4772 I DefaultImeVisibilityApplier: IMMS.showCurrentInputLocked request ims to show inputMethod.
10-10 15:47:54.920  2042  4772 D ActivityManager: checkAllowBackground: uid=10163 pkg=com.google.android.gms rec=UidRecord{3efeecd u0a163 BTOP change:procadj procs:0 seq(1331546,1293144)} caps=LCMNFU always=false idle=false
10-10 15:47:54.923  2042  3095 I InputMethodManagerService: IMMS.applyImeVisibility(), setVisible = true, mCurclient = ClientState{c28f9c5 mUid=10172 mPid=25786 mSelfReportedDisplayId=0}
10-10 15:47:54.924  2042  3095 I WindowManager: WMS.showImePostLayout(), imeTarget = Window{13dfb59 u0 com.android.chrome/org.chromium.chrome.browser.ChromeTabbedActivity}
10-10 15:47:54.927  2042  4772 D CoreBackPreview: Window{13dfb59 u0 com.android.chrome/org.chromium.chrome.browser.ChromeTabbedActivity}: Setting back callback OnBackInvokedCallbackInfo{mCallback=android.window.IOnBackInvokedCallback$Stub$Proxy@7f20680, mPriority=0, mIsAnimationCallback=false}
10-10 15:47:54.932  4304  4484 D MiuiFreeformModeController: avoidForInsetsBottomChangedIfNeed oldMoveableBottom: 2270 newMoveableBounds: 2270
10-10 15:47:54.944  4304  4484 D MiuiFreeformModeController: avoidForInsetsBottomChangedIfNeed oldMoveableBottom: 2270 newMoveableBounds: 2270
10-10 15:47:54.950  2042  4100 I InputMethodManagerService: IMMS.applyImeVisibility(), setVisible = true, mCurclient = ClientState{c28f9c5 mUid=10172 mPid=25786 mSelfReportedDisplayId=0}
10-10 15:47:54.950  2042  3095 D WindowManager: wms.finishDrawingLocked: mDrawState=COMMIT_DRAW_PENDING Window{49d5fba u0 InputMethod} in Surface(name=InputMethod#15528)/@0xb09c0fe
10-10 15:47:54.951  2042  6879 D ActivityManager: checkAllowBackground: uid=10163 pkg=com.google.android.gms rec=UidRecord{3efeecd u0a163 BTOP change:procadj procs:0 seq(1331548,1293144)} caps=LCMNFU always=false idle=false
10-10 15:47:54.953  2042  2693 I ImeInsetsSourceProvider: ImeInsetsSourceProvider.scheduleShowImePostLayout() Run showImeRunner.
10-10 15:47:54.953  2042  2693 I ImeInsetsSourceProvider: ImeInsetsSourceProvider.scheduleShowImePostLayout() isReadyToShowIme.
10-10 15:47:54.959  4304  4484 D MiuiFreeformModeController: avoidForInsetsBottomChangedIfNeed oldMoveableBottom: 2270 newMoveableBounds: 2270
10-10 15:47:54.959  2042  6879 I WindowManager: cancelAnimation removed leash : Surface(name=Surface(name=d968687 NavigationBar0#90)/@0x2f479dd - animation-leash of insets_animation#15518)/@0xe144b4
10-10 15:47:54.959  4304  4484 D ImePositionProcessor: onImeVisibilityChanged     isShowing:  true
10-10 15:47:54.960  2042  4100 I WindowManager: WMS.showImePostLayout(), imeTarget = Window{13dfb59 u0 com.android.chrome/org.chromium.chrome.browser.ChromeTabbedActivity}
10-10 15:47:54.961  2042  2693 I WindowManager: input method visible height changed 701
10-10 15:47:54.962  2042  3126 I ITouchFeature: current device and process support version:2
10-10 15:47:54.962  2042  2693 I WindowManager: wms.showSurfaceRobustly mWin:Window{49d5fba u0 InputMethod}
10-10 15:47:54.962  2042  2693 I ImeInsetsSourceProvider: ImeInsetsSourceProvider.scheduleShowImePostLayout() Run showImeRunner.
10-10 15:47:54.962  2042  2693 I ImeInsetsSourceProvider: ImeInsetsSourceProvider.scheduleShowImePostLayout() isReadyToShowIme.
10-10 15:47:54.963  4304  4484 D MiuiFreeformModeController: onImeVisibilityChanged imeVisible: true imeHeight: 701 adjustedForRotation:false
10-10 15:47:54.963  4304  4484 D MiuiFreeformModeAvoidAlgorithm: begin autoOrderingAvoidMiniTask
10-10 15:47:54.963  4304  4484 D MiuiFreeformModeAvoidAlgorithm: getCurrMiniPos: SameSideMiniPosList: []
10-10 15:47:54.963  4304  4484 D MiuiFreeformModeAvoidAlgorithm: getCurrMiniPos: SameSideMiniPosList: []
10-10 15:47:54.963  4304  4484 D MiuiFreeformModeAvoidAlgorithm: end autoOrderingAvoidMiniTask res:AvoidResult{distance=0, combination={}, activeTaskPos=Rect(0, 0 - 0, 0)}
10-10 15:47:54.977  4304  4304 D ArtChoreographerMonitor: invoke error.
10-10 15:47:54.979  4304  4484 D OneHandedController: stopOneHanded state is 0
10-10 15:47:55.044  2042  7011 D WindowManagerService: checkFlipFullScreenChange is same, nowIsFullScreen = false
10-10 15:47:55.062  2042  7011 D WindowManagerService: checkFlipFullScreenChange is same, nowIsFullScreen = false
10-10 15:47:55.149  4304  4304 D ArtChoreographerMonitor: invoke error.
10-10 15:47:55.194  2042  7011 W MIUIInput: Input event injection from package: null action ACTION_DOWN
10-10 15:47:55.197  2042  3516 I ProcessManager: getRenderThreadTidByPid, caller=2042
10-10 15:47:55.197  2042  7011 W MIUIInput: Input event injection from package: null action ACTION_UP
10-10 15:47:55.209  2042  4080 I InputMethodManagerService: IMMS.applyImeVisibility(), setVisible = false, mCurclient = ClientState{c28f9c5 mUid=10172 mPid=25786 mSelfReportedDisplayId=0}
10-10 15:47:55.210  4304  4304 D ArtChoreographerMonitor: invoke error.
10-10 15:47:55.214  2042  7011 W PackageConfigPersister: App-specific configuration not found for packageName: com.android.chrome and userId: 0
10-10 15:47:55.277  4304  4484 D MiuiFreeformModeController: avoidForInsetsBottomChangedIfNeed oldMoveableBottom: 2270 newMoveableBounds: 2270
10-10 15:47:55.277  4304  4484 D ImePositionProcessor: onImeVisibilityChanged     isShowing:  false
10-10 15:47:55.277  2042  7011 D PerfShielderService: com.android.chrome|com.android.chrome/org.chromium.chrome.browser.ChromeTabbedActivity|365|69129359954252|323|0|2
10-10 15:47:55.277  6649 24736 W MiuiPerfServiceClient: interceptAndQueuing:25786|com.android.chrome|365|323|69129359954252|Slow main thread|2
10-10 15:47:55.281  2042  6879 D CoreBackPreview: Window{13dfb59 u0 com.android.chrome/org.chromium.chrome.browser.ChromeTabbedActivity}: Setting back callback OnBackInvokedCallbackInfo{mCallback=android.window.IOnBackInvokedCallback$Stub$Proxy@37a2598, mPriority=0, mIsAnimationCallback=true}
10-10 15:47:55.282  2042  2693 I WindowManager: input method visible height changed 0
10-10 15:47:55.283  2042  3126 I ITouchFeature: current device and process support version:2
10-10 15:47:55.287  4304  4484 D MiuiFreeformModeController: onImeVisibilityChanged imeVisible: false imeHeight: 0 adjustedForRotation:false
10-10 15:47:55.287  4304  4484 D MiuiFreeformModeAvoidAlgorithm: begin autoOrderingAvoidMiniTask
10-10 15:47:55.287  4304  4484 D MiuiFreeformModeAvoidAlgorithm: getCurrMiniPos: SameSideMiniPosList: []
10-10 15:47:55.287  4304  4484 D MiuiFreeformModeAvoidAlgorithm: getCurrMiniPos: SameSideMiniPosList: []
10-10 15:47:55.287  4304  4484 D MiuiFreeformModeAvoidAlgorithm: end autoOrderingAvoidMiniTask res:AvoidResult{distance=0, combination={}, activeTaskPos=Rect(0, 0 - 0, 0)}
10-10 15:47:55.385  4304  4304 D ArtChoreographerMonitor: invoke error.
10-10 15:47:55.395  2042  4689 W MIUIInput: Input event injection from package: null action ACTION_DOWN
10-10 15:47:55.397  2042  3516 I ProcessManager: getRenderThreadTidByPid, caller=2042
10-10 15:47:55.398  2042  4689 W MIUIInput: Input event injection from package: null action ACTION_UP
10-10 15:47:55.409  2042  4689 I InputMethodManagerService: IMMS.showSoftInput(), client = com.android.internal.inputmethod.IInputMethodClient$Stub$Proxy@bb80344
10-10 15:47:55.409  2042  4689 I InputMethodManagerService: IMMS.showCurrentInputLocked(), flags = 0
10-10 15:47:55.409  2042  4689 D SmartPower: com.google.android.inputmethod.latin/10176(6431): show input method
10-10 15:47:55.409  2042  7011 W PackageConfigPersister: App-specific configuration not found for packageName: com.android.chrome and userId: 0
10-10 15:47:55.409  2042  4689 I DefaultImeVisibilityApplier: IMMS.showCurrentInputLocked request ims to show inputMethod.
10-10 15:47:55.487  2042  7011 I InputMethodManagerService: IMMS.showSoftInput(), client = com.android.internal.inputmethod.IInputMethodClient$Stub$Proxy@2d40fb0
10-10 15:47:55.487  2042  7011 I InputMethodManagerService: IMMS.showCurrentInputLocked(), flags = 0
10-10 15:47:55.487  2042  7011 D SmartPower: com.google.android.inputmethod.latin/10176(6431): show input method
10-10 15:47:55.487  2042  7011 I DefaultImeVisibilityApplier: IMMS.showCurrentInputLocked request ims to show inputMethod.
10-10 15:47:55.505  2183  2183 I wificond: station_bandwidth: P
10-10 15:47:55.508  2042  7011 I InputMethodManagerService: IMMS.applyImeVisibility(), setVisible = true, mCurclient = ClientState{c28f9c5 mUid=10172 mPid=25786 mSelfReportedDisplayId=0}
10-10 15:47:55.508  2042  7011 I WindowManager: WMS.showImePostLayout(), imeTarget = Window{13dfb59 u0 com.android.chrome/org.chromium.chrome.browser.ChromeTabbedActivity}
10-10 15:47:55.509  2042  2693 I ImeInsetsSourceProvider: ImeInsetsSourceProvider.scheduleShowImePostLayout() Run showImeRunner.
10-10 15:47:55.509  2042  2693 I ImeInsetsSourceProvider: ImeInsetsSourceProvider.scheduleShowImePostLayout() isReadyToShowIme.
10-10 15:47:55.512  2042  4689 D CoreBackPreview: Window{13dfb59 u0 com.android.chrome/org.chromium.chrome.browser.ChromeTabbedActivity}: Setting back callback OnBackInvokedCallbackInfo{mCallback=android.window.IOnBackInvokedCallback$Stub$Proxy@ba665ae, mPriority=0, mIsAnimationCallback=false}
10-10 15:47:55.513  2042  6879 D ActivityManager: checkAllowBackground: uid=10163 pkg=com.google.android.gms rec=UidRecord{3efeecd u0a163 BTOP change:procadj procs:0 seq(1331552,1293144)} caps=LCMNFU always=false idle=false
10-10 15:47:55.519  2042  6971 I InputMethodManagerService: IMMS.applyImeVisibility(), setVisible = true, mCurclient = ClientState{c28f9c5 mUid=10172 mPid=25786 mSelfReportedDisplayId=0}
10-10 15:47:55.522  2042  6971 I WindowManager: WMS.showImePostLayout(), imeTarget = Window{13dfb59 u0 com.android.chrome/org.chromium.chrome.browser.ChromeTabbedActivity}
10-10 15:47:55.525  2042  4080 I ImeInsetsSourceProvider: ImeInsetsSourceProvider.scheduleShowImePostLayout() Run showImeRunner.
10-10 15:47:55.525  2042  4080 I ImeInsetsSourceProvider: ImeInsetsSourceProvider.scheduleShowImePostLayout() isReadyToShowIme.
10-10 15:47:55.528  2042  4689 I WindowManager: cancelAnimation removed leash : Surface(name=Surface(name=d968687 NavigationBar0#90)/@0x2f479dd - animation-leash of insets_animation#15529)/@0x703037b
10-10 15:47:55.529  4304  4484 D MiuiFreeformModeController: avoidForInsetsBottomChangedIfNeed oldMoveableBottom: 2270 newMoveableBounds: 2270
10-10 15:47:55.529  4304  4484 D ImePositionProcessor: onImeVisibilityChanged     isShowing:  true
10-10 15:47:55.531  2042  2693 I WindowManager: input method visible height changed 701
10-10 15:47:55.531  2042  3126 I ITouchFeature: current device and process support version:2
10-10 15:47:55.535  2042  4100 D ActivityManager: checkAllowBackground: uid=10163 pkg=com.google.android.gms rec=UidRecord{3efeecd u0a163 BTOP change:procadj procs:0 seq(1331554,1293144)} caps=LCMNFU always=false idle=false
10-10 15:47:55.537  4304  4484 D MiuiFreeformModeController: onImeVisibilityChanged imeVisible: true imeHeight: 701 adjustedForRotation:false
10-10 15:47:55.537  4304  4484 D MiuiFreeformModeAvoidAlgorithm: begin autoOrderingAvoidMiniTask
10-10 15:47:55.537  4304  4484 D MiuiFreeformModeAvoidAlgorithm: getCurrMiniPos: SameSideMiniPosList: []
10-10 15:47:55.537  4304  4484 D MiuiFreeformModeAvoidAlgorithm: getCurrMiniPos: SameSideMiniPosList: []
10-10 15:47:55.537  4304  4484 D MiuiFreeformModeAvoidAlgorithm: end autoOrderingAvoidMiniTask res:AvoidResult{distance=0, combination={}, activeTaskPos=Rect(0, 0 - 0, 0)}
10-10 15:47:55.546  4304  4304 D ArtChoreographerMonitor: invoke error.
10-10 15:47:55.547  4304  4484 D OneHandedController: stopOneHanded state is 0
10-10 15:47:55.636  2042  4100 D WindowManagerService: checkFlipFullScreenChange is same, nowIsFullScreen = false
10-10 15:47:55.652  2042  4100 D WindowManagerService: checkFlipFullScreenChange is same, nowIsFullScreen = false
10-10 15:47:55.718  4304  4304 D ArtChoreographerMonitor: invoke error.
10-10 15:47:55.767  2042  3524 I SmartPower: eu.europa.ec.euidi/10030(23604): background->idle(3001ms) R(become background) adj=700.
10-10 15:47:55.771  2042  3095 W MIUIInput: Input event injection from package: null action ACTION_DOWN
10-10 15:47:55.774  2042  3516 I ProcessManager: getRenderThreadTidByPid, caller=2042
10-10 15:47:55.775  2042  3095 W MIUIInput: Input event injection from package: null action ACTION_UP
10-10 15:47:55.847  2042  4100 I InputMethodManagerService: IMMS.applyImeVisibility(), setVisible = false, mCurclient = ClientState{c28f9c5 mUid=10172 mPid=25786 mSelfReportedDisplayId=0}
10-10 15:47:55.848  4304  4304 D ArtChoreographerMonitor: invoke error.
10-10 15:47:55.850  2042  3095 W PackageConfigPersister: App-specific configuration not found for packageName: com.android.chrome and userId: 0
10-10 15:47:55.855  2042  4772 D PerfShielderService: com.google.android.inputmethod.latin|InputMethod|103|69129975978314|103|0|1
10-10 15:47:55.855  6649 24736 W MiuiPerfServiceClient: interceptAndQueuing:6431|com.google.android.inputmethod.latin|103|103|69129975978314|Slow main thread|1
10-10 15:47:55.867  2042  3095 I WindowManager: cancelAnimation removed leash : Surface(name=Surface(name=704023a StatusBar#94)/@0xa8be448 - animation-leash of insets_animation#15517)/@0x41199c6
10-10 15:47:55.869  2042  3095 D WindowManager: wms.Input focus has changed to Window{2eac961 u0 com.android.chrome/org.chromium.chrome.browser.ChromeTabbedActivity} display=0 updateInputWindows = false
10-10 15:47:55.869  2042  3095 I MultiSenceManagerInternalStub: getInstance
10-10 15:47:55.869  2042  2693 D WindowManager: wms.Focus not requested for window=Window{2eac961 u0 com.android.chrome/org.chromium.chrome.browser.ChromeTabbedActivity} because it has no surface or is not focusable.
10-10 15:47:55.877  2042  3095 D CoreBackPreview: Window{2eac961 u0 com.android.chrome/org.chromium.chrome.browser.ChromeTabbedActivity}: Setting back callback OnBackInvokedCallbackInfo{mCallback=android.window.IOnBackInvokedCallback$Stub$Proxy@548f2e3, mPriority=-1, mIsAnimationCallback=false}
10-10 15:47:55.878  2042  3095 D PerfShielderService: com.android.chrome|com.android.chrome/org.chromium.chrome.browser.ChromeTabbedActivity|109|69129990241075|67|0|2
10-10 15:47:55.879  6649 24736 W MiuiPerfServiceClient: interceptAndQueuing:25786|com.android.chrome|109|67|69129990241075|Slow main thread|2
10-10 15:47:55.906  2042  4772 D WindowManager: wms.finishDrawingLocked: mDrawState=COMMIT_DRAW_PENDING Window{2eac961 u0 com.android.chrome/org.chromium.chrome.browser.ChromeTabbedActivity} in Surface(name=com.android.chrome/org.chromium.chrome.browser.ChromeTabbedActivity#15532)/@0x8a2c4e0
10-10 15:47:55.912  2042  2693 I WindowManager: wms.showSurfaceRobustly mWin:Window{2eac961 u0 com.android.chrome/org.chromium.chrome.browser.ChromeTabbedActivity}
10-10 15:47:55.923  4304  4484 D MiuiFreeformModeController: avoidForInsetsBottomChangedIfNeed oldMoveableBottom: 2270 newMoveableBounds: 2270
10-10 15:47:55.923  4304  4484 D ImePositionProcessor: onImeVisibilityChanged     isShowing:  false
10-10 15:47:55.926  2042  2693 I WindowManager: input method visible height changed 0
10-10 15:47:55.926  2042  3126 I ITouchFeature: current device and process support version:2
10-10 15:47:55.934  2042  4772 D CoreBackPreview: Window{13dfb59 u0 com.android.chrome/org.chromium.chrome.browser.ChromeTabbedActivity}: Setting back callback OnBackInvokedCallbackInfo{mCallback=android.window.IOnBackInvokedCallback$Stub$Proxy@a4b650d, mPriority=0, mIsAnimationCallback=true}
10-10 15:47:55.937  4304  4484 D MiuiFreeformModeController: onImeVisibilityChanged imeVisible: false imeHeight: 0 adjustedForRotation:false
10-10 15:47:55.937  4304  4484 D MiuiFreeformModeAvoidAlgorithm: begin autoOrderingAvoidMiniTask
10-10 15:47:55.937  4304  4484 D MiuiFreeformModeAvoidAlgorithm: getCurrMiniPos: SameSideMiniPosList: []
10-10 15:47:55.937  4304  4484 D MiuiFreeformModeAvoidAlgorithm: getCurrMiniPos: SameSideMiniPosList: []
10-10 15:47:55.938  4304  4484 D MiuiFreeformModeAvoidAlgorithm: end autoOrderingAvoidMiniTask res:AvoidResult{distance=0, combination={}, activeTaskPos=Rect(0, 0 - 0, 0)}
10-10 15:47:56.108  4304  4304 D ArtChoreographerMonitor: invoke error.
10-10 15:47:56.453  2042  4772 I SmartPower: com.google.android.inputmethod.latin/10176(6431): visible->invisible(1887ms) R(become invisible) adj=100.
10-10 15:47:56.453  2042  4772 I SmartPower: com.google.android.inputmethod.latin/10176(6431): invisible->background(0ms) R(become background) adj=100.
10-10 15:47:56.458  4304  4484 D MiuiFreeformModeController: avoidForInsetsBottomChangedIfNeed oldMoveableBottom: 2270 newMoveableBounds: 2270
10-10 15:47:56.466  4304  4484 D MiuiFreeformModeController: avoidForInsetsBottomChangedIfNeed oldMoveableBottom: 2270 newMoveableBounds: 2270
10-10 15:47:56.556  2042  3095 W MIUIInput: Input event injection from package: null action ACTION_DOWN
10-10 15:47:56.557  2042  3516 I ProcessManager: getRenderThreadTidByPid, caller=2042
10-10 15:47:56.559  2042  3095 W MIUIInput: Input event injection from package: null action ACTION_UP
10-10 15:47:56.578  2042  4772 D CoreBackPreview: Window{2eac961 u0 com.android.chrome/org.chromium.chrome.browser.ChromeTabbedActivity}: Setting back callback null
10-10 15:47:56.585  2042  4772 I WindowManager: cancelAnimation removed leash : Surface(name=Surface(name=704023a StatusBar#94)/@0xa8be448 - animation-leash of insets_animation#15531)/@0x8299a9d
10-10 15:47:56.588  2042  4772 I WindowManager: cancelAnimation removed leash : Surface(name=Surface(name=d968687 NavigationBar0#90)/@0x2f479dd - animation-leash of insets_animation#15536)/@0x566d237
10-10 15:47:56.592  2042  4772 D WindowManager: wms.Input focus has changed to Window{13dfb59 u0 com.android.chrome/org.chromium.chrome.browser.ChromeTabbedActivity} display=0 updateInputWindows = false
10-10 15:47:56.592  2042  4772 I MultiSenceManagerInternalStub: getInstance
10-10 15:47:56.595  4304  4304 D ArtChoreographerMonitor: invoke error.
10-10 15:47:56.620  2042  4772 W PackageConfigPersister: App-specific configuration not found for packageName: com.android.chrome and userId: 0
10-10 15:47:56.622  2042  4772 D PerfShielderService: com.android.chrome|com.android.chrome/org.chromium.chrome.browser.ChromeTabbedActivity|174|69130413797429|94|0|4
10-10 15:47:56.622  6649 24736 W MiuiPerfServiceClient: interceptAndQueuing:25786|com.android.chrome|174|94|69130413797429|Slow main thread|4
10-10 15:47:56.780  4304  4304 D ArtChoreographerMonitor: invoke error.
10-10 15:47:56.940  2042  4772 W MIUIInput: Input event injection from package: null action ACTION_DOWN
10-10 15:47:56.942  2042  3516 I ProcessManager: getRenderThreadTidByPid, caller=2042
10-10 15:47:56.944  2042  4772 W MIUIInput: Input event injection from package: null action ACTION_UP
10-10 15:47:56.974  2042  4689 I InputMethodManagerService: IMMS.showSoftInput(), client = com.android.internal.inputmethod.IInputMethodClient$Stub$Proxy@6b19ec3
10-10 15:47:56.974  2042  4689 I InputMethodManagerService: IMMS.showCurrentInputLocked(), flags = 0
10-10 15:47:56.974  2042  4689 D SmartPower: com.google.android.inputmethod.latin/10176(6431): show input method
10-10 15:47:56.974  2042  4689 I SmartPower: com.google.android.inputmethod.latin/10176(6431): background->visible(521ms) R(show input method) adj=100.
10-10 15:47:56.975  2042  4689 I DefaultImeVisibilityApplier: IMMS.showCurrentInputLocked request ims to show inputMethod.
10-10 15:47:56.977  2042  4100 W PackageConfigPersister: App-specific configuration not found for packageName: com.android.chrome and userId: 0
10-10 15:47:57.043  2042  4100 I InputMethodManagerService: IMMS.showSoftInput(), client = com.android.internal.inputmethod.IInputMethodClient$Stub$Proxy@99d8279
10-10 15:47:57.043  2042  4100 I InputMethodManagerService: IMMS.showCurrentInputLocked(), flags = 0
10-10 15:47:57.043  2042  4100 D SmartPower: com.google.android.inputmethod.latin/10176(6431): show input method
10-10 15:47:57.043  2042  4100 I DefaultImeVisibilityApplier: IMMS.showCurrentInputLocked request ims to show inputMethod.
10-10 15:47:57.063  2042  4772 D ActivityManager: checkAllowBackground: uid=10163 pkg=com.google.android.gms rec=UidRecord{3efeecd u0a163 BTOP change:procadj procs:0 seq(1331557,1293144)} caps=LCMNFU always=false idle=false
10-10 15:47:57.063  2042  4689 I InputMethodManagerService: IMMS.applyImeVisibility(), setVisible = true, mCurclient = ClientState{c28f9c5 mUid=10172 mPid=25786 mSelfReportedDisplayId=0}
10-10 15:47:57.063  2042  4689 I WindowManager: WMS.showImePostLayout(), imeTarget = Window{13dfb59 u0 com.android.chrome/org.chromium.chrome.browser.ChromeTabbedActivity}
10-10 15:47:57.067  2042  4100 D CoreBackPreview: Window{13dfb59 u0 com.android.chrome/org.chromium.chrome.browser.ChromeTabbedActivity}: Setting back callback OnBackInvokedCallbackInfo{mCallback=android.window.IOnBackInvokedCallback$Stub$Proxy@8679bbe, mPriority=0, mIsAnimationCallback=false}
10-10 15:47:57.069  4304  4304 D ArtChoreographerMonitor: invoke error.
10-10 15:47:57.070  4304  4484 D OneHandedController: stopOneHanded state is 0
10-10 15:47:57.074  4304  4484 D MiuiFreeformModeController: avoidForInsetsBottomChangedIfNeed oldMoveableBottom: 2270 newMoveableBounds: 2270
10-10 15:47:57.079  4304  4484 D OneHandedController: stopOneHanded state is 0
10-10 15:47:57.085  4304  4484 D MiuiFreeformModeController: avoidForInsetsBottomChangedIfNeed oldMoveableBottom: 2270 newMoveableBounds: 2270
10-10 15:47:57.092  2042  7011 I InputMethodManagerService: IMMS.applyImeVisibility(), setVisible = true, mCurclient = ClientState{c28f9c5 mUid=10172 mPid=25786 mSelfReportedDisplayId=0}
10-10 15:47:57.094  2042  4589 D WindowManager: wms.finishDrawingLocked: mDrawState=COMMIT_DRAW_PENDING Window{49d5fba u0 InputMethod} in Surface(name=InputMethod#15541)/@0x447436c
10-10 15:47:57.094  2042  7011 I WindowManager: WMS.showImePostLayout(), imeTarget = Window{13dfb59 u0 com.android.chrome/org.chromium.chrome.browser.ChromeTabbedActivity}
10-10 15:47:57.095  2042  2693 I ImeInsetsSourceProvider: ImeInsetsSourceProvider.scheduleShowImePostLayout() Run showImeRunner.
10-10 15:47:57.095  2042  2693 I ImeInsetsSourceProvider: ImeInsetsSourceProvider.scheduleShowImePostLayout() isReadyToShowIme.
10-10 15:47:57.099  4304  4484 D MiuiFreeformModeController: avoidForInsetsBottomChangedIfNeed oldMoveableBottom: 2270 newMoveableBounds: 2270
10-10 15:47:57.099  2042  3095 I WindowManager: cancelAnimation removed leash : Surface(name=Surface(name=d968687 NavigationBar0#90)/@0x2f479dd - animation-leash of insets_animation#15539)/@0x1cc921a
10-10 15:47:57.099  4304  4484 D ImePositionProcessor: onImeVisibilityChanged     isShowing:  true
10-10 15:47:57.101  2042  2693 I WindowManager: input method visible height changed 701
10-10 15:47:57.101  4304  4484 D MiuiFreeformModeController: onImeVisibilityChanged imeVisible: true imeHeight: 701 adjustedForRotation:false
10-10 15:47:57.101  4304  4484 D MiuiFreeformModeAvoidAlgorithm: begin autoOrderingAvoidMiniTask
10-10 15:47:57.101  2042  3126 I ITouchFeature: current device and process support version:2
10-10 15:47:57.101  4304  4484 D MiuiFreeformModeAvoidAlgorithm: getCurrMiniPos: SameSideMiniPosList: []
10-10 15:47:57.101  4304  4484 D MiuiFreeformModeAvoidAlgorithm: getCurrMiniPos: SameSideMiniPosList: []
10-10 15:47:57.101  4304  4484 D MiuiFreeformModeAvoidAlgorithm: end autoOrderingAvoidMiniTask res:AvoidResult{distance=0, combination={}, activeTaskPos=Rect(0, 0 - 0, 0)}
10-10 15:47:57.101  2042  2693 I WindowManager: wms.showSurfaceRobustly mWin:Window{49d5fba u0 InputMethod}
10-10 15:47:57.115  2042  7011 D PerfShielderService: com.android.chrome|com.android.chrome/org.chromium.chrome.browser.ChromeTabbedActivity|78|69131503876699|78|0|1
10-10 15:47:57.116  6649 24736 W MiuiPerfServiceClient: interceptAndQueuing:25786|com.android.chrome|78|78|69131503876699|Slow main thread|1
10-10 15:47:57.123  4304  4484 D OneHandedController: stopOneHanded state is 0
10-10 15:47:57.296  4304  4304 D ArtChoreographerMonitor: invoke error.
10-10 15:47:57.822  2042  7011 D WindowManagerService: checkFlipFullScreenChange is same, nowIsFullScreen = false
10-10 15:47:57.841  2042  7011 D WindowManagerService: checkFlipFullScreenChange is same, nowIsFullScreen = false
10-10 15:47:57.898  2042  2702 D HeapUsage Monitor: HeapAllocSize : 84MB; monitorSize : 500MB
10-10 15:47:57.968  2042  7011 W MIUIInput: Input event injection from package: null action ACTION_DOWN
10-10 15:47:57.970  2042  3516 I ProcessManager: getRenderThreadTidByPid, caller=2042
10-10 15:47:57.971  2042  7011 W MIUIInput: Input event injection from package: null action ACTION_UP
10-10 15:47:58.026  2042  7011 W MIUIInput: Input event injection from package: null action ACTION_DOWN
10-10 15:47:58.027  2042  3516 I ProcessManager: getRenderThreadTidByPid, caller=2042
10-10 15:47:58.042  2042  4689 I InputMethodManagerService: IMMS.applyImeVisibility(), setVisible = false, mCurclient = ClientState{c28f9c5 mUid=10172 mPid=25786 mSelfReportedDisplayId=0}
10-10 15:47:58.046  4304  4304 D ArtChoreographerMonitor: invoke error.
10-10 15:47:58.047  2042  4689 W PackageConfigPersister: App-specific configuration not found for packageName: com.android.chrome and userId: 0
10-10 15:47:58.050  2042  3516 I ProcessManager: getRenderThreadTidByPid, caller=2042
10-10 15:47:58.064  4304  4484 D MiuiFreeformModeController: avoidForInsetsBottomChangedIfNeed oldMoveableBottom: 2270 newMoveableBounds: 2270
10-10 15:47:58.064  4304  4484 D ImePositionProcessor: onImeVisibilityChanged     isShowing:  false
10-10 15:47:58.068  4304  4484 D MiuiFreeformModeController: onImeVisibilityChanged imeVisible: false imeHeight: 0 adjustedForRotation:false
10-10 15:47:58.068  2042  2692 I WindowManager: input method visible height changed 0
10-10 15:47:58.068  4304  4484 D MiuiFreeformModeAvoidAlgorithm: begin autoOrderingAvoidMiniTask
10-10 15:47:58.069  4304  4484 D MiuiFreeformModeAvoidAlgorithm: getCurrMiniPos: SameSideMiniPosList: []
10-10 15:47:58.069  4304  4484 D MiuiFreeformModeAvoidAlgorithm: getCurrMiniPos: SameSideMiniPosList: []
10-10 15:47:58.069  2042  3126 I ITouchFeature: current device and process support version:2
10-10 15:47:58.069  4304  4484 D MiuiFreeformModeAvoidAlgorithm: end autoOrderingAvoidMiniTask res:AvoidResult{distance=0, combination={}, activeTaskPos=Rect(0, 0 - 0, 0)}
10-10 15:47:58.074  2042  4689 D CoreBackPreview: Window{13dfb59 u0 com.android.chrome/org.chromium.chrome.browser.ChromeTabbedActivity}: Setting back callback OnBackInvokedCallbackInfo{mCallback=android.window.IOnBackInvokedCallback$Stub$Proxy@8296496, mPriority=0, mIsAnimationCallback=true}
10-10 15:47:58.163  2042  4689 W MIUIInput: Input event injection from package: null action ACTION_UP
10-10 15:47:58.217  4304  4304 D ArtChoreographerMonitor: invoke error.
10-10 15:47:58.517  2183  2183 I wificond: station_bandwidth: P
10-10 15:47:58.521  4304  4304 D ArtChoreographerMonitor: invoke error.
10-10 15:47:58.585  2042  4589 I SmartPower: com.google.android.inputmethod.latin/10176(6431): visible->invisible(1610ms) R(become invisible) adj=100.
10-10 15:47:58.585  2042  4589 I SmartPower: com.google.android.inputmethod.latin/10176(6431): invisible->background(1ms) R(become background) adj=100.
10-10 15:47:58.588  4304  4484 D MiuiFreeformModeController: avoidForInsetsBottomChangedIfNeed oldMoveableBottom: 2270 newMoveableBounds: 2270
10-10 15:47:58.596  4304  4484 D MiuiFreeformModeController: avoidForInsetsBottomChangedIfNeed oldMoveableBottom: 2270 newMoveableBounds: 2270
10-10 15:47:58.691  4304  4304 D ArtChoreographerMonitor: invoke error.
10-10 15:47:59.121  2042  4589 W MIUIInput: Input event injection from package: null action ACTION_DOWN
10-10 15:47:59.122  2042  3516 I ProcessManager: getRenderThreadTidByPid, caller=2042
10-10 15:47:59.124  2042  4589 W MIUIInput: Input event injection from package: null action ACTION_UP
10-10 15:47:59.134  2042  7011 I InputMethodManagerService: IMMS.showSoftInput(), client = com.android.internal.inputmethod.IInputMethodClient$Stub$Proxy@98f3422
10-10 15:47:59.134  2042  7011 I InputMethodManagerService: IMMS.showCurrentInputLocked(), flags = 0
10-10 15:47:59.135  2042  7011 D SmartPower: com.google.android.inputmethod.latin/10176(6431): show input method
10-10 15:47:59.135  2042  7011 I SmartPower: com.google.android.inputmethod.latin/10176(6431): background->visible(549ms) R(show input method) adj=100.
10-10 15:47:59.135  2042  7011 I DefaultImeVisibilityApplier: IMMS.showCurrentInputLocked request ims to show inputMethod.
10-10 15:47:59.140  2042  4589 W PackageConfigPersister: App-specific configuration not found for packageName: com.android.chrome and userId: 0
10-10 15:47:59.225  2042  7011 I InputMethodManagerService: IMMS.showSoftInput(), client = com.android.internal.inputmethod.IInputMethodClient$Stub$Proxy@678ec70
10-10 15:47:59.225  2042  7011 I InputMethodManagerService: IMMS.showCurrentInputLocked(), flags = 0
10-10 15:47:59.226  2042  7011 D SmartPower: com.google.android.inputmethod.latin/10176(6431): show input method
10-10 15:47:59.226  2042  7011 I DefaultImeVisibilityApplier: IMMS.showCurrentInputLocked request ims to show inputMethod.
10-10 15:47:59.243  2042  4589 I InputMethodManagerService: IMMS.applyImeVisibility(), setVisible = true, mCurclient = ClientState{c28f9c5 mUid=10172 mPid=25786 mSelfReportedDisplayId=0}
10-10 15:47:59.243  2042  7011 D ActivityManager: checkAllowBackground: uid=10163 pkg=com.google.android.gms rec=UidRecord{3efeecd u0a163 BTOP change:procadj procs:0 seq(1331559,1293144)} caps=LCMNFU always=false idle=false
10-10 15:47:59.244  2042  4589 I WindowManager: WMS.showImePostLayout(), imeTarget = Window{13dfb59 u0 com.android.chrome/org.chromium.chrome.browser.ChromeTabbedActivity}
10-10 15:47:59.244  2042  4689 I InputMethodManagerService: IMMS.showSoftInput(), client = com.android.internal.inputmethod.IInputMethodClient$Stub$Proxy@890706e
10-10 15:47:59.245  2042  4689 I InputMethodManagerService: IMMS.showCurrentInputLocked(), flags = 0
10-10 15:47:59.245  2042  4689 D SmartPower: com.google.android.inputmethod.latin/10176(6431): show input method
10-10 15:47:59.245  2042  4689 I DefaultImeVisibilityApplier: IMMS.showCurrentInputLocked request ims to show inputMethod.
10-10 15:47:59.254  4304  4484 D MiuiFreeformModeController: avoidForInsetsBottomChangedIfNeed oldMoveableBottom: 2270 newMoveableBounds: 2270
10-10 15:47:59.264  2042  4589 D CoreBackPreview: Window{13dfb59 u0 com.android.chrome/org.chromium.chrome.browser.ChromeTabbedActivity}: Setting back callback OnBackInvokedCallbackInfo{mCallback=android.window.IOnBackInvokedCallback$Stub$Proxy@657257a, mPriority=0, mIsAnimationCallback=false}
10-10 15:47:59.270  4304  4484 D MiuiFreeformModeController: avoidForInsetsBottomChangedIfNeed oldMoveableBottom: 2270 newMoveableBounds: 2270
10-10 15:47:59.276  2042  4772 D WindowManager: wms.finishDrawingLocked: mDrawState=COMMIT_DRAW_PENDING Window{49d5fba u0 InputMethod} in Surface(name=InputMethod#15543)/@0xc585f9c
10-10 15:47:59.276  2042  4100 I InputMethodManagerService: IMMS.applyImeVisibility(), setVisible = true, mCurclient = ClientState{c28f9c5 mUid=10172 mPid=25786 mSelfReportedDisplayId=0}
10-10 15:47:59.277  2042  4100 I WindowManager: WMS.showImePostLayout(), imeTarget = Window{13dfb59 u0 com.android.chrome/org.chromium.chrome.browser.ChromeTabbedActivity}
10-10 15:47:59.280  2042  2693 I ImeInsetsSourceProvider: ImeInsetsSourceProvider.scheduleShowImePostLayout() Run showImeRunner.
10-10 15:47:59.280  2042  2693 I ImeInsetsSourceProvider: ImeInsetsSourceProvider.scheduleShowImePostLayout() isReadyToShowIme.
10-10 15:47:59.286  2042  4589 I WindowManager: cancelAnimation removed leash : Surface(name=Surface(name=d968687 NavigationBar0#90)/@0x2f479dd - animation-leash of insets_animation#15542)/@0x88807b1
10-10 15:47:59.286  4304  4484 D MiuiFreeformModeController: avoidForInsetsBottomChangedIfNeed oldMoveableBottom: 2270 newMoveableBounds: 2270
10-10 15:47:59.286  4304  4484 D ImePositionProcessor: onImeVisibilityChanged     isShowing:  true
10-10 15:47:59.286  2042  4100 I InputMethodManagerService: IMMS.applyImeVisibility(), setVisible = true, mCurclient = ClientState{c28f9c5 mUid=10172 mPid=25786 mSelfReportedDisplayId=0}
10-10 15:47:59.287  2042  2693 I WindowManager: input method visible height changed 701
10-10 15:47:59.287  4304  4484 D MiuiFreeformModeController: onImeVisibilityChanged imeVisible: true imeHeight: 701 adjustedForRotation:false
10-10 15:47:59.287  4304  4484 D MiuiFreeformModeAvoidAlgorithm: begin autoOrderingAvoidMiniTask
10-10 15:47:59.287  4304  4484 D MiuiFreeformModeAvoidAlgorithm: getCurrMiniPos: SameSideMiniPosList: []
10-10 15:47:59.287  4304  4484 D MiuiFreeformModeAvoidAlgorithm: getCurrMiniPos: SameSideMiniPosList: []
10-10 15:47:59.287  4304  4484 D MiuiFreeformModeAvoidAlgorithm: end autoOrderingAvoidMiniTask res:AvoidResult{distance=0, combination={}, activeTaskPos=Rect(0, 0 - 0, 0)}
10-10 15:47:59.287  2042  3126 I ITouchFeature: current device and process support version:2
10-10 15:47:59.288  2042  2693 I WindowManager: wms.showSurfaceRobustly mWin:Window{49d5fba u0 InputMethod}
10-10 15:47:59.296  2042  4100 I WindowManager: WMS.showImePostLayout(), imeTarget = Window{13dfb59 u0 com.android.chrome/org.chromium.chrome.browser.ChromeTabbedActivity}
10-10 15:47:59.298  2042  2693 I ImeInsetsSourceProvider: ImeInsetsSourceProvider.scheduleShowImePostLayout() Run showImeRunner.
10-10 15:47:59.298  2042  2693 I ImeInsetsSourceProvider: ImeInsetsSourceProvider.scheduleShowImePostLayout() isReadyToShowIme.
10-10 15:47:59.311  4304  4304 D ArtChoreographerMonitor: invoke error.
10-10 15:47:59.314  4304  4484 D OneHandedController: stopOneHanded state is 0
10-10 15:47:59.446  2042  7011 D WindowManagerService: checkFlipFullScreenChange is same, nowIsFullScreen = false
10-10 15:47:59.465  2042  7011 D WindowManagerService: checkFlipFullScreenChange is same, nowIsFullScreen = false
10-10 15:47:59.485  4304  4304 D ArtChoreographerMonitor: invoke error.
10-10 15:47:59.489  2042  7011 W MIUIInput: Input event injection from package: null action ACTION_DOWN keycode 66
10-10 15:47:59.489  2042  7011 W MiuiInputKeyEventLog: keyCode:66 down:true eventTime:69133940 downTime:69133940 policyFlags:2b000000 flags:0 metaState:0 deviceId:-1 isScreenOn:true keyguardActive:false repeatCount:0
10-10 15:47:59.499  2042  7011 W MIUIInput: Input event injection from package: null action ACTION_UP keycode 66
10-10 15:47:59.499  2042  7011 W MiuiInputKeyEventLog: keyCode:66 down:false eventTime:69133940 downTime:69133940 policyFlags:2b000000 flags:0 metaState:0 deviceId:-1 isScreenOn:true keyguardActive:false repeatCount:0
10-10 15:47:59.509  2042  4589 D ActivityManager: checkAllowBackground: uid=10163 pkg=com.google.android.gms rec=UidRecord{3efeecd u0a163 BTOP change:procadj procs:0 seq(1331561,1293144)} caps=LCMNFU always=false idle=false
10-10 15:47:59.516  2042  4772 D ActivityManager: checkAllowBackground: uid=10163 pkg=com.google.android.gms rec=UidRecord{3efeecd u0a163 BTOP change:procadj procs:0 seq(1331563,1293144)} caps=LCMNFU always=false idle=false
10-10 15:47:59.522  2042  4772 D PerfShielderService: com.android.chrome|com.android.chrome/org.chromium.chrome.browser.ChromeTabbedActivity|81|69133687915709|81|0|1
10-10 15:47:59.522  6649 24736 W MiuiPerfServiceClient: interceptAndQueuing:25786|com.android.chrome|81|81|69133687915709|Slow main thread|1
10-10 15:47:59.523  2042  4772 D ActivityManager: checkAllowBackground: uid=10163 pkg=com.google.android.gms rec=UidRecord{3efeecd u0a163 BTOP change:procadj procs:0 seq(1331565,1293144)} caps=LCMNFU always=false idle=false
10-10 15:47:59.711  2042  4689 I InputMethodManagerService: IMMS.applyImeVisibility(), setVisible = false, mCurclient = ClientState{c28f9c5 mUid=10172 mPid=25786 mSelfReportedDisplayId=0}
10-10 15:47:59.712  4304  4304 D ArtChoreographerMonitor: invoke error.
10-10 15:47:59.715  2042  4772 D SchedBoost: com.android.chrome:sandboxed_process0:org.chromium.content.app.SandboxedProcessService0:79 boosting, skip reset priority
10-10 15:47:59.715  2042  4689 W PackageConfigPersister: App-specific configuration not found for packageName: com.android.chrome and userId: 0
10-10 15:47:59.736  4304  4484 D MiuiFreeformModeController: avoidForInsetsBottomChangedIfNeed oldMoveableBottom: 2270 newMoveableBounds: 2270
10-10 15:47:59.736  4304  4484 D ImePositionProcessor: onImeVisibilityChanged     isShowing:  false
10-10 15:47:59.738  2042  2693 I WindowManager: input method visible height changed 0
10-10 15:47:59.738  2042  3126 I ITouchFeature: current device and process support version:2
10-10 15:47:59.738  4304  4484 D MiuiFreeformModeController: onImeVisibilityChanged imeVisible: false imeHeight: 0 adjustedForRotation:false
10-10 15:47:59.738  4304  4484 D MiuiFreeformModeAvoidAlgorithm: begin autoOrderingAvoidMiniTask
10-10 15:47:59.738  4304  4484 D MiuiFreeformModeAvoidAlgorithm: getCurrMiniPos: SameSideMiniPosList: []
10-10 15:47:59.739  4304  4484 D MiuiFreeformModeAvoidAlgorithm: getCurrMiniPos: SameSideMiniPosList: []
10-10 15:47:59.739  4304  4484 D MiuiFreeformModeAvoidAlgorithm: end autoOrderingAvoidMiniTask res:AvoidResult{distance=0, combination={}, activeTaskPos=Rect(0, 0 - 0, 0)}
10-10 15:47:59.741  2042  4689 D CoreBackPreview: Window{13dfb59 u0 com.android.chrome/org.chromium.chrome.browser.ChromeTabbedActivity}: Setting back callback OnBackInvokedCallbackInfo{mCallback=android.window.IOnBackInvokedCallback$Stub$Proxy@c1dbaa3, mPriority=0, mIsAnimationCallback=true}
10-10 15:47:59.828  2042  8301 D PerfShielderService: com.android.chrome|com.android.chrome/org.chromium.chrome.browser.ChromeTabbedActivity|105|69134204372792|91|0|2
10-10 15:47:59.829  6649 24736 W MiuiPerfServiceClient: interceptAndQueuing:25786|com.android.chrome|105|91|69134204372792|Slow main thread|2
10-10 15:47:59.885  4304  4304 D ArtChoreographerMonitor: invoke error.
10-10 15:48:00.000  2042  3123 D ActivityManager: checkAllowBackground: uid=1000 pkg=android rec=UidRecord{b77cac0 1000 PER  fgServices change:procadj procs:0 seq(1331535,448524)} caps=LCMNFU always=false idle=false
10-10 15:48:00.001  2042  3123 D AlarmManager: mBroadcastRefCount -> 1
10-10 15:48:00.003  2042  2042 D AlarmManager: mBroadcastRefCount -> 0
10-10 15:48:00.003  2042  2042 D AlarmManager: mPendingIntent -> null
10-10 15:48:00.012  4304  4304 D ArtChoreographerMonitor: invoke error.
10-10 15:48:00.194  4304  4304 D ArtChoreographerMonitor: invoke error.
10-10 15:48:00.240  2042  4772 W MIUIInput: Input event injection from package: null action ACTION_DOWN
10-10 15:48:00.241  2042  3516 I ProcessManager: getRenderThreadTidByPid, caller=2042
10-10 15:48:00.244  2042  3516 I ProcessManager: getRenderThreadTidByPid, caller=2042
10-10 15:48:00.259   702 23422 I keystore2: system/security/keystore2/src/watchdog.rs:319 - Watchdog thread idle -> terminating. Have a great day.
10-10 15:48:00.264  2042  4772 I SmartPower: com.google.android.inputmethod.latin/10176(6431): visible->invisible(1130ms) R(become invisible) adj=100.
10-10 15:48:00.264  2042  4772 I SmartPower: com.google.android.inputmethod.latin/10176(6431): invisible->background(0ms) R(become background) adj=100.
10-10 15:48:00.267  4304  4484 D MiuiFreeformModeController: avoidForInsetsBottomChangedIfNeed oldMoveableBottom: 2270 newMoveableBounds: 2270
10-10 15:48:00.277  4304  4484 D MiuiFreeformModeController: avoidForInsetsBottomChangedIfNeed oldMoveableBottom: 2270 newMoveableBounds: 2270
10-10 15:48:00.341  2042  8301 W MIUIInput: Input event injection from package: null action ACTION_UP
10-10 15:48:01.217  2042  4772 W MIUIInput: Input event injection from package: null action ACTION_DOWN
10-10 15:48:01.220  2042  3516 I ProcessManager: getRenderThreadTidByPid, caller=2042
10-10 15:48:01.223  2042  3516 I ProcessManager: getRenderThreadTidByPid, caller=2042
10-10 15:48:01.313  2042  4772 W MIUIInput: Input event injection from package: null action ACTION_UP
10-10 15:48:01.532  2183  2183 I wificond: station_bandwidth: P
10-10 15:48:01.535  4304  4304 D ArtChoreographerMonitor: invoke error.
10-10 15:48:01.706  4304  4304 D ArtChoreographerMonitor: invoke error.
10-10 15:48:02.150  2042  2042 D UiModeManager: updateConfigurationLocked: mDockState=0; mCarMode=false; mCar=false; mPowerSave=false; mOverrideNightModeOn=false; mOverrideNightModeOff=false; mComputedNightMode=false; mNightMode=1; uiMode=17
10-10 15:48:02.195  2042  4689 W MIUIInput: Input event injection from package: null action ACTION_DOWN
10-10 15:48:02.198  2042  3516 I ProcessManager: getRenderThreadTidByPid, caller=2042
10-10 15:48:02.200  2042  3516 I ProcessManager: getRenderThreadTidByPid, caller=2042
10-10 15:48:02.290  2042  4689 W MIUIInput: Input event injection from package: null action ACTION_UP
