10-10 13:30:55.254  1902  2772 D CoreBackPreview: Window{f786eb9 u0 Splash Screen eu.europa.ec.euidi EXITING}: Setting back callback null
10-10 13:30:55.260  1902  3385 W PackageConfigPersister: App-specific configuration not found for packageName: eu.europa.ec.euidi and userId: 0
10-10 13:30:55.261  1902  2323 D CompatibilityChangeReporter: Compat change id reported: 265195908; UID 10190; state: ENABLED
10-10 13:30:55.264  1902  2772 I WindowManager: cancelAnimation removed leash : Surface(name=Surface(name=6a76de5 InputMethod#123)/@0xf2bd99 - animation-leash of insets_animation#21244)/@0x926ac61
10-10 13:30:55.273  1902  1939 D WindowManager: setParent old=ActivityRecord{5d73081 u0 eu.europa.ec.euidi/eu.europa.ec.assemblylogic.ui.MainActivity t570},new=null,this window=Window{f786eb9 u0 Splash Screen eu.europa.ec.euidi},callers=com.android.server.wm.WindowContainer.removeChild:840 com.android.server.wm.ActivityRecord.removeChild:5227 com.android.server.wm.ActivityRecord.removeChild:470 com.android.server.wm.WindowContainer.removeImmediately:898 com.android.server.wm.WindowState.removeImmediately:2538 com.android.server.wm.WindowState.destroySurface:3654 
10-10 13:30:55.292  1902  1938 I DisplayDeviceRepository: Display device changed: DisplayDeviceInfo{"Built-in Screen": uniqueId="local:4627039422300187648", 1080 x 2400, modeId 2, renderFrameRate 120.00001, defaultModeId 2, supportedModes [{id=1, width=1080, height=2400, fps=60.0, alternativeRefreshRates=[30.000002, 90.0, 120.00001], supportedHdrTypes=[1, 2, 3, 4]}, {id=2, width=1080, height=2400, fps=120.00001, alternativeRefreshRates=[30.000002, 60.0, 90.0], supportedHdrTypes=[1, 2, 3, 4]}, {id=3, width=1080, height=2400, fps=90.0, alternativeRefreshRates=[30.000002, 60.0, 120.00001], supportedHdrTypes=[1, 2, 3, 4]}, {id=4, width=1080, height=2400, fps=30.000002, alternativeRefreshRates=[60.0, 90.0, 120.00001], supportedHdrTypes=[1, 2, 3, 4]}], colorMode 0, supportedColorModes [0, 7, 9], hdrCapabilities HdrCapabilities{mSupportedHdrTypes=[1, 2, 3, 4], mMaxLuminance=500.0, mMaxAverageLuminance=500.0, mMinLuminance=0.0}, allmSupported false, gameContentTypeSupported false, density 440, 394.409 x 394.409 dpi, appVsyncOff 1199999, presDeadline 14800000, cutout DisplayCutout{insets=Rect(0, 94 - 0, 0) waterfall=Insets{left=0, top=0, right=0, bottom=0} boundingRect={Bounds=[Rect(0, 0 - 0, 0), Rect(512, 0 - 568, 94), Rect(0, 0 - 0, 0), Rect(0, 0 - 0, 0)]} cutoutPathParserInfo={CutoutPathParserInfo{displayWidth=1080 displayHeight=2400 physicalDisplayWidth=1080 physicalDisplayHeight=2400 density={2.75} cutoutSpec={M 0,0 H -28 V 94 H 28 V 0 H 0 Z} rotation={0} scale={1.0} physicalPixelDisplaySizeRatio={1.0}}}}, touch INTERNAL, rotation 0, type INTERNAL, address {port=0, model=0x40368bd6e7ee6c}, deviceProductInfo DeviceProductInfo{name=MTKDEV, manufacturerPnpId=MTK, productId=35638, modelYear=null, manufactureDate=ManufactureDate{week=42, year=2021}, connectionToSinkType=0}, state ON, committedState ON, frameRateOverride , brightnessMinimum 0.0, brightnessMaximum 1.0, brightnessDefault 0.07496032, hdrSdrRatio NaN, roundedCorners RoundedCorners{[RoundedCorner{position=TopLeft, radius=70, center=Point(70, 70)}, RoundedCorner{position=TopRight, radius=70, center=Point(1010, 70)}, RoundedCorner{position=BottomRight, radius=70, center=Point(1010, 2330)}, RoundedCorner{position=BottomLeft, radius=70, center=Point(70, 2330)}]}, FLAG_ALLOWED_TO_BE_DEFAULT_DISPLAY, FLAG_ROTATES_WITH_CONTENT, FLAG_SECURE, FLAG_SUPPORTS_PROTECTED_BUFFERS, FLAG_TRUSTED, installOrientation 0, displayShape DisplayShape{ spec=-1893857183 displayWidth=1080 displayHeight=2400 physicalPixelDisplaySizeRatio=1.0 rotation=0 offsetX=0 offsetY=0 scale=1.0}}
10-10 13:30:55.293  1902  1938 D TAG     : Remove previously redundant display event 0/2 to 10321/6401
10-10 13:30:55.293  1902  1938 D TAG     : Remove previously redundant display event 0/2 to 10150/6423
10-10 13:30:55.293  1902  1938 D TAG     : Remove previously redundant display event 0/2 to 6101/17644
10-10 13:30:55.293  1902  1938 D TAG     : Remove previously redundant display event 0/2 to 10075/18053
10-10 13:30:55.293  1902  1938 D TAG     : Remove previously redundant display event 0/2 to 10097/18566
10-10 13:30:55.293  1902  1938 D TAG     : Remove previously redundant display event 0/2 to 10132/21626
10-10 13:30:55.293  1902  1938 D TAG     : Remove previously redundant display event 0/2 to 10312/31305
10-10 13:30:55.310  1902  1936 D Aurogon :  uid = 10190 switch to BG
10-10 13:30:55.311  1902  2600 D isUidValid: uid = 10190
10-10 13:30:55.332  1229  1641 W EventThreadInspector: slow VSync-appSf on display(4627039422300187648) count=1, avg=39 ms, max=39 ms.
10-10 13:30:55.450  1902  1902 W AccessibilityManagerService:  wait for adding window timeout: 2771
10-10 13:30:57.355  1902  4160 W FillRequestEventLogger: Couldn't find packageName: com.google.android.inputmethod.latin
10-10 13:30:57.370  1902 22715 W PackageConfigPersister: App-specific configuration not found for packageName: eu.europa.ec.euidi and userId: 0
10-10 13:30:57.371  4136  4136 D MiuiMultiWindowUtils: freeform resolution args raw data:{  "wide_default":{    "freeform_args": {        "vertical_portrait":{"aspect_ratio":0.626, "original_ratio":0.5643,"original_scale":0.74,"top_margin":0.168,"left_margin":0.484},        "horizontal_portrait":{"aspect_ratio":0.626, "original_ratio":0.5643,"original_scale":0.74,"top_margin":0.1222,"left_margin":0.59745},        "vertical_landscape":{"aspect_ratio":1.6, "original_ratio":1,"original_scale":0.604,"top_margin":0.2596,"left_margin":0.2624},        "horizontal_landscape":{"aspect_ratio":1.6, "original_ratio":1,"original_scale":0.604,"top_margin":0.213,"left_margin":0.3758}    },    "mini_freeform_args":{        "vertical_portrait":{"original_ratio":0.147},        "horizontal_portrait":{"original_ratio":0.147},        "vertical_landscape":{"original_ratio":0.165},        "horizontal_landscape":{"original_ratio":0.165}    }  },  "narrow_default": {    "freeform_args": {        "vertical_portrait":{"aspect_ratio":0.626, "original_ratio":1,"original_scale":0.74,"top_margin":0.0753,"left_margin":-1},        "horizontal_portrait":{"aspect_ratio":0.626, "original_ratio":1,"original_scale":0.5756,"top_margin":-1,"left_margin":0.0753},        "vertical_landscape":{"aspect_ratio":1.6, "original_ratio":0.6847,"original_scale":0.587,"top_margin":0.0753,"left_margin":-1},        "horizontal_landscape":{"aspect_ratio":1.6, "original_ratio":0.6847,"original_scale":0.587,"top_margin":-1,"left_margin":0.0753}    },    "mini_freeform_args":{        "vertical_portrait":{"original_ratio":0.26},        "horizontal_portrait":{"original_ratio":0.26},        "vertical_landscape":{"original_ratio":0.293},        "horizontal_landscape":{"original_ratio":0.293}    }  },  "regular_default": {    "freeform_args": {      "vertical_portrait":{"aspect_ratio":0.625, "original_ratio":1,"original_scale":0.7,"top_margin":0.109,"left_margin":-1},      "horizontal_portrait":{"aspect_ratio":0.6667, "original_ratio":1,"original_scale":0.6102,"top_margin":-1,"left_margin":0.026},      "vertical_landscape":{"aspect_ratio":1.6, "original_ratio":1,"original_scale":0.4244,"top_margin":0.109,"left_margin":-1},      "horizontal_landscape":{"aspect_ratio":1.6, "original_ratio":1,"original_scale":0.4244,"top_margin":-1,"left_margin":0.026}    },    "mini_freeform_args":{      "vertical_portrait":{"original_ratio":0.25},      "horizontal_portrait":{"original_ratio":0.25},      "vertical_landscape":{"original_ratio":0.25},      "horizontal_landscape":{"original_ratio":0.25}    }  },  "pad_default": {    "freeform_args": {      "vertical_portrait":{"aspect_ratio":0.5625, "original_ratio":0.375,"original_scale":0.835,"top_margin":0.049,"left_margin":0.2775},      "horizontal_portrait":{"aspect_ratio":0.5625, "original_ratio":0.375,"original_scale":0.835,"top_margin":-1,"left_margin":0.6525},      "vertical_landscape":{"aspect_ratio":-1, "original_ratio":1,"original_scale":0.468,"top_margin":0.049,"left_margin":-1},      "horizontal_landscape":{"aspect_ratio":-1, "original_ratio":1,"original_scale":0.468,"top_margin":-1,"left_margin":0.4976}    },    "mini_freeform_args":{      "vertical_portrait":{"original_ratio":0.144},      "horizontal_portrait":{"original_ratio":0.144},      "vertical_landscape":{"original_ratio":0.2},      "horizontal_landscape":{"original_ratio":0.2}    }  }}
10-10 13:30:57.371  4136  4136 D MiuiMultiWindowUtils: initFreeFormResolutionArgs failed, device is rubypro
10-10 13:30:57.372  1902 23265 W PackageConfigPersister: App-specific configuration not found for packageName: eu.europa.ec.euidi and userId: 0
10-10 13:30:57.373  1902 23257 I InputMethodManagerService: IMMS.showSoftInput(), client = com.android.internal.inputmethod.IInputMethodClient$Stub$Proxy@8ee24a3
10-10 13:30:57.373  1902 23257 I InputMethodManagerService: IMMS.showCurrentInputLocked(), flags = 0
10-10 13:30:57.373  1902 23257 D SmartPower: com.google.android.inputmethod.latin/10196(22721): show input method
10-10 13:30:57.373  1902 23257 I SmartPower: com.google.android.inputmethod.latin/10196(22721): idle->visible(35783ms) R(show input method) adj=100.
10-10 13:30:57.373  1902 23257 I DefaultImeVisibilityApplier: IMMS.showCurrentInputLocked request ims to show inputMethod.
10-10 13:30:57.385  1902 22715 D AutofillSession: createPendingIntent for request 1191
10-10 13:30:57.386  1902 22715 D ContentCapturePerUserService: Notified activity assist data for activity: Token{fee9567 ActivityRecord{5d73081 u0 eu.europa.ec.euidi/eu.europa.ec.assemblylogic.ui.MainActivity t570}} without a session Id
10-10 13:30:57.420  1902  4160 I InputMethodManagerService: IMMS.showSoftInput(), client = com.android.internal.inputmethod.IInputMethodClient$Stub$Proxy@a9957f7
10-10 13:30:57.420  1902  4160 I InputMethodManagerService: IMMS.showCurrentInputLocked(), flags = 0
10-10 13:30:57.420  1902  4160 D SmartPower: com.google.android.inputmethod.latin/10196(22721): show input method
10-10 13:30:57.420  1902  4160 I DefaultImeVisibilityApplier: IMMS.showCurrentInputLocked request ims to show inputMethod.
10-10 13:30:57.431  1902 23265 I InputMethodManagerService: IMMS.applyImeVisibility(), setVisible = true, mCurclient = ClientState{20d8c58 mUid=10390 mPid=4136 mSelfReportedDisplayId=0}
10-10 13:30:57.432  1902 23265 I WindowManager: WMS.showImePostLayout(), imeTarget = Window{e9144d3 u0 eu.europa.ec.euidi/eu.europa.ec.assemblylogic.ui.MainActivity}
10-10 13:30:57.434  1902 23265 D CoreBackPreview: Window{e9144d3 u0 eu.europa.ec.euidi/eu.europa.ec.assemblylogic.ui.MainActivity}: Setting back callback OnBackInvokedCallbackInfo{mCallback=android.window.IOnBackInvokedCallback$Stub$Proxy@5a3bd82, mPriority=0, mIsAnimationCallback=false}
10-10 13:30:57.440  2983  3075 D MiuiFreeformModeController: avoidForInsetsBottomChangedIfNeed oldMoveableBottom: 2270 newMoveableBounds: 2270
10-10 13:30:57.447  1902 23265 I WindowManager: Relayout Window{6a76de5 u0 InputMethod}: oldVis=8 newVis=0 focusMayChange = true requestedWidth = 1080 requestedHeight = 2306 outFrames = ClientWindowFrames{frame=[0,94][1080,2400] display=[0,94][1080,2400] parentFrame=[0,0][0,0]} outSurfaceControl = Surface(name=InputMethod#21263)/@0x5819dfc
10-10 13:30:57.454  2983  3075 D MiuiFreeformModeController: avoidForInsetsBottomChangedIfNeed oldMoveableBottom: 2270 newMoveableBounds: 2270
10-10 13:30:57.461  1902 22715 I InputMethodManagerService: IMMS.applyImeVisibility(), setVisible = true, mCurclient = ClientState{20d8c58 mUid=10390 mPid=4136 mSelfReportedDisplayId=0}
10-10 13:30:57.466  1902 22715 I WindowManager: WMS.showImePostLayout(), imeTarget = Window{e9144d3 u0 eu.europa.ec.euidi/eu.europa.ec.assemblylogic.ui.MainActivity}
10-10 13:30:57.466  1902  2775 W WindowManager: finishDrawingWindow: Window{6a76de5 u0 InputMethod} mDrawState=DRAW_PENDING
10-10 13:30:57.466  1902  2775 D WindowManager: wms.finishDrawingLocked: mDrawState=COMMIT_DRAW_PENDING Window{6a76de5 u0 InputMethod} in Surface(name=InputMethod#21263)/@0x7bd4eef
10-10 13:30:57.468  1902  1939 I ImeInsetsSourceProvider: ImeInsetsSourceProvider.scheduleShowImePostLayout() Run showImeRunner.
10-10 13:30:57.468  1902  1939 I ImeInsetsSourceProvider: ImeInsetsSourceProvider.scheduleShowImePostLayout() isReadyToShowIme.
10-10 13:30:57.470  1902 10935 I WindowManager: cancelAnimation removed leash : Surface(name=Surface(name=db27a2 NavigationBar0#82)/@0xc1acbf0 - animation-leash of insets_animation#21259)/@0x253857d
10-10 13:30:57.470  1902  1902 W FillRequestEventLogger: Shouldn't be logging AutofillFillRequestReported again for same event
10-10 13:30:57.470  1902  1902 W FillResponseEventLogger: Shouldn't be logging AutofillFillRequestReported again for same event
10-10 13:30:57.470  1902  1902 D AutofillSession: clearPendingIntentLocked
10-10 13:30:57.470  2983  3075 D MiuiFreeformModeController: avoidForInsetsBottomChangedIfNeed oldMoveableBottom: 2270 newMoveableBounds: 2270
10-10 13:30:57.470  2983  3075 D ImePositionProcessor: onImeVisibilityChanged     isShowing:  true
10-10 13:30:57.470  1902  1939 I WindowManager: input method visible height changed 701
10-10 13:30:57.471  1902  2338 I ITouchFeature: current device and process support version:2
10-10 13:30:57.471  1902  1939 W WindowManager: real show surface:Surface(name=InputMethod#21263)/@0x7bd4eef
10-10 13:30:57.472  2983  3075 D MiuiFreeformModeController: onImeVisibilityChanged imeVisible: true imeHeight: 701 adjustedForRotation:false
10-10 13:30:57.472  2983  3075 D MiuiFreeformModeAvoidAlgorithm: begin autoOrderingAvoidMiniTask
10-10 13:30:57.472  2983  3075 D MiuiFreeformModeAvoidAlgorithm: getCurrMiniPos: SameSideMiniPosList: []
10-10 13:30:57.472  2983  3075 D MiuiFreeformModeAvoidAlgorithm: getCurrMiniPos: SameSideMiniPosList: []
10-10 13:30:57.472  2983  3075 D MiuiFreeformModeAvoidAlgorithm: end autoOrderingAvoidMiniTask res:AvoidResult{distance=0, combination={}, activeTaskPos=Rect(0, 0 - 0, 0)}
10-10 13:30:57.494  2983  3075 D OneHandedController: stopOneHanded state is 0
10-10 13:30:57.810  1902 23257 D WindowManagerService: checkFlipFullScreenChange is same, nowIsFullScreen = false
10-10 13:30:57.814  1902 23257 W FillRequestEventLogger: Couldn't find packageName: com.google.android.inputmethod.latin
10-10 13:30:57.821  1902 23257 D AutofillSession: createPendingIntent for request 1192
10-10 13:30:57.821  1902 23257 D ContentCapturePerUserService: Notified activity assist data for activity: Token{fee9567 ActivityRecord{5d73081 u0 eu.europa.ec.euidi/eu.europa.ec.assemblylogic.ui.MainActivity t570}} without a session Id
10-10 13:30:57.827  1902 23257 I InputMethodManagerService: IMMS.showCurrentInputLocked(), flags = 1
10-10 13:30:57.827  1902 23257 D SmartPower: com.google.android.inputmethod.latin/10196(22721): show input method
10-10 13:30:57.827  1902 23257 I DefaultImeVisibilityApplier: IMMS.showCurrentInputLocked request ims to show inputMethod.
10-10 13:30:57.832  1902  3984 W PackageConfigPersister: App-specific configuration not found for packageName: eu.europa.ec.euidi and userId: 0
10-10 13:30:57.836  1556  1556 I wificond: station_bandwidth: 
10-10 13:30:57.839  1902  3984 I InputMethodManagerService: IMMS.showSoftInput(), client = com.android.internal.inputmethod.IInputMethodClient$Stub$Proxy@beba9ad
10-10 13:30:57.839  1902  3984 I InputMethodManagerService: IMMS.showCurrentInputLocked(), flags = 0
10-10 13:30:57.839  1902  3984 D SmartPower: com.google.android.inputmethod.latin/10196(22721): show input method
10-10 13:30:57.839  1902  3984 I DefaultImeVisibilityApplier: IMMS.showCurrentInputLocked request ims to show inputMethod.
10-10 13:30:57.842  1902 23257 D PerfShielderService: eu.europa.ec.euidi|eu.europa.ec.euidi/eu.europa.ec.assemblylogic.ui.MainActivity|157|119294806373187|87|5|3
10-10 13:30:57.843 22071 22103 W MiuiPerfServiceClient: interceptAndQueuing:4136|eu.europa.ec.euidi|157|87|119294806373187|Slow issue draw commands|3
10-10 13:30:57.861  1902  3984 I InputMethodManagerService: IMMS.applyImeVisibility(), setVisible = true, mCurclient = ClientState{20d8c58 mUid=10390 mPid=4136 mSelfReportedDisplayId=0}
10-10 13:30:57.861  1902  3984 I WindowManager: WMS.showImePostLayout(), imeTarget = Window{e9144d3 u0 eu.europa.ec.euidi/eu.europa.ec.assemblylogic.ui.MainActivity}
10-10 13:30:57.863  1902  1939 I ImeInsetsSourceProvider: ImeInsetsSourceProvider.scheduleShowImePostLayout() Run showImeRunner.
10-10 13:30:57.863  1902  1939 I ImeInsetsSourceProvider: ImeInsetsSourceProvider.scheduleShowImePostLayout() isReadyToShowIme.
10-10 13:30:57.865  1902 23257 I InputMethodManagerService: IMMS.applyImeVisibility(), setVisible = true, mCurclient = ClientState{20d8c58 mUid=10390 mPid=4136 mSelfReportedDisplayId=0}
10-10 13:30:57.865  1902 23257 I WindowManager: WMS.showImePostLayout(), imeTarget = Window{e9144d3 u0 eu.europa.ec.euidi/eu.europa.ec.assemblylogic.ui.MainActivity}
10-10 13:30:57.868  1902  1939 I ImeInsetsSourceProvider: ImeInsetsSourceProvider.scheduleShowImePostLayout() Run showImeRunner.
10-10 13:30:57.868  1902  1939 I ImeInsetsSourceProvider: ImeInsetsSourceProvider.scheduleShowImePostLayout() isReadyToShowIme.
10-10 13:30:57.873  2983  3075 D OneHandedController: stopOneHanded state is 0
10-10 13:30:57.873  2983  3075 D OneHandedController: stopOneHanded state is 0
10-10 13:30:57.905  1902  1902 W FillRequestEventLogger: Shouldn't be logging AutofillFillRequestReported again for same event
10-10 13:30:57.905  1902  1902 W FillResponseEventLogger: Shouldn't be logging AutofillFillRequestReported again for same event
10-10 13:30:57.905  1902  1902 D AutofillSession: clearPendingIntentLocked
10-10 13:30:57.907  1902  1947 D HeapUsage Monitor: HeapAllocSize : 93MB; monitorSize : 500MB
10-10 13:30:58.014  1902 10935 D WindowManagerService: checkFlipFullScreenChange is same, nowIsFullScreen = false
10-10 13:30:58.020  1902 10935 W FillRequestEventLogger: Couldn't find packageName: com.google.android.inputmethod.latin
10-10 13:30:58.030  1902 23257 D AutofillSession: createPendingIntent for request 1193
10-10 13:30:58.030  1902 23257 D ContentCapturePerUserService: Notified activity assist data for activity: Token{fee9567 ActivityRecord{5d73081 u0 eu.europa.ec.euidi/eu.europa.ec.assemblylogic.ui.MainActivity t570}} without a session Id
10-10 13:30:58.037  1902 23257 I InputMethodManagerService: IMMS.showCurrentInputLocked(), flags = 1
10-10 13:30:58.037  1902 23257 D SmartPower: com.google.android.inputmethod.latin/10196(22721): show input method
10-10 13:30:58.038  1902 23257 I DefaultImeVisibilityApplier: IMMS.showCurrentInputLocked request ims to show inputMethod.
10-10 13:30:58.041  1902  3984 W PackageConfigPersister: App-specific configuration not found for packageName: eu.europa.ec.euidi and userId: 0
10-10 13:30:58.054  1902  3984 I InputMethodManagerService: IMMS.showSoftInput(), client = com.android.internal.inputmethod.IInputMethodClient$Stub$Proxy@4e02ac7
10-10 13:30:58.054  1902  3984 I InputMethodManagerService: IMMS.showCurrentInputLocked(), flags = 0
10-10 13:30:58.055  1902  3984 D SmartPower: com.google.android.inputmethod.latin/10196(22721): show input method
10-10 13:30:58.055  1902  3984 I DefaultImeVisibilityApplier: IMMS.showCurrentInputLocked request ims to show inputMethod.
10-10 13:30:58.073  1902 10935 I InputMethodManagerService: IMMS.applyImeVisibility(), setVisible = true, mCurclient = ClientState{20d8c58 mUid=10390 mPid=4136 mSelfReportedDisplayId=0}
10-10 13:30:58.074  1902 10935 I WindowManager: WMS.showImePostLayout(), imeTarget = Window{e9144d3 u0 eu.europa.ec.euidi/eu.europa.ec.assemblylogic.ui.MainActivity}
10-10 13:30:58.076  1902  1939 I ImeInsetsSourceProvider: ImeInsetsSourceProvider.scheduleShowImePostLayout() Run showImeRunner.
10-10 13:30:58.076  1902  1939 I ImeInsetsSourceProvider: ImeInsetsSourceProvider.scheduleShowImePostLayout() isReadyToShowIme.
10-10 13:30:58.080  2983  3075 D OneHandedController: stopOneHanded state is 0
10-10 13:30:58.082  1902 22715 I InputMethodManagerService: IMMS.applyImeVisibility(), setVisible = true, mCurclient = ClientState{20d8c58 mUid=10390 mPid=4136 mSelfReportedDisplayId=0}
10-10 13:30:58.082  1902 22715 I WindowManager: WMS.showImePostLayout(), imeTarget = Window{e9144d3 u0 eu.europa.ec.euidi/eu.europa.ec.assemblylogic.ui.MainActivity}
10-10 13:30:58.085  1902  1939 I ImeInsetsSourceProvider: ImeInsetsSourceProvider.scheduleShowImePostLayout() Run showImeRunner.
10-10 13:30:58.085  1902  1939 I ImeInsetsSourceProvider: ImeInsetsSourceProvider.scheduleShowImePostLayout() isReadyToShowIme.
10-10 13:30:58.087  2983  3075 D OneHandedController: stopOneHanded state is 0
10-10 13:30:58.118  1902  1902 W FillRequestEventLogger: Shouldn't be logging AutofillFillRequestReported again for same event
10-10 13:30:58.118  1902  1902 W FillResponseEventLogger: Shouldn't be logging AutofillFillRequestReported again for same event
10-10 13:30:58.118  1902  1902 D AutofillSession: clearPendingIntentLocked
10-10 13:30:58.118  1902  2620 I SmartPower: com.google.android.videos/10312(31305): background->idle(3000ms) R(broadcast start Intent { act=android.intent.action.PACKAGE_RESTARTED dat=package: flg=0x10 (has extras) }) adj=905.
10-10 13:30:58.234  1902 22715 D WindowManagerService: checkFlipFullScreenChange is same, nowIsFullScreen = false
10-10 13:30:58.235  1902  2620 I SmartPower: com.android.chrome:privileged_process0/10190(30717): background->idle(3001ms) R(become background) adj=700.
10-10 13:30:58.235  1902  2620 I SmartPower: com.android.chrome/10190(29744): background->idle(3001ms) R(become background) adj=700.
10-10 13:30:58.238  1902 22715 W FillRequestEventLogger: Couldn't find packageName: com.google.android.inputmethod.latin
10-10 13:30:58.245  1902  2620 I SmartPower: com.google.android.adservices.api/10307(31554): background->idle(33355ms) R(adj below visible) adj=100.
10-10 13:30:58.245  1902 23257 D AutofillSession: createPendingIntent for request 1194
10-10 13:30:58.245  1902 23257 D ContentCapturePerUserService: Notified activity assist data for activity: Token{fee9567 ActivityRecord{5d73081 u0 eu.europa.ec.euidi/eu.europa.ec.assemblylogic.ui.MainActivity t570}} without a session Id
10-10 13:30:58.253  1902 23257 I InputMethodManagerService: IMMS.showCurrentInputLocked(), flags = 1
10-10 13:30:58.253  1902 23257 D SmartPower: com.google.android.inputmethod.latin/10196(22721): show input method
10-10 13:30:58.253  1902 23257 I DefaultImeVisibilityApplier: IMMS.showCurrentInputLocked request ims to show inputMethod.
10-10 13:30:58.257  1902  3984 W PackageConfigPersister: App-specific configuration not found for packageName: eu.europa.ec.euidi and userId: 0
10-10 13:30:58.268  1902 10935 I InputMethodManagerService: IMMS.showSoftInput(), client = com.android.internal.inputmethod.IInputMethodClient$Stub$Proxy@be5d9ea
10-10 13:30:58.268  1902 10935 I InputMethodManagerService: IMMS.showCurrentInputLocked(), flags = 0
10-10 13:30:58.268  1902 10935 D SmartPower: com.google.android.inputmethod.latin/10196(22721): show input method
10-10 13:30:58.269  1902 10935 I DefaultImeVisibilityApplier: IMMS.showCurrentInputLocked request ims to show inputMethod.
10-10 13:30:58.293  1902 23257 I InputMethodManagerService: IMMS.applyImeVisibility(), setVisible = true, mCurclient = ClientState{20d8c58 mUid=10390 mPid=4136 mSelfReportedDisplayId=0}
10-10 13:30:58.293  1902 23257 I WindowManager: WMS.showImePostLayout(), imeTarget = Window{e9144d3 u0 eu.europa.ec.euidi/eu.europa.ec.assemblylogic.ui.MainActivity}
10-10 13:30:58.295  1902  1939 I ImeInsetsSourceProvider: ImeInsetsSourceProvider.scheduleShowImePostLayout() Run showImeRunner.
10-10 13:30:58.295  1902  1939 I ImeInsetsSourceProvider: ImeInsetsSourceProvider.scheduleShowImePostLayout() isReadyToShowIme.
10-10 13:30:58.298  2983  3075 D OneHandedController: stopOneHanded state is 0
10-10 13:30:58.305  1902  3984 I InputMethodManagerService: IMMS.applyImeVisibility(), setVisible = true, mCurclient = ClientState{20d8c58 mUid=10390 mPid=4136 mSelfReportedDisplayId=0}
10-10 13:30:58.305  1902  3984 I WindowManager: WMS.showImePostLayout(), imeTarget = Window{e9144d3 u0 eu.europa.ec.euidi/eu.europa.ec.assemblylogic.ui.MainActivity}
10-10 13:30:58.306  2983  3075 D OneHandedController: stopOneHanded state is 0
10-10 13:30:58.306  1902  1939 I ImeInsetsSourceProvider: ImeInsetsSourceProvider.scheduleShowImePostLayout() Run showImeRunner.
10-10 13:30:58.306  1902  1939 I ImeInsetsSourceProvider: ImeInsetsSourceProvider.scheduleShowImePostLayout() isReadyToShowIme.
10-10 13:30:58.315  1902  2620 I SmartPower: com.android.chrome:sandboxed_process0:org.chromium.content.app.SandboxedProcessSerbackground->idle(33424ms) R(adj below visible) adj=700.
10-10 13:30:58.340  1902  1902 W FillRequestEventLogger: Shouldn't be logging AutofillFillRequestReported again for same event
10-10 13:30:58.340  1902  1902 W FillResponseEventLogger: Shouldn't be logging AutofillFillRequestReported again for same event
10-10 13:30:58.340  1902  1902 D AutofillSession: clearPendingIntentLocked
10-10 13:30:58.448  1902 10935 D WindowManagerService: checkFlipFullScreenChange is same, nowIsFullScreen = false
10-10 13:30:58.452  1902 10935 W FillRequestEventLogger: Couldn't find packageName: com.google.android.inputmethod.latin
10-10 13:30:58.459  1902 10935 D AutofillSession: createPendingIntent for request 1195
10-10 13:30:58.460  1902 10935 D ContentCapturePerUserService: Notified activity assist data for activity: Token{fee9567 ActivityRecord{5d73081 u0 eu.europa.ec.euidi/eu.europa.ec.assemblylogic.ui.MainActivity t570}} without a session Id
10-10 13:30:58.468  1902 23257 I InputMethodManagerService: IMMS.showCurrentInputLocked(), flags = 1
10-10 13:30:58.468  1902 23257 D SmartPower: com.google.android.inputmethod.latin/10196(22721): show input method
10-10 13:30:58.468  1902 23257 I DefaultImeVisibilityApplier: IMMS.showCurrentInputLocked request ims to show inputMethod.
10-10 13:30:58.471  1902 23257 W PackageConfigPersister: App-specific configuration not found for packageName: eu.europa.ec.euidi and userId: 0
10-10 13:30:58.478  1902 22715 I InputMethodManagerService: IMMS.showSoftInput(), client = com.android.internal.inputmethod.IInputMethodClient$Stub$Proxy@3255a8e
10-10 13:30:58.478  1902 22715 I InputMethodManagerService: IMMS.showCurrentInputLocked(), flags = 0
10-10 13:30:58.478  1902 22715 D SmartPower: com.google.android.inputmethod.latin/10196(22721): show input method
10-10 13:30:58.479  1902 22715 I DefaultImeVisibilityApplier: IMMS.showCurrentInputLocked request ims to show inputMethod.
10-10 13:30:58.494  1902  3984 I InputMethodManagerService: IMMS.applyImeVisibility(), setVisible = true, mCurclient = ClientState{20d8c58 mUid=10390 mPid=4136 mSelfReportedDisplayId=0}
10-10 13:30:58.494  1902  3984 I WindowManager: WMS.showImePostLayout(), imeTarget = Window{e9144d3 u0 eu.europa.ec.euidi/eu.europa.ec.assemblylogic.ui.MainActivity}
10-10 13:30:58.496  1902  1939 I ImeInsetsSourceProvider: ImeInsetsSourceProvider.scheduleShowImePostLayout() Run showImeRunner.
10-10 13:30:58.496  1902  1939 I ImeInsetsSourceProvider: ImeInsetsSourceProvider.scheduleShowImePostLayout() isReadyToShowIme.
10-10 13:30:58.502  1902 22715 I InputMethodManagerService: IMMS.applyImeVisibility(), setVisible = true, mCurclient = ClientState{20d8c58 mUid=10390 mPid=4136 mSelfReportedDisplayId=0}
10-10 13:30:58.502  1902 22715 I WindowManager: WMS.showImePostLayout(), imeTarget = Window{e9144d3 u0 eu.europa.ec.euidi/eu.europa.ec.assemblylogic.ui.MainActivity}
10-10 13:30:58.504  1902  1939 I ImeInsetsSourceProvider: ImeInsetsSourceProvider.scheduleShowImePostLayout() Run showImeRunner.
10-10 13:30:58.504  1902  1939 I ImeInsetsSourceProvider: ImeInsetsSourceProvider.scheduleShowImePostLayout() isReadyToShowIme.
10-10 13:30:58.508  2983  3075 D OneHandedController: stopOneHanded state is 0
10-10 13:30:58.512  2983  3075 D OneHandedController: stopOneHanded state is 0
10-10 13:30:58.534  1902  1902 W FillRequestEventLogger: Shouldn't be logging AutofillFillRequestReported again for same event
10-10 13:30:58.534  1902  1902 W FillResponseEventLogger: Shouldn't be logging AutofillFillRequestReported again for same event
10-10 13:30:58.534  1902  1902 D AutofillSession: clearPendingIntentLocked
10-10 13:30:58.595  1902 22715 D WindowManagerService: checkFlipFullScreenChange is same, nowIsFullScreen = false
10-10 13:30:58.599  1902 22715 W FillRequestEventLogger: Couldn't find packageName: com.google.android.inputmethod.latin
10-10 13:30:58.603  1902 10935 D AutofillSession: createPendingIntent for request 1196
10-10 13:30:58.603  1902 10935 D ContentCapturePerUserService: Notified activity assist data for activity: Token{fee9567 ActivityRecord{5d73081 u0 eu.europa.ec.euidi/eu.europa.ec.assemblylogic.ui.MainActivity t570}} without a session Id
10-10 13:30:58.609  1902 10935 I InputMethodManagerService: IMMS.showCurrentInputLocked(), flags = 1
10-10 13:30:58.610  1902 10935 D SmartPower: com.google.android.inputmethod.latin/10196(22721): show input method
10-10 13:30:58.610  1902 10935 I DefaultImeVisibilityApplier: IMMS.showCurrentInputLocked request ims to show inputMethod.
10-10 13:30:58.611  1902 22715 W PackageConfigPersister: App-specific configuration not found for packageName: eu.europa.ec.euidi and userId: 0
10-10 13:30:58.616  1902 22715 I InputMethodManagerService: IMMS.showSoftInput(), client = com.android.internal.inputmethod.IInputMethodClient$Stub$Proxy@a01154
10-10 13:30:58.616  1902 22715 I InputMethodManagerService: IMMS.showCurrentInputLocked(), flags = 0
10-10 13:30:58.616  1902 22715 D SmartPower: com.google.android.inputmethod.latin/10196(22721): show input method
10-10 13:30:58.617  1902 22715 I DefaultImeVisibilityApplier: IMMS.showCurrentInputLocked request ims to show inputMethod.
10-10 13:30:58.633  1902 22704 I InputMethodManagerService: IMMS.applyImeVisibility(), setVisible = true, mCurclient = ClientState{20d8c58 mUid=10390 mPid=4136 mSelfReportedDisplayId=0}
10-10 13:30:58.633  1902 22704 I WindowManager: WMS.showImePostLayout(), imeTarget = Window{e9144d3 u0 eu.europa.ec.euidi/eu.europa.ec.assemblylogic.ui.MainActivity}
10-10 13:30:58.634  1902  1939 I ImeInsetsSourceProvider: ImeInsetsSourceProvider.scheduleShowImePostLayout() Run showImeRunner.
10-10 13:30:58.634  1902  1939 I ImeInsetsSourceProvider: ImeInsetsSourceProvider.scheduleShowImePostLayout() isReadyToShowIme.
10-10 13:30:58.636  1902 22704 I InputMethodManagerService: IMMS.applyImeVisibility(), setVisible = true, mCurclient = ClientState{20d8c58 mUid=10390 mPid=4136 mSelfReportedDisplayId=0}
10-10 13:30:58.636  1902 22704 I WindowManager: WMS.showImePostLayout(), imeTarget = Window{e9144d3 u0 eu.europa.ec.euidi/eu.europa.ec.assemblylogic.ui.MainActivity}
10-10 13:30:58.637  1902  1939 I ImeInsetsSourceProvider: ImeInsetsSourceProvider.scheduleShowImePostLayout() Run showImeRunner.
10-10 13:30:58.637  1902  1939 I ImeInsetsSourceProvider: ImeInsetsSourceProvider.scheduleShowImePostLayout() isReadyToShowIme.
10-10 13:30:58.640  2983  3075 D OneHandedController: stopOneHanded state is 0
10-10 13:30:58.644  2983  3075 D OneHandedController: stopOneHanded state is 0
10-10 13:30:58.677  1902  1902 W FillRequestEventLogger: Shouldn't be logging AutofillFillRequestReported again for same event
10-10 13:30:58.677  1902  1902 W FillResponseEventLogger: Shouldn't be logging AutofillFillRequestReported again for same event
10-10 13:30:58.677  1902  1902 D AutofillSession: clearPendingIntentLocked
10-10 13:30:58.737  1902 23257 D WindowManagerService: checkFlipFullScreenChange is same, nowIsFullScreen = false
10-10 13:30:58.899  1902 10935 W MIUIInput: Input event injection from package: null action ACTION_DOWN
10-10 13:30:58.912  1902 10935 W MIUIInput: Input event injection from package: null action ACTION_UP
10-10 13:30:58.956  1902 10935 I InputMethodManagerService: IMMS.showCurrentInputLocked(), flags = 1
10-10 13:30:58.956  1902 10935 D SmartPower: com.google.android.inputmethod.latin/10196(22721): show input method
10-10 13:30:58.956  1902 10935 I DefaultImeVisibilityApplier: IMMS.showCurrentInputLocked request ims to show inputMethod.
10-10 13:30:58.963  1902 23257 I InputMethodManagerService: IMMS.showSoftInput(), client = com.android.internal.inputmethod.IInputMethodClient$Stub$Proxy@b4abc16
10-10 13:30:58.963  1902 23257 I InputMethodManagerService: IMMS.showCurrentInputLocked(), flags = 0
10-10 13:30:58.963  1902 23257 D SmartPower: com.google.android.inputmethod.latin/10196(22721): show input method
10-10 13:30:58.964  1902 23257 I DefaultImeVisibilityApplier: IMMS.showCurrentInputLocked request ims to show inputMethod.
10-10 13:30:58.966  1902 10935 W PackageConfigPersister: App-specific configuration not found for packageName: eu.europa.ec.euidi and userId: 0
10-10 13:30:58.987  1902 10935 I InputMethodManagerService: IMMS.applyImeVisibility(), setVisible = true, mCurclient = ClientState{20d8c58 mUid=10390 mPid=4136 mSelfReportedDisplayId=0}
10-10 13:30:58.987  1902 10935 I WindowManager: WMS.showImePostLayout(), imeTarget = Window{e9144d3 u0 eu.europa.ec.euidi/eu.europa.ec.assemblylogic.ui.MainActivity}
10-10 13:30:58.988  1902  1939 I ImeInsetsSourceProvider: ImeInsetsSourceProvider.scheduleShowImePostLayout() Run showImeRunner.
10-10 13:30:58.988  1902  1939 I ImeInsetsSourceProvider: ImeInsetsSourceProvider.scheduleShowImePostLayout() isReadyToShowIme.
10-10 13:30:58.991  1902 22704 I InputMethodManagerService: IMMS.applyImeVisibility(), setVisible = true, mCurclient = ClientState{20d8c58 mUid=10390 mPid=4136 mSelfReportedDisplayId=0}
10-10 13:30:58.992  1902 22704 I WindowManager: WMS.showImePostLayout(), imeTarget = Window{e9144d3 u0 eu.europa.ec.euidi/eu.europa.ec.assemblylogic.ui.MainActivity}
10-10 13:30:58.992  2983  3075 D OneHandedController: stopOneHanded state is 0
10-10 13:30:58.994  1902  1939 I ImeInsetsSourceProvider: ImeInsetsSourceProvider.scheduleShowImePostLayout() Run showImeRunner.
10-10 13:30:58.994  1902  1939 I ImeInsetsSourceProvider: ImeInsetsSourceProvider.scheduleShowImePostLayout() isReadyToShowIme.
10-10 13:30:58.995  2983  3075 D OneHandedController: stopOneHanded state is 0
10-10 13:30:59.082  1902  2620 I SmartPower: com.android.chrome:sandboxed_process0:org.chromium.content.app.SandboxedProcessSerbackground->idle(34305ms) R(adj below visible) adj=700.
10-10 13:30:59.118  1902 23257 D WindowManagerService: checkFlipFullScreenChange is same, nowIsFullScreen = false
10-10 13:30:59.130  1902 23257 I InputMethodManagerService: IMMS.showCurrentInputLocked(), flags = 1
10-10 13:30:59.130  1902 23257 D SmartPower: com.google.android.inputmethod.latin/10196(22721): show input method
10-10 13:30:59.130  1902 23257 I DefaultImeVisibilityApplier: IMMS.showCurrentInputLocked request ims to show inputMethod.
10-10 13:30:59.132  1902 22715 W PackageConfigPersister: App-specific configuration not found for packageName: eu.europa.ec.euidi and userId: 0
10-10 13:30:59.139  1902 22715 I InputMethodManagerService: IMMS.showSoftInput(), client = com.android.internal.inputmethod.IInputMethodClient$Stub$Proxy@f359833
10-10 13:30:59.139  1902 22715 I InputMethodManagerService: IMMS.showCurrentInputLocked(), flags = 0
10-10 13:30:59.140  1902 22715 D SmartPower: com.google.android.inputmethod.latin/10196(22721): show input method
10-10 13:30:59.140  1902 22715 I DefaultImeVisibilityApplier: IMMS.showCurrentInputLocked request ims to show inputMethod.
10-10 13:30:59.158  1902 23257 I InputMethodManagerService: IMMS.applyImeVisibility(), setVisible = true, mCurclient = ClientState{20d8c58 mUid=10390 mPid=4136 mSelfReportedDisplayId=0}
10-10 13:30:59.159  1902 23257 I WindowManager: WMS.showImePostLayout(), imeTarget = Window{e9144d3 u0 eu.europa.ec.euidi/eu.europa.ec.assemblylogic.ui.MainActivity}
10-10 13:30:59.160  1902  1939 I ImeInsetsSourceProvider: ImeInsetsSourceProvider.scheduleShowImePostLayout() Run showImeRunner.
10-10 13:30:59.160  1902  1939 I ImeInsetsSourceProvider: ImeInsetsSourceProvider.scheduleShowImePostLayout() isReadyToShowIme.
10-10 13:30:59.162  1902 23257 I InputMethodManagerService: IMMS.applyImeVisibility(), setVisible = true, mCurclient = ClientState{20d8c58 mUid=10390 mPid=4136 mSelfReportedDisplayId=0}
10-10 13:30:59.162  1902 23257 I WindowManager: WMS.showImePostLayout(), imeTarget = Window{e9144d3 u0 eu.europa.ec.euidi/eu.europa.ec.assemblylogic.ui.MainActivity}
10-10 13:30:59.163  2983  3075 D OneHandedController: stopOneHanded state is 0
10-10 13:30:59.163  2983  3075 D OneHandedController: stopOneHanded state is 0
10-10 13:30:59.164  1902  1939 I ImeInsetsSourceProvider: ImeInsetsSourceProvider.scheduleShowImePostLayout() Run showImeRunner.
10-10 13:30:59.164  1902  1939 I ImeInsetsSourceProvider: ImeInsetsSourceProvider.scheduleShowImePostLayout() isReadyToShowIme.
10-10 13:30:59.288  1902 23257 D WindowManagerService: checkFlipFullScreenChange is same, nowIsFullScreen = false
10-10 13:30:59.304  1902 23257 I InputMethodManagerService: IMMS.showCurrentInputLocked(), flags = 1
10-10 13:30:59.304  1902 23257 D SmartPower: com.google.android.inputmethod.latin/10196(22721): show input method
10-10 13:30:59.305  1902 23257 I DefaultImeVisibilityApplier: IMMS.showCurrentInputLocked request ims to show inputMethod.
10-10 13:30:59.307  1902 23257 W PackageConfigPersister: App-specific configuration not found for packageName: eu.europa.ec.euidi and userId: 0
10-10 13:30:59.317  1902 23257 I InputMethodManagerService: IMMS.showSoftInput(), client = com.android.internal.inputmethod.IInputMethodClient$Stub$Proxy@951331c
10-10 13:30:59.317  1902 23257 I InputMethodManagerService: IMMS.showCurrentInputLocked(), flags = 0
10-10 13:30:59.317  1902 23257 D SmartPower: com.google.android.inputmethod.latin/10196(22721): show input method
10-10 13:30:59.318  1902 23257 I DefaultImeVisibilityApplier: IMMS.showCurrentInputLocked request ims to show inputMethod.
10-10 13:30:59.340  1902 23265 I InputMethodManagerService: IMMS.applyImeVisibility(), setVisible = true, mCurclient = ClientState{20d8c58 mUid=10390 mPid=4136 mSelfReportedDisplayId=0}
10-10 13:30:59.340  1902 23265 I WindowManager: WMS.showImePostLayout(), imeTarget = Window{e9144d3 u0 eu.europa.ec.euidi/eu.europa.ec.assemblylogic.ui.MainActivity}
10-10 13:30:59.342  1902  1939 I ImeInsetsSourceProvider: ImeInsetsSourceProvider.scheduleShowImePostLayout() Run showImeRunner.
10-10 13:30:59.342  1902  1939 I ImeInsetsSourceProvider: ImeInsetsSourceProvider.scheduleShowImePostLayout() isReadyToShowIme.
10-10 13:30:59.350  1902  3984 I InputMethodManagerService: IMMS.applyImeVisibility(), setVisible = true, mCurclient = ClientState{20d8c58 mUid=10390 mPid=4136 mSelfReportedDisplayId=0}
10-10 13:30:59.350  1902  3984 I WindowManager: WMS.showImePostLayout(), imeTarget = Window{e9144d3 u0 eu.europa.ec.euidi/eu.europa.ec.assemblylogic.ui.MainActivity}
10-10 13:30:59.351  1902  1939 I ImeInsetsSourceProvider: ImeInsetsSourceProvider.scheduleShowImePostLayout() Run showImeRunner.
10-10 13:30:59.351  1902  1939 I ImeInsetsSourceProvider: ImeInsetsSourceProvider.scheduleShowImePostLayout() isReadyToShowIme.
10-10 13:30:59.355  2983  3075 D OneHandedController: stopOneHanded state is 0
10-10 13:30:59.356  2983  3075 D OneHandedController: stopOneHanded state is 0
10-10 13:30:59.453  1902  3984 D WindowManagerService: checkFlipFullScreenChange is same, nowIsFullScreen = false
10-10 13:30:59.471  1902  3984 I InputMethodManagerService: IMMS.showCurrentInputLocked(), flags = 1
10-10 13:30:59.471  1902  3984 D SmartPower: com.google.android.inputmethod.latin/10196(22721): show input method
10-10 13:30:59.471  1902  3984 I DefaultImeVisibilityApplier: IMMS.showCurrentInputLocked request ims to show inputMethod.
10-10 13:30:59.475  1902  4160 W PackageConfigPersister: App-specific configuration not found for packageName: eu.europa.ec.euidi and userId: 0
10-10 13:30:59.491  1902 22704 I InputMethodManagerService: IMMS.showSoftInput(), client = com.android.internal.inputmethod.IInputMethodClient$Stub$Proxy@4ffa4a1
10-10 13:30:59.491  1902 22704 I InputMethodManagerService: IMMS.showCurrentInputLocked(), flags = 0
10-10 13:30:59.491  1902 22704 D SmartPower: com.google.android.inputmethod.latin/10196(22721): show input method
10-10 13:30:59.491  1902 22704 I DefaultImeVisibilityApplier: IMMS.showCurrentInputLocked request ims to show inputMethod.
10-10 13:30:59.510  1902  2775 I InputMethodManagerService: IMMS.applyImeVisibility(), setVisible = true, mCurclient = ClientState{20d8c58 mUid=10390 mPid=4136 mSelfReportedDisplayId=0}
10-10 13:30:59.510  1902  2775 I WindowManager: WMS.showImePostLayout(), imeTarget = Window{e9144d3 u0 eu.europa.ec.euidi/eu.europa.ec.assemblylogic.ui.MainActivity}
10-10 13:30:59.511  2983  3075 D OneHandedController: stopOneHanded state is 0
10-10 13:30:59.520  1902 22704 I InputMethodManagerService: IMMS.applyImeVisibility(), setVisible = true, mCurclient = ClientState{20d8c58 mUid=10390 mPid=4136 mSelfReportedDisplayId=0}
10-10 13:30:59.520  1902 22704 I WindowManager: WMS.showImePostLayout(), imeTarget = Window{e9144d3 u0 eu.europa.ec.euidi/eu.europa.ec.assemblylogic.ui.MainActivity}
10-10 13:30:59.522  2983  3075 D OneHandedController: stopOneHanded state is 0
10-10 13:30:59.522  1902  1939 I ImeInsetsSourceProvider: ImeInsetsSourceProvider.scheduleShowImePostLayout() Run showImeRunner.
10-10 13:30:59.522  1902  1939 I ImeInsetsSourceProvider: ImeInsetsSourceProvider.scheduleShowImePostLayout() isReadyToShowIme.
10-10 13:30:59.593  1902 22704 D WindowManagerService: checkFlipFullScreenChange is same, nowIsFullScreen = false
10-10 13:30:59.602  1902 22704 I InputMethodManagerService: IMMS.showCurrentInputLocked(), flags = 1
10-10 13:30:59.602  1902 22704 D SmartPower: com.google.android.inputmethod.latin/10196(22721): show input method
10-10 13:30:59.602  1902 22704 I DefaultImeVisibilityApplier: IMMS.showCurrentInputLocked request ims to show inputMethod.
10-10 13:30:59.604  1902  2775 W PackageConfigPersister: App-specific configuration not found for packageName: eu.europa.ec.euidi and userId: 0
10-10 13:30:59.610  1902 22704 I InputMethodManagerService: IMMS.showSoftInput(), client = com.android.internal.inputmethod.IInputMethodClient$Stub$Proxy@9231952
10-10 13:30:59.610  1902 22704 I InputMethodManagerService: IMMS.showCurrentInputLocked(), flags = 0
10-10 13:30:59.610  1902 22704 D SmartPower: com.google.android.inputmethod.latin/10196(22721): show input method
10-10 13:30:59.610  1902 22704 I DefaultImeVisibilityApplier: IMMS.showCurrentInputLocked request ims to show inputMethod.
10-10 13:30:59.626  1902  2775 I InputMethodManagerService: IMMS.applyImeVisibility(), setVisible = true, mCurclient = ClientState{20d8c58 mUid=10390 mPid=4136 mSelfReportedDisplayId=0}
10-10 13:30:59.626  1902  2775 I WindowManager: WMS.showImePostLayout(), imeTarget = Window{e9144d3 u0 eu.europa.ec.euidi/eu.europa.ec.assemblylogic.ui.MainActivity}
10-10 13:30:59.627  1902  1939 I ImeInsetsSourceProvider: ImeInsetsSourceProvider.scheduleShowImePostLayout() Run showImeRunner.
10-10 13:30:59.627  1902  1939 I ImeInsetsSourceProvider: ImeInsetsSourceProvider.scheduleShowImePostLayout() isReadyToShowIme.
10-10 13:30:59.636  1902  2775 I InputMethodManagerService: IMMS.applyImeVisibility(), setVisible = true, mCurclient = ClientState{20d8c58 mUid=10390 mPid=4136 mSelfReportedDisplayId=0}
10-10 13:30:59.636  1902  2775 I WindowManager: WMS.showImePostLayout(), imeTarget = Window{e9144d3 u0 eu.europa.ec.euidi/eu.europa.ec.assemblylogic.ui.MainActivity}
10-10 13:30:59.637  2983  3075 D OneHandedController: stopOneHanded state is 0
10-10 13:30:59.638  1902  1939 I ImeInsetsSourceProvider: ImeInsetsSourceProvider.scheduleShowImePostLayout() Run showImeRunner.
10-10 13:30:59.638  1902  1939 I ImeInsetsSourceProvider: ImeInsetsSourceProvider.scheduleShowImePostLayout() isReadyToShowIme.
10-10 13:30:59.642  2983  3075 D OneHandedController: stopOneHanded state is 0
10-10 13:30:59.710  1902  2775 D WindowManagerService: checkFlipFullScreenChange is same, nowIsFullScreen = false
10-10 13:30:59.723  1902  2775 I InputMethodManagerService: IMMS.showCurrentInputLocked(), flags = 1
10-10 13:30:59.723  1902  2775 D SmartPower: com.google.android.inputmethod.latin/10196(22721): show input method
10-10 13:30:59.723  1902  2775 I DefaultImeVisibilityApplier: IMMS.showCurrentInputLocked request ims to show inputMethod.
10-10 13:30:59.724  1902  2775 W PackageConfigPersister: App-specific configuration not found for packageName: eu.europa.ec.euidi and userId: 0
10-10 13:30:59.731  1902  2775 I InputMethodManagerService: IMMS.showSoftInput(), client = com.android.internal.inputmethod.IInputMethodClient$Stub$Proxy@cb8af7f
10-10 13:30:59.731  1902  2775 I InputMethodManagerService: IMMS.showCurrentInputLocked(), flags = 0
10-10 13:30:59.731  1902  2775 D SmartPower: com.google.android.inputmethod.latin/10196(22721): show input method
10-10 13:30:59.732  1902  2775 I DefaultImeVisibilityApplier: IMMS.showCurrentInputLocked request ims to show inputMethod.
10-10 13:30:59.751  1902 22704 I InputMethodManagerService: IMMS.applyImeVisibility(), setVisible = true, mCurclient = ClientState{20d8c58 mUid=10390 mPid=4136 mSelfReportedDisplayId=0}
10-10 13:30:59.751  1902 22704 I WindowManager: WMS.showImePostLayout(), imeTarget = Window{e9144d3 u0 eu.europa.ec.euidi/eu.europa.ec.assemblylogic.ui.MainActivity}
10-10 13:30:59.752  2983  3075 D OneHandedController: stopOneHanded state is 0
10-10 13:30:59.752  1902  1939 I ImeInsetsSourceProvider: ImeInsetsSourceProvider.scheduleShowImePostLayout() Run showImeRunner.
10-10 13:30:59.752  1902  1939 I ImeInsetsSourceProvider: ImeInsetsSourceProvider.scheduleShowImePostLayout() isReadyToShowIme.
10-10 13:30:59.758  1902 22704 I InputMethodManagerService: IMMS.applyImeVisibility(), setVisible = true, mCurclient = ClientState{20d8c58 mUid=10390 mPid=4136 mSelfReportedDisplayId=0}
10-10 13:30:59.758  1902 22704 I WindowManager: WMS.showImePostLayout(), imeTarget = Window{e9144d3 u0 eu.europa.ec.euidi/eu.europa.ec.assemblylogic.ui.MainActivity}
10-10 13:30:59.763  1902  1939 I ImeInsetsSourceProvider: ImeInsetsSourceProvider.scheduleShowImePostLayout() Run showImeRunner.
10-10 13:30:59.763  1902  1939 I ImeInsetsSourceProvider: ImeInsetsSourceProvider.scheduleShowImePostLayout() isReadyToShowIme.
10-10 13:30:59.765  2983  3075 D OneHandedController: stopOneHanded state is 0
10-10 13:30:59.822  1902 22704 D WindowManagerService: checkFlipFullScreenChange is same, nowIsFullScreen = false
10-10 13:30:59.971  1902 22704 W MIUIInput: Input event injection from package: null action ACTION_DOWN
10-10 13:30:59.975  1902 22704 W MIUIInput: Input event injection from package: null action ACTION_UP
10-10 13:31:00.001  1902  2336 D AlarmManager: mBroadcastRefCount -> 1
10-10 13:31:00.006  1902  1902 D AlarmManager: mBroadcastRefCount -> 0
10-10 13:31:00.006  1902  1902 D AlarmManager: mPendingIntent -> null
10-10 13:31:00.136  1902  2775 I InputMethodManagerService: IMMS.applyImeVisibility(), setVisible = false, mCurclient = ClientState{20d8c58 mUid=10390 mPid=4136 mSelfReportedDisplayId=0}
10-10 13:31:00.140  2983  3075 D MiuiFreeformModeController: avoidForInsetsBottomChangedIfNeed oldMoveableBottom: 2270 newMoveableBounds: 2270
10-10 13:31:00.141  2983  3075 D ImePositionProcessor: onImeVisibilityChanged     isShowing:  false
10-10 13:31:00.141  2983  3075 D MiuiFreeformModeController: onImeVisibilityChanged imeVisible: false imeHeight: 0 adjustedForRotation:false
10-10 13:31:00.141  2983  3075 D MiuiFreeformModeAvoidAlgorithm: begin autoOrderingAvoidMiniTask
10-10 13:31:00.141  2983  3075 D MiuiFreeformModeAvoidAlgorithm: getCurrMiniPos: SameSideMiniPosList: []
10-10 13:31:00.141  2983  3075 D MiuiFreeformModeAvoidAlgorithm: getCurrMiniPos: SameSideMiniPosList: []
10-10 13:31:00.141  2983  3075 D MiuiFreeformModeAvoidAlgorithm: end autoOrderingAvoidMiniTask res:AvoidResult{distance=0, combination={}, activeTaskPos=Rect(0, 0 - 0, 0)}
10-10 13:31:00.141  1902  1939 I WindowManager: input method visible height changed 0
10-10 13:31:00.142  1902  2338 I ITouchFeature: current device and process support version:2
10-10 13:31:00.149  1902  4160 W PackageConfigPersister: App-specific configuration not found for packageName: eu.europa.ec.euidi and userId: 0
10-10 13:31:00.154  1902  4160 D CoreBackPreview: Window{e9144d3 u0 eu.europa.ec.euidi/eu.europa.ec.assemblylogic.ui.MainActivity}: Setting back callback OnBackInvokedCallbackInfo{mCallback=android.window.IOnBackInvokedCallback$Stub$Proxy@389f811, mPriority=0, mIsAnimationCallback=false}
10-10 13:31:00.458  2983  2983 I MiuiChargeManager: notifyBatteryStatusChanged:  status: 2 isPlugged: 2 level: 100 wireState: 11 chargeSpeed: 0 mChargeType: 0 chargeDeviceType: 0 maxChargingWattage: -1 isCarCharge: 0 SUPPORT_BROADCAST_QUICK_CHARGE: true
10-10 13:31:00.461  1902  1902 D MBrainLocalService: isVendorFreezeConditionPass is false
10-10 13:31:00.461  1902  1902 E ChargeIntentReceiver: notifyChange failed
10-10 13:31:00.461  1902  1902 D UiModeManager: updateConfigurationLocked: mDockState=0; mCarMode=false; mCar=false; mPowerSave=false; mOverrideNightModeOn=false; mOverrideNightModeOff=false; mComputedNightMode=false; mNightMode=1; uiMode=17
10-10 13:31:00.665  1902 22704 I SmartPower: com.google.android.inputmethod.latin/10196(22721): visible->invisible(3292ms) R(become invisible) adj=100.
10-10 13:31:00.666  1902 22704 I SmartPower: com.google.android.inputmethod.latin/10196(22721): invisible->background(0ms) R(become background) adj=100.
10-10 13:31:00.676  2983  3075 D MiuiFreeformModeController: avoidForInsetsBottomChangedIfNeed oldMoveableBottom: 2270 newMoveableBounds: 2270
