10-10 13:30:52.696  1902  2772 I AppsFilter: interaction: PackageSetting{4e66de7 io.appium.uiautomator2.server/10378} -> PackageSetting{b95f47d com.google.android.apps.turbo/10180} BLOCKED
10-10 13:30:52.696  1902  2772 I AppsFilter: interaction: PackageSetting{4e66de7 io.appium.uiautomator2.server/10378} -> PackageSetting{5055f72 com.google.android.safetycore/10045} BLOCKED
10-10 13:30:52.696  1902  2772 I AppsFilter: interaction: PackageSetting{4e66de7 io.appium.uiautomator2.server/10378} -> PackageSetting{a8a8fc3 com.google.android.apps.chromecast.app/10260} BLOCKED
10-10 13:30:52.696  1902  2772 I AppsFilter: interaction: PackageSetting{4e66de7 io.appium.uiautomator2.server/10378} -> PackageSetting{3212c93 com.android.cts.ctsshim/10310} BLOCKED
10-10 13:30:52.697  1902  2772 I AppsFilter: interaction: PackageSetting{4e66de7 io.appium.uiautomator2.server/10378} -> PackageSetting{89ed040 com.miui.mediaeditor/10235} BLOCKED
10-10 13:30:52.697  1902  2772 I AppsFilter: interaction: PackageSetting{4e66de7 io.appium.uiautomator2.server/10378} -> PackageSetting{925b79 com.android.mdl.appreader/10274} BLOCKED
10-10 13:30:52.697  1902  2772 I AppsFilter: interaction: PackageSetting{4e66de7 io.appium.uiautomator2.server/10378} -> PackageSetting{ec600be com.miui.yellowpage/10077} BLOCKED
10-10 13:30:52.697  1902  2772 I AppsFilter: interaction: PackageSetting{4e66de7 io.appium.uiautomator2.server/10378} -> PackageSetting{f7c651f com.miui.accessibility/10122} BLOCKED
10-10 13:30:52.697  1902  2772 I AppsFilter: interaction: PackageSetting{4e66de7 io.appium.uiautomator2.server/10378} -> PackageSetting{1141c0b com.android.microdroid.empty_payload/10336} BLOCKED
10-10 13:30:52.697  1902  2772 I AppsFilter: interaction: PackageSetting{4e66de7 io.appium.uiautomator2.server/10378} -> PackageSetting{3c0b06c com.mi.global.shop/10232} BLOCKED
10-10 13:30:52.697  1902  2772 I AppsFilter: interaction: PackageSetting{4e66de7 io.appium.uiautomator2.server/10378} -> PackageSetting{e543635 com.google.android.apps.setupwizard.searchselector/10178} BLOCKED
10-10 13:30:52.697  1902  2772 I AppsFilter: interaction: PackageSetting{4e66de7 io.appium.uiautomator2.server/10378} -> PackageSetting{45d6aca com.android.hotspot2.osulogin/10223} BLOCKED
10-10 13:30:52.697  1902  2772 I AppsFilter: interaction: PackageSetting{4e66de7 io.appium.uiautomator2.server/10378} -> PackageSetting{48c343b com.google.android.gms.location.history/10191} BLOCKED
10-10 13:30:52.697  1902  2772 I AppsFilter: interaction: PackageSetting{4e66de7 io.appium.uiautomator2.server/10378} -> PackageSetting{bf5f59a com.android.internal.systemui.navbar.gestural/10041} BLOCKED
10-10 13:30:52.697  1902  2772 I AppsFilter: interaction: PackageSetting{4e66de7 io.appium.uiautomator2.server/10378} -> PackageSetting{7aaaecb com.google.android.overlay.gmsconfig.personalsafety/10269} BLOCKED
10-10 13:30:52.697  1902  2772 I AppsFilter: interaction: PackageSetting{4e66de7 io.appium.uiautomator2.server/10378} -> PackageSetting{83e6758 com.dti.bouyguestelecom/10183} BLOCKED
10-10 13:30:52.697  1902  2772 I AppsFilter: interaction: PackageSetting{4e66de7 io.appium.uiautomator2.server/10378} -> PackageSetting{c1f00b1 com.android.bluetoothmidiservice/10099} BLOCKED
10-10 13:30:52.697  1902  2772 I AppsFilter: interaction: PackageSetting{4e66de7 io.appium.uiautomator2.server/10378} -> PackageSetting{54f6996 com.facebook.appmanager/10150} BLOCKED
10-10 13:30:52.697  1902  2772 I AppsFilter: interaction: PackageSetting{4e66de7 io.appium.uiautomator2.server/10378} -> PackageSetting{4ffd917 com.google.android.cellbroadcastreceiver/10215} BLOCKED
10-10 13:30:52.697  1902  2772 I AppsFilter: interaction: PackageSetting{4e66de7 io.appium.uiautomator2.server/10378} -> PackageSetting{3dea104 com.orange.aura.oobe/10176} BLOCKED
10-10 13:30:52.697  1902  2772 I AppsFilter: interaction: PackageSetting{4e66de7 io.appium.uiautomator2.server/10378} -> PackageSetting{7f1f6ed com.xiaomi.smarthome/10342} BLOCKED
10-10 13:30:52.697  1902  2772 I AppsFilter: interaction: PackageSetting{4e66de7 io.appium.uiautomator2.server/10378} -> PackageSetting{3908922 com.google.android.apps.magazines/10240} BLOCKED
10-10 13:30:52.697  1902  2772 I AppsFilter: interaction: PackageSetting{4e66de7 io.appium.uiautomator2.server/10378} -> PackageSetting{9eefb3 com.google.android.apps.adm/10262} BLOCKED
10-10 13:30:52.697  1902  2772 I AppsFilter: interaction: PackageSetting{4e66de7 io.appium.uiautomator2.server/10378} -> PackageSetting{826c970 com.android.wallpaperpicker/10200} BLOCKED
10-10 13:30:52.697  1902  2772 I AppsFilter: interaction: PackageSetting{4e66de7 io.appium.uiautomator2.server/10378} -> PackageSetting{a948bf9 com.android.internal.systemui.navbar.gestural_narrow_back/10043} BLOCKED
10-10 13:30:52.697  1902  2772 I AppsFilter: interaction: PackageSetting{4e66de7 io.appium.uiautomator2.server/10378} -> PackageSetting{68414e9 com.google.android.photopicker/10011} BLOCKED
10-10 13:30:52.697  1902  2772 I AppsFilter: interaction: PackageSetting{4e66de7 io.appium.uiautomator2.server/10378} -> PackageSetting{9d2156e com.microsoft.teams/10321} BLOCKED
10-10 13:30:52.697  1902  2772 I AppsFilter: interaction: PackageSetting{4e66de7 io.appium.uiautomator2.server/10378} -> PackageSetting{20ed40f com.miui.core/10152} BLOCKED
10-10 13:30:52.697  1902  2772 I AppsFilter: interaction: PackageSetting{4e66de7 io.appium.uiautomator2.server/10378} -> PackageSetting{7870c9c com.google.android.inputmethod.latin/10196} BLOCKED
10-10 13:30:52.697  1902  2772 I AppsFilter: interaction: PackageSetting{4e66de7 io.appium.uiautomator2.server/10378} -> PackageSetting{70016a5 com.google.android.apps.restore/10174} BLOCKED
10-10 13:30:52.700  1902  2772 I AppsFilter: interaction: PackageSetting{4e66de7 io.appium.uiautomator2.server/10378} -> PackageSetting{582c9b com.google.android.apps.subscriptions.red/10194} BLOCKED
10-10 13:30:52.700  1902  2772 I AppsFilter: interaction: PackageSetting{4e66de7 io.appium.uiautomator2.server/10378} -> PackageSetting{e046838 com.android.cts.priv.ctsshim/10218} BLOCKED
10-10 13:30:52.700  1902  2772 I AppsFilter: interaction: PackageSetting{4e66de7 io.appium.uiautomator2.server/10378} -> PackageSetting{2f1a011 com.google.android.youtube/10206} BLOCKED
10-10 13:30:52.700  1902  2772 I AppsFilter: interaction: PackageSetting{4e66de7 io.appium.uiautomator2.server/10378} -> PackageSetting{dcc8576 com.android.uwb.resources/10311} BLOCKED
10-10 13:30:52.700  1902  2772 I AppsFilter: interaction: PackageSetting{4e66de7 io.appium.uiautomator2.server/10378} -> PackageSetting{ebe496c com.android.internal.display.cutout.emulation.corner/10003} BLOCKED
10-10 13:30:52.700  1902  2772 I AppsFilter: interaction: PackageSetting{4e66de7 io.appium.uiautomator2.server/10378} -> PackageSetting{6ec5b35 com.android.internal.display.cutout.emulation.double/10007} BLOCKED
10-10 13:30:52.701  1902  2772 I AppsFilter: interaction: PackageSetting{4e66de7 io.appium.uiautomator2.server/10378} -> PackageSetting{3435d94 io.appium.settings/10326} BLOCKED
10-10 13:30:52.701  1902  2772 I AppsFilter: interaction: PackageSetting{4e66de7 io.appium.uiautomator2.server/10378} -> PackageSetting{2f777 com.google.android.googlequicksearchbox/10188} BLOCKED
10-10 13:30:52.701  1902  2772 I AppsFilter: interaction: PackageSetting{4e66de7 io.appium.uiautomator2.server/10378} -> PackageSetting{5b3cfe4 cn.wps.xiaomi.abroad.lite/10233} BLOCKED
10-10 13:30:52.701  1902  2772 I AppsFilter: interaction: PackageSetting{4e66de7 io.appium.uiautomator2.server/10378} -> PackageSetting{53f2c4d com.google.android.apps.googleassistant/10169} BLOCKED
10-10 13:30:52.701  1902  2772 I AppsFilter: interaction: PackageSetting{4e66de7 io.appium.uiautomator2.server/10378} -> PackageSetting{bf38302 com.google.android.onetimeinitializer/10170} BLOCKED
10-10 13:30:52.701  1902  2772 I AppsFilter: interaction: PackageSetting{4e66de7 io.appium.uiautomator2.server/10378} -> PackageSetting{e259413 com.google.android.ext.shared/10109} BLOCKED
10-10 13:30:52.701  1902  2772 I AppsFilter: interaction: PackageSetting{4e66de7 io.appium.uiautomator2.server/10378} -> PackageSetting{18ed617 com.android.internal.systemui.navbar.gestural_wide_back/10044} BLOCKED
10-10 13:30:52.701  1902  2772 I AppsFilter: interaction: PackageSetting{4e66de7 io.appium.uiautomator2.server/10378} -> PackageSetting{2d00650 com.android.virtualmachine.res/10335} BLOCKED
10-10 13:30:52.701  1902  2772 I AppsFilter: interaction: PackageSetting{4e66de7 io.appium.uiautomator2.server/10378} -> PackageSetting{65f4049 com.google.android.server.deviceconfig.resources/10026} BLOCKED
10-10 13:30:52.701  1902  2772 I AppsFilter: interaction: PackageSetting{4e66de7 io.appium.uiautomator2.server/10378} -> PackageSetting{d9acd4e com.google.android.apps.podcasts/10226} BLOCKED
10-10 13:30:52.701  1902  2772 I AppsFilter: interaction: PackageSetting{4e66de7 io.appium.uiautomator2.server/10378} -> PackageSetting{dcb5e6f com.android.htmlviewer/10113} BLOCKED
10-10 13:30:52.701  1902  2772 I AppsFilter: interaction: PackageSetting{4e66de7 io.appium.uiautomator2.server/10378} -> PackageSetting{f37377c com.google.android.health.connect.backuprestore/10339} BLOCKED
10-10 13:30:52.701  1902  2772 I AppsFilter: interaction: PackageSetting{4e66de7 io.appium.uiautomator2.server/10378} -> PackageSetting{3529805 com.google.android.apps.messaging/10181} BLOCKED
10-10 13:30:52.701  1902  2772 I AppsFilter: interaction: PackageSetting{4e66de7 io.appium.uiautomator2.server/10378} -> PackageSetting{d5a705a com.sfr.android.sfrjeux/10187} BLOCKED
10-10 13:30:52.701  1902  2772 I AppsFilter: interaction: PackageSetting{4e66de7 io.appium.uiautomator2.server/10378} -> PackageSetting{d59728b com.ironsource.appcloud.oobe.hutchison/10166} BLOCKED
10-10 13:30:52.701  1902  2772 I AppsFilter: interaction: PackageSetting{4e66de7 io.appium.uiautomator2.server/10378} -> PackageSetting{27e4f68 com.google.android.configupdater/10167} BLOCKED
10-10 13:30:52.701  1902  2772 I AppsFilter: interaction: PackageSetting{4e66de7 io.appium.uiautomator2.server/10378} -> PackageSetting{e1b7a com.google.android.overlay.modules.permissioncontroller/10020} BLOCKED
10-10 13:30:52.701  1902  2772 I AppsFilter: interaction: PackageSetting{4e66de7 io.appium.uiautomator2.server/10378} -> PackageSetting{e69af81 com.android.soundrecorder/10243} BLOCKED
10-10 13:30:52.701  1902  2772 I AppsFilter: interaction: PackageSetting{4e66de7 io.appium.uiautomator2.server/10378} -> PackageSetting{53f3826 com.altice.android.myapps/10185} BLOCKED
10-10 13:30:52.701  1902  2772 I AppsFilter: interaction: PackageSetting{4e66de7 io.appium.uiautomator2.server/10378} -> PackageSetting{26aac67 com.google.android.apps.safetyhub/10303} BLOCKED
10-10 13:30:52.701  1902  2772 I AppsFilter: interaction: PackageSetting{4e66de7 io.appium.uiautomator2.server/10378} -> PackageSetting{69cfa14 eu.europa.publications.quickborder/10370} BLOCKED
10-10 13:30:52.701  1902  2772 I AppsFilter: interaction: PackageSetting{4e66de7 io.appium.uiautomator2.server/10378} -> PackageSetting{ecb1d12 com.google.ar.core/10265} BLOCKED
10-10 13:30:52.701  1902  2772 I AppsFilter: interaction: PackageSetting{4e66de7 io.appium.uiautomator2.server/10378} -> PackageSetting{480c2bd com.android.simappdialog/10144} BLOCKED
10-10 13:30:52.701  1902  2772 I AppsFilter: interaction: PackageSetting{4e66de7 io.appium.uiautomator2.server/10378} -> PackageSetting{156b0b2 com.aura.oobe.vodafone/10165} BLOCKED
10-10 13:30:52.701  1902  2772 I AppsFilter: interaction: PackageSetting{4e66de7 io.appium.uiautomator2.server/10378} -> PackageSetting{1e7a5d com.android.internal.display.cutout.emulation.hole/10005} BLOCKED
10-10 13:30:52.701  1902  2772 I AppsFilter: interaction: PackageSetting{4e66de7 io.appium.uiautomator2.server/10378} -> PackageSetting{7309fd2 com.android.internal.display.cutout.emulation.tall/10010} BLOCKED
10-10 13:30:52.701  1902  2772 I AppsFilter: interaction: PackageSetting{4e66de7 io.appium.uiautomator2.server/10378} -> PackageSetting{ed238a3 com.google.android.overlay.healthconnect/10268} BLOCKED
10-10 13:30:52.701  1902  2772 I AppsFilter: interaction: PackageSetting{4e66de7 io.appium.uiautomator2.server/10378} -> PackageSetting{dd5f7a0 com.android.internal.systemui.navbar.threebutton/10040} BLOCKED
10-10 13:30:52.701  1902  2772 I AppsFilter: interaction: PackageSetting{4e66de7 io.appium.uiautomator2.server/10378} -> PackageSetting{76ba803 com.android.wifi.dialog/10290} BLOCKED
10-10 13:30:52.701  1902  2772 I AppsFilter: interaction: PackageSetting{4e66de7 io.appium.uiautomator2.server/10378} -> PackageSetting{b59a380 com.android.hotwordenrollment.xgoogle/10173} BLOCKED
10-10 13:30:52.701  1902  2772 I AppsFilter: interaction: PackageSetting{4e66de7 io.appium.uiautomator2.server/10378} -> PackageSetting{9fbcdb9 com.android.mms/10301} BLOCKED
10-10 13:30:52.701  1902  2772 I AppsFilter: interaction: PackageSetting{4e66de7 io.appium.uiautomator2.server/10378} -> PackageSetting{efb25fe com.google.android.as/10296} BLOCKED
10-10 13:30:52.701  1902  2772 I AppsFilter: interaction: PackageSetting{4e66de7 io.appium.uiautomator2.server/10378} -> PackageSetting{6f6c15f com.google.android.gm/10197} BLOCKED
10-10 13:30:52.701  1902  2772 I AppsFilter: interaction: PackageSetting{4e66de7 io.appium.uiautomator2.server/10378} -> PackageSetting{47577ac com.android.compos.payload/10341} BLOCKED
10-10 13:30:52.701  1902  2772 I AppsFilter: interaction: PackageSetting{4e66de7 io.appium.uiautomator2.server/10378} -> PackageSetting{b828c75 com.google.android.apps.tachyon/10234} BLOCKED
10-10 13:30:52.701  1902  2772 I AppsFilter: interaction: PackageSetting{4e66de7 io.appium.uiautomator2.server/10378} -> PackageSetting{d871ab8 com.google.android.overlay.gmsconfig.common/10012} BLOCKED
10-10 13:30:52.701  1902  2772 I AppsFilter: interaction: PackageSetting{4e66de7 io.appium.uiautomator2.server/10378} -> PackageSetting{4dfa40a com.android.settings.intelligence/10179} BLOCKED
10-10 13:30:52.702  1902  2772 I AppsFilter: interaction: PackageSetting{4e66de7 io.appium.uiautomator2.server/10378} -> PackageSetting{ec8bbf6 com.android.internal.systemui.navbar.gestural_extra_wide_back/10042} BLOCKED
10-10 13:30:52.702  1902  2772 I AppsFilter: interaction: PackageSetting{4e66de7 io.appium.uiautomator2.server/10378} -> PackageSetting{f0147b com.miui.compass/10237} BLOCKED
10-10 13:30:52.702  1902  2772 I AppsFilter: interaction: PackageSetting{4e66de7 io.appium.uiautomator2.server/10378} -> PackageSetting{e986298 com.google.android.setupwizard/10211} BLOCKED
10-10 13:30:52.702  1902  2772 I AppsFilter: interaction: PackageSetting{4e66de7 io.appium.uiautomator2.server/10378} -> PackageSetting{e7c7af1 com.miui.android.fashiongallery/10231} BLOCKED
10-10 13:30:52.702  1902  2772 I AppsFilter: interaction: PackageSetting{4e66de7 io.appium.uiautomator2.server/10378} -> PackageSetting{fdbf6d6 com.facebook.services/10097} BLOCKED
10-10 13:30:52.702  1902  2772 I AppsFilter: interaction: PackageSetting{4e66de7 io.appium.uiautomator2.server/10378} -> PackageSetting{5617d57 com.android.printspooler/10135} BLOCKED
10-10 13:30:52.702  1902  2772 I AppsFilter: interaction: PackageSetting{4e66de7 io.appium.uiautomator2.server/10378} -> PackageSetting{6fd1044 com.android.hotwordenrollment.okgoogle/10172} BLOCKED
10-10 13:30:52.702  1902  2772 I AppsFilter: interaction: PackageSetting{4e66de7 io.appium.uiautomator2.server/10378} -> PackageSetting{d4cd52d com.google.android.apps.accessibility.auditor/10031} BLOCKED
10-10 13:30:52.702  1902  2772 I AppsFilter: interaction: PackageSetting{4e66de7 io.appium.uiautomator2.server/10378} -> PackageSetting{78aa62 org.ifaa.aidl.manager/10155} BLOCKED
10-10 13:30:52.702  1902  2772 I AppsFilter: interaction: PackageSetting{4e66de7 io.appium.uiautomator2.server/10378} -> PackageSetting{11697f3 com.android.dreams.basic/10098} BLOCKED
10-10 13:30:52.702  1902  2772 I AppsFilter: interaction: PackageSetting{4e66de7 io.appium.uiautomator2.server/10378} -> PackageSetting{1dcecb0 com.google.android.as.oss/10302} BLOCKED
10-10 13:30:52.702  1902  2772 I AppsFilter: interaction: PackageSetting{4e66de7 io.appium.uiautomator2.server/10378} -> PackageSetting{b4e9729 com.duokan.phone.remotecontroller/10241} BLOCKED
10-10 13:30:52.702  1902  2772 I AppsFilter: interaction: PackageSetting{4e66de7 io.appium.uiautomator2.server/10378} -> PackageSetting{53b0aae de.telekom.tsc/10094} BLOCKED
10-10 13:30:52.702  1902  2772 I AppsFilter: interaction: PackageSetting{4e66de7 io.appium.uiautomator2.server/10378} -> PackageSetting{7f8c04f com.android.rkpdapp/10337} BLOCKED
10-10 13:30:52.702  1902  2772 I AppsFilter: interaction: PackageSetting{4e66de7 io.appium.uiautomator2.server/10378} -> PackageSetting{b9c23dc com.google.android.devicelockcontroller/10141} BLOCKED
10-10 13:30:52.702  1902  2772 I AppsFilter: interaction: PackageSetting{4e66de7 io.appium.uiautomator2.server/10378} -> PackageSetting{c907ce5 com.google.android.dialer/10177} BLOCKED
10-10 13:30:52.702  1902  2772 I AppsFilter: interaction: PackageSetting{4e66de7 io.appium.uiautomator2.server/10378} -> PackageSetting{db123ba com.google.android.apps.nbu.files/10259} BLOCKED
10-10 13:30:52.704  1902  2772 I AppsFilter: interaction: PackageSetting{4e66de7 io.appium.uiautomator2.server/10378} -> PackageSetting{5055f72 com.google.android.safetycore/10045} BLOCKED
10-10 13:30:52.704  1902  2772 I AppsFilter: interaction: PackageSetting{4e66de7 io.appium.uiautomator2.server/10378} -> PackageSetting{a8a8fc3 com.google.android.apps.chromecast.app/10260} BLOCKED
10-10 13:30:52.704  1902  2772 I AppsFilter: interaction: PackageSetting{4e66de7 io.appium.uiautomator2.server/10378} -> PackageSetting{3212c93 com.android.cts.ctsshim/10310} BLOCKED
10-10 13:30:52.704  1902  2772 I AppsFilter: interaction: PackageSetting{4e66de7 io.appium.uiautomator2.server/10378} -> PackageSetting{89ed040 com.miui.mediaeditor/10235} BLOCKED
10-10 13:30:52.704  1902  2772 I AppsFilter: interaction: PackageSetting{4e66de7 io.appium.uiautomator2.server/10378} -> PackageSetting{925b79 com.android.mdl.appreader/10274} BLOCKED
10-10 13:30:52.704  1902  2772 I AppsFilter: interaction: PackageSetting{4e66de7 io.appium.uiautomator2.server/10378} -> PackageSetting{ec600be com.miui.yellowpage/10077} BLOCKED
10-10 13:30:52.704  1902  2772 I AppsFilter: interaction: PackageSetting{4e66de7 io.appium.uiautomator2.server/10378} -> PackageSetting{f7c651f com.miui.accessibility/10122} BLOCKED
10-10 13:30:52.704  1902  2772 I AppsFilter: interaction: PackageSetting{4e66de7 io.appium.uiautomator2.server/10378} -> PackageSetting{1141c0b com.android.microdroid.empty_payload/10336} BLOCKED
10-10 13:30:52.704  1902  2772 I AppsFilter: interaction: PackageSetting{4e66de7 io.appium.uiautomator2.server/10378} -> PackageSetting{3c0b06c com.mi.global.shop/10232} BLOCKED
10-10 13:30:52.704  1902  2772 I AppsFilter: interaction: PackageSetting{4e66de7 io.appium.uiautomator2.server/10378} -> PackageSetting{e543635 com.google.android.apps.setupwizard.searchselector/10178} BLOCKED
10-10 13:30:52.704  1902  2772 I AppsFilter: interaction: PackageSetting{4e66de7 io.appium.uiautomator2.server/10378} -> PackageSetting{45d6aca com.android.hotspot2.osulogin/10223} BLOCKED
10-10 13:30:52.704  1902  2772 I AppsFilter: interaction: PackageSetting{4e66de7 io.appium.uiautomator2.server/10378} -> PackageSetting{48c343b com.google.android.gms.location.history/10191} BLOCKED
10-10 13:30:52.704  1902  2772 I AppsFilter: interaction: PackageSetting{4e66de7 io.appium.uiautomator2.server/10378} -> PackageSetting{bf5f59a com.android.internal.systemui.navbar.gestural/10041} BLOCKED
10-10 13:30:52.704  1902  2772 I AppsFilter: interaction: PackageSetting{4e66de7 io.appium.uiautomator2.server/10378} -> PackageSetting{7aaaecb com.google.android.overlay.gmsconfig.personalsafety/10269} BLOCKED
10-10 13:30:52.704  1902  2772 I AppsFilter: interaction: PackageSetting{4e66de7 io.appium.uiautomator2.server/10378} -> PackageSetting{83e6758 com.dti.bouyguestelecom/10183} BLOCKED
10-10 13:30:52.704  1902  2772 I AppsFilter: interaction: PackageSetting{4e66de7 io.appium.uiautomator2.server/10378} -> PackageSetting{c1f00b1 com.android.bluetoothmidiservice/10099} BLOCKED
10-10 13:30:52.704  1902  2772 I AppsFilter: interaction: PackageSetting{4e66de7 io.appium.uiautomator2.server/10378} -> PackageSetting{54f6996 com.facebook.appmanager/10150} BLOCKED
10-10 13:30:52.704  1902  2772 I AppsFilter: interaction: PackageSetting{4e66de7 io.appium.uiautomator2.server/10378} -> PackageSetting{4ffd917 com.google.android.cellbroadcastreceiver/10215} BLOCKED
10-10 13:30:52.704  1902  2772 I AppsFilter: interaction: PackageSetting{4e66de7 io.appium.uiautomator2.server/10378} -> PackageSetting{3dea104 com.orange.aura.oobe/10176} BLOCKED
10-10 13:30:52.704  1902  2772 I AppsFilter: interaction: PackageSetting{4e66de7 io.appium.uiautomator2.server/10378} -> PackageSetting{7f1f6ed com.xiaomi.smarthome/10342} BLOCKED
10-10 13:30:52.704  1902  2772 I AppsFilter: interaction: PackageSetting{4e66de7 io.appium.uiautomator2.server/10378} -> PackageSetting{3908922 com.google.android.apps.magazines/10240} BLOCKED
10-10 13:30:52.704  1902  2772 I AppsFilter: interaction: PackageSetting{4e66de7 io.appium.uiautomator2.server/10378} -> PackageSetting{9eefb3 com.google.android.apps.adm/10262} BLOCKED
10-10 13:30:52.704  1902  2772 I AppsFilter: interaction: PackageSetting{4e66de7 io.appium.uiautomator2.server/10378} -> PackageSetting{826c970 com.android.wallpaperpicker/10200} BLOCKED
10-10 13:30:52.773  1902 22715 I ActivityManager: Flag disabled. Ignoring finishAttachApplication from uid: 10378. pid: 4102
10-10 13:30:52.781  1902  2772 D CompatibilityChangeReporter: Compat change id reported: 161145287; UID 10378; state: DISABLED
10-10 13:30:53.257  1902 22715 I WakePathChecker: MIUILOG-WAKEPATH pushWakePathWhiteList: userId=0 size=6
10-10 13:30:53.691  1902  2620 I SmartPower: com.google.android.documentsui/10068(1756): background->idle(3001ms) R(broadcast start Intent { act=android.intent.action.PACKAGE_DATA_CLEARED dat=package: flg=0x5000010 (has extras) }) adj=905.
10-10 13:30:53.692  1902  2620 I SmartPower: com.android.vending:background/10184(14799): background->idle(3001ms) R(broadcast start Intent { act=android.intent.action.PACKAGE_DATA_CLEARED dat=package: flg=0x5000010 (has extras) }) adj=905.
10-10 13:30:53.698  1902  2620 I SmartPower: com.google.android.permissioncontroller/10221(653): background->idle(3001ms) R(broadcast start Intent { act=android.intent.action.PACKAGE_DATA_CLEARED dat=package: flg=0x5000010 (has extras) }) adj=905.
10-10 13:30:53.711  1902  2620 I SmartPower: com.miui.home/10085(3001): background->idle(3000ms) R(broadcast start Intent { act=android.intent.action.PACKAGE_DATA_CLEARED dat=package: flg=0x5000010 (has extras) }) adj=100.
10-10 13:30:53.732  1902  2620 I SmartPower: com.microsoft.windowsintune.companyportal:omadm_client_process/10365(32113): background->idle(3002ms) R(broadcast start Intent { act=android.intent.action.PACKAGE_DATA_CLEARED dat=package: flg=0x5000010 (has extras) }) adj=905.
10-10 13:30:54.064  1902 22715 D AccessibilityManagerService: changeCurrentUserForTestAutomationIfNeededLocked(0): ignoring because device doesn't support visible background users
10-10 13:30:54.064  1902 22715 I UiAutomationManager: Registering UiTestAutomationService (id=com.android.server.accessibility/UiAutomation) when called by user 0
10-10 13:30:54.078  1902 22715 W WindowMagnificationMgr: requestConnection duplicated request: connect=false, mConnectionState=DISCONNECTED
10-10 13:30:54.096  1902  2772 W WindowMagnificationMgr: requestConnection duplicated request: connect=false, mConnectionState=DISCONNECTED
10-10 13:30:54.107  1902 23179 I PowerManagerServiceImpl: Acquire wakelock: SCREEN_DIM_WAKE_LOCK           'UiAutomator2:ScreenKeeper' (uid=10378 pid=4102 pkg=io.appium.uiautomator2.server)
10-10 13:30:54.134  1902  1902 D BatterySaverPolicy: accessibility changed to true, updating policy.
10-10 13:30:54.185  1902  2620 I SmartPower: com.mi.globalminusscreen/10076(31794): background->idle(3004ms) R(broadcast start Intent { act=android.intent.action.PACKAGE_DATA_CLEARED dat=package: flg=0x5000010 (has extras) }) adj=100.
10-10 13:30:54.408  1902 22704 W WindowMagnificationMgr: requestConnection duplicated request: connect=false, mConnectionState=DISCONNECTED
10-10 13:30:54.603  1902 22704 I ActivityManager: Force stopping eu.europa.ec.euidi appid=10390 user=0: from process:4133
10-10 13:30:54.614  1902 22704 I AppsFilter: interaction: PackageSetting{1141c0b com.android.microdroid.empty_payload/10336} -> PackageSetting{ddd00d2 eu.europa.ec.euidi/10390} BLOCKED
10-10 13:30:54.614  1902 22704 I AppsFilter: interaction: PackageSetting{2f03501 io.appium.uiautomator2.server.test/10379} -> PackageSetting{ddd00d2 eu.europa.ec.euidi/10390} BLOCKED
10-10 13:30:54.614  1902 22704 I AppsFilter: interaction: PackageSetting{330fa6 com.fido.asm/10112} -> PackageSetting{ddd00d2 eu.europa.ec.euidi/10390} BLOCKED
10-10 13:30:54.614  1902 22704 I AppsFilter: interaction: PackageSetting{4e66de7 io.appium.uiautomator2.server/10378} -> PackageSetting{ddd00d2 eu.europa.ec.euidi/10390} BLOCKED
10-10 13:30:54.614  1902 22704 I AppsFilter: interaction: PackageSetting{3435d94 io.appium.settings/10326} -> PackageSetting{ddd00d2 eu.europa.ec.euidi/10390} BLOCKED
10-10 13:30:54.812  1556  1556 I wificond: station_bandwidth: 
10-10 13:30:54.870  1902 22704 D CompatibilityChangeReporter: Compat change id reported: 161252188; UID 10390; state: DISABLED
10-10 13:30:54.872  1902 22704 W ActivityTaskManager: callingPackage for (uid=2000, pid=4133) has no WPC
10-10 13:30:54.878  1902 22704 D CompatibilityChangeReporter: Compat change id reported: 265464455; UID 10390; state: DISABLED
10-10 13:30:54.879  1902 22704 D CompatibilityChangeReporter: Compat change id reported: 265452344; UID 10390; state: DISABLED
10-10 13:30:54.879  1902 22704 D CompatibilityChangeReporter: Compat change id reported: 266124927; UID 10390; state: DISABLED
10-10 13:30:54.879  1902 22704 D CompatibilityChangeReporter: Compat change id reported: 265451093; UID 10390; state: DISABLED
10-10 13:30:54.880  1902 22704 D CompatibilityChangeReporter: Compat change id reported: 265456536; UID 10390; state: DISABLED
10-10 13:30:54.880  1902 22704 D CompatibilityChangeReporter: Compat change id reported: 255940284; UID 10390; state: DISABLED
10-10 13:30:54.881  1902 22704 D CompatibilityChangeReporter: Compat change id reported: 236283604; UID 10390; state: DISABLED
10-10 13:30:54.881  1902 22704 D CompatibilityChangeReporter: Compat change id reported: 263959004; UID 10390; state: DISABLED
10-10 13:30:54.881  1902 22704 D CompatibilityChangeReporter: Compat change id reported: 264304459; UID 10390; state: DISABLED
10-10 13:30:54.885  1902 22704 D CompatibilityChangeReporter: Compat change id reported: 264301586; UID 10390; state: DISABLED
10-10 13:30:54.886  1902 22704 D CompatibilityChangeReporter: Compat change id reported: 254631730; UID 10390; state: DISABLED
10-10 13:30:54.886  1902 22704 D CompatibilityChangeReporter: Compat change id reported: 273509367; UID 10390; state: DISABLED
10-10 13:30:54.886  1902 22704 D CompatibilityChangeReporter: Compat change id reported: 263259275; UID 10390; state: DISABLED
10-10 13:30:54.887  1902 22704 D CompatibilityChangeReporter: Compat change id reported: 174042980; UID 10390; state: DISABLED
10-10 13:30:54.887  1902 22704 D CompatibilityChangeReporter: Compat change id reported: 174042936; UID 10390; state: DISABLED
10-10 13:30:54.887  1902 22704 D CompatibilityChangeReporter: Compat change id reported: 181136395; UID 10390; state: DISABLED
10-10 13:30:54.890  1902 22704 D CompatibilityChangeReporter: Compat change id reported: 194480991; UID 10390; state: ENABLED
10-10 13:30:54.893  1902 22704 D WindowManager: Collecting in transition 1268: ActivityRecord{5d73081 u0 eu.europa.ec.euidi/eu.europa.ec.assemblylogic.ui.MainActivity init visibleRequested:false
10-10 13:30:54.894  1902 22704 D MiuiFreeFormManagerService: activeOrFullscreenFreeformTaskIfNeed startDefaultAr:true
10-10 13:30:54.900  2983  3075 D OneHandedController: stopOneHanded state is 0
10-10 13:30:54.905  1902 22704 D WindowManager: setLockTaskAuth: task=Task{22d2526 #570 type=standard A=10390:eu.europa.ec.euidi} mLockTaskAuth=LOCK_TASK_AUTH_PINNABLE
10-10 13:30:54.905  1902 22704 D WindowManager: Collecting in transition 1268: Task{22d2526 #570 type=standard A=10390:eu.europa.ec.euidi} init visibleRequested:false
10-10 13:30:54.908  1902 22704 D CompatibilityChangeReporter: Compat change id reported: 184838306; UID 10390; state: DISABLED
10-10 13:30:54.909  1902 22704 D CompatibilityChangeReporter: Compat change id reported: 185004937; UID 10390; state: DISABLED
10-10 13:30:54.915  1902 22704 D WindowManager: setLockTaskAuth: task=Task{22d2526 #570 type=standard A=10390:eu.europa.ec.euidi} mLockTaskAuth=LOCK_TASK_AUTH_PINNABLE
10-10 13:30:54.916  1902 22704 D MiuiFreeFormManagerService: onStartActivityInner as = Task{22d2526 #570 type=standard A=10390:eu.europa.ec.euidi} op = null
10-10 13:30:54.918  1902 22704 D ActivityTaskManager: Task#startActivityLocked isOrhasTask=true newTask=true
10-10 13:30:54.923  1902 22704 D CompatibilityChangeReporter: Compat change id reported: 205907456; UID 10390; state: ENABLED
10-10 13:30:54.925  2983  3147 D TaskSnapshot_Helper: SYS is normal.
10-10 13:30:54.927  1902 22704 D WindowManager: Collecting in transition 1268: ActivityRecord{5d73081 u0 eu.europa.ec.euidi/eu.europa.ec.assemblylogic.ui.MainActivity t570} init visibleRequested:false
10-10 13:30:54.927  1902 22704 D WindowManager: Requesting StartTransition: TransitionRecord{3c52103 id=1268 type=OPEN flags=0x0}
10-10 13:30:54.929  2983  3075 I SoScUtils: monitorTransitionRequest mRequestOpenTransition:null mRequestOpenTriggerTask:-1 mRequestCloseTransition:null mRequestCloseTriggerTask:-1 mRequestCloseStageType:-1
10-10 13:30:54.930  1902 22704 D CompatibilityChangeReporter: Compat change id reported: 194833441; UID 10390; state: ENABLED
10-10 13:30:54.930  1902 22704 I ActivityTaskManager: START u0 {act=android.intent.action.MAIN cat=[android.intent.category.LAUNCHER] flg=0x10200000 cmp=eu.europa.ec.euidi/eu.europa.ec.assemblylogic.ui.MainActivity} with LAUNCH_SINGLE_TASK from uid 2000 (BAL_ALLOW_PERMISSION) result code=0
10-10 13:30:54.930  1902 22715 D WindowManager: Set transition=TransitionRecord{3c52103 id=1268 type=OPEN flags=0x0}, ready=false, SyncId=1268 used=true, override=false, defer=0, states=Display{#0 state=ON size=1080x2400 ROTATION_0}:false
10-10 13:30:54.931  1902 23265 D CompatibilityChangeReporter: Compat change id reported: 168419799; UID 10390; state: DISABLED
10-10 13:30:54.931  1902 23265 D CompatibilityChangeReporter: Compat change id reported: 273564678; UID 10390; state: DISABLED
10-10 13:30:54.937  1902  1938 D CompatibilityChangeReporter: Compat change id reported: 135634846; UID 10390; state: DISABLED
10-10 13:30:54.937  1902  1938 D CompatibilityChangeReporter: Compat change id reported: 177438394; UID 10390; state: DISABLED
10-10 13:30:54.937  1902  1938 D CompatibilityChangeReporter: Compat change id reported: 135772972; UID 10390; state: DISABLED
10-10 13:30:54.937  1902  1938 D CompatibilityChangeReporter: Compat change id reported: 135754954; UID 10390; state: ENABLED
10-10 13:30:54.938  1902  1955 D CompatibilityChangeReporter: Compat change id reported: 143937733; UID 10390; state: ENABLED
10-10 13:30:54.939  2983  3075 D OneHandedController: stopOneHanded state is 0
10-10 13:30:54.939  2983  3075 D OneHandedController: stopOneHanded state is 0
10-10 13:30:54.945  1902 23265 D CoreBackPreview: Window{f786eb9 u0 Splash Screen eu.europa.ec.euidi}: Setting back callback OnBackInvokedCallbackInfo{mCallback=android.window.IOnBackInvokedCallback$Stub$Proxy@ddfad7b, mPriority=0, mIsAnimationCallback=false}
10-10 13:30:54.948  1902  1955 I ActivityManager: Start proc 4136:eu.europa.ec.euidi/u0a390 for next-top-activity {eu.europa.ec.euidi/eu.europa.ec.assemblylogic.ui.MainActivity} caller=com.android.shell
10-10 13:30:54.954  1902 23265 W WindowManager: finishDrawingWindow: Window{f786eb9 u0 Splash Screen eu.europa.ec.euidi} mDrawState=DRAW_PENDING
10-10 13:30:54.972  1902  2775 D WindowManager: Collecting in transition 1268: ActivityRecord{5d73081 u0 eu.europa.ec.euidi/eu.europa.ec.assemblylogic.ui.MainActivity t570} init visibleRequested:false
10-10 13:30:54.973  1902  2775 D WindowManager: Collecting in transition 1268: ActivityRecord{ba4359c u0 com.android.chrome/org.chromium.chrome.browser.ChromeTabbedActivity t551} init visibleRequested:true
10-10 13:30:54.983  1902  2775 I SmartPower: eu.europa.ec.euidi/10390(4136): died->invisible(6126ms) R(process start ) adj=-10000.
10-10 13:30:54.984  1902  1939 D WindowManager: wms.Focus not requested for window=Window{a3cb1de u0 com.android.chrome/org.chromium.chrome.browser.ChromeTabbedActivity} because it has no surface or is not focusable.
10-10 13:30:54.985  1902  2775 W MiuiBoosterUtils: enable_miuibooster_launch : false
10-10 13:30:54.985  1902  2775 D WindowManager: Collecting in transition 1268: ActivityRecord{5d73081 u0 eu.europa.ec.euidi/eu.europa.ec.assemblylogic.ui.MainActivity t570} init visibleRequested:true
10-10 13:30:54.986  1902  2775 D WindowManagerService: checkFlipFullScreenChange is same, nowIsFullScreen = false
10-10 13:30:54.987  1902  2775 W WindowManager: Changing focus from Window{a3cb1de u0 com.android.chrome/org.chromium.chrome.browser.ChromeTabbedActivity} to null displayId=0 Callers=com.android.server.wm.RootWindowContainer.updateFocusedWindowLocked:557 com.android.server.wm.WindowManagerService.updateFocusedWindowLocked:6962 com.android.server.wm.ActivityTaskManagerService.setLastResumedActivityUncheckLocked:5565 com.android.server.wm.ActivityTaskSupervisor.updateTopResumedActivityIfNeeded:2557 
10-10 13:30:54.987  1902  2775 D WindowManager: wms.Input focus has changed to null display=0 updateInputWindows = true
10-10 13:30:54.987  1902  2775 I MultiSenceManagerInternalStub: getInstance
10-10 13:30:54.988  1902  2775 D WindowManager: Collecting in transition 1268: ActivityRecord{5d73081 u0 eu.europa.ec.euidi/eu.europa.ec.assemblylogic.ui.MainActivity t570} init visibleRequested:true
10-10 13:30:54.988  1902  2775 D WindowManager: Set transition=TransitionRecord{3c52103 id=1268 type=OPEN flags=0x0}, ready=true, SyncId=1268 
10-10 13:30:54.993  1902  2323 D CompatibilityChangeReporter: Compat change id reported: 265195908; UID 10390; state: ENABLED
10-10 13:30:54.993  1902  3385 D CompatibilityChangeReporter: Compat change id reported: 170503758; UID 10390; state: ENABLED
10-10 13:30:54.995  1902  1939 I SmartPower: eu.europa.ec.euidi/10390(4136): invisible->visible(11ms) R(become visible) adj=0.
10-10 13:30:54.995  2983  3075 D MiuiFullScreenTaskRepository: removeFocusedTask displayId=0
10-10 13:30:54.995  2983  3075 D MiuiFullScreenTaskRepository: addOrUpdateFullScreenTaskInfo taskId=551, topActivity=ComponentInfo{com.android.chrome/org.chromium.chrome.browser.ChromeTabbedActivity}
10-10 13:30:54.995  1902  1939 W WindowManager: real show surface:Surface(name=Splash Screen eu.europa.ec.euidi#21250)/@0x1da010a
10-10 13:30:54.996  1902  1939 D WindowManager: Final targets: [Task{22d2526 #570 type=standard A=10390:eu.europa.ec.euidi}, Task{72deb7a #551 type=standard A=10190:com.android.chrome}]
10-10 13:30:55.001  1902  1936 E MBrainLocalService: MBrainJava launch failed: SecurityException
10-10 13:30:55.005  1902  2600 D isUidValid: uid = 10390
10-10 13:30:55.005  1902  1936 D Aurogon :  uid = 10390 switch to FG
10-10 13:30:55.010  1902  2323 D CompatibilityChangeReporter: Compat change id reported: 218533173; UID 10390; state: ENABLED
10-10 13:30:55.010  1902  2323 D CompatibilityChangeReporter: Compat change id reported: 262645982; UID 10390; state: ENABLED
10-10 13:30:55.019  1902  1939 D WindowManager: snapshot isNothing = false source = Task{72deb7a #551 type=standard A=10190:com.android.chrome}
10-10 13:30:55.020  1902  1939 D WindowManager: Calling onTransitionReady info={id=1268 t=OPEN f=0x0 trk=0 r=[0@Point(0, 0)] c=[{WCT{RemoteToken{996d7ae Task{22d2526 #570 type=standard A=10390:eu.europa.ec.euidi}}} m=OPEN f=NONE leash=Surface(name=Task=570#21247)/@0x74050f3 sb=Rect(0, 0 - 1080, 2400) eb=Rect(0, 0 - 1080, 2400) d=0},{WCT{RemoteToken{2eadea6 Task{72deb7a #551 type=standard A=10190:com.android.chrome}}} m=TO_BACK f=NONE leash=Surface(name=Task=551#20561)/@0x6a632ef sb=Rect(0, 0 - 1080, 2400) eb=Rect(0, 0 - 1080, 2400) d=0}] noAni=[false] df=[false] mk=[true] nc=[0] oa=[false]}, mToken=Token{985094f TransitionRecord{3c52103 id=1268 type=OPEN flags=0x0}}
10-10 13:30:55.022  1902  1939 I BLASTSyncEngine: finishNow: after onTransactionReady, mSyncId=1268
10-10 13:30:55.023  2983  3075 D MiuiFreeformAnimation: startAnimation change: {WCT{android.window.IWindowContainerToken$Stub$Proxy@486fd11} m=OPEN f=NONE leash=Surface(name=Task=570#21247)/@0xf3d91aa sb=Rect(0, 0 - 1080, 2400) eb=Rect(0, 0 - 1080, 2400) d=0} info.getType(): 1
10-10 13:30:55.023  2983  3075 I MiuiFreeformAnimation: isLaunchWidgetPicker=false,taskInfo.getWindowingMode()=1, taskInfo.getActivityType()=1
10-10 13:30:55.024  2983  3075 D MiuiFreeformAnimation: startAnimation change: {WCT{android.window.IWindowContainerToken$Stub$Proxy@abb1e76} m=TO_BACK f=NONE leash=Surface(name=Task=551#20561)/@0x315019b sb=Rect(0, 0 - 1080, 2400) eb=Rect(0, 0 - 1080, 2400) d=0} info.getType(): 1
10-10 13:30:55.024  2983  3075 W MiuiTaskTransitionHandler: Receive an unknown transition, token=android.os.BinderProxy@5d61e08, type=1
10-10 13:30:55.024  2983  3075 D TransitionAnimationHelper:  load default animation  type = 1 enter = false animAttr = 9 isTask = true translucent = false
10-10 13:30:55.024  2983  3075 D TransitionAnimationHelper:  load default animation  type = 1 enter = true animAttr = 8 isTask = true translucent = false
10-10 13:30:55.025  2983  3092 D ShellTransitions: speed ui!!!!!!!!!!!
10-10 13:30:55.025  1902  1902 D MBrainLocalService: isVendorFreezeConditionPass is false
10-10 13:30:55.025  1902  1902 E MBrainLocalService: notifyAppSwitch failed
10-10 13:30:55.028  4136  4136 D ActivityThread: useGrowthLimitOutExpendMethod invoke error.
10-10 13:30:55.029  2983  3075 D MiuiFullScreenTaskRepository: setFocusedTask taskId=570, displayId=0, topActivity=ComponentInfo{eu.europa.ec.euidi/eu.europa.ec.assemblylogic.ui.MainActivity}
10-10 13:30:55.029  2983  3075 D MiuiFullScreenTaskRepository: addOrUpdateFullScreenTaskInfo taskId=570, topActivity=ComponentInfo{eu.europa.ec.euidi/eu.europa.ec.assemblylogic.ui.MainActivity}
10-10 13:30:55.034  2983  3075 D SoScUtils: monitorTransitionFinished transition:android.os.BinderProxy@5d61e08 transaction: android.view.SurfaceControl$Transaction@315187c mRequestCloseTransition:null mRequestOpenTransition:null mPairsOpenTransition:null mPairsOpenTransitionNull:null mRequestOpenTriggerTask:-1 mRequestCloseTriggerTask:-1 mOrientationTransition: null mMainStartingTask:-1 mSideStartingTask:-1
10-10 13:30:55.044  4136  4136 D MbrainDebugManagerImpl: getService failed
10-10 13:30:55.048  1902 22715 D SchedBoost: com.android.chrome:sandboxed_process0:org.chromium.content.app.SandboxedProcessService0:8 boosting, skip reset priority
10-10 13:30:55.051  2983  3075 D MiuiFullScreenTaskRepository: addOrUpdateFullScreenTaskInfo taskId=551, topActivity=ComponentInfo{com.android.chrome/org.chromium.chrome.browser.ChromeTabbedActivity}
10-10 13:30:55.058  1902  2772 I ActivityManager: Flag disabled. Ignoring finishAttachApplication from uid: 10390. pid: 4136
10-10 13:30:55.064  1902  2772 I WindowManager: cancelAnimation removed leash : Surface(name=Surface(name=81266ae StatusBar#86)/@0xb48dfdc - animation-leash of insets_animation#21233)/@0x9ec6667
10-10 13:30:55.066  1902  2772 I WindowManager: cancelAnimation removed leash : Surface(name=Surface(name=db27a2 NavigationBar0#82)/@0xc1acbf0 - animation-leash of insets_animation#21234)/@0x69a0cbd
10-10 13:30:55.080  2983  3075 D MiuiFullScreenTaskRepository: setFocusedTask taskId=570, displayId=0, topActivity=ComponentInfo{eu.europa.ec.euidi/eu.europa.ec.assemblylogic.ui.MainActivity}
10-10 13:30:55.080  2983  3075 D MiuiFullScreenTaskRepository: addOrUpdateFullScreenTaskInfo taskId=570, topActivity=ComponentInfo{eu.europa.ec.euidi/eu.europa.ec.assemblylogic.ui.MainActivity}
10-10 13:30:55.080  2983  3075 D MiuiDesktopModeController: onFocusTaskChanged newFocus: TaskInfo{userId=0 taskId=570 displayId=0 isRunning=true baseIntent=Intent { act=android.intent.action.MAIN cat=[android.intent.category.LAUNCHER] flg=0x10200000 cmp=eu.europa.ec.euidi/eu.europa.ec.assemblylogic.ui.MainActivity } baseActivity=ComponentInfo{eu.europa.ec.euidi/eu.europa.ec.assemblylogic.ui.MainActivity} topActivity=ComponentInfo{eu.europa.ec.euidi/eu.europa.ec.assemblylogic.ui.MainActivity} origActivity=null realActivity=ComponentInfo{eu.europa.ec.euidi/eu.europa.ec.assemblylogic.ui.MainActivity} numActivities=1 lastActiveTime=903325672 supportsSplitScreenMultiWindow=true supportsMultiWindow=true resizeMode=1 isResizeable=true minWidth=-1 minHeight=-1 defaultMinSize=200 token=WCT{android.window.IWindowContainerToken$Stub$Proxy@775878b} topActivityType=1 pictureInPictureParams=null shouldDockBigOverlays=false launchIntoPipHostTaskId=-1 lastParentTaskIdBeforePip=-1 displayCutoutSafeInsets=Rect(0, 94 - 0, 0) topActivityInfo=ActivityInfo{cd94068 eu.europa.ec.assemblylogic.ui.MainActivity} launchCookies=[] positionInParent=Point(0, 0) parentTaskId=-1 isFocused=true isVisible=true isVisibleRequested=true isSleeping=false topActivityInSizeCompat=false topActivityEligibleForLetterboxEducation= false topActivityLetterboxed= false isFromDoubleTap= false topActivityLetterboxVerticalPosition= -1 topActivityLetterboxHorizontalPosition= -1 topActivityLetterboxWidth=-1 topActivityLetterboxHeight=-1 locusId=null displayAreaFeatureId=1 cameraCompatControlState=hidden mIsCastMode=false mTopActivityMediaSize=null mTopActivityRecordName=ActivityRecord{5d73081 u0 eu.europa.ec.euidi/eu.europa.ec.assemblylogic.ui.MainActivity t570} mTopActivityOrientation=1 mTopActivityWindowIsNowVisible=false isTranslucent=false isEmbedded=false shouldBeVisible=true isImmersive=false mBehindAppLockPkg=null mOriginatingUid=0}
10-10 13:30:55.081  2983  3075 D MiuiFreeformModeController: onFocusTaskChanged taskInfo: TaskInfo{userId=0 taskId=570 displayId=0 isRunning=true baseIntent=Intent { act=android.intent.action.MAIN cat=[android.intent.category.LAUNCHER] flg=0x10200000 cmp=eu.europa.ec.euidi/eu.europa.ec.assemblylogic.ui.MainActivity } baseActivity=ComponentInfo{eu.europa.ec.euidi/eu.europa.ec.assemblylogic.ui.MainActivity} topActivity=ComponentInfo{eu.europa.ec.euidi/eu.europa.ec.assemblylogic.ui.MainActivity} origActivity=null realActivity=ComponentInfo{eu.europa.ec.euidi/eu.europa.ec.assemblylogic.ui.MainActivity} numActivities=1 lastActiveTime=903325672 supportsSplitScreenMultiWindow=true supportsMultiWindow=true resizeMode=1 isResizeable=true minWidth=-1 minHeight=-1 defaultMinSize=200 token=WCT{android.window.IWindowContainerToken$Stub$Proxy@775878b} topActivityType=1 pictureInPictureParams=null shouldDockBigOverlays=false launchIntoPipHostTaskId=-1 lastParentTaskIdBeforePip=-1 displayCutoutSafeInsets=Rect(0, 94 - 0, 0) topActivityInfo=ActivityInfo{cd94068 eu.europa.ec.assemblylogic.ui.MainActivity} launchCookies=[] positionInParent=Point(0, 0) parentTaskId=-1 isFocused=true isVisible=true isVisibleRequested=true isSleeping=false topActivityInSizeCompat=false topActivityEligibleForLetterboxEducation= false topActivityLetterboxed= false isFromDoubleTap= false topActivityLetterboxVerticalPosition= -1 topActivityLetterboxHorizontalPosition= -1 topActivityLetterboxWidth=-1 topActivityLetterboxHeight=-1 locusId=null displayAreaFeatureId=1 cameraCompatControlState=hidden mIsCastMode=false mTopActivityMediaSize=null mTopActivityRecordName=ActivityRecord{5d73081 u0 eu.europa.ec.euidi/eu.europa.ec.assemblylogic.ui.MainActivity t570} mTopActivityOrientation=1 mTopActivityWindowIsNowVisible=false isTranslucent=false isEmbedded=false shouldBeVisible=true isImmersive=false mBehindAppLockPkg=null mOriginatingUid=0}
10-10 13:30:55.081  1902 22715 D CompatibilityChangeReporter: Compat change id reported: 253665015; UID 10390; state: ENABLED
10-10 13:30:55.081  1902 22715 D CompatibilityChangeReporter: Compat change id reported: 194532703; UID 10390; state: ENABLED
10-10 13:30:55.088  1902  1902 D MBrainLocalService: isVendorFreezeConditionPass is false
10-10 13:30:55.088  1902  1902 E MBrainLocalService: notifyAppSwitch failed
10-10 13:30:55.089  1902  1936 E MBrainLocalService: MBrainJava launch failed: SecurityException
10-10 13:30:55.107  4136  4136 D FramePredict: FramePredict init: false
10-10 13:30:55.108  4136  4136 D FramePredict: init success
10-10 13:30:55.109  1902  2772 W ActivityManager: Permission Denial: getCurrentUser() from pid=4136, uid=10390 requires android.permission.INTERACT_ACROSS_USERS
10-10 13:30:55.109  4136  4169 E FramePredict: registerContentObserver fail
10-10 13:30:55.119  1902  1954 I SmartPower: com.google.android.videos/10312(31305): idle->background(2726ms) R(broadcast start Intent { act=android.intent.action.PACKAGE_RESTARTED dat=package: flg=0x10 (has extras) }) adj=905.
10-10 13:30:55.123  2983  4221 D MiuiFreeformModeObserver: activityResumed() intent： Intent { cmp=eu.europa.ec.euidi/eu.europa.ec.assemblylogic.ui.MainActivity (has extras) }
10-10 13:30:55.129  2983  3075 D MiuiFullScreenTaskRepository: setFocusedTask taskId=570, displayId=0, topActivity=ComponentInfo{eu.europa.ec.euidi/eu.europa.ec.assemblylogic.ui.MainActivity}
10-10 13:30:55.129  2983  3075 D MiuiFullScreenTaskRepository: addOrUpdateFullScreenTaskInfo taskId=570, topActivity=ComponentInfo{eu.europa.ec.euidi/eu.europa.ec.assemblylogic.ui.MainActivity}
10-10 13:30:55.169  1902 22715 D CoreBackPreview: Window{e9144d3 u0 eu.europa.ec.euidi/eu.europa.ec.assemblylogic.ui.MainActivity}: Setting back callback OnBackInvokedCallbackInfo{mCallback=android.window.IOnBackInvokedCallback$Stub$Proxy@183241a, mPriority=0, mIsAnimationCallback=false}
10-10 13:30:55.176  1902 22715 W WindowManager: Changing focus from null to Window{e9144d3 u0 eu.europa.ec.euidi/eu.europa.ec.assemblylogic.ui.MainActivity} displayId=0 Callers=com.android.server.wm.RootWindowContainer.updateFocusedWindowLocked:557 com.android.server.wm.WindowManagerService.updateFocusedWindowLocked:6962 com.android.server.wm.WindowManagerService.relayoutWindow:2951 com.android.server.wm.Session.relayout:266 
10-10 13:30:55.176  1902 22715 I WindowManager: cancelAnimation removed leash : Surface(name=Surface(name=81266ae StatusBar#86)/@0xb48dfdc - animation-leash of insets_animation#21254)/@0x81b749d
10-10 13:30:55.177  1902 22715 I WindowManager: cancelAnimation removed leash : Surface(name=Surface(name=db27a2 NavigationBar0#82)/@0xc1acbf0 - animation-leash of insets_animation#21255)/@0x9f5ce3
10-10 13:30:55.178  1902 22715 D WindowManager: wms.Input focus has changed to Window{e9144d3 u0 eu.europa.ec.euidi/eu.europa.ec.assemblylogic.ui.MainActivity} display=0 updateInputWindows = true
10-10 13:30:55.178  1902 22715 I MultiSenceManagerInternalStub: getInstance
10-10 13:30:55.178  1902 22715 I WindowManager: Relayout Window{e9144d3 u0 eu.europa.ec.euidi/eu.europa.ec.assemblylogic.ui.MainActivity}: oldVis=4 newVis=0 focusMayChange = true requestedWidth = 1080 requestedHeight = 2400 outFrames = ClientWindowFrames{frame=[0,0][1080,2400] display=[0,0][1080,2400] parentFrame=[0,0][0,0]} outSurfaceControl = Surface(name=eu.europa.ec.euidi/eu.europa.ec.assemblylogic.ui.MainActivity#21257)/@0xbea1c72
10-10 13:30:55.222  1902 22715 W WindowManager: finishDrawingWindow: Window{e9144d3 u0 eu.europa.ec.euidi/eu.europa.ec.assemblylogic.ui.MainActivity} mDrawState=DRAW_PENDING
10-10 13:30:55.222  1902 22715 D WindowManager: wms.finishDrawingLocked: mDrawState=COMMIT_DRAW_PENDING Window{e9144d3 u0 eu.europa.ec.euidi/eu.europa.ec.assemblylogic.ui.MainActivity} in Surface(name=eu.europa.ec.euidi/eu.europa.ec.assemblylogic.ui.MainActivity#21257)/@0x7f1c641
10-10 13:30:55.224  1902  1939 D TaskSnapshot_Helper: shouldDelay()... Not launched by home, no delay needed.
10-10 13:30:55.228  1902  1939 W WindowManager: real show surface:Surface(name=eu.europa.ec.euidi/eu.europa.ec.assemblylogic.ui.MainActivity#21257)/@0x7f1c641
10-10 13:30:55.234  1902  3385 I SmartPower: com.android.chrome/10190(29744): visible->invisible(30345ms) R(become invisible) adj=200.
10-10 13:30:55.234  1902  3385 I SmartPower: com.android.chrome:privileged_process0/10190(30717): invisible->background(30582ms) R(become background) adj=0.
10-10 13:30:55.234  1902  3385 I SmartPower: com.android.chrome/10190(29744): invisible->background(0ms) R(become background) adj=200.
10-10 13:30:55.237  1902 22715 D CoreBackPreview: Window{a3cb1de u0 com.android.chrome/org.chromium.chrome.browser.ChromeTabbedActivity}: Setting back callback OnBackInvokedCallbackInfo{mCallback=android.window.IOnBackInvokedCallback$Stub$Proxy@77856c, mPriority=-1, mIsAnimationCallback=false}
10-10 13:30:55.237  4133  4133 W BpBinder: Slow Binder: BpBinder transact took 638 ms, interface=android.app.IActivityManager, code=1598246212 oneway=false
10-10 13:30:55.243  1902  1938 D SchedBoost: com.google.android.adservices.api boosting, skip reset priority
10-10 13:30:55.244  1902  1938 D SchedBoost: com.android.chrome:privileged_process0 boosting, skip reset priority
10-10 13:30:55.252  1902  4160 D CompatibilityChangeReporter: Compat change id reported: 214016041; UID 10390; state: ENABLED
