10-09 13:16:07.642  4304  4484 D MiuiFreeformModeController: onImeVisibilityChanged imeVisible: true imeHeight: 701 adjustedForRotation:false
10-09 13:16:07.643  4304  4484 D MiuiFreeformModeAvoidAlgorithm: begin autoOrderingAvoidMiniTask
10-09 13:16:07.643  4304  4484 D MiuiFreeformModeAvoidAlgorithm: getCurrMiniPos: SameSideMiniPosList: []
10-09 13:16:07.643  4304  4484 D MiuiFreeformModeAvoidAlgorithm: getCurrMiniPos: SameSideMiniPosList: []
10-09 13:16:07.643  4304  4484 D MiuiFreeformModeAvoidAlgorithm: end autoOrderingAvoidMiniTask res:AvoidResult{distance=0, combination={}, activeTaskPos=Rect(0, 0 - 0, 0)}
10-09 13:16:07.643  2042  2692 I WindowManager: wms.showSurfaceRobustly mWin:Window{49d5fba u0 InputMethod}
10-09 13:16:07.662  4304  4484 D OneHandedController: stopOneHanded state is 0
10-09 13:16:07.829  4304  4304 D ArtChoreographerMonitor: invoke error.
10-09 13:16:08.344   702 19552 I keystore2: system/security/keystore2/src/watchdog.rs:319 - Watchdog thread idle -> terminating. Have a great day.
10-09 13:16:08.479  2042  4541 D WindowManagerService: checkFlipFullScreenChange is same, nowIsFullScreen = false
10-09 13:16:08.500  2042  4541 D WindowManagerService: checkFlipFullScreenChange is same, nowIsFullScreen = false
10-09 13:16:08.899  2042  3524 I SmartPower: com.google.android.gms.unstable/10163(11300): background->idle(3001ms) R(alarm start) adj=800.
10-09 13:16:08.899  2042  3524 I SmartPower: com.google.android.gms.ui/10163(17035): background->idle(3001ms) R(alarm start) adj=800.
10-09 13:16:08.899  2042  3524 I SmartPower: com.google.process.gservices/10163(20972): background->idle(3001ms) R(alarm start) adj=915.
10-09 13:16:08.899  2042  3524 I SmartPower: com.google.process.gapps/10163(21162): background->idle(3002ms) R(alarm start) adj=935.
10-09 13:16:09.135  2042  4781 W MIUIInput: Input event injection from package: null action ACTION_DOWN
10-09 13:16:09.136  2042  3516 I ProcessManager: getRenderThreadTidByPid, caller=2042
10-09 13:16:09.138  2042  4781 W MIUIInput: Input event injection from package: null action ACTION_UP
10-09 13:16:09.152  2042  6991 I InputMethodManagerService: IMMS.applyImeVisibility(), setVisible = false, mCurclient = ClientState{80c558e mUid=10172 mPid=17153 mSelfReportedDisplayId=0}
10-09 13:16:09.154  4304  4304 D ArtChoreographerMonitor: invoke error.
10-09 13:16:09.164  2042  6991 W PackageConfigPersister: App-specific configuration not found for packageName: com.android.chrome and userId: 0
10-09 13:16:09.179  4304  4484 D MiuiFreeformModeController: avoidForInsetsBottomChangedIfNeed oldMoveableBottom: 2270 newMoveableBounds: 2270
10-09 13:16:09.179  4304  4484 D ImePositionProcessor: onImeVisibilityChanged     isShowing:  false
10-09 13:16:09.179  2042  4541 D CoreBackPreview: Window{edce952 u0 com.android.chrome/org.chromium.chrome.browser.ChromeTabbedActivity}: Setting back callback OnBackInvokedCallbackInfo{mCallback=android.window.IOnBackInvokedCallback$Stub$Proxy@46ebb78, mPriority=0, mIsAnimationCallback=true}
10-09 13:16:09.181  4304  4484 D MiuiFreeformModeController: onImeVisibilityChanged imeVisible: false imeHeight: 0 adjustedForRotation:false
10-09 13:16:09.181  4304  4484 D MiuiFreeformModeAvoidAlgorithm: begin autoOrderingAvoidMiniTask
10-09 13:16:09.181  4304  4484 D MiuiFreeformModeAvoidAlgorithm: getCurrMiniPos: SameSideMiniPosList: []
10-09 13:16:09.182  4304  4484 D MiuiFreeformModeAvoidAlgorithm: getCurrMiniPos: SameSideMiniPosList: []
10-09 13:16:09.182  4304  4484 D MiuiFreeformModeAvoidAlgorithm: end autoOrderingAvoidMiniTask res:AvoidResult{distance=0, combination={}, activeTaskPos=Rect(0, 0 - 0, 0)}
10-09 13:16:09.183  2042  4772 I WindowManager: input method visible height changed 0
10-09 13:16:09.183  2042  3126 I ITouchFeature: current device and process support version:2
10-09 13:16:09.324  4304  4304 D ArtChoreographerMonitor: invoke error.
10-09 13:16:09.469  2183  2183 I wificond: station_bandwidth: P
10-09 13:16:09.471  4304  4304 D ArtChoreographerMonitor: invoke error.
10-09 13:16:09.639  4304  4304 D ArtChoreographerMonitor: invoke error.
10-09 13:16:09.709  2042  4781 I SmartPower: com.google.android.inputmethod.latin/10176(6431): visible->invisible(2183ms) R(become invisible) adj=100.
10-09 13:16:09.709  2042  4781 I SmartPower: com.google.android.inputmethod.latin/10176(6431): invisible->background(0ms) R(become background) adj=100.
10-09 13:16:09.714  4304  4484 D MiuiFreeformModeController: avoidForInsetsBottomChangedIfNeed oldMoveableBottom: 2270 newMoveableBounds: 2270
10-09 13:16:09.722  4304  4484 D MiuiFreeformModeController: avoidForInsetsBottomChangedIfNeed oldMoveableBottom: 2270 newMoveableBounds: 2270
10-09 13:16:09.996  2042  4781 W MIUIInput: Input event injection from package: null action ACTION_DOWN
10-09 13:16:09.997  2042  3516 I ProcessManager: getRenderThreadTidByPid, caller=2042
10-09 13:16:10.002  2042  3516 I ProcessManager: getRenderThreadTidByPid, caller=2042
10-09 13:16:10.090  2042  7010 W MIUIInput: Input event injection from package: null action ACTION_UP
10-09 13:16:11.532  2042  7010 W MIUIInput: Input event injection from package: null action ACTION_DOWN
10-09 13:16:11.533  2042  3516 I ProcessManager: getRenderThreadTidByPid, caller=2042
10-09 13:16:11.535  2042  7010 W MIUIInput: Input event injection from package: null action ACTION_UP
10-09 13:16:11.550  2042  4541 W PackageConfigPersister: App-specific configuration not found for packageName: com.android.chrome and userId: 0
10-09 13:16:11.550  2042  7010 I InputMethodManagerService: IMMS.showSoftInput(), client = com.android.internal.inputmethod.IInputMethodClient$Stub$Proxy@f3f028d
10-09 13:16:11.551  2042  7010 I InputMethodManagerService: IMMS.showCurrentInputLocked(), flags = 0
10-09 13:16:11.551  2042  7010 D SmartPower: com.google.android.inputmethod.latin/10176(6431): show input method
10-09 13:16:11.551  2042  7010 I SmartPower: com.google.android.inputmethod.latin/10176(6431): background->visible(1841ms) R(show input method) adj=100.
10-09 13:16:11.551  2042  7010 I DefaultImeVisibilityApplier: IMMS.showCurrentInputLocked request ims to show inputMethod.
10-09 13:16:11.584  2042  4541 I InputMethodManagerService: IMMS.showSoftInput(), client = com.android.internal.inputmethod.IInputMethodClient$Stub$Proxy@376f453
10-09 13:16:11.584  2042  4541 I InputMethodManagerService: IMMS.showCurrentInputLocked(), flags = 0
10-09 13:16:11.584  2042  4541 D SmartPower: com.google.android.inputmethod.latin/10176(6431): show input method
10-09 13:16:11.584  2042  4541 I DefaultImeVisibilityApplier: IMMS.showCurrentInputLocked request ims to show inputMethod.
10-09 13:16:11.599  2042  4781 I InputMethodManagerService: IMMS.showSoftInput(), client = com.android.internal.inputmethod.IInputMethodClient$Stub$Proxy@1263a89
10-09 13:16:11.599  2042  4781 I InputMethodManagerService: IMMS.showCurrentInputLocked(), flags = 0
10-09 13:16:11.599  2042  4781 D SmartPower: com.google.android.inputmethod.latin/10176(6431): show input method
10-09 13:16:11.599  2042  4781 I DefaultImeVisibilityApplier: IMMS.showCurrentInputLocked request ims to show inputMethod.
10-09 13:16:11.607  2042  4541 D CoreBackPreview: Window{edce952 u0 com.android.chrome/org.chromium.chrome.browser.ChromeTabbedActivity}: Setting back callback OnBackInvokedCallbackInfo{mCallback=android.window.IOnBackInvokedCallback$Stub$Proxy@212da8e, mPriority=0, mIsAnimationCallback=false}
10-09 13:16:11.616  4304  4484 D MiuiFreeformModeController: avoidForInsetsBottomChangedIfNeed oldMoveableBottom: 2270 newMoveableBounds: 2270
10-09 13:16:11.618  2042  4781 I InputMethodManagerService: IMMS.applyImeVisibility(), setVisible = true, mCurclient = ClientState{80c558e mUid=10172 mPid=17153 mSelfReportedDisplayId=0}
10-09 13:16:11.618  2042  7010 D ActivityManager: checkAllowBackground: uid=10163 pkg=com.google.android.gms rec=UidRecord{3efeecd u0a163 BTOP change:procadj procs:0 seq(598190,425084)} caps=LCMNFU always=false idle=false
10-09 13:16:11.620  2042  4781 I WindowManager: WMS.showImePostLayout(), imeTarget = Window{edce952 u0 com.android.chrome/org.chromium.chrome.browser.ChromeTabbedActivity}
10-09 13:16:11.628  4304  4484 D MiuiFreeformModeController: avoidForInsetsBottomChangedIfNeed oldMoveableBottom: 2270 newMoveableBounds: 2270
10-09 13:16:11.643  2042  7010 D WindowManager: wms.finishDrawingLocked: mDrawState=COMMIT_DRAW_PENDING Window{49d5fba u0 InputMethod} in Surface(name=InputMethod#5114)/@0xeed26bc
10-09 13:16:11.644  2042  4020 I InputMethodManagerService: IMMS.applyImeVisibility(), setVisible = true, mCurclient = ClientState{80c558e mUid=10172 mPid=17153 mSelfReportedDisplayId=0}
10-09 13:16:11.645  2042  2693 I ImeInsetsSourceProvider: ImeInsetsSourceProvider.scheduleShowImePostLayout() Run showImeRunner.
10-09 13:16:11.645  2042  2693 I ImeInsetsSourceProvider: ImeInsetsSourceProvider.scheduleShowImePostLayout() isReadyToShowIme.
10-09 13:16:11.647  2042  4020 I WindowManager: WMS.showImePostLayout(), imeTarget = Window{edce952 u0 com.android.chrome/org.chromium.chrome.browser.ChromeTabbedActivity}
10-09 13:16:11.650  2042  2693 I ImeInsetsSourceProvider: ImeInsetsSourceProvider.scheduleShowImePostLayout() Run showImeRunner.
10-09 13:16:11.650  2042  2693 I ImeInsetsSourceProvider: ImeInsetsSourceProvider.scheduleShowImePostLayout() isReadyToShowIme.
10-09 13:16:11.657  2042  7011 I WindowManager: cancelAnimation removed leash : Surface(name=Surface(name=d968687 NavigationBar0#90)/@0x2f479dd - animation-leash of insets_animation#5113)/@0xbf6c4db
10-09 13:16:11.658  4304  4484 D MiuiFreeformModeController: avoidForInsetsBottomChangedIfNeed oldMoveableBottom: 2270 newMoveableBounds: 2270
10-09 13:16:11.658  4304  4484 D ImePositionProcessor: onImeVisibilityChanged     isShowing:  true
10-09 13:16:11.658  4304  4484 D MiuiFreeformModeController: onImeVisibilityChanged imeVisible: true imeHeight: 701 adjustedForRotation:false
10-09 13:16:11.659  4304  4484 D MiuiFreeformModeAvoidAlgorithm: begin autoOrderingAvoidMiniTask
10-09 13:16:11.659  4304  4484 D MiuiFreeformModeAvoidAlgorithm: getCurrMiniPos: SameSideMiniPosList: []
10-09 13:16:11.659  4304  4484 D MiuiFreeformModeAvoidAlgorithm: getCurrMiniPos: SameSideMiniPosList: []
10-09 13:16:11.659  4304  4484 D MiuiFreeformModeAvoidAlgorithm: end autoOrderingAvoidMiniTask res:AvoidResult{distance=0, combination={}, activeTaskPos=Rect(0, 0 - 0, 0)}
10-09 13:16:11.659  2042  4541 D ActivityManager: checkAllowBackground: uid=10163 pkg=com.google.android.gms rec=UidRecord{3efeecd u0a163 BTOP change:procadj procs:0 seq(598194,425084)} caps=LCMNFU always=false idle=false
10-09 13:16:11.659  2042  2693 I WindowManager: input method visible height changed 701
10-09 13:16:11.659  2042  3126 I ITouchFeature: current device and process support version:2
10-09 13:16:11.663  2042  2693 I WindowManager: wms.showSurfaceRobustly mWin:Window{49d5fba u0 InputMethod}
10-09 13:16:11.675  2042  4781 I InputMethodManagerService: IMMS.applyImeVisibility(), setVisible = true, mCurclient = ClientState{80c558e mUid=10172 mPid=17153 mSelfReportedDisplayId=0}
10-09 13:16:11.675  2042  4781 I WindowManager: WMS.showImePostLayout(), imeTarget = Window{edce952 u0 com.android.chrome/org.chromium.chrome.browser.ChromeTabbedActivity}
10-09 13:16:11.679  2042  2693 I ImeInsetsSourceProvider: ImeInsetsSourceProvider.scheduleShowImePostLayout() Run showImeRunner.
10-09 13:16:11.679  2042  2693 I ImeInsetsSourceProvider: ImeInsetsSourceProvider.scheduleShowImePostLayout() isReadyToShowIme.
10-09 13:16:11.687  4304  4304 D ArtChoreographerMonitor: invoke error.
10-09 13:16:11.689  4304  4484 D OneHandedController: stopOneHanded state is 0
10-09 13:16:11.858  4304  4304 D ArtChoreographerMonitor: invoke error.
10-09 13:16:12.373  2042  4541 D WindowManagerService: checkFlipFullScreenChange is same, nowIsFullScreen = false
10-09 13:16:12.390  2042  4541 D WindowManagerService: checkFlipFullScreenChange is same, nowIsFullScreen = false
10-09 13:16:12.418  2042  4020 W MIUIInput: Input event injection from package: null action ACTION_DOWN keycode 66
10-09 13:16:12.418  2042  4020 W MiuiInputKeyEventLog: keyCode:66 down:true eventTime:33581670 downTime:33581670 policyFlags:2b000000 flags:0 metaState:0 deviceId:-1 isScreenOn:true keyguardActive:false repeatCount:0
10-09 13:16:12.421  2042  2702 D HeapUsage Monitor: HeapAllocSize : 97MB; monitorSize : 500MB
10-09 13:16:12.428  2042  4020 W MIUIInput: Input event injection from package: null action ACTION_UP keycode 66
10-09 13:16:12.428  2042  4020 W MiuiInputKeyEventLog: keyCode:66 down:false eventTime:33581670 downTime:33581670 policyFlags:2b000000 flags:0 metaState:0 deviceId:-1 isScreenOn:true keyguardActive:false repeatCount:0
10-09 13:16:12.442  2042  4589 D ActivityManager: checkAllowBackground: uid=10163 pkg=com.google.android.gms rec=UidRecord{3efeecd u0a163 BTOP change:procadj procs:0 seq(598198,425084)} caps=LCMNFU always=false idle=false
10-09 13:16:12.443  2042  4589 W ProcessStats: Tracking association SourceState{997736f com.google.android.inputmethod.latin/10176 BFgs #95877} whose proc state 4 is better than process ProcessState{77bc03 com.google.android.gms/10163 pkg=com.google.android.gms} proc state 9 (196 skipped)
10-09 13:16:12.454  2042  4589 D ActivityManager: checkAllowBackground: uid=10163 pkg=com.google.android.gms rec=UidRecord{3efeecd u0a163 BTOP change:procadj procs:0 seq(598202,425084)} caps=LCMNFU always=false idle=false
10-09 13:16:12.462  2042  4541 D ActivityManager: checkAllowBackground: uid=10163 pkg=com.google.android.gms rec=UidRecord{3efeecd u0a163 BTOP change:procadj procs:0 seq(598206,425084)} caps=LCMNFU always=false idle=false
10-09 13:16:12.470  2042  4541 D ActivityManager: checkAllowBackground: uid=10163 pkg=com.google.android.gms rec=UidRecord{3efeecd u0a163 BTOP change:procadj procs:0 seq(598210,425084)} caps=LCMNFU always=false idle=false
10-09 13:16:12.475  2183  2183 I wificond: station_bandwidth: P
10-09 13:16:12.477  4304  4304 D ArtChoreographerMonitor: invoke error.
10-09 13:16:12.626  2042  4781 D SchedBoost: com.android.chrome:sandboxed_process0:org.chromium.content.app.SandboxedProcessService0:23 boosting, skip reset priority
10-09 13:16:12.630  2042  4541 I InputMethodManagerService: IMMS.applyImeVisibility(), setVisible = false, mCurclient = ClientState{80c558e mUid=10172 mPid=17153 mSelfReportedDisplayId=0}
10-09 13:16:12.644  2042  4781 W PackageConfigPersister: App-specific configuration not found for packageName: com.android.chrome and userId: 0
10-09 13:16:12.661  4304  4484 D MiuiFreeformModeController: avoidForInsetsBottomChangedIfNeed oldMoveableBottom: 2270 newMoveableBounds: 2270
10-09 13:16:12.662  4304  4484 D ImePositionProcessor: onImeVisibilityChanged     isShowing:  false
10-09 13:16:12.665  2042  2693 I WindowManager: input method visible height changed 0
10-09 13:16:12.665  2042  3126 I ITouchFeature: current device and process support version:2
10-09 13:16:12.671  4304  4484 D MiuiFreeformModeController: onImeVisibilityChanged imeVisible: false imeHeight: 0 adjustedForRotation:false
10-09 13:16:12.671  4304  4484 D MiuiFreeformModeAvoidAlgorithm: begin autoOrderingAvoidMiniTask
10-09 13:16:12.671  4304  4484 D MiuiFreeformModeAvoidAlgorithm: getCurrMiniPos: SameSideMiniPosList: []
10-09 13:16:12.671  4304  4484 D MiuiFreeformModeAvoidAlgorithm: getCurrMiniPos: SameSideMiniPosList: []
10-09 13:16:12.671  4304  4484 D MiuiFreeformModeAvoidAlgorithm: end autoOrderingAvoidMiniTask res:AvoidResult{distance=0, combination={}, activeTaskPos=Rect(0, 0 - 0, 0)}
10-09 13:16:12.672  2042  4020 D CoreBackPreview: Window{edce952 u0 com.android.chrome/org.chromium.chrome.browser.ChromeTabbedActivity}: Setting back callback OnBackInvokedCallbackInfo{mCallback=android.window.IOnBackInvokedCallback$Stub$Proxy@f59843, mPriority=0, mIsAnimationCallback=true}
10-09 13:16:12.803  4304  4304 D ArtChoreographerMonitor: invoke error.
10-09 13:16:13.176  2042  4020 I SmartPower: com.google.android.inputmethod.latin/10176(6431): visible->invisible(1625ms) R(become invisible) adj=100.
10-09 13:16:13.176  2042  4020 I SmartPower: com.google.android.inputmethod.latin/10176(6431): invisible->background(1ms) R(become background) adj=100.
10-09 13:16:13.180  4304  4484 D MiuiFreeformModeController: avoidForInsetsBottomChangedIfNeed oldMoveableBottom: 2270 newMoveableBounds: 2270
10-09 13:16:13.189  4304  4484 D MiuiFreeformModeController: avoidForInsetsBottomChangedIfNeed oldMoveableBottom: 2270 newMoveableBounds: 2270
10-09 13:16:13.547  2042  4772 W MIUIInput: Input event injection from package: null action ACTION_DOWN
10-09 13:16:13.548  2042  3516 I ProcessManager: getRenderThreadTidByPid, caller=2042
10-09 13:16:13.554  2042  3516 I ProcessManager: getRenderThreadTidByPid, caller=2042
10-09 13:16:13.641  2042  4772 W MIUIInput: Input event injection from package: null action ACTION_UP
10-09 13:16:14.481  2042  4589 W MIUIInput: Input event injection from package: null action ACTION_DOWN
10-09 13:16:14.482  2042  3516 I ProcessManager: getRenderThreadTidByPid, caller=2042
10-09 13:16:14.486  2042  3516 I ProcessManager: getRenderThreadTidByPid, caller=2042
10-09 13:16:14.568  2042  4589 W MIUIInput: Input event injection from package: null action ACTION_UP
10-09 13:16:15.408  2042  4772 W MIUIInput: Input event injection from package: null action ACTION_DOWN
10-09 13:16:15.409  2042  3516 I ProcessManager: getRenderThreadTidByPid, caller=2042
10-09 13:16:15.413  2042  3516 I ProcessManager: getRenderThreadTidByPid, caller=2042
10-09 13:16:15.487  2183  2183 I wificond: station_bandwidth: P
10-09 13:16:15.489  4304  4304 D ArtChoreographerMonitor: invoke error.
10-09 13:16:15.499  2042  4772 W MIUIInput: Input event injection from package: null action ACTION_UP
10-09 13:16:15.664  4304  4304 D ArtChoreographerMonitor: invoke error.
10-09 13:16:16.177  2042  3524 I SmartPower: com.google.android.inputmethod.latin/10176(6431): background->idle(3001ms) R(become background) adj=100.
10-09 13:16:16.344  2042  4020 W MIUIInput: Input event injection from package: null action ACTION_DOWN
10-09 13:16:16.346  2042  3516 I ProcessManager: getRenderThreadTidByPid, caller=2042
10-09 13:16:16.351  2042  3516 I ProcessManager: getRenderThreadTidByPid, caller=2042
10-09 13:16:16.433  2042  4020 W MIUIInput: Input event injection from package: null action ACTION_UP
10-09 13:16:17.281  2042  4589 W MIUIInput: Input event injection from package: null action ACTION_DOWN
10-09 13:16:17.281  2042  3516 I ProcessManager: getRenderThreadTidByPid, caller=2042
10-09 13:16:17.285  2042  3516 I ProcessManager: getRenderThreadTidByPid, caller=2042
10-09 13:16:17.369  2042  4589 W MIUIInput: Input event injection from package: null action ACTION_UP
10-09 13:16:18.208  2042  4589 W MIUIInput: Input event injection from package: null action ACTION_DOWN
10-09 13:16:18.210  2042  3516 I ProcessManager: getRenderThreadTidByPid, caller=2042
10-09 13:16:18.213  2042  3516 I ProcessManager: getRenderThreadTidByPid, caller=2042
10-09 13:16:18.297  2042  4589 W MIUIInput: Input event injection from package: null action ACTION_UP
10-09 13:16:18.498  2183  2183 I wificond: station_bandwidth: P
10-09 13:16:19.183  2042  4020 W MIUIInput: Input event injection from package: null action ACTION_DOWN
10-09 13:16:19.184  2042  3516 I ProcessManager: getRenderThreadTidByPid, caller=2042
10-09 13:16:19.186  2042  4020 W MIUIInput: Input event injection from package: null action ACTION_UP
10-09 13:16:19.199  2042  4589 D ActivityManager: checkAllowBackground: uid=10163 pkg=com.google.android.gms rec=UidRecord{3efeecd u0a163 BTOP change:procadj procs:0 seq(598214,425084)} caps=LCMNFU always=false idle=false
10-09 13:16:19.212  2042  4589 D ActivityManager: checkAllowBackground: uid=10163 pkg=com.google.android.gms rec=UidRecord{3efeecd u0a163 BTOP change:procadj procs:0 seq(598222,425084)} caps=LCMNFU always=false idle=false
10-09 13:16:19.229  2042  4589 D ActivityManager: checkAllowBackground: uid=10163 pkg=com.google.android.gms rec=UidRecord{3efeecd u0a163 BTOP change:procadj procs:0 seq(598226,425084)} caps=LCMNFU always=false idle=false
10-09 13:16:19.352  2042  4589 D ActivityManager: checkAllowBackground: uid=10163 pkg=com.google.android.gms rec=UidRecord{3efeecd u0a163 BTOP change:procadj procs:0 seq(598230,425084)} caps=LCMNFU always=false idle=false
10-09 13:16:19.475  2042  4589 D CompatibilityChangeReporter: Compat change id reported: 265464455; UID 10030; state: DISABLED
10-09 13:16:19.475  2042  4589 D CompatibilityChangeReporter: Compat change id reported: 265452344; UID 10030; state: DISABLED
10-09 13:16:19.475  2042  4589 D CompatibilityChangeReporter: Compat change id reported: 266124927; UID 10030; state: DISABLED
10-09 13:16:19.475  2042  4589 D CompatibilityChangeReporter: Compat change id reported: 265451093; UID 10030; state: DISABLED
10-09 13:16:19.475  2042  4589 D CompatibilityChangeReporter: Compat change id reported: 265456536; UID 10030; state: DISABLED
10-09 13:16:19.475  2042  4589 D CompatibilityChangeReporter: Compat change id reported: 255940284; UID 10030; state: DISABLED
10-09 13:16:19.475  2042  4589 D CompatibilityChangeReporter: Compat change id reported: 236283604; UID 10030; state: DISABLED
10-09 13:16:19.475  2042  4589 D CompatibilityChangeReporter: Compat change id reported: 263959004; UID 10030; state: DISABLED
10-09 13:16:19.476  2042  4589 D CompatibilityChangeReporter: Compat change id reported: 264304459; UID 10030; state: DISABLED
10-09 13:16:19.476  2042  4589 D CompatibilityChangeReporter: Compat change id reported: 264301586; UID 10030; state: DISABLED
10-09 13:16:19.476  2042  4589 D CompatibilityChangeReporter: Compat change id reported: 254631730; UID 10030; state: DISABLED
10-09 13:16:19.476  2042  4589 D CompatibilityChangeReporter: Compat change id reported: 273509367; UID 10030; state: DISABLED
10-09 13:16:19.476  2042  4589 D CompatibilityChangeReporter: Compat change id reported: 263259275; UID 10030; state: DISABLED
10-09 13:16:19.476  2042  4589 D CompatibilityChangeReporter: Compat change id reported: 174042980; UID 10030; state: DISABLED
10-09 13:16:19.476  2042  4589 D CompatibilityChangeReporter: Compat change id reported: 174042936; UID 10030; state: DISABLED
10-09 13:16:19.476  2042  4589 D CompatibilityChangeReporter: Compat change id reported: 181136395; UID 10030; state: DISABLED
10-09 13:16:19.477  2042  4589 D CompatibilityChangeReporter: Compat change id reported: 194480991; UID 10030; state: ENABLED
10-09 13:16:19.478  2042  4589 I SmartPower: eu.europa.ec.euidi/10030(19408): idle->invisible(15594ms) R(become foreground) adj=700.
10-09 13:16:19.478  2042  4589 D WindowManager: Collecting in transition 262: ActivityRecord{ab6154a u0 eu.europa.ec.euidi/eu.europa.ec.assemblylogic.ui.MainActivity init visibleRequested:false
10-09 13:16:19.479  2042  4589 D MiuiFreeFormManagerService: activeOrFullscreenFreeformTaskIfNeed startDefaultAr:false
10-09 13:16:19.479  2042  4589 D MiuiFreeFormManagerService: onStartActivityInner as = Task{dc38da0 #6455 type=standard A=10030:eu.europa.ec.euidi} op = null
10-09 13:16:19.481  2042  4589 D WindowManagerService: checkFlipFullScreenChange is same, nowIsFullScreen = false
10-09 13:16:19.482  2042  4589 D WindowManager: wms.Input focus has changed to null display=0 updateInputWindows = true
10-09 13:16:19.482  2042  4589 I MultiSenceManagerInternalStub: getInstance
10-09 13:16:19.482  2042  4589 D WindowManager: setLockTaskAuth: task=Task{dc38da0 #6455 type=standard A=10030:eu.europa.ec.euidi} mLockTaskAuth=LOCK_TASK_AUTH_PINNABLE
10-09 13:16:19.487  2042  4589 D WindowManager: Collecting in transition 262: ActivityRecord{ab6154a u0 eu.europa.ec.euidi/eu.europa.ec.assemblylogic.ui.MainActivity t-1} init visibleRequested:false
10-09 13:16:19.487  2042  4589 D WindowManager: Requesting StartTransition: TransitionRecord{b3fccbb id=262 type=OPEN flags=0x0}
10-09 13:16:19.488  2042  4589 D CompatibilityChangeReporter: Compat change id reported: 194833441; UID 10030; state: ENABLED
10-09 13:16:19.488  2042  4589 I ActivityTaskManager: START u0 {act=android.intent.action.VIEW cat=[android.intent.category.BROWSABLE] dat=eu.europa.ec.euidi://authorization/... flg=0x14000000 cmp=eu.europa.ec.euidi/eu.europa.ec.assemblylogic.ui.MainActivity (has extras)} with LAUNCH_SINGLE_TASK from uid 10172 from pid 17153 callingPackage com.android.chrome (BAL_ALLOW_VISIBLE_WINDOW) result code=2
10-09 13:16:19.492  4304  4484 I SoScUtils: monitorTransitionRequest mRequestOpenTransition:null mRequestOpenTriggerTask:-1 mRequestCloseTransition:null mRequestCloseTriggerTask:-1 mRequestCloseStageType:-1
10-09 13:16:19.492  2042  4772 D WindowManager: Set transition=TransitionRecord{b3fccbb id=262 type=OPEN flags=0x0}, ready=false, SyncId=262 used=true, override=false, defer=0, states=Display{#0 state=ON size=1080x2400 ROTATION_0}:false
10-09 13:16:19.494  4304  4484 D OneHandedController: stopOneHanded state is 0
10-09 13:16:19.494  4304  4484 D MiuiFullScreenTaskRepository: removeFocusedTask displayId=0
10-09 13:16:19.494  4304  4484 D MiuiFullScreenTaskRepository: addOrUpdateFullScreenTaskInfo taskId=6447, topActivity=ComponentInfo{com.android.chrome/org.chromium.chrome.browser.ChromeTabbedActivity}
10-09 13:16:19.494  4304  4484 D MiuiFullScreenTaskRepository: setFocusedTask taskId=6455, displayId=0, topActivity=ComponentInfo{eu.europa.ec.euidi/eu.europa.ec.assemblylogic.ui.MainActivity}
10-09 13:16:19.494  4304  4484 D MiuiFullScreenTaskRepository: addOrUpdateFullScreenTaskInfo taskId=6455, topActivity=ComponentInfo{eu.europa.ec.euidi/eu.europa.ec.assemblylogic.ui.MainActivity}
10-09 13:16:19.494  4304  4484 D MiuiFreeformModeController: onFocusTaskChanged taskInfo: TaskInfo{userId=0 taskId=6455 displayId=0 isRunning=true baseIntent=Intent { act=android.intent.action.MAIN cat=[android.intent.category.LAUNCHER] flg=0x10200000 cmp=eu.europa.ec.euidi/eu.europa.ec.assemblylogic.ui.MainActivity } baseActivity=ComponentInfo{eu.europa.ec.euidi/eu.europa.ec.assemblylogic.ui.MainActivity} topActivity=ComponentInfo{eu.europa.ec.euidi/eu.europa.ec.assemblylogic.ui.MainActivity} origActivity=null realActivity=ComponentInfo{eu.europa.ec.euidi/eu.europa.ec.assemblylogic.ui.MainActivity} numActivities=1 lastActiveTime=250272933 supportsSplitScreenMultiWindow=true supportsMultiWindow=true resizeMode=1 isResizeable=true minWidth=-1 minHeight=-1 defaultMinSize=200 token=WCT{android.window.IWindowContainerToken$Stub$Proxy@ecfc3b8} topActivityType=1 pictureInPictureParams=null shouldDockBigOverlays=false launchIntoPipHostTaskId=-1 lastParentTaskIdBeforePip=-1 displayCutoutSafeInsets=Rect(0, 94 - 0, 0) topActivityInfo=ActivityInfo{4689591 eu.europa.ec.assemblylogic.ui.MainActivity} launchCookies=[] positionInParent=Point(0, 0) parentTaskId=-1 isFocused=true isVisible=false isVisibleRequested=false isSleeping=false topActivityInSizeCompat=false topActivityInMiuiSizeCompat=false topActivityEligibleForLetterboxEducation= false topActivityLetterboxed= false isFromDoubleTap= false topActivityLetterboxVerticalPosition= -1 topActivityLetterboxHorizontalPosition= -1 topActivityLetterboxWidth=-1 topActivityLetterboxHeight=-1 locusId=null displayAreaFeatureId=1 cameraCompatControlState=hidden mIsCastMode=false mTopActivityMediaSize=null mTopActivityRecordName=ActivityRecord{7e2c5d2 u0 eu.europa.ec.euidi/eu.europa.ec.assemblylogic.ui.MainActivity t6455} mTopActivityOrientation=-2 mTopActivityWindowIsNowVisible=false isTranslucent=true isEmbedded=false shouldBeVisible=true isImmersive=false mBehindAppLockPkg=null mOriginatingUid=0}
10-09 13:16:19.494  4304  4484 D MiuiDesktopModeController: onFocusTaskChanged newFocus: TaskInfo{userId=0 taskId=6455 displayId=0 isRunning=true baseIntent=Intent { act=android.intent.action.MAIN cat=[android.intent.category.LAUNCHER] flg=0x10200000 cmp=eu.europa.ec.euidi/eu.europa.ec.assemblylogic.ui.MainActivity } baseActivity=ComponentInfo{eu.europa.ec.euidi/eu.europa.ec.assemblylogic.ui.MainActivity} topActivity=ComponentInfo{eu.europa.ec.euidi/eu.europa.ec.assemblylogic.ui.MainActivity} origActivity=null realActivity=ComponentInfo{eu.europa.ec.euidi/eu.europa.ec.assemblylogic.ui.MainActivity} numActivities=1 lastActiveTime=250272933 supportsSplitScreenMultiWindow=true supportsMultiWindow=true resizeMode=1 isResizeable=true minWidth=-1 minHeight=-1 defaultMinSize=200 token=WCT{android.window.IWindowContainerToken$Stub$Proxy@ecfc3b8} topActivityType=1 pictureInPictureParams=null shouldDockBigOverlays=false launchIntoPipHostTaskId=-1 lastParentTaskIdBeforePip=-1 displayCutoutSafeInsets=Rect(0, 94 - 0, 0) topActivityInfo=ActivityInfo{4689591 eu.europa.ec.assemblylogic.ui.MainActivity} launchCookies=[] positionInParent=Point(0, 0) parentTaskId=-1 isFocused=true isVisible=false isVisibleRequested=false isSleeping=false topActivityInSizeCompat=false topActivityInMiuiSizeCompat=false topActivityEligibleForLetterboxEducation= false topActivityLetterboxed= false isFromDoubleTap= false topActivityLetterboxVerticalPosition= -1 topActivityLetterboxHorizontalPosition= -1 topActivityLetterboxWidth=-1 topActivityLetterboxHeight=-1 locusId=null displayAreaFeatureId=1 cameraCompatControlState=hidden mIsCastMode=false mTopActivityMediaSize=null mTopActivityRecordName=ActivityRecord{7e2c5d2 u0 eu.europa.ec.euidi/eu.europa.ec.assemblylogic.ui.MainActivity t6455} mTopActivityOrientation=-2 mTopActivityWindowIsNowVisible=false isTranslucent=true isEmbedded=false shouldBeVisible=true isImmersive=false mBehindAppLockPkg=null mOriginatingUid=0}
10-09 13:16:19.494  4304  4484 D WindowManagerShell: onActivityRestartAttempt: ComponentInfo{eu.europa.ec.euidi/eu.europa.ec.assemblylogic.ui.MainActivity}
10-09 13:16:19.516  2042  4781 D WindowManager: Collecting in transition 262: ActivityRecord{7e2c5d2 u0 eu.europa.ec.euidi/eu.europa.ec.assemblylogic.ui.MainActivity t6455} init visibleRequested:false
10-09 13:16:19.516  2042  4781 E Transition: Trying to add a ready-group twice: Display{#0 state=ON size=1080x2400 ROTATION_0}
10-09 13:16:19.519  2042  4781 D WindowManagerService: checkFlipFullScreenChange is same, nowIsFullScreen = false
10-09 13:16:19.521  2042  4781 D WindowManager: Collecting in transition 262: ActivityRecord{1b6b9ad u0 com.android.chrome/org.chromium.chrome.browser.ChromeTabbedActivity t6447} init visibleRequested:true
10-09 13:16:19.523  2042  4772 W AutofillManagerServiceImpl: getFillEventHistory() called by UID 10273, but service UID is 10163
10-09 13:16:19.524  2042  4781 D WindowManager: Collecting in transition 262: ActivityRecord{7e2c5d2 u0 eu.europa.ec.euidi/eu.europa.ec.assemblylogic.ui.MainActivity t6455} init visibleRequested:true
10-09 13:16:19.524  2042  4781 D WindowManager: Set transition=TransitionRecord{b3fccbb id=262 type=OPEN flags=0x0}, ready=true, SyncId=262 
10-09 13:16:19.524  4304  4484 D MiuiFullScreenTaskRepository: setFocusedTask taskId=6455, displayId=0, topActivity=ComponentInfo{eu.europa.ec.euidi/eu.europa.ec.assemblylogic.ui.MainActivity}
10-09 13:16:19.524  4304  4484 D MiuiFullScreenTaskRepository: addOrUpdateFullScreenTaskInfo taskId=6455, topActivity=ComponentInfo{eu.europa.ec.euidi/eu.europa.ec.assemblylogic.ui.MainActivity}
10-09 13:16:19.528  2042  4781 I BLASTSyncEngine: SyncGroup 262:  Unfinished container:ActivityRecord{7e2c5d2 u0 eu.europa.ec.euidi/eu.europa.ec.assemblylogic.ui.MainActivity t6455}
10-09 13:16:19.528  2042  4781 I BLASTSyncEngine: isActivitySyncFinished isSyncFinished false ActivityRecord{7e2c5d2 u0 eu.europa.ec.euidi/eu.europa.ec.assemblylogic.ui.MainActivity t6455}
10-09 13:16:19.530  2042  2690 D Aurogon :  uid = 10030 switch to FG
10-09 13:16:19.564  4304  5417 D MiuiFreeformModeObserver: activityResumed() intent Intent { cmp=eu.europa.ec.euidi/eu.europa.ec.assemblylogic.ui.MainActivity (has extras) }
10-09 13:16:19.572  2042  4589 I BLASTSyncEngine: SyncGroup 262:  Unfinished container:ActivityRecord{7e2c5d2 u0 eu.europa.ec.euidi/eu.europa.ec.assemblylogic.ui.MainActivity t6455}
10-09 13:16:19.572  2042  4589 I BLASTSyncEngine: isActivitySyncFinished isSyncFinished false ActivityRecord{7e2c5d2 u0 eu.europa.ec.euidi/eu.europa.ec.assemblylogic.ui.MainActivity t6455}
10-09 13:16:19.573  2042  4589 I WindowManager: cancelAnimation removed leash : Surface(name=Surface(name=704023a StatusBar#94)/@0xa8be448 - animation-leash of insets_animation#5109)/@0xb852d2e
10-09 13:16:19.578  2042  4589 I WindowManager: cancelAnimation removed leash : Surface(name=Surface(name=d968687 NavigationBar0#90)/@0x2f479dd - animation-leash of insets_animation#5115)/@0xe42a8fd
10-09 13:16:19.581  2042  4589 D WindowManager: wms.Input focus has changed to Window{3b9492 u0 eu.europa.ec.euidi/eu.europa.ec.assemblylogic.ui.MainActivity} display=0 updateInputWindows = true
10-09 13:16:19.581  2042  4589 I MultiSenceManagerInternalStub: getInstance
10-09 13:16:19.611  2042  4589 D WindowManager: wms.finishDrawingLocked: mDrawState=COMMIT_DRAW_PENDING Window{3b9492 u0 eu.europa.ec.euidi/eu.europa.ec.assemblylogic.ui.MainActivity} in Surface(name=eu.europa.ec.euidi/eu.europa.ec.assemblylogic.ui.MainActivity#5116)/@0x2947997
10-09 13:16:19.618  2042  2693 I SmartPower: eu.europa.ec.euidi/10030(19408): invisible->visible(140ms) R(become visible) adj=0.
10-09 13:16:19.618  2042  2693 I WindowManager: wms.showSurfaceRobustly mWin:Window{3b9492 u0 eu.europa.ec.euidi/eu.europa.ec.assemblylogic.ui.MainActivity}
10-09 13:16:19.618  2042  2693 D WindowManager: Final targets: [Task{dc38da0 #6455 type=standard A=10030:eu.europa.ec.euidi}, Task{f3a7d2e #6447 type=standard A=10172:com.android.chrome}]
10-09 13:16:19.644  2042  2693 D WindowManager: Calling onTransitionReady info={id=262 t=OPEN f=0x0 trk=0 r=[0@Point(0, 0)] c=[{WCT{RemoteToken{3ce30ef Task{dc38da0 #6455 type=standard A=10030:eu.europa.ec.euidi}}} m=TO_FRONT f=MOVE_TO_TOP leash=Surface(name=Task=6455#5044)/@0x64066a3 sb=Rect(0, 0 - 1080, 2400) eb=Rect(0, 0 - 1080, 2400) d=0},{WCT{RemoteToken{ab02a8e Task{f3a7d2e #6447 type=standard A=10172:com.android.chrome}}} m=TO_BACK f=NONE leash=Surface(name=Task=6447#4700)/@0x9b243a9 sb=Rect(0, 0 - 1080, 2400) eb=Rect(0, 0 - 1080, 2400) d=0}] noAni=[false] df=[false] mk=[true] nc=[0]}, mToken=Token{fa664fa TransitionRecord{b3fccbb id=262 type=OPEN flags=0x0}}
10-09 13:16:19.645  2042  2693 I BLASTSyncEngine: finishNow: after onTransactionReady, mSyncId=262
10-09 13:16:19.648  4304  4484 D MiuiFreeformAnimation: startAnimation change: {WCT{android.window.IWindowContainerToken$Stub$Proxy@2eff9cd} m=TO_FRONT f=MOVE_TO_TOP leash=Surface(name=Task=6455#5044)/@0xd400cf6 sb=Rect(0, 0 - 1080, 2400) eb=Rect(0, 0 - 1080, 2400) d=0} info.getType(): 1
10-09 13:16:19.648  4304  4484 I MiuiFreeformAnimation: isLaunchWidgetPicker=false,taskInfo.getWindowingMode()=1, taskInfo.getActivityType()=1
10-09 13:16:19.651  4304  4484 D MiuiFreeformAnimation: startAnimation change: {WCT{android.window.IWindowContainerToken$Stub$Proxy@fd80282} m=TO_BACK f=NONE leash=Surface(name=Task=6447#4700)/@0x47ca8f7 sb=Rect(0, 0 - 1080, 2400) eb=Rect(0, 0 - 1080, 2400) d=0} info.getType(): 1
10-09 13:16:19.651  4304  4484 W MiuiTaskTransitionHandler: Receive an unknown transition, token=android.os.BinderProxy@ff43d15, type=1
10-09 13:16:19.652  4304  4484 D TransitionAnimationHelper:  load default animation  type = 1 enter = false animAttr = 9 isTask = true translucent = false
10-09 13:16:19.653  4304  4484 D TransitionAnimationHelper:  load default animation  type = 1 enter = true animAttr = 8 isTask = true translucent = false
10-09 13:16:19.654  4304  4520 D ShellTransitions: speed ui!!!!!!!!!!!
10-09 13:16:19.654  4304  4484 D MiuiFullScreenTaskRepository: setFocusedTask taskId=6455, displayId=0, topActivity=ComponentInfo{eu.europa.ec.euidi/eu.europa.ec.assemblylogic.ui.MainActivity}
10-09 13:16:19.655  4304  4520 D ArtChoreographerMonitor: invoke error.
10-09 13:16:19.657  4304  4484 D MiuiFullScreenTaskRepository: addOrUpdateFullScreenTaskInfo taskId=6455, topActivity=ComponentInfo{eu.europa.ec.euidi/eu.europa.ec.assemblylogic.ui.MainActivity}
10-09 13:16:19.663  4304  4484 D SoScUtils: monitorTransitionFinished transition:android.os.BinderProxy@ff43d15 transaction: android.view.SurfaceControl$Transaction@a5f5fda mRequestCloseTransition:null mRequestOpenTransition:null mPairsOpenTransition:null mPairsOpenTransitionNull:null mRequestOpenTriggerTask:-1 mRequestCloseTriggerTask:-1 mOrientationTransition: null mMainStartingTask:-1 mSideStartingTask:-1
10-09 13:16:19.667  2042  2692 D SchedBoost: com.android.chrome boosting, skip reset priority
10-09 13:16:19.667  2042  2692 D SchedBoost: com.android.chrome:sandboxed_process0:org.chromium.content.app.SandboxedProcessService0:23 boosting, skip reset priority
10-09 13:16:19.667  2042  2692 D SchedBoost: com.google.android.adservices.api boosting, skip reset priority
10-09 13:16:19.667  2042  2692 D SchedBoost: com.android.chrome:privileged_process0 boosting, skip reset priority
10-09 13:16:19.672  2042  4020 I Transition: finishTransition: updateLastSurfacePosition tf=Task{dc38da0 #6455 type=standard A=10030:eu.europa.ec.euidi}
10-09 13:16:19.679  2042  2692 I SmartPower: com.android.chrome/10172(17153): visible->invisible(18845ms) R(become invisible) adj=200.
10-09 13:16:19.679  2042  2692 I SmartPower: com.android.chrome:privileged_process0/10172(17266): invisible->background(19076ms) R(become background) adj=200.
10-09 13:16:19.680  2042  2692 I SmartPower: com.android.chrome/10172(17153): invisible->background(0ms) R(become background) adj=200.
10-09 13:16:19.680  4304  4484 D MiuiFullScreenTaskRepository: addOrUpdateFullScreenTaskInfo taskId=6447, topActivity=ComponentInfo{com.android.chrome/org.chromium.chrome.browser.ChromeTabbedActivity}
10-09 13:16:19.687  2042  3110 D CompatibilityChangeReporter: Compat change id reported: 265195908; UID 10172; state: ENABLED
10-09 13:16:19.689  2042  6879 I WindowManager: cancelAnimation removed leash : Surface(name=Surface(name=49d5fba InputMethod#118)/@0xbb23dc8 - animation-leash of insets_animation#5097)/@0xe070dbe
10-09 13:16:19.690  2042  4541 W PackageConfigPersister: App-specific configuration not found for packageName: eu.europa.ec.euidi and userId: 0
10-09 13:16:19.711  2042  6879 D CoreBackPreview: Window{edce952 u0 com.android.chrome/org.chromium.chrome.browser.ChromeTabbedActivity}: Setting back callback OnBackInvokedCallbackInfo{mCallback=android.window.IOnBackInvokedCallback$Stub$Proxy@c4ac6d9, mPriority=-1, mIsAnimationCallback=false}
10-09 13:16:19.737 17153 17153 D ActivityThread: Fail to check app heapsize due to java.lang.NoSuchMethodException: dalvik.system.VMRuntime.getBlockingGcCountForAlloc []
10-09 13:16:19.740  2042  2690 D Aurogon :  uid = 10172 switch to BG
10-09 13:16:19.740  2042  3500 D isUidValid: uid = 10172
10-09 13:16:19.829  4304  4304 D ArtChoreographerMonitor: invoke error.
10-09 13:16:19.924   702  8462 W keystore2: system/security/keystore2/src/remote_provisioning.rs:102 - Error occurred: system/security/keystore2/src/rkpd_client.rs:307: Trying to get to IRegistration service.
10-09 13:16:19.924   702  8462 W keystore2: 
10-09 13:16:19.924   702  8462 W keystore2: Caused by:
10-09 13:16:19.924   702  8462 W keystore2:     0: system/security/keystore2/src/rkpd_client.rs:162: Trying to get IRPC name.
10-09 13:16:19.924   702  8462 W keystore2:     1: system/security/keystore2/src/globals.rs:440
10-09 13:16:19.924   702  8462 W keystore2:     2: Error::Km(r#HARDWARE_TYPE_UNAVAILABLE)
10-09 13:16:19.961   702  8462 W keystore2: system/security/keystore2/src/remote_provisioning.rs:102 - Error occurred: system/security/keystore2/src/rkpd_client.rs:307: Trying to get to IRegistration service.
10-09 13:16:19.961   702  8462 W keystore2: 
10-09 13:16:19.961   702  8462 W keystore2: Caused by:
10-09 13:16:19.961   702  8462 W keystore2:     0: system/security/keystore2/src/rkpd_client.rs:162: Trying to get IRPC name.
10-09 13:16:19.961   702  8462 W keystore2:     1: system/security/keystore2/src/globals.rs:440
10-09 13:16:19.961   702  8462 W keystore2:     2: Error::Km(r#HARDWARE_TYPE_UNAVAILABLE)
10-09 13:16:19.988   702  8462 W keystore2: system/security/keystore2/src/remote_provisioning.rs:102 - Error occurred: system/security/keystore2/src/rkpd_client.rs:307: Trying to get to IRegistration service.
10-09 13:16:19.988   702  8462 W keystore2: 
10-09 13:16:19.988   702  8462 W keystore2: Caused by:
10-09 13:16:19.988   702  8462 W keystore2:     0: system/security/keystore2/src/rkpd_client.rs:162: Trying to get IRPC name.
10-09 13:16:19.988   702  8462 W keystore2:     1: system/security/keystore2/src/globals.rs:440
10-09 13:16:19.988   702  8462 W keystore2:     2: Error::Km(r#HARDWARE_TYPE_UNAVAILABLE)
10-09 13:16:20.014   702  8462 W keystore2: system/security/keystore2/src/remote_provisioning.rs:102 - Error occurred: system/security/keystore2/src/rkpd_client.rs:307: Trying to get to IRegistration service.
10-09 13:16:20.014   702  8462 W keystore2: 
10-09 13:16:20.014   702  8462 W keystore2: Caused by:
10-09 13:16:20.014   702  8462 W keystore2:     0: system/security/keystore2/src/rkpd_client.rs:162: Trying to get IRPC name.
10-09 13:16:20.014   702  8462 W keystore2:     1: system/security/keystore2/src/globals.rs:440
10-09 13:16:20.014   702  8462 W keystore2:     2: Error::Km(r#HARDWARE_TYPE_UNAVAILABLE)
10-09 13:16:20.040   702  8462 W keystore2: system/security/keystore2/src/remote_provisioning.rs:102 - Error occurred: system/security/keystore2/src/rkpd_client.rs:307: Trying to get to IRegistration service.
10-09 13:16:20.040   702  8462 W keystore2: 
10-09 13:16:20.040   702  8462 W keystore2: Caused by:
10-09 13:16:20.040   702  8462 W keystore2:     0: system/security/keystore2/src/rkpd_client.rs:162: Trying to get IRPC name.
10-09 13:16:20.040   702  8462 W keystore2:     1: system/security/keystore2/src/globals.rs:440
10-09 13:16:20.040   702  8462 W keystore2:     2: Error::Km(r#HARDWARE_TYPE_UNAVAILABLE)
10-09 13:16:20.066   702  8462 W keystore2: system/security/keystore2/src/remote_provisioning.rs:102 - Error occurred: system/security/keystore2/src/rkpd_client.rs:307: Trying to get to IRegistration service.
10-09 13:16:20.066   702  8462 W keystore2: 
10-09 13:16:20.066   702  8462 W keystore2: Caused by:
10-09 13:16:20.066   702  8462 W keystore2:     0: system/security/keystore2/src/rkpd_client.rs:162: Trying to get IRPC name.
10-09 13:16:20.066   702  8462 W keystore2:     1: system/security/keystore2/src/globals.rs:440
10-09 13:16:20.066   702  8462 W keystore2:     2: Error::Km(r#HARDWARE_TYPE_UNAVAILABLE)
10-09 13:16:20.093   702  8462 W keystore2: system/security/keystore2/src/remote_provisioning.rs:102 - Error occurred: system/security/keystore2/src/rkpd_client.rs:307: Trying to get to IRegistration service.
10-09 13:16:20.093   702  8462 W keystore2: 
10-09 13:16:20.093   702  8462 W keystore2: Caused by:
10-09 13:16:20.093   702  8462 W keystore2:     0: system/security/keystore2/src/rkpd_client.rs:162: Trying to get IRPC name.
10-09 13:16:20.093   702  8462 W keystore2:     1: system/security/keystore2/src/globals.rs:440
10-09 13:16:20.093   702  8462 W keystore2:     2: Error::Km(r#HARDWARE_TYPE_UNAVAILABLE)
10-09 13:16:20.118   702  8462 W keystore2: system/security/keystore2/src/remote_provisioning.rs:102 - Error occurred: system/security/keystore2/src/rkpd_client.rs:307: Trying to get to IRegistration service.
10-09 13:16:20.118   702  8462 W keystore2: 
10-09 13:16:20.118   702  8462 W keystore2: Caused by:
10-09 13:16:20.118   702  8462 W keystore2:     0: system/security/keystore2/src/rkpd_client.rs:162: Trying to get IRPC name.
10-09 13:16:20.118   702  8462 W keystore2:     1: system/security/keystore2/src/globals.rs:440
10-09 13:16:20.118   702  8462 W keystore2:     2: Error::Km(r#HARDWARE_TYPE_UNAVAILABLE)
10-09 13:16:20.144   702  8462 W keystore2: system/security/keystore2/src/remote_provisioning.rs:102 - Error occurred: system/security/keystore2/src/rkpd_client.rs:307: Trying to get to IRegistration service.
10-09 13:16:20.144   702  8462 W keystore2: 
10-09 13:16:20.144   702  8462 W keystore2: Caused by:
10-09 13:16:20.144   702  8462 W keystore2:     0: system/security/keystore2/src/rkpd_client.rs:162: Trying to get IRPC name.
10-09 13:16:20.144   702  8462 W keystore2:     1: system/security/keystore2/src/globals.rs:440
10-09 13:16:20.144   702  8462 W keystore2:     2: Error::Km(r#HARDWARE_TYPE_UNAVAILABLE)
10-09 13:16:20.171   702  8462 W keystore2: system/security/keystore2/src/remote_provisioning.rs:102 - Error occurred: system/security/keystore2/src/rkpd_client.rs:307: Trying to get to IRegistration service.
10-09 13:16:20.171   702  8462 W keystore2: 
10-09 13:16:20.171   702  8462 W keystore2: Caused by:
10-09 13:16:20.171   702  8462 W keystore2:     0: system/security/keystore2/src/rkpd_client.rs:162: Trying to get IRPC name.
10-09 13:16:20.171   702  8462 W keystore2:     1: system/security/keystore2/src/globals.rs:440
10-09 13:16:20.171   702  8462 W keystore2:     2: Error::Km(r#HARDWARE_TYPE_UNAVAILABLE)
10-09 13:16:21.205  4304  4304 I MiuiChargeManager: notifyBatteryStatusChanged:  status: 2 isPlugged: 1 level: 61 wireState: 11 chargeSpeed: 1 mChargeType: 1 chargeDeviceType: 1 maxChargingWattage: 33 isCarCharge: -1 SUPPORT_BROADCAST_QUICK_CHARGE: true
10-09 13:16:21.207  4304  4304 D ArtChoreographerMonitor: invoke error.
10-09 13:16:21.209  2042  2042 D ActivityManager: checkAllowBackground: uid=1000 pkg=com.android.settings rec=UidRecord{b77cac0 1000 PER  fgServices change:procadj procs:0 seq(598519,448524)} caps=LCMNFU always=true idle=false
10-09 13:16:21.209  2042  2042 I ActivityManager: App 1000/com.android.settings targets O+, restricted
10-09 13:16:21.209  2042  2042 D ActivityManager: checkAllowBackground: uid=1000 pkg=com.android.settings startMode=2 onallowlist=false onallowlist(ei)=false
10-09 13:16:21.209  2042  2042 D ActivityManager: checkAllowBackground: uid=10162 pkg=com.google.android.apps.turbo rec=UidRecord{d86792b u0a162 CEM  idle change:procadj procs:0 seq(598476,272698)} caps=------ always=true idle=true
10-09 13:16:21.209  2042  2042 I ActivityManager: App 10162/com.google.android.apps.turbo targets O+, restricted
10-09 13:16:21.209  2042  2042 D ActivityManager: checkAllowBackground: uid=10162 pkg=com.google.android.apps.turbo startMode=2 onallowlist=false onallowlist(ei)=true
10-09 13:16:21.209  2042  2042 D UiModeManager: updateConfigurationLocked: mDockState=0; mCarMode=false; mCar=false; mPowerSave=false; mOverrideNightModeOn=false; mOverrideNightModeOff=false; mComputedNightMode=false; mNightMode=1; uiMode=17
10-09 13:16:21.211  2042  2787 D ActivityManager: checkAllowBackground: uid=1000 pkg=com.android.settings rec=UidRecord{b77cac0 1000 PER  fgServices change:procadj procs:0 seq(598519,448524)} caps=LCMNFU always=true idle=false
10-09 13:16:21.211  2042  2787 I ActivityManager: App 1000/com.android.settings targets O+, restricted
10-09 13:16:21.211  2042  2787 D ActivityManager: checkAllowBackground: uid=1000 pkg=com.android.settings startMode=2 onallowlist=false onallowlist(ei)=false
10-09 13:16:21.212  2042  2787 D ActivityManager: checkAllowBackground: uid=10162 pkg=com.google.android.apps.turbo rec=UidRecord{d86792b u0a162 CEM  idle change:procadj procs:0 seq(598476,272698)} caps=------ always=true idle=true
10-09 13:16:21.212  2042  2787 I ActivityManager: App 10162/com.google.android.apps.turbo targets O+, restricted
10-09 13:16:21.212  2042  2787 D ActivityManager: checkAllowBackground: uid=10162 pkg=com.google.android.apps.turbo startMode=2 onallowlist=false onallowlist(ei)=true
10-09 13:16:21.212  2042  2787 I SmartPower: com.google.android.apps.turbo/10162(22201): idle->background(297982ms) R(broadcast start Intent { act=android.intent.action.BATTERY_LEVEL_CHANGED flg=0x1000010 (has extras) }) adj=905.
10-09 13:16:21.385  4304  4304 D ArtChoreographerMonitor: invoke error.
10-09 13:16:21.504  2183  2183 I wificond: station_bandwidth: P
10-09 13:16:21.705  2042  2787 I SmartPower: com.xiaomi.discover/10121(23492): idle->background(47619ms) R(broadcast start Intent { act=android.intent.action.BATTERY_CHANGED flg=0x60000010 (has extras) }) adj=905.
10-09 13:16:21.705  2042  2787 I SmartPower: com.miui.android.fashiongallery/10228(32611): idle->background(47619ms) R(broadcast start Intent { act=android.intent.action.BATTERY_CHANGED flg=0x60000010 (has extras) }) adj=905.
10-09 13:16:21.705  2042  2787 I SmartPower: com.facebook.appmanager/10138(27658): idle->background(47620ms) R(broadcast start Intent { act=android.intent.action.BATTERY_CHANGED flg=0x60000010 (has extras) }) adj=905.
10-09 13:16:21.706  2042  2787 I SmartPower: com.facebook.katana/10243(13231): idle->background(47619ms) R(broadcast start Intent { act=android.intent.action.BATTERY_CHANGED flg=0x60000010 (has extras) }) adj=905.
10-09 13:16:21.706  2042  2787 I SmartPower: com.google.android.apps.tachyon/10226(15532): idle->background(47620ms) R(broadcast start Intent { act=android.intent.action.BATTERY_CHANGED flg=0x60000010 (has extras) }) adj=965.
10-09 13:16:21.707  2042  2787 I SmartPower: com.microsoft.teams/10266(15546): idle->background(47618ms) R(broadcast start Intent { act=android.intent.action.BATTERY_CHANGED flg=0x60000010 (has extras) }) adj=900.
10-09 13:16:21.707  2042  2787 I SmartPower: com.google.android.apps.magazines/10234(19722): idle->background(47619ms) R(broadcast start Intent { act=android.intent.action.BATTERY_CHANGED flg=0x60000010 (has extras) }) adj=905.
10-09 13:16:21.865  2042  6879 W MIUIInput: Input event injection from package: null action ACTION_DOWN
10-09 13:16:21.869  2042  6879 W MIUIInput: Input event injection from package: null action ACTION_UP
