--------- beginning of crash
10-06 15:45:22.422  2273  2273 F libc    : Fatal signal 6 (SIGABRT), code -1 (SI_QUEUE) in tid 2273 (init), pid 2273 (init)
10-06 15:45:22.495  2273  2273 F libc    : crash_dump helper failed to exec, or was killed
10-06 15:45:42.434  5433  5433 F libc    : Fatal signal 6 (SIGABRT), code -1 (SI_QUEUE) in tid 5433 (init), pid 5433 (init)
10-06 15:45:42.479  5433  5433 F libc    : crash_dump helper failed to exec, or was killed
10-09 16:56:31.677  2625  2657 E AndroidRuntime: FATAL EXCEPTION: Instr: androidx.test.runner.AndroidJUnitRunner
10-09 16:56:31.677  2625  2657 E AndroidRuntime: Process: io.appium.uiautomator2.server, PID: 2625
10-09 16:56:31.677  2625  2657 E AndroidRuntime: java.lang.RuntimeException: Error while disconnecting UiAutomation@c7f8431[id=-1, displayId=0, flags=0]
10-09 16:56:31.677  2625  2657 E AndroidRuntime: 	at android.app.UiAutomation.disconnect(UiAutomation.java:451)
10-09 16:56:31.677  2625  2657 E AndroidRuntime: 	at android.app.Instrumentation.finish(Instrumentation.java:275)
10-09 16:56:31.677  2625  2657 E AndroidRuntime: 	at androidx.test.runner.MonitoringInstrumentation.finish(MonitoringInstrumentation.java:381)
10-09 16:56:31.677  2625  2657 E AndroidRuntime: 	at androidx.test.runner.AndroidJUnitRunner.finish(AndroidJUnitRunner.java:463)
10-09 16:56:31.677  2625  2657 E AndroidRuntime: 	at androidx.test.runner.AndroidJUnitRunner.onStart(AndroidJUnitRunner.java:452)
10-09 16:56:31.677  2625  2657 E AndroidRuntime: 	at android.app.Instrumentation$InstrumentationThread.run(Instrumentation.java:2446)
10-09 16:56:31.677  2625  2657 E AndroidRuntime: Caused by: android.os.DeadObjectException
10-09 16:56:31.677  2625  2657 E AndroidRuntime: 	at android.os.BinderProxy.transactNative(Native Method)
10-09 16:56:31.677  2625  2657 E AndroidRuntime: 	at android.os.BinderProxy.transact(BinderProxy.java:639)
10-09 16:56:31.677  2625  2657 E AndroidRuntime: 	at android.app.IUiAutomationConnection$Stub$Proxy.disconnect(IUiAutomationConnection.java:471)
10-09 16:56:31.677  2625  2657 E AndroidRuntime: 	at android.app.UiAutomation.disconnect(UiAutomation.java:449)
10-09 16:56:31.677  2625  2657 E AndroidRuntime: 	... 5 more
10-10 10:32:35.124 15632 15655 E AndroidRuntime: FATAL EXCEPTION: Instr: androidx.test.runner.AndroidJUnitRunner
10-10 10:32:35.124 15632 15655 E AndroidRuntime: Process: io.appium.uiautomator2.server, PID: 15632
10-10 10:32:35.124 15632 15655 E AndroidRuntime: java.lang.RuntimeException: Error while disconnecting UiAutomation@c967aad[id=-1, displayId=0, flags=0]
10-10 10:32:35.124 15632 15655 E AndroidRuntime: 	at android.app.UiAutomation.disconnect(UiAutomation.java:451)
10-10 10:32:35.124 15632 15655 E AndroidRuntime: 	at android.app.Instrumentation.finish(Instrumentation.java:275)
10-10 10:32:35.124 15632 15655 E AndroidRuntime: 	at androidx.test.runner.MonitoringInstrumentation.finish(MonitoringInstrumentation.java:381)
10-10 10:32:35.124 15632 15655 E AndroidRuntime: 	at androidx.test.runner.AndroidJUnitRunner.finish(AndroidJUnitRunner.java:463)
10-10 10:32:35.124 15632 15655 E AndroidRuntime: 	at androidx.test.runner.AndroidJUnitRunner.onStart(AndroidJUnitRunner.java:452)
10-10 10:32:35.124 15632 15655 E AndroidRuntime: 	at android.app.Instrumentation$InstrumentationThread.run(Instrumentation.java:2446)
10-10 10:32:35.124 15632 15655 E AndroidRuntime: Caused by: android.os.DeadObjectException
10-10 10:32:35.124 15632 15655 E AndroidRuntime: 	at android.os.BinderProxy.transactNative(Native Method)
10-10 10:32:35.124 15632 15655 E AndroidRuntime: 	at android.os.BinderProxy.transact(BinderProxy.java:639)
10-10 10:32:35.124 15632 15655 E AndroidRuntime: 	at android.app.IUiAutomationConnection$Stub$Proxy.disconnect(IUiAutomationConnection.java:471)
10-10 10:32:35.124 15632 15655 E AndroidRuntime: 	at android.app.UiAutomation.disconnect(UiAutomation.java:449)
10-10 10:32:35.124 15632 15655 E AndroidRuntime: 	... 5 more
10-10 15:46:49.429   910   924 E AndroidRuntime: FATAL EXCEPTION: Instr: androidx.test.runner.AndroidJUnitRunner
10-10 15:46:49.429   910   924 E AndroidRuntime: Process: io.appium.uiautomator2.server, PID: 910
10-10 15:46:49.429   910   924 E AndroidRuntime: java.lang.RuntimeException: Error while disconnecting UiAutomation@cef7efc[id=-1, displayId=0, flags=0]
10-10 15:46:49.429   910   924 E AndroidRuntime: 	at android.app.UiAutomation.disconnect(UiAutomation.java:451)
10-10 15:46:49.429   910   924 E AndroidRuntime: 	at android.app.Instrumentation.finish(Instrumentation.java:275)
10-10 15:46:49.429   910   924 E AndroidRuntime: 	at androidx.test.runner.MonitoringInstrumentation.finish(MonitoringInstrumentation.java:381)
10-10 15:46:49.429   910   924 E AndroidRuntime: 	at androidx.test.runner.AndroidJUnitRunner.finish(AndroidJUnitRunner.java:463)
10-10 15:46:49.429   910   924 E AndroidRuntime: 	at androidx.test.runner.AndroidJUnitRunner.onStart(AndroidJUnitRunner.java:452)
10-10 15:46:49.429   910   924 E AndroidRuntime: 	at android.app.Instrumentation$InstrumentationThread.run(Instrumentation.java:2446)
10-10 15:46:49.429   910   924 E AndroidRuntime: Caused by: android.os.DeadObjectException
10-10 15:46:49.429   910   924 E AndroidRuntime: 	at android.os.BinderProxy.transactNative(Native Method)
10-10 15:46:49.429   910   924 E AndroidRuntime: 	at android.os.BinderProxy.transact(BinderProxy.java:639)
10-10 15:46:49.429   910   924 E AndroidRuntime: 	at android.app.IUiAutomationConnection$Stub$Proxy.disconnect(IUiAutomationConnection.java:471)
10-10 15:46:49.429   910   924 E AndroidRuntime: 	at android.app.UiAutomation.disconnect(UiAutomation.java:449)
10-10 15:46:49.429   910   924 E AndroidRuntime: 	... 5 more
--------- beginning of system
10-10 15:47:28.439  4304  4484 D MiuiDesktopModeController: onFocusTaskChanged newFocus: TaskInfo{userId=0 taskId=6565 displayId=0 isRunning=true baseIntent=Intent { act=android.intent.action.VIEW dat=https://verifier.eudiw.dev/... flg=0x14002000 cmp=com.android.chrome/org.chromium.chrome.browser.ChromeTabbedActivity } baseActivity=ComponentInfo{com.android.chrome/org.chromium.chrome.browser.ChromeTabbedActivity} topActivity=ComponentInfo{com.android.chrome/org.chromium.chrome.browser.ChromeTabbedActivity} origActivity=null realActivity=ComponentInfo{com.android.chrome/org.chromium.chrome.browser.ChromeTabbedActivity} numActivities=1 lastActiveTime=345746947 supportsSplitScreenMultiWindow=true supportsMultiWindow=true resizeMode=2 isResizeable=true minWidth=-1 minHeight=-1 defaultMinSize=200 token=WCT{android.window.IWindowContainerToken$Stub$Proxy@e2a6ab4} topActivityType=1 pictureInPictureParams=null shouldDockBigOverlays=false launchIntoPipHostTaskId=-1 lastParentTaskIdBeforePip=-1 displayCutoutSafeInsets=Rect(0, 94 - 0, 0) topActivityInfo=ActivityInfo{fca76dd org.chromium.chrome.browser.ChromeTabbedActivity} launchCookies=[] positionInParent=Point(0, 0) parentTaskId=-1 isFocused=true isVisible=false isVisibleRequested=false isSleeping=false topActivityInSizeCompat=false topActivityInMiuiSizeCompat=false topActivityEligibleForLetterboxEducation= false topActivityLetterboxed= false isFromDoubleTap= false topActivityLetterboxVerticalPosition= -1 topActivityLetterboxHorizontalPosition= -1 topActivityLetterboxWidth=-1 topActivityLetterboxHeight=-1 locusId=null displayAreaFeatureId=1 cameraCompatControlState=hidden mIsCastMode=false mTopActivityMediaSize=null mTopActivityRecordName=ActivityRecord{f2f67ae u0 com.android.chrome/org.chromium.chrome.browser.ChromeTabbedActivity t6565} mTopActivityOrientation=-2 mTopActivityWindowIsNowVisible=false isTranslucent=true isEmbedded=false shouldBeVisible=true isImmersive=false mBehindAppLockPkg=null mOriginatingUid=0}
10-10 15:47:28.440  4304  4484 D OneHandedController: stopOneHanded state is 0
10-10 15:47:28.441  2042  7000 D MiuiSoScManagerStub: supportSoScMinimizedMode:true
10-10 15:47:28.441  2042  7000 D MiuiSoScManagerStub: taskInSoScFullMode:false
10-10 15:47:28.441  2042  7000 D MiuiFreeFormGestureController: deliverResultForFinishActivity resultTo: null resultFrom: ActivityRecord{3954acd u0 com.android.chrome/com.google.android.apps.chrome.IntentDispatcher t6693 f}} isInVideoOrGameScene: false intent: Intent { act=android.intent.action.VIEW dat=https://issuer.eudiw.dev/... flg=0x10800000 cmp=com.android.chrome/com.google.android.apps.chrome.IntentDispatcher }
10-10 15:47:28.441  2042  7000 D WindowManager: Collecting in transition 745: Task{89996d0 #6693 type=standard I=com.android.chrome/com.google.android.apps.chrome.IntentDispatcher} init visibleRequested:true
10-10 15:47:28.445  4304  5414 D MiuiFreeformModeObserver: activityResumed() intent： Intent { cmp=com.android.chrome/org.chromium.chrome.browser.document.ChromeLauncherActivity (has extras) }
10-10 15:47:28.446  4304  4484 D WindowManagerShell: onActivityRestartAttempt: ComponentInfo{com.android.chrome/org.chromium.chrome.browser.ChromeTabbedActivity}
10-10 15:47:28.449  2042  3110 D ActivityManager: checkAllowBackground: uid=10068 pkg=com.miui.cloudbackup rec=UidRecord{2b8bd30 u0a68 TRNB idle change:procadj procs:0 seq(1327583,1327341)} caps=------ always=false idle=true
10-10 15:47:28.449  2042  3110 D ActivityManager: checkAllowBackground: uid=10068 pkg=com.miui.cloudbackup rec=UidRecord{2b8bd30 u0a68 TRNB idle change:procadj procs:0 seq(1327583,1327341)} caps=------ always=false idle=true
10-10 15:47:28.449  2042  7011 D WindowManager: Collecting in transition 745: ActivityRecord{3954acd u0 com.android.chrome/com.google.android.apps.chrome.IntentDispatcher t6693 f}} init visibleRequested:true
10-10 15:47:28.450  2042  7011 D WindowManager: Collecting in transition 745: ActivityRecord{f2f67ae u0 com.android.chrome/org.chromium.chrome.browser.ChromeTabbedActivity t6565} init visibleRequested:false
10-10 15:47:28.451  2042  7011 D WindowManagerService: checkFlipFullScreenChange is same, nowIsFullScreen = false
10-10 15:47:28.452  2042  7011 D WindowManager: Collecting in transition 745: ActivityRecord{ffb20b4 u0 eu.europa.ec.euidi/eu.europa.ec.assemblylogic.ui.MainActivity t6691} init visibleRequested:true
10-10 15:47:28.453  2042  7011 D WindowManager: Collecting in transition 745: ActivityRecord{f2f67ae u0 com.android.chrome/org.chromium.chrome.browser.ChromeTabbedActivity t6565} init visibleRequested:true
10-10 15:47:28.453  4304  4484 D MiuiFullScreenTaskRepository: setFocusedTask taskId=6565, displayId=0, topActivity=ComponentInfo{com.android.chrome/org.chromium.chrome.browser.ChromeTabbedActivity}
10-10 15:47:28.453  4304  4484 D MiuiFullScreenTaskRepository: addOrUpdateFullScreenTaskInfo taskId=6565, topActivity=ComponentInfo{com.android.chrome/org.chromium.chrome.browser.ChromeTabbedActivity}
10-10 15:47:28.453  2042  7011 D WindowManager: Set transition=TransitionRecord{61d8601 id=745 type=OPEN flags=0x0}, ready=true, SyncId=745 
10-10 15:47:28.456  2042  7011 I BLASTSyncEngine: SyncGroup 745:  Unfinished container:ActivityRecord{f2f67ae u0 com.android.chrome/org.chromium.chrome.browser.ChromeTabbedActivity t6565}
10-10 15:47:28.456  2042  7011 I BLASTSyncEngine: isActivitySyncFinished isSyncFinished false ActivityRecord{f2f67ae u0 com.android.chrome/org.chromium.chrome.browser.ChromeTabbedActivity t6565}
10-10 15:47:28.462  2042  6878 W AutofillManagerServiceImpl: getFillEventHistory() called by UID 10273, but service UID is 10163
10-10 15:47:28.467  2042  7002 D CoreBackPreview: Window{13dfb59 u0 com.android.chrome/org.chromium.chrome.browser.ChromeTabbedActivity}: Setting back callback OnBackInvokedCallbackInfo{mCallback=android.window.IOnBackInvokedCallback$Stub$Proxy@55a703a, mPriority=0, mIsAnimationCallback=true}
10-10 15:47:28.479  2042  4772 D ActivityManager: checkAllowBackground: uid=10163 pkg=com.google.android.gms rec=UidRecord{3efeecd u0a163 BTOP change:procstateprocadj procs:0 seq(1327760,1293144)} caps=LCMNFU always=false idle=false
10-10 15:47:28.488  2042  6878 I SmartPower: com.android.chrome:sandboxed_process0:org.chromium.content.app.SandboxedProcessSer-1->background(0ms) R(become background) adj=-10000.
10-10 15:47:28.488  2042  6878 D CompatibilityChangeReporter: Compat change id reported: 135634846; UID 90077; state: DISABLED
10-10 15:47:28.488  2042  2788 D CompatibilityChangeReporter: Compat change id reported: 143937733; UID 10172; state: ENABLED
10-10 15:47:28.494  2042  6878 D ActivityManager: checkAllowBackground: uid=10163 pkg=com.google.android.gms rec=UidRecord{3efeecd u0a163 BTOP change:procadj procs:0 seq(1327806,1293144)} caps=LCMNFU always=false idle=false
10-10 15:47:28.502  2042  2073 D SchedBoost: com.android.chrome:sandboxed_process0:org.chromium.content.app.SandboxedProcessService0:76 boosting, skip reset priority
10-10 15:47:28.512  2042  2788 I ActivityManager: Start proc 23196:com.android.chrome:sandboxed_process0:org.chromium.content.app.SandboxedProcessService0:77/u0ai77 for  {com.android.chrome/org.chromium.content.app.SandboxedProcessService0:77} caller=com.android.chrome
10-10 15:47:28.516  2042  3110 D ActivityManager: checkAllowBackground: uid=10068 pkg=com.miui.cloudbackup rec=UidRecord{2b8bd30 u0a68 TRNB idle change:procadj procs:0 seq(1327812,1327341)} caps=------ always=false idle=true
10-10 15:47:28.541  2042  3500 D isUidValid: uid = 90077
10-10 15:47:28.542 23196 23196 E MQSEventManagerDelegate: failed to get MQSService.
10-10 15:47:28.542 23196 23196 W ActivityThread: registerApplicationScoutThread result:false
10-10 15:47:28.557 23196 23196 E ForceDarkHelperStubImpl: getForceDarkOriginState transact failed , mService: null
10-10 15:47:28.566  2042  7002 I ActivityManager: Flag disabled. Ignoring finishAttachApplication from uid: 90077. pid: 23196
10-10 15:47:28.584  4304 26562 D MiuiFreeformModeObserver: activityResumed() intent： Intent { cmp=com.android.chrome/org.chromium.chrome.browser.ChromeTabbedActivity (has extras) }
10-10 15:47:28.602  2042  4080 D CompatibilityChangeReporter: Compat change id reported: 253665015; UID 10068; state: ENABLED
10-10 15:47:28.603  2042  4080 D CompatibilityChangeReporter: Compat change id reported: 194532703; UID 10068; state: ENABLED
10-10 15:47:28.603  2042  4080 D ActivityManager: checkAllowBackground: uid=10068 pkg=com.miui.cloudbackup rec=UidRecord{2b8bd30 u0a68 TRNB idle change:procadj procs:0 seq(1327812,1327341)} caps=------ always=false idle=true
10-10 15:47:28.604  2042  3095 I BLASTSyncEngine: SyncGroup 745:  Unfinished container:ActivityRecord{f2f67ae u0 com.android.chrome/org.chromium.chrome.browser.ChromeTabbedActivity t6565}
10-10 15:47:28.604  2042  3095 I BLASTSyncEngine: isActivitySyncFinished isSyncFinished false ActivityRecord{f2f67ae u0 com.android.chrome/org.chromium.chrome.browser.ChromeTabbedActivity t6565}
10-10 15:47:28.606  2042  3095 I WindowManager: cancelAnimation removed leash : Surface(name=Surface(name=704023a StatusBar#94)/@0xa8be448 - animation-leash of insets_animation#15435)/@0x4596740
10-10 15:47:28.608  2042  3095 I WindowManager: cancelAnimation removed leash : Surface(name=Surface(name=d968687 NavigationBar0#90)/@0x2f479dd - animation-leash of insets_animation#15436)/@0xb23efbe
10-10 15:47:28.610  2042  3095 D WindowManager: wms.Input focus has changed to Window{13dfb59 u0 com.android.chrome/org.chromium.chrome.browser.ChromeTabbedActivity} display=0 updateInputWindows = true
10-10 15:47:28.610  2042  3095 I MultiSenceManagerInternalStub: getInstance
10-10 15:47:28.629  2042  3110 D ActivityManager: checkAllowBackground: uid=10068 pkg=com.miui.cloudbackup rec=UidRecord{2b8bd30 u0a68 TRNB idle change:procadj procs:0 seq(1327819,1327341)} caps=------ always=false idle=true
10-10 15:47:28.643  2042  4080 W JobScheduler: Job didn't exist in JobStore: 
10-10 15:47:28.652  2042  3095 D WindowManager: wms.finishDrawingLocked: mDrawState=COMMIT_DRAW_PENDING Window{13dfb59 u0 com.android.chrome/org.chromium.chrome.browser.ChromeTabbedActivity} in Surface(name=com.android.chrome/org.chromium.chrome.browser.ChromeTabbedActivity#15442)/@0xb0f45a2
10-10 15:47:28.655  2042  2693 I SmartPower: com.android.chrome/10172(25786): invisible->visible(288ms) R(become visible) adj=0.
10-10 15:47:28.656  2042  3524 I SmartPower: com.android.chrome:sandboxed_process0:org.chromium.content.app.SandboxedProcessSeridle->background(7888ms) R(add to whitelist) adj=200.
10-10 15:47:28.656  2042  3524 I SmartPower: com.android.chrome:sandboxed_process0:org.chromium.content.app.SandboxedProcessSeridle->background(7889ms) R(add to whitelist) adj=200.
10-10 15:47:28.656  2042  2693 I WindowManager: wms.showSurfaceRobustly mWin:Window{13dfb59 u0 com.android.chrome/org.chromium.chrome.browser.ChromeTabbedActivity}
10-10 15:47:28.656  2042  2693 D WindowManager: Final targets: [Task{ac848dc #6565 type=standard A=10172:com.android.chrome}, Task{d70c852 #6691 type=standard A=10030:eu.europa.ec.euidi}]
10-10 15:47:28.656  2042  3524 I SmartPower: com.android.chrome:sandboxed_process0:org.chromium.content.app.SandboxedProcessSeridle->background(7889ms) R(add to whitelist) adj=980.
10-10 15:47:28.656  2042  3524 I SmartPower: com.android.chrome:sandboxed_process0:org.chromium.content.app.SandboxedProcessSeridle->background(7889ms) R(add to whitelist) adj=980.
10-10 15:47:28.657  2042  3524 I SmartPower: com.android.chrome:sandboxed_process0:org.chromium.content.app.SandboxedProcessSeridle->background(7888ms) R(add to whitelist) adj=970.
10-10 15:47:28.657  2042  3524 I SmartPower: com.android.chrome:sandboxed_process0:org.chromium.content.app.SandboxedProcessSeridle->background(7889ms) R(add to whitelist) adj=960.
10-10 15:47:28.657  2042  3524 I SmartPower: com.android.chrome:sandboxed_process0:org.chromium.content.app.SandboxedProcessSeridle->background(7889ms) R(add to whitelist) adj=950.
10-10 15:47:28.657  2042  3524 I SmartPower: com.android.chrome:sandboxed_process0:org.chromium.content.app.SandboxedProcessSeridle->background(7888ms) R(add to whitelist) adj=940.
10-10 15:47:28.657  2042  3524 I SmartPower: com.android.chrome:sandboxed_process0:org.chromium.content.app.SandboxedProcessSeridle->background(7888ms) R(add to whitelist) adj=940.
10-10 15:47:28.657  2042  3524 I SmartPower: com.android.chrome:sandboxed_process0:org.chromium.content.app.SandboxedProcessSeridle->background(7888ms) R(add to whitelist) adj=930.
10-10 15:47:28.657  2042  3524 I SmartPower: com.android.chrome:sandboxed_process0:org.chromium.content.app.SandboxedProcessSeridle->background(7888ms) R(add to whitelist) adj=930.
10-10 15:47:28.657  2042  3524 I SmartPower: com.android.chrome:sandboxed_process0:org.chromium.content.app.SandboxedProcessSeridle->background(7888ms) R(add to whitelist) adj=920.
10-10 15:47:28.657  2042  3524 I SmartPower: com.android.chrome:sandboxed_process0:org.chromium.content.app.SandboxedProcessSeridle->background(7888ms) R(add to whitelist) adj=910.
10-10 15:47:28.657  2042  3524 I SmartPower: com.android.chrome:sandboxed_process0:org.chromium.content.app.SandboxedProcessSeridle->background(7888ms) R(add to whitelist) adj=910.
10-10 15:47:28.657  2042  3524 I SmartPower: com.android.chrome:sandboxed_process0:org.chromium.content.app.SandboxedProcessSeridle->background(7888ms) R(add to whitelist) adj=900.
10-10 15:47:28.658  2042  3524 I SmartPower: com.android.chrome:sandboxed_process0:org.chromium.content.app.SandboxedProcessSeridle->background(8904ms) R(add to whitelist) adj=900.
10-10 15:47:28.675  2042  2693 D WindowManager: Calling onTransitionReady info={id=745 t=OPEN f=0x0 trk=0 r=[0@Point(0, 0)] c=[{WCT{RemoteToken{be892c5 Task{ac848dc #6565 type=standard A=10172:com.android.chrome}}} m=TO_FRONT f=MOVE_TO_TOP leash=Surface(name=Task=6565#9987)/@0x75a594f sb=Rect(0, 0 - 1080, 2400) eb=Rect(0, 0 - 1080, 2400) d=0},{WCT{RemoteToken{7efe96f Task{d70c852 #6691 type=standard A=10030:eu.europa.ec.euidi}}} m=TO_BACK f=NONE leash=Surface(name=Task=6691#15335)/@0x11bf4dd sb=Rect(0, 0 - 1080, 2400) eb=Rect(0, 0 - 1080, 2400) d=0}] noAni=[false] df=[false] mk=[true] nc=[0]}, mToken=Token{7dcda9e TransitionRecord{61d8601 id=745 type=OPEN flags=0x0}}
10-10 15:47:28.675  2042  2693 I BLASTSyncEngine: finishNow: after onTransactionReady, mSyncId=745
10-10 15:47:28.678  4304  4304 D ArtChoreographerMonitor: invoke error.
10-10 15:47:28.679  4304  4484 D MiuiFreeformAnimation: startAnimation change: {WCT{android.window.IWindowContainerToken$Stub$Proxy@2fca3d9} m=TO_FRONT f=MOVE_TO_TOP leash=Surface(name=Task=6565#9987)/@0x55a2252 sb=Rect(0, 0 - 1080, 2400) eb=Rect(0, 0 - 1080, 2400) d=0} info.getType(): 1
10-10 15:47:28.679  4304  4484 I MiuiFreeformAnimation: isLaunchWidgetPicker=false,taskInfo.getWindowingMode()=1, taskInfo.getActivityType()=1
10-10 15:47:28.680  4304  4484 D MiuiFreeformAnimation: startAnimation change: {WCT{android.window.IWindowContainerToken$Stub$Proxy@254119e} m=TO_BACK f=NONE leash=Surface(name=Task=6691#15335)/@0xb41c923 sb=Rect(0, 0 - 1080, 2400) eb=Rect(0, 0 - 1080, 2400) d=0} info.getType(): 1
10-10 15:47:28.680  4304  4484 W MiuiTaskTransitionHandler: Receive an unknown transition, token=android.os.BinderProxy@28a61a1, type=1
10-10 15:47:28.681  4304  4484 D TransitionAnimationHelper:  load default animation  type = 1 enter = false animAttr = 9 isTask = true translucent = false
10-10 15:47:28.682  4304  4484 D TransitionAnimationHelper:  load default animation  type = 1 enter = true animAttr = 8 isTask = true translucent = false
10-10 15:47:28.684  4304  4520 D ShellTransitions: speed ui!!!!!!!!!!!
10-10 15:47:28.685  4304  4484 D MiuiFullScreenTaskRepository: setFocusedTask taskId=6565, displayId=0, topActivity=ComponentInfo{com.android.chrome/org.chromium.chrome.browser.ChromeTabbedActivity}
10-10 15:47:28.685  4304  4484 D MiuiFullScreenTaskRepository: addOrUpdateFullScreenTaskInfo taskId=6565, topActivity=ComponentInfo{com.android.chrome/org.chromium.chrome.browser.ChromeTabbedActivity}
10-10 15:47:28.695  2042  4772 D CompatibilityChangeReporter: Compat change id reported: 214016041; UID 10172; state: ENABLED
10-10 15:47:28.698  2042  3095 I WindowManager: cancelAnimation removed leash : Surface(name=Surface(name=49d5fba InputMethod#118)/@0xbb23dc8 - animation-leash of insets_animation#15438)/@0x216570f
10-10 15:47:28.699  4304  4484 D SoScUtils: monitorTransitionFinished transition:android.os.BinderProxy@28a61a1 transaction: android.view.SurfaceControl$Transaction@9c74113 mRequestCloseTransition:null mRequestOpenTransition:null mPairsOpenTransition:null mPairsOpenTransitionNull:null mRequestOpenTriggerTask:-1 mRequestCloseTriggerTask:-1 mOrientationTransition: null mMainStartingTask:-1 mSideStartingTask:-1
10-10 15:47:28.699  2042  2073 W PackageConfigPersister: App-specific configuration not found for packageName: com.android.chrome and userId: 0
10-10 15:47:28.710  2042  4772 I Transition: finishTransition: updateLastSurfacePosition tf=Task{89996d0 #6693 type=standard I=com.android.chrome/com.google.android.apps.chrome.IntentDispatcher}
10-10 15:47:28.710  2042  4772 I Transition: finishTransition: updateLastSurfacePosition tf=Task{ac848dc #6565 type=standard A=10172:com.android.chrome}
10-10 15:47:28.711  2042  2692 I SmartPower: eu.europa.ec.euidi/10030(22639): visible->invisible(521ms) R(become invisible) adj=200.
10-10 15:47:28.711  2042  2692 I SmartPower: eu.europa.ec.euidi/10030(22639): invisible->background(0ms) R(become background) adj=200.
10-10 15:47:28.721  4304  4484 D MiuiFullScreenTaskRepository: addOrUpdateFullScreenTaskInfo taskId=6691, topActivity=ComponentInfo{eu.europa.ec.euidi/eu.europa.ec.assemblylogic.ui.MainActivity}
10-10 15:47:28.734  2042  4100 W PresentationStatsEventLogger: Shouldn't be logging AutofillPresentationEventReported again for same event
10-10 15:47:28.738 22639 22639 D ActivityThread: Fail to check app heapsize due to java.lang.NoSuchMethodException: dalvik.system.VMRuntime.getBlockingGcCountForAlloc []
10-10 15:47:28.742  2042  2690 D Aurogon :  uid = 10030 switch to BG
10-10 15:47:28.742  2042  3500 D isUidValid: uid = 10030
10-10 15:47:28.864  4304  4304 D ArtChoreographerMonitor: invoke error.
10-10 15:47:29.106  4304  4304 D ArtChoreographerMonitor: invoke error.
10-10 15:47:29.278  4304  4304 D ArtChoreographerMonitor: invoke error.
10-10 15:47:29.675  2042  4100 W MIUIInput: Input event injection from package: null action ACTION_DOWN
10-10 15:47:29.677  2042  3516 I ProcessManager: getRenderThreadTidByPid, caller=2042
10-10 15:47:29.680  2042  3516 I ProcessManager: getRenderThreadTidByPid, caller=2042
10-10 15:47:29.737  2042  2802 I ExtM    : zram userate is low, no need to flush: 35
10-10 15:47:29.778  2042  4100 W MIUIInput: Input event injection from package: null action ACTION_UP
10-10 15:47:30.652  2042  4100 W MIUIInput: Input event injection from package: null action ACTION_DOWN
10-10 15:47:30.654  2042  3516 I ProcessManager: getRenderThreadTidByPid, caller=2042
10-10 15:47:30.657  2042  3516 I ProcessManager: getRenderThreadTidByPid, caller=2042
10-10 15:47:30.747  2042  4100 W MIUIInput: Input event injection from package: null action ACTION_UP
10-10 15:47:31.236  2042  3524 I SmartPower: com.mi.android.globallauncher/10081(4339): background->idle(3002ms) R(become background) adj=100.
10-10 15:47:31.255  2042  3524 I SmartPower: com.mi.globalminusscreen/10308(27384): background->idle(3001ms) R(become invisible) adj=100.
10-10 15:47:31.420  2183  2183 I wificond: station_bandwidth: P
10-10 15:47:31.621  2042  7002 W MIUIInput: Input event injection from package: null action ACTION_DOWN
10-10 15:47:31.622  2042  3516 I ProcessManager: getRenderThreadTidByPid, caller=2042
10-10 15:47:31.626  2042  3516 I ProcessManager: getRenderThreadTidByPid, caller=2042
10-10 15:47:31.711  2042  3524 I SmartPower: eu.europa.ec.euidi/10030(22639): background->idle(3000ms) R(become invisible) adj=700.
10-10 15:47:31.717  2042  7002 W MIUIInput: Input event injection from package: null action ACTION_UP
10-10 15:47:32.599  2042  4772 W MIUIInput: Input event injection from package: null action ACTION_DOWN
10-10 15:47:32.600  2042  3516 I ProcessManager: getRenderThreadTidByPid, caller=2042
10-10 15:47:32.603  2042  3516 I ProcessManager: getRenderThreadTidByPid, caller=2042
10-10 15:47:32.693  2042  4772 W MIUIInput: Input event injection from package: null action ACTION_UP
10-10 15:47:33.140  2042  4772 W ContentProviderHelper: No provider info for content provider com.miui.personalassistant.servicedeliver.system.provider when providerRunning is false, caller is ProcessRecord{8da511 4339:com.mi.android.globallauncher/u0a81}
10-10 15:47:33.140  4339  4469 E ActivityThread: Failed to find provider info for com.miui.personalassistant.servicedeliver.system.provider
10-10 15:47:33.281  2042  4772 W ProcessStats: Tracking association SourceState{2705f60 com.google.android.inputmethod.latin/10176 BFgs #189698} whose proc state 4 is better than process ProcessState{624b657 com.google.android.gms.persistent/10163 pkg=com.google.android.gms (sub)} proc state 6 (721 skipped)
10-10 15:47:33.559  2042  7002 W MIUIInput: Input event injection from package: null action ACTION_DOWN
10-10 15:47:33.560  2042  3516 I ProcessManager: getRenderThreadTidByPid, caller=2042
10-10 15:47:33.563  2042  3516 I ProcessManager: getRenderThreadTidByPid, caller=2042
10-10 15:47:33.653  2042  7002 W MIUIInput: Input event injection from package: null action ACTION_UP
10-10 15:47:34.433  2183  2183 I wificond: station_bandwidth: P
10-10 15:47:34.436  4304  4304 D ArtChoreographerMonitor: invoke error.
10-10 15:47:34.511  2042  4772 W MIUIInput: Input event injection from package: null action ACTION_DOWN
10-10 15:47:34.513  2042  3516 I ProcessManager: getRenderThreadTidByPid, caller=2042
10-10 15:47:34.516  2042  3516 I ProcessManager: getRenderThreadTidByPid, caller=2042
10-10 15:47:34.606  4304  4304 D ArtChoreographerMonitor: invoke error.
10-10 15:47:34.606  2042  4772 W MIUIInput: Input event injection from package: null action ACTION_UP
10-10 15:47:35.548  2042  7002 W MIUIInput: Input event injection from package: null action ACTION_DOWN
10-10 15:47:35.550  2042  3516 I ProcessManager: getRenderThreadTidByPid, caller=2042
10-10 15:47:35.551  2042  7002 W MIUIInput: Input event injection from package: null action ACTION_UP
10-10 15:47:35.681  2042  7002 W MIUIInput: Input event injection from package: null action ACTION_DOWN
10-10 15:47:35.682  2042  3516 I ProcessManager: getRenderThreadTidByPid, caller=2042
10-10 15:47:35.684  2042  7002 W MIUIInput: Input event injection from package: null action ACTION_UP
10-10 15:47:35.702  2042  4772 D ActivityManager: checkAllowBackground: uid=10163 pkg=com.google.android.gms rec=UidRecord{3efeecd u0a163 BTOP change:procadj procs:0 seq(1328270,1293144)} caps=LCMNFU always=false idle=false
10-10 15:47:35.717  2042  2073 D ActivityManager: checkAllowBackground: uid=10163 pkg=com.google.android.gms rec=UidRecord{3efeecd u0a163 BTOP change:procadj procs:0 seq(1328271,1293144)} caps=LCMNFU always=false idle=false
10-10 15:47:35.724  2042  7002 D ActivityManager: checkAllowBackground: uid=10163 pkg=com.google.android.gms rec=UidRecord{3efeecd u0a163 BTOP change:procadj procs:0 seq(1328272,1293144)} caps=LCMNFU always=false idle=false
10-10 15:47:35.946  2042  7002 D SchedBoost: com.android.chrome:sandboxed_process0:org.chromium.content.app.SandboxedProcessService0:77 boosting, skip reset priority
10-10 15:47:37.034  2042  7002 W MIUIInput: Input event injection from package: null action ACTION_DOWN
10-10 15:47:37.035  2042  3516 I ProcessManager: getRenderThreadTidByPid, caller=2042
10-10 15:47:37.038  2042  7002 W MIUIInput: Input event injection from package: null action ACTION_UP
10-10 15:47:37.060  2042  2073 I SmartPower: com.android.chrome:sandboxed_process0:org.chromium.content.app.SandboxedProcessSer-1->background(1ms) R(become background) adj=-10000.
10-10 15:47:37.060  2042  4772 I SmartPower: eu.europa.ec.euidi/10030(22639): idle->invisible(5349ms) R(become foreground) adj=700.
10-10 15:47:37.061  2042  4772 D WindowManager: Collecting in transition 746: ActivityRecord{7e8bcf1 u0 eu.europa.ec.euidi/eu.europa.ec.assemblylogic.ui.MainActivity init visibleRequested:false
10-10 15:47:37.061  2042  4772 D MiuiFreeFormManagerService: activeOrFullscreenFreeformTaskIfNeed startDefaultAr:false
10-10 15:47:37.062  2042  4772 D MiuiFreeFormManagerService: onStartActivityInner as = Task{d70c852 #6691 type=standard A=10030:eu.europa.ec.euidi} op = null
10-10 15:47:37.063  2042  4772 D WindowManagerService: checkFlipFullScreenChange is same, nowIsFullScreen = false
10-10 15:47:37.063  2042  4772 D WindowManager: wms.Input focus has changed to null display=0 updateInputWindows = true
10-10 15:47:37.063  2042  4772 I MultiSenceManagerInternalStub: getInstance
10-10 15:47:37.064  2042  4772 D WindowManager: setLockTaskAuth: task=Task{d70c852 #6691 type=standard A=10030:eu.europa.ec.euidi} mLockTaskAuth=LOCK_TASK_AUTH_PINNABLE
10-10 15:47:37.068  2042  4772 D WindowManager: Collecting in transition 746: ActivityRecord{7e8bcf1 u0 eu.europa.ec.euidi/eu.europa.ec.assemblylogic.ui.MainActivity t-1} init visibleRequested:false
10-10 15:47:37.068  2042  4772 D WindowManager: Requesting StartTransition: TransitionRecord{b1010d6 id=746 type=OPEN flags=0x0}
10-10 15:47:37.068  2042  4772 I ActivityTaskManager: START u0 {act=android.intent.action.VIEW cat=[android.intent.category.BROWSABLE] dat=openid-credential-offer://credential_offer/... flg=0x14000000 cmp=eu.europa.ec.euidi/eu.europa.ec.assemblylogic.ui.MainActivity (has extras)} with LAUNCH_SINGLE_TASK from uid 10172 from pid 25786 callingPackage com.android.chrome (BAL_ALLOW_VISIBLE_WINDOW) result code=2
10-10 15:47:37.069  2042  2073 D CompatibilityChangeReporter: Compat change id reported: 135634846; UID 90078; state: DISABLED
10-10 15:47:37.069  4304  4484 I SoScUtils: monitorTransitionRequest mRequestOpenTransition:null mRequestOpenTriggerTask:-1 mRequestCloseTransition:null mRequestCloseTriggerTask:-1 mRequestCloseStageType:-1
10-10 15:47:37.070  2042  2073 D WindowManager: Set transition=TransitionRecord{b1010d6 id=746 type=OPEN flags=0x0}, ready=false, SyncId=746 used=true, override=false, defer=0, states=Display{#0 state=ON size=1080x2400 ROTATION_0}:false
10-10 15:47:37.072  2042  2788 D CompatibilityChangeReporter: Compat change id reported: 143937733; UID 10172; state: ENABLED
10-10 15:47:37.073  4304  4484 D MiuiFullScreenTaskRepository: removeFocusedTask displayId=0
10-10 15:47:37.073  4304  4484 D MiuiFullScreenTaskRepository: addOrUpdateFullScreenTaskInfo taskId=6565, topActivity=ComponentInfo{com.android.chrome/org.chromium.chrome.browser.ChromeTabbedActivity}
10-10 15:47:37.074  4304  4484 D OneHandedController: stopOneHanded state is 0
10-10 15:47:37.074  4304  4484 D MiuiFullScreenTaskRepository: setFocusedTask taskId=6691, displayId=0, topActivity=ComponentInfo{eu.europa.ec.euidi/eu.europa.ec.assemblylogic.ui.MainActivity}
10-10 15:47:37.074  4304  4484 D MiuiFullScreenTaskRepository: addOrUpdateFullScreenTaskInfo taskId=6691, topActivity=ComponentInfo{eu.europa.ec.euidi/eu.europa.ec.assemblylogic.ui.MainActivity}
10-10 15:47:37.075  4304  4484 D MiuiFreeformModeController: onFocusTaskChanged taskInfo: TaskInfo{userId=0 taskId=6691 displayId=0 isRunning=true baseIntent=Intent { act=android.intent.action.MAIN cat=[android.intent.category.LAUNCHER] flg=0x10200000 cmp=eu.europa.ec.euidi/eu.europa.ec.assemblylogic.ui.MainActivity } baseActivity=ComponentInfo{eu.europa.ec.euidi/eu.europa.ec.assemblylogic.ui.MainActivity} topActivity=ComponentInfo{eu.europa.ec.euidi/eu.europa.ec.assemblylogic.ui.MainActivity} origActivity=null realActivity=ComponentInfo{eu.europa.ec.euidi/eu.europa.ec.assemblylogic.ui.MainActivity} numActivities=1 lastActiveTime=345760698 supportsSplitScreenMultiWindow=true supportsMultiWindow=true resizeMode=1 isResizeable=true minWidth=-1 minHeight=-1 defaultMinSize=200 token=WCT{android.window.IWindowContainerToken$Stub$Proxy@a65707c} topActivityType=1 pictureInPictureParams=null shouldDockBigOverlays=false launchIntoPipHostTaskId=-1 lastParentTaskIdBeforePip=-1 displayCutoutSafeInsets=Rect(0, 94 - 0, 0) topActivityInfo=ActivityInfo{15edd05 eu.europa.ec.assemblylogic.ui.MainActivity} launchCookies=[] positionInParent=Point(0, 0) parentTaskId=-1 isFocused=true isVisible=false isVisibleRequested=false isSleeping=false topActivityInSizeCompat=false topActivityInMiuiSizeCompat=false topActivityEligibleForLetterboxEducation= false topActivityLetterboxed= false isFromDoubleTap= false topActivityLetterboxVerticalPosition= -1 topActivityLetterboxHorizontalPosition= -1 topActivityLetterboxWidth=-1 topActivityLetterboxHeight=-1 locusId=null displayAreaFeatureId=1 cameraCompatControlState=hidden mIsCastMode=false mTopActivityMediaSize=null mTopActivityRecordName=ActivityRecord{ffb20b4 u0 eu.europa.ec.euidi/eu.europa.ec.assemblylogic.ui.MainActivity t6691} mTopActivityOrientation=-2 mTopActivityWindowIsNowVisible=false isTranslucent=true isEmbedded=false shouldBeVisible=true isImmersive=false mBehindAppLockPkg=null mOriginatingUid=0}
10-10 15:47:37.075  4304  4484 D MiuiDesktopModeController: onFocusTaskChanged newFocus: TaskInfo{userId=0 taskId=6691 displayId=0 isRunning=true baseIntent=Intent { act=android.intent.action.MAIN cat=[android.intent.category.LAUNCHER] flg=0x10200000 cmp=eu.europa.ec.euidi/eu.europa.ec.assemblylogic.ui.MainActivity } baseActivity=ComponentInfo{eu.europa.ec.euidi/eu.europa.ec.assemblylogic.ui.MainActivity} topActivity=ComponentInfo{eu.europa.ec.euidi/eu.europa.ec.assemblylogic.ui.MainActivity} origActivity=null realActivity=ComponentInfo{eu.europa.ec.euidi/eu.europa.ec.assemblylogic.ui.MainActivity} numActivities=1 lastActiveTime=345760698 supportsSplitScreenMultiWindow=true supportsMultiWindow=true resizeMode=1 isResizeable=true minWidth=-1 minHeight=-1 defaultMinSize=200 token=WCT{android.window.IWindowContainerToken$Stub$Proxy@a65707c} topActivityType=1 pictureInPictureParams=null shouldDockBigOverlays=false launchIntoPipHostTaskId=-1 lastParentTaskIdBeforePip=-1 displayCutoutSafeInsets=Rect(0, 94 - 0, 0) topActivityInfo=ActivityInfo{15edd05 eu.europa.ec.assemblylogic.ui.MainActivity} launchCookies=[] positionInParent=Point(0, 0) parentTaskId=-1 isFocused=true isVisible=false isVisibleRequested=false isSleeping=false topActivityInSizeCompat=false topActivityInMiuiSizeCompat=false topActivityEligibleForLetterboxEducation= false topActivityLetterboxed= false isFromDoubleTap= false topActivityLetterboxVerticalPosition= -1 topActivityLetterboxHorizontalPosition= -1 topActivityLetterboxWidth=-1 topActivityLetterboxHeight=-1 locusId=null displayAreaFeatureId=1 cameraCompatControlState=hidden mIsCastMode=false mTopActivityMediaSize=null mTopActivityRecordName=ActivityRecord{ffb20b4 u0 eu.europa.ec.euidi/eu.europa.ec.assemblylogic.ui.MainActivity t6691} mTopActivityOrientation=-2 mTopActivityWindowIsNowVisible=false isTranslucent=true isEmbedded=false shouldBeVisible=true isImmersive=false mBehindAppLockPkg=null mOriginatingUid=0}
10-10 15:47:37.075  4304  4484 D WindowManagerShell: onActivityRestartAttempt: ComponentInfo{eu.europa.ec.euidi/eu.europa.ec.assemblylogic.ui.MainActivity}
10-10 15:47:37.091  2042  4100 D WindowManager: Collecting in transition 746: ActivityRecord{ffb20b4 u0 eu.europa.ec.euidi/eu.europa.ec.assemblylogic.ui.MainActivity t6691} init visibleRequested:false
10-10 15:47:37.092  2042  4100 E Transition: Trying to add a ready-group twice: Display{#0 state=ON size=1080x2400 ROTATION_0}
10-10 15:47:37.092  2042  2788 I ActivityManager: Start proc 23267:com.android.chrome:sandboxed_process0:org.chromium.content.app.SandboxedProcessService0:78/u0ai78 for  {com.android.chrome/org.chromium.content.app.SandboxedProcessService0:78} caller=com.android.chrome
10-10 15:47:37.093  2042  4100 D WindowManagerService: checkFlipFullScreenChange is same, nowIsFullScreen = false
10-10 15:47:37.095  2042  4100 D WindowManager: Collecting in transition 746: ActivityRecord{f2f67ae u0 com.android.chrome/org.chromium.chrome.browser.ChromeTabbedActivity t6565} init visibleRequested:true
10-10 15:47:37.097  4304  4484 D MiuiFullScreenTaskRepository: setFocusedTask taskId=6691, displayId=0, topActivity=ComponentInfo{eu.europa.ec.euidi/eu.europa.ec.assemblylogic.ui.MainActivity}
10-10 15:47:37.097  4304  4484 D MiuiFullScreenTaskRepository: addOrUpdateFullScreenTaskInfo taskId=6691, topActivity=ComponentInfo{eu.europa.ec.euidi/eu.europa.ec.assemblylogic.ui.MainActivity}
10-10 15:47:37.098  2042  4100 D WindowManager: Collecting in transition 746: ActivityRecord{ffb20b4 u0 eu.europa.ec.euidi/eu.europa.ec.assemblylogic.ui.MainActivity t6691} init visibleRequested:true
10-10 15:47:37.098  2042  4100 D WindowManager: Set transition=TransitionRecord{b1010d6 id=746 type=OPEN flags=0x0}, ready=true, SyncId=746 
10-10 15:47:37.101  2042  2073 W AutofillManagerServiceImpl: getFillEventHistory() called by UID 10273, but service UID is 10163
10-10 15:47:37.102  2042  4100 I BLASTSyncEngine: SyncGroup 746:  Unfinished container:ActivityRecord{ffb20b4 u0 eu.europa.ec.euidi/eu.europa.ec.assemblylogic.ui.MainActivity t6691}
10-10 15:47:37.102  2042  4100 I BLASTSyncEngine: isActivitySyncFinished isSyncFinished false ActivityRecord{ffb20b4 u0 eu.europa.ec.euidi/eu.europa.ec.assemblylogic.ui.MainActivity t6691}
10-10 15:47:37.109  2042  2690 D Aurogon :  uid = 10030 switch to FG
10-10 15:47:37.128  2042  3110 I SmartPower: com.miui.cloudservice/10106(24002): idle->background(27155ms) R(service create com.miui.cloudservice/.stat.StatService) adj=0.
10-10 15:47:37.141  2042  3500 D isUidValid: uid = 90078
10-10 15:47:37.142 23267 23267 E MQSEventManagerDelegate: failed to get MQSService.
10-10 15:47:37.142 23267 23267 W ActivityThread: registerApplicationScoutThread result:false
10-10 15:47:37.143  4304  5414 D MiuiFreeformModeObserver: activityResumed() intent： Intent { cmp=eu.europa.ec.euidi/eu.europa.ec.assemblylogic.ui.MainActivity (has extras) }
10-10 15:47:37.159 23267 23267 E ForceDarkHelperStubImpl: getForceDarkOriginState transact failed , mService: null
10-10 15:47:37.160  2042  4100 I BLASTSyncEngine: SyncGroup 746:  Unfinished container:ActivityRecord{ffb20b4 u0 eu.europa.ec.euidi/eu.europa.ec.assemblylogic.ui.MainActivity t6691}
10-10 15:47:37.160  2042  4100 I BLASTSyncEngine: isActivitySyncFinished isSyncFinished false ActivityRecord{ffb20b4 u0 eu.europa.ec.euidi/eu.europa.ec.assemblylogic.ui.MainActivity t6691}
10-10 15:47:37.162  2042  4100 I WindowManager: cancelAnimation removed leash : Surface(name=Surface(name=704023a StatusBar#94)/@0xa8be448 - animation-leash of insets_animation#15443)/@0x3c019ee
10-10 15:47:37.163  2042  2073 D CompatibilityChangeReporter: Compat change id reported: 201794303; UID 10106; state: ENABLED
10-10 15:47:37.164  2042  2073 D CompatibilityChangeReporter: Compat change id reported: 207133734; UID 10106; state: ENABLED
10-10 15:47:37.165  2042  2073 D ActivityManager: checkAllowBackground: uid=10106 pkg=com.miui.micloudsync rec=UidRecord{80c3309 u0a106 TRNB bg:+31m41s171ms idle change:uncachedprocstateprocadj procs:0 seq(1328286,1283840)} caps=------ always=false idle=true
10-10 15:47:37.166  2042  3095 I ActivityManager: Flag disabled. Ignoring finishAttachApplication from uid: 90078. pid: 23267
10-10 15:47:37.166  2042  4100 I WindowManager: cancelAnimation removed leash : Surface(name=Surface(name=d968687 NavigationBar0#90)/@0x2f479dd - animation-leash of insets_animation#15444)/@0x1dbe51c
10-10 15:47:37.168  2042  2073 D ActivityManager: checkAllowBackground: uid=1002 pkg=com.xiaomi.bluetooth rec=UidRecord{f89b12d 1002 PER  change:procadj procs:0 seq(1328259,36)} caps=LCMNFU always=false idle=false
10-10 15:47:37.169  2042  4100 D WindowManager: wms.Input focus has changed to Window{34aeaba u0 eu.europa.ec.euidi/eu.europa.ec.assemblylogic.ui.MainActivity} display=0 updateInputWindows = true
10-10 15:47:37.170  2042  4100 I MultiSenceManagerInternalStub: getInstance
10-10 15:47:37.170  2042  2073 D ActivityManager: checkAllowBackground: uid=10076 pkg=com.miui.gallery rec=null always=false idle=false
10-10 15:47:37.174  2042  4100 D ActivityManager: checkAllowBackground: uid=10106 pkg=com.miui.micloudsync rec=UidRecord{80c3309 u0a106 TRNB bg:+31m41s180ms idle change:uncachedprocstateprocadj procs:0 seq(1328286,1283840)} caps=------ always=false idle=true
10-10 15:47:37.176  2042  7002 D ActivityManager: checkAllowBackground: uid=10106 pkg=com.miui.micloudsync rec=UidRecord{80c3309 u0a106 TRNB bg:+31m41s183ms idle change:uncachedprocstateprocadj procs:0 seq(1328286,1283840)} caps=------ always=false idle=true
10-10 15:47:37.179  2042  7002 D ActivityManager: checkAllowBackground: uid=10231 pkg=com.miui.notes rec=UidRecord{edec5c6 u0a231 CEM  idle change:procadj procs:0 seq(1328194,1282381)} caps=------ always=false idle=true
10-10 15:47:37.182  2042  7002 D ActivityManager: checkAllowBackground: uid=10074 pkg=com.mi.globalbrowser rec=null always=false idle=false
10-10 15:47:37.186  2042  7002 D ActivityManager: checkAllowBackground: uid=10106 pkg=com.miui.micloudsync rec=UidRecord{80c3309 u0a106 TRNB bg:+31m41s192ms idle change:uncachedprocstateprocadj procs:0 seq(1328286,1283840)} caps=------ always=false idle=true
10-10 15:47:37.187  2042  4100 D SchedBoost: com.android.chrome boosting, skip reset priority
10-10 15:47:37.187  2042  4100 D SchedBoost: com.android.chrome:sandboxed_process0:org.chromium.content.app.SandboxedProcessService0:77 boosting, skip reset priority
10-10 15:47:37.192  2042  3095 I ActivityManager: Killing 23267:com.android.chrome:sandboxed_process0:org.chromium.content.app.SandboxedProcessService0:78/u0a172i-8922 (adj 0): isolated not needed
10-10 15:47:37.194  2042  4100 D ActivityManager: checkAllowBackground: uid=10106 pkg=com.miui.micloudsync rec=UidRecord{80c3309 u0a106 TRNB bg:+31m41s201ms idle change:uncachedprocstateprocadj procs:0 seq(1328286,1283840)} caps=------ always=false idle=true
10-10 15:47:37.194  2042  4080 D WindowManager: wms.finishDrawingLocked: mDrawState=COMMIT_DRAW_PENDING Window{34aeaba u0 eu.europa.ec.euidi/eu.europa.ec.assemblylogic.ui.MainActivity} in Surface(name=eu.europa.ec.euidi/eu.europa.ec.assemblylogic.ui.MainActivity#15454)/@0x3182bc8
10-10 15:47:37.200  2042  2693 I SmartPower: eu.europa.ec.euidi/10030(22639): invisible->visible(139ms) R(become visible) adj=0.
10-10 15:47:37.200  2042  2693 I WindowManager: wms.showSurfaceRobustly mWin:Window{34aeaba u0 eu.europa.ec.euidi/eu.europa.ec.assemblylogic.ui.MainActivity}
10-10 15:47:37.200  2042  2693 D WindowManager: Final targets: [Task{d70c852 #6691 type=standard A=10030:eu.europa.ec.euidi}, Task{ac848dc #6565 type=standard A=10172:com.android.chrome}]
10-10 15:47:37.202  2042  3095 D ActivityManager: checkAllowBackground: uid=10106 pkg=com.miui.micloudsync rec=UidRecord{80c3309 u0a106 TRNB bg:+31m41s208ms idle change:uncachedprocstateprocadj procs:0 seq(1328286,1283840)} caps=------ always=false idle=true
10-10 15:47:37.207  2042  3095 D ActivityManager: checkAllowBackground: uid=10111 pkg=com.miui.phrase rec=UidRecord{b759e99 u0a111 CEM  idle change:procadj procs:0 seq(1328238,1282632)} caps=------ always=false idle=true
10-10 15:47:37.211  2042  3095 D ActivityManager: checkAllowBackground: uid=10238 pkg=com.android.soundrecorder rec=null always=false idle=false
10-10 15:47:37.226  2042  2693 D WindowManager: Calling onTransitionReady info={id=746 t=OPEN f=0x0 trk=0 r=[0@Point(0, 0)] c=[{WCT{RemoteToken{7efe96f Task{d70c852 #6691 type=standard A=10030:eu.europa.ec.euidi}}} m=TO_FRONT f=MOVE_TO_TOP leash=Surface(name=Task=6691#15335)/@0x11bf4dd sb=Rect(0, 0 - 1080, 2400) eb=Rect(0, 0 - 1080, 2400) d=0},{WCT{RemoteToken{be892c5 Task{ac848dc #6565 type=standard A=10172:com.android.chrome}}} m=TO_BACK f=NONE leash=Surface(name=Task=6565#9987)/@0x75a594f sb=Rect(0, 0 - 1080, 2400) eb=Rect(0, 0 - 1080, 2400) d=0}] noAni=[false] df=[false] mk=[true] nc=[0]}, mToken=Token{31216f8 TransitionRecord{b1010d6 id=746 type=OPEN flags=0x0}}
10-10 15:47:37.227  2042  2693 I BLASTSyncEngine: finishNow: after onTransactionReady, mSyncId=746
10-10 15:47:37.234  4304  4484 D MiuiFreeformAnimation: startAnimation change: {WCT{android.window.IWindowContainerToken$Stub$Proxy@1754481} m=TO_FRONT f=MOVE_TO_TOP leash=Surface(name=Task=6691#15335)/@0x399d15a sb=Rect(0, 0 - 1080, 2400) eb=Rect(0, 0 - 1080, 2400) d=0} info.getType(): 1
10-10 15:47:37.234  4304  4484 I MiuiFreeformAnimation: isLaunchWidgetPicker=false,taskInfo.getWindowingMode()=1, taskInfo.getActivityType()=1
10-10 15:47:37.235  4304  4484 D MiuiFreeformAnimation: startAnimation change: {WCT{android.window.IWindowContainerToken$Stub$Proxy@693a926} m=TO_BACK f=NONE leash=Surface(name=Task=6565#9987)/@0xbe3bf8b sb=Rect(0, 0 - 1080, 2400) eb=Rect(0, 0 - 1080, 2400) d=0} info.getType(): 1
10-10 15:47:37.236  4304  4484 W MiuiTaskTransitionHandler: Receive an unknown transition, token=android.os.BinderProxy@7c13549, type=1
10-10 15:47:37.237  4304  4484 D TransitionAnimationHelper:  load default animation  type = 1 enter = false animAttr = 9 isTask = true translucent = false
10-10 15:47:37.238  4304  4484 D TransitionAnimationHelper:  load default animation  type = 1 enter = true animAttr = 8 isTask = true translucent = false
10-10 15:47:37.243  4304  4484 D MiuiFullScreenTaskRepository: setFocusedTask taskId=6691, displayId=0, topActivity=ComponentInfo{eu.europa.ec.euidi/eu.europa.ec.assemblylogic.ui.MainActivity}
10-10 15:47:37.243  4304  4484 D MiuiFullScreenTaskRepository: addOrUpdateFullScreenTaskInfo taskId=6691, topActivity=ComponentInfo{eu.europa.ec.euidi/eu.europa.ec.assemblylogic.ui.MainActivity}
10-10 15:47:37.243  4304  4520 D ShellTransitions: speed ui!!!!!!!!!!!
10-10 15:47:37.245  4304  4520 D ArtChoreographerMonitor: invoke error.
10-10 15:47:37.247  2042  4080 D SchedBoost: com.android.chrome:privileged_process2 boosting, skip reset priority
10-10 15:47:37.247  2042  4080 D SchedBoost: com.google.android.adservices.api boosting, skip reset priority
10-10 15:47:37.250  2042  2074 D DisplayManagerService: Drop pending events for gone uid 90078
10-10 15:47:37.260  4304  4484 D SoScUtils: monitorTransitionFinished transition:android.os.BinderProxy@7c13549 transaction: android.view.SurfaceControl$Transaction@64cb6fe mRequestCloseTransition:null mRequestOpenTransition:null mPairsOpenTransition:null mPairsOpenTransitionNull:null mRequestOpenTriggerTask:-1 mRequestCloseTriggerTask:-1 mOrientationTransition: null mMainStartingTask:-1 mSideStartingTask:-1
10-10 15:47:37.265  2042  4080 I Transition: finishTransition: updateLastSurfacePosition tf=Task{d70c852 #6691 type=standard A=10030:eu.europa.ec.euidi}
10-10 15:47:37.274  4304  4484 D MiuiFullScreenTaskRepository: addOrUpdateFullScreenTaskInfo taskId=6565, topActivity=ComponentInfo{com.android.chrome/org.chromium.chrome.browser.ChromeTabbedActivity}
10-10 15:47:37.289  2042  4080 D CoreBackPreview: Window{13dfb59 u0 com.android.chrome/org.chromium.chrome.browser.ChromeTabbedActivity}: Setting back callback OnBackInvokedCallbackInfo{mCallback=android.window.IOnBackInvokedCallback$Stub$Proxy@517d20e, mPriority=-1, mIsAnimationCallback=false}
10-10 15:47:37.292  2042  7002 I SmartPower: com.android.chrome/10172(25786): visible->invisible(8637ms) R(become invisible) adj=200.
10-10 15:47:37.292  2042  7002 I SmartPower: com.android.chrome:privileged_process2/10172(971): invisible->background(8926ms) R(become background) adj=200.
10-10 15:47:37.292  2042  7002 I SmartPower: com.android.chrome/10172(25786): invisible->background(0ms) R(become background) adj=200.
10-10 15:47:37.298  2042  2072 W PackageConfigPersister: App-specific configuration not found for packageName: eu.europa.ec.euidi and userId: 0
10-10 15:47:37.299  2042  7011 I WindowManager: cancelAnimation removed leash : Surface(name=Surface(name=49d5fba InputMethod#118)/@0xbb23dc8 - animation-leash of insets_animation#15453)/@0x99979e4
