10-09 13:15:45.737  4304  4484 D MiuiDesktopModeController: onFocusTaskChanged newFocus: TaskInfo{userId=0 taskId=6447 displayId=0 isRunning=true baseIntent=Intent { act=android.intent.action.VIEW dat=https://verifier.eudiw.dev/... flg=0x14002000 cmp=com.android.chrome/org.chromium.chrome.browser.ChromeTabbedActivity } baseActivity=ComponentInfo{com.android.chrome/org.chromium.chrome.browser.ChromeTabbedActivity} topActivity=ComponentInfo{com.android.chrome/org.chromium.chrome.browser.ChromeTabbedActivity} origActivity=null realActivity=ComponentInfo{com.android.chrome/org.chromium.chrome.browser.ChromeTabbedActivity} numActivities=1 lastActiveTime=250258042 supportsSplitScreenMultiWindow=true supportsMultiWindow=true resizeMode=2 isResizeable=true minWidth=-1 minHeight=-1 defaultMinSize=200 token=WCT{android.window.IWindowContainerToken$Stub$Proxy@5e26c62} topActivityType=1 pictureInPictureParams=null shouldDockBigOverlays=false launchIntoPipHostTaskId=-1 lastParentTaskIdBeforePip=-1 displayCutoutSafeInsets=Rect(0, 94 - 0, 0) topActivityInfo=ActivityInfo{43a31f3 org.chromium.chrome.browser.ChromeTabbedActivity} launchCookies=[] positionInParent=Point(0, 0) parentTaskId=-1 isFocused=true isVisible=true isVisibleRequested=true isSleeping=false topActivityInSizeCompat=false topActivityInMiuiSizeCompat=false topActivityEligibleForLetterboxEducation= false topActivityLetterboxed= false isFromDoubleTap= false topActivityLetterboxVerticalPosition= -1 topActivityLetterboxHorizontalPosition= -1 topActivityLetterboxWidth=-1 topActivityLetterboxHeight=-1 locusId=null displayAreaFeatureId=1 cameraCompatControlState=hidden mIsCastMode=false mTopActivityMediaSize=null mTopActivityRecordName=ActivityRecord{1b6b9ad u0 com.android.chrome/org.chromium.chrome.browser.ChromeTabbedActivity t6447} mTopActivityOrientation=-1 mTopActivityWindowIsNowVisible=true isTranslucent=false isEmbedded=false shouldBeVisible=true isImmersive=false mBehindAppLockPkg=null mOriginatingUid=0}
10-09 13:15:45.739  2042  6879 D CompatibilityChangeReporter: Compat change id reported: 168419799; UID 10030; state: DISABLED
10-09 13:15:45.740  2042  6879 D CompatibilityChangeReporter: Compat change id reported: 273564678; UID 10030; state: DISABLED
10-09 13:15:45.755  2042  2788 I ActivityManager: Start proc 19408:eu.europa.ec.euidi/u0a30 for next-top-activity {eu.europa.ec.euidi/eu.europa.ec.assemblylogic.ui.MainActivity} caller=com.android.shell
10-09 13:15:45.759  2042  7002 D CoreBackPreview: Window{ff53d2a u0 Splash Screen eu.europa.ec.euidi}: Setting back callback OnBackInvokedCallbackInfo{mCallback=android.window.IOnBackInvokedCallback$Stub$Proxy@d88e064, mPriority=0, mIsAnimationCallback=false}
10-09 13:15:45.760  2042 19409 W ContextImpl: Calling a method in the system process without a qualified user: android.app.ContextImpl.sendBroadcast:1231 com.qualcomm.qti.Performance$SendGameLaunchBroadcast.run:251 java.lang.Thread.run:1119 <bottom of call stack> <bottom of call stack> 
10-09 13:15:45.779  2042  7002 D WindowManager: Collecting in transition 260: ActivityRecord{7e2c5d2 u0 eu.europa.ec.euidi/eu.europa.ec.assemblylogic.ui.MainActivity t6455} init visibleRequested:false
10-09 13:15:45.781  2042  7002 D WindowManager: Collecting in transition 260: ActivityRecord{1b6b9ad u0 com.android.chrome/org.chromium.chrome.browser.ChromeTabbedActivity t6447} init visibleRequested:true
10-09 13:15:45.788  2042  2693 D WindowManager: wms.Focus not requested for window=Window{edce952 u0 com.android.chrome/org.chromium.chrome.browser.ChromeTabbedActivity} because it has no surface or is not focusable.
10-09 13:15:45.797  2042  7002 W AutofillManagerServiceImpl: getFillEventHistory() called by UID 10273, but service UID is 10163
10-09 13:15:45.799  2042  2693 D WindowManager: Set transition=TransitionRecord{568c9ff id=260 type=OPEN flags=0x0}, ready=true, SyncId=260 
10-09 13:15:45.804  2042  2693 I SmartPower: eu.europa.ec.euidi/10030(0): died->visible(71056ms) R(become visible) adj=-10000.
10-09 13:15:45.805  2042  2693 I WindowManager: wms.showSurfaceRobustly mWin:Window{ff53d2a u0 Splash Screen eu.europa.ec.euidi}
10-09 13:15:45.806  2042  2693 D WindowManager: Final targets: [Task{dc38da0 #6455 type=standard A=10030:eu.europa.ec.euidi}, Task{f3a7d2e #6447 type=standard A=10172:com.android.chrome}]
10-09 13:15:45.825  2042  2693 D WindowManager: Calling onTransitionReady info={id=260 t=OPEN f=0x0 trk=0 r=[0@Point(0, 0)] c=[{WCT{RemoteToken{3ce30ef Task{dc38da0 #6455 type=standard A=10030:eu.europa.ec.euidi}}} m=OPEN f=NONE leash=Surface(name=Task=6455#5044)/@0x64066a3 sb=Rect(0, 0 - 1080, 2400) eb=Rect(0, 0 - 1080, 2400) d=0},{WCT{RemoteToken{ab02a8e Task{f3a7d2e #6447 type=standard A=10172:com.android.chrome}}} m=TO_BACK f=NONE leash=Surface(name=Task=6447#4700)/@0x9b243a9 sb=Rect(0, 0 - 1080, 2400) eb=Rect(0, 0 - 1080, 2400) d=0}] noAni=[false] df=[false] mk=[true] nc=[0]}, mToken=Token{98dd7fc TransitionRecord{568c9ff id=260 type=OPEN flags=0x0}}
10-09 13:15:45.826  2042  2693 I BLASTSyncEngine: finishNow: after onTransactionReady, mSyncId=260
10-09 13:15:45.828  4304  4484 D MiuiFreeformAnimation: startAnimation change: {WCT{android.window.IWindowContainerToken$Stub$Proxy@902b212} m=OPEN f=NONE leash=Surface(name=Task=6455#5044)/@0xd96e447 sb=Rect(0, 0 - 1080, 2400) eb=Rect(0, 0 - 1080, 2400) d=0} info.getType(): 1
10-09 13:15:45.828  4304  4484 I MiuiFreeformAnimation: isLaunchWidgetPicker=false,taskInfo.getWindowingMode()=1, taskInfo.getActivityType()=1
10-09 13:15:45.828  4304  4484 D MiuiFreeformAnimation: startAnimation change: {WCT{android.window.IWindowContainerToken$Stub$Proxy@4537de3} m=TO_BACK f=NONE leash=Surface(name=Task=6447#4700)/@0x8b70474 sb=Rect(0, 0 - 1080, 2400) eb=Rect(0, 0 - 1080, 2400) d=0} info.getType(): 1
10-09 13:15:45.828  4304  4484 W MiuiTaskTransitionHandler: Receive an unknown transition, token=android.os.BinderProxy@18764f1, type=1
10-09 13:15:45.830  4304  4484 D TransitionAnimationHelper:  load default animation  type = 1 enter = false animAttr = 9 isTask = true translucent = false
10-09 13:15:45.831  4304  4484 D TransitionAnimationHelper:  load default animation  type = 1 enter = true animAttr = 8 isTask = true translucent = false
10-09 13:15:45.831  4304  4520 D ShellTransitions: speed ui!!!!!!!!!!!
10-09 13:15:45.833  2042  2693 D WindowManager: wms.Focus not requested for window=Window{edce952 u0 com.android.chrome/org.chromium.chrome.browser.ChromeTabbedActivity} because it has no surface or is not focusable.
10-09 13:15:45.834  4304  4484 D MiuiFullScreenTaskRepository: addOrUpdateFullScreenTaskInfo taskId=6455, topActivity=ComponentInfo{eu.europa.ec.euidi/eu.europa.ec.assemblylogic.ui.MainActivity}
10-09 13:15:45.835  2042  6879 W MiuiBoosterUtils: enable_miuibooster_launch : false
10-09 13:15:45.836  4304  4484 D MiuiFullScreenTaskRepository: addOrUpdateFullScreenTaskInfo taskId=6455, topActivity=ComponentInfo{eu.europa.ec.euidi/eu.europa.ec.assemblylogic.ui.MainActivity}
10-09 13:15:45.837  2042  6879 D WindowManagerService: checkFlipFullScreenChange is same, nowIsFullScreen = false
10-09 13:15:45.839  2042  6879 I WindowManager: cancelAnimation removed leash : Surface(name=Surface(name=704023a StatusBar#94)/@0xa8be448 - animation-leash of insets_animation#5030)/@0x7831522
10-09 13:15:45.840  4304  4484 D SoScUtils: monitorTransitionFinished transition:android.os.BinderProxy@18764f1 transaction: android.view.SurfaceControl$Transaction@8a65ef8 mRequestCloseTransition:null mRequestOpenTransition:null mPairsOpenTransition:null mPairsOpenTransitionNull:null mRequestOpenTriggerTask:-1 mRequestCloseTriggerTask:-1 mOrientationTransition: null mMainStartingTask:-1 mSideStartingTask:-1
10-09 13:15:45.842  2042  6879 I WindowManager: cancelAnimation removed leash : Surface(name=Surface(name=d968687 NavigationBar0#90)/@0x2f479dd - animation-leash of insets_animation#5040)/@0xe0d3aff
10-09 13:15:45.845  2042  6879 D WindowManager: wms.Input focus has changed to null display=0 updateInputWindows = true
10-09 13:15:45.845  2042  6879 I MultiSenceManagerInternalStub: getInstance
10-09 13:15:45.853  2042  2690 D Aurogon :  uid = 10030 switch to FG
10-09 13:15:45.854  2042  4589 I Transition: finishTransition: updateLastSurfacePosition tf=Task{dc38da0 #6455 type=standard A=10030:eu.europa.ec.euidi}
10-09 13:15:45.856  2042  3110 D CompatibilityChangeReporter: Compat change id reported: 265195908; UID 10030; state: ENABLED
10-09 13:15:45.857  2042  3500 D isUidValid: uid = 10030
10-09 13:15:45.858  4304  4484 D MiuiFullScreenTaskRepository: removeFocusedTask displayId=0
10-09 13:15:45.858  4304  4484 D MiuiFullScreenTaskRepository: addOrUpdateFullScreenTaskInfo taskId=6447, topActivity=ComponentInfo{com.android.chrome/org.chromium.chrome.browser.ChromeTabbedActivity}
10-09 13:15:45.858  4304  4484 D MiuiFullScreenTaskRepository: setFocusedTask taskId=6455, displayId=0, topActivity=ComponentInfo{eu.europa.ec.euidi/eu.europa.ec.assemblylogic.ui.MainActivity}
10-09 13:15:45.858  4304  4484 D MiuiFullScreenTaskRepository: addOrUpdateFullScreenTaskInfo taskId=6455, topActivity=ComponentInfo{eu.europa.ec.euidi/eu.europa.ec.assemblylogic.ui.MainActivity}
10-09 13:15:45.858  4304  4484 D MiuiFreeformModeController: onFocusTaskChanged taskInfo: TaskInfo{userId=0 taskId=6455 displayId=0 isRunning=true baseIntent=Intent { act=android.intent.action.MAIN cat=[android.intent.category.LAUNCHER] flg=0x10200000 cmp=eu.europa.ec.euidi/eu.europa.ec.assemblylogic.ui.MainActivity } baseActivity=ComponentInfo{eu.europa.ec.euidi/eu.europa.ec.assemblylogic.ui.MainActivity} topActivity=ComponentInfo{eu.europa.ec.euidi/eu.europa.ec.assemblylogic.ui.MainActivity} origActivity=null realActivity=ComponentInfo{eu.europa.ec.euidi/eu.europa.ec.assemblylogic.ui.MainActivity} numActivities=1 lastActiveTime=250258157 supportsSplitScreenMultiWindow=true supportsMultiWindow=true resizeMode=1 isResizeable=true minWidth=-1 minHeight=-1 defaultMinSize=200 token=WCT{android.window.IWindowContainerToken$Stub$Proxy@17b6d37} topActivityType=1 pictureInPictureParams=null shouldDockBigOverlays=false launchIntoPipHostTaskId=-1 lastParentTaskIdBeforePip=-1 displayCutoutSafeInsets=Rect(0, 94 - 0, 0) topActivityInfo=ActivityInfo{c5e72a4 eu.europa.ec.assemblylogic.ui.MainActivity} launchCookies=[] positionInParent=Point(0, 0) parentTaskId=-1 isFocused=true isVisible=true isVisibleRequested=true isSleeping=false topActivityInSizeCompat=false topActivityInMiuiSizeCompat=false topActivityEligibleForLetterboxEducation= false topActivityLetterboxed= false isFromDoubleTap= false topActivityLetterboxVerticalPosition= -1 topActivityLetterboxHorizontalPosition= -1 topActivityLetterboxWidth=-1 topActivityLetterboxHeight=-1 locusId=null displayAreaFeatureId=1 cameraCompatControlState=hidden mIsCastMode=false mTopActivityMediaSize=null mTopActivityRecordName=ActivityRecord{7e2c5d2 u0 eu.europa.ec.euidi/eu.europa.ec.assemblylogic.ui.MainActivity t6455} mTopActivityOrientation=1 mTopActivityWindowIsNowVisible=false isTranslucent=false isEmbedded=false shouldBeVisible=true isImmersive=false mBehindAppLockPkg=null mOriginatingUid=0}
10-09 13:15:45.858  4304  4484 D MiuiDesktopModeController: onFocusTaskChanged newFocus: TaskInfo{userId=0 taskId=6455 displayId=0 isRunning=true baseIntent=Intent { act=android.intent.action.MAIN cat=[android.intent.category.LAUNCHER] flg=0x10200000 cmp=eu.europa.ec.euidi/eu.europa.ec.assemblylogic.ui.MainActivity } baseActivity=ComponentInfo{eu.europa.ec.euidi/eu.europa.ec.assemblylogic.ui.MainActivity} topActivity=ComponentInfo{eu.europa.ec.euidi/eu.europa.ec.assemblylogic.ui.MainActivity} origActivity=null realActivity=ComponentInfo{eu.europa.ec.euidi/eu.europa.ec.assemblylogic.ui.MainActivity} numActivities=1 lastActiveTime=250258157 supportsSplitScreenMultiWindow=true supportsMultiWindow=true resizeMode=1 isResizeable=true minWidth=-1 minHeight=-1 defaultMinSize=200 token=WCT{android.window.IWindowContainerToken$Stub$Proxy@17b6d37} topActivityType=1 pictureInPictureParams=null shouldDockBigOverlays=false launchIntoPipHostTaskId=-1 lastParentTaskIdBeforePip=-1 displayCutoutSafeInsets=Rect(0, 94 - 0, 0) topActivityInfo=ActivityInfo{c5e72a4 eu.europa.ec.assemblylogic.ui.MainActivity} launchCookies=[] positionInParent=Point(0, 0) parentTaskId=-1 isFocused=true isVisible=true isVisibleRequested=true isSleeping=false topActivityInSizeCompat=false topActivityInMiuiSizeCompat=false topActivityEligibleForLetterboxEducation= false topActivityLetterboxed= false isFromDoubleTap= false topActivityLetterboxVerticalPosition= -1 topActivityLetterboxHorizontalPosition= -1 topActivityLetterboxWidth=-1 topActivityLetterboxHeight=-1 locusId=null displayAreaFeatureId=1 cameraCompatControlState=hidden mIsCastMode=false mTopActivityMediaSize=null mTopActivityRecordName=ActivityRecord{7e2c5d2 u0 eu.europa.ec.euidi/eu.europa.ec.assemblylogic.ui.MainActivity t6455} mTopActivityOrientation=1 mTopActivityWindowIsNowVisible=false isTranslucent=false isEmbedded=false shouldBeVisible=true isImmersive=false mBehindAppLockPkg=null mOriginatingUid=0}
10-09 13:15:45.859  2042  4781 D CompatibilityChangeReporter: Compat change id reported: 170503758; UID 10030; state: ENABLED
10-09 13:15:45.862  4304  4484 D MiuiFullScreenTaskRepository: addOrUpdateFullScreenTaskInfo taskId=6447, topActivity=ComponentInfo{com.android.chrome/org.chromium.chrome.browser.ChromeTabbedActivity}
10-09 13:15:45.891 19408 19408 D ActivityThread: useGrowthLimitOutExpendMethod invoke error.
10-09 13:15:45.932  2042  7002 I ActivityManager: Flag disabled. Ignoring finishAttachApplication from uid: 10030. pid: 19408
10-09 13:15:45.965  2042  6991 D CompatibilityChangeReporter: Compat change id reported: 253665015; UID 10030; state: ENABLED
10-09 13:15:45.966  2042  6991 D CompatibilityChangeReporter: Compat change id reported: 194532703; UID 10030; state: ENABLED
10-09 13:15:45.966  2042  6991 D ActivityManager: checkAllowBackground: uid=10030 pkg=eu.europa.ec.euidi rec=UidRecord{ad6d2cf u0a30 TOP  change:active|uncached|procstate procs:0 seq(596684,596684)} caps=LCMNFU always=false idle=false
10-09 13:15:45.978 19408 19408 D FramePredict: FramePredict init: false
10-09 13:15:45.978 19408 19408 D FramePredict: init success
10-09 13:15:45.980  2042  7011 W ActivityManager: Permission Denial: getCurrentUser() from pid=19408, uid=10030 requires android.permission.INTERACT_ACROSS_USERS
10-09 13:15:45.981 19408 19435 E FramePredict: registerContentObserver fail
10-09 13:15:45.993  4304 26562 D MiuiFreeformModeObserver: activityResumed() intent Intent { cmp=eu.europa.ec.euidi/eu.europa.ec.assemblylogic.ui.MainActivity (has extras) }
10-09 13:15:45.997  4304  4484 D MiuiFullScreenTaskRepository: setFocusedTask taskId=6455, displayId=0, topActivity=ComponentInfo{eu.europa.ec.euidi/eu.europa.ec.assemblylogic.ui.MainActivity}
10-09 13:15:45.997  4304  4484 D MiuiFullScreenTaskRepository: addOrUpdateFullScreenTaskInfo taskId=6455, topActivity=ComponentInfo{eu.europa.ec.euidi/eu.europa.ec.assemblylogic.ui.MainActivity}
10-09 13:15:46.005  4304  4304 D ArtChoreographerMonitor: invoke error.
10-09 13:15:46.092  2042  6991 D CoreBackPreview: Window{3b9492 u0 eu.europa.ec.euidi/eu.europa.ec.assemblylogic.ui.MainActivity}: Setting back callback OnBackInvokedCallbackInfo{mCallback=android.window.IOnBackInvokedCallback$Stub$Proxy@b4123ea, mPriority=0, mIsAnimationCallback=false}
10-09 13:15:46.112  2042  6991 I WindowManager: cancelAnimation removed leash : Surface(name=Surface(name=704023a StatusBar#94)/@0xa8be448 - animation-leash of insets_animation#5051)/@0x6a54ee7
10-09 13:15:46.114  2042  6991 I WindowManager: cancelAnimation removed leash : Surface(name=Surface(name=d968687 NavigationBar0#90)/@0x2f479dd - animation-leash of insets_animation#5052)/@0xb4e693d
10-09 13:15:46.116  2042  6991 D WindowManager: wms.Input focus has changed to Window{3b9492 u0 eu.europa.ec.euidi/eu.europa.ec.assemblylogic.ui.MainActivity} display=0 updateInputWindows = true
10-09 13:15:46.116  2042  6991 I MultiSenceManagerInternalStub: getInstance
10-09 13:15:46.153  2042  4781 D WindowManager: wms.finishDrawingLocked: mDrawState=COMMIT_DRAW_PENDING Window{3b9492 u0 eu.europa.ec.euidi/eu.europa.ec.assemblylogic.ui.MainActivity} in Surface(name=eu.europa.ec.euidi/eu.europa.ec.assemblylogic.ui.MainActivity#5054)/@0x4a9c6db
10-09 13:15:46.155  2042  2693 D TaskSnapshot_Helper: shouldDelay()... Not launched by home, no delay needed.
10-09 13:15:46.158  2042  2693 I WindowManager: wms.showSurfaceRobustly mWin:Window{3b9492 u0 eu.europa.ec.euidi/eu.europa.ec.assemblylogic.ui.MainActivity}
10-09 13:15:46.159  4304  4572 D ArtChoreographerMonitor: invoke error.
10-09 13:15:46.170  2042  3096 I SmartPower: com.android.chrome/10172(17153): visible->invisible(71235ms) R(become invisible) adj=101.
10-09 13:15:46.171  2042  3096 I SmartPower: com.android.chrome:privileged_process0/10172(17266): invisible->background(71408ms) R(become background) adj=101.
10-09 13:15:46.171  2042  3096 I SmartPower: com.android.chrome/10172(17153): invisible->background(0ms) R(become background) adj=101.
10-09 13:15:46.183  2042  6991 D CompatibilityChangeReporter: Compat change id reported: 214016041; UID 10030; state: ENABLED
10-09 13:15:46.192  2042  7011 W WindowManager: Failed looking up window session=Session{425cf7b 4304:1000} callers=com.android.server.wm.WindowManagerService.windowForClientLocked:6851 com.android.server.wm.Session.setOnBackInvokedCallbackInfo:966 android.view.IWindowSession$Stub.onTransact:1164 
10-09 13:15:46.192  2042  7011 I WindowManager: setOnBackInvokedCallback(): No window state for package:com.android.systemui
10-09 13:15:46.200  2042  7011 D CoreBackPreview: Window{edce952 u0 com.android.chrome/org.chromium.chrome.browser.ChromeTabbedActivity}: Setting back callback OnBackInvokedCallbackInfo{mCallback=android.window.IOnBackInvokedCallback$Stub$Proxy@1c38b54, mPriority=-1, mIsAnimationCallback=false}
10-09 13:15:46.203  2042  7002 I WindowManager: cancelAnimation removed leash : Surface(name=Surface(name=49d5fba InputMethod#118)/@0xbb23dc8 - animation-leash of insets_animation#5042)/@0x2598af7
10-09 13:15:46.204  2042  7011 W PackageConfigPersister: App-specific configuration not found for packageName: eu.europa.ec.euidi and userId: 0
10-09 13:15:46.211  2042  7011 D ActivityManager: checkAllowBackground: uid=10030 pkg=eu.europa.ec.euidi rec=UidRecord{ad6d2cf u0a30 TOP  change:procadj procs:0 seq(596771,596684)} caps=LCMNFU always=false idle=false
10-09 13:15:46.254 17153 17153 D ActivityThread: Fail to check app heapsize due to java.lang.NoSuchMethodException: dalvik.system.VMRuntime.getBlockingGcCountForAlloc []
10-09 13:15:46.258  2042  2690 D Aurogon :  uid = 10172 switch to BG
10-09 13:15:46.258  2042  3500 D isUidValid: uid = 10172
10-09 13:15:46.291  2042  2042 W AccessibilityManagerService:  wait for adding window timeout: 1281
10-09 13:15:46.379  4304  4304 D ArtChoreographerMonitor: invoke error.
10-09 13:15:47.194  4304  4572 D ArtChoreographerMonitor: invoke error.
10-09 13:15:47.362  4304  4304 D ArtChoreographerMonitor: invoke error.
10-09 13:15:48.324  2042  4781 W FillRequestEventLogger: Couldn't find packageName: com.google.android.inputmethod.latin
10-09 13:15:48.325  2042 25024 W FillRequestEventLogger: Shouldn't be logging AutofillFillRequestReported again for same event
10-09 13:15:48.325  2042 25024 D AutofillSession: clearPendingIntentLocked
10-09 13:15:48.355  2042  4781 W PackageConfigPersister: App-specific configuration not found for packageName: eu.europa.ec.euidi and userId: 0
10-09 13:15:48.355 19408 19408 D MiuiMultiWindowUtils: freeform resolution args raw data:{  "wide_default":{    "freeform_args": {        "vertical_portrait":{"aspect_ratio":0.626, "original_ratio":0.5643,"original_scale":0.74,"top_margin":0.168,"left_margin":0.484},        "horizontal_portrait":{"aspect_ratio":0.626, "original_ratio":0.5643,"original_scale":0.74,"top_margin":0.1222,"left_margin":0.59745},        "vertical_landscape":{"aspect_ratio":1.6, "original_ratio":1,"original_scale":0.604,"top_margin":0.2596,"left_margin":0.2624},        "horizontal_landscape":{"aspect_ratio":1.6, "original_ratio":1,"original_scale":0.604,"top_margin":0.213,"left_margin":0.3758}    },    "mini_freeform_args":{        "vertical_portrait":{"original_ratio":0.147},        "horizontal_portrait":{"original_ratio":0.147},        "vertical_landscape":{"original_ratio":0.165},        "horizontal_landscape":{"original_ratio":0.165}    }  },  "narrow_default": {    "freeform_args": {        "vertical_portrait":{"aspect_ratio":0.626, "original_ratio":1,"original_scale":0.74,"top_margin":0.0753,"left_margin":-1},        "horizontal_portrait":{"aspect_ratio":0.626, "original_ratio":1,"original_scale":0.5756,"top_margin":-1,"left_margin":0.0753},        "vertical_landscape":{"aspect_ratio":1.6, "original_ratio":0.6847,"original_scale":0.587,"top_margin":0.0753,"left_margin":-1},        "horizontal_landscape":{"aspect_ratio":1.6, "original_ratio":0.6847,"original_scale":0.587,"top_margin":-1,"left_margin":0.0753}    },    "mini_freeform_args":{        "vertical_portrait":{"original_ratio":0.26},        "horizontal_portrait":{"original_ratio":0.26},        "vertical_landscape":{"original_ratio":0.293},        "horizontal_landscape":{"original_ratio":0.293}    }  },  "regular_default": {    "freeform_args": {      "vertical_portrait":{"aspect_ratio":0.625, "original_ratio":1,"original_scale":0.7,"top_margin":0.109,"left_margin":-1},      "horizontal_portrait":{"aspect_ratio":0.6667, "original_ratio":1,"original_scale":0.6102,"top_margin":-1,"left_margin":0.026},      "vertical_landscape":{"aspect_ratio":1.6, "original_ratio":1,"original_scale":0.4244,"top_margin":0.109,"left_margin":-1},      "horizontal_landscape":{"aspect_ratio":1.6, "original_ratio":1,"original_scale":0.4244,"top_margin":-1,"left_margin":0.026}    },    "mini_freeform_args":{      "vertical_portrait":{"original_ratio":0.25},      "horizontal_portrait":{"original_ratio":0.25},      "vertical_landscape":{"original_ratio":0.25},      "horizontal_landscape":{"original_ratio":0.25}    }  },  "pad_default": {    "freeform_args": {      "vertical_portrait":{"aspect_ratio":0.5625, "original_ratio":0.375,"original_scale":0.835,"top_margin":0.049,"left_margin":0.2775},      "horizontal_portrait":{"aspect_ratio":0.5625, "original_ratio":0.375,"original_scale":0.835,"top_margin":-1,"left_margin":0.6525},      "vertical_landscape":{"aspect_ratio":-1, "original_ratio":1,"original_scale":0.468,"top_margin":0.049,"left_margin":-1},      "horizontal_landscape":{"aspect_ratio":-1, "original_ratio":1,"original_scale":0.468,"top_margin":-1,"left_margin":0.4976}    },    "mini_freeform_args":{      "vertical_portrait":{"original_ratio":0.144},      "horizontal_portrait":{"original_ratio":0.144},      "vertical_landscape":{"original_ratio":0.2},      "horizontal_landscape":{"original_ratio":0.2}    }  }}
10-09 13:15:48.355 19408 19408 D MiuiMultiWindowUtils: initFreeFormResolutionArgs failed, device is redwood
10-09 13:15:48.357  2042  4781 I InputMethodManagerService: IMMS.showSoftInput(), client = com.android.internal.inputmethod.IInputMethodClient$Stub$Proxy@28a7184
10-09 13:15:48.357  2042  4781 I InputMethodManagerService: IMMS.showCurrentInputLocked(), flags = 0
10-09 13:15:48.357  2042  4781 D SmartPower: com.google.android.inputmethod.latin/10176(6431): show input method
10-09 13:15:48.357  2042  4781 I SmartPower: com.google.android.inputmethod.latin/10176(6431): idle->visible(69830ms) R(show input method) adj=100.
10-09 13:15:48.357  2042  4781 I DefaultImeVisibilityApplier: IMMS.showCurrentInputLocked request ims to show inputMethod.
10-09 13:15:48.358  2042  7011 W PackageConfigPersister: App-specific configuration not found for packageName: eu.europa.ec.euidi and userId: 0
10-09 13:15:48.372  2042  3096 D AutofillSession: createPendingIntent for request 293
10-09 13:15:48.372  2042  3096 D ContentCapturePerUserService: Notified activity assist data for activity: Token{b2a3d59 ActivityRecord{7e2c5d2 u0 eu.europa.ec.euidi/eu.europa.ec.assemblylogic.ui.MainActivity t6455}} without a session Id
10-09 13:15:48.388  2042  4781 D ActivityManager: checkAllowBackground: uid=10163 pkg=com.google.android.gms rec=UidRecord{3efeecd u0a163 BTOP change:procstateprocadj procs:0 seq(596884,425084)} caps=LCMNFU always=false idle=false
10-09 13:15:48.396  2042  4781 D ActivityManager: checkAllowBackground: uid=10163 pkg=com.google.android.gms rec=UidRecord{3efeecd u0a163 BTOP change:procadj procs:0 seq(596888,425084)} caps=LCMNFU always=false idle=false
10-09 13:15:48.401  2042  7002 I InputMethodManagerService: IMMS.showSoftInput(), client = com.android.internal.inputmethod.IInputMethodClient$Stub$Proxy@4cc6d1c
10-09 13:15:48.401  2042  7002 I InputMethodManagerService: IMMS.showCurrentInputLocked(), flags = 0
10-09 13:15:48.401  2042  7002 D SmartPower: com.google.android.inputmethod.latin/10176(6431): show input method
10-09 13:15:48.402  2042  7002 I DefaultImeVisibilityApplier: IMMS.showCurrentInputLocked request ims to show inputMethod.
10-09 13:15:48.405  2183  2183 I wificond: station_bandwidth: P
10-09 13:15:48.408  4304  4304 D ArtChoreographerMonitor: invoke error.
10-09 13:15:48.420  2042  4781 I InputMethodManagerService: IMMS.applyImeVisibility(), setVisible = true, mCurclient = ClientState{b661ccb mUid=10030 mPid=19408 mSelfReportedDisplayId=0}
10-09 13:15:48.420  2042  4781 I WindowManager: WMS.showImePostLayout(), imeTarget = Window{3b9492 u0 eu.europa.ec.euidi/eu.europa.ec.assemblylogic.ui.MainActivity}
10-09 13:15:48.424  2042  7002 D CoreBackPreview: Window{3b9492 u0 eu.europa.ec.euidi/eu.europa.ec.assemblylogic.ui.MainActivity}: Setting back callback OnBackInvokedCallbackInfo{mCallback=android.window.IOnBackInvokedCallback$Stub$Proxy@3f12d25, mPriority=0, mIsAnimationCallback=false}
10-09 13:15:48.428  4304  4484 D MiuiFreeformModeController: avoidForInsetsBottomChangedIfNeed oldMoveableBottom: 2270 newMoveableBounds: 2270
10-09 13:15:48.440  4304  4484 D MiuiFreeformModeController: avoidForInsetsBottomChangedIfNeed oldMoveableBottom: 2270 newMoveableBounds: 2270
10-09 13:15:48.445  2042  7011 D WindowManager: wms.finishDrawingLocked: mDrawState=COMMIT_DRAW_PENDING Window{49d5fba u0 InputMethod} in Surface(name=InputMethod#5060)/@0x3ac76a1
10-09 13:15:48.446  2042  4589 I InputMethodManagerService: IMMS.applyImeVisibility(), setVisible = true, mCurclient = ClientState{b661ccb mUid=10030 mPid=19408 mSelfReportedDisplayId=0}
10-09 13:15:48.447  2042  2693 I ImeInsetsSourceProvider: ImeInsetsSourceProvider.scheduleShowImePostLayout() Run showImeRunner.
10-09 13:15:48.447  2042  2693 I ImeInsetsSourceProvider: ImeInsetsSourceProvider.scheduleShowImePostLayout() isReadyToShowIme.
10-09 13:15:48.451  2042  4589 I WindowManager: WMS.showImePostLayout(), imeTarget = Window{3b9492 u0 eu.europa.ec.euidi/eu.europa.ec.assemblylogic.ui.MainActivity}
10-09 13:15:48.452  2042  7002 I WindowManager: cancelAnimation removed leash : Surface(name=Surface(name=d968687 NavigationBar0#90)/@0x2f479dd - animation-leash of insets_animation#5056)/@0x2c79124
10-09 13:15:48.452  4304  4484 D MiuiFreeformModeController: avoidForInsetsBottomChangedIfNeed oldMoveableBottom: 2270 newMoveableBounds: 2270
10-09 13:15:48.452  4304  4484 D ImePositionProcessor: onImeVisibilityChanged     isShowing:  true
10-09 13:15:48.454  2042  2693 I WindowManager: input method visible height changed 701
10-09 13:15:48.455  2042  3126 I ITouchFeature: current device and process support version:2
10-09 13:15:48.456  2042  2693 I WindowManager: wms.showSurfaceRobustly mWin:Window{49d5fba u0 InputMethod}
10-09 13:15:48.456  2042  2693 I ImeInsetsSourceProvider: ImeInsetsSourceProvider.scheduleShowImePostLayout() Run showImeRunner.
10-09 13:15:48.456  2042  2693 I ImeInsetsSourceProvider: ImeInsetsSourceProvider.scheduleShowImePostLayout() isReadyToShowIme.
10-09 13:15:48.457  4304  4484 D MiuiFreeformModeController: onImeVisibilityChanged imeVisible: true imeHeight: 701 adjustedForRotation:false
10-09 13:15:48.457  4304  4484 D MiuiFreeformModeAvoidAlgorithm: begin autoOrderingAvoidMiniTask
10-09 13:15:48.457  4304  4484 D MiuiFreeformModeAvoidAlgorithm: getCurrMiniPos: SameSideMiniPosList: []
10-09 13:15:48.457  4304  4484 D MiuiFreeformModeAvoidAlgorithm: getCurrMiniPos: SameSideMiniPosList: []
10-09 13:15:48.457  4304  4484 D MiuiFreeformModeAvoidAlgorithm: end autoOrderingAvoidMiniTask res:AvoidResult{distance=0, combination={}, activeTaskPos=Rect(0, 0 - 0, 0)}
10-09 13:15:48.472  4304  4484 D OneHandedController: stopOneHanded state is 0
10-09 13:15:48.475  2042  7002 D ActivityManager: checkAllowBackground: uid=10163 pkg=com.google.android.gms rec=UidRecord{3efeecd u0a163 BTOP change:procadj procs:0 seq(596898,425084)} caps=LCMNFU always=false idle=false
10-09 13:15:48.479  4304  4484 D OneHandedController: stopOneHanded state is 0
10-09 13:15:48.483  2042  7002 D ActivityManager: checkAllowBackground: uid=10163 pkg=com.google.android.gms rec=UidRecord{3efeecd u0a163 BTOP change:procadj procs:0 seq(596904,425084)} caps=LCMNFU always=false idle=false
10-09 13:15:48.497  2042  4020 D ActivityManager: checkAllowBackground: uid=10163 pkg=com.google.android.gms rec=UidRecord{3efeecd u0a163 BTOP change:procadj procs:0 seq(596912,425084)} caps=LCMNFU always=false idle=false
10-09 13:15:48.516  2042  6991 D ActivityManager: checkAllowBackground: uid=10163 pkg=com.google.android.gms rec=UidRecord{3efeecd u0a163 BTOP change:procadj procs:0 seq(596916,425084)} caps=LCMNFU always=false idle=false
10-09 13:15:48.529  2042  6991 D ActivityManager: checkAllowBackground: uid=10163 pkg=com.google.android.gms rec=UidRecord{3efeecd u0a163 BTOP change:procadj procs:0 seq(596920,425084)} caps=LCMNFU always=false idle=false
10-09 13:15:48.645  4304  4304 D ArtChoreographerMonitor: invoke error.
10-09 13:15:48.804  2042  2042 D AutofillSession: Service did not request to wait for delayed fill response.
10-09 13:15:48.805  2042  6991 D ActivityManager: checkAllowBackground: uid=10163 pkg=com.google.android.gms rec=UidRecord{3efeecd u0a163 BTOP change:procadj procs:0 seq(596920,425084)} caps=LCMNFU always=false idle=false
10-09 13:15:48.838  2042  6991 W WindowManager: Requires INTERNAL_SYSTEM_WINDOW permission if assign type to input. New type will be 0.
10-09 13:15:48.843  2042  6991 W WindowManager: Cannot find window which accessibility connection is added to
10-09 13:15:48.885  2042  7002 D PerfShielderService: eu.europa.ec.euidi|eu.europa.ec.euidi/eu.europa.ec.assemblylogic.ui.MainActivity|297|33557739255322|135|2|6
10-09 13:15:48.886  6649  6688 W MiuiPerfServiceClient: interceptAndQueuing:19408|eu.europa.ec.euidi|297|135|33557739255322|Slow handle animation|6
10-09 13:15:49.172  2042  3524 I SmartPower: com.android.chrome:privileged_process0/10172(17266): background->idle(3001ms) R(become invisible) adj=700.
10-09 13:15:49.172  2042  3524 I SmartPower: com.android.chrome/10172(17153): background->idle(3001ms) R(become invisible) adj=700.
10-09 13:15:49.651  2042  4020 D WindowManagerService: checkFlipFullScreenChange is same, nowIsFullScreen = false
10-09 13:15:49.656  2042  4020 W PresentationStatsEventLogger: Shouldn't be logging AutofillPresentationEventReported again for same event
10-09 13:15:49.656  2042  4020 W FillRequestEventLogger: Couldn't find packageName: com.google.android.inputmethod.latin
10-09 13:15:49.667  2042  4020 D AutofillSession: createPendingIntent for request 294
10-09 13:15:49.668  2042  4020 D ContentCapturePerUserService: Notified activity assist data for activity: Token{b2a3d59 ActivityRecord{7e2c5d2 u0 eu.europa.ec.euidi/eu.europa.ec.assemblylogic.ui.MainActivity t6455}} without a session Id
10-09 13:15:49.683  2042  7002 D ActivityManager: checkAllowBackground: uid=10163 pkg=com.google.android.gms rec=UidRecord{3efeecd u0a163 BTOP change:procadj procs:0 seq(596932,425084)} caps=LCMNFU always=false idle=false
10-09 13:15:49.695  2042  7002 D ActivityManager: checkAllowBackground: uid=10163 pkg=com.google.android.gms rec=UidRecord{3efeecd u0a163 BTOP change:procadj procs:0 seq(596936,425084)} caps=LCMNFU always=false idle=false
10-09 13:15:49.703  2042  7002 I InputMethodManagerService: IMMS.showCurrentInputLocked(), flags = 1
10-09 13:15:49.703  2042  7002 D SmartPower: com.google.android.inputmethod.latin/10176(6431): show input method
10-09 13:15:49.703  2042  7002 I DefaultImeVisibilityApplier: IMMS.showCurrentInputLocked request ims to show inputMethod.
10-09 13:15:49.706  2042  4781 W PackageConfigPersister: App-specific configuration not found for packageName: eu.europa.ec.euidi and userId: 0
10-09 13:15:49.727  2042  7002 D ActivityManager: checkAllowBackground: uid=10163 pkg=com.google.android.gms rec=UidRecord{3efeecd u0a163 BTOP change:procadj procs:0 seq(596940,425084)} caps=LCMNFU always=false idle=false
10-09 13:15:49.729  2042  4781 I InputMethodManagerService: IMMS.showSoftInput(), client = com.android.internal.inputmethod.IInputMethodClient$Stub$Proxy@ac47355
10-09 13:15:49.729  2042  4781 I InputMethodManagerService: IMMS.showCurrentInputLocked(), flags = 0
10-09 13:15:49.729  2042  4781 D SmartPower: com.google.android.inputmethod.latin/10176(6431): show input method
10-09 13:15:49.729  2042  4781 I DefaultImeVisibilityApplier: IMMS.showCurrentInputLocked request ims to show inputMethod.
10-09 13:15:49.755  2042  3096 I InputMethodManagerService: IMMS.applyImeVisibility(), setVisible = true, mCurclient = ClientState{b661ccb mUid=10030 mPid=19408 mSelfReportedDisplayId=0}
10-09 13:15:49.755  2042  3096 I WindowManager: WMS.showImePostLayout(), imeTarget = Window{3b9492 u0 eu.europa.ec.euidi/eu.europa.ec.assemblylogic.ui.MainActivity}
10-09 13:15:49.755  2042  7002 D ActivityManager: checkAllowBackground: uid=10163 pkg=com.google.android.gms rec=UidRecord{3efeecd u0a163 BTOP change:procadj procs:0 seq(596944,425084)} caps=LCMNFU always=false idle=false
10-09 13:15:49.757  2042  2693 I ImeInsetsSourceProvider: ImeInsetsSourceProvider.scheduleShowImePostLayout() Run showImeRunner.
10-09 13:15:49.758  2042  2693 I ImeInsetsSourceProvider: ImeInsetsSourceProvider.scheduleShowImePostLayout() isReadyToShowIme.
10-09 13:15:49.767  2042  6879 I InputMethodManagerService: IMMS.applyImeVisibility(), setVisible = true, mCurclient = ClientState{b661ccb mUid=10030 mPid=19408 mSelfReportedDisplayId=0}
10-09 13:15:49.768  2042  6879 I WindowManager: WMS.showImePostLayout(), imeTarget = Window{3b9492 u0 eu.europa.ec.euidi/eu.europa.ec.assemblylogic.ui.MainActivity}
10-09 13:15:49.768  4304  4484 D OneHandedController: stopOneHanded state is 0
10-09 13:15:49.769  2042  2693 I ImeInsetsSourceProvider: ImeInsetsSourceProvider.scheduleShowImePostLayout() Run showImeRunner.
10-09 13:15:49.770  2042  2693 I ImeInsetsSourceProvider: ImeInsetsSourceProvider.scheduleShowImePostLayout() isReadyToShowIme.
10-09 13:15:49.777  4304  4484 D OneHandedController: stopOneHanded state is 0
10-09 13:15:49.779  2042  6991 D ActivityManager: checkAllowBackground: uid=10163 pkg=com.google.android.gms rec=UidRecord{3efeecd u0a163 BTOP change:procadj procs:0 seq(596948,425084)} caps=LCMNFU always=false idle=false
10-09 13:15:49.797  2042  3096 D ActivityManager: checkAllowBackground: uid=10163 pkg=com.google.android.gms rec=UidRecord{3efeecd u0a163 BTOP change:procadj procs:0 seq(596952,425084)} caps=LCMNFU always=false idle=false
10-09 13:15:49.808  2042  6991 D ActivityManager: checkAllowBackground: uid=10163 pkg=com.google.android.gms rec=UidRecord{3efeecd u0a163 BTOP change:procadj procs:0 seq(596956,425084)} caps=LCMNFU always=false idle=false
10-09 13:15:49.874  2042  6991 W WindowManager: Cannot find window which accessibility connection is added to
10-09 13:15:49.876  2042  6991 W WindowManager: Failed looking up window session=Session{a1506bf 20547:u0a10213} callers=com.android.server.wm.WindowManagerService.windowForClientLocked:6851 com.android.server.wm.WindowManagerService.removeWindow:2423 com.android.server.wm.Session.remove:248 
10-09 13:15:50.085  2042  2042 W FillResponseEventLogger: FillResponseEventLogger is not empty before starting for a new request
10-09 13:15:50.085  2042  2042 D AutofillSession: Service did not request to wait for delayed fill response.
10-09 13:15:50.086  2042  6991 D ActivityManager: checkAllowBackground: uid=10163 pkg=com.google.android.gms rec=UidRecord{3efeecd u0a163 BTOP change:procadj procs:0 seq(596960,425084)} caps=LCMNFU always=false idle=false
10-09 13:15:50.356  2042  3096 D WindowManagerService: checkFlipFullScreenChange is same, nowIsFullScreen = false
10-09 13:15:50.359  2042  3096 W PresentationStatsEventLogger: Shouldn't be logging AutofillPresentationEventReported again for same event
10-09 13:15:50.359  2042  3096 W FillRequestEventLogger: Couldn't find packageName: com.google.android.inputmethod.latin
10-09 13:15:50.370  2042  3096 D AutofillSession: createPendingIntent for request 295
10-09 13:15:50.370  2042  3096 D ContentCapturePerUserService: Notified activity assist data for activity: Token{b2a3d59 ActivityRecord{7e2c5d2 u0 eu.europa.ec.euidi/eu.europa.ec.assemblylogic.ui.MainActivity t6455}} without a session Id
10-09 13:15:50.383  2042  3096 D ActivityManager: checkAllowBackground: uid=10163 pkg=com.google.android.gms rec=UidRecord{3efeecd u0a163 BTOP change:procadj procs:0 seq(596964,425084)} caps=LCMNFU always=false idle=false
10-09 13:15:50.391  2042  7002 I InputMethodManagerService: IMMS.showCurrentInputLocked(), flags = 1
10-09 13:15:50.392  2042  7002 D SmartPower: com.google.android.inputmethod.latin/10176(6431): show input method
10-09 13:15:50.392  2042  7002 I DefaultImeVisibilityApplier: IMMS.showCurrentInputLocked request ims to show inputMethod.
10-09 13:15:50.394  2042  6991 W PackageConfigPersister: App-specific configuration not found for packageName: eu.europa.ec.euidi and userId: 0
10-09 13:15:50.395  2042  6879 D ActivityManager: checkAllowBackground: uid=10163 pkg=com.google.android.gms rec=UidRecord{3efeecd u0a163 BTOP change:procadj procs:0 seq(596968,425084)} caps=LCMNFU always=false idle=false
10-09 13:15:50.417  2042  7002 I InputMethodManagerService: IMMS.showSoftInput(), client = com.android.internal.inputmethod.IInputMethodClient$Stub$Proxy@bf0d510
10-09 13:15:50.417  2042  7002 I InputMethodManagerService: IMMS.showCurrentInputLocked(), flags = 0
10-09 13:15:50.417  2042  7002 D SmartPower: com.google.android.inputmethod.latin/10176(6431): show input method
10-09 13:15:50.417  2042  7002 I DefaultImeVisibilityApplier: IMMS.showCurrentInputLocked request ims to show inputMethod.
10-09 13:15:50.441  2042  3096 I InputMethodManagerService: IMMS.applyImeVisibility(), setVisible = true, mCurclient = ClientState{b661ccb mUid=10030 mPid=19408 mSelfReportedDisplayId=0}
10-09 13:15:50.441  2042  3096 I WindowManager: WMS.showImePostLayout(), imeTarget = Window{3b9492 u0 eu.europa.ec.euidi/eu.europa.ec.assemblylogic.ui.MainActivity}
10-09 13:15:50.447  2042  2693 I ImeInsetsSourceProvider: ImeInsetsSourceProvider.scheduleShowImePostLayout() Run showImeRunner.
10-09 13:15:50.447  2042  2693 I ImeInsetsSourceProvider: ImeInsetsSourceProvider.scheduleShowImePostLayout() isReadyToShowIme.
10-09 13:15:50.451  2042  7002 D ActivityManager: checkAllowBackground: uid=10163 pkg=com.google.android.gms rec=UidRecord{3efeecd u0a163 BTOP change:procadj procs:0 seq(596972,425084)} caps=LCMNFU always=false idle=false
10-09 13:15:50.452  2042  4589 I InputMethodManagerService: IMMS.applyImeVisibility(), setVisible = true, mCurclient = ClientState{b661ccb mUid=10030 mPid=19408 mSelfReportedDisplayId=0}
10-09 13:15:50.453  2042  4589 I WindowManager: WMS.showImePostLayout(), imeTarget = Window{3b9492 u0 eu.europa.ec.euidi/eu.europa.ec.assemblylogic.ui.MainActivity}
10-09 13:15:50.453  4304  4484 D OneHandedController: stopOneHanded state is 0
10-09 13:15:50.455  2042  4781 D ActivityManager: checkAllowBackground: uid=10163 pkg=com.google.android.gms rec=UidRecord{3efeecd u0a163 BTOP change:procadj procs:0 seq(596974,425084)} caps=LCMNFU always=false idle=false
10-09 13:15:50.455  2042  2693 I ImeInsetsSourceProvider: ImeInsetsSourceProvider.scheduleShowImePostLayout() Run showImeRunner.
10-09 13:15:50.456  2042  2693 I ImeInsetsSourceProvider: ImeInsetsSourceProvider.scheduleShowImePostLayout() isReadyToShowIme.
10-09 13:15:50.462  4304  4484 D OneHandedController: stopOneHanded state is 0
10-09 13:15:50.463  2042  3096 D ActivityManager: checkAllowBackground: uid=10163 pkg=com.google.android.gms rec=UidRecord{3efeecd u0a163 BTOP change:procadj procs:0 seq(596980,425084)} caps=LCMNFU always=false idle=false
10-09 13:15:50.488  2042  4589 D ActivityManager: checkAllowBackground: uid=10163 pkg=com.google.android.gms rec=UidRecord{3efeecd u0a163 BTOP change:procadj procs:0 seq(596984,425084)} caps=LCMNFU always=false idle=false
10-09 13:15:50.510  2042  4589 D ActivityManager: checkAllowBackground: uid=10163 pkg=com.google.android.gms rec=UidRecord{3efeecd u0a163 BTOP change:procadj procs:0 seq(596988,425084)} caps=LCMNFU always=false idle=false
10-09 13:15:50.520  2042  4589 D ActivityManager: checkAllowBackground: uid=10163 pkg=com.google.android.gms rec=UidRecord{3efeecd u0a163 BTOP change:procadj procs:0 seq(596992,425084)} caps=LCMNFU always=false idle=false
10-09 13:15:50.786  2042  3524 I SmartPower: com.google.android.adservices.api/10294(20677): background->idle(75850ms) R(broadcast end Intent { act=com.android.adservices.PACKAGE_CHANGED dat=package: flg=0x10 cmp=com.google.android.adservices.api/com.android.adservices.service.common.PackageChangedReceiver (has extras) }) adj=100.
10-09 13:15:50.787  2042  3524 I SmartPower: com.android.chrome:sandboxed_process0:org.chromium.content.app.SandboxedProcessSerbackground->idle(75850ms) R(adj below visible) adj=700.
10-09 13:15:50.795  2042  2042 W FillResponseEventLogger: FillResponseEventLogger is not empty before starting for a new request
10-09 13:15:50.796  2042  2042 D AutofillSession: Service did not request to wait for delayed fill response.
10-09 13:15:50.799  2042  4589 D ActivityManager: checkAllowBackground: uid=10163 pkg=com.google.android.gms rec=UidRecord{3efeecd u0a163 BTOP change:procadj procs:0 seq(596996,425084)} caps=LCMNFU always=false idle=false
10-09 13:15:51.057  2042  4589 D WindowManagerService: checkFlipFullScreenChange is same, nowIsFullScreen = false
10-09 13:15:51.059  2042  4589 W PresentationStatsEventLogger: Shouldn't be logging AutofillPresentationEventReported again for same event
10-09 13:15:51.060  2042  4589 W FillRequestEventLogger: Couldn't find packageName: com.google.android.inputmethod.latin
10-09 13:15:51.069  2042  4589 D AutofillSession: createPendingIntent for request 296
10-09 13:15:51.069  2042  4589 D ContentCapturePerUserService: Notified activity assist data for activity: Token{b2a3d59 ActivityRecord{7e2c5d2 u0 eu.europa.ec.euidi/eu.europa.ec.assemblylogic.ui.MainActivity t6455}} without a session Id
10-09 13:15:51.083  2042  4589 D ActivityManager: checkAllowBackground: uid=10163 pkg=com.google.android.gms rec=UidRecord{3efeecd u0a163 BTOP change:procadj procs:0 seq(597000,425084)} caps=LCMNFU always=false idle=false
10-09 13:15:51.084  2042  4589 W ProcessStats: Tracking association SourceState{997736f com.google.android.inputmethod.latin/10176 BFgs #95674} whose proc state 4 is better than process ProcessState{77bc03 com.google.android.gms/10163 pkg=com.google.android.gms} proc state 9 (934 skipped)
10-09 13:15:51.090  2042  6991 I InputMethodManagerService: IMMS.showCurrentInputLocked(), flags = 1
10-09 13:15:51.090  2042  6991 D SmartPower: com.google.android.inputmethod.latin/10176(6431): show input method
10-09 13:15:51.091  2042  6991 I DefaultImeVisibilityApplier: IMMS.showCurrentInputLocked request ims to show inputMethod.
10-09 13:15:51.093  2042  3096 W PackageConfigPersister: App-specific configuration not found for packageName: eu.europa.ec.euidi and userId: 0
10-09 13:15:51.099  2042  3096 D ActivityManager: checkAllowBackground: uid=10163 pkg=com.google.android.gms rec=UidRecord{3efeecd u0a163 BTOP change:procadj procs:0 seq(597004,425084)} caps=LCMNFU always=false idle=false
10-09 13:15:51.121  2042  4589 I InputMethodManagerService: IMMS.showSoftInput(), client = com.android.internal.inputmethod.IInputMethodClient$Stub$Proxy@ab1d227
10-09 13:15:51.121  2042  4589 I InputMethodManagerService: IMMS.showCurrentInputLocked(), flags = 0
10-09 13:15:51.121  2042  4589 D SmartPower: com.google.android.inputmethod.latin/10176(6431): show input method
10-09 13:15:51.121  2042  4589 I DefaultImeVisibilityApplier: IMMS.showCurrentInputLocked request ims to show inputMethod.
10-09 13:15:51.144  2042  4589 I InputMethodManagerService: IMMS.applyImeVisibility(), setVisible = true, mCurclient = ClientState{b661ccb mUid=10030 mPid=19408 mSelfReportedDisplayId=0}
10-09 13:15:51.145  2042  4589 I WindowManager: WMS.showImePostLayout(), imeTarget = Window{3b9492 u0 eu.europa.ec.euidi/eu.europa.ec.assemblylogic.ui.MainActivity}
10-09 13:15:51.145  2042  4781 D ActivityManager: checkAllowBackground: uid=10163 pkg=com.google.android.gms rec=UidRecord{3efeecd u0a163 BTOP change:procadj procs:0 seq(597008,425084)} caps=LCMNFU always=false idle=false
10-09 13:15:51.148  2042  2693 I ImeInsetsSourceProvider: ImeInsetsSourceProvider.scheduleShowImePostLayout() Run showImeRunner.
10-09 13:15:51.148  2042  2693 I ImeInsetsSourceProvider: ImeInsetsSourceProvider.scheduleShowImePostLayout() isReadyToShowIme.
10-09 13:15:51.154  4304  4484 D OneHandedController: stopOneHanded state is 0
10-09 13:15:51.155  2042  7002 I InputMethodManagerService: IMMS.applyImeVisibility(), setVisible = true, mCurclient = ClientState{b661ccb mUid=10030 mPid=19408 mSelfReportedDisplayId=0}
10-09 13:15:51.155  2042  7002 I WindowManager: WMS.showImePostLayout(), imeTarget = Window{3b9492 u0 eu.europa.ec.euidi/eu.europa.ec.assemblylogic.ui.MainActivity}
10-09 13:15:51.155  2042  6879 D ActivityManager: checkAllowBackground: uid=10163 pkg=com.google.android.gms rec=UidRecord{3efeecd u0a163 BTOP change:procadj procs:0 seq(597012,425084)} caps=LCMNFU always=false idle=false
10-09 13:15:51.156  2042  2693 I ImeInsetsSourceProvider: ImeInsetsSourceProvider.scheduleShowImePostLayout() Run showImeRunner.
10-09 13:15:51.156  2042  2693 I ImeInsetsSourceProvider: ImeInsetsSourceProvider.scheduleShowImePostLayout() isReadyToShowIme.
10-09 13:15:51.167  4304  4484 D OneHandedController: stopOneHanded state is 0
10-09 13:15:51.190  2042  4020 D ActivityManager: checkAllowBackground: uid=10163 pkg=com.google.android.gms rec=UidRecord{3efeecd u0a163 BTOP change:procadj procs:0 seq(597016,425084)} caps=LCMNFU always=false idle=false
10-09 13:15:51.208  2042  4020 D ActivityManager: checkAllowBackground: uid=10163 pkg=com.google.android.gms rec=UidRecord{3efeecd u0a163 BTOP change:procadj procs:0 seq(597020,425084)} caps=LCMNFU always=false idle=false
10-09 13:15:51.219  2042  4020 D ActivityManager: checkAllowBackground: uid=10163 pkg=com.google.android.gms rec=UidRecord{3efeecd u0a163 BTOP change:procadj procs:0 seq(597024,425084)} caps=LCMNFU always=false idle=false
10-09 13:15:51.417  2183  2183 I wificond: station_bandwidth: P
10-09 13:15:51.496  2042  2042 W FillResponseEventLogger: FillResponseEventLogger is not empty before starting for a new request
10-09 13:15:51.496  2042  2042 D AutofillSession: Service did not request to wait for delayed fill response.
10-09 13:15:51.498  2042  4020 D ActivityManager: checkAllowBackground: uid=10163 pkg=com.google.android.gms rec=UidRecord{3efeecd u0a163 BTOP change:procadj procs:0 seq(597028,425084)} caps=LCMNFU always=false idle=false
10-09 13:15:51.756  2042  4020 D WindowManagerService: checkFlipFullScreenChange is same, nowIsFullScreen = false
10-09 13:15:51.759  2042  4020 W PresentationStatsEventLogger: Shouldn't be logging AutofillPresentationEventReported again for same event
10-09 13:15:51.759  2042  4020 W FillRequestEventLogger: Couldn't find packageName: com.google.android.inputmethod.latin
10-09 13:15:51.769  2042  4020 D AutofillSession: createPendingIntent for request 297
10-09 13:15:51.769  2042  4020 D ContentCapturePerUserService: Notified activity assist data for activity: Token{b2a3d59 ActivityRecord{7e2c5d2 u0 eu.europa.ec.euidi/eu.europa.ec.assemblylogic.ui.MainActivity t6455}} without a session Id
10-09 13:15:51.786  2042  4020 D ActivityManager: checkAllowBackground: uid=10163 pkg=com.google.android.gms rec=UidRecord{3efeecd u0a163 BTOP change:procadj procs:0 seq(597032,425084)} caps=LCMNFU always=false idle=false
10-09 13:15:51.790  2042  7002 I InputMethodManagerService: IMMS.showCurrentInputLocked(), flags = 1
10-09 13:15:51.790  2042  7002 D SmartPower: com.google.android.inputmethod.latin/10176(6431): show input method
10-09 13:15:51.790  2042  7002 I DefaultImeVisibilityApplier: IMMS.showCurrentInputLocked request ims to show inputMethod.
10-09 13:15:51.795  2042  4020 D ActivityManager: checkAllowBackground: uid=10163 pkg=com.google.android.gms rec=UidRecord{3efeecd u0a163 BTOP change:procadj procs:0 seq(597036,425084)} caps=LCMNFU always=false idle=false
10-09 13:15:51.797  2042  6879 W PackageConfigPersister: App-specific configuration not found for packageName: eu.europa.ec.euidi and userId: 0
10-09 13:15:51.815  2042  4020 I InputMethodManagerService: IMMS.showSoftInput(), client = com.android.internal.inputmethod.IInputMethodClient$Stub$Proxy@ad37958
10-09 13:15:51.815  2042  4020 I InputMethodManagerService: IMMS.showCurrentInputLocked(), flags = 0
10-09 13:15:51.815  2042  4020 D SmartPower: com.google.android.inputmethod.latin/10176(6431): show input method
10-09 13:15:51.815  2042  4020 I DefaultImeVisibilityApplier: IMMS.showCurrentInputLocked request ims to show inputMethod.
