10-10 12:31:57.491  1902 23265 W MIUIInput: Input event injection from package: null action ACTION_UP
10-10 12:31:57.572   691 15079 I keystore2: system/security/keystore2/src/watchdog.rs:319 - Watchdog thread idle -> terminating. Have a great day.
10-10 12:31:57.602  1556  1556 I wificond: station_bandwidth: 
10-10 12:31:57.633  1902  1947 D HeapUsage Monitor: HeapAllocSize : 82MB; monitorSize : 500MB
10-10 12:31:57.897  1902 23265 I SmartPower: com.google.android.inputmethod.latin/10196(22721): visible->invisible(1723ms) R(become invisible) adj=100.
10-10 12:31:57.897  1902 23265 I SmartPower: com.google.android.inputmethod.latin/10196(22721): invisible->background(0ms) R(become background) adj=100.
10-10 12:31:57.901  2983  3075 D MiuiFreeformModeController: avoidForInsetsBottomChangedIfNeed oldMoveableBottom: 2270 newMoveableBounds: 2270
10-10 12:31:57.908  2983  3075 D MiuiFreeformModeController: avoidForInsetsBottomChangedIfNeed oldMoveableBottom: 2270 newMoveableBounds: 2270
10-10 12:31:58.633  1902 23265 W MIUIInput: Input event injection from package: null action ACTION_DOWN
10-10 12:31:58.634  1902  2612 I ProcessManager: getRenderThreadTidByPid, caller=1902
10-10 12:31:58.637  1902 23265 W MIUIInput: Input event injection from package: null action ACTION_UP
10-10 12:31:58.650  1902 23259 W PackageConfigPersister: App-specific configuration not found for packageName: com.android.chrome and userId: 0
10-10 12:31:58.651  1902 10935 I InputMethodManagerService: IMMS.showSoftInput(), client = com.android.internal.inputmethod.IInputMethodClient$Stub$Proxy@896c669
10-10 12:31:58.651  1902 10935 I InputMethodManagerService: IMMS.showCurrentInputLocked(), flags = 0
10-10 12:31:58.651  1902 10935 D SmartPower: com.google.android.inputmethod.latin/10196(22721): show input method
10-10 12:31:58.651  1902 10935 I SmartPower: com.google.android.inputmethod.latin/10196(22721): background->visible(754ms) R(show input method) adj=100.
10-10 12:31:58.651  1902 10935 I DefaultImeVisibilityApplier: IMMS.showCurrentInputLocked request ims to show inputMethod.
10-10 12:31:58.702  1902 10935 I InputMethodManagerService: IMMS.showSoftInput(), client = com.android.internal.inputmethod.IInputMethodClient$Stub$Proxy@d80a18f
10-10 12:31:58.702  1902 10935 I InputMethodManagerService: IMMS.showCurrentInputLocked(), flags = 0
10-10 12:31:58.702  1902 10935 D SmartPower: com.google.android.inputmethod.latin/10196(22721): show input method
10-10 12:31:58.703  1902 10935 I DefaultImeVisibilityApplier: IMMS.showCurrentInputLocked request ims to show inputMethod.
10-10 12:31:58.716  1902 10935 I InputMethodManagerService: IMMS.applyImeVisibility(), setVisible = true, mCurclient = ClientState{a64f3b0 mUid=10190 mPid=11296 mSelfReportedDisplayId=0}
10-10 12:31:58.716  1902 10935 I WindowManager: WMS.showImePostLayout(), imeTarget = Window{7811d96 u0 com.android.chrome/org.chromium.chrome.browser.ChromeTabbedActivity}
10-10 12:31:58.725  1902 23259 I InputMethodManagerService: IMMS.showSoftInput(), client = com.android.internal.inputmethod.IInputMethodClient$Stub$Proxy@2b04e08
10-10 12:31:58.725  1902 23259 I InputMethodManagerService: IMMS.showCurrentInputLocked(), flags = 0
10-10 12:31:58.725  1902 23259 D SmartPower: com.google.android.inputmethod.latin/10196(22721): show input method
10-10 12:31:58.725  1902 23259 I DefaultImeVisibilityApplier: IMMS.showCurrentInputLocked request ims to show inputMethod.
10-10 12:31:58.726  2983  3075 D MiuiFreeformModeController: avoidForInsetsBottomChangedIfNeed oldMoveableBottom: 2270 newMoveableBounds: 2270
10-10 12:31:58.728  1902 23265 I WindowManager: Relayout Window{6a76de5 u0 InputMethod}: oldVis=8 newVis=0 focusMayChange = true requestedWidth = 1080 requestedHeight = 2306 outFrames = ClientWindowFrames{frame=[0,94][1080,2400] display=[0,94][1080,2400] parentFrame=[0,0][0,0]} outSurfaceControl = Surface(name=InputMethod#18726)/@0xf07d9a1
10-10 12:31:58.734  2983  3075 D MiuiFreeformModeController: avoidForInsetsBottomChangedIfNeed oldMoveableBottom: 2270 newMoveableBounds: 2270
10-10 12:31:58.738  1902 22586 D CoreBackPreview: Window{7811d96 u0 com.android.chrome/org.chromium.chrome.browser.ChromeTabbedActivity}: Setting back callback OnBackInvokedCallbackInfo{mCallback=android.window.IOnBackInvokedCallback$Stub$Proxy@e2ce7c6, mPriority=0, mIsAnimationCallback=false}
10-10 12:31:58.747  1902 23265 W WindowManager: finishDrawingWindow: Window{6a76de5 u0 InputMethod} mDrawState=DRAW_PENDING
10-10 12:31:58.747  1902 23265 D WindowManager: wms.finishDrawingLocked: mDrawState=COMMIT_DRAW_PENDING Window{6a76de5 u0 InputMethod} in Surface(name=InputMethod#18726)/@0x76fc7ab
10-10 12:31:58.749  1902 22586 I InputMethodManagerService: IMMS.applyImeVisibility(), setVisible = true, mCurclient = ClientState{a64f3b0 mUid=10190 mPid=11296 mSelfReportedDisplayId=0}
10-10 12:31:58.753  1902  1939 I ImeInsetsSourceProvider: ImeInsetsSourceProvider.scheduleShowImePostLayout() Run showImeRunner.
10-10 12:31:58.753  1902  1939 I ImeInsetsSourceProvider: ImeInsetsSourceProvider.scheduleShowImePostLayout() isReadyToShowIme.
10-10 12:31:58.755  1902 22586 I WindowManager: WMS.showImePostLayout(), imeTarget = Window{7811d96 u0 com.android.chrome/org.chromium.chrome.browser.ChromeTabbedActivity}
10-10 12:31:58.755  1902 22586 I InputMethodManagerService: IMMS.applyImeVisibility(), setVisible = true, mCurclient = ClientState{a64f3b0 mUid=10190 mPid=11296 mSelfReportedDisplayId=0}
10-10 12:31:58.755  1902 22586 I WindowManager: WMS.showImePostLayout(), imeTarget = Window{7811d96 u0 com.android.chrome/org.chromium.chrome.browser.ChromeTabbedActivity}
10-10 12:31:58.759  1902 10935 I WindowManager: cancelAnimation removed leash : Surface(name=Surface(name=db27a2 NavigationBar0#82)/@0xc1acbf0 - animation-leash of insets_animation#18725)/@0xab4906d
10-10 12:31:58.760  1902  1939 I WindowManager: input method visible height changed 701
10-10 12:31:58.760  1902  2338 I ITouchFeature: current device and process support version:2
10-10 12:31:58.760  2983  3075 D MiuiFreeformModeController: avoidForInsetsBottomChangedIfNeed oldMoveableBottom: 2270 newMoveableBounds: 2270
10-10 12:31:58.760  2983  3075 D ImePositionProcessor: onImeVisibilityChanged     isShowing:  true
10-10 12:31:58.761  1902  1939 W WindowManager: real show surface:Surface(name=InputMethod#18726)/@0x76fc7ab
10-10 12:31:58.761  1902  1939 I ImeInsetsSourceProvider: ImeInsetsSourceProvider.scheduleShowImePostLayout() Run showImeRunner.
10-10 12:31:58.761  1902  1939 I ImeInsetsSourceProvider: ImeInsetsSourceProvider.scheduleShowImePostLayout() isReadyToShowIme.
10-10 12:31:58.763  2983  3075 D MiuiFreeformModeController: onImeVisibilityChanged imeVisible: true imeHeight: 701 adjustedForRotation:false
10-10 12:31:58.763  2983  3075 D MiuiFreeformModeAvoidAlgorithm: begin autoOrderingAvoidMiniTask
10-10 12:31:58.763  2983  3075 D MiuiFreeformModeAvoidAlgorithm: getCurrMiniPos: SameSideMiniPosList: []
10-10 12:31:58.763  2983  3075 D MiuiFreeformModeAvoidAlgorithm: getCurrMiniPos: SameSideMiniPosList: []
10-10 12:31:58.763  2983  3075 D MiuiFreeformModeAvoidAlgorithm: end autoOrderingAvoidMiniTask res:AvoidResult{distance=0, combination={}, activeTaskPos=Rect(0, 0 - 0, 0)}
10-10 12:31:58.778  2983  3075 D OneHandedController: stopOneHanded state is 0
10-10 12:31:58.894  1902  2776 D WindowManagerService: checkFlipFullScreenChange is same, nowIsFullScreen = false
10-10 12:31:58.927  1902  2776 D WindowManagerService: checkFlipFullScreenChange is same, nowIsFullScreen = false
10-10 12:31:58.965  1902  2776 W MIUIInput: Input event injection from package: null action ACTION_DOWN keycode 66
10-10 12:31:58.965  1902  2776 W MiuiInputKeyEventLog: keyCode:66 down:true eventTime:115756347 downTime:115756347 policyFlags:2b000000 flags:0 metaState:0 deviceId:-1 isScreenOn:true keyguardActive:false repeatCount:0
10-10 12:31:58.971  1902  2776 W MIUIInput: Input event injection from package: null action ACTION_UP keycode 66
10-10 12:31:58.971  1902  2776 W MiuiInputKeyEventLog: keyCode:66 down:false eventTime:115756347 downTime:115756347 policyFlags:2b000000 flags:0 metaState:0 deviceId:-1 isScreenOn:true keyguardActive:false repeatCount:0
10-10 12:31:59.096  1902 10935 D SchedBoost: com.android.chrome:sandboxed_process0:org.chromium.content.app.SandboxedProcessService0:14 boosting, skip reset priority
10-10 12:31:59.101  1902 22586 W PackageConfigPersister: App-specific configuration not found for packageName: com.android.chrome and userId: 0
10-10 12:31:59.104  1902  2776 I InputMethodManagerService: IMMS.applyImeVisibility(), setVisible = false, mCurclient = ClientState{a64f3b0 mUid=10190 mPid=11296 mSelfReportedDisplayId=0}
10-10 12:31:59.119  1902 15926 D CoreBackPreview: Window{7811d96 u0 com.android.chrome/org.chromium.chrome.browser.ChromeTabbedActivity}: Setting back callback OnBackInvokedCallbackInfo{mCallback=android.window.IOnBackInvokedCallback$Stub$Proxy@ebb299e, mPriority=0, mIsAnimationCallback=true}
10-10 12:31:59.121  2983  3075 D MiuiFreeformModeController: avoidForInsetsBottomChangedIfNeed oldMoveableBottom: 2270 newMoveableBounds: 2270
10-10 12:31:59.121  2983  3075 D ImePositionProcessor: onImeVisibilityChanged     isShowing:  false
10-10 12:31:59.123  1902  1938 I WindowManager: input method visible height changed 0
10-10 12:31:59.123  1902  2338 I ITouchFeature: current device and process support version:2
10-10 12:31:59.123  2983  3075 D MiuiFreeformModeController: onImeVisibilityChanged imeVisible: false imeHeight: 0 adjustedForRotation:false
10-10 12:31:59.123  2983  3075 D MiuiFreeformModeAvoidAlgorithm: begin autoOrderingAvoidMiniTask
10-10 12:31:59.123  2983  3075 D MiuiFreeformModeAvoidAlgorithm: getCurrMiniPos: SameSideMiniPosList: []
10-10 12:31:59.123  2983  3075 D MiuiFreeformModeAvoidAlgorithm: getCurrMiniPos: SameSideMiniPosList: []
10-10 12:31:59.123  2983  3075 D MiuiFreeformModeAvoidAlgorithm: end autoOrderingAvoidMiniTask res:AvoidResult{distance=0, combination={}, activeTaskPos=Rect(0, 0 - 0, 0)}
10-10 12:31:59.643  1902  2776 I SmartPower: com.google.android.inputmethod.latin/10196(22721): visible->invisible(991ms) R(become invisible) adj=100.
10-10 12:31:59.643  1902  2776 I SmartPower: com.google.android.inputmethod.latin/10196(22721): invisible->background(0ms) R(become background) adj=100.
10-10 12:31:59.647  2983  3075 D MiuiFreeformModeController: avoidForInsetsBottomChangedIfNeed oldMoveableBottom: 2270 newMoveableBounds: 2270
10-10 12:31:59.659  2983  3075 D MiuiFreeformModeController: avoidForInsetsBottomChangedIfNeed oldMoveableBottom: 2270 newMoveableBounds: 2270
10-10 12:31:59.832  1902  2776 W MIUIInput: Input event injection from package: null action ACTION_DOWN
10-10 12:31:59.836  1902  2612 I ProcessManager: getRenderThreadTidByPid, caller=1902
10-10 12:31:59.838  1902  2612 I ProcessManager: getRenderThreadTidByPid, caller=1902
10-10 12:31:59.926  1902 23259 W MIUIInput: Input event injection from package: null action ACTION_UP
10-10 12:32:00.001  1902  2336 D AlarmManager: mBroadcastRefCount -> 1
10-10 12:32:00.001  1902  1902 D AlarmManager: mBroadcastRefCount -> 0
10-10 12:32:00.001  1902  1902 D AlarmManager: mPendingIntent -> null
10-10 12:32:00.612  1556  1556 I wificond: station_bandwidth: 
10-10 12:32:00.790  1902 23259 W MIUIInput: Input event injection from package: null action ACTION_DOWN
10-10 12:32:00.791  1902  2612 I ProcessManager: getRenderThreadTidByPid, caller=1902
10-10 12:32:00.793  1902  2612 I ProcessManager: getRenderThreadTidByPid, caller=1902
10-10 12:32:00.882  1902 23259 W MIUIInput: Input event injection from package: null action ACTION_UP
10-10 12:32:01.765  1902  2776 W MIUIInput: Input event injection from package: null action ACTION_DOWN
10-10 12:32:01.766  1902  2612 I ProcessManager: getRenderThreadTidByPid, caller=1902
10-10 12:32:01.770  1902  2612 I ProcessManager: getRenderThreadTidByPid, caller=1902
10-10 12:32:01.861  1902  2776 W MIUIInput: Input event injection from package: null action ACTION_UP
10-10 12:32:02.129  1902  2776 W ProcessStats: Tracking association SourceState{b813b1d com.miui.securitycenter.remote/1000 Fgs #350145} whose proc state 3 is better than process ProcessState{3bbc40b com.miui.analytics/10101 pkg=com.miui.analytics} proc state 5 (67 skipped)
10-10 12:32:02.643  1902  2620 I SmartPower: com.google.android.inputmethod.latin/10196(22721): background->idle(3001ms) R(become invisible) adj=100.
10-10 12:32:02.749  1902 23259 W MIUIInput: Input event injection from package: null action ACTION_DOWN
10-10 12:32:02.750  1902  2612 I ProcessManager: getRenderThreadTidByPid, caller=1902
10-10 12:32:02.752  1902  2612 I ProcessManager: getRenderThreadTidByPid, caller=1902
10-10 12:32:02.842  1902 23259 W MIUIInput: Input event injection from package: null action ACTION_UP
10-10 12:32:03.632  1556  1556 I wificond: station_bandwidth: 
10-10 12:32:03.732  1902 23259 W MIUIInput: Input event injection from package: null action ACTION_DOWN
10-10 12:32:03.734  1902  2612 I ProcessManager: getRenderThreadTidByPid, caller=1902
10-10 12:32:03.736  1902  2612 I ProcessManager: getRenderThreadTidByPid, caller=1902
10-10 12:32:03.829  1902 23259 W MIUIInput: Input event injection from package: null action ACTION_UP
10-10 12:32:04.027  2983  2983 I MiuiChargeManager: notifyBatteryStatusChanged:  status: 2 isPlugged: 2 level: 100 wireState: 11 chargeSpeed: 0 mChargeType: 0 chargeDeviceType: 0 maxChargingWattage: -1 isCarCharge: 0 SUPPORT_BROADCAST_QUICK_CHARGE: true
10-10 12:32:04.029  1902  1902 D MBrainLocalService: isVendorFreezeConditionPass is false
10-10 12:32:04.029  1902  1902 E ChargeIntentReceiver: notifyChange failed
10-10 12:32:04.030  1902  1902 D UiModeManager: updateConfigurationLocked: mDockState=0; mCarMode=false; mCar=false; mPowerSave=false; mOverrideNightModeOn=false; mOverrideNightModeOff=false; mComputedNightMode=false; mNightMode=1; uiMode=17
10-10 12:32:04.151  1902  2336 I SmartPower: com.google.android.gms.unstable/10175(4628): idle->background(57001ms) R(alarm start) adj=800.
10-10 12:32:04.151  1902  2336 I SmartPower: com.google.android.gms.ui/10175(26069): idle->background(57001ms) R(alarm start) adj=800.
10-10 12:32:04.151  1902  2336 I SmartPower: com.google.process.gservices/10175(22048): idle->background(57000ms) R(alarm start) adj=915.
10-10 12:32:04.151  1902  2336 I SmartPower: com.google.android.gms:snet/10175(14783): idle->background(57000ms) R(alarm start) adj=800.
10-10 12:32:04.151  1902  2336 I SmartPower: com.google.process.gapps/10175(12347): idle->background(57000ms) R(alarm start) adj=945.
10-10 12:32:04.152  1902  2336 D AlarmManager: mBroadcastRefCount -> 1
10-10 12:32:04.164  1902  2776 D AlarmManager: mBroadcastRefCount -> 0
10-10 12:32:04.164  1902  2776 D AlarmManager: mPendingIntent -> null
10-10 12:32:04.528  1902  1954 I SmartPower: com.xiaomi.discover/10128(11400): idle->background(97810ms) R(broadcast start Intent { act=android.intent.action.BATTERY_CHANGED flg=0x60000010 (has extras) }) adj=905.
10-10 12:32:04.528  1902  1954 I SmartPower: com.microsoft.teams/10321(6401): idle->background(97811ms) R(broadcast start Intent { act=android.intent.action.BATTERY_CHANGED flg=0x60000010 (has extras) }) adj=905.
10-10 12:32:04.529  1902  1954 I SmartPower: com.google.android.apps.tachyon/10234(13012): idle->background(97812ms) R(broadcast start Intent { act=android.intent.action.BATTERY_CHANGED flg=0x60000010 (has extras) }) adj=955.
10-10 12:32:04.530  1902  1954 I SmartPower: com.miui.gallery/10078(17586): idle->background(97812ms) R(broadcast start Intent { act=android.intent.action.BATTERY_CHANGED flg=0x60000010 (has extras) }) adj=965.
10-10 12:32:04.531  1902  1954 I SmartPower: com.facebook.appmanager/10150(6423): idle->background(97812ms) R(broadcast start Intent { act=android.intent.action.BATTERY_CHANGED flg=0x60000010 (has extras) }) adj=905.
10-10 12:32:04.843  1902  2776 W MIUIInput: Input event injection from package: null action ACTION_DOWN
10-10 12:32:04.844  1902  2612 I ProcessManager: getRenderThreadTidByPid, caller=1902
10-10 12:32:04.846  1902  2612 I ProcessManager: getRenderThreadTidByPid, caller=1902
10-10 12:32:04.936  1902  2776 W MIUIInput: Input event injection from package: null action ACTION_UP
10-10 12:32:06.005  1902 15926 W MIUIInput: Input event injection from package: null action ACTION_DOWN
10-10 12:32:06.006  1902  2612 I ProcessManager: getRenderThreadTidByPid, caller=1902
10-10 12:32:06.009  1902 15926 W MIUIInput: Input event injection from package: null action ACTION_UP
10-10 12:32:06.176  1902 23259 D CompatibilityChangeReporter: Compat change id reported: 265464455; UID 10390; state: DISABLED
10-10 12:32:06.176  1902 23259 D CompatibilityChangeReporter: Compat change id reported: 265452344; UID 10390; state: DISABLED
10-10 12:32:06.176  1902 23259 D CompatibilityChangeReporter: Compat change id reported: 266124927; UID 10390; state: DISABLED
10-10 12:32:06.176  1902 23259 D CompatibilityChangeReporter: Compat change id reported: 265451093; UID 10390; state: DISABLED
10-10 12:32:06.176  1902 23259 D CompatibilityChangeReporter: Compat change id reported: 265456536; UID 10390; state: DISABLED
10-10 12:32:06.176  1902 23259 D CompatibilityChangeReporter: Compat change id reported: 255940284; UID 10390; state: DISABLED
10-10 12:32:06.176  1902 23259 D CompatibilityChangeReporter: Compat change id reported: 236283604; UID 10390; state: DISABLED
10-10 12:32:06.177  1902 23259 D CompatibilityChangeReporter: Compat change id reported: 263959004; UID 10390; state: DISABLED
10-10 12:32:06.177  1902 23259 D CompatibilityChangeReporter: Compat change id reported: 264304459; UID 10390; state: DISABLED
10-10 12:32:06.177  1902 23259 D CompatibilityChangeReporter: Compat change id reported: 264301586; UID 10390; state: DISABLED
10-10 12:32:06.177  1902 23259 D CompatibilityChangeReporter: Compat change id reported: 254631730; UID 10390; state: DISABLED
10-10 12:32:06.177  1902 23259 D CompatibilityChangeReporter: Compat change id reported: 273509367; UID 10390; state: DISABLED
10-10 12:32:06.177  1902 23259 D CompatibilityChangeReporter: Compat change id reported: 263259275; UID 10390; state: DISABLED
10-10 12:32:06.177  1902 23259 D CompatibilityChangeReporter: Compat change id reported: 174042980; UID 10390; state: DISABLED
10-10 12:32:06.177  1902 23259 D CompatibilityChangeReporter: Compat change id reported: 174042936; UID 10390; state: DISABLED
10-10 12:32:06.177  1902 23259 D CompatibilityChangeReporter: Compat change id reported: 181136395; UID 10390; state: DISABLED
10-10 12:32:06.177  1902 23259 D CompatibilityChangeReporter: Compat change id reported: 194480991; UID 10390; state: ENABLED
10-10 12:32:06.178  1902 23259 I SmartPower: eu.europa.ec.euidi/10390(15222): idle->invisible(11944ms) R(become foreground) adj=700.
10-10 12:32:06.178  1902 23259 D WindowManager: Collecting in transition 1125: ActivityRecord{9e99fbd u0 eu.europa.ec.euidi/eu.europa.ec.assemblylogic.ui.MainActivity init visibleRequested:false
10-10 12:32:06.178  1902 23259 D MiuiFreeFormManagerService: activeOrFullscreenFreeformTaskIfNeed startDefaultAr:false
10-10 12:32:06.178  1902 23259 D MiuiFreeFormManagerService: onStartActivityInner as = Task{9440696 #495 type=standard A=10390:eu.europa.ec.euidi} op = null
10-10 12:32:06.179  1902 23259 D WindowManagerService: checkFlipFullScreenChange is same, nowIsFullScreen = false
10-10 12:32:06.179  1902 23259 W WindowManager: Changing focus from Window{7811d96 u0 com.android.chrome/org.chromium.chrome.browser.ChromeTabbedActivity} to null displayId=0 Callers=com.android.server.wm.RootWindowContainer.updateFocusedWindowLocked:557 com.android.server.wm.WindowManagerService.updateFocusedWindowLocked:6962 com.android.server.wm.ActivityTaskManagerService.setLastResumedActivityUncheckLocked:5565 com.android.server.wm.ActivityRecord.moveFocusableActivityToTop:4045 
10-10 12:32:06.180  1902 23259 D WindowManager: wms.Input focus has changed to null display=0 updateInputWindows = true
10-10 12:32:06.180  1902 23259 I MultiSenceManagerInternalStub: getInstance
10-10 12:32:06.181  1902 23259 D WindowManager: setLockTaskAuth: task=Task{9440696 #495 type=standard A=10390:eu.europa.ec.euidi} mLockTaskAuth=LOCK_TASK_AUTH_PINNABLE
10-10 12:32:06.193  1902 23259 D WindowManager: Collecting in transition 1125: ActivityRecord{9e99fbd u0 eu.europa.ec.euidi/eu.europa.ec.assemblylogic.ui.MainActivity t-1} init visibleRequested:false
10-10 12:32:06.193  1902 23259 D WindowManager: Requesting StartTransition: TransitionRecord{52c9b2 id=1125 type=OPEN flags=0x0}
10-10 12:32:06.195  1902 23259 D CompatibilityChangeReporter: Compat change id reported: 194833441; UID 10390; state: ENABLED
10-10 12:32:06.195  1902 23259 I ActivityTaskManager: START u0 {act=android.intent.action.VIEW cat=[android.intent.category.BROWSABLE] dat=eu.europa.ec.euidi://authorization/... flg=0x14000000 cmp=eu.europa.ec.euidi/eu.europa.ec.assemblylogic.ui.MainActivity (has extras)} with LAUNCH_SINGLE_TASK from uid 10190 (BAL_ALLOW_VISIBLE_WINDOW) result code=2
10-10 12:32:06.197  2983  3075 I SoScUtils: monitorTransitionRequest mRequestOpenTransition:null mRequestOpenTriggerTask:-1 mRequestCloseTransition:null mRequestCloseTriggerTask:-1 mRequestCloseStageType:-1
10-10 12:32:06.198  1902 23259 D WindowManager: Set transition=TransitionRecord{52c9b2 id=1125 type=OPEN flags=0x0}, ready=false, SyncId=1125 used=true, override=false, defer=0, states=Display{#0 state=ON size=1080x2400 ROTATION_0}:false
10-10 12:32:06.199  2983  3075 D OneHandedController: stopOneHanded state is 0
10-10 12:32:06.199  2983  3075 D MiuiFullScreenTaskRepository: removeFocusedTask displayId=0
10-10 12:32:06.199  2983  3075 D MiuiFullScreenTaskRepository: addOrUpdateFullScreenTaskInfo taskId=482, topActivity=ComponentInfo{com.android.chrome/org.chromium.chrome.browser.ChromeTabbedActivity}
10-10 12:32:06.199  2983  3075 D MiuiFullScreenTaskRepository: setFocusedTask taskId=495, displayId=0, topActivity=ComponentInfo{eu.europa.ec.euidi/eu.europa.ec.assemblylogic.ui.MainActivity}
10-10 12:32:06.199  2983  3075 D MiuiFullScreenTaskRepository: addOrUpdateFullScreenTaskInfo taskId=495, topActivity=ComponentInfo{eu.europa.ec.euidi/eu.europa.ec.assemblylogic.ui.MainActivity}
10-10 12:32:06.199  2983  3075 D MiuiDesktopModeController: onFocusTaskChanged newFocus: TaskInfo{userId=0 taskId=495 displayId=0 isRunning=true baseIntent=Intent { act=android.intent.action.MAIN cat=[android.intent.category.LAUNCHER] flg=0x10200000 cmp=eu.europa.ec.euidi/eu.europa.ec.assemblylogic.ui.MainActivity } baseActivity=ComponentInfo{eu.europa.ec.euidi/eu.europa.ec.assemblylogic.ui.MainActivity} topActivity=ComponentInfo{eu.europa.ec.euidi/eu.europa.ec.assemblylogic.ui.MainActivity} origActivity=null realActivity=ComponentInfo{eu.europa.ec.euidi/eu.europa.ec.assemblylogic.ui.MainActivity} numActivities=1 lastActiveTime=899781658 supportsSplitScreenMultiWindow=true supportsMultiWindow=true resizeMode=1 isResizeable=true minWidth=-1 minHeight=-1 defaultMinSize=200 token=WCT{android.window.IWindowContainerToken$Stub$Proxy@9a33cca} topActivityType=1 pictureInPictureParams=null shouldDockBigOverlays=false launchIntoPipHostTaskId=-1 lastParentTaskIdBeforePip=-1 displayCutoutSafeInsets=Rect(0, 94 - 0, 0) topActivityInfo=ActivityInfo{5429e3b eu.europa.ec.assemblylogic.ui.MainActivity} launchCookies=[] positionInParent=Point(0, 0) parentTaskId=-1 isFocused=true isVisible=false isVisibleRequested=false isSleeping=false topActivityInSizeCompat=false topActivityEligibleForLetterboxEducation= false topActivityLetterboxed= false isFromDoubleTap= false topActivityLetterboxVerticalPosition= -1 topActivityLetterboxHorizontalPosition= -1 topActivityLetterboxWidth=-1 topActivityLetterboxHeight=-1 locusId=null displayAreaFeatureId=1 cameraCompatControlState=hidden mIsCastMode=false mTopActivityMediaSize=null mTopActivityRecordName=ActivityRecord{cbff1b1 u0 eu.europa.ec.euidi/eu.europa.ec.assemblylogic.ui.MainActivity t495} mTopActivityOrientation=-2 mTopActivityWindowIsNowVisible=false isTranslucent=true isEmbedded=false shouldBeVisible=true isImmersive=false mBehindAppLockPkg=null mOriginatingUid=0}
10-10 12:32:06.200  2983  3075 D MiuiFreeformModeController: onFocusTaskChanged taskInfo: TaskInfo{userId=0 taskId=495 displayId=0 isRunning=true baseIntent=Intent { act=android.intent.action.MAIN cat=[android.intent.category.LAUNCHER] flg=0x10200000 cmp=eu.europa.ec.euidi/eu.europa.ec.assemblylogic.ui.MainActivity } baseActivity=ComponentInfo{eu.europa.ec.euidi/eu.europa.ec.assemblylogic.ui.MainActivity} topActivity=ComponentInfo{eu.europa.ec.euidi/eu.europa.ec.assemblylogic.ui.MainActivity} origActivity=null realActivity=ComponentInfo{eu.europa.ec.euidi/eu.europa.ec.assemblylogic.ui.MainActivity} numActivities=1 lastActiveTime=899781658 supportsSplitScreenMultiWindow=true supportsMultiWindow=true resizeMode=1 isResizeable=true minWidth=-1 minHeight=-1 defaultMinSize=200 token=WCT{android.window.IWindowContainerToken$Stub$Proxy@9a33cca} topActivityType=1 pictureInPictureParams=null shouldDockBigOverlays=false launchIntoPipHostTaskId=-1 lastParentTaskIdBeforePip=-1 displayCutoutSafeInsets=Rect(0, 94 - 0, 0) topActivityInfo=ActivityInfo{5429e3b eu.europa.ec.assemblylogic.ui.MainActivity} launchCookies=[] positionInParent=Point(0, 0) parentTaskId=-1 isFocused=true isVisible=false isVisibleRequested=false isSleeping=false topActivityInSizeCompat=false topActivityEligibleForLetterboxEducation= false topActivityLetterboxed= false isFromDoubleTap= false topActivityLetterboxVerticalPosition= -1 topActivityLetterboxHorizontalPosition= -1 topActivityLetterboxWidth=-1 topActivityLetterboxHeight=-1 locusId=null displayAreaFeatureId=1 cameraCompatControlState=hidden mIsCastMode=false mTopActivityMediaSize=null mTopActivityRecordName=ActivityRecord{cbff1b1 u0 eu.europa.ec.euidi/eu.europa.ec.assemblylogic.ui.MainActivity t495} mTopActivityOrientation=-2 mTopActivityWindowIsNowVisible=false isTranslucent=true isEmbedded=false shouldBeVisible=true isImmersive=false mBehindAppLockPkg=null mOriginatingUid=0}
10-10 12:32:06.200  2983  3075 D WindowManagerShell: onActivityRestartAttempt: ComponentInfo{eu.europa.ec.euidi/eu.europa.ec.assemblylogic.ui.MainActivity}
10-10 12:32:06.216  1902 15926 D WindowManager: Collecting in transition 1125: ActivityRecord{cbff1b1 u0 eu.europa.ec.euidi/eu.europa.ec.assemblylogic.ui.MainActivity t495} init visibleRequested:false
10-10 12:32:06.216  1902 15926 E Transition: Trying to add a ready-group twice: Display{#0 state=ON size=1080x2400 ROTATION_0}
10-10 12:32:06.216  1902 15926 D WindowManagerService: checkFlipFullScreenChange is same, nowIsFullScreen = false
10-10 12:32:06.217  1902 15926 D WindowManager: Collecting in transition 1125: ActivityRecord{ede8c03 u0 com.android.chrome/org.chromium.chrome.browser.ChromeTabbedActivity t482} init visibleRequested:true
10-10 12:32:06.218  1902 15926 D WindowManager: Collecting in transition 1125: ActivityRecord{cbff1b1 u0 eu.europa.ec.euidi/eu.europa.ec.assemblylogic.ui.MainActivity t495} init visibleRequested:true
10-10 12:32:06.218  1902 15926 D WindowManager: Set transition=TransitionRecord{52c9b2 id=1125 type=OPEN flags=0x0}, ready=true, SyncId=1125 
10-10 12:32:06.221  2983  3075 D MiuiFullScreenTaskRepository: setFocusedTask taskId=495, displayId=0, topActivity=ComponentInfo{eu.europa.ec.euidi/eu.europa.ec.assemblylogic.ui.MainActivity}
10-10 12:32:06.221  2983  3075 D MiuiFullScreenTaskRepository: addOrUpdateFullScreenTaskInfo taskId=495, topActivity=ComponentInfo{eu.europa.ec.euidi/eu.europa.ec.assemblylogic.ui.MainActivity}
10-10 12:32:06.223  1902 15926 I BLASTSyncEngine: SyncGroup 1125:  Unfinished container:ActivityRecord{cbff1b1 u0 eu.europa.ec.euidi/eu.europa.ec.assemblylogic.ui.MainActivity t495}
10-10 12:32:06.223  1902 15926 I BLASTSyncEngine: isActivitySyncFinished isSyncFinished false ActivityRecord{cbff1b1 u0 eu.europa.ec.euidi/eu.europa.ec.assemblylogic.ui.MainActivity t495}
10-10 12:32:06.229  1902  1936 E MBrainLocalService: MBrainJava launch failed: SecurityException
10-10 12:32:06.230  1902  1936 D Aurogon :  uid = 10390 switch to FG
10-10 12:32:06.250  2983  3742 D MiuiFreeformModeObserver: activityResumed() intent： Intent { cmp=eu.europa.ec.euidi/eu.europa.ec.assemblylogic.ui.MainActivity (has extras) }
10-10 12:32:06.256  1902 23259 I BLASTSyncEngine: SyncGroup 1125:  Unfinished container:ActivityRecord{cbff1b1 u0 eu.europa.ec.euidi/eu.europa.ec.assemblylogic.ui.MainActivity t495}
10-10 12:32:06.256  1902 23259 I BLASTSyncEngine: isActivitySyncFinished isSyncFinished false ActivityRecord{cbff1b1 u0 eu.europa.ec.euidi/eu.europa.ec.assemblylogic.ui.MainActivity t495}
10-10 12:32:06.256  1902 23259 W WindowManager: Changing focus from null to Window{648a73d u0 eu.europa.ec.euidi/eu.europa.ec.assemblylogic.ui.MainActivity} displayId=0 Callers=com.android.server.wm.RootWindowContainer.updateFocusedWindowLocked:557 com.android.server.wm.WindowManagerService.updateFocusedWindowLocked:6962 com.android.server.wm.WindowManagerService.relayoutWindow:2951 com.android.server.wm.Session.relayout:266 
10-10 12:32:06.257  1902 23259 I WindowManager: cancelAnimation removed leash : Surface(name=Surface(name=81266ae StatusBar#86)/@0xb48dfdc - animation-leash of insets_animation#18721)/@0xb764153
10-10 12:32:06.258  1902 23259 I WindowManager: cancelAnimation removed leash : Surface(name=Surface(name=db27a2 NavigationBar0#82)/@0xc1acbf0 - animation-leash of insets_animation#18727)/@0xa930c7f
10-10 12:32:06.259  1902 23259 D WindowManager: wms.Input focus has changed to Window{648a73d u0 eu.europa.ec.euidi/eu.europa.ec.assemblylogic.ui.MainActivity} display=0 updateInputWindows = true
10-10 12:32:06.259  1902 23259 I MultiSenceManagerInternalStub: getInstance
10-10 12:32:06.259  1902 23259 I WindowManager: Relayout Window{648a73d u0 eu.europa.ec.euidi/eu.europa.ec.assemblylogic.ui.MainActivity}: oldVis=8 newVis=0 focusMayChange = true requestedWidth = 1080 requestedHeight = 2400 outFrames = ClientWindowFrames{frame=[0,0][1080,2400] display=[0,0][1080,2400] parentFrame=[0,0][0,0]} outSurfaceControl = Surface(name=eu.europa.ec.euidi/eu.europa.ec.assemblylogic.ui.MainActivity#18728)/@0xafc398
10-10 12:32:06.278  1902 22586 W WindowManager: finishDrawingWindow: Window{648a73d u0 eu.europa.ec.euidi/eu.europa.ec.assemblylogic.ui.MainActivity} mDrawState=DRAW_PENDING
10-10 12:32:06.278  1902 22586 D WindowManager: wms.finishDrawingLocked: mDrawState=COMMIT_DRAW_PENDING Window{648a73d u0 eu.europa.ec.euidi/eu.europa.ec.assemblylogic.ui.MainActivity} in Surface(name=eu.europa.ec.euidi/eu.europa.ec.assemblylogic.ui.MainActivity#18728)/@0x910b65f
10-10 12:32:06.281  1902  1939 I SmartPower: eu.europa.ec.euidi/10390(15222): invisible->visible(104ms) R(become visible) adj=0.
10-10 12:32:06.284  1902  1939 W WindowManager: real show surface:Surface(name=eu.europa.ec.euidi/eu.europa.ec.assemblylogic.ui.MainActivity#18728)/@0x910b65f
10-10 12:32:06.285  1902  1939 D WindowManager: Final targets: [Task{9440696 #495 type=standard A=10390:eu.europa.ec.euidi}, Task{cb3e55f #482 type=standard A=10190:com.android.chrome}]
10-10 12:32:06.289  1902  1902 D MBrainLocalService: isVendorFreezeConditionPass is false
10-10 12:32:06.289  1902  1902 E MBrainLocalService: notifyAppSwitch failed
10-10 12:32:06.302  1902  1939 D WindowManager: snapshot isNothing = false source = Task{cb3e55f #482 type=standard A=10190:com.android.chrome}
10-10 12:32:06.302  1902  1939 D WindowManager: Calling onTransitionReady info={id=1125 t=OPEN f=0x0 trk=0 r=[0@Point(0, 0)] c=[{WCT{RemoteToken{9ccb65d Task{9440696 #495 type=standard A=10390:eu.europa.ec.euidi}}} m=TO_FRONT f=MOVE_TO_TOP leash=Surface(name=Task=495#18678)/@0xa94146 sb=Rect(0, 0 - 1080, 2400) eb=Rect(0, 0 - 1080, 2400) d=0},{WCT{RemoteToken{a99f5e0 Task{cb3e55f #482 type=standard A=10190:com.android.chrome}}} m=TO_BACK f=NONE leash=Surface(name=Task=482#18251)/@0x9550e47 sb=Rect(0, 0 - 1080, 2400) eb=Rect(0, 0 - 1080, 2400) d=0}] noAni=[false] df=[false] mk=[true] nc=[0] oa=[false]}, mToken=Token{8251257 TransitionRecord{52c9b2 id=1125 type=OPEN flags=0x0}}
10-10 12:32:06.303  1902  1939 I BLASTSyncEngine: finishNow: after onTransactionReady, mSyncId=1125
10-10 12:32:06.306  2983  3075 D MiuiFreeformAnimation: startAnimation change: {WCT{android.window.IWindowContainerToken$Stub$Proxy@bb2e317} m=TO_FRONT f=MOVE_TO_TOP leash=Surface(name=Task=495#18678)/@0x6358958 sb=Rect(0, 0 - 1080, 2400) eb=Rect(0, 0 - 1080, 2400) d=0} info.getType(): 1
10-10 12:32:06.306  2983  3075 I MiuiFreeformAnimation: isLaunchWidgetPicker=false,taskInfo.getWindowingMode()=1, taskInfo.getActivityType()=1
10-10 12:32:06.306  2983  3075 D MiuiFreeformAnimation: startAnimation change: {WCT{android.window.IWindowContainerToken$Stub$Proxy@725e304} m=TO_BACK f=NONE leash=Surface(name=Task=482#18251)/@0x6b47ab1 sb=Rect(0, 0 - 1080, 2400) eb=Rect(0, 0 - 1080, 2400) d=0} info.getType(): 1
10-10 12:32:06.306  2983  3075 W MiuiTaskTransitionHandler: Receive an unknown transition, token=android.os.BinderProxy@ec02f1f, type=1
10-10 12:32:06.307  2983  3075 D TransitionAnimationHelper:  load default animation  type = 1 enter = false animAttr = 9 isTask = true translucent = false
10-10 12:32:06.308  2983  3075 D TransitionAnimationHelper:  load default animation  type = 1 enter = true animAttr = 8 isTask = true translucent = false
10-10 12:32:06.309  2983  3092 D ShellTransitions: speed ui!!!!!!!!!!!
10-10 12:32:06.311  2983  3075 D MiuiFullScreenTaskRepository: setFocusedTask taskId=495, displayId=0, topActivity=ComponentInfo{eu.europa.ec.euidi/eu.europa.ec.assemblylogic.ui.MainActivity}
10-10 12:32:06.311  2983  3075 D MiuiFullScreenTaskRepository: addOrUpdateFullScreenTaskInfo taskId=495, topActivity=ComponentInfo{eu.europa.ec.euidi/eu.europa.ec.assemblylogic.ui.MainActivity}
10-10 12:32:06.314  1902  1938 D SchedBoost: com.android.chrome boosting, skip reset priority
10-10 12:32:06.314  1902  1938 D SchedBoost: com.android.chrome:sandboxed_process0:org.chromium.content.app.SandboxedProcessService0:14 boosting, skip reset priority
10-10 12:32:06.314  1902  1938 D SchedBoost: com.google.android.adservices.api boosting, skip reset priority
10-10 12:32:06.314  1902  1938 D SchedBoost: com.android.chrome:privileged_process0 boosting, skip reset priority
10-10 12:32:06.316  1902  1936 E MBrainLocalService: MBrainJava launch failed: SecurityException
10-10 12:32:06.317  1902  1936 E MBrainLocalService: MBrainJava launch failed: SecurityException
10-10 12:32:06.318  1902  1902 D MBrainLocalService: isVendorFreezeConditionPass is false
10-10 12:32:06.318  1902  1902 E MBrainLocalService: notifyAppSwitch failed
10-10 12:32:06.325  1902 23259 I WindowManager: cancelAnimation removed leash : Surface(name=Surface(name=6a76de5 InputMethod#123)/@0xf2bd99 - animation-leash of insets_animation#18710)/@0x4996191
10-10 12:32:06.325  2983  3075 D SoScUtils: monitorTransitionFinished transition:android.os.BinderProxy@ec02f1f transaction: android.view.SurfaceControl$Transaction@348e9c mRequestCloseTransition:null mRequestOpenTransition:null mPairsOpenTransition:null mPairsOpenTransitionNull:null mRequestOpenTriggerTask:-1 mRequestCloseTriggerTask:-1 mOrientationTransition: null mMainStartingTask:-1 mSideStartingTask:-1
10-10 12:32:06.329  1902 23265 W PackageConfigPersister: App-specific configuration not found for packageName: eu.europa.ec.euidi and userId: 0
10-10 12:32:06.338  2983  3075 D MiuiFullScreenTaskRepository: addOrUpdateFullScreenTaskInfo taskId=482, topActivity=ComponentInfo{com.android.chrome/org.chromium.chrome.browser.ChromeTabbedActivity}
10-10 12:32:06.339  1902  1938 I SmartPower: com.android.chrome/10190(11296): visible->invisible(15145ms) R(become invisible) adj=200.
10-10 12:32:06.339  1902  1938 I SmartPower: com.android.chrome:privileged_process0/10190(11664): invisible->background(15408ms) R(become background) adj=200.
10-10 12:32:06.340  1902  1938 I SmartPower: com.android.chrome/10190(11296): invisible->background(1ms) R(become background) adj=200.
10-10 12:32:06.354  1902  2323 D CompatibilityChangeReporter: Compat change id reported: 265195908; UID 10190; state: ENABLED
10-10 12:32:06.366  1902 23265 D CoreBackPreview: Window{7811d96 u0 com.android.chrome/org.chromium.chrome.browser.ChromeTabbedActivity}: Setting back callback OnBackInvokedCallbackInfo{mCallback=android.window.IOnBackInvokedCallback$Stub$Proxy@be742c8, mPriority=-1, mIsAnimationCallback=false}
10-10 12:32:06.393  1902  1936 D Aurogon :  uid = 10190 switch to BG
10-10 12:32:06.394  1902  2600 D isUidValid: uid = 10190
10-10 12:32:06.396   691 28965 W keystore2: system/security/keystore2/src/remote_provisioning.rs:102 - Error occurred: system/security/keystore2/src/rkpd_client.rs:272: Trying to get to IRegistration service.
10-10 12:32:06.396   691 28965 W keystore2: 
10-10 12:32:06.396   691 28965 W keystore2: Caused by:
10-10 12:32:06.396   691 28965 W keystore2:     0: system/security/keystore2/src/rkpd_client.rs:162: Trying to get IRPC name.
10-10 12:32:06.396   691 28965 W keystore2:     1: system/security/keystore2/src/globals.rs:440
10-10 12:32:06.396   691 28965 W keystore2:     2: Error::Km(r#HARDWARE_TYPE_UNAVAILABLE)
10-10 12:32:06.523   691 28965 W keystore2: system/security/keystore2/src/remote_provisioning.rs:102 - Error occurred: system/security/keystore2/src/rkpd_client.rs:272: Trying to get to IRegistration service.
10-10 12:32:06.523   691 28965 W keystore2: 
10-10 12:32:06.523   691 28965 W keystore2: Caused by:
10-10 12:32:06.523   691 28965 W keystore2:     0: system/security/keystore2/src/rkpd_client.rs:162: Trying to get IRPC name.
10-10 12:32:06.523   691 28965 W keystore2:     1: system/security/keystore2/src/globals.rs:440
10-10 12:32:06.523   691 28965 W keystore2:     2: Error::Km(r#HARDWARE_TYPE_UNAVAILABLE)
10-10 12:32:06.635   691 28965 W keystore2: system/security/keystore2/src/remote_provisioning.rs:102 - Error occurred: system/security/keystore2/src/rkpd_client.rs:272: Trying to get to IRegistration service.
10-10 12:32:06.635   691 28965 W keystore2: 
10-10 12:32:06.635   691 28965 W keystore2: Caused by:
10-10 12:32:06.635   691 28965 W keystore2:     0: system/security/keystore2/src/rkpd_client.rs:162: Trying to get IRPC name.
10-10 12:32:06.635   691 28965 W keystore2:     1: system/security/keystore2/src/globals.rs:440
10-10 12:32:06.635   691 28965 W keystore2:     2: Error::Km(r#HARDWARE_TYPE_UNAVAILABLE)
10-10 12:32:06.639  1556  1556 I wificond: station_bandwidth: 
10-10 12:32:06.753   691 28965 W keystore2: system/security/keystore2/src/remote_provisioning.rs:102 - Error occurred: system/security/keystore2/src/rkpd_client.rs:272: Trying to get to IRegistration service.
10-10 12:32:06.753   691 28965 W keystore2: 
10-10 12:32:06.753   691 28965 W keystore2: Caused by:
10-10 12:32:06.753   691 28965 W keystore2:     0: system/security/keystore2/src/rkpd_client.rs:162: Trying to get IRPC name.
10-10 12:32:06.753   691 28965 W keystore2:     1: system/security/keystore2/src/globals.rs:440
10-10 12:32:06.753   691 28965 W keystore2:     2: Error::Km(r#HARDWARE_TYPE_UNAVAILABLE)
10-10 12:32:06.872   691 28965 W keystore2: system/security/keystore2/src/remote_provisioning.rs:102 - Error occurred: system/security/keystore2/src/rkpd_client.rs:272: Trying to get to IRegistration service.
10-10 12:32:06.872   691 28965 W keystore2: 
10-10 12:32:06.872   691 28965 W keystore2: Caused by:
10-10 12:32:06.872   691 28965 W keystore2:     0: system/security/keystore2/src/rkpd_client.rs:162: Trying to get IRPC name.
10-10 12:32:06.872   691 28965 W keystore2:     1: system/security/keystore2/src/globals.rs:440
10-10 12:32:06.872   691 28965 W keystore2:     2: Error::Km(r#HARDWARE_TYPE_UNAVAILABLE)
10-10 12:32:07.015   691 28965 W keystore2: system/security/keystore2/src/remote_provisioning.rs:102 - Error occurred: system/security/keystore2/src/rkpd_client.rs:272: Trying to get to IRegistration service.
10-10 12:32:07.015   691 28965 W keystore2: 
10-10 12:32:07.015   691 28965 W keystore2: Caused by:
10-10 12:32:07.015   691 28965 W keystore2:     0: system/security/keystore2/src/rkpd_client.rs:162: Trying to get IRPC name.
10-10 12:32:07.015   691 28965 W keystore2:     1: system/security/keystore2/src/globals.rs:440
10-10 12:32:07.015   691 28965 W keystore2:     2: Error::Km(r#HARDWARE_TYPE_UNAVAILABLE)
10-10 12:32:07.152  1902  2620 I SmartPower: com.google.android.gms.unstable/10175(4628): background->idle(3001ms) R(alarm start) adj=800.
10-10 12:32:07.152  1902  2620 I SmartPower: com.google.android.gms.ui/10175(26069): background->idle(3001ms) R(alarm start) adj=800.
10-10 12:32:07.152  1902  2620 I SmartPower: com.google.process.gservices/10175(22048): background->idle(3001ms) R(alarm start) adj=915.
10-10 12:32:07.152  1902  2620 I SmartPower: com.google.android.gms:snet/10175(14783): background->idle(3001ms) R(alarm start) adj=800.
10-10 12:32:07.153  1902  2620 I SmartPower: com.google.process.gapps/10175(12347): background->idle(3001ms) R(alarm start) adj=945.
10-10 12:32:07.167   691 28965 W keystore2: system/security/keystore2/src/remote_provisioning.rs:102 - Error occurred: system/security/keystore2/src/rkpd_client.rs:272: Trying to get to IRegistration service.
10-10 12:32:07.167   691 28965 W keystore2: 
10-10 12:32:07.167   691 28965 W keystore2: Caused by:
10-10 12:32:07.167   691 28965 W keystore2:     0: system/security/keystore2/src/rkpd_client.rs:162: Trying to get IRPC name.
10-10 12:32:07.167   691 28965 W keystore2:     1: system/security/keystore2/src/globals.rs:440
10-10 12:32:07.167   691 28965 W keystore2:     2: Error::Km(r#HARDWARE_TYPE_UNAVAILABLE)
10-10 12:32:07.397 15222 15255 W BpBinder: Slow Binder: BpBinder transact took 230 ms, interface=android.system.keystore2.IKeystoreSecurityLevel, code=2 oneway=false
10-10 12:32:07.427   691 28965 W keystore2: system/security/keystore2/src/remote_provisioning.rs:102 - Error occurred: system/security/keystore2/src/rkpd_client.rs:272: Trying to get to IRegistration service.
10-10 12:32:07.427   691 28965 W keystore2: 
10-10 12:32:07.427   691 28965 W keystore2: Caused by:
10-10 12:32:07.427   691 28965 W keystore2:     0: system/security/keystore2/src/rkpd_client.rs:162: Trying to get IRPC name.
10-10 12:32:07.427   691 28965 W keystore2:     1: system/security/keystore2/src/globals.rs:440
10-10 12:32:07.427   691 28965 W keystore2:     2: Error::Km(r#HARDWARE_TYPE_UNAVAILABLE)
10-10 12:32:07.529  1902  2620 I SmartPower: com.xiaomi.discover/10128(11400): background->idle(3001ms) R(broadcast start Intent { act=android.intent.action.BATTERY_CHANGED flg=0x60000010 (has extras) }) adj=905.
10-10 12:32:07.529  1902  2620 I SmartPower: com.microsoft.teams/10321(6401): background->idle(3001ms) R(broadcast start Intent { act=android.intent.action.BATTERY_CHANGED flg=0x60000010 (has extras) }) adj=905.
10-10 12:32:07.529  1902  2620 I SmartPower: com.google.android.apps.tachyon/10234(13012): background->idle(3000ms) R(broadcast start Intent { act=android.intent.action.BATTERY_CHANGED flg=0x60000010 (has extras) }) adj=955.
10-10 12:32:07.531  1902  2620 I SmartPower: com.miui.gallery/10078(17586): background->idle(3001ms) R(broadcast start Intent { act=android.intent.action.BATTERY_CHANGED flg=0x60000010 (has extras) }) adj=965.
10-10 12:32:07.532  1902  2620 I SmartPower: com.facebook.appmanager/10150(6423): background->idle(3001ms) R(broadcast start Intent { act=android.intent.action.BATTERY_CHANGED flg=0x60000010 (has extras) }) adj=905.
10-10 12:32:07.673 15222 15255 W BpBinder: Slow Binder: BpBinder transact took 248 ms, interface=android.system.keystore2.IKeystoreSecurityLevel, code=2 oneway=false
10-10 12:32:07.704   691 28965 W keystore2: system/security/keystore2/src/remote_provisioning.rs:102 - Error occurred: system/security/keystore2/src/rkpd_client.rs:272: Trying to get to IRegistration service.
10-10 12:32:07.704   691 28965 W keystore2: 
10-10 12:32:07.704   691 28965 W keystore2: Caused by:
10-10 12:32:07.704   691 28965 W keystore2:     0: system/security/keystore2/src/rkpd_client.rs:162: Trying to get IRPC name.
10-10 12:32:07.704   691 28965 W keystore2:     1: system/security/keystore2/src/globals.rs:440
10-10 12:32:07.704   691 28965 W keystore2:     2: Error::Km(r#HARDWARE_TYPE_UNAVAILABLE)
10-10 12:32:07.971 15222 15255 W BpBinder: Slow Binder: BpBinder transact took 270 ms, interface=android.system.keystore2.IKeystoreSecurityLevel, code=2 oneway=false
10-10 12:32:08.000   691 28965 W keystore2: system/security/keystore2/src/remote_provisioning.rs:102 - Error occurred: system/security/keystore2/src/rkpd_client.rs:272: Trying to get to IRegistration service.
10-10 12:32:08.000   691 28965 W keystore2: 
10-10 12:32:08.000   691 28965 W keystore2: Caused by:
10-10 12:32:08.000   691 28965 W keystore2:     0: system/security/keystore2/src/rkpd_client.rs:162: Trying to get IRPC name.
10-10 12:32:08.000   691 28965 W keystore2:     1: system/security/keystore2/src/globals.rs:440
10-10 12:32:08.000   691 28965 W keystore2:     2: Error::Km(r#HARDWARE_TYPE_UNAVAILABLE)
10-10 12:32:08.285 15222 15255 W BpBinder: Slow Binder: BpBinder transact took 287 ms, interface=android.system.keystore2.IKeystoreSecurityLevel, code=2 oneway=false
10-10 12:32:09.340  1902  2620 I SmartPower: com.android.chrome:privileged_process0/10190(11664): background->idle(3001ms) R(become invisible) adj=700.
10-10 12:32:09.340  1902  2620 I SmartPower: com.android.chrome/10190(11296): background->idle(3001ms) R(become invisible) adj=700.
10-10 12:32:09.395  1902  2620 I SmartPower: com.android.chrome:sandboxed_process0:org.chromium.content.app.SandboxedProcessSerbackground->idle(18200ms) R(adj below visible) adj=700.
10-10 12:32:09.395  1902  2620 I SmartPower: com.android.chrome:sandboxed_process0:org.chromium.content.app.SandboxedProcessSerbackground->idle(18201ms) R(adj below visible) adj=700.
10-10 12:32:09.654  1556  1556 I wificond: station_bandwidth: 
10-10 12:32:10.210  1902  2620 I SmartPower: com.android.chrome:sandboxed_process0:org.chromium.content.app.SandboxedProcessSerbackground->idle(19127ms) R(service end com.android.chrome/org.chromium.content.app.SandboxedProcessService0:14) adj=700.
10-10 12:32:10.420  1902 23265 W MIUIInput: Input event injection from package: null action ACTION_DOWN
10-10 12:32:10.427  1902 23265 W MIUIInput: Input event injection from package: null action ACTION_UP
10-10 12:32:10.433  1902  2776 D PerfShielderService: eu.europa.ec.euidi|eu.europa.ec.euidi/eu.europa.ec.assemblylogic.ui.MainActivity|99|115767564623746|49|5|4
10-10 12:32:10.434 22071 22103 W MiuiPerfServiceClient: interceptAndQueuing:15222|eu.europa.ec.euidi|99|49|115767564623746|Slow issue draw commands|4
10-10 12:32:11.316  1902  2620 I SmartPower: com.google.android.adservices.api/10307(31554): background->idle(20121ms) R(adj below visible) adj=100.
10-10 12:32:11.744  1902 23265 W MIUIInput: Input event injection from package: null action ACTION_DOWN keycode 3
10-10 12:32:11.744  1902 23265 W MiuiInputKeyEventLog: keyCode:3 down:true eventTime:115769129 downTime:115769129 policyFlags:2b000000 flags:0 metaState:0 deviceId:-1 isScreenOn:true keyguardActive:false repeatCount:0
10-10 12:32:11.745  1902 23265 W MIUIInput: Input event injection from package: null action ACTION_UP keycode 3
10-10 12:32:11.746  1902 23265 W MiuiInputKeyEventLog: keyCode:3 down:false eventTime:115769131 downTime:115769129 policyFlags:2b000000 flags:0 metaState:0 deviceId:-1 isScreenOn:true keyguardActive:false repeatCount:0
10-10 12:32:11.746  1902  2351 E MiuiInputKeyEventLog: before go to home
10-10 12:32:11.751  1902  2612 D SchedBoost: startBoostInternal 1000
10-10 12:32:11.752  1902  2351 I SmartPower: com.miui.home/10085(3001): idle->invisible(30881ms) R(become foreground) adj=100.
10-10 12:32:11.752  1902  2351 D WindowManager: Collecting in transition 1126: ActivityRecord{f738410 u0 com.miui.home/.launcher.Launcher init visibleRequested:false
10-10 12:32:11.752  1902  2351 D MiuiFreeFormManagerService: activeOrFullscreenFreeformTaskIfNeed startDefaultAr:false
10-10 12:32:11.753  1902  2351 D WindowManagerService: checkFlipFullScreenChange is same, nowIsFullScreen = false
10-10 12:32:11.753  2983  3075 D MiuiFreeformModeObserver: handleFreeFormReceiver intent=Intent { act=com.miui.fullscreen_state_change flg=0x10 (has extras) } ,action=com.miui.fullscreen_state_change
10-10 12:32:11.753  2983  3075 D MiuiFreeformModeObserver: ACTION_FULLSCREEN_STATE_CHANGE stateName: toHome
10-10 12:32:11.753  1902  2351 W WindowManager: Changing focus from Window{648a73d u0 eu.europa.ec.euidi/eu.europa.ec.assemblylogic.ui.MainActivity} to null displayId=0 Callers=com.android.server.wm.RootWindowContainer.updateFocusedWindowLocked:557 com.android.server.wm.WindowManagerService.updateFocusedWindowLocked:6962 com.android.server.wm.ActivityTaskManagerService.setLastResumedActivityUncheckLocked:5565 com.android.server.wm.ActivityRecord.moveFocusableActivityToTop:4045 
10-10 12:32:11.753  2983  3075 D MiuiFreeformModeController: allFreeformFromFreeformToMini
10-10 12:32:11.753  1902  2351 D WindowManager: wms.Input focus has changed to null display=0 updateInputWindows = true
10-10 12:32:11.753  1902  2351 I MultiSenceManagerInternalStub: getInstance
10-10 12:32:11.754  1902  2351 D WindowManager: setLockTaskAuth: task=Task{5645cf #2 type=home I=com.miui.home/.launcher.Launcher} mLockTaskAuth=LOCK_TASK_AUTH_PINNABLE
10-10 12:32:11.765  1902  2351 D WindowManager: Collecting in transition 1126: ActivityRecord{cbff1b1 u0 eu.europa.ec.euidi/eu.europa.ec.assemblylogic.ui.MainActivity t495} init visibleRequested:true
