--------- beginning of main
06-11 13:58:31.934   158   158 W linker  : Warning: failed to find generated linker configuration from "/linkerconfig/ld.config.txt"
06-11 13:58:31.936   159   159 W linker  : Warning: failed to find generated linker configuration from "/linkerconfig/ld.config.txt"
06-11 13:58:31.941   157   157 I lowmemorykiller: Using psi monitors for memory pressure detection
06-11 13:58:31.942   157   157 I lowmemorykiller: Process polling is supported
06-11 13:58:31.942   157   157 I lowmemorykiller: Process reaper initialized with 2 threads in the pool
01-01 02:00:00.020   155   155 W auditd  : type=2000 audit(0.0:1): state=initialized audit_enabled=0 res=1
06-11 13:58:31.732   155   155 W auditd  : type=1403 audit(0.0:2): auid=4294967295 ses=4294967295 lsm=selinux res=1
06-11 13:58:31.732   155   155 W auditd  : type=1404 audit(0.0:3): enforcing=1 old_enforcing=0 auid=4294967295 ses=4294967295 enabled=1 old-enabled=1 lsm=selinux res=1
06-11 13:58:31.744     1     1 W /system/bin/init: type=1107 audit(0.0:4): uid=0 auid=4294967295 ses=4294967295 subj=u:r:init:s0 msg='avc:  denied  { set } for property=persist.sys.usb.config pid=1 uid=0 gid=0 scontext=u:r:vendor_init:s0 tcontext=u:object_r:system_prop:s0 tclass=property_service permissive=0'
06-11 13:58:31.945   161   161 I qemu-props: successfully set property 'vendor.qemu.sf.fake_camera' to 'front'
06-11 13:58:31.945   161   161 I qemu-props: successfully set property 'qemu.hw.mainkeys' to '0'
06-11 13:58:31.945   161   161 I qemu-props: successfully set property 'qemu.sf.lcd_density' to '420'
06-11 13:58:31.946   161   161 I qemu-props: successfully set property 'vendor.net.wifi_mac_prefix' to '5554'
06-11 13:58:31.946   161   161 I qemu-props: successfully set property 'vendor.qemu.timezone' to 'Europe/Athens'
06-11 13:58:31.946   161   161 I qemu-props: successfully set property 'vendor.qemu.vport.bluetooth' to '/dev/vport8p2'
06-11 13:58:31.946   161   161 W qemu-props: could not open '/sys/class/virtio-ports/vport8p0/name'
06-11 13:58:31.946   161   161 I qemu-props: successfully set property 'vendor.qemu.vport.modem' to '/dev/vport9p1'
06-11 13:58:31.946   161   161 W qemu-props: could not open '/sys/class/virtio-ports/vport8p1/name'
06-11 13:58:31.948   159   159 I hwservicemanager: getFrameworkHalManifest: Reading VINTF information.
06-11 13:58:31.953   159   159 I hwservicemanager: Loaded APEX Infos from /bootstrap-apex/apex-info-list.xml
06-11 13:58:31.953   159   159 I hwservicemanager: getDeviceHalManifest: Reading VINTF information.
06-11 13:58:31.954   159   159 I hwservicemanager: Loaded APEX Infos from /bootstrap-apex/apex-info-list.xml
06-11 13:58:31.955   159   159 I hwservicemanager: getDeviceHalManifest: Successfully processed VINTF information
06-11 13:58:31.955   159   159 I hwservicemanager: getFrameworkHalManifest: Successfully processed VINTF information
06-11 13:58:31.956   159   159 I hwservicemanager: hwservicemanager is ready now.
06-11 13:58:32.014   159   159 I hwservicemanager: getTransport: Cannot find entry android.system.suspend@1.0::ISystemSuspend/default in either framework or device VINTF manifest.
06-11 13:58:32.025   183   183 I HidlServiceManagement: Registered android.hardware.atrace@1.0::IAtraceDevice/default
06-11 13:58:32.026   183   183 I HidlServiceManagement: Removing namespace from process name android.hardware.atrace@1.0-service to atrace@1.0-service.
06-11 13:58:32.037   184   184 I android.hardware.security.keymint-service: adding keymint service instance: android.hardware.security.keymint.IKeyMintDevice/default
06-11 13:58:32.038   184   184 I android.hardware.security.keymint-service: adding keymint service instance: android.hardware.security.secureclock.ISecureClock/default
06-11 13:58:32.038   184   184 I android.hardware.security.keymint-service: adding keymint service instance: android.hardware.security.sharedsecret.ISharedSecret/default
06-11 13:58:32.038   184   184 I android.hardware.security.keymint-service: adding keymint service instance: android.hardware.security.keymint.IRemotelyProvisionedComponent/default
06-11 13:58:32.062   159   159 I hwservicemanager: getTransport: Cannot find entry android.hardware.keymaster@4.0::IKeymasterDevice/default in either framework or device VINTF manifest.
06-11 13:58:32.063   159   159 I hwservicemanager: getTransport: Cannot find entry android.hardware.keymaster@3.0::IKeymasterDevice/default in either framework or device VINTF manifest.
06-11 13:58:32.063   159   159 I hwservicemanager: getTransport: Cannot find entry android.hardware.keymaster@4.0::IKeymasterDevice/default in either framework or device VINTF manifest.
06-11 13:58:32.064   159   159 I hwservicemanager: getTransport: Cannot find entry android.hardware.keymaster@3.0::IKeymasterDevice/default in either framework or device VINTF manifest.
06-11 13:58:32.064   182   192 I SELinux : SELinux: Loaded keystore2 context from:
06-11 13:58:32.064   182   192 I SELinux : 		/system/etc/selinux/plat_keystore2_key_contexts
06-11 13:58:32.064   182   192 I SELinux : 		/system_ext/etc/selinux/system_ext_keystore2_key_contexts
06-11 13:58:32.064   182   192 I SELinux : 		/vendor/etc/selinux/vendor_keystore2_key_contexts
06-11 13:58:32.066   159   159 I hwservicemanager: getTransport: Cannot find entry android.hardware.boot@1.0::IBootControl/default in either framework or device VINTF manifest.
06-11 13:58:32.564   158   189 W libc    : Unable to set property "ctl.interface_start" to "aidl/android.system.keystore2.IKeystoreService/default": PROP_ERROR_HANDLE_CONTROL_MESSAGE (0x20)
06-11 13:58:32.584   208   208 I tombstoned: tombstoned successfully initialized
06-11 13:58:32.595   159   159 I hwservicemanager: getTransport: Cannot find entry android.hardware.keymaster@4.0::IKeymasterDevice/default in either framework or device VINTF manifest.
06-11 13:58:32.595   159   159 I hwservicemanager: getTransport: Cannot find entry android.hardware.keymaster@3.0::IKeymasterDevice/default in either framework or device VINTF manifest.
06-11 13:58:32.807   342   342 I derive_sdk: Read version 13 from 7
06-11 13:58:32.807   342   342 I derive_sdk: Read version 13 from 6
06-11 13:58:32.808   342   342 I derive_sdk: Read version 13 from 5
06-11 13:58:32.808   342   342 I derive_sdk: Read version 13 from 16
06-11 13:58:32.808   342   342 I derive_sdk: Read version 13 from 13
06-11 13:58:32.809   342   342 I derive_sdk: Read version 13 from 3
06-11 13:58:32.809   342   342 I derive_sdk: Read version 13 from 2
06-11 13:58:32.809   342   342 I derive_sdk: Read version 13 from 1
06-11 13:58:32.810   342   342 I derive_sdk: Read version 13 from 4
06-11 13:58:32.810   342   342 I derive_sdk: Read version 13 from 8
06-11 13:58:32.810   342   342 I derive_sdk: Read version 13 from 14
06-11 13:58:32.811   342   342 I derive_sdk: Read version 13 from 9
06-11 13:58:32.811   342   342 I derive_sdk: Read version 13 from 10
06-11 13:58:32.811   342   342 I derive_sdk: Read version 13 from 12
06-11 13:58:32.812   342   342 I derive_sdk: Read version 13 from 15
06-11 13:58:32.812   342   342 I derive_sdk: Read version 13 from 11
06-11 13:58:32.812   342   342 I derive_sdk: extension r version is 13
06-11 13:58:32.813   342   342 I derive_sdk: extension s version is 13
06-11 13:58:32.813   342   342 I derive_sdk: extension t version is 13
06-11 13:58:32.813   342   342 I derive_sdk: extension u version is 13
06-11 13:58:32.813   342   342 I derive_sdk: extension v version is 13
06-11 13:58:32.813   342   342 I derive_sdk: extension ad_services version is 13
06-11 13:58:32.829   344   344 D vold_prepare_subdirs: Setting up mode 771 uid 1000 gid 1000 context u:object_r:system_data_file:s0:c512,c768 on path: /data/user_de/0
06-11 13:58:32.829   344   344 D vold_prepare_subdirs: Setting up mode 771 uid 1000 gid 1000 context u:object_r:sdk_sandbox_system_data_file:s0:c512,c768 on path: /data/misc_de/0/sdksandbox
06-11 13:58:32.830   344   344 D vold_prepare_subdirs: Setting up mode 700 uid 0 gid 0 context u:object_r:vold_data_file:s0 on path: /data/misc_de/0/vold
06-11 13:58:32.830   344   344 D vold_prepare_subdirs: Setting up mode 700 uid 0 gid 0 context u:object_r:storaged_data_file:s0 on path: /data/misc_de/0/storaged
06-11 13:58:32.830   344   344 D vold_prepare_subdirs: Setting up mode 700 uid 0 gid 0 context u:object_r:rollback_data_file:s0 on path: /data/misc_de/0/rollback
06-11 13:58:32.830   344   344 D vold_prepare_subdirs: Setting up mode 700 uid 0 gid 0 context u:object_r:apex_rollback_data_file:s0 on path: /data/misc_de/0/apexrollback
06-11 13:58:32.831   344   344 D vold_prepare_subdirs: Setting up mode 711 uid 0 gid 0 context u:object_r:apex_module_data_file:s0 on path: /data/misc_de/0/apexdata
06-11 13:58:32.831   344   344 D vold_prepare_subdirs: Setting up mode 771 uid 0 gid 1000 context u:object_r:apex_module_data_file:s0 on path: /data/misc_de/0/apexdata/com.android.adbd
06-11 13:58:32.831   344   344 D vold_prepare_subdirs: Setting up mode 771 uid 0 gid 1000 context u:object_r:apex_module_data_file:s0 on path: /data/misc_de/0/apexdata/com.android.adservices
06-11 13:58:32.831   344   344 D vold_prepare_subdirs: Setting up mode 771 uid 0 gid 1000 context u:object_r:apex_module_data_file:s0 on path: /data/misc_de/0/apexdata/com.android.apex.cts.shim
06-11 13:58:32.831   344   344 D vold_prepare_subdirs: Setting up mode 771 uid 0 gid 1000 context u:object_r:apex_module_data_file:s0 on path: /data/misc_de/0/apexdata/com.android.appsearch
06-11 13:58:32.831   344   344 D vold_prepare_subdirs: Setting up mode 771 uid 0 gid 1000 context u:object_r:apex_module_data_file:s0 on path: /data/misc_de/0/apexdata/com.android.art
06-11 13:58:32.831   344   344 D vold_prepare_subdirs: Setting up mode 771 uid 0 gid 1000 context u:object_r:apex_module_data_file:s0 on path: /data/misc_de/0/apexdata/com.android.btservices
06-11 13:58:32.831   344   344 D vold_prepare_subdirs: Setting up mode 771 uid 0 gid 1000 context u:object_r:apex_module_data_file:s0 on path: /data/misc_de/0/apexdata/com.android.cellbroadcast
06-11 13:58:32.831   344   344 D vold_prepare_subdirs: Setting up mode 771 uid 0 gid 1000 context u:object_r:apex_module_data_file:s0 on path: /data/misc_de/0/apexdata/com.android.configinfrastructure
06-11 13:58:32.831   344   344 D vold_prepare_subdirs: Setting up mode 771 uid 0 gid 1000 context u:object_r:apex_module_data_file:s0 on path: /data/misc_de/0/apexdata/com.android.conscrypt
06-11 13:58:32.831   344   344 D vold_prepare_subdirs: Setting up mode 771 uid 0 gid 1000 context u:object_r:apex_module_data_file:s0 on path: /data/misc_de/0/apexdata/com.android.devicelock
06-11 13:58:32.832   344   344 D vold_prepare_subdirs: Setting up mode 771 uid 0 gid 1000 context u:object_r:apex_module_data_file:s0 on path: /data/misc_de/0/apexdata/com.android.extservices
06-11 13:58:32.832   344   344 D vold_prepare_subdirs: Setting up mode 771 uid 0 gid 1000 context u:object_r:apex_module_data_file:s0 on path: /data/misc_de/0/apexdata/com.android.hardware.authsecret
06-11 13:58:32.832   344   344 D vold_prepare_subdirs: Setting up mode 771 uid 0 gid 1000 context u:object_r:apex_module_data_file:s0 on path: /data/misc_de/0/apexdata/com.android.hardware.cas
06-11 13:58:32.832   344   344 D vold_prepare_subdirs: Setting up mode 771 uid 0 gid 1000 context u:object_r:apex_module_data_file:s0 on path: /data/misc_de/0/apexdata/com.android.hardware.neuralnetworks
06-11 13:58:32.832   344   344 D vold_prepare_subdirs: Setting up mode 771 uid 0 gid 1000 context u:object_r:apex_module_data_file:s0 on path: /data/misc_de/0/apexdata/com.android.hardware.rebootescrow
06-11 13:58:32.832   344   344 D vold_prepare_subdirs: Setting up mode 771 uid 0 gid 1000 context u:object_r:apex_module_data_file:s0 on path: /data/misc_de/0/apexdata/com.android.healthfitness
06-11 13:58:32.832   344   344 D vold_prepare_subdirs: Setting up mode 771 uid 0 gid 1000 context u:object_r:apex_module_data_file:s0 on path: /data/misc_de/0/apexdata/com.android.i18n
06-11 13:58:32.832   344   344 D vold_prepare_subdirs: Setting up mode 771 uid 0 gid 1000 context u:object_r:apex_module_data_file:s0 on path: /data/misc_de/0/apexdata/com.android.ipsec
06-11 13:58:32.832   344   344 D vold_prepare_subdirs: Setting up mode 771 uid 0 gid 1000 context u:object_r:apex_module_data_file:s0 on path: /data/misc_de/0/apexdata/com.android.media
06-11 13:58:32.832   344   344 D vold_prepare_subdirs: Setting up mode 771 uid 0 gid 1000 context u:object_r:apex_module_data_file:s0 on path: /data/misc_de/0/apexdata/com.android.media.swcodec
06-11 13:58:32.832   344   344 D vold_prepare_subdirs: Setting up mode 771 uid 0 gid 1000 context u:object_r:apex_module_data_file:s0 on path: /data/misc_de/0/apexdata/com.android.mediaprovider
06-11 13:58:32.832   344   344 D vold_prepare_subdirs: Setting up mode 771 uid 0 gid 1000 context u:object_r:apex_module_data_file:s0 on path: /data/misc_de/0/apexdata/com.android.neuralnetworks
06-11 13:58:32.832   344   344 D vold_prepare_subdirs: Setting up mode 771 uid 0 gid 1000 context u:object_r:apex_module_data_file:s0 on path: /data/misc_de/0/apexdata/com.android.nfcservices
06-11 13:58:32.832   344   344 D vold_prepare_subdirs: Setting up mode 771 uid 0 gid 1000 context u:object_r:apex_module_data_file:s0 on path: /data/misc_de/0/apexdata/com.android.ondevicepersonalization
06-11 13:58:32.832   344   344 D vold_prepare_subdirs: Setting up mode 771 uid 0 gid 1000 context u:object_r:apex_module_data_file:s0 on path: /data/misc_de/0/apexdata/com.android.os.statsd
06-11 13:58:32.832   344   344 D vold_prepare_subdirs: Setting up mode 771 uid 0 gid 1000 context u:object_r:apex_system_server_data_file:s0 on path: /data/misc_de/0/apexdata/com.android.permission
06-11 13:58:32.832   344   344 D vold_prepare_subdirs: Setting up mode 771 uid 0 gid 1000 context u:object_r:apex_module_data_file:s0 on path: /data/misc_de/0/apexdata/com.android.profiling
06-11 13:58:32.832   344   344 D vold_prepare_subdirs: Setting up mode 771 uid 0 gid 1000 context u:object_r:apex_module_data_file:s0 on path: /data/misc_de/0/apexdata/com.android.resolv
06-11 13:58:32.832   344   344 D vold_prepare_subdirs: Setting up mode 771 uid 0 gid 1000 context u:object_r:apex_module_data_file:s0 on path: /data/misc_de/0/apexdata/com.android.rkpd
06-11 13:58:32.832   344   344 D vold_prepare_subdirs: Setting up mode 771 uid 0 gid 1000 context u:object_r:apex_module_data_file:s0 on path: /data/misc_de/0/apexdata/com.android.runtime
06-11 13:58:32.832   344   344 D vold_prepare_subdirs: Setting up mode 771 uid 0 gid 1000 context u:object_r:apex_module_data_file:s0 on path: /data/misc_de/0/apexdata/com.android.scheduling
06-11 13:58:32.833   344   344 D vold_prepare_subdirs: Setting up mode 771 uid 0 gid 1000 context u:object_r:apex_module_data_file:s0 on path: /data/misc_de/0/apexdata/com.android.sdkext
06-11 13:58:32.833   344   344 D vold_prepare_subdirs: Setting up mode 771 uid 0 gid 1000 context u:object_r:apex_module_data_file:s0 on path: /data/misc_de/0/apexdata/com.android.tethering
06-11 13:58:32.833   344   344 D vold_prepare_subdirs: Setting up mode 771 uid 0 gid 1000 context u:object_r:apex_module_data_file:s0 on path: /data/misc_de/0/apexdata/com.android.tzdata
06-11 13:58:32.833   344   344 D vold_prepare_subdirs: Setting up mode 771 uid 0 gid 1000 context u:object_r:apex_system_server_data_file:s0 on path: /data/misc_de/0/apexdata/com.android.uwb
06-11 13:58:32.833   344   344 D vold_prepare_subdirs: Setting up mode 771 uid 0 gid 1000 context u:object_r:apex_module_data_file:s0 on path: /data/misc_de/0/apexdata/com.android.virt
06-11 13:58:32.833   344   344 D vold_prepare_subdirs: Setting up mode 771 uid 0 gid 1000 context u:object_r:apex_system_server_data_file:s0 on path: /data/misc_de/0/apexdata/com.android.wifi
06-11 13:58:32.833   344   344 D vold_prepare_subdirs: Setting up mode 771 uid 0 gid 1000 context u:object_r:apex_module_data_file:s0 on path: /data/misc_de/0/apexdata/com.google.android.widevine
06-11 13:58:32.833   344   344 D vold_prepare_subdirs: Setting up mode 771 uid 1000 gid 1000 context u:object_r:user_profile_root_file:s0:c512,c768 on path: /data/misc/profiles/cur/0
06-11 13:58:32.833   344   344 D vold_prepare_subdirs: Setting up mode 700 uid 1000 gid 1000 context u:object_r:fingerprint_vendor_data_file:s0 on path: /data/vendor_de/0/fpdata
06-11 13:58:32.833   344   344 D vold_prepare_subdirs: Setting up mode 700 uid 1000 gid 1000 context u:object_r:face_vendor_data_file:s0 on path: /data/vendor_de/0/facedata
06-11 13:58:32.839   345   345 I derive_classpath: ParseFragments for bootclasspath
06-11 13:58:32.845   345   345 I derive_classpath: ReadClasspathFragment /apex/com.android.art/etc/classpaths/bootclasspath.pb
06-11 13:58:32.846   345   345 I derive_classpath: ReadClasspathFragment /system/etc/classpaths/bootclasspath.pb
06-11 13:58:32.846   345   345 I derive_classpath: ReadClasspathFragment /apex/com.android.adservices/etc/classpaths/bootclasspath.pb
06-11 13:58:32.846   345   345 I derive_classpath: ReadClasspathFragment /apex/com.android.appsearch/etc/classpaths/bootclasspath.pb
06-11 13:58:32.847   345   345 I derive_classpath: ReadClasspathFragment /apex/com.android.btservices/etc/classpaths/bootclasspath.pb
06-11 13:58:32.847   345   345 I derive_classpath: ReadClasspathFragment /apex/com.android.configinfrastructure/etc/classpaths/bootclasspath.pb
06-11 13:58:32.847   345   345 I derive_classpath: ReadClasspathFragment /apex/com.android.conscrypt/etc/classpaths/bootclasspath.pb
06-11 13:58:32.848   345   345 I derive_classpath: ReadClasspathFragment /apex/com.android.devicelock/etc/classpaths/bootclasspath.pb
06-11 13:58:32.848   345   345 I derive_classpath: ReadClasspathFragment /apex/com.android.healthfitness/etc/classpaths/bootclasspath.pb
06-11 13:58:32.848   345   345 I derive_classpath: ReadClasspathFragment /apex/com.android.ipsec/etc/classpaths/bootclasspath.pb
06-11 13:58:32.849   345   345 I derive_classpath: ReadClasspathFragment /apex/com.android.media/etc/classpaths/bootclasspath.pb
06-11 13:58:32.849   345   345 I derive_classpath: ReadClasspathFragment /apex/com.android.mediaprovider/etc/classpaths/bootclasspath.pb
06-11 13:58:32.849   345   345 I derive_classpath: ReadClasspathFragment /apex/com.android.nfcservices/etc/classpaths/bootclasspath.pb
06-11 13:58:32.849   345   345 I derive_classpath: ReadClasspathFragment /apex/com.android.ondevicepersonalization/etc/classpaths/bootclasspath.pb
06-11 13:58:32.850   345   345 I derive_classpath: ReadClasspathFragment /apex/com.android.os.statsd/etc/classpaths/bootclasspath.pb
06-11 13:58:32.850   345   345 I derive_classpath: ReadClasspathFragment /apex/com.android.permission/etc/classpaths/bootclasspath.pb
06-11 13:58:32.850   345   345 I derive_classpath: ReadClasspathFragment /apex/com.android.profiling/etc/classpaths/bootclasspath.pb
06-11 13:58:32.851   345   345 I derive_classpath: ReadClasspathFragment /apex/com.android.scheduling/etc/classpaths/bootclasspath.pb
06-11 13:58:32.851   345   345 I derive_classpath: ReadClasspathFragment /apex/com.android.sdkext/etc/classpaths/bootclasspath.pb
06-11 13:58:32.851   345   345 I derive_classpath: ReadClasspathFragment /apex/com.android.tethering/etc/classpaths/bootclasspath.pb
06-11 13:58:32.851   345   345 I derive_classpath: ReadClasspathFragment /apex/com.android.uwb/etc/classpaths/bootclasspath.pb
06-11 13:58:32.852   345   345 I derive_classpath: ReadClasspathFragment /apex/com.android.virt/etc/classpaths/bootclasspath.pb
06-11 13:58:32.852   345   345 I derive_classpath: ReadClasspathFragment /apex/com.android.wifi/etc/classpaths/bootclasspath.pb
06-11 13:58:32.852   345   345 I derive_classpath: ParseFragments for systemserverclasspath
06-11 13:58:32.853   345   345 I derive_classpath: ReadClasspathFragment /system/etc/classpaths/systemserverclasspath.pb
06-11 13:58:32.853   345   345 I derive_classpath: ReadClasspathFragment /apex/com.android.adservices/etc/classpaths/systemserverclasspath.pb
06-11 13:58:32.853   345   345 I derive_classpath: ReadClasspathFragment /apex/com.android.appsearch/etc/classpaths/systemserverclasspath.pb
06-11 13:58:32.853   345   345 I derive_classpath: ReadClasspathFragment /apex/com.android.art/etc/classpaths/systemserverclasspath.pb
06-11 13:58:32.853   345   345 I derive_classpath: ReadClasspathFragment /apex/com.android.btservices/etc/classpaths/systemserverclasspath.pb
06-11 13:58:32.854   345   345 I derive_classpath: ReadClasspathFragment /apex/com.android.configinfrastructure/etc/classpaths/systemserverclasspath.pb
06-11 13:58:32.854   345   345 I derive_classpath: ReadClasspathFragment /apex/com.android.devicelock/etc/classpaths/systemserverclasspath.pb
06-11 13:58:32.854   345   345 I derive_classpath: ReadClasspathFragment /apex/com.android.healthfitness/etc/classpaths/systemserverclasspath.pb
06-11 13:58:32.854   345   345 I derive_classpath: ReadClasspathFragment /apex/com.android.media/etc/classpaths/systemserverclasspath.pb
06-11 13:58:32.855   345   345 I derive_classpath: ReadClasspathFragment /apex/com.android.ondevicepersonalization/etc/classpaths/systemserverclasspath.pb
06-11 13:58:32.855   345   345 I derive_classpath: ReadClasspathFragment /apex/com.android.os.statsd/etc/classpaths/systemserverclasspath.pb
06-11 13:58:32.855   345   345 I derive_classpath: ReadClasspathFragment /apex/com.android.permission/etc/classpaths/systemserverclasspath.pb
06-11 13:58:32.855   345   345 I derive_classpath: ReadClasspathFragment /apex/com.android.profiling/etc/classpaths/systemserverclasspath.pb
06-11 13:58:32.855   345   345 I derive_classpath: ReadClasspathFragment /apex/com.android.rkpd/etc/classpaths/systemserverclasspath.pb
06-11 13:58:32.856   345   345 I derive_classpath: ReadClasspathFragment /apex/com.android.scheduling/etc/classpaths/systemserverclasspath.pb
06-11 13:58:32.856   345   345 I derive_classpath: ReadClasspathFragment /apex/com.android.tethering/etc/classpaths/systemserverclasspath.pb
06-11 13:58:32.856   345   345 I derive_classpath: ReadClasspathFragment /apex/com.android.uwb/etc/classpaths/systemserverclasspath.pb
06-11 13:58:32.856   345   345 I derive_classpath: ReadClasspathFragment /apex/com.android.virt/etc/classpaths/systemserverclasspath.pb
06-11 13:58:32.856   345   345 I derive_classpath: ReadClasspathFragment /apex/com.android.wifi/etc/classpaths/systemserverclasspath.pb
06-11 13:58:32.856   345   345 I derive_classpath: WriteClasspathExports /data/system/environ/classpath
06-11 13:58:32.856   345   345 I derive_classpath: WriteClasspathExports content
06-11 13:58:32.856   345   345 I derive_classpath: export BOOTCLASSPATH /apex/com.android.art/javalib/core-oj.jar:/apex/com.android.art/javalib/core-libart.jar:/apex/com.android.art/javalib/okhttp.jar:/apex/com.android.art/javalib/bouncycastle.jar:/apex/com.android.art/javalib/apache-xml.jar:/system/framework/framework.jar:/system/framework/framework-graphics.jar:/system/framework/framework-location.jar:/system/framework/ext.jar:/system/framework/telephony-common.jar:/system/framework/voip-common.jar:/system/framework/ims-common.jar:/apex/com.android.i18n/javalib/core-icu4j.jar:/apex/com.android.adservices/javalib/framework-adservices.jar:/apex/com.android.adservices/javalib/framework-sdksandbox.jar:/apex/com.android.appsearch/javalib/framework-appsearch.jar:/apex/com.android.btservices/javalib/framework-bluetooth.jar:/apex/com.android.configinfrastructure/javalib/framework-configinfrastructure.jar:/apex/com.android.conscrypt/javalib/conscrypt.jar:/apex/com.android.devicelock/javalib/framework-devicelock.jar:/apex/com.android.healthfitness/javalib/framework-healthfitness.jar:/apex/com.android.ipsec/javalib/android.net.ipsec.ike.jar:/apex/com.android.media/javalib/updatable-media.jar:/apex/com.android.mediaprovider/javalib/framework-mediaprovider.jar:/apex/com.android.mediaprovider/javalib/framework-pdf.jar:/apex/com.android.mediaprovider/javalib/framework-pdf-v.jar:/apex/com.android.nfcservices/javalib/framework-nfc.jar:/apex/com.android.ondevicepersonalization/javalib/framework-ondevicepersonalization.jar:/apex/com.android.os.statsd/javalib/framework-statsd.jar:/apex/com.android.permission/javalib/framework-permission.jar:/apex/com.android.permission/javalib/framework-permission-s.jar:/apex/com.android.profiling/javalib/framework-profiling.jar:/apex/com.android.scheduling/javalib/framework-scheduling.jar:/apex/com.android.sdkext/javalib/framework-sdkextensions.jar:/apex/com.android.tethering/javalib/framework-connectivity.jar:/apex/com.android.tethering/javalib/framework-connectivity-t.jar:/apex/com.android.tethering/javalib/framework-tethering.jar:/apex/com.android.uwb/javalib/framework-uwb.jar:/apex/com.android.virt/javalib/framework-virtualization.jar:/apex/com.android.wifi/javalib/framework-wifi.jar
06-11 13:58:32.856   345   345 I derive_classpath: export DEX2OATBOOTCLASSPATH /apex/com.android.art/javalib/core-oj.jar:/apex/com.android.art/javalib/core-libart.jar:/apex/com.android.art/javalib/okhttp.jar:/apex/com.android.art/javalib/bouncycastle.jar:/apex/com.android.art/javalib/apache-xml.jar:/system/framework/framework.jar:/system/framework/framework-graphics.jar:/system/framework/framework-location.jar:/system/framework/ext.jar:/system/framework/telephony-common.jar:/system/framework/voip-common.jar:/system/framework/ims-common.jar:/apex/com.android.i18n/javalib/core-icu4j.jar
06-11 13:58:32.856   345   345 I derive_classpath: export SYSTEMSERVERCLASSPATH /system/framework/com.android.location.provider.jar:/system/framework/services.jar:/apex/com.android.adservices/javalib/service-adservices.jar:/apex/com.android.adservices/javalib/service-sdksandbox.jar:/apex/com.android.appsearch/javalib/service-appsearch.jar:/apex/com.android.art/javalib/service-art.jar:/apex/com.android.configinfrastructure/javalib/service-configinfrastructure.jar:/apex/com.android.healthfitness/javalib/service-healthfitness.jar:/apex/com.android.media/javalib/service-media-s.jar:/apex/com.android.ondevicepersonalization/javalib/service-ondevicepersonalization.jar:/apex/com.android.permission/javalib/service-permission.jar:/apex/com.android.rkpd/javalib/service-rkp.jar:/apex/com.android.virt/javalib/service-virtualization.jar
06-11 13:58:32.856   345   345 I derive_classpath: export STANDALONE_SYSTEMSERVER_JARS /apex/com.android.btservices/javalib/service-bluetooth.jar:/apex/com.android.devicelock/javalib/service-devicelock.jar:/apex/com.android.os.statsd/javalib/service-statsd.jar:/apex/com.android.profiling/javalib/service-profiling.jar:/apex/com.android.scheduling/javalib/service-scheduling.jar:/apex/com.android.tethering/javalib/service-connectivity.jar:/apex/com.android.uwb/javalib/service-uwb.jar:/apex/com.android.wifi/javalib/service-wifi.jar
06-11 13:58:32.868   346   346 I art_boot: Property persist.device_config.runtime_native_boot.useartservice not set
06-11 13:58:33.037   357   357 W otapreopt_slot: Slot property empty.
06-11 13:58:33.180   369   369 I kcmdlinectrl: [libfstab] Using Android DT directory /proc/device-tree/firmware/android/
06-11 13:58:33.180   369   369 E kcmdlinectrl: Failed to read from misc: failed to find /misc partition
06-11 13:58:33.188   159   159 I hwservicemanager: getFrameworkHalManifest: Reloading VINTF information.
06-11 13:58:33.188   159   159 I hwservicemanager: getFrameworkHalManifest: Reading VINTF information.
06-11 13:58:33.188   159   159 I hwservicemanager: Loaded APEX Infos from /apex/apex-info-list.xml
06-11 13:58:33.188   159   159 I hwservicemanager: getDeviceHalManifest: Reloading VINTF information.
06-11 13:58:33.188   159   159 I hwservicemanager: getDeviceHalManifest: Reading VINTF information.
06-11 13:58:33.189   159   159 I hwservicemanager: Loaded APEX Infos from /apex/apex-info-list.xml
06-11 13:58:33.195   366   366 I statsd  : Statsd starts to listen to socket.
06-11 13:58:33.199   159   159 I hwservicemanager: getDeviceHalManifest: Successfully processed VINTF information
06-11 13:58:33.199   159   159 I hwservicemanager: getFrameworkHalManifest: Successfully processed VINTF information
06-11 13:58:33.200   374   374 I HidlServiceManagement: Registered android.hardware.gatekeeper@1.0::IGatekeeper/default
06-11 13:58:33.200   370   370 I HidlServiceManagement: Registered android.hidl.allocator@1.0::IAllocator/ashmem
06-11 13:58:33.200   374   374 I HidlServiceManagement: Removing namespace from process name android.hardware.gatekeeper@1.0-service.software to gatekeeper@1.0-service.software.
06-11 13:58:33.200   370   370 I HidlServiceManagement: Removing namespace from process name android.hidl.allocator@1.0-service to allocator@1.0-service.
06-11 13:58:33.232   378   378 I android.hardware.sensors@2.1-impl.ranchu: MultihalSensors:85: host sensors mask=207ff, available sensors mask=207ff
06-11 13:58:33.232   378   378 E SensorsMultiHal: Failed to load subHal config file: /odm/etc/sensors/hals.conf
06-11 13:58:33.236   379   379 I android.hardware.thermal@2.0-service-mock: Thermal HAL Service Mock 2.0 starting...
06-11 13:58:33.237   379   379 I HidlServiceManagement: Registered android.hardware.thermal@2.0::IThermal/default
06-11 13:58:33.237   379   379 I HidlServiceManagement: Removing namespace from process name android.hardware.thermal@2.0-service.mock to thermal@2.0-service.mock.
06-11 13:58:33.237   379   379 I android.hardware.thermal@2.0-service-mock: Thermal Service started successfully.
06-11 13:58:33.238   376   376 I android.hardware.health-service.example: Starting health HAL.
06-11 13:58:33.238   376   376 I android.hardware.health-service.example: default instance initializing with healthd_config...
06-11 13:58:33.239   376   376 I android.hardware.health-service.example: default: Hal init done
06-11 13:58:33.240   367   367 I netdClient: Skipping libnetd_client init since *we* are netd
06-11 13:58:33.252   385   385 I aidl.android.hardware.bluetooth.service.default: Bluetooth HAL starting
06-11 13:58:33.261   411   411 I misctrl : [libfstab] Using Android DT directory /proc/device-tree/firmware/android/
06-11 13:58:33.262   411   411 E misctrl : Could not read misctrl message: failed to find /misc partition
06-11 13:58:33.263   411   411 E misctrl : Could not read reserved space: failed to find /misc partition
06-11 13:58:33.276   367   367 I netd    : netd 1.0 starting
06-11 13:58:33.272     1     1 W init    : type=1400 audit(0.0:5): avc:  denied  { write } for  name="error_report_end" dev="tracefs" ino=7194 scontext=u:r:init:s0 tcontext=u:object_r:debugfs_bootreceiver_tracing:s0 tclass=dir permissive=0
06-11 13:58:33.279   367   367 I netd    : Pid file removed
06-11 13:58:33.279   367   367 I netd    : SIGPIPE is blocked
06-11 13:58:33.279   367   367 I netd    : setCloseOnExec(dnsproxyd)
06-11 13:58:33.279   367   367 I netd    : setCloseOnExec(fwmarkd)
06-11 13:58:33.279   367   367 I NetdUpdatable: libnetd_updatable_init: Initializing
06-11 13:58:33.280   367   367 I NetdUpdatable: BPF programs are loaded
06-11 13:58:33.280   367   367 I NetdUpdatable: initMaps successfully
06-11 13:58:33.280   367   367 I netd    : libnetd_updatable_init success
06-11 13:58:33.280   367   367 I netd    : NetlinkManager instanced
06-11 13:58:33.280   367   367 I netd    : enter NetworkController ctor
06-11 13:58:33.289   409   409 I credstore: Registered binder service
06-11 13:58:33.290   367   367 E TcUtils : NLMSG_ERROR message return error: -2
06-11 13:58:33.290   367   367 E TcUtils : NLMSG_ERROR message return error: -2
06-11 13:58:33.290   367   367 E TcUtils : NLMSG_ERROR message return error: -2
06-11 13:58:33.290   367   367 E TcUtils : NLMSG_ERROR message return error: -2
06-11 13:58:33.290   367   367 E TcUtils : NLMSG_ERROR message return error: -2
06-11 13:58:33.290   367   367 E TcUtils : NLMSG_ERROR message return error: -2
06-11 13:58:33.290   367   367 E TcUtils : NLMSG_ERROR message return error: -2
06-11 13:58:33.290   367   367 E TcUtils : NLMSG_ERROR message return error: -2
06-11 13:58:33.290   367   367 E TcUtils : NLMSG_ERROR message return error: -2
06-11 13:58:33.290   367   367 E TcUtils : NLMSG_ERROR message return error: -2
06-11 13:58:33.290   367   367 E TcUtils : NLMSG_ERROR message return error: -2
06-11 13:58:33.290   367   367 E TcUtils : NLMSG_ERROR message return error: -2
06-11 13:58:33.290   367   367 E TcUtils : NLMSG_ERROR message return error: -2
06-11 13:58:33.290   367   367 E TcUtils : NLMSG_ERROR message return error: -2
06-11 13:58:33.290   367   367 E TcUtils : NLMSG_ERROR message return error: -2
06-11 13:58:33.290   367   367 E TcUtils : NLMSG_ERROR message return error: -2
06-11 13:58:33.290   367   367 I netd    : leave NetworkController ctor
06-11 13:58:33.290   367   367 I netd    : enter TetherController ctor
06-11 13:58:33.290   367   367 D TetherController: Setting IP forward enable = 0
06-11 13:58:33.290   367   367 I netd    : leave TetherController ctor
06-11 13:58:33.314   371   371 I HidlServiceManagement: Registered android.hardware.audio@7.1::IDevicesFactory/default
06-11 13:58:33.314   371   371 I HidlServiceManagement: Removing namespace from process name android.hardware.audio.service to audio.service.
06-11 13:58:33.314   371   371 I LegacySupport: Registration complete for android.hardware.audio@7.1::IDevicesFactory/default.
06-11 13:58:33.320   371   371 I HidlServiceManagement: Registered android.hardware.audio.effect@7.0::IEffectsFactory/default
06-11 13:58:33.320   371   371 I LegacySupport: Registration complete for android.hardware.audio.effect@7.0::IEffectsFactory/default.
06-11 13:58:33.320   159   159 I hwservicemanager: getTransport: Cannot find entry android.hardware.soundtrigger@2.3::ISoundTriggerHw/default in either framework or device VINTF manifest.
06-11 13:58:33.320   371   371 E LegacySupport: Could not get passthrough implementation for android.hardware.soundtrigger@2.3::ISoundTriggerHw/default.
06-11 13:58:33.320   159   159 I hwservicemanager: getTransport: Cannot find entry android.hardware.soundtrigger@2.2::ISoundTriggerHw/default in either framework or device VINTF manifest.
06-11 13:58:33.320   371   371 E LegacySupport: Could not get passthrough implementation for android.hardware.soundtrigger@2.2::ISoundTriggerHw/default.
06-11 13:58:33.320   159   159 I hwservicemanager: getTransport: Cannot find entry android.hardware.soundtrigger@2.1::ISoundTriggerHw/default in either framework or device VINTF manifest.
06-11 13:58:33.321   371   371 E LegacySupport: Could not get passthrough implementation for android.hardware.soundtrigger@2.1::ISoundTriggerHw/default.
06-11 13:58:33.321   159   159 I hwservicemanager: getTransport: Cannot find entry android.hardware.soundtrigger@2.0::ISoundTriggerHw/default in either framework or device VINTF manifest.
06-11 13:58:33.321   371   371 E LegacySupport: Could not get passthrough implementation for android.hardware.soundtrigger@2.0::ISoundTriggerHw/default.
06-11 13:58:33.321   371   371 W audiohalservice: Could not register Soundtrigger API
06-11 13:58:33.321   159   159 I hwservicemanager: getTransport: Cannot find entry android.hardware.bluetooth.audio@2.2::IBluetoothAudioProvidersFactory/default in either framework or device VINTF manifest.
06-11 13:58:33.321   371   371 E LegacySupport: Could not get passthrough implementation for android.hardware.bluetooth.audio@2.2::IBluetoothAudioProvidersFactory/default.
06-11 13:58:33.321   159   159 I hwservicemanager: getTransport: Cannot find entry android.hardware.bluetooth.audio@2.1::IBluetoothAudioProvidersFactory/default in either framework or device VINTF manifest.
06-11 13:58:33.321   371   371 E LegacySupport: Could not get passthrough implementation for android.hardware.bluetooth.audio@2.1::IBluetoothAudioProvidersFactory/default.
06-11 13:58:33.321   159   159 I hwservicemanager: getTransport: Cannot find entry android.hardware.bluetooth.audio@2.0::IBluetoothAudioProvidersFactory/default in either framework or device VINTF manifest.
06-11 13:58:33.321   371   371 E LegacySupport: Could not get passthrough implementation for android.hardware.bluetooth.audio@2.0::IBluetoothAudioProvidersFactory/default.
06-11 13:58:33.321   371   371 W audiohalservice: Could not register Bluetooth Audio API
06-11 13:58:33.321   159   159 I hwservicemanager: getTransport: Cannot find entry android.hardware.bluetooth.a2dp@1.0::IBluetoothAudioOffload/default in either framework or device VINTF manifest.
06-11 13:58:33.321   371   371 E LegacySupport: Could not get passthrough implementation for android.hardware.bluetooth.a2dp@1.0::IBluetoothAudioOffload/default.
06-11 13:58:33.321   371   371 W audiohalservice: Could not register Bluetooth Audio Offload API
06-11 13:58:33.336     1     1 W init    : type=1400 audit(0.0:6): avc:  denied  { getattr } for  path="/system/bin/logcat" dev="dm-0" ino=15089047 scontext=u:r:init:s0 tcontext=u:object_r:logcat_exec:s0 tclass=file permissive=0
06-11 13:58:33.347   423   423 I bootstat: Service started: /system/bin/bootstat --set_system_boot_reason 
06-11 13:58:33.349   423   423 I bootstat: Canonical boot reason: reboot
06-11 13:58:33.349   423   423 I bootstat: Canonical boot reason: reboot
06-11 13:58:33.352   425   425 I perfetto:           probes.cc:104 Starting /system/bin/traced_probes service
06-11 13:58:33.357   425   425 I perfetto:  probes_producer.cc:373 Disconnected from tracing service
06-11 13:58:33.363   423   423 E bootstat: Failed to read /metadata/bootstat/persist.sys.boot.reason: No such file or directory
06-11 13:58:33.363   423   423 I bootstat: Value of persist.sys.boot.reason : 
06-11 13:58:33.363   423   423 I bootstat: Normalized last reboot reason : reboot
06-11 13:58:33.363   423   423 E bootstat: Failed to unlink /metadata/bootstat/persist.sys.boot.reason: No such file or directory
06-11 13:58:33.363   426   426 W perfetto:          service.cc:232 Started traced, listening on /dev/socket/traced_producer /dev/socket/traced_consumer
06-11 13:58:33.365   367   367 I netd    : Creating child chains: 72983us
06-11 13:58:33.365   367   367 I netd    : Setting up OEM hooks: 87us
06-11 13:58:33.367   427   427 E bt_vhci_forwarder: setTerminalRaw failed /dev/bluetooth0: Inappropriate ioctl for device
06-11 13:58:33.368   429   429 I idmap2d : Starting
06-11 13:58:33.371   367   367 I netd    : Setting up FirewallController hooks: 5418us
06-11 13:58:33.372   367   367 I netd    : Setting up TetherController hooks: 754us
06-11 13:58:33.372   367   367 I netd    : Setting up BandwidthController hooks: 208us
06-11 13:58:33.372   367   367 I netd    : Setting up IdletimerController hooks: 4us
06-11 13:58:33.373   371   371 I audiohalservice: createIBluetoothAudioProviderFactory() from android.hardware.bluetooth.audio-impl success
06-11 13:58:33.373   371   371 E audiohalservice: Failed to dlopen android.hardware.audio.sounddose-vendor-impl.so: dlopen failed: library "android.hardware.audio.sounddose-vendor-impl.so" not found
06-11 13:58:33.373   371   371 W audiohalservice: createISoundDoseFactory() from android.hardware.audio.sounddose-vendor-impl failed
06-11 13:58:33.377   367   367 I netd    : Setting up StrictController hooks: 5477us
06-11 13:58:33.390   367   367 I netd    : Setting up connmark hooks: 13099us
06-11 13:58:33.400   445   445 I flags_health_check: ServerConfigurableFlagsReset reset_mode value: 0
06-11 13:58:33.400   445   445 I flags_health_check: ServerConfigurableFlagsReset attempted boot count is under threshold, skipping reset.
06-11 13:58:33.401   373   373 I android.hardware.pixel.camera.provider@2.7-service: Google camera provider service is starting.
06-11 13:58:33.401   373   373 I android.hardware.pixel.camera.provider@2.7-service: Not using ApexUpdateListener since not running in an apex.
06-11 13:58:33.401   373   373 I GCH_CameraProvider: CreateHwl:Loading libgooglecamerahwl_impl.so library
06-11 13:58:33.404   444   444 I usbd    : persistent prop is adb
06-11 13:58:33.405   367   367 I netd    : Enabling bandwidth control: 14648us
06-11 13:58:33.406   367   367 I netd    : Initializing RouteController: 368us
06-11 13:58:33.406   367   367 D XfrmController: XfrmController::ipSecAddXfrmInterface, line=1495
06-11 13:58:33.406   367   367 D XfrmController: XfrmController::ipSecRemoveTunnelInterface, line=1708
06-11 13:58:33.406   367   367 D XfrmController: deviceName=ipsec_test
06-11 13:58:33.407   372   372 D camera.provider.ranchu: listQemuCameras:234 found a 'virtualscene' QEMU camera, dir=back framedims=640x480,352x288,320x240,176x144,1280x720,1280x960
06-11 13:58:33.413   436   436 V MediaUtils: physMem: 2070597632
06-11 13:58:33.415   436   436 V MediaUtils: requested limit: 134217728
06-11 13:58:33.415   436   436 I libc    : malloc_limit: Allocation limit enabled, max size 134217728 bytes
06-11 13:58:33.416   415   415 I adbd    : persist.adb.watchdog set to ''
06-11 13:58:33.416   415   415 I adbd    : persist.sys.test_harness set to ''
06-11 13:58:33.416   415   415 I adbd    : adb watchdog timeout set to 600 seconds
06-11 13:58:33.416   415   415 I adbd    : Setup mdns on port= 5555
06-11 13:58:33.416   415   415 I adbd    : adbd listening on tcp:5555
06-11 13:58:33.416   415   415 I adbd    : adbd listening on vsock:5555
06-11 13:58:33.416   415   415 I adbd    : adbd started
06-11 13:58:33.420   443   443 I gatekeeperd: Starting gatekeeperd...
06-11 13:58:33.421   415   455 I adbd    : Waiting for persist.adb.tls_server.enable=1
06-11 13:58:33.430   439   439 I ServiceManagerCppClient: Waiting for service 'package_native' on '/dev/binder'...
06-11 13:58:33.431   436   436 D AudioPowerUsage: AudioPowerUsage
06-11 13:58:33.431   436   436 D AudioAnalytics: AudioAnalytics
06-11 13:58:33.431   436   436 D MediaMetricsService: MediaMetricsService
06-11 13:58:33.431   159   159 I hwservicemanager: getTransport: Cannot find entry android.hardware.usb.gadget@1.0::IUsbGadget/default in either framework or device VINTF manifest.
06-11 13:58:33.431   444   444 I usbd    : Usb HAL not found
06-11 13:58:33.432   367   367 D XfrmController: Sending Netlink XFRM Message: XFRM_MSG_FLUSHSA
06-11 13:58:33.432   367   367 D XfrmController: Sending Netlink XFRM Message: XFRM_MSG_FLUSHPOLICY
06-11 13:58:33.432   367   367 I netd    : Initializing XfrmController: 26282us
06-11 13:58:33.432   375   375 I HidlServiceManagement: Registered android.hardware.graphics.allocator@3.0::IAllocator/default
06-11 13:58:33.433   375   375 I HidlServiceManagement: Removing namespace from process name android.hardware.graphics.allocator@3.0-service.ranchu to allocator@3.0-service.ranchu.
06-11 13:58:33.433   375   375 I android.hardware.graphics.allocator@3.0-service.ranchu: graphics IAllocator@3.0 service is initialized
06-11 13:58:33.434   391   391 I RanchuHwc: RanchuHWC (HWComposer3/HWC3) starting up...
06-11 13:58:33.436   367   367 I resolv  : resolv_init: Initializing resolver
06-11 13:58:33.444   377   377 D android.hardware.media.c2@1.0-service-goldfish: Goldfish C2 Service starting...
06-11 13:58:33.444   377   377 W android.hardware.media.c2@1.0-service-goldfish: Could not read additional policy file '/vendor/etc/seccomp_policy/codec2.vendor.ext.policy'
06-11 13:58:33.444   377   377 W android.hardware.media.c2@1.0-service-goldfish: libminijail[377]: failed to get path of fd 4: No such file or directory
06-11 13:58:33.444   377   377 W android.hardware.media.c2@1.0-service-goldfish: libminijail[377]: allowing syscall: connect
06-11 13:58:33.444   377   377 W android.hardware.media.c2@1.0-service-goldfish: libminijail[377]: allowing syscall: fcntl
06-11 13:58:33.444   377   377 W android.hardware.media.c2@1.0-service-goldfish: libminijail[377]: allowing syscall: sendto
06-11 13:58:33.444   377   377 W android.hardware.media.c2@1.0-service-goldfish: libminijail[377]: allowing syscall: socket
06-11 13:58:33.444   377   377 W android.hardware.media.c2@1.0-service-goldfish: libminijail[377]: allowing syscall: writev
06-11 13:58:33.445   377   377 W android.hardware.media.c2@1.0-service-goldfish: libminijail[377]: compile_file: <fd>(75): syscall munmap redefined here
06-11 13:58:33.445   377   377 W android.hardware.media.c2@1.0-service-goldfish: libminijail[377]: compile_file: <fd>(39): previous definition here
06-11 13:58:33.445   377   377 W android.hardware.media.c2@1.0-service-goldfish: libminijail[377]: logging seccomp filter failures
06-11 13:58:33.445   377   377 D android.hardware.media.c2@1.0-service-goldfish: Instantiating Codec2's Goldfish IComponentStore service...
06-11 13:58:33.445   377   377 I GoldfishComponentStore: Create()
06-11 13:58:33.445   377   377 W GoldfishComponentStore: created goldfish store 0xb40000789260a1c0 reflector of param 0xb400007932613448
06-11 13:58:33.445   377   377 D GoldfishComponentStore: useAndroidGoldfishComponentInstance 253 found prop ro.boot.qemu.hwcodec.vpxdec val 2
06-11 13:58:33.445   377   377 D GoldfishComponentStore: useAndroidGoldfishComponentInstance 253 found prop ro.boot.qemu.hwcodec.avcdec val 2
06-11 13:58:33.445   377   377 D GoldfishComponentStore: useAndroidGoldfishComponentInstance 253 found prop ro.boot.qemu.hwcodec.hevcdec val 2
06-11 13:58:33.446   377   377 E Codec2-FilterWrapper: plugin not OK: -19
06-11 13:58:33.448   377   377 I HidlServiceManagement: Registered android.hardware.media.c2@1.0::IComponentStore/default
06-11 13:58:33.448   377   377 I HidlServiceManagement: Removing namespace from process name android.hardware.media.c2@1.0-service-goldfish to c2@1.0-service-goldfish.
06-11 13:58:33.448   377   377 I android.hardware.media.c2@1.0-service-goldfish: Codec2's IComponentStore service created.
06-11 13:58:33.474   404   404 I FastMixerState: sMaxFastTracks = 8
06-11 13:58:33.479   404   404 D audioserver: main: starting
06-11 13:58:33.479   404   404 V MediaUtils: physMem: 2070597632
06-11 13:58:33.479   404   404 V MediaUtils: requested limit: 414119520
06-11 13:58:33.479   404   404 I libc    : malloc_limit: Allocation limit enabled, max size 414119520 bytes
06-11 13:58:33.480   404   404 D audio_utils::mutex: get_enable_flag: mutex_priority_inheritance: true
06-11 13:58:33.482   404   404 W FactoryHal: hasAidlHalService android.hardware.audio.core.IModule/default: false
06-11 13:58:33.482   404   404 W FactoryHal: hasAidlHalService android.hardware.audio.effect.IFactory/default: false
06-11 13:58:33.482   159   159 I hwservicemanager: getTransport: Cannot find entry android.hardware.audio.effect@7.1::IEffectsFactory/default in either framework or device VINTF manifest.
06-11 13:58:33.493   435   435 I main_extractorservice: enable media.extractor memory limits
06-11 13:58:33.493   435   435 V MediaUtils: physMem: 2070597632
06-11 13:58:33.493   435   435 V MediaUtils: requested limit: 414119520
06-11 13:58:33.493   435   435 I libc    : malloc_limit: Allocation limit enabled, max size 414119520 bytes
06-11 13:58:33.494   435   435 W mediaextractor: Could not read additional policy file '/vendor/etc/seccomp_policy/mediaextractor.policy'
06-11 13:58:33.494   435   435 W mediaextractor: libminijail[435]: failed to get path of fd 4: No such file or directory
06-11 13:58:33.494   435   435 W mediaextractor: libminijail[435]: allowing syscall: connect
06-11 13:58:33.494   435   435 W mediaextractor: libminijail[435]: allowing syscall: fcntl
06-11 13:58:33.494   435   435 W mediaextractor: libminijail[435]: allowing syscall: sendto
06-11 13:58:33.494   435   435 W mediaextractor: libminijail[435]: allowing syscall: socket
06-11 13:58:33.494   435   435 W mediaextractor: libminijail[435]: allowing syscall: writev
06-11 13:58:33.494   435   435 W mediaextractor: libminijail[435]: compile_file: <fd>(42): syscall readlinkat redefined here
06-11 13:58:33.494   435   435 W mediaextractor: libminijail[435]: compile_file: <fd>(38): previous definition here
06-11 13:58:33.494   435   435 W mediaextractor: libminijail[435]: compile_file: /apex/com.android.media/etc/seccomp_policy/crash_dump.arm64.policy(1): syscall read redefined here
06-11 13:58:33.494   435   435 W mediaextractor: libminijail[435]: compile_file: <fd>(18): previous definition here
06-11 13:58:33.494   435   435 W mediaextractor: libminijail[435]: compile_file: /apex/com.android.media/etc/seccomp_policy/crash_dump.arm64.policy(2): syscall write redefined here
06-11 13:58:33.494   435   435 W mediaextractor: libminijail[435]: compile_file: <fd>(6): previous definition here
06-11 13:58:33.494   435   435 W mediaextractor: libminijail[435]: compile_file: /apex/com.android.media/etc/seccomp_policy/crash_dump.arm64.policy(3): syscall exit redefined here
06-11 13:58:33.494   435   435 W mediaextractor: libminijail[435]: compile_file: <fd>(27): previous definition here
06-11 13:58:33.494   435   435 W mediaextractor: libminijail[435]: compile_file: /apex/com.android.media/etc/seccomp_policy/crash_dump.arm64.policy(4): syscall rt_sigreturn redefined here
06-11 13:58:33.494   435   435 W mediaextractor: libminijail[435]: compile_file: <fd>(29): previous definition here
06-11 13:58:33.494   435   435 W mediaextractor: libminijail[435]: compile_file: /apex/com.android.media/etc/seccomp_policy/crash_dump.arm64.policy(5): syscall exit_group redefined here
06-11 13:58:33.494   435   435 W mediaextractor: libminijail[435]: compile_file: <fd>(28): previous definition here
06-11 13:58:33.494   435   435 W mediaextractor: libminijail[435]: compile_file: /apex/com.android.media/etc/seccomp_policy/crash_dump.arm64.policy(8): syscall futex redefined here
06-11 13:58:33.494   435   435 W mediaextractor: libminijail[435]: compile_file: <fd>(4): previous definition here
06-11 13:58:33.494   435   435 W mediaextractor: libminijail[435]: compile_file: /apex/com.android.media/etc/seccomp_policy/crash_dump.arm64.policy(9): syscall getrandom redefined here
