10-13 10:49:30.672  1902  1955 I ActivityManager: Start proc 17515:com.miui.cloudbackup/u0a67 for content provider {com.miui.cloudbackup/com.miui.cloudbackup.provider.CloudBackupProvider} caller=com.miui.cloudservice
10-13 10:49:30.741  1902  3984 I SmartPower: com.miui.cloudbackup/10067(17515): died->background(4307061ms) R(process start ) adj=-10000.
10-13 10:49:30.748  1902  3984 D CompatibilityChangeReporter: Compat change id reported: 168419799; UID 10067; state: DISABLED
10-13 10:49:30.748  1902  3984 D CompatibilityChangeReporter: Compat change id reported: 273564678; UID 10067; state: DISABLED
10-13 10:49:30.758  1902  2323 D CompatibilityChangeReporter: Compat change id reported: 265195908; UID 10067; state: ENABLED
10-13 10:49:30.766  1902  1969 W ProcessCpuTracker: Failed to stat(/proc/17503): android.system.ErrnoException: stat failed: ENOENT (No such file or directory)
10-13 10:49:30.766  1902  1969 W ProcessCpuTracker: Skipping unknown process pid 17503
10-13 10:49:30.767  1902  1969 W ProcessCpuTracker: Failed to stat(/proc/17512): android.system.ErrnoException: stat failed: ENOENT (No such file or directory)
10-13 10:49:30.767  1902  1969 W ProcessCpuTracker: Skipping unknown process pid 17512
10-13 10:49:30.799  1902  1902 D CompatibilityChangeReporter: Compat change id reported: 135634846; UID 10078; state: DISABLED
10-13 10:49:30.799  1902  1902 D CompatibilityChangeReporter: Compat change id reported: 177438394; UID 10078; state: DISABLED
10-13 10:49:30.799  1902  1902 D CompatibilityChangeReporter: Compat change id reported: 135772972; UID 10078; state: DISABLED
10-13 10:49:30.799  1902  1902 D CompatibilityChangeReporter: Compat change id reported: 135754954; UID 10078; state: ENABLED
10-13 10:49:30.800  1902  1955 D CompatibilityChangeReporter: Compat change id reported: 143937733; UID 10078; state: ENABLED
10-13 10:49:30.806  1902 23259 D CompatibilityChangeReporter: Compat change id reported: 271850009; UID 10078; state: ENABLED
10-13 10:49:30.809  1902  3984 D CompatibilityChangeReporter: Compat change id reported: 253665015; UID 10205; state: ENABLED
10-13 10:49:30.809  1902  3984 D CompatibilityChangeReporter: Compat change id reported: 194532703; UID 10205; state: ENABLED
10-13 10:49:30.819  1902  1955 I ActivityManager: Start proc 17542:com.miui.gallery/u0a78 for service {com.miui.gallery/androidx.work.impl.background.systemjob.SystemJobService} caller=android
10-13 10:49:30.825  1902 23259 D CompatibilityChangeReporter: Compat change id reported: 170503758; UID 10067; state: ENABLED
10-13 10:49:30.827  1902  3984 I SmartPower: com.google.android.contacts/10189(13216): idle->background(3409ms) R(service create com.google.android.contacts/androidx.work.impl.background.systemjob.SystemJobService) adj=0.
10-13 10:49:30.875  1902 23266 I SmartPower: com.miui.gallery/10078(17542): died->background(3579ms) R(process start ) adj=-10000.
10-13 10:49:30.880  1902 23266 D CompatibilityChangeReporter: Compat change id reported: 168419799; UID 10078; state: DISABLED
10-13 10:49:30.880  1902 23266 D CompatibilityChangeReporter: Compat change id reported: 273564678; UID 10078; state: DISABLED
10-13 10:49:30.888  1902  2323 D CompatibilityChangeReporter: Compat change id reported: 265195908; UID 10078; state: ENABLED
10-13 10:49:30.899  1902 23266 D CompatibilityChangeReporter: Compat change id reported: 170503758; UID 10078; state: ENABLED
10-13 10:49:30.900  1902  2620 I SmartPower: com.google.android.apps.nbu.files/10259(16234): background->idle(3001ms) R(service unbind com.google.android.apps.nbu.files/androidx.work.impl.background.systemjob.SystemJobService) adj=905.
10-13 10:49:30.910  1902  2620 I SmartPower: com.miui.cleaner/10075(14649): background->idle(3001ms) R(service create com.miui.cleaner/com.miui.optimizecenter.cloudcontrol.CloudControlSyncJobService) adj=250.
10-13 10:49:30.957 17542 17542 D ActivityThread: useGrowthLimitOutExpendMethod invoke error.
10-13 10:49:30.993  1902  1966 I ActivityManager: Killing 16115:com.android.camera/u0a82 (adj 600): MiuiMemoryService(cch-empty)
10-13 10:49:31.013  1902  3984 I SmartPower: com.google.process.gservices/10175(22048): idle->background(13831ms) R(content provider start ContentProviderRecord{15adf8b u0 com.google.android.gsf/.gservices.GservicesProvider}) adj=100.
10-13 10:49:31.034  1902  1954 I SmartPower: android.process.acore/10059(30513): idle->background(3964ms) R(broadcast start Intent { act=android.intent.action.PACKAGE_CHANGED dat=package: flg=0x45000010 (has extras) }) adj=100.
10-13 10:49:31.044 17515 17515 D ActivityThread: useGrowthLimitOutExpendMethod invoke error.
10-13 10:49:31.059  1902  1954 I SmartPower: com.google.android.contacts:learning_bg/10189(16394): idle->background(3641ms) R(broadcast start Intent { act=android.intent.action.PACKAGE_CHANGED dat=package: flg=0x45000010 (has extras) }) adj=945.
10-13 10:49:31.081  1902 23266 D CompatibilityChangeReporter: Compat change id reported: 161145287; UID 10078; state: ENABLED
10-13 10:49:31.134  1902 16334 W BpBinder: Slow Binder: BpBinder transact took 219 ms, interface=com.android.server.art.IArtd, code=4 oneway=false
10-13 10:49:31.157  1902  1950 D AppWidgetServiceImpl: Provider info from ComponentInfo{com.android.thememanager/com.android.thememanager.appwidget.provider.ThemeRecommendProvider_4x2} won't be persisted.
10-13 10:49:31.158  1902  1950 D AppWidgetServiceImpl: Provider info from ComponentInfo{com.android.thememanager/com.android.thememanager.appwidget.provider.ThemePopularProvider_2x2} won't be persisted.
10-13 10:49:31.158  1902  1950 D AppWidgetServiceImpl: Provider info from ComponentInfo{com.android.thememanager/com.android.thememanager.appwidget.provider.ThemeMoreProvider_4x2} won't be persisted.
10-13 10:49:31.158  1902  1950 D AppWidgetServiceImpl: Provider info from ComponentInfo{com.android.thememanager/com.android.thememanager.appwidget.provider.RingtoneNewProvider_2x2} won't be persisted.
10-13 10:49:31.158  1902  1950 D AppWidgetServiceImpl: Provider info from ComponentInfo{com.android.thememanager/com.android.thememanager.appwidget.provider.RingtoneAddProvider_2x2} won't be persisted.
10-13 10:49:31.159  1902  1950 D AppWidgetServiceImpl: Provider info from ComponentInfo{com.google.android.apps.docs/com.google.android.apps.docs.drive.widget.suggestion.SuggestionAppWidgetProvider} won't be persisted.
10-13 10:49:31.159  1902  1950 D AppWidgetServiceImpl: Provider info from ComponentInfo{com.google.android.apps.docs/com.google.android.apps.docs.drive.widget.CakemixAppWidgetProvider} won't be persisted.
10-13 10:49:31.162  1902 23266 D CompatibilityChangeReporter: Compat change id reported: 161145287; UID 10067; state: ENABLED
10-13 10:49:31.194  1902 23266 I ActivityManager: Flag disabled. Ignoring finishAttachApplication from uid: 10067. pid: 17515
10-13 10:49:31.201  1902 23266 D CompatibilityChangeReporter: Compat change id reported: 261072174; UID 10078; state: ENABLED
10-13 10:49:31.212  1902 15926 I ActivityManager: Flag disabled. Ignoring finishAttachApplication from uid: 10078. pid: 17542
10-13 10:49:31.239  1902 15926 D PackageManager: set app component=ComponentInfo{com.miui.gallery/androidx.work.impl.background.systemjob.SystemJobService} enabled state: 1 from com.miui.gallery,uid=10078,pid=17542
10-13 10:49:31.244  1902 15926 D CompatibilityChangeReporter: Compat change id reported: 343977174; UID 10078; state: DISABLED
10-13 10:49:31.246  1902  2303 W ContentProviderHelper: ProcessRecord{f6bf178 16115:com.android.camera/u0a82} was killed by AM but isn't really dead
10-13 10:49:31.248  1902  2303 W ActivityManager: ProcessRecord{f6bf178 16115:com.android.camera/u0a82} is attached to a previous process
10-13 10:49:31.251  1902  1936 D DisplayManagerService: Drop pending events for gone uid 10082
10-13 10:49:31.255  1902  2303 W ActivityManager: Existing proc ProcessRecord{f6bf178 16115:com.android.camera/u0a82} was killed 258ms ago when adding ProcessRecord{3866c 0:com.android.camera/u0a82}
10-13 10:49:31.261  1902  2303 D CompatibilityChangeReporter: Compat change id reported: 135634846; UID 10082; state: DISABLED
10-13 10:49:31.261  1902  2303 D CompatibilityChangeReporter: Compat change id reported: 177438394; UID 10082; state: DISABLED
10-13 10:49:31.261  1902  2303 D CompatibilityChangeReporter: Compat change id reported: 135772972; UID 10082; state: DISABLED
10-13 10:49:31.261  1902  2303 D CompatibilityChangeReporter: Compat change id reported: 135754954; UID 10082; state: ENABLED
10-13 10:49:31.300  1902 23259 D CompatibilityChangeReporter: Compat change id reported: 253665015; UID 10180; state: ENABLED
10-13 10:49:31.300  1902 23259 D CompatibilityChangeReporter: Compat change id reported: 194532703; UID 10180; state: ENABLED
10-13 10:49:31.324  1902  1902 I BackupManagerService: [UserID:0] Beginning scheduled full backup operation
10-13 10:49:31.326  1902  1902 I BackupManagerService: [UserID:0] Full backup time but com.android.providers.downloads.ui is busy; deferring to 2025-10-13 12:20:06
10-13 10:49:31.327  1902  1902 D PFTBT   : Skipping full backup. A backup is already in progress.
10-13 10:49:31.327  1902  1902 I BackupManagerService: [UserID:0] Acquired wakelock:*backup*-0-21984
10-13 10:49:31.331  1902  1902 I TransportConnection: BackupTransportService#10527: Notifying [PFTBT.run()] transport = BackupTransportClient
10-13 10:49:31.344  1902  2323 D CompatibilityChangeReporter: Compat change id reported: 265195908; UID 10180; state: ENABLED
10-13 10:49:31.403 17056 17479 W BpBinder: Slow Binder: BpBinder transact took 272 ms, interface=android.content.IContentProvider, code=1 oneway=false
10-13 10:49:31.449  1902  2620 I SmartPower: com.google.android.as.oss/10302(16964): background->idle(3129ms) R(service end com.google.android.as.oss/com.google.android.apps.miphone.astrea.common.jobs.HeartbeatService) adj=905.
10-13 10:49:31.486  1902  3984 I ActivityManager: Background started FGS: Allowed [callingPackage: com.miui.gallery; callingUid: 10078; uidState: TRNB; uidBFSL: n/a; intent: Intent { cmp=com.miui.gallery/.search.statistics.SearchStatReportService (has extras) }; code:BACKGROUND_FGS_PERMISSION; tempAllowListReason:<null>; targetSdkVersion:34; callerTargetSdkVersion:34; startForegroundCount:0; bindFromPackage:null: isBindService:false]
10-13 10:49:31.509  1902  2600 D isUidValid: uid = 10078
10-13 10:49:31.528  1902 23161 D CompatibilityChangeReporter: Compat change id reported: 253665015; UID 10078; state: ENABLED
10-13 10:49:31.533  1902 23161 D CompatibilityChangeReporter: Compat change id reported: 194532703; UID 10078; state: ENABLED
10-13 10:49:31.539  1902  1947 D HeapUsage Monitor: HeapAllocSize : 91MB; monitorSize : 500MB
10-13 10:49:31.544  1902 15926 D CompatibilityChangeReporter: Compat change id reported: 271850009; UID 10067; state: ENABLED
10-13 10:49:31.544  1902 15926 D CompatibilityChangeReporter: Compat change id reported: 253665015; UID 10067; state: ENABLED
10-13 10:49:31.545  1902 15926 D CompatibilityChangeReporter: Compat change id reported: 194532703; UID 10067; state: ENABLED
10-13 10:49:31.561  1902 23266 D CompatibilityChangeReporter: Compat change id reported: 170668199; UID 10078; state: ENABLED
10-13 10:49:31.561  1902 23266 W ActivityManager: Foreground service started from background can not have location/camera/microphone access: service com.miui.gallery/.search.statistics.SearchStatReportService
10-13 10:49:31.563  1902 23266 D CompatibilityChangeReporter: Compat change id reported: 255659651; UID 10078; state: DISABLED
10-13 10:49:31.564  1902 23266 D CompatibilityChangeReporter: Compat change id reported: 255039210; UID 10078; state: DISABLED
10-13 10:49:31.577  1902  1917 W ActivityManager: Foreground service started from background can not have location/camera/microphone access: service com.miui.gallery/.search.statistics.SearchStatReportService
10-13 10:49:31.584  1902  4160 W ActivityManager: Foreground service started from background can not have location/camera/microphone access: service com.miui.gallery/.search.statistics.SearchStatReportService
10-13 10:49:31.591  1902 15926 D CompatibilityChangeReporter: Compat change id reported: 154726397; UID 10078; state: ENABLED
10-13 10:49:31.603  1902  2771 W ActivityManager: Foreground service started from background can not have location/camera/microphone access: service com.miui.gallery/.search.statistics.SearchStatReportService
10-13 10:49:31.605  1902  3984 W JobScheduler: Job didn't exist in JobStore: 
10-13 10:49:31.640  1902  4160 I ActivityManager: Cancel FGS notification userId: 0 definingUid: 10078 packageName: com.miui.gallery processName:com.miui.gallery ChannelId:com.miui.gallery.hide foregroundNotiWhen:1760341771587 Notiflags:64
10-13 10:49:31.641  1902 23266 W JobScheduler: Job didn't exist in JobStore: 
10-13 10:49:31.646  1902 15926 W UriGrantsManagerService: No permission grants found for com.miui.gallery
10-13 10:49:31.688  1902  2772 D CompatibilityChangeReporter: Compat change id reported: 271850009; UID 10260; state: ENABLED
10-13 10:49:31.690  1902  2620 I SmartPower: com.facebook.services/10097(17006): background->idle(3009ms) R(adj below visible) adj=915.
10-13 10:49:31.691  1902  2772 D CompatibilityChangeReporter: Compat change id reported: 135634846; UID 10260; state: DISABLED
10-13 10:49:31.691  1902  2772 D CompatibilityChangeReporter: Compat change id reported: 177438394; UID 10260; state: DISABLED
10-13 10:49:31.691  1902  2772 D CompatibilityChangeReporter: Compat change id reported: 135772972; UID 10260; state: DISABLED
10-13 10:49:31.691  1902  2772 D CompatibilityChangeReporter: Compat change id reported: 135754954; UID 10260; state: ENABLED
10-13 10:49:31.691  1902  1955 D CompatibilityChangeReporter: Compat change id reported: 143937733; UID 10260; state: ENABLED
10-13 10:49:31.709  1902  2620 I SmartPower: com.google.android.apps.messaging:rcs/10181(22034): background->idle(3004ms) R(broadcast start Intent { act=android.intent.action.PACKAGE_CHANGED dat=package: flg=0x45000010 (has extras) }) adj=200.
10-13 10:49:31.712  1902  2620 I SmartPower: com.xiaomi.discover/10128(15953): background->idle(3003ms) R(broadcast start Intent { act=android.intent.action.PACKAGE_CHANGED dat=package: flg=0x45000010 (has extras) }) adj=500.
10-13 10:49:31.728  1902  1955 I ActivityManager: Start proc 17691:com.google.android.apps.chromecast.app/u0a260 for service {com.google.android.apps.chromecast.app/com.google.android.libraries.notifications.entrypoints.scheduled.ScheduledTaskService} caller=android
10-13 10:49:31.771  1902  3385 I SmartPower: com.google.android.apps.chromecast.app/10260(17691): died->background(5578ms) R(process start ) adj=-10000.
10-13 10:49:31.772  1902  3385 D CompatibilityChangeReporter: Compat change id reported: 168419799; UID 10260; state: DISABLED
10-13 10:49:31.772  1902  3385 D CompatibilityChangeReporter: Compat change id reported: 273564678; UID 10260; state: DISABLED
10-13 10:49:31.776  1902  2323 D CompatibilityChangeReporter: Compat change id reported: 265195908; UID 10260; state: ENABLED
10-13 10:49:31.783  1902  3984 I ActivityManager: Background started FGS: Allowed [callingPackage: com.miui.gallery; callingUid: 10078; uidState: CEM ; uidBFSL: n/a; intent: Intent { cmp=com.miui.gallery/.scanner.core.MediaScannerService (has extras) }; code:BACKGROUND_FGS_PERMISSION; tempAllowListReason:<null>; targetSdkVersion:34; callerTargetSdkVersion:34; startForegroundCount:0; bindFromPackage:null: isBindService:false]
10-13 10:49:31.786  1902 23266 D CompatibilityChangeReporter: Compat change id reported: 170503758; UID 10260; state: ENABLED
10-13 10:49:31.825  1902 23161 D CompatibilityChangeReporter: Compat change id reported: 135634846; UID 10235; state: DISABLED
10-13 10:49:31.825  1902 23161 D CompatibilityChangeReporter: Compat change id reported: 177438394; UID 10235; state: DISABLED
10-13 10:49:31.825  1902 23161 D CompatibilityChangeReporter: Compat change id reported: 135772972; UID 10235; state: DISABLED
10-13 10:49:31.825  1902 23161 D CompatibilityChangeReporter: Compat change id reported: 135754954; UID 10235; state: ENABLED
10-13 10:49:31.826  1902  1955 D CompatibilityChangeReporter: Compat change id reported: 143937733; UID 10235; state: ENABLED
10-13 10:49:31.827  1902  3385 W ActivityManager: Foreground service started from background can not have location/camera/microphone access: service com.miui.gallery/.scanner.core.MediaScannerService
10-13 10:49:31.844  1902  1917 W ActivityManager: Foreground service started from background can not have location/camera/microphone access: service com.miui.gallery/.scanner.core.MediaScannerService
10-13 10:49:31.910  1902 23161 E NotificationService: Muting recently noisy 0|com.xiaomi.account|1006|null|10149
10-13 10:49:31.910  1902  2620 I SmartPower: com.google.android.apps.turbo:ssb/10180(17036): background->idle(3069ms) R(service end com.google.android.apps.turbo/com.google.android.libraries.smartbattery.brightness.library.UpdateOfflineModelJob) adj=905.
10-13 10:49:31.911  1902  2620 I SmartPower: com.google.android.apps.turbo/10180(16936): background->idle(3988ms) R(service end com.google.android.apps.turbo/com.google.android.libraries.smartbattery.brightness.library.UpdateOfflineModelJob) adj=925.
10-13 10:49:31.953  1902  3385 D CompatibilityChangeReporter: Compat change id reported: 261072174; UID 10260; state: ENABLED
10-13 10:49:31.985  1902  3984 I SmartPower: com.google.android.gm/10197(25181): idle->background(3127ms) R(service create com.google.android.gm/com.google.android.libraries.notifications.entrypoints.scheduled.ScheduledTaskService) adj=0.
10-13 10:49:31.987  1902 15926 D CompatibilityChangeReporter: Compat change id reported: 161145287; UID 10260; state: ENABLED
10-13 10:49:32.005  1902  1955 W ActivityManager: Slow operation: 181ms so far, now at startProcess: returned from zygote!
10-13 10:49:32.005  1902  1955 W ActivityManager: Slow operation: 181ms so far, now at startProcess: done updating battery stats
10-13 10:49:32.007  1902  1955 W ActivityManager: Slow operation: 182ms so far, now at startProcess: building log message
10-13 10:49:32.007  1902  1955 I ActivityManager: Start proc 17743:com.miui.mediaeditor/u0a235 for content provider {com.miui.mediaeditor/com.miui.mediaeditor.provider.MediaEditorProviderForGallery} caller=com.miui.gallery
10-13 10:49:32.007  1902  1955 W ActivityManager: Slow operation: 183ms so far, now at startProcess: starting to update pids map
10-13 10:49:32.007  1902  1955 W ActivityManager: Slow operation: 183ms so far, now at startProcess: done updating pids map
10-13 10:49:32.038  1902  1955 W ActivityManager: Slow operation: 779ms so far, now at startProcess: asking zygote to start proc
10-13 10:49:32.038  1902  1955 D CompatibilityChangeReporter: Compat change id reported: 143937733; UID 10082; state: ENABLED
10-13 10:49:32.042  1902  2611 E ProcessManager: error write exception log
10-13 10:49:32.063  1902 17617 I PFTBT   : Full backup completed with status: -2003
10-13 10:49:32.067  1902  1902 W NotificationManagerServiceImpl: checkInterceptListenerForXiaomiInternal pkg:com.miui.gallerylistener:com.android.systemui/com.android.systemui.statusbar.notification.MiuiNotificationListener
10-13 10:49:32.068  1902  1902 D NotificationListeners: is mask intercept: com.android.systemui notification packagename: com.miui.gallery
10-13 10:49:32.068  1902 17617 I PFTBT   : Full data backup pass finished.
10-13 10:49:32.068  1902 17617 I BackupManagerService: [UserID:0] Released wakelock:*backup*-0-21984
10-13 10:49:32.076  1902  1902 W NotificationHistory: Attempted to add notif for locked/gone/disabled user 0
10-13 10:49:32.097  1902  1902 W JobScheduler: Job didn't exist in JobStore: 
10-13 10:49:32.102  1902  3984 I ActivityManager: Process com.google.android.contacts:learning_bg (pid 16394) has died: cch+35 CEM 
10-13 10:49:32.102  1902  2611 E ProcessManager: error write exception log
10-13 10:49:32.106  1902  1955 W ActivityManager: Slow operation: 847ms so far, now at startProcess: returned from zygote!
10-13 10:49:32.114  1902  3984 I ActivityManager: Flag disabled. Ignoring finishAttachApplication from uid: 10260. pid: 17691
10-13 10:49:32.124  1902  1902 I SmartPower: com.google.android.dialer/10177(16694): idle->background(2875ms) R(service create com.google.android.dialer/androidx.work.impl.background.systemjob.SystemJobService) adj=0.
10-13 10:49:32.142  1902  1955 W ActivityManager: Slow operation: 883ms so far, now at startProcess: done updating battery stats
10-13 10:49:32.143  1902  1955 W ActivityManager: Slow operation: 884ms so far, now at startProcess: building log message
10-13 10:49:32.143  1902  1955 I ActivityManager: Start proc 17779:com.android.camera/u0a82 for content provider {com.android.camera/com.xiaomi.camera.parallelservice.provider.ParallelProcessProvider} caller=com.miui.gallery
10-13 10:49:32.143  1902  1955 W ActivityManager: Slow operation: 884ms so far, now at startProcess: starting to update pids map
10-13 10:49:32.143  1902  1955 W ActivityManager: Slow operation: 884ms so far, now at startProcess: done updating pids map
10-13 10:49:32.146  1902  1902 W NotificationManagerServiceImpl: checkInterceptListenerForXiaomiInternal pkg:com.miui.gallerylistener:com.android.systemui/com.android.systemui.statusbar.notification.MiuiNotificationListener
10-13 10:49:32.146  1902  1902 D NotificationListeners: is mask intercept: com.android.systemui notification packagename: com.miui.gallery
10-13 10:49:32.162  1902  2772 I ActivityManager: Process com.google.android.gm (pid 25181) has died: fg  TRNB
10-13 10:49:32.164  1902  2772 W ActivityManager: Scheduling restart of crashed service com.google.android.gm/com.google.android.libraries.notifications.entrypoints.scheduled.ScheduledTaskService in 1000ms for connection
10-13 10:49:32.170  1902  2611 E ProcessManager: error write exception log
10-13 10:49:32.170  1902  1936 D DisplayManagerService: Drop pending events for gone uid 10197
10-13 10:49:32.185  1902 23171 I SmartPower: com.miui.mediaeditor/10235(17743): died->background(5046ms) R(process start ) adj=-10000.
10-13 10:49:32.186  1902 23171 D CompatibilityChangeReporter: Compat change id reported: 168419799; UID 10235; state: DISABLED
10-13 10:49:32.187  1902 23171 D CompatibilityChangeReporter: Compat change id reported: 273564678; UID 10235; state: DISABLED
10-13 10:49:32.193  1902  2600 D isUidValid: uid = 10235
10-13 10:49:32.194  1902 16962 D KeyValueBackupTask: Starting key-value backup of com.android.traceur
10-13 10:49:32.206  1902  2772 D CompatibilityChangeReporter: Compat change id reported: 170503758; UID 10235; state: ENABLED
10-13 10:49:32.207  1902 16962 D BackupManagerService: bindToAgentSynchronous, packageName:com.android.traceur uid:10095, userId:0
10-13 10:49:32.214  1902 15926 I SmartPower: com.android.camera/10082(17779): died->background(1216ms) R(process start ) adj=-10000.
10-13 10:49:32.215  1902 15926 D CompatibilityChangeReporter: Compat change id reported: 168419799; UID 10082; state: DISABLED
10-13 10:49:32.216  1902 15926 D CompatibilityChangeReporter: Compat change id reported: 273564678; UID 10082; state: DISABLED
10-13 10:49:32.219  1902  2600 D isUidValid: uid = 10082
10-13 10:49:32.222  1902  2620 I SmartPower: com.google.android.apps.tachyon/10234(17021): background->idle(3400ms) R(service end com.google.android.apps.tachyon/.call.service.CallService) adj=250.
10-13 10:49:32.229  1902 16962 D CompatibilityChangeReporter: Compat change id reported: 135634846; UID 10095; state: DISABLED
10-13 10:49:32.229  1902 16962 D CompatibilityChangeReporter: Compat change id reported: 177438394; UID 10095; state: DISABLED
10-13 10:49:32.229  1902 16962 D CompatibilityChangeReporter: Compat change id reported: 135772972; UID 10095; state: DISABLED
10-13 10:49:32.229  1902 16962 D CompatibilityChangeReporter: Compat change id reported: 135754954; UID 10095; state: ENABLED
10-13 10:49:32.230  1902  1955 D CompatibilityChangeReporter: Compat change id reported: 143937733; UID 10095; state: ENABLED
10-13 10:49:32.240  1902 16962 D BackupManagerService: [UserID:0] awaiting agent for ApplicationInfo{17d9494 com.android.traceur}
10-13 10:49:32.253  1902  2772 D CompatibilityChangeReporter: Compat change id reported: 170503758; UID 10082; state: ENABLED
10-13 10:49:32.256 17743 17743 D ActivityThread: useGrowthLimitOutExpendMethod invoke error.
10-13 10:49:32.260  1902  1955 I ActivityManager: Start proc 17818:com.android.traceur/u0a95 for backup {com.android.traceur/com.android.traceur.TraceurBackupAgent} caller=Backup
10-13 10:49:32.314 17779 17779 D ActivityThread: useGrowthLimitOutExpendMethod invoke error.
10-13 10:49:32.323 17743 17743 D MbrainDebugManagerImpl: getService failed
10-13 10:49:32.324  1902 22706 D CompatibilityChangeReporter: Compat change id reported: 161145287; UID 10235; state: ENABLED
10-13 10:49:32.349  1902 22706 I ActivityManager: Flag disabled. Ignoring finishAttachApplication from uid: 10235. pid: 17743
10-13 10:49:32.366  1902  3385 I SmartPower: com.android.traceur/10095(17818): died->background(10377302ms) R(process start ) adj=-10000.
10-13 10:49:32.367  1902 23257 W UriGrantsManagerService: No permission grants found for com.miui.mediaeditor
10-13 10:49:32.368  1902  3385 D CompatibilityChangeReporter: Compat change id reported: 168419799; UID 10095; state: DISABLED
10-13 10:49:32.368  1902  3385 D CompatibilityChangeReporter: Compat change id reported: 273564678; UID 10095; state: DISABLED
10-13 10:49:32.372  1902  2323 D CompatibilityChangeReporter: Compat change id reported: 265195908; UID 10095; state: ENABLED
10-13 10:49:32.381  1902  2620 I SmartPower: com.android.chrome:privileged_process0/10190(9946): background->idle(3089ms) R(remove from whitelist) adj=0.
10-13 10:49:32.381  1902  2620 I SmartPower: com.android.chrome/10190(9847): background->idle(3090ms) R(remove from whitelist) adj=0.
10-13 10:49:32.390 17743 17743 D FramePredict: FramePredict init: false
10-13 10:49:32.405  1902 23257 D CompatibilityChangeReporter: Compat change id reported: 261072174; UID 10235; state: ENABLED
10-13 10:49:32.421  1902  2772 D CompatibilityChangeReporter: Compat change id reported: 170503758; UID 10095; state: ENABLED
10-13 10:49:32.437  1902  3385 D CompatibilityChangeReporter: Compat change id reported: 201794303; UID 10078; state: ENABLED
10-13 10:49:32.438  1902  3385 D CompatibilityChangeReporter: Compat change id reported: 207133734; UID 10078; state: ENABLED
10-13 10:49:32.479  1902 23266 D CompatibilityChangeReporter: Compat change id reported: 271850009; UID 10260; state: ENABLED
10-13 10:49:32.479  1902 23266 D CompatibilityChangeReporter: Compat change id reported: 253665015; UID 10260; state: ENABLED
10-13 10:49:32.479  1902 23266 D CompatibilityChangeReporter: Compat change id reported: 194532703; UID 10260; state: ENABLED
10-13 10:49:32.497  1902  2620 I SmartPower: com.miui.cloudservice/10116(17056): background->idle(3542ms) R(adj below visible) adj=250.
10-13 10:49:32.516  1902 23266 W ContentProviderHelper: No provider info for content provider  when providerRunning is false, caller is ProcessRecord{12cc70 17542:com.miui.gallery/u0a78}
10-13 10:49:32.517 17542 17582 E ActivityThread: Failed to find provider info for 
10-13 10:49:32.529  1902 22706 W ContentProviderHelper: No provider info for content provider  when providerRunning is false, caller is null
10-13 10:49:32.531  1902 23266 I ActivityManager: Process com.facebook.system (pid 16918) has died: cch+35 CEM 
10-13 10:49:32.531  1902  2611 E ProcessManager: error write exception log
10-13 10:49:32.532 16772 16772 I ActivityThread: Removing dead content provider:android.content.ContentProviderProxy@6712f14
10-13 10:49:32.538  1902  1936 D DisplayManagerService: Drop pending events for gone uid 10093
10-13 10:49:32.550  1902  3385 D CompatibilityChangeReporter: Compat change id reported: 135634846; UID 10116; state: DISABLED
10-13 10:49:32.550  1902  3385 D CompatibilityChangeReporter: Compat change id reported: 177438394; UID 10116; state: DISABLED
10-13 10:49:32.551  1902  3385 D CompatibilityChangeReporter: Compat change id reported: 135772972; UID 10116; state: DISABLED
10-13 10:49:32.551  1902  3385 D CompatibilityChangeReporter: Compat change id reported: 135754954; UID 10116; state: ENABLED
10-13 10:49:32.552  1902  1955 D CompatibilityChangeReporter: Compat change id reported: 143937733; UID 10116; state: ENABLED
10-13 10:49:32.591  1902  1955 I ActivityManager: Start proc 17958:com.miui.cloudservice:galleryproxy/u0a116 for content provider {com.miui.cloudservice/com.miui.cloudservice.provider.GalleryProxySecurityDeviceCredentialProvider} caller=com.miui.gallery
10-13 10:49:32.598  1902 22706 I ActivityManager: Process com.facebook.appmanager (pid 16772) has died: cch+35 CEM 
10-13 10:49:32.599  1902  2611 E ProcessManager: error write exception log
10-13 10:49:32.608  1902  1936 D DisplayManagerService: Drop pending events for gone uid 10150
10-13 10:49:32.624  1902  2620 I SmartPower: com.google.android.apps.docs/10242(17203): background->idle(3316ms) R(service end com.google.android.apps.docs/com.google.android.libraries.notifications.entrypoints.scheduled.ScheduledTaskService) adj=925.
10-13 10:49:32.629  1902  2600 D isUidValid: uid = 6101
10-13 10:49:32.670  1902  1917 D CompatibilityChangeReporter: Compat change id reported: 161145287; UID 10095; state: DISABLED
10-13 10:49:32.671  1902  1917 I ActivityManager: Flag disabled. Ignoring finishAttachApplication from uid: 10095. pid: 17818
10-13 10:49:32.680  1902  3984 D BackupManagerService: [UserID:0] agentConnected pkg=com.android.traceur agent=android.os.BinderProxy@b3868f8
10-13 10:49:32.685  1902 16962 I BackupManagerService: [UserID:0] got agent android.app.IBackupAgent$Stub$Proxy@a145436
10-13 10:49:32.685  1902 16962 D KeyValueBackupTask: Invoking agent on com.android.traceur
10-13 10:49:32.686  1902  3984 I SmartPower: com.miui.cloudservice:galleryproxy/10116(17958): died->background(5737ms) R(process start ) adj=-10000.
10-13 10:49:32.688  1902  3984 D CompatibilityChangeReporter: Compat change id reported: 168419799; UID 10116; state: DISABLED
10-13 10:49:32.688  1902  3984 D CompatibilityChangeReporter: Compat change id reported: 273564678; UID 10116; state: DISABLED
10-13 10:49:32.691  1902  2600 D isUidValid: uid = 10116
10-13 10:49:32.696  1902 23259 D CompatibilityChangeReporter: Compat change id reported: 161145287; UID 10082; state: ENABLED
10-13 10:49:32.700  1902  1917 I SmartPower: com.google.process.gapps/10175(10910): idle->background(15518ms) R(content provider start ContentProviderRecord{eb685c u0 com.google.android.gsf/.settings.GoogleSettingsProvider}) adj=100.
10-13 10:49:32.700  1902  2620 I SmartPower: com.xiaomi.simactivate.service/10148(17248): background->idle(3212ms) R(service end com.xiaomi.simactivate.service/com.xiaomi.activate.ActivateService) adj=925.
10-13 10:49:32.717  1902 22706 D PackageManager: set app component=ComponentInfo{com.android.camera/com.android.camera2.compat.theme.custom.cv.widget.CameraFiltersWidgetProvider} enabled state: 2 from com.android.camera,uid=10082,pid=17779
10-13 10:49:32.717  1902 22706 D PackageManager: set app component=ComponentInfo{com.android.camera/com.android.camera2.compat.theme.custom.cv.widget.CameraLensWidgetProvider} enabled state: 2 from com.android.camera,uid=10082,pid=17779
10-13 10:49:32.718  1902 22706 D PackageManager: set app component=ComponentInfo{com.android.camera/com.android.camera2.compat.theme.custom.cv.widget.CameraLens2WidgetProvider} enabled state: 2 from com.android.camera,uid=10082,pid=17779
10-13 10:49:32.718  1902 22706 I ActivityManager: Flag disabled. Ignoring finishAttachApplication from uid: 10082. pid: 17779
10-13 10:49:32.732  1902  1917 D CompatibilityChangeReporter: Compat change id reported: 170503758; UID 10116; state: ENABLED
10-13 10:49:32.735  1902 16962 I BackupRestoreController: Getting widget state for user: 0
10-13 10:49:32.749  1902 16962 D KeyValueBackupTask: Starting key-value backup of com.android.providers.userdictionary
10-13 10:49:32.754  1902 16962 D BackupManagerService: bindToAgentSynchronous, packageName:com.android.providers.userdictionary uid:10059, userId:0
10-13 10:49:32.758  1902 16962 D BackupManagerService: [UserID:0] awaiting agent for ApplicationInfo{a630522 com.android.providers.userdictionary}
10-13 10:49:32.767  1902 22706 D BackupManagerService: [UserID:0] agentConnected pkg=com.android.providers.userdictionary agent=android.os.BinderProxy@150516e
10-13 10:49:32.767  1902 16962 I BackupManagerService: [UserID:0] got agent android.app.IBackupAgent$Stub$Proxy@116600f
10-13 10:49:32.767  1902 16962 D KeyValueBackupTask: Invoking agent on com.android.providers.userdictionary
10-13 10:49:32.816  1902  3984 D CompatibilityChangeReporter: Compat change id reported: 161145287; UID 10116; state: ENABLED
10-13 10:49:32.821  1902 16962 I BackupRestoreController: Getting widget state for user: 0
10-13 10:49:32.837  1902 16962 D KeyValueBackupTask: Starting key-value backup of com.google.android.accessibility.switchaccess
10-13 10:49:32.841  1902 16962 D BackupManagerService: bindToAgentSynchronous, packageName:com.google.android.accessibility.switchaccess uid:10331, userId:0
10-13 10:49:32.854  1902  2620 I SmartPower: com.miui.home/10085(3001): background->idle(3001ms) R(content provider start ContentProviderRecord{e32c05d u0 com.miui.home/.launcher.LauncherProvider}) adj=100.
10-13 10:49:32.864  1902 16962 D CompatibilityChangeReporter: Compat change id reported: 135634846; UID 10331; state: DISABLED
10-13 10:49:32.866  1902 16962 D CompatibilityChangeReporter: Compat change id reported: 177438394; UID 10331; state: DISABLED
10-13 10:49:32.867  1902 16962 D CompatibilityChangeReporter: Compat change id reported: 135772972; UID 10331; state: DISABLED
10-13 10:49:32.870  1902 16962 D CompatibilityChangeReporter: Compat change id reported: 135754954; UID 10331; state: ENABLED
10-13 10:49:32.873  1902 16962 D BackupManagerService: [UserID:0] awaiting agent for ApplicationInfo{f61e7c9 com.google.android.accessibility.switchaccess}
10-13 10:49:32.874  1902  1955 D CompatibilityChangeReporter: Compat change id reported: 143937733; UID 10331; state: ENABLED
10-13 10:49:32.878  1902  3984 D CompatibilityChangeReporter: Compat change id reported: 261072174; UID 10116; state: ENABLED
10-13 10:49:32.880  1902  2600 D isUidValid: uid = 10148
10-13 10:49:32.910  1902  1955 W ActivityManager: Slow operation: 52ms so far, now at startProcess: building log message
10-13 10:49:32.910  1902  1955 I ActivityManager: Start proc 18030:com.google.android.accessibility.switchaccess/u0a331 for backup {com.google.android.accessibility.switchaccess/com.google.android.accessibility.switchaccess.backup.SwitchAccessBackupAgent} caller=Backup
10-13 10:49:32.910  1902  1955 W ActivityManager: Slow operation: 52ms so far, now at startProcess: starting to update pids map
10-13 10:49:32.911  1902  3984 I ActivityManager: Flag disabled. Ignoring finishAttachApplication from uid: 10116. pid: 17958
10-13 10:49:32.911  1902  1955 W ActivityManager: Slow operation: 53ms so far, now at startProcess: done updating pids map
10-13 10:49:32.987  1902  1917 I SmartPower: com.google.android.accessibility.switchaccess/10331(18030): died->background(8423826ms) R(process start ) adj=-10000.
10-13 10:49:32.991  1902  1917 D CompatibilityChangeReporter: Compat change id reported: 168419799; UID 10331; state: DISABLED
10-13 10:49:32.992  1902  1917 D CompatibilityChangeReporter: Compat change id reported: 273564678; UID 10331; state: DISABLED
10-13 10:49:33.001  1902  2323 D CompatibilityChangeReporter: Compat change id reported: 265195908; UID 10331; state: ENABLED
10-13 10:49:33.032  1902  2620 I SmartPower: com.google.android.apps.photos/10205(3888): background->idle(5725ms) R(service end com.google.android.apps.photos/.mediametadataservice.MediaMetadataService) adj=200.
10-13 10:49:33.032  1902  2620 I SmartPower: com.google.android.apps.photos:mediametadataservice/10205(17190): background->idle(3739ms) R(service end com.google.android.apps.photos/.mediametadataservice.MediaMetadataService) adj=915.
10-13 10:49:33.048  1902  2304 D CompatibilityChangeReporter: Compat change id reported: 135634846; UID 10150; state: DISABLED
10-13 10:49:33.048  1902  2304 D CompatibilityChangeReporter: Compat change id reported: 177438394; UID 10150; state: DISABLED
10-13 10:49:33.048  1902  2304 D CompatibilityChangeReporter: Compat change id reported: 135772972; UID 10150; state: DISABLED
10-13 10:49:33.048  1902  2304 D CompatibilityChangeReporter: Compat change id reported: 135754954; UID 10150; state: ENABLED
10-13 10:49:33.048  1902  1955 D CompatibilityChangeReporter: Compat change id reported: 143937733; UID 10150; state: ENABLED
10-13 10:49:33.050  1902 23259 D CompatibilityChangeReporter: Compat change id reported: 319212206; UID 10260; state: ENABLED
10-13 10:49:33.055  1902  2304 D CompatibilityChangeReporter: Compat change id reported: 319212206; UID 10177; state: ENABLED
10-13 10:49:33.063  1902  1955 I ActivityManager: Start proc 18065:com.facebook.appmanager/u0a150 for service {com.facebook.appmanager/com.facebook.oxygen.common.jobqueue.JobQueueService} caller=android
10-13 10:49:33.078  1902 23259 D CompatibilityChangeReporter: Compat change id reported: 170503758; UID 10331; state: ENABLED
10-13 10:49:33.114  1902  1917 I SmartPower: com.facebook.appmanager/10150(18065): died->background(515ms) R(process start ) adj=-10000.
10-13 10:49:33.116  1902  1917 D CompatibilityChangeReporter: Compat change id reported: 168419799; UID 10150; state: DISABLED
10-13 10:49:33.116  1902  1917 D CompatibilityChangeReporter: Compat change id reported: 273564678; UID 10150; state: DISABLED
10-13 10:49:33.120  1902  2323 D CompatibilityChangeReporter: Compat change id reported: 265195908; UID 10150; state: ENABLED
10-13 10:49:33.132  1902  1917 D CompatibilityChangeReporter: Compat change id reported: 170503758; UID 10150; state: ENABLED
10-13 10:49:33.165  1902  1954 D CompatibilityChangeReporter: Compat change id reported: 177438394; UID 10197; state: DISABLED
10-13 10:49:33.165  1902  1954 D CompatibilityChangeReporter: Compat change id reported: 135772972; UID 10197; state: DISABLED
10-13 10:49:33.165  1902  1954 D CompatibilityChangeReporter: Compat change id reported: 135754954; UID 10197; state: ENABLED
10-13 10:49:33.165  1902  1955 D CompatibilityChangeReporter: Compat change id reported: 143937733; UID 10197; state: ENABLED
10-13 10:49:33.188 18065 18065 D MbrainDebugManagerImpl: getService failed
10-13 10:49:33.194  1902  1955 I ActivityManager: Start proc 18101:com.google.android.gm/u0a197 for service {com.google.android.gm/com.google.android.libraries.notifications.entrypoints.scheduled.ScheduledTaskService} caller=android
10-13 10:49:33.208  1902  1917 D CompatibilityChangeReporter: Compat change id reported: 161145287; UID 10150; state: DISABLED
10-13 10:49:33.213  1902  1917 I ActivityManager: Flag disabled. Ignoring finishAttachApplication from uid: 10150. pid: 18065
10-13 10:49:33.255 18065 18065 D FramePredict: FramePredict init: false
10-13 10:49:33.260  1902  2771 I SmartPower: com.google.android.gm/10197(18101): died->background(1097ms) R(process start ) adj=-10000.
10-13 10:49:33.263  1902  2771 D CompatibilityChangeReporter: Compat change id reported: 168419799; UID 10197; state: DISABLED
10-13 10:49:33.263  1902  2771 D CompatibilityChangeReporter: Compat change id reported: 273564678; UID 10197; state: DISABLED
10-13 10:49:33.271  1902  2323 D CompatibilityChangeReporter: Compat change id reported: 265195908; UID 10197; state: ENABLED
10-13 10:49:33.301  1902  1950 W BpBinder: Slow Binder: BpBinder transact took 601 ms, interface=android.os.IInstalld, code=12 oneway=false
10-13 10:49:33.308  1902  2304 D CompatibilityChangeReporter: Compat change id reported: 170503758; UID 10197; state: ENABLED
10-13 10:49:33.459  1902  1917 I ActivityManager: Flag disabled. Ignoring finishAttachApplication from uid: 10331. pid: 18030
10-13 10:49:33.475  1902  2304 D BackupManagerService: [UserID:0] agentConnected pkg=com.google.android.accessibility.switchaccess agent=android.os.BinderProxy@585cfa1
10-13 10:49:33.476  1902 16962 I BackupManagerService: [UserID:0] got agent android.app.IBackupAgent$Stub$Proxy@6c2a5c6
10-13 10:49:33.476  1902 16962 D KeyValueBackupTask: Invoking agent on com.google.android.accessibility.switchaccess
10-13 10:49:33.514  1902 16962 I BackupRestoreController: Getting widget state for user: 0
10-13 10:49:33.525  1902 16962 D KeyValueBackupTask: Starting key-value backup of com.android.mms
10-13 10:49:33.535  1902 16962 D BackupManagerService: bindToAgentSynchronous, packageName:com.android.mms uid:10301, userId:0
10-13 10:49:33.539  1902 16962 D CompatibilityChangeReporter: Compat change id reported: 135634846; UID 10301; state: DISABLED
10-13 10:49:33.540  1902 16962 D CompatibilityChangeReporter: Compat change id reported: 177438394; UID 10301; state: DISABLED
10-13 10:49:33.540  1902 16962 D CompatibilityChangeReporter: Compat change id reported: 135772972; UID 10301; state: DISABLED
10-13 10:49:33.540  1902 16962 D CompatibilityChangeReporter: Compat change id reported: 135754954; UID 10301; state: ENABLED
10-13 10:49:33.542  1902  1955 D CompatibilityChangeReporter: Compat change id reported: 143937733; UID 10301; state: ENABLED
10-13 10:49:33.555  1902 16962 D BackupManagerService: [UserID:0] awaiting agent for ApplicationInfo{dbad738 com.android.mms}
10-13 10:49:33.564  1902  2600 D isUidValid: uid = 10113
10-13 10:49:33.582  1902  1955 I ActivityManager: Start proc 18137:com.android.mms/u0a301 for backup {com.android.mms/com.android.mms.backup.MmsBackupAgent} caller=Backup
10-13 10:49:33.634  1902 23259 I SmartPower: com.google.android.gms.unstable/10175(4628): idle->background(4983ms) R(service create com.google.android.gms/.droidguard.DroidGuardService) adj=0.
10-13 10:49:33.662  1902  1917 I SmartPower: com.android.mms/10301(18137): died->background(8422226ms) R(process start ) adj=-10000.
10-13 10:49:33.666  1902  1917 D CompatibilityChangeReporter: Compat change id reported: 168419799; UID 10301; state: DISABLED
10-13 10:49:33.666  1902  1917 D CompatibilityChangeReporter: Compat change id reported: 273564678; UID 10301; state: DISABLED
10-13 10:49:33.675  1902  2323 D CompatibilityChangeReporter: Compat change id reported: 265195908; UID 10301; state: ENABLED
10-13 10:49:33.701  1902 22706 D CompatibilityChangeReporter: Compat change id reported: 253665015; UID 10150; state: DISABLED
10-13 10:49:33.702  1902 22706 D CompatibilityChangeReporter: Compat change id reported: 194532703; UID 10150; state: ENABLED
10-13 10:49:33.723  1902  3385 I ActivityManager: Process com.google.android.tts (pid 16212) has died: cch+35 CEM 
10-13 10:49:33.723  1902  2611 E ProcessManager: error write exception log
10-13 10:49:33.726  1902  1936 D DisplayManagerService: Drop pending events for gone uid 10199
10-13 10:49:33.741  1902  3385 W ProcessStats: Tracking association SourceState{b813b1d com.miui.securitycenter.remote/1000 Fgs #443296} whose proc state 3 is better than process ProcessState{3bbc40b com.miui.analytics/10101 pkg=com.miui.analytics} proc state 5 (11191 skipped)
10-13 10:49:33.761  1902 23266 D CompatibilityChangeReporter: Compat change id reported: 170503758; UID 10301; state: ENABLED
10-13 10:49:33.814  1902  2771 D CompatibilityChangeReporter: Compat change id reported: 135634846; UID 10093; state: DISABLED
10-13 10:49:33.814  1902  2771 D CompatibilityChangeReporter: Compat change id reported: 177438394; UID 10093; state: DISABLED
10-13 10:49:33.814  1902  2771 D CompatibilityChangeReporter: Compat change id reported: 135772972; UID 10093; state: DISABLED
10-13 10:49:33.814  1902  2771 D CompatibilityChangeReporter: Compat change id reported: 135754954; UID 10093; state: ENABLED
10-13 10:49:33.815  1902  1955 D CompatibilityChangeReporter: Compat change id reported: 143937733; UID 10093; state: ENABLED
10-13 10:49:33.845  1902  1955 I ActivityManager: Start proc 18162:com.facebook.system/u0a93 for content provider {com.facebook.system/com.facebook.oxygen.installer.api.AppManagerApiProvider} caller=com.facebook.appmanager
10-13 10:49:33.872  1902 18165 D BlobStore: Completed idle maintenance; deleted []
10-13 10:49:33.965  1902 15926 I SmartPower: com.facebook.system/10093(18162): died->background(1433ms) R(process start ) adj=-10000.
10-13 10:49:33.969  1902 15926 D CompatibilityChangeReporter: Compat change id reported: 168419799; UID 10093; state: DISABLED
10-13 10:49:33.970  1902 15926 D CompatibilityChangeReporter: Compat change id reported: 273564678; UID 10093; state: DISABLED
10-13 10:49:34.012  1902  2303 I ActivityManager: Process com.facebook.services (pid 17006) has died: cch+45 CEM 
10-13 10:49:34.013  1902  2611 E ProcessManager: error write exception log
10-13 10:49:34.016  1902  1936 D DisplayManagerService: Drop pending events for gone uid 10097
10-13 10:49:34.058  1902 15926 D CompatibilityChangeReporter: Compat change id reported: 170503758; UID 10093; state: ENABLED
10-13 10:49:34.061  1902  2620 I SmartPower: com.google.android.contacts/10189(13216): background->idle(3233ms) R(broadcast start Intent { act=android.intent.action.PACKAGE_CHANGED dat=package: flg=0x45000010 (has extras) }) adj=250.
10-13 10:49:34.149 18101 18101 D ActivityThread: useGrowthLimitOutExpendMethod invoke error.
10-13 10:49:34.266  1902  2620 I SmartPower: com.miui.gallery/10078(17542): background->idle(3391ms) R(adj below visible) adj=200.
10-13 10:49:34.307  1902  3385 I ActivityManager: Process com.google.android.as.oss (pid 16964) has died: cch+25 CEM 
10-13 10:49:34.308  1902  2611 E ProcessManager: error write exception log
10-13 10:49:34.312  1902  1936 D DisplayManagerService: Drop pending events for gone uid 10302
10-13 10:49:34.316  1902 23266 I ActivityManager: Flag disabled. Ignoring finishAttachApplication from uid: 10093. pid: 18162
10-13 10:49:34.405  1902  2303 I ActivityManager: Process com.google.android.apps.turbo (pid 16936) has died: cch+35 CEM 
10-13 10:49:34.406  1902  2611 E ProcessManager: error write exception log
10-13 10:49:34.416 18101 18101 D MbrainDebugManagerImpl: getService failed
10-13 10:49:34.482  1902 22586 D PackageManager: set app component=ComponentInfo{com.facebook.appmanager/com.facebook.oxygen.appmanager.nekodirect.NekoDirectProvider} enabled state: 2 from com.facebook.appmanager,uid=10150,pid=18065
10-13 10:49:34.494  1902 23266 D CompatibilityChangeReporter: Compat change id reported: 161145287; UID 10197; state: ENABLED
10-13 10:49:34.501  1902 23266 W ContentProviderHelper: No provider info for content provider com.facebook.appmanager.nekodirect when providerRunning is false, caller is ProcessRecord{850c992 18065:com.facebook.appmanager/u0a150}
10-13 10:49:34.513 18065 18157 E ActivityThread: Failed to find provider info for com.facebook.appmanager.nekodirect
10-13 10:49:34.515  1902 23266 D PackageManager: set app component=ComponentInfo{com.facebook.appmanager/com.facebook.oxygen.appmanager.installapi.OxInstallApiProvider} enabled state: 1 from com.facebook.appmanager,uid=10150,pid=18065
10-13 10:49:34.544  1902 22586 D PackageManager: set app component=ComponentInfo{com.android.mms/androidx.work.impl.background.systemjob.SystemJobService} enabled state: 1 from com.android.mms,uid=10301,pid=18137
10-13 10:49:34.564  1902  2303 D PackageManager: set app component=ComponentInfo{com.facebook.appmanager/com.facebook.oxygen.appmanager.firstparty.tos.ShouldAcceptTos} enabled state: 1 from com.facebook.appmanager,uid=10150,pid=18065
10-13 10:49:34.566  1902 22586 D PackageManager: set app component=ComponentInfo{com.facebook.appmanager/com.facebook.oxygen.appmanager.firstparty.tos.ShouldShowTos} enabled state: 1 from com.facebook.appmanager,uid=10150,pid=18065
10-13 10:49:34.568  1902  2303 D PackageManager: set app component=ComponentInfo{com.facebook.appmanager/com.facebook.oxygen.appmanager.firstparty.tos.ShouldShowExplicitTos} enabled state: 1 from com.facebook.appmanager,uid=10150,pid=18065
10-13 10:49:34.580  1902 22586 D PackageManager: set app component=ComponentInfo{com.facebook.appmanager/com.facebook.oxygen.appmanager.webinstall.WebInstallDeepLinkActivity} enabled state: 2 from com.facebook.appmanager,uid=10150,pid=18065
10-13 10:49:34.582  1902 22586 D PackageManager: set app component=ComponentInfo{com.facebook.appmanager/com.facebook.oxygen.appmanager.webinstall.WebInstallAppLinkActivity} enabled state: 2 from com.facebook.appmanager,uid=10150,pid=18065
10-13 10:49:34.583  1902 22586 D PackageManager: set app component=ComponentInfo{com.facebook.appmanager/com.facebook.oxygen.appmanager.webinstall.WebInstallAppLinkActivityV2} enabled state: 2 from com.facebook.appmanager,uid=10150,pid=18065
10-13 10:49:34.588  1902 22586 D PackageManager: set app component=ComponentInfo{com.facebook.appmanager/com.facebook.oxygen.appmanager.webinstall.WebInstallActivity} enabled state: 2 from com.facebook.appmanager,uid=10150,pid=18065
10-13 10:49:34.597  1902 23266 I ActivityManager: Flag disabled. Ignoring finishAttachApplication from uid: 10197. pid: 18101
10-13 10:49:34.605  1902  3385 D CompatibilityChangeReporter: Compat change id reported: 74210811; UID 10197; state: ENABLED
10-13 10:49:34.613  1902 23266 D PackageManager: set app component=ComponentInfo{com.facebook.appmanager/com.facebook.oxygen.appmanager.webinstall.WebInstallAppLinkActivityV2} enabled state: 2 from com.facebook.appmanager,uid=10150,pid=18065
