10-10 12:39:41.601  1902  2304 D WindowManager: setLockTaskAuth: task=Task{5645cf #2 type=home I=com.miui.home/.launcher.Launcher} mLockTaskAuth=LOCK_TASK_AUTH_PINNABLE
10-10 12:39:41.601  1902  2334 D VibratorManagerService: VibrationThread released after finished vibration
10-10 12:39:41.601  1902  2334 D VibratorManagerService: Processing VibrationThread released callback
10-10 12:39:41.605  1902  2304 D WindowManager: Collecting in transition 1144: ActivityRecord{48fe2ec u0 com.miui.home/.launcher.Launcher t-1} init visibleRequested:false
10-10 12:39:41.605  1902  2304 D WindowManager: Requesting StartTransition: TransitionRecord{6efb6b5 id=1144 type=OPEN flags=0x0}
10-10 12:39:41.606  1902  2304 D ActivityStarterImpl: notifyHomeStartActivityFinish info = ActivityStartInfo{mPackageName='com.miui.home', mIsTranslucent=false, mTransitionSyncId=1144, mStartingWindowColor=ffffffff, mBounds=Rect(0, 0 - 1080, 2400), mLaunchFromHome=true, mLaunchSuccess=true, mStartingWindowType=-1, mTaskId=1}
10-10 12:39:41.607  1902  2304 I ActivityTaskManager: START u0 {act=android.intent.action.MAIN cat=[android.intent.category.HOME] flg=0x10040000 cmp=com.miui.home/.launcher.Launcher (has extras)} with LAUNCH_SINGLE_TASK from uid 10085 (BAL_ALLOW_ALLOWLISTED_COMPONENT) result code=2
10-10 12:39:41.607  2983  3075 I SoScUtils: monitorTransitionRequest mRequestOpenTransition:null mRequestOpenTriggerTask:-1 mRequestCloseTransition:null mRequestCloseTriggerTask:-1 mRequestCloseStageType:-1
10-10 12:39:41.609  1902 23267 D WindowManager: Set transition=TransitionRecord{6efb6b5 id=1144 type=OPEN flags=0x0}, ready=false, SyncId=1144 used=true, override=false, defer=0, states=Display{#0 state=ON size=1080x2400 ROTATION_0}:false
10-10 12:39:41.610  2983  3075 D OneHandedController: stopOneHanded state is 0
10-10 12:39:41.610  2983  3075 D WindowManagerShell: onActivityRestartAttempt: ComponentInfo{com.miui.home/com.miui.home.launcher.Launcher}
10-10 12:39:41.610  2983  3075 D MiuiFullScreenTaskRepository: removeFocusedTask displayId=0
10-10 12:39:41.610  2983  3075 D MiuiFullScreenTaskRepository: addOrUpdateFullScreenTaskInfo taskId=503, topActivity=ComponentInfo{com.android.chrome/org.chromium.chrome.browser.ChromeTabbedActivity}
10-10 12:39:41.610  2983  3075 D MiuiFullScreenTaskRepository: setFocusedTask taskId=1, displayId=0, topActivity=ComponentInfo{com.miui.home/com.miui.home.launcher.Launcher}
10-10 12:39:41.610  2983  3075 D MiuiFullScreenTaskRepository: addOrUpdateFullScreenTaskInfo taskId=1, topActivity=ComponentInfo{com.miui.home/com.miui.home.launcher.Launcher}
10-10 12:39:41.611  2983  3075 D MiuiDesktopModeController: onFocusTaskChanged newFocus: TaskInfo{userId=0 taskId=1 displayId=0 isRunning=true baseIntent=Intent { act=android.intent.action.MAIN cat=[android.intent.category.HOME] flg=0x10000100 cmp=com.miui.home/.launcher.Launcher } baseActivity=ComponentInfo{com.miui.home/com.miui.home.launcher.Launcher} topActivity=ComponentInfo{com.miui.home/com.miui.home.launcher.Launcher} origActivity=null realActivity=null numActivities=1 lastActiveTime=70262 supportsSplitScreenMultiWindow=true supportsMultiWindow=true resizeMode=2 isResizeable=true minWidth=-1 minHeight=-1 defaultMinSize=200 token=WCT{android.window.IWindowContainerToken$Stub$Proxy@8021170} topActivityType=2 pictureInPictureParams=null shouldDockBigOverlays=false launchIntoPipHostTaskId=-1 lastParentTaskIdBeforePip=-1 displayCutoutSafeInsets=Rect(0, 94 - 0, 0) topActivityInfo=ActivityInfo{6d1bce9 com.miui.home.launcher.Launcher} launchCookies=[] positionInParent=Point(0, 0) parentTaskId=-1 isFocused=true isVisible=false isVisibleRequested=false isSleeping=false topActivityInSizeCompat=false topActivityEligibleForLetterboxEducation= false topActivityLetterboxed= false isFromDoubleTap= false topActivityLetterboxVerticalPosition= -1 topActivityLetterboxHorizontalPosition= -1 topActivityLetterboxWidth=-1 topActivityLetterboxHeight=-1 locusId=null displayAreaFeatureId=1 cameraCompatControlState=hidden mIsCastMode=false mTopActivityMediaSize=null mTopActivityRecordName=ActivityRecord{3754c30 u0 com.miui.home/.launcher.Launcher t2} mTopActivityOrientation=-2 mTopActivityWindowIsNowVisible=false isTranslucent=true isEmbedded=false shouldBeVisible=true isImmersive=false mBehindAppLockPkg=null mOriginatingUid=0}
10-10 12:39:41.611  2983  3075 D MiuiFreeformModeController: onFocusTaskChanged taskInfo: TaskInfo{userId=0 taskId=1 displayId=0 isRunning=true baseIntent=Intent { act=android.intent.action.MAIN cat=[android.intent.category.HOME] flg=0x10000100 cmp=com.miui.home/.launcher.Launcher } baseActivity=ComponentInfo{com.miui.home/com.miui.home.launcher.Launcher} topActivity=ComponentInfo{com.miui.home/com.miui.home.launcher.Launcher} origActivity=null realActivity=null numActivities=1 lastActiveTime=70262 supportsSplitScreenMultiWindow=true supportsMultiWindow=true resizeMode=2 isResizeable=true minWidth=-1 minHeight=-1 defaultMinSize=200 token=WCT{android.window.IWindowContainerToken$Stub$Proxy@8021170} topActivityType=2 pictureInPictureParams=null shouldDockBigOverlays=false launchIntoPipHostTaskId=-1 lastParentTaskIdBeforePip=-1 displayCutoutSafeInsets=Rect(0, 94 - 0, 0) topActivityInfo=ActivityInfo{6d1bce9 com.miui.home.launcher.Launcher} launchCookies=[] positionInParent=Point(0, 0) parentTaskId=-1 isFocused=true isVisible=false isVisibleRequested=false isSleeping=false topActivityInSizeCompat=false topActivityEligibleForLetterboxEducation= false topActivityLetterboxed= false isFromDoubleTap= false topActivityLetterboxVerticalPosition= -1 topActivityLetterboxHorizontalPosition= -1 topActivityLetterboxWidth=-1 topActivityLetterboxHeight=-1 locusId=null displayAreaFeatureId=1 cameraCompatControlState=hidden mIsCastMode=false mTopActivityMediaSize=null mTopActivityRecordName=ActivityRecord{3754c30 u0 com.miui.home/.launcher.Launcher t2} mTopActivityOrientation=-2 mTopActivityWindowIsNowVisible=false isTranslucent=true isEmbedded=false shouldBeVisible=true isImmersive=false mBehindAppLockPkg=null mOriginatingUid=0}
10-10 12:39:41.622  1902  1917 I ActivityManager: Killing 16935:com.android.chrome:sandboxed_process0:org.chromium.content.app.SandboxedProcessService0:0/u0a190i-9000 (adj 0): isolated not needed
10-10 12:39:41.636  1902  1917 I ActivityManager: Killing 17251:com.android.chrome:sandboxed_process0:org.chromium.content.app.SandboxedProcessService0:1/u0a190i-8999 (adj 0): isolated not needed
10-10 12:39:41.647  1902  1936 D DisplayManagerService: Drop pending events for gone uid 90001
10-10 12:39:41.651  1902  2304 D SchedBoost: com.miui.home already boosted, skip boost priority
10-10 12:39:41.652  1902  2304 D SchedBoost: com.android.chrome:privileged_process0 boosting, skip reset priority
10-10 12:39:41.653  1902  1936 D Aurogon :  uid = 10085 switch to FG
10-10 12:39:41.659  1902  1936 E MBrainLocalService: MBrainJava launch failed: SecurityException
10-10 12:39:41.662  1902  1936 E MBrainLocalService: MBrainJava launch failed: SecurityException
10-10 12:39:41.663  1902  1936 D DisplayManagerService: Drop pending events for gone uid 90000
10-10 12:39:41.664  1902  1962 D KernelCpuUidUserSysTimeReader: Removing uids 90016-90016
10-10 12:39:41.665 16597 16597 W Activity: PerfMonitor: Slow Operation: Activity com.android.chrome/org.chromium.chrome.browser.ChromeTabbedActivity onPause took 55ms
10-10 12:39:41.666  1902 23267 D WindowManager: Collecting in transition 1144: ActivityRecord{3754c30 u0 com.miui.home/.launcher.Launcher t2} init visibleRequested:false
10-10 12:39:41.667  1902 23267 E Transition: Trying to add a ready-group twice: Display{#0 state=ON size=1080x2400 ROTATION_0}
10-10 12:39:41.667  1902 23267 D WindowManagerService: checkFlipFullScreenChange is same, nowIsFullScreen = false
10-10 12:39:41.669  1902 23267 D WindowManager: Collecting in transition 1144: ActivityRecord{f88edbb u0 com.android.chrome/org.chromium.chrome.browser.ChromeTabbedActivity t503} init visibleRequested:true
10-10 12:39:41.672  1902 23267 D WindowManager: Collecting in transition 1144: ActivityRecord{3754c30 u0 com.miui.home/.launcher.Launcher t2} init visibleRequested:true
10-10 12:39:41.672  1902 23267 D WindowManager: Set transition=TransitionRecord{6efb6b5 id=1144 type=OPEN flags=0x0}, ready=true, SyncId=1144 
10-10 12:39:41.674  1902 23267 I BLASTSyncEngine: SyncGroup 1144:  Unfinished container:ActivityRecord{3754c30 u0 com.miui.home/.launcher.Launcher t2}
10-10 12:39:41.674  1902 23267 I BLASTSyncEngine: isActivitySyncFinished isSyncFinished false ActivityRecord{3754c30 u0 com.miui.home/.launcher.Launcher t2}
10-10 12:39:41.674  1902 15926 I SmartPower: com.mi.globalminusscreen/10076(31794): background->visible(1990ms) R(become visible) adj=0.
10-10 12:39:41.677  1902 15926 I BLASTSyncEngine: SyncGroup 1144:  Unfinished container:ActivityRecord{3754c30 u0 com.miui.home/.launcher.Launcher t2}
10-10 12:39:41.677  1902 15926 I BLASTSyncEngine: isActivitySyncFinished isSyncFinished false ActivityRecord{3754c30 u0 com.miui.home/.launcher.Launcher t2}
10-10 12:39:41.677  1902 15926 I WindowManager: Relayout Window{38e026c u0 LauncherOverlayWindow:com.mi.globalminusscreen}: oldVis=8 newVis=0 focusMayChange = true requestedWidth = 1080 requestedHeight = 2400 outFrames = ClientWindowFrames{frame=[0,0][1080,2400] display=[0,0][1080,2400] parentFrame=[0,0][0,0]} outSurfaceControl = Surface(name=LauncherOverlayWindow:com.mi.globalminusscreen#19034)/@0x305b433
10-10 12:39:41.678  1902  3317 I SmartPower: com.google.android.googlequicksearchbox:googleapp/10188(19209): idle->visible(216204ms) R(become visible) adj=800.
10-10 12:39:41.678  1902  3317 I SmartPower: com.google.android.googlequicksearchbox:search/10188(19180): idle->invisible(216205ms) R(become foreground) adj=800.
10-10 12:39:41.678  1902  3317 I SmartPower: com.google.android.googlequicksearchbox:interactor/10188(19230): background->invisible(219207ms) R(become foreground) adj=100.
10-10 12:39:41.687  1902  3317 I BLASTSyncEngine: SyncGroup 1144:  Unfinished container:ActivityRecord{3754c30 u0 com.miui.home/.launcher.Launcher t2}
10-10 12:39:41.687  1902  3317 I BLASTSyncEngine: isActivitySyncFinished isSyncFinished false ActivityRecord{3754c30 u0 com.miui.home/.launcher.Launcher t2}
10-10 12:39:41.687  1902  3317 I WindowManager: Relayout Window{a23abef u0 LauncherMinusOneScreen}: oldVis=8 newVis=0 focusMayChange = true requestedWidth = 1080 requestedHeight = 2400 outFrames = ClientWindowFrames{frame=[0,0][1080,2400] display=[0,0][1080,2400] parentFrame=[0,0][0,0]} outSurfaceControl = Surface(name=LauncherMinusOneScreen#19035)/@0x15d608f
10-10 12:39:41.692  1902  1917 I BLASTSyncEngine: SyncGroup 1144:  Unfinished container:ActivityRecord{3754c30 u0 com.miui.home/.launcher.Launcher t2}
10-10 12:39:41.692  1902  1917 I BLASTSyncEngine: isActivitySyncFinished isSyncFinished false ActivityRecord{3754c30 u0 com.miui.home/.launcher.Launcher t2}
10-10 12:39:41.693  1902 23267 W WindowManager: finishDrawingWindow: Window{38e026c u0 LauncherOverlayWindow:com.mi.globalminusscreen} mDrawState=DRAW_PENDING
10-10 12:39:41.693  1902 23267 D WindowManager: wms.finishDrawingLocked: mDrawState=COMMIT_DRAW_PENDING Window{38e026c u0 LauncherOverlayWindow:com.mi.globalminusscreen} in Surface(name=LauncherOverlayWindow:com.mi.globalminusscreen#19034)/@0xcfd8fa2
10-10 12:39:41.695  1902  1939 I BLASTSyncEngine: SyncGroup 1144:  Unfinished container:ActivityRecord{3754c30 u0 com.miui.home/.launcher.Launcher t2}
10-10 12:39:41.695  1902  1939 I BLASTSyncEngine: isActivitySyncFinished isSyncFinished false ActivityRecord{3754c30 u0 com.miui.home/.launcher.Launcher t2}
10-10 12:39:41.702  1902 23265 D MiuiMemoryInfoImpl: MEMINFO_KRECLAIMABLE: 242148, MEMINFO_SLAB_RECLAIMABLE: 142268, MEMINFO_BUFFERS: 1276, MEMINFO_CACHED: 1595700, MEMINFO_FREE: 378740
10-10 12:39:41.703  1902 23265 D MiuiMemoryInfoImpl: cache: 2271092736, cachePss: 2306081792, lostcache: 0
10-10 12:39:41.703  1902  1902 D MBrainLocalService: isVendorFreezeConditionPass is false
10-10 12:39:41.703  1902  1902 E MBrainLocalService: notifyAppSwitch failed
10-10 12:39:41.706  2983  4627 D MiuiFreeformModeObserver: activityResumed() intent Intent { cmp=com.miui.home/.launcher.Launcher (has extras) }
10-10 12:39:41.706  2983  3075 D SoScSplitScreenController: updateDividerFixedState isFixed:true
10-10 12:39:41.709  1902 23267 I BLASTSyncEngine: SyncGroup 1144:  Unfinished container:ActivityRecord{3754c30 u0 com.miui.home/.launcher.Launcher t2}
10-10 12:39:41.709  1902 23267 I BLASTSyncEngine: isActivitySyncFinished isSyncFinished false ActivityRecord{3754c30 u0 com.miui.home/.launcher.Launcher t2}
10-10 12:39:41.709  1902 23267 W WindowManager: Changing focus from null to Window{e4be31b u0 com.miui.home/com.miui.home.launcher.Launcher} displayId=0 Callers=com.android.server.wm.RootWindowContainer.updateFocusedWindowLocked:557 com.android.server.wm.WindowManagerService.updateFocusedWindowLocked:6962 com.android.server.wm.WindowManagerService.relayoutWindow:2951 com.android.server.wm.Session.relayout:266 
10-10 12:39:41.709  1902 23267 I WindowManager: cancelAnimation removed leash : Surface(name=Surface(name=81266ae StatusBar#86)/@0xb48dfdc - animation-leash of insets_animation#19020)/@0x854308d
10-10 12:39:41.710  1902 23267 I WindowManager: cancelAnimation removed leash : Surface(name=Surface(name=db27a2 NavigationBar0#82)/@0xc1acbf0 - animation-leash of insets_animation#19021)/@0x6d2d253
10-10 12:39:41.711  1902 23267 D WindowManager: wms.Input focus has changed to Window{e4be31b u0 com.miui.home/com.miui.home.launcher.Launcher} display=0 updateInputWindows = true
10-10 12:39:41.711  1902 23267 I MultiSenceManagerInternalStub: getInstance
10-10 12:39:41.711  1902 23267 I WindowManager: Relayout Window{e4be31b u0 com.miui.home/com.miui.home.launcher.Launcher}: oldVis=4 newVis=0 focusMayChange = true requestedWidth = 1080 requestedHeight = 2400 outFrames = ClientWindowFrames{frame=[0,0][1080,2400] display=[0,0][1080,2400] parentFrame=[0,0][0,0]} outSurfaceControl = Surface(name=com.miui.home/com.miui.home.launcher.Launcher#19036)/@0xc74449e
10-10 12:39:41.717  1902 23267 I WakePathChecker: MIUILOG-WAKEPATH pushWakePathWhiteList: userId=0 size=6
10-10 12:39:41.718  1902  1939 D WindowManager: Collecting in transition 1144: WallpaperWindowToken{c1b367d token=android.os.BinderProxy@48de4d4} init visibleRequested:false
10-10 12:39:41.718  1902  1939 D WindowManager: Collecting in transition 1144: WallpaperWindowToken{b086f80 token=android.os.Binder@8a62403} init visibleRequested:false
10-10 12:39:41.719  1902  1939 W WindowManager: real show surface:Surface(name=com.miui.miwallpaper.wallpaperservice.ImageWallpaper#6795)/@0x4dee9d0
10-10 12:39:41.719  1902  1939 W WindowManager: real show surface:Surface(name=com.miui.miwallpaper.wallpaperservice.MiuiKeyguardPictorialWallpaper#6792)/@0xd103da3
10-10 12:39:41.722  1902  1939 I BLASTSyncEngine: SyncGroup 1144:  Unfinished container:ActivityRecord{3754c30 u0 com.miui.home/.launcher.Launcher t2}
10-10 12:39:41.722  1902  1939 I BLASTSyncEngine: isActivitySyncFinished isSyncFinished false ActivityRecord{3754c30 u0 com.miui.home/.launcher.Launcher t2}
10-10 12:39:41.739  1902  2304 W WindowManager: finishDrawingWindow: Window{e4be31b u0 com.miui.home/com.miui.home.launcher.Launcher} mDrawState=DRAW_PENDING
10-10 12:39:41.739  1902  2304 D WindowManager: wms.finishDrawingLocked: mDrawState=COMMIT_DRAW_PENDING Window{e4be31b u0 com.miui.home/com.miui.home.launcher.Launcher} in Surface(name=com.miui.home/com.miui.home.launcher.Launcher#19036)/@0x3241023
10-10 12:39:41.743  1902  1939 I SmartPower: com.miui.home/10085(3001): invisible->visible(147ms) R(become visible) adj=0.
10-10 12:39:41.743  1902  1939 W WindowManager: real show surface:Surface(name=LauncherOverlayWindow:com.mi.globalminusscreen#19034)/@0xcfd8fa2
10-10 12:39:41.744  1902  1939 W WindowManager: real show surface:Surface(name=com.miui.home/com.miui.home.launcher.Launcher#19036)/@0x3241023
10-10 12:39:41.744  1902  1939 D WindowManager: Final targets: [Task{57070cf #1 type=home}, Task{f5e62d8 #503 type=standard A=10190:com.android.chrome}, WallpaperWindowToken{c1b367d token=android.os.BinderProxy@48de4d4}, WallpaperWindowToken{b086f80 token=android.os.Binder@8a62403}]
10-10 12:39:41.763  1902  1939 D WindowManager: snapshot isNothing = false source = Task{f5e62d8 #503 type=standard A=10190:com.android.chrome}
10-10 12:39:41.765  1902  1939 D WindowManager: Calling onTransitionReady info={id=1144 t=OPEN f=0x0 trk=0 r=[0@Point(0, 0)] c=[{WCT{RemoteToken{1c71a03 Task{57070cf #1 type=home}}} m=TO_FRONT f=SHOW_WALLPAPER|MOVE_TO_TOP leash=Surface(name=Task=1#44)/@0xf3df733 sb=Rect(0, 0 - 1080, 2400) eb=Rect(0, 0 - 1080, 2400) d=0},{WCT{RemoteToken{3ba7095 Task{f5e62d8 #503 type=standard A=10190:com.android.chrome}}} m=TO_BACK f=NONE leash=Surface(name=Task=503#18946)/@0x7302d9e sb=Rect(0, 0 - 1080, 2400) eb=Rect(0, 0 - 1080, 2400) d=0},{null m=TO_FRONT f=IS_WALLPAPER leash=Surface(name=WallpaperWindowToken{c1b367d token=android.os.BinderProxy@48de4d4}#6790)/@0xd4e7a40 sb=Rect(0, 0 - 1080, 2400) eb=Rect(0, 0 - 1080, 2400) d=0},{null m=TO_FRONT f=IS_WALLPAPER leash=Surface(name=WallpaperWindowToken{b086f80 token=android.os.Binder@8a62403}#55)/@0x190a9b9 sb=Rect(0, 0 - 1080, 2400) eb=Rect(0, 0 - 1080, 2400) d=0}] noAni=[false] df=[false] mk=[true] nc=[0] oa=[false]}, mToken=Token{b46c04d TransitionRecord{6efb6b5 id=1144 type=OPEN flags=0x0}}
10-10 12:39:41.766  1902  1939 I BLASTSyncEngine: finishNow: after onTransactionReady, mSyncId=1144
10-10 12:39:41.769  1902  1902 D MBrainLocalService: isVendorFreezeConditionPass is false
10-10 12:39:41.769  1902  1902 E MBrainLocalService: notifyAppSwitch failed
10-10 12:39:41.774  2983  3075 D MiuiFullScreenTaskRepository: setFocusedTask taskId=1, displayId=0, topActivity=ComponentInfo{com.miui.home/com.miui.home.launcher.Launcher}
10-10 12:39:41.774  2983  3075 D MiuiFullScreenTaskRepository: addOrUpdateFullScreenTaskInfo taskId=1, topActivity=ComponentInfo{com.miui.home/com.miui.home.launcher.Launcher}
10-10 12:39:41.775  1902 15926 W WindowManager: finishDrawingWindow: Window{a23abef u0 LauncherMinusOneScreen} mDrawState=DRAW_PENDING
10-10 12:39:41.775  1902 15926 D WindowManager: wms.finishDrawingLocked: mDrawState=COMMIT_DRAW_PENDING Window{a23abef u0 LauncherMinusOneScreen} in Surface(name=LauncherMinusOneScreen#19035)/@0x74903ee
10-10 12:39:41.781  1902  1939 W WindowManager: real show surface:Surface(name=LauncherMinusOneScreen#19035)/@0x74903ee
10-10 12:39:41.782  1902  1936 E MBrainLocalService: MBrainJava launch failed: SecurityException
10-10 12:39:41.805  2983  2983 E onWindowDecorRectChanged: start size:0
10-10 12:39:41.807  1902  2776 W InputMethodManagerService: Clear show forced flag.
10-10 12:39:41.811  1902  2776 I WindowManager: cancelAnimation removed leash : Surface(name=Surface(name=6a76de5 InputMethod#123)/@0xf2bd99 - animation-leash of insets_animation#19031)/@0xc42db31
10-10 12:39:41.819  1902 23267 W PackageConfigPersister: App-specific configuration not found for packageName: com.miui.home and userId: 0
10-10 12:39:42.185  1902  2612 I ProcessManager: getRenderThreadTidByPid, caller=1902
10-10 12:39:42.274  1902  2612 I ProcessManager: getRenderThreadTidByPid, caller=1902
10-10 12:39:42.568  1902  2612 I ProcessManager: getRenderThreadTidByPid, caller=1902
10-10 12:39:42.572  1902 23267 D AccessibilityManagerService: changeCurrentUserForTestAutomationIfNeededLocked(0): ignoring because device doesn't support visible background users
10-10 12:39:42.572  1902 23267 I UiAutomationManager: Registering UiTestAutomationService (id=com.android.server.accessibility/UiAutomation) when called by user 0
10-10 12:39:42.575  1902 23267 W WindowMagnificationMgr: requestConnection duplicated request: connect=false, mConnectionState=DISCONNECTED
10-10 12:39:42.583  1902 15926 W WindowMagnificationMgr: requestConnection duplicated request: connect=false, mConnectionState=DISCONNECTED
10-10 12:39:42.589  1902  1902 D BatterySaverPolicy: accessibility changed to true, updating policy.
10-10 12:39:42.602  1902 15926 I PowerManagerServiceImpl: Acquire wakelock: SCREEN_DIM_WAKE_LOCK           'UiAutomator2:ScreenKeeper' (uid=10378 pid=18049 pkg=io.appium.uiautomator2.server)
10-10 12:39:42.621  1902  2612 I ProcessManager: getRenderThreadTidByPid, caller=1902
10-10 12:39:42.660  2983  3075 D SoScUtils: monitorTransitionFinished transition:android.os.BinderProxy@3156904 transaction: android.view.SurfaceControl$Transaction@5a89d5d mRequestCloseTransition:null mRequestOpenTransition:null mPairsOpenTransition:null mPairsOpenTransitionNull:null mRequestOpenTriggerTask:-1 mRequestCloseTriggerTask:-1 mOrientationTransition: null mMainStartingTask:-1 mSideStartingTask:-1
10-10 12:39:42.664  1902  1938 I SmartPower: com.android.chrome/10190(16597): visible->invisible(219829ms) R(become invisible) adj=200.
10-10 12:39:42.664  1902  1938 I SmartPower: com.android.chrome:privileged_process0/10190(16971): invisible->background(220067ms) R(become background) adj=200.
10-10 12:39:42.664  1902  1938 I SmartPower: com.android.chrome/10190(16597): invisible->background(0ms) R(become background) adj=200.
10-10 12:39:42.667  2983  3075 D MiuiFullScreenTaskRepository: addOrUpdateFullScreenTaskInfo taskId=503, topActivity=ComponentInfo{com.android.chrome/org.chromium.chrome.browser.ChromeTabbedActivity}
10-10 12:39:42.669  1902  2323 D CompatibilityChangeReporter: Compat change id reported: 265195908; UID 10190; state: ENABLED
10-10 12:39:42.722  1902  1936 D Aurogon :  uid = 10190 switch to BG
10-10 12:39:42.722  1902  2600 D isUidValid: uid = 10190
10-10 12:39:42.792  1902  2612 D SchedBoost: stopBoostInternal
10-10 12:39:42.798  1902 15926 W WindowMagnificationMgr: requestConnection duplicated request: connect=false, mConnectionState=DISCONNECTED
10-10 12:39:42.928  1902  2612 I ProcessManager: getRenderThreadTidByPid, caller=1902
10-10 12:39:42.980  1902  2612 I ProcessManager: getRenderThreadTidByPid, caller=1902
10-10 12:39:42.999  1902 15926 I ActivityManager: Force stopping eu.europa.ec.euidi appid=10390 user=0: from process:18115
10-10 12:39:43.002  1902 15926 I AppsFilter: interaction: PackageSetting{1141c0b com.android.microdroid.empty_payload/10336} -> PackageSetting{aa17a70 eu.europa.ec.euidi/10390} BLOCKED
10-10 12:39:43.003  1902 15926 I AppsFilter: interaction: PackageSetting{2f03501 io.appium.uiautomator2.server.test/10379} -> PackageSetting{aa17a70 eu.europa.ec.euidi/10390} BLOCKED
10-10 12:39:43.003  1902 15926 I AppsFilter: interaction: PackageSetting{330fa6 com.fido.asm/10112} -> PackageSetting{aa17a70 eu.europa.ec.euidi/10390} BLOCKED
10-10 12:39:43.003  1902 15926 I AppsFilter: interaction: PackageSetting{4e66de7 io.appium.uiautomator2.server/10378} -> PackageSetting{aa17a70 eu.europa.ec.euidi/10390} BLOCKED
10-10 12:39:43.003  1902 15926 I AppsFilter: interaction: PackageSetting{3435d94 io.appium.settings/10326} -> PackageSetting{aa17a70 eu.europa.ec.euidi/10390} BLOCKED
10-10 12:39:43.035  1902  4160 D VibratorManagerService: Starting vibrate for vibration 1205
10-10 12:39:43.036  1902  4160 D VibratorManagerServiceImpl: attrs = VibrationAttributes: Usage=TOUCH Audio Usage= USAGE_UNKNOWN Flags=0, attrs.usage = 18
10-10 12:39:43.037  1902  4160 E VibratorManagerServiceImpl: skipandroid.os.RemoteException: Method setUsageExt is unimplemented.
10-10 12:39:43.054  1902  1967 I ProcessSceneCleaner: SwipeUpClean: kill procName=com.android.chrome info=AS:90519
10-10 12:39:43.054  1902  1967 I ActivityManager: Killing 16597:com.android.chrome/u0a190 (adj 905): SwipeUpClean
10-10 12:39:43.055  1902  1967 I ProcessSceneCleaner: SwipeUpClean: kill procName=com.android.chrome:privileged_process0 info=AS:90519
10-10 12:39:43.055  1902  1967 I ActivityManager: Killing 16971:com.android.chrome:privileged_process0/u0a190 (adj 905): SwipeUpClean
10-10 12:39:43.070  2983  3075 D MiuiFullScreenTaskRepository: setFocusedTask taskId=1, displayId=0, topActivity=ComponentInfo{com.miui.home/com.miui.home.launcher.Launcher}
10-10 12:39:43.070  2983  3075 D MiuiFullScreenTaskRepository: addOrUpdateFullScreenTaskInfo taskId=1, topActivity=ComponentInfo{com.miui.home/com.miui.home.launcher.Launcher}
10-10 12:39:43.110  1902  2334 D VibratorManagerService: Vibration 1205 finished with EndInfo{status=FINISHED, endedBy=null}
10-10 12:39:43.110  1902 23267 D VibratorManagerService: Vibration 1205 on vibrator 0 complete, notifying thread
10-10 12:39:43.110  1902  2334 D VibratorManagerService: Reporting vibration 1205 finished with EndInfo{status=FINISHED, endedBy=null}
10-10 12:39:43.110  1902  2334 D VibratorManagerService: Vibration for uid=1000 and with attrs=VibrationAttributes: Usage=TOUCH Audio Usage= USAGE_UNKNOWN Flags=0 ended with status FINISHED
10-10 12:39:43.111  1902  2334 D VibratorManagerService: VibrationThread released after finished vibration
10-10 12:39:43.111  1902  2334 D VibratorManagerService: Processing VibrationThread released callback
10-10 12:39:43.140  1902  2611 E ProcessManager: error write exception log
10-10 12:39:43.141  1902 23265 W ActivityManager: Failure disconnecting service com.android.chrome/org.chromium.content.app.PrivilegedProcessService0 to connection android.os.BinderProxy@f7dae70 (in com.android.chrome)
10-10 12:39:43.141  1902 23265 W ActivityManager: android.os.DeadObjectException
10-10 12:39:43.141  1902 23265 W ActivityManager: 	at android.os.BinderProxy.transactNative(Native Method)
10-10 12:39:43.141  1902 23265 W ActivityManager: 	at android.os.BinderProxy.transact(BinderProxy.java:639)
10-10 12:39:43.141  1902 23265 W ActivityManager: 	at android.app.IServiceConnection$Stub$Proxy.connected(IServiceConnection.java:124)
10-10 12:39:43.141  1902 23265 W ActivityManager: 	at com.android.server.am.ActiveServices.bringDownServiceLocked(ActiveServices.java:5807)
10-10 12:39:43.141  1902 23265 W ActivityManager: 	at com.android.server.am.ActiveServices.killServicesLocked(ActiveServices.java:6822)
10-10 12:39:43.141  1902 23265 W ActivityManager: 	at com.android.server.am.ActivityManagerService.cleanUpApplicationRecordLocked(ActivityManagerService.java:13812)
10-10 12:39:43.141  1902 23265 W ActivityManager: 	at com.android.server.am.ActivityManagerService.handleAppDiedLocked(ActivityManagerService.java:3580)
10-10 12:39:43.141  1902 23265 W ActivityManager: 	at com.android.server.am.ActivityManagerService.appDiedLocked(ActivityManagerService.java:3744)
10-10 12:39:43.141  1902 23265 W ActivityManager: 	at com.android.server.am.ActivityManagerService$AppDeathRecipient.binderDied(ActivityManagerService.java:1700)
10-10 12:39:43.141  1902 23265 W ActivityManager: 	at android.os.IBinder$DeathRecipient.binderDied(IBinder.java:319)
10-10 12:39:43.141  1902 23265 W ActivityManager: 	at android.os.BinderProxy.sendDeathNotice(BinderProxy.java:762)
10-10 12:39:43.141  1902 23265 W ActivityManager: Failure disconnecting service com.android.chrome/org.chromium.content.app.PrivilegedProcessService0 to connection android.os.BinderProxy@b11ac58 (in com.android.chrome)
10-10 12:39:43.141  1902 23265 W ActivityManager: android.os.DeadObjectException
10-10 12:39:43.141  1902 23265 W ActivityManager: 	at android.os.BinderProxy.transactNative(Native Method)
10-10 12:39:43.141  1902 23265 W ActivityManager: 	at android.os.BinderProxy.transact(BinderProxy.java:639)
10-10 12:39:43.141  1902 23265 W ActivityManager: 	at android.app.IServiceConnection$Stub$Proxy.connected(IServiceConnection.java:124)
10-10 12:39:43.141  1902 23265 W ActivityManager: 	at com.android.server.am.ActiveServices.bringDownServiceLocked(ActiveServices.java:5807)
10-10 12:39:43.141  1902 23265 W ActivityManager: 	at com.android.server.am.ActiveServices.killServicesLocked(ActiveServices.java:6822)
10-10 12:39:43.141  1902 23265 W ActivityManager: 	at com.android.server.am.ActivityManagerService.cleanUpApplicationRecordLocked(ActivityManagerService.java:13812)
10-10 12:39:43.141  1902 23265 W ActivityManager: 	at com.android.server.am.ActivityManagerService.handleAppDiedLocked(ActivityManagerService.java:3580)
10-10 12:39:43.141  1902 23265 W ActivityManager: 	at com.android.server.am.ActivityManagerService.appDiedLocked(ActivityManagerService.java:3744)
10-10 12:39:43.141  1902 23265 W ActivityManager: 	at com.android.server.am.ActivityManagerService$AppDeathRecipient.binderDied(ActivityManagerService.java:1700)
10-10 12:39:43.141  1902 23265 W ActivityManager: 	at android.os.IBinder$DeathRecipient.binderDied(IBinder.java:319)
10-10 12:39:43.141  1902 23265 W ActivityManager: 	at android.os.BinderProxy.sendDeathNotice(BinderProxy.java:762)
10-10 12:39:43.154  1902  3984 I WindowManager: WIN DEATH: Window{5b3462d u0 com.android.chrome/org.chromium.chrome.browser.ChromeTabbedActivity}
10-10 12:39:43.156  1902  3984 D WindowManager: setParent old=ActivityRecord{f88edbb u0 com.android.chrome/org.chromium.chrome.browser.ChromeTabbedActivity t503 f}},new=null,this window=Window{5b3462d u0 com.android.chrome/org.chromium.chrome.browser.ChromeTabbedActivity},callers=com.android.server.wm.WindowContainer.removeChild:840 com.android.server.wm.ActivityRecord.removeChild:5227 com.android.server.wm.ActivityRecord.removeChild:470 com.android.server.wm.WindowContainer.removeImmediately:898 com.android.server.wm.WindowState.removeImmediately:2538 com.android.server.wm.WindowState.removeIfPossible:2719 
10-10 12:39:43.156  1902  2611 E ProcessManager: error write exception log
10-10 12:39:43.161  1902 23268 I SmartPower: com.android.vending/10184(22135): idle->background(249050ms) R(service unbind com.android.vending/com.google.android.finsky.setup.dse.impl.DseService) adj=0.
10-10 12:39:43.163  1902 23268 D WindowManager: setParent old=Task{f5e62d8 #503 type=standard A=10190:com.android.chrome},new=null,this window=ActivityRecord{f88edbb u0 com.android.chrome/org.chromium.chrome.browser.ChromeTabbedActivity t503 f}},callers=com.android.server.wm.WindowContainer.removeChild:840 com.android.server.wm.TaskFragment.removeChild:3119 com.android.server.wm.Task.removeChild:1822 com.android.server.wm.Task.removeChild:1802 com.android.server.wm.WindowContainer.removeImmediately:898 com.android.server.wm.WindowToken.removeImmediately:376 
10-10 12:39:43.164  1902 23268 D WindowManager: setParent old=DefaultTaskDisplayArea@126197207,new=null,this window=Task{f5e62d8 #503 type=standard A=10190:com.android.chrome},callers=com.android.server.wm.WindowContainer.removeChild:840 com.android.server.wm.TaskDisplayArea.removeChildTask:359 com.android.server.wm.TaskDisplayArea.removeChild:350 com.android.server.wm.WindowContainer.removeImmediately:898 com.android.server.wm.TaskFragment.removeImmediately:3203 com.android.server.wm.Task.removeImmediately:3222 
10-10 12:39:43.165  1902  1936 D DisplayManagerService: Drop pending events for gone uid 10190
10-10 12:39:43.168  1902  1938 W ActivityManager: setHasOverlayUi called on unknown pid: 16597
10-10 12:39:43.168  1902  2322 W UsageStatsService: Unexpected activity event reported! (com.android.chrome/org.chromium.chrome.browser.ChromeTabbedActivity event : 23 instanceId : 140383793)
10-10 12:39:43.170  1902  1939 W ActivityTaskManager: Can't find TaskDisplayArea to determine support for multi window. Task id=503 attached=false
10-10 12:39:43.171  2983  3075 D MiuiFullScreenTaskRepository: removeFullScreenTask taskId=503, topActivity=null
10-10 12:39:43.171  2983  3075 D MiuiWindowDecorViewModel: destroyWindowDecoration: taskId=503, windowingMode=1, mWindowDecorByTaskId.size()=0, callers=com.android.wm.shell.fullscreen.FullscreenTaskListener.onTaskVanished:143 com.android.wm.shell.ShellTaskOrganizer.onTaskVanished:138 android.window.TaskOrganizer$1.lambda$onTaskVanished$6:398 android.window.TaskOrganizer$1.$r8$lambda$z23H3L3GZav04D10kA3vkevrglg:0 android.window.TaskOrganizer$1$$ExternalSyntheticLambda14.run:4 
10-10 12:39:43.256  1902 15926 W ActivityTaskManager: callingPackage for (uid=2000, pid=18115) has no WPC
10-10 12:39:43.259  1902 15926 D WindowManager: Collecting in transition 1145: ActivityRecord{12db44f u0 eu.europa.ec.euidi/eu.europa.ec.assemblylogic.ui.MainActivity init visibleRequested:false
10-10 12:39:43.259  1902 15926 D MiuiFreeFormManagerService: activeOrFullscreenFreeformTaskIfNeed startDefaultAr:true
10-10 12:39:43.261  2983  3075 D OneHandedController: stopOneHanded state is 0
10-10 12:39:43.262  1902 15926 D WindowManager: setLockTaskAuth: task=Task{18007dc #505 type=standard A=10390:eu.europa.ec.euidi} mLockTaskAuth=LOCK_TASK_AUTH_PINNABLE
10-10 12:39:43.262  1902 15926 D WindowManager: Collecting in transition 1145: Task{18007dc #505 type=standard A=10390:eu.europa.ec.euidi} init visibleRequested:false
10-10 12:39:43.263  1902 15926 D CompatibilityChangeReporter: Compat change id reported: 184838306; UID 10390; state: DISABLED
10-10 12:39:43.263  1902 15926 D CompatibilityChangeReporter: Compat change id reported: 185004937; UID 10390; state: DISABLED
10-10 12:39:43.264  1902 15926 D WindowManager: setLockTaskAuth: task=Task{18007dc #505 type=standard A=10390:eu.europa.ec.euidi} mLockTaskAuth=LOCK_TASK_AUTH_PINNABLE
10-10 12:39:43.264  1902 15926 D MiuiFreeFormManagerService: onStartActivityInner as = Task{18007dc #505 type=standard A=10390:eu.europa.ec.euidi} op = null
10-10 12:39:43.265  1902 15926 D ActivityTaskManager: Task#startActivityLocked isOrhasTask=true newTask=true
10-10 12:39:43.266  1902 15926 D CompatibilityChangeReporter: Compat change id reported: 205907456; UID 10390; state: ENABLED
10-10 12:39:43.268  1902 15926 D WindowManager: Collecting in transition 1145: ActivityRecord{12db44f u0 eu.europa.ec.euidi/eu.europa.ec.assemblylogic.ui.MainActivity t505} init visibleRequested:false
10-10 12:39:43.268  1902 15926 D WindowManager: Requesting StartTransition: TransitionRecord{751a7ba id=1145 type=OPEN flags=0x0}
10-10 12:39:43.268  2983  3147 D TaskSnapshot_Helper: SYS is normal.
10-10 12:39:43.269  1902 15926 I ActivityTaskManager: START u0 {act=android.intent.action.MAIN cat=[android.intent.category.LAUNCHER] flg=0x10200000 cmp=eu.europa.ec.euidi/eu.europa.ec.assemblylogic.ui.MainActivity} with LAUNCH_SINGLE_TASK from uid 2000 (BAL_ALLOW_PERMISSION) result code=0
10-10 12:39:43.271  2983  3075 I SoScUtils: monitorTransitionRequest mRequestOpenTransition:null mRequestOpenTriggerTask:-1 mRequestCloseTransition:null mRequestCloseTriggerTask:-1 mRequestCloseStageType:-1
10-10 12:39:43.273  1902 23265 D WindowManager: Collecting in transition 1145: ActivityRecord{12db44f u0 eu.europa.ec.euidi/eu.europa.ec.assemblylogic.ui.MainActivity t505} init visibleRequested:false
10-10 12:39:43.273  1902 23265 D WindowManager: Collecting in transition 1145: ActivityRecord{3754c30 u0 com.miui.home/.launcher.Launcher t2} init visibleRequested:true
10-10 12:39:43.274  1902 23265 D WindowManager: Collecting in transition 1145: WallpaperWindowToken{b086f80 token=android.os.Binder@8a62403} init visibleRequested:true
10-10 12:39:43.274  1902 23265 D WindowManager: Collecting in transition 1145: WallpaperWindowToken{c1b367d token=android.os.BinderProxy@48de4d4} init visibleRequested:true
10-10 12:39:43.275  1902  1939 D WindowManager: wms.Focus not requested for window=Window{e4be31b u0 com.miui.home/com.miui.home.launcher.Launcher} because it has no surface or is not focusable.
10-10 12:39:43.280  1902  1939 D WindowManager: wms.Focus not requested for window=Window{e4be31b u0 com.miui.home/com.miui.home.launcher.Launcher} because it has no surface or is not focusable.
10-10 12:39:43.281  1902 23268 D WindowManager: Set transition=TransitionRecord{751a7ba id=1145 type=OPEN flags=0x0}, ready=false, SyncId=1145 used=true, override=false, defer=0, states=Display{#0 state=ON size=1080x2400 ROTATION_0}:false
10-10 12:39:43.283  2983  3075 D OneHandedController: stopOneHanded state is 0
10-10 12:39:43.284  2983  3075 D OneHandedController: stopOneHanded state is 0
10-10 12:39:43.288  1902 22706 D CoreBackPreview: Window{af3c5c8 u0 Splash Screen eu.europa.ec.euidi}: Setting back callback OnBackInvokedCallbackInfo{mCallback=android.window.IOnBackInvokedCallback$Stub$Proxy@428f79d, mPriority=0, mIsAnimationCallback=false}
10-10 12:39:43.288  1902  1938 D CompatibilityChangeReporter: Compat change id reported: 135634846; UID 10390; state: DISABLED
10-10 12:39:43.288  1902  1938 D CompatibilityChangeReporter: Compat change id reported: 177438394; UID 10390; state: DISABLED
10-10 12:39:43.288  1902  1938 D CompatibilityChangeReporter: Compat change id reported: 135772972; UID 10390; state: DISABLED
10-10 12:39:43.288  1902  1938 D CompatibilityChangeReporter: Compat change id reported: 135754954; UID 10390; state: ENABLED
10-10 12:39:43.289  1902  1955 D CompatibilityChangeReporter: Compat change id reported: 143937733; UID 10390; state: ENABLED
10-10 12:39:43.296  1902  1955 I ActivityManager: Start proc 18130:eu.europa.ec.euidi/u0a390 for next-top-activity {eu.europa.ec.euidi/eu.europa.ec.assemblylogic.ui.MainActivity} caller=com.android.shell
10-10 12:39:43.299  1902 23268 W WindowManager: Changing focus from Window{e4be31b u0 com.miui.home/com.miui.home.launcher.Launcher} to null displayId=0 Callers=com.android.server.wm.RootWindowContainer.updateFocusedWindowLocked:557 com.android.server.wm.WindowManagerService.updateFocusedWindowLocked:6962 com.android.server.wm.WindowManagerService.relayoutWindow:2951 com.android.server.wm.Session.relayout:266 
10-10 12:39:43.300  1902 23268 D WindowManager: wms.Input focus has changed to null display=0 updateInputWindows = true
10-10 12:39:43.300  1902 23268 I MultiSenceManagerInternalStub: getInstance
10-10 12:39:43.308  1902  1938 D SchedBoost: com.miui.home boosting, skip reset priority
10-10 12:39:43.308  1902  1938 D SchedBoost: com.google.android.adservices.api boosting, skip reset priority
10-10 12:39:43.309  1902  1938 D SchedBoost: com.google.android.webview:sandboxed_process0:org.chromium.content.app.SandboxedProcessService0:0 boosting, skip reset priority
10-10 12:39:43.311  1902  1936 E MBrainLocalService: MBrainJava launch failed: SecurityException
10-10 12:39:43.318  1902 22715 W WindowManager: finishDrawingWindow: Window{af3c5c8 u0 Splash Screen eu.europa.ec.euidi} mDrawState=DRAW_PENDING
10-10 12:39:43.319  1902  1939 D WindowManager: Set transition=TransitionRecord{751a7ba id=1145 type=OPEN flags=0x0}, ready=true, SyncId=1145 
10-10 12:39:43.320  1902  1939 I SmartPower: eu.europa.ec.euidi/10390(0): died->visible(4295ms) R(become visible) adj=-10000.
10-10 12:39:43.320  1902  1939 W WindowManager: real show surface:Surface(name=Splash Screen eu.europa.ec.euidi#19052)/@0x8f817e3
10-10 12:39:43.320  1902  1939 D WindowManager: Final targets: [Task{18007dc #505 type=standard A=10390:eu.europa.ec.euidi}, Task{57070cf #1 type=home}]
10-10 12:39:43.322  1902  1939 D WindowManager: Calling onTransitionReady info={id=1145 t=OPEN f=0x0 trk=0 r=[0@Point(0, 0)] c=[{WCT{RemoteToken{e43736a Task{18007dc #505 type=standard A=10390:eu.europa.ec.euidi}}} m=OPEN f=NONE leash=Surface(name=Task=505#19049)/@0xc0a4f3f sb=Rect(0, 0 - 1080, 2400) eb=Rect(0, 0 - 1080, 2400) d=0},{WCT{RemoteToken{1c71a03 Task{57070cf #1 type=home}}} m=TO_BACK f=SHOW_WALLPAPER leash=Surface(name=Task=1#44)/@0xf3df733 sb=Rect(0, 0 - 1080, 2400) eb=Rect(0, 0 - 1080, 2400) d=0}] noAni=[false] df=[false] mk=[true] nc=[0] oa=[false]}, mToken=Token{ddea05b TransitionRecord{751a7ba id=1145 type=OPEN flags=0x0}}
10-10 12:39:43.323  1902  1939 I BLASTSyncEngine: finishNow: after onTransactionReady, mSyncId=1145
10-10 12:39:43.323  1902  1939 I WindowManager: cancelAnimation removed leash : Surface(name=Surface(name=81266ae StatusBar#86)/@0xb48dfdc - animation-leash of insets_animation#19037)/@0x157b920
10-10 12:39:43.325  1902  1939 I WindowManager: cancelAnimation removed leash : Surface(name=Surface(name=db27a2 NavigationBar0#82)/@0xc1acbf0 - animation-leash of insets_animation#19038)/@0xb81c2d9
10-10 12:39:43.325  2983  3075 D MiuiFreeformAnimation: startAnimation change: {WCT{android.window.IWindowContainerToken$Stub$Proxy@8b307d0} m=OPEN f=NONE leash=Surface(name=Task=505#19049)/@0x5f097cd sb=Rect(0, 0 - 1080, 2400) eb=Rect(0, 0 - 1080, 2400) d=0} info.getType(): 1
10-10 12:39:43.325  2983  3075 I MiuiFreeformAnimation: isLaunchWidgetPicker=false,taskInfo.getWindowingMode()=1, taskInfo.getActivityType()=1
10-10 12:39:43.325  2983  3075 D MiuiFreeformAnimation: startAnimation change: {WCT{android.window.IWindowContainerToken$Stub$Proxy@b7be3c9} m=TO_BACK f=SHOW_WALLPAPER leash=Surface(name=Task=1#44)/@0xb3f4882 sb=Rect(0, 0 - 1080, 2400) eb=Rect(0, 0 - 1080, 2400) d=0} info.getType(): 1
10-10 12:39:43.325  2983  3075 W MiuiTaskTransitionHandler: Receive an unknown transition, token=android.os.BinderProxy@38893a3, type=1
10-10 12:39:43.326  2983  3075 D TransitionAnimationHelper:  load default animation  type = 1 enter = false animAttr = 19 isTask = true translucent = false
10-10 12:39:43.326  2983  3075 D TransitionAnimationHelper:  load default animation  type = 1 enter = true animAttr = 18 isTask = true translucent = false
10-10 12:39:43.327  2983  3092 D ShellTransitions: speed ui!!!!!!!!!!!
10-10 12:39:43.329  2983  3075 D MiuiFullScreenTaskRepository: addOrUpdateFullScreenTaskInfo taskId=505, topActivity=ComponentInfo{eu.europa.ec.euidi/eu.europa.ec.assemblylogic.ui.MainActivity}
10-10 12:39:43.330  2983  2983 E onWindowDecorRectChanged: start size:1
10-10 12:39:43.330  2983  2983 E onWindowDecorRectChanged: windowDecorRects: Rect(454, 12 - 625, 123)
10-10 12:39:43.330  1556  1556 I wificond: station_bandwidth: 
10-10 12:39:43.333  2983  3075 D SoScUtils: monitorTransitionFinished transition:android.os.BinderProxy@38893a3 transaction: android.view.SurfaceControl$Transaction@4c72be7 mRequestCloseTransition:null mRequestOpenTransition:null mPairsOpenTransition:null mPairsOpenTransitionNull:null mRequestOpenTriggerTask:-1 mRequestCloseTriggerTask:-1 mOrientationTransition: null mMainStartingTask:-1 mSideStartingTask:-1
10-10 12:39:43.350  2983  3075 D MiuiFullScreenTaskRepository: setFocusedTask taskId=1, displayId=0, topActivity=ComponentInfo{com.miui.home/com.miui.home.launcher.Launcher}
10-10 12:39:43.350  2983  3075 D MiuiFullScreenTaskRepository: addOrUpdateFullScreenTaskInfo taskId=1, topActivity=ComponentInfo{com.miui.home/com.miui.home.launcher.Launcher}
10-10 12:39:43.352  1902 23268 I SmartPower: com.mi.globalminusscreen/10076(31794): visible->invisible(1678ms) R(become invisible) adj=100.
10-10 12:39:43.352  1902 23268 I SmartPower: com.mi.globalminusscreen/10076(31794): invisible->background(0ms) R(become background) adj=100.
10-10 12:39:43.353  1902  2620 I SmartPower: com.google.android.webview:sandboxed_process0:org.chromium.content.app.SandboxedPridle->background(214864ms) R(add to whitelist) adj=100.
10-10 12:39:43.353  1902 23268 I SmartPower: com.miui.home/10085(3001): visible->invisible(1611ms) R(become invisible) adj=100.
10-10 12:39:43.354  1902 23268 I SmartPower: com.miui.home/10085(3001): invisible->background(0ms) R(become background) adj=100.
10-10 12:39:43.363  1902 23265 W MiuiBoosterUtils: enable_miuibooster_launch : false
10-10 12:39:43.363  1902  4160 I SmartPower: com.google.android.googlequicksearchbox:googleapp/10188(19209): visible->invisible(1685ms) R(become invisible) adj=100.
10-10 12:39:43.363  1902  4160 I SmartPower: com.google.android.googlequicksearchbox:search/10188(19180): invisible->background(1685ms) R(become background) adj=800.
10-10 12:39:43.363  1902  4160 I SmartPower: com.google.android.googlequicksearchbox:googleapp/10188(19209): invisible->background(0ms) R(become background) adj=100.
10-10 12:39:43.363  1902  4160 I SmartPower: com.google.android.googlequicksearchbox:interactor/10188(19230): invisible->background(1685ms) R(become background) adj=100.
10-10 12:39:43.367  1902  1902 D MBrainLocalService: isVendorFreezeConditionPass is false
10-10 12:39:43.367  1902  1902 E MBrainLocalService: notifyAppSwitch failed
10-10 12:39:43.367  2983  3075 D MiuiFullScreenTaskRepository: addOrUpdateFullScreenTaskInfo taskId=505, topActivity=ComponentInfo{eu.europa.ec.euidi/eu.europa.ec.assemblylogic.ui.MainActivity}
10-10 12:39:43.367  1902 23265 D WindowManagerService: checkFlipFullScreenChange is same, nowIsFullScreen = false
10-10 12:39:43.372  1902  1936 E MBrainLocalService: MBrainJava launch failed: SecurityException
10-10 12:39:43.372  1902  2600 D isUidValid: uid = 10390
10-10 12:39:43.372  1902  1936 D Aurogon :  uid = 10390 switch to FG
10-10 12:39:43.374  2983  3075 D MiuiFullScreenTaskRepository: removeFocusedTask displayId=0
10-10 12:39:43.374  2983  3075 D MiuiFullScreenTaskRepository: addOrUpdateFullScreenTaskInfo taskId=1, topActivity=ComponentInfo{com.miui.home/com.miui.home.launcher.Launcher}
10-10 12:39:43.374  2983  3075 D MiuiFullScreenTaskRepository: setFocusedTask taskId=505, displayId=0, topActivity=ComponentInfo{eu.europa.ec.euidi/eu.europa.ec.assemblylogic.ui.MainActivity}
10-10 12:39:43.374  2983  3075 D MiuiFullScreenTaskRepository: addOrUpdateFullScreenTaskInfo taskId=505, topActivity=ComponentInfo{eu.europa.ec.euidi/eu.europa.ec.assemblylogic.ui.MainActivity}
10-10 12:39:43.374  1902  3984 D CompatibilityChangeReporter: Compat change id reported: 170503758; UID 10390; state: ENABLED
10-10 12:39:43.374  2983  3075 D MiuiDesktopModeController: onFocusTaskChanged newFocus: TaskInfo{userId=0 taskId=505 displayId=0 isRunning=true baseIntent=Intent { act=android.intent.action.MAIN cat=[android.intent.category.LAUNCHER] flg=0x10200000 cmp=eu.europa.ec.euidi/eu.europa.ec.assemblylogic.ui.MainActivity } baseActivity=ComponentInfo{eu.europa.ec.euidi/eu.europa.ec.assemblylogic.ui.MainActivity} topActivity=ComponentInfo{eu.europa.ec.euidi/eu.europa.ec.assemblylogic.ui.MainActivity} origActivity=null realActivity=ComponentInfo{eu.europa.ec.euidi/eu.europa.ec.assemblylogic.ui.MainActivity} numActivities=1 lastActiveTime=900254053 supportsSplitScreenMultiWindow=true supportsMultiWindow=true resizeMode=1 isResizeable=true minWidth=-1 minHeight=-1 defaultMinSize=200 token=WCT{android.window.IWindowContainerToken$Stub$Proxy@3d84394} topActivityType=1 pictureInPictureParams=null shouldDockBigOverlays=false launchIntoPipHostTaskId=-1 lastParentTaskIdBeforePip=-1 displayCutoutSafeInsets=Rect(0, 94 - 0, 0) topActivityInfo=ActivityInfo{240e3d eu.europa.ec.assemblylogic.ui.MainActivity} launchCookies=[] positionInParent=Point(0, 0) parentTaskId=-1 isFocused=true isVisible=true isVisibleRequested=true isSleeping=false topActivityInSizeCompat=false topActivityEligibleForLetterboxEducation= false topActivityLetterboxed= false isFromDoubleTap= false topActivityLetterboxVerticalPosition= -1 topActivityLetterboxHorizontalPosition= -1 topActivityLetterboxWidth=-1 topActivityLetterboxHeight=-1 locusId=null displayAreaFeatureId=1 cameraCompatControlState=hidden mIsCastMode=false mTopActivityMediaSize=null mTopActivityRecordName=ActivityRecord{12db44f u0 eu.europa.ec.euidi/eu.europa.ec.assemblylogic.ui.MainActivity t505} mTopActivityOrientation=1 mTopActivityWindowIsNowVisible=false isTranslucent=false isEmbedded=false shouldBeVisible=true isImmersive=false mBehindAppLockPkg=null mOriginatingUid=0}
10-10 12:39:43.375  2983  3075 D MiuiFreeformModeController: onFocusTaskChanged taskInfo: TaskInfo{userId=0 taskId=505 displayId=0 isRunning=true baseIntent=Intent { act=android.intent.action.MAIN cat=[android.intent.category.LAUNCHER] flg=0x10200000 cmp=eu.europa.ec.euidi/eu.europa.ec.assemblylogic.ui.MainActivity } baseActivity=ComponentInfo{eu.europa.ec.euidi/eu.europa.ec.assemblylogic.ui.MainActivity} topActivity=ComponentInfo{eu.europa.ec.euidi/eu.europa.ec.assemblylogic.ui.MainActivity} origActivity=null realActivity=ComponentInfo{eu.europa.ec.euidi/eu.europa.ec.assemblylogic.ui.MainActivity} numActivities=1 lastActiveTime=900254053 supportsSplitScreenMultiWindow=true supportsMultiWindow=true resizeMode=1 isResizeable=true minWidth=-1 minHeight=-1 defaultMinSize=200 token=WCT{android.window.IWindowContainerToken$Stub$Proxy@3d84394} topActivityType=1 pictureInPictureParams=null shouldDockBigOverlays=false launchIntoPipHostTaskId=-1 lastParentTaskIdBeforePip=-1 displayCutoutSafeInsets=Rect(0, 94 - 0, 0) topActivityInfo=ActivityInfo{240e3d eu.europa.ec.assemblylogic.ui.MainActivity} launchCookies=[] positionInParent=Point(0, 0) parentTaskId=-1 isFocused=true isVisible=true isVisibleRequested=true isSleeping=false topActivityInSizeCompat=false topActivityEligibleForLetterboxEducation= false topActivityLetterboxed= false isFromDoubleTap= false topActivityLetterboxVerticalPosition= -1 topActivityLetterboxHorizontalPosition= -1 topActivityLetterboxWidth=-1 topActivityLetterboxHeight=-1 locusId=null displayAreaFeatureId=1 cameraCompatControlState=hidden mIsCastMode=false mTopActivityMediaSize=null mTopActivityRecordName=ActivityRecord{12db44f u0 eu.europa.ec.euidi/eu.europa.ec.assemblylogic.ui.MainActivity t505} mTopActivityOrientation=1 mTopActivityWindowIsNowVisible=false isTranslucent=false isEmbedded=false shouldBeVisible=true isImmersive=false mBehindAppLockPkg=null mOriginatingUid=0}
10-10 12:39:43.385  1902  2323 D CompatibilityChangeReporter: Compat change id reported: 218533173; UID 10390; state: ENABLED
10-10 12:39:43.385  1902  2323 D CompatibilityChangeReporter: Compat change id reported: 262645982; UID 10390; state: ENABLED
10-10 12:39:43.399 18130 18130 D ActivityThread: useGrowthLimitOutExpendMethod invoke error.
10-10 12:39:43.411 18130 18130 D MbrainDebugManagerImpl: getService failed
10-10 12:39:43.422  1902  4160 I ActivityManager: Flag disabled. Ignoring finishAttachApplication from uid: 10390. pid: 18130
10-10 12:39:43.460 18130 18130 D FramePredict: FramePredict init: false
10-10 12:39:43.460 18130 18130 D FramePredict: init success
