10-10 12:45:05.262  1902  3317 I AppsFilter: interaction: PackageSetting{4e66de7 io.appium.uiautomator2.server/10378} -> PackageSetting{3dea104 com.orange.aura.oobe/10176} BLOCKED
10-10 12:45:05.262  1902  3317 I AppsFilter: interaction: PackageSetting{4e66de7 io.appium.uiautomator2.server/10378} -> PackageSetting{7f1f6ed com.xiaomi.smarthome/10342} BLOCKED
10-10 12:45:05.262  1902  3317 I AppsFilter: interaction: PackageSetting{4e66de7 io.appium.uiautomator2.server/10378} -> PackageSetting{3908922 com.google.android.apps.magazines/10240} BLOCKED
10-10 12:45:05.262  1902  3317 I AppsFilter: interaction: PackageSetting{4e66de7 io.appium.uiautomator2.server/10378} -> PackageSetting{9eefb3 com.google.android.apps.adm/10262} BLOCKED
10-10 12:45:05.262  1902  3317 I AppsFilter: interaction: PackageSetting{4e66de7 io.appium.uiautomator2.server/10378} -> PackageSetting{826c970 com.android.wallpaperpicker/10200} BLOCKED
10-10 12:45:05.262  1902  3317 I AppsFilter: interaction: PackageSetting{4e66de7 io.appium.uiautomator2.server/10378} -> PackageSetting{a948bf9 com.android.internal.systemui.navbar.gestural_narrow_back/10043} BLOCKED
10-10 12:45:05.262  1902  3317 I AppsFilter: interaction: PackageSetting{4e66de7 io.appium.uiautomator2.server/10378} -> PackageSetting{68414e9 com.google.android.photopicker/10011} BLOCKED
10-10 12:45:05.262  1902  3317 I AppsFilter: interaction: PackageSetting{4e66de7 io.appium.uiautomator2.server/10378} -> PackageSetting{9d2156e com.microsoft.teams/10321} BLOCKED
10-10 12:45:05.262  1902  3317 I AppsFilter: interaction: PackageSetting{4e66de7 io.appium.uiautomator2.server/10378} -> PackageSetting{20ed40f com.miui.core/10152} BLOCKED
10-10 12:45:05.262  1902  3317 I AppsFilter: interaction: PackageSetting{4e66de7 io.appium.uiautomator2.server/10378} -> PackageSetting{7870c9c com.google.android.inputmethod.latin/10196} BLOCKED
10-10 12:45:05.262  1902  3317 I AppsFilter: interaction: PackageSetting{4e66de7 io.appium.uiautomator2.server/10378} -> PackageSetting{70016a5 com.google.android.apps.restore/10174} BLOCKED
10-10 12:45:05.264  1902  3317 I AppsFilter: interaction: PackageSetting{4e66de7 io.appium.uiautomator2.server/10378} -> PackageSetting{582c9b com.google.android.apps.subscriptions.red/10194} BLOCKED
10-10 12:45:05.265  1902  3317 I AppsFilter: interaction: PackageSetting{4e66de7 io.appium.uiautomator2.server/10378} -> PackageSetting{e046838 com.android.cts.priv.ctsshim/10218} BLOCKED
10-10 12:45:05.265  1902  3317 I AppsFilter: interaction: PackageSetting{4e66de7 io.appium.uiautomator2.server/10378} -> PackageSetting{2f1a011 com.google.android.youtube/10206} BLOCKED
10-10 12:45:05.265  1902  3317 I AppsFilter: interaction: PackageSetting{4e66de7 io.appium.uiautomator2.server/10378} -> PackageSetting{dcc8576 com.android.uwb.resources/10311} BLOCKED
10-10 12:45:05.265  1902  3317 I AppsFilter: interaction: PackageSetting{4e66de7 io.appium.uiautomator2.server/10378} -> PackageSetting{ebe496c com.android.internal.display.cutout.emulation.corner/10003} BLOCKED
10-10 12:45:05.265  1902  3317 I AppsFilter: interaction: PackageSetting{4e66de7 io.appium.uiautomator2.server/10378} -> PackageSetting{6ec5b35 com.android.internal.display.cutout.emulation.double/10007} BLOCKED
10-10 12:45:05.265  1902  3317 I AppsFilter: interaction: PackageSetting{4e66de7 io.appium.uiautomator2.server/10378} -> PackageSetting{3435d94 io.appium.settings/10326} BLOCKED
10-10 12:45:05.265  1902  3317 I AppsFilter: interaction: PackageSetting{4e66de7 io.appium.uiautomator2.server/10378} -> PackageSetting{2f777 com.google.android.googlequicksearchbox/10188} BLOCKED
10-10 12:45:05.265  1902  3317 I AppsFilter: interaction: PackageSetting{4e66de7 io.appium.uiautomator2.server/10378} -> PackageSetting{5b3cfe4 cn.wps.xiaomi.abroad.lite/10233} BLOCKED
10-10 12:45:05.265  1902  3317 I AppsFilter: interaction: PackageSetting{4e66de7 io.appium.uiautomator2.server/10378} -> PackageSetting{53f2c4d com.google.android.apps.googleassistant/10169} BLOCKED
10-10 12:45:05.265  1902  3317 I AppsFilter: interaction: PackageSetting{4e66de7 io.appium.uiautomator2.server/10378} -> PackageSetting{bf38302 com.google.android.onetimeinitializer/10170} BLOCKED
10-10 12:45:05.265  1902  3317 I AppsFilter: interaction: PackageSetting{4e66de7 io.appium.uiautomator2.server/10378} -> PackageSetting{e259413 com.google.android.ext.shared/10109} BLOCKED
10-10 12:45:05.265  1902  3317 I AppsFilter: interaction: PackageSetting{4e66de7 io.appium.uiautomator2.server/10378} -> PackageSetting{18ed617 com.android.internal.systemui.navbar.gestural_wide_back/10044} BLOCKED
10-10 12:45:05.265  1902  3317 I AppsFilter: interaction: PackageSetting{4e66de7 io.appium.uiautomator2.server/10378} -> PackageSetting{2d00650 com.android.virtualmachine.res/10335} BLOCKED
10-10 12:45:05.265  1902  3317 I AppsFilter: interaction: PackageSetting{4e66de7 io.appium.uiautomator2.server/10378} -> PackageSetting{65f4049 com.google.android.server.deviceconfig.resources/10026} BLOCKED
10-10 12:45:05.265  1902  3317 I AppsFilter: interaction: PackageSetting{4e66de7 io.appium.uiautomator2.server/10378} -> PackageSetting{d9acd4e com.google.android.apps.podcasts/10226} BLOCKED
10-10 12:45:05.265  1902  3317 I AppsFilter: interaction: PackageSetting{4e66de7 io.appium.uiautomator2.server/10378} -> PackageSetting{dcb5e6f com.android.htmlviewer/10113} BLOCKED
10-10 12:45:05.265  1902  3317 I AppsFilter: interaction: PackageSetting{4e66de7 io.appium.uiautomator2.server/10378} -> PackageSetting{f37377c com.google.android.health.connect.backuprestore/10339} BLOCKED
10-10 12:45:05.265  1902  3317 I AppsFilter: interaction: PackageSetting{4e66de7 io.appium.uiautomator2.server/10378} -> PackageSetting{3529805 com.google.android.apps.messaging/10181} BLOCKED
10-10 12:45:05.265  1902  3317 I AppsFilter: interaction: PackageSetting{4e66de7 io.appium.uiautomator2.server/10378} -> PackageSetting{d5a705a com.sfr.android.sfrjeux/10187} BLOCKED
10-10 12:45:05.265  1902  3317 I AppsFilter: interaction: PackageSetting{4e66de7 io.appium.uiautomator2.server/10378} -> PackageSetting{d59728b com.ironsource.appcloud.oobe.hutchison/10166} BLOCKED
10-10 12:45:05.265  1902  3317 I AppsFilter: interaction: PackageSetting{4e66de7 io.appium.uiautomator2.server/10378} -> PackageSetting{27e4f68 com.google.android.configupdater/10167} BLOCKED
10-10 12:45:05.265  1902  3317 I AppsFilter: interaction: PackageSetting{4e66de7 io.appium.uiautomator2.server/10378} -> PackageSetting{e1b7a com.google.android.overlay.modules.permissioncontroller/10020} BLOCKED
10-10 12:45:05.265  1902  3317 I AppsFilter: interaction: PackageSetting{4e66de7 io.appium.uiautomator2.server/10378} -> PackageSetting{e69af81 com.android.soundrecorder/10243} BLOCKED
10-10 12:45:05.265  1902  3317 I AppsFilter: interaction: PackageSetting{4e66de7 io.appium.uiautomator2.server/10378} -> PackageSetting{53f3826 com.altice.android.myapps/10185} BLOCKED
10-10 12:45:05.265  1902  3317 I AppsFilter: interaction: PackageSetting{4e66de7 io.appium.uiautomator2.server/10378} -> PackageSetting{26aac67 com.google.android.apps.safetyhub/10303} BLOCKED
10-10 12:45:05.265  1902  3317 I AppsFilter: interaction: PackageSetting{4e66de7 io.appium.uiautomator2.server/10378} -> PackageSetting{69cfa14 eu.europa.publications.quickborder/10370} BLOCKED
10-10 12:45:05.265  1902  3317 I AppsFilter: interaction: PackageSetting{4e66de7 io.appium.uiautomator2.server/10378} -> PackageSetting{ecb1d12 com.google.ar.core/10265} BLOCKED
10-10 12:45:05.265  1902  3317 I AppsFilter: interaction: PackageSetting{4e66de7 io.appium.uiautomator2.server/10378} -> PackageSetting{480c2bd com.android.simappdialog/10144} BLOCKED
10-10 12:45:05.265  1902  3317 I AppsFilter: interaction: PackageSetting{4e66de7 io.appium.uiautomator2.server/10378} -> PackageSetting{156b0b2 com.aura.oobe.vodafone/10165} BLOCKED
10-10 12:45:05.265  1902  3317 I AppsFilter: interaction: PackageSetting{4e66de7 io.appium.uiautomator2.server/10378} -> PackageSetting{1e7a5d com.android.internal.display.cutout.emulation.hole/10005} BLOCKED
10-10 12:45:05.265  1902  3317 I AppsFilter: interaction: PackageSetting{4e66de7 io.appium.uiautomator2.server/10378} -> PackageSetting{7309fd2 com.android.internal.display.cutout.emulation.tall/10010} BLOCKED
10-10 12:45:05.265  1902  3317 I AppsFilter: interaction: PackageSetting{4e66de7 io.appium.uiautomator2.server/10378} -> PackageSetting{ed238a3 com.google.android.overlay.healthconnect/10268} BLOCKED
10-10 12:45:05.265  1902  3317 I AppsFilter: interaction: PackageSetting{4e66de7 io.appium.uiautomator2.server/10378} -> PackageSetting{dd5f7a0 com.android.internal.systemui.navbar.threebutton/10040} BLOCKED
10-10 12:45:05.266  1902  3317 I AppsFilter: interaction: PackageSetting{4e66de7 io.appium.uiautomator2.server/10378} -> PackageSetting{76ba803 com.android.wifi.dialog/10290} BLOCKED
10-10 12:45:05.266  1902  3317 I AppsFilter: interaction: PackageSetting{4e66de7 io.appium.uiautomator2.server/10378} -> PackageSetting{b59a380 com.android.hotwordenrollment.xgoogle/10173} BLOCKED
10-10 12:45:05.266  1902  3317 I AppsFilter: interaction: PackageSetting{4e66de7 io.appium.uiautomator2.server/10378} -> PackageSetting{9fbcdb9 com.android.mms/10301} BLOCKED
10-10 12:45:05.266  1902  3317 I AppsFilter: interaction: PackageSetting{4e66de7 io.appium.uiautomator2.server/10378} -> PackageSetting{efb25fe com.google.android.as/10296} BLOCKED
10-10 12:45:05.266  1902  3317 I AppsFilter: interaction: PackageSetting{4e66de7 io.appium.uiautomator2.server/10378} -> PackageSetting{6f6c15f com.google.android.gm/10197} BLOCKED
10-10 12:45:05.266  1902  3317 I AppsFilter: interaction: PackageSetting{4e66de7 io.appium.uiautomator2.server/10378} -> PackageSetting{47577ac com.android.compos.payload/10341} BLOCKED
10-10 12:45:05.266  1902  3317 I AppsFilter: interaction: PackageSetting{4e66de7 io.appium.uiautomator2.server/10378} -> PackageSetting{b828c75 com.google.android.apps.tachyon/10234} BLOCKED
10-10 12:45:05.266  1902  3317 I AppsFilter: interaction: PackageSetting{4e66de7 io.appium.uiautomator2.server/10378} -> PackageSetting{d871ab8 com.google.android.overlay.gmsconfig.common/10012} BLOCKED
10-10 12:45:05.266  1902  3317 I AppsFilter: interaction: PackageSetting{4e66de7 io.appium.uiautomator2.server/10378} -> PackageSetting{4dfa40a com.android.settings.intelligence/10179} BLOCKED
10-10 12:45:05.266  1902  3317 I AppsFilter: interaction: PackageSetting{4e66de7 io.appium.uiautomator2.server/10378} -> PackageSetting{ec8bbf6 com.android.internal.systemui.navbar.gestural_extra_wide_back/10042} BLOCKED
10-10 12:45:05.266  1902  3317 I AppsFilter: interaction: PackageSetting{4e66de7 io.appium.uiautomator2.server/10378} -> PackageSetting{f0147b com.miui.compass/10237} BLOCKED
10-10 12:45:05.266  1902  3317 I AppsFilter: interaction: PackageSetting{4e66de7 io.appium.uiautomator2.server/10378} -> PackageSetting{e986298 com.google.android.setupwizard/10211} BLOCKED
10-10 12:45:05.266  1902  3317 I AppsFilter: interaction: PackageSetting{4e66de7 io.appium.uiautomator2.server/10378} -> PackageSetting{e7c7af1 com.miui.android.fashiongallery/10231} BLOCKED
10-10 12:45:05.266  1902  3317 I AppsFilter: interaction: PackageSetting{4e66de7 io.appium.uiautomator2.server/10378} -> PackageSetting{fdbf6d6 com.facebook.services/10097} BLOCKED
10-10 12:45:05.266  1902  3317 I AppsFilter: interaction: PackageSetting{4e66de7 io.appium.uiautomator2.server/10378} -> PackageSetting{5617d57 com.android.printspooler/10135} BLOCKED
10-10 12:45:05.266  1902  3317 I AppsFilter: interaction: PackageSetting{4e66de7 io.appium.uiautomator2.server/10378} -> PackageSetting{6fd1044 com.android.hotwordenrollment.okgoogle/10172} BLOCKED
10-10 12:45:05.266  1902  3317 I AppsFilter: interaction: PackageSetting{4e66de7 io.appium.uiautomator2.server/10378} -> PackageSetting{d4cd52d com.google.android.apps.accessibility.auditor/10031} BLOCKED
10-10 12:45:05.266  1902  3317 I AppsFilter: interaction: PackageSetting{4e66de7 io.appium.uiautomator2.server/10378} -> PackageSetting{78aa62 org.ifaa.aidl.manager/10155} BLOCKED
10-10 12:45:05.266  1902  3317 I AppsFilter: interaction: PackageSetting{4e66de7 io.appium.uiautomator2.server/10378} -> PackageSetting{11697f3 com.android.dreams.basic/10098} BLOCKED
10-10 12:45:05.266  1902  3317 I AppsFilter: interaction: PackageSetting{4e66de7 io.appium.uiautomator2.server/10378} -> PackageSetting{1dcecb0 com.google.android.as.oss/10302} BLOCKED
10-10 12:45:05.266  1902  3317 I AppsFilter: interaction: PackageSetting{4e66de7 io.appium.uiautomator2.server/10378} -> PackageSetting{b4e9729 com.duokan.phone.remotecontroller/10241} BLOCKED
10-10 12:45:05.266  1902  3317 I AppsFilter: interaction: PackageSetting{4e66de7 io.appium.uiautomator2.server/10378} -> PackageSetting{53b0aae de.telekom.tsc/10094} BLOCKED
10-10 12:45:05.266  1902  3317 I AppsFilter: interaction: PackageSetting{4e66de7 io.appium.uiautomator2.server/10378} -> PackageSetting{7f8c04f com.android.rkpdapp/10337} BLOCKED
10-10 12:45:05.266  1902  3317 I AppsFilter: interaction: PackageSetting{4e66de7 io.appium.uiautomator2.server/10378} -> PackageSetting{b9c23dc com.google.android.devicelockcontroller/10141} BLOCKED
10-10 12:45:05.266  1902  3317 I AppsFilter: interaction: PackageSetting{4e66de7 io.appium.uiautomator2.server/10378} -> PackageSetting{c907ce5 com.google.android.dialer/10177} BLOCKED
10-10 12:45:05.266  1902  3317 I AppsFilter: interaction: PackageSetting{4e66de7 io.appium.uiautomator2.server/10378} -> PackageSetting{db123ba com.google.android.apps.nbu.files/10259} BLOCKED
10-10 12:45:05.266  1902  3317 I AppsFilter: interaction: PackageSetting{4e66de7 io.appium.uiautomator2.server/10378} -> PackageSetting{92b126b com.dti.telefonica/10186} BLOCKED
10-10 12:45:05.266  1902  3317 I AppsFilter: interaction: PackageSetting{4e66de7 io.appium.uiautomator2.server/10378} -> PackageSetting{b5a1c8 com.google.android.captiveportallogin/10105} BLOCKED
10-10 12:45:05.266  1902  3317 I AppsFilter: interaction: PackageSetting{4e66de7 io.appium.uiautomator2.server/10378} -> PackageSetting{cc6b3d com.google.android.overlay.gmsconfig.comms/10018} BLOCKED
10-10 12:45:05.266  1902  3317 I AppsFilter: interaction: PackageSetting{4e66de7 io.appium.uiautomator2.server/10378} -> PackageSetting{de46f32 com.google.android.overlay.gmsconfig.geotz/10014} BLOCKED
10-10 12:45:05.266  1902  3317 I AppsFilter: interaction: PackageSetting{4e66de7 io.appium.uiautomator2.server/10378} -> PackageSetting{d510261 com.google.android.appsearch.apk/10038} BLOCKED
10-10 12:45:05.266  1902  3317 I AppsFilter: interaction: PackageSetting{4e66de7 io.appium.uiautomator2.server/10378} -> PackageSetting{23dc186 com.google.ambient.streaming/10297} BLOCKED
10-10 12:45:05.266  1902  3317 I AppsFilter: interaction: PackageSetting{4e66de7 io.appium.uiautomator2.server/10378} -> PackageSetting{8e66a47 com.android.musicfx/10328} BLOCKED
10-10 12:45:05.266  1902  3317 I AppsFilter: interaction: PackageSetting{4e66de7 io.appium.uiautomator2.server/10378} -> PackageSetting{8671274 com.google.android.apps.docs/10242} BLOCKED
10-10 12:45:05.266  1902  3317 I AppsFilter: interaction: PackageSetting{4e66de7 io.appium.uiautomator2.server/10378} -> PackageSetting{dcbca55 com.google.android.apps.maps/10204} BLOCKED
10-10 12:45:05.266  1902  3317 I AppsFilter: interaction: PackageSetting{4e66de7 io.appium.uiautomator2.server/10378} -> PackageSetting{d430ce3 com.orange.update/10164} BLOCKED
10-10 12:45:05.266  1902  3317 I AppsFilter: interaction: PackageSetting{4e66de7 io.appium.uiautomator2.server/10378} -> PackageSetting{53a639d com.google.android.webview/10201} BLOCKED
10-10 12:45:05.266  1902  3317 I AppsFilter: interaction: PackageSetting{4e66de7 io.appium.uiautomator2.server/10378} -> PackageSetting{d125df com.google.android.overlay.modules.documentsui/10021} BLOCKED
10-10 12:45:05.267  1902  3317 I AppsFilter: interaction: PackageSetting{4e66de7 io.appium.uiautomator2.server/10378} -> PackageSetting{ca47012 com.google.android.contactkeys/10362} BLOCKED
10-10 12:45:05.267  1902  3317 I AppsFilter: interaction: PackageSetting{4e66de7 io.appium.uiautomator2.server/10378} -> PackageSetting{c1563e3 com.google.android.contacts/10189} BLOCKED
10-10 12:45:05.267  1902  3317 I AppsFilter: interaction: PackageSetting{4e66de7 io.appium.uiautomator2.server/10378} -> PackageSetting{e1ce1e0 com.microsoft.windowsintune.companyportal/10365} BLOCKED
10-10 12:45:05.267  1902  3317 I AppsFilter: interaction: PackageSetting{4e66de7 io.appium.uiautomator2.server/10378} -> PackageSetting{992f823 com.android.chrome/10190} BLOCKED
10-10 12:45:05.267  1902  3317 I AppsFilter: interaction: PackageSetting{4e66de7 io.appium.uiautomator2.server/10378} -> PackageSetting{d557b5e com.google.android.ims/10168} BLOCKED
10-10 12:45:05.267  1902  3317 I AppsFilter: interaction: PackageSetting{4e66de7 io.appium.uiautomator2.server/10378} -> PackageSetting{1b05b3f com.android.wifi.resources/10222} BLOCKED
10-10 12:45:05.267  1902  3317 I AppsFilter: interaction: PackageSetting{4e66de7 io.appium.uiautomator2.server/10378} -> PackageSetting{59e3c0c com.emanuelef.remote_capture/10323} BLOCKED
10-10 12:45:05.267  1902  3317 I AppsFilter: interaction: PackageSetting{4e66de7 io.appium.uiautomator2.server/10378} -> PackageSetting{7f36955 com.google.android.apps.walletnfcrel/10261} BLOCKED
10-10 12:45:05.267  1902  3317 I AppsFilter: interaction: PackageSetting{4e66de7 io.appium.uiautomator2.server/10378} -> PackageSetting{979ef6a com.google.android.partnersetup/10171} BLOCKED
10-10 12:45:05.267  1902  3317 I AppsFilter: interaction: PackageSetting{4e66de7 io.appium.uiautomator2.server/10378} -> PackageSetting{5d96c5b com.google.android.videos/10312} BLOCKED
10-10 12:45:05.267  1902  3317 I AppsFilter: interaction: PackageSetting{4e66de7 io.appium.uiautomator2.server/10378} -> PackageSetting{d3308e2 com.google.android.overlay.gmsconfig.asi/10266} BLOCKED
10-10 12:45:05.267  1902  3317 I AppsFilter: interaction: PackageSetting{4e66de7 io.appium.uiautomator2.server/10378} -> PackageSetting{c3bd473 com.google.android.overlay.gmsconfig.gsa/10013} BLOCKED
10-10 12:45:05.267  1902  3317 I AppsFilter: interaction: PackageSetting{4e66de7 io.appium.uiautomator2.server/10378} -> PackageSetting{5f90cf8 dev.firebase.appdistribution/10313} BLOCKED
10-10 12:45:05.267  1902  3317 I AppsFilter: interaction: PackageSetting{4e66de7 io.appium.uiautomator2.server/10378} -> PackageSetting{cf967a9 com.android.theme.font.notoserifsource/10009} BLOCKED
10-10 12:45:05.267  1902  3317 I AppsFilter: interaction: PackageSetting{4e66de7 io.appium.uiautomator2.server/10378} -> PackageSetting{cce45d1 com.google.android.safetycenter.resources/10220} BLOCKED
10-10 12:45:05.267  1902  3317 I AppsFilter: interaction: PackageSetting{4e66de7 io.appium.uiautomator2.server/10378} -> PackageSetting{97544cf com.android.internal.display.cutout.emulation.waterfall/10006} BLOCKED
10-10 12:45:05.336  1902  1954 I SmartPower: com.google.android.videos/10312(31305): idle->background(3259ms) R(broadcast start Intent { act=android.intent.action.PACKAGE_RESTARTED dat=package: flg=0x10 (has extras) }) adj=905.
10-10 12:45:05.339  1902  3317 I ActivityManager: Flag disabled. Ignoring finishAttachApplication from uid: 10378. pid: 21123
10-10 12:45:05.349  1902  2776 D CompatibilityChangeReporter: Compat change id reported: 161145287; UID 10378; state: DISABLED
10-10 12:45:05.589  1902  3317 I WakePathChecker: MIUILOG-WAKEPATH pushWakePathWhiteList: userId=0 size=6
10-10 12:45:06.432  1902  2620 I SmartPower: com.google.android.documentsui/10068(1756): background->idle(3002ms) R(broadcast start Intent { act=android.intent.action.PACKAGE_DATA_CLEARED dat=package: flg=0x5000010 (has extras) }) adj=915.
10-10 12:45:06.435  1902  2620 I SmartPower: com.android.vending:background/10184(14799): background->idle(3001ms) R(broadcast start Intent { act=android.intent.action.PACKAGE_DATA_CLEARED dat=package: flg=0x5000010 (has extras) }) adj=905.
10-10 12:45:06.443  1902  2620 I SmartPower: com.google.android.permissioncontroller/10221(653): background->idle(3000ms) R(broadcast start Intent { act=android.intent.action.PACKAGE_DATA_CLEARED dat=package: flg=0x5000010 (has extras) }) adj=905.
10-10 12:45:06.459  1902  2620 I SmartPower: com.microsoft.windowsintune.companyportal:omadm_client_process/10365(32113): background->idle(3002ms) R(broadcast start Intent { act=android.intent.action.PACKAGE_DATA_CLEARED dat=package: flg=0x5000010 (has extras) }) adj=905.
10-10 12:45:06.524  1902  3385 D AccessibilityManagerService: changeCurrentUserForTestAutomationIfNeededLocked(0): ignoring because device doesn't support visible background users
10-10 12:45:06.524  1902  3385 I UiAutomationManager: Registering UiTestAutomationService (id=com.android.server.accessibility/UiAutomation) when called by user 0
10-10 12:45:06.533  1902  3385 W WindowMagnificationMgr: requestConnection duplicated request: connect=false, mConnectionState=DISCONNECTED
10-10 12:45:06.549  1902  2776 W WindowMagnificationMgr: requestConnection duplicated request: connect=false, mConnectionState=DISCONNECTED
10-10 12:45:06.564  1902 22704 I PowerManagerServiceImpl: Acquire wakelock: SCREEN_DIM_WAKE_LOCK           'UiAutomator2:ScreenKeeper' (uid=10378 pid=21123 pkg=io.appium.uiautomator2.server)
10-10 12:45:06.586  1902  1902 D BatterySaverPolicy: accessibility changed to true, updating policy.
10-10 12:45:06.618  1556  1556 I wificond: station_bandwidth: 
10-10 12:45:06.863  1902  2620 I SmartPower: com.google.android.inputmethod.latin/10196(22721): background->idle(3003ms) R(become background) adj=100.
10-10 12:45:07.005  1902  3317 W WindowMagnificationMgr: requestConnection duplicated request: connect=false, mConnectionState=DISCONNECTED
10-10 12:45:07.219  1902  2620 I SmartPower: com.google.android.gms.unstable/10175(4628): background->idle(3004ms) R(alarm start) adj=800.
10-10 12:45:07.219  1902  2620 I SmartPower: com.google.android.gms.ui/10175(26069): background->idle(3003ms) R(alarm start) adj=800.
10-10 12:45:07.219  1902  2620 I SmartPower: com.google.process.gservices/10175(22048): background->idle(3004ms) R(alarm start) adj=915.
10-10 12:45:07.219  1902  2620 I SmartPower: com.google.android.gms/10175(16152): background->idle(583956ms) R(alarm start) adj=250.
10-10 12:45:07.219  1902  2620 I SmartPower: com.google.android.gms:snet/10175(14783): background->idle(3004ms) R(alarm start) adj=800.
10-10 12:45:07.220  1902  2620 I SmartPower: com.google.process.gapps/10175(12347): background->idle(3004ms) R(alarm start) adj=945.
10-10 12:45:07.293  1902  2682 I ActivityManager: Force stopping eu.europa.ec.euidi appid=10390 user=0: from process:21160
10-10 12:45:07.302  1902  2682 I AppsFilter: interaction: PackageSetting{1141c0b com.android.microdroid.empty_payload/10336} -> PackageSetting{4697cb1 eu.europa.ec.euidi/10390} BLOCKED
10-10 12:45:07.302  1902  2682 I AppsFilter: interaction: PackageSetting{2f03501 io.appium.uiautomator2.server.test/10379} -> PackageSetting{4697cb1 eu.europa.ec.euidi/10390} BLOCKED
10-10 12:45:07.303  1902  2682 I AppsFilter: interaction: PackageSetting{330fa6 com.fido.asm/10112} -> PackageSetting{4697cb1 eu.europa.ec.euidi/10390} BLOCKED
10-10 12:45:07.303  1902  2682 I AppsFilter: interaction: PackageSetting{4e66de7 io.appium.uiautomator2.server/10378} -> PackageSetting{4697cb1 eu.europa.ec.euidi/10390} BLOCKED
10-10 12:45:07.303  1902  2682 I AppsFilter: interaction: PackageSetting{3435d94 io.appium.settings/10326} -> PackageSetting{4697cb1 eu.europa.ec.euidi/10390} BLOCKED
10-10 12:45:07.541  1902  2620 I SmartPower: com.xiaomi.discover/10128(11400): background->idle(3001ms) R(broadcast start Intent { act=android.intent.action.BATTERY_CHANGED flg=0x60000010 (has extras) }) adj=905.
10-10 12:45:07.541  1902  2620 I SmartPower: com.microsoft.teams/10321(6401): background->idle(3001ms) R(broadcast start Intent { act=android.intent.action.BATTERY_CHANGED flg=0x60000010 (has extras) }) adj=905.
10-10 12:45:07.543  1902  2620 I SmartPower: com.google.android.apps.tachyon/10234(13012): background->idle(3001ms) R(broadcast start Intent { act=android.intent.action.BATTERY_CHANGED flg=0x60000010 (has extras) }) adj=955.
10-10 12:45:07.543  1902  2620 I SmartPower: com.miui.gallery/10078(17586): background->idle(3001ms) R(broadcast start Intent { act=android.intent.action.BATTERY_CHANGED flg=0x60000010 (has extras) }) adj=965.
10-10 12:45:07.544  1902  2620 I SmartPower: com.facebook.appmanager/10150(6423): background->idle(3000ms) R(broadcast start Intent { act=android.intent.action.BATTERY_CHANGED flg=0x60000010 (has extras) }) adj=905.
10-10 12:45:07.560  1902  2682 W ActivityTaskManager: callingPackage for (uid=2000, pid=21160) has no WPC
10-10 12:45:07.573  1902  2682 D WindowManager: Collecting in transition 1169: ActivityRecord{2dcb79e u0 eu.europa.ec.euidi/eu.europa.ec.assemblylogic.ui.MainActivity init visibleRequested:false
10-10 12:45:07.577  1902  2682 D MiuiFreeFormManagerService: activeOrFullscreenFreeformTaskIfNeed startDefaultAr:true
10-10 12:45:07.586  2983  3075 D OneHandedController: stopOneHanded state is 0
10-10 12:45:07.590  1902  2682 D WindowManagerService: checkFlipFullScreenChange is same, nowIsFullScreen = false
10-10 12:45:07.598  1902  2682 D WindowManager: setLockTaskAuth: task=Task{a20827f #516 type=standard A=10390:eu.europa.ec.euidi} mLockTaskAuth=LOCK_TASK_AUTH_PINNABLE
10-10 12:45:07.599  1902  2682 D WindowManager: Collecting in transition 1169: Task{a20827f #516 type=standard A=10390:eu.europa.ec.euidi} init visibleRequested:false
10-10 12:45:07.599  1902  2682 D CompatibilityChangeReporter: Compat change id reported: 184838306; UID 10390; state: DISABLED
10-10 12:45:07.600  1902  2682 D CompatibilityChangeReporter: Compat change id reported: 185004937; UID 10390; state: DISABLED
10-10 12:45:07.601  1902  2682 D WindowManager: setLockTaskAuth: task=Task{a20827f #516 type=standard A=10390:eu.europa.ec.euidi} mLockTaskAuth=LOCK_TASK_AUTH_PINNABLE
10-10 12:45:07.601  1902  2682 D MiuiFreeFormManagerService: onStartActivityInner as = Task{a20827f #516 type=standard A=10390:eu.europa.ec.euidi} op = null
10-10 12:45:07.602  1902  2682 D ActivityTaskManager: Task#startActivityLocked isOrhasTask=true newTask=true
10-10 12:45:07.603  1902  2682 D CompatibilityChangeReporter: Compat change id reported: 205907456; UID 10390; state: ENABLED
10-10 12:45:07.607  2983  3147 D TaskSnapshot_Helper: SYS is normal.
10-10 12:45:07.608  1902  2682 D WindowManager: Collecting in transition 1169: ActivityRecord{2dcb79e u0 eu.europa.ec.euidi/eu.europa.ec.assemblylogic.ui.MainActivity t516} init visibleRequested:false
10-10 12:45:07.608  1902  2682 D WindowManager: Requesting StartTransition: TransitionRecord{c100295 id=1169 type=OPEN flags=0x0}
10-10 12:45:07.609  1902  2682 I ActivityTaskManager: START u0 {act=android.intent.action.MAIN cat=[android.intent.category.LAUNCHER] flg=0x10200000 cmp=eu.europa.ec.euidi/eu.europa.ec.assemblylogic.ui.MainActivity} with LAUNCH_SINGLE_TASK from uid 2000 (BAL_ALLOW_PERMISSION) result code=0
10-10 12:45:07.609  2983  3075 I SoScUtils: monitorTransitionRequest mRequestOpenTransition:null mRequestOpenTriggerTask:-1 mRequestCloseTransition:null mRequestCloseTriggerTask:-1 mRequestCloseStageType:-1
10-10 12:45:07.609  1902 23257 D WindowManager: Set transition=TransitionRecord{c100295 id=1169 type=OPEN flags=0x0}, ready=false, SyncId=1169 used=true, override=false, defer=0, states=Display{#0 state=ON size=1080x2400 ROTATION_0}:false
10-10 12:45:07.610  2983  3075 D OneHandedController: stopOneHanded state is 0
10-10 12:45:07.610  2983  3075 D OneHandedController: stopOneHanded state is 0
10-10 12:45:07.611  1902  1938 D CompatibilityChangeReporter: Compat change id reported: 135634846; UID 10390; state: DISABLED
10-10 12:45:07.611  1902  1938 D CompatibilityChangeReporter: Compat change id reported: 177438394; UID 10390; state: DISABLED
10-10 12:45:07.611  1902  1938 D CompatibilityChangeReporter: Compat change id reported: 135772972; UID 10390; state: DISABLED
10-10 12:45:07.612  1902  1938 D CompatibilityChangeReporter: Compat change id reported: 135754954; UID 10390; state: ENABLED
10-10 12:45:07.613  2983  3075 D MiuiFullScreenTaskRepository: setFocusedTask taskId=1, displayId=0, topActivity=ComponentInfo{com.miui.home/com.miui.home.launcher.Launcher}
10-10 12:45:07.613  2983  3075 D MiuiFullScreenTaskRepository: addOrUpdateFullScreenTaskInfo taskId=1, topActivity=ComponentInfo{com.miui.home/com.miui.home.launcher.Launcher}
10-10 12:45:07.614  1902  2304 D WindowManager: Collecting in transition 1169: ActivityRecord{2dcb79e u0 eu.europa.ec.euidi/eu.europa.ec.assemblylogic.ui.MainActivity t516} init visibleRequested:false
10-10 12:45:07.614  1902  2304 D WindowManager: Collecting in transition 1169: ActivityRecord{3754c30 u0 com.miui.home/.launcher.Launcher t2} init visibleRequested:true
10-10 12:45:07.614  1902  2304 D WindowManager: Collecting in transition 1169: WallpaperWindowToken{b086f80 token=android.os.Binder@8a62403} init visibleRequested:true
10-10 12:45:07.614  1902  2304 D WindowManager: Collecting in transition 1169: WallpaperWindowToken{c1b367d token=android.os.BinderProxy@48de4d4} init visibleRequested:true
10-10 12:45:07.615  1902  1955 D CompatibilityChangeReporter: Compat change id reported: 143937733; UID 10390; state: ENABLED
10-10 12:45:07.622  1902  1939 D WindowManager: wms.Focus not requested for window=Window{e4be31b u0 com.miui.home/com.miui.home.launcher.Launcher} because it has no surface or is not focusable.
10-10 12:45:07.624  1902  1955 I ActivityManager: Start proc 21164:eu.europa.ec.euidi/u0a390 for next-top-activity {eu.europa.ec.euidi/eu.europa.ec.assemblylogic.ui.MainActivity} caller=com.android.shell
10-10 12:45:07.633  1902  1939 D WindowManager: wms.Focus not requested for window=Window{e4be31b u0 com.miui.home/com.miui.home.launcher.Launcher} because it has no surface or is not focusable.
10-10 12:45:07.642  1902 22706 D CoreBackPreview: Window{4ea1c76 u0 Splash Screen eu.europa.ec.euidi}: Setting back callback OnBackInvokedCallbackInfo{mCallback=android.window.IOnBackInvokedCallback$Stub$Proxy@9aa8f13, mPriority=0, mIsAnimationCallback=false}
10-10 12:45:07.648  1902  3385 W WindowManager: Changing focus from Window{e4be31b u0 com.miui.home/com.miui.home.launcher.Launcher} to null displayId=0 Callers=com.android.server.wm.RootWindowContainer.updateFocusedWindowLocked:557 com.android.server.wm.WindowManagerService.updateFocusedWindowLocked:6962 com.android.server.wm.WindowManagerService.relayoutWindow:2951 com.android.server.wm.Session.relayout:266 
10-10 12:45:07.648  1902  3385 D WindowManager: wms.Input focus has changed to null display=0 updateInputWindows = true
10-10 12:45:07.648  1902  3385 I MultiSenceManagerInternalStub: getInstance
10-10 12:45:07.648  1902  3317 I SmartPower: eu.europa.ec.euidi/10390(21164): died->invisible(4542ms) R(process start ) adj=-10000.
10-10 12:45:07.654  1902  3317 W MiuiBoosterUtils: enable_miuibooster_launch : false
10-10 12:45:07.655  1902  3317 D WindowManager: Collecting in transition 1169: ActivityRecord{2dcb79e u0 eu.europa.ec.euidi/eu.europa.ec.assemblylogic.ui.MainActivity t516} init visibleRequested:true
10-10 12:45:07.655  1902  3317 D WindowManagerService: checkFlipFullScreenChange is same, nowIsFullScreen = false
10-10 12:45:07.659  1902  3317 D WindowManager: Collecting in transition 1169: ActivityRecord{2dcb79e u0 eu.europa.ec.euidi/eu.europa.ec.assemblylogic.ui.MainActivity t516} init visibleRequested:true
10-10 12:45:07.659  1902  3317 D WindowManager: Set transition=TransitionRecord{c100295 id=1169 type=OPEN flags=0x0}, ready=true, SyncId=1169 
10-10 12:45:07.663  1902  1939 I BLASTSyncEngine: SyncGroup 1169:  Unfinished container:Task{a20827f #516 type=standard A=10390:eu.europa.ec.euidi}
10-10 12:45:07.663  1902  1939 I BLASTSyncEngine: isActivitySyncFinished isSyncFinished false Task{a20827f #516 type=standard A=10390:eu.europa.ec.euidi}
10-10 12:45:07.664  1902 23266 W WindowManager: finishDrawingWindow: Window{4ea1c76 u0 Splash Screen eu.europa.ec.euidi} mDrawState=DRAW_PENDING
10-10 12:45:07.664  2983  3075 D MiuiFullScreenTaskRepository: removeFocusedTask displayId=0
10-10 12:45:07.664  2983  3075 D MiuiFullScreenTaskRepository: addOrUpdateFullScreenTaskInfo taskId=1, topActivity=ComponentInfo{com.miui.home/com.miui.home.launcher.Launcher}
10-10 12:45:07.665  1902  1939 D WindowManager: Set transition=TransitionRecord{c100295 id=1169 type=OPEN flags=0x0}, ready=true, SyncId=1169 
10-10 12:45:07.665  1902  1936 E MBrainLocalService: MBrainJava launch failed: SecurityException
10-10 12:45:07.666  1902  1936 D Aurogon :  uid = 10390 switch to FG
10-10 12:45:07.666  1902  1939 I SmartPower: eu.europa.ec.euidi/10390(21164): invisible->visible(18ms) R(become visible) adj=0.
10-10 12:45:07.667  1902 23266 D CompatibilityChangeReporter: Compat change id reported: 170503758; UID 10390; state: ENABLED
10-10 12:45:07.667  1902  1939 W WindowManager: real show surface:Surface(name=Splash Screen eu.europa.ec.euidi#19436)/@0xe8e550
10-10 12:45:07.668  1902  1939 D WindowManager: Final targets: [Task{a20827f #516 type=standard A=10390:eu.europa.ec.euidi}, Task{57070cf #1 type=home}]
10-10 12:45:07.669  1902  2600 D isUidValid: uid = 10390
10-10 12:45:07.671  1902  1939 D WindowManager: Calling onTransitionReady info={id=1169 t=OPEN f=0x0 trk=0 r=[0@Point(0, 0)] c=[{WCT{RemoteToken{be0281 Task{a20827f #516 type=standard A=10390:eu.europa.ec.euidi}}} m=OPEN f=NONE leash=Surface(name=Task=516#19433)/@0xb54575a sb=Rect(0, 0 - 1080, 2400) eb=Rect(0, 0 - 1080, 2400) d=0},{WCT{RemoteToken{1c71a03 Task{57070cf #1 type=home}}} m=TO_BACK f=SHOW_WALLPAPER leash=Surface(name=Task=1#44)/@0xf3df733 sb=Rect(0, 0 - 1080, 2400) eb=Rect(0, 0 - 1080, 2400) d=0}] noAni=[false] df=[false] mk=[true] nc=[0] oa=[false]}, mToken=Token{6708f26 TransitionRecord{c100295 id=1169 type=OPEN flags=0x0}}
10-10 12:45:07.672  1902  1939 I BLASTSyncEngine: finishNow: after onTransactionReady, mSyncId=1169
10-10 12:45:07.675  2983  3075 D MiuiFreeformAnimation: startAnimation change: {WCT{android.window.IWindowContainerToken$Stub$Proxy@cbbe1aa} m=OPEN f=NONE leash=Surface(name=Task=516#19433)/@0x8482c7f sb=Rect(0, 0 - 1080, 2400) eb=Rect(0, 0 - 1080, 2400) d=0} info.getType(): 1
10-10 12:45:07.675  2983  3075 I MiuiFreeformAnimation: isLaunchWidgetPicker=false,taskInfo.getWindowingMode()=1, taskInfo.getActivityType()=1
10-10 12:45:07.675  2983  3075 D MiuiFreeformAnimation: startAnimation change: {WCT{android.window.IWindowContainerToken$Stub$Proxy@e3d119b} m=TO_BACK f=SHOW_WALLPAPER leash=Surface(name=Task=1#44)/@0xd83d44c sb=Rect(0, 0 - 1080, 2400) eb=Rect(0, 0 - 1080, 2400) d=0} info.getType(): 1
10-10 12:45:07.675  2983  3075 W MiuiTaskTransitionHandler: Receive an unknown transition, token=android.os.BinderProxy@90e8025, type=1
10-10 12:45:07.676  2983  3075 D TransitionAnimationHelper:  load default animation  type = 1 enter = false animAttr = 19 isTask = true translucent = false
10-10 12:45:07.676  2983  3075 D TransitionAnimationHelper:  load default animation  type = 1 enter = true animAttr = 18 isTask = true translucent = false
10-10 12:45:07.676  2983  3092 D ShellTransitions: speed ui!!!!!!!!!!!
10-10 12:45:07.682  2983  3075 D MiuiFullScreenTaskRepository: setFocusedTask taskId=516, displayId=0, topActivity=ComponentInfo{eu.europa.ec.euidi/eu.europa.ec.assemblylogic.ui.MainActivity}
10-10 12:45:07.682  2983  3075 D MiuiFullScreenTaskRepository: addOrUpdateFullScreenTaskInfo taskId=516, topActivity=ComponentInfo{eu.europa.ec.euidi/eu.europa.ec.assemblylogic.ui.MainActivity}
10-10 12:45:07.682  2983  2983 E onWindowDecorRectChanged: start size:1
10-10 12:45:07.682  2983  2983 E onWindowDecorRectChanged: windowDecorRects: Rect(454, 12 - 625, 123)
10-10 12:45:07.683  2983  3075 D SoScUtils: monitorTransitionFinished transition:android.os.BinderProxy@90e8025 transaction: android.view.SurfaceControl$Transaction@eb4e94d mRequestCloseTransition:null mRequestOpenTransition:null mPairsOpenTransition:null mPairsOpenTransitionNull:null mRequestOpenTriggerTask:-1 mRequestCloseTriggerTask:-1 mOrientationTransition: null mMainStartingTask:-1 mSideStartingTask:-1
10-10 12:45:07.692  1902 23257 I SmartPower: com.mi.globalminusscreen/10076(31794): visible->invisible(4546ms) R(become invisible) adj=100.
10-10 12:45:07.692  1902 23257 I SmartPower: com.mi.globalminusscreen/10076(31794): invisible->background(1ms) R(become background) adj=100.
10-10 12:45:07.692  1902 23257 I SmartPower: com.miui.home/10085(3001): visible->invisible(4418ms) R(become invisible) adj=100.
10-10 12:45:07.692  1902  2620 I SmartPower: com.google.android.adservices.api/10307(31554): idle->background(9072ms) R(add to whitelist) adj=100.
10-10 12:45:07.692  1902 23257 I SmartPower: com.miui.home/10085(3001): invisible->background(0ms) R(become background) adj=100.
10-10 12:45:07.692  1902  2620 I SmartPower: com.google.android.gms/10175(16152): idle->background(473ms) R(add to whitelist) adj=250.
10-10 12:45:07.692  1902  2620 I SmartPower: com.google.android.webview:sandboxed_process0:org.chromium.content.app.SandboxedPridle->background(12867ms) R(add to whitelist) adj=100.
10-10 12:45:07.694  1902 23257 I WindowManager: cancelAnimation removed leash : Surface(name=Surface(name=81266ae StatusBar#86)/@0xb48dfdc - animation-leash of insets_animation#19425)/@0xfc8b15d
10-10 12:45:07.696  1902 23257 I WindowManager: cancelAnimation removed leash : Surface(name=Surface(name=db27a2 NavigationBar0#82)/@0xc1acbf0 - animation-leash of insets_animation#19430)/@0xa9e1ef
10-10 12:45:07.698  1902  1902 D MBrainLocalService: isVendorFreezeConditionPass is false
10-10 12:45:07.698  1902  1902 E MBrainLocalService: notifyAppSwitch failed
10-10 12:45:07.704  2983  3075 D MiuiFullScreenTaskRepository: addOrUpdateFullScreenTaskInfo taskId=1, topActivity=ComponentInfo{com.miui.home/com.miui.home.launcher.Launcher}
10-10 12:45:07.706  1902  1902 D MBrainLocalService: isVendorFreezeConditionPass is false
10-10 12:45:07.706  1902  1902 E MBrainLocalService: notifyAppSwitch failed
10-10 12:45:07.708  1902  3385 I SmartPower: com.google.android.googlequicksearchbox:googleapp/10188(19209): visible->invisible(4533ms) R(become invisible) adj=100.
10-10 12:45:07.708  1902  3385 I SmartPower: com.google.android.googlequicksearchbox:search/10188(19180): invisible->background(4534ms) R(become background) adj=800.
10-10 12:45:07.708  1902  3385 I SmartPower: com.google.android.googlequicksearchbox:googleapp/10188(19209): invisible->background(1ms) R(become background) adj=100.
10-10 12:45:07.708  1902  3385 I SmartPower: com.google.android.googlequicksearchbox:interactor/10188(19230): invisible->background(4534ms) R(become background) adj=100.
10-10 12:45:07.711 21164 21164 D ActivityThread: useGrowthLimitOutExpendMethod invoke error.
10-10 12:45:07.726 21164 21164 D MbrainDebugManagerImpl: getService failed
10-10 12:45:07.734  1902  3385 I ActivityManager: Flag disabled. Ignoring finishAttachApplication from uid: 10390. pid: 21164
10-10 12:45:07.759  1902  1902 D MBrainLocalService: isVendorFreezeConditionPass is false
10-10 12:45:07.759  1902  1902 E MBrainLocalService: notifyAppSwitch failed
10-10 12:45:07.764  1902  2304 D CompatibilityChangeReporter: Compat change id reported: 253665015; UID 10390; state: ENABLED
10-10 12:45:07.764  1902  2304 D CompatibilityChangeReporter: Compat change id reported: 194532703; UID 10390; state: ENABLED
10-10 12:45:07.767 21164 21164 D FramePredict: FramePredict init: false
10-10 12:45:07.768 21164 21164 D FramePredict: init success
10-10 12:45:07.769  1902  3385 W ActivityManager: Permission Denial: getCurrentUser() from pid=21164, uid=10390 requires android.permission.INTERACT_ACROSS_USERS
10-10 12:45:07.769  1902  1936 E MBrainLocalService: MBrainJava launch failed: SecurityException
10-10 12:45:07.770 21164 21193 E FramePredict: registerContentObserver fail
10-10 12:45:07.782  2983  5521 D MiuiFreeformModeObserver: activityResumed() intent Intent { cmp=eu.europa.ec.euidi/eu.europa.ec.assemblylogic.ui.MainActivity (has extras) }
10-10 12:45:07.784  2983  3075 D MiuiFullScreenTaskRepository: setFocusedTask taskId=516, displayId=0, topActivity=ComponentInfo{eu.europa.ec.euidi/eu.europa.ec.assemblylogic.ui.MainActivity}
10-10 12:45:07.784  2983  3075 D MiuiFullScreenTaskRepository: addOrUpdateFullScreenTaskInfo taskId=516, topActivity=ComponentInfo{eu.europa.ec.euidi/eu.europa.ec.assemblylogic.ui.MainActivity}
10-10 12:45:07.785  2983  3075 D MiuiDesktopModeController: onFocusTaskChanged newFocus: TaskInfo{userId=0 taskId=516 displayId=0 isRunning=true baseIntent=Intent { act=android.intent.action.MAIN cat=[android.intent.category.LAUNCHER] flg=0x10200000 cmp=eu.europa.ec.euidi/eu.europa.ec.assemblylogic.ui.MainActivity } baseActivity=ComponentInfo{eu.europa.ec.euidi/eu.europa.ec.assemblylogic.ui.MainActivity} topActivity=ComponentInfo{eu.europa.ec.euidi/eu.europa.ec.assemblylogic.ui.MainActivity} origActivity=null realActivity=ComponentInfo{eu.europa.ec.euidi/eu.europa.ec.assemblylogic.ui.MainActivity} numActivities=1 lastActiveTime=900578341 supportsSplitScreenMultiWindow=true supportsMultiWindow=true resizeMode=1 isResizeable=true minWidth=-1 minHeight=-1 defaultMinSize=200 token=WCT{android.window.IWindowContainerToken$Stub$Proxy@8b336f} topActivityType=1 pictureInPictureParams=null shouldDockBigOverlays=false launchIntoPipHostTaskId=-1 lastParentTaskIdBeforePip=-1 displayCutoutSafeInsets=Rect(0, 94 - 0, 0) topActivityInfo=ActivityInfo{bcae87c eu.europa.ec.assemblylogic.ui.MainActivity} launchCookies=[] positionInParent=Point(0, 0) parentTaskId=-1 isFocused=true isVisible=true isVisibleRequested=true isSleeping=false topActivityInSizeCompat=false topActivityEligibleForLetterboxEducation= false topActivityLetterboxed= false isFromDoubleTap= false topActivityLetterboxVerticalPosition= -1 topActivityLetterboxHorizontalPosition= -1 topActivityLetterboxWidth=-1 topActivityLetterboxHeight=-1 locusId=null displayAreaFeatureId=1 cameraCompatControlState=hidden mIsCastMode=false mTopActivityMediaSize=null mTopActivityRecordName=ActivityRecord{2dcb79e u0 eu.europa.ec.euidi/eu.europa.ec.assemblylogic.ui.MainActivity t516} mTopActivityOrientation=1 mTopActivityWindowIsNowVisible=false isTranslucent=false isEmbedded=false shouldBeVisible=true isImmersive=false mBehindAppLockPkg=null mOriginatingUid=0}
10-10 12:45:07.785  2983  3075 D MiuiFreeformModeController: onFocusTaskChanged taskInfo: TaskInfo{userId=0 taskId=516 displayId=0 isRunning=true baseIntent=Intent { act=android.intent.action.MAIN cat=[android.intent.category.LAUNCHER] flg=0x10200000 cmp=eu.europa.ec.euidi/eu.europa.ec.assemblylogic.ui.MainActivity } baseActivity=ComponentInfo{eu.europa.ec.euidi/eu.europa.ec.assemblylogic.ui.MainActivity} topActivity=ComponentInfo{eu.europa.ec.euidi/eu.europa.ec.assemblylogic.ui.MainActivity} origActivity=null realActivity=ComponentInfo{eu.europa.ec.euidi/eu.europa.ec.assemblylogic.ui.MainActivity} numActivities=1 lastActiveTime=900578341 supportsSplitScreenMultiWindow=true supportsMultiWindow=true resizeMode=1 isResizeable=true minWidth=-1 minHeight=-1 defaultMinSize=200 token=WCT{android.window.IWindowContainerToken$Stub$Proxy@8b336f} topActivityType=1 pictureInPictureParams=null shouldDockBigOverlays=false launchIntoPipHostTaskId=-1 lastParentTaskIdBeforePip=-1 displayCutoutSafeInsets=Rect(0, 94 - 0, 0) topActivityInfo=ActivityInfo{bcae87c eu.europa.ec.assemblylogic.ui.MainActivity} launchCookies=[] positionInParent=Point(0, 0) parentTaskId=-1 isFocused=true isVisible=true isVisibleRequested=true isSleeping=false topActivityInSizeCompat=false topActivityEligibleForLetterboxEducation= false topActivityLetterboxed= false isFromDoubleTap= false topActivityLetterboxVerticalPosition= -1 topActivityLetterboxHorizontalPosition= -1 topActivityLetterboxWidth=-1 topActivityLetterboxHeight=-1 locusId=null displayAreaFeatureId=1 cameraCompatControlState=hidden mIsCastMode=false mTopActivityMediaSize=null mTopActivityRecordName=ActivityRecord{2dcb79e u0 eu.europa.ec.euidi/eu.europa.ec.assemblylogic.ui.MainActivity t516} mTopActivityOrientation=1 mTopActivityWindowIsNowVisible=false isTranslucent=false isEmbedded=false shouldBeVisible=true isImmersive=false mBehindAppLockPkg=null mOriginatingUid=0}
10-10 12:45:07.829  1902  3385 D CoreBackPreview: Window{df772dc u0 eu.europa.ec.euidi/eu.europa.ec.assemblylogic.ui.MainActivity}: Setting back callback OnBackInvokedCallbackInfo{mCallback=android.window.IOnBackInvokedCallback$Stub$Proxy@a4bf547, mPriority=0, mIsAnimationCallback=false}
10-10 12:45:07.835  1902  3385 W WindowManager: Changing focus from null to Window{df772dc u0 eu.europa.ec.euidi/eu.europa.ec.assemblylogic.ui.MainActivity} displayId=0 Callers=com.android.server.wm.RootWindowContainer.updateFocusedWindowLocked:557 com.android.server.wm.WindowManagerService.updateFocusedWindowLocked:6962 com.android.server.wm.WindowManagerService.relayoutWindow:2951 com.android.server.wm.Session.relayout:266 
10-10 12:45:07.835  1902  3385 I WindowManager: cancelAnimation removed leash : Surface(name=Surface(name=81266ae StatusBar#86)/@0xb48dfdc - animation-leash of insets_animation#19439)/@0x9c677b2
10-10 12:45:07.836  1902  3385 I WindowManager: cancelAnimation removed leash : Surface(name=Surface(name=db27a2 NavigationBar0#82)/@0xc1acbf0 - animation-leash of insets_animation#19440)/@0xce84280
10-10 12:45:07.837  1902  3385 D WindowManager: wms.Input focus has changed to Window{df772dc u0 eu.europa.ec.euidi/eu.europa.ec.assemblylogic.ui.MainActivity} display=0 updateInputWindows = true
10-10 12:45:07.837  1902  3385 I MultiSenceManagerInternalStub: getInstance
10-10 12:45:07.838  1902  3385 I WindowManager: Relayout Window{df772dc u0 eu.europa.ec.euidi/eu.europa.ec.assemblylogic.ui.MainActivity}: oldVis=4 newVis=0 focusMayChange = true requestedWidth = 1080 requestedHeight = 2400 outFrames = ClientWindowFrames{frame=[0,0][1080,2400] display=[0,0][1080,2400] parentFrame=[0,0][0,0]} outSurfaceControl = Surface(name=eu.europa.ec.euidi/eu.europa.ec.assemblylogic.ui.MainActivity#19442)/@0x2dc463f
10-10 12:45:07.879  1902  2304 W WindowManager: finishDrawingWindow: Window{df772dc u0 eu.europa.ec.euidi/eu.europa.ec.assemblylogic.ui.MainActivity} mDrawState=DRAW_PENDING
10-10 12:45:07.880  1902  2304 D WindowManager: wms.finishDrawingLocked: mDrawState=COMMIT_DRAW_PENDING Window{df772dc u0 eu.europa.ec.euidi/eu.europa.ec.assemblylogic.ui.MainActivity} in Surface(name=eu.europa.ec.euidi/eu.europa.ec.assemblylogic.ui.MainActivity#19442)/@0xa83b712
10-10 12:45:07.882  1902  1939 D TaskSnapshot_Helper: shouldDelay()... Not launched by home, no delay needed.
10-10 12:45:07.885  1902  1939 W WindowManager: real show surface:Surface(name=eu.europa.ec.euidi/eu.europa.ec.assemblylogic.ui.MainActivity#19442)/@0xa83b712
10-10 12:45:07.897  1902 23257 D CompatibilityChangeReporter: Compat change id reported: 214016041; UID 10390; state: ENABLED
10-10 12:45:07.899 21160 21160 W BpBinder: Slow Binder: BpBinder transact took 609 ms, interface=android.app.IActivityManager, code=1598246212 oneway=false
10-10 12:45:07.904  2983  3075 D SoScSplitScreenController: updateDividerFixedState isFixed:false
10-10 12:45:07.917  1902  2304 W PackageConfigPersister: App-specific configuration not found for packageName: eu.europa.ec.euidi and userId: 0
10-10 12:45:07.918  1902 23266 I WindowManager: cancelAnimation removed leash : Surface(name=Surface(name=6a76de5 InputMethod#123)/@0xf2bd99 - animation-leash of insets_animation#19431)/@0x9881701
10-10 12:45:07.920  1902  2682 D CoreBackPreview: Window{4ea1c76 u0 Splash Screen eu.europa.ec.euidi EXITING}: Setting back callback null
10-10 12:45:07.931  1902 23257 D WindowManager: setParent old=ActivityRecord{2dcb79e u0 eu.europa.ec.euidi/eu.europa.ec.assemblylogic.ui.MainActivity t516},new=null,this window=Window{4ea1c76 u0 Splash Screen eu.europa.ec.euidi},callers=com.android.server.wm.WindowContainer.removeChild:840 com.android.server.wm.ActivityRecord.removeChild:5227 com.android.server.wm.ActivityRecord.removeChild:470 com.android.server.wm.WindowContainer.removeImmediately:898 com.android.server.wm.WindowState.removeImmediately:2538 com.android.server.wm.WindowState.removeIfPossible:2719 
10-10 12:45:07.936  1902  1936 D Aurogon :  uid = 10085 switch to BG
10-10 12:45:07.936  1902  2600 D isUidValid: uid = 10085
10-10 12:45:08.150  1902  1902 W AccessibilityManagerService:  wait for adding window timeout: 2478
10-10 12:45:08.337  1902  2620 I SmartPower: com.google.android.videos/10312(31305): background->idle(3001ms) R(broadcast start Intent { act=android.intent.action.PACKAGE_RESTARTED dat=package: flg=0x10 (has extras) }) adj=905.
10-10 12:45:09.644  1556  1556 I wificond: station_bandwidth: 
10-10 12:45:10.000  1902  2682 W FillRequestEventLogger: Couldn't find packageName: com.google.android.inputmethod.latin
