--------- beginning of crash
09-30 02:36:24.484  1558  1558 I emdlogger: mtk-brm-commit-id:2833288c68103f17f4843653d1b9a6fbd2f6e149
09-30 02:36:24.498  1558  1558 I emdlogger: mtk-brm-change-id:I6afe606aa6a21dad7f79560b154220d5ade63e14
09-30 02:36:24.499  1558  1558 I emdlogger: mtk-brm-merge-id:none
09-30 02:36:24.544  1534  1534 I libimsma_adapt: mtk-brm-commit-id:08c165c9fffde5e436e743d3aa5d9496d79cbc21
09-30 02:36:24.545  1534  1534 I libimsma_adapt: mtk-brm-change-id:I5d32ca5715dae8f0bcd34ce3d65cbe31e750f432
09-30 02:36:24.545  1534  1534 I libimsma_adapt: mtk-brm-merge-id:none
09-30 12:11:43.791  2938  2938 I SmartRatSwitch: mtk-brm-commit-id:5fafc7f90721207346ff793b0242d9143ebe08b5
09-30 12:11:43.793  2938  2938 I SmartRatSwitch: mtk-brm-change-id:I78997b642e154a4486e6f4d8caf000b0aab4b465
09-30 12:11:43.793  2938  2938 I SmartRatSwitch: mtk-brm-merge-id:none
10-06 14:43:03.589 32186 32204 E AndroidRuntime: FATAL EXCEPTION: Instr: androidx.test.runner.AndroidJUnitRunner
10-06 14:43:03.589 32186 32204 E AndroidRuntime: Process: io.appium.uiautomator2.server, PID: 32186
10-06 14:43:03.589 32186 32204 E AndroidRuntime: java.lang.RuntimeException: Error while disconnecting UiAutomation@dc362ca[id=-1, displayId=0, flags=0]
10-06 14:43:03.589 32186 32204 E AndroidRuntime: 	at android.app.UiAutomation.disconnect(UiAutomation.java:451)
10-06 14:43:03.589 32186 32204 E AndroidRuntime: 	at android.app.Instrumentation.finish(Instrumentation.java:275)
10-06 14:43:03.589 32186 32204 E AndroidRuntime: 	at androidx.test.runner.MonitoringInstrumentation.finish(MonitoringInstrumentation.java:381)
10-06 14:43:03.589 32186 32204 E AndroidRuntime: 	at androidx.test.runner.AndroidJUnitRunner.finish(AndroidJUnitRunner.java:463)
10-06 14:43:03.589 32186 32204 E AndroidRuntime: 	at androidx.test.runner.AndroidJUnitRunner.onStart(AndroidJUnitRunner.java:452)
10-06 14:43:03.589 32186 32204 E AndroidRuntime: 	at android.app.Instrumentation$InstrumentationThread.run(Instrumentation.java:2440)
10-06 14:43:03.589 32186 32204 E AndroidRuntime: Caused by: android.os.DeadObjectException
10-06 14:43:03.589 32186 32204 E AndroidRuntime: 	at android.os.BinderProxy.transactNative(Native Method)
10-06 14:43:03.589 32186 32204 E AndroidRuntime: 	at android.os.BinderProxy.transact(BinderProxy.java:639)
10-06 14:43:03.589 32186 32204 E AndroidRuntime: 	at android.app.IUiAutomationConnection$Stub$Proxy.disconnect(IUiAutomationConnection.java:471)
10-06 14:43:03.589 32186 32204 E AndroidRuntime: 	at android.app.UiAutomation.disconnect(UiAutomation.java:449)
10-06 14:43:03.589 32186 32204 E AndroidRuntime: 	... 5 more
10-06 15:42:53.491 24061 24079 E AndroidRuntime: FATAL EXCEPTION: Instr: androidx.test.runner.AndroidJUnitRunner
10-06 15:42:53.491 24061 24079 E AndroidRuntime: Process: io.appium.uiautomator2.server, PID: 24061
10-06 15:42:53.491 24061 24079 E AndroidRuntime: java.lang.RuntimeException: Error while disconnecting UiAutomation@14d1251[id=-1, displayId=0, flags=0]
10-06 15:42:53.491 24061 24079 E AndroidRuntime: 	at android.app.UiAutomation.disconnect(UiAutomation.java:451)
10-06 15:42:53.491 24061 24079 E AndroidRuntime: 	at android.app.Instrumentation.finish(Instrumentation.java:275)
10-06 15:42:53.491 24061 24079 E AndroidRuntime: 	at androidx.test.runner.MonitoringInstrumentation.finish(MonitoringInstrumentation.java:381)
10-06 15:42:53.491 24061 24079 E AndroidRuntime: 	at androidx.test.runner.AndroidJUnitRunner.finish(AndroidJUnitRunner.java:463)
10-06 15:42:53.491 24061 24079 E AndroidRuntime: 	at androidx.test.runner.AndroidJUnitRunner.onStart(AndroidJUnitRunner.java:452)
10-06 15:42:53.491 24061 24079 E AndroidRuntime: 	at android.app.Instrumentation$InstrumentationThread.run(Instrumentation.java:2440)
10-06 15:42:53.491 24061 24079 E AndroidRuntime: Caused by: android.os.DeadObjectException
10-06 15:42:53.491 24061 24079 E AndroidRuntime: 	at android.os.BinderProxy.transactNative(Native Method)
10-06 15:42:53.491 24061 24079 E AndroidRuntime: 	at android.os.BinderProxy.transact(BinderProxy.java:639)
10-06 15:42:53.491 24061 24079 E AndroidRuntime: 	at android.app.IUiAutomationConnection$Stub$Proxy.disconnect(IUiAutomationConnection.java:471)
10-06 15:42:53.491 24061 24079 E AndroidRuntime: 	at android.app.UiAutomation.disconnect(UiAutomation.java:449)
10-06 15:42:53.491 24061 24079 E AndroidRuntime: 	... 5 more
10-08 14:35:58.835  8798  8819 E AndroidRuntime: FATAL EXCEPTION: Instr: androidx.test.runner.AndroidJUnitRunner
10-08 14:35:58.835  8798  8819 E AndroidRuntime: Process: io.appium.uiautomator2.server, PID: 8798
10-08 14:35:58.835  8798  8819 E AndroidRuntime: java.lang.RuntimeException: Error while disconnecting UiAutomation@68ee26e[id=-1, displayId=0, flags=0]
10-08 14:35:58.835  8798  8819 E AndroidRuntime: 	at android.app.UiAutomation.disconnect(UiAutomation.java:451)
10-08 14:35:58.835  8798  8819 E AndroidRuntime: 	at android.app.Instrumentation.finish(Instrumentation.java:275)
10-08 14:35:58.835  8798  8819 E AndroidRuntime: 	at androidx.test.runner.MonitoringInstrumentation.finish(MonitoringInstrumentation.java:381)
10-08 14:35:58.835  8798  8819 E AndroidRuntime: 	at androidx.test.runner.AndroidJUnitRunner.finish(AndroidJUnitRunner.java:463)
10-08 14:35:58.835  8798  8819 E AndroidRuntime: 	at androidx.test.runner.AndroidJUnitRunner.onStart(AndroidJUnitRunner.java:452)
10-08 14:35:58.835  8798  8819 E AndroidRuntime: 	at android.app.Instrumentation$InstrumentationThread.run(Instrumentation.java:2440)
10-08 14:35:58.835  8798  8819 E AndroidRuntime: Caused by: android.os.DeadObjectException
10-08 14:35:58.835  8798  8819 E AndroidRuntime: 	at android.os.BinderProxy.transactNative(Native Method)
10-08 14:35:58.835  8798  8819 E AndroidRuntime: 	at android.os.BinderProxy.transact(BinderProxy.java:639)
10-08 14:35:58.835  8798  8819 E AndroidRuntime: 	at android.app.IUiAutomationConnection$Stub$Proxy.disconnect(IUiAutomationConnection.java:471)
10-08 14:35:58.835  8798  8819 E AndroidRuntime: 	at android.app.UiAutomation.disconnect(UiAutomation.java:449)
10-08 14:35:58.835  8798  8819 E AndroidRuntime: 	... 5 more
10-09 09:52:15.631  6455  6472 E AndroidRuntime: FATAL EXCEPTION: Instr: androidx.test.runner.AndroidJUnitRunner
10-09 09:52:15.631  6455  6472 E AndroidRuntime: Process: io.appium.uiautomator2.server, PID: 6455
10-09 09:52:15.631  6455  6472 E AndroidRuntime: java.lang.RuntimeException: Error while disconnecting UiAutomation@ed66072[id=-1, displayId=0, flags=0]
10-09 09:52:15.631  6455  6472 E AndroidRuntime: 	at android.app.UiAutomation.disconnect(UiAutomation.java:451)
10-09 09:52:15.631  6455  6472 E AndroidRuntime: 	at android.app.Instrumentation.finish(Instrumentation.java:275)
10-09 09:52:15.631  6455  6472 E AndroidRuntime: 	at androidx.test.runner.MonitoringInstrumentation.finish(MonitoringInstrumentation.java:381)
10-09 09:52:15.631  6455  6472 E AndroidRuntime: 	at androidx.test.runner.AndroidJUnitRunner.finish(AndroidJUnitRunner.java:463)
10-09 09:52:15.631  6455  6472 E AndroidRuntime: 	at androidx.test.runner.AndroidJUnitRunner.onStart(AndroidJUnitRunner.java:452)
10-09 09:52:15.631  6455  6472 E AndroidRuntime: 	at android.app.Instrumentation$InstrumentationThread.run(Instrumentation.java:2440)
10-09 09:52:15.631  6455  6472 E AndroidRuntime: Caused by: android.os.DeadObjectException
10-09 09:52:15.631  6455  6472 E AndroidRuntime: 	at android.os.BinderProxy.transactNative(Native Method)
10-09 09:52:15.631  6455  6472 E AndroidRuntime: 	at android.os.BinderProxy.transact(BinderProxy.java:639)
10-09 09:52:15.631  6455  6472 E AndroidRuntime: 	at android.app.IUiAutomationConnection$Stub$Proxy.disconnect(IUiAutomationConnection.java:471)
10-09 09:52:15.631  6455  6472 E AndroidRuntime: 	at android.app.UiAutomation.disconnect(UiAutomation.java:449)
10-09 09:52:15.631  6455  6472 E AndroidRuntime: 	... 5 more
10-10 11:31:59.685 16596 16613 E AndroidRuntime: FATAL EXCEPTION: Instr: androidx.test.runner.AndroidJUnitRunner
10-10 11:31:59.685 16596 16613 E AndroidRuntime: Process: io.appium.uiautomator2.server, PID: 16596
10-10 11:31:59.685 16596 16613 E AndroidRuntime: java.lang.RuntimeException: Error while disconnecting UiAutomation@cbc2880[id=-1, displayId=0, flags=0]
10-10 11:31:59.685 16596 16613 E AndroidRuntime: 	at android.app.UiAutomation.disconnect(UiAutomation.java:451)
10-10 11:31:59.685 16596 16613 E AndroidRuntime: 	at android.app.Instrumentation.finish(Instrumentation.java:275)
10-10 11:31:59.685 16596 16613 E AndroidRuntime: 	at androidx.test.runner.MonitoringInstrumentation.finish(MonitoringInstrumentation.java:381)
10-10 11:31:59.685 16596 16613 E AndroidRuntime: 	at androidx.test.runner.AndroidJUnitRunner.finish(AndroidJUnitRunner.java:463)
10-10 11:31:59.685 16596 16613 E AndroidRuntime: 	at androidx.test.runner.AndroidJUnitRunner.onStart(AndroidJUnitRunner.java:452)
10-10 11:31:59.685 16596 16613 E AndroidRuntime: 	at android.app.Instrumentation$InstrumentationThread.run(Instrumentation.java:2440)
10-10 11:31:59.685 16596 16613 E AndroidRuntime: Caused by: android.os.DeadObjectException
10-10 11:31:59.685 16596 16613 E AndroidRuntime: 	at android.os.BinderProxy.transactNative(Native Method)
10-10 11:31:59.685 16596 16613 E AndroidRuntime: 	at android.os.BinderProxy.transact(BinderProxy.java:639)
10-10 11:31:59.685 16596 16613 E AndroidRuntime: 	at android.app.IUiAutomationConnection$Stub$Proxy.disconnect(IUiAutomationConnection.java:471)
10-10 11:31:59.685 16596 16613 E AndroidRuntime: 	at android.app.UiAutomation.disconnect(UiAutomation.java:449)
10-10 11:31:59.685 16596 16613 E AndroidRuntime: 	... 5 more
--------- beginning of system
10-13 10:49:15.950  1902 23179 D BackupTransportManager: [UserID:0] Transport com.google.android.gms/.backup.BackupTransportService updated its attributes
10-13 10:49:15.987  1902  1902 I TransportConnection: BackupTransportService#10178: Notifying [AppBackupUtils.appIsRunningAndEligibleForBackupWithTransport] transport = BackupTransportClient
10-13 10:49:16.005  1902 22706 D BackupTransportManager: [UserID:0] Transport com.google.android.gms/.backup.BackupTransportService updated its attributes
10-13 10:49:16.027  1902  1902 I TransportConnection: BackupTransportService#10181: Notifying [AppBackupUtils.appIsRunningAndEligibleForBackupWithTransport] transport = BackupTransportClient
10-13 10:49:16.032  1902 22706 D BackupTransportManager: [UserID:0] Transport com.google.android.gms/.backup.BackupTransportService updated its attributes
10-13 10:49:16.042  1902  3317 D CompatibilityChangeReporter: Compat change id reported: 161145287; UID 10116; state: ENABLED
10-13 10:49:16.066  1902  1902 I TransportConnection: BackupTransportService#10182: Notifying [AppBackupUtils.appIsRunningAndEligibleForBackupWithTransport] transport = BackupTransportClient
10-13 10:49:16.074  1902  2697 D BackupTransportManager: [UserID:0] Transport com.google.android.gms/.backup.BackupTransportService updated its attributes
10-13 10:49:16.087  1902 22586 D CompatibilityChangeReporter: Compat change id reported: 135634846; UID 6110; state: DISABLED
10-13 10:49:16.087  1902 22586 D CompatibilityChangeReporter: Compat change id reported: 177438394; UID 6110; state: DISABLED
10-13 10:49:16.087  1902 22586 D CompatibilityChangeReporter: Compat change id reported: 135772972; UID 6110; state: DISABLED
10-13 10:49:16.087  1902 22586 D CompatibilityChangeReporter: Compat change id reported: 135754954; UID 6110; state: ENABLED
10-13 10:49:16.103  1902  1955 I ActivityManager: Start proc 15179:com.xiaomi.finddevice/6110 for content provider {com.xiaomi.finddevice/com.xiaomi.finddevice.v2.devicecredential.CloudIdProvider} caller=com.miui.cloudservice
10-13 10:49:16.105  1902  1902 I TransportConnection: BackupTransportService#10184: Notifying [AppBackupUtils.appIsRunningAndEligibleForBackupWithTransport] transport = BackupTransportClient
10-13 10:49:16.117  1902  3317 D BackupTransportManager: [UserID:0] Transport com.google.android.gms/.backup.BackupTransportService updated its attributes
10-13 10:49:16.154  1902 22586 I SmartPower: com.google.android.contacts/10189(13216): idle->background(827504ms) R(service create com.google.android.contacts/com.google.android.apps.contacts.operation.ContactsService) adj=0.
10-13 10:49:16.154  1902 22706 D CompatibilityChangeReporter: Compat change id reported: 171306433; UID 1000; state: ENABLED
10-13 10:49:16.161  1902  1977 I DisplayPowerController[0]: Blocking screen on until initial contents have been drawn.
10-13 10:49:16.161  1902  1977 I WindowManager: Display 0 turning on...
10-13 10:49:16.165  1902  1977 D DisplayPowerControllerImpl: updateBrightnessChangeStatus: animating: false, displayState: 3, slowChange: false, appliedDimming: false, appliedLowPower: false, currentBrightness: 0.0, currentSdrBrightness: 0.0, targetBrightness: 0.058980778, targetSdrBrightness: 0.058980778, previousDisplayPolicy: 0, currentDisplayPolicy: 1
10-13 10:49:16.166  1902  1977 I DisplayPowerController[0]: Brightness [0.058980778] reason changing to: 'doze_default', previous reason: 'screen_off'.
10-13 10:49:16.166  1902  1977 I DisplayPowerController[0]: BrightnessEvent: disp=0, physDisp=local:4627039422300187648, brt=0.058980778, initBrt=-1.0, rcmdBrt=NaN, preBrt=NaN, lux=0.0, preLux=0.0, hbmMax=0.499938, hbmMode=off, rbcStrength=50, thrmMax=1.0, powerFactor=1.0, wasShortTermModelActive=false, flags=, reason=doze_default, autoBrightness=true, strategy=
10-13 10:49:16.176  1902  2652 I LocalDisplayAdapter: setDisplayState(id=4627039422300187648, state=DOZE)
10-13 10:49:16.176  1902  1938 I DisplayDeviceRepository: Display device changed state: "Built-in Screen", DOZE
10-13 10:49:16.180  1902  2682 D CompatibilityChangeReporter: Compat change id reported: 170503758; UID 10175; state: ENABLED
10-13 10:49:16.182  1902  1918 D CompatibilityChangeReporter: Compat change id reported: 170503758; UID 10075; state: ENABLED
10-13 10:49:16.199  1902  1939 I DisplayDevice: [0] Layerstack set to 0 for local:4627039422300187648
10-13 10:49:16.199  1902  1902 I TransportConnection: BackupTransportService#10185: Notifying [AppBackupUtils.appIsRunningAndEligibleForBackupWithTransport] transport = BackupTransportClient
10-13 10:49:16.211  1902  2303 I SmartPower: com.xiaomi.finddevice/6110(15179): died->background(3701240ms) R(process start ) adj=-10000.
10-13 10:49:16.215  1902  2303 D CompatibilityChangeReporter: Compat change id reported: 168419799; UID 6110; state: DISABLED
10-13 10:49:16.215  1902  2303 D CompatibilityChangeReporter: Compat change id reported: 273564678; UID 6110; state: DISABLED
10-13 10:49:16.219  1902  2323 D CompatibilityChangeReporter: Compat change id reported: 265195908; UID 6110; state: ENABLED
10-13 10:49:16.219  1902  2775 D BackupTransportManager: [UserID:0] Transport com.google.android.gms/.backup.BackupTransportService updated its attributes
10-13 10:49:16.237 14987 14987 D ActivityThread: useGrowthLimitOutExpendMethod invoke error.
10-13 10:49:16.247  1902  4160 I WindowManager: mKeyguardDelegate.ShowListener.onDrawn.
10-13 10:49:16.247  1902  1936 W WindowManager: Setting mKeyguardDrawComplete
10-13 10:49:16.271  1902  1902 I TransportConnection: BackupTransportService#10188: Notifying [AppBackupUtils.appIsRunningAndEligibleForBackupWithTransport] transport = BackupTransportClient
10-13 10:49:16.275  1902 23161 D BackupTransportManager: [UserID:0] Transport com.google.android.gms/.backup.BackupTransportService updated its attributes
10-13 10:49:16.297  1902  4160 D CompatibilityChangeReporter: Compat change id reported: 271850009; UID 10234; state: ENABLED
10-13 10:49:16.297  1902  1902 I TransportConnection: BackupTransportService#10192: Notifying [AppBackupUtils.appIsRunningAndEligibleForBackupWithTransport] transport = BackupTransportClient
10-13 10:49:16.297  1902  4160 D CompatibilityChangeReporter: Compat change id reported: 253665015; UID 10234; state: ENABLED
10-13 10:49:16.297  1902  4160 D CompatibilityChangeReporter: Compat change id reported: 194532703; UID 10234; state: ENABLED
10-13 10:49:16.302  1902 23161 W WindowManager: finishDrawingWindow: Window{713d2d6 u0 NotificationShade} mDrawState=DRAW_PENDING
10-13 10:49:16.302  1902 23161 D WindowManager: wms.finishDrawingLocked: mDrawState=COMMIT_DRAW_PENDING Window{713d2d6 u0 NotificationShade} in Surface(name=NotificationShade#26108)/@0x8d09e9c
10-13 10:49:16.310  1902  1936 W WindowManager: All windows drawn on display -1
10-13 10:49:16.312  1902  1977 I DisplayPowerController[0]: Unblocked screen on after 152 ms
10-13 10:49:16.315  1902  3385 D BackupTransportManager: [UserID:0] Transport com.google.android.gms/.backup.BackupTransportService updated its attributes
10-13 10:49:16.338  1902  2652 D LocalDisplayAdapter: setDisplayBrightness: setting doze brightness: 0.058980778
10-13 10:49:16.338  1902  2652 D DisplayFeatureManagerService: setDozeBrightness, brightness: 967, value: 1
10-13 10:49:16.338  1902  2652 D DisplayFeatureManagerService: setScreenEffect displayId=0 mode=25 value=1 cookie=255 from pid=1902
10-13 10:49:16.339  1902  1977 I WindowManager: Display 0 turned on...
10-13 10:49:16.339  1902  1938 I DisplayDeviceRepository: Display device changed state: "Built-in Screen", DOZE
10-13 10:49:16.341  1902  1938 D TAG     : Remove previously redundant display event 0/2 to 10312/10650
10-13 10:49:16.350  1902  2619 D DisplayFeatureManagerService: setScreenEffect displayId=0 mode=23 value=2 cookie=255 from pid=1902
10-13 10:49:16.352  1902  1958 I ExtM    : zram userate is low, no need to flush: 25
10-13 10:49:16.353  1902  2619 D DisplayFeatureManagerService: setScreenEffect displayId=0 mode=0 value=2 cookie=255 from pid=1902
10-13 10:49:16.364  1902  3385 D CompatibilityChangeReporter: Compat change id reported: 161252188; UID 10329; state: DISABLED
10-13 10:49:16.366  1902  3385 I ActivityManager: Background started FGS: Allowed [callingPackage: com.miui.gallery; callingUid: 10078; uidState: CEM ; uidBFSL: n/a; intent: Intent { cmp=com.xiaomi.aicr/.access.AiCrCoreService (has extras) }; code:BACKGROUND_FGS_PERMISSION; tempAllowListReason:<null>; targetSdkVersion:34; callerTargetSdkVersion:34; startForegroundCount:0; bindFromPackage:null: isBindService:false]
10-13 10:49:16.370  1902  3385 D CompatibilityChangeReporter: Compat change id reported: 135634846; UID 10329; state: DISABLED
10-13 10:49:16.370  1902  3385 D CompatibilityChangeReporter: Compat change id reported: 177438394; UID 10329; state: DISABLED
10-13 10:49:16.370  1902  3385 D CompatibilityChangeReporter: Compat change id reported: 135772972; UID 10329; state: DISABLED
10-13 10:49:16.370  1902  3385 D CompatibilityChangeReporter: Compat change id reported: 135754954; UID 10329; state: ENABLED
10-13 10:49:16.371  1902  1955 D CompatibilityChangeReporter: Compat change id reported: 143937733; UID 10329; state: ENABLED
10-13 10:49:16.390  1902  1955 I ActivityManager: Start proc 15213:com.xiaomi.aicr:coreService/u0a329 for service {com.xiaomi.aicr/com.xiaomi.aicr.access.AiCrCoreService} caller=com.miui.gallery
10-13 10:49:16.391  1902  2323 D CompatibilityChangeReporter: Compat change id reported: 265195908; UID 10082; state: ENABLED
10-13 10:49:16.408  1902  1902 I TransportConnection: BackupTransportService#10194: Notifying [AppBackupUtils.appIsRunningAndEligibleForBackupWithTransport] transport = BackupTransportClient
10-13 10:49:16.427  1902  1918 D BackupTransportManager: [UserID:0] Transport com.google.android.gms/.backup.BackupTransportService updated its attributes
10-13 10:49:16.450  1902  4160 I SmartPower: com.xiaomi.aicr:coreService/10329(15213): died->background(9795091ms) R(process start ) adj=-10000.
10-13 10:49:16.452  1902  4160 D CompatibilityChangeReporter: Compat change id reported: 168419799; UID 10329; state: DISABLED
10-13 10:49:16.452  1902  4160 D CompatibilityChangeReporter: Compat change id reported: 273564678; UID 10329; state: DISABLED
10-13 10:49:16.470  1902 22586 D CompatibilityChangeReporter: Compat change id reported: 170503758; UID 10329; state: ENABLED
10-13 10:49:16.473  1902  1902 I TransportConnection: BackupTransportService#10196: Notifying [AppBackupUtils.appIsRunningAndEligibleForBackupWithTransport] transport = BackupTransportClient
10-13 10:49:16.481  1902 23161 D BackupTransportManager: [UserID:0] Transport com.google.android.gms/.backup.BackupTransportService updated its attributes
10-13 10:49:16.483  1902  1938 I DisplayDeviceRepository: Display device changed: DisplayDeviceInfo{"Built-in Screen": uniqueId="local:4627039422300187648", 1080 x 2400, modeId 4, renderFrameRate 30.000002, defaultModeId 2, supportedModes [{id=1, width=1080, height=2400, fps=60.0, alternativeRefreshRates=[30.000002, 90.0, 120.00001], supportedHdrTypes=[1, 2, 3, 4]}, {id=2, width=1080, height=2400, fps=120.00001, alternativeRefreshRates=[30.000002, 60.0, 90.0], supportedHdrTypes=[1, 2, 3, 4]}, {id=3, width=1080, height=2400, fps=90.0, alternativeRefreshRates=[30.000002, 60.0, 120.00001], supportedHdrTypes=[1, 2, 3, 4]}, {id=4, width=1080, height=2400, fps=30.000002, alternativeRefreshRates=[60.0, 90.0, 120.00001], supportedHdrTypes=[1, 2, 3, 4]}], colorMode 0, supportedColorModes [0, 7, 9], hdrCapabilities HdrCapabilities{mSupportedHdrTypes=[1, 2, 3, 4], mMaxLuminance=500.0, mMaxAverageLuminance=500.0, mMinLuminance=0.0}, allmSupported false, gameContentTypeSupported false, density 440, 394.409 x 394.409 dpi, appVsyncOff 19066664, presDeadline 28600001, cutout DisplayCutout{insets=Rect(0, 94 - 0, 0) waterfall=Insets{left=0, top=0, right=0, bottom=0} boundingRect={Bounds=[Rect(0, 0 - 0, 0), Rect(512, 0 - 568, 94), Rect(0, 0 - 0, 0), Rect(0, 0 - 0, 0)]} cutoutPathParserInfo={CutoutPathParserInfo{displayWidth=1080 displayHeight=2400 physicalDisplayWidth=1080 physicalDisplayHeight=2400 density={2.75} cutoutSpec={M 0,0 H -28 V 94 H 28 V 0 H 0 Z} rotation={0} scale={1.0} physicalPixelDisplaySizeRatio={1.0}}}}, touch INTERNAL, rotation 0, type INTERNAL, address {port=0, model=0x40368bd6e7ee6c}, deviceProductInfo DeviceProductInfo{name=MTKDEV, manufacturerPnpId=MTK, productId=35638, modelYear=null, manufactureDate=ManufactureDate{week=42, year=2021}, connectionToSinkType=0}, state DOZE, committedState DOZE, frameRateOverride , brightnessMinimum 0.0, brightnessMaximum 1.0, brightnessDefault 0.07496032, hdrSdrRatio NaN, roundedCorners RoundedCorners{[RoundedCorner{position=TopLeft, radius=70, center=Point(70, 70)}, RoundedCorner{position=TopRight, radius=70, center=Point(1010, 70)}, RoundedCorner{position=BottomRight, radius=70, center=Point(1010, 2330)}, RoundedCorner{position=BottomLeft, radius=70, center=Point(70, 2330)}]}, FLAG_ALLOWED_TO_BE_DEFAULT_DISPLAY, FLAG_ROTATES_WITH_CONTENT, FLAG_SECURE, FLAG_SUPPORTS_PROTECTED_BUFFERS, FLAG_TRUSTED, installOrientation 0, displayShape DisplayShape{ spec=-1893857183 displayWidth=1080 displayHeight=2400 physicalPixelDisplaySizeRatio=1.0 rotation=0 offsetX=0 offsetY=0 scale=1.0}}
10-13 10:49:16.488  1902  1938 D TAG     : Remove previously redundant display event 0/2 to 10312/10650
10-13 10:49:16.503  1902  1902 I TransportConnection: BackupTransportService#10197: Notifying [AppBackupUtils.appIsRunningAndEligibleForBackupWithTransport] transport = BackupTransportClient
10-13 10:49:16.511  1902  2303 D BackupTransportManager: [UserID:0] Transport com.google.android.gms/.backup.BackupTransportService updated its attributes
10-13 10:49:16.550  1902  1902 I TransportConnection: BackupTransportService#10199: Notifying [AppBackupUtils.appIsRunningAndEligibleForBackupWithTransport] transport = BackupTransportClient
10-13 10:49:16.550  1902 23161 W ContentProviderHelper: No provider info for content provider  when providerRunning is false, caller is ProcessRecord{af876cd 14766:com.miui.gallery/u0a78}
10-13 10:49:16.555 14766 14950 E ActivityThread: Failed to find provider info for 
10-13 10:49:16.557  1902  2774 W ContentProviderHelper: No provider info for content provider  when providerRunning is false, caller is null
10-13 10:49:16.558 14766 14954 W BpBinder: Slow Binder: BpBinder transact took 385 ms, interface=android.content.IContentService, code=2 oneway=false
10-13 10:49:16.559  1902  2774 D CompatibilityChangeReporter: Compat change id reported: 161145287; UID 6110; state: DISABLED
10-13 10:49:16.565  1902  2774 D BackupTransportManager: [UserID:0] Transport com.google.android.gms/.backup.BackupTransportService updated its attributes
10-13 10:49:16.578  1902  2600 D isUidValid: uid = 6110
10-13 10:49:16.584 15213 15213 D ActivityThread: useGrowthLimitOutExpendMethod invoke error.
10-13 10:49:16.597  1902  1902 I TransportConnection: BackupTransportService#10201: Notifying [AppBackupUtils.appIsRunningAndEligibleForBackupWithTransport] transport = BackupTransportClient
10-13 10:49:16.608  1902 23171 D BackupTransportManager: [UserID:0] Transport com.google.android.gms/.backup.BackupTransportService updated its attributes
10-13 10:49:16.610  1902  2775 D CompatibilityChangeReporter: Compat change id reported: 135634846; UID 10148; state: DISABLED
10-13 10:49:16.610  1902  2775 D CompatibilityChangeReporter: Compat change id reported: 177438394; UID 10148; state: DISABLED
10-13 10:49:16.610  1902  2775 D CompatibilityChangeReporter: Compat change id reported: 135772972; UID 10148; state: DISABLED
10-13 10:49:16.610  1902  2775 D CompatibilityChangeReporter: Compat change id reported: 135754954; UID 10148; state: ENABLED
10-13 10:49:16.611  1902  1955 D CompatibilityChangeReporter: Compat change id reported: 143937733; UID 10148; state: ENABLED
10-13 10:49:16.620  1902  2697 D CompatibilityChangeReporter: Compat change id reported: 135634846; UID 10235; state: DISABLED
10-13 10:49:16.620  1902  2697 D CompatibilityChangeReporter: Compat change id reported: 177438394; UID 10235; state: DISABLED
10-13 10:49:16.621  1902  2697 D CompatibilityChangeReporter: Compat change id reported: 135772972; UID 10235; state: DISABLED
10-13 10:49:16.621  1902  2697 D CompatibilityChangeReporter: Compat change id reported: 135754954; UID 10235; state: ENABLED
10-13 10:49:16.633  1902 23268 I ActivityManager: Flag disabled. Ignoring finishAttachApplication from uid: 10329. pid: 15213
10-13 10:49:16.641  1902  2303 D CompatibilityChangeReporter: Compat change id reported: 135634846; UID 10116; state: DISABLED
10-13 10:49:16.641  1902  2303 D CompatibilityChangeReporter: Compat change id reported: 177438394; UID 10116; state: DISABLED
10-13 10:49:16.641  1902  2303 D CompatibilityChangeReporter: Compat change id reported: 135772972; UID 10116; state: DISABLED
10-13 10:49:16.641  1902  2303 D CompatibilityChangeReporter: Compat change id reported: 135754954; UID 10116; state: ENABLED
10-13 10:49:16.647  1902  1902 I TransportConnection: BackupTransportService#10205: Notifying [AppBackupUtils.appIsRunningAndEligibleForBackupWithTransport] transport = BackupTransportClient
10-13 10:49:16.656  1902  2620 I SmartPower: com.miui.home/10085(3001): background->idle(3002ms) R(content provider start ContentProviderRecord{e32c05d u0 com.miui.home/.launcher.LauncherProvider}) adj=100.
10-13 10:49:16.658  1902  2775 I ActivityManager: Flag disabled. Ignoring finishAttachApplication from uid: 6110. pid: 15179
10-13 10:49:16.661  1902  1955 W ActivityManager: Slow operation: 52ms so far, now at startProcess: done updating battery stats
10-13 10:49:16.662  1902  1955 W ActivityManager: Slow operation: 52ms so far, now at startProcess: building log message
10-13 10:49:16.662  1902  1955 I ActivityManager: Start proc 15281:com.xiaomi.simactivate.service/u0a148 for service {com.xiaomi.simactivate.service/com.xiaomi.activate.ActivateService} caller=com.miui.cloudservice
10-13 10:49:16.662  1902  1955 W ActivityManager: Slow operation: 53ms so far, now at startProcess: starting to update pids map
10-13 10:49:16.662  1902  1955 W ActivityManager: Slow operation: 53ms so far, now at startProcess: done updating pids map
10-13 10:49:16.663  1902  1955 D CompatibilityChangeReporter: Compat change id reported: 143937733; UID 10235; state: ENABLED
10-13 10:49:16.664  1902 23161 I ActivityManager: Flag disabled. Ignoring finishAttachApplication from uid: 10116. pid: 15127
10-13 10:49:16.677  1902 23268 D CompatibilityChangeReporter: Compat change id reported: 177438394; UID 10242; state: DISABLED
10-13 10:49:16.677  1902 23268 D CompatibilityChangeReporter: Compat change id reported: 135772972; UID 10242; state: DISABLED
10-13 10:49:16.677  1902 23268 D CompatibilityChangeReporter: Compat change id reported: 135754954; UID 10242; state: ENABLED
10-13 10:49:16.678  1902 22706 D BackupTransportManager: [UserID:0] Transport com.google.android.gms/.backup.BackupTransportService updated its attributes
10-13 10:49:16.678  1902  3385 I ActivityManager: Process com.google.android.projection.gearhead:projection (pid 13230) has died: cch+55 CEM 
10-13 10:49:16.678  1902  2611 E ProcessManager: error write exception log
10-13 10:49:16.683  1902  2775 D CompatibilityChangeReporter: Compat change id reported: 261072174; UID 10329; state: ENABLED
10-13 10:49:16.683  1902  2323 D CompatibilityChangeReporter: Compat change id reported: 265195908; UID 10235; state: ENABLED
10-13 10:49:16.688  1902 23265 I SmartPower: com.xiaomi.aicr:cognitionService/10329(28086): idle->background(6089328ms) R(content provider start ContentProviderRecord{8be7291 u0 com.xiaomi.aicr/.provider.OpenCapabilityProvider}) adj=200.
10-13 10:49:16.690  1902  1955 W ActivityManager: Slow operation: 70ms so far, now at startProcess: returned from zygote!
10-13 10:49:16.692  1902  1955 W ActivityManager: Slow operation: 72ms so far, now at startProcess: done updating battery stats
10-13 10:49:16.693  1902  1955 W ActivityManager: Slow operation: 72ms so far, now at startProcess: building log message
10-13 10:49:16.693  1902  1955 I ActivityManager: Start proc 15291:com.miui.mediaeditor/u0a235 for content provider {com.miui.mediaeditor/com.miui.mediaeditor.provider.MediaEditorProviderForGallery} caller=com.miui.gallery
10-13 10:49:16.693  1902  1955 W ActivityManager: Slow operation: 73ms so far, now at startProcess: starting to update pids map
10-13 10:49:16.697  1902  1955 W ActivityManager: Slow operation: 76ms so far, now at startProcess: done updating pids map
10-13 10:49:16.697  1902  1955 W ActivityManager: Slow operation: 56ms so far, now at startProcess: asking zygote to start proc
10-13 10:49:16.697  1902  1955 D CompatibilityChangeReporter: Compat change id reported: 143937733; UID 10116; state: ENABLED
10-13 10:49:16.697  1902 23268 I ActivityManager: Process com.google.android.apps.healthdata (pid 13281) has died: cch+55 CEM 
10-13 10:49:16.697  1902  2611 E ProcessManager: error write exception log
10-13 10:49:16.705  1902  1936 D DisplayManagerService: Drop pending events for gone uid 10299
10-13 10:49:16.706  1902  1955 W ActivityManager: Slow operation: 66ms so far, now at startProcess: returned from zygote!
10-13 10:49:16.707  1902  1955 W ActivityManager: Slow operation: 66ms so far, now at startProcess: done updating battery stats
10-13 10:49:16.707  1902  1955 W ActivityManager: Slow operation: 67ms so far, now at startProcess: building log message
10-13 10:49:16.708  1902  1955 I ActivityManager: Start proc 15307:com.miui.cloudservice:galleryproxy/u0a116 for content provider {com.miui.cloudservice/com.miui.cloudservice.provider.GalleryProxySecurityDeviceCredentialProvider} caller=com.miui.gallery
10-13 10:49:16.708  1902  1955 W ActivityManager: Slow operation: 68ms so far, now at startProcess: starting to update pids map
10-13 10:49:16.709  1902  1955 W ActivityManager: Slow operation: 69ms so far, now at startProcess: done updating pids map
10-13 10:49:16.710  1902  1955 D CompatibilityChangeReporter: Compat change id reported: 143937733; UID 10242; state: ENABLED
10-13 10:49:16.711  1902  2697 D CompatibilityChangeReporter: Compat change id reported: 161145287; UID 10329; state: ENABLED
10-13 10:49:16.714  1902 23265 W ContentProviderHelper: No provider info for content provider com.miui.permcenter.privacycenter when providerRunning is false, caller is ProcessRecord{c55e041 28086:com.xiaomi.aicr:cognitionService/u0a329}
10-13 10:49:16.715 28086 28381 E ActivityThread: Failed to find provider info for com.miui.permcenter.privacycenter
10-13 10:49:16.721  1902  1902 I TransportConnection: BackupTransportService#10206: Notifying [AppBackupUtils.appIsRunningAndEligibleForBackupWithTransport] transport = BackupTransportClient
10-13 10:49:16.725  1902 22425 I SmartPower: com.xiaomi.simactivate.service/10148(15281): died->background(4306274ms) R(process start ) adj=-10000.
10-13 10:49:16.734  1902 23268 D BackupTransportManager: [UserID:0] Transport com.google.android.gms/.backup.BackupTransportService updated its attributes
10-13 10:49:16.735  1902 22425 D CompatibilityChangeReporter: Compat change id reported: 168419799; UID 10148; state: DISABLED
10-13 10:49:16.735  1902 22425 D CompatibilityChangeReporter: Compat change id reported: 273564678; UID 10148; state: DISABLED
10-13 10:49:16.737  1902  1955 W ActivityManager: Slow operation: 61ms so far, now at startProcess: returned from zygote!
10-13 10:49:16.742  1902 22425 D CompatibilityChangeReporter: Compat change id reported: 261072174; UID 10116; state: ENABLED
10-13 10:49:16.742  1902  1955 W ActivityManager: Slow operation: 66ms so far, now at startProcess: done updating battery stats
10-13 10:49:16.743  1902  1955 W ActivityManager: Slow operation: 67ms so far, now at startProcess: building log message
10-13 10:49:16.744  1902  1955 I ActivityManager: Start proc 15329:com.google.android.apps.docs/u0a242 for service {com.google.android.apps.docs/com.google.android.libraries.notifications.entrypoints.scheduled.ScheduledTaskService} caller=android
10-13 10:49:16.744  1902  1955 W ActivityManager: Slow operation: 67ms so far, now at startProcess: starting to update pids map
10-13 10:49:16.744  1902  1955 W ActivityManager: Slow operation: 68ms so far, now at startProcess: done updating pids map
10-13 10:49:16.763  1902  1917 D CompatibilityChangeReporter: Compat change id reported: 170503758; UID 10148; state: ENABLED
10-13 10:49:16.769  1902 23171 D CompatibilityChangeReporter: Compat change id reported: 170668199; UID 10329; state: ENABLED
10-13 10:49:16.769  1902 23171 D CompatibilityChangeReporter: Compat change id reported: 170668199; UID 10078; state: ENABLED
10-13 10:49:16.769  1902 23171 W ActivityManager: Foreground service started from background can not have location/camera/microphone access: service com.xiaomi.aicr/.access.AiCrCoreService
10-13 10:49:16.770  1902 23171 D CompatibilityChangeReporter: Compat change id reported: 255659651; UID 10329; state: DISABLED
10-13 10:49:16.770  1902 23171 D CompatibilityChangeReporter: Compat change id reported: 255039210; UID 10329; state: DISABLED
10-13 10:49:16.792  1902 23179 I SmartPower: com.miui.mediaeditor/10235(15291): died->background(6088228ms) R(process start ) adj=-10000.
10-13 10:49:16.793  1902 23179 D CompatibilityChangeReporter: Compat change id reported: 168419799; UID 10235; state: DISABLED
10-13 10:49:16.793  1902 23179 D CompatibilityChangeReporter: Compat change id reported: 273564678; UID 10235; state: DISABLED
10-13 10:49:16.796  1902 22704 I SmartPower: com.miui.cloudservice:galleryproxy/10116(15307): died->background(4613562ms) R(process start ) adj=-10000.
10-13 10:49:16.799  1902 22704 D CompatibilityChangeReporter: Compat change id reported: 168419799; UID 10116; state: DISABLED
10-13 10:49:16.799  1902 22704 D CompatibilityChangeReporter: Compat change id reported: 273564678; UID 10116; state: DISABLED
10-13 10:49:16.809  1902  3385 I ActivityManager: Process com.google.android.apps.restore (pid 13258) has died: cch+55 CEM 
10-13 10:49:16.810  1902  2611 E ProcessManager: error write exception log
10-13 10:49:16.811  1902  1936 D DisplayManagerService: Drop pending events for gone uid 10174
10-13 10:49:16.829 14649 14856 W BpBinder: Slow Binder: BpBinder transact took 1361 ms, interface=com.xiaomi.sdk.IXiaomiCleaner, code=26 oneway=false
10-13 10:49:16.841  1902  2620 I SmartPower: com.google.android.as/10296(21945): background->idle(3001ms) R(service create com.google.android.as/androidx.work.impl.background.systemjob.SystemJobService) adj=100.
10-13 10:49:16.843  1902  1902 I TransportConnection: BackupTransportService#10207: Notifying [AppBackupUtils.appIsRunningAndEligibleForBackupWithTransport] transport = BackupTransportClient
10-13 10:49:16.843  1902 23268 D BackupTransportManager: [UserID:0] Transport com.google.android.gms/.backup.BackupTransportService updated its attributes
10-13 10:49:16.849  1902 22704 D CompatibilityChangeReporter: Compat change id reported: 170503758; UID 10235; state: ENABLED
10-13 10:49:16.861  1902 22706 I SmartPower: com.google.android.apps.docs/10242(15329): died->background(8365759ms) R(process start ) adj=-10000.
10-13 10:49:16.864  1902 22706 D CompatibilityChangeReporter: Compat change id reported: 168419799; UID 10242; state: DISABLED
10-13 10:49:16.864  1902 22706 D CompatibilityChangeReporter: Compat change id reported: 273564678; UID 10242; state: DISABLED
10-13 10:49:16.866  1902  2620 I SmartPower: com.google.android.inputmethod.latin/10196(22721): background->idle(3001ms) R(service create com.google.android.inputmethod.latin/androidx.work.impl.background.systemjob.SystemJobService) adj=100.
10-13 10:49:16.885  1902  3385 D CompatibilityChangeReporter: Compat change id reported: 170503758; UID 10242; state: ENABLED
10-13 10:49:16.896  1902  1902 I TransportConnection: BackupTransportService#10210: Notifying [AppBackupUtils.appIsRunningAndEligibleForBackupWithTransport] transport = BackupTransportClient
10-13 10:49:16.903  1902  2620 I SmartPower: com.google.android.apps.photos/10205(3888): background->idle(3002ms) R(content provider start ContentProviderRecord{4759947 u0 com.google.android.apps.photos/.cloudpicker.CloudMediaProviderWrapper}) adj=0.
10-13 10:49:16.909  1902  2697 D BackupTransportManager: [UserID:0] Transport com.google.android.gms/.backup.BackupTransportService updated its attributes
10-13 10:49:16.933 15127 15261 W BpBinder: Slow Binder: BpBinder transact took 309 ms, interface=android.content.IContentProvider, code=1 oneway=false
10-13 10:49:16.947  1902  2620 I SmartPower: com.google.android.apps.turbo:ssb/10180(14639): background->idle(3151ms) R(adj below visible) adj=250.
10-13 10:49:16.947  1902  2620 I SmartPower: com.google.android.apps.turbo/10180(28314): background->idle(3263ms) R(adj below visible) adj=915.
10-13 10:49:16.965  1902  1902 I TransportConnection: BackupTransportService#10213: Notifying [AppBackupUtils.appIsRunningAndEligibleForBackupWithTransport] transport = BackupTransportClient
10-13 10:49:16.972  1902 23268 D BackupTransportManager: [UserID:0] Transport com.google.android.gms/.backup.BackupTransportService updated its attributes
10-13 10:49:16.987  1902  2620 I SmartPower: com.google.android.apps.messaging/10181(28276): background->idle(3000ms) R(service create com.google.android.apps.messaging/androidx.work.impl.background.systemjob.SystemJobService) adj=915.
10-13 10:49:16.997  1902 23268 W ContentProviderHelper: No provider info for content provider com.miui.permcenter.privacycenter when providerRunning is false, caller is ProcessRecord{6b05ed3 15213:com.xiaomi.aicr:coreService/u0a329}
10-13 10:49:16.997  1902 23259 D CompatibilityChangeReporter: Compat change id reported: 218533173; UID 1000; state: ENABLED
10-13 10:49:16.997 15213 15244 E ActivityThread: Failed to find provider info for com.miui.permcenter.privacycenter
10-13 10:49:16.999 14766 14766 W BpBinder: Slow Binder: BpBinder transact took 250 ms, interface=com.xiaomi.aicr.IAiCrCoreService, code=1 oneway=false
10-13 10:49:17.004  1902  1902 I TransportConnection: BackupTransportService#10215: Notifying [AppBackupUtils.appIsRunningAndEligibleForBackupWithTransport] transport = BackupTransportClient
10-13 10:49:17.017  1902 23259 I ActivityManager: Flag disabled. Ignoring finishAttachApplication from uid: 10148. pid: 15281
10-13 10:49:17.025  1902  2697 D BackupTransportManager: [UserID:0] Transport com.google.android.gms/.backup.BackupTransportService updated its attributes
10-13 10:49:17.027  1902 23259 D CompatibilityChangeReporter: Compat change id reported: 161145287; UID 10148; state: ENABLED
10-13 10:49:17.031  1902  2697 D CompatibilityChangeReporter: Compat change id reported: 261072174; UID 10148; state: ENABLED
10-13 10:49:17.037  1902  1902 W NotificationManagerServiceImpl: checkInterceptListenerForXiaomiInternal pkg:com.xiaomi.aicrlistener:com.android.systemui/com.android.systemui.statusbar.notification.MiuiNotificationListener
10-13 10:49:17.038  1902  1902 D NotificationListeners: is mask intercept: com.android.systemui notification packagename: com.xiaomi.aicr
10-13 10:49:17.042  1902 23268 D CompatibilityChangeReporter: Compat change id reported: 135634846; UID 6101; state: DISABLED
10-13 10:49:17.042  1902 23268 D CompatibilityChangeReporter: Compat change id reported: 177438394; UID 6101; state: DISABLED
10-13 10:49:17.042  1902 23268 D CompatibilityChangeReporter: Compat change id reported: 135772972; UID 6101; state: DISABLED
10-13 10:49:17.042  1902 23268 D CompatibilityChangeReporter: Compat change id reported: 135754954; UID 6101; state: ENABLED
10-13 10:49:17.089  1902 15381 E DynamicCodeLogger: Could not infer CE/DE storage for path /data/data/com.microsoft.teams/mam_libs/arm64-v8a/libmsmdmarp.so
10-13 10:49:17.089  1902 15381 E DynamicCodeLogger: Could not infer CE/DE storage for path /data/data/com.microsoft.teams/mam_libs/arm64-v8a/aes/libwolfssl.so
10-13 10:49:17.090  1902 15381 E DynamicCodeLogger: Could not infer CE/DE storage for path /data/data/com.microsoft.teams/mam_libs/arm64-v8a/liborigin.so
10-13 10:49:17.090  1902 15381 E DynamicCodeLogger: Could not infer CE/DE storage for path /data/data/com.microsoft.teams/mam_libs/arm64-v8a/libmsmam-pre.so
10-13 10:49:17.095  1902  1902 I TransportConnection: BackupTransportService#10216: Notifying [AppBackupUtils.appIsRunningAndEligibleForBackupWithTransport] transport = BackupTransportClient
10-13 10:49:17.118  1902  1955 W ActivityManager: Slow operation: 75ms so far, now at startProcess: returned from zygote!
10-13 10:49:17.118  1902  1955 W ActivityManager: Slow operation: 76ms so far, now at startProcess: done updating battery stats
10-13 10:49:17.119  1902  1955 W ActivityManager: Slow operation: 77ms so far, now at startProcess: building log message
10-13 10:49:17.119  1902  1955 I ActivityManager: Start proc 15408:com.android.thememanager/6101 for content provider {com.android.thememanager/com.android.thememanager.service.ThemeProvider} caller=com.miui.gallery
10-13 10:49:17.120  1902  1955 W ActivityManager: Slow operation: 77ms so far, now at startProcess: starting to update pids map
10-13 10:49:17.121  1902  1955 W ActivityManager: Slow operation: 79ms so far, now at startProcess: done updating pids map
10-13 10:49:17.125  1902 23259 D BackupTransportManager: [UserID:0] Transport com.google.android.gms/.backup.BackupTransportService updated its attributes
10-13 10:49:17.172  1902  1902 I TransportConnection: BackupTransportService#10217: Notifying [AppBackupUtils.appIsRunningAndEligibleForBackupWithTransport] transport = BackupTransportClient
10-13 10:49:17.181  1902  2620 I SmartPower: com.google.process.gservices/10175(22048): background->idle(3000ms) R(content provider start ContentProviderRecord{15adf8b u0 com.google.android.gsf/.gservices.GservicesProvider}) adj=250.
10-13 10:49:17.182  1902  2620 I SmartPower: com.google.process.gapps/10175(10910): background->idle(3239ms) R(content provider start ContentProviderRecord{15adf8b u0 com.google.android.gsf/.gservices.GservicesProvider}) adj=0.
10-13 10:49:17.187  1902 23265 I ActivityManager: Process com.google.android.as.oss:learning_bg (pid 14257) has died: cch+45 CEM 
10-13 10:49:17.189  1902  2611 E ProcessManager: error write exception log
10-13 10:49:17.198  1902 23259 D BackupTransportManager: [UserID:0] Transport com.google.android.gms/.backup.BackupTransportService updated its attributes
10-13 10:49:17.204  1902 22706 I SmartPower: com.android.thememanager/6101(15408): died->background(4612291ms) R(process start ) adj=-10000.
10-13 10:49:17.205  1902 22706 D CompatibilityChangeReporter: Compat change id reported: 168419799; UID 6101; state: DISABLED
10-13 10:49:17.205  1902 22706 D CompatibilityChangeReporter: Compat change id reported: 273564678; UID 6101; state: DISABLED
10-13 10:49:17.230  1902 22706 D CompatibilityChangeReporter: Compat change id reported: 161145287; UID 10242; state: ENABLED
10-13 10:49:17.243  1902  1902 I TransportConnection: BackupTransportService#10218: Notifying [AppBackupUtils.appIsRunningAndEligibleForBackupWithTransport] transport = BackupTransportClient
10-13 10:49:17.251  1902 15381 D DynamicCodeLogger: Got no hash for /data/user/0/com.android.vending/app_dg_cache/907C41A5B16EE04A1B839A2205EF012C469A1771/the.apk
10-13 10:49:17.260  1902 22704 D CompatibilityChangeReporter: Compat change id reported: 261072174; UID 10242; state: ENABLED
10-13 10:49:17.263  1902 23265 D BackupTransportManager: [UserID:0] Transport com.google.android.gms/.backup.BackupTransportService updated its attributes
10-13 10:49:17.295  1902  1902 I TransportConnection: BackupTransportService#10220: Notifying [AppBackupUtils.appIsRunningAndEligibleForBackupWithTransport] transport = BackupTransportClient
10-13 10:49:17.308 14766 14898 W BpBinder: Slow Binder: BpBinder transact took 270 ms, interface=com.google.android.gms.common.internal.IGmsServiceBroker, code=46 oneway=false
10-13 10:49:17.320  1902 23265 D BackupTransportManager: [UserID:0] Transport com.google.android.gms/.backup.BackupTransportService updated its attributes
10-13 10:49:17.339  1902  1902 I TransportConnection: BackupTransportService#10223: Notifying [AppBackupUtils.appIsRunningAndEligibleForBackupWithTransport] transport = BackupTransportClient
10-13 10:49:17.346  1902  3385 D BackupTransportManager: [UserID:0] Transport com.google.android.gms/.backup.BackupTransportService updated its attributes
10-13 10:49:17.348  1902 23268 D CompatibilityChangeReporter: Compat change id reported: 261072174; UID 6110; state: DISABLED
10-13 10:49:17.364  1902  3385 D PackageManager: set app component=ComponentInfo{com.google.android.apps.docs/com.google.android.apps.docs.drive.filepicker.GetMetadataActivity} enabled state: 1 from com.google.android.apps.docs,uid=10242,pid=15329
10-13 10:49:17.371  1902  2620 I SmartPower: com.google.android.gm/10197(25181): background->idle(3020ms) R(service end com.google.android.gm/.provider.MailSyncAdapterService) adj=905.
10-13 10:49:17.372  1902  2620 D CompatibilityChangeReporter: Compat change id reported: 74210811; UID 1000; state: DISABLED
10-13 10:49:17.372  1902  2620 D CompatibilityChangeReporter: Compat change id reported: 74210811; UID 1000; state: ENABLED
10-13 10:49:17.398  1902 23259 D CompatibilityChangeReporter: Compat change id reported: 201794303; UID 10242; state: ENABLED
10-13 10:49:17.398  1902 23259 D CompatibilityChangeReporter: Compat change id reported: 207133734; UID 10242; state: ENABLED
10-13 10:49:17.409  1902 22704 I ActivityManager: Process com.google.android.calendar (pid 11265) has died: cch+45 CEM 
10-13 10:49:17.410  1902  2611 E ProcessManager: error write exception log
10-13 10:49:17.415  1902  1936 D DisplayManagerService: Drop pending events for gone uid 10192
10-13 10:49:17.434  1902  3317 D CompatibilityChangeReporter: Compat change id reported: 253665015; UID 10180; state: ENABLED
10-13 10:49:17.434  1902  3317 D CompatibilityChangeReporter: Compat change id reported: 194532703; UID 10180; state: ENABLED
10-13 10:49:17.438  1902 23259 D CompatibilityChangeReporter: Compat change id reported: 74210811; UID 10242; state: ENABLED
10-13 10:49:17.444 15291 15291 D ActivityThread: useGrowthLimitOutExpendMethod invoke error.
10-13 10:49:17.461  1902  1902 I TransportConnection: BackupTransportService#10227: Notifying [AppBackupUtils.appIsRunningAndEligibleForBackupWithTransport] transport = BackupTransportClient
10-13 10:49:17.498  1902  2323 D CompatibilityChangeReporter: Compat change id reported: 265195908; UID 10180; state: ENABLED
10-13 10:49:17.503  1902 22706 D BackupTransportManager: [UserID:0] Transport com.google.android.gms/.backup.BackupTransportService updated its attributes
10-13 10:49:17.532  1902 22704 D CompatibilityChangeReporter: Compat change id reported: 201794303; UID 10116; state: ENABLED
10-13 10:49:17.533  1902 22704 D CompatibilityChangeReporter: Compat change id reported: 207133734; UID 10116; state: ENABLED
10-13 10:49:17.543  1902 23267 D PackageManager: set app component=ComponentInfo{com.google.android.apps.docs/com.google.android.apps.docs.common.openurl.GoogleOneDeeplinkActivityAlias} enabled state: 2 from com.google.android.apps.docs,uid=10242,pid=15329
10-13 10:49:17.546  1902 23179 D PackageManager: set app component=ComponentInfo{com.google.android.apps.docs/com.google.android.apps.docs.drive.clipboard.SendTextToClipboardActivity} enabled state: 2 from com.google.android.apps.docs,uid=10242,pid=15329
10-13 10:49:17.546  1902 23260 D PackageManager: set app component=ComponentInfo{com.google.android.apps.docs/com.google.android.apps.docs.app.OpenSafUrlActivity} enabled state: 0 from com.google.android.apps.docs,uid=10242,pid=15329
10-13 10:49:17.548  1902 23260 D PackageManager: set app component=ComponentInfo{com.google.android.apps.docs/com.google.android.apps.docs.app.PaymentsActivity} enabled state: 0 from com.google.android.apps.docs,uid=10242,pid=15329
