10-10 12:31:45.134  1902 15926 D ContentCapturePerUserService: Notified activity assist data for activity: Token{9fcb217 ActivityRecord{cbff1b1 u0 eu.europa.ec.euidi/eu.europa.ec.assemblylogic.ui.MainActivity t495}} without a session Id
10-10 12:31:45.139  1902 15926 I InputMethodManagerService: IMMS.showCurrentInputLocked(), flags = 1
10-10 12:31:45.139  1902 15926 D SmartPower: com.google.android.inputmethod.latin/10196(22721): show input method
10-10 12:31:45.139  1902 15926 I DefaultImeVisibilityApplier: IMMS.showCurrentInputLocked request ims to show inputMethod.
10-10 12:31:45.141  1902 22586 W PackageConfigPersister: App-specific configuration not found for packageName: eu.europa.ec.euidi and userId: 0
10-10 12:31:45.147  1902 22586 I InputMethodManagerService: IMMS.showSoftInput(), client = com.android.internal.inputmethod.IInputMethodClient$Stub$Proxy@531b54e
10-10 12:31:45.147  1902 22586 I InputMethodManagerService: IMMS.showCurrentInputLocked(), flags = 0
10-10 12:31:45.147  1902 22586 D SmartPower: com.google.android.inputmethod.latin/10196(22721): show input method
10-10 12:31:45.148  1902 22586 I DefaultImeVisibilityApplier: IMMS.showCurrentInputLocked request ims to show inputMethod.
10-10 12:31:45.163  1902  3984 I InputMethodManagerService: IMMS.applyImeVisibility(), setVisible = true, mCurclient = ClientState{9a4a406 mUid=10390 mPid=15222 mSelfReportedDisplayId=0}
10-10 12:31:45.163  1902  3984 I WindowManager: WMS.showImePostLayout(), imeTarget = Window{648a73d u0 eu.europa.ec.euidi/eu.europa.ec.assemblylogic.ui.MainActivity}
10-10 12:31:45.164  1902  1939 I ImeInsetsSourceProvider: ImeInsetsSourceProvider.scheduleShowImePostLayout() Run showImeRunner.
10-10 12:31:45.164  1902  1939 I ImeInsetsSourceProvider: ImeInsetsSourceProvider.scheduleShowImePostLayout() isReadyToShowIme.
10-10 12:31:45.166  1902 15926 I InputMethodManagerService: IMMS.applyImeVisibility(), setVisible = true, mCurclient = ClientState{9a4a406 mUid=10390 mPid=15222 mSelfReportedDisplayId=0}
10-10 12:31:45.166  1902 15926 I WindowManager: WMS.showImePostLayout(), imeTarget = Window{648a73d u0 eu.europa.ec.euidi/eu.europa.ec.assemblylogic.ui.MainActivity}
10-10 12:31:45.166  2983  3075 D OneHandedController: stopOneHanded state is 0
10-10 12:31:45.167  1902  1939 I ImeInsetsSourceProvider: ImeInsetsSourceProvider.scheduleShowImePostLayout() Run showImeRunner.
10-10 12:31:45.167  1902  1939 I ImeInsetsSourceProvider: ImeInsetsSourceProvider.scheduleShowImePostLayout() isReadyToShowIme.
10-10 12:31:45.169  2983  3075 D OneHandedController: stopOneHanded state is 0
10-10 12:31:45.200  1902  1902 W FillRequestEventLogger: Shouldn't be logging AutofillFillRequestReported again for same event
10-10 12:31:45.200  1902  1902 W FillResponseEventLogger: Shouldn't be logging AutofillFillRequestReported again for same event
10-10 12:31:45.200  1902  1902 D AutofillSession: clearPendingIntentLocked
10-10 12:31:45.277  1902 23265 D WindowManagerService: checkFlipFullScreenChange is same, nowIsFullScreen = false
10-10 12:31:45.280  1902 23265 W FillRequestEventLogger: Couldn't find packageName: com.google.android.inputmethod.latin
10-10 12:31:45.285  1902 23265 D AutofillSession: createPendingIntent for request 1009
10-10 12:31:45.285  1902 23265 D ContentCapturePerUserService: Notified activity assist data for activity: Token{9fcb217 ActivityRecord{cbff1b1 u0 eu.europa.ec.euidi/eu.europa.ec.assemblylogic.ui.MainActivity t495}} without a session Id
10-10 12:31:45.291  1902 10935 I InputMethodManagerService: IMMS.showCurrentInputLocked(), flags = 1
10-10 12:31:45.292  1902 10935 D SmartPower: com.google.android.inputmethod.latin/10196(22721): show input method
10-10 12:31:45.292  1902 10935 I DefaultImeVisibilityApplier: IMMS.showCurrentInputLocked request ims to show inputMethod.
10-10 12:31:45.294  1902 10935 W PackageConfigPersister: App-specific configuration not found for packageName: eu.europa.ec.euidi and userId: 0
10-10 12:31:45.303  1902 23265 I InputMethodManagerService: IMMS.showSoftInput(), client = com.android.internal.inputmethod.IInputMethodClient$Stub$Proxy@8b918b2
10-10 12:31:45.303  1902 23265 I InputMethodManagerService: IMMS.showCurrentInputLocked(), flags = 0
10-10 12:31:45.303  1902 23265 D SmartPower: com.google.android.inputmethod.latin/10196(22721): show input method
10-10 12:31:45.303  1902 23265 I DefaultImeVisibilityApplier: IMMS.showCurrentInputLocked request ims to show inputMethod.
10-10 12:31:45.317  1902 10935 I InputMethodManagerService: IMMS.applyImeVisibility(), setVisible = true, mCurclient = ClientState{9a4a406 mUid=10390 mPid=15222 mSelfReportedDisplayId=0}
10-10 12:31:45.317  1902 10935 I WindowManager: WMS.showImePostLayout(), imeTarget = Window{648a73d u0 eu.europa.ec.euidi/eu.europa.ec.assemblylogic.ui.MainActivity}
10-10 12:31:45.321  1902  1939 I ImeInsetsSourceProvider: ImeInsetsSourceProvider.scheduleShowImePostLayout() Run showImeRunner.
10-10 12:31:45.321  1902  1939 I ImeInsetsSourceProvider: ImeInsetsSourceProvider.scheduleShowImePostLayout() isReadyToShowIme.
10-10 12:31:45.326  1902 10935 I InputMethodManagerService: IMMS.applyImeVisibility(), setVisible = true, mCurclient = ClientState{9a4a406 mUid=10390 mPid=15222 mSelfReportedDisplayId=0}
10-10 12:31:45.326  1902 10935 I WindowManager: WMS.showImePostLayout(), imeTarget = Window{648a73d u0 eu.europa.ec.euidi/eu.europa.ec.assemblylogic.ui.MainActivity}
10-10 12:31:45.327  2983  3075 D OneHandedController: stopOneHanded state is 0
10-10 12:31:45.328  2983  3075 D OneHandedController: stopOneHanded state is 0
10-10 12:31:45.329  1902  1939 I ImeInsetsSourceProvider: ImeInsetsSourceProvider.scheduleShowImePostLayout() Run showImeRunner.
10-10 12:31:45.329  1902  1939 I ImeInsetsSourceProvider: ImeInsetsSourceProvider.scheduleShowImePostLayout() isReadyToShowIme.
10-10 12:31:45.363  1902  1902 W FillRequestEventLogger: Shouldn't be logging AutofillFillRequestReported again for same event
10-10 12:31:45.363  1902  1902 W FillResponseEventLogger: Shouldn't be logging AutofillFillRequestReported again for same event
10-10 12:31:45.363  1902  1902 D AutofillSession: clearPendingIntentLocked
10-10 12:31:45.401  1902 22586 D WindowManagerService: checkFlipFullScreenChange is same, nowIsFullScreen = false
10-10 12:31:45.403  1902 22586 W FillRequestEventLogger: Couldn't find packageName: com.google.android.inputmethod.latin
10-10 12:31:45.408  1902 15926 D AutofillSession: createPendingIntent for request 1010
10-10 12:31:45.409  1902 15926 D ContentCapturePerUserService: Notified activity assist data for activity: Token{9fcb217 ActivityRecord{cbff1b1 u0 eu.europa.ec.euidi/eu.europa.ec.assemblylogic.ui.MainActivity t495}} without a session Id
10-10 12:31:45.413  1902 22586 I InputMethodManagerService: IMMS.showCurrentInputLocked(), flags = 1
10-10 12:31:45.413  1902 22586 D SmartPower: com.google.android.inputmethod.latin/10196(22721): show input method
10-10 12:31:45.413  1902 22586 I DefaultImeVisibilityApplier: IMMS.showCurrentInputLocked request ims to show inputMethod.
10-10 12:31:45.417  1902 22586 W PackageConfigPersister: App-specific configuration not found for packageName: eu.europa.ec.euidi and userId: 0
10-10 12:31:45.421  1902  3317 I InputMethodManagerService: IMMS.showSoftInput(), client = com.android.internal.inputmethod.IInputMethodClient$Stub$Proxy@531ded6
10-10 12:31:45.421  1902  3317 I InputMethodManagerService: IMMS.showCurrentInputLocked(), flags = 0
10-10 12:31:45.421  1902  3317 D SmartPower: com.google.android.inputmethod.latin/10196(22721): show input method
10-10 12:31:45.422  1902  3317 I DefaultImeVisibilityApplier: IMMS.showCurrentInputLocked request ims to show inputMethod.
10-10 12:31:45.435  1902 22586 I InputMethodManagerService: IMMS.applyImeVisibility(), setVisible = true, mCurclient = ClientState{9a4a406 mUid=10390 mPid=15222 mSelfReportedDisplayId=0}
10-10 12:31:45.435  1902 22586 I WindowManager: WMS.showImePostLayout(), imeTarget = Window{648a73d u0 eu.europa.ec.euidi/eu.europa.ec.assemblylogic.ui.MainActivity}
10-10 12:31:45.436  1902  1939 I ImeInsetsSourceProvider: ImeInsetsSourceProvider.scheduleShowImePostLayout() Run showImeRunner.
10-10 12:31:45.436  1902  1939 I ImeInsetsSourceProvider: ImeInsetsSourceProvider.scheduleShowImePostLayout() isReadyToShowIme.
10-10 12:31:45.441  1902 22586 I InputMethodManagerService: IMMS.applyImeVisibility(), setVisible = true, mCurclient = ClientState{9a4a406 mUid=10390 mPid=15222 mSelfReportedDisplayId=0}
10-10 12:31:45.442  1902 22586 I WindowManager: WMS.showImePostLayout(), imeTarget = Window{648a73d u0 eu.europa.ec.euidi/eu.europa.ec.assemblylogic.ui.MainActivity}
10-10 12:31:45.443  1902  1939 I ImeInsetsSourceProvider: ImeInsetsSourceProvider.scheduleShowImePostLayout() Run showImeRunner.
10-10 12:31:45.443  1902  1939 I ImeInsetsSourceProvider: ImeInsetsSourceProvider.scheduleShowImePostLayout() isReadyToShowIme.
10-10 12:31:45.446  2983  3075 D OneHandedController: stopOneHanded state is 0
10-10 12:31:45.446  2983  3075 D OneHandedController: stopOneHanded state is 0
10-10 12:31:45.468  1902  1902 W FillRequestEventLogger: Shouldn't be logging AutofillFillRequestReported again for same event
10-10 12:31:45.468  1902  1902 W FillResponseEventLogger: Shouldn't be logging AutofillFillRequestReported again for same event
10-10 12:31:45.468  1902  1902 D AutofillSession: clearPendingIntentLocked
10-10 12:31:45.518  1556  1556 I wificond: station_bandwidth: 
10-10 12:31:45.535  1902 23265 D WindowManagerService: checkFlipFullScreenChange is same, nowIsFullScreen = false
10-10 12:31:45.539  1902 23265 W FillRequestEventLogger: Couldn't find packageName: com.google.android.inputmethod.latin
10-10 12:31:45.539  1902  2620 I SmartPower: com.android.chrome:privileged_process0/10190(11664): background->idle(3001ms) R(become background) adj=700.
10-10 12:31:45.539  1902  2620 I SmartPower: com.android.chrome/10190(11296): background->idle(3001ms) R(become background) adj=700.
10-10 12:31:45.548  1902 10935 I InputMethodManagerService: IMMS.showCurrentInputLocked(), flags = 1
10-10 12:31:45.548  1902 10935 D SmartPower: com.google.android.inputmethod.latin/10196(22721): show input method
10-10 12:31:45.548  1902 10935 I DefaultImeVisibilityApplier: IMMS.showCurrentInputLocked request ims to show inputMethod.
10-10 12:31:45.551  1902  3317 W PackageConfigPersister: App-specific configuration not found for packageName: eu.europa.ec.euidi and userId: 0
10-10 12:31:45.553  1902  3317 D AutofillSession: createPendingIntent for request 1011
10-10 12:31:45.553  1902  3317 D ContentCapturePerUserService: Notified activity assist data for activity: Token{9fcb217 ActivityRecord{cbff1b1 u0 eu.europa.ec.euidi/eu.europa.ec.assemblylogic.ui.MainActivity t495}} without a session Id
10-10 12:31:45.561  1902 23265 I InputMethodManagerService: IMMS.showSoftInput(), client = com.android.internal.inputmethod.IInputMethodClient$Stub$Proxy@1c54bdc
10-10 12:31:45.561  1902 23265 I InputMethodManagerService: IMMS.showCurrentInputLocked(), flags = 0
10-10 12:31:45.561  1902 23265 D SmartPower: com.google.android.inputmethod.latin/10196(22721): show input method
10-10 12:31:45.561  1902 23265 I DefaultImeVisibilityApplier: IMMS.showCurrentInputLocked request ims to show inputMethod.
10-10 12:31:45.578  1902  2620 I SmartPower: com.google.android.adservices.api/10307(31554): background->idle(77213ms) R(adj below visible) adj=100.
10-10 12:31:45.579  1902 10935 I InputMethodManagerService: IMMS.applyImeVisibility(), setVisible = true, mCurclient = ClientState{9a4a406 mUid=10390 mPid=15222 mSelfReportedDisplayId=0}
10-10 12:31:45.579  1902 10935 I WindowManager: WMS.showImePostLayout(), imeTarget = Window{648a73d u0 eu.europa.ec.euidi/eu.europa.ec.assemblylogic.ui.MainActivity}
10-10 12:31:45.581  1902  1939 I ImeInsetsSourceProvider: ImeInsetsSourceProvider.scheduleShowImePostLayout() Run showImeRunner.
10-10 12:31:45.581  1902  1939 I ImeInsetsSourceProvider: ImeInsetsSourceProvider.scheduleShowImePostLayout() isReadyToShowIme.
10-10 12:31:45.581  2983  3075 D OneHandedController: stopOneHanded state is 0
10-10 12:31:45.585  1902 10935 I InputMethodManagerService: IMMS.applyImeVisibility(), setVisible = true, mCurclient = ClientState{9a4a406 mUid=10390 mPid=15222 mSelfReportedDisplayId=0}
10-10 12:31:45.585  1902 10935 I WindowManager: WMS.showImePostLayout(), imeTarget = Window{648a73d u0 eu.europa.ec.euidi/eu.europa.ec.assemblylogic.ui.MainActivity}
10-10 12:31:45.586  1902  1939 I ImeInsetsSourceProvider: ImeInsetsSourceProvider.scheduleShowImePostLayout() Run showImeRunner.
10-10 12:31:45.586  1902  1939 I ImeInsetsSourceProvider: ImeInsetsSourceProvider.scheduleShowImePostLayout() isReadyToShowIme.
10-10 12:31:45.590  2983  3075 D OneHandedController: stopOneHanded state is 0
10-10 12:31:45.606  1902  2620 I SmartPower: com.android.chrome:sandboxed_process0:org.chromium.content.app.SandboxedProcessSerbackground->idle(76825ms) R(adj below visible) adj=700.
10-10 12:31:45.725  1902  1902 W FillRequestEventLogger: Shouldn't be logging AutofillFillRequestReported again for same event
10-10 12:31:45.725  1902  1902 W FillResponseEventLogger: Shouldn't be logging AutofillFillRequestReported again for same event
10-10 12:31:45.725  1902  1902 D AutofillSession: clearPendingIntentLocked
10-10 12:31:45.773  1902 10935 D WindowManagerService: checkFlipFullScreenChange is same, nowIsFullScreen = false
10-10 12:31:45.873  1902  2620 I SmartPower: com.android.chrome:sandboxed_process0:org.chromium.content.app.SandboxedProcessSerbackground->idle(77255ms) R(service end com.android.chrome/org.chromium.content.app.SandboxedProcessService0:13) adj=700.
10-10 12:31:46.206  1902 10935 W MIUIInput: Input event injection from package: null action ACTION_DOWN
10-10 12:31:46.221  1902 10935 W MIUIInput: Input event injection from package: null action ACTION_UP
10-10 12:31:46.239  1902 10935 I InputMethodManagerService: IMMS.showCurrentInputLocked(), flags = 1
10-10 12:31:46.239  1902 10935 D SmartPower: com.google.android.inputmethod.latin/10196(22721): show input method
10-10 12:31:46.239  1902 10935 I DefaultImeVisibilityApplier: IMMS.showCurrentInputLocked request ims to show inputMethod.
10-10 12:31:46.271  1902 10935 I InputMethodManagerService: IMMS.showSoftInput(), client = com.android.internal.inputmethod.IInputMethodClient$Stub$Proxy@a67233f
10-10 12:31:46.271  1902 10935 I InputMethodManagerService: IMMS.showCurrentInputLocked(), flags = 0
10-10 12:31:46.271  1902 10935 D SmartPower: com.google.android.inputmethod.latin/10196(22721): show input method
10-10 12:31:46.271  1902 10935 I DefaultImeVisibilityApplier: IMMS.showCurrentInputLocked request ims to show inputMethod.
10-10 12:31:46.273  1902 10935 W PackageConfigPersister: App-specific configuration not found for packageName: eu.europa.ec.euidi and userId: 0
10-10 12:31:46.290  1902 10935 I InputMethodManagerService: IMMS.applyImeVisibility(), setVisible = true, mCurclient = ClientState{9a4a406 mUid=10390 mPid=15222 mSelfReportedDisplayId=0}
10-10 12:31:46.290  1902 10935 I WindowManager: WMS.showImePostLayout(), imeTarget = Window{648a73d u0 eu.europa.ec.euidi/eu.europa.ec.assemblylogic.ui.MainActivity}
10-10 12:31:46.291  1902  1939 I ImeInsetsSourceProvider: ImeInsetsSourceProvider.scheduleShowImePostLayout() Run showImeRunner.
10-10 12:31:46.291  1902  1939 I ImeInsetsSourceProvider: ImeInsetsSourceProvider.scheduleShowImePostLayout() isReadyToShowIme.
10-10 12:31:46.291  1902 10935 I InputMethodManagerService: IMMS.applyImeVisibility(), setVisible = true, mCurclient = ClientState{9a4a406 mUid=10390 mPid=15222 mSelfReportedDisplayId=0}
10-10 12:31:46.292  2983  3075 D OneHandedController: stopOneHanded state is 0
10-10 12:31:46.293  1902 10935 I WindowManager: WMS.showImePostLayout(), imeTarget = Window{648a73d u0 eu.europa.ec.euidi/eu.europa.ec.assemblylogic.ui.MainActivity}
10-10 12:31:46.295  1902  1939 I ImeInsetsSourceProvider: ImeInsetsSourceProvider.scheduleShowImePostLayout() Run showImeRunner.
10-10 12:31:46.295  1902  1939 I ImeInsetsSourceProvider: ImeInsetsSourceProvider.scheduleShowImePostLayout() isReadyToShowIme.
10-10 12:31:46.296  2983  3075 D OneHandedController: stopOneHanded state is 0
10-10 12:31:46.401  1902  3317 D WindowManagerService: checkFlipFullScreenChange is same, nowIsFullScreen = false
10-10 12:31:46.412  1902  3317 I InputMethodManagerService: IMMS.showCurrentInputLocked(), flags = 1
10-10 12:31:46.412  1902  3317 D SmartPower: com.google.android.inputmethod.latin/10196(22721): show input method
10-10 12:31:46.413  1902  3317 I DefaultImeVisibilityApplier: IMMS.showCurrentInputLocked request ims to show inputMethod.
10-10 12:31:46.415  1902  3317 W PackageConfigPersister: App-specific configuration not found for packageName: eu.europa.ec.euidi and userId: 0
10-10 12:31:46.421  1902  3317 I InputMethodManagerService: IMMS.showSoftInput(), client = com.android.internal.inputmethod.IInputMethodClient$Stub$Proxy@9c6b4f8
10-10 12:31:46.421  1902  3317 I InputMethodManagerService: IMMS.showCurrentInputLocked(), flags = 0
10-10 12:31:46.421  1902  3317 D SmartPower: com.google.android.inputmethod.latin/10196(22721): show input method
10-10 12:31:46.421  1902  3317 I DefaultImeVisibilityApplier: IMMS.showCurrentInputLocked request ims to show inputMethod.
10-10 12:31:46.442  1902 10935 I InputMethodManagerService: IMMS.applyImeVisibility(), setVisible = true, mCurclient = ClientState{9a4a406 mUid=10390 mPid=15222 mSelfReportedDisplayId=0}
10-10 12:31:46.442  1902 10935 I WindowManager: WMS.showImePostLayout(), imeTarget = Window{648a73d u0 eu.europa.ec.euidi/eu.europa.ec.assemblylogic.ui.MainActivity}
10-10 12:31:46.445  1902  1939 I ImeInsetsSourceProvider: ImeInsetsSourceProvider.scheduleShowImePostLayout() Run showImeRunner.
10-10 12:31:46.445  1902  1939 I ImeInsetsSourceProvider: ImeInsetsSourceProvider.scheduleShowImePostLayout() isReadyToShowIme.
10-10 12:31:46.450  1902 10935 I InputMethodManagerService: IMMS.applyImeVisibility(), setVisible = true, mCurclient = ClientState{9a4a406 mUid=10390 mPid=15222 mSelfReportedDisplayId=0}
10-10 12:31:46.450  1902 10935 I WindowManager: WMS.showImePostLayout(), imeTarget = Window{648a73d u0 eu.europa.ec.euidi/eu.europa.ec.assemblylogic.ui.MainActivity}
10-10 12:31:46.452  1902  1939 I ImeInsetsSourceProvider: ImeInsetsSourceProvider.scheduleShowImePostLayout() Run showImeRunner.
10-10 12:31:46.452  1902  1939 I ImeInsetsSourceProvider: ImeInsetsSourceProvider.scheduleShowImePostLayout() isReadyToShowIme.
10-10 12:31:46.454  2983  3075 D OneHandedController: stopOneHanded state is 0
10-10 12:31:46.566  1902 10935 D WindowManagerService: checkFlipFullScreenChange is same, nowIsFullScreen = false
10-10 12:31:46.578  1902 10935 I InputMethodManagerService: IMMS.showCurrentInputLocked(), flags = 1
10-10 12:31:46.578  1902 10935 D SmartPower: com.google.android.inputmethod.latin/10196(22721): show input method
10-10 12:31:46.579  1902 10935 I DefaultImeVisibilityApplier: IMMS.showCurrentInputLocked request ims to show inputMethod.
10-10 12:31:46.581  1902 10935 W PackageConfigPersister: App-specific configuration not found for packageName: eu.europa.ec.euidi and userId: 0
10-10 12:31:46.591  1902 10935 I InputMethodManagerService: IMMS.showSoftInput(), client = com.android.internal.inputmethod.IInputMethodClient$Stub$Proxy@ce1760d
10-10 12:31:46.591  1902 10935 I InputMethodManagerService: IMMS.showCurrentInputLocked(), flags = 0
10-10 12:31:46.591  1902 10935 D SmartPower: com.google.android.inputmethod.latin/10196(22721): show input method
10-10 12:31:46.591  1902 10935 I DefaultImeVisibilityApplier: IMMS.showCurrentInputLocked request ims to show inputMethod.
10-10 12:31:46.609  1902 10935 I InputMethodManagerService: IMMS.applyImeVisibility(), setVisible = true, mCurclient = ClientState{9a4a406 mUid=10390 mPid=15222 mSelfReportedDisplayId=0}
10-10 12:31:46.609  1902 10935 I WindowManager: WMS.showImePostLayout(), imeTarget = Window{648a73d u0 eu.europa.ec.euidi/eu.europa.ec.assemblylogic.ui.MainActivity}
10-10 12:31:46.611  1902  1939 I ImeInsetsSourceProvider: ImeInsetsSourceProvider.scheduleShowImePostLayout() Run showImeRunner.
10-10 12:31:46.611  1902  1939 I ImeInsetsSourceProvider: ImeInsetsSourceProvider.scheduleShowImePostLayout() isReadyToShowIme.
10-10 12:31:46.617  1902 10935 I InputMethodManagerService: IMMS.applyImeVisibility(), setVisible = true, mCurclient = ClientState{9a4a406 mUid=10390 mPid=15222 mSelfReportedDisplayId=0}
10-10 12:31:46.617  1902 10935 I WindowManager: WMS.showImePostLayout(), imeTarget = Window{648a73d u0 eu.europa.ec.euidi/eu.europa.ec.assemblylogic.ui.MainActivity}
10-10 12:31:46.618  2983  3075 D OneHandedController: stopOneHanded state is 0
10-10 12:31:46.621  1902  1939 I ImeInsetsSourceProvider: ImeInsetsSourceProvider.scheduleShowImePostLayout() Run showImeRunner.
10-10 12:31:46.621  1902  1939 I ImeInsetsSourceProvider: ImeInsetsSourceProvider.scheduleShowImePostLayout() isReadyToShowIme.
10-10 12:31:46.626  2983  3075 D OneHandedController: stopOneHanded state is 0
10-10 12:31:46.723  1902 22586 D WindowManagerService: checkFlipFullScreenChange is same, nowIsFullScreen = false
10-10 12:31:46.735  1902 22586 I InputMethodManagerService: IMMS.showCurrentInputLocked(), flags = 1
10-10 12:31:46.736  1902 22586 D SmartPower: com.google.android.inputmethod.latin/10196(22721): show input method
10-10 12:31:46.736  1902 22586 I DefaultImeVisibilityApplier: IMMS.showCurrentInputLocked request ims to show inputMethod.
10-10 12:31:46.738  1902 10935 W PackageConfigPersister: App-specific configuration not found for packageName: eu.europa.ec.euidi and userId: 0
10-10 12:31:46.749  1902 22586 I InputMethodManagerService: IMMS.showSoftInput(), client = com.android.internal.inputmethod.IInputMethodClient$Stub$Proxy@5c4600e
10-10 12:31:46.749  1902 22586 I InputMethodManagerService: IMMS.showCurrentInputLocked(), flags = 0
10-10 12:31:46.749  1902 22586 D SmartPower: com.google.android.inputmethod.latin/10196(22721): show input method
10-10 12:31:46.749  1902 22586 I DefaultImeVisibilityApplier: IMMS.showCurrentInputLocked request ims to show inputMethod.
10-10 12:31:46.770  1902 23259 I InputMethodManagerService: IMMS.applyImeVisibility(), setVisible = true, mCurclient = ClientState{9a4a406 mUid=10390 mPid=15222 mSelfReportedDisplayId=0}
10-10 12:31:46.770  1902 23259 I WindowManager: WMS.showImePostLayout(), imeTarget = Window{648a73d u0 eu.europa.ec.euidi/eu.europa.ec.assemblylogic.ui.MainActivity}
10-10 12:31:46.771  1902  1939 I ImeInsetsSourceProvider: ImeInsetsSourceProvider.scheduleShowImePostLayout() Run showImeRunner.
10-10 12:31:46.771  1902  1939 I ImeInsetsSourceProvider: ImeInsetsSourceProvider.scheduleShowImePostLayout() isReadyToShowIme.
10-10 12:31:46.774  2983  3075 D OneHandedController: stopOneHanded state is 0
10-10 12:31:46.775  1902 23259 I InputMethodManagerService: IMMS.applyImeVisibility(), setVisible = true, mCurclient = ClientState{9a4a406 mUid=10390 mPid=15222 mSelfReportedDisplayId=0}
10-10 12:31:46.776  1902 23259 I WindowManager: WMS.showImePostLayout(), imeTarget = Window{648a73d u0 eu.europa.ec.euidi/eu.europa.ec.assemblylogic.ui.MainActivity}
10-10 12:31:46.777  1902  1939 I ImeInsetsSourceProvider: ImeInsetsSourceProvider.scheduleShowImePostLayout() Run showImeRunner.
10-10 12:31:46.777  1902  1939 I ImeInsetsSourceProvider: ImeInsetsSourceProvider.scheduleShowImePostLayout() isReadyToShowIme.
10-10 12:31:46.780  2983  3075 D OneHandedController: stopOneHanded state is 0
10-10 12:31:46.893  1902 10935 D WindowManagerService: checkFlipFullScreenChange is same, nowIsFullScreen = false
10-10 12:31:46.909  1902 10935 I InputMethodManagerService: IMMS.showCurrentInputLocked(), flags = 1
10-10 12:31:46.909  1902 10935 D SmartPower: com.google.android.inputmethod.latin/10196(22721): show input method
10-10 12:31:46.909  1902 10935 I DefaultImeVisibilityApplier: IMMS.showCurrentInputLocked request ims to show inputMethod.
10-10 12:31:46.911  1902 22586 W PackageConfigPersister: App-specific configuration not found for packageName: eu.europa.ec.euidi and userId: 0
10-10 12:31:46.917  1902 22586 I InputMethodManagerService: IMMS.showSoftInput(), client = com.android.internal.inputmethod.IInputMethodClient$Stub$Proxy@b476a4b
10-10 12:31:46.917  1902 22586 I InputMethodManagerService: IMMS.showCurrentInputLocked(), flags = 0
10-10 12:31:46.917  1902 22586 D SmartPower: com.google.android.inputmethod.latin/10196(22721): show input method
10-10 12:31:46.917  1902 22586 I DefaultImeVisibilityApplier: IMMS.showCurrentInputLocked request ims to show inputMethod.
10-10 12:31:46.939  1902 23259 I InputMethodManagerService: IMMS.applyImeVisibility(), setVisible = true, mCurclient = ClientState{9a4a406 mUid=10390 mPid=15222 mSelfReportedDisplayId=0}
10-10 12:31:46.940  1902 23259 I WindowManager: WMS.showImePostLayout(), imeTarget = Window{648a73d u0 eu.europa.ec.euidi/eu.europa.ec.assemblylogic.ui.MainActivity}
10-10 12:31:46.941  1902  1939 I ImeInsetsSourceProvider: ImeInsetsSourceProvider.scheduleShowImePostLayout() Run showImeRunner.
10-10 12:31:46.941  1902  1939 I ImeInsetsSourceProvider: ImeInsetsSourceProvider.scheduleShowImePostLayout() isReadyToShowIme.
10-10 12:31:46.944  1902 23259 I InputMethodManagerService: IMMS.applyImeVisibility(), setVisible = true, mCurclient = ClientState{9a4a406 mUid=10390 mPid=15222 mSelfReportedDisplayId=0}
10-10 12:31:46.945  1902 23259 I WindowManager: WMS.showImePostLayout(), imeTarget = Window{648a73d u0 eu.europa.ec.euidi/eu.europa.ec.assemblylogic.ui.MainActivity}
10-10 12:31:46.946  2983  3075 D OneHandedController: stopOneHanded state is 0
10-10 12:31:46.946  2983  3075 D OneHandedController: stopOneHanded state is 0
10-10 12:31:46.948  1902  1939 I ImeInsetsSourceProvider: ImeInsetsSourceProvider.scheduleShowImePostLayout() Run showImeRunner.
10-10 12:31:46.948  1902  1939 I ImeInsetsSourceProvider: ImeInsetsSourceProvider.scheduleShowImePostLayout() isReadyToShowIme.
10-10 12:31:47.072  1902 23259 D WindowManagerService: checkFlipFullScreenChange is same, nowIsFullScreen = false
10-10 12:31:47.087  1902 23259 I InputMethodManagerService: IMMS.showCurrentInputLocked(), flags = 1
10-10 12:31:47.088  1902 23259 D SmartPower: com.google.android.inputmethod.latin/10196(22721): show input method
10-10 12:31:47.088  1902 23259 I DefaultImeVisibilityApplier: IMMS.showCurrentInputLocked request ims to show inputMethod.
10-10 12:31:47.091  1902 23259 W PackageConfigPersister: App-specific configuration not found for packageName: eu.europa.ec.euidi and userId: 0
10-10 12:31:47.104  1902 15926 I InputMethodManagerService: IMMS.showSoftInput(), client = com.android.internal.inputmethod.IInputMethodClient$Stub$Proxy@5bf02d4
10-10 12:31:47.104  1902 15926 I InputMethodManagerService: IMMS.showCurrentInputLocked(), flags = 0
10-10 12:31:47.104  1902 15926 D SmartPower: com.google.android.inputmethod.latin/10196(22721): show input method
10-10 12:31:47.104  1902 15926 I DefaultImeVisibilityApplier: IMMS.showCurrentInputLocked request ims to show inputMethod.
10-10 12:31:47.124  1902 15926 I InputMethodManagerService: IMMS.applyImeVisibility(), setVisible = true, mCurclient = ClientState{9a4a406 mUid=10390 mPid=15222 mSelfReportedDisplayId=0}
10-10 12:31:47.124  1902 15926 I WindowManager: WMS.showImePostLayout(), imeTarget = Window{648a73d u0 eu.europa.ec.euidi/eu.europa.ec.assemblylogic.ui.MainActivity}
10-10 12:31:47.125  1902  1939 I ImeInsetsSourceProvider: ImeInsetsSourceProvider.scheduleShowImePostLayout() Run showImeRunner.
10-10 12:31:47.125  1902  1939 I ImeInsetsSourceProvider: ImeInsetsSourceProvider.scheduleShowImePostLayout() isReadyToShowIme.
10-10 12:31:47.130  2983  3075 D OneHandedController: stopOneHanded state is 0
10-10 12:31:47.131  1902 23259 I InputMethodManagerService: IMMS.applyImeVisibility(), setVisible = true, mCurclient = ClientState{9a4a406 mUid=10390 mPid=15222 mSelfReportedDisplayId=0}
10-10 12:31:47.132  1902 23259 I WindowManager: WMS.showImePostLayout(), imeTarget = Window{648a73d u0 eu.europa.ec.euidi/eu.europa.ec.assemblylogic.ui.MainActivity}
10-10 12:31:47.133  1902  1939 I ImeInsetsSourceProvider: ImeInsetsSourceProvider.scheduleShowImePostLayout() Run showImeRunner.
10-10 12:31:47.134  1902  1939 I ImeInsetsSourceProvider: ImeInsetsSourceProvider.scheduleShowImePostLayout() isReadyToShowIme.
10-10 12:31:47.136  2983  3075 D OneHandedController: stopOneHanded state is 0
10-10 12:31:47.249  1902 15926 D WindowManagerService: checkFlipFullScreenChange is same, nowIsFullScreen = false
10-10 12:31:47.452  1902 23259 W MIUIInput: Input event injection from package: null action ACTION_DOWN
10-10 12:31:47.456  1902 23259 W MIUIInput: Input event injection from package: null action ACTION_UP
10-10 12:31:47.634  2983  3075 D MiuiFreeformModeController: avoidForInsetsBottomChangedIfNeed oldMoveableBottom: 2270 newMoveableBounds: 2270
10-10 12:31:47.634  2983  3075 D ImePositionProcessor: onImeVisibilityChanged     isShowing:  false
10-10 12:31:47.637  2983  3075 D MiuiFreeformModeController: onImeVisibilityChanged imeVisible: false imeHeight: 0 adjustedForRotation:false
10-10 12:31:47.637  2983  3075 D MiuiFreeformModeAvoidAlgorithm: begin autoOrderingAvoidMiniTask
10-10 12:31:47.637  2983  3075 D MiuiFreeformModeAvoidAlgorithm: getCurrMiniPos: SameSideMiniPosList: []
10-10 12:31:47.637  2983  3075 D MiuiFreeformModeAvoidAlgorithm: getCurrMiniPos: SameSideMiniPosList: []
10-10 12:31:47.637  2983  3075 D MiuiFreeformModeAvoidAlgorithm: end autoOrderingAvoidMiniTask res:AvoidResult{distance=0, combination={}, activeTaskPos=Rect(0, 0 - 0, 0)}
10-10 12:31:47.638  1902  1939 I WindowManager: input method visible height changed 0
10-10 12:31:47.638  1902  2338 I ITouchFeature: current device and process support version:2
10-10 12:31:47.645  1902 22586 I InputMethodManagerService: IMMS.applyImeVisibility(), setVisible = false, mCurclient = ClientState{9a4a406 mUid=10390 mPid=15222 mSelfReportedDisplayId=0}
10-10 12:31:47.649  1902  3317 W PackageConfigPersister: App-specific configuration not found for packageName: eu.europa.ec.euidi and userId: 0
10-10 12:31:47.656  1902 23265 D CoreBackPreview: Window{648a73d u0 eu.europa.ec.euidi/eu.europa.ec.assemblylogic.ui.MainActivity}: Setting back callback OnBackInvokedCallbackInfo{mCallback=android.window.IOnBackInvokedCallback$Stub$Proxy@84de379, mPriority=0, mIsAnimationCallback=false}
10-10 12:31:48.173  1902 23265 I SmartPower: com.google.android.inputmethod.latin/10196(22721): visible->invisible(3495ms) R(become invisible) adj=100.
10-10 12:31:48.174  1902 23265 I SmartPower: com.google.android.inputmethod.latin/10196(22721): invisible->background(0ms) R(become background) adj=100.
10-10 12:31:48.181  2983  3075 D MiuiFreeformModeController: avoidForInsetsBottomChangedIfNeed oldMoveableBottom: 2270 newMoveableBounds: 2270
10-10 12:31:48.194  2983  3075 D MiuiFreeformModeController: avoidForInsetsBottomChangedIfNeed oldMoveableBottom: 2270 newMoveableBounds: 2270
10-10 12:31:48.215  1902  1990 W PackageSettings: Couldn't write -1 to /config/sdcardfs/com.google.android.devicelock/appid
10-10 12:31:48.216  1902  1990 W PackageSettings: Couldn't write -1 to /config/sdcardfs/com.google.android.tzdata5/appid
10-10 12:31:48.217  1902  1990 W PackageSettings: Couldn't write -1 to /config/sdcardfs/com.google.android.ondevicepersonalization/appid
10-10 12:31:48.219  1902  1990 W PackageSettings: Couldn't write -1 to /config/sdcardfs/com.google.android.media.swcodec/appid
10-10 12:31:48.220  1902  1990 W PackageSettings: Couldn't write -1 to /config/sdcardfs/com.google.android.os.statsd/appid
10-10 12:31:48.221  1902  1990 W PackageSettings: Couldn't write -1 to /config/sdcardfs/com.google.mainline.primary.libs/appid
10-10 12:31:48.223  1902  1990 W PackageSettings: Couldn't write -1 to /config/sdcardfs/com.google.android.extservices/appid
10-10 12:31:48.225  1902  1990 W PackageSettings: Couldn't write -1 to /config/sdcardfs/com.android.uwb/appid
10-10 12:31:48.226  1902  1990 W PackageSettings: Couldn't write -1 to /config/sdcardfs/com.android.btservices/appid
10-10 12:31:48.226  1902  1990 W PackageSettings: Couldn't write -1 to /config/sdcardfs/com.google.android.healthfitness/appid
10-10 12:31:48.229  1902  1990 W PackageSettings: Couldn't write -1 to /config/sdcardfs/com.google.android.ipsec/appid
10-10 12:31:48.229  1902  1990 W PackageSettings: Couldn't write -1 to /config/sdcardfs/com.google.android.media/appid
10-10 12:31:48.232  1902  1990 W PackageSettings: Couldn't write -1 to /config/sdcardfs/com.android.i18n/appid
10-10 12:31:48.232  1902  1990 W PackageSettings: Couldn't write -1 to /config/sdcardfs/com.android.rkpd/appid
10-10 12:31:48.232  1902  1990 W PackageSettings: Couldn't write -1 to /config/sdcardfs/com.android.virt/appid
10-10 12:31:48.233  1902  1990 W PackageSettings: Couldn't write -1 to /config/sdcardfs/com.android.wifi/appid
10-10 12:31:48.235  1902  1990 W PackageSettings: Couldn't write -1 to /config/sdcardfs/com.google.android.appsearch/appid
10-10 12:31:48.235  1902  1990 W PackageSettings: Couldn't write -1 to /config/sdcardfs/com.google.android.configinfrastructure/appid
10-10 12:31:48.235  1902  1990 W PackageSettings: Couldn't write -1 to /config/sdcardfs/com.android.runtime/appid
10-10 12:31:48.236  1902  1990 W PackageSettings: Couldn't write -1 to /config/sdcardfs/com.google.android.cellbroadcast/appid
10-10 12:31:48.236  1902  1990 W PackageSettings: Couldn't write -1 to /config/sdcardfs/com.android.apex.cts.shim/appid
10-10 12:31:48.237  1902  1990 W PackageSettings: Couldn't write -1 to /config/sdcardfs/com.android.compos/appid
10-10 12:31:48.237  1902  1990 W PackageSettings: Couldn't write -1 to /config/sdcardfs/com.google.android.resolv/appid
10-10 12:31:48.237  1902  1990 W PackageSettings: Couldn't write -1 to /config/sdcardfs/com.google.android.sdkext/appid
10-10 12:31:48.238  1902  1990 W PackageSettings: Couldn't write -1 to /config/sdcardfs/com.google.android.art/appid
10-10 12:31:48.241  1902  1990 W PackageSettings: Couldn't write -1 to /config/sdcardfs/com.google.android.adservices/appid
10-10 12:31:48.244  1902  1990 W PackageSettings: Couldn't write -1 to /config/sdcardfs/com.google.android.scheduling/appid
10-10 12:31:48.244  1902  1990 W PackageSettings: Couldn't write -1 to /config/sdcardfs/com.google.android.mediaprovider/appid
10-10 12:31:48.245  1902  1990 W PackageSettings: Couldn't write -1 to /config/sdcardfs/com.google.android.permission/appid
10-10 12:31:48.246  1902  1990 W PackageSettings: Couldn't write -1 to /config/sdcardfs/com.android.vndk.v30/appid
10-10 12:31:48.246  1902  1990 W PackageSettings: Couldn't write -1 to /config/sdcardfs/com.android.vndk.v31/appid
10-10 12:31:48.246  1902  1990 W PackageSettings: Couldn't write -1 to /config/sdcardfs/com.android.vndk.v33/appid
10-10 12:31:48.246  1902  1990 W PackageSettings: Couldn't write -1 to /config/sdcardfs/com.android.vndk.v34/appid
10-10 12:31:48.248  1902  1990 W PackageSettings: Couldn't write -1 to /config/sdcardfs/com.google.android.neuralnetworks/appid
10-10 12:31:48.248  1902  1990 W PackageSettings: Couldn't write -1 to /config/sdcardfs/com.google.android.tethering/appid
10-10 12:31:48.249  1902  1990 W PackageSettings: Couldn't write -1 to /config/sdcardfs/com.google.android.adbd/appid
10-10 12:31:48.250  1902  1990 W PackageSettings: Couldn't write -1 to /config/sdcardfs/com.google.android.conscrypt/appid
10-10 12:31:48.502  1902 23265 W MIUIInput: Input event injection from package: null action ACTION_DOWN
10-10 12:31:48.508  1902 23265 W MIUIInput: Input event injection from package: null action ACTION_UP
10-10 12:31:48.530  1902 23265 D CompatibilityChangeReporter: Compat change id reported: 161145287; UID 10390; state: ENABLED
10-10 12:31:48.542  1902  2620 I SmartPower: com.android.chrome:sandboxed_process0:org.chromium.content.app.SandboxedProcessSerbackground->idle(79765ms) R(remove from whitelist) adj=200.
10-10 12:31:48.543  1902  2620 I SmartPower: com.android.chrome:sandboxed_process0:org.chromium.content.app.SandboxedProcessSerbackground->idle(79764ms) R(remove from whitelist) adj=200.
10-10 12:31:48.543  1902  2620 I SmartPower: com.android.chrome:sandboxed_process0:org.chromium.content.app.SandboxedProcessSerbackground->idle(79764ms) R(remove from whitelist) adj=940.
10-10 12:31:48.543  1902  2620 I SmartPower: com.android.chrome:sandboxed_process0:org.chromium.content.app.SandboxedProcessSerbackground->idle(79764ms) R(remove from whitelist) adj=930.
10-10 12:31:48.543  1902  2620 I SmartPower: com.android.chrome:sandboxed_process0:org.chromium.content.app.SandboxedProcessSerbackground->idle(79764ms) R(remove from whitelist) adj=920.
10-10 12:31:48.543  1902  2620 I SmartPower: com.android.chrome:sandboxed_process0:org.chromium.content.app.SandboxedProcessSerbackground->idle(79763ms) R(remove from whitelist) adj=910.
10-10 12:31:48.544  1902  2620 I SmartPower: com.android.chrome:sandboxed_process0:org.chromium.content.app.SandboxedProcessSerbackground->idle(79763ms) R(remove from whitelist) adj=900.
10-10 12:31:48.556  1556  1556 I wificond: station_bandwidth: 
10-10 12:31:49.493  1902  1985 D PermissionManager: writeLegacyPermissionState for user  in 52 ms.
10-10 12:31:50.005  1902 10935 W MIUIInput: Input event injection from package: null action ACTION_DOWN
10-10 12:31:50.011  1902 10935 W MIUIInput: Input event injection from package: null action ACTION_UP
10-10 12:31:50.918  1902 22586 D CompatibilityChangeReporter: Compat change id reported: 265464455; UID 10190; state: DISABLED
10-10 12:31:50.919  1902 22586 D CompatibilityChangeReporter: Compat change id reported: 265452344; UID 10190; state: DISABLED
10-10 12:31:50.919  1902 22586 D CompatibilityChangeReporter: Compat change id reported: 266124927; UID 10190; state: DISABLED
10-10 12:31:50.920  1902 22586 D CompatibilityChangeReporter: Compat change id reported: 265451093; UID 10190; state: DISABLED
10-10 12:31:50.921  1902 22586 D CompatibilityChangeReporter: Compat change id reported: 265456536; UID 10190; state: DISABLED
10-10 12:31:50.921  1902 22586 D CompatibilityChangeReporter: Compat change id reported: 255940284; UID 10190; state: DISABLED
10-10 12:31:50.922  1902 22586 D CompatibilityChangeReporter: Compat change id reported: 236283604; UID 10190; state: DISABLED
10-10 12:31:50.922  1902 22586 D CompatibilityChangeReporter: Compat change id reported: 263959004; UID 10190; state: DISABLED
10-10 12:31:50.923  1902 22586 D CompatibilityChangeReporter: Compat change id reported: 264304459; UID 10190; state: DISABLED
10-10 12:31:50.924  1902 22586 D CompatibilityChangeReporter: Compat change id reported: 264301586; UID 10190; state: DISABLED
10-10 12:31:50.924  1902 22586 D CompatibilityChangeReporter: Compat change id reported: 254631730; UID 10190; state: DISABLED
10-10 12:31:50.924  1902 22586 D CompatibilityChangeReporter: Compat change id reported: 273509367; UID 10190; state: DISABLED
10-10 12:31:50.927  1902 22586 D CompatibilityChangeReporter: Compat change id reported: 263259275; UID 10190; state: DISABLED
10-10 12:31:50.927  1902 22586 D CompatibilityChangeReporter: Compat change id reported: 174042980; UID 10190; state: DISABLED
10-10 12:31:50.927  1902 22586 D CompatibilityChangeReporter: Compat change id reported: 174042936; UID 10190; state: DISABLED
10-10 12:31:50.928  1902 22586 D CompatibilityChangeReporter: Compat change id reported: 181136395; UID 10190; state: DISABLED
10-10 12:31:50.930  1902 22586 D CompatibilityChangeReporter: Compat change id reported: 194480991; UID 10190; state: ENABLED
10-10 12:31:50.932  1902 22586 I SmartPower: com.android.chrome:privileged_process0/10190(11664): idle->invisible(5392ms) R(become foreground) adj=700.
10-10 12:31:50.934  1902 22586 I SmartPower: com.android.chrome/10190(11296): idle->invisible(5394ms) R(become foreground) adj=700.
10-10 12:31:50.935  1902 22586 D WindowManager: Collecting in transition 1124: ActivityRecord{4892357 u0 com.android.chrome/com.google.android.apps.chrome.IntentDispatcher init visibleRequested:false
10-10 12:31:50.936  1902 22586 D MiuiFreeFormManagerService: activeOrFullscreenFreeformTaskIfNeed startDefaultAr:false
10-10 12:31:50.943  2983  3075 D OneHandedController: stopOneHanded state is 0
10-10 12:31:50.950  1902 22586 D WindowManager: setLockTaskAuth: task=Task{372be44 #496 type=standard I=com.android.chrome/com.google.android.apps.chrome.IntentDispatcher} mLockTaskAuth=LOCK_TASK_AUTH_PINNABLE
10-10 12:31:50.950  1902 22586 D WindowManager: Collecting in transition 1124: Task{372be44 #496 type=standard I=com.android.chrome/com.google.android.apps.chrome.IntentDispatcher} init visibleRequested:false
10-10 12:31:50.956  1902 22586 D CompatibilityChangeReporter: Compat change id reported: 184838306; UID 10190; state: DISABLED
10-10 12:31:50.957  1902 22586 D CompatibilityChangeReporter: Compat change id reported: 185004937; UID 10190; state: DISABLED
10-10 12:31:50.963  1902 22586 D WindowManager: setLockTaskAuth: task=Task{372be44 #496 type=standard I=com.android.chrome/com.google.android.apps.chrome.IntentDispatcher} mLockTaskAuth=LOCK_TASK_AUTH_PINNABLE
10-10 12:31:50.966  1902 22586 D MiuiFreeFormManagerService: onStartActivityInner as = Task{372be44 #496 type=standard I=com.android.chrome/com.google.android.apps.chrome.IntentDispatcher} op = null
10-10 12:31:50.968  1902 22586 D ActivityTaskManager: Task#startActivityLocked isOrhasTask=true newTask=true
10-10 12:31:50.969  1902 22586 D ActivityTaskManager: Not add starting window, the reason is: windowIsTranslucent = true  windowIsFloating = false  this = ActivityRecord{4892357 u0 com.android.chrome/com.google.android.apps.chrome.IntentDispatcher t496}
10-10 12:31:50.971  1902 22586 D CompatibilityChangeReporter: Compat change id reported: 205907456; UID 10190; state: ENABLED
10-10 12:31:50.975  1902 22586 D WindowManager: Collecting in transition 1124: ActivityRecord{4892357 u0 com.android.chrome/com.google.android.apps.chrome.IntentDispatcher t496} init visibleRequested:false
10-10 12:31:50.975  1902 22586 D WindowManager: Requesting StartTransition: TransitionRecord{3690862 id=1124 type=OPEN flags=0x0}
10-10 12:31:50.977  1902 22586 I ActivityTaskManager: START u0 {act=android.intent.action.VIEW dat=https://issuer.eudiw.dev/... flg=0x10000000 cmp=com.android.chrome/com.google.android.apps.chrome.IntentDispatcher} with LAUNCH_MULTIPLE from uid 10390 (BAL_ALLOW_VISIBLE_WINDOW) result code=0
10-10 12:31:50.978  2983  3075 I SoScUtils: monitorTransitionRequest mRequestOpenTransition:null mRequestOpenTriggerTask:-1 mRequestCloseTransition:null mRequestCloseTriggerTask:-1 mRequestCloseStageType:-1
10-10 12:31:50.981  1902 23265 D WindowManager: Collecting in transition 1124: ActivityRecord{4892357 u0 com.android.chrome/com.google.android.apps.chrome.IntentDispatcher t496} init visibleRequested:false
10-10 12:31:50.982  1902 23265 D WindowManager: Collecting in transition 1124: ActivityRecord{4892357 u0 com.android.chrome/com.google.android.apps.chrome.IntentDispatcher t496} init visibleRequested:true
10-10 12:31:50.983  1902 23265 D WindowManagerService: checkFlipFullScreenChange is same, nowIsFullScreen = false
10-10 12:31:50.984  1902 23265 W WindowManager: Changing focus from Window{648a73d u0 eu.europa.ec.euidi/eu.europa.ec.assemblylogic.ui.MainActivity} to null displayId=0 Callers=com.android.server.wm.RootWindowContainer.updateFocusedWindowLocked:557 com.android.server.wm.WindowManagerService.updateFocusedWindowLocked:6962 com.android.server.wm.ActivityTaskManagerService.setLastResumedActivityUncheckLocked:5565 com.android.server.wm.ActivityTaskSupervisor.updateTopResumedActivityIfNeeded:2557 
10-10 12:31:50.984  1902 23265 D WindowManager: wms.Input focus has changed to null display=0 updateInputWindows = true
10-10 12:31:50.984  1902 23265 I MultiSenceManagerInternalStub: getInstance
10-10 12:31:50.986  1902 23265 D WindowManager: Collecting in transition 1124: ActivityRecord{4892357 u0 com.android.chrome/com.google.android.apps.chrome.IntentDispatcher t496} init visibleRequested:true
10-10 12:31:50.989  1902 23265 D CompatibilityChangeReporter: Compat change id reported: 197654537; UID 10390; state: ENABLED
10-10 12:31:50.991  1902 22586 D WindowManager: Set transition=TransitionRecord{3690862 id=1124 type=OPEN flags=0x0}, ready=true, SyncId=1124 
10-10 12:31:50.992  2983  3075 D OneHandedController: stopOneHanded state is 0
10-10 12:31:50.993  2983  3075 D OneHandedController: stopOneHanded state is 0
10-10 12:31:50.993  2983  3075 D MiuiFullScreenTaskRepository: removeFocusedTask displayId=0
10-10 12:31:50.993  2983  3075 D MiuiFullScreenTaskRepository: addOrUpdateFullScreenTaskInfo taskId=495, topActivity=ComponentInfo{eu.europa.ec.euidi/eu.europa.ec.assemblylogic.ui.MainActivity}
10-10 12:31:50.999  1902  1936 E MBrainLocalService: MBrainJava launch failed: SecurityException
10-10 12:31:50.999  1902  1939 I BLASTSyncEngine: SyncGroup 1124:  Unfinished container:ActivityRecord{4892357 u0 com.android.chrome/com.google.android.apps.chrome.IntentDispatcher t496}
10-10 12:31:50.999  1902  1939 I BLASTSyncEngine: isActivitySyncFinished isSyncFinished false ActivityRecord{4892357 u0 com.android.chrome/com.google.android.apps.chrome.IntentDispatcher t496}
10-10 12:31:51.000  1902 23259 D PerfShielderService: eu.europa.ec.euidi|eu.europa.ec.euidi/eu.europa.ec.assemblylogic.ui.MainActivity|87|115746639960052|84|5|2
10-10 12:31:51.001  1902  1936 D Aurogon :  uid = 10190 switch to FG
10-10 12:31:51.002 22071 22103 W MiuiPerfServiceClient: interceptAndQueuing:15222|eu.europa.ec.euidi|87|84|115746639960052|Slow issue draw commands|2
10-10 12:31:51.003  1902  1938 W ProcessStats: Tracking association SourceState{b4138ed com.android.chrome/10190 BTop #350061} whose proc state 2 is better than process ProcessState{6c26b07 com.google.android.adservices.api/10307 pkg=com.google.android.adservices.api} proc state 14 (77 skipped)
10-10 12:31:51.006  1902  1936 E MBrainLocalService: MBrainJava launch failed: SecurityException
10-10 12:31:51.010  1902  3317 D CompatibilityChangeReporter: Compat change id reported: 161145287; UID 10190; state: ENABLED
10-10 12:31:51.012  1902 22586 D CompatibilityChangeReporter: Compat change id reported: 319212206; UID 10190; state: ENABLED
10-10 12:31:51.019  1902 10935 D CompatibilityChangeReporter: Compat change id reported: 259743961; UID 10190; state: ENABLED
10-10 12:31:51.020  1902 22586 D WindowManager: Collecting in transition 1124: ActivityRecord{2932a0c u0 com.android.chrome/org.chromium.chrome.browser.ChromeTabbedActivity init visibleRequested:false
10-10 12:31:51.021  1902 22586 D MiuiFreeFormManagerService: activeOrFullscreenFreeformTaskIfNeed startDefaultAr:false
10-10 12:31:51.021  1902 22586 D MiuiFreeFormManagerService: onStartActivityInner as = Task{cb3e55f #482 type=standard A=10190:com.android.chrome} op = null
10-10 12:31:51.021  1902 22586 D WindowManagerService: checkFlipFullScreenChange is same, nowIsFullScreen = false
10-10 12:31:51.022  1902 22586 D WindowManager: setLockTaskAuth: task=Task{cb3e55f #482 type=standard A=10190:com.android.chrome} mLockTaskAuth=LOCK_TASK_AUTH_PINNABLE
10-10 12:31:51.025  1902 22586 D WindowManager: Set transition=TransitionRecord{3690862 id=1124 type=OPEN flags=0x0}, ready=false, SyncId=1124 used=true, override=false, defer=0, states=Display{#0 state=ON size=1080x2400 ROTATION_0}:false
10-10 12:31:51.025  1902 22586 D WindowManager: Collecting in transition 1124: ActivityRecord{2932a0c u0 com.android.chrome/org.chromium.chrome.browser.ChromeTabbedActivity t-1} init visibleRequested:false
10-10 12:31:51.025  1902 22586 D WindowManager: Set transition=TransitionRecord{3690862 id=1124 type=OPEN flags=0x0}, ready=false, SyncId=1124 used=true, override=false, defer=0, states=Display{#0 state=ON size=1080x2400 ROTATION_0}:false
10-10 12:31:51.028  1902 22586 I ActivityTaskManager: START u0 {act=android.intent.action.VIEW dat=https://issuer.eudiw.dev/... flg=0x14002000 cmp=com.android.chrome/org.chromium.chrome.browser.ChromeTabbedActivity (has extras)} with LAUNCH_SINGLE_INSTANCE_PER_TASK from uid 10190 (BAL_ALLOW_VISIBLE_WINDOW) result code=2
10-10 12:31:51.028  2983  3075 D MiuiFullScreenTaskRepository: setFocusedTask taskId=482, displayId=0, topActivity=ComponentInfo{com.android.chrome/org.chromium.chrome.browser.ChromeTabbedActivity}
10-10 12:31:51.028  2983  3075 D MiuiFullScreenTaskRepository: addOrUpdateFullScreenTaskInfo taskId=482, topActivity=ComponentInfo{com.android.chrome/org.chromium.chrome.browser.ChromeTabbedActivity}
10-10 12:31:51.029  1902 10935 D MiuiSoScManagerStub: supportSoScMinimizedMode:true
10-10 12:31:51.029  1902 10935 D MiuiSoScManagerStub: taskInSoScFullMode:false
10-10 12:31:51.029  1902 10935 D MiuiFreeFormGestureController: deliverResultForFinishActivity resultTo: null resultFrom: ActivityRecord{4892357 u0 com.android.chrome/com.google.android.apps.chrome.IntentDispatcher t496 f}} isInVideoOrGameScene: false intent: Intent { act=android.intent.action.VIEW dat=https://issuer.eudiw.dev/... flg=0x10800000 cmp=com.android.chrome/com.google.android.apps.chrome.IntentDispatcher }
10-10 12:31:51.029  1902 10935 D WindowManager: Collecting in transition 1124: Task{372be44 #496 type=standard I=com.android.chrome/com.google.android.apps.chrome.IntentDispatcher} init visibleRequested:true
