10-10 12:45:31.179  2983  3075 D MiuiFreeformModeController: onFocusTaskChanged taskInfo: TaskInfo{userId=0 taskId=516 displayId=0 isRunning=true baseIntent=Intent { act=android.intent.action.MAIN cat=[android.intent.category.LAUNCHER] flg=0x10200000 cmp=eu.europa.ec.euidi/eu.europa.ec.assemblylogic.ui.MainActivity } baseActivity=ComponentInfo{eu.europa.ec.euidi/eu.europa.ec.assemblylogic.ui.MainActivity} topActivity=ComponentInfo{eu.europa.ec.euidi/eu.europa.ec.assemblylogic.ui.MainActivity} origActivity=null realActivity=ComponentInfo{eu.europa.ec.euidi/eu.europa.ec.assemblylogic.ui.MainActivity} numActivities=1 lastActiveTime=900586299 supportsSplitScreenMultiWindow=true supportsMultiWindow=true resizeMode=1 isResizeable=true minWidth=-1 minHeight=-1 defaultMinSize=200 token=WCT{android.window.IWindowContainerToken$Stub$Proxy@bd9672f} topActivityType=1 pictureInPictureParams=null shouldDockBigOverlays=false launchIntoPipHostTaskId=-1 lastParentTaskIdBeforePip=-1 displayCutoutSafeInsets=Rect(0, 94 - 0, 0) topActivityInfo=ActivityInfo{65b713c eu.europa.ec.assemblylogic.ui.MainActivity} launchCookies=[] positionInParent=Point(0, 0) parentTaskId=-1 isFocused=true isVisible=false isVisibleRequested=false isSleeping=false topActivityInSizeCompat=false topActivityEligibleForLetterboxEducation= false topActivityLetterboxed= false isFromDoubleTap= false topActivityLetterboxVerticalPosition= -1 topActivityLetterboxHorizontalPosition= -1 topActivityLetterboxWidth=-1 topActivityLetterboxHeight=-1 locusId=null displayAreaFeatureId=1 cameraCompatControlState=hidden mIsCastMode=false mTopActivityMediaSize=null mTopActivityRecordName=ActivityRecord{2dcb79e u0 eu.europa.ec.euidi/eu.europa.ec.assemblylogic.ui.MainActivity t516} mTopActivityOrientation=-2 mTopActivityWindowIsNowVisible=false isTranslucent=true isEmbedded=false shouldBeVisible=true isImmersive=false mBehindAppLockPkg=null mOriginatingUid=0}
10-10 12:45:31.187  1902 23266 D WindowManager: Collecting in transition 1171: ActivityRecord{2dcb79e u0 eu.europa.ec.euidi/eu.europa.ec.assemblylogic.ui.MainActivity t516} init visibleRequested:false
10-10 12:45:31.187  1902 23266 E Transition: Trying to add a ready-group twice: Display{#0 state=ON size=1080x2400 ROTATION_0}
10-10 12:45:31.188  1902 23266 D WindowManagerService: checkFlipFullScreenChange is same, nowIsFullScreen = false
10-10 12:45:31.190  1902 23266 D WindowManager: Collecting in transition 1171: ActivityRecord{61fb048 u0 com.android.chrome/org.chromium.chrome.browser.ChromeTabbedActivity t518} init visibleRequested:true
10-10 12:45:31.193  1902  1936 E MBrainLocalService: MBrainJava launch failed: SecurityException
10-10 12:45:31.194  1902 23266 D WindowManager: Collecting in transition 1171: ActivityRecord{2dcb79e u0 eu.europa.ec.euidi/eu.europa.ec.assemblylogic.ui.MainActivity t516} init visibleRequested:true
10-10 12:45:31.194  1902 23266 D WindowManager: Set transition=TransitionRecord{9146cc4 id=1171 type=OPEN flags=0x0}, ready=true, SyncId=1171 
10-10 12:45:31.197  2983  3075 D MiuiFullScreenTaskRepository: setFocusedTask taskId=516, displayId=0, topActivity=ComponentInfo{eu.europa.ec.euidi/eu.europa.ec.assemblylogic.ui.MainActivity}
10-10 12:45:31.197  2983  3075 D MiuiFullScreenTaskRepository: addOrUpdateFullScreenTaskInfo taskId=516, topActivity=ComponentInfo{eu.europa.ec.euidi/eu.europa.ec.assemblylogic.ui.MainActivity}
10-10 12:45:31.199  1902 23266 I BLASTSyncEngine: SyncGroup 1171:  Unfinished container:ActivityRecord{2dcb79e u0 eu.europa.ec.euidi/eu.europa.ec.assemblylogic.ui.MainActivity t516}
10-10 12:45:31.199  1902 23266 I BLASTSyncEngine: isActivitySyncFinished isSyncFinished false ActivityRecord{2dcb79e u0 eu.europa.ec.euidi/eu.europa.ec.assemblylogic.ui.MainActivity t516}
10-10 12:45:31.204  1902  1936 D Aurogon :  uid = 10390 switch to FG
10-10 12:45:31.234  2983  4558 D MiuiFreeformModeObserver: activityResumed() intent Intent { cmp=eu.europa.ec.euidi/eu.europa.ec.assemblylogic.ui.MainActivity (has extras) }
10-10 12:45:31.238  1902  3385 I BLASTSyncEngine: SyncGroup 1171:  Unfinished container:ActivityRecord{2dcb79e u0 eu.europa.ec.euidi/eu.europa.ec.assemblylogic.ui.MainActivity t516}
10-10 12:45:31.238  1902  3385 I BLASTSyncEngine: isActivitySyncFinished isSyncFinished false ActivityRecord{2dcb79e u0 eu.europa.ec.euidi/eu.europa.ec.assemblylogic.ui.MainActivity t516}
10-10 12:45:31.238  1902  3385 W WindowManager: Changing focus from null to Window{df772dc u0 eu.europa.ec.euidi/eu.europa.ec.assemblylogic.ui.MainActivity} displayId=0 Callers=com.android.server.wm.RootWindowContainer.updateFocusedWindowLocked:557 com.android.server.wm.WindowManagerService.updateFocusedWindowLocked:6962 com.android.server.wm.WindowManagerService.relayoutWindow:2951 com.android.server.wm.Session.relayout:266 
10-10 12:45:31.239  1902  3385 I WindowManager: cancelAnimation removed leash : Surface(name=Surface(name=81266ae StatusBar#86)/@0xb48dfdc - animation-leash of insets_animation#19487)/@0xa8ead09
10-10 12:45:31.239  1902  3385 I WindowManager: cancelAnimation removed leash : Surface(name=Surface(name=db27a2 NavigationBar0#82)/@0xc1acbf0 - animation-leash of insets_animation#19493)/@0xa82ba93
10-10 12:45:31.240  1902  3385 D WindowManager: wms.Input focus has changed to Window{df772dc u0 eu.europa.ec.euidi/eu.europa.ec.assemblylogic.ui.MainActivity} display=0 updateInputWindows = true
10-10 12:45:31.240  1902  3385 I MultiSenceManagerInternalStub: getInstance
10-10 12:45:31.240  1902  3385 I WindowManager: Relayout Window{df772dc u0 eu.europa.ec.euidi/eu.europa.ec.assemblylogic.ui.MainActivity}: oldVis=8 newVis=0 focusMayChange = true requestedWidth = 1080 requestedHeight = 2400 outFrames = ClientWindowFrames{frame=[0,0][1080,2400] display=[0,0][1080,2400] parentFrame=[0,0][0,0]} outSurfaceControl = Surface(name=eu.europa.ec.euidi/eu.europa.ec.assemblylogic.ui.MainActivity#19494)/@0xe28a43a
10-10 12:45:31.258  1902  3385 W WindowManager: finishDrawingWindow: Window{df772dc u0 eu.europa.ec.euidi/eu.europa.ec.assemblylogic.ui.MainActivity} mDrawState=DRAW_PENDING
10-10 12:45:31.258  1902  3385 D WindowManager: wms.finishDrawingLocked: mDrawState=COMMIT_DRAW_PENDING Window{df772dc u0 eu.europa.ec.euidi/eu.europa.ec.assemblylogic.ui.MainActivity} in Surface(name=eu.europa.ec.euidi/eu.europa.ec.assemblylogic.ui.MainActivity#19494)/@0x963a1a9
10-10 12:45:31.262  1902  1939 I SmartPower: eu.europa.ec.euidi/10390(21164): invisible->visible(107ms) R(become visible) adj=0.
10-10 12:45:31.263  1902  1939 W WindowManager: real show surface:Surface(name=eu.europa.ec.euidi/eu.europa.ec.assemblylogic.ui.MainActivity#19494)/@0x963a1a9
10-10 12:45:31.263  1902  1939 D WindowManager: Final targets: [Task{a20827f #516 type=standard A=10390:eu.europa.ec.euidi}, Task{2e42ee1 #518 type=standard A=10190:com.android.chrome}]
10-10 12:45:31.266  1902  1902 D MBrainLocalService: isVendorFreezeConditionPass is false
10-10 12:45:31.266  1902  1902 E MBrainLocalService: notifyAppSwitch failed
10-10 12:45:31.280  1902  1939 D WindowManager: snapshot isNothing = false source = Task{2e42ee1 #518 type=standard A=10190:com.android.chrome}
10-10 12:45:31.281  1902  1939 D WindowManager: Calling onTransitionReady info={id=1171 t=OPEN f=0x0 trk=0 r=[0@Point(0, 0)] c=[{WCT{RemoteToken{be0281 Task{a20827f #516 type=standard A=10390:eu.europa.ec.euidi}}} m=TO_FRONT f=MOVE_TO_TOP leash=Surface(name=Task=516#19433)/@0xb54575a sb=Rect(0, 0 - 1080, 2400) eb=Rect(0, 0 - 1080, 2400) d=0},{WCT{RemoteToken{43eb1c1 Task{2e42ee1 #518 type=standard A=10190:com.android.chrome}}} m=TO_BACK f=NONE leash=Surface(name=Task=518#19452)/@0x33119a sb=Rect(0, 0 - 1080, 2400) eb=Rect(0, 0 - 1080, 2400) d=0}] noAni=[false] df=[false] mk=[true] nc=[0] oa=[false]}, mToken=Token{5ecca06 TransitionRecord{9146cc4 id=1171 type=OPEN flags=0x0}}
10-10 12:45:31.283  1902  1939 I BLASTSyncEngine: finishNow: after onTransactionReady, mSyncId=1171
10-10 12:45:31.285  2983  3075 D MiuiFreeformAnimation: startAnimation change: {WCT{android.window.IWindowContainerToken$Stub$Proxy@f0c6528} m=TO_FRONT f=MOVE_TO_TOP leash=Surface(name=Task=516#19433)/@0x1d7aec5 sb=Rect(0, 0 - 1080, 2400) eb=Rect(0, 0 - 1080, 2400) d=0} info.getType(): 1
10-10 12:45:31.285  2983  3075 I MiuiFreeformAnimation: isLaunchWidgetPicker=false,taskInfo.getWindowingMode()=1, taskInfo.getActivityType()=1
10-10 12:45:31.286  2983  3075 D MiuiFreeformAnimation: startAnimation change: {WCT{android.window.IWindowContainerToken$Stub$Proxy@4097241} m=TO_BACK f=NONE leash=Surface(name=Task=518#19452)/@0x173a01a sb=Rect(0, 0 - 1080, 2400) eb=Rect(0, 0 - 1080, 2400) d=0} info.getType(): 1
10-10 12:45:31.286  2983  3075 W MiuiTaskTransitionHandler: Receive an unknown transition, token=android.os.BinderProxy@ab02410, type=1
10-10 12:45:31.288  2983  3075 D TransitionAnimationHelper:  load default animation  type = 1 enter = false animAttr = 9 isTask = true translucent = false
10-10 12:45:31.288  2983  3075 D TransitionAnimationHelper:  load default animation  type = 1 enter = true animAttr = 8 isTask = true translucent = false
10-10 12:45:31.290  1902  1902 D MBrainLocalService: isVendorFreezeConditionPass is false
10-10 12:45:31.290  1902  1902 E MBrainLocalService: notifyAppSwitch failed
10-10 12:45:31.290  2983  3092 D ShellTransitions: speed ui!!!!!!!!!!!
10-10 12:45:31.292  2983  3075 D MiuiFullScreenTaskRepository: setFocusedTask taskId=516, displayId=0, topActivity=ComponentInfo{eu.europa.ec.euidi/eu.europa.ec.assemblylogic.ui.MainActivity}
10-10 12:45:31.292  2983  3075 D MiuiFullScreenTaskRepository: addOrUpdateFullScreenTaskInfo taskId=516, topActivity=ComponentInfo{eu.europa.ec.euidi/eu.europa.ec.assemblylogic.ui.MainActivity}
10-10 12:45:31.295  1902  1938 D SchedBoost: com.android.chrome boosting, skip reset priority
10-10 12:45:31.295  1902  1938 D SchedBoost: com.android.chrome:sandboxed_process0:org.chromium.content.app.SandboxedProcessService0:0 boosting, skip reset priority
10-10 12:45:31.295  1902  1938 D SchedBoost: com.google.android.adservices.api boosting, skip reset priority
10-10 12:45:31.295  1902  1938 D SchedBoost: com.android.chrome:privileged_process0 boosting, skip reset priority
10-10 12:45:31.300  1902  1936 E MBrainLocalService: MBrainJava launch failed: SecurityException
10-10 12:45:31.303  2983  3075 D SoScUtils: monitorTransitionFinished transition:android.os.BinderProxy@ab02410 transaction: android.view.SurfaceControl$Transaction@df92879 mRequestCloseTransition:null mRequestOpenTransition:null mPairsOpenTransition:null mPairsOpenTransitionNull:null mRequestOpenTriggerTask:-1 mRequestCloseTriggerTask:-1 mOrientationTransition: null mMainStartingTask:-1 mSideStartingTask:-1
10-10 12:45:31.305  1902  1936 E MBrainLocalService: MBrainJava launch failed: SecurityException
10-10 12:45:31.305  1902  3385 I WindowManager: cancelAnimation removed leash : Surface(name=Surface(name=6a76de5 InputMethod#123)/@0xf2bd99 - animation-leash of insets_animation#19474)/@0xfbc88c1
10-10 12:45:31.307  1902 23266 W PackageConfigPersister: App-specific configuration not found for packageName: eu.europa.ec.euidi and userId: 0
10-10 12:45:31.312  2983  3075 D MiuiFullScreenTaskRepository: addOrUpdateFullScreenTaskInfo taskId=518, topActivity=ComponentInfo{com.android.chrome/org.chromium.chrome.browser.ChromeTabbedActivity}
10-10 12:45:31.316  1902  1938 I SmartPower: com.android.chrome/10190(21266): visible->invisible(15530ms) R(become invisible) adj=200.
10-10 12:45:31.316  1902  1938 I SmartPower: com.android.chrome:privileged_process0/10190(21389): invisible->background(15069ms) R(become background) adj=200.
10-10 12:45:31.317  1902  1938 I SmartPower: com.android.chrome/10190(21266): invisible->background(0ms) R(become background) adj=200.
10-10 12:45:31.320  1902  2323 D CompatibilityChangeReporter: Compat change id reported: 265195908; UID 10190; state: ENABLED
10-10 12:45:31.349  1902 23265 D CoreBackPreview: Window{5459952 u0 com.android.chrome/org.chromium.chrome.browser.ChromeTabbedActivity}: Setting back callback OnBackInvokedCallbackInfo{mCallback=android.window.IOnBackInvokedCallback$Stub$Proxy@5bcc2db, mPriority=-1, mIsAnimationCallback=false}
10-10 12:45:31.381  1902  1936 D Aurogon :  uid = 10190 switch to BG
10-10 12:45:31.382  1902  2600 D isUidValid: uid = 10190
10-10 12:45:31.402   691 25746 W keystore2: system/security/keystore2/src/remote_provisioning.rs:102 - Error occurred: system/security/keystore2/src/rkpd_client.rs:272: Trying to get to IRegistration service.
10-10 12:45:31.402   691 25746 W keystore2: 
10-10 12:45:31.402   691 25746 W keystore2: Caused by:
10-10 12:45:31.402   691 25746 W keystore2:     0: system/security/keystore2/src/rkpd_client.rs:162: Trying to get IRPC name.
10-10 12:45:31.402   691 25746 W keystore2:     1: system/security/keystore2/src/globals.rs:440
10-10 12:45:31.402   691 25746 W keystore2:     2: Error::Km(r#HARDWARE_TYPE_UNAVAILABLE)
10-10 12:45:31.525   691 25746 W keystore2: system/security/keystore2/src/remote_provisioning.rs:102 - Error occurred: system/security/keystore2/src/rkpd_client.rs:272: Trying to get to IRegistration service.
10-10 12:45:31.525   691 25746 W keystore2: 
10-10 12:45:31.525   691 25746 W keystore2: Caused by:
10-10 12:45:31.525   691 25746 W keystore2:     0: system/security/keystore2/src/rkpd_client.rs:162: Trying to get IRPC name.
10-10 12:45:31.525   691 25746 W keystore2:     1: system/security/keystore2/src/globals.rs:440
10-10 12:45:31.525   691 25746 W keystore2:     2: Error::Km(r#HARDWARE_TYPE_UNAVAILABLE)
10-10 12:45:31.640   691 25746 W keystore2: system/security/keystore2/src/remote_provisioning.rs:102 - Error occurred: system/security/keystore2/src/rkpd_client.rs:272: Trying to get to IRegistration service.
10-10 12:45:31.640   691 25746 W keystore2: 
10-10 12:45:31.640   691 25746 W keystore2: Caused by:
10-10 12:45:31.640   691 25746 W keystore2:     0: system/security/keystore2/src/rkpd_client.rs:162: Trying to get IRPC name.
10-10 12:45:31.640   691 25746 W keystore2:     1: system/security/keystore2/src/globals.rs:440
10-10 12:45:31.640   691 25746 W keystore2:     2: Error::Km(r#HARDWARE_TYPE_UNAVAILABLE)
10-10 12:45:31.752   691 25746 W keystore2: system/security/keystore2/src/remote_provisioning.rs:102 - Error occurred: system/security/keystore2/src/rkpd_client.rs:272: Trying to get to IRegistration service.
10-10 12:45:31.752   691 25746 W keystore2: 
10-10 12:45:31.752   691 25746 W keystore2: Caused by:
10-10 12:45:31.752   691 25746 W keystore2:     0: system/security/keystore2/src/rkpd_client.rs:162: Trying to get IRPC name.
10-10 12:45:31.752   691 25746 W keystore2:     1: system/security/keystore2/src/globals.rs:440
10-10 12:45:31.752   691 25746 W keystore2:     2: Error::Km(r#HARDWARE_TYPE_UNAVAILABLE)
10-10 12:45:31.883   691 25746 W keystore2: system/security/keystore2/src/remote_provisioning.rs:102 - Error occurred: system/security/keystore2/src/rkpd_client.rs:272: Trying to get to IRegistration service.
10-10 12:45:31.883   691 25746 W keystore2: 
10-10 12:45:31.883   691 25746 W keystore2: Caused by:
10-10 12:45:31.883   691 25746 W keystore2:     0: system/security/keystore2/src/rkpd_client.rs:162: Trying to get IRPC name.
10-10 12:45:31.883   691 25746 W keystore2:     1: system/security/keystore2/src/globals.rs:440
10-10 12:45:31.883   691 25746 W keystore2:     2: Error::Km(r#HARDWARE_TYPE_UNAVAILABLE)
10-10 12:45:32.033   691 25746 W keystore2: system/security/keystore2/src/remote_provisioning.rs:102 - Error occurred: system/security/keystore2/src/rkpd_client.rs:272: Trying to get to IRegistration service.
10-10 12:45:32.033   691 25746 W keystore2: 
10-10 12:45:32.033   691 25746 W keystore2: Caused by:
10-10 12:45:32.033   691 25746 W keystore2:     0: system/security/keystore2/src/rkpd_client.rs:162: Trying to get IRPC name.
10-10 12:45:32.033   691 25746 W keystore2:     1: system/security/keystore2/src/globals.rs:440
10-10 12:45:32.033   691 25746 W keystore2:     2: Error::Km(r#HARDWARE_TYPE_UNAVAILABLE)
10-10 12:45:32.185   691 25746 W keystore2: system/security/keystore2/src/remote_provisioning.rs:102 - Error occurred: system/security/keystore2/src/rkpd_client.rs:272: Trying to get to IRegistration service.
10-10 12:45:32.185   691 25746 W keystore2: 
10-10 12:45:32.185   691 25746 W keystore2: Caused by:
10-10 12:45:32.185   691 25746 W keystore2:     0: system/security/keystore2/src/rkpd_client.rs:162: Trying to get IRPC name.
10-10 12:45:32.185   691 25746 W keystore2:     1: system/security/keystore2/src/globals.rs:440
10-10 12:45:32.185   691 25746 W keystore2:     2: Error::Km(r#HARDWARE_TYPE_UNAVAILABLE)
10-10 12:45:32.339   691 25746 W keystore2: system/security/keystore2/src/remote_provisioning.rs:102 - Error occurred: system/security/keystore2/src/rkpd_client.rs:272: Trying to get to IRegistration service.
10-10 12:45:32.339   691 25746 W keystore2: 
10-10 12:45:32.339   691 25746 W keystore2: Caused by:
10-10 12:45:32.339   691 25746 W keystore2:     0: system/security/keystore2/src/rkpd_client.rs:162: Trying to get IRPC name.
10-10 12:45:32.339   691 25746 W keystore2:     1: system/security/keystore2/src/globals.rs:440
10-10 12:45:32.339   691 25746 W keystore2:     2: Error::Km(r#HARDWARE_TYPE_UNAVAILABLE)
10-10 12:45:32.490   691 25746 W keystore2: system/security/keystore2/src/remote_provisioning.rs:102 - Error occurred: system/security/keystore2/src/rkpd_client.rs:272: Trying to get to IRegistration service.
10-10 12:45:32.490   691 25746 W keystore2: 
10-10 12:45:32.490   691 25746 W keystore2: Caused by:
10-10 12:45:32.490   691 25746 W keystore2:     0: system/security/keystore2/src/rkpd_client.rs:162: Trying to get IRPC name.
10-10 12:45:32.490   691 25746 W keystore2:     1: system/security/keystore2/src/globals.rs:440
10-10 12:45:32.490   691 25746 W keystore2:     2: Error::Km(r#HARDWARE_TYPE_UNAVAILABLE)
10-10 12:45:32.513  2983  2983 I MiuiChargeManager: notifyBatteryStatusChanged:  status: 2 isPlugged: 2 level: 100 wireState: 11 chargeSpeed: 0 mChargeType: 0 chargeDeviceType: 0 maxChargingWattage: -1 isCarCharge: 0 SUPPORT_BROADCAST_QUICK_CHARGE: true
10-10 12:45:32.515  1902  1902 D MBrainLocalService: isVendorFreezeConditionPass is false
10-10 12:45:32.515  1902  1902 E ChargeIntentReceiver: notifyChange failed
10-10 12:45:32.515  1902  1902 D UiModeManager: updateConfigurationLocked: mDockState=0; mCarMode=false; mCar=false; mPowerSave=false; mOverrideNightModeOn=false; mOverrideNightModeOff=false; mComputedNightMode=false; mNightMode=1; uiMode=17
10-10 12:45:32.668   691 25746 W keystore2: system/security/keystore2/src/remote_provisioning.rs:102 - Error occurred: system/security/keystore2/src/rkpd_client.rs:272: Trying to get to IRegistration service.
10-10 12:45:32.668   691 25746 W keystore2: 
10-10 12:45:32.668   691 25746 W keystore2: Caused by:
10-10 12:45:32.668   691 25746 W keystore2:     0: system/security/keystore2/src/rkpd_client.rs:162: Trying to get IRPC name.
10-10 12:45:32.668   691 25746 W keystore2:     1: system/security/keystore2/src/globals.rs:440
10-10 12:45:32.668   691 25746 W keystore2:     2: Error::Km(r#HARDWARE_TYPE_UNAVAILABLE)
10-10 12:45:32.895 21164 21196 W BpBinder: Slow Binder: BpBinder transact took 229 ms, interface=android.system.keystore2.IKeystoreSecurityLevel, code=2 oneway=false
10-10 12:45:33.013  1902  1954 I SmartPower: com.xiaomi.discover/10128(11400): idle->background(25473ms) R(broadcast start Intent { act=android.intent.action.BATTERY_CHANGED flg=0x60000010 (has extras) }) adj=905.
10-10 12:45:33.015  1902  1954 I SmartPower: com.microsoft.teams/10321(6401): idle->background(25474ms) R(broadcast start Intent { act=android.intent.action.BATTERY_CHANGED flg=0x60000010 (has extras) }) adj=905.
10-10 12:45:33.022  1902  1954 I SmartPower: com.google.android.apps.tachyon/10234(13012): idle->background(25478ms) R(broadcast start Intent { act=android.intent.action.BATTERY_CHANGED flg=0x60000010 (has extras) }) adj=965.
10-10 12:45:33.025  1902  1954 I SmartPower: com.miui.gallery/10078(17586): idle->background(25482ms) R(broadcast start Intent { act=android.intent.action.BATTERY_CHANGED flg=0x60000010 (has extras) }) adj=965.
10-10 12:45:33.030  1902  1954 I SmartPower: com.facebook.appmanager/10150(6423): idle->background(25487ms) R(broadcast start Intent { act=android.intent.action.BATTERY_CHANGED flg=0x60000010 (has extras) }) adj=905.
10-10 12:45:33.802  1556  1556 I wificond: station_bandwidth: 
10-10 12:45:34.318  1902  2620 I SmartPower: com.android.chrome:privileged_process0/10190(21389): background->idle(3001ms) R(become invisible) adj=700.
10-10 12:45:34.318  1902  2620 I SmartPower: com.android.chrome/10190(21266): background->idle(3002ms) R(become invisible) adj=700.
10-10 12:45:35.035  1902  2336 D AlarmManager: mBroadcastRefCount -> 1
10-10 12:45:35.038  1902  2336 D AlarmManager: mBroadcastRefCount -> 2
10-10 12:45:35.038  1902  2336 D AlarmManager: mBroadcastRefCount -> 3
10-10 12:45:35.041  1902  1902 D AlarmManager: mBroadcastRefCount -> 2
10-10 12:45:35.041  1902  1902 D AlarmManager: mPendingIntent -> PendingIntent{dddd89a: PendingIntentRecord{9055cb com.miui.powerkeeper startService}}
10-10 12:45:35.042  1902  1902 D AlarmManager: mBroadcastRefCount -> 1
10-10 12:45:35.042  1902  1902 D AlarmManager: mPendingIntent -> null
10-10 12:45:35.057  1902  1902 D AlarmManager: mBroadcastRefCount -> 0
10-10 12:45:35.058  1902  1902 D AlarmManager: mPendingIntent -> null
10-10 12:45:35.147  1902 23265 D PerfShielderService: eu.europa.ec.euidi|eu.europa.ec.euidi/eu.europa.ec.assemblylogic.ui.MainActivity|93|116572277913563|50|5|5
10-10 12:45:35.148 22071 27042 W MiuiPerfServiceClient: interceptAndQueuing:21164|eu.europa.ec.euidi|93|50|116572277913563|Slow issue draw commands|5
10-10 12:45:35.297  1902 23266 W MIUIInput: Input event injection from package: null action ACTION_DOWN
10-10 12:45:35.300  1902  2620 I SmartPower: com.android.chrome:sandboxed_process0:org.chromium.content.app.SandboxedProcessSerbackground->idle(19351ms) R(adj below visible) adj=700.
10-10 12:45:35.301  1902 23266 W MIUIInput: Input event injection from package: null action ACTION_UP
10-10 12:45:35.538  1902  3317 W MIUIInput: Input event injection from package: null action ACTION_DOWN keycode 3
10-10 12:45:35.538  1902  3317 W MiuiInputKeyEventLog: keyCode:3 down:true eventTime:116572923 downTime:116572923 policyFlags:2b000000 flags:0 metaState:0 deviceId:-1 isScreenOn:true keyguardActive:false repeatCount:0
10-10 12:45:35.540  1902  3317 W MIUIInput: Input event injection from package: null action ACTION_UP keycode 3
10-10 12:45:35.541  1902  3317 W MiuiInputKeyEventLog: keyCode:3 down:false eventTime:116572925 downTime:116572923 policyFlags:2b000000 flags:0 metaState:0 deviceId:-1 isScreenOn:true keyguardActive:false repeatCount:0
10-10 12:45:35.542  1902  2351 E MiuiInputKeyEventLog: before go to home
10-10 12:45:35.543  2983  3075 D MiuiFreeformModeObserver: handleFreeFormReceiver intent=Intent { act=com.miui.fullscreen_state_change flg=0x10 (has extras) } ,action=com.miui.fullscreen_state_change
10-10 12:45:35.543  2983  3075 D MiuiFreeformModeObserver: ACTION_FULLSCREEN_STATE_CHANGE stateName: toHome
10-10 12:45:35.543  2983  3075 D MiuiFreeformModeController: allFreeformFromFreeformToMini
10-10 12:45:35.548  1902  2612 D SchedBoost: startBoostInternal 1000
10-10 12:45:35.552  1902  2351 I SmartPower: com.miui.home/10085(3001): idle->invisible(24860ms) R(become foreground) adj=100.
10-10 12:45:35.552  1902  2351 D WindowManager: Collecting in transition 1172: ActivityRecord{6cb7cec u0 com.miui.home/.launcher.Launcher init visibleRequested:false
10-10 12:45:35.553  1902  2351 D MiuiFreeFormManagerService: activeOrFullscreenFreeformTaskIfNeed startDefaultAr:false
10-10 12:45:35.556  1902  2351 D WindowManagerService: checkFlipFullScreenChange is same, nowIsFullScreen = false
10-10 12:45:35.557  1902  2351 W WindowManager: Changing focus from Window{df772dc u0 eu.europa.ec.euidi/eu.europa.ec.assemblylogic.ui.MainActivity} to null displayId=0 Callers=com.android.server.wm.RootWindowContainer.updateFocusedWindowLocked:557 com.android.server.wm.WindowManagerService.updateFocusedWindowLocked:6962 com.android.server.wm.ActivityTaskManagerService.setLastResumedActivityUncheckLocked:5565 com.android.server.wm.ActivityRecord.moveFocusableActivityToTop:4045 
10-10 12:45:35.557  1902  2351 D WindowManager: wms.Input focus has changed to null display=0 updateInputWindows = true
10-10 12:45:35.557  1902  2351 I MultiSenceManagerInternalStub: getInstance
10-10 12:45:35.558  1902  2351 D WindowManager: setLockTaskAuth: task=Task{5645cf #2 type=home I=com.miui.home/.launcher.Launcher} mLockTaskAuth=LOCK_TASK_AUTH_PINNABLE
10-10 12:45:35.561  1902  2351 D WindowManager: Collecting in transition 1172: ActivityRecord{2dcb79e u0 eu.europa.ec.euidi/eu.europa.ec.assemblylogic.ui.MainActivity t516} init visibleRequested:true
10-10 12:45:35.562  1902  2351 D WindowManager: Collecting in transition 1172: ActivityRecord{3754c30 u0 com.miui.home/.launcher.Launcher t2} init visibleRequested:false
10-10 12:45:35.562  1902  2351 D WindowManagerService: checkFlipFullScreenChange is same, nowIsFullScreen = false
10-10 12:45:35.564  1902  2351 D WindowManager: Collecting in transition 1172: ActivityRecord{3754c30 u0 com.miui.home/.launcher.Launcher t2} init visibleRequested:true
10-10 12:45:35.564  1902  2351 D WindowManager: Collecting in transition 1172: ActivityRecord{6cb7cec u0 com.miui.home/.launcher.Launcher t-1} init visibleRequested:false
10-10 12:45:35.564  1902  2351 D WindowManager: Requesting StartTransition: TransitionRecord{f3c48b5 id=1172 type=OPEN flags=0x0}
10-10 12:45:35.566  2983  3075 I SoScUtils: monitorTransitionRequest mRequestOpenTransition:null mRequestOpenTriggerTask:-1 mRequestCloseTransition:null mRequestCloseTriggerTask:-1 mRequestCloseStageType:-1
10-10 12:45:35.569  1902  2351 I ActivityTaskManager: START u0 {act=android.intent.action.MAIN cat=[android.intent.category.HOME] flg=0x10000100 cmp=com.miui.home/.launcher.Launcher (has extras)} with LAUNCH_SINGLE_TASK from uid 0 callers: com.android.server.wm.RootWindowContainer.lambda$startHomeOnDisplay$11:1548 com.android.server.wm.RootWindowContainer.$r8$lambda$zDbqLY8yVs2-CTsfHP7FhguhRoM:0 com.android.server.wm.RootWindowContainer$$ExternalSyntheticLambda5.apply:16 com.android.server.wm.TaskDisplayArea.reduceOnAllTaskDisplayAreas:520  (BAL_ALLOW_ALLOWLISTED_UID) result code=2
10-10 12:45:35.570  1902 22706 I SmartPower: com.google.android.googlequicksearchbox:googleapp/10188(19209): idle->visible(24861ms) R(become visible) adj=800.
10-10 12:45:35.570  1902 22706 I SmartPower: com.google.android.googlequicksearchbox:search/10188(19180): idle->invisible(24861ms) R(become foreground) adj=800.
10-10 12:45:35.570  1902 22706 I SmartPower: com.google.android.googlequicksearchbox:interactor/10188(19230): background->invisible(27862ms) R(become foreground) adj=100.
10-10 12:45:35.576  1902 22706 I WindowManager: Relayout Window{a23abef u0 LauncherMinusOneScreen}: oldVis=8 newVis=0 focusMayChange = true requestedWidth = 1080 requestedHeight = 2400 outFrames = ClientWindowFrames{frame=[0,0][1080,2400] display=[0,0][1080,2400] parentFrame=[0,0][0,0]} outSurfaceControl = Surface(name=LauncherMinusOneScreen#19501)/@0x679d96d
10-10 12:45:35.576  1902 23266 D WindowManager: Set transition=TransitionRecord{f3c48b5 id=1172 type=OPEN flags=0x0}, ready=true, SyncId=1172 
10-10 12:45:35.576  2983  3075 D MiuiFullScreenTaskRepository: removeFocusedTask displayId=0
10-10 12:45:35.576  2983  3075 D MiuiFullScreenTaskRepository: addOrUpdateFullScreenTaskInfo taskId=516, topActivity=ComponentInfo{eu.europa.ec.euidi/eu.europa.ec.assemblylogic.ui.MainActivity}
10-10 12:45:35.577  2983  3075 D MiuiFullScreenTaskRepository: setFocusedTask taskId=1, displayId=0, topActivity=ComponentInfo{com.miui.home/com.miui.home.launcher.Launcher}
10-10 12:45:35.577  2983  3075 D MiuiFullScreenTaskRepository: addOrUpdateFullScreenTaskInfo taskId=1, topActivity=ComponentInfo{com.miui.home/com.miui.home.launcher.Launcher}
10-10 12:45:35.577  1902 23265 D SchedBoost: com.miui.home already boosted, skip boost priority
10-10 12:45:35.577  2983  3075 D MiuiDesktopModeController: onFocusTaskChanged newFocus: TaskInfo{userId=0 taskId=1 displayId=0 isRunning=true baseIntent=Intent { act=android.intent.action.MAIN cat=[android.intent.category.HOME] flg=0x10000100 cmp=com.miui.home/.launcher.Launcher } baseActivity=ComponentInfo{com.miui.home/com.miui.home.launcher.Launcher} topActivity=ComponentInfo{com.miui.home/com.miui.home.launcher.Launcher} origActivity=null realActivity=null numActivities=1 lastActiveTime=70262 supportsSplitScreenMultiWindow=true supportsMultiWindow=true resizeMode=2 isResizeable=true minWidth=-1 minHeight=-1 defaultMinSize=200 token=WCT{android.window.IWindowContainerToken$Stub$Proxy@fdad335} topActivityType=2 pictureInPictureParams=null shouldDockBigOverlays=false launchIntoPipHostTaskId=-1 lastParentTaskIdBeforePip=-1 displayCutoutSafeInsets=null topActivityInfo=ActivityInfo{c8443ca com.miui.home.launcher.Launcher} launchCookies=[] positionInParent=Point(0, 0) parentTaskId=-1 isFocused=true isVisible=false isVisibleRequested=true isSleeping=false topActivityInSizeCompat=false topActivityEligibleForLetterboxEducation= false topActivityLetterboxed= false isFromDoubleTap= false topActivityLetterboxVerticalPosition= -1 topActivityLetterboxHorizontalPosition= -1 topActivityLetterboxWidth=-1 topActivityLetterboxHeight=-1 locusId=null displayAreaFeatureId=1 cameraCompatControlState=hidden mIsCastMode=false mTopActivityMediaSize=null mTopActivityRecordName=ActivityRecord{3754c30 u0 com.miui.home/.launcher.Launcher t2} mTopActivityOrientation=1 mTopActivityWindowIsNowVisible=false isTranslucent=false isEmbedded=false shouldBeVisible=true isImmersive=false mBehindAppLockPkg=null mOriginatingUid=0}
10-10 12:45:35.577  1902  1936 D Aurogon :  uid = 10085 switch to FG
10-10 12:45:35.577  2983  3075 D MiuiFreeformModeController: onFocusTaskChanged taskInfo: TaskInfo{userId=0 taskId=1 displayId=0 isRunning=true baseIntent=Intent { act=android.intent.action.MAIN cat=[android.intent.category.HOME] flg=0x10000100 cmp=com.miui.home/.launcher.Launcher } baseActivity=ComponentInfo{com.miui.home/com.miui.home.launcher.Launcher} topActivity=ComponentInfo{com.miui.home/com.miui.home.launcher.Launcher} origActivity=null realActivity=null numActivities=1 lastActiveTime=70262 supportsSplitScreenMultiWindow=true supportsMultiWindow=true resizeMode=2 isResizeable=true minWidth=-1 minHeight=-1 defaultMinSize=200 token=WCT{android.window.IWindowContainerToken$Stub$Proxy@fdad335} topActivityType=2 pictureInPictureParams=null shouldDockBigOverlays=false launchIntoPipHostTaskId=-1 lastParentTaskIdBeforePip=-1 displayCutoutSafeInsets=null topActivityInfo=ActivityInfo{c8443ca com.miui.home.launcher.Launcher} launchCookies=[] positionInParent=Point(0, 0) parentTaskId=-1 isFocused=true isVisible=false isVisibleRequested=true isSleeping=false topActivityInSizeCompat=false topActivityEligibleForLetterboxEducation= false topActivityLetterboxed= false isFromDoubleTap= false topActivityLetterboxVerticalPosition= -1 topActivityLetterboxHorizontalPosition= -1 topActivityLetterboxWidth=-1 topActivityLetterboxHeight=-1 locusId=null displayAreaFeatureId=1 cameraCompatControlState=hidden mIsCastMode=false mTopActivityMediaSize=null mTopActivityRecordName=ActivityRecord{3754c30 u0 com.miui.home/.launcher.Launcher t2} mTopActivityOrientation=1 mTopActivityWindowIsNowVisible=false isTranslucent=false isEmbedded=false shouldBeVisible=true isImmersive=false mBehindAppLockPkg=null mOriginatingUid=0}
10-10 12:45:35.579  1902  1939 I BLASTSyncEngine: SyncGroup 1172:  Unfinished container:ActivityRecord{3754c30 u0 com.miui.home/.launcher.Launcher t2}
10-10 12:45:35.579  1902  1939 I BLASTSyncEngine: isActivitySyncFinished isSyncFinished false ActivityRecord{3754c30 u0 com.miui.home/.launcher.Launcher t2}
10-10 12:45:35.585  2983  4013 D MiuiFreeformModeObserver: activityResumed() intent Intent { cmp=com.miui.home/.launcher.Launcher (has extras) }
10-10 12:45:35.590  1902 22704 I BLASTSyncEngine: SyncGroup 1172:  Unfinished container:ActivityRecord{3754c30 u0 com.miui.home/.launcher.Launcher t2}
10-10 12:45:35.590  1902 22704 I BLASTSyncEngine: isActivitySyncFinished isSyncFinished false ActivityRecord{3754c30 u0 com.miui.home/.launcher.Launcher t2}
10-10 12:45:35.590  1902 22704 W WindowManager: Changing focus from null to Window{e4be31b u0 com.miui.home/com.miui.home.launcher.Launcher} displayId=0 Callers=com.android.server.wm.RootWindowContainer.updateFocusedWindowLocked:557 com.android.server.wm.WindowManagerService.updateFocusedWindowLocked:6962 com.android.server.wm.WindowManagerService.relayoutWindow:2951 com.android.server.wm.Session.relayout:266 
10-10 12:45:35.591  1902 22704 I WindowManager: cancelAnimation removed leash : Surface(name=Surface(name=81266ae StatusBar#86)/@0xb48dfdc - animation-leash of insets_animation#19495)/@0xbeb0ecf
10-10 12:45:35.592  1902 22704 I WindowManager: cancelAnimation removed leash : Surface(name=Surface(name=db27a2 NavigationBar0#82)/@0xc1acbf0 - animation-leash of insets_animation#19496)/@0xb2baf65
10-10 12:45:35.594  1902 22704 D WindowManager: wms.Input focus has changed to Window{e4be31b u0 com.miui.home/com.miui.home.launcher.Launcher} display=0 updateInputWindows = true
10-10 12:45:35.594  1902 22704 I MultiSenceManagerInternalStub: getInstance
10-10 12:45:35.594  1902 22704 I WindowManager: Relayout Window{e4be31b u0 com.miui.home/com.miui.home.launcher.Launcher}: oldVis=8 newVis=0 focusMayChange = true requestedWidth = 1080 requestedHeight = 2400 outFrames = ClientWindowFrames{frame=[0,0][1080,2400] display=[0,0][1080,2400] parentFrame=[0,0][0,0]} outSurfaceControl = Surface(name=com.miui.home/com.miui.home.launcher.Launcher#19502)/@0x89f8b08
10-10 12:45:35.595  1902  2682 I SmartPower: com.mi.globalminusscreen/10076(31794): idle->visible(22902ms) R(become visible) adj=0.
10-10 12:45:35.595  2983  3075 D OneHandedController: stopOneHanded state is 0
10-10 12:45:35.595  2983  3075 D SoScSplitScreenController: updateDividerFixedState isFixed:true
10-10 12:45:35.595  2983  3075 D WindowManagerShell: onActivityRestartAttempt: ComponentInfo{com.miui.home/com.miui.home.launcher.Launcher}
10-10 12:45:35.598  1902  2682 D WindowManager: Collecting in transition 1172: WallpaperWindowToken{c1b367d token=android.os.BinderProxy@48de4d4} init visibleRequested:false
10-10 12:45:35.598  1902  2682 D WindowManager: Collecting in transition 1172: WallpaperWindowToken{b086f80 token=android.os.Binder@8a62403} init visibleRequested:false
10-10 12:45:35.601  1902  1936 E MBrainLocalService: MBrainJava launch failed: SecurityException
10-10 12:45:35.601  1902  2682 W WindowManager: real show surface:Surface(name=com.miui.miwallpaper.wallpaperservice.ImageWallpaper#6795)/@0x4dee9d0
10-10 12:45:35.601  1902  2682 W WindowManager: real show surface:Surface(name=com.miui.miwallpaper.wallpaperservice.MiuiKeyguardPictorialWallpaper#6792)/@0xd103da3
10-10 12:45:35.603  1902  2682 I BLASTSyncEngine: SyncGroup 1172:  Unfinished container:ActivityRecord{3754c30 u0 com.miui.home/.launcher.Launcher t2}
10-10 12:45:35.603  1902  2682 I BLASTSyncEngine: isActivitySyncFinished isSyncFinished false ActivityRecord{3754c30 u0 com.miui.home/.launcher.Launcher t2}
10-10 12:45:35.603  1902  2682 I WindowManager: Relayout Window{38e026c u0 LauncherOverlayWindow:com.mi.globalminusscreen}: oldVis=8 newVis=0 focusMayChange = true requestedWidth = 1080 requestedHeight = 2400 outFrames = ClientWindowFrames{frame=[0,0][1080,2400] display=[0,0][1080,2400] parentFrame=[0,0][0,0]} outSurfaceControl = Surface(name=LauncherOverlayWindow:com.mi.globalminusscreen#19505)/@0x1264fb4
10-10 12:45:35.611  1902 22706 W WindowManager: finishDrawingWindow: Window{e4be31b u0 com.miui.home/com.miui.home.launcher.Launcher} mDrawState=DRAW_PENDING
10-10 12:45:35.611  1902 22706 D WindowManager: wms.finishDrawingLocked: mDrawState=COMMIT_DRAW_PENDING Window{e4be31b u0 com.miui.home/com.miui.home.launcher.Launcher} in Surface(name=com.miui.home/com.miui.home.launcher.Launcher#19502)/@0xa670dee
10-10 12:45:35.622  1902  1939 I SmartPower: com.miui.home/10085(3001): invisible->visible(70ms) R(become visible) adj=0.
10-10 12:45:35.622  1902  1939 W WindowManager: real show surface:Surface(name=com.miui.home/com.miui.home.launcher.Launcher#19502)/@0xa670dee
10-10 12:45:35.623  1902  1939 D WindowManager: Final targets: [Task{57070cf #1 type=home}, Task{a20827f #516 type=standard A=10390:eu.europa.ec.euidi}, WallpaperWindowToken{c1b367d token=android.os.BinderProxy@48de4d4}, WallpaperWindowToken{b086f80 token=android.os.Binder@8a62403}]
10-10 12:45:35.639  1902  1939 D WindowManager: snapshot isNothing = false source = Task{a20827f #516 type=standard A=10390:eu.europa.ec.euidi}
10-10 12:45:35.639  1902  1939 D WindowManager: Calling onTransitionReady info={id=1172 t=OPEN f=0x0 trk=0 r=[0@Point(0, 0)] c=[{WCT{RemoteToken{1c71a03 Task{57070cf #1 type=home}}} m=TO_FRONT f=SHOW_WALLPAPER|MOVE_TO_TOP leash=Surface(name=Task=1#44)/@0xf3df733 sb=Rect(0, 0 - 1080, 2400) eb=Rect(0, 0 - 1080, 2400) d=0},{WCT{RemoteToken{be0281 Task{a20827f #516 type=standard A=10390:eu.europa.ec.euidi}}} m=TO_BACK f=NONE leash=Surface(name=Task=516#19433)/@0xb54575a sb=Rect(0, 0 - 1080, 2400) eb=Rect(0, 0 - 1080, 2400) d=0},{null m=TO_FRONT f=IS_WALLPAPER leash=Surface(name=WallpaperWindowToken{c1b367d token=android.os.BinderProxy@48de4d4}#6790)/@0xd4e7a40 sb=Rect(0, 0 - 1080, 2400) eb=Rect(0, 0 - 1080, 2400) d=0},{null m=TO_FRONT f=IS_WALLPAPER leash=Surface(name=WallpaperWindowToken{b086f80 token=android.os.Binder@8a62403}#55)/@0x190a9b9 sb=Rect(0, 0 - 1080, 2400) eb=Rect(0, 0 - 1080, 2400) d=0}] noAni=[false] df=[false] mk=[true] nc=[0] oa=[false]}, mToken=Token{486b223 TransitionRecord{f3c48b5 id=1172 type=OPEN flags=0x0}}
10-10 12:45:35.640  1902  1939 I BLASTSyncEngine: finishNow: after onTransactionReady, mSyncId=1172
10-10 12:45:35.642  2983  3075 D MiuiFreeformAnimation: startAnimation change: {WCT{android.window.IWindowContainerToken$Stub$Proxy@60f33ed} m=TO_FRONT f=SHOW_WALLPAPER|MOVE_TO_TOP leash=Surface(name=Task=1#44)/@0xb76858 sb=Rect(0, 0 - 1080, 2400) eb=Rect(0, 0 - 1080, 2400) d=0} info.getType(): 1
10-10 12:45:35.642  2983  3075 I MiuiFreeformAnimation: isLaunchWidgetPicker=false,taskInfo.getWindowingMode()=1, taskInfo.getActivityType()=2
10-10 12:45:35.642  2983  3075 D MiuiFreeformAnimation: startAnimation change: {WCT{android.window.IWindowContainerToken$Stub$Proxy@c998222} m=TO_BACK f=NONE leash=Surface(name=Task=516#19433)/@0xbf26db1 sb=Rect(0, 0 - 1080, 2400) eb=Rect(0, 0 - 1080, 2400) d=0} info.getType(): 1
10-10 12:45:35.642  2983  3075 D MiuiFreeformAnimation: startAnimation change: {null m=TO_FRONT f=IS_WALLPAPER leash=Surface(name=WallpaperWindowToken{c1b367d token=android.os.BinderProxy@48de4d4}#6790)/@0xb8ad296 sb=Rect(0, 0 - 1080, 2400) eb=Rect(0, 0 - 1080, 2400) d=0} info.getType(): 1
10-10 12:45:35.642  2983  3075 D MiuiFreeformAnimation: startAnimation change: {null m=TO_FRONT f=IS_WALLPAPER leash=Surface(name=WallpaperWindowToken{b086f80 token=android.os.Binder@8a62403}#55)/@0xc498e17 sb=Rect(0, 0 - 1080, 2400) eb=Rect(0, 0 - 1080, 2400) d=0} info.getType(): 1
10-10 12:45:35.642  2983  3075 W MiuiTaskTransitionHandler: Receive an unknown transition, token=android.os.BinderProxy@40149be, type=1
10-10 12:45:35.643  2983  3075 D RemoteTransitionHandler: Found filterPair{{types=[] flags=0x0] notFlags=0x100 checks=[{atype=home independent=true modes=[OPEN,TO_FRONT] flags=NONE mustBeTask=false order=TOP topActivity=ComponentInfo{com.miui.home/com.miui.home.launcher.Launcher}},{atype=standard independent=true modes=[CLOSE,TO_BACK] flags=NONE mustBeTask=false order=ANY topActivity=null}]} RemoteTransition { remoteTransition = android.window.IRemoteTransition$Stub$Proxy@3c2b307, appThread = null, debugName = null, hyperRemoteTransition = null }}
10-10 12:45:35.644  1902 22704 W WindowManager: finishDrawingWindow: Window{38e026c u0 LauncherOverlayWindow:com.mi.globalminusscreen} mDrawState=DRAW_PENDING
10-10 12:45:35.644  1902 22704 D WindowManager: wms.finishDrawingLocked: mDrawState=COMMIT_DRAW_PENDING Window{38e026c u0 LauncherOverlayWindow:com.mi.globalminusscreen} in Surface(name=LauncherOverlayWindow:com.mi.globalminusscreen#19505)/@0xcd35487
10-10 12:45:35.644  1902 23266 W WindowManager: finishDrawingWindow: Window{a23abef u0 LauncherMinusOneScreen} mDrawState=DRAW_PENDING
10-10 12:45:35.644  1902 23266 D WindowManager: wms.finishDrawingLocked: mDrawState=COMMIT_DRAW_PENDING Window{a23abef u0 LauncherMinusOneScreen} in Surface(name=LauncherMinusOneScreen#19501)/@0xae67d84
10-10 12:45:35.647  2983  3075 D MiuiFullScreenTaskRepository: setFocusedTask taskId=1, displayId=0, topActivity=ComponentInfo{com.miui.home/com.miui.home.launcher.Launcher}
10-10 12:45:35.647  2983  3075 D MiuiFullScreenTaskRepository: addOrUpdateFullScreenTaskInfo taskId=1, topActivity=ComponentInfo{com.miui.home/com.miui.home.launcher.Launcher}
10-10 12:45:35.648  1902  1939 W WindowManager: real show surface:Surface(name=LauncherOverlayWindow:com.mi.globalminusscreen#19505)/@0xcd35487
10-10 12:45:35.648  1902  1939 W WindowManager: real show surface:Surface(name=LauncherMinusOneScreen#19501)/@0xae67d84
10-10 12:45:35.648  1902  1936 E MBrainLocalService: MBrainJava launch failed: SecurityException
10-10 12:45:35.659  1902  1902 D MBrainLocalService: isVendorFreezeConditionPass is false
10-10 12:45:35.659  1902  1902 E MBrainLocalService: notifyAppSwitch failed
10-10 12:45:35.664  2983  2983 E onWindowDecorRectChanged: start size:0
10-10 12:45:35.666  1902  2304 W InputMethodManagerService: Clear show forced flag.
10-10 12:45:35.673  1902 22706 W PackageConfigPersister: App-specific configuration not found for packageName: com.miui.home and userId: 0
10-10 12:45:35.673  1902  2682 I WindowManager: cancelAnimation removed leash : Surface(name=Surface(name=6a76de5 InputMethod#123)/@0xf2bd99 - animation-leash of insets_animation#19500)/@0xd3fa660
10-10 12:45:35.676  2983  3075 D SoScUtils: monitorTransitionFinished transition:android.os.BinderProxy@40149be transaction: android.view.SurfaceControl$Transaction@cf19e6e mRequestCloseTransition:null mRequestOpenTransition:null mPairsOpenTransition:null mPairsOpenTransitionNull:null mRequestOpenTriggerTask:-1 mRequestCloseTriggerTask:-1 mOrientationTransition: null mMainStartingTask:-1 mSideStartingTask:-1
10-10 12:45:35.684  1902  1902 D MBrainLocalService: isVendorFreezeConditionPass is false
10-10 12:45:35.684  1902  1902 E MBrainLocalService: notifyAppSwitch failed
10-10 12:45:35.687  1902  1938 I SmartPower: eu.europa.ec.euidi/10390(21164): visible->invisible(4425ms) R(become invisible) adj=200.
10-10 12:45:35.687  1902  1938 I SmartPower: eu.europa.ec.euidi/10390(21164): invisible->background(0ms) R(become background) adj=200.
10-10 12:45:35.696  2983  3075 D MiuiFullScreenTaskRepository: addOrUpdateFullScreenTaskInfo taskId=516, topActivity=ComponentInfo{eu.europa.ec.euidi/eu.europa.ec.assemblylogic.ui.MainActivity}
10-10 12:45:35.718  1902  1936 D Aurogon :  uid = 10390 switch to BG
10-10 12:45:35.719  1902  2600 D isUidValid: uid = 10390
10-10 12:45:36.016  1902  2620 I SmartPower: com.xiaomi.discover/10128(11400): background->idle(3003ms) R(broadcast start Intent { act=android.intent.action.BATTERY_CHANGED flg=0x60000010 (has extras) }) adj=905.
10-10 12:45:36.017  1902  2620 I SmartPower: com.microsoft.teams/10321(6401): background->idle(3002ms) R(broadcast start Intent { act=android.intent.action.BATTERY_CHANGED flg=0x60000010 (has extras) }) adj=905.
10-10 12:45:36.023  1902  2620 I SmartPower: com.google.android.apps.tachyon/10234(13012): background->idle(3002ms) R(broadcast start Intent { act=android.intent.action.BATTERY_CHANGED flg=0x60000010 (has extras) }) adj=965.
10-10 12:45:36.027  1902  2620 I SmartPower: com.miui.gallery/10078(17586): background->idle(3002ms) R(broadcast start Intent { act=android.intent.action.BATTERY_CHANGED flg=0x60000010 (has extras) }) adj=965.
10-10 12:45:36.031  1902  2620 I SmartPower: com.facebook.appmanager/10150(6423): background->idle(3001ms) R(broadcast start Intent { act=android.intent.action.BATTERY_CHANGED flg=0x60000010 (has extras) }) adj=905.
10-10 12:45:36.110  1902  1902 W AccessibilityManagerService:  wait for adding window timeout: 2468
10-10 12:45:36.113  1902  1902 W AccessibilityManagerService:  wait for adding window timeout: 2467
10-10 12:45:36.301  1902  2620 I SmartPower: com.google.android.adservices.api/10307(31554): background->idle(20187ms) R(adj below visible) adj=0.
10-10 12:45:36.669  1902  2612 D SchedBoost: stopBoostInternal
10-10 12:45:36.827  1556  1556 I wificond: station_bandwidth: 
10-10 12:45:38.688  1902  2620 I SmartPower: eu.europa.ec.euidi/10390(21164): background->idle(3000ms) R(become invisible) adj=700.
10-10 12:45:39.850  1556  1556 I wificond: station_bandwidth: 
10-10 12:45:40.601  1902  3385 W ProcessStats: Tracking association SourceState{57b3ab3 com.miui.home/10085 BTop #353296} whose proc state 2 is better than process ProcessState{accb870 com.google.android.googlequicksearchbox:googleapp/10188 pkg=com.google.android.googlequicksearchbox} proc state 14 (132 skipped)
10-10 12:45:42.873  1556  1556 I wificond: station_bandwidth: 
10-10 12:45:45.273   691 21519 I keystore2: system/security/keystore2/src/watchdog.rs:319 - Watchdog thread idle -> terminating. Have a great day.
10-10 12:45:45.893  1556  1556 I wificond: station_bandwidth: 
10-10 12:45:45.902  1902  2682 D ATMSImpl: setActivityController callingUid:2000 control=true
10-10 12:45:45.904  1902  2682 W ActivityManager: registerReceiverWithFeature: no app for null
10-10 12:45:45.913  1902  2682 D CompatibilityChangeReporter: Compat change id reported: 161252188; UID 10390; state: DISABLED
10-10 12:45:45.914  1902  2682 W ActivityTaskManager: callingPackage for (uid=2000, pid=21558) has no WPC
10-10 12:45:45.917  1902  2682 I SmartPower: eu.europa.ec.euidi/10390(21164): idle->invisible(7229ms) R(become foreground) adj=700.
10-10 12:45:45.917  1902  2682 D WindowManager: Collecting in transition 1173: ActivityRecord{d25f357 u0 eu.europa.ec.euidi/eu.europa.ec.assemblylogic.ui.MainActivity init visibleRequested:false
10-10 12:45:45.917  1902  2682 D MiuiFreeFormManagerService: activeOrFullscreenFreeformTaskIfNeed startDefaultAr:true
10-10 12:45:45.917  1902  2682 D MiuiFreeFormManagerService: onStartActivityInner as = Task{a20827f #516 type=standard A=10390:eu.europa.ec.euidi} op = null
10-10 12:45:45.918  1902  2682 D WindowManagerService: checkFlipFullScreenChange is same, nowIsFullScreen = false
10-10 12:45:45.919  1902  2682 W WindowManager: Changing focus from Window{e4be31b u0 com.miui.home/com.miui.home.launcher.Launcher} to null displayId=0 Callers=com.android.server.wm.RootWindowContainer.updateFocusedWindowLocked:557 com.android.server.wm.WindowManagerService.updateFocusedWindowLocked:6962 com.android.server.wm.ActivityTaskManagerService.setLastResumedActivityUncheckLocked:5565 com.android.server.wm.ActivityRecord.moveFocusableActivityToTop:4045 
10-10 12:45:45.919  1902  2682 D WindowManager: wms.Input focus has changed to null display=0 updateInputWindows = true
10-10 12:45:45.919  1902  2682 I MultiSenceManagerInternalStub: getInstance
10-10 12:45:45.919  1902  2682 D WindowManager: setLockTaskAuth: task=Task{a20827f #516 type=standard A=10390:eu.europa.ec.euidi} mLockTaskAuth=LOCK_TASK_AUTH_PINNABLE
10-10 12:45:45.923  1902  2682 D WindowManager: Collecting in transition 1173: ActivityRecord{d25f357 u0 eu.europa.ec.euidi/eu.europa.ec.assemblylogic.ui.MainActivity t-1} init visibleRequested:false
10-10 12:45:45.923  1902  2682 D WindowManager: Requesting StartTransition: TransitionRecord{5974e44 id=1173 type=OPEN flags=0x0}
10-10 12:45:45.924  1902  2682 I ActivityTaskManager: START u0 {act=android.intent.action.MAIN cat=[android.intent.category.LAUNCHER] flg=0x10200000 cmp=eu.europa.ec.euidi/eu.europa.ec.assemblylogic.ui.MainActivity} with LAUNCH_SINGLE_TASK from uid 2000 (BAL_ALLOW_PERMISSION) result code=2
10-10 12:45:45.924  1902  2776 D CompatibilityChangeReporter: Compat change id reported: 168419799; UID 10390; state: DISABLED
10-10 12:45:45.924  1902  2776 D CompatibilityChangeReporter: Compat change id reported: 273564678; UID 10390; state: DISABLED
10-10 12:45:45.925  2983  3075 I SoScUtils: monitorTransitionRequest mRequestOpenTransition:null mRequestOpenTriggerTask:-1 mRequestCloseTransition:null mRequestCloseTriggerTask:-1 mRequestCloseStageType:-1
10-10 12:45:45.926  1902 22706 D WindowManager: Set transition=TransitionRecord{5974e44 id=1173 type=OPEN flags=0x0}, ready=false, SyncId=1173 used=true, override=false, defer=0, states=Display{#0 state=ON size=1080x2400 ROTATION_0}:false
10-10 12:45:45.935  2983  3075 D MiuiFullScreenTaskRepository: removeFocusedTask displayId=0
10-10 12:45:45.935  2983  3075 D MiuiFullScreenTaskRepository: addOrUpdateFullScreenTaskInfo taskId=1, topActivity=ComponentInfo{com.miui.home/com.miui.home.launcher.Launcher}
10-10 12:45:45.935  2983  3075 D MiuiFullScreenTaskRepository: setFocusedTask taskId=516, displayId=0, topActivity=ComponentInfo{eu.europa.ec.euidi/eu.europa.ec.assemblylogic.ui.MainActivity}
10-10 12:45:45.935  2983  3075 D MiuiFullScreenTaskRepository: addOrUpdateFullScreenTaskInfo taskId=516, topActivity=ComponentInfo{eu.europa.ec.euidi/eu.europa.ec.assemblylogic.ui.MainActivity}
