10-10 12:40:00.170  1902 22425 D ContentCapturePerUserService: Notified activity assist data for activity: Token{6f27255 ActivityRecord{41bfc3f u0 eu.europa.ec.euidi/eu.europa.ec.assemblylogic.ui.MainActivity t506}} without a session Id
10-10 12:40:00.177  1902 22425 I InputMethodManagerService: IMMS.showCurrentInputLocked(), flags = 1
10-10 12:40:00.177  1902 22425 D SmartPower: com.google.android.inputmethod.latin/10196(22721): show input method
10-10 12:40:00.178  1902 22425 I DefaultImeVisibilityApplier: IMMS.showCurrentInputLocked request ims to show inputMethod.
10-10 12:40:00.180  1902 22715 W PackageConfigPersister: App-specific configuration not found for packageName: eu.europa.ec.euidi and userId: 0
10-10 12:40:00.191  1902 23259 I InputMethodManagerService: IMMS.showSoftInput(), client = com.android.internal.inputmethod.IInputMethodClient$Stub$Proxy@22d00fd
10-10 12:40:00.191  1902 23259 I InputMethodManagerService: IMMS.showCurrentInputLocked(), flags = 0
10-10 12:40:00.191  1902 23259 D SmartPower: com.google.android.inputmethod.latin/10196(22721): show input method
10-10 12:40:00.191  1902 23259 I DefaultImeVisibilityApplier: IMMS.showCurrentInputLocked request ims to show inputMethod.
10-10 12:40:00.205  1902  3984 I InputMethodManagerService: IMMS.applyImeVisibility(), setVisible = true, mCurclient = ClientState{a91493 mUid=10390 mPid=18598 mSelfReportedDisplayId=0}
10-10 12:40:00.205  1902  3984 I WindowManager: WMS.showImePostLayout(), imeTarget = Window{3d0599c u0 eu.europa.ec.euidi/eu.europa.ec.assemblylogic.ui.MainActivity}
10-10 12:40:00.207  1902  1939 I ImeInsetsSourceProvider: ImeInsetsSourceProvider.scheduleShowImePostLayout() Run showImeRunner.
10-10 12:40:00.207  1902  1939 I ImeInsetsSourceProvider: ImeInsetsSourceProvider.scheduleShowImePostLayout() isReadyToShowIme.
10-10 12:40:00.211  1902 22715 I InputMethodManagerService: IMMS.applyImeVisibility(), setVisible = true, mCurclient = ClientState{a91493 mUid=10390 mPid=18598 mSelfReportedDisplayId=0}
10-10 12:40:00.211  1902 22715 I WindowManager: WMS.showImePostLayout(), imeTarget = Window{3d0599c u0 eu.europa.ec.euidi/eu.europa.ec.assemblylogic.ui.MainActivity}
10-10 12:40:00.212  1902  1939 I ImeInsetsSourceProvider: ImeInsetsSourceProvider.scheduleShowImePostLayout() Run showImeRunner.
10-10 12:40:00.212  1902  1939 I ImeInsetsSourceProvider: ImeInsetsSourceProvider.scheduleShowImePostLayout() isReadyToShowIme.
10-10 12:40:00.215  2983  3075 D OneHandedController: stopOneHanded state is 0
10-10 12:40:00.256  1902  1902 W FillRequestEventLogger: Shouldn't be logging AutofillFillRequestReported again for same event
10-10 12:40:00.256  1902  1902 W FillResponseEventLogger: Shouldn't be logging AutofillFillRequestReported again for same event
10-10 12:40:00.257  1902  1902 D AutofillSession: clearPendingIntentLocked
10-10 12:40:00.280  1902 22715 D WindowManagerService: checkFlipFullScreenChange is same, nowIsFullScreen = false
10-10 12:40:00.282  1902 22715 W FillRequestEventLogger: Couldn't find packageName: com.google.android.inputmethod.latin
10-10 12:40:00.288  1902  3984 D AutofillSession: createPendingIntent for request 1027
10-10 12:40:00.288  1902  3984 D ContentCapturePerUserService: Notified activity assist data for activity: Token{6f27255 ActivityRecord{41bfc3f u0 eu.europa.ec.euidi/eu.europa.ec.assemblylogic.ui.MainActivity t506}} without a session Id
10-10 12:40:00.293  1902 23259 I InputMethodManagerService: IMMS.showCurrentInputLocked(), flags = 1
10-10 12:40:00.293  1902 23259 D SmartPower: com.google.android.inputmethod.latin/10196(22721): show input method
10-10 12:40:00.293  1902 23259 I DefaultImeVisibilityApplier: IMMS.showCurrentInputLocked request ims to show inputMethod.
10-10 12:40:00.294  1902  3984 W PackageConfigPersister: App-specific configuration not found for packageName: eu.europa.ec.euidi and userId: 0
10-10 12:40:00.310  1902 22715 I InputMethodManagerService: IMMS.showSoftInput(), client = com.android.internal.inputmethod.IInputMethodClient$Stub$Proxy@a42dcfa
10-10 12:40:00.310  1902 22715 I InputMethodManagerService: IMMS.showCurrentInputLocked(), flags = 0
10-10 12:40:00.310  1902 22715 D SmartPower: com.google.android.inputmethod.latin/10196(22721): show input method
10-10 12:40:00.310  1902 22715 I DefaultImeVisibilityApplier: IMMS.showCurrentInputLocked request ims to show inputMethod.
10-10 12:40:00.328  1902  3984 I InputMethodManagerService: IMMS.applyImeVisibility(), setVisible = true, mCurclient = ClientState{a91493 mUid=10390 mPid=18598 mSelfReportedDisplayId=0}
10-10 12:40:00.328  1902  3984 I WindowManager: WMS.showImePostLayout(), imeTarget = Window{3d0599c u0 eu.europa.ec.euidi/eu.europa.ec.assemblylogic.ui.MainActivity}
10-10 12:40:00.330  1902  1939 I ImeInsetsSourceProvider: ImeInsetsSourceProvider.scheduleShowImePostLayout() Run showImeRunner.
10-10 12:40:00.330  1902  1939 I ImeInsetsSourceProvider: ImeInsetsSourceProvider.scheduleShowImePostLayout() isReadyToShowIme.
10-10 12:40:00.331  2983  3075 D OneHandedController: stopOneHanded state is 0
10-10 12:40:00.341  1902  3984 I InputMethodManagerService: IMMS.applyImeVisibility(), setVisible = true, mCurclient = ClientState{a91493 mUid=10390 mPid=18598 mSelfReportedDisplayId=0}
10-10 12:40:00.341  1902  3984 I WindowManager: WMS.showImePostLayout(), imeTarget = Window{3d0599c u0 eu.europa.ec.euidi/eu.europa.ec.assemblylogic.ui.MainActivity}
10-10 12:40:00.343  1902  1939 I ImeInsetsSourceProvider: ImeInsetsSourceProvider.scheduleShowImePostLayout() Run showImeRunner.
10-10 12:40:00.343  1902  1939 I ImeInsetsSourceProvider: ImeInsetsSourceProvider.scheduleShowImePostLayout() isReadyToShowIme.
10-10 12:40:00.344  2983  3075 D OneHandedController: stopOneHanded state is 0
10-10 12:40:00.358  1902  1902 W FillRequestEventLogger: Shouldn't be logging AutofillFillRequestReported again for same event
10-10 12:40:00.358  1902  1902 W FillResponseEventLogger: Shouldn't be logging AutofillFillRequestReported again for same event
10-10 12:40:00.358  1902  1902 D AutofillSession: clearPendingIntentLocked
10-10 12:40:00.401  1902  2620 I SmartPower: com.miui.home/10085(3001): background->idle(3001ms) R(become background) adj=100.
10-10 12:40:00.409  1902  2620 I SmartPower: com.google.android.googlequicksearchbox:search/10188(19180): background->idle(3000ms) R(become invisible) adj=800.
10-10 12:40:00.409  1902  2620 I SmartPower: com.google.android.googlequicksearchbox:googleapp/10188(19209): background->idle(3000ms) R(become invisible) adj=800.
10-10 12:40:00.433  1902 23260 D WindowManagerService: checkFlipFullScreenChange is same, nowIsFullScreen = false
10-10 12:40:00.436  1902 23260 W FillRequestEventLogger: Couldn't find packageName: com.google.android.inputmethod.latin
10-10 12:40:00.440  1902  3984 D AutofillSession: createPendingIntent for request 1028
10-10 12:40:00.440  1902  3984 D ContentCapturePerUserService: Notified activity assist data for activity: Token{6f27255 ActivityRecord{41bfc3f u0 eu.europa.ec.euidi/eu.europa.ec.assemblylogic.ui.MainActivity t506}} without a session Id
10-10 12:40:00.444  1902 23260 I InputMethodManagerService: IMMS.showCurrentInputLocked(), flags = 1
10-10 12:40:00.445  1902 23260 D SmartPower: com.google.android.inputmethod.latin/10196(22721): show input method
10-10 12:40:00.445  1902 23260 I DefaultImeVisibilityApplier: IMMS.showCurrentInputLocked request ims to show inputMethod.
10-10 12:40:00.446  1902  2336 D AlarmManager: mBroadcastRefCount -> 1
10-10 12:40:00.446  1902  2336 I SmartPower: com.google.android.gms.unstable/10175(4628): idle->background(53260ms) R(alarm start) adj=800.
10-10 12:40:00.447  1902  2336 I SmartPower: com.google.android.gms.ui/10175(26069): idle->background(53259ms) R(alarm start) adj=800.
10-10 12:40:00.447  1902  2336 I SmartPower: com.google.process.gservices/10175(22048): idle->background(53259ms) R(alarm start) adj=915.
10-10 12:40:00.447  1902  2336 I SmartPower: com.google.android.gms:snet/10175(14783): idle->background(53259ms) R(alarm start) adj=800.
10-10 12:40:00.447  1902  2336 I SmartPower: com.google.process.gapps/10175(12347): idle->background(53260ms) R(alarm start) adj=945.
10-10 12:40:00.450  1902 23259 I InputMethodManagerService: IMMS.showSoftInput(), client = com.android.internal.inputmethod.IInputMethodClient$Stub$Proxy@cbcdc4d
10-10 12:40:00.450  1902 23259 I InputMethodManagerService: IMMS.showCurrentInputLocked(), flags = 0
10-10 12:40:00.450  1902 23259 D SmartPower: com.google.android.inputmethod.latin/10196(22721): show input method
10-10 12:40:00.450  1902 23259 I DefaultImeVisibilityApplier: IMMS.showCurrentInputLocked request ims to show inputMethod.
10-10 12:40:00.450  1902 23260 W PackageConfigPersister: App-specific configuration not found for packageName: eu.europa.ec.euidi and userId: 0
10-10 12:40:00.462  1902 23259 I InputMethodManagerService: IMMS.applyImeVisibility(), setVisible = true, mCurclient = ClientState{a91493 mUid=10390 mPid=18598 mSelfReportedDisplayId=0}
10-10 12:40:00.462  1902 23259 I WindowManager: WMS.showImePostLayout(), imeTarget = Window{3d0599c u0 eu.europa.ec.euidi/eu.europa.ec.assemblylogic.ui.MainActivity}
10-10 12:40:00.463  1902 23259 I InputMethodManagerService: IMMS.applyImeVisibility(), setVisible = true, mCurclient = ClientState{a91493 mUid=10390 mPid=18598 mSelfReportedDisplayId=0}
10-10 12:40:00.463  1902 23259 I WindowManager: WMS.showImePostLayout(), imeTarget = Window{3d0599c u0 eu.europa.ec.euidi/eu.europa.ec.assemblylogic.ui.MainActivity}
10-10 12:40:00.465  1902  2336 D AlarmManager: mBroadcastRefCount -> 2
10-10 12:40:00.465  1902  1939 I ImeInsetsSourceProvider: ImeInsetsSourceProvider.scheduleShowImePostLayout() Run showImeRunner.
10-10 12:40:00.465  1902  1939 I ImeInsetsSourceProvider: ImeInsetsSourceProvider.scheduleShowImePostLayout() isReadyToShowIme.
10-10 12:40:00.466  1902  2336 D AlarmManager: mBroadcastRefCount -> 3
10-10 12:40:00.477  1902  1902 D AlarmManager: mBroadcastRefCount -> 2
10-10 12:40:00.477  1902  1902 D AlarmManager: mPendingIntent -> PendingIntent{6d64805: PendingIntentRecord{c249f82 com.miui.securitycenter startService}}
10-10 12:40:00.480  2983  3075 D OneHandedController: stopOneHanded state is 0
10-10 12:40:00.480  1902  1902 D AlarmManager: mBroadcastRefCount -> 1
10-10 12:40:00.480  1902  1902 D AlarmManager: mPendingIntent -> PendingIntent{c0c605a: PendingIntentRecord{6cad7f6 com.google.android.gms/com.google.android.gms.westworld startService}}
10-10 12:40:00.480  2983  3075 D OneHandedController: stopOneHanded state is 0
10-10 12:40:00.483  1902  1902 D AlarmManager: mBroadcastRefCount -> 0
10-10 12:40:00.483  1902  1902 D AlarmManager: mPendingIntent -> null
10-10 12:40:00.492  1902  2323 I SmartPower: com.google.android.partnersetup/10171(5497): idle->background(3597165ms) R(service create com.google.android.partnersetup/.InstalledAppJobService) adj=0.
10-10 12:40:00.507  1902  1902 W FillRequestEventLogger: Shouldn't be logging AutofillFillRequestReported again for same event
10-10 12:40:00.507  1902  1902 W FillResponseEventLogger: Shouldn't be logging AutofillFillRequestReported again for same event
10-10 12:40:00.507  1902  1902 D AutofillSession: clearPendingIntentLocked
10-10 12:40:00.528  1902 23171 W JobScheduler: Job didn't exist in JobStore: 
10-10 12:40:00.529   640  6561 W vold    : Cannot find dev sysfs path
10-10 12:40:00.530  1902  1902 W StorageManagerService: Failed to get storage lifetime
10-10 12:40:00.530  1902  1902 I StorageManagerService: Turn off gc_urgent based on checking lifetime and charge status
10-10 12:40:00.530  1902  1902 I StorageManagerService: Set smart idle maintenance: latest write amount: 386, average write amount: 0, min segment threshold: 512, dirty reclaim rate: 0.5, segment reclaim weight: 2.0, period(min): 60, min gc sleep time(ms): 5000, target dirty ratio: 100
10-10 12:40:00.531   640   724 W vold    : Reading failed in /sys/fs/f2fs/dm-67/ovp_segments: No such file or directory
10-10 12:40:00.532  1902  1902 I SmartStorageMaintIdler: Got smart storage maintenance service completion callback
10-10 12:40:00.537  1902  1902 W JobScheduler: Job didn't exist in JobStore: 
10-10 12:40:00.546  1902 23171 W JobScheduler: Job didn't exist in JobStore: 
10-10 12:40:00.569  1902 23171 D WindowManagerService: checkFlipFullScreenChange is same, nowIsFullScreen = false
10-10 12:40:00.573  1902 23171 W FillRequestEventLogger: Couldn't find packageName: com.google.android.inputmethod.latin
10-10 12:40:00.582  1902 23171 I InputMethodManagerService: IMMS.showCurrentInputLocked(), flags = 1
10-10 12:40:00.582  1902 23171 D SmartPower: com.google.android.inputmethod.latin/10196(22721): show input method
10-10 12:40:00.583  1902 23171 I DefaultImeVisibilityApplier: IMMS.showCurrentInputLocked request ims to show inputMethod.
10-10 12:40:00.585  1902 22425 W PackageConfigPersister: App-specific configuration not found for packageName: eu.europa.ec.euidi and userId: 0
10-10 12:40:00.589  1902  1962 D KernelCpuUidUserSysTimeReader: Removing uids 90000-90000
10-10 12:40:00.590  1902  1962 D KernelCpuUidUserSysTimeReader: Removing uids 90009-90009
10-10 12:40:00.590  1902  1962 D KernelCpuUidUserSysTimeReader: Removing uids 90018-90018
10-10 12:40:00.590  1902  1962 D KernelCpuUidUserSysTimeReader: Removing uids 90012-90012
10-10 12:40:00.590  1902  1962 D KernelCpuUidUserSysTimeReader: Removing uids 90007-90007
10-10 12:40:00.590  1902  1962 D KernelCpuUidUserSysTimeReader: Removing uids 90011-90011
10-10 12:40:00.590  1902  1962 D KernelCpuUidUserSysTimeReader: Removing uids 90015-90015
10-10 12:40:00.590  1902  1962 D KernelCpuUidUserSysTimeReader: Removing uids 90014-90014
10-10 12:40:00.590  1902  1962 D KernelCpuUidUserSysTimeReader: Removing uids 90008-90008
10-10 12:40:00.591  1902  1962 D KernelCpuUidUserSysTimeReader: Removing uids 90017-90017
10-10 12:40:00.591  1902  1962 D KernelCpuUidUserSysTimeReader: Removing uids 90010-90010
10-10 12:40:00.591  1902  1962 D KernelCpuUidUserSysTimeReader: Removing uids 90013-90013
10-10 12:40:00.591  1902  1962 D KernelCpuUidUserSysTimeReader: Removing uids 90001-90001
10-10 12:40:00.592  1902 23171 D AutofillSession: createPendingIntent for request 1029
10-10 12:40:00.593  1902 23171 D ContentCapturePerUserService: Notified activity assist data for activity: Token{6f27255 ActivityRecord{41bfc3f u0 eu.europa.ec.euidi/eu.europa.ec.assemblylogic.ui.MainActivity t506}} without a session Id
10-10 12:40:00.601  1902 22706 I InputMethodManagerService: IMMS.showSoftInput(), client = com.android.internal.inputmethod.IInputMethodClient$Stub$Proxy@d5b1955
10-10 12:40:00.601  1902 22706 I InputMethodManagerService: IMMS.showCurrentInputLocked(), flags = 0
10-10 12:40:00.602  1902 22706 D SmartPower: com.google.android.inputmethod.latin/10196(22721): show input method
10-10 12:40:00.602  1902 22706 I DefaultImeVisibilityApplier: IMMS.showCurrentInputLocked request ims to show inputMethod.
10-10 12:40:00.627  1902 23171 I InputMethodManagerService: IMMS.applyImeVisibility(), setVisible = true, mCurclient = ClientState{a91493 mUid=10390 mPid=18598 mSelfReportedDisplayId=0}
10-10 12:40:00.627  1902 23171 I WindowManager: WMS.showImePostLayout(), imeTarget = Window{3d0599c u0 eu.europa.ec.euidi/eu.europa.ec.assemblylogic.ui.MainActivity}
10-10 12:40:00.628  1902  1939 I ImeInsetsSourceProvider: ImeInsetsSourceProvider.scheduleShowImePostLayout() Run showImeRunner.
10-10 12:40:00.628  1902  1939 I ImeInsetsSourceProvider: ImeInsetsSourceProvider.scheduleShowImePostLayout() isReadyToShowIme.
10-10 12:40:00.633  2983  3075 D OneHandedController: stopOneHanded state is 0
10-10 12:40:00.639  1902 22425 I InputMethodManagerService: IMMS.applyImeVisibility(), setVisible = true, mCurclient = ClientState{a91493 mUid=10390 mPid=18598 mSelfReportedDisplayId=0}
10-10 12:40:00.639  1902 22425 I WindowManager: WMS.showImePostLayout(), imeTarget = Window{3d0599c u0 eu.europa.ec.euidi/eu.europa.ec.assemblylogic.ui.MainActivity}
10-10 12:40:00.641  1902  1939 I ImeInsetsSourceProvider: ImeInsetsSourceProvider.scheduleShowImePostLayout() Run showImeRunner.
10-10 12:40:00.641  1902  1939 I ImeInsetsSourceProvider: ImeInsetsSourceProvider.scheduleShowImePostLayout() isReadyToShowIme.
10-10 12:40:00.646  2983  3075 D OneHandedController: stopOneHanded state is 0
10-10 12:40:00.650  1902  1902 W FillRequestEventLogger: Shouldn't be logging AutofillFillRequestReported again for same event
10-10 12:40:00.650  1902  1902 W FillResponseEventLogger: Shouldn't be logging AutofillFillRequestReported again for same event
10-10 12:40:00.650  1902  1902 D AutofillSession: clearPendingIntentLocked
10-10 12:40:00.717  1902 22425 D WindowManagerService: checkFlipFullScreenChange is same, nowIsFullScreen = false
10-10 12:40:00.893  1902 23268 W MIUIInput: Input event injection from package: null action ACTION_DOWN
10-10 12:40:00.906  1902 23268 W MIUIInput: Input event injection from package: null action ACTION_UP
10-10 12:40:00.950  1902 23268 I InputMethodManagerService: IMMS.showCurrentInputLocked(), flags = 1
10-10 12:40:00.950  1902 23268 D SmartPower: com.google.android.inputmethod.latin/10196(22721): show input method
10-10 12:40:00.950  1902 23268 I DefaultImeVisibilityApplier: IMMS.showCurrentInputLocked request ims to show inputMethod.
10-10 12:40:00.957  1902 23171 I InputMethodManagerService: IMMS.showSoftInput(), client = com.android.internal.inputmethod.IInputMethodClient$Stub$Proxy@aa9f310
10-10 12:40:00.957  1902 23171 I InputMethodManagerService: IMMS.showCurrentInputLocked(), flags = 0
10-10 12:40:00.957  1902 23171 D SmartPower: com.google.android.inputmethod.latin/10196(22721): show input method
10-10 12:40:00.957  1902 23171 I DefaultImeVisibilityApplier: IMMS.showCurrentInputLocked request ims to show inputMethod.
10-10 12:40:00.958  1902 23171 W PackageConfigPersister: App-specific configuration not found for packageName: eu.europa.ec.euidi and userId: 0
10-10 12:40:00.967  1902  1958 I ExtM    : zram userate is low, no need to flush: 31
10-10 12:40:00.974  1902 22706 I InputMethodManagerService: IMMS.applyImeVisibility(), setVisible = true, mCurclient = ClientState{a91493 mUid=10390 mPid=18598 mSelfReportedDisplayId=0}
10-10 12:40:00.974  1902 22706 I WindowManager: WMS.showImePostLayout(), imeTarget = Window{3d0599c u0 eu.europa.ec.euidi/eu.europa.ec.assemblylogic.ui.MainActivity}
10-10 12:40:00.975  1902  1939 I ImeInsetsSourceProvider: ImeInsetsSourceProvider.scheduleShowImePostLayout() Run showImeRunner.
10-10 12:40:00.975  1902  1939 I ImeInsetsSourceProvider: ImeInsetsSourceProvider.scheduleShowImePostLayout() isReadyToShowIme.
10-10 12:40:00.977  1902 22706 I InputMethodManagerService: IMMS.applyImeVisibility(), setVisible = true, mCurclient = ClientState{a91493 mUid=10390 mPid=18598 mSelfReportedDisplayId=0}
10-10 12:40:00.977  1902 22706 I WindowManager: WMS.showImePostLayout(), imeTarget = Window{3d0599c u0 eu.europa.ec.euidi/eu.europa.ec.assemblylogic.ui.MainActivity}
10-10 12:40:00.978  1902  1939 I ImeInsetsSourceProvider: ImeInsetsSourceProvider.scheduleShowImePostLayout() Run showImeRunner.
10-10 12:40:00.978  1902  1939 I ImeInsetsSourceProvider: ImeInsetsSourceProvider.scheduleShowImePostLayout() isReadyToShowIme.
10-10 12:40:00.981  2983  3075 D OneHandedController: stopOneHanded state is 0
10-10 12:40:01.109  1902 22425 D WindowManagerService: checkFlipFullScreenChange is same, nowIsFullScreen = false
10-10 12:40:01.122  1902 22425 I InputMethodManagerService: IMMS.showCurrentInputLocked(), flags = 1
10-10 12:40:01.122  1902 22425 D SmartPower: com.google.android.inputmethod.latin/10196(22721): show input method
10-10 12:40:01.122  1902 22425 I DefaultImeVisibilityApplier: IMMS.showCurrentInputLocked request ims to show inputMethod.
10-10 12:40:01.125  1902  3984 W PackageConfigPersister: App-specific configuration not found for packageName: eu.europa.ec.euidi and userId: 0
10-10 12:40:01.127  1902 22706 I InputMethodManagerService: IMMS.showSoftInput(), client = com.android.internal.inputmethod.IInputMethodClient$Stub$Proxy@cd9f541
10-10 12:40:01.127  1902 22706 I InputMethodManagerService: IMMS.showCurrentInputLocked(), flags = 0
10-10 12:40:01.127  1902 22706 D SmartPower: com.google.android.inputmethod.latin/10196(22721): show input method
10-10 12:40:01.127  1902 22706 I DefaultImeVisibilityApplier: IMMS.showCurrentInputLocked request ims to show inputMethod.
10-10 12:40:01.152  1902 23259 I InputMethodManagerService: IMMS.applyImeVisibility(), setVisible = true, mCurclient = ClientState{a91493 mUid=10390 mPid=18598 mSelfReportedDisplayId=0}
10-10 12:40:01.152  1902 23259 I WindowManager: WMS.showImePostLayout(), imeTarget = Window{3d0599c u0 eu.europa.ec.euidi/eu.europa.ec.assemblylogic.ui.MainActivity}
10-10 12:40:01.153  1902  1939 I ImeInsetsSourceProvider: ImeInsetsSourceProvider.scheduleShowImePostLayout() Run showImeRunner.
10-10 12:40:01.153  1902  1939 I ImeInsetsSourceProvider: ImeInsetsSourceProvider.scheduleShowImePostLayout() isReadyToShowIme.
10-10 12:40:01.156  1902 23171 I InputMethodManagerService: IMMS.applyImeVisibility(), setVisible = true, mCurclient = ClientState{a91493 mUid=10390 mPid=18598 mSelfReportedDisplayId=0}
10-10 12:40:01.156  1902 23171 I WindowManager: WMS.showImePostLayout(), imeTarget = Window{3d0599c u0 eu.europa.ec.euidi/eu.europa.ec.assemblylogic.ui.MainActivity}
10-10 12:40:01.156  2983  3075 D OneHandedController: stopOneHanded state is 0
10-10 12:40:01.157  1902  1939 I ImeInsetsSourceProvider: ImeInsetsSourceProvider.scheduleShowImePostLayout() Run showImeRunner.
10-10 12:40:01.157  1902  1939 I ImeInsetsSourceProvider: ImeInsetsSourceProvider.scheduleShowImePostLayout() isReadyToShowIme.
10-10 12:40:01.163  2983  3075 D OneHandedController: stopOneHanded state is 0
10-10 12:40:01.243  1902 22425 D WindowManagerService: checkFlipFullScreenChange is same, nowIsFullScreen = false
10-10 12:40:01.253  1902 22425 I InputMethodManagerService: IMMS.showCurrentInputLocked(), flags = 1
10-10 12:40:01.253  1902 22425 D SmartPower: com.google.android.inputmethod.latin/10196(22721): show input method
10-10 12:40:01.253  1902 22425 I DefaultImeVisibilityApplier: IMMS.showCurrentInputLocked request ims to show inputMethod.
10-10 12:40:01.254  1902 22425 W PackageConfigPersister: App-specific configuration not found for packageName: eu.europa.ec.euidi and userId: 0
10-10 12:40:01.263  1902 22425 I InputMethodManagerService: IMMS.showSoftInput(), client = com.android.internal.inputmethod.IInputMethodClient$Stub$Proxy@db8c334
10-10 12:40:01.263  1902 22425 I InputMethodManagerService: IMMS.showCurrentInputLocked(), flags = 0
10-10 12:40:01.263  1902 22425 D SmartPower: com.google.android.inputmethod.latin/10196(22721): show input method
10-10 12:40:01.263  1902 22425 I DefaultImeVisibilityApplier: IMMS.showCurrentInputLocked request ims to show inputMethod.
10-10 12:40:01.282  1902 23171 I InputMethodManagerService: IMMS.applyImeVisibility(), setVisible = true, mCurclient = ClientState{a91493 mUid=10390 mPid=18598 mSelfReportedDisplayId=0}
10-10 12:40:01.282  1902 23171 I WindowManager: WMS.showImePostLayout(), imeTarget = Window{3d0599c u0 eu.europa.ec.euidi/eu.europa.ec.assemblylogic.ui.MainActivity}
10-10 12:40:01.284  1902  1939 I ImeInsetsSourceProvider: ImeInsetsSourceProvider.scheduleShowImePostLayout() Run showImeRunner.
10-10 12:40:01.284  1902  1939 I ImeInsetsSourceProvider: ImeInsetsSourceProvider.scheduleShowImePostLayout() isReadyToShowIme.
10-10 12:40:01.289  1902 23171 I InputMethodManagerService: IMMS.applyImeVisibility(), setVisible = true, mCurclient = ClientState{a91493 mUid=10390 mPid=18598 mSelfReportedDisplayId=0}
10-10 12:40:01.289  1902 23171 I WindowManager: WMS.showImePostLayout(), imeTarget = Window{3d0599c u0 eu.europa.ec.euidi/eu.europa.ec.assemblylogic.ui.MainActivity}
10-10 12:40:01.290  1902  1939 I ImeInsetsSourceProvider: ImeInsetsSourceProvider.scheduleShowImePostLayout() Run showImeRunner.
10-10 12:40:01.290  1902  1939 I ImeInsetsSourceProvider: ImeInsetsSourceProvider.scheduleShowImePostLayout() isReadyToShowIme.
10-10 12:40:01.292  2983  3075 D OneHandedController: stopOneHanded state is 0
10-10 12:40:01.412  1556  1556 I wificond: station_bandwidth: 
10-10 12:40:01.429  1902  2323 I SmartPower: com.google.android.apps.turbo:aab/10180(5777): idle->background(1669782ms) R(service create com.google.android.apps.turbo/com.google.android.libraries.smartbattery.appusage.library.InferAppBucketsJob) adj=0.
10-10 12:40:01.505  1902 23171 D WindowManagerService: checkFlipFullScreenChange is same, nowIsFullScreen = false
10-10 12:40:01.521  1902 23171 I InputMethodManagerService: IMMS.showCurrentInputLocked(), flags = 1
10-10 12:40:01.521  1902 23171 D SmartPower: com.google.android.inputmethod.latin/10196(22721): show input method
10-10 12:40:01.522  1902 23171 I DefaultImeVisibilityApplier: IMMS.showCurrentInputLocked request ims to show inputMethod.
10-10 12:40:01.531  1902  3984 W PackageConfigPersister: App-specific configuration not found for packageName: eu.europa.ec.euidi and userId: 0
10-10 12:40:01.536  1902  3984 I InputMethodManagerService: IMMS.showSoftInput(), client = com.android.internal.inputmethod.IInputMethodClient$Stub$Proxy@bb10f5f
10-10 12:40:01.536  1902  3984 I InputMethodManagerService: IMMS.showCurrentInputLocked(), flags = 0
10-10 12:40:01.536  1902  3984 D SmartPower: com.google.android.inputmethod.latin/10196(22721): show input method
10-10 12:40:01.536  1902  3984 I DefaultImeVisibilityApplier: IMMS.showCurrentInputLocked request ims to show inputMethod.
10-10 12:40:01.555  1902 23259 I InputMethodManagerService: IMMS.applyImeVisibility(), setVisible = true, mCurclient = ClientState{a91493 mUid=10390 mPid=18598 mSelfReportedDisplayId=0}
10-10 12:40:01.555  1902 23259 I WindowManager: WMS.showImePostLayout(), imeTarget = Window{3d0599c u0 eu.europa.ec.euidi/eu.europa.ec.assemblylogic.ui.MainActivity}
10-10 12:40:01.556  1902  1939 I ImeInsetsSourceProvider: ImeInsetsSourceProvider.scheduleShowImePostLayout() Run showImeRunner.
10-10 12:40:01.556  1902  1939 I ImeInsetsSourceProvider: ImeInsetsSourceProvider.scheduleShowImePostLayout() isReadyToShowIme.
10-10 12:40:01.557  1902 23259 I InputMethodManagerService: IMMS.applyImeVisibility(), setVisible = true, mCurclient = ClientState{a91493 mUid=10390 mPid=18598 mSelfReportedDisplayId=0}
10-10 12:40:01.557  1902 23259 I WindowManager: WMS.showImePostLayout(), imeTarget = Window{3d0599c u0 eu.europa.ec.euidi/eu.europa.ec.assemblylogic.ui.MainActivity}
10-10 12:40:01.558  1902  1939 I ImeInsetsSourceProvider: ImeInsetsSourceProvider.scheduleShowImePostLayout() Run showImeRunner.
10-10 12:40:01.558  1902  1939 I ImeInsetsSourceProvider: ImeInsetsSourceProvider.scheduleShowImePostLayout() isReadyToShowIme.
10-10 12:40:01.561  2983  3075 D OneHandedController: stopOneHanded state is 0
10-10 12:40:01.561  2983  3075 D OneHandedController: stopOneHanded state is 0
10-10 12:40:01.578  1902 22425 D CompatibilityChangeReporter: Compat change id reported: 218533173; UID 10190; state: ENABLED
10-10 12:40:01.578  1902 22425 D CompatibilityChangeReporter: Compat change id reported: 262645982; UID 10190; state: ENABLED
10-10 12:40:01.652  1902 23259 D WindowManagerService: checkFlipFullScreenChange is same, nowIsFullScreen = false
10-10 12:40:01.660  1902 23259 I InputMethodManagerService: IMMS.showCurrentInputLocked(), flags = 1
10-10 12:40:01.660  1902 23259 D SmartPower: com.google.android.inputmethod.latin/10196(22721): show input method
10-10 12:40:01.660  1902 23259 I DefaultImeVisibilityApplier: IMMS.showCurrentInputLocked request ims to show inputMethod.
10-10 12:40:01.663  1902 22706 W PackageConfigPersister: App-specific configuration not found for packageName: eu.europa.ec.euidi and userId: 0
10-10 12:40:01.666  1902 22425 I InputMethodManagerService: IMMS.showSoftInput(), client = com.android.internal.inputmethod.IInputMethodClient$Stub$Proxy@ee28e4f
10-10 12:40:01.666  1902 22425 I InputMethodManagerService: IMMS.showCurrentInputLocked(), flags = 0
10-10 12:40:01.666  1902 22425 D SmartPower: com.google.android.inputmethod.latin/10196(22721): show input method
10-10 12:40:01.666  1902 22425 I DefaultImeVisibilityApplier: IMMS.showCurrentInputLocked request ims to show inputMethod.
10-10 12:40:01.682  1902 23259 I InputMethodManagerService: IMMS.applyImeVisibility(), setVisible = true, mCurclient = ClientState{a91493 mUid=10390 mPid=18598 mSelfReportedDisplayId=0}
10-10 12:40:01.682  1902 23259 I WindowManager: WMS.showImePostLayout(), imeTarget = Window{3d0599c u0 eu.europa.ec.euidi/eu.europa.ec.assemblylogic.ui.MainActivity}
10-10 12:40:01.683  1902  1939 I ImeInsetsSourceProvider: ImeInsetsSourceProvider.scheduleShowImePostLayout() Run showImeRunner.
10-10 12:40:01.683  1902  1939 I ImeInsetsSourceProvider: ImeInsetsSourceProvider.scheduleShowImePostLayout() isReadyToShowIme.
10-10 12:40:01.689  1902 23259 I InputMethodManagerService: IMMS.applyImeVisibility(), setVisible = true, mCurclient = ClientState{a91493 mUid=10390 mPid=18598 mSelfReportedDisplayId=0}
10-10 12:40:01.689  1902 23259 I WindowManager: WMS.showImePostLayout(), imeTarget = Window{3d0599c u0 eu.europa.ec.euidi/eu.europa.ec.assemblylogic.ui.MainActivity}
10-10 12:40:01.690  1902  1939 I ImeInsetsSourceProvider: ImeInsetsSourceProvider.scheduleShowImePostLayout() Run showImeRunner.
10-10 12:40:01.690  1902  1939 I ImeInsetsSourceProvider: ImeInsetsSourceProvider.scheduleShowImePostLayout() isReadyToShowIme.
10-10 12:40:01.692  2983  3075 D OneHandedController: stopOneHanded state is 0
10-10 12:40:01.765  1902  3984 D WindowManagerService: checkFlipFullScreenChange is same, nowIsFullScreen = false
10-10 12:40:01.775  1902  3984 I InputMethodManagerService: IMMS.showCurrentInputLocked(), flags = 1
10-10 12:40:01.775  1902  3984 D SmartPower: com.google.android.inputmethod.latin/10196(22721): show input method
10-10 12:40:01.775  1902  3984 I DefaultImeVisibilityApplier: IMMS.showCurrentInputLocked request ims to show inputMethod.
10-10 12:40:01.776  1902  3984 W PackageConfigPersister: App-specific configuration not found for packageName: eu.europa.ec.euidi and userId: 0
10-10 12:40:01.782  1902 22425 I InputMethodManagerService: IMMS.showSoftInput(), client = com.android.internal.inputmethod.IInputMethodClient$Stub$Proxy@65bb7c8
10-10 12:40:01.782  1902 22425 I InputMethodManagerService: IMMS.showCurrentInputLocked(), flags = 0
10-10 12:40:01.782  1902 22425 D SmartPower: com.google.android.inputmethod.latin/10196(22721): show input method
10-10 12:40:01.782  1902 22425 I DefaultImeVisibilityApplier: IMMS.showCurrentInputLocked request ims to show inputMethod.
10-10 12:40:01.801  1902  3984 I InputMethodManagerService: IMMS.applyImeVisibility(), setVisible = true, mCurclient = ClientState{a91493 mUid=10390 mPid=18598 mSelfReportedDisplayId=0}
10-10 12:40:01.801  1902  3984 I WindowManager: WMS.showImePostLayout(), imeTarget = Window{3d0599c u0 eu.europa.ec.euidi/eu.europa.ec.assemblylogic.ui.MainActivity}
10-10 12:40:01.804  1902  1939 I ImeInsetsSourceProvider: ImeInsetsSourceProvider.scheduleShowImePostLayout() Run showImeRunner.
10-10 12:40:01.804  1902  1939 I ImeInsetsSourceProvider: ImeInsetsSourceProvider.scheduleShowImePostLayout() isReadyToShowIme.
10-10 12:40:01.808  2983  3075 D OneHandedController: stopOneHanded state is 0
10-10 12:40:01.809  1902 22425 I InputMethodManagerService: IMMS.applyImeVisibility(), setVisible = true, mCurclient = ClientState{a91493 mUid=10390 mPid=18598 mSelfReportedDisplayId=0}
10-10 12:40:01.809  1902 22425 I WindowManager: WMS.showImePostLayout(), imeTarget = Window{3d0599c u0 eu.europa.ec.euidi/eu.europa.ec.assemblylogic.ui.MainActivity}
10-10 12:40:01.811  1902  1939 I ImeInsetsSourceProvider: ImeInsetsSourceProvider.scheduleShowImePostLayout() Run showImeRunner.
10-10 12:40:01.811  1902  1939 I ImeInsetsSourceProvider: ImeInsetsSourceProvider.scheduleShowImePostLayout() isReadyToShowIme.
10-10 12:40:01.813  2983  3075 D OneHandedController: stopOneHanded state is 0
10-10 12:40:01.888  1902 22425 D WindowManagerService: checkFlipFullScreenChange is same, nowIsFullScreen = false
10-10 12:40:02.055  1902 22706 W MIUIInput: Input event injection from package: null action ACTION_DOWN
10-10 12:40:02.062  1902 22706 W MIUIInput: Input event injection from package: null action ACTION_UP
10-10 12:40:02.211  2983  3075 D MiuiFreeformModeController: avoidForInsetsBottomChangedIfNeed oldMoveableBottom: 2270 newMoveableBounds: 2270
10-10 12:40:02.211  2983  3075 D ImePositionProcessor: onImeVisibilityChanged     isShowing:  false
10-10 12:40:02.212  2983  3075 D MiuiFreeformModeController: onImeVisibilityChanged imeVisible: false imeHeight: 0 adjustedForRotation:false
10-10 12:40:02.212  2983  3075 D MiuiFreeformModeAvoidAlgorithm: begin autoOrderingAvoidMiniTask
10-10 12:40:02.212  2983  3075 D MiuiFreeformModeAvoidAlgorithm: getCurrMiniPos: SameSideMiniPosList: []
10-10 12:40:02.212  2983  3075 D MiuiFreeformModeAvoidAlgorithm: getCurrMiniPos: SameSideMiniPosList: []
10-10 12:40:02.212  2983  3075 D MiuiFreeformModeAvoidAlgorithm: end autoOrderingAvoidMiniTask res:AvoidResult{distance=0, combination={}, activeTaskPos=Rect(0, 0 - 0, 0)}
10-10 12:40:02.212  1902  1939 I WindowManager: input method visible height changed 0
10-10 12:40:02.213  1902  2338 I ITouchFeature: current device and process support version:2
10-10 12:40:02.223  1902 22425 I InputMethodManagerService: IMMS.applyImeVisibility(), setVisible = false, mCurclient = ClientState{a91493 mUid=10390 mPid=18598 mSelfReportedDisplayId=0}
10-10 12:40:02.223  1902 23259 W PackageConfigPersister: App-specific configuration not found for packageName: eu.europa.ec.euidi and userId: 0
10-10 12:40:02.226  1902 23259 D CoreBackPreview: Window{3d0599c u0 eu.europa.ec.euidi/eu.europa.ec.assemblylogic.ui.MainActivity}: Setting back callback OnBackInvokedCallbackInfo{mCallback=android.window.IOnBackInvokedCallback$Stub$Proxy@f75d1e3, mPriority=0, mIsAnimationCallback=false}
10-10 12:40:02.322  1902 22706 W ContentProviderHelper: No provider info for content provider com.miui.personalassistant.servicedeliver.system.provider when providerRunning is false, caller is ProcessRecord{14c5666 3001:com.miui.home/u0a85}
10-10 12:40:02.323  3001  3103 E ActivityThread: Failed to find provider info for com.miui.personalassistant.servicedeliver.system.provider
10-10 12:40:02.401  1902  2620 I SmartPower: com.mi.globalminusscreen/10076(31794): background->idle(5000ms) R(become invisible) adj=100.
10-10 12:40:02.735  1902 22706 I SmartPower: com.google.android.inputmethod.latin/10196(22721): visible->invisible(3011ms) R(become invisible) adj=100.
10-10 12:40:02.735  1902 22706 I SmartPower: com.google.android.inputmethod.latin/10196(22721): invisible->background(1ms) R(become background) adj=100.
10-10 12:40:02.742  2983  3075 D MiuiFreeformModeController: avoidForInsetsBottomChangedIfNeed oldMoveableBottom: 2270 newMoveableBounds: 2270
10-10 12:40:02.757  2983  3075 D MiuiFreeformModeController: avoidForInsetsBottomChangedIfNeed oldMoveableBottom: 2270 newMoveableBounds: 2270
10-10 12:40:03.121  1902 22706 W MIUIInput: Input event injection from package: null action ACTION_DOWN
10-10 12:40:03.125  1902 22706 W MIUIInput: Input event injection from package: null action ACTION_UP
10-10 12:40:03.151  1902 22706 D CompatibilityChangeReporter: Compat change id reported: 161145287; UID 10390; state: ENABLED
10-10 12:40:03.497  1902  1990 W PackageSettings: Couldn't write -1 to /config/sdcardfs/com.google.android.devicelock/appid
10-10 12:40:03.499  1902  1990 W PackageSettings: Couldn't write -1 to /config/sdcardfs/com.google.android.tzdata5/appid
10-10 12:40:03.501  1902  1990 W PackageSettings: Couldn't write -1 to /config/sdcardfs/com.google.android.ondevicepersonalization/appid
10-10 12:40:03.504  1902  1990 W PackageSettings: Couldn't write -1 to /config/sdcardfs/com.google.android.media.swcodec/appid
10-10 12:40:03.505  1902  1990 W PackageSettings: Couldn't write -1 to /config/sdcardfs/com.google.android.os.statsd/appid
10-10 12:40:03.506  1902  1990 W PackageSettings: Couldn't write -1 to /config/sdcardfs/com.google.mainline.primary.libs/appid
10-10 12:40:03.508  1902  1990 W PackageSettings: Couldn't write -1 to /config/sdcardfs/com.google.android.extservices/appid
10-10 12:40:03.510  1902  1990 W PackageSettings: Couldn't write -1 to /config/sdcardfs/com.android.uwb/appid
10-10 12:40:03.511  1902  1990 W PackageSettings: Couldn't write -1 to /config/sdcardfs/com.android.btservices/appid
10-10 12:40:03.511  1902  1990 W PackageSettings: Couldn't write -1 to /config/sdcardfs/com.google.android.healthfitness/appid
10-10 12:40:03.513  1902  1990 W PackageSettings: Couldn't write -1 to /config/sdcardfs/com.google.android.ipsec/appid
10-10 12:40:03.514  1902  1990 W PackageSettings: Couldn't write -1 to /config/sdcardfs/com.google.android.media/appid
10-10 12:40:03.516  1902  1990 W PackageSettings: Couldn't write -1 to /config/sdcardfs/com.android.i18n/appid
10-10 12:40:03.516  1902  1990 W PackageSettings: Couldn't write -1 to /config/sdcardfs/com.android.rkpd/appid
10-10 12:40:03.516  1902  1990 W PackageSettings: Couldn't write -1 to /config/sdcardfs/com.android.virt/appid
10-10 12:40:03.516  1902  1990 W PackageSettings: Couldn't write -1 to /config/sdcardfs/com.android.wifi/appid
10-10 12:40:03.518  1902  1990 W PackageSettings: Couldn't write -1 to /config/sdcardfs/com.google.android.appsearch/appid
10-10 12:40:03.518  1902  1990 W PackageSettings: Couldn't write -1 to /config/sdcardfs/com.google.android.configinfrastructure/appid
10-10 12:40:03.519  1902  1990 W PackageSettings: Couldn't write -1 to /config/sdcardfs/com.android.runtime/appid
10-10 12:40:03.520  1902  1990 W PackageSettings: Couldn't write -1 to /config/sdcardfs/com.google.android.cellbroadcast/appid
10-10 12:40:03.520  1902  1990 W PackageSettings: Couldn't write -1 to /config/sdcardfs/com.android.apex.cts.shim/appid
10-10 12:40:03.521  1902  1990 W PackageSettings: Couldn't write -1 to /config/sdcardfs/com.android.compos/appid
10-10 12:40:03.521  1902  1990 W PackageSettings: Couldn't write -1 to /config/sdcardfs/com.google.android.resolv/appid
10-10 12:40:03.522  1902  1990 W PackageSettings: Couldn't write -1 to /config/sdcardfs/com.google.android.sdkext/appid
10-10 12:40:03.522  1902  1990 W PackageSettings: Couldn't write -1 to /config/sdcardfs/com.google.android.art/appid
10-10 12:40:03.525  1902  1990 W PackageSettings: Couldn't write -1 to /config/sdcardfs/com.google.android.adservices/appid
10-10 12:40:03.526  1902  1990 W PackageSettings: Couldn't write -1 to /config/sdcardfs/com.google.android.scheduling/appid
10-10 12:40:03.526  1902  1990 W PackageSettings: Couldn't write -1 to /config/sdcardfs/com.google.android.mediaprovider/appid
10-10 12:40:03.527  1902  1990 W PackageSettings: Couldn't write -1 to /config/sdcardfs/com.google.android.permission/appid
10-10 12:40:03.527  1902  1990 W PackageSettings: Couldn't write -1 to /config/sdcardfs/com.android.vndk.v30/appid
10-10 12:40:03.527  1902  1990 W PackageSettings: Couldn't write -1 to /config/sdcardfs/com.android.vndk.v31/appid
10-10 12:40:03.527  1902  1990 W PackageSettings: Couldn't write -1 to /config/sdcardfs/com.android.vndk.v33/appid
10-10 12:40:03.527  1902  1990 W PackageSettings: Couldn't write -1 to /config/sdcardfs/com.android.vndk.v34/appid
10-10 12:40:03.528  1902  1990 W PackageSettings: Couldn't write -1 to /config/sdcardfs/com.google.android.neuralnetworks/appid
10-10 12:40:03.529  1902  1990 W PackageSettings: Couldn't write -1 to /config/sdcardfs/com.google.android.tethering/appid
10-10 12:40:03.529  1902  1990 W PackageSettings: Couldn't write -1 to /config/sdcardfs/com.google.android.adbd/appid
10-10 12:40:03.529  1902  1990 W PackageSettings: Couldn't write -1 to /config/sdcardfs/com.google.android.conscrypt/appid
10-10 12:40:03.543  1902  2620 I SmartPower: com.google.android.gms.unstable/10175(4628): background->idle(3097ms) R(alarm start) adj=800.
10-10 12:40:03.543  1902  2620 I SmartPower: com.google.android.gms.ui/10175(26069): background->idle(3097ms) R(alarm start) adj=800.
10-10 12:40:03.543  1902  2620 I SmartPower: com.google.process.gservices/10175(22048): background->idle(3097ms) R(alarm start) adj=915.
10-10 12:40:03.543  1902  2620 I SmartPower: com.google.android.gms:snet/10175(14783): background->idle(3097ms) R(alarm start) adj=800.
10-10 12:40:03.543  1902  2620 I SmartPower: com.google.process.gapps/10175(12347): background->idle(3096ms) R(alarm start) adj=945.
10-10 12:40:03.543  1902  2620 I SmartPower: com.google.android.partnersetup/10171(5497): background->idle(3051ms) R(service create com.google.android.partnersetup/.InstalledAppJobService) adj=905.
10-10 12:40:03.943  1902 23259 D PerfShielderService: eu.europa.ec.euidi|eu.europa.ec.euidi/eu.europa.ec.assemblylogic.ui.MainActivity|99|116240627456005|50|5|4
10-10 12:40:03.952 22071 27042 W MiuiPerfServiceClient: interceptAndQueuing:18598|eu.europa.ec.euidi|99|50|116240627456005|Slow issue draw commands|4
10-10 12:40:04.046  2983  2983 I MiuiChargeManager: notifyBatteryStatusChanged:  status: 2 isPlugged: 2 level: 100 wireState: 11 chargeSpeed: 0 mChargeType: 0 chargeDeviceType: 0 maxChargingWattage: -1 isCarCharge: 0 SUPPORT_BROADCAST_QUICK_CHARGE: true
10-10 12:40:04.047  1902  1902 D MBrainLocalService: isVendorFreezeConditionPass is false
10-10 12:40:04.047  1902  1902 E ChargeIntentReceiver: notifyChange failed
10-10 12:40:04.048  1902  1902 D UiModeManager: updateConfigurationLocked: mDockState=0; mCarMode=false; mCar=false; mPowerSave=false; mOverrideNightModeOn=false; mOverrideNightModeOff=false; mComputedNightMode=false; mNightMode=1; uiMode=17
10-10 12:40:04.186  1902  2336 D AlarmManager: mBroadcastRefCount -> 1
10-10 12:40:04.201  1902 23259 D AlarmManager: mBroadcastRefCount -> 0
10-10 12:40:04.201  1902 23259 D AlarmManager: mPendingIntent -> null
10-10 12:40:04.221  1902 22425 W MIUIInput: Input event injection from package: null action ACTION_DOWN
10-10 12:40:04.227  1902 22425 W MIUIInput: Input event injection from package: null action ACTION_UP
10-10 12:40:04.429  1556  1556 I wificond: station_bandwidth: 
10-10 12:40:04.431  1902  2620 I SmartPower: com.google.android.apps.turbo:aab/10180(5777): background->idle(3002ms) R(service create com.google.android.apps.turbo/com.google.android.libraries.smartbattery.appusage.library.InferAppBucketsJob) adj=905.
10-10 12:40:04.543  1902  1954 I SmartPower: com.xiaomi.discover/10128(11400): idle->background(37165ms) R(broadcast start Intent { act=android.intent.action.BATTERY_CHANGED flg=0x60000010 (has extras) }) adj=905.
10-10 12:40:04.544  1902  1954 I SmartPower: com.microsoft.teams/10321(6401): idle->background(37163ms) R(broadcast start Intent { act=android.intent.action.BATTERY_CHANGED flg=0x60000010 (has extras) }) adj=905.
10-10 12:40:04.545  1902  1954 I SmartPower: com.google.android.apps.tachyon/10234(13012): idle->background(37164ms) R(broadcast start Intent { act=android.intent.action.BATTERY_CHANGED flg=0x60000010 (has extras) }) adj=965.
10-10 12:40:04.546  1902  1954 I SmartPower: com.miui.gallery/10078(17586): idle->background(37164ms) R(broadcast start Intent { act=android.intent.action.BATTERY_CHANGED flg=0x60000010 (has extras) }) adj=965.
10-10 12:40:04.547  1902  1954 I SmartPower: com.facebook.appmanager/10150(6423): idle->background(37162ms) R(broadcast start Intent { act=android.intent.action.BATTERY_CHANGED flg=0x60000010 (has extras) }) adj=905.
10-10 12:40:04.861  1902  1985 D PermissionManager: writeLegacyPermissionState for user  in 45 ms.
10-10 12:40:05.238  1902 22715 D CompatibilityChangeReporter: Compat change id reported: 265464455; UID 10190; state: DISABLED
10-10 12:40:05.238  1902 22715 D CompatibilityChangeReporter: Compat change id reported: 265452344; UID 10190; state: DISABLED
10-10 12:40:05.239  1902 22715 D CompatibilityChangeReporter: Compat change id reported: 266124927; UID 10190; state: DISABLED
10-10 12:40:05.239  1902 22715 D CompatibilityChangeReporter: Compat change id reported: 265451093; UID 10190; state: DISABLED
10-10 12:40:05.240  1902 22715 D CompatibilityChangeReporter: Compat change id reported: 265456536; UID 10190; state: DISABLED
10-10 12:40:05.240  1902 22715 D CompatibilityChangeReporter: Compat change id reported: 255940284; UID 10190; state: DISABLED
10-10 12:40:05.240  1902 22715 D CompatibilityChangeReporter: Compat change id reported: 236283604; UID 10190; state: DISABLED
10-10 12:40:05.241  1902 22715 D CompatibilityChangeReporter: Compat change id reported: 263959004; UID 10190; state: DISABLED
10-10 12:40:05.241  1902 22715 D CompatibilityChangeReporter: Compat change id reported: 264304459; UID 10190; state: DISABLED
10-10 12:40:05.241  1902 22715 D CompatibilityChangeReporter: Compat change id reported: 264301586; UID 10190; state: DISABLED
10-10 12:40:05.241  1902 22715 D CompatibilityChangeReporter: Compat change id reported: 254631730; UID 10190; state: DISABLED
10-10 12:40:05.241  1902 22715 D CompatibilityChangeReporter: Compat change id reported: 273509367; UID 10190; state: DISABLED
10-10 12:40:05.241  1902 22715 D CompatibilityChangeReporter: Compat change id reported: 263259275; UID 10190; state: DISABLED
10-10 12:40:05.242  1902 22715 D CompatibilityChangeReporter: Compat change id reported: 174042980; UID 10190; state: DISABLED
10-10 12:40:05.242  1902 22715 D CompatibilityChangeReporter: Compat change id reported: 174042936; UID 10190; state: DISABLED
10-10 12:40:05.242  1902 22715 D CompatibilityChangeReporter: Compat change id reported: 181136395; UID 10190; state: DISABLED
10-10 12:40:05.243  1902 22715 D CompatibilityChangeReporter: Compat change id reported: 194480991; UID 10190; state: ENABLED
10-10 12:40:05.243  1902 22715 I SmartPower: com.android.chrome/10190(18398): idle->invisible(8829ms) R(become foreground) adj=905.
10-10 12:40:05.243  1902 22715 D WindowManager: Collecting in transition 1148: ActivityRecord{2e55403 u0 com.android.chrome/com.google.android.apps.chrome.IntentDispatcher init visibleRequested:false
10-10 12:40:05.244  1902 22715 D MiuiFreeFormManagerService: activeOrFullscreenFreeformTaskIfNeed startDefaultAr:false
10-10 12:40:05.246  2983  3075 D OneHandedController: stopOneHanded state is 0
10-10 12:40:05.248  1902 22715 D WindowManager: setLockTaskAuth: task=Task{88fdf80 #507 type=standard I=com.android.chrome/com.google.android.apps.chrome.IntentDispatcher} mLockTaskAuth=LOCK_TASK_AUTH_PINNABLE
10-10 12:40:05.248  1902 22715 D WindowManager: Collecting in transition 1148: Task{88fdf80 #507 type=standard I=com.android.chrome/com.google.android.apps.chrome.IntentDispatcher} init visibleRequested:false
10-10 12:40:05.250  1902 22715 D CompatibilityChangeReporter: Compat change id reported: 184838306; UID 10190; state: DISABLED
10-10 12:40:05.251  1902 22715 D CompatibilityChangeReporter: Compat change id reported: 185004937; UID 10190; state: DISABLED
10-10 12:40:05.253  1902 22715 D WindowManager: setLockTaskAuth: task=Task{88fdf80 #507 type=standard I=com.android.chrome/com.google.android.apps.chrome.IntentDispatcher} mLockTaskAuth=LOCK_TASK_AUTH_PINNABLE
10-10 12:40:05.254  1902 22715 D CompatibilityChangeReporter: Compat change id reported: 197654537; UID 10190; state: ENABLED
10-10 12:40:05.254  1902 22715 D MiuiFreeFormManagerService: onStartActivityInner as = Task{88fdf80 #507 type=standard I=com.android.chrome/com.google.android.apps.chrome.IntentDispatcher} op = null
10-10 12:40:05.255  1902 22715 D ActivityTaskManager: Task#startActivityLocked isOrhasTask=true newTask=true
10-10 12:40:05.255  1902 22715 D ActivityTaskManager: Not add starting window, the reason is: windowIsTranslucent = true  windowIsFloating = false  this = ActivityRecord{2e55403 u0 com.android.chrome/com.google.android.apps.chrome.IntentDispatcher t507}
10-10 12:40:05.257  1902 22715 D CompatibilityChangeReporter: Compat change id reported: 205907456; UID 10190; state: ENABLED
10-10 12:40:05.259  1902 22715 D WindowManager: Collecting in transition 1148: ActivityRecord{2e55403 u0 com.android.chrome/com.google.android.apps.chrome.IntentDispatcher t507} init visibleRequested:false
10-10 12:40:05.259  1902 22715 D WindowManager: Requesting StartTransition: TransitionRecord{251c1fe id=1148 type=OPEN flags=0x0}
10-10 12:40:05.259  1902 22715 I ActivityTaskManager: START u0 {act=android.intent.action.VIEW dat=https://issuer.eudiw.dev/... flg=0x10000000 cmp=com.android.chrome/com.google.android.apps.chrome.IntentDispatcher} with LAUNCH_MULTIPLE from uid 10390 (BAL_ALLOW_VISIBLE_WINDOW) result code=0
10-10 12:40:05.260  2983  3075 I SoScUtils: monitorTransitionRequest mRequestOpenTransition:null mRequestOpenTriggerTask:-1 mRequestCloseTransition:null mRequestCloseTriggerTask:-1 mRequestCloseStageType:-1
10-10 12:40:05.261  1902 22715 D WindowManager: Set transition=TransitionRecord{251c1fe id=1148 type=OPEN flags=0x0}, ready=false, SyncId=1148 used=true, override=false, defer=0, states=Display{#0 state=ON size=1080x2400 ROTATION_0}:false
10-10 12:40:05.262  2983  3075 D OneHandedController: stopOneHanded state is 0
10-10 12:40:05.262  2983  3075 D OneHandedController: stopOneHanded state is 0
10-10 12:40:05.263  1902 22715 D CompatibilityChangeReporter: Compat change id reported: 197654537; UID 10390; state: ENABLED
10-10 12:40:05.267  1902 22715 D WindowManager: Collecting in transition 1148: ActivityRecord{2e55403 u0 com.android.chrome/com.google.android.apps.chrome.IntentDispatcher t507} init visibleRequested:false
10-10 12:40:05.267  1902 22715 D WindowManager: Collecting in transition 1148: ActivityRecord{2e55403 u0 com.android.chrome/com.google.android.apps.chrome.IntentDispatcher t507} init visibleRequested:true
