06-11 13:58:34.031   368   368 D nativeloader: Load libstats_jni.so using APEX ns com_android_os_statsd for caller /apex/com.android.os.statsd/javalib/framework-statsd.jar: ok
06-11 13:58:34.031   368   368 D Zygote  : begin preload
06-11 13:58:34.031   368   368 I Zygote  : Calling ZygoteHooks.beginPreload()
06-11 13:58:34.086   368   368 I Zygote  : Preloading classes...
06-11 13:58:34.092   368   368 W Zygote  : Class not found for preloading: android.app.PendingIntent$$ExternalSyntheticLambda3
06-11 13:58:34.111   368   368 D nativeloader: Load libjavacrypto.so using APEX ns com_android_conscrypt for caller /apex/com.android.conscrypt/javalib/conscrypt.jar: ok
06-11 13:58:34.119   368   368 I Typeface: Preloading /system/fonts/Roboto-Regular.ttf
06-11 13:58:34.120   368   368 I Typeface: Preloading /system/fonts/RobotoStatic-Regular.ttf
06-11 13:58:34.120   368   368 I SystemFonts: Loading font config from /system/etc/fonts.xml
06-11 13:58:34.139   368   368 E ActivityRecognitionHardware: activity_recognition HAL is deprecated. class_init is effectively a no-op
06-11 13:58:34.209   368   368 D nativeloader: Load libmedia_jni.so using system ns (caller=/system/framework/framework.jar!classes2.dex): ok
06-11 13:58:34.209   368   368 D MtpDeviceJNI: register_android_mtp_MtpDevice
06-11 13:58:34.214   368   368 D nativeloader: Load libsoundpool.so using system ns (caller=/system/framework/framework.jar!classes2.dex): ok
06-11 13:58:34.215   368   368 D nativeloader: Load libaudioeffect_jni.so using system ns (caller=/system/framework/framework.jar!classes2.dex): ok
06-11 13:58:34.220   368   368 D nativeloader: Load librtp_jni.so using system ns (caller=/system/framework/voip-common.jar): ok
06-11 13:58:34.220   368   368 I zygote64: Thread[1,tid=368,Native,Thread*=0xb400007df9a887b0,peer=0x14002418,"main"] recursive attempt to load library "librtp_jni.so"
06-11 13:58:34.224   368   368 D nativeloader: Load libvintf_jni.so using system ns (caller=/system/framework/framework.jar!classes3.dex): ok
06-11 13:58:34.230   368   368 D nativeloader: Load librs_jni.so using system ns (caller=/system/framework/framework.jar!classes3.dex): ok
06-11 13:58:34.233   415   566 I adbd    : host-21: read thread spawning
06-11 13:58:34.233   415   567 I adbd    : host-21: write thread spawning
06-11 13:58:34.233   415   415 I adbd    : host-21: already offline
06-11 13:58:34.233   415   415 I adbd    : Calling send_auth_request...
06-11 13:58:34.237   415   415 I adbd    : adbd_auth: loading keys from /data/misc/adb/adb_keys
06-11 13:58:34.239   415   415 I adbd    : adb client authorized
06-11 13:58:34.288   368   368 W Zygote  : Class not found for preloading: android.window.ImeOnBackInvokedDispatcher$$ExternalSyntheticLambda0
06-11 13:58:34.289   368   368 W Zygote  : Class not found for preloading: android.window.WindowOnBackInvokedDispatcher$OnBackInvokedCallbackWrapper$CallbackRef
06-11 13:58:34.331   368   368 W OverlayConfig: partition_order.xml does not exist.
06-11 13:58:34.378   584   584 W cmd     : Can't find service settings
06-11 13:58:34.384   588   588 W cmd     : Can't find service settings
06-11 13:58:34.384   427   427 I bt_vhci_forwarder: Ignoring VENDOR packet
06-11 13:58:34.384   427   427 I bt_vhci_forwarder: Received first command from VHCI device; enabling reads from virtio
06-11 13:58:34.389   586   586 W idmap2  : failed to create idmap
06-11 13:58:34.394   592   592 W cmd     : Can't find service settings
06-11 13:58:34.410   412   509 D RenderEngine: Shader cache generated 122 shaders in 814.380737 ms
06-11 13:58:34.413   368   368 D nativeloader: Load libframework-connectivity-jni.so using APEX ns com_android_tethering for caller /apex/com.android.tethering/javalib/framework-connectivity.jar: ok
06-11 13:58:34.426   368   368 W Zygote  : Class not found for preloading: sun.util.locale.BaseLocale$Key-IA
06-11 13:58:34.427   368   368 I Zygote  : ...preloaded 17758 classes in 340ms.
06-11 13:58:34.430   368   368 D nativeloader: InitApexLibraries:
06-11 13:58:34.430   368   368 D nativeloader:   com_android_art: libnativehelper.so
06-11 13:58:34.430   368   368 D nativeloader:   com_android_i18n: libicui18n.so:libicuuc.so:libicu.so
06-11 13:58:34.430   368   368 D nativeloader:   com_android_neuralnetworks: libneuralnetworks.so
06-11 13:58:34.430   368   368 D nativeloader: InitDefaultPublicLibraries for_preload=0: libandroid.so:libaaudio.so:libamidi.so:libbinder_ndk.so:libc.so:libcamera2ndk.so:libclang_rt.hwasan-aarch64-android.so:libdl.so:libEGL.so:libGLESv1_CM.so:libGLESv2.so:libGLESv3.so:libjnigraphics.so:liblog.so:libmediandk.so:libm.so:libnativewindow.so:libOpenMAXAL.so:libOpenSLES.so:libRS.so:libstdc++.so:libsync.so:libvulkan.so:libwebviewchromium_plat_support.so:libz.so
06-11 13:58:34.430   368   368 D nativeloader: Configuring clns-shared-1 for other apk /system/framework/android.hidl.base-V1.0-java.jar. target_sdk_version=35, uses_libraries=, library_path=, permitted_path=/data:/mnt/expand
06-11 13:58:34.430   368   368 D nativeloader: InitExtendedPublicLibraries: 
06-11 13:58:34.430   368   368 I nativeloader: InitVendorPublicLibraries skipped: Failed to read /vendor/etc/public.libraries.txt: No such file or directory
06-11 13:58:34.430   368   368 D nativeloader: InitProductPublicLibraries: 
06-11 13:58:34.430   368   368 D ApplicationLoaders: Created zygote-cached class loader: /system/framework/android.hidl.base-V1.0-java.jar
06-11 13:58:34.431   415   457 I adbd    : adbd mDNS service _adb._tcp registered: 1
06-11 13:58:34.432   368   368 D nativeloader: Configuring clns-shared-2 for other apk /system/framework/android.hidl.manager-V1.0-java.jar. target_sdk_version=35, uses_libraries=, library_path=, permitted_path=/data:/mnt/expand
06-11 13:58:34.432   368   368 D ApplicationLoaders: Created zygote-cached class loader: /system/framework/android.hidl.manager-V1.0-java.jar
06-11 13:58:34.434   368   368 D nativeloader: Configuring clns-shared-3 for other apk /system/framework/android.test.base.jar. target_sdk_version=35, uses_libraries=, library_path=, permitted_path=/data:/mnt/expand
06-11 13:58:34.434   368   368 D ApplicationLoaders: Created zygote-cached class loader: /system/framework/android.test.base.jar
06-11 13:58:34.437   368   368 D nativeloader: Configuring clns-shared-4 for other apk /system/framework/org.apache.http.legacy.jar. target_sdk_version=35, uses_libraries=, library_path=, permitted_path=/data:/mnt/expand
06-11 13:58:34.437   368   368 D ApplicationLoaders: Created zygote-cached class loader: /system/framework/org.apache.http.legacy.jar
06-11 13:58:34.440   368   368 D nativeloader: Configuring clns-shared-5 for other apk /system_ext/framework/androidx.window.extensions.jar. target_sdk_version=35, uses_libraries=, library_path=, permitted_path=/data:/mnt/expand
06-11 13:58:34.440   368   368 D ApplicationLoaders: Created zygote-cached class loader: /system_ext/framework/androidx.window.extensions.jar
06-11 13:58:34.442   368   368 D nativeloader: Configuring clns-shared-6 for other apk /system_ext/framework/androidx.window.sidecar.jar. target_sdk_version=35, uses_libraries=, library_path=, permitted_path=/data:/mnt/expand
06-11 13:58:34.442   368   368 D ApplicationLoaders: Created zygote-cached class loader: /system_ext/framework/androidx.window.sidecar.jar
06-11 13:58:34.442   368   368 I Resources: Preloading resources...
06-11 13:58:34.445   368   368 W Resources: Preloaded drawable resource #0x10802cb (android:drawable/dialog_background_material) that varies with configuration!!
06-11 13:58:34.447   368   368 W Resources: Preloaded drawable resource #0x1080846 (android:drawable/progress_horizontal_material) that varies with configuration!!
06-11 13:58:34.447   368   368 W Resources: Preloaded drawable resource #0x108084a (android:drawable/progress_indeterminate_horizontal_material) that varies with configuration!!
06-11 13:58:34.448   368   368 I Resources: ...preloaded 63 resources in 6ms.
06-11 13:58:34.448   368   368 I Resources: ...preloaded 41 resources in 0ms.
06-11 13:58:34.450   368   368 I Zygote  : Preloading shared libraries...
06-11 13:58:34.450   368   368 D nativeloader: Load libandroid.so using system ns (caller=/system/framework/framework.jar!classes5.dex): ok
06-11 13:58:34.450   368   368 D nativeloader: Load libjnigraphics.so using system ns (caller=/system/framework/framework.jar!classes5.dex): ok
06-11 13:58:34.451   368   368 D nativeloader: Load libcompiler_rt.so using system ns (caller=/system/framework/framework.jar!classes5.dex): ok
06-11 13:58:34.452   368   368 E zygote64: Unable to find pattern file or unable to map it for am
06-11 13:58:34.456   368   368 D nativeloader: Load libwebviewchromium_loader.so using system ns (caller=/system/framework/framework.jar!classes4.dex): ok
06-11 13:58:34.456   368   368 I Zygote  : Called ZygoteHooks.endPreload()
06-11 13:58:34.456   368   368 I Zygote  : Installed AndroidKeyStoreProvider in 0ms.
06-11 13:58:34.456   368   368 I Zygote  : Warmed up JCA providers in 1ms.
06-11 13:58:34.456   368   368 D Zygote  : end preload
06-11 13:58:34.469   368   368 I zygote64: Explicit concurrent mark compact GC freed 2675KB AllocSpace bytes, 2(48KB) LOS objects, 49% free, 8169KB/15MB, paused 19us,678us total 12.098ms
06-11 13:58:34.477   368   368 I zygote64: Explicit concurrent mark compact GC freed 320KB AllocSpace bytes, 0(0B) LOS objects, 49% free, 7913KB/15MB, paused 14us,384us total 7.501ms
06-11 13:58:34.502   368   368 D Zygote  : Forked child process 595
06-11 13:58:34.502   368   368 I Zygote  : System server process 595 has been created
06-11 13:58:34.502   368   368 I Zygote  : Accepting command socket connections
06-11 13:58:34.542   595   595 D nativeloader: Configuring clns-shared-7 for other apk /system/framework/com.android.location.provider.jar:/system/framework/services.jar:/apex/com.android.adservices/javalib/service-adservices.jar:/apex/com.android.adservices/javalib/service-sdksandbox.jar:/apex/com.android.appsearch/javalib/service-appsearch.jar:/apex/com.android.art/javalib/service-art.jar:/apex/com.android.configinfrastructure/javalib/service-configinfrastructure.jar:/apex/com.android.healthfitness/javalib/service-healthfitness.jar:/apex/com.android.media/javalib/service-media-s.jar:/apex/com.android.ondevicepersonalization/javalib/service-ondevicepersonalization.jar:/apex/com.android.permission/javalib/service-permission.jar:/apex/com.android.rkpd/javalib/service-rkp.jar:/apex/com.android.virt/javalib/service-virtualization.jar. target_sdk_version=10000, uses_libraries=ALL, library_path=/system/lib64:/system_ext/lib64, permitted_path=/data:/mnt/expand:/system/lib64:/system_ext/lib64
06-11 13:58:34.542   595   595 D nativeloader: InitApexLibraries:
06-11 13:58:34.542   595   595 D nativeloader:   com_android_adservices: libhpke_jni.so:libtflite_support_classifiers_native.so
06-11 13:58:34.542   595   595 D nativeloader:   com_android_appsearch: libicing.so
06-11 13:58:34.542   595   595 D nativeloader:   com_android_art: libartservice.so
06-11 13:58:34.542   595   595 D nativeloader:   com_android_btservices: libbluetooth_jni.so
06-11 13:58:34.542   595   595 D nativeloader:   com_android_conscrypt: libjavacrypto.so
06-11 13:58:34.542   595   595 D nativeloader:   com_android_mediaprovider: libpdfclient.so
06-11 13:58:34.542   595   595 D nativeloader:   com_android_nfcservices: libnfc_nci_jni.so
06-11 13:58:34.542   595   595 D nativeloader:   com_android_ondevicepersonalization: libfcp_cpp_dep_jni.so:libfcp_hpke_jni.so
06-11 13:58:34.542   595   595 D nativeloader:   com_android_os_statsd: libstats_jni.so
06-11 13:58:34.542   595   595 D nativeloader:   com_android_tethering: libandroid_net_connectivity_com_android_net_module_util_jni.so:libcrypto.so:libframework-connectivity-jni.so:libframework-connectivity-tiramisu-jni.so:libmainlinecronet.121.0.6167.71.so:libservice-connectivity.so:libservice-thread-jni.so:libssl.so
06-11 13:58:34.542   595   595 D nativeloader:   com_android_uwb: libuwb_uci_jni_rust.so
06-11 13:58:34.542   595   595 D nativeloader:   com_android_virt: libvirtualizationservice_jni.so:libvirtualmachine_jni.so
06-11 13:58:34.544   595   595 D nativeloader: Configuring clns-shared-8 for other apk /apex/com.android.btservices/javalib/service-bluetooth.jar. target_sdk_version=35, uses_libraries=ALL, library_path=, permitted_path=/data:/mnt/expand
06-11 13:58:34.546   595   595 D nativeloader: Configuring clns-shared-9 for other apk /apex/com.android.devicelock/javalib/service-devicelock.jar. target_sdk_version=35, uses_libraries=ALL, library_path=, permitted_path=/data:/mnt/expand
06-11 13:58:34.547   595   595 D nativeloader: Configuring clns-shared-10 for other apk /apex/com.android.os.statsd/javalib/service-statsd.jar. target_sdk_version=35, uses_libraries=ALL, library_path=, permitted_path=/data:/mnt/expand
06-11 13:58:34.549   595   595 D nativeloader: Configuring clns-shared-11 for other apk /apex/com.android.profiling/javalib/service-profiling.jar. target_sdk_version=35, uses_libraries=ALL, library_path=, permitted_path=/data:/mnt/expand
06-11 13:58:34.550   595   595 D nativeloader: Configuring clns-shared-12 for other apk /apex/com.android.scheduling/javalib/service-scheduling.jar. target_sdk_version=35, uses_libraries=ALL, library_path=, permitted_path=/data:/mnt/expand
06-11 13:58:34.554   595   595 D nativeloader: Configuring clns-shared-13 for other apk /apex/com.android.tethering/javalib/service-connectivity.jar. target_sdk_version=35, uses_libraries=ALL, library_path=, permitted_path=/data:/mnt/expand
06-11 13:58:34.558   595   595 D nativeloader: Configuring clns-shared-14 for other apk /apex/com.android.uwb/javalib/service-uwb.jar. target_sdk_version=35, uses_libraries=ALL, library_path=, permitted_path=/data:/mnt/expand
06-11 13:58:34.567   595   595 D nativeloader: Configuring clns-shared-15 for other apk /apex/com.android.wifi/javalib/service-wifi.jar. target_sdk_version=35, uses_libraries=ALL, library_path=, permitted_path=/data:/mnt/expand
06-11 13:58:34.569   595   595 I system_server: Using CollectorTypeCMC GC.
06-11 13:58:34.570   595   595 W system_server: Failed to upload odrefresh metrics: Unable to open or parse metrics file /data/misc/odrefresh/odrefresh-metrics.xml (error: Error=XML_ERROR_FILE_NOT_FOUND ErrorID=3 (0x3) Line number=0: filename=/data/misc/odrefresh/odrefresh-metrics.xml)
06-11 13:58:34.570   595   595 E system_server: Not starting debugger since process cannot load the jdwp agent.
06-11 13:58:34.571   595   606 W system_server: AIBinder_linkToDeath is being called with a non-null cookie and no onUnlink callback set. This might not be intended. AIBinder_DeathRecipient_setOnUnlinked should be called first.
06-11 13:58:34.571   595   606 W BpBinder: Linking to death on android.os.IStatsd but there are no threads (yet?) listening to incoming transactions. See ProcessState::startThreadPool and ProcessState::setThreadPoolMaxThreadCount. Generally you should setup the binder threadpool before other initialization steps.
06-11 13:58:34.572   595   595 D nativeloader: Load libframework-connectivity-tiramisu-jni.so using APEX ns com_android_tethering for caller /apex/com.android.tethering/javalib/framework-connectivity-t.jar: ok
06-11 13:58:34.573   366   382 I ServiceManagerCppClient: Waiting for service 'statscompanion' on '/dev/binder'...
06-11 13:58:34.617   404   404 W ServiceManagerCppClient: Waited one second for activity (is service started? Number of threads started in the threadpool: 16. Are binder threads started and available?)
06-11 13:58:34.618   158   616 W libc    : Unable to set property "ctl.interface_start" to "aidl/activity": PROP_ERROR_HANDLE_CONTROL_MESSAGE (0x20)
06-11 13:58:34.634   595   595 D nativeloader: Load /system/lib64/libandroid_servers.so using ns default for caller /system/framework/services.jar in same partition (is_bridged=0): ok
06-11 13:58:34.641   595   625 I incfs   : Initial API level of the device: 35
06-11 13:58:34.641   595   625 I incfs   : ro.incremental.enable: yes
06-11 13:58:34.641   595   625 I incfs   : isFsAvailable: true
06-11 13:58:34.641   595   625 I incfs   : isFsAvailable: true
06-11 13:58:34.641   595   625 I incfs   : IncFs_Features: v2
06-11 13:58:34.659   434   446 D installd: Found quota mount /dev/block/dm-44 at /data
06-11 13:58:34.659   434   446 D installd: Found quota mount /dev/block/dm-44 at /data/user/0
06-11 13:58:34.662   159   159 I hwservicemanager: getTransport: Cannot find entry android.frameworks.stats@1.0::IStats/default in either framework or device VINTF manifest.
06-11 13:58:34.662   595   595 E HidlServiceManagement: Service android.frameworks.stats@1.0::IStats/default must be in VINTF manifest in order to register/get.
06-11 13:58:34.662   595   595 W system_server: Cannot register HIDL android.frameworks.stats@1.0::IStats: -2147483648
06-11 13:58:34.662   159   159 I hwservicemanager: getTransport: Cannot find entry android.hardware.memtrack@1.0::IMemtrack/default in either framework or device VINTF manifest.
06-11 13:58:34.662   595   595 I Stability: Interface set with vintf stability downgraded to system stability stability
06-11 13:58:34.668   595   595 E libpsi  : /proc/pressure/memory write failed for psi stall type 'some'; errno=22
06-11 13:58:34.668   595   595 E LowMemDetector: Failed to register psi trigger
06-11 13:58:34.677   159   159 I hwservicemanager: getTransport: Cannot find entry android.hardware.power.stats@1.0::IPowerStats/default in either framework or device VINTF manifest.
06-11 13:58:34.677   595   636 E BatteryStatsService: Unable to load Power.Stats.HAL. Setting rail availability to false
06-11 13:58:34.678   595   636 E BluetoothAdapter: Bluetooth service is null
06-11 13:58:34.696   595   595 I incfs-mounts: [incfs] Loaded incremental-fs mount info: 0 instances, 0 mount points
06-11 13:58:34.701   595   595 I PowerHalLoader: Successfully connected to Power HAL AIDL service.
06-11 13:58:34.701   394   394 I android.hardware.power-service.example: Power isModeSupported: 7
06-11 13:58:34.702   394   394 I android.hardware.power-service.example: Power isModeSupported: 0
06-11 13:58:34.704   393   393 I lights_service_exampl..: main::lights: Lights reporting supported lights
06-11 13:58:34.723   595   595 D FallbackCategoryProvider: Found 387 fallback categories
06-11 13:58:34.776   595   595 W PackageManager: Could not find package com.android.companiondevicemanager
--------- beginning of system
06-11 13:58:34.796   595   595 V AconfigFlags: Read Aconfig default flag value com.android.graphics.surfaceflinger.flags.screenshot_fence_preservation = true
06-11 13:58:34.796   595   595 V AconfigFlags: Read Aconfig default flag value com.android.graphics.surfaceflinger.flags.single_hop_screenshot = true
06-11 13:58:34.796   595   595 V AconfigFlags: Read Aconfig default flag value com.android.graphics.surfaceflinger.flags.use_known_refresh_rate_for_fps_consistency = false
06-11 13:58:34.796   595   595 V AconfigFlags: Read Aconfig default flag value com.android.graphics.surfaceflinger.flags.vrr_bugfix_24q4 = false
06-11 13:58:34.796   595   595 V AconfigFlags: Read Aconfig default flag value com.android.graphics.surfaceflinger.flags.vrr_config = true
06-11 13:58:34.796   595   595 V AconfigFlags: Read Aconfig default flag value com.android.graphics.surfaceflinger.flags.vulkan_renderengine = false
06-11 13:58:34.796   595   595 V AconfigFlags: Read Aconfig default flag value com.android.hardware.input.emoji_and_screenshot_keycodes_available = true
06-11 13:58:34.796   595   595 V AconfigFlags: Read Aconfig default flag value com.android.hardware.input.keyboard_a11y_bounce_keys_flag = true
06-11 13:58:34.796   595   595 V AconfigFlags: Read Aconfig default flag value com.android.hardware.input.keyboard_a11y_slow_keys_flag = true
06-11 13:58:34.796   595   595 V AconfigFlags: Read Aconfig default flag value com.android.hardware.input.keyboard_a11y_sticky_keys_flag = true
06-11 13:58:34.796   595   595 V AconfigFlags: Read Aconfig default flag value com.android.hardware.input.keyboard_layout_preview_flag = true
06-11 13:58:34.796   595   595 V AconfigFlags: Read Aconfig default flag value com.android.hardware.input.pointer_coords_is_resampled_api = true
06-11 13:58:34.796   595   595 V AconfigFlags: Read Aconfig default flag value com.android.hardware.input.touchpad_tap_dragging = true
06-11 13:58:34.796   595   595 V AconfigFlags: Read Aconfig default flag value com.android.hardware.libsensor.flags.sensor_event_queue_report_sensor_usage_in_tracing = false
06-11 13:58:34.796   595   595 V AconfigFlags: Read Aconfig default flag value com.android.hardware.libsensor.flags.sensormanager_ping_binder = true
06-11 13:58:34.796   595   595 V AconfigFlags: Read Aconfig default flag value com.android.icu.icu74 = false
06-11 13:58:34.796   595   595 V AconfigFlags: Read Aconfig default flag value com.android.icu.icu_v_api = true
06-11 13:58:34.796   595   595 V AconfigFlags: Read Aconfig default flag value com.android.input.flags.a11y_crash_on_inconsistent_event_stream = false
06-11 13:58:34.796   595   595 V AconfigFlags: Read Aconfig default flag value com.android.input.flags.device_associations = false
06-11 13:58:34.796   595   595 V AconfigFlags: Read Aconfig default flag value com.android.input.flags.disable_reject_touch_on_stylus_hover = false
06-11 13:58:34.796   595   595 V AconfigFlags: Read Aconfig default flag value com.android.input.flags.enable_gestures_library_timer_provider = true
06-11 13:58:34.796   595   595 V AconfigFlags: Read Aconfig default flag value com.android.input.flags.enable_inbound_event_verification = false
06-11 13:58:34.796   595   595 V AconfigFlags: Read Aconfig default flag value com.android.input.flags.enable_input_event_tracing = true
06-11 13:58:34.796   595   595 V AconfigFlags: Read Aconfig default flag value com.android.input.flags.enable_input_filter_rust_impl = true
06-11 13:58:34.796   595   595 V AconfigFlags: Read Aconfig default flag value com.android.input.flags.enable_keyboard_classifier = false
06-11 13:58:34.796   595   595 V AconfigFlags: Read Aconfig default flag value com.android.input.flags.enable_multi_device_input = true
06-11 13:58:34.796   595   595 V AconfigFlags: Read Aconfig default flag value com.android.input.flags.enable_multi_device_same_window_stream = false
06-11 13:58:34.796   595   595 V AconfigFlags: Read Aconfig default flag value com.android.input.flags.enable_new_mouse_pointer_ballistics = true
06-11 13:58:34.796   595   595 V AconfigFlags: Read Aconfig default flag value com.android.input.flags.enable_outbound_event_verification = false
06-11 13:58:34.796   595   595 V AconfigFlags: Read Aconfig default flag value com.android.input.flags.enable_prediction_pruning_via_jerk_thresholding = true
06-11 13:58:34.796   595   595 V AconfigFlags: Read Aconfig default flag value com.android.input.flags.enable_touchpad_fling_stop = false
06-11 13:58:34.796   595   595 V AconfigFlags: Read Aconfig default flag value com.android.input.flags.enable_touchpad_typing_palm_rejection = true
06-11 13:58:34.796   595   595 V AconfigFlags: Read Aconfig default flag value com.android.input.flags.enable_v2_touchpad_typing_palm_rejection = false
06-11 13:58:34.796   595   595 V AconfigFlags: Read Aconfig default flag value com.android.input.flags.hide_pointer_indicators_for_secure_windows = false
06-11 13:58:34.796   595   595 V AconfigFlags: Read Aconfig default flag value com.android.input.flags.input_device_view_behavior_api = true
06-11 13:58:34.796   595   595 V AconfigFlags: Read Aconfig default flag value com.android.input.flags.override_key_behavior_permission_apis = true
06-11 13:58:34.796   595   595 V AconfigFlags: Read Aconfig default flag value com.android.input.flags.rate_limit_user_activity_poke_in_dispatcher = false
06-11 13:58:34.796   595   595 V AconfigFlags: Read Aconfig default flag value com.android.input.flags.remove_pointer_event_tracking_in_wm = true
06-11 13:58:34.796   595   595 V AconfigFlags: Read Aconfig default flag value com.android.input.flags.report_palms_to_gestures_library = true
06-11 13:58:34.796   595   595 V AconfigFlags: Read Aconfig default flag value com.android.intentresolver.bespoke_label_view = true
06-11 13:58:34.796   595   595 V AconfigFlags: Read Aconfig default flag value com.android.intentresolver.enable_private_profile = true
06-11 13:58:34.796   595   595 V AconfigFlags: Read Aconfig default flag value com.android.intentresolver.fix_empty_state_padding = false
06-11 13:58:34.796   595   595 V AconfigFlags: Read Aconfig default flag value com.android.intentresolver.fix_empty_state_padding_bug = true
06-11 13:58:34.796   595   595 V AconfigFlags: Read Aconfig default flag value com.android.intentresolver.fix_partial_image_edit_transition = true
06-11 13:58:34.796   595   595 V AconfigFlags: Read Aconfig default flag value com.android.intentresolver.fix_private_space_locked_on_restart = true
06-11 13:58:34.796   595   595 V AconfigFlags: Read Aconfig default flag value com.android.intentresolver.fix_target_list_footer = true
06-11 13:58:34.796   595   595 V AconfigFlags: Read Aconfig default flag value com.android.intentresolver.modular_framework = true
06-11 13:58:34.796   595   595 V AconfigFlags: Read Aconfig default flag value com.android.intentresolver.refine_system_actions = true
06-11 13:58:34.796   595   595 V AconfigFlags: Read Aconfig default flag value com.android.intentresolver.target_data_caching = false
06-11 13:58:34.796   595   595 V AconfigFlags: Read Aconfig default flag value com.android.internal.camera.flags.analytics_24q3 = true
06-11 13:58:34.796   595   595 V AconfigFlags: Read Aconfig default flag value com.android.internal.camera.flags.cache_permission_services = true
06-11 13:58:34.796   595   595 V AconfigFlags: Read Aconfig default flag value com.android.internal.camera.flags.calculate_perf_override_during_session_support = true
06-11 13:58:34.796   595   595 V AconfigFlags: Read Aconfig default flag value com.android.internal.camera.flags.camera_ae_mode_low_light_boost = true
06-11 13:58:34.796   595   595 V AconfigFlags: Read Aconfig default flag value com.android.internal.camera.flags.camera_device_setup = true
06-11 13:58:34.796   595   595 V AconfigFlags: Read Aconfig default flag value com.android.internal.camera.flags.camera_extensions_characteristics_get = true
06-11 13:58:34.796   595   595 V AconfigFlags: Read Aconfig default flag value com.android.internal.camera.flags.camera_hsum_permission = true
06-11 13:58:34.796   595   595 V AconfigFlags: Read Aconfig default flag value com.android.internal.camera.flags.camera_manual_flash_strength_control = true
06-11 13:58:34.796   595   595 V AconfigFlags: Read Aconfig default flag value com.android.internal.camera.flags.camera_privacy_allowlist = true
06-11 13:58:34.796   595   595 V AconfigFlags: Read Aconfig default flag value com.android.internal.camera.flags.check_session_support_before_session_char = true
06-11 13:58:34.796   595   595 V AconfigFlags: Read Aconfig default flag value com.android.internal.camera.flags.concert_mode = true
06-11 13:58:34.796   595   595 V AconfigFlags: Read Aconfig default flag value com.android.internal.camera.flags.concert_mode_api = false
06-11 13:58:34.796   595   595 V AconfigFlags: Read Aconfig default flag value com.android.internal.camera.flags.delay_lazy_hal_instantiation = true
06-11 13:58:34.796   595   595 V AconfigFlags: Read Aconfig default flag value com.android.internal.camera.flags.extension_10_bit = true
06-11 13:58:34.796   595   595 V AconfigFlags: Read Aconfig default flag value com.android.internal.camera.flags.feature_combination_query = true
06-11 13:58:34.796   595   595 V AconfigFlags: Read Aconfig default flag value com.android.internal.camera.flags.inject_session_params = true
06-11 13:58:34.796   595   595 V AconfigFlags: Read Aconfig default flag value com.android.internal.camera.flags.lazy_aidl_wait_for_service = true
06-11 13:58:34.796   595   595 V AconfigFlags: Read Aconfig default flag value com.android.internal.camera.flags.log_ultrawide_usage = true
06-11 13:58:34.796   595   595 V AconfigFlags: Read Aconfig default flag value com.android.internal.camera.flags.log_zoom_override_usage = true
06-11 13:58:34.796   595   595 V AconfigFlags: Read Aconfig default flag value com.android.internal.camera.flags.multi_res_raw_reprocessing = false
06-11 13:58:34.796   595   595 V AconfigFlags: Read Aconfig default flag value com.android.internal.camera.flags.multiresolution_imagereader_usage_config = true
06-11 13:58:34.796   595   595 V AconfigFlags: Read Aconfig default flag value com.android.internal.camera.flags.realtime_priority_bump = true
06-11 13:58:34.796   595   595 V AconfigFlags: Read Aconfig default flag value com.android.internal.camera.flags.return_buffers_outside_locks = true
06-11 13:58:34.796   595   595 V AconfigFlags: Read Aconfig default flag value com.android.internal.camera.flags.session_hal_buf_manager = true
06-11 13:58:34.796   595   595 V AconfigFlags: Read Aconfig default flag value com.android.internal.camera.flags.single_thread_executor = true
06-11 13:58:34.796   595   595 V AconfigFlags: Read Aconfig default flag value com.android.internal.camera.flags.surface_ipc = true
06-11 13:58:34.796   595   595 V AconfigFlags: Read Aconfig default flag value com.android.internal.camera.flags.surface_leak_fix = true
06-11 13:58:34.796   595   595 V AconfigFlags: Read Aconfig default flag value com.android.internal.camera.flags.use_ro_board_api_level_for_vndk_version = true
06-11 13:58:34.796   595   595 V AconfigFlags: Read Aconfig default flag value com.android.internal.camera.flags.use_system_api_for_vndk_version = true
06-11 13:58:34.796   595   595 V AconfigFlags: Read Aconfig default flag value com.android.internal.camera.flags.watch_foreground_changes = true
06-11 13:58:34.796   595   595 V AconfigFlags: Read Aconfig default flag value com.android.internal.compat.flags.skip_old_and_disabled_compat_logging = true
06-11 13:58:34.796   595   595 V AconfigFlags: Read Aconfig default flag value com.android.internal.foldables.flags.fold_grace_period_enabled = true
06-11 13:58:34.796   595   595 V AconfigFlags: Read Aconfig default flag value com.android.internal.foldables.flags.fold_lock_setting_enabled = true
06-11 13:58:34.796   595   595 V AconfigFlags: Read Aconfig default flag value com.android.internal.os.enable_apache_http_legacy_preload = true
06-11 13:58:34.796   595   595 V AconfigFlags: Read Aconfig default flag value com.android.internal.pm.pkg.component.flags.enable_per_process_use_embedded_dex_attr = true
06-11 13:58:34.796   595   595 V AconfigFlags: Read Aconfig default flag value com.android.internal.telephony.flags.add_anomaly_when_notify_config_changed_with_invalid_phone = true
06-11 13:58:34.796   595   595 V AconfigFlags: Read Aconfig default flag value com.android.internal.telephony.flags.add_rat_related_suggested_action_to_ims_registration = false
06-11 13:58:34.796   595   595 V AconfigFlags: Read Aconfig default flag value com.android.internal.telephony.flags.allow_mmtel_in_non_vops = true
06-11 13:58:34.796   595   595 V AconfigFlags: Read Aconfig default flag value com.android.internal.telephony.flags.answer_audio_only_when_answering_via_mmi_code = true
06-11 13:58:34.796   595   595 V AconfigFlags: Read Aconfig default flag value com.android.internal.telephony.flags.ap_domain_selection_enabled = false
06-11 13:58:34.796   595   595 V AconfigFlags: Read Aconfig default flag value com.android.internal.telephony.flags.apn_setting_field_support_flag = true
06-11 13:58:34.796   595   595 V AconfigFlags: Read Aconfig default flag value com.android.internal.telephony.flags.auto_data_switch_allow_roaming = true
06-11 13:58:34.796   595   595 V AconfigFlags: Read Aconfig default flag value com.android.internal.telephony.flags.auto_data_switch_uses_data_enabled = true
06-11 13:58:34.796   595   595 V AconfigFlags: Read Aconfig default flag value com.android.internal.telephony.flags.backup_and_restore_for_enable_2g = true
06-11 13:58:34.796   595   595 V AconfigFlags: Read Aconfig default flag value com.android.internal.telephony.flags.call_extra_for_non_hold_supported_carriers = true
06-11 13:58:34.796   595   595 V AconfigFlags: Read Aconfig default flag value com.android.internal.telephony.flags.carrier_enabled_satellite_flag = true
06-11 13:58:34.796   595   595 V AconfigFlags: Read Aconfig default flag value com.android.internal.telephony.flags.carrier_restriction_rules_enhancement = true
06-11 13:58:34.796   595   595 V AconfigFlags: Read Aconfig default flag value com.android.internal.telephony.flags.carrier_restriction_status = false
06-11 13:58:34.796   595   595 V AconfigFlags: Read Aconfig default flag value com.android.internal.telephony.flags.change_method_of_obtaining_ims_registration_radio_tech = true
06-11 13:58:34.796   595   595 V AconfigFlags: Read Aconfig default flag value com.android.internal.telephony.flags.cleanup_open_logical_channel_record_on_dispose = true
06-11 13:58:34.796   595   595 V AconfigFlags: Read Aconfig default flag value com.android.internal.telephony.flags.clear_cached_ims_phone_number_when_device_lost_ims_registration = true
06-11 13:58:34.796   595   595 V AconfigFlags: Read Aconfig default flag value com.android.internal.telephony.flags.combine_ril_death_handle = true
06-11 13:58:34.796   595   595 V AconfigFlags: Read Aconfig default flag value com.android.internal.telephony.flags.conference_hold_unhold_changed_to_send_message = true
06-11 13:58:34.796   595   595 V AconfigFlags: Read Aconfig default flag value com.android.internal.telephony.flags.data_call_session_stats_captures_cross_sim_calling = true
06-11 13:58:34.796   595   595 V AconfigFlags: Read Aconfig default flag value com.android.internal.telephony.flags.data_only_cellular_service = true
06-11 13:58:34.796   595   595 V AconfigFlags: Read Aconfig default flag value com.android.internal.telephony.flags.data_only_service_allow_emergency_call_only = true
06-11 13:58:34.796   595   595 V AconfigFlags: Read Aconfig default flag value com.android.internal.telephony.flags.data_rat_metric_enabled = true
06-11 13:58:34.796   595   595 V AconfigFlags: Read Aconfig default flag value com.android.internal.telephony.flags.dismiss_network_selection_notification_on_sim_disable = true
06-11 13:58:34.796   595   595 V AconfigFlags: Read Aconfig default flag value com.android.internal.telephony.flags.do_not_override_precise_label = true
06-11 13:58:34.796   595   595 V AconfigFlags: Read Aconfig default flag value com.android.internal.telephony.flags.domain_selection_metrics_enabled = false
06-11 13:58:34.796   595   595 V AconfigFlags: Read Aconfig default flag value com.android.internal.telephony.flags.dsrs_diagnostics_enabled = true
06-11 13:58:34.796   595   595 V AconfigFlags: Read Aconfig default flag value com.android.internal.telephony.flags.emergency_registration_state = false
06-11 13:58:34.796   595   595 V AconfigFlags: Read Aconfig default flag value com.android.internal.telephony.flags.enable_aead_algorithms = true
06-11 13:58:34.796   595   595 V AconfigFlags: Read Aconfig default flag value com.android.internal.telephony.flags.enable_carrier_config_n1_control_attempt2 = false
06-11 13:58:34.796   595   595 V AconfigFlags: Read Aconfig default flag value com.android.internal.telephony.flags.enable_identifier_disclosure_transparency = true
06-11 13:58:34.796   595   595 V AconfigFlags: Read Aconfig default flag value com.android.internal.telephony.flags.enable_identifier_disclosure_transparency_unsol_events = true
06-11 13:58:34.796   595   595 V AconfigFlags: Read Aconfig default flag value com.android.internal.telephony.flags.enable_modem_cipher_transparency = true
06-11 13:58:34.796   595   595 V AconfigFlags: Read Aconfig default flag value com.android.internal.telephony.flags.enable_modem_cipher_transparency_unsol_events = true
06-11 13:58:34.796   595   595 V AconfigFlags: Read Aconfig default flag value com.android.internal.telephony.flags.enable_multiple_sa_proposals = true
06-11 13:58:34.796   595   595 V AconfigFlags: Read Aconfig default flag value com.android.internal.telephony.flags.enable_sip_subscribe_retry = true
06-11 13:58:34.796   595   595 V AconfigFlags: Read Aconfig default flag value com.android.internal.telephony.flags.enable_telephony_analytics = true
06-11 13:58:34.796   595   595 V AconfigFlags: Read Aconfig default flag value com.android.internal.telephony.flags.enable_wps_check_api_flag = true
06-11 13:58:34.796   595   595 V AconfigFlags: Read Aconfig default flag value com.android.internal.telephony.flags.enforce_subscription_user_filter = false
06-11 13:58:34.796   595   595 V AconfigFlags: Read Aconfig default flag value com.android.internal.telephony.flags.enforce_telephony_feature_mapping = true
06-11 13:58:34.796   595   595 V AconfigFlags: Read Aconfig default flag value com.android.internal.telephony.flags.enforce_telephony_feature_mapping_for_public_apis = true
06-11 13:58:34.796   595   595 V AconfigFlags: Read Aconfig default flag value com.android.internal.telephony.flags.ensure_access_to_call_settings_is_restricted = false
06-11 13:58:34.796   595   595 V AconfigFlags: Read Aconfig default flag value com.android.internal.telephony.flags.esim_available_memory = true
06-11 13:58:34.796   595   595 V AconfigFlags: Read Aconfig default flag value com.android.internal.telephony.flags.esim_bootstrap_provisioning_flag = true
06-11 13:58:34.796   595   595 V AconfigFlags: Read Aconfig default flag value com.android.internal.telephony.flags.fix_crash_on_getting_config_when_phone_is_gone = true
06-11 13:58:34.796   595   595 V AconfigFlags: Read Aconfig default flag value com.android.internal.telephony.flags.force_iwlan_mms = true
06-11 13:58:34.796   595   595 V AconfigFlags: Read Aconfig default flag value com.android.internal.telephony.flags.hide_prefer_3g_item = true
06-11 13:58:34.796   595   595 V AconfigFlags: Read Aconfig default flag value com.android.internal.telephony.flags.hide_preinstalled_carrier_app_at_most_once = true
06-11 13:58:34.796   595   595 V AconfigFlags: Read Aconfig default flag value com.android.internal.telephony.flags.hide_roaming_icon = true
06-11 13:58:34.796   595   595 V AconfigFlags: Read Aconfig default flag value com.android.internal.telephony.flags.ignore_already_terminated_incoming_call_before_registering_listener = true
06-11 13:58:34.796   595   595 V AconfigFlags: Read Aconfig default flag value com.android.internal.telephony.flags.ignore_existing_networks_for_internet_allowed_checking = true
06-11 13:58:34.796   595   595 V AconfigFlags: Read Aconfig default flag value com.android.internal.telephony.flags.imsi_key_retry_download_on_phone_unlock = true
06-11 13:58:34.796   595   595 V AconfigFlags: Read Aconfig default flag value com.android.internal.telephony.flags.keep_empty_requests_network = true
06-11 13:58:34.796   595   595 V AconfigFlags: Read Aconfig default flag value com.android.internal.telephony.flags.log_mms_sms_database_access_info = true
06-11 13:58:34.796   595   595 V AconfigFlags: Read Aconfig default flag value com.android.internal.telephony.flags.metered_embb_urlcc = true
06-11 13:58:34.796   595   595 V AconfigFlags: Read Aconfig default flag value com.android.internal.telephony.flags.minimal_telephony_cdm_check = true
06-11 13:58:34.796   595   595 V AconfigFlags: Read Aconfig default flag value com.android.internal.telephony.flags.minimal_telephony_managers_conditional_on_features = true
06-11 13:58:34.796   595   595 V AconfigFlags: Read Aconfig default flag value com.android.internal.telephony.flags.mms_disabled_error = true
06-11 13:58:34.796   595   595 V AconfigFlags: Read Aconfig default flag value com.android.internal.telephony.flags.mms_get_apn_from_pdsc = false
06-11 13:58:34.796   595   595 V AconfigFlags: Read Aconfig default flag value com.android.internal.telephony.flags.network_registration_info_reject_cause = true
06-11 13:58:34.796   595   595 V AconfigFlags: Read Aconfig default flag value com.android.internal.telephony.flags.network_validation = true
06-11 13:58:34.796   595   595 V AconfigFlags: Read Aconfig default flag value com.android.internal.telephony.flags.notify_data_activity_changed_with_slot = true
06-11 13:58:34.796   595   595 V AconfigFlags: Read Aconfig default flag value com.android.internal.telephony.flags.notify_initial_ims_provisioning_status = true
06-11 13:58:34.796   595   595 V AconfigFlags: Read Aconfig default flag value com.android.internal.telephony.flags.oem_enabled_satellite_flag = true
06-11 13:58:34.796   595   595 V AconfigFlags: Read Aconfig default flag value com.android.internal.telephony.flags.prevent_invocation_repeat_of_ril_call_when_device_does_not_support_voice = true
06-11 13:58:34.796   595   595 V AconfigFlags: Read Aconfig default flag value com.android.internal.telephony.flags.prevent_system_server_and_phone_deadlock = true
06-11 13:58:34.796   595   595 V AconfigFlags: Read Aconfig default flag value com.android.internal.telephony.flags.reconnect_qualified_network = true
06-11 13:58:34.796   595   595 V AconfigFlags: Read Aconfig default flag value com.android.internal.telephony.flags.refine_preferred_data_profile_selection = true
06-11 13:58:34.796   595   595 V AconfigFlags: Read Aconfig default flag value com.android.internal.telephony.flags.relax_ho_teardown = true
06-11 13:58:34.796   595   595 V AconfigFlags: Read Aconfig default flag value com.android.internal.telephony.flags.remove_country_code_from_local_singapore_calls = true
06-11 13:58:34.796   595   595 V AconfigFlags: Read Aconfig default flag value com.android.internal.telephony.flags.reorganize_roaming_notification = true
06-11 13:58:34.796   595   595 V AconfigFlags: Read Aconfig default flag value com.android.internal.telephony.flags.reset_mobile_network_settings = true
06-11 13:58:34.796   595   595 V AconfigFlags: Read Aconfig default flag value com.android.internal.telephony.flags.reset_primary_sim_default_values = true
06-11 13:58:34.796   595   595 V AconfigFlags: Read Aconfig default flag value com.android.internal.telephony.flags.roaming_notification_for_single_data_network = true
06-11 13:58:34.796   595   595 V AconfigFlags: Read Aconfig default flag value com.android.internal.telephony.flags.safer_get_phone_number = false
06-11 13:58:34.796   595   595 V AconfigFlags: Read Aconfig default flag value com.android.internal.telephony.flags.satellite_internet = true
06-11 13:58:34.796   595   595 V AconfigFlags: Read Aconfig default flag value com.android.internal.telephony.flags.satellite_persistent_logging = false
06-11 13:58:34.796   595   595 V AconfigFlags: Read Aconfig default flag value com.android.internal.telephony.flags.set_carrier_restriction_status = false
06-11 13:58:34.796   595   595 V AconfigFlags: Read Aconfig default flag value com.android.internal.telephony.flags.set_no_reply_timer_for_cfnry = true
06-11 13:58:34.796   595   595 V AconfigFlags: Read Aconfig default flag value com.android.internal.telephony.flags.set_number_of_sim_for_ims_enable = true
06-11 13:58:34.796   595   595 V AconfigFlags: Read Aconfig default flag value com.android.internal.telephony.flags.show_call_fail_notification_for_2g_toggle = true
06-11 13:58:34.796   595   595 V AconfigFlags: Read Aconfig default flag value com.android.internal.telephony.flags.show_call_id_and_call_waiting_in_additional_settings_menu = true
06-11 13:58:34.796   595   595 V AconfigFlags: Read Aconfig default flag value com.android.internal.telephony.flags.simultaneous_calling_indications = true
06-11 13:58:34.796   595   595 V AconfigFlags: Read Aconfig default flag value com.android.internal.telephony.flags.slicing_additional_error_codes = true
06-11 13:58:34.796   595   595 V AconfigFlags: Read Aconfig default flag value com.android.internal.telephony.flags.sms_domain_selection_enabled = true
06-11 13:58:34.796   595   595 V AconfigFlags: Read Aconfig default flag value com.android.internal.telephony.flags.stop_spamming_emergency_notification = false
06-11 13:58:34.796   595   595 V AconfigFlags: Read Aconfig default flag value com.android.internal.telephony.flags.subscription_user_association_query = false
06-11 13:58:34.796   595   595 V AconfigFlags: Read Aconfig default flag value com.android.internal.telephony.flags.support_nr_sa_rrc_idle = true
06-11 13:58:34.796   595   595 V AconfigFlags: Read Aconfig default flag value com.android.internal.telephony.flags.support_psim_to_esim_conversion = true
06-11 13:58:34.796   595   595 V AconfigFlags: Read Aconfig default flag value com.android.internal.telephony.flags.terminate_active_video_call_when_accepting_second_video_call_as_audio_only = true
06-11 13:58:34.796   595   595 V AconfigFlags: Read Aconfig default flag value com.android.internal.telephony.flags.unregister_sms_broadcast_receiver_from_cat_service = false
06-11 13:58:34.796   595   595 V AconfigFlags: Read Aconfig default flag value com.android.internal.telephony.flags.unthrottle_check_transport = true
06-11 13:58:34.796   595   595 V AconfigFlags: Read Aconfig default flag value com.android.internal.telephony.flags.update_ims_service_by_gathering_provisioning_changes = true
06-11 13:58:34.796   595   595 V AconfigFlags: Read Aconfig default flag value com.android.internal.telephony.flags.update_roaming_state_to_set_wfc_mode = true
06-11 13:58:34.796   595   595 V AconfigFlags: Read Aconfig default flag value com.android.internal.telephony.flags.use_alarm_callback = true
06-11 13:58:34.796   595   595 V AconfigFlags: Read Aconfig default flag value com.android.internal.telephony.flags.use_aosp_domain_selection_service = false
06-11 13:58:34.796   595   595 V AconfigFlags: Read Aconfig default flag value com.android.internal.telephony.flags.use_oem_domain_selection_service = true
06-11 13:58:34.796   595   595 V AconfigFlags: Read Aconfig default flag value com.android.internal.telephony.flags.use_relaxed_id_match = true
06-11 13:58:34.796   595   595 V AconfigFlags: Read Aconfig default flag value com.android.internal.telephony.flags.vonr_enabled_metric = true
06-11 13:58:34.796   595   595 V AconfigFlags: Read Aconfig default flag value com.android.internal.telephony.flags.work_profile_api_split = false
06-11 13:58:34.796   595   595 V AconfigFlags: Read Aconfig default flag value com.android.managedprovisioning.flags.is_cosmic_ray_enabled = false
06-11 13:58:34.796   595   595 V AconfigFlags: Read Aconfig default flag value com.android.media.aaudio.sample_rate_conversion = true
06-11 13:58:34.796   595   595 V AconfigFlags: Read Aconfig default flag value com.android.media.aaudio.start_stop_client_from_command_thread = false
06-11 13:58:34.796   595   595 V AconfigFlags: Read Aconfig default flag value com.android.media.audio.abs_volume_index_fix = false
06-11 13:58:34.796   595   595 V AconfigFlags: Read Aconfig default flag value com.android.media.audio.alarm_min_volume_zero = true
06-11 13:58:34.796   595   595 V AconfigFlags: Read Aconfig default flag value com.android.media.audio.as_device_connection_failure = false
06-11 13:58:34.796   595   595 V AconfigFlags: Read Aconfig default flag value com.android.media.audio.audioserver_permissions = false
06-11 13:58:34.796   595   595 V AconfigFlags: Read Aconfig default flag value com.android.media.audio.bluetooth_mac_address_anonymization = true
06-11 13:58:34.796   595   595 V AconfigFlags: Read Aconfig default flag value com.android.media.audio.disable_prescale_absolute_volume = true
06-11 13:58:34.796   595   595 V AconfigFlags: Read Aconfig default flag value com.android.media.audio.dsa_over_bt_le_audio = true
06-11 13:58:34.796   595   595 V AconfigFlags: Read Aconfig default flag value com.android.media.audio.music_fx_edge_to_edge = true
06-11 13:58:34.796   595   595 V AconfigFlags: Read Aconfig default flag value com.android.media.audio.port_to_piid_simplification = false
06-11 13:58:34.796   595   595 V AconfigFlags: Read Aconfig default flag value com.android.media.audio.replace_stream_bt_sco = false
06-11 13:58:34.796   595   595 V AconfigFlags: Read Aconfig default flag value com.android.media.audio.ringer_mode_affects_alarm = true
06-11 13:58:34.796   595   595 V AconfigFlags: Read Aconfig default flag value com.android.media.audio.set_stream_volume_order = true
06-11 13:58:34.796   595   595 V AconfigFlags: Read Aconfig default flag value com.android.media.audio.spatializer_offload = false
06-11 13:58:34.796   595   595 V AconfigFlags: Read Aconfig default flag value com.android.media.audio.spatializer_upmix = false
06-11 13:58:34.796   595   595 V AconfigFlags: Read Aconfig default flag value com.android.media.audio.stereo_spatialization = false
06-11 13:58:34.796   595   595 V AconfigFlags: Read Aconfig default flag value com.android.media.audio.vgs_vss_sync_mute_order = true
06-11 13:58:34.796   595   595 V AconfigFlags: Read Aconfig default flag value com.android.media.audio.volume_refactoring = false
06-11 13:58:34.796   595   595 V AconfigFlags: Read Aconfig default flag value com.android.media.audioclient.audiosystem_service_acquisition = false
06-11 13:58:34.796   595   595 V AconfigFlags: Read Aconfig default flag value com.android.media.audioserver.direct_track_reprioritization = true
06-11 13:58:34.796   595   595 V AconfigFlags: Read Aconfig default flag value com.android.media.audioserver.effect_chain_callback_improve = false
06-11 13:58:34.796   595   595 V AconfigFlags: Read Aconfig default flag value com.android.media.audioserver.fdtostring_timeout_fix = true
06-11 13:58:34.796   595   595 V AconfigFlags: Read Aconfig default flag value com.android.media.audioserver.fix_concurrent_playback_behavior_with_bit_perfect_client = false
