--------- beginning of crash
09-30 02:36:24.484  1558  1558 I emdlogger: mtk-brm-commit-id:2833288c68103f17f4843653d1b9a6fbd2f6e149
09-30 02:36:24.498  1558  1558 I emdlogger: mtk-brm-change-id:I6afe606aa6a21dad7f79560b154220d5ade63e14
09-30 02:36:24.499  1558  1558 I emdlogger: mtk-brm-merge-id:none
09-30 02:36:24.544  1534  1534 I libimsma_adapt: mtk-brm-commit-id:08c165c9fffde5e436e743d3aa5d9496d79cbc21
09-30 02:36:24.545  1534  1534 I libimsma_adapt: mtk-brm-change-id:I5d32ca5715dae8f0bcd34ce3d65cbe31e750f432
09-30 02:36:24.545  1534  1534 I libimsma_adapt: mtk-brm-merge-id:none
09-30 12:11:43.791  2938  2938 I SmartRatSwitch: mtk-brm-commit-id:5fafc7f90721207346ff793b0242d9143ebe08b5
09-30 12:11:43.793  2938  2938 I SmartRatSwitch: mtk-brm-change-id:I78997b642e154a4486e6f4d8caf000b0aab4b465
09-30 12:11:43.793  2938  2938 I SmartRatSwitch: mtk-brm-merge-id:none
10-06 14:43:03.589 32186 32204 E AndroidRuntime: FATAL EXCEPTION: Instr: androidx.test.runner.AndroidJUnitRunner
10-06 14:43:03.589 32186 32204 E AndroidRuntime: Process: io.appium.uiautomator2.server, PID: 32186
10-06 14:43:03.589 32186 32204 E AndroidRuntime: java.lang.RuntimeException: Error while disconnecting UiAutomation@dc362ca[id=-1, displayId=0, flags=0]
10-06 14:43:03.589 32186 32204 E AndroidRuntime: 	at android.app.UiAutomation.disconnect(UiAutomation.java:451)
10-06 14:43:03.589 32186 32204 E AndroidRuntime: 	at android.app.Instrumentation.finish(Instrumentation.java:275)
10-06 14:43:03.589 32186 32204 E AndroidRuntime: 	at androidx.test.runner.MonitoringInstrumentation.finish(MonitoringInstrumentation.java:381)
10-06 14:43:03.589 32186 32204 E AndroidRuntime: 	at androidx.test.runner.AndroidJUnitRunner.finish(AndroidJUnitRunner.java:463)
10-06 14:43:03.589 32186 32204 E AndroidRuntime: 	at androidx.test.runner.AndroidJUnitRunner.onStart(AndroidJUnitRunner.java:452)
10-06 14:43:03.589 32186 32204 E AndroidRuntime: 	at android.app.Instrumentation$InstrumentationThread.run(Instrumentation.java:2440)
10-06 14:43:03.589 32186 32204 E AndroidRuntime: Caused by: android.os.DeadObjectException
10-06 14:43:03.589 32186 32204 E AndroidRuntime: 	at android.os.BinderProxy.transactNative(Native Method)
10-06 14:43:03.589 32186 32204 E AndroidRuntime: 	at android.os.BinderProxy.transact(BinderProxy.java:639)
10-06 14:43:03.589 32186 32204 E AndroidRuntime: 	at android.app.IUiAutomationConnection$Stub$Proxy.disconnect(IUiAutomationConnection.java:471)
10-06 14:43:03.589 32186 32204 E AndroidRuntime: 	at android.app.UiAutomation.disconnect(UiAutomation.java:449)
10-06 14:43:03.589 32186 32204 E AndroidRuntime: 	... 5 more
10-06 15:42:53.491 24061 24079 E AndroidRuntime: FATAL EXCEPTION: Instr: androidx.test.runner.AndroidJUnitRunner
10-06 15:42:53.491 24061 24079 E AndroidRuntime: Process: io.appium.uiautomator2.server, PID: 24061
10-06 15:42:53.491 24061 24079 E AndroidRuntime: java.lang.RuntimeException: Error while disconnecting UiAutomation@14d1251[id=-1, displayId=0, flags=0]
10-06 15:42:53.491 24061 24079 E AndroidRuntime: 	at android.app.UiAutomation.disconnect(UiAutomation.java:451)
10-06 15:42:53.491 24061 24079 E AndroidRuntime: 	at android.app.Instrumentation.finish(Instrumentation.java:275)
10-06 15:42:53.491 24061 24079 E AndroidRuntime: 	at androidx.test.runner.MonitoringInstrumentation.finish(MonitoringInstrumentation.java:381)
10-06 15:42:53.491 24061 24079 E AndroidRuntime: 	at androidx.test.runner.AndroidJUnitRunner.finish(AndroidJUnitRunner.java:463)
10-06 15:42:53.491 24061 24079 E AndroidRuntime: 	at androidx.test.runner.AndroidJUnitRunner.onStart(AndroidJUnitRunner.java:452)
10-06 15:42:53.491 24061 24079 E AndroidRuntime: 	at android.app.Instrumentation$InstrumentationThread.run(Instrumentation.java:2440)
10-06 15:42:53.491 24061 24079 E AndroidRuntime: Caused by: android.os.DeadObjectException
10-06 15:42:53.491 24061 24079 E AndroidRuntime: 	at android.os.BinderProxy.transactNative(Native Method)
10-06 15:42:53.491 24061 24079 E AndroidRuntime: 	at android.os.BinderProxy.transact(BinderProxy.java:639)
10-06 15:42:53.491 24061 24079 E AndroidRuntime: 	at android.app.IUiAutomationConnection$Stub$Proxy.disconnect(IUiAutomationConnection.java:471)
10-06 15:42:53.491 24061 24079 E AndroidRuntime: 	at android.app.UiAutomation.disconnect(UiAutomation.java:449)
10-06 15:42:53.491 24061 24079 E AndroidRuntime: 	... 5 more
10-08 14:35:58.835  8798  8819 E AndroidRuntime: FATAL EXCEPTION: Instr: androidx.test.runner.AndroidJUnitRunner
10-08 14:35:58.835  8798  8819 E AndroidRuntime: Process: io.appium.uiautomator2.server, PID: 8798
10-08 14:35:58.835  8798  8819 E AndroidRuntime: java.lang.RuntimeException: Error while disconnecting UiAutomation@68ee26e[id=-1, displayId=0, flags=0]
10-08 14:35:58.835  8798  8819 E AndroidRuntime: 	at android.app.UiAutomation.disconnect(UiAutomation.java:451)
10-08 14:35:58.835  8798  8819 E AndroidRuntime: 	at android.app.Instrumentation.finish(Instrumentation.java:275)
10-08 14:35:58.835  8798  8819 E AndroidRuntime: 	at androidx.test.runner.MonitoringInstrumentation.finish(MonitoringInstrumentation.java:381)
10-08 14:35:58.835  8798  8819 E AndroidRuntime: 	at androidx.test.runner.AndroidJUnitRunner.finish(AndroidJUnitRunner.java:463)
10-08 14:35:58.835  8798  8819 E AndroidRuntime: 	at androidx.test.runner.AndroidJUnitRunner.onStart(AndroidJUnitRunner.java:452)
10-08 14:35:58.835  8798  8819 E AndroidRuntime: 	at android.app.Instrumentation$InstrumentationThread.run(Instrumentation.java:2440)
10-08 14:35:58.835  8798  8819 E AndroidRuntime: Caused by: android.os.DeadObjectException
10-08 14:35:58.835  8798  8819 E AndroidRuntime: 	at android.os.BinderProxy.transactNative(Native Method)
10-08 14:35:58.835  8798  8819 E AndroidRuntime: 	at android.os.BinderProxy.transact(BinderProxy.java:639)
10-08 14:35:58.835  8798  8819 E AndroidRuntime: 	at android.app.IUiAutomationConnection$Stub$Proxy.disconnect(IUiAutomationConnection.java:471)
10-08 14:35:58.835  8798  8819 E AndroidRuntime: 	at android.app.UiAutomation.disconnect(UiAutomation.java:449)
10-08 14:35:58.835  8798  8819 E AndroidRuntime: 	... 5 more
10-09 09:52:15.631  6455  6472 E AndroidRuntime: FATAL EXCEPTION: Instr: androidx.test.runner.AndroidJUnitRunner
10-09 09:52:15.631  6455  6472 E AndroidRuntime: Process: io.appium.uiautomator2.server, PID: 6455
10-09 09:52:15.631  6455  6472 E AndroidRuntime: java.lang.RuntimeException: Error while disconnecting UiAutomation@ed66072[id=-1, displayId=0, flags=0]
10-09 09:52:15.631  6455  6472 E AndroidRuntime: 	at android.app.UiAutomation.disconnect(UiAutomation.java:451)
10-09 09:52:15.631  6455  6472 E AndroidRuntime: 	at android.app.Instrumentation.finish(Instrumentation.java:275)
10-09 09:52:15.631  6455  6472 E AndroidRuntime: 	at androidx.test.runner.MonitoringInstrumentation.finish(MonitoringInstrumentation.java:381)
10-09 09:52:15.631  6455  6472 E AndroidRuntime: 	at androidx.test.runner.AndroidJUnitRunner.finish(AndroidJUnitRunner.java:463)
10-09 09:52:15.631  6455  6472 E AndroidRuntime: 	at androidx.test.runner.AndroidJUnitRunner.onStart(AndroidJUnitRunner.java:452)
10-09 09:52:15.631  6455  6472 E AndroidRuntime: 	at android.app.Instrumentation$InstrumentationThread.run(Instrumentation.java:2440)
10-09 09:52:15.631  6455  6472 E AndroidRuntime: Caused by: android.os.DeadObjectException
10-09 09:52:15.631  6455  6472 E AndroidRuntime: 	at android.os.BinderProxy.transactNative(Native Method)
10-09 09:52:15.631  6455  6472 E AndroidRuntime: 	at android.os.BinderProxy.transact(BinderProxy.java:639)
10-09 09:52:15.631  6455  6472 E AndroidRuntime: 	at android.app.IUiAutomationConnection$Stub$Proxy.disconnect(IUiAutomationConnection.java:471)
10-09 09:52:15.631  6455  6472 E AndroidRuntime: 	at android.app.UiAutomation.disconnect(UiAutomation.java:449)
10-09 09:52:15.631  6455  6472 E AndroidRuntime: 	... 5 more
10-10 11:31:59.685 16596 16613 E AndroidRuntime: FATAL EXCEPTION: Instr: androidx.test.runner.AndroidJUnitRunner
10-10 11:31:59.685 16596 16613 E AndroidRuntime: Process: io.appium.uiautomator2.server, PID: 16596
10-10 11:31:59.685 16596 16613 E AndroidRuntime: java.lang.RuntimeException: Error while disconnecting UiAutomation@cbc2880[id=-1, displayId=0, flags=0]
10-10 11:31:59.685 16596 16613 E AndroidRuntime: 	at android.app.UiAutomation.disconnect(UiAutomation.java:451)
10-10 11:31:59.685 16596 16613 E AndroidRuntime: 	at android.app.Instrumentation.finish(Instrumentation.java:275)
10-10 11:31:59.685 16596 16613 E AndroidRuntime: 	at androidx.test.runner.MonitoringInstrumentation.finish(MonitoringInstrumentation.java:381)
10-10 11:31:59.685 16596 16613 E AndroidRuntime: 	at androidx.test.runner.AndroidJUnitRunner.finish(AndroidJUnitRunner.java:463)
10-10 11:31:59.685 16596 16613 E AndroidRuntime: 	at androidx.test.runner.AndroidJUnitRunner.onStart(AndroidJUnitRunner.java:452)
10-10 11:31:59.685 16596 16613 E AndroidRuntime: 	at android.app.Instrumentation$InstrumentationThread.run(Instrumentation.java:2440)
10-10 11:31:59.685 16596 16613 E AndroidRuntime: Caused by: android.os.DeadObjectException
10-10 11:31:59.685 16596 16613 E AndroidRuntime: 	at android.os.BinderProxy.transactNative(Native Method)
10-10 11:31:59.685 16596 16613 E AndroidRuntime: 	at android.os.BinderProxy.transact(BinderProxy.java:639)
10-10 11:31:59.685 16596 16613 E AndroidRuntime: 	at android.app.IUiAutomationConnection$Stub$Proxy.disconnect(IUiAutomationConnection.java:471)
10-10 11:31:59.685 16596 16613 E AndroidRuntime: 	at android.app.UiAutomation.disconnect(UiAutomation.java:449)
10-10 11:31:59.685 16596 16613 E AndroidRuntime: 	... 5 more
--------- beginning of system
10-10 12:39:39.028  1902 22715 D WindowManager: setParent old=ActivityRecord{125c44 u0 eu.europa.ec.euidi/eu.europa.ec.assemblylogic.ui.MainActivity t501 f}},new=null,this window=Window{71e4bc3 u0 eu.europa.ec.euidi/eu.europa.ec.assemblylogic.ui.MainActivity},callers=com.android.server.wm.WindowContainer.removeChild:840 com.android.server.wm.ActivityRecord.removeChild:5227 com.android.server.wm.ActivityRecord.removeChild:470 com.android.server.wm.WindowContainer.removeImmediately:898 com.android.server.wm.WindowState.removeImmediately:2538 com.android.server.wm.WindowState.removeIfPossible:2719 
10-10 12:39:39.028  1902  2322 W UsageStatsService: Unexpected activity event reported! (eu.europa.ec.euidi/eu.europa.ec.assemblylogic.ui.MainActivity event : 23 instanceId : 32298594)
10-10 12:39:39.029  1902 22715 D WindowManager: setParent old=Task{86312d #501 type=standard A=10390:eu.europa.ec.euidi},new=null,this window=ActivityRecord{125c44 u0 eu.europa.ec.euidi/eu.europa.ec.assemblylogic.ui.MainActivity t501 f}},callers=com.android.server.wm.WindowContainer.removeChild:840 com.android.server.wm.TaskFragment.removeChild:3119 com.android.server.wm.Task.removeChild:1822 com.android.server.wm.Task.removeChild:1802 com.android.server.wm.WindowContainer.removeImmediately:898 com.android.server.wm.WindowToken.removeImmediately:376 
10-10 12:39:39.031  1902 22715 D WindowManager: setParent old=DefaultTaskDisplayArea@126197207,new=null,this window=Task{86312d #501 type=standard A=10390:eu.europa.ec.euidi},callers=com.android.server.wm.WindowContainer.removeChild:840 com.android.server.wm.TaskDisplayArea.removeChildTask:359 com.android.server.wm.TaskDisplayArea.removeChild:350 com.android.server.wm.WindowContainer.removeImmediately:898 com.android.server.wm.TaskFragment.removeImmediately:3203 com.android.server.wm.Task.removeImmediately:3222 
10-10 12:39:39.035  1902  1939 W ActivityTaskManager: Can't find TaskDisplayArea to determine support for multi window. Task id=501 attached=false
10-10 12:39:39.037  1902 22715 I AppsFilter: interaction: PackageSetting{1141c0b com.android.microdroid.empty_payload/10336} -> PackageSetting{aa17a70 eu.europa.ec.euidi/10390} BLOCKED
10-10 12:39:39.037  1902 22715 I AppsFilter: interaction: PackageSetting{2f03501 io.appium.uiautomator2.server.test/10379} -> PackageSetting{aa17a70 eu.europa.ec.euidi/10390} BLOCKED
10-10 12:39:39.037  1902 22715 I AppsFilter: interaction: PackageSetting{330fa6 com.fido.asm/10112} -> PackageSetting{aa17a70 eu.europa.ec.euidi/10390} BLOCKED
10-10 12:39:39.037  1902 22715 I AppsFilter: interaction: PackageSetting{4e66de7 io.appium.uiautomator2.server/10378} -> PackageSetting{aa17a70 eu.europa.ec.euidi/10390} BLOCKED
10-10 12:39:39.037  1902 22715 I AppsFilter: interaction: PackageSetting{3435d94 io.appium.settings/10326} -> PackageSetting{aa17a70 eu.europa.ec.euidi/10390} BLOCKED
10-10 12:39:39.039  2983  3075 D MiuiFullScreenTaskRepository: removeFullScreenTask taskId=501, topActivity=null
10-10 12:39:39.039  2983  3075 D MiuiWindowDecorViewModel: destroyWindowDecoration: taskId=501, windowingMode=1, mWindowDecorByTaskId.size()=0, callers=com.android.wm.shell.fullscreen.FullscreenTaskListener.onTaskVanished:143 com.android.wm.shell.ShellTaskOrganizer.onTaskVanished:138 android.window.TaskOrganizer$1.lambda$onTaskVanished$6:398 android.window.TaskOrganizer$1.$r8$lambda$z23H3L3GZav04D10kA3vkevrglg:0 android.window.TaskOrganizer$1$$ExternalSyntheticLambda14.run:4 
10-10 12:39:39.049  1902 22715 D SchedBoost: com.android.chrome:sandboxed_process0:org.chromium.content.app.SandboxedProcessService0:1 boosting, skip reset priority
10-10 12:39:39.061  1902 15926 D PerfShielderService: com.android.chrome|com.android.chrome/org.chromium.chrome.browser.ChromeTabbedActivity|101|116216125105619|101|0|1
10-10 12:39:39.063 22071 22103 W MiuiPerfServiceClient: interceptAndQueuing:16597|com.android.chrome|101|101|116216125105619|Slow main thread|1
10-10 12:39:39.115  1902  1938 W ActivityManager: setHasOverlayUi called on unknown pid: 16753
10-10 12:39:39.116  1902  1918 W WindowManager: Cannot find window which accessibility connection is added to
10-10 12:39:39.131  1902  1918 I ActivityManager: clearApplicationUserData eu.europa.ec.euidi appid=10390 user=0 from u2000/17937
10-10 12:39:39.131  1902  1918 I ActivityManager: Force stopping eu.europa.ec.euidi appid=10390 user=0: clear data
10-10 12:39:39.134  1902  1918 I PackageManager: clearApplicationUserData packageName: eu.europa.ec.euidi user: 0 from u1000/1902
10-10 12:39:39.135  1902  1954 I ActivityManager: Force stopping eu.europa.ec.euidi appid=10390 user=-1: clearApplicationUserData
10-10 12:39:39.146  1902  1990 D PermissionManager: writeLegacyPermissionState for user  in 7 ms.
10-10 12:39:39.176   691 17941 E keystore2: system/security/keystore2/src/gc.rs:139 - Error trying to delete blob entry. system/security/keystore2/src/gc.rs:129: Trying to invalidate key.
10-10 12:39:39.176   691 17941 E keystore2: 
10-10 12:39:39.176   691 17941 E keystore2: Caused by:
10-10 12:39:39.176   691 17941 E keystore2:     0: system/security/keystore2/src/globals.rs:167: Trying to invalidate key blob.
10-10 12:39:39.176   691 17941 E keystore2:     1: Error::Km(r#UNIMPLEMENTED)
10-10 12:39:39.176   691 17941 E keystore2: system/security/keystore2/src/gc.rs:139 - Error trying to delete blob entry. system/security/keystore2/src/gc.rs:129: Trying to invalidate key.
10-10 12:39:39.176   691 17941 E keystore2: 
10-10 12:39:39.176   691 17941 E keystore2: Caused by:
10-10 12:39:39.176   691 17941 E keystore2:     0: system/security/keystore2/src/globals.rs:167: Trying to invalidate key blob.
10-10 12:39:39.176   691 17941 E keystore2:     1: Error::Km(r#UNIMPLEMENTED)
10-10 12:39:39.176   691 17941 E keystore2: system/security/keystore2/src/gc.rs:139 - Error trying to delete blob entry. system/security/keystore2/src/gc.rs:129: Trying to invalidate key.
10-10 12:39:39.176   691 17941 E keystore2: 
10-10 12:39:39.176   691 17941 E keystore2: Caused by:
10-10 12:39:39.176   691 17941 E keystore2:     0: system/security/keystore2/src/globals.rs:167: Trying to invalidate key blob.
10-10 12:39:39.176   691 17941 E keystore2:     1: Error::Km(r#UNIMPLEMENTED)
10-10 12:39:39.176   691 17941 E keystore2: system/security/keystore2/src/gc.rs:139 - Error trying to delete blob entry. system/security/keystore2/src/gc.rs:129: Trying to invalidate key.
10-10 12:39:39.176   691 17941 E keystore2: 
10-10 12:39:39.176   691 17941 E keystore2: Caused by:
10-10 12:39:39.176   691 17941 E keystore2:     0: system/security/keystore2/src/globals.rs:167: Trying to invalidate key blob.
10-10 12:39:39.176   691 17941 E keystore2:     1: Error::Km(r#UNIMPLEMENTED)
10-10 12:39:39.177  1902  1990 W PackageFreezer: Freeze package eu.europa.ec.euidi about 0.044 seconds for reason: clearApplicationUserData
10-10 12:39:39.177  1902  1990 I AppsFilter: interaction: PackageSetting{1141c0b com.android.microdroid.empty_payload/10336} -> PackageSetting{aa17a70 eu.europa.ec.euidi/10390} BLOCKED
10-10 12:39:39.177  1902  1990 I AppsFilter: interaction: PackageSetting{2f03501 io.appium.uiautomator2.server.test/10379} -> PackageSetting{aa17a70 eu.europa.ec.euidi/10390} BLOCKED
10-10 12:39:39.177  1902  1990 I AppsFilter: interaction: PackageSetting{330fa6 com.fido.asm/10112} -> PackageSetting{aa17a70 eu.europa.ec.euidi/10390} BLOCKED
10-10 12:39:39.177  1902  1990 I AppsFilter: interaction: PackageSetting{4e66de7 io.appium.uiautomator2.server/10378} -> PackageSetting{aa17a70 eu.europa.ec.euidi/10390} BLOCKED
10-10 12:39:39.177  1902  1990 I AppsFilter: interaction: PackageSetting{3435d94 io.appium.settings/10326} -> PackageSetting{aa17a70 eu.europa.ec.euidi/10390} BLOCKED
10-10 12:39:39.180   691 17941 E keystore2: system/security/keystore2/src/gc.rs:139 - Error trying to delete blob entry. system/security/keystore2/src/gc.rs:129: Trying to invalidate key.
10-10 12:39:39.180   691 17941 E keystore2: 
10-10 12:39:39.180   691 17941 E keystore2: Caused by:
10-10 12:39:39.180   691 17941 E keystore2:     0: system/security/keystore2/src/globals.rs:167: Trying to invalidate key blob.
10-10 12:39:39.180   691 17941 E keystore2:     1: Error::Km(r#UNIMPLEMENTED)
10-10 12:39:39.181  1902  1990 I AppsFilter: interaction: PackageSetting{1141c0b com.android.microdroid.empty_payload/10336} -> PackageSetting{aa17a70 eu.europa.ec.euidi/10390} BLOCKED
10-10 12:39:39.181  1902  1990 I AppsFilter: interaction: PackageSetting{2f03501 io.appium.uiautomator2.server.test/10379} -> PackageSetting{aa17a70 eu.europa.ec.euidi/10390} BLOCKED
10-10 12:39:39.181  1902  1990 I AppsFilter: interaction: PackageSetting{330fa6 com.fido.asm/10112} -> PackageSetting{aa17a70 eu.europa.ec.euidi/10390} BLOCKED
10-10 12:39:39.181  1902  1990 I AppsFilter: interaction: PackageSetting{4e66de7 io.appium.uiautomator2.server/10378} -> PackageSetting{aa17a70 eu.europa.ec.euidi/10390} BLOCKED
10-10 12:39:39.181  1902  1990 I AppsFilter: interaction: PackageSetting{3435d94 io.appium.settings/10326} -> PackageSetting{aa17a70 eu.europa.ec.euidi/10390} BLOCKED
10-10 12:39:39.186   691 17941 E keystore2: system/security/keystore2/src/gc.rs:139 - Error trying to delete blob entry. system/security/keystore2/src/gc.rs:129: Trying to invalidate key.
10-10 12:39:39.186   691 17941 E keystore2: 
10-10 12:39:39.186   691 17941 E keystore2: Caused by:
10-10 12:39:39.186   691 17941 E keystore2:     0: system/security/keystore2/src/globals.rs:167: Trying to invalidate key blob.
10-10 12:39:39.186   691 17941 E keystore2:     1: Error::Km(r#UNIMPLEMENTED)
10-10 12:39:39.186   691 17941 E keystore2: system/security/keystore2/src/gc.rs:139 - Error trying to delete blob entry. system/security/keystore2/src/gc.rs:129: Trying to invalidate key.
10-10 12:39:39.186   691 17941 E keystore2: 
10-10 12:39:39.186   691 17941 E keystore2: Caused by:
10-10 12:39:39.186   691 17941 E keystore2:     0: system/security/keystore2/src/globals.rs:167: Trying to invalidate key blob.
10-10 12:39:39.186   691 17941 E keystore2:     1: Error::Km(r#UNIMPLEMENTED)
10-10 12:39:39.186   691 17941 E keystore2: system/security/keystore2/src/gc.rs:139 - Error trying to delete blob entry. system/security/keystore2/src/gc.rs:129: Trying to invalidate key.
10-10 12:39:39.186   691 17941 E keystore2: 
10-10 12:39:39.186   691 17941 E keystore2: Caused by:
10-10 12:39:39.186   691 17941 E keystore2:     0: system/security/keystore2/src/globals.rs:167: Trying to invalidate key blob.
10-10 12:39:39.186   691 17941 E keystore2:     1: Error::Km(r#UNIMPLEMENTED)
10-10 12:39:39.187   691 17941 E keystore2: system/security/keystore2/src/gc.rs:139 - Error trying to delete blob entry. system/security/keystore2/src/gc.rs:129: Trying to invalidate key.
10-10 12:39:39.187   691 17941 E keystore2: 
10-10 12:39:39.187   691 17941 E keystore2: Caused by:
10-10 12:39:39.187   691 17941 E keystore2:     0: system/security/keystore2/src/globals.rs:167: Trying to invalidate key blob.
10-10 12:39:39.187   691 17941 E keystore2:     1: Error::Km(r#UNIMPLEMENTED)
10-10 12:39:39.187   691 17941 E keystore2: system/security/keystore2/src/gc.rs:139 - Error trying to delete blob entry. system/security/keystore2/src/gc.rs:129: Trying to invalidate key.
10-10 12:39:39.187   691 17941 E keystore2: 
10-10 12:39:39.187   691 17941 E keystore2: Caused by:
10-10 12:39:39.187   691 17941 E keystore2:     0: system/security/keystore2/src/globals.rs:167: Trying to invalidate key blob.
10-10 12:39:39.187   691 17941 E keystore2:     1: Error::Km(r#UNIMPLEMENTED)
10-10 12:39:39.187   691 17941 E keystore2: system/security/keystore2/src/gc.rs:139 - Error trying to delete blob entry. system/security/keystore2/src/gc.rs:129: Trying to invalidate key.
10-10 12:39:39.187   691 17941 E keystore2: 
10-10 12:39:39.187   691 17941 E keystore2: Caused by:
10-10 12:39:39.187   691 17941 E keystore2:     0: system/security/keystore2/src/globals.rs:167: Trying to invalidate key blob.
10-10 12:39:39.187   691 17941 E keystore2:     1: Error::Km(r#UNIMPLEMENTED)
10-10 12:39:39.213 22918 24196 W ContextImpl: Calling a method in the system process without a qualified user: android.app.ContextImpl.sendBroadcast:1246 android.content.ContextWrapper.sendBroadcast:520 mb.q.D:34 s2.j.x:27 s2.j.m:0 
10-10 12:39:39.215  1902  1954 I SmartPower: com.google.android.documentsui/10068(1756): idle->background(257180ms) R(broadcast start Intent { act=android.intent.action.PACKAGE_DATA_CLEARED dat=package: flg=0x5000010 (has extras) }) adj=915.
10-10 12:39:39.219  1902  1954 I SmartPower: com.android.vending:background/10184(14799): idle->background(257167ms) R(broadcast start Intent { act=android.intent.action.PACKAGE_DATA_CLEARED dat=package: flg=0x5000010 (has extras) }) adj=915.
10-10 12:39:39.222  1902  1954 W ProcessStats: Tracking association SourceState{b4138ed com.android.chrome/10190 BTop #351370} whose proc state 2 is better than process ProcessState{6c26b07 com.google.android.adservices.api/10307 pkg=com.google.android.adservices.api} proc state 14 (85 skipped)
10-10 12:39:39.227  1902  1954 I SmartPower: com.google.android.permissioncontroller/10221(653): idle->background(257169ms) R(broadcast start Intent { act=android.intent.action.PACKAGE_DATA_CLEARED dat=package: flg=0x5000010 (has extras) }) adj=915.
10-10 12:39:39.245  1902  1954 I SmartPower: com.miui.home/10085(3001): idle->background(213770ms) R(broadcast start Intent { act=android.intent.action.PACKAGE_DATA_CLEARED dat=package: flg=0x5000010 (has extras) }) adj=100.
10-10 12:39:39.261  1902  1954 I SmartPower: com.microsoft.windowsintune.companyportal:omadm_client_process/10365(32113): idle->background(257162ms) R(broadcast start Intent { act=android.intent.action.PACKAGE_DATA_CLEARED dat=package: flg=0x5000010 (has extras) }) adj=905.
10-10 12:39:39.302  1902 22715 D PackageParserImpl: dump dex file,file message: base.art: 1753Kb base.odex: 11235Kb base.vdex: 577Kb 
10-10 12:39:39.377  1902  2612 I ProcessManager: getRenderThreadTidByPid, caller=1902
10-10 12:39:39.423  1902  2612 I ProcessManager: getRenderThreadTidByPid, caller=1902
10-10 12:39:39.534  1902 22715 I PowerManagerServiceImpl: Release wakelock: SCREEN_DIM_WAKE_LOCK           'UiAutomator2:ScreenKeeper' DISABLED ACQ=-2m11s484ms (uid=10378 pid=17537 pkg=io.appium.uiautomator2.server)
10-10 12:39:39.539  1902  1954 I SmartPower: com.google.android.videos/10312(31305): idle->background(129783ms) R(broadcast start Intent { act=android.intent.action.PACKAGE_RESTARTED dat=package: flg=0x10 (has extras) }) adj=905.
10-10 12:39:39.685  1902  1954 I SmartPower: com.mi.globalminusscreen/10076(31794): idle->background(214201ms) R(broadcast start Intent { act=android.intent.action.PACKAGE_DATA_CLEARED dat=package: flg=0x5000010 (has extras) }) adj=100.
10-10 12:39:39.731  1902  2612 I ProcessManager: getRenderThreadTidByPid, caller=1902
10-10 12:39:39.786  1902  2612 I ProcessManager: getRenderThreadTidByPid, caller=1902
10-10 12:39:39.854  1902 23260 D VibratorManagerService: Starting vibrate for vibration 1201
10-10 12:39:39.857  1902 23260 D VibratorManagerServiceImpl: attrs = VibrationAttributes: Usage=TOUCH Audio Usage= USAGE_UNKNOWN Flags=0, attrs.usage = 18
10-10 12:39:39.858  1902 23260 E VibratorManagerServiceImpl: skipandroid.os.RemoteException: Method setUsageExt is unimplemented.
10-10 12:39:39.863  1902 23260 D VibratorManagerService: Starting vibrate for vibration 1202
10-10 12:39:39.865  1902 23260 D VibratorManagerServiceImpl: attrs = VibrationAttributes: Usage=TOUCH Audio Usage= USAGE_UNKNOWN Flags=0, attrs.usage = 18
10-10 12:39:39.866  1902  2334 D VibratorManagerService: Vibration 1201 finished with EndInfo{status=CANCELLED_SUPERSEDED, endedBy=CallerInfo{ attrs=VibrationAttributes: Usage=TOUCH Audio Usage= USAGE_UNKNOWN Flags=0, uid=1000, displayId=0, opPkg=android, reason=TAG=haptic_feedback_config_strength;effectId=0;intensity=0.625}}
10-10 12:39:39.866  1902 23260 E VibratorManagerServiceImpl: skipandroid.os.RemoteException: Method setUsageExt is unimplemented.
10-10 12:39:39.867  1902  2334 D VibratorManagerService: Reporting vibration 1201 finished with EndInfo{status=CANCELLED_SUPERSEDED, endedBy=CallerInfo{ attrs=VibrationAttributes: Usage=TOUCH Audio Usage= USAGE_UNKNOWN Flags=0, uid=1000, displayId=0, opPkg=android, reason=TAG=haptic_feedback_config_strength;effectId=0;intensity=0.625}}
10-10 12:39:39.867  1902  2334 D VibratorManagerService: Vibration for uid=1000 and with attrs=VibrationAttributes: Usage=TOUCH Audio Usage= USAGE_UNKNOWN Flags=0 ended with status CANCELLED_SUPERSEDED
10-10 12:39:39.867  1902  2334 D VibratorManagerService: VibrationThread released after finished vibration
10-10 12:39:39.867  1902  2334 D VibratorManagerService: Processing VibrationThread released callback
10-10 12:39:39.954  1902  2334 D VibratorManagerService: Vibration 1202 finished with EndInfo{status=FINISHED, endedBy=null}
10-10 12:39:39.954  1902  2334 D VibratorManagerService: Reporting vibration 1202 finished with EndInfo{status=FINISHED, endedBy=null}
10-10 12:39:39.954  1902  2334 D VibratorManagerService: Vibration for uid=1000 and with attrs=VibrationAttributes: Usage=TOUCH Audio Usage= USAGE_UNKNOWN Flags=0 ended with status FINISHED
10-10 12:39:39.957  1902 15926 D VibratorManagerService: Vibration 1202 on vibrator 0 complete, notifying thread
10-10 12:39:39.958  1902  2334 D VibratorManagerService: VibrationThread released after finished vibration
10-10 12:39:39.958  1902  2334 D VibratorManagerService: Processing VibrationThread released callback
10-10 12:39:40.185  1902  2612 I ProcessManager: getRenderThreadTidByPid, caller=1902
10-10 12:39:40.187  1902 15926 D WindowManager: setParent old=Leaf:29:31@255176654,new=null,this window=WindowToken{913dbef type=2032 android.os.Binder@de8d0ce},callers=com.android.server.wm.WindowContainer.removeChild:840 com.android.server.wm.WindowContainer.removeImmediately:898 com.android.server.wm.WindowToken.setExiting:272 com.android.server.wm.DisplayContent.removeWindowToken:1666 com.android.server.wm.WindowManagerService.removeWindowToken:3428 com.android.server.wm.WindowManagerService$LocalService.removeWindowToken:8816 
10-10 12:39:40.188  1902 15926 W WindowMagnificationMgr: requestConnection duplicated request: connect=false, mConnectionState=DISCONNECTED
10-10 12:39:40.188  1902 15926 D AccessibilityManagerService: restoreCurrentUserForTestAutomationIfNeededLocked(): ignoring because device doesn't support visible background users
10-10 12:39:40.192  1902 15926 I ActivityManager: Force stopping io.appium.uiautomator2.server appid=10378 user=0: finished inst
10-10 12:39:40.193  1902  2611 E ProcessManager: error write exception log
10-10 12:39:40.193  1902 15926 E ActivityManager: Unable to freeze binder for 17537: java.lang.RuntimeException: Unable to freeze/unfreeze binder
10-10 12:39:40.195  1902  1936 D DisplayManagerService: Drop pending events for gone uid 10378
10-10 12:39:40.195  1902 15926 I ActivityManager: Killing 17537:io.appium.uiautomator2.server/u0a378 (adj 0): stop io.appium.uiautomator2.server due to finished inst
10-10 12:39:40.207  1902  1902 D BatterySaverPolicy: accessibility changed to false, updating policy.
10-10 12:39:40.221  1902  2612 I ProcessManager: getRenderThreadTidByPid, caller=1902
10-10 12:39:40.248  1902  1917 I WakePathChecker: MIUILOG-WAKEPATH pushWakePathWhiteList: userId=0 size=6
10-10 12:39:40.319  1556  1556 I wificond: station_bandwidth: 
10-10 12:39:40.663  1902  1917 I ActivityManager: Force stopping io.appium.uiautomator2.server.test appid=10379 user=0: from process:18029
10-10 12:39:40.670  1902  1917 I AppsFilter: interaction: PackageSetting{1141c0b com.android.microdroid.empty_payload/10336} -> PackageSetting{2f03501 io.appium.uiautomator2.server.test/10379} BLOCKED
10-10 12:39:40.670  1902  1917 I AppsFilter: interaction: PackageSetting{330fa6 com.fido.asm/10112} -> PackageSetting{2f03501 io.appium.uiautomator2.server.test/10379} BLOCKED
10-10 12:39:40.670  1902  1917 I AppsFilter: interaction: PackageSetting{3435d94 io.appium.settings/10326} -> PackageSetting{2f03501 io.appium.uiautomator2.server.test/10379} BLOCKED
10-10 12:39:40.895  1902  2612 I ProcessManager: getRenderThreadTidByPid, caller=1902
10-10 12:39:40.958  1902  1938 D SettingsProvider: name:animator_duration_scale has changed to 0.0, because android android.provider.Settings$NameValueCache.putStringForUser:3162 android.provider.Settings$Global.putStringForUser:17046 android.provider.Settings$Global.putString:16887 android.provider.Settings$Global.putFloat:17236 com.android.server.wm.WindowManagerService$H.handleMessage:6151 android.os.Handler.dispatchMessage:106 android.os.Looper.loopOnce:222 android.os.Looper.loop:314 android.os.HandlerThread.run:67 com.android.server.ServiceThread.run:46 
10-10 12:39:40.958  1902  1938 D SettingsProvider: name:animator_duration_scale has changed to 0.0, because android android.provider.Settings$NameValueCache.putStringForUser:3162 android.provider.Settings$Global.putStringForUser:17046 android.provider.Settings$Global.putString:16887 android.provider.Settings$Global.putFloat:17236 com.android.server.wm.WindowManagerService$H.handleMessage:6151 android.os.Handler.dispatchMessage:106 android.os.Looper.loopOnce:222 android.os.Looper.loop:314 android.os.HandlerThread.run:67 com.android.server.ServiceThread.run:46 
10-10 12:39:40.959  1902  1938 D SettingsProvider: name:animator_duration_scale has changed to 0.0, because android android.provider.Settings$NameValueCache.putStringForUser:3162 android.provider.Settings$Global.putStringForUser:17046 android.provider.Settings$Global.putString:16887 android.provider.Settings$Global.putFloat:17236 com.android.server.wm.WindowManagerService$H.handleMessage:6151 android.os.Handler.dispatchMessage:106 android.os.Looper.loopOnce:222 android.os.Looper.loop:314 android.os.HandlerThread.run:67 com.android.server.ServiceThread.run:46 
10-10 12:39:40.960  1902  2304 I ActivityManager: Force stopping io.appium.uiautomator2.server appid=10378 user=0: start instr
10-10 12:39:40.967  1902  2304 D CompatibilityChangeReporter: Compat change id reported: 135634846; UID 10378; state: DISABLED
10-10 12:39:40.967  1902  2304 D CompatibilityChangeReporter: Compat change id reported: 177438394; UID 10378; state: DISABLED
10-10 12:39:40.967  1902  2304 D CompatibilityChangeReporter: Compat change id reported: 135772972; UID 10378; state: DISABLED
10-10 12:39:40.967  1902  2304 D CompatibilityChangeReporter: Compat change id reported: 135754954; UID 10378; state: ENABLED
10-10 12:39:40.968  1902  1955 D CompatibilityChangeReporter: Compat change id reported: 143937733; UID 10378; state: ENABLED
10-10 12:39:40.972  1902  2323 D CompatibilityChangeReporter: Compat change id reported: 265195908; UID 10378; state: ENABLED
10-10 12:39:40.975  1902  1955 I ActivityManager: Start proc 18049:io.appium.uiautomator2.server/u0a378 for added application io.appium.uiautomator2.server caller=android
10-10 12:39:40.976  1902  2612 I ProcessManager: getRenderThreadTidByPid, caller=1902
10-10 12:39:41.048  1902  2304 I SmartPower: io.appium.uiautomator2.server/10378(18049): died->background(854ms) R(process start ) adj=-10000.
10-10 12:39:41.050  1902  2304 D CompatibilityChangeReporter: Compat change id reported: 168419799; UID 10378; state: DISABLED
10-10 12:39:41.050  1902  2304 D CompatibilityChangeReporter: Compat change id reported: 273564678; UID 10378; state: DISABLED
10-10 12:39:41.058  1902  2600 D isUidValid: uid = 10378
10-10 12:39:41.060  1902 15926 D VibratorManagerService: Starting vibrate for vibration 1203
10-10 12:39:41.062  1902 15926 D VibratorManagerServiceImpl: attrs = VibrationAttributes: Usage=TOUCH Audio Usage= USAGE_UNKNOWN Flags=0, attrs.usage = 18
10-10 12:39:41.062  1902 15926 E VibratorManagerServiceImpl: skipandroid.os.RemoteException: Method setUsageExt is unimplemented.
10-10 12:39:41.064  1902  2304 D CoreBackPreview: Window{5b3462d u0 com.android.chrome/org.chromium.chrome.browser.ChromeTabbedActivity}: Setting back callback OnBackInvokedCallbackInfo{mCallback=android.window.IOnBackInvokedCallback$Stub$Proxy@335ed90, mPriority=-1, mIsAnimationCallback=false}
10-10 12:39:41.079  1902  2304 D CompatibilityChangeReporter: Compat change id reported: 170503758; UID 10378; state: DISABLED
10-10 12:39:41.100  1902  2304 I AppsFilter: interaction: PackageSetting{4e66de7 io.appium.uiautomator2.server/10378} -> PackageSetting{582c9b com.google.android.apps.subscriptions.red/10194} BLOCKED
10-10 12:39:41.100  1902  2304 I AppsFilter: interaction: PackageSetting{4e66de7 io.appium.uiautomator2.server/10378} -> PackageSetting{e046838 com.android.cts.priv.ctsshim/10218} BLOCKED
10-10 12:39:41.100  1902  2304 I AppsFilter: interaction: PackageSetting{4e66de7 io.appium.uiautomator2.server/10378} -> PackageSetting{2f1a011 com.google.android.youtube/10206} BLOCKED
10-10 12:39:41.100  1902  2304 I AppsFilter: interaction: PackageSetting{4e66de7 io.appium.uiautomator2.server/10378} -> PackageSetting{dcc8576 com.android.uwb.resources/10311} BLOCKED
10-10 12:39:41.100  1902  2304 I AppsFilter: interaction: PackageSetting{4e66de7 io.appium.uiautomator2.server/10378} -> PackageSetting{ebe496c com.android.internal.display.cutout.emulation.corner/10003} BLOCKED
10-10 12:39:41.100  1902  2304 I AppsFilter: interaction: PackageSetting{4e66de7 io.appium.uiautomator2.server/10378} -> PackageSetting{6ec5b35 com.android.internal.display.cutout.emulation.double/10007} BLOCKED
10-10 12:39:41.100  1902  2304 I AppsFilter: interaction: PackageSetting{4e66de7 io.appium.uiautomator2.server/10378} -> PackageSetting{3435d94 io.appium.settings/10326} BLOCKED
10-10 12:39:41.100  1902  2304 I AppsFilter: interaction: PackageSetting{4e66de7 io.appium.uiautomator2.server/10378} -> PackageSetting{2f777 com.google.android.googlequicksearchbox/10188} BLOCKED
10-10 12:39:41.100  1902  2304 I AppsFilter: interaction: PackageSetting{4e66de7 io.appium.uiautomator2.server/10378} -> PackageSetting{5b3cfe4 cn.wps.xiaomi.abroad.lite/10233} BLOCKED
10-10 12:39:41.100  1902  2304 I AppsFilter: interaction: PackageSetting{4e66de7 io.appium.uiautomator2.server/10378} -> PackageSetting{53f2c4d com.google.android.apps.googleassistant/10169} BLOCKED
10-10 12:39:41.100  1902  2304 I AppsFilter: interaction: PackageSetting{4e66de7 io.appium.uiautomator2.server/10378} -> PackageSetting{bf38302 com.google.android.onetimeinitializer/10170} BLOCKED
10-10 12:39:41.100  1902  2304 I AppsFilter: interaction: PackageSetting{4e66de7 io.appium.uiautomator2.server/10378} -> PackageSetting{e259413 com.google.android.ext.shared/10109} BLOCKED
10-10 12:39:41.100  1902  2304 I AppsFilter: interaction: PackageSetting{4e66de7 io.appium.uiautomator2.server/10378} -> PackageSetting{18ed617 com.android.internal.systemui.navbar.gestural_wide_back/10044} BLOCKED
10-10 12:39:41.100  1902  2304 I AppsFilter: interaction: PackageSetting{4e66de7 io.appium.uiautomator2.server/10378} -> PackageSetting{2d00650 com.android.virtualmachine.res/10335} BLOCKED
10-10 12:39:41.100  1902  2304 I AppsFilter: interaction: PackageSetting{4e66de7 io.appium.uiautomator2.server/10378} -> PackageSetting{65f4049 com.google.android.server.deviceconfig.resources/10026} BLOCKED
10-10 12:39:41.100  1902  2304 I AppsFilter: interaction: PackageSetting{4e66de7 io.appium.uiautomator2.server/10378} -> PackageSetting{d9acd4e com.google.android.apps.podcasts/10226} BLOCKED
10-10 12:39:41.100  1902  2304 I AppsFilter: interaction: PackageSetting{4e66de7 io.appium.uiautomator2.server/10378} -> PackageSetting{dcb5e6f com.android.htmlviewer/10113} BLOCKED
10-10 12:39:41.100  1902  2304 I AppsFilter: interaction: PackageSetting{4e66de7 io.appium.uiautomator2.server/10378} -> PackageSetting{f37377c com.google.android.health.connect.backuprestore/10339} BLOCKED
10-10 12:39:41.100  1902  2304 I AppsFilter: interaction: PackageSetting{4e66de7 io.appium.uiautomator2.server/10378} -> PackageSetting{3529805 com.google.android.apps.messaging/10181} BLOCKED
10-10 12:39:41.100  1902  2304 I AppsFilter: interaction: PackageSetting{4e66de7 io.appium.uiautomator2.server/10378} -> PackageSetting{d5a705a com.sfr.android.sfrjeux/10187} BLOCKED
10-10 12:39:41.100  1902  2304 I AppsFilter: interaction: PackageSetting{4e66de7 io.appium.uiautomator2.server/10378} -> PackageSetting{d59728b com.ironsource.appcloud.oobe.hutchison/10166} BLOCKED
10-10 12:39:41.100  1902  2304 I AppsFilter: interaction: PackageSetting{4e66de7 io.appium.uiautomator2.server/10378} -> PackageSetting{27e4f68 com.google.android.configupdater/10167} BLOCKED
10-10 12:39:41.100  1902  2304 I AppsFilter: interaction: PackageSetting{4e66de7 io.appium.uiautomator2.server/10378} -> PackageSetting{e1b7a com.google.android.overlay.modules.permissioncontroller/10020} BLOCKED
10-10 12:39:41.100  1902  2304 I AppsFilter: interaction: PackageSetting{4e66de7 io.appium.uiautomator2.server/10378} -> PackageSetting{e69af81 com.android.soundrecorder/10243} BLOCKED
10-10 12:39:41.100  1902  2304 I AppsFilter: interaction: PackageSetting{4e66de7 io.appium.uiautomator2.server/10378} -> PackageSetting{53f3826 com.altice.android.myapps/10185} BLOCKED
10-10 12:39:41.101  1902  2304 I AppsFilter: interaction: PackageSetting{4e66de7 io.appium.uiautomator2.server/10378} -> PackageSetting{26aac67 com.google.android.apps.safetyhub/10303} BLOCKED
10-10 12:39:41.101  1902  2304 I AppsFilter: interaction: PackageSetting{4e66de7 io.appium.uiautomator2.server/10378} -> PackageSetting{69cfa14 eu.europa.publications.quickborder/10370} BLOCKED
10-10 12:39:41.101  1902  2304 I AppsFilter: interaction: PackageSetting{4e66de7 io.appium.uiautomator2.server/10378} -> PackageSetting{ecb1d12 com.google.ar.core/10265} BLOCKED
10-10 12:39:41.101  1902  2304 I AppsFilter: interaction: PackageSetting{4e66de7 io.appium.uiautomator2.server/10378} -> PackageSetting{480c2bd com.android.simappdialog/10144} BLOCKED
10-10 12:39:41.101  1902  2304 I AppsFilter: interaction: PackageSetting{4e66de7 io.appium.uiautomator2.server/10378} -> PackageSetting{156b0b2 com.aura.oobe.vodafone/10165} BLOCKED
10-10 12:39:41.101  1902  2304 I AppsFilter: interaction: PackageSetting{4e66de7 io.appium.uiautomator2.server/10378} -> PackageSetting{1e7a5d com.android.internal.display.cutout.emulation.hole/10005} BLOCKED
10-10 12:39:41.101  1902  2304 I AppsFilter: interaction: PackageSetting{4e66de7 io.appium.uiautomator2.server/10378} -> PackageSetting{7309fd2 com.android.internal.display.cutout.emulation.tall/10010} BLOCKED
10-10 12:39:41.102  1902  2304 I AppsFilter: interaction: PackageSetting{4e66de7 io.appium.uiautomator2.server/10378} -> PackageSetting{ed238a3 com.google.android.overlay.healthconnect/10268} BLOCKED
10-10 12:39:41.102  1902  2304 I AppsFilter: interaction: PackageSetting{4e66de7 io.appium.uiautomator2.server/10378} -> PackageSetting{dd5f7a0 com.android.internal.systemui.navbar.threebutton/10040} BLOCKED
10-10 12:39:41.102  1902  2304 I AppsFilter: interaction: PackageSetting{4e66de7 io.appium.uiautomator2.server/10378} -> PackageSetting{76ba803 com.android.wifi.dialog/10290} BLOCKED
10-10 12:39:41.102  1902  2304 I AppsFilter: interaction: PackageSetting{4e66de7 io.appium.uiautomator2.server/10378} -> PackageSetting{b59a380 com.android.hotwordenrollment.xgoogle/10173} BLOCKED
10-10 12:39:41.102  1902  2304 I AppsFilter: interaction: PackageSetting{4e66de7 io.appium.uiautomator2.server/10378} -> PackageSetting{9fbcdb9 com.android.mms/10301} BLOCKED
10-10 12:39:41.102  1902  2304 I AppsFilter: interaction: PackageSetting{4e66de7 io.appium.uiautomator2.server/10378} -> PackageSetting{efb25fe com.google.android.as/10296} BLOCKED
10-10 12:39:41.102  1902  2304 I AppsFilter: interaction: PackageSetting{4e66de7 io.appium.uiautomator2.server/10378} -> PackageSetting{6f6c15f com.google.android.gm/10197} BLOCKED
10-10 12:39:41.102  1902  2304 I AppsFilter: interaction: PackageSetting{4e66de7 io.appium.uiautomator2.server/10378} -> PackageSetting{47577ac com.android.compos.payload/10341} BLOCKED
10-10 12:39:41.102  1902  2304 I AppsFilter: interaction: PackageSetting{4e66de7 io.appium.uiautomator2.server/10378} -> PackageSetting{b828c75 com.google.android.apps.tachyon/10234} BLOCKED
10-10 12:39:41.102  1902  2304 I AppsFilter: interaction: PackageSetting{4e66de7 io.appium.uiautomator2.server/10378} -> PackageSetting{d871ab8 com.google.android.overlay.gmsconfig.common/10012} BLOCKED
10-10 12:39:41.102  1902  2304 I AppsFilter: interaction: PackageSetting{4e66de7 io.appium.uiautomator2.server/10378} -> PackageSetting{4dfa40a com.android.settings.intelligence/10179} BLOCKED
10-10 12:39:41.102  1902  2304 I AppsFilter: interaction: PackageSetting{4e66de7 io.appium.uiautomator2.server/10378} -> PackageSetting{ec8bbf6 com.android.internal.systemui.navbar.gestural_extra_wide_back/10042} BLOCKED
10-10 12:39:41.102  1902  2304 I AppsFilter: interaction: PackageSetting{4e66de7 io.appium.uiautomator2.server/10378} -> PackageSetting{f0147b com.miui.compass/10237} BLOCKED
10-10 12:39:41.102  1902  2304 I AppsFilter: interaction: PackageSetting{4e66de7 io.appium.uiautomator2.server/10378} -> PackageSetting{e986298 com.google.android.setupwizard/10211} BLOCKED
10-10 12:39:41.102  1902  2304 I AppsFilter: interaction: PackageSetting{4e66de7 io.appium.uiautomator2.server/10378} -> PackageSetting{e7c7af1 com.miui.android.fashiongallery/10231} BLOCKED
10-10 12:39:41.102  1902  2304 I AppsFilter: interaction: PackageSetting{4e66de7 io.appium.uiautomator2.server/10378} -> PackageSetting{fdbf6d6 com.facebook.services/10097} BLOCKED
10-10 12:39:41.102  1902  2304 I AppsFilter: interaction: PackageSetting{4e66de7 io.appium.uiautomator2.server/10378} -> PackageSetting{5617d57 com.android.printspooler/10135} BLOCKED
10-10 12:39:41.102  1902  2304 I AppsFilter: interaction: PackageSetting{4e66de7 io.appium.uiautomator2.server/10378} -> PackageSetting{6fd1044 com.android.hotwordenrollment.okgoogle/10172} BLOCKED
10-10 12:39:41.102  1902  2304 I AppsFilter: interaction: PackageSetting{4e66de7 io.appium.uiautomator2.server/10378} -> PackageSetting{d4cd52d com.google.android.apps.accessibility.auditor/10031} BLOCKED
10-10 12:39:41.102  1902  2304 I AppsFilter: interaction: PackageSetting{4e66de7 io.appium.uiautomator2.server/10378} -> PackageSetting{78aa62 org.ifaa.aidl.manager/10155} BLOCKED
10-10 12:39:41.102  1902  2304 I AppsFilter: interaction: PackageSetting{4e66de7 io.appium.uiautomator2.server/10378} -> PackageSetting{11697f3 com.android.dreams.basic/10098} BLOCKED
10-10 12:39:41.102  1902  2304 I AppsFilter: interaction: PackageSetting{4e66de7 io.appium.uiautomator2.server/10378} -> PackageSetting{1dcecb0 com.google.android.as.oss/10302} BLOCKED
10-10 12:39:41.102  1902  2304 I AppsFilter: interaction: PackageSetting{4e66de7 io.appium.uiautomator2.server/10378} -> PackageSetting{b4e9729 com.duokan.phone.remotecontroller/10241} BLOCKED
10-10 12:39:41.102  1902  2304 I AppsFilter: interaction: PackageSetting{4e66de7 io.appium.uiautomator2.server/10378} -> PackageSetting{53b0aae de.telekom.tsc/10094} BLOCKED
10-10 12:39:41.102  1902  2304 I AppsFilter: interaction: PackageSetting{4e66de7 io.appium.uiautomator2.server/10378} -> PackageSetting{7f8c04f com.android.rkpdapp/10337} BLOCKED
10-10 12:39:41.102  1902  2304 I AppsFilter: interaction: PackageSetting{4e66de7 io.appium.uiautomator2.server/10378} -> PackageSetting{b9c23dc com.google.android.devicelockcontroller/10141} BLOCKED
10-10 12:39:41.102  1902  2304 I AppsFilter: interaction: PackageSetting{4e66de7 io.appium.uiautomator2.server/10378} -> PackageSetting{c907ce5 com.google.android.dialer/10177} BLOCKED
10-10 12:39:41.102  1902  2304 I AppsFilter: interaction: PackageSetting{4e66de7 io.appium.uiautomator2.server/10378} -> PackageSetting{db123ba com.google.android.apps.nbu.files/10259} BLOCKED
10-10 12:39:41.102  1902  2304 I AppsFilter: interaction: PackageSetting{4e66de7 io.appium.uiautomator2.server/10378} -> PackageSetting{92b126b com.dti.telefonica/10186} BLOCKED
10-10 12:39:41.103  1902  2304 I AppsFilter: interaction: PackageSetting{4e66de7 io.appium.uiautomator2.server/10378} -> PackageSetting{b5a1c8 com.google.android.captiveportallogin/10105} BLOCKED
10-10 12:39:41.103  1902  2304 I AppsFilter: interaction: PackageSetting{4e66de7 io.appium.uiautomator2.server/10378} -> PackageSetting{cc6b3d com.google.android.overlay.gmsconfig.comms/10018} BLOCKED
10-10 12:39:41.103  1902  2304 I AppsFilter: interaction: PackageSetting{4e66de7 io.appium.uiautomator2.server/10378} -> PackageSetting{de46f32 com.google.android.overlay.gmsconfig.geotz/10014} BLOCKED
10-10 12:39:41.103  1902  2304 I AppsFilter: interaction: PackageSetting{4e66de7 io.appium.uiautomator2.server/10378} -> PackageSetting{d510261 com.google.android.appsearch.apk/10038} BLOCKED
10-10 12:39:41.103  1902  2304 I AppsFilter: interaction: PackageSetting{4e66de7 io.appium.uiautomator2.server/10378} -> PackageSetting{23dc186 com.google.ambient.streaming/10297} BLOCKED
10-10 12:39:41.103  1902  2304 I AppsFilter: interaction: PackageSetting{4e66de7 io.appium.uiautomator2.server/10378} -> PackageSetting{8e66a47 com.android.musicfx/10328} BLOCKED
10-10 12:39:41.103  1902  2304 I AppsFilter: interaction: PackageSetting{4e66de7 io.appium.uiautomator2.server/10378} -> PackageSetting{8671274 com.google.android.apps.docs/10242} BLOCKED
10-10 12:39:41.103  1902  2304 I AppsFilter: interaction: PackageSetting{4e66de7 io.appium.uiautomator2.server/10378} -> PackageSetting{dcbca55 com.google.android.apps.maps/10204} BLOCKED
10-10 12:39:41.103  1902  2304 I AppsFilter: interaction: PackageSetting{4e66de7 io.appium.uiautomator2.server/10378} -> PackageSetting{d430ce3 com.orange.update/10164} BLOCKED
10-10 12:39:41.103  1902  2304 I AppsFilter: interaction: PackageSetting{4e66de7 io.appium.uiautomator2.server/10378} -> PackageSetting{53a639d com.google.android.webview/10201} BLOCKED
10-10 12:39:41.103  1902  2304 I AppsFilter: interaction: PackageSetting{4e66de7 io.appium.uiautomator2.server/10378} -> PackageSetting{d125df com.google.android.overlay.modules.documentsui/10021} BLOCKED
10-10 12:39:41.103  1902  2304 I AppsFilter: interaction: PackageSetting{4e66de7 io.appium.uiautomator2.server/10378} -> PackageSetting{ca47012 com.google.android.contactkeys/10362} BLOCKED
10-10 12:39:41.103  1902  2304 I AppsFilter: interaction: PackageSetting{4e66de7 io.appium.uiautomator2.server/10378} -> PackageSetting{c1563e3 com.google.android.contacts/10189} BLOCKED
10-10 12:39:41.103  1902  2304 I AppsFilter: interaction: PackageSetting{4e66de7 io.appium.uiautomator2.server/10378} -> PackageSetting{e1ce1e0 com.microsoft.windowsintune.companyportal/10365} BLOCKED
10-10 12:39:41.103  1902  2304 I AppsFilter: interaction: PackageSetting{4e66de7 io.appium.uiautomator2.server/10378} -> PackageSetting{25e9c99 com.android.chrome/10190} BLOCKED
10-10 12:39:41.103  1902  2304 I AppsFilter: interaction: PackageSetting{4e66de7 io.appium.uiautomator2.server/10378} -> PackageSetting{d557b5e com.google.android.ims/10168} BLOCKED
10-10 12:39:41.103  1902  2304 I AppsFilter: interaction: PackageSetting{4e66de7 io.appium.uiautomator2.server/10378} -> PackageSetting{1b05b3f com.android.wifi.resources/10222} BLOCKED
10-10 12:39:41.103  1902  2304 I AppsFilter: interaction: PackageSetting{4e66de7 io.appium.uiautomator2.server/10378} -> PackageSetting{59e3c0c com.emanuelef.remote_capture/10323} BLOCKED
10-10 12:39:41.104  1902  2304 I AppsFilter: interaction: PackageSetting{4e66de7 io.appium.uiautomator2.server/10378} -> PackageSetting{7f36955 com.google.android.apps.walletnfcrel/10261} BLOCKED
10-10 12:39:41.104  1902  2304 I AppsFilter: interaction: PackageSetting{4e66de7 io.appium.uiautomator2.server/10378} -> PackageSetting{979ef6a com.google.android.partnersetup/10171} BLOCKED
10-10 12:39:41.104  1902  2304 I AppsFilter: interaction: PackageSetting{4e66de7 io.appium.uiautomator2.server/10378} -> PackageSetting{5d96c5b com.google.android.videos/10312} BLOCKED
10-10 12:39:41.104  1902  2304 I AppsFilter: interaction: PackageSetting{4e66de7 io.appium.uiautomator2.server/10378} -> PackageSetting{d3308e2 com.google.android.overlay.gmsconfig.asi/10266} BLOCKED
