06-11 13:58:33.495   435   435 W mediaextractor: libminijail[435]: compile_file: <fd>(32): previous definition here
06-11 13:58:33.495   435   435 W mediaextractor: libminijail[435]: compile_file: /apex/com.android.media/etc/seccomp_policy/crash_dump.arm64.policy(14): syscall openat redefined here
06-11 13:58:33.495   435   435 W mediaextractor: libminijail[435]: compile_file: <fd>(12): previous definition here
06-11 13:58:33.495   435   435 W mediaextractor: libminijail[435]: compile_file: /apex/com.android.media/etc/seccomp_policy/crash_dump.arm64.policy(15): syscall dup redefined here
06-11 13:58:33.495   435   435 W mediaextractor: libminijail[435]: compile_file: <fd>(9): previous definition here
06-11 13:58:33.495   435   435 W mediaextractor: libminijail[435]: compile_file: /apex/com.android.media/etc/seccomp_policy/crash_dump.arm64.policy(16): syscall close redefined here
06-11 13:58:33.495   435   435 W mediaextractor: libminijail[435]: compile_file: <fd>(8): previous definition here
06-11 13:58:33.495   435   435 W mediaextractor: libminijail[435]: compile_file: /apex/com.android.media/etc/seccomp_policy/crash_dump.arm64.policy(17): syscall lseek redefined here
06-11 13:58:33.495   435   435 W mediaextractor: libminijail[435]: compile_file: <fd>(23): previous definition here
06-11 13:58:33.495   435   435 W mediaextractor: libminijail[435]: compile_file: /apex/com.android.media/etc/seccomp_policy/crash_dump.arm64.policy(18): syscall getdents64 redefined here
06-11 13:58:33.495   435   435 W mediaextractor: libminijail[435]: compile_file: <fd>(41): previous definition here
06-11 13:58:33.495   435   435 W mediaextractor: libminijail[435]: compile_file: /apex/com.android.media/etc/seccomp_policy/crash_dump.arm64.policy(19): syscall faccessat redefined here
06-11 13:58:33.495   435   435 W mediaextractor: libminijail[435]: compile_file: <fd>(25): previous definition here
06-11 13:58:33.495   435   435 W mediaextractor: libminijail[435]: compile_file: /apex/com.android.media/etc/seccomp_policy/crash_dump.arm64.policy(22): syscall setsockopt redefined here
06-11 13:58:33.495   435   435 W mediaextractor: libminijail[435]: compile_file: <fd>(56): previous definition here
06-11 13:58:33.495   435   435 W mediaextractor: libminijail[435]: compile_file: /apex/com.android.media/etc/seccomp_policy/crash_dump.arm64.policy(29): syscall prctl redefined here
06-11 13:58:33.495   435   435 W mediaextractor: libminijail[435]: compile_file: <fd>(5): previous definition here
06-11 13:58:33.495   435   435 W mediaextractor: libminijail[435]: compile_file: /apex/com.android.media/etc/seccomp_policy/crash_dump.arm64.policy(30): syscall madvise redefined here
06-11 13:58:33.495   435   435 W mediaextractor: libminijail[435]: compile_file: <fd>(14): previous definition here
06-11 13:58:33.495   435   435 W mediaextractor: libminijail[435]: compile_file: /apex/com.android.media/etc/seccomp_policy/crash_dump.arm64.policy(31): syscall mprotect redefined here
06-11 13:58:33.495   435   435 W mediaextractor: libminijail[435]: compile_file: <fd>(13): previous definition here
06-11 13:58:33.495   435   435 W mediaextractor: libminijail[435]: compile_file: /apex/com.android.media/etc/seccomp_policy/crash_dump.arm64.policy(32): syscall munmap redefined here
06-11 13:58:33.495   435   435 W mediaextractor: libminijail[435]: compile_file: <fd>(11): previous definition here
06-11 13:58:33.495   435   435 W mediaextractor: libminijail[435]: compile_file: /apex/com.android.media/etc/seccomp_policy/crash_dump.arm64.policy(33): syscall getuid redefined here
06-11 13:58:33.495   435   435 W mediaextractor: libminijail[435]: compile_file: <fd>(15): previous definition here
06-11 13:58:33.495   435   435 W mediaextractor: libminijail[435]: compile_file: /apex/com.android.media/etc/seccomp_policy/crash_dump.arm64.policy(34): syscall fstat redefined here
06-11 13:58:33.495   435   435 W mediaextractor: libminijail[435]: compile_file: <fd>(16): previous definition here
06-11 13:58:33.495   435   435 W mediaextractor: libminijail[435]: compile_file: /apex/com.android.media/etc/seccomp_policy/crash_dump.arm64.policy(35): syscall mmap redefined here
06-11 13:58:33.495   435   435 W mediaextractor: libminijail[435]: compile_file: <fd>(10): previous definition here
06-11 13:58:33.495   435   435 W mediaextractor: libminijail[435]: logging seccomp filter failures
06-11 13:58:33.499   404   404 W FactoryHal: hasAidlHalService android.hardware.audio.effect.IFactory/default: false
06-11 13:58:33.499   159   159 I hwservicemanager: getTransport: Cannot find entry android.hardware.audio.effect@7.1::IEffectsFactory/default in either framework or device VINTF manifest.
06-11 13:58:33.499   404   404 W FactoryHal: hasAidlHalService android.hardware.audio.core.IModule/default: false
06-11 13:58:33.501   404   404 W BatteryNotifier: batterystats service unavailable!
06-11 13:58:33.502   436   479 I ServiceManagerCppClient: Waiting for service 'package_native' on '/dev/binder'...
06-11 13:58:33.502   404   404 D audioserver: main: AudioFlinger created
06-11 13:58:33.504   404   404 E AudioFlinger: Function: getAudioPolicyConfig Line: 2493 Failed 
06-11 13:58:33.509   428   428 I cameraserver: ServiceManager: 0xb400007cd181cb00
06-11 13:58:33.510   428   428 I CameraService: CameraService started (pid=428)
06-11 13:58:33.510   428   428 I CameraService: CameraService process starting
06-11 13:58:33.510   428   428 W BatteryNotifier: batterystats service unavailable!
06-11 13:58:33.510   428   428 W BatteryNotifier: batterystats service unavailable!
06-11 13:58:33.513   428   428 D CameraProviderManager: tryGetService: AIDL Camera provider HAL 'android.hardware.camera.provider.ICameraProvider/internal/0' is not actually available
06-11 13:58:33.513   428   428 W CameraProviderManager: tryToInitializeAidlProviderLocked: AIDL Camera provider HAL 'android.hardware.camera.provider.ICameraProvider/internal/0' is not actually available
06-11 13:58:33.514   428   428 I cameraserver: Connecting to new camera provider: android.hardware.camera.provider.ICameraProvider/internal/1, isRemote? 1
06-11 13:58:33.514   428   428 W cameraserver: AIBinder_linkToDeath is being called with a non-null cookie and no onUnlink callback set. This might not be intended. AIBinder_DeathRecipient_setOnUnlinked should be called first.
06-11 13:58:33.514   428   428 W BpBinder: Linking to death on android.hardware.camera.provider.ICameraProvider but there are no threads (yet?) listening to incoming transactions. See ProcessState::startThreadPool and ProcessState::setThreadPoolMaxThreadCount. Generally you should setup the binder threadpool before other initialization steps.
06-11 13:58:33.515   404   404 D APM_EngineLoader: Loaded engine from libaudiopolicyenginedefault.so
06-11 13:58:33.515   404   404 D APM::AudioPolicyEngine/Base: loadAudioPolicyEngineConfig: No configuration found, using default matching phone experience.
06-11 13:58:33.516   428   428 I CameraProviderManager: Enumerating new camera device: device@1.1/internal/10
06-11 13:58:33.517   438   438 I mediaserver: ServiceManager: 0xb40000740c953da0
06-11 13:58:33.517   428   428 I CameraProviderManager: Camera provider android.hardware.camera.provider.ICameraProvider/internal/1 ready with 1 camera devices
06-11 13:58:33.517   428   428 D CameraProviderManager: tryGetService: AIDL Camera provider HAL 'android.hardware.camera.provider.ICameraProvider/virtual/0' is not actually available
06-11 13:58:33.517   428   428 W CameraProviderManager: tryToInitializeAidlProviderLocked: AIDL Camera provider HAL 'android.hardware.camera.provider.ICameraProvider/virtual/0' is not actually available
06-11 13:58:33.517   428   428 I CameraService: onDeviceStatusChanged: Status changed for cameraId=10, newStatus=1
06-11 13:58:33.517   428   428 I CameraService: onDeviceStatusChanged: Unknown camera ID 10, a new camera is added
06-11 13:58:33.518   428   428 I HidlServiceManagement: Registered android.frameworks.cameraservice.service@2.2::ICameraService/default
06-11 13:58:33.518   428   428 I CameraService: CameraService pinged cameraservice proxy
06-11 13:58:33.518   428   428 I cameraserver: ServiceManager: 0xb400007cd181cb00 done instantiate
06-11 13:58:33.518   428   428 W CameraProviderManager: addAidlProviderLocked: Camera provider HAL with name 'android.hardware.camera.provider.ICameraProvider/internal/1' already registered
06-11 13:58:33.518   404   404 W APM::AudioPolicyEngine/Base: processParsingResult: No configuration of AUDIO_STREAM_CALL_ASSISTANT found, using default volume configuration
06-11 13:58:33.519   438   438 W BatteryNotifier: batterystats service unavailable!
06-11 13:58:33.519   438   438 W BatteryNotifier: batterystats service unavailable!
06-11 13:58:33.520   404   404 W DeviceHalHidl: getSoundDoseInterface service android.hardware.audio.sounddose.ISoundDoseFactory/default doesn't exist
06-11 13:58:33.520   404   404 W MelReporter: activateHalSoundDoseComputation: HAL cannot provide sound dose interface for module primary
06-11 13:58:33.520   404   404 W AudioFlinger: loadHwModule() sound dose reporting is not available
06-11 13:58:33.521   404   404 I AudioFlinger: loadHwModule() Loaded primary audio interface, handle 10
06-11 13:58:33.522   404   404 I AudioFlinger: openOutput() this 0xb400007532c51010, module 10 Device AUDIO_DEVICE_OUT_SPEAKER, @:, SamplingRate 48000, Format 0x000001, Channels 0x3, flags 0x2
06-11 13:58:33.523   404   404 I AudioFlinger: operator(): Using 3000 ms as standby time
06-11 13:58:33.523   404   404 I AudioFlinger: HAL output buffer size 1088 frames, normal sink buffer size 1088 frames
06-11 13:58:33.524   404   404 W FactoryHal: hasAidlHalService android.hardware.audio.effect.IFactory/default: false
06-11 13:58:33.524   159   159 I hwservicemanager: getTransport: Cannot find entry android.hardware.audio.effect@7.1::IEffectsFactory/default in either framework or device VINTF manifest.
06-11 13:58:33.524   404   404 W FactoryHal: hasAidlHalService android.hardware.audio.core.IModule/default: false
06-11 13:58:33.529   404   404 I BufferProvider: found effect "Multichannel Downmix To Stereo" from The Android Open Source Project
06-11 13:58:33.529   404   404 D AudioFlinger: Failed to add event callback
06-11 13:58:33.530   404   503 I AudioFlinger: AudioFlinger's thread 0xb4000076934888e0 tid=503 ready to run
06-11 13:58:33.530   404   503 W AudioFlinger: no wake lock to update, system not ready yet
06-11 13:58:33.530   404   503 D AudioFlinger: ro.audio.silent is ignored since no output device is set
06-11 13:58:33.530   371   371 E android.hardware.audio@7.1-impl.ranchu: getPresentationPosition:510 failure: Result::INVALID_STATE
06-11 13:58:33.531   404   404 V APM_AudioPolicyManager: checkAndSetVolume if deviceTypes is change from none to device 0x2, need get index 0
06-11 13:58:33.531   404   404 E APM_AudioPolicyManager: invalid volume index range
06-11 13:58:33.531   404   404 V APM_AudioPolicyManager: checkAndSetVolume if deviceTypes is change from none to device 0x2, need get index 0
06-11 13:58:33.531   404   404 E APM_AudioPolicyManager: invalid volume index range
06-11 13:58:33.531   404   404 V APM_AudioPolicyManager: checkAndSetVolume if deviceTypes is change from none to device 0x2, need get index 0
06-11 13:58:33.531   404   404 E APM_AudioPolicyManager: invalid volume index range
06-11 13:58:33.531   404   404 V APM_AudioPolicyManager: checkAndSetVolume cannot set volume group 4 volume when is not requested for comm
06-11 13:58:33.531   404   404 V APM_AudioPolicyManager: checkAndSetVolume if deviceTypes is change from none to device 0x2, need get index 0
06-11 13:58:33.531   404   404 E APM_AudioPolicyManager: invalid volume index range
06-11 13:58:33.531   404   404 V APM_AudioPolicyManager: checkAndSetVolume if deviceTypes is change from none to device 0x2, need get index 0
06-11 13:58:33.531   404   404 E APM_AudioPolicyManager: invalid volume index range
06-11 13:58:33.531   404   404 V APM_AudioPolicyManager: checkAndSetVolume if deviceTypes is change from none to device 0x2, need get index 0
06-11 13:58:33.531   404   404 E APM_AudioPolicyManager: invalid volume index range
06-11 13:58:33.531   404   404 V APM_AudioPolicyManager: checkAndSetVolume if deviceTypes is change from none to device 0x2, need get index 0
06-11 13:58:33.531   404   404 E APM_AudioPolicyManager: invalid volume index range
06-11 13:58:33.531   404   404 V APM_AudioPolicyManager: checkAndSetVolume if deviceTypes is change from none to device 0x2, need get index 0
06-11 13:58:33.531   404   404 V APM_AudioPolicyManager: computeVolume volume source 9, index 0,  devices 0x2, compute internal 1 
06-11 13:58:33.532   404   503 W AudioFlinger: no wake lock to update, system not ready yet
06-11 13:58:33.532   404   503 D AudioFlinger: ro.audio.silent is ignored since no output device is set
06-11 13:58:33.532   404   404 V APM_AudioPolicyManager: checkAndSetVolume if deviceTypes is change from none to device 0x2, need get index 0
06-11 13:58:33.532   404   404 V APM_AudioPolicyManager: computeVolume volume source 10, index 0,  devices 0x2, compute internal 1 
06-11 13:58:33.532   404   404 V APM_AudioPolicyManager: checkAndSetVolume if deviceTypes is change from none to device 0x2, need get index 0
06-11 13:58:33.532   404   404 E APM_AudioPolicyManager: invalid volume index range
06-11 13:58:33.532   404   404 V APM_AudioPolicyManager: checkAndSetVolume if deviceTypes is change from none to device 0x2, need get index 0
06-11 13:58:33.532   404   404 E APM_AudioPolicyManager: invalid volume index range
06-11 13:58:33.532   404   404 V APM_AudioPolicyManager: checkAndSetVolume if deviceTypes is change from none to device 0x2, need get index 0
06-11 13:58:33.532   404   404 E APM_AudioPolicyManager: invalid volume index range
06-11 13:58:33.532   404   404 V APM_AudioPolicyManager: checkAndSetVolume if deviceTypes is change from none to device 0x2, need get index 0
06-11 13:58:33.532   404   404 E APM_AudioPolicyManager: invalid volume index range
06-11 13:58:33.532   404   404 V APM_AudioPolicyManager: checkAndSetVolume if deviceTypes is change from none to device 0x2, need get index 0
06-11 13:58:33.532   404   404 V APM_AudioPolicyManager: computeVolume volume source 23, index 0,  devices 0x2, compute internal 1 
06-11 13:58:33.533   404   404 W AudioFlinger: moveEffects() AUDIO_SESSION_OUTPUT_MIX not found in orphans, checking other mix
06-11 13:58:33.533   404   404 W AudioFlinger: moveEffects() bad srcIo 0
06-11 13:58:33.533   404   404 V APM_AudioPolicyManager: selectOutputForMusicEffects selected output 13
06-11 13:58:33.533   404   404 V APM_AudioPolicyManager: setOutputDevices caller onNewAudioModulesAvailableInt[[portId:1][io:13, primary output]] device {AUDIO_DEVICE_OUT_SPEAKER, @:} delayMs 0
06-11 13:58:33.533   404   404 V APM_AudioPolicyManager: setOutputDevices caller onNewAudioModulesAvailableInt[[portId:1][io:13, primary output]] prevDevice {AUDIO_DEVICE_OUT_SPEAKER, @:}
06-11 13:58:33.534   404   404 I APM::AudioPolicyEngine: getDevicesForStrategyInt no device found for strategy 9
06-11 13:58:33.534   404   404 V APM_AudioPolicyManager: setOutputDevices caller onNewAudioModulesAvailableInt[[portId:1][io:13, primary output]] changing device to {AUDIO_DEVICE_OUT_SPEAKER, @:}
06-11 13:58:33.538   159   159 I hwservicemanager: getTransport: Cannot find entry android.hardware.configstore@1.0::ISurfaceFlingerConfigs/default in either framework or device VINTF manifest.
06-11 13:58:33.543   435   435 I MediaExtractorFactory: plugin directory not present (/system/lib64/extractors)
06-11 13:58:33.543   435   435 I MediaExtractorFactory: plugin directory not present (/system_ext/lib64/extractors)
06-11 13:58:33.547   412   412 I SurfaceFlinger: Using HWComposer service: default
06-11 13:58:33.547   412   412 I SurfaceFlinger: SurfaceFlinger is starting
06-11 13:58:33.547   412   412 I SurfaceFlinger: Enabling backpressure for GPU composition
06-11 13:58:33.548   412   412 I SurfaceFlinger: SurfaceFlinger's main thread ready to run. Initializing graphics H/W...
06-11 13:58:33.548   412   412 D RenderEngine: Threaded RenderEngine with SkiaGL Backend (Ganesh)
06-11 13:58:33.550   373   373 I EmulatedCameraProviderHwlImpl: Create: Created EmulatedCameraProviderHwlImpl
06-11 13:58:33.550   373   373 E GCH_CameraProvider: Initialize: HWL doesn't support vendor buffer allocation Function not implemented(-38)
06-11 13:58:33.553   428   500 I cameraserver: Connecting to new camera provider: android.hardware.camera.provider.ICameraProvider/internal/0, isRemote? 1
06-11 13:58:33.553   428   500 W cameraserver: AIBinder_linkToDeath is being called with a non-null cookie and no onUnlink callback set. This might not be intended. AIBinder_DeathRecipient_setOnUnlinked should be called first.
06-11 13:58:33.553   428   500 I CameraProviderManager: Enumerating new camera device: device@1.1/internal/1
06-11 13:58:33.557   412   509 I EGL_emulation: Opening libGLESv1_CM_emulation.so
06-11 13:58:33.557   412   509 I EGL_emulation: Opening libGLESv2_emulation.so
06-11 13:58:33.558   425   425 I perfetto:  probes_producer.cc:332 Connected to the service
06-11 13:58:33.561   373   373 W EmulatedCameraDeviceInfo: InitializeControlDefaults: No available post RAW boost! Setting default!
06-11 13:58:33.561   373   373 I EmulatedCameraDeviceHwlImpl: Create: Created EmulatedCameraDeviceHwlImpl for camera 1
06-11 13:58:33.562   373   373 D GCH_Utils: FindLibraryPaths: Unable to open directory /vendor/lib64/camera/capture_sessions/ (No such file or directory)
06-11 13:58:33.562   373   373 I GCH_CameraDevice: Create: Created a camera device for public(1)
06-11 13:58:33.562   373   453 W GCH_HalVendorTags: ModifyCharacteristicsKeys: failed to get ANDROID_REQUEST_AVAILABLE_SESSION_KEYS
06-11 13:58:33.562   412   509 I RenderEngine: EGL information:
06-11 13:58:33.562   412   509 I RenderEngine: vendor    : Android
06-11 13:58:33.562   412   509 I RenderEngine: version   : 1.4 Android META-EGL
06-11 13:58:33.562   412   509 I RenderEngine: extensions: EGL_ANDROID_front_buffer_auto_refresh EGL_ANDROID_get_native_client_buffer EGL_ANDROID_presentation_time EGL_EXT_surface_CTA861_3_metadata EGL_EXT_surface_SMPTE2086_metadata EGL_KHR_get_all_proc_addresses EGL_KHR_swap_buffers_with_damage EGL_ANDROID_get_frame_timestamps EGL_ANDROID_image_native_buffer EGL_ANDROID_native_fence_sync EGL_ANDROID_recordable EGL_KHR_create_context EGL_KHR_fence_sync EGL_KHR_gl_texture_2D_image EGL_KHR_image EGL_KHR_image_base EGL_KHR_wait_sync 
06-11 13:58:33.562   412   509 I RenderEngine: Client API: OpenGL_ES
06-11 13:58:33.562   412   509 I RenderEngine: EGLSurface: 8-8-8-8, config=0x2
06-11 13:58:33.563   428   500 E CameraProviderManager: addDynamicDepthTags: Advertised depth exclusive tag but value is not present!
06-11 13:58:33.563   428   500 E cameraserver: AidlDeviceInfo3: Failed appending dynamic depth tags: Invalid argument (-22)
06-11 13:58:33.563   428   500 W CameraProviderManager: Camera provider android.hardware.camera.provider.ICameraProvider/internal/0 says an unknown camera device@1.1/internal/1 now has torch status 1. Curious.
06-11 13:58:33.563   373   453 W GCH_HalVendorTags: ModifyCharacteristicsKeys: failed to get ANDROID_REQUEST_AVAILABLE_SESSION_KEYS
06-11 13:58:33.564   373   453 W GCH_HalVendorTags: ModifyCharacteristicsKeys: failed to get ANDROID_REQUEST_AVAILABLE_SESSION_KEYS
06-11 13:58:33.564   428   500 I CameraProviderManager: Camera provider android.hardware.camera.provider.ICameraProvider/internal/0 ready with 1 camera devices
06-11 13:58:33.564   428   500 I CameraService: onDeviceStatusChanged: Status changed for cameraId=1, newStatus=1
06-11 13:58:33.564   428   500 I CameraService: onDeviceStatusChanged: Unknown camera ID 1, a new camera is added
06-11 13:58:33.569   412   509 D RenderEngine: Background Blurs Enabled (Kawase algorithm)
06-11 13:58:33.576   412   509 I RenderEngine: OpenGL ES informations:
06-11 13:58:33.576   412   509 I RenderEngine: vendor    : Google (Apple)
06-11 13:58:33.576   412   509 I RenderEngine: renderer  : Android Emulator OpenGL ES Translator (Apple M2)
06-11 13:58:33.576   412   509 I RenderEngine: version   : OpenGL ES 3.0 (4.1 Metal - 89.4)
06-11 13:58:33.576   412   509 I RenderEngine: extensions: GL_EXT_debug_marker GL_EXT_robustness GL_OES_EGL_sync GL_OES_EGL_image GL_OES_EGL_image_external GL_OES_depth24 GL_OES_depth32 GL_OES_element_index_uint GL_OES_texture_float GL_OES_texture_float_linear GL_OES_compressed_paletted_texture GL_OES_compressed_ETC1_RGB8_texture GL_OES_depth_texture GL_OES_texture_npot GL_OES_rgb8_rgba8 GL_EXT_color_buffer_float GL_EXT_color_buffer_half_float GL_EXT_texture_format_BGRA8888 GL_APPLE_texture_format_BGRA8888 ANDROID_EMU_CHECKSUM_HELPER_v1 ANDROID_EMU_native_sync_v2 ANDROID_EMU_native_sync_v3 ANDROID_EMU_native_sync_v4 ANDROID_EMU_dma_v1 ANDROID_EMU_direct_mem ANDROID_EMU_host_composition_v1 ANDROID_EMU_host_composition_v2 ANDROID_EMU_vulkan ANDROID_EMU_deferred_vulkan_commands ANDROID_EMU_vulkan_null_optional_strings ANDROID_EMU_vulkan_create_resources_with_requirements ANDROID_EMU_YUV_Cache ANDROID_EMU_vulkan_ignored_handles ANDROID_EMU_has_shared_slots_host_memory_allocator ANDROID_EMU_vulkan_free_memory_sync ANDROID_EMU_vulkan_shader_float16_int8 ANDROI
06-11 13:58:33.576   412   509 I RenderEngine: GL_MAX_TEXTURE_SIZE = 16384
06-11 13:58:33.576   412   509 I RenderEngine: GL_MAX_VIEWPORT_DIMS = 16384
06-11 13:58:33.578   159   159 I hwservicemanager: getTransport: Cannot find entry android.hardware.graphics.mapper@4.0::IMapper/default in either framework or device VINTF manifest.
06-11 13:58:33.578   391   480 I Gralloc4: mapper 4.x is not supported
06-11 13:58:33.580   401   401 I Manager : DeviceManager::DeviceManager
06-11 13:58:33.580   401   401 I Manager : findAvailableDevices
06-11 13:58:33.580   401   401 I Manager : Enabled devices: .*
06-11 13:58:33.581   404   503 D AudioFlinger: updateHalSupportedLatencyModes_l: thread(13) status -38 supported latency modes: { }
06-11 13:58:33.581   404   404 V APM_AudioPolicyManager: setOutputDevices() AF::createAudioPatch returned 0 patchHandle 12 num_sources 1 num_sinks 1
06-11 13:58:33.582   404   404 E APM_AudioPolicyManager: invalid volume index range
06-11 13:58:33.582   404   404 E APM_AudioPolicyManager: invalid volume index range
06-11 13:58:33.582   404   404 E APM_AudioPolicyManager: invalid volume index range
06-11 13:58:33.582   404   404 V APM_AudioPolicyManager: checkAndSetVolume cannot set volume group 4 volume when is not requested for comm
06-11 13:58:33.582   404   404 E APM_AudioPolicyManager: invalid volume index range
06-11 13:58:33.582   404   404 E APM_AudioPolicyManager: invalid volume index range
06-11 13:58:33.582   404   404 E APM_AudioPolicyManager: invalid volume index range
06-11 13:58:33.582   404   404 E APM_AudioPolicyManager: invalid volume index range
06-11 13:58:33.582   404   404 V APM_AudioPolicyManager: computeVolume volume source 9, index 0,  devices 0x2, compute internal 1 
06-11 13:58:33.582   404   404 V APM_AudioPolicyManager: computeVolume volume source 10, index 0,  devices 0x2, compute internal 1 
06-11 13:58:33.582   404   404 E APM_AudioPolicyManager: invalid volume index range
06-11 13:58:33.582   404   404 E APM_AudioPolicyManager: invalid volume index range
06-11 13:58:33.582   404   404 E APM_AudioPolicyManager: invalid volume index range
06-11 13:58:33.582   404   404 E APM_AudioPolicyManager: invalid volume index range
06-11 13:58:33.582   404   404 V APM_AudioPolicyManager: computeVolume volume source 23, index 0,  devices 0x2, compute internal 1 
06-11 13:58:33.582   404   404 I AudioFlinger: openOutput() this 0xb400007532c51010, module 10 Device AUDIO_DEVICE_OUT_TELEPHONY_TX, @:, SamplingRate 48000, Format 0x000001, Channels 0x3, flags 0
06-11 13:58:33.585   391   480 D RanchuHwc: getBootConfigId: persistent boot config is not enabled.
06-11 13:58:33.585   391   480 D RanchuHwc: init display:0 with config: id: 0 w:1080 h:2400 dpi-x:420 dpi-y:420 vsync:60.000002 config-group:0
06-11 13:58:33.585   391   480 E RanchuHwc: start: failed to set Vsync thread priority: Invalid argument
06-11 13:58:33.585   391   514 I RanchuHwc: Vsync thread for display:0 starting
06-11 13:58:33.585   404   404 I AudioFlinger: HAL output buffer size 1088 frames, normal sink buffer size 1088 frames
06-11 13:58:33.586   404   404 D AudioFlinger: Failed to add event callback
06-11 13:58:33.586   404   404 V APM_AudioPolicyManager: checkAndSetVolume if deviceTypes is change from none to device 0x10000, need get index 0
06-11 13:58:33.586   404   404 E APM_AudioPolicyManager: invalid volume index range
06-11 13:58:33.586   404   404 V APM_AudioPolicyManager: checkAndSetVolume if deviceTypes is change from none to device 0x10000, need get index 0
06-11 13:58:33.586   404   404 E APM_AudioPolicyManager: invalid volume index range
06-11 13:58:33.586   404   404 V APM_AudioPolicyManager: checkAndSetVolume if deviceTypes is change from none to device 0x10000, need get index 0
06-11 13:58:33.586   404   404 E APM_AudioPolicyManager: invalid volume index range
06-11 13:58:33.586   404   404 V APM_AudioPolicyManager: checkAndSetVolume cannot set volume group 4 volume when is not requested for comm
06-11 13:58:33.586   404   404 V APM_AudioPolicyManager: checkAndSetVolume if deviceTypes is change from none to device 0x10000, need get index 0
06-11 13:58:33.586   404   404 E APM_AudioPolicyManager: invalid volume index range
06-11 13:58:33.586   404   404 V APM_AudioPolicyManager: checkAndSetVolume if deviceTypes is change from none to device 0x10000, need get index 0
06-11 13:58:33.586   404   404 E APM_AudioPolicyManager: invalid volume index range
06-11 13:58:33.586   404   404 V APM_AudioPolicyManager: checkAndSetVolume if deviceTypes is change from none to device 0x10000, need get index 0
06-11 13:58:33.586   404   404 E APM_AudioPolicyManager: invalid volume index range
06-11 13:58:33.586   404   404 V APM_AudioPolicyManager: checkAndSetVolume if deviceTypes is change from none to device 0x10000, need get index 0
06-11 13:58:33.586   404   404 E APM_AudioPolicyManager: invalid volume index range
06-11 13:58:33.586   404   404 V APM_AudioPolicyManager: checkAndSetVolume if deviceTypes is change from none to device 0x10000, need get index 0
06-11 13:58:33.586   404   404 V APM_AudioPolicyManager: computeVolume volume source 9, index 0,  devices 0x10000, compute internal 1 
06-11 13:58:33.586   404   404 V APM_AudioPolicyManager: checkAndSetVolume if deviceTypes is change from none to device 0x10000, need get index 0
06-11 13:58:33.586   404   404 V APM_AudioPolicyManager: computeVolume volume source 10, index 0,  devices 0x10000, compute internal 1 
06-11 13:58:33.586   404   515 I AudioFlinger: AudioFlinger's thread 0xb40000769337d8e0 tid=515 ready to run
06-11 13:58:33.586   404   515 W AudioFlinger: no wake lock to update, system not ready yet
06-11 13:58:33.586   404   515 D AudioFlinger: ro.audio.silent is ignored since no output device is set
06-11 13:58:33.587   371   421 E android.hardware.audio@7.1-impl.ranchu: getPresentationPosition:510 failure: Result::INVALID_STATE
06-11 13:58:33.587   442   442 I mediaswcodec: media swcodec service starting
06-11 13:58:33.587   404   404 V APM_AudioPolicyManager: checkAndSetVolume if deviceTypes is change from none to device 0x10000, need get index 0
06-11 13:58:33.587   404   404 E APM_AudioPolicyManager: invalid volume index range
06-11 13:58:33.587   404   404 V APM_AudioPolicyManager: checkAndSetVolume if deviceTypes is change from none to device 0x10000, need get index 0
06-11 13:58:33.587   404   404 E APM_AudioPolicyManager: invalid volume index range
06-11 13:58:33.587   404   404 V APM_AudioPolicyManager: checkAndSetVolume if deviceTypes is change from none to device 0x10000, need get index 0
06-11 13:58:33.587   404   404 E APM_AudioPolicyManager: invalid volume index range
06-11 13:58:33.587   404   404 V APM_AudioPolicyManager: checkAndSetVolume if deviceTypes is change from none to device 0x10000, need get index 0
06-11 13:58:33.587   404   404 E APM_AudioPolicyManager: invalid volume index range
06-11 13:58:33.587   404   404 V APM_AudioPolicyManager: checkAndSetVolume if deviceTypes is change from none to device 0x10000, need get index 0
06-11 13:58:33.587   404   404 V APM_AudioPolicyManager: computeVolume volume source 23, index 0,  devices 0x10000, compute internal 1 
06-11 13:58:33.587   404   515 W AudioFlinger: no wake lock to update, system not ready yet
06-11 13:58:33.587   404   515 D AudioFlinger: ro.audio.silent is ignored since no output device is set
06-11 13:58:33.588   404   404 V APM_AudioPolicyManager: selectOutputForMusicEffects selected output 13
06-11 13:58:33.588   404   404 V APM_AudioPolicyManager: setOutputDevices caller onNewAudioModulesAvailableInt[[portId:4][io:21, telephony_tx]] device {AUDIO_DEVICE_OUT_TELEPHONY_TX, @:} delayMs 0
06-11 13:58:33.588   404   404 V APM_AudioPolicyManager: setOutputDevices caller onNewAudioModulesAvailableInt[[portId:4][io:21, telephony_tx]] prevDevice {AUDIO_DEVICE_OUT_TELEPHONY_TX, @:}
06-11 13:58:33.588   404   404 V APM_AudioPolicyManager: setOutputDevices caller onNewAudioModulesAvailableInt[[portId:4][io:21, telephony_tx]] changing device to {AUDIO_DEVICE_OUT_TELEPHONY_TX, @:}
06-11 13:58:33.589   404   515 D AudioFlinger: updateHalSupportedLatencyModes_l: thread(21) status -38 supported latency modes: { }
06-11 13:58:33.589   442   442 W mediaswcodec: Could not read additional policy file '/vendor/etc/seccomp_policy/mediaswcodec.policy'
06-11 13:58:33.589   442   442 W mediaswcodec: libminijail[442]: failed to get path of fd 4: No such file or directory
06-11 13:58:33.589   442   442 W mediaswcodec: libminijail[442]: allowing syscall: connect
06-11 13:58:33.589   442   442 W mediaswcodec: libminijail[442]: allowing syscall: fcntl
06-11 13:58:33.589   442   442 W mediaswcodec: libminijail[442]: allowing syscall: sendto
06-11 13:58:33.589   442   442 W mediaswcodec: libminijail[442]: allowing syscall: socket
06-11 13:58:33.589   442   442 W mediaswcodec: libminijail[442]: allowing syscall: writev
06-11 13:58:33.589   442   442 W mediaswcodec: libminijail[442]: compile_file: <fd>(75): syscall munmap redefined here
06-11 13:58:33.589   442   442 W mediaswcodec: libminijail[442]: compile_file: <fd>(39): previous definition here
06-11 13:58:33.589   404   404 V APM_AudioPolicyManager: setOutputDevices() AF::createAudioPatch returned 0 patchHandle 20 num_sources 1 num_sinks 1
06-11 13:58:33.589   401   401 I Manager : Found interface nnapi-sample_sl (version = JUST_AN_EXAMPLE)
06-11 13:58:33.589   401   401 I ShimDeviceManager: Attempting service registration for android.hardware.neuralnetworks.IDevice/nnapi-sample_sl_shim
06-11 13:58:33.589   404   404 E APM_AudioPolicyManager: invalid volume index range
06-11 13:58:33.589   404   404 E APM_AudioPolicyManager: invalid volume index range
06-11 13:58:33.589   404   404 E APM_AudioPolicyManager: invalid volume index range
06-11 13:58:33.589   404   404 E APM_AudioPolicyManager: invalid volume index range
06-11 13:58:33.589   404   404 E APM_AudioPolicyManager: invalid volume index range
06-11 13:58:33.590   404   404 E APM_AudioPolicyManager: invalid volume index range
06-11 13:58:33.590   404   404 E APM_AudioPolicyManager: invalid volume index range
06-11 13:58:33.590   404   404 E APM_AudioPolicyManager: invalid volume index range
06-11 13:58:33.590   442   442 W mediaswcodec: libminijail[442]: logging seccomp filter failures
06-11 13:58:33.590   404   404 V APM_AudioPolicyManager: computeVolume volume source 9, index 0,  devices 0x10000, compute internal 1 
06-11 13:58:33.590   404   404 V APM_AudioPolicyManager: computeVolume volume source 10, index 0,  devices 0x10000, compute internal 1 
06-11 13:58:33.590   404   404 E APM_AudioPolicyManager: invalid volume index range
06-11 13:58:33.590   404   404 E APM_AudioPolicyManager: invalid volume index range
06-11 13:58:33.590   404   404 E APM_AudioPolicyManager: invalid volume index range
06-11 13:58:33.590   404   404 E APM_AudioPolicyManager: invalid volume index range
06-11 13:58:33.590   404   404 V APM_AudioPolicyManager: computeVolume volume source 23, index 0,  devices 0x10000, compute internal 1 
06-11 13:58:33.590   442   442 I CodecServiceRegistrant: Creating software Codec2 service...
06-11 13:58:33.590   412   412 I HwcComposer: Loaded AIDL composer3 HAL service
06-11 13:58:33.590   401   401 I ShimDeviceManager: 1 NNAPI Devices/services registered, blocking
06-11 13:58:33.590   412   412 E HwcComposer: getOverlaySupport failed Status(-8, EX_SERVICE_SPECIFIC): '8: '
06-11 13:58:33.590   412   412 I HWComposer: Switching to generalized multi-display mode
06-11 13:58:33.590   412   412 I SurfaceFlinger: Connecting display 4619827259835644672(HAL ID 0)
06-11 13:58:33.591   412   412 E HwcComposer: getPerFrameMetadataKeys failed Status(-8, EX_SERVICE_SPECIFIC): '8: '
06-11 13:58:33.591   404   520 I AudioFlinger: AudioFlinger's thread 0xb4000076932c8b88 tid=520 ready to run
06-11 13:58:33.591   404   520 W AudioFlinger: no wake lock to update, system not ready yet
06-11 13:58:33.592   159   159 I hwservicemanager: getTransport: Cannot find entry android.hardware.graphics.mapper@4.0::IMapper/default in either framework or device VINTF manifest.
06-11 13:58:33.592   412   412 I Gralloc4: mapper 4.x is not supported
06-11 13:58:33.592   442   442 D C2Store : Default ION heapmask = -1
06-11 13:58:33.592   442   442 D C2Store : Default ION flags = 0
06-11 13:58:33.592   442   442 D C2Store : Default ION align = 0
06-11 13:58:33.593   442   442 I CodecServiceRegistrant: Preferred Codec2 HIDL store is set to "default".
06-11 13:58:33.594   404   520 W AudioFlinger: no wake lock to update, system not ready yet
06-11 13:58:33.594   412   412 I Scheduler: Display 4619827259835644672 is the pacesetter
06-11 13:58:33.594   412   525 W EventThread: Ignoring VSYNC request while display is disconnected
06-11 13:58:33.594   412   525 W EventThread: Ignoring VSYNC request while display is disconnected
06-11 13:58:33.595   412   526 W EventThread: Ignoring VSYNC request while display is disconnected
06-11 13:58:33.595   412   412 I Scheduler: Display 4619827259835644672 is the pacesetter
06-11 13:58:33.595   442   442 I HidlServiceManagement: Registered android.hardware.media.c2@1.2::IComponentStore/software
06-11 13:58:33.595   442   442 I CodecServiceRegistrant: Software Codec2 service created and registered.
06-11 13:58:33.595   412   412 D DisplayModeController: setDesiredMode 4619827259835644672 {mode={fps=60.00 Hz, modePtr={id=0, vsyncRate=60.00 Hz, peakRefreshRate=60.00 Hz}}, emitEvent=true, force=false}
06-11 13:58:33.595   159   159 I hwservicemanager: getTransport: Cannot find entry android.frameworks.displayservice@1.0::IDisplayService/default in either framework or device VINTF manifest.
06-11 13:58:33.595   412   530 W SurfaceFlinger: Failed to set thread name on dispatch thread
06-11 13:58:33.596   412   412 E HidlServiceManagement: Service android.frameworks.displayservice@1.0::IDisplayService/default must be in VINTF manifest in order to register/get.
06-11 13:58:33.596   412   412 E SurfaceFlinger: Did not register (deprecated) IDisplayService service.
06-11 13:58:33.596   412   412 D SurfaceFlinger: Setting power mode 0 on display 4619827259835644672
06-11 13:58:33.596   412   412 D SurfaceFlinger: Setting power mode 2 on display 4619827259835644672
06-11 13:58:33.596   412   412 D SurfaceFlinger: Finished setting power mode 2 on display 4619827259835644672
06-11 13:58:33.598   404   533 I AudioFlinger: AudioFlinger's thread 0xb4000076932c8b88 tid=533 ready to run
06-11 13:58:33.599   404   535 I AudioFlinger: AudioFlinger's thread 0xb4000076932c8b88 tid=535 ready to run
06-11 13:58:33.599   404   535 W AudioFlinger: no wake lock to update, system not ready yet
06-11 13:58:33.600   368   368 D AndroidRuntime: >>>>>> START com.android.internal.os.ZygoteInit uid 0 <<<<<<
06-11 13:58:33.600   404   535 W AudioFlinger: no wake lock to update, system not ready yet
06-11 13:58:33.602   371   371 I r_submix: adev_open(name=audio_hw_if)
06-11 13:58:33.603   404   404 W DeviceHalHidl: getSoundDoseInterface service android.hardware.audio.sounddose.ISoundDoseFactory/default doesn't exist
06-11 13:58:33.603   404   404 W MelReporter: activateHalSoundDoseComputation: HAL cannot provide sound dose interface for module r_submix
06-11 13:58:33.603   404   404 W AudioFlinger: loadHwModule() sound dose reporting is not available
06-11 13:58:33.603   368   368 I AndroidRuntime: Using default boot image
06-11 13:58:33.603   368   368 I AndroidRuntime: Leaving lock profiling enabled
06-11 13:58:33.603   371   371 I r_submix: adev_init_check()
06-11 13:58:33.604   404   404 I AudioFlinger: loadHwModule() Loaded r_submix audio interface, handle 18
06-11 13:58:33.604   371   371 D r_submix: adev_open_input_stream(addr=0)
06-11 13:58:33.604   371   371 I r_submix: adev_open_input_stream(): about to create pipe at index 9, rate 48000, pipe size 4096
06-11 13:58:33.604   371   371 D r_submix: submix_audio_device_create_pipe_l(addr=0, idx=9)
06-11 13:58:33.604   371   371 D r_submix:   now using address 0 for route 9
06-11 13:58:33.605   404   537 I AudioFlinger: AudioFlinger's thread 0xb4000076932c8b88 tid=537 ready to run
06-11 13:58:33.605   371   421 I r_submix: in_standby()
06-11 13:58:33.605   404   537 W AudioFlinger: no wake lock to update, system not ready yet
06-11 13:58:33.605   371   421 I r_submix: in_standby()
06-11 13:58:33.608   404   537 W AudioFlinger: no wake lock to update, system not ready yet
06-11 13:58:33.608   371   421 D r_submix: adev_close_input_stream()
06-11 13:58:33.608   371   421 D r_submix: submix_audio_device_release_pipe_l(idx=9) addr=0
06-11 13:58:33.608   371   421 D r_submix: submix_audio_device_destroy_pipe_l(): pipe destroyed
06-11 13:58:33.609   368   368 I zygote64: option[0]=-Xzygote
06-11 13:58:33.609   368   368 I zygote64: option[1]=exit
06-11 13:58:33.609   368   368 I zygote64: option[2]=vfprintf
06-11 13:58:33.609   368   368 I zygote64: option[3]=sensitiveThread
06-11 13:58:33.609   368   368 I zygote64: option[4]=-verbose:gc
06-11 13:58:33.609   368   368 I zygote64: option[5]=-XX:PerfettoHprof=true
06-11 13:58:33.609   368   368 I zygote64: option[6]=-XX:PerfettoJavaHeapStackProf=true
06-11 13:58:33.609   368   368 I zygote64: option[7]=-Xprimaryzygote
06-11 13:58:33.609   368   368 I zygote64: option[8]=-Xms8m
06-11 13:58:33.609   368   368 I zygote64: option[9]=-Xmx512m
06-11 13:58:33.609   368   368 I zygote64: option[10]=-XX:HeapGrowthLimit=192m
06-11 13:58:33.609   368   368 I zygote64: option[11]=-XX:HeapMinFree=512k
06-11 13:58:33.609   368   368 I zygote64: option[12]=-XX:HeapMaxFree=8m
06-11 13:58:33.609   368   368 I zygote64: option[13]=-XX:HeapTargetUtilization=0.75
06-11 13:58:33.609   368   368 I zygote64: option[14]=-Xusejit:true
06-11 13:58:33.609   368   368 I zygote64: option[15]=-Xjitsaveprofilinginfo
06-11 13:58:33.609   368   368 I zygote64: option[16]=-XMadviseWillNeedVdexFileSize:104857600
06-11 13:58:33.609   368   368 I zygote64: option[17]=-XMadviseWillNeedOdexFileSize:104857600
06-11 13:58:33.609   368   368 I zygote64: option[18]=-XMadviseWillNeedArtFileSize:4294967295
06-11 13:58:33.609   368   368 I zygote64: option[19]=-XjdwpOptions:suspend=n,server=y
06-11 13:58:33.609   368   368 I zygote64: option[20]=-XjdwpProvider:default
06-11 13:58:33.609   368   368 I zygote64: option[21]=-Xopaque-jni-ids:swapable
06-11 13:58:33.609   368   368 I zygote64: option[22]=-Xcompiler-option
06-11 13:58:33.609   368   368 I zygote64: option[23]=--instruction-set-variant=generic
06-11 13:58:33.609   368   368 I zygote64: option[24]=-Xcompiler-option
06-11 13:58:33.609   368   368 I zygote64: option[25]=--instruction-set-features=default
06-11 13:58:33.609   368   368 I zygote64: option[26]=-Xcompiler-option
06-11 13:58:33.609   368   368 I zygote64: option[27]=--generate-mini-debug-info
06-11 13:58:33.609   368   368 I zygote64: option[28]=-Ximage-compiler-option
06-11 13:58:33.609   368   368 I zygote64: option[29]=--runtime-arg
06-11 13:58:33.609   368   368 I zygote64: option[30]=-Ximage-compiler-option
06-11 13:58:33.609   368   368 I zygote64: option[31]=-Xms64m
06-11 13:58:33.609   368   368 I zygote64: option[32]=-Ximage-compiler-option
06-11 13:58:33.609   368   368 I zygote64: option[33]=--runtime-arg
06-11 13:58:33.609   368   368 I zygote64: option[34]=-Ximage-compiler-option
06-11 13:58:33.609   368   368 I zygote64: option[35]=-Xmx64m
06-11 13:58:33.609   368   368 I zygote64: option[36]=-Ximage-compiler-option
06-11 13:58:33.609   368   368 I zygote64: option[37]=--dirty-image-objects=/system/etc/dirty-image-objects
06-11 13:58:33.609   368   368 I zygote64: option[38]=-Ximage-compiler-option
06-11 13:58:33.609   368   368 I zygote64: option[39]=--instruction-set-variant=generic
06-11 13:58:33.609   368   368 I zygote64: option[40]=-Ximage-compiler-option
06-11 13:58:33.609   368   368 I zygote64: option[41]=--instruction-set-features=default
06-11 13:58:33.609   368   368 I zygote64: option[42]=-Ximage-compiler-option
06-11 13:58:33.609   368   368 I zygote64: option[43]=--generate-mini-debug-info
06-11 13:58:33.609   368   368 I zygote64: option[44]=-Duser.locale=en-US
06-11 13:58:33.609   368   368 I zygote64: option[45]=--cpu-abilist=arm64-v8a
06-11 13:58:33.609   368   368 I zygote64: option[46]=-Xfingerprint:google/sdk_gphone64_arm64/emu64a:15/AE3A.240806.036/12592187:user/release-keys
06-11 13:58:33.610   368   368 I zygote64: Using CollectorTypeCMC GC.
06-11 13:58:33.612   404   404 W DeviceHalHidl: getSoundDoseInterface service android.hardware.audio.sounddose.ISoundDoseFactory/default doesn't exist
06-11 13:58:33.612   404   404 W MelReporter: activateHalSoundDoseComputation: HAL cannot provide sound dose interface for module bluetooth
06-11 13:58:33.612   404   404 W AudioFlinger: loadHwModule() sound dose reporting is not available
06-11 13:58:33.613   404   404 I AudioFlinger: loadHwModule() Loaded bluetooth audio interface, handle 26
06-11 13:58:33.614   404   404 W FactoryHal: hasAidlHalService android.hardware.audio.effect.IFactory/default: false
06-11 13:58:33.614   159   159 I hwservicemanager: getTransport: Cannot find entry android.hardware.audio.effect@7.1::IEffectsFactory/default in either framework or device VINTF manifest.
06-11 13:58:33.615   404   404 W FactoryHal: hasAidlHalService android.hardware.audio.core.IModule/default: false
06-11 13:58:33.617   158   541 W libc    : Unable to set property "ctl.interface_start" to "aidl/activity": PROP_ERROR_HANDLE_CONTROL_MESSAGE (0x20)
06-11 13:58:33.649   532   532 D BootAnimation: BootAnimationStartTiming start time: 6205ms
06-11 13:58:33.649   532   532 D BootAnimation: BootAnimationPreloadTiming start time: 6206ms
06-11 13:58:33.653   532   532 D BootAnimation: /product/media/bootanimation.zip is loaded successfully
06-11 13:58:33.690   532   532 D BootAnimation: BootAnimationPreloadStopTiming start time: 6247ms
06-11 13:58:33.702   532   548 I EGL_emulation: Opening libGLESv1_CM_emulation.so
06-11 13:58:33.702   532   548 I EGL_emulation: Opening libGLESv2_emulation.so
06-11 13:58:33.707   159   159 I hwservicemanager: getTransport: Cannot find entry android.hardware.graphics.mapper@4.0::IMapper/default in either framework or device VINTF manifest.
06-11 13:58:33.707   532   548 I Gralloc4: mapper 4.x is not supported
06-11 13:58:33.720   532   548 W emuglGLESv2_enc: error cap: 0xde1 is invalid
06-11 13:58:33.720   532   548 E emuglGLESv2_enc: hardware/google/gfxstream/guest/GLESv2_enc/GL2Encoder.cpp:s_glEnable:5047 GL error 0x500 condition [!GLESv2Validation::allowedEnable(ctx->majorVersion(), ctx->minorVersion(), what)]
06-11 13:58:33.727   415   549 I adbd    : host-10: read thread spawning
06-11 13:58:33.728   532   548 D BootAnimation: Playing files = /product/media/bootanimation.zip/part0, Requested repeat = 1, playUntilComplete = true
06-11 13:58:33.728   415   550 I adbd    : host-10: write thread spawning
06-11 13:58:33.729   415   552 I adbd    : host-16: write thread spawning
06-11 13:58:33.729   415   560 I adbd    : host-20: write thread spawning
06-11 13:58:33.729   415   553 I adbd    : host-17: read thread spawning
06-11 13:58:33.729   415   553 I adbd    : host-17: read failed: Success
06-11 13:58:33.729   415   559 I adbd    : host-20: read thread spawning
06-11 13:58:33.729   415   558 I adbd    : host-19: write thread spawning
06-11 13:58:33.729   415   553 I adbd    : host-17: connection terminated: read failed
06-11 13:58:33.729   415   415 I adbd    : host-17: already offline
06-11 13:58:33.729   415   555 I adbd    : host-18: read thread spawning
06-11 13:58:33.729   415   415 I adbd    : destroying transport host-17
06-11 13:58:33.729   415   555 I adbd    : host-18: read failed: Success
06-11 13:58:33.729   415   415 I adbd    : BlockingConnectionAdapter(host-17): stopping
06-11 13:58:33.729   415   555 I adbd    : host-18: connection terminated: read failed
06-11 13:58:33.729   415   556 I adbd    : host-18: write thread spawning
06-11 13:58:33.729   415   559 I adbd    : host-20: read failed: Success
06-11 13:58:33.729   415   559 I adbd    : host-20: connection terminated: read failed
06-11 13:58:33.729   415   554 I adbd    : host-17: write thread spawning
06-11 13:58:33.729   415   551 I adbd    : host-16: read thread spawning
06-11 13:58:33.729   415   557 I adbd    : host-19: read thread spawning
06-11 13:58:33.729   415   415 I adbd    : BlockingConnectionAdapter(host-17): stopped
06-11 13:58:33.729   415   415 I adbd    : host-18: already offline
06-11 13:58:33.729   415   557 I adbd    : host-19: read failed: Success
06-11 13:58:33.729   415   415 I adbd    : destroying transport host-18
06-11 13:58:33.729   415   415 I adbd    : BlockingConnectionAdapter(host-18): stopping
06-11 13:58:33.729   415   557 I adbd    : host-19: connection terminated: read failed
06-11 13:58:33.729   415   551 I adbd    : host-16: read failed: Success
06-11 13:58:33.729   415   551 I adbd    : host-16: connection terminated: read failed
06-11 13:58:33.729   415   415 I adbd    : BlockingConnectionAdapter(host-18): stopped
06-11 13:58:33.729   415   415 I adbd    : host-20: already offline
06-11 13:58:33.729   415   415 I adbd    : destroying transport host-20
06-11 13:58:33.729   415   415 I adbd    : BlockingConnectionAdapter(host-20): stopping
06-11 13:58:33.730   415   415 I adbd    : BlockingConnectionAdapter(host-20): stopped
06-11 13:58:33.730   415   415 I adbd    : BlockingConnectionAdapter(host-17): destructing
06-11 13:58:33.730   415   415 I adbd    : BlockingConnectionAdapter(host-17): already stopped
06-11 13:58:33.730   415   415 I adbd    : host-19: already offline
06-11 13:58:33.730   415   415 I adbd    : destroying transport host-19
06-11 13:58:33.730   415   415 I adbd    : BlockingConnectionAdapter(host-19): stopping
06-11 13:58:33.730   415   415 I adbd    : BlockingConnectionAdapter(host-19): stopped
06-11 13:58:33.730   415   415 I adbd    : host-16: already offline
06-11 13:58:33.730   415   415 I adbd    : destroying transport host-16
06-11 13:58:33.730   415   415 I adbd    : BlockingConnectionAdapter(host-16): stopping
06-11 13:58:33.730   415   415 I adbd    : BlockingConnectionAdapter(host-16): stopped
06-11 13:58:33.730   415   415 I adbd    : BlockingConnectionAdapter(host-18): destructing
06-11 13:58:33.730   415   415 I adbd    : BlockingConnectionAdapter(host-18): already stopped
06-11 13:58:33.730   415   415 I adbd    : BlockingConnectionAdapter(host-20): destructing
06-11 13:58:33.730   415   415 I adbd    : BlockingConnectionAdapter(host-20): already stopped
06-11 13:58:33.730   415   415 I adbd    : BlockingConnectionAdapter(host-19): destructing
06-11 13:58:33.730   415   415 I adbd    : BlockingConnectionAdapter(host-19): already stopped
06-11 13:58:33.730   415   415 I adbd    : BlockingConnectionAdapter(host-16): destructing
06-11 13:58:33.730   415   415 I adbd    : BlockingConnectionAdapter(host-16): already stopped
06-11 13:58:33.736   412   412 I SurfaceFlinger: Enter boot animation
06-11 13:58:33.837   368   368 D nativeloader: InitDefaultPublicLibraries for_preload=1: libandroid.so:libaaudio.so:libamidi.so:libbinder_ndk.so:libc.so:libcamera2ndk.so:libdl.so:libEGL.so:libGLESv1_CM.so:libGLESv2.so:libGLESv3.so:libicu.so:libicui18n.so:libicuuc.so:libjnigraphics.so:liblog.so:libmediandk.so:libm.so:libnativehelper.so:libnativewindow.so:libOpenMAXAL.so:libOpenSLES.so:libRS.so:libstdc++.so:libsync.so:libvulkan.so:libwebviewchromium_plat_support.so:libz.so
06-11 13:58:33.869   368   368 D nativeloader: Load libicu_jni.so using APEX ns com_android_art for caller /apex/com.android.art/javalib/core-oj.jar: ok
06-11 13:58:33.872   368   368 D zygote64: u_setTimeZoneFilesDirectory("/apex/com.android.tzdata/etc/tz/versioned/8/icu") succeeded. 
06-11 13:58:33.873   368   368 D zygote64: I18n APEX ICU file found: /apex/com.android.i18n/etc/icu/icudt75l.dat
06-11 13:58:33.884   368   368 D nativeloader: Load libjavacore.so using APEX ns com_android_art for caller /apex/com.android.art/javalib/core-oj.jar: ok
06-11 13:58:33.888   368   368 D nativeloader: Load libopenjdk.so using APEX ns com_android_art for caller /apex/com.android.art/javalib/core-oj.jar: ok
06-11 13:58:33.905   368   368 I zygote64: Using memfd for future sealing
06-11 13:58:34.021   368   561 I zygote64: Background verification of 159 classes from boot classpath took 50.728ms
