06-11 13:58:34.806   595   595 V AconfigFlags: Read Aconfig default flag value com.android.window.flags.get_dimmer_on_closing = false
06-11 13:58:34.806   595   595 V AconfigFlags: Read Aconfig default flag value com.android.window.flags.immersive_app_repositioning = true
06-11 13:58:34.806   595   595 V AconfigFlags: Read Aconfig default flag value com.android.window.flags.insets_control_changed_item = true
06-11 13:58:34.806   595   595 V AconfigFlags: Read Aconfig default flag value com.android.window.flags.insets_control_seq = false
06-11 13:58:34.806   595   595 V AconfigFlags: Read Aconfig default flag value com.android.window.flags.insets_decoupled_configuration = true
06-11 13:58:34.806   595   595 V AconfigFlags: Read Aconfig default flag value com.android.window.flags.introduce_smoother_dimmer = true
06-11 13:58:34.806   595   595 V AconfigFlags: Read Aconfig default flag value com.android.window.flags.keyguard_appear_transition = true
06-11 13:58:34.806   595   595 V AconfigFlags: Read Aconfig default flag value com.android.window.flags.letterbox_background_wallpaper = false
06-11 13:58:34.806   595   595 V AconfigFlags: Read Aconfig default flag value com.android.window.flags.movable_cutout_configuration = true
06-11 13:58:34.806   595   595 V AconfigFlags: Read Aconfig default flag value com.android.window.flags.move_animation_options_to_change = false
06-11 13:58:34.806   595   595 V AconfigFlags: Read Aconfig default flag value com.android.window.flags.multi_crop = true
06-11 13:58:34.806   595   595 V AconfigFlags: Read Aconfig default flag value com.android.window.flags.nav_bar_transparent_by_default = false
06-11 13:58:34.806   595   595 V AconfigFlags: Read Aconfig default flag value com.android.window.flags.no_consecutive_visibility_events = true
06-11 13:58:34.806   595   595 V AconfigFlags: Read Aconfig default flag value com.android.window.flags.no_visibility_event_on_display_state_change = false
06-11 13:58:34.806   595   595 V AconfigFlags: Read Aconfig default flag value com.android.window.flags.offload_color_extraction = false
06-11 13:58:34.806   595   595 V AconfigFlags: Read Aconfig default flag value com.android.window.flags.predictive_back_system_anims = true
06-11 13:58:34.806   595   595 V AconfigFlags: Read Aconfig default flag value com.android.window.flags.rear_display_disable_force_desktop_system_decorations = false
06-11 13:58:34.806   595   595 V AconfigFlags: Read Aconfig default flag value com.android.window.flags.release_snapshot_aggressively = false
06-11 13:58:34.806   595   595 V AconfigFlags: Read Aconfig default flag value com.android.window.flags.remove_prepare_surface_in_placement = true
06-11 13:58:34.806   595   595 V AconfigFlags: Read Aconfig default flag value com.android.window.flags.screen_recording_callbacks = true
06-11 13:58:34.806   595   595 V AconfigFlags: Read Aconfig default flag value com.android.window.flags.sdk_desired_present_time = true
06-11 13:58:34.806   595   595 V AconfigFlags: Read Aconfig default flag value com.android.window.flags.secure_window_state = true
06-11 13:58:34.806   595   595 V AconfigFlags: Read Aconfig default flag value com.android.window.flags.set_sc_properties_in_client = false
06-11 13:58:34.806   595   595 V AconfigFlags: Read Aconfig default flag value com.android.window.flags.skip_sleeping_when_switching_display = true
06-11 13:58:34.806   595   595 V AconfigFlags: Read Aconfig default flag value com.android.window.flags.supports_multi_instance_system_ui = true
06-11 13:58:34.806   595   595 V AconfigFlags: Read Aconfig default flag value com.android.window.flags.surface_control_input_receiver = true
06-11 13:58:34.806   595   595 V AconfigFlags: Read Aconfig default flag value com.android.window.flags.surface_trusted_overlay = true
06-11 13:58:34.806   595   595 V AconfigFlags: Read Aconfig default flag value com.android.window.flags.sync_screen_capture = true
06-11 13:58:34.806   595   595 V AconfigFlags: Read Aconfig default flag value com.android.window.flags.task_fragment_system_organizer_flag = true
06-11 13:58:34.806   595   595 V AconfigFlags: Read Aconfig default flag value com.android.window.flags.transit_ready_tracking = false
06-11 13:58:34.806   595   595 V AconfigFlags: Read Aconfig default flag value com.android.window.flags.trusted_presentation_listener_for_window = true
06-11 13:58:34.806   595   595 V AconfigFlags: Read Aconfig default flag value com.android.window.flags.untrusted_embedding_any_app_permission = false
06-11 13:58:34.806   595   595 V AconfigFlags: Read Aconfig default flag value com.android.window.flags.untrusted_embedding_state_sharing = true
06-11 13:58:34.806   595   595 V AconfigFlags: Read Aconfig default flag value com.android.window.flags.use_window_original_touchable_region_when_magnification_recompute_bounds = false
06-11 13:58:34.806   595   595 V AconfigFlags: Read Aconfig default flag value com.android.window.flags.user_min_aspect_ratio_app_default = true
06-11 13:58:34.806   595   595 V AconfigFlags: Read Aconfig default flag value com.android.window.flags.wait_for_transition_on_display_switch = true
06-11 13:58:34.806   595   595 V AconfigFlags: Read Aconfig default flag value com.android.window.flags.wallpaper_offset_async = true
06-11 13:58:34.806   595   595 V AconfigFlags: Read Aconfig default flag value com.android.window.flags.window_session_relayout_info = true
06-11 13:58:34.806   595   595 V AconfigFlags: Read Aconfig default flag value com.android.window.flags.window_token_config_thread_safe = true
06-11 13:58:34.806   595   595 V AconfigFlags: Read Aconfig default flag value com.android.graphics.libgui.flags.bq_extendedallocate = false
06-11 13:58:34.806   595   595 V AconfigFlags: Read Aconfig default flag value com.android.graphics.libgui.flags.bq_setframerate = true
06-11 13:58:34.806   595   595 V AconfigFlags: Read Aconfig default flag value com.android.graphics.libgui.flags.frametimestamps_previousrelease = true
06-11 13:58:34.806   595   595 V AconfigFlags: Read Aconfig default flag value com.android.graphics.libgui.flags.trace_frame_rate_override = false
06-11 13:58:34.806   595   595 V AconfigFlags: Read Aconfig default flag value com.android.media.audioserver.direct_track_reprioritization = true
06-11 13:58:34.806   595   595 V AconfigFlags: Read Aconfig default flag value com.android.media.audioserver.effect_chain_callback_improve = false
06-11 13:58:34.806   595   595 V AconfigFlags: Read Aconfig default flag value com.android.media.audioserver.fdtostring_timeout_fix = true
06-11 13:58:34.806   595   595 V AconfigFlags: Read Aconfig default flag value com.android.media.audioserver.fix_concurrent_playback_behavior_with_bit_perfect_client = false
06-11 13:58:34.806   595   595 V AconfigFlags: Read Aconfig default flag value com.android.media.audioserver.fix_input_sharing_logic = false
06-11 13:58:34.806   595   595 V AconfigFlags: Read Aconfig default flag value com.android.media.audioserver.mutex_priority_inheritance = true
06-11 13:58:34.806   595   595 V AconfigFlags: Read Aconfig default flag value com.android.media.audioserver.use_bt_sco_for_media = false
06-11 13:58:34.806   595   595 V AconfigFlags: Read Aconfig default flag value com.android.media.codec.flags.aidl_hal = true
06-11 13:58:34.806   595   595 V AconfigFlags: Read Aconfig default flag value com.android.media.codec.flags.codec_importance = true
06-11 13:58:34.806   595   595 V AconfigFlags: Read Aconfig default flag value com.android.media.codec.flags.large_audio_frame = true
06-11 13:58:34.818   595   595 I PackageManager: /system/apex/com.android.apex.cts.shim.apex changed; collecting certs
06-11 13:58:34.820   595   595 I PackageBackwardCompatibility: Loaded android.content.pm.AndroidTestBaseUpdater
06-11 13:58:34.821   595   595 I PackageManager: /data/apex/decompressed/com.android.adbd@350820300.decompressed.apex changed; collecting certs
06-11 13:58:34.822   595   595 I PackageManager: /data/apex/decompressed/com.android.adservices@350820260.decompressed.apex changed; collecting certs
06-11 13:58:34.823   595   595 I PackageManager: /data/apex/decompressed/com.android.appsearch@350820300.decompressed.apex changed; collecting certs
06-11 13:58:34.823   595   595 I PackageManager: /data/apex/decompressed/com.android.art@350820300.decompressed.apex changed; collecting certs
06-11 13:58:34.824   595   595 I PackageManager: /system/apex/com.google.android.btservices.apex changed; collecting certs
06-11 13:58:34.825   595   595 I PackageManager: /data/apex/decompressed/com.android.cellbroadcast@350820300.decompressed.apex changed; collecting certs
06-11 13:58:34.826   595   595 I PackageManager: /data/apex/decompressed/com.android.configinfrastructure@350820300.decompressed.apex changed; collecting certs
06-11 13:58:34.826   595   595 I PackageManager: /data/apex/decompressed/com.android.conscrypt@350820300.decompressed.apex changed; collecting certs
06-11 13:58:34.827   595   595 I PackageManager: /vendor/apex/com.android.hardware.authsecret.apex changed; collecting certs
06-11 13:58:34.828   595   595 I PackageManager: /data/apex/decompressed/com.android.extservices@350820303.decompressed.apex changed; collecting certs
06-11 13:58:34.829   595   595 I PackageManager: /system/apex/com.google.android.devicelock.apex changed; collecting certs
06-11 13:58:34.829   595   595 I PackageManager: /vendor/apex/com.android.hardware.cas.apex changed; collecting certs
06-11 13:58:34.830   595   595 I PackageManager: /vendor/apex/com.android.hardware.neuralnetworks.apex changed; collecting certs
06-11 13:58:34.831   595   595 I PackageManager: /vendor/apex/com.android.hardware.rebootescrow.apex changed; collecting certs
06-11 13:58:34.832   595   595 I PackageManager: /data/apex/decompressed/com.android.ipsec@350820300.decompressed.apex changed; collecting certs
06-11 13:58:34.833   595   595 I PackageManager: /data/apex/decompressed/com.android.healthfitness@350820300.decompressed.apex changed; collecting certs
06-11 13:58:34.833   595   595 I PackageManager: /system/apex/com.android.i18n.apex changed; collecting certs
06-11 13:58:34.834   595   595 I PackageManager: /data/apex/decompressed/com.android.mediaprovider@350820300.decompressed.apex changed; collecting certs
06-11 13:58:34.835   595   595 I PackageManager: /data/apex/decompressed/com.android.media.swcodec@350820300.decompressed.apex changed; collecting certs
06-11 13:58:34.836   595   595 I PackageManager: /data/apex/decompressed/com.android.neuralnetworks@350820300.decompressed.apex changed; collecting certs
06-11 13:58:34.836   595   595 I PackageManager: /data/apex/decompressed/com.android.media@350820300.decompressed.apex changed; collecting certs
06-11 13:58:34.837   595   595 I PackageManager: /system/apex/com.google.android.nfcservices.apex changed; collecting certs
06-11 13:58:34.838   595   595 I PackageManager: /data/apex/decompressed/com.android.os.statsd@350820260.decompressed.apex changed; collecting certs
06-11 13:58:34.839   595   595 I PackageManager: /data/apex/decompressed/com.android.ondevicepersonalization@350820260.decompressed.apex changed; collecting certs
06-11 13:58:34.840   595   595 I PackageManager: /data/apex/decompressed/com.android.profiling@352090000.decompressed.apex changed; collecting certs
06-11 13:58:34.840   595   595 I PackageManager: /data/apex/decompressed/com.android.permission@350820360.decompressed.apex changed; collecting certs
06-11 13:58:34.841   595   595 I PackageManager: /data/apex/decompressed/com.android.resolv@350820300.decompressed.apex changed; collecting certs
06-11 13:58:34.842   595   595 I PackageManager: /data/apex/decompressed/com.android.rkpd@350820300.decompressed.apex changed; collecting certs
06-11 13:58:34.842   595   595 I PackageManager: /data/apex/decompressed/com.android.scheduling@350820300.decompressed.apex changed; collecting certs
06-11 13:58:34.843   595   595 I PackageManager: /system/apex/com.android.runtime.apex changed; collecting certs
06-11 13:58:34.844   595   595 I PackageManager: /data/apex/decompressed/com.android.sdkext@350820300.decompressed.apex changed; collecting certs
06-11 13:58:34.845   595   595 I PackageManager: /data/apex/decompressed/com.android.tethering@350820300.decompressed.apex changed; collecting certs
06-11 13:58:34.845   595   595 I PackageManager: /system/apex/com.google.android.tzdata6.apex changed; collecting certs
06-11 13:58:34.846   595   595 I PackageManager: /data/apex/decompressed/com.android.uwb@350820300.decompressed.apex changed; collecting certs
06-11 13:58:34.847   595   595 I PackageManager: /data/apex/decompressed/com.android.wifi@350820300.decompressed.apex changed; collecting certs
06-11 13:58:34.847   595   595 I PackageManager: /system/apex/com.android.virt.apex changed; collecting certs
06-11 13:58:34.848   595   595 I PackageManager: /system/apex/com.google.mainline.primary.libs.apex changed; collecting certs
06-11 13:58:34.849   595   595 I PackageManager: /vendor/apex/com.google.android.widevine-11775005.apex changed; collecting certs
06-11 13:58:34.849   595   595 D PackageManager: No files in app dir /apex/com.google.android.widevine/overlay
06-11 13:58:34.849   595   595 D PackageManager: No files in app dir /apex/com.android.hardware.cas/overlay
06-11 13:58:34.849   595   595 D PackageManager: No files in app dir /apex/com.android.hardware.neuralnetworks/overlay
06-11 13:58:34.849   595   595 D PackageManager: No files in app dir /apex/com.android.hardware.rebootescrow/overlay
06-11 13:58:34.849   595   595 D PackageManager: No files in app dir /apex/com.android.hardware.authsecret/overlay
06-11 13:58:34.849   595   595 D PackageManager: No files in app dir /system_ext/overlay
06-11 13:58:34.861   595   595 D PackageManager: No files in app dir /oem/overlay
06-11 13:58:34.861   595   595 D PackageManager: No files in app dir /odm/overlay
06-11 13:58:34.862   595   595 W PackageManager: Failed to parse /system/framework/arm64: Missing base APK in /system/framework/arm64
06-11 13:58:34.862   595   595 W PackageManager: Failed to parse /system/framework/oat: Missing base APK in /system/framework/oat/arm64
06-11 13:58:34.880   595   595 D PackageManager: No files in app dir /vendor/priv-app
06-11 13:58:34.880   595   595 D PackageManager: No files in app dir /vendor/app
06-11 13:58:34.880   595   595 D PackageManager: No files in app dir /odm/priv-app
06-11 13:58:34.880   595   595 D PackageManager: No files in app dir /odm/app
06-11 13:58:34.880   595   595 D PackageManager: No files in app dir /oem/app
06-11 13:58:34.881   595   595 W PackageManager: Failed to scan /product/priv-app/DeviceIntelligenceNetworkPrebuilt-astrea_20240329.00_RC02: Package com.google.android.as.oss at /product/priv-app/DeviceIntelligenceNetworkPrebuilt-astrea_20240329.00_RC02 ignored: updated version 99059 better than this 55115
06-11 13:58:34.885   595   595 W PackageManager: Failed to scan /product/priv-app/GoogleRestorePrebuilt-v526684: Package com.google.android.apps.restore at /product/priv-app/GoogleRestorePrebuilt-v526684 ignored: updated version 793553 better than this 526684
06-11 13:58:34.885   595   595 W PackageManager: Failed to scan /product/priv-app/GoogleDialer: Package com.google.android.dialer at /product/priv-app/GoogleDialer ignored: updated version 18696158 better than this 16046248
06-11 13:58:34.886   595   595 W PackageManager: Failed to scan /product/priv-app/SafetyHubPrebuilt: Package com.google.android.apps.safetyhub at /product/priv-app/SafetyHubPrebuilt ignored: updated version 100632443 better than this 100403564
06-11 13:58:34.886   595   595 W PackageManager: Failed to scan /product/priv-app/Phonesky: Package com.android.vending at /product/priv-app/Phonesky ignored: updated version 84651930 better than this 84132530
06-11 13:58:34.886   595   595 W PackageManager: Failed to scan /product/priv-app/PrebuiltBugle: Package com.google.android.apps.messaging at /product/priv-app/PrebuiltBugle ignored: updated version 280825063 better than this 235003840
06-11 13:58:34.886   595   595 W PackageManager: Skipping provider name com.google.android.settings.intelligence (in package com.google.android.settings.intelligence): name already used by com.google.android.settings.intelligence
06-11 13:58:34.887   595   595 W PackageManager: Failed to scan /product/priv-app/WellbeingPrebuilt: Package com.google.android.apps.wellbeing at /product/priv-app/WellbeingPrebuilt ignored: updated version 724317 better than this 616487
06-11 13:58:34.887   595   595 W PackageManager: Failed to scan /product/priv-app/Velvet: Package com.google.android.googlequicksearchbox at /product/priv-app/Velvet ignored: updated version 301527594 better than this 301351420
06-11 13:58:34.888   595   595 W PackageManager: Failed to scan /product/priv-app/PrebuiltGmsCore: Package com.google.android.gms at /product/priv-app/PrebuiltGmsCore ignored: updated version 252234035 better than this 242335038
06-11 13:58:34.889   595   595 W PackageManager: Failed to parse /product/app/Chrome: Missing base APK in /product/app/Chrome
06-11 13:58:34.889   595   595 W PackageManager: Failed to scan /product/app/Chrome-Stub: Package com.android.chrome at /product/app/Chrome-Stub ignored: updated version 715107333 better than this 636771932
06-11 13:58:34.890   595   595 W PackageManager: Failed to scan /product/app/CalendarGooglePrebuilt: Package com.google.android.calendar at /product/app/CalendarGooglePrebuilt ignored: updated version 2017780863 better than this 2017394391
06-11 13:58:34.890   595   595 W PackageManager: Failed to scan /product/app/Drive: Package com.google.android.apps.docs at /product/app/Drive ignored: updated version 214032072 better than this 213587423
06-11 13:58:34.891   595   595 W PackageManager: Failed to scan /product/app/GoogleContacts: Package com.google.android.contacts at /product/app/GoogleContacts ignored: updated version 3227319 better than this 3176399
06-11 13:58:34.891   595   595 W PackageManager: Failed to scan /product/app/LatinIMEGooglePrebuilt: Package com.google.android.inputmethod.latin at /product/app/LatinIMEGooglePrebuilt ignored: updated version 167407714 better than this 143544270
06-11 13:58:34.892   595   595 W PackageManager: Failed to scan /product/app/GoogleTTS: Package com.google.android.tts at /product/app/GoogleTTS ignored: updated version 210563954 better than this 210476565
06-11 13:58:34.893   595   595 W PackageManager: Failed to scan /product/app/Maps: Package com.google.android.apps.maps at /product/app/Maps ignored: updated version 1068096141 better than this 1067529190
06-11 13:58:34.894   595   595 W PackageManager: Failed to scan /product/app/Photos: Package com.google.android.apps.photos at /product/app/Photos ignored: updated version 50214418 better than this 48965348
06-11 13:58:34.894   595   595 W PackageManager: Failed to scan /product/app/PrebuiltDeskClockGoogle: Package com.google.android.deskclock at /product/app/PrebuiltDeskClockGoogle ignored: updated version 76007130 better than this 76002074
06-11 13:58:34.894   595   595 W PackageManager: Failed to parse /product/app/TrichromeLibrary: Missing base APK in /product/app/TrichromeLibrary
06-11 13:58:34.894   595   595 W PackageManager: Failed to scan /product/app/TrichromeLibrary-Stub: Package com.google.android.trichromelibrary_636771932 at /product/app/TrichromeLibrary-Stub ignored: updated version 636771932 better than this 636771932
06-11 13:58:34.894   595   595 W PackageManager: Failed to parse /product/app/WebViewGoogle: Missing base APK in /product/app/WebViewGoogle
06-11 13:58:34.894   595   595 W PackageManager: Failed to scan /product/app/PrebuiltGmail: Package com.google.android.gm at /product/app/PrebuiltGmail ignored: updated version 65150272 better than this 64551108
06-11 13:58:34.894   595   595 W PackageManager: Failed to scan /product/app/WebViewGoogle-Stub: Package com.google.android.webview at /product/app/WebViewGoogle-Stub ignored: updated version 715106133 better than this 636771932
06-11 13:58:34.895   595   595 W PackageManager: Failed to scan /product/app/YouTubeMusicPrebuilt: Package com.google.android.apps.youtube.music at /product/app/YouTubeMusicPrebuilt ignored: updated version 82252240 better than this 64953240
06-11 13:58:34.895   595   595 W PackageManager: Failed to scan /product/app/YouTube: Package com.google.android.youtube at /product/app/YouTube ignored: updated version 1554648512 better than this 1545868760
06-11 13:58:34.905   595   595 I ApexManager: Registering com.google.android.ondevicepersonalization.services as apk-in-apex of com.android.ondevicepersonalization
06-11 13:58:34.906   595   595 I ApexManager: Registering com.google.android.federatedcompute as apk-in-apex of com.android.ondevicepersonalization
06-11 13:58:34.907   595   595 D PackageManager: No files in app dir /apex/com.android.configinfrastructure/priv-app
06-11 13:58:34.908   595   595 I ApexManager: Registering com.google.android.server.deviceconfig.resources as apk-in-apex of com.android.configinfrastructure
06-11 13:58:34.908   595   595 D PackageManager: No files in app dir /apex/com.android.scheduling/priv-app
06-11 13:58:34.908   595   595 D PackageManager: No files in app dir /apex/com.android.scheduling/app
06-11 13:58:34.909   595   595 I ApexManager: Registering com.google.android.rkpdapp as apk-in-apex of com.android.rkpd
06-11 13:58:34.909   595   595 D PackageManager: No files in app dir /apex/com.android.rkpd/app
06-11 13:58:34.909   595   595 D PackageManager: No files in app dir /apex/com.android.sdkext/priv-app
06-11 13:58:34.909   595   595 D PackageManager: No files in app dir /apex/com.android.sdkext/app
06-11 13:58:34.911   595   595 I ApexManager: Registering com.google.android.networkstack.tethering as apk-in-apex of com.android.tethering
06-11 13:58:34.911   595   595 I ApexManager: Registering com.google.android.connectivity.resources as apk-in-apex of com.android.tethering
06-11 13:58:34.911   595   595 D PackageManager: No files in app dir /apex/com.android.tethering/app
06-11 13:58:34.912   595   595 I ApexManager: Registering com.android.nfc as apk-in-apex of com.android.nfcservices
06-11 13:58:34.912   595   595 D PackageManager: No files in app dir /apex/com.android.nfcservices/app
06-11 13:58:34.914   595   595 I ApexManager: Registering com.google.android.uwb.resources as apk-in-apex of com.android.uwb
06-11 13:58:34.914   595   595 D PackageManager: No files in app dir /apex/com.android.uwb/app
06-11 13:58:34.915   595   595 I ApexManager: Registering com.google.android.adservices.api as apk-in-apex of com.android.adservices
06-11 13:58:34.916   595   595 I ApexManager: Registering com.google.android.sdksandbox as apk-in-apex of com.android.adservices
06-11 13:58:34.917   595   595 D PackageManager: No files in app dir /apex/com.android.virt/priv-app
06-11 13:58:34.917   595   595 I ApexManager: Registering com.android.virtualmachine.res as apk-in-apex of com.android.virt
06-11 13:58:34.917   595   595 D PackageManager: No files in app dir /apex/com.android.hardware.authsecret/priv-app
06-11 13:58:34.917   595   595 D PackageManager: No files in app dir /apex/com.android.hardware.authsecret/app
06-11 13:58:34.918   595   595 I ApexManager: Registering com.google.android.ext.services as apk-in-apex of com.android.extservices
06-11 13:58:34.918   595   595 D PackageManager: No files in app dir /apex/com.android.extservices/app
06-11 13:58:34.918   595   595 D PackageManager: No files in app dir /apex/com.android.runtime/priv-app
06-11 13:58:34.918   595   595 D PackageManager: No files in app dir /apex/com.android.runtime/app
06-11 13:58:34.918   595   595 D PackageManager: No files in app dir /apex/com.android.ipsec/priv-app
06-11 13:58:34.918   595   595 D PackageManager: No files in app dir /apex/com.android.ipsec/app
06-11 13:58:34.918   595   595 D PackageManager: No files in app dir /apex/com.android.hardware.rebootescrow/priv-app
06-11 13:58:34.918   595   595 D PackageManager: No files in app dir /apex/com.android.hardware.rebootescrow/app
06-11 13:58:34.918   595   595 D PackageManager: No files in app dir /apex/com.android.profiling/priv-app
06-11 13:58:34.918   595   595 D PackageManager: No files in app dir /apex/com.android.profiling/app
06-11 13:58:34.918   595   595 D PackageManager: No files in app dir /apex/com.android.os.statsd/priv-app
06-11 13:58:34.918   595   595 D PackageManager: No files in app dir /apex/com.android.os.statsd/app
06-11 13:58:34.918   595   595 D PackageManager: No files in app dir /apex/com.android.hardware.neuralnetworks/priv-app
06-11 13:58:34.918   595   595 D PackageManager: No files in app dir /apex/com.android.hardware.neuralnetworks/app
06-11 13:58:34.920   595   595 I ApexManager: Registering com.google.android.permissioncontroller as apk-in-apex of com.android.permission
06-11 13:58:34.920   595   595 I ApexManager: Registering com.google.android.safetycenter.resources as apk-in-apex of com.android.permission
06-11 13:58:34.920   595   595 D PackageManager: No files in app dir /apex/com.android.permission/app
06-11 13:58:34.920   595   595 D PackageManager: No files in app dir /apex/com.android.tzdata/priv-app
06-11 13:58:34.920   595   595 D PackageManager: No files in app dir /apex/com.android.tzdata/app
06-11 13:58:34.920   595   595 D PackageManager: No files in app dir /apex/com.android.conscrypt/priv-app
06-11 13:58:34.920   595   595 D PackageManager: No files in app dir /apex/com.android.conscrypt/app
06-11 13:58:34.920   595   595 D PackageManager: No files in app dir /apex/com.android.media/priv-app
06-11 13:58:34.920   595   595 D PackageManager: No files in app dir /apex/com.android.media/app
06-11 13:58:34.920   595   595 D PackageManager: No files in app dir /apex/com.android.neuralnetworks/priv-app
06-11 13:58:34.920   595   595 D PackageManager: No files in app dir /apex/com.android.neuralnetworks/app
06-11 13:58:34.920   595   595 D PackageManager: No files in app dir /apex/com.android.i18n/priv-app
06-11 13:58:34.920   595   595 D PackageManager: No files in app dir /apex/com.android.i18n/app
06-11 13:58:34.920   595   595 D PackageManager: No files in app dir /apex/com.android.hardware.cas/priv-app
06-11 13:58:34.920   595   595 D PackageManager: No files in app dir /apex/com.android.hardware.cas/app
06-11 13:58:34.921   595   595 I ApexManager: Registering com.google.android.wifi.resources as apk-in-apex of com.android.wifi
06-11 13:58:34.922   595   595 I ApexManager: Registering com.google.android.hotspot2.osulogin as apk-in-apex of com.android.wifi
06-11 13:58:34.923   595   595 I ApexManager: Registering com.google.android.wifi.dialog as apk-in-apex of com.android.wifi
06-11 13:58:34.923   595   595 D PackageManager: No files in app dir /apex/com.google.android.widevine/priv-app
06-11 13:58:34.923   595   595 D PackageManager: No files in app dir /apex/com.google.android.widevine/app
06-11 13:58:34.923   595   595 D PackageManager: No files in app dir /apex/com.google.mainline.primary.libs/priv-app
06-11 13:58:34.923   595   595 D PackageManager: No files in app dir /apex/com.google.mainline.primary.libs/app
06-11 13:58:34.924   595   595 I ApexManager: Registering com.google.android.appsearch.apk as apk-in-apex of com.android.appsearch
06-11 13:58:34.924   595   595 D PackageManager: No files in app dir /apex/com.android.appsearch/app
06-11 13:58:34.926   595   595 I ApexManager: Registering com.google.android.cellbroadcastreceiver as apk-in-apex of com.android.cellbroadcast
06-11 13:58:34.926   595   595 I ApexManager: Registering com.google.android.cellbroadcastservice as apk-in-apex of com.android.cellbroadcast
06-11 13:58:34.926   595   595 D PackageManager: No files in app dir /apex/com.android.cellbroadcast/app
06-11 13:58:34.926   595   595 D PackageManager: No files in app dir /apex/com.android.media.swcodec/priv-app
06-11 13:58:34.926   595   595 D PackageManager: No files in app dir /apex/com.android.media.swcodec/app
06-11 13:58:34.927   595   595 I ApexManager: Registering com.android.cts.priv.ctsshim as apk-in-apex of com.android.apex.cts.shim
06-11 13:58:34.928   595   595 I ApexManager: Registering com.android.cts.ctsshim as apk-in-apex of com.android.apex.cts.shim
06-11 13:58:34.929   595   595 I ApexManager: Registering com.google.android.healthconnect.controller as apk-in-apex of com.android.healthfitness
06-11 13:58:34.930   595   595 I ApexManager: Registering com.google.android.health.connect.backuprestore as apk-in-apex of com.android.healthfitness
06-11 13:58:34.930   595   595 D PackageManager: No files in app dir /apex/com.android.resolv/priv-app
06-11 13:58:34.930   595   595 D PackageManager: No files in app dir /apex/com.android.resolv/app
06-11 13:58:34.930   595   595 D PackageManager: No files in app dir /apex/com.android.btservices/priv-app
06-11 13:58:34.931   595   595 I ApexManager: Registering com.google.android.bluetooth as apk-in-apex of com.android.btservices
06-11 13:58:34.931   595   595 D PackageManager: No files in app dir /apex/com.android.art/priv-app
06-11 13:58:34.931   595   595 D PackageManager: No files in app dir /apex/com.android.art/app
06-11 13:58:34.931   595   595 D PackageManager: No files in app dir /apex/com.android.adbd/priv-app
06-11 13:58:34.931   595   595 D PackageManager: No files in app dir /apex/com.android.adbd/app
06-11 13:58:34.933   595   595 I ApexManager: Registering com.google.android.providers.media.module as apk-in-apex of com.android.mediaprovider
06-11 13:58:34.933   595   595 D PackageManager: No files in app dir /apex/com.android.mediaprovider/app
06-11 13:58:34.934   595   595 I ApexManager: Registering com.google.android.devicelockcontroller as apk-in-apex of com.android.devicelock
06-11 13:58:34.934   595   595 D PackageManager: No files in app dir /apex/com.android.devicelock/app
06-11 13:58:34.934   595   595 W OverlayConfig: partition_order.xml does not exist.
06-11 13:58:34.937   595   595 I PackageManager: Finished scanning system apps. Time: 151 ms, packageCount: 256 , timePerPackage: 0 , cached: 279
06-11 13:58:34.944   595   595 W PackageManager: Relax SCAN_REQUIRE_KNOWN requirement for package com.google.android.trichromelibrary_636771932
06-11 13:58:34.950   595   595 W PackageManager: Relax SCAN_REQUIRE_KNOWN requirement for package com.google.android.as.oss
06-11 13:58:34.954   595   595 W PackageManager: Relax SCAN_REQUIRE_KNOWN requirement for package com.google.android.apps.restore
06-11 13:58:34.962   595   595 W PackageManager: Relax SCAN_REQUIRE_KNOWN requirement for package com.google.android.webview
06-11 13:58:34.964   595   595 W PackageManager: Relax SCAN_REQUIRE_KNOWN requirement for package com.google.android.deskclock
06-11 13:58:34.974   595   595 W PackageManager: Relax SCAN_REQUIRE_KNOWN requirement for package com.google.android.apps.wellbeing
06-11 13:58:34.987   595   662 W PackageParsing: Unknown element under <manifest>: uses-sdk at /data/app/~~9Aghsnq4ihz2SWirZSFJfQ==/com.android.vending-wydFaSdRQaO9HNkgV4ElqQ==/base.apk Binary XML file line #9
06-11 13:58:34.987   595   662 W PackageParsing: Unknown element under <manifest>: module at /data/app/~~9Aghsnq4ihz2SWirZSFJfQ==/com.android.vending-wydFaSdRQaO9HNkgV4ElqQ==/base.apk Binary XML file line #11
06-11 13:58:34.988   595   595 W PackageManager: Relax SCAN_REQUIRE_KNOWN requirement for package com.android.vending
06-11 13:58:34.989   595   660 W PackageParsing: Unknown element under <manifest>: uses-sdk at /data/app/~~5QI_1BCUroC39nDLedgMyg==/com.android.chrome-mjuMWfdN_XnDSTVe-dLELg==/base.apk Binary XML file line #3
06-11 13:58:34.989   595   660 W PackageParsing: Unknown element under <manifest>: module at /data/app/~~5QI_1BCUroC39nDLedgMyg==/com.android.chrome-mjuMWfdN_XnDSTVe-dLELg==/base.apk Binary XML file line #5
06-11 13:58:34.989   595   660 W PackageParsing: Unknown element under <manifest>: uses-permission at /data/app/~~5QI_1BCUroC39nDLedgMyg==/com.android.chrome-mjuMWfdN_XnDSTVe-dLELg==/base.apk Binary XML file line #9
06-11 13:58:34.989   595   660 W PackageParsing: Unknown element under <manifest>: uses-permission at /data/app/~~5QI_1BCUroC39nDLedgMyg==/com.android.chrome-mjuMWfdN_XnDSTVe-dLELg==/base.apk Binary XML file line #10
06-11 13:58:34.989   595   660 W PackageParsing: Unknown element under <manifest>: queries at /data/app/~~5QI_1BCUroC39nDLedgMyg==/com.android.chrome-mjuMWfdN_XnDSTVe-dLELg==/base.apk Binary XML file line #12
06-11 13:58:34.993   595   660 W PackageParsing: Unknown element under <manifest>: uses-sdk at /data/app/~~5QI_1BCUroC39nDLedgMyg==/com.android.chrome-mjuMWfdN_XnDSTVe-dLELg==/base.apk Binary XML file line #3
06-11 13:58:34.993   595   660 W PackageParsing: Unknown element under <manifest>: module at /data/app/~~5QI_1BCUroC39nDLedgMyg==/com.android.chrome-mjuMWfdN_XnDSTVe-dLELg==/base.apk Binary XML file line #5
06-11 13:58:34.994   595   660 W PackageParsing: Unknown element under <manifest>: uses-sdk at /data/app/~~5QI_1BCUroC39nDLedgMyg==/com.android.chrome-mjuMWfdN_XnDSTVe-dLELg==/base.apk Binary XML file line #3
06-11 13:58:34.994   595   660 W PackageParsing: Unknown element under <manifest>: module at /data/app/~~5QI_1BCUroC39nDLedgMyg==/com.android.chrome-mjuMWfdN_XnDSTVe-dLELg==/base.apk Binary XML file line #5
06-11 13:58:34.994   595   660 W PackageParsing: Unknown element under <manifest>: uses-permission at /data/app/~~5QI_1BCUroC39nDLedgMyg==/com.android.chrome-mjuMWfdN_XnDSTVe-dLELg==/base.apk Binary XML file line #9
06-11 13:58:34.994   595   660 W PackageParsing: Unknown element under <manifest>: uses-split at /data/app/~~5QI_1BCUroC39nDLedgMyg==/com.android.chrome-mjuMWfdN_XnDSTVe-dLELg==/base.apk Binary XML file line #53
06-11 13:58:34.994   595   660 W PackageParsing: Unknown element under <manifest>: uses-sdk at /data/app/~~5QI_1BCUroC39nDLedgMyg==/com.android.chrome-mjuMWfdN_XnDSTVe-dLELg==/base.apk Binary XML file line #3
06-11 13:58:34.994   595   660 W PackageParsing: Unknown element under <manifest>: module at /data/app/~~5QI_1BCUroC39nDLedgMyg==/com.android.chrome-mjuMWfdN_XnDSTVe-dLELg==/base.apk Binary XML file line #5
06-11 13:58:34.994   595   660 W PackageParsing: Unknown element under <manifest>: uses-sdk at /data/app/~~5QI_1BCUroC39nDLedgMyg==/com.android.chrome-mjuMWfdN_XnDSTVe-dLELg==/base.apk Binary XML file line #3
06-11 13:58:34.994   595   660 W PackageParsing: Unknown element under <manifest>: module at /data/app/~~5QI_1BCUroC39nDLedgMyg==/com.android.chrome-mjuMWfdN_XnDSTVe-dLELg==/base.apk Binary XML file line #5
06-11 13:58:34.996   595   595 W PackageManager: Relax SCAN_REQUIRE_KNOWN requirement for package com.android.chrome
06-11 13:58:35.008   595   595 W PackageManager: Relax SCAN_REQUIRE_KNOWN requirement for package com.google.android.tts
06-11 13:58:35.020   595   661 W PackageParsing: Ignoring duplicate uses-permissions/uses-permissions-sdk-m: android.permission.ACCESS_NETWORK_STATE in package: com.google.android.gm at: Binary XML file line #313
06-11 13:58:35.020   595   661 W PackageParsing: Ignoring duplicate uses-permissions/uses-permissions-sdk-m: android.permission.FOREGROUND_SERVICE in package: com.google.android.gm at: Binary XML file line #316
06-11 13:58:35.020   595   661 W PackageParsing: Ignoring duplicate uses-permissions/uses-permissions-sdk-m: android.permission.FOREGROUND_SERVICE_DATA_SYNC in package: com.google.android.gm at: Binary XML file line #317
06-11 13:58:35.020   595   661 W PackageParsing: Ignoring duplicate uses-permissions/uses-permissions-sdk-m: android.permission.INTERNET in package: com.google.android.gm at: Binary XML file line #318
06-11 13:58:35.020   595   661 W PackageParsing: Ignoring duplicate uses-permissions/uses-permissions-sdk-m: android.permission.RECEIVE_BOOT_COMPLETED in package: com.google.android.gm at: Binary XML file line #319
06-11 13:58:35.020   595   661 W PackageParsing: Ignoring duplicate uses-permissions/uses-permissions-sdk-m: android.permission.VIBRATE in package: com.google.android.gm at: Binary XML file line #320
06-11 13:58:35.020   595   661 W PackageParsing: Ignoring duplicate uses-permissions/uses-permissions-sdk-m: android.permission.WAKE_LOCK in package: com.google.android.gm at: Binary XML file line #321
06-11 13:58:35.020   595   661 W PackageParsing: Ignoring duplicate uses-permissions/uses-permissions-sdk-m: android.permission.WRITE_EXTERNAL_STORAGE in package: com.google.android.gm at: Binary XML file line #323
06-11 13:58:35.020   595   661 W PackageParsing: Ignoring duplicate uses-permissions/uses-permissions-sdk-m: android.permission.POST_NOTIFICATIONS in package: com.google.android.gm at: Binary XML file line #324
06-11 13:58:35.020   595   661 W PackageParsing: Ignoring duplicate uses-permissions/uses-permissions-sdk-m: com.google.android.c2dm.permission.RECEIVE in package: com.google.android.gm at: Binary XML file line #326
06-11 13:58:35.020   595   661 W PackageParsing: Ignoring duplicate uses-permissions/uses-permissions-sdk-m: android.permission.GET_PACKAGE_SIZE in package: com.google.android.gm at: Binary XML file line #327
06-11 13:58:35.020   595   661 W PackageParsing: Ignoring duplicate uses-permissions/uses-permissions-sdk-m: com.google.android.providers.gsf.permission.READ_GSERVICES in package: com.google.android.gm at: Binary XML file line #328
06-11 13:58:35.020   595   661 W PackageParsing: Ignoring duplicate uses-permissions/uses-permissions-sdk-m: com.google.android.providers.gsf.permission.READ_GSERVICES in package: com.google.android.gm at: Binary XML file line #333
06-11 13:58:35.020   595   661 W PackageParsing: Ignoring duplicate uses-permissions/uses-permissions-sdk-m: android.permission.GET_PACKAGE_SIZE in package: com.google.android.gm at: Binary XML file line #334
06-11 13:58:35.020   595   661 W PackageParsing: Ignoring duplicate uses-permissions/uses-permissions-sdk-m: android.permission.ACCESS_NETWORK_STATE in package: com.google.android.gm at: Binary XML file line #336
06-11 13:58:35.020   595   661 W PackageParsing: Ignoring duplicate uses-permissions/uses-permissions-sdk-m: android.permission.CAMERA in package: com.google.android.gm at: Binary XML file line #347
06-11 13:58:35.020   595   661 W PackageParsing: Ignoring duplicate uses-permissions/uses-permissions-sdk-m: android.permission.FOREGROUND_SERVICE in package: com.google.android.gm at: Binary XML file line #362
06-11 13:58:35.020   595   661 W PackageParsing: Ignoring duplicate uses-permissions/uses-permissions-sdk-m: android.permission.INTERNET in package: com.google.android.gm at: Binary XML file line #363
06-11 13:58:35.020   595   661 W PackageParsing: Ignoring duplicate uses-permissions/uses-permissions-sdk-m: android.permission.RECORD_AUDIO in package: com.google.android.gm at: Binary XML file line #365
06-11 13:58:35.020   595   661 W PackageParsing: Ignoring duplicate uses-permissions/uses-permissions-sdk-m: android.permission.WAKE_LOCK in package: com.google.android.gm at: Binary XML file line #366
06-11 13:58:35.020   595   661 W PackageParsing: Ignoring duplicate uses-permissions/uses-permissions-sdk-m: android.permission.POST_NOTIFICATIONS in package: com.google.android.gm at: Binary XML file line #375
06-11 13:58:35.020   595   661 W PackageParsing: Ignoring duplicate uses-permissions/uses-permissions-sdk-m: android.permission.FOREGROUND_SERVICE_DATA_SYNC in package: com.google.android.gm at: Binary XML file line #381
06-11 13:58:35.020   595   661 W PackageParsing: Ignoring duplicate uses-permissions/uses-permissions-sdk-m: com.google.android.gm.DYNAMIC_RECEIVER_NOT_EXPORTED_PERMISSION in package: com.google.android.gm at: Binary XML file line #387
06-11 13:58:35.020   595   661 W PackageParsing: Ignoring duplicate uses-permissions/uses-permissions-sdk-m: android.permission.VIBRATE in package: com.google.android.gm at: Binary XML file line #388
06-11 13:58:35.020   595   661 W PackageParsing: Ignoring duplicate uses-permissions/uses-permissions-sdk-m: android.permission.READ_CONTACTS in package: com.google.android.gm at: Binary XML file line #389
06-11 13:58:35.020   595   661 W PackageParsing: Ignoring duplicate uses-permissions/uses-permissions-sdk-m: com.google.android.hangouts.START_HANGOUT in package: com.google.android.gm at: Binary XML file line #390
06-11 13:58:35.021   595   661 W PackageParsing: No actions in intent-filter at /data/app/~~uVdfbxigsclS06U5VmE_NA==/com.google.android.gm-0NLILFWW0BOjR6MxkIJI6A==/base.apk Binary XML file line #927
06-11 13:58:35.021   595   661 W PackageParsing: No actions in intent-filter at /data/app/~~uVdfbxigsclS06U5VmE_NA==/com.google.android.gm-0NLILFWW0BOjR6MxkIJI6A==/base.apk Binary XML file line #998
06-11 13:58:35.026   595   595 W PackageManager: Relax SCAN_REQUIRE_KNOWN requirement for package com.google.android.gm
06-11 13:58:35.030   595   595 W PackageManager: Relax SCAN_REQUIRE_KNOWN requirement for package com.google.android.apps.maps
06-11 13:58:35.045   595   595 W PackageManager: Relax SCAN_REQUIRE_KNOWN requirement for package com.google.android.apps.youtube.music
06-11 13:58:35.046   595   595 W PackageManager: Relax SCAN_REQUIRE_KNOWN requirement for package com.google.android.apps.photos
06-11 13:58:35.050   595   595 W PackageManager: Relax SCAN_REQUIRE_KNOWN requirement for package com.google.android.contacts
06-11 13:58:35.063   595   659 W PackageParsing: Unknown element under <manifest>: uses-sdk at /data/app/~~q6a11Npazd2FwgKigLBquw==/com.google.android.gms-t0xgkfOoIBvUkGbZ5-VJ0w==/base.apk Binary XML file line #10
06-11 13:58:35.063   595   659 W PackageParsing: Unknown element under <manifest>: module at /data/app/~~q6a11Npazd2FwgKigLBquw==/com.google.android.gms-t0xgkfOoIBvUkGbZ5-VJ0w==/base.apk Binary XML file line #14
06-11 13:58:35.063   595   659 W PackageParsing: Unknown element under <manifest>: uses-sdk at /data/app/~~q6a11Npazd2FwgKigLBquw==/com.google.android.gms-t0xgkfOoIBvUkGbZ5-VJ0w==/base.apk Binary XML file line #10
06-11 13:58:35.063   595   659 W PackageParsing: Unknown element under <manifest>: module at /data/app/~~q6a11Npazd2FwgKigLBquw==/com.google.android.gms-t0xgkfOoIBvUkGbZ5-VJ0w==/base.apk Binary XML file line #14
06-11 13:58:35.063   595   659 W PackageParsing: Unknown element under <manifest>: permission at /data/app/~~q6a11Npazd2FwgKigLBquw==/com.google.android.gms-t0xgkfOoIBvUkGbZ5-VJ0w==/base.apk Binary XML file line #24
06-11 13:58:35.064   595   659 W PackageParsing: Unknown element under <manifest>: uses-sdk at /data/app/~~q6a11Npazd2FwgKigLBquw==/com.google.android.gms-t0xgkfOoIBvUkGbZ5-VJ0w==/base.apk Binary XML file line #10
06-11 13:58:35.064   595   659 W PackageParsing: Unknown element under <manifest>: module at /data/app/~~q6a11Npazd2FwgKigLBquw==/com.google.android.gms-t0xgkfOoIBvUkGbZ5-VJ0w==/base.apk Binary XML file line #14
06-11 13:58:35.064   595   659 W PackageParsing: Unknown element under <manifest>: permission at /data/app/~~q6a11Npazd2FwgKigLBquw==/com.google.android.gms-t0xgkfOoIBvUkGbZ5-VJ0w==/base.apk Binary XML file line #24
06-11 13:58:35.064   595   659 W PackageParsing: Unknown element under <manifest>: uses-sdk at /data/app/~~q6a11Npazd2FwgKigLBquw==/com.google.android.gms-t0xgkfOoIBvUkGbZ5-VJ0w==/base.apk Binary XML file line #10
06-11 13:58:35.064   595   659 W PackageParsing: Unknown element under <manifest>: module at /data/app/~~q6a11Npazd2FwgKigLBquw==/com.google.android.gms-t0xgkfOoIBvUkGbZ5-VJ0w==/base.apk Binary XML file line #14
06-11 13:58:35.064   595   659 W PackageParsing: Unknown element under <manifest>: permission at /data/app/~~q6a11Npazd2FwgKigLBquw==/com.google.android.gms-t0xgkfOoIBvUkGbZ5-VJ0w==/base.apk Binary XML file line #24
06-11 13:58:35.064   595   659 W PackageParsing: Unknown element under <manifest>: uses-sdk at /data/app/~~q6a11Npazd2FwgKigLBquw==/com.google.android.gms-t0xgkfOoIBvUkGbZ5-VJ0w==/base.apk Binary XML file line #10
06-11 13:58:35.064   595   659 W PackageParsing: Unknown element under <manifest>: module at /data/app/~~q6a11Npazd2FwgKigLBquw==/com.google.android.gms-t0xgkfOoIBvUkGbZ5-VJ0w==/base.apk Binary XML file line #14
06-11 13:58:35.064   595   659 W PackageParsing: Unknown element under <manifest>: uses-feature at /data/app/~~q6a11Npazd2FwgKigLBquw==/com.google.android.gms-t0xgkfOoIBvUkGbZ5-VJ0w==/base.apk Binary XML file line #24
06-11 13:58:35.064   595   659 W PackageParsing: Unknown element under <manifest>: queries at /data/app/~~q6a11Npazd2FwgKigLBquw==/com.google.android.gms-t0xgkfOoIBvUkGbZ5-VJ0w==/base.apk Binary XML file line #28
06-11 13:58:35.064   595   659 W PackageParsing: Unknown element under <manifest>: permission at /data/app/~~q6a11Npazd2FwgKigLBquw==/com.google.android.gms-t0xgkfOoIBvUkGbZ5-VJ0w==/base.apk Binary XML file line #34
06-11 13:58:35.064   595   659 W PackageParsing: Unknown element under <manifest>: uses-sdk at /data/app/~~q6a11Npazd2FwgKigLBquw==/com.google.android.gms-t0xgkfOoIBvUkGbZ5-VJ0w==/base.apk Binary XML file line #10
06-11 13:58:35.064   595   659 W PackageParsing: Unknown element under <manifest>: module at /data/app/~~q6a11Npazd2FwgKigLBquw==/com.google.android.gms-t0xgkfOoIBvUkGbZ5-VJ0w==/base.apk Binary XML file line #14
06-11 13:58:35.064   595   659 W PackageParsing: Unknown element under <manifest>: permission at /data/app/~~q6a11Npazd2FwgKigLBquw==/com.google.android.gms-t0xgkfOoIBvUkGbZ5-VJ0w==/base.apk Binary XML file line #24
06-11 13:58:35.065   595   659 W PackageParsing: Unknown element under <manifest>: uses-sdk at /data/app/~~q6a11Npazd2FwgKigLBquw==/com.google.android.gms-t0xgkfOoIBvUkGbZ5-VJ0w==/base.apk Binary XML file line #10
06-11 13:58:35.065   595   659 W PackageParsing: Unknown element under <manifest>: module at /data/app/~~q6a11Npazd2FwgKigLBquw==/com.google.android.gms-t0xgkfOoIBvUkGbZ5-VJ0w==/base.apk Binary XML file line #14
06-11 13:58:35.065   595   659 W PackageParsing: Unknown element under <manifest>: permission at /data/app/~~q6a11Npazd2FwgKigLBquw==/com.google.android.gms-t0xgkfOoIBvUkGbZ5-VJ0w==/base.apk Binary XML file line #24
06-11 13:58:35.065   595   659 W PackageParsing: Unknown element under <manifest>: uses-sdk at /data/app/~~q6a11Npazd2FwgKigLBquw==/com.google.android.gms-t0xgkfOoIBvUkGbZ5-VJ0w==/base.apk Binary XML file line #10
06-11 13:58:35.065   595   659 W PackageParsing: Unknown element under <manifest>: module at /data/app/~~q6a11Npazd2FwgKigLBquw==/com.google.android.gms-t0xgkfOoIBvUkGbZ5-VJ0w==/base.apk Binary XML file line #14
06-11 13:58:35.065   595   659 W PackageParsing: Unknown element under <manifest>: permission at /data/app/~~q6a11Npazd2FwgKigLBquw==/com.google.android.gms-t0xgkfOoIBvUkGbZ5-VJ0w==/base.apk Binary XML file line #24
06-11 13:58:35.069   595   595 W PackageManager: Relax SCAN_REQUIRE_KNOWN requirement for package com.google.android.gms
06-11 13:58:35.075   595   595 W PackageManager: Relax SCAN_REQUIRE_KNOWN requirement for package com.google.android.apps.docs
06-11 13:58:35.078   595   595 W PackageManager: Relax SCAN_REQUIRE_KNOWN requirement for package com.google.android.apps.safetyhub
06-11 13:58:35.081   595   660 W PackageParsing: Unknown element under <manifest>: meta-data at /data/app/~~XgvHakKaR3QcgAogD-m9gA==/com.google.android.dialer-Epdwh55b9rugLpNuEvIh-g==/base.apk Binary XML file line #163
06-11 13:58:35.081   595   660 W PackageParsing: Unknown element under <manifest>: meta-data at /data/app/~~XgvHakKaR3QcgAogD-m9gA==/com.google.android.dialer-Epdwh55b9rugLpNuEvIh-g==/base.apk Binary XML file line #170
06-11 13:58:35.086   595   595 W PackageManager: Relax SCAN_REQUIRE_KNOWN requirement for package com.google.android.dialer
06-11 13:58:35.097   595   662 W PackageParsing: No actions in intent-filter at /data/app/~~tSZR-8vLepTd6QLWL1_OqA==/com.google.android.calendar-MsoJw8XVqpSmLpd1MwnLqA==/base.apk Binary XML file line #1025
06-11 13:58:35.099   595   595 W PackageManager: Relax SCAN_REQUIRE_KNOWN requirement for package com.google.android.calendar
06-11 13:58:35.100   595   659 W PackageParsing: No actions in intent-filter at /data/app/~~32G0Zuyguebk0Z8LXY3IJA==/com.google.android.apps.messaging-oyS1oomsk2AOxHK8d7wRUA==/base.apk Binary XML file line #1399
06-11 13:58:35.102   595   595 W PackageManager: Relax SCAN_REQUIRE_KNOWN requirement for package com.google.android.apps.messaging
06-11 13:58:35.103   595   595 W PackageManager: Skipping provider name com.google.android.apps.messaging.photopicker_images (in package com.google.android.apps.messaging): name already used by com.google.android.apps.messaging
06-11 13:58:35.126   595   661 W PackageParsing: Unknown element under <manifest>: uses-sdk at /data/app/~~AkTIQwlb0YD0k8_rygm5HQ==/com.google.android.inputmethod.latin-0-_Ie1k81CVYUrwh0S9dGA==/base.apk Binary XML file line #9
06-11 13:58:35.126   595   661 W PackageParsing: Unknown element under <manifest>: module at /data/app/~~AkTIQwlb0YD0k8_rygm5HQ==/com.google.android.inputmethod.latin-0-_Ie1k81CVYUrwh0S9dGA==/base.apk Binary XML file line #11
06-11 13:58:35.126   595   661 W PackageParsing: Unknown element under <manifest>: uses-sdk at /data/app/~~AkTIQwlb0YD0k8_rygm5HQ==/com.google.android.inputmethod.latin-0-_Ie1k81CVYUrwh0S9dGA==/base.apk Binary XML file line #9
06-11 13:58:35.126   595   661 W PackageParsing: Unknown element under <manifest>: module at /data/app/~~AkTIQwlb0YD0k8_rygm5HQ==/com.google.android.inputmethod.latin-0-_Ie1k81CVYUrwh0S9dGA==/base.apk Binary XML file line #11
06-11 13:58:35.127   595   595 W PackageManager: Relax SCAN_REQUIRE_KNOWN requirement for package com.google.android.inputmethod.latin
06-11 13:58:35.129   595   595 W PackageManager: Relax SCAN_REQUIRE_KNOWN requirement for package com.google.android.youtube
