10-10 12:45:10.013 21164 21164 D MiuiMultiWindowUtils: freeform resolution args raw data:{  "wide_default":{    "freeform_args": {        "vertical_portrait":{"aspect_ratio":0.626, "original_ratio":0.5643,"original_scale":0.74,"top_margin":0.168,"left_margin":0.484},        "horizontal_portrait":{"aspect_ratio":0.626, "original_ratio":0.5643,"original_scale":0.74,"top_margin":0.1222,"left_margin":0.59745},        "vertical_landscape":{"aspect_ratio":1.6, "original_ratio":1,"original_scale":0.604,"top_margin":0.2596,"left_margin":0.2624},        "horizontal_landscape":{"aspect_ratio":1.6, "original_ratio":1,"original_scale":0.604,"top_margin":0.213,"left_margin":0.3758}    },    "mini_freeform_args":{        "vertical_portrait":{"original_ratio":0.147},        "horizontal_portrait":{"original_ratio":0.147},        "vertical_landscape":{"original_ratio":0.165},        "horizontal_landscape":{"original_ratio":0.165}    }  },  "narrow_default": {    "freeform_args": {        "vertical_portrait":{"aspect_ratio":0.626, "original_ratio":1,"original_scale":0.74,"top_margin":0.0753,"left_margin":-1},        "horizontal_portrait":{"aspect_ratio":0.626, "original_ratio":1,"original_scale":0.5756,"top_margin":-1,"left_margin":0.0753},        "vertical_landscape":{"aspect_ratio":1.6, "original_ratio":0.6847,"original_scale":0.587,"top_margin":0.0753,"left_margin":-1},        "horizontal_landscape":{"aspect_ratio":1.6, "original_ratio":0.6847,"original_scale":0.587,"top_margin":-1,"left_margin":0.0753}    },    "mini_freeform_args":{        "vertical_portrait":{"original_ratio":0.26},        "horizontal_portrait":{"original_ratio":0.26},        "vertical_landscape":{"original_ratio":0.293},        "horizontal_landscape":{"original_ratio":0.293}    }  },  "regular_default": {    "freeform_args": {      "vertical_portrait":{"aspect_ratio":0.625, "original_ratio":1,"original_scale":0.7,"top_margin":0.109,"left_margin":-1},      "horizontal_portrait":{"aspect_ratio":0.6667, "original_ratio":1,"original_scale":0.6102,"top_margin":-1,"left_margin":0.026},      "vertical_landscape":{"aspect_ratio":1.6, "original_ratio":1,"original_scale":0.4244,"top_margin":0.109,"left_margin":-1},      "horizontal_landscape":{"aspect_ratio":1.6, "original_ratio":1,"original_scale":0.4244,"top_margin":-1,"left_margin":0.026}    },    "mini_freeform_args":{      "vertical_portrait":{"original_ratio":0.25},      "horizontal_portrait":{"original_ratio":0.25},      "vertical_landscape":{"original_ratio":0.25},      "horizontal_landscape":{"original_ratio":0.25}    }  },  "pad_default": {    "freeform_args": {      "vertical_portrait":{"aspect_ratio":0.5625, "original_ratio":0.375,"original_scale":0.835,"top_margin":0.049,"left_margin":0.2775},      "horizontal_portrait":{"aspect_ratio":0.5625, "original_ratio":0.375,"original_scale":0.835,"top_margin":-1,"left_margin":0.6525},      "vertical_landscape":{"aspect_ratio":-1, "original_ratio":1,"original_scale":0.468,"top_margin":0.049,"left_margin":-1},      "horizontal_landscape":{"aspect_ratio":-1, "original_ratio":1,"original_scale":0.468,"top_margin":-1,"left_margin":0.4976}    },    "mini_freeform_args":{      "vertical_portrait":{"original_ratio":0.144},      "horizontal_portrait":{"original_ratio":0.144},      "vertical_landscape":{"original_ratio":0.2},      "horizontal_landscape":{"original_ratio":0.2}    }  }}
10-10 12:45:10.013 21164 21164 D MiuiMultiWindowUtils: initFreeFormResolutionArgs failed, device is rubypro
10-10 12:45:10.014  1902  2682 W PackageConfigPersister: App-specific configuration not found for packageName: eu.europa.ec.euidi and userId: 0
10-10 12:45:10.015  1902  2304 I InputMethodManagerService: IMMS.showSoftInput(), client = com.android.internal.inputmethod.IInputMethodClient$Stub$Proxy@ef9d01f
10-10 12:45:10.015  1902  3385 W PackageConfigPersister: App-specific configuration not found for packageName: eu.europa.ec.euidi and userId: 0
10-10 12:45:10.015  1902  2304 I InputMethodManagerService: IMMS.showCurrentInputLocked(), flags = 0
10-10 12:45:10.015  1902  2304 D SmartPower: com.google.android.inputmethod.latin/10196(22721): show input method
10-10 12:45:10.015  1902  2304 I SmartPower: com.google.android.inputmethod.latin/10196(22721): idle->visible(3152ms) R(show input method) adj=100.
10-10 12:45:10.015  1902  2304 I DefaultImeVisibilityApplier: IMMS.showCurrentInputLocked request ims to show inputMethod.
10-10 12:45:10.023  1902  2682 D AutofillSession: createPendingIntent for request 1043
10-10 12:45:10.024  1902  2682 D ContentCapturePerUserService: Notified activity assist data for activity: Token{4d4724c ActivityRecord{2dcb79e u0 eu.europa.ec.euidi/eu.europa.ec.assemblylogic.ui.MainActivity t516}} without a session Id
10-10 12:45:10.061  1902 23266 I InputMethodManagerService: IMMS.showSoftInput(), client = com.android.internal.inputmethod.IInputMethodClient$Stub$Proxy@35fa417
10-10 12:45:10.061  1902 23266 I InputMethodManagerService: IMMS.showCurrentInputLocked(), flags = 0
10-10 12:45:10.062  1902 23266 D SmartPower: com.google.android.inputmethod.latin/10196(22721): show input method
10-10 12:45:10.062  1902 23266 I DefaultImeVisibilityApplier: IMMS.showCurrentInputLocked request ims to show inputMethod.
10-10 12:45:10.074  1902 23266 I InputMethodManagerService: IMMS.applyImeVisibility(), setVisible = true, mCurclient = ClientState{216be37 mUid=10390 mPid=21164 mSelfReportedDisplayId=0}
10-10 12:45:10.074  1902 23266 I WindowManager: WMS.showImePostLayout(), imeTarget = Window{df772dc u0 eu.europa.ec.euidi/eu.europa.ec.assemblylogic.ui.MainActivity}
10-10 12:45:10.079  1902  2682 D CoreBackPreview: Window{df772dc u0 eu.europa.ec.euidi/eu.europa.ec.assemblylogic.ui.MainActivity}: Setting back callback OnBackInvokedCallbackInfo{mCallback=android.window.IOnBackInvokedCallback$Stub$Proxy@4821004, mPriority=0, mIsAnimationCallback=false}
10-10 12:45:10.086  2983  3075 D MiuiFreeformModeController: avoidForInsetsBottomChangedIfNeed oldMoveableBottom: 2270 newMoveableBounds: 2270
10-10 12:45:10.090  1902  3385 I WindowManager: Relayout Window{6a76de5 u0 InputMethod}: oldVis=8 newVis=0 focusMayChange = true requestedWidth = 1080 requestedHeight = 2306 outFrames = ClientWindowFrames{frame=[0,94][1080,2400] display=[0,94][1080,2400] parentFrame=[0,0][0,0]} outSurfaceControl = Surface(name=InputMethod#19448)/@0xd495b9c
10-10 12:45:10.096  2983  3075 D MiuiFreeformModeController: avoidForInsetsBottomChangedIfNeed oldMoveableBottom: 2270 newMoveableBounds: 2270
10-10 12:45:10.108  1902 23266 W WindowManager: finishDrawingWindow: Window{6a76de5 u0 InputMethod} mDrawState=DRAW_PENDING
10-10 12:45:10.108  1902 23266 D WindowManager: wms.finishDrawingLocked: mDrawState=COMMIT_DRAW_PENDING Window{6a76de5 u0 InputMethod} in Surface(name=InputMethod#19448)/@0x7820c6e
10-10 12:45:10.109  1902 23266 I InputMethodManagerService: IMMS.applyImeVisibility(), setVisible = true, mCurclient = ClientState{216be37 mUid=10390 mPid=21164 mSelfReportedDisplayId=0}
10-10 12:45:10.110  1902  1902 W FillRequestEventLogger: Shouldn't be logging AutofillFillRequestReported again for same event
10-10 12:45:10.110  1902  1902 W FillResponseEventLogger: Shouldn't be logging AutofillFillRequestReported again for same event
10-10 12:45:10.110  1902  1902 D AutofillSession: clearPendingIntentLocked
10-10 12:45:10.111  1902  1939 I ImeInsetsSourceProvider: ImeInsetsSourceProvider.scheduleShowImePostLayout() Run showImeRunner.
10-10 12:45:10.111  1902  1939 I ImeInsetsSourceProvider: ImeInsetsSourceProvider.scheduleShowImePostLayout() isReadyToShowIme.
10-10 12:45:10.112  1902 23266 I WindowManager: WMS.showImePostLayout(), imeTarget = Window{df772dc u0 eu.europa.ec.euidi/eu.europa.ec.assemblylogic.ui.MainActivity}
10-10 12:45:10.113  1902  1939 I ImeInsetsSourceProvider: ImeInsetsSourceProvider.scheduleShowImePostLayout() Run showImeRunner.
10-10 12:45:10.113  1902  1939 I ImeInsetsSourceProvider: ImeInsetsSourceProvider.scheduleShowImePostLayout() isReadyToShowIme.
10-10 12:45:10.115  1902 23257 I WindowManager: cancelAnimation removed leash : Surface(name=Surface(name=db27a2 NavigationBar0#82)/@0xc1acbf0 - animation-leash of insets_animation#19444)/@0x762325e
10-10 12:45:10.115  2983  3075 D MiuiFreeformModeController: avoidForInsetsBottomChangedIfNeed oldMoveableBottom: 2270 newMoveableBounds: 2270
10-10 12:45:10.115  2983  3075 D ImePositionProcessor: onImeVisibilityChanged     isShowing:  true
10-10 12:45:10.116  2983  3075 D MiuiFreeformModeController: onImeVisibilityChanged imeVisible: true imeHeight: 701 adjustedForRotation:false
10-10 12:45:10.116  2983  3075 D MiuiFreeformModeAvoidAlgorithm: begin autoOrderingAvoidMiniTask
10-10 12:45:10.116  2983  3075 D MiuiFreeformModeAvoidAlgorithm: getCurrMiniPos: SameSideMiniPosList: []
10-10 12:45:10.116  2983  3075 D MiuiFreeformModeAvoidAlgorithm: getCurrMiniPos: SameSideMiniPosList: []
10-10 12:45:10.116  2983  3075 D MiuiFreeformModeAvoidAlgorithm: end autoOrderingAvoidMiniTask res:AvoidResult{distance=0, combination={}, activeTaskPos=Rect(0, 0 - 0, 0)}
10-10 12:45:10.116  1902  1938 I WindowManager: input method visible height changed 701
10-10 12:45:10.116  1902  2338 I ITouchFeature: current device and process support version:2
10-10 12:45:10.121  1902  1938 W WindowManager: real show surface:Surface(name=InputMethod#19448)/@0x7820c6e
10-10 12:45:10.130  2983  3075 D OneHandedController: stopOneHanded state is 0
10-10 12:45:10.131  1902  3317 D PerfShielderService: eu.europa.ec.euidi|eu.europa.ec.euidi/eu.europa.ec.assemblylogic.ui.MainActivity|151|116547447561638|86|5|3
10-10 12:45:10.132 22071 27042 W MiuiPerfServiceClient: interceptAndQueuing:21164|eu.europa.ec.euidi|151|86|116547447561638|Slow issue draw commands|3
10-10 12:45:10.511  1902  3317 D WindowManagerService: checkFlipFullScreenChange is same, nowIsFullScreen = false
10-10 12:45:10.517  1902  3317 W FillRequestEventLogger: Couldn't find packageName: com.google.android.inputmethod.latin
10-10 12:45:10.530  1902  3317 I InputMethodManagerService: IMMS.showCurrentInputLocked(), flags = 1
10-10 12:45:10.531  1902  3317 D SmartPower: com.google.android.inputmethod.latin/10196(22721): show input method
10-10 12:45:10.531  1902  3317 I DefaultImeVisibilityApplier: IMMS.showCurrentInputLocked request ims to show inputMethod.
10-10 12:45:10.533  1902  3317 W PackageConfigPersister: App-specific configuration not found for packageName: eu.europa.ec.euidi and userId: 0
10-10 12:45:10.538  1902  3317 D AutofillSession: createPendingIntent for request 1044
10-10 12:45:10.539  1902  3317 D ContentCapturePerUserService: Notified activity assist data for activity: Token{4d4724c ActivityRecord{2dcb79e u0 eu.europa.ec.euidi/eu.europa.ec.assemblylogic.ui.MainActivity t516}} without a session Id
10-10 12:45:10.548  1902  2304 I InputMethodManagerService: IMMS.showSoftInput(), client = com.android.internal.inputmethod.IInputMethodClient$Stub$Proxy@a2966a3
10-10 12:45:10.548  1902  2304 I InputMethodManagerService: IMMS.showCurrentInputLocked(), flags = 0
10-10 12:45:10.548  1902  2304 D SmartPower: com.google.android.inputmethod.latin/10196(22721): show input method
10-10 12:45:10.548  1902  2304 I DefaultImeVisibilityApplier: IMMS.showCurrentInputLocked request ims to show inputMethod.
10-10 12:45:10.561  1902 23266 I InputMethodManagerService: IMMS.applyImeVisibility(), setVisible = true, mCurclient = ClientState{216be37 mUid=10390 mPid=21164 mSelfReportedDisplayId=0}
10-10 12:45:10.561  1902 23266 I WindowManager: WMS.showImePostLayout(), imeTarget = Window{df772dc u0 eu.europa.ec.euidi/eu.europa.ec.assemblylogic.ui.MainActivity}
10-10 12:45:10.563  1902  1939 I ImeInsetsSourceProvider: ImeInsetsSourceProvider.scheduleShowImePostLayout() Run showImeRunner.
10-10 12:45:10.563  1902  1939 I ImeInsetsSourceProvider: ImeInsetsSourceProvider.scheduleShowImePostLayout() isReadyToShowIme.
10-10 12:45:10.569  2983  3075 D OneHandedController: stopOneHanded state is 0
10-10 12:45:10.571  1902 23266 I InputMethodManagerService: IMMS.applyImeVisibility(), setVisible = true, mCurclient = ClientState{216be37 mUid=10390 mPid=21164 mSelfReportedDisplayId=0}
10-10 12:45:10.571  1902 23266 I WindowManager: WMS.showImePostLayout(), imeTarget = Window{df772dc u0 eu.europa.ec.euidi/eu.europa.ec.assemblylogic.ui.MainActivity}
10-10 12:45:10.573  1902  1939 I ImeInsetsSourceProvider: ImeInsetsSourceProvider.scheduleShowImePostLayout() Run showImeRunner.
10-10 12:45:10.573  1902  1939 I ImeInsetsSourceProvider: ImeInsetsSourceProvider.scheduleShowImePostLayout() isReadyToShowIme.
10-10 12:45:10.578  2983  3075 D OneHandedController: stopOneHanded state is 0
10-10 12:45:10.616  1902  1902 W FillRequestEventLogger: Shouldn't be logging AutofillFillRequestReported again for same event
10-10 12:45:10.616  1902  1902 W FillResponseEventLogger: Shouldn't be logging AutofillFillRequestReported again for same event
10-10 12:45:10.616  1902  1902 D AutofillSession: clearPendingIntentLocked
10-10 12:45:10.648  1902 23257 D WindowManagerService: checkFlipFullScreenChange is same, nowIsFullScreen = false
10-10 12:45:10.651  1902 23257 W FillRequestEventLogger: Couldn't find packageName: com.google.android.inputmethod.latin
10-10 12:45:10.656  1902  2682 D AutofillSession: createPendingIntent for request 1045
10-10 12:45:10.656  1902  2682 D ContentCapturePerUserService: Notified activity assist data for activity: Token{4d4724c ActivityRecord{2dcb79e u0 eu.europa.ec.euidi/eu.europa.ec.assemblylogic.ui.MainActivity t516}} without a session Id
10-10 12:45:10.665  1902  2682 I InputMethodManagerService: IMMS.showCurrentInputLocked(), flags = 1
10-10 12:45:10.665  1902  2682 D SmartPower: com.google.android.inputmethod.latin/10196(22721): show input method
10-10 12:45:10.665  1902  2682 I DefaultImeVisibilityApplier: IMMS.showCurrentInputLocked request ims to show inputMethod.
10-10 12:45:10.670  1902 23257 W PackageConfigPersister: App-specific configuration not found for packageName: eu.europa.ec.euidi and userId: 0
10-10 12:45:10.673  1902 23257 I InputMethodManagerService: IMMS.showSoftInput(), client = com.android.internal.inputmethod.IInputMethodClient$Stub$Proxy@950f9f7
10-10 12:45:10.673  1902 23257 I InputMethodManagerService: IMMS.showCurrentInputLocked(), flags = 0
10-10 12:45:10.674  1902 23257 D SmartPower: com.google.android.inputmethod.latin/10196(22721): show input method
10-10 12:45:10.674  1902 23257 I DefaultImeVisibilityApplier: IMMS.showCurrentInputLocked request ims to show inputMethod.
10-10 12:45:10.692  1902  2620 I SmartPower: com.miui.home/10085(3001): background->idle(3000ms) R(become background) adj=100.
10-10 12:45:10.696  1902  2304 I InputMethodManagerService: IMMS.applyImeVisibility(), setVisible = true, mCurclient = ClientState{216be37 mUid=10390 mPid=21164 mSelfReportedDisplayId=0}
10-10 12:45:10.696  1902  2304 I WindowManager: WMS.showImePostLayout(), imeTarget = Window{df772dc u0 eu.europa.ec.euidi/eu.europa.ec.assemblylogic.ui.MainActivity}
10-10 12:45:10.698  1902  1939 I ImeInsetsSourceProvider: ImeInsetsSourceProvider.scheduleShowImePostLayout() Run showImeRunner.
10-10 12:45:10.698  1902  1939 I ImeInsetsSourceProvider: ImeInsetsSourceProvider.scheduleShowImePostLayout() isReadyToShowIme.
10-10 12:45:10.703  1902  3385 I InputMethodManagerService: IMMS.applyImeVisibility(), setVisible = true, mCurclient = ClientState{216be37 mUid=10390 mPid=21164 mSelfReportedDisplayId=0}
10-10 12:45:10.703  1902  3385 I WindowManager: WMS.showImePostLayout(), imeTarget = Window{df772dc u0 eu.europa.ec.euidi/eu.europa.ec.assemblylogic.ui.MainActivity}
10-10 12:45:10.705  2983  3075 D OneHandedController: stopOneHanded state is 0
10-10 12:45:10.710  1902  1939 I ImeInsetsSourceProvider: ImeInsetsSourceProvider.scheduleShowImePostLayout() Run showImeRunner.
10-10 12:45:10.710  1902  1939 I ImeInsetsSourceProvider: ImeInsetsSourceProvider.scheduleShowImePostLayout() isReadyToShowIme.
10-10 12:45:10.710  1902  2620 I SmartPower: com.google.android.googlequicksearchbox:search/10188(19180): background->idle(3001ms) R(become invisible) adj=800.
10-10 12:45:10.710  1902  2620 I SmartPower: com.google.android.googlequicksearchbox:googleapp/10188(19209): background->idle(3001ms) R(become invisible) adj=800.
10-10 12:45:10.726  1902  1902 W FillRequestEventLogger: Shouldn't be logging AutofillFillRequestReported again for same event
10-10 12:45:10.726  1902  1902 W FillResponseEventLogger: Shouldn't be logging AutofillFillRequestReported again for same event
10-10 12:45:10.726  1902  1902 D AutofillSession: clearPendingIntentLocked
10-10 12:45:10.795  1902 23266 D WindowManagerService: checkFlipFullScreenChange is same, nowIsFullScreen = false
10-10 12:45:10.798  1902 23266 W FillRequestEventLogger: Couldn't find packageName: com.google.android.inputmethod.latin
10-10 12:45:10.804  1902 23266 I InputMethodManagerService: IMMS.showCurrentInputLocked(), flags = 1
10-10 12:45:10.805  1902 23266 D SmartPower: com.google.android.inputmethod.latin/10196(22721): show input method
10-10 12:45:10.805  1902 23266 I DefaultImeVisibilityApplier: IMMS.showCurrentInputLocked request ims to show inputMethod.
10-10 12:45:10.806  1902  2682 W PackageConfigPersister: App-specific configuration not found for packageName: eu.europa.ec.euidi and userId: 0
10-10 12:45:10.809  1902  2682 D AutofillSession: createPendingIntent for request 1046
10-10 12:45:10.809  1902  2682 D ContentCapturePerUserService: Notified activity assist data for activity: Token{4d4724c ActivityRecord{2dcb79e u0 eu.europa.ec.euidi/eu.europa.ec.assemblylogic.ui.MainActivity t516}} without a session Id
10-10 12:45:10.811  1902  2682 I InputMethodManagerService: IMMS.showSoftInput(), client = com.android.internal.inputmethod.IInputMethodClient$Stub$Proxy@43c44da
10-10 12:45:10.811  1902  2682 I InputMethodManagerService: IMMS.showCurrentInputLocked(), flags = 0
10-10 12:45:10.811  1902  2682 D SmartPower: com.google.android.inputmethod.latin/10196(22721): show input method
10-10 12:45:10.811  1902  2682 I DefaultImeVisibilityApplier: IMMS.showCurrentInputLocked request ims to show inputMethod.
10-10 12:45:10.825  1902  2682 I InputMethodManagerService: IMMS.applyImeVisibility(), setVisible = true, mCurclient = ClientState{216be37 mUid=10390 mPid=21164 mSelfReportedDisplayId=0}
10-10 12:45:10.825  1902  2682 I WindowManager: WMS.showImePostLayout(), imeTarget = Window{df772dc u0 eu.europa.ec.euidi/eu.europa.ec.assemblylogic.ui.MainActivity}
10-10 12:45:10.826  1902  1939 I ImeInsetsSourceProvider: ImeInsetsSourceProvider.scheduleShowImePostLayout() Run showImeRunner.
10-10 12:45:10.827  1902  1939 I ImeInsetsSourceProvider: ImeInsetsSourceProvider.scheduleShowImePostLayout() isReadyToShowIme.
10-10 12:45:10.829  1902  2682 I InputMethodManagerService: IMMS.applyImeVisibility(), setVisible = true, mCurclient = ClientState{216be37 mUid=10390 mPid=21164 mSelfReportedDisplayId=0}
10-10 12:45:10.829  1902  2682 I WindowManager: WMS.showImePostLayout(), imeTarget = Window{df772dc u0 eu.europa.ec.euidi/eu.europa.ec.assemblylogic.ui.MainActivity}
10-10 12:45:10.830  2983  3075 D OneHandedController: stopOneHanded state is 0
10-10 12:45:10.831  2983  3075 D OneHandedController: stopOneHanded state is 0
10-10 12:45:10.831  1902  1939 I ImeInsetsSourceProvider: ImeInsetsSourceProvider.scheduleShowImePostLayout() Run showImeRunner.
10-10 12:45:10.831  1902  1939 I ImeInsetsSourceProvider: ImeInsetsSourceProvider.scheduleShowImePostLayout() isReadyToShowIme.
10-10 12:45:10.862  1902  1902 W FillRequestEventLogger: Shouldn't be logging AutofillFillRequestReported again for same event
10-10 12:45:10.862  1902  1902 W FillResponseEventLogger: Shouldn't be logging AutofillFillRequestReported again for same event
10-10 12:45:10.862  1902  1902 D AutofillSession: clearPendingIntentLocked
10-10 12:45:10.913  1902 23266 D WindowManagerService: checkFlipFullScreenChange is same, nowIsFullScreen = false
10-10 12:45:10.916  1902 23266 W FillRequestEventLogger: Couldn't find packageName: com.google.android.inputmethod.latin
10-10 12:45:10.922  1902 23266 D AutofillSession: createPendingIntent for request 1047
10-10 12:45:10.922  1902 23266 D ContentCapturePerUserService: Notified activity assist data for activity: Token{4d4724c ActivityRecord{2dcb79e u0 eu.europa.ec.euidi/eu.europa.ec.assemblylogic.ui.MainActivity t516}} without a session Id
10-10 12:45:10.928  1902  3317 I InputMethodManagerService: IMMS.showCurrentInputLocked(), flags = 1
10-10 12:45:10.928  1902  3317 D SmartPower: com.google.android.inputmethod.latin/10196(22721): show input method
10-10 12:45:10.928  1902  3317 I DefaultImeVisibilityApplier: IMMS.showCurrentInputLocked request ims to show inputMethod.
10-10 12:45:10.930  1902  3317 W PackageConfigPersister: App-specific configuration not found for packageName: eu.europa.ec.euidi and userId: 0
10-10 12:45:10.943  1902  3317 I InputMethodManagerService: IMMS.showSoftInput(), client = com.android.internal.inputmethod.IInputMethodClient$Stub$Proxy@43b5c00
10-10 12:45:10.943  1902  3317 I InputMethodManagerService: IMMS.showCurrentInputLocked(), flags = 0
10-10 12:45:10.943  1902  3317 D SmartPower: com.google.android.inputmethod.latin/10196(22721): show input method
10-10 12:45:10.944  1902  3317 I DefaultImeVisibilityApplier: IMMS.showCurrentInputLocked request ims to show inputMethod.
10-10 12:45:10.963  1902  3317 I InputMethodManagerService: IMMS.applyImeVisibility(), setVisible = true, mCurclient = ClientState{216be37 mUid=10390 mPid=21164 mSelfReportedDisplayId=0}
10-10 12:45:10.963  1902  3317 I WindowManager: WMS.showImePostLayout(), imeTarget = Window{df772dc u0 eu.europa.ec.euidi/eu.europa.ec.assemblylogic.ui.MainActivity}
10-10 12:45:10.964  2983  3075 D OneHandedController: stopOneHanded state is 0
10-10 12:45:10.967  1902  1939 I ImeInsetsSourceProvider: ImeInsetsSourceProvider.scheduleShowImePostLayout() Run showImeRunner.
10-10 12:45:10.967  1902  1939 I ImeInsetsSourceProvider: ImeInsetsSourceProvider.scheduleShowImePostLayout() isReadyToShowIme.
10-10 12:45:10.969  1902  2304 I InputMethodManagerService: IMMS.applyImeVisibility(), setVisible = true, mCurclient = ClientState{216be37 mUid=10390 mPid=21164 mSelfReportedDisplayId=0}
10-10 12:45:10.969  1902  2304 I WindowManager: WMS.showImePostLayout(), imeTarget = Window{df772dc u0 eu.europa.ec.euidi/eu.europa.ec.assemblylogic.ui.MainActivity}
10-10 12:45:10.970  2983  3075 D OneHandedController: stopOneHanded state is 0
10-10 12:45:10.972  1902  1939 I ImeInsetsSourceProvider: ImeInsetsSourceProvider.scheduleShowImePostLayout() Run showImeRunner.
10-10 12:45:10.972  1902  1939 I ImeInsetsSourceProvider: ImeInsetsSourceProvider.scheduleShowImePostLayout() isReadyToShowIme.
10-10 12:45:10.991  1902  1902 W FillRequestEventLogger: Shouldn't be logging AutofillFillRequestReported again for same event
10-10 12:45:10.991  1902  1902 W FillResponseEventLogger: Shouldn't be logging AutofillFillRequestReported again for same event
10-10 12:45:10.991  1902  1902 D AutofillSession: clearPendingIntentLocked
10-10 12:45:11.040  1902 23266 D WindowManagerService: checkFlipFullScreenChange is same, nowIsFullScreen = false
10-10 12:45:11.042  1902 23266 W FillRequestEventLogger: Couldn't find packageName: com.google.android.inputmethod.latin
10-10 12:45:11.045  1902 23266 D AutofillSession: createPendingIntent for request 1048
10-10 12:45:11.046  1902 23266 D ContentCapturePerUserService: Notified activity assist data for activity: Token{4d4724c ActivityRecord{2dcb79e u0 eu.europa.ec.euidi/eu.europa.ec.assemblylogic.ui.MainActivity t516}} without a session Id
10-10 12:45:11.054  1902 23266 I InputMethodManagerService: IMMS.showCurrentInputLocked(), flags = 1
10-10 12:45:11.054  1902 23266 D SmartPower: com.google.android.inputmethod.latin/10196(22721): show input method
10-10 12:45:11.054  1902 23266 I DefaultImeVisibilityApplier: IMMS.showCurrentInputLocked request ims to show inputMethod.
10-10 12:45:11.056  1902  2304 W PackageConfigPersister: App-specific configuration not found for packageName: eu.europa.ec.euidi and userId: 0
10-10 12:45:11.066  1902  2304 I InputMethodManagerService: IMMS.showSoftInput(), client = com.android.internal.inputmethod.IInputMethodClient$Stub$Proxy@66b356
10-10 12:45:11.066  1902  2304 I InputMethodManagerService: IMMS.showCurrentInputLocked(), flags = 0
10-10 12:45:11.066  1902  2304 D SmartPower: com.google.android.inputmethod.latin/10196(22721): show input method
10-10 12:45:11.066  1902  2304 I DefaultImeVisibilityApplier: IMMS.showCurrentInputLocked request ims to show inputMethod.
10-10 12:45:11.078  1902  3385 I InputMethodManagerService: IMMS.applyImeVisibility(), setVisible = true, mCurclient = ClientState{216be37 mUid=10390 mPid=21164 mSelfReportedDisplayId=0}
10-10 12:45:11.078  1902  3385 I WindowManager: WMS.showImePostLayout(), imeTarget = Window{df772dc u0 eu.europa.ec.euidi/eu.europa.ec.assemblylogic.ui.MainActivity}
10-10 12:45:11.079  1902  1939 I ImeInsetsSourceProvider: ImeInsetsSourceProvider.scheduleShowImePostLayout() Run showImeRunner.
10-10 12:45:11.079  1902  1939 I ImeInsetsSourceProvider: ImeInsetsSourceProvider.scheduleShowImePostLayout() isReadyToShowIme.
10-10 12:45:11.083  2983  3075 D OneHandedController: stopOneHanded state is 0
10-10 12:45:11.083  1902 23266 I InputMethodManagerService: IMMS.applyImeVisibility(), setVisible = true, mCurclient = ClientState{216be37 mUid=10390 mPid=21164 mSelfReportedDisplayId=0}
10-10 12:45:11.084  1902 23266 I WindowManager: WMS.showImePostLayout(), imeTarget = Window{df772dc u0 eu.europa.ec.euidi/eu.europa.ec.assemblylogic.ui.MainActivity}
10-10 12:45:11.085  2983  3075 D OneHandedController: stopOneHanded state is 0
10-10 12:45:11.085  1902  1939 I ImeInsetsSourceProvider: ImeInsetsSourceProvider.scheduleShowImePostLayout() Run showImeRunner.
10-10 12:45:11.085  1902  1939 I ImeInsetsSourceProvider: ImeInsetsSourceProvider.scheduleShowImePostLayout() isReadyToShowIme.
10-10 12:45:11.115  1902  1902 W FillRequestEventLogger: Shouldn't be logging AutofillFillRequestReported again for same event
10-10 12:45:11.115  1902  1902 W FillResponseEventLogger: Shouldn't be logging AutofillFillRequestReported again for same event
10-10 12:45:11.115  1902  1902 D AutofillSession: clearPendingIntentLocked
10-10 12:45:11.160  1902  2682 D WindowManagerService: checkFlipFullScreenChange is same, nowIsFullScreen = false
10-10 12:45:11.266  1902  3317 W MIUIInput: Input event injection from package: null action ACTION_DOWN
10-10 12:45:11.277  1902  3317 W MIUIInput: Input event injection from package: null action ACTION_UP
10-10 12:45:11.323  1902  3317 I InputMethodManagerService: IMMS.showCurrentInputLocked(), flags = 1
10-10 12:45:11.323  1902  3317 D SmartPower: com.google.android.inputmethod.latin/10196(22721): show input method
10-10 12:45:11.323  1902  3317 I DefaultImeVisibilityApplier: IMMS.showCurrentInputLocked request ims to show inputMethod.
10-10 12:45:11.331  1902  2682 I InputMethodManagerService: IMMS.showSoftInput(), client = com.android.internal.inputmethod.IInputMethodClient$Stub$Proxy@bd0d72e
10-10 12:45:11.331  1902  2682 I InputMethodManagerService: IMMS.showCurrentInputLocked(), flags = 0
10-10 12:45:11.331  1902  2682 D SmartPower: com.google.android.inputmethod.latin/10196(22721): show input method
10-10 12:45:11.332  1902  2682 I DefaultImeVisibilityApplier: IMMS.showCurrentInputLocked request ims to show inputMethod.
10-10 12:45:11.332  1902  3317 W PackageConfigPersister: App-specific configuration not found for packageName: eu.europa.ec.euidi and userId: 0
10-10 12:45:11.356  1902  3317 I InputMethodManagerService: IMMS.applyImeVisibility(), setVisible = true, mCurclient = ClientState{216be37 mUid=10390 mPid=21164 mSelfReportedDisplayId=0}
10-10 12:45:11.356  1902  3317 I WindowManager: WMS.showImePostLayout(), imeTarget = Window{df772dc u0 eu.europa.ec.euidi/eu.europa.ec.assemblylogic.ui.MainActivity}
10-10 12:45:11.357  1902  3317 I InputMethodManagerService: IMMS.applyImeVisibility(), setVisible = true, mCurclient = ClientState{216be37 mUid=10390 mPid=21164 mSelfReportedDisplayId=0}
10-10 12:45:11.359  1902  1939 I ImeInsetsSourceProvider: ImeInsetsSourceProvider.scheduleShowImePostLayout() Run showImeRunner.
10-10 12:45:11.359  1902  1939 I ImeInsetsSourceProvider: ImeInsetsSourceProvider.scheduleShowImePostLayout() isReadyToShowIme.
10-10 12:45:11.360  2983  3075 D OneHandedController: stopOneHanded state is 0
10-10 12:45:11.361  1902  3317 I WindowManager: WMS.showImePostLayout(), imeTarget = Window{df772dc u0 eu.europa.ec.euidi/eu.europa.ec.assemblylogic.ui.MainActivity}
10-10 12:45:11.362  1902  1939 I ImeInsetsSourceProvider: ImeInsetsSourceProvider.scheduleShowImePostLayout() Run showImeRunner.
10-10 12:45:11.362  1902  1939 I ImeInsetsSourceProvider: ImeInsetsSourceProvider.scheduleShowImePostLayout() isReadyToShowIme.
10-10 12:45:11.364  2983  3075 D OneHandedController: stopOneHanded state is 0
10-10 12:45:11.440  1902  3317 D WindowManagerService: checkFlipFullScreenChange is same, nowIsFullScreen = false
10-10 12:45:11.449  1902  3317 I InputMethodManagerService: IMMS.showCurrentInputLocked(), flags = 1
10-10 12:45:11.449  1902  3317 D SmartPower: com.google.android.inputmethod.latin/10196(22721): show input method
10-10 12:45:11.449  1902  3317 I DefaultImeVisibilityApplier: IMMS.showCurrentInputLocked request ims to show inputMethod.
10-10 12:45:11.451  1902  3317 W PackageConfigPersister: App-specific configuration not found for packageName: eu.europa.ec.euidi and userId: 0
10-10 12:45:11.455  1902  2304 I InputMethodManagerService: IMMS.showSoftInput(), client = com.android.internal.inputmethod.IInputMethodClient$Stub$Proxy@8e0cceb
10-10 12:45:11.455  1902  2304 I InputMethodManagerService: IMMS.showCurrentInputLocked(), flags = 0
10-10 12:45:11.455  1902  2304 D SmartPower: com.google.android.inputmethod.latin/10196(22721): show input method
10-10 12:45:11.455  1902  2304 I DefaultImeVisibilityApplier: IMMS.showCurrentInputLocked request ims to show inputMethod.
10-10 12:45:11.470  1902  3317 I InputMethodManagerService: IMMS.applyImeVisibility(), setVisible = true, mCurclient = ClientState{216be37 mUid=10390 mPid=21164 mSelfReportedDisplayId=0}
10-10 12:45:11.470  1902  3317 I WindowManager: WMS.showImePostLayout(), imeTarget = Window{df772dc u0 eu.europa.ec.euidi/eu.europa.ec.assemblylogic.ui.MainActivity}
10-10 12:45:11.471  1902  2304 I InputMethodManagerService: IMMS.applyImeVisibility(), setVisible = true, mCurclient = ClientState{216be37 mUid=10390 mPid=21164 mSelfReportedDisplayId=0}
10-10 12:45:11.471  2983  3075 D OneHandedController: stopOneHanded state is 0
10-10 12:45:11.472  1902  1939 I ImeInsetsSourceProvider: ImeInsetsSourceProvider.scheduleShowImePostLayout() Run showImeRunner.
10-10 12:45:11.472  1902  1939 I ImeInsetsSourceProvider: ImeInsetsSourceProvider.scheduleShowImePostLayout() isReadyToShowIme.
10-10 12:45:11.473  1902  2304 I WindowManager: WMS.showImePostLayout(), imeTarget = Window{df772dc u0 eu.europa.ec.euidi/eu.europa.ec.assemblylogic.ui.MainActivity}
10-10 12:45:11.474  1902  1939 I ImeInsetsSourceProvider: ImeInsetsSourceProvider.scheduleShowImePostLayout() Run showImeRunner.
10-10 12:45:11.474  1902  1939 I ImeInsetsSourceProvider: ImeInsetsSourceProvider.scheduleShowImePostLayout() isReadyToShowIme.
10-10 12:45:11.476  2983  3075 D OneHandedController: stopOneHanded state is 0
10-10 12:45:11.546  1902  2304 D WindowManagerService: checkFlipFullScreenChange is same, nowIsFullScreen = false
10-10 12:45:11.554  1902  2304 I InputMethodManagerService: IMMS.showCurrentInputLocked(), flags = 1
10-10 12:45:11.554  1902  2304 D SmartPower: com.google.android.inputmethod.latin/10196(22721): show input method
10-10 12:45:11.554  1902  2304 I DefaultImeVisibilityApplier: IMMS.showCurrentInputLocked request ims to show inputMethod.
10-10 12:45:11.558  1902 22706 W PackageConfigPersister: App-specific configuration not found for packageName: eu.europa.ec.euidi and userId: 0
10-10 12:45:11.561  1902 22706 I InputMethodManagerService: IMMS.showSoftInput(), client = com.android.internal.inputmethod.IInputMethodClient$Stub$Proxy@da882f4
10-10 12:45:11.562  1902 22706 I InputMethodManagerService: IMMS.showCurrentInputLocked(), flags = 0
10-10 12:45:11.562  1902 22706 D SmartPower: com.google.android.inputmethod.latin/10196(22721): show input method
10-10 12:45:11.562  1902 22706 I DefaultImeVisibilityApplier: IMMS.showCurrentInputLocked request ims to show inputMethod.
10-10 12:45:11.579  1902  2304 I InputMethodManagerService: IMMS.applyImeVisibility(), setVisible = true, mCurclient = ClientState{216be37 mUid=10390 mPid=21164 mSelfReportedDisplayId=0}
10-10 12:45:11.579  1902  2304 I WindowManager: WMS.showImePostLayout(), imeTarget = Window{df772dc u0 eu.europa.ec.euidi/eu.europa.ec.assemblylogic.ui.MainActivity}
10-10 12:45:11.580  1902  1939 I ImeInsetsSourceProvider: ImeInsetsSourceProvider.scheduleShowImePostLayout() Run showImeRunner.
10-10 12:45:11.580  1902  1939 I ImeInsetsSourceProvider: ImeInsetsSourceProvider.scheduleShowImePostLayout() isReadyToShowIme.
10-10 12:45:11.582  1902  2304 I InputMethodManagerService: IMMS.applyImeVisibility(), setVisible = true, mCurclient = ClientState{216be37 mUid=10390 mPid=21164 mSelfReportedDisplayId=0}
10-10 12:45:11.582  1902  2304 I WindowManager: WMS.showImePostLayout(), imeTarget = Window{df772dc u0 eu.europa.ec.euidi/eu.europa.ec.assemblylogic.ui.MainActivity}
10-10 12:45:11.585  2983  3075 D OneHandedController: stopOneHanded state is 0
10-10 12:45:11.586  1902  1939 I ImeInsetsSourceProvider: ImeInsetsSourceProvider.scheduleShowImePostLayout() Run showImeRunner.
10-10 12:45:11.586  1902  1939 I ImeInsetsSourceProvider: ImeInsetsSourceProvider.scheduleShowImePostLayout() isReadyToShowIme.
10-10 12:45:11.656  1902  2682 D WindowManagerService: checkFlipFullScreenChange is same, nowIsFullScreen = false
10-10 12:45:11.669  1902  2682 I InputMethodManagerService: IMMS.showCurrentInputLocked(), flags = 1
10-10 12:45:11.669  1902  2682 D SmartPower: com.google.android.inputmethod.latin/10196(22721): show input method
10-10 12:45:11.669  1902  2682 I DefaultImeVisibilityApplier: IMMS.showCurrentInputLocked request ims to show inputMethod.
10-10 12:45:11.671  1902 22704 W PackageConfigPersister: App-specific configuration not found for packageName: eu.europa.ec.euidi and userId: 0
10-10 12:45:11.677  1902  2304 I InputMethodManagerService: IMMS.showSoftInput(), client = com.android.internal.inputmethod.IInputMethodClient$Stub$Proxy@b1a6b19
10-10 12:45:11.677  1902  2304 I InputMethodManagerService: IMMS.showCurrentInputLocked(), flags = 0
10-10 12:45:11.677  1902  2304 D SmartPower: com.google.android.inputmethod.latin/10196(22721): show input method
10-10 12:45:11.678  1902  2304 I DefaultImeVisibilityApplier: IMMS.showCurrentInputLocked request ims to show inputMethod.
10-10 12:45:11.691  1902  2304 I InputMethodManagerService: IMMS.applyImeVisibility(), setVisible = true, mCurclient = ClientState{216be37 mUid=10390 mPid=21164 mSelfReportedDisplayId=0}
10-10 12:45:11.691  1902  2304 I WindowManager: WMS.showImePostLayout(), imeTarget = Window{df772dc u0 eu.europa.ec.euidi/eu.europa.ec.assemblylogic.ui.MainActivity}
10-10 12:45:11.692  1902  1939 I ImeInsetsSourceProvider: ImeInsetsSourceProvider.scheduleShowImePostLayout() Run showImeRunner.
10-10 12:45:11.692  1902  1939 I ImeInsetsSourceProvider: ImeInsetsSourceProvider.scheduleShowImePostLayout() isReadyToShowIme.
10-10 12:45:11.696  2983  3075 D OneHandedController: stopOneHanded state is 0
10-10 12:45:11.698  1902 22706 I InputMethodManagerService: IMMS.applyImeVisibility(), setVisible = true, mCurclient = ClientState{216be37 mUid=10390 mPid=21164 mSelfReportedDisplayId=0}
10-10 12:45:11.698  1902 22706 I WindowManager: WMS.showImePostLayout(), imeTarget = Window{df772dc u0 eu.europa.ec.euidi/eu.europa.ec.assemblylogic.ui.MainActivity}
10-10 12:45:11.700  1902  1939 I ImeInsetsSourceProvider: ImeInsetsSourceProvider.scheduleShowImePostLayout() Run showImeRunner.
10-10 12:45:11.700  1902  1939 I ImeInsetsSourceProvider: ImeInsetsSourceProvider.scheduleShowImePostLayout() isReadyToShowIme.
10-10 12:45:11.702  2983  3075 D OneHandedController: stopOneHanded state is 0
10-10 12:45:11.765  1902 22704 D WindowManagerService: checkFlipFullScreenChange is same, nowIsFullScreen = false
10-10 12:45:11.776  1902 22704 I InputMethodManagerService: IMMS.showCurrentInputLocked(), flags = 1
10-10 12:45:11.776  1902 22704 D SmartPower: com.google.android.inputmethod.latin/10196(22721): show input method
10-10 12:45:11.777  1902 22704 I DefaultImeVisibilityApplier: IMMS.showCurrentInputLocked request ims to show inputMethod.
10-10 12:45:11.778  1902 22706 W PackageConfigPersister: App-specific configuration not found for packageName: eu.europa.ec.euidi and userId: 0
10-10 12:45:11.782  1902 22704 I InputMethodManagerService: IMMS.showSoftInput(), client = com.android.internal.inputmethod.IInputMethodClient$Stub$Proxy@ece23ea
10-10 12:45:11.782  1902 22704 I InputMethodManagerService: IMMS.showCurrentInputLocked(), flags = 0
10-10 12:45:11.782  1902 22704 D SmartPower: com.google.android.inputmethod.latin/10196(22721): show input method
10-10 12:45:11.782  1902 22704 I DefaultImeVisibilityApplier: IMMS.showCurrentInputLocked request ims to show inputMethod.
10-10 12:45:11.800  1902  2682 I InputMethodManagerService: IMMS.applyImeVisibility(), setVisible = true, mCurclient = ClientState{216be37 mUid=10390 mPid=21164 mSelfReportedDisplayId=0}
10-10 12:45:11.800  1902  2682 I WindowManager: WMS.showImePostLayout(), imeTarget = Window{df772dc u0 eu.europa.ec.euidi/eu.europa.ec.assemblylogic.ui.MainActivity}
10-10 12:45:11.804  2983  3075 D OneHandedController: stopOneHanded state is 0
10-10 12:45:11.805  1902  1939 I ImeInsetsSourceProvider: ImeInsetsSourceProvider.scheduleShowImePostLayout() Run showImeRunner.
10-10 12:45:11.805  1902  1939 I ImeInsetsSourceProvider: ImeInsetsSourceProvider.scheduleShowImePostLayout() isReadyToShowIme.
10-10 12:45:11.810  1902  2304 I InputMethodManagerService: IMMS.applyImeVisibility(), setVisible = true, mCurclient = ClientState{216be37 mUid=10390 mPid=21164 mSelfReportedDisplayId=0}
10-10 12:45:11.810  1902  2304 I WindowManager: WMS.showImePostLayout(), imeTarget = Window{df772dc u0 eu.europa.ec.euidi/eu.europa.ec.assemblylogic.ui.MainActivity}
10-10 12:45:11.811  1902  1939 I ImeInsetsSourceProvider: ImeInsetsSourceProvider.scheduleShowImePostLayout() Run showImeRunner.
10-10 12:45:11.811  1902  1939 I ImeInsetsSourceProvider: ImeInsetsSourceProvider.scheduleShowImePostLayout() isReadyToShowIme.
10-10 12:45:11.814  2983  3075 D OneHandedController: stopOneHanded state is 0
10-10 12:45:11.880  1902 22704 D WindowManagerService: checkFlipFullScreenChange is same, nowIsFullScreen = false
10-10 12:45:11.893  1902 22704 I InputMethodManagerService: IMMS.showCurrentInputLocked(), flags = 1
10-10 12:45:11.893  1902 22704 D SmartPower: com.google.android.inputmethod.latin/10196(22721): show input method
10-10 12:45:11.893  1902 22704 I DefaultImeVisibilityApplier: IMMS.showCurrentInputLocked request ims to show inputMethod.
10-10 12:45:11.895  1902 22704 W PackageConfigPersister: App-specific configuration not found for packageName: eu.europa.ec.euidi and userId: 0
10-10 12:45:11.903  1902 22706 I InputMethodManagerService: IMMS.showSoftInput(), client = com.android.internal.inputmethod.IInputMethodClient$Stub$Proxy@dfb4642
10-10 12:45:11.903  1902 22706 I InputMethodManagerService: IMMS.showCurrentInputLocked(), flags = 0
10-10 12:45:11.903  1902 22706 D SmartPower: com.google.android.inputmethod.latin/10196(22721): show input method
10-10 12:45:11.903  1902 22706 I DefaultImeVisibilityApplier: IMMS.showCurrentInputLocked request ims to show inputMethod.
10-10 12:45:11.924  1902  3317 I InputMethodManagerService: IMMS.applyImeVisibility(), setVisible = true, mCurclient = ClientState{216be37 mUid=10390 mPid=21164 mSelfReportedDisplayId=0}
10-10 12:45:11.924  1902  3317 I WindowManager: WMS.showImePostLayout(), imeTarget = Window{df772dc u0 eu.europa.ec.euidi/eu.europa.ec.assemblylogic.ui.MainActivity}
10-10 12:45:11.925  1902  1939 I ImeInsetsSourceProvider: ImeInsetsSourceProvider.scheduleShowImePostLayout() Run showImeRunner.
10-10 12:45:11.925  1902  1939 I ImeInsetsSourceProvider: ImeInsetsSourceProvider.scheduleShowImePostLayout() isReadyToShowIme.
10-10 12:45:11.927  2983  3075 D OneHandedController: stopOneHanded state is 0
10-10 12:45:11.930  1902  2682 I InputMethodManagerService: IMMS.applyImeVisibility(), setVisible = true, mCurclient = ClientState{216be37 mUid=10390 mPid=21164 mSelfReportedDisplayId=0}
10-10 12:45:11.930  1902  2682 I WindowManager: WMS.showImePostLayout(), imeTarget = Window{df772dc u0 eu.europa.ec.euidi/eu.europa.ec.assemblylogic.ui.MainActivity}
10-10 12:45:11.931  2983  3075 D OneHandedController: stopOneHanded state is 0
10-10 12:45:11.933  1902  1939 I ImeInsetsSourceProvider: ImeInsetsSourceProvider.scheduleShowImePostLayout() Run showImeRunner.
10-10 12:45:11.933  1902  1939 I ImeInsetsSourceProvider: ImeInsetsSourceProvider.scheduleShowImePostLayout() isReadyToShowIme.
10-10 12:45:11.990  1902  3317 D WindowManagerService: checkFlipFullScreenChange is same, nowIsFullScreen = false
10-10 12:45:12.107  1902  2682 W MIUIInput: Input event injection from package: null action ACTION_DOWN
10-10 12:45:12.112  1902  2682 W MIUIInput: Input event injection from package: null action ACTION_UP
10-10 12:45:12.250  1902  3317 I InputMethodManagerService: IMMS.applyImeVisibility(), setVisible = false, mCurclient = ClientState{216be37 mUid=10390 mPid=21164 mSelfReportedDisplayId=0}
10-10 12:45:12.252  1902  1939 I WindowManager: input method visible height changed 0
10-10 12:45:12.252  1902  2338 I ITouchFeature: current device and process support version:2
10-10 12:45:12.253  2983  3075 D MiuiFreeformModeController: avoidForInsetsBottomChangedIfNeed oldMoveableBottom: 2270 newMoveableBounds: 2270
10-10 12:45:12.253  2983  3075 D ImePositionProcessor: onImeVisibilityChanged     isShowing:  false
10-10 12:45:12.259  2983  3075 D MiuiFreeformModeController: onImeVisibilityChanged imeVisible: false imeHeight: 0 adjustedForRotation:false
10-10 12:45:12.259  2983  3075 D MiuiFreeformModeAvoidAlgorithm: begin autoOrderingAvoidMiniTask
10-10 12:45:12.259  2983  3075 D MiuiFreeformModeAvoidAlgorithm: getCurrMiniPos: SameSideMiniPosList: []
10-10 12:45:12.259  2983  3075 D MiuiFreeformModeAvoidAlgorithm: getCurrMiniPos: SameSideMiniPosList: []
10-10 12:45:12.259  2983  3075 D MiuiFreeformModeAvoidAlgorithm: end autoOrderingAvoidMiniTask res:AvoidResult{distance=0, combination={}, activeTaskPos=Rect(0, 0 - 0, 0)}
10-10 12:45:12.261  1902 23266 W PackageConfigPersister: App-specific configuration not found for packageName: eu.europa.ec.euidi and userId: 0
10-10 12:45:12.263  1902 23266 D CoreBackPreview: Window{df772dc u0 eu.europa.ec.euidi/eu.europa.ec.assemblylogic.ui.MainActivity}: Setting back callback OnBackInvokedCallbackInfo{mCallback=android.window.IOnBackInvokedCallback$Stub$Proxy@3cee4af, mPriority=0, mIsAnimationCallback=false}
10-10 12:45:12.616  1902 23266 W ContentProviderHelper: No provider info for content provider com.miui.personalassistant.servicedeliver.system.provider when providerRunning is false, caller is ProcessRecord{14c5666 3001:com.miui.home/u0a85}
10-10 12:45:12.616  3001  3103 E ActivityThread: Failed to find provider info for com.miui.personalassistant.servicedeliver.system.provider
10-10 12:45:12.677  1556  1556 I wificond: station_bandwidth: 
10-10 12:45:12.693  1902  2620 I SmartPower: com.mi.globalminusscreen/10076(31794): background->idle(5000ms) R(become invisible) adj=100.
10-10 12:45:12.779  1902 23266 I SmartPower: com.google.android.inputmethod.latin/10196(22721): visible->invisible(2764ms) R(become invisible) adj=100.
10-10 12:45:12.779  1902 23266 I SmartPower: com.google.android.inputmethod.latin/10196(22721): invisible->background(0ms) R(become background) adj=100.
10-10 12:45:12.784  2983  3075 D MiuiFreeformModeController: avoidForInsetsBottomChangedIfNeed oldMoveableBottom: 2270 newMoveableBounds: 2270
10-10 12:45:12.799  2983  3075 D MiuiFreeformModeController: avoidForInsetsBottomChangedIfNeed oldMoveableBottom: 2270 newMoveableBounds: 2270
10-10 12:45:13.165  1902 23266 W MIUIInput: Input event injection from package: null action ACTION_DOWN
10-10 12:45:13.173  1902 23266 W MIUIInput: Input event injection from package: null action ACTION_UP
10-10 12:45:13.196  1902 23266 D CompatibilityChangeReporter: Compat change id reported: 161145287; UID 10390; state: ENABLED
10-10 12:45:13.677  1902  1990 W PackageSettings: Couldn't write -1 to /config/sdcardfs/com.google.android.devicelock/appid
10-10 12:45:13.679  1902  1990 W PackageSettings: Couldn't write -1 to /config/sdcardfs/com.google.android.tzdata5/appid
10-10 12:45:13.680  1902  1990 W PackageSettings: Couldn't write -1 to /config/sdcardfs/com.google.android.ondevicepersonalization/appid
10-10 12:45:13.684  1902  1990 W PackageSettings: Couldn't write -1 to /config/sdcardfs/com.google.android.media.swcodec/appid
10-10 12:45:13.685  1902  1990 W PackageSettings: Couldn't write -1 to /config/sdcardfs/com.google.android.os.statsd/appid
10-10 12:45:13.686  1902  1990 W PackageSettings: Couldn't write -1 to /config/sdcardfs/com.google.mainline.primary.libs/appid
10-10 12:45:13.690  1902  1990 W PackageSettings: Couldn't write -1 to /config/sdcardfs/com.google.android.extservices/appid
10-10 12:45:13.692  1902  1990 W PackageSettings: Couldn't write -1 to /config/sdcardfs/com.android.uwb/appid
10-10 12:45:13.694  1902  1990 W PackageSettings: Couldn't write -1 to /config/sdcardfs/com.android.btservices/appid
10-10 12:45:13.695  1902  1990 W PackageSettings: Couldn't write -1 to /config/sdcardfs/com.google.android.healthfitness/appid
10-10 12:45:13.698  1902  1990 W PackageSettings: Couldn't write -1 to /config/sdcardfs/com.google.android.ipsec/appid
10-10 12:45:13.699  1902  1990 W PackageSettings: Couldn't write -1 to /config/sdcardfs/com.google.android.media/appid
10-10 12:45:13.702  1902  1990 W PackageSettings: Couldn't write -1 to /config/sdcardfs/com.android.i18n/appid
10-10 12:45:13.702  1902  1990 W PackageSettings: Couldn't write -1 to /config/sdcardfs/com.android.rkpd/appid
10-10 12:45:13.702  1902  1990 W PackageSettings: Couldn't write -1 to /config/sdcardfs/com.android.virt/appid
10-10 12:45:13.703  1902  1990 W PackageSettings: Couldn't write -1 to /config/sdcardfs/com.android.wifi/appid
10-10 12:45:13.704  1902  1990 W PackageSettings: Couldn't write -1 to /config/sdcardfs/com.google.android.appsearch/appid
10-10 12:45:13.705  1902  1990 W PackageSettings: Couldn't write -1 to /config/sdcardfs/com.google.android.configinfrastructure/appid
10-10 12:45:13.705  1902  1990 W PackageSettings: Couldn't write -1 to /config/sdcardfs/com.android.runtime/appid
10-10 12:45:13.706  1902  1990 W PackageSettings: Couldn't write -1 to /config/sdcardfs/com.google.android.cellbroadcast/appid
10-10 12:45:13.707  1902  1990 W PackageSettings: Couldn't write -1 to /config/sdcardfs/com.android.apex.cts.shim/appid
10-10 12:45:13.707  1902  1990 W PackageSettings: Couldn't write -1 to /config/sdcardfs/com.android.compos/appid
10-10 12:45:13.707  1902  1990 W PackageSettings: Couldn't write -1 to /config/sdcardfs/com.google.android.resolv/appid
10-10 12:45:13.708  1902  1990 W PackageSettings: Couldn't write -1 to /config/sdcardfs/com.google.android.sdkext/appid
10-10 12:45:13.708  1902  1990 W PackageSettings: Couldn't write -1 to /config/sdcardfs/com.google.android.art/appid
10-10 12:45:13.711  1902  1990 W PackageSettings: Couldn't write -1 to /config/sdcardfs/com.google.android.adservices/appid
10-10 12:45:13.714  1902  1990 W PackageSettings: Couldn't write -1 to /config/sdcardfs/com.google.android.scheduling/appid
10-10 12:45:13.714  1902  1990 W PackageSettings: Couldn't write -1 to /config/sdcardfs/com.google.android.mediaprovider/appid
10-10 12:45:13.715  1902  1990 W PackageSettings: Couldn't write -1 to /config/sdcardfs/com.google.android.permission/appid
10-10 12:45:13.716  1902  1990 W PackageSettings: Couldn't write -1 to /config/sdcardfs/com.android.vndk.v30/appid
10-10 12:45:13.716  1902  1990 W PackageSettings: Couldn't write -1 to /config/sdcardfs/com.android.vndk.v31/appid
10-10 12:45:13.716  1902  1990 W PackageSettings: Couldn't write -1 to /config/sdcardfs/com.android.vndk.v33/appid
10-10 12:45:13.716  1902  1990 W PackageSettings: Couldn't write -1 to /config/sdcardfs/com.android.vndk.v34/appid
10-10 12:45:13.718  1902  1990 W PackageSettings: Couldn't write -1 to /config/sdcardfs/com.google.android.neuralnetworks/appid
10-10 12:45:13.719  1902  1990 W PackageSettings: Couldn't write -1 to /config/sdcardfs/com.google.android.tethering/appid
10-10 12:45:13.720  1902  1990 W PackageSettings: Couldn't write -1 to /config/sdcardfs/com.google.android.adbd/appid
10-10 12:45:13.720  1902  1990 W PackageSettings: Couldn't write -1 to /config/sdcardfs/com.google.android.conscrypt/appid
10-10 12:45:13.911  1902 23266 D PerfShielderService: eu.europa.ec.euidi|eu.europa.ec.euidi/eu.europa.ec.assemblylogic.ui.MainActivity|97|116550669149639|52|5|4
10-10 12:45:13.912 22071 27042 W MiuiPerfServiceClient: interceptAndQueuing:21164|eu.europa.ec.euidi|97|52|116550669149639|Slow issue draw commands|4
10-10 12:45:14.669  1902 22706 W MIUIInput: Input event injection from package: null action ACTION_DOWN
10-10 12:45:14.677  1902 22706 W MIUIInput: Input event injection from package: null action ACTION_UP
10-10 12:45:14.972  1902  1985 D PermissionManager: writeLegacyPermissionState for user  in 65 ms.
