10-13 10:49:34.615  1902 23266 D PackageManager: set app component=ComponentInfo{com.facebook.appmanager/com.facebook.oxygen.appmanager.webinstall.WebInstallAppLinkIgliteActivity} enabled state: 2 from com.facebook.appmanager,uid=10150,pid=18065
10-13 10:49:34.617 18101 18101 W Looper  : PerfMonitor longMsg : seq=2 plan=10:49:33.269 late=12ms wall=1335ms h=android.app.ActivityThread$H w=110 procState=-1
10-13 10:49:34.621  1902 23266 D PackageManager: set app component=ComponentInfo{com.facebook.appmanager/com.facebook.oxygen.appmanager.webinstall.WebInstallAppLinkFbliteActivity} enabled state: 2 from com.facebook.appmanager,uid=10150,pid=18065
10-13 10:49:34.639   691 27447 W keystore2: system/security/keystore2/src/remote_provisioning.rs:102 - Error occurred: system/security/keystore2/src/rkpd_client.rs:272: Trying to get to IRegistration service.
10-13 10:49:34.639   691 27447 W keystore2: 
10-13 10:49:34.639   691 27447 W keystore2: Caused by:
10-13 10:49:34.639   691 27447 W keystore2:     0: system/security/keystore2/src/rkpd_client.rs:162: Trying to get IRPC name.
10-13 10:49:34.639   691 27447 W keystore2:     1: system/security/keystore2/src/globals.rs:440
10-13 10:49:34.639   691 27447 W keystore2:     2: Error::Km(r#HARDWARE_TYPE_UNAVAILABLE)
10-13 10:49:34.657  1902  2303 D PackageManager: set app component=ComponentInfo{com.facebook.appmanager/com.facebook.oxygen.appmanager.webinstall.WebInstallAppLinkFB4AActivity} enabled state: 2 from com.facebook.appmanager,uid=10150,pid=18065
10-13 10:49:34.663  1902 23266 D PackageManager: set app component=ComponentInfo{com.google.android.gm/com.google.android.libraries.communications.conference.ui.intents.ChitChatGatewayActivity} enabled state: 1 from com.google.android.gm,uid=10197,pid=18101
10-13 10:49:34.664  1902  3385 E AppOps  : Bad call made by uid 1001. Package "com.android.phone" does not belong to uid 10189.
10-13 10:49:34.665  1902  2303 D CompatibilityChangeReporter: Compat change id reported: 161145287; UID 10301; state: ENABLED
10-13 10:49:34.667  1902  3385 E AppOps  : Cannot noteOperation
10-13 10:49:34.667  1902  3385 E AppOps  : java.lang.SecurityException: Specified package "com.android.phone" under uid 10189 but it is not
10-13 10:49:34.667  1902  3385 E AppOps  : 	at com.android.server.appop.AppOpsService.verifyAndGetBypass(AppOpsService.java:4191)
10-13 10:49:34.667  1902  3385 E AppOps  : 	at com.android.server.appop.AppOpsService.verifyAndGetBypass(AppOpsService.java:4036)
10-13 10:49:34.667  1902  3385 E AppOps  : 	at com.android.server.appop.AppOpsService.noteOperationUnchecked(AppOpsService.java:2739)
10-13 10:49:34.667  1902  3385 E AppOps  : 	at com.android.server.appop.AppOpsService.noteOperationImpl(AppOpsService.java:2727)
10-13 10:49:34.667  1902  3385 E AppOps  : 	at com.android.server.appop.AppOpsService.-$$Nest$mnoteOperationImpl(Unknown Source:0)
10-13 10:49:34.667  1902  3385 E AppOps  : 	at com.android.server.appop.AppOpsService$CheckOpsDelegateDispatcher.$r8$lambda$-zO2p3wazaltMFolMcvKOcU7eN4(Unknown Source:0)
10-13 10:49:34.667  1902  3385 E AppOps  : 	at com.android.server.appop.AppOpsService$CheckOpsDelegateDispatcher$$ExternalSyntheticLambda2.apply(Unknown Source:33)
10-13 10:49:34.667  1902  3385 E AppOps  : 	at com.android.server.policy.AppOpsPolicy.noteOperation(AppOpsPolicy.java:235)
10-13 10:49:34.667  1902  3385 E AppOps  : 	at com.android.server.appop.AppOpsService$CheckOpsDelegateDispatcher.noteOperation(AppOpsService.java:6809)
10-13 10:49:34.667  1902  3385 E AppOps  : 	at com.android.server.appop.AppOpsService.noteOperation(AppOpsService.java:2708)
10-13 10:49:34.667  1902  3385 E AppOps  : 	at com.android.internal.app.IAppOpsService$Stub.onTransact(IAppOpsService.java:488)
10-13 10:49:34.667  1902  3385 E AppOps  : 	at android.os.Binder.execTransactInternal(Binder.java:1351)
10-13 10:49:34.667  1902  3385 E AppOps  : 	at android.os.Binder.execTransact(Binder.java:1282)
10-13 10:49:34.689  1902  3385 D PackageManager: set app component=ComponentInfo{com.facebook.appmanager/com.facebook.oxygen.appmanager.webinstall.WebInstallAppLinkInstagramActivity} enabled state: 2 from com.facebook.appmanager,uid=10150,pid=18065
10-13 10:49:34.713  1902  2303 E AppOps  : Bad call made by uid 1001. Package "com.android.phone" does not belong to uid 10189.
10-13 10:49:34.714  1902  2303 E AppOps  : Cannot noteOperation
10-13 10:49:34.714  1902  2303 E AppOps  : java.lang.SecurityException: Specified package "com.android.phone" under uid 10189 but it is not
10-13 10:49:34.714  1902  2303 E AppOps  : 	at com.android.server.appop.AppOpsService.verifyAndGetBypass(AppOpsService.java:4191)
10-13 10:49:34.714  1902  2303 E AppOps  : 	at com.android.server.appop.AppOpsService.verifyAndGetBypass(AppOpsService.java:4036)
10-13 10:49:34.714  1902  2303 E AppOps  : 	at com.android.server.appop.AppOpsService.noteOperationUnchecked(AppOpsService.java:2739)
10-13 10:49:34.714  1902  2303 E AppOps  : 	at com.android.server.appop.AppOpsService.noteOperationImpl(AppOpsService.java:2727)
10-13 10:49:34.714  1902  2303 E AppOps  : 	at com.android.server.appop.AppOpsService.-$$Nest$mnoteOperationImpl(Unknown Source:0)
10-13 10:49:34.714  1902  2303 E AppOps  : 	at com.android.server.appop.AppOpsService$CheckOpsDelegateDispatcher.$r8$lambda$-zO2p3wazaltMFolMcvKOcU7eN4(Unknown Source:0)
10-13 10:49:34.714  1902  2303 E AppOps  : 	at com.android.server.appop.AppOpsService$CheckOpsDelegateDispatcher$$ExternalSyntheticLambda2.apply(Unknown Source:33)
10-13 10:49:34.714  1902  2303 E AppOps  : 	at com.android.server.policy.AppOpsPolicy.noteOperation(AppOpsPolicy.java:235)
10-13 10:49:34.714  1902  2303 E AppOps  : 	at com.android.server.appop.AppOpsService$CheckOpsDelegateDispatcher.noteOperation(AppOpsService.java:6809)
10-13 10:49:34.714  1902  2303 E AppOps  : 	at com.android.server.appop.AppOpsService.noteOperation(AppOpsService.java:2708)
10-13 10:49:34.714  1902  2303 E AppOps  : 	at com.android.internal.app.IAppOpsService$Stub.onTransact(IAppOpsService.java:488)
10-13 10:49:34.714  1902  2303 E AppOps  : 	at android.os.Binder.execTransactInternal(Binder.java:1351)
10-13 10:49:34.714  1902  2303 E AppOps  : 	at android.os.Binder.execTransact(Binder.java:1282)
10-13 10:49:34.719  1902  3385 D PackageManager: set app component=ComponentInfo{com.facebook.appmanager/com.facebook.oxygen.appmanager.webinstall.WebInstallAppLinkMessengerActivity} enabled state: 2 from com.facebook.appmanager,uid=10150,pid=18065
10-13 10:49:34.730  1902  3385 D CompatibilityChangeReporter: Compat change id reported: 261072174; UID 10197; state: ENABLED
10-13 10:49:34.735  1902  2303 D PackageManager: set app component=ComponentInfo{com.facebook.appmanager/com.facebook.oxygen.appmanager.webinstall.WebInstallAppLinkIgliteLoggedOutActivity} enabled state: 2 from com.facebook.appmanager,uid=10150,pid=18065
10-13 10:49:34.736  1902  3385 D PackageManager: set app component=ComponentInfo{com.facebook.appmanager/com.facebook.oxygen.appmanager.webinstall.WebInstallAppLinkFbliteLoggedOutActivity} enabled state: 2 from com.facebook.appmanager,uid=10150,pid=18065
10-13 10:49:34.738  1902 23266 D PackageManager: set app component=ComponentInfo{com.facebook.appmanager/com.facebook.oxygen.appmanager.webinstall.WebInstallAppLinkFB4ALoggedOutActivity} enabled state: 2 from com.facebook.appmanager,uid=10150,pid=18065
10-13 10:49:34.739  1902 23266 D PackageManager: set app component=ComponentInfo{com.facebook.appmanager/com.facebook.oxygen.appmanager.webinstall.WebInstallAppLinkInstagramLoggedOutActivity} enabled state: 2 from com.facebook.appmanager,uid=10150,pid=18065
10-13 10:49:34.741  1902 23266 D PackageManager: set app component=ComponentInfo{com.facebook.appmanager/com.facebook.oxygen.appmanager.webinstall.WebInstallAppLinkMessengerLoggedOutActivity} enabled state: 2 from com.facebook.appmanager,uid=10150,pid=18065
10-13 10:49:34.758  1902  2303 D PackageManager: set app component=ComponentInfo{com.facebook.appmanager/com.facebook.oxygen.appmanager.webinstall.WebInstallAppLinkIgliteRestrictedActivity} enabled state: 2 from com.facebook.appmanager,uid=10150,pid=18065
10-13 10:49:34.758  1902 22586 E AppOps  : Bad call made by uid 1001. Package "com.android.phone" does not belong to uid 10189.
10-13 10:49:34.761  1902 22586 E AppOps  : Cannot noteOperation
10-13 10:49:34.761  1902 22586 E AppOps  : java.lang.SecurityException: Specified package "com.android.phone" under uid 10189 but it is not
10-13 10:49:34.761  1902 22586 E AppOps  : 	at com.android.server.appop.AppOpsService.verifyAndGetBypass(AppOpsService.java:4191)
10-13 10:49:34.761  1902 22586 E AppOps  : 	at com.android.server.appop.AppOpsService.verifyAndGetBypass(AppOpsService.java:4036)
10-13 10:49:34.761  1902 22586 E AppOps  : 	at com.android.server.appop.AppOpsService.noteOperationUnchecked(AppOpsService.java:2739)
10-13 10:49:34.761  1902 22586 E AppOps  : 	at com.android.server.appop.AppOpsService.noteOperationImpl(AppOpsService.java:2727)
10-13 10:49:34.761  1902 22586 E AppOps  : 	at com.android.server.appop.AppOpsService.-$$Nest$mnoteOperationImpl(Unknown Source:0)
10-13 10:49:34.761  1902 22586 E AppOps  : 	at com.android.server.appop.AppOpsService$CheckOpsDelegateDispatcher.$r8$lambda$-zO2p3wazaltMFolMcvKOcU7eN4(Unknown Source:0)
10-13 10:49:34.761  1902 22586 E AppOps  : 	at com.android.server.appop.AppOpsService$CheckOpsDelegateDispatcher$$ExternalSyntheticLambda2.apply(Unknown Source:33)
10-13 10:49:34.761  1902 22586 E AppOps  : 	at com.android.server.policy.AppOpsPolicy.noteOperation(AppOpsPolicy.java:235)
10-13 10:49:34.761  1902 22586 E AppOps  : 	at com.android.server.appop.AppOpsService$CheckOpsDelegateDispatcher.noteOperation(AppOpsService.java:6809)
10-13 10:49:34.761  1902 22586 E AppOps  : 	at com.android.server.appop.AppOpsService.noteOperation(AppOpsService.java:2708)
10-13 10:49:34.761  1902 22586 E AppOps  : 	at com.android.internal.app.IAppOpsService$Stub.onTransact(IAppOpsService.java:488)
10-13 10:49:34.761  1902 22586 E AppOps  : 	at android.os.Binder.execTransactInternal(Binder.java:1351)
10-13 10:49:34.761  1902 22586 E AppOps  : 	at android.os.Binder.execTransact(Binder.java:1282)
10-13 10:49:34.770  1902 22586 D PackageManager: set app component=ComponentInfo{com.facebook.appmanager/com.facebook.oxygen.appmanager.webinstall.WebInstallAppLinkFbliteRestrictedActivity} enabled state: 2 from com.facebook.appmanager,uid=10150,pid=18065
10-13 10:49:34.773  1902 22586 D PackageManager: set app component=ComponentInfo{com.facebook.appmanager/com.facebook.oxygen.appmanager.webinstall.WebInstallAppLinkFB4ARestrictedActivity} enabled state: 2 from com.facebook.appmanager,uid=10150,pid=18065
10-13 10:49:34.778  1902 22586 D PackageManager: set app component=ComponentInfo{com.facebook.appmanager/com.facebook.oxygen.appmanager.webinstall.WebInstallAppLinkInstagramRestrictedActivity} enabled state: 2 from com.facebook.appmanager,uid=10150,pid=18065
10-13 10:49:34.794  1902 23266 D PackageManager: set app component=ComponentInfo{com.facebook.appmanager/com.facebook.oxygen.appmanager.webinstall.WebInstallAppLinkMessengerRestrictedActivity} enabled state: 2 from com.facebook.appmanager,uid=10150,pid=18065
10-13 10:49:34.797  1902 23266 D PackageManager: set app component=ComponentInfo{com.facebook.appmanager/com.facebook.oxygen.appmanager.modules.api.ModulesApiProvider} enabled state: 2 from com.facebook.appmanager,uid=10150,pid=18065
10-13 10:49:34.881   691 18248 E keystore2: system/security/keystore2/src/gc.rs:139 - Error trying to delete blob entry. system/security/keystore2/src/gc.rs:129: Trying to invalidate key.
10-13 10:49:34.881   691 18248 E keystore2: 
10-13 10:49:34.881   691 18248 E keystore2: Caused by:
10-13 10:49:34.881   691 18248 E keystore2:     0: system/security/keystore2/src/globals.rs:167: Trying to invalidate key blob.
10-13 10:49:34.881   691 18248 E keystore2:     1: Error::Km(r#UNIMPLEMENTED)
10-13 10:49:34.928  1902  2303 I SmartPower: com.google.android.apps.nbu.files/10259(16234): idle->background(4029ms) R(service create com.google.android.apps.nbu.files/androidx.work.impl.background.systemjob.SystemJobService) adj=0.
10-13 10:49:35.125  1902  2620 I SmartPower: com.google.android.dialer/10177(16694): background->idle(3000ms) R(service create com.google.android.dialer/androidx.work.impl.background.systemjob.SystemJobService) adj=250.
10-13 10:49:35.159  1902  2620 I SmartPower: com.google.android.apps.chromecast.app/10260(17691): background->idle(3388ms) R(service end com.google.android.apps.chromecast.app/com.google.android.libraries.notifications.entrypoints.scheduled.ScheduledTaskService) adj=250.
10-13 10:49:35.192  1902  2620 I SmartPower: com.miui.mediaeditor/10235(17743): background->idle(3006ms) R(adj below visible) adj=200.
10-13 10:49:35.270  1902 22586 W JobScheduler: Job didn't exist in JobStore: 
10-13 10:49:35.284  1902  1902 I BackupManagerService: [UserID:0] Beginning scheduled full backup operation
10-13 10:49:35.285  1902  1902 D PFTBT   : Skipping full backup. A backup is already in progress.
10-13 10:49:35.285  1902  1902 I BackupManagerService: [UserID:0] Acquired wakelock:*backup*-0-21984
10-13 10:49:35.297  1902  1902 I TransportConnection: BackupTransportService#10528: Notifying [PFTBT.run()] transport = BackupTransportClient
10-13 10:49:35.301  1902 22586 I ActivityManager: Flag disabled. Ignoring finishAttachApplication from uid: 10301. pid: 18137
10-13 10:49:35.301  1902 18294 I PFTBT   : Full backup completed with status: -2003
10-13 10:49:35.309 18137 18137 W Looper  : PerfMonitor longMsg : seq=2 plan=10:49:33.673 late=13ms wall=1621ms h=android.app.ActivityThread$H w=110 procState=-1
10-13 10:49:35.336  1902 15926 D BackupManagerService: [UserID:0] agentConnected pkg=com.android.mms agent=android.os.BinderProxy@ed95f4e
10-13 10:49:35.337  1902 16962 I BackupManagerService: [UserID:0] got agent android.app.IBackupAgent$Stub$Proxy@1eb886f
10-13 10:49:35.337  1902 16962 D KeyValueBackupTask: Invoking agent on com.android.mms
10-13 10:49:35.344  1902 18294 I PFTBT   : Full data backup pass finished.
10-13 10:49:35.344  1902 18294 I BackupManagerService: [UserID:0] Released wakelock:*backup*-0-21984
10-13 10:49:35.408  1902 16962 I BackupRestoreController: Getting widget state for user: 0
10-13 10:49:35.436  1902  1902 I BackupManagerService: [UserID:0] Beginning scheduled full backup operation
10-13 10:49:35.439  1902  1902 D PFTBT   : Skipping full backup. A backup is already in progress.
10-13 10:49:35.439  1902  1902 I BackupManagerService: [UserID:0] Acquired wakelock:*backup*-0-21984
10-13 10:49:35.440  1902 16962 D KeyValueBackupTask: Starting key-value backup of com.android.providers.blockednumber
10-13 10:49:35.447  1902  1902 I TransportConnection: BackupTransportService#10529: Notifying [PFTBT.run()] transport = BackupTransportClient
10-13 10:49:35.449  1902 16962 D BackupManagerService: bindToAgentSynchronous, packageName:com.android.providers.blockednumber uid:10059, userId:0
10-13 10:49:35.450  1902 18306 I PFTBT   : Full backup completed with status: -2003
10-13 10:49:35.461  1902 16962 D BackupManagerService: [UserID:0] awaiting agent for ApplicationInfo{679f59b com.android.providers.blockednumber}
10-13 10:49:35.466  1902  1902 D CompatibilityChangeReporter: Compat change id reported: 135634846; UID 10184; state: DISABLED
10-13 10:49:35.467  1902  1902 D CompatibilityChangeReporter: Compat change id reported: 177438394; UID 10184; state: DISABLED
10-13 10:49:35.467  1902  1902 D CompatibilityChangeReporter: Compat change id reported: 135772972; UID 10184; state: DISABLED
10-13 10:49:35.467  1902  1902 D CompatibilityChangeReporter: Compat change id reported: 135754954; UID 10184; state: ENABLED
10-13 10:49:35.468  1902  1955 D CompatibilityChangeReporter: Compat change id reported: 143937733; UID 10184; state: ENABLED
10-13 10:49:35.478  1902  3385 D BackupManagerService: [UserID:0] agentConnected pkg=com.android.providers.blockednumber agent=android.os.BinderProxy@b977d13
10-13 10:49:35.480  1902 16962 I BackupManagerService: [UserID:0] got agent android.app.IBackupAgent$Stub$Proxy@74e3b50
10-13 10:49:35.481  1902 16962 D KeyValueBackupTask: Invoking agent on com.android.providers.blockednumber
10-13 10:49:35.488  1902 18306 I PFTBT   : Full data backup pass finished.
10-13 10:49:35.488  1902 18306 I BackupManagerService: [UserID:0] Released wakelock:*backup*-0-21984
10-13 10:49:35.488  1902  1902 I BackupManagerService: [UserID:0] Beginning scheduled full backup operation
10-13 10:49:35.489  1902  1902 D PFTBT   : Skipping full backup. A backup is already in progress.
10-13 10:49:35.489  1902  1902 I BackupManagerService: [UserID:0] Acquired wakelock:*backup*-0-21984
10-13 10:49:35.493  1902  1955 I ActivityManager: Start proc 18309:com.android.vending:background/u0a184 for service {com.android.vending/com.google.android.finsky.scheduler.process.backgroundimpl.PhoneskyJobServiceBackground} caller=android
10-13 10:49:35.501  1902  1902 I TransportConnection: BackupTransportService#10530: Notifying [PFTBT.run()] transport = BackupTransportClient
10-13 10:49:35.505  1902 18308 I PFTBT   : Full backup completed with status: -2003
10-13 10:49:35.521  1902 18308 I PFTBT   : Full data backup pass finished.
10-13 10:49:35.521  1902 18308 I BackupManagerService: [UserID:0] Released wakelock:*backup*-0-21984
10-13 10:49:35.553  1902 16962 I BackupRestoreController: Getting widget state for user: 0
10-13 10:49:35.571  1902  2771 I SmartPower: com.android.vending:background/10184(18309): died->background(17098ms) R(process start ) adj=-10000.
10-13 10:49:35.572  1902 16962 D KeyValueBackupTask: Starting key-value backup of com.google.android.documentsui
10-13 10:49:35.576  1902  2771 D CompatibilityChangeReporter: Compat change id reported: 168419799; UID 10184; state: DISABLED
10-13 10:49:35.578  1902  2771 D CompatibilityChangeReporter: Compat change id reported: 273564678; UID 10184; state: DISABLED
10-13 10:49:35.584  1902  2323 D CompatibilityChangeReporter: Compat change id reported: 265195908; UID 10184; state: ENABLED
10-13 10:49:35.591  1902 16962 D BackupManagerService: bindToAgentSynchronous, packageName:com.google.android.documentsui uid:10068, userId:0
10-13 10:49:35.621  1902 16962 D CompatibilityChangeReporter: Compat change id reported: 135634846; UID 10068; state: DISABLED
10-13 10:49:35.621  1902 16962 D CompatibilityChangeReporter: Compat change id reported: 177438394; UID 10068; state: DISABLED
10-13 10:49:35.622  1902 16962 D CompatibilityChangeReporter: Compat change id reported: 135772972; UID 10068; state: DISABLED
10-13 10:49:35.622  1902 16962 D CompatibilityChangeReporter: Compat change id reported: 135754954; UID 10068; state: ENABLED
10-13 10:49:35.623  1902  1955 D CompatibilityChangeReporter: Compat change id reported: 143937733; UID 10068; state: ENABLED
10-13 10:49:35.626  1902 16962 D BackupManagerService: [UserID:0] awaiting agent for ApplicationInfo{76a7c58 com.google.android.documentsui}
10-13 10:49:35.631  1902 22586 D CompatibilityChangeReporter: Compat change id reported: 170503758; UID 10184; state: ENABLED
10-13 10:49:35.644  1902  2771 I ActivityManager: Process com.google.android.apps.photos:mediametadataservice (pid 17190) has died: cch+25 CEM 
10-13 10:49:35.650  1902  2611 E ProcessManager: error write exception log
10-13 10:49:35.654  1902  1955 I ActivityManager: Start proc 18338:com.google.android.documentsui/u0a68 for backup {com.google.android.documentsui/com.android.documentsui.prefs.BackupAgent} caller=Backup
10-13 10:49:35.692  1902  2620 I SmartPower: com.miui.cloudservice:galleryproxy/10116(17958): background->idle(3005ms) R(adj below visible) adj=200.
10-13 10:49:35.737  1902 23266 I SmartPower: com.google.android.documentsui/10068(18338): died->background(2272351ms) R(process start ) adj=-10000.
10-13 10:49:35.740  1902 23266 D CompatibilityChangeReporter: Compat change id reported: 168419799; UID 10068; state: DISABLED
10-13 10:49:35.741  1902 23266 D CompatibilityChangeReporter: Compat change id reported: 273564678; UID 10068; state: DISABLED
10-13 10:49:35.859  1902 15926 D CompatibilityChangeReporter: Compat change id reported: 161145287; UID 10184; state: ENABLED
10-13 10:49:35.874  1902  2303 D CompatibilityChangeReporter: Compat change id reported: 170503758; UID 10068; state: ENABLED
10-13 10:49:35.911  1902 15926 D CompatibilityChangeReporter: Compat change id reported: 161145287; UID 10180; state: ENABLED
10-13 10:49:35.938 18137 18332 W BpBinder: Slow Binder: BpBinder transact took 275 ms, interface=android.os.INetworkManagementService, code=42 oneway=false
10-13 10:49:35.949  1902 15926 D CompatibilityChangeReporter: Compat change id reported: 261072174; UID 10301; state: ENABLED
10-13 10:49:35.992  1902 22706 I ActivityManager: Background started FGS: Allowed [callingPackage: com.android.mms; callingUid: 10301; uidState: CEM ; uidBFSL: n/a; intent: Intent { cmp=com.android.mms/.transaction.HandleTaskService (has extras) }; code:BACKGROUND_ACTIVITY_PERMISSION; tempAllowListReason:<,reasonCode:SYSTEM_ALLOW_LISTED,duration:9223372036854775807,callingUid:-1>; targetSdkVersion:34; callerTargetSdkVersion:34; startForegroundCount:0; bindFromPackage:null: isBindService:false]
10-13 10:49:35.999  1902  2600 D isUidValid: uid = 10301
10-13 10:49:36.021  1902 23266 D CompatibilityChangeReporter: Compat change id reported: 170668199; UID 10301; state: ENABLED
10-13 10:49:36.033  1902 15926 I SmartPower: com.xiaomi.simactivate.service/10148(17248): idle->background(3333ms) R(service create com.xiaomi.simactivate.service/com.xiaomi.activate.ActivateService) adj=0.
10-13 10:49:36.043  1902  1917 I ActivityManager: Cancel FGS notification userId: 0 definingUid: 10301 packageName: com.android.mms processName:com.android.mms ChannelId:Channel_Foreground_Service foregroundNotiWhen:1760341776032 Notiflags:64
10-13 10:49:36.175  1902 15926 D PackageManager: set app component=ComponentInfo{com.android.mms/androidx.work.impl.background.systemalarm.RescheduleReceiver} enabled state: 1 from com.android.mms,uid=10301,pid=18137
10-13 10:49:36.190  1902 15926 I ActivityManager: Flag disabled. Ignoring finishAttachApplication from uid: 10184. pid: 18309
10-13 10:49:36.194  1902 23266 D CompatibilityChangeReporter: Compat change id reported: 319212206; UID 10301; state: DISABLED
10-13 10:49:36.211  1902 23266 D CompatibilityChangeReporter: Compat change id reported: 271850009; UID 10301; state: ENABLED
10-13 10:49:36.211  1902 23266 D CompatibilityChangeReporter: Compat change id reported: 253665015; UID 10301; state: ENABLED
10-13 10:49:36.211  1902 23266 D CompatibilityChangeReporter: Compat change id reported: 194532703; UID 10301; state: ENABLED
10-13 10:49:36.232 18137 18304 W BpBinder: Slow Binder: BpBinder transact took 206 ms, interface=android.app.IActivityManager, code=37 oneway=false
10-13 10:49:36.241  1902  2620 I SmartPower: com.facebook.appmanager/10150(18065): background->idle(3127ms) R(service end com.facebook.appmanager/com.facebook.oxygen.common.jobqueue.JobQueueService) adj=250.
10-13 10:49:36.307 18137 18332 W BpBinder: Slow Binder: BpBinder transact took 250 ms, interface=com.google.android.gms.common.internal.IGmsServiceBroker, code=46 oneway=false
10-13 10:49:36.336  1902  3385 I ActivityManager: Process com.android.traceur (pid 17818) has died: cch+45 CEM 
10-13 10:49:36.336  1902  2611 E ProcessManager: error write exception log
10-13 10:49:36.338  1902  1936 D DisplayManagerService: Drop pending events for gone uid 10095
10-13 10:49:36.410  1902  2303 D PackageManager: set app component=ComponentInfo{com.android.mms/androidx.work.impl.background.systemalarm.RescheduleReceiver} enabled state: 2 from com.android.mms,uid=10301,pid=18137
10-13 10:49:36.555 18137 18408 W BpBinder: Slow Binder: BpBinder transact took 269 ms, interface=android.content.IContentProvider, code=1 oneway=false
10-13 10:49:36.600  1902  2303 W ContentProviderHelper: Permission Denial: opening provider com.zeus.gmc.sdk.mobileads.msa.odi.provider.OnDeviceIntelligenceContentProvider from ProcessRecord{236f79b 18137:com.android.mms/u0a301} (pid=18137, uid=10301) requires com.zeus.gmc.sdk.mobileads.msa.odi.permission.ONDEVICE_INTELLIGENCE_PROVIDER or com.zeus.gmc.sdk.mobileads.msa.odi.permission.ONDEVICE_INTELLIGENCE_PROVIDER
10-13 10:49:36.635  1902  2620 I SmartPower: com.google.android.gms.unstable/10175(4628): background->idle(3001ms) R(service create com.google.android.gms/.droidguard.DroidGuardService) adj=250.
10-13 10:49:36.635  1902  2620 I SmartPower: com.google.process.gservices/10175(22048): background->idle(5623ms) R(service create com.google.android.gms/.droidguard.DroidGuardService) adj=250.
10-13 10:49:36.635  1902  2620 I SmartPower: com.google.process.gapps/10175(10910): background->idle(3936ms) R(service create com.google.android.gms/.droidguard.DroidGuardService) adj=100.
10-13 10:49:36.677  1902  2303 D PackageManager: set app component=ComponentInfo{com.google.android.gm/com.google.android.apps.dynamite.features.hub.navigation.PeopleActivity} enabled state: 2 from com.google.android.gm,uid=10197,pid=18101
10-13 10:49:36.678  1902  1917 D PackageManager: set app component=ComponentInfo{com.google.android.gm/com.google.android.apps.dynamite.features.hub.navigation.RoomsActivity} enabled state: 2 from com.google.android.gm,uid=10197,pid=18101
10-13 10:49:36.679 17248 17248 W BpBinder: Slow Binder: BpBinder transact took 221 ms, interface=android.app.IActivityManager, code=40 oneway=false
10-13 10:49:36.679  1902  1917 D PackageManager: set app component=ComponentInfo{com.google.android.gm/com.google.android.apps.dynamite.services.notification.NotificationService} enabled state: 2 from com.google.android.gm,uid=10197,pid=18101
10-13 10:49:36.680  1902  2303 D PackageManager: set app component=ComponentInfo{com.google.android.gm/com.google.android.apps.dynamite.DynamiteDeepLinkMultiple} enabled state: 2 from com.google.android.gm,uid=10197,pid=18101
10-13 10:49:36.680  1902  1917 D PackageManager: set app component=ComponentInfo{com.google.android.gm/com.google.android.libraries.communications.conference.ui.callui.SingleCallActivity} enabled state: 1 from com.google.android.gm,uid=10197,pid=18101
10-13 10:49:36.681  1902  2303 D PackageManager: set app component=ComponentInfo{com.google.android.gm/com.google.android.libraries.communications.conference.ui.callui.chat.ChatActivity} enabled state: 1 from com.google.android.gm,uid=10197,pid=18101
10-13 10:49:36.681  1902  2303 D PackageManager: set app component=ComponentInfo{com.google.android.gm/com.google.android.libraries.communications.conference.ui.intents.ChitChatGatewayActivity} enabled state: 1 from com.google.android.gm,uid=10197,pid=18101
10-13 10:49:36.682  1902  2303 D PackageManager: set app component=ComponentInfo{com.google.android.gm/com.google.android.libraries.communications.conference.ui.greenroom.GreenroomActivity} enabled state: 1 from com.google.android.gm,uid=10197,pid=18101
10-13 10:49:36.682  1902  2303 D PackageManager: set app component=ComponentInfo{com.google.android.gm/com.google.android.libraries.communications.conference.ui.largescreen.HomeActivity} enabled state: 1 from com.google.android.gm,uid=10197,pid=18101
10-13 10:49:36.683  1902  2303 D PackageManager: set app component=ComponentInfo{com.google.android.gm/com.google.android.libraries.communications.conference.ui.intents.LivestreamHandlerActivity} enabled state: 1 from com.google.android.gm,uid=10197,pid=18101
10-13 10:49:36.684  1902  1917 D PackageManager: set app component=ComponentInfo{com.google.android.gm/com.google.android.libraries.communications.conference.ui.intents.ConferenceUrlHandlerActivity} enabled state: 1 from com.google.android.gm,uid=10197,pid=18101
10-13 10:49:36.684  1902  2303 D PackageManager: set app component=ComponentInfo{com.google.android.gm/com.google.android.libraries.communications.conference.ui.intents.TransferCallHandlerActivity} enabled state: 1 from com.google.android.gm,uid=10197,pid=18101
10-13 10:49:36.685  1902 23266 D PackageManager: set app component=ComponentInfo{com.google.android.gm/com.google.android.libraries.communications.conference.ui.intents.ConferenceGatewayActivity} enabled state: 1 from com.google.android.gm,uid=10197,pid=18101
10-13 10:49:36.685  1902 23266 D PackageManager: set app component=ComponentInfo{com.google.android.gm/com.google.android.libraries.communications.conference.ui.intents.AssistantNewUrlHandlerActivity} enabled state: 1 from com.google.android.gm,uid=10197,pid=18101
10-13 10:49:36.685  1902  2303 D PackageManager: set app component=ComponentInfo{com.google.android.gm/com.google.android.libraries.communications.conference.ui.settings.SettingsActivity} enabled state: 1 from com.google.android.gm,uid=10197,pid=18101
10-13 10:49:36.688 18137 18332 W BpBinder: Slow Binder: BpBinder transact took 345 ms, interface=com.google.android.gms.phenotype.internal.IPhenotypeService, code=1 oneway=false
10-13 10:49:36.813  1902 23266 D CompatibilityChangeReporter: Compat change id reported: 161145287; UID 10068; state: ENABLED
10-13 10:49:36.961  1902  1917 I ActivityManager: Process com.google.android.accessibility.switchaccess (pid 18030) has died: cch+25 CEM 
10-13 10:49:36.961  1902  2611 E ProcessManager: error write exception log
10-13 10:49:36.964  1902  1936 D DisplayManagerService: Drop pending events for gone uid 10331
10-13 10:49:36.980  1902  2620 I SmartPower: com.facebook.system/10093(18162): background->idle(3014ms) R(adj below visible) adj=250.
10-13 10:49:37.003  1902 15926 E ContentProviderHelper: Existing provider com.google.android.apps.docs/.common.storagebackend.StorageBackendContentProvider is crashing; detaching ProcessRecord{4e5756c 18338:com.google.android.documentsui/u0a68}
10-13 10:49:37.089  1902 22706 I ActivityManager: Flag disabled. Ignoring finishAttachApplication from uid: 10068. pid: 18338
10-13 10:49:37.123 18338 18338 W Looper  : PerfMonitor longMsg : seq=2 plan=10:49:35.749 late=9ms wall=1362ms h=android.app.ActivityThread$H w=110 procState=-1
10-13 10:49:37.141  1902  1917 D BackupManagerService: [UserID:0] agentConnected pkg=com.google.android.documentsui agent=android.os.BinderProxy@54ed101
10-13 10:49:37.141  1902 16962 I BackupManagerService: [UserID:0] got agent android.app.IBackupAgent$Stub$Proxy@e037ba6
10-13 10:49:37.142  1902 16962 D KeyValueBackupTask: Invoking agent on com.google.android.documentsui
10-13 10:49:37.177  1902  1990 I AppsFilter: interaction: PackageSetting{8220c0c com.android.microdroid.empty_payload/10336} -> PackageSetting{63bef3a com.android.mms/10301} BLOCKED
10-13 10:49:37.177  1902  1990 I AppsFilter: interaction: PackageSetting{6987380 io.appium.uiautomator2.server.test/10379} -> PackageSetting{63bef3a com.android.mms/10301} BLOCKED
10-13 10:49:37.177  1902  1990 I AppsFilter: interaction: PackageSetting{caa3f6a com.fido.asm/10112} -> PackageSetting{63bef3a com.android.mms/10301} BLOCKED
10-13 10:49:37.177  1902  1990 I AppsFilter: interaction: PackageSetting{4c1bc67 io.appium.uiautomator2.server/10378} -> PackageSetting{63bef3a com.android.mms/10301} BLOCKED
10-13 10:49:37.177  1902  1990 I AppsFilter: interaction: PackageSetting{10a1d4e io.appium.settings/10326} -> PackageSetting{63bef3a com.android.mms/10301} BLOCKED
10-13 10:49:37.217  1902 16962 I BackupRestoreController: Getting widget state for user: 0
10-13 10:49:37.251  1902  2323 D CompatibilityChangeReporter: Compat change id reported: 135634846; UID 10184; state: DISABLED
10-13 10:49:37.251  1902  2323 D CompatibilityChangeReporter: Compat change id reported: 177438394; UID 10184; state: DISABLED
10-13 10:49:37.251  1902  2323 D CompatibilityChangeReporter: Compat change id reported: 135772972; UID 10184; state: DISABLED
10-13 10:49:37.251  1902  2323 D CompatibilityChangeReporter: Compat change id reported: 135754954; UID 10184; state: ENABLED
10-13 10:49:37.252  1902  1955 D CompatibilityChangeReporter: Compat change id reported: 143937733; UID 10184; state: ENABLED
10-13 10:49:37.279  1902  1955 I ActivityManager: Start proc 18494:com.android.vending:instant_app_installer/u0a184 for service {com.android.vending/com.google.android.finsky.instantapps.InstantAppHygieneService} caller=android
10-13 10:49:37.308  2983  3075 D MiuiFreeformCursorHandler: updateSupportMouse mSupportMousefalse
10-13 10:49:37.308  2983  3075 D MiuiFreeformCursorHandler: updateSupportMouse mSupportMousefalse
10-13 10:49:37.308  2983  3075 D MiuiFreeformCursorHandler: updateSupportMouse mSupportMousefalse
10-13 10:49:37.308  2983  3075 D MiuiFreeformCursorHandler: updateSupportMouse mSupportMousefalse
10-13 10:49:37.308  2983  3075 D MiuiFreeformCursorHandler: updateSupportMouse mSupportMousefalse
10-13 10:49:37.316  1902  2304 D CompatibilityChangeReporter: Compat change id reported: 261072174; UID 10184; state: ENABLED
10-13 10:49:37.325  1902 23266 D CompatibilityChangeReporter: Compat change id reported: 201794303; UID 10197; state: ENABLED
10-13 10:49:37.326  1902 23266 D CompatibilityChangeReporter: Compat change id reported: 207133734; UID 10197; state: ENABLED
10-13 10:49:37.360  1902 22706 W JobScheduler: Job didn't exist in JobStore: 
10-13 10:49:37.373  1902 22586 I SmartPower: com.android.vending:instant_app_installer/10184(18494): died->background(3482274ms) R(process start ) adj=-10000.
10-13 10:49:37.414  1902  1917 D CompatibilityChangeReporter: Compat change id reported: 253665015; UID 10184; state: ENABLED
10-13 10:49:37.415  1902  1917 D CompatibilityChangeReporter: Compat change id reported: 194532703; UID 10184; state: ENABLED
10-13 10:49:37.477  1902 22706 I ActivityManager: Flag disabled. Ignoring finishAttachApplication from uid: 10184. pid: 18494
10-13 10:49:37.547  1902 22706 I ActivityManager: Process com.google.android.apps.docs (pid 17203) has died: prev LAST
10-13 10:49:37.547  1902  2611 E ProcessManager: error write exception log
10-13 10:49:37.553  1902  1936 D DisplayManagerService: Drop pending events for gone uid 10242
10-13 10:49:37.555  1902 22706 D CompatibilityChangeReporter: Compat change id reported: 177438394; UID 10242; state: DISABLED
10-13 10:49:37.555  1902 22706 D CompatibilityChangeReporter: Compat change id reported: 135772972; UID 10242; state: DISABLED
10-13 10:49:37.555  1902 22706 D CompatibilityChangeReporter: Compat change id reported: 135754954; UID 10242; state: ENABLED
10-13 10:49:37.556  1902  1955 D CompatibilityChangeReporter: Compat change id reported: 143937733; UID 10242; state: ENABLED
10-13 10:49:37.562  1902 23171 D CompatibilityChangeReporter: Compat change id reported: 319212206; UID 10197; state: ENABLED
10-13 10:49:37.582  1902  1955 I ActivityManager: Start proc 18537:com.google.android.apps.docs/u0a242 for restart com.google.android.apps.docs caller=android
10-13 10:49:37.625  1902 23171 I SmartPower: com.google.android.apps.tachyon/10234(17021): idle->background(5402ms) R(service unbind com.google.android.apps.tachyon/com.google.android.libraries.notifications.entrypoints.scheduled.ScheduledTaskService) adj=250.
10-13 10:49:37.645  1902 23259 I SmartPower: com.google.android.apps.docs/10242(18537): died->background(98ms) R(process start ) adj=-10000.
10-13 10:49:37.647  1902 23259 D CompatibilityChangeReporter: Compat change id reported: 168419799; UID 10242; state: DISABLED
10-13 10:49:37.647  1902 23259 D CompatibilityChangeReporter: Compat change id reported: 273564678; UID 10242; state: DISABLED
10-13 10:49:37.657  1902  3984 I SmartPower: com.google.android.projection.gearhead:provider/10163(16741): idle->background(8302ms) R(content provider start ContentProviderRecord{2fd605d u0 com.google.android.projection.gearhead/com.google.android.apps.auto.components.projectionstate.ProjectionStateProvider}) adj=250.
10-13 10:49:37.683  1902  1954 I SmartPower: com.google.android.apps.messaging:rcs/10181(22034): idle->background(5973ms) R(broadcast start Intent { act=android.intent.action.PACKAGE_CHANGED dat=package: flg=0x45000010 (has extras) }) adj=200.
10-13 10:49:37.683  1902  1954 I SmartPower: com.mi.globalminusscreen/10076(31794): idle->background(7663ms) R(broadcast start Intent { act=android.intent.action.PACKAGE_CHANGED dat=package: flg=0x45000010 (has extras) }) adj=100.
10-13 10:49:37.683  1902  1954 I SmartPower: com.google.android.apps.photos/10205(3888): idle->background(4651ms) R(broadcast start Intent { act=android.intent.action.PACKAGE_CHANGED dat=package: flg=0x45000010 (has extras) }) adj=200.
10-13 10:49:37.684  1902  1954 I SmartPower: com.google.android.contacts/10189(13216): idle->background(3623ms) R(broadcast start Intent { act=android.intent.action.PACKAGE_CHANGED dat=package: flg=0x45000010 (has extras) }) adj=925.
10-13 10:49:37.684  1902  1954 I SmartPower: com.xiaomi.discover/10128(15953): idle->background(5972ms) R(broadcast start Intent { act=android.intent.action.PACKAGE_CHANGED dat=package: flg=0x45000010 (has extras) }) adj=500.
10-13 10:49:37.686  1902  3984 D CompatibilityChangeReporter: Compat change id reported: 170503758; UID 10242; state: ENABLED
10-13 10:49:37.690  1902  2620 I SmartPower: com.google.android.gm/10197(18101): background->idle(4431ms) R(adj below visible) adj=250.
10-13 10:49:37.842  1902 23171 D CompatibilityChangeReporter: Compat change id reported: 319212206; UID 10184; state: ENABLED
10-13 10:49:37.868  1902 16962 D KeyValueBackupTask: Starting key-value backup of com.google.android.apps.walletnfcrel
10-13 10:49:37.870  1902 16962 D BackupManagerService: bindToAgentSynchronous, packageName:com.google.android.apps.walletnfcrel uid:10261, userId:0
10-13 10:49:37.876  1902 16962 D CompatibilityChangeReporter: Compat change id reported: 177438394; UID 10261; state: DISABLED
10-13 10:49:37.877  1902 16962 D CompatibilityChangeReporter: Compat change id reported: 135772972; UID 10261; state: DISABLED
10-13 10:49:37.877  1902 16962 D CompatibilityChangeReporter: Compat change id reported: 135754954; UID 10261; state: ENABLED
10-13 10:49:37.878  1902  1955 D CompatibilityChangeReporter: Compat change id reported: 143937733; UID 10261; state: ENABLED
10-13 10:49:37.879  1902 16962 D BackupManagerService: [UserID:0] awaiting agent for ApplicationInfo{9128ed com.google.android.apps.walletnfcrel}
10-13 10:49:37.891  1902  1955 I ActivityManager: Start proc 18585:com.google.android.apps.walletnfcrel/u0a261 for backup {com.google.android.apps.walletnfcrel/com.google.android.apps.wallet.backup.WalletBackupAgent} caller=Backup
10-13 10:49:37.930  1902  2620 I SmartPower: com.google.android.apps.nbu.files/10259(16234): background->idle(3002ms) R(service create com.google.android.apps.nbu.files/androidx.work.impl.background.systemjob.SystemJobService) adj=905.
10-13 10:49:37.957  1902 23171 I SmartPower: com.google.android.apps.walletnfcrel/10261(18585): died->background(406932ms) R(process start ) adj=-10000.
10-13 10:49:37.958  1902 23171 D CompatibilityChangeReporter: Compat change id reported: 168419799; UID 10261; state: DISABLED
10-13 10:49:37.958  1902 23171 D CompatibilityChangeReporter: Compat change id reported: 273564678; UID 10261; state: DISABLED
10-13 10:49:37.966  1902  2323 D CompatibilityChangeReporter: Compat change id reported: 265195908; UID 10261; state: ENABLED
10-13 10:49:38.008  1902 23259 I ActivityManager: Process com.miui.cloudservice (pid 17056) has died: cch+35 CEM 
10-13 10:49:38.012  1902  2611 E ProcessManager: error write exception log
10-13 10:49:38.031  1902 23259 D CompatibilityChangeReporter: Compat change id reported: 170503758; UID 10261; state: ENABLED
10-13 10:49:38.046  1902 22706 I ActivityManager: Background started FGS: Allowed [callingPackage: com.android.mms; callingUid: 10301; uidState: CEM ; uidBFSL: n/a; intent: Intent { act=com.xiaomi.mms.mx.ACTION_START_TRACK pkg=com.android.mms }; code:BACKGROUND_ACTIVITY_PERMISSION; tempAllowListReason:<,reasonCode:SYSTEM_ALLOW_LISTED,duration:9223372036854775807,callingUid:-1>; targetSdkVersion:34; callerTargetSdkVersion:34; startForegroundCount:0; bindFromPackage:null: isBindService:false]
10-13 10:49:38.055  1902 16334 W BpBinder: Slow Binder: BpBinder transact took 5252 ms, interface=com.android.server.art.IArtd, code=15 oneway=false
10-13 10:49:38.063  1902  2600 D isUidValid: uid = 10130
10-13 10:49:38.130  1902  1917 I ActivityManager: Cancel FGS notification userId: 0 definingUid: 10301 packageName: com.android.mms processName:com.android.mms ChannelId:Channel_Foreground_Service foregroundNotiWhen:1760341778106 Notiflags:64
10-13 10:49:38.254  1902 22586 D CompatibilityChangeReporter: Compat change id reported: 161145287; UID 10242; state: ENABLED
10-13 10:49:38.328  1902  1917 W OverlayManager: service 'idmap' died
10-13 10:49:38.415  1902 22586 D CompatibilityChangeReporter: Compat change id reported: 201794303; UID 10242; state: ENABLED
10-13 10:49:38.416  1902 22586 D CompatibilityChangeReporter: Compat change id reported: 207133734; UID 10242; state: ENABLED
10-13 10:49:38.436  1902 23259 D PackageManager: set app component=ComponentInfo{com.google.android.apps.docs/com.google.android.apps.docs.drive.filepicker.GetMetadataActivity} enabled state: 1 from com.google.android.apps.docs,uid=10242,pid=18537
10-13 10:49:38.441  1902  2323 D CompatibilityChangeReporter: Compat change id reported: 265195908; UID 10235; state: ENABLED
10-13 10:49:38.483  1902 23259 D CompatibilityChangeReporter: Compat change id reported: 161145287; UID 10261; state: ENABLED
10-13 10:49:38.510 16694 18141 W BpBinder: Slow Binder: BpBinder transact took 4805 ms, interface=com.google.android.gms.droidguard.internal.IDroidGuardHandle, code=5 oneway=false
10-13 10:49:38.571  1902  2620 I SmartPower: android.process.acore/10059(30513): background->idle(7536ms) R(remove from whitelist) adj=100.
10-13 10:49:38.595  1902 23259 D CompatibilityChangeReporter: Compat change id reported: 74210811; UID 10242; state: ENABLED
10-13 10:49:38.679  1902  2323 D CompatibilityChangeReporter: Compat change id reported: 265195908; UID 10082; state: ENABLED
10-13 10:49:38.683  1902  1917 D PackageManager: set app component=ComponentInfo{com.google.android.apps.docs/com.google.android.apps.docs.app.OpenSafUrlActivity} enabled state: 0 from com.google.android.apps.docs,uid=10242,pid=18537
10-13 10:49:38.684  1902  1917 D PackageManager: set app component=ComponentInfo{com.google.android.apps.docs/com.google.android.apps.docs.app.PaymentsActivity} enabled state: 0 from com.google.android.apps.docs,uid=10242,pid=18537
10-13 10:49:38.685  1902  1917 D PackageManager: set app component=ComponentInfo{com.google.android.apps.docs/com.google.android.apps.docs.app.PickActivity} enabled state: 0 from com.google.android.apps.docs,uid=10242,pid=18537
10-13 10:49:38.686  1902  1917 D PackageManager: set app component=ComponentInfo{com.google.android.apps.docs/com.google.android.apps.docs.common.androidshortcuts.CreateDocumentScanShortcutActivity} enabled state: 0 from com.google.android.apps.docs,uid=10242,pid=18537
10-13 10:49:38.687  1902  1917 D PackageManager: set app component=ComponentInfo{com.google.android.apps.docs/com.google.android.apps.docs.common.androidshortcuts.CreateShortcutActivity} enabled state: 0 from com.google.android.apps.docs,uid=10242,pid=18537
10-13 10:49:38.687  1902  1917 D PackageManager: set app component=ComponentInfo{com.google.android.apps.docs/com.google.android.apps.docs.common.entry.pick.PickEntryActivity} enabled state: 0 from com.google.android.apps.docs,uid=10242,pid=18537
10-13 10:49:38.692  1902  1917 D PackageManager: set app component=ComponentInfo{com.google.android.apps.docs/com.google.android.apps.docs.common.openurl.DriveOpenUrlActivityAlias} enabled state: 0 from com.google.android.apps.docs,uid=10242,pid=18537
10-13 10:49:38.701  1902  2771 D PackageManager: set app component=ComponentInfo{com.google.android.apps.docs/com.google.android.apps.docs.common.openurl.GoogleOneDeeplinkActivityAlias} enabled state: 2 from com.google.android.apps.docs,uid=10242,pid=18537
10-13 10:49:38.703  1902  1917 D PackageManager: set app component=ComponentInfo{com.google.android.apps.docs/com.google.android.apps.docs.common.openurl.KixOpenUrlActivityAlias} enabled state: 0 from com.google.android.apps.docs,uid=10242,pid=18537
10-13 10:49:38.704  1902  1917 D PackageManager: set app component=ComponentInfo{com.google.android.apps.docs/com.google.android.apps.docs.common.openurl.PunchOpenUrlActivityAlias} enabled state: 0 from com.google.android.apps.docs,uid=10242,pid=18537
10-13 10:49:38.705  1902 23259 D PackageManager: set app component=ComponentInfo{com.google.android.apps.docs/com.google.android.apps.docs.GlobalSearch} enabled state: 0 from com.google.android.apps.docs,uid=10242,pid=18537
10-13 10:49:38.705  1902 22586 D PackageManager: set app component=ComponentInfo{com.google.android.apps.docs/com.google.android.apps.docs.app.GetContentActivity} enabled state: 0 from com.google.android.apps.docs,uid=10242,pid=18537
10-13 10:49:38.706  1902 22586 D PackageManager: set app component=ComponentInfo{com.google.android.apps.docs/com.google.android.apps.docs.common.openurl.TrixOpenUrlActivityAlias} enabled state: 0 from com.google.android.apps.docs,uid=10242,pid=18537
10-13 10:49:38.706  1902 22586 D PackageManager: set app component=ComponentInfo{com.google.android.apps.docs/com.google.android.apps.docs.common.preferences.activity.PreferencesActivity} enabled state: 0 from com.google.android.apps.docs,uid=10242,pid=18537
10-13 10:49:38.706  1902 22586 D PackageManager: set app component=ComponentInfo{com.google.android.apps.docs/com.google.android.apps.docs.common.shareitem.UploadMenuActivity} enabled state: 0 from com.google.android.apps.docs,uid=10242,pid=18537
10-13 10:49:38.707  1902 22706 D PackageManager: set app component=ComponentInfo{com.google.android.apps.docs/com.google.android.apps.docs.common.testing.TestAppCompatActivity} enabled state: 0 from com.google.android.apps.docs,uid=10242,pid=18537
10-13 10:49:38.707  1902 22706 D PackageManager: set app component=ComponentInfo{com.google.android.apps.docs/com.google.android.apps.docs.doclist.documentopener.DocumentOpenerActivity} enabled state: 0 from com.google.android.apps.docs,uid=10242,pid=18537
10-13 10:49:38.708  1902 22706 D PackageManager: set app component=ComponentInfo{com.google.android.apps.docs/com.google.android.apps.docs.doclist.documentopener.DocumentOpenerActivityDelegate} enabled state: 0 from com.google.android.apps.docs,uid=10242,pid=18537
10-13 10:49:38.708  1902 22586 D PackageManager: set app component=ComponentInfo{com.google.android.apps.docs/com.google.android.apps.docs.drive.capture.DocScannerExportedActivity} enabled state: 0 from com.google.android.apps.docs,uid=10242,pid=18537
10-13 10:49:38.708  1902 22586 D PackageManager: set app component=ComponentInfo{com.google.android.apps.docs/com.google.android.apps.docs.drive.filepicker.GetMetadataActivity} enabled state: 0 from com.google.android.apps.docs,uid=10242,pid=18537
10-13 10:49:38.710  1902 22706 D PackageManager: set app component=ComponentInfo{com.google.android.apps.docs/com.google.android.apps.docs.drive.clipboard.SendTextToClipboardActivity} enabled state: 2 from com.google.android.apps.docs,uid=10242,pid=18537
10-13 10:49:38.712  1902 22706 I SmartPower: com.google.process.gservices/10175(22048): idle->background(2077ms) R(content provider start ContentProviderRecord{15adf8b u0 com.google.android.gsf/.gservices.GservicesProvider}) adj=250.
10-13 10:49:38.715  1902 23259 D PackageManager: set app component=ComponentInfo{com.google.android.apps.docs/com.google.android.apps.docs.drive.widget.WidgetConfigureActivity} enabled state: 0 from com.google.android.apps.docs,uid=10242,pid=18537
10-13 10:49:38.715  1902  1917 I ActivityManager: Flag disabled. Ignoring finishAttachApplication from uid: 10242. pid: 18537
10-13 10:49:38.716  1902 22706 D PackageManager: set app component=ComponentInfo{com.google.android.apps.docs/com.google.android.apps.viewer.PdfViewerActivity} enabled state: 0 from com.google.android.apps.docs,uid=10242,pid=18537
10-13 10:49:38.725  1902  2771 I ActivityManager: Process com.miui.cloudbackup (pid 17515) has died: cch+35 CEM 
10-13 10:49:38.726  1902  2611 E ProcessManager: error write exception log
10-13 10:49:38.729  1902  1936 D DisplayManagerService: Drop pending events for gone uid 10067
10-13 10:49:38.731  1902 23266 D PackageManager: set app component=ComponentInfo{com.google.android.apps.docs/com.google.android.apps.viewer.ProjectorActivity} enabled state: 0 from com.google.android.apps.docs,uid=10242,pid=18537
10-13 10:49:38.733  1902 23266 D PackageManager: set app component=ComponentInfo{com.google.android.apps.docs/com.google.android.apps.viewer.viewer.pdf.ink.InkActivity} enabled state: 0 from com.google.android.apps.docs,uid=10242,pid=18537
10-13 10:49:38.734  1902 22586 D PackageManager: set app component=ComponentInfo{com.google.android.apps.docs/net.openid.appauth.RedirectUriReceiverActivity} enabled state: 0 from com.google.android.apps.docs,uid=10242,pid=18537
10-13 10:49:38.735  1902 23266 D PackageManager: set app component=ComponentInfo{com.google.android.apps.docs/com.google.android.apps.docs.app.DocumentOpenerActivityProxy} enabled state: 0 from com.google.android.apps.docs,uid=10242,pid=18537
10-13 10:49:38.736  1902 23266 D PackageManager: set app component=ComponentInfo{com.google.android.apps.docs/com.google.android.apps.docs.drive.openurl.OpenUrlActivity} enabled state: 0 from com.google.android.apps.docs,uid=10242,pid=18537
10-13 10:49:38.737  1902 23266 D PackageManager: set app component=ComponentInfo{com.google.android.apps.docs/com.google.android.apps.docs.common.openurl.OpenUrlActivity} enabled state: 0 from com.google.android.apps.docs,uid=10242,pid=18537
