10-10 12:32:11.766  1902  2351 D WindowManager: Collecting in transition 1126: ActivityRecord{3754c30 u0 com.miui.home/.launcher.Launcher t2} init visibleRequested:false
10-10 12:32:11.767  1902  2351 D WindowManagerService: checkFlipFullScreenChange is same, nowIsFullScreen = false
10-10 12:32:11.769  1902  2351 D WindowManager: Collecting in transition 1126: ActivityRecord{3754c30 u0 com.miui.home/.launcher.Launcher t2} init visibleRequested:true
10-10 12:32:11.769  1902  2351 D WindowManager: Collecting in transition 1126: ActivityRecord{f738410 u0 com.miui.home/.launcher.Launcher t-1} init visibleRequested:false
10-10 12:32:11.769  1902  2351 D WindowManager: Requesting StartTransition: TransitionRecord{9cee10e id=1126 type=OPEN flags=0x0}
10-10 12:32:11.771  2983  3075 I SoScUtils: monitorTransitionRequest mRequestOpenTransition:null mRequestOpenTriggerTask:-1 mRequestCloseTransition:null mRequestCloseTriggerTask:-1 mRequestCloseStageType:-1
10-10 12:32:11.774  1902  2351 I ActivityTaskManager: START u0 {act=android.intent.action.MAIN cat=[android.intent.category.HOME] flg=0x10000100 cmp=com.miui.home/.launcher.Launcher (has extras)} with LAUNCH_SINGLE_TASK from uid 0 callers: com.android.server.wm.RootWindowContainer.lambda$startHomeOnDisplay$11:1548 com.android.server.wm.RootWindowContainer.$r8$lambda$zDbqLY8yVs2-CTsfHP7FhguhRoM:0 com.android.server.wm.RootWindowContainer$$ExternalSyntheticLambda5.apply:16 com.android.server.wm.TaskDisplayArea.reduceOnAllTaskDisplayAreas:520  (BAL_ALLOW_ALLOWLISTED_UID) result code=2
10-10 12:32:11.774  1902 23259 I SmartPower: com.google.android.googlequicksearchbox:googleapp/10188(19209): idle->visible(100391ms) R(become visible) adj=800.
10-10 12:32:11.774  1902 23259 I SmartPower: com.google.android.googlequicksearchbox:search/10188(19180): idle->invisible(100391ms) R(become foreground) adj=800.
10-10 12:32:11.774  1902 23259 I SmartPower: com.google.android.googlequicksearchbox:interactor/10188(19230): background->invisible(103392ms) R(become foreground) adj=100.
10-10 12:32:11.780  1902 23259 I WindowManager: Relayout Window{a23abef u0 LauncherMinusOneScreen}: oldVis=8 newVis=0 focusMayChange = true requestedWidth = 1080 requestedHeight = 2400 outFrames = ClientWindowFrames{frame=[0,0][1080,2400] display=[0,0][1080,2400] parentFrame=[0,0][0,0]} outSurfaceControl = Surface(name=LauncherMinusOneScreen#18735)/@0x1ea03e6
10-10 12:32:11.781  1902 10935 I SmartPower: com.mi.globalminusscreen/10076(31794): idle->visible(30482ms) R(become visible) adj=100.
10-10 12:32:11.788  1902 10935 I WindowManager: Relayout Window{38e026c u0 LauncherOverlayWindow:com.mi.globalminusscreen}: oldVis=8 newVis=0 focusMayChange = true requestedWidth = 1080 requestedHeight = 2400 outFrames = ClientWindowFrames{frame=[0,0][1080,2400] display=[0,0][1080,2400] parentFrame=[0,0][0,0]} outSurfaceControl = Surface(name=LauncherOverlayWindow:com.mi.globalminusscreen#18736)/@0xa427872
10-10 12:32:11.788  1902  2776 D WindowManager: Set transition=TransitionRecord{9cee10e id=1126 type=OPEN flags=0x0}, ready=true, SyncId=1126 
10-10 12:32:11.788  2983  3075 D MiuiFullScreenTaskRepository: removeFocusedTask displayId=0
10-10 12:32:11.788  2983  3075 D MiuiFullScreenTaskRepository: addOrUpdateFullScreenTaskInfo taskId=495, topActivity=ComponentInfo{eu.europa.ec.euidi/eu.europa.ec.assemblylogic.ui.MainActivity}
10-10 12:32:11.788  2983  3075 D MiuiFullScreenTaskRepository: setFocusedTask taskId=1, displayId=0, topActivity=ComponentInfo{com.miui.home/com.miui.home.launcher.Launcher}
10-10 12:32:11.788  2983  3075 D MiuiFullScreenTaskRepository: addOrUpdateFullScreenTaskInfo taskId=1, topActivity=ComponentInfo{com.miui.home/com.miui.home.launcher.Launcher}
10-10 12:32:11.789  2983  3075 D MiuiDesktopModeController: onFocusTaskChanged newFocus: TaskInfo{userId=0 taskId=1 displayId=0 isRunning=true baseIntent=Intent { act=android.intent.action.MAIN cat=[android.intent.category.HOME] flg=0x10000100 cmp=com.miui.home/.launcher.Launcher } baseActivity=ComponentInfo{com.miui.home/com.miui.home.launcher.Launcher} topActivity=ComponentInfo{com.miui.home/com.miui.home.launcher.Launcher} origActivity=null realActivity=null numActivities=1 lastActiveTime=70262 supportsSplitScreenMultiWindow=true supportsMultiWindow=true resizeMode=2 isResizeable=true minWidth=-1 minHeight=-1 defaultMinSize=200 token=WCT{android.window.IWindowContainerToken$Stub$Proxy@c49f888} topActivityType=2 pictureInPictureParams=null shouldDockBigOverlays=false launchIntoPipHostTaskId=-1 lastParentTaskIdBeforePip=-1 displayCutoutSafeInsets=null topActivityInfo=ActivityInfo{6687221 com.miui.home.launcher.Launcher} launchCookies=[] positionInParent=Point(0, 0) parentTaskId=-1 isFocused=true isVisible=false isVisibleRequested=true isSleeping=false topActivityInSizeCompat=false topActivityEligibleForLetterboxEducation= false topActivityLetterboxed= false isFromDoubleTap= false topActivityLetterboxVerticalPosition= -1 topActivityLetterboxHorizontalPosition= -1 topActivityLetterboxWidth=-1 topActivityLetterboxHeight=-1 locusId=null displayAreaFeatureId=1 cameraCompatControlState=hidden mIsCastMode=false mTopActivityMediaSize=null mTopActivityRecordName=ActivityRecord{3754c30 u0 com.miui.home/.launcher.Launcher t2} mTopActivityOrientation=1 mTopActivityWindowIsNowVisible=false isTranslucent=false isEmbedded=false shouldBeVisible=true isImmersive=false mBehindAppLockPkg=null mOriginatingUid=0}
10-10 12:32:11.789  2983  3075 D MiuiFreeformModeController: onFocusTaskChanged taskInfo: TaskInfo{userId=0 taskId=1 displayId=0 isRunning=true baseIntent=Intent { act=android.intent.action.MAIN cat=[android.intent.category.HOME] flg=0x10000100 cmp=com.miui.home/.launcher.Launcher } baseActivity=ComponentInfo{com.miui.home/com.miui.home.launcher.Launcher} topActivity=ComponentInfo{com.miui.home/com.miui.home.launcher.Launcher} origActivity=null realActivity=null numActivities=1 lastActiveTime=70262 supportsSplitScreenMultiWindow=true supportsMultiWindow=true resizeMode=2 isResizeable=true minWidth=-1 minHeight=-1 defaultMinSize=200 token=WCT{android.window.IWindowContainerToken$Stub$Proxy@c49f888} topActivityType=2 pictureInPictureParams=null shouldDockBigOverlays=false launchIntoPipHostTaskId=-1 lastParentTaskIdBeforePip=-1 displayCutoutSafeInsets=null topActivityInfo=ActivityInfo{6687221 com.miui.home.launcher.Launcher} launchCookies=[] positionInParent=Point(0, 0) parentTaskId=-1 isFocused=true isVisible=false isVisibleRequested=true isSleeping=false topActivityInSizeCompat=false topActivityEligibleForLetterboxEducation= false topActivityLetterboxed= false isFromDoubleTap= false topActivityLetterboxVerticalPosition= -1 topActivityLetterboxHorizontalPosition= -1 topActivityLetterboxWidth=-1 topActivityLetterboxHeight=-1 locusId=null displayAreaFeatureId=1 cameraCompatControlState=hidden mIsCastMode=false mTopActivityMediaSize=null mTopActivityRecordName=ActivityRecord{3754c30 u0 com.miui.home/.launcher.Launcher t2} mTopActivityOrientation=1 mTopActivityWindowIsNowVisible=false isTranslucent=false isEmbedded=false shouldBeVisible=true isImmersive=false mBehindAppLockPkg=null mOriginatingUid=0}
10-10 12:32:11.790  1902 15926 D SchedBoost: com.miui.home already boosted, skip boost priority
10-10 12:32:11.791  1902  1936 D Aurogon :  uid = 10085 switch to FG
10-10 12:32:11.796  1902  1936 E MBrainLocalService: MBrainJava launch failed: SecurityException
10-10 12:32:11.796  1902  1939 I BLASTSyncEngine: SyncGroup 1126:  Unfinished container:ActivityRecord{3754c30 u0 com.miui.home/.launcher.Launcher t2}
10-10 12:32:11.796  1902  1939 I BLASTSyncEngine: isActivitySyncFinished isSyncFinished false ActivityRecord{3754c30 u0 com.miui.home/.launcher.Launcher t2}
10-10 12:32:11.798  2983  3075 D SoScSplitScreenController: updateDividerFixedState isFixed:true
10-10 12:32:11.798  2983  3075 D OneHandedController: stopOneHanded state is 0
10-10 12:32:11.798  2983  3075 D WindowManagerShell: onActivityRestartAttempt: ComponentInfo{com.miui.home/com.miui.home.launcher.Launcher}
10-10 12:32:11.799  2983  3742 D MiuiFreeformModeObserver: activityResumed() intent： Intent { cmp=com.miui.home/.launcher.Launcher (has extras) }
10-10 12:32:11.804  1902 22704 I BLASTSyncEngine: SyncGroup 1126:  Unfinished container:ActivityRecord{3754c30 u0 com.miui.home/.launcher.Launcher t2}
10-10 12:32:11.804  1902 22704 I BLASTSyncEngine: isActivitySyncFinished isSyncFinished false ActivityRecord{3754c30 u0 com.miui.home/.launcher.Launcher t2}
10-10 12:32:11.805  1902 22704 W WindowManager: Changing focus from null to Window{e4be31b u0 com.miui.home/com.miui.home.launcher.Launcher} displayId=0 Callers=com.android.server.wm.RootWindowContainer.updateFocusedWindowLocked:557 com.android.server.wm.WindowManagerService.updateFocusedWindowLocked:6962 com.android.server.wm.WindowManagerService.relayoutWindow:2951 com.android.server.wm.Session.relayout:266 
10-10 12:32:11.806  1902 22704 I WindowManager: cancelAnimation removed leash : Surface(name=Surface(name=81266ae StatusBar#86)/@0xb48dfdc - animation-leash of insets_animation#18729)/@0xf8a0975
10-10 12:32:11.807  1902 22704 I WindowManager: cancelAnimation removed leash : Surface(name=Surface(name=db27a2 NavigationBar0#82)/@0xc1acbf0 - animation-leash of insets_animation#18730)/@0x334597b
10-10 12:32:11.808  1902 22704 D WindowManager: wms.Input focus has changed to Window{e4be31b u0 com.miui.home/com.miui.home.launcher.Launcher} display=0 updateInputWindows = true
10-10 12:32:11.808  1902 22704 I MultiSenceManagerInternalStub: getInstance
10-10 12:32:11.809  1902 22704 I WindowManager: Relayout Window{e4be31b u0 com.miui.home/com.miui.home.launcher.Launcher}: oldVis=8 newVis=0 focusMayChange = true requestedWidth = 1080 requestedHeight = 2400 outFrames = ClientWindowFrames{frame=[0,0][1080,2400] display=[0,0][1080,2400] parentFrame=[0,0][0,0]} outSurfaceControl = Surface(name=com.miui.home/com.miui.home.launcher.Launcher#18737)/@0x7364db1
10-10 12:32:11.829  1902  1939 D WindowManager: Collecting in transition 1126: WallpaperWindowToken{c1b367d token=android.os.BinderProxy@48de4d4} init visibleRequested:false
10-10 12:32:11.829  1902  1939 D WindowManager: Collecting in transition 1126: WallpaperWindowToken{b086f80 token=android.os.Binder@8a62403} init visibleRequested:false
10-10 12:32:11.831  1902  1939 W WindowManager: real show surface:Surface(name=com.miui.miwallpaper.wallpaperservice.ImageWallpaper#6795)/@0x4dee9d0
10-10 12:32:11.831  1902  1939 W WindowManager: real show surface:Surface(name=com.miui.miwallpaper.wallpaperservice.MiuiKeyguardPictorialWallpaper#6792)/@0xd103da3
10-10 12:32:11.832  1902  1939 I BLASTSyncEngine: SyncGroup 1126:  Unfinished container:ActivityRecord{3754c30 u0 com.miui.home/.launcher.Launcher t2}
10-10 12:32:11.832  1902  1939 I BLASTSyncEngine: isActivitySyncFinished isSyncFinished false ActivityRecord{3754c30 u0 com.miui.home/.launcher.Launcher t2}
10-10 12:32:11.834  1902  1936 E MBrainLocalService: MBrainJava launch failed: SecurityException
10-10 12:32:11.834  1902 23259 W WindowManager: finishDrawingWindow: Window{a23abef u0 LauncherMinusOneScreen} mDrawState=DRAW_PENDING
10-10 12:32:11.834  1902 23259 D WindowManager: wms.finishDrawingLocked: mDrawState=COMMIT_DRAW_PENDING Window{a23abef u0 LauncherMinusOneScreen} in Surface(name=LauncherMinusOneScreen#18735)/@0x4955241
10-10 12:32:11.839  1902  1939 I BLASTSyncEngine: SyncGroup 1126:  Unfinished container:ActivityRecord{3754c30 u0 com.miui.home/.launcher.Launcher t2}
10-10 12:32:11.839  1902  1939 I BLASTSyncEngine: isActivitySyncFinished isSyncFinished false ActivityRecord{3754c30 u0 com.miui.home/.launcher.Launcher t2}
10-10 12:32:11.841  1902 15926 W WindowManager: finishDrawingWindow: Window{e4be31b u0 com.miui.home/com.miui.home.launcher.Launcher} mDrawState=DRAW_PENDING
10-10 12:32:11.841  1902 15926 D WindowManager: wms.finishDrawingLocked: mDrawState=COMMIT_DRAW_PENDING Window{e4be31b u0 com.miui.home/com.miui.home.launcher.Launcher} in Surface(name=com.miui.home/com.miui.home.launcher.Launcher#18737)/@0x7135a1f
10-10 12:32:11.841  1902 22704 W WindowManager: finishDrawingWindow: Window{38e026c u0 LauncherOverlayWindow:com.mi.globalminusscreen} mDrawState=DRAW_PENDING
10-10 12:32:11.841  1902 22704 D WindowManager: wms.finishDrawingLocked: mDrawState=COMMIT_DRAW_PENDING Window{38e026c u0 LauncherOverlayWindow:com.mi.globalminusscreen} in Surface(name=LauncherOverlayWindow:com.mi.globalminusscreen#18736)/@0x3a3d17d
10-10 12:32:11.844  1902  1939 I SmartPower: com.miui.home/10085(3001): invisible->visible(92ms) R(become visible) adj=0.
10-10 12:32:11.844  1902  1939 W WindowManager: real show surface:Surface(name=LauncherMinusOneScreen#18735)/@0x4955241
10-10 12:32:11.844  1902  1939 W WindowManager: real show surface:Surface(name=LauncherOverlayWindow:com.mi.globalminusscreen#18736)/@0x3a3d17d
10-10 12:32:11.844  1902  1939 W WindowManager: real show surface:Surface(name=com.miui.home/com.miui.home.launcher.Launcher#18737)/@0x7135a1f
10-10 12:32:11.844  1902  1939 D WindowManager: Final targets: [Task{57070cf #1 type=home}, Task{9440696 #495 type=standard A=10390:eu.europa.ec.euidi}, WallpaperWindowToken{c1b367d token=android.os.BinderProxy@48de4d4}, WallpaperWindowToken{b086f80 token=android.os.Binder@8a62403}]
10-10 12:32:11.861  1902  1939 D WindowManager: snapshot isNothing = false source = Task{9440696 #495 type=standard A=10390:eu.europa.ec.euidi}
10-10 12:32:11.862  1902  1939 D WindowManager: Calling onTransitionReady info={id=1126 t=OPEN f=0x0 trk=0 r=[0@Point(0, 0)] c=[{WCT{RemoteToken{1c71a03 Task{57070cf #1 type=home}}} m=TO_FRONT f=SHOW_WALLPAPER|MOVE_TO_TOP leash=Surface(name=Task=1#44)/@0xf3df733 sb=Rect(0, 0 - 1080, 2400) eb=Rect(0, 0 - 1080, 2400) d=0},{WCT{RemoteToken{9ccb65d Task{9440696 #495 type=standard A=10390:eu.europa.ec.euidi}}} m=TO_BACK f=NONE leash=Surface(name=Task=495#18678)/@0xa94146 sb=Rect(0, 0 - 1080, 2400) eb=Rect(0, 0 - 1080, 2400) d=0},{null m=TO_FRONT f=IS_WALLPAPER leash=Surface(name=WallpaperWindowToken{c1b367d token=android.os.BinderProxy@48de4d4}#6790)/@0xd4e7a40 sb=Rect(0, 0 - 1080, 2400) eb=Rect(0, 0 - 1080, 2400) d=0},{null m=TO_FRONT f=IS_WALLPAPER leash=Surface(name=WallpaperWindowToken{b086f80 token=android.os.Binder@8a62403}#55)/@0x190a9b9 sb=Rect(0, 0 - 1080, 2400) eb=Rect(0, 0 - 1080, 2400) d=0}] noAni=[false] df=[false] mk=[true] nc=[0] oa=[false]}, mToken=Token{1b113ed TransitionRecord{9cee10e id=1126 type=OPEN flags=0x0}}
10-10 12:32:11.863  1902  1939 I BLASTSyncEngine: finishNow: after onTransactionReady, mSyncId=1126
10-10 12:32:11.864  2983  3075 D MiuiFreeformAnimation: startAnimation change: {WCT{android.window.IWindowContainerToken$Stub$Proxy@78d50a0} m=TO_FRONT f=SHOW_WALLPAPER|MOVE_TO_TOP leash=Surface(name=Task=1#44)/@0x43cc007 sb=Rect(0, 0 - 1080, 2400) eb=Rect(0, 0 - 1080, 2400) d=0} info.getType(): 1
10-10 12:32:11.864  2983  3075 I MiuiFreeformAnimation: isLaunchWidgetPicker=false,taskInfo.getWindowingMode()=1, taskInfo.getActivityType()=2
10-10 12:32:11.864  2983  3075 D MiuiFreeformAnimation: startAnimation change: {WCT{android.window.IWindowContainerToken$Stub$Proxy@17c4459} m=TO_BACK f=NONE leash=Surface(name=Task=495#18678)/@0xcca1534 sb=Rect(0, 0 - 1080, 2400) eb=Rect(0, 0 - 1080, 2400) d=0} info.getType(): 1
10-10 12:32:11.864  2983  3075 D MiuiFreeformAnimation: startAnimation change: {null m=TO_FRONT f=IS_WALLPAPER leash=Surface(name=WallpaperWindowToken{c1b367d token=android.os.BinderProxy@48de4d4}#6790)/@0xeb90f5d sb=Rect(0, 0 - 1080, 2400) eb=Rect(0, 0 - 1080, 2400) d=0} info.getType(): 1
10-10 12:32:11.864  2983  3075 D MiuiFreeformAnimation: startAnimation change: {null m=TO_FRONT f=IS_WALLPAPER leash=Surface(name=WallpaperWindowToken{b086f80 token=android.os.Binder@8a62403}#55)/@0x66810d2 sb=Rect(0, 0 - 1080, 2400) eb=Rect(0, 0 - 1080, 2400) d=0} info.getType(): 1
10-10 12:32:11.864  2983  3075 W MiuiTaskTransitionHandler: Receive an unknown transition, token=android.os.BinderProxy@27c70a5, type=1
10-10 12:32:11.865  2983  3075 D RemoteTransitionHandler: Found filterPair{{types=[] flags=0x0] notFlags=0x100 checks=[{atype=home independent=true modes=[OPEN,TO_FRONT] flags=NONE mustBeTask=false order=TOP topActivity=ComponentInfo{com.miui.home/com.miui.home.launcher.Launcher}},{atype=standard independent=true modes=[CLOSE,TO_BACK] flags=NONE mustBeTask=false order=ANY topActivity=null}]} RemoteTransition { remoteTransition = android.window.IRemoteTransition$Stub$Proxy@3c2b307, appThread = null, debugName = null, hyperRemoteTransition = null }}
10-10 12:32:11.865  1902  1902 D MBrainLocalService: isVendorFreezeConditionPass is false
10-10 12:32:11.865  1902  1902 E MBrainLocalService: notifyAppSwitch failed
10-10 12:32:11.868  2983  3075 D MiuiFullScreenTaskRepository: setFocusedTask taskId=1, displayId=0, topActivity=ComponentInfo{com.miui.home/com.miui.home.launcher.Launcher}
10-10 12:32:11.868  2983  3075 D MiuiFullScreenTaskRepository: addOrUpdateFullScreenTaskInfo taskId=1, topActivity=ComponentInfo{com.miui.home/com.miui.home.launcher.Launcher}
10-10 12:32:11.879  2983  2983 E onWindowDecorRectChanged: start size:0
10-10 12:32:11.886  1902  3317 W InputMethodManagerService: Clear show forced flag.
10-10 12:32:11.889  1902 10935 I WindowManager: cancelAnimation removed leash : Surface(name=Surface(name=6a76de5 InputMethod#123)/@0xf2bd99 - animation-leash of insets_animation#18734)/@0xf2d8429
10-10 12:32:11.892  1902  1902 D MBrainLocalService: isVendorFreezeConditionPass is false
10-10 12:32:11.892  1902  1902 E MBrainLocalService: notifyAppSwitch failed
10-10 12:32:11.893  1902 23265 W PackageConfigPersister: App-specific configuration not found for packageName: com.miui.home and userId: 0
10-10 12:32:11.897  2983  3075 D SoScUtils: monitorTransitionFinished transition:android.os.BinderProxy@27c70a5 transaction: android.view.SurfaceControl$Transaction@da3cd15 mRequestCloseTransition:null mRequestOpenTransition:null mPairsOpenTransition:null mPairsOpenTransitionNull:null mRequestOpenTriggerTask:-1 mRequestCloseTriggerTask:-1 mOrientationTransition: null mMainStartingTask:-1 mSideStartingTask:-1
10-10 12:32:11.909  1902  1938 I SmartPower: eu.europa.ec.euidi/10390(15222): visible->invisible(5628ms) R(become invisible) adj=200.
10-10 12:32:11.909  1902  1938 I SmartPower: eu.europa.ec.euidi/10390(15222): invisible->background(0ms) R(become background) adj=200.
10-10 12:32:11.917  2983  3075 D MiuiFullScreenTaskRepository: addOrUpdateFullScreenTaskInfo taskId=495, topActivity=ComponentInfo{eu.europa.ec.euidi/eu.europa.ec.assemblylogic.ui.MainActivity}
10-10 12:32:11.939  1902  1936 D Aurogon :  uid = 10390 switch to BG
10-10 12:32:11.940  1902  2600 D isUidValid: uid = 10390
10-10 12:32:12.289  1902  1902 W AccessibilityManagerService:  wait for adding window timeout: 2343
10-10 12:32:12.310  1902  1902 W AccessibilityManagerService:  wait for adding window timeout: 2338
10-10 12:32:12.341  1902  2620 I SmartPower: com.android.chrome:sandboxed_process0:org.chromium.content.app.SandboxedProcessSerbackground->idle(21147ms) R(remove from whitelist) adj=700.
10-10 12:32:12.341  1902  2620 I SmartPower: com.android.chrome:sandboxed_process0:org.chromium.content.app.SandboxedProcessSerbackground->idle(21147ms) R(remove from whitelist) adj=700.
10-10 12:32:12.341  1902  2620 I SmartPower: com.android.chrome:sandboxed_process0:org.chromium.content.app.SandboxedProcessSerbackground->idle(21147ms) R(remove from whitelist) adj=970.
10-10 12:32:12.341  1902  2620 I SmartPower: com.android.chrome:sandboxed_process0:org.chromium.content.app.SandboxedProcessSerbackground->idle(21147ms) R(remove from whitelist) adj=960.
10-10 12:32:12.341  1902  2620 I SmartPower: com.android.chrome:sandboxed_process0:org.chromium.content.app.SandboxedProcessSerbackground->idle(21147ms) R(remove from whitelist) adj=950.
10-10 12:32:12.342  1902  2620 I SmartPower: com.android.chrome:sandboxed_process0:org.chromium.content.app.SandboxedProcessSerbackground->idle(21148ms) R(remove from whitelist) adj=940.
10-10 12:32:12.342  1902  2620 I SmartPower: com.android.chrome:sandboxed_process0:org.chromium.content.app.SandboxedProcessSerbackground->idle(21148ms) R(remove from whitelist) adj=930.
10-10 12:32:12.665  1556  1556 I wificond: station_bandwidth: 
10-10 12:32:12.885  1902  2612 D SchedBoost: stopBoostInternal
10-10 12:32:13.794  1902  2304 W ProcessStats: Tracking association SourceState{57b3ab3 com.miui.home/10085 BTop #350192} whose proc state 2 is better than process ProcessState{accb870 com.google.android.googlequicksearchbox:googleapp/10188 pkg=com.google.android.googlequicksearchbox} proc state 14 (124 skipped)
10-10 12:32:14.912  1902  2620 I SmartPower: eu.europa.ec.euidi/10390(15222): background->idle(3002ms) R(become background) adj=700.
10-10 12:32:15.678  1556  1556 I wificond: station_bandwidth: 
10-10 12:32:18.702  1556  1556 I wificond: station_bandwidth: 
10-10 12:32:20.549   691 15428 I keystore2: system/security/keystore2/src/watchdog.rs:319 - Watchdog thread idle -> terminating. Have a great day.
10-10 12:32:21.720  1556  1556 I wificond: station_bandwidth: 
10-10 12:32:22.127  1902 23265 D ATMSImpl: setActivityController callingUid:2000 control=true
10-10 12:32:22.128  1902 23265 W ActivityManager: registerReceiverWithFeature: no app for null
10-10 12:32:22.139  1902 23265 D CompatibilityChangeReporter: Compat change id reported: 161252188; UID 10390; state: DISABLED
10-10 12:32:22.140  1902 23265 W ActivityTaskManager: callingPackage for (uid=2000, pid=15474) has no WPC
10-10 12:32:22.143  1902 23265 I SmartPower: eu.europa.ec.euidi/10390(15222): idle->invisible(7231ms) R(become foreground) adj=700.
10-10 12:32:22.143  1902 23265 D WindowManager: Collecting in transition 1127: ActivityRecord{7a91982 u0 eu.europa.ec.euidi/eu.europa.ec.assemblylogic.ui.MainActivity init visibleRequested:false
10-10 12:32:22.143  1902 23265 D MiuiFreeFormManagerService: activeOrFullscreenFreeformTaskIfNeed startDefaultAr:true
10-10 12:32:22.143  1902 23265 D MiuiFreeFormManagerService: onStartActivityInner as = Task{9440696 #495 type=standard A=10390:eu.europa.ec.euidi} op = null
10-10 12:32:22.144  1902 23265 D WindowManagerService: checkFlipFullScreenChange is same, nowIsFullScreen = false
10-10 12:32:22.145  1902 23265 W WindowManager: Changing focus from Window{e4be31b u0 com.miui.home/com.miui.home.launcher.Launcher} to null displayId=0 Callers=com.android.server.wm.RootWindowContainer.updateFocusedWindowLocked:557 com.android.server.wm.WindowManagerService.updateFocusedWindowLocked:6962 com.android.server.wm.ActivityTaskManagerService.setLastResumedActivityUncheckLocked:5565 com.android.server.wm.ActivityRecord.moveFocusableActivityToTop:4045 
10-10 12:32:22.145  1902 23265 D WindowManager: wms.Input focus has changed to null display=0 updateInputWindows = true
10-10 12:32:22.145  1902 23265 I MultiSenceManagerInternalStub: getInstance
10-10 12:32:22.145  1902 23265 D WindowManager: setLockTaskAuth: task=Task{9440696 #495 type=standard A=10390:eu.europa.ec.euidi} mLockTaskAuth=LOCK_TASK_AUTH_PINNABLE
10-10 12:32:22.150  1902 23265 D WindowManager: Collecting in transition 1127: ActivityRecord{7a91982 u0 eu.europa.ec.euidi/eu.europa.ec.assemblylogic.ui.MainActivity t-1} init visibleRequested:false
10-10 12:32:22.150  1902 23265 D WindowManager: Requesting StartTransition: TransitionRecord{551a893 id=1127 type=OPEN flags=0x0}
10-10 12:32:22.151  1902 23265 I ActivityTaskManager: START u0 {act=android.intent.action.MAIN cat=[android.intent.category.LAUNCHER] flg=0x10200000 cmp=eu.europa.ec.euidi/eu.europa.ec.assemblylogic.ui.MainActivity} with LAUNCH_SINGLE_TASK from uid 2000 (BAL_ALLOW_PERMISSION) result code=2
10-10 12:32:22.152  1902  2697 D CompatibilityChangeReporter: Compat change id reported: 168419799; UID 10390; state: DISABLED
10-10 12:32:22.152  2983  3075 I SoScUtils: monitorTransitionRequest mRequestOpenTransition:null mRequestOpenTriggerTask:-1 mRequestCloseTransition:null mRequestCloseTriggerTask:-1 mRequestCloseStageType:-1
10-10 12:32:22.152  1902  2697 D CompatibilityChangeReporter: Compat change id reported: 273564678; UID 10390; state: DISABLED
10-10 12:32:22.156  1902  3317 D WindowManager: Set transition=TransitionRecord{551a893 id=1127 type=OPEN flags=0x0}, ready=false, SyncId=1127 used=true, override=false, defer=0, states=Display{#0 state=ON size=1080x2400 ROTATION_0}:false
10-10 12:32:22.158  2983  3075 D OneHandedController: stopOneHanded state is 0
10-10 12:32:22.159  2983  3075 D MiuiFullScreenTaskRepository: removeFocusedTask displayId=0
10-10 12:32:22.159  2983  3075 D MiuiFullScreenTaskRepository: addOrUpdateFullScreenTaskInfo taskId=1, topActivity=ComponentInfo{com.miui.home/com.miui.home.launcher.Launcher}
10-10 12:32:22.159  2983  3075 D MiuiFullScreenTaskRepository: setFocusedTask taskId=495, displayId=0, topActivity=ComponentInfo{eu.europa.ec.euidi/eu.europa.ec.assemblylogic.ui.MainActivity}
10-10 12:32:22.159  2983  3075 D MiuiFullScreenTaskRepository: addOrUpdateFullScreenTaskInfo taskId=495, topActivity=ComponentInfo{eu.europa.ec.euidi/eu.europa.ec.assemblylogic.ui.MainActivity}
10-10 12:32:22.159  2983  3075 D MiuiDesktopModeController: onFocusTaskChanged newFocus: TaskInfo{userId=0 taskId=495 displayId=0 isRunning=true baseIntent=Intent { act=android.intent.action.MAIN cat=[android.intent.category.LAUNCHER] flg=0x10200000 cmp=eu.europa.ec.euidi/eu.europa.ec.assemblylogic.ui.MainActivity } baseActivity=ComponentInfo{eu.europa.ec.euidi/eu.europa.ec.assemblylogic.ui.MainActivity} topActivity=ComponentInfo{eu.europa.ec.euidi/eu.europa.ec.assemblylogic.ui.MainActivity} origActivity=null realActivity=ComponentInfo{eu.europa.ec.euidi/eu.europa.ec.assemblylogic.ui.MainActivity} numActivities=1 lastActiveTime=899802449 supportsSplitScreenMultiWindow=true supportsMultiWindow=true resizeMode=1 isResizeable=true minWidth=-1 minHeight=-1 defaultMinSize=200 token=WCT{android.window.IWindowContainerToken$Stub$Proxy@5812591} topActivityType=1 pictureInPictureParams=null shouldDockBigOverlays=false launchIntoPipHostTaskId=-1 lastParentTaskIdBeforePip=-1 displayCutoutSafeInsets=Rect(0, 94 - 0, 0) topActivityInfo=ActivityInfo{955cf6 eu.europa.ec.assemblylogic.ui.MainActivity} launchCookies=[] positionInParent=Point(0, 0) parentTaskId=-1 isFocused=true isVisible=false isVisibleRequested=false isSleeping=false topActivityInSizeCompat=false topActivityEligibleForLetterboxEducation= false topActivityLetterboxed= false isFromDoubleTap= false topActivityLetterboxVerticalPosition= -1 topActivityLetterboxHorizontalPosition= -1 topActivityLetterboxWidth=-1 topActivityLetterboxHeight=-1 locusId=null displayAreaFeatureId=1 cameraCompatControlState=hidden mIsCastMode=false mTopActivityMediaSize=null mTopActivityRecordName=ActivityRecord{cbff1b1 u0 eu.europa.ec.euidi/eu.europa.ec.assemblylogic.ui.MainActivity t495} mTopActivityOrientation=-2 mTopActivityWindowIsNowVisible=false isTranslucent=true isEmbedded=false shouldBeVisible=true isImmersive=false mBehindAppLockPkg=null mOriginatingUid=0}
10-10 12:32:22.159  2983  3075 D MiuiFreeformModeController: onFocusTaskChanged taskInfo: TaskInfo{userId=0 taskId=495 displayId=0 isRunning=true baseIntent=Intent { act=android.intent.action.MAIN cat=[android.intent.category.LAUNCHER] flg=0x10200000 cmp=eu.europa.ec.euidi/eu.europa.ec.assemblylogic.ui.MainActivity } baseActivity=ComponentInfo{eu.europa.ec.euidi/eu.europa.ec.assemblylogic.ui.MainActivity} topActivity=ComponentInfo{eu.europa.ec.euidi/eu.europa.ec.assemblylogic.ui.MainActivity} origActivity=null realActivity=ComponentInfo{eu.europa.ec.euidi/eu.europa.ec.assemblylogic.ui.MainActivity} numActivities=1 lastActiveTime=899802449 supportsSplitScreenMultiWindow=true supportsMultiWindow=true resizeMode=1 isResizeable=true minWidth=-1 minHeight=-1 defaultMinSize=200 token=WCT{android.window.IWindowContainerToken$Stub$Proxy@5812591} topActivityType=1 pictureInPictureParams=null shouldDockBigOverlays=false launchIntoPipHostTaskId=-1 lastParentTaskIdBeforePip=-1 displayCutoutSafeInsets=Rect(0, 94 - 0, 0) topActivityInfo=ActivityInfo{955cf6 eu.europa.ec.assemblylogic.ui.MainActivity} launchCookies=[] positionInParent=Point(0, 0) parentTaskId=-1 isFocused=true isVisible=false isVisibleRequested=false isSleeping=false topActivityInSizeCompat=false topActivityEligibleForLetterboxEducation= false topActivityLetterboxed= false isFromDoubleTap= false topActivityLetterboxVerticalPosition= -1 topActivityLetterboxHorizontalPosition= -1 topActivityLetterboxWidth=-1 topActivityLetterboxHeight=-1 locusId=null displayAreaFeatureId=1 cameraCompatControlState=hidden mIsCastMode=false mTopActivityMediaSize=null mTopActivityRecordName=ActivityRecord{cbff1b1 u0 eu.europa.ec.euidi/eu.europa.ec.assemblylogic.ui.MainActivity t495} mTopActivityOrientation=-2 mTopActivityWindowIsNowVisible=false isTranslucent=true isEmbedded=false shouldBeVisible=true isImmersive=false mBehindAppLockPkg=null mOriginatingUid=0}
10-10 12:32:22.161  1902 15926 D ATMSImpl: setActivityController callingUid:2000 control=false
10-10 12:32:22.161  2983  3075 D WindowManagerShell: onActivityRestartAttempt: ComponentInfo{eu.europa.ec.euidi/eu.europa.ec.assemblylogic.ui.MainActivity}
10-10 12:32:22.165  1902 23265 D WindowManager: Collecting in transition 1127: ActivityRecord{cbff1b1 u0 eu.europa.ec.euidi/eu.europa.ec.assemblylogic.ui.MainActivity t495} init visibleRequested:false
10-10 12:32:22.165  1902 23265 E Transition: Trying to add a ready-group twice: Display{#0 state=ON size=1080x2400 ROTATION_0}
10-10 12:32:22.166  1902 23265 D WindowManagerService: checkFlipFullScreenChange is same, nowIsFullScreen = false
10-10 12:32:22.168  1902 23265 D WindowManager: Collecting in transition 1127: ActivityRecord{3754c30 u0 com.miui.home/.launcher.Launcher t2} init visibleRequested:true
10-10 12:32:22.168  1902 23265 D WindowManager: Collecting in transition 1127: WallpaperWindowToken{b086f80 token=android.os.Binder@8a62403} init visibleRequested:true
10-10 12:32:22.168  1902 23265 D WindowManager: Collecting in transition 1127: WallpaperWindowToken{c1b367d token=android.os.BinderProxy@48de4d4} init visibleRequested:true
10-10 12:32:22.170  2983  3075 D MiuiFullScreenTaskRepository: setFocusedTask taskId=495, displayId=0, topActivity=ComponentInfo{eu.europa.ec.euidi/eu.europa.ec.assemblylogic.ui.MainActivity}
10-10 12:32:22.170  2983  3075 D MiuiFullScreenTaskRepository: addOrUpdateFullScreenTaskInfo taskId=495, topActivity=ComponentInfo{eu.europa.ec.euidi/eu.europa.ec.assemblylogic.ui.MainActivity}
10-10 12:32:22.170  1902 23265 D WindowManager: Collecting in transition 1127: ActivityRecord{cbff1b1 u0 eu.europa.ec.euidi/eu.europa.ec.assemblylogic.ui.MainActivity t495} init visibleRequested:true
10-10 12:32:22.170  1902 23265 D WindowManager: Set transition=TransitionRecord{551a893 id=1127 type=OPEN flags=0x0}, ready=true, SyncId=1127 
10-10 12:32:22.173  1902 23265 I BLASTSyncEngine: SyncGroup 1127:  Unfinished container:ActivityRecord{cbff1b1 u0 eu.europa.ec.euidi/eu.europa.ec.assemblylogic.ui.MainActivity t495}
10-10 12:32:22.173  1902 23265 I BLASTSyncEngine: isActivitySyncFinished isSyncFinished false ActivityRecord{cbff1b1 u0 eu.europa.ec.euidi/eu.europa.ec.assemblylogic.ui.MainActivity t495}
10-10 12:32:22.181  1902 15926 I BLASTSyncEngine: SyncGroup 1127:  Unfinished container:ActivityRecord{cbff1b1 u0 eu.europa.ec.euidi/eu.europa.ec.assemblylogic.ui.MainActivity t495}
10-10 12:32:22.181  1902 15926 I BLASTSyncEngine: isActivitySyncFinished isSyncFinished false ActivityRecord{cbff1b1 u0 eu.europa.ec.euidi/eu.europa.ec.assemblylogic.ui.MainActivity t495}
10-10 12:32:22.182  1902 15926 I WindowManager: Relayout Window{4c8a8c9 u0 SnapshotStartingWindow for taskId=495}: oldVis=8 newVis=0 focusMayChange = true requestedWidth = -1 requestedHeight = -1 outFrames = ClientWindowFrames{frame=[0,0][1080,2400] display=[0,0][1080,2400] parentFrame=[0,0][0,0]} outSurfaceControl = Surface(name=SnapshotStartingWindow for taskId=495#18749)/@0xab906a6
10-10 12:32:22.186  1902  1936 E MBrainLocalService: MBrainJava launch failed: SecurityException
10-10 12:32:22.187  1902  1938 D SchedBoost: com.google.android.adservices.api boosting, skip reset priority
10-10 12:32:22.187  1902  1936 D Aurogon :  uid = 10390 switch to FG
10-10 12:32:22.187  1902  1938 D SchedBoost: com.google.android.webview:sandboxed_process0:org.chromium.content.app.SandboxedProcessService0:0 boosting, skip reset priority
10-10 12:32:22.188  1902  1936 E MBrainLocalService: MBrainJava launch failed: SecurityException
10-10 12:32:22.189  1902  1936 E MBrainLocalService: MBrainJava launch failed: SecurityException
10-10 12:32:22.196  1902 22704 I BLASTSyncEngine: SyncGroup 1127:  Unfinished container:ActivityRecord{cbff1b1 u0 eu.europa.ec.euidi/eu.europa.ec.assemblylogic.ui.MainActivity t495}
10-10 12:32:22.196  1902 22704 I BLASTSyncEngine: isActivitySyncFinished isSyncFinished false ActivityRecord{cbff1b1 u0 eu.europa.ec.euidi/eu.europa.ec.assemblylogic.ui.MainActivity t495}
10-10 12:32:22.197  1902 22704 W WindowManager: Changing focus from null to Window{648a73d u0 eu.europa.ec.euidi/eu.europa.ec.assemblylogic.ui.MainActivity} displayId=0 Callers=com.android.server.wm.RootWindowContainer.updateFocusedWindowLocked:557 com.android.server.wm.WindowManagerService.updateFocusedWindowLocked:6962 com.android.server.wm.WindowManagerService.relayoutWindow:2951 com.android.server.wm.Session.relayout:266 
10-10 12:32:22.197  1902 22704 I WindowManager: cancelAnimation removed leash : Surface(name=Surface(name=81266ae StatusBar#86)/@0xb48dfdc - animation-leash of insets_animation#18738)/@0xf04a3ca
10-10 12:32:22.199  1902 22704 I WindowManager: cancelAnimation removed leash : Surface(name=Surface(name=db27a2 NavigationBar0#82)/@0xc1acbf0 - animation-leash of insets_animation#18739)/@0x11ec858
10-10 12:32:22.200  1902 22704 D WindowManager: wms.Input focus has changed to Window{648a73d u0 eu.europa.ec.euidi/eu.europa.ec.assemblylogic.ui.MainActivity} display=0 updateInputWindows = true
10-10 12:32:22.200  1902 22704 I MultiSenceManagerInternalStub: getInstance
10-10 12:32:22.200  1902 22704 I WindowManager: Relayout Window{648a73d u0 eu.europa.ec.euidi/eu.europa.ec.assemblylogic.ui.MainActivity}: oldVis=8 newVis=0 focusMayChange = true requestedWidth = 1080 requestedHeight = 2400 outFrames = ClientWindowFrames{frame=[0,0][1080,2400] display=[0,0][1080,2400] parentFrame=[0,0][0,0]} outSurfaceControl = Surface(name=eu.europa.ec.euidi/eu.europa.ec.assemblylogic.ui.MainActivity#18750)/@0x310447e
10-10 12:32:22.202  1902 15926 W WindowManager: finishDrawingWindow: Window{4c8a8c9 u0 SnapshotStartingWindow for taskId=495} mDrawState=DRAW_PENDING
10-10 12:32:22.204  1902  1939 I SmartPower: eu.europa.ec.euidi/10390(15222): invisible->visible(62ms) R(become visible) adj=0.
10-10 12:32:22.205  1902  1939 W WindowManager: real show surface:Surface(name=SnapshotStartingWindow for taskId=495#18749)/@0x287a801
10-10 12:32:22.205  1902  1939 D WindowManager: Final targets: [Task{9440696 #495 type=standard A=10390:eu.europa.ec.euidi}, Task{57070cf #1 type=home}]
10-10 12:32:22.208  1902  1939 D WindowManager: Calling onTransitionReady info={id=1127 t=OPEN f=0x0 trk=0 r=[0@Point(0, 0)] c=[{WCT{RemoteToken{9ccb65d Task{9440696 #495 type=standard A=10390:eu.europa.ec.euidi}}} m=TO_FRONT f=MOVE_TO_TOP leash=Surface(name=Task=495#18678)/@0xa94146 sb=Rect(0, 0 - 1080, 2400) eb=Rect(0, 0 - 1080, 2400) d=0},{WCT{RemoteToken{1c71a03 Task{57070cf #1 type=home}}} m=TO_BACK f=SHOW_WALLPAPER leash=Surface(name=Task=1#44)/@0xf3df733 sb=Rect(0, 0 - 1080, 2400) eb=Rect(0, 0 - 1080, 2400) d=0}] noAni=[false] df=[false] mk=[true] nc=[0] oa=[false]}, mToken=Token{5571cf5 TransitionRecord{551a893 id=1127 type=OPEN flags=0x0}}
10-10 12:32:22.209  1902  1939 I BLASTSyncEngine: finishNow: after onTransactionReady, mSyncId=1127
10-10 12:32:22.212  2983  3075 D MiuiFreeformAnimation: startAnimation change: {WCT{android.window.IWindowContainerToken$Stub$Proxy@c1ced93} m=TO_FRONT f=MOVE_TO_TOP leash=Surface(name=Task=495#18678)/@0xab73364 sb=Rect(0, 0 - 1080, 2400) eb=Rect(0, 0 - 1080, 2400) d=0} info.getType(): 1
10-10 12:32:22.212  2983  3075 I MiuiFreeformAnimation: isLaunchWidgetPicker=false,taskInfo.getWindowingMode()=1, taskInfo.getActivityType()=1
10-10 12:32:22.214  2983  4013 D MiuiFreeformModeObserver: activityResumed() intent： Intent { cmp=eu.europa.ec.euidi/eu.europa.ec.assemblylogic.ui.MainActivity (has extras) }
10-10 12:32:22.214  2983  3075 D MiuiFreeformAnimation: startAnimation change: {WCT{android.window.IWindowContainerToken$Stub$Proxy@b6621d0} m=TO_BACK f=SHOW_WALLPAPER leash=Surface(name=Task=1#44)/@0x50189cd sb=Rect(0, 0 - 1080, 2400) eb=Rect(0, 0 - 1080, 2400) d=0} info.getType(): 1
10-10 12:32:22.214  2983  3075 W MiuiTaskTransitionHandler: Receive an unknown transition, token=android.os.BinderProxy@a78e82a, type=1
10-10 12:32:22.215  2983  3075 D TransitionAnimationHelper:  load default animation  type = 1 enter = false animAttr = 19 isTask = true translucent = false
10-10 12:32:22.216  2983  3075 D TransitionAnimationHelper:  load default animation  type = 1 enter = true animAttr = 18 isTask = true translucent = false
10-10 12:32:22.217  2983  3092 D ShellTransitions: speed ui!!!!!!!!!!!
10-10 12:32:22.218  2983  3075 D MiuiFullScreenTaskRepository: setFocusedTask taskId=495, displayId=0, topActivity=ComponentInfo{eu.europa.ec.euidi/eu.europa.ec.assemblylogic.ui.MainActivity}
10-10 12:32:22.218  2983  3075 D MiuiFullScreenTaskRepository: addOrUpdateFullScreenTaskInfo taskId=495, topActivity=ComponentInfo{eu.europa.ec.euidi/eu.europa.ec.assemblylogic.ui.MainActivity}
10-10 12:32:22.220  1902 22704 W WindowManager: finishDrawingWindow: Window{648a73d u0 eu.europa.ec.euidi/eu.europa.ec.assemblylogic.ui.MainActivity} mDrawState=DRAW_PENDING
10-10 12:32:22.220  1902 22704 D WindowManager: wms.finishDrawingLocked: mDrawState=COMMIT_DRAW_PENDING Window{648a73d u0 eu.europa.ec.euidi/eu.europa.ec.assemblylogic.ui.MainActivity} in Surface(name=eu.europa.ec.euidi/eu.europa.ec.assemblylogic.ui.MainActivity#18750)/@0xbc5c33d
10-10 12:32:22.221  2983  3075 D SoScUtils: monitorTransitionFinished transition:android.os.BinderProxy@a78e82a transaction: android.view.SurfaceControl$Transaction@4b27c0b mRequestCloseTransition:null mRequestOpenTransition:null mPairsOpenTransition:null mPairsOpenTransitionNull:null mRequestOpenTriggerTask:-1 mRequestCloseTriggerTask:-1 mOrientationTransition: null mMainStartingTask:-1 mSideStartingTask:-1
10-10 12:32:22.221  1902  1939 W WindowManager: real show surface:Surface(name=eu.europa.ec.euidi/eu.europa.ec.assemblylogic.ui.MainActivity#18750)/@0xbc5c33d
10-10 12:32:22.227  2983  2983 E onWindowDecorRectChanged: start size:1
10-10 12:32:22.227  2983  2983 E onWindowDecorRectChanged: windowDecorRects: Rect(454, 12 - 625, 123)
10-10 12:32:22.232  1902 23265 D TaskSnapshot_Helper: shouldDelay()... Not launched by home, no delay needed.
10-10 12:32:22.233  2983  3075 D MiuiFullScreenTaskRepository: addOrUpdateFullScreenTaskInfo taskId=1, topActivity=ComponentInfo{com.miui.home/com.miui.home.launcher.Launcher}
10-10 12:32:22.233  1902  1938 I SmartPower: com.miui.home/10085(3001): visible->invisible(10390ms) R(become invisible) adj=100.
10-10 12:32:22.233  1902  1938 I SmartPower: com.miui.home/10085(3001): invisible->background(0ms) R(become background) adj=100.
10-10 12:32:22.239  1902 10935 I SmartPower: com.mi.globalminusscreen/10076(31794): visible->invisible(10459ms) R(become invisible) adj=100.
10-10 12:32:22.240  1902 10935 I SmartPower: com.mi.globalminusscreen/10076(31794): invisible->background(1ms) R(become background) adj=100.
10-10 12:32:22.241  1902  2620 I SmartPower: com.google.android.adservices.api/10307(31554): idle->background(10925ms) R(add to whitelist) adj=100.
10-10 12:32:22.241  1902  2620 I SmartPower: com.google.android.webview:sandboxed_process0:org.chromium.content.app.SandboxedPridle->background(105854ms) R(add to whitelist) adj=100.
10-10 12:32:22.244  1229  1641 W EventThreadInspector: slow VSync-appSf on display(4627039422300187648) count=1, avg=32 ms, max=32 ms.
10-10 12:32:22.251  1902  1902 D MBrainLocalService: isVendorFreezeConditionPass is false
10-10 12:32:22.251  1902  1902 E MBrainLocalService: notifyAppSwitch failed
10-10 12:32:22.259  1902 23265 I SmartPower: com.google.android.googlequicksearchbox:googleapp/10188(19209): visible->invisible(10484ms) R(become invisible) adj=100.
10-10 12:32:22.259  1902 23265 I SmartPower: com.google.android.googlequicksearchbox:search/10188(19180): invisible->background(10485ms) R(become background) adj=800.
10-10 12:32:22.259  1902 23265 I SmartPower: com.google.android.googlequicksearchbox:googleapp/10188(19209): invisible->background(1ms) R(become background) adj=100.
10-10 12:32:22.259  1902 23265 I SmartPower: com.google.android.googlequicksearchbox:interactor/10188(19230): invisible->background(10485ms) R(become background) adj=100.
10-10 12:32:22.265  1902 15926 I WindowManager: cancelAnimation removed leash : Surface(name=Surface(name=6a76de5 InputMethod#123)/@0xf2bd99 - animation-leash of insets_animation#18747)/@0x630b07
10-10 12:32:22.265  1902 23265 W PackageConfigPersister: App-specific configuration not found for packageName: eu.europa.ec.euidi and userId: 0
10-10 12:32:22.267  2983  3075 D SoScSplitScreenController: updateDividerFixedState isFixed:false
10-10 12:32:22.267  1902  1902 D MBrainLocalService: isVendorFreezeConditionPass is false
10-10 12:32:22.267  1902  1902 E MBrainLocalService: notifyAppSwitch failed
10-10 12:32:22.290  1902  1936 D Aurogon :  uid = 10085 switch to BG
10-10 12:32:22.290  1902  2600 D isUidValid: uid = 10085
10-10 12:32:22.346  1902  1939 D WindowManager: setParent old=ActivityRecord{cbff1b1 u0 eu.europa.ec.euidi/eu.europa.ec.assemblylogic.ui.MainActivity t495},new=null,this window=Window{4c8a8c9 u0 SnapshotStartingWindow for taskId=495},callers=com.android.server.wm.WindowContainer.removeChild:840 com.android.server.wm.ActivityRecord.removeChild:5227 com.android.server.wm.ActivityRecord.removeChild:470 com.android.server.wm.WindowContainer.removeImmediately:898 com.android.server.wm.WindowState.removeImmediately:2538 com.android.server.wm.WindowState.destroySurface:3654 
10-10 12:32:22.361  1902 15926 W ActivityTaskManager: callingPackage for (uid=2000, pid=15494) has no WPC
10-10 12:32:22.363  1902 15926 D CompatibilityChangeReporter: Compat change id reported: 265464455; UID 10190; state: DISABLED
10-10 12:32:22.363  1902 15926 D CompatibilityChangeReporter: Compat change id reported: 265452344; UID 10190; state: DISABLED
10-10 12:32:22.363  1902 15926 D CompatibilityChangeReporter: Compat change id reported: 266124927; UID 10190; state: DISABLED
10-10 12:32:22.363  1902 15926 D CompatibilityChangeReporter: Compat change id reported: 265451093; UID 10190; state: DISABLED
10-10 12:32:22.363  1902 15926 D CompatibilityChangeReporter: Compat change id reported: 265456536; UID 10190; state: DISABLED
10-10 12:32:22.363  1902 15926 D CompatibilityChangeReporter: Compat change id reported: 255940284; UID 10190; state: DISABLED
10-10 12:32:22.363  1902 15926 D CompatibilityChangeReporter: Compat change id reported: 236283604; UID 10190; state: DISABLED
10-10 12:32:22.364  1902 15926 D CompatibilityChangeReporter: Compat change id reported: 263959004; UID 10190; state: DISABLED
10-10 12:32:22.364  1902 15926 D CompatibilityChangeReporter: Compat change id reported: 264304459; UID 10190; state: DISABLED
10-10 12:32:22.364  1902 15926 D CompatibilityChangeReporter: Compat change id reported: 264301586; UID 10190; state: DISABLED
10-10 12:32:22.364  1902 15926 D CompatibilityChangeReporter: Compat change id reported: 254631730; UID 10190; state: DISABLED
10-10 12:32:22.364  1902 15926 D CompatibilityChangeReporter: Compat change id reported: 273509367; UID 10190; state: DISABLED
10-10 12:32:22.364  1902 15926 D CompatibilityChangeReporter: Compat change id reported: 263259275; UID 10190; state: DISABLED
10-10 12:32:22.364  1902 15926 D CompatibilityChangeReporter: Compat change id reported: 174042980; UID 10190; state: DISABLED
10-10 12:32:22.365  1902 15926 D CompatibilityChangeReporter: Compat change id reported: 174042936; UID 10190; state: DISABLED
10-10 12:32:22.365  1902 15926 D CompatibilityChangeReporter: Compat change id reported: 181136395; UID 10190; state: DISABLED
10-10 12:32:22.367  1902 15926 D CompatibilityChangeReporter: Compat change id reported: 194480991; UID 10190; state: ENABLED
10-10 12:32:22.368  1902 15926 I SmartPower: com.android.chrome:privileged_process0/10190(11664): idle->invisible(13028ms) R(become foreground) adj=940.
10-10 12:32:22.368  1902 15926 I SmartPower: com.android.chrome/10190(11296): idle->invisible(13028ms) R(become foreground) adj=702.
10-10 12:32:22.369  1902 15926 D WindowManager: Collecting in transition 1128: ActivityRecord{ed53ae1 u0 com.android.chrome/com.google.android.apps.chrome.IntentDispatcher init visibleRequested:false
10-10 12:32:22.369  1902 15926 D MiuiFreeFormManagerService: activeOrFullscreenFreeformTaskIfNeed startDefaultAr:false
10-10 12:32:22.373  1902 15926 D WindowManager: setLockTaskAuth: task=Task{3c0d006 #497 type=standard I=com.android.chrome/com.google.android.apps.chrome.IntentDispatcher} mLockTaskAuth=LOCK_TASK_AUTH_PINNABLE
10-10 12:32:22.374  1902 15926 D WindowManager: Collecting in transition 1128: Task{3c0d006 #497 type=standard I=com.android.chrome/com.google.android.apps.chrome.IntentDispatcher} init visibleRequested:false
10-10 12:32:22.375  1902 15926 D CompatibilityChangeReporter: Compat change id reported: 184838306; UID 10190; state: DISABLED
10-10 12:32:22.375  1902 15926 D CompatibilityChangeReporter: Compat change id reported: 185004937; UID 10190; state: DISABLED
10-10 12:32:22.377  1902 15926 D WindowManager: setLockTaskAuth: task=Task{3c0d006 #497 type=standard I=com.android.chrome/com.google.android.apps.chrome.IntentDispatcher} mLockTaskAuth=LOCK_TASK_AUTH_PINNABLE
10-10 12:32:22.377  1902 15926 D MiuiFreeFormManagerService: onStartActivityInner as = Task{3c0d006 #497 type=standard I=com.android.chrome/com.google.android.apps.chrome.IntentDispatcher} op = null
10-10 12:32:22.378  1902 15926 D ActivityTaskManager: Task#startActivityLocked isOrhasTask=true newTask=true
10-10 12:32:22.378  1902 15926 D ActivityTaskManager: Not add starting window, the reason is: windowIsTranslucent = true  windowIsFloating = false  this = ActivityRecord{ed53ae1 u0 com.android.chrome/com.google.android.apps.chrome.IntentDispatcher t497}
10-10 12:32:22.379  1902 15926 D CompatibilityChangeReporter: Compat change id reported: 205907456; UID 10190; state: ENABLED
10-10 12:32:22.381  1902 15926 D WindowManager: Collecting in transition 1128: ActivityRecord{ed53ae1 u0 com.android.chrome/com.google.android.apps.chrome.IntentDispatcher t497} init visibleRequested:false
10-10 12:32:22.381  1902 15926 D WindowManager: Requesting StartTransition: TransitionRecord{ae104f4 id=1128 type=OPEN flags=0x0}
10-10 12:32:22.382  1902 15926 I ActivityTaskManager: START u0 {act=android.intent.action.VIEW dat=https://verifier.eudiw.dev/... flg=0x10000000 cmp=com.android.chrome/com.google.android.apps.chrome.IntentDispatcher} with LAUNCH_MULTIPLE from uid 2000 (BAL_ALLOW_PERMISSION) result code=0
10-10 12:32:22.383  2983  3075 I SoScUtils: monitorTransitionRequest mRequestOpenTransition:null mRequestOpenTriggerTask:-1 mRequestCloseTransition:null mRequestCloseTriggerTask:-1 mRequestCloseStageType:-1
10-10 12:32:22.383  1902 15926 D WindowManager: Set transition=TransitionRecord{ae104f4 id=1128 type=OPEN flags=0x0}, ready=false, SyncId=1128 used=true, override=false, defer=0, states=Display{#0 state=ON size=1080x2400 ROTATION_0}:false
10-10 12:32:22.384  2983  3075 D OneHandedController: stopOneHanded state is 0
10-10 12:32:22.384  2983  3075 D OneHandedController: stopOneHanded state is 0
10-10 12:32:22.387  1902 22704 D WindowManager: Collecting in transition 1128: ActivityRecord{ed53ae1 u0 com.android.chrome/com.google.android.apps.chrome.IntentDispatcher t497} init visibleRequested:false
10-10 12:32:22.388  1902 22704 D WindowManager: Collecting in transition 1128: ActivityRecord{ed53ae1 u0 com.android.chrome/com.google.android.apps.chrome.IntentDispatcher t497} init visibleRequested:true
10-10 12:32:22.389  2983  3075 D OneHandedController: stopOneHanded state is 0
10-10 12:32:22.396  1902 22704 D WindowManagerService: checkFlipFullScreenChange is same, nowIsFullScreen = false
10-10 12:32:22.396  1902 22704 W WindowManager: Changing focus from Window{648a73d u0 eu.europa.ec.euidi/eu.europa.ec.assemblylogic.ui.MainActivity} to null displayId=0 Callers=com.android.server.wm.RootWindowContainer.updateFocusedWindowLocked:557 com.android.server.wm.WindowManagerService.updateFocusedWindowLocked:6962 com.android.server.wm.ActivityTaskManagerService.setLastResumedActivityUncheckLocked:5565 com.android.server.wm.ActivityTaskSupervisor.updateTopResumedActivityIfNeeded:2557 
10-10 12:32:22.397  1902 22704 D WindowManager: wms.Input focus has changed to null display=0 updateInputWindows = true
10-10 12:32:22.397  1902 22704 I MultiSenceManagerInternalStub: getInstance
10-10 12:32:22.398  1902 22704 D WindowManager: Collecting in transition 1128: ActivityRecord{ed53ae1 u0 com.android.chrome/com.google.android.apps.chrome.IntentDispatcher t497} init visibleRequested:true
10-10 12:32:22.398  1902 22704 D WindowManager: Set transition=TransitionRecord{ae104f4 id=1128 type=OPEN flags=0x0}, ready=true, SyncId=1128 
10-10 12:32:22.400  1902 22704 I BLASTSyncEngine: SyncGroup 1128:  Unfinished container:ActivityRecord{ed53ae1 u0 com.android.chrome/com.google.android.apps.chrome.IntentDispatcher t497}
