10-10 12:30:32.542  1902  2612 I ProcessManager: getRenderThreadTidByPid, caller=1902
10-10 12:30:32.645  1902 22586 W MIUIInput: Input event injection from package: null action ACTION_UP
10-10 12:30:32.714  1902 23179 W MIUIInput: Input event injection from package: null action ACTION_DOWN
10-10 12:30:32.717  1902  2612 I ProcessManager: getRenderThreadTidByPid, caller=1902
10-10 12:30:32.723  1902  2612 I ProcessManager: getRenderThreadTidByPid, caller=1902
10-10 12:30:32.754  1902 23179 W MIUIInput: Input event injection from package: null action ACTION_UP
10-10 12:30:32.913  1556  1556 I wificond: station_bandwidth: 
10-10 12:30:33.134  1902 23179 W MIUIInput: Input event injection from package: null action ACTION_DOWN
10-10 12:30:33.136  1902  2612 I ProcessManager: getRenderThreadTidByPid, caller=1902
10-10 12:30:33.137  1902 23179 W MIUIInput: Input event injection from package: null action ACTION_UP
10-10 12:30:33.291  1902 23179 W MIUIInput: Input event injection from package: null action ACTION_DOWN
10-10 12:30:33.293  1902  2612 I ProcessManager: getRenderThreadTidByPid, caller=1902
10-10 12:30:33.296  1902 23179 W MIUIInput: Input event injection from package: null action ACTION_UP
10-10 12:30:33.303  1902 22586 W ContentProviderHelper: No provider info for content provider com.miui.personalassistant.servicedeliver.system.provider when providerRunning is false, caller is ProcessRecord{14c5666 3001:com.miui.home/u0a85}
10-10 12:30:33.303  3001  3103 E ActivityThread: Failed to find provider info for com.miui.personalassistant.servicedeliver.system.provider
10-10 12:30:33.366  1902  2620 I SmartPower: com.mi.globalminusscreen/10076(31794): background->idle(5001ms) R(become invisible) adj=100.
10-10 12:30:33.482  1902 23179 W MIUIInput: Input event injection from package: null action ACTION_DOWN
10-10 12:30:33.483  1902  2612 I ProcessManager: getRenderThreadTidByPid, caller=1902
10-10 12:30:33.485  1902 23179 W MIUIInput: Input event injection from package: null action ACTION_UP
10-10 12:30:33.754  1902  4160 W MIUIInput: Input event injection from package: null action ACTION_DOWN
10-10 12:30:33.757  1902  2612 I ProcessManager: getRenderThreadTidByPid, caller=1902
10-10 12:30:33.759  1902  4160 W MIUIInput: Input event injection from package: null action ACTION_UP
10-10 12:30:35.936  1556  1556 I wificond: station_bandwidth: 
10-10 12:30:36.387  1902  2620 I SmartPower: com.google.android.webview:sandboxed_process0:org.chromium.content.app.SandboxedPrbackground->idle(8021ms) R(remove from whitelist) adj=100.
10-10 12:30:38.965  1556  1556 I wificond: station_bandwidth: 
10-10 12:30:41.988  1556  1556 I wificond: station_bandwidth: 
10-10 12:30:45.012  1556  1556 I wificond: station_bandwidth: 
10-10 12:30:46.905  1902  2303 W ProcessStats: Tracking association SourceState{b813b1d com.miui.securitycenter.remote/1000 Fgs #349850} whose proc state 3 is better than process ProcessState{3bbc40b com.miui.analytics/10101 pkg=com.miui.analytics} proc state 5 (108 skipped)
10-10 12:30:48.035  1556  1556 I wificond: station_bandwidth: 
10-10 12:30:51.067  1556  1556 I wificond: station_bandwidth: 
10-10 12:30:54.101  1556  1556 I wificond: station_bandwidth: 
10-10 12:30:57.136  1556  1556 I wificond: station_bandwidth: 
10-10 12:30:57.630  1902  1947 D HeapUsage Monitor: HeapAllocSize : 79MB; monitorSize : 500MB
10-10 12:31:00.003  1902  2336 D AlarmManager: mBroadcastRefCount -> 1
10-10 12:31:00.009  1902  1902 D AlarmManager: mBroadcastRefCount -> 0
10-10 12:31:00.009  1902  1902 D AlarmManager: mPendingIntent -> null
10-10 12:31:00.170  1556  1556 I wificond: station_bandwidth: 
10-10 12:31:02.006  1902  4160 W ProcessStats: Tracking association SourceState{b813b1d com.miui.securitycenter.remote/1000 Fgs #349855} whose proc state 3 is better than process ProcessState{3bbc40b com.miui.analytics/10101 pkg=com.miui.analytics} proc state 5 (11 skipped)
10-10 12:31:03.198  1556  1556 I wificond: station_bandwidth: 
10-10 12:31:04.146  1902  2336 I SmartPower: com.google.android.gms.unstable/10175(4628): idle->background(57002ms) R(alarm start) adj=800.
10-10 12:31:04.147  1902  2336 I SmartPower: com.google.android.gms.ui/10175(26069): idle->background(57002ms) R(alarm start) adj=800.
10-10 12:31:04.147  1902  2336 I SmartPower: com.google.process.gservices/10175(22048): idle->background(57003ms) R(alarm start) adj=915.
10-10 12:31:04.147  1902  2336 I SmartPower: com.google.android.gms:snet/10175(14783): idle->background(57003ms) R(alarm start) adj=800.
10-10 12:31:04.148  1902  2336 I SmartPower: com.google.process.gapps/10175(12347): idle->background(57003ms) R(alarm start) adj=945.
10-10 12:31:04.148  1902  2336 D AlarmManager: mBroadcastRefCount -> 1
10-10 12:31:04.171  1902  4160 D AlarmManager: mBroadcastRefCount -> 0
10-10 12:31:04.171  1902  4160 D AlarmManager: mPendingIntent -> null
10-10 12:31:06.228  1556  1556 I wificond: station_bandwidth: 
10-10 12:31:07.151  1902  2620 I SmartPower: com.google.android.gms.unstable/10175(4628): background->idle(3004ms) R(alarm start) adj=800.
10-10 12:31:07.151  1902  2620 I SmartPower: com.google.android.gms.ui/10175(26069): background->idle(3004ms) R(alarm start) adj=800.
10-10 12:31:07.151  1902  2620 I SmartPower: com.google.process.gservices/10175(22048): background->idle(3004ms) R(alarm start) adj=915.
10-10 12:31:07.151  1902  2620 I SmartPower: com.google.android.gms:snet/10175(14783): background->idle(3004ms) R(alarm start) adj=800.
10-10 12:31:07.151  1902  2620 I SmartPower: com.google.process.gapps/10175(12347): background->idle(3004ms) R(alarm start) adj=945.
10-10 12:31:07.787  1902 22586 I ActivityManager: Force stopping eu.europa.ec.euidi appid=10390 user=0: from process:14899
10-10 12:31:07.789  1902 22586 E ActivityManager: Unable to freeze binder for 14450: java.lang.RuntimeException: Unable to freeze/unfreeze binder
10-10 12:31:07.789  1902  2611 E ProcessManager: error write exception log
10-10 12:31:07.791  1902 22586 I ActivityManager: Killing 14450:eu.europa.ec.euidi/u0a390 (adj 700): stop eu.europa.ec.euidi due to from process:14899
10-10 12:31:07.792  1902  1936 D DisplayManagerService: Drop pending events for gone uid 10390
10-10 12:31:07.796  1902 22586 W ActivityTaskManager: Force removing ActivityRecord{2cb8e94 u0 eu.europa.ec.euidi/eu.europa.ec.assemblylogic.ui.MainActivity t492 f}}: app died, no saved state
10-10 12:31:07.796  1902  2322 W UsageStatsService: Unexpected activity event reported! (eu.europa.ec.euidi/eu.europa.ec.assemblylogic.ui.MainActivity event : 23 instanceId : 247896370)
10-10 12:31:07.797  1902 22586 D WindowManager: setParent old=ActivityRecord{2cb8e94 u0 eu.europa.ec.euidi/eu.europa.ec.assemblylogic.ui.MainActivity t492 f}},new=null,this window=Window{a77888d u0 eu.europa.ec.euidi/eu.europa.ec.assemblylogic.ui.MainActivity},callers=com.android.server.wm.WindowContainer.removeChild:840 com.android.server.wm.ActivityRecord.removeChild:5227 com.android.server.wm.ActivityRecord.removeChild:470 com.android.server.wm.WindowContainer.removeImmediately:898 com.android.server.wm.WindowState.removeImmediately:2538 com.android.server.wm.WindowState.removeIfPossible:2719 
10-10 12:31:07.802  1902 22586 D WindowManager: setParent old=Task{94fd3d #492 type=standard A=10390:eu.europa.ec.euidi},new=null,this window=ActivityRecord{2cb8e94 u0 eu.europa.ec.euidi/eu.europa.ec.assemblylogic.ui.MainActivity t492 f}},callers=com.android.server.wm.WindowContainer.removeChild:840 com.android.server.wm.TaskFragment.removeChild:3119 com.android.server.wm.Task.removeChild:1822 com.android.server.wm.Task.removeChild:1802 com.android.server.wm.WindowContainer.removeImmediately:898 com.android.server.wm.WindowToken.removeImmediately:376 
10-10 12:31:07.803  1902  1938 I DisplayDeviceRepository: Display device changed: DisplayDeviceInfo{"Built-in Screen": uniqueId="local:4627039422300187648", 1080 x 2400, modeId 1, renderFrameRate 60.0, defaultModeId 2, supportedModes [{id=1, width=1080, height=2400, fps=60.0, alternativeRefreshRates=[30.000002, 90.0, 120.00001], supportedHdrTypes=[1, 2, 3, 4]}, {id=2, width=1080, height=2400, fps=120.00001, alternativeRefreshRates=[30.000002, 60.0, 90.0], supportedHdrTypes=[1, 2, 3, 4]}, {id=3, width=1080, height=2400, fps=90.0, alternativeRefreshRates=[30.000002, 60.0, 120.00001], supportedHdrTypes=[1, 2, 3, 4]}, {id=4, width=1080, height=2400, fps=30.000002, alternativeRefreshRates=[60.0, 90.0, 120.00001], supportedHdrTypes=[1, 2, 3, 4]}], colorMode 0, supportedColorModes [0, 7, 9], hdrCapabilities HdrCapabilities{mSupportedHdrTypes=[1, 2, 3, 4], mMaxLuminance=500.0, mMaxAverageLuminance=500.0, mMinLuminance=0.0}, allmSupported false, gameContentTypeSupported false, density 440, 394.409 x 394.409 dpi, appVsyncOff 2400001, presDeadline 28600000, cutout DisplayCutout{insets=Rect(0, 94 - 0, 0) waterfall=Insets{left=0, top=0, right=0, bottom=0} boundingRect={Bounds=[Rect(0, 0 - 0, 0), Rect(512, 0 - 568, 94), Rect(0, 0 - 0, 0), Rect(0, 0 - 0, 0)]} cutoutPathParserInfo={CutoutPathParserInfo{displayWidth=1080 displayHeight=2400 physicalDisplayWidth=1080 physicalDisplayHeight=2400 density={2.75} cutoutSpec={M 0,0 H -28 V 94 H 28 V 0 H 0 Z} rotation={0} scale={1.0} physicalPixelDisplaySizeRatio={1.0}}}}, touch INTERNAL, rotation 0, type INTERNAL, address {port=0, model=0x40368bd6e7ee6c}, deviceProductInfo DeviceProductInfo{name=MTKDEV, manufacturerPnpId=MTK, productId=35638, modelYear=null, manufactureDate=ManufactureDate{week=42, year=2021}, connectionToSinkType=0}, state ON, committedState ON, frameRateOverride , brightnessMinimum 0.0, brightnessMaximum 1.0, brightnessDefault 0.07496032, hdrSdrRatio NaN, roundedCorners RoundedCorners{[RoundedCorner{position=TopLeft, radius=70, center=Point(70, 70)}, RoundedCorner{position=TopRight, radius=70, center=Point(1010, 70)}, RoundedCorner{position=BottomRight, radius=70, center=Point(1010, 2330)}, RoundedCorner{position=BottomLeft, radius=70, center=Point(70, 2330)}]}, FLAG_ALLOWED_TO_BE_DEFAULT_DISPLAY, FLAG_ROTATES_WITH_CONTENT, FLAG_SECURE, FLAG_SUPPORTS_PROTECTED_BUFFERS, FLAG_TRUSTED, installOrientation 0, displayShape DisplayShape{ spec=-1893857183 displayWidth=1080 displayHeight=2400 physicalPixelDisplaySizeRatio=1.0 rotation=0 offsetX=0 offsetY=0 scale=1.0}}
10-10 12:31:07.804  1902 22586 D WindowManager: setParent old=DefaultTaskDisplayArea@126197207,new=null,this window=Task{94fd3d #492 type=standard A=10390:eu.europa.ec.euidi},callers=com.android.server.wm.WindowContainer.removeChild:840 com.android.server.wm.TaskDisplayArea.removeChildTask:359 com.android.server.wm.TaskDisplayArea.removeChild:350 com.android.server.wm.WindowContainer.removeImmediately:898 com.android.server.wm.TaskFragment.removeImmediately:3203 com.android.server.wm.Task.removeImmediately:3222 
10-10 12:31:07.807  1902  1939 W ActivityTaskManager: Can't find TaskDisplayArea to determine support for multi window. Task id=492 attached=false
10-10 12:31:07.808  2983  3075 D MiuiFullScreenTaskRepository: removeFullScreenTask taskId=492, topActivity=null
10-10 12:31:07.808  2983  3075 D MiuiWindowDecorViewModel: destroyWindowDecoration: taskId=492, windowingMode=1, mWindowDecorByTaskId.size()=0, callers=com.android.wm.shell.fullscreen.FullscreenTaskListener.onTaskVanished:143 com.android.wm.shell.ShellTaskOrganizer.onTaskVanished:138 android.window.TaskOrganizer$1.lambda$onTaskVanished$6:398 android.window.TaskOrganizer$1.$r8$lambda$z23H3L3GZav04D10kA3vkevrglg:0 android.window.TaskOrganizer$1$$ExternalSyntheticLambda14.run:4 
10-10 12:31:07.817  1902 22586 I AppsFilter: interaction: PackageSetting{1141c0b com.android.microdroid.empty_payload/10336} -> PackageSetting{959ad15 eu.europa.ec.euidi/10390} BLOCKED
10-10 12:31:07.817  1902 22586 I AppsFilter: interaction: PackageSetting{2f03501 io.appium.uiautomator2.server.test/10379} -> PackageSetting{959ad15 eu.europa.ec.euidi/10390} BLOCKED
10-10 12:31:07.817  1902 22586 I AppsFilter: interaction: PackageSetting{330fa6 com.fido.asm/10112} -> PackageSetting{959ad15 eu.europa.ec.euidi/10390} BLOCKED
10-10 12:31:07.817  1902 22586 I AppsFilter: interaction: PackageSetting{4e66de7 io.appium.uiautomator2.server/10378} -> PackageSetting{959ad15 eu.europa.ec.euidi/10390} BLOCKED
10-10 12:31:07.817  1902 22586 I AppsFilter: interaction: PackageSetting{3435d94 io.appium.settings/10326} -> PackageSetting{959ad15 eu.europa.ec.euidi/10390} BLOCKED
10-10 12:31:07.824  1902  1938 D TAG     : Remove previously redundant display event 0/2 to 10321/6401
10-10 12:31:07.824  1902  1938 D TAG     : Remove previously redundant display event 0/2 to 10150/6423
10-10 12:31:07.825  1902  1938 D TAG     : Remove previously redundant display event 0/2 to 6101/17644
10-10 12:31:07.825  1902  1938 D TAG     : Remove previously redundant display event 0/2 to 10075/18053
10-10 12:31:07.825  1902  1938 D TAG     : Remove previously redundant display event 0/2 to 10097/18566
10-10 12:31:07.825  1902  1938 D TAG     : Remove previously redundant display event 0/2 to 10365/18910
10-10 12:31:07.825  1902  2682 D CompatibilityChangeReporter: Compat change id reported: 170503758; UID 10190; state: ENABLED
10-10 12:31:07.826  1902  1938 D TAG     : Remove previously redundant display event 0/2 to 10132/21626
10-10 12:31:07.835  1902  1938 D TAG     : Remove previously redundant display event 0/2 to 10312/31305
10-10 12:31:07.857  1902  2323 I SmartPower: com.google.android.as.oss/10302(12507): idle->background(51728ms) R(service create com.google.android.as.oss/com.google.android.gms.learning.internal.training.InAppJobService) adj=0.
10-10 12:31:07.880  1902 22586 W JobScheduler: Job didn't exist in JobStore: 
10-10 12:31:07.923  1902  1938 W ActivityManager: setHasOverlayUi called on unknown pid: 14450
10-10 12:31:07.924  1902 23266 W WindowManager: Cannot find window which accessibility connection is added to
10-10 12:31:08.323  1902  1954 I SmartPower: com.google.android.videos/10312(31305): idle->background(79603ms) R(broadcast start Intent { act=android.intent.action.PACKAGE_RESTARTED dat=package: flg=0x10 (has extras) }) adj=905.
10-10 12:31:09.249  1556  1556 I wificond: station_bandwidth: 
10-10 12:31:10.861  1902  2620 I SmartPower: com.google.android.as.oss/10302(12507): background->idle(3003ms) R(service create com.google.android.as.oss/com.google.android.gms.learning.internal.training.InAppJobService) adj=905.
10-10 12:31:11.327  1902  2620 I SmartPower: com.google.android.videos/10312(31305): background->idle(3003ms) R(broadcast start Intent { act=android.intent.action.PACKAGE_RESTARTED dat=package: flg=0x10 (has extras) }) adj=905.
10-10 12:31:11.961  1902  2612 I ProcessManager: getRenderThreadTidByPid, caller=1902
10-10 12:31:11.983  1902  1938 I DisplayDeviceRepository: Display device changed: DisplayDeviceInfo{"Built-in Screen": uniqueId="local:4627039422300187648", 1080 x 2400, modeId 2, renderFrameRate 120.00001, defaultModeId 2, supportedModes [{id=1, width=1080, height=2400, fps=60.0, alternativeRefreshRates=[30.000002, 90.0, 120.00001], supportedHdrTypes=[1, 2, 3, 4]}, {id=2, width=1080, height=2400, fps=120.00001, alternativeRefreshRates=[30.000002, 60.0, 90.0], supportedHdrTypes=[1, 2, 3, 4]}, {id=3, width=1080, height=2400, fps=90.0, alternativeRefreshRates=[30.000002, 60.0, 120.00001], supportedHdrTypes=[1, 2, 3, 4]}, {id=4, width=1080, height=2400, fps=30.000002, alternativeRefreshRates=[60.0, 90.0, 120.00001], supportedHdrTypes=[1, 2, 3, 4]}], colorMode 0, supportedColorModes [0, 7, 9], hdrCapabilities HdrCapabilities{mSupportedHdrTypes=[1, 2, 3, 4], mMaxLuminance=500.0, mMaxAverageLuminance=500.0, mMinLuminance=0.0}, allmSupported false, gameContentTypeSupported false, density 440, 394.409 x 394.409 dpi, appVsyncOff 1199999, presDeadline 14800000, cutout DisplayCutout{insets=Rect(0, 94 - 0, 0) waterfall=Insets{left=0, top=0, right=0, bottom=0} boundingRect={Bounds=[Rect(0, 0 - 0, 0), Rect(512, 0 - 568, 94), Rect(0, 0 - 0, 0), Rect(0, 0 - 0, 0)]} cutoutPathParserInfo={CutoutPathParserInfo{displayWidth=1080 displayHeight=2400 physicalDisplayWidth=1080 physicalDisplayHeight=2400 density={2.75} cutoutSpec={M 0,0 H -28 V 94 H 28 V 0 H 0 Z} rotation={0} scale={1.0} physicalPixelDisplaySizeRatio={1.0}}}}, touch INTERNAL, rotation 0, type INTERNAL, address {port=0, model=0x40368bd6e7ee6c}, deviceProductInfo DeviceProductInfo{name=MTKDEV, manufacturerPnpId=MTK, productId=35638, modelYear=null, manufactureDate=ManufactureDate{week=42, year=2021}, connectionToSinkType=0}, state ON, committedState ON, frameRateOverride , brightnessMinimum 0.0, brightnessMaximum 1.0, brightnessDefault 0.07496032, hdrSdrRatio NaN, roundedCorners RoundedCorners{[RoundedCorner{position=TopLeft, radius=70, center=Point(70, 70)}, RoundedCorner{position=TopRight, radius=70, center=Point(1010, 70)}, RoundedCorner{position=BottomRight, radius=70, center=Point(1010, 2330)}, RoundedCorner{position=BottomLeft, radius=70, center=Point(70, 2330)}]}, FLAG_ALLOWED_TO_BE_DEFAULT_DISPLAY, FLAG_ROTATES_WITH_CONTENT, FLAG_SECURE, FLAG_SUPPORTS_PROTECTED_BUFFERS, FLAG_TRUSTED, installOrientation 0, displayShape DisplayShape{ spec=-1893857183 displayWidth=1080 displayHeight=2400 physicalPixelDisplaySizeRatio=1.0 rotation=0 offsetX=0 offsetY=0 scale=1.0}}
10-10 12:31:11.984  1902  1938 D TAG     : Remove previously redundant display event 0/2 to 10321/6401
10-10 12:31:11.984  1902  1938 D TAG     : Remove previously redundant display event 0/2 to 10150/6423
10-10 12:31:11.984  1902  1938 D TAG     : Remove previously redundant display event 0/2 to 6101/17644
10-10 12:31:11.984  1902  1938 D TAG     : Remove previously redundant display event 0/2 to 10075/18053
10-10 12:31:11.984  1902  1938 D TAG     : Remove previously redundant display event 0/2 to 10097/18566
10-10 12:31:11.984  1902  1938 D TAG     : Remove previously redundant display event 0/2 to 10365/18910
10-10 12:31:11.984  1902  1938 D TAG     : Remove previously redundant display event 0/2 to 10132/21626
10-10 12:31:11.985  1902  1938 D TAG     : Remove previously redundant display event 0/2 to 10312/31305
10-10 12:31:12.006  1902  2612 I ProcessManager: getRenderThreadTidByPid, caller=1902
10-10 12:31:12.262  1556  1556 I wificond: station_bandwidth: 
10-10 12:31:15.289  1556  1556 I wificond: station_bandwidth: 
10-10 12:31:17.656  1902  2612 I ProcessManager: getRenderThreadTidByPid, caller=1902
10-10 12:31:17.745  1902  2612 I ProcessManager: getRenderThreadTidByPid, caller=1902
10-10 12:31:18.318  1556  1556 I wificond: station_bandwidth: 
10-10 12:31:18.688  1902  2612 I ProcessManager: getRenderThreadTidByPid, caller=1902
10-10 12:31:18.909  1902  2336 D AlarmManager: mBroadcastRefCount -> 1
10-10 12:31:18.916  1902  1954 W ProcessStats: Tracking association SourceState{b813b1d com.miui.securitycenter.remote/1000 Fgs #349866} whose proc state 3 is better than process ProcessState{3bbc40b com.miui.analytics/10101 pkg=com.miui.analytics} proc state 5 (25 skipped)
10-10 12:31:18.917  1902  1902 I ExtM    : mark duration up to 2m , try to mark.
10-10 12:31:18.917  1902  1902 D MFZ     : Start Mark
10-10 12:31:18.919  1902  2699 D ExtM    : Start marking ...
10-10 12:31:18.919  1902  2699 W ExtM    : Mark thread start 
10-10 12:31:18.923   640 14937 D vold    : mark task started
10-10 12:31:18.924 14941 14941 D vold    :  mark Pid = 14941
10-10 12:31:18.929 14941 14941 D vold    : set cpu affinity policy success
10-10 12:31:18.988  1902  1902 D MFZ     : Mark Finshed ! idle_stats: 29 65 0 1 91 97 205 0 0 41142
10-10 12:31:18.991  1902  1902 D AlarmManager: mBroadcastRefCount -> 0
10-10 12:31:18.991  1902  1902 D AlarmManager: mPendingIntent -> PendingIntent{4e0a071: PendingIntentRecord{74037aa android broadcastIntent}}
10-10 12:31:19.011 14941 14941 D vold    :  success write all > /sys/block/zram0/idle
10-10 12:31:19.424   640 14937 D vold    : mark process has been finished in normal with status: 0
10-10 12:31:19.424   640 14937 D vold    :  listener->onFinished 
10-10 12:31:19.425  1902  3317 W ExtM    : Mark finished with status: 0
10-10 12:31:21.334  1556  1556 I wificond: station_bandwidth: 
10-10 12:31:24.359  1556  1556 I wificond: station_bandwidth: 
10-10 12:31:27.389  1556  1556 I wificond: station_bandwidth: 
10-10 12:31:27.633  1902  1947 D HeapUsage Monitor: HeapAllocSize : 86MB; monitorSize : 500MB
10-10 12:31:28.543  1902 23179 D PackageParserImpl: dump dex file,file message: base.vdex: 6507Kb 
10-10 12:31:28.680  1902 23179 D PackageParserImpl: dump dex file,file message: base.vdex: 6507Kb 
10-10 12:31:28.930  1902  2323 W ProcessStats: Tracking association SourceState{f928bd com.xiaomi.mi_connect_service/1000 Fgs #349868} whose proc state 3 is better than process ProcessState{69b6b6 com.xiaomi.bluetooth/1002 pkg=com.xiaomi.bluetooth} proc state 8 (15 skipped)
10-10 12:31:29.371  1902 23179 D PackageParserImpl: dump dex file,file message: base.vdex: 8311Kb 
10-10 12:31:29.469  1902 23179 D PackageParserImpl: dump dex file,file message: base.vdex: 8311Kb 
10-10 12:31:30.098  1902 23179 D PackageParserImpl: dump dex file,file message: base.vdex: 1832Kb 
10-10 12:31:30.405  1556  1556 I wificond: station_bandwidth: 
10-10 12:31:32.232  1902  1938 I DisplayDeviceRepository: Display device changed: DisplayDeviceInfo{"Built-in Screen": uniqueId="local:4627039422300187648", 1080 x 2400, modeId 1, renderFrameRate 60.0, defaultModeId 2, supportedModes [{id=1, width=1080, height=2400, fps=60.0, alternativeRefreshRates=[30.000002, 90.0, 120.00001], supportedHdrTypes=[1, 2, 3, 4]}, {id=2, width=1080, height=2400, fps=120.00001, alternativeRefreshRates=[30.000002, 60.0, 90.0], supportedHdrTypes=[1, 2, 3, 4]}, {id=3, width=1080, height=2400, fps=90.0, alternativeRefreshRates=[30.000002, 60.0, 120.00001], supportedHdrTypes=[1, 2, 3, 4]}, {id=4, width=1080, height=2400, fps=30.000002, alternativeRefreshRates=[60.0, 90.0, 120.00001], supportedHdrTypes=[1, 2, 3, 4]}], colorMode 0, supportedColorModes [0, 7, 9], hdrCapabilities HdrCapabilities{mSupportedHdrTypes=[1, 2, 3, 4], mMaxLuminance=500.0, mMaxAverageLuminance=500.0, mMinLuminance=0.0}, allmSupported false, gameContentTypeSupported false, density 440, 394.409 x 394.409 dpi, appVsyncOff 2400001, presDeadline 28600000, cutout DisplayCutout{insets=Rect(0, 94 - 0, 0) waterfall=Insets{left=0, top=0, right=0, bottom=0} boundingRect={Bounds=[Rect(0, 0 - 0, 0), Rect(512, 0 - 568, 94), Rect(0, 0 - 0, 0), Rect(0, 0 - 0, 0)]} cutoutPathParserInfo={CutoutPathParserInfo{displayWidth=1080 displayHeight=2400 physicalDisplayWidth=1080 physicalDisplayHeight=2400 density={2.75} cutoutSpec={M 0,0 H -28 V 94 H 28 V 0 H 0 Z} rotation={0} scale={1.0} physicalPixelDisplaySizeRatio={1.0}}}}, touch INTERNAL, rotation 0, type INTERNAL, address {port=0, model=0x40368bd6e7ee6c}, deviceProductInfo DeviceProductInfo{name=MTKDEV, manufacturerPnpId=MTK, productId=35638, modelYear=null, manufactureDate=ManufactureDate{week=42, year=2021}, connectionToSinkType=0}, state ON, committedState ON, frameRateOverride , brightnessMinimum 0.0, brightnessMaximum 1.0, brightnessDefault 0.07496032, hdrSdrRatio NaN, roundedCorners RoundedCorners{[RoundedCorner{position=TopLeft, radius=70, center=Point(70, 70)}, RoundedCorner{position=TopRight, radius=70, center=Point(1010, 70)}, RoundedCorner{position=BottomRight, radius=70, center=Point(1010, 2330)}, RoundedCorner{position=BottomLeft, radius=70, center=Point(70, 2330)}]}, FLAG_ALLOWED_TO_BE_DEFAULT_DISPLAY, FLAG_ROTATES_WITH_CONTENT, FLAG_SECURE, FLAG_SUPPORTS_PROTECTED_BUFFERS, FLAG_TRUSTED, installOrientation 0, displayShape DisplayShape{ spec=-1893857183 displayWidth=1080 displayHeight=2400 physicalPixelDisplaySizeRatio=1.0 rotation=0 offsetX=0 offsetY=0 scale=1.0}}
10-10 12:31:32.234  1902  1938 D TAG     : Remove previously redundant display event 0/2 to 10321/6401
10-10 12:31:32.234  1902  1938 D TAG     : Remove previously redundant display event 0/2 to 10150/6423
10-10 12:31:32.235  1902  1938 D TAG     : Remove previously redundant display event 0/2 to 6101/17644
10-10 12:31:32.235  1902  1938 D TAG     : Remove previously redundant display event 0/2 to 10075/18053
10-10 12:31:32.235  1902  1938 D TAG     : Remove previously redundant display event 0/2 to 10097/18566
10-10 12:31:32.235  1902  1938 D TAG     : Remove previously redundant display event 0/2 to 10365/18910
10-10 12:31:32.235  1902  1938 D TAG     : Remove previously redundant display event 0/2 to 10132/21626
10-10 12:31:32.235  1902  1938 D TAG     : Remove previously redundant display event 0/2 to 10312/31305
10-10 12:31:32.693  1902 22704 D PackageParserImpl: dump dex file,file message: base.art: 1753Kb base.odex: 11235Kb base.vdex: 577Kb 
10-10 12:31:33.033  1902 22704 D PackageParserImpl: dump dex file,file message: base.art: 1753Kb base.odex: 11235Kb base.vdex: 577Kb 
10-10 12:31:33.437  1556  1556 I wificond: station_bandwidth: 
10-10 12:31:36.467  1556  1556 I wificond: station_bandwidth: 
10-10 12:31:37.257  1902 22704 D PackageParserImpl: dump dex file,file message: base.art: 1753Kb base.odex: 11235Kb base.vdex: 577Kb 
10-10 12:31:37.448  1902 22704 I ActivityManager: Force stopping eu.europa.ec.euidi appid=10390 user=0: from process:15071
10-10 12:31:37.449  1902 22704 D CompatibilityChangeReporter: Compat change id reported: 197654537; UID 10190; state: ENABLED
10-10 12:31:37.457  1902 22704 I AppsFilter: interaction: PackageSetting{1141c0b com.android.microdroid.empty_payload/10336} -> PackageSetting{959ad15 eu.europa.ec.euidi/10390} BLOCKED
10-10 12:31:37.457  1902 22704 I AppsFilter: interaction: PackageSetting{2f03501 io.appium.uiautomator2.server.test/10379} -> PackageSetting{959ad15 eu.europa.ec.euidi/10390} BLOCKED
10-10 12:31:37.457  1902 22704 I AppsFilter: interaction: PackageSetting{330fa6 com.fido.asm/10112} -> PackageSetting{959ad15 eu.europa.ec.euidi/10390} BLOCKED
10-10 12:31:37.458  1902 22704 I AppsFilter: interaction: PackageSetting{4e66de7 io.appium.uiautomator2.server/10378} -> PackageSetting{959ad15 eu.europa.ec.euidi/10390} BLOCKED
10-10 12:31:37.458  1902 22704 I AppsFilter: interaction: PackageSetting{3435d94 io.appium.settings/10326} -> PackageSetting{959ad15 eu.europa.ec.euidi/10390} BLOCKED
10-10 12:31:37.685  1902  2304 I ActivityManager: clearApplicationUserData eu.europa.ec.euidi appid=10390 user=0 from u2000/15076
10-10 12:31:37.685  1902  2304 I ActivityManager: Force stopping eu.europa.ec.euidi appid=10390 user=0: clear data
10-10 12:31:37.694  1902  2304 I PackageManager: clearApplicationUserData packageName: eu.europa.ec.euidi user: 0 from u1000/1902
10-10 12:31:37.699  1902  1954 I ActivityManager: Force stopping eu.europa.ec.euidi appid=10390 user=-1: clearApplicationUserData
10-10 12:31:37.727  1902  1990 D PermissionManager: writeLegacyPermissionState for user  in 23 ms.
10-10 12:31:37.784   691 15080 E keystore2: system/security/keystore2/src/gc.rs:139 - Error trying to delete blob entry. system/security/keystore2/src/gc.rs:129: Trying to invalidate key.
10-10 12:31:37.784   691 15080 E keystore2: 
10-10 12:31:37.784   691 15080 E keystore2: Caused by:
10-10 12:31:37.784   691 15080 E keystore2:     0: system/security/keystore2/src/globals.rs:167: Trying to invalidate key blob.
10-10 12:31:37.784   691 15080 E keystore2:     1: Error::Km(r#UNIMPLEMENTED)
10-10 12:31:37.784   691 15080 E keystore2: system/security/keystore2/src/gc.rs:139 - Error trying to delete blob entry. system/security/keystore2/src/gc.rs:129: Trying to invalidate key.
10-10 12:31:37.784   691 15080 E keystore2: 
10-10 12:31:37.784   691 15080 E keystore2: Caused by:
10-10 12:31:37.784   691 15080 E keystore2:     0: system/security/keystore2/src/globals.rs:167: Trying to invalidate key blob.
10-10 12:31:37.784   691 15080 E keystore2:     1: Error::Km(r#UNIMPLEMENTED)
10-10 12:31:37.784   691 15080 E keystore2: system/security/keystore2/src/gc.rs:139 - Error trying to delete blob entry. system/security/keystore2/src/gc.rs:129: Trying to invalidate key.
10-10 12:31:37.784   691 15080 E keystore2: 
10-10 12:31:37.784   691 15080 E keystore2: Caused by:
10-10 12:31:37.784   691 15080 E keystore2:     0: system/security/keystore2/src/globals.rs:167: Trying to invalidate key blob.
10-10 12:31:37.784   691 15080 E keystore2:     1: Error::Km(r#UNIMPLEMENTED)
10-10 12:31:37.784   691 15080 E keystore2: system/security/keystore2/src/gc.rs:139 - Error trying to delete blob entry. system/security/keystore2/src/gc.rs:129: Trying to invalidate key.
10-10 12:31:37.784   691 15080 E keystore2: 
10-10 12:31:37.784   691 15080 E keystore2: Caused by:
10-10 12:31:37.784   691 15080 E keystore2:     0: system/security/keystore2/src/globals.rs:167: Trying to invalidate key blob.
10-10 12:31:37.784   691 15080 E keystore2:     1: Error::Km(r#UNIMPLEMENTED)
10-10 12:31:37.784   691 15080 E keystore2: system/security/keystore2/src/gc.rs:139 - Error trying to delete blob entry. system/security/keystore2/src/gc.rs:129: Trying to invalidate key.
10-10 12:31:37.784   691 15080 E keystore2: 
10-10 12:31:37.784   691 15080 E keystore2: Caused by:
10-10 12:31:37.784   691 15080 E keystore2:     0: system/security/keystore2/src/globals.rs:167: Trying to invalidate key blob.
10-10 12:31:37.784   691 15080 E keystore2:     1: Error::Km(r#UNIMPLEMENTED)
10-10 12:31:37.784   691 15080 E keystore2: system/security/keystore2/src/gc.rs:139 - Error trying to delete blob entry. system/security/keystore2/src/gc.rs:129: Trying to invalidate key.
10-10 12:31:37.784   691 15080 E keystore2: 
10-10 12:31:37.784   691 15080 E keystore2: Caused by:
10-10 12:31:37.784   691 15080 E keystore2:     0: system/security/keystore2/src/globals.rs:167: Trying to invalidate key blob.
10-10 12:31:37.784   691 15080 E keystore2:     1: Error::Km(r#UNIMPLEMENTED)
10-10 12:31:37.784   691 15080 E keystore2: system/security/keystore2/src/gc.rs:139 - Error trying to delete blob entry. system/security/keystore2/src/gc.rs:129: Trying to invalidate key.
10-10 12:31:37.784   691 15080 E keystore2: 
10-10 12:31:37.784   691 15080 E keystore2: Caused by:
10-10 12:31:37.784   691 15080 E keystore2:     0: system/security/keystore2/src/globals.rs:167: Trying to invalidate key blob.
10-10 12:31:37.784   691 15080 E keystore2:     1: Error::Km(r#UNIMPLEMENTED)
10-10 12:31:37.784   691 15080 E keystore2: system/security/keystore2/src/gc.rs:139 - Error trying to delete blob entry. system/security/keystore2/src/gc.rs:129: Trying to invalidate key.
10-10 12:31:37.784   691 15080 E keystore2: 
10-10 12:31:37.784   691 15080 E keystore2: Caused by:
10-10 12:31:37.784   691 15080 E keystore2:     0: system/security/keystore2/src/globals.rs:167: Trying to invalidate key blob.
10-10 12:31:37.784   691 15080 E keystore2:     1: Error::Km(r#UNIMPLEMENTED)
10-10 12:31:37.784  1902  1990 W PackageFreezer: Freeze package eu.europa.ec.euidi about 0.09 seconds for reason: clearApplicationUserData
10-10 12:31:37.784   691 15080 E keystore2: system/security/keystore2/src/gc.rs:139 - Error trying to delete blob entry. system/security/keystore2/src/gc.rs:129: Trying to invalidate key.
10-10 12:31:37.784   691 15080 E keystore2: 
10-10 12:31:37.784   691 15080 E keystore2: Caused by:
10-10 12:31:37.784   691 15080 E keystore2:     0: system/security/keystore2/src/globals.rs:167: Trying to invalidate key blob.
10-10 12:31:37.784   691 15080 E keystore2:     1: Error::Km(r#UNIMPLEMENTED)
10-10 12:31:37.785   691 15080 E keystore2: system/security/keystore2/src/gc.rs:139 - Error trying to delete blob entry. system/security/keystore2/src/gc.rs:129: Trying to invalidate key.
10-10 12:31:37.785   691 15080 E keystore2: 
10-10 12:31:37.785   691 15080 E keystore2: Caused by:
10-10 12:31:37.785   691 15080 E keystore2:     0: system/security/keystore2/src/globals.rs:167: Trying to invalidate key blob.
10-10 12:31:37.785   691 15080 E keystore2:     1: Error::Km(r#UNIMPLEMENTED)
10-10 12:31:37.785   691 15080 E keystore2: system/security/keystore2/src/gc.rs:139 - Error trying to delete blob entry. system/security/keystore2/src/gc.rs:129: Trying to invalidate key.
10-10 12:31:37.785   691 15080 E keystore2: 
10-10 12:31:37.785   691 15080 E keystore2: Caused by:
10-10 12:31:37.785   691 15080 E keystore2:     0: system/security/keystore2/src/globals.rs:167: Trying to invalidate key blob.
10-10 12:31:37.785   691 15080 E keystore2:     1: Error::Km(r#UNIMPLEMENTED)
10-10 12:31:37.785  1902  1990 I AppsFilter: interaction: PackageSetting{1141c0b com.android.microdroid.empty_payload/10336} -> PackageSetting{959ad15 eu.europa.ec.euidi/10390} BLOCKED
10-10 12:31:37.785  1902  1990 I AppsFilter: interaction: PackageSetting{2f03501 io.appium.uiautomator2.server.test/10379} -> PackageSetting{959ad15 eu.europa.ec.euidi/10390} BLOCKED
10-10 12:31:37.785  1902  1990 I AppsFilter: interaction: PackageSetting{330fa6 com.fido.asm/10112} -> PackageSetting{959ad15 eu.europa.ec.euidi/10390} BLOCKED
10-10 12:31:37.785  1902  1990 I AppsFilter: interaction: PackageSetting{4e66de7 io.appium.uiautomator2.server/10378} -> PackageSetting{959ad15 eu.europa.ec.euidi/10390} BLOCKED
10-10 12:31:37.785  1902  1990 I AppsFilter: interaction: PackageSetting{3435d94 io.appium.settings/10326} -> PackageSetting{959ad15 eu.europa.ec.euidi/10390} BLOCKED
10-10 12:31:37.786  1902  1990 I AppsFilter: interaction: PackageSetting{1141c0b com.android.microdroid.empty_payload/10336} -> PackageSetting{959ad15 eu.europa.ec.euidi/10390} BLOCKED
10-10 12:31:37.786  1902  1990 I AppsFilter: interaction: PackageSetting{2f03501 io.appium.uiautomator2.server.test/10379} -> PackageSetting{959ad15 eu.europa.ec.euidi/10390} BLOCKED
10-10 12:31:37.786  1902  1990 I AppsFilter: interaction: PackageSetting{330fa6 com.fido.asm/10112} -> PackageSetting{959ad15 eu.europa.ec.euidi/10390} BLOCKED
10-10 12:31:37.786  1902  1990 I AppsFilter: interaction: PackageSetting{4e66de7 io.appium.uiautomator2.server/10378} -> PackageSetting{959ad15 eu.europa.ec.euidi/10390} BLOCKED
10-10 12:31:37.786  1902  1990 I AppsFilter: interaction: PackageSetting{3435d94 io.appium.settings/10326} -> PackageSetting{959ad15 eu.europa.ec.euidi/10390} BLOCKED
10-10 12:31:37.809 22918 23839 W ContextImpl: Calling a method in the system process without a qualified user: android.app.ContextImpl.sendBroadcast:1246 android.content.ContextWrapper.sendBroadcast:520 mb.q.D:34 s2.j.x:27 s2.j.m:0 
10-10 12:31:37.812  1902  1954 I SmartPower: com.google.android.documentsui/10068(1756): idle->background(109373ms) R(broadcast start Intent { act=android.intent.action.PACKAGE_DATA_CLEARED dat=package: flg=0x5000010 (has extras) }) adj=915.
10-10 12:31:37.818  1902  1954 I SmartPower: com.android.vending:background/10184(14799): idle->background(109378ms) R(broadcast start Intent { act=android.intent.action.PACKAGE_DATA_CLEARED dat=package: flg=0x5000010 (has extras) }) adj=905.
10-10 12:31:37.839  1902 23257 D CompatibilityChangeReporter: Compat change id reported: 261072174; UID 10190; state: ENABLED
10-10 12:31:37.844  1902  1954 I SmartPower: com.google.android.permissioncontroller/10221(653): idle->background(109386ms) R(broadcast start Intent { act=android.intent.action.PACKAGE_DATA_CLEARED dat=package: flg=0x5000010 (has extras) }) adj=905.
10-10 12:31:37.864  1902  1954 I SmartPower: com.miui.home/10085(3001): idle->background(66498ms) R(broadcast start Intent { act=android.intent.action.PACKAGE_DATA_CLEARED dat=package: flg=0x5000010 (has extras) }) adj=100.
10-10 12:31:37.892  1902  1954 I SmartPower: com.microsoft.windowsintune.companyportal:omadm_client_process/10365(32113): idle->background(109402ms) R(broadcast start Intent { act=android.intent.action.PACKAGE_DATA_CLEARED dat=package: flg=0x5000010 (has extras) }) adj=905.
10-10 12:31:37.956  1902 22586 D PackageParserImpl: dump dex file,file message: base.art: 1753Kb base.odex: 11235Kb base.vdex: 577Kb 
10-10 12:31:37.960  1902  1954 I SmartPower: com.google.android.videos/10312(31305): idle->background(26634ms) R(broadcast start Intent { act=android.intent.action.PACKAGE_RESTARTED dat=package: flg=0x10 (has extras) }) adj=905.
10-10 12:31:38.275  1902 10935 I PowerManagerServiceImpl: Release wakelock: SCREEN_DIM_WAKE_LOCK           'UiAutomator2:ScreenKeeper' DISABLED ACQ=-1m49s652ms (uid=10378 pid=14419 pkg=io.appium.uiautomator2.server)
10-10 12:31:38.297  1902  1954 I SmartPower: com.mi.globalminusscreen/10076(31794): idle->background(64932ms) R(broadcast start Intent { act=android.intent.action.PACKAGE_DATA_CLEARED dat=package: flg=0x5000010 (has extras) }) adj=100.
10-10 12:31:38.711  1902 22586 D WindowManager: setParent old=Leaf:29:31@255176654,new=null,this window=WindowToken{94b9dce type=2032 android.os.Binder@f0702c9},callers=com.android.server.wm.WindowContainer.removeChild:840 com.android.server.wm.WindowContainer.removeImmediately:898 com.android.server.wm.WindowToken.setExiting:272 com.android.server.wm.DisplayContent.removeWindowToken:1666 com.android.server.wm.WindowManagerService.removeWindowToken:3428 com.android.server.wm.WindowManagerService$LocalService.removeWindowToken:8816 
10-10 12:31:38.718  1902 22586 W WindowMagnificationMgr: requestConnection duplicated request: connect=false, mConnectionState=DISCONNECTED
10-10 12:31:38.720  1902 22586 D AccessibilityManagerService: restoreCurrentUserForTestAutomationIfNeededLocked(): ignoring because device doesn't support visible background users
10-10 12:31:38.730  1902 10935 I ActivityManager: Force stopping io.appium.uiautomator2.server appid=10378 user=0: finished inst
10-10 12:31:38.738  1902  1938 D SettingsProvider: name:animator_duration_scale has changed to 0.0, because android android.provider.Settings$NameValueCache.putStringForUser:3162 android.provider.Settings$Global.putStringForUser:17046 android.provider.Settings$Global.putString:16887 android.provider.Settings$Global.putFloat:17236 com.android.server.wm.WindowManagerService$H.handleMessage:6151 android.os.Handler.dispatchMessage:106 android.os.Looper.loopOnce:222 android.os.Looper.loop:314 android.os.HandlerThread.run:67 com.android.server.ServiceThread.run:46 
10-10 12:31:38.738  1902 10935 E ActivityManager: Unable to freeze binder for 14419: java.lang.RuntimeException: Unable to freeze/unfreeze binder
10-10 12:31:38.739  1902  2611 E ProcessManager: error write exception log
10-10 12:31:38.743  1902  1936 D DisplayManagerService: Drop pending events for gone uid 10378
10-10 12:31:38.753  1902 10935 I ActivityManager: Killing 14419:io.appium.uiautomator2.server/u0a378 (adj 0): stop io.appium.uiautomator2.server due to finished inst
10-10 12:31:38.781  1902  1902 D BatterySaverPolicy: accessibility changed to false, updating policy.
10-10 12:31:38.889  1902  2304 I WakePathChecker: MIUILOG-WAKEPATH pushWakePathWhiteList: userId=0 size=6
10-10 12:31:39.412  1902  2304 I ActivityManager: Force stopping io.appium.uiautomator2.server.test appid=10379 user=0: from process:15168
10-10 12:31:39.418  1902  2304 W ProcessStats: Tracking association SourceState{b813b1d com.miui.securitycenter.remote/1000 Fgs #349924} whose proc state 3 is better than process ProcessState{3bbc40b com.miui.analytics/10101 pkg=com.miui.analytics} proc state 5 (123 skipped)
10-10 12:31:39.421  1902  2304 I AppsFilter: interaction: PackageSetting{1141c0b com.android.microdroid.empty_payload/10336} -> PackageSetting{2f03501 io.appium.uiautomator2.server.test/10379} BLOCKED
10-10 12:31:39.421  1902  2304 I AppsFilter: interaction: PackageSetting{330fa6 com.fido.asm/10112} -> PackageSetting{2f03501 io.appium.uiautomator2.server.test/10379} BLOCKED
10-10 12:31:39.421  1902  2304 I AppsFilter: interaction: PackageSetting{3435d94 io.appium.settings/10326} -> PackageSetting{2f03501 io.appium.uiautomator2.server.test/10379} BLOCKED
10-10 12:31:39.493  1556  1556 I wificond: station_bandwidth: 
10-10 12:31:39.821  1902  1938 D SettingsProvider: name:animator_duration_scale has changed to 0.0, because android android.provider.Settings$NameValueCache.putStringForUser:3162 android.provider.Settings$Global.putStringForUser:17046 android.provider.Settings$Global.putString:16887 android.provider.Settings$Global.putFloat:17236 com.android.server.wm.WindowManagerService$H.handleMessage:6151 android.os.Handler.dispatchMessage:106 android.os.Looper.loopOnce:222 android.os.Looper.loop:314 android.os.HandlerThread.run:67 com.android.server.ServiceThread.run:46 
10-10 12:31:39.822  1902  1938 D SettingsProvider: name:animator_duration_scale has changed to 0.0, because android android.provider.Settings$NameValueCache.putStringForUser:3162 android.provider.Settings$Global.putStringForUser:17046 android.provider.Settings$Global.putString:16887 android.provider.Settings$Global.putFloat:17236 com.android.server.wm.WindowManagerService$H.handleMessage:6151 android.os.Handler.dispatchMessage:106 android.os.Looper.loopOnce:222 android.os.Looper.loop:314 android.os.HandlerThread.run:67 com.android.server.ServiceThread.run:46 
10-10 12:31:39.823  1902  1938 D SettingsProvider: name:animator_duration_scale has changed to 0.0, because android android.provider.Settings$NameValueCache.putStringForUser:3162 android.provider.Settings$Global.putStringForUser:17046 android.provider.Settings$Global.putString:16887 android.provider.Settings$Global.putFloat:17236 com.android.server.wm.WindowManagerService$H.handleMessage:6151 android.os.Handler.dispatchMessage:106 android.os.Looper.loopOnce:222 android.os.Looper.loop:314 android.os.HandlerThread.run:67 com.android.server.ServiceThread.run:46 
10-10 12:31:39.823  1902  2304 I ActivityManager: Force stopping io.appium.uiautomator2.server appid=10378 user=0: start instr
10-10 12:31:39.829  1902  2304 D CompatibilityChangeReporter: Compat change id reported: 135634846; UID 10378; state: DISABLED
10-10 12:31:39.829  1902  2304 D CompatibilityChangeReporter: Compat change id reported: 177438394; UID 10378; state: DISABLED
10-10 12:31:39.829  1902  2304 D CompatibilityChangeReporter: Compat change id reported: 135772972; UID 10378; state: DISABLED
10-10 12:31:39.829  1902  2304 D CompatibilityChangeReporter: Compat change id reported: 135754954; UID 10378; state: ENABLED
10-10 12:31:39.830  1902  1955 D CompatibilityChangeReporter: Compat change id reported: 143937733; UID 10378; state: ENABLED
10-10 12:31:39.841  1902  2323 D CompatibilityChangeReporter: Compat change id reported: 265195908; UID 10378; state: ENABLED
10-10 12:31:39.858  1902  1955 I ActivityManager: Start proc 15182:io.appium.uiautomator2.server/u0a378 for added application io.appium.uiautomator2.server caller=android
10-10 12:31:39.902  1902  2304 I SmartPower: io.appium.uiautomator2.server/10378(15182): died->background(1164ms) R(process start ) adj=-10000.
10-10 12:31:39.903  1902  2304 D CompatibilityChangeReporter: Compat change id reported: 168419799; UID 10378; state: DISABLED
10-10 12:31:39.903  1902  2304 D CompatibilityChangeReporter: Compat change id reported: 273564678; UID 10378; state: DISABLED
10-10 12:31:39.905  1902  2600 D isUidValid: uid = 10378
10-10 12:31:39.935  1902 10935 I AppsFilter: interaction: PackageSetting{4e66de7 io.appium.uiautomator2.server/10378} -> PackageSetting{582c9b com.google.android.apps.subscriptions.red/10194} BLOCKED
10-10 12:31:39.935  1902 10935 I AppsFilter: interaction: PackageSetting{4e66de7 io.appium.uiautomator2.server/10378} -> PackageSetting{e046838 com.android.cts.priv.ctsshim/10218} BLOCKED
10-10 12:31:39.935  1902 10935 I AppsFilter: interaction: PackageSetting{4e66de7 io.appium.uiautomator2.server/10378} -> PackageSetting{2f1a011 com.google.android.youtube/10206} BLOCKED
10-10 12:31:39.935  1902 10935 I AppsFilter: interaction: PackageSetting{4e66de7 io.appium.uiautomator2.server/10378} -> PackageSetting{dcc8576 com.android.uwb.resources/10311} BLOCKED
10-10 12:31:39.935  1902 10935 I AppsFilter: interaction: PackageSetting{4e66de7 io.appium.uiautomator2.server/10378} -> PackageSetting{ebe496c com.android.internal.display.cutout.emulation.corner/10003} BLOCKED
10-10 12:31:39.935  1902 10935 I AppsFilter: interaction: PackageSetting{4e66de7 io.appium.uiautomator2.server/10378} -> PackageSetting{6ec5b35 com.android.internal.display.cutout.emulation.double/10007} BLOCKED
10-10 12:31:39.935  1902 10935 I AppsFilter: interaction: PackageSetting{4e66de7 io.appium.uiautomator2.server/10378} -> PackageSetting{3435d94 io.appium.settings/10326} BLOCKED
10-10 12:31:39.935  1902 10935 I AppsFilter: interaction: PackageSetting{4e66de7 io.appium.uiautomator2.server/10378} -> PackageSetting{2f777 com.google.android.googlequicksearchbox/10188} BLOCKED
10-10 12:31:39.935  1902 10935 I AppsFilter: interaction: PackageSetting{4e66de7 io.appium.uiautomator2.server/10378} -> PackageSetting{5b3cfe4 cn.wps.xiaomi.abroad.lite/10233} BLOCKED
10-10 12:31:39.935  1902 10935 I AppsFilter: interaction: PackageSetting{4e66de7 io.appium.uiautomator2.server/10378} -> PackageSetting{53f2c4d com.google.android.apps.googleassistant/10169} BLOCKED
10-10 12:31:39.935  1902 10935 I AppsFilter: interaction: PackageSetting{4e66de7 io.appium.uiautomator2.server/10378} -> PackageSetting{bf38302 com.google.android.onetimeinitializer/10170} BLOCKED
10-10 12:31:39.935  1902 10935 I AppsFilter: interaction: PackageSetting{4e66de7 io.appium.uiautomator2.server/10378} -> PackageSetting{e259413 com.google.android.ext.shared/10109} BLOCKED
10-10 12:31:39.936  1902 10935 I AppsFilter: interaction: PackageSetting{4e66de7 io.appium.uiautomator2.server/10378} -> PackageSetting{18ed617 com.android.internal.systemui.navbar.gestural_wide_back/10044} BLOCKED
10-10 12:31:39.936  1902 10935 I AppsFilter: interaction: PackageSetting{4e66de7 io.appium.uiautomator2.server/10378} -> PackageSetting{2d00650 com.android.virtualmachine.res/10335} BLOCKED
10-10 12:31:39.936  1902 10935 I AppsFilter: interaction: PackageSetting{4e66de7 io.appium.uiautomator2.server/10378} -> PackageSetting{65f4049 com.google.android.server.deviceconfig.resources/10026} BLOCKED
10-10 12:31:39.936  1902 10935 I AppsFilter: interaction: PackageSetting{4e66de7 io.appium.uiautomator2.server/10378} -> PackageSetting{d9acd4e com.google.android.apps.podcasts/10226} BLOCKED
10-10 12:31:39.936  1902 10935 I AppsFilter: interaction: PackageSetting{4e66de7 io.appium.uiautomator2.server/10378} -> PackageSetting{dcb5e6f com.android.htmlviewer/10113} BLOCKED
10-10 12:31:39.936  1902 10935 I AppsFilter: interaction: PackageSetting{4e66de7 io.appium.uiautomator2.server/10378} -> PackageSetting{f37377c com.google.android.health.connect.backuprestore/10339} BLOCKED
10-10 12:31:39.936  1902 10935 I AppsFilter: interaction: PackageSetting{4e66de7 io.appium.uiautomator2.server/10378} -> PackageSetting{3529805 com.google.android.apps.messaging/10181} BLOCKED
10-10 12:31:39.936  1902 10935 I AppsFilter: interaction: PackageSetting{4e66de7 io.appium.uiautomator2.server/10378} -> PackageSetting{d5a705a com.sfr.android.sfrjeux/10187} BLOCKED
10-10 12:31:39.936  1902 10935 I AppsFilter: interaction: PackageSetting{4e66de7 io.appium.uiautomator2.server/10378} -> PackageSetting{d59728b com.ironsource.appcloud.oobe.hutchison/10166} BLOCKED
10-10 12:31:39.936  1902 10935 I AppsFilter: interaction: PackageSetting{4e66de7 io.appium.uiautomator2.server/10378} -> PackageSetting{27e4f68 com.google.android.configupdater/10167} BLOCKED
10-10 12:31:39.936  1902 10935 I AppsFilter: interaction: PackageSetting{4e66de7 io.appium.uiautomator2.server/10378} -> PackageSetting{e1b7a com.google.android.overlay.modules.permissioncontroller/10020} BLOCKED
10-10 12:31:39.936  1902 10935 I AppsFilter: interaction: PackageSetting{4e66de7 io.appium.uiautomator2.server/10378} -> PackageSetting{e69af81 com.android.soundrecorder/10243} BLOCKED
10-10 12:31:39.936  1902 10935 I AppsFilter: interaction: PackageSetting{4e66de7 io.appium.uiautomator2.server/10378} -> PackageSetting{53f3826 com.altice.android.myapps/10185} BLOCKED
10-10 12:31:39.936  1902 10935 I AppsFilter: interaction: PackageSetting{4e66de7 io.appium.uiautomator2.server/10378} -> PackageSetting{26aac67 com.google.android.apps.safetyhub/10303} BLOCKED
10-10 12:31:39.936  1902 10935 I AppsFilter: interaction: PackageSetting{4e66de7 io.appium.uiautomator2.server/10378} -> PackageSetting{69cfa14 eu.europa.publications.quickborder/10370} BLOCKED
10-10 12:31:39.936  1902 10935 I AppsFilter: interaction: PackageSetting{4e66de7 io.appium.uiautomator2.server/10378} -> PackageSetting{ecb1d12 com.google.ar.core/10265} BLOCKED
10-10 12:31:39.936  1902 10935 I AppsFilter: interaction: PackageSetting{4e66de7 io.appium.uiautomator2.server/10378} -> PackageSetting{480c2bd com.android.simappdialog/10144} BLOCKED
10-10 12:31:39.936  1902 10935 I AppsFilter: interaction: PackageSetting{4e66de7 io.appium.uiautomator2.server/10378} -> PackageSetting{156b0b2 com.aura.oobe.vodafone/10165} BLOCKED
10-10 12:31:39.936  1902 10935 I AppsFilter: interaction: PackageSetting{4e66de7 io.appium.uiautomator2.server/10378} -> PackageSetting{1e7a5d com.android.internal.display.cutout.emulation.hole/10005} BLOCKED
10-10 12:31:39.936  1902 10935 I AppsFilter: interaction: PackageSetting{4e66de7 io.appium.uiautomator2.server/10378} -> PackageSetting{7309fd2 com.android.internal.display.cutout.emulation.tall/10010} BLOCKED
10-10 12:31:39.936  1902 10935 I AppsFilter: interaction: PackageSetting{4e66de7 io.appium.uiautomator2.server/10378} -> PackageSetting{ed238a3 com.google.android.overlay.healthconnect/10268} BLOCKED
10-10 12:31:39.936  1902 10935 I AppsFilter: interaction: PackageSetting{4e66de7 io.appium.uiautomator2.server/10378} -> PackageSetting{dd5f7a0 com.android.internal.systemui.navbar.threebutton/10040} BLOCKED
10-10 12:31:39.936  1902 10935 I AppsFilter: interaction: PackageSetting{4e66de7 io.appium.uiautomator2.server/10378} -> PackageSetting{76ba803 com.android.wifi.dialog/10290} BLOCKED
