10-10 12:39:41.130  1902  1917 I AppsFilter: interaction: PackageSetting{4e66de7 io.appium.uiautomator2.server/10378} -> PackageSetting{53b0aae de.telekom.tsc/10094} BLOCKED
10-10 12:39:41.130  1902  1917 I AppsFilter: interaction: PackageSetting{4e66de7 io.appium.uiautomator2.server/10378} -> PackageSetting{7f8c04f com.android.rkpdapp/10337} BLOCKED
10-10 12:39:41.130  1902  1917 I AppsFilter: interaction: PackageSetting{4e66de7 io.appium.uiautomator2.server/10378} -> PackageSetting{b9c23dc com.google.android.devicelockcontroller/10141} BLOCKED
10-10 12:39:41.130  1902  1917 I AppsFilter: interaction: PackageSetting{4e66de7 io.appium.uiautomator2.server/10378} -> PackageSetting{c907ce5 com.google.android.dialer/10177} BLOCKED
10-10 12:39:41.130  1902  1917 I AppsFilter: interaction: PackageSetting{4e66de7 io.appium.uiautomator2.server/10378} -> PackageSetting{db123ba com.google.android.apps.nbu.files/10259} BLOCKED
10-10 12:39:41.131  1902  1917 I AppsFilter: interaction: PackageSetting{4e66de7 io.appium.uiautomator2.server/10378} -> PackageSetting{92b126b com.dti.telefonica/10186} BLOCKED
10-10 12:39:41.131  1902  1917 I AppsFilter: interaction: PackageSetting{4e66de7 io.appium.uiautomator2.server/10378} -> PackageSetting{b5a1c8 com.google.android.captiveportallogin/10105} BLOCKED
10-10 12:39:41.131  1902  1917 I AppsFilter: interaction: PackageSetting{4e66de7 io.appium.uiautomator2.server/10378} -> PackageSetting{cc6b3d com.google.android.overlay.gmsconfig.comms/10018} BLOCKED
10-10 12:39:41.131  1902  1917 I AppsFilter: interaction: PackageSetting{4e66de7 io.appium.uiautomator2.server/10378} -> PackageSetting{de46f32 com.google.android.overlay.gmsconfig.geotz/10014} BLOCKED
10-10 12:39:41.131  1902  1917 I AppsFilter: interaction: PackageSetting{4e66de7 io.appium.uiautomator2.server/10378} -> PackageSetting{d510261 com.google.android.appsearch.apk/10038} BLOCKED
10-10 12:39:41.131  1902  1917 I AppsFilter: interaction: PackageSetting{4e66de7 io.appium.uiautomator2.server/10378} -> PackageSetting{23dc186 com.google.ambient.streaming/10297} BLOCKED
10-10 12:39:41.131  1902  1917 I AppsFilter: interaction: PackageSetting{4e66de7 io.appium.uiautomator2.server/10378} -> PackageSetting{8e66a47 com.android.musicfx/10328} BLOCKED
10-10 12:39:41.131  1902  1917 I AppsFilter: interaction: PackageSetting{4e66de7 io.appium.uiautomator2.server/10378} -> PackageSetting{8671274 com.google.android.apps.docs/10242} BLOCKED
10-10 12:39:41.131  1902  1917 I AppsFilter: interaction: PackageSetting{4e66de7 io.appium.uiautomator2.server/10378} -> PackageSetting{dcbca55 com.google.android.apps.maps/10204} BLOCKED
10-10 12:39:41.131  1902  1917 I AppsFilter: interaction: PackageSetting{4e66de7 io.appium.uiautomator2.server/10378} -> PackageSetting{d430ce3 com.orange.update/10164} BLOCKED
10-10 12:39:41.131  1902  1917 I AppsFilter: interaction: PackageSetting{4e66de7 io.appium.uiautomator2.server/10378} -> PackageSetting{53a639d com.google.android.webview/10201} BLOCKED
10-10 12:39:41.131  1902  1917 I AppsFilter: interaction: PackageSetting{4e66de7 io.appium.uiautomator2.server/10378} -> PackageSetting{d125df com.google.android.overlay.modules.documentsui/10021} BLOCKED
10-10 12:39:41.131  1902  1917 I AppsFilter: interaction: PackageSetting{4e66de7 io.appium.uiautomator2.server/10378} -> PackageSetting{ca47012 com.google.android.contactkeys/10362} BLOCKED
10-10 12:39:41.131  1902  1917 I AppsFilter: interaction: PackageSetting{4e66de7 io.appium.uiautomator2.server/10378} -> PackageSetting{c1563e3 com.google.android.contacts/10189} BLOCKED
10-10 12:39:41.131  1902  1917 I AppsFilter: interaction: PackageSetting{4e66de7 io.appium.uiautomator2.server/10378} -> PackageSetting{e1ce1e0 com.microsoft.windowsintune.companyportal/10365} BLOCKED
10-10 12:39:41.131  1902  1917 I AppsFilter: interaction: PackageSetting{4e66de7 io.appium.uiautomator2.server/10378} -> PackageSetting{25e9c99 com.android.chrome/10190} BLOCKED
10-10 12:39:41.131  1902  1917 I AppsFilter: interaction: PackageSetting{4e66de7 io.appium.uiautomator2.server/10378} -> PackageSetting{d557b5e com.google.android.ims/10168} BLOCKED
10-10 12:39:41.131  1902  1917 I AppsFilter: interaction: PackageSetting{4e66de7 io.appium.uiautomator2.server/10378} -> PackageSetting{1b05b3f com.android.wifi.resources/10222} BLOCKED
10-10 12:39:41.131  1902  1917 I AppsFilter: interaction: PackageSetting{4e66de7 io.appium.uiautomator2.server/10378} -> PackageSetting{59e3c0c com.emanuelef.remote_capture/10323} BLOCKED
10-10 12:39:41.131  1902  1917 I AppsFilter: interaction: PackageSetting{4e66de7 io.appium.uiautomator2.server/10378} -> PackageSetting{7f36955 com.google.android.apps.walletnfcrel/10261} BLOCKED
10-10 12:39:41.131  1902  1917 I AppsFilter: interaction: PackageSetting{4e66de7 io.appium.uiautomator2.server/10378} -> PackageSetting{979ef6a com.google.android.partnersetup/10171} BLOCKED
10-10 12:39:41.131  1902  1917 I AppsFilter: interaction: PackageSetting{4e66de7 io.appium.uiautomator2.server/10378} -> PackageSetting{5d96c5b com.google.android.videos/10312} BLOCKED
10-10 12:39:41.131  1902  1917 I AppsFilter: interaction: PackageSetting{4e66de7 io.appium.uiautomator2.server/10378} -> PackageSetting{d3308e2 com.google.android.overlay.gmsconfig.asi/10266} BLOCKED
10-10 12:39:41.131  1902  1917 I AppsFilter: interaction: PackageSetting{4e66de7 io.appium.uiautomator2.server/10378} -> PackageSetting{c3bd473 com.google.android.overlay.gmsconfig.gsa/10013} BLOCKED
10-10 12:39:41.131  1902  1917 I AppsFilter: interaction: PackageSetting{4e66de7 io.appium.uiautomator2.server/10378} -> PackageSetting{5f90cf8 dev.firebase.appdistribution/10313} BLOCKED
10-10 12:39:41.131  1902  1917 I AppsFilter: interaction: PackageSetting{4e66de7 io.appium.uiautomator2.server/10378} -> PackageSetting{cf967a9 com.android.theme.font.notoserifsource/10009} BLOCKED
10-10 12:39:41.131  1902  1917 I AppsFilter: interaction: PackageSetting{4e66de7 io.appium.uiautomator2.server/10378} -> PackageSetting{cce45d1 com.google.android.safetycenter.resources/10220} BLOCKED
10-10 12:39:41.131  1902  1917 I AppsFilter: interaction: PackageSetting{4e66de7 io.appium.uiautomator2.server/10378} -> PackageSetting{97544cf com.android.internal.display.cutout.emulation.waterfall/10006} BLOCKED
10-10 12:39:41.131  1902  1917 I AppsFilter: interaction: PackageSetting{4e66de7 io.appium.uiautomator2.server/10378} -> PackageSetting{8ff8e5c com.android.internal.systemui.navbar.transparent/10316} BLOCKED
10-10 12:39:41.131  1902  1917 I AppsFilter: interaction: PackageSetting{4e66de7 io.appium.uiautomator2.server/10378} -> PackageSetting{dbf9836 com.google.android.connectivity.resources/10224} BLOCKED
10-10 12:39:41.131  1902  1917 I AppsFilter: interaction: PackageSetting{4e66de7 io.appium.uiautomator2.server/10378} -> PackageSetting{ab87337 com.google.android.feedback/10208} BLOCKED
10-10 12:39:41.131  1902  1917 I AppsFilter: interaction: PackageSetting{4e66de7 io.appium.uiautomator2.server/10378} -> PackageSetting{72e00a4 com.google.android.printservice.recommendation/10111} BLOCKED
10-10 12:39:41.131  1902  1917 I AppsFilter: interaction: PackageSetting{4e66de7 io.appium.uiautomator2.server/10378} -> PackageSetting{5a06e0d com.xiaomi.midrop/10229} BLOCKED
10-10 12:39:41.131  1902  1917 I AppsFilter: interaction: PackageSetting{4e66de7 io.appium.uiautomator2.server/10378} -> PackageSetting{1e501c2 com.google.android.apps.photos/10205} BLOCKED
10-10 12:39:41.131  1902  1917 I AppsFilter: interaction: PackageSetting{4e66de7 io.appium.uiautomator2.server/10378} -> PackageSetting{44ba49d com.google.android.calendar/10192} BLOCKED
10-10 12:39:41.131  1902  1917 I AppsFilter: interaction: PackageSetting{4e66de7 io.appium.uiautomator2.server/10378} -> PackageSetting{721d806 com.google.android.overlay.devicelockcontroller/10084} BLOCKED
10-10 12:39:41.131  1902  1917 I AppsFilter: interaction: PackageSetting{4e66de7 io.appium.uiautomator2.server/10378} -> PackageSetting{3170bd3 com.tencent.soter.soterserver/10160} BLOCKED
10-10 12:39:41.131  1902  1917 I AppsFilter: interaction: PackageSetting{4e66de7 io.appium.uiautomator2.server/10378} -> PackageSetting{e9c8310 com.google.android.documentsui/10068} BLOCKED
10-10 12:39:41.131  1902  1917 I AppsFilter: interaction: PackageSetting{4e66de7 io.appium.uiautomator2.server/10378} -> PackageSetting{7844c1d com.miui.permissioncontroller.overlay/10219} BLOCKED
10-10 12:39:41.131  1902  1917 I AppsFilter: interaction: PackageSetting{4e66de7 io.appium.uiautomator2.server/10378} -> PackageSetting{6f2de09 com.google.android.accessibility.switchaccess/10331} BLOCKED
10-10 12:39:41.131  1902  1917 I AppsFilter: interaction: PackageSetting{4e66de7 io.appium.uiautomator2.server/10378} -> PackageSetting{905780e com.android.providers.partnerbookmarks/10142} BLOCKED
10-10 12:39:41.131  1902  1917 I AppsFilter: interaction: PackageSetting{4e66de7 io.appium.uiautomator2.server/10378} -> PackageSetting{abc922f com.miui.calculator/10244} BLOCKED
10-10 12:39:41.131  1902  1917 I AppsFilter: interaction: PackageSetting{4e66de7 io.appium.uiautomator2.server/10378} -> PackageSetting{62ec03c com.android.wallpaper.livepicker/10114} BLOCKED
10-10 12:39:41.131  1902  1917 I AppsFilter: interaction: PackageSetting{4e66de7 io.appium.uiautomator2.server/10378} -> PackageSetting{ae251c5 com.android.apps.tag/10090} BLOCKED
10-10 12:39:41.131  1902  1917 I AppsFilter: interaction: PackageSetting{4e66de7 io.appium.uiautomator2.server/10378} -> PackageSetting{aa5071a com.android.imsserviceentitlement/10300} BLOCKED
10-10 12:39:41.131  1902  1917 I AppsFilter: interaction: PackageSetting{4e66de7 io.appium.uiautomator2.server/10378} -> PackageSetting{88a224b com.facebook.system/10093} BLOCKED
10-10 12:39:41.131  1902  1917 I AppsFilter: interaction: PackageSetting{4e66de7 io.appium.uiautomator2.server/10378} -> PackageSetting{a45a428 com.google.android.healthconnect.controller/10338} BLOCKED
10-10 12:39:41.131  1902  1917 I AppsFilter: interaction: PackageSetting{4e66de7 io.appium.uiautomator2.server/10378} -> PackageSetting{69b4541 com.android.bookmarkprovider/10102} BLOCKED
10-10 12:39:41.131  1902  1917 I AppsFilter: interaction: PackageSetting{4e66de7 io.appium.uiautomator2.server/10378} -> PackageSetting{19d7ae8 com.miui.weather2/10228} BLOCKED
10-10 12:39:41.131  1902  1917 I AppsFilter: interaction: PackageSetting{4e66de7 io.appium.uiautomator2.server/10378} -> PackageSetting{7c7ae6 org.mipay.android.manager/10157} BLOCKED
10-10 12:39:41.131  1902  1917 I AppsFilter: interaction: PackageSetting{4e66de7 io.appium.uiautomator2.server/10378} -> PackageSetting{6569827 com.google.android.apps.healthdata/10299} BLOCKED
10-10 12:39:41.131  1902  1917 I AppsFilter: interaction: PackageSetting{4e66de7 io.appium.uiautomator2.server/10378} -> PackageSetting{cb42d82 com.google.android.projection.gearhead/10163} BLOCKED
10-10 12:39:41.131  1902  1917 I AppsFilter: interaction: PackageSetting{4e66de7 io.appium.uiautomator2.server/10378} -> PackageSetting{aa17a70 eu.europa.ec.euidi/10390} BLOCKED
10-10 12:39:41.132  1902  1917 I AppsFilter: interaction: PackageSetting{4e66de7 io.appium.uiautomator2.server/10378} -> PackageSetting{a64dad4 com.xiaomi.scanner/10227} BLOCKED
10-10 12:39:41.132  1902  1917 I AppsFilter: interaction: PackageSetting{4e66de7 io.appium.uiautomator2.server/10378} -> PackageSetting{b95f47d com.google.android.apps.turbo/10180} BLOCKED
10-10 12:39:41.132  1902  1917 I AppsFilter: interaction: PackageSetting{4e66de7 io.appium.uiautomator2.server/10378} -> PackageSetting{5055f72 com.google.android.safetycore/10045} BLOCKED
10-10 12:39:41.132  1902  1917 I AppsFilter: interaction: PackageSetting{4e66de7 io.appium.uiautomator2.server/10378} -> PackageSetting{a8a8fc3 com.google.android.apps.chromecast.app/10260} BLOCKED
10-10 12:39:41.132  1902  1917 I AppsFilter: interaction: PackageSetting{4e66de7 io.appium.uiautomator2.server/10378} -> PackageSetting{3212c93 com.android.cts.ctsshim/10310} BLOCKED
10-10 12:39:41.132  1902  1917 I AppsFilter: interaction: PackageSetting{4e66de7 io.appium.uiautomator2.server/10378} -> PackageSetting{89ed040 com.miui.mediaeditor/10235} BLOCKED
10-10 12:39:41.132  1902  1917 I AppsFilter: interaction: PackageSetting{4e66de7 io.appium.uiautomator2.server/10378} -> PackageSetting{925b79 com.android.mdl.appreader/10274} BLOCKED
10-10 12:39:41.132  1902  1917 I AppsFilter: interaction: PackageSetting{4e66de7 io.appium.uiautomator2.server/10378} -> PackageSetting{ec600be com.miui.yellowpage/10077} BLOCKED
10-10 12:39:41.132  1902  1917 I AppsFilter: interaction: PackageSetting{4e66de7 io.appium.uiautomator2.server/10378} -> PackageSetting{f7c651f com.miui.accessibility/10122} BLOCKED
10-10 12:39:41.132  1902  1917 I AppsFilter: interaction: PackageSetting{4e66de7 io.appium.uiautomator2.server/10378} -> PackageSetting{1141c0b com.android.microdroid.empty_payload/10336} BLOCKED
10-10 12:39:41.132  1902  1917 I AppsFilter: interaction: PackageSetting{4e66de7 io.appium.uiautomator2.server/10378} -> PackageSetting{3c0b06c com.mi.global.shop/10232} BLOCKED
10-10 12:39:41.132  1902  1917 I AppsFilter: interaction: PackageSetting{4e66de7 io.appium.uiautomator2.server/10378} -> PackageSetting{e543635 com.google.android.apps.setupwizard.searchselector/10178} BLOCKED
10-10 12:39:41.132  1902  1917 I AppsFilter: interaction: PackageSetting{4e66de7 io.appium.uiautomator2.server/10378} -> PackageSetting{45d6aca com.android.hotspot2.osulogin/10223} BLOCKED
10-10 12:39:41.132  1902  1917 I AppsFilter: interaction: PackageSetting{4e66de7 io.appium.uiautomator2.server/10378} -> PackageSetting{48c343b com.google.android.gms.location.history/10191} BLOCKED
10-10 12:39:41.132  1902  1917 I AppsFilter: interaction: PackageSetting{4e66de7 io.appium.uiautomator2.server/10378} -> PackageSetting{bf5f59a com.android.internal.systemui.navbar.gestural/10041} BLOCKED
10-10 12:39:41.132  1902  1917 I AppsFilter: interaction: PackageSetting{4e66de7 io.appium.uiautomator2.server/10378} -> PackageSetting{7aaaecb com.google.android.overlay.gmsconfig.personalsafety/10269} BLOCKED
10-10 12:39:41.132  1902  1917 I AppsFilter: interaction: PackageSetting{4e66de7 io.appium.uiautomator2.server/10378} -> PackageSetting{83e6758 com.dti.bouyguestelecom/10183} BLOCKED
10-10 12:39:41.132  1902  1917 I AppsFilter: interaction: PackageSetting{4e66de7 io.appium.uiautomator2.server/10378} -> PackageSetting{c1f00b1 com.android.bluetoothmidiservice/10099} BLOCKED
10-10 12:39:41.132  1902  1917 I AppsFilter: interaction: PackageSetting{4e66de7 io.appium.uiautomator2.server/10378} -> PackageSetting{54f6996 com.facebook.appmanager/10150} BLOCKED
10-10 12:39:41.132  1902  1917 I AppsFilter: interaction: PackageSetting{4e66de7 io.appium.uiautomator2.server/10378} -> PackageSetting{4ffd917 com.google.android.cellbroadcastreceiver/10215} BLOCKED
10-10 12:39:41.132  1902  1917 I AppsFilter: interaction: PackageSetting{4e66de7 io.appium.uiautomator2.server/10378} -> PackageSetting{3dea104 com.orange.aura.oobe/10176} BLOCKED
10-10 12:39:41.132  1902  1917 I AppsFilter: interaction: PackageSetting{4e66de7 io.appium.uiautomator2.server/10378} -> PackageSetting{7f1f6ed com.xiaomi.smarthome/10342} BLOCKED
10-10 12:39:41.132  1902  1917 I AppsFilter: interaction: PackageSetting{4e66de7 io.appium.uiautomator2.server/10378} -> PackageSetting{3908922 com.google.android.apps.magazines/10240} BLOCKED
10-10 12:39:41.132  1902  1917 I AppsFilter: interaction: PackageSetting{4e66de7 io.appium.uiautomator2.server/10378} -> PackageSetting{9eefb3 com.google.android.apps.adm/10262} BLOCKED
10-10 12:39:41.132  1902  1917 I AppsFilter: interaction: PackageSetting{4e66de7 io.appium.uiautomator2.server/10378} -> PackageSetting{826c970 com.android.wallpaperpicker/10200} BLOCKED
10-10 12:39:41.132  1902  1917 I AppsFilter: interaction: PackageSetting{4e66de7 io.appium.uiautomator2.server/10378} -> PackageSetting{a948bf9 com.android.internal.systemui.navbar.gestural_narrow_back/10043} BLOCKED
10-10 12:39:41.132  1902  1917 I AppsFilter: interaction: PackageSetting{4e66de7 io.appium.uiautomator2.server/10378} -> PackageSetting{68414e9 com.google.android.photopicker/10011} BLOCKED
10-10 12:39:41.132  1902  1917 I AppsFilter: interaction: PackageSetting{4e66de7 io.appium.uiautomator2.server/10378} -> PackageSetting{9d2156e com.microsoft.teams/10321} BLOCKED
10-10 12:39:41.132  1902  1917 I AppsFilter: interaction: PackageSetting{4e66de7 io.appium.uiautomator2.server/10378} -> PackageSetting{20ed40f com.miui.core/10152} BLOCKED
10-10 12:39:41.132  1902  1917 I AppsFilter: interaction: PackageSetting{4e66de7 io.appium.uiautomator2.server/10378} -> PackageSetting{7870c9c com.google.android.inputmethod.latin/10196} BLOCKED
10-10 12:39:41.132  1902  1917 I AppsFilter: interaction: PackageSetting{4e66de7 io.appium.uiautomator2.server/10378} -> PackageSetting{70016a5 com.google.android.apps.restore/10174} BLOCKED
10-10 12:39:41.136  1902  1917 I AppsFilter: interaction: PackageSetting{4e66de7 io.appium.uiautomator2.server/10378} -> PackageSetting{582c9b com.google.android.apps.subscriptions.red/10194} BLOCKED
10-10 12:39:41.136  1902  1917 I AppsFilter: interaction: PackageSetting{4e66de7 io.appium.uiautomator2.server/10378} -> PackageSetting{e046838 com.android.cts.priv.ctsshim/10218} BLOCKED
10-10 12:39:41.136  1902  1917 I AppsFilter: interaction: PackageSetting{4e66de7 io.appium.uiautomator2.server/10378} -> PackageSetting{2f1a011 com.google.android.youtube/10206} BLOCKED
10-10 12:39:41.136  1902  1917 I AppsFilter: interaction: PackageSetting{4e66de7 io.appium.uiautomator2.server/10378} -> PackageSetting{dcc8576 com.android.uwb.resources/10311} BLOCKED
10-10 12:39:41.136  1902  1917 I AppsFilter: interaction: PackageSetting{4e66de7 io.appium.uiautomator2.server/10378} -> PackageSetting{ebe496c com.android.internal.display.cutout.emulation.corner/10003} BLOCKED
10-10 12:39:41.136  1902  1917 I AppsFilter: interaction: PackageSetting{4e66de7 io.appium.uiautomator2.server/10378} -> PackageSetting{6ec5b35 com.android.internal.display.cutout.emulation.double/10007} BLOCKED
10-10 12:39:41.136  1902  1917 I AppsFilter: interaction: PackageSetting{4e66de7 io.appium.uiautomator2.server/10378} -> PackageSetting{3435d94 io.appium.settings/10326} BLOCKED
10-10 12:39:41.137  1902  1917 I AppsFilter: interaction: PackageSetting{4e66de7 io.appium.uiautomator2.server/10378} -> PackageSetting{2f777 com.google.android.googlequicksearchbox/10188} BLOCKED
10-10 12:39:41.137  1902  1917 I AppsFilter: interaction: PackageSetting{4e66de7 io.appium.uiautomator2.server/10378} -> PackageSetting{5b3cfe4 cn.wps.xiaomi.abroad.lite/10233} BLOCKED
10-10 12:39:41.137  1902  1917 I AppsFilter: interaction: PackageSetting{4e66de7 io.appium.uiautomator2.server/10378} -> PackageSetting{53f2c4d com.google.android.apps.googleassistant/10169} BLOCKED
10-10 12:39:41.137  1902  1917 I AppsFilter: interaction: PackageSetting{4e66de7 io.appium.uiautomator2.server/10378} -> PackageSetting{bf38302 com.google.android.onetimeinitializer/10170} BLOCKED
10-10 12:39:41.137  1902  1917 I AppsFilter: interaction: PackageSetting{4e66de7 io.appium.uiautomator2.server/10378} -> PackageSetting{e259413 com.google.android.ext.shared/10109} BLOCKED
10-10 12:39:41.137  1902  1917 I AppsFilter: interaction: PackageSetting{4e66de7 io.appium.uiautomator2.server/10378} -> PackageSetting{18ed617 com.android.internal.systemui.navbar.gestural_wide_back/10044} BLOCKED
10-10 12:39:41.137  1902  1917 I AppsFilter: interaction: PackageSetting{4e66de7 io.appium.uiautomator2.server/10378} -> PackageSetting{2d00650 com.android.virtualmachine.res/10335} BLOCKED
10-10 12:39:41.137  1902  1917 I AppsFilter: interaction: PackageSetting{4e66de7 io.appium.uiautomator2.server/10378} -> PackageSetting{65f4049 com.google.android.server.deviceconfig.resources/10026} BLOCKED
10-10 12:39:41.137  1902  1917 I AppsFilter: interaction: PackageSetting{4e66de7 io.appium.uiautomator2.server/10378} -> PackageSetting{d9acd4e com.google.android.apps.podcasts/10226} BLOCKED
10-10 12:39:41.137  1902  1917 I AppsFilter: interaction: PackageSetting{4e66de7 io.appium.uiautomator2.server/10378} -> PackageSetting{dcb5e6f com.android.htmlviewer/10113} BLOCKED
10-10 12:39:41.137  1902  1917 I AppsFilter: interaction: PackageSetting{4e66de7 io.appium.uiautomator2.server/10378} -> PackageSetting{f37377c com.google.android.health.connect.backuprestore/10339} BLOCKED
10-10 12:39:41.137  1902  1917 I AppsFilter: interaction: PackageSetting{4e66de7 io.appium.uiautomator2.server/10378} -> PackageSetting{3529805 com.google.android.apps.messaging/10181} BLOCKED
10-10 12:39:41.137  1902  1917 I AppsFilter: interaction: PackageSetting{4e66de7 io.appium.uiautomator2.server/10378} -> PackageSetting{d5a705a com.sfr.android.sfrjeux/10187} BLOCKED
10-10 12:39:41.137  1902  1917 I AppsFilter: interaction: PackageSetting{4e66de7 io.appium.uiautomator2.server/10378} -> PackageSetting{d59728b com.ironsource.appcloud.oobe.hutchison/10166} BLOCKED
10-10 12:39:41.137  1902  1917 I AppsFilter: interaction: PackageSetting{4e66de7 io.appium.uiautomator2.server/10378} -> PackageSetting{27e4f68 com.google.android.configupdater/10167} BLOCKED
10-10 12:39:41.137  1902  1917 I AppsFilter: interaction: PackageSetting{4e66de7 io.appium.uiautomator2.server/10378} -> PackageSetting{e1b7a com.google.android.overlay.modules.permissioncontroller/10020} BLOCKED
10-10 12:39:41.137  1902  1917 I AppsFilter: interaction: PackageSetting{4e66de7 io.appium.uiautomator2.server/10378} -> PackageSetting{e69af81 com.android.soundrecorder/10243} BLOCKED
10-10 12:39:41.137  1902  1917 I AppsFilter: interaction: PackageSetting{4e66de7 io.appium.uiautomator2.server/10378} -> PackageSetting{53f3826 com.altice.android.myapps/10185} BLOCKED
10-10 12:39:41.137  1902  1917 I AppsFilter: interaction: PackageSetting{4e66de7 io.appium.uiautomator2.server/10378} -> PackageSetting{26aac67 com.google.android.apps.safetyhub/10303} BLOCKED
10-10 12:39:41.137  1902  1917 I AppsFilter: interaction: PackageSetting{4e66de7 io.appium.uiautomator2.server/10378} -> PackageSetting{69cfa14 eu.europa.publications.quickborder/10370} BLOCKED
10-10 12:39:41.137  1902  1917 I AppsFilter: interaction: PackageSetting{4e66de7 io.appium.uiautomator2.server/10378} -> PackageSetting{ecb1d12 com.google.ar.core/10265} BLOCKED
10-10 12:39:41.137  1902  1917 I AppsFilter: interaction: PackageSetting{4e66de7 io.appium.uiautomator2.server/10378} -> PackageSetting{480c2bd com.android.simappdialog/10144} BLOCKED
10-10 12:39:41.137  1902  1917 I AppsFilter: interaction: PackageSetting{4e66de7 io.appium.uiautomator2.server/10378} -> PackageSetting{156b0b2 com.aura.oobe.vodafone/10165} BLOCKED
10-10 12:39:41.137  1902  1917 I AppsFilter: interaction: PackageSetting{4e66de7 io.appium.uiautomator2.server/10378} -> PackageSetting{1e7a5d com.android.internal.display.cutout.emulation.hole/10005} BLOCKED
10-10 12:39:41.137  1902  1917 I AppsFilter: interaction: PackageSetting{4e66de7 io.appium.uiautomator2.server/10378} -> PackageSetting{7309fd2 com.android.internal.display.cutout.emulation.tall/10010} BLOCKED
10-10 12:39:41.137  1902  1917 I AppsFilter: interaction: PackageSetting{4e66de7 io.appium.uiautomator2.server/10378} -> PackageSetting{ed238a3 com.google.android.overlay.healthconnect/10268} BLOCKED
10-10 12:39:41.137  1902  1917 I AppsFilter: interaction: PackageSetting{4e66de7 io.appium.uiautomator2.server/10378} -> PackageSetting{dd5f7a0 com.android.internal.systemui.navbar.threebutton/10040} BLOCKED
10-10 12:39:41.137  1902  1917 I AppsFilter: interaction: PackageSetting{4e66de7 io.appium.uiautomator2.server/10378} -> PackageSetting{76ba803 com.android.wifi.dialog/10290} BLOCKED
10-10 12:39:41.137  1902  1917 I AppsFilter: interaction: PackageSetting{4e66de7 io.appium.uiautomator2.server/10378} -> PackageSetting{b59a380 com.android.hotwordenrollment.xgoogle/10173} BLOCKED
10-10 12:39:41.137  1902  1917 I AppsFilter: interaction: PackageSetting{4e66de7 io.appium.uiautomator2.server/10378} -> PackageSetting{9fbcdb9 com.android.mms/10301} BLOCKED
10-10 12:39:41.137  1902  1917 I AppsFilter: interaction: PackageSetting{4e66de7 io.appium.uiautomator2.server/10378} -> PackageSetting{efb25fe com.google.android.as/10296} BLOCKED
10-10 12:39:41.137  1902  1917 I AppsFilter: interaction: PackageSetting{4e66de7 io.appium.uiautomator2.server/10378} -> PackageSetting{6f6c15f com.google.android.gm/10197} BLOCKED
10-10 12:39:41.137  1902  1917 I AppsFilter: interaction: PackageSetting{4e66de7 io.appium.uiautomator2.server/10378} -> PackageSetting{47577ac com.android.compos.payload/10341} BLOCKED
10-10 12:39:41.137  1902  1917 I AppsFilter: interaction: PackageSetting{4e66de7 io.appium.uiautomator2.server/10378} -> PackageSetting{b828c75 com.google.android.apps.tachyon/10234} BLOCKED
10-10 12:39:41.137  1902  1917 I AppsFilter: interaction: PackageSetting{4e66de7 io.appium.uiautomator2.server/10378} -> PackageSetting{d871ab8 com.google.android.overlay.gmsconfig.common/10012} BLOCKED
10-10 12:39:41.137  1902  1917 I AppsFilter: interaction: PackageSetting{4e66de7 io.appium.uiautomator2.server/10378} -> PackageSetting{4dfa40a com.android.settings.intelligence/10179} BLOCKED
10-10 12:39:41.137  1902  1917 I AppsFilter: interaction: PackageSetting{4e66de7 io.appium.uiautomator2.server/10378} -> PackageSetting{ec8bbf6 com.android.internal.systemui.navbar.gestural_extra_wide_back/10042} BLOCKED
10-10 12:39:41.137  1902  1917 I AppsFilter: interaction: PackageSetting{4e66de7 io.appium.uiautomator2.server/10378} -> PackageSetting{f0147b com.miui.compass/10237} BLOCKED
10-10 12:39:41.137  1902  1917 I AppsFilter: interaction: PackageSetting{4e66de7 io.appium.uiautomator2.server/10378} -> PackageSetting{e986298 com.google.android.setupwizard/10211} BLOCKED
10-10 12:39:41.137  1902  1917 I AppsFilter: interaction: PackageSetting{4e66de7 io.appium.uiautomator2.server/10378} -> PackageSetting{e7c7af1 com.miui.android.fashiongallery/10231} BLOCKED
10-10 12:39:41.137  1902  1917 I AppsFilter: interaction: PackageSetting{4e66de7 io.appium.uiautomator2.server/10378} -> PackageSetting{fdbf6d6 com.facebook.services/10097} BLOCKED
10-10 12:39:41.137  1902  1917 I AppsFilter: interaction: PackageSetting{4e66de7 io.appium.uiautomator2.server/10378} -> PackageSetting{5617d57 com.android.printspooler/10135} BLOCKED
10-10 12:39:41.137  1902  1917 I AppsFilter: interaction: PackageSetting{4e66de7 io.appium.uiautomator2.server/10378} -> PackageSetting{6fd1044 com.android.hotwordenrollment.okgoogle/10172} BLOCKED
10-10 12:39:41.137  1902  1917 I AppsFilter: interaction: PackageSetting{4e66de7 io.appium.uiautomator2.server/10378} -> PackageSetting{d4cd52d com.google.android.apps.accessibility.auditor/10031} BLOCKED
10-10 12:39:41.137  1902  1917 I AppsFilter: interaction: PackageSetting{4e66de7 io.appium.uiautomator2.server/10378} -> PackageSetting{78aa62 org.ifaa.aidl.manager/10155} BLOCKED
10-10 12:39:41.137  1902  1917 I AppsFilter: interaction: PackageSetting{4e66de7 io.appium.uiautomator2.server/10378} -> PackageSetting{11697f3 com.android.dreams.basic/10098} BLOCKED
10-10 12:39:41.137  1902  1917 I AppsFilter: interaction: PackageSetting{4e66de7 io.appium.uiautomator2.server/10378} -> PackageSetting{1dcecb0 com.google.android.as.oss/10302} BLOCKED
10-10 12:39:41.137  1902  1917 I AppsFilter: interaction: PackageSetting{4e66de7 io.appium.uiautomator2.server/10378} -> PackageSetting{b4e9729 com.duokan.phone.remotecontroller/10241} BLOCKED
10-10 12:39:41.137  1902  1917 I AppsFilter: interaction: PackageSetting{4e66de7 io.appium.uiautomator2.server/10378} -> PackageSetting{53b0aae de.telekom.tsc/10094} BLOCKED
10-10 12:39:41.137  1902  1917 I AppsFilter: interaction: PackageSetting{4e66de7 io.appium.uiautomator2.server/10378} -> PackageSetting{7f8c04f com.android.rkpdapp/10337} BLOCKED
10-10 12:39:41.137  1902  1917 I AppsFilter: interaction: PackageSetting{4e66de7 io.appium.uiautomator2.server/10378} -> PackageSetting{b9c23dc com.google.android.devicelockcontroller/10141} BLOCKED
10-10 12:39:41.137  1902  1917 I AppsFilter: interaction: PackageSetting{4e66de7 io.appium.uiautomator2.server/10378} -> PackageSetting{c907ce5 com.google.android.dialer/10177} BLOCKED
10-10 12:39:41.138  1902  1917 I AppsFilter: interaction: PackageSetting{4e66de7 io.appium.uiautomator2.server/10378} -> PackageSetting{db123ba com.google.android.apps.nbu.files/10259} BLOCKED
10-10 12:39:41.138  1902  1917 I AppsFilter: interaction: PackageSetting{4e66de7 io.appium.uiautomator2.server/10378} -> PackageSetting{92b126b com.dti.telefonica/10186} BLOCKED
10-10 12:39:41.138  1902  1917 I AppsFilter: interaction: PackageSetting{4e66de7 io.appium.uiautomator2.server/10378} -> PackageSetting{b5a1c8 com.google.android.captiveportallogin/10105} BLOCKED
10-10 12:39:41.138  1902  1917 I AppsFilter: interaction: PackageSetting{4e66de7 io.appium.uiautomator2.server/10378} -> PackageSetting{cc6b3d com.google.android.overlay.gmsconfig.comms/10018} BLOCKED
10-10 12:39:41.138  1902  1917 I AppsFilter: interaction: PackageSetting{4e66de7 io.appium.uiautomator2.server/10378} -> PackageSetting{de46f32 com.google.android.overlay.gmsconfig.geotz/10014} BLOCKED
10-10 12:39:41.138  1902  1917 I AppsFilter: interaction: PackageSetting{4e66de7 io.appium.uiautomator2.server/10378} -> PackageSetting{d510261 com.google.android.appsearch.apk/10038} BLOCKED
10-10 12:39:41.138  1902  1917 I AppsFilter: interaction: PackageSetting{4e66de7 io.appium.uiautomator2.server/10378} -> PackageSetting{23dc186 com.google.ambient.streaming/10297} BLOCKED
10-10 12:39:41.138  1902  1917 I AppsFilter: interaction: PackageSetting{4e66de7 io.appium.uiautomator2.server/10378} -> PackageSetting{8e66a47 com.android.musicfx/10328} BLOCKED
10-10 12:39:41.138  1902  1917 I AppsFilter: interaction: PackageSetting{4e66de7 io.appium.uiautomator2.server/10378} -> PackageSetting{8671274 com.google.android.apps.docs/10242} BLOCKED
10-10 12:39:41.138  1902  1917 I AppsFilter: interaction: PackageSetting{4e66de7 io.appium.uiautomator2.server/10378} -> PackageSetting{dcbca55 com.google.android.apps.maps/10204} BLOCKED
10-10 12:39:41.138  1902  1917 I AppsFilter: interaction: PackageSetting{4e66de7 io.appium.uiautomator2.server/10378} -> PackageSetting{d430ce3 com.orange.update/10164} BLOCKED
10-10 12:39:41.138  1902  1917 I AppsFilter: interaction: PackageSetting{4e66de7 io.appium.uiautomator2.server/10378} -> PackageSetting{53a639d com.google.android.webview/10201} BLOCKED
10-10 12:39:41.138  1902  1917 I AppsFilter: interaction: PackageSetting{4e66de7 io.appium.uiautomator2.server/10378} -> PackageSetting{d125df com.google.android.overlay.modules.documentsui/10021} BLOCKED
10-10 12:39:41.138  1902  1917 I AppsFilter: interaction: PackageSetting{4e66de7 io.appium.uiautomator2.server/10378} -> PackageSetting{ca47012 com.google.android.contactkeys/10362} BLOCKED
10-10 12:39:41.138  1902  1917 I AppsFilter: interaction: PackageSetting{4e66de7 io.appium.uiautomator2.server/10378} -> PackageSetting{c1563e3 com.google.android.contacts/10189} BLOCKED
10-10 12:39:41.138  1902  1917 I AppsFilter: interaction: PackageSetting{4e66de7 io.appium.uiautomator2.server/10378} -> PackageSetting{e1ce1e0 com.microsoft.windowsintune.companyportal/10365} BLOCKED
10-10 12:39:41.138  1902  1917 I AppsFilter: interaction: PackageSetting{4e66de7 io.appium.uiautomator2.server/10378} -> PackageSetting{25e9c99 com.android.chrome/10190} BLOCKED
10-10 12:39:41.138  1902  1917 I AppsFilter: interaction: PackageSetting{4e66de7 io.appium.uiautomator2.server/10378} -> PackageSetting{d557b5e com.google.android.ims/10168} BLOCKED
10-10 12:39:41.138  1902  1917 I AppsFilter: interaction: PackageSetting{4e66de7 io.appium.uiautomator2.server/10378} -> PackageSetting{1b05b3f com.android.wifi.resources/10222} BLOCKED
10-10 12:39:41.138  1902  1917 I AppsFilter: interaction: PackageSetting{4e66de7 io.appium.uiautomator2.server/10378} -> PackageSetting{59e3c0c com.emanuelef.remote_capture/10323} BLOCKED
10-10 12:39:41.138  1902  1917 I AppsFilter: interaction: PackageSetting{4e66de7 io.appium.uiautomator2.server/10378} -> PackageSetting{7f36955 com.google.android.apps.walletnfcrel/10261} BLOCKED
10-10 12:39:41.138  1902  1917 I AppsFilter: interaction: PackageSetting{4e66de7 io.appium.uiautomator2.server/10378} -> PackageSetting{979ef6a com.google.android.partnersetup/10171} BLOCKED
10-10 12:39:41.138  1902  1917 I AppsFilter: interaction: PackageSetting{4e66de7 io.appium.uiautomator2.server/10378} -> PackageSetting{5d96c5b com.google.android.videos/10312} BLOCKED
10-10 12:39:41.138  1902  1917 I AppsFilter: interaction: PackageSetting{4e66de7 io.appium.uiautomator2.server/10378} -> PackageSetting{d3308e2 com.google.android.overlay.gmsconfig.asi/10266} BLOCKED
10-10 12:39:41.138  1902  1917 I AppsFilter: interaction: PackageSetting{4e66de7 io.appium.uiautomator2.server/10378} -> PackageSetting{c3bd473 com.google.android.overlay.gmsconfig.gsa/10013} BLOCKED
10-10 12:39:41.138  1902  1917 I AppsFilter: interaction: PackageSetting{4e66de7 io.appium.uiautomator2.server/10378} -> PackageSetting{5f90cf8 dev.firebase.appdistribution/10313} BLOCKED
10-10 12:39:41.138  1902  1917 I AppsFilter: interaction: PackageSetting{4e66de7 io.appium.uiautomator2.server/10378} -> PackageSetting{cf967a9 com.android.theme.font.notoserifsource/10009} BLOCKED
10-10 12:39:41.138  1902  1917 I AppsFilter: interaction: PackageSetting{4e66de7 io.appium.uiautomator2.server/10378} -> PackageSetting{cce45d1 com.google.android.safetycenter.resources/10220} BLOCKED
10-10 12:39:41.138  1902  1917 I AppsFilter: interaction: PackageSetting{4e66de7 io.appium.uiautomator2.server/10378} -> PackageSetting{97544cf com.android.internal.display.cutout.emulation.waterfall/10006} BLOCKED
10-10 12:39:41.138  1902  1917 I AppsFilter: interaction: PackageSetting{4e66de7 io.appium.uiautomator2.server/10378} -> PackageSetting{8ff8e5c com.android.internal.systemui.navbar.transparent/10316} BLOCKED
10-10 12:39:41.138  1902  1917 I AppsFilter: interaction: PackageSetting{4e66de7 io.appium.uiautomator2.server/10378} -> PackageSetting{dbf9836 com.google.android.connectivity.resources/10224} BLOCKED
10-10 12:39:41.138  1902  1917 I AppsFilter: interaction: PackageSetting{4e66de7 io.appium.uiautomator2.server/10378} -> PackageSetting{ab87337 com.google.android.feedback/10208} BLOCKED
10-10 12:39:41.138  1902  1917 I AppsFilter: interaction: PackageSetting{4e66de7 io.appium.uiautomator2.server/10378} -> PackageSetting{72e00a4 com.google.android.printservice.recommendation/10111} BLOCKED
10-10 12:39:41.138  1902  1917 I AppsFilter: interaction: PackageSetting{4e66de7 io.appium.uiautomator2.server/10378} -> PackageSetting{5a06e0d com.xiaomi.midrop/10229} BLOCKED
10-10 12:39:41.138  1902  1917 I AppsFilter: interaction: PackageSetting{4e66de7 io.appium.uiautomator2.server/10378} -> PackageSetting{1e501c2 com.google.android.apps.photos/10205} BLOCKED
10-10 12:39:41.138  1902  1917 I AppsFilter: interaction: PackageSetting{4e66de7 io.appium.uiautomator2.server/10378} -> PackageSetting{44ba49d com.google.android.calendar/10192} BLOCKED
10-10 12:39:41.138  1902  1917 I AppsFilter: interaction: PackageSetting{4e66de7 io.appium.uiautomator2.server/10378} -> PackageSetting{721d806 com.google.android.overlay.devicelockcontroller/10084} BLOCKED
10-10 12:39:41.138  1902  1917 I AppsFilter: interaction: PackageSetting{4e66de7 io.appium.uiautomator2.server/10378} -> PackageSetting{3170bd3 com.tencent.soter.soterserver/10160} BLOCKED
10-10 12:39:41.138  1902  1917 I AppsFilter: interaction: PackageSetting{4e66de7 io.appium.uiautomator2.server/10378} -> PackageSetting{e9c8310 com.google.android.documentsui/10068} BLOCKED
10-10 12:39:41.138  1902  1917 I AppsFilter: interaction: PackageSetting{4e66de7 io.appium.uiautomator2.server/10378} -> PackageSetting{7844c1d com.miui.permissioncontroller.overlay/10219} BLOCKED
10-10 12:39:41.138  1902  1917 I AppsFilter: interaction: PackageSetting{4e66de7 io.appium.uiautomator2.server/10378} -> PackageSetting{6f2de09 com.google.android.accessibility.switchaccess/10331} BLOCKED
10-10 12:39:41.138  1902  1917 I AppsFilter: interaction: PackageSetting{4e66de7 io.appium.uiautomator2.server/10378} -> PackageSetting{905780e com.android.providers.partnerbookmarks/10142} BLOCKED
10-10 12:39:41.138  1902  1917 I AppsFilter: interaction: PackageSetting{4e66de7 io.appium.uiautomator2.server/10378} -> PackageSetting{abc922f com.miui.calculator/10244} BLOCKED
10-10 12:39:41.138  1902  1917 I AppsFilter: interaction: PackageSetting{4e66de7 io.appium.uiautomator2.server/10378} -> PackageSetting{62ec03c com.android.wallpaper.livepicker/10114} BLOCKED
10-10 12:39:41.138  1902  1917 I AppsFilter: interaction: PackageSetting{4e66de7 io.appium.uiautomator2.server/10378} -> PackageSetting{ae251c5 com.android.apps.tag/10090} BLOCKED
10-10 12:39:41.138  1902  1917 I AppsFilter: interaction: PackageSetting{4e66de7 io.appium.uiautomator2.server/10378} -> PackageSetting{aa5071a com.android.imsserviceentitlement/10300} BLOCKED
10-10 12:39:41.138  1902  1917 I AppsFilter: interaction: PackageSetting{4e66de7 io.appium.uiautomator2.server/10378} -> PackageSetting{88a224b com.facebook.system/10093} BLOCKED
10-10 12:39:41.138  1902  1917 I AppsFilter: interaction: PackageSetting{4e66de7 io.appium.uiautomator2.server/10378} -> PackageSetting{a45a428 com.google.android.healthconnect.controller/10338} BLOCKED
10-10 12:39:41.138  1902  1917 I AppsFilter: interaction: PackageSetting{4e66de7 io.appium.uiautomator2.server/10378} -> PackageSetting{69b4541 com.android.bookmarkprovider/10102} BLOCKED
10-10 12:39:41.138  1902  1917 I AppsFilter: interaction: PackageSetting{4e66de7 io.appium.uiautomator2.server/10378} -> PackageSetting{19d7ae8 com.miui.weather2/10228} BLOCKED
10-10 12:39:41.138  1902  1917 I AppsFilter: interaction: PackageSetting{4e66de7 io.appium.uiautomator2.server/10378} -> PackageSetting{7c7ae6 org.mipay.android.manager/10157} BLOCKED
10-10 12:39:41.138  1902  1917 I AppsFilter: interaction: PackageSetting{4e66de7 io.appium.uiautomator2.server/10378} -> PackageSetting{6569827 com.google.android.apps.healthdata/10299} BLOCKED
10-10 12:39:41.139  1902  1917 I AppsFilter: interaction: PackageSetting{4e66de7 io.appium.uiautomator2.server/10378} -> PackageSetting{cb42d82 com.google.android.projection.gearhead/10163} BLOCKED
10-10 12:39:41.139  1902  1917 I AppsFilter: interaction: PackageSetting{4e66de7 io.appium.uiautomator2.server/10378} -> PackageSetting{aa17a70 eu.europa.ec.euidi/10390} BLOCKED
10-10 12:39:41.139  1902  1917 I AppsFilter: interaction: PackageSetting{4e66de7 io.appium.uiautomator2.server/10378} -> PackageSetting{a64dad4 com.xiaomi.scanner/10227} BLOCKED
10-10 12:39:41.139  1902  1917 I AppsFilter: interaction: PackageSetting{4e66de7 io.appium.uiautomator2.server/10378} -> PackageSetting{b95f47d com.google.android.apps.turbo/10180} BLOCKED
10-10 12:39:41.139  1902  1917 I AppsFilter: interaction: PackageSetting{4e66de7 io.appium.uiautomator2.server/10378} -> PackageSetting{5055f72 com.google.android.safetycore/10045} BLOCKED
10-10 12:39:41.139  1902  1917 I AppsFilter: interaction: PackageSetting{4e66de7 io.appium.uiautomator2.server/10378} -> PackageSetting{a8a8fc3 com.google.android.apps.chromecast.app/10260} BLOCKED
10-10 12:39:41.139  1902  1917 I AppsFilter: interaction: PackageSetting{4e66de7 io.appium.uiautomator2.server/10378} -> PackageSetting{3212c93 com.android.cts.ctsshim/10310} BLOCKED
10-10 12:39:41.139  1902  1917 I AppsFilter: interaction: PackageSetting{4e66de7 io.appium.uiautomator2.server/10378} -> PackageSetting{89ed040 com.miui.mediaeditor/10235} BLOCKED
10-10 12:39:41.139  1902  1917 I AppsFilter: interaction: PackageSetting{4e66de7 io.appium.uiautomator2.server/10378} -> PackageSetting{925b79 com.android.mdl.appreader/10274} BLOCKED
10-10 12:39:41.139  1902  1917 I AppsFilter: interaction: PackageSetting{4e66de7 io.appium.uiautomator2.server/10378} -> PackageSetting{ec600be com.miui.yellowpage/10077} BLOCKED
10-10 12:39:41.139  1902  1917 I AppsFilter: interaction: PackageSetting{4e66de7 io.appium.uiautomator2.server/10378} -> PackageSetting{f7c651f com.miui.accessibility/10122} BLOCKED
10-10 12:39:41.139  1902  1917 I AppsFilter: interaction: PackageSetting{4e66de7 io.appium.uiautomator2.server/10378} -> PackageSetting{1141c0b com.android.microdroid.empty_payload/10336} BLOCKED
10-10 12:39:41.139  1902  1917 I AppsFilter: interaction: PackageSetting{4e66de7 io.appium.uiautomator2.server/10378} -> PackageSetting{3c0b06c com.mi.global.shop/10232} BLOCKED
10-10 12:39:41.139  1902  1917 I AppsFilter: interaction: PackageSetting{4e66de7 io.appium.uiautomator2.server/10378} -> PackageSetting{e543635 com.google.android.apps.setupwizard.searchselector/10178} BLOCKED
10-10 12:39:41.139  1902  1917 I AppsFilter: interaction: PackageSetting{4e66de7 io.appium.uiautomator2.server/10378} -> PackageSetting{45d6aca com.android.hotspot2.osulogin/10223} BLOCKED
10-10 12:39:41.139  1902  1917 I AppsFilter: interaction: PackageSetting{4e66de7 io.appium.uiautomator2.server/10378} -> PackageSetting{48c343b com.google.android.gms.location.history/10191} BLOCKED
10-10 12:39:41.139  1902  1917 I AppsFilter: interaction: PackageSetting{4e66de7 io.appium.uiautomator2.server/10378} -> PackageSetting{bf5f59a com.android.internal.systemui.navbar.gestural/10041} BLOCKED
10-10 12:39:41.139  1902  1917 I AppsFilter: interaction: PackageSetting{4e66de7 io.appium.uiautomator2.server/10378} -> PackageSetting{7aaaecb com.google.android.overlay.gmsconfig.personalsafety/10269} BLOCKED
10-10 12:39:41.139  1902  1917 I AppsFilter: interaction: PackageSetting{4e66de7 io.appium.uiautomator2.server/10378} -> PackageSetting{83e6758 com.dti.bouyguestelecom/10183} BLOCKED
10-10 12:39:41.139  1902  1917 I AppsFilter: interaction: PackageSetting{4e66de7 io.appium.uiautomator2.server/10378} -> PackageSetting{c1f00b1 com.android.bluetoothmidiservice/10099} BLOCKED
10-10 12:39:41.139  1902  1917 I AppsFilter: interaction: PackageSetting{4e66de7 io.appium.uiautomator2.server/10378} -> PackageSetting{54f6996 com.facebook.appmanager/10150} BLOCKED
10-10 12:39:41.139  1902  1917 I AppsFilter: interaction: PackageSetting{4e66de7 io.appium.uiautomator2.server/10378} -> PackageSetting{4ffd917 com.google.android.cellbroadcastreceiver/10215} BLOCKED
10-10 12:39:41.139  1902  1917 I AppsFilter: interaction: PackageSetting{4e66de7 io.appium.uiautomator2.server/10378} -> PackageSetting{3dea104 com.orange.aura.oobe/10176} BLOCKED
10-10 12:39:41.139  1902  1917 I AppsFilter: interaction: PackageSetting{4e66de7 io.appium.uiautomator2.server/10378} -> PackageSetting{7f1f6ed com.xiaomi.smarthome/10342} BLOCKED
10-10 12:39:41.139  1902  1917 I AppsFilter: interaction: PackageSetting{4e66de7 io.appium.uiautomator2.server/10378} -> PackageSetting{3908922 com.google.android.apps.magazines/10240} BLOCKED
10-10 12:39:41.139  1902  1917 I AppsFilter: interaction: PackageSetting{4e66de7 io.appium.uiautomator2.server/10378} -> PackageSetting{9eefb3 com.google.android.apps.adm/10262} BLOCKED
10-10 12:39:41.139  1902  1917 I AppsFilter: interaction: PackageSetting{4e66de7 io.appium.uiautomator2.server/10378} -> PackageSetting{826c970 com.android.wallpaperpicker/10200} BLOCKED
10-10 12:39:41.139  1902  1917 I AppsFilter: interaction: PackageSetting{4e66de7 io.appium.uiautomator2.server/10378} -> PackageSetting{a948bf9 com.android.internal.systemui.navbar.gestural_narrow_back/10043} BLOCKED
10-10 12:39:41.139  1902  1917 I AppsFilter: interaction: PackageSetting{4e66de7 io.appium.uiautomator2.server/10378} -> PackageSetting{68414e9 com.google.android.photopicker/10011} BLOCKED
10-10 12:39:41.139  1902  1917 I AppsFilter: interaction: PackageSetting{4e66de7 io.appium.uiautomator2.server/10378} -> PackageSetting{9d2156e com.microsoft.teams/10321} BLOCKED
10-10 12:39:41.139  1902  1917 I AppsFilter: interaction: PackageSetting{4e66de7 io.appium.uiautomator2.server/10378} -> PackageSetting{20ed40f com.miui.core/10152} BLOCKED
10-10 12:39:41.139  1902  1917 I AppsFilter: interaction: PackageSetting{4e66de7 io.appium.uiautomator2.server/10378} -> PackageSetting{7870c9c com.google.android.inputmethod.latin/10196} BLOCKED
10-10 12:39:41.139  1902  1917 I AppsFilter: interaction: PackageSetting{4e66de7 io.appium.uiautomator2.server/10378} -> PackageSetting{70016a5 com.google.android.apps.restore/10174} BLOCKED
10-10 12:39:41.139  1902  2334 D VibratorManagerService: Vibration 1203 finished with EndInfo{status=FINISHED, endedBy=null}
10-10 12:39:41.143  1902  2304 D VibratorManagerService: Vibration 1203 on vibrator 0 complete, notifying thread
10-10 12:39:41.143  1902  2334 D VibratorManagerService: Reporting vibration 1203 finished with EndInfo{status=FINISHED, endedBy=null}
10-10 12:39:41.143  1902  2334 D VibratorManagerService: Vibration for uid=1000 and with attrs=VibrationAttributes: Usage=TOUCH Audio Usage= USAGE_UNKNOWN Flags=0 ended with status FINISHED
10-10 12:39:41.144  1902  2334 D VibratorManagerService: VibrationThread released after finished vibration
10-10 12:39:41.144  1902  2334 D VibratorManagerService: Processing VibrationThread released callback
10-10 12:39:41.247  1902  1917 I ActivityManager: Flag disabled. Ignoring finishAttachApplication from uid: 10378. pid: 18049
10-10 12:39:41.259  1902  1917 D CompatibilityChangeReporter: Compat change id reported: 161145287; UID 10378; state: DISABLED
10-10 12:39:41.513  1902  2612 I ProcessManager: getRenderThreadTidByPid, caller=1902
10-10 12:39:41.514  1902  1917 W MIUIInput: Input event injection from package: com.android.systemui action ACTION_DOWN keycode 82
10-10 12:39:41.515  1902  1917 W MiuiInputKeyEventLog: keyCode:82 down:true eventTime:116218899 downTime:116218899 policyFlags:2b000002 flags:80000048 metaState:0 deviceId:-1 isScreenOn:true keyguardActive:false repeatCount:0
10-10 12:39:41.515  1902  1917 D VibratorManagerService: Starting vibrate for vibration 1204
10-10 12:39:41.515  1902  1917 D VibratorManagerServiceImpl: attrs = VibrationAttributes: Usage=TOUCH Audio Usage= USAGE_UNKNOWN Flags=0, attrs.usage = 18
10-10 12:39:41.516  1902  1917 E VibratorManagerServiceImpl: skipandroid.os.RemoteException: Method setUsageExt is unimplemented.
10-10 12:39:41.518  1902  2351 W MiuiInputKeyEventLog: execute preloadRecentAppsInternal
10-10 12:39:41.521  2983  3075 D MiuiFreeformModeObserver: handleFreeFormReceiver intent=Intent { act=com.miui.fullscreen_state_change flg=0x10 (has extras) } ,action=com.miui.fullscreen_state_change
10-10 12:39:41.521  2983  3075 D MiuiFreeformModeObserver: ACTION_FULLSCREEN_STATE_CHANGE stateName: taskSnapshot
10-10 12:39:41.521  2983  3075 D MiuiFreeformModeController: snapshotAllFreeform
10-10 12:39:41.573  1902  1917 W MIUIInput: Input event injection from package: com.android.systemui action ACTION_UP keycode 82
10-10 12:39:41.573  1902  1917 W MiuiInputKeyEventLog: keyCode:82 down:false eventTime:116218958 downTime:116218899 policyFlags:2b000002 flags:80000048 metaState:0 deviceId:-1 isScreenOn:true keyguardActive:false repeatCount:0
10-10 12:39:41.575  1902  2351 W MiuiInputKeyEventLog: execute launchRecentPanelInternal
10-10 12:39:41.586  1902 15926 D MiuiMemoryInfoImpl: MEMINFO_KRECLAIMABLE: 283212, MEMINFO_SLAB_RECLAIMABLE: 142268, MEMINFO_BUFFERS: 1276, MEMINFO_CACHED: 1597412, MEMINFO_FREE: 320352
10-10 12:39:41.588  1902  2612 D SchedBoost: startBoostInternal 2000
10-10 12:39:41.589  1902  2334 D VibratorManagerService: Vibration 1204 finished with EndInfo{status=FINISHED, endedBy=null}
10-10 12:39:41.589  1902  2334 D VibratorManagerService: Reporting vibration 1204 finished with EndInfo{status=FINISHED, endedBy=null}
10-10 12:39:41.589  1902  2334 D VibratorManagerService: Vibration for uid=1000 and with attrs=VibrationAttributes: Usage=TOUCH Audio Usage= USAGE_UNKNOWN Flags=0 ended with status FINISHED
10-10 12:39:41.589  2983  3075 D MiuiFreeformModeObserver: handleFreeFormReceiver intent=Intent { act=com.miui.fullscreen_state_change flg=0x10 (has extras) } ,action=com.miui.fullscreen_state_change
10-10 12:39:41.589  1902 15926 D MiuiMemoryInfoImpl: cache: 2255106048, cachePss: 2517732352, lostcache: 0
10-10 12:39:41.589  2983  3075 D MiuiFreeformModeObserver: ACTION_FULLSCREEN_STATE_CHANGE stateName: toRecents
10-10 12:39:41.589  2983  3075 D MiuiFreeformModeController: allFreeformFromFreeformToMini
10-10 12:39:41.595  1902  2304 I SmartPower: com.miui.home/10085(3001): background->invisible(2352ms) R(become foreground) adj=100.
10-10 12:39:41.596  1902  2304 D WindowManager: Collecting in transition 1144: ActivityRecord{48fe2ec u0 com.miui.home/.launcher.Launcher init visibleRequested:false
10-10 12:39:41.596  1902  2304 D MiuiFreeFormManagerService: activeOrFullscreenFreeformTaskIfNeed startDefaultAr:false
10-10 12:39:41.598  1902  2304 D WindowManagerService: checkFlipFullScreenChange is same, nowIsFullScreen = false
10-10 12:39:41.599  1902 23267 D VibratorManagerService: Vibration 1204 on vibrator 0 complete, notifying thread
10-10 12:39:41.599  1902  2304 W WindowManager: Changing focus from Window{5b3462d u0 com.android.chrome/org.chromium.chrome.browser.ChromeTabbedActivity} to null displayId=0 Callers=com.android.server.wm.RootWindowContainer.updateFocusedWindowLocked:557 com.android.server.wm.WindowManagerService.updateFocusedWindowLocked:6962 com.android.server.wm.ActivityTaskManagerService.setLastResumedActivityUncheckLocked:5565 com.android.server.wm.ActivityRecord.moveFocusableActivityToTop:4045 
10-10 12:39:41.600  1902  2304 D WindowManager: wms.Input focus has changed to null display=0 updateInputWindows = true
10-10 12:39:41.600  1902  2304 I MultiSenceManagerInternalStub: getInstance
