10-10 12:45:51.384  1902 22706 W MIUIInput: Input event injection from package: null action ACTION_UP
10-10 12:45:51.514  1902 22706 W MIUIInput: Input event injection from package: null action ACTION_DOWN
10-10 12:45:51.518  1902  2612 I ProcessManager: getRenderThreadTidByPid, caller=1902
10-10 12:45:51.519  1902 22706 W MIUIInput: Input event injection from package: null action ACTION_UP
10-10 12:45:51.670  1902 23257 W MIUIInput: Input event injection from package: null action ACTION_DOWN
10-10 12:45:51.672  1902  2612 I ProcessManager: getRenderThreadTidByPid, caller=1902
10-10 12:45:51.673  1902 23257 W MIUIInput: Input event injection from package: null action ACTION_UP
10-10 12:45:51.940  1556  1556 I wificond: station_bandwidth: 
10-10 12:45:51.959  1902  2329 W ProcessStats: Tracking association SourceState{b813b1d com.miui.securitycenter.remote/1000 Fgs #353352} whose proc state 3 is better than process ProcessState{3bbc40b com.miui.analytics/10101 pkg=com.miui.analytics} proc state 5 (126 skipped)
10-10 12:45:52.062  1902  2620 I SmartPower: com.google.android.webview:sandboxed_process0:org.chromium.content.app.SandboxedPrbackground->idle(6006ms) R(remove from whitelist) adj=100.
10-10 12:45:52.488  1902 23266 W MIUIInput: Input event injection from package: null action ACTION_DOWN
10-10 12:45:52.491  1902  2612 I ProcessManager: getRenderThreadTidByPid, caller=1902
10-10 12:45:52.492  1902 23266 W MIUIInput: Input event injection from package: null action ACTION_UP
10-10 12:45:53.256  1902 23266 W MIUIInput: Input event injection from package: null action ACTION_DOWN
10-10 12:45:53.258  1902  2612 I ProcessManager: getRenderThreadTidByPid, caller=1902
10-10 12:45:53.262  1902 23266 W MIUIInput: Input event injection from package: null action ACTION_UP
10-10 12:45:53.280  1902 22706 I SmartPower: com.android.chrome:sandboxed_process0:org.chromium.content.app.SandboxedProcessSer-1->background(0ms) R(become background) adj=-10000.
10-10 12:45:53.281  1902  2776 I SmartPower: eu.europa.ec.euidi/10390(21164): idle->invisible(3871ms) R(become foreground) adj=700.
10-10 12:45:53.281  1902  2776 D WindowManager: Collecting in transition 1175: ActivityRecord{e71978d u0 eu.europa.ec.euidi/eu.europa.ec.assemblylogic.ui.MainActivity init visibleRequested:false
10-10 12:45:53.281  1902  2776 D MiuiFreeFormManagerService: activeOrFullscreenFreeformTaskIfNeed startDefaultAr:false
10-10 12:45:53.282  1902  2776 D MiuiFreeFormManagerService: onStartActivityInner as = Task{a20827f #516 type=standard A=10390:eu.europa.ec.euidi} op = null
10-10 12:45:53.282  1902  2776 D WindowManagerService: checkFlipFullScreenChange is same, nowIsFullScreen = false
10-10 12:45:53.283  1902  2776 W WindowManager: Changing focus from Window{5459952 u0 com.android.chrome/org.chromium.chrome.browser.ChromeTabbedActivity} to null displayId=0 Callers=com.android.server.wm.RootWindowContainer.updateFocusedWindowLocked:557 com.android.server.wm.WindowManagerService.updateFocusedWindowLocked:6962 com.android.server.wm.ActivityTaskManagerService.setLastResumedActivityUncheckLocked:5565 com.android.server.wm.ActivityRecord.moveFocusableActivityToTop:4045 
10-10 12:45:53.283  1902  2776 D WindowManager: wms.Input focus has changed to null display=0 updateInputWindows = true
10-10 12:45:53.283  1902  2776 I MultiSenceManagerInternalStub: getInstance
10-10 12:45:53.283  1902  2776 D WindowManager: setLockTaskAuth: task=Task{a20827f #516 type=standard A=10390:eu.europa.ec.euidi} mLockTaskAuth=LOCK_TASK_AUTH_PINNABLE
10-10 12:45:53.287  1902  2776 D WindowManager: Collecting in transition 1175: ActivityRecord{e71978d u0 eu.europa.ec.euidi/eu.europa.ec.assemblylogic.ui.MainActivity t-1} init visibleRequested:false
10-10 12:45:53.287  1902  2776 D WindowManager: Requesting StartTransition: TransitionRecord{698ad42 id=1175 type=OPEN flags=0x0}
10-10 12:45:53.288  1902  2776 I ActivityTaskManager: START u0 {act=android.intent.action.VIEW cat=[android.intent.category.BROWSABLE] dat=eudi-openid4vp:///... flg=0x14000000 cmp=eu.europa.ec.euidi/eu.europa.ec.assemblylogic.ui.MainActivity (has extras)} with LAUNCH_SINGLE_TASK from uid 10190 (BAL_ALLOW_VISIBLE_WINDOW) result code=2
10-10 12:45:53.289  2983  3075 I SoScUtils: monitorTransitionRequest mRequestOpenTransition:null mRequestOpenTriggerTask:-1 mRequestCloseTransition:null mRequestCloseTriggerTask:-1 mRequestCloseStageType:-1
10-10 12:45:53.289  1902  1955 D CompatibilityChangeReporter: Compat change id reported: 143937733; UID 10190; state: ENABLED
10-10 12:45:53.293  1902  2776 D WindowManager: Set transition=TransitionRecord{698ad42 id=1175 type=OPEN flags=0x0}, ready=false, SyncId=1175 used=true, override=false, defer=0, states=Display{#0 state=ON size=1080x2400 ROTATION_0}:false
10-10 12:45:53.293  2983  3075 D OneHandedController: stopOneHanded state is 0
10-10 12:45:53.293  2983  3075 D WindowManagerShell: onActivityRestartAttempt: ComponentInfo{eu.europa.ec.euidi/eu.europa.ec.assemblylogic.ui.MainActivity}
10-10 12:45:53.294  2983  3075 D MiuiFullScreenTaskRepository: removeFocusedTask displayId=0
10-10 12:45:53.294  2983  3075 D MiuiFullScreenTaskRepository: addOrUpdateFullScreenTaskInfo taskId=518, topActivity=ComponentInfo{com.android.chrome/org.chromium.chrome.browser.ChromeTabbedActivity}
10-10 12:45:53.294  2983  3075 D MiuiFullScreenTaskRepository: setFocusedTask taskId=516, displayId=0, topActivity=ComponentInfo{eu.europa.ec.euidi/eu.europa.ec.assemblylogic.ui.MainActivity}
10-10 12:45:53.294  2983  3075 D MiuiFullScreenTaskRepository: addOrUpdateFullScreenTaskInfo taskId=516, topActivity=ComponentInfo{eu.europa.ec.euidi/eu.europa.ec.assemblylogic.ui.MainActivity}
10-10 12:45:53.295  2983  3075 D MiuiDesktopModeController: onFocusTaskChanged newFocus: TaskInfo{userId=0 taskId=516 displayId=0 isRunning=true baseIntent=Intent { act=android.intent.action.MAIN cat=[android.intent.category.LAUNCHER] flg=0x10200000 cmp=eu.europa.ec.euidi/eu.europa.ec.assemblylogic.ui.MainActivity } baseActivity=ComponentInfo{eu.europa.ec.euidi/eu.europa.ec.assemblylogic.ui.MainActivity} topActivity=ComponentInfo{eu.europa.ec.euidi/eu.europa.ec.assemblylogic.ui.MainActivity} origActivity=null realActivity=ComponentInfo{eu.europa.ec.euidi/eu.europa.ec.assemblylogic.ui.MainActivity} numActivities=1 lastActiveTime=900616812 supportsSplitScreenMultiWindow=true supportsMultiWindow=true resizeMode=1 isResizeable=true minWidth=-1 minHeight=-1 defaultMinSize=200 token=WCT{android.window.IWindowContainerToken$Stub$Proxy@c7dbe51} topActivityType=1 pictureInPictureParams=null shouldDockBigOverlays=false launchIntoPipHostTaskId=-1 lastParentTaskIdBeforePip=-1 displayCutoutSafeInsets=Rect(0, 94 - 0, 0) topActivityInfo=ActivityInfo{52ce6b6 eu.europa.ec.assemblylogic.ui.MainActivity} launchCookies=[] positionInParent=Point(0, 0) parentTaskId=-1 isFocused=true isVisible=false isVisibleRequested=false isSleeping=false topActivityInSizeCompat=false topActivityEligibleForLetterboxEducation= false topActivityLetterboxed= false isFromDoubleTap= false topActivityLetterboxVerticalPosition= -1 topActivityLetterboxHorizontalPosition= -1 topActivityLetterboxWidth=-1 topActivityLetterboxHeight=-1 locusId=null displayAreaFeatureId=1 cameraCompatControlState=hidden mIsCastMode=false mTopActivityMediaSize=null mTopActivityRecordName=ActivityRecord{2dcb79e u0 eu.europa.ec.euidi/eu.europa.ec.assemblylogic.ui.MainActivity t516} mTopActivityOrientation=-2 mTopActivityWindowIsNowVisible=false isTranslucent=true isEmbedded=false shouldBeVisible=true isImmersive=false mBehindAppLockPkg=null mOriginatingUid=0}
10-10 12:45:53.295  2983  3075 D MiuiFreeformModeController: onFocusTaskChanged taskInfo: TaskInfo{userId=0 taskId=516 displayId=0 isRunning=true baseIntent=Intent { act=android.intent.action.MAIN cat=[android.intent.category.LAUNCHER] flg=0x10200000 cmp=eu.europa.ec.euidi/eu.europa.ec.assemblylogic.ui.MainActivity } baseActivity=ComponentInfo{eu.europa.ec.euidi/eu.europa.ec.assemblylogic.ui.MainActivity} topActivity=ComponentInfo{eu.europa.ec.euidi/eu.europa.ec.assemblylogic.ui.MainActivity} origActivity=null realActivity=ComponentInfo{eu.europa.ec.euidi/eu.europa.ec.assemblylogic.ui.MainActivity} numActivities=1 lastActiveTime=900616812 supportsSplitScreenMultiWindow=true supportsMultiWindow=true resizeMode=1 isResizeable=true minWidth=-1 minHeight=-1 defaultMinSize=200 token=WCT{android.window.IWindowContainerToken$Stub$Proxy@c7dbe51} topActivityType=1 pictureInPictureParams=null shouldDockBigOverlays=false launchIntoPipHostTaskId=-1 lastParentTaskIdBeforePip=-1 displayCutoutSafeInsets=Rect(0, 94 - 0, 0) topActivityInfo=ActivityInfo{52ce6b6 eu.europa.ec.assemblylogic.ui.MainActivity} launchCookies=[] positionInParent=Point(0, 0) parentTaskId=-1 isFocused=true isVisible=false isVisibleRequested=false isSleeping=false topActivityInSizeCompat=false topActivityEligibleForLetterboxEducation= false topActivityLetterboxed= false isFromDoubleTap= false topActivityLetterboxVerticalPosition= -1 topActivityLetterboxHorizontalPosition= -1 topActivityLetterboxWidth=-1 topActivityLetterboxHeight=-1 locusId=null displayAreaFeatureId=1 cameraCompatControlState=hidden mIsCastMode=false mTopActivityMediaSize=null mTopActivityRecordName=ActivityRecord{2dcb79e u0 eu.europa.ec.euidi/eu.europa.ec.assemblylogic.ui.MainActivity t516} mTopActivityOrientation=-2 mTopActivityWindowIsNowVisible=false isTranslucent=true isEmbedded=false shouldBeVisible=true isImmersive=false mBehindAppLockPkg=null mOriginatingUid=0}
10-10 12:45:53.312  1902 23266 D WindowManager: Collecting in transition 1175: ActivityRecord{2dcb79e u0 eu.europa.ec.euidi/eu.europa.ec.assemblylogic.ui.MainActivity t516} init visibleRequested:false
10-10 12:45:53.312  1902 23266 E Transition: Trying to add a ready-group twice: Display{#0 state=ON size=1080x2400 ROTATION_0}
10-10 12:45:53.313  1902 23266 D WindowManagerService: checkFlipFullScreenChange is same, nowIsFullScreen = false
10-10 12:45:53.314  1902 23266 D WindowManager: Collecting in transition 1175: ActivityRecord{61fb048 u0 com.android.chrome/org.chromium.chrome.browser.ChromeTabbedActivity t518} init visibleRequested:true
10-10 12:45:53.315  1902 23266 D WindowManager: Collecting in transition 1175: ActivityRecord{2dcb79e u0 eu.europa.ec.euidi/eu.europa.ec.assemblylogic.ui.MainActivity t516} init visibleRequested:true
10-10 12:45:53.315  1902 23266 D WindowManager: Set transition=TransitionRecord{698ad42 id=1175 type=OPEN flags=0x0}, ready=true, SyncId=1175 
10-10 12:45:53.317  1902 23266 I BLASTSyncEngine: SyncGroup 1175:  Unfinished container:ActivityRecord{2dcb79e u0 eu.europa.ec.euidi/eu.europa.ec.assemblylogic.ui.MainActivity t516}
10-10 12:45:53.317  1902 23266 I BLASTSyncEngine: isActivitySyncFinished isSyncFinished false ActivityRecord{2dcb79e u0 eu.europa.ec.euidi/eu.europa.ec.assemblylogic.ui.MainActivity t516}
10-10 12:45:53.324  2983  3075 D MiuiFullScreenTaskRepository: setFocusedTask taskId=516, displayId=0, topActivity=ComponentInfo{eu.europa.ec.euidi/eu.europa.ec.assemblylogic.ui.MainActivity}
10-10 12:45:53.324  2983  3075 D MiuiFullScreenTaskRepository: addOrUpdateFullScreenTaskInfo taskId=516, topActivity=ComponentInfo{eu.europa.ec.euidi/eu.europa.ec.assemblylogic.ui.MainActivity}
10-10 12:45:53.325  1902  1936 E MBrainLocalService: MBrainJava launch failed: SecurityException
10-10 12:45:53.326  1902  1936 D Aurogon :  uid = 10390 switch to FG
10-10 12:45:53.331  1902  1955 I ActivityManager: Start proc 21699:com.android.chrome:sandboxed_process0:org.chromium.content.app.SandboxedProcessService0:2/u0ai2 for  {com.android.chrome/org.chromium.content.app.SandboxedProcessService0:2} caller=com.android.chrome
10-10 12:45:53.351  2983  5522 D MiuiFreeformModeObserver: activityResumed() intent Intent { cmp=eu.europa.ec.euidi/eu.europa.ec.assemblylogic.ui.MainActivity (has extras) }
10-10 12:45:53.358  1902  2776 I BLASTSyncEngine: SyncGroup 1175:  Unfinished container:ActivityRecord{2dcb79e u0 eu.europa.ec.euidi/eu.europa.ec.assemblylogic.ui.MainActivity t516}
10-10 12:45:53.358  1902  2776 I BLASTSyncEngine: isActivitySyncFinished isSyncFinished false ActivityRecord{2dcb79e u0 eu.europa.ec.euidi/eu.europa.ec.assemblylogic.ui.MainActivity t516}
10-10 12:45:53.359  1902  2776 W WindowManager: Changing focus from null to Window{df772dc u0 eu.europa.ec.euidi/eu.europa.ec.assemblylogic.ui.MainActivity} displayId=0 Callers=com.android.server.wm.RootWindowContainer.updateFocusedWindowLocked:557 com.android.server.wm.WindowManagerService.updateFocusedWindowLocked:6962 com.android.server.wm.WindowManagerService.relayoutWindow:2951 com.android.server.wm.Session.relayout:266 
10-10 12:45:53.359  1902  2776 I WindowManager: cancelAnimation removed leash : Surface(name=Surface(name=81266ae StatusBar#86)/@0xb48dfdc - animation-leash of insets_animation#19526)/@0x9db39e7
10-10 12:45:53.360  1902  2776 I WindowManager: cancelAnimation removed leash : Surface(name=Surface(name=db27a2 NavigationBar0#82)/@0xc1acbf0 - animation-leash of insets_animation#19527)/@0x1c9cc3d
10-10 12:45:53.362  1902  2776 D WindowManager: wms.Input focus has changed to Window{df772dc u0 eu.europa.ec.euidi/eu.europa.ec.assemblylogic.ui.MainActivity} display=0 updateInputWindows = true
10-10 12:45:53.362  1902  2776 I MultiSenceManagerInternalStub: getInstance
10-10 12:45:53.362  1902  2776 I WindowManager: Relayout Window{df772dc u0 eu.europa.ec.euidi/eu.europa.ec.assemblylogic.ui.MainActivity}: oldVis=8 newVis=0 focusMayChange = true requestedWidth = 1080 requestedHeight = 2400 outFrames = ClientWindowFrames{frame=[0,0][1080,2400] display=[0,0][1080,2400] parentFrame=[0,0][0,0]} outSurfaceControl = Surface(name=eu.europa.ec.euidi/eu.europa.ec.assemblylogic.ui.MainActivity#19538)/@0x1884e66
10-10 12:45:53.379  1902  2776 W WindowManager: finishDrawingWindow: Window{df772dc u0 eu.europa.ec.euidi/eu.europa.ec.assemblylogic.ui.MainActivity} mDrawState=DRAW_PENDING
10-10 12:45:53.379  1902  2776 D WindowManager: wms.finishDrawingLocked: mDrawState=COMMIT_DRAW_PENDING Window{df772dc u0 eu.europa.ec.euidi/eu.europa.ec.assemblylogic.ui.MainActivity} in Surface(name=eu.europa.ec.euidi/eu.europa.ec.assemblylogic.ui.MainActivity#19538)/@0x47f2b45
10-10 12:45:53.386  1902  1902 D MBrainLocalService: isVendorFreezeConditionPass is false
10-10 12:45:53.386  1902  1902 E MBrainLocalService: notifyAppSwitch failed
10-10 12:45:53.388  1902  2600 D isUidValid: uid = 90002
10-10 12:45:53.391 21699 21699 E MQSEventManagerDelegate: failed to get MQSService.
10-10 12:45:53.391 21699 21699 W ActivityThread: registerApplicationScoutThread result:false
10-10 12:45:53.400  1902  1939 I SmartPower: eu.europa.ec.euidi/10390(21164): invisible->visible(119ms) R(become visible) adj=0.
10-10 12:45:53.401  1902  1939 W WindowManager: real show surface:Surface(name=eu.europa.ec.euidi/eu.europa.ec.assemblylogic.ui.MainActivity#19538)/@0x47f2b45
10-10 12:45:53.401  1902  1939 D WindowManager: Final targets: [Task{a20827f #516 type=standard A=10390:eu.europa.ec.euidi}, Task{2e42ee1 #518 type=standard A=10190:com.android.chrome}]
10-10 12:45:53.408 21699 21699 E ForceDarkHelperStubImpl: getForceDarkOriginState transact failed , mService: null
10-10 12:45:53.414  1902  1902 D MBrainLocalService: isVendorFreezeConditionPass is false
10-10 12:45:53.414  1902  1902 E MBrainLocalService: notifyAppSwitch failed
10-10 12:45:53.415  1902 23257 I ActivityManager: Flag disabled. Ignoring finishAttachApplication from uid: 90002. pid: 21699
10-10 12:45:53.422  1902  1939 D WindowManager: snapshot isNothing = false source = Task{2e42ee1 #518 type=standard A=10190:com.android.chrome}
10-10 12:45:53.424  1902  1939 D WindowManager: Calling onTransitionReady info={id=1175 t=OPEN f=0x0 trk=0 r=[0@Point(0, 0)] c=[{WCT{RemoteToken{be0281 Task{a20827f #516 type=standard A=10390:eu.europa.ec.euidi}}} m=TO_FRONT f=MOVE_TO_TOP leash=Surface(name=Task=516#19433)/@0xb54575a sb=Rect(0, 0 - 1080, 2400) eb=Rect(0, 0 - 1080, 2400) d=0},{WCT{RemoteToken{43eb1c1 Task{2e42ee1 #518 type=standard A=10190:com.android.chrome}}} m=TO_BACK f=NONE leash=Surface(name=Task=518#19452)/@0x33119a sb=Rect(0, 0 - 1080, 2400) eb=Rect(0, 0 - 1080, 2400) d=0}] noAni=[false] df=[false] mk=[true] nc=[0] oa=[false]}, mToken=Token{97aa29f TransitionRecord{698ad42 id=1175 type=OPEN flags=0x0}}
10-10 12:45:53.425  1902  1939 I BLASTSyncEngine: finishNow: after onTransactionReady, mSyncId=1175
10-10 12:45:53.431  2983  3075 D MiuiFreeformAnimation: startAnimation change: {WCT{android.window.IWindowContainerToken$Stub$Proxy@118b842} m=TO_FRONT f=MOVE_TO_TOP leash=Surface(name=Task=516#19433)/@0x92ddfb7 sb=Rect(0, 0 - 1080, 2400) eb=Rect(0, 0 - 1080, 2400) d=0} info.getType(): 1
10-10 12:45:53.431  2983  3075 I MiuiFreeformAnimation: isLaunchWidgetPicker=false,taskInfo.getWindowingMode()=1, taskInfo.getActivityType()=1
10-10 12:45:53.431  2983  3075 D MiuiFreeformAnimation: startAnimation change: {WCT{android.window.IWindowContainerToken$Stub$Proxy@4b6c053} m=TO_BACK f=NONE leash=Surface(name=Task=518#19452)/@0x13c3324 sb=Rect(0, 0 - 1080, 2400) eb=Rect(0, 0 - 1080, 2400) d=0} info.getType(): 1
10-10 12:45:53.431  2983  3075 W MiuiTaskTransitionHandler: Receive an unknown transition, token=android.os.BinderProxy@83755ea, type=1
10-10 12:45:53.432  2983  3075 D TransitionAnimationHelper:  load default animation  type = 1 enter = false animAttr = 9 isTask = true translucent = false
10-10 12:45:53.433  2983  3075 D TransitionAnimationHelper:  load default animation  type = 1 enter = true animAttr = 8 isTask = true translucent = false
10-10 12:45:53.434  2983  3092 D ShellTransitions: speed ui!!!!!!!!!!!
10-10 12:45:53.436  1902 23266 D SchedBoost: com.android.chrome boosting, skip reset priority
10-10 12:45:53.436  1902 23266 D SchedBoost: com.android.chrome:sandboxed_process0:org.chromium.content.app.SandboxedProcessService0:1 boosting, skip reset priority
10-10 12:45:53.437  2983  3075 D MiuiFullScreenTaskRepository: setFocusedTask taskId=516, displayId=0, topActivity=ComponentInfo{eu.europa.ec.euidi/eu.europa.ec.assemblylogic.ui.MainActivity}
10-10 12:45:53.437  2983  3075 D MiuiFullScreenTaskRepository: addOrUpdateFullScreenTaskInfo taskId=516, topActivity=ComponentInfo{eu.europa.ec.euidi/eu.europa.ec.assemblylogic.ui.MainActivity}
10-10 12:45:53.441  1902 23266 I ActivityManager: Killing 21699:com.android.chrome:sandboxed_process0:org.chromium.content.app.SandboxedProcessService0:2/u0a190i-8998 (adj 0): isolated not needed
10-10 12:45:53.443  2983  3075 D SoScUtils: monitorTransitionFinished transition:android.os.BinderProxy@83755ea transaction: android.view.SurfaceControl$Transaction@edbe6cb mRequestCloseTransition:null mRequestOpenTransition:null mPairsOpenTransition:null mPairsOpenTransitionNull:null mRequestOpenTriggerTask:-1 mRequestCloseTriggerTask:-1 mOrientationTransition: null mMainStartingTask:-1 mSideStartingTask:-1
10-10 12:45:53.449  1902  2776 I WindowManager: cancelAnimation removed leash : Surface(name=Surface(name=6a76de5 InputMethod#123)/@0xf2bd99 - animation-leash of insets_animation#19537)/@0x5aaff3a
10-10 12:45:53.455  1902 23266 W PackageConfigPersister: App-specific configuration not found for packageName: eu.europa.ec.euidi and userId: 0
10-10 12:45:53.463  2983  3075 D MiuiFullScreenTaskRepository: addOrUpdateFullScreenTaskInfo taskId=518, topActivity=ComponentInfo{com.android.chrome/org.chromium.chrome.browser.ChromeTabbedActivity}
10-10 12:45:53.466  1902  1936 D DisplayManagerService: Drop pending events for gone uid 90002
10-10 12:45:53.467  1902 23257 D SchedBoost: com.android.chrome:privileged_process0 boosting, skip reset priority
10-10 12:45:53.467  1902 23257 D SchedBoost: com.google.android.adservices.api boosting, skip reset priority
10-10 12:45:53.472  1902  1936 E MBrainLocalService: MBrainJava launch failed: SecurityException
10-10 12:45:53.473  1902  2323 D CompatibilityChangeReporter: Compat change id reported: 265195908; UID 10190; state: ENABLED
10-10 12:45:53.488  1902  3317 D CoreBackPreview: Window{5459952 u0 com.android.chrome/org.chromium.chrome.browser.ChromeTabbedActivity}: Setting back callback OnBackInvokedCallbackInfo{mCallback=android.window.IOnBackInvokedCallback$Stub$Proxy@c7ff4a2, mPriority=-1, mIsAnimationCallback=false}
10-10 12:45:53.491  1902  1938 I SmartPower: com.android.chrome/10190(21266): visible->invisible(7120ms) R(become invisible) adj=200.
10-10 12:45:53.491  1902  1938 I SmartPower: com.android.chrome:privileged_process0/10190(21389): invisible->background(7386ms) R(become background) adj=200.
10-10 12:45:53.491  1902  1938 I SmartPower: com.android.chrome/10190(21266): invisible->background(0ms) R(become background) adj=200.
10-10 12:45:53.519  1902  1936 D Aurogon :  uid = 10190 switch to BG
10-10 12:45:53.519  1902  2600 D isUidValid: uid = 10190
10-10 12:45:54.759  1902 23257 W MIUIInput: Input event injection from package: null action ACTION_DOWN
10-10 12:45:54.767  1902 23257 W MIUIInput: Input event injection from package: null action ACTION_UP
10-10 12:45:54.965  1556  1556 I wificond: station_bandwidth: 
10-10 12:45:55.340  1902 23257 W MIUIInput: Input event injection from package: null action ACTION_DOWN
10-10 12:45:55.345  1902 23257 W MIUIInput: Input event injection from package: null action ACTION_UP
10-10 12:45:55.350  1902 22706 D PerfShielderService: eu.europa.ec.euidi|eu.europa.ec.euidi/eu.europa.ec.assemblylogic.ui.MainActivity|154|116592313075487|122|5|3
10-10 12:45:55.350 22071 27042 W MiuiPerfServiceClient: interceptAndQueuing:21164|eu.europa.ec.euidi|154|122|116592313075487|Slow issue draw commands|3
10-10 12:45:55.369  1902 22706 W WindowManager: Changing focus from Window{df772dc u0 eu.europa.ec.euidi/eu.europa.ec.assemblylogic.ui.MainActivity} to Window{d8f75fa u0 eu.europa.ec.euidi/eu.europa.ec.assemblylogic.ui.MainActivity} displayId=0 Callers=com.android.server.wm.RootWindowContainer.updateFocusedWindowLocked:557 com.android.server.wm.WindowManagerService.updateFocusedWindowLocked:6962 com.android.server.wm.WindowManagerService.addWindow:2218 com.android.server.wm.Session.addToDisplayAsUser:231 
10-10 12:45:55.369  1902 22706 I WindowManager: cancelAnimation removed leash : Surface(name=Surface(name=81266ae StatusBar#86)/@0xb48dfdc - animation-leash of insets_animation#19539)/@0x7b657cb
10-10 12:45:55.372  1902 22706 I WindowManager: cancelAnimation removed leash : Surface(name=Surface(name=db27a2 NavigationBar0#82)/@0xc1acbf0 - animation-leash of insets_animation#19540)/@0x2ec36c1
10-10 12:45:55.375  1902 22706 D WindowManager: wms.Input focus has changed to Window{d8f75fa u0 eu.europa.ec.euidi/eu.europa.ec.assemblylogic.ui.MainActivity} display=0 updateInputWindows = false
10-10 12:45:55.375  1902 22706 I MultiSenceManagerInternalStub: getInstance
10-10 12:45:55.379  1902  1939 D WindowManager: wms.Focus not requested for window=Window{d8f75fa u0 eu.europa.ec.euidi/eu.europa.ec.assemblylogic.ui.MainActivity} because it has no surface or is not focusable.
10-10 12:45:55.393  1902  3317 D CoreBackPreview: Window{d8f75fa u0 eu.europa.ec.euidi/eu.europa.ec.assemblylogic.ui.MainActivity}: Setting back callback OnBackInvokedCallbackInfo{mCallback=android.window.IOnBackInvokedCallback$Stub$Proxy@332ca52, mPriority=0, mIsAnimationCallback=false}
10-10 12:45:55.416  1902 22706 W WindowManager: finishDrawingWindow: Window{d8f75fa u0 eu.europa.ec.euidi/eu.europa.ec.assemblylogic.ui.MainActivity} mDrawState=DRAW_PENDING
10-10 12:45:55.416  1902 22706 D WindowManager: wms.finishDrawingLocked: mDrawState=COMMIT_DRAW_PENDING Window{d8f75fa u0 eu.europa.ec.euidi/eu.europa.ec.assemblylogic.ui.MainActivity} in Surface(name=eu.europa.ec.euidi/eu.europa.ec.assemblylogic.ui.MainActivity#19548)/@0x8b6bd9
10-10 12:45:55.417  1902  1939 W WindowManager: real show surface:Surface(name=eu.europa.ec.euidi/eu.europa.ec.assemblylogic.ui.MainActivity#19548)/@0x8b6bd9
10-10 12:45:55.443  1902  3317 I WindowManager: cancelAnimation removed leash : Surface(name=Surface(name=6a76de5 InputMethod#123)/@0xf2bd99 - animation-leash of insets_animation#19544)/@0x54f5231
10-10 12:45:55.446  1902 22706 W PackageConfigPersister: App-specific configuration not found for packageName: eu.europa.ec.euidi and userId: 0
10-10 12:45:55.580  1902 23257 W MIUIInput: Input event injection from package: null action ACTION_DOWN
10-10 12:45:55.584  1902 23257 W MIUIInput: Input event injection from package: null action ACTION_UP
10-10 12:45:55.603  1902 23257 D CoreBackPreview: Window{d8f75fa u0 eu.europa.ec.euidi/eu.europa.ec.assemblylogic.ui.MainActivity}: Setting back callback null
10-10 12:45:55.608  1902 23257 D WindowManager: setParent old=ActivityRecord{2dcb79e u0 eu.europa.ec.euidi/eu.europa.ec.assemblylogic.ui.MainActivity t516},new=null,this window=Window{d8f75fa u0 eu.europa.ec.euidi/eu.europa.ec.assemblylogic.ui.MainActivity},callers=com.android.server.wm.WindowContainer.removeChild:840 com.android.server.wm.ActivityRecord.removeChild:5227 com.android.server.wm.ActivityRecord.removeChild:470 com.android.server.wm.WindowContainer.removeImmediately:898 com.android.server.wm.WindowState.removeImmediately:2538 com.android.server.wm.WindowState.removeIfPossible:2719 
10-10 12:45:55.609  1902 23257 I WindowManager: cancelAnimation removed leash : Surface(name=Surface(name=6a76de5 InputMethod#123)/@0xf2bd99 - animation-leash of insets_animation#19549)/@0xf3dec95
10-10 12:45:55.620  1902 23257 W WindowManager: Changing focus from Window{d8f75fa u0 eu.europa.ec.euidi/eu.europa.ec.assemblylogic.ui.MainActivity} to Window{df772dc u0 eu.europa.ec.euidi/eu.europa.ec.assemblylogic.ui.MainActivity} displayId=0 Callers=com.android.server.wm.RootWindowContainer.updateFocusedWindowLocked:557 com.android.server.wm.WindowManagerService.updateFocusedWindowLocked:6962 com.android.server.wm.RootWindowContainer.performSurfacePlacementNoTrace:881 com.android.server.wm.RootWindowContainer.performSurfacePlacement:863 
10-10 12:45:55.621  1902 23257 I WindowManager: cancelAnimation removed leash : Surface(name=Surface(name=81266ae StatusBar#86)/@0xb48dfdc - animation-leash of insets_animation#19546)/@0x84ef7c6
10-10 12:45:55.624  1902 23257 I WindowManager: cancelAnimation removed leash : Surface(name=Surface(name=db27a2 NavigationBar0#82)/@0xc1acbf0 - animation-leash of insets_animation#19547)/@0x498d2b4
10-10 12:45:55.627  1902 23257 D WindowManager: wms.Input focus has changed to Window{df772dc u0 eu.europa.ec.euidi/eu.europa.ec.assemblylogic.ui.MainActivity} display=0 updateInputWindows = false
10-10 12:45:55.627  1902 23257 I MultiSenceManagerInternalStub: getInstance
10-10 12:45:55.650  1902  3317 I WindowManager: cancelAnimation removed leash : Surface(name=Surface(name=6a76de5 InputMethod#123)/@0xf2bd99 - animation-leash of insets_animation#19550)/@0x4ddc19b
10-10 12:45:55.652  1902  3317 W PackageConfigPersister: App-specific configuration not found for packageName: eu.europa.ec.euidi and userId: 0
10-10 12:45:56.101  1902  3317 W MIUIInput: Input event injection from package: null action ACTION_DOWN
10-10 12:45:56.105  1902 23257 W MIUIInput: Input event injection from package: null action ACTION_UP
10-10 12:45:56.112  1902 23257 D PerfShielderService: eu.europa.ec.euidi|eu.europa.ec.euidi/eu.europa.ec.assemblylogic.ui.MainActivity|99|116592838108641|42|2|4
10-10 12:45:56.112 22071 27042 W MiuiPerfServiceClient: interceptAndQueuing:21164|eu.europa.ec.euidi|99|42|116592838108641|Slow handle animation|4
10-10 12:45:56.163  1902 22706 W FillRequestEventLogger: Couldn't find packageName: com.google.android.inputmethod.latin
10-10 12:45:56.181  1902  2304 I InputMethodManagerService: IMMS.showSoftInput(), client = com.android.internal.inputmethod.IInputMethodClient$Stub$Proxy@2e2d87c
10-10 12:45:56.181  1902  2304 I InputMethodManagerService: IMMS.showCurrentInputLocked(), flags = 0
10-10 12:45:56.181  1902  2304 D SmartPower: com.google.android.inputmethod.latin/10196(22721): show input method
10-10 12:45:56.181  1902  2304 I SmartPower: com.google.android.inputmethod.latin/10196(22721): idle->visible(28378ms) R(show input method) adj=100.
10-10 12:45:56.182  1902  2304 I DefaultImeVisibilityApplier: IMMS.showCurrentInputLocked request ims to show inputMethod.
10-10 12:45:56.182  1902 23266 W PackageConfigPersister: App-specific configuration not found for packageName: eu.europa.ec.euidi and userId: 0
10-10 12:45:56.185  1902  2304 W PackageConfigPersister: App-specific configuration not found for packageName: eu.europa.ec.euidi and userId: 0
10-10 12:45:56.188  1902 23266 D AutofillSession: createPendingIntent for request 1049
10-10 12:45:56.189  1902 23266 D ContentCapturePerUserService: Notified activity assist data for activity: Token{4d4724c ActivityRecord{2dcb79e u0 eu.europa.ec.euidi/eu.europa.ec.assemblylogic.ui.MainActivity t516}} without a session Id
10-10 12:45:56.194  1902  2304 I InputMethodManagerService: IMMS.showSoftInput(), client = com.android.internal.inputmethod.IInputMethodClient$Stub$Proxy@ef7d167
10-10 12:45:56.194  1902  2304 I InputMethodManagerService: IMMS.showCurrentInputLocked(), flags = 0
10-10 12:45:56.194  1902  2304 D SmartPower: com.google.android.inputmethod.latin/10196(22721): show input method
10-10 12:45:56.194  1902  2304 I DefaultImeVisibilityApplier: IMMS.showCurrentInputLocked request ims to show inputMethod.
10-10 12:45:56.226  1902 23266 I InputMethodManagerService: IMMS.applyImeVisibility(), setVisible = true, mCurclient = ClientState{216be37 mUid=10390 mPid=21164 mSelfReportedDisplayId=0}
10-10 12:45:56.226  1902 23266 I WindowManager: WMS.showImePostLayout(), imeTarget = Window{df772dc u0 eu.europa.ec.euidi/eu.europa.ec.assemblylogic.ui.MainActivity}
10-10 12:45:56.230  1902 23266 I InputMethodManagerService: IMMS.applyImeVisibility(), setVisible = true, mCurclient = ClientState{216be37 mUid=10390 mPid=21164 mSelfReportedDisplayId=0}
10-10 12:45:56.230  1902 23266 I WindowManager: WMS.showImePostLayout(), imeTarget = Window{df772dc u0 eu.europa.ec.euidi/eu.europa.ec.assemblylogic.ui.MainActivity}
10-10 12:45:56.235  1902  2304 D CoreBackPreview: Window{df772dc u0 eu.europa.ec.euidi/eu.europa.ec.assemblylogic.ui.MainActivity}: Setting back callback OnBackInvokedCallbackInfo{mCallback=android.window.IOnBackInvokedCallback$Stub$Proxy@2d7cab9, mPriority=0, mIsAnimationCallback=false}
10-10 12:45:56.246  2983  3075 D MiuiFreeformModeController: avoidForInsetsBottomChangedIfNeed oldMoveableBottom: 2270 newMoveableBounds: 2270
10-10 12:45:56.250  1902  2304 I WindowManager: Relayout Window{6a76de5 u0 InputMethod}: oldVis=8 newVis=0 focusMayChange = true requestedWidth = 1080 requestedHeight = 2306 outFrames = ClientWindowFrames{frame=[0,94][1080,2400] display=[0,94][1080,2400] parentFrame=[0,0][0,0]} outSurfaceControl = Surface(name=InputMethod#19554)/@0x2a15975
10-10 12:45:56.259  2983  3075 D MiuiFreeformModeController: avoidForInsetsBottomChangedIfNeed oldMoveableBottom: 2270 newMoveableBounds: 2270
10-10 12:45:56.274  1902  2304 W WindowManager: finishDrawingWindow: Window{6a76de5 u0 InputMethod} mDrawState=DRAW_PENDING
10-10 12:45:56.274  1902  2304 D WindowManager: wms.finishDrawingLocked: mDrawState=COMMIT_DRAW_PENDING Window{6a76de5 u0 InputMethod} in Surface(name=InputMethod#19554)/@0xecb58ac
10-10 12:45:56.276  1902  1939 I ImeInsetsSourceProvider: ImeInsetsSourceProvider.scheduleShowImePostLayout() Run showImeRunner.
10-10 12:45:56.276  1902  1939 I ImeInsetsSourceProvider: ImeInsetsSourceProvider.scheduleShowImePostLayout() isReadyToShowIme.
10-10 12:45:56.283  1902  2304 I WindowManager: cancelAnimation removed leash : Surface(name=Surface(name=db27a2 NavigationBar0#82)/@0xc1acbf0 - animation-leash of insets_animation#19552)/@0xfccdc77
10-10 12:45:56.284  2983  3075 D MiuiFreeformModeController: avoidForInsetsBottomChangedIfNeed oldMoveableBottom: 2270 newMoveableBounds: 2270
10-10 12:45:56.284  2983  3075 D ImePositionProcessor: onImeVisibilityChanged     isShowing:  true
10-10 12:45:56.285  1902  1938 I WindowManager: input method visible height changed 701
10-10 12:45:56.285  1902  2338 I ITouchFeature: current device and process support version:2
10-10 12:45:56.285  1902  1938 W WindowManager: real show surface:Surface(name=InputMethod#19554)/@0xecb58ac
10-10 12:45:56.286  2983  3075 D MiuiFreeformModeController: onImeVisibilityChanged imeVisible: true imeHeight: 701 adjustedForRotation:false
10-10 12:45:56.286  2983  3075 D MiuiFreeformModeAvoidAlgorithm: begin autoOrderingAvoidMiniTask
10-10 12:45:56.288  2983  3075 D MiuiFreeformModeAvoidAlgorithm: getCurrMiniPos: SameSideMiniPosList: []
10-10 12:45:56.288  2983  3075 D MiuiFreeformModeAvoidAlgorithm: getCurrMiniPos: SameSideMiniPosList: []
10-10 12:45:56.288  2983  3075 D MiuiFreeformModeAvoidAlgorithm: end autoOrderingAvoidMiniTask res:AvoidResult{distance=0, combination={}, activeTaskPos=Rect(0, 0 - 0, 0)}
10-10 12:45:56.295  2983  3075 D OneHandedController: stopOneHanded state is 0
10-10 12:45:56.366  1902  1902 W FillRequestEventLogger: Shouldn't be logging AutofillFillRequestReported again for same event
10-10 12:45:56.366  1902  1902 W FillResponseEventLogger: Shouldn't be logging AutofillFillRequestReported again for same event
10-10 12:45:56.366  1902  1902 D AutofillSession: clearPendingIntentLocked
10-10 12:45:56.447  1902  2304 I ActivityManager: Force stopping com.android.chrome appid=10190 user=0: from process:21793
10-10 12:45:56.447  1902  2304 E ActivityManager: Unable to freeze binder for 21389: java.lang.RuntimeException: Unable to freeze/unfreeze binder
10-10 12:45:56.447  1902  2304 E ActivityManager: Unable to freeze binder for 21266: java.lang.RuntimeException: Unable to freeze/unfreeze binder
10-10 12:45:56.447  1902  2611 E ProcessManager: error write exception log
10-10 12:45:56.448  1902  2611 E ProcessManager: error write exception log
10-10 12:45:56.448  1902  2304 I ActivityManager: Killing 21389:com.android.chrome:privileged_process0/u0a190 (adj 700): stop com.android.chrome due to from process:21793
10-10 12:45:56.457  1902  1936 D DisplayManagerService: Drop pending events for gone uid 10190
10-10 12:45:56.458  1902  2304 I ActivityManager: Killing 21266:com.android.chrome/u0a190 (adj 700): stop com.android.chrome due to from process:21793
10-10 12:45:56.460  1902  2304 E ProcessStats: Executing service ServiceState{141b612 org.chromium.content.app.SandboxedProcessService0 pkg=com.android.chrome proc=41dcd7e} without owner
10-10 12:45:56.461  1902  2304 E ProcessStats: Binding service ServiceState{141b612 org.chromium.content.app.SandboxedProcessService0 pkg=com.android.chrome proc=41dcd7e} without owner
10-10 12:45:56.462  1902  2304 E ProcessStats: Starting service ServiceState{141b612 org.chromium.content.app.SandboxedProcessService0 pkg=com.android.chrome proc=41dcd7e} without owner
10-10 12:45:56.463  1902  2304 E ProcessStats: Binding service ServiceState{141b612 org.chromium.content.app.SandboxedProcessService0 pkg=com.android.chrome proc=41dcd7e} without owner
10-10 12:45:56.464  1902  2304 E ProcessStats: Executing service ServiceState{141b612 org.chromium.content.app.SandboxedProcessService0 pkg=com.android.chrome proc=41dcd7e} without owner
10-10 12:45:56.464  1902  2304 I ActivityManager: Killing 21382:com.android.chrome:sandboxed_process0:org.chromium.content.app.SandboxedProcessService0:0/u0a190i-9000 (adj 0): isolated not needed
10-10 12:45:56.467  1902  2304 E ProcessStats: Binding service ServiceState{141b612 org.chromium.content.app.SandboxedProcessService0 pkg=com.android.chrome proc=41dcd7e} without owner
10-10 12:45:56.468  1902  2304 E ProcessStats: Starting service ServiceState{141b612 org.chromium.content.app.SandboxedProcessService0 pkg=com.android.chrome proc=41dcd7e} without owner
10-10 12:45:56.468  1902  2620 I SmartPower: com.google.android.adservices.api/10307(31554): background->idle(10432ms) R(adj below visible) adj=100.
10-10 12:45:56.468  1902  2304 E ProcessStats: Binding service ServiceState{141b612 org.chromium.content.app.SandboxedProcessService0 pkg=com.android.chrome proc=41dcd7e} without owner
10-10 12:45:56.469  1902  2304 I ActivityManager: Killing 21588:com.android.chrome:sandboxed_process0:org.chromium.content.app.SandboxedProcessService0:1/u0a190i-8999 (adj 0): isolated not needed
10-10 12:45:56.471  1902  2304 I SmartPower: com.android.vending/10184(22135): idle->background(37369ms) R(service unbind com.android.vending/com.google.android.finsky.setup.dse.impl.DseService) adj=0.
10-10 12:45:56.473  1902  2304 W ActivityTaskManager: Force removing ActivityRecord{61fb048 u0 com.android.chrome/org.chromium.chrome.browser.ChromeTabbedActivity t518 f}}: app died, no saved state
10-10 12:45:56.474  1902  2304 D WindowManager: setParent old=ActivityRecord{61fb048 u0 com.android.chrome/org.chromium.chrome.browser.ChromeTabbedActivity t518 f}},new=null,this window=Window{5459952 u0 com.android.chrome/org.chromium.chrome.browser.ChromeTabbedActivity},callers=com.android.server.wm.WindowContainer.removeChild:840 com.android.server.wm.ActivityRecord.removeChild:5227 com.android.server.wm.ActivityRecord.removeChild:470 com.android.server.wm.WindowContainer.removeImmediately:898 com.android.server.wm.WindowState.removeImmediately:2538 com.android.server.wm.WindowState.removeIfPossible:2719 
10-10 12:45:56.477  1902  2322 W UsageStatsService: Unexpected activity event reported! (com.android.chrome/org.chromium.chrome.browser.ChromeTabbedActivity event : 23 instanceId : 74888198)
10-10 12:45:56.477  1902  2304 D WindowManager: setParent old=Task{2e42ee1 #518 type=standard A=10190:com.android.chrome},new=null,this window=ActivityRecord{61fb048 u0 com.android.chrome/org.chromium.chrome.browser.ChromeTabbedActivity t518 f}},callers=com.android.server.wm.WindowContainer.removeChild:840 com.android.server.wm.TaskFragment.removeChild:3119 com.android.server.wm.Task.removeChild:1822 com.android.server.wm.Task.removeChild:1802 com.android.server.wm.WindowContainer.removeImmediately:898 com.android.server.wm.WindowToken.removeImmediately:376 
10-10 12:45:56.479  1902  2304 D WindowManager: setParent old=DefaultTaskDisplayArea@126197207,new=null,this window=Task{2e42ee1 #518 type=standard A=10190:com.android.chrome},callers=com.android.server.wm.WindowContainer.removeChild:840 com.android.server.wm.TaskDisplayArea.removeChildTask:359 com.android.server.wm.TaskDisplayArea.removeChild:350 com.android.server.wm.WindowContainer.removeImmediately:898 com.android.server.wm.TaskFragment.removeImmediately:3203 com.android.server.wm.Task.removeImmediately:3222 
10-10 12:45:56.481  1902  1939 W ActivityTaskManager: Can't find TaskDisplayArea to determine support for multi window. Task id=518 attached=false
10-10 12:45:56.481  2983  3075 D MiuiFullScreenTaskRepository: removeFullScreenTask taskId=518, topActivity=null
10-10 12:45:56.481  2983  3075 D MiuiWindowDecorViewModel: destroyWindowDecoration: taskId=518, windowingMode=1, mWindowDecorByTaskId.size()=0, callers=com.android.wm.shell.fullscreen.FullscreenTaskListener.onTaskVanished:143 com.android.wm.shell.ShellTaskOrganizer.onTaskVanished:138 android.window.TaskOrganizer$1.lambda$onTaskVanished$6:398 android.window.TaskOrganizer$1.$r8$lambda$z23H3L3GZav04D10kA3vkevrglg:0 android.window.TaskOrganizer$1$$ExternalSyntheticLambda14.run:4 
10-10 12:45:56.485  1902  2304 I AppsFilter: interaction: PackageSetting{1141c0b com.android.microdroid.empty_payload/10336} -> PackageSetting{d1ef136 com.android.chrome/10190} BLOCKED
10-10 12:45:56.485  1902  2304 I AppsFilter: interaction: PackageSetting{2f03501 io.appium.uiautomator2.server.test/10379} -> PackageSetting{d1ef136 com.android.chrome/10190} BLOCKED
10-10 12:45:56.486  1902  2304 I AppsFilter: interaction: PackageSetting{330fa6 com.fido.asm/10112} -> PackageSetting{d1ef136 com.android.chrome/10190} BLOCKED
10-10 12:45:56.486  1902  2304 I AppsFilter: interaction: PackageSetting{4e66de7 io.appium.uiautomator2.server/10378} -> PackageSetting{d1ef136 com.android.chrome/10190} BLOCKED
10-10 12:45:56.486  1902  2304 I AppsFilter: interaction: PackageSetting{3435d94 io.appium.settings/10326} -> PackageSetting{d1ef136 com.android.chrome/10190} BLOCKED
10-10 12:45:56.487  1902 23266 W ActivityManager: Unbind failed: could not find connection for android.os.BinderProxy@e9d0247
10-10 12:45:56.524  1902  1936 D DisplayManagerService: Drop pending events for gone uid 90000
10-10 12:45:56.530  1902  1936 D DisplayManagerService: Drop pending events for gone uid 90001
10-10 12:45:56.651  1902  2304 D PackageParserImpl: dump dex file,file message: base.art: 441Kb base.odex: 2208Kb base.vdex: 111Kb 
10-10 12:45:56.658  1902  3317 W WindowManager: Cannot find window which accessibility connection is added to
10-10 12:45:56.658  1902  1938 W ActivityManager: setHasOverlayUi called on unknown pid: 21266
10-10 12:45:56.991  1902  1954 I SmartPower: com.google.android.videos/10312(31305): idle->background(48654ms) R(broadcast start Intent { act=android.intent.action.PACKAGE_RESTARTED dat=package: flg=0x10 (has extras) }) adj=915.
10-10 12:45:57.168  1902  2682 D WindowManagerService: checkFlipFullScreenChange is same, nowIsFullScreen = false
10-10 12:45:57.192  1902  2682 I InputMethodManagerService: IMMS.showCurrentInputLocked(), flags = 1
10-10 12:45:57.192  1902  2682 D SmartPower: com.google.android.inputmethod.latin/10196(22721): show input method
10-10 12:45:57.193  1902  2682 I DefaultImeVisibilityApplier: IMMS.showCurrentInputLocked request ims to show inputMethod.
10-10 12:45:57.196  1902 23171 W PackageConfigPersister: App-specific configuration not found for packageName: eu.europa.ec.euidi and userId: 0
10-10 12:45:57.224  1902 23171 I InputMethodManagerService: IMMS.showSoftInput(), client = com.android.internal.inputmethod.IInputMethodClient$Stub$Proxy@d6a5858
10-10 12:45:57.224  1902 23171 I InputMethodManagerService: IMMS.showCurrentInputLocked(), flags = 0
10-10 12:45:57.224  1902 23171 D SmartPower: com.google.android.inputmethod.latin/10196(22721): show input method
10-10 12:45:57.228  1902 23171 I DefaultImeVisibilityApplier: IMMS.showCurrentInputLocked request ims to show inputMethod.
10-10 12:45:57.253  1902 22715 I InputMethodManagerService: IMMS.applyImeVisibility(), setVisible = true, mCurclient = ClientState{216be37 mUid=10390 mPid=21164 mSelfReportedDisplayId=0}
10-10 12:45:57.253  1902 22715 I WindowManager: WMS.showImePostLayout(), imeTarget = Window{df772dc u0 eu.europa.ec.euidi/eu.europa.ec.assemblylogic.ui.MainActivity}
10-10 12:45:57.254  1902  1939 I ImeInsetsSourceProvider: ImeInsetsSourceProvider.scheduleShowImePostLayout() Run showImeRunner.
10-10 12:45:57.254  1902  1939 I ImeInsetsSourceProvider: ImeInsetsSourceProvider.scheduleShowImePostLayout() isReadyToShowIme.
10-10 12:45:57.258  1902  2682 I InputMethodManagerService: IMMS.applyImeVisibility(), setVisible = true, mCurclient = ClientState{216be37 mUid=10390 mPid=21164 mSelfReportedDisplayId=0}
10-10 12:45:57.258  1902  2682 I WindowManager: WMS.showImePostLayout(), imeTarget = Window{df772dc u0 eu.europa.ec.euidi/eu.europa.ec.assemblylogic.ui.MainActivity}
10-10 12:45:57.259  2983  3075 D OneHandedController: stopOneHanded state is 0
10-10 12:45:57.260  1902  1939 I ImeInsetsSourceProvider: ImeInsetsSourceProvider.scheduleShowImePostLayout() Run showImeRunner.
10-10 12:45:57.260  1902  1939 I ImeInsetsSourceProvider: ImeInsetsSourceProvider.scheduleShowImePostLayout() isReadyToShowIme.
10-10 12:45:57.263  2983  3075 D OneHandedController: stopOneHanded state is 0
10-10 12:45:57.409  1902 22715 D WindowManagerService: checkFlipFullScreenChange is same, nowIsFullScreen = false
10-10 12:45:57.429  1902 22715 I InputMethodManagerService: IMMS.showCurrentInputLocked(), flags = 1
10-10 12:45:57.429  1902 22715 D SmartPower: com.google.android.inputmethod.latin/10196(22721): show input method
10-10 12:45:57.430  1902 22715 I DefaultImeVisibilityApplier: IMMS.showCurrentInputLocked request ims to show inputMethod.
10-10 12:45:57.435  1902 23171 W PackageConfigPersister: App-specific configuration not found for packageName: eu.europa.ec.euidi and userId: 0
10-10 12:45:57.447  1902 22715 I InputMethodManagerService: IMMS.showSoftInput(), client = com.android.internal.inputmethod.IInputMethodClient$Stub$Proxy@3263ed
10-10 12:45:57.447  1902 22715 I InputMethodManagerService: IMMS.showCurrentInputLocked(), flags = 0
10-10 12:45:57.447  1902 22715 D SmartPower: com.google.android.inputmethod.latin/10196(22721): show input method
10-10 12:45:57.447  1902 22715 I DefaultImeVisibilityApplier: IMMS.showCurrentInputLocked request ims to show inputMethod.
10-10 12:45:57.480  1902 22715 I InputMethodManagerService: IMMS.applyImeVisibility(), setVisible = true, mCurclient = ClientState{216be37 mUid=10390 mPid=21164 mSelfReportedDisplayId=0}
10-10 12:45:57.480  1902 22715 I WindowManager: WMS.showImePostLayout(), imeTarget = Window{df772dc u0 eu.europa.ec.euidi/eu.europa.ec.assemblylogic.ui.MainActivity}
10-10 12:45:57.481  1902  1939 I ImeInsetsSourceProvider: ImeInsetsSourceProvider.scheduleShowImePostLayout() Run showImeRunner.
10-10 12:45:57.481  1902  1939 I ImeInsetsSourceProvider: ImeInsetsSourceProvider.scheduleShowImePostLayout() isReadyToShowIme.
10-10 12:45:57.482  2983  3075 D OneHandedController: stopOneHanded state is 0
10-10 12:45:57.493  1902 22715 I InputMethodManagerService: IMMS.applyImeVisibility(), setVisible = true, mCurclient = ClientState{216be37 mUid=10390 mPid=21164 mSelfReportedDisplayId=0}
10-10 12:45:57.493  1902 22715 I WindowManager: WMS.showImePostLayout(), imeTarget = Window{df772dc u0 eu.europa.ec.euidi/eu.europa.ec.assemblylogic.ui.MainActivity}
10-10 12:45:57.495  2983  3075 D OneHandedController: stopOneHanded state is 0
10-10 12:45:57.496  1902  1939 I ImeInsetsSourceProvider: ImeInsetsSourceProvider.scheduleShowImePostLayout() Run showImeRunner.
10-10 12:45:57.496  1902  1939 I ImeInsetsSourceProvider: ImeInsetsSourceProvider.scheduleShowImePostLayout() isReadyToShowIme.
10-10 12:45:57.642  1902  2682 D WindowManagerService: checkFlipFullScreenChange is same, nowIsFullScreen = false
10-10 12:45:57.659  1902  2772 I InputMethodManagerService: IMMS.showCurrentInputLocked(), flags = 1
10-10 12:45:57.659  1902  2772 D SmartPower: com.google.android.inputmethod.latin/10196(22721): show input method
10-10 12:45:57.659  1902  2772 I DefaultImeVisibilityApplier: IMMS.showCurrentInputLocked request ims to show inputMethod.
10-10 12:45:57.662  1902 22715 W PackageConfigPersister: App-specific configuration not found for packageName: eu.europa.ec.euidi and userId: 0
10-10 12:45:57.674  1902 22715 I InputMethodManagerService: IMMS.showSoftInput(), client = com.android.internal.inputmethod.IInputMethodClient$Stub$Proxy@cd40e6e
10-10 12:45:57.674  1902 22715 I InputMethodManagerService: IMMS.showCurrentInputLocked(), flags = 0
10-10 12:45:57.674  1902 22715 D SmartPower: com.google.android.inputmethod.latin/10196(22721): show input method
10-10 12:45:57.674  1902 22715 I DefaultImeVisibilityApplier: IMMS.showCurrentInputLocked request ims to show inputMethod.
10-10 12:45:57.690  1902 23171 I InputMethodManagerService: IMMS.applyImeVisibility(), setVisible = true, mCurclient = ClientState{216be37 mUid=10390 mPid=21164 mSelfReportedDisplayId=0}
10-10 12:45:57.690  1902 23171 I WindowManager: WMS.showImePostLayout(), imeTarget = Window{df772dc u0 eu.europa.ec.euidi/eu.europa.ec.assemblylogic.ui.MainActivity}
10-10 12:45:57.693  1902  1939 I ImeInsetsSourceProvider: ImeInsetsSourceProvider.scheduleShowImePostLayout() Run showImeRunner.
10-10 12:45:57.693  1902  1939 I ImeInsetsSourceProvider: ImeInsetsSourceProvider.scheduleShowImePostLayout() isReadyToShowIme.
10-10 12:45:57.693  1902  1947 D HeapUsage Monitor: HeapAllocSize : 79MB; monitorSize : 500MB
10-10 12:45:57.695  2983  3075 D OneHandedController: stopOneHanded state is 0
10-10 12:45:57.704  1902  2682 I InputMethodManagerService: IMMS.applyImeVisibility(), setVisible = true, mCurclient = ClientState{216be37 mUid=10390 mPid=21164 mSelfReportedDisplayId=0}
10-10 12:45:57.704  1902  2682 I WindowManager: WMS.showImePostLayout(), imeTarget = Window{df772dc u0 eu.europa.ec.euidi/eu.europa.ec.assemblylogic.ui.MainActivity}
10-10 12:45:57.708  1902  1939 I ImeInsetsSourceProvider: ImeInsetsSourceProvider.scheduleShowImePostLayout() Run showImeRunner.
10-10 12:45:57.708  1902  1939 I ImeInsetsSourceProvider: ImeInsetsSourceProvider.scheduleShowImePostLayout() isReadyToShowIme.
10-10 12:45:57.711  2983  3075 D OneHandedController: stopOneHanded state is 0
10-10 12:45:57.845  1902  2772 D WindowManagerService: checkFlipFullScreenChange is same, nowIsFullScreen = false
10-10 12:45:57.860  1902  2772 I InputMethodManagerService: IMMS.showCurrentInputLocked(), flags = 1
10-10 12:45:57.860  1902  2772 D SmartPower: com.google.android.inputmethod.latin/10196(22721): show input method
10-10 12:45:57.860  1902  2772 I DefaultImeVisibilityApplier: IMMS.showCurrentInputLocked request ims to show inputMethod.
10-10 12:45:57.863  1902  2682 W PackageConfigPersister: App-specific configuration not found for packageName: eu.europa.ec.euidi and userId: 0
10-10 12:45:57.879  1902  2772 I InputMethodManagerService: IMMS.showSoftInput(), client = com.android.internal.inputmethod.IInputMethodClient$Stub$Proxy@d6ef72b
10-10 12:45:57.879  1902  2772 I InputMethodManagerService: IMMS.showCurrentInputLocked(), flags = 0
10-10 12:45:57.879  1902  2772 D SmartPower: com.google.android.inputmethod.latin/10196(22721): show input method
10-10 12:45:57.879  1902  2772 I DefaultImeVisibilityApplier: IMMS.showCurrentInputLocked request ims to show inputMethod.
10-10 12:45:57.909  1902 22715 I InputMethodManagerService: IMMS.applyImeVisibility(), setVisible = true, mCurclient = ClientState{216be37 mUid=10390 mPid=21164 mSelfReportedDisplayId=0}
