10-13 10:49:28.353  1902  4160 D PackageManager: set app component=ComponentInfo{com.facebook.appmanager/com.facebook.oxygen.appmanager.webinstall.WebInstallAppLinkFB4ARestrictedActivity} enabled state: 2 from com.facebook.appmanager,uid=10150,pid=16772
10-13 10:49:28.356  1902  1917 D PackageManager: set app component=ComponentInfo{com.facebook.appmanager/com.facebook.oxygen.appmanager.webinstall.WebInstallAppLinkInstagramRestrictedActivity} enabled state: 2 from com.facebook.appmanager,uid=10150,pid=16772
10-13 10:49:28.359  1902  4160 D PackageManager: set app component=ComponentInfo{com.facebook.appmanager/com.facebook.oxygen.appmanager.webinstall.WebInstallAppLinkMessengerRestrictedActivity} enabled state: 2 from com.facebook.appmanager,uid=10150,pid=16772
10-13 10:49:28.361  1902  4160 D PackageManager: set app component=ComponentInfo{com.facebook.appmanager/com.facebook.oxygen.appmanager.modules.api.ModulesApiProvider} enabled state: 2 from com.facebook.appmanager,uid=10150,pid=16772
10-13 10:49:28.363  1902 16856 D TransparencyService: Preload com.miui.accessibility at /data/app/~~mk7UUBm1xreVsvPD8Ie0jw==/com.miui.accessibility-9mND4CtlghtIgDAOnxhiGQ== has likely been updated.
10-13 10:49:28.368  1902  2771 D CompatibilityChangeReporter: Compat change id reported: 170503758; UID 10302; state: ENABLED
10-13 10:49:28.370  1902 16856 D TransparencyService: Preload com.android.deskclock at /data/app/~~5r8PUPTvcQ7XM_Str4P4sA==/com.android.deskclock-gQZGMPdhHaGIcIn2z4443w== has likely been updated.
10-13 10:49:28.377  1902 16856 D TransparencyService: Preload com.xiaomi.discover at /data/app/~~uhItuK1Qj1hOxpuwzu_uCQ==/com.xiaomi.discover-aU4KLZBETf4zpqsIhNYKHA== has likely been updated.
10-13 10:49:28.389  1902 16856 D TransparencyService: Preload com.android.thememanager at /data/app/~~y5G6vccPIqk-hbQlyYwk8g==/com.android.thememanager-GH2NSMjojWw4AeSsT033fQ== has likely been updated.
10-13 10:49:28.395  1902 16856 D TransparencyService: Preload com.mi.globalminusscreen at /data/app/~~WAFMLPS1MoMnTkgiSHUegA==/com.mi.globalminusscreen-TgAnDs7OEJwhN3zfafZGxw== has likely been updated.
10-13 10:49:28.398  1902 16856 D TransparencyService: Preload com.google.android.inputmethod.latin at /data/app/~~kH4hfs8Ve75MIt20jQuLbQ==/com.google.android.inputmethod.latin-rVJwaitfagMU0HHjKBhxtA== has likely been updated.
10-13 10:49:28.438  1902  4160 I ActivityManager: Flag disabled. Ignoring finishAttachApplication from uid: 10302. pid: 16964
10-13 10:49:28.451  1902 16856 D TransparencyService: Preload com.google.android.apps.restore at /data/app/~~l8D7qBohWHixava3jVgPsw==/com.google.android.apps.restore-fWsDqCqh3YUHHXZy2vbMRQ== has likely been updated.
10-13 10:49:28.600  1902  4160 D CompatibilityChangeReporter: Compat change id reported: 135634846; UID 10097; state: DISABLED
10-13 10:49:28.601  1902  4160 D CompatibilityChangeReporter: Compat change id reported: 177438394; UID 10097; state: DISABLED
10-13 10:49:28.601  1902  4160 D CompatibilityChangeReporter: Compat change id reported: 135772972; UID 10097; state: DISABLED
10-13 10:49:28.601  1902  4160 D CompatibilityChangeReporter: Compat change id reported: 135754954; UID 10097; state: ENABLED
10-13 10:49:28.602  1902  1955 D CompatibilityChangeReporter: Compat change id reported: 143937733; UID 10097; state: ENABLED
10-13 10:49:28.619  1902  1955 I ActivityManager: Start proc 17006:com.facebook.services/u0a97 for content provider {com.facebook.services/com.facebook.oxygen.services.audit.provider.ServicesAuditDataApiProvider} caller=com.facebook.appmanager
10-13 10:49:28.651  1902  2620 I SmartPower: com.google.android.gms.unstable/10175(4628): background->idle(10048ms) R(service create com.google.android.gms/.droidguard.DroidGuardService) adj=800.
10-13 10:49:28.658  1902 15926 W UriGrantsManagerService: No permission grants found for com.google.android.apps.photos
10-13 10:49:28.659  1902 15926 W UriGrantsManagerService: No permission grants found for com.google.android.apps.photos
10-13 10:49:28.666  1902  2771 D CompatibilityChangeReporter: Compat change id reported: 182734110; UID 10205; state: ENABLED
10-13 10:49:28.669  1902 23171 D CompatibilityChangeReporter: Compat change id reported: 149924527; UID 10205; state: ENABLED
10-13 10:49:28.669  1902  1917 D CompatibilityChangeReporter: Compat change id reported: 132649864; UID 10205; state: DISABLED
10-13 10:49:28.676  1902  1950 D AppWidgetServiceImpl: Provider info from ComponentInfo{com.android.thememanager/com.android.thememanager.appwidget.provider.ThemeRecommendProvider_4x2} won't be persisted.
10-13 10:49:28.676  1902  1950 D AppWidgetServiceImpl: Provider info from ComponentInfo{com.android.thememanager/com.android.thememanager.appwidget.provider.ThemePopularProvider_2x2} won't be persisted.
10-13 10:49:28.676  1902  1950 D AppWidgetServiceImpl: Provider info from ComponentInfo{com.android.thememanager/com.android.thememanager.appwidget.provider.ThemeMoreProvider_4x2} won't be persisted.
10-13 10:49:28.676  1902  1950 D AppWidgetServiceImpl: Provider info from ComponentInfo{com.android.thememanager/com.android.thememanager.appwidget.provider.RingtoneNewProvider_2x2} won't be persisted.
10-13 10:49:28.676  1902  1950 D AppWidgetServiceImpl: Provider info from ComponentInfo{com.android.thememanager/com.android.thememanager.appwidget.provider.RingtoneAddProvider_2x2} won't be persisted.
10-13 10:49:28.677  1902  1950 D AppWidgetServiceImpl: Provider info from ComponentInfo{com.google.android.apps.docs/com.google.android.apps.docs.drive.widget.suggestion.SuggestionAppWidgetProvider} won't be persisted.
10-13 10:49:28.677  1902  1950 D AppWidgetServiceImpl: Provider info from ComponentInfo{com.google.android.apps.docs/com.google.android.apps.docs.drive.widget.CakemixAppWidgetProvider} won't be persisted.
10-13 10:49:28.681  1902 23171 I SmartPower: com.facebook.services/10097(17006): died->background(4621330ms) R(process start ) adj=-10000.
10-13 10:49:28.683  1902 23171 D CompatibilityChangeReporter: Compat change id reported: 168419799; UID 10097; state: DISABLED
10-13 10:49:28.684  1902 23171 D CompatibilityChangeReporter: Compat change id reported: 273564678; UID 10097; state: DISABLED
10-13 10:49:28.689  1902  2323 D CompatibilityChangeReporter: Compat change id reported: 265195908; UID 10097; state: ENABLED
10-13 10:49:28.695  1902  2771 W JobScheduler: Job didn't exist in JobStore: 
10-13 10:49:28.695  1902 16334 W BpBinder: Slow Binder: BpBinder transact took 2038 ms, interface=com.android.server.art.IArtd, code=15 oneway=false
10-13 10:49:28.705  1902  1954 I SmartPower: com.google.android.apps.messaging:rcs/10181(22034): idle->background(6780ms) R(broadcast start Intent { act=android.intent.action.PACKAGE_CHANGED dat=package: flg=0x45000010 (has extras) }) adj=200.
10-13 10:49:28.710  1902  1954 I SmartPower: com.xiaomi.discover/10128(15953): idle->background(4975ms) R(broadcast start Intent { act=android.intent.action.PACKAGE_CHANGED dat=package: flg=0x45000010 (has extras) }) adj=500.
10-13 10:49:28.720  1902 23171 D CompatibilityChangeReporter: Compat change id reported: 170503758; UID 10097; state: ENABLED
10-13 10:49:28.721  1902 23259 D CompatibilityChangeReporter: Compat change id reported: 177438394; UID 10234; state: DISABLED
10-13 10:49:28.721  1902 23259 D CompatibilityChangeReporter: Compat change id reported: 135772972; UID 10234; state: DISABLED
10-13 10:49:28.721  1902 23259 D CompatibilityChangeReporter: Compat change id reported: 135754954; UID 10234; state: ENABLED
10-13 10:49:28.722  1902  1955 D CompatibilityChangeReporter: Compat change id reported: 143937733; UID 10234; state: ENABLED
10-13 10:49:28.731  1902  1902 I CDM_CompanionDeviceManagerService: Execute the Association Removal job
10-13 10:49:28.741  1902  1955 I ActivityManager: Start proc 17021:com.google.android.apps.tachyon/u0a234 for service {com.google.android.apps.tachyon/androidx.work.impl.background.systemjob.SystemJobService} caller=android
10-13 10:49:28.769  1902  1918 D CompatibilityChangeReporter: Compat change id reported: 135634846; UID 10180; state: DISABLED
10-13 10:49:28.771  1902  1918 D CompatibilityChangeReporter: Compat change id reported: 177438394; UID 10180; state: DISABLED
10-13 10:49:28.772  1902  1918 D CompatibilityChangeReporter: Compat change id reported: 135772972; UID 10180; state: DISABLED
10-13 10:49:28.772  1902  1918 D CompatibilityChangeReporter: Compat change id reported: 135754954; UID 10180; state: ENABLED
10-13 10:49:28.773  1902  1955 D CompatibilityChangeReporter: Compat change id reported: 143937733; UID 10180; state: ENABLED
10-13 10:49:28.787  1902  2323 D CompatibilityChangeReporter: Compat change id reported: 265195908; UID 10189; state: ENABLED
10-13 10:49:28.793  1902  1955 I ActivityManager: Start proc 17036:com.google.android.apps.turbo:ssb/u0a180 for service {com.google.android.apps.turbo/com.google.android.libraries.smartbattery.brightness.library.UpdateOfflineModelJob} caller=android
10-13 10:49:28.822  1902 23259 I SmartPower: com.google.android.apps.tachyon/10234(17021): died->background(543ms) R(process start ) adj=-10000.
10-13 10:49:28.823  1902 23259 D CompatibilityChangeReporter: Compat change id reported: 168419799; UID 10234; state: DISABLED
10-13 10:49:28.824  1902 23259 D CompatibilityChangeReporter: Compat change id reported: 273564678; UID 10234; state: DISABLED
10-13 10:49:28.830  1902  2323 D CompatibilityChangeReporter: Compat change id reported: 265195908; UID 10234; state: ENABLED
10-13 10:49:28.837  1902  1918 D CompatibilityChangeReporter: Compat change id reported: 170503758; UID 10234; state: ENABLED
10-13 10:49:28.842  1902  1918 I SmartPower: com.google.android.apps.turbo:ssb/10180(17036): died->background(8081ms) R(process start ) adj=-10000.
10-13 10:49:28.856  1902  2771 D CompatibilityChangeReporter: Compat change id reported: 135634846; UID 10116; state: DISABLED
10-13 10:49:28.857  1902  2771 D CompatibilityChangeReporter: Compat change id reported: 177438394; UID 10116; state: DISABLED
10-13 10:49:28.857  1902  2771 D CompatibilityChangeReporter: Compat change id reported: 135772972; UID 10116; state: DISABLED
10-13 10:49:28.857  1902  2771 D CompatibilityChangeReporter: Compat change id reported: 135754954; UID 10116; state: ENABLED
10-13 10:49:28.858  1902  2620 I SmartPower: com.google.android.gm/10197(25181): background->idle(3002ms) R(service unbind com.google.android.gm/com.google.android.libraries.notifications.entrypoints.scheduled.ScheduledTaskService) adj=925.
10-13 10:49:28.858  1902  1955 D CompatibilityChangeReporter: Compat change id reported: 143937733; UID 10116; state: ENABLED
10-13 10:49:28.869  1902  1918 W UriGrantsManagerService: No permission grants found for com.google.android.apps.photos
10-13 10:49:28.869  1902  1918 W UriGrantsManagerService: No permission grants found for com.google.android.apps.photos
10-13 10:49:28.880  1902  1955 I ActivityManager: Start proc 17056:com.miui.cloudservice/u0a116 for service {com.miui.cloudservice/com.miui.cloudservice.sync.IntelligentSyncService} caller=android
10-13 10:49:28.903  1902  2771 I ActivityManager: Flag disabled. Ignoring finishAttachApplication from uid: 10180. pid: 17036
10-13 10:49:28.926 17006 17006 D MbrainDebugManagerImpl: getService failed
10-13 10:49:28.945  1902  1917 W UriGrantsManagerService: No permission grants found for com.google.android.apps.photos
10-13 10:49:28.946  1902  1917 W UriGrantsManagerService: No permission grants found for com.google.android.apps.photos
10-13 10:49:28.955  1902  2771 I SmartPower: com.miui.cloudservice/10116(17056): died->background(4457ms) R(process start ) adj=-10000.
10-13 10:49:28.956  1902  2771 D CompatibilityChangeReporter: Compat change id reported: 168419799; UID 10116; state: DISABLED
10-13 10:49:28.956  1902  2771 D CompatibilityChangeReporter: Compat change id reported: 273564678; UID 10116; state: DISABLED
10-13 10:49:28.959  1902  2323 D CompatibilityChangeReporter: Compat change id reported: 265195908; UID 10116; state: ENABLED
10-13 10:49:28.971  1902 23259 D CompatibilityChangeReporter: Compat change id reported: 170503758; UID 10116; state: ENABLED
10-13 10:49:29.004  1902 23171 D CompatibilityChangeReporter: Compat change id reported: 161145287; UID 10097; state: DISABLED
10-13 10:49:29.012  1902  2336 D AlarmManager: mBroadcastRefCount -> 1
10-13 10:49:29.016  1902  1902 D AlarmManager: mBroadcastRefCount -> 0
10-13 10:49:29.016  1902  1902 D AlarmManager: mPendingIntent -> null
10-13 10:49:29.018  1902 23259 I ActivityManager: Flag disabled. Ignoring finishAttachApplication from uid: 10097. pid: 17006
10-13 10:49:29.053 17006 17006 D FramePredict: FramePredict init: false
10-13 10:49:29.078  1902  2771 D CompatibilityChangeReporter: Compat change id reported: 161145287; UID 10116; state: ENABLED
10-13 10:49:29.086  1902 23259 D CompatibilityChangeReporter: Compat change id reported: 319212206; UID 10234; state: ENABLED
10-13 10:49:29.093  1902 23259 D CompatibilityChangeReporter: Compat change id reported: 161145287; UID 10234; state: ENABLED
10-13 10:49:29.136  1902 23171 D CompatibilityChangeReporter: Compat change id reported: 135634846; UID 6110; state: DISABLED
10-13 10:49:29.136  1902 23171 D CompatibilityChangeReporter: Compat change id reported: 177438394; UID 6110; state: DISABLED
10-13 10:49:29.136  1902 23171 D CompatibilityChangeReporter: Compat change id reported: 135772972; UID 6110; state: DISABLED
10-13 10:49:29.136  1902 23171 D CompatibilityChangeReporter: Compat change id reported: 135754954; UID 6110; state: ENABLED
10-13 10:49:29.151  1902  1917 D PackageManager: set app component=ComponentInfo{com.google.android.apps.tachyon/com.google.android.libraries.communications.conference.ui.intents.ChitChatGatewayActivity} enabled state: 1 from com.google.android.apps.tachyon,uid=10234,pid=17021
10-13 10:49:29.152  1902  1917 D PackageManager: set app component=ComponentInfo{com.google.android.apps.tachyon/com.google.android.libraries.communications.conference.ui.intents.ChitChatGatewayActivity} enabled state: 1 from com.google.android.apps.tachyon,uid=10234,pid=17021
10-13 10:49:29.153  1902  1917 D PackageManager: set app component=ComponentInfo{com.google.android.apps.tachyon/com.google.android.libraries.communications.conference.ui.intents.TransferCallHandlerActivity} enabled state: 1 from com.google.android.apps.tachyon,uid=10234,pid=17021
10-13 10:49:29.153  1902  1917 D PackageManager: set app component=ComponentInfo{com.google.android.apps.tachyon/com.google.android.libraries.communications.conference.ui.intents.ConferenceGatewayActivity} enabled state: 1 from com.google.android.apps.tachyon,uid=10234,pid=17021
10-13 10:49:29.153  1902  1917 D PackageManager: set app component=ComponentInfo{com.google.android.apps.tachyon/com.google.android.libraries.communications.conference.ui.intents.LivestreamHandlerActivity} enabled state: 1 from com.google.android.apps.tachyon,uid=10234,pid=17021
10-13 10:49:29.154  1902  1917 D PackageManager: set app component=ComponentInfo{com.google.android.apps.tachyon/com.google.android.libraries.communications.conference.ui.intents.ConferenceUrlHandlerActivity} enabled state: 1 from com.google.android.apps.tachyon,uid=10234,pid=17021
10-13 10:49:29.154  1902  4160 D PackageManager: set app component=ComponentInfo{com.google.android.apps.tachyon/com.google.android.libraries.communications.conference.ui.intents.AssistantNewUrlHandlerActivity} enabled state: 1 from com.google.android.apps.tachyon,uid=10234,pid=17021
10-13 10:49:29.160  1902 23259 I ActivityManager: Flag disabled. Ignoring finishAttachApplication from uid: 10234. pid: 17021
10-13 10:49:29.177  1902  1955 I ActivityManager: Start proc 17158:com.xiaomi.finddevice/6110 for content provider {com.xiaomi.finddevice/com.xiaomi.finddevice.v2.devicecredential.CloudIdProvider} caller=com.miui.cloudservice
10-13 10:49:29.198  1902  2774 D CompatibilityChangeReporter: Compat change id reported: 135634846; UID 10205; state: DISABLED
10-13 10:49:29.198  1902  2774 D CompatibilityChangeReporter: Compat change id reported: 177438394; UID 10205; state: DISABLED
10-13 10:49:29.198  1902  2774 D CompatibilityChangeReporter: Compat change id reported: 135772972; UID 10205; state: DISABLED
10-13 10:49:29.198  1902  2774 D CompatibilityChangeReporter: Compat change id reported: 135754954; UID 10205; state: ENABLED
10-13 10:49:29.201  1902  1955 D CompatibilityChangeReporter: Compat change id reported: 143937733; UID 10205; state: ENABLED
10-13 10:49:29.219  1902 23259 I SmartPower: com.xiaomi.finddevice/6110(17158): died->background(2433ms) R(process start ) adj=-10000.
10-13 10:49:29.220  1902 16962 D KeyValueBackupTask: Starting key-value backup of com.android.nfc
10-13 10:49:29.222  1902 16962 D BackupManagerService: bindToAgentSynchronous, packageName:com.android.nfc uid:1027, userId:0
10-13 10:49:29.223  1902 23259 D CompatibilityChangeReporter: Compat change id reported: 168419799; UID 6110; state: DISABLED
10-13 10:49:29.223  1902 23259 D CompatibilityChangeReporter: Compat change id reported: 273564678; UID 6110; state: DISABLED
10-13 10:49:29.224  1902  2670 I AutoStartManagerService: MIUILOG- Reject service :Intent { act=android.content.SyncAdapter cmp=com.google.android.apps.docs/.common.sync.syncadapter.DocsSyncAdapterService (has extras) } userId : 0 uid : 10242
10-13 10:49:29.224  1902  2670 E SyncManager: Bind attempt failed - target: ComponentInfo{com.google.android.apps.docs/com.google.android.apps.docs.common.sync.syncadapter.DocsSyncAdapterService}
10-13 10:49:29.227  1902 16962 D BackupManagerService: [UserID:0] awaiting agent for ApplicationInfo{b3904bd com.android.nfc}
10-13 10:49:29.228  1902  1955 I ActivityManager: Start proc 17190:com.google.android.apps.photos:mediametadataservice/u0a205 for service {com.google.android.apps.photos/com.google.android.apps.photos.mediametadataservice.MediaMetadataService} caller=com.google.android.apps.photos
10-13 10:49:29.228  1902  2600 D isUidValid: uid = 6110
10-13 10:49:29.230  1902  2323 D CompatibilityChangeReporter: Compat change id reported: 265195908; UID 6110; state: ENABLED
10-13 10:49:29.235  1902  2772 D BackupManagerService: [UserID:0] agentConnected pkg=com.android.nfc agent=android.os.BinderProxy@69cf35f
10-13 10:49:29.236  1902 16962 I BackupManagerService: [UserID:0] got agent android.app.IBackupAgent$Stub$Proxy@d74c1ac
10-13 10:49:29.236  1902 16962 D KeyValueBackupTask: Invoking agent on com.android.nfc
10-13 10:49:29.246  1902  1902 D CompatibilityChangeReporter: Compat change id reported: 177438394; UID 10242; state: DISABLED
10-13 10:49:29.246  1902  1902 D CompatibilityChangeReporter: Compat change id reported: 135772972; UID 10242; state: DISABLED
10-13 10:49:29.246  1902  1902 D CompatibilityChangeReporter: Compat change id reported: 135754954; UID 10242; state: ENABLED
10-13 10:49:29.247  1902  1955 D CompatibilityChangeReporter: Compat change id reported: 143937733; UID 10242; state: ENABLED
10-13 10:49:29.250  1902  2620 I SmartPower: com.google.android.dialer/10177(16694): background->idle(3241ms) R(service end com.google.android.dialer/androidx.work.impl.background.systemjob.SystemJobService) adj=915.
10-13 10:49:29.260  1902  1955 I ActivityManager: Start proc 17203:com.google.android.apps.docs/u0a242 for service {com.google.android.apps.docs/com.google.android.libraries.notifications.entrypoints.scheduled.ScheduledTaskService} caller=android
10-13 10:49:29.272  1902 16962 I BackupRestoreController: Getting widget state for user: 0
10-13 10:49:29.280  1902 16962 D KeyValueBackupTask: Starting key-value backup of com.android.chrome
10-13 10:49:29.287  1902 16962 D BackupManagerService: bindToAgentSynchronous, packageName:com.android.chrome uid:10190, userId:0
10-13 10:49:29.291  1902 16962 I SmartPower: com.android.chrome/10190(9847): idle->background(2173559ms) R(backup start) adj=0.
10-13 10:49:29.291  1902  2620 I SmartPower: com.android.chrome:privileged_process0/10190(9946): idle->background(2173559ms) R(add to whitelist) adj=0.
10-13 10:49:29.292  1902 16962 D BackupManagerService: [UserID:0] awaiting agent for ApplicationInfo{77ae46b com.android.chrome}
10-13 10:49:29.293  1902 23259 I SmartPower: com.google.android.apps.photos:mediametadataservice/10205(17190): died->background(2264415ms) R(process start ) adj=-10000.
10-13 10:49:29.296  1902 23259 D CompatibilityChangeReporter: Compat change id reported: 168419799; UID 10205; state: DISABLED
10-13 10:49:29.297  1902 23259 D CompatibilityChangeReporter: Compat change id reported: 273564678; UID 10205; state: DISABLED
10-13 10:49:29.307  1902  2772 D BackupManagerService: [UserID:0] agentConnected pkg=com.android.chrome agent=android.os.BinderProxy@93ba59d
10-13 10:49:29.307  1902 16962 I BackupManagerService: [UserID:0] got agent android.app.IBackupAgent$Stub$Proxy@f498a12
10-13 10:49:29.307  1902 16962 D KeyValueBackupTask: Invoking agent on com.android.chrome
10-13 10:49:29.308  1902 23259 I SmartPower: com.google.android.apps.docs/10242(17203): died->background(5564ms) R(process start ) adj=-10000.
10-13 10:49:29.310  1902 23259 D CompatibilityChangeReporter: Compat change id reported: 168419799; UID 10242; state: DISABLED
10-13 10:49:29.310  1902 23259 D CompatibilityChangeReporter: Compat change id reported: 273564678; UID 10242; state: DISABLED
10-13 10:49:29.315  1902  2323 D CompatibilityChangeReporter: Compat change id reported: 265195908; UID 10242; state: ENABLED
10-13 10:49:29.337  1902  2772 D CompatibilityChangeReporter: Compat change id reported: 170503758; UID 10205; state: ENABLED
10-13 10:49:29.347  1902  3385 D CompatibilityChangeReporter: Compat change id reported: 161145287; UID 6110; state: DISABLED
10-13 10:49:29.347  1902  2772 D CompatibilityChangeReporter: Compat change id reported: 170503758; UID 10242; state: ENABLED
10-13 10:49:29.355  1902  2620 I SmartPower: com.google.android.projection.gearhead:provider/10163(16741): background->idle(3006ms) R(adj below visible) adj=915.
10-13 10:49:29.372  1902 16962 I BackupRestoreController: Getting widget state for user: 0
10-13 10:49:29.386  1902 16962 D KeyValueBackupTask: Starting key-value backup of com.android.thememanager
10-13 10:49:29.389  1902 16962 D BackupManagerService: bindToAgentSynchronous, packageName:com.android.thememanager uid:6101, userId:0
10-13 10:49:29.396  1902  1917 D CompatibilityChangeReporter: Compat change id reported: 261072174; UID 6110; state: DISABLED
10-13 10:49:29.401  1902  2774 D CompatibilityChangeReporter: Compat change id reported: 135634846; UID 10148; state: DISABLED
10-13 10:49:29.401  1902  2774 D CompatibilityChangeReporter: Compat change id reported: 177438394; UID 10148; state: DISABLED
10-13 10:49:29.401  1902  2774 D CompatibilityChangeReporter: Compat change id reported: 135772972; UID 10148; state: DISABLED
10-13 10:49:29.401  1902  2774 D CompatibilityChangeReporter: Compat change id reported: 135754954; UID 10148; state: ENABLED
10-13 10:49:29.402  1902  1955 D CompatibilityChangeReporter: Compat change id reported: 143937733; UID 10148; state: ENABLED
10-13 10:49:29.404  1902 16962 D BackupManagerService: [UserID:0] awaiting agent for ApplicationInfo{ae4b835 com.android.thememanager}
10-13 10:49:29.413  1902  1955 I ActivityManager: Start proc 17248:com.xiaomi.simactivate.service/u0a148 for service {com.xiaomi.simactivate.service/com.xiaomi.activate.ActivateService} caller=com.miui.cloudservice
10-13 10:49:29.418  1902 23259 D BackupManagerService: [UserID:0] agentConnected pkg=com.android.thememanager agent=android.os.BinderProxy@7a7860f
10-13 10:49:29.423  1902 16962 I BackupManagerService: [UserID:0] got agent android.app.IBackupAgent$Stub$Proxy@a60742b
10-13 10:49:29.423  1902 16962 D KeyValueBackupTask: Invoking agent on com.android.thememanager
10-13 10:49:29.428  1902 23266 I ActivityManager: Flag disabled. Ignoring finishAttachApplication from uid: 10116. pid: 17056
10-13 10:49:29.460  1902 23266 D CompatibilityChangeReporter: Compat change id reported: 161145287; UID 10242; state: ENABLED
10-13 10:49:29.483  1902 15926 D CompatibilityChangeReporter: Compat change id reported: 261072174; UID 10242; state: ENABLED
10-13 10:49:29.484  1902 23266 I ActivityManager: Flag disabled. Ignoring finishAttachApplication from uid: 6110. pid: 17158
10-13 10:49:29.488  1902 23161 I SmartPower: com.xiaomi.simactivate.service/10148(17248): died->background(1171ms) R(process start ) adj=-10000.
10-13 10:49:29.490  1902 23259 D CompatibilityChangeReporter: Compat change id reported: 201794303; UID 10116; state: ENABLED
10-13 10:49:29.491  1902 23259 D CompatibilityChangeReporter: Compat change id reported: 207133734; UID 10116; state: ENABLED
10-13 10:49:29.493  1902 23161 D CompatibilityChangeReporter: Compat change id reported: 168419799; UID 10148; state: DISABLED
10-13 10:49:29.494  1902 23161 D CompatibilityChangeReporter: Compat change id reported: 273564678; UID 10148; state: DISABLED
10-13 10:49:29.500  1902  2323 D CompatibilityChangeReporter: Compat change id reported: 265195908; UID 10148; state: ENABLED
10-13 10:49:29.502  1902 23161 D CompatibilityChangeReporter: Compat change id reported: 261072174; UID 10116; state: ENABLED
10-13 10:49:29.517  1902 15926 D CompatibilityChangeReporter: Compat change id reported: 170503758; UID 10148; state: ENABLED
10-13 10:49:29.523  1902  1918 D PackageManager: set app component=ComponentInfo{com.google.android.apps.docs/com.google.android.apps.docs.drive.filepicker.GetMetadataActivity} enabled state: 1 from com.google.android.apps.docs,uid=10242,pid=17203
10-13 10:49:29.526  1902 16962 I BackupRestoreController: Getting widget state for user: 0
10-13 10:49:29.532  1902 16962 D KeyValueBackupTask: Starting key-value backup of com.android.vending
10-13 10:49:29.533  1902 23259 D CompatibilityChangeReporter: Compat change id reported: 74210811; UID 10242; state: ENABLED
10-13 10:49:29.548  1902 16962 D BackupManagerService: bindToAgentSynchronous, packageName:com.android.vending uid:10184, userId:0
10-13 10:49:29.550  1902 16962 I SmartPower: com.android.vending/10184(11382): idle->background(2154652ms) R(backup start) adj=300.
10-13 10:49:29.550  1902 16962 D BackupManagerService: [UserID:0] awaiting agent for ApplicationInfo{b027f5c com.android.vending}
10-13 10:49:29.578  1902 15926 D BackupManagerService: [UserID:0] agentConnected pkg=com.android.vending agent=android.os.BinderProxy@8b1ee31
10-13 10:49:29.582  1902 23259 D CompatibilityChangeReporter: Compat change id reported: 201794303; UID 10242; state: ENABLED
10-13 10:49:29.583  1902 23259 D CompatibilityChangeReporter: Compat change id reported: 207133734; UID 10242; state: ENABLED
10-13 10:49:29.586  1902 16962 I BackupManagerService: [UserID:0] got agent android.app.IBackupAgent$Stub$Proxy@b224297
10-13 10:49:29.586  1902 16962 D KeyValueBackupTask: Invoking agent on com.android.vending
10-13 10:49:29.589  1902  1918 D PackageManager: set app component=ComponentInfo{com.google.android.apps.docs/com.google.android.apps.docs.app.OpenSafUrlActivity} enabled state: 0 from com.google.android.apps.docs,uid=10242,pid=17203
10-13 10:49:29.589  1902 23171 D PackageManager: set app component=ComponentInfo{com.google.android.apps.docs/com.google.android.apps.docs.app.PaymentsActivity} enabled state: 0 from com.google.android.apps.docs,uid=10242,pid=17203
10-13 10:49:29.589  1902 23171 D PackageManager: set app component=ComponentInfo{com.google.android.apps.docs/com.google.android.apps.docs.app.PickActivity} enabled state: 0 from com.google.android.apps.docs,uid=10242,pid=17203
10-13 10:49:29.589  1902 23171 D PackageManager: set app component=ComponentInfo{com.google.android.apps.docs/com.google.android.apps.docs.common.androidshortcuts.CreateDocumentScanShortcutActivity} enabled state: 0 from com.google.android.apps.docs,uid=10242,pid=17203
10-13 10:49:29.590  1902  1918 D PackageManager: set app component=ComponentInfo{com.google.android.apps.docs/com.google.android.apps.docs.common.androidshortcuts.CreateShortcutActivity} enabled state: 0 from com.google.android.apps.docs,uid=10242,pid=17203
10-13 10:49:29.590  1902 23171 D PackageManager: set app component=ComponentInfo{com.google.android.apps.docs/com.google.android.apps.docs.common.entry.pick.PickEntryActivity} enabled state: 0 from com.google.android.apps.docs,uid=10242,pid=17203
10-13 10:49:29.590  1902  1918 D PackageManager: set app component=ComponentInfo{com.google.android.apps.docs/com.google.android.apps.docs.common.openurl.DriveOpenUrlActivityAlias} enabled state: 0 from com.google.android.apps.docs,uid=10242,pid=17203
10-13 10:49:29.590  1902  1918 D PackageManager: set app component=ComponentInfo{com.google.android.apps.docs/com.google.android.apps.docs.common.openurl.KixOpenUrlActivityAlias} enabled state: 0 from com.google.android.apps.docs,uid=10242,pid=17203
10-13 10:49:29.590  1902  1918 D PackageManager: set app component=ComponentInfo{com.google.android.apps.docs/com.google.android.apps.docs.common.openurl.PunchOpenUrlActivityAlias} enabled state: 0 from com.google.android.apps.docs,uid=10242,pid=17203
10-13 10:49:29.590  1902 23171 D PackageManager: set app component=ComponentInfo{com.google.android.apps.docs/com.google.android.apps.docs.GlobalSearch} enabled state: 0 from com.google.android.apps.docs,uid=10242,pid=17203
10-13 10:49:29.590  1902 23171 D PackageManager: set app component=ComponentInfo{com.google.android.apps.docs/com.google.android.apps.docs.app.GetContentActivity} enabled state: 0 from com.google.android.apps.docs,uid=10242,pid=17203
10-13 10:49:29.590  1902 23171 D PackageManager: set app component=ComponentInfo{com.google.android.apps.docs/com.google.android.apps.docs.common.openurl.TrixOpenUrlActivityAlias} enabled state: 0 from com.google.android.apps.docs,uid=10242,pid=17203
10-13 10:49:29.592  1902  1918 D PackageManager: set app component=ComponentInfo{com.google.android.apps.docs/com.google.android.apps.docs.common.openurl.GoogleOneDeeplinkActivityAlias} enabled state: 2 from com.google.android.apps.docs,uid=10242,pid=17203
10-13 10:49:29.594  1902 23259 D PackageManager: set app component=ComponentInfo{com.google.android.apps.docs/com.google.android.apps.docs.common.preferences.activity.PreferencesActivity} enabled state: 0 from com.google.android.apps.docs,uid=10242,pid=17203
10-13 10:49:29.594  1902 23171 D PackageManager: set app component=ComponentInfo{com.google.android.apps.docs/com.google.android.apps.docs.common.shareitem.UploadMenuActivity} enabled state: 0 from com.google.android.apps.docs,uid=10242,pid=17203
10-13 10:49:29.594  1902 23171 D PackageManager: set app component=ComponentInfo{com.google.android.apps.docs/com.google.android.apps.docs.common.testing.TestAppCompatActivity} enabled state: 0 from com.google.android.apps.docs,uid=10242,pid=17203
10-13 10:49:29.594  1902 23171 D PackageManager: set app component=ComponentInfo{com.google.android.apps.docs/com.google.android.apps.docs.doclist.documentopener.DocumentOpenerActivity} enabled state: 0 from com.google.android.apps.docs,uid=10242,pid=17203
10-13 10:49:29.594  1902 23171 D PackageManager: set app component=ComponentInfo{com.google.android.apps.docs/com.google.android.apps.docs.doclist.documentopener.DocumentOpenerActivityDelegate} enabled state: 0 from com.google.android.apps.docs,uid=10242,pid=17203
10-13 10:49:29.594  1902 23171 D PackageManager: set app component=ComponentInfo{com.google.android.apps.docs/com.google.android.apps.docs.drive.capture.DocScannerExportedActivity} enabled state: 0 from com.google.android.apps.docs,uid=10242,pid=17203
10-13 10:49:29.595  1902 23171 D PackageManager: set app component=ComponentInfo{com.google.android.apps.docs/com.google.android.apps.docs.drive.filepicker.GetMetadataActivity} enabled state: 0 from com.google.android.apps.docs,uid=10242,pid=17203
10-13 10:49:29.598  1902  3984 D PackageManager: set app component=ComponentInfo{com.google.android.apps.docs/com.google.android.apps.docs.drive.widget.WidgetConfigureActivity} enabled state: 0 from com.google.android.apps.docs,uid=10242,pid=17203
10-13 10:49:29.599  1902  2774 D PackageManager: set app component=ComponentInfo{com.google.android.apps.docs/com.google.android.apps.viewer.PdfViewerActivity} enabled state: 0 from com.google.android.apps.docs,uid=10242,pid=17203
10-13 10:49:29.600  1902  3385 D PackageManager: set app component=ComponentInfo{com.google.android.apps.docs/com.google.android.apps.viewer.ProjectorActivity} enabled state: 0 from com.google.android.apps.docs,uid=10242,pid=17203
10-13 10:49:29.602  1902  3984 D PackageManager: set app component=ComponentInfo{com.google.android.apps.docs/com.google.android.apps.viewer.viewer.pdf.ink.InkActivity} enabled state: 0 from com.google.android.apps.docs,uid=10242,pid=17203
10-13 10:49:29.603  1902  1918 D PackageManager: set app component=ComponentInfo{com.google.android.apps.docs/net.openid.appauth.RedirectUriReceiverActivity} enabled state: 0 from com.google.android.apps.docs,uid=10242,pid=17203
10-13 10:49:29.604  1902  3385 D PackageManager: set app component=ComponentInfo{com.google.android.apps.docs/com.google.android.apps.docs.app.DocumentOpenerActivityProxy} enabled state: 0 from com.google.android.apps.docs,uid=10242,pid=17203
10-13 10:49:29.605  1902  2772 D PackageManager: set app component=ComponentInfo{com.google.android.apps.docs/com.google.android.apps.docs.drive.openurl.OpenUrlActivity} enabled state: 0 from com.google.android.apps.docs,uid=10242,pid=17203
10-13 10:49:29.605  1902  2303 D PackageManager: set app component=ComponentInfo{com.google.android.apps.docs/com.google.android.apps.docs.drive.clipboard.SendTextToClipboardActivity} enabled state: 2 from com.google.android.apps.docs,uid=10242,pid=17203
10-13 10:49:29.605  1902  1918 D PackageManager: set app component=ComponentInfo{com.google.android.apps.docs/com.google.android.apps.docs.common.openurl.OpenUrlActivity} enabled state: 0 from com.google.android.apps.docs,uid=10242,pid=17203
10-13 10:49:29.606  1902 23266 D PackageManager: set app component=ComponentInfo{com.google.android.apps.docs/com.google.android.apps.docs.androidshortcuts.CreateShortcutActivity} enabled state: 0 from com.google.android.apps.docs,uid=10242,pid=17203
10-13 10:49:29.606  1902  3984 D PackageManager: set app component=ComponentInfo{com.google.android.apps.docs/com.google.android.apps.docs.androidshortcuts.CreateDocumentScanShortcutActivity} enabled state: 0 from com.google.android.apps.docs,uid=10242,pid=17203
10-13 10:49:29.607  1902 23266 D PackageManager: set app component=ComponentInfo{com.google.android.apps.docs/com.google.android.apps.docs.common.androidshortcuts.ScanToDriveActivity} enabled state: 0 from com.google.android.apps.docs,uid=10242,pid=17203
10-13 10:49:29.607  1902  2772 D PackageManager: set app component=ComponentInfo{com.google.android.apps.docs/com.google.android.apps.docs.shortcut.ScanToDriveActivity} enabled state: 0 from com.google.android.apps.docs,uid=10242,pid=17203
10-13 10:49:29.608  1902  2772 D PackageManager: set app component=ComponentInfo{com.google.android.apps.docs/com.google.android.apps.docs.androidshortcuts.ScanToDriveActivity} enabled state: 0 from com.google.android.apps.docs,uid=10242,pid=17203
10-13 10:49:29.609  1902 23266 D PackageManager: set app component=ComponentInfo{com.google.android.apps.docs/com.google.android.apps.docs.common.help.HelpMenuTrampolineActivity} enabled state: 0 from com.google.android.apps.docs,uid=10242,pid=17203
10-13 10:49:29.609  1902  1917 I ActivityManager: Flag disabled. Ignoring finishAttachApplication from uid: 10242. pid: 17203
10-13 10:49:29.609  1902  3984 D PackageManager: set app component=ComponentInfo{com.google.android.apps.docs/com.google.androidbrowserhelper.trusted.LauncherActivityAlias} enabled state: 0 from com.google.android.apps.docs,uid=10242,pid=17203
10-13 10:49:29.611  1902  2772 D PackageManager: set app component=ComponentInfo{com.google.android.apps.docs/com.google.android.libraries.social.licenses.LicenseMenuActivity} enabled state: 0 from com.google.android.apps.docs,uid=10242,pid=17203
10-13 10:49:29.618  1902  3984 D PackageManager: set app component=ComponentInfo{com.google.android.apps.docs/androidx.compose.ui.tooling.PreviewActivity} enabled state: 0 from com.google.android.apps.docs,uid=10242,pid=17203
10-13 10:49:29.618  1902 23259 D PackageManager: set app component=ComponentInfo{com.google.android.apps.docs/com.google.androidbrowserhelper.trusted.DelegationService} enabled state: 0 from com.google.android.apps.docs,uid=10242,pid=17203
10-13 10:49:29.619  1902 23259 D PackageManager: set app component=ComponentInfo{com.google.android.apps.docs/com.google.androidbrowserhelper.trusted.LauncherActivityAlias} enabled state: 0 from com.google.android.apps.docs,uid=10242,pid=17203
10-13 10:49:29.652 17190 17190 D ActivityThread: useGrowthLimitOutExpendMethod invoke error.
10-13 10:49:29.667  1902 15926 D CompatibilityChangeReporter: Compat change id reported: 271850009; UID 10234; state: ENABLED
10-13 10:49:29.668  1902 15926 D CompatibilityChangeReporter: Compat change id reported: 253665015; UID 10234; state: ENABLED
10-13 10:49:29.668  1902 15926 D CompatibilityChangeReporter: Compat change id reported: 194532703; UID 10234; state: ENABLED
10-13 10:49:29.672  1902  2774 D CompatibilityChangeReporter: Compat change id reported: 261072174; UID 10148; state: ENABLED
10-13 10:49:29.672  1902  1918 I ActivityManager: Flag disabled. Ignoring finishAttachApplication from uid: 10148. pid: 17248
10-13 10:49:29.686  1902 23259 D CompatibilityChangeReporter: Compat change id reported: 161145287; UID 10148; state: ENABLED
10-13 10:49:29.690   691 23979 E keystore2: system/security/keystore2/src/error.rs:180 - system/security/keystore2/src/service.rs:122: No such security level.
10-13 10:49:29.690   691 23979 E keystore2: 
10-13 10:49:29.690   691 23979 E keystore2: Caused by:
10-13 10:49:29.690   691 23979 E keystore2:     Error::Km(r#HARDWARE_TYPE_UNAVAILABLE)
10-13 10:49:29.729  1902  1950 D AppWidgetServiceImpl: Provider info from ComponentInfo{com.android.thememanager/com.android.thememanager.appwidget.provider.ThemeRecommendProvider_4x2} won't be persisted.
10-13 10:49:29.729  1902  1950 D AppWidgetServiceImpl: Provider info from ComponentInfo{com.android.thememanager/com.android.thememanager.appwidget.provider.ThemePopularProvider_2x2} won't be persisted.
10-13 10:49:29.729  1902  1950 D AppWidgetServiceImpl: Provider info from ComponentInfo{com.android.thememanager/com.android.thememanager.appwidget.provider.ThemeMoreProvider_4x2} won't be persisted.
10-13 10:49:29.729  1902  1950 D AppWidgetServiceImpl: Provider info from ComponentInfo{com.android.thememanager/com.android.thememanager.appwidget.provider.RingtoneNewProvider_2x2} won't be persisted.
10-13 10:49:29.729  1902  1950 D AppWidgetServiceImpl: Provider info from ComponentInfo{com.android.thememanager/com.android.thememanager.appwidget.provider.RingtoneAddProvider_2x2} won't be persisted.
10-13 10:49:29.814  1902 16962 I BackupRestoreController: Getting widget state for user: 0
10-13 10:49:29.838  1902  3984 D MiuiMemoryInfoImpl: MEMINFO_KRECLAIMABLE: 138336, MEMINFO_SLAB_RECLAIMABLE: 136968, MEMINFO_BUFFERS: 9424, MEMINFO_CACHED: 3587128, MEMINFO_FREE: 77900
10-13 10:49:29.846  1902  3984 D MiuiMemoryInfoImpl: cache: 3904294912, cachePss: 866906112, lostcache: 0
10-13 10:49:29.853  1902 23171 I SmartPower: com.miui.home/10085(3001): idle->background(7720ms) R(content provider start ContentProviderRecord{e32c05d u0 com.miui.home/.launcher.LauncherProvider}) adj=0.
10-13 10:49:29.853  1902  2620 I SmartPower: com.facebook.appmanager/10150(16772): background->idle(3250ms) R(service end com.facebook.appmanager/com.facebook.preloads.platform.common.periodicwork.PeriodicWorkJobService) adj=250.
10-13 10:49:29.855 16772 16996 W BpBinder: Slow Binder: BpBinder transact took 908 ms, interface=android.content.IContentProvider, code=1 oneway=false
10-13 10:49:29.874  1902  1917 D CompatibilityChangeReporter: Compat change id reported: 271850009; UID 10116; state: ENABLED
10-13 10:49:29.905  1902  2771 E NotificationService: Muting recently noisy 0|com.xiaomi.account|1006|null|10149
10-13 10:49:29.917 17021 17150 W BpBinder: Slow Binder: BpBinder transact took 351 ms, interface=android.content.pm.IPackageManager, code=9 oneway=false
10-13 10:49:29.928  1902 23161 D CompatibilityChangeReporter: Compat change id reported: 161145287; UID 10205; state: ENABLED
10-13 10:49:29.947  1902  2303 W JobScheduler: Job didn't exist in JobStore: 
10-13 10:49:29.955  1902  2771 E NotificationService: Muting recently noisy 0|com.xiaomi.account|1006|null|10149
10-13 10:49:29.978  1902  2303 D CompatibilityChangeReporter: Compat change id reported: 271850009; UID 10150; state: DISABLED
10-13 10:49:29.990  1902  3984 D PackageManager: set app component=ComponentInfo{com.facebook.services/com.facebook.oxygen.services.fbns.RegisteredMqttSystemBroadcastReceiver} enabled state: 2 from com.facebook.services,uid=10097,pid=17006
10-13 10:49:30.005  1902 17406 E DynamicCodeLogger: Could not infer CE/DE storage for path /data/data/com.microsoft.teams/mam_libs/arm64-v8a/libmsmdmarp.so
10-13 10:49:30.005  1902 17406 E DynamicCodeLogger: Could not infer CE/DE storage for path /data/data/com.microsoft.teams/mam_libs/arm64-v8a/aes/libwolfssl.so
10-13 10:49:30.005  1902 17406 E DynamicCodeLogger: Could not infer CE/DE storage for path /data/data/com.microsoft.teams/mam_libs/arm64-v8a/liborigin.so
10-13 10:49:30.005  1902 17406 E DynamicCodeLogger: Could not infer CE/DE storage for path /data/data/com.microsoft.teams/mam_libs/arm64-v8a/libmsmam-pre.so
10-13 10:49:30.007  1902  2771 I ActivityManager: Flag disabled. Ignoring finishAttachApplication from uid: 10205. pid: 17190
10-13 10:49:30.020  1902  2620 I SmartPower: com.mi.globalminusscreen/10076(31794): background->idle(3001ms) R(content provider start ContentProviderRecord{6d1d1ea u0 com.mi.globalminusscreen/.widget.provider.WidgetExternalProvider}) adj=100.
10-13 10:49:30.034  1902  2323 D CompatibilityChangeReporter: Compat change id reported: 265195908; UID 10205; state: ENABLED
10-13 10:49:30.108  1902 17406 D DynamicCodeLogger: Got no hash for /data/user/0/com.android.vending/app_dg_cache/907C41A5B16EE04A1B839A2205EF012C469A1771/the.apk
10-13 10:49:30.183 17021 17090 W BpBinder: Slow Binder: BpBinder transact took 605 ms, interface=android.app.IActivityManager, code=77 oneway=false
10-13 10:49:30.187  1902 23266 D CompatibilityChangeReporter: Compat change id reported: 182734110; UID 10259; state: ENABLED
10-13 10:49:30.262  1902  4160 D PackageManager: set app component=ComponentInfo{com.google.android.apps.docs/com.google.android.apps.docs.common.sync.syncadapter.DocsSyncAdapterService} enabled state: 0 from com.google.android.apps.docs,uid=10242,pid=17203
10-13 10:49:30.263  1902  4160 D PackageManager: set app component=ComponentInfo{com.google.android.apps.docs/com.google.android.apps.docs.common.storagebackend.LegacyStorageBackendContentProvider} enabled state: 0 from com.google.android.apps.docs,uid=10242,pid=17203
10-13 10:49:30.263  1902  4160 D PackageManager: set app component=ComponentInfo{com.google.android.apps.docs/com.google.android.apps.docs.common.storagebackend.StorageBackendContentProvider} enabled state: 0 from com.google.android.apps.docs,uid=10242,pid=17203
10-13 10:49:30.264  1902  4160 D PackageManager: set app component=ComponentInfo{com.google.android.apps.docs/com.google.android.apps.docs.common.shareitem.UploadMenuActivity} enabled state: 0 from com.google.android.apps.docs,uid=10242,pid=17203
10-13 10:49:30.264  1902  4160 D PackageManager: set app component=ComponentInfo{com.google.android.apps.docs/com.google.android.apps.viewer.PdfViewerActivity} enabled state: 0 from com.google.android.apps.docs,uid=10242,pid=17203
10-13 10:49:30.265  1902  4160 D PackageManager: set app component=ComponentInfo{com.google.android.apps.docs/com.google.android.apps.viewer.ProjectorActivity} enabled state: 0 from com.google.android.apps.docs,uid=10242,pid=17203
10-13 10:49:30.265  1902  4160 D PackageManager: set app component=ComponentInfo{com.google.android.apps.docs/com.google.android.apps.docs.drive.filepicker.GetMetadataActivity} enabled state: 0 from com.google.android.apps.docs,uid=10242,pid=17203
10-13 10:49:30.265  1902  4160 D PackageManager: set app component=ComponentInfo{com.google.android.apps.docs/com.google.android.apps.docs.drive.capture.DocScannerActivity} enabled state: 0 from com.google.android.apps.docs,uid=10242,pid=17203
10-13 10:49:30.265  1902  4160 D PackageManager: set app component=ComponentInfo{com.google.android.apps.docs/com.google.android.apps.docs.shortcut.ScanToDriveActivity} enabled state: 0 from com.google.android.apps.docs,uid=10242,pid=17203
10-13 10:49:30.266  1902  4160 D PackageManager: set app component=ComponentInfo{com.google.android.apps.docs/com.google.android.apps.docs.androidshortcuts.ScanToDriveActivity} enabled state: 0 from com.google.android.apps.docs,uid=10242,pid=17203
10-13 10:49:30.266  1902  2771 D PackageManager: set app component=ComponentInfo{com.google.android.apps.docs/com.google.android.apps.docs.androidshortcuts.CreateShortcutActivity} enabled state: 0 from com.google.android.apps.docs,uid=10242,pid=17203
10-13 10:49:30.266  1902  2771 D PackageManager: set app component=ComponentInfo{com.google.android.apps.docs/com.google.android.apps.docs.androidshortcuts.CreateDocumentScanShortcutActivity} enabled state: 0 from com.google.android.apps.docs,uid=10242,pid=17203
10-13 10:49:30.266  1902  2771 D PackageManager: set app component=ComponentInfo{com.google.android.apps.docs/com.google.android.apps.docs.common.androidshortcuts.ScanToDriveActivity} enabled state: 0 from com.google.android.apps.docs,uid=10242,pid=17203
10-13 10:49:30.267  1902  2771 D PackageManager: set app component=ComponentInfo{com.google.android.apps.docs/com.google.android.apps.docs.common.androidshortcuts.CreateShortcutActivity} enabled state: 0 from com.google.android.apps.docs,uid=10242,pid=17203
10-13 10:49:30.267  1902  2771 D PackageManager: set app component=ComponentInfo{com.google.android.apps.docs/com.google.android.apps.docs.common.androidshortcuts.CreateDocumentScanShortcutActivity} enabled state: 0 from com.google.android.apps.docs,uid=10242,pid=17203
10-13 10:49:30.267  1902  2771 D PackageManager: set app component=ComponentInfo{com.google.android.apps.docs/com.google.android.apps.docs.drive.widget.WidgetConfigureActivity} enabled state: 0 from com.google.android.apps.docs,uid=10242,pid=17203
10-13 10:49:30.268  1902  2771 D PackageManager: set app component=ComponentInfo{com.google.android.apps.docs/com.google.android.apps.docs.drive.widget.CakemixAppWidgetProvider} enabled state: 0 from com.google.android.apps.docs,uid=10242,pid=17203
10-13 10:49:30.274  1902 16334 W BpBinder: Slow Binder: BpBinder transact took 275 ms, interface=com.android.server.art.IArtd, code=4 oneway=false
10-13 10:49:30.451  1902  2620 I SmartPower: com.facebook.system/10093(16918): background->idle(3020ms) R(adj below visible) adj=915.
10-13 10:49:30.525  1902  1990 I AppsFilter: interaction: PackageSetting{8220c0c com.android.microdroid.empty_payload/10336} -> PackageSetting{a54a151 com.google.android.apps.docs/10242} BLOCKED
10-13 10:49:30.525  1902  1990 I AppsFilter: interaction: PackageSetting{6987380 io.appium.uiautomator2.server.test/10379} -> PackageSetting{a54a151 com.google.android.apps.docs/10242} BLOCKED
10-13 10:49:30.525  1902  1990 I AppsFilter: interaction: PackageSetting{caa3f6a com.fido.asm/10112} -> PackageSetting{a54a151 com.google.android.apps.docs/10242} BLOCKED
10-13 10:49:30.526  1902  1990 I AppsFilter: interaction: PackageSetting{4c1bc67 io.appium.uiautomator2.server/10378} -> PackageSetting{a54a151 com.google.android.apps.docs/10242} BLOCKED
10-13 10:49:30.526  1902  1990 I AppsFilter: interaction: PackageSetting{10a1d4e io.appium.settings/10326} -> PackageSetting{a54a151 com.google.android.apps.docs/10242} BLOCKED
10-13 10:49:30.547  1902  2323 D CompatibilityChangeReporter: Compat change id reported: 218533173; UID 10242; state: ENABLED
10-13 10:49:30.549  1902  2323 D CompatibilityChangeReporter: Compat change id reported: 262645982; UID 10242; state: ENABLED
10-13 10:49:30.616  1902 23259 W JobScheduler: Job didn't exist in JobStore: 
10-13 10:49:30.638  1902  2323 D CompatibilityChangeReporter: Compat change id reported: 265195908; UID 10302; state: ENABLED
10-13 10:49:30.641  1902 23266 D CompatibilityChangeReporter: Compat change id reported: 135634846; UID 10067; state: DISABLED
10-13 10:49:30.641  1902 23266 D CompatibilityChangeReporter: Compat change id reported: 177438394; UID 10067; state: DISABLED
10-13 10:49:30.641  1902 23266 D CompatibilityChangeReporter: Compat change id reported: 135772972; UID 10067; state: DISABLED
10-13 10:49:30.641  1902 23266 D CompatibilityChangeReporter: Compat change id reported: 135754954; UID 10067; state: ENABLED
10-13 10:49:30.642  1902  1955 D CompatibilityChangeReporter: Compat change id reported: 143937733; UID 10067; state: ENABLED
10-13 10:49:30.648  2983  3075 D MiuiFreeformCursorHandler: updateSupportMouse mSupportMousefalse
10-13 10:49:30.648  2983  3075 D MiuiFreeformCursorHandler: updateSupportMouse mSupportMousefalse
10-13 10:49:30.648  2983  3075 D MiuiFreeformCursorHandler: updateSupportMouse mSupportMousefalse
10-13 10:49:30.648  2983  3075 D MiuiFreeformCursorHandler: updateSupportMouse mSupportMousefalse
10-13 10:49:30.648  2983  3075 D MiuiFreeformCursorHandler: updateSupportMouse mSupportMousefalse
10-13 10:49:30.649  1902 23266 E NotificationService: Muting recently noisy 0|com.xiaomi.account|1006|null|10149
