10-09 14:07:28.591  4304  4304 D ArtChoreographerMonitor: invoke error.
10-09 14:07:28.618  2042  3524 I SmartPower: com.google.android.apps.messaging/10165(21061): background->idle(3001ms) R(content provider start ContentProviderRecord{178367 u0 com.google.android.apps.messaging/.shared.datamodel.provider.sharedstorage.SharedStorageProvider}) adj=200.
10-09 14:07:28.786  4304  4304 D ArtChoreographerMonitor: invoke error.
10-09 14:07:30.257  2042  9053 D PackageParserImpl: dump dex file,file message: base.vdex: 6501Kb 
10-09 14:07:30.348  2042  9053 D PackageParserImpl: dump dex file,file message: base.vdex: 6501Kb 
10-09 14:07:30.590  2042  2042 D UiModeManager: updateConfigurationLocked: mDockState=0; mCarMode=false; mCar=false; mPowerSave=false; mOverrideNightModeOn=false; mOverrideNightModeOff=false; mComputedNightMode=false; mNightMode=1; uiMode=17
10-09 14:07:30.926  2042  9053 D PackageParserImpl: dump dex file,file message: base.odex: 64Kb base.vdex: 8311Kb 
10-09 14:07:31.026  2042  9053 D PackageParserImpl: dump dex file,file message: base.odex: 64Kb base.vdex: 8311Kb 
10-09 14:07:31.088  2042  2787 I SmartPower: com.xiaomi.discover/10121(23492): idle->background(56999ms) R(broadcast start Intent { act=android.intent.action.BATTERY_CHANGED flg=0x60000010 (has extras) }) adj=905.
10-09 14:07:31.088  2042  2787 I SmartPower: com.miui.android.fashiongallery/10228(32611): idle->background(57000ms) R(broadcast start Intent { act=android.intent.action.BATTERY_CHANGED flg=0x60000010 (has extras) }) adj=915.
10-09 14:07:31.089  2042  2787 I SmartPower: com.facebook.appmanager/10138(27658): idle->background(57000ms) R(broadcast start Intent { act=android.intent.action.BATTERY_CHANGED flg=0x60000010 (has extras) }) adj=905.
10-09 14:07:31.089  2042  2787 I SmartPower: com.facebook.katana/10243(13231): idle->background(57000ms) R(broadcast start Intent { act=android.intent.action.BATTERY_CHANGED flg=0x60000010 (has extras) }) adj=905.
10-09 14:07:31.090  2042  2787 I SmartPower: com.google.android.apps.tachyon/10226(15532): idle->background(56998ms) R(broadcast start Intent { act=android.intent.action.BATTERY_CHANGED flg=0x60000010 (has extras) }) adj=965.
10-09 14:07:31.090  2042  2787 I SmartPower: com.microsoft.teams/10266(15546): idle->background(56998ms) R(broadcast start Intent { act=android.intent.action.BATTERY_CHANGED flg=0x60000010 (has extras) }) adj=900.
10-09 14:07:31.091  2042  2787 I SmartPower: com.google.android.apps.magazines/10234(19722): idle->background(56998ms) R(broadcast start Intent { act=android.intent.action.BATTERY_CHANGED flg=0x60000010 (has extras) }) adj=905.
10-09 14:07:31.092  2042  2787 I SmartPower: com.android.chrome/10172(2944): idle->background(10395ms) R(broadcast start Intent { act=android.intent.action.BATTERY_CHANGED flg=0x60000010 (has extras) }) adj=700.
10-09 14:07:31.310  2042  3123 D AlarmManager: mBroadcastRefCount -> 1
10-09 14:07:31.314  2042  2075 D ActivityManager: checkAllowBackground: uid=1000 pkg=android rec=UidRecord{b77cac0 1000 PER  fgServices allowlist change:procadj procs:0 seq(730680,448524)} caps=LCMNFU always=false idle=false
10-09 14:07:31.314  2042  2042 D AlarmManager: mBroadcastRefCount -> 0
10-09 14:07:31.314  2042  2042 D AlarmManager: mPendingIntent -> PendingIntent{659bd1f: PendingIntentRecord{cf286c android broadcastIntent}}
10-09 14:07:31.600  2183  2183 I wificond: station_bandwidth: P
10-09 14:07:31.744  2042  9053 D PackageParserImpl: dump dex file,file message: base.odex: 32Kb base.vdex: 1832Kb 
10-09 14:07:32.980  2042  2073 D PackageParserImpl: dump dex file,file message: base.odex: 240Kb base.vdex: 578Kb 
10-09 14:07:33.065  2042  2073 D PackageParserImpl: dump dex file,file message: base.odex: 240Kb base.vdex: 578Kb 
10-09 14:07:33.189  2042  2073 D PackageParserImpl: dump dex file,file message: base.odex: 240Kb base.vdex: 578Kb 
10-09 14:07:33.274  2042  2073 I ActivityManager: Force stopping eu.europa.ec.euidi appid=10030 user=0: from process:9008
10-09 14:07:33.275  2042  2073 D CompatibilityChangeReporter: Compat change id reported: 197654537; UID 10030; state: ENABLED
10-09 14:07:33.275  2042  2073 D CompatibilityChangeReporter: Compat change id reported: 197654537; UID 10172; state: ENABLED
10-09 14:07:33.276  2042  3515 E ProcessManager: error write exception log
10-09 14:07:33.278  2042  2073 I ActivityManager: Killing 8788:eu.europa.ec.euidi/u0a30 (adj 0): stop eu.europa.ec.euidi due to from process:9008
10-09 14:07:33.279  2042  2074 D DisplayManagerService: Drop pending events for gone uid 10030
10-09 14:07:33.282  2042  2073 W ActivityTaskManager: Force removing ActivityRecord{e6434c7 u0 eu.europa.ec.euidi/eu.europa.ec.assemblylogic.ui.MainActivity t6530 f}}: app died, no saved state
10-09 14:07:33.282  2042  2073 D WindowManager: Requesting StartTransition: TransitionRecord{7bb3a76 id=401 type=CLOSE flags=0x0}
10-09 14:07:33.283  2042  2073 D WindowManager: Collecting in transition 401: Task{6a3721d #6530 type=standard A=10030:eu.europa.ec.euidi} init visibleRequested:true
10-09 14:07:33.284  2042  2073 D WindowManager: Collecting in transition 401: ActivityRecord{e6434c7 u0 eu.europa.ec.euidi/eu.europa.ec.assemblylogic.ui.MainActivity t6530 f}} init visibleRequested:false
10-09 14:07:33.284  2042  2073 D WindowManager: wms.Input focus has changed to null display=0 updateInputWindows = true
10-09 14:07:33.284  2042  2073 I MultiSenceManagerInternalStub: getInstance
10-09 14:07:33.286  2042  2073 D WindowManager: Collecting in transition 401: ActivityRecord{3dc197f u0 com.android.chrome/org.chromium.chrome.browser.ChromeTabbedActivity t6512} init visibleRequested:false
10-09 14:07:33.288  2042  2073 I SmartPower: com.android.chrome:privileged_process0/10172(3249): idle->invisible(12593ms) R(become foreground) adj=700.
10-09 14:07:33.289  2042  2073 I SmartPower: com.android.chrome/10172(2944): background->invisible(2197ms) R(become foreground) adj=700.
10-09 14:07:33.289  2042  2073 D WindowManager: Collecting in transition 401: ActivityRecord{3dc197f u0 com.android.chrome/org.chromium.chrome.browser.ChromeTabbedActivity t6512} init visibleRequested:true
10-09 14:07:33.297  2042  6879 D WindowManager: Set transition=TransitionRecord{7bb3a76 id=401 type=CLOSE flags=0x0}, ready=true, SyncId=401 
10-09 14:07:33.298  4304  4484 D MiuiFullScreenTaskRepository: removeFocusedTask displayId=0
10-09 14:07:33.298  4304  4484 D MiuiFullScreenTaskRepository: addOrUpdateFullScreenTaskInfo taskId=6530, topActivity=null
10-09 14:07:33.298  4304  4484 D MiuiFullScreenTaskRepository: addOrUpdateFullScreenTaskInfo taskId=6512, topActivity=ComponentInfo{com.android.chrome/org.chromium.chrome.browser.ChromeTabbedActivity}
10-09 14:07:33.300  2042  2693 I BLASTSyncEngine: SyncGroup 401:  Unfinished container:ActivityRecord{3dc197f u0 com.android.chrome/org.chromium.chrome.browser.ChromeTabbedActivity t6512}
10-09 14:07:33.300  2042  2693 I BLASTSyncEngine: isActivitySyncFinished isSyncFinished false ActivityRecord{3dc197f u0 com.android.chrome/org.chromium.chrome.browser.ChromeTabbedActivity t6512}
10-09 14:07:33.309  2042  2690 D Aurogon :  uid = 10172 switch to FG
10-09 14:07:33.313  2042  2073 D WindowManager: Set transition=TransitionRecord{7bb3a76 id=401 type=CLOSE flags=0x0}, ready=true, SyncId=401 
10-09 14:07:33.313  2042  2073 I AppsFilter: interaction: PackageSetting{12f5306 io.appium.uiautomator2.server.test/10767} -> PackageSetting{26c147c eu.europa.ec.euidi/10030} BLOCKED
10-09 14:07:33.313  2042  2073 I AppsFilter: interaction: PackageSetting{e02bff4 com.fido.asm/10104} -> PackageSetting{26c147c eu.europa.ec.euidi/10030} BLOCKED
10-09 14:07:33.313  2042  2073 I AppsFilter: interaction: PackageSetting{860431d io.appium.uiautomator2.server/10769} -> PackageSetting{26c147c eu.europa.ec.euidi/10030} BLOCKED
10-09 14:07:33.313  2042  2073 I AppsFilter: interaction: PackageSetting{add9992 io.appium.settings/10611} -> PackageSetting{26c147c eu.europa.ec.euidi/10030} BLOCKED
10-09 14:07:33.320  2042  2072 D CompatibilityChangeReporter: Compat change id reported: 161145287; UID 10172; state: ENABLED
10-09 14:07:33.326  2042  7043 D CoreBackPreview: Window{963420e u0 com.android.chrome/org.chromium.chrome.browser.ChromeTabbedActivity}: Setting back callback OnBackInvokedCallbackInfo{mCallback=android.window.IOnBackInvokedCallback$Stub$Proxy@dc6f5b2, mPriority=0, mIsAnimationCallback=true}
10-09 14:07:33.336  2042  3110 D CompatibilityChangeReporter: Compat change id reported: 218533173; UID 10030; state: ENABLED
10-09 14:07:33.337  2042  3110 D CompatibilityChangeReporter: Compat change id reported: 262645982; UID 10030; state: ENABLED
10-09 14:07:33.372  4304 26635 D MiuiFreeformModeObserver: activityResumed() intent Intent { cmp=com.android.chrome/org.chromium.chrome.browser.ChromeTabbedActivity (has extras) }
10-09 14:07:33.391  2042  6879 I BLASTSyncEngine: SyncGroup 401:  Unfinished container:ActivityRecord{3dc197f u0 com.android.chrome/org.chromium.chrome.browser.ChromeTabbedActivity t6512}
10-09 14:07:33.391  2042  6879 I BLASTSyncEngine: isActivitySyncFinished isSyncFinished false ActivityRecord{3dc197f u0 com.android.chrome/org.chromium.chrome.browser.ChromeTabbedActivity t6512}
10-09 14:07:33.391  2042  6879 I WindowManager: cancelAnimation removed leash : Surface(name=Surface(name=704023a StatusBar#94)/@0xa8be448 - animation-leash of insets_animation#8341)/@0x5a39977
10-09 14:07:33.393  2042  6879 I WindowManager: cancelAnimation removed leash : Surface(name=Surface(name=d968687 NavigationBar0#90)/@0x2f479dd - animation-leash of insets_animation#8357)/@0x9d0b1e2
10-09 14:07:33.395  2042  6879 D WindowManager: wms.Input focus has changed to Window{963420e u0 com.android.chrome/org.chromium.chrome.browser.ChromeTabbedActivity} display=0 updateInputWindows = true
10-09 14:07:33.396  2042  6879 I MultiSenceManagerInternalStub: getInstance
10-09 14:07:33.402  2042  2693 W WindowManager: Failed to deliver inset control state change to w=Window{b899e23 u0 eu.europa.ec.euidi/eu.europa.ec.assemblylogic.ui.MainActivity}
10-09 14:07:33.402  2042  2693 W WindowManager: android.os.DeadObjectException
10-09 14:07:33.402  2042  2693 W WindowManager: 	at android.os.BinderProxy.transactNative(Native Method)
10-09 14:07:33.402  2042  2693 W WindowManager: 	at android.os.BinderProxy.transact(BinderProxy.java:639)
10-09 14:07:33.402  2042  2693 W WindowManager: 	at android.view.IWindow$Stub$Proxy.insetsControlChanged(IWindow.java:622)
10-09 14:07:33.402  2042  2693 W WindowManager: 	at com.android.server.wm.WindowState.notifyInsetsControlChanged(WindowState.java:4303)
10-09 14:07:33.402  2042  2693 W WindowManager: 	at com.android.server.wm.InsetsStateController.lambda$notifyPendingInsetsControlChanged$3(InsetsStateController.java:386)
10-09 14:07:33.402  2042  2693 W WindowManager: 	at com.android.server.wm.InsetsStateController.$r8$lambda$8yykPRG1GyNq_J17QvL9d5xANMc(Unknown Source:0)
10-09 14:07:33.402  2042  2693 W WindowManager: 	at com.android.server.wm.InsetsStateController$$ExternalSyntheticLambda2.run(Unknown Source:2)
10-09 14:07:33.402  2042  2693 W WindowManager: 	at com.android.server.wm.WindowAnimator.executeAfterPrepareSurfacesRunnables(WindowAnimator.java:303)
10-09 14:07:33.402  2042  2693 W WindowManager: 	at com.android.server.wm.WindowAnimator.animate(WindowAnimator.java:211)
10-09 14:07:33.402  2042  2693 W WindowManager: 	at com.android.server.wm.WindowAnimator.lambda$new$1(WindowAnimator.java:99)
10-09 14:07:33.402  2042  2693 W WindowManager: 	at com.android.server.wm.WindowAnimator.$r8$lambda$aHNu1uhcqxihX5NZc4McDDQPAyw(Unknown Source:0)
10-09 14:07:33.402  2042  2693 W WindowManager: 	at com.android.server.wm.WindowAnimator$$ExternalSyntheticLambda1.doFrame(Unknown Source:2)
10-09 14:07:33.402  2042  2693 W WindowManager: 	at android.view.Choreographer$CallbackRecord.run(Choreographer.java:1652)
10-09 14:07:33.402  2042  2693 W WindowManager: 	at android.view.Choreographer$CallbackRecord.run(Choreographer.java:1663)
10-09 14:07:33.402  2042  2693 W WindowManager: 	at android.view.Choreographer.doCallbacks(Choreographer.java:1160)
10-09 14:07:33.402  2042  2693 W WindowManager: 	at android.view.Choreographer.doFrame(Choreographer.java:1057)
10-09 14:07:33.402  2042  2693 W WindowManager: 	at android.view.Choreographer$FrameDisplayEventReceiver.run(Choreographer.java:1617)
10-09 14:07:33.402  2042  2693 W WindowManager: 	at android.os.Handler.handleCallback(Handler.java:958)
10-09 14:07:33.402  2042  2693 W WindowManager: 	at android.os.Handler.dispatchMessage(Handler.java:99)
10-09 14:07:33.402  2042  2693 W WindowManager: 	at android.os.Looper.loopOnce(Looper.java:222)
10-09 14:07:33.402  2042  2693 W WindowManager: 	at android.os.Looper.loop(Looper.java:314)
10-09 14:07:33.402  2042  2693 W WindowManager: 	at android.os.HandlerThread.run(HandlerThread.java:67)
10-09 14:07:33.402  2042  2693 W WindowManager: 	at com.android.server.ServiceThread.run(ServiceThread.java:46)
10-09 14:07:33.414  2042  2073 D AutofillSession: handling death of Token{fca9c92 ActivityRecord{e6434c7 u0 eu.europa.ec.euidi/eu.europa.ec.assemblylogic.ui.MainActivity t6530 f} isExiting}} when saving=false
10-09 14:07:33.415  2042  6879 I WindowManager: WIN DEATH: Window{b899e23 u0 eu.europa.ec.euidi/eu.europa.ec.assemblylogic.ui.MainActivity}
10-09 14:07:33.422  2042  6879 I BLASTSyncEngine: SyncGroup 401:  Unfinished container:ActivityRecord{3dc197f u0 com.android.chrome/org.chromium.chrome.browser.ChromeTabbedActivity t6512}
10-09 14:07:33.422  2042  6879 I BLASTSyncEngine: isActivitySyncFinished isSyncFinished false ActivityRecord{3dc197f u0 com.android.chrome/org.chromium.chrome.browser.ChromeTabbedActivity t6512}
10-09 14:07:33.444  2042  6879 I ActivityManager: clearApplicationUserData eu.europa.ec.euidi appid=10030 user=0 from u2000/9018
10-09 14:07:33.444  2042  6879 I ActivityManager: Force stopping eu.europa.ec.euidi appid=10030 user=0: clear data
10-09 14:07:33.445  2042  6879 I WindowManager:   Force removing ActivityRecord{e6434c7 u0 eu.europa.ec.euidi/eu.europa.ec.assemblylogic.ui.MainActivity t6530 f} isExiting}
10-09 14:07:33.445  2042  6879 W WindowManager: removeAppToken: Attempted to remove non-existing token: Token{fca9c92 ActivityRecord{e6434c7 u0 eu.europa.ec.euidi/eu.europa.ec.assemblylogic.ui.MainActivity t6530 f} isExiting}}
10-09 14:07:33.453  2042  6879 D WindowManager: Set transition=TransitionRecord{7bb3a76 id=401 type=CLOSE flags=0x0}, ready=true, SyncId=401 
10-09 14:07:33.453  2042  6879 D WindowManager: Collecting in transition 401: Task{6a3721d #6530 type=standard A=10030:eu.europa.ec.euidi} init visibleRequested:false
10-09 14:07:33.456  2042  6879 I PackageManager: clearApplicationUserData packageName: eu.europa.ec.euidi user: 0 from u1000/2042
10-09 14:07:33.456  2042  6981 D ActivityManager: checkAllowBackground: uid=10163 pkg=com.google.android.gms rec=UidRecord{3efeecd u0a163 BTOP change:procadj procs:0 seq(731038,425084)} caps=LCMNFU always=false idle=false
10-09 14:07:33.460  2042  2787 I ActivityManager: Force stopping eu.europa.ec.euidi appid=10030 user=-1: clearApplicationUserData
10-09 14:07:33.460  2042  2787 I WindowManager:   Force removing ActivityRecord{e6434c7 u0 eu.europa.ec.euidi/eu.europa.ec.assemblylogic.ui.MainActivity t6530 f} isExiting}
10-09 14:07:33.460  2042  2787 W WindowManager: removeAppToken: Attempted to remove non-existing token: Token{fca9c92 ActivityRecord{e6434c7 u0 eu.europa.ec.euidi/eu.europa.ec.assemblylogic.ui.MainActivity t6530 f} isExiting}}
10-09 14:07:33.465  2042  7043 D WindowManager: wms.finishDrawingLocked: mDrawState=COMMIT_DRAW_PENDING Window{963420e u0 com.android.chrome/org.chromium.chrome.browser.ChromeTabbedActivity} in Surface(name=com.android.chrome/org.chromium.chrome.browser.ChromeTabbedActivity#8358)/@0x4a9cd44
10-09 14:07:33.467  2042  2693 I SmartPower: com.android.chrome/10172(2944): invisible->visible(179ms) R(become visible) adj=101.
10-09 14:07:33.468  2042  3524 I SmartPower: com.google.android.adservices.api/10294(20677): idle->background(10513ms) R(add to whitelist) adj=0.
10-09 14:07:33.468  2042  2693 I WindowManager: wms.showSurfaceRobustly mWin:Window{963420e u0 com.android.chrome/org.chromium.chrome.browser.ChromeTabbedActivity}
10-09 14:07:33.468  2042  3524 I SmartPower: com.android.chrome:sandboxed_process0:org.chromium.content.app.SandboxedProcessSeridle->background(9770ms) R(add to whitelist) adj=200.
10-09 14:07:33.468  2042  3524 I SmartPower: com.android.chrome:sandboxed_process0:org.chromium.content.app.SandboxedProcessSeridle->background(9770ms) R(add to whitelist) adj=200.
10-09 14:07:33.468  2042  3524 I SmartPower: com.android.chrome:sandboxed_process0:org.chromium.content.app.SandboxedProcessSeridle->background(9770ms) R(add to whitelist) adj=200.
10-09 14:07:33.468  2042  3524 I SmartPower: com.android.chrome:sandboxed_process0:org.chromium.content.app.SandboxedProcessSeridle->background(9770ms) R(add to whitelist) adj=940.
10-09 14:07:33.468  2042  2693 D WindowManager: Final targets: [Task{6a3721d #6530 type=standard A=10030:eu.europa.ec.euidi}, Task{d6f195 #6512 type=standard A=10172:com.android.chrome}]
10-09 14:07:33.468  2042  3524 I SmartPower: com.android.chrome:sandboxed_process0:org.chromium.content.app.SandboxedProcessSeridle->background(9770ms) R(add to whitelist) adj=930.
10-09 14:07:33.468  2042  3524 I SmartPower: com.android.chrome:sandboxed_process0:org.chromium.content.app.SandboxedProcessSeridle->background(12701ms) R(add to whitelist) adj=920.
10-09 14:07:33.468  2042  3524 I SmartPower: com.android.chrome:sandboxed_process0:org.chromium.content.app.SandboxedProcessSeridle->background(12701ms) R(add to whitelist) adj=910.
10-09 14:07:33.468  2042  3524 I SmartPower: com.android.chrome:sandboxed_process0:org.chromium.content.app.SandboxedProcessSeridle->background(10993ms) R(add to whitelist) adj=101.
10-09 14:07:33.477  2042  2947 D PermissionManager: writeLegacyPermissionState for user  in 9 ms.
10-09 14:07:33.480  2042  3500 D GreezeManager:  report signal uid = 10030 pid = 8788is not frozen.
10-09 14:07:33.489  2042  2693 D WindowManager: Calling onTransitionReady info={id=401 t=CLOSE f=0x0 trk=0 r=[0@Point(0, 0)] c=[{WCT{RemoteToken{d72a8bc Task{6a3721d #6530 type=standard A=10030:eu.europa.ec.euidi}}} m=CLOSE f=NONE leash=Surface(name=Task=6530#8330)/@0x1a94af4 sb=Rect(0, 0 - 1080, 2400) eb=Rect(0, 0 - 1080, 2400) d=0},{WCT{RemoteToken{705ab2 Task{d6f195 #6512 type=standard A=10172:com.android.chrome}}} m=TO_FRONT f=NONE leash=Surface(name=Task=6512#7476)/@0xbb5bd4c sb=Rect(0, 0 - 1080, 2400) eb=Rect(0, 0 - 1080, 2400) d=0}] noAni=[false] df=[false] mk=[true] nc=[0]}, mToken=Token{673905e TransitionRecord{7bb3a76 id=401 type=CLOSE flags=0x0}}
10-09 14:07:33.490  2042  2693 I BLASTSyncEngine: finishNow: after onTransactionReady, mSyncId=401
10-09 14:07:33.490  4304  4304 D ArtChoreographerMonitor: invoke error.
10-09 14:07:33.497  4304  4484 D MiuiFreeformAnimation: startAnimation change: {WCT{android.window.IWindowContainerToken$Stub$Proxy@45a3ae1} m=CLOSE f=NONE leash=Surface(name=Task=6530#8330)/@0x4394a3a sb=Rect(0, 0 - 1080, 2400) eb=Rect(0, 0 - 1080, 2400) d=0} info.getType(): 2
10-09 14:07:33.497  4304  4484 D MiuiFreeformAnimation: startAnimation change: {WCT{android.window.IWindowContainerToken$Stub$Proxy@361d006} m=TO_FRONT f=NONE leash=Surface(name=Task=6512#7476)/@0x3de76eb sb=Rect(0, 0 - 1080, 2400) eb=Rect(0, 0 - 1080, 2400) d=0} info.getType(): 2
10-09 14:07:33.497  4304  4484 I MiuiFreeformAnimation: isLaunchWidgetPicker=false,taskInfo.getWindowingMode()=1, taskInfo.getActivityType()=1
10-09 14:07:33.499  4304  4484 W MiuiTaskTransitionHandler: Receive an unknown transition, token=android.os.BinderProxy@16d465c, type=2
10-09 14:07:33.500  4304  4484 D TransitionAnimationHelper:  load default animation  type = 2 enter = true animAttr = 10 isTask = true translucent = false
10-09 14:07:33.500  4304  4484 D TransitionAnimationHelper:  load default animation  type = 2 enter = false animAttr = 11 isTask = true translucent = false
10-09 14:07:33.501  2042  6981 D ActivityManager: checkAllowBackground: uid=10163 pkg=com.google.android.gms rec=UidRecord{3efeecd u0a163 BTOP change:procadj procs:0 seq(731327,425084)} caps=LCMNFU always=false idle=false
10-09 14:07:33.502  4304  4520 D ShellTransitions: speed ui!!!!!!!!!!!
10-09 14:07:33.502  4304  4484 D MiuiFullScreenTaskRepository: addOrUpdateFullScreenTaskInfo taskId=6512, topActivity=ComponentInfo{com.android.chrome/org.chromium.chrome.browser.ChromeTabbedActivity}
10-09 14:07:33.511  2042  8104 I WindowManager: cancelAnimation removed leash : Surface(name=Surface(name=49d5fba InputMethod#118)/@0xbb23dc8 - animation-leash of insets_animation#8345)/@0xc57b4bd
10-09 14:07:33.512  2042  2073 W PackageConfigPersister: App-specific configuration not found for packageName: com.android.chrome and userId: 0
10-09 14:07:33.512  4304  4484 D SoScUtils: monitorTransitionFinished transition:android.os.BinderProxy@16d465c transaction: android.view.SurfaceControl$Transaction@1017778 mRequestCloseTransition:null mRequestOpenTransition:null mPairsOpenTransition:null mPairsOpenTransitionNull:null mRequestOpenTriggerTask:-1 mRequestCloseTriggerTask:-1 mOrientationTransition: null mMainStartingTask:-1 mSideStartingTask:-1
10-09 14:07:33.524  2042  2693 W WindowManager: Failed to deliver inset control state change to w=Window{b899e23 u0 eu.europa.ec.euidi/eu.europa.ec.assemblylogic.ui.MainActivity EXITING}
10-09 14:07:33.524  2042  2693 W WindowManager: android.os.DeadObjectException
10-09 14:07:33.524  2042  2693 W WindowManager: 	at android.os.BinderProxy.transactNative(Native Method)
10-09 14:07:33.524  2042  2693 W WindowManager: 	at android.os.BinderProxy.transact(BinderProxy.java:639)
10-09 14:07:33.524  2042  2693 W WindowManager: 	at android.view.IWindow$Stub$Proxy.insetsControlChanged(IWindow.java:622)
10-09 14:07:33.524  2042  2693 W WindowManager: 	at com.android.server.wm.WindowState.notifyInsetsControlChanged(WindowState.java:4303)
10-09 14:07:33.524  2042  2693 W WindowManager: 	at com.android.server.wm.InsetsStateController.lambda$notifyPendingInsetsControlChanged$3(InsetsStateController.java:386)
10-09 14:07:33.524  2042  2693 W WindowManager: 	at com.android.server.wm.InsetsStateController.$r8$lambda$8yykPRG1GyNq_J17QvL9d5xANMc(Unknown Source:0)
10-09 14:07:33.524  2042  2693 W WindowManager: 	at com.android.server.wm.InsetsStateController$$ExternalSyntheticLambda2.run(Unknown Source:2)
10-09 14:07:33.524  2042  2693 W WindowManager: 	at com.android.server.wm.WindowAnimator.executeAfterPrepareSurfacesRunnables(WindowAnimator.java:303)
10-09 14:07:33.524  2042  2693 W WindowManager: 	at com.android.server.wm.RootWindowContainer.performSurfacePlacementNoTrace(RootWindowContainer.java:937)
10-09 14:07:33.524  2042  2693 W WindowManager: 	at com.android.server.wm.RootWindowContainer.performSurfacePlacement(RootWindowContainer.java:879)
10-09 14:07:33.524  2042  2693 W WindowManager: 	at com.android.server.wm.WindowSurfacePlacer.performSurfacePlacementLoop(WindowSurfacePlacer.java:200)
10-09 14:07:33.524  2042  2693 W WindowManager: 	at com.android.server.wm.WindowSurfacePlacer.performSurfacePlacement(WindowSurfacePlacer.java:149)
10-09 14:07:33.524  2042  2693 W WindowManager: 	at com.android.server.wm.WindowSurfacePlacer.performSurfacePlacement(WindowSurfacePlacer.java:138)
10-09 14:07:33.524  2042  2693 W WindowManager: 	at com.android.server.wm.WindowSurfacePlacer$Traverser.run(WindowSurfacePlacer.java:80)
10-09 14:07:33.524  2042  2693 W WindowManager: 	at android.os.Handler.handleCallback(Handler.java:958)
10-09 14:07:33.524  2042  2693 W WindowManager: 	at android.os.Handler.dispatchMessage(Handler.java:99)
10-09 14:07:33.524  2042  2693 W WindowManager: 	at android.os.Looper.loopOnce(Looper.java:222)
10-09 14:07:33.524  2042  2693 W WindowManager: 	at android.os.Looper.loop(Looper.java:314)
10-09 14:07:33.524  2042  2693 W WindowManager: 	at android.os.HandlerThread.run(HandlerThread.java:67)
10-09 14:07:33.524  2042  2693 W WindowManager: 	at com.android.server.ServiceThread.run(ServiceThread.java:46)
10-09 14:07:33.526  2042  8301 W WindowManager: Exception thrown during dispatchAppVisibility Window{b899e23 u0 eu.europa.ec.euidi/eu.europa.ec.assemblylogic.ui.MainActivity EXITING}
10-09 14:07:33.526  2042  8301 W WindowManager: android.os.DeadObjectException
10-09 14:07:33.526  2042  8301 W WindowManager: 	at android.os.BinderProxy.transactNative(Native Method)
10-09 14:07:33.526  2042  8301 W WindowManager: 	at android.os.BinderProxy.transact(BinderProxy.java:639)
10-09 14:07:33.526  2042  8301 W WindowManager: 	at android.view.IWindow$Stub$Proxy.dispatchAppVisibility(IWindow.java:689)
10-09 14:07:33.526  2042  8301 W WindowManager: 	at com.android.server.wm.WindowState.sendAppVisibilityToClients(WindowState.java:3610)
10-09 14:07:33.526  2042  8301 W WindowManager: 	at com.android.server.wm.WindowContainer.sendAppVisibilityToClients(WindowContainer.java:1307)
10-09 14:07:33.526  2042  8301 W WindowManager: 	at com.android.server.wm.WindowToken.setClientVisible(WindowToken.java:425)
10-09 14:07:33.526  2042  8301 W WindowManager: 	at com.android.server.wm.ActivityRecord.setClientVisible(ActivityRecord.java:8357)
10-09 14:07:33.526  2042  8301 W WindowManager: 	at com.android.server.wm.ActivityRecord.postApplyAnimation(ActivityRecord.java:6774)
10-09 14:07:33.526  2042  8301 W WindowManager: 	at com.android.server.wm.ActivityRecord.commitVisibility(ActivityRecord.java:6717)
10-09 14:07:33.526  2042  8301 W WindowManager: 	at com.android.server.wm.Transition.finishTransition(Transition.java:1432)
10-09 14:07:33.526  2042  8301 W WindowManager: 	at com.android.server.wm.TransitionController.finishTransition(TransitionController.java:1054)
10-09 14:07:33.526  2042  8301 W WindowManager: 	at com.android.server.wm.WindowOrganizerController.finishTransition(WindowOrganizerController.java:478)
10-09 14:07:33.526  2042  8301 W WindowManager: 	at android.window.IWindowOrganizerController$Stub.onTransact(IWindowOrganizerController.java:321)
10-09 14:07:33.526  2042  8301 W WindowManager: 	at com.android.server.wm.WindowOrganizerController.onTransact(WindowOrganizerController.java:218)
10-09 14:07:33.526  2042  8301 W WindowManager: 	at android.os.Binder.execTransactInternal(Binder.java:1351)
10-09 14:07:33.526  2042  8301 W WindowManager: 	at android.os.Binder.execTransact(Binder.java:1282)
10-09 14:07:33.527  2042  8301 W WindowManager: The process may be dead, tid:8788,tgid:-1
10-09 14:07:33.527  2042  2947 W PackageFreezer: Freeze package eu.europa.ec.euidi about 0.068 seconds for reason: clearApplicationUserData
10-09 14:07:33.527  2042  8301 I Transition: finishTransition: updateLastSurfacePosition tf=Task{6a3721d #6530 type=standard A=10030:eu.europa.ec.euidi}
10-09 14:07:33.528  2042  2947 I AppsFilter: interaction: PackageSetting{12f5306 io.appium.uiautomator2.server.test/10767} -> PackageSetting{26c147c eu.europa.ec.euidi/10030} BLOCKED
10-09 14:07:33.528  2042  2947 I AppsFilter: interaction: PackageSetting{e02bff4 com.fido.asm/10104} -> PackageSetting{26c147c eu.europa.ec.euidi/10030} BLOCKED
10-09 14:07:33.529  2042  2947 I AppsFilter: interaction: PackageSetting{860431d io.appium.uiautomator2.server/10769} -> PackageSetting{26c147c eu.europa.ec.euidi/10030} BLOCKED
10-09 14:07:33.529  2042  2947 I AppsFilter: interaction: PackageSetting{add9992 io.appium.settings/10611} -> PackageSetting{26c147c eu.europa.ec.euidi/10030} BLOCKED
10-09 14:07:33.532  2042  2947 I AppsFilter: interaction: PackageSetting{12f5306 io.appium.uiautomator2.server.test/10767} -> PackageSetting{26c147c eu.europa.ec.euidi/10030} BLOCKED
10-09 14:07:33.532  2042  2947 I AppsFilter: interaction: PackageSetting{e02bff4 com.fido.asm/10104} -> PackageSetting{26c147c eu.europa.ec.euidi/10030} BLOCKED
10-09 14:07:33.533  2042  2947 I AppsFilter: interaction: PackageSetting{860431d io.appium.uiautomator2.server/10769} -> PackageSetting{26c147c eu.europa.ec.euidi/10030} BLOCKED
10-09 14:07:33.533  2042  2947 I AppsFilter: interaction: PackageSetting{add9992 io.appium.settings/10611} -> PackageSetting{26c147c eu.europa.ec.euidi/10030} BLOCKED
10-09 14:07:33.550  4304  4484 D MiuiFullScreenTaskRepository: addOrUpdateFullScreenTaskInfo taskId=6530, topActivity=null
10-09 14:07:33.550  2042  2693 W ActivityTaskManager: Can't find TaskDisplayArea to determine support for multi window. Task id=6530 attached=false
10-09 14:07:33.551  4304  4484 D MiuiFullScreenTaskRepository: removeFullScreenTask taskId=6530, topActivity=null
10-09 14:07:33.551  4304  4484 D MiuiWindowDecorViewModel: destroyWindowDecoration: taskId=6530, windowingMode=1, mWindowDecorByTaskId.size()=0, callers=com.android.wm.shell.fullscreen.FullscreenTaskListener.onTaskVanished:143 com.android.wm.shell.ShellTaskOrganizer.onTaskVanished:138 android.window.TaskOrganizer$1.lambda$onTaskVanished$5:391 android.window.TaskOrganizer$1.$r8$lambda$cnLAmEuLf_BQ_jFuhQbGGs5ghXo:0 android.window.TaskOrganizer$1$$ExternalSyntheticLambda14.run:4 
10-09 14:07:33.553  2042  2947 D ActivityManager: checkAllowBackground: uid=10172 pkg=com.android.chrome rec=UidRecord{a4e6e2d u0a172 TOP  change:uncachedprocstateprocadj procs:0 seq(731420,730740)} caps=LCMNFU always=true idle=false
10-09 14:07:33.553  2042  2947 I ActivityManager: App 10172/com.android.chrome targets O+, restricted
10-09 14:07:33.553  2042  2947 D ActivityManager: checkAllowBackground: uid=10172 pkg=com.android.chrome startMode=2 onallowlist=false onallowlist(ei)=false
10-09 14:07:33.553  2042  2947 D ActivityManager: checkAllowBackground: uid=10164 pkg=com.android.vending rec=UidRecord{aee57a7 u0a164 BTOP change:procadj procs:0 seq(731423,730743)} caps=---NFU always=true idle=false
10-09 14:07:33.553  2042  2947 I ActivityManager: App 10164/com.android.vending targets O+, restricted
10-09 14:07:33.553  2042  2947 D ActivityManager: checkAllowBackground: uid=10164 pkg=com.android.vending startMode=2 onallowlist=false onallowlist(ei)=true
10-09 14:07:33.553  2042  2947 D ActivityManager: checkAllowBackground: uid=10066 pkg=com.google.android.documentsui rec=UidRecord{60188cf u0a66 CEM  idle change:procadj procs:0 seq(731454,453049)} caps=------ always=true idle=true
10-09 14:07:33.553  2042  2947 I ActivityManager: App 10066/com.google.android.documentsui targets O+, restricted
10-09 14:07:33.553  2042  2947 D ActivityManager: checkAllowBackground: uid=10066 pkg=com.google.android.documentsui startMode=2 onallowlist=false onallowlist(ei)=false
10-09 14:07:33.553  2042  2947 D ActivityManager: checkAllowBackground: uid=10163 pkg=com.google.android.gms rec=UidRecord{3efeecd u0a163 BTOP change:procadj procs:0 seq(731469,425084)} caps=LCMNFU always=true idle=false
10-09 14:07:33.553  2042  2947 I ActivityManager: App 10163/com.google.android.gms targets O+, restricted
10-09 14:07:33.553  2042  2947 D ActivityManager: checkAllowBackground: uid=10163 pkg=com.google.android.gms startMode=2 onallowlist=true onallowlist(ei)=true
10-09 14:07:33.554  2042  2947 D ActivityManager: checkAllowBackground: uid=10214 pkg=com.google.android.permissioncontroller rec=UidRecord{a354148 u0a214 CEM  bg:+21m2s747ms idle change:cached|procstate|procadj procs:0 seq(731404,447601)} caps=------ always=true idle=true
10-09 14:07:33.554  2042  2947 I ActivityManager: App 10214/com.google.android.permissioncontroller targets O+, restricted
10-09 14:07:33.554  2042  2947 D ActivityManager: checkAllowBackground: uid=10214 pkg=com.google.android.permissioncontroller startMode=2 onallowlist=false onallowlist(ei)=false
10-09 14:07:33.554  2042  2947 D ActivityManager: checkAllowBackground: uid=10214 pkg=com.google.android.permissioncontroller rec=UidRecord{a354148 u0a214 CEM  bg:+21m2s747ms idle change:cached|procstate|procadj procs:0 seq(731404,447601)} caps=------ always=true idle=true
10-09 14:07:33.554  2042  2947 I ActivityManager: App 10214/com.google.android.permissioncontroller targets O+, restricted
10-09 14:07:33.554  2042  2947 D ActivityManager: checkAllowBackground: uid=10214 pkg=com.google.android.permissioncontroller startMode=2 onallowlist=false onallowlist(ei)=false
10-09 14:07:33.554  2042  2947 D ActivityManager: checkAllowBackground: uid=10214 pkg=com.google.android.permissioncontroller rec=UidRecord{a354148 u0a214 CEM  bg:+21m2s747ms idle change:cached|procstate|procadj procs:0 seq(731404,447601)} caps=------ always=true idle=true
10-09 14:07:33.554  2042  2947 I ActivityManager: App 10214/com.google.android.permissioncontroller targets O+, restricted
10-09 14:07:33.554  2042  2947 D ActivityManager: checkAllowBackground: uid=10214 pkg=com.google.android.permissioncontroller startMode=2 onallowlist=false onallowlist(ei)=false
10-09 14:07:33.554  2042  2947 D ActivityManager: checkAllowBackground: uid=10214 pkg=com.google.android.permissioncontroller rec=UidRecord{a354148 u0a214 CEM  bg:+21m2s747ms idle change:cached|procstate|procadj procs:0 seq(731404,447601)} caps=------ always=true idle=true
10-09 14:07:33.554  2042  2947 I ActivityManager: App 10214/com.google.android.permissioncontroller targets O+, restricted
10-09 14:07:33.554  2042  2947 D ActivityManager: checkAllowBackground: uid=10214 pkg=com.google.android.permissioncontroller startMode=2 onallowlist=false onallowlist(ei)=false
10-09 14:07:33.554  2042  2947 D ActivityManager: checkAllowBackground: uid=10214 pkg=com.google.android.permissioncontroller rec=UidRecord{a354148 u0a214 CEM  bg:+21m2s747ms idle change:cached|procstate|procadj procs:0 seq(731404,447601)} caps=------ always=true idle=true
10-09 14:07:33.554  2042  2947 I ActivityManager: App 10214/com.google.android.permissioncontroller targets O+, restricted
10-09 14:07:33.554  2042  2947 D ActivityManager: checkAllowBackground: uid=10214 pkg=com.google.android.permissioncontroller startMode=2 onallowlist=false onallowlist(ei)=false
10-09 14:07:33.554  2042  2947 D ActivityManager: checkAllowBackground: uid=10220 pkg=com.google.android.providers.media.module rec=UidRecord{a6df6e5 u0a220 PER  change:procadj procs:0 seq(731403,1260)} caps=LCMNFU always=true idle=false
10-09 14:07:33.554  2042  2947 I ActivityManager: App 10220/com.google.android.providers.media.module targets O+, restricted
10-09 14:07:33.554  2042  2947 D ActivityManager: checkAllowBackground: uid=10220 pkg=com.google.android.providers.media.module startMode=2 onallowlist=false onallowlist(ei)=false
10-09 14:07:33.554  2042  2947 D ActivityManager: checkAllowBackground: uid=10081 pkg=com.mi.android.globallauncher rec=UidRecord{83689b1 u0a81 BFGS change:procadj procs:0 seq(731451,698591)} caps=---NFU always=true idle=false
10-09 14:07:33.554  2042  2947 I ActivityManager: App 10081/com.mi.android.globallauncher targets O+, restricted
10-09 14:07:33.554  2042  2947 D ActivityManager: checkAllowBackground: uid=10081 pkg=com.mi.android.globallauncher startMode=2 onallowlist=false onallowlist(ei)=false
10-09 14:07:33.554  2042  2947 D ActivityManager: checkAllowBackground: uid=10307 pkg=com.xiaomi.aicr rec=UidRecord{72b77d3 u0a307 FGS  fgServices change:procadj procs:0 seq(731390,269851)} caps=---NFU always=true idle=false
10-09 14:07:33.554  2042  2947 I ActivityManager: App 10307/com.xiaomi.aicr targets O+, restricted
10-09 14:07:33.554  2042  2947 D ActivityManager: checkAllowBackground: uid=10307 pkg=com.xiaomi.aicr startMode=2 onallowlist=true onallowlist(ei)=true
10-09 14:07:33.554  2042  2947 D ActivityManager: checkAllowBackground: uid=10595 pkg=com.microsoft.windowsintune.companyportal rec=UidRecord{ef0720b u0a595 CACC bg:+1h35m28s762ms idle change:procadj procs:0 seq(731387,451866)} caps=------ always=true idle=true
10-09 14:07:33.554  2042  2947 I ActivityManager: App 10595/com.microsoft.windowsintune.companyportal targets O+, restricted
10-09 14:07:33.554  2042  2947 D ActivityManager: checkAllowBackground: uid=10595 pkg=com.microsoft.windowsintune.companyportal startMode=2 onallowlist=false onallowlist(ei)=false
10-09 14:07:33.576  2042  3550 D ActivityManager: checkAllowBackground: uid=10294 pkg=com.google.android.adservices.api rec=UidRecord{78dc3b7 u0a294 BTOP change:procadj procs:0 seq(731470,377651)} caps=---NFU always=true idle=false
10-09 14:07:33.576  2042  3550 I ActivityManager: App 10294/com.google.android.adservices.api targets O+, restricted
10-09 14:07:33.576  2042  3550 D ActivityManager: checkAllowBackground: uid=10294 pkg=com.google.android.adservices.api startMode=2 onallowlist=false onallowlist(ei)=false
10-09 14:07:33.576  2042  2692 W ActivityManager: setHasOverlayUi called on unknown pid: 8788
10-09 14:07:33.582  2042  2787 D ActivityManager: checkAllowBackground: uid=10294 pkg=com.google.android.adservices.api rec=UidRecord{78dc3b7 u0a294 BTOP change:procadj procs:0 seq(731470,377651)} caps=---NFU always=true idle=false
10-09 14:07:33.582  2042  2787 I ActivityManager: App 10294/com.google.android.adservices.api targets O+, restricted
10-09 14:07:33.582  2042  2787 D ActivityManager: checkAllowBackground: uid=10294 pkg=com.google.android.adservices.api startMode=2 onallowlist=false onallowlist(ei)=false
10-09 14:07:33.583  8645  9145 W ContextImpl: Calling a method in the system process without a qualified user: android.app.ContextImpl.sendBroadcast:1246 android.content.ContextWrapper.sendBroadcast:520 mb.q.D:34 s2.j.x:27 s2.j.m:0 
10-09 14:07:33.587  2042  2787 D ActivityManager: checkAllowBackground: uid=10172 pkg=com.android.chrome rec=UidRecord{a4e6e2d u0a172 TOP  change:uncachedprocstateprocadj procs:0 seq(731420,730740)} caps=LCMNFU always=true idle=false
10-09 14:07:33.587  2042  2787 I ActivityManager: App 10172/com.android.chrome targets O+, restricted
10-09 14:07:33.587  2042  2787 D ActivityManager: checkAllowBackground: uid=10172 pkg=com.android.chrome startMode=2 onallowlist=false onallowlist(ei)=false
10-09 14:07:33.589  2042  2787 D ActivityManager: checkAllowBackground: uid=10163 pkg=com.google.android.gms rec=UidRecord{3efeecd u0a163 BTOP change:procadj procs:0 seq(731473,425084)} caps=LCMNFU always=true idle=false
10-09 14:07:33.589  2042  2787 I ActivityManager: App 10163/com.google.android.gms targets O+, restricted
10-09 14:07:33.589  2042  2787 D ActivityManager: checkAllowBackground: uid=10163 pkg=com.google.android.gms startMode=2 onallowlist=true onallowlist(ei)=true
10-09 14:07:33.591  2042  2787 I SmartPower: com.google.android.documentsui/10066(28203): idle->background(92144ms) R(broadcast start Intent { act=android.intent.action.PACKAGE_DATA_CLEARED dat=package: flg=0x5000010 (has extras) }) adj=945.
10-09 14:07:33.592  2042  2787 D ActivityManager: checkAllowBackground: uid=10066 pkg=com.google.android.documentsui rec=UidRecord{60188cf u0a66 CEM  idle change:procadj procs:0 seq(731454,453049)} caps=------ always=true idle=true
10-09 14:07:33.592  2042  2787 I ActivityManager: App 10066/com.google.android.documentsui targets O+, restricted
10-09 14:07:33.592  2042  2787 D ActivityManager: checkAllowBackground: uid=10066 pkg=com.google.android.documentsui startMode=2 onallowlist=false onallowlist(ei)=false
10-09 14:07:33.600  2042  6879 D ActivityManager: checkAllowBackground: uid=10163 pkg=com.google.android.gms rec=UidRecord{3efeecd u0a163 BTOP change:procadj procs:0 seq(731478,425084)} caps=LCMNFU always=false idle=false
10-09 14:07:33.603  2042  2787 D ActivityManager: checkAllowBackground: uid=10164 pkg=com.android.vending rec=UidRecord{aee57a7 u0a164 BTOP change:procadj procs:0 seq(731477,730743)} caps=---NFU always=true idle=false
10-09 14:07:33.603  2042  2787 I ActivityManager: App 10164/com.android.vending targets O+, restricted
10-09 14:07:33.603  2042  2787 D ActivityManager: checkAllowBackground: uid=10164 pkg=com.android.vending startMode=2 onallowlist=false onallowlist(ei)=true
10-09 14:07:33.604  2042  2787 I SmartPower: com.android.vending:background/10164(21253): idle->background(92155ms) R(broadcast start Intent { act=android.intent.action.PACKAGE_DATA_CLEARED dat=package: flg=0x5000010 (has extras) }) adj=250.
10-09 14:07:33.608  2042  6879 D ActivityManager: checkAllowBackground: uid=10163 pkg=com.google.android.gms rec=UidRecord{3efeecd u0a163 BTOP change:procadj procs:0 seq(731488,425084)} caps=LCMNFU always=false idle=false
10-09 14:07:33.613  2042  2787 D ActivityManager: checkAllowBackground: uid=10214 pkg=com.google.android.permissioncontroller rec=UidRecord{a354148 u0a214 CEM  bg:+21m2s807ms idle change:cached|procstate|procadj procs:0 seq(731404,447601)} caps=------ always=true idle=true
10-09 14:07:33.613  2042  2787 I ActivityManager: App 10214/com.google.android.permissioncontroller targets O+, restricted
10-09 14:07:33.613  2042  2787 D ActivityManager: checkAllowBackground: uid=10214 pkg=com.google.android.permissioncontroller startMode=2 onallowlist=false onallowlist(ei)=false
10-09 14:07:33.614  2042  2787 I SmartPower: com.google.android.permissioncontroller/10214(21951): idle->background(92151ms) R(broadcast start Intent { act=android.intent.action.PACKAGE_DATA_CLEARED dat=package: flg=0x5000010 (has extras) }) adj=905.
10-09 14:07:33.622  2042  8301 D ActivityManager: checkAllowBackground: uid=10163 pkg=com.google.android.gms rec=UidRecord{3efeecd u0a163 BTOP change:procadj procs:0 seq(731494,425084)} caps=LCMNFU always=false idle=false
10-09 14:07:33.623  2042  8301 D ActivityManager: checkAllowBackground: uid=10163 pkg=com.google.android.gms rec=UidRecord{3efeecd u0a163 BTOP change:procadj procs:0 seq(731496,425084)} caps=LCMNFU always=false idle=false
10-09 14:07:33.623  2042  2787 D ActivityManager: checkAllowBackground: uid=10220 pkg=com.google.android.providers.media.module rec=UidRecord{a6df6e5 u0a220 PER  change:procadj procs:0 seq(731403,1260)} caps=LCMNFU always=true idle=false
10-09 14:07:33.623  2042  2787 I ActivityManager: App 10220/com.google.android.providers.media.module targets O+, restricted
10-09 14:07:33.623  2042  2787 D ActivityManager: checkAllowBackground: uid=10220 pkg=com.google.android.providers.media.module startMode=2 onallowlist=false onallowlist(ei)=false
10-09 14:07:33.624  2042  2787 D ActivityManager: checkAllowBackground: uid=10081 pkg=com.mi.android.globallauncher rec=UidRecord{83689b1 u0a81 BFGS change:procadj procs:0 seq(731451,698591)} caps=---NFU always=true idle=false
10-09 14:07:33.624  2042  2787 I ActivityManager: App 10081/com.mi.android.globallauncher targets O+, restricted
10-09 14:07:33.624  2042  2787 D ActivityManager: checkAllowBackground: uid=10081 pkg=com.mi.android.globallauncher startMode=2 onallowlist=false onallowlist(ei)=false
10-09 14:07:33.625  2042  2787 I SmartPower: com.mi.android.globallauncher/10081(4339): idle->background(92133ms) R(broadcast start Intent { act=android.intent.action.PACKAGE_DATA_CLEARED dat=package: flg=0x5000010 (has extras) }) adj=100.
10-09 14:07:33.633  2042  8104 D ActivityManager: checkAllowBackground: uid=10220 pkg=com.google.android.providers.media.module rec=UidRecord{a6df6e5 u0a220 PER  change:procadj procs:0 seq(731500,1260)} caps=LCMNFU always=false idle=false
10-09 14:07:33.644  2042  2787 D ActivityManager: checkAllowBackground: uid=10307 pkg=com.xiaomi.aicr rec=UidRecord{72b77d3 u0a307 FGS  fgServices change:procadj procs:0 seq(731390,269851)} caps=---NFU always=true idle=false
10-09 14:07:33.644  2042  2787 I ActivityManager: App 10307/com.xiaomi.aicr targets O+, restricted
10-09 14:07:33.644  2042  2787 D ActivityManager: checkAllowBackground: uid=10307 pkg=com.xiaomi.aicr startMode=2 onallowlist=true onallowlist(ei)=true
10-09 14:07:33.645  2042  2787 I SmartPower: com.xiaomi.aicr:searchDataService/10307(28230): idle->background(92135ms) R(broadcast start Intent { act=android.intent.action.PACKAGE_DATA_CLEARED dat=package: flg=0x5000010 (has extras) }) adj=905.
10-09 14:07:33.649  2042  7043 D ActivityManager: checkAllowBackground: uid=10163 pkg=com.google.android.gms rec=UidRecord{3efeecd u0a163 BTOP change:procadj procs:0 seq(731508,425084)} caps=LCMNFU always=false idle=false
10-09 14:07:33.654  2042  6981 D ActivityManager: checkAllowBackground: uid=10163 pkg=com.google.android.gms rec=UidRecord{3efeecd u0a163 BTOP change:procadj procs:0 seq(731520,425084)} caps=LCMNFU always=false idle=false
10-09 14:07:33.661  2042  6879 D ActivityManager: checkAllowBackground: uid=10214 pkg=com.google.android.permissioncontroller rec=UidRecord{a354148 u0a214 RCVR bg:+21m2s854ms idle change:uncachedprocstateprocadj procs:0 seq(731491,447601)} caps=------ always=true idle=true
10-09 14:07:33.661  2042  6879 I ActivityManager: App 10214/com.google.android.permissioncontroller targets O+, restricted
10-09 14:07:33.661  2042  6879 D ActivityManager: checkAllowBackground: uid=10214 pkg=com.google.android.permissioncontroller startMode=2 onallowlist=false onallowlist(ei)=false
10-09 14:07:33.678  4304  4304 D ArtChoreographerMonitor: invoke error.
10-09 14:07:33.680  2042  2787 D ActivityManager: checkAllowBackground: uid=10595 pkg=com.microsoft.windowsintune.companyportal rec=UidRecord{ef0720b u0a595 CACC bg:+1h35m28s888ms idle change:procadj procs:0 seq(731387,451866)} caps=------ always=true idle=true
10-09 14:07:33.680  2042  2787 I ActivityManager: App 10595/com.microsoft.windowsintune.companyportal targets O+, restricted
10-09 14:07:33.680  2042  2787 D ActivityManager: checkAllowBackground: uid=10595 pkg=com.microsoft.windowsintune.companyportal startMode=2 onallowlist=false onallowlist(ei)=false
10-09 14:07:33.682  2042  2787 I SmartPower: com.microsoft.windowsintune.companyportal:omadm_client_process/10595(15670): idle->background(92170ms) R(broadcast start Intent { act=android.intent.action.PACKAGE_DATA_CLEARED dat=package: flg=0x5000010 (has extras) }) adj=950.
10-09 14:07:33.686  2042  7043 D ActivityManager: checkAllowBackground: uid=10163 pkg=com.google.android.gms rec=UidRecord{3efeecd u0a163 BTOP change:procadj procs:0 seq(731531,425084)} caps=LCMNFU always=false idle=false
10-09 14:07:33.691  2042  6879 D ActivityManager: checkAllowBackground: uid=10163 pkg=com.google.android.gms rec=UidRecord{3efeecd u0a163 BTOP change:procadj procs:0 seq(731536,425084)} caps=LCMNFU always=false idle=false
10-09 14:07:33.694  2042  2073 D ActivityManager: checkAllowBackground: uid=10214 pkg=com.google.android.permissioncontroller rec=UidRecord{a354148 u0a214 RCVR bg:+21m2s888ms idle change:uncachedprocstateprocadj procs:0 seq(731491,447601)} caps=------ always=true idle=true
10-09 14:07:33.694  2042  2073 I ActivityManager: App 10214/com.google.android.permissioncontroller targets O+, restricted
10-09 14:07:33.694  2042  2073 D ActivityManager: checkAllowBackground: uid=10214 pkg=com.google.android.permissioncontroller startMode=2 onallowlist=false onallowlist(ei)=false
10-09 14:07:33.699  2042  8104 D ActivityManager: checkAllowBackground: uid=10214 pkg=com.google.android.permissioncontroller rec=UidRecord{a354148 u0a214 RCVR bg:+21m2s892ms idle change:uncachedprocstateprocadj procs:0 seq(731491,447601)} caps=------ always=true idle=true
10-09 14:07:33.699  2042  8104 I ActivityManager: App 10214/com.google.android.permissioncontroller targets O+, restricted
10-09 14:07:33.699  2042  8104 D ActivityManager: checkAllowBackground: uid=10214 pkg=com.google.android.permissioncontroller startMode=2 onallowlist=false onallowlist(ei)=false
10-09 14:07:33.700  2042  8301 D PackageParserImpl: dump dex file,file message: base.odex: 240Kb base.vdex: 578Kb 
10-09 14:07:33.709  2042  8104 D ActivityManager: checkAllowBackground: uid=10214 pkg=com.google.android.permissioncontroller rec=UidRecord{a354148 u0a214 RCVR bg:+21m2s902ms idle change:uncachedprocstateprocadj procs:0 seq(731491,447601)} caps=------ always=true idle=true
10-09 14:07:33.709  2042  8104 I ActivityManager: App 10214/com.google.android.permissioncontroller targets O+, restricted
10-09 14:07:33.709  2042  8104 D ActivityManager: checkAllowBackground: uid=10214 pkg=com.google.android.permissioncontroller startMode=2 onallowlist=false onallowlist(ei)=false
10-09 14:07:33.903  2042  8301 I PowerManagerServiceImpl: Release wakelock: SCREEN_DIM_WAKE_LOCK           'UiAutomator2:ScreenKeeper' DISABLED ACQ=-1m32s213ms (uid=10769 pid=8225 pkg=io.appium.uiautomator2.server)
10-09 14:07:34.053  2042  2787 I SmartPower: com.mi.globalminusscreen/10308(20285): idle->background(92142ms) R(broadcast start Intent { act=android.intent.action.PACKAGE_DATA_CLEARED dat=package: flg=0x5000010 (has extras) }) adj=100.
10-09 14:07:34.089  2042  3524 I SmartPower: com.xiaomi.discover/10121(23492): background->idle(3001ms) R(broadcast start Intent { act=android.intent.action.BATTERY_CHANGED flg=0x60000010 (has extras) }) adj=905.
10-09 14:07:34.089  2042  3524 I SmartPower: com.miui.android.fashiongallery/10228(32611): background->idle(3000ms) R(broadcast start Intent { act=android.intent.action.BATTERY_CHANGED flg=0x60000010 (has extras) }) adj=915.
10-09 14:07:34.089  2042  3524 I SmartPower: com.facebook.appmanager/10138(27658): background->idle(3000ms) R(broadcast start Intent { act=android.intent.action.BATTERY_CHANGED flg=0x60000010 (has extras) }) adj=905.
10-09 14:07:34.090  2042  3524 I SmartPower: com.facebook.katana/10243(13231): background->idle(3000ms) R(broadcast start Intent { act=android.intent.action.BATTERY_CHANGED flg=0x60000010 (has extras) }) adj=905.
10-09 14:07:34.091  2042  3524 I SmartPower: com.google.android.apps.tachyon/10226(15532): background->idle(3002ms) R(broadcast start Intent { act=android.intent.action.BATTERY_CHANGED flg=0x60000010 (has extras) }) adj=965.
10-09 14:07:34.091  2042  3524 I SmartPower: com.microsoft.teams/10266(15546): background->idle(3001ms) R(broadcast start Intent { act=android.intent.action.BATTERY_CHANGED flg=0x60000010 (has extras) }) adj=900.
