10-10 12:05:44.587  1902 23267 D WindowManager: setParent old=ActivityRecord{a0bb89f u0 eu.europa.ec.euidi/eu.europa.ec.assemblylogic.ui.MainActivity t466 f}},new=null,this window=Window{3a3bf26 u0 eu.europa.ec.euidi/eu.europa.ec.assemblylogic.ui.MainActivity EXITING},callers=com.android.server.wm.WindowContainer.removeChild:840 com.android.server.wm.ActivityRecord.removeChild:5227 com.android.server.wm.ActivityRecord.removeChild:470 com.android.server.wm.WindowContainer.removeImmediately:898 com.android.server.wm.WindowState.removeImmediately:2538 com.android.server.wm.WindowState.removeIfPossible:2719 
10-10 12:05:44.587  1902 23267 I WindowManager: cancelAnimation removed leash : Surface(name=Surface(name=6a76de5 InputMethod#123)/@0xf2bd99 - animation-leash of insets_animation#17679)/@0xf71c886
10-10 12:05:44.595  1902 23267 D WindowManager: setParent old=Task{3383dec #466 type=standard A=10390:eu.europa.ec.euidi},new=null,this window=ActivityRecord{a0bb89f u0 eu.europa.ec.euidi/eu.europa.ec.assemblylogic.ui.MainActivity t466 f}},callers=com.android.server.wm.WindowContainer.removeChild:840 com.android.server.wm.TaskFragment.removeChild:3119 com.android.server.wm.Task.removeChild:1822 com.android.server.wm.Task.removeChild:1802 com.android.server.wm.WindowContainer.removeImmediately:898 com.android.server.wm.WindowToken.removeImmediately:376 
10-10 12:05:44.598  1902 23267 D WindowManager: setParent old=DefaultTaskDisplayArea@126197207,new=null,this window=Task{3383dec #466 type=standard A=10390:eu.europa.ec.euidi},callers=com.android.server.wm.WindowContainer.removeChild:840 com.android.server.wm.TaskDisplayArea.removeChildTask:359 com.android.server.wm.TaskDisplayArea.removeChild:350 com.android.server.wm.WindowContainer.removeImmediately:898 com.android.server.wm.TaskFragment.removeImmediately:3203 com.android.server.wm.Task.removeImmediately:3222 
10-10 12:05:44.601  2983  3075 D MiuiFullScreenTaskRepository: addOrUpdateFullScreenTaskInfo taskId=466, topActivity=null
10-10 12:05:44.602  1902  1939 W ActivityTaskManager: Can't find TaskDisplayArea to determine support for multi window. Task id=466 attached=false
10-10 12:05:44.603  2983  3075 D MiuiFullScreenTaskRepository: removeFullScreenTask taskId=466, topActivity=null
10-10 12:05:44.603  2983  3075 D MiuiWindowDecorViewModel: destroyWindowDecoration: taskId=466, windowingMode=1, mWindowDecorByTaskId.size()=0, callers=com.android.wm.shell.fullscreen.FullscreenTaskListener.onTaskVanished:143 com.android.wm.shell.ShellTaskOrganizer.onTaskVanished:138 android.window.TaskOrganizer$1.lambda$onTaskVanished$6:398 android.window.TaskOrganizer$1.$r8$lambda$z23H3L3GZav04D10kA3vkevrglg:0 android.window.TaskOrganizer$1$$ExternalSyntheticLambda14.run:4 
10-10 12:05:44.603  1902  1938 W ActivityManager: setHasOverlayUi called on unknown pid: 8014
10-10 12:05:44.611  1902 22715 W PackageConfigPersister: App-specific configuration not found for packageName: com.android.chrome and userId: 0
10-10 12:05:44.612  1902 23257 I WindowManager: cancelAnimation removed leash : Surface(name=Surface(name=6a76de5 InputMethod#123)/@0xf2bd99 - animation-leash of insets_animation#17694)/@0xd442ca9
10-10 12:05:44.689  1556  1556 I wificond: station_bandwidth: 
10-10 12:05:44.880  1902  1954 I SmartPower: com.google.android.videos/10312(31305): idle->background(125746ms) R(broadcast start Intent { act=android.intent.action.PACKAGE_RESTARTED dat=package: flg=0x10 (has extras) }) adj=905.
10-10 12:05:45.811  2983  3211 W ContextImpl: Calling a method in the system process without a qualified user: android.app.ContextImpl.bindService:1999 android.content.ContextWrapper.bindService:872 android.service.quickaccesswallet.QuickAccessWalletClientImpl.lambda$connectInternal$2:369 android.service.quickaccesswallet.QuickAccessWalletClientImpl.$r8$lambda$xqGx39K5PyGhxgPjBT-OfB2yTag:0 android.service.quickaccesswallet.QuickAccessWalletClientImpl$$ExternalSyntheticLambda7.run:6 
10-10 12:05:47.519  1902  1938 I DisplayDeviceRepository: Display device changed: DisplayDeviceInfo{"Built-in Screen": uniqueId="local:4627039422300187648", 1080 x 2400, modeId 1, renderFrameRate 60.0, defaultModeId 2, supportedModes [{id=1, width=1080, height=2400, fps=60.0, alternativeRefreshRates=[30.000002, 90.0, 120.00001], supportedHdrTypes=[1, 2, 3, 4]}, {id=2, width=1080, height=2400, fps=120.00001, alternativeRefreshRates=[30.000002, 60.0, 90.0], supportedHdrTypes=[1, 2, 3, 4]}, {id=3, width=1080, height=2400, fps=90.0, alternativeRefreshRates=[30.000002, 60.0, 120.00001], supportedHdrTypes=[1, 2, 3, 4]}, {id=4, width=1080, height=2400, fps=30.000002, alternativeRefreshRates=[60.0, 90.0, 120.00001], supportedHdrTypes=[1, 2, 3, 4]}], colorMode 0, supportedColorModes [0, 7, 9], hdrCapabilities HdrCapabilities{mSupportedHdrTypes=[1, 2, 3, 4], mMaxLuminance=500.0, mMaxAverageLuminance=500.0, mMinLuminance=0.0}, allmSupported false, gameContentTypeSupported false, density 440, 394.409 x 394.409 dpi, appVsyncOff 2400001, presDeadline 28600000, cutout DisplayCutout{insets=Rect(0, 94 - 0, 0) waterfall=Insets{left=0, top=0, right=0, bottom=0} boundingRect={Bounds=[Rect(0, 0 - 0, 0), Rect(512, 0 - 568, 94), Rect(0, 0 - 0, 0), Rect(0, 0 - 0, 0)]} cutoutPathParserInfo={CutoutPathParserInfo{displayWidth=1080 displayHeight=2400 physicalDisplayWidth=1080 physicalDisplayHeight=2400 density={2.75} cutoutSpec={M 0,0 H -28 V 94 H 28 V 0 H 0 Z} rotation={0} scale={1.0} physicalPixelDisplaySizeRatio={1.0}}}}, touch INTERNAL, rotation 0, type INTERNAL, address {port=0, model=0x40368bd6e7ee6c}, deviceProductInfo DeviceProductInfo{name=MTKDEV, manufacturerPnpId=MTK, productId=35638, modelYear=null, manufactureDate=ManufactureDate{week=42, year=2021}, connectionToSinkType=0}, state ON, committedState ON, frameRateOverride , brightnessMinimum 0.0, brightnessMaximum 1.0, brightnessDefault 0.07496032, hdrSdrRatio NaN, roundedCorners RoundedCorners{[RoundedCorner{position=TopLeft, radius=70, center=Point(70, 70)}, RoundedCorner{position=TopRight, radius=70, center=Point(1010, 70)}, RoundedCorner{position=BottomRight, radius=70, center=Point(1010, 2330)}, RoundedCorner{position=BottomLeft, radius=70, center=Point(70, 2330)}]}, FLAG_ALLOWED_TO_BE_DEFAULT_DISPLAY, FLAG_ROTATES_WITH_CONTENT, FLAG_SECURE, FLAG_SUPPORTS_PROTECTED_BUFFERS, FLAG_TRUSTED, installOrientation 0, displayShape DisplayShape{ spec=-1893857183 displayWidth=1080 displayHeight=2400 physicalPixelDisplaySizeRatio=1.0 rotation=0 offsetX=0 offsetY=0 scale=1.0}}
10-10 12:05:47.530  1902  1938 D TAG     : Remove previously redundant display event 0/2 to 10321/6401
10-10 12:05:47.530  1902  1938 D TAG     : Remove previously redundant display event 0/2 to 10150/6423
10-10 12:05:47.531  1902  1938 D TAG     : Remove previously redundant display event 0/2 to 6101/17644
10-10 12:05:47.531  1902  1938 D TAG     : Remove previously redundant display event 0/2 to 10075/18053
10-10 12:05:47.531  1902  1938 D TAG     : Remove previously redundant display event 0/2 to 10097/18566
10-10 12:05:47.532  1902  1938 D TAG     : Remove previously redundant display event 0/2 to 10132/21626
10-10 12:05:47.535  1902 22586 D CompatibilityChangeReporter: Compat change id reported: 170503758; UID 10190; state: ENABLED
10-10 12:05:47.542  1902  1938 D TAG     : Remove previously redundant display event 0/2 to 10312/31305
10-10 12:05:47.714  1556  1556 I wificond: station_bandwidth: 
10-10 12:05:47.881  1902  2620 I SmartPower: com.google.android.videos/10312(31305): background->idle(3000ms) R(broadcast start Intent { act=android.intent.action.PACKAGE_RESTARTED dat=package: flg=0x10 (has extras) }) adj=905.
10-10 12:05:50.746  1556  1556 I wificond: station_bandwidth: 
10-10 12:05:53.778  1556  1556 I wificond: station_bandwidth: 
10-10 12:05:56.805  1556  1556 I wificond: station_bandwidth: 
10-10 12:05:57.516  1902  1947 D HeapUsage Monitor: HeapAllocSize : 90MB; monitorSize : 500MB
10-10 12:05:59.829  1556  1556 I wificond: station_bandwidth: 
10-10 12:06:00.001  1902  2336 D AlarmManager: mBroadcastRefCount -> 1
10-10 12:06:00.009  1902  2336 D AlarmManager: mBroadcastRefCount -> 2
10-10 12:06:00.011  1902  1902 D AlarmManager: mBroadcastRefCount -> 1
10-10 12:06:00.011  1902  1902 D AlarmManager: mPendingIntent -> null
10-10 12:06:00.013  1902  1902 D AlarmManager: mBroadcastRefCount -> 0
10-10 12:06:00.013  1902  1902 D AlarmManager: mPendingIntent -> null
10-10 12:06:00.537  1902 22586 W ProcessStats: Tracking association SourceState{b813b1d com.miui.securitycenter.remote/1000 Fgs #345412} whose proc state 3 is better than process ProcessState{3bbc40b com.miui.analytics/10101 pkg=com.miui.analytics} proc state 5 (55 skipped)
10-10 12:06:02.860  1556  1556 I wificond: station_bandwidth: 
10-10 12:06:04.048  1902  2336 I SmartPower: com.google.android.gms.unstable/10175(4628): idle->background(26014ms) R(alarm start) adj=800.
10-10 12:06:04.048  1902  2336 I SmartPower: com.google.android.gms.ui/10175(26069): idle->background(26015ms) R(alarm start) adj=800.
10-10 12:06:04.048  1902  2336 I SmartPower: com.google.process.gservices/10175(22048): idle->background(26015ms) R(alarm start) adj=915.
10-10 12:06:04.049  1902  2336 I SmartPower: com.google.android.gms:snet/10175(14783): idle->background(26015ms) R(alarm start) adj=800.
10-10 12:06:04.049  1902  2336 I SmartPower: com.google.process.gapps/10175(12347): idle->background(26016ms) R(alarm start) adj=935.
10-10 12:06:04.050  1902  2336 D AlarmManager: mBroadcastRefCount -> 1
10-10 12:06:04.073  1902  2697 D AlarmManager: mBroadcastRefCount -> 0
10-10 12:06:04.073  1902  2697 D AlarmManager: mPendingIntent -> null
10-10 12:06:05.882  1556  1556 I wificond: station_bandwidth: 
10-10 12:06:07.055  1902  2620 I SmartPower: com.google.android.gms.unstable/10175(4628): background->idle(3007ms) R(alarm start) adj=800.
10-10 12:06:07.055  1902  2620 I SmartPower: com.google.android.gms.ui/10175(26069): background->idle(3007ms) R(alarm start) adj=800.
10-10 12:06:07.056  1902  2620 I SmartPower: com.google.process.gservices/10175(22048): background->idle(3007ms) R(alarm start) adj=915.
10-10 12:06:07.056  1902  2620 I SmartPower: com.google.android.gms:snet/10175(14783): background->idle(3007ms) R(alarm start) adj=800.
10-10 12:06:07.056  1902  2620 I SmartPower: com.google.process.gapps/10175(12347): background->idle(3007ms) R(alarm start) adj=935.
10-10 12:06:07.691  1902 23179 D PackageParserImpl: dump dex file,file message: base.vdex: 6507Kb 
10-10 12:06:07.798  1902 23179 D PackageParserImpl: dump dex file,file message: base.vdex: 6507Kb 
10-10 12:06:08.382  1902 23179 D PackageParserImpl: dump dex file,file message: base.vdex: 8311Kb 
10-10 12:06:08.465  1902 23179 D PackageParserImpl: dump dex file,file message: base.vdex: 8311Kb 
10-10 12:06:08.733  1902 23179 D PackageParserImpl: dump dex file,file message: base.vdex: 1832Kb 
10-10 12:06:08.908  1556  1556 I wificond: station_bandwidth: 
10-10 12:06:09.919  1902 22586 D PackageParserImpl: dump dex file,file message: base.art: 1753Kb base.odex: 11235Kb base.vdex: 577Kb 
10-10 12:06:10.004  1902 22586 D PackageParserImpl: dump dex file,file message: base.art: 1753Kb base.odex: 11235Kb base.vdex: 577Kb 
10-10 12:06:10.184  1902 22586 D PackageParserImpl: dump dex file,file message: base.art: 1753Kb base.odex: 11235Kb base.vdex: 577Kb 
10-10 12:06:10.275  1902 22586 I ActivityManager: Force stopping eu.europa.ec.euidi appid=10390 user=0: from process:8341
10-10 12:06:10.285  1902 22586 I AppsFilter: interaction: PackageSetting{1141c0b com.android.microdroid.empty_payload/10336} -> PackageSetting{92cf61b eu.europa.ec.euidi/10390} BLOCKED
10-10 12:06:10.286  1902 22586 I AppsFilter: interaction: PackageSetting{2f03501 io.appium.uiautomator2.server.test/10379} -> PackageSetting{92cf61b eu.europa.ec.euidi/10390} BLOCKED
10-10 12:06:10.286  1902 22586 I AppsFilter: interaction: PackageSetting{330fa6 com.fido.asm/10112} -> PackageSetting{92cf61b eu.europa.ec.euidi/10390} BLOCKED
10-10 12:06:10.286  1902 22586 I AppsFilter: interaction: PackageSetting{4e66de7 io.appium.uiautomator2.server/10378} -> PackageSetting{92cf61b eu.europa.ec.euidi/10390} BLOCKED
10-10 12:06:10.286  1902 22586 I AppsFilter: interaction: PackageSetting{3435d94 io.appium.settings/10326} -> PackageSetting{92cf61b eu.europa.ec.euidi/10390} BLOCKED
10-10 12:06:10.375  1902 22586 I ActivityManager: clearApplicationUserData eu.europa.ec.euidi appid=10390 user=0 from u2000/8346
10-10 12:06:10.375  1902 22586 I ActivityManager: Force stopping eu.europa.ec.euidi appid=10390 user=0: clear data
10-10 12:06:10.385  1902 22586 I PackageManager: clearApplicationUserData packageName: eu.europa.ec.euidi user: 0 from u1000/1902
10-10 12:06:10.389  1902  1954 I ActivityManager: Force stopping eu.europa.ec.euidi appid=10390 user=-1: clearApplicationUserData
10-10 12:06:10.434  1902  1990 D PermissionManager: writeLegacyPermissionState for user  in 35 ms.
10-10 12:06:10.488   691  8350 E keystore2: system/security/keystore2/src/gc.rs:139 - Error trying to delete blob entry. system/security/keystore2/src/gc.rs:129: Trying to invalidate key.
10-10 12:06:10.488   691  8350 E keystore2: 
10-10 12:06:10.488   691  8350 E keystore2: Caused by:
10-10 12:06:10.488   691  8350 E keystore2:     0: system/security/keystore2/src/globals.rs:167: Trying to invalidate key blob.
10-10 12:06:10.488   691  8350 E keystore2:     1: Error::Km(r#UNIMPLEMENTED)
10-10 12:06:10.488   691  8350 E keystore2: system/security/keystore2/src/gc.rs:139 - Error trying to delete blob entry. system/security/keystore2/src/gc.rs:129: Trying to invalidate key.
10-10 12:06:10.488   691  8350 E keystore2: 
10-10 12:06:10.488   691  8350 E keystore2: Caused by:
10-10 12:06:10.488   691  8350 E keystore2:     0: system/security/keystore2/src/globals.rs:167: Trying to invalidate key blob.
10-10 12:06:10.488   691  8350 E keystore2:     1: Error::Km(r#UNIMPLEMENTED)
10-10 12:06:10.488   691  8350 E keystore2: system/security/keystore2/src/gc.rs:139 - Error trying to delete blob entry. system/security/keystore2/src/gc.rs:129: Trying to invalidate key.
10-10 12:06:10.488   691  8350 E keystore2: 
10-10 12:06:10.488   691  8350 E keystore2: Caused by:
10-10 12:06:10.488   691  8350 E keystore2:     0: system/security/keystore2/src/globals.rs:167: Trying to invalidate key blob.
10-10 12:06:10.488   691  8350 E keystore2:     1: Error::Km(r#UNIMPLEMENTED)
10-10 12:06:10.488   691  8350 E keystore2: system/security/keystore2/src/gc.rs:139 - Error trying to delete blob entry. system/security/keystore2/src/gc.rs:129: Trying to invalidate key.
10-10 12:06:10.488   691  8350 E keystore2: 
10-10 12:06:10.488   691  8350 E keystore2: Caused by:
10-10 12:06:10.488   691  8350 E keystore2:     0: system/security/keystore2/src/globals.rs:167: Trying to invalidate key blob.
10-10 12:06:10.488   691  8350 E keystore2:     1: Error::Km(r#UNIMPLEMENTED)
10-10 12:06:10.488   691  8350 E keystore2: system/security/keystore2/src/gc.rs:139 - Error trying to delete blob entry. system/security/keystore2/src/gc.rs:129: Trying to invalidate key.
10-10 12:06:10.488   691  8350 E keystore2: 
10-10 12:06:10.488   691  8350 E keystore2: Caused by:
10-10 12:06:10.488   691  8350 E keystore2:     0: system/security/keystore2/src/globals.rs:167: Trying to invalidate key blob.
10-10 12:06:10.488   691  8350 E keystore2:     1: Error::Km(r#UNIMPLEMENTED)
10-10 12:06:10.488   691  8350 E keystore2: system/security/keystore2/src/gc.rs:139 - Error trying to delete blob entry. system/security/keystore2/src/gc.rs:129: Trying to invalidate key.
10-10 12:06:10.488   691  8350 E keystore2: 
10-10 12:06:10.488   691  8350 E keystore2: Caused by:
10-10 12:06:10.488   691  8350 E keystore2:     0: system/security/keystore2/src/globals.rs:167: Trying to invalidate key blob.
10-10 12:06:10.488   691  8350 E keystore2:     1: Error::Km(r#UNIMPLEMENTED)
10-10 12:06:10.488   691  8350 E keystore2: system/security/keystore2/src/gc.rs:139 - Error trying to delete blob entry. system/security/keystore2/src/gc.rs:129: Trying to invalidate key.
10-10 12:06:10.488   691  8350 E keystore2: 
10-10 12:06:10.488   691  8350 E keystore2: Caused by:
10-10 12:06:10.488   691  8350 E keystore2:     0: system/security/keystore2/src/globals.rs:167: Trying to invalidate key blob.
10-10 12:06:10.488   691  8350 E keystore2:     1: Error::Km(r#UNIMPLEMENTED)
10-10 12:06:10.488   691  8350 E keystore2: system/security/keystore2/src/gc.rs:139 - Error trying to delete blob entry. system/security/keystore2/src/gc.rs:129: Trying to invalidate key.
10-10 12:06:10.488   691  8350 E keystore2: 
10-10 12:06:10.488   691  8350 E keystore2: Caused by:
10-10 12:06:10.488   691  8350 E keystore2:     0: system/security/keystore2/src/globals.rs:167: Trying to invalidate key blob.
10-10 12:06:10.488   691  8350 E keystore2:     1: Error::Km(r#UNIMPLEMENTED)
10-10 12:06:10.488   691  8350 E keystore2: system/security/keystore2/src/gc.rs:139 - Error trying to delete blob entry. system/security/keystore2/src/gc.rs:129: Trying to invalidate key.
10-10 12:06:10.488   691  8350 E keystore2: 
10-10 12:06:10.488   691  8350 E keystore2: Caused by:
10-10 12:06:10.488   691  8350 E keystore2:     0: system/security/keystore2/src/globals.rs:167: Trying to invalidate key blob.
10-10 12:06:10.488   691  8350 E keystore2:     1: Error::Km(r#UNIMPLEMENTED)
10-10 12:06:10.488   691  8350 E keystore2: system/security/keystore2/src/gc.rs:139 - Error trying to delete blob entry. system/security/keystore2/src/gc.rs:129: Trying to invalidate key.
10-10 12:06:10.488   691  8350 E keystore2: 
10-10 12:06:10.488   691  8350 E keystore2: Caused by:
10-10 12:06:10.488   691  8350 E keystore2:     0: system/security/keystore2/src/globals.rs:167: Trying to invalidate key blob.
10-10 12:06:10.488   691  8350 E keystore2:     1: Error::Km(r#UNIMPLEMENTED)
10-10 12:06:10.489   691  8350 E keystore2: system/security/keystore2/src/gc.rs:139 - Error trying to delete blob entry. system/security/keystore2/src/gc.rs:129: Trying to invalidate key.
10-10 12:06:10.489   691  8350 E keystore2: 
10-10 12:06:10.489   691  8350 E keystore2: Caused by:
10-10 12:06:10.489   691  8350 E keystore2:     0: system/security/keystore2/src/globals.rs:167: Trying to invalidate key blob.
10-10 12:06:10.489   691  8350 E keystore2:     1: Error::Km(r#UNIMPLEMENTED)
10-10 12:06:10.489   691  8350 E keystore2: system/security/keystore2/src/gc.rs:139 - Error trying to delete blob entry. system/security/keystore2/src/gc.rs:129: Trying to invalidate key.
10-10 12:06:10.489   691  8350 E keystore2: 
10-10 12:06:10.489   691  8350 E keystore2: Caused by:
10-10 12:06:10.489   691  8350 E keystore2:     0: system/security/keystore2/src/globals.rs:167: Trying to invalidate key blob.
10-10 12:06:10.489   691  8350 E keystore2:     1: Error::Km(r#UNIMPLEMENTED)
10-10 12:06:10.490  1902  1990 W PackageFreezer: Freeze package eu.europa.ec.euidi about 0.104 seconds for reason: clearApplicationUserData
10-10 12:06:10.490  1902  1990 I AppsFilter: interaction: PackageSetting{1141c0b com.android.microdroid.empty_payload/10336} -> PackageSetting{92cf61b eu.europa.ec.euidi/10390} BLOCKED
10-10 12:06:10.490  1902  1990 I AppsFilter: interaction: PackageSetting{2f03501 io.appium.uiautomator2.server.test/10379} -> PackageSetting{92cf61b eu.europa.ec.euidi/10390} BLOCKED
10-10 12:06:10.491  1902  1990 I AppsFilter: interaction: PackageSetting{330fa6 com.fido.asm/10112} -> PackageSetting{92cf61b eu.europa.ec.euidi/10390} BLOCKED
10-10 12:06:10.491  1902  1990 I AppsFilter: interaction: PackageSetting{4e66de7 io.appium.uiautomator2.server/10378} -> PackageSetting{92cf61b eu.europa.ec.euidi/10390} BLOCKED
10-10 12:06:10.491  1902  1990 I AppsFilter: interaction: PackageSetting{3435d94 io.appium.settings/10326} -> PackageSetting{92cf61b eu.europa.ec.euidi/10390} BLOCKED
10-10 12:06:10.493  1902  1990 I AppsFilter: interaction: PackageSetting{1141c0b com.android.microdroid.empty_payload/10336} -> PackageSetting{92cf61b eu.europa.ec.euidi/10390} BLOCKED
10-10 12:06:10.493  1902  1990 I AppsFilter: interaction: PackageSetting{2f03501 io.appium.uiautomator2.server.test/10379} -> PackageSetting{92cf61b eu.europa.ec.euidi/10390} BLOCKED
10-10 12:06:10.493  1902  1990 I AppsFilter: interaction: PackageSetting{330fa6 com.fido.asm/10112} -> PackageSetting{92cf61b eu.europa.ec.euidi/10390} BLOCKED
10-10 12:06:10.493  1902  1990 I AppsFilter: interaction: PackageSetting{4e66de7 io.appium.uiautomator2.server/10378} -> PackageSetting{92cf61b eu.europa.ec.euidi/10390} BLOCKED
10-10 12:06:10.493  1902  1990 I AppsFilter: interaction: PackageSetting{3435d94 io.appium.settings/10326} -> PackageSetting{92cf61b eu.europa.ec.euidi/10390} BLOCKED
10-10 12:06:10.526 22918 23755 W ContextImpl: Calling a method in the system process without a qualified user: android.app.ContextImpl.sendBroadcast:1246 android.content.ContextWrapper.sendBroadcast:520 mb.q.D:34 s2.j.x:27 s2.j.m:0 
10-10 12:06:10.533  1902  1954 I SmartPower: com.google.android.documentsui/10068(1756): idle->background(210389ms) R(broadcast start Intent { act=android.intent.action.PACKAGE_DATA_CLEARED dat=package: flg=0x5000010 (has extras) }) adj=915.
10-10 12:06:10.534  1902  1954 I SmartPower: com.android.vending:background/10184(14799): idle->background(210376ms) R(broadcast start Intent { act=android.intent.action.PACKAGE_DATA_CLEARED dat=package: flg=0x5000010 (has extras) }) adj=905.
10-10 12:06:10.541  1902  1954 W ProcessStats: Tracking association SourceState{b4138ed com.android.chrome/10190 BTop #345437} whose proc state 2 is better than process ProcessState{6c26b07 com.google.android.adservices.api/10307 pkg=com.google.android.adservices.api} proc state 14 (81 skipped)
10-10 12:06:10.541  1902  1936 E MBrainLocalService: MBrainJava launch failed: SecurityException
10-10 12:06:10.545  1902  1954 I SmartPower: com.google.android.permissioncontroller/10221(653): idle->background(210384ms) R(broadcast start Intent { act=android.intent.action.PACKAGE_DATA_CLEARED dat=package: flg=0x5000010 (has extras) }) adj=905.
10-10 12:06:10.548  1902  1936 E MBrainLocalService: MBrainJava launch failed: SecurityException
10-10 12:06:10.562  1902  1954 I SmartPower: com.miui.home/10085(3001): idle->background(206248ms) R(broadcast start Intent { act=android.intent.action.PACKAGE_DATA_CLEARED dat=package: flg=0x5000010 (has extras) }) adj=100.
10-10 12:06:10.574  1902  1954 I SmartPower: com.microsoft.windowsintune.companyportal:omadm_client_process/10365(32113): idle->background(210396ms) R(broadcast start Intent { act=android.intent.action.PACKAGE_DATA_CLEARED dat=package: flg=0x5000010 (has extras) }) adj=905.
10-10 12:06:10.789  1902  1954 I SmartPower: com.google.android.videos/10312(31305): idle->background(22909ms) R(broadcast start Intent { act=android.intent.action.PACKAGE_RESTARTED dat=package: flg=0x10 (has extras) }) adj=905.
10-10 12:06:10.894  1902  2697 D PackageParserImpl: dump dex file,file message: base.art: 1753Kb base.odex: 11235Kb base.vdex: 577Kb 
10-10 12:06:11.012  1902  1954 I SmartPower: com.mi.globalminusscreen/10076(31794): idle->background(204698ms) R(broadcast start Intent { act=android.intent.action.PACKAGE_DATA_CLEARED dat=package: flg=0x5000010 (has extras) }) adj=100.
10-10 12:06:11.244  1902  2774 I ActivityManager: Force stopping io.appium.uiautomator2.server.test appid=10379 user=0: from process:8401
10-10 12:06:11.251  1902  2774 I AppsFilter: interaction: PackageSetting{1141c0b com.android.microdroid.empty_payload/10336} -> PackageSetting{2f03501 io.appium.uiautomator2.server.test/10379} BLOCKED
10-10 12:06:11.252  1902  2774 I AppsFilter: interaction: PackageSetting{330fa6 com.fido.asm/10112} -> PackageSetting{2f03501 io.appium.uiautomator2.server.test/10379} BLOCKED
10-10 12:06:11.252  1902  2774 I AppsFilter: interaction: PackageSetting{3435d94 io.appium.settings/10326} -> PackageSetting{2f03501 io.appium.uiautomator2.server.test/10379} BLOCKED
10-10 12:06:11.540  1902  1938 D SettingsProvider: name:animator_duration_scale has changed to 0.0, because android android.provider.Settings$NameValueCache.putStringForUser:3162 android.provider.Settings$Global.putStringForUser:17046 android.provider.Settings$Global.putString:16887 android.provider.Settings$Global.putFloat:17236 com.android.server.wm.WindowManagerService$H.handleMessage:6151 android.os.Handler.dispatchMessage:106 android.os.Looper.loopOnce:222 android.os.Looper.loop:314 android.os.HandlerThread.run:67 com.android.server.ServiceThread.run:46 
10-10 12:06:11.540  1902  1938 D SettingsProvider: name:animator_duration_scale has changed to 0.0, because android android.provider.Settings$NameValueCache.putStringForUser:3162 android.provider.Settings$Global.putStringForUser:17046 android.provider.Settings$Global.putString:16887 android.provider.Settings$Global.putFloat:17236 com.android.server.wm.WindowManagerService$H.handleMessage:6151 android.os.Handler.dispatchMessage:106 android.os.Looper.loopOnce:222 android.os.Looper.loop:314 android.os.HandlerThread.run:67 com.android.server.ServiceThread.run:46 
10-10 12:06:11.541  1902  1938 D SettingsProvider: name:animator_duration_scale has changed to 0.0, because android android.provider.Settings$NameValueCache.putStringForUser:3162 android.provider.Settings$Global.putStringForUser:17046 android.provider.Settings$Global.putString:16887 android.provider.Settings$Global.putFloat:17236 com.android.server.wm.WindowManagerService$H.handleMessage:6151 android.os.Handler.dispatchMessage:106 android.os.Looper.loopOnce:222 android.os.Looper.loop:314 android.os.HandlerThread.run:67 com.android.server.ServiceThread.run:46 
10-10 12:06:11.541  1902  2774 I ActivityManager: Force stopping io.appium.uiautomator2.server appid=10378 user=0: start instr
10-10 12:06:11.545  1902  2774 D CompatibilityChangeReporter: Compat change id reported: 135634846; UID 10378; state: DISABLED
10-10 12:06:11.545  1902  2774 D CompatibilityChangeReporter: Compat change id reported: 177438394; UID 10378; state: DISABLED
10-10 12:06:11.545  1902  2774 D CompatibilityChangeReporter: Compat change id reported: 135772972; UID 10378; state: DISABLED
10-10 12:06:11.545  1902  2774 D CompatibilityChangeReporter: Compat change id reported: 135754954; UID 10378; state: ENABLED
10-10 12:06:11.545  1902  1955 D CompatibilityChangeReporter: Compat change id reported: 143937733; UID 10378; state: ENABLED
10-10 12:06:11.550  1902  2323 D CompatibilityChangeReporter: Compat change id reported: 265195908; UID 10378; state: ENABLED
10-10 12:06:11.563  1902  1955 I ActivityManager: Start proc 8415:io.appium.uiautomator2.server/u0a378 for added application io.appium.uiautomator2.server caller=android
10-10 12:06:11.576  1902  2774 I WakePathChecker: MIUILOG-WAKEPATH pushWakePathWhiteList: userId=0 size=6
10-10 12:06:11.610  1902  2774 I SmartPower: io.appium.uiautomator2.server/10378(8415): died->background(27186ms) R(process start ) adj=-10000.
10-10 12:06:11.611  1902  2774 D CompatibilityChangeReporter: Compat change id reported: 168419799; UID 10378; state: DISABLED
10-10 12:06:11.611  1902  2774 D CompatibilityChangeReporter: Compat change id reported: 273564678; UID 10378; state: DISABLED
10-10 12:06:11.613  1902  2600 D isUidValid: uid = 10378
10-10 12:06:11.632  1902  2774 D CompatibilityChangeReporter: Compat change id reported: 170503758; UID 10378; state: DISABLED
10-10 12:06:11.645  1902  2774 I AppsFilter: interaction: PackageSetting{4e66de7 io.appium.uiautomator2.server/10378} -> PackageSetting{582c9b com.google.android.apps.subscriptions.red/10194} BLOCKED
10-10 12:06:11.645  1902  2774 I AppsFilter: interaction: PackageSetting{4e66de7 io.appium.uiautomator2.server/10378} -> PackageSetting{e046838 com.android.cts.priv.ctsshim/10218} BLOCKED
10-10 12:06:11.645  1902  2774 I AppsFilter: interaction: PackageSetting{4e66de7 io.appium.uiautomator2.server/10378} -> PackageSetting{2f1a011 com.google.android.youtube/10206} BLOCKED
10-10 12:06:11.645  1902  2774 I AppsFilter: interaction: PackageSetting{4e66de7 io.appium.uiautomator2.server/10378} -> PackageSetting{dcc8576 com.android.uwb.resources/10311} BLOCKED
10-10 12:06:11.645  1902  2774 I AppsFilter: interaction: PackageSetting{4e66de7 io.appium.uiautomator2.server/10378} -> PackageSetting{ebe496c com.android.internal.display.cutout.emulation.corner/10003} BLOCKED
10-10 12:06:11.645  1902  2774 I AppsFilter: interaction: PackageSetting{4e66de7 io.appium.uiautomator2.server/10378} -> PackageSetting{6ec5b35 com.android.internal.display.cutout.emulation.double/10007} BLOCKED
10-10 12:06:11.645  1902  2774 I AppsFilter: interaction: PackageSetting{4e66de7 io.appium.uiautomator2.server/10378} -> PackageSetting{3435d94 io.appium.settings/10326} BLOCKED
10-10 12:06:11.645  1902  2774 I AppsFilter: interaction: PackageSetting{4e66de7 io.appium.uiautomator2.server/10378} -> PackageSetting{2f777 com.google.android.googlequicksearchbox/10188} BLOCKED
10-10 12:06:11.645  1902  2774 I AppsFilter: interaction: PackageSetting{4e66de7 io.appium.uiautomator2.server/10378} -> PackageSetting{5b3cfe4 cn.wps.xiaomi.abroad.lite/10233} BLOCKED
10-10 12:06:11.645  1902  2774 I AppsFilter: interaction: PackageSetting{4e66de7 io.appium.uiautomator2.server/10378} -> PackageSetting{53f2c4d com.google.android.apps.googleassistant/10169} BLOCKED
10-10 12:06:11.645  1902  2774 I AppsFilter: interaction: PackageSetting{4e66de7 io.appium.uiautomator2.server/10378} -> PackageSetting{bf38302 com.google.android.onetimeinitializer/10170} BLOCKED
10-10 12:06:11.645  1902  2774 I AppsFilter: interaction: PackageSetting{4e66de7 io.appium.uiautomator2.server/10378} -> PackageSetting{e259413 com.google.android.ext.shared/10109} BLOCKED
10-10 12:06:11.646  1902  2774 I AppsFilter: interaction: PackageSetting{4e66de7 io.appium.uiautomator2.server/10378} -> PackageSetting{18ed617 com.android.internal.systemui.navbar.gestural_wide_back/10044} BLOCKED
10-10 12:06:11.646  1902  2774 I AppsFilter: interaction: PackageSetting{4e66de7 io.appium.uiautomator2.server/10378} -> PackageSetting{2d00650 com.android.virtualmachine.res/10335} BLOCKED
10-10 12:06:11.646  1902  2774 I AppsFilter: interaction: PackageSetting{4e66de7 io.appium.uiautomator2.server/10378} -> PackageSetting{65f4049 com.google.android.server.deviceconfig.resources/10026} BLOCKED
10-10 12:06:11.646  1902  2774 I AppsFilter: interaction: PackageSetting{4e66de7 io.appium.uiautomator2.server/10378} -> PackageSetting{d9acd4e com.google.android.apps.podcasts/10226} BLOCKED
10-10 12:06:11.646  1902  2774 I AppsFilter: interaction: PackageSetting{4e66de7 io.appium.uiautomator2.server/10378} -> PackageSetting{dcb5e6f com.android.htmlviewer/10113} BLOCKED
10-10 12:06:11.646  1902  2774 I AppsFilter: interaction: PackageSetting{4e66de7 io.appium.uiautomator2.server/10378} -> PackageSetting{f37377c com.google.android.health.connect.backuprestore/10339} BLOCKED
10-10 12:06:11.646  1902  2774 I AppsFilter: interaction: PackageSetting{4e66de7 io.appium.uiautomator2.server/10378} -> PackageSetting{3529805 com.google.android.apps.messaging/10181} BLOCKED
10-10 12:06:11.646  1902  2774 I AppsFilter: interaction: PackageSetting{4e66de7 io.appium.uiautomator2.server/10378} -> PackageSetting{d5a705a com.sfr.android.sfrjeux/10187} BLOCKED
10-10 12:06:11.646  1902  2774 I AppsFilter: interaction: PackageSetting{4e66de7 io.appium.uiautomator2.server/10378} -> PackageSetting{d59728b com.ironsource.appcloud.oobe.hutchison/10166} BLOCKED
10-10 12:06:11.646  1902  2774 I AppsFilter: interaction: PackageSetting{4e66de7 io.appium.uiautomator2.server/10378} -> PackageSetting{27e4f68 com.google.android.configupdater/10167} BLOCKED
10-10 12:06:11.646  1902  2774 I AppsFilter: interaction: PackageSetting{4e66de7 io.appium.uiautomator2.server/10378} -> PackageSetting{e1b7a com.google.android.overlay.modules.permissioncontroller/10020} BLOCKED
10-10 12:06:11.646  1902  2774 I AppsFilter: interaction: PackageSetting{4e66de7 io.appium.uiautomator2.server/10378} -> PackageSetting{e69af81 com.android.soundrecorder/10243} BLOCKED
10-10 12:06:11.646  1902  2774 I AppsFilter: interaction: PackageSetting{4e66de7 io.appium.uiautomator2.server/10378} -> PackageSetting{53f3826 com.altice.android.myapps/10185} BLOCKED
10-10 12:06:11.646  1902  2774 I AppsFilter: interaction: PackageSetting{4e66de7 io.appium.uiautomator2.server/10378} -> PackageSetting{26aac67 com.google.android.apps.safetyhub/10303} BLOCKED
10-10 12:06:11.646  1902  2774 I AppsFilter: interaction: PackageSetting{4e66de7 io.appium.uiautomator2.server/10378} -> PackageSetting{69cfa14 eu.europa.publications.quickborder/10370} BLOCKED
10-10 12:06:11.646  1902  2774 I AppsFilter: interaction: PackageSetting{4e66de7 io.appium.uiautomator2.server/10378} -> PackageSetting{ecb1d12 com.google.ar.core/10265} BLOCKED
10-10 12:06:11.646  1902  2774 I AppsFilter: interaction: PackageSetting{4e66de7 io.appium.uiautomator2.server/10378} -> PackageSetting{480c2bd com.android.simappdialog/10144} BLOCKED
10-10 12:06:11.646  1902  2774 I AppsFilter: interaction: PackageSetting{4e66de7 io.appium.uiautomator2.server/10378} -> PackageSetting{156b0b2 com.aura.oobe.vodafone/10165} BLOCKED
10-10 12:06:11.646  1902  2774 I AppsFilter: interaction: PackageSetting{4e66de7 io.appium.uiautomator2.server/10378} -> PackageSetting{1e7a5d com.android.internal.display.cutout.emulation.hole/10005} BLOCKED
10-10 12:06:11.646  1902  2774 I AppsFilter: interaction: PackageSetting{4e66de7 io.appium.uiautomator2.server/10378} -> PackageSetting{7309fd2 com.android.internal.display.cutout.emulation.tall/10010} BLOCKED
10-10 12:06:11.646  1902  2774 I AppsFilter: interaction: PackageSetting{4e66de7 io.appium.uiautomator2.server/10378} -> PackageSetting{ed238a3 com.google.android.overlay.healthconnect/10268} BLOCKED
10-10 12:06:11.646  1902  2774 I AppsFilter: interaction: PackageSetting{4e66de7 io.appium.uiautomator2.server/10378} -> PackageSetting{dd5f7a0 com.android.internal.systemui.navbar.threebutton/10040} BLOCKED
10-10 12:06:11.646  1902  2774 I AppsFilter: interaction: PackageSetting{4e66de7 io.appium.uiautomator2.server/10378} -> PackageSetting{76ba803 com.android.wifi.dialog/10290} BLOCKED
10-10 12:06:11.646  1902  2774 I AppsFilter: interaction: PackageSetting{4e66de7 io.appium.uiautomator2.server/10378} -> PackageSetting{b59a380 com.android.hotwordenrollment.xgoogle/10173} BLOCKED
10-10 12:06:11.646  1902  2774 I AppsFilter: interaction: PackageSetting{4e66de7 io.appium.uiautomator2.server/10378} -> PackageSetting{9fbcdb9 com.android.mms/10301} BLOCKED
10-10 12:06:11.646  1902  2774 I AppsFilter: interaction: PackageSetting{4e66de7 io.appium.uiautomator2.server/10378} -> PackageSetting{efb25fe com.google.android.as/10296} BLOCKED
10-10 12:06:11.647  1902  2774 I AppsFilter: interaction: PackageSetting{4e66de7 io.appium.uiautomator2.server/10378} -> PackageSetting{6f6c15f com.google.android.gm/10197} BLOCKED
10-10 12:06:11.647  1902  2774 I AppsFilter: interaction: PackageSetting{4e66de7 io.appium.uiautomator2.server/10378} -> PackageSetting{47577ac com.android.compos.payload/10341} BLOCKED
10-10 12:06:11.647  1902  2774 I AppsFilter: interaction: PackageSetting{4e66de7 io.appium.uiautomator2.server/10378} -> PackageSetting{b828c75 com.google.android.apps.tachyon/10234} BLOCKED
10-10 12:06:11.647  1902  2774 I AppsFilter: interaction: PackageSetting{4e66de7 io.appium.uiautomator2.server/10378} -> PackageSetting{d871ab8 com.google.android.overlay.gmsconfig.common/10012} BLOCKED
10-10 12:06:11.647  1902  2774 I AppsFilter: interaction: PackageSetting{4e66de7 io.appium.uiautomator2.server/10378} -> PackageSetting{4dfa40a com.android.settings.intelligence/10179} BLOCKED
10-10 12:06:11.647  1902  2774 I AppsFilter: interaction: PackageSetting{4e66de7 io.appium.uiautomator2.server/10378} -> PackageSetting{ec8bbf6 com.android.internal.systemui.navbar.gestural_extra_wide_back/10042} BLOCKED
10-10 12:06:11.647  1902  2774 I AppsFilter: interaction: PackageSetting{4e66de7 io.appium.uiautomator2.server/10378} -> PackageSetting{f0147b com.miui.compass/10237} BLOCKED
10-10 12:06:11.647  1902  2774 I AppsFilter: interaction: PackageSetting{4e66de7 io.appium.uiautomator2.server/10378} -> PackageSetting{e986298 com.google.android.setupwizard/10211} BLOCKED
10-10 12:06:11.647  1902  2774 I AppsFilter: interaction: PackageSetting{4e66de7 io.appium.uiautomator2.server/10378} -> PackageSetting{e7c7af1 com.miui.android.fashiongallery/10231} BLOCKED
10-10 12:06:11.647  1902  2774 I AppsFilter: interaction: PackageSetting{4e66de7 io.appium.uiautomator2.server/10378} -> PackageSetting{fdbf6d6 com.facebook.services/10097} BLOCKED
10-10 12:06:11.647  1902  2774 I AppsFilter: interaction: PackageSetting{4e66de7 io.appium.uiautomator2.server/10378} -> PackageSetting{5617d57 com.android.printspooler/10135} BLOCKED
10-10 12:06:11.647  1902  2774 I AppsFilter: interaction: PackageSetting{4e66de7 io.appium.uiautomator2.server/10378} -> PackageSetting{6fd1044 com.android.hotwordenrollment.okgoogle/10172} BLOCKED
10-10 12:06:11.647  1902  2774 I AppsFilter: interaction: PackageSetting{4e66de7 io.appium.uiautomator2.server/10378} -> PackageSetting{d4cd52d com.google.android.apps.accessibility.auditor/10031} BLOCKED
10-10 12:06:11.647  1902  2774 I AppsFilter: interaction: PackageSetting{4e66de7 io.appium.uiautomator2.server/10378} -> PackageSetting{78aa62 org.ifaa.aidl.manager/10155} BLOCKED
10-10 12:06:11.647  1902  2774 I AppsFilter: interaction: PackageSetting{4e66de7 io.appium.uiautomator2.server/10378} -> PackageSetting{11697f3 com.android.dreams.basic/10098} BLOCKED
10-10 12:06:11.647  1902  2774 I AppsFilter: interaction: PackageSetting{4e66de7 io.appium.uiautomator2.server/10378} -> PackageSetting{1dcecb0 com.google.android.as.oss/10302} BLOCKED
10-10 12:06:11.647  1902  2774 I AppsFilter: interaction: PackageSetting{4e66de7 io.appium.uiautomator2.server/10378} -> PackageSetting{b4e9729 com.duokan.phone.remotecontroller/10241} BLOCKED
10-10 12:06:11.647  1902  2774 I AppsFilter: interaction: PackageSetting{4e66de7 io.appium.uiautomator2.server/10378} -> PackageSetting{53b0aae de.telekom.tsc/10094} BLOCKED
10-10 12:06:11.647  1902  2774 I AppsFilter: interaction: PackageSetting{4e66de7 io.appium.uiautomator2.server/10378} -> PackageSetting{7f8c04f com.android.rkpdapp/10337} BLOCKED
10-10 12:06:11.647  1902  2774 I AppsFilter: interaction: PackageSetting{4e66de7 io.appium.uiautomator2.server/10378} -> PackageSetting{b9c23dc com.google.android.devicelockcontroller/10141} BLOCKED
10-10 12:06:11.647  1902  2774 I AppsFilter: interaction: PackageSetting{4e66de7 io.appium.uiautomator2.server/10378} -> PackageSetting{c907ce5 com.google.android.dialer/10177} BLOCKED
10-10 12:06:11.647  1902  2774 I AppsFilter: interaction: PackageSetting{4e66de7 io.appium.uiautomator2.server/10378} -> PackageSetting{db123ba com.google.android.apps.nbu.files/10259} BLOCKED
10-10 12:06:11.647  1902  2774 I AppsFilter: interaction: PackageSetting{4e66de7 io.appium.uiautomator2.server/10378} -> PackageSetting{92b126b com.dti.telefonica/10186} BLOCKED
10-10 12:06:11.647  1902  2774 I AppsFilter: interaction: PackageSetting{4e66de7 io.appium.uiautomator2.server/10378} -> PackageSetting{b5a1c8 com.google.android.captiveportallogin/10105} BLOCKED
10-10 12:06:11.647  1902  2774 I AppsFilter: interaction: PackageSetting{4e66de7 io.appium.uiautomator2.server/10378} -> PackageSetting{cc6b3d com.google.android.overlay.gmsconfig.comms/10018} BLOCKED
10-10 12:06:11.647  1902  2774 I AppsFilter: interaction: PackageSetting{4e66de7 io.appium.uiautomator2.server/10378} -> PackageSetting{de46f32 com.google.android.overlay.gmsconfig.geotz/10014} BLOCKED
10-10 12:06:11.647  1902  2774 I AppsFilter: interaction: PackageSetting{4e66de7 io.appium.uiautomator2.server/10378} -> PackageSetting{d510261 com.google.android.appsearch.apk/10038} BLOCKED
10-10 12:06:11.647  1902  2774 I AppsFilter: interaction: PackageSetting{4e66de7 io.appium.uiautomator2.server/10378} -> PackageSetting{23dc186 com.google.ambient.streaming/10297} BLOCKED
10-10 12:06:11.647  1902  2774 I AppsFilter: interaction: PackageSetting{4e66de7 io.appium.uiautomator2.server/10378} -> PackageSetting{8e66a47 com.android.musicfx/10328} BLOCKED
10-10 12:06:11.647  1902  2774 I AppsFilter: interaction: PackageSetting{4e66de7 io.appium.uiautomator2.server/10378} -> PackageSetting{8671274 com.google.android.apps.docs/10242} BLOCKED
10-10 12:06:11.647  1902  2774 I AppsFilter: interaction: PackageSetting{4e66de7 io.appium.uiautomator2.server/10378} -> PackageSetting{dcbca55 com.google.android.apps.maps/10204} BLOCKED
10-10 12:06:11.647  1902  2774 I AppsFilter: interaction: PackageSetting{4e66de7 io.appium.uiautomator2.server/10378} -> PackageSetting{d430ce3 com.orange.update/10164} BLOCKED
10-10 12:06:11.647  1902  2774 I AppsFilter: interaction: PackageSetting{4e66de7 io.appium.uiautomator2.server/10378} -> PackageSetting{53a639d com.google.android.webview/10201} BLOCKED
10-10 12:06:11.647  1902  2774 I AppsFilter: interaction: PackageSetting{4e66de7 io.appium.uiautomator2.server/10378} -> PackageSetting{d125df com.google.android.overlay.modules.documentsui/10021} BLOCKED
10-10 12:06:11.648  1902  2774 I AppsFilter: interaction: PackageSetting{4e66de7 io.appium.uiautomator2.server/10378} -> PackageSetting{ca47012 com.google.android.contactkeys/10362} BLOCKED
10-10 12:06:11.648  1902  2774 I AppsFilter: interaction: PackageSetting{4e66de7 io.appium.uiautomator2.server/10378} -> PackageSetting{c1563e3 com.google.android.contacts/10189} BLOCKED
10-10 12:06:11.648  1902  2774 I AppsFilter: interaction: PackageSetting{4e66de7 io.appium.uiautomator2.server/10378} -> PackageSetting{e1ce1e0 com.microsoft.windowsintune.companyportal/10365} BLOCKED
10-10 12:06:11.648  1902  2774 I AppsFilter: interaction: PackageSetting{4e66de7 io.appium.uiautomator2.server/10378} -> PackageSetting{25e9c99 com.android.chrome/10190} BLOCKED
10-10 12:06:11.648  1902  2774 I AppsFilter: interaction: PackageSetting{4e66de7 io.appium.uiautomator2.server/10378} -> PackageSetting{d557b5e com.google.android.ims/10168} BLOCKED
10-10 12:06:11.648  1902  2774 I AppsFilter: interaction: PackageSetting{4e66de7 io.appium.uiautomator2.server/10378} -> PackageSetting{1b05b3f com.android.wifi.resources/10222} BLOCKED
10-10 12:06:11.648  1902  2774 I AppsFilter: interaction: PackageSetting{4e66de7 io.appium.uiautomator2.server/10378} -> PackageSetting{59e3c0c com.emanuelef.remote_capture/10323} BLOCKED
10-10 12:06:11.648  1902  2774 I AppsFilter: interaction: PackageSetting{4e66de7 io.appium.uiautomator2.server/10378} -> PackageSetting{7f36955 com.google.android.apps.walletnfcrel/10261} BLOCKED
10-10 12:06:11.648  1902  2774 I AppsFilter: interaction: PackageSetting{4e66de7 io.appium.uiautomator2.server/10378} -> PackageSetting{979ef6a com.google.android.partnersetup/10171} BLOCKED
10-10 12:06:11.648  1902  2774 I AppsFilter: interaction: PackageSetting{4e66de7 io.appium.uiautomator2.server/10378} -> PackageSetting{5d96c5b com.google.android.videos/10312} BLOCKED
10-10 12:06:11.648  1902  2774 I AppsFilter: interaction: PackageSetting{4e66de7 io.appium.uiautomator2.server/10378} -> PackageSetting{d3308e2 com.google.android.overlay.gmsconfig.asi/10266} BLOCKED
10-10 12:06:11.648  1902  2774 I AppsFilter: interaction: PackageSetting{4e66de7 io.appium.uiautomator2.server/10378} -> PackageSetting{c3bd473 com.google.android.overlay.gmsconfig.gsa/10013} BLOCKED
10-10 12:06:11.648  1902  2774 I AppsFilter: interaction: PackageSetting{4e66de7 io.appium.uiautomator2.server/10378} -> PackageSetting{5f90cf8 dev.firebase.appdistribution/10313} BLOCKED
10-10 12:06:11.648  1902  2774 I AppsFilter: interaction: PackageSetting{4e66de7 io.appium.uiautomator2.server/10378} -> PackageSetting{cf967a9 com.android.theme.font.notoserifsource/10009} BLOCKED
10-10 12:06:11.648  1902  2774 I AppsFilter: interaction: PackageSetting{4e66de7 io.appium.uiautomator2.server/10378} -> PackageSetting{cce45d1 com.google.android.safetycenter.resources/10220} BLOCKED
10-10 12:06:11.648  1902  2774 I AppsFilter: interaction: PackageSetting{4e66de7 io.appium.uiautomator2.server/10378} -> PackageSetting{97544cf com.android.internal.display.cutout.emulation.waterfall/10006} BLOCKED
10-10 12:06:11.648  1902  2774 I AppsFilter: interaction: PackageSetting{4e66de7 io.appium.uiautomator2.server/10378} -> PackageSetting{8ff8e5c com.android.internal.systemui.navbar.transparent/10316} BLOCKED
10-10 12:06:11.648  1902  2774 I AppsFilter: interaction: PackageSetting{4e66de7 io.appium.uiautomator2.server/10378} -> PackageSetting{dbf9836 com.google.android.connectivity.resources/10224} BLOCKED
10-10 12:06:11.648  1902  2774 I AppsFilter: interaction: PackageSetting{4e66de7 io.appium.uiautomator2.server/10378} -> PackageSetting{ab87337 com.google.android.feedback/10208} BLOCKED
10-10 12:06:11.648  1902  2774 I AppsFilter: interaction: PackageSetting{4e66de7 io.appium.uiautomator2.server/10378} -> PackageSetting{72e00a4 com.google.android.printservice.recommendation/10111} BLOCKED
10-10 12:06:11.648  1902  2774 I AppsFilter: interaction: PackageSetting{4e66de7 io.appium.uiautomator2.server/10378} -> PackageSetting{5a06e0d com.xiaomi.midrop/10229} BLOCKED
10-10 12:06:11.648  1902  2774 I AppsFilter: interaction: PackageSetting{4e66de7 io.appium.uiautomator2.server/10378} -> PackageSetting{1e501c2 com.google.android.apps.photos/10205} BLOCKED
10-10 12:06:11.648  1902  2774 I AppsFilter: interaction: PackageSetting{4e66de7 io.appium.uiautomator2.server/10378} -> PackageSetting{44ba49d com.google.android.calendar/10192} BLOCKED
10-10 12:06:11.648  1902  2774 I AppsFilter: interaction: PackageSetting{4e66de7 io.appium.uiautomator2.server/10378} -> PackageSetting{721d806 com.google.android.overlay.devicelockcontroller/10084} BLOCKED
10-10 12:06:11.648  1902  2774 I AppsFilter: interaction: PackageSetting{4e66de7 io.appium.uiautomator2.server/10378} -> PackageSetting{3170bd3 com.tencent.soter.soterserver/10160} BLOCKED
10-10 12:06:11.648  1902  2774 I AppsFilter: interaction: PackageSetting{4e66de7 io.appium.uiautomator2.server/10378} -> PackageSetting{e9c8310 com.google.android.documentsui/10068} BLOCKED
10-10 12:06:11.648  1902  2774 I AppsFilter: interaction: PackageSetting{4e66de7 io.appium.uiautomator2.server/10378} -> PackageSetting{7844c1d com.miui.permissioncontroller.overlay/10219} BLOCKED
10-10 12:06:11.648  1902  2774 I AppsFilter: interaction: PackageSetting{4e66de7 io.appium.uiautomator2.server/10378} -> PackageSetting{6f2de09 com.google.android.accessibility.switchaccess/10331} BLOCKED
10-10 12:06:11.648  1902  2774 I AppsFilter: interaction: PackageSetting{4e66de7 io.appium.uiautomator2.server/10378} -> PackageSetting{905780e com.android.providers.partnerbookmarks/10142} BLOCKED
10-10 12:06:11.648  1902  2774 I AppsFilter: interaction: PackageSetting{4e66de7 io.appium.uiautomator2.server/10378} -> PackageSetting{abc922f com.miui.calculator/10244} BLOCKED
10-10 12:06:11.649  1902  2774 I AppsFilter: interaction: PackageSetting{4e66de7 io.appium.uiautomator2.server/10378} -> PackageSetting{62ec03c com.android.wallpaper.livepicker/10114} BLOCKED
10-10 12:06:11.649  1902  2774 I AppsFilter: interaction: PackageSetting{4e66de7 io.appium.uiautomator2.server/10378} -> PackageSetting{ae251c5 com.android.apps.tag/10090} BLOCKED
10-10 12:06:11.649  1902  2774 I AppsFilter: interaction: PackageSetting{4e66de7 io.appium.uiautomator2.server/10378} -> PackageSetting{aa5071a com.android.imsserviceentitlement/10300} BLOCKED
10-10 12:06:11.649  1902  2774 I AppsFilter: interaction: PackageSetting{4e66de7 io.appium.uiautomator2.server/10378} -> PackageSetting{88a224b com.facebook.system/10093} BLOCKED
10-10 12:06:11.649  1902  2774 I AppsFilter: interaction: PackageSetting{4e66de7 io.appium.uiautomator2.server/10378} -> PackageSetting{a45a428 com.google.android.healthconnect.controller/10338} BLOCKED
10-10 12:06:11.649  1902  2774 I AppsFilter: interaction: PackageSetting{4e66de7 io.appium.uiautomator2.server/10378} -> PackageSetting{69b4541 com.android.bookmarkprovider/10102} BLOCKED
10-10 12:06:11.649  1902  2774 I AppsFilter: interaction: PackageSetting{4e66de7 io.appium.uiautomator2.server/10378} -> PackageSetting{19d7ae8 com.miui.weather2/10228} BLOCKED
10-10 12:06:11.649  1902  2774 I AppsFilter: interaction: PackageSetting{4e66de7 io.appium.uiautomator2.server/10378} -> PackageSetting{7c7ae6 org.mipay.android.manager/10157} BLOCKED
10-10 12:06:11.649  1902  2774 I AppsFilter: interaction: PackageSetting{4e66de7 io.appium.uiautomator2.server/10378} -> PackageSetting{6569827 com.google.android.apps.healthdata/10299} BLOCKED
10-10 12:06:11.649  1902  2774 I AppsFilter: interaction: PackageSetting{4e66de7 io.appium.uiautomator2.server/10378} -> PackageSetting{cb42d82 com.google.android.projection.gearhead/10163} BLOCKED
10-10 12:06:11.649  1902  2774 I AppsFilter: interaction: PackageSetting{4e66de7 io.appium.uiautomator2.server/10378} -> PackageSetting{92cf61b eu.europa.ec.euidi/10390} BLOCKED
10-10 12:06:11.649  1902  2774 I AppsFilter: interaction: PackageSetting{4e66de7 io.appium.uiautomator2.server/10378} -> PackageSetting{a64dad4 com.xiaomi.scanner/10227} BLOCKED
10-10 12:06:11.649  1902  2774 I AppsFilter: interaction: PackageSetting{4e66de7 io.appium.uiautomator2.server/10378} -> PackageSetting{b95f47d com.google.android.apps.turbo/10180} BLOCKED
10-10 12:06:11.649  1902  2774 I AppsFilter: interaction: PackageSetting{4e66de7 io.appium.uiautomator2.server/10378} -> PackageSetting{5055f72 com.google.android.safetycore/10045} BLOCKED
10-10 12:06:11.649  1902  2774 I AppsFilter: interaction: PackageSetting{4e66de7 io.appium.uiautomator2.server/10378} -> PackageSetting{a8a8fc3 com.google.android.apps.chromecast.app/10260} BLOCKED
