--------- beginning of crash
09-30 02:36:24.484  1558  1558 I emdlogger: mtk-brm-commit-id:2833288c68103f17f4843653d1b9a6fbd2f6e149
09-30 02:36:24.498  1558  1558 I emdlogger: mtk-brm-change-id:I6afe606aa6a21dad7f79560b154220d5ade63e14
09-30 02:36:24.499  1558  1558 I emdlogger: mtk-brm-merge-id:none
09-30 02:36:24.544  1534  1534 I libimsma_adapt: mtk-brm-commit-id:08c165c9fffde5e436e743d3aa5d9496d79cbc21
09-30 02:36:24.545  1534  1534 I libimsma_adapt: mtk-brm-change-id:I5d32ca5715dae8f0bcd34ce3d65cbe31e750f432
09-30 02:36:24.545  1534  1534 I libimsma_adapt: mtk-brm-merge-id:none
09-30 12:11:43.791  2938  2938 I SmartRatSwitch: mtk-brm-commit-id:5fafc7f90721207346ff793b0242d9143ebe08b5
09-30 12:11:43.793  2938  2938 I SmartRatSwitch: mtk-brm-change-id:I78997b642e154a4486e6f4d8caf000b0aab4b465
09-30 12:11:43.793  2938  2938 I SmartRatSwitch: mtk-brm-merge-id:none
10-06 14:43:03.589 32186 32204 E AndroidRuntime: FATAL EXCEPTION: Instr: androidx.test.runner.AndroidJUnitRunner
10-06 14:43:03.589 32186 32204 E AndroidRuntime: Process: io.appium.uiautomator2.server, PID: 32186
10-06 14:43:03.589 32186 32204 E AndroidRuntime: java.lang.RuntimeException: Error while disconnecting UiAutomation@dc362ca[id=-1, displayId=0, flags=0]
10-06 14:43:03.589 32186 32204 E AndroidRuntime: 	at android.app.UiAutomation.disconnect(UiAutomation.java:451)
10-06 14:43:03.589 32186 32204 E AndroidRuntime: 	at android.app.Instrumentation.finish(Instrumentation.java:275)
10-06 14:43:03.589 32186 32204 E AndroidRuntime: 	at androidx.test.runner.MonitoringInstrumentation.finish(MonitoringInstrumentation.java:381)
10-06 14:43:03.589 32186 32204 E AndroidRuntime: 	at androidx.test.runner.AndroidJUnitRunner.finish(AndroidJUnitRunner.java:463)
10-06 14:43:03.589 32186 32204 E AndroidRuntime: 	at androidx.test.runner.AndroidJUnitRunner.onStart(AndroidJUnitRunner.java:452)
10-06 14:43:03.589 32186 32204 E AndroidRuntime: 	at android.app.Instrumentation$InstrumentationThread.run(Instrumentation.java:2440)
10-06 14:43:03.589 32186 32204 E AndroidRuntime: Caused by: android.os.DeadObjectException
10-06 14:43:03.589 32186 32204 E AndroidRuntime: 	at android.os.BinderProxy.transactNative(Native Method)
10-06 14:43:03.589 32186 32204 E AndroidRuntime: 	at android.os.BinderProxy.transact(BinderProxy.java:639)
10-06 14:43:03.589 32186 32204 E AndroidRuntime: 	at android.app.IUiAutomationConnection$Stub$Proxy.disconnect(IUiAutomationConnection.java:471)
10-06 14:43:03.589 32186 32204 E AndroidRuntime: 	at android.app.UiAutomation.disconnect(UiAutomation.java:449)
10-06 14:43:03.589 32186 32204 E AndroidRuntime: 	... 5 more
10-06 15:42:53.491 24061 24079 E AndroidRuntime: FATAL EXCEPTION: Instr: androidx.test.runner.AndroidJUnitRunner
10-06 15:42:53.491 24061 24079 E AndroidRuntime: Process: io.appium.uiautomator2.server, PID: 24061
10-06 15:42:53.491 24061 24079 E AndroidRuntime: java.lang.RuntimeException: Error while disconnecting UiAutomation@14d1251[id=-1, displayId=0, flags=0]
10-06 15:42:53.491 24061 24079 E AndroidRuntime: 	at android.app.UiAutomation.disconnect(UiAutomation.java:451)
10-06 15:42:53.491 24061 24079 E AndroidRuntime: 	at android.app.Instrumentation.finish(Instrumentation.java:275)
10-06 15:42:53.491 24061 24079 E AndroidRuntime: 	at androidx.test.runner.MonitoringInstrumentation.finish(MonitoringInstrumentation.java:381)
10-06 15:42:53.491 24061 24079 E AndroidRuntime: 	at androidx.test.runner.AndroidJUnitRunner.finish(AndroidJUnitRunner.java:463)
10-06 15:42:53.491 24061 24079 E AndroidRuntime: 	at androidx.test.runner.AndroidJUnitRunner.onStart(AndroidJUnitRunner.java:452)
10-06 15:42:53.491 24061 24079 E AndroidRuntime: 	at android.app.Instrumentation$InstrumentationThread.run(Instrumentation.java:2440)
10-06 15:42:53.491 24061 24079 E AndroidRuntime: Caused by: android.os.DeadObjectException
10-06 15:42:53.491 24061 24079 E AndroidRuntime: 	at android.os.BinderProxy.transactNative(Native Method)
10-06 15:42:53.491 24061 24079 E AndroidRuntime: 	at android.os.BinderProxy.transact(BinderProxy.java:639)
10-06 15:42:53.491 24061 24079 E AndroidRuntime: 	at android.app.IUiAutomationConnection$Stub$Proxy.disconnect(IUiAutomationConnection.java:471)
10-06 15:42:53.491 24061 24079 E AndroidRuntime: 	at android.app.UiAutomation.disconnect(UiAutomation.java:449)
10-06 15:42:53.491 24061 24079 E AndroidRuntime: 	... 5 more
10-08 14:35:58.835  8798  8819 E AndroidRuntime: FATAL EXCEPTION: Instr: androidx.test.runner.AndroidJUnitRunner
10-08 14:35:58.835  8798  8819 E AndroidRuntime: Process: io.appium.uiautomator2.server, PID: 8798
10-08 14:35:58.835  8798  8819 E AndroidRuntime: java.lang.RuntimeException: Error while disconnecting UiAutomation@68ee26e[id=-1, displayId=0, flags=0]
10-08 14:35:58.835  8798  8819 E AndroidRuntime: 	at android.app.UiAutomation.disconnect(UiAutomation.java:451)
10-08 14:35:58.835  8798  8819 E AndroidRuntime: 	at android.app.Instrumentation.finish(Instrumentation.java:275)
10-08 14:35:58.835  8798  8819 E AndroidRuntime: 	at androidx.test.runner.MonitoringInstrumentation.finish(MonitoringInstrumentation.java:381)
10-08 14:35:58.835  8798  8819 E AndroidRuntime: 	at androidx.test.runner.AndroidJUnitRunner.finish(AndroidJUnitRunner.java:463)
10-08 14:35:58.835  8798  8819 E AndroidRuntime: 	at androidx.test.runner.AndroidJUnitRunner.onStart(AndroidJUnitRunner.java:452)
10-08 14:35:58.835  8798  8819 E AndroidRuntime: 	at android.app.Instrumentation$InstrumentationThread.run(Instrumentation.java:2440)
10-08 14:35:58.835  8798  8819 E AndroidRuntime: Caused by: android.os.DeadObjectException
10-08 14:35:58.835  8798  8819 E AndroidRuntime: 	at android.os.BinderProxy.transactNative(Native Method)
10-08 14:35:58.835  8798  8819 E AndroidRuntime: 	at android.os.BinderProxy.transact(BinderProxy.java:639)
10-08 14:35:58.835  8798  8819 E AndroidRuntime: 	at android.app.IUiAutomationConnection$Stub$Proxy.disconnect(IUiAutomationConnection.java:471)
10-08 14:35:58.835  8798  8819 E AndroidRuntime: 	at android.app.UiAutomation.disconnect(UiAutomation.java:449)
10-08 14:35:58.835  8798  8819 E AndroidRuntime: 	... 5 more
10-09 09:52:15.631  6455  6472 E AndroidRuntime: FATAL EXCEPTION: Instr: androidx.test.runner.AndroidJUnitRunner
10-09 09:52:15.631  6455  6472 E AndroidRuntime: Process: io.appium.uiautomator2.server, PID: 6455
10-09 09:52:15.631  6455  6472 E AndroidRuntime: java.lang.RuntimeException: Error while disconnecting UiAutomation@ed66072[id=-1, displayId=0, flags=0]
10-09 09:52:15.631  6455  6472 E AndroidRuntime: 	at android.app.UiAutomation.disconnect(UiAutomation.java:451)
10-09 09:52:15.631  6455  6472 E AndroidRuntime: 	at android.app.Instrumentation.finish(Instrumentation.java:275)
10-09 09:52:15.631  6455  6472 E AndroidRuntime: 	at androidx.test.runner.MonitoringInstrumentation.finish(MonitoringInstrumentation.java:381)
10-09 09:52:15.631  6455  6472 E AndroidRuntime: 	at androidx.test.runner.AndroidJUnitRunner.finish(AndroidJUnitRunner.java:463)
10-09 09:52:15.631  6455  6472 E AndroidRuntime: 	at androidx.test.runner.AndroidJUnitRunner.onStart(AndroidJUnitRunner.java:452)
10-09 09:52:15.631  6455  6472 E AndroidRuntime: 	at android.app.Instrumentation$InstrumentationThread.run(Instrumentation.java:2440)
10-09 09:52:15.631  6455  6472 E AndroidRuntime: Caused by: android.os.DeadObjectException
10-09 09:52:15.631  6455  6472 E AndroidRuntime: 	at android.os.BinderProxy.transactNative(Native Method)
10-09 09:52:15.631  6455  6472 E AndroidRuntime: 	at android.os.BinderProxy.transact(BinderProxy.java:639)
10-09 09:52:15.631  6455  6472 E AndroidRuntime: 	at android.app.IUiAutomationConnection$Stub$Proxy.disconnect(IUiAutomationConnection.java:471)
10-09 09:52:15.631  6455  6472 E AndroidRuntime: 	at android.app.UiAutomation.disconnect(UiAutomation.java:449)
10-09 09:52:15.631  6455  6472 E AndroidRuntime: 	... 5 more
10-10 11:31:59.685 16596 16613 E AndroidRuntime: FATAL EXCEPTION: Instr: androidx.test.runner.AndroidJUnitRunner
10-10 11:31:59.685 16596 16613 E AndroidRuntime: Process: io.appium.uiautomator2.server, PID: 16596
10-10 11:31:59.685 16596 16613 E AndroidRuntime: java.lang.RuntimeException: Error while disconnecting UiAutomation@cbc2880[id=-1, displayId=0, flags=0]
10-10 11:31:59.685 16596 16613 E AndroidRuntime: 	at android.app.UiAutomation.disconnect(UiAutomation.java:451)
10-10 11:31:59.685 16596 16613 E AndroidRuntime: 	at android.app.Instrumentation.finish(Instrumentation.java:275)
10-10 11:31:59.685 16596 16613 E AndroidRuntime: 	at androidx.test.runner.MonitoringInstrumentation.finish(MonitoringInstrumentation.java:381)
10-10 11:31:59.685 16596 16613 E AndroidRuntime: 	at androidx.test.runner.AndroidJUnitRunner.finish(AndroidJUnitRunner.java:463)
10-10 11:31:59.685 16596 16613 E AndroidRuntime: 	at androidx.test.runner.AndroidJUnitRunner.onStart(AndroidJUnitRunner.java:452)
10-10 11:31:59.685 16596 16613 E AndroidRuntime: 	at android.app.Instrumentation$InstrumentationThread.run(Instrumentation.java:2440)
10-10 11:31:59.685 16596 16613 E AndroidRuntime: Caused by: android.os.DeadObjectException
10-10 11:31:59.685 16596 16613 E AndroidRuntime: 	at android.os.BinderProxy.transactNative(Native Method)
10-10 11:31:59.685 16596 16613 E AndroidRuntime: 	at android.os.BinderProxy.transact(BinderProxy.java:639)
10-10 11:31:59.685 16596 16613 E AndroidRuntime: 	at android.app.IUiAutomationConnection$Stub$Proxy.disconnect(IUiAutomationConnection.java:471)
10-10 11:31:59.685 16596 16613 E AndroidRuntime: 	at android.app.UiAutomation.disconnect(UiAutomation.java:449)
10-10 11:31:59.685 16596 16613 E AndroidRuntime: 	... 5 more
--------- beginning of system
10-13 12:08:18.151  1902  1939 W WindowManager: real show surface:Surface(name=eu.europa.ec.euidi/eu.europa.ec.assemblylogic.ui.MainActivity#29233)/@0xdf8ed0b
10-13 12:08:18.156  1902 23259 I SmartPower: com.android.chrome/10190(9617): visible->invisible(576ms) R(become invisible) adj=101.
10-13 12:08:18.156  1902 23259 I SmartPower: com.android.chrome:privileged_process0/10190(9726): invisible->background(794ms) R(become background) adj=101.
10-13 12:08:18.156  1902 23259 I SmartPower: com.android.chrome/10190(9617): invisible->background(1ms) R(become background) adj=101.
10-13 12:08:18.159  1902 23259 D CoreBackPreview: Window{75116e2 u0 com.android.chrome/org.chromium.chrome.browser.ChromeTabbedActivity}: Setting back callback OnBackInvokedCallbackInfo{mCallback=android.window.IOnBackInvokedCallback$Stub$Proxy@f9d27e, mPriority=-1, mIsAnimationCallback=false}
10-13 12:08:18.167  1902 23259 D CompatibilityChangeReporter: Compat change id reported: 214016041; UID 10390; state: ENABLED
10-13 12:08:18.172  1902  1936 E MBrainLocalService: MBrainJava launch failed: SecurityException
10-13 12:08:18.173  1902 23259 D CoreBackPreview: Window{4c96f40 u0 Splash Screen eu.europa.ec.euidi}: Setting back callback null
10-13 12:08:18.175  1902  2771 I WindowManager: cancelAnimation removed leash : Surface(name=Surface(name=6a76de5 InputMethod#123)/@0xf2bd99 - animation-leash of insets_animation#29222)/@0x85f7d4b
10-13 12:08:18.175  1902 23171 W PackageConfigPersister: App-specific configuration not found for packageName: eu.europa.ec.euidi and userId: 0
10-13 12:08:18.179  1902  2771 D WindowManager: setParent old=ActivityRecord{3db9841 u0 eu.europa.ec.euidi/eu.europa.ec.assemblylogic.ui.MainActivity t789},new=null,this window=Window{4c96f40 u0 Splash Screen eu.europa.ec.euidi},callers=com.android.server.wm.WindowContainer.removeChild:840 com.android.server.wm.ActivityRecord.removeChild:5227 com.android.server.wm.ActivityRecord.removeChild:470 com.android.server.wm.WindowContainer.removeImmediately:898 com.android.server.wm.WindowState.removeImmediately:2538 com.android.server.wm.WindowState.removeIfPossible:2719 
10-13 12:08:18.209  1902  1936 D Aurogon :  uid = 10190 switch to BG
10-13 12:08:18.209  1902  2600 D isUidValid: uid = 10190
10-13 12:08:18.276  1902  1902 D UiModeManager: updateConfigurationLocked: mDockState=0; mCarMode=false; mCar=false; mPowerSave=false; mOverrideNightModeOn=false; mOverrideNightModeOff=false; mComputedNightMode=false; mNightMode=1; uiMode=17
10-13 12:08:18.447  1902  1902 W AccessibilityManagerService:  wait for adding window timeout: 4120
10-13 12:08:18.774  1902  1954 I SmartPower: com.xiaomi.discover/10128(15953): idle->background(2360ms) R(broadcast start Intent { act=android.intent.action.BATTERY_CHANGED flg=0x60000010 (has extras) }) adj=905.
10-13 12:08:18.774  1902  1954 I SmartPower: com.microsoft.teams/10321(21803): idle->background(2360ms) R(broadcast start Intent { act=android.intent.action.BATTERY_CHANGED flg=0x60000010 (has extras) }) adj=905.
10-13 12:08:19.645  1556  1556 I wificond: station_bandwidth: 
10-13 12:08:20.381  1902  2774 W FillRequestEventLogger: Couldn't find packageName: com.google.android.inputmethod.latin
10-13 12:08:20.393 16200 16200 D MiuiMultiWindowUtils: freeform resolution args raw data:{  "wide_default":{    "freeform_args": {        "vertical_portrait":{"aspect_ratio":0.626, "original_ratio":0.5643,"original_scale":0.74,"top_margin":0.168,"left_margin":0.484},        "horizontal_portrait":{"aspect_ratio":0.626, "original_ratio":0.5643,"original_scale":0.74,"top_margin":0.1222,"left_margin":0.59745},        "vertical_landscape":{"aspect_ratio":1.6, "original_ratio":1,"original_scale":0.604,"top_margin":0.2596,"left_margin":0.2624},        "horizontal_landscape":{"aspect_ratio":1.6, "original_ratio":1,"original_scale":0.604,"top_margin":0.213,"left_margin":0.3758}    },    "mini_freeform_args":{        "vertical_portrait":{"original_ratio":0.147},        "horizontal_portrait":{"original_ratio":0.147},        "vertical_landscape":{"original_ratio":0.165},        "horizontal_landscape":{"original_ratio":0.165}    }  },  "narrow_default": {    "freeform_args": {        "vertical_portrait":{"aspect_ratio":0.626, "original_ratio":1,"original_scale":0.74,"top_margin":0.0753,"left_margin":-1},        "horizontal_portrait":{"aspect_ratio":0.626, "original_ratio":1,"original_scale":0.5756,"top_margin":-1,"left_margin":0.0753},        "vertical_landscape":{"aspect_ratio":1.6, "original_ratio":0.6847,"original_scale":0.587,"top_margin":0.0753,"left_margin":-1},        "horizontal_landscape":{"aspect_ratio":1.6, "original_ratio":0.6847,"original_scale":0.587,"top_margin":-1,"left_margin":0.0753}    },    "mini_freeform_args":{        "vertical_portrait":{"original_ratio":0.26},        "horizontal_portrait":{"original_ratio":0.26},        "vertical_landscape":{"original_ratio":0.293},        "horizontal_landscape":{"original_ratio":0.293}    }  },  "regular_default": {    "freeform_args": {      "vertical_portrait":{"aspect_ratio":0.625, "original_ratio":1,"original_scale":0.7,"top_margin":0.109,"left_margin":-1},      "horizontal_portrait":{"aspect_ratio":0.6667, "original_ratio":1,"original_scale":0.6102,"top_margin":-1,"left_margin":0.026},      "vertical_landscape":{"aspect_ratio":1.6, "original_ratio":1,"original_scale":0.4244,"top_margin":0.109,"left_margin":-1},      "horizontal_landscape":{"aspect_ratio":1.6, "original_ratio":1,"original_scale":0.4244,"top_margin":-1,"left_margin":0.026}    },    "mini_freeform_args":{      "vertical_portrait":{"original_ratio":0.25},      "horizontal_portrait":{"original_ratio":0.25},      "vertical_landscape":{"original_ratio":0.25},      "horizontal_landscape":{"original_ratio":0.25}    }  },  "pad_default": {    "freeform_args": {      "vertical_portrait":{"aspect_ratio":0.5625, "original_ratio":0.375,"original_scale":0.835,"top_margin":0.049,"left_margin":0.2775},      "horizontal_portrait":{"aspect_ratio":0.5625, "original_ratio":0.375,"original_scale":0.835,"top_margin":-1,"left_margin":0.6525},      "vertical_landscape":{"aspect_ratio":-1, "original_ratio":1,"original_scale":0.468,"top_margin":0.049,"left_margin":-1},      "horizontal_landscape":{"aspect_ratio":-1, "original_ratio":1,"original_scale":0.468,"top_margin":-1,"left_margin":0.4976}    },    "mini_freeform_args":{      "vertical_portrait":{"original_ratio":0.144},      "horizontal_portrait":{"original_ratio":0.144},      "vertical_landscape":{"original_ratio":0.2},      "horizontal_landscape":{"original_ratio":0.2}    }  }}
10-13 12:08:20.393 16200 16200 D MiuiMultiWindowUtils: initFreeFormResolutionArgs failed, device is rubypro
10-13 12:08:20.393  1902  3385 W PackageConfigPersister: App-specific configuration not found for packageName: eu.europa.ec.euidi and userId: 0
10-13 12:08:20.394  1902  4160 I InputMethodManagerService: IMMS.showSoftInput(), client = com.android.internal.inputmethod.IInputMethodClient$Stub$Proxy@83d82f4
10-13 12:08:20.394  1902  4160 I InputMethodManagerService: IMMS.showCurrentInputLocked(), flags = 0
10-13 12:08:20.394  1902  4160 D SmartPower: com.google.android.inputmethod.latin/10196(22721): show input method
10-13 12:08:20.394  1902  4160 I SmartPower: com.google.android.inputmethod.latin/10196(22721): idle->visible(11241ms) R(show input method) adj=100.
10-13 12:08:20.395  1902  4160 I DefaultImeVisibilityApplier: IMMS.showCurrentInputLocked request ims to show inputMethod.
10-13 12:08:20.395  1902  3385 W PackageConfigPersister: App-specific configuration not found for packageName: eu.europa.ec.euidi and userId: 0
10-13 12:08:20.401  1902 23171 D AutofillSession: createPendingIntent for request 1649
10-13 12:08:20.401  1902 23171 D ContentCapturePerUserService: Notified activity assist data for activity: Token{da6a327 ActivityRecord{3db9841 u0 eu.europa.ec.euidi/eu.europa.ec.assemblylogic.ui.MainActivity t789}} without a session Id
10-13 12:08:20.407  1902  3385 I InputMethodManagerService: IMMS.showSoftInput(), client = com.android.internal.inputmethod.IInputMethodClient$Stub$Proxy@1da0dbf
10-13 12:08:20.407  1902  3385 I InputMethodManagerService: IMMS.showCurrentInputLocked(), flags = 0
10-13 12:08:20.407  1902  3385 D SmartPower: com.google.android.inputmethod.latin/10196(22721): show input method
10-13 12:08:20.407  1902  3385 I DefaultImeVisibilityApplier: IMMS.showCurrentInputLocked request ims to show inputMethod.
10-13 12:08:20.428  1902 23266 I InputMethodManagerService: IMMS.applyImeVisibility(), setVisible = true, mCurclient = ClientState{9edab18 mUid=10390 mPid=16200 mSelfReportedDisplayId=0}
10-13 12:08:20.428  1902 23266 I WindowManager: WMS.showImePostLayout(), imeTarget = Window{c82e064 u0 eu.europa.ec.euidi/eu.europa.ec.assemblylogic.ui.MainActivity}
10-13 12:08:20.431  1902  4160 D CoreBackPreview: Window{c82e064 u0 eu.europa.ec.euidi/eu.europa.ec.assemblylogic.ui.MainActivity}: Setting back callback OnBackInvokedCallbackInfo{mCallback=android.window.IOnBackInvokedCallback$Stub$Proxy@36e9fd5, mPriority=0, mIsAnimationCallback=false}
10-13 12:08:20.437  2983  3075 D MiuiFreeformModeController: avoidForInsetsBottomChangedIfNeed oldMoveableBottom: 2270 newMoveableBounds: 2270
10-13 12:08:20.438  1902 23171 I WindowManager: Relayout Window{6a76de5 u0 InputMethod}: oldVis=8 newVis=0 focusMayChange = true requestedWidth = 1080 requestedHeight = 2306 outFrames = ClientWindowFrames{frame=[0,94][1080,2400] display=[0,94][1080,2400] parentFrame=[0,0][0,0]} outSurfaceControl = Surface(name=InputMethod#29239)/@0x17bf48d
10-13 12:08:20.445  2983  3075 D MiuiFreeformModeController: avoidForInsetsBottomChangedIfNeed oldMoveableBottom: 2270 newMoveableBounds: 2270
10-13 12:08:20.454  1902  4160 W WindowManager: finishDrawingWindow: Window{6a76de5 u0 InputMethod} mDrawState=DRAW_PENDING
10-13 12:08:20.454  1902  4160 D WindowManager: wms.finishDrawingLocked: mDrawState=COMMIT_DRAW_PENDING Window{6a76de5 u0 InputMethod} in Surface(name=InputMethod#29239)/@0xbc19124
10-13 12:08:20.455  1902 23266 I InputMethodManagerService: IMMS.applyImeVisibility(), setVisible = true, mCurclient = ClientState{9edab18 mUid=10390 mPid=16200 mSelfReportedDisplayId=0}
10-13 12:08:20.456  1902  1939 I ImeInsetsSourceProvider: ImeInsetsSourceProvider.scheduleShowImePostLayout() Run showImeRunner.
10-13 12:08:20.456  1902  1939 I ImeInsetsSourceProvider: ImeInsetsSourceProvider.scheduleShowImePostLayout() isReadyToShowIme.
10-13 12:08:20.460  1902  4160 I WindowManager: cancelAnimation removed leash : Surface(name=Surface(name=db27a2 NavigationBar0#82)/@0xc1acbf0 - animation-leash of insets_animation#29235)/@0x9c74ee7
10-13 12:08:20.461  2983  3075 D MiuiFreeformModeController: avoidForInsetsBottomChangedIfNeed oldMoveableBottom: 2270 newMoveableBounds: 2270
10-13 12:08:20.461  2983  3075 D ImePositionProcessor: onImeVisibilityChanged     isShowing:  true
10-13 12:08:20.462  1902  1938 I WindowManager: input method visible height changed 701
10-13 12:08:20.462  2983  3075 D MiuiFreeformModeController: onImeVisibilityChanged imeVisible: true imeHeight: 701 adjustedForRotation:false
10-13 12:08:20.462  2983  3075 D MiuiFreeformModeAvoidAlgorithm: begin autoOrderingAvoidMiniTask
10-13 12:08:20.462  1902  2338 I ITouchFeature: current device and process support version:2
10-13 12:08:20.462  2983  3075 D MiuiFreeformModeAvoidAlgorithm: getCurrMiniPos: SameSideMiniPosList: []
10-13 12:08:20.462  2983  3075 D MiuiFreeformModeAvoidAlgorithm: getCurrMiniPos: SameSideMiniPosList: []
10-13 12:08:20.462  2983  3075 D MiuiFreeformModeAvoidAlgorithm: end autoOrderingAvoidMiniTask res:AvoidResult{distance=0, combination={}, activeTaskPos=Rect(0, 0 - 0, 0)}
10-13 12:08:20.464  1902  1938 W WindowManager: real show surface:Surface(name=InputMethod#29239)/@0xbc19124
10-13 12:08:20.474  1902 23266 I WindowManager: WMS.showImePostLayout(), imeTarget = Window{c82e064 u0 eu.europa.ec.euidi/eu.europa.ec.assemblylogic.ui.MainActivity}
10-13 12:08:20.474  1902  2774 D PerfShielderService: eu.europa.ec.euidi|eu.europa.ec.euidi/eu.europa.ec.assemblylogic.ui.MainActivity|101|147128498155923|68|2|3
10-13 12:08:20.474 22071 27042 W MiuiPerfServiceClient: interceptAndQueuing:16200|eu.europa.ec.euidi|101|68|147128498155923|Slow handle animation|3
10-13 12:08:20.479  1902  1939 I ImeInsetsSourceProvider: ImeInsetsSourceProvider.scheduleShowImePostLayout() Run showImeRunner.
10-13 12:08:20.480  1902  1939 I ImeInsetsSourceProvider: ImeInsetsSourceProvider.scheduleShowImePostLayout() isReadyToShowIme.
10-13 12:08:20.481  2983  3075 D OneHandedController: stopOneHanded state is 0
10-13 12:08:20.487  2983  3075 D OneHandedController: stopOneHanded state is 0
10-13 12:08:20.510  1902  1902 W FillRequestEventLogger: Shouldn't be logging AutofillFillRequestReported again for same event
10-13 12:08:20.510  1902  1902 W FillResponseEventLogger: Shouldn't be logging AutofillFillRequestReported again for same event
10-13 12:08:20.510  1902  1902 D AutofillSession: clearPendingIntentLocked
10-13 12:08:20.882  1902  2620 I SmartPower: com.google.android.videos/10312(19398): background->idle(3002ms) R(broadcast start Intent { act=android.intent.action.PACKAGE_RESTARTED dat=package: flg=0x10 (has extras) }) adj=905.
10-13 12:08:21.157  1902  2620 I SmartPower: com.android.chrome:privileged_process0/10190(9726): background->idle(3001ms) R(become invisible) adj=700.
10-13 12:08:21.157  1902  2620 I SmartPower: com.android.chrome/10190(9617): background->idle(3001ms) R(become invisible) adj=700.
10-13 12:08:21.210  1902  2620 I SmartPower: com.android.chrome:sandboxed_process0:org.chromium.content.app.SandboxedProcessSerbackground->idle(3630ms) R(adj below visible) adj=700.
10-13 12:08:21.293  1902  4160 D WindowManagerService: checkFlipFullScreenChange is same, nowIsFullScreen = false
10-13 12:08:21.297  1902  4160 W FillRequestEventLogger: Couldn't find packageName: com.google.android.inputmethod.latin
10-13 12:08:21.308  1902  4160 I InputMethodManagerService: IMMS.showCurrentInputLocked(), flags = 1
10-13 12:08:21.308  1902  4160 D SmartPower: com.google.android.inputmethod.latin/10196(22721): show input method
10-13 12:08:21.308  1902  4160 I DefaultImeVisibilityApplier: IMMS.showCurrentInputLocked request ims to show inputMethod.
10-13 12:08:21.312  1902  2774 W PackageConfigPersister: App-specific configuration not found for packageName: eu.europa.ec.euidi and userId: 0
10-13 12:08:21.317  1902  2774 D AutofillSession: createPendingIntent for request 1650
10-13 12:08:21.318  1902  2774 D ContentCapturePerUserService: Notified activity assist data for activity: Token{da6a327 ActivityRecord{3db9841 u0 eu.europa.ec.euidi/eu.europa.ec.assemblylogic.ui.MainActivity t789}} without a session Id
10-13 12:08:21.326  1902  2774 I InputMethodManagerService: IMMS.showSoftInput(), client = com.android.internal.inputmethod.IInputMethodClient$Stub$Proxy@637a616
10-13 12:08:21.326  1902  2774 I InputMethodManagerService: IMMS.showCurrentInputLocked(), flags = 0
10-13 12:08:21.326  1902  2774 D SmartPower: com.google.android.inputmethod.latin/10196(22721): show input method
10-13 12:08:21.326  1902  2774 I DefaultImeVisibilityApplier: IMMS.showCurrentInputLocked request ims to show inputMethod.
10-13 12:08:21.341  1902  2774 I InputMethodManagerService: IMMS.applyImeVisibility(), setVisible = true, mCurclient = ClientState{9edab18 mUid=10390 mPid=16200 mSelfReportedDisplayId=0}
10-13 12:08:21.341  1902  2774 I WindowManager: WMS.showImePostLayout(), imeTarget = Window{c82e064 u0 eu.europa.ec.euidi/eu.europa.ec.assemblylogic.ui.MainActivity}
10-13 12:08:21.344  1902  1939 I ImeInsetsSourceProvider: ImeInsetsSourceProvider.scheduleShowImePostLayout() Run showImeRunner.
10-13 12:08:21.344  1902  1939 I ImeInsetsSourceProvider: ImeInsetsSourceProvider.scheduleShowImePostLayout() isReadyToShowIme.
10-13 12:08:21.347  2983  3075 D OneHandedController: stopOneHanded state is 0
10-13 12:08:21.353  1902  3385 I InputMethodManagerService: IMMS.applyImeVisibility(), setVisible = true, mCurclient = ClientState{9edab18 mUid=10390 mPid=16200 mSelfReportedDisplayId=0}
10-13 12:08:21.353  1902  3385 I WindowManager: WMS.showImePostLayout(), imeTarget = Window{c82e064 u0 eu.europa.ec.euidi/eu.europa.ec.assemblylogic.ui.MainActivity}
10-13 12:08:21.355  1902  1939 I ImeInsetsSourceProvider: ImeInsetsSourceProvider.scheduleShowImePostLayout() Run showImeRunner.
10-13 12:08:21.355  1902  1939 I ImeInsetsSourceProvider: ImeInsetsSourceProvider.scheduleShowImePostLayout() isReadyToShowIme.
10-13 12:08:21.360  2983  3075 D OneHandedController: stopOneHanded state is 0
10-13 12:08:21.366  1902  1902 W FillRequestEventLogger: Shouldn't be logging AutofillFillRequestReported again for same event
10-13 12:08:21.366  1902  1902 W FillResponseEventLogger: Shouldn't be logging AutofillFillRequestReported again for same event
10-13 12:08:21.366  1902  1902 D AutofillSession: clearPendingIntentLocked
10-13 12:08:21.775  1902  2620 I SmartPower: com.xiaomi.discover/10128(15953): background->idle(3001ms) R(broadcast start Intent { act=android.intent.action.BATTERY_CHANGED flg=0x60000010 (has extras) }) adj=905.
10-13 12:08:21.776  1902  2620 I SmartPower: com.microsoft.teams/10321(21803): background->idle(3002ms) R(broadcast start Intent { act=android.intent.action.BATTERY_CHANGED flg=0x60000010 (has extras) }) adj=905.
10-13 12:08:21.978  1902 23171 D WindowManagerService: checkFlipFullScreenChange is same, nowIsFullScreen = false
10-13 12:08:21.982  1902 23171 W FillRequestEventLogger: Couldn't find packageName: com.google.android.inputmethod.latin
10-13 12:08:21.993  1902 23171 I InputMethodManagerService: IMMS.showCurrentInputLocked(), flags = 1
10-13 12:08:21.994  1902 23171 D SmartPower: com.google.android.inputmethod.latin/10196(22721): show input method
10-13 12:08:21.994  1902 23171 I DefaultImeVisibilityApplier: IMMS.showCurrentInputLocked request ims to show inputMethod.
10-13 12:08:21.997  1902 23171 W PackageConfigPersister: App-specific configuration not found for packageName: eu.europa.ec.euidi and userId: 0
10-13 12:08:22.003  1902  3385 D AutofillSession: createPendingIntent for request 1651
10-13 12:08:22.003  1902  3385 D ContentCapturePerUserService: Notified activity assist data for activity: Token{da6a327 ActivityRecord{3db9841 u0 eu.europa.ec.euidi/eu.europa.ec.assemblylogic.ui.MainActivity t789}} without a session Id
10-13 12:08:22.008  1902  3385 I InputMethodManagerService: IMMS.showSoftInput(), client = com.android.internal.inputmethod.IInputMethodClient$Stub$Proxy@783c0c6
10-13 12:08:22.009  1902  3385 I InputMethodManagerService: IMMS.showCurrentInputLocked(), flags = 0
10-13 12:08:22.009  1902  3385 D SmartPower: com.google.android.inputmethod.latin/10196(22721): show input method
10-13 12:08:22.009  1902  3385 I DefaultImeVisibilityApplier: IMMS.showCurrentInputLocked request ims to show inputMethod.
10-13 12:08:22.027  1902  2774 I InputMethodManagerService: IMMS.applyImeVisibility(), setVisible = true, mCurclient = ClientState{9edab18 mUid=10390 mPid=16200 mSelfReportedDisplayId=0}
10-13 12:08:22.027  1902  2774 I WindowManager: WMS.showImePostLayout(), imeTarget = Window{c82e064 u0 eu.europa.ec.euidi/eu.europa.ec.assemblylogic.ui.MainActivity}
10-13 12:08:22.028  2983  3075 D OneHandedController: stopOneHanded state is 0
10-13 12:08:22.028  1902  1939 I ImeInsetsSourceProvider: ImeInsetsSourceProvider.scheduleShowImePostLayout() Run showImeRunner.
10-13 12:08:22.028  1902  1939 I ImeInsetsSourceProvider: ImeInsetsSourceProvider.scheduleShowImePostLayout() isReadyToShowIme.
10-13 12:08:22.034  1902  2774 I InputMethodManagerService: IMMS.applyImeVisibility(), setVisible = true, mCurclient = ClientState{9edab18 mUid=10390 mPid=16200 mSelfReportedDisplayId=0}
10-13 12:08:22.034  1902  2774 I WindowManager: WMS.showImePostLayout(), imeTarget = Window{c82e064 u0 eu.europa.ec.euidi/eu.europa.ec.assemblylogic.ui.MainActivity}
10-13 12:08:22.036  2983  3075 D OneHandedController: stopOneHanded state is 0
10-13 12:08:22.036  1902  1939 I ImeInsetsSourceProvider: ImeInsetsSourceProvider.scheduleShowImePostLayout() Run showImeRunner.
10-13 12:08:22.036  1902  1939 I ImeInsetsSourceProvider: ImeInsetsSourceProvider.scheduleShowImePostLayout() isReadyToShowIme.
10-13 12:08:22.051  1902  1902 W FillRequestEventLogger: Shouldn't be logging AutofillFillRequestReported again for same event
10-13 12:08:22.051  1902  1902 W FillResponseEventLogger: Shouldn't be logging AutofillFillRequestReported again for same event
10-13 12:08:22.052  1902  1902 D AutofillSession: clearPendingIntentLocked
10-13 12:08:22.662  1556  1556 I wificond: station_bandwidth: 
10-13 12:08:22.664  1902 23171 D WindowManagerService: checkFlipFullScreenChange is same, nowIsFullScreen = false
10-13 12:08:22.667  1902 23171 W FillRequestEventLogger: Couldn't find packageName: com.google.android.inputmethod.latin
10-13 12:08:22.675  1902 23171 D AutofillSession: createPendingIntent for request 1652
10-13 12:08:22.676  1902 23171 D ContentCapturePerUserService: Notified activity assist data for activity: Token{da6a327 ActivityRecord{3db9841 u0 eu.europa.ec.euidi/eu.europa.ec.assemblylogic.ui.MainActivity t789}} without a session Id
10-13 12:08:22.682  1902  1902 W ProcessStats: Tracking association SourceState{4b99c4c com.google.android.gms.persistent/10175 BTop #458858} whose proc state 2 is better than process ProcessState{2c25849 com.google.android.gms/10175 pkg=com.google.android.gms} proc state 13 (373 skipped)
10-13 12:08:22.683  1902 23171 I InputMethodManagerService: IMMS.showCurrentInputLocked(), flags = 1
10-13 12:08:22.683  1902 23171 D SmartPower: com.google.android.inputmethod.latin/10196(22721): show input method
10-13 12:08:22.685  1902 23171 I DefaultImeVisibilityApplier: IMMS.showCurrentInputLocked request ims to show inputMethod.
10-13 12:08:22.686  1902  2774 W PackageConfigPersister: App-specific configuration not found for packageName: eu.europa.ec.euidi and userId: 0
10-13 12:08:22.699  1902  2774 I InputMethodManagerService: IMMS.showSoftInput(), client = com.android.internal.inputmethod.IInputMethodClient$Stub$Proxy@6cd554c
10-13 12:08:22.700  1902  2774 I InputMethodManagerService: IMMS.showCurrentInputLocked(), flags = 0
10-13 12:08:22.700  1902  2774 D SmartPower: com.google.android.inputmethod.latin/10196(22721): show input method
10-13 12:08:22.700  1902  2774 I DefaultImeVisibilityApplier: IMMS.showCurrentInputLocked request ims to show inputMethod.
10-13 12:08:22.710  1902  4160 I InputMethodManagerService: IMMS.applyImeVisibility(), setVisible = true, mCurclient = ClientState{9edab18 mUid=10390 mPid=16200 mSelfReportedDisplayId=0}
10-13 12:08:22.711  1902  4160 I WindowManager: WMS.showImePostLayout(), imeTarget = Window{c82e064 u0 eu.europa.ec.euidi/eu.europa.ec.assemblylogic.ui.MainActivity}
10-13 12:08:22.712  1902  1939 I ImeInsetsSourceProvider: ImeInsetsSourceProvider.scheduleShowImePostLayout() Run showImeRunner.
10-13 12:08:22.712  1902  1939 I ImeInsetsSourceProvider: ImeInsetsSourceProvider.scheduleShowImePostLayout() isReadyToShowIme.
10-13 12:08:22.716  2983  3075 D OneHandedController: stopOneHanded state is 0
10-13 12:08:22.717  1902  4160 I InputMethodManagerService: IMMS.applyImeVisibility(), setVisible = true, mCurclient = ClientState{9edab18 mUid=10390 mPid=16200 mSelfReportedDisplayId=0}
10-13 12:08:22.719  1902  4160 I WindowManager: WMS.showImePostLayout(), imeTarget = Window{c82e064 u0 eu.europa.ec.euidi/eu.europa.ec.assemblylogic.ui.MainActivity}
10-13 12:08:22.720  1902  1939 I ImeInsetsSourceProvider: ImeInsetsSourceProvider.scheduleShowImePostLayout() Run showImeRunner.
10-13 12:08:22.720  1902  1939 I ImeInsetsSourceProvider: ImeInsetsSourceProvider.scheduleShowImePostLayout() isReadyToShowIme.
10-13 12:08:22.722  2983  3075 D OneHandedController: stopOneHanded state is 0
10-13 12:08:22.738  1902  1902 W FillRequestEventLogger: Shouldn't be logging AutofillFillRequestReported again for same event
10-13 12:08:22.738  1902  1902 W FillResponseEventLogger: Shouldn't be logging AutofillFillRequestReported again for same event
10-13 12:08:22.738  1902  1902 D AutofillSession: clearPendingIntentLocked
10-13 12:08:23.011  1902  2620 I SmartPower: com.android.chrome:sandboxed_process0:org.chromium.content.app.SandboxedProcessSerbackground->idle(5431ms) R(adj below visible) adj=700.
10-13 12:08:23.348  1902  4160 D WindowManagerService: checkFlipFullScreenChange is same, nowIsFullScreen = false
10-13 12:08:23.353  1902  4160 W FillRequestEventLogger: Couldn't find packageName: com.google.android.inputmethod.latin
10-13 12:08:23.359  1902  4160 D AutofillSession: createPendingIntent for request 1653
10-13 12:08:23.360  1902  4160 D ContentCapturePerUserService: Notified activity assist data for activity: Token{da6a327 ActivityRecord{3db9841 u0 eu.europa.ec.euidi/eu.europa.ec.assemblylogic.ui.MainActivity t789}} without a session Id
10-13 12:08:23.368  1902  4160 I InputMethodManagerService: IMMS.showCurrentInputLocked(), flags = 1
10-13 12:08:23.369  1902  4160 D SmartPower: com.google.android.inputmethod.latin/10196(22721): show input method
10-13 12:08:23.369  1902  4160 I DefaultImeVisibilityApplier: IMMS.showCurrentInputLocked request ims to show inputMethod.
10-13 12:08:23.373  1902 23266 W PackageConfigPersister: App-specific configuration not found for packageName: eu.europa.ec.euidi and userId: 0
10-13 12:08:23.384  1902 23266 I InputMethodManagerService: IMMS.showSoftInput(), client = com.android.internal.inputmethod.IInputMethodClient$Stub$Proxy@dda2a49
10-13 12:08:23.384  1902 23266 I InputMethodManagerService: IMMS.showCurrentInputLocked(), flags = 0
10-13 12:08:23.384  1902 23266 D SmartPower: com.google.android.inputmethod.latin/10196(22721): show input method
10-13 12:08:23.384  1902 23266 I DefaultImeVisibilityApplier: IMMS.showCurrentInputLocked request ims to show inputMethod.
10-13 12:08:23.396  1902  2336 D AlarmManager: mBroadcastRefCount -> 1
10-13 12:08:23.404  1902 23171 I InputMethodManagerService: IMMS.applyImeVisibility(), setVisible = true, mCurclient = ClientState{9edab18 mUid=10390 mPid=16200 mSelfReportedDisplayId=0}
10-13 12:08:23.405  1902 23171 I WindowManager: WMS.showImePostLayout(), imeTarget = Window{c82e064 u0 eu.europa.ec.euidi/eu.europa.ec.assemblylogic.ui.MainActivity}
10-13 12:08:23.408  1902  1939 I ImeInsetsSourceProvider: ImeInsetsSourceProvider.scheduleShowImePostLayout() Run showImeRunner.
10-13 12:08:23.408  1902  1939 I ImeInsetsSourceProvider: ImeInsetsSourceProvider.scheduleShowImePostLayout() isReadyToShowIme.
10-13 12:08:23.409  1902  1902 D AlarmManager: mBroadcastRefCount -> 0
10-13 12:08:23.409  1902  1902 D AlarmManager: mPendingIntent -> PendingIntent{f5ab6b7: PendingIntentRecord{5d5be24 android broadcastIntent}}
10-13 12:08:23.412  2983  3075 D OneHandedController: stopOneHanded state is 0
10-13 12:08:23.413  1902  3385 I InputMethodManagerService: IMMS.applyImeVisibility(), setVisible = true, mCurclient = ClientState{9edab18 mUid=10390 mPid=16200 mSelfReportedDisplayId=0}
10-13 12:08:23.413  1902  3385 I WindowManager: WMS.showImePostLayout(), imeTarget = Window{c82e064 u0 eu.europa.ec.euidi/eu.europa.ec.assemblylogic.ui.MainActivity}
10-13 12:08:23.415  2983  3075 D OneHandedController: stopOneHanded state is 0
10-13 12:08:23.419  1902  1939 I ImeInsetsSourceProvider: ImeInsetsSourceProvider.scheduleShowImePostLayout() Run showImeRunner.
10-13 12:08:23.419  1902  1939 I ImeInsetsSourceProvider: ImeInsetsSourceProvider.scheduleShowImePostLayout() isReadyToShowIme.
10-13 12:08:23.426  1902  1902 W FillRequestEventLogger: Shouldn't be logging AutofillFillRequestReported again for same event
10-13 12:08:23.426  1902  1902 W FillResponseEventLogger: Shouldn't be logging AutofillFillRequestReported again for same event
10-13 12:08:23.426  1902  1902 D AutofillSession: clearPendingIntentLocked
10-13 12:08:23.486  1902  2620 I SmartPower: com.google.android.adservices.api/10307(31554): background->idle(31697ms) R(adj below visible) adj=100.
10-13 12:08:24.031  1902  4160 D WindowManagerService: checkFlipFullScreenChange is same, nowIsFullScreen = false
10-13 12:08:24.034  1902  4160 W FillRequestEventLogger: Couldn't find packageName: com.google.android.inputmethod.latin
10-13 12:08:24.039  1902  3385 D AutofillSession: createPendingIntent for request 1654
10-13 12:08:24.039  1902  3385 D ContentCapturePerUserService: Notified activity assist data for activity: Token{da6a327 ActivityRecord{3db9841 u0 eu.europa.ec.euidi/eu.europa.ec.assemblylogic.ui.MainActivity t789}} without a session Id
10-13 12:08:24.046  1902  3385 I InputMethodManagerService: IMMS.showCurrentInputLocked(), flags = 1
10-13 12:08:24.047  1902  3385 D SmartPower: com.google.android.inputmethod.latin/10196(22721): show input method
10-13 12:08:24.047  1902  3385 I DefaultImeVisibilityApplier: IMMS.showCurrentInputLocked request ims to show inputMethod.
10-13 12:08:24.049  1902  3385 W PackageConfigPersister: App-specific configuration not found for packageName: eu.europa.ec.euidi and userId: 0
10-13 12:08:24.055  1902  4160 I InputMethodManagerService: IMMS.showSoftInput(), client = com.android.internal.inputmethod.IInputMethodClient$Stub$Proxy@2a6b2b2
10-13 12:08:24.055  1902  4160 I InputMethodManagerService: IMMS.showCurrentInputLocked(), flags = 0
10-13 12:08:24.055  1902  4160 D SmartPower: com.google.android.inputmethod.latin/10196(22721): show input method
10-13 12:08:24.055  1902  4160 I DefaultImeVisibilityApplier: IMMS.showCurrentInputLocked request ims to show inputMethod.
10-13 12:08:24.074  1902  4160 I InputMethodManagerService: IMMS.applyImeVisibility(), setVisible = true, mCurclient = ClientState{9edab18 mUid=10390 mPid=16200 mSelfReportedDisplayId=0}
10-13 12:08:24.074  1902  4160 I WindowManager: WMS.showImePostLayout(), imeTarget = Window{c82e064 u0 eu.europa.ec.euidi/eu.europa.ec.assemblylogic.ui.MainActivity}
10-13 12:08:24.075  1902  1939 I ImeInsetsSourceProvider: ImeInsetsSourceProvider.scheduleShowImePostLayout() Run showImeRunner.
10-13 12:08:24.075  1902  1939 I ImeInsetsSourceProvider: ImeInsetsSourceProvider.scheduleShowImePostLayout() isReadyToShowIme.
10-13 12:08:24.077  1902 23259 I InputMethodManagerService: IMMS.applyImeVisibility(), setVisible = true, mCurclient = ClientState{9edab18 mUid=10390 mPid=16200 mSelfReportedDisplayId=0}
10-13 12:08:24.077  1902 23259 I WindowManager: WMS.showImePostLayout(), imeTarget = Window{c82e064 u0 eu.europa.ec.euidi/eu.europa.ec.assemblylogic.ui.MainActivity}
10-13 12:08:24.079  1902  1939 I ImeInsetsSourceProvider: ImeInsetsSourceProvider.scheduleShowImePostLayout() Run showImeRunner.
10-13 12:08:24.079  1902  1939 I ImeInsetsSourceProvider: ImeInsetsSourceProvider.scheduleShowImePostLayout() isReadyToShowIme.
10-13 12:08:24.079  2983  3075 D OneHandedController: stopOneHanded state is 0
10-13 12:08:24.081  2983  3075 D OneHandedController: stopOneHanded state is 0
10-13 12:08:24.089  1902  1902 W FillRequestEventLogger: Shouldn't be logging AutofillFillRequestReported again for same event
10-13 12:08:24.089  1902  1902 W FillResponseEventLogger: Shouldn't be logging AutofillFillRequestReported again for same event
10-13 12:08:24.090  1902  1902 D AutofillSession: clearPendingIntentLocked
10-13 12:08:24.161  1902  2620 I SmartPower: com.android.chrome:sandboxed_process0:org.chromium.content.app.SandboxedProcessSerbackground->idle(32372ms) R(remove from whitelist) adj=700.
10-13 12:08:24.161  1902  2620 I SmartPower: com.android.chrome:sandboxed_process0:org.chromium.content.app.SandboxedProcessSerbackground->idle(32373ms) R(remove from whitelist) adj=700.
10-13 12:08:24.161  1902  2620 I SmartPower: com.android.chrome:sandboxed_process0:org.chromium.content.app.SandboxedProcessSerbackground->idle(32373ms) R(remove from whitelist) adj=700.
10-13 12:08:24.162  1902  2620 I SmartPower: com.android.chrome:sandboxed_process0:org.chromium.content.app.SandboxedProcessSerbackground->idle(32373ms) R(remove from whitelist) adj=950.
10-13 12:08:24.162  1902  2620 I SmartPower: com.android.chrome:sandboxed_process0:org.chromium.content.app.SandboxedProcessSerbackground->idle(32373ms) R(remove from whitelist) adj=950.
10-13 12:08:24.162  1902  2620 I SmartPower: com.android.chrome:sandboxed_process0:org.chromium.content.app.SandboxedProcessSerbackground->idle(32374ms) R(remove from whitelist) adj=940.
10-13 12:08:24.163  1902  2620 I SmartPower: com.android.chrome:sandboxed_process0:org.chromium.content.app.SandboxedProcessSerbackground->idle(32374ms) R(remove from whitelist) adj=940.
10-13 12:08:24.163  1902  2620 I SmartPower: com.android.chrome:sandboxed_process0:org.chromium.content.app.SandboxedProcessSerbackground->idle(32374ms) R(remove from whitelist) adj=930.
10-13 12:08:24.163  1902  2620 I SmartPower: com.android.chrome:sandboxed_process0:org.chromium.content.app.SandboxedProcessSerbackground->idle(32375ms) R(remove from whitelist) adj=930.
10-13 12:08:24.163  1902  2620 I SmartPower: com.android.chrome:sandboxed_process0:org.chromium.content.app.SandboxedProcessSerbackground->idle(32375ms) R(remove from whitelist) adj=920.
10-13 12:08:24.164  1902  2620 I SmartPower: com.android.chrome:sandboxed_process0:org.chromium.content.app.SandboxedProcessSerbackground->idle(32374ms) R(remove from whitelist) adj=920.
10-13 12:08:24.164  1902  2620 I SmartPower: com.android.chrome:sandboxed_process0:org.chromium.content.app.SandboxedProcessSerbackground->idle(32375ms) R(remove from whitelist) adj=910.
10-13 12:08:24.164  1902  2620 I SmartPower: com.android.chrome:sandboxed_process0:org.chromium.content.app.SandboxedProcessSerbackground->idle(32375ms) R(remove from whitelist) adj=900.
10-13 12:08:24.165  1902  2620 I SmartPower: com.android.chrome:sandboxed_process0:org.chromium.content.app.SandboxedProcessSerbackground->idle(32375ms) R(remove from whitelist) adj=900.
10-13 12:08:24.328  1902  2620 I SmartPower: com.google.android.gms/10175(13430): background->idle(37992ms) R(add to whitelist) adj=250.
10-13 12:08:24.697  1902 23266 D WindowManagerService: checkFlipFullScreenChange is same, nowIsFullScreen = false
10-13 12:08:24.805  1902 23259 I InputMethodManagerService: IMMS.applyImeVisibility(), setVisible = false, mCurclient = ClientState{9edab18 mUid=10390 mPid=16200 mSelfReportedDisplayId=0}
10-13 12:08:24.807  2983  3075 D MiuiFreeformModeController: avoidForInsetsBottomChangedIfNeed oldMoveableBottom: 2270 newMoveableBounds: 2270
10-13 12:08:24.807  2983  3075 D ImePositionProcessor: onImeVisibilityChanged     isShowing:  false
10-13 12:08:24.808  1902  1939 I WindowManager: input method visible height changed 0
10-13 12:08:24.808  1902  2338 I ITouchFeature: current device and process support version:2
10-13 12:08:24.815  2983  3075 D MiuiFreeformModeController: onImeVisibilityChanged imeVisible: false imeHeight: 0 adjustedForRotation:false
10-13 12:08:24.815  2983  3075 D MiuiFreeformModeAvoidAlgorithm: begin autoOrderingAvoidMiniTask
10-13 12:08:24.815  2983  3075 D MiuiFreeformModeAvoidAlgorithm: getCurrMiniPos: SameSideMiniPosList: []
10-13 12:08:24.815  2983  3075 D MiuiFreeformModeAvoidAlgorithm: getCurrMiniPos: SameSideMiniPosList: []
10-13 12:08:24.815  2983  3075 D MiuiFreeformModeAvoidAlgorithm: end autoOrderingAvoidMiniTask res:AvoidResult{distance=0, combination={}, activeTaskPos=Rect(0, 0 - 0, 0)}
10-13 12:08:24.819  1902  2774 W PackageConfigPersister: App-specific configuration not found for packageName: eu.europa.ec.euidi and userId: 0
10-13 12:08:24.861  1902  2776 D CoreBackPreview: Window{c82e064 u0 eu.europa.ec.euidi/eu.europa.ec.assemblylogic.ui.MainActivity}: Setting back callback OnBackInvokedCallbackInfo{mCallback=android.window.IOnBackInvokedCallback$Stub$Proxy@61e2e7b, mPriority=0, mIsAnimationCallback=false}
10-13 12:08:25.368  1902  2776 I SmartPower: com.google.android.inputmethod.latin/10196(22721): visible->invisible(4974ms) R(become invisible) adj=100.
10-13 12:08:25.369  1902  2776 I SmartPower: com.google.android.inputmethod.latin/10196(22721): invisible->background(0ms) R(become background) adj=100.
10-13 12:08:25.370  1902  2620 I SmartPower: com.google.android.gms/10175(13430): idle->background(1041ms) R(add to whitelist) adj=250.
10-13 12:08:25.375  2983  3075 D MiuiFreeformModeController: avoidForInsetsBottomChangedIfNeed oldMoveableBottom: 2270 newMoveableBounds: 2270
10-13 12:08:25.387  2983  3075 D MiuiFreeformModeController: avoidForInsetsBottomChangedIfNeed oldMoveableBottom: 2270 newMoveableBounds: 2270
10-13 12:08:25.573  1902 23266 W MIUIInput: Input event injection from package: null action ACTION_DOWN
10-13 12:08:25.583  1902 23266 W MIUIInput: Input event injection from package: null action ACTION_UP
10-13 12:08:25.593  1902  2776 D PerfShielderService: eu.europa.ec.euidi|eu.europa.ec.euidi/eu.europa.ec.assemblylogic.ui.MainActivity|131|147132946880769|71|5|3
10-13 12:08:25.593 22071 27042 W MiuiPerfServiceClient: interceptAndQueuing:16200|eu.europa.ec.euidi|131|71|147132946880769|Slow issue draw commands|3
10-13 12:08:25.672  1556  1556 I wificond: station_bandwidth: 
10-13 12:08:26.350  1902 23259 W MIUIInput: Input event injection from package: null action ACTION_DOWN
10-13 12:08:26.355  1902  2776 W MIUIInput: Input event injection from package: null action ACTION_UP
10-13 12:08:26.366  1902 23259 W WindowManager: Changing focus from Window{c82e064 u0 eu.europa.ec.euidi/eu.europa.ec.assemblylogic.ui.MainActivity} to Window{ecd2c62 u0 eu.europa.ec.euidi/eu.europa.ec.assemblylogic.ui.MainActivity} displayId=0 Callers=com.android.server.wm.RootWindowContainer.updateFocusedWindowLocked:557 com.android.server.wm.WindowManagerService.updateFocusedWindowLocked:6962 com.android.server.wm.WindowManagerService.addWindow:2218 com.android.server.wm.Session.addToDisplayAsUser:231 
10-13 12:08:26.366  1902 23259 I WindowManager: cancelAnimation removed leash : Surface(name=Surface(name=81266ae StatusBar#86)/@0xb48dfdc - animation-leash of insets_animation#29234)/@0x483ee01
10-13 12:08:26.367  1902 23259 I WindowManager: cancelAnimation removed leash : Surface(name=Surface(name=db27a2 NavigationBar0#82)/@0xc1acbf0 - animation-leash of insets_animation#29240)/@0x3f569ac
10-13 12:08:26.369  1902 23259 D WindowManager: wms.Input focus has changed to Window{ecd2c62 u0 eu.europa.ec.euidi/eu.europa.ec.assemblylogic.ui.MainActivity} display=0 updateInputWindows = false
10-13 12:08:26.369  1902 23259 I MultiSenceManagerInternalStub: getInstance
10-13 12:08:26.369  1902  1939 D WindowManager: wms.Focus not requested for window=Window{ecd2c62 u0 eu.europa.ec.euidi/eu.europa.ec.assemblylogic.ui.MainActivity} because it has no surface or is not focusable.
10-13 12:08:26.380  1902 23259 D CoreBackPreview: Window{ecd2c62 u0 eu.europa.ec.euidi/eu.europa.ec.assemblylogic.ui.MainActivity}: Setting back callback OnBackInvokedCallbackInfo{mCallback=android.window.IOnBackInvokedCallback$Stub$Proxy@dd3e5ba, mPriority=0, mIsAnimationCallback=false}
10-13 12:08:26.418  1902 23259 W WindowManager: finishDrawingWindow: Window{ecd2c62 u0 eu.europa.ec.euidi/eu.europa.ec.assemblylogic.ui.MainActivity} mDrawState=DRAW_PENDING
10-13 12:08:26.418  1902 23259 D WindowManager: wms.finishDrawingLocked: mDrawState=COMMIT_DRAW_PENDING Window{ecd2c62 u0 eu.europa.ec.euidi/eu.europa.ec.assemblylogic.ui.MainActivity} in Surface(name=eu.europa.ec.euidi/eu.europa.ec.assemblylogic.ui.MainActivity#29244)/@0x65c2c61
10-13 12:08:26.420  1902  1939 W WindowManager: real show surface:Surface(name=eu.europa.ec.euidi/eu.europa.ec.assemblylogic.ui.MainActivity#29244)/@0x65c2c61
10-13 12:08:26.449  1902 23259 I WindowManager: cancelAnimation removed leash : Surface(name=Surface(name=6a76de5 InputMethod#123)/@0xf2bd99 - animation-leash of insets_animation#29238)/@0x99e60c4
10-13 12:08:26.451  1902  2776 W PackageConfigPersister: App-specific configuration not found for packageName: eu.europa.ec.euidi and userId: 0
10-13 12:08:27.681  1902  2776 W MIUIInput: Input event injection from package: null action ACTION_DOWN
10-13 12:08:27.685  1902  2776 W MIUIInput: Input event injection from package: null action ACTION_UP
