10-10 12:17:41.740  1902  2620 I SmartPower: com.android.chrome:sandboxed_process0:org.chromium.content.app.SandboxedProcessSerbackground->idle(10528ms) R(remove from whitelist) adj=940.
10-10 12:17:41.740  1902  2620 I SmartPower: com.android.chrome:sandboxed_process0:org.chromium.content.app.SandboxedProcessSerbackground->idle(10528ms) R(remove from whitelist) adj=930.
10-10 12:17:41.740  1902  2620 I SmartPower: com.android.chrome:sandboxed_process0:org.chromium.content.app.SandboxedProcessSerbackground->idle(10528ms) R(remove from whitelist) adj=920.
10-10 12:17:41.740  1902  2620 I SmartPower: com.android.chrome:sandboxed_process0:org.chromium.content.app.SandboxedProcessSerbackground->idle(10529ms) R(remove from whitelist) adj=910.
10-10 12:17:41.740  1902  2620 I SmartPower: com.android.chrome:sandboxed_process0:org.chromium.content.app.SandboxedProcessSerbackground->idle(10528ms) R(remove from whitelist) adj=900.
10-10 12:17:41.909  1556  1556 I wificond: station_bandwidth: 
10-10 12:17:42.516  1902 23266 W MIUIInput: Input event injection from package: null action ACTION_DOWN
10-10 12:17:42.523  1902 23266 W MIUIInput: Input event injection from package: null action ACTION_UP
10-10 12:17:42.545  1902  1985 D PermissionManager: writeLegacyPermissionState for user  in 36 ms.
10-10 12:17:43.415  1902 10935 D CompatibilityChangeReporter: Compat change id reported: 265464455; UID 10190; state: DISABLED
10-10 12:17:43.417  1902 10935 D CompatibilityChangeReporter: Compat change id reported: 265452344; UID 10190; state: DISABLED
10-10 12:17:43.417  1902 10935 D CompatibilityChangeReporter: Compat change id reported: 266124927; UID 10190; state: DISABLED
10-10 12:17:43.418  1902 10935 D CompatibilityChangeReporter: Compat change id reported: 265451093; UID 10190; state: DISABLED
10-10 12:17:43.418  1902 10935 D CompatibilityChangeReporter: Compat change id reported: 265456536; UID 10190; state: DISABLED
10-10 12:17:43.419  1902 10935 D CompatibilityChangeReporter: Compat change id reported: 255940284; UID 10190; state: DISABLED
10-10 12:17:43.419  1902 10935 D CompatibilityChangeReporter: Compat change id reported: 236283604; UID 10190; state: DISABLED
10-10 12:17:43.420  1902 10935 D CompatibilityChangeReporter: Compat change id reported: 263959004; UID 10190; state: DISABLED
10-10 12:17:43.421  1902 10935 D CompatibilityChangeReporter: Compat change id reported: 264304459; UID 10190; state: DISABLED
10-10 12:17:43.421  1902 10935 D CompatibilityChangeReporter: Compat change id reported: 264301586; UID 10190; state: DISABLED
10-10 12:17:43.422  1902 10935 D CompatibilityChangeReporter: Compat change id reported: 254631730; UID 10190; state: DISABLED
10-10 12:17:43.423  1902 10935 D CompatibilityChangeReporter: Compat change id reported: 273509367; UID 10190; state: DISABLED
10-10 12:17:43.423  1902 10935 D CompatibilityChangeReporter: Compat change id reported: 263259275; UID 10190; state: DISABLED
10-10 12:17:43.424  1902 10935 D CompatibilityChangeReporter: Compat change id reported: 174042980; UID 10190; state: DISABLED
10-10 12:17:43.424  1902 10935 D CompatibilityChangeReporter: Compat change id reported: 174042936; UID 10190; state: DISABLED
10-10 12:17:43.425  1902 10935 D CompatibilityChangeReporter: Compat change id reported: 181136395; UID 10190; state: DISABLED
10-10 12:17:43.428  1902 10935 D CompatibilityChangeReporter: Compat change id reported: 194480991; UID 10190; state: ENABLED
10-10 12:17:43.431  1902 10935 I SmartPower: com.android.chrome:privileged_process0/10190(4940): idle->invisible(4694ms) R(become foreground) adj=700.
10-10 12:17:43.432  1902 10935 I SmartPower: com.android.chrome/10190(4464): idle->invisible(4695ms) R(become foreground) adj=700.
10-10 12:17:43.433  1902 10935 D WindowManager: Collecting in transition 1088: ActivityRecord{20d3378 u0 com.android.chrome/com.google.android.apps.chrome.IntentDispatcher init visibleRequested:false
10-10 12:17:43.436  1902 10935 D MiuiFreeFormManagerService: activeOrFullscreenFreeformTaskIfNeed startDefaultAr:false
10-10 12:17:43.440  2983  3075 D OneHandedController: stopOneHanded state is 0
10-10 12:17:43.451  1902 10935 D WindowManager: setLockTaskAuth: task=Task{c1daa51 #477 type=standard I=com.android.chrome/com.google.android.apps.chrome.IntentDispatcher} mLockTaskAuth=LOCK_TASK_AUTH_PINNABLE
10-10 12:17:43.451  1902 10935 D WindowManager: Collecting in transition 1088: Task{c1daa51 #477 type=standard I=com.android.chrome/com.google.android.apps.chrome.IntentDispatcher} init visibleRequested:false
10-10 12:17:43.455  1902 10935 D CompatibilityChangeReporter: Compat change id reported: 184838306; UID 10190; state: DISABLED
10-10 12:17:43.455  1902 10935 D CompatibilityChangeReporter: Compat change id reported: 185004937; UID 10190; state: DISABLED
10-10 12:17:43.462  1902 10935 D WindowManager: setLockTaskAuth: task=Task{c1daa51 #477 type=standard I=com.android.chrome/com.google.android.apps.chrome.IntentDispatcher} mLockTaskAuth=LOCK_TASK_AUTH_PINNABLE
10-10 12:17:43.463  1902 10935 D MiuiFreeFormManagerService: onStartActivityInner as = Task{c1daa51 #477 type=standard I=com.android.chrome/com.google.android.apps.chrome.IntentDispatcher} op = null
10-10 12:17:43.466  1902 10935 D ActivityTaskManager: Task#startActivityLocked isOrhasTask=true newTask=true
10-10 12:17:43.467  1902 10935 D ActivityTaskManager: Not add starting window, the reason is: windowIsTranslucent = true  windowIsFloating = false  this = ActivityRecord{20d3378 u0 com.android.chrome/com.google.android.apps.chrome.IntentDispatcher t477}
10-10 12:17:43.470  1902 10935 D CompatibilityChangeReporter: Compat change id reported: 205907456; UID 10190; state: ENABLED
10-10 12:17:43.476  1902 10935 D WindowManager: Collecting in transition 1088: ActivityRecord{20d3378 u0 com.android.chrome/com.google.android.apps.chrome.IntentDispatcher t477} init visibleRequested:false
10-10 12:17:43.476  1902 10935 D WindowManager: Requesting StartTransition: TransitionRecord{dbdabb7 id=1088 type=OPEN flags=0x0}
10-10 12:17:43.477  1902 10935 I ActivityTaskManager: START u0 {act=android.intent.action.VIEW dat=https://issuer.eudiw.dev/... flg=0x10000000 cmp=com.android.chrome/com.google.android.apps.chrome.IntentDispatcher} with LAUNCH_MULTIPLE from uid 10390 (BAL_ALLOW_VISIBLE_WINDOW) result code=0
10-10 12:17:43.478  2983  3075 I SoScUtils: monitorTransitionRequest mRequestOpenTransition:null mRequestOpenTriggerTask:-1 mRequestCloseTransition:null mRequestCloseTriggerTask:-1 mRequestCloseStageType:-1
10-10 12:17:43.478  1902  2697 D WindowManager: Set transition=TransitionRecord{dbdabb7 id=1088 type=OPEN flags=0x0}, ready=false, SyncId=1088 used=true, override=false, defer=0, states=Display{#0 state=ON size=1080x2400 ROTATION_0}:false
10-10 12:17:43.479  2983  3075 D OneHandedController: stopOneHanded state is 0
10-10 12:17:43.479  2983  3075 D OneHandedController: stopOneHanded state is 0
10-10 12:17:43.480  1902 23265 D WindowManager: Collecting in transition 1088: ActivityRecord{20d3378 u0 com.android.chrome/com.google.android.apps.chrome.IntentDispatcher t477} init visibleRequested:false
10-10 12:17:43.481  1902 23265 D WindowManager: Collecting in transition 1088: ActivityRecord{20d3378 u0 com.android.chrome/com.google.android.apps.chrome.IntentDispatcher t477} init visibleRequested:true
10-10 12:17:43.482  1902 23265 D WindowManagerService: checkFlipFullScreenChange is same, nowIsFullScreen = false
10-10 12:17:43.484  1902 23265 W WindowManager: Changing focus from Window{47cd47 u0 eu.europa.ec.euidi/eu.europa.ec.assemblylogic.ui.MainActivity} to null displayId=0 Callers=com.android.server.wm.RootWindowContainer.updateFocusedWindowLocked:557 com.android.server.wm.WindowManagerService.updateFocusedWindowLocked:6962 com.android.server.wm.ActivityTaskManagerService.setLastResumedActivityUncheckLocked:5565 com.android.server.wm.ActivityTaskSupervisor.updateTopResumedActivityIfNeeded:2557 
10-10 12:17:43.484  1902 23265 D WindowManager: wms.Input focus has changed to null display=0 updateInputWindows = true
10-10 12:17:43.484  1902 23265 I MultiSenceManagerInternalStub: getInstance
10-10 12:17:43.486  1902 23265 D WindowManager: Collecting in transition 1088: ActivityRecord{20d3378 u0 com.android.chrome/com.google.android.apps.chrome.IntentDispatcher t477} init visibleRequested:true
10-10 12:17:43.486  1902 23265 D WindowManager: Set transition=TransitionRecord{dbdabb7 id=1088 type=OPEN flags=0x0}, ready=true, SyncId=1088 
10-10 12:17:43.489  1902 23265 D CompatibilityChangeReporter: Compat change id reported: 197654537; UID 10390; state: ENABLED
10-10 12:17:43.490  1902 23265 I BLASTSyncEngine: SyncGroup 1088:  Unfinished container:Task{c1daa51 #477 type=standard I=com.android.chrome/com.google.android.apps.chrome.IntentDispatcher}
10-10 12:17:43.490  1902 23265 I BLASTSyncEngine: isActivitySyncFinished isSyncFinished false Task{c1daa51 #477 type=standard I=com.android.chrome/com.google.android.apps.chrome.IntentDispatcher}
10-10 12:17:43.491  2983  3075 D MiuiFullScreenTaskRepository: removeFocusedTask displayId=0
10-10 12:17:43.494  2983  3075 D MiuiFullScreenTaskRepository: addOrUpdateFullScreenTaskInfo taskId=476, topActivity=ComponentInfo{eu.europa.ec.euidi/eu.europa.ec.assemblylogic.ui.MainActivity}
10-10 12:17:43.495  1902  1936 E MBrainLocalService: MBrainJava launch failed: SecurityException
10-10 12:17:43.496  1902 22706 D PerfShielderService: eu.europa.ec.euidi|eu.europa.ec.euidi/eu.europa.ec.assemblylogic.ui.MainActivity|146|114899240569848|143|5|2
10-10 12:17:43.496  1902  1936 D Aurogon :  uid = 10190 switch to FG
10-10 12:17:43.496 22071 22103 W MiuiPerfServiceClient: interceptAndQueuing:10575|eu.europa.ec.euidi|146|143|114899240569848|Slow issue draw commands|2
10-10 12:17:43.512  1902  1936 E MBrainLocalService: MBrainJava launch failed: SecurityException
10-10 12:17:43.514  1902  1938 W ProcessStats: Tracking association SourceState{b4138ed com.android.chrome/10190 BTop #347316} whose proc state 2 is better than process ProcessState{6c26b07 com.google.android.adservices.api/10307 pkg=com.google.android.adservices.api} proc state 14 (220 skipped)
10-10 12:17:43.517  1902 10935 D CompatibilityChangeReporter: Compat change id reported: 259743961; UID 10190; state: ENABLED
10-10 12:17:43.519  1902  2697 D WindowManager: Collecting in transition 1088: ActivityRecord{328aeec u0 com.android.chrome/org.chromium.chrome.browser.ChromeTabbedActivity init visibleRequested:false
10-10 12:17:43.520  1902  2697 D MiuiFreeFormManagerService: activeOrFullscreenFreeformTaskIfNeed startDefaultAr:false
10-10 12:17:43.520  1902  2697 D MiuiFreeFormManagerService: onStartActivityInner as = Task{ca68f4b #449 type=standard A=10190:com.android.chrome} op = null
10-10 12:17:43.520  1902  2697 D WindowManagerService: checkFlipFullScreenChange is same, nowIsFullScreen = false
10-10 12:17:43.521  1902  2697 D WindowManager: setLockTaskAuth: task=Task{ca68f4b #449 type=standard A=10190:com.android.chrome} mLockTaskAuth=LOCK_TASK_AUTH_PINNABLE
10-10 12:17:43.523  1902  2697 D WindowManager: Set transition=TransitionRecord{dbdabb7 id=1088 type=OPEN flags=0x0}, ready=false, SyncId=1088 used=true, override=false, defer=0, states=Display{#0 state=ON size=1080x2400 ROTATION_0}:false
10-10 12:17:43.523  1902  2697 D WindowManager: Collecting in transition 1088: ActivityRecord{328aeec u0 com.android.chrome/org.chromium.chrome.browser.ChromeTabbedActivity t-1} init visibleRequested:false
10-10 12:17:43.523  1902  2697 D WindowManager: Set transition=TransitionRecord{dbdabb7 id=1088 type=OPEN flags=0x0}, ready=false, SyncId=1088 used=true, override=false, defer=0, states=Display{#0 state=ON size=1080x2400 ROTATION_0}:false
10-10 12:17:43.525  1902  2697 I ActivityTaskManager: START u0 {act=android.intent.action.VIEW dat=https://issuer.eudiw.dev/... flg=0x14002000 cmp=com.android.chrome/org.chromium.chrome.browser.ChromeTabbedActivity (has extras)} with LAUNCH_SINGLE_INSTANCE_PER_TASK from uid 10190 (BAL_ALLOW_VISIBLE_WINDOW) result code=2
10-10 12:17:43.525  2983  3075 D MiuiFullScreenTaskRepository: setFocusedTask taskId=449, displayId=0, topActivity=ComponentInfo{com.android.chrome/org.chromium.chrome.browser.ChromeTabbedActivity}
10-10 12:17:43.525  2983  3075 D MiuiFullScreenTaskRepository: addOrUpdateFullScreenTaskInfo taskId=449, topActivity=ComponentInfo{com.android.chrome/org.chromium.chrome.browser.ChromeTabbedActivity}
10-10 12:17:43.526  2983  3075 D MiuiDesktopModeController: onFocusTaskChanged newFocus: TaskInfo{userId=0 taskId=449 displayId=0 isRunning=true baseIntent=Intent { act=android.intent.action.VIEW dat=https://issuer.eudiw.dev/... flg=0x14002000 cmp=com.android.chrome/org.chromium.chrome.browser.ChromeTabbedActivity } baseActivity=ComponentInfo{com.android.chrome/org.chromium.chrome.browser.ChromeTabbedActivity} topActivity=ComponentInfo{com.android.chrome/org.chromium.chrome.browser.ChromeTabbedActivity} origActivity=null realActivity=ComponentInfo{com.android.chrome/org.chromium.chrome.browser.ChromeTabbedActivity} numActivities=1 lastActiveTime=898926109 supportsSplitScreenMultiWindow=true supportsMultiWindow=true resizeMode=2 isResizeable=true minWidth=-1 minHeight=-1 defaultMinSize=200 token=WCT{android.window.IWindowContainerToken$Stub$Proxy@562cb57} topActivityType=1 pictureInPictureParams=null shouldDockBigOverlays=false launchIntoPipHostTaskId=-1 lastParentTaskIdBeforePip=-1 displayCutoutSafeInsets=Rect(0, 94 - 0, 0) topActivityInfo=ActivityInfo{14f4644 org.chromium.chrome.browser.ChromeTabbedActivity} launchCookies=[] positionInParent=Point(0, 0) parentTaskId=-1 isFocused=true isVisible=false isVisibleRequested=false isSleeping=false topActivityInSizeCompat=false topActivityEligibleForLetterboxEducation= false topActivityLetterboxed= false isFromDoubleTap= false topActivityLetterboxVerticalPosition= -1 topActivityLetterboxHorizontalPosition= -1 topActivityLetterboxWidth=-1 topActivityLetterboxHeight=-1 locusId=null displayAreaFeatureId=1 cameraCompatControlState=hidden mIsCastMode=false mTopActivityMediaSize=null mTopActivityRecordName=ActivityRecord{dfc2f2f u0 com.android.chrome/org.chromium.chrome.browser.ChromeTabbedActivity t449} mTopActivityOrientation=-2 mTopActivityWindowIsNowVisible=false isTranslucent=true isEmbedded=false shouldBeVisible=true isImmersive=false mBehindAppLockPkg=null mOriginatingUid=0}
10-10 12:17:43.526  2983  3075 D MiuiFreeformModeController: onFocusTaskChanged taskInfo: TaskInfo{userId=0 taskId=449 displayId=0 isRunning=true baseIntent=Intent { act=android.intent.action.VIEW dat=https://issuer.eudiw.dev/... flg=0x14002000 cmp=com.android.chrome/org.chromium.chrome.browser.ChromeTabbedActivity } baseActivity=ComponentInfo{com.android.chrome/org.chromium.chrome.browser.ChromeTabbedActivity} topActivity=ComponentInfo{com.android.chrome/org.chromium.chrome.browser.ChromeTabbedActivity} origActivity=null realActivity=ComponentInfo{com.android.chrome/org.chromium.chrome.browser.ChromeTabbedActivity} numActivities=1 lastActiveTime=898926109 supportsSplitScreenMultiWindow=true supportsMultiWindow=true resizeMode=2 isResizeable=true minWidth=-1 minHeight=-1 defaultMinSize=200 token=WCT{android.window.IWindowContainerToken$Stub$Proxy@562cb57} topActivityType=1 pictureInPictureParams=null shouldDockBigOverlays=false launchIntoPipHostTaskId=-1 lastParentTaskIdBeforePip=-1 displayCutoutSafeInsets=Rect(0, 94 - 0, 0) topActivityInfo=ActivityInfo{14f4644 org.chromium.chrome.browser.ChromeTabbedActivity} launchCookies=[] positionInParent=Point(0, 0) parentTaskId=-1 isFocused=true isVisible=false isVisibleRequested=false isSleeping=false topActivityInSizeCompat=false topActivityEligibleForLetterboxEducation= false topActivityLetterboxed= false isFromDoubleTap= false topActivityLetterboxVerticalPosition= -1 topActivityLetterboxHorizontalPosition= -1 topActivityLetterboxWidth=-1 topActivityLetterboxHeight=-1 locusId=null displayAreaFeatureId=1 cameraCompatControlState=hidden mIsCastMode=false mTopActivityMediaSize=null mTopActivityRecordName=ActivityRecord{dfc2f2f u0 com.android.chrome/org.chromium.chrome.browser.ChromeTabbedActivity t449} mTopActivityOrientation=-2 mTopActivityWindowIsNowVisible=false isTranslucent=true isEmbedded=false shouldBeVisible=true isImmersive=false mBehindAppLockPkg=null mOriginatingUid=0}
10-10 12:17:43.527  2983  3075 D OneHandedController: stopOneHanded state is 0
10-10 12:17:43.527  1902 23265 D MiuiSoScManagerStub: supportSoScMinimizedMode:true
10-10 12:17:43.527  1902 23265 D MiuiSoScManagerStub: taskInSoScFullMode:false
10-10 12:17:43.527  1902 23265 D MiuiFreeFormGestureController: deliverResultForFinishActivity resultTo: null resultFrom: ActivityRecord{20d3378 u0 com.android.chrome/com.google.android.apps.chrome.IntentDispatcher t477 f}} isInVideoOrGameScene: false intent: Intent { act=android.intent.action.VIEW dat=https://issuer.eudiw.dev/... flg=0x10800000 cmp=com.android.chrome/com.google.android.apps.chrome.IntentDispatcher }
10-10 12:17:43.527  1902 23265 D WindowManager: Collecting in transition 1088: Task{c1daa51 #477 type=standard I=com.android.chrome/com.google.android.apps.chrome.IntentDispatcher} init visibleRequested:true
10-10 12:17:43.528  2983  3075 D WindowManagerShell: onActivityRestartAttempt: ComponentInfo{com.android.chrome/org.chromium.chrome.browser.ChromeTabbedActivity}
10-10 12:17:43.531  2983  4017 D MiuiFreeformModeObserver: activityResumed() intent Intent { cmp=com.android.chrome/org.chromium.chrome.browser.document.ChromeLauncherActivity (has extras) }
10-10 12:17:43.532  1902  2304 D WindowManager: Collecting in transition 1088: ActivityRecord{20d3378 u0 com.android.chrome/com.google.android.apps.chrome.IntentDispatcher t477 f}} init visibleRequested:true
10-10 12:17:43.532  1902  2304 D WindowManager: Collecting in transition 1088: ActivityRecord{dfc2f2f u0 com.android.chrome/org.chromium.chrome.browser.ChromeTabbedActivity t449} init visibleRequested:false
10-10 12:17:43.532  1902  2304 D WindowManagerService: checkFlipFullScreenChange is same, nowIsFullScreen = false
10-10 12:17:43.533  1902  2304 D WindowManager: Collecting in transition 1088: ActivityRecord{44b4b11 u0 eu.europa.ec.euidi/eu.europa.ec.assemblylogic.ui.MainActivity t476} init visibleRequested:true
10-10 12:17:43.533  1902  2304 D WindowManager: Collecting in transition 1088: ActivityRecord{dfc2f2f u0 com.android.chrome/org.chromium.chrome.browser.ChromeTabbedActivity t449} init visibleRequested:true
10-10 12:17:43.534  1902  2304 D WindowManager: Set transition=TransitionRecord{dbdabb7 id=1088 type=OPEN flags=0x0}, ready=true, SyncId=1088 
10-10 12:17:43.534  2983  3075 D MiuiFullScreenTaskRepository: setFocusedTask taskId=449, displayId=0, topActivity=ComponentInfo{com.android.chrome/org.chromium.chrome.browser.ChromeTabbedActivity}
10-10 12:17:43.534  2983  3075 D MiuiFullScreenTaskRepository: addOrUpdateFullScreenTaskInfo taskId=449, topActivity=ComponentInfo{com.android.chrome/org.chromium.chrome.browser.ChromeTabbedActivity}
10-10 12:17:43.535  1902  2304 I BLASTSyncEngine: SyncGroup 1088:  Unfinished container:ActivityRecord{dfc2f2f u0 com.android.chrome/org.chromium.chrome.browser.ChromeTabbedActivity t449}
10-10 12:17:43.535  1902  2304 I BLASTSyncEngine: isActivitySyncFinished isSyncFinished false ActivityRecord{dfc2f2f u0 com.android.chrome/org.chromium.chrome.browser.ChromeTabbedActivity t449}
10-10 12:17:43.543  1902 22706 D CoreBackPreview: Window{565fe39 u0 com.android.chrome/org.chromium.chrome.browser.ChromeTabbedActivity}: Setting back callback OnBackInvokedCallbackInfo{mCallback=android.window.IOnBackInvokedCallback$Stub$Proxy@21dcd4a, mPriority=0, mIsAnimationCallback=true}
10-10 12:17:43.546  1902  1936 E MBrainLocalService: MBrainJava launch failed: SecurityException
10-10 12:17:43.560  1902 23161 I SmartPower: com.android.chrome:sandboxed_process0:org.chromium.content.app.SandboxedProcessSer-1->background(0ms) R(become background) adj=-10000.
10-10 12:17:43.563  1902  1955 D CompatibilityChangeReporter: Compat change id reported: 143937733; UID 10190; state: ENABLED
10-10 12:17:43.571  1902 22706 D SchedBoost: com.android.chrome:sandboxed_process0:org.chromium.content.app.SandboxedProcessService0:12 boosting, skip reset priority
10-10 12:17:43.574  1902  1902 D MBrainLocalService: isVendorFreezeConditionPass is false
10-10 12:17:43.574  1902  1902 E MBrainLocalService: notifyAppSwitch failed
10-10 12:17:43.586  1902  1902 D MBrainLocalService: isVendorFreezeConditionPass is false
10-10 12:17:43.586  1902  1902 E MBrainLocalService: notifyAppSwitch failed
10-10 12:17:43.587  1902  1955 I ActivityManager: Start proc 10680:com.android.chrome:sandboxed_process0:org.chromium.content.app.SandboxedProcessService0:13/u0ai13 for  {com.android.chrome/org.chromium.content.app.SandboxedProcessService0:13} caller=com.android.chrome
10-10 12:17:43.601  2983  3232 D MiuiFreeformModeObserver: activityResumed() intent Intent { cmp=com.android.chrome/org.chromium.chrome.browser.ChromeTabbedActivity (has extras) }
10-10 12:17:43.614  1902 22706 I BLASTSyncEngine: SyncGroup 1088:  Unfinished container:ActivityRecord{dfc2f2f u0 com.android.chrome/org.chromium.chrome.browser.ChromeTabbedActivity t449}
10-10 12:17:43.614  1902 22706 I BLASTSyncEngine: isActivitySyncFinished isSyncFinished false ActivityRecord{dfc2f2f u0 com.android.chrome/org.chromium.chrome.browser.ChromeTabbedActivity t449}
10-10 12:17:43.616  1902 22706 W WindowManager: Changing focus from null to Window{565fe39 u0 com.android.chrome/org.chromium.chrome.browser.ChromeTabbedActivity} displayId=0 Callers=com.android.server.wm.RootWindowContainer.updateFocusedWindowLocked:557 com.android.server.wm.WindowManagerService.updateFocusedWindowLocked:6962 com.android.server.wm.WindowManagerService.relayoutWindow:2951 com.android.server.wm.Session.relayout:266 
10-10 12:17:43.617  1902 22706 I WindowManager: cancelAnimation removed leash : Surface(name=Surface(name=81266ae StatusBar#86)/@0xb48dfdc - animation-leash of insets_animation#18061)/@0x54af0d1
10-10 12:17:43.618  1902 22706 I WindowManager: cancelAnimation removed leash : Surface(name=Surface(name=db27a2 NavigationBar0#82)/@0xc1acbf0 - animation-leash of insets_animation#18067)/@0xb5099f0
10-10 12:17:43.620  1902 22706 D WindowManager: wms.Input focus has changed to Window{565fe39 u0 com.android.chrome/org.chromium.chrome.browser.ChromeTabbedActivity} display=0 updateInputWindows = true
10-10 12:17:43.620  1902 22706 I MultiSenceManagerInternalStub: getInstance
10-10 12:17:43.621  1902 22706 I WindowManager: Relayout Window{565fe39 u0 com.android.chrome/org.chromium.chrome.browser.ChromeTabbedActivity}: oldVis=8 newVis=0 focusMayChange = true requestedWidth = 1080 requestedHeight = 2400 outFrames = ClientWindowFrames{frame=[0,0][1080,2400] display=[0,0][1080,2400] parentFrame=[0,0][0,0]} outSurfaceControl = Surface(name=com.android.chrome/org.chromium.chrome.browser.ChromeTabbedActivity#18070)/@0xefc8805
10-10 12:17:43.621  1902 23161 D CompatibilityChangeReporter: Compat change id reported: 168419799; UID 10190; state: DISABLED
10-10 12:17:43.621  1902 23161 D CompatibilityChangeReporter: Compat change id reported: 273564678; UID 10190; state: DISABLED
10-10 12:17:43.623  1902  1902 D MBrainLocalService: isVendorFreezeConditionPass is false
10-10 12:17:43.623  1902  1902 E MBrainLocalService: notifyAppSwitch failed
10-10 12:17:43.625  1902  2620 I SmartPower: com.google.android.inputmethod.latin/10196(22721): background->idle(3001ms) R(become background) adj=100.
10-10 12:17:43.626  1902  2600 D isUidValid: uid = 90013
10-10 12:17:43.627 10680 10680 E MQSEventManagerDelegate: failed to get MQSService.
10-10 12:17:43.627 10680 10680 W ActivityThread: registerApplicationScoutThread result:false
10-10 12:17:43.652 10680 10680 E ForceDarkHelperStubImpl: getForceDarkOriginState transact failed , mService: null
10-10 12:17:43.662  1902 22706 I ActivityManager: Flag disabled. Ignoring finishAttachApplication from uid: 90013. pid: 10680
10-10 12:17:43.667  1902 22706 W WindowManager: finishDrawingWindow: Window{565fe39 u0 com.android.chrome/org.chromium.chrome.browser.ChromeTabbedActivity} mDrawState=DRAW_PENDING
10-10 12:17:43.668  1902 22706 D WindowManager: wms.finishDrawingLocked: mDrawState=COMMIT_DRAW_PENDING Window{565fe39 u0 com.android.chrome/org.chromium.chrome.browser.ChromeTabbedActivity} in Surface(name=com.android.chrome/org.chromium.chrome.browser.ChromeTabbedActivity#18070)/@0x4f8b302
10-10 12:17:43.674  1902  1939 I SmartPower: com.android.chrome/10190(4464): invisible->visible(242ms) R(become visible) adj=0.
10-10 12:17:43.677  1902  2620 I SmartPower: com.google.android.adservices.api/10307(31554): idle->background(3414ms) R(add to whitelist) adj=0.
10-10 12:17:43.677  1902  2620 I SmartPower: com.android.chrome:sandboxed_process0:org.chromium.content.app.SandboxedProcessSeridle->background(1938ms) R(add to whitelist) adj=200.
10-10 12:17:43.677  1902  2620 I SmartPower: com.android.chrome:sandboxed_process0:org.chromium.content.app.SandboxedProcessSeridle->background(1938ms) R(add to whitelist) adj=980.
10-10 12:17:43.677  1902  2620 I SmartPower: com.android.chrome:sandboxed_process0:org.chromium.content.app.SandboxedProcessSeridle->background(1938ms) R(add to whitelist) adj=970.
10-10 12:17:43.677  1902  2620 I SmartPower: com.android.chrome:sandboxed_process0:org.chromium.content.app.SandboxedProcessSeridle->background(1938ms) R(add to whitelist) adj=960.
10-10 12:17:43.677  1902  2620 I SmartPower: com.android.chrome:sandboxed_process0:org.chromium.content.app.SandboxedProcessSeridle->background(1938ms) R(add to whitelist) adj=950.
10-10 12:17:43.677  1902  2620 I SmartPower: com.android.chrome:sandboxed_process0:org.chromium.content.app.SandboxedProcessSeridle->background(1938ms) R(add to whitelist) adj=940.
10-10 12:17:43.678  1902  2620 I SmartPower: com.android.chrome:sandboxed_process0:org.chromium.content.app.SandboxedProcessSeridle->background(1938ms) R(add to whitelist) adj=930.
10-10 12:17:43.678  1902  2620 I SmartPower: com.android.chrome:sandboxed_process0:org.chromium.content.app.SandboxedProcessSeridle->background(1938ms) R(add to whitelist) adj=920.
10-10 12:17:43.678  1902  2620 I SmartPower: com.android.chrome:sandboxed_process0:org.chromium.content.app.SandboxedProcessSeridle->background(1937ms) R(add to whitelist) adj=910.
10-10 12:17:43.678  1902  1939 W WindowManager: real show surface:Surface(name=com.android.chrome/org.chromium.chrome.browser.ChromeTabbedActivity#18070)/@0x4f8b302
10-10 12:17:43.678  1902  2620 I SmartPower: com.android.chrome:sandboxed_process0:org.chromium.content.app.SandboxedProcessSeridle->background(1937ms) R(add to whitelist) adj=900.
10-10 12:17:43.678  1902  2620 I SmartPower: com.android.chrome:sandboxed_process0:org.chromium.content.app.SandboxedProcessSeridle->background(3414ms) R(add to whitelist) adj=250.
10-10 12:17:43.679  1902  1939 D WindowManager: Final targets: [Task{ca68f4b #449 type=standard A=10190:com.android.chrome}, Task{5145476 #476 type=standard A=10390:eu.europa.ec.euidi}]
10-10 12:17:43.692  1902  1939 D WindowManager: snapshot isNothing = false source = Task{5145476 #476 type=standard A=10390:eu.europa.ec.euidi}
10-10 12:17:43.693  1902  1939 D WindowManager: Calling onTransitionReady info={id=1088 t=OPEN f=0x0 trk=0 r=[0@Point(0, 0)] c=[{WCT{RemoteToken{fe89b7a Task{ca68f4b #449 type=standard A=10190:com.android.chrome}}} m=TO_FRONT f=MOVE_TO_TOP leash=Surface(name=Task=449#16886)/@0xbffa9e9 sb=Rect(0, 0 - 1080, 2400) eb=Rect(0, 0 - 1080, 2400) d=0},{WCT{RemoteToken{7d6ddbd Task{5145476 #476 type=standard A=10390:eu.europa.ec.euidi}}} m=TO_BACK f=NONE leash=Surface(name=Task=476#18050)/@0x198c726 sb=Rect(0, 0 - 1080, 2400) eb=Rect(0, 0 - 1080, 2400) d=0}] noAni=[false] df=[false] mk=[true] nc=[0] oa=[false]}, mToken=Token{e07e0b2 TransitionRecord{dbdabb7 id=1088 type=OPEN flags=0x0}}
10-10 12:17:43.693  1902  1939 I BLASTSyncEngine: finishNow: after onTransactionReady, mSyncId=1088
10-10 12:17:43.696  2983  3075 D MiuiFreeformAnimation: startAnimation change: {WCT{android.window.IWindowContainerToken$Stub$Proxy@e1c82b0} m=TO_FRONT f=MOVE_TO_TOP leash=Surface(name=Task=449#16886)/@0x2c1d32d sb=Rect(0, 0 - 1080, 2400) eb=Rect(0, 0 - 1080, 2400) d=0} info.getType(): 1
10-10 12:17:43.696  2983  3075 I MiuiFreeformAnimation: isLaunchWidgetPicker=false,taskInfo.getWindowingMode()=1, taskInfo.getActivityType()=1
10-10 12:17:43.696  2983  3075 D MiuiFreeformAnimation: startAnimation change: {WCT{android.window.IWindowContainerToken$Stub$Proxy@6157529} m=TO_BACK f=NONE leash=Surface(name=Task=476#18050)/@0xcacd062 sb=Rect(0, 0 - 1080, 2400) eb=Rect(0, 0 - 1080, 2400) d=0} info.getType(): 1
10-10 12:17:43.696  2983  3075 W MiuiTaskTransitionHandler: Receive an unknown transition, token=android.os.BinderProxy@d133898, type=1
10-10 12:17:43.697  2983  3075 D TransitionAnimationHelper:  load default animation  type = 1 enter = false animAttr = 9 isTask = true translucent = false
10-10 12:17:43.697  2983  3075 D TransitionAnimationHelper:  load default animation  type = 1 enter = true animAttr = 8 isTask = true translucent = false
10-10 12:17:43.698  2983  3092 D ShellTransitions: speed ui!!!!!!!!!!!
10-10 12:17:43.699  2983  3075 D MiuiFullScreenTaskRepository: setFocusedTask taskId=449, displayId=0, topActivity=ComponentInfo{com.android.chrome/org.chromium.chrome.browser.ChromeTabbedActivity}
10-10 12:17:43.699  2983  3075 D MiuiFullScreenTaskRepository: addOrUpdateFullScreenTaskInfo taskId=449, topActivity=ComponentInfo{com.android.chrome/org.chromium.chrome.browser.ChromeTabbedActivity}
10-10 12:17:43.709  2983  3075 D SoScUtils: monitorTransitionFinished transition:android.os.BinderProxy@d133898 transaction: android.view.SurfaceControl$Transaction@1590786 mRequestCloseTransition:null mRequestOpenTransition:null mPairsOpenTransition:null mPairsOpenTransitionNull:null mRequestOpenTriggerTask:-1 mRequestCloseTriggerTask:-1 mOrientationTransition: null mMainStartingTask:-1 mSideStartingTask:-1
10-10 12:17:43.716  1902  1938 I SmartPower: eu.europa.ec.euidi/10390(10575): visible->invisible(8234ms) R(become invisible) adj=200.
10-10 12:17:43.716  1902  1938 I SmartPower: eu.europa.ec.euidi/10390(10575): invisible->background(1ms) R(become background) adj=200.
10-10 12:17:43.725  2983  3075 D MiuiFullScreenTaskRepository: addOrUpdateFullScreenTaskInfo taskId=476, topActivity=ComponentInfo{eu.europa.ec.euidi/eu.europa.ec.assemblylogic.ui.MainActivity}
10-10 12:17:43.748  1902 23265 D CompatibilityChangeReporter: Compat change id reported: 214016041; UID 10190; state: ENABLED
10-10 12:17:43.750  1902  1936 D Aurogon :  uid = 10390 switch to BG
10-10 12:17:43.750  1902  2600 D isUidValid: uid = 10390
10-10 12:17:43.751  1902 23265 W PackageConfigPersister: App-specific configuration not found for packageName: com.android.chrome and userId: 0
10-10 12:17:43.753  1902 22706 D WindowManager: setParent old=Task{c1daa51 #477 type=standard I=com.android.chrome/com.google.android.apps.chrome.IntentDispatcher},new=null,this window=ActivityRecord{20d3378 u0 com.android.chrome/com.google.android.apps.chrome.IntentDispatcher t477 f}},callers=com.android.server.wm.WindowContainer.removeChild:840 com.android.server.wm.TaskFragment.removeChild:3119 com.android.server.wm.Task.removeChild:1822 com.android.server.wm.Task.removeChild:1802 com.android.server.wm.WindowContainer.removeImmediately:898 com.android.server.wm.WindowToken.removeImmediately:376 
10-10 12:17:43.753  1902 22706 D WindowManager: setParent old=DefaultTaskDisplayArea@126197207,new=null,this window=Task{c1daa51 #477 type=standard I=com.android.chrome/com.google.android.apps.chrome.IntentDispatcher},callers=com.android.server.wm.WindowContainer.removeChild:840 com.android.server.wm.TaskDisplayArea.removeChildTask:359 com.android.server.wm.TaskDisplayArea.removeChild:350 com.android.server.wm.WindowContainer.removeImmediately:898 com.android.server.wm.TaskFragment.removeImmediately:3203 com.android.server.wm.Task.removeImmediately:3222 
10-10 12:17:43.756  1902  2697 I WindowManager: cancelAnimation removed leash : Surface(name=Surface(name=6a76de5 InputMethod#123)/@0xf2bd99 - animation-leash of insets_animation#18065)/@0x6a581d4
10-10 12:17:43.821  1902  1902 D MBrainLocalService: isVendorFreezeConditionPass is false
10-10 12:17:43.821  1902  1902 E MBrainLocalService: notifyAppSwitch failed
10-10 12:17:44.621  1902  2697 W MIUIInput: Input event injection from package: null action ACTION_DOWN
10-10 12:17:44.623  1902  2612 I ProcessManager: getRenderThreadTidByPid, caller=1902
10-10 12:17:44.625  1902  2697 W MIUIInput: Input event injection from package: null action ACTION_UP
10-10 12:17:44.786  1902  2697 W MIUIInput: Input event injection from package: null action ACTION_DOWN
10-10 12:17:44.787  1902  2612 I ProcessManager: getRenderThreadTidByPid, caller=1902
10-10 12:17:44.790  1902  2697 W MIUIInput: Input event injection from package: null action ACTION_UP
10-10 12:17:44.893  1902  2697 D SchedBoost: com.android.chrome:sandboxed_process0:org.chromium.content.app.SandboxedProcessService0:13 boosting, skip reset priority
10-10 12:17:44.925  1556  1556 I wificond: station_bandwidth: 
10-10 12:17:45.774  1902 22706 W MIUIInput: Input event injection from package: null action ACTION_DOWN
10-10 12:17:45.777  1902  2612 I ProcessManager: getRenderThreadTidByPid, caller=1902
10-10 12:17:45.778  1902 22706 W MIUIInput: Input event injection from package: null action ACTION_UP
10-10 12:17:45.802  1902 22706 I InputMethodManagerService: IMMS.showSoftInput(), client = com.android.internal.inputmethod.IInputMethodClient$Stub$Proxy@8ea539d
10-10 12:17:45.802  1902 22706 I InputMethodManagerService: IMMS.showCurrentInputLocked(), flags = 0
10-10 12:17:45.802  1902 22706 D SmartPower: com.google.android.inputmethod.latin/10196(22721): show input method
10-10 12:17:45.802  1902 22706 I SmartPower: com.google.android.inputmethod.latin/10196(22721): idle->visible(2178ms) R(show input method) adj=100.
10-10 12:17:45.802  1902 22706 I DefaultImeVisibilityApplier: IMMS.showCurrentInputLocked request ims to show inputMethod.
10-10 12:17:45.803  1902  2304 W PackageConfigPersister: App-specific configuration not found for packageName: com.android.chrome and userId: 0
10-10 12:17:45.935  1902  2697 I InputMethodManagerService: IMMS.showSoftInput(), client = com.android.internal.inputmethod.IInputMethodClient$Stub$Proxy@59ed3e3
10-10 12:17:45.935  1902  2697 I InputMethodManagerService: IMMS.showCurrentInputLocked(), flags = 0
10-10 12:17:45.935  1902  2697 D SmartPower: com.google.android.inputmethod.latin/10196(22721): show input method
10-10 12:17:45.935  1902  2697 I DefaultImeVisibilityApplier: IMMS.showCurrentInputLocked request ims to show inputMethod.
10-10 12:17:45.957  1902 22706 I InputMethodManagerService: IMMS.applyImeVisibility(), setVisible = true, mCurclient = ClientState{c2e316e mUid=10190 mPid=4464 mSelfReportedDisplayId=0}
10-10 12:17:45.958  1902 22706 I WindowManager: WMS.showImePostLayout(), imeTarget = Window{565fe39 u0 com.android.chrome/org.chromium.chrome.browser.ChromeTabbedActivity}
10-10 12:17:45.961  1902 22706 D CoreBackPreview: Window{565fe39 u0 com.android.chrome/org.chromium.chrome.browser.ChromeTabbedActivity}: Setting back callback OnBackInvokedCallbackInfo{mCallback=android.window.IOnBackInvokedCallback$Stub$Proxy@dc191e0, mPriority=0, mIsAnimationCallback=false}
10-10 12:17:45.968  2983  3075 D MiuiFreeformModeController: avoidForInsetsBottomChangedIfNeed oldMoveableBottom: 2270 newMoveableBounds: 2270
10-10 12:17:45.971  1902 23265 I WindowManager: Relayout Window{6a76de5 u0 InputMethod}: oldVis=8 newVis=0 focusMayChange = true requestedWidth = 1080 requestedHeight = 2306 outFrames = ClientWindowFrames{frame=[0,94][1080,2400] display=[0,94][1080,2400] parentFrame=[0,0][0,0]} outSurfaceControl = Surface(name=InputMethod#18083)/@0x2ddec0c
10-10 12:17:45.979  2983  3075 D MiuiFreeformModeController: avoidForInsetsBottomChangedIfNeed oldMoveableBottom: 2270 newMoveableBounds: 2270
10-10 12:17:45.990  1902 23265 W WindowManager: finishDrawingWindow: Window{6a76de5 u0 InputMethod} mDrawState=DRAW_PENDING
10-10 12:17:45.990  1902 23265 D WindowManager: wms.finishDrawingLocked: mDrawState=COMMIT_DRAW_PENDING Window{6a76de5 u0 InputMethod} in Surface(name=InputMethod#18083)/@0x260cb3f
10-10 12:17:45.991  1902  1939 I ImeInsetsSourceProvider: ImeInsetsSourceProvider.scheduleShowImePostLayout() Run showImeRunner.
10-10 12:17:45.991  1902  1939 I ImeInsetsSourceProvider: ImeInsetsSourceProvider.scheduleShowImePostLayout() isReadyToShowIme.
10-10 12:17:45.991  1902 23265 I InputMethodManagerService: IMMS.applyImeVisibility(), setVisible = true, mCurclient = ClientState{c2e316e mUid=10190 mPid=4464 mSelfReportedDisplayId=0}
10-10 12:17:45.992  1902 23265 I WindowManager: WMS.showImePostLayout(), imeTarget = Window{565fe39 u0 com.android.chrome/org.chromium.chrome.browser.ChromeTabbedActivity}
10-10 12:17:45.992  1902 22706 I WindowManager: cancelAnimation removed leash : Surface(name=Surface(name=db27a2 NavigationBar0#82)/@0xc1acbf0 - animation-leash of insets_animation#18072)/@0x892e77c
10-10 12:17:45.993  2983  3075 D MiuiFreeformModeController: avoidForInsetsBottomChangedIfNeed oldMoveableBottom: 2270 newMoveableBounds: 2270
10-10 12:17:45.993  2983  3075 D ImePositionProcessor: onImeVisibilityChanged     isShowing:  true
10-10 12:17:45.993  1902  1939 W WindowManager: real show surface:Surface(name=InputMethod#18083)/@0x260cb3f
10-10 12:17:45.994  2983  3075 D MiuiFreeformModeController: onImeVisibilityChanged imeVisible: true imeHeight: 701 adjustedForRotation:false
10-10 12:17:45.994  2983  3075 D MiuiFreeformModeAvoidAlgorithm: begin autoOrderingAvoidMiniTask
10-10 12:17:45.994  2983  3075 D MiuiFreeformModeAvoidAlgorithm: getCurrMiniPos: SameSideMiniPosList: []
10-10 12:17:45.994  2983  3075 D MiuiFreeformModeAvoidAlgorithm: getCurrMiniPos: SameSideMiniPosList: []
10-10 12:17:45.994  2983  3075 D MiuiFreeformModeAvoidAlgorithm: end autoOrderingAvoidMiniTask res:AvoidResult{distance=0, combination={}, activeTaskPos=Rect(0, 0 - 0, 0)}
10-10 12:17:45.995  1902  1938 I WindowManager: input method visible height changed 701
10-10 12:17:45.995  1902  2338 I ITouchFeature: current device and process support version:2
10-10 12:17:45.995  1902  1938 I ImeInsetsSourceProvider: ImeInsetsSourceProvider.scheduleShowImePostLayout() Run showImeRunner.
10-10 12:17:45.995  1902  1938 I ImeInsetsSourceProvider: ImeInsetsSourceProvider.scheduleShowImePostLayout() isReadyToShowIme.
10-10 12:17:46.009  2983  3075 D OneHandedController: stopOneHanded state is 0
10-10 12:17:46.160  1902 23265 D WindowManagerService: checkFlipFullScreenChange is same, nowIsFullScreen = false
10-10 12:17:46.199  1902 23265 D WindowManagerService: checkFlipFullScreenChange is same, nowIsFullScreen = false
10-10 12:17:46.450  1902 23265 W MIUIInput: Input event injection from package: null action ACTION_DOWN
10-10 12:17:46.453  1902  2612 I ProcessManager: getRenderThreadTidByPid, caller=1902
10-10 12:17:46.456  1902 23265 W MIUIInput: Input event injection from package: null action ACTION_UP
10-10 12:17:46.487  1902 23265 I InputMethodManagerService: IMMS.applyImeVisibility(), setVisible = false, mCurclient = ClientState{c2e316e mUid=10190 mPid=4464 mSelfReportedDisplayId=0}
10-10 12:17:46.493  1902 10935 W PackageConfigPersister: App-specific configuration not found for packageName: com.android.chrome and userId: 0
10-10 12:17:46.497  1902 10935 D CoreBackPreview: Window{565fe39 u0 com.android.chrome/org.chromium.chrome.browser.ChromeTabbedActivity}: Setting back callback OnBackInvokedCallbackInfo{mCallback=android.window.IOnBackInvokedCallback$Stub$Proxy@f83bcf8, mPriority=0, mIsAnimationCallback=true}
10-10 12:17:46.498  1902  2697 D PerfShielderService: com.android.chrome|com.android.chrome/org.chromium.chrome.browser.ChromeTabbedActivity|148|114903325216002|123|0|2
10-10 12:17:46.499 22071 22103 W MiuiPerfServiceClient: interceptAndQueuing:4464|com.android.chrome|148|123|114903325216002|Slow main thread|2
10-10 12:17:46.507  1902  1938 I WindowManager: input method visible height changed 0
10-10 12:17:46.507  1902  2338 I ITouchFeature: current device and process support version:2
10-10 12:17:46.508  2983  3075 D MiuiFreeformModeController: avoidForInsetsBottomChangedIfNeed oldMoveableBottom: 2270 newMoveableBounds: 2270
10-10 12:17:46.508  2983  3075 D ImePositionProcessor: onImeVisibilityChanged     isShowing:  false
10-10 12:17:46.509  2983  3075 D MiuiFreeformModeController: onImeVisibilityChanged imeVisible: false imeHeight: 0 adjustedForRotation:false
10-10 12:17:46.509  2983  3075 D MiuiFreeformModeAvoidAlgorithm: begin autoOrderingAvoidMiniTask
10-10 12:17:46.509  2983  3075 D MiuiFreeformModeAvoidAlgorithm: getCurrMiniPos: SameSideMiniPosList: []
10-10 12:17:46.509  2983  3075 D MiuiFreeformModeAvoidAlgorithm: getCurrMiniPos: SameSideMiniPosList: []
10-10 12:17:46.509  2983  3075 D MiuiFreeformModeAvoidAlgorithm: end autoOrderingAvoidMiniTask res:AvoidResult{distance=0, combination={}, activeTaskPos=Rect(0, 0 - 0, 0)}
10-10 12:17:46.706  1902  2697 W MIUIInput: Input event injection from package: null action ACTION_DOWN
10-10 12:17:46.709  1902  2612 I ProcessManager: getRenderThreadTidByPid, caller=1902
10-10 12:17:46.710  1902  2697 W MIUIInput: Input event injection from package: null action ACTION_UP
10-10 12:17:46.717  1902  2620 I SmartPower: eu.europa.ec.euidi/10390(10575): background->idle(3000ms) R(become invisible) adj=700.
10-10 12:17:46.720  1902 22706 I InputMethodManagerService: IMMS.showSoftInput(), client = com.android.internal.inputmethod.IInputMethodClient$Stub$Proxy@9dc7bd3
10-10 12:17:46.720  1902 22706 I InputMethodManagerService: IMMS.showCurrentInputLocked(), flags = 0
10-10 12:17:46.720  1902 22706 D SmartPower: com.google.android.inputmethod.latin/10196(22721): show input method
10-10 12:17:46.720  1902 22706 I DefaultImeVisibilityApplier: IMMS.showCurrentInputLocked request ims to show inputMethod.
10-10 12:17:46.721  1902  2697 W PackageConfigPersister: App-specific configuration not found for packageName: com.android.chrome and userId: 0
10-10 12:17:46.780  1902 23265 I InputMethodManagerService: IMMS.showSoftInput(), client = com.android.internal.inputmethod.IInputMethodClient$Stub$Proxy@34dce09
10-10 12:17:46.780  1902 23265 I InputMethodManagerService: IMMS.showCurrentInputLocked(), flags = 0
10-10 12:17:46.780  1902 23265 D SmartPower: com.google.android.inputmethod.latin/10196(22721): show input method
10-10 12:17:46.781  1902 23265 I DefaultImeVisibilityApplier: IMMS.showCurrentInputLocked request ims to show inputMethod.
10-10 12:17:46.798  1902 23265 I InputMethodManagerService: IMMS.applyImeVisibility(), setVisible = true, mCurclient = ClientState{c2e316e mUid=10190 mPid=4464 mSelfReportedDisplayId=0}
10-10 12:17:46.798  1902 23265 I WindowManager: WMS.showImePostLayout(), imeTarget = Window{565fe39 u0 com.android.chrome/org.chromium.chrome.browser.ChromeTabbedActivity}
10-10 12:17:46.801  1902  1939 I ImeInsetsSourceProvider: ImeInsetsSourceProvider.scheduleShowImePostLayout() Run showImeRunner.
10-10 12:17:46.801  1902  1939 I ImeInsetsSourceProvider: ImeInsetsSourceProvider.scheduleShowImePostLayout() isReadyToShowIme.
10-10 12:17:46.804  1902  2697 D CoreBackPreview: Window{565fe39 u0 com.android.chrome/org.chromium.chrome.browser.ChromeTabbedActivity}: Setting back callback OnBackInvokedCallbackInfo{mCallback=android.window.IOnBackInvokedCallback$Stub$Proxy@dda80e, mPriority=0, mIsAnimationCallback=false}
10-10 12:17:46.809  2983  3075 D MiuiFreeformModeController: avoidForInsetsBottomChangedIfNeed oldMoveableBottom: 2270 newMoveableBounds: 2270
10-10 12:17:46.809  2983  3075 D ImePositionProcessor: onImeVisibilityChanged     isShowing:  true
10-10 12:17:46.809  1902  2697 I WindowManager: cancelAnimation removed leash : Surface(name=Surface(name=db27a2 NavigationBar0#82)/@0xc1acbf0 - animation-leash of insets_animation#18084)/@0xe7b35d1
10-10 12:17:46.811  1902 22706 I InputMethodManagerService: IMMS.applyImeVisibility(), setVisible = true, mCurclient = ClientState{c2e316e mUid=10190 mPid=4464 mSelfReportedDisplayId=0}
10-10 12:17:46.812  1902 23161 I WindowManager: input method visible height changed 701
10-10 12:17:46.814  1902  2338 I ITouchFeature: current device and process support version:2
10-10 12:17:46.814  2983  3075 D MiuiFreeformModeController: onImeVisibilityChanged imeVisible: true imeHeight: 701 adjustedForRotation:false
10-10 12:17:46.814  2983  3075 D MiuiFreeformModeAvoidAlgorithm: begin autoOrderingAvoidMiniTask
10-10 12:17:46.814  2983  3075 D MiuiFreeformModeAvoidAlgorithm: getCurrMiniPos: SameSideMiniPosList: []
10-10 12:17:46.814  2983  3075 D MiuiFreeformModeAvoidAlgorithm: getCurrMiniPos: SameSideMiniPosList: []
10-10 12:17:46.814  2983  3075 D MiuiFreeformModeAvoidAlgorithm: end autoOrderingAvoidMiniTask res:AvoidResult{distance=0, combination={}, activeTaskPos=Rect(0, 0 - 0, 0)}
10-10 12:17:46.823  1902 22706 I WindowManager: WMS.showImePostLayout(), imeTarget = Window{565fe39 u0 com.android.chrome/org.chromium.chrome.browser.ChromeTabbedActivity}
10-10 12:17:46.828  2983  3075 D OneHandedController: stopOneHanded state is 0
10-10 12:17:46.829  1902  1939 I ImeInsetsSourceProvider: ImeInsetsSourceProvider.scheduleShowImePostLayout() Run showImeRunner.
10-10 12:17:46.829  1902  1939 I ImeInsetsSourceProvider: ImeInsetsSourceProvider.scheduleShowImePostLayout() isReadyToShowIme.
10-10 12:17:46.923  1902 23265 D WindowManagerService: checkFlipFullScreenChange is same, nowIsFullScreen = false
10-10 12:17:46.942  1902 23265 D WindowManagerService: checkFlipFullScreenChange is same, nowIsFullScreen = false
10-10 12:17:47.076  1902 22706 W MIUIInput: Input event injection from package: null action ACTION_DOWN
10-10 12:17:47.077  1902  2612 I ProcessManager: getRenderThreadTidByPid, caller=1902
10-10 12:17:47.079  1902 22706 W MIUIInput: Input event injection from package: null action ACTION_UP
10-10 12:17:47.105  1902 22706 I InputMethodManagerService: IMMS.applyImeVisibility(), setVisible = false, mCurclient = ClientState{c2e316e mUid=10190 mPid=4464 mSelfReportedDisplayId=0}
10-10 12:17:47.110  1902  2304 W PackageConfigPersister: App-specific configuration not found for packageName: com.android.chrome and userId: 0
10-10 12:17:47.119  1902  2304 D PerfShielderService: com.google.android.inputmethod.latin|InputMethod|91|114904203072310|91|0|1
10-10 12:17:47.120 22071 22103 W MiuiPerfServiceClient: interceptAndQueuing:22721|com.google.android.inputmethod.latin|91|91|114904203072310|Slow main thread|1
10-10 12:17:47.129  1902 22706 W WindowManager: Changing focus from Window{565fe39 u0 com.android.chrome/org.chromium.chrome.browser.ChromeTabbedActivity} to Window{3dc5428 u0 com.android.chrome/org.chromium.chrome.browser.ChromeTabbedActivity} displayId=0 Callers=com.android.server.wm.RootWindowContainer.updateFocusedWindowLocked:557 com.android.server.wm.WindowManagerService.updateFocusedWindowLocked:6962 com.android.server.wm.WindowManagerService.addWindow:2218 com.android.server.wm.Session.addToDisplayAsUser:231 
10-10 12:17:47.129  1902 22706 I WindowManager: cancelAnimation removed leash : Surface(name=Surface(name=81266ae StatusBar#86)/@0xb48dfdc - animation-leash of insets_animation#18071)/@0x9c2fd4e
10-10 12:17:47.132  1902 22706 D WindowManager: wms.Input focus has changed to Window{3dc5428 u0 com.android.chrome/org.chromium.chrome.browser.ChromeTabbedActivity} display=0 updateInputWindows = false
10-10 12:17:47.132  1902 22706 I MultiSenceManagerInternalStub: getInstance
10-10 12:17:47.133  1902  1939 D WindowManager: wms.Focus not requested for window=Window{3dc5428 u0 com.android.chrome/org.chromium.chrome.browser.ChromeTabbedActivity} because it has no surface or is not focusable.
10-10 12:17:47.140  1902 22706 D CoreBackPreview: Window{3dc5428 u0 com.android.chrome/org.chromium.chrome.browser.ChromeTabbedActivity}: Setting back callback OnBackInvokedCallbackInfo{mCallback=android.window.IOnBackInvokedCallback$Stub$Proxy@e668f72, mPriority=-1, mIsAnimationCallback=false}
10-10 12:17:47.167  1902  2304 W WindowManager: finishDrawingWindow: Window{3dc5428 u0 com.android.chrome/org.chromium.chrome.browser.ChromeTabbedActivity} mDrawState=DRAW_PENDING
10-10 12:17:47.167  1902  2304 D WindowManager: wms.finishDrawingLocked: mDrawState=COMMIT_DRAW_PENDING Window{3dc5428 u0 com.android.chrome/org.chromium.chrome.browser.ChromeTabbedActivity} in Surface(name=com.android.chrome/org.chromium.chrome.browser.ChromeTabbedActivity#18087)/@0x1894b79
10-10 12:17:47.177  1902  1939 W WindowManager: real show surface:Surface(name=com.android.chrome/org.chromium.chrome.browser.ChromeTabbedActivity#18087)/@0x1894b79
10-10 12:17:47.184  2983  3075 D MiuiFreeformModeController: avoidForInsetsBottomChangedIfNeed oldMoveableBottom: 2270 newMoveableBounds: 2270
10-10 12:17:47.184  2983  3075 D ImePositionProcessor: onImeVisibilityChanged     isShowing:  false
10-10 12:17:47.185  1902 23265 D CoreBackPreview: Window{565fe39 u0 com.android.chrome/org.chromium.chrome.browser.ChromeTabbedActivity}: Setting back callback OnBackInvokedCallbackInfo{mCallback=android.window.IOnBackInvokedCallback$Stub$Proxy@5464917, mPriority=0, mIsAnimationCallback=true}
10-10 12:17:47.188  1902  1939 I WindowManager: input method visible height changed 0
10-10 12:17:47.189  1902  2338 I ITouchFeature: current device and process support version:2
10-10 12:17:47.191  2983  3075 D MiuiFreeformModeController: onImeVisibilityChanged imeVisible: false imeHeight: 0 adjustedForRotation:false
10-10 12:17:47.191  2983  3075 D MiuiFreeformModeAvoidAlgorithm: begin autoOrderingAvoidMiniTask
