10-13 12:09:04.563  1902 23267 D WindowManager: wms.finishDrawingLocked: mDrawState=COMMIT_DRAW_PENDING Window{6a76de5 u0 InputMethod} in Surface(name=InputMethod#29300)/@0x7b48bb6
10-13 12:09:04.567  1902  2304 I InputMethodManagerService: IMMS.applyImeVisibility(), setVisible = true, mCurclient = ClientState{6052a21 mUid=10190 mPid=9617 mSelfReportedDisplayId=0}
10-13 12:09:04.568  1902  1939 I ImeInsetsSourceProvider: ImeInsetsSourceProvider.scheduleShowImePostLayout() Run showImeRunner.
10-13 12:09:04.568  1902  1939 I ImeInsetsSourceProvider: ImeInsetsSourceProvider.scheduleShowImePostLayout() isReadyToShowIme.
10-13 12:09:04.572  1902  2304 I WindowManager: WMS.showImePostLayout(), imeTarget = Window{75116e2 u0 com.android.chrome/org.chromium.chrome.browser.ChromeTabbedActivity}
10-13 12:09:04.573  1902  3385 I WindowManager: cancelAnimation removed leash : Surface(name=Surface(name=db27a2 NavigationBar0#82)/@0xc1acbf0 - animation-leash of insets_animation#29289)/@0xb26bbef
10-13 12:09:04.575  1902  1939 I WindowManager: input method visible height changed 701
10-13 12:09:04.575  1902  2338 I ITouchFeature: current device and process support version:2
10-13 12:09:04.575  2983  3075 D MiuiFreeformModeController: avoidForInsetsBottomChangedIfNeed oldMoveableBottom: 2270 newMoveableBounds: 2270
10-13 12:09:04.575  2983  3075 D ImePositionProcessor: onImeVisibilityChanged     isShowing:  true
10-13 12:09:04.576  1902  1939 W WindowManager: real show surface:Surface(name=InputMethod#29300)/@0x7b48bb6
10-13 12:09:04.576  1902  1939 I ImeInsetsSourceProvider: ImeInsetsSourceProvider.scheduleShowImePostLayout() Run showImeRunner.
10-13 12:09:04.576  1902  1939 I ImeInsetsSourceProvider: ImeInsetsSourceProvider.scheduleShowImePostLayout() isReadyToShowIme.
10-13 12:09:04.576  2983  3075 D MiuiFreeformModeController: onImeVisibilityChanged imeVisible: true imeHeight: 701 adjustedForRotation:false
10-13 12:09:04.576  2983  3075 D MiuiFreeformModeAvoidAlgorithm: begin autoOrderingAvoidMiniTask
10-13 12:09:04.576  2983  3075 D MiuiFreeformModeAvoidAlgorithm: getCurrMiniPos: SameSideMiniPosList: []
10-13 12:09:04.576  2983  3075 D MiuiFreeformModeAvoidAlgorithm: getCurrMiniPos: SameSideMiniPosList: []
10-13 12:09:04.576  2983  3075 D MiuiFreeformModeAvoidAlgorithm: end autoOrderingAvoidMiniTask res:AvoidResult{distance=0, combination={}, activeTaskPos=Rect(0, 0 - 0, 0)}
10-13 12:09:04.594  2983  3075 D OneHandedController: stopOneHanded state is 0
10-13 12:09:04.917  1556  1556 I wificond: station_bandwidth: 
10-13 12:09:05.318  1902  3385 D WindowManagerService: checkFlipFullScreenChange is same, nowIsFullScreen = false
10-13 12:09:05.349  1902  3385 D WindowManagerService: checkFlipFullScreenChange is same, nowIsFullScreen = false
10-13 12:09:06.081  1902  2304 W MIUIInput: Input event injection from package: null action ACTION_DOWN
10-13 12:09:06.084  1902  2612 I ProcessManager: getRenderThreadTidByPid, caller=1902
10-13 12:09:06.087  1902  2304 W MIUIInput: Input event injection from package: null action ACTION_UP
10-13 12:09:06.122  1902  2304 I InputMethodManagerService: IMMS.applyImeVisibility(), setVisible = false, mCurclient = ClientState{6052a21 mUid=10190 mPid=9617 mSelfReportedDisplayId=0}
10-13 12:09:06.133  1902  2304 W PackageConfigPersister: App-specific configuration not found for packageName: com.android.chrome and userId: 0
10-13 12:09:06.137  1902  3385 D PerfShielderService: com.android.chrome|com.android.chrome/org.chromium.chrome.browser.ChromeTabbedActivity|201|147172597408771|185|0|2
10-13 12:09:06.138  2983  3075 D MiuiFreeformModeController: avoidForInsetsBottomChangedIfNeed oldMoveableBottom: 2270 newMoveableBounds: 2270
10-13 12:09:06.138 22071 27042 W MiuiPerfServiceClient: interceptAndQueuing:9617|com.android.chrome|201|185|147172597408771|Slow main thread|2
10-13 12:09:06.138  2983  3075 D ImePositionProcessor: onImeVisibilityChanged     isShowing:  false
10-13 12:09:06.147  1902  1938 I WindowManager: input method visible height changed 0
10-13 12:09:06.147  1902  2338 I ITouchFeature: current device and process support version:2
10-13 12:09:06.147  2983  3075 D MiuiFreeformModeController: onImeVisibilityChanged imeVisible: false imeHeight: 0 adjustedForRotation:false
10-13 12:09:06.147  2983  3075 D MiuiFreeformModeAvoidAlgorithm: begin autoOrderingAvoidMiniTask
10-13 12:09:06.148  2983  3075 D MiuiFreeformModeAvoidAlgorithm: getCurrMiniPos: SameSideMiniPosList: []
10-13 12:09:06.148  2983  3075 D MiuiFreeformModeAvoidAlgorithm: getCurrMiniPos: SameSideMiniPosList: []
10-13 12:09:06.148  2983  3075 D MiuiFreeformModeAvoidAlgorithm: end autoOrderingAvoidMiniTask res:AvoidResult{distance=0, combination={}, activeTaskPos=Rect(0, 0 - 0, 0)}
10-13 12:09:06.151  1902 23267 D CoreBackPreview: Window{75116e2 u0 com.android.chrome/org.chromium.chrome.browser.ChromeTabbedActivity}: Setting back callback OnBackInvokedCallbackInfo{mCallback=android.window.IOnBackInvokedCallback$Stub$Proxy@e9dda90, mPriority=0, mIsAnimationCallback=true}
10-13 12:09:06.690  1902 23267 I SmartPower: com.google.android.inputmethod.latin/10196(22721): visible->invisible(2377ms) R(become invisible) adj=100.
10-13 12:09:06.691  1902 23267 I SmartPower: com.google.android.inputmethod.latin/10196(22721): invisible->background(0ms) R(become background) adj=100.
10-13 12:09:06.698  2983  3075 D MiuiFreeformModeController: avoidForInsetsBottomChangedIfNeed oldMoveableBottom: 2270 newMoveableBounds: 2270
10-13 12:09:06.722  2983  3075 D MiuiFreeformModeController: avoidForInsetsBottomChangedIfNeed oldMoveableBottom: 2270 newMoveableBounds: 2270
10-13 12:09:07.196  1902  2304 W MIUIInput: Input event injection from package: null action ACTION_DOWN
10-13 12:09:07.199  1902  2612 I ProcessManager: getRenderThreadTidByPid, caller=1902
10-13 12:09:07.202  1902  2304 W MIUIInput: Input event injection from package: null action ACTION_UP
10-13 12:09:07.212  1902 23267 I InputMethodManagerService: IMMS.showSoftInput(), client = com.android.internal.inputmethod.IInputMethodClient$Stub$Proxy@3502b45
10-13 12:09:07.212  1902 23267 I InputMethodManagerService: IMMS.showCurrentInputLocked(), flags = 0
10-13 12:09:07.212  1902 23267 D SmartPower: com.google.android.inputmethod.latin/10196(22721): show input method
10-13 12:09:07.212  1902 23267 I SmartPower: com.google.android.inputmethod.latin/10196(22721): background->visible(521ms) R(show input method) adj=100.
10-13 12:09:07.212  1902 23267 I DefaultImeVisibilityApplier: IMMS.showCurrentInputLocked request ims to show inputMethod.
10-13 12:09:07.212  1902 23161 W PackageConfigPersister: App-specific configuration not found for packageName: com.android.chrome and userId: 0
10-13 12:09:07.285  1902  3385 I InputMethodManagerService: IMMS.showSoftInput(), client = com.android.internal.inputmethod.IInputMethodClient$Stub$Proxy@56f57cb
10-13 12:09:07.285  1902  3385 I InputMethodManagerService: IMMS.showCurrentInputLocked(), flags = 0
10-13 12:09:07.285  1902  3385 D SmartPower: com.google.android.inputmethod.latin/10196(22721): show input method
10-13 12:09:07.286  1902  3385 I DefaultImeVisibilityApplier: IMMS.showCurrentInputLocked request ims to show inputMethod.
10-13 12:09:07.312  1902  2304 I InputMethodManagerService: IMMS.applyImeVisibility(), setVisible = true, mCurclient = ClientState{6052a21 mUid=10190 mPid=9617 mSelfReportedDisplayId=0}
10-13 12:09:07.312  1902  2304 I WindowManager: WMS.showImePostLayout(), imeTarget = Window{75116e2 u0 com.android.chrome/org.chromium.chrome.browser.ChromeTabbedActivity}
10-13 12:09:07.316  1902  2304 D CoreBackPreview: Window{75116e2 u0 com.android.chrome/org.chromium.chrome.browser.ChromeTabbedActivity}: Setting back callback OnBackInvokedCallbackInfo{mCallback=android.window.IOnBackInvokedCallback$Stub$Proxy@f2a6ba8, mPriority=0, mIsAnimationCallback=false}
10-13 12:09:07.323  2983  3075 D MiuiFreeformModeController: avoidForInsetsBottomChangedIfNeed oldMoveableBottom: 2270 newMoveableBounds: 2270
10-13 12:09:07.327  1902  2304 I WindowManager: Relayout Window{6a76de5 u0 InputMethod}: oldVis=8 newVis=0 focusMayChange = true requestedWidth = 1080 requestedHeight = 2306 outFrames = ClientWindowFrames{frame=[0,94][1080,2400] display=[0,94][1080,2400] parentFrame=[0,0][0,0]} outSurfaceControl = Surface(name=InputMethod#29302)/@0x98e9a54
10-13 12:09:07.334  2983  3075 D MiuiFreeformModeController: avoidForInsetsBottomChangedIfNeed oldMoveableBottom: 2270 newMoveableBounds: 2270
10-13 12:09:07.353  1902  2304 W WindowManager: finishDrawingWindow: Window{6a76de5 u0 InputMethod} mDrawState=DRAW_PENDING
10-13 12:09:07.353  1902  2304 D WindowManager: wms.finishDrawingLocked: mDrawState=COMMIT_DRAW_PENDING Window{6a76de5 u0 InputMethod} in Surface(name=InputMethod#29302)/@0x819a5a7
10-13 12:09:07.356  1902 23161 I InputMethodManagerService: IMMS.applyImeVisibility(), setVisible = true, mCurclient = ClientState{6052a21 mUid=10190 mPid=9617 mSelfReportedDisplayId=0}
10-13 12:09:07.356  1902  1939 I ImeInsetsSourceProvider: ImeInsetsSourceProvider.scheduleShowImePostLayout() Run showImeRunner.
10-13 12:09:07.356  1902  1939 I ImeInsetsSourceProvider: ImeInsetsSourceProvider.scheduleShowImePostLayout() isReadyToShowIme.
10-13 12:09:07.359  1902 23161 I WindowManager: WMS.showImePostLayout(), imeTarget = Window{75116e2 u0 com.android.chrome/org.chromium.chrome.browser.ChromeTabbedActivity}
10-13 12:09:07.362  1902  1939 I ImeInsetsSourceProvider: ImeInsetsSourceProvider.scheduleShowImePostLayout() Run showImeRunner.
10-13 12:09:07.362  1902  1939 I ImeInsetsSourceProvider: ImeInsetsSourceProvider.scheduleShowImePostLayout() isReadyToShowIme.
10-13 12:09:07.365  1902 23259 I WindowManager: cancelAnimation removed leash : Surface(name=Surface(name=db27a2 NavigationBar0#82)/@0xc1acbf0 - animation-leash of insets_animation#29301)/@0xa711153
10-13 12:09:07.366  1902  1938 I WindowManager: input method visible height changed 701
10-13 12:09:07.366  2983  3075 D MiuiFreeformModeController: avoidForInsetsBottomChangedIfNeed oldMoveableBottom: 2270 newMoveableBounds: 2270
10-13 12:09:07.366  2983  3075 D ImePositionProcessor: onImeVisibilityChanged     isShowing:  true
10-13 12:09:07.367  1902  2338 I ITouchFeature: current device and process support version:2
10-13 12:09:07.367  2983  3075 D MiuiFreeformModeController: onImeVisibilityChanged imeVisible: true imeHeight: 701 adjustedForRotation:false
10-13 12:09:07.367  2983  3075 D MiuiFreeformModeAvoidAlgorithm: begin autoOrderingAvoidMiniTask
10-13 12:09:07.367  2983  3075 D MiuiFreeformModeAvoidAlgorithm: getCurrMiniPos: SameSideMiniPosList: []
10-13 12:09:07.367  2983  3075 D MiuiFreeformModeAvoidAlgorithm: getCurrMiniPos: SameSideMiniPosList: []
10-13 12:09:07.367  2983  3075 D MiuiFreeformModeAvoidAlgorithm: end autoOrderingAvoidMiniTask res:AvoidResult{distance=0, combination={}, activeTaskPos=Rect(0, 0 - 0, 0)}
10-13 12:09:07.368  1902  1938 W WindowManager: real show surface:Surface(name=InputMethod#29302)/@0x819a5a7
10-13 12:09:07.388  2983  3075 D OneHandedController: stopOneHanded state is 0
10-13 12:09:07.939  1556  1556 I wificond: station_bandwidth: 
10-13 12:09:08.028   691 16716 I keystore2: system/security/keystore2/src/watchdog.rs:319 - Watchdog thread idle -> terminating. Have a great day.
10-13 12:09:08.312  1902  2304 D WindowManagerService: checkFlipFullScreenChange is same, nowIsFullScreen = false
10-13 12:09:08.354  1902  2304 D WindowManagerService: checkFlipFullScreenChange is same, nowIsFullScreen = false
10-13 12:09:09.089  1902  3385 W MIUIInput: Input event injection from package: null action ACTION_DOWN
10-13 12:09:09.092  1902  2612 I ProcessManager: getRenderThreadTidByPid, caller=1902
10-13 12:09:09.095  1902  3385 W MIUIInput: Input event injection from package: null action ACTION_UP
10-13 12:09:09.125  1902  2304 I InputMethodManagerService: IMMS.applyImeVisibility(), setVisible = false, mCurclient = ClientState{6052a21 mUid=10190 mPid=9617 mSelfReportedDisplayId=0}
10-13 12:09:09.129  1902 23161 W PackageConfigPersister: App-specific configuration not found for packageName: com.android.chrome and userId: 0
10-13 12:09:09.152  1902  2304 W WindowManager: Changing focus from Window{75116e2 u0 com.android.chrome/org.chromium.chrome.browser.ChromeTabbedActivity} to Window{75c43e u0 com.android.chrome/org.chromium.chrome.browser.ChromeTabbedActivity} displayId=0 Callers=com.android.server.wm.RootWindowContainer.updateFocusedWindowLocked:557 com.android.server.wm.WindowManagerService.updateFocusedWindowLocked:6962 com.android.server.wm.WindowManagerService.addWindow:2218 com.android.server.wm.Session.addToDisplayAsUser:231 
10-13 12:09:09.152  1902  2304 I WindowManager: cancelAnimation removed leash : Surface(name=Surface(name=81266ae StatusBar#86)/@0xb48dfdc - animation-leash of insets_animation#29288)/@0x83d01c9
10-13 12:09:09.154  1902  2304 D WindowManager: wms.Input focus has changed to Window{75c43e u0 com.android.chrome/org.chromium.chrome.browser.ChromeTabbedActivity} display=0 updateInputWindows = false
10-13 12:09:09.154  1902  2304 I MultiSenceManagerInternalStub: getInstance
10-13 12:09:09.159  1902  1939 D WindowManager: wms.Focus not requested for window=Window{75c43e u0 com.android.chrome/org.chromium.chrome.browser.ChromeTabbedActivity} because it has no surface or is not focusable.
10-13 12:09:09.170  1902  2304 D CoreBackPreview: Window{75c43e u0 com.android.chrome/org.chromium.chrome.browser.ChromeTabbedActivity}: Setting back callback OnBackInvokedCallbackInfo{mCallback=android.window.IOnBackInvokedCallback$Stub$Proxy@9a40ed8, mPriority=-1, mIsAnimationCallback=false}
10-13 12:09:09.170  1902 23161 D PerfShielderService: com.android.chrome|com.android.chrome/org.chromium.chrome.browser.ChromeTabbedActivity|81|147175377807618|64|0|2
10-13 12:09:09.171 22071 27042 W MiuiPerfServiceClient: interceptAndQueuing:9617|com.android.chrome|81|64|147175377807618|Slow main thread|2
10-13 12:09:09.194  1902  2304 W WindowManager: finishDrawingWindow: Window{75c43e u0 com.android.chrome/org.chromium.chrome.browser.ChromeTabbedActivity} mDrawState=DRAW_PENDING
10-13 12:09:09.194  1902  2304 D WindowManager: wms.finishDrawingLocked: mDrawState=COMMIT_DRAW_PENDING Window{75c43e u0 com.android.chrome/org.chromium.chrome.browser.ChromeTabbedActivity} in Surface(name=com.android.chrome/org.chromium.chrome.browser.ChromeTabbedActivity#29305)/@0x2614697
10-13 12:09:09.204  1902  1939 W WindowManager: real show surface:Surface(name=com.android.chrome/org.chromium.chrome.browser.ChromeTabbedActivity#29305)/@0x2614697
10-13 12:09:09.216  2983  3075 D MiuiFreeformModeController: avoidForInsetsBottomChangedIfNeed oldMoveableBottom: 2270 newMoveableBounds: 2270
10-13 12:09:09.216  2983  3075 D ImePositionProcessor: onImeVisibilityChanged     isShowing:  false
10-13 12:09:09.223  1902 23259 D CoreBackPreview: Window{75116e2 u0 com.android.chrome/org.chromium.chrome.browser.ChromeTabbedActivity}: Setting back callback OnBackInvokedCallbackInfo{mCallback=android.window.IOnBackInvokedCallback$Stub$Proxy@9e41c1c, mPriority=0, mIsAnimationCallback=true}
10-13 12:09:09.225  1902  1939 I WindowManager: input method visible height changed 0
10-13 12:09:09.225  1902  2338 I ITouchFeature: current device and process support version:2
10-13 12:09:09.230  2983  3075 D MiuiFreeformModeController: onImeVisibilityChanged imeVisible: false imeHeight: 0 adjustedForRotation:false
10-13 12:09:09.230  2983  3075 D MiuiFreeformModeAvoidAlgorithm: begin autoOrderingAvoidMiniTask
10-13 12:09:09.230  2983  3075 D MiuiFreeformModeAvoidAlgorithm: getCurrMiniPos: SameSideMiniPosList: []
10-13 12:09:09.230  2983  3075 D MiuiFreeformModeAvoidAlgorithm: getCurrMiniPos: SameSideMiniPosList: []
10-13 12:09:09.230  2983  3075 D MiuiFreeformModeAvoidAlgorithm: end autoOrderingAvoidMiniTask res:AvoidResult{distance=0, combination={}, activeTaskPos=Rect(0, 0 - 0, 0)}
10-13 12:09:09.744  1902 23259 I SmartPower: com.google.android.inputmethod.latin/10196(22721): visible->invisible(2533ms) R(become invisible) adj=100.
10-13 12:09:09.745  1902 23259 I SmartPower: com.google.android.inputmethod.latin/10196(22721): invisible->background(0ms) R(become background) adj=100.
10-13 12:09:09.757  2983  3075 D MiuiFreeformModeController: avoidForInsetsBottomChangedIfNeed oldMoveableBottom: 2270 newMoveableBounds: 2270
10-13 12:09:09.776  2983  3075 D MiuiFreeformModeController: avoidForInsetsBottomChangedIfNeed oldMoveableBottom: 2270 newMoveableBounds: 2270
10-13 12:09:10.146  1902  2304 W MIUIInput: Input event injection from package: null action ACTION_DOWN
10-13 12:09:10.149  1902  2612 I ProcessManager: getRenderThreadTidByPid, caller=1902
10-13 12:09:10.154  1902  2304 W MIUIInput: Input event injection from package: null action ACTION_UP
10-13 12:09:10.169  1902 23259 D CoreBackPreview: Window{75c43e u0 com.android.chrome/org.chromium.chrome.browser.ChromeTabbedActivity}: Setting back callback null
10-13 12:09:10.181  1902  2304 W WindowManager: Changing focus from Window{75c43e u0 com.android.chrome/org.chromium.chrome.browser.ChromeTabbedActivity EXITING} to Window{75116e2 u0 com.android.chrome/org.chromium.chrome.browser.ChromeTabbedActivity} displayId=0 Callers=com.android.server.wm.RootWindowContainer.updateFocusedWindowLocked:557 com.android.server.wm.WindowManagerService.updateFocusedWindowLocked:6962 com.android.server.wm.WindowState.setupWindowForRemoveOnExit:2746 com.android.server.wm.WindowState.removeIfPossible:2708 
10-13 12:09:10.182  1902  2304 I WindowManager: cancelAnimation removed leash : Surface(name=Surface(name=81266ae StatusBar#86)/@0xb48dfdc - animation-leash of insets_animation#29304)/@0x805e64a
10-13 12:09:10.187  1902  2304 I WindowManager: cancelAnimation removed leash : Surface(name=Surface(name=db27a2 NavigationBar0#82)/@0xc1acbf0 - animation-leash of insets_animation#29309)/@0x180718f
10-13 12:09:10.191  1902  2304 D WindowManager: wms.Input focus has changed to Window{75116e2 u0 com.android.chrome/org.chromium.chrome.browser.ChromeTabbedActivity} display=0 updateInputWindows = false
10-13 12:09:10.192  1902  2304 I MultiSenceManagerInternalStub: getInstance
10-13 12:09:10.204  1902  1939 D WindowManager: setParent old=ActivityRecord{84f79ca u0 com.android.chrome/org.chromium.chrome.browser.ChromeTabbedActivity t756},new=null,this window=Window{75c43e u0 com.android.chrome/org.chromium.chrome.browser.ChromeTabbedActivity},callers=com.android.server.wm.WindowContainer.removeChild:840 com.android.server.wm.ActivityRecord.removeChild:5227 com.android.server.wm.ActivityRecord.removeChild:470 com.android.server.wm.WindowContainer.removeImmediately:898 com.android.server.wm.WindowState.removeImmediately:2538 com.android.server.wm.WindowState.destroySurface:3654 
10-13 12:09:10.229  1902 23259 W PackageConfigPersister: App-specific configuration not found for packageName: com.android.chrome and userId: 0
10-13 12:09:10.229  1902 23259 D PerfShielderService: com.android.chrome|com.android.chrome/org.chromium.chrome.browser.ChromeTabbedActivity|152|147177341613079|69|0|5
10-13 12:09:10.230 22071 27042 W MiuiPerfServiceClient: interceptAndQueuing:9617|com.android.chrome|152|69|147177341613079|Slow main thread|5
10-13 12:09:10.232  1902  1902 D UiModeManager: updateConfigurationLocked: mDockState=0; mCarMode=false; mCar=false; mPowerSave=false; mOverrideNightModeOn=false; mOverrideNightModeOff=false; mComputedNightMode=false; mNightMode=1; uiMode=17
10-13 12:09:10.718  1902  1954 I SmartPower: com.xiaomi.discover/10128(15953): idle->background(48942ms) R(broadcast start Intent { act=android.intent.action.BATTERY_CHANGED flg=0x60000010 (has extras) }) adj=915.
10-13 12:09:10.719  1902  1954 I SmartPower: com.microsoft.teams/10321(21803): idle->background(48943ms) R(broadcast start Intent { act=android.intent.action.BATTERY_CHANGED flg=0x60000010 (has extras) }) adj=905.
10-13 12:09:10.799  1902  2304 W MIUIInput: Input event injection from package: null action ACTION_DOWN
10-13 12:09:10.802  1902  2612 I ProcessManager: getRenderThreadTidByPid, caller=1902
10-13 12:09:10.806  1902  2304 W MIUIInput: Input event injection from package: null action ACTION_UP
10-13 12:09:10.818  1902 23161 I InputMethodManagerService: IMMS.showSoftInput(), client = com.android.internal.inputmethod.IInputMethodClient$Stub$Proxy@cfebd11
10-13 12:09:10.818  1902 23161 I InputMethodManagerService: IMMS.showCurrentInputLocked(), flags = 0
10-13 12:09:10.818  1902 23161 D SmartPower: com.google.android.inputmethod.latin/10196(22721): show input method
10-13 12:09:10.818  1902 23161 I SmartPower: com.google.android.inputmethod.latin/10196(22721): background->visible(1074ms) R(show input method) adj=100.
10-13 12:09:10.819  1902 23161 I DefaultImeVisibilityApplier: IMMS.showCurrentInputLocked request ims to show inputMethod.
10-13 12:09:10.820  1902 23259 W PackageConfigPersister: App-specific configuration not found for packageName: com.android.chrome and userId: 0
10-13 12:09:10.851  1902  3385 I InputMethodManagerService: IMMS.applyImeVisibility(), setVisible = true, mCurclient = ClientState{6052a21 mUid=10190 mPid=9617 mSelfReportedDisplayId=0}
10-13 12:09:10.851  1902  3385 I WindowManager: WMS.showImePostLayout(), imeTarget = Window{75116e2 u0 com.android.chrome/org.chromium.chrome.browser.ChromeTabbedActivity}
10-13 12:09:10.855  2983  3075 D OneHandedController: stopOneHanded state is 0
10-13 12:09:10.859  2983  3075 D MiuiFreeformModeController: avoidForInsetsBottomChangedIfNeed oldMoveableBottom: 2270 newMoveableBounds: 2270
10-13 12:09:10.860  1902  3385 I WindowManager: Relayout Window{6a76de5 u0 InputMethod}: oldVis=8 newVis=0 focusMayChange = true requestedWidth = 1080 requestedHeight = 2306 outFrames = ClientWindowFrames{frame=[0,94][1080,2400] display=[0,94][1080,2400] parentFrame=[0,0][0,0]} outSurfaceControl = Surface(name=InputMethod#29314)/@0xf81194d
10-13 12:09:10.862  2983  3075 D OneHandedController: stopOneHanded state is 0
10-13 12:09:10.871  2983  3075 D MiuiFreeformModeController: avoidForInsetsBottomChangedIfNeed oldMoveableBottom: 2270 newMoveableBounds: 2270
10-13 12:09:10.888  1902  2304 W WindowManager: finishDrawingWindow: Window{6a76de5 u0 InputMethod} mDrawState=DRAW_PENDING
10-13 12:09:10.888  1902  2304 D WindowManager: wms.finishDrawingLocked: mDrawState=COMMIT_DRAW_PENDING Window{6a76de5 u0 InputMethod} in Surface(name=InputMethod#29314)/@0xb4550e4
10-13 12:09:10.889  1902  1939 I ImeInsetsSourceProvider: ImeInsetsSourceProvider.scheduleShowImePostLayout() Run showImeRunner.
10-13 12:09:10.889  1902  1939 I ImeInsetsSourceProvider: ImeInsetsSourceProvider.scheduleShowImePostLayout() isReadyToShowIme.
10-13 12:09:10.903  1902  2304 I InputMethodManagerService: IMMS.showSoftInput(), client = com.android.internal.inputmethod.IInputMethodClient$Stub$Proxy@5c1c913
10-13 12:09:10.903  1902  2304 I InputMethodManagerService: IMMS.showCurrentInputLocked(), flags = 0
10-13 12:09:10.903  1902  2304 D SmartPower: com.google.android.inputmethod.latin/10196(22721): show input method
10-13 12:09:10.903  1902  2304 I DefaultImeVisibilityApplier: IMMS.showCurrentInputLocked request ims to show inputMethod.
10-13 12:09:10.904  1902  3385 I InputMethodManagerService: IMMS.applyImeVisibility(), setVisible = true, mCurclient = ClientState{6052a21 mUid=10190 mPid=9617 mSelfReportedDisplayId=0}
10-13 12:09:10.904  1902  3385 I WindowManager: WMS.showImePostLayout(), imeTarget = Window{75116e2 u0 com.android.chrome/org.chromium.chrome.browser.ChromeTabbedActivity}
10-13 12:09:10.906  2983  3075 D OneHandedController: stopOneHanded state is 0
10-13 12:09:10.908  1902  1939 I ImeInsetsSourceProvider: ImeInsetsSourceProvider.scheduleShowImePostLayout() Run showImeRunner.
10-13 12:09:10.908  1902  1939 I ImeInsetsSourceProvider: ImeInsetsSourceProvider.scheduleShowImePostLayout() isReadyToShowIme.
10-13 12:09:10.910  1902  3385 D CoreBackPreview: Window{75116e2 u0 com.android.chrome/org.chromium.chrome.browser.ChromeTabbedActivity}: Setting back callback OnBackInvokedCallbackInfo{mCallback=android.window.IOnBackInvokedCallback$Stub$Proxy@6789750, mPriority=0, mIsAnimationCallback=false}
10-13 12:09:10.912  1902  2304 I WindowManager: cancelAnimation removed leash : Surface(name=Surface(name=db27a2 NavigationBar0#82)/@0xc1acbf0 - animation-leash of insets_animation#29312)/@0xa5123
10-13 12:09:10.913  2983  3075 D MiuiFreeformModeController: onImeVisibilityChanged imeVisible: true imeHeight: 701 adjustedForRotation:false
10-13 12:09:10.913  2983  3075 D MiuiFreeformModeAvoidAlgorithm: begin autoOrderingAvoidMiniTask
10-13 12:09:10.913  2983  3075 D MiuiFreeformModeAvoidAlgorithm: getCurrMiniPos: SameSideMiniPosList: []
10-13 12:09:10.913  2983  3075 D MiuiFreeformModeAvoidAlgorithm: getCurrMiniPos: SameSideMiniPosList: []
10-13 12:09:10.913  2983  3075 D MiuiFreeformModeAvoidAlgorithm: end autoOrderingAvoidMiniTask res:AvoidResult{distance=0, combination={}, activeTaskPos=Rect(0, 0 - 0, 0)}
10-13 12:09:10.913  1902  1939 I WindowManager: input method visible height changed 701
10-13 12:09:10.914  1902  2338 I ITouchFeature: current device and process support version:2
10-13 12:09:10.915  1902  1939 W WindowManager: real show surface:Surface(name=InputMethod#29314)/@0xb4550e4
10-13 12:09:10.915  2983  3075 D MiuiFreeformModeController: avoidForInsetsBottomChangedIfNeed oldMoveableBottom: 2270 newMoveableBounds: 2270
10-13 12:09:10.915  2983  3075 D ImePositionProcessor: onImeVisibilityChanged     isShowing:  true
10-13 12:09:10.940  2983  3075 D OneHandedController: stopOneHanded state is 0
10-13 12:09:10.956  1556  1556 I wificond: station_bandwidth: 
10-13 12:09:12.065  1902  2304 D WindowManagerService: checkFlipFullScreenChange is same, nowIsFullScreen = false
10-13 12:09:12.099  1902  2304 D WindowManagerService: checkFlipFullScreenChange is same, nowIsFullScreen = false
10-13 12:09:12.808  1902  2304 W MIUIInput: Input event injection from package: null action ACTION_DOWN
10-13 12:09:12.811  1902  2612 I ProcessManager: getRenderThreadTidByPid, caller=1902
10-13 12:09:12.813  1902  2304 W MIUIInput: Input event injection from package: null action ACTION_UP
10-13 12:09:12.846  1902  2304 I InputMethodManagerService: IMMS.applyImeVisibility(), setVisible = false, mCurclient = ClientState{6052a21 mUid=10190 mPid=9617 mSelfReportedDisplayId=0}
10-13 12:09:12.852  1902  2772 D PerfShielderService: com.android.chrome|com.android.chrome/org.chromium.chrome.browser.ChromeTabbedActivity|99|147179024503310|72|0|2
10-13 12:09:12.853  2983  3075 D MiuiFreeformModeController: avoidForInsetsBottomChangedIfNeed oldMoveableBottom: 2270 newMoveableBounds: 2270
10-13 12:09:12.853  2983  3075 D ImePositionProcessor: onImeVisibilityChanged     isShowing:  false
10-13 12:09:12.853 22071 27042 W MiuiPerfServiceClient: interceptAndQueuing:9617|com.android.chrome|99|72|147179024503310|Slow main thread|2
10-13 12:09:12.853  1902  1939 I WindowManager: input method visible height changed 0
10-13 12:09:12.853  1902  2338 I ITouchFeature: current device and process support version:2
10-13 12:09:12.854  1902  2772 W PackageConfigPersister: App-specific configuration not found for packageName: com.android.chrome and userId: 0
10-13 12:09:12.872  2983  3075 D MiuiFreeformModeController: onImeVisibilityChanged imeVisible: false imeHeight: 0 adjustedForRotation:false
10-13 12:09:12.872  2983  3075 D MiuiFreeformModeAvoidAlgorithm: begin autoOrderingAvoidMiniTask
10-13 12:09:12.872  2983  3075 D MiuiFreeformModeAvoidAlgorithm: getCurrMiniPos: SameSideMiniPosList: []
10-13 12:09:12.872  2983  3075 D MiuiFreeformModeAvoidAlgorithm: getCurrMiniPos: SameSideMiniPosList: []
10-13 12:09:12.872  2983  3075 D MiuiFreeformModeAvoidAlgorithm: end autoOrderingAvoidMiniTask res:AvoidResult{distance=0, combination={}, activeTaskPos=Rect(0, 0 - 0, 0)}
10-13 12:09:12.882  1902 23259 D CoreBackPreview: Window{75116e2 u0 com.android.chrome/org.chromium.chrome.browser.ChromeTabbedActivity}: Setting back callback OnBackInvokedCallbackInfo{mCallback=android.window.IOnBackInvokedCallback$Stub$Proxy@d97efbd, mPriority=0, mIsAnimationCallback=true}
10-13 12:09:13.398  1902  3385 I SmartPower: com.google.android.inputmethod.latin/10196(22721): visible->invisible(2579ms) R(become invisible) adj=100.
10-13 12:09:13.398  1902  3385 I SmartPower: com.google.android.inputmethod.latin/10196(22721): invisible->background(1ms) R(become background) adj=100.
10-13 12:09:13.405  2983  3075 D MiuiFreeformModeController: avoidForInsetsBottomChangedIfNeed oldMoveableBottom: 2270 newMoveableBounds: 2270
10-13 12:09:13.424  2983  3075 D MiuiFreeformModeController: avoidForInsetsBottomChangedIfNeed oldMoveableBottom: 2270 newMoveableBounds: 2270
10-13 12:09:13.594  1902  3385 W MIUIInput: Input event injection from package: null action ACTION_DOWN
10-13 12:09:13.598  1902  2612 I ProcessManager: getRenderThreadTidByPid, caller=1902
10-13 12:09:13.601  1902  2612 I ProcessManager: getRenderThreadTidByPid, caller=1902
10-13 12:09:13.695  1902  3385 W MIUIInput: Input event injection from package: null action ACTION_UP
10-13 12:09:13.718  1902  2620 I SmartPower: com.xiaomi.discover/10128(15953): background->idle(3001ms) R(broadcast start Intent { act=android.intent.action.BATTERY_CHANGED flg=0x60000010 (has extras) }) adj=915.
10-13 12:09:13.721  1902  2620 I SmartPower: com.microsoft.teams/10321(21803): background->idle(3001ms) R(broadcast start Intent { act=android.intent.action.BATTERY_CHANGED flg=0x60000010 (has extras) }) adj=905.
10-13 12:09:13.968  1556  1556 I wificond: station_bandwidth: 
10-13 12:09:15.428  1902  3385 W MIUIInput: Input event injection from package: null action ACTION_DOWN
10-13 12:09:15.432  1902  2612 I ProcessManager: getRenderThreadTidByPid, caller=1902
10-13 12:09:15.434  1902  3385 W MIUIInput: Input event injection from package: null action ACTION_UP
10-13 12:09:15.452  1902 23161 I InputMethodManagerService: IMMS.showSoftInput(), client = com.android.internal.inputmethod.IInputMethodClient$Stub$Proxy@6c87480
10-13 12:09:15.452  1902 23161 I InputMethodManagerService: IMMS.showCurrentInputLocked(), flags = 0
10-13 12:09:15.452  1902 23161 D SmartPower: com.google.android.inputmethod.latin/10196(22721): show input method
10-13 12:09:15.452  1902 23161 I SmartPower: com.google.android.inputmethod.latin/10196(22721): background->visible(2053ms) R(show input method) adj=100.
10-13 12:09:15.452  1902 23161 I DefaultImeVisibilityApplier: IMMS.showCurrentInputLocked request ims to show inputMethod.
10-13 12:09:15.453  1902 23267 W PackageConfigPersister: App-specific configuration not found for packageName: com.android.chrome and userId: 0
10-13 12:09:15.459  1902 23267 I InputMethodManagerService: IMMS.showSoftInput(), client = com.android.internal.inputmethod.IInputMethodClient$Stub$Proxy@b28defe
10-13 12:09:15.459  1902 23267 I InputMethodManagerService: IMMS.showCurrentInputLocked(), flags = 0
10-13 12:09:15.459  1902 23267 D SmartPower: com.google.android.inputmethod.latin/10196(22721): show input method
10-13 12:09:15.459  1902 23267 I DefaultImeVisibilityApplier: IMMS.showCurrentInputLocked request ims to show inputMethod.
10-13 12:09:15.530  1902 23161 I InputMethodManagerService: IMMS.showSoftInput(), client = com.android.internal.inputmethod.IInputMethodClient$Stub$Proxy@68058ac
10-13 12:09:15.530  1902 23161 I InputMethodManagerService: IMMS.showCurrentInputLocked(), flags = 0
10-13 12:09:15.530  1902 23161 D SmartPower: com.google.android.inputmethod.latin/10196(22721): show input method
10-13 12:09:15.530  1902 23161 I DefaultImeVisibilityApplier: IMMS.showCurrentInputLocked request ims to show inputMethod.
10-13 12:09:15.540  1902 23267 I InputMethodManagerService: IMMS.showSoftInput(), client = com.android.internal.inputmethod.IInputMethodClient$Stub$Proxy@8afed0a
10-13 12:09:15.540  1902 23267 I InputMethodManagerService: IMMS.showCurrentInputLocked(), flags = 0
10-13 12:09:15.540  1902 23267 D SmartPower: com.google.android.inputmethod.latin/10196(22721): show input method
10-13 12:09:15.540  1902 23267 I DefaultImeVisibilityApplier: IMMS.showCurrentInputLocked request ims to show inputMethod.
10-13 12:09:15.547  1902 23259 I InputMethodManagerService: IMMS.applyImeVisibility(), setVisible = true, mCurclient = ClientState{6052a21 mUid=10190 mPid=9617 mSelfReportedDisplayId=0}
10-13 12:09:15.547  1902 23259 I WindowManager: WMS.showImePostLayout(), imeTarget = Window{75116e2 u0 com.android.chrome/org.chromium.chrome.browser.ChromeTabbedActivity}
10-13 12:09:15.551  1902 23267 D CoreBackPreview: Window{75116e2 u0 com.android.chrome/org.chromium.chrome.browser.ChromeTabbedActivity}: Setting back callback OnBackInvokedCallbackInfo{mCallback=android.window.IOnBackInvokedCallback$Stub$Proxy@cdd297b, mPriority=0, mIsAnimationCallback=false}
10-13 12:09:15.552  1902 23161 W ProcessStats: Tracking association SourceState{dd89775 com.google.android.gms/10175 BTop #459214} whose proc state 2 is better than process ProcessState{6c26b07 com.google.android.adservices.api/10307 pkg=com.google.android.adservices.api} proc state 14 (161 skipped)
10-13 12:09:15.561  1902 23259 I WindowManager: Relayout Window{6a76de5 u0 InputMethod}: oldVis=8 newVis=0 focusMayChange = true requestedWidth = 1080 requestedHeight = 2306 outFrames = ClientWindowFrames{frame=[0,94][1080,2400] display=[0,94][1080,2400] parentFrame=[0,0][0,0]} outSurfaceControl = Surface(name=InputMethod#29316)/@0xb8ae257
10-13 12:09:15.561  2983  3075 D MiuiFreeformModeController: avoidForInsetsBottomChangedIfNeed oldMoveableBottom: 2270 newMoveableBounds: 2270
10-13 12:09:15.567  2983  3075 D MiuiFreeformModeController: avoidForInsetsBottomChangedIfNeed oldMoveableBottom: 2270 newMoveableBounds: 2270
10-13 12:09:15.584  1902 23161 W WindowManager: finishDrawingWindow: Window{6a76de5 u0 InputMethod} mDrawState=DRAW_PENDING
10-13 12:09:15.584  1902 23161 D WindowManager: wms.finishDrawingLocked: mDrawState=COMMIT_DRAW_PENDING Window{6a76de5 u0 InputMethod} in Surface(name=InputMethod#29316)/@0xae7cfd6
10-13 12:09:15.585  1902  3385 I InputMethodManagerService: IMMS.applyImeVisibility(), setVisible = true, mCurclient = ClientState{6052a21 mUid=10190 mPid=9617 mSelfReportedDisplayId=0}
10-13 12:09:15.586  1902  1939 I ImeInsetsSourceProvider: ImeInsetsSourceProvider.scheduleShowImePostLayout() Run showImeRunner.
10-13 12:09:15.586  1902  1939 I ImeInsetsSourceProvider: ImeInsetsSourceProvider.scheduleShowImePostLayout() isReadyToShowIme.
10-13 12:09:15.588  1902  3385 I WindowManager: WMS.showImePostLayout(), imeTarget = Window{75116e2 u0 com.android.chrome/org.chromium.chrome.browser.ChromeTabbedActivity}
10-13 12:09:15.589  1902  2772 I WindowManager: cancelAnimation removed leash : Surface(name=Surface(name=db27a2 NavigationBar0#82)/@0xc1acbf0 - animation-leash of insets_animation#29315)/@0x40d167
10-13 12:09:15.589  2983  3075 D MiuiFreeformModeController: avoidForInsetsBottomChangedIfNeed oldMoveableBottom: 2270 newMoveableBounds: 2270
10-13 12:09:15.589  2983  3075 D ImePositionProcessor: onImeVisibilityChanged     isShowing:  true
10-13 12:09:15.589  1902  3385 I InputMethodManagerService: IMMS.applyImeVisibility(), setVisible = true, mCurclient = ClientState{6052a21 mUid=10190 mPid=9617 mSelfReportedDisplayId=0}
10-13 12:09:15.589  1902  3385 I WindowManager: WMS.showImePostLayout(), imeTarget = Window{75116e2 u0 com.android.chrome/org.chromium.chrome.browser.ChromeTabbedActivity}
10-13 12:09:15.589  2983  3075 D MiuiFreeformModeController: onImeVisibilityChanged imeVisible: true imeHeight: 701 adjustedForRotation:false
10-13 12:09:15.589  2983  3075 D MiuiFreeformModeAvoidAlgorithm: begin autoOrderingAvoidMiniTask
10-13 12:09:15.589  2983  3075 D MiuiFreeformModeAvoidAlgorithm: getCurrMiniPos: SameSideMiniPosList: []
10-13 12:09:15.589  2983  3075 D MiuiFreeformModeAvoidAlgorithm: getCurrMiniPos: SameSideMiniPosList: []
10-13 12:09:15.590  2983  3075 D MiuiFreeformModeAvoidAlgorithm: end autoOrderingAvoidMiniTask res:AvoidResult{distance=0, combination={}, activeTaskPos=Rect(0, 0 - 0, 0)}
10-13 12:09:15.590  1902  1938 I WindowManager: input method visible height changed 701
10-13 12:09:15.591  1902  2338 I ITouchFeature: current device and process support version:2
10-13 12:09:15.591  1902  1938 W WindowManager: real show surface:Surface(name=InputMethod#29316)/@0xae7cfd6
10-13 12:09:15.591  1902  1938 I ImeInsetsSourceProvider: ImeInsetsSourceProvider.scheduleShowImePostLayout() Run showImeRunner.
10-13 12:09:15.591  1902  1938 I ImeInsetsSourceProvider: ImeInsetsSourceProvider.scheduleShowImePostLayout() isReadyToShowIme.
10-13 12:09:15.594  1902  3385 I InputMethodManagerService: IMMS.applyImeVisibility(), setVisible = true, mCurclient = ClientState{6052a21 mUid=10190 mPid=9617 mSelfReportedDisplayId=0}
10-13 12:09:15.595  1902  3385 I WindowManager: WMS.showImePostLayout(), imeTarget = Window{75116e2 u0 com.android.chrome/org.chromium.chrome.browser.ChromeTabbedActivity}
10-13 12:09:15.596  1902  1939 I ImeInsetsSourceProvider: ImeInsetsSourceProvider.scheduleShowImePostLayout() Run showImeRunner.
10-13 12:09:15.596  1902  1939 I ImeInsetsSourceProvider: ImeInsetsSourceProvider.scheduleShowImePostLayout() isReadyToShowIme.
10-13 12:09:15.607  2983  3075 D OneHandedController: stopOneHanded state is 0
10-13 12:09:16.459  1902  2772 D WindowManagerService: checkFlipFullScreenChange is same, nowIsFullScreen = false
10-13 12:09:16.486  1902  2772 D WindowManagerService: checkFlipFullScreenChange is same, nowIsFullScreen = false
10-13 12:09:16.518  1902  2772 W MIUIInput: Input event injection from package: null action ACTION_DOWN keycode 66
10-13 12:09:16.518  1902  2772 W MiuiInputKeyEventLog: keyCode:66 down:true eventTime:147184598 downTime:147184598 policyFlags:2b000000 flags:0 metaState:0 deviceId:-1 isScreenOn:true keyguardActive:false repeatCount:0
10-13 12:09:16.526  1902  2772 W MIUIInput: Input event injection from package: null action ACTION_UP keycode 66
10-13 12:09:16.526  1902  2772 W MiuiInputKeyEventLog: keyCode:66 down:false eventTime:147184598 downTime:147184598 policyFlags:2b000000 flags:0 metaState:0 deviceId:-1 isScreenOn:true keyguardActive:false repeatCount:0
10-13 12:09:16.685  1902  3385 D SchedBoost: com.android.chrome:sandboxed_process0:org.chromium.content.app.SandboxedProcessService0:18 boosting, skip reset priority
10-13 12:09:16.686  1902  3385 I InputMethodManagerService: IMMS.applyImeVisibility(), setVisible = false, mCurclient = ClientState{6052a21 mUid=10190 mPid=9617 mSelfReportedDisplayId=0}
10-13 12:09:16.693  1902  3385 W PackageConfigPersister: App-specific configuration not found for packageName: com.android.chrome and userId: 0
10-13 12:09:16.712  1902  2772 D CoreBackPreview: Window{75116e2 u0 com.android.chrome/org.chromium.chrome.browser.ChromeTabbedActivity}: Setting back callback OnBackInvokedCallbackInfo{mCallback=android.window.IOnBackInvokedCallback$Stub$Proxy@4ad9d0c, mPriority=0, mIsAnimationCallback=true}
10-13 12:09:16.713  2983  3075 D MiuiFreeformModeController: avoidForInsetsBottomChangedIfNeed oldMoveableBottom: 2270 newMoveableBounds: 2270
10-13 12:09:16.713  2983  3075 D ImePositionProcessor: onImeVisibilityChanged     isShowing:  false
10-13 12:09:16.714  1902  1939 I WindowManager: input method visible height changed 0
10-13 12:09:16.714  2983  3075 D MiuiFreeformModeController: onImeVisibilityChanged imeVisible: false imeHeight: 0 adjustedForRotation:false
10-13 12:09:16.714  2983  3075 D MiuiFreeformModeAvoidAlgorithm: begin autoOrderingAvoidMiniTask
10-13 12:09:16.714  2983  3075 D MiuiFreeformModeAvoidAlgorithm: getCurrMiniPos: SameSideMiniPosList: []
10-13 12:09:16.714  2983  3075 D MiuiFreeformModeAvoidAlgorithm: getCurrMiniPos: SameSideMiniPosList: []
10-13 12:09:16.714  2983  3075 D MiuiFreeformModeAvoidAlgorithm: end autoOrderingAvoidMiniTask res:AvoidResult{distance=0, combination={}, activeTaskPos=Rect(0, 0 - 0, 0)}
10-13 12:09:16.715  1902  2338 I ITouchFeature: current device and process support version:2
10-13 12:09:16.979  1556  1556 I wificond: station_bandwidth: 
10-13 12:09:17.235  1902  2697 I SmartPower: com.google.android.inputmethod.latin/10196(22721): visible->invisible(1784ms) R(become invisible) adj=100.
10-13 12:09:17.236  1902  2697 I SmartPower: com.google.android.inputmethod.latin/10196(22721): invisible->background(0ms) R(become background) adj=100.
10-13 12:09:17.240  2983  3075 D MiuiFreeformModeController: avoidForInsetsBottomChangedIfNeed oldMoveableBottom: 2270 newMoveableBounds: 2270
10-13 12:09:17.251  2983  3075 D MiuiFreeformModeController: avoidForInsetsBottomChangedIfNeed oldMoveableBottom: 2270 newMoveableBounds: 2270
10-13 12:09:17.942  1902  2697 W MIUIInput: Input event injection from package: null action ACTION_DOWN
10-13 12:09:17.946  1902  2612 I ProcessManager: getRenderThreadTidByPid, caller=1902
10-13 12:09:17.948  1902  2612 I ProcessManager: getRenderThreadTidByPid, caller=1902
10-13 12:09:18.039  1902  2697 W MIUIInput: Input event injection from package: null action ACTION_UP
10-13 12:09:18.276  1902  1902 D UiModeManager: updateConfigurationLocked: mDockState=0; mCarMode=false; mCar=false; mPowerSave=false; mOverrideNightModeOn=false; mOverrideNightModeOff=false; mComputedNightMode=false; mNightMode=1; uiMode=17
10-13 12:09:18.773  1902  1954 I SmartPower: com.xiaomi.discover/10128(15953): idle->background(5055ms) R(broadcast start Intent { act=android.intent.action.BATTERY_CHANGED flg=0x60000010 (has extras) }) adj=915.
10-13 12:09:18.774  1902  1954 I SmartPower: com.microsoft.teams/10321(21803): idle->background(5053ms) R(broadcast start Intent { act=android.intent.action.BATTERY_CHANGED flg=0x60000010 (has extras) }) adj=905.
10-13 12:09:18.905  1902  2697 W MIUIInput: Input event injection from package: null action ACTION_DOWN
10-13 12:09:18.907  1902  2612 I ProcessManager: getRenderThreadTidByPid, caller=1902
10-13 12:09:18.909  1902  2612 I ProcessManager: getRenderThreadTidByPid, caller=1902
10-13 12:09:19.000  1902  2697 W MIUIInput: Input event injection from package: null action ACTION_UP
10-13 12:09:19.864  1902  2697 W MIUIInput: Input event injection from package: null action ACTION_DOWN
10-13 12:09:19.865  1902  2612 I ProcessManager: getRenderThreadTidByPid, caller=1902
10-13 12:09:19.867  1902  2612 I ProcessManager: getRenderThreadTidByPid, caller=1902
10-13 12:09:19.957  1902  2697 W MIUIInput: Input event injection from package: null action ACTION_UP
10-13 12:09:19.994  1556  1556 I wificond: station_bandwidth: 
10-13 12:09:20.237  1902  2620 I SmartPower: com.google.android.inputmethod.latin/10196(22721): background->idle(3002ms) R(become invisible) adj=100.
10-13 12:09:20.822  1902 23267 W MIUIInput: Input event injection from package: null action ACTION_DOWN
10-13 12:09:20.824  1902  2612 I ProcessManager: getRenderThreadTidByPid, caller=1902
10-13 12:09:20.826  1902  2612 I ProcessManager: getRenderThreadTidByPid, caller=1902
10-13 12:09:20.916  1902 23267 W MIUIInput: Input event injection from package: null action ACTION_UP
10-13 12:09:21.773  1902  2620 I SmartPower: com.xiaomi.discover/10128(15953): background->idle(3000ms) R(broadcast start Intent { act=android.intent.action.BATTERY_CHANGED flg=0x60000010 (has extras) }) adj=915.
10-13 12:09:21.775  1902  2620 I SmartPower: com.microsoft.teams/10321(21803): background->idle(3001ms) R(broadcast start Intent { act=android.intent.action.BATTERY_CHANGED flg=0x60000010 (has extras) }) adj=905.
10-13 12:09:21.789  1902 23267 W MIUIInput: Input event injection from package: null action ACTION_DOWN
10-13 12:09:21.791  1902  2612 I ProcessManager: getRenderThreadTidByPid, caller=1902
10-13 12:09:21.793  1902  2612 I ProcessManager: getRenderThreadTidByPid, caller=1902
10-13 12:09:21.883  1902 23267 W MIUIInput: Input event injection from package: null action ACTION_UP
10-13 12:09:22.748  1902 23267 W MIUIInput: Input event injection from package: null action ACTION_DOWN
10-13 12:09:22.750  1902  2612 I ProcessManager: getRenderThreadTidByPid, caller=1902
10-13 12:09:22.752  1902  2612 I ProcessManager: getRenderThreadTidByPid, caller=1902
10-13 12:09:22.841  1902 23267 W MIUIInput: Input event injection from package: null action ACTION_UP
10-13 12:09:23.013  1556  1556 I wificond: station_bandwidth: 
10-13 12:09:23.117  2983  3211 W ContextImpl: Calling a method in the system process without a qualified user: android.app.ContextImpl.bindService:1999 android.content.ContextWrapper.bindService:872 android.service.quickaccesswallet.QuickAccessWalletClientImpl.lambda$connectInternal$2:369 android.service.quickaccesswallet.QuickAccessWalletClientImpl.$r8$lambda$xqGx39K5PyGhxgPjBT-OfB2yTag:0 android.service.quickaccesswallet.QuickAccessWalletClientImpl$$ExternalSyntheticLambda7.run:6 
10-13 12:09:23.417  1902  2336 D AlarmManager: mBroadcastRefCount -> 1
10-13 12:09:23.426  1902  1902 D AlarmManager: mBroadcastRefCount -> 0
10-13 12:09:23.426  1902  1902 D AlarmManager: mPendingIntent -> PendingIntent{f5ab6b7: PendingIntentRecord{5d5be24 android broadcastIntent}}
10-13 12:09:23.781  1902 23267 W MIUIInput: Input event injection from package: null action ACTION_DOWN
10-13 12:09:23.783  1902  2612 I ProcessManager: getRenderThreadTidByPid, caller=1902
10-13 12:09:23.784  1902 23267 W MIUIInput: Input event injection from package: null action ACTION_UP
10-13 12:09:23.963  1902 23259 D CompatibilityChangeReporter: Compat change id reported: 265464455; UID 10390; state: DISABLED
10-13 12:09:23.963  1902 23259 D CompatibilityChangeReporter: Compat change id reported: 265452344; UID 10390; state: DISABLED
10-13 12:09:23.963  1902 23259 D CompatibilityChangeReporter: Compat change id reported: 266124927; UID 10390; state: DISABLED
10-13 12:09:23.963  1902 23259 D CompatibilityChangeReporter: Compat change id reported: 265451093; UID 10390; state: DISABLED
10-13 12:09:23.963  1902 23259 D CompatibilityChangeReporter: Compat change id reported: 265456536; UID 10390; state: DISABLED
10-13 12:09:23.964  1902 23259 D CompatibilityChangeReporter: Compat change id reported: 255940284; UID 10390; state: DISABLED
10-13 12:09:23.964  1902 23259 D CompatibilityChangeReporter: Compat change id reported: 236283604; UID 10390; state: DISABLED
10-13 12:09:23.964  1902 23259 D CompatibilityChangeReporter: Compat change id reported: 263959004; UID 10390; state: DISABLED
10-13 12:09:23.964  1902 23259 D CompatibilityChangeReporter: Compat change id reported: 264304459; UID 10390; state: DISABLED
10-13 12:09:23.964  1902 23259 D CompatibilityChangeReporter: Compat change id reported: 264301586; UID 10390; state: DISABLED
10-13 12:09:23.964  1902 23259 D CompatibilityChangeReporter: Compat change id reported: 254631730; UID 10390; state: DISABLED
10-13 12:09:23.964  1902 23259 D CompatibilityChangeReporter: Compat change id reported: 273509367; UID 10390; state: DISABLED
10-13 12:09:23.964  1902 23259 D CompatibilityChangeReporter: Compat change id reported: 263259275; UID 10390; state: DISABLED
10-13 12:09:23.964  1902 23259 D CompatibilityChangeReporter: Compat change id reported: 174042980; UID 10390; state: DISABLED
10-13 12:09:23.964  1902 23259 D CompatibilityChangeReporter: Compat change id reported: 174042936; UID 10390; state: DISABLED
10-13 12:09:23.964  1902 23259 D CompatibilityChangeReporter: Compat change id reported: 181136395; UID 10390; state: DISABLED
10-13 12:09:23.964  1902 23259 D CompatibilityChangeReporter: Compat change id reported: 194480991; UID 10390; state: ENABLED
10-13 12:09:23.965  1902 23259 I SmartPower: eu.europa.ec.euidi/10390(16633): idle->invisible(19749ms) R(become foreground) adj=700.
10-13 12:09:23.965  1902 23259 D WindowManager: Collecting in transition 1721: ActivityRecord{bd4b9be u0 eu.europa.ec.euidi/eu.europa.ec.assemblylogic.ui.MainActivity init visibleRequested:false
10-13 12:09:23.966  1902 23259 D MiuiFreeFormManagerService: activeOrFullscreenFreeformTaskIfNeed startDefaultAr:false
10-13 12:09:23.966  1902 23259 D MiuiFreeFormManagerService: onStartActivityInner as = Task{eed9c01 #791 type=standard A=10390:eu.europa.ec.euidi} op = null
10-13 12:09:23.967  1902 23259 D WindowManagerService: checkFlipFullScreenChange is same, nowIsFullScreen = false
10-13 12:09:23.967  1902 23259 W WindowManager: Changing focus from Window{75116e2 u0 com.android.chrome/org.chromium.chrome.browser.ChromeTabbedActivity} to null displayId=0 Callers=com.android.server.wm.RootWindowContainer.updateFocusedWindowLocked:557 com.android.server.wm.WindowManagerService.updateFocusedWindowLocked:6962 com.android.server.wm.ActivityTaskManagerService.setLastResumedActivityUncheckLocked:5565 com.android.server.wm.ActivityRecord.moveFocusableActivityToTop:4045 
10-13 12:09:23.968  1902 23259 D WindowManager: wms.Input focus has changed to null display=0 updateInputWindows = true
10-13 12:09:23.968  1902 23259 I MultiSenceManagerInternalStub: getInstance
10-13 12:09:23.968  1902 23259 D WindowManager: setLockTaskAuth: task=Task{eed9c01 #791 type=standard A=10390:eu.europa.ec.euidi} mLockTaskAuth=LOCK_TASK_AUTH_PINNABLE
10-13 12:09:23.976  1902 23259 D WindowManager: Collecting in transition 1721: ActivityRecord{bd4b9be u0 eu.europa.ec.euidi/eu.europa.ec.assemblylogic.ui.MainActivity t-1} init visibleRequested:false
10-13 12:09:23.976  1902 23259 D WindowManager: Requesting StartTransition: TransitionRecord{11f2a1f id=1721 type=OPEN flags=0x0}
10-13 12:09:23.978  1902 23259 D CompatibilityChangeReporter: Compat change id reported: 194833441; UID 10390; state: ENABLED
10-13 12:09:23.978  2983  3075 I SoScUtils: monitorTransitionRequest mRequestOpenTransition:null mRequestOpenTriggerTask:-1 mRequestCloseTransition:null mRequestCloseTriggerTask:-1 mRequestCloseStageType:-1
