10-08 13:18:39.912  2042  6981 D CompatibilityChangeReporter: Compat change id reported: 170503758; UID 10084; state: ENABLED
10-08 13:18:39.918  2042  2074 D DisplayManagerService: Drop pending events for gone uid 90009
10-08 13:18:39.927  2042  2074 D DisplayManagerService: Drop pending events for gone uid 90001
10-08 13:18:39.927  2042  3110 D ActivityManager: checkAllowBackground: uid=1000 pkg=android rec=UidRecord{b77cac0 1000 PER  fgServices change:procadj procs:0 seq(269383,0)} caps=LCMNFU always=false idle=false
10-08 13:18:39.932  2042  6997 D CompatibilityChangeReporter: Compat change id reported: 170503758; UID 10294; state: ENABLED
10-08 13:18:39.945  2042  4565 D CompatibilityChangeReporter: Compat change id reported: 161145287; UID 10213; state: ENABLED
10-08 13:18:39.948  2042  7002 D CompatibilityChangeReporter: Compat change id reported: 168936375; UID 10273; state: ENABLED
10-08 13:18:39.954  2042  2074 D DisplayManagerService: Drop pending events for gone uid 90005
10-08 13:18:39.970  2042  7002 D ActivityManager: checkAllowBackground: uid=10308 pkg=com.mi.globalminusscreen rec=UidRecord{e52550c u0a308 BTOP change:procadj procs:0 seq(269394,267183)} caps=---NFU always=true idle=false
10-08 13:18:39.970  2042  7002 I ActivityManager: App 10308/com.mi.globalminusscreen targets O+, restricted
10-08 13:18:39.970  2042  7002 D ActivityManager: checkAllowBackground: uid=10308 pkg=com.mi.globalminusscreen startMode=2 onallowlist=false onallowlist(ei)=false
10-08 13:18:39.973  2042  2074 D DisplayManagerService: Drop pending events for gone uid 90008
10-08 13:18:39.980  2042  2074 D DisplayManagerService: Drop pending events for gone uid 90003
10-08 13:18:39.989  2042  7000 D CompatibilityChangeReporter: Compat change id reported: 135634846; UID 10108; state: DISABLED
10-08 13:18:39.989  2042  7000 D CompatibilityChangeReporter: Compat change id reported: 177438394; UID 10108; state: DISABLED
10-08 13:18:39.989  2042  7000 D CompatibilityChangeReporter: Compat change id reported: 135772972; UID 10108; state: DISABLED
10-08 13:18:39.989  2042  7000 D CompatibilityChangeReporter: Compat change id reported: 135754954; UID 10108; state: ENABLED
10-08 13:18:39.990  2042  2788 D CompatibilityChangeReporter: Compat change id reported: 143937733; UID 10108; state: ENABLED
10-08 13:18:39.993  2042  2074 D DisplayManagerService: Drop pending events for gone uid 90004
10-08 13:18:39.993  2042  2074 D DisplayManagerService: Drop pending events for gone uid 90006
10-08 13:18:40.005  2042  2788 I ActivityManager: Start proc 20728:com.android.htmlviewer:remote/u0a108 for content provider {com.android.htmlviewer/com.android.settings.cloud.CloudSettingsProvider} caller=com.miui.misightservice
10-08 13:18:40.012  2042  2074 D DisplayManagerService: Drop pending events for gone uid 90007
10-08 13:18:40.035  2042  8104 W ContentProviderHelper: Remote provider process for com.android.settings.cloud.CloudSettingsProvider [launchingApp:ProcessRecord{29e3d37 20728:com.android.htmlviewer:remote/u0a108} isKilled: false], caller is ProcessRecord{132d3dc 8645:com.miui.securitycenter.remote/1000}
10-08 13:18:40.040  2042  6982 I ActivityManager: Flag disabled. Ignoring finishAttachApplication from uid: 1000. pid: 20511
10-08 13:18:40.058  2042  3110 D ActivityManager: checkAllowBackground: uid=10273 pkg=com.google.android.as rec=UidRecord{500a4dd u0a273 BFGS change:procadj procs:0 seq(269618,269102)} caps=LCMNFU always=false idle=false
10-08 13:18:40.060  2042  8104 D ActivityManager: checkAllowBackground: uid=10163 pkg=com.google.android.gms rec=UidRecord{3efeecd u0a163 BTOP change:procadj procs:0 seq(269631,147449)} caps=LCMNFU always=false idle=false
10-08 13:18:40.066  2042  6982 W JobScheduler: Job didn't exist in JobStore: 
10-08 13:18:40.114  2042  6878 D ActivityManager: checkAllowBackground: uid=10308 pkg=com.mi.globalminusscreen rec=UidRecord{e52550c u0a308 BTOP change:procadj procs:0 seq(269614,267183)} caps=---NFU always=true idle=false
10-08 13:18:40.114  2042  6878 I ActivityManager: App 10308/com.mi.globalminusscreen targets O+, restricted
10-08 13:18:40.114  2042  6878 D ActivityManager: checkAllowBackground: uid=10308 pkg=com.mi.globalminusscreen startMode=2 onallowlist=false onallowlist(ei)=false
10-08 13:18:40.119  2042  4565 I WindowManager: WIN DEATH: Window{9bf3dc1 u0 com.android.chrome/org.chromium.chrome.browser.ChromeTabbedActivity}
10-08 13:18:40.123  2042  6997 D ActivityManager: checkAllowBackground: uid=10308 pkg=com.mi.globalminusscreen rec=UidRecord{e52550c u0a308 BTOP change:procadj procs:0 seq(269614,267183)} caps=---NFU always=true idle=false
10-08 13:18:40.123  2042  6997 I ActivityManager: App 10308/com.mi.globalminusscreen targets O+, restricted
10-08 13:18:40.123  2042  6997 D ActivityManager: checkAllowBackground: uid=10308 pkg=com.mi.globalminusscreen startMode=2 onallowlist=false onallowlist(ei)=false
10-08 13:18:40.125  2042  3515 E ProcessManager: error write exception log
10-08 13:18:40.129  2042  4565 D ActivityManager: checkAllowBackground: uid=10273 pkg=com.google.android.as rec=UidRecord{500a4dd u0a273 BFGS change:procadj procs:0 seq(269657,269102)} caps=LCMNFU always=false idle=false
10-08 13:18:40.130  2042  4565 I ActivityManager: Flag disabled. Ignoring finishAttachApplication from uid: 10294. pid: 20677
10-08 13:18:40.136  2042  2074 D DisplayManagerService: Drop pending events for gone uid 10172
10-08 13:18:40.140  2042  3109 W UsageStatsService: Unexpected activity event reported! (com.android.chrome/org.chromium.chrome.browser.ChromeTabbedActivity event : 23 instanceId : 15444618)
10-08 13:18:40.141  2042  2693 W ActivityTaskManager: Can't find TaskDisplayArea to determine support for multi window. Task id=6344 attached=false
10-08 13:18:40.141  2042  7000 D CompatibilityChangeReporter: Compat change id reported: 319212206; UID 1000; state: DISABLED
10-08 13:18:40.141  4304  4484 D MiuiFullScreenTaskRepository: removeFullScreenTask taskId=6344, topActivity=null
10-08 13:18:40.142  4304  4484 D MiuiWindowDecorViewModel: destroyWindowDecoration: taskId=6344, windowingMode=1, mWindowDecorByTaskId.size()=0, callers=com.android.wm.shell.fullscreen.FullscreenTaskListener.onTaskVanished:143 com.android.wm.shell.ShellTaskOrganizer.onTaskVanished:138 android.window.TaskOrganizer$1.lambda$onTaskVanished$5:391 android.window.TaskOrganizer$1.$r8$lambda$cnLAmEuLf_BQ_jFuhQbGGs5ghXo:0 android.window.TaskOrganizer$1$$ExternalSyntheticLambda14.run:4 
10-08 13:18:40.143  2042  7000 D CompatibilityChangeReporter: Compat change id reported: 319212206; UID 1000; state: ENABLED
10-08 13:18:40.146  2042  6997 D ActivityManager: checkAllowBackground: uid=10308 pkg=com.mi.globalminusscreen rec=UidRecord{e52550c u0a308 BTOP change:procadj procs:0 seq(269664,267183)} caps=---NFU always=true idle=false
10-08 13:18:40.146  2042  6997 I ActivityManager: App 10308/com.mi.globalminusscreen targets O+, restricted
10-08 13:18:40.146  2042  6997 D ActivityManager: checkAllowBackground: uid=10308 pkg=com.mi.globalminusscreen startMode=2 onallowlist=false onallowlist(ei)=false
10-08 13:18:40.158  2042  4565 I SmartPower: com.android.htmlviewer:remote/10108(20728): died->background(2772ms) R(process start ) adj=-10000.
10-08 13:18:40.160  2042  4565 D CompatibilityChangeReporter: Compat change id reported: 168419799; UID 10108; state: DISABLED
10-08 13:18:40.161  2042  4565 D CompatibilityChangeReporter: Compat change id reported: 273564678; UID 10108; state: DISABLED
10-08 13:18:40.164  2042  3110 D CompatibilityChangeReporter: Compat change id reported: 265195908; UID 10183; state: ENABLED
10-08 13:18:40.165  2042  3500 D isUidValid: uid = 10108
10-08 13:18:40.170 20511 20511 D MiSight:JobDispatcher: cancelAllJobs(): jobId=90005
10-08 13:18:40.170  2042  3110 D ActivityManager: checkAllowBackground: uid=10273 pkg=com.google.android.as rec=UidRecord{500a4dd u0a273 BFGS change:procadj procs:0 seq(269668,269102)} caps=LCMNFU always=false idle=false
10-08 13:18:40.172 20511 20511 D MiSight:JobDispatcher: cancelAllJobs(): jobId=90001
10-08 13:18:40.173  2042  7010 D ActivityManager: checkAllowBackground: uid=10308 pkg=com.mi.globalminusscreen rec=UidRecord{e52550c u0a308 BTOP change:procadj procs:0 seq(269664,267183)} caps=---NFU always=true idle=false
10-08 13:18:40.173  2042  7010 I ActivityManager: App 10308/com.mi.globalminusscreen targets O+, restricted
10-08 13:18:40.173  2042  7010 D ActivityManager: checkAllowBackground: uid=10308 pkg=com.mi.globalminusscreen startMode=2 onallowlist=false onallowlist(ei)=false
10-08 13:18:40.174  2042  4100 D ActivityManager: checkAllowBackground: uid=10163 pkg=com.google.android.gms rec=UidRecord{3efeecd u0a163 BTOP change:procadj procs:0 seq(269708,147449)} caps=LCMNFU always=false idle=false
10-08 13:18:40.176  2042  3110 D ActivityManager: checkAllowBackground: uid=10273 pkg=com.google.android.as rec=UidRecord{500a4dd u0a273 BFGS change:procadj procs:0 seq(269668,269102)} caps=LCMNFU always=false idle=false
10-08 13:18:40.183  2042  7010 D CompatibilityChangeReporter: Compat change id reported: 170503758; UID 10108; state: ENABLED
10-08 13:18:40.209  2042  4079 D ActivityManager: checkAllowBackground: uid=1000 pkg=com.miui.misightservice rec=UidRecord{b77cac0 1000 PER  fgServices change:procadj procs:0 seq(269707,0)} caps=LCMNFU always=false idle=false
10-08 13:18:40.211  2042  4100 D ActivityManager: checkAllowBackground: uid=10308 pkg=com.mi.globalminusscreen rec=UidRecord{e52550c u0a308 BTOP change:procadj procs:0 seq(269664,267183)} caps=---NFU always=true idle=false
10-08 13:18:40.211  2042  4100 I ActivityManager: App 10308/com.mi.globalminusscreen targets O+, restricted
10-08 13:18:40.211  2042  4100 D ActivityManager: checkAllowBackground: uid=10308 pkg=com.mi.globalminusscreen startMode=2 onallowlist=false onallowlist(ei)=false
10-08 13:18:40.213  2042  7010 D ActivityManager: checkAllowBackground: uid=10273 pkg=com.google.android.as rec=UidRecord{500a4dd u0a273 BFGS change:procadj procs:0 seq(269710,269102)} caps=LCMNFU always=false idle=false
10-08 13:18:40.221  2042  4100 D ActivityManager: checkAllowBackground: uid=10308 pkg=com.mi.globalminusscreen rec=UidRecord{e52550c u0a308 BTOP change:procadj procs:0 seq(269664,267183)} caps=---NFU always=true idle=false
10-08 13:18:40.221  2042  4100 I ActivityManager: App 10308/com.mi.globalminusscreen targets O+, restricted
10-08 13:18:40.221  2042  4100 D ActivityManager: checkAllowBackground: uid=10308 pkg=com.mi.globalminusscreen startMode=2 onallowlist=false onallowlist(ei)=false
10-08 13:18:40.225  2042  7010 D ActivityManager: checkAllowBackground: uid=10308 pkg=com.mi.globalminusscreen rec=UidRecord{e52550c u0a308 BTOP change:procadj procs:0 seq(269664,267183)} caps=---NFU always=true idle=false
10-08 13:18:40.225  2042  7010 I ActivityManager: App 10308/com.mi.globalminusscreen targets O+, restricted
10-08 13:18:40.225  2042  7010 D ActivityManager: checkAllowBackground: uid=10308 pkg=com.mi.globalminusscreen startMode=2 onallowlist=false onallowlist(ei)=false
10-08 13:18:40.229  2042  4100 D ActivityManager: checkAllowBackground: uid=10308 pkg=com.mi.globalminusscreen rec=UidRecord{e52550c u0a308 BTOP change:procadj procs:0 seq(269664,267183)} caps=---NFU always=true idle=false
10-08 13:18:40.229  2042  4100 I ActivityManager: App 10308/com.mi.globalminusscreen targets O+, restricted
10-08 13:18:40.229  2042  4100 D ActivityManager: checkAllowBackground: uid=10308 pkg=com.mi.globalminusscreen startMode=2 onallowlist=false onallowlist(ei)=false
10-08 13:18:40.230  2042  4079 D ActivityManager: checkAllowBackground: uid=10308 pkg=com.mi.globalminusscreen rec=UidRecord{e52550c u0a308 BTOP change:procadj procs:0 seq(269664,267183)} caps=---NFU always=true idle=false
10-08 13:18:40.230  2042  4079 I ActivityManager: App 10308/com.mi.globalminusscreen targets O+, restricted
10-08 13:18:40.232  2042  4079 D ActivityManager: checkAllowBackground: uid=10308 pkg=com.mi.globalminusscreen startMode=2 onallowlist=false onallowlist(ei)=false
10-08 13:18:40.243 20511 20511 W ContextImpl: Calling a method in the system process without a qualified user: android.app.ContextImpl.startService:1910 android.content.ContextWrapper.startService:836 com.miui.misightservice.MiSightManagerService.onStartCommand:361 android.app.ActivityThread.handleServiceArgs:5073 android.app.ActivityThread.-$$Nest$mhandleServiceArgs:0 
10-08 13:18:40.244  2042  7043 D ActivityManager: checkAllowBackground: uid=1000 pkg=com.miui.misightservice rec=UidRecord{b77cac0 1000 PER  fgServices change:procadj procs:0 seq(269707,0)} caps=LCMNFU always=false idle=false
10-08 13:18:40.245  2042  4565 D ActivityManager: checkAllowBackground: uid=10308 pkg=com.mi.globalminusscreen rec=UidRecord{e52550c u0a308 BTOP change:procadj procs:0 seq(269664,267183)} caps=---NFU always=true idle=false
10-08 13:18:40.245  2042  4565 I ActivityManager: App 10308/com.mi.globalminusscreen targets O+, restricted
10-08 13:18:40.246  2042  4565 D ActivityManager: checkAllowBackground: uid=10308 pkg=com.mi.globalminusscreen startMode=2 onallowlist=false onallowlist(ei)=false
10-08 13:18:40.254  2042  4565 D ActivityManager: checkAllowBackground: uid=10308 pkg=com.mi.globalminusscreen rec=UidRecord{e52550c u0a308 BTOP change:procadj procs:0 seq(269664,267183)} caps=---NFU always=true idle=false
10-08 13:18:40.254  2042  4565 I ActivityManager: App 10308/com.mi.globalminusscreen targets O+, restricted
10-08 13:18:40.254  2042  4565 D ActivityManager: checkAllowBackground: uid=10308 pkg=com.mi.globalminusscreen startMode=2 onallowlist=false onallowlist(ei)=false
10-08 13:18:40.262  2042  2787 D ActivityManager: checkAllowBackground: uid=10308 pkg=com.mi.globalminusscreen rec=UidRecord{e52550c u0a308 BTOP change:procadj procs:0 seq(269716,267183)} caps=---NFU always=true idle=false
10-08 13:18:40.262  2042  2787 I ActivityManager: App 10308/com.mi.globalminusscreen targets O+, restricted
10-08 13:18:40.262  2042  2787 D ActivityManager: checkAllowBackground: uid=10308 pkg=com.mi.globalminusscreen startMode=2 onallowlist=false onallowlist(ei)=false
10-08 13:18:40.280  2042  4565 D ActivityManager: checkAllowBackground: uid=10308 pkg=com.mi.globalminusscreen rec=UidRecord{e52550c u0a308 BTOP change:procadj procs:0 seq(269722,267183)} caps=---NFU always=true idle=false
10-08 13:18:40.280  2042  4565 I ActivityManager: App 10308/com.mi.globalminusscreen targets O+, restricted
10-08 13:18:40.280  2042  4565 D ActivityManager: checkAllowBackground: uid=10308 pkg=com.mi.globalminusscreen startMode=2 onallowlist=false onallowlist(ei)=false
10-08 13:18:40.286  2042  4565 D ActivityManager: checkAllowBackground: uid=10308 pkg=com.mi.globalminusscreen rec=UidRecord{e52550c u0a308 BTOP change:procadj procs:0 seq(269722,267183)} caps=---NFU always=true idle=false
10-08 13:18:40.286  2042  4565 I ActivityManager: App 10308/com.mi.globalminusscreen targets O+, restricted
10-08 13:18:40.286  2042  4565 D ActivityManager: checkAllowBackground: uid=10308 pkg=com.mi.globalminusscreen startMode=2 onallowlist=false onallowlist(ei)=false
10-08 13:18:40.287  2042  4565 D ActivityManager: checkAllowBackground: uid=10308 pkg=com.mi.globalminusscreen rec=UidRecord{e52550c u0a308 BTOP change:procadj procs:0 seq(269722,267183)} caps=---NFU always=true idle=false
10-08 13:18:40.287  2042  4565 I ActivityManager: App 10308/com.mi.globalminusscreen targets O+, restricted
10-08 13:18:40.287  2042  4565 D ActivityManager: checkAllowBackground: uid=10308 pkg=com.mi.globalminusscreen startMode=2 onallowlist=false onallowlist(ei)=false
10-08 13:18:40.296  2042  4565 D ActivityManager: checkAllowBackground: uid=10308 pkg=com.mi.globalminusscreen rec=UidRecord{e52550c u0a308 BTOP change:procadj procs:0 seq(269722,267183)} caps=---NFU always=true idle=false
10-08 13:18:40.296  2042  4565 I ActivityManager: App 10308/com.mi.globalminusscreen targets O+, restricted
10-08 13:18:40.296  2042  4565 D ActivityManager: checkAllowBackground: uid=10308 pkg=com.mi.globalminusscreen startMode=2 onallowlist=false onallowlist(ei)=false
10-08 13:18:40.300  2042  4079 D ActivityManager: checkAllowBackground: uid=10308 pkg=com.mi.globalminusscreen rec=UidRecord{e52550c u0a308 BTOP change:procadj procs:0 seq(269722,267183)} caps=---NFU always=true idle=false
10-08 13:18:40.300  2042  4079 I ActivityManager: App 10308/com.mi.globalminusscreen targets O+, restricted
10-08 13:18:40.300  2042  4079 D ActivityManager: checkAllowBackground: uid=10308 pkg=com.mi.globalminusscreen startMode=2 onallowlist=false onallowlist(ei)=false
10-08 13:18:40.302  2042  4079 D ActivityManager: checkAllowBackground: uid=10308 pkg=com.mi.globalminusscreen rec=UidRecord{e52550c u0a308 BTOP change:procadj procs:0 seq(269722,267183)} caps=---NFU always=true idle=false
10-08 13:18:40.302  2042  4079 I ActivityManager: App 10308/com.mi.globalminusscreen targets O+, restricted
10-08 13:18:40.302  2042  4079 D ActivityManager: checkAllowBackground: uid=10308 pkg=com.mi.globalminusscreen startMode=2 onallowlist=false onallowlist(ei)=false
10-08 13:18:40.303  2042  4079 D ActivityManager: checkAllowBackground: uid=10308 pkg=com.mi.globalminusscreen rec=UidRecord{e52550c u0a308 BTOP change:procadj procs:0 seq(269722,267183)} caps=---NFU always=true idle=false
10-08 13:18:40.303  2042  4079 I ActivityManager: App 10308/com.mi.globalminusscreen targets O+, restricted
10-08 13:18:40.303  2042  4079 D ActivityManager: checkAllowBackground: uid=10308 pkg=com.mi.globalminusscreen startMode=2 onallowlist=false onallowlist(ei)=false
10-08 13:18:40.305  2042  4079 D ActivityManager: checkAllowBackground: uid=10308 pkg=com.mi.globalminusscreen rec=UidRecord{e52550c u0a308 BTOP change:procadj procs:0 seq(269722,267183)} caps=---NFU always=true idle=false
10-08 13:18:40.305  2042  4079 I ActivityManager: App 10308/com.mi.globalminusscreen targets O+, restricted
10-08 13:18:40.305  2042  4079 D ActivityManager: checkAllowBackground: uid=10308 pkg=com.mi.globalminusscreen startMode=2 onallowlist=false onallowlist(ei)=false
10-08 13:18:40.308  2042  4079 D ActivityManager: checkAllowBackground: uid=10308 pkg=com.mi.globalminusscreen rec=UidRecord{e52550c u0a308 BTOP change:procadj procs:0 seq(269722,267183)} caps=---NFU always=true idle=false
10-08 13:18:40.308  2042  4079 I ActivityManager: App 10308/com.mi.globalminusscreen targets O+, restricted
10-08 13:18:40.308  2042  4079 D ActivityManager: checkAllowBackground: uid=10308 pkg=com.mi.globalminusscreen startMode=2 onallowlist=false onallowlist(ei)=false
10-08 13:18:40.309  2042  7010 D ActivityManager: checkAllowBackground: uid=10308 pkg=com.mi.globalminusscreen rec=UidRecord{e52550c u0a308 BTOP change:procadj procs:0 seq(269722,267183)} caps=---NFU always=true idle=false
10-08 13:18:40.309  2042  7010 I ActivityManager: App 10308/com.mi.globalminusscreen targets O+, restricted
10-08 13:18:40.309  2042  7010 D ActivityManager: checkAllowBackground: uid=10308 pkg=com.mi.globalminusscreen startMode=2 onallowlist=false onallowlist(ei)=false
10-08 13:18:40.370  2042  3516 I ProcessManager: getRenderThreadTidByPid, caller=2042
10-08 13:18:40.373  2042  4079 D ActivityManager: checkAllowBackground: uid=10273 pkg=com.google.android.as rec=UidRecord{500a4dd u0a273 BFGS change:procadj procs:0 seq(269712,269102)} caps=LCMNFU always=false idle=false
10-08 13:18:40.381  2042  4079 D PackageManager: set app component=ComponentInfo{com.google.android.adservices.api/com.android.adservices.service.common.PackageChangedReceiver} enabled state: 1 from com.google.android.adservices.api,uid=10294,pid=20677
10-08 13:18:40.411  2042  7010 I ActivityManager: Flag disabled. Ignoring finishAttachApplication from uid: 10108. pid: 20728
10-08 13:18:40.427 20536 20536 D ActivityThread: useGrowthLimitOutExpendMethod invoke error.
10-08 13:18:40.442  2042  4079 D CompatibilityChangeReporter: Compat change id reported: 161252188; UID 10030; state: DISABLED
10-08 13:18:40.454  2042  4079 D WindowManager: Collecting in transition 82: ActivityRecord{5592f07 u0 eu.europa.ec.euidi/eu.europa.ec.assemblylogic.ui.MainActivity init visibleRequested:false
10-08 13:18:40.461  2042  4079 I WindowManager: When perf version lower than 2.3, MiGTStub result: false, gameType: 1, packageName: eu.europa.ec.euidi
10-08 13:18:40.461  2042  7043 D ActivityManager: checkAllowBackground: uid=10273 pkg=com.google.android.as rec=UidRecord{500a4dd u0a273 BFGS change:procadj procs:0 seq(269742,269102)} caps=LCMNFU always=false idle=false
10-08 13:18:40.464  2042  4079 D MiuiFreeFormManagerService: activeOrFullscreenFreeformTaskIfNeed startDefaultAr:true
10-08 13:18:40.465  4304  4484 D OneHandedController: stopOneHanded state is 0
10-08 13:18:40.469  2042  4079 D WindowManager: setLockTaskAuth: task=Task{4068bd2 #6368 type=standard A=10030:eu.europa.ec.euidi} mLockTaskAuth=LOCK_TASK_AUTH_PINNABLE
10-08 13:18:40.469  2042  4079 D WindowManager: Collecting in transition 82: Task{4068bd2 #6368 type=standard A=10030:eu.europa.ec.euidi} init visibleRequested:false
10-08 13:18:40.472  2042  4079 D CompatibilityChangeReporter: Compat change id reported: 184838306; UID 10030; state: DISABLED
10-08 13:18:40.472  2042  4079 D CompatibilityChangeReporter: Compat change id reported: 185004937; UID 10030; state: DISABLED
10-08 13:18:40.474  2042  4079 D WindowManager: setLockTaskAuth: task=Task{4068bd2 #6368 type=standard A=10030:eu.europa.ec.euidi} mLockTaskAuth=LOCK_TASK_AUTH_PINNABLE
10-08 13:18:40.474  2042  4079 D MiuiFreeFormManagerService: onStartActivityInner as = Task{4068bd2 #6368 type=standard A=10030:eu.europa.ec.euidi} op = ActivityOptions(64830297), mPackageName=null, mAnimationType=13, mStartX=0, mStartY=0, mWidth=0, mHeight=0, mLaunchDisplayId=-1, mLaunchBoundsnull, activityOptionsInjector=ActivityOptionsInjector={freeformScale: -1.0, miniFreeformMode: false, needAnimation: true, useCustomLaunchBounds:false}
10-08 13:18:40.475  2042  4079 D ActivityTaskManager: Task#startActivityLocked isOrhasTask=true newTask=true
10-08 13:18:40.478  2042  4079 D CompatibilityChangeReporter: Compat change id reported: 205907456; UID 10030; state: ENABLED
10-08 13:18:40.484  2042  4079 I ActivityRecordImpl: pauseImmediately
10-08 13:18:40.489  2042  4079 D WindowManager: Collecting in transition 82: ActivityRecord{5592f07 u0 eu.europa.ec.euidi/eu.europa.ec.assemblylogic.ui.MainActivity t6368} init visibleRequested:false
10-08 13:18:40.489  2042  4079 I ActivityRecordImpl: setReadyForStartingWindow activityRecord = ActivityRecord{5592f07 u0 eu.europa.ec.euidi/eu.europa.ec.assemblylogic.ui.MainActivity t6368}
10-08 13:18:40.489  2042  4079 D WindowManager: Collecting in transition 82: ActivityRecord{44e2e4a u0 com.mi.android.globallauncher/com.miui.home.launcher.Launcher t2} init visibleRequested:true
10-08 13:18:40.489  2042  4079 D WindowManager: Collecting in transition 82: WallpaperWindowToken{9f84f36 token=android.os.Binder@ec5366a} init visibleRequested:true
10-08 13:18:40.490  2042  4079 D WindowManager: Collecting in transition 82: WallpaperWindowToken{6dc7b token=android.os.BinderProxy@83a1475} init visibleRequested:true
10-08 13:18:40.492  4304  4575 D TaskSnapshot_Helper: SYS is normal.
10-08 13:18:40.494  2042  4079 D WindowManager: Collecting in transition 82: ActivityRecord{5592f07 u0 eu.europa.ec.euidi/eu.europa.ec.assemblylogic.ui.MainActivity t6368} init visibleRequested:true
10-08 13:18:40.494  2042  4079 D WindowManager: Requesting StartTransition: TransitionRecord{f9ef7ff id=82 type=OPEN flags=0x0}
10-08 13:18:40.496  4304  4484 I SoScUtils: monitorTransitionRequest mRequestOpenTransition:null mRequestOpenTriggerTask:-1 mRequestCloseTransition:null mRequestCloseTriggerTask:-1 mRequestCloseStageType:-1
10-08 13:18:40.497  4304  4572 D ArtChoreographerMonitor: invoke error.
10-08 13:18:40.501  2042  4079 I ActivityTaskManager: START u0 {act=android.intent.action.MAIN cat=[android.intent.category.LAUNCHER] flg=0x10200000 cmp=eu.europa.ec.euidi/eu.europa.ec.assemblylogic.ui.MainActivity bnds=[38,13][165,140] (has extras)} with LAUNCH_SINGLE_TASK from uid 10081 from pid 4339 callingPackage com.mi.android.globallauncher (BAL_ALLOW_ALLOWLISTED_COMPONENT) result code=0
10-08 13:18:40.503  2042  2693 D WindowManager: wms.Focus not requested for window=Window{f64bed4 u0 com.mi.android.globallauncher/com.miui.home.launcher.Launcher} because it has no surface or is not focusable.
10-08 13:18:40.504  2042  7010 D WindowManager: Set transition=TransitionRecord{f9ef7ff id=82 type=OPEN flags=0x0}, ready=true, SyncId=82 
10-08 13:18:40.508  4304  4484 D OneHandedController: stopOneHanded state is 0
10-08 13:18:40.508  4304  4484 D OneHandedController: stopOneHanded state is 0
10-08 13:18:40.512  2042  2693 I BLASTSyncEngine: SyncGroup 82:  Unfinished container:ActivityRecord{5592f07 u0 eu.europa.ec.euidi/eu.europa.ec.assemblylogic.ui.MainActivity t6368}
10-08 13:18:40.513  2042  2693 I ActivityRecordImpl: isReadyForStartingWindow topActivity = ActivityRecord{5592f07 u0 eu.europa.ec.euidi/eu.europa.ec.assemblylogic.ui.MainActivity t6368} isLaunchSourceTypeHome = true topActivity.mStartingWindow = null
10-08 13:18:40.513  2042  2693 I BLASTSyncEngine: isActivitySyncFinished isSyncFinished false ActivityRecord{5592f07 u0 eu.europa.ec.euidi/eu.europa.ec.assemblylogic.ui.MainActivity t6368}
10-08 13:18:40.538  2042  6997 I BLASTSyncEngine: SyncGroup 82:  Unfinished container:ActivityRecord{5592f07 u0 eu.europa.ec.euidi/eu.europa.ec.assemblylogic.ui.MainActivity t6368}
10-08 13:18:40.538  2042  6997 I ActivityRecordImpl: isReadyForStartingWindow topActivity = ActivityRecord{5592f07 u0 eu.europa.ec.euidi/eu.europa.ec.assemblylogic.ui.MainActivity t6368} isLaunchSourceTypeHome = true topActivity.mStartingWindow = Window{8aa66b8 u0 Splash Screen eu.europa.ec.euidi}
10-08 13:18:40.538  2042  6997 I BLASTSyncEngine: SyncGroup 82:  Unfinished container:Task{4068bd2 #6368 type=standard A=10030:eu.europa.ec.euidi}
10-08 13:18:40.538  2042  6997 I ActivityRecordImpl: isReadyForStartingWindow topActivity = ActivityRecord{5592f07 u0 eu.europa.ec.euidi/eu.europa.ec.assemblylogic.ui.MainActivity t6368} isLaunchSourceTypeHome = true topActivity.mStartingWindow = Window{8aa66b8 u0 Splash Screen eu.europa.ec.euidi}
10-08 13:18:40.538  2042  6997 I SmartPower: eu.europa.ec.euidi/10030(0): died->visible(3135ms) R(become visible) adj=-10000.
10-08 13:18:40.538  2042  6997 D WindowManager: Final targets: [Task{4068bd2 #6368 type=standard A=10030:eu.europa.ec.euidi}, Task{99d2bd4 #1 type=home}]
10-08 13:18:40.550  2042  6997 D WindowManager: Calling onTransitionReady info={id=82 t=OPEN f=0x0 trk=0 r=[0@Point(0, 0)] c=[{WCT{RemoteToken{c34edfc Task{4068bd2 #6368 type=standard A=10030:eu.europa.ec.euidi}}} m=OPEN f=NONE leash=Surface(name=Task=6368#1471)/@0xc28965d sb=Rect(0, 0 - 1080, 2400) eb=Rect(0, 0 - 1080, 2400) d=0},{WCT{RemoteToken{3ace072 Task{99d2bd4 #1 type=home}}} m=TO_BACK f=SHOW_WALLPAPER leash=Surface(name=Task=1#47)/@0x2e98d27 sb=Rect(0, 0 - 1080, 2400) eb=Rect(0, 0 - 1080, 2400) d=0}] noAni=[false] df=[false] mk=[true] nc=[0]}, mToken=Token{ff44c85 TransitionRecord{f9ef7ff id=82 type=OPEN flags=0x0}}
10-08 13:18:40.558  2042  6997 I BLASTSyncEngine: finishNow: after onTransactionReady, mSyncId=82
10-08 13:18:40.563  2042  6997 D WindowManager: wms.Input focus has changed to null display=0 updateInputWindows = true
10-08 13:18:40.563  2042  6997 I MultiSenceManagerInternalStub: getInstance
10-08 13:18:40.564  2042  4565 D CoreBackPreview: Window{8aa66b8 u0 Splash Screen eu.europa.ec.euidi}: Setting back callback OnBackInvokedCallbackInfo{mCallback=android.window.IOnBackInvokedCallback$Stub$Proxy@e0abce7, mPriority=0, mIsAnimationCallback=false}
10-08 13:18:40.566  2042  2692 D CompatibilityChangeReporter: Compat change id reported: 135634846; UID 10030; state: DISABLED
10-08 13:18:40.566  2042  2692 D CompatibilityChangeReporter: Compat change id reported: 177438394; UID 10030; state: DISABLED
10-08 13:18:40.566  2042  2692 D CompatibilityChangeReporter: Compat change id reported: 135772972; UID 10030; state: DISABLED
10-08 13:18:40.566  2042  2692 D CompatibilityChangeReporter: Compat change id reported: 135754954; UID 10030; state: ENABLED
10-08 13:18:40.568  2042  2788 D CompatibilityChangeReporter: Compat change id reported: 143937733; UID 10030; state: ENABLED
10-08 13:18:40.570  2042  3516 D SchedBoost: stopBoostInternal
10-08 13:18:40.574  2042  3516 D SchedBoost: startBoostInternal 1000
10-08 13:18:40.577  4304  4484 D SoScUtils: monitorTransitionFinished transition:android.os.BinderProxy@321d27f transaction: android.view.SurfaceControl$Transaction@eb58b05 mRequestCloseTransition:null mRequestOpenTransition:null mPairsOpenTransition:null mPairsOpenTransitionNull:null mRequestOpenTriggerTask:-1 mRequestCloseTriggerTask:-1 mOrientationTransition: null mMainStartingTask:-1 mSideStartingTask:-1
10-08 13:18:40.583  2042  2692 D SchedBoost: com.mi.android.globallauncher boosting, skip reset priority
10-08 13:18:40.585  2042  2692 D SchedBoost: com.google.android.webview:sandboxed_process0:org.chromium.content.app.SandboxedProcessService0:0 boosting, skip reset priority
10-08 13:18:40.586  2042  2692 D SchedBoost: com.google.android.adservices.api boosting, skip reset priority
10-08 13:18:40.586  2042  7010 I Transition: finishTransition: updateLastSurfacePosition tf=Task{4068bd2 #6368 type=standard A=10030:eu.europa.ec.euidi}
10-08 13:18:40.592  2042  8104 I WindowManager: cancelAnimation removed leash : Surface(name=Surface(name=704023a StatusBar#94)/@0xa8be448 - animation-leash of insets_animation#1459)/@0xbb49824
10-08 13:18:40.593  2042  8104 I WindowManager: cancelAnimation removed leash : Surface(name=Surface(name=d968687 NavigationBar0#90)/@0x2f479dd - animation-leash of insets_animation#1460)/@0x33c2542
10-08 13:18:40.610  2042  4100 I SmartPower: com.mi.android.globallauncher/10081(4339): visible->invisible(2598ms) R(become invisible) adj=100.
10-08 13:18:40.610  2042  4100 I SmartPower: com.mi.android.globallauncher/10081(4339): invisible->background(0ms) R(become background) adj=100.
10-08 13:18:40.610  2042  4100 I SmartPower: com.mi.globalminusscreen/10308(20285): invisible->background(2118ms) R(become background) adj=100.
10-08 13:18:40.620  4304  4484 D MiuiFullScreenTaskRepository: setFocusedTask taskId=1, displayId=0, topActivity=ComponentInfo{com.mi.android.globallauncher/com.miui.home.launcher.Launcher}
10-08 13:18:40.620  4304  4484 D MiuiFullScreenTaskRepository: addOrUpdateFullScreenTaskInfo taskId=1, topActivity=ComponentInfo{com.mi.android.globallauncher/com.miui.home.launcher.Launcher}
10-08 13:18:40.620  2042  8301 I ActivityManager: Flag disabled. Ignoring finishAttachApplication from uid: 10123. pid: 20578
10-08 13:18:40.624  2042  7010 I SmartPower: com.google.android.googlequicksearchbox:googleapp/10167(6779): visible->invisible(2686ms) R(become invisible) adj=100.
10-08 13:18:40.625  2042  7010 I SmartPower: com.google.android.googlequicksearchbox:googleapp/10167(6779): invisible->background(1ms) R(become background) adj=100.
10-08 13:18:40.625  2042  7010 I SmartPower: com.google.android.googlequicksearchbox:interactor/10167(6609): invisible->background(2687ms) R(become background) adj=100.
10-08 13:18:40.641  2042  7010 I ActivityRecordImpl: onStartingWindowDrawn setDeferTaskAppear false
10-08 13:18:40.643  2042  7010 I WindowManager: wms.showSurfaceRobustly mWin:Window{8aa66b8 u0 Splash Screen eu.europa.ec.euidi}
10-08 13:18:40.648  4304  4484 D MiuiFullScreenTaskRepository: addOrUpdateFullScreenTaskInfo taskId=6368, topActivity=ComponentInfo{eu.europa.ec.euidi/eu.europa.ec.assemblylogic.ui.MainActivity}
10-08 13:18:40.649  2042  7043 W ContentProviderHelper: Slow operation: 55ms so far, now at getContentProviderImpl: done!
10-08 13:18:40.649  4304  4304 E onWindowDecorRectChanged: start size:1
10-08 13:18:40.650  4304  4304 E onWindowDecorRectChanged: windowDecorRects: Rect(454, 12 - 625, 123)
10-08 13:18:40.662  2042  2788 W ActivityManager: Slow operation: 97ms so far, now at startProcess: done updating battery stats
10-08 13:18:40.662  2042  2788 W ActivityManager: Slow operation: 98ms so far, now at startProcess: building log message
10-08 13:18:40.662  2042  2788 I ActivityManager: Start proc 20859:eu.europa.ec.euidi/u0a30 for top-activity {eu.europa.ec.euidi/eu.europa.ec.assemblylogic.ui.MainActivity} caller=com.mi.android.globallauncher
10-08 13:18:40.663  2042  2788 W ActivityManager: Slow operation: 98ms so far, now at startProcess: starting to update pids map
10-08 13:18:40.663  2042  2788 W ActivityManager: Slow operation: 98ms so far, now at startProcess: done updating pids map
10-08 13:18:40.670  2042  9046 D CompatibilityChangeReporter: Compat change id reported: 261072174; UID 10108; state: ENABLED
10-08 13:18:40.673  2042  3095 D CompatibilityChangeReporter: Compat change id reported: 161145287; UID 10123; state: ENABLED
10-08 13:18:40.683  2042  3095 D CompatibilityChangeReporter: Compat change id reported: 161252188; UID 10164; state: DISABLED
10-08 13:18:40.685  2042  3095 D CompatibilityChangeReporter: Compat change id reported: 135634846; UID 10164; state: DISABLED
10-08 13:18:40.685  2042  3095 D CompatibilityChangeReporter: Compat change id reported: 177438394; UID 10164; state: DISABLED
10-08 13:18:40.685  2042  3095 D CompatibilityChangeReporter: Compat change id reported: 135772972; UID 10164; state: DISABLED
10-08 13:18:40.685  2042  3095 D CompatibilityChangeReporter: Compat change id reported: 135754954; UID 10164; state: ENABLED
10-08 13:18:40.686  2042  4100 D ActivityManager: checkAllowBackground: uid=10273 pkg=com.google.android.as rec=UidRecord{500a4dd u0a273 BFGS change:procadj procs:0 seq(269801,269102)} caps=LCMNFU always=false idle=false
10-08 13:18:40.686  2042  2788 D CompatibilityChangeReporter: Compat change id reported: 143937733; UID 10164; state: ENABLED
10-08 13:18:40.693  2042  3095 D ActivityManager: checkAllowBackground: uid=10163 pkg=com.google.android.gms rec=UidRecord{3efeecd u0a163 BTOP change:procadj procs:0 seq(269796,147449)} caps=LCMNFU always=false idle=false
10-08 13:18:40.702  2042  4100 W MiuiBoosterUtils: enable_miuibooster_launch : false
10-08 13:18:40.704  2042  4100 D WindowManagerService: checkFlipFullScreenChange is same, nowIsFullScreen = false
10-08 13:18:40.706  4304  4484 D MiuiFullScreenTaskRepository: addOrUpdateFullScreenTaskInfo taskId=6368, topActivity=ComponentInfo{eu.europa.ec.euidi/eu.europa.ec.assemblylogic.ui.MainActivity}
10-08 13:18:40.709  2042  2788 I ActivityManager: Start proc 20899:com.android.vending/u0a164 for service {com.android.vending/com.google.android.finsky.developergroupidinfo.DeveloperGroupIdInfoService} caller=com.google.android.gms
10-08 13:18:40.712  2042  2690 D Aurogon :  uid = 10030 switch to FG
10-08 13:18:40.716  2042  3500 D isUidValid: uid = 10030
10-08 13:18:40.716  2042  8104 W ContentProviderHelper: No provider info for content provider com.miui.permcenter.privacycenter when providerRunning is false, caller is ProcessRecord{3a662a5 20536:com.xiaomi.aicr:cognitionService/u0a307}
10-08 13:18:40.717 20536 20536 E ActivityThread: Failed to find provider info for com.miui.permcenter.privacycenter
10-08 13:18:40.719  2042  3110 D CompatibilityChangeReporter: Compat change id reported: 218533173; UID 10030; state: ENABLED
10-08 13:18:40.719  2042  3110 D CompatibilityChangeReporter: Compat change id reported: 262645982; UID 10030; state: ENABLED
10-08 13:18:40.719  2042  7043 D CompatibilityChangeReporter: Compat change id reported: 170503758; UID 10030; state: ENABLED
10-08 13:18:40.726  2042  3095 I ActivityManager: Flag disabled. Ignoring finishAttachApplication from uid: 10307. pid: 20536
10-08 13:18:40.744 20511 20779 D MiSight:JobDispatcher: QUEUE_JOBS_TO_SCHEDULE:1
10-08 13:18:40.747  2042  6982 D CompatibilityChangeReporter: Compat change id reported: 253665015; UID 1000; state: ENABLED
10-08 13:18:40.748  2042  6982 D CompatibilityChangeReporter: Compat change id reported: 253665015; UID 1000; state: DISABLED
10-08 13:18:40.748  2042  6982 D CompatibilityChangeReporter: Compat change id reported: 194532703; UID 1000; state: ENABLED
10-08 13:18:40.749  2042  6982 D ActivityManager: checkAllowBackground: uid=1000 pkg=com.miui.misightservice rec=UidRecord{b77cac0 1000 PER  fgServices change:procadj procs:0 seq(269833,0)} caps=LCMNFU always=false idle=false
10-08 13:18:40.749  2042  6878 I ActivityManager: Flag disabled. Ignoring finishAttachApplication from uid: 10165. pid: 20559
10-08 13:18:40.753 20511 20779 D MiSight:JobDispatcher:  scheduleJob jobInfo = 90005, version=1, result=1
10-08 13:18:40.757  2042  3095 D CompatibilityChangeReporter: Compat change id reported: 261072174; UID 10123; state: ENABLED
10-08 13:18:40.767  2042  3095 D CompatibilityChangeReporter: Compat change id reported: 261072174; UID 10307; state: ENABLED
10-08 13:18:40.781  4304  4304 D ArtChoreographerMonitor: invoke error.
10-08 13:18:40.792  2042  4100 D CompatibilityChangeReporter: Compat change id reported: 161145287; UID 10307; state: ENABLED
10-08 13:18:40.797 20859 20859 D ActivityThread: useGrowthLimitOutExpendMethod invoke error.
10-08 13:18:40.812  2042  7043 D CompatibilityChangeReporter: Compat change id reported: 170668199; UID 10307; state: ENABLED
10-08 13:18:40.812  2042  7043 W ActivityManager: Foreground service started from background can not have location/camera/microphone access: service com.xiaomi.aicr/.access.AiCrCognitionService
10-08 13:18:40.813  2042  7043 I ActivityManager: Background started FGS: Allowed [callingPackage: com.xiaomi.aicr; callingUid: 10307; uidState: SVC ; uidBFSL: n/a; intent: Intent { act=com.xiaomi.aicr.access.AICR_CONGNITION_ENGINE cmp=com.xiaomi.aicr/.access.AiCrCognitionService }; code:BACKGROUND_FGS_PERMISSION; tempAllowListReason:<,reasonCode:SYSTEM_ALLOW_LISTED,duration:9223372036854775807,callingUid:-1>; targetSdkVersion:34; callerTargetSdkVersion:34; startForegroundCount:1; bindFromPackage:null: isBindService:false]
10-08 13:18:40.813  2042  7043 D CompatibilityChangeReporter: Compat change id reported: 255659651; UID 10307; state: DISABLED
10-08 13:18:40.813  2042  7043 D CompatibilityChangeReporter: Compat change id reported: 255039210; UID 10307; state: DISABLED
10-08 13:18:40.818  2042  3500 D isUidValid: uid = 10307
10-08 13:18:40.832  2042  2802 I ExtM    : zram userate is low, no need to flush: 19
10-08 13:18:40.840  2042  7043 I ActivityManager: Flag disabled. Ignoring finishAttachApplication from uid: 10030. pid: 20859
10-08 13:18:40.892  2042  6982 D CompatibilityChangeReporter: Compat change id reported: 135634846; UID 10163; state: DISABLED
10-08 13:18:40.893  2042  6982 D CompatibilityChangeReporter: Compat change id reported: 177438394; UID 10163; state: DISABLED
10-08 13:18:40.893  2042  6982 D CompatibilityChangeReporter: Compat change id reported: 135772972; UID 10163; state: DISABLED
10-08 13:18:40.893  2042  6982 D CompatibilityChangeReporter: Compat change id reported: 135754954; UID 10163; state: ENABLED
10-08 13:18:40.893 20436 20628 W ContextImpl: Calling a method in the system process without a qualified user: android.app.ContextImpl.bindService:1999 android.content.ContextWrapper.bindService:872 m7.ig.d:103 m7.gv.d:202 m7.gc.y:226 
10-08 13:18:40.893  2042  2788 D CompatibilityChangeReporter: Compat change id reported: 143937733; UID 10163; state: ENABLED
10-08 13:18:40.897  2042  6878 D CompatibilityChangeReporter: Compat change id reported: 161145287; UID 10165; state: ENABLED
10-08 13:18:40.900 20859 20859 D FramePredict: FramePredict init: false
10-08 13:18:40.902  2042  7043 D CompatibilityChangeReporter: Compat change id reported: 261072174; UID 10165; state: ENABLED
10-08 13:18:40.903 20859 20859 D FramePredict: init success
10-08 13:18:40.904  2042  6878 W ActivityManager: Permission Denial: getCurrentUser() from pid=20859, uid=10030 requires android.permission.INTERACT_ACROSS_USERS
10-08 13:18:40.904 20859 20971 E FramePredict: registerContentObserver fail
10-08 13:18:40.908  2042  2788 I ActivityManager: Start proc 20972:com.google.process.gservices/u0a163 for content provider {com.google.android.gsf/com.google.android.gsf.gservices.GservicesProvider} caller=com.google.android.apps.messaging
10-08 13:18:40.921  4304 23312 D MiuiFreeformModeObserver: activityResumed() intent： Intent { cmp=eu.europa.ec.euidi/eu.europa.ec.assemblylogic.ui.MainActivity (has extras) }
10-08 13:18:40.927  4304  4484 D MiuiFullScreenTaskRepository: removeFocusedTask displayId=0
10-08 13:18:40.927  4304  4484 D MiuiFullScreenTaskRepository: addOrUpdateFullScreenTaskInfo taskId=1, topActivity=ComponentInfo{com.mi.android.globallauncher/com.miui.home.launcher.Launcher}
10-08 13:18:40.927  4304  4484 D MiuiFullScreenTaskRepository: setFocusedTask taskId=6368, displayId=0, topActivity=ComponentInfo{eu.europa.ec.euidi/eu.europa.ec.assemblylogic.ui.MainActivity}
10-08 13:18:40.927  4304  4484 D MiuiFullScreenTaskRepository: addOrUpdateFullScreenTaskInfo taskId=6368, topActivity=ComponentInfo{eu.europa.ec.euidi/eu.europa.ec.assemblylogic.ui.MainActivity}
10-08 13:18:40.928  4304  4484 D MiuiFreeformModeController: onFocusTaskChanged taskInfo: TaskInfo{userId=0 taskId=6368 displayId=0 isRunning=true baseIntent=Intent { act=android.intent.action.MAIN cat=[android.intent.category.LAUNCHER] flg=0x10200000 cmp=eu.europa.ec.euidi/eu.europa.ec.assemblylogic.ui.MainActivity } baseActivity=ComponentInfo{eu.europa.ec.euidi/eu.europa.ec.assemblylogic.ui.MainActivity} topActivity=ComponentInfo{eu.europa.ec.euidi/eu.europa.ec.assemblylogic.ui.MainActivity} origActivity=null realActivity=ComponentInfo{eu.europa.ec.euidi/eu.europa.ec.assemblylogic.ui.MainActivity} numActivities=1 lastActiveTime=164033024 supportsSplitScreenMultiWindow=true supportsMultiWindow=true resizeMode=1 isResizeable=true minWidth=-1 minHeight=-1 defaultMinSize=200 token=WCT{android.window.IWindowContainerToken$Stub$Proxy@899b303} topActivityType=1 pictureInPictureParams=null shouldDockBigOverlays=false launchIntoPipHostTaskId=-1 lastParentTaskIdBeforePip=-1 displayCutoutSafeInsets=Rect(0, 94 - 0, 0) topActivityInfo=ActivityInfo{54e5280 eu.europa.ec.assemblylogic.ui.MainActivity} launchCookies=[] positionInParent=Point(0, 0) parentTaskId=-1 isFocused=true isVisible=true isVisibleRequested=true isSleeping=false topActivityInSizeCompat=false topActivityInMiuiSizeCompat=false topActivityEligibleForLetterboxEducation= false topActivityLetterboxed= false isFromDoubleTap= false topActivityLetterboxVerticalPosition= -1 topActivityLetterboxHorizontalPosition= -1 topActivityLetterboxWidth=-1 topActivityLetterboxHeight=-1 locusId=null displayAreaFeatureId=1 cameraCompatControlState=hidden mIsCastMode=false mTopActivityMediaSize=null mTopActivityRecordName=ActivityRecord{5592f07 u0 eu.europa.ec.euidi/eu.europa.ec.assemblylogic.ui.MainActivity t6368} mTopActivityOrientation=1 mTopActivityWindowIsNowVisible=false isTranslucent=false isEmbedded=false shouldBeVisible=true isImmersive=false mBehindAppLockPkg=null mOriginatingUid=0}
10-08 13:18:40.928  4304  4484 D MiuiDesktopModeController: onFocusTaskChanged newFocus: TaskInfo{userId=0 taskId=6368 displayId=0 isRunning=true baseIntent=Intent { act=android.intent.action.MAIN cat=[android.intent.category.LAUNCHER] flg=0x10200000 cmp=eu.europa.ec.euidi/eu.europa.ec.assemblylogic.ui.MainActivity } baseActivity=ComponentInfo{eu.europa.ec.euidi/eu.europa.ec.assemblylogic.ui.MainActivity} topActivity=ComponentInfo{eu.europa.ec.euidi/eu.europa.ec.assemblylogic.ui.MainActivity} origActivity=null realActivity=ComponentInfo{eu.europa.ec.euidi/eu.europa.ec.assemblylogic.ui.MainActivity} numActivities=1 lastActiveTime=164033024 supportsSplitScreenMultiWindow=true supportsMultiWindow=true resizeMode=1 isResizeable=true minWidth=-1 minHeight=-1 defaultMinSize=200 token=WCT{android.window.IWindowContainerToken$Stub$Proxy@899b303} topActivityType=1 pictureInPictureParams=null shouldDockBigOverlays=false launchIntoPipHostTaskId=-1 lastParentTaskIdBeforePip=-1 displayCutoutSafeInsets=Rect(0, 94 - 0, 0) topActivityInfo=ActivityInfo{54e5280 eu.europa.ec.assemblylogic.ui.MainActivity} launchCookies=[] positionInParent=Point(0, 0) parentTaskId=-1 isFocused=true isVisible=true isVisibleRequested=true isSleeping=false topActivityInSizeCompat=false topActivityInMiuiSizeCompat=false topActivityEligibleForLetterboxEducation= false topActivityLetterboxed= false isFromDoubleTap= false topActivityLetterboxVerticalPosition= -1 topActivityLetterboxHorizontalPosition= -1 topActivityLetterboxWidth=-1 topActivityLetterboxHeight=-1 locusId=null displayAreaFeatureId=1 cameraCompatControlState=hidden mIsCastMode=false mTopActivityMediaSize=null mTopActivityRecordName=ActivityRecord{5592f07 u0 eu.europa.ec.euidi/eu.europa.ec.assemblylogic.ui.MainActivity t6368} mTopActivityOrientation=1 mTopActivityWindowIsNowVisible=false isTranslucent=false isEmbedded=false shouldBeVisible=true isImmersive=false mBehindAppLockPkg=null mOriginatingUid=0}
10-08 13:18:40.935  2042  6982 W ContentProviderHelper: No provider info for content provider com.miui.permcenter.privacycenter when providerRunning is false, caller is ProcessRecord{3a662a5 20536:com.xiaomi.aicr:cognitionService/u0a307}
10-08 13:18:40.937 20536 20964 E ActivityThread: Failed to find provider info for com.miui.permcenter.privacycenter
10-08 13:18:40.946  2042  8104 I SmartPower: com.android.vending/10164(20899): died->background(3593ms) R(process start ) adj=-10000.
10-08 13:18:40.947  2042  8104 D CompatibilityChangeReporter: Compat change id reported: 168419799; UID 10164; state: DISABLED
10-08 13:18:40.947  2042  8104 D CompatibilityChangeReporter: Compat change id reported: 273564678; UID 10164; state: DISABLED
10-08 13:18:40.953  2042  6878 I SmartPower: com.google.process.gservices/10163(20972): died->background(3808ms) R(process start ) adj=-10000.
10-08 13:18:40.959  2042  3500 D isUidValid: uid = 10164
10-08 13:18:40.960  2042  3110 D CompatibilityChangeReporter: Compat change id reported: 265195908; UID 10164; state: ENABLED
10-08 13:18:40.965  2042  8104 D CompatibilityChangeReporter: Compat change id reported: 170503758; UID 10163; state: ENABLED
10-08 13:18:40.985  2042  3095 D CompatibilityChangeReporter: Compat change id reported: 170503758; UID 10164; state: ENABLED
10-08 13:18:41.021  2042  2042 W NotificationManagerServiceImpl: checkInterceptListenerForXiaomiInternal pkg:com.xiaomi.aicrlistener:com.android.systemui/com.android.systemui.statusbar.notification.MiuiNotificationListener
10-08 13:18:41.021  2042  2042 D NotificationListeners: is mask intercept: com.android.systemui notification packagename: com.xiaomi.aicr
10-08 13:18:41.022 20687 20687 D ActivityThread: useGrowthLimitOutExpendMethod invoke error.
10-08 13:18:41.027  2042  2042 W NotificationHistory: Attempted to add notif for locked/gone/disabled user 0
10-08 13:18:41.061  2042  6982 D CoreBackPreview: Window{757aabd u0 eu.europa.ec.euidi/eu.europa.ec.assemblylogic.ui.MainActivity}: Setting back callback OnBackInvokedCallbackInfo{mCallback=android.window.IOnBackInvokedCallback$Stub$Proxy@a714027, mPriority=0, mIsAnimationCallback=false}
10-08 13:18:41.085  2042  7043 I WindowManager: cancelAnimation removed leash : Surface(name=Surface(name=704023a StatusBar#94)/@0xa8be448 - animation-leash of insets_animation#1479)/@0xce41e8a
10-08 13:18:41.087  2042  7043 I WindowManager: cancelAnimation removed leash : Surface(name=Surface(name=d968687 NavigationBar0#90)/@0x2f479dd - animation-leash of insets_animation#1480)/@0xf1fa118
10-08 13:18:41.088  2042  7043 D WindowManager: wms.Input focus has changed to Window{757aabd u0 eu.europa.ec.euidi/eu.europa.ec.assemblylogic.ui.MainActivity} display=0 updateInputWindows = true
10-08 13:18:41.088  2042  7043 I MultiSenceManagerInternalStub: getInstance
10-08 13:18:41.100 20687 20687 W BoostFramework: Slow Operation: BoostFramework perfLockAcquire took 60ms
10-08 13:18:41.131  2042  8104 W ActivityManager: Unable to start service Intent { act=com.google.android.gms.gservices.START pkg=com.google.android.gms } U=0: not found
10-08 13:18:41.131  2042  6982 W ActivityManager: Unbind failed: could not find connection for android.os.BinderProxy@8b15d6e
10-08 13:18:41.142  2042  8104 D WindowManager: wms.finishDrawingLocked: mDrawState=COMMIT_DRAW_PENDING Window{757aabd u0 eu.europa.ec.euidi/eu.europa.ec.assemblylogic.ui.MainActivity} in Surface(name=eu.europa.ec.euidi/eu.europa.ec.assemblylogic.ui.MainActivity#1482)/@0xd97c379
10-08 13:18:41.148  4304  4572 D ArtChoreographerMonitor: invoke error.
10-08 13:18:41.149  2042  2693 I WindowManager: wms.showSurfaceRobustly mWin:Window{757aabd u0 eu.europa.ec.euidi/eu.europa.ec.assemblylogic.ui.MainActivity}
10-08 13:18:41.156  2042  6982 I ActivityManager: Flag disabled. Ignoring finishAttachApplication from uid: 10163. pid: 20972
10-08 13:18:41.174  2042  6982 D CoreBackPreview: Window{8aa66b8 u0 Splash Screen eu.europa.ec.euidi}: Setting back callback null
10-08 13:18:41.192  4304  4484 D SoScSplitScreenController: updateDividerFixedState isFixed:false
10-08 13:18:41.193  2042  8104 D CompatibilityChangeReporter: Compat change id reported: 214016041; UID 10030; state: ENABLED
10-08 13:18:41.207  4339  4339 D ActivityThread: Fail to check app heapsize due to java.lang.NoSuchMethodException: dalvik.system.VMRuntime.getBlockingGcCountForAlloc []
10-08 13:18:41.216  2042  6878 W PackageConfigPersister: App-specific configuration not found for packageName: eu.europa.ec.euidi and userId: 0
10-08 13:18:41.223  2042  9046 I WindowManager: cancelAnimation removed leash : Surface(name=Surface(name=49d5fba InputMethod#118)/@0xbb23dc8 - animation-leash of insets_animation#1467)/@0xe443a9f
10-08 13:18:41.224  2042  2690 D Aurogon :  uid = 10081 switch to BG
