10-10 12:03:33.488  1902 23266 I SmartPower: eu.europa.ec.euidi/10390(7704): idle->invisible(17781ms) R(become foreground) adj=700.
10-10 12:03:33.488  1902 23266 D WindowManager: Collecting in transition 1065: ActivityRecord{e3b567a u0 eu.europa.ec.euidi/eu.europa.ec.assemblylogic.ui.MainActivity init visibleRequested:false
10-10 12:03:33.489  1902 23266 D MiuiFreeFormManagerService: activeOrFullscreenFreeformTaskIfNeed startDefaultAr:false
10-10 12:03:33.489  1902 23266 D MiuiFreeFormManagerService: onStartActivityInner as = Task{9ad79b1 #463 type=standard A=10390:eu.europa.ec.euidi} op = null
10-10 12:03:33.490  1902 23266 D WindowManagerService: checkFlipFullScreenChange is same, nowIsFullScreen = false
10-10 12:03:33.490  1902 23266 W WindowManager: Changing focus from Window{565fe39 u0 com.android.chrome/org.chromium.chrome.browser.ChromeTabbedActivity} to null displayId=0 Callers=com.android.server.wm.RootWindowContainer.updateFocusedWindowLocked:557 com.android.server.wm.WindowManagerService.updateFocusedWindowLocked:6962 com.android.server.wm.ActivityTaskManagerService.setLastResumedActivityUncheckLocked:5565 com.android.server.wm.ActivityRecord.moveFocusableActivityToTop:4045 
10-10 12:03:33.491  1902 23266 D WindowManager: wms.Input focus has changed to null display=0 updateInputWindows = true
10-10 12:03:33.491  1902 23266 I MultiSenceManagerInternalStub: getInstance
10-10 12:03:33.491  1902 23266 D WindowManager: setLockTaskAuth: task=Task{9ad79b1 #463 type=standard A=10390:eu.europa.ec.euidi} mLockTaskAuth=LOCK_TASK_AUTH_PINNABLE
10-10 12:03:33.500  1902 23266 D WindowManager: Collecting in transition 1065: ActivityRecord{e3b567a u0 eu.europa.ec.euidi/eu.europa.ec.assemblylogic.ui.MainActivity t-1} init visibleRequested:false
10-10 12:03:33.500  1902 23266 D WindowManager: Requesting StartTransition: TransitionRecord{ff92e2b id=1065 type=OPEN flags=0x0}
10-10 12:03:33.501  1902 23266 I ActivityTaskManager: START u0 {act=android.intent.action.VIEW cat=[android.intent.category.BROWSABLE] dat=eu.europa.ec.euidi://authorization/... flg=0x14000000 cmp=eu.europa.ec.euidi/eu.europa.ec.assemblylogic.ui.MainActivity (has extras)} with LAUNCH_SINGLE_TASK from uid 10190 (BAL_ALLOW_VISIBLE_WINDOW) result code=2
10-10 12:03:33.502  2983  3075 I SoScUtils: monitorTransitionRequest mRequestOpenTransition:null mRequestOpenTriggerTask:-1 mRequestCloseTransition:null mRequestCloseTriggerTask:-1 mRequestCloseStageType:-1
10-10 12:03:33.505  1902 23266 D WindowManager: Set transition=TransitionRecord{ff92e2b id=1065 type=OPEN flags=0x0}, ready=false, SyncId=1065 used=true, override=false, defer=0, states=Display{#0 state=ON size=1080x2400 ROTATION_0}:false
10-10 12:03:33.506  2983  3075 D OneHandedController: stopOneHanded state is 0
10-10 12:03:33.506  2983  3075 D MiuiFullScreenTaskRepository: removeFocusedTask displayId=0
10-10 12:03:33.506  2983  3075 D MiuiFullScreenTaskRepository: addOrUpdateFullScreenTaskInfo taskId=449, topActivity=ComponentInfo{com.android.chrome/org.chromium.chrome.browser.ChromeTabbedActivity}
10-10 12:03:33.506  2983  3075 D MiuiFullScreenTaskRepository: setFocusedTask taskId=463, displayId=0, topActivity=ComponentInfo{eu.europa.ec.euidi/eu.europa.ec.assemblylogic.ui.MainActivity}
10-10 12:03:33.506  2983  3075 D MiuiFullScreenTaskRepository: addOrUpdateFullScreenTaskInfo taskId=463, topActivity=ComponentInfo{eu.europa.ec.euidi/eu.europa.ec.assemblylogic.ui.MainActivity}
10-10 12:03:33.507  2983  3075 D MiuiDesktopModeController: onFocusTaskChanged newFocus: TaskInfo{userId=0 taskId=463 displayId=0 isRunning=true baseIntent=Intent { act=android.intent.action.MAIN cat=[android.intent.category.LAUNCHER] flg=0x10200000 cmp=eu.europa.ec.euidi/eu.europa.ec.assemblylogic.ui.MainActivity } baseActivity=ComponentInfo{eu.europa.ec.euidi/eu.europa.ec.assemblylogic.ui.MainActivity} topActivity=ComponentInfo{eu.europa.ec.euidi/eu.europa.ec.assemblylogic.ui.MainActivity} origActivity=null realActivity=ComponentInfo{eu.europa.ec.euidi/eu.europa.ec.assemblylogic.ui.MainActivity} numActivities=1 lastActiveTime=898063134 supportsSplitScreenMultiWindow=true supportsMultiWindow=true resizeMode=1 isResizeable=true minWidth=-1 minHeight=-1 defaultMinSize=200 token=WCT{android.window.IWindowContainerToken$Stub$Proxy@3cfb8a0} topActivityType=1 pictureInPictureParams=null shouldDockBigOverlays=false launchIntoPipHostTaskId=-1 lastParentTaskIdBeforePip=-1 displayCutoutSafeInsets=Rect(0, 94 - 0, 0) topActivityInfo=ActivityInfo{5728c59 eu.europa.ec.assemblylogic.ui.MainActivity} launchCookies=[] positionInParent=Point(0, 0) parentTaskId=-1 isFocused=true isVisible=false isVisibleRequested=false isSleeping=false topActivityInSizeCompat=false topActivityEligibleForLetterboxEducation= false topActivityLetterboxed= false isFromDoubleTap= false topActivityLetterboxVerticalPosition= -1 topActivityLetterboxHorizontalPosition= -1 topActivityLetterboxWidth=-1 topActivityLetterboxHeight=-1 locusId=null displayAreaFeatureId=1 cameraCompatControlState=hidden mIsCastMode=false mTopActivityMediaSize=null mTopActivityRecordName=ActivityRecord{b872458 u0 eu.europa.ec.euidi/eu.europa.ec.assemblylogic.ui.MainActivity t463} mTopActivityOrientation=-2 mTopActivityWindowIsNowVisible=false isTranslucent=true isEmbedded=false shouldBeVisible=true isImmersive=false mBehindAppLockPkg=null mOriginatingUid=0}
10-10 12:03:33.507  2983  3075 D MiuiFreeformModeController: onFocusTaskChanged taskInfo: TaskInfo{userId=0 taskId=463 displayId=0 isRunning=true baseIntent=Intent { act=android.intent.action.MAIN cat=[android.intent.category.LAUNCHER] flg=0x10200000 cmp=eu.europa.ec.euidi/eu.europa.ec.assemblylogic.ui.MainActivity } baseActivity=ComponentInfo{eu.europa.ec.euidi/eu.europa.ec.assemblylogic.ui.MainActivity} topActivity=ComponentInfo{eu.europa.ec.euidi/eu.europa.ec.assemblylogic.ui.MainActivity} origActivity=null realActivity=ComponentInfo{eu.europa.ec.euidi/eu.europa.ec.assemblylogic.ui.MainActivity} numActivities=1 lastActiveTime=898063134 supportsSplitScreenMultiWindow=true supportsMultiWindow=true resizeMode=1 isResizeable=true minWidth=-1 minHeight=-1 defaultMinSize=200 token=WCT{android.window.IWindowContainerToken$Stub$Proxy@3cfb8a0} topActivityType=1 pictureInPictureParams=null shouldDockBigOverlays=false launchIntoPipHostTaskId=-1 lastParentTaskIdBeforePip=-1 displayCutoutSafeInsets=Rect(0, 94 - 0, 0) topActivityInfo=ActivityInfo{5728c59 eu.europa.ec.assemblylogic.ui.MainActivity} launchCookies=[] positionInParent=Point(0, 0) parentTaskId=-1 isFocused=true isVisible=false isVisibleRequested=false isSleeping=false topActivityInSizeCompat=false topActivityEligibleForLetterboxEducation= false topActivityLetterboxed= false isFromDoubleTap= false topActivityLetterboxVerticalPosition= -1 topActivityLetterboxHorizontalPosition= -1 topActivityLetterboxWidth=-1 topActivityLetterboxHeight=-1 locusId=null displayAreaFeatureId=1 cameraCompatControlState=hidden mIsCastMode=false mTopActivityMediaSize=null mTopActivityRecordName=ActivityRecord{b872458 u0 eu.europa.ec.euidi/eu.europa.ec.assemblylogic.ui.MainActivity t463} mTopActivityOrientation=-2 mTopActivityWindowIsNowVisible=false isTranslucent=true isEmbedded=false shouldBeVisible=true isImmersive=false mBehindAppLockPkg=null mOriginatingUid=0}
10-10 12:03:33.507  2983  3075 D WindowManagerShell: onActivityRestartAttempt: ComponentInfo{eu.europa.ec.euidi/eu.europa.ec.assemblylogic.ui.MainActivity}
10-10 12:03:33.521  1902 23259 D WindowManager: Collecting in transition 1065: ActivityRecord{b872458 u0 eu.europa.ec.euidi/eu.europa.ec.assemblylogic.ui.MainActivity t463} init visibleRequested:false
10-10 12:03:33.521  1902 23259 E Transition: Trying to add a ready-group twice: Display{#0 state=ON size=1080x2400 ROTATION_0}
10-10 12:03:33.522  1902 23259 D WindowManagerService: checkFlipFullScreenChange is same, nowIsFullScreen = false
10-10 12:03:33.526  1902 23259 D WindowManager: Collecting in transition 1065: ActivityRecord{dfc2f2f u0 com.android.chrome/org.chromium.chrome.browser.ChromeTabbedActivity t449} init visibleRequested:true
10-10 12:03:33.529  2983  3075 D MiuiFullScreenTaskRepository: setFocusedTask taskId=463, displayId=0, topActivity=ComponentInfo{eu.europa.ec.euidi/eu.europa.ec.assemblylogic.ui.MainActivity}
10-10 12:03:33.529  2983  3075 D MiuiFullScreenTaskRepository: addOrUpdateFullScreenTaskInfo taskId=463, topActivity=ComponentInfo{eu.europa.ec.euidi/eu.europa.ec.assemblylogic.ui.MainActivity}
10-10 12:03:33.531  1902 23259 D WindowManager: Collecting in transition 1065: ActivityRecord{b872458 u0 eu.europa.ec.euidi/eu.europa.ec.assemblylogic.ui.MainActivity t463} init visibleRequested:true
10-10 12:03:33.531  1902  1936 E MBrainLocalService: MBrainJava launch failed: SecurityException
10-10 12:03:33.532  1902 23259 D WindowManager: Set transition=TransitionRecord{ff92e2b id=1065 type=OPEN flags=0x0}, ready=true, SyncId=1065 
10-10 12:03:33.537  1902 23259 I BLASTSyncEngine: SyncGroup 1065:  Unfinished container:ActivityRecord{b872458 u0 eu.europa.ec.euidi/eu.europa.ec.assemblylogic.ui.MainActivity t463}
10-10 12:03:33.537  1902 23259 I BLASTSyncEngine: isActivitySyncFinished isSyncFinished false ActivityRecord{b872458 u0 eu.europa.ec.euidi/eu.europa.ec.assemblylogic.ui.MainActivity t463}
10-10 12:03:33.544  1902  1936 D Aurogon :  uid = 10390 switch to FG
10-10 12:03:33.563  2983  4013 D MiuiFreeformModeObserver: activityResumed() intent Intent { cmp=eu.europa.ec.euidi/eu.europa.ec.assemblylogic.ui.MainActivity (has extras) }
10-10 12:03:33.566  1902 23266 I BLASTSyncEngine: SyncGroup 1065:  Unfinished container:ActivityRecord{b872458 u0 eu.europa.ec.euidi/eu.europa.ec.assemblylogic.ui.MainActivity t463}
10-10 12:03:33.566  1902 23266 I BLASTSyncEngine: isActivitySyncFinished isSyncFinished false ActivityRecord{b872458 u0 eu.europa.ec.euidi/eu.europa.ec.assemblylogic.ui.MainActivity t463}
10-10 12:03:33.567  1902  2323 I SmartPower: com.google.android.as.oss/10302(12507): idle->background(202935ms) R(service create com.google.android.as.oss/com.google.android.gms.learning.internal.training.InAppJobService) adj=0.
10-10 12:03:33.567  1902 23266 W WindowManager: Changing focus from null to Window{ed3c2a6 u0 eu.europa.ec.euidi/eu.europa.ec.assemblylogic.ui.MainActivity} displayId=0 Callers=com.android.server.wm.RootWindowContainer.updateFocusedWindowLocked:557 com.android.server.wm.WindowManagerService.updateFocusedWindowLocked:6962 com.android.server.wm.WindowManagerService.relayoutWindow:2951 com.android.server.wm.Session.relayout:266 
10-10 12:03:33.567  1902 23266 I WindowManager: cancelAnimation removed leash : Surface(name=Surface(name=81266ae StatusBar#86)/@0xb48dfdc - animation-leash of insets_animation#17640)/@0xd901b72
10-10 12:03:33.569  1902 23266 I WindowManager: cancelAnimation removed leash : Surface(name=Surface(name=db27a2 NavigationBar0#82)/@0xc1acbf0 - animation-leash of insets_animation#17641)/@0x69dec40
10-10 12:03:33.570  1902 23266 D WindowManager: wms.Input focus has changed to Window{ed3c2a6 u0 eu.europa.ec.euidi/eu.europa.ec.assemblylogic.ui.MainActivity} display=0 updateInputWindows = true
10-10 12:03:33.570  1902 23266 I MultiSenceManagerInternalStub: getInstance
10-10 12:03:33.570  1902 23266 I WindowManager: Relayout Window{ed3c2a6 u0 eu.europa.ec.euidi/eu.europa.ec.assemblylogic.ui.MainActivity}: oldVis=8 newVis=0 focusMayChange = true requestedWidth = 1080 requestedHeight = 2400 outFrames = ClientWindowFrames{frame=[0,0][1080,2400] display=[0,0][1080,2400] parentFrame=[0,0][0,0]} outSurfaceControl = Surface(name=eu.europa.ec.euidi/eu.europa.ec.assemblylogic.ui.MainActivity#17643)/@0xb97aaff
10-10 12:03:33.591  1902 23268 W JobScheduler: Job didn't exist in JobStore: 
10-10 12:03:33.597  1902 23268 W WindowManager: finishDrawingWindow: Window{ed3c2a6 u0 eu.europa.ec.euidi/eu.europa.ec.assemblylogic.ui.MainActivity} mDrawState=DRAW_PENDING
10-10 12:03:33.597  1902 23268 D WindowManager: wms.finishDrawingLocked: mDrawState=COMMIT_DRAW_PENDING Window{ed3c2a6 u0 eu.europa.ec.euidi/eu.europa.ec.assemblylogic.ui.MainActivity} in Surface(name=eu.europa.ec.euidi/eu.europa.ec.assemblylogic.ui.MainActivity#17643)/@0x6a3ad2
10-10 12:03:33.599  1902  1902 D MBrainLocalService: isVendorFreezeConditionPass is false
10-10 12:03:33.599  1902  1902 E MBrainLocalService: notifyAppSwitch failed
10-10 12:03:33.601  1902  1939 I SmartPower: eu.europa.ec.euidi/10390(7704): invisible->visible(113ms) R(become visible) adj=0.
10-10 12:03:33.601  1902  1939 W WindowManager: real show surface:Surface(name=eu.europa.ec.euidi/eu.europa.ec.assemblylogic.ui.MainActivity#17643)/@0x6a3ad2
10-10 12:03:33.601  1902  1939 D WindowManager: Final targets: [Task{9ad79b1 #463 type=standard A=10390:eu.europa.ec.euidi}, Task{ca68f4b #449 type=standard A=10190:com.android.chrome}]
10-10 12:03:33.619  1902  1939 D WindowManager: snapshot isNothing = false source = Task{ca68f4b #449 type=standard A=10190:com.android.chrome}
10-10 12:03:33.620  1902  1939 D WindowManager: Calling onTransitionReady info={id=1065 t=OPEN f=0x0 trk=0 r=[0@Point(0, 0)] c=[{WCT{RemoteToken{a171707 Task{9ad79b1 #463 type=standard A=10390:eu.europa.ec.euidi}}} m=TO_FRONT f=MOVE_TO_TOP leash=Surface(name=Task=463#17526)/@0x2b85388 sb=Rect(0, 0 - 1080, 2400) eb=Rect(0, 0 - 1080, 2400) d=0},{WCT{RemoteToken{fe89b7a Task{ca68f4b #449 type=standard A=10190:com.android.chrome}}} m=TO_BACK f=NONE leash=Surface(name=Task=449#16886)/@0xbffa9e9 sb=Rect(0, 0 - 1080, 2400) eb=Rect(0, 0 - 1080, 2400) d=0}] noAni=[false] df=[false] mk=[true] nc=[0] oa=[false]}, mToken=Token{d45f81b TransitionRecord{ff92e2b id=1065 type=OPEN flags=0x0}}
10-10 12:03:33.620  1902  1939 I BLASTSyncEngine: finishNow: after onTransactionReady, mSyncId=1065
10-10 12:03:33.624  2983  3075 D MiuiFreeformAnimation: startAnimation change: {WCT{android.window.IWindowContainerToken$Stub$Proxy@eb69515} m=TO_FRONT f=MOVE_TO_TOP leash=Surface(name=Task=463#17526)/@0xe5f101e sb=Rect(0, 0 - 1080, 2400) eb=Rect(0, 0 - 1080, 2400) d=0} info.getType(): 1
10-10 12:03:33.624  2983  3075 I MiuiFreeformAnimation: isLaunchWidgetPicker=false,taskInfo.getWindowingMode()=1, taskInfo.getActivityType()=1
10-10 12:03:33.624  1902  1902 D MBrainLocalService: isVendorFreezeConditionPass is false
10-10 12:03:33.624  1902  1902 E MBrainLocalService: notifyAppSwitch failed
10-10 12:03:33.624  2983  3075 D MiuiFreeformAnimation: startAnimation change: {WCT{android.window.IWindowContainerToken$Stub$Proxy@868102a} m=TO_BACK f=NONE leash=Surface(name=Task=449#16886)/@0xa9730ff sb=Rect(0, 0 - 1080, 2400) eb=Rect(0, 0 - 1080, 2400) d=0} info.getType(): 1
10-10 12:03:33.624  2983  3075 W MiuiTaskTransitionHandler: Receive an unknown transition, token=android.os.BinderProxy@65ad75d, type=1
10-10 12:03:33.625  2983  3075 D TransitionAnimationHelper:  load default animation  type = 1 enter = false animAttr = 9 isTask = true translucent = false
10-10 12:03:33.625  2983  3075 D TransitionAnimationHelper:  load default animation  type = 1 enter = true animAttr = 8 isTask = true translucent = false
10-10 12:03:33.626  2983  3092 D ShellTransitions: speed ui!!!!!!!!!!!
10-10 12:03:33.626  2983  3075 D MiuiFullScreenTaskRepository: setFocusedTask taskId=463, displayId=0, topActivity=ComponentInfo{eu.europa.ec.euidi/eu.europa.ec.assemblylogic.ui.MainActivity}
10-10 12:03:33.626  2983  3075 D MiuiFullScreenTaskRepository: addOrUpdateFullScreenTaskInfo taskId=463, topActivity=ComponentInfo{eu.europa.ec.euidi/eu.europa.ec.assemblylogic.ui.MainActivity}
10-10 12:03:33.631  1902  1938 D SchedBoost: com.android.chrome boosting, skip reset priority
10-10 12:03:33.631  1902  1938 D SchedBoost: com.android.chrome:sandboxed_process0:org.chromium.content.app.SandboxedProcessService0:8 boosting, skip reset priority
10-10 12:03:33.631  1902  1938 D SchedBoost: com.google.android.adservices.api boosting, skip reset priority
10-10 12:03:33.631  1902  1938 D SchedBoost: com.android.chrome:privileged_process0 boosting, skip reset priority
10-10 12:03:33.638  1902  1936 E MBrainLocalService: MBrainJava launch failed: SecurityException
10-10 12:03:33.639  2983  3075 D SoScUtils: monitorTransitionFinished transition:android.os.BinderProxy@65ad75d transaction: android.view.SurfaceControl$Transaction@2de7a82 mRequestCloseTransition:null mRequestOpenTransition:null mPairsOpenTransition:null mPairsOpenTransitionNull:null mRequestOpenTriggerTask:-1 mRequestCloseTriggerTask:-1 mOrientationTransition: null mMainStartingTask:-1 mSideStartingTask:-1
10-10 12:03:33.641  1902  1936 E MBrainLocalService: MBrainJava launch failed: SecurityException
10-10 12:03:33.642  1902 23259 I WindowManager: cancelAnimation removed leash : Surface(name=Surface(name=6a76de5 InputMethod#123)/@0xf2bd99 - animation-leash of insets_animation#17605)/@0xa738f30
10-10 12:03:33.645  1902  2304 W PackageConfigPersister: App-specific configuration not found for packageName: eu.europa.ec.euidi and userId: 0
10-10 12:03:33.650  2983  3075 D MiuiFullScreenTaskRepository: addOrUpdateFullScreenTaskInfo taskId=449, topActivity=ComponentInfo{com.android.chrome/org.chromium.chrome.browser.ChromeTabbedActivity}
10-10 12:03:33.656  1902  1938 I SmartPower: com.android.chrome/10190(4464): visible->invisible(20996ms) R(become invisible) adj=200.
10-10 12:03:33.656  1902  1938 I SmartPower: com.android.chrome:privileged_process0/10190(4940): invisible->background(21231ms) R(become background) adj=200.
10-10 12:03:33.656  1902  1938 I SmartPower: com.android.chrome/10190(4464): invisible->background(0ms) R(become background) adj=200.
10-10 12:03:33.662  1902  2323 D CompatibilityChangeReporter: Compat change id reported: 265195908; UID 10190; state: ENABLED
10-10 12:03:33.689  1902 23268 D CoreBackPreview: Window{565fe39 u0 com.android.chrome/org.chromium.chrome.browser.ChromeTabbedActivity}: Setting back callback OnBackInvokedCallbackInfo{mCallback=android.window.IOnBackInvokedCallback$Stub$Proxy@d1ee4fc, mPriority=-1, mIsAnimationCallback=false}
10-10 12:03:33.707  1902  1958 I ExtM    : zram userate is low, no need to flush: 28
10-10 12:03:33.713  1902  1936 D Aurogon :  uid = 10190 switch to BG
10-10 12:03:33.713  1902  2600 D isUidValid: uid = 10190
10-10 12:03:34.111   691 30286 W keystore2: system/security/keystore2/src/remote_provisioning.rs:102 - Error occurred: system/security/keystore2/src/rkpd_client.rs:272: Trying to get to IRegistration service.
10-10 12:03:34.111   691 30286 W keystore2: 
10-10 12:03:34.111   691 30286 W keystore2: Caused by:
10-10 12:03:34.111   691 30286 W keystore2:     0: system/security/keystore2/src/rkpd_client.rs:162: Trying to get IRPC name.
10-10 12:03:34.111   691 30286 W keystore2:     1: system/security/keystore2/src/globals.rs:440
10-10 12:03:34.111   691 30286 W keystore2:     2: Error::Km(r#HARDWARE_TYPE_UNAVAILABLE)
10-10 12:03:34.529  1556  1556 I wificond: station_bandwidth: 
10-10 12:03:34.991  1902 23265 W MIUIInput: Input event injection from package: null action ACTION_DOWN
10-10 12:03:34.998  1902 23265 W MIUIInput: Input event injection from package: null action ACTION_UP
10-10 12:03:35.230  1902 23268 W MIUIInput: Input event injection from package: null action ACTION_DOWN
10-10 12:03:35.233  1902 23268 W MIUIInput: Input event injection from package: null action ACTION_UP
10-10 12:03:35.241  1902 23265 D PerfShielderService: eu.europa.ec.euidi|eu.europa.ec.euidi/eu.europa.ec.assemblylogic.ui.MainActivity|90|114052488260259|47|5|3
10-10 12:03:35.242 22071 22103 W MiuiPerfServiceClient: interceptAndQueuing:7704|eu.europa.ec.euidi|90|47|114052488260259|Slow issue draw commands|3
10-10 12:03:35.605  1902 23268 I ActivityManager: Force stopping eu.europa.ec.euidi appid=10390 user=0: from process:7988
10-10 12:03:35.607  1902 23268 E ActivityManager: Unable to freeze binder for 7704: java.lang.RuntimeException: Unable to freeze/unfreeze binder
10-10 12:03:35.607  1902  2611 E ProcessManager: error write exception log
10-10 12:03:35.610  1902 23268 I ActivityManager: Killing 7704:eu.europa.ec.euidi/u0a390 (adj 0): stop eu.europa.ec.euidi due to from process:7988
10-10 12:03:35.611  1902  1936 D DisplayManagerService: Drop pending events for gone uid 10390
10-10 12:03:35.614  1902 23268 W ActivityTaskManager: Force removing ActivityRecord{b872458 u0 eu.europa.ec.euidi/eu.europa.ec.assemblylogic.ui.MainActivity t463 f}}: app died, no saved state
10-10 12:03:35.615  1902 23268 D WindowManager: Requesting StartTransition: TransitionRecord{9a99ffb id=1066 type=CLOSE flags=0x0}
10-10 12:03:35.615  1902 23268 D WindowManager: Collecting in transition 1066: Task{9ad79b1 #463 type=standard A=10390:eu.europa.ec.euidi} init visibleRequested:true
10-10 12:03:35.616  1902 23268 D WindowManager: Collecting in transition 1066: ActivityRecord{b872458 u0 eu.europa.ec.euidi/eu.europa.ec.assemblylogic.ui.MainActivity t463 f}} init visibleRequested:false
10-10 12:03:35.618  1902 23268 W WindowManager: Changing focus from Window{ed3c2a6 u0 eu.europa.ec.euidi/eu.europa.ec.assemblylogic.ui.MainActivity} to null displayId=0 Callers=com.android.server.wm.RootWindowContainer.updateFocusedWindowLocked:557 com.android.server.wm.WindowManagerService.updateFocusedWindowLocked:6962 com.android.server.wm.ActivityRecord.onRemovedFromDisplay:5154 com.android.server.wm.DisplayContent.removeAppToken:1757 
10-10 12:03:35.618  1902 23268 D WindowManager: wms.Input focus has changed to null display=0 updateInputWindows = true
10-10 12:03:35.618  1902 23268 I MultiSenceManagerInternalStub: getInstance
10-10 12:03:35.621  1902 23268 D WindowManager: Collecting in transition 1066: ActivityRecord{dfc2f2f u0 com.android.chrome/org.chromium.chrome.browser.ChromeTabbedActivity t449} init visibleRequested:false
10-10 12:03:35.623  1902 23268 I SmartPower: com.android.chrome:privileged_process0/10190(4940): background->invisible(1967ms) R(become foreground) adj=700.
10-10 12:03:35.623  1902 23268 I SmartPower: com.android.chrome/10190(4464): background->invisible(1967ms) R(become foreground) adj=700.
10-10 12:03:35.624  1902 23268 D WindowManager: Collecting in transition 1066: ActivityRecord{dfc2f2f u0 com.android.chrome/org.chromium.chrome.browser.ChromeTabbedActivity t449} init visibleRequested:true
10-10 12:03:35.627  1902 23259 D WindowManager: Set transition=TransitionRecord{9a99ffb id=1066 type=CLOSE flags=0x0}, ready=true, SyncId=1066 
10-10 12:03:35.628  2983  3075 D MiuiFullScreenTaskRepository: removeFocusedTask displayId=0
10-10 12:03:35.628  2983  3075 D MiuiFullScreenTaskRepository: addOrUpdateFullScreenTaskInfo taskId=463, topActivity=null
10-10 12:03:35.628  2983  3075 D MiuiFullScreenTaskRepository: addOrUpdateFullScreenTaskInfo taskId=449, topActivity=ComponentInfo{com.android.chrome/org.chromium.chrome.browser.ChromeTabbedActivity}
10-10 12:03:35.630  1902  1936 D Aurogon :  uid = 10190 switch to FG
10-10 12:03:35.630  1902  1939 I BLASTSyncEngine: SyncGroup 1066:  Unfinished container:ActivityRecord{dfc2f2f u0 com.android.chrome/org.chromium.chrome.browser.ChromeTabbedActivity t449}
10-10 12:03:35.630  1902  1939 I BLASTSyncEngine: isActivitySyncFinished isSyncFinished false ActivityRecord{dfc2f2f u0 com.android.chrome/org.chromium.chrome.browser.ChromeTabbedActivity t449}
10-10 12:03:35.632  1902 23268 D WindowManager: Set transition=TransitionRecord{9a99ffb id=1066 type=CLOSE flags=0x0}, ready=true, SyncId=1066 
10-10 12:03:35.632  1902 23268 I AppsFilter: interaction: PackageSetting{1141c0b com.android.microdroid.empty_payload/10336} -> PackageSetting{319c818 eu.europa.ec.euidi/10390} BLOCKED
10-10 12:03:35.632  1902 23268 I AppsFilter: interaction: PackageSetting{2f03501 io.appium.uiautomator2.server.test/10379} -> PackageSetting{319c818 eu.europa.ec.euidi/10390} BLOCKED
10-10 12:03:35.632  1902 23268 I AppsFilter: interaction: PackageSetting{330fa6 com.fido.asm/10112} -> PackageSetting{319c818 eu.europa.ec.euidi/10390} BLOCKED
10-10 12:03:35.632  1902 23268 I AppsFilter: interaction: PackageSetting{4e66de7 io.appium.uiautomator2.server/10378} -> PackageSetting{319c818 eu.europa.ec.euidi/10390} BLOCKED
10-10 12:03:35.632  1902 23268 I AppsFilter: interaction: PackageSetting{3435d94 io.appium.settings/10326} -> PackageSetting{319c818 eu.europa.ec.euidi/10390} BLOCKED
10-10 12:03:35.640  1902  1936 E MBrainLocalService: MBrainJava launch failed: SecurityException
10-10 12:03:35.641  1902 23266 D CompatibilityChangeReporter: Compat change id reported: 319212206; UID 10190; state: ENABLED
10-10 12:03:35.642  1902 22706 D CompatibilityChangeReporter: Compat change id reported: 161145287; UID 10190; state: ENABLED
10-10 12:03:35.659  1902 23259 D CoreBackPreview: Window{565fe39 u0 com.android.chrome/org.chromium.chrome.browser.ChromeTabbedActivity}: Setting back callback OnBackInvokedCallbackInfo{mCallback=android.window.IOnBackInvokedCallback$Stub$Proxy@5650dc7, mPriority=0, mIsAnimationCallback=true}
10-10 12:03:35.671  1902 22706 I WindowManager: WIN DEATH: Window{ed3c2a6 u0 eu.europa.ec.euidi/eu.europa.ec.assemblylogic.ui.MainActivity}
10-10 12:03:35.673  1902 22706 I BLASTSyncEngine: SyncGroup 1066:  Unfinished container:ActivityRecord{dfc2f2f u0 com.android.chrome/org.chromium.chrome.browser.ChromeTabbedActivity t449}
10-10 12:03:35.673  1902 22706 I BLASTSyncEngine: isActivitySyncFinished isSyncFinished false ActivityRecord{dfc2f2f u0 com.android.chrome/org.chromium.chrome.browser.ChromeTabbedActivity t449}
10-10 12:03:35.697  2983  3002 D MiuiFreeformModeObserver: activityResumed() intent Intent { cmp=com.android.chrome/org.chromium.chrome.browser.ChromeTabbedActivity (has extras) }
10-10 12:03:35.716  1902 23268 I BLASTSyncEngine: SyncGroup 1066:  Unfinished container:ActivityRecord{dfc2f2f u0 com.android.chrome/org.chromium.chrome.browser.ChromeTabbedActivity t449}
10-10 12:03:35.716  1902 23268 I BLASTSyncEngine: isActivitySyncFinished isSyncFinished false ActivityRecord{dfc2f2f u0 com.android.chrome/org.chromium.chrome.browser.ChromeTabbedActivity t449}
10-10 12:03:35.717  1902 23268 W WindowManager: Changing focus from null to Window{565fe39 u0 com.android.chrome/org.chromium.chrome.browser.ChromeTabbedActivity} displayId=0 Callers=com.android.server.wm.RootWindowContainer.updateFocusedWindowLocked:557 com.android.server.wm.WindowManagerService.updateFocusedWindowLocked:6962 com.android.server.wm.WindowManagerService.relayoutWindow:2951 com.android.server.wm.Session.relayout:266 
10-10 12:03:35.717  1902 23268 I WindowManager: cancelAnimation removed leash : Surface(name=Surface(name=81266ae StatusBar#86)/@0xb48dfdc - animation-leash of insets_animation#17644)/@0x3b48aa0
10-10 12:03:35.718  1902 23268 I WindowManager: cancelAnimation removed leash : Surface(name=Surface(name=db27a2 NavigationBar0#82)/@0xc1acbf0 - animation-leash of insets_animation#17645)/@0xd8d321e
10-10 12:03:35.719  1902 23268 D WindowManager: wms.Input focus has changed to Window{565fe39 u0 com.android.chrome/org.chromium.chrome.browser.ChromeTabbedActivity} display=0 updateInputWindows = true
10-10 12:03:35.719  1902 23268 I MultiSenceManagerInternalStub: getInstance
10-10 12:03:35.720  1902 23268 I WindowManager: Relayout Window{565fe39 u0 com.android.chrome/org.chromium.chrome.browser.ChromeTabbedActivity}: oldVis=8 newVis=0 focusMayChange = true requestedWidth = 1080 requestedHeight = 2400 outFrames = ClientWindowFrames{frame=[0,0][1080,2400] display=[0,0][1080,2400] parentFrame=[0,0][0,0]} outSurfaceControl = Surface(name=com.android.chrome/org.chromium.chrome.browser.ChromeTabbedActivity#17650)/@0xf4ff9b6
10-10 12:03:35.725  1902  1939 W WindowManager: Failed to deliver inset control state change to w=Window{ed3c2a6 u0 eu.europa.ec.euidi/eu.europa.ec.assemblylogic.ui.MainActivity EXITING}
10-10 12:03:35.725  1902  1939 W WindowManager: android.os.DeadObjectException
10-10 12:03:35.725  1902  1939 W WindowManager: 	at android.os.BinderProxy.transactNative(Native Method)
10-10 12:03:35.725  1902  1939 W WindowManager: 	at android.os.BinderProxy.transact(BinderProxy.java:639)
10-10 12:03:35.725  1902  1939 W WindowManager: 	at android.view.IWindow$Stub$Proxy.insetsControlChanged(IWindow.java:606)
10-10 12:03:35.725  1902  1939 W WindowManager: 	at com.android.server.wm.WindowState.notifyInsetsControlChanged(WindowState.java:4238)
10-10 12:03:35.725  1902  1939 W WindowManager: 	at com.android.server.wm.InsetsStateController.lambda$notifyPendingInsetsControlChanged$3(InsetsStateController.java:343)
10-10 12:03:35.725  1902  1939 W WindowManager: 	at com.android.server.wm.InsetsStateController.$r8$lambda$8yykPRG1GyNq_J17QvL9d5xANMc(Unknown Source:0)
10-10 12:03:35.725  1902  1939 W WindowManager: 	at com.android.server.wm.InsetsStateController$$ExternalSyntheticLambda2.run(Unknown Source:2)
10-10 12:03:35.725  1902  1939 W WindowManager: 	at com.android.server.wm.WindowAnimator.executeAfterPrepareSurfacesRunnables(WindowAnimator.java:309)
10-10 12:03:35.725  1902  1939 W WindowManager: 	at com.android.server.wm.WindowAnimator.animate(WindowAnimator.java:217)
10-10 12:03:35.725  1902  1939 W WindowManager: 	at com.android.server.wm.WindowAnimator.lambda$new$1(WindowAnimator.java:102)
10-10 12:03:35.725  1902  1939 W WindowManager: 	at com.android.server.wm.WindowAnimator.$r8$lambda$aHNu1uhcqxihX5NZc4McDDQPAyw(Unknown Source:0)
10-10 12:03:35.725  1902  1939 W WindowManager: 	at com.android.server.wm.WindowAnimator$$ExternalSyntheticLambda1.doFrame(Unknown Source:2)
10-10 12:03:35.725  1902  1939 W WindowManager: 	at android.view.Choreographer$CallbackRecord.run(Choreographer.java:1766)
10-10 12:03:35.725  1902  1939 W WindowManager: 	at android.view.Choreographer$CallbackRecord.run(Choreographer.java:1777)
10-10 12:03:35.725  1902  1939 W WindowManager: 	at android.view.Choreographer.doCallbacks(Choreographer.java:1247)
10-10 12:03:35.725  1902  1939 W WindowManager: 	at android.view.Choreographer.doFrame(Choreographer.java:1104)
10-10 12:03:35.725  1902  1939 W WindowManager: 	at android.view.Choreographer$FrameDisplayEventReceiver.run(Choreographer.java:1731)
10-10 12:03:35.725  1902  1939 W WindowManager: 	at android.os.Handler.handleCallback(Handler.java:958)
10-10 12:03:35.725  1902  1939 W WindowManager: 	at android.os.Handler.dispatchMessage(Handler.java:99)
10-10 12:03:35.725  1902  1939 W WindowManager: 	at android.os.Looper.loopOnce(Looper.java:222)
10-10 12:03:35.725  1902  1939 W WindowManager: 	at android.os.Looper.loop(Looper.java:314)
10-10 12:03:35.725  1902  1939 W WindowManager: 	at android.os.HandlerThread.run(HandlerThread.java:67)
10-10 12:03:35.725  1902  1939 W WindowManager: 	at com.android.server.ServiceThread.run(ServiceThread.java:46)
10-10 12:03:35.730  1902  2620 I SmartPower: com.android.chrome:sandboxed_process0:org.chromium.content.app.SandboxedProcessSerbackground->idle(23198ms) R(adj below visible) adj=101.
10-10 12:03:35.774  1902 23268 D PackageParserImpl: dump dex file,file message: base.art: 1753Kb base.odex: 11235Kb base.vdex: 577Kb 
10-10 12:03:35.774  1902 23257 W WindowManager: finishDrawingWindow: Window{565fe39 u0 com.android.chrome/org.chromium.chrome.browser.ChromeTabbedActivity} mDrawState=DRAW_PENDING
10-10 12:03:35.774  1902 23257 D WindowManager: wms.finishDrawingLocked: mDrawState=COMMIT_DRAW_PENDING Window{565fe39 u0 com.android.chrome/org.chromium.chrome.browser.ChromeTabbedActivity} in Surface(name=com.android.chrome/org.chromium.chrome.browser.ChromeTabbedActivity#17650)/@0x9c1e8d5
10-10 12:03:35.776  1902  1939 I SmartPower: com.android.chrome/10190(4464): invisible->visible(153ms) R(become visible) adj=101.
10-10 12:03:35.776  1902  1939 W WindowManager: real show surface:Surface(name=com.android.chrome/org.chromium.chrome.browser.ChromeTabbedActivity#17650)/@0x9c1e8d5
10-10 12:03:35.776  1902  2620 I SmartPower: com.android.chrome:sandboxed_process0:org.chromium.content.app.SandboxedProcessSeridle->background(47ms) R(add to whitelist) adj=101.
10-10 12:03:35.776  1902  1939 D WindowManager: Final targets: [Task{9ad79b1 #463 type=standard A=10390:eu.europa.ec.euidi}, Task{ca68f4b #449 type=standard A=10190:com.android.chrome}]
10-10 12:03:35.789  1902  1939 D WindowManager: snapshot isNothing = false source = Task{9ad79b1 #463 type=standard A=10390:eu.europa.ec.euidi}
10-10 12:03:35.790  1902  1939 D WindowManager: Calling onTransitionReady info={id=1066 t=CLOSE f=0x0 trk=0 r=[0@Point(0, 0)] c=[{WCT{RemoteToken{a171707 Task{9ad79b1 #463 type=standard A=10390:eu.europa.ec.euidi}}} m=CLOSE f=NONE leash=Surface(name=Task=463#17526)/@0x2b85388 sb=Rect(0, 0 - 1080, 2400) eb=Rect(0, 0 - 1080, 2400) d=0},{WCT{RemoteToken{fe89b7a Task{ca68f4b #449 type=standard A=10190:com.android.chrome}}} m=TO_FRONT f=NONE leash=Surface(name=Task=449#16886)/@0xbffa9e9 sb=Rect(0, 0 - 1080, 2400) eb=Rect(0, 0 - 1080, 2400) d=0}] noAni=[false] df=[false] mk=[true] nc=[0] oa=[false]}, mToken=Token{5fc29a8 TransitionRecord{9a99ffb id=1066 type=CLOSE flags=0x0}}
10-10 12:03:35.790  1902  1939 I BLASTSyncEngine: finishNow: after onTransactionReady, mSyncId=1066
10-10 12:03:35.794  2983  3075 D MiuiFreeformAnimation: startAnimation change: {WCT{android.window.IWindowContainerToken$Stub$Proxy@1a7ed85} m=CLOSE f=NONE leash=Surface(name=Task=463#17526)/@0x1c23dc9 sb=Rect(0, 0 - 1080, 2400) eb=Rect(0, 0 - 1080, 2400) d=0} info.getType(): 2
10-10 12:03:35.794  2983  3075 D MiuiFreeformAnimation: startAnimation change: {WCT{android.window.IWindowContainerToken$Stub$Proxy@8bcd7da} m=TO_FRONT f=NONE leash=Surface(name=Task=449#16886)/@0xfdbcce sb=Rect(0, 0 - 1080, 2400) eb=Rect(0, 0 - 1080, 2400) d=0} info.getType(): 2
10-10 12:03:35.794  2983  3075 I MiuiFreeformAnimation: isLaunchWidgetPicker=false,taskInfo.getWindowingMode()=1, taskInfo.getActivityType()=1
10-10 12:03:35.794  2983  3075 W MiuiTaskTransitionHandler: Receive an unknown transition, token=android.os.BinderProxy@499f593, type=2
10-10 12:03:35.795  2983  3075 D TransitionAnimationHelper:  load default animation  type = 2 enter = true animAttr = 10 isTask = true translucent = false
10-10 12:03:35.795  2983  3075 D TransitionAnimationHelper:  load default animation  type = 2 enter = false animAttr = 11 isTask = true translucent = false
10-10 12:03:35.796  2983  3092 D ShellTransitions: speed ui!!!!!!!!!!!
10-10 12:03:35.797  2983  3075 D MiuiFullScreenTaskRepository: addOrUpdateFullScreenTaskInfo taskId=449, topActivity=ComponentInfo{com.android.chrome/org.chromium.chrome.browser.ChromeTabbedActivity}
10-10 12:03:35.806  1902 23268 I WindowManager: cancelAnimation removed leash : Surface(name=Surface(name=6a76de5 InputMethod#123)/@0xf2bd99 - animation-leash of insets_animation#17649)/@0xab29bcd
10-10 12:03:35.808  1902  3984 W PackageConfigPersister: App-specific configuration not found for packageName: com.android.chrome and userId: 0
10-10 12:03:35.811  1902  1939 W WindowManager: Failed to deliver inset control state change to w=Window{ed3c2a6 u0 eu.europa.ec.euidi/eu.europa.ec.assemblylogic.ui.MainActivity EXITING}
10-10 12:03:35.811  1902  1939 W WindowManager: android.os.DeadObjectException
10-10 12:03:35.811  1902  1939 W WindowManager: 	at android.os.BinderProxy.transactNative(Native Method)
10-10 12:03:35.811  1902  1939 W WindowManager: 	at android.os.BinderProxy.transact(BinderProxy.java:639)
10-10 12:03:35.811  1902  1939 W WindowManager: 	at android.view.IWindow$Stub$Proxy.insetsControlChanged(IWindow.java:606)
10-10 12:03:35.811  1902  1939 W WindowManager: 	at com.android.server.wm.WindowState.notifyInsetsControlChanged(WindowState.java:4238)
10-10 12:03:35.811  1902  1939 W WindowManager: 	at com.android.server.wm.InsetsStateController.lambda$notifyPendingInsetsControlChanged$3(InsetsStateController.java:343)
10-10 12:03:35.811  1902  1939 W WindowManager: 	at com.android.server.wm.InsetsStateController.$r8$lambda$8yykPRG1GyNq_J17QvL9d5xANMc(Unknown Source:0)
10-10 12:03:35.811  1902  1939 W WindowManager: 	at com.android.server.wm.InsetsStateController$$ExternalSyntheticLambda2.run(Unknown Source:2)
10-10 12:03:35.811  1902  1939 W WindowManager: 	at com.android.server.wm.WindowAnimator.executeAfterPrepareSurfacesRunnables(WindowAnimator.java:309)
10-10 12:03:35.811  1902  1939 W WindowManager: 	at com.android.server.wm.RootWindowContainer.performSurfacePlacementNoTrace(RootWindowContainer.java:921)
10-10 12:03:35.811  1902  1939 W WindowManager: 	at com.android.server.wm.RootWindowContainer.performSurfacePlacement(RootWindowContainer.java:863)
10-10 12:03:35.811  1902  1939 W WindowManager: 	at com.android.server.wm.WindowSurfacePlacer.performSurfacePlacementLoop(WindowSurfacePlacer.java:200)
10-10 12:03:35.811  1902  1939 W WindowManager: 	at com.android.server.wm.WindowSurfacePlacer.performSurfacePlacement(WindowSurfacePlacer.java:149)
10-10 12:03:35.811  1902  1939 W WindowManager: 	at com.android.server.wm.WindowSurfacePlacer.performSurfacePlacement(WindowSurfacePlacer.java:138)
10-10 12:03:35.811  1902  1939 W WindowManager: 	at com.android.server.wm.WindowSurfacePlacer$Traverser.run(WindowSurfacePlacer.java:80)
10-10 12:03:35.811  1902  1939 W WindowManager: 	at android.os.Handler.handleCallback(Handler.java:958)
10-10 12:03:35.811  1902  1939 W WindowManager: 	at android.os.Handler.dispatchMessage(Handler.java:99)
10-10 12:03:35.811  1902  1939 W WindowManager: 	at android.os.Looper.loopOnce(Looper.java:222)
10-10 12:03:35.811  1902  1939 W WindowManager: 	at android.os.Looper.loop(Looper.java:314)
10-10 12:03:35.811  1902  1939 W WindowManager: 	at android.os.HandlerThread.run(HandlerThread.java:67)
10-10 12:03:35.811  1902  1939 W WindowManager: 	at com.android.server.ServiceThread.run(ServiceThread.java:46)
10-10 12:03:35.813  2983  3075 D SoScUtils: monitorTransitionFinished transition:android.os.BinderProxy@499f593 transaction: android.view.SurfaceControl$Transaction@27b6983 mRequestCloseTransition:null mRequestOpenTransition:null mPairsOpenTransition:null mPairsOpenTransitionNull:null mRequestOpenTriggerTask:-1 mRequestCloseTriggerTask:-1 mOrientationTransition: null mMainStartingTask:-1 mSideStartingTask:-1
10-10 12:03:35.817  1902 23257 W WindowManager: Exception thrown during dispatchAppVisibility Window{ed3c2a6 u0 eu.europa.ec.euidi/eu.europa.ec.assemblylogic.ui.MainActivity EXITING}
10-10 12:03:35.817  1902 23257 W WindowManager: android.os.DeadObjectException
10-10 12:03:35.817  1902 23257 W WindowManager: 	at android.os.BinderProxy.transactNative(Native Method)
10-10 12:03:35.817  1902 23257 W WindowManager: 	at android.os.BinderProxy.transact(BinderProxy.java:639)
10-10 12:03:35.817  1902 23257 W WindowManager: 	at android.view.IWindow$Stub$Proxy.dispatchAppVisibility(IWindow.java:673)
10-10 12:03:35.817  1902 23257 W WindowManager: 	at com.android.server.wm.WindowState.sendAppVisibilityToClients(WindowState.java:3575)
10-10 12:03:35.817  1902 23257 W WindowManager: 	at com.android.server.wm.WindowContainer.sendAppVisibilityToClients(WindowContainer.java:1311)
10-10 12:03:35.817  1902 23257 W WindowManager: 	at com.android.server.wm.WindowToken.setClientVisible(WindowToken.java:420)
10-10 12:03:35.817  1902 23257 W WindowManager: 	at com.android.server.wm.ActivityRecord.setClientVisible(ActivityRecord.java:8042)
10-10 12:03:35.817  1902 23257 W WindowManager: 	at com.android.server.wm.ActivityRecord.postApplyAnimation(ActivityRecord.java:6610)
10-10 12:03:35.817  1902 23257 W WindowManager: 	at com.android.server.wm.ActivityRecord.commitVisibility(ActivityRecord.java:6552)
10-10 12:03:35.817  1902 23257 W WindowManager: 	at com.android.server.wm.Transition.finishTransition(Transition.java:1369)
10-10 12:03:35.817  1902 23257 W WindowManager: 	at com.android.server.wm.TransitionController.finishTransition(TransitionController.java:1061)
10-10 12:03:35.817  1902 23257 W WindowManager: 	at com.android.server.wm.WindowOrganizerController.finishTransition(WindowOrganizerController.java:471)
10-10 12:03:35.817  1902 23257 W WindowManager: 	at android.window.IWindowOrganizerController$Stub.onTransact(IWindowOrganizerController.java:321)
10-10 12:03:35.817  1902 23257 W WindowManager: 	at com.android.server.wm.WindowOrganizerController.onTransact(WindowOrganizerController.java:211)
10-10 12:03:35.817  1902 23257 W WindowManager: 	at android.os.Binder.execTransactInternal(Binder.java:1351)
10-10 12:03:35.817  1902 23257 W WindowManager: 	at android.os.Binder.execTransact(Binder.java:1282)
10-10 12:03:35.817  1902 23257 W WindowManager: The process may be dead, tid:7704,tgid:-1
10-10 12:03:35.825  1902 23257 D WindowManager: setParent old=ActivityRecord{b872458 u0 eu.europa.ec.euidi/eu.europa.ec.assemblylogic.ui.MainActivity t463 f}},new=null,this window=Window{ed3c2a6 u0 eu.europa.ec.euidi/eu.europa.ec.assemblylogic.ui.MainActivity EXITING},callers=com.android.server.wm.WindowContainer.removeChild:840 com.android.server.wm.ActivityRecord.removeChild:5227 com.android.server.wm.ActivityRecord.removeChild:470 com.android.server.wm.WindowContainer.removeImmediately:898 com.android.server.wm.WindowState.removeImmediately:2538 com.android.server.wm.WindowState.removeIfPossible:2719 
10-10 12:03:35.832  1902 23257 D WindowManager: setParent old=Task{9ad79b1 #463 type=standard A=10390:eu.europa.ec.euidi},new=null,this window=ActivityRecord{b872458 u0 eu.europa.ec.euidi/eu.europa.ec.assemblylogic.ui.MainActivity t463 f}},callers=com.android.server.wm.WindowContainer.removeChild:840 com.android.server.wm.TaskFragment.removeChild:3119 com.android.server.wm.Task.removeChild:1822 com.android.server.wm.Task.removeChild:1802 com.android.server.wm.WindowContainer.removeImmediately:898 com.android.server.wm.WindowToken.removeImmediately:376 
10-10 12:03:35.835  1902 23257 D WindowManager: setParent old=DefaultTaskDisplayArea@126197207,new=null,this window=Task{9ad79b1 #463 type=standard A=10390:eu.europa.ec.euidi},callers=com.android.server.wm.WindowContainer.removeChild:840 com.android.server.wm.TaskDisplayArea.removeChildTask:359 com.android.server.wm.TaskDisplayArea.removeChild:350 com.android.server.wm.WindowContainer.removeImmediately:898 com.android.server.wm.TaskFragment.removeImmediately:3203 com.android.server.wm.Task.removeImmediately:3222 
10-10 12:03:35.836  2983  3075 D MiuiFullScreenTaskRepository: addOrUpdateFullScreenTaskInfo taskId=463, topActivity=null
10-10 12:03:35.836  1902  1939 W ActivityTaskManager: Can't find TaskDisplayArea to determine support for multi window. Task id=463 attached=false
10-10 12:03:35.836  1902  1938 W ActivityManager: setHasOverlayUi called on unknown pid: 7704
10-10 12:03:35.837  2983  3075 D MiuiFullScreenTaskRepository: removeFullScreenTask taskId=463, topActivity=null
10-10 12:03:35.837  2983  3075 D MiuiWindowDecorViewModel: destroyWindowDecoration: taskId=463, windowingMode=1, mWindowDecorByTaskId.size()=0, callers=com.android.wm.shell.fullscreen.FullscreenTaskListener.onTaskVanished:143 com.android.wm.shell.ShellTaskOrganizer.onTaskVanished:138 android.window.TaskOrganizer$1.lambda$onTaskVanished$6:398 android.window.TaskOrganizer$1.$r8$lambda$z23H3L3GZav04D10kA3vkevrglg:0 android.window.TaskOrganizer$1$$ExternalSyntheticLambda14.run:4 
10-10 12:03:36.134  1902  1954 I SmartPower: com.google.android.videos/10312(31305): idle->background(55761ms) R(broadcast start Intent { act=android.intent.action.PACKAGE_RESTARTED dat=package: flg=0x10 (has extras) }) adj=905.
10-10 12:03:36.176  1902  2682 D ATMSImpl: setActivityController callingUid:2000 control=true
10-10 12:03:36.176  1902  2682 W ActivityManager: registerReceiverWithFeature: no app for null
10-10 12:03:36.182  1902  2682 D CompatibilityChangeReporter: Compat change id reported: 161252188; UID 10390; state: DISABLED
10-10 12:03:36.183  1902  2682 W ActivityTaskManager: callingPackage for (uid=2000, pid=8001) has no WPC
10-10 12:03:36.184  1902  2682 D WindowManager: Collecting in transition 1067: ActivityRecord{a0bb89f u0 eu.europa.ec.euidi/eu.europa.ec.assemblylogic.ui.MainActivity init visibleRequested:false
10-10 12:03:36.184  1902  2682 D MiuiFreeFormManagerService: activeOrFullscreenFreeformTaskIfNeed startDefaultAr:true
10-10 12:03:36.186  2983  3075 D OneHandedController: stopOneHanded state is 0
10-10 12:03:36.186  1902  2682 D WindowManagerService: checkFlipFullScreenChange is same, nowIsFullScreen = false
10-10 12:03:36.188  1902  2682 D WindowManager: setLockTaskAuth: task=Task{3383dec #466 type=standard A=10390:eu.europa.ec.euidi} mLockTaskAuth=LOCK_TASK_AUTH_PINNABLE
10-10 12:03:36.188  1902  2682 D WindowManager: Collecting in transition 1067: Task{3383dec #466 type=standard A=10390:eu.europa.ec.euidi} init visibleRequested:false
10-10 12:03:36.188  1902  2682 D CompatibilityChangeReporter: Compat change id reported: 184838306; UID 10390; state: DISABLED
10-10 12:03:36.188  1902  2682 D CompatibilityChangeReporter: Compat change id reported: 185004937; UID 10390; state: DISABLED
10-10 12:03:36.190  1902  2682 D WindowManager: setLockTaskAuth: task=Task{3383dec #466 type=standard A=10390:eu.europa.ec.euidi} mLockTaskAuth=LOCK_TASK_AUTH_PINNABLE
10-10 12:03:36.190  1902  2682 D MiuiFreeFormManagerService: onStartActivityInner as = Task{3383dec #466 type=standard A=10390:eu.europa.ec.euidi} op = null
10-10 12:03:36.190  1902  2682 D ActivityTaskManager: Task#startActivityLocked isOrhasTask=true newTask=true
10-10 12:03:36.192  1902  2682 D CompatibilityChangeReporter: Compat change id reported: 205907456; UID 10390; state: ENABLED
10-10 12:03:36.199  1902  2682 D WindowManager: Collecting in transition 1067: ActivityRecord{a0bb89f u0 eu.europa.ec.euidi/eu.europa.ec.assemblylogic.ui.MainActivity t466} init visibleRequested:false
10-10 12:03:36.199  1902  2682 D WindowManager: Requesting StartTransition: TransitionRecord{285744a id=1067 type=OPEN flags=0x0}
10-10 12:03:36.200  2983  3147 D TaskSnapshot_Helper: SYS is normal.
10-10 12:03:36.200  1902  2682 I ActivityTaskManager: START u0 {act=android.intent.action.MAIN cat=[android.intent.category.LAUNCHER] flg=0x10200000 cmp=eu.europa.ec.euidi/eu.europa.ec.assemblylogic.ui.MainActivity} with LAUNCH_SINGLE_TASK from uid 2000 (BAL_ALLOW_PERMISSION) result code=0
10-10 12:03:36.201  2983  3075 I SoScUtils: monitorTransitionRequest mRequestOpenTransition:null mRequestOpenTriggerTask:-1 mRequestCloseTransition:null mRequestCloseTriggerTask:-1 mRequestCloseStageType:-1
10-10 12:03:36.201  1902 22706 D WindowManager: Set transition=TransitionRecord{285744a id=1067 type=OPEN flags=0x0}, ready=false, SyncId=1067 used=true, override=false, defer=0, states=Display{#0 state=ON size=1080x2400 ROTATION_0}:false
10-10 12:03:36.203  2983  3075 D OneHandedController: stopOneHanded state is 0
10-10 12:03:36.203  1902  1951 D ATMSImpl: Begin to report package foreground events...
10-10 12:03:36.210  2983  3075 D MiuiFullScreenTaskRepository: setFocusedTask taskId=449, displayId=0, topActivity=ComponentInfo{com.android.chrome/org.chromium.chrome.browser.ChromeTabbedActivity}
10-10 12:03:36.210  2983  3075 D MiuiFullScreenTaskRepository: addOrUpdateFullScreenTaskInfo taskId=449, topActivity=ComponentInfo{com.android.chrome/org.chromium.chrome.browser.ChromeTabbedActivity}
10-10 12:03:36.210  1902  1938 D CompatibilityChangeReporter: Compat change id reported: 135634846; UID 10390; state: DISABLED
10-10 12:03:36.211  1902  1938 D CompatibilityChangeReporter: Compat change id reported: 177438394; UID 10390; state: DISABLED
10-10 12:03:36.211  2983  3075 D MiuiDesktopModeController: onFocusTaskChanged newFocus: TaskInfo{userId=0 taskId=449 displayId=0 isRunning=true baseIntent=Intent { act=android.intent.action.VIEW dat=https://issuer.eudiw.dev/... flg=0x14002000 cmp=com.android.chrome/org.chromium.chrome.browser.ChromeTabbedActivity } baseActivity=ComponentInfo{com.android.chrome/org.chromium.chrome.browser.ChromeTabbedActivity} topActivity=ComponentInfo{com.android.chrome/org.chromium.chrome.browser.ChromeTabbedActivity} origActivity=null realActivity=ComponentInfo{com.android.chrome/org.chromium.chrome.browser.ChromeTabbedActivity} numActivities=1 lastActiveTime=898086879 supportsSplitScreenMultiWindow=true supportsMultiWindow=true resizeMode=2 isResizeable=true minWidth=-1 minHeight=-1 defaultMinSize=200 token=WCT{android.window.IWindowContainerToken$Stub$Proxy@42d86d7} topActivityType=1 pictureInPictureParams=null shouldDockBigOverlays=false launchIntoPipHostTaskId=-1 lastParentTaskIdBeforePip=-1 displayCutoutSafeInsets=Rect(0, 94 - 0, 0) topActivityInfo=ActivityInfo{7c21bc4 org.chromium.chrome.browser.ChromeTabbedActivity} launchCookies=[] positionInParent=Point(0, 0) parentTaskId=-1 isFocused=true isVisible=true isVisibleRequested=true isSleeping=false topActivityInSizeCompat=false topActivityEligibleForLetterboxEducation= false topActivityLetterboxed= false isFromDoubleTap= false topActivityLetterboxVerticalPosition= -1 topActivityLetterboxHorizontalPosition= -1 topActivityLetterboxWidth=-1 topActivityLetterboxHeight=-1 locusId=null displayAreaFeatureId=1 cameraCompatControlState=hidden mIsCastMode=false mTopActivityMediaSize=null mTopActivityRecordName=ActivityRecord{dfc2f2f u0 com.android.chrome/org.chromium.chrome.browser.ChromeTabbedActivity t449} mTopActivityOrientation=-1 mTopActivityWindowIsNowVisible=true isTranslucent=false isEmbedded=false shouldBeVisible=true isImmersive=false mBehindAppLockPkg=null mOriginatingUid=0}
10-10 12:03:36.211  1902  1938 D CompatibilityChangeReporter: Compat change id reported: 135772972; UID 10390; state: DISABLED
10-10 12:03:36.211  1902  1938 D CompatibilityChangeReporter: Compat change id reported: 135754954; UID 10390; state: ENABLED
