10-08 13:18:41.225  2042  3500 D isUidValid: uid = 10081
10-08 13:18:41.236  2042  8104 D ActivityManager: checkAllowBackground: uid=10165 pkg=com.google.android.apps.messaging rec=UidRecord{2d425da u0a165 BFGS change:procadj procs:0 seq(269973,269118)} caps=---NFU always=true idle=false
10-08 13:18:41.237  2042  8104 I ActivityManager: App 10165/com.google.android.apps.messaging targets O+, restricted
10-08 13:18:41.237  2042  8104 D ActivityManager: checkAllowBackground: uid=10165 pkg=com.google.android.apps.messaging startMode=2 onallowlist=true onallowlist(ei)=true
10-08 13:18:41.237  2042  2787 D ActivityManager: checkAllowBackground: uid=10165 pkg=com.google.android.apps.messaging rec=UidRecord{2d425da u0a165 BFGS change:procadj procs:0 seq(269973,269118)} caps=---NFU always=true idle=false
10-08 13:18:41.237  2042  2787 I ActivityManager: App 10165/com.google.android.apps.messaging targets O+, restricted
10-08 13:18:41.237  2042  2787 D ActivityManager: checkAllowBackground: uid=10165 pkg=com.google.android.apps.messaging startMode=2 onallowlist=true onallowlist(ei)=true
10-08 13:18:41.238  2042  2787 D CompatibilityChangeReporter: Compat change id reported: 135634846; UID 10165; state: DISABLED
10-08 13:18:41.238  2042  2787 D CompatibilityChangeReporter: Compat change id reported: 177438394; UID 10165; state: DISABLED
10-08 13:18:41.238  2042  2787 D CompatibilityChangeReporter: Compat change id reported: 135772972; UID 10165; state: DISABLED
10-08 13:18:41.238  2042  2787 D CompatibilityChangeReporter: Compat change id reported: 135754954; UID 10165; state: ENABLED
10-08 13:18:41.239  2042  2788 D CompatibilityChangeReporter: Compat change id reported: 143937733; UID 10165; state: ENABLED
10-08 13:18:41.256  2042  2788 I ActivityManager: Start proc 21061:com.google.android.apps.messaging/u0a165 for broadcast {com.google.android.apps.messaging/com.google.android.apps.messaging.rcsprovisioning.RcsProvisioningBroadcastReceiver} caller=com.google.android.apps.messaging
10-08 13:18:41.269  2042  6997 D CompatibilityChangeReporter: Compat change id reported: 161252188; UID 10163; state: DISABLED
10-08 13:18:41.316  2042  9046 I SmartPower: com.google.android.apps.messaging/10165(21061): died->background(4162ms) R(process start ) adj=-10000.
10-08 13:18:41.317  2042  9046 D CompatibilityChangeReporter: Compat change id reported: 168419799; UID 10165; state: DISABLED
10-08 13:18:41.317  2042  9046 D CompatibilityChangeReporter: Compat change id reported: 273564678; UID 10165; state: DISABLED
10-08 13:18:41.318  2042  7043 D CompatibilityChangeReporter: Compat change id reported: 271850009; UID 10165; state: ENABLED
10-08 13:18:41.318  2042  7043 D CompatibilityChangeReporter: Compat change id reported: 253665015; UID 10165; state: ENABLED
10-08 13:18:41.319  2042  7043 D CompatibilityChangeReporter: Compat change id reported: 194532703; UID 10165; state: ENABLED
10-08 13:18:41.319  2042  7043 D ActivityManager: checkAllowBackground: uid=10165 pkg=com.google.android.apps.messaging rec=UidRecord{2d425da u0a165 BFGS change:procadj procs:0 seq(270039,269118)} caps=---NFU always=false idle=false
10-08 13:18:41.319  2042  9046 D ActivityManager: checkAllowBackground: uid=10165 pkg=com.google.android.apps.messaging rec=UidRecord{2d425da u0a165 BFGS change:procadj procs:0 seq(270039,269118)} caps=---NFU always=true idle=false
10-08 13:18:41.319  2042  9046 I ActivityManager: App 10165/com.google.android.apps.messaging targets O+, restricted
10-08 13:18:41.319  2042  9046 D ActivityManager: checkAllowBackground: uid=10165 pkg=com.google.android.apps.messaging startMode=2 onallowlist=true onallowlist(ei)=true
10-08 13:18:41.325  2042  3110 D ActivityManager: checkAllowBackground: uid=1000 pkg=com.miui.misightservice rec=UidRecord{b77cac0 1000 PER  fgServices change:procadj procs:0 seq(270038,0)} caps=LCMNFU always=false idle=false
10-08 13:18:41.338  2042  3110 D ActivityManager: checkAllowBackground: uid=1000 pkg=com.miui.misightservice rec=UidRecord{b77cac0 1000 PER  fgServices change:procadj procs:0 seq(270038,0)} caps=LCMNFU always=false idle=false
10-08 13:18:41.347  2042  9046 D CompatibilityChangeReporter: Compat change id reported: 161145287; UID 10164; state: ENABLED
10-08 13:18:41.355  2042  9046 D CompatibilityChangeReporter: Compat change id reported: 170503758; UID 10165; state: ENABLED
10-08 13:18:41.359  4304  4304 D ArtChoreographerMonitor: invoke error.
10-08 13:18:41.361  2042  7043 D ActivityManager: checkAllowBackground: uid=10163 pkg=com.google.android.gms rec=UidRecord{3efeecd u0a163 BFGS change:procadj procs:0 seq(270043,147449)} caps=LCMNFU always=false idle=false
10-08 13:18:41.397  2042  2692 D TaskSnapshot_Helper: SYS is normal.
10-08 13:18:41.397  2042  2692 W TaskSnapshot_CInjector: couldPersist()... false.
10-08 13:18:41.491  2042  7043 I ActivityManager: Flag disabled. Ignoring finishAttachApplication from uid: 10164. pid: 20899
10-08 13:18:41.497  2042  8104 D PackageManager: set app component=ComponentInfo{com.android.vending/com.android.vending.AssetBrowserActivity} enabled state: 1 from com.android.vending,uid=10164,pid=20899
10-08 13:18:41.497  2042  6997 D ActivityManager: checkAllowBackground: uid=10164 pkg=com.android.vending rec=UidRecord{aee57a7 u0a164 BFGS change:procstate procs:0 seq(270047,269862)} caps=---NFU always=true idle=false
10-08 13:18:41.497  2042  6997 I ActivityManager: App 10164/com.android.vending targets O+, restricted
10-08 13:18:41.497  2042  6997 D ActivityManager: checkAllowBackground: uid=10164 pkg=com.android.vending startMode=2 onallowlist=false onallowlist(ei)=true
10-08 13:18:41.497  2042  2787 D ActivityManager: checkAllowBackground: uid=10164 pkg=com.android.vending rec=UidRecord{aee57a7 u0a164 BFGS change:procstate procs:0 seq(270047,269862)} caps=---NFU always=true idle=false
10-08 13:18:41.497  2042  2787 I ActivityManager: App 10164/com.android.vending targets O+, restricted
10-08 13:18:41.497  2042  2787 D ActivityManager: checkAllowBackground: uid=10164 pkg=com.android.vending startMode=2 onallowlist=false onallowlist(ei)=true
10-08 13:18:41.546  2042  7043 D CompatibilityChangeReporter: Compat change id reported: 261072174; UID 10164; state: ENABLED
10-08 13:18:41.567  2042  3516 D SchedBoost: stopBoostInternal
10-08 13:18:41.576  2042  6878 D CompatibilityChangeReporter: Compat change id reported: 135634846; UID 10163; state: DISABLED
10-08 13:18:41.576  2042  6878 D CompatibilityChangeReporter: Compat change id reported: 177438394; UID 10163; state: DISABLED
10-08 13:18:41.577  2042  6878 D CompatibilityChangeReporter: Compat change id reported: 135772972; UID 10163; state: DISABLED
10-08 13:18:41.577  2042  6878 D CompatibilityChangeReporter: Compat change id reported: 135754954; UID 10163; state: ENABLED
10-08 13:18:41.577  2042  2788 D CompatibilityChangeReporter: Compat change id reported: 143937733; UID 10163; state: ENABLED
10-08 13:18:41.577  2042  7043 D CompatibilityChangeReporter: Compat change id reported: 161145287; UID 10084; state: ENABLED
10-08 13:18:41.586  2042  3095 I ActivityManager: Flag disabled. Ignoring finishAttachApplication from uid: 10084. pid: 20687
10-08 13:18:41.591  2042  6878 D PackageManager: set app component=ComponentInfo{com.android.camera/com.android.camera2.compat.theme.custom.cv.widget.CameraFiltersWidgetProvider} enabled state: 2 from com.android.camera,uid=10084,pid=20687
10-08 13:18:41.591  2042  6878 D PackageManager: set app component=ComponentInfo{com.android.camera/com.android.camera2.compat.theme.custom.cv.widget.CameraLensWidgetProvider} enabled state: 2 from com.android.camera,uid=10084,pid=20687
10-08 13:18:41.591  2042  6878 D PackageManager: set app component=ComponentInfo{com.android.camera/com.android.camera2.compat.theme.custom.cv.widget.CameraLens2WidgetProvider} enabled state: 2 from com.android.camera,uid=10084,pid=20687
10-08 13:18:41.593  2042  6878 D CompatibilityChangeReporter: Compat change id reported: 319212206; UID 10164; state: ENABLED
10-08 13:18:41.599  2042  2788 I ActivityManager: Start proc 21162:com.google.process.gapps/u0a163 for content provider {com.google.android.gsf/com.google.android.gsf.settings.GoogleSettingsProvider} caller=com.android.vending
10-08 13:18:41.648  2042  6878 I SmartPower: com.google.process.gapps/10163(21162): died->background(4499ms) R(process start ) adj=-10000.
10-08 13:18:41.653  2042  9046 I ActivityManager: Flag disabled. Ignoring finishAttachApplication from uid: 10165. pid: 21061
10-08 13:18:41.717  2042  9046 D CompatibilityChangeReporter: Compat change id reported: 161252188; UID 10163; state: DISABLED
10-08 13:18:41.782  2042  3095 I ActivityManager: Flag disabled. Ignoring finishAttachApplication from uid: 10163. pid: 21162
10-08 13:18:41.788  2042  6997 D CompatibilityChangeReporter: Compat change id reported: 135634846; UID 10164; state: DISABLED
10-08 13:18:41.788  2042  6997 D CompatibilityChangeReporter: Compat change id reported: 177438394; UID 10164; state: DISABLED
10-08 13:18:41.788  2042  6997 D CompatibilityChangeReporter: Compat change id reported: 135772972; UID 10164; state: DISABLED
10-08 13:18:41.788  2042  6997 D CompatibilityChangeReporter: Compat change id reported: 135754954; UID 10164; state: ENABLED
10-08 13:18:41.788  2042  2788 D CompatibilityChangeReporter: Compat change id reported: 143937733; UID 10164; state: ENABLED
10-08 13:18:41.788 21162 21162 D FramePredict: FramePredict init: false
10-08 13:18:41.808  2042  2788 I ActivityManager: Start proc 21253:com.android.vending:background/u0a164 for service {com.android.vending/com.google.frameworks.client.data.android.server.play.BackgroundProcessEndpointService} caller=com.android.vending
10-08 13:18:41.845  2042  3095 I SmartPower: com.android.vending:background/10164(21253): died->background(4492ms) R(process start ) adj=-10000.
10-08 13:18:41.904  4304  4304 I MiuiChargeManager: notifyBatteryStatusChanged:  status: 2 isPlugged: 2 level: 26 wireState: 11 chargeSpeed: 0 mChargeType: 0 chargeDeviceType: 0 maxChargingWattage: -1 isCarCharge: 0 SUPPORT_BROADCAST_QUICK_CHARGE: true
10-08 13:18:41.907  4304  4304 D ArtChoreographerMonitor: invoke error.
10-08 13:18:41.908  2042  2042 D UiModeManager: updateConfigurationLocked: mDockState=0; mCarMode=false; mCar=false; mPowerSave=false; mOverrideNightModeOn=false; mOverrideNightModeOff=false; mComputedNightMode=false; mNightMode=1; uiMode=17
10-08 13:18:41.948  2042  9046 D CompatibilityChangeReporter: Compat change id reported: 161145287; UID 10164; state: ENABLED
10-08 13:18:41.950  2042  3110 D ActivityManager: checkAllowBackground: uid=1000 pkg=android rec=UidRecord{b77cac0 1000 PER  fgServices change:procadj procs:0 seq(270336,0)} caps=LCMNFU always=false idle=false
10-08 13:18:41.960  2042  4602 I ScrollerOptimizationConfigProvider: update cloud scroller optimization config
10-08 13:18:41.961  2042  2784 D MiuiFreeFormGestureController: receive notification of data update from app
10-08 13:18:41.976  2042  2947 D PackageManagerCloudHelper: data version is empty, or control module block_update is not exist
10-08 13:18:41.976  2042  2947 I PackageManagerCloudHelper: MiuiSettings notify cloud data is changed. Whether is applying new package cloud data : false
10-08 13:18:41.976  2042  3095 D CompatibilityChangeReporter: Compat change id reported: 161145287; UID 1000; state: ENABLED
10-08 13:18:41.977  2042  3095 D CompatibilityChangeReporter: Compat change id reported: 161145287; UID 1000; state: DISABLED
10-08 13:18:41.985  2042  2075 I CameraCoveredManager: initScreenAntiBurnData onChange--
10-08 13:18:41.988  2042  3110 D ActivityManager: checkAllowBackground: uid=1000 pkg=com.miui.misightservice rec=UidRecord{b77cac0 1000 PER  fgServices change:procadj procs:0 seq(270414,0)} caps=LCMNFU always=false idle=false
10-08 13:18:41.992  2042  6878 D ActivityManager: checkAllowBackground: uid=1000 pkg=com.miui.daemon rec=UidRecord{b77cac0 1000 PER  fgServices change:procadj procs:0 seq(270427,0)} caps=LCMNFU always=false idle=false
10-08 13:18:41.994  2042  6878 D ActivityManager: checkAllowBackground: uid=1000 pkg=android rec=UidRecord{b77cac0 1000 PER  fgServices change:procadj procs:0 seq(270427,0)} caps=LCMNFU always=false idle=false
10-08 13:18:41.996  2042  2891 D GameManagerServiceStub: CLOUD_ALL_DATA_CHANGE_URI
10-08 13:18:42.002  2042  8104 D PackageManager: set app component=ComponentInfo{com.android.vending/com.google.android.finsky.activities.DebugActivity} enabled state: 2 from com.android.vending,uid=10164,pid=20899
10-08 13:18:42.003  2042  7011 D PackageManager: set app component=ComponentInfo{com.google.android.apps.messaging/com.google.android.ims.binding.SystemBindingService} enabled state: 1 from com.google.android.apps.messaging,uid=10165,pid=21061
10-08 13:18:42.004  2042  7011 D PackageManager: set app component=ComponentInfo{com.android.vending/com.google.android.finsky.hibernation.impl.UnhibernateActivity} enabled state: 1 from com.android.vending,uid=10164,pid=20899
10-08 13:18:42.005  2042  7011 D PackageManager: set app component=ComponentInfo{com.android.vending/com.google.android.finsky.systemupdateactivity.SystemUpdateActivity} enabled state: 1 from com.android.vending,uid=10164,pid=20899
10-08 13:18:42.005  2042  7011 D PackageManager: set app component=ComponentInfo{com.android.vending/com.google.android.finsky.systemcomponentupdateui.common.SystemComponentUpdateActivity} enabled state: 1 from com.android.vending,uid=10164,pid=20899
10-08 13:18:42.007  2042  2075 D CameraCoveredManager: without screen_anti_burn data.
10-08 13:18:42.017  2042  3990 D PreCacheUtilStubImpl: no data in precache
10-08 13:18:42.032  2042  6997 D PackageManager: set app component=ComponentInfo{com.google.android.apps.messaging/com.google.android.apps.messaging.auto.MessagingTemplateScreenServiceModule} enabled state: 1 from com.google.android.apps.messaging,uid=10165,pid=21061
10-08 13:18:42.039  2042  2042 I MiuiFingerprintCloudController: onChange.
10-08 13:18:42.039  2042  2042 I MiuiFingerprintCloudController: updateDataFromCloudControl.
10-08 13:18:42.044  2042  7043 D ActivityManager: checkAllowBackground: uid=10165 pkg=com.google.android.apps.messaging rec=UidRecord{2d425da u0a165 BFGS change:procadj procs:0 seq(270253,269118)} caps=---NFU always=false idle=false
10-08 13:18:42.049  2042  2042 D MiuiFingerprintCloudController: updateAntiMistouchCloudState.
10-08 13:18:42.060  2042  7011 D ActivityManager: checkAllowBackground: uid=1002 pkg=com.xiaomi.bluetooth rec=UidRecord{f89b12d 1002 PER  change:procadj procs:0 seq(270504,36)} caps=LCMNFU always=true idle=false
10-08 13:18:42.060  2042  7011 I ActivityManager: App 1002/com.xiaomi.bluetooth targets O+, restricted
10-08 13:18:42.060  2042  7011 D ActivityManager: checkAllowBackground: uid=1002 pkg=com.xiaomi.bluetooth startMode=2 onallowlist=false onallowlist(ei)=false
10-08 13:18:42.060  2042  2787 D ActivityManager: checkAllowBackground: uid=1002 pkg=com.xiaomi.bluetooth rec=UidRecord{f89b12d 1002 PER  change:procadj procs:0 seq(270504,36)} caps=LCMNFU always=true idle=false
10-08 13:18:42.060  2042  2787 I ActivityManager: App 1002/com.xiaomi.bluetooth targets O+, restricted
10-08 13:18:42.060  2042  2787 D ActivityManager: checkAllowBackground: uid=1002 pkg=com.xiaomi.bluetooth startMode=2 onallowlist=false onallowlist(ei)=false
10-08 13:18:42.083  2042  2042 D MiuiFingerprintCloudController: updateAntiLowBrightnessAuthCloudState.
10-08 13:18:42.083  2042  6997 D ActivityManager: checkAllowBackground: uid=10123 pkg=com.miui.msa.global rec=UidRecord{b37a3f7 u0a123 BFGS change:procadj procs:0 seq(270519,269115)} caps=---NFU always=false idle=false
10-08 13:18:42.103  4304  4304 D ArtChoreographerMonitor: invoke error.
10-08 13:18:42.111  2042  2042 D MiuiFingerprintCloudController: updateOcpDetectCloudState.
10-08 13:18:42.114  2042  7011 D CompatibilityChangeReporter: Compat change id reported: 319212206; UID 10123; state: ENABLED
10-08 13:18:42.127  2042  9046 W ContextImpl: Calling a method in the system process without a qualified user: android.app.ContextImpl.sendBroadcast:1231 com.android.server.location.GnssCollectDataImpl.updateControlState:866 com.android.server.location.GnssCollectDataImpl.-$$Nest$mupdateControlState:0 com.android.server.location.GnssCollectDataImpl$1.onChange:831 android.database.ContentObserver.onChange:154 
10-08 13:18:42.138  2042  2771 I KamiOpenBrowserWithUrl: initializeParam success
10-08 13:18:42.139  2042  2771 I KamiOpenBrowserWithUrl: cloud data is null and device is not tablet, off by default
10-08 13:18:42.139  2042  4265 D ProcCloudControl: subprocess adj bind list cloud control received: com.baidu.BaiduMap-com.baidu.BaiduMap:SandBoxProcess,com.taobao.taobao-com.taobao.taobao:gpu_process,com.eg.android.AlipayGphone-com.eg.android.AlipayGphone:gpu_process+com.eg.android.AlipayGphone:sandboxed_privilege_process0,tv.danmaku.bili-tv.danmaku.bili:ijkservice+tv.danmaku.bilibilihd:ijkservice,com.ss.android.article.lite-com.ss.android.article.lite:sandboxed_process1+com.ss.android.article.lite:sandboxed_process2,com.android.chrome-com.android.chrome:sandboxed_process0:org.chromium.content.app.SandboxedProcessService0:0+com.android.chrome:sandboxed_process0:org.chromium.content.app.SandboxedProcessService0:1+com.android.chrome:sandboxed_process0:org.chromium.content.app.SandboxedProcessService0:2,com.MobileTicket-com.google.android.webview:sandboxed_process0:org.chromium.content.app.SandboxedProcessService0:,com.zhihu.android-com.google.android.webview:sandboxed_process0:org.chromium.content.app.SandboxedProcessService0:
10-08 13:18:42.142  2042  2075 I DarkModeSuggestProvider: onChange
10-08 13:18:42.152  4304  4484 D MiuiMultiWinSwitchConfig: updateCloudDataSet cloudKey=dot_black_list, data=["com.xiaomi.mihomemanager","com.miui.aod","com.android.systemui","com.xiaomi.misettings","com.miui.carlink","com.xiaomi.ucar.minimap","com.ctg.itrdc.clouddesk"]
10-08 13:18:42.156  4304  4484 D MiuiMultiWinSwitchConfig: updateCloudDataSet cloudKey=activity_dot_black_list, data=["com.xiaomi.smarthome\/.framework.plugin.rn.PluginRNActivityCamera","com.android.camera\/.OneShotCamera","com.xiaomi.gamecenter\/.ui.qrcode.CaptureActivity","com.kuaishou.nebula\/com.yxcorp.gifshow.camera.record.CameraActivity","tv.danmaku.bili\/com.bilibili.bplus.following.publish.view.VideoClipRecordPermissionCheckActivity","com.miui.personalassistant\/.picker.business.home.pages.PickerHomeActivity","com.android.thememanager\/com.android.thememanager.settings.ThemeAndWallpaperSettingDialogActivity","com.tencent.mobileqq\/com.tencent.av.ui.AVActivity","com.eg.android.AlipayGphone\/com.alipay.mobile.permission.PrivacyBackgroundActivity","com.eg.android.AlipayGphone\/com.alipay.mobile.quinox.SchemeLauncherActivity","com.android.intentresolver\/.ChooserActivity"]
10-08 13:18:42.164 20578 21297 I Ad      : isPersonalizedAdEnabled getAdSettings: 2
10-08 13:18:42.168  4304  4484 D MiuiMultiWinSwitchConfig: updateCloudDataSet cloudKey=activity_bottom_caption_black_list, data=["com.cmcc.cmvideo\/com.cmcc.migusso.sdk.activity.QRCodeScanActivity","com.ss.android.article.news\/com.bytedance.ugc.publishaggr.AggrPublishActivity","com.ss.android.article.lite\/com.bytedance.ugc.publishaggr.activity.AggrPublishActivity"]
10-08 13:18:42.174  4304  4484 D MiuiMultiWinSwitchConfig: updateCloudDataSet cloudKey=top_caption_insets_black_list, data=["com.ss.android.article.search","com.tencent.ttpic","com.cubic.autohome","com.ss.android.article.daziban","com.ss.android.article.lite","com.cat.readall","com.ss.android.article.news","com.alibaba.android.rimet","com.autonavi.minimap"]
10-08 13:18:42.181  4304  4484 D MiuiMultiWinSwitchConfig: updateCloudDataSet cloudKey=bottom_caption_insets_black_list, data=["cn.wps.moffice_eng","com.tencent.docs","com.bigbasket.mobileapp"]
10-08 13:18:42.181 20511 21292 D MiSight:JobDispatcher: QUEUE_JOBS_TO_SCHEDULE:1
10-08 13:18:42.181 20511 21292 D MiSight:JobDispatcher: Exist job, jobid:90005 version:1
10-08 13:18:42.184  2042  6878 D ActivityManager: checkAllowBackground: uid=10308 pkg=com.mi.globalminusscreen rec=UidRecord{e52550c u0a308 BFGS change:procadj procs:0 seq(270515,267183)} caps=---NFU always=true idle=false
10-08 13:18:42.184  2042  6878 I ActivityManager: App 10308/com.mi.globalminusscreen targets O+, restricted
10-08 13:18:42.184  2042  6878 D ActivityManager: checkAllowBackground: uid=10308 pkg=com.mi.globalminusscreen startMode=2 onallowlist=false onallowlist(ei)=false
10-08 13:18:42.185  2042  2787 D ActivityManager: checkAllowBackground: uid=10308 pkg=com.mi.globalminusscreen rec=UidRecord{e52550c u0a308 BFGS change:procadj procs:0 seq(270515,267183)} caps=---NFU always=true idle=false
10-08 13:18:42.185  2042  2787 I ActivityManager: App 10308/com.mi.globalminusscreen targets O+, restricted
10-08 13:18:42.185  2042  2787 D ActivityManager: checkAllowBackground: uid=10308 pkg=com.mi.globalminusscreen startMode=2 onallowlist=false onallowlist(ei)=false
10-08 13:18:42.188  4304  4572 D ArtChoreographerMonitor: invoke error.
10-08 13:18:42.197  2042  9046 D CompatibilityChangeReporter: Compat change id reported: 261072174; UID 1000; state: ENABLED
10-08 13:18:42.197  2042  9046 D CompatibilityChangeReporter: Compat change id reported: 261072174; UID 10308; state: ENABLED
10-08 13:18:42.197  2042  9046 D CompatibilityChangeReporter: Compat change id reported: 261072174; UID 10164; state: ENABLED
10-08 13:18:42.198  2042  9046 D CompatibilityChangeReporter: Compat change id reported: 261072174; UID 10163; state: ENABLED
10-08 13:18:42.253  2042  2075 D MiuiCommonCloudHelper:  remoteVersion is null, don't update 
10-08 13:18:42.261  2042  2075 D MiuiCommonCloudHelper:  remoteVersion is null, don't update 
10-08 13:18:42.261  2042  2075 D MiuiCommonCloudHelper: Cloud data changed: false
10-08 13:18:42.261  2042  2075 I ForceDarkAppConfigProvider: forceDarkCouldData onChange--
10-08 13:18:42.267  2042  7043 I ActivityManager: Flag disabled. Ignoring finishAttachApplication from uid: 10164. pid: 21253
10-08 13:18:42.335  2042  2761 W ProcessCpuTracker: Failed to stat(/proc/20578/task/21380): android.system.ErrnoException: stat failed: ENOENT (No such file or directory)
10-08 13:18:42.336  2042  2761 W ProcessCpuTracker: Skipping unknown process pid 21380
10-08 13:18:42.336  2042  2761 W ProcessCpuTracker: Failed to stat(/proc/20578/task/21382): android.system.ErrnoException: stat failed: ENOENT (No such file or directory)
10-08 13:18:42.336  2042  2761 W ProcessCpuTracker: Skipping unknown process pid 21382
10-08 13:18:42.341  2042  2075 D ForceDarkAppConfigProvider: getCloudConfig, force_dark_app_config: {"force_dark_app_config":[{"packageName":"com.amazon.mShop.android.shopping","forceDark":true,"forceDarkViewGlobalConfigList":[{"viewName":"LinearLayout","id":"rs_search_plate","forceDark":true,"backgroundUsage":103},{"viewName":"LinearLayout","id":"chrome_search_edit_frame","forceDark":true,"backgroundUsage":103}]},{"packageName":"in.amazon.mShop.android.shopping","forceDark":true,"forceDarkViewGlobalConfigList":[{"viewName":"LinearLayout","id":"rs_search_plate","forceDark":true,"backgroundUsage":103},{"viewName":"LinearLayout","id":"chrome_search_edit_frame","forceDark":true,"backgroundUsage":103}]}]}
10-08 13:18:42.354 20578 20862 I Ad      : isPersonalizedAdEnabled getAdSettings: 2
10-08 13:18:42.355  2042  2075 D ForceDarkAppConfigProvider: cloudConfigVersion: -1   localConfigVersion:20241111
10-08 13:18:42.355  2042  2075 I ForceDarkHelperStubImpl: onForceDarkConfigChanged
10-08 13:18:42.357  4304  4304 D ArtChoreographerMonitor: invoke error.
10-08 13:18:42.362  2042  2075 I DarkModeSuggestProvider: uploadCloudDataForDisableRegion: CloudList: []
10-08 13:18:42.362  2042  2075 I MiuiScreenRotationAnimationImpl: ScreenRotationAnimationCloudData onChange--
10-08 13:18:42.370  2042  2075 D MiuiScreenRotationAnimationImpl: updateListFromCloud: data: null moduleName=miuiScreeRotationAnimation key=screen_rotation_animation_package_list
10-08 13:18:42.377  2042  9046 D CompatibilityChangeReporter: Compat change id reported: 319212206; UID 10164; state: ENABLED
10-08 13:18:42.378  2042  2075 D MiuiScreenRotationAnimationImpl: updateListFromCloud: data: null moduleName=miuiScreeRotationAnimation key=screen_rotation_animation_activity_list
10-08 13:18:42.378  2042  2075 W ForceDarkAppListProvider: forceDarkAppListCouldData onChange--
10-08 13:18:42.383  2042  2761 D BaselineProfile: prepare DexMetadata enable: false
10-08 13:18:42.389  2042  2075 I AppResurrectionServiceImpl: apprescloud i on Change:
10-08 13:18:42.398  2042  2761 D MiuiCloudParsingCollection:  remoteVersion is null, Don't update 
10-08 13:18:42.401  2042  2075 I MiuiScreenRotationAnimationImpl: ScreenRotationAnimationCloudData onChange--
10-08 13:18:42.404  2042  2075 D MiuiScreenRotationAnimationImpl: updateListFromCloud: data: null moduleName=miuiScreeRotationAnimation key=screen_rotation_animation_package_list
10-08 13:18:42.407  2042  2761 D MiuiCloudParsingCollection:  remoteVersion is null, Don't update 
10-08 13:18:42.408  2042  2075 D MiuiScreenRotationAnimationImpl: updateListFromCloud: data: null moduleName=miuiScreeRotationAnimation key=screen_rotation_animation_activity_list
10-08 13:18:42.413  2183  2183 I wificond: station_bandwidth: P
10-08 13:18:42.415  2042  2761 D MiuiCloudParsingCollection:  remoteVersion is null, Don't update 
10-08 13:18:42.416  2042  6878 D ActivityManager: checkAllowBackground: uid=10165 pkg=com.google.android.apps.messaging rec=UidRecord{2d425da u0a165 BFGS change:procadj procs:0 seq(270527,269118)} caps=---NFU always=false idle=false
10-08 13:18:42.418  2042  3110 D ActivityManager: checkAllowBackground: uid=1000 pkg=com.miui.misightservice rec=UidRecord{b77cac0 1000 PER  fgServices change:procadj procs:0 seq(270571,0)} caps=LCMNFU always=false idle=false
10-08 13:18:42.423  2042  6878 D ActivityManager: checkAllowBackground: uid=10165 pkg=com.google.android.apps.messaging rec=UidRecord{2d425da u0a165 BFGS change:procadj procs:0 seq(270527,269118)} caps=---NFU always=false idle=false
10-08 13:18:42.424  2042  3110 D ActivityManager: checkAllowBackground: uid=1000 pkg=com.miui.misightservice rec=UidRecord{b77cac0 1000 PER  fgServices change:procadj procs:0 seq(270571,0)} caps=LCMNFU always=false idle=false
10-08 13:18:42.426  2042  8104 D ActivityManager: checkAllowBackground: uid=10165 pkg=com.google.android.apps.messaging rec=UidRecord{2d425da u0a165 BFGS change:procadj procs:0 seq(270527,269118)} caps=---NFU always=false idle=false
10-08 13:18:42.427  2042  2761 D MiuiCloudParsingCollection:  remoteVersion is null, Don't update 
10-08 13:18:42.427  2042  2761 D MiuiCommonCloudService: Cloud Data changed: false
10-08 13:18:42.431  2042  9046 D ActivityManager: checkAllowBackground: uid=10165 pkg=com.google.android.apps.messaging rec=UidRecord{2d425da u0a165 BFGS change:procadj procs:0 seq(270527,269118)} caps=---NFU always=false idle=false
10-08 13:18:42.432  2042  3110 D ActivityManager: checkAllowBackground: uid=1000 pkg=com.miui.misightservice rec=UidRecord{b77cac0 1000 PER  fgServices change:procadj procs:0 seq(270571,0)} caps=LCMNFU always=false idle=false
10-08 13:18:42.434  2042  2761 W MiuiDisplayCloudController: Failed to update short term model enable from cloud.
10-08 13:18:42.437  2042  8104 D ActivityManager: checkAllowBackground: uid=10165 pkg=com.google.android.apps.messaging rec=UidRecord{2d425da u0a165 BFGS change:procadj procs:0 seq(270527,269118)} caps=---NFU always=false idle=false
10-08 13:18:42.438  2042  2761 D MiuiDisplayCloudController: Update BCBC apps.
10-08 13:18:42.438  2042  3110 D ActivityManager: checkAllowBackground: uid=1000 pkg=com.miui.misightservice rec=UidRecord{b77cac0 1000 PER  fgServices change:procadj procs:0 seq(270571,0)} caps=LCMNFU always=false idle=false
10-08 13:18:42.441  2042  3110 D ActivityManager: checkAllowBackground: uid=1000 pkg=com.miui.misightservice rec=UidRecord{b77cac0 1000 PER  fgServices change:procadj procs:0 seq(270571,0)} caps=LCMNFU always=false idle=false
10-08 13:18:42.442  2042  2761 W MiuiDisplayCloudController: Failed to update Resolution switch list from cloud.
10-08 13:18:42.442  2042  8104 D ActivityManager: checkAllowBackground: uid=10165 pkg=com.google.android.apps.messaging rec=UidRecord{2d425da u0a165 BFGS change:procadj procs:0 seq(270527,269118)} caps=---NFU always=false idle=false
10-08 13:18:42.443  2042  6878 D CompatibilityChangeReporter: Compat change id reported: 271850009; UID 10164; state: ENABLED
10-08 13:18:42.444  2042  6878 D CompatibilityChangeReporter: Compat change id reported: 253665015; UID 10164; state: ENABLED
10-08 13:18:42.444  2042  6878 D CompatibilityChangeReporter: Compat change id reported: 194532703; UID 10164; state: ENABLED
10-08 13:18:42.444  2042  6878 D ActivityManager: checkAllowBackground: uid=10164 pkg=com.android.vending rec=UidRecord{aee57a7 u0a164 BFGS change:procadj procs:0 seq(270562,269862)} caps=---NFU always=false idle=false
10-08 13:18:42.444  2042  3110 D ActivityManager: checkAllowBackground: uid=1000 pkg=com.miui.misightservice rec=UidRecord{b77cac0 1000 PER  fgServices change:procadj procs:0 seq(270571,0)} caps=LCMNFU always=false idle=false
10-08 13:18:42.447  2042  6878 D ActivityManager: checkAllowBackground: uid=10165 pkg=com.google.android.apps.messaging rec=UidRecord{2d425da u0a165 BFGS change:procadj procs:0 seq(270527,269118)} caps=---NFU always=false idle=false
10-08 13:18:42.447  2042  2761 D MiuiDisplayCloudController: Update game apps.
10-08 13:18:42.449  2042  3110 D ActivityManager: checkAllowBackground: uid=1000 pkg=com.miui.misightservice rec=UidRecord{b77cac0 1000 PER  fgServices change:procadj procs:0 seq(270571,0)} caps=LCMNFU always=false idle=false
10-08 13:18:42.453  2042  6878 D ActivityManager: checkAllowBackground: uid=10165 pkg=com.google.android.apps.messaging rec=UidRecord{2d425da u0a165 BFGS change:procadj procs:0 seq(270527,269118)} caps=---NFU always=false idle=false
10-08 13:18:42.453  2042  2761 W MiuiDisplayCloudController: Failed to update manual brightness boost disable apps from cloud.
10-08 13:18:42.455  2042  3110 D ActivityManager: checkAllowBackground: uid=1000 pkg=com.miui.misightservice rec=UidRecord{b77cac0 1000 PER  fgServices change:procadj procs:0 seq(270571,0)} caps=LCMNFU always=false idle=false
10-08 13:18:42.458  2042  6997 D ActivityManager: checkAllowBackground: uid=10164 pkg=com.android.vending rec=UidRecord{aee57a7 u0a164 BFGS change:procadj procs:0 seq(270562,269862)} caps=---NFU always=false idle=false
10-08 13:18:42.459  2042  2761 W MiuiDisplayCloudController: Failed to update manual boost app enable from cloud.
10-08 13:18:42.461  2042  6878 D ActivityManager: checkAllowBackground: uid=10165 pkg=com.google.android.apps.messaging rec=UidRecord{2d425da u0a165 BFGS change:procadj procs:0 seq(270527,269118)} caps=---NFU always=false idle=false
10-08 13:18:42.462  2042  3110 D ActivityManager: checkAllowBackground: uid=1000 pkg=com.miui.misightservice rec=UidRecord{b77cac0 1000 PER  fgServices change:procadj procs:0 seq(270571,0)} caps=LCMNFU always=false idle=false
10-08 13:18:42.462  2042  2761 W MiuiDisplayCloudController: Failed to update thermal brightness boost enable apps from cloud.
10-08 13:18:42.464  2042  6878 D ActivityManager: checkAllowBackground: uid=10165 pkg=com.google.android.apps.messaging rec=UidRecord{2d425da u0a165 BFGS change:procadj procs:0 seq(270527,269118)} caps=---NFU always=false idle=false
10-08 13:18:42.466  2042  3110 D ActivityManager: checkAllowBackground: uid=1000 pkg=com.miui.misightservice rec=UidRecord{b77cac0 1000 PER  fgServices change:procadj procs:0 seq(270571,0)} caps=LCMNFU always=false idle=false
10-08 13:18:42.466  2042  2761 D MiuiDisplayCloudController: Update override brightness policy enable: true
10-08 13:18:42.469  2042  6997 D ActivityManager: checkAllowBackground: uid=10165 pkg=com.google.android.apps.messaging rec=UidRecord{2d425da u0a165 BFGS change:procadj procs:0 seq(270527,269118)} caps=---NFU always=false idle=false
10-08 13:18:42.471  2042  2761 W MiuiDisplayCloudController: Failed to upload automatic brightness statistics event enable from cloud.
10-08 13:18:42.472  2042  6997 D ActivityManager: checkAllowBackground: uid=10164 pkg=com.android.vending rec=UidRecord{aee57a7 u0a164 BFGS change:procadj procs:0 seq(270562,269862)} caps=---NFU always=false idle=false
10-08 13:18:42.473  2042  3110 D ActivityManager: checkAllowBackground: uid=1000 pkg=com.miui.misightservice rec=UidRecord{b77cac0 1000 PER  fgServices change:procadj procs:0 seq(270571,0)} caps=LCMNFU always=false idle=false
10-08 13:18:42.477  2042  6997 D ActivityManager: checkAllowBackground: uid=10165 pkg=com.google.android.apps.messaging rec=UidRecord{2d425da u0a165 BFGS change:procadj procs:0 seq(270527,269118)} caps=---NFU always=false idle=false
10-08 13:18:42.478  2042  3110 D ActivityManager: checkAllowBackground: uid=1000 pkg=com.miui.misightservice rec=UidRecord{b77cac0 1000 PER  fgServices change:procadj procs:0 seq(270571,0)} caps=LCMNFU always=false idle=false
10-08 13:18:42.479  2042  2761 D MiuiDisplayCloudController: Update app category list from cloud
10-08 13:18:42.480  2042  6997 D ActivityManager: checkAllowBackground: uid=10165 pkg=com.google.android.apps.messaging rec=UidRecord{2d425da u0a165 BFGS change:procadj procs:0 seq(270527,269118)} caps=---NFU always=false idle=false
10-08 13:18:42.483  2042  3110 D ActivityManager: checkAllowBackground: uid=1000 pkg=com.miui.misightservice rec=UidRecord{b77cac0 1000 PER  fgServices change:procadj procs:0 seq(270571,0)} caps=LCMNFU always=false idle=false
10-08 13:18:42.484  2042  8104 D ActivityManager: checkAllowBackground: uid=10165 pkg=com.google.android.apps.messaging rec=UidRecord{2d425da u0a165 BFGS change:procadj procs:0 seq(270527,269118)} caps=---NFU always=false idle=false
10-08 13:18:42.486  2042  2761 W MiuiDisplayCloudController: Failed to update contactless gesture config.
10-08 13:18:42.486  2042  3110 D ActivityManager: checkAllowBackground: uid=1000 pkg=com.miui.misightservice rec=UidRecord{b77cac0 1000 PER  fgServices change:procadj procs:0 seq(270571,0)} caps=LCMNFU always=false idle=false
10-08 13:18:42.489  2042  8104 D ActivityManager: checkAllowBackground: uid=10165 pkg=com.google.android.apps.messaging rec=UidRecord{2d425da u0a165 BFGS change:procadj procs:0 seq(270527,269118)} caps=---NFU always=false idle=false
10-08 13:18:42.489  2042  2761 W MiuiDisplayCloudController: Failed to update brightness statistics events switch from cloud.
10-08 13:18:42.492  2042  6997 D ActivityManager: checkAllowBackground: uid=10165 pkg=com.google.android.apps.messaging rec=UidRecord{2d425da u0a165 BFGS change:procadj procs:0 seq(270527,269118)} caps=---NFU always=false idle=false
10-08 13:18:42.496  2042  3110 D ActivityManager: checkAllowBackground: uid=1000 pkg=com.miui.misightservice rec=UidRecord{b77cac0 1000 PER  fgServices change:procadj procs:0 seq(270571,0)} caps=LCMNFU always=false idle=false
10-08 13:18:42.497  2042  8104 D CompatibilityChangeReporter: Compat change id reported: 161252188; UID 1000; state: DISABLED
10-08 13:18:42.497  2042  8104 D ActivityManager: checkAllowBackground: uid=1000 pkg=com.android.settings rec=UidRecord{b77cac0 1000 PER  fgServices change:procadj procs:0 seq(270571,0)} caps=LCMNFU always=true idle=false
10-08 13:18:42.497  2042  8104 I ActivityManager: App 1000/com.android.settings targets O+, restricted
10-08 13:18:42.497  2042  8104 D ActivityManager: checkAllowBackground: uid=1000 pkg=com.android.settings startMode=2 onallowlist=false onallowlist(ei)=false
10-08 13:18:42.497  2042  2787 D ActivityManager: checkAllowBackground: uid=1000 pkg=com.android.settings rec=UidRecord{b77cac0 1000 PER  fgServices change:procadj procs:0 seq(270571,0)} caps=LCMNFU always=true idle=false
10-08 13:18:42.497  2042  2787 I ActivityManager: App 1000/com.android.settings targets O+, restricted
10-08 13:18:42.497  2042  2787 D ActivityManager: checkAllowBackground: uid=1000 pkg=com.android.settings startMode=2 onallowlist=false onallowlist(ei)=false
10-08 13:18:42.497  2042  6997 D ActivityManager: checkAllowBackground: uid=10164 pkg=com.android.vending rec=UidRecord{aee57a7 u0a164 BFGS change:procadj procs:0 seq(270562,269862)} caps=---NFU always=false idle=false
10-08 13:18:42.497  2042  2761 W MiuiDisplayCloudController: Failed to update threshold of sunlight mode nit from cloud.
10-08 13:18:42.506  2042  8104 D ActivityManager: checkAllowBackground: uid=10165 pkg=com.google.android.apps.messaging rec=UidRecord{2d425da u0a165 BFGS change:procadj procs:0 seq(270527,269118)} caps=---NFU always=false idle=false
10-08 13:18:42.512  2042  2761 W MiuiDisplayCloudController: Failed to upload custom curve disable from cloud.
10-08 13:18:42.520  2042  2761 W MiuiDisplayCloudController: Failed to upload individual model disable from cloud.
10-08 13:18:42.526  2042  6997 D ActivityManager: checkAllowBackground: uid=10165 pkg=com.google.android.apps.messaging rec=UidRecord{2d425da u0a165 BFGS change:procadj procs:0 seq(270587,269118)} caps=---NFU always=false idle=false
10-08 13:18:42.532  2042  2761 D MiuiDisplayCloudController: Start syncing local backup from cloud.
10-08 13:18:42.535  2042  2761 D MiuiDisplayCloudController: sync local backup from cloud done.
10-08 13:18:42.606  2042  6878 D CompatibilityChangeReporter: Compat change id reported: 161145287; UID 10308; state: ENABLED
10-08 13:18:42.611 20285 21426 I Ad      : isPersonalizedAdEnabled getAdSettings: 2
10-08 13:18:43.137  9894 21306 W ContextImpl: Calling a method in the system process without a qualified user: android.app.ContextImpl.sendBroadcast:1231 android.content.ContextWrapper.sendBroadcast:515 c0.e.p:88 c0.e.g:0 c0.e$a.run:72 
10-08 13:18:43.140  9894 21306 W ContextImpl: Calling a method in the system process without a qualified user: android.app.ContextImpl.sendBroadcast:1231 android.content.ContextWrapper.sendBroadcast:515 c0.e.p:88 c0.e.g:0 c0.e$a.run:72 
10-08 13:18:43.143  9894 21306 W ContextImpl: Calling a method in the system process without a qualified user: android.app.ContextImpl.sendBroadcast:1231 android.content.ContextWrapper.sendBroadcast:515 c0.e.p:88 c0.e.g:0 c0.e$a.run:72 
10-08 13:18:43.145  9894 21306 W ContextImpl: Calling a method in the system process without a qualified user: android.app.ContextImpl.sendBroadcast:1231 android.content.ContextWrapper.sendBroadcast:515 c0.e.p:88 c0.e.g:0 c0.e$a.run:72 
10-08 13:18:43.151  9894 21306 W ContextImpl: Calling a method in the system process without a qualified user: android.app.ContextImpl.sendBroadcast:1231 android.content.ContextWrapper.sendBroadcast:515 c0.e.p:88 c0.e.g:0 c0.e$a.run:72 
10-08 13:18:43.153  9894 21306 W ContextImpl: Calling a method in the system process without a qualified user: android.app.ContextImpl.sendBroadcast:1231 android.content.ContextWrapper.sendBroadcast:515 c0.e.p:88 c0.e.g:0 c0.e$a.run:72 
10-08 13:18:43.158  9894 21306 W ContextImpl: Calling a method in the system process without a qualified user: android.app.ContextImpl.sendBroadcast:1231 android.content.ContextWrapper.sendBroadcast:515 c0.e.p:88 c0.e.g:0 c0.e$a.run:72 
10-08 13:18:43.161  9894 21306 W ContextImpl: Calling a method in the system process without a qualified user: android.app.ContextImpl.sendBroadcast:1231 android.content.ContextWrapper.sendBroadcast:515 c0.e.p:88 c0.e.g:0 c0.e$a.run:72 
10-08 13:18:43.162  9894 21306 W ContextImpl: Calling a method in the system process without a qualified user: android.app.ContextImpl.sendBroadcast:1231 android.content.ContextWrapper.sendBroadcast:515 c0.e.p:88 c0.e.g:0 c0.e$a.run:72 
10-08 13:18:43.164  9894 21306 W ContextImpl: Calling a method in the system process without a qualified user: android.app.ContextImpl.sendBroadcast:1231 android.content.ContextWrapper.sendBroadcast:515 c0.e.p:88 c0.e.g:0 c0.e$a.run:72 
10-08 13:18:43.167  9894 21306 W ContextImpl: Calling a method in the system process without a qualified user: android.app.ContextImpl.sendBroadcast:1231 android.content.ContextWrapper.sendBroadcast:515 c0.e.p:88 c0.e.g:0 c0.e$a.run:72 
10-08 13:18:43.168  9894 21306 W ContextImpl: Calling a method in the system process without a qualified user: android.app.ContextImpl.sendBroadcast:1231 android.content.ContextWrapper.sendBroadcast:515 c0.e.p:88 c0.e.g:0 c0.e$a.run:72 
10-08 13:18:43.170  9894 21306 W ContextImpl: Calling a method in the system process without a qualified user: android.app.ContextImpl.sendBroadcast:1231 android.content.ContextWrapper.sendBroadcast:515 c0.e.p:88 c0.e.g:0 c0.e$a.run:72 
10-08 13:18:43.173  9894 21306 W ContextImpl: Calling a method in the system process without a qualified user: android.app.ContextImpl.sendBroadcast:1231 android.content.ContextWrapper.sendBroadcast:515 c0.e.p:88 c0.e.g:0 c0.e$a.run:72 
10-08 13:18:43.175  9894 21306 W ContextImpl: Calling a method in the system process without a qualified user: android.app.ContextImpl.sendBroadcast:1231 android.content.ContextWrapper.sendBroadcast:515 c0.e.p:88 c0.e.g:0 c0.e$a.run:72 
10-08 13:18:43.389  2042  8104 W FillRequestEventLogger: Couldn't find packageName: com.google.android.inputmethod.latin
10-08 13:18:43.419 20859 20859 D MiuiMultiWindowUtils: freeform resolution args raw data:{  "wide_default":{    "freeform_args": {        "vertical_portrait":{"aspect_ratio":0.626, "original_ratio":0.5643,"original_scale":0.74,"top_margin":0.168,"left_margin":0.484},        "horizontal_portrait":{"aspect_ratio":0.626, "original_ratio":0.5643,"original_scale":0.74,"top_margin":0.1222,"left_margin":0.59745},        "vertical_landscape":{"aspect_ratio":1.6, "original_ratio":1,"original_scale":0.604,"top_margin":0.2596,"left_margin":0.2624},        "horizontal_landscape":{"aspect_ratio":1.6, "original_ratio":1,"original_scale":0.604,"top_margin":0.213,"left_margin":0.3758}    },    "mini_freeform_args":{        "vertical_portrait":{"original_ratio":0.147},        "horizontal_portrait":{"original_ratio":0.147},        "vertical_landscape":{"original_ratio":0.165},        "horizontal_landscape":{"original_ratio":0.165}    }  },  "narrow_default": {    "freeform_args": {        "vertical_portrait":{"aspect_ratio":0.626, "original_ratio":1,"original_scale":0.74,"top_margin":0.0753,"left_margin":-1},        "horizontal_portrait":{"aspect_ratio":0.626, "original_ratio":1,"original_scale":0.5756,"top_margin":-1,"left_margin":0.0753},        "vertical_landscape":{"aspect_ratio":1.6, "original_ratio":0.6847,"original_scale":0.587,"top_margin":0.0753,"left_margin":-1},        "horizontal_landscape":{"aspect_ratio":1.6, "original_ratio":0.6847,"original_scale":0.587,"top_margin":-1,"left_margin":0.0753}    },    "mini_freeform_args":{        "vertical_portrait":{"original_ratio":0.26},        "horizontal_portrait":{"original_ratio":0.26},        "vertical_landscape":{"original_ratio":0.293},        "horizontal_landscape":{"original_ratio":0.293}    }  },  "regular_default": {    "freeform_args": {      "vertical_portrait":{"aspect_ratio":0.625, "original_ratio":1,"original_scale":0.7,"top_margin":0.109,"left_margin":-1},      "horizontal_portrait":{"aspect_ratio":0.6667, "original_ratio":1,"original_scale":0.6102,"top_margin":-1,"left_margin":0.026},      "vertical_landscape":{"aspect_ratio":1.6, "original_ratio":1,"original_scale":0.4244,"top_margin":0.109,"left_margin":-1},      "horizontal_landscape":{"aspect_ratio":1.6, "original_ratio":1,"original_scale":0.4244,"top_margin":-1,"left_margin":0.026}    },    "mini_freeform_args":{      "vertical_portrait":{"original_ratio":0.25},      "horizontal_portrait":{"original_ratio":0.25},      "vertical_landscape":{"original_ratio":0.25},      "horizontal_landscape":{"original_ratio":0.25}    }  },  "pad_default": {    "freeform_args": {      "vertical_portrait":{"aspect_ratio":0.5625, "original_ratio":0.375,"original_scale":0.835,"top_margin":0.049,"left_margin":0.2775},      "horizontal_portrait":{"aspect_ratio":0.5625, "original_ratio":0.375,"original_scale":0.835,"top_margin":-1,"left_margin":0.6525},      "vertical_landscape":{"aspect_ratio":-1, "original_ratio":1,"original_scale":0.468,"top_margin":0.049,"left_margin":-1},      "horizontal_landscape":{"aspect_ratio":-1, "original_ratio":1,"original_scale":0.468,"top_margin":-1,"left_margin":0.4976}    },    "mini_freeform_args":{      "vertical_portrait":{"original_ratio":0.144},      "horizontal_portrait":{"original_ratio":0.144},      "vertical_landscape":{"original_ratio":0.2},      "horizontal_landscape":{"original_ratio":0.2}    }  }}
10-08 13:18:43.419 20859 20859 D MiuiMultiWindowUtils: initFreeFormResolutionArgs failed, device is redwood
10-08 13:18:43.421  2042  8104 I InputMethodManagerService: IMMS.showSoftInput(), client = com.android.internal.inputmethod.IInputMethodClient$Stub$Proxy@64add96
10-08 13:18:43.421  2042  8104 I InputMethodManagerService: IMMS.showCurrentInputLocked(), flags = 0
10-08 13:18:43.421  2042  8104 D SmartPower: com.google.android.inputmethod.latin/10176(6431): show input method
10-08 13:18:43.421  2042  8104 I SmartPower: com.google.android.inputmethod.latin/10176(6431): background->visible(10631ms) R(show input method) adj=100.
10-08 13:18:43.421  2042  8104 I DefaultImeVisibilityApplier: IMMS.showCurrentInputLocked request ims to show inputMethod.
10-08 13:18:43.425  2042  8104 W PackageConfigPersister: App-specific configuration not found for packageName: eu.europa.ec.euidi and userId: 0
10-08 13:18:43.427  2042  8104 W PackageConfigPersister: App-specific configuration not found for packageName: eu.europa.ec.euidi and userId: 0
10-08 13:18:43.433  2042  8104 D AutofillSession: createPendingIntent for request 100
10-08 13:18:43.434  2042  8104 D ContentCapturePerUserService: Notified activity assist data for activity: Token{bcfb4a3 ActivityRecord{5592f07 u0 eu.europa.ec.euidi/eu.europa.ec.assemblylogic.ui.MainActivity t6368}} without a session Id
10-08 13:18:43.437  2042  2042 D CompatibilityChangeReporter: Compat change id reported: 261072174; UID 10165; state: ENABLED
10-08 13:18:43.450  2042  6878 I InputMethodManagerService: IMMS.showSoftInput(), client = com.android.internal.inputmethod.IInputMethodClient$Stub$Proxy@60958e9
10-08 13:18:43.450  2042  6878 I InputMethodManagerService: IMMS.showCurrentInputLocked(), flags = 0
10-08 13:18:43.450  2042  6878 D SmartPower: com.google.android.inputmethod.latin/10176(6431): show input method
10-08 13:18:43.450  2042  6878 I DefaultImeVisibilityApplier: IMMS.showCurrentInputLocked request ims to show inputMethod.
10-08 13:18:43.462  2042  8104 I InputMethodManagerService: IMMS.applyImeVisibility(), setVisible = true, mCurclient = ClientState{e8b5ccc mUid=10030 mPid=20859 mSelfReportedDisplayId=0}
10-08 13:18:43.462  2042  8104 I WindowManager: WMS.showImePostLayout(), imeTarget = Window{757aabd u0 eu.europa.ec.euidi/eu.europa.ec.assemblylogic.ui.MainActivity}
10-08 13:18:43.465  2042  6878 D CoreBackPreview: Window{757aabd u0 eu.europa.ec.euidi/eu.europa.ec.assemblylogic.ui.MainActivity}: Setting back callback OnBackInvokedCallbackInfo{mCallback=android.window.IOnBackInvokedCallback$Stub$Proxy@1a9c62b, mPriority=0, mIsAnimationCallback=false}
10-08 13:18:43.466  2042  6997 D ActivityManager: checkAllowBackground: uid=10163 pkg=com.google.android.gms rec=UidRecord{3efeecd u0a163 BTOP change:procadj procs:0 seq(270625,147449)} caps=LCMNFU always=false idle=false
10-08 13:18:43.484  2042  6878 D ActivityManager: checkAllowBackground: uid=10163 pkg=com.google.android.gms rec=UidRecord{3efeecd u0a163 BTOP change:procadj procs:0 seq(270655,147449)} caps=LCMNFU always=false idle=false
10-08 13:18:43.496  4304  4484 D MiuiFreeformModeController: avoidForInsetsBottomChangedIfNeed oldMoveableBottom: 2270 newMoveableBounds: 2270
10-08 13:18:43.506  2042  6997 D WindowManager: wms.finishDrawingLocked: mDrawState=COMMIT_DRAW_PENDING Window{49d5fba u0 InputMethod} in Surface(name=InputMethod#1488)/@0xafc9a07
10-08 13:18:43.507  2042  3095 I InputMethodManagerService: IMMS.applyImeVisibility(), setVisible = true, mCurclient = ClientState{e8b5ccc mUid=10030 mPid=20859 mSelfReportedDisplayId=0}
10-08 13:18:43.508  2042  2693 I ImeInsetsSourceProvider: ImeInsetsSourceProvider.scheduleShowImePostLayout() Run showImeRunner.
10-08 13:18:43.508  2042  2693 I ImeInsetsSourceProvider: ImeInsetsSourceProvider.scheduleShowImePostLayout() isReadyToShowIme.
10-08 13:18:43.511  4304  4484 D MiuiFreeformModeController: avoidForInsetsBottomChangedIfNeed oldMoveableBottom: 2270 newMoveableBounds: 2270
10-08 13:18:43.512  2042  8104 I WindowManager: cancelAnimation removed leash : Surface(name=Surface(name=d968687 NavigationBar0#90)/@0x2f479dd - animation-leash of insets_animation#1484)/@0xbe732ca
10-08 13:18:43.512  4304  4484 D ImePositionProcessor: onImeVisibilityChanged     isShowing:  true
10-08 13:18:43.512  2042  3095 I WindowManager: WMS.showImePostLayout(), imeTarget = Window{757aabd u0 eu.europa.ec.euidi/eu.europa.ec.assemblylogic.ui.MainActivity}
10-08 13:18:43.513  2042  2693 I WindowManager: wms.showSurfaceRobustly mWin:Window{49d5fba u0 InputMethod}
10-08 13:18:43.514  2042  2693 I ImeInsetsSourceProvider: ImeInsetsSourceProvider.scheduleShowImePostLayout() Run showImeRunner.
10-08 13:18:43.514  2042  2693 I ImeInsetsSourceProvider: ImeInsetsSourceProvider.scheduleShowImePostLayout() isReadyToShowIme.
10-08 13:18:43.524  4304  4304 D ArtChoreographerMonitor: invoke error.
10-08 13:18:43.527  4304  4484 D OneHandedController: stopOneHanded state is 0
10-08 13:18:43.563  2042  6982 I WindowManager: input method visible height changed 701
10-08 13:18:43.563  2042  3126 I ITouchFeature: current device and process support version:2
