10-10 12:17:02.845  1902 23259 W WindowManager: Changing focus from Window{6edfb09 u0 com.android.chrome/org.chromium.chrome.browser.ChromeTabbedActivity EXITING} to Window{565fe39 u0 com.android.chrome/org.chromium.chrome.browser.ChromeTabbedActivity} displayId=0 Callers=com.android.server.wm.RootWindowContainer.updateFocusedWindowLocked:557 com.android.server.wm.WindowManagerService.updateFocusedWindowLocked:6962 com.android.server.wm.WindowState.setupWindowForRemoveOnExit:2746 com.android.server.wm.WindowState.removeIfPossible:2708 
10-10 12:17:02.846  1902 23259 I WindowManager: cancelAnimation removed leash : Surface(name=Surface(name=81266ae StatusBar#86)/@0xb48dfdc - animation-leash of insets_animation#18013)/@0xbf23ec5
10-10 12:17:02.852  1902 23259 I WindowManager: cancelAnimation removed leash : Surface(name=Surface(name=db27a2 NavigationBar0#82)/@0xc1acbf0 - animation-leash of insets_animation#18015)/@0x45f1d27
10-10 12:17:02.862  1902 23259 D WindowManager: wms.Input focus has changed to Window{565fe39 u0 com.android.chrome/org.chromium.chrome.browser.ChromeTabbedActivity} display=0 updateInputWindows = false
10-10 12:17:02.862  1902 23259 I MultiSenceManagerInternalStub: getInstance
10-10 12:17:02.891  1902  1939 D WindowManager: setParent old=ActivityRecord{dfc2f2f u0 com.android.chrome/org.chromium.chrome.browser.ChromeTabbedActivity t449},new=null,this window=Window{6edfb09 u0 com.android.chrome/org.chromium.chrome.browser.ChromeTabbedActivity},callers=com.android.server.wm.WindowContainer.removeChild:840 com.android.server.wm.ActivityRecord.removeChild:5227 com.android.server.wm.ActivityRecord.removeChild:470 com.android.server.wm.WindowContainer.removeImmediately:898 com.android.server.wm.WindowState.removeImmediately:2538 com.android.server.wm.WindowState.destroySurface:3654 
10-10 12:17:02.913  1902  2697 W PackageConfigPersister: App-specific configuration not found for packageName: com.android.chrome and userId: 0
10-10 12:17:02.921  1902  2697 D PerfShielderService: com.android.chrome|com.android.chrome/org.chromium.chrome.browser.ChromeTabbedActivity|155|114859372660845|71|0|4
10-10 12:17:02.922 22071 22103 W MiuiPerfServiceClient: interceptAndQueuing:4464|com.android.chrome|155|71|114859372660845|Slow main thread|4
10-10 12:17:03.382  1902  2697 W MIUIInput: Input event injection from package: null action ACTION_DOWN
10-10 12:17:03.385  1902  2612 I ProcessManager: getRenderThreadTidByPid, caller=1902
10-10 12:17:03.387  1902  2697 W MIUIInput: Input event injection from package: null action ACTION_UP
10-10 12:17:03.400  1902 23259 I InputMethodManagerService: IMMS.showSoftInput(), client = com.android.internal.inputmethod.IInputMethodClient$Stub$Proxy@6c4b521
10-10 12:17:03.400  1902 23259 I InputMethodManagerService: IMMS.showCurrentInputLocked(), flags = 0
10-10 12:17:03.400  1902 23259 D SmartPower: com.google.android.inputmethod.latin/10196(22721): show input method
10-10 12:17:03.400  1902 23259 I SmartPower: com.google.android.inputmethod.latin/10196(22721): background->visible(913ms) R(show input method) adj=100.
10-10 12:17:03.400  1902 23259 I DefaultImeVisibilityApplier: IMMS.showCurrentInputLocked request ims to show inputMethod.
10-10 12:17:03.402  1902  2697 W PackageConfigPersister: App-specific configuration not found for packageName: com.android.chrome and userId: 0
10-10 12:17:03.458  1902  2697 I InputMethodManagerService: IMMS.showSoftInput(), client = com.android.internal.inputmethod.IInputMethodClient$Stub$Proxy@623b07
10-10 12:17:03.458  1902  2697 I InputMethodManagerService: IMMS.showCurrentInputLocked(), flags = 0
10-10 12:17:03.458  1902  2697 D SmartPower: com.google.android.inputmethod.latin/10196(22721): show input method
10-10 12:17:03.458  1902  2697 I DefaultImeVisibilityApplier: IMMS.showCurrentInputLocked request ims to show inputMethod.
10-10 12:17:03.463   691  9779 I keystore2: system/security/keystore2/src/watchdog.rs:319 - Watchdog thread idle -> terminating. Have a great day.
10-10 12:17:03.470  1902  2697 I InputMethodManagerService: IMMS.showSoftInput(), client = com.android.internal.inputmethod.IInputMethodClient$Stub$Proxy@c16825d
10-10 12:17:03.470  1902  2697 I InputMethodManagerService: IMMS.showCurrentInputLocked(), flags = 0
10-10 12:17:03.470  1902  2697 D SmartPower: com.google.android.inputmethod.latin/10196(22721): show input method
10-10 12:17:03.470  1902  2697 I DefaultImeVisibilityApplier: IMMS.showCurrentInputLocked request ims to show inputMethod.
10-10 12:17:03.484  2983  3075 D OneHandedController: stopOneHanded state is 0
10-10 12:17:03.484  1902  2697 I InputMethodManagerService: IMMS.applyImeVisibility(), setVisible = true, mCurclient = ClientState{c2e316e mUid=10190 mPid=4464 mSelfReportedDisplayId=0}
10-10 12:17:03.484  1902  2697 I WindowManager: WMS.showImePostLayout(), imeTarget = Window{565fe39 u0 com.android.chrome/org.chromium.chrome.browser.ChromeTabbedActivity}
10-10 12:17:03.487  1902  1917 D CoreBackPreview: Window{565fe39 u0 com.android.chrome/org.chromium.chrome.browser.ChromeTabbedActivity}: Setting back callback OnBackInvokedCallbackInfo{mCallback=android.window.IOnBackInvokedCallback$Stub$Proxy@23c07d2, mPriority=0, mIsAnimationCallback=false}
10-10 12:17:03.489  2983  3075 D OneHandedController: stopOneHanded state is 0
10-10 12:17:03.499  2983  3075 D MiuiFreeformModeController: avoidForInsetsBottomChangedIfNeed oldMoveableBottom: 2270 newMoveableBounds: 2270
10-10 12:17:03.500  1902  2697 I WindowManager: Relayout Window{6a76de5 u0 InputMethod}: oldVis=8 newVis=0 focusMayChange = true requestedWidth = 1080 requestedHeight = 2306 outFrames = ClientWindowFrames{frame=[0,94][1080,2400] display=[0,94][1080,2400] parentFrame=[0,0][0,0]} outSurfaceControl = Surface(name=InputMethod#18023)/@0xf2ecf1e
10-10 12:17:03.508  2983  3075 D MiuiFreeformModeController: avoidForInsetsBottomChangedIfNeed oldMoveableBottom: 2270 newMoveableBounds: 2270
10-10 12:17:03.526  1902 23161 W WindowManager: finishDrawingWindow: Window{6a76de5 u0 InputMethod} mDrawState=DRAW_PENDING
10-10 12:17:03.526  1902 23161 D WindowManager: wms.finishDrawingLocked: mDrawState=COMMIT_DRAW_PENDING Window{6a76de5 u0 InputMethod} in Surface(name=InputMethod#18023)/@0x2bde759
10-10 12:17:03.527  1902  1939 I ImeInsetsSourceProvider: ImeInsetsSourceProvider.scheduleShowImePostLayout() Run showImeRunner.
10-10 12:17:03.527  1902  1939 I ImeInsetsSourceProvider: ImeInsetsSourceProvider.scheduleShowImePostLayout() isReadyToShowIme.
10-10 12:17:03.528  1902  1917 I InputMethodManagerService: IMMS.applyImeVisibility(), setVisible = true, mCurclient = ClientState{c2e316e mUid=10190 mPid=4464 mSelfReportedDisplayId=0}
10-10 12:17:03.528  1902  1917 I WindowManager: WMS.showImePostLayout(), imeTarget = Window{565fe39 u0 com.android.chrome/org.chromium.chrome.browser.ChromeTabbedActivity}
10-10 12:17:03.529  1902  1939 I ImeInsetsSourceProvider: ImeInsetsSourceProvider.scheduleShowImePostLayout() Run showImeRunner.
10-10 12:17:03.529  1902  1939 I ImeInsetsSourceProvider: ImeInsetsSourceProvider.scheduleShowImePostLayout() isReadyToShowIme.
10-10 12:17:03.529  1902  1917 I InputMethodManagerService: IMMS.applyImeVisibility(), setVisible = true, mCurclient = ClientState{c2e316e mUid=10190 mPid=4464 mSelfReportedDisplayId=0}
10-10 12:17:03.531  1902  1917 I WindowManager: WMS.showImePostLayout(), imeTarget = Window{565fe39 u0 com.android.chrome/org.chromium.chrome.browser.ChromeTabbedActivity}
10-10 12:17:03.532  1902  1939 I ImeInsetsSourceProvider: ImeInsetsSourceProvider.scheduleShowImePostLayout() Run showImeRunner.
10-10 12:17:03.532  1902  1939 I ImeInsetsSourceProvider: ImeInsetsSourceProvider.scheduleShowImePostLayout() isReadyToShowIme.
10-10 12:17:03.535  2983  3075 D MiuiFreeformModeController: avoidForInsetsBottomChangedIfNeed oldMoveableBottom: 2270 newMoveableBounds: 2270
10-10 12:17:03.535  1902  1917 I WindowManager: cancelAnimation removed leash : Surface(name=Surface(name=db27a2 NavigationBar0#82)/@0xc1acbf0 - animation-leash of insets_animation#18021)/@0x264ba70
10-10 12:17:03.535  2983  3075 D ImePositionProcessor: onImeVisibilityChanged     isShowing:  true
10-10 12:17:03.535  1902  1938 I WindowManager: input method visible height changed 701
10-10 12:17:03.536  1902  2338 I ITouchFeature: current device and process support version:2
10-10 12:17:03.536  1902  1938 W WindowManager: real show surface:Surface(name=InputMethod#18023)/@0x2bde759
10-10 12:17:03.541  2983  3075 D MiuiFreeformModeController: onImeVisibilityChanged imeVisible: true imeHeight: 701 adjustedForRotation:false
10-10 12:17:03.541  2983  3075 D MiuiFreeformModeAvoidAlgorithm: begin autoOrderingAvoidMiniTask
10-10 12:17:03.541  2983  3075 D MiuiFreeformModeAvoidAlgorithm: getCurrMiniPos: SameSideMiniPosList: []
10-10 12:17:03.541  2983  3075 D MiuiFreeformModeAvoidAlgorithm: getCurrMiniPos: SameSideMiniPosList: []
10-10 12:17:03.541  2983  3075 D MiuiFreeformModeAvoidAlgorithm: end autoOrderingAvoidMiniTask res:AvoidResult{distance=0, combination={}, activeTaskPos=Rect(0, 0 - 0, 0)}
10-10 12:17:03.550  2983  3075 D OneHandedController: stopOneHanded state is 0
10-10 12:17:03.733  1902 23161 D WindowManagerService: checkFlipFullScreenChange is same, nowIsFullScreen = false
10-10 12:17:03.759  1902 23161 D WindowManagerService: checkFlipFullScreenChange is same, nowIsFullScreen = false
10-10 12:17:04.050  1902 23161 W MIUIInput: Input event injection from package: null action ACTION_DOWN
10-10 12:17:04.052  1902  2612 I ProcessManager: getRenderThreadTidByPid, caller=1902
10-10 12:17:04.054  1902 23161 W MIUIInput: Input event injection from package: null action ACTION_UP
10-10 12:17:04.060  2983  2983 I MiuiChargeManager: notifyBatteryStatusChanged:  status: 5 isPlugged: 2 level: 100 wireState: 11 chargeSpeed: 0 mChargeType: 0 chargeDeviceType: 0 maxChargingWattage: -1 isCarCharge: 0 SUPPORT_BROADCAST_QUICK_CHARGE: true
10-10 12:17:04.061  1902  1902 D MBrainLocalService: isVendorFreezeConditionPass is false
10-10 12:17:04.061  1902  1902 E ChargeIntentReceiver: notifyChange failed
10-10 12:17:04.061  1902  1902 D UiModeManager: updateConfigurationLocked: mDockState=0; mCarMode=false; mCar=false; mPowerSave=false; mOverrideNightModeOn=false; mOverrideNightModeOff=false; mComputedNightMode=false; mNightMode=1; uiMode=17
10-10 12:17:04.079  1902  1917 I InputMethodManagerService: IMMS.applyImeVisibility(), setVisible = false, mCurclient = ClientState{c2e316e mUid=10190 mPid=4464 mSelfReportedDisplayId=0}
10-10 12:17:04.084  1902  2697 W PackageConfigPersister: App-specific configuration not found for packageName: com.android.chrome and userId: 0
10-10 12:17:04.094  2983  3075 D MiuiFreeformModeController: avoidForInsetsBottomChangedIfNeed oldMoveableBottom: 2270 newMoveableBounds: 2270
10-10 12:17:04.094  2983  3075 D ImePositionProcessor: onImeVisibilityChanged     isShowing:  false
10-10 12:17:04.097  1902  1939 I WindowManager: input method visible height changed 0
10-10 12:17:04.098  1902  2338 I ITouchFeature: current device and process support version:2
10-10 12:17:04.101  1902  2336 I SmartPower: com.google.android.gms.unstable/10175(4628): idle->background(57001ms) R(alarm start) adj=800.
10-10 12:17:04.102  1902  1917 D CoreBackPreview: Window{565fe39 u0 com.android.chrome/org.chromium.chrome.browser.ChromeTabbedActivity}: Setting back callback OnBackInvokedCallbackInfo{mCallback=android.window.IOnBackInvokedCallback$Stub$Proxy@2f42891, mPriority=0, mIsAnimationCallback=true}
10-10 12:17:04.104  1902  2336 I SmartPower: com.google.android.gms.ui/10175(26069): idle->background(57002ms) R(alarm start) adj=800.
10-10 12:17:04.104  1902  2336 I SmartPower: com.google.process.gservices/10175(22048): idle->background(57003ms) R(alarm start) adj=915.
10-10 12:17:04.104  1902  2336 I SmartPower: com.google.android.gms:snet/10175(14783): idle->background(57003ms) R(alarm start) adj=800.
10-10 12:17:04.104  1902  2336 I SmartPower: com.google.process.gapps/10175(12347): idle->background(57004ms) R(alarm start) adj=935.
10-10 12:17:04.104  1902  2336 D AlarmManager: mBroadcastRefCount -> 1
10-10 12:17:04.108  2983  3075 D MiuiFreeformModeController: onImeVisibilityChanged imeVisible: false imeHeight: 0 adjustedForRotation:false
10-10 12:17:04.108  2983  3075 D MiuiFreeformModeAvoidAlgorithm: begin autoOrderingAvoidMiniTask
10-10 12:17:04.108  2983  3075 D MiuiFreeformModeAvoidAlgorithm: getCurrMiniPos: SameSideMiniPosList: []
10-10 12:17:04.108  2983  3075 D MiuiFreeformModeAvoidAlgorithm: getCurrMiniPos: SameSideMiniPosList: []
10-10 12:17:04.108  2983  3075 D MiuiFreeformModeAvoidAlgorithm: end autoOrderingAvoidMiniTask res:AvoidResult{distance=0, combination={}, activeTaskPos=Rect(0, 0 - 0, 0)}
10-10 12:17:04.132  1902  3317 D AlarmManager: mBroadcastRefCount -> 0
10-10 12:17:04.132  1902 23259 W MIUIInput: Input event injection from package: null action ACTION_DOWN
10-10 12:17:04.133  1902  3317 D AlarmManager: mPendingIntent -> null
10-10 12:17:04.136  1902  2612 I ProcessManager: getRenderThreadTidByPid, caller=1902
10-10 12:17:04.138  1902  2612 I ProcessManager: getRenderThreadTidByPid, caller=1902
10-10 12:17:04.230  1902  3317 W MIUIInput: Input event injection from package: null action ACTION_UP
10-10 12:17:04.559  1902  1954 I SmartPower: com.xiaomi.discover/10128(11400): idle->background(17051ms) R(broadcast start Intent { act=android.intent.action.BATTERY_CHANGED flg=0x60000010 (has extras) }) adj=905.
10-10 12:17:04.560  1902  1954 I SmartPower: com.microsoft.teams/10321(6401): idle->background(17052ms) R(broadcast start Intent { act=android.intent.action.BATTERY_CHANGED flg=0x60000010 (has extras) }) adj=905.
10-10 12:17:04.561  1902  1954 I SmartPower: com.google.android.apps.tachyon/10234(13012): idle->background(17053ms) R(broadcast start Intent { act=android.intent.action.BATTERY_CHANGED flg=0x60000010 (has extras) }) adj=955.
10-10 12:17:04.561  1902  1954 I SmartPower: com.miui.gallery/10078(17586): idle->background(17053ms) R(broadcast start Intent { act=android.intent.action.BATTERY_CHANGED flg=0x60000010 (has extras) }) adj=965.
10-10 12:17:04.563  1902  1954 I SmartPower: com.facebook.appmanager/10150(6423): idle->background(17055ms) R(broadcast start Intent { act=android.intent.action.BATTERY_CHANGED flg=0x60000010 (has extras) }) adj=905.
10-10 12:17:04.611  1902  1917 I SmartPower: com.google.android.inputmethod.latin/10196(22721): visible->invisible(1211ms) R(become invisible) adj=100.
10-10 12:17:04.611  1902  1917 I SmartPower: com.google.android.inputmethod.latin/10196(22721): invisible->background(0ms) R(become background) adj=100.
10-10 12:17:04.615  2983  3075 D MiuiFreeformModeController: avoidForInsetsBottomChangedIfNeed oldMoveableBottom: 2270 newMoveableBounds: 2270
10-10 12:17:04.623  2983  3075 D MiuiFreeformModeController: avoidForInsetsBottomChangedIfNeed oldMoveableBottom: 2270 newMoveableBounds: 2270
10-10 12:17:05.473  1902  3317 W MIUIInput: Input event injection from package: null action ACTION_DOWN
10-10 12:17:05.477  1902  2612 I ProcessManager: getRenderThreadTidByPid, caller=1902
10-10 12:17:05.481  1902  3317 W MIUIInput: Input event injection from package: null action ACTION_UP
10-10 12:17:05.494  1902 23161 I InputMethodManagerService: IMMS.showSoftInput(), client = com.android.internal.inputmethod.IInputMethodClient$Stub$Proxy@79e30d0
10-10 12:17:05.494  1902 23161 I InputMethodManagerService: IMMS.showCurrentInputLocked(), flags = 0
10-10 12:17:05.494  1902 23161 D SmartPower: com.google.android.inputmethod.latin/10196(22721): show input method
10-10 12:17:05.494  1902 23161 I SmartPower: com.google.android.inputmethod.latin/10196(22721): background->visible(882ms) R(show input method) adj=100.
10-10 12:17:05.494  1902 23161 I DefaultImeVisibilityApplier: IMMS.showCurrentInputLocked request ims to show inputMethod.
10-10 12:17:05.495  1902 23161 W PackageConfigPersister: App-specific configuration not found for packageName: com.android.chrome and userId: 0
10-10 12:17:05.558  1902  3317 I InputMethodManagerService: IMMS.showSoftInput(), client = com.android.internal.inputmethod.IInputMethodClient$Stub$Proxy@bb3bce
10-10 12:17:05.558  1902  3317 I InputMethodManagerService: IMMS.showCurrentInputLocked(), flags = 0
10-10 12:17:05.558  1902  3317 D SmartPower: com.google.android.inputmethod.latin/10196(22721): show input method
10-10 12:17:05.558  1902  3317 I DefaultImeVisibilityApplier: IMMS.showCurrentInputLocked request ims to show inputMethod.
10-10 12:17:05.568  1902 23161 I InputMethodManagerService: IMMS.showSoftInput(), client = com.android.internal.inputmethod.IInputMethodClient$Stub$Proxy@6fd89fc
10-10 12:17:05.568  1902 23161 I InputMethodManagerService: IMMS.showCurrentInputLocked(), flags = 0
10-10 12:17:05.568  1902 23161 D SmartPower: com.google.android.inputmethod.latin/10196(22721): show input method
10-10 12:17:05.569  1902 23161 I DefaultImeVisibilityApplier: IMMS.showCurrentInputLocked request ims to show inputMethod.
10-10 12:17:05.588  1902 23259 I InputMethodManagerService: IMMS.applyImeVisibility(), setVisible = true, mCurclient = ClientState{c2e316e mUid=10190 mPid=4464 mSelfReportedDisplayId=0}
10-10 12:17:05.588  1902 23259 I WindowManager: WMS.showImePostLayout(), imeTarget = Window{565fe39 u0 com.android.chrome/org.chromium.chrome.browser.ChromeTabbedActivity}
10-10 12:17:05.599  2983  3075 D MiuiFreeformModeController: avoidForInsetsBottomChangedIfNeed oldMoveableBottom: 2270 newMoveableBounds: 2270
10-10 12:17:05.603  1902 23161 I WindowManager: Relayout Window{6a76de5 u0 InputMethod}: oldVis=8 newVis=0 focusMayChange = true requestedWidth = 1080 requestedHeight = 2306 outFrames = ClientWindowFrames{frame=[0,94][1080,2400] display=[0,94][1080,2400] parentFrame=[0,0][0,0]} outSurfaceControl = Surface(name=InputMethod#18025)/@0x89749e8
10-10 12:17:05.603  1902 23259 D CoreBackPreview: Window{565fe39 u0 com.android.chrome/org.chromium.chrome.browser.ChromeTabbedActivity}: Setting back callback OnBackInvokedCallbackInfo{mCallback=android.window.IOnBackInvokedCallback$Stub$Proxy@25f5801, mPriority=0, mIsAnimationCallback=false}
10-10 12:17:05.609  2983  3075 D MiuiFreeformModeController: avoidForInsetsBottomChangedIfNeed oldMoveableBottom: 2270 newMoveableBounds: 2270
10-10 12:17:05.627  1902 23179 W WindowManager: finishDrawingWindow: Window{6a76de5 u0 InputMethod} mDrawState=DRAW_PENDING
10-10 12:17:05.627  1902 23179 D WindowManager: wms.finishDrawingLocked: mDrawState=COMMIT_DRAW_PENDING Window{6a76de5 u0 InputMethod} in Surface(name=InputMethod#18025)/@0x9a7c70b
10-10 12:17:05.628  1902 23179 I InputMethodManagerService: IMMS.applyImeVisibility(), setVisible = true, mCurclient = ClientState{c2e316e mUid=10190 mPid=4464 mSelfReportedDisplayId=0}
10-10 12:17:05.629  1902  1939 I ImeInsetsSourceProvider: ImeInsetsSourceProvider.scheduleShowImePostLayout() Run showImeRunner.
10-10 12:17:05.629  1902  1939 I ImeInsetsSourceProvider: ImeInsetsSourceProvider.scheduleShowImePostLayout() isReadyToShowIme.
10-10 12:17:05.630  1902  2697 I WindowManager: cancelAnimation removed leash : Surface(name=Surface(name=db27a2 NavigationBar0#82)/@0xc1acbf0 - animation-leash of insets_animation#18024)/@0x6d1c2b8
10-10 12:17:05.631  1902 23179 I WindowManager: WMS.showImePostLayout(), imeTarget = Window{565fe39 u0 com.android.chrome/org.chromium.chrome.browser.ChromeTabbedActivity}
10-10 12:17:05.631  2983  3075 D MiuiFreeformModeController: avoidForInsetsBottomChangedIfNeed oldMoveableBottom: 2270 newMoveableBounds: 2270
10-10 12:17:05.631  2983  3075 D ImePositionProcessor: onImeVisibilityChanged     isShowing:  true
10-10 12:17:05.631  1902  1939 I WindowManager: input method visible height changed 701
10-10 12:17:05.631  1902  2338 I ITouchFeature: current device and process support version:2
10-10 12:17:05.633  1902  1939 W WindowManager: real show surface:Surface(name=InputMethod#18025)/@0x9a7c70b
10-10 12:17:05.633  1902  1939 I ImeInsetsSourceProvider: ImeInsetsSourceProvider.scheduleShowImePostLayout() Run showImeRunner.
10-10 12:17:05.633  1902  1939 I ImeInsetsSourceProvider: ImeInsetsSourceProvider.scheduleShowImePostLayout() isReadyToShowIme.
10-10 12:17:05.634  2983  3075 D MiuiFreeformModeController: onImeVisibilityChanged imeVisible: true imeHeight: 701 adjustedForRotation:false
10-10 12:17:05.634  2983  3075 D MiuiFreeformModeAvoidAlgorithm: begin autoOrderingAvoidMiniTask
10-10 12:17:05.634  2983  3075 D MiuiFreeformModeAvoidAlgorithm: getCurrMiniPos: SameSideMiniPosList: []
10-10 12:17:05.634  2983  3075 D MiuiFreeformModeAvoidAlgorithm: getCurrMiniPos: SameSideMiniPosList: []
10-10 12:17:05.634  2983  3075 D MiuiFreeformModeAvoidAlgorithm: end autoOrderingAvoidMiniTask res:AvoidResult{distance=0, combination={}, activeTaskPos=Rect(0, 0 - 0, 0)}
10-10 12:17:05.637  1902 23179 I InputMethodManagerService: IMMS.applyImeVisibility(), setVisible = true, mCurclient = ClientState{c2e316e mUid=10190 mPid=4464 mSelfReportedDisplayId=0}
10-10 12:17:05.638  1902 23179 I WindowManager: WMS.showImePostLayout(), imeTarget = Window{565fe39 u0 com.android.chrome/org.chromium.chrome.browser.ChromeTabbedActivity}
10-10 12:17:05.638  1556  1556 I wificond: station_bandwidth: 
10-10 12:17:05.640  1902  1939 I ImeInsetsSourceProvider: ImeInsetsSourceProvider.scheduleShowImePostLayout() Run showImeRunner.
10-10 12:17:05.640  1902  1939 I ImeInsetsSourceProvider: ImeInsetsSourceProvider.scheduleShowImePostLayout() isReadyToShowIme.
10-10 12:17:05.654  2983  3075 D OneHandedController: stopOneHanded state is 0
10-10 12:17:05.743  1902 23161 D WindowManagerService: checkFlipFullScreenChange is same, nowIsFullScreen = false
10-10 12:17:05.763  1902 23161 D WindowManagerService: checkFlipFullScreenChange is same, nowIsFullScreen = false
10-10 12:17:05.801  1902 23179 W MIUIInput: Input event injection from package: null action ACTION_DOWN keycode 66
10-10 12:17:05.801  1902 23179 W MiuiInputKeyEventLog: keyCode:66 down:true eventTime:114863176 downTime:114863176 policyFlags:2b000000 flags:0 metaState:0 deviceId:-1 isScreenOn:true keyguardActive:false repeatCount:0
10-10 12:17:05.805  1902 23179 W MIUIInput: Input event injection from package: null action ACTION_UP keycode 66
10-10 12:17:05.805  1902 23179 W MiuiInputKeyEventLog: keyCode:66 down:false eventTime:114863176 downTime:114863176 policyFlags:2b000000 flags:0 metaState:0 deviceId:-1 isScreenOn:true keyguardActive:false repeatCount:0
10-10 12:17:05.918  1902  2697 I InputMethodManagerService: IMMS.applyImeVisibility(), setVisible = false, mCurclient = ClientState{c2e316e mUid=10190 mPid=4464 mSelfReportedDisplayId=0}
10-10 12:17:05.922  1902  2697 D SchedBoost: com.android.chrome:sandboxed_process0:org.chromium.content.app.SandboxedProcessService0:12 boosting, skip reset priority
10-10 12:17:05.922  1902  2304 W PackageConfigPersister: App-specific configuration not found for packageName: com.android.chrome and userId: 0
10-10 12:17:05.938  1902 23161 D CoreBackPreview: Window{565fe39 u0 com.android.chrome/org.chromium.chrome.browser.ChromeTabbedActivity}: Setting back callback OnBackInvokedCallbackInfo{mCallback=android.window.IOnBackInvokedCallback$Stub$Proxy@ee0639, mPriority=0, mIsAnimationCallback=true}
10-10 12:17:05.940  2983  3075 D MiuiFreeformModeController: avoidForInsetsBottomChangedIfNeed oldMoveableBottom: 2270 newMoveableBounds: 2270
10-10 12:17:05.940  2983  3075 D ImePositionProcessor: onImeVisibilityChanged     isShowing:  false
10-10 12:17:05.941  1902  1939 I WindowManager: input method visible height changed 0
10-10 12:17:05.941  1902  2338 I ITouchFeature: current device and process support version:2
10-10 12:17:05.943  2983  3075 D MiuiFreeformModeController: onImeVisibilityChanged imeVisible: false imeHeight: 0 adjustedForRotation:false
10-10 12:17:05.943  2983  3075 D MiuiFreeformModeAvoidAlgorithm: begin autoOrderingAvoidMiniTask
10-10 12:17:05.943  2983  3075 D MiuiFreeformModeAvoidAlgorithm: getCurrMiniPos: SameSideMiniPosList: []
10-10 12:17:05.943  2983  3075 D MiuiFreeformModeAvoidAlgorithm: getCurrMiniPos: SameSideMiniPosList: []
10-10 12:17:05.943  2983  3075 D MiuiFreeformModeAvoidAlgorithm: end autoOrderingAvoidMiniTask res:AvoidResult{distance=0, combination={}, activeTaskPos=Rect(0, 0 - 0, 0)}
10-10 12:17:06.468  1902  2697 I SmartPower: com.google.android.inputmethod.latin/10196(22721): visible->invisible(974ms) R(become invisible) adj=100.
10-10 12:17:06.468  1902  2697 I SmartPower: com.google.android.inputmethod.latin/10196(22721): invisible->background(1ms) R(become background) adj=100.
10-10 12:17:06.474  2983  3075 D MiuiFreeformModeController: avoidForInsetsBottomChangedIfNeed oldMoveableBottom: 2270 newMoveableBounds: 2270
10-10 12:17:06.487  2983  3075 D MiuiFreeformModeController: avoidForInsetsBottomChangedIfNeed oldMoveableBottom: 2270 newMoveableBounds: 2270
10-10 12:17:06.704  1902  2697 W MIUIInput: Input event injection from package: null action ACTION_DOWN
10-10 12:17:06.707  1902  2612 I ProcessManager: getRenderThreadTidByPid, caller=1902
10-10 12:17:06.709  1902  2612 I ProcessManager: getRenderThreadTidByPid, caller=1902
10-10 12:17:06.797  1902 23161 W MIUIInput: Input event injection from package: null action ACTION_UP
10-10 12:17:07.105  1902  2620 I SmartPower: com.google.android.gms.unstable/10175(4628): background->idle(3005ms) R(alarm start) adj=800.
10-10 12:17:07.105  1902  2620 I SmartPower: com.google.android.gms.ui/10175(26069): background->idle(3003ms) R(alarm start) adj=800.
10-10 12:17:07.105  1902  2620 I SmartPower: com.google.process.gservices/10175(22048): background->idle(3002ms) R(alarm start) adj=915.
10-10 12:17:07.105  1902  2620 I SmartPower: com.google.android.gms:snet/10175(14783): background->idle(3002ms) R(alarm start) adj=800.
10-10 12:17:07.105  1902  2620 I SmartPower: com.google.process.gapps/10175(12347): background->idle(3001ms) R(alarm start) adj=935.
10-10 12:17:07.560  1902  2620 I SmartPower: com.xiaomi.discover/10128(11400): background->idle(3001ms) R(broadcast start Intent { act=android.intent.action.BATTERY_CHANGED flg=0x60000010 (has extras) }) adj=905.
10-10 12:17:07.561  1902  2620 I SmartPower: com.microsoft.teams/10321(6401): background->idle(3001ms) R(broadcast start Intent { act=android.intent.action.BATTERY_CHANGED flg=0x60000010 (has extras) }) adj=905.
10-10 12:17:07.561  1902  2620 I SmartPower: com.google.android.apps.tachyon/10234(13012): background->idle(3001ms) R(broadcast start Intent { act=android.intent.action.BATTERY_CHANGED flg=0x60000010 (has extras) }) adj=955.
10-10 12:17:07.561  1902  2620 I SmartPower: com.miui.gallery/10078(17586): background->idle(3000ms) R(broadcast start Intent { act=android.intent.action.BATTERY_CHANGED flg=0x60000010 (has extras) }) adj=965.
10-10 12:17:07.563  1902  2620 I SmartPower: com.facebook.appmanager/10150(6423): background->idle(3000ms) R(broadcast start Intent { act=android.intent.action.BATTERY_CHANGED flg=0x60000010 (has extras) }) adj=905.
10-10 12:17:07.710  1902  2697 W MIUIInput: Input event injection from package: null action ACTION_DOWN
10-10 12:17:07.712  1902  2612 I ProcessManager: getRenderThreadTidByPid, caller=1902
10-10 12:17:07.714  1902  2612 I ProcessManager: getRenderThreadTidByPid, caller=1902
10-10 12:17:07.804  1902  2697 W MIUIInput: Input event injection from package: null action ACTION_UP
10-10 12:17:08.572  2983  2983 I MiuiChargeManager: notifyBatteryStatusChanged:  status: 2 isPlugged: 2 level: 100 wireState: 11 chargeSpeed: 0 mChargeType: 0 chargeDeviceType: 0 maxChargingWattage: -1 isCarCharge: 0 SUPPORT_BROADCAST_QUICK_CHARGE: true
10-10 12:17:08.574  1902  1902 D MBrainLocalService: isVendorFreezeConditionPass is false
10-10 12:17:08.574  1902  1902 E ChargeIntentReceiver: notifyChange failed
10-10 12:17:08.574  1902  1902 D UiModeManager: updateConfigurationLocked: mDockState=0; mCarMode=false; mCar=false; mPowerSave=false; mOverrideNightModeOn=false; mOverrideNightModeOff=false; mComputedNightMode=false; mNightMode=1; uiMode=17
10-10 12:17:08.658  1556  1556 I wificond: station_bandwidth: 
10-10 12:17:08.676  1902 23161 W MIUIInput: Input event injection from package: null action ACTION_DOWN
10-10 12:17:08.677  1902  2612 I ProcessManager: getRenderThreadTidByPid, caller=1902
10-10 12:17:08.680  1902  2612 I ProcessManager: getRenderThreadTidByPid, caller=1902
10-10 12:17:08.771  1902 23161 W MIUIInput: Input event injection from package: null action ACTION_UP
10-10 12:17:09.469  1902  2620 I SmartPower: com.google.android.inputmethod.latin/10196(22721): background->idle(3001ms) R(become invisible) adj=100.
10-10 12:17:09.644  1902  2697 W MIUIInput: Input event injection from package: null action ACTION_DOWN
10-10 12:17:09.645  1902  2612 I ProcessManager: getRenderThreadTidByPid, caller=1902
10-10 12:17:09.648  1902  2612 I ProcessManager: getRenderThreadTidByPid, caller=1902
10-10 12:17:09.738  1902  2697 W MIUIInput: Input event injection from package: null action ACTION_UP
10-10 12:17:10.627  1902  2304 W MIUIInput: Input event injection from package: null action ACTION_DOWN
10-10 12:17:10.628  1902  2612 I ProcessManager: getRenderThreadTidByPid, caller=1902
10-10 12:17:10.631  1902  2612 I ProcessManager: getRenderThreadTidByPid, caller=1902
10-10 12:17:10.722  1902  2304 W MIUIInput: Input event injection from package: null action ACTION_UP
10-10 12:17:11.594  1902  2697 W MIUIInput: Input event injection from package: null action ACTION_DOWN
10-10 12:17:11.595  1902  2612 I ProcessManager: getRenderThreadTidByPid, caller=1902
10-10 12:17:11.598  1902  2612 I ProcessManager: getRenderThreadTidByPid, caller=1902
10-10 12:17:11.682  1556  1556 I wificond: station_bandwidth: 
10-10 12:17:11.689  1902  2697 W MIUIInput: Input event injection from package: null action ACTION_UP
10-10 12:17:12.611  1902  2304 W MIUIInput: Input event injection from package: null action ACTION_DOWN
10-10 12:17:12.612  1902  2612 I ProcessManager: getRenderThreadTidByPid, caller=1902
10-10 12:17:12.613  1902  2304 W MIUIInput: Input event injection from package: null action ACTION_UP
10-10 12:17:12.777  1902 23161 D CompatibilityChangeReporter: Compat change id reported: 265464455; UID 10390; state: DISABLED
10-10 12:17:12.777  1902 23161 D CompatibilityChangeReporter: Compat change id reported: 265452344; UID 10390; state: DISABLED
10-10 12:17:12.777  1902 23161 D CompatibilityChangeReporter: Compat change id reported: 266124927; UID 10390; state: DISABLED
10-10 12:17:12.777  1902 23161 D CompatibilityChangeReporter: Compat change id reported: 265451093; UID 10390; state: DISABLED
10-10 12:17:12.777  1902 23161 D CompatibilityChangeReporter: Compat change id reported: 265456536; UID 10390; state: DISABLED
10-10 12:17:12.777  1902 23161 D CompatibilityChangeReporter: Compat change id reported: 255940284; UID 10390; state: DISABLED
10-10 12:17:12.777  1902 23161 D CompatibilityChangeReporter: Compat change id reported: 236283604; UID 10390; state: DISABLED
10-10 12:17:12.777  1902 23161 D CompatibilityChangeReporter: Compat change id reported: 263959004; UID 10390; state: DISABLED
10-10 12:17:12.777  1902 23161 D CompatibilityChangeReporter: Compat change id reported: 264304459; UID 10390; state: DISABLED
10-10 12:17:12.777  1902 23161 D CompatibilityChangeReporter: Compat change id reported: 264301586; UID 10390; state: DISABLED
10-10 12:17:12.777  1902 23161 D CompatibilityChangeReporter: Compat change id reported: 254631730; UID 10390; state: DISABLED
10-10 12:17:12.777  1902 23161 D CompatibilityChangeReporter: Compat change id reported: 273509367; UID 10390; state: DISABLED
10-10 12:17:12.777  1902 23161 D CompatibilityChangeReporter: Compat change id reported: 263259275; UID 10390; state: DISABLED
10-10 12:17:12.778  1902 23161 D CompatibilityChangeReporter: Compat change id reported: 174042980; UID 10390; state: DISABLED
10-10 12:17:12.778  1902 23161 D CompatibilityChangeReporter: Compat change id reported: 174042936; UID 10390; state: DISABLED
10-10 12:17:12.778  1902 23161 D CompatibilityChangeReporter: Compat change id reported: 181136395; UID 10390; state: DISABLED
10-10 12:17:12.778  1902 23161 D CompatibilityChangeReporter: Compat change id reported: 194480991; UID 10390; state: ENABLED
10-10 12:17:12.778  1902 23161 I SmartPower: eu.europa.ec.euidi/10390(10115): idle->invisible(12590ms) R(become foreground) adj=700.
10-10 12:17:12.779  1902 23161 D WindowManager: Collecting in transition 1085: ActivityRecord{a3da6eb u0 eu.europa.ec.euidi/eu.europa.ec.assemblylogic.ui.MainActivity init visibleRequested:false
10-10 12:17:12.779  1902 23161 D MiuiFreeFormManagerService: activeOrFullscreenFreeformTaskIfNeed startDefaultAr:false
10-10 12:17:12.779  1902 23161 D MiuiFreeFormManagerService: onStartActivityInner as = Task{b4ec85a #474 type=standard A=10390:eu.europa.ec.euidi} op = null
10-10 12:17:12.780  1902 23161 D WindowManagerService: checkFlipFullScreenChange is same, nowIsFullScreen = false
10-10 12:17:12.781  1902 23161 W WindowManager: Changing focus from Window{565fe39 u0 com.android.chrome/org.chromium.chrome.browser.ChromeTabbedActivity} to null displayId=0 Callers=com.android.server.wm.RootWindowContainer.updateFocusedWindowLocked:557 com.android.server.wm.WindowManagerService.updateFocusedWindowLocked:6962 com.android.server.wm.ActivityTaskManagerService.setLastResumedActivityUncheckLocked:5565 com.android.server.wm.ActivityRecord.moveFocusableActivityToTop:4045 
10-10 12:17:12.781  1902 23161 D WindowManager: wms.Input focus has changed to null display=0 updateInputWindows = true
10-10 12:17:12.781  1902 23161 I MultiSenceManagerInternalStub: getInstance
10-10 12:17:12.781  1902 23161 D WindowManager: setLockTaskAuth: task=Task{b4ec85a #474 type=standard A=10390:eu.europa.ec.euidi} mLockTaskAuth=LOCK_TASK_AUTH_PINNABLE
10-10 12:17:12.790  1902 23161 D WindowManager: Collecting in transition 1085: ActivityRecord{a3da6eb u0 eu.europa.ec.euidi/eu.europa.ec.assemblylogic.ui.MainActivity t-1} init visibleRequested:false
10-10 12:17:12.790  1902 23161 D WindowManager: Requesting StartTransition: TransitionRecord{9dddc48 id=1085 type=OPEN flags=0x0}
10-10 12:17:12.792  1902 23161 D CompatibilityChangeReporter: Compat change id reported: 194833441; UID 10390; state: ENABLED
10-10 12:17:12.792  1902 23161 I ActivityTaskManager: START u0 {act=android.intent.action.VIEW cat=[android.intent.category.BROWSABLE] dat=eu.europa.ec.euidi://authorization/... flg=0x14000000 cmp=eu.europa.ec.euidi/eu.europa.ec.assemblylogic.ui.MainActivity (has extras)} with LAUNCH_SINGLE_TASK from uid 10190 (BAL_ALLOW_VISIBLE_WINDOW) result code=2
10-10 12:17:12.793  2983  3075 I SoScUtils: monitorTransitionRequest mRequestOpenTransition:null mRequestOpenTriggerTask:-1 mRequestCloseTransition:null mRequestCloseTriggerTask:-1 mRequestCloseStageType:-1
10-10 12:17:12.793  1902 23259 D WindowManager: Set transition=TransitionRecord{9dddc48 id=1085 type=OPEN flags=0x0}, ready=false, SyncId=1085 used=true, override=false, defer=0, states=Display{#0 state=ON size=1080x2400 ROTATION_0}:false
10-10 12:17:12.795  2983  3075 D OneHandedController: stopOneHanded state is 0
10-10 12:17:12.795  1902  1939 D CompatibilityChangeReporter: Compat change id reported: 197654537; UID 10190; state: ENABLED
10-10 12:17:12.796  2983  3075 D MiuiFullScreenTaskRepository: removeFocusedTask displayId=0
10-10 12:17:12.796  2983  3075 D MiuiFullScreenTaskRepository: addOrUpdateFullScreenTaskInfo taskId=449, topActivity=ComponentInfo{com.android.chrome/org.chromium.chrome.browser.ChromeTabbedActivity}
10-10 12:17:12.796  2983  3075 D MiuiFullScreenTaskRepository: setFocusedTask taskId=474, displayId=0, topActivity=ComponentInfo{eu.europa.ec.euidi/eu.europa.ec.assemblylogic.ui.MainActivity}
10-10 12:17:12.796  2983  3075 D MiuiFullScreenTaskRepository: addOrUpdateFullScreenTaskInfo taskId=474, topActivity=ComponentInfo{eu.europa.ec.euidi/eu.europa.ec.assemblylogic.ui.MainActivity}
10-10 12:17:12.805  2983  3075 D MiuiDesktopModeController: onFocusTaskChanged newFocus: TaskInfo{userId=0 taskId=474 displayId=0 isRunning=true baseIntent=Intent { act=android.intent.action.MAIN cat=[android.intent.category.LAUNCHER] flg=0x10200000 cmp=eu.europa.ec.euidi/eu.europa.ec.assemblylogic.ui.MainActivity } baseActivity=ComponentInfo{eu.europa.ec.euidi/eu.europa.ec.assemblylogic.ui.MainActivity} topActivity=ComponentInfo{eu.europa.ec.euidi/eu.europa.ec.assemblylogic.ui.MainActivity} origActivity=null realActivity=ComponentInfo{eu.europa.ec.euidi/eu.europa.ec.assemblylogic.ui.MainActivity} numActivities=1 lastActiveTime=898887624 supportsSplitScreenMultiWindow=true supportsMultiWindow=true resizeMode=1 isResizeable=true minWidth=-1 minHeight=-1 defaultMinSize=200 token=WCT{android.window.IWindowContainerToken$Stub$Proxy@298688e} topActivityType=1 pictureInPictureParams=null shouldDockBigOverlays=false launchIntoPipHostTaskId=-1 lastParentTaskIdBeforePip=-1 displayCutoutSafeInsets=Rect(0, 94 - 0, 0) topActivityInfo=ActivityInfo{693f8af eu.europa.ec.assemblylogic.ui.MainActivity} launchCookies=[] positionInParent=Point(0, 0) parentTaskId=-1 isFocused=true isVisible=false isVisibleRequested=false isSleeping=false topActivityInSizeCompat=false topActivityEligibleForLetterboxEducation= false topActivityLetterboxed= false isFromDoubleTap= false topActivityLetterboxVerticalPosition= -1 topActivityLetterboxHorizontalPosition= -1 topActivityLetterboxWidth=-1 topActivityLetterboxHeight=-1 locusId=null displayAreaFeatureId=1 cameraCompatControlState=hidden mIsCastMode=false mTopActivityMediaSize=null mTopActivityRecordName=ActivityRecord{9815005 u0 eu.europa.ec.euidi/eu.europa.ec.assemblylogic.ui.MainActivity t474} mTopActivityOrientation=-2 mTopActivityWindowIsNowVisible=false isTranslucent=true isEmbedded=false shouldBeVisible=true isImmersive=false mBehindAppLockPkg=null mOriginatingUid=0}
10-10 12:17:12.805  2983  3075 D MiuiFreeformModeController: onFocusTaskChanged taskInfo: TaskInfo{userId=0 taskId=474 displayId=0 isRunning=true baseIntent=Intent { act=android.intent.action.MAIN cat=[android.intent.category.LAUNCHER] flg=0x10200000 cmp=eu.europa.ec.euidi/eu.europa.ec.assemblylogic.ui.MainActivity } baseActivity=ComponentInfo{eu.europa.ec.euidi/eu.europa.ec.assemblylogic.ui.MainActivity} topActivity=ComponentInfo{eu.europa.ec.euidi/eu.europa.ec.assemblylogic.ui.MainActivity} origActivity=null realActivity=ComponentInfo{eu.europa.ec.euidi/eu.europa.ec.assemblylogic.ui.MainActivity} numActivities=1 lastActiveTime=898887624 supportsSplitScreenMultiWindow=true supportsMultiWindow=true resizeMode=1 isResizeable=true minWidth=-1 minHeight=-1 defaultMinSize=200 token=WCT{android.window.IWindowContainerToken$Stub$Proxy@298688e} topActivityType=1 pictureInPictureParams=null shouldDockBigOverlays=false launchIntoPipHostTaskId=-1 lastParentTaskIdBeforePip=-1 displayCutoutSafeInsets=Rect(0, 94 - 0, 0) topActivityInfo=ActivityInfo{693f8af eu.europa.ec.assemblylogic.ui.MainActivity} launchCookies=[] positionInParent=Point(0, 0) parentTaskId=-1 isFocused=true isVisible=false isVisibleRequested=false isSleeping=false topActivityInSizeCompat=false topActivityEligibleForLetterboxEducation= false topActivityLetterboxed= false isFromDoubleTap= false topActivityLetterboxVerticalPosition= -1 topActivityLetterboxHorizontalPosition= -1 topActivityLetterboxWidth=-1 topActivityLetterboxHeight=-1 locusId=null displayAreaFeatureId=1 cameraCompatControlState=hidden mIsCastMode=false mTopActivityMediaSize=null mTopActivityRecordName=ActivityRecord{9815005 u0 eu.europa.ec.euidi/eu.europa.ec.assemblylogic.ui.MainActivity t474} mTopActivityOrientation=-2 mTopActivityWindowIsNowVisible=false isTranslucent=true isEmbedded=false shouldBeVisible=true isImmersive=false mBehindAppLockPkg=null mOriginatingUid=0}
10-10 12:17:12.805  2983  3075 D WindowManagerShell: onActivityRestartAttempt: ComponentInfo{eu.europa.ec.euidi/eu.europa.ec.assemblylogic.ui.MainActivity}
10-10 12:17:12.817  1902  1917 D WindowManager: Collecting in transition 1085: ActivityRecord{9815005 u0 eu.europa.ec.euidi/eu.europa.ec.assemblylogic.ui.MainActivity t474} init visibleRequested:false
10-10 12:17:12.817  1902  1917 E Transition: Trying to add a ready-group twice: Display{#0 state=ON size=1080x2400 ROTATION_0}
10-10 12:17:12.817  1902  1917 D WindowManagerService: checkFlipFullScreenChange is same, nowIsFullScreen = false
10-10 12:17:12.818  1902  1917 D WindowManager: Collecting in transition 1085: ActivityRecord{dfc2f2f u0 com.android.chrome/org.chromium.chrome.browser.ChromeTabbedActivity t449} init visibleRequested:true
10-10 12:17:12.820  2983  3075 D MiuiFullScreenTaskRepository: setFocusedTask taskId=474, displayId=0, topActivity=ComponentInfo{eu.europa.ec.euidi/eu.europa.ec.assemblylogic.ui.MainActivity}
10-10 12:17:12.820  2983  3075 D MiuiFullScreenTaskRepository: addOrUpdateFullScreenTaskInfo taskId=474, topActivity=ComponentInfo{eu.europa.ec.euidi/eu.europa.ec.assemblylogic.ui.MainActivity}
10-10 12:17:12.820  1902  1917 D WindowManager: Collecting in transition 1085: ActivityRecord{9815005 u0 eu.europa.ec.euidi/eu.europa.ec.assemblylogic.ui.MainActivity t474} init visibleRequested:true
10-10 12:17:12.821  1902  1917 D WindowManager: Set transition=TransitionRecord{9dddc48 id=1085 type=OPEN flags=0x0}, ready=true, SyncId=1085 
10-10 12:17:12.821  1902  1936 E MBrainLocalService: MBrainJava launch failed: SecurityException
10-10 12:17:12.823  1902  1917 I BLASTSyncEngine: SyncGroup 1085:  Unfinished container:ActivityRecord{9815005 u0 eu.europa.ec.euidi/eu.europa.ec.assemblylogic.ui.MainActivity t474}
10-10 12:17:12.823  1902  1917 I BLASTSyncEngine: isActivitySyncFinished isSyncFinished false ActivityRecord{9815005 u0 eu.europa.ec.euidi/eu.europa.ec.assemblylogic.ui.MainActivity t474}
10-10 12:17:12.825  1902  1936 D Aurogon :  uid = 10390 switch to FG
10-10 12:17:12.853  2983  3742 D MiuiFreeformModeObserver: activityResumed() intent Intent { cmp=eu.europa.ec.euidi/eu.europa.ec.assemblylogic.ui.MainActivity (has extras) }
10-10 12:17:12.857  1902  2304 I BLASTSyncEngine: SyncGroup 1085:  Unfinished container:ActivityRecord{9815005 u0 eu.europa.ec.euidi/eu.europa.ec.assemblylogic.ui.MainActivity t474}
10-10 12:17:12.857  1902  2304 I BLASTSyncEngine: isActivitySyncFinished isSyncFinished false ActivityRecord{9815005 u0 eu.europa.ec.euidi/eu.europa.ec.assemblylogic.ui.MainActivity t474}
10-10 12:17:12.857  1902  2304 W WindowManager: Changing focus from null to Window{81ce45b u0 eu.europa.ec.euidi/eu.europa.ec.assemblylogic.ui.MainActivity} displayId=0 Callers=com.android.server.wm.RootWindowContainer.updateFocusedWindowLocked:557 com.android.server.wm.WindowManagerService.updateFocusedWindowLocked:6962 com.android.server.wm.WindowManagerService.relayoutWindow:2951 com.android.server.wm.Session.relayout:266 
10-10 12:17:12.858  1902  2304 I WindowManager: cancelAnimation removed leash : Surface(name=Surface(name=81266ae StatusBar#86)/@0xb48dfdc - animation-leash of insets_animation#18020)/@0xf6f8204
10-10 12:17:12.859  1902  2304 I WindowManager: cancelAnimation removed leash : Surface(name=Surface(name=db27a2 NavigationBar0#82)/@0xc1acbf0 - animation-leash of insets_animation#18026)/@0x454347e
10-10 12:17:12.860  1902  2304 D WindowManager: wms.Input focus has changed to Window{81ce45b u0 eu.europa.ec.euidi/eu.europa.ec.assemblylogic.ui.MainActivity} display=0 updateInputWindows = true
10-10 12:17:12.860  1902  2304 I MultiSenceManagerInternalStub: getInstance
10-10 12:17:12.861  1902  2304 I WindowManager: Relayout Window{81ce45b u0 eu.europa.ec.euidi/eu.europa.ec.assemblylogic.ui.MainActivity}: oldVis=8 newVis=0 focusMayChange = true requestedWidth = 1080 requestedHeight = 2400 outFrames = ClientWindowFrames{frame=[0,0][1080,2400] display=[0,0][1080,2400] parentFrame=[0,0][0,0]} outSurfaceControl = Surface(name=eu.europa.ec.euidi/eu.europa.ec.assemblylogic.ui.MainActivity#18027)/@0xf57c9de
10-10 12:17:12.886  1902  2304 W WindowManager: finishDrawingWindow: Window{81ce45b u0 eu.europa.ec.euidi/eu.europa.ec.assemblylogic.ui.MainActivity} mDrawState=DRAW_PENDING
10-10 12:17:12.886  1902  2304 D WindowManager: wms.finishDrawingLocked: mDrawState=COMMIT_DRAW_PENDING Window{81ce45b u0 eu.europa.ec.euidi/eu.europa.ec.assemblylogic.ui.MainActivity} in Surface(name=eu.europa.ec.euidi/eu.europa.ec.assemblylogic.ui.MainActivity#18027)/@0xec4541d
10-10 12:17:12.887  1902  1902 D MBrainLocalService: isVendorFreezeConditionPass is false
10-10 12:17:12.887  1902  1902 E MBrainLocalService: notifyAppSwitch failed
10-10 12:17:12.893  1902  1939 I SmartPower: eu.europa.ec.euidi/10390(10115): invisible->visible(114ms) R(become visible) adj=0.
10-10 12:17:12.895  1902  1939 W WindowManager: real show surface:Surface(name=eu.europa.ec.euidi/eu.europa.ec.assemblylogic.ui.MainActivity#18027)/@0xec4541d
10-10 12:17:12.895  1902  1939 D WindowManager: Final targets: [Task{b4ec85a #474 type=standard A=10390:eu.europa.ec.euidi}, Task{ca68f4b #449 type=standard A=10190:com.android.chrome}]
10-10 12:17:12.910  1902  1939 D WindowManager: snapshot isNothing = false source = Task{ca68f4b #449 type=standard A=10190:com.android.chrome}
10-10 12:17:12.910  1902  1939 D WindowManager: Calling onTransitionReady info={id=1085 t=OPEN f=0x0 trk=0 r=[0@Point(0, 0)] c=[{WCT{RemoteToken{ce3ced6 Task{b4ec85a #474 type=standard A=10390:eu.europa.ec.euidi}}} m=TO_FRONT f=MOVE_TO_TOP leash=Surface(name=Task=474#17977)/@0xa178c7b sb=Rect(0, 0 - 1080, 2400) eb=Rect(0, 0 - 1080, 2400) d=0},{WCT{RemoteToken{fe89b7a Task{ca68f4b #449 type=standard A=10190:com.android.chrome}}} m=TO_BACK f=NONE leash=Surface(name=Task=449#16886)/@0xbffa9e9 sb=Rect(0, 0 - 1080, 2400) eb=Rect(0, 0 - 1080, 2400) d=0}] noAni=[false] df=[false] mk=[true] nc=[0] oa=[false]}, mToken=Token{9bae9d5 TransitionRecord{9dddc48 id=1085 type=OPEN flags=0x0}}
10-10 12:17:12.911  1902  1939 I BLASTSyncEngine: finishNow: after onTransactionReady, mSyncId=1085
10-10 12:17:12.914  2983  3075 D MiuiFreeformAnimation: startAnimation change: {WCT{android.window.IWindowContainerToken$Stub$Proxy@4b170cb} m=TO_FRONT f=MOVE_TO_TOP leash=Surface(name=Task=474#17977)/@0x92064bc sb=Rect(0, 0 - 1080, 2400) eb=Rect(0, 0 - 1080, 2400) d=0} info.getType(): 1
10-10 12:17:12.914  2983  3075 I MiuiFreeformAnimation: isLaunchWidgetPicker=false,taskInfo.getWindowingMode()=1, taskInfo.getActivityType()=1
10-10 12:17:12.915  2983  3075 D MiuiFreeformAnimation: startAnimation change: {WCT{android.window.IWindowContainerToken$Stub$Proxy@7ed10a8} m=TO_BACK f=NONE leash=Surface(name=Task=449#16886)/@0x6e45c45 sb=Rect(0, 0 - 1080, 2400) eb=Rect(0, 0 - 1080, 2400) d=0} info.getType(): 1
10-10 12:17:12.915  2983  3075 W MiuiTaskTransitionHandler: Receive an unknown transition, token=android.os.BinderProxy@b4d0a53, type=1
10-10 12:17:12.916  2983  3075 D TransitionAnimationHelper:  load default animation  type = 1 enter = false animAttr = 9 isTask = true translucent = false
10-10 12:17:12.917  2983  3075 D TransitionAnimationHelper:  load default animation  type = 1 enter = true animAttr = 8 isTask = true translucent = false
10-10 12:17:12.918  2983  3092 D ShellTransitions: speed ui!!!!!!!!!!!
10-10 12:17:12.919  1902  1902 D MBrainLocalService: isVendorFreezeConditionPass is false
10-10 12:17:12.919  1902  1902 E MBrainLocalService: notifyAppSwitch failed
10-10 12:17:12.919  2983  3075 D MiuiFullScreenTaskRepository: setFocusedTask taskId=474, displayId=0, topActivity=ComponentInfo{eu.europa.ec.euidi/eu.europa.ec.assemblylogic.ui.MainActivity}
10-10 12:17:12.919  2983  3075 D MiuiFullScreenTaskRepository: addOrUpdateFullScreenTaskInfo taskId=474, topActivity=ComponentInfo{eu.europa.ec.euidi/eu.europa.ec.assemblylogic.ui.MainActivity}
10-10 12:17:12.925  2983  3075 D SoScUtils: monitorTransitionFinished transition:android.os.BinderProxy@b4d0a53 transaction: android.view.SurfaceControl$Transaction@d374cc0 mRequestCloseTransition:null mRequestOpenTransition:null mPairsOpenTransition:null mPairsOpenTransitionNull:null mRequestOpenTriggerTask:-1 mRequestCloseTriggerTask:-1 mOrientationTransition: null mMainStartingTask:-1 mSideStartingTask:-1
10-10 12:17:12.926  1902  1938 D SchedBoost: com.android.chrome boosting, skip reset priority
10-10 12:17:12.926  1902  1938 D SchedBoost: com.android.chrome:sandboxed_process0:org.chromium.content.app.SandboxedProcessService0:12 boosting, skip reset priority
10-10 12:17:12.926  1902  1938 D SchedBoost: com.google.android.adservices.api boosting, skip reset priority
10-10 12:17:12.926  1902  1938 D SchedBoost: com.android.chrome:privileged_process0 boosting, skip reset priority
10-10 12:17:12.932  1902  2697 I WindowManager: cancelAnimation removed leash : Surface(name=Surface(name=6a76de5 InputMethod#123)/@0xf2bd99 - animation-leash of insets_animation#18009)/@0x357b9b2
10-10 12:17:12.938  1902  1936 E MBrainLocalService: MBrainJava launch failed: SecurityException
10-10 12:17:12.939  2983  3075 D MiuiFullScreenTaskRepository: addOrUpdateFullScreenTaskInfo taskId=449, topActivity=ComponentInfo{com.android.chrome/org.chromium.chrome.browser.ChromeTabbedActivity}
10-10 12:17:12.939  1902  1936 E MBrainLocalService: MBrainJava launch failed: SecurityException
10-10 12:17:12.940  1902  1938 W ProcessStats: Tracking association SourceState{b813b1d com.miui.securitycenter.remote/1000 Fgs #347050} whose proc state 3 is better than process ProcessState{3bbc40b com.miui.analytics/10101 pkg=com.miui.analytics} proc state 5 (61 skipped)
10-10 12:17:12.940  1902 23179 W PackageConfigPersister: App-specific configuration not found for packageName: eu.europa.ec.euidi and userId: 0
10-10 12:17:12.942  1902  1938 I SmartPower: com.android.chrome/10190(4464): visible->invisible(15805ms) R(become invisible) adj=200.
