10-08 13:18:37.843  2042  3121 D VibratorManagerService: Reporting vibration 71 finished with EndInfo{status=FINISHED, endedBy=null}
10-08 13:18:37.843  2042  3121 D VibratorManagerService: Vibration for uid=1000 and with attrs=VibrationAttributes: Usage=TOUCH Audio Usage= USAGE_UNKNOWN Flags=0 ended with status FINISHED
10-08 13:18:37.843  2042  3515 E ProcessManager: error write exception log
10-08 13:18:37.844  2042  4565 D VibratorManagerService: Vibration 71 on vibrator 0 complete, notifying thread
10-08 13:18:37.844  2042  2072 W MIUIInput: Input event injection from package: com.android.systemui action ACTION_UP keycode 82
10-08 13:18:37.844  2042  2072 W MiuiInputKeyEventLog: keyCode:82 down:false eventTime:13141224 downTime:13141161 policyFlags:2b000002 flags:80000048 metaState:0 deviceId:-1 isScreenOn:true keyguardActive:false repeatCount:0
10-08 13:18:37.846  2042  3148 W MiuiInputKeyEventLog: execute launchRecentPanelInternal
10-08 13:18:37.847  2042  3121 D VibratorManagerService: VibrationThread released after finished vibration
10-08 13:18:37.847  2042  3121 D VibratorManagerService: Processing VibrationThread released callback
10-08 13:18:37.848  2042  2074 D DisplayManagerService: Drop pending events for gone uid 10069
10-08 13:18:37.852  2042  3126 D InputOneTrackUtil: bindTrackService: true
10-08 13:18:37.852  2042  3126 D InputOneTrackUtil: mService is null, rescheduling message.
10-08 13:18:37.852  2042  3126 D InputOneTrackUtil: onServiceConnected: com.miui.analytics.ITrackBinder$Stub$Proxy@db46b5c
10-08 13:18:37.855  2042  2788 I ActivityManager: Start proc 20259:com.miui.freeform/1000 for service {com.miui.freeform/com.miui.freeform.tips.MiuiFreeFormGuideTipService} caller=com.android.systemui
10-08 13:18:37.859  2042  3516 D SchedBoost: startBoostInternal 2000
10-08 13:18:37.863  4304  4484 D MiuiFreeformModeObserver: handleFreeFormReceiver intent=Intent { act=com.miui.fullscreen_state_change flg=0x10 (has extras) } ,action=com.miui.fullscreen_state_change
10-08 13:18:37.864  4304  4484 D MiuiFreeformModeObserver: ACTION_FULLSCREEN_STATE_CHANGE stateName: toRecents
10-08 13:18:37.864  4304  4484 D MiuiFreeformModeController: allFreeformFromFreeformToMini
10-08 13:18:37.870  2042  8301 I SmartPower: com.mi.android.globallauncher/10081(4339): background->invisible(119ms) R(become foreground) adj=100.
10-08 13:18:37.870  2042  8301 D WindowManager: Collecting in transition 81: ActivityRecord{d50c9f4 u0 com.mi.android.globallauncher/com.miui.home.launcher.Launcher init visibleRequested:false
10-08 13:18:37.871  2042  8301 D MiuiFreeFormManagerService: activeOrFullscreenFreeformTaskIfNeed startDefaultAr:false
10-08 13:18:37.872  2042  8301 W ActivityTaskManager: supportsMultiWindowInDisplayAreaForFreeForm: package=com.mi.android.globallauncher is in freeform blackList
10-08 13:18:37.874  2042  4781 D MiuiMemoryInfoImpl: MEMINFO_KRECLAIMABLE: 228400, MEMINFO_SLAB_RECLAIMABLE: 119384, MEMINFO_BUFFERS: 1340, MEMINFO_CACHED: 1594472, MEMINFO_FREE: 335476
10-08 13:18:37.875  2042  8301 D WindowManagerService: checkFlipFullScreenChange is same, nowIsFullScreen = false
10-08 13:18:37.875  2042  4781 D MiuiMemoryInfoImpl: cache: 2211520512, cachePss: 2378465280, lostcache: 0
10-08 13:18:37.876  2042  3515 E ProcessManager: error write exception log
10-08 13:18:37.877  2042  8301 D WindowManager: wms.Input focus has changed to null display=0 updateInputWindows = true
10-08 13:18:37.877  2042  8301 I MultiSenceManagerInternalStub: getInstance
10-08 13:18:37.878  2042  8301 D WindowManager: setLockTaskAuth: task=Task{66b3a31 #2 type=home I=com.mi.android.globallauncher/com.miui.home.launcher.Launcher} mLockTaskAuth=LOCK_TASK_AUTH_PINNABLE
10-08 13:18:37.881  2042  8301 D WindowManager: Collecting in transition 81: ActivityRecord{d50c9f4 u0 com.mi.android.globallauncher/com.miui.home.launcher.Launcher t-1} init visibleRequested:false
10-08 13:18:37.881  2042  8301 D WindowManager: Requesting StartTransition: TransitionRecord{fa6851d id=81 type=OPEN flags=0x0}
10-08 13:18:37.883  2042  8301 I ActivityTaskManager: START u0 {act=android.intent.action.MAIN cat=[android.intent.category.HOME] flg=0x10040000 cmp=com.mi.android.globallauncher/com.miui.home.launcher.Launcher (has extras)} with LAUNCH_SINGLE_TASK from uid 10081 from pid 4339 callingPackage com.mi.android.globallauncher (BAL_ALLOW_ALLOWLISTED_COMPONENT) result code=2
10-08 13:18:37.883  4304  4484 I SoScUtils: monitorTransitionRequest mRequestOpenTransition:null mRequestOpenTriggerTask:-1 mRequestCloseTransition:null mRequestCloseTriggerTask:-1 mRequestCloseStageType:-1
10-08 13:18:37.889  2042  8301 D WindowManager: Set transition=TransitionRecord{fa6851d id=81 type=OPEN flags=0x0}, ready=false, SyncId=81 used=true, override=false, defer=0, states=Display{#0 state=ON size=1080x2400 ROTATION_0}:false
10-08 13:18:37.889  4304  4484 D OneHandedController: stopOneHanded state is 0
10-08 13:18:37.889  4304  4484 D MiuiFullScreenTaskRepository: removeFocusedTask displayId=0
10-08 13:18:37.889  4304  4484 D MiuiFullScreenTaskRepository: addOrUpdateFullScreenTaskInfo taskId=6344, topActivity=ComponentInfo{com.android.chrome/org.chromium.chrome.browser.ChromeTabbedActivity}
10-08 13:18:37.890  4304  4484 D MiuiFullScreenTaskRepository: setFocusedTask taskId=1, displayId=0, topActivity=ComponentInfo{com.mi.android.globallauncher/com.miui.home.launcher.Launcher}
10-08 13:18:37.890  4304  4484 D MiuiFullScreenTaskRepository: addOrUpdateFullScreenTaskInfo taskId=1, topActivity=ComponentInfo{com.mi.android.globallauncher/com.miui.home.launcher.Launcher}
10-08 13:18:37.890  4304  4484 D MiuiFreeformModeController: onFocusTaskChanged taskInfo: TaskInfo{userId=0 taskId=1 displayId=0 isRunning=true baseIntent=Intent { act=android.intent.action.MAIN cat=[android.intent.category.HOME] flg=0x10000100 cmp=com.mi.android.globallauncher/com.miui.home.launcher.Launcher } baseActivity=ComponentInfo{com.mi.android.globallauncher/com.miui.home.launcher.Launcher} topActivity=ComponentInfo{com.mi.android.globallauncher/com.miui.home.launcher.Launcher} origActivity=null realActivity=null numActivities=1 lastActiveTime=42658 supportsSplitScreenMultiWindow=true supportsMultiWindow=true resizeMode=2 isResizeable=true minWidth=-1 minHeight=-1 defaultMinSize=200 token=WCT{android.window.IWindowContainerToken$Stub$Proxy@d2bd23e} topActivityType=2 pictureInPictureParams=null shouldDockBigOverlays=false launchIntoPipHostTaskId=-1 lastParentTaskIdBeforePip=-1 displayCutoutSafeInsets=Rect(0, 94 - 0, 0) topActivityInfo=ActivityInfo{fab989f com.miui.home.launcher.Launcher} launchCookies=[] positionInParent=Point(0, 0) parentTaskId=-1 isFocused=true isVisible=false isVisibleRequested=false isSleeping=false topActivityInSizeCompat=false topActivityInMiuiSizeCompat=false topActivityEligibleForLetterboxEducation= false topActivityLetterboxed= false isFromDoubleTap= false topActivityLetterboxVerticalPosition= -1 topActivityLetterboxHorizontalPosition= -1 topActivityLetterboxWidth=-1 topActivityLetterboxHeight=-1 locusId=null displayAreaFeatureId=1 cameraCompatControlState=hidden mIsCastMode=false mTopActivityMediaSize=null mTopActivityRecordName=ActivityRecord{44e2e4a u0 com.mi.android.globallauncher/com.miui.home.launcher.Launcher t2} mTopActivityOrientation=-2 mTopActivityWindowIsNowVisible=true isTranslucent=true isEmbedded=false shouldBeVisible=true isImmersive=false mBehindAppLockPkg=null mOriginatingUid=0}
10-08 13:18:37.890  4304  4484 D MiuiDesktopModeController: onFocusTaskChanged newFocus: TaskInfo{userId=0 taskId=1 displayId=0 isRunning=true baseIntent=Intent { act=android.intent.action.MAIN cat=[android.intent.category.HOME] flg=0x10000100 cmp=com.mi.android.globallauncher/com.miui.home.launcher.Launcher } baseActivity=ComponentInfo{com.mi.android.globallauncher/com.miui.home.launcher.Launcher} topActivity=ComponentInfo{com.mi.android.globallauncher/com.miui.home.launcher.Launcher} origActivity=null realActivity=null numActivities=1 lastActiveTime=42658 supportsSplitScreenMultiWindow=true supportsMultiWindow=true resizeMode=2 isResizeable=true minWidth=-1 minHeight=-1 defaultMinSize=200 token=WCT{android.window.IWindowContainerToken$Stub$Proxy@d2bd23e} topActivityType=2 pictureInPictureParams=null shouldDockBigOverlays=false launchIntoPipHostTaskId=-1 lastParentTaskIdBeforePip=-1 displayCutoutSafeInsets=Rect(0, 94 - 0, 0) topActivityInfo=ActivityInfo{fab989f com.miui.home.launcher.Launcher} launchCookies=[] positionInParent=Point(0, 0) parentTaskId=-1 isFocused=true isVisible=false isVisibleRequested=false isSleeping=false topActivityInSizeCompat=false topActivityInMiuiSizeCompat=false topActivityEligibleForLetterboxEducation= false topActivityLetterboxed= false isFromDoubleTap= false topActivityLetterboxVerticalPosition= -1 topActivityLetterboxHorizontalPosition= -1 topActivityLetterboxWidth=-1 topActivityLetterboxHeight=-1 locusId=null displayAreaFeatureId=1 cameraCompatControlState=hidden mIsCastMode=false mTopActivityMediaSize=null mTopActivityRecordName=ActivityRecord{44e2e4a u0 com.mi.android.globallauncher/com.miui.home.launcher.Launcher t2} mTopActivityOrientation=-2 mTopActivityWindowIsNowVisible=true isTranslucent=true isEmbedded=false shouldBeVisible=true isImmersive=false mBehindAppLockPkg=null mOriginatingUid=0}
10-08 13:18:37.892  2042  2074 D DisplayManagerService: Drop pending events for gone uid 6102
10-08 13:18:37.897  2042  4781 D SchedBoost: com.android.chrome:sandboxed_process0:org.chromium.content.app.SandboxedProcessService0:10 boosting, skip reset priority
10-08 13:18:37.897  2042  4781 D SchedBoost: com.android.chrome:privileged_process0 boosting, skip reset priority
10-08 13:18:37.897  2042  4781 D SchedBoost: com.mi.android.globallauncher already boosted, skip boost priority
10-08 13:18:37.898  2042  2690 D Aurogon :  uid = 10081 switch to FG
10-08 13:18:37.902  2042  3515 E ProcessManager: error write exception log
10-08 13:18:37.902  4304  4484 D WindowManagerShell: onActivityRestartAttempt: ComponentInfo{com.mi.android.globallauncher/com.miui.home.launcher.Launcher}
10-08 13:18:37.907  2042  2074 D DisplayManagerService: Drop pending events for gone uid 10214
10-08 13:18:37.910  2042  3515 E ProcessManager: error write exception log
10-08 13:18:37.914  2042  2692 W ActivityManager: setHasOverlayUi called on unknown pid: 17486
10-08 13:18:37.914  2042  2074 D DisplayManagerService: Drop pending events for gone uid 10030
10-08 13:18:37.915  2042  3515 E ProcessManager: error write exception log
10-08 13:18:37.920  2042  4781 I SmartPower: com.miui.freeform/1000(20259): died->invisible(1218ms) R(process start ) adj=-10000.
10-08 13:18:37.921  2042  4100 D WindowManager: Collecting in transition 81: ActivityRecord{44e2e4a u0 com.mi.android.globallauncher/com.miui.home.launcher.Launcher t2} init visibleRequested:false
10-08 13:18:37.921  2042  4100 E Transition: Trying to add a ready-group twice: Display{#0 state=ON size=1080x2400 ROTATION_0}
10-08 13:18:37.922  2042  4100 D WindowManagerService: checkFlipFullScreenChange is same, nowIsFullScreen = false
10-08 13:18:37.922  2042  4100 D WindowManager: Collecting in transition 81: ActivityRecord{7653ddf u0 com.android.chrome/org.chromium.chrome.browser.ChromeTabbedActivity t6344} init visibleRequested:true
10-08 13:18:37.923  2042  2074 D DisplayManagerService: Drop pending events for gone uid 10212
10-08 13:18:37.924  2042  4100 D WindowManager: Collecting in transition 81: ActivityRecord{44e2e4a u0 com.mi.android.globallauncher/com.miui.home.launcher.Launcher t2} init visibleRequested:true
10-08 13:18:37.924  2042  4100 D WindowManager: Set transition=TransitionRecord{fa6851d id=81 type=OPEN flags=0x0}, ready=true, SyncId=81 
10-08 13:18:37.928  2042  4100 I BLASTSyncEngine: SyncGroup 81:  Unfinished container:ActivityRecord{44e2e4a u0 com.mi.android.globallauncher/com.miui.home.launcher.Launcher t2}
10-08 13:18:37.928  2042  4100 I BLASTSyncEngine: isActivitySyncFinished isSyncFinished false ActivityRecord{44e2e4a u0 com.mi.android.globallauncher/com.miui.home.launcher.Launcher t2}
10-08 13:18:37.929  2042  4781 D CompatibilityChangeReporter: Compat change id reported: 168419799; UID 1000; state: DISABLED
10-08 13:18:37.929  2042  4781 D CompatibilityChangeReporter: Compat change id reported: 273564678; UID 1000; state: DISABLED
10-08 13:18:37.934  2042  6997 I BLASTSyncEngine: SyncGroup 81:  Unfinished container:ActivityRecord{44e2e4a u0 com.mi.android.globallauncher/com.miui.home.launcher.Launcher t2}
10-08 13:18:37.934  2042  6997 I BLASTSyncEngine: isActivitySyncFinished isSyncFinished false ActivityRecord{44e2e4a u0 com.mi.android.globallauncher/com.miui.home.launcher.Launcher t2}
10-08 13:18:37.937  2042  4100 I SmartPower: com.google.android.googlequicksearchbox:googleapp/10167(6779): background->visible(176ms) R(become visible) adj=800.
10-08 13:18:37.938  2042  4100 I SmartPower: com.google.android.googlequicksearchbox:search/10167(8951): background->invisible(176ms) R(become foreground) adj=800.
10-08 13:18:37.938  2042  4100 I SmartPower: com.google.android.googlequicksearchbox:interactor/10167(6609): background->invisible(176ms) R(become foreground) adj=100.
10-08 13:18:37.945  2042  4100 I BLASTSyncEngine: SyncGroup 81:  Unfinished container:ActivityRecord{44e2e4a u0 com.mi.android.globallauncher/com.miui.home.launcher.Launcher t2}
10-08 13:18:37.945  2042  4100 I BLASTSyncEngine: isActivitySyncFinished isSyncFinished false ActivityRecord{44e2e4a u0 com.mi.android.globallauncher/com.miui.home.launcher.Launcher t2}
10-08 13:18:37.953  2042  4781 D CompatibilityChangeReporter: Compat change id reported: 261072174; UID 1000; state: ENABLED
10-08 13:18:37.966  4304  4484 D SoScSplitScreenController: updateDividerFixedState isFixed:true
10-08 13:18:37.969  4304  5038 D MiuiFreeformModeObserver: activityResumed() intent： Intent { cmp=com.mi.android.globallauncher/com.miui.home.launcher.Launcher (has extras) }
10-08 13:18:37.969  2042  3515 E ProcessManager: error write exception log
10-08 13:18:37.977  2042  6998 I BLASTSyncEngine: SyncGroup 81:  Unfinished container:ActivityRecord{44e2e4a u0 com.mi.android.globallauncher/com.miui.home.launcher.Launcher t2}
10-08 13:18:37.977  2042  6998 I BLASTSyncEngine: isActivitySyncFinished isSyncFinished false ActivityRecord{44e2e4a u0 com.mi.android.globallauncher/com.miui.home.launcher.Launcher t2}
10-08 13:18:37.978  2042  6998 I WindowManager: cancelAnimation removed leash : Surface(name=Surface(name=704023a StatusBar#94)/@0xa8be448 - animation-leash of insets_animation#1434)/@0x2412c6f
10-08 13:18:37.978  2042  4541 D MiuiMemoryInfoImpl: MEMINFO_KRECLAIMABLE: 230988, MEMINFO_SLAB_RECLAIMABLE: 119632, MEMINFO_BUFFERS: 1344, MEMINFO_CACHED: 1601872, MEMINFO_FREE: 389964
10-08 13:18:37.980  2042  6998 I WindowManager: cancelAnimation removed leash : Surface(name=Surface(name=d968687 NavigationBar0#90)/@0x2f479dd - animation-leash of insets_animation#1435)/@0xded165a
10-08 13:18:37.983  2042  6998 D WindowManager: wms.Input focus has changed to Window{f64bed4 u0 com.mi.android.globallauncher/com.miui.home.launcher.Launcher} display=0 updateInputWindows = true
10-08 13:18:37.983  2042  6998 I MultiSenceManagerInternalStub: getInstance
10-08 13:18:37.984  2042  4772 D WindowManager: wms.finishDrawingLocked: mDrawState=COMMIT_DRAW_PENDING Window{b8a1fa2 u0 LauncherMinusOneScreen} in Surface(name=LauncherMinusOneScreen#1457)/@0x1962163
10-08 13:18:37.988  2042  2693 D WindowManager: Collecting in transition 81: WallpaperWindowToken{9f84f36 token=android.os.Binder@ec5366a} init visibleRequested:false
10-08 13:18:37.988  2042  2693 D WindowManager: Collecting in transition 81: WallpaperWindowToken{6dc7b token=android.os.BinderProxy@83a1475} init visibleRequested:false
10-08 13:18:37.989  2042  2693 I WindowManager: wms.showSurfaceRobustly mWin:Window{db0cee2 u0 com.miui.miwallpaper.wallpaperservice.ImageWallpaper}
10-08 13:18:37.989  2042  2693 I WindowManager: wms.showSurfaceRobustly mWin:Window{24ea150 u0 com.miui.miwallpaper.wallpaperservice.MiuiKeyguardPictorialWallpaper}
10-08 13:18:37.991  2042  2693 I BLASTSyncEngine: SyncGroup 81:  Unfinished container:ActivityRecord{44e2e4a u0 com.mi.android.globallauncher/com.miui.home.launcher.Launcher t2}
10-08 13:18:37.991  2042  2693 I BLASTSyncEngine: isActivitySyncFinished isSyncFinished false ActivityRecord{44e2e4a u0 com.mi.android.globallauncher/com.miui.home.launcher.Launcher t2}
10-08 13:18:38.000  2042  4541 D MiuiMemoryInfoImpl: cache: 2277548032, cachePss: 2163064832, lostcache: 0
10-08 13:18:38.007  2042  4772 D WindowManager: wms.finishDrawingLocked: mDrawState=COMMIT_DRAW_PENDING Window{f64bed4 u0 com.mi.android.globallauncher/com.miui.home.launcher.Launcher} in Surface(name=com.mi.android.globallauncher/com.miui.home.launcher.Launcher#1458)/@0xe48af51
10-08 13:18:38.009  2042  8301 D ActivityManager: checkAllowBackground: uid=10163 pkg=com.google.android.gms rec=UidRecord{3efeecd u0a163 BTOP change:procadj procs:0 seq(264917,147449)} caps=LCMNFU always=false idle=false
10-08 13:18:38.012  2042  2693 I SmartPower: com.mi.android.globallauncher/10081(4339): invisible->visible(142ms) R(become visible) adj=0.
10-08 13:18:38.013  2042  2693 I WindowManager: wms.showSurfaceRobustly mWin:Window{b8a1fa2 u0 LauncherMinusOneScreen}
10-08 13:18:38.013  2042  2693 I WindowManager: wms.showSurfaceRobustly mWin:Window{f64bed4 u0 com.mi.android.globallauncher/com.miui.home.launcher.Launcher}
10-08 13:18:38.014  2042  2693 D WindowManager: Final targets: [Task{99d2bd4 #1 type=home}, Task{8b89cf5 #6344 type=standard A=10172:com.android.chrome}, WallpaperWindowToken{6dc7b token=android.os.BinderProxy@83a1475}, WallpaperWindowToken{9f84f36 token=android.os.Binder@ec5366a}]
10-08 13:18:38.021  2042  3515 E ProcessManager: error write exception log
10-08 13:18:38.032  4304  4304 D ArtChoreographerMonitor: invoke error.
10-08 13:18:38.048  2042  2693 D WindowManager: Calling onTransitionReady info={id=81 t=OPEN f=0x0 trk=0 r=[0@Point(0, 0)] c=[{WCT{RemoteToken{3ace072 Task{99d2bd4 #1 type=home}}} m=TO_FRONT f=SHOW_WALLPAPER|MOVE_TO_TOP leash=Surface(name=Task=1#47)/@0x2e98d27 sb=Rect(0, 0 - 1080, 2400) eb=Rect(0, 0 - 1080, 2400) d=0},{WCT{RemoteToken{3dc5006 Task{8b89cf5 #6344 type=standard A=10172:com.android.chrome}}} m=TO_BACK f=NONE leash=Surface(name=Task=6344#540)/@0x86f7a2c sb=Rect(0, 0 - 1080, 2400) eb=Rect(0, 0 - 1080, 2400) d=0},{null m=TO_FRONT f=IS_WALLPAPER leash=Surface(name=WallpaperWindowToken{6dc7b token=android.os.BinderProxy@83a1475}#53)/@0xc3b8a98 sb=Rect(0, 0 - 1080, 2400) eb=Rect(0, 0 - 1080, 2400) d=0},{null m=TO_FRONT f=IS_WALLPAPER leash=Surface(name=WallpaperWindowToken{9f84f36 token=android.os.Binder@ec5366a}#60)/@0xa218328 sb=Rect(0, 0 - 1080, 2400) eb=Rect(0, 0 - 1080, 2400) d=0}] noAni=[false] df=[false] mk=[true] nc=[0]}, mToken=Token{b988345 TransitionRecord{fa6851d id=81 type=OPEN flags=0x0}}
10-08 13:18:38.049  2042  2693 I BLASTSyncEngine: finishNow: after onTransactionReady, mSyncId=81
10-08 13:18:38.057  4304  4304 D ArtChoreographerMonitor: invoke error.
10-08 13:18:38.065  2042  2074 D DisplayManagerService: Drop pending events for gone uid 10140
10-08 13:18:38.074  4304  4484 D MiuiFullScreenTaskRepository: setFocusedTask taskId=1, displayId=0, topActivity=ComponentInfo{com.mi.android.globallauncher/com.miui.home.launcher.Launcher}
10-08 13:18:38.074  4304  4484 D MiuiFullScreenTaskRepository: addOrUpdateFullScreenTaskInfo taskId=1, topActivity=ComponentInfo{com.mi.android.globallauncher/com.miui.home.launcher.Launcher}
10-08 13:18:38.089  2042  3515 E ProcessManager: error write exception log
10-08 13:18:38.091  2042  2074 D DisplayManagerService: Drop pending events for gone uid 10106
10-08 13:18:38.113  4304  4304 E onWindowDecorRectChanged: start size:0
10-08 13:18:38.114  2042  3515 E ProcessManager: error write exception log
10-08 13:18:38.115  2042  2074 D DisplayManagerService: Drop pending events for gone uid 10150
10-08 13:18:38.117  2042  3515 E ProcessManager: error write exception log
10-08 13:18:38.120  2042  7010 W ActivityManager: Scheduling restart of crashed service com.google.android.tts/com.google.android.apps.speech.tts.googletts.service.GoogleTtsService in 59713ms for connection
10-08 13:18:38.124  2042  3515 E ProcessManager: error write exception log
10-08 13:18:38.128  2042  2074 D DisplayManagerService: Drop pending events for gone uid 10182
10-08 13:18:38.129  2042  4541 I WindowManager: cancelAnimation removed leash : Surface(name=Surface(name=49d5fba InputMethod#118)/@0xbb23dc8 - animation-leash of insets_animation#1449)/@0x5540644
10-08 13:18:38.132  2042  3515 E ProcessManager: error write exception log
10-08 13:18:38.149  2042  4020 W PackageConfigPersister: App-specific configuration not found for packageName: com.mi.android.globallauncher and userId: 0
10-08 13:18:38.151  2042  2074 D DisplayManagerService: Drop pending events for gone uid 10114
10-08 13:18:38.160  2042  3515 E ProcessManager: error write exception log
10-08 13:18:38.167  2042  7010 W ActivityManager: Scheduling restart of crashed service com.google.android.apps.messaging/com.google.android.ims.service.JibeService in 59668ms for start-requested
10-08 13:18:38.168  2042  7010 W ActivityManager: Scheduling restart of crashed service com.google.android.apps.messaging/com.google.android.ims.binding.SystemBindingService in 69664ms for connection
10-08 13:18:38.172  2042  3515 E ProcessManager: error write exception log
10-08 13:18:38.184  2042  2074 D DisplayManagerService: Drop pending events for gone uid 10068
10-08 13:18:38.186  2042  3515 E ProcessManager: error write exception log
10-08 13:18:38.189  2042  2074 D DisplayManagerService: Drop pending events for gone uid 10201
10-08 13:18:38.200  2042  3515 E ProcessManager: error write exception log
10-08 13:18:38.218  2042  3515 E ProcessManager: error write exception log
10-08 13:18:38.218  2042  2074 D DisplayManagerService: Drop pending events for gone uid 10278
10-08 13:18:38.305  4304  4304 D ArtChoreographerMonitor: invoke error.
10-08 13:18:38.308 20190 20190 W ActivityThread: ClassLoader.getResources: The class loader returned by Thread.getContextClassLoader() may fail for processes that host multiple applications. You should explicitly specify a context class loader. For example: Thread.setContextClassLoader(getClass().getClassLoader());
10-08 13:18:38.313  2042  3095 I ActivityManager: Flag disabled. Ignoring finishAttachApplication from uid: 1000. pid: 20259
10-08 13:18:38.330 20259 20259 D MiuiMultiWindowUtils: freeform resolution args raw data:{  "wide_default":{    "freeform_args": {        "vertical_portrait":{"aspect_ratio":0.626, "original_ratio":0.5643,"original_scale":0.74,"top_margin":0.168,"left_margin":0.484},        "horizontal_portrait":{"aspect_ratio":0.626, "original_ratio":0.5643,"original_scale":0.74,"top_margin":0.1222,"left_margin":0.59745},        "vertical_landscape":{"aspect_ratio":1.6, "original_ratio":1,"original_scale":0.604,"top_margin":0.2596,"left_margin":0.2624},        "horizontal_landscape":{"aspect_ratio":1.6, "original_ratio":1,"original_scale":0.604,"top_margin":0.213,"left_margin":0.3758}    },    "mini_freeform_args":{        "vertical_portrait":{"original_ratio":0.147},        "horizontal_portrait":{"original_ratio":0.147},        "vertical_landscape":{"original_ratio":0.165},        "horizontal_landscape":{"original_ratio":0.165}    }  },  "narrow_default": {    "freeform_args": {        "vertical_portrait":{"aspect_ratio":0.626, "original_ratio":1,"original_scale":0.74,"top_margin":0.0753,"left_margin":-1},        "horizontal_portrait":{"aspect_ratio":0.626, "original_ratio":1,"original_scale":0.5756,"top_margin":-1,"left_margin":0.0753},        "vertical_landscape":{"aspect_ratio":1.6, "original_ratio":0.6847,"original_scale":0.587,"top_margin":0.0753,"left_margin":-1},        "horizontal_landscape":{"aspect_ratio":1.6, "original_ratio":0.6847,"original_scale":0.587,"top_margin":-1,"left_margin":0.0753}    },    "mini_freeform_args":{        "vertical_portrait":{"original_ratio":0.26},        "horizontal_portrait":{"original_ratio":0.26},        "vertical_landscape":{"original_ratio":0.293},        "horizontal_landscape":{"original_ratio":0.293}    }  },  "regular_default": {    "freeform_args": {      "vertical_portrait":{"aspect_ratio":0.625, "original_ratio":1,"original_scale":0.7,"top_margin":0.109,"left_margin":-1},      "horizontal_portrait":{"aspect_ratio":0.6667, "original_ratio":1,"original_scale":0.6102,"top_margin":-1,"left_margin":0.026},      "vertical_landscape":{"aspect_ratio":1.6, "original_ratio":1,"original_scale":0.4244,"top_margin":0.109,"left_margin":-1},      "horizontal_landscape":{"aspect_ratio":1.6, "original_ratio":1,"original_scale":0.4244,"top_margin":-1,"left_margin":0.026}    },    "mini_freeform_args":{      "vertical_portrait":{"original_ratio":0.25},      "horizontal_portrait":{"original_ratio":0.25},      "vertical_landscape":{"original_ratio":0.25},      "horizontal_landscape":{"original_ratio":0.25}    }  },  "pad_default": {    "freeform_args": {      "vertical_portrait":{"aspect_ratio":0.5625, "original_ratio":0.375,"original_scale":0.835,"top_margin":0.049,"left_margin":0.2775},      "horizontal_portrait":{"aspect_ratio":0.5625, "original_ratio":0.375,"original_scale":0.835,"top_margin":-1,"left_margin":0.6525},      "vertical_landscape":{"aspect_ratio":-1, "original_ratio":1,"original_scale":0.468,"top_margin":0.049,"left_margin":-1},      "horizontal_landscape":{"aspect_ratio":-1, "original_ratio":1,"original_scale":0.468,"top_margin":-1,"left_margin":0.4976}    },    "mini_freeform_args":{      "vertical_portrait":{"original_ratio":0.144},      "horizontal_portrait":{"original_ratio":0.144},      "vertical_landscape":{"original_ratio":0.2},      "horizontal_landscape":{"original_ratio":0.2}    }  }}
10-08 13:18:38.331 20259 20259 D MiuiMultiWindowUtils: initFreeFormResolutionArgs failed, device is redwood
10-08 13:18:38.337  2042  9053 D CompatibilityChangeReporter: Compat change id reported: 161145287; UID 1000; state: ENABLED
10-08 13:18:38.338  2042  9053 D CompatibilityChangeReporter: Compat change id reported: 161145287; UID 1000; state: DISABLED
10-08 13:18:38.345  2042  3515 E ProcessManager: error write exception log
10-08 13:18:38.350 20259 20276 D MiuiFreeFormGuideTipController: removeFreeFormTipView type:0
10-08 13:18:38.351  2042  3515 E ProcessManager: error write exception log
10-08 13:18:38.353  2042  3515 E ProcessManager: error write exception log
10-08 13:18:38.364  2042  4565 D MiuiMemoryInfoImpl: MEMINFO_KRECLAIMABLE: 202764, MEMINFO_SLAB_RECLAIMABLE: 119784, MEMINFO_BUFFERS: 1384, MEMINFO_CACHED: 1642220, MEMINFO_FREE: 1060032
10-08 13:18:38.365  2042  4565 D MiuiMemoryInfoImpl: cache: 2976153600, cachePss: 2192063488, lostcache: 0
10-08 13:18:38.368  2042  6998 I WindowManager: WIN DEATH: Window{39ff318 u0 LauncherOverlayWindow:com.mi.globalminusscreen}
10-08 13:18:38.368  2042  2074 D DisplayManagerService: Drop pending events for gone uid 10113
10-08 13:18:38.369  2042  3515 E ProcessManager: error write exception log
10-08 13:18:38.376  2042  2042 I TextClassificationManagerService: onServiceDisconnected called with ComponentInfo{com.google.android.as/com.google.android.apps.miphone.aiai.textclassifier.service.QAiaiTextClassifierService}
10-08 13:18:38.381  2042  7010 W WindowManager: Cannot find window which accessibility connection is added to
10-08 13:18:38.387  2042  2074 D DisplayManagerService: Drop pending events for gone uid 10260
10-08 13:18:38.394  2042  3515 E ProcessManager: error write exception log
10-08 13:18:38.395  2042  2072 W ActivityManager: Scheduling restart of crashed service com.mi.globalminusscreen/.core.overlay.AssistantOverlayService in 79438ms for connection
10-08 13:18:38.400  2042  2692 W ActivityManager: setHasOverlayUi called on unknown pid: 6790
10-08 13:18:38.400  2042  3515 E ProcessManager: error write exception log
10-08 13:18:38.404  2042  3515 E ProcessManager: error write exception log
10-08 13:18:38.406  2042  2074 D DisplayManagerService: Drop pending events for gone uid 10308
10-08 13:18:38.407  2042  2042 W ActivityManager: Exception when unbinding service com.google.android.as/com.google.android.apps.miphone.aiai.app.AiAiAugmentedAutofillService
10-08 13:18:38.407  2042  2042 W ActivityManager: android.os.DeadObjectException
10-08 13:18:38.407  2042  2042 W ActivityManager: 	at android.os.BinderProxy.transactNative(Native Method)
10-08 13:18:38.407  2042  2042 W ActivityManager: 	at android.os.BinderProxy.transact(BinderProxy.java:639)
10-08 13:18:38.407  2042  2042 W ActivityManager: 	at android.app.IApplicationThread$Stub$Proxy.scheduleUnbindService(IApplicationThread.java:1510)
10-08 13:18:38.407  2042  2042 W ActivityManager: 	at com.android.server.am.ActiveServices.removeConnectionLocked(ActiveServices.java:6421)
10-08 13:18:38.407  2042  2042 W ActivityManager: 	at com.android.server.am.ActiveServices.unbindServiceLocked(ActiveServices.java:4285)
10-08 13:18:38.407  2042  2042 W ActivityManager: 	at com.android.server.am.ActivityManagerService.unbindService(ActivityManagerService.java:14302)
10-08 13:18:38.407  2042  2042 W ActivityManager: 	at android.app.ContextImpl.unbindService(ContextImpl.java:2182)
10-08 13:18:38.407  2042  2042 W ActivityManager: 	at com.android.internal.infra.ServiceConnector$Impl.unbindJobThread(ServiceConnector.java:581)
10-08 13:18:38.407  2042  2042 W ActivityManager: 	at com.android.internal.infra.ServiceConnector$Impl$$ExternalSyntheticLambda1.run(Unknown Source:2)
10-08 13:18:38.407  2042  2042 W ActivityManager: 	at android.os.Handler.handleCallback(Handler.java:958)
10-08 13:18:38.407  2042  2042 W ActivityManager: 	at android.os.Handler.dispatchMessage(Handler.java:99)
10-08 13:18:38.407  2042  2042 W ActivityManager: 	at android.os.Looper.loopOnce(Looper.java:222)
10-08 13:18:38.407  2042  2042 W ActivityManager: 	at android.os.Looper.loop(Looper.java:314)
10-08 13:18:38.407  2042  2042 W ActivityManager: 	at com.android.server.SystemServer.run(SystemServer.java:1061)
10-08 13:18:38.407  2042  2042 W ActivityManager: 	at com.android.server.SystemServer.main(SystemServer.java:736)
10-08 13:18:38.407  2042  2042 W ActivityManager: 	at java.lang.reflect.Method.invoke(Native Method)
10-08 13:18:38.407  2042  2042 W ActivityManager: 	at com.android.internal.os.RuntimeInit$MethodAndArgsCaller.run(RuntimeInit.java:565)
10-08 13:18:38.407  2042  2042 W ActivityManager: 	at com.android.internal.os.ZygoteInit.main(ZygoteInit.java:991)
10-08 13:18:38.409  2042  3515 E ProcessManager: error write exception log
10-08 13:18:38.410  2042  2042 W ContentCapturePerUserService: remote service died: RemoteContentCaptureService[ComponentInfo{com.google.android.as/com.google.android.apps.miphone.aiai.app.AiAiContentCaptureService} 46858657 (unbound)]
10-08 13:18:38.410  2042  9053 W ActivityManager: Scheduling restart of crashed service com.google.android.as/com.google.android.apps.miphone.aiai.textclassifier.service.QAiaiTextClassifierService in 79423ms for connection
10-08 13:18:38.411  2042  9053 W ActivityManager: Scheduling restart of crashed service com.google.android.as/com.google.android.apps.miphone.aiai.app.AiAiContentCaptureService in 89422ms for connection
10-08 13:18:38.413  2042  2074 D DisplayManagerService: Drop pending events for gone uid 10154
10-08 13:18:38.413  2042  2074 D DisplayManagerService: Drop pending events for gone uid 10108
10-08 13:18:38.413  2042  3516 I ProcessManager: getRenderThreadTidByPid, caller=2042
10-08 13:18:38.414  2042  3515 E ProcessManager: error write exception log
10-08 13:18:38.415  2042  2074 D DisplayManagerService: Drop pending events for gone uid 10273
10-08 13:18:38.417  2042  2074 D DisplayManagerService: Drop pending events for gone uid 10152
10-08 13:18:38.418  2042  3515 E ProcessManager: error write exception log
10-08 13:18:38.422  2042  3095 D CompatibilityChangeReporter: Compat change id reported: 135634846; UID 10308; state: DISABLED
10-08 13:18:38.422  2042  3095 D CompatibilityChangeReporter: Compat change id reported: 177438394; UID 10308; state: DISABLED
10-08 13:18:38.422  2042  3095 D CompatibilityChangeReporter: Compat change id reported: 135772972; UID 10308; state: DISABLED
10-08 13:18:38.422  2042  3095 D CompatibilityChangeReporter: Compat change id reported: 135754954; UID 10308; state: ENABLED
10-08 13:18:38.422  2042  2788 D CompatibilityChangeReporter: Compat change id reported: 143937733; UID 10308; state: ENABLED
10-08 13:18:38.426  2042  3515 E ProcessManager: error write exception log
10-08 13:18:38.426  2042  9053 D CountryDetector: No listener is left
10-08 13:18:38.436  2042  2074 D DisplayManagerService: Drop pending events for gone uid 10060
10-08 13:18:38.442  2042  3515 E ProcessManager: error write exception log
10-08 13:18:38.446  2042  2788 I ActivityManager: Start proc 20285:com.mi.globalminusscreen/u0a308 for service {com.mi.globalminusscreen/com.mi.globalminusscreen.core.overlay.AssistantOverlayService} caller=com.mi.android.globallauncher
10-08 13:18:38.448  2042  2074 D DisplayManagerService: Drop pending events for gone uid 10070
10-08 13:18:38.457  2042  3515 E ProcessManager: error write exception log
10-08 13:18:38.458  2042  3516 I ProcessManager: getRenderThreadTidByPid, caller=2042
10-08 13:18:38.464  2042  2074 D DisplayManagerService: Drop pending events for gone uid 10151
10-08 13:18:38.465  2042  3515 E ProcessManager: error write exception log
10-08 13:18:38.470  2042  2074 D DisplayManagerService: Drop pending events for gone uid 10162
10-08 13:18:38.484  2042  3515 E ProcessManager: error write exception log
10-08 13:18:38.492  2042  7010 I SmartPower: com.mi.globalminusscreen/10308(20285): died->invisible(1283ms) R(process start ) adj=-10000.
10-08 13:18:38.493  2042  7010 D CompatibilityChangeReporter: Compat change id reported: 168419799; UID 10308; state: DISABLED
10-08 13:18:38.493  2042  7010 D CompatibilityChangeReporter: Compat change id reported: 273564678; UID 10308; state: DISABLED
10-08 13:18:38.499  2042  3500 D isUidValid: uid = 10308
10-08 13:18:38.506  2042  2072 D CompatibilityChangeReporter: Compat change id reported: 170503758; UID 10308; state: ENABLED
10-08 13:18:38.525  2042  3515 E ProcessManager: error write exception log
10-08 13:18:38.540 20190 20288 W SystemServiceRegistry: faceService() miuiface, isSupportTee: false
10-08 13:18:38.557  2042  3515 E ProcessManager: error write exception log
10-08 13:18:38.560  2042  4689 I ActivityManager: Flag disabled. Ignoring finishAttachApplication from uid: 1000. pid: 20190
10-08 13:18:38.629  2042  3515 E ProcessManager: error write exception log
10-08 13:18:38.632  2042  2074 D DisplayManagerService: Drop pending events for gone uid 10165
10-08 13:18:38.650  2042  3515 E ProcessManager: error write exception log
10-08 13:18:38.653  2042  2074 D DisplayManagerService: Drop pending events for gone uid 10164
10-08 13:18:38.688 20190 20190 W ContextImpl: Calling a method in the system process without a qualified user: android.app.ContextImpl.startService:1910 android.content.ContextWrapper.startService:836 com.iqiyi.android.qigsaw.core.Qigsaw.cleanStaleSplits:246 com.iqiyi.android.qigsaw.core.Qigsaw.-$$Nest$smcleanStaleSplits:0 com.iqiyi.android.qigsaw.core.Qigsaw$1.queueIdle:162 
10-08 13:18:38.691  2042  9053 D ActivityManager: checkAllowBackground: uid=1000 pkg=com.android.settings rec=UidRecord{b77cac0 1000 PER  fgServices change:procadj procs:0 seq(267454,0)} caps=LCMNFU always=false idle=false
10-08 13:18:38.699  2042  9053 D CompatibilityChangeReporter: Compat change id reported: 161145287; UID 10308; state: ENABLED
10-08 13:18:38.710  2042  4589 I ActivityManager: Flag disabled. Ignoring finishAttachApplication from uid: 10308. pid: 20285
10-08 13:18:38.726  2042  9053 D PackageManager: set app component=ComponentInfo{com.mi.globalminusscreen/com.mi.appfinder.ui.globalsearch.aisearch.answers.widget.AiAnswers4x2WidgetProvider} enabled state: 1 from com.mi.globalminusscreen,uid=10308,pid=20285
10-08 13:18:38.727  2042  6998 D PackageManager: set app component=ComponentInfo{com.mi.globalminusscreen/com.mi.appfinder.ui.globalsearch.aisearch.answers.widget.AiAnswers2x1WidgetProvider} enabled state: 1 from com.mi.globalminusscreen,uid=10308,pid=20285
10-08 13:18:38.730  2042  4589 D ActivityManager: checkAllowBackground: uid=10308 pkg=com.mi.globalminusscreen rec=UidRecord{e52550c u0a308 BTOP change:procadj procs:0 seq(267404,267183)} caps=---NFU always=true idle=false
10-08 13:18:38.731  2042  4589 I ActivityManager: App 10308/com.mi.globalminusscreen targets O+, restricted
10-08 13:18:38.731  2042  4589 D ActivityManager: checkAllowBackground: uid=10308 pkg=com.mi.globalminusscreen startMode=2 onallowlist=false onallowlist(ei)=false
10-08 13:18:38.731  2042  4589 D ActivityManager: checkAllowBackground: uid=10308 pkg=com.mi.globalminusscreen rec=UidRecord{e52550c u0a308 BTOP change:procadj procs:0 seq(267404,267183)} caps=---NFU always=true idle=false
10-08 13:18:38.731  2042  4589 I ActivityManager: App 10308/com.mi.globalminusscreen targets O+, restricted
10-08 13:18:38.731  2042  4589 D ActivityManager: checkAllowBackground: uid=10308 pkg=com.mi.globalminusscreen startMode=2 onallowlist=false onallowlist(ei)=false
10-08 13:18:38.731  2042  4589 D ActivityManager: checkAllowBackground: uid=10308 pkg=com.mi.globalminusscreen rec=UidRecord{e52550c u0a308 BTOP change:procadj procs:0 seq(267404,267183)} caps=---NFU always=true idle=false
10-08 13:18:38.731  2042  4589 I ActivityManager: App 10308/com.mi.globalminusscreen targets O+, restricted
10-08 13:18:38.731  2042  4589 D ActivityManager: checkAllowBackground: uid=10308 pkg=com.mi.globalminusscreen startMode=2 onallowlist=false onallowlist(ei)=false
10-08 13:18:38.731  2042  4589 D ActivityManager: checkAllowBackground: uid=10308 pkg=com.mi.globalminusscreen rec=UidRecord{e52550c u0a308 BTOP change:procadj procs:0 seq(267404,267183)} caps=---NFU always=true idle=false
10-08 13:18:38.731  2042  4589 I ActivityManager: App 10308/com.mi.globalminusscreen targets O+, restricted
10-08 13:18:38.731  2042  4589 D ActivityManager: checkAllowBackground: uid=10308 pkg=com.mi.globalminusscreen startMode=2 onallowlist=false onallowlist(ei)=false
10-08 13:18:38.731  2042  4589 D ActivityManager: checkAllowBackground: uid=10308 pkg=com.mi.globalminusscreen rec=UidRecord{e52550c u0a308 BTOP change:procadj procs:0 seq(267404,267183)} caps=---NFU always=true idle=false
10-08 13:18:38.731  2042  4589 I ActivityManager: App 10308/com.mi.globalminusscreen targets O+, restricted
10-08 13:18:38.732  2042  4589 D ActivityManager: checkAllowBackground: uid=10308 pkg=com.mi.globalminusscreen startMode=2 onallowlist=false onallowlist(ei)=false
10-08 13:18:38.732  2042  4589 D ActivityManager: checkAllowBackground: uid=10308 pkg=com.mi.globalminusscreen rec=UidRecord{e52550c u0a308 BTOP change:procadj procs:0 seq(267404,267183)} caps=---NFU always=true idle=false
10-08 13:18:38.732  2042  4589 I ActivityManager: App 10308/com.mi.globalminusscreen targets O+, restricted
10-08 13:18:38.732  2042  4589 D ActivityManager: checkAllowBackground: uid=10308 pkg=com.mi.globalminusscreen startMode=2 onallowlist=false onallowlist(ei)=false
10-08 13:18:38.732  2042  4589 D ActivityManager: checkAllowBackground: uid=10308 pkg=com.mi.globalminusscreen rec=UidRecord{e52550c u0a308 BTOP change:procadj procs:0 seq(267404,267183)} caps=---NFU always=true idle=false
10-08 13:18:38.732  2042  4589 I ActivityManager: App 10308/com.mi.globalminusscreen targets O+, restricted
10-08 13:18:38.732  2042  4589 D ActivityManager: checkAllowBackground: uid=10308 pkg=com.mi.globalminusscreen startMode=2 onallowlist=false onallowlist(ei)=false
10-08 13:18:38.732  2042  4589 D ActivityManager: checkAllowBackground: uid=10308 pkg=com.mi.globalminusscreen rec=UidRecord{e52550c u0a308 BTOP change:procadj procs:0 seq(267404,267183)} caps=---NFU always=true idle=false
10-08 13:18:38.732  2042  4589 I ActivityManager: App 10308/com.mi.globalminusscreen targets O+, restricted
10-08 13:18:38.732  2042  4589 D ActivityManager: checkAllowBackground: uid=10308 pkg=com.mi.globalminusscreen startMode=2 onallowlist=false onallowlist(ei)=false
10-08 13:18:38.732  2042  4589 D ActivityManager: checkAllowBackground: uid=10308 pkg=com.mi.globalminusscreen rec=UidRecord{e52550c u0a308 BTOP change:procadj procs:0 seq(267404,267183)} caps=---NFU always=true idle=false
10-08 13:18:38.732  2042  4589 I ActivityManager: App 10308/com.mi.globalminusscreen targets O+, restricted
10-08 13:18:38.732  2042  4589 D ActivityManager: checkAllowBackground: uid=10308 pkg=com.mi.globalminusscreen startMode=2 onallowlist=false onallowlist(ei)=false
10-08 13:18:38.732  2042  4589 D ActivityManager: checkAllowBackground: uid=10308 pkg=com.mi.globalminusscreen rec=UidRecord{e52550c u0a308 BTOP change:procadj procs:0 seq(267404,267183)} caps=---NFU always=true idle=false
10-08 13:18:38.732  2042  4589 I ActivityManager: App 10308/com.mi.globalminusscreen targets O+, restricted
10-08 13:18:38.732  2042  4589 D ActivityManager: checkAllowBackground: uid=10308 pkg=com.mi.globalminusscreen startMode=2 onallowlist=false onallowlist(ei)=false
10-08 13:18:38.732  2042  4589 D ActivityManager: checkAllowBackground: uid=10308 pkg=com.mi.globalminusscreen rec=UidRecord{e52550c u0a308 BTOP change:procadj procs:0 seq(267404,267183)} caps=---NFU always=true idle=false
10-08 13:18:38.732  2042  4589 I ActivityManager: App 10308/com.mi.globalminusscreen targets O+, restricted
10-08 13:18:38.732  2042  4589 D ActivityManager: checkAllowBackground: uid=10308 pkg=com.mi.globalminusscreen startMode=2 onallowlist=false onallowlist(ei)=false
10-08 13:18:38.732  2042  4589 D ActivityManager: checkAllowBackground: uid=10308 pkg=com.mi.globalminusscreen rec=UidRecord{e52550c u0a308 BTOP change:procadj procs:0 seq(267404,267183)} caps=---NFU always=true idle=false
10-08 13:18:38.732  2042  4589 I ActivityManager: App 10308/com.mi.globalminusscreen targets O+, restricted
10-08 13:18:38.732  2042  4589 D ActivityManager: checkAllowBackground: uid=10308 pkg=com.mi.globalminusscreen startMode=2 onallowlist=false onallowlist(ei)=false
10-08 13:18:38.732  2042  4589 D ActivityManager: checkAllowBackground: uid=10308 pkg=com.mi.globalminusscreen rec=UidRecord{e52550c u0a308 BTOP change:procadj procs:0 seq(267404,267183)} caps=---NFU always=true idle=false
10-08 13:18:38.732  2042  4589 I ActivityManager: App 10308/com.mi.globalminusscreen targets O+, restricted
10-08 13:18:38.732  2042  4589 D ActivityManager: checkAllowBackground: uid=10308 pkg=com.mi.globalminusscreen startMode=2 onallowlist=false onallowlist(ei)=false
10-08 13:18:38.732  2042  4589 D ActivityManager: checkAllowBackground: uid=10308 pkg=com.mi.globalminusscreen rec=UidRecord{e52550c u0a308 BTOP change:procadj procs:0 seq(267404,267183)} caps=---NFU always=true idle=false
10-08 13:18:38.732  2042  4589 I ActivityManager: App 10308/com.mi.globalminusscreen targets O+, restricted
10-08 13:18:38.732  2042  4589 D ActivityManager: checkAllowBackground: uid=10308 pkg=com.mi.globalminusscreen startMode=2 onallowlist=false onallowlist(ei)=false
10-08 13:18:38.732  2042  4589 D ActivityManager: checkAllowBackground: uid=10308 pkg=com.mi.globalminusscreen rec=UidRecord{e52550c u0a308 BTOP change:procadj procs:0 seq(267404,267183)} caps=---NFU always=true idle=false
10-08 13:18:38.732  2042  4589 I ActivityManager: App 10308/com.mi.globalminusscreen targets O+, restricted
10-08 13:18:38.732  2042  4589 D ActivityManager: checkAllowBackground: uid=10308 pkg=com.mi.globalminusscreen startMode=2 onallowlist=false onallowlist(ei)=false
10-08 13:18:38.732  2042  4589 D ActivityManager: checkAllowBackground: uid=10308 pkg=com.mi.globalminusscreen rec=UidRecord{e52550c u0a308 BTOP change:procadj procs:0 seq(267404,267183)} caps=---NFU always=true idle=false
10-08 13:18:38.732  2042  4589 I ActivityManager: App 10308/com.mi.globalminusscreen targets O+, restricted
10-08 13:18:38.732  2042  4589 D ActivityManager: checkAllowBackground: uid=10308 pkg=com.mi.globalminusscreen startMode=2 onallowlist=false onallowlist(ei)=false
10-08 13:18:38.732  2042  4589 D ActivityManager: checkAllowBackground: uid=10308 pkg=com.mi.globalminusscreen rec=UidRecord{e52550c u0a308 BTOP change:procadj procs:0 seq(267404,267183)} caps=---NFU always=true idle=false
10-08 13:18:38.732  2042  4589 I ActivityManager: App 10308/com.mi.globalminusscreen targets O+, restricted
10-08 13:18:38.732  2042  4589 D ActivityManager: checkAllowBackground: uid=10308 pkg=com.mi.globalminusscreen startMode=2 onallowlist=false onallowlist(ei)=false
10-08 13:18:38.732  2042  4589 D ActivityManager: checkAllowBackground: uid=10308 pkg=com.mi.globalminusscreen rec=UidRecord{e52550c u0a308 BTOP change:procadj procs:0 seq(267404,267183)} caps=---NFU always=true idle=false
10-08 13:18:38.732  2042  4589 I ActivityManager: App 10308/com.mi.globalminusscreen targets O+, restricted
10-08 13:18:38.732  2042  4589 D ActivityManager: checkAllowBackground: uid=10308 pkg=com.mi.globalminusscreen startMode=2 onallowlist=false onallowlist(ei)=false
10-08 13:18:38.732  2042  4589 D ActivityManager: checkAllowBackground: uid=10308 pkg=com.mi.globalminusscreen rec=UidRecord{e52550c u0a308 BTOP change:procadj procs:0 seq(267404,267183)} caps=---NFU always=true idle=false
10-08 13:18:38.732  2042  4589 I ActivityManager: App 10308/com.mi.globalminusscreen targets O+, restricted
10-08 13:18:38.732  2042  4589 D ActivityManager: checkAllowBackground: uid=10308 pkg=com.mi.globalminusscreen startMode=2 onallowlist=false onallowlist(ei)=false
10-08 13:18:38.732  2042  4589 D ActivityManager: checkAllowBackground: uid=10308 pkg=com.mi.globalminusscreen rec=UidRecord{e52550c u0a308 BTOP change:procadj procs:0 seq(267404,267183)} caps=---NFU always=true idle=false
10-08 13:18:38.732  2042  4589 I ActivityManager: App 10308/com.mi.globalminusscreen targets O+, restricted
10-08 13:18:38.732  2042  4589 D ActivityManager: checkAllowBackground: uid=10308 pkg=com.mi.globalminusscreen startMode=2 onallowlist=false onallowlist(ei)=false
10-08 13:18:38.732  2042  4589 D ActivityManager: checkAllowBackground: uid=10308 pkg=com.mi.globalminusscreen rec=UidRecord{e52550c u0a308 BTOP change:procadj procs:0 seq(267404,267183)} caps=---NFU always=true idle=false
10-08 13:18:38.732  2042  4589 I ActivityManager: App 10308/com.mi.globalminusscreen targets O+, restricted
10-08 13:18:38.732  2042  4589 D ActivityManager: checkAllowBackground: uid=10308 pkg=com.mi.globalminusscreen startMode=2 onallowlist=false onallowlist(ei)=false
10-08 13:18:38.732  2042  4589 D ActivityManager: checkAllowBackground: uid=10308 pkg=com.mi.globalminusscreen rec=UidRecord{e52550c u0a308 BTOP change:procadj procs:0 seq(267404,267183)} caps=---NFU always=true idle=false
10-08 13:18:38.732  2042  4589 I ActivityManager: App 10308/com.mi.globalminusscreen targets O+, restricted
10-08 13:18:38.732  2042  4589 D ActivityManager: checkAllowBackground: uid=10308 pkg=com.mi.globalminusscreen startMode=2 onallowlist=false onallowlist(ei)=false
10-08 13:18:38.733  2042  4589 D ActivityManager: checkAllowBackground: uid=10308 pkg=com.mi.globalminusscreen rec=UidRecord{e52550c u0a308 BTOP change:procadj procs:0 seq(267404,267183)} caps=---NFU always=true idle=false
10-08 13:18:38.733  2042  4589 I ActivityManager: App 10308/com.mi.globalminusscreen targets O+, restricted
10-08 13:18:38.733  2042  4589 D ActivityManager: checkAllowBackground: uid=10308 pkg=com.mi.globalminusscreen startMode=2 onallowlist=false onallowlist(ei)=false
10-08 13:18:38.733  2042  4589 D ActivityManager: checkAllowBackground: uid=10308 pkg=com.mi.globalminusscreen rec=UidRecord{e52550c u0a308 BTOP change:procadj procs:0 seq(267404,267183)} caps=---NFU always=true idle=false
10-08 13:18:38.733  2042  4589 I ActivityManager: App 10308/com.mi.globalminusscreen targets O+, restricted
10-08 13:18:38.733  2042  4589 D ActivityManager: checkAllowBackground: uid=10308 pkg=com.mi.globalminusscreen startMode=2 onallowlist=false onallowlist(ei)=false
10-08 13:18:38.733  2042  4589 D ActivityManager: checkAllowBackground: uid=10308 pkg=com.mi.globalminusscreen rec=UidRecord{e52550c u0a308 BTOP change:procadj procs:0 seq(267404,267183)} caps=---NFU always=true idle=false
10-08 13:18:38.734  2042  4589 I ActivityManager: App 10308/com.mi.globalminusscreen targets O+, restricted
10-08 13:18:38.734  2042  4589 D ActivityManager: checkAllowBackground: uid=10308 pkg=com.mi.globalminusscreen startMode=2 onallowlist=false onallowlist(ei)=false
10-08 13:18:38.734  2042  4589 D ActivityManager: checkAllowBackground: uid=10308 pkg=com.mi.globalminusscreen rec=UidRecord{e52550c u0a308 BTOP change:procadj procs:0 seq(267404,267183)} caps=---NFU always=true idle=false
10-08 13:18:38.734  2042  4589 I ActivityManager: App 10308/com.mi.globalminusscreen targets O+, restricted
10-08 13:18:38.734  2042  4589 D ActivityManager: checkAllowBackground: uid=10308 pkg=com.mi.globalminusscreen startMode=2 onallowlist=false onallowlist(ei)=false
10-08 13:18:38.734  2042  4589 D ActivityManager: checkAllowBackground: uid=10308 pkg=com.mi.globalminusscreen rec=UidRecord{e52550c u0a308 BTOP change:procadj procs:0 seq(267404,267183)} caps=---NFU always=true idle=false
10-08 13:18:38.734  2042  4589 I ActivityManager: App 10308/com.mi.globalminusscreen targets O+, restricted
10-08 13:18:38.734  2042  4589 D ActivityManager: checkAllowBackground: uid=10308 pkg=com.mi.globalminusscreen startMode=2 onallowlist=false onallowlist(ei)=false
