10-10 12:16:56.954  1902  2772 I BLASTSyncEngine: SyncGroup 1084:  Unfinished container:Task{b95b506 #475 type=standard I=com.android.chrome/com.google.android.apps.chrome.IntentDispatcher}
10-10 12:16:56.954  1902  2772 I BLASTSyncEngine: isActivitySyncFinished isSyncFinished false Task{b95b506 #475 type=standard I=com.android.chrome/com.google.android.apps.chrome.IntentDispatcher}
10-10 12:16:56.955  2983  3075 D MiuiFullScreenTaskRepository: removeFocusedTask displayId=0
10-10 12:16:56.955  2983  3075 D MiuiFullScreenTaskRepository: addOrUpdateFullScreenTaskInfo taskId=474, topActivity=ComponentInfo{eu.europa.ec.euidi/eu.europa.ec.assemblylogic.ui.MainActivity}
10-10 12:16:56.960  1902  1938 W ProcessStats: Tracking association SourceState{b4138ed com.android.chrome/10190 BTop #346958} whose proc state 2 is better than process ProcessState{6c26b07 com.google.android.adservices.api/10307 pkg=com.google.android.adservices.api} proc state 14 (207 skipped)
10-10 12:16:56.960  1902  1936 E MBrainLocalService: MBrainJava launch failed: SecurityException
10-10 12:16:56.961  1902  1936 D Aurogon :  uid = 10190 switch to FG
10-10 12:16:56.961  1902 22425 D PerfShielderService: eu.europa.ec.euidi|eu.europa.ec.euidi/eu.europa.ec.assemblylogic.ui.MainActivity|92|114852383280922|89|5|2
10-10 12:16:56.962 22071 22103 W MiuiPerfServiceClient: interceptAndQueuing:10115|eu.europa.ec.euidi|92|89|114852383280922|Slow issue draw commands|2
10-10 12:16:56.963  1902  1936 E MBrainLocalService: MBrainJava launch failed: SecurityException
10-10 12:16:56.973  1902 23265 D CompatibilityChangeReporter: Compat change id reported: 259743961; UID 10190; state: ENABLED
10-10 12:16:56.975  1902 23265 D WindowManager: Collecting in transition 1084: ActivityRecord{38a8d42 u0 com.android.chrome/org.chromium.chrome.browser.ChromeTabbedActivity init visibleRequested:false
10-10 12:16:56.975  1902 23265 D MiuiFreeFormManagerService: activeOrFullscreenFreeformTaskIfNeed startDefaultAr:false
10-10 12:16:56.975  1902 23265 D MiuiFreeFormManagerService: onStartActivityInner as = Task{ca68f4b #449 type=standard A=10190:com.android.chrome} op = null
10-10 12:16:56.976  1902 23265 D WindowManagerService: checkFlipFullScreenChange is same, nowIsFullScreen = false
10-10 12:16:56.976  1902 23265 D WindowManager: setLockTaskAuth: task=Task{ca68f4b #449 type=standard A=10190:com.android.chrome} mLockTaskAuth=LOCK_TASK_AUTH_PINNABLE
10-10 12:16:56.980  1902 23265 D WindowManager: Set transition=TransitionRecord{cf4f1f4 id=1084 type=OPEN flags=0x0}, ready=false, SyncId=1084 used=true, override=false, defer=0, states=Display{#0 state=ON size=1080x2400 ROTATION_0}:false
10-10 12:16:56.980  1902 23265 D WindowManager: Collecting in transition 1084: ActivityRecord{38a8d42 u0 com.android.chrome/org.chromium.chrome.browser.ChromeTabbedActivity t-1} init visibleRequested:false
10-10 12:16:56.980  1902 23265 D WindowManager: Set transition=TransitionRecord{cf4f1f4 id=1084 type=OPEN flags=0x0}, ready=false, SyncId=1084 used=true, override=false, defer=0, states=Display{#0 state=ON size=1080x2400 ROTATION_0}:false
10-10 12:16:56.982  2983  3075 D MiuiFullScreenTaskRepository: setFocusedTask taskId=449, displayId=0, topActivity=ComponentInfo{com.android.chrome/org.chromium.chrome.browser.ChromeTabbedActivity}
10-10 12:16:56.982  2983  3075 D MiuiFullScreenTaskRepository: addOrUpdateFullScreenTaskInfo taskId=449, topActivity=ComponentInfo{com.android.chrome/org.chromium.chrome.browser.ChromeTabbedActivity}
10-10 12:16:56.982  1902 23265 I ActivityTaskManager: START u0 {act=android.intent.action.VIEW dat=https://issuer.eudiw.dev/... flg=0x14002000 cmp=com.android.chrome/org.chromium.chrome.browser.ChromeTabbedActivity (has extras)} with LAUNCH_SINGLE_INSTANCE_PER_TASK from uid 10190 (BAL_ALLOW_VISIBLE_WINDOW) result code=2
10-10 12:16:56.982  2983  3075 D MiuiDesktopModeController: onFocusTaskChanged newFocus: TaskInfo{userId=0 taskId=449 displayId=0 isRunning=true baseIntent=Intent { act=android.intent.action.VIEW dat=https://issuer.eudiw.dev/... flg=0x14002000 cmp=com.android.chrome/org.chromium.chrome.browser.ChromeTabbedActivity } baseActivity=ComponentInfo{com.android.chrome/org.chromium.chrome.browser.ChromeTabbedActivity} topActivity=ComponentInfo{com.android.chrome/org.chromium.chrome.browser.ChromeTabbedActivity} origActivity=null realActivity=ComponentInfo{com.android.chrome/org.chromium.chrome.browser.ChromeTabbedActivity} numActivities=1 lastActiveTime=898879507 supportsSplitScreenMultiWindow=true supportsMultiWindow=true resizeMode=2 isResizeable=true minWidth=-1 minHeight=-1 defaultMinSize=200 token=WCT{android.window.IWindowContainerToken$Stub$Proxy@ed91756} topActivityType=1 pictureInPictureParams=null shouldDockBigOverlays=false launchIntoPipHostTaskId=-1 lastParentTaskIdBeforePip=-1 displayCutoutSafeInsets=Rect(0, 94 - 0, 0) topActivityInfo=ActivityInfo{a0f53d7 org.chromium.chrome.browser.ChromeTabbedActivity} launchCookies=[] positionInParent=Point(0, 0) parentTaskId=-1 isFocused=true isVisible=false isVisibleRequested=false isSleeping=false topActivityInSizeCompat=false topActivityEligibleForLetterboxEducation= false topActivityLetterboxed= false isFromDoubleTap= false topActivityLetterboxVerticalPosition= -1 topActivityLetterboxHorizontalPosition= -1 topActivityLetterboxWidth=-1 topActivityLetterboxHeight=-1 locusId=null displayAreaFeatureId=1 cameraCompatControlState=hidden mIsCastMode=false mTopActivityMediaSize=null mTopActivityRecordName=ActivityRecord{dfc2f2f u0 com.android.chrome/org.chromium.chrome.browser.ChromeTabbedActivity t449} mTopActivityOrientation=-2 mTopActivityWindowIsNowVisible=false isTranslucent=true isEmbedded=false shouldBeVisible=true isImmersive=false mBehindAppLockPkg=null mOriginatingUid=0}
10-10 12:16:56.982  2983  3075 D MiuiFreeformModeController: onFocusTaskChanged taskInfo: TaskInfo{userId=0 taskId=449 displayId=0 isRunning=true baseIntent=Intent { act=android.intent.action.VIEW dat=https://issuer.eudiw.dev/... flg=0x14002000 cmp=com.android.chrome/org.chromium.chrome.browser.ChromeTabbedActivity } baseActivity=ComponentInfo{com.android.chrome/org.chromium.chrome.browser.ChromeTabbedActivity} topActivity=ComponentInfo{com.android.chrome/org.chromium.chrome.browser.ChromeTabbedActivity} origActivity=null realActivity=ComponentInfo{com.android.chrome/org.chromium.chrome.browser.ChromeTabbedActivity} numActivities=1 lastActiveTime=898879507 supportsSplitScreenMultiWindow=true supportsMultiWindow=true resizeMode=2 isResizeable=true minWidth=-1 minHeight=-1 defaultMinSize=200 token=WCT{android.window.IWindowContainerToken$Stub$Proxy@ed91756} topActivityType=1 pictureInPictureParams=null shouldDockBigOverlays=false launchIntoPipHostTaskId=-1 lastParentTaskIdBeforePip=-1 displayCutoutSafeInsets=Rect(0, 94 - 0, 0) topActivityInfo=ActivityInfo{a0f53d7 org.chromium.chrome.browser.ChromeTabbedActivity} launchCookies=[] positionInParent=Point(0, 0) parentTaskId=-1 isFocused=true isVisible=false isVisibleRequested=false isSleeping=false topActivityInSizeCompat=false topActivityEligibleForLetterboxEducation= false topActivityLetterboxed= false isFromDoubleTap= false topActivityLetterboxVerticalPosition= -1 topActivityLetterboxHorizontalPosition= -1 topActivityLetterboxWidth=-1 topActivityLetterboxHeight=-1 locusId=null displayAreaFeatureId=1 cameraCompatControlState=hidden mIsCastMode=false mTopActivityMediaSize=null mTopActivityRecordName=ActivityRecord{dfc2f2f u0 com.android.chrome/org.chromium.chrome.browser.ChromeTabbedActivity t449} mTopActivityOrientation=-2 mTopActivityWindowIsNowVisible=false isTranslucent=true isEmbedded=false shouldBeVisible=true isImmersive=false mBehindAppLockPkg=null mOriginatingUid=0}
10-10 12:16:56.983  1902 23179 D MiuiSoScManagerStub: supportSoScMinimizedMode:true
10-10 12:16:56.983  1902 23179 D MiuiSoScManagerStub: taskInSoScFullMode:false
10-10 12:16:56.983  1902 23179 D MiuiFreeFormGestureController: deliverResultForFinishActivity resultTo: null resultFrom: ActivityRecord{10a93e1 u0 com.android.chrome/com.google.android.apps.chrome.IntentDispatcher t475 f}} isInVideoOrGameScene: false intent: Intent { act=android.intent.action.VIEW dat=https://issuer.eudiw.dev/... flg=0x10800000 cmp=com.android.chrome/com.google.android.apps.chrome.IntentDispatcher }
10-10 12:16:56.983  1902 23179 D WindowManager: Collecting in transition 1084: Task{b95b506 #475 type=standard I=com.android.chrome/com.google.android.apps.chrome.IntentDispatcher} init visibleRequested:true
10-10 12:16:56.985  2983  3075 D OneHandedController: stopOneHanded state is 0
10-10 12:16:56.985  2983  3075 D WindowManagerShell: onActivityRestartAttempt: ComponentInfo{com.android.chrome/org.chromium.chrome.browser.ChromeTabbedActivity}
10-10 12:16:56.988  2983  3850 D MiuiFreeformModeObserver: activityResumed() intent Intent { cmp=com.android.chrome/org.chromium.chrome.browser.document.ChromeLauncherActivity (has extras) }
10-10 12:16:56.990  1902  2772 D WindowManager: Collecting in transition 1084: ActivityRecord{10a93e1 u0 com.android.chrome/com.google.android.apps.chrome.IntentDispatcher t475 f}} init visibleRequested:true
10-10 12:16:56.990  1902  2772 D WindowManager: Collecting in transition 1084: ActivityRecord{dfc2f2f u0 com.android.chrome/org.chromium.chrome.browser.ChromeTabbedActivity t449} init visibleRequested:false
10-10 12:16:56.990  1902  2772 D WindowManagerService: checkFlipFullScreenChange is same, nowIsFullScreen = false
10-10 12:16:56.991  1902  2772 D WindowManager: Collecting in transition 1084: ActivityRecord{9815005 u0 eu.europa.ec.euidi/eu.europa.ec.assemblylogic.ui.MainActivity t474} init visibleRequested:true
10-10 12:16:56.992  1902  2772 D WindowManager: Collecting in transition 1084: ActivityRecord{dfc2f2f u0 com.android.chrome/org.chromium.chrome.browser.ChromeTabbedActivity t449} init visibleRequested:true
10-10 12:16:56.992  2983  3075 D MiuiFullScreenTaskRepository: setFocusedTask taskId=449, displayId=0, topActivity=ComponentInfo{com.android.chrome/org.chromium.chrome.browser.ChromeTabbedActivity}
10-10 12:16:56.992  2983  3075 D MiuiFullScreenTaskRepository: addOrUpdateFullScreenTaskInfo taskId=449, topActivity=ComponentInfo{com.android.chrome/org.chromium.chrome.browser.ChromeTabbedActivity}
10-10 12:16:56.992  1902  2772 D WindowManager: Set transition=TransitionRecord{cf4f1f4 id=1084 type=OPEN flags=0x0}, ready=true, SyncId=1084 
10-10 12:16:56.993  1902  2772 I BLASTSyncEngine: SyncGroup 1084:  Unfinished container:ActivityRecord{dfc2f2f u0 com.android.chrome/org.chromium.chrome.browser.ChromeTabbedActivity t449}
10-10 12:16:56.993  1902  2772 I BLASTSyncEngine: isActivitySyncFinished isSyncFinished false ActivityRecord{dfc2f2f u0 com.android.chrome/org.chromium.chrome.browser.ChromeTabbedActivity t449}
10-10 12:16:57.003  1902  1936 E MBrainLocalService: MBrainJava launch failed: SecurityException
10-10 12:16:57.009  1902 23265 D CoreBackPreview: Window{565fe39 u0 com.android.chrome/org.chromium.chrome.browser.ChromeTabbedActivity}: Setting back callback OnBackInvokedCallbackInfo{mCallback=android.window.IOnBackInvokedCallback$Stub$Proxy@7164ba8, mPriority=0, mIsAnimationCallback=true}
10-10 12:16:57.022  1902 22715 I SmartPower: com.android.chrome:sandboxed_process0:org.chromium.content.app.SandboxedProcessSer-1->background(0ms) R(become background) adj=-10000.
10-10 12:16:57.023  1902  1955 D CompatibilityChangeReporter: Compat change id reported: 143937733; UID 10190; state: ENABLED
10-10 12:16:57.031  1902 23265 D SchedBoost: com.android.chrome:sandboxed_process0:org.chromium.content.app.SandboxedProcessService0:11 boosting, skip reset priority
10-10 12:16:57.032  1902  2620 I SmartPower: com.google.android.inputmethod.latin/10196(22721): background->idle(3000ms) R(become invisible) adj=100.
10-10 12:16:57.040  1902  1902 D MBrainLocalService: isVendorFreezeConditionPass is false
10-10 12:16:57.040  1902  1902 E MBrainLocalService: notifyAppSwitch failed
10-10 12:16:57.046  1902  1955 I ActivityManager: Start proc 10279:com.android.chrome:sandboxed_process0:org.chromium.content.app.SandboxedProcessService0:12/u0ai12 for  {com.android.chrome/org.chromium.content.app.SandboxedProcessService0:12} caller=com.android.chrome
10-10 12:16:57.052  1902  1902 D MBrainLocalService: isVendorFreezeConditionPass is false
10-10 12:16:57.052  1902  1902 E MBrainLocalService: notifyAppSwitch failed
10-10 12:16:57.059  2983  3850 D MiuiFreeformModeObserver: activityResumed() intent Intent { cmp=com.android.chrome/org.chromium.chrome.browser.ChromeTabbedActivity (has extras) }
10-10 12:16:57.068  1902  1917 D CompatibilityChangeReporter: Compat change id reported: 168419799; UID 10190; state: DISABLED
10-10 12:16:57.068  1902  1917 D CompatibilityChangeReporter: Compat change id reported: 273564678; UID 10190; state: DISABLED
10-10 12:16:57.071  1902 23265 I BLASTSyncEngine: SyncGroup 1084:  Unfinished container:ActivityRecord{dfc2f2f u0 com.android.chrome/org.chromium.chrome.browser.ChromeTabbedActivity t449}
10-10 12:16:57.071  1902 23265 I BLASTSyncEngine: isActivitySyncFinished isSyncFinished false ActivityRecord{dfc2f2f u0 com.android.chrome/org.chromium.chrome.browser.ChromeTabbedActivity t449}
10-10 12:16:57.072  1902 23265 W WindowManager: Changing focus from null to Window{565fe39 u0 com.android.chrome/org.chromium.chrome.browser.ChromeTabbedActivity} displayId=0 Callers=com.android.server.wm.RootWindowContainer.updateFocusedWindowLocked:557 com.android.server.wm.WindowManagerService.updateFocusedWindowLocked:6962 com.android.server.wm.WindowManagerService.relayoutWindow:2951 com.android.server.wm.Session.relayout:266 
10-10 12:16:57.072  1902 23265 I WindowManager: cancelAnimation removed leash : Surface(name=Surface(name=81266ae StatusBar#86)/@0xb48dfdc - animation-leash of insets_animation#17988)/@0xa8909c5
10-10 12:16:57.073  1902 23265 I WindowManager: cancelAnimation removed leash : Surface(name=Surface(name=db27a2 NavigationBar0#82)/@0xc1acbf0 - animation-leash of insets_animation#17994)/@0x8f86716
10-10 12:16:57.074  1902 23265 D WindowManager: wms.Input focus has changed to Window{565fe39 u0 com.android.chrome/org.chromium.chrome.browser.ChromeTabbedActivity} display=0 updateInputWindows = true
10-10 12:16:57.074  1902 23265 I MultiSenceManagerInternalStub: getInstance
10-10 12:16:57.074  1902 23265 I WindowManager: Relayout Window{565fe39 u0 com.android.chrome/org.chromium.chrome.browser.ChromeTabbedActivity}: oldVis=8 newVis=0 focusMayChange = true requestedWidth = 1080 requestedHeight = 2400 outFrames = ClientWindowFrames{frame=[0,0][1080,2400] display=[0,0][1080,2400] parentFrame=[0,0][0,0]} outSurfaceControl = Surface(name=com.android.chrome/org.chromium.chrome.browser.ChromeTabbedActivity#17997)/@0x58aa44c
10-10 12:16:57.079  1902  2600 D isUidValid: uid = 90012
10-10 12:16:57.079  1902  1902 D MBrainLocalService: isVendorFreezeConditionPass is false
10-10 12:16:57.079  1902  1902 E MBrainLocalService: notifyAppSwitch failed
10-10 12:16:57.081 10279 10279 E MQSEventManagerDelegate: failed to get MQSService.
10-10 12:16:57.081 10279 10279 W ActivityThread: registerApplicationScoutThread result:false
10-10 12:16:57.105 10279 10279 E ForceDarkHelperStubImpl: getForceDarkOriginState transact failed , mService: null
10-10 12:16:57.119  1902 22715 I ActivityManager: Flag disabled. Ignoring finishAttachApplication from uid: 90012. pid: 10279
10-10 12:16:57.135  1902 22715 W WindowManager: finishDrawingWindow: Window{565fe39 u0 com.android.chrome/org.chromium.chrome.browser.ChromeTabbedActivity} mDrawState=DRAW_PENDING
10-10 12:16:57.135  1902 22715 D WindowManager: wms.finishDrawingLocked: mDrawState=COMMIT_DRAW_PENDING Window{565fe39 u0 com.android.chrome/org.chromium.chrome.browser.ChromeTabbedActivity} in Surface(name=com.android.chrome/org.chromium.chrome.browser.ChromeTabbedActivity#17997)/@0x275b123
10-10 12:16:57.137  1902  1939 I SmartPower: com.android.chrome/10190(4464): invisible->visible(214ms) R(become visible) adj=0.
10-10 12:16:57.137  1902  1939 W WindowManager: real show surface:Surface(name=com.android.chrome/org.chromium.chrome.browser.ChromeTabbedActivity#17997)/@0x275b123
10-10 12:16:57.138  1902  1939 D WindowManager: Final targets: [Task{ca68f4b #449 type=standard A=10190:com.android.chrome}, Task{b4ec85a #474 type=standard A=10390:eu.europa.ec.euidi}]
10-10 12:16:57.153  1902  1939 D WindowManager: snapshot isNothing = false source = Task{b4ec85a #474 type=standard A=10390:eu.europa.ec.euidi}
10-10 12:16:57.154  1902  1939 D WindowManager: Calling onTransitionReady info={id=1084 t=OPEN f=0x0 trk=0 r=[0@Point(0, 0)] c=[{WCT{RemoteToken{fe89b7a Task{ca68f4b #449 type=standard A=10190:com.android.chrome}}} m=TO_FRONT f=MOVE_TO_TOP leash=Surface(name=Task=449#16886)/@0xbffa9e9 sb=Rect(0, 0 - 1080, 2400) eb=Rect(0, 0 - 1080, 2400) d=0},{WCT{RemoteToken{ce3ced6 Task{b4ec85a #474 type=standard A=10390:eu.europa.ec.euidi}}} m=TO_BACK f=NONE leash=Surface(name=Task=474#17977)/@0xa178c7b sb=Rect(0, 0 - 1080, 2400) eb=Rect(0, 0 - 1080, 2400) d=0}] noAni=[false] df=[false] mk=[true] nc=[0] oa=[false]}, mToken=Token{cb04c02 TransitionRecord{cf4f1f4 id=1084 type=OPEN flags=0x0}}
10-10 12:16:57.155  1902  1939 I BLASTSyncEngine: finishNow: after onTransactionReady, mSyncId=1084
10-10 12:16:57.158  2983  3075 D MiuiFreeformAnimation: startAnimation change: {WCT{android.window.IWindowContainerToken$Stub$Proxy@50b5673} m=TO_FRONT f=MOVE_TO_TOP leash=Surface(name=Task=449#16886)/@0x35c64c4 sb=Rect(0, 0 - 1080, 2400) eb=Rect(0, 0 - 1080, 2400) d=0} info.getType(): 1
10-10 12:16:57.158  2983  3075 I MiuiFreeformAnimation: isLaunchWidgetPicker=false,taskInfo.getWindowingMode()=1, taskInfo.getActivityType()=1
10-10 12:16:57.158  2983  3075 D MiuiFreeformAnimation: startAnimation change: {WCT{android.window.IWindowContainerToken$Stub$Proxy@a1d0930} m=TO_BACK f=NONE leash=Surface(name=Task=474#17977)/@0x8a2cfad sb=Rect(0, 0 - 1080, 2400) eb=Rect(0, 0 - 1080, 2400) d=0} info.getType(): 1
10-10 12:16:57.158  2983  3075 W MiuiTaskTransitionHandler: Receive an unknown transition, token=android.os.BinderProxy@47582fb, type=1
10-10 12:16:57.159  2983  3075 D TransitionAnimationHelper:  load default animation  type = 1 enter = false animAttr = 9 isTask = true translucent = false
10-10 12:16:57.160  2983  3075 D TransitionAnimationHelper:  load default animation  type = 1 enter = true animAttr = 8 isTask = true translucent = false
10-10 12:16:57.161  2983  3092 D ShellTransitions: speed ui!!!!!!!!!!!
10-10 12:16:57.162  2983  3075 D MiuiFullScreenTaskRepository: setFocusedTask taskId=449, displayId=0, topActivity=ComponentInfo{com.android.chrome/org.chromium.chrome.browser.ChromeTabbedActivity}
10-10 12:16:57.162  2983  3075 D MiuiFullScreenTaskRepository: addOrUpdateFullScreenTaskInfo taskId=449, topActivity=ComponentInfo{com.android.chrome/org.chromium.chrome.browser.ChromeTabbedActivity}
10-10 12:16:57.165  2983  3075 D SoScUtils: monitorTransitionFinished transition:android.os.BinderProxy@47582fb transaction: android.view.SurfaceControl$Transaction@f3df4e1 mRequestCloseTransition:null mRequestOpenTransition:null mPairsOpenTransition:null mPairsOpenTransitionNull:null mRequestOpenTriggerTask:-1 mRequestCloseTriggerTask:-1 mOrientationTransition: null mMainStartingTask:-1 mSideStartingTask:-1
10-10 12:16:57.175  1902  1938 I SmartPower: eu.europa.ec.euidi/10390(10115): visible->invisible(8294ms) R(become invisible) adj=200.
10-10 12:16:57.175  1902  1938 I SmartPower: eu.europa.ec.euidi/10390(10115): invisible->background(0ms) R(become background) adj=200.
10-10 12:16:57.181  2983  3075 D MiuiFullScreenTaskRepository: addOrUpdateFullScreenTaskInfo taskId=474, topActivity=ComponentInfo{eu.europa.ec.euidi/eu.europa.ec.assemblylogic.ui.MainActivity}
10-10 12:16:57.181  1902  1917 D CompatibilityChangeReporter: Compat change id reported: 214016041; UID 10190; state: ENABLED
10-10 12:16:57.188  1902  2620 I SmartPower: com.google.android.adservices.api/10307(31554): idle->background(3601ms) R(add to whitelist) adj=0.
10-10 12:16:57.188  1902  2620 I SmartPower: com.android.chrome:sandboxed_process0:org.chromium.content.app.SandboxedProcessSeridle->background(2071ms) R(add to whitelist) adj=200.
10-10 12:16:57.188  1902  2620 I SmartPower: com.android.chrome:sandboxed_process0:org.chromium.content.app.SandboxedProcessSeridle->background(2070ms) R(add to whitelist) adj=960.
10-10 12:16:57.188  1902  2620 I SmartPower: com.android.chrome:sandboxed_process0:org.chromium.content.app.SandboxedProcessSeridle->background(2070ms) R(add to whitelist) adj=950.
10-10 12:16:57.188  1902  2620 I SmartPower: com.android.chrome:sandboxed_process0:org.chromium.content.app.SandboxedProcessSeridle->background(2070ms) R(add to whitelist) adj=940.
10-10 12:16:57.188  1902  2620 I SmartPower: com.android.chrome:sandboxed_process0:org.chromium.content.app.SandboxedProcessSeridle->background(2070ms) R(add to whitelist) adj=930.
10-10 12:16:57.188  1902  2620 I SmartPower: com.android.chrome:sandboxed_process0:org.chromium.content.app.SandboxedProcessSeridle->background(2070ms) R(add to whitelist) adj=920.
10-10 12:16:57.188  1902  2620 I SmartPower: com.android.chrome:sandboxed_process0:org.chromium.content.app.SandboxedProcessSeridle->background(2070ms) R(add to whitelist) adj=910.
10-10 12:16:57.188  1902  2620 I SmartPower: com.android.chrome:sandboxed_process0:org.chromium.content.app.SandboxedProcessSeridle->background(2070ms) R(add to whitelist) adj=900.
10-10 12:16:57.188  1902  2620 I SmartPower: com.android.chrome:sandboxed_process0:org.chromium.content.app.SandboxedProcessSeridle->background(5020ms) R(add to whitelist) adj=250.
10-10 12:16:57.188  1902  2620 I SmartPower: com.android.chrome:sandboxed_process0:org.chromium.content.app.SandboxedProcessSeridle->background(3602ms) R(add to whitelist) adj=250.
10-10 12:16:57.191  1902 23265 I WindowManager: cancelAnimation removed leash : Surface(name=Surface(name=6a76de5 InputMethod#123)/@0xf2bd99 - animation-leash of insets_animation#17992)/@0xc747f58
10-10 12:16:57.192  1902  2772 W PackageConfigPersister: App-specific configuration not found for packageName: com.android.chrome and userId: 0
10-10 12:16:57.204  1902  1917 D WindowManager: setParent old=Task{b95b506 #475 type=standard I=com.android.chrome/com.google.android.apps.chrome.IntentDispatcher},new=null,this window=ActivityRecord{10a93e1 u0 com.android.chrome/com.google.android.apps.chrome.IntentDispatcher t475 f}},callers=com.android.server.wm.WindowContainer.removeChild:840 com.android.server.wm.TaskFragment.removeChild:3119 com.android.server.wm.Task.removeChild:1822 com.android.server.wm.Task.removeChild:1802 com.android.server.wm.WindowContainer.removeImmediately:898 com.android.server.wm.WindowToken.removeImmediately:376 
10-10 12:16:57.204  1902  1917 D WindowManager: setParent old=DefaultTaskDisplayArea@126197207,new=null,this window=Task{b95b506 #475 type=standard I=com.android.chrome/com.google.android.apps.chrome.IntentDispatcher},callers=com.android.server.wm.WindowContainer.removeChild:840 com.android.server.wm.TaskDisplayArea.removeChildTask:359 com.android.server.wm.TaskDisplayArea.removeChild:350 com.android.server.wm.WindowContainer.removeImmediately:898 com.android.server.wm.TaskFragment.removeImmediately:3203 com.android.server.wm.Task.removeImmediately:3222 
10-10 12:16:57.211  1902  1936 D Aurogon :  uid = 10390 switch to BG
10-10 12:16:57.211  1902  2600 D isUidValid: uid = 10390
10-10 12:16:57.276  1902  1902 D MBrainLocalService: isVendorFreezeConditionPass is false
10-10 12:16:57.276  1902  1902 E MBrainLocalService: notifyAppSwitch failed
10-10 12:16:57.576  1902  1947 D HeapUsage Monitor: HeapAllocSize : 81MB; monitorSize : 500MB
10-10 12:16:58.751  1902  1938 I DisplayDeviceRepository: Display device changed: DisplayDeviceInfo{"Built-in Screen": uniqueId="local:4627039422300187648", 1080 x 2400, modeId 1, renderFrameRate 60.0, defaultModeId 2, supportedModes [{id=1, width=1080, height=2400, fps=60.0, alternativeRefreshRates=[30.000002, 90.0, 120.00001], supportedHdrTypes=[1, 2, 3, 4]}, {id=2, width=1080, height=2400, fps=120.00001, alternativeRefreshRates=[30.000002, 60.0, 90.0], supportedHdrTypes=[1, 2, 3, 4]}, {id=3, width=1080, height=2400, fps=90.0, alternativeRefreshRates=[30.000002, 60.0, 120.00001], supportedHdrTypes=[1, 2, 3, 4]}, {id=4, width=1080, height=2400, fps=30.000002, alternativeRefreshRates=[60.0, 90.0, 120.00001], supportedHdrTypes=[1, 2, 3, 4]}], colorMode 0, supportedColorModes [0, 7, 9], hdrCapabilities HdrCapabilities{mSupportedHdrTypes=[1, 2, 3, 4], mMaxLuminance=500.0, mMaxAverageLuminance=500.0, mMinLuminance=0.0}, allmSupported false, gameContentTypeSupported false, density 440, 394.409 x 394.409 dpi, appVsyncOff 2400001, presDeadline 28600000, cutout DisplayCutout{insets=Rect(0, 94 - 0, 0) waterfall=Insets{left=0, top=0, right=0, bottom=0} boundingRect={Bounds=[Rect(0, 0 - 0, 0), Rect(512, 0 - 568, 94), Rect(0, 0 - 0, 0), Rect(0, 0 - 0, 0)]} cutoutPathParserInfo={CutoutPathParserInfo{displayWidth=1080 displayHeight=2400 physicalDisplayWidth=1080 physicalDisplayHeight=2400 density={2.75} cutoutSpec={M 0,0 H -28 V 94 H 28 V 0 H 0 Z} rotation={0} scale={1.0} physicalPixelDisplaySizeRatio={1.0}}}}, touch INTERNAL, rotation 0, type INTERNAL, address {port=0, model=0x40368bd6e7ee6c}, deviceProductInfo DeviceProductInfo{name=MTKDEV, manufacturerPnpId=MTK, productId=35638, modelYear=null, manufactureDate=ManufactureDate{week=42, year=2021}, connectionToSinkType=0}, state ON, committedState ON, frameRateOverride , brightnessMinimum 0.0, brightnessMaximum 1.0, brightnessDefault 0.07496032, hdrSdrRatio NaN, roundedCorners RoundedCorners{[RoundedCorner{position=TopLeft, radius=70, center=Point(70, 70)}, RoundedCorner{position=TopRight, radius=70, center=Point(1010, 70)}, RoundedCorner{position=BottomRight, radius=70, center=Point(1010, 2330)}, RoundedCorner{position=BottomLeft, radius=70, center=Point(70, 2330)}]}, FLAG_ALLOWED_TO_BE_DEFAULT_DISPLAY, FLAG_ROTATES_WITH_CONTENT, FLAG_SECURE, FLAG_SUPPORTS_PROTECTED_BUFFERS, FLAG_TRUSTED, installOrientation 0, displayShape DisplayShape{ spec=-1893857183 displayWidth=1080 displayHeight=2400 physicalPixelDisplaySizeRatio=1.0 rotation=0 offsetX=0 offsetY=0 scale=1.0}}
10-10 12:16:58.753  1902  1938 D TAG     : Remove previously redundant display event 0/2 to 10321/6401
10-10 12:16:58.753  1902  1938 D TAG     : Remove previously redundant display event 0/2 to 10150/6423
10-10 12:16:58.753  1902  1938 D TAG     : Remove previously redundant display event 0/2 to 6101/17644
10-10 12:16:58.753  1902  1938 D TAG     : Remove previously redundant display event 0/2 to 10075/18053
10-10 12:16:58.753  1902  1938 D TAG     : Remove previously redundant display event 0/2 to 10097/18566
10-10 12:16:58.753  1902  1938 D TAG     : Remove previously redundant display event 0/2 to 10365/18910
10-10 12:16:58.753  1902  1938 D TAG     : Remove previously redundant display event 0/2 to 10132/21626
10-10 12:16:58.753  1902  1938 D TAG     : Remove previously redundant display event 0/2 to 10312/31305
10-10 12:16:58.896  1902 22715 W MIUIInput: Input event injection from package: null action ACTION_DOWN
10-10 12:16:58.899  1902  2612 I ProcessManager: getRenderThreadTidByPid, caller=1902
10-10 12:16:58.901  1902 22715 W MIUIInput: Input event injection from package: null action ACTION_UP
10-10 12:16:58.935  1902  1938 I DisplayDeviceRepository: Display device changed: DisplayDeviceInfo{"Built-in Screen": uniqueId="local:4627039422300187648", 1080 x 2400, modeId 2, renderFrameRate 120.00001, defaultModeId 2, supportedModes [{id=1, width=1080, height=2400, fps=60.0, alternativeRefreshRates=[30.000002, 90.0, 120.00001], supportedHdrTypes=[1, 2, 3, 4]}, {id=2, width=1080, height=2400, fps=120.00001, alternativeRefreshRates=[30.000002, 60.0, 90.0], supportedHdrTypes=[1, 2, 3, 4]}, {id=3, width=1080, height=2400, fps=90.0, alternativeRefreshRates=[30.000002, 60.0, 120.00001], supportedHdrTypes=[1, 2, 3, 4]}, {id=4, width=1080, height=2400, fps=30.000002, alternativeRefreshRates=[60.0, 90.0, 120.00001], supportedHdrTypes=[1, 2, 3, 4]}], colorMode 0, supportedColorModes [0, 7, 9], hdrCapabilities HdrCapabilities{mSupportedHdrTypes=[1, 2, 3, 4], mMaxLuminance=500.0, mMaxAverageLuminance=500.0, mMinLuminance=0.0}, allmSupported false, gameContentTypeSupported false, density 440, 394.409 x 394.409 dpi, appVsyncOff 1199999, presDeadline 14800000, cutout DisplayCutout{insets=Rect(0, 94 - 0, 0) waterfall=Insets{left=0, top=0, right=0, bottom=0} boundingRect={Bounds=[Rect(0, 0 - 0, 0), Rect(512, 0 - 568, 94), Rect(0, 0 - 0, 0), Rect(0, 0 - 0, 0)]} cutoutPathParserInfo={CutoutPathParserInfo{displayWidth=1080 displayHeight=2400 physicalDisplayWidth=1080 physicalDisplayHeight=2400 density={2.75} cutoutSpec={M 0,0 H -28 V 94 H 28 V 0 H 0 Z} rotation={0} scale={1.0} physicalPixelDisplaySizeRatio={1.0}}}}, touch INTERNAL, rotation 0, type INTERNAL, address {port=0, model=0x40368bd6e7ee6c}, deviceProductInfo DeviceProductInfo{name=MTKDEV, manufacturerPnpId=MTK, productId=35638, modelYear=null, manufactureDate=ManufactureDate{week=42, year=2021}, connectionToSinkType=0}, state ON, committedState ON, frameRateOverride , brightnessMinimum 0.0, brightnessMaximum 1.0, brightnessDefault 0.07496032, hdrSdrRatio NaN, roundedCorners RoundedCorners{[RoundedCorner{position=TopLeft, radius=70, center=Point(70, 70)}, RoundedCorner{position=TopRight, radius=70, center=Point(1010, 70)}, RoundedCorner{position=BottomRight, radius=70, center=Point(1010, 2330)}, RoundedCorner{position=BottomLeft, radius=70, center=Point(70, 2330)}]}, FLAG_ALLOWED_TO_BE_DEFAULT_DISPLAY, FLAG_ROTATES_WITH_CONTENT, FLAG_SECURE, FLAG_SUPPORTS_PROTECTED_BUFFERS, FLAG_TRUSTED, installOrientation 0, displayShape DisplayShape{ spec=-1893857183 displayWidth=1080 displayHeight=2400 physicalPixelDisplaySizeRatio=1.0 rotation=0 offsetX=0 offsetY=0 scale=1.0}}
10-10 12:16:58.938  1902  1938 D TAG     : Remove previously redundant display event 0/2 to 10321/6401
10-10 12:16:58.938  1902  1938 D TAG     : Remove previously redundant display event 0/2 to 10150/6423
10-10 12:16:58.938  1902  1938 D TAG     : Remove previously redundant display event 0/2 to 10390/10115
10-10 12:16:58.939  1902  1938 D TAG     : Remove previously redundant display event 0/2 to 6101/17644
10-10 12:16:58.939  1902  1938 D TAG     : Remove previously redundant display event 0/2 to 10075/18053
10-10 12:16:58.939  1902  1938 D TAG     : Remove previously redundant display event 0/2 to 10097/18566
10-10 12:16:58.939  1902  1938 D TAG     : Remove previously redundant display event 0/2 to 10365/18910
10-10 12:16:58.939  1902  1938 D TAG     : Remove previously redundant display event 0/2 to 10132/21626
10-10 12:16:58.942  1902  1938 D TAG     : Remove previously redundant display event 0/2 to 10312/31305
10-10 12:16:59.152  1902 23179 W MIUIInput: Input event injection from package: null action ACTION_DOWN
10-10 12:16:59.153  1902  2612 I ProcessManager: getRenderThreadTidByPid, caller=1902
10-10 12:16:59.157  1902 23179 W MIUIInput: Input event injection from package: null action ACTION_UP
10-10 12:16:59.291  1902  1917 D SchedBoost: com.android.chrome:sandboxed_process0:org.chromium.content.app.SandboxedProcessService0:12 boosting, skip reset priority
10-10 12:16:59.587  1556  1556 I wificond: station_bandwidth: 
10-10 12:17:00.003  1902  2336 D AlarmManager: mBroadcastRefCount -> 1
10-10 12:17:00.015  1902  1902 D AlarmManager: mBroadcastRefCount -> 0
10-10 12:17:00.015  1902  1902 D AlarmManager: mPendingIntent -> null
10-10 12:17:00.188  1902  2620 I SmartPower: eu.europa.ec.euidi/10390(10115): background->idle(3013ms) R(become background) adj=700.
10-10 12:17:00.389  1902  1917 W MIUIInput: Input event injection from package: null action ACTION_DOWN
10-10 12:17:00.393  1902  2612 I ProcessManager: getRenderThreadTidByPid, caller=1902
10-10 12:17:00.394  1902  1917 W MIUIInput: Input event injection from package: null action ACTION_UP
10-10 12:17:00.416  1902  1917 I InputMethodManagerService: IMMS.showSoftInput(), client = com.android.internal.inputmethod.IInputMethodClient$Stub$Proxy@ba7b2c8
10-10 12:17:00.416  1902  1917 I InputMethodManagerService: IMMS.showCurrentInputLocked(), flags = 0
10-10 12:17:00.417  1902  1917 D SmartPower: com.google.android.inputmethod.latin/10196(22721): show input method
10-10 12:17:00.417  1902  2303 W PackageConfigPersister: App-specific configuration not found for packageName: com.android.chrome and userId: 0
10-10 12:17:00.417  1902  1917 I SmartPower: com.google.android.inputmethod.latin/10196(22721): idle->visible(3384ms) R(show input method) adj=100.
10-10 12:17:00.417  1902  1917 I DefaultImeVisibilityApplier: IMMS.showCurrentInputLocked request ims to show inputMethod.
10-10 12:17:00.547  1902  2303 I InputMethodManagerService: IMMS.showSoftInput(), client = com.android.internal.inputmethod.IInputMethodClient$Stub$Proxy@fc0ba86
10-10 12:17:00.547  1902  2303 I InputMethodManagerService: IMMS.showCurrentInputLocked(), flags = 0
10-10 12:17:00.547  1902  2303 D SmartPower: com.google.android.inputmethod.latin/10196(22721): show input method
10-10 12:17:00.547  1902  2303 I DefaultImeVisibilityApplier: IMMS.showCurrentInputLocked request ims to show inputMethod.
10-10 12:17:00.583  1902  2303 I InputMethodManagerService: IMMS.applyImeVisibility(), setVisible = true, mCurclient = ClientState{c2e316e mUid=10190 mPid=4464 mSelfReportedDisplayId=0}
10-10 12:17:00.583  1902  2303 I WindowManager: WMS.showImePostLayout(), imeTarget = Window{565fe39 u0 com.android.chrome/org.chromium.chrome.browser.ChromeTabbedActivity}
10-10 12:17:00.586  1902 23179 D CoreBackPreview: Window{565fe39 u0 com.android.chrome/org.chromium.chrome.browser.ChromeTabbedActivity}: Setting back callback OnBackInvokedCallbackInfo{mCallback=android.window.IOnBackInvokedCallback$Stub$Proxy@7886f47, mPriority=0, mIsAnimationCallback=false}
10-10 12:17:00.591  2983  3075 D MiuiFreeformModeController: avoidForInsetsBottomChangedIfNeed oldMoveableBottom: 2270 newMoveableBounds: 2270
10-10 12:17:00.592  1902 23179 I WindowManager: Relayout Window{6a76de5 u0 InputMethod}: oldVis=8 newVis=0 focusMayChange = true requestedWidth = 1080 requestedHeight = 2306 outFrames = ClientWindowFrames{frame=[0,94][1080,2400] display=[0,94][1080,2400] parentFrame=[0,0][0,0]} outSurfaceControl = Surface(name=InputMethod#18010)/@0x352b8e3
10-10 12:17:00.601  2983  3075 D MiuiFreeformModeController: avoidForInsetsBottomChangedIfNeed oldMoveableBottom: 2270 newMoveableBounds: 2270
10-10 12:17:00.618  1902  1917 W WindowManager: finishDrawingWindow: Window{6a76de5 u0 InputMethod} mDrawState=DRAW_PENDING
10-10 12:17:00.618  1902  1917 D WindowManager: wms.finishDrawingLocked: mDrawState=COMMIT_DRAW_PENDING Window{6a76de5 u0 InputMethod} in Surface(name=InputMethod#18010)/@0x1ddf912
10-10 12:17:00.619  1902  2303 I InputMethodManagerService: IMMS.applyImeVisibility(), setVisible = true, mCurclient = ClientState{c2e316e mUid=10190 mPid=4464 mSelfReportedDisplayId=0}
10-10 12:17:00.621  1902  1939 I ImeInsetsSourceProvider: ImeInsetsSourceProvider.scheduleShowImePostLayout() Run showImeRunner.
10-10 12:17:00.621  1902  1939 I ImeInsetsSourceProvider: ImeInsetsSourceProvider.scheduleShowImePostLayout() isReadyToShowIme.
10-10 12:17:00.623  1902  2303 I WindowManager: WMS.showImePostLayout(), imeTarget = Window{565fe39 u0 com.android.chrome/org.chromium.chrome.browser.ChromeTabbedActivity}
10-10 12:17:00.624  1902 23161 I WindowManager: cancelAnimation removed leash : Surface(name=Surface(name=db27a2 NavigationBar0#82)/@0xc1acbf0 - animation-leash of insets_animation#17999)/@0x3e83c7f
10-10 12:17:00.626  1902  1938 I WindowManager: input method visible height changed 701
10-10 12:17:00.626  1902  2338 I ITouchFeature: current device and process support version:2
10-10 12:17:00.627  1902  1938 W WindowManager: real show surface:Surface(name=InputMethod#18010)/@0x1ddf912
10-10 12:17:00.627  1902  1938 I ImeInsetsSourceProvider: ImeInsetsSourceProvider.scheduleShowImePostLayout() Run showImeRunner.
10-10 12:17:00.627  1902  1938 I ImeInsetsSourceProvider: ImeInsetsSourceProvider.scheduleShowImePostLayout() isReadyToShowIme.
10-10 12:17:00.627  2983  3075 D MiuiFreeformModeController: avoidForInsetsBottomChangedIfNeed oldMoveableBottom: 2270 newMoveableBounds: 2270
10-10 12:17:00.627  2983  3075 D ImePositionProcessor: onImeVisibilityChanged     isShowing:  true
10-10 12:17:00.629  2983  3075 D MiuiFreeformModeController: onImeVisibilityChanged imeVisible: true imeHeight: 701 adjustedForRotation:false
10-10 12:17:00.629  2983  3075 D MiuiFreeformModeAvoidAlgorithm: begin autoOrderingAvoidMiniTask
10-10 12:17:00.629  2983  3075 D MiuiFreeformModeAvoidAlgorithm: getCurrMiniPos: SameSideMiniPosList: []
10-10 12:17:00.629  2983  3075 D MiuiFreeformModeAvoidAlgorithm: getCurrMiniPos: SameSideMiniPosList: []
10-10 12:17:00.629  2983  3075 D MiuiFreeformModeAvoidAlgorithm: end autoOrderingAvoidMiniTask res:AvoidResult{distance=0, combination={}, activeTaskPos=Rect(0, 0 - 0, 0)}
10-10 12:17:00.644  2983  3075 D OneHandedController: stopOneHanded state is 0
10-10 12:17:00.716  1902  2303 D WindowManagerService: checkFlipFullScreenChange is same, nowIsFullScreen = false
10-10 12:17:00.742  1902  2303 D WindowManagerService: checkFlipFullScreenChange is same, nowIsFullScreen = false
10-10 12:17:00.884  1902  3317 W MIUIInput: Input event injection from package: null action ACTION_DOWN
10-10 12:17:00.887  1902  2612 I ProcessManager: getRenderThreadTidByPid, caller=1902
10-10 12:17:00.887  1902  3317 W MIUIInput: Input event injection from package: null action ACTION_UP
10-10 12:17:00.910  1902  3317 I InputMethodManagerService: IMMS.applyImeVisibility(), setVisible = false, mCurclient = ClientState{c2e316e mUid=10190 mPid=4464 mSelfReportedDisplayId=0}
10-10 12:17:00.918  2983  3075 D MiuiFreeformModeController: avoidForInsetsBottomChangedIfNeed oldMoveableBottom: 2270 newMoveableBounds: 2270
10-10 12:17:00.918  2983  3075 D ImePositionProcessor: onImeVisibilityChanged     isShowing:  false
10-10 12:17:00.918  1902 23161 W PackageConfigPersister: App-specific configuration not found for packageName: com.android.chrome and userId: 0
10-10 12:17:00.918  1902  1917 D PerfShielderService: com.android.chrome|com.android.chrome/org.chromium.chrome.browser.ChromeTabbedActivity|142|114857937771307|124|0|2
10-10 12:17:00.919 22071 22103 W MiuiPerfServiceClient: interceptAndQueuing:4464|com.android.chrome|142|124|114857937771307|Slow main thread|2
10-10 12:17:00.922  1902  3317 D CoreBackPreview: Window{565fe39 u0 com.android.chrome/org.chromium.chrome.browser.ChromeTabbedActivity}: Setting back callback OnBackInvokedCallbackInfo{mCallback=android.window.IOnBackInvokedCallback$Stub$Proxy@4237d0c, mPriority=0, mIsAnimationCallback=true}
10-10 12:17:00.923  1902  1938 I WindowManager: input method visible height changed 0
10-10 12:17:00.923  1902  2338 I ITouchFeature: current device and process support version:2
10-10 12:17:00.925  2983  3075 D MiuiFreeformModeController: onImeVisibilityChanged imeVisible: false imeHeight: 0 adjustedForRotation:false
10-10 12:17:00.925  2983  3075 D MiuiFreeformModeAvoidAlgorithm: begin autoOrderingAvoidMiniTask
10-10 12:17:00.925  2983  3075 D MiuiFreeformModeAvoidAlgorithm: getCurrMiniPos: SameSideMiniPosList: []
10-10 12:17:00.925  2983  3075 D MiuiFreeformModeAvoidAlgorithm: getCurrMiniPos: SameSideMiniPosList: []
10-10 12:17:00.925  2983  3075 D MiuiFreeformModeAvoidAlgorithm: end autoOrderingAvoidMiniTask res:AvoidResult{distance=0, combination={}, activeTaskPos=Rect(0, 0 - 0, 0)}
10-10 12:17:01.191  1902  3317 W MIUIInput: Input event injection from package: null action ACTION_DOWN
10-10 12:17:01.194  1902  2612 I ProcessManager: getRenderThreadTidByPid, caller=1902
10-10 12:17:01.195  1902  3317 W MIUIInput: Input event injection from package: null action ACTION_UP
10-10 12:17:01.207  1902 23259 I InputMethodManagerService: IMMS.showSoftInput(), client = com.android.internal.inputmethod.IInputMethodClient$Stub$Proxy@e115df8
10-10 12:17:01.207  1902 23259 I InputMethodManagerService: IMMS.showCurrentInputLocked(), flags = 0
10-10 12:17:01.207  1902 23259 D SmartPower: com.google.android.inputmethod.latin/10196(22721): show input method
10-10 12:17:01.208  1902 23259 I DefaultImeVisibilityApplier: IMMS.showCurrentInputLocked request ims to show inputMethod.
10-10 12:17:01.208  1902  3317 W PackageConfigPersister: App-specific configuration not found for packageName: com.android.chrome and userId: 0
10-10 12:17:01.266  1902  3317 I InputMethodManagerService: IMMS.showSoftInput(), client = com.android.internal.inputmethod.IInputMethodClient$Stub$Proxy@272d136
10-10 12:17:01.266  1902  3317 I InputMethodManagerService: IMMS.showCurrentInputLocked(), flags = 0
10-10 12:17:01.266  1902  3317 D SmartPower: com.google.android.inputmethod.latin/10196(22721): show input method
10-10 12:17:01.266  1902  3317 I DefaultImeVisibilityApplier: IMMS.showCurrentInputLocked request ims to show inputMethod.
10-10 12:17:01.285  1902  3317 I InputMethodManagerService: IMMS.applyImeVisibility(), setVisible = true, mCurclient = ClientState{c2e316e mUid=10190 mPid=4464 mSelfReportedDisplayId=0}
10-10 12:17:01.285  1902  3317 I WindowManager: WMS.showImePostLayout(), imeTarget = Window{565fe39 u0 com.android.chrome/org.chromium.chrome.browser.ChromeTabbedActivity}
10-10 12:17:01.287  1902  1939 I ImeInsetsSourceProvider: ImeInsetsSourceProvider.scheduleShowImePostLayout() Run showImeRunner.
10-10 12:17:01.287  1902  1939 I ImeInsetsSourceProvider: ImeInsetsSourceProvider.scheduleShowImePostLayout() isReadyToShowIme.
10-10 12:17:01.288  1902  2303 D CoreBackPreview: Window{565fe39 u0 com.android.chrome/org.chromium.chrome.browser.ChromeTabbedActivity}: Setting back callback OnBackInvokedCallbackInfo{mCallback=android.window.IOnBackInvokedCallback$Stub$Proxy@c65b837, mPriority=0, mIsAnimationCallback=false}
10-10 12:17:01.296  1902  2697 I InputMethodManagerService: IMMS.applyImeVisibility(), setVisible = true, mCurclient = ClientState{c2e316e mUid=10190 mPid=4464 mSelfReportedDisplayId=0}
10-10 12:17:01.297  1902  2303 I WindowManager: cancelAnimation removed leash : Surface(name=Surface(name=db27a2 NavigationBar0#82)/@0xc1acbf0 - animation-leash of insets_animation#18011)/@0x7ee003f
10-10 12:17:01.297  1902  1917 I WindowManager: input method visible height changed 701
10-10 12:17:01.297  1902  2338 I ITouchFeature: current device and process support version:2
10-10 12:17:01.299  2983  3075 D MiuiFreeformModeController: avoidForInsetsBottomChangedIfNeed oldMoveableBottom: 2270 newMoveableBounds: 2270
10-10 12:17:01.300  2983  3075 D ImePositionProcessor: onImeVisibilityChanged     isShowing:  true
10-10 12:17:01.302  1902  2697 I WindowManager: WMS.showImePostLayout(), imeTarget = Window{565fe39 u0 com.android.chrome/org.chromium.chrome.browser.ChromeTabbedActivity}
10-10 12:17:01.302  2983  3075 D MiuiFreeformModeController: onImeVisibilityChanged imeVisible: true imeHeight: 701 adjustedForRotation:false
10-10 12:17:01.302  2983  3075 D MiuiFreeformModeAvoidAlgorithm: begin autoOrderingAvoidMiniTask
10-10 12:17:01.302  2983  3075 D MiuiFreeformModeAvoidAlgorithm: getCurrMiniPos: SameSideMiniPosList: []
10-10 12:17:01.302  2983  3075 D MiuiFreeformModeAvoidAlgorithm: getCurrMiniPos: SameSideMiniPosList: []
10-10 12:17:01.302  2983  3075 D MiuiFreeformModeAvoidAlgorithm: end autoOrderingAvoidMiniTask res:AvoidResult{distance=0, combination={}, activeTaskPos=Rect(0, 0 - 0, 0)}
10-10 12:17:01.304  1902  1938 I ImeInsetsSourceProvider: ImeInsetsSourceProvider.scheduleShowImePostLayout() Run showImeRunner.
10-10 12:17:01.304  1902  1938 I ImeInsetsSourceProvider: ImeInsetsSourceProvider.scheduleShowImePostLayout() isReadyToShowIme.
10-10 12:17:01.333  2983  3075 D OneHandedController: stopOneHanded state is 0
10-10 12:17:01.539  1902 23161 D WindowManagerService: checkFlipFullScreenChange is same, nowIsFullScreen = false
10-10 12:17:01.580  1902 23161 D WindowManagerService: checkFlipFullScreenChange is same, nowIsFullScreen = false
10-10 12:17:01.818  1902  1917 W MIUIInput: Input event injection from package: null action ACTION_DOWN
10-10 12:17:01.822  1902  2612 I ProcessManager: getRenderThreadTidByPid, caller=1902
10-10 12:17:01.823  1902  1917 W MIUIInput: Input event injection from package: null action ACTION_UP
10-10 12:17:01.851  1902  1917 I InputMethodManagerService: IMMS.applyImeVisibility(), setVisible = false, mCurclient = ClientState{c2e316e mUid=10190 mPid=4464 mSelfReportedDisplayId=0}
10-10 12:17:01.854  1902  3317 W PackageConfigPersister: App-specific configuration not found for packageName: com.android.chrome and userId: 0
10-10 12:17:01.865  1902  3317 D PerfShielderService: com.google.android.inputmethod.latin|InputMethod|79|114858685266461|79|0|1
10-10 12:17:01.865 22071 22103 W MiuiPerfServiceClient: interceptAndQueuing:22721|com.google.android.inputmethod.latin|79|79|114858685266461|Slow main thread|1
10-10 12:17:01.883  1902  3317 W WindowManager: Changing focus from Window{565fe39 u0 com.android.chrome/org.chromium.chrome.browser.ChromeTabbedActivity} to Window{6edfb09 u0 com.android.chrome/org.chromium.chrome.browser.ChromeTabbedActivity} displayId=0 Callers=com.android.server.wm.RootWindowContainer.updateFocusedWindowLocked:557 com.android.server.wm.WindowManagerService.updateFocusedWindowLocked:6962 com.android.server.wm.WindowManagerService.addWindow:2218 com.android.server.wm.Session.addToDisplayAsUser:231 
10-10 12:17:01.883  1902  3317 I WindowManager: cancelAnimation removed leash : Surface(name=Surface(name=81266ae StatusBar#86)/@0xb48dfdc - animation-leash of insets_animation#17998)/@0xd6cbd9
10-10 12:17:01.886  1902  3317 D WindowManager: wms.Input focus has changed to Window{6edfb09 u0 com.android.chrome/org.chromium.chrome.browser.ChromeTabbedActivity} display=0 updateInputWindows = false
10-10 12:17:01.886  1902  3317 I MultiSenceManagerInternalStub: getInstance
10-10 12:17:01.889  1902  1939 D WindowManager: wms.Focus not requested for window=Window{6edfb09 u0 com.android.chrome/org.chromium.chrome.browser.ChromeTabbedActivity} because it has no surface or is not focusable.
10-10 12:17:01.902  1902  3317 D CoreBackPreview: Window{6edfb09 u0 com.android.chrome/org.chromium.chrome.browser.ChromeTabbedActivity}: Setting back callback OnBackInvokedCallbackInfo{mCallback=android.window.IOnBackInvokedCallback$Stub$Proxy@6a4574b, mPriority=-1, mIsAnimationCallback=false}
10-10 12:17:01.944  1902  3317 W WindowManager: finishDrawingWindow: Window{6edfb09 u0 com.android.chrome/org.chromium.chrome.browser.ChromeTabbedActivity} mDrawState=DRAW_PENDING
10-10 12:17:01.944  1902  3317 D WindowManager: wms.finishDrawingLocked: mDrawState=COMMIT_DRAW_PENDING Window{6edfb09 u0 com.android.chrome/org.chromium.chrome.browser.ChromeTabbedActivity} in Surface(name=com.android.chrome/org.chromium.chrome.browser.ChromeTabbedActivity#18014)/@0x8eff3e6
10-10 12:17:01.945  2983  3075 D MiuiFreeformModeController: avoidForInsetsBottomChangedIfNeed oldMoveableBottom: 2270 newMoveableBounds: 2270
10-10 12:17:01.945  2983  3075 D ImePositionProcessor: onImeVisibilityChanged     isShowing:  false
10-10 12:17:01.952  1902  1939 I WindowManager: input method visible height changed 0
10-10 12:17:01.952  1902  2338 I ITouchFeature: current device and process support version:2
10-10 12:17:01.959  1902  1939 W WindowManager: real show surface:Surface(name=com.android.chrome/org.chromium.chrome.browser.ChromeTabbedActivity#18014)/@0x8eff3e6
10-10 12:17:01.964  1902  3317 D CoreBackPreview: Window{565fe39 u0 com.android.chrome/org.chromium.chrome.browser.ChromeTabbedActivity}: Setting back callback OnBackInvokedCallbackInfo{mCallback=android.window.IOnBackInvokedCallback$Stub$Proxy@b708a1f, mPriority=0, mIsAnimationCallback=true}
10-10 12:17:01.964  2983  3075 D MiuiFreeformModeController: onImeVisibilityChanged imeVisible: false imeHeight: 0 adjustedForRotation:false
10-10 12:17:01.964  2983  3075 D MiuiFreeformModeAvoidAlgorithm: begin autoOrderingAvoidMiniTask
10-10 12:17:01.964  2983  3075 D MiuiFreeformModeAvoidAlgorithm: getCurrMiniPos: SameSideMiniPosList: []
10-10 12:17:01.964  2983  3075 D MiuiFreeformModeAvoidAlgorithm: getCurrMiniPos: SameSideMiniPosList: []
10-10 12:17:01.964  2983  3075 D MiuiFreeformModeAvoidAlgorithm: end autoOrderingAvoidMiniTask res:AvoidResult{distance=0, combination={}, activeTaskPos=Rect(0, 0 - 0, 0)}
10-10 12:17:02.059  1902  1958 I ExtM    : zram userate is low, no need to flush: 28
10-10 12:17:02.487  1902 23161 I SmartPower: com.google.android.inputmethod.latin/10196(22721): visible->invisible(2071ms) R(become invisible) adj=100.
10-10 12:17:02.488  1902 23161 I SmartPower: com.google.android.inputmethod.latin/10196(22721): invisible->background(0ms) R(become background) adj=100.
10-10 12:17:02.494  2983  3075 D MiuiFreeformModeController: avoidForInsetsBottomChangedIfNeed oldMoveableBottom: 2270 newMoveableBounds: 2270
10-10 12:17:02.515  2983  3075 D MiuiFreeformModeController: avoidForInsetsBottomChangedIfNeed oldMoveableBottom: 2270 newMoveableBounds: 2270
10-10 12:17:02.616  1556  1556 I wificond: station_bandwidth: 
10-10 12:17:02.803  1902 23161 W MIUIInput: Input event injection from package: null action ACTION_DOWN
10-10 12:17:02.806  1902  2612 I ProcessManager: getRenderThreadTidByPid, caller=1902
10-10 12:17:02.809  1902 23161 W MIUIInput: Input event injection from package: null action ACTION_UP
10-10 12:17:02.826  1902 23259 D CoreBackPreview: Window{6edfb09 u0 com.android.chrome/org.chromium.chrome.browser.ChromeTabbedActivity}: Setting back callback null
