10-13 12:08:54.369  1902  2697 I InputMethodManagerService: IMMS.showCurrentInputLocked(), flags = 1
10-13 12:08:54.369  1902  2697 D SmartPower: com.google.android.inputmethod.latin/10196(22721): show input method
10-13 12:08:54.370  1902  2697 I DefaultImeVisibilityApplier: IMMS.showCurrentInputLocked request ims to show inputMethod.
10-13 12:08:54.371  1902  2304 W PackageConfigPersister: App-specific configuration not found for packageName: eu.europa.ec.euidi and userId: 0
10-13 12:08:54.376  1902  2304 I InputMethodManagerService: IMMS.showSoftInput(), client = com.android.internal.inputmethod.IInputMethodClient$Stub$Proxy@8820ab0
10-13 12:08:54.376  1902  2304 I InputMethodManagerService: IMMS.showCurrentInputLocked(), flags = 0
10-13 12:08:54.376  1902  2304 D SmartPower: com.google.android.inputmethod.latin/10196(22721): show input method
10-13 12:08:54.377  1902  2304 I DefaultImeVisibilityApplier: IMMS.showCurrentInputLocked request ims to show inputMethod.
10-13 12:08:54.387  1902  2304 I InputMethodManagerService: IMMS.applyImeVisibility(), setVisible = true, mCurclient = ClientState{b00154a mUid=10390 mPid=16633 mSelfReportedDisplayId=0}
10-13 12:08:54.387  1902  2304 I WindowManager: WMS.showImePostLayout(), imeTarget = Window{1e72ab6 u0 eu.europa.ec.euidi/eu.europa.ec.assemblylogic.ui.MainActivity}
10-13 12:08:54.389  1902  1939 I ImeInsetsSourceProvider: ImeInsetsSourceProvider.scheduleShowImePostLayout() Run showImeRunner.
10-13 12:08:54.389  1902  1939 I ImeInsetsSourceProvider: ImeInsetsSourceProvider.scheduleShowImePostLayout() isReadyToShowIme.
10-13 12:08:54.392  1902 23267 I InputMethodManagerService: IMMS.applyImeVisibility(), setVisible = true, mCurclient = ClientState{b00154a mUid=10390 mPid=16633 mSelfReportedDisplayId=0}
10-13 12:08:54.393  1902 23267 I WindowManager: WMS.showImePostLayout(), imeTarget = Window{1e72ab6 u0 eu.europa.ec.euidi/eu.europa.ec.assemblylogic.ui.MainActivity}
10-13 12:08:54.394  1902  1939 I ImeInsetsSourceProvider: ImeInsetsSourceProvider.scheduleShowImePostLayout() Run showImeRunner.
10-13 12:08:54.394  1902  1939 I ImeInsetsSourceProvider: ImeInsetsSourceProvider.scheduleShowImePostLayout() isReadyToShowIme.
10-13 12:08:54.395  2983  3075 D OneHandedController: stopOneHanded state is 0
10-13 12:08:54.397  2983  3075 D OneHandedController: stopOneHanded state is 0
10-13 12:08:55.030  1902  2304 D WindowManagerService: checkFlipFullScreenChange is same, nowIsFullScreen = false
10-13 12:08:55.040  1902  2304 I InputMethodManagerService: IMMS.showCurrentInputLocked(), flags = 1
10-13 12:08:55.041  1902  2304 D SmartPower: com.google.android.inputmethod.latin/10196(22721): show input method
10-13 12:08:55.041  1902  2304 I DefaultImeVisibilityApplier: IMMS.showCurrentInputLocked request ims to show inputMethod.
10-13 12:08:55.043  1902 23267 W PackageConfigPersister: App-specific configuration not found for packageName: eu.europa.ec.euidi and userId: 0
10-13 12:08:55.052  1902 23267 I InputMethodManagerService: IMMS.showSoftInput(), client = com.android.internal.inputmethod.IInputMethodClient$Stub$Proxy@58a2e5
10-13 12:08:55.052  1902 23267 I InputMethodManagerService: IMMS.showCurrentInputLocked(), flags = 0
10-13 12:08:55.053  1902 23267 D SmartPower: com.google.android.inputmethod.latin/10196(22721): show input method
10-13 12:08:55.053  1902 23267 I DefaultImeVisibilityApplier: IMMS.showCurrentInputLocked request ims to show inputMethod.
10-13 12:08:55.070  1902 23259 I InputMethodManagerService: IMMS.applyImeVisibility(), setVisible = true, mCurclient = ClientState{b00154a mUid=10390 mPid=16633 mSelfReportedDisplayId=0}
10-13 12:08:55.070  1902 23259 I WindowManager: WMS.showImePostLayout(), imeTarget = Window{1e72ab6 u0 eu.europa.ec.euidi/eu.europa.ec.assemblylogic.ui.MainActivity}
10-13 12:08:55.072  1902  1939 I ImeInsetsSourceProvider: ImeInsetsSourceProvider.scheduleShowImePostLayout() Run showImeRunner.
10-13 12:08:55.072  1902  1939 I ImeInsetsSourceProvider: ImeInsetsSourceProvider.scheduleShowImePostLayout() isReadyToShowIme.
10-13 12:08:55.075  2983  3075 D OneHandedController: stopOneHanded state is 0
10-13 12:08:55.077  1902  2304 I SmartPower: com.google.android.gms/10175(13430): idle->background(2308ms) R(service start com.google.android.gms/.chimera.GmsBoundBrokerService) adj=0.
10-13 12:08:55.078  1902  2697 I InputMethodManagerService: IMMS.applyImeVisibility(), setVisible = true, mCurclient = ClientState{b00154a mUid=10390 mPid=16633 mSelfReportedDisplayId=0}
10-13 12:08:55.078  1902  2697 I WindowManager: WMS.showImePostLayout(), imeTarget = Window{1e72ab6 u0 eu.europa.ec.euidi/eu.europa.ec.assemblylogic.ui.MainActivity}
10-13 12:08:55.080  1902  1939 I ImeInsetsSourceProvider: ImeInsetsSourceProvider.scheduleShowImePostLayout() Run showImeRunner.
10-13 12:08:55.080  1902  1939 I ImeInsetsSourceProvider: ImeInsetsSourceProvider.scheduleShowImePostLayout() isReadyToShowIme.
10-13 12:08:55.083  2983  3075 D OneHandedController: stopOneHanded state is 0
10-13 12:08:55.858  1902  2697 D WindowManagerService: checkFlipFullScreenChange is same, nowIsFullScreen = false
10-13 12:08:55.863  1556  1556 I wificond: station_bandwidth: 
10-13 12:08:55.874  1902  2697 I InputMethodManagerService: IMMS.showCurrentInputLocked(), flags = 1
10-13 12:08:55.874  1902  2697 D SmartPower: com.google.android.inputmethod.latin/10196(22721): show input method
10-13 12:08:55.874  1902  2697 I DefaultImeVisibilityApplier: IMMS.showCurrentInputLocked request ims to show inputMethod.
10-13 12:08:55.877  1902  2697 W PackageConfigPersister: App-specific configuration not found for packageName: eu.europa.ec.euidi and userId: 0
10-13 12:08:55.892  1902 23267 I InputMethodManagerService: IMMS.showSoftInput(), client = com.android.internal.inputmethod.IInputMethodClient$Stub$Proxy@99ecf86
10-13 12:08:55.892  1902 23267 I InputMethodManagerService: IMMS.showCurrentInputLocked(), flags = 0
10-13 12:08:55.892  1902 23267 D SmartPower: com.google.android.inputmethod.latin/10196(22721): show input method
10-13 12:08:55.892  1902 23267 I DefaultImeVisibilityApplier: IMMS.showCurrentInputLocked request ims to show inputMethod.
10-13 12:08:55.908  1902 23267 I InputMethodManagerService: IMMS.applyImeVisibility(), setVisible = true, mCurclient = ClientState{b00154a mUid=10390 mPid=16633 mSelfReportedDisplayId=0}
10-13 12:08:55.908  1902 23267 I WindowManager: WMS.showImePostLayout(), imeTarget = Window{1e72ab6 u0 eu.europa.ec.euidi/eu.europa.ec.assemblylogic.ui.MainActivity}
10-13 12:08:55.909  1902  1939 I ImeInsetsSourceProvider: ImeInsetsSourceProvider.scheduleShowImePostLayout() Run showImeRunner.
10-13 12:08:55.909  1902  1939 I ImeInsetsSourceProvider: ImeInsetsSourceProvider.scheduleShowImePostLayout() isReadyToShowIme.
10-13 12:08:55.912  2983  3075 D OneHandedController: stopOneHanded state is 0
10-13 12:08:55.915  1902  2697 I InputMethodManagerService: IMMS.applyImeVisibility(), setVisible = true, mCurclient = ClientState{b00154a mUid=10390 mPid=16633 mSelfReportedDisplayId=0}
10-13 12:08:55.916  1902  2697 I WindowManager: WMS.showImePostLayout(), imeTarget = Window{1e72ab6 u0 eu.europa.ec.euidi/eu.europa.ec.assemblylogic.ui.MainActivity}
10-13 12:08:55.917  1902  1939 I ImeInsetsSourceProvider: ImeInsetsSourceProvider.scheduleShowImePostLayout() Run showImeRunner.
10-13 12:08:55.917  1902  1939 I ImeInsetsSourceProvider: ImeInsetsSourceProvider.scheduleShowImePostLayout() isReadyToShowIme.
10-13 12:08:55.921  2983  3075 D OneHandedController: stopOneHanded state is 0
10-13 12:08:56.555  1902 15926 D WindowManagerService: checkFlipFullScreenChange is same, nowIsFullScreen = false
10-13 12:08:56.570  1902 23267 I InputMethodManagerService: IMMS.showCurrentInputLocked(), flags = 1
10-13 12:08:56.570  1902 23267 D SmartPower: com.google.android.inputmethod.latin/10196(22721): show input method
10-13 12:08:56.570  1902 23267 I DefaultImeVisibilityApplier: IMMS.showCurrentInputLocked request ims to show inputMethod.
10-13 12:08:56.573  1902 15926 W PackageConfigPersister: App-specific configuration not found for packageName: eu.europa.ec.euidi and userId: 0
10-13 12:08:56.584  1902 23267 I InputMethodManagerService: IMMS.showSoftInput(), client = com.android.internal.inputmethod.IInputMethodClient$Stub$Proxy@825b9e3
10-13 12:08:56.585  1902 23267 I InputMethodManagerService: IMMS.showCurrentInputLocked(), flags = 0
10-13 12:08:56.585  1902 23267 D SmartPower: com.google.android.inputmethod.latin/10196(22721): show input method
10-13 12:08:56.585  1902 23267 I DefaultImeVisibilityApplier: IMMS.showCurrentInputLocked request ims to show inputMethod.
10-13 12:08:56.606  1902 23267 I InputMethodManagerService: IMMS.applyImeVisibility(), setVisible = true, mCurclient = ClientState{b00154a mUid=10390 mPid=16633 mSelfReportedDisplayId=0}
10-13 12:08:56.606  1902 23267 I WindowManager: WMS.showImePostLayout(), imeTarget = Window{1e72ab6 u0 eu.europa.ec.euidi/eu.europa.ec.assemblylogic.ui.MainActivity}
10-13 12:08:56.607  1902  1939 I ImeInsetsSourceProvider: ImeInsetsSourceProvider.scheduleShowImePostLayout() Run showImeRunner.
10-13 12:08:56.607  1902  1939 I ImeInsetsSourceProvider: ImeInsetsSourceProvider.scheduleShowImePostLayout() isReadyToShowIme.
10-13 12:08:56.610  2983  3075 D OneHandedController: stopOneHanded state is 0
10-13 12:08:56.614  1902 15926 I InputMethodManagerService: IMMS.applyImeVisibility(), setVisible = true, mCurclient = ClientState{b00154a mUid=10390 mPid=16633 mSelfReportedDisplayId=0}
10-13 12:08:56.614  1902 15926 I WindowManager: WMS.showImePostLayout(), imeTarget = Window{1e72ab6 u0 eu.europa.ec.euidi/eu.europa.ec.assemblylogic.ui.MainActivity}
10-13 12:08:56.616  1902  1939 I ImeInsetsSourceProvider: ImeInsetsSourceProvider.scheduleShowImePostLayout() Run showImeRunner.
10-13 12:08:56.616  1902  1939 I ImeInsetsSourceProvider: ImeInsetsSourceProvider.scheduleShowImePostLayout() isReadyToShowIme.
10-13 12:08:56.617  2983  3075 D OneHandedController: stopOneHanded state is 0
10-13 12:08:57.243  1902 23267 D WindowManagerService: checkFlipFullScreenChange is same, nowIsFullScreen = false
10-13 12:08:57.452  1902  2304 W MIUIInput: Input event injection from package: null action ACTION_DOWN
10-13 12:08:57.456  1902  2304 W MIUIInput: Input event injection from package: null action ACTION_UP
10-13 12:08:57.577  1902 15926 I InputMethodManagerService: IMMS.applyImeVisibility(), setVisible = false, mCurclient = ClientState{b00154a mUid=10390 mPid=16633 mSelfReportedDisplayId=0}
10-13 12:08:57.579  2983  3075 D MiuiFreeformModeController: avoidForInsetsBottomChangedIfNeed oldMoveableBottom: 2270 newMoveableBounds: 2270
10-13 12:08:57.579  2983  3075 D ImePositionProcessor: onImeVisibilityChanged     isShowing:  false
10-13 12:08:57.582  1902  1939 I WindowManager: input method visible height changed 0
10-13 12:08:57.582  1902  2338 I ITouchFeature: current device and process support version:2
10-13 12:08:57.587  2983  3075 D MiuiFreeformModeController: onImeVisibilityChanged imeVisible: false imeHeight: 0 adjustedForRotation:false
10-13 12:08:57.587  2983  3075 D MiuiFreeformModeAvoidAlgorithm: begin autoOrderingAvoidMiniTask
10-13 12:08:57.587  2983  3075 D MiuiFreeformModeAvoidAlgorithm: getCurrMiniPos: SameSideMiniPosList: []
10-13 12:08:57.587  2983  3075 D MiuiFreeformModeAvoidAlgorithm: getCurrMiniPos: SameSideMiniPosList: []
10-13 12:08:57.587  2983  3075 D MiuiFreeformModeAvoidAlgorithm: end autoOrderingAvoidMiniTask res:AvoidResult{distance=0, combination={}, activeTaskPos=Rect(0, 0 - 0, 0)}
10-13 12:08:57.595  1902 23161 W PackageConfigPersister: App-specific configuration not found for packageName: eu.europa.ec.euidi and userId: 0
10-13 12:08:57.601  1902 23161 D CoreBackPreview: Window{1e72ab6 u0 eu.europa.ec.euidi/eu.europa.ec.assemblylogic.ui.MainActivity}: Setting back callback OnBackInvokedCallbackInfo{mCallback=android.window.IOnBackInvokedCallback$Stub$Proxy@9110f55, mPriority=0, mIsAnimationCallback=false}
10-13 12:08:58.079  1902  2620 I SmartPower: com.google.android.gms/10175(13430): background->idle(3003ms) R(service start com.google.android.gms/.chimera.GmsBoundBrokerService) adj=250.
10-13 12:08:58.113  1902 23161 I SmartPower: com.google.android.inputmethod.latin/10196(22721): visible->invisible(9904ms) R(become invisible) adj=100.
10-13 12:08:58.113  1902 23161 I SmartPower: com.google.android.inputmethod.latin/10196(22721): invisible->background(0ms) R(become background) adj=100.
10-13 12:08:58.114  1902  2620 I SmartPower: com.google.android.gms/10175(13430): idle->background(34ms) R(add to whitelist) adj=250.
10-13 12:08:58.117  2983  3075 D MiuiFreeformModeController: avoidForInsetsBottomChangedIfNeed oldMoveableBottom: 2270 newMoveableBounds: 2270
10-13 12:08:58.127  2983  3075 D MiuiFreeformModeController: avoidForInsetsBottomChangedIfNeed oldMoveableBottom: 2270 newMoveableBounds: 2270
10-13 12:08:58.426  1902  2304 W MIUIInput: Input event injection from package: null action ACTION_DOWN
10-13 12:08:58.431  1902  2304 W MIUIInput: Input event injection from package: null action ACTION_UP
10-13 12:08:58.454  1902  2304 D CompatibilityChangeReporter: Compat change id reported: 161145287; UID 10390; state: ENABLED
10-13 12:08:58.881  1556  1556 I wificond: station_bandwidth: 
10-13 12:08:59.881  1902 23161 W MIUIInput: Input event injection from package: null action ACTION_DOWN
10-13 12:08:59.886  1902 23161 W MIUIInput: Input event injection from package: null action ACTION_UP
10-13 12:09:00.003  1902  2336 D AlarmManager: mBroadcastRefCount -> 1
10-13 12:09:00.007  1902  1902 D AlarmManager: mBroadcastRefCount -> 0
10-13 12:09:00.007  1902  1902 D AlarmManager: mPendingIntent -> null
10-13 12:09:00.967  1902 23161 D CompatibilityChangeReporter: Compat change id reported: 265464455; UID 10190; state: DISABLED
10-13 12:09:00.968  1902 23161 D CompatibilityChangeReporter: Compat change id reported: 265452344; UID 10190; state: DISABLED
10-13 12:09:00.968  1902 23161 D CompatibilityChangeReporter: Compat change id reported: 266124927; UID 10190; state: DISABLED
10-13 12:09:00.969  1902 23161 D CompatibilityChangeReporter: Compat change id reported: 265451093; UID 10190; state: DISABLED
10-13 12:09:00.969  1902 23161 D CompatibilityChangeReporter: Compat change id reported: 265456536; UID 10190; state: DISABLED
10-13 12:09:00.970  1902 23161 D CompatibilityChangeReporter: Compat change id reported: 255940284; UID 10190; state: DISABLED
10-13 12:09:00.970  1902 23161 D CompatibilityChangeReporter: Compat change id reported: 236283604; UID 10190; state: DISABLED
10-13 12:09:00.971  1902 23161 D CompatibilityChangeReporter: Compat change id reported: 263959004; UID 10190; state: DISABLED
10-13 12:09:00.971  1902 23161 D CompatibilityChangeReporter: Compat change id reported: 264304459; UID 10190; state: DISABLED
10-13 12:09:00.972  1902 23161 D CompatibilityChangeReporter: Compat change id reported: 264301586; UID 10190; state: DISABLED
10-13 12:09:00.972  1902 23161 D CompatibilityChangeReporter: Compat change id reported: 254631730; UID 10190; state: DISABLED
10-13 12:09:00.972  1902 23161 D CompatibilityChangeReporter: Compat change id reported: 273509367; UID 10190; state: DISABLED
10-13 12:09:00.973  1902 23161 D CompatibilityChangeReporter: Compat change id reported: 263259275; UID 10190; state: DISABLED
10-13 12:09:00.973  1902 23161 D CompatibilityChangeReporter: Compat change id reported: 174042980; UID 10190; state: DISABLED
10-13 12:09:00.973  1902 23161 D CompatibilityChangeReporter: Compat change id reported: 174042936; UID 10190; state: DISABLED
10-13 12:09:00.974  1902 23161 D CompatibilityChangeReporter: Compat change id reported: 181136395; UID 10190; state: DISABLED
10-13 12:09:00.975  1902 23161 D CompatibilityChangeReporter: Compat change id reported: 194480991; UID 10190; state: ENABLED
10-13 12:09:00.977  1902 23161 I SmartPower: com.android.chrome:privileged_process0/10190(9726): idle->invisible(11901ms) R(become foreground) adj=700.
10-13 12:09:00.977  1902 23161 I SmartPower: com.android.chrome/10190(9617): idle->invisible(11902ms) R(become foreground) adj=700.
10-13 12:09:00.978  1902 23161 D WindowManager: Collecting in transition 1720: ActivityRecord{6e8e1d3 u0 com.android.chrome/com.google.android.apps.chrome.IntentDispatcher init visibleRequested:false
10-13 12:09:00.979  1902 23161 D MiuiFreeFormManagerService: activeOrFullscreenFreeformTaskIfNeed startDefaultAr:false
10-13 12:09:00.983  2983  3075 D OneHandedController: stopOneHanded state is 0
10-13 12:09:00.986  1902 23161 D WindowManager: setLockTaskAuth: task=Task{228a110 #792 type=standard I=com.android.chrome/com.google.android.apps.chrome.IntentDispatcher} mLockTaskAuth=LOCK_TASK_AUTH_PINNABLE
10-13 12:09:00.987  1902 23161 D WindowManager: Collecting in transition 1720: Task{228a110 #792 type=standard I=com.android.chrome/com.google.android.apps.chrome.IntentDispatcher} init visibleRequested:false
10-13 12:09:00.989  1902 23161 D CompatibilityChangeReporter: Compat change id reported: 184838306; UID 10190; state: DISABLED
10-13 12:09:00.989  1902 23161 D CompatibilityChangeReporter: Compat change id reported: 185004937; UID 10190; state: DISABLED
10-13 12:09:00.993  1902 23161 D WindowManager: setLockTaskAuth: task=Task{228a110 #792 type=standard I=com.android.chrome/com.google.android.apps.chrome.IntentDispatcher} mLockTaskAuth=LOCK_TASK_AUTH_PINNABLE
10-13 12:09:00.994  1902 23161 D MiuiFreeFormManagerService: onStartActivityInner as = Task{228a110 #792 type=standard I=com.android.chrome/com.google.android.apps.chrome.IntentDispatcher} op = null
10-13 12:09:00.996  1902 23161 D ActivityTaskManager: Task#startActivityLocked isOrhasTask=true newTask=true
10-13 12:09:01.000  1902 23161 D ActivityTaskManager: Not add starting window, the reason is: windowIsTranslucent = true  windowIsFloating = false  this = ActivityRecord{6e8e1d3 u0 com.android.chrome/com.google.android.apps.chrome.IntentDispatcher t792}
10-13 12:09:01.001  1902 23161 D CompatibilityChangeReporter: Compat change id reported: 205907456; UID 10190; state: ENABLED
10-13 12:09:01.006  1902 23161 D WindowManager: Collecting in transition 1720: ActivityRecord{6e8e1d3 u0 com.android.chrome/com.google.android.apps.chrome.IntentDispatcher t792} init visibleRequested:false
10-13 12:09:01.006  1902 23161 D WindowManager: Requesting StartTransition: TransitionRecord{389c60e id=1720 type=OPEN flags=0x0}
10-13 12:09:01.007  1902 23161 I ActivityTaskManager: START u0 {act=android.intent.action.VIEW dat=https://issuer.eudiw.dev/... flg=0x10000000 cmp=com.android.chrome/com.google.android.apps.chrome.IntentDispatcher} with LAUNCH_MULTIPLE from uid 10390 (BAL_ALLOW_VISIBLE_WINDOW) result code=0
10-13 12:09:01.007  2983  3075 I SoScUtils: monitorTransitionRequest mRequestOpenTransition:null mRequestOpenTriggerTask:-1 mRequestCloseTransition:null mRequestCloseTriggerTask:-1 mRequestCloseStageType:-1
10-13 12:09:01.008  1902 23161 D WindowManager: Set transition=TransitionRecord{389c60e id=1720 type=OPEN flags=0x0}, ready=false, SyncId=1720 used=true, override=false, defer=0, states=Display{#0 state=ON size=1080x2400 ROTATION_0}:false
10-13 12:09:01.009  2983  3075 D OneHandedController: stopOneHanded state is 0
10-13 12:09:01.010  1902 23161 D WindowManager: Collecting in transition 1720: ActivityRecord{6e8e1d3 u0 com.android.chrome/com.google.android.apps.chrome.IntentDispatcher t792} init visibleRequested:false
10-13 12:09:01.010  2983  3075 D OneHandedController: stopOneHanded state is 0
10-13 12:09:01.011  1902 23161 D WindowManager: Collecting in transition 1720: ActivityRecord{6e8e1d3 u0 com.android.chrome/com.google.android.apps.chrome.IntentDispatcher t792} init visibleRequested:true
10-13 12:09:01.013  1902 23161 D WindowManagerService: checkFlipFullScreenChange is same, nowIsFullScreen = false
10-13 12:09:01.014  1902 23161 W WindowManager: Changing focus from Window{1e72ab6 u0 eu.europa.ec.euidi/eu.europa.ec.assemblylogic.ui.MainActivity} to null displayId=0 Callers=com.android.server.wm.RootWindowContainer.updateFocusedWindowLocked:557 com.android.server.wm.WindowManagerService.updateFocusedWindowLocked:6962 com.android.server.wm.ActivityTaskManagerService.setLastResumedActivityUncheckLocked:5565 com.android.server.wm.ActivityTaskSupervisor.updateTopResumedActivityIfNeeded:2557 
10-13 12:09:01.014  1902 23161 D WindowManager: wms.Input focus has changed to null display=0 updateInputWindows = true
10-13 12:09:01.014  1902 23161 I MultiSenceManagerInternalStub: getInstance
10-13 12:09:01.016  1902 23161 D WindowManager: Collecting in transition 1720: ActivityRecord{6e8e1d3 u0 com.android.chrome/com.google.android.apps.chrome.IntentDispatcher t792} init visibleRequested:true
10-13 12:09:01.017  1902 23161 D WindowManager: Set transition=TransitionRecord{389c60e id=1720 type=OPEN flags=0x0}, ready=true, SyncId=1720 
10-13 12:09:01.020  1902 23161 D CompatibilityChangeReporter: Compat change id reported: 197654537; UID 10390; state: ENABLED
10-13 12:09:01.020  1902 23161 I BLASTSyncEngine: SyncGroup 1720:  Unfinished container:ActivityRecord{6e8e1d3 u0 com.android.chrome/com.google.android.apps.chrome.IntentDispatcher t792}
10-13 12:09:01.020  1902 23161 I BLASTSyncEngine: isActivitySyncFinished isSyncFinished false ActivityRecord{6e8e1d3 u0 com.android.chrome/com.google.android.apps.chrome.IntentDispatcher t792}
10-13 12:09:01.021  2983  3075 D MiuiFullScreenTaskRepository: removeFocusedTask displayId=0
10-13 12:09:01.021  2983  3075 D MiuiFullScreenTaskRepository: addOrUpdateFullScreenTaskInfo taskId=791, topActivity=ComponentInfo{eu.europa.ec.euidi/eu.europa.ec.assemblylogic.ui.MainActivity}
10-13 12:09:01.024  1902  1936 E MBrainLocalService: MBrainJava launch failed: SecurityException
10-13 12:09:01.025  1902  1936 D Aurogon :  uid = 10190 switch to FG
10-13 12:09:01.033  1902  2304 D CompatibilityChangeReporter: Compat change id reported: 319212206; UID 10190; state: ENABLED
10-13 12:09:01.035  1902  2772 D CompatibilityChangeReporter: Compat change id reported: 161145287; UID 10190; state: ENABLED
10-13 12:09:01.035  1902  1936 E MBrainLocalService: MBrainJava launch failed: SecurityException
10-13 12:09:01.038  1902  2772 D CompatibilityChangeReporter: Compat change id reported: 259743961; UID 10190; state: ENABLED
10-13 12:09:01.040  1902  2772 D WindowManager: Collecting in transition 1720: ActivityRecord{9ec2e6c u0 com.android.chrome/org.chromium.chrome.browser.ChromeTabbedActivity init visibleRequested:false
10-13 12:09:01.040  1902  2772 D MiuiFreeFormManagerService: activeOrFullscreenFreeformTaskIfNeed startDefaultAr:false
10-13 12:09:01.040  1902  2772 D MiuiFreeFormManagerService: onStartActivityInner as = Task{d2e973b #756 type=standard A=10190:com.android.chrome} op = null
10-13 12:09:01.041  1902  2772 D WindowManagerService: checkFlipFullScreenChange is same, nowIsFullScreen = false
10-13 12:09:01.041  1902  2772 D WindowManager: setLockTaskAuth: task=Task{d2e973b #756 type=standard A=10190:com.android.chrome} mLockTaskAuth=LOCK_TASK_AUTH_PINNABLE
10-13 12:09:01.043  1902  2772 D WindowManager: Set transition=TransitionRecord{389c60e id=1720 type=OPEN flags=0x0}, ready=false, SyncId=1720 used=true, override=false, defer=0, states=Display{#0 state=ON size=1080x2400 ROTATION_0}:false
10-13 12:09:01.044  1902  2772 D WindowManager: Collecting in transition 1720: ActivityRecord{9ec2e6c u0 com.android.chrome/org.chromium.chrome.browser.ChromeTabbedActivity t-1} init visibleRequested:false
10-13 12:09:01.044  1902  2772 D WindowManager: Set transition=TransitionRecord{389c60e id=1720 type=OPEN flags=0x0}, ready=false, SyncId=1720 used=true, override=false, defer=0, states=Display{#0 state=ON size=1080x2400 ROTATION_0}:false
10-13 12:09:01.045  1902  2772 I ActivityTaskManager: START u0 {act=android.intent.action.VIEW dat=https://issuer.eudiw.dev/... flg=0x14002000 cmp=com.android.chrome/org.chromium.chrome.browser.ChromeTabbedActivity (has extras)} with LAUNCH_SINGLE_INSTANCE_PER_TASK from uid 10190 (BAL_ALLOW_VISIBLE_WINDOW) result code=2
10-13 12:09:01.045  1902 23257 D MiuiSoScManagerStub: supportSoScMinimizedMode:true
10-13 12:09:01.045  1902 23257 D MiuiSoScManagerStub: taskInSoScFullMode:false
10-13 12:09:01.045  1902 23257 D MiuiFreeFormGestureController: deliverResultForFinishActivity resultTo: null resultFrom: ActivityRecord{6e8e1d3 u0 com.android.chrome/com.google.android.apps.chrome.IntentDispatcher t792 f}} isInVideoOrGameScene: false intent: Intent { act=android.intent.action.VIEW dat=https://issuer.eudiw.dev/... flg=0x10800000 cmp=com.android.chrome/com.google.android.apps.chrome.IntentDispatcher }
10-13 12:09:01.045  1902 23257 D WindowManager: Collecting in transition 1720: Task{228a110 #792 type=standard I=com.android.chrome/com.google.android.apps.chrome.IntentDispatcher} init visibleRequested:true
10-13 12:09:01.047  2983  3075 D MiuiFullScreenTaskRepository: setFocusedTask taskId=756, displayId=0, topActivity=ComponentInfo{com.android.chrome/org.chromium.chrome.browser.ChromeTabbedActivity}
10-13 12:09:01.047  2983  3075 D MiuiFullScreenTaskRepository: addOrUpdateFullScreenTaskInfo taskId=756, topActivity=ComponentInfo{com.android.chrome/org.chromium.chrome.browser.ChromeTabbedActivity}
10-13 12:09:01.047  2983  3075 D MiuiDesktopModeController: onFocusTaskChanged newFocus: TaskInfo{userId=0 taskId=756 displayId=0 isRunning=true baseIntent=Intent { act=android.intent.action.VIEW dat=https://verifier.eudiw.dev/... flg=0x14002000 cmp=com.android.chrome/org.chromium.chrome.browser.ChromeTabbedActivity } baseActivity=ComponentInfo{com.android.chrome/org.chromium.chrome.browser.ChromeTabbedActivity} topActivity=ComponentInfo{com.android.chrome/org.chromium.chrome.browser.ChromeTabbedActivity} origActivity=null realActivity=ComponentInfo{com.android.chrome/org.chromium.chrome.browser.ChromeTabbedActivity} numActivities=1 lastActiveTime=1157596494 supportsSplitScreenMultiWindow=true supportsMultiWindow=true resizeMode=2 isResizeable=true minWidth=-1 minHeight=-1 defaultMinSize=200 token=WCT{android.window.IWindowContainerToken$Stub$Proxy@14e75f5} topActivityType=1 pictureInPictureParams=null shouldDockBigOverlays=false launchIntoPipHostTaskId=-1 lastParentTaskIdBeforePip=-1 displayCutoutSafeInsets=Rect(0, 94 - 0, 0) topActivityInfo=ActivityInfo{6d70f8a org.chromium.chrome.browser.ChromeTabbedActivity} launchCookies=[] positionInParent=Point(0, 0) parentTaskId=-1 isFocused=true isVisible=false isVisibleRequested=false isSleeping=false topActivityInSizeCompat=false topActivityEligibleForLetterboxEducation= false topActivityLetterboxed= false isFromDoubleTap= false topActivityLetterboxVerticalPosition= -1 topActivityLetterboxHorizontalPosition= -1 topActivityLetterboxWidth=-1 topActivityLetterboxHeight=-1 locusId=null displayAreaFeatureId=1 cameraCompatControlState=hidden mIsCastMode=false mTopActivityMediaSize=null mTopActivityRecordName=ActivityRecord{84f79ca u0 com.android.chrome/org.chromium.chrome.browser.ChromeTabbedActivity t756} mTopActivityOrientation=-2 mTopActivityWindowIsNowVisible=false isTranslucent=true isEmbedded=false shouldBeVisible=true isImmersive=false mBehindAppLockPkg=null mOriginatingUid=0}
10-13 12:09:01.047  2983  3075 D MiuiFreeformModeController: onFocusTaskChanged taskInfo: TaskInfo{userId=0 taskId=756 displayId=0 isRunning=true baseIntent=Intent { act=android.intent.action.VIEW dat=https://verifier.eudiw.dev/... flg=0x14002000 cmp=com.android.chrome/org.chromium.chrome.browser.ChromeTabbedActivity } baseActivity=ComponentInfo{com.android.chrome/org.chromium.chrome.browser.ChromeTabbedActivity} topActivity=ComponentInfo{com.android.chrome/org.chromium.chrome.browser.ChromeTabbedActivity} origActivity=null realActivity=ComponentInfo{com.android.chrome/org.chromium.chrome.browser.ChromeTabbedActivity} numActivities=1 lastActiveTime=1157596494 supportsSplitScreenMultiWindow=true supportsMultiWindow=true resizeMode=2 isResizeable=true minWidth=-1 minHeight=-1 defaultMinSize=200 token=WCT{android.window.IWindowContainerToken$Stub$Proxy@14e75f5} topActivityType=1 pictureInPictureParams=null shouldDockBigOverlays=false launchIntoPipHostTaskId=-1 lastParentTaskIdBeforePip=-1 displayCutoutSafeInsets=Rect(0, 94 - 0, 0) topActivityInfo=ActivityInfo{6d70f8a org.chromium.chrome.browser.ChromeTabbedActivity} launchCookies=[] positionInParent=Point(0, 0) parentTaskId=-1 isFocused=true isVisible=false isVisibleRequested=false isSleeping=false topActivityInSizeCompat=false topActivityEligibleForLetterboxEducation= false topActivityLetterboxed= false isFromDoubleTap= false topActivityLetterboxVerticalPosition= -1 topActivityLetterboxHorizontalPosition= -1 topActivityLetterboxWidth=-1 topActivityLetterboxHeight=-1 locusId=null displayAreaFeatureId=1 cameraCompatControlState=hidden mIsCastMode=false mTopActivityMediaSize=null mTopActivityRecordName=ActivityRecord{84f79ca u0 com.android.chrome/org.chromium.chrome.browser.ChromeTabbedActivity t756} mTopActivityOrientation=-2 mTopActivityWindowIsNowVisible=false isTranslucent=true isEmbedded=false shouldBeVisible=true isImmersive=false mBehindAppLockPkg=null mOriginatingUid=0}
10-13 12:09:01.048  2983  3075 D OneHandedController: stopOneHanded state is 0
10-13 12:09:01.048  2983  3075 D WindowManagerShell: onActivityRestartAttempt: ComponentInfo{com.android.chrome/org.chromium.chrome.browser.ChromeTabbedActivity}
10-13 12:09:01.048  2983  4221 D MiuiFreeformModeObserver: activityResumed() intent Intent { cmp=com.android.chrome/org.chromium.chrome.browser.document.ChromeLauncherActivity (has extras) }
10-13 12:09:01.050  1902  2697 D WindowManager: Collecting in transition 1720: ActivityRecord{6e8e1d3 u0 com.android.chrome/com.google.android.apps.chrome.IntentDispatcher t792 f}} init visibleRequested:true
10-13 12:09:01.050  1902  2697 D WindowManager: Collecting in transition 1720: ActivityRecord{84f79ca u0 com.android.chrome/org.chromium.chrome.browser.ChromeTabbedActivity t756} init visibleRequested:false
10-13 12:09:01.050  1902  2697 D WindowManagerService: checkFlipFullScreenChange is same, nowIsFullScreen = false
10-13 12:09:01.051  1902  2697 D WindowManager: Collecting in transition 1720: ActivityRecord{9241de8 u0 eu.europa.ec.euidi/eu.europa.ec.assemblylogic.ui.MainActivity t791} init visibleRequested:true
10-13 12:09:01.052  1902  2697 D WindowManager: Collecting in transition 1720: ActivityRecord{84f79ca u0 com.android.chrome/org.chromium.chrome.browser.ChromeTabbedActivity t756} init visibleRequested:true
10-13 12:09:01.052  1902  2697 D WindowManager: Set transition=TransitionRecord{389c60e id=1720 type=OPEN flags=0x0}, ready=true, SyncId=1720 
10-13 12:09:01.053  2983  3075 D MiuiFullScreenTaskRepository: setFocusedTask taskId=756, displayId=0, topActivity=ComponentInfo{com.android.chrome/org.chromium.chrome.browser.ChromeTabbedActivity}
10-13 12:09:01.053  2983  3075 D MiuiFullScreenTaskRepository: addOrUpdateFullScreenTaskInfo taskId=756, topActivity=ComponentInfo{com.android.chrome/org.chromium.chrome.browser.ChromeTabbedActivity}
10-13 12:09:01.053  1902  2697 I BLASTSyncEngine: SyncGroup 1720:  Unfinished container:ActivityRecord{84f79ca u0 com.android.chrome/org.chromium.chrome.browser.ChromeTabbedActivity t756}
10-13 12:09:01.053  1902  2697 I BLASTSyncEngine: isActivitySyncFinished isSyncFinished false ActivityRecord{84f79ca u0 com.android.chrome/org.chromium.chrome.browser.ChromeTabbedActivity t756}
10-13 12:09:01.060  1902  1936 E MBrainLocalService: MBrainJava launch failed: SecurityException
10-13 12:09:01.060  1902 23257 D CoreBackPreview: Window{75116e2 u0 com.android.chrome/org.chromium.chrome.browser.ChromeTabbedActivity}: Setting back callback OnBackInvokedCallbackInfo{mCallback=android.window.IOnBackInvokedCallback$Stub$Proxy@20018ca, mPriority=0, mIsAnimationCallback=true}
10-13 12:09:01.071  1902  2697 I SmartPower: com.android.chrome:sandboxed_process0:org.chromium.content.app.SandboxedProcessSer-1->background(0ms) R(become background) adj=-10000.
10-13 12:09:01.073  1902  1955 D CompatibilityChangeReporter: Compat change id reported: 143937733; UID 10190; state: ENABLED
10-13 12:09:01.083  1902  3385 D SchedBoost: com.android.chrome:sandboxed_process0:org.chromium.content.app.SandboxedProcessService0:17 boosting, skip reset priority
10-13 12:09:01.097  1902  1955 I ActivityManager: Start proc 16735:com.android.chrome:sandboxed_process0:org.chromium.content.app.SandboxedProcessService0:18/u0ai18 for  {com.android.chrome/org.chromium.content.app.SandboxedProcessService0:18} caller=com.android.chrome
10-13 12:09:01.105  1902  1902 D MBrainLocalService: isVendorFreezeConditionPass is false
10-13 12:09:01.105  1902  1902 E MBrainLocalService: notifyAppSwitch failed
10-13 12:09:01.111  2983  4017 D MiuiFreeformModeObserver: activityResumed() intent Intent { cmp=com.android.chrome/org.chromium.chrome.browser.ChromeTabbedActivity (has extras) }
10-13 12:09:01.113  1902  3385 D CompatibilityChangeReporter: Compat change id reported: 168419799; UID 10190; state: DISABLED
10-13 12:09:01.113  1902  3385 D CompatibilityChangeReporter: Compat change id reported: 273564678; UID 10190; state: DISABLED
10-13 12:09:01.114  1902  2620 I SmartPower: com.google.android.inputmethod.latin/10196(22721): background->idle(3000ms) R(become invisible) adj=100.
10-13 12:09:01.115  1902  2600 D isUidValid: uid = 90018
10-13 12:09:01.116  1902  1902 D MBrainLocalService: isVendorFreezeConditionPass is false
10-13 12:09:01.116  1902  1902 E MBrainLocalService: notifyAppSwitch failed
10-13 12:09:01.116 16735 16735 E MQSEventManagerDelegate: failed to get MQSService.
10-13 12:09:01.116 16735 16735 W ActivityThread: registerApplicationScoutThread result:false
10-13 12:09:01.121  1902 23259 I BLASTSyncEngine: SyncGroup 1720:  Unfinished container:ActivityRecord{84f79ca u0 com.android.chrome/org.chromium.chrome.browser.ChromeTabbedActivity t756}
10-13 12:09:01.121  1902 23259 I BLASTSyncEngine: isActivitySyncFinished isSyncFinished false ActivityRecord{84f79ca u0 com.android.chrome/org.chromium.chrome.browser.ChromeTabbedActivity t756}
10-13 12:09:01.122  1902 23259 W WindowManager: Changing focus from null to Window{75116e2 u0 com.android.chrome/org.chromium.chrome.browser.ChromeTabbedActivity} displayId=0 Callers=com.android.server.wm.RootWindowContainer.updateFocusedWindowLocked:557 com.android.server.wm.WindowManagerService.updateFocusedWindowLocked:6962 com.android.server.wm.WindowManagerService.relayoutWindow:2951 com.android.server.wm.Session.relayout:266 
10-13 12:09:01.122  1902 23259 I WindowManager: cancelAnimation removed leash : Surface(name=Surface(name=81266ae StatusBar#86)/@0xb48dfdc - animation-leash of insets_animation#29278)/@0x29df2a8
10-13 12:09:01.123  1902 23259 I WindowManager: cancelAnimation removed leash : Surface(name=Surface(name=db27a2 NavigationBar0#82)/@0xc1acbf0 - animation-leash of insets_animation#29284)/@0x20a495e
10-13 12:09:01.124  1902 23259 D WindowManager: wms.Input focus has changed to Window{75116e2 u0 com.android.chrome/org.chromium.chrome.browser.ChromeTabbedActivity} display=0 updateInputWindows = true
10-13 12:09:01.124  1902 23259 I MultiSenceManagerInternalStub: getInstance
10-13 12:09:01.124  1902 23259 I WindowManager: Relayout Window{75116e2 u0 com.android.chrome/org.chromium.chrome.browser.ChromeTabbedActivity}: oldVis=8 newVis=0 focusMayChange = true requestedWidth = 1080 requestedHeight = 2400 outFrames = ClientWindowFrames{frame=[0,0][1080,2400] display=[0,0][1080,2400] parentFrame=[0,0][0,0]} outSurfaceControl = Surface(name=com.android.chrome/org.chromium.chrome.browser.ChromeTabbedActivity#29287)/@0x69b06fc
10-13 12:09:01.131 16735 16735 E ForceDarkHelperStubImpl: getForceDarkOriginState transact failed , mService: null
10-13 12:09:01.140  1902  2772 I ActivityManager: Flag disabled. Ignoring finishAttachApplication from uid: 90018. pid: 16735
10-13 12:09:01.143  1902  1902 D MBrainLocalService: isVendorFreezeConditionPass is false
10-13 12:09:01.143  1902  1902 E MBrainLocalService: notifyAppSwitch failed
10-13 12:09:01.173  1902  3385 W WindowManager: finishDrawingWindow: Window{75116e2 u0 com.android.chrome/org.chromium.chrome.browser.ChromeTabbedActivity} mDrawState=DRAW_PENDING
10-13 12:09:01.173  1902  3385 D WindowManager: wms.finishDrawingLocked: mDrawState=COMMIT_DRAW_PENDING Window{75116e2 u0 com.android.chrome/org.chromium.chrome.browser.ChromeTabbedActivity} in Surface(name=com.android.chrome/org.chromium.chrome.browser.ChromeTabbedActivity#29287)/@0x6be1993
10-13 12:09:01.175  1902  1939 I SmartPower: com.android.chrome/10190(9617): invisible->visible(198ms) R(become visible) adj=0.
10-13 12:09:01.175  1902  2620 I SmartPower: com.google.android.adservices.api/10307(31554): idle->background(12094ms) R(add to whitelist) adj=0.
10-13 12:09:01.175  1902  2620 I SmartPower: com.android.chrome:sandboxed_process0:org.chromium.content.app.SandboxedProcessSeridle->background(9098ms) R(add to whitelist) adj=200.
10-13 12:09:01.175  1902  2620 I SmartPower: com.android.chrome:sandboxed_process0:org.chromium.content.app.SandboxedProcessSeridle->background(9098ms) R(add to whitelist) adj=200.
10-13 12:09:01.175  1902  1939 W WindowManager: real show surface:Surface(name=com.android.chrome/org.chromium.chrome.browser.ChromeTabbedActivity#29287)/@0x6be1993
10-13 12:09:01.175  1902  2620 I SmartPower: com.android.chrome:sandboxed_process0:org.chromium.content.app.SandboxedProcessSeridle->background(9098ms) R(add to whitelist) adj=200.
10-13 12:09:01.175  1902  2620 I SmartPower: com.android.chrome:sandboxed_process0:org.chromium.content.app.SandboxedProcessSeridle->background(9098ms) R(add to whitelist) adj=960.
10-13 12:09:01.175  1902  2620 I SmartPower: com.android.chrome:sandboxed_process0:org.chromium.content.app.SandboxedProcessSeridle->background(9097ms) R(add to whitelist) adj=960.
10-13 12:09:01.175  1902  2620 I SmartPower: com.android.chrome:sandboxed_process0:org.chromium.content.app.SandboxedProcessSeridle->background(9097ms) R(add to whitelist) adj=950.
10-13 12:09:01.175  1902  1939 D WindowManager: Final targets: [Task{d2e973b #756 type=standard A=10190:com.android.chrome}, Task{eed9c01 #791 type=standard A=10390:eu.europa.ec.euidi}]
10-13 12:09:01.175  1902  2620 I SmartPower: com.android.chrome:sandboxed_process0:org.chromium.content.app.SandboxedProcessSeridle->background(9097ms) R(add to whitelist) adj=950.
10-13 12:09:01.175  1902  2620 I SmartPower: com.android.chrome:sandboxed_process0:org.chromium.content.app.SandboxedProcessSeridle->background(9097ms) R(add to whitelist) adj=940.
10-13 12:09:01.175  1902  2620 I SmartPower: com.android.chrome:sandboxed_process0:org.chromium.content.app.SandboxedProcessSeridle->background(9097ms) R(add to whitelist) adj=940.
10-13 12:09:01.175  1902  2620 I SmartPower: com.android.chrome:sandboxed_process0:org.chromium.content.app.SandboxedProcessSeridle->background(9097ms) R(add to whitelist) adj=930.
10-13 12:09:01.175  1902  2620 I SmartPower: com.android.chrome:sandboxed_process0:org.chromium.content.app.SandboxedProcessSeridle->background(9097ms) R(add to whitelist) adj=930.
10-13 12:09:01.176  1902  2620 I SmartPower: com.android.chrome:sandboxed_process0:org.chromium.content.app.SandboxedProcessSeridle->background(9097ms) R(add to whitelist) adj=920.
10-13 12:09:01.176  1902  2620 I SmartPower: com.android.chrome:sandboxed_process0:org.chromium.content.app.SandboxedProcessSeridle->background(9096ms) R(add to whitelist) adj=910.
10-13 12:09:01.176  1902  2620 I SmartPower: com.android.chrome:sandboxed_process0:org.chromium.content.app.SandboxedProcessSeridle->background(9096ms) R(add to whitelist) adj=910.
10-13 12:09:01.176  1902  2620 I SmartPower: com.android.chrome:sandboxed_process0:org.chromium.content.app.SandboxedProcessSeridle->background(9096ms) R(add to whitelist) adj=900.
10-13 12:09:01.176  1902  2620 I SmartPower: com.android.chrome:sandboxed_process0:org.chromium.content.app.SandboxedProcessSeridle->background(12024ms) R(add to whitelist) adj=900.
10-13 12:09:01.189  1902  1939 D WindowManager: snapshot isNothing = false source = Task{eed9c01 #791 type=standard A=10390:eu.europa.ec.euidi}
10-13 12:09:01.189  1902  1939 D WindowManager: Calling onTransitionReady info={id=1720 t=OPEN f=0x0 trk=0 r=[0@Point(0, 0)] c=[{WCT{RemoteToken{138c691 Task{d2e973b #756 type=standard A=10190:com.android.chrome}}} m=TO_FRONT f=MOVE_TO_TOP leash=Surface(name=Task=756#27929)/@0xa07a52a sb=Rect(0, 0 - 1080, 2400) eb=Rect(0, 0 - 1080, 2400) d=0},{WCT{RemoteToken{32be6c4 Task{eed9c01 #791 type=standard A=10390:eu.europa.ec.euidi}}} m=TO_BACK f=NONE leash=Surface(name=Task=791#29267)/@0x8192cfb sb=Rect(0, 0 - 1080, 2400) eb=Rect(0, 0 - 1080, 2400) d=0}] noAni=[false] df=[false] mk=[true] nc=[0] oa=[false]}, mToken=Token{d8cef39 TransitionRecord{389c60e id=1720 type=OPEN flags=0x0}}
10-13 12:09:01.190  1902  1939 I BLASTSyncEngine: finishNow: after onTransactionReady, mSyncId=1720
10-13 12:09:01.193  2983  3075 D MiuiFreeformAnimation: startAnimation change: {WCT{android.window.IWindowContainerToken$Stub$Proxy@49e9a56} m=TO_FRONT f=MOVE_TO_TOP leash=Surface(name=Task=756#27929)/@0xf09d9fb sb=Rect(0, 0 - 1080, 2400) eb=Rect(0, 0 - 1080, 2400) d=0} info.getType(): 1
10-13 12:09:01.194  2983  3075 I MiuiFreeformAnimation: isLaunchWidgetPicker=false,taskInfo.getWindowingMode()=1, taskInfo.getActivityType()=1
10-13 12:09:01.194  2983  3075 D MiuiFreeformAnimation: startAnimation change: {WCT{android.window.IWindowContainerToken$Stub$Proxy@f121ad7} m=TO_BACK f=NONE leash=Surface(name=Task=791#29267)/@0xabe7a18 sb=Rect(0, 0 - 1080, 2400) eb=Rect(0, 0 - 1080, 2400) d=0} info.getType(): 1
10-13 12:09:01.194  2983  3075 W MiuiTaskTransitionHandler: Receive an unknown transition, token=android.os.BinderProxy@2ead97e, type=1
10-13 12:09:01.194  2983  3075 D TransitionAnimationHelper:  load default animation  type = 1 enter = false animAttr = 9 isTask = true translucent = false
10-13 12:09:01.194  2983  3075 D TransitionAnimationHelper:  load default animation  type = 1 enter = true animAttr = 8 isTask = true translucent = false
10-13 12:09:01.195  2983  3092 D ShellTransitions: speed ui!!!!!!!!!!!
10-13 12:09:01.196  2983  3075 D MiuiFullScreenTaskRepository: setFocusedTask taskId=756, displayId=0, topActivity=ComponentInfo{com.android.chrome/org.chromium.chrome.browser.ChromeTabbedActivity}
10-13 12:09:01.196  2983  3075 D MiuiFullScreenTaskRepository: addOrUpdateFullScreenTaskInfo taskId=756, topActivity=ComponentInfo{com.android.chrome/org.chromium.chrome.browser.ChromeTabbedActivity}
10-13 12:09:01.203  2983  3075 D SoScUtils: monitorTransitionFinished transition:android.os.BinderProxy@2ead97e transaction: android.view.SurfaceControl$Transaction@1cea35c mRequestCloseTransition:null mRequestOpenTransition:null mPairsOpenTransition:null mPairsOpenTransitionNull:null mRequestOpenTriggerTask:-1 mRequestCloseTriggerTask:-1 mOrientationTransition: null mMainStartingTask:-1 mSideStartingTask:-1
10-13 12:09:01.212  1902 23259 D CompatibilityChangeReporter: Compat change id reported: 214016041; UID 10190; state: ENABLED
10-13 12:09:01.214  2983  3075 D MiuiFullScreenTaskRepository: addOrUpdateFullScreenTaskInfo taskId=791, topActivity=ComponentInfo{eu.europa.ec.euidi/eu.europa.ec.assemblylogic.ui.MainActivity}
10-13 12:09:01.215  1902  1938 I SmartPower: eu.europa.ec.euidi/10390(16633): visible->invisible(15364ms) R(become invisible) adj=200.
10-13 12:09:01.215  1902  1938 I SmartPower: eu.europa.ec.euidi/10390(16633): invisible->background(0ms) R(become background) adj=200.
10-13 12:09:01.219  1902 23259 I WindowManager: cancelAnimation removed leash : Surface(name=Surface(name=6a76de5 InputMethod#123)/@0xf2bd99 - animation-leash of insets_animation#29282)/@0x2e6cb6d
10-13 12:09:01.220  1902 23161 W PackageConfigPersister: App-specific configuration not found for packageName: com.android.chrome and userId: 0
10-13 12:09:01.226  1902 23259 D WindowManager: setParent old=Task{228a110 #792 type=standard I=com.android.chrome/com.google.android.apps.chrome.IntentDispatcher},new=null,this window=ActivityRecord{6e8e1d3 u0 com.android.chrome/com.google.android.apps.chrome.IntentDispatcher t792 f}},callers=com.android.server.wm.WindowContainer.removeChild:840 com.android.server.wm.TaskFragment.removeChild:3119 com.android.server.wm.Task.removeChild:1822 com.android.server.wm.Task.removeChild:1802 com.android.server.wm.WindowContainer.removeImmediately:898 com.android.server.wm.WindowToken.removeImmediately:376 
10-13 12:09:01.227  1902 23259 D WindowManager: setParent old=DefaultTaskDisplayArea@126197207,new=null,this window=Task{228a110 #792 type=standard I=com.android.chrome/com.google.android.apps.chrome.IntentDispatcher},callers=com.android.server.wm.WindowContainer.removeChild:840 com.android.server.wm.TaskDisplayArea.removeChildTask:359 com.android.server.wm.TaskDisplayArea.removeChild:350 com.android.server.wm.WindowContainer.removeImmediately:898 com.android.server.wm.TaskFragment.removeImmediately:3203 com.android.server.wm.Task.removeImmediately:3222 
10-13 12:09:01.254  1902  1936 D Aurogon :  uid = 10390 switch to BG
10-13 12:09:01.255  1902  2600 D isUidValid: uid = 10390
10-13 12:09:01.317  1902  1902 D MBrainLocalService: isVendorFreezeConditionPass is false
10-13 12:09:01.317  1902  1902 E MBrainLocalService: notifyAppSwitch failed
10-13 12:09:01.870  1902  1947 D HeapUsage Monitor: HeapAllocSize : 87MB; monitorSize : 500MB
10-13 12:09:01.898  1556  1556 I wificond: station_bandwidth: 
10-13 12:09:02.762  1902 23267 W MIUIInput: Input event injection from package: null action ACTION_DOWN
10-13 12:09:02.765  1902  2612 I ProcessManager: getRenderThreadTidByPid, caller=1902
10-13 12:09:02.767  1902 23267 W MIUIInput: Input event injection from package: null action ACTION_UP
10-13 12:09:02.956  1902  3385 W MIUIInput: Input event injection from package: null action ACTION_DOWN
10-13 12:09:02.960  1902  2612 I ProcessManager: getRenderThreadTidByPid, caller=1902
10-13 12:09:02.962  1902  3385 W MIUIInput: Input event injection from package: null action ACTION_UP
10-13 12:09:02.982  1902 23267 W ProcessStats: Tracking association SourceState{dd89775 com.google.android.gms/10175 BTop #459181} whose proc state 2 is better than process ProcessState{6c26b07 com.google.android.adservices.api/10307 pkg=com.google.android.adservices.api} proc state 14 (369 skipped)
10-13 12:09:03.078  1902 23267 D SchedBoost: com.android.chrome:sandboxed_process0:org.chromium.content.app.SandboxedProcessService0:18 boosting, skip reset priority
10-13 12:09:04.217  1902  2620 I SmartPower: eu.europa.ec.euidi/10390(16633): background->idle(3001ms) R(become background) adj=700.
10-13 12:09:04.286  1902 23267 W MIUIInput: Input event injection from package: null action ACTION_DOWN
10-13 12:09:04.290  1902  2612 I ProcessManager: getRenderThreadTidByPid, caller=1902
10-13 12:09:04.291  1902 23267 W MIUIInput: Input event injection from package: null action ACTION_UP
10-13 12:09:04.314  1902 23267 I InputMethodManagerService: IMMS.showSoftInput(), client = com.android.internal.inputmethod.IInputMethodClient$Stub$Proxy@562ab8c
10-13 12:09:04.314  1902 23267 I InputMethodManagerService: IMMS.showCurrentInputLocked(), flags = 0
10-13 12:09:04.314  1902 23267 D SmartPower: com.google.android.inputmethod.latin/10196(22721): show input method
10-13 12:09:04.314  1902 23267 I SmartPower: com.google.android.inputmethod.latin/10196(22721): idle->visible(3200ms) R(show input method) adj=100.
10-13 12:09:04.314  1902  3385 W PackageConfigPersister: App-specific configuration not found for packageName: com.android.chrome and userId: 0
10-13 12:09:04.314  1902 23267 I DefaultImeVisibilityApplier: IMMS.showCurrentInputLocked request ims to show inputMethod.
10-13 12:09:04.504  1902  3385 I InputMethodManagerService: IMMS.showSoftInput(), client = com.android.internal.inputmethod.IInputMethodClient$Stub$Proxy@b1eaaea
10-13 12:09:04.504  1902  3385 I InputMethodManagerService: IMMS.showCurrentInputLocked(), flags = 0
10-13 12:09:04.504  1902  3385 D SmartPower: com.google.android.inputmethod.latin/10196(22721): show input method
10-13 12:09:04.504  1902  3385 I DefaultImeVisibilityApplier: IMMS.showCurrentInputLocked request ims to show inputMethod.
10-13 12:09:04.517  1902 23267 D CoreBackPreview: Window{75116e2 u0 com.android.chrome/org.chromium.chrome.browser.ChromeTabbedActivity}: Setting back callback OnBackInvokedCallbackInfo{mCallback=android.window.IOnBackInvokedCallback$Stub$Proxy@f1e41db, mPriority=0, mIsAnimationCallback=false}
10-13 12:09:04.517  1902 23161 I InputMethodManagerService: IMMS.applyImeVisibility(), setVisible = true, mCurclient = ClientState{6052a21 mUid=10190 mPid=9617 mSelfReportedDisplayId=0}
10-13 12:09:04.517  1902 23161 I WindowManager: WMS.showImePostLayout(), imeTarget = Window{75116e2 u0 com.android.chrome/org.chromium.chrome.browser.ChromeTabbedActivity}
10-13 12:09:04.525  2983  3075 D MiuiFreeformModeController: avoidForInsetsBottomChangedIfNeed oldMoveableBottom: 2270 newMoveableBounds: 2270
10-13 12:09:04.529  1902 23161 I WindowManager: Relayout Window{6a76de5 u0 InputMethod}: oldVis=8 newVis=0 focusMayChange = true requestedWidth = 1080 requestedHeight = 2306 outFrames = ClientWindowFrames{frame=[0,94][1080,2400] display=[0,94][1080,2400] parentFrame=[0,0][0,0]} outSurfaceControl = Surface(name=InputMethod#29300)/@0xf3520b7
10-13 12:09:04.536  2983  3075 D MiuiFreeformModeController: avoidForInsetsBottomChangedIfNeed oldMoveableBottom: 2270 newMoveableBounds: 2270
10-13 12:09:04.563  1902 23267 W WindowManager: finishDrawingWindow: Window{6a76de5 u0 InputMethod} mDrawState=DRAW_PENDING
