10-09 13:26:59.601  2042  4020 I WindowManager: WMS.showImePostLayout(), imeTarget = Window{48a95a7 u0 eu.europa.ec.euidi/eu.europa.ec.assemblylogic.ui.MainActivity}
10-09 13:26:59.602  2042  6997 D ActivityManager: checkAllowBackground: uid=10163 pkg=com.google.android.gms rec=UidRecord{3efeecd u0a163 FGS  change:procadj procs:0 seq(616601,425084)} caps=LCMNFU always=false idle=false
10-09 13:26:59.603  2042  2693 I ImeInsetsSourceProvider: ImeInsetsSourceProvider.scheduleShowImePostLayout() Run showImeRunner.
10-09 13:26:59.603  2042  2693 I ImeInsetsSourceProvider: ImeInsetsSourceProvider.scheduleShowImePostLayout() isReadyToShowIme.
10-09 13:26:59.606  4304  4484 D OneHandedController: stopOneHanded state is 0
10-09 13:26:59.608  2042  3096 I InputMethodManagerService: IMMS.applyImeVisibility(), setVisible = true, mCurclient = ClientState{e354144 mUid=10030 mPid=22433 mSelfReportedDisplayId=0}
10-09 13:26:59.609  2042  3096 I WindowManager: WMS.showImePostLayout(), imeTarget = Window{48a95a7 u0 eu.europa.ec.euidi/eu.europa.ec.assemblylogic.ui.MainActivity}
10-09 13:26:59.610  2042  2693 I ImeInsetsSourceProvider: ImeInsetsSourceProvider.scheduleShowImePostLayout() Run showImeRunner.
10-09 13:26:59.610  2042  2693 I ImeInsetsSourceProvider: ImeInsetsSourceProvider.scheduleShowImePostLayout() isReadyToShowIme.
10-09 13:26:59.613  2042  8301 D ActivityManager: checkAllowBackground: uid=10163 pkg=com.google.android.gms rec=UidRecord{3efeecd u0a163 FGS  change:procadj procs:0 seq(616605,425084)} caps=LCMNFU always=false idle=false
10-09 13:26:59.615  4304  4484 D OneHandedController: stopOneHanded state is 0
10-09 13:27:00.000  2042  3123 D ActivityManager: checkAllowBackground: uid=1000 pkg=android rec=UidRecord{b77cac0 1000 PER  fgServices allowlist change:procadj procs:0 seq(616587,448524)} caps=LCMNFU always=false idle=false
10-09 13:27:00.000  2042  3123 D AlarmManager: mBroadcastRefCount -> 1
10-09 13:27:00.002  2042  2042 D AlarmManager: mBroadcastRefCount -> 0
10-09 13:27:00.002  2042  2042 D AlarmManager: mPendingIntent -> null
10-09 13:27:00.003  2042  3524 I SmartPower: com.google.android.gms/10163(28832): background->idle(31918ms) R(add to whitelist) adj=250.
10-09 13:27:00.003  4304  4304 D ArtChoreographerMonitor: invoke error.
10-09 13:27:00.183  4304  4304 D ArtChoreographerMonitor: invoke error.
10-09 13:27:00.533  2042  3096 D WindowManagerService: checkFlipFullScreenChange is same, nowIsFullScreen = false
10-09 13:27:00.536  2042  3096 W PresentationStatsEventLogger: Shouldn't be logging AutofillPresentationEventReported again for same event
10-09 13:27:00.536  2042  3096 E AutofillSession: Not starting a new partition on 1073741824:650@708905008 because session 708905008 reached maximum of 10
10-09 13:27:00.555  2042  3096 I InputMethodManagerService: IMMS.showCurrentInputLocked(), flags = 1
10-09 13:27:00.555  2042  3096 D SmartPower: com.google.android.inputmethod.latin/10176(6431): show input method
10-09 13:27:00.555  2042  3096 I DefaultImeVisibilityApplier: IMMS.showCurrentInputLocked request ims to show inputMethod.
10-09 13:27:00.558  2042  3095 W PackageConfigPersister: App-specific configuration not found for packageName: eu.europa.ec.euidi and userId: 0
10-09 13:27:00.572  2042  3096 I InputMethodManagerService: IMMS.showSoftInput(), client = com.android.internal.inputmethod.IInputMethodClient$Stub$Proxy@79d2b1
10-09 13:27:00.573  2042  3096 I InputMethodManagerService: IMMS.showCurrentInputLocked(), flags = 0
10-09 13:27:00.573  2042  3096 D SmartPower: com.google.android.inputmethod.latin/10176(6431): show input method
10-09 13:27:00.574  2042  3096 I DefaultImeVisibilityApplier: IMMS.showCurrentInputLocked request ims to show inputMethod.
10-09 13:27:00.598  2042  6971 I InputMethodManagerService: IMMS.applyImeVisibility(), setVisible = true, mCurclient = ClientState{e354144 mUid=10030 mPid=22433 mSelfReportedDisplayId=0}
10-09 13:27:00.599  2042  6971 I WindowManager: WMS.showImePostLayout(), imeTarget = Window{48a95a7 u0 eu.europa.ec.euidi/eu.europa.ec.assemblylogic.ui.MainActivity}
10-09 13:27:00.601  2042  2693 I ImeInsetsSourceProvider: ImeInsetsSourceProvider.scheduleShowImePostLayout() Run showImeRunner.
10-09 13:27:00.601  2042  2693 I ImeInsetsSourceProvider: ImeInsetsSourceProvider.scheduleShowImePostLayout() isReadyToShowIme.
10-09 13:27:00.605  2042  8301 D ActivityManager: checkAllowBackground: uid=10163 pkg=com.google.android.gms rec=UidRecord{3efeecd u0a163 FGS  change:procadj procs:0 seq(616609,425084)} caps=LCMNFU always=false idle=false
10-09 13:27:00.608  2042  6971 I InputMethodManagerService: IMMS.applyImeVisibility(), setVisible = true, mCurclient = ClientState{e354144 mUid=10030 mPid=22433 mSelfReportedDisplayId=0}
10-09 13:27:00.608  2042  6971 I WindowManager: WMS.showImePostLayout(), imeTarget = Window{48a95a7 u0 eu.europa.ec.euidi/eu.europa.ec.assemblylogic.ui.MainActivity}
10-09 13:27:00.609  4304  4484 D OneHandedController: stopOneHanded state is 0
10-09 13:27:00.611  2042  2693 I ImeInsetsSourceProvider: ImeInsetsSourceProvider.scheduleShowImePostLayout() Run showImeRunner.
10-09 13:27:00.612  2042  2693 I ImeInsetsSourceProvider: ImeInsetsSourceProvider.scheduleShowImePostLayout() isReadyToShowIme.
10-09 13:27:00.617  4304  4484 D OneHandedController: stopOneHanded state is 0
10-09 13:27:01.000  2042  3123 D AlarmManager: mBroadcastRefCount -> 1
10-09 13:27:01.002  2042  2075 D ActivityManager: checkAllowBackground: uid=1000 pkg=android rec=UidRecord{b77cac0 1000 PER  fgServices allowlist change:procadj procs:0 seq(616587,448524)} caps=LCMNFU always=false idle=false
10-09 13:27:01.002  2042  2042 D AlarmManager: mBroadcastRefCount -> 0
10-09 13:27:01.002  2042  2042 D AlarmManager: mPendingIntent -> PendingIntent{659bd1f: PendingIntentRecord{cf286c android broadcastIntent}}
10-09 13:27:01.212  2042  3096 D WindowManagerService: checkFlipFullScreenChange is same, nowIsFullScreen = false
10-09 13:27:01.214  2042  3096 W PresentationStatsEventLogger: Shouldn't be logging AutofillPresentationEventReported again for same event
10-09 13:27:01.215  2042  3096 E AutofillSession: Not starting a new partition on 1073741824:659@708905008 because session 708905008 reached maximum of 10
10-09 13:27:01.232  2042  3096 I InputMethodManagerService: IMMS.showCurrentInputLocked(), flags = 1
10-09 13:27:01.232  2042  3096 D SmartPower: com.google.android.inputmethod.latin/10176(6431): show input method
10-09 13:27:01.232  2042  3096 I DefaultImeVisibilityApplier: IMMS.showCurrentInputLocked request ims to show inputMethod.
10-09 13:27:01.237  2042  6971 W PackageConfigPersister: App-specific configuration not found for packageName: eu.europa.ec.euidi and userId: 0
10-09 13:27:01.253  2042  6971 I InputMethodManagerService: IMMS.showSoftInput(), client = com.android.internal.inputmethod.IInputMethodClient$Stub$Proxy@25331b3
10-09 13:27:01.253  2042  6971 I InputMethodManagerService: IMMS.showCurrentInputLocked(), flags = 0
10-09 13:27:01.253  2042  6971 D SmartPower: com.google.android.inputmethod.latin/10176(6431): show input method
10-09 13:27:01.253  2042  6971 I DefaultImeVisibilityApplier: IMMS.showCurrentInputLocked request ims to show inputMethod.
10-09 13:27:01.277  2042  3095 I InputMethodManagerService: IMMS.applyImeVisibility(), setVisible = true, mCurclient = ClientState{e354144 mUid=10030 mPid=22433 mSelfReportedDisplayId=0}
10-09 13:27:01.277  2042  3095 I WindowManager: WMS.showImePostLayout(), imeTarget = Window{48a95a7 u0 eu.europa.ec.euidi/eu.europa.ec.assemblylogic.ui.MainActivity}
10-09 13:27:01.278  2042  8301 D ActivityManager: checkAllowBackground: uid=10163 pkg=com.google.android.gms rec=UidRecord{3efeecd u0a163 FGS  change:procadj procs:0 seq(616613,425084)} caps=LCMNFU always=false idle=false
10-09 13:27:01.281  2042  2693 I ImeInsetsSourceProvider: ImeInsetsSourceProvider.scheduleShowImePostLayout() Run showImeRunner.
10-09 13:27:01.281  2042  2693 I ImeInsetsSourceProvider: ImeInsetsSourceProvider.scheduleShowImePostLayout() isReadyToShowIme.
10-09 13:27:01.287  2042  8301 I InputMethodManagerService: IMMS.applyImeVisibility(), setVisible = true, mCurclient = ClientState{e354144 mUid=10030 mPid=22433 mSelfReportedDisplayId=0}
10-09 13:27:01.287  4304  4484 D OneHandedController: stopOneHanded state is 0
10-09 13:27:01.287  2042  8301 I WindowManager: WMS.showImePostLayout(), imeTarget = Window{48a95a7 u0 eu.europa.ec.euidi/eu.europa.ec.assemblylogic.ui.MainActivity}
10-09 13:27:01.290  2042  2693 I ImeInsetsSourceProvider: ImeInsetsSourceProvider.scheduleShowImePostLayout() Run showImeRunner.
10-09 13:27:01.291  2042  2693 I ImeInsetsSourceProvider: ImeInsetsSourceProvider.scheduleShowImePostLayout() isReadyToShowIme.
10-09 13:27:01.296  4304  4484 D OneHandedController: stopOneHanded state is 0
10-09 13:27:01.296  2042  3095 D ActivityManager: checkAllowBackground: uid=10163 pkg=com.google.android.gms rec=UidRecord{3efeecd u0a163 FGS  change:procadj procs:0 seq(616617,425084)} caps=LCMNFU always=false idle=false
10-09 13:27:01.886  2042  8301 D WindowManagerService: checkFlipFullScreenChange is same, nowIsFullScreen = false
10-09 13:27:01.966  4304  4484 D MiuiFreeformModeController: avoidForInsetsBottomChangedIfNeed oldMoveableBottom: 2270 newMoveableBounds: 2270
10-09 13:27:01.966  4304  4484 D ImePositionProcessor: onImeVisibilityChanged     isShowing:  false
10-09 13:27:01.968  2042  2693 I WindowManager: input method visible height changed 0
10-09 13:27:01.968  2042  3126 I ITouchFeature: current device and process support version:2
10-09 13:27:01.970  4304  4484 D MiuiFreeformModeController: onImeVisibilityChanged imeVisible: false imeHeight: 0 adjustedForRotation:false
10-09 13:27:01.970  4304  4484 D MiuiFreeformModeAvoidAlgorithm: begin autoOrderingAvoidMiniTask
10-09 13:27:01.970  4304  4484 D MiuiFreeformModeAvoidAlgorithm: getCurrMiniPos: SameSideMiniPosList: []
10-09 13:27:01.970  4304  4484 D MiuiFreeformModeAvoidAlgorithm: getCurrMiniPos: SameSideMiniPosList: []
10-09 13:27:01.970  4304  4484 D MiuiFreeformModeAvoidAlgorithm: end autoOrderingAvoidMiniTask res:AvoidResult{distance=0, combination={}, activeTaskPos=Rect(0, 0 - 0, 0)}
10-09 13:27:01.979  2042  4020 W PackageConfigPersister: App-specific configuration not found for packageName: eu.europa.ec.euidi and userId: 0
10-09 13:27:01.990  4304  4304 D ArtChoreographerMonitor: invoke error.
10-09 13:27:01.990  2042  8301 I InputMethodManagerService: IMMS.applyImeVisibility(), setVisible = false, mCurclient = ClientState{e354144 mUid=10030 mPid=22433 mSelfReportedDisplayId=0}
10-09 13:27:01.991  2042  8301 I InputMethodManagerService: IMMS.applyImeVisibility(), setVisible = false, mCurclient = ClientState{e354144 mUid=10030 mPid=22433 mSelfReportedDisplayId=0}
10-09 13:27:01.994  2042  2073 D CoreBackPreview: Window{48a95a7 u0 eu.europa.ec.euidi/eu.europa.ec.assemblylogic.ui.MainActivity}: Setting back callback OnBackInvokedCallbackInfo{mCallback=android.window.IOnBackInvokedCallback$Stub$Proxy@34bb088, mPriority=0, mIsAnimationCallback=false}
10-09 13:27:02.164  4304  4304 D ArtChoreographerMonitor: invoke error.
10-09 13:27:02.499  2042  8301 I SmartPower: com.google.android.inputmethod.latin/10176(6431): visible->invisible(5511ms) R(become invisible) adj=100.
10-09 13:27:02.499  2042  8301 I SmartPower: com.google.android.inputmethod.latin/10176(6431): invisible->background(1ms) R(become background) adj=100.
10-09 13:27:02.500  2042  3524 I SmartPower: com.google.android.gms/10163(28832): idle->background(2498ms) R(add to whitelist) adj=250.
10-09 13:27:02.501  4304  4484 D MiuiFreeformModeController: avoidForInsetsBottomChangedIfNeed oldMoveableBottom: 2270 newMoveableBounds: 2270
10-09 13:27:02.506  4304  4484 D MiuiFreeformModeController: avoidForInsetsBottomChangedIfNeed oldMoveableBottom: 2270 newMoveableBounds: 2270
10-09 13:27:02.599  2183  2183 I wificond: station_bandwidth: P
10-09 13:27:02.601  4304  4304 D ArtChoreographerMonitor: invoke error.
10-09 13:27:02.779  4304  4304 D ArtChoreographerMonitor: invoke error.
10-09 13:27:05.369  2042  2073 D PackageParserImpl: dump dex file,file message: base.vdex: 6501Kb 
10-09 13:27:05.500  2042  3524 I SmartPower: com.google.android.inputmethod.latin/10176(6431): background->idle(3000ms) R(become invisible) adj=100.
10-09 13:27:05.536  2042  2073 D PackageParserImpl: dump dex file,file message: base.vdex: 6501Kb 
10-09 13:27:05.610  2183  2183 I wificond: station_bandwidth: P
10-09 13:27:05.612  4304  4304 D ArtChoreographerMonitor: invoke error.
10-09 13:27:05.780  4304  4304 D ArtChoreographerMonitor: invoke error.
10-09 13:27:06.747  2042  2073 D PackageParserImpl: dump dex file,file message: base.odex: 64Kb base.vdex: 8311Kb 
10-09 13:27:06.902  2042  2073 D PackageParserImpl: dump dex file,file message: base.odex: 64Kb base.vdex: 8311Kb 
10-09 13:27:08.330  2042  2073 D PackageParserImpl: dump dex file,file message: base.odex: 32Kb base.vdex: 1832Kb 
10-09 13:27:08.501  2042  3524 I SmartPower: com.google.android.gms/10163(28832): background->idle(6002ms) R(remove from whitelist) adj=600.
10-09 13:27:08.621  2183  2183 I wificond: station_bandwidth: P
10-09 13:27:08.623  4304  4304 D ArtChoreographerMonitor: invoke error.
10-09 13:27:08.796  4304  4304 D ArtChoreographerMonitor: invoke error.
10-09 13:27:11.003  2042  3110 W ProcessStats: Tracking association SourceState{3682bb3 com.miui.analytics/10093 BFgs #97949} whose proc state 4 is better than process ProcessState{6688729 com.miui.securitycenter.remote/1000 pkg=com.miui.securitycenter} proc state 9 (41 skipped)
10-09 13:27:11.631  2183  2183 I wificond: station_bandwidth: P
10-09 13:27:11.632  4304  4304 D ArtChoreographerMonitor: invoke error.
10-09 13:27:11.803  4304  4304 D ArtChoreographerMonitor: invoke error.
10-09 13:27:11.904   702 22810 I keystore2: system/security/keystore2/src/watchdog.rs:319 - Watchdog thread idle -> terminating. Have a great day.
10-09 13:27:12.165  2042  2073 I SmartPower: com.google.android.gms/10163(28832): idle->background(3664ms) R(service unbind com.google.android.gms/.chimera.GmsInternalApiService) adj=600.
10-09 13:27:12.432  2042  2702 D HeapUsage Monitor: HeapAllocSize : 84MB; monitorSize : 500MB
10-09 13:27:12.637  2042  8301 D PackageParserImpl: dump dex file,file message: base.odex: 240Kb base.vdex: 578Kb 
10-09 13:27:12.903  2042  8301 D PackageParserImpl: dump dex file,file message: base.odex: 240Kb base.vdex: 578Kb 
10-09 13:27:13.098  2042  8301 I SmartPower: com.google.android.googlequicksearchbox:googleapp/10167(12370): idle->background(528855ms) R(service create com.google.android.googlequicksearchbox/com.google.android.libraries.search.integrations.tiktok.RemoteWorkerService_googleapp) adj=0.
10-09 13:27:13.253  2042  2073 D ActivityManager: checkAllowBackground: uid=1000 pkg=android rec=UidRecord{b77cac0 1000 PER  fgServices change:procadj procs:0 seq(616731,448524)} caps=LCMNFU always=false idle=false
10-09 13:27:13.254  2042  3110 D ActivityManager: checkAllowBackground: uid=10167 pkg=com.google.android.googlequicksearchbox rec=UidRecord{12ca7dd u0a167 BFGS change:procadj procs:0 seq(616743,396318)} caps=LCMNFU always=false idle=false
10-09 13:27:13.259  2042  3110 I SmartPower: com.google.android.googlequicksearchbox:search/10167(12381): idle->background(610664ms) R(service create com.google.android.googlequicksearchbox/androidx.work.impl.background.systemjob.SystemJobService) adj=0.
10-09 13:27:13.266  2042  8301 D ActivityManager: checkAllowBackground: uid=10167 pkg=com.google.android.googlequicksearchbox rec=UidRecord{12ca7dd u0a167 BFGS change:procadj procs:0 seq(616757,396318)} caps=LCMNFU always=false idle=false
10-09 13:27:13.277  2042  8301 D ActivityManager: checkAllowBackground: uid=10167 pkg=com.google.android.googlequicksearchbox rec=UidRecord{12ca7dd u0a167 BFGS change:procadj procs:0 seq(616757,396318)} caps=LCMNFU always=false idle=false
10-09 13:27:13.283  2042  8301 D ActivityManager: checkAllowBackground: uid=10167 pkg=com.google.android.googlequicksearchbox rec=UidRecord{12ca7dd u0a167 BFGS change:procadj procs:0 seq(616757,396318)} caps=LCMNFU always=false idle=false
10-09 13:27:13.289  2042  8301 W JobScheduler: Job didn't exist in JobStore: 
10-09 13:27:13.297  2042  8301 D ActivityManager: checkAllowBackground: uid=10167 pkg=com.google.android.googlequicksearchbox rec=UidRecord{12ca7dd u0a167 BFGS change:procadj procs:0 seq(616763,396318)} caps=LCMNFU always=false idle=false
10-09 13:27:13.311  2042  8301 D ActivityManager: checkAllowBackground: uid=10167 pkg=com.google.android.googlequicksearchbox rec=UidRecord{12ca7dd u0a167 BFGS change:procadj procs:0 seq(616763,396318)} caps=LCMNFU always=false idle=false
10-09 13:27:13.318  2042  8301 D PackageParserImpl: dump dex file,file message: base.odex: 240Kb base.vdex: 578Kb 
10-09 13:27:13.325  2042  2073 D ActivityManager: checkAllowBackground: uid=10167 pkg=com.google.android.googlequicksearchbox rec=UidRecord{12ca7dd u0a167 BFGS change:procadj procs:0 seq(616772,396318)} caps=LCMNFU always=false idle=false
10-09 13:27:13.338  2042  2073 D ActivityManager: checkAllowBackground: uid=10167 pkg=com.google.android.googlequicksearchbox rec=UidRecord{12ca7dd u0a167 BFGS change:procadj procs:0 seq(616772,396318)} caps=LCMNFU always=false idle=false
10-09 13:27:13.491  2042  2073 I ActivityManager: Force stopping eu.europa.ec.euidi appid=10030 user=0: from process:23101
10-09 13:27:13.491  2042  3515 E ProcessManager: error write exception log
10-09 13:27:13.494  2042  2074 D DisplayManagerService: Drop pending events for gone uid 10030
10-09 13:27:13.496  2042  2073 I ActivityManager: Killing 22433:eu.europa.ec.euidi/u0a30 (adj 0): stop eu.europa.ec.euidi due to from process:23101
10-09 13:27:13.499  2042  2073 W ActivityTaskManager: Force removing ActivityRecord{5bb14f7 u0 eu.europa.ec.euidi/eu.europa.ec.assemblylogic.ui.MainActivity t6464 f}}: app died, no saved state
10-09 13:27:13.500  2042  2073 D WindowManager: Requesting StartTransition: TransitionRecord{ec3f916 id=281 type=CLOSE flags=0x0}
10-09 13:27:13.500  2042  2073 D WindowManager: Collecting in transition 281: Task{a8245cd #6464 type=standard A=10030:eu.europa.ec.euidi} init visibleRequested:true
10-09 13:27:13.501  2042  2073 D WindowManager: Collecting in transition 281: ActivityRecord{5bb14f7 u0 eu.europa.ec.euidi/eu.europa.ec.assemblylogic.ui.MainActivity t6464 f}} init visibleRequested:false
10-09 13:27:13.502  2042  2073 D WindowManager: wms.Input focus has changed to null display=0 updateInputWindows = true
10-09 13:27:13.502  2042  2073 I MultiSenceManagerInternalStub: getInstance
10-09 13:27:13.504  2042  2073 D WindowManager: Collecting in transition 281: ActivityRecord{1b6b9ad u0 com.android.chrome/org.chromium.chrome.browser.ChromeTabbedActivity t6447} init visibleRequested:false
10-09 13:27:13.506  2042  2073 I SmartPower: com.android.chrome:privileged_process0/10172(17266): idle->invisible(22233ms) R(become foreground) adj=700.
10-09 13:27:13.506  2042  2073 I SmartPower: com.android.chrome/10172(17153): idle->invisible(22233ms) R(become foreground) adj=700.
10-09 13:27:13.506  2042  2073 D WindowManager: Collecting in transition 281: ActivityRecord{1b6b9ad u0 com.android.chrome/org.chromium.chrome.browser.ChromeTabbedActivity t6447} init visibleRequested:true
10-09 13:27:13.512  2042  6981 D WindowManager: Set transition=TransitionRecord{ec3f916 id=281 type=CLOSE flags=0x0}, ready=true, SyncId=281 
10-09 13:27:13.514  2042  2690 D Aurogon :  uid = 10172 switch to FG
10-09 13:27:13.514  2042  2693 I BLASTSyncEngine: SyncGroup 281:  Unfinished container:ActivityRecord{1b6b9ad u0 com.android.chrome/org.chromium.chrome.browser.ChromeTabbedActivity t6447}
10-09 13:27:13.514  2042  2693 I BLASTSyncEngine: isActivitySyncFinished isSyncFinished false ActivityRecord{1b6b9ad u0 com.android.chrome/org.chromium.chrome.browser.ChromeTabbedActivity t6447}
10-09 13:27:13.515  4304  4484 D MiuiFullScreenTaskRepository: removeFocusedTask displayId=0
10-09 13:27:13.515  4304  4484 D MiuiFullScreenTaskRepository: addOrUpdateFullScreenTaskInfo taskId=6464, topActivity=null
10-09 13:27:13.515  4304  4484 D MiuiFullScreenTaskRepository: addOrUpdateFullScreenTaskInfo taskId=6447, topActivity=ComponentInfo{com.android.chrome/org.chromium.chrome.browser.ChromeTabbedActivity}
10-09 13:27:13.520  2042  2073 D WindowManager: Set transition=TransitionRecord{ec3f916 id=281 type=CLOSE flags=0x0}, ready=true, SyncId=281 
10-09 13:27:13.521  2042  2073 I AppsFilter: interaction: PackageSetting{12f5306 io.appium.uiautomator2.server.test/10767} -> PackageSetting{2007c84 eu.europa.ec.euidi/10030} BLOCKED
10-09 13:27:13.521  2042  2073 I AppsFilter: interaction: PackageSetting{e02bff4 com.fido.asm/10104} -> PackageSetting{2007c84 eu.europa.ec.euidi/10030} BLOCKED
10-09 13:27:13.521  2042  2073 I AppsFilter: interaction: PackageSetting{860431d io.appium.uiautomator2.server/10769} -> PackageSetting{2007c84 eu.europa.ec.euidi/10030} BLOCKED
10-09 13:27:13.521  2042  2073 I AppsFilter: interaction: PackageSetting{add9992 io.appium.settings/10611} -> PackageSetting{2007c84 eu.europa.ec.euidi/10030} BLOCKED
10-09 13:27:13.522  2042  6971 D CompatibilityChangeReporter: Compat change id reported: 319212206; UID 10172; state: ENABLED
10-09 13:27:13.534  2042  6997 D CompatibilityChangeReporter: Compat change id reported: 161145287; UID 10172; state: ENABLED
10-09 13:27:13.544  2042  8301 D CoreBackPreview: Window{edce952 u0 com.android.chrome/org.chromium.chrome.browser.ChromeTabbedActivity}: Setting back callback OnBackInvokedCallbackInfo{mCallback=android.window.IOnBackInvokedCallback$Stub$Proxy@6106652, mPriority=0, mIsAnimationCallback=true}
10-09 13:27:13.546  2042  3095 D AutofillSession: handling death of Token{44a5e82 ActivityRecord{5bb14f7 u0 eu.europa.ec.euidi/eu.europa.ec.assemblylogic.ui.MainActivity t6464 f} isExiting}} when saving=false
10-09 13:27:13.548  2042  3095 I WindowManager: WIN DEATH: Window{48a95a7 u0 eu.europa.ec.euidi/eu.europa.ec.assemblylogic.ui.MainActivity}
10-09 13:27:13.550  2042  3095 I BLASTSyncEngine: SyncGroup 281:  Unfinished container:ActivityRecord{1b6b9ad u0 com.android.chrome/org.chromium.chrome.browser.ChromeTabbedActivity t6447}
10-09 13:27:13.550  2042  3095 I BLASTSyncEngine: isActivitySyncFinished isSyncFinished false ActivityRecord{1b6b9ad u0 com.android.chrome/org.chromium.chrome.browser.ChromeTabbedActivity t6447}
10-09 13:27:13.589  2042  2892 W ProcessCpuTracker: Failed to stat(/proc/23098): android.system.ErrnoException: stat failed: ENOENT (No such file or directory)
10-09 13:27:13.589  2042  2892 W ProcessCpuTracker: Skipping unknown process pid 23098
10-09 13:27:13.589  2042  2892 W ProcessCpuTracker: Failed to stat(/proc/23101): android.system.ErrnoException: stat failed: ENOENT (No such file or directory)
10-09 13:27:13.589  2042  2892 W ProcessCpuTracker: Skipping unknown process pid 23101
10-09 13:27:13.598  4304 26581 D MiuiFreeformModeObserver: activityResumed() intent Intent { cmp=com.android.chrome/org.chromium.chrome.browser.ChromeTabbedActivity (has extras) }
10-09 13:27:13.619  2042  4589 I BLASTSyncEngine: SyncGroup 281:  Unfinished container:ActivityRecord{1b6b9ad u0 com.android.chrome/org.chromium.chrome.browser.ChromeTabbedActivity t6447}
10-09 13:27:13.619  2042  4589 I BLASTSyncEngine: isActivitySyncFinished isSyncFinished false ActivityRecord{1b6b9ad u0 com.android.chrome/org.chromium.chrome.browser.ChromeTabbedActivity t6447}
10-09 13:27:13.620  2042  4589 I WindowManager: cancelAnimation removed leash : Surface(name=Surface(name=704023a StatusBar#94)/@0xa8be448 - animation-leash of insets_animation#5555)/@0xe542a9e
10-09 13:27:13.622  2042  4589 I WindowManager: cancelAnimation removed leash : Surface(name=Surface(name=d968687 NavigationBar0#90)/@0x2f479dd - animation-leash of insets_animation#5569)/@0x9c248a5
10-09 13:27:13.624  2042  4589 D WindowManager: wms.Input focus has changed to Window{edce952 u0 com.android.chrome/org.chromium.chrome.browser.ChromeTabbedActivity} display=0 updateInputWindows = true
10-09 13:27:13.624  2042  4589 I MultiSenceManagerInternalStub: getInstance
10-09 13:27:13.629  2042  2693 W WindowManager: Failed to deliver inset control state change to w=Window{48a95a7 u0 eu.europa.ec.euidi/eu.europa.ec.assemblylogic.ui.MainActivity EXITING}
10-09 13:27:13.629  2042  2693 W WindowManager: android.os.DeadObjectException
10-09 13:27:13.629  2042  2693 W WindowManager: 	at android.os.BinderProxy.transactNative(Native Method)
10-09 13:27:13.629  2042  2693 W WindowManager: 	at android.os.BinderProxy.transact(BinderProxy.java:639)
10-09 13:27:13.629  2042  2693 W WindowManager: 	at android.view.IWindow$Stub$Proxy.insetsControlChanged(IWindow.java:622)
10-09 13:27:13.629  2042  2693 W WindowManager: 	at com.android.server.wm.WindowState.notifyInsetsControlChanged(WindowState.java:4303)
10-09 13:27:13.629  2042  2693 W WindowManager: 	at com.android.server.wm.InsetsStateController.lambda$notifyPendingInsetsControlChanged$3(InsetsStateController.java:386)
10-09 13:27:13.629  2042  2693 W WindowManager: 	at com.android.server.wm.InsetsStateController.$r8$lambda$8yykPRG1GyNq_J17QvL9d5xANMc(Unknown Source:0)
10-09 13:27:13.629  2042  2693 W WindowManager: 	at com.android.server.wm.InsetsStateController$$ExternalSyntheticLambda2.run(Unknown Source:2)
10-09 13:27:13.629  2042  2693 W WindowManager: 	at com.android.server.wm.WindowAnimator.executeAfterPrepareSurfacesRunnables(WindowAnimator.java:303)
10-09 13:27:13.629  2042  2693 W WindowManager: 	at com.android.server.wm.WindowAnimator.animate(WindowAnimator.java:211)
10-09 13:27:13.629  2042  2693 W WindowManager: 	at com.android.server.wm.WindowAnimator.lambda$new$1(WindowAnimator.java:99)
10-09 13:27:13.629  2042  2693 W WindowManager: 	at com.android.server.wm.WindowAnimator.$r8$lambda$aHNu1uhcqxihX5NZc4McDDQPAyw(Unknown Source:0)
10-09 13:27:13.629  2042  2693 W WindowManager: 	at com.android.server.wm.WindowAnimator$$ExternalSyntheticLambda1.doFrame(Unknown Source:2)
10-09 13:27:13.629  2042  2693 W WindowManager: 	at android.view.Choreographer$CallbackRecord.run(Choreographer.java:1652)
10-09 13:27:13.629  2042  2693 W WindowManager: 	at android.view.Choreographer$CallbackRecord.run(Choreographer.java:1663)
10-09 13:27:13.629  2042  2693 W WindowManager: 	at android.view.Choreographer.doCallbacks(Choreographer.java:1160)
10-09 13:27:13.629  2042  2693 W WindowManager: 	at android.view.Choreographer.doFrame(Choreographer.java:1057)
10-09 13:27:13.629  2042  2693 W WindowManager: 	at android.view.Choreographer$FrameDisplayEventReceiver.run(Choreographer.java:1617)
10-09 13:27:13.629  2042  2693 W WindowManager: 	at android.os.Handler.handleCallback(Handler.java:958)
10-09 13:27:13.629  2042  2693 W WindowManager: 	at android.os.Handler.dispatchMessage(Handler.java:99)
10-09 13:27:13.629  2042  2693 W WindowManager: 	at android.os.Looper.loopOnce(Looper.java:222)
10-09 13:27:13.629  2042  2693 W WindowManager: 	at android.os.Looper.loop(Looper.java:314)
10-09 13:27:13.629  2042  2693 W WindowManager: 	at android.os.HandlerThread.run(HandlerThread.java:67)
10-09 13:27:13.629  2042  2693 W WindowManager: 	at com.android.server.ServiceThread.run(ServiceThread.java:46)
10-09 13:27:13.653  2042  4589 D ActivityManager: checkAllowBackground: uid=10163 pkg=com.google.android.gms rec=UidRecord{3efeecd u0a163 BTOP change:procadj procs:0 seq(617031,425084)} caps=LCMNFU always=false idle=false
10-09 13:27:13.673  2042  4020 D WindowManager: wms.finishDrawingLocked: mDrawState=COMMIT_DRAW_PENDING Window{edce952 u0 com.android.chrome/org.chromium.chrome.browser.ChromeTabbedActivity} in Surface(name=com.android.chrome/org.chromium.chrome.browser.ChromeTabbedActivity#5570)/@0xf75a24e
10-09 13:27:13.676  2042  2693 I SmartPower: com.android.chrome/10172(17153): invisible->visible(170ms) R(become visible) adj=101.
10-09 13:27:13.676  2042  3524 I SmartPower: com.google.android.adservices.api/10294(20677): idle->background(20421ms) R(add to whitelist) adj=100.
10-09 13:27:13.676  2042  3524 I SmartPower: com.android.chrome:sandboxed_process0:org.chromium.content.app.SandboxedProcessSeridle->background(19404ms) R(add to whitelist) adj=200.
10-09 13:27:13.676  2042  3524 I SmartPower: com.android.chrome:sandboxed_process0:org.chromium.content.app.SandboxedProcessSeridle->background(19404ms) R(add to whitelist) adj=200.
10-09 13:27:13.676  2042  3524 I SmartPower: com.android.chrome:sandboxed_process0:org.chromium.content.app.SandboxedProcessSeridle->background(19404ms) R(add to whitelist) adj=200.
10-09 13:27:13.676  2042  2693 I WindowManager: wms.showSurfaceRobustly mWin:Window{edce952 u0 com.android.chrome/org.chromium.chrome.browser.ChromeTabbedActivity}
10-09 13:27:13.676  2042  3524 I SmartPower: com.android.chrome:sandboxed_process0:org.chromium.content.app.SandboxedProcessSeridle->background(19403ms) R(add to whitelist) adj=940.
10-09 13:27:13.676  2042  3524 I SmartPower: com.android.chrome:sandboxed_process0:org.chromium.content.app.SandboxedProcessSeridle->background(19403ms) R(add to whitelist) adj=930.
10-09 13:27:13.676  2042  3524 I SmartPower: com.android.chrome:sandboxed_process0:org.chromium.content.app.SandboxedProcessSeridle->background(19403ms) R(add to whitelist) adj=920.
10-09 13:27:13.676  2042  3524 I SmartPower: com.android.chrome:sandboxed_process0:org.chromium.content.app.SandboxedProcessSeridle->background(19403ms) R(add to whitelist) adj=910.
10-09 13:27:13.677  2042  2693 D WindowManager: Final targets: [Task{a8245cd #6464 type=standard A=10030:eu.europa.ec.euidi}, Task{f3a7d2e #6447 type=standard A=10172:com.android.chrome}]
10-09 13:27:13.677  2042  3524 I SmartPower: com.android.chrome:sandboxed_process0:org.chromium.content.app.SandboxedProcessSeridle->background(22341ms) R(add to whitelist) adj=900.
10-09 13:27:13.677  2042  3524 I SmartPower: com.android.chrome:sandboxed_process0:org.chromium.content.app.SandboxedProcessSeridle->background(21032ms) R(add to whitelist) adj=101.
10-09 13:27:13.692  2042  2693 D WindowManager: Calling onTransitionReady info={id=281 t=CLOSE f=0x0 trk=0 r=[0@Point(0, 0)] c=[{WCT{RemoteToken{4d0197e Task{a8245cd #6464 type=standard A=10030:eu.europa.ec.euidi}}} m=CLOSE f=NONE leash=Surface(name=Task=6464#5471)/@0xf155f64 sb=Rect(0, 0 - 1080, 2400) eb=Rect(0, 0 - 1080, 2400) d=0},{WCT{RemoteToken{ab02a8e Task{f3a7d2e #6447 type=standard A=10172:com.android.chrome}}} m=TO_FRONT f=NONE leash=Surface(name=Task=6447#4700)/@0x9b243a9 sb=Rect(0, 0 - 1080, 2400) eb=Rect(0, 0 - 1080, 2400) d=0}] noAni=[false] df=[false] mk=[true] nc=[0]}, mToken=Token{f4e7080 TransitionRecord{ec3f916 id=281 type=CLOSE flags=0x0}}
10-09 13:27:13.692  4304  4304 D ArtChoreographerMonitor: invoke error.
10-09 13:27:13.692  2042  2693 I BLASTSyncEngine: finishNow: after onTransactionReady, mSyncId=281
10-09 13:27:13.694  4304  4484 D MiuiFreeformAnimation: startAnimation change: {WCT{android.window.IWindowContainerToken$Stub$Proxy@f70591e} m=CLOSE f=NONE leash=Surface(name=Task=6464#5471)/@0xd3922a3 sb=Rect(0, 0 - 1080, 2400) eb=Rect(0, 0 - 1080, 2400) d=0} info.getType(): 2
10-09 13:27:13.694  4304  4484 D MiuiFreeformAnimation: startAnimation change: {WCT{android.window.IWindowContainerToken$Stub$Proxy@93145ff} m=TO_FRONT f=NONE leash=Surface(name=Task=6447#4700)/@0x6f399a0 sb=Rect(0, 0 - 1080, 2400) eb=Rect(0, 0 - 1080, 2400) d=0} info.getType(): 2
10-09 13:27:13.694  4304  4484 I MiuiFreeformAnimation: isLaunchWidgetPicker=false,taskInfo.getWindowingMode()=1, taskInfo.getActivityType()=1
10-09 13:27:13.696  4304  4484 W MiuiTaskTransitionHandler: Receive an unknown transition, token=android.os.BinderProxy@38cd45d, type=2
10-09 13:27:13.696  4304  4484 D TransitionAnimationHelper:  load default animation  type = 2 enter = true animAttr = 10 isTask = true translucent = false
10-09 13:27:13.696  4304  4484 D TransitionAnimationHelper:  load default animation  type = 2 enter = false animAttr = 11 isTask = true translucent = false
10-09 13:27:13.698  4304  4520 D ShellTransitions: speed ui!!!!!!!!!!!
10-09 13:27:13.698  4304  4484 D MiuiFullScreenTaskRepository: addOrUpdateFullScreenTaskInfo taskId=6447, topActivity=ComponentInfo{com.android.chrome/org.chromium.chrome.browser.ChromeTabbedActivity}
10-09 13:27:13.698  2042  3500 D GreezeManager:  report signal uid = 10030 pid = 22433is not frozen.
10-09 13:27:13.702  4304  4484 D SoScUtils: monitorTransitionFinished transition:android.os.BinderProxy@38cd45d transaction: android.view.SurfaceControl$Transaction@970aad0 mRequestCloseTransition:null mRequestOpenTransition:null mPairsOpenTransition:null mPairsOpenTransitionNull:null mRequestOpenTriggerTask:-1 mRequestCloseTriggerTask:-1 mOrientationTransition: null mMainStartingTask:-1 mSideStartingTask:-1
10-09 13:27:13.705  2042  4020 W WindowManager: Exception thrown during dispatchAppVisibility Window{48a95a7 u0 eu.europa.ec.euidi/eu.europa.ec.assemblylogic.ui.MainActivity EXITING}
10-09 13:27:13.705  2042  4020 W WindowManager: android.os.DeadObjectException
10-09 13:27:13.705  2042  4020 W WindowManager: 	at android.os.BinderProxy.transactNative(Native Method)
10-09 13:27:13.705  2042  4020 W WindowManager: 	at android.os.BinderProxy.transact(BinderProxy.java:639)
10-09 13:27:13.705  2042  4020 W WindowManager: 	at android.view.IWindow$Stub$Proxy.dispatchAppVisibility(IWindow.java:689)
10-09 13:27:13.705  2042  4020 W WindowManager: 	at com.android.server.wm.WindowState.sendAppVisibilityToClients(WindowState.java:3610)
10-09 13:27:13.705  2042  4020 W WindowManager: 	at com.android.server.wm.WindowContainer.sendAppVisibilityToClients(WindowContainer.java:1307)
10-09 13:27:13.705  2042  4020 W WindowManager: 	at com.android.server.wm.WindowToken.setClientVisible(WindowToken.java:425)
10-09 13:27:13.705  2042  4020 W WindowManager: 	at com.android.server.wm.ActivityRecord.setClientVisible(ActivityRecord.java:8357)
10-09 13:27:13.705  2042  4020 W WindowManager: 	at com.android.server.wm.ActivityRecord.postApplyAnimation(ActivityRecord.java:6774)
10-09 13:27:13.705  2042  4020 W WindowManager: 	at com.android.server.wm.ActivityRecord.commitVisibility(ActivityRecord.java:6717)
10-09 13:27:13.705  2042  4020 W WindowManager: 	at com.android.server.wm.Transition.finishTransition(Transition.java:1432)
10-09 13:27:13.705  2042  4020 W WindowManager: 	at com.android.server.wm.TransitionController.finishTransition(TransitionController.java:1054)
10-09 13:27:13.705  2042  4020 W WindowManager: 	at com.android.server.wm.WindowOrganizerController.finishTransition(WindowOrganizerController.java:478)
10-09 13:27:13.705  2042  4020 W WindowManager: 	at android.window.IWindowOrganizerController$Stub.onTransact(IWindowOrganizerController.java:321)
10-09 13:27:13.705  2042  4020 W WindowManager: 	at com.android.server.wm.WindowOrganizerController.onTransact(WindowOrganizerController.java:218)
10-09 13:27:13.705  2042  4020 W WindowManager: 	at android.os.Binder.execTransactInternal(Binder.java:1351)
10-09 13:27:13.705  2042  4020 W WindowManager: 	at android.os.Binder.execTransact(Binder.java:1282)
10-09 13:27:13.705  2042  4020 W WindowManager: The process may be dead, tid:22433,tgid:-1
10-09 13:27:13.706  2042  4020 I Transition: finishTransition: updateLastSurfacePosition tf=Task{a8245cd #6464 type=standard A=10030:eu.europa.ec.euidi}
10-09 13:27:13.711  2042  4020 I WindowManager: cancelAnimation removed leash : Surface(name=Surface(name=49d5fba InputMethod#118)/@0xbb23dc8 - animation-leash of insets_animation#5557)/@0x6404238
10-09 13:27:13.719  4304  4484 D MiuiFullScreenTaskRepository: addOrUpdateFullScreenTaskInfo taskId=6464, topActivity=null
10-09 13:27:13.721  2042  2693 W ActivityTaskManager: Can't find TaskDisplayArea to determine support for multi window. Task id=6464 attached=false
10-09 13:27:13.722  4304  4484 D MiuiFullScreenTaskRepository: removeFullScreenTask taskId=6464, topActivity=null
10-09 13:27:13.722  4304  4484 D MiuiWindowDecorViewModel: destroyWindowDecoration: taskId=6464, windowingMode=1, mWindowDecorByTaskId.size()=0, callers=com.android.wm.shell.fullscreen.FullscreenTaskListener.onTaskVanished:143 com.android.wm.shell.ShellTaskOrganizer.onTaskVanished:138 android.window.TaskOrganizer$1.lambda$onTaskVanished$5:391 android.window.TaskOrganizer$1.$r8$lambda$cnLAmEuLf_BQ_jFuhQbGGs5ghXo:0 android.window.TaskOrganizer$1$$ExternalSyntheticLambda14.run:4 
10-09 13:27:13.724  2042  2692 W ActivityManager: setHasOverlayUi called on unknown pid: 22433
10-09 13:27:13.731  2042  4020 I WindowManager: cancelAnimation removed leash : Surface(name=Surface(name=49d5fba InputMethod#118)/@0xbb23dc8 - animation-leash of insets_animation#5581)/@0x297b25f
10-09 13:27:13.733  2042  6982 W PackageConfigPersister: App-specific configuration not found for packageName: com.android.chrome and userId: 0
10-09 13:27:13.770  2042  8104 I ActivityManager: clearApplicationUserData eu.europa.ec.euidi appid=10030 user=0 from u2000/23124
10-09 13:27:13.770  2042  8104 I ActivityManager: Force stopping eu.europa.ec.euidi appid=10030 user=0: clear data
10-09 13:27:13.774  2042  8104 I PackageManager: clearApplicationUserData packageName: eu.europa.ec.euidi user: 0 from u1000/2042
10-09 13:27:13.775  2042  2787 I ActivityManager: Force stopping eu.europa.ec.euidi appid=10030 user=-1: clearApplicationUserData
10-09 13:27:13.791  2042  2947 D PermissionManager: writeLegacyPermissionState for user  in 13 ms.
10-09 13:27:13.813  2042  2947 W PackageFreezer: Freeze package eu.europa.ec.euidi about 0.039 seconds for reason: clearApplicationUserData
10-09 13:27:13.814  2042  2947 I AppsFilter: interaction: PackageSetting{12f5306 io.appium.uiautomator2.server.test/10767} -> PackageSetting{2007c84 eu.europa.ec.euidi/10030} BLOCKED
10-09 13:27:13.814  2042  2947 I AppsFilter: interaction: PackageSetting{e02bff4 com.fido.asm/10104} -> PackageSetting{2007c84 eu.europa.ec.euidi/10030} BLOCKED
10-09 13:27:13.814  2042  2947 I AppsFilter: interaction: PackageSetting{860431d io.appium.uiautomator2.server/10769} -> PackageSetting{2007c84 eu.europa.ec.euidi/10030} BLOCKED
10-09 13:27:13.814  2042  2947 I AppsFilter: interaction: PackageSetting{add9992 io.appium.settings/10611} -> PackageSetting{2007c84 eu.europa.ec.euidi/10030} BLOCKED
10-09 13:27:13.815  2042  2947 I AppsFilter: interaction: PackageSetting{12f5306 io.appium.uiautomator2.server.test/10767} -> PackageSetting{2007c84 eu.europa.ec.euidi/10030} BLOCKED
10-09 13:27:13.815  2042  2947 I AppsFilter: interaction: PackageSetting{e02bff4 com.fido.asm/10104} -> PackageSetting{2007c84 eu.europa.ec.euidi/10030} BLOCKED
10-09 13:27:13.815  2042  2947 I AppsFilter: interaction: PackageSetting{860431d io.appium.uiautomator2.server/10769} -> PackageSetting{2007c84 eu.europa.ec.euidi/10030} BLOCKED
10-09 13:27:13.815  2042  2947 I AppsFilter: interaction: PackageSetting{add9992 io.appium.settings/10611} -> PackageSetting{2007c84 eu.europa.ec.euidi/10030} BLOCKED
10-09 13:27:13.823  2042  2947 D ActivityManager: checkAllowBackground: uid=10172 pkg=com.android.chrome rec=UidRecord{b6de705 u0a172 TOP  change:uncachedprocstateprocadj procs:0 seq(617515,616823)} caps=LCMNFU always=true idle=false
10-09 13:27:13.823  2042  2947 I ActivityManager: App 10172/com.android.chrome targets O+, restricted
10-09 13:27:13.823  2042  2947 D ActivityManager: checkAllowBackground: uid=10172 pkg=com.android.chrome startMode=2 onallowlist=false onallowlist(ei)=false
10-09 13:27:13.823  2042  2947 D ActivityManager: checkAllowBackground: uid=10164 pkg=com.android.vending rec=UidRecord{aee57a7 u0a164 BTOP change:procadj procs:0 seq(617519,616827)} caps=---NFU always=true idle=false
10-09 13:27:13.823  2042  2947 I ActivityManager: App 10164/com.android.vending targets O+, restricted
10-09 13:27:13.823  2042  2947 D ActivityManager: checkAllowBackground: uid=10164 pkg=com.android.vending startMode=2 onallowlist=false onallowlist(ei)=true
10-09 13:27:13.823  2042  2947 D ActivityManager: checkAllowBackground: uid=10066 pkg=com.google.android.documentsui rec=UidRecord{60188cf u0a66 CEM  idle change:procadj procs:0 seq(617550,453049)} caps=------ always=true idle=true
10-09 13:27:13.823  2042  2947 I ActivityManager: App 10066/com.google.android.documentsui targets O+, restricted
10-09 13:27:13.823  2042  2947 D ActivityManager: checkAllowBackground: uid=10066 pkg=com.google.android.documentsui startMode=2 onallowlist=false onallowlist(ei)=false
10-09 13:27:13.823  2042  2947 D ActivityManager: checkAllowBackground: uid=10163 pkg=com.google.android.gms rec=UidRecord{3efeecd u0a163 BTOP change:procadj procs:0 seq(617520,425084)} caps=LCMNFU always=true idle=false
10-09 13:27:13.823  2042  2947 I ActivityManager: App 10163/com.google.android.gms targets O+, restricted
10-09 13:27:13.823  2042  2947 D ActivityManager: checkAllowBackground: uid=10163 pkg=com.google.android.gms startMode=2 onallowlist=true onallowlist(ei)=true
10-09 13:27:13.823  2042  2947 D ActivityManager: checkAllowBackground: uid=10214 pkg=com.google.android.permissioncontroller rec=UidRecord{a354148 u0a214 CEM  bg:+46m6s310ms idle change:procadj procs:0 seq(617499,447601)} caps=------ always=true idle=true
10-09 13:27:13.823  2042  2947 I ActivityManager: App 10214/com.google.android.permissioncontroller targets O+, restricted
10-09 13:27:13.823  2042  2947 D ActivityManager: checkAllowBackground: uid=10214 pkg=com.google.android.permissioncontroller startMode=2 onallowlist=false onallowlist(ei)=false
10-09 13:27:13.823  2042  2947 D ActivityManager: checkAllowBackground: uid=10214 pkg=com.google.android.permissioncontroller rec=UidRecord{a354148 u0a214 CEM  bg:+46m6s310ms idle change:procadj procs:0 seq(617499,447601)} caps=------ always=true idle=true
10-09 13:27:13.823  2042  2947 I ActivityManager: App 10214/com.google.android.permissioncontroller targets O+, restricted
10-09 13:27:13.823  2042  2947 D ActivityManager: checkAllowBackground: uid=10214 pkg=com.google.android.permissioncontroller startMode=2 onallowlist=false onallowlist(ei)=false
10-09 13:27:13.823  2042  2947 D ActivityManager: checkAllowBackground: uid=10214 pkg=com.google.android.permissioncontroller rec=UidRecord{a354148 u0a214 CEM  bg:+46m6s310ms idle change:procadj procs:0 seq(617499,447601)} caps=------ always=true idle=true
10-09 13:27:13.823  2042  2947 I ActivityManager: App 10214/com.google.android.permissioncontroller targets O+, restricted
10-09 13:27:13.823  2042  2947 D ActivityManager: checkAllowBackground: uid=10214 pkg=com.google.android.permissioncontroller startMode=2 onallowlist=false onallowlist(ei)=false
10-09 13:27:13.823  2042  2947 D ActivityManager: checkAllowBackground: uid=10214 pkg=com.google.android.permissioncontroller rec=UidRecord{a354148 u0a214 CEM  bg:+46m6s310ms idle change:procadj procs:0 seq(617499,447601)} caps=------ always=true idle=true
10-09 13:27:13.823  2042  2947 I ActivityManager: App 10214/com.google.android.permissioncontroller targets O+, restricted
10-09 13:27:13.823  2042  2947 D ActivityManager: checkAllowBackground: uid=10214 pkg=com.google.android.permissioncontroller startMode=2 onallowlist=false onallowlist(ei)=false
10-09 13:27:13.823  2042  2947 D ActivityManager: checkAllowBackground: uid=10214 pkg=com.google.android.permissioncontroller rec=UidRecord{a354148 u0a214 CEM  bg:+46m6s310ms idle change:procadj procs:0 seq(617499,447601)} caps=------ always=true idle=true
10-09 13:27:13.823  2042  2947 I ActivityManager: App 10214/com.google.android.permissioncontroller targets O+, restricted
10-09 13:27:13.823  2042  2947 D ActivityManager: checkAllowBackground: uid=10214 pkg=com.google.android.permissioncontroller startMode=2 onallowlist=false onallowlist(ei)=false
10-09 13:27:13.823  2042  2947 D ActivityManager: checkAllowBackground: uid=10220 pkg=com.google.android.providers.media.module rec=UidRecord{a6df6e5 u0a220 PER  change:procadj procs:0 seq(617498,1260)} caps=LCMNFU always=true idle=false
10-09 13:27:13.823  2042  2947 I ActivityManager: App 10220/com.google.android.providers.media.module targets O+, restricted
10-09 13:27:13.823  2042  2947 D ActivityManager: checkAllowBackground: uid=10220 pkg=com.google.android.providers.media.module startMode=2 onallowlist=false onallowlist(ei)=false
10-09 13:27:13.823  2042  2947 D ActivityManager: checkAllowBackground: uid=10081 pkg=com.mi.android.globallauncher rec=UidRecord{83689b1 u0a81 BFGS change:procadj procs:0 seq(617547,578649)} caps=---NFU always=true idle=false
10-09 13:27:13.823  2042  2947 I ActivityManager: App 10081/com.mi.android.globallauncher targets O+, restricted
10-09 13:27:13.823  2042  2947 D ActivityManager: checkAllowBackground: uid=10081 pkg=com.mi.android.globallauncher startMode=2 onallowlist=false onallowlist(ei)=false
10-09 13:27:13.823  2042  2947 D ActivityManager: checkAllowBackground: uid=10307 pkg=com.xiaomi.aicr rec=UidRecord{72b77d3 u0a307 FGS  fgServices change:procadj procs:0 seq(617485,269851)} caps=---NFU always=true idle=false
10-09 13:27:13.823  2042  2947 I ActivityManager: App 10307/com.xiaomi.aicr targets O+, restricted
10-09 13:27:13.823  2042  2947 D ActivityManager: checkAllowBackground: uid=10307 pkg=com.xiaomi.aicr startMode=2 onallowlist=true onallowlist(ei)=true
10-09 13:27:13.824  2042  2947 D ActivityManager: checkAllowBackground: uid=10595 pkg=com.microsoft.windowsintune.companyportal rec=UidRecord{ef0720b u0a595 CACC bg:+55m9s31ms idle change:procadj procs:0 seq(617482,451866)} caps=------ always=true idle=true
10-09 13:27:13.824  2042  2947 I ActivityManager: App 10595/com.microsoft.windowsintune.companyportal targets O+, restricted
10-09 13:27:13.824  2042  2947 D ActivityManager: checkAllowBackground: uid=10595 pkg=com.microsoft.windowsintune.companyportal startMode=2 onallowlist=false onallowlist(ei)=false
10-09 13:27:13.836  2042  2787 D ActivityManager: checkAllowBackground: uid=10172 pkg=com.android.chrome rec=UidRecord{b6de705 u0a172 TOP  change:uncachedprocstateprocadj procs:0 seq(617515,616823)} caps=LCMNFU always=true idle=false
10-09 13:27:13.836  2042  2787 I ActivityManager: App 10172/com.android.chrome targets O+, restricted
10-09 13:27:13.836  2042  2787 D ActivityManager: checkAllowBackground: uid=10172 pkg=com.android.chrome startMode=2 onallowlist=false onallowlist(ei)=false
10-09 13:27:13.836  8645  8858 W ContextImpl: Calling a method in the system process without a qualified user: android.app.ContextImpl.sendBroadcast:1246 android.content.ContextWrapper.sendBroadcast:520 mb.q.D:34 s2.j.x:27 s2.j.m:0 
10-09 13:27:13.837  2042  2787 D ActivityManager: checkAllowBackground: uid=10163 pkg=com.google.android.gms rec=UidRecord{3efeecd u0a163 BTOP change:procadj procs:0 seq(617567,425084)} caps=LCMNFU always=true idle=false
10-09 13:27:13.837  2042  2787 I ActivityManager: App 10163/com.google.android.gms targets O+, restricted
10-09 13:27:13.837  2042  2787 D ActivityManager: checkAllowBackground: uid=10163 pkg=com.google.android.gms startMode=2 onallowlist=true onallowlist(ei)=true
10-09 13:27:13.838  2042  2787 I SmartPower: com.google.android.documentsui/10066(28203): idle->background(60666ms) R(broadcast start Intent { act=android.intent.action.PACKAGE_DATA_CLEARED dat=package: flg=0x5000010 (has extras) }) adj=935.
10-09 13:27:13.840  2042  2787 D ActivityManager: checkAllowBackground: uid=10066 pkg=com.google.android.documentsui rec=UidRecord{60188cf u0a66 CEM  idle change:procadj procs:0 seq(617550,453049)} caps=------ always=true idle=true
10-09 13:27:13.840  2042  2787 I ActivityManager: App 10066/com.google.android.documentsui targets O+, restricted
10-09 13:27:13.840  2042  2787 D ActivityManager: checkAllowBackground: uid=10066 pkg=com.google.android.documentsui startMode=2 onallowlist=false onallowlist(ei)=false
10-09 13:27:13.841  2042  2787 D ActivityManager: checkAllowBackground: uid=10164 pkg=com.android.vending rec=UidRecord{aee57a7 u0a164 BTOP change:procadj procs:0 seq(617519,616827)} caps=---NFU always=true idle=false
10-09 13:27:13.841  2042  2787 I ActivityManager: App 10164/com.android.vending targets O+, restricted
10-09 13:27:13.841  2042  2787 D ActivityManager: checkAllowBackground: uid=10164 pkg=com.android.vending startMode=2 onallowlist=false onallowlist(ei)=true
10-09 13:27:13.841  2042  2787 I SmartPower: com.android.vending:background/10164(21253): idle->background(60667ms) R(broadcast start Intent { act=android.intent.action.PACKAGE_DATA_CLEARED dat=package: flg=0x5000010 (has extras) }) adj=250.
10-09 13:27:13.844  2042  3550 D ActivityManager: checkAllowBackground: uid=10294 pkg=com.google.android.adservices.api rec=UidRecord{78dc3b7 u0a294 BTOP change:procadj procs:0 seq(617569,377651)} caps=---NFU always=true idle=false
10-09 13:27:13.844  2042  3550 I ActivityManager: App 10294/com.google.android.adservices.api targets O+, restricted
10-09 13:27:13.844  2042  3550 D ActivityManager: checkAllowBackground: uid=10294 pkg=com.google.android.adservices.api startMode=2 onallowlist=false onallowlist(ei)=false
10-09 13:27:13.847  2042  9046 D ActivityManager: checkAllowBackground: uid=10163 pkg=com.google.android.gms rec=UidRecord{3efeecd u0a163 BTOP change:procadj procs:0 seq(617578,425084)} caps=LCMNFU always=false idle=false
10-09 13:27:13.850  2042  2787 D ActivityManager: checkAllowBackground: uid=10214 pkg=com.google.android.permissioncontroller rec=UidRecord{a354148 u0a214 CEM  bg:+46m6s337ms idle change:procadj procs:0 seq(617499,447601)} caps=------ always=true idle=true
10-09 13:27:13.850  2042  2787 I ActivityManager: App 10214/com.google.android.permissioncontroller targets O+, restricted
10-09 13:27:13.850  2042  2787 D ActivityManager: checkAllowBackground: uid=10214 pkg=com.google.android.permissioncontroller startMode=2 onallowlist=false onallowlist(ei)=false
