10-13 12:08:43.272  1902 23161 I AppsFilter: interaction: PackageSetting{e17493b io.appium.uiautomator2.server/10378} -> PackageSetting{57b87d2 cn.wps.xiaomi.abroad.lite/10233} BLOCKED
10-13 12:08:43.272  1902 23161 I AppsFilter: interaction: PackageSetting{e17493b io.appium.uiautomator2.server/10378} -> PackageSetting{76700a3 com.google.android.apps.googleassistant/10169} BLOCKED
10-13 12:08:43.272  1902 23161 I AppsFilter: interaction: PackageSetting{e17493b io.appium.uiautomator2.server/10378} -> PackageSetting{a1f1fa0 com.google.android.onetimeinitializer/10170} BLOCKED
10-13 12:08:43.272  1902 23161 I AppsFilter: interaction: PackageSetting{e17493b io.appium.uiautomator2.server/10378} -> PackageSetting{a36759 com.google.android.ext.shared/10109} BLOCKED
10-13 12:08:43.272  1902 23161 I AppsFilter: interaction: PackageSetting{e17493b io.appium.uiautomator2.server/10378} -> PackageSetting{18ed617 com.android.internal.systemui.navbar.gestural_wide_back/10044} BLOCKED
10-13 12:08:43.272  1902 23161 I AppsFilter: interaction: PackageSetting{e17493b io.appium.uiautomator2.server/10378} -> PackageSetting{6e64f1e com.android.virtualmachine.res/10335} BLOCKED
10-13 12:08:43.272  1902 23161 I AppsFilter: interaction: PackageSetting{e17493b io.appium.uiautomator2.server/10378} -> PackageSetting{b5f03ff com.google.android.server.deviceconfig.resources/10026} BLOCKED
10-13 12:08:43.272  1902 23161 I AppsFilter: interaction: PackageSetting{e17493b io.appium.uiautomator2.server/10378} -> PackageSetting{e695cc com.google.android.apps.podcasts/10226} BLOCKED
10-13 12:08:43.272  1902 23161 I AppsFilter: interaction: PackageSetting{e17493b io.appium.uiautomator2.server/10378} -> PackageSetting{b9a2015 com.android.htmlviewer/10113} BLOCKED
10-13 12:08:43.272  1902 23161 I AppsFilter: interaction: PackageSetting{e17493b io.appium.uiautomator2.server/10378} -> PackageSetting{ba43f2a com.google.android.health.connect.backuprestore/10339} BLOCKED
10-13 12:08:43.272  1902 23161 I AppsFilter: interaction: PackageSetting{e17493b io.appium.uiautomator2.server/10378} -> PackageSetting{4a9e11b com.google.android.apps.messaging/10181} BLOCKED
10-13 12:08:43.272  1902 23161 I AppsFilter: interaction: PackageSetting{e17493b io.appium.uiautomator2.server/10378} -> PackageSetting{4cd42b8 com.sfr.android.sfrjeux/10187} BLOCKED
10-13 12:08:43.272  1902 23161 I AppsFilter: interaction: PackageSetting{e17493b io.appium.uiautomator2.server/10378} -> PackageSetting{809a891 com.ironsource.appcloud.oobe.hutchison/10166} BLOCKED
10-13 12:08:43.272  1902 23161 I AppsFilter: interaction: PackageSetting{e17493b io.appium.uiautomator2.server/10378} -> PackageSetting{e9f23f6 com.google.android.configupdater/10167} BLOCKED
10-13 12:08:43.272  1902 23161 I AppsFilter: interaction: PackageSetting{e17493b io.appium.uiautomator2.server/10378} -> PackageSetting{e1b7a com.google.android.overlay.modules.permissioncontroller/10020} BLOCKED
10-13 12:08:43.272  1902 23161 I AppsFilter: interaction: PackageSetting{e17493b io.appium.uiautomator2.server/10378} -> PackageSetting{cfb73f7 com.android.soundrecorder/10243} BLOCKED
10-13 12:08:43.272  1902 23161 I AppsFilter: interaction: PackageSetting{e17493b io.appium.uiautomator2.server/10378} -> PackageSetting{c6fd264 com.altice.android.myapps/10185} BLOCKED
10-13 12:08:43.272  1902 23161 I AppsFilter: interaction: PackageSetting{e17493b io.appium.uiautomator2.server/10378} -> PackageSetting{b0f3ccd com.google.android.apps.safetyhub/10303} BLOCKED
10-13 12:08:43.273  1902 23161 I AppsFilter: interaction: PackageSetting{e17493b io.appium.uiautomator2.server/10378} -> PackageSetting{d918982 eu.europa.publications.quickborder/10370} BLOCKED
10-13 12:08:43.273  1902 23161 I AppsFilter: interaction: PackageSetting{e17493b io.appium.uiautomator2.server/10378} -> PackageSetting{b0796e5 com.google.ar.core/10265} BLOCKED
10-13 12:08:43.273  1902 23161 I AppsFilter: interaction: PackageSetting{e17493b io.appium.uiautomator2.server/10378} -> PackageSetting{b695893 com.android.simappdialog/10144} BLOCKED
10-13 12:08:43.273  1902 23161 I AppsFilter: interaction: PackageSetting{e17493b io.appium.uiautomator2.server/10378} -> PackageSetting{989b0d0 com.aura.oobe.vodafone/10165} BLOCKED
10-13 12:08:43.273  1902 23161 I AppsFilter: interaction: PackageSetting{e17493b io.appium.uiautomator2.server/10378} -> PackageSetting{1e7a5d com.android.internal.display.cutout.emulation.hole/10005} BLOCKED
10-13 12:08:43.273  1902 23161 I AppsFilter: interaction: PackageSetting{e17493b io.appium.uiautomator2.server/10378} -> PackageSetting{7309fd2 com.android.internal.display.cutout.emulation.tall/10010} BLOCKED
10-13 12:08:43.273  1902 23161 I AppsFilter: interaction: PackageSetting{e17493b io.appium.uiautomator2.server/10378} -> PackageSetting{ed238a3 com.google.android.overlay.healthconnect/10268} BLOCKED
10-13 12:08:43.273  1902 23161 I AppsFilter: interaction: PackageSetting{e17493b io.appium.uiautomator2.server/10378} -> PackageSetting{dd5f7a0 com.android.internal.systemui.navbar.threebutton/10040} BLOCKED
10-13 12:08:43.273  1902 23161 I AppsFilter: interaction: PackageSetting{e17493b io.appium.uiautomator2.server/10378} -> PackageSetting{45fd8c9 com.android.wifi.dialog/10290} BLOCKED
10-13 12:08:43.273  1902 23161 I AppsFilter: interaction: PackageSetting{e17493b io.appium.uiautomator2.server/10378} -> PackageSetting{552bbce com.android.hotwordenrollment.xgoogle/10173} BLOCKED
10-13 12:08:43.273  1902 23161 I AppsFilter: interaction: PackageSetting{e17493b io.appium.uiautomator2.server/10378} -> PackageSetting{8c6eaef com.android.mms/10301} BLOCKED
10-13 12:08:43.273  1902 23161 I AppsFilter: interaction: PackageSetting{e17493b io.appium.uiautomator2.server/10378} -> PackageSetting{c2109fc com.google.android.as/10296} BLOCKED
10-13 12:08:43.273  1902 23161 I AppsFilter: interaction: PackageSetting{e17493b io.appium.uiautomator2.server/10378} -> PackageSetting{43885 com.google.android.gm/10197} BLOCKED
10-13 12:08:43.273  1902 23161 I AppsFilter: interaction: PackageSetting{e17493b io.appium.uiautomator2.server/10378} -> PackageSetting{6e2c6da com.android.compos.payload/10341} BLOCKED
10-13 12:08:43.273  1902 23161 I AppsFilter: interaction: PackageSetting{e17493b io.appium.uiautomator2.server/10378} -> PackageSetting{dc1470b com.google.android.apps.tachyon/10234} BLOCKED
10-13 12:08:43.273  1902 23161 I AppsFilter: interaction: PackageSetting{e17493b io.appium.uiautomator2.server/10378} -> PackageSetting{d871ab8 com.google.android.overlay.gmsconfig.common/10012} BLOCKED
10-13 12:08:43.273  1902 23161 I AppsFilter: interaction: PackageSetting{e17493b io.appium.uiautomator2.server/10378} -> PackageSetting{c72c9e8 com.android.settings.intelligence/10179} BLOCKED
10-13 12:08:43.273  1902 23161 I AppsFilter: interaction: PackageSetting{e17493b io.appium.uiautomator2.server/10378} -> PackageSetting{ec8bbf6 com.android.internal.systemui.navbar.gestural_extra_wide_back/10042} BLOCKED
10-13 12:08:43.273  1902 23161 I AppsFilter: interaction: PackageSetting{e17493b io.appium.uiautomator2.server/10378} -> PackageSetting{7d4d801 com.miui.compass/10237} BLOCKED
10-13 12:08:43.273  1902 23161 I AppsFilter: interaction: PackageSetting{e17493b io.appium.uiautomator2.server/10378} -> PackageSetting{13676a6 com.google.android.setupwizard/10211} BLOCKED
10-13 12:08:43.273  1902 23161 I AppsFilter: interaction: PackageSetting{e17493b io.appium.uiautomator2.server/10378} -> PackageSetting{6bb48e7 com.miui.android.fashiongallery/10231} BLOCKED
10-13 12:08:43.273  1902 23161 I AppsFilter: interaction: PackageSetting{e17493b io.appium.uiautomator2.server/10378} -> PackageSetting{79e9c94 com.facebook.services/10097} BLOCKED
10-13 12:08:43.273  1902 23161 I AppsFilter: interaction: PackageSetting{e17493b io.appium.uiautomator2.server/10378} -> PackageSetting{b5f33d com.android.printspooler/10135} BLOCKED
10-13 12:08:43.273  1902 23161 I AppsFilter: interaction: PackageSetting{e17493b io.appium.uiautomator2.server/10378} -> PackageSetting{bc35732 com.android.hotwordenrollment.okgoogle/10172} BLOCKED
10-13 12:08:43.273  1902 23161 I AppsFilter: interaction: PackageSetting{e17493b io.appium.uiautomator2.server/10378} -> PackageSetting{9698c83 com.google.android.apps.accessibility.auditor/10031} BLOCKED
10-13 12:08:43.273  1902 23161 I AppsFilter: interaction: PackageSetting{e17493b io.appium.uiautomator2.server/10378} -> PackageSetting{b12ee00 org.ifaa.aidl.manager/10155} BLOCKED
10-13 12:08:43.273  1902 23161 I AppsFilter: interaction: PackageSetting{e17493b io.appium.uiautomator2.server/10378} -> PackageSetting{f938639 com.android.dreams.basic/10098} BLOCKED
10-13 12:08:43.273  1902 23161 I AppsFilter: interaction: PackageSetting{e17493b io.appium.uiautomator2.server/10378} -> PackageSetting{dcbb47e com.google.android.as.oss/10302} BLOCKED
10-13 12:08:43.273  1902 23161 I AppsFilter: interaction: PackageSetting{e17493b io.appium.uiautomator2.server/10378} -> PackageSetting{82e6ddf com.duokan.phone.remotecontroller/10241} BLOCKED
10-13 12:08:43.273  1902 23161 I AppsFilter: interaction: PackageSetting{e17493b io.appium.uiautomator2.server/10378} -> PackageSetting{ab8ea2c de.telekom.tsc/10094} BLOCKED
10-13 12:08:43.273  1902 23161 I AppsFilter: interaction: PackageSetting{e17493b io.appium.uiautomator2.server/10378} -> PackageSetting{21d4cf5 com.android.rkpdapp/10337} BLOCKED
10-13 12:08:43.273  1902 23161 I AppsFilter: interaction: PackageSetting{e17493b io.appium.uiautomator2.server/10378} -> PackageSetting{e6a9a8a com.google.android.devicelockcontroller/10141} BLOCKED
10-13 12:08:43.273  1902 23161 I AppsFilter: interaction: PackageSetting{e17493b io.appium.uiautomator2.server/10378} -> PackageSetting{f3608fb com.google.android.dialer/10177} BLOCKED
10-13 12:08:43.273  1902 23161 I AppsFilter: interaction: PackageSetting{e17493b io.appium.uiautomator2.server/10378} -> PackageSetting{de07d18 com.google.android.apps.nbu.files/10259} BLOCKED
10-13 12:08:43.273  1902 23161 I AppsFilter: interaction: PackageSetting{e17493b io.appium.uiautomator2.server/10378} -> PackageSetting{742c371 com.dti.telefonica/10186} BLOCKED
10-13 12:08:43.273  1902 23161 I AppsFilter: interaction: PackageSetting{e17493b io.appium.uiautomator2.server/10378} -> PackageSetting{95fd556 com.google.android.captiveportallogin/10105} BLOCKED
10-13 12:08:43.273  1902 23161 I AppsFilter: interaction: PackageSetting{e17493b io.appium.uiautomator2.server/10378} -> PackageSetting{cc6b3d com.google.android.overlay.gmsconfig.comms/10018} BLOCKED
10-13 12:08:43.273  1902 23161 I AppsFilter: interaction: PackageSetting{e17493b io.appium.uiautomator2.server/10378} -> PackageSetting{de46f32 com.google.android.overlay.gmsconfig.geotz/10014} BLOCKED
10-13 12:08:43.273  1902 23161 I AppsFilter: interaction: PackageSetting{e17493b io.appium.uiautomator2.server/10378} -> PackageSetting{75239d7 com.google.android.appsearch.apk/10038} BLOCKED
10-13 12:08:43.274  1902 23161 I AppsFilter: interaction: PackageSetting{e17493b io.appium.uiautomator2.server/10378} -> PackageSetting{eec52c4 com.google.ambient.streaming/10297} BLOCKED
10-13 12:08:43.274  1902 23161 I AppsFilter: interaction: PackageSetting{e17493b io.appium.uiautomator2.server/10378} -> PackageSetting{36f25ad com.android.musicfx/10328} BLOCKED
10-13 12:08:43.274  1902 23161 I AppsFilter: interaction: PackageSetting{e17493b io.appium.uiautomator2.server/10378} -> PackageSetting{49bf0e2 com.google.android.apps.docs/10242} BLOCKED
10-13 12:08:43.274  1902 23161 I AppsFilter: interaction: PackageSetting{e17493b io.appium.uiautomator2.server/10378} -> PackageSetting{289474 com.google.android.apps.maps/10204} BLOCKED
10-13 12:08:43.274  1902 23161 I AppsFilter: interaction: PackageSetting{e17493b io.appium.uiautomator2.server/10378} -> PackageSetting{c5335ba com.orange.update/10164} BLOCKED
10-13 12:08:43.274  1902 23161 I AppsFilter: interaction: PackageSetting{e17493b io.appium.uiautomator2.server/10378} -> PackageSetting{a969c73 com.google.android.webview/10201} BLOCKED
10-13 12:08:43.274  1902 23161 I AppsFilter: interaction: PackageSetting{e17493b io.appium.uiautomator2.server/10378} -> PackageSetting{d125df com.google.android.overlay.modules.documentsui/10021} BLOCKED
10-13 12:08:43.274  1902 23161 I AppsFilter: interaction: PackageSetting{e17493b io.appium.uiautomator2.server/10378} -> PackageSetting{9bdd730 com.google.android.contactkeys/10362} BLOCKED
10-13 12:08:43.274  1902 23161 I AppsFilter: interaction: PackageSetting{e17493b io.appium.uiautomator2.server/10378} -> PackageSetting{c856fa9 com.google.android.contacts/10189} BLOCKED
10-13 12:08:43.274  1902 23161 I AppsFilter: interaction: PackageSetting{e17493b io.appium.uiautomator2.server/10378} -> PackageSetting{28c392e com.microsoft.windowsintune.companyportal/10365} BLOCKED
10-13 12:08:43.274  1902 23161 I AppsFilter: interaction: PackageSetting{e17493b io.appium.uiautomator2.server/10378} -> PackageSetting{be0505a com.android.chrome/10190} BLOCKED
10-13 12:08:43.274  1902 23161 I AppsFilter: interaction: PackageSetting{e17493b io.appium.uiautomator2.server/10378} -> PackageSetting{4e1365c com.google.android.ims/10168} BLOCKED
10-13 12:08:43.274  1902 23161 I AppsFilter: interaction: PackageSetting{e17493b io.appium.uiautomator2.server/10378} -> PackageSetting{99c5d65 com.android.wifi.resources/10222} BLOCKED
10-13 12:08:43.274  1902 23161 I AppsFilter: interaction: PackageSetting{e17493b io.appium.uiautomator2.server/10378} -> PackageSetting{d26ba3a com.emanuelef.remote_capture/10323} BLOCKED
10-13 12:08:43.274  1902 23161 I AppsFilter: interaction: PackageSetting{e17493b io.appium.uiautomator2.server/10378} -> PackageSetting{91726eb com.google.android.apps.walletnfcrel/10261} BLOCKED
10-13 12:08:43.274  1902 23161 I AppsFilter: interaction: PackageSetting{e17493b io.appium.uiautomator2.server/10378} -> PackageSetting{1795c48 com.google.android.partnersetup/10171} BLOCKED
10-13 12:08:43.274  1902 23161 I AppsFilter: interaction: PackageSetting{e17493b io.appium.uiautomator2.server/10378} -> PackageSetting{27a6ae1 com.google.android.videos/10312} BLOCKED
10-13 12:08:43.274  1902 23161 I AppsFilter: interaction: PackageSetting{e17493b io.appium.uiautomator2.server/10378} -> PackageSetting{d3308e2 com.google.android.overlay.gmsconfig.asi/10266} BLOCKED
10-13 12:08:43.274  1902 23161 I AppsFilter: interaction: PackageSetting{e17493b io.appium.uiautomator2.server/10378} -> PackageSetting{c3bd473 com.google.android.overlay.gmsconfig.gsa/10013} BLOCKED
10-13 12:08:43.274  1902 23161 I AppsFilter: interaction: PackageSetting{e17493b io.appium.uiautomator2.server/10378} -> PackageSetting{5b64006 dev.firebase.appdistribution/10313} BLOCKED
10-13 12:08:43.274  1902 23161 I AppsFilter: interaction: PackageSetting{e17493b io.appium.uiautomator2.server/10378} -> PackageSetting{cf967a9 com.android.theme.font.notoserifsource/10009} BLOCKED
10-13 12:08:43.274  1902 23161 I AppsFilter: interaction: PackageSetting{e17493b io.appium.uiautomator2.server/10378} -> PackageSetting{bf46c7 com.google.android.safetycenter.resources/10220} BLOCKED
10-13 12:08:43.274  1902 23161 I AppsFilter: interaction: PackageSetting{e17493b io.appium.uiautomator2.server/10378} -> PackageSetting{97544cf com.android.internal.display.cutout.emulation.waterfall/10006} BLOCKED
10-13 12:08:43.274  1902 23161 I AppsFilter: interaction: PackageSetting{e17493b io.appium.uiautomator2.server/10378} -> PackageSetting{8ff8e5c com.android.internal.systemui.navbar.transparent/10316} BLOCKED
10-13 12:08:43.274  1902 23161 I AppsFilter: interaction: PackageSetting{e17493b io.appium.uiautomator2.server/10378} -> PackageSetting{debf4f4 com.google.android.connectivity.resources/10224} BLOCKED
10-13 12:08:43.274  1902 23161 I AppsFilter: interaction: PackageSetting{e17493b io.appium.uiautomator2.server/10378} -> PackageSetting{ad1d41d com.google.android.feedback/10208} BLOCKED
10-13 12:08:43.274  1902 23161 I AppsFilter: interaction: PackageSetting{e17493b io.appium.uiautomator2.server/10378} -> PackageSetting{5665692 com.google.android.printservice.recommendation/10111} BLOCKED
10-13 12:08:43.274  1902 23161 I AppsFilter: interaction: PackageSetting{e17493b io.appium.uiautomator2.server/10378} -> PackageSetting{1df8863 com.xiaomi.midrop/10229} BLOCKED
10-13 12:08:43.274  1902 23161 I AppsFilter: interaction: PackageSetting{e17493b io.appium.uiautomator2.server/10378} -> PackageSetting{74d6c60 com.google.android.apps.photos/10205} BLOCKED
10-13 12:08:43.274  1902 23161 I AppsFilter: interaction: PackageSetting{e17493b io.appium.uiautomator2.server/10378} -> PackageSetting{f7765dc com.google.android.calendar/10192} BLOCKED
10-13 12:08:43.274  1902 23161 I AppsFilter: interaction: PackageSetting{e17493b io.appium.uiautomator2.server/10378} -> PackageSetting{721d806 com.google.android.overlay.devicelockcontroller/10084} BLOCKED
10-13 12:08:43.274  1902 23161 I AppsFilter: interaction: PackageSetting{e17493b io.appium.uiautomator2.server/10378} -> PackageSetting{53c9519 com.tencent.soter.soterserver/10160} BLOCKED
10-13 12:08:43.274  1902 23161 I AppsFilter: interaction: PackageSetting{e17493b io.appium.uiautomator2.server/10378} -> PackageSetting{a8f49de com.google.android.documentsui/10068} BLOCKED
10-13 12:08:43.274  1902 23161 I AppsFilter: interaction: PackageSetting{e17493b io.appium.uiautomator2.server/10378} -> PackageSetting{7844c1d com.miui.permissioncontroller.overlay/10219} BLOCKED
10-13 12:08:43.274  1902 23161 I AppsFilter: interaction: PackageSetting{e17493b io.appium.uiautomator2.server/10378} -> PackageSetting{73847bf com.google.android.accessibility.switchaccess/10331} BLOCKED
10-13 12:08:43.274  1902 23161 I AppsFilter: interaction: PackageSetting{e17493b io.appium.uiautomator2.server/10378} -> PackageSetting{58cee8c com.android.providers.partnerbookmarks/10142} BLOCKED
10-13 12:08:43.274  1902 23161 I AppsFilter: interaction: PackageSetting{e17493b io.appium.uiautomator2.server/10378} -> PackageSetting{9f869d5 com.miui.calculator/10244} BLOCKED
10-13 12:08:43.274  1902 23161 I AppsFilter: interaction: PackageSetting{e17493b io.appium.uiautomator2.server/10378} -> PackageSetting{ec225ea com.android.wallpaper.livepicker/10114} BLOCKED
10-13 12:08:43.274  1902 23161 I AppsFilter: interaction: PackageSetting{e17493b io.appium.uiautomator2.server/10378} -> PackageSetting{d33a0db com.android.apps.tag/10090} BLOCKED
10-13 12:08:43.274  1902 23161 I AppsFilter: interaction: PackageSetting{e17493b io.appium.uiautomator2.server/10378} -> PackageSetting{e606778 com.android.imsserviceentitlement/10300} BLOCKED
10-13 12:08:43.274  1902 23161 I AppsFilter: interaction: PackageSetting{e17493b io.appium.uiautomator2.server/10378} -> PackageSetting{d62ce51 com.facebook.system/10093} BLOCKED
10-13 12:08:43.275  1902 23161 I AppsFilter: interaction: PackageSetting{e17493b io.appium.uiautomator2.server/10378} -> PackageSetting{194b6b6 com.google.android.healthconnect.controller/10338} BLOCKED
10-13 12:08:43.275  1902 23161 I AppsFilter: interaction: PackageSetting{e17493b io.appium.uiautomator2.server/10378} -> PackageSetting{2c16fb7 com.android.bookmarkprovider/10102} BLOCKED
10-13 12:08:43.275  1902 23161 I AppsFilter: interaction: PackageSetting{e17493b io.appium.uiautomator2.server/10378} -> PackageSetting{af08324 com.miui.weather2/10228} BLOCKED
10-13 12:08:43.275  1902 23161 I AppsFilter: interaction: PackageSetting{e17493b io.appium.uiautomator2.server/10378} -> PackageSetting{234fe8d org.mipay.android.manager/10157} BLOCKED
10-13 12:08:43.275  1902 23161 I AppsFilter: interaction: PackageSetting{e17493b io.appium.uiautomator2.server/10378} -> PackageSetting{42d8842 com.google.android.apps.healthdata/10299} BLOCKED
10-13 12:08:43.275  1902 23161 I AppsFilter: interaction: PackageSetting{e17493b io.appium.uiautomator2.server/10378} -> PackageSetting{1050459 com.google.android.projection.gearhead/10163} BLOCKED
10-13 12:08:43.275  1902 23161 I AppsFilter: interaction: PackageSetting{e17493b io.appium.uiautomator2.server/10378} -> PackageSetting{4dfc142 eu.europa.ec.euidi/10390} BLOCKED
10-13 12:08:43.275  1902 23161 I AppsFilter: interaction: PackageSetting{e17493b io.appium.uiautomator2.server/10378} -> PackageSetting{bf35053 com.xiaomi.scanner/10227} BLOCKED
10-13 12:08:43.275  1902 23161 I AppsFilter: interaction: PackageSetting{e17493b io.appium.uiautomator2.server/10378} -> PackageSetting{c44ad90 com.google.android.apps.turbo/10180} BLOCKED
10-13 12:08:43.275  1902 23161 I AppsFilter: interaction: PackageSetting{e17493b io.appium.uiautomator2.server/10378} -> PackageSetting{37ff689 com.google.android.safetycore/10045} BLOCKED
10-13 12:08:43.275  1902 23161 I AppsFilter: interaction: PackageSetting{e17493b io.appium.uiautomator2.server/10378} -> PackageSetting{18fe68e com.google.android.apps.chromecast.app/10260} BLOCKED
10-13 12:08:43.275  1902 23161 I AppsFilter: interaction: PackageSetting{e17493b io.appium.uiautomator2.server/10378} -> PackageSetting{c4c281e com.android.cts.ctsshim/10310} BLOCKED
10-13 12:08:43.275  1902 23161 I AppsFilter: interaction: PackageSetting{e17493b io.appium.uiautomator2.server/10378} -> PackageSetting{2589eaf com.miui.mediaeditor/10235} BLOCKED
10-13 12:08:43.275  1902 23161 I AppsFilter: interaction: PackageSetting{e17493b io.appium.uiautomator2.server/10378} -> PackageSetting{a6f12bc com.android.mdl.appreader/10274} BLOCKED
10-13 12:08:43.275  1902 23161 I AppsFilter: interaction: PackageSetting{e17493b io.appium.uiautomator2.server/10378} -> PackageSetting{2687245 com.miui.yellowpage/10077} BLOCKED
10-13 12:08:43.275  1902 23161 I AppsFilter: interaction: PackageSetting{e17493b io.appium.uiautomator2.server/10378} -> PackageSetting{fa7dd9a com.miui.accessibility/10122} BLOCKED
10-13 12:08:43.275  1902 23161 I AppsFilter: interaction: PackageSetting{e17493b io.appium.uiautomator2.server/10378} -> PackageSetting{3102a1f com.android.microdroid.empty_payload/10336} BLOCKED
10-13 12:08:43.275  1902 23161 I AppsFilter: interaction: PackageSetting{e17493b io.appium.uiautomator2.server/10378} -> PackageSetting{f1a76cb com.mi.global.shop/10232} BLOCKED
10-13 12:08:43.275  1902 23161 I AppsFilter: interaction: PackageSetting{e17493b io.appium.uiautomator2.server/10378} -> PackageSetting{a789ea8 com.google.android.apps.setupwizard.searchselector/10178} BLOCKED
10-13 12:08:43.275  1902 23161 I AppsFilter: interaction: PackageSetting{e17493b io.appium.uiautomator2.server/10378} -> PackageSetting{3a2edc1 com.android.hotspot2.osulogin/10223} BLOCKED
10-13 12:08:43.275  1902 23161 I AppsFilter: interaction: PackageSetting{e17493b io.appium.uiautomator2.server/10378} -> PackageSetting{5163966 com.google.android.gms.location.history/10191} BLOCKED
10-13 12:08:43.275  1902 23161 I AppsFilter: interaction: PackageSetting{e17493b io.appium.uiautomator2.server/10378} -> PackageSetting{bf5f59a com.android.internal.systemui.navbar.gestural/10041} BLOCKED
10-13 12:08:43.275  1902 23161 I AppsFilter: interaction: PackageSetting{e17493b io.appium.uiautomator2.server/10378} -> PackageSetting{7aaaecb com.google.android.overlay.gmsconfig.personalsafety/10269} BLOCKED
10-13 12:08:43.275  1902 23161 I AppsFilter: interaction: PackageSetting{e17493b io.appium.uiautomator2.server/10378} -> PackageSetting{ad7b4a7 com.dti.bouyguestelecom/10183} BLOCKED
10-13 12:08:43.275  1902 23161 I AppsFilter: interaction: PackageSetting{e17493b io.appium.uiautomator2.server/10378} -> PackageSetting{70cfd54 com.android.bluetoothmidiservice/10099} BLOCKED
10-13 12:08:43.275  1902 23161 I AppsFilter: interaction: PackageSetting{e17493b io.appium.uiautomator2.server/10378} -> PackageSetting{8afa4fd com.facebook.appmanager/10150} BLOCKED
10-13 12:08:43.275  1902 23161 I AppsFilter: interaction: PackageSetting{e17493b io.appium.uiautomator2.server/10378} -> PackageSetting{fbc85f2 com.google.android.cellbroadcastreceiver/10215} BLOCKED
10-13 12:08:43.275  1902 23161 I AppsFilter: interaction: PackageSetting{e17493b io.appium.uiautomator2.server/10378} -> PackageSetting{f40f443 com.orange.aura.oobe/10176} BLOCKED
10-13 12:08:43.275  1902 23161 I AppsFilter: interaction: PackageSetting{e17493b io.appium.uiautomator2.server/10378} -> PackageSetting{7e69ac0 com.xiaomi.smarthome/10342} BLOCKED
10-13 12:08:43.275  1902 23161 I AppsFilter: interaction: PackageSetting{e17493b io.appium.uiautomator2.server/10378} -> PackageSetting{d693f9 com.google.android.apps.magazines/10240} BLOCKED
10-13 12:08:43.275  1902 23161 I AppsFilter: interaction: PackageSetting{e17493b io.appium.uiautomator2.server/10378} -> PackageSetting{8090f3e com.google.android.apps.adm/10262} BLOCKED
10-13 12:08:43.275  1902 23161 I AppsFilter: interaction: PackageSetting{e17493b io.appium.uiautomator2.server/10378} -> PackageSetting{674919f com.android.wallpaperpicker/10200} BLOCKED
10-13 12:08:43.275  1902 23161 I AppsFilter: interaction: PackageSetting{e17493b io.appium.uiautomator2.server/10378} -> PackageSetting{a948bf9 com.android.internal.systemui.navbar.gestural_narrow_back/10043} BLOCKED
10-13 12:08:43.275  1902 23161 I AppsFilter: interaction: PackageSetting{e17493b io.appium.uiautomator2.server/10378} -> PackageSetting{3faa2ec com.google.android.photopicker/10011} BLOCKED
10-13 12:08:43.275  1902 23161 I AppsFilter: interaction: PackageSetting{e17493b io.appium.uiautomator2.server/10378} -> PackageSetting{db1916c com.microsoft.teams/10321} BLOCKED
10-13 12:08:43.275  1902 23161 I AppsFilter: interaction: PackageSetting{e17493b io.appium.uiautomator2.server/10378} -> PackageSetting{de376b5 com.miui.core/10152} BLOCKED
10-13 12:08:43.275  1902 23161 I AppsFilter: interaction: PackageSetting{e17493b io.appium.uiautomator2.server/10378} -> PackageSetting{d02e14a com.google.android.inputmethod.latin/10196} BLOCKED
10-13 12:08:43.275  1902 23161 I AppsFilter: interaction: PackageSetting{e17493b io.appium.uiautomator2.server/10378} -> PackageSetting{41aa8bb com.google.android.apps.restore/10174} BLOCKED
10-13 12:08:43.346  1902 23161 I ActivityManager: Flag disabled. Ignoring finishAttachApplication from uid: 10378. pid: 16598
10-13 12:08:43.358  1902 23161 D CompatibilityChangeReporter: Compat change id reported: 161145287; UID 10378; state: DISABLED
10-13 12:08:43.628  1902 23161 I WakePathChecker: MIUILOG-WAKEPATH pushWakePathWhiteList: userId=0 size=6
10-13 12:08:43.776  1556  1556 I wificond: station_bandwidth: 
10-13 12:08:43.916  1902  2620 I SmartPower: com.google.android.gms.unstable/10175(4628): background->idle(3004ms) R(alarm start) adj=800.
10-13 12:08:43.917  1902  2620 I SmartPower: com.google.android.gms.ui/10175(26069): background->idle(3003ms) R(alarm start) adj=800.
10-13 12:08:43.917  1902  2620 I SmartPower: com.google.process.gservices/10175(22048): background->idle(3004ms) R(alarm start) adj=915.
10-13 12:08:43.917  1902  2620 I SmartPower: com.google.android.gms:snet/10175(14783): background->idle(3004ms) R(alarm start) adj=800.
10-13 12:08:43.917  1902  2620 I SmartPower: com.google.process.gapps/10175(10910): background->idle(3004ms) R(alarm start) adj=965.
10-13 12:08:44.551  1902 23161 D AccessibilityManagerService: changeCurrentUserForTestAutomationIfNeededLocked(0): ignoring because device doesn't support visible background users
10-13 12:08:44.551  1902 23161 I UiAutomationManager: Registering UiTestAutomationService (id=com.android.server.accessibility/UiAutomation) when called by user 0
10-13 12:08:44.558  1902 23161 W WindowMagnificationMgr: requestConnection duplicated request: connect=false, mConnectionState=DISCONNECTED
10-13 12:08:44.571  1902  2772 W WindowMagnificationMgr: requestConnection duplicated request: connect=false, mConnectionState=DISCONNECTED
10-13 12:08:44.585  1902 23257 I PowerManagerServiceImpl: Acquire wakelock: SCREEN_DIM_WAKE_LOCK           'UiAutomator2:ScreenKeeper' (uid=10378 pid=16598 pkg=io.appium.uiautomator2.server)
10-13 12:08:44.594  1902  1902 D BatterySaverPolicy: accessibility changed to true, updating policy.
10-13 12:08:45.014  1902 15926 I WakePathChecker: MIUILOG-WAKEPATH pushWakePathWhiteList: userId=0 size=6
10-13 12:08:45.042  1902 15926 W WindowMagnificationMgr: requestConnection duplicated request: connect=false, mConnectionState=DISCONNECTED
10-13 12:08:45.510  1902 15926 I ActivityManager: Force stopping eu.europa.ec.euidi appid=10390 user=0: from process:16630
10-13 12:08:45.516  1902 15926 I AppsFilter: interaction: PackageSetting{3102a1f com.android.microdroid.empty_payload/10336} -> PackageSetting{4dfc142 eu.europa.ec.euidi/10390} BLOCKED
10-13 12:08:45.516  1902 15926 I AppsFilter: interaction: PackageSetting{4720335 io.appium.uiautomator2.server.test/10379} -> PackageSetting{4dfc142 eu.europa.ec.euidi/10390} BLOCKED
10-13 12:08:45.516  1902 15926 I AppsFilter: interaction: PackageSetting{183b3ca com.fido.asm/10112} -> PackageSetting{4dfc142 eu.europa.ec.euidi/10390} BLOCKED
10-13 12:08:45.516  1902 15926 I AppsFilter: interaction: PackageSetting{e17493b io.appium.uiautomator2.server/10378} -> PackageSetting{4dfc142 eu.europa.ec.euidi/10390} BLOCKED
10-13 12:08:45.516  1902 15926 I AppsFilter: interaction: PackageSetting{6dc5858 io.appium.settings/10326} -> PackageSetting{4dfc142 eu.europa.ec.euidi/10390} BLOCKED
10-13 12:08:45.532  1902  2620 I SmartPower: com.google.android.documentsui/10068(25415): background->idle(3002ms) R(broadcast start Intent { act=android.intent.action.PACKAGE_DATA_CLEARED dat=package: flg=0x5000010 (has extras) }) adj=905.
10-13 12:08:45.534  1902  2620 I SmartPower: com.android.vending:background/10184(18309): background->idle(3001ms) R(broadcast start Intent { act=android.intent.action.PACKAGE_DATA_CLEARED dat=package: flg=0x5000010 (has extras) }) adj=250.
10-13 12:08:45.546  1902  2620 I SmartPower: com.google.android.permissioncontroller/10221(15681): background->idle(3000ms) R(broadcast start Intent { act=android.intent.action.PACKAGE_DATA_CLEARED dat=package: flg=0x5000010 (has extras) }) adj=905.
10-13 12:08:45.549  1902  2620 I SmartPower: com.miui.home/10085(3001): background->idle(3000ms) R(broadcast start Intent { act=android.intent.action.PACKAGE_DATA_CLEARED dat=package: flg=0x5000010 (has extras) }) adj=100.
10-13 12:08:45.571  1902  2620 I SmartPower: com.xiaomi.aicr:searchDataService/10329(25443): background->idle(3001ms) R(broadcast start Intent { act=android.intent.action.PACKAGE_DATA_CLEARED dat=package: flg=0x5000010 (has extras) }) adj=905.
10-13 12:08:45.769  1902 15926 D CompatibilityChangeReporter: Compat change id reported: 161252188; UID 10390; state: DISABLED
10-13 12:08:45.770  1902 15926 W ActivityTaskManager: callingPackage for (uid=2000, pid=16630) has no WPC
10-13 12:08:45.771  1902 15926 D CompatibilityChangeReporter: Compat change id reported: 265464455; UID 10390; state: DISABLED
10-13 12:08:45.772  1902 15926 D CompatibilityChangeReporter: Compat change id reported: 265452344; UID 10390; state: DISABLED
10-13 12:08:45.773  1902 15926 D CompatibilityChangeReporter: Compat change id reported: 266124927; UID 10390; state: DISABLED
10-13 12:08:45.774  1902 15926 D CompatibilityChangeReporter: Compat change id reported: 265451093; UID 10390; state: DISABLED
10-13 12:08:45.774  1902 15926 D CompatibilityChangeReporter: Compat change id reported: 265456536; UID 10390; state: DISABLED
10-13 12:08:45.775  1902 15926 D CompatibilityChangeReporter: Compat change id reported: 255940284; UID 10390; state: DISABLED
10-13 12:08:45.776  1902 15926 D CompatibilityChangeReporter: Compat change id reported: 236283604; UID 10390; state: DISABLED
10-13 12:08:45.776  1902 15926 D CompatibilityChangeReporter: Compat change id reported: 263959004; UID 10390; state: DISABLED
10-13 12:08:45.776  1902 15926 D CompatibilityChangeReporter: Compat change id reported: 264304459; UID 10390; state: DISABLED
10-13 12:08:45.777  1902 15926 D CompatibilityChangeReporter: Compat change id reported: 264301586; UID 10390; state: DISABLED
10-13 12:08:45.777  1902 15926 D CompatibilityChangeReporter: Compat change id reported: 254631730; UID 10390; state: DISABLED
10-13 12:08:45.778  1902 15926 D CompatibilityChangeReporter: Compat change id reported: 273509367; UID 10390; state: DISABLED
10-13 12:08:45.778  1902 15926 D CompatibilityChangeReporter: Compat change id reported: 263259275; UID 10390; state: DISABLED
10-13 12:08:45.778  1902 15926 D CompatibilityChangeReporter: Compat change id reported: 174042980; UID 10390; state: DISABLED
10-13 12:08:45.779  1902 15926 D CompatibilityChangeReporter: Compat change id reported: 174042936; UID 10390; state: DISABLED
10-13 12:08:45.779  1902 15926 D CompatibilityChangeReporter: Compat change id reported: 181136395; UID 10390; state: DISABLED
10-13 12:08:45.781  1902 15926 D CompatibilityChangeReporter: Compat change id reported: 194480991; UID 10390; state: ENABLED
10-13 12:08:45.783  1902 15926 D WindowManager: Collecting in transition 1719: ActivityRecord{9241de8 u0 eu.europa.ec.euidi/eu.europa.ec.assemblylogic.ui.MainActivity init visibleRequested:false
10-13 12:08:45.784  1902 15926 D MiuiFreeFormManagerService: activeOrFullscreenFreeformTaskIfNeed startDefaultAr:true
10-13 12:08:45.787  2983  3075 D OneHandedController: stopOneHanded state is 0
10-13 12:08:45.792  1902 15926 D WindowManager: setLockTaskAuth: task=Task{eed9c01 #791 type=standard A=10390:eu.europa.ec.euidi} mLockTaskAuth=LOCK_TASK_AUTH_PINNABLE
10-13 12:08:45.792  1902 15926 D WindowManager: Collecting in transition 1719: Task{eed9c01 #791 type=standard A=10390:eu.europa.ec.euidi} init visibleRequested:false
10-13 12:08:45.794  1902 15926 D CompatibilityChangeReporter: Compat change id reported: 184838306; UID 10390; state: DISABLED
10-13 12:08:45.795  1902 15926 D CompatibilityChangeReporter: Compat change id reported: 185004937; UID 10390; state: DISABLED
10-13 12:08:45.799  1902 15926 D WindowManager: setLockTaskAuth: task=Task{eed9c01 #791 type=standard A=10390:eu.europa.ec.euidi} mLockTaskAuth=LOCK_TASK_AUTH_PINNABLE
10-13 12:08:45.801  1902 15926 D MiuiFreeFormManagerService: onStartActivityInner as = Task{eed9c01 #791 type=standard A=10390:eu.europa.ec.euidi} op = null
10-13 12:08:45.804  1902 15926 D ActivityTaskManager: Task#startActivityLocked isOrhasTask=true newTask=true
10-13 12:08:45.807  1902 15926 D CompatibilityChangeReporter: Compat change id reported: 205907456; UID 10390; state: ENABLED
10-13 12:08:45.812  1902 15926 D WindowManager: Collecting in transition 1719: ActivityRecord{9241de8 u0 eu.europa.ec.euidi/eu.europa.ec.assemblylogic.ui.MainActivity t791} init visibleRequested:false
10-13 12:08:45.812  1902 15926 D WindowManager: Requesting StartTransition: TransitionRecord{dcbace7 id=1719 type=OPEN flags=0x0}
10-13 12:08:45.813  1902 15926 D CompatibilityChangeReporter: Compat change id reported: 194833441; UID 10390; state: ENABLED
10-13 12:08:45.813  1902 15926 I ActivityTaskManager: START u0 {act=android.intent.action.MAIN cat=[android.intent.category.LAUNCHER] flg=0x10200000 cmp=eu.europa.ec.euidi/eu.europa.ec.assemblylogic.ui.MainActivity} with LAUNCH_SINGLE_TASK from uid 2000 (BAL_ALLOW_PERMISSION) result code=0
10-13 12:08:45.813  2983  3075 I SoScUtils: monitorTransitionRequest mRequestOpenTransition:null mRequestOpenTriggerTask:-1 mRequestCloseTransition:null mRequestCloseTriggerTask:-1 mRequestCloseStageType:-1
10-13 12:08:45.814  2983  3147 D TaskSnapshot_Helper: SYS is normal.
10-13 12:08:45.815  1902  1938 D CompatibilityChangeReporter: Compat change id reported: 135634846; UID 10390; state: DISABLED
10-13 12:08:45.815  1902  1938 D CompatibilityChangeReporter: Compat change id reported: 177438394; UID 10390; state: DISABLED
10-13 12:08:45.815  1902  1938 D CompatibilityChangeReporter: Compat change id reported: 135772972; UID 10390; state: DISABLED
10-13 12:08:45.815  1902  1938 D CompatibilityChangeReporter: Compat change id reported: 135754954; UID 10390; state: ENABLED
10-13 12:08:45.815  1902  2772 D WindowManager: Set transition=TransitionRecord{dcbace7 id=1719 type=OPEN flags=0x0}, ready=false, SyncId=1719 used=true, override=false, defer=0, states=Display{#0 state=ON size=1080x2400 ROTATION_0}:false
10-13 12:08:45.815  1902  1955 D CompatibilityChangeReporter: Compat change id reported: 143937733; UID 10390; state: ENABLED
10-13 12:08:45.816  2983  3075 D OneHandedController: stopOneHanded state is 0
10-13 12:08:45.816  2983  3075 D OneHandedController: stopOneHanded state is 0
10-13 12:08:45.818  1902 23259 D CompatibilityChangeReporter: Compat change id reported: 197654537; UID 10190; state: ENABLED
10-13 12:08:45.820  1902 23257 D CompatibilityChangeReporter: Compat change id reported: 168419799; UID 10390; state: DISABLED
10-13 12:08:45.820  1902 23257 D CompatibilityChangeReporter: Compat change id reported: 273564678; UID 10390; state: DISABLED
10-13 12:08:45.823  1902  1955 I ActivityManager: Start proc 16633:eu.europa.ec.euidi/u0a390 for next-top-activity {eu.europa.ec.euidi/eu.europa.ec.assemblylogic.ui.MainActivity} caller=com.android.shell
10-13 12:08:45.827  1902  2772 D CoreBackPreview: Window{7ca0b32 u0 Splash Screen eu.europa.ec.euidi}: Setting back callback OnBackInvokedCallbackInfo{mCallback=android.window.IOnBackInvokedCallback$Stub$Proxy@469fe2c, mPriority=0, mIsAnimationCallback=false}
10-13 12:08:45.835  1902 23259 D WindowManager: Collecting in transition 1719: ActivityRecord{9241de8 u0 eu.europa.ec.euidi/eu.europa.ec.assemblylogic.ui.MainActivity t791} init visibleRequested:false
10-13 12:08:45.836  1902 23259 D WindowManager: Collecting in transition 1719: ActivityRecord{84f79ca u0 com.android.chrome/org.chromium.chrome.browser.ChromeTabbedActivity t756} init visibleRequested:true
10-13 12:08:45.843  1902  1939 D WindowManager: wms.Focus not requested for window=Window{75116e2 u0 com.android.chrome/org.chromium.chrome.browser.ChromeTabbedActivity} because it has no surface or is not focusable.
10-13 12:08:45.845  1902  2620 I SmartPower: com.google.android.videos/10312(19398): background->idle(3002ms) R(broadcast start Intent { act=android.intent.action.PACKAGE_RESTARTED dat=package: flg=0x10 (has extras) }) adj=905.
10-13 12:08:45.848  1902  2697 W WindowManager: finishDrawingWindow: Window{7ca0b32 u0 Splash Screen eu.europa.ec.euidi} mDrawState=DRAW_PENDING
10-13 12:08:45.849  1902  1939 D WindowManager: Set transition=TransitionRecord{dcbace7 id=1719 type=OPEN flags=0x0}, ready=true, SyncId=1719 
10-13 12:08:45.851  1902  1939 I SmartPower: eu.europa.ec.euidi/10390(0): died->visible(10268ms) R(become visible) adj=-10000.
10-13 12:08:45.852  1902  1939 W WindowManager: real show surface:Surface(name=Splash Screen eu.europa.ec.euidi#29270)/@0xe9ad0f5
10-13 12:08:45.852  1902  1939 D WindowManager: Final targets: [Task{eed9c01 #791 type=standard A=10390:eu.europa.ec.euidi}, Task{d2e973b #756 type=standard A=10190:com.android.chrome}]
10-13 12:08:45.865  1902  1939 D WindowManager: snapshot isNothing = false source = Task{d2e973b #756 type=standard A=10190:com.android.chrome}
10-13 12:08:45.866  1902  1939 D WindowManager: Calling onTransitionReady info={id=1719 t=OPEN f=0x0 trk=0 r=[0@Point(0, 0)] c=[{WCT{RemoteToken{32be6c4 Task{eed9c01 #791 type=standard A=10390:eu.europa.ec.euidi}}} m=OPEN f=NONE leash=Surface(name=Task=791#29267)/@0x8192cfb sb=Rect(0, 0 - 1080, 2400) eb=Rect(0, 0 - 1080, 2400) d=0},{WCT{RemoteToken{138c691 Task{d2e973b #756 type=standard A=10190:com.android.chrome}}} m=TO_BACK f=NONE leash=Surface(name=Task=756#27929)/@0xa07a52a sb=Rect(0, 0 - 1080, 2400) eb=Rect(0, 0 - 1080, 2400) d=0}] noAni=[false] df=[false] mk=[true] nc=[0] oa=[false]}, mToken=Token{99929ad TransitionRecord{dcbace7 id=1719 type=OPEN flags=0x0}}
10-13 12:08:45.866  1902  1939 I BLASTSyncEngine: finishNow: after onTransactionReady, mSyncId=1719
10-13 12:08:45.868  2983  3075 D MiuiFreeformAnimation: startAnimation change: {WCT{android.window.IWindowContainerToken$Stub$Proxy@b42c915} m=OPEN f=NONE leash=Surface(name=Task=791#29267)/@0x4cef41e sb=Rect(0, 0 - 1080, 2400) eb=Rect(0, 0 - 1080, 2400) d=0} info.getType(): 1
10-13 12:08:45.868  2983  3075 I MiuiFreeformAnimation: isLaunchWidgetPicker=false,taskInfo.getWindowingMode()=1, taskInfo.getActivityType()=1
10-13 12:08:45.868  2983  3075 D MiuiFreeformAnimation: startAnimation change: {WCT{android.window.IWindowContainerToken$Stub$Proxy@ff2342a} m=TO_BACK f=NONE leash=Surface(name=Task=756#27929)/@0x7b344ff sb=Rect(0, 0 - 1080, 2400) eb=Rect(0, 0 - 1080, 2400) d=0} info.getType(): 1
10-13 12:08:45.868  2983  3075 W MiuiTaskTransitionHandler: Receive an unknown transition, token=android.os.BinderProxy@7e9ba0f, type=1
10-13 12:08:45.869  2983  3075 D TransitionAnimationHelper:  load default animation  type = 1 enter = false animAttr = 9 isTask = true translucent = false
10-13 12:08:45.869  2983  3075 D TransitionAnimationHelper:  load default animation  type = 1 enter = true animAttr = 8 isTask = true translucent = false
10-13 12:08:45.869  2983  3092 D ShellTransitions: speed ui!!!!!!!!!!!
10-13 12:08:45.870  2983  3075 D MiuiFullScreenTaskRepository: addOrUpdateFullScreenTaskInfo taskId=791, topActivity=ComponentInfo{eu.europa.ec.euidi/eu.europa.ec.assemblylogic.ui.MainActivity}
10-13 12:08:45.871  1902  2697 W MiuiBoosterUtils: enable_miuibooster_launch : false
10-13 12:08:45.872  2983  3075 D MiuiFullScreenTaskRepository: addOrUpdateFullScreenTaskInfo taskId=791, topActivity=ComponentInfo{eu.europa.ec.euidi/eu.europa.ec.assemblylogic.ui.MainActivity}
10-13 12:08:45.872  1902  2697 D WindowManagerService: checkFlipFullScreenChange is same, nowIsFullScreen = false
10-13 12:08:45.872  1902  2697 W WindowManager: Changing focus from Window{75116e2 u0 com.android.chrome/org.chromium.chrome.browser.ChromeTabbedActivity} to null displayId=0 Callers=com.android.server.wm.RootWindowContainer.updateFocusedWindowLocked:557 com.android.server.wm.WindowManagerService.updateFocusedWindowLocked:6962 com.android.server.wm.ActivityTaskManagerService.setLastResumedActivityUncheckLocked:5565 com.android.server.wm.ActivityTaskSupervisor.updateTopResumedActivityIfNeeded:2557 
10-13 12:08:45.873  1902  2697 I WindowManager: cancelAnimation removed leash : Surface(name=Surface(name=81266ae StatusBar#86)/@0xb48dfdc - animation-leash of insets_animation#29253)/@0xb381183
10-13 12:08:45.874  1902  2697 I WindowManager: cancelAnimation removed leash : Surface(name=Surface(name=db27a2 NavigationBar0#82)/@0xc1acbf0 - animation-leash of insets_animation#29254)/@0x34a1339
10-13 12:08:45.874  1902  2697 D WindowManager: wms.Input focus has changed to null display=0 updateInputWindows = true
10-13 12:08:45.874  1902  2697 I MultiSenceManagerInternalStub: getInstance
10-13 12:08:45.877  2983  3075 D MiuiFullScreenTaskRepository: removeFocusedTask displayId=0
10-13 12:08:45.877  2983  3075 D MiuiFullScreenTaskRepository: addOrUpdateFullScreenTaskInfo taskId=756, topActivity=ComponentInfo{com.android.chrome/org.chromium.chrome.browser.ChromeTabbedActivity}
10-13 12:08:45.877  2983  3075 D MiuiFullScreenTaskRepository: setFocusedTask taskId=791, displayId=0, topActivity=ComponentInfo{eu.europa.ec.euidi/eu.europa.ec.assemblylogic.ui.MainActivity}
10-13 12:08:45.877  2983  3075 D MiuiFullScreenTaskRepository: addOrUpdateFullScreenTaskInfo taskId=791, topActivity=ComponentInfo{eu.europa.ec.euidi/eu.europa.ec.assemblylogic.ui.MainActivity}
10-13 12:08:45.877  2983  3075 D MiuiDesktopModeController: onFocusTaskChanged newFocus: TaskInfo{userId=0 taskId=791 displayId=0 isRunning=true baseIntent=Intent { act=android.intent.action.MAIN cat=[android.intent.category.LAUNCHER] flg=0x10200000 cmp=eu.europa.ec.euidi/eu.europa.ec.assemblylogic.ui.MainActivity } baseActivity=ComponentInfo{eu.europa.ec.euidi/eu.europa.ec.assemblylogic.ui.MainActivity} topActivity=ComponentInfo{eu.europa.ec.euidi/eu.europa.ec.assemblylogic.ui.MainActivity} origActivity=null realActivity=ComponentInfo{eu.europa.ec.euidi/eu.europa.ec.assemblylogic.ui.MainActivity} numActivities=1 lastActiveTime=1157596558 supportsSplitScreenMultiWindow=true supportsMultiWindow=true resizeMode=1 isResizeable=true minWidth=-1 minHeight=-1 defaultMinSize=200 token=WCT{android.window.IWindowContainerToken$Stub$Proxy@405cd} topActivityType=1 pictureInPictureParams=null shouldDockBigOverlays=false launchIntoPipHostTaskId=-1 lastParentTaskIdBeforePip=-1 displayCutoutSafeInsets=Rect(0, 94 - 0, 0) topActivityInfo=ActivityInfo{5091e82 eu.europa.ec.assemblylogic.ui.MainActivity} launchCookies=[] positionInParent=Point(0, 0) parentTaskId=-1 isFocused=true isVisible=true isVisibleRequested=true isSleeping=false topActivityInSizeCompat=false topActivityEligibleForLetterboxEducation= false topActivityLetterboxed= false isFromDoubleTap= false topActivityLetterboxVerticalPosition= -1 topActivityLetterboxHorizontalPosition= -1 topActivityLetterboxWidth=-1 topActivityLetterboxHeight=-1 locusId=null displayAreaFeatureId=1 cameraCompatControlState=hidden mIsCastMode=false mTopActivityMediaSize=null mTopActivityRecordName=ActivityRecord{9241de8 u0 eu.europa.ec.euidi/eu.europa.ec.assemblylogic.ui.MainActivity t791} mTopActivityOrientation=1 mTopActivityWindowIsNowVisible=false isTranslucent=false isEmbedded=false shouldBeVisible=true isImmersive=false mBehindAppLockPkg=null mOriginatingUid=0}
10-13 12:08:45.878  2983  3075 D MiuiFreeformModeController: onFocusTaskChanged taskInfo: TaskInfo{userId=0 taskId=791 displayId=0 isRunning=true baseIntent=Intent { act=android.intent.action.MAIN cat=[android.intent.category.LAUNCHER] flg=0x10200000 cmp=eu.europa.ec.euidi/eu.europa.ec.assemblylogic.ui.MainActivity } baseActivity=ComponentInfo{eu.europa.ec.euidi/eu.europa.ec.assemblylogic.ui.MainActivity} topActivity=ComponentInfo{eu.europa.ec.euidi/eu.europa.ec.assemblylogic.ui.MainActivity} origActivity=null realActivity=ComponentInfo{eu.europa.ec.euidi/eu.europa.ec.assemblylogic.ui.MainActivity} numActivities=1 lastActiveTime=1157596558 supportsSplitScreenMultiWindow=true supportsMultiWindow=true resizeMode=1 isResizeable=true minWidth=-1 minHeight=-1 defaultMinSize=200 token=WCT{android.window.IWindowContainerToken$Stub$Proxy@405cd} topActivityType=1 pictureInPictureParams=null shouldDockBigOverlays=false launchIntoPipHostTaskId=-1 lastParentTaskIdBeforePip=-1 displayCutoutSafeInsets=Rect(0, 94 - 0, 0) topActivityInfo=ActivityInfo{5091e82 eu.europa.ec.assemblylogic.ui.MainActivity} launchCookies=[] positionInParent=Point(0, 0) parentTaskId=-1 isFocused=true isVisible=true isVisibleRequested=true isSleeping=false topActivityInSizeCompat=false topActivityEligibleForLetterboxEducation= false topActivityLetterboxed= false isFromDoubleTap= false topActivityLetterboxVerticalPosition= -1 topActivityLetterboxHorizontalPosition= -1 topActivityLetterboxWidth=-1 topActivityLetterboxHeight=-1 locusId=null displayAreaFeatureId=1 cameraCompatControlState=hidden mIsCastMode=false mTopActivityMediaSize=null mTopActivityRecordName=ActivityRecord{9241de8 u0 eu.europa.ec.euidi/eu.europa.ec.assemblylogic.ui.MainActivity t791} mTopActivityOrientation=1 mTopActivityWindowIsNowVisible=false isTranslucent=false isEmbedded=false shouldBeVisible=true isImmersive=false mBehindAppLockPkg=null mOriginatingUid=0}
10-13 12:08:45.880  1902  2323 D CompatibilityChangeReporter: Compat change id reported: 265195908; UID 10390; state: ENABLED
10-13 12:08:45.881  2983  3075 D SoScUtils: monitorTransitionFinished transition:android.os.BinderProxy@7e9ba0f transaction: android.view.SurfaceControl$Transaction@72d6bef mRequestCloseTransition:null mRequestOpenTransition:null mPairsOpenTransition:null mPairsOpenTransitionNull:null mRequestOpenTriggerTask:-1 mRequestCloseTriggerTask:-1 mOrientationTransition: null mMainStartingTask:-1 mSideStartingTask:-1
10-13 12:08:45.882  1902  1936 E MBrainLocalService: MBrainJava launch failed: SecurityException
10-13 12:08:45.882  1902  2600 D isUidValid: uid = 10390
10-13 12:08:45.883  1902  1936 D Aurogon :  uid = 10390 switch to FG
10-13 12:08:45.883  1902  2304 D CompatibilityChangeReporter: Compat change id reported: 170503758; UID 10390; state: ENABLED
10-13 12:08:45.884  1902  2323 D CompatibilityChangeReporter: Compat change id reported: 218533173; UID 10390; state: ENABLED
10-13 12:08:45.884  1902  2323 D CompatibilityChangeReporter: Compat change id reported: 262645982; UID 10390; state: ENABLED
10-13 12:08:45.901  2983  3075 D MiuiFullScreenTaskRepository: addOrUpdateFullScreenTaskInfo taskId=756, topActivity=ComponentInfo{com.android.chrome/org.chromium.chrome.browser.ChromeTabbedActivity}
10-13 12:08:45.907 16633 16633 D ActivityThread: useGrowthLimitOutExpendMethod invoke error.
10-13 12:08:45.910  1902  1902 D MBrainLocalService: isVendorFreezeConditionPass is false
10-13 12:08:45.910  1902  1902 E MBrainLocalService: notifyAppSwitch failed
10-13 12:08:45.914  1902  2304 D CompatibilityChangeReporter: Compat change id reported: 261072174; UID 10190; state: ENABLED
10-13 12:08:45.921  1902  2304 D SchedBoost: com.android.chrome:sandboxed_process0:org.chromium.content.app.SandboxedProcessService0:17 boosting, skip reset priority
10-13 12:08:45.922 16633 16633 D MbrainDebugManagerImpl: getService failed
10-13 12:08:45.930  1902 23161 I ActivityManager: Flag disabled. Ignoring finishAttachApplication from uid: 10390. pid: 16633
10-13 12:08:45.948  2983  3075 D MiuiFullScreenTaskRepository: setFocusedTask taskId=791, displayId=0, topActivity=ComponentInfo{eu.europa.ec.euidi/eu.europa.ec.assemblylogic.ui.MainActivity}
10-13 12:08:45.948  2983  3075 D MiuiFullScreenTaskRepository: addOrUpdateFullScreenTaskInfo taskId=791, topActivity=ComponentInfo{eu.europa.ec.euidi/eu.europa.ec.assemblylogic.ui.MainActivity}
10-13 12:08:45.960  1902 23267 D CompatibilityChangeReporter: Compat change id reported: 253665015; UID 10390; state: ENABLED
10-13 12:08:45.961  1902 23267 D CompatibilityChangeReporter: Compat change id reported: 194532703; UID 10390; state: ENABLED
