--------- beginning of crash
10-06 15:45:22.422  2273  2273 F libc    : Fatal signal 6 (SIGABRT), code -1 (SI_QUEUE) in tid 2273 (init), pid 2273 (init)
10-06 15:45:22.495  2273  2273 F libc    : crash_dump helper failed to exec, or was killed
10-06 15:45:42.434  5433  5433 F libc    : Fatal signal 6 (SIGABRT), code -1 (SI_QUEUE) in tid 5433 (init), pid 5433 (init)
10-06 15:45:42.479  5433  5433 F libc    : crash_dump helper failed to exec, or was killed
--------- beginning of system
10-08 13:18:35.392  2042  3096 W MIUIInput: Input event injection from package: com.android.systemui action ACTION_DOWN keycode 82
10-08 13:18:35.392  2042  3096 W MiuiInputKeyEventLog: keyCode:82 down:true eventTime:13138769 downTime:13138769 policyFlags:2b000002 flags:80000048 metaState:0 deviceId:-1 isScreenOn:true keyguardActive:false repeatCount:0
10-08 13:18:35.395  2042  3096 D VibratorManagerService: Starting vibrate for vibration 69
10-08 13:18:35.397  2042  3096 D VibratorManagerServiceImpl: attrs = VibrationAttributes: Usage=TOUCH Audio Usage= USAGE_UNKNOWN Flags=0, attrs.usage = 18
10-08 13:18:35.397  2042  3096 E VibratorManagerServiceImpl: skipandroid.os.RemoteException: Method setUsageExt is unimplemented.
10-08 13:18:35.406  2042  3148 W MiuiInputKeyEventLog: execute preloadRecentAppsInternal
10-08 13:18:35.409  4304  4484 D MiuiFreeformModeObserver: handleFreeFormReceiver intent=Intent { act=com.miui.fullscreen_state_change flg=0x10 (has extras) } ,action=com.miui.fullscreen_state_change
10-08 13:18:35.409  4304  4484 D MiuiFreeformModeObserver: ACTION_FULLSCREEN_STATE_CHANGE stateName: taskSnapshot
10-08 13:18:35.409  4304  4484 D MiuiFreeformModeController: snapshotAllFreeform
10-08 13:18:35.457  2042  3121 D VibratorManagerService: Vibration 69 finished with EndInfo{status=FINISHED, endedBy=null}
10-08 13:18:35.458  2042  3121 D VibratorManagerService: Reporting vibration 69 finished with EndInfo{status=FINISHED, endedBy=null}
10-08 13:18:35.458  2042  3121 D VibratorManagerService: Vibration for uid=1000 and with attrs=VibrationAttributes: Usage=TOUCH Audio Usage= USAGE_UNKNOWN Flags=0 ended with status FINISHED
10-08 13:18:35.461  2042  4080 D VibratorManagerService: Vibration 69 on vibrator 0 complete, notifying thread
10-08 13:18:35.461  2042  3096 W MIUIInput: Input event injection from package: com.android.systemui action ACTION_UP keycode 82
10-08 13:18:35.461  2042  3096 W MiuiInputKeyEventLog: keyCode:82 down:false eventTime:13138839 downTime:13138769 policyFlags:2b000002 flags:80000048 metaState:0 deviceId:-1 isScreenOn:true keyguardActive:false repeatCount:0
10-08 13:18:35.462  2042  3121 D VibratorManagerService: VibrationThread released after finished vibration
10-08 13:18:35.462  2042  3121 D VibratorManagerService: Processing VibrationThread released callback
10-08 13:18:35.468  2042  3148 W MiuiInputKeyEventLog: execute launchRecentPanelInternal
10-08 13:18:35.508  4304  4484 D MiuiFreeformModeObserver: handleFreeFormReceiver intent=Intent { act=com.miui.fullscreen_state_change flg=0x10 (has extras) } ,action=com.miui.fullscreen_state_change
10-08 13:18:35.508  4304  4484 D MiuiFreeformModeObserver: ACTION_FULLSCREEN_STATE_CHANGE stateName: toRecents
10-08 13:18:35.508  4304  4484 D MiuiFreeformModeController: allFreeformFromFreeformToMini
10-08 13:18:35.510  2042  3516 D SchedBoost: startBoostInternal 2000
10-08 13:18:35.560  2042  3096 D MiuiMemoryInfoImpl: MEMINFO_KRECLAIMABLE: 185836, MEMINFO_SLAB_RECLAIMABLE: 119356, MEMINFO_BUFFERS: 1272, MEMINFO_CACHED: 1493836, MEMINFO_FREE: 127232
10-08 13:18:35.564  2042  3096 D MiuiMemoryInfoImpl: cache: 1851572224, cachePss: 2590058496, lostcache: 0
10-08 13:18:35.576  2042  3096 I SmartPower: com.mi.android.globallauncher/10081(4339): idle->invisible(533784ms) R(become foreground) adj=100.
10-08 13:18:35.576  2042  3096 D WindowManager: Collecting in transition 79: ActivityRecord{69dde60 u0 com.mi.android.globallauncher/com.miui.home.launcher.Launcher init visibleRequested:false
10-08 13:18:35.577  2042  3096 D MiuiFreeFormManagerService: activeOrFullscreenFreeformTaskIfNeed startDefaultAr:false
10-08 13:18:35.579  2042  3096 W ActivityTaskManager: supportsMultiWindowInDisplayAreaForFreeForm: package=com.mi.android.globallauncher is in freeform blackList
10-08 13:18:35.580  2042  3096 D WindowManagerService: checkFlipFullScreenChange is same, nowIsFullScreen = false
10-08 13:18:35.581  2042  3096 D WindowManager: wms.Input focus has changed to null display=0 updateInputWindows = true
10-08 13:18:35.581  2042  3096 I MultiSenceManagerInternalStub: getInstance
10-08 13:18:35.581  2042  3096 D WindowManager: setLockTaskAuth: task=Task{66b3a31 #2 type=home I=com.mi.android.globallauncher/com.miui.home.launcher.Launcher} mLockTaskAuth=LOCK_TASK_AUTH_PINNABLE
10-08 13:18:35.590  2042  3096 D WindowManager: Collecting in transition 79: ActivityRecord{69dde60 u0 com.mi.android.globallauncher/com.miui.home.launcher.Launcher t-1} init visibleRequested:false
10-08 13:18:35.590  2042  3096 D WindowManager: Requesting StartTransition: TransitionRecord{9391f19 id=79 type=OPEN flags=0x0}
10-08 13:18:35.595  4304  4484 I SoScUtils: monitorTransitionRequest mRequestOpenTransition:null mRequestOpenTriggerTask:-1 mRequestCloseTransition:null mRequestCloseTriggerTask:-1 mRequestCloseStageType:-1
10-08 13:18:35.595  2042  3096 I ActivityTaskManager: START u0 {act=android.intent.action.MAIN cat=[android.intent.category.HOME] flg=0x10040000 cmp=com.mi.android.globallauncher/com.miui.home.launcher.Launcher (has extras)} with LAUNCH_SINGLE_TASK from uid 10081 from pid 4339 callingPackage com.mi.android.globallauncher (BAL_ALLOW_ALLOWLISTED_COMPONENT) result code=2
10-08 13:18:35.598  2042  8104 D WindowManager: Set transition=TransitionRecord{9391f19 id=79 type=OPEN flags=0x0}, ready=false, SyncId=79 used=true, override=false, defer=0, states=Display{#0 state=ON size=1080x2400 ROTATION_0}:false
10-08 13:18:35.600  4304  4484 D MiuiFullScreenTaskRepository: removeFocusedTask displayId=0
10-08 13:18:35.600  4304  4484 D MiuiFullScreenTaskRepository: addOrUpdateFullScreenTaskInfo taskId=6344, topActivity=ComponentInfo{com.android.chrome/org.chromium.chrome.browser.ChromeTabbedActivity}
10-08 13:18:35.600  4304  4484 D MiuiFullScreenTaskRepository: setFocusedTask taskId=1, displayId=0, topActivity=ComponentInfo{com.mi.android.globallauncher/com.miui.home.launcher.Launcher}
10-08 13:18:35.600  4304  4484 D MiuiFullScreenTaskRepository: addOrUpdateFullScreenTaskInfo taskId=1, topActivity=ComponentInfo{com.mi.android.globallauncher/com.miui.home.launcher.Launcher}
10-08 13:18:35.600  4304  4484 D MiuiFreeformModeController: onFocusTaskChanged taskInfo: TaskInfo{userId=0 taskId=1 displayId=0 isRunning=true baseIntent=Intent { act=android.intent.action.MAIN cat=[android.intent.category.HOME] flg=0x10000100 cmp=com.mi.android.globallauncher/com.miui.home.launcher.Launcher } baseActivity=ComponentInfo{com.mi.android.globallauncher/com.miui.home.launcher.Launcher} topActivity=ComponentInfo{com.mi.android.globallauncher/com.miui.home.launcher.Launcher} origActivity=null realActivity=null numActivities=1 lastActiveTime=42658 supportsSplitScreenMultiWindow=true supportsMultiWindow=true resizeMode=2 isResizeable=true minWidth=-1 minHeight=-1 defaultMinSize=200 token=WCT{android.window.IWindowContainerToken$Stub$Proxy@8ff31ef} topActivityType=2 pictureInPictureParams=null shouldDockBigOverlays=false launchIntoPipHostTaskId=-1 lastParentTaskIdBeforePip=-1 displayCutoutSafeInsets=Rect(0, 94 - 0, 0) topActivityInfo=ActivityInfo{3b944fc com.miui.home.launcher.Launcher} launchCookies=[] positionInParent=Point(0, 0) parentTaskId=-1 isFocused=true isVisible=false isVisibleRequested=false isSleeping=false topActivityInSizeCompat=false topActivityInMiuiSizeCompat=false topActivityEligibleForLetterboxEducation= false topActivityLetterboxed= false isFromDoubleTap= false topActivityLetterboxVerticalPosition= -1 topActivityLetterboxHorizontalPosition= -1 topActivityLetterboxWidth=-1 topActivityLetterboxHeight=-1 locusId=null displayAreaFeatureId=1 cameraCompatControlState=hidden mIsCastMode=false mTopActivityMediaSize=null mTopActivityRecordName=ActivityRecord{44e2e4a u0 com.mi.android.globallauncher/com.miui.home.launcher.Launcher t2} mTopActivityOrientation=-2 mTopActivityWindowIsNowVisible=false isTranslucent=true isEmbedded=false shouldBeVisible=true isImmersive=false mBehindAppLockPkg=null mOriginatingUid=0}
10-08 13:18:35.601  4304  4484 D MiuiDesktopModeController: onFocusTaskChanged newFocus: TaskInfo{userId=0 taskId=1 displayId=0 isRunning=true baseIntent=Intent { act=android.intent.action.MAIN cat=[android.intent.category.HOME] flg=0x10000100 cmp=com.mi.android.globallauncher/com.miui.home.launcher.Launcher } baseActivity=ComponentInfo{com.mi.android.globallauncher/com.miui.home.launcher.Launcher} topActivity=ComponentInfo{com.mi.android.globallauncher/com.miui.home.launcher.Launcher} origActivity=null realActivity=null numActivities=1 lastActiveTime=42658 supportsSplitScreenMultiWindow=true supportsMultiWindow=true resizeMode=2 isResizeable=true minWidth=-1 minHeight=-1 defaultMinSize=200 token=WCT{android.window.IWindowContainerToken$Stub$Proxy@8ff31ef} topActivityType=2 pictureInPictureParams=null shouldDockBigOverlays=false launchIntoPipHostTaskId=-1 lastParentTaskIdBeforePip=-1 displayCutoutSafeInsets=Rect(0, 94 - 0, 0) topActivityInfo=ActivityInfo{3b944fc com.miui.home.launcher.Launcher} launchCookies=[] positionInParent=Point(0, 0) parentTaskId=-1 isFocused=true isVisible=false isVisibleRequested=false isSleeping=false topActivityInSizeCompat=false topActivityInMiuiSizeCompat=false topActivityEligibleForLetterboxEducation= false topActivityLetterboxed= false isFromDoubleTap= false topActivityLetterboxVerticalPosition= -1 topActivityLetterboxHorizontalPosition= -1 topActivityLetterboxWidth=-1 topActivityLetterboxHeight=-1 locusId=null displayAreaFeatureId=1 cameraCompatControlState=hidden mIsCastMode=false mTopActivityMediaSize=null mTopActivityRecordName=ActivityRecord{44e2e4a u0 com.mi.android.globallauncher/com.miui.home.launcher.Launcher t2} mTopActivityOrientation=-2 mTopActivityWindowIsNowVisible=false isTranslucent=true isEmbedded=false shouldBeVisible=true isImmersive=false mBehindAppLockPkg=null mOriginatingUid=0}
10-08 13:18:35.603  4304  4484 D OneHandedController: stopOneHanded state is 0
10-08 13:18:35.603  4304  4484 D WindowManagerShell: onActivityRestartAttempt: ComponentInfo{com.mi.android.globallauncher/com.miui.home.launcher.Launcher}
10-08 13:18:35.615  2042  8104 D WindowManager: Collecting in transition 79: ActivityRecord{44e2e4a u0 com.mi.android.globallauncher/com.miui.home.launcher.Launcher t2} init visibleRequested:false
10-08 13:18:35.615  2042  8104 E Transition: Trying to add a ready-group twice: Display{#0 state=ON size=1080x2400 ROTATION_0}
10-08 13:18:35.616  2042  8104 D WindowManagerService: checkFlipFullScreenChange is same, nowIsFullScreen = false
10-08 13:18:35.617  2042  8104 D WindowManager: Collecting in transition 79: ActivityRecord{7653ddf u0 com.android.chrome/org.chromium.chrome.browser.ChromeTabbedActivity t6344} init visibleRequested:true
10-08 13:18:35.620  2042  8104 D WindowManager: Collecting in transition 79: ActivityRecord{44e2e4a u0 com.mi.android.globallauncher/com.miui.home.launcher.Launcher t2} init visibleRequested:true
10-08 13:18:35.620  2042  8104 D WindowManager: Set transition=TransitionRecord{9391f19 id=79 type=OPEN flags=0x0}, ready=true, SyncId=79 
10-08 13:18:35.621  2042  7000 W AutofillManagerServiceImpl: getFillEventHistory() called by UID 10273, but service UID is 10163
10-08 13:18:35.625  2042  8104 I BLASTSyncEngine: SyncGroup 79:  Unfinished container:ActivityRecord{44e2e4a u0 com.mi.android.globallauncher/com.miui.home.launcher.Launcher t2}
10-08 13:18:35.625  2042  8104 I BLASTSyncEngine: isActivitySyncFinished isSyncFinished false ActivityRecord{44e2e4a u0 com.mi.android.globallauncher/com.miui.home.launcher.Launcher t2}
10-08 13:18:35.626  2042  4781 I SmartPower: com.mi.globalminusscreen/10308(6790): idle->visible(17707ms) R(become visible) adj=100.
10-08 13:18:35.634  2042  4781 I BLASTSyncEngine: SyncGroup 79:  Unfinished container:ActivityRecord{44e2e4a u0 com.mi.android.globallauncher/com.miui.home.launcher.Launcher t2}
10-08 13:18:35.634  2042  4781 I BLASTSyncEngine: isActivitySyncFinished isSyncFinished false ActivityRecord{44e2e4a u0 com.mi.android.globallauncher/com.miui.home.launcher.Launcher t2}
10-08 13:18:35.639  2042  8104 I SmartPower: com.google.android.googlequicksearchbox:googleapp/10167(6779): idle->visible(1724955ms) R(become visible) adj=800.
10-08 13:18:35.639  2042  8104 I SmartPower: com.google.android.googlequicksearchbox:search/10167(8951): idle->invisible(1144357ms) R(become foreground) adj=800.
10-08 13:18:35.639  2042  8104 I SmartPower: com.google.android.googlequicksearchbox:interactor/10167(6609): background->invisible(4823521ms) R(become foreground) adj=100.
10-08 13:18:35.642  4304  4304 D ArtChoreographerMonitor: invoke error.
10-08 13:18:35.649  2042  8104 I BLASTSyncEngine: SyncGroup 79:  Unfinished container:ActivityRecord{44e2e4a u0 com.mi.android.globallauncher/com.miui.home.launcher.Launcher t2}
10-08 13:18:35.649  2042  8104 I BLASTSyncEngine: isActivitySyncFinished isSyncFinished false ActivityRecord{44e2e4a u0 com.mi.android.globallauncher/com.miui.home.launcher.Launcher t2}
10-08 13:18:35.651  2042  2692 D SchedBoost: com.mi.android.globallauncher already boosted, skip boost priority
10-08 13:18:35.652  2042  2690 D Aurogon :  uid = 10081 switch to FG
10-08 13:18:35.664  2042  8104 D WindowManager: wms.finishDrawingLocked: mDrawState=COMMIT_DRAW_PENDING Window{39ff318 u0 LauncherOverlayWindow:com.mi.globalminusscreen} in Surface(name=LauncherOverlayWindow:com.mi.globalminusscreen#1420)/@0x2bf07ea
10-08 13:18:35.668  2042  2693 I BLASTSyncEngine: SyncGroup 79:  Unfinished container:ActivityRecord{44e2e4a u0 com.mi.android.globallauncher/com.miui.home.launcher.Launcher t2}
10-08 13:18:35.668  2042  2693 I BLASTSyncEngine: isActivitySyncFinished isSyncFinished false ActivityRecord{44e2e4a u0 com.mi.android.globallauncher/com.miui.home.launcher.Launcher t2}
10-08 13:18:35.678  2042  9046 D MiuiMemoryInfoImpl: MEMINFO_KRECLAIMABLE: 130352, MEMINFO_SLAB_RECLAIMABLE: 119356, MEMINFO_BUFFERS: 1276, MEMINFO_CACHED: 1490076, MEMINFO_FREE: 135852
10-08 13:18:35.678  2042  9046 D MiuiMemoryInfoImpl: cache: 1799737344, cachePss: 2489201664, lostcache: 0
10-08 13:18:35.685  4304  4484 D SoScSplitScreenController: updateDividerFixedState isFixed:true
10-08 13:18:35.692  4304  5230 D MiuiFreeformModeObserver: activityResumed() intent： Intent { cmp=com.mi.android.globallauncher/com.miui.home.launcher.Launcher (has extras) }
10-08 13:18:35.709  2042  9046 I BLASTSyncEngine: SyncGroup 79:  Unfinished container:ActivityRecord{44e2e4a u0 com.mi.android.globallauncher/com.miui.home.launcher.Launcher t2}
10-08 13:18:35.709  2042  9046 I BLASTSyncEngine: isActivitySyncFinished isSyncFinished false ActivityRecord{44e2e4a u0 com.mi.android.globallauncher/com.miui.home.launcher.Launcher t2}
10-08 13:18:35.711  2042  9046 I WindowManager: cancelAnimation removed leash : Surface(name=Surface(name=704023a StatusBar#94)/@0xa8be448 - animation-leash of insets_animation#1407)/@0x3deba59
10-08 13:18:35.713  2042  9046 I WindowManager: cancelAnimation removed leash : Surface(name=Surface(name=d968687 NavigationBar0#90)/@0x2f479dd - animation-leash of insets_animation#1419)/@0x5e71673
10-08 13:18:35.715  2042  9046 D WindowManager: wms.Input focus has changed to Window{f64bed4 u0 com.mi.android.globallauncher/com.miui.home.launcher.Launcher} display=0 updateInputWindows = true
10-08 13:18:35.715  2042  9046 I MultiSenceManagerInternalStub: getInstance
10-08 13:18:35.717  2042  4689 D WindowManager: wms.finishDrawingLocked: mDrawState=COMMIT_DRAW_PENDING Window{b8a1fa2 u0 LauncherMinusOneScreen} in Surface(name=LauncherMinusOneScreen#1421)/@0xf269851
10-08 13:18:35.718  2042  2693 D WindowManager: Collecting in transition 79: WallpaperWindowToken{9f84f36 token=android.os.Binder@ec5366a} init visibleRequested:false
10-08 13:18:35.718  2042  2693 D WindowManager: Collecting in transition 79: WallpaperWindowToken{6dc7b token=android.os.BinderProxy@83a1475} init visibleRequested:false
10-08 13:18:35.719  2042  2693 I WindowManager: wms.showSurfaceRobustly mWin:Window{db0cee2 u0 com.miui.miwallpaper.wallpaperservice.ImageWallpaper}
10-08 13:18:35.719  2042  2693 I WindowManager: wms.showSurfaceRobustly mWin:Window{24ea150 u0 com.miui.miwallpaper.wallpaperservice.MiuiKeyguardPictorialWallpaper}
10-08 13:18:35.724  2042  2693 I BLASTSyncEngine: SyncGroup 79:  Unfinished container:ActivityRecord{44e2e4a u0 com.mi.android.globallauncher/com.miui.home.launcher.Launcher t2}
10-08 13:18:35.724  2042  2693 I BLASTSyncEngine: isActivitySyncFinished isSyncFinished false ActivityRecord{44e2e4a u0 com.mi.android.globallauncher/com.miui.home.launcher.Launcher t2}
10-08 13:18:35.769  2042  9046 D WindowManager: wms.finishDrawingLocked: mDrawState=COMMIT_DRAW_PENDING Window{f64bed4 u0 com.mi.android.globallauncher/com.miui.home.launcher.Launcher} in Surface(name=com.mi.android.globallauncher/com.miui.home.launcher.Launcher#1422)/@0xcb30089
10-08 13:18:35.778  2042  2693 I SmartPower: com.mi.android.globallauncher/10081(4339): invisible->visible(202ms) R(become visible) adj=0.
10-08 13:18:35.779  2042  2693 I WindowManager: wms.showSurfaceRobustly mWin:Window{39ff318 u0 LauncherOverlayWindow:com.mi.globalminusscreen}
10-08 13:18:35.780  2042  2693 I WindowManager: wms.showSurfaceRobustly mWin:Window{b8a1fa2 u0 LauncherMinusOneScreen}
10-08 13:18:35.780  2042  2693 I WindowManager: wms.showSurfaceRobustly mWin:Window{f64bed4 u0 com.mi.android.globallauncher/com.miui.home.launcher.Launcher}
10-08 13:18:35.781  2042  2693 D WindowManager: Final targets: [Task{99d2bd4 #1 type=home}, Task{8b89cf5 #6344 type=standard A=10172:com.android.chrome}, WallpaperWindowToken{6dc7b token=android.os.BinderProxy@83a1475}, WallpaperWindowToken{9f84f36 token=android.os.Binder@ec5366a}]
10-08 13:18:35.809  2042  2693 D WindowManager: Calling onTransitionReady info={id=79 t=OPEN f=0x0 trk=0 r=[0@Point(0, 0)] c=[{WCT{RemoteToken{3ace072 Task{99d2bd4 #1 type=home}}} m=TO_FRONT f=SHOW_WALLPAPER|MOVE_TO_TOP leash=Surface(name=Task=1#47)/@0x2e98d27 sb=Rect(0, 0 - 1080, 2400) eb=Rect(0, 0 - 1080, 2400) d=0},{WCT{RemoteToken{3dc5006 Task{8b89cf5 #6344 type=standard A=10172:com.android.chrome}}} m=TO_BACK f=NONE leash=Surface(name=Task=6344#540)/@0x86f7a2c sb=Rect(0, 0 - 1080, 2400) eb=Rect(0, 0 - 1080, 2400) d=0},{null m=TO_FRONT f=IS_WALLPAPER leash=Surface(name=WallpaperWindowToken{6dc7b token=android.os.BinderProxy@83a1475}#53)/@0xc3b8a98 sb=Rect(0, 0 - 1080, 2400) eb=Rect(0, 0 - 1080, 2400) d=0},{null m=TO_FRONT f=IS_WALLPAPER leash=Surface(name=WallpaperWindowToken{9f84f36 token=android.os.Binder@ec5366a}#60)/@0xa218328 sb=Rect(0, 0 - 1080, 2400) eb=Rect(0, 0 - 1080, 2400) d=0}] noAni=[false] df=[false] mk=[true] nc=[0]}, mToken=Token{efba0b5 TransitionRecord{9391f19 id=79 type=OPEN flags=0x0}}
10-08 13:18:35.810  2042  2693 I BLASTSyncEngine: finishNow: after onTransactionReady, mSyncId=79
10-08 13:18:35.814  4304  4304 D ArtChoreographerMonitor: invoke error.
10-08 13:18:35.818  4304  4484 D MiuiFullScreenTaskRepository: setFocusedTask taskId=1, displayId=0, topActivity=ComponentInfo{com.mi.android.globallauncher/com.miui.home.launcher.Launcher}
10-08 13:18:35.818  4304  4484 D MiuiFullScreenTaskRepository: addOrUpdateFullScreenTaskInfo taskId=1, topActivity=ComponentInfo{com.mi.android.globallauncher/com.miui.home.launcher.Launcher}
10-08 13:18:35.832  4304  4304 E onWindowDecorRectChanged: start size:0
10-08 13:18:35.836  2042  2692 D SchedBoost: com.android.chrome:sandboxed_process0:org.chromium.content.app.SandboxedProcessService0:10 boosting, skip reset priority
10-08 13:18:35.836  2042  2692 D SchedBoost: com.android.chrome:privileged_process0 boosting, skip reset priority
10-08 13:18:35.837  2042  3096 D ActivityManager: checkAllowBackground: uid=10163 pkg=com.google.android.gms rec=UidRecord{3efeecd u0a163 BTOP change:procadj procs:0 seq(260556,147449)} caps=LCMNFU always=false idle=false
10-08 13:18:35.844  2042  3516 D SchedBoost: stopBoostInternal
10-08 13:18:35.845  2042  3516 D SchedBoost: startBoostInternal 1000
10-08 13:18:35.870  2042  4079 I WindowManager: cancelAnimation removed leash : Surface(name=Surface(name=49d5fba InputMethod#118)/@0xbb23dc8 - animation-leash of insets_animation#1417)/@0xf8af671
10-08 13:18:35.871  2042  3096 W PackageConfigPersister: App-specific configuration not found for packageName: com.mi.android.globallauncher and userId: 0
10-08 13:18:35.998  2042  2787 I SmartPower: com.miui.msa.global:ui/10123(23640): idle->background(3613354ms) R(broadcast start Intent { act=android.intent.action.CLOSE_SYSTEM_DIALOGS flg=0x50000010 (has extras) }) adj=955.
10-08 13:18:35.999  4304  4304 D ArtChoreographerMonitor: invoke error.
10-08 13:18:36.163  2042  2042 W AccessibilityManagerService:  wait for adding window timeout: 190
10-08 13:18:36.180  2042  2042 W AccessibilityManagerService:  wait for adding window timeout: 193
10-08 13:18:36.298  2042  2692 W AccessibilityWindowsPopulator: Windows change within in 2 frames continuously over 500 ms and notify windows changed immediately
10-08 13:18:36.357  2183  2183 I wificond: station_bandwidth: P
10-08 13:18:36.491  2042  3516 I ProcessManager: getRenderThreadTidByPid, caller=2042
10-08 13:18:36.544  2042  7000 D MiuiMemoryInfoImpl: MEMINFO_KRECLAIMABLE: 152988, MEMINFO_SLAB_RECLAIMABLE: 119292, MEMINFO_BUFFERS: 1244, MEMINFO_CACHED: 1408520, MEMINFO_FREE: 133200
10-08 13:18:36.544  2042  7000 D MiuiMemoryInfoImpl: cache: 1736654848, cachePss: 2442710016, lostcache: 0
10-08 13:18:36.555  2042  4079 D VibratorManagerService: Starting vibrate for vibration 70
10-08 13:18:36.556  2042  4079 D VibratorManagerServiceImpl: attrs = VibrationAttributes: Usage=HARDWARE_FEEDBACK Audio Usage= USAGE_UNKNOWN Flags=0, attrs.usage = 50
10-08 13:18:36.556  2042  7000 D MiuiMemoryInfoImpl: MEMINFO_KRECLAIMABLE: 152988, MEMINFO_SLAB_RECLAIMABLE: 119292, MEMINFO_BUFFERS: 1244, MEMINFO_CACHED: 1409984, MEMINFO_FREE: 131612
10-08 13:18:36.556  2042  4079 E VibratorManagerServiceImpl: skipandroid.os.RemoteException: Method setUsageExt is unimplemented.
10-08 13:18:36.557  2042  7000 D MiuiMemoryInfoImpl: cache: 1736527872, cachePss: 2442710016, lostcache: 0
10-08 13:18:36.596  2042  2693 W ActivityTaskManager: Can't find TaskDisplayArea to determine support for multi window. Task id=6338 attached=false
10-08 13:18:36.602  4304  4484 D SoScUtils: monitorTransitionFinished transition:android.os.BinderProxy@db2f93 transaction: android.view.SurfaceControl$Transaction@1d22818 mRequestCloseTransition:null mRequestOpenTransition:null mPairsOpenTransition:null mPairsOpenTransitionNull:null mRequestOpenTriggerTask:-1 mRequestCloseTriggerTask:-1 mOrientationTransition: null mMainStartingTask:-1 mSideStartingTask:-1
10-08 13:18:36.613  2042  4079 I Transition: finishTransition: updateLastSurfacePosition tf=Task{66b3a31 #2 type=home I=com.mi.android.globallauncher/com.miui.home.launcher.Launcher}
10-08 13:18:36.613  2042  4079 I Transition: finishTransition: updateLastSurfacePosition tf=Task{99d2bd4 #1 type=home}
10-08 13:18:36.614  4304  4484 D MiuiFullScreenTaskRepository: removeFullScreenTask taskId=6338, topActivity=null
10-08 13:18:36.614  4304  4484 D MiuiWindowDecorViewModel: destroyWindowDecoration: taskId=6338, windowingMode=1, mWindowDecorByTaskId.size()=0, callers=com.android.wm.shell.fullscreen.FullscreenTaskListener.onTaskVanished:143 com.android.wm.shell.ShellTaskOrganizer.onTaskVanished:138 android.window.TaskOrganizer$1.lambda$onTaskVanished$5:391 android.window.TaskOrganizer$1.$r8$lambda$cnLAmEuLf_BQ_jFuhQbGGs5ghXo:0 android.window.TaskOrganizer$1$$ExternalSyntheticLambda14.run:4 
10-08 13:18:36.628  2042  9046 D WindowManager: Collecting in transition 80: Task{8b89cf5 #6344 type=standard A=10172:com.android.chrome} init visibleRequested:false
10-08 13:18:36.629  4304  4484 D MiuiFullScreenTaskRepository: addOrUpdateFullScreenTaskInfo taskId=6344, topActivity=ComponentInfo{com.android.chrome/org.chromium.chrome.browser.ChromeTabbedActivity}
10-08 13:18:36.629  2042  9046 D WindowManagerService: checkFlipFullScreenChange is same, nowIsFullScreen = false
10-08 13:18:36.629  2042  9046 D WindowManager: wms.Input focus has changed to null display=0 updateInputWindows = true
10-08 13:18:36.629  2042  9046 I MultiSenceManagerInternalStub: getInstance
10-08 13:18:36.632  2042  2692 D SchedBoost: com.mi.android.globallauncher boosting, skip reset priority
10-08 13:18:36.638  2042  9046 D WindowManager: Requesting StartTransition: TransitionRecord{9f2ca23 id=80 type=TO_FRONT flags=0x0}
10-08 13:18:36.644  2042  2693 I WindowManager: wms.showSurfaceRobustly mWin:Window{9bf3dc1 u0 com.android.chrome/org.chromium.chrome.browser.ChromeTabbedActivity}
10-08 13:18:36.646  2042  4079 D WindowManager: Set the mSyncState to SYNC_STATE_READY: Window{9bf3dc1 u0 com.android.chrome/org.chromium.chrome.browser.ChromeTabbedActivity}
10-08 13:18:36.652  2042  3109 W UsageStatsService: Unexpected activity event reported! (com.google.android.gm/com.google.android.gm.ui.MailActivityGmail event : 23 instanceId : 17542970)
10-08 13:18:36.655  2042  9046 D WindowManager: Collecting in transition 80: ActivityRecord{7653ddf u0 com.android.chrome/org.chromium.chrome.browser.ChromeTabbedActivity t6344} init visibleRequested:false
10-08 13:18:36.656  2042  9046 D WindowManagerService: checkFlipFullScreenChange is same, nowIsFullScreen = false
10-08 13:18:36.656  2042  9046 I SmartPower: com.android.chrome/10172(13707): visible->invisible(21728ms) R(become invisible) adj=0.
10-08 13:18:36.656  2042  9046 I SmartPower: com.android.chrome:privileged_process0/10172(14255): invisible->background(22015ms) R(become background) adj=200.
10-08 13:18:36.657  2042  9046 I SmartPower: com.android.chrome/10172(13707): invisible->background(0ms) R(become background) adj=0.
10-08 13:18:36.657  2042  9046 D WindowManager: Collecting in transition 80: ActivityRecord{44e2e4a u0 com.mi.android.globallauncher/com.miui.home.launcher.Launcher t2} init visibleRequested:true
10-08 13:18:36.657  2042  9046 D WindowManager: Collecting in transition 80: WallpaperWindowToken{9f84f36 token=android.os.Binder@ec5366a} init visibleRequested:true
10-08 13:18:36.657  2042  9046 D WindowManager: Collecting in transition 80: WallpaperWindowToken{6dc7b token=android.os.BinderProxy@83a1475} init visibleRequested:true
10-08 13:18:36.658  2042  9046 I SmartPower: com.android.chrome:privileged_process0/10172(14255): background->invisible(1ms) R(become foreground) adj=200.
10-08 13:18:36.658  2042  9046 I SmartPower: com.android.chrome/10172(13707): background->invisible(1ms) R(become foreground) adj=0.
10-08 13:18:36.659  2042  9046 D WindowManager: Collecting in transition 80: ActivityRecord{7653ddf u0 com.android.chrome/org.chromium.chrome.browser.ChromeTabbedActivity t6344} init visibleRequested:true
10-08 13:18:36.666  4304  4484 I SoScUtils: monitorTransitionRequest mRequestOpenTransition:null mRequestOpenTriggerTask:-1 mRequestCloseTransition:null mRequestCloseTriggerTask:-1 mRequestCloseStageType:-1
10-08 13:18:36.668  2042  4079 D WindowManager: Set transition=TransitionRecord{9f2ca23 id=80 type=TO_FRONT flags=0x0}, ready=true, SyncId=80 
10-08 13:18:36.671  4304  4484 D MiuiFullScreenTaskRepository: removeFocusedTask displayId=0
10-08 13:18:36.671  4304  4484 D MiuiFullScreenTaskRepository: addOrUpdateFullScreenTaskInfo taskId=1, topActivity=ComponentInfo{com.mi.android.globallauncher/com.miui.home.launcher.Launcher}
10-08 13:18:36.671  4304  4484 D MiuiFullScreenTaskRepository: setFocusedTask taskId=6344, displayId=0, topActivity=ComponentInfo{com.android.chrome/org.chromium.chrome.browser.ChromeTabbedActivity}
10-08 13:18:36.671  4304  4484 D MiuiFullScreenTaskRepository: addOrUpdateFullScreenTaskInfo taskId=6344, topActivity=ComponentInfo{com.android.chrome/org.chromium.chrome.browser.ChromeTabbedActivity}
10-08 13:18:36.671  4304  4484 D MiuiFreeformModeController: onFocusTaskChanged taskInfo: TaskInfo{userId=0 taskId=6344 displayId=0 isRunning=true baseIntent=Intent { act=android.intent.action.VIEW dat=https://issuer.eudiw.dev/... flg=0x14002000 cmp=com.android.chrome/org.chromium.chrome.browser.ChromeTabbedActivity } baseActivity=ComponentInfo{com.android.chrome/org.chromium.chrome.browser.ChromeTabbedActivity} topActivity=ComponentInfo{com.android.chrome/org.chromium.chrome.browser.ChromeTabbedActivity} origActivity=null realActivity=ComponentInfo{com.android.chrome/org.chromium.chrome.browser.ChromeTabbedActivity} numActivities=1 lastActiveTime=164027906 supportsSplitScreenMultiWindow=true supportsMultiWindow=true resizeMode=2 isResizeable=true minWidth=-1 minHeight=-1 defaultMinSize=200 token=WCT{android.window.IWindowContainerToken$Stub$Proxy@fc843e2} topActivityType=1 pictureInPictureParams=null shouldDockBigOverlays=false launchIntoPipHostTaskId=-1 lastParentTaskIdBeforePip=-1 displayCutoutSafeInsets=Rect(0, 94 - 0, 0) topActivityInfo=ActivityInfo{fbff373 org.chromium.chrome.browser.ChromeTabbedActivity} launchCookies=[] positionInParent=Point(0, 0) parentTaskId=-1 isFocused=true isVisible=false isVisibleRequested=false isSleeping=false topActivityInSizeCompat=false topActivityInMiuiSizeCompat=false topActivityEligibleForLetterboxEducation= false topActivityLetterboxed= false isFromDoubleTap= false topActivityLetterboxVerticalPosition= -1 topActivityLetterboxHorizontalPosition= -1 topActivityLetterboxWidth=-1 topActivityLetterboxHeight=-1 locusId=null displayAreaFeatureId=1 cameraCompatControlState=hidden mIsCastMode=false mTopActivityMediaSize=null mTopActivityRecordName=ActivityRecord{7653ddf u0 com.android.chrome/org.chromium.chrome.browser.ChromeTabbedActivity t6344} mTopActivityOrientation=-2 mTopActivityWindowIsNowVisible=true isTranslucent=true isEmbedded=false shouldBeVisible=true isImmersive=false mBehindAppLockPkg=null mOriginatingUid=0}
10-08 13:18:36.672  4304  4484 D MiuiDesktopModeController: onFocusTaskChanged newFocus: TaskInfo{userId=0 taskId=6344 displayId=0 isRunning=true baseIntent=Intent { act=android.intent.action.VIEW dat=https://issuer.eudiw.dev/... flg=0x14002000 cmp=com.android.chrome/org.chromium.chrome.browser.ChromeTabbedActivity } baseActivity=ComponentInfo{com.android.chrome/org.chromium.chrome.browser.ChromeTabbedActivity} topActivity=ComponentInfo{com.android.chrome/org.chromium.chrome.browser.ChromeTabbedActivity} origActivity=null realActivity=ComponentInfo{com.android.chrome/org.chromium.chrome.browser.ChromeTabbedActivity} numActivities=1 lastActiveTime=164027906 supportsSplitScreenMultiWindow=true supportsMultiWindow=true resizeMode=2 isResizeable=true minWidth=-1 minHeight=-1 defaultMinSize=200 token=WCT{android.window.IWindowContainerToken$Stub$Proxy@fc843e2} topActivityType=1 pictureInPictureParams=null shouldDockBigOverlays=false launchIntoPipHostTaskId=-1 lastParentTaskIdBeforePip=-1 displayCutoutSafeInsets=Rect(0, 94 - 0, 0) topActivityInfo=ActivityInfo{fbff373 org.chromium.chrome.browser.ChromeTabbedActivity} launchCookies=[] positionInParent=Point(0, 0) parentTaskId=-1 isFocused=true isVisible=false isVisibleRequested=false isSleeping=false topActivityInSizeCompat=false topActivityInMiuiSizeCompat=false topActivityEligibleForLetterboxEducation= false topActivityLetterboxed= false isFromDoubleTap= false topActivityLetterboxVerticalPosition= -1 topActivityLetterboxHorizontalPosition= -1 topActivityLetterboxWidth=-1 topActivityLetterboxHeight=-1 locusId=null displayAreaFeatureId=1 cameraCompatControlState=hidden mIsCastMode=false mTopActivityMediaSize=null mTopActivityRecordName=ActivityRecord{7653ddf u0 com.android.chrome/org.chromium.chrome.browser.ChromeTabbedActivity t6344} mTopActivityOrientation=-2 mTopActivityWindowIsNowVisible=true isTranslucent=true isEmbedded=false shouldBeVisible=true isImmersive=false mBehindAppLockPkg=null mOriginatingUid=0}
10-08 13:18:36.672  4304  4484 D MiuiFullScreenTaskRepository: setFocusedTask taskId=6344, displayId=0, topActivity=ComponentInfo{com.android.chrome/org.chromium.chrome.browser.ChromeTabbedActivity}
10-08 13:18:36.672  4304  4484 D MiuiFullScreenTaskRepository: addOrUpdateFullScreenTaskInfo taskId=6344, topActivity=ComponentInfo{com.android.chrome/org.chromium.chrome.browser.ChromeTabbedActivity}
10-08 13:18:36.671  2042  2693 I BLASTSyncEngine: SyncGroup 80:  Unfinished container:Task{8b89cf5 #6344 type=standard A=10172:com.android.chrome}
10-08 13:18:36.674  2042  2693 I BLASTSyncEngine: isActivitySyncFinished isSyncFinished false Task{8b89cf5 #6344 type=standard A=10172:com.android.chrome}
10-08 13:18:36.676  2042  3524 I SmartPower: com.android.chrome:sandboxed_process0:org.chromium.content.app.SandboxedProcessSerbackground->idle(5096ms) R(adj below visible) adj=900.
10-08 13:18:36.677  2042  2890 I ProcessSceneCleaner: OneKeyClean: kill procName=com.miui.securitycenter info=AS:05
10-08 13:18:36.679  4304  4484 D OneHandedController: stopOneHanded state is 0
10-08 13:18:36.682  2042  2890 I ActivityManager: Killing 7484:com.miui.securitycenter/1000 (adj 0): OneKeyClean
10-08 13:18:36.688  2042  3095 D SchedBoost: com.android.chrome:sandboxed_process0:org.chromium.content.app.SandboxedProcessService0:10 boosting, skip reset priority
10-08 13:18:36.692  4304  4484 D WindowManagerShell: onActivityRestartAttempt: ComponentInfo{com.android.chrome/org.chromium.chrome.browser.ChromeTabbedActivity}
10-08 13:18:36.695  2042  2692 D SchedBoost: com.google.android.webview:sandboxed_process0:org.chromium.content.app.SandboxedProcessService0:0 boosting, skip reset priority
10-08 13:18:36.696  2042  2890 I ProcessSceneCleaner: OneKeyClean: kill procName=com.android.keychain info=AS:94519
10-08 13:18:36.696  2042  2890 I ActivityManager: Killing 19505:com.android.keychain/1000 (adj 945): OneKeyClean
10-08 13:18:36.699  2042  2890 I ProcessSceneCleaner: OneKeyClean: kill procName=com.miui.freeform info=AS:1006
10-08 13:18:36.700  2042  2890 I ActivityManager: Killing 13574:com.miui.freeform/1000 (adj 100): OneKeyClean
10-08 13:18:36.704  2042  2890 I ProcessSceneCleaner: OneKeyClean: kill procName=com.android.settings info=AS:92519
10-08 13:18:36.704  2042  2890 I ActivityManager: Killing 11020:com.android.settings/1000 (adj 925): OneKeyClean
10-08 13:18:36.707  2042  2890 I ProcessSceneCleaner: OneKeyClean: kill procName=com.miui.misightservice info=AS:50010
10-08 13:18:36.707  2042  2890 I ActivityManager: Killing 7944:com.miui.misightservice/1000 (adj 500): OneKeyClean
10-08 13:18:36.711  2042  2073 W AutofillManagerServiceImpl: getFillEventHistory() called by UID 10273, but service UID is 10163
10-08 13:18:36.714  2042  7043 D CompatibilityChangeReporter: Compat change id reported: 161145287; UID 10172; state: ENABLED
10-08 13:18:36.720  4304  4358 D MiuiFreeformModeObserver: activityResumed() intent： Intent { cmp=com.android.chrome/org.chromium.chrome.browser.ChromeTabbedActivity (has extras) }
10-08 13:18:36.721  2042  6998 I BLASTSyncEngine: SyncGroup 80:  Unfinished container:Task{8b89cf5 #6344 type=standard A=10172:com.android.chrome}
10-08 13:18:36.721  2042  6998 I BLASTSyncEngine: isActivitySyncFinished isSyncFinished false Task{8b89cf5 #6344 type=standard A=10172:com.android.chrome}
10-08 13:18:36.723  2042  6998 D WindowManager: relayoutVisibleWindow: Window{9bf3dc1 u0 com.android.chrome/org.chromium.chrome.browser.ChromeTabbedActivity EXITING} mAnimatingExit=true, mRemoveOnExit=false, mDestroying=false
10-08 13:18:36.724  2042  6998 I WindowManager: cancelAnimation removed leash : Surface(name=Surface(name=704023a StatusBar#94)/@0xa8be448 - animation-leash of insets_animation#1423)/@0xcc21c45
10-08 13:18:36.727  2042  6998 I WindowManager: cancelAnimation removed leash : Surface(name=Surface(name=d968687 NavigationBar0#90)/@0x2f479dd - animation-leash of insets_animation#1424)/@0x22530cb
10-08 13:18:36.730  2042  6998 D WindowManager: wms.Input focus has changed to Window{9bf3dc1 u0 com.android.chrome/org.chromium.chrome.browser.ChromeTabbedActivity} display=0 updateInputWindows = true
10-08 13:18:36.730  2042  6998 I MultiSenceManagerInternalStub: getInstance
10-08 13:18:36.741  2042  7000 W FillRequestEventLogger: Shouldn't be logging AutofillFillRequestReported again for same event
10-08 13:18:36.741  2042  7000 W PresentationStatsEventLogger: Shouldn't be logging AutofillPresentationEventReported again for same event
10-08 13:18:36.741  2042  7000 W SaveEventLogger: Shouldn't be logging AutofillSaveEventReported again for same event
10-08 13:18:36.741  2042  7000 W FillRequestEventLogger: Shouldn't be logging AutofillFillRequestReported again for same event
10-08 13:18:36.741  2042  7000 W FillResponseEventLogger: Shouldn't be logging AutofillFillRequestReported again for same event
10-08 13:18:36.741  2042  7000 W PresentationStatsEventLogger: Shouldn't be logging AutofillPresentationEventReported again for same event
10-08 13:18:36.741  2042  7000 W SaveEventLogger: Shouldn't be logging AutofillSaveEventReported again for same event
10-08 13:18:36.741  2042  7000 W SessionCommittedEventLogger: Shouldn't be logging AutofillSessionCommitted again for same session.
10-08 13:18:36.741  2042  7000 D AutofillSession: clearPendingIntentLocked
10-08 13:18:36.742  2042  6878 I BLASTSyncEngine: SyncGroup 80:  Unfinished container:Task{8b89cf5 #6344 type=standard A=10172:com.android.chrome}
10-08 13:18:36.742  2042  2042 W PresentationStatsEventLogger: Shouldn't be logging AutofillPresentationEventReported again for same event
10-08 13:18:36.742  2042  6878 I BLASTSyncEngine: isActivitySyncFinished isSyncFinished false Task{8b89cf5 #6344 type=standard A=10172:com.android.chrome}
10-08 13:18:36.742  2042  2042 W FillRequestEventLogger: Shouldn't be logging AutofillFillRequestReported again for same event
10-08 13:18:36.742  2042  2042 W FillResponseEventLogger: Shouldn't be logging AutofillFillRequestReported again for same event
10-08 13:18:36.742  2042  2042 W PresentationStatsEventLogger: Shouldn't be logging AutofillPresentationEventReported again for same event
10-08 13:18:36.742  2042  2042 W SaveEventLogger: Shouldn't be logging AutofillSaveEventReported again for same event
10-08 13:18:36.742  2042  2042 W SessionCommittedEventLogger: Shouldn't be logging AutofillSessionCommitted again for same session.
10-08 13:18:36.748  2042  6998 D CoreBackPreview: Window{c4c113d u0 dev.firebase.appdistribution/dev.firebase.appdistribution.main.MainActivity}: Setting back callback null
10-08 13:18:36.752  2042  7000 D CoreBackPreview: Window{aea1421 u0 eu.europa.ec.euidi/eu.europa.ec.assemblylogic.ui.MainActivity}: Setting back callback null
10-08 13:18:36.758  2042  2693 I SmartPower: com.android.chrome/10172(13707): invisible->visible(100ms) R(become visible) adj=0.
10-08 13:18:36.758  2042  2693 I WindowManager: wms.showSurfaceRobustly mWin:Window{ed7c5e4 u0 SnapshotStartingWindow for taskId=6344}
10-08 13:18:36.758  2042  3524 I SmartPower: com.android.chrome:sandboxed_process0:org.chromium.content.app.SandboxedProcessSeridle->background(82ms) R(add to whitelist) adj=900.
10-08 13:18:36.758  2042  2693 D WindowManager: Final targets: [Task{8b89cf5 #6344 type=standard A=10172:com.android.chrome}, Task{99d2bd4 #1 type=home}]
10-08 13:18:36.761  2042  2693 D WindowManager: Calling onTransitionReady info={id=80 t=TO_FRONT f=0x0 trk=0 r=[0@Point(0, 0)] c=[{WCT{RemoteToken{3dc5006 Task{8b89cf5 #6344 type=standard A=10172:com.android.chrome}}} m=TO_FRONT f=MOVE_TO_TOP leash=Surface(name=Task=6344#540)/@0x86f7a2c sb=Rect(0, 0 - 1080, 2400) eb=Rect(0, 0 - 1080, 2400) d=0},{WCT{RemoteToken{3ace072 Task{99d2bd4 #1 type=home}}} m=TO_BACK f=SHOW_WALLPAPER leash=Surface(name=Task=1#47)/@0x2e98d27 sb=Rect(0, 0 - 1080, 2400) eb=Rect(0, 0 - 1080, 2400) d=0}] noAni=[false] df=[false] mk=[true] nc=[0]}, mToken=Token{d816b2 TransitionRecord{9f2ca23 id=80 type=TO_FRONT flags=0x0}}
10-08 13:18:36.762  2042  2693 I BLASTSyncEngine: finishNow: after onTransactionReady, mSyncId=80
10-08 13:18:36.775  4304  4484 D MiuiFullScreenTaskRepository: setFocusedTask taskId=6344, displayId=0, topActivity=ComponentInfo{com.android.chrome/org.chromium.chrome.browser.ChromeTabbedActivity}
10-08 13:18:36.775  4304  4484 D MiuiFullScreenTaskRepository: addOrUpdateFullScreenTaskInfo taskId=6344, topActivity=ComponentInfo{com.android.chrome/org.chromium.chrome.browser.ChromeTabbedActivity}
10-08 13:18:36.781  4304  4304 D ArtChoreographerMonitor: invoke error.
10-08 13:18:36.782  4304  4304 E onWindowDecorRectChanged: start size:1
10-08 13:18:36.782  4304  4304 E onWindowDecorRectChanged: windowDecorRects: Rect(454, 12 - 625, 123)
10-08 13:18:36.795  2042  3516 D SchedBoost: stopBoostInternal
10-08 13:18:36.796  2042  3515 E ProcessManager: error write exception log
10-08 13:18:36.810  2042  3516 D SchedBoost: startBoostInternal 1000
10-08 13:18:36.823  2042  7011 W ActivityTaskManager: Can't find TaskDisplayArea to determine support for multi window. Task id=6340 attached=false
10-08 13:18:36.827  2042  6971 D CoreBackPreview: Window{577c80c u0 dev.firebase.appdistribution/dev.firebase.appdistribution.main.MainActivity}: Setting back callback null
10-08 13:18:36.829  4304  4484 D MiuiFullScreenTaskRepository: removeFullScreenTask taskId=6340, topActivity=null
10-08 13:18:36.829  4304  4484 D MiuiWindowDecorViewModel: destroyWindowDecoration: taskId=6340, windowingMode=1, mWindowDecorByTaskId.size()=0, callers=com.android.wm.shell.fullscreen.FullscreenTaskListener.onTaskVanished:143 com.android.wm.shell.ShellTaskOrganizer.onTaskVanished:138 android.window.TaskOrganizer$1.lambda$onTaskVanished$5:391 android.window.TaskOrganizer$1.$r8$lambda$cnLAmEuLf_BQ_jFuhQbGGs5ghXo:0 android.window.TaskOrganizer$1$$ExternalSyntheticLambda14.run:4 
10-08 13:18:36.842  2042  7043 W ActivityManager: Scheduling restart of crashed service com.miui.freeform/.tips.MiuiFreeFormGuideTipService in 1000ms for connection
10-08 13:18:36.850  2042  2693 W ActivityTaskManager: Can't find TaskDisplayArea to determine support for multi window. Task id=6365 attached=false
10-08 13:18:36.852  4304  4484 D MiuiFullScreenTaskRepository: removeFullScreenTask taskId=6365, topActivity=null
10-08 13:18:36.852  4304  4484 D MiuiWindowDecorViewModel: destroyWindowDecoration: taskId=6365, windowingMode=1, mWindowDecorByTaskId.size()=0, callers=com.android.wm.shell.fullscreen.FullscreenTaskListener.onTaskVanished:143 com.android.wm.shell.ShellTaskOrganizer.onTaskVanished:138 android.window.TaskOrganizer$1.lambda$onTaskVanished$5:391 android.window.TaskOrganizer$1.$r8$lambda$cnLAmEuLf_BQ_jFuhQbGGs5ghXo:0 android.window.TaskOrganizer$1$$ExternalSyntheticLambda14.run:4 
10-08 13:18:36.864  2042  9053 D MiuiMemoryInfoImpl: MEMINFO_KRECLAIMABLE: 156888, MEMINFO_SLAB_RECLAIMABLE: 119292, MEMINFO_BUFFERS: 1256, MEMINFO_CACHED: 1478300, MEMINFO_FREE: 106304
10-08 13:18:36.875  2042  4781 I WindowManager: cancelAnimation removed leash : Surface(name=Surface(name=49d5fba InputMethod#118)/@0xbb23dc8 - animation-leash of insets_animation#1431)/@0xe32f0ab
10-08 13:18:36.879  2042  4079 W PackageConfigPersister: App-specific configuration not found for packageName: com.android.chrome and userId: 0
10-08 13:18:36.881  2042  9053 D MiuiMemoryInfoImpl: cache: 1784573952, cachePss: 2448312320, lostcache: 0
10-08 13:18:36.886  2042  2693 W ActivityTaskManager: Can't find TaskDisplayArea to determine support for multi window. Task id=6339 attached=false
10-08 13:18:36.895  4304  4484 D MiuiFullScreenTaskRepository: removeFullScreenTask taskId=6339, topActivity=null
10-08 13:18:36.896  4304  4484 D MiuiWindowDecorViewModel: destroyWindowDecoration: taskId=6339, windowingMode=1, mWindowDecorByTaskId.size()=0, callers=com.android.wm.shell.fullscreen.FullscreenTaskListener.onTaskVanished:143 com.android.wm.shell.ShellTaskOrganizer.onTaskVanished:138 android.window.TaskOrganizer$1.lambda$onTaskVanished$5:391 android.window.TaskOrganizer$1.$r8$lambda$cnLAmEuLf_BQ_jFuhQbGGs5ghXo:0 android.window.TaskOrganizer$1$$ExternalSyntheticLambda14.run:4 
10-08 13:18:36.896  2042  3096 D WindowManager: wms.finishDrawingLocked: mDrawState=COMMIT_DRAW_PENDING Window{9bf3dc1 u0 com.android.chrome/org.chromium.chrome.browser.ChromeTabbedActivity} in Surface(name=com.android.chrome/org.chromium.chrome.browser.ChromeTabbedActivity#1406)/@0xb4ec6a5
10-08 13:18:36.898  2042  2693 D TaskSnapshot_Helper: shouldDelay()... Not launched by home, no delay needed.
10-08 13:18:36.905  2042  7043 W ProcessStats: Tracking association SourceState{6233df6 com.xiaomi.mi_connect_service/1000 BTop #51386} whose proc state 2 is better than process ProcessState{534572 com.xiaomi.bluetooth/1002 pkg=com.xiaomi.bluetooth} proc state 8 (162 skipped)
10-08 13:18:36.912  2042  3515 E ProcessManager: error write exception log
10-08 13:18:36.918  2042  3109 W UsageStatsService: Unexpected activity event reported! (dev.firebase.appdistribution/dev.firebase.appdistribution.main.MainActivity event : 23 instanceId : 236738413)
10-08 13:18:36.919  2042  6998 W ActivityManager: Scheduling restart of crashed service com.miui.misightservice/.MiSightManagerService in 10915ms for start-requested
10-08 13:18:36.931  2042  3515 E ProcessManager: error write exception log
10-08 13:18:36.936  6790  6790 I ActivityThread: Removing dead content provider:android.content.ContentProviderProxy@6e19d5a
10-08 13:18:36.936 17035 17035 W MessageMonitor: PerfMonitor: Slow Operation: Activity com.google.android.gms/.octarine.ui.OctarineActivity onDestroy took 246ms
10-08 13:18:36.936  2042  7011 D CompatibilityChangeReporter: Compat change id reported: 261072174; UID 10307; state: ENABLED
10-08 13:18:36.936  2042  7043 D CoreBackPreview: Window{9e9f7d9 u0 com.google.android.gms/com.google.android.gms.octarine.ui.OctarineActivity}: Setting back callback null
10-08 13:18:36.937  2042  3515 E ProcessManager: error write exception log
10-08 13:18:36.941  2042  3515 E ProcessManager: error write exception log
10-08 13:18:36.946  2042  2074 D ActivityManager: checkAllowBackground: uid=1000 pkg=android rec=UidRecord{b77cac0 1000 PER  fgServices allowlist change:procadj procs:0 seq(261349,0)} caps=LCMNFU always=false idle=false
10-08 13:18:36.946  2042  3109 W UsageStatsService: Unexpected activity event reported! (eu.europa.ec.euidi/eu.europa.ec.assemblylogic.ui.MainActivity event : 23 instanceId : 107198617)
10-08 13:18:36.956  2042  2074 D ActivityManager: checkAllowBackground: uid=1000 pkg=android rec=UidRecord{b77cac0 1000 PER  fgServices allowlist change:procadj procs:0 seq(261458,0)} caps=LCMNFU always=false idle=false
10-08 13:18:36.960  2042  2693 W ActivityTaskManager: Can't find TaskDisplayArea to determine support for multi window. Task id=6347 attached=false
10-08 13:18:36.962  4304  4484 D MiuiFullScreenTaskRepository: removeFullScreenTask taskId=6347, topActivity=null
10-08 13:18:36.962  2042  2890 I ProcessSceneCleaner: OneKeyClean: kill procName=com.miui.analytics info=AS:1003
10-08 13:18:36.962  4304  4484 D MiuiWindowDecorViewModel: destroyWindowDecoration: taskId=6347, windowingMode=1, mWindowDecorByTaskId.size()=0, callers=com.android.wm.shell.fullscreen.FullscreenTaskListener.onTaskVanished:143 com.android.wm.shell.ShellTaskOrganizer.onTaskVanished:138 android.window.TaskOrganizer$1.lambda$onTaskVanished$5:391 android.window.TaskOrganizer$1.$r8$lambda$cnLAmEuLf_BQ_jFuhQbGGs5ghXo:0 android.window.TaskOrganizer$1$$ExternalSyntheticLambda14.run:4 
10-08 13:18:36.962  2042  2074 D ActivityManager: checkAllowBackground: uid=1000 pkg=android rec=UidRecord{b77cac0 1000 PER  fgServices allowlist change:procadj procs:0 seq(261458,0)} caps=LCMNFU always=false idle=false
10-08 13:18:36.963  2042  3109 W UsageStatsService: Unexpected activity event reported! (dev.firebase.appdistribution/dev.firebase.appdistribution.main.MainActivity event : 23 instanceId : 77124094)
10-08 13:18:36.963  2042  2890 I ActivityManager: Killing 6505:com.miui.analytics/u0a93 (adj 100): OneKeyClean
10-08 13:18:36.972  2042  3109 W UsageStatsService: Unexpected activity event reported! (com.google.android.gms/com.google.android.gms.octarine.ui.OctarineActivity event : 23 instanceId : 186078446)
10-08 13:18:36.980  2042  2042 D ActivityManager: checkAllowBackground: uid=1000 pkg=com.android.settings rec=UidRecord{b77cac0 1000 PER  fgServices allowlist change:procadj procs:0 seq(261458,0)} caps=LCMNFU always=true idle=false
10-08 13:18:36.980  2042  2042 I ActivityManager: App 1000/com.android.settings targets O+, restricted
10-08 13:18:36.980  2042  2042 D ActivityManager: checkAllowBackground: uid=1000 pkg=com.android.settings startMode=2 onallowlist=true onallowlist(ei)=true
10-08 13:18:36.980  2042  2042 D ActivityManager: checkAllowBackground: uid=10162 pkg=com.google.android.apps.turbo rec=UidRecord{726c327 u0a162 CEM  bg:+1d21h30m55s628ms idle change:procadj procs:0 seq(261408,16944)} caps=------ always=true idle=true
10-08 13:18:36.980  2042  2042 I ActivityManager: App 10162/com.google.android.apps.turbo targets O+, restricted
10-08 13:18:36.980  2042  2042 D ActivityManager: checkAllowBackground: uid=10162 pkg=com.google.android.apps.turbo startMode=2 onallowlist=false onallowlist(ei)=true
10-08 13:18:36.981  2042  2890 I ProcessSceneCleaner: OneKeyClean: kill procName=com.miui.msa.global info=AS:1008
10-08 13:18:36.984  2042  7011 D CoreBackPreview: Window{1751690 u0 com.google.android.gms/com.google.android.gms.octarine.ui.OctarineActivity}: Setting back callback null
