--------- beginning of crash
10-06 15:45:22.422  2273  2273 F libc    : Fatal signal 6 (SIGABRT), code -1 (SI_QUEUE) in tid 2273 (init), pid 2273 (init)
10-06 15:45:22.495  2273  2273 F libc    : crash_dump helper failed to exec, or was killed
10-06 15:45:42.434  5433  5433 F libc    : Fatal signal 6 (SIGABRT), code -1 (SI_QUEUE) in tid 5433 (init), pid 5433 (init)
10-06 15:45:42.479  5433  5433 F libc    : crash_dump helper failed to exec, or was killed
--------- beginning of system
10-09 14:06:51.046  2042  4689 D WindowManagerService: checkFlipFullScreenChange is same, nowIsFullScreen = false
10-09 14:06:51.167  2042  4565 W MIUIInput: Input event injection from package: null action ACTION_DOWN
10-09 14:06:51.167  2042  3516 I ProcessManager: getRenderThreadTidByPid, caller=2042
10-09 14:06:51.170  2042  4565 W MIUIInput: Input event injection from package: null action ACTION_UP
10-09 14:06:51.197  2042  6879 I InputMethodManagerService: IMMS.applyImeVisibility(), setVisible = false, mCurclient = ClientState{d9dd38b mUid=10172 mPid=2944 mSelfReportedDisplayId=0}
10-09 14:06:51.198  4304  4304 D ArtChoreographerMonitor: invoke error.
10-09 14:06:51.200  2042  4079 W PackageConfigPersister: App-specific configuration not found for packageName: com.android.chrome and userId: 0
10-09 14:06:51.203  2042  6878 D CoreBackPreview: Window{963420e u0 com.android.chrome/org.chromium.chrome.browser.ChromeTabbedActivity}: Setting back callback OnBackInvokedCallbackInfo{mCallback=android.window.IOnBackInvokedCallback$Stub$Proxy@a6173d0, mPriority=0, mIsAnimationCallback=true}
10-09 14:06:51.204  2042  4079 D PerfShielderService: com.android.chrome|com.android.chrome/org.chromium.chrome.browser.ChromeTabbedActivity|108|36619579811341|82|0|2
10-09 14:06:51.205  6649  7642 W MiuiPerfServiceClient: interceptAndQueuing:2944|com.android.chrome|108|82|36619579811341|Slow main thread|2
10-09 14:06:51.224  4304  4484 D MiuiFreeformModeController: avoidForInsetsBottomChangedIfNeed oldMoveableBottom: 2270 newMoveableBounds: 2270
10-09 14:06:51.224  4304  4484 D ImePositionProcessor: onImeVisibilityChanged     isShowing:  false
10-09 14:06:51.228  2042  2693 I WindowManager: input method visible height changed 0
10-09 14:06:51.228  2042  3126 I ITouchFeature: current device and process support version:2
10-09 14:06:51.234  4304  4484 D MiuiFreeformModeController: onImeVisibilityChanged imeVisible: false imeHeight: 0 adjustedForRotation:false
10-09 14:06:51.234  4304  4484 D MiuiFreeformModeAvoidAlgorithm: begin autoOrderingAvoidMiniTask
10-09 14:06:51.234  4304  4484 D MiuiFreeformModeAvoidAlgorithm: getCurrMiniPos: SameSideMiniPosList: []
10-09 14:06:51.234  4304  4484 D MiuiFreeformModeAvoidAlgorithm: getCurrMiniPos: SameSideMiniPosList: []
10-09 14:06:51.234  4304  4484 D MiuiFreeformModeAvoidAlgorithm: end autoOrderingAvoidMiniTask res:AvoidResult{distance=0, combination={}, activeTaskPos=Rect(0, 0 - 0, 0)}
10-09 14:06:51.378  4304  4304 D ArtChoreographerMonitor: invoke error.
10-09 14:06:51.713   702  8515 I keystore2: system/security/keystore2/src/watchdog.rs:319 - Watchdog thread idle -> terminating. Have a great day.
10-09 14:06:51.758  2042  4565 I SmartPower: com.google.android.inputmethod.latin/10176(6431): visible->invisible(1537ms) R(become invisible) adj=100.
10-09 14:06:51.758  2042  4565 I SmartPower: com.google.android.inputmethod.latin/10176(6431): invisible->background(0ms) R(become background) adj=100.
10-09 14:06:51.762  4304  4484 D MiuiFreeformModeController: avoidForInsetsBottomChangedIfNeed oldMoveableBottom: 2270 newMoveableBounds: 2270
10-09 14:06:51.770  4304  4484 D MiuiFreeformModeController: avoidForInsetsBottomChangedIfNeed oldMoveableBottom: 2270 newMoveableBounds: 2270
10-09 14:06:51.920  2042  6878 W MIUIInput: Input event injection from package: null action ACTION_DOWN
10-09 14:06:51.921  2042  3516 I ProcessManager: getRenderThreadTidByPid, caller=2042
10-09 14:06:51.924  2042  6878 W MIUIInput: Input event injection from package: null action ACTION_UP
10-09 14:06:51.940  2042  6879 I InputMethodManagerService: IMMS.showSoftInput(), client = com.android.internal.inputmethod.IInputMethodClient$Stub$Proxy@545af85
10-09 14:06:51.940  2042  6879 I InputMethodManagerService: IMMS.showCurrentInputLocked(), flags = 0
10-09 14:06:51.941  2042  6879 D SmartPower: com.google.android.inputmethod.latin/10176(6431): show input method
10-09 14:06:51.941  2042  6879 I SmartPower: com.google.android.inputmethod.latin/10176(6431): background->visible(183ms) R(show input method) adj=100.
10-09 14:06:51.941  2042  6879 I DefaultImeVisibilityApplier: IMMS.showCurrentInputLocked request ims to show inputMethod.
10-09 14:06:51.942  2042  4565 W PackageConfigPersister: App-specific configuration not found for packageName: com.android.chrome and userId: 0
10-09 14:06:51.973  2042  6879 I InputMethodManagerService: IMMS.showSoftInput(), client = com.android.internal.inputmethod.IInputMethodClient$Stub$Proxy@531160b
10-09 14:06:51.973  2042  6879 I InputMethodManagerService: IMMS.showCurrentInputLocked(), flags = 0
10-09 14:06:51.973  2042  6879 D SmartPower: com.google.android.inputmethod.latin/10176(6431): show input method
10-09 14:06:51.974  2042  6879 I DefaultImeVisibilityApplier: IMMS.showCurrentInputLocked request ims to show inputMethod.
10-09 14:06:52.006  2042  6878 D ActivityManager: checkAllowBackground: uid=10163 pkg=com.google.android.gms rec=UidRecord{3efeecd u0a163 BTOP change:procadj procs:0 seq(729203,425084)} caps=LCMNFU always=false idle=false
10-09 14:06:52.007  2042  6879 I InputMethodManagerService: IMMS.applyImeVisibility(), setVisible = true, mCurclient = ClientState{d9dd38b mUid=10172 mPid=2944 mSelfReportedDisplayId=0}
10-09 14:06:52.008  2042  4565 D CoreBackPreview: Window{963420e u0 com.android.chrome/org.chromium.chrome.browser.ChromeTabbedActivity}: Setting back callback OnBackInvokedCallbackInfo{mCallback=android.window.IOnBackInvokedCallback$Stub$Proxy@21fece8, mPriority=0, mIsAnimationCallback=false}
10-09 14:06:52.009  2042  6879 I WindowManager: WMS.showImePostLayout(), imeTarget = Window{963420e u0 com.android.chrome/org.chromium.chrome.browser.ChromeTabbedActivity}
10-09 14:06:52.024  4304  4484 D MiuiFreeformModeController: avoidForInsetsBottomChangedIfNeed oldMoveableBottom: 2270 newMoveableBounds: 2270
10-09 14:06:52.042  4304  4484 D MiuiFreeformModeController: avoidForInsetsBottomChangedIfNeed oldMoveableBottom: 2270 newMoveableBounds: 2270
10-09 14:06:52.052  2042  2072 D WindowManager: wms.finishDrawingLocked: mDrawState=COMMIT_DRAW_PENDING Window{49d5fba u0 InputMethod} in Surface(name=InputMethod#8274)/@0x247d1a6
10-09 14:06:52.055  2042  2693 I ImeInsetsSourceProvider: ImeInsetsSourceProvider.scheduleShowImePostLayout() Run showImeRunner.
10-09 14:06:52.055  2042  2693 I ImeInsetsSourceProvider: ImeInsetsSourceProvider.scheduleShowImePostLayout() isReadyToShowIme.
10-09 14:06:52.057  2042  6879 I InputMethodManagerService: IMMS.applyImeVisibility(), setVisible = true, mCurclient = ClientState{d9dd38b mUid=10172 mPid=2944 mSelfReportedDisplayId=0}
10-09 14:06:52.059  2042  6878 I WindowManager: cancelAnimation removed leash : Surface(name=Surface(name=d968687 NavigationBar0#90)/@0x2f479dd - animation-leash of insets_animation#8273)/@0xfa7dfc9
10-09 14:06:52.061  4304  4484 D MiuiFreeformModeController: avoidForInsetsBottomChangedIfNeed oldMoveableBottom: 2270 newMoveableBounds: 2270
10-09 14:06:52.061  4304  4484 D ImePositionProcessor: onImeVisibilityChanged     isShowing:  true
10-09 14:06:52.061  4304  4484 D MiuiFreeformModeController: onImeVisibilityChanged imeVisible: true imeHeight: 701 adjustedForRotation:false
10-09 14:06:52.061  4304  4484 D MiuiFreeformModeAvoidAlgorithm: begin autoOrderingAvoidMiniTask
10-09 14:06:52.061  4304  4484 D MiuiFreeformModeAvoidAlgorithm: getCurrMiniPos: SameSideMiniPosList: []
10-09 14:06:52.061  4304  4484 D MiuiFreeformModeAvoidAlgorithm: getCurrMiniPos: SameSideMiniPosList: []
10-09 14:06:52.061  2042  2692 I WindowManager: input method visible height changed 701
10-09 14:06:52.061  4304  4484 D MiuiFreeformModeAvoidAlgorithm: end autoOrderingAvoidMiniTask res:AvoidResult{distance=0, combination={}, activeTaskPos=Rect(0, 0 - 0, 0)}
10-09 14:06:52.062  2042  3126 I ITouchFeature: current device and process support version:2
10-09 14:06:52.063  2042  2692 I WindowManager: wms.showSurfaceRobustly mWin:Window{49d5fba u0 InputMethod}
10-09 14:06:52.073  2042  6879 I WindowManager: WMS.showImePostLayout(), imeTarget = Window{963420e u0 com.android.chrome/org.chromium.chrome.browser.ChromeTabbedActivity}
10-09 14:06:52.080  2042  2693 I ImeInsetsSourceProvider: ImeInsetsSourceProvider.scheduleShowImePostLayout() Run showImeRunner.
10-09 14:06:52.080  2042  2693 I ImeInsetsSourceProvider: ImeInsetsSourceProvider.scheduleShowImePostLayout() isReadyToShowIme.
10-09 14:06:52.082  2042  2072 D ActivityManager: checkAllowBackground: uid=10163 pkg=com.google.android.gms rec=UidRecord{3efeecd u0a163 BTOP change:procadj procs:0 seq(729207,425084)} caps=LCMNFU always=false idle=false
10-09 14:06:52.088  4304  4304 D ArtChoreographerMonitor: invoke error.
10-09 14:06:52.089  4304  4484 D OneHandedController: stopOneHanded state is 0
10-09 14:06:52.092  4304  4484 D OneHandedController: stopOneHanded state is 0
10-09 14:06:52.258  4304  4304 D ArtChoreographerMonitor: invoke error.
10-09 14:06:52.467  2183  2183 I wificond: station_bandwidth: P
10-09 14:06:52.864  2042  4079 D WindowManagerService: checkFlipFullScreenChange is same, nowIsFullScreen = false
10-09 14:06:52.886  2042  4079 D WindowManagerService: checkFlipFullScreenChange is same, nowIsFullScreen = false
10-09 14:06:53.023  2042  6981 W MIUIInput: Input event injection from package: null action ACTION_DOWN
10-09 14:06:53.024  2042  3516 I ProcessManager: getRenderThreadTidByPid, caller=2042
10-09 14:06:53.027  2042  6981 W MIUIInput: Input event injection from package: null action ACTION_UP
10-09 14:06:53.066  2042  6981 I InputMethodManagerService: IMMS.applyImeVisibility(), setVisible = false, mCurclient = ClientState{d9dd38b mUid=10172 mPid=2944 mSelfReportedDisplayId=0}
10-09 14:06:53.068  4304  4304 D ArtChoreographerMonitor: invoke error.
10-09 14:06:53.078  2042  6879 W PackageConfigPersister: App-specific configuration not found for packageName: com.android.chrome and userId: 0
10-09 14:06:53.104  2042  6981 I WindowManager: cancelAnimation removed leash : Surface(name=Surface(name=704023a StatusBar#94)/@0xa8be448 - animation-leash of insets_animation#8261)/@0xdd56941
10-09 14:06:53.107  2042  6981 D WindowManager: wms.Input focus has changed to Window{ee17100 u0 com.android.chrome/org.chromium.chrome.browser.ChromeTabbedActivity} display=0 updateInputWindows = false
10-09 14:06:53.107  2042  6981 I MultiSenceManagerInternalStub: getInstance
10-09 14:06:53.112  2042  2693 D WindowManager: wms.Focus not requested for window=Window{ee17100 u0 com.android.chrome/org.chromium.chrome.browser.ChromeTabbedActivity} because it has no surface or is not focusable.
10-09 14:06:53.129  2042  7000 D CoreBackPreview: Window{ee17100 u0 com.android.chrome/org.chromium.chrome.browser.ChromeTabbedActivity}: Setting back callback OnBackInvokedCallbackInfo{mCallback=android.window.IOnBackInvokedCallback$Stub$Proxy@4cd058a, mPriority=-1, mIsAnimationCallback=false}
10-09 14:06:53.167  2042  7000 D WindowManager: wms.finishDrawingLocked: mDrawState=COMMIT_DRAW_PENDING Window{ee17100 u0 com.android.chrome/org.chromium.chrome.browser.ChromeTabbedActivity} in Surface(name=com.android.chrome/org.chromium.chrome.browser.ChromeTabbedActivity#8277)/@0x5b797fb
10-09 14:06:53.183  2042  2693 I WindowManager: wms.showSurfaceRobustly mWin:Window{ee17100 u0 com.android.chrome/org.chromium.chrome.browser.ChromeTabbedActivity}
10-09 14:06:53.198  2042  2802 I ExtM    : zram userate is low, no need to flush: 41
10-09 14:06:53.205  4304  4484 D MiuiFreeformModeController: avoidForInsetsBottomChangedIfNeed oldMoveableBottom: 2270 newMoveableBounds: 2270
10-09 14:06:53.205  4304  4484 D ImePositionProcessor: onImeVisibilityChanged     isShowing:  false
10-09 14:06:53.221  2042  7000 D CoreBackPreview: Window{963420e u0 com.android.chrome/org.chromium.chrome.browser.ChromeTabbedActivity}: Setting back callback OnBackInvokedCallbackInfo{mCallback=android.window.IOnBackInvokedCallback$Stub$Proxy@69a75eb, mPriority=0, mIsAnimationCallback=true}
10-09 14:06:53.225  2042  2693 I WindowManager: input method visible height changed 0
10-09 14:06:53.225  2042  3126 I ITouchFeature: current device and process support version:2
10-09 14:06:53.233  4304  4484 D MiuiFreeformModeController: onImeVisibilityChanged imeVisible: false imeHeight: 0 adjustedForRotation:false
10-09 14:06:53.233  4304  4484 D MiuiFreeformModeAvoidAlgorithm: begin autoOrderingAvoidMiniTask
10-09 14:06:53.234  4304  4484 D MiuiFreeformModeAvoidAlgorithm: getCurrMiniPos: SameSideMiniPosList: []
10-09 14:06:53.234  4304  4484 D MiuiFreeformModeAvoidAlgorithm: getCurrMiniPos: SameSideMiniPosList: []
10-09 14:06:53.234  4304  4484 D MiuiFreeformModeAvoidAlgorithm: end autoOrderingAvoidMiniTask res:AvoidResult{distance=0, combination={}, activeTaskPos=Rect(0, 0 - 0, 0)}
10-09 14:06:53.381  4304  4304 D ArtChoreographerMonitor: invoke error.
10-09 14:06:53.713  2042  7000 I SmartPower: com.google.android.inputmethod.latin/10176(6431): visible->invisible(1772ms) R(become invisible) adj=100.
10-09 14:06:53.713  2042  7000 I SmartPower: com.google.android.inputmethod.latin/10176(6431): invisible->background(0ms) R(become background) adj=100.
10-09 14:06:53.717  4304  4484 D MiuiFreeformModeController: avoidForInsetsBottomChangedIfNeed oldMoveableBottom: 2270 newMoveableBounds: 2270
10-09 14:06:53.724  4304  4484 D MiuiFreeformModeController: avoidForInsetsBottomChangedIfNeed oldMoveableBottom: 2270 newMoveableBounds: 2270
10-09 14:06:53.850  2042  7000 W MIUIInput: Input event injection from package: null action ACTION_DOWN
10-09 14:06:53.851  2042  3516 I ProcessManager: getRenderThreadTidByPid, caller=2042
10-09 14:06:53.854  2042  7000 W MIUIInput: Input event injection from package: null action ACTION_UP
10-09 14:06:53.875  2042  7000 D CoreBackPreview: Window{ee17100 u0 com.android.chrome/org.chromium.chrome.browser.ChromeTabbedActivity}: Setting back callback null
10-09 14:06:53.882  2042  7000 I WindowManager: cancelAnimation removed leash : Surface(name=Surface(name=704023a StatusBar#94)/@0xa8be448 - animation-leash of insets_animation#8276)/@0x6c9d2c
10-09 14:06:53.885  2042  7000 I WindowManager: cancelAnimation removed leash : Surface(name=Surface(name=d968687 NavigationBar0#90)/@0x2f479dd - animation-leash of insets_animation#8281)/@0x279e53a
10-09 14:06:53.888  2042  7000 D WindowManager: wms.Input focus has changed to Window{963420e u0 com.android.chrome/org.chromium.chrome.browser.ChromeTabbedActivity} display=0 updateInputWindows = false
10-09 14:06:53.888  2042  7000 I MultiSenceManagerInternalStub: getInstance
10-09 14:06:53.892  4304  4304 D ArtChoreographerMonitor: invoke error.
10-09 14:06:53.927  2042  6981 W PackageConfigPersister: App-specific configuration not found for packageName: com.android.chrome and userId: 0
10-09 14:06:53.932  2042  6981 D PerfShielderService: com.android.chrome|com.android.chrome/org.chromium.chrome.browser.ChromeTabbedActivity|169|36622472403528|86|0|3
10-09 14:06:53.933  6649  7642 W MiuiPerfServiceClient: interceptAndQueuing:2944|com.android.chrome|169|86|36622472403528|Slow main thread|3
10-09 14:06:54.079  4304  4304 D ArtChoreographerMonitor: invoke error.
10-09 14:06:54.451  2042  4565 W MIUIInput: Input event injection from package: null action ACTION_DOWN
10-09 14:06:54.452  2042  3516 I ProcessManager: getRenderThreadTidByPid, caller=2042
10-09 14:06:54.455  2042  4565 W MIUIInput: Input event injection from package: null action ACTION_UP
10-09 14:06:54.473  2042  6879 I InputMethodManagerService: IMMS.showSoftInput(), client = com.android.internal.inputmethod.IInputMethodClient$Stub$Proxy@cc9ca78
10-09 14:06:54.473  2042  6879 I InputMethodManagerService: IMMS.showCurrentInputLocked(), flags = 0
10-09 14:06:54.473  2042  6879 D SmartPower: com.google.android.inputmethod.latin/10176(6431): show input method
10-09 14:06:54.473  2042  6879 I SmartPower: com.google.android.inputmethod.latin/10176(6431): background->visible(761ms) R(show input method) adj=100.
10-09 14:06:54.474  2042  6879 I DefaultImeVisibilityApplier: IMMS.showCurrentInputLocked request ims to show inputMethod.
10-09 14:06:54.476  2042  6981 W PackageConfigPersister: App-specific configuration not found for packageName: com.android.chrome and userId: 0
10-09 14:06:54.518  2042  4079 I InputMethodManagerService: IMMS.showSoftInput(), client = com.android.internal.inputmethod.IInputMethodClient$Stub$Proxy@65c51b6
10-09 14:06:54.519  2042  4079 I InputMethodManagerService: IMMS.showCurrentInputLocked(), flags = 0
10-09 14:06:54.519  2042  4079 D SmartPower: com.google.android.inputmethod.latin/10176(6431): show input method
10-09 14:06:54.519  2042  4079 I DefaultImeVisibilityApplier: IMMS.showCurrentInputLocked request ims to show inputMethod.
10-09 14:06:54.520  2042  6981 I InputMethodManagerService: IMMS.applyImeVisibility(), setVisible = true, mCurclient = ClientState{d9dd38b mUid=10172 mPid=2944 mSelfReportedDisplayId=0}
10-09 14:06:54.520  2042  6981 I WindowManager: WMS.showImePostLayout(), imeTarget = Window{963420e u0 com.android.chrome/org.chromium.chrome.browser.ChromeTabbedActivity}
10-09 14:06:54.523  4304  4304 D ArtChoreographerMonitor: invoke error.
10-09 14:06:54.525  2042  7002 D ActivityManager: checkAllowBackground: uid=10163 pkg=com.google.android.gms rec=UidRecord{3efeecd u0a163 BTOP change:procadj procs:0 seq(729211,425084)} caps=LCMNFU always=false idle=false
10-09 14:06:54.525  2042  4565 D CoreBackPreview: Window{963420e u0 com.android.chrome/org.chromium.chrome.browser.ChromeTabbedActivity}: Setting back callback OnBackInvokedCallbackInfo{mCallback=android.window.IOnBackInvokedCallback$Stub$Proxy@ef86eb7, mPriority=0, mIsAnimationCallback=false}
10-09 14:06:54.527  4304  4484 D OneHandedController: stopOneHanded state is 0
10-09 14:06:54.532  4304  4484 D OneHandedController: stopOneHanded state is 0
10-09 14:06:54.535  4304  4484 D MiuiFreeformModeController: avoidForInsetsBottomChangedIfNeed oldMoveableBottom: 2270 newMoveableBounds: 2270
10-09 14:06:54.551  4304  4484 D MiuiFreeformModeController: avoidForInsetsBottomChangedIfNeed oldMoveableBottom: 2270 newMoveableBounds: 2270
10-09 14:06:54.563  2042  7002 D WindowManager: wms.finishDrawingLocked: mDrawState=COMMIT_DRAW_PENDING Window{49d5fba u0 InputMethod} in Surface(name=InputMethod#8286)/@0x829958d
10-09 14:06:54.569  2042  2693 I ImeInsetsSourceProvider: ImeInsetsSourceProvider.scheduleShowImePostLayout() Run showImeRunner.
10-09 14:06:54.569  2042  2693 I ImeInsetsSourceProvider: ImeInsetsSourceProvider.scheduleShowImePostLayout() isReadyToShowIme.
10-09 14:06:54.569  2042  6981 I InputMethodManagerService: IMMS.applyImeVisibility(), setVisible = true, mCurclient = ClientState{d9dd38b mUid=10172 mPid=2944 mSelfReportedDisplayId=0}
10-09 14:06:54.572  2042  6981 I WindowManager: WMS.showImePostLayout(), imeTarget = Window{963420e u0 com.android.chrome/org.chromium.chrome.browser.ChromeTabbedActivity}
10-09 14:06:54.575  4304  4484 D MiuiFreeformModeController: avoidForInsetsBottomChangedIfNeed oldMoveableBottom: 2270 newMoveableBounds: 2270
10-09 14:06:54.575  4304  4484 D ImePositionProcessor: onImeVisibilityChanged     isShowing:  true
10-09 14:06:54.576  2042  7002 I WindowManager: cancelAnimation removed leash : Surface(name=Surface(name=d968687 NavigationBar0#90)/@0x2f479dd - animation-leash of insets_animation#8284)/@0x362ab1d
10-09 14:06:54.577  2042  2693 I WindowManager: input method visible height changed 701
10-09 14:06:54.578  2042  3126 I ITouchFeature: current device and process support version:2
10-09 14:06:54.579  2042  2693 I WindowManager: wms.showSurfaceRobustly mWin:Window{49d5fba u0 InputMethod}
10-09 14:06:54.580  2042  2693 I ImeInsetsSourceProvider: ImeInsetsSourceProvider.scheduleShowImePostLayout() Run showImeRunner.
10-09 14:06:54.580  2042  2693 I ImeInsetsSourceProvider: ImeInsetsSourceProvider.scheduleShowImePostLayout() isReadyToShowIme.
10-09 14:06:54.580  4304  4484 D MiuiFreeformModeController: onImeVisibilityChanged imeVisible: true imeHeight: 701 adjustedForRotation:false
10-09 14:06:54.580  4304  4484 D MiuiFreeformModeAvoidAlgorithm: begin autoOrderingAvoidMiniTask
10-09 14:06:54.580  4304  4484 D MiuiFreeformModeAvoidAlgorithm: getCurrMiniPos: SameSideMiniPosList: []
10-09 14:06:54.580  4304  4484 D MiuiFreeformModeAvoidAlgorithm: getCurrMiniPos: SameSideMiniPosList: []
10-09 14:06:54.580  4304  4484 D MiuiFreeformModeAvoidAlgorithm: end autoOrderingAvoidMiniTask res:AvoidResult{distance=0, combination={}, activeTaskPos=Rect(0, 0 - 0, 0)}
10-09 14:06:54.607  4304  4484 D OneHandedController: stopOneHanded state is 0
10-09 14:06:54.783  4304  4304 D ArtChoreographerMonitor: invoke error.
10-09 14:06:55.404  2042  7000 D WindowManagerService: checkFlipFullScreenChange is same, nowIsFullScreen = false
10-09 14:06:55.426  2042  7000 D WindowManagerService: checkFlipFullScreenChange is same, nowIsFullScreen = false
10-09 14:06:55.476  2183  2183 I wificond: station_bandwidth: P
10-09 14:06:56.062  2042  7000 W MIUIInput: Input event injection from package: null action ACTION_DOWN
10-09 14:06:56.063  2042  3516 I ProcessManager: getRenderThreadTidByPid, caller=2042
10-09 14:06:56.066  2042  7002 W MIUIInput: Input event injection from package: null action ACTION_UP
10-09 14:06:56.100  2042  7002 I InputMethodManagerService: IMMS.applyImeVisibility(), setVisible = false, mCurclient = ClientState{d9dd38b mUid=10172 mPid=2944 mSelfReportedDisplayId=0}
10-09 14:06:56.105  4304  4304 D ArtChoreographerMonitor: invoke error.
10-09 14:06:56.110  2042  4565 W PackageConfigPersister: App-specific configuration not found for packageName: com.android.chrome and userId: 0
10-09 14:06:56.114  2042  6879 D CoreBackPreview: Window{963420e u0 com.android.chrome/org.chromium.chrome.browser.ChromeTabbedActivity}: Setting back callback OnBackInvokedCallbackInfo{mCallback=android.window.IOnBackInvokedCallback$Stub$Proxy@e3dca3e, mPriority=0, mIsAnimationCallback=true}
10-09 14:06:56.122  4304  4484 D MiuiFreeformModeController: avoidForInsetsBottomChangedIfNeed oldMoveableBottom: 2270 newMoveableBounds: 2270
10-09 14:06:56.122  4304  4484 D ImePositionProcessor: onImeVisibilityChanged     isShowing:  false
10-09 14:06:56.131  2042  2693 I WindowManager: input method visible height changed 0
10-09 14:06:56.131  2042  3126 I ITouchFeature: current device and process support version:2
10-09 14:06:56.138  4304  4484 D MiuiFreeformModeController: onImeVisibilityChanged imeVisible: false imeHeight: 0 adjustedForRotation:false
10-09 14:06:56.142  4304  4484 D MiuiFreeformModeAvoidAlgorithm: begin autoOrderingAvoidMiniTask
10-09 14:06:56.142  4304  4484 D MiuiFreeformModeAvoidAlgorithm: getCurrMiniPos: SameSideMiniPosList: []
10-09 14:06:56.142  4304  4484 D MiuiFreeformModeAvoidAlgorithm: getCurrMiniPos: SameSideMiniPosList: []
10-09 14:06:56.142  4304  4484 D MiuiFreeformModeAvoidAlgorithm: end autoOrderingAvoidMiniTask res:AvoidResult{distance=0, combination={}, activeTaskPos=Rect(0, 0 - 0, 0)}
10-09 14:06:56.277  4304  4304 D ArtChoreographerMonitor: invoke error.
10-09 14:06:56.645  2042  7000 I SmartPower: com.google.android.inputmethod.latin/10176(6431): visible->invisible(2171ms) R(become invisible) adj=100.
10-09 14:06:56.645  2042  7000 I SmartPower: com.google.android.inputmethod.latin/10176(6431): invisible->background(0ms) R(become background) adj=100.
10-09 14:06:56.649  4304  4484 D MiuiFreeformModeController: avoidForInsetsBottomChangedIfNeed oldMoveableBottom: 2270 newMoveableBounds: 2270
10-09 14:06:56.656  4304  4484 D MiuiFreeformModeController: avoidForInsetsBottomChangedIfNeed oldMoveableBottom: 2270 newMoveableBounds: 2270
10-09 14:06:56.706  2042  4079 W MIUIInput: Input event injection from package: null action ACTION_DOWN
10-09 14:06:56.706  2042  3516 I ProcessManager: getRenderThreadTidByPid, caller=2042
10-09 14:06:56.711  2042  3516 I ProcessManager: getRenderThreadTidByPid, caller=2042
10-09 14:06:57.077  2042  6879 W MIUIInput: Input event injection from package: null action ACTION_UP
10-09 14:06:57.140  2042  3123 D AlarmManager: mBroadcastRefCount -> 1
10-09 14:06:57.141  2042  2787 W ProcessStats: Tracking association SourceState{1b0dd2c com.android.vending/10164 ImpBg #109233} whose proc state 6 is better than process ProcessState{d60be6a com.android.vending:background/10164 pkg=com.android.vending} proc state 14 (160 skipped)
10-09 14:06:57.142  2042  2042 I ExtM    : mark duration up to 2m , try to mark.
10-09 14:06:57.142  2042  2042 D MFZ     : Start Mark
10-09 14:06:57.146  2042  3997 D ExtM    : Start marking ...
10-09 14:06:57.146  2042  3997 W ExtM    : Mark thread start 
10-09 14:06:57.149   674  8672 D vold    : mark task started
10-09 14:06:57.155  8673  8673 D vold    :  mark Pid = 8673
10-09 14:06:57.159  8673  8673 D vold    : set cpu affinity policy success
10-09 14:06:57.194  2042  2042 D MFZ     : Mark Finshed ! idle_stats: 673 1021 1407 5563 1410 157 290 4141 467 60683
10-09 14:06:57.195  2042  2042 D ActivityManager: checkAllowBackground: uid=1000 pkg=android rec=UidRecord{b77cac0 1000 PER  fgServices allowlist change:procadj procs:0 seq(729323,448524)} caps=LCMNFU always=false idle=false
10-09 14:06:57.196  2042  2042 D AlarmManager: mBroadcastRefCount -> 0
10-09 14:06:57.196  2042  2042 D AlarmManager: mPendingIntent -> PendingIntent{fc6e316: PendingIntentRecord{c46edf android broadcastIntent}}
10-09 14:06:57.254  8673  8673 D vold    :  success write all > /sys/block/zram0/idle
10-09 14:06:57.655   674  8672 D vold    : mark process has been finished in normal with status: 0
10-09 14:06:57.655   674  8672 D vold    :  listener->onFinished 
10-09 14:06:57.655  2042  6879 W ExtM    : Mark finished with status: 0
10-09 14:06:58.487  2183  2183 I wificond: station_bandwidth: P
10-09 14:06:58.544  2042  6879 W MIUIInput: Input event injection from package: null action ACTION_DOWN
10-09 14:06:58.546  2042  3516 I ProcessManager: getRenderThreadTidByPid, caller=2042
10-09 14:06:58.548  2042  4079 W MIUIInput: Input event injection from package: null action ACTION_UP
10-09 14:06:58.590  2042  7000 I WindowManager: cancelAnimation removed leash : Surface(name=Surface(name=704023a StatusBar#94)/@0xa8be448 - animation-leash of insets_animation#8283)/@0x4a885c7
10-09 14:06:58.594  2042  7000 I WindowManager: cancelAnimation removed leash : Surface(name=Surface(name=d968687 NavigationBar0#90)/@0x2f479dd - animation-leash of insets_animation#8287)/@0xe1955ec
10-09 14:06:58.598  2042  7000 D WindowManager: wms.Input focus has changed to Window{2c2e333 u0 com.android.chrome/org.chromium.chrome.browser.ChromeTabbedActivity} display=0 updateInputWindows = false
10-09 14:06:58.598  2042  7000 I MultiSenceManagerInternalStub: getInstance
10-09 14:06:58.604  2042  2693 D WindowManager: wms.Focus not requested for window=Window{2c2e333 u0 com.android.chrome/org.chromium.chrome.browser.ChromeTabbedActivity} because it has no surface or is not focusable.
10-09 14:06:58.612  2042  7000 D CoreBackPreview: Window{2c2e333 u0 com.android.chrome/org.chromium.chrome.browser.ChromeTabbedActivity}: Setting back callback OnBackInvokedCallbackInfo{mCallback=android.window.IOnBackInvokedCallback$Stub$Proxy@c2d85ab, mPriority=-1, mIsAnimationCallback=false}
10-09 14:06:58.642  2042  6879 D WindowManager: wms.finishDrawingLocked: mDrawState=COMMIT_DRAW_PENDING Window{2c2e333 u0 com.android.chrome/org.chromium.chrome.browser.ChromeTabbedActivity} in Surface(name=com.android.chrome/org.chromium.chrome.browser.ChromeTabbedActivity#8291)/@0xb5e3408
10-09 14:06:58.651  2042  2693 I WindowManager: wms.showSurfaceRobustly mWin:Window{2c2e333 u0 com.android.chrome/org.chromium.chrome.browser.ChromeTabbedActivity}
10-09 14:06:58.666  4304  4304 D ArtChoreographerMonitor: invoke error.
10-09 14:06:58.851  4304  4304 D ArtChoreographerMonitor: invoke error.
10-09 14:06:59.321  2042  6879 W MIUIInput: Input event injection from package: null action ACTION_DOWN
10-09 14:06:59.324  2042  3516 I ProcessManager: getRenderThreadTidByPid, caller=2042
10-09 14:06:59.325  2042  6879 W MIUIInput: Input event injection from package: null action ACTION_UP
10-09 14:06:59.343  2042  7000 D CoreBackPreview: Window{2c2e333 u0 com.android.chrome/org.chromium.chrome.browser.ChromeTabbedActivity}: Setting back callback null
10-09 14:06:59.352  2042  7000 I WindowManager: cancelAnimation removed leash : Surface(name=Surface(name=704023a StatusBar#94)/@0xa8be448 - animation-leash of insets_animation#8289)/@0x13e7f8f
10-09 14:06:59.356  2042  7000 I WindowManager: cancelAnimation removed leash : Surface(name=Surface(name=d968687 NavigationBar0#90)/@0x2f479dd - animation-leash of insets_animation#8290)/@0x5b86e25
10-09 14:06:59.359  2042  7000 D WindowManager: wms.Input focus has changed to Window{963420e u0 com.android.chrome/org.chromium.chrome.browser.ChromeTabbedActivity} display=0 updateInputWindows = false
10-09 14:06:59.359  2042  7000 I MultiSenceManagerInternalStub: getInstance
10-09 14:06:59.363  4304  4304 D ArtChoreographerMonitor: invoke error.
10-09 14:06:59.396  2042  4565 W PackageConfigPersister: App-specific configuration not found for packageName: com.android.chrome and userId: 0
10-09 14:06:59.396  2042  6879 D PerfShielderService: com.android.chrome|com.android.chrome/org.chromium.chrome.browser.ChromeTabbedActivity|87|36627903943057|87|0|1
10-09 14:06:59.398  6649  7642 W MiuiPerfServiceClient: interceptAndQueuing:2944|com.android.chrome|87|87|36627903943057|Slow main thread|1
10-09 14:06:59.547  4304  4304 D ArtChoreographerMonitor: invoke error.
10-09 14:06:59.646  2042  3524 I SmartPower: com.google.android.inputmethod.latin/10176(6431): background->idle(3002ms) R(become invisible) adj=100.
10-09 14:06:59.922  2042  7000 W MIUIInput: Input event injection from package: null action ACTION_DOWN
10-09 14:06:59.924  2042  3516 I ProcessManager: getRenderThreadTidByPid, caller=2042
10-09 14:06:59.927  2042  7000 W MIUIInput: Input event injection from package: null action ACTION_UP
10-09 14:06:59.969  2042  6879 I WindowManager: cancelAnimation removed leash : Surface(name=Surface(name=704023a StatusBar#94)/@0xa8be448 - animation-leash of insets_animation#8296)/@0x115a476
10-09 14:06:59.972  2042  6879 I WindowManager: cancelAnimation removed leash : Surface(name=Surface(name=d968687 NavigationBar0#90)/@0x2f479dd - animation-leash of insets_animation#8297)/@0x95786e4
10-09 14:06:59.977  2042  6879 D WindowManager: wms.Input focus has changed to Window{ebace7c u0 com.android.chrome/org.chromium.chrome.browser.ChromeTabbedActivity} display=0 updateInputWindows = false
10-09 14:06:59.977  2042  6879 I MultiSenceManagerInternalStub: getInstance
10-09 14:06:59.982  2042  2693 D WindowManager: wms.Focus not requested for window=Window{ebace7c u0 com.android.chrome/org.chromium.chrome.browser.ChromeTabbedActivity} because it has no surface or is not focusable.
10-09 14:06:59.992  2042  6879 D CoreBackPreview: Window{ebace7c u0 com.android.chrome/org.chromium.chrome.browser.ChromeTabbedActivity}: Setting back callback OnBackInvokedCallbackInfo{mCallback=android.window.IOnBackInvokedCallback$Stub$Proxy@21c7114, mPriority=-1, mIsAnimationCallback=false}
10-09 14:07:00.000  2042  3123 D ActivityManager: checkAllowBackground: uid=1000 pkg=android rec=UidRecord{b77cac0 1000 PER  fgServices allowlist change:procadj procs:0 seq(729323,448524)} caps=LCMNFU always=false idle=false
10-09 14:07:00.001  2042  3123 D AlarmManager: mBroadcastRefCount -> 1
10-09 14:07:00.002  2042  2042 D AlarmManager: mBroadcastRefCount -> 0
10-09 14:07:00.002  2042  2042 D AlarmManager: mPendingIntent -> null
10-09 14:07:00.006  4304  4304 D ArtChoreographerMonitor: invoke error.
10-09 14:07:00.030  2042  6879 D WindowManager: wms.finishDrawingLocked: mDrawState=COMMIT_DRAW_PENDING Window{ebace7c u0 com.android.chrome/org.chromium.chrome.browser.ChromeTabbedActivity} in Surface(name=com.android.chrome/org.chromium.chrome.browser.ChromeTabbedActivity#8302)/@0x4347fb2
10-09 14:07:00.059  2042  2693 I WindowManager: wms.showSurfaceRobustly mWin:Window{ebace7c u0 com.android.chrome/org.chromium.chrome.browser.ChromeTabbedActivity}
10-09 14:07:00.269  4304  4304 D ArtChoreographerMonitor: invoke error.
10-09 14:07:00.766  2042  7000 W MIUIInput: Input event injection from package: null action ACTION_DOWN
10-09 14:07:00.768  2042  3516 I ProcessManager: getRenderThreadTidByPid, caller=2042
10-09 14:07:00.769  2042  7000 W MIUIInput: Input event injection from package: null action ACTION_UP
10-09 14:07:00.787  2042  7000 D CoreBackPreview: Window{ebace7c u0 com.android.chrome/org.chromium.chrome.browser.ChromeTabbedActivity}: Setting back callback null
10-09 14:07:00.793  2042  6981 I WindowManager: cancelAnimation removed leash : Surface(name=Surface(name=704023a StatusBar#94)/@0xa8be448 - animation-leash of insets_animation#8300)/@0xc245668
10-09 14:07:00.795  2042  6981 I WindowManager: cancelAnimation removed leash : Surface(name=Surface(name=d968687 NavigationBar0#90)/@0x2f479dd - animation-leash of insets_animation#8301)/@0x88e1726
10-09 14:07:00.797  2042  6981 D WindowManager: wms.Input focus has changed to Window{963420e u0 com.android.chrome/org.chromium.chrome.browser.ChromeTabbedActivity} display=0 updateInputWindows = false
10-09 14:07:00.797  2042  6981 I MultiSenceManagerInternalStub: getInstance
10-09 14:07:00.802  4304  4304 D ArtChoreographerMonitor: invoke error.
10-09 14:07:00.836  2042  7000 W PackageConfigPersister: App-specific configuration not found for packageName: com.android.chrome and userId: 0
10-09 14:07:00.924  2042  7000 W MIUIInput: Input event injection from package: null action ACTION_DOWN
10-09 14:07:00.925  2042  3516 I ProcessManager: getRenderThreadTidByPid, caller=2042
10-09 14:07:00.929  2042  3516 I ProcessManager: getRenderThreadTidByPid, caller=2042
10-09 14:07:00.986  4304  4304 D ArtChoreographerMonitor: invoke error.
10-09 14:07:01.020  2042  7000 W MIUIInput: Input event injection from package: null action ACTION_UP
10-09 14:07:01.308  2042  3123 D AlarmManager: mBroadcastRefCount -> 1
10-09 14:07:01.310  2042  2075 D ActivityManager: checkAllowBackground: uid=1000 pkg=android rec=UidRecord{b77cac0 1000 PER  fgServices allowlist change:procadj procs:0 seq(729323,448524)} caps=LCMNFU always=false idle=false
10-09 14:07:01.311  2042  2042 D AlarmManager: mBroadcastRefCount -> 0
10-09 14:07:01.311  2042  2042 D AlarmManager: mPendingIntent -> PendingIntent{659bd1f: PendingIntentRecord{cf286c android broadcastIntent}}
10-09 14:07:01.498  2183  2183 I wificond: station_bandwidth: P
10-09 14:07:01.969  2042  6981 W MIUIInput: Input event injection from package: null action ACTION_DOWN
10-09 14:07:01.970  2042  3516 I ProcessManager: getRenderThreadTidByPid, caller=2042
10-09 14:07:01.973  2042  3516 I ProcessManager: getRenderThreadTidByPid, caller=2042
10-09 14:07:02.058  2042  4079 W MIUIInput: Input event injection from package: null action ACTION_UP
10-09 14:07:02.921  2042  7000 W MIUIInput: Input event injection from package: null action ACTION_DOWN
10-09 14:07:02.922  2042  3516 I ProcessManager: getRenderThreadTidByPid, caller=2042
10-09 14:07:02.925  2042  3516 I ProcessManager: getRenderThreadTidByPid, caller=2042
10-09 14:07:03.012  2042  7000 W MIUIInput: Input event injection from package: null action ACTION_UP
10-09 14:07:03.872  2042  6981 W MIUIInput: Input event injection from package: null action ACTION_DOWN
10-09 14:07:03.873  2042  3516 I ProcessManager: getRenderThreadTidByPid, caller=2042
10-09 14:07:03.876  2042  3516 I ProcessManager: getRenderThreadTidByPid, caller=2042
10-09 14:07:03.961  2042  6981 W MIUIInput: Input event injection from package: null action ACTION_UP
10-09 14:07:04.509  2183  2183 I wificond: station_bandwidth: P
10-09 14:07:04.511  4304  4304 D ArtChoreographerMonitor: invoke error.
10-09 14:07:04.678  4304  4304 D ArtChoreographerMonitor: invoke error.
10-09 14:07:04.817  2042  7000 W MIUIInput: Input event injection from package: null action ACTION_DOWN
10-09 14:07:04.819  2042  3516 I ProcessManager: getRenderThreadTidByPid, caller=2042
10-09 14:07:04.821  2042  3516 I ProcessManager: getRenderThreadTidByPid, caller=2042
10-09 14:07:04.907  2042  7000 W MIUIInput: Input event injection from package: null action ACTION_UP
10-09 14:07:05.761  2042  6981 W MIUIInput: Input event injection from package: null action ACTION_DOWN
10-09 14:07:05.763  2042  3516 I ProcessManager: getRenderThreadTidByPid, caller=2042
10-09 14:07:05.765  2042  3516 I ProcessManager: getRenderThreadTidByPid, caller=2042
10-09 14:07:05.852  2042  6981 W MIUIInput: Input event injection from package: null action ACTION_UP
10-09 14:07:06.763  2042  7000 W MIUIInput: Input event injection from package: null action ACTION_DOWN
10-09 14:07:06.764  2042  3516 I ProcessManager: getRenderThreadTidByPid, caller=2042
10-09 14:07:06.767  2042  7000 W MIUIInput: Input event injection from package: null action ACTION_UP
10-09 14:07:06.787  2042  6879 D ActivityManager: checkAllowBackground: uid=10163 pkg=com.google.android.gms rec=UidRecord{3efeecd u0a163 BTOP change:procadj procs:0 seq(729327,425084)} caps=LCMNFU always=false idle=false
10-09 14:07:06.813  2042  6879 D ActivityManager: checkAllowBackground: uid=10163 pkg=com.google.android.gms rec=UidRecord{3efeecd u0a163 BTOP change:procadj procs:0 seq(729331,425084)} caps=LCMNFU always=false idle=false
10-09 14:07:06.831  2042  6981 D ActivityManager: checkAllowBackground: uid=10163 pkg=com.google.android.gms rec=UidRecord{3efeecd u0a163 BTOP change:procadj procs:0 seq(729337,425084)} caps=LCMNFU always=false idle=false
10-09 14:07:06.966  2042  6981 D SchedBoost: com.android.chrome:sandboxed_process0:org.chromium.content.app.SandboxedProcessService0:7 boosting, skip reset priority
10-09 14:07:07.520  2183  2183 I wificond: station_bandwidth: P
10-09 14:07:07.523  4304  4304 D ArtChoreographerMonitor: invoke error.
10-09 14:07:07.695  4304  4304 D ArtChoreographerMonitor: invoke error.
10-09 14:07:07.934  2042  6981 W MIUIInput: Input event injection from package: null action ACTION_DOWN
10-09 14:07:07.935  2042  3516 I ProcessManager: getRenderThreadTidByPid, caller=2042
10-09 14:07:07.938  2042  3516 I ProcessManager: getRenderThreadTidByPid, caller=2042
10-09 14:07:08.028  2042  6981 W MIUIInput: Input event injection from package: null action ACTION_UP
10-09 14:07:08.877  2042  6879 W MIUIInput: Input event injection from package: null action ACTION_DOWN
10-09 14:07:08.878  2042  3516 I ProcessManager: getRenderThreadTidByPid, caller=2042
10-09 14:07:08.881  2042  3516 I ProcessManager: getRenderThreadTidByPid, caller=2042
10-09 14:07:08.966  2042  6879 W MIUIInput: Input event injection from package: null action ACTION_UP
10-09 14:07:09.820  2042  6879 W MIUIInput: Input event injection from package: null action ACTION_DOWN
10-09 14:07:09.822  2042  3516 I ProcessManager: getRenderThreadTidByPid, caller=2042
10-09 14:07:09.825  2042  3516 I ProcessManager: getRenderThreadTidByPid, caller=2042
10-09 14:07:09.915  2042  6879 W MIUIInput: Input event injection from package: null action ACTION_UP
10-09 14:07:10.526  2183  2183 I wificond: station_bandwidth: P
10-09 14:07:10.528  4304  4304 D ArtChoreographerMonitor: invoke error.
10-09 14:07:10.701  4304  4304 D ArtChoreographerMonitor: invoke error.
10-09 14:07:10.756  2042  7000 W MIUIInput: Input event injection from package: null action ACTION_DOWN
10-09 14:07:10.759  2042  3516 I ProcessManager: getRenderThreadTidByPid, caller=2042
10-09 14:07:10.762  2042  3516 I ProcessManager: getRenderThreadTidByPid, caller=2042
10-09 14:07:10.846  2042  7000 W MIUIInput: Input event injection from package: null action ACTION_UP
10-09 14:07:11.312  2042  3110 W ProcessStats: Tracking association SourceState{1b0dd2c com.android.vending/10164 ImpBg #109248} whose proc state 6 is better than process ProcessState{d60be6a com.android.vending:background/10164 pkg=com.android.vending} proc state 14 (22 skipped)
10-09 14:07:11.717  2042  7000 W MIUIInput: Input event injection from package: null action ACTION_DOWN
10-09 14:07:11.719  2042  3516 I ProcessManager: getRenderThreadTidByPid, caller=2042
10-09 14:07:11.722  2042  3516 I ProcessManager: getRenderThreadTidByPid, caller=2042
10-09 14:07:11.807  2042  7000 W MIUIInput: Input event injection from package: null action ACTION_UP
10-09 14:07:12.466  2042  2702 D HeapUsage Monitor: HeapAllocSize : 84MB; monitorSize : 500MB
10-09 14:07:12.661  2042  6981 W MIUIInput: Input event injection from package: null action ACTION_DOWN
10-09 14:07:12.662  2042  3516 I ProcessManager: getRenderThreadTidByPid, caller=2042
10-09 14:07:12.666  2042  3516 I ProcessManager: getRenderThreadTidByPid, caller=2042
10-09 14:07:12.751  2042  6981 W MIUIInput: Input event injection from package: null action ACTION_UP
10-09 14:07:13.537  2183  2183 I wificond: station_bandwidth: P
10-09 14:07:13.539  4304  4304 D ArtChoreographerMonitor: invoke error.
10-09 14:07:13.715  4304  4304 D ArtChoreographerMonitor: invoke error.
10-09 14:07:14.222  2042  6981 W MIUIInput: Input event injection from package: null action ACTION_DOWN
10-09 14:07:14.223  2042  3516 I ProcessManager: getRenderThreadTidByPid, caller=2042
10-09 14:07:14.226  2042  6981 W MIUIInput: Input event injection from package: null action ACTION_UP
10-09 14:07:14.249  2042  4565 D ActivityManager: checkAllowBackground: uid=10163 pkg=com.google.android.gms rec=UidRecord{3efeecd u0a163 BTOP change:procadj procs:0 seq(729399,425084)} caps=LCMNFU always=false idle=false
10-09 14:07:14.263  2042  4079 D ActivityManager: checkAllowBackground: uid=10163 pkg=com.google.android.gms rec=UidRecord{3efeecd u0a163 BTOP change:procadj procs:0 seq(729447,425084)} caps=LCMNFU always=false idle=false
10-09 14:07:14.282  2042  4565 D ActivityManager: checkAllowBackground: uid=10163 pkg=com.google.android.gms rec=UidRecord{3efeecd u0a163 BTOP change:procadj procs:0 seq(729451,425084)} caps=LCMNFU always=false idle=false
10-09 14:07:14.365  2042  6981 D ActivityManager: checkAllowBackground: uid=10163 pkg=com.google.android.gms rec=UidRecord{3efeecd u0a163 BTOP change:procadj procs:0 seq(729455,425084)} caps=LCMNFU always=false idle=false
10-09 14:07:14.471  2042  4565 I SmartPower: eu.europa.ec.euidi/10030(8267): idle->invisible(23458ms) R(become foreground) adj=700.
10-09 14:07:14.472  2042  4565 D WindowManager: Collecting in transition 398: ActivityRecord{643aa10 u0 eu.europa.ec.euidi/eu.europa.ec.assemblylogic.ui.MainActivity init visibleRequested:false
10-09 14:07:14.472  2042  4565 D MiuiFreeFormManagerService: activeOrFullscreenFreeformTaskIfNeed startDefaultAr:false
10-09 14:07:14.473  2042  4565 D MiuiFreeFormManagerService: onStartActivityInner as = Task{9836382 #6527 type=standard A=10030:eu.europa.ec.euidi} op = null
10-09 14:07:14.474  2042  4565 D WindowManagerService: checkFlipFullScreenChange is same, nowIsFullScreen = false
10-09 14:07:14.474  2042  4565 D WindowManager: wms.Input focus has changed to null display=0 updateInputWindows = true
10-09 14:07:14.474  2042  4565 I MultiSenceManagerInternalStub: getInstance
10-09 14:07:14.475  2042  4565 D WindowManager: setLockTaskAuth: task=Task{9836382 #6527 type=standard A=10030:eu.europa.ec.euidi} mLockTaskAuth=LOCK_TASK_AUTH_PINNABLE
10-09 14:07:14.481  2042  4565 D WindowManager: Collecting in transition 398: ActivityRecord{643aa10 u0 eu.europa.ec.euidi/eu.europa.ec.assemblylogic.ui.MainActivity t-1} init visibleRequested:false
10-09 14:07:14.481  2042  4565 D WindowManager: Requesting StartTransition: TransitionRecord{1007909 id=398 type=OPEN flags=0x0}
10-09 14:07:14.482  2042  4565 I ActivityTaskManager: START u0 {act=android.intent.action.VIEW cat=[android.intent.category.BROWSABLE] dat=eu.europa.ec.euidi://authorization/... flg=0x14000000 cmp=eu.europa.ec.euidi/eu.europa.ec.assemblylogic.ui.MainActivity (has extras)} with LAUNCH_SINGLE_TASK from uid 10172 from pid 2944 callingPackage com.android.chrome (BAL_ALLOW_VISIBLE_WINDOW) result code=2
10-09 14:07:14.483  4304  4484 I SoScUtils: monitorTransitionRequest mRequestOpenTransition:null mRequestOpenTriggerTask:-1 mRequestCloseTransition:null mRequestCloseTriggerTask:-1 mRequestCloseStageType:-1
10-09 14:07:14.485  2042  4565 D WindowManager: Set transition=TransitionRecord{1007909 id=398 type=OPEN flags=0x0}, ready=false, SyncId=398 used=true, override=false, defer=0, states=Display{#0 state=ON size=1080x2400 ROTATION_0}:false
10-09 14:07:14.486  4304  4484 D MiuiFullScreenTaskRepository: removeFocusedTask displayId=0
10-09 14:07:14.486  4304  4484 D MiuiFullScreenTaskRepository: addOrUpdateFullScreenTaskInfo taskId=6512, topActivity=ComponentInfo{com.android.chrome/org.chromium.chrome.browser.ChromeTabbedActivity}
10-09 14:07:14.486  4304  4484 D MiuiFullScreenTaskRepository: setFocusedTask taskId=6527, displayId=0, topActivity=ComponentInfo{eu.europa.ec.euidi/eu.europa.ec.assemblylogic.ui.MainActivity}
10-09 14:07:14.486  4304  4484 D MiuiFullScreenTaskRepository: addOrUpdateFullScreenTaskInfo taskId=6527, topActivity=ComponentInfo{eu.europa.ec.euidi/eu.europa.ec.assemblylogic.ui.MainActivity}
10-09 14:07:14.487  4304  4484 D MiuiFreeformModeController: onFocusTaskChanged taskInfo: TaskInfo{userId=0 taskId=6527 displayId=0 isRunning=true baseIntent=Intent { act=android.intent.action.MAIN cat=[android.intent.category.LAUNCHER] flg=0x10200000 cmp=eu.europa.ec.euidi/eu.europa.ec.assemblylogic.ui.MainActivity } baseActivity=ComponentInfo{eu.europa.ec.euidi/eu.europa.ec.assemblylogic.ui.MainActivity} topActivity=ComponentInfo{eu.europa.ec.euidi/eu.europa.ec.assemblylogic.ui.MainActivity} origActivity=null realActivity=ComponentInfo{eu.europa.ec.euidi/eu.europa.ec.assemblylogic.ui.MainActivity} numActivities=1 lastActiveTime=253320039 supportsSplitScreenMultiWindow=true supportsMultiWindow=true resizeMode=1 isResizeable=true minWidth=-1 minHeight=-1 defaultMinSize=200 token=WCT{android.window.IWindowContainerToken$Stub$Proxy@9e9472f} topActivityType=1 pictureInPictureParams=null shouldDockBigOverlays=false launchIntoPipHostTaskId=-1 lastParentTaskIdBeforePip=-1 displayCutoutSafeInsets=Rect(0, 94 - 0, 0) topActivityInfo=ActivityInfo{95dd13c eu.europa.ec.assemblylogic.ui.MainActivity} launchCookies=[] positionInParent=Point(0, 0) parentTaskId=-1 isFocused=true isVisible=false isVisibleRequested=false isSleeping=false topActivityInSizeCompat=false topActivityInMiuiSizeCompat=false topActivityEligibleForLetterboxEducation= false topActivityLetterboxed= false isFromDoubleTap= false topActivityLetterboxVerticalPosition= -1 topActivityLetterboxHorizontalPosition= -1 topActivityLetterboxWidth=-1 topActivityLetterboxHeight=-1 locusId=null displayAreaFeatureId=1 cameraCompatControlState=hidden mIsCastMode=false mTopActivityMediaSize=null mTopActivityRecordName=ActivityRecord{8539c64 u0 eu.europa.ec.euidi/eu.europa.ec.assemblylogic.ui.MainActivity t6527} mTopActivityOrientation=-2 mTopActivityWindowIsNowVisible=false isTranslucent=true isEmbedded=false shouldBeVisible=true isImmersive=false mBehindAppLockPkg=null mOriginatingUid=0}
10-09 14:07:14.487  4304  4484 D MiuiDesktopModeController: onFocusTaskChanged newFocus: TaskInfo{userId=0 taskId=6527 displayId=0 isRunning=true baseIntent=Intent { act=android.intent.action.MAIN cat=[android.intent.category.LAUNCHER] flg=0x10200000 cmp=eu.europa.ec.euidi/eu.europa.ec.assemblylogic.ui.MainActivity } baseActivity=ComponentInfo{eu.europa.ec.euidi/eu.europa.ec.assemblylogic.ui.MainActivity} topActivity=ComponentInfo{eu.europa.ec.euidi/eu.europa.ec.assemblylogic.ui.MainActivity} origActivity=null realActivity=ComponentInfo{eu.europa.ec.euidi/eu.europa.ec.assemblylogic.ui.MainActivity} numActivities=1 lastActiveTime=253320039 supportsSplitScreenMultiWindow=true supportsMultiWindow=true resizeMode=1 isResizeable=true minWidth=-1 minHeight=-1 defaultMinSize=200 token=WCT{android.window.IWindowContainerToken$Stub$Proxy@9e9472f} topActivityType=1 pictureInPictureParams=null shouldDockBigOverlays=false launchIntoPipHostTaskId=-1 lastParentTaskIdBeforePip=-1 displayCutoutSafeInsets=Rect(0, 94 - 0, 0) topActivityInfo=ActivityInfo{95dd13c eu.europa.ec.assemblylogic.ui.MainActivity} launchCookies=[] positionInParent=Point(0, 0) parentTaskId=-1 isFocused=true isVisible=false isVisibleRequested=false isSleeping=false topActivityInSizeCompat=false topActivityInMiuiSizeCompat=false topActivityEligibleForLetterboxEducation= false topActivityLetterboxed= false isFromDoubleTap= false topActivityLetterboxVerticalPosition= -1 topActivityLetterboxHorizontalPosition= -1 topActivityLetterboxWidth=-1 topActivityLetterboxHeight=-1 locusId=null displayAreaFeatureId=1 cameraCompatControlState=hidden mIsCastMode=false mTopActivityMediaSize=null mTopActivityRecordName=ActivityRecord{8539c64 u0 eu.europa.ec.euidi/eu.europa.ec.assemblylogic.ui.MainActivity t6527} mTopActivityOrientation=-2 mTopActivityWindowIsNowVisible=false isTranslucent=true isEmbedded=false shouldBeVisible=true isImmersive=false mBehindAppLockPkg=null mOriginatingUid=0}
10-09 14:07:14.498  4304  4484 D OneHandedController: stopOneHanded state is 0
10-09 14:07:14.498  4304  4484 D WindowManagerShell: onActivityRestartAttempt: ComponentInfo{eu.europa.ec.euidi/eu.europa.ec.assemblylogic.ui.MainActivity}
