--------- beginning of crash
09-30 02:36:24.484  1558  1558 I emdlogger: mtk-brm-commit-id:2833288c68103f17f4843653d1b9a6fbd2f6e149
09-30 02:36:24.498  1558  1558 I emdlogger: mtk-brm-change-id:I6afe606aa6a21dad7f79560b154220d5ade63e14
09-30 02:36:24.499  1558  1558 I emdlogger: mtk-brm-merge-id:none
09-30 02:36:24.544  1534  1534 I libimsma_adapt: mtk-brm-commit-id:08c165c9fffde5e436e743d3aa5d9496d79cbc21
09-30 02:36:24.545  1534  1534 I libimsma_adapt: mtk-brm-change-id:I5d32ca5715dae8f0bcd34ce3d65cbe31e750f432
09-30 02:36:24.545  1534  1534 I libimsma_adapt: mtk-brm-merge-id:none
09-30 12:11:43.791  2938  2938 I SmartRatSwitch: mtk-brm-commit-id:5fafc7f90721207346ff793b0242d9143ebe08b5
09-30 12:11:43.793  2938  2938 I SmartRatSwitch: mtk-brm-change-id:I78997b642e154a4486e6f4d8caf000b0aab4b465
09-30 12:11:43.793  2938  2938 I SmartRatSwitch: mtk-brm-merge-id:none
10-06 14:43:03.589 32186 32204 E AndroidRuntime: FATAL EXCEPTION: Instr: androidx.test.runner.AndroidJUnitRunner
10-06 14:43:03.589 32186 32204 E AndroidRuntime: Process: io.appium.uiautomator2.server, PID: 32186
10-06 14:43:03.589 32186 32204 E AndroidRuntime: java.lang.RuntimeException: Error while disconnecting UiAutomation@dc362ca[id=-1, displayId=0, flags=0]
10-06 14:43:03.589 32186 32204 E AndroidRuntime: 	at android.app.UiAutomation.disconnect(UiAutomation.java:451)
10-06 14:43:03.589 32186 32204 E AndroidRuntime: 	at android.app.Instrumentation.finish(Instrumentation.java:275)
10-06 14:43:03.589 32186 32204 E AndroidRuntime: 	at androidx.test.runner.MonitoringInstrumentation.finish(MonitoringInstrumentation.java:381)
10-06 14:43:03.589 32186 32204 E AndroidRuntime: 	at androidx.test.runner.AndroidJUnitRunner.finish(AndroidJUnitRunner.java:463)
10-06 14:43:03.589 32186 32204 E AndroidRuntime: 	at androidx.test.runner.AndroidJUnitRunner.onStart(AndroidJUnitRunner.java:452)
10-06 14:43:03.589 32186 32204 E AndroidRuntime: 	at android.app.Instrumentation$InstrumentationThread.run(Instrumentation.java:2440)
10-06 14:43:03.589 32186 32204 E AndroidRuntime: Caused by: android.os.DeadObjectException
10-06 14:43:03.589 32186 32204 E AndroidRuntime: 	at android.os.BinderProxy.transactNative(Native Method)
10-06 14:43:03.589 32186 32204 E AndroidRuntime: 	at android.os.BinderProxy.transact(BinderProxy.java:639)
10-06 14:43:03.589 32186 32204 E AndroidRuntime: 	at android.app.IUiAutomationConnection$Stub$Proxy.disconnect(IUiAutomationConnection.java:471)
10-06 14:43:03.589 32186 32204 E AndroidRuntime: 	at android.app.UiAutomation.disconnect(UiAutomation.java:449)
10-06 14:43:03.589 32186 32204 E AndroidRuntime: 	... 5 more
10-06 15:42:53.491 24061 24079 E AndroidRuntime: FATAL EXCEPTION: Instr: androidx.test.runner.AndroidJUnitRunner
10-06 15:42:53.491 24061 24079 E AndroidRuntime: Process: io.appium.uiautomator2.server, PID: 24061
10-06 15:42:53.491 24061 24079 E AndroidRuntime: java.lang.RuntimeException: Error while disconnecting UiAutomation@14d1251[id=-1, displayId=0, flags=0]
10-06 15:42:53.491 24061 24079 E AndroidRuntime: 	at android.app.UiAutomation.disconnect(UiAutomation.java:451)
10-06 15:42:53.491 24061 24079 E AndroidRuntime: 	at android.app.Instrumentation.finish(Instrumentation.java:275)
10-06 15:42:53.491 24061 24079 E AndroidRuntime: 	at androidx.test.runner.MonitoringInstrumentation.finish(MonitoringInstrumentation.java:381)
10-06 15:42:53.491 24061 24079 E AndroidRuntime: 	at androidx.test.runner.AndroidJUnitRunner.finish(AndroidJUnitRunner.java:463)
10-06 15:42:53.491 24061 24079 E AndroidRuntime: 	at androidx.test.runner.AndroidJUnitRunner.onStart(AndroidJUnitRunner.java:452)
10-06 15:42:53.491 24061 24079 E AndroidRuntime: 	at android.app.Instrumentation$InstrumentationThread.run(Instrumentation.java:2440)
10-06 15:42:53.491 24061 24079 E AndroidRuntime: Caused by: android.os.DeadObjectException
10-06 15:42:53.491 24061 24079 E AndroidRuntime: 	at android.os.BinderProxy.transactNative(Native Method)
10-06 15:42:53.491 24061 24079 E AndroidRuntime: 	at android.os.BinderProxy.transact(BinderProxy.java:639)
10-06 15:42:53.491 24061 24079 E AndroidRuntime: 	at android.app.IUiAutomationConnection$Stub$Proxy.disconnect(IUiAutomationConnection.java:471)
10-06 15:42:53.491 24061 24079 E AndroidRuntime: 	at android.app.UiAutomation.disconnect(UiAutomation.java:449)
10-06 15:42:53.491 24061 24079 E AndroidRuntime: 	... 5 more
10-08 14:35:58.835  8798  8819 E AndroidRuntime: FATAL EXCEPTION: Instr: androidx.test.runner.AndroidJUnitRunner
10-08 14:35:58.835  8798  8819 E AndroidRuntime: Process: io.appium.uiautomator2.server, PID: 8798
10-08 14:35:58.835  8798  8819 E AndroidRuntime: java.lang.RuntimeException: Error while disconnecting UiAutomation@68ee26e[id=-1, displayId=0, flags=0]
10-08 14:35:58.835  8798  8819 E AndroidRuntime: 	at android.app.UiAutomation.disconnect(UiAutomation.java:451)
10-08 14:35:58.835  8798  8819 E AndroidRuntime: 	at android.app.Instrumentation.finish(Instrumentation.java:275)
10-08 14:35:58.835  8798  8819 E AndroidRuntime: 	at androidx.test.runner.MonitoringInstrumentation.finish(MonitoringInstrumentation.java:381)
10-08 14:35:58.835  8798  8819 E AndroidRuntime: 	at androidx.test.runner.AndroidJUnitRunner.finish(AndroidJUnitRunner.java:463)
10-08 14:35:58.835  8798  8819 E AndroidRuntime: 	at androidx.test.runner.AndroidJUnitRunner.onStart(AndroidJUnitRunner.java:452)
10-08 14:35:58.835  8798  8819 E AndroidRuntime: 	at android.app.Instrumentation$InstrumentationThread.run(Instrumentation.java:2440)
10-08 14:35:58.835  8798  8819 E AndroidRuntime: Caused by: android.os.DeadObjectException
10-08 14:35:58.835  8798  8819 E AndroidRuntime: 	at android.os.BinderProxy.transactNative(Native Method)
10-08 14:35:58.835  8798  8819 E AndroidRuntime: 	at android.os.BinderProxy.transact(BinderProxy.java:639)
10-08 14:35:58.835  8798  8819 E AndroidRuntime: 	at android.app.IUiAutomationConnection$Stub$Proxy.disconnect(IUiAutomationConnection.java:471)
10-08 14:35:58.835  8798  8819 E AndroidRuntime: 	at android.app.UiAutomation.disconnect(UiAutomation.java:449)
10-08 14:35:58.835  8798  8819 E AndroidRuntime: 	... 5 more
10-09 09:52:15.631  6455  6472 E AndroidRuntime: FATAL EXCEPTION: Instr: androidx.test.runner.AndroidJUnitRunner
10-09 09:52:15.631  6455  6472 E AndroidRuntime: Process: io.appium.uiautomator2.server, PID: 6455
10-09 09:52:15.631  6455  6472 E AndroidRuntime: java.lang.RuntimeException: Error while disconnecting UiAutomation@ed66072[id=-1, displayId=0, flags=0]
10-09 09:52:15.631  6455  6472 E AndroidRuntime: 	at android.app.UiAutomation.disconnect(UiAutomation.java:451)
10-09 09:52:15.631  6455  6472 E AndroidRuntime: 	at android.app.Instrumentation.finish(Instrumentation.java:275)
10-09 09:52:15.631  6455  6472 E AndroidRuntime: 	at androidx.test.runner.MonitoringInstrumentation.finish(MonitoringInstrumentation.java:381)
10-09 09:52:15.631  6455  6472 E AndroidRuntime: 	at androidx.test.runner.AndroidJUnitRunner.finish(AndroidJUnitRunner.java:463)
10-09 09:52:15.631  6455  6472 E AndroidRuntime: 	at androidx.test.runner.AndroidJUnitRunner.onStart(AndroidJUnitRunner.java:452)
10-09 09:52:15.631  6455  6472 E AndroidRuntime: 	at android.app.Instrumentation$InstrumentationThread.run(Instrumentation.java:2440)
10-09 09:52:15.631  6455  6472 E AndroidRuntime: Caused by: android.os.DeadObjectException
10-09 09:52:15.631  6455  6472 E AndroidRuntime: 	at android.os.BinderProxy.transactNative(Native Method)
10-09 09:52:15.631  6455  6472 E AndroidRuntime: 	at android.os.BinderProxy.transact(BinderProxy.java:639)
10-09 09:52:15.631  6455  6472 E AndroidRuntime: 	at android.app.IUiAutomationConnection$Stub$Proxy.disconnect(IUiAutomationConnection.java:471)
10-09 09:52:15.631  6455  6472 E AndroidRuntime: 	at android.app.UiAutomation.disconnect(UiAutomation.java:449)
10-09 09:52:15.631  6455  6472 E AndroidRuntime: 	... 5 more
10-10 11:31:59.685 16596 16613 E AndroidRuntime: FATAL EXCEPTION: Instr: androidx.test.runner.AndroidJUnitRunner
10-10 11:31:59.685 16596 16613 E AndroidRuntime: Process: io.appium.uiautomator2.server, PID: 16596
10-10 11:31:59.685 16596 16613 E AndroidRuntime: java.lang.RuntimeException: Error while disconnecting UiAutomation@cbc2880[id=-1, displayId=0, flags=0]
10-10 11:31:59.685 16596 16613 E AndroidRuntime: 	at android.app.UiAutomation.disconnect(UiAutomation.java:451)
10-10 11:31:59.685 16596 16613 E AndroidRuntime: 	at android.app.Instrumentation.finish(Instrumentation.java:275)
10-10 11:31:59.685 16596 16613 E AndroidRuntime: 	at androidx.test.runner.MonitoringInstrumentation.finish(MonitoringInstrumentation.java:381)
10-10 11:31:59.685 16596 16613 E AndroidRuntime: 	at androidx.test.runner.AndroidJUnitRunner.finish(AndroidJUnitRunner.java:463)
10-10 11:31:59.685 16596 16613 E AndroidRuntime: 	at androidx.test.runner.AndroidJUnitRunner.onStart(AndroidJUnitRunner.java:452)
10-10 11:31:59.685 16596 16613 E AndroidRuntime: 	at android.app.Instrumentation$InstrumentationThread.run(Instrumentation.java:2440)
10-10 11:31:59.685 16596 16613 E AndroidRuntime: Caused by: android.os.DeadObjectException
10-10 11:31:59.685 16596 16613 E AndroidRuntime: 	at android.os.BinderProxy.transactNative(Native Method)
10-10 11:31:59.685 16596 16613 E AndroidRuntime: 	at android.os.BinderProxy.transact(BinderProxy.java:639)
10-10 11:31:59.685 16596 16613 E AndroidRuntime: 	at android.app.IUiAutomationConnection$Stub$Proxy.disconnect(IUiAutomationConnection.java:471)
10-10 11:31:59.685 16596 16613 E AndroidRuntime: 	at android.app.UiAutomation.disconnect(UiAutomation.java:449)
10-10 11:31:59.685 16596 16613 E AndroidRuntime: 	... 5 more
--------- beginning of system
10-10 12:16:51.988  1902  3317 I InputMethodManagerService: IMMS.applyImeVisibility(), setVisible = true, mCurclient = ClientState{fa2d8be mUid=10390 mPid=10115 mSelfReportedDisplayId=0}
10-10 12:16:51.988  1902  3317 I WindowManager: WMS.showImePostLayout(), imeTarget = Window{81ce45b u0 eu.europa.ec.euidi/eu.europa.ec.assemblylogic.ui.MainActivity}
10-10 12:16:51.990  2983  3075 D OneHandedController: stopOneHanded state is 0
10-10 12:16:51.990  2983  3075 D OneHandedController: stopOneHanded state is 0
10-10 12:16:51.992  1902  1939 I ImeInsetsSourceProvider: ImeInsetsSourceProvider.scheduleShowImePostLayout() Run showImeRunner.
10-10 12:16:51.992  1902  1939 I ImeInsetsSourceProvider: ImeInsetsSourceProvider.scheduleShowImePostLayout() isReadyToShowIme.
10-10 12:16:52.020  1902  1902 W FillRequestEventLogger: Shouldn't be logging AutofillFillRequestReported again for same event
10-10 12:16:52.020  1902  1902 W FillResponseEventLogger: Shouldn't be logging AutofillFillRequestReported again for same event
10-10 12:16:52.020  1902  1902 D AutofillSession: clearPendingIntentLocked
10-10 12:16:52.078  1902  3317 D WindowManagerService: checkFlipFullScreenChange is same, nowIsFullScreen = false
10-10 12:16:52.081  1902  3317 W FillRequestEventLogger: Couldn't find packageName: com.google.android.inputmethod.latin
10-10 12:16:52.085  1902  2772 D AutofillSession: createPendingIntent for request 967
10-10 12:16:52.085  1902  2772 D ContentCapturePerUserService: Notified activity assist data for activity: Token{132ea8b ActivityRecord{9815005 u0 eu.europa.ec.euidi/eu.europa.ec.assemblylogic.ui.MainActivity t474}} without a session Id
10-10 12:16:52.092  1902  2772 I InputMethodManagerService: IMMS.showCurrentInputLocked(), flags = 1
10-10 12:16:52.093  1902  2772 D SmartPower: com.google.android.inputmethod.latin/10196(22721): show input method
10-10 12:16:52.093  1902  2772 I DefaultImeVisibilityApplier: IMMS.showCurrentInputLocked request ims to show inputMethod.
10-10 12:16:52.094  1902 10935 W PackageConfigPersister: App-specific configuration not found for packageName: eu.europa.ec.euidi and userId: 0
10-10 12:16:52.099  1902 10935 I InputMethodManagerService: IMMS.showSoftInput(), client = com.android.internal.inputmethod.IInputMethodClient$Stub$Proxy@571ebf4
10-10 12:16:52.099  1902 10935 I InputMethodManagerService: IMMS.showCurrentInputLocked(), flags = 0
10-10 12:16:52.099  1902 10935 D SmartPower: com.google.android.inputmethod.latin/10196(22721): show input method
10-10 12:16:52.099  1902 10935 I DefaultImeVisibilityApplier: IMMS.showCurrentInputLocked request ims to show inputMethod.
10-10 12:16:52.115  1902  2620 I SmartPower: com.android.chrome:privileged_process0/10190(4940): background->idle(3002ms) R(become background) adj=700.
10-10 12:16:52.116  1902  2620 I SmartPower: com.android.chrome/10190(4464): background->idle(3003ms) R(become background) adj=700.
10-10 12:16:52.121  1902 10935 I InputMethodManagerService: IMMS.applyImeVisibility(), setVisible = true, mCurclient = ClientState{fa2d8be mUid=10390 mPid=10115 mSelfReportedDisplayId=0}
10-10 12:16:52.121  1902 10935 I WindowManager: WMS.showImePostLayout(), imeTarget = Window{81ce45b u0 eu.europa.ec.euidi/eu.europa.ec.assemblylogic.ui.MainActivity}
10-10 12:16:52.121  1902  1939 I ImeInsetsSourceProvider: ImeInsetsSourceProvider.scheduleShowImePostLayout() Run showImeRunner.
10-10 12:16:52.121  1902  1939 I ImeInsetsSourceProvider: ImeInsetsSourceProvider.scheduleShowImePostLayout() isReadyToShowIme.
10-10 12:16:52.126  2983  3075 D OneHandedController: stopOneHanded state is 0
10-10 12:16:52.127  1902  2772 I InputMethodManagerService: IMMS.applyImeVisibility(), setVisible = true, mCurclient = ClientState{fa2d8be mUid=10390 mPid=10115 mSelfReportedDisplayId=0}
10-10 12:16:52.127  1902  2772 I WindowManager: WMS.showImePostLayout(), imeTarget = Window{81ce45b u0 eu.europa.ec.euidi/eu.europa.ec.assemblylogic.ui.MainActivity}
10-10 12:16:52.128  1902  1939 I ImeInsetsSourceProvider: ImeInsetsSourceProvider.scheduleShowImePostLayout() Run showImeRunner.
10-10 12:16:52.128  1902  1939 I ImeInsetsSourceProvider: ImeInsetsSourceProvider.scheduleShowImePostLayout() isReadyToShowIme.
10-10 12:16:52.130  2983  3075 D OneHandedController: stopOneHanded state is 0
10-10 12:16:52.152  1902  1902 W FillRequestEventLogger: Shouldn't be logging AutofillFillRequestReported again for same event
10-10 12:16:52.152  1902  1902 W FillResponseEventLogger: Shouldn't be logging AutofillFillRequestReported again for same event
10-10 12:16:52.152  1902  1902 D AutofillSession: clearPendingIntentLocked
10-10 12:16:52.168  1902  2620 I SmartPower: com.android.chrome:sandboxed_process0:org.chromium.content.app.SandboxedProcessSerbackground->idle(7696ms) R(adj below visible) adj=700.
10-10 12:16:52.264  1902 23161 D WindowManagerService: checkFlipFullScreenChange is same, nowIsFullScreen = false
10-10 12:16:52.268  1902 23161 W FillRequestEventLogger: Couldn't find packageName: com.google.android.inputmethod.latin
10-10 12:16:52.273  1902 23161 D AutofillSession: createPendingIntent for request 968
10-10 12:16:52.273  1902 23161 D ContentCapturePerUserService: Notified activity assist data for activity: Token{132ea8b ActivityRecord{9815005 u0 eu.europa.ec.euidi/eu.europa.ec.assemblylogic.ui.MainActivity t474}} without a session Id
10-10 12:16:52.279  1902 23161 I InputMethodManagerService: IMMS.showCurrentInputLocked(), flags = 1
10-10 12:16:52.280  1902 23161 D SmartPower: com.google.android.inputmethod.latin/10196(22721): show input method
10-10 12:16:52.280  1902 23161 I DefaultImeVisibilityApplier: IMMS.showCurrentInputLocked request ims to show inputMethod.
10-10 12:16:52.282  1902 23161 W PackageConfigPersister: App-specific configuration not found for packageName: eu.europa.ec.euidi and userId: 0
10-10 12:16:52.289  1902  2772 I InputMethodManagerService: IMMS.showSoftInput(), client = com.android.internal.inputmethod.IInputMethodClient$Stub$Proxy@a2554ea
10-10 12:16:52.289  1902  2772 I InputMethodManagerService: IMMS.showCurrentInputLocked(), flags = 0
10-10 12:16:52.289  1902  2772 D SmartPower: com.google.android.inputmethod.latin/10196(22721): show input method
10-10 12:16:52.289  1902  2772 I DefaultImeVisibilityApplier: IMMS.showCurrentInputLocked request ims to show inputMethod.
10-10 12:16:52.303  1902  3317 I InputMethodManagerService: IMMS.applyImeVisibility(), setVisible = true, mCurclient = ClientState{fa2d8be mUid=10390 mPid=10115 mSelfReportedDisplayId=0}
10-10 12:16:52.303  1902  3317 I WindowManager: WMS.showImePostLayout(), imeTarget = Window{81ce45b u0 eu.europa.ec.euidi/eu.europa.ec.assemblylogic.ui.MainActivity}
10-10 12:16:52.305  1902  1939 I ImeInsetsSourceProvider: ImeInsetsSourceProvider.scheduleShowImePostLayout() Run showImeRunner.
10-10 12:16:52.305  1902  1939 I ImeInsetsSourceProvider: ImeInsetsSourceProvider.scheduleShowImePostLayout() isReadyToShowIme.
10-10 12:16:52.309  2983  3075 D OneHandedController: stopOneHanded state is 0
10-10 12:16:52.309  1902  3317 I InputMethodManagerService: IMMS.applyImeVisibility(), setVisible = true, mCurclient = ClientState{fa2d8be mUid=10390 mPid=10115 mSelfReportedDisplayId=0}
10-10 12:16:52.309  1902  3317 I WindowManager: WMS.showImePostLayout(), imeTarget = Window{81ce45b u0 eu.europa.ec.euidi/eu.europa.ec.assemblylogic.ui.MainActivity}
10-10 12:16:52.311  1902  1939 I ImeInsetsSourceProvider: ImeInsetsSourceProvider.scheduleShowImePostLayout() Run showImeRunner.
10-10 12:16:52.311  1902  1939 I ImeInsetsSourceProvider: ImeInsetsSourceProvider.scheduleShowImePostLayout() isReadyToShowIme.
10-10 12:16:52.323  2983  3075 D OneHandedController: stopOneHanded state is 0
10-10 12:16:52.334  1902  1902 W FillRequestEventLogger: Shouldn't be logging AutofillFillRequestReported again for same event
10-10 12:16:52.334  1902  1902 W FillResponseEventLogger: Shouldn't be logging AutofillFillRequestReported again for same event
10-10 12:16:52.334  1902  1902 D AutofillSession: clearPendingIntentLocked
10-10 12:16:52.371  1902 23161 D WindowManagerService: checkFlipFullScreenChange is same, nowIsFullScreen = false
10-10 12:16:52.488  1902 23161 W MIUIInput: Input event injection from package: null action ACTION_DOWN
10-10 12:16:52.500  1902 23161 W MIUIInput: Input event injection from package: null action ACTION_UP
10-10 12:16:52.542  1902 23161 I InputMethodManagerService: IMMS.showCurrentInputLocked(), flags = 1
10-10 12:16:52.542  1902 23161 D SmartPower: com.google.android.inputmethod.latin/10196(22721): show input method
10-10 12:16:52.542  1902 23161 I DefaultImeVisibilityApplier: IMMS.showCurrentInputLocked request ims to show inputMethod.
10-10 12:16:52.550  1902  2772 W PackageConfigPersister: App-specific configuration not found for packageName: eu.europa.ec.euidi and userId: 0
10-10 12:16:52.552  1902  3317 I InputMethodManagerService: IMMS.showSoftInput(), client = com.android.internal.inputmethod.IInputMethodClient$Stub$Proxy@4e79742
10-10 12:16:52.552  1902  3317 I InputMethodManagerService: IMMS.showCurrentInputLocked(), flags = 0
10-10 12:16:52.552  1902  3317 D SmartPower: com.google.android.inputmethod.latin/10196(22721): show input method
10-10 12:16:52.552  1902  3317 I DefaultImeVisibilityApplier: IMMS.showCurrentInputLocked request ims to show inputMethod.
10-10 12:16:52.567  1902  3317 I InputMethodManagerService: IMMS.applyImeVisibility(), setVisible = true, mCurclient = ClientState{fa2d8be mUid=10390 mPid=10115 mSelfReportedDisplayId=0}
10-10 12:16:52.567  1902  3317 I WindowManager: WMS.showImePostLayout(), imeTarget = Window{81ce45b u0 eu.europa.ec.euidi/eu.europa.ec.assemblylogic.ui.MainActivity}
10-10 12:16:52.570  1902  1939 I ImeInsetsSourceProvider: ImeInsetsSourceProvider.scheduleShowImePostLayout() Run showImeRunner.
10-10 12:16:52.570  1902  1939 I ImeInsetsSourceProvider: ImeInsetsSourceProvider.scheduleShowImePostLayout() isReadyToShowIme.
10-10 12:16:52.572  1902  3317 I InputMethodManagerService: IMMS.applyImeVisibility(), setVisible = true, mCurclient = ClientState{fa2d8be mUid=10390 mPid=10115 mSelfReportedDisplayId=0}
10-10 12:16:52.572  1902  3317 I WindowManager: WMS.showImePostLayout(), imeTarget = Window{81ce45b u0 eu.europa.ec.euidi/eu.europa.ec.assemblylogic.ui.MainActivity}
10-10 12:16:52.574  1902  1939 I ImeInsetsSourceProvider: ImeInsetsSourceProvider.scheduleShowImePostLayout() Run showImeRunner.
10-10 12:16:52.574  1902  1939 I ImeInsetsSourceProvider: ImeInsetsSourceProvider.scheduleShowImePostLayout() isReadyToShowIme.
10-10 12:16:52.582  2983  3075 D OneHandedController: stopOneHanded state is 0
10-10 12:16:52.582  2983  3075 D OneHandedController: stopOneHanded state is 0
10-10 12:16:52.666  1902  3317 D WindowManagerService: checkFlipFullScreenChange is same, nowIsFullScreen = false
10-10 12:16:52.679  1902  3317 I InputMethodManagerService: IMMS.showCurrentInputLocked(), flags = 1
10-10 12:16:52.679  1902  3317 D SmartPower: com.google.android.inputmethod.latin/10196(22721): show input method
10-10 12:16:52.679  1902  3317 I DefaultImeVisibilityApplier: IMMS.showCurrentInputLocked request ims to show inputMethod.
10-10 12:16:52.681  1902  1917 W PackageConfigPersister: App-specific configuration not found for packageName: eu.europa.ec.euidi and userId: 0
10-10 12:16:52.691  1902 23161 I InputMethodManagerService: IMMS.showSoftInput(), client = com.android.internal.inputmethod.IInputMethodClient$Stub$Proxy@1e631af
10-10 12:16:52.691  1902 23161 I InputMethodManagerService: IMMS.showCurrentInputLocked(), flags = 0
10-10 12:16:52.691  1902 23161 D SmartPower: com.google.android.inputmethod.latin/10196(22721): show input method
10-10 12:16:52.691  1902 23161 I DefaultImeVisibilityApplier: IMMS.showCurrentInputLocked request ims to show inputMethod.
10-10 12:16:52.707  1902  3317 I InputMethodManagerService: IMMS.applyImeVisibility(), setVisible = true, mCurclient = ClientState{fa2d8be mUid=10390 mPid=10115 mSelfReportedDisplayId=0}
10-10 12:16:52.707  1902  3317 I WindowManager: WMS.showImePostLayout(), imeTarget = Window{81ce45b u0 eu.europa.ec.euidi/eu.europa.ec.assemblylogic.ui.MainActivity}
10-10 12:16:52.709  1902  1939 I ImeInsetsSourceProvider: ImeInsetsSourceProvider.scheduleShowImePostLayout() Run showImeRunner.
10-10 12:16:52.709  1902  1939 I ImeInsetsSourceProvider: ImeInsetsSourceProvider.scheduleShowImePostLayout() isReadyToShowIme.
10-10 12:16:52.710  2983  3075 D OneHandedController: stopOneHanded state is 0
10-10 12:16:52.713  1902 23161 I InputMethodManagerService: IMMS.applyImeVisibility(), setVisible = true, mCurclient = ClientState{fa2d8be mUid=10390 mPid=10115 mSelfReportedDisplayId=0}
10-10 12:16:52.713  1902 23161 I WindowManager: WMS.showImePostLayout(), imeTarget = Window{81ce45b u0 eu.europa.ec.euidi/eu.europa.ec.assemblylogic.ui.MainActivity}
10-10 12:16:52.715  1902  1939 I ImeInsetsSourceProvider: ImeInsetsSourceProvider.scheduleShowImePostLayout() Run showImeRunner.
10-10 12:16:52.715  1902  1939 I ImeInsetsSourceProvider: ImeInsetsSourceProvider.scheduleShowImePostLayout() isReadyToShowIme.
10-10 12:16:52.716  2983  3075 D OneHandedController: stopOneHanded state is 0
10-10 12:16:52.777  1902  3317 D WindowManagerService: checkFlipFullScreenChange is same, nowIsFullScreen = false
10-10 12:16:52.786  1902 23161 I InputMethodManagerService: IMMS.showCurrentInputLocked(), flags = 1
10-10 12:16:52.786  1902 23161 D SmartPower: com.google.android.inputmethod.latin/10196(22721): show input method
10-10 12:16:52.786  1902 23161 I DefaultImeVisibilityApplier: IMMS.showCurrentInputLocked request ims to show inputMethod.
10-10 12:16:52.788  1902 23161 W PackageConfigPersister: App-specific configuration not found for packageName: eu.europa.ec.euidi and userId: 0
10-10 12:16:52.792  1902 23161 I InputMethodManagerService: IMMS.showSoftInput(), client = com.android.internal.inputmethod.IInputMethodClient$Stub$Proxy@38ca5a8
10-10 12:16:52.792  1902 23161 I InputMethodManagerService: IMMS.showCurrentInputLocked(), flags = 0
10-10 12:16:52.792  1902 23161 D SmartPower: com.google.android.inputmethod.latin/10196(22721): show input method
10-10 12:16:52.792  1902 23161 I DefaultImeVisibilityApplier: IMMS.showCurrentInputLocked request ims to show inputMethod.
10-10 12:16:52.809  1902  1917 I InputMethodManagerService: IMMS.applyImeVisibility(), setVisible = true, mCurclient = ClientState{fa2d8be mUid=10390 mPid=10115 mSelfReportedDisplayId=0}
10-10 12:16:52.809  1902  1917 I WindowManager: WMS.showImePostLayout(), imeTarget = Window{81ce45b u0 eu.europa.ec.euidi/eu.europa.ec.assemblylogic.ui.MainActivity}
10-10 12:16:52.811  1902  1939 I ImeInsetsSourceProvider: ImeInsetsSourceProvider.scheduleShowImePostLayout() Run showImeRunner.
10-10 12:16:52.811  1902  1939 I ImeInsetsSourceProvider: ImeInsetsSourceProvider.scheduleShowImePostLayout() isReadyToShowIme.
10-10 12:16:52.817  1902  3317 I InputMethodManagerService: IMMS.applyImeVisibility(), setVisible = true, mCurclient = ClientState{fa2d8be mUid=10390 mPid=10115 mSelfReportedDisplayId=0}
10-10 12:16:52.817  2983  3075 D OneHandedController: stopOneHanded state is 0
10-10 12:16:52.817  1902  3317 I WindowManager: WMS.showImePostLayout(), imeTarget = Window{81ce45b u0 eu.europa.ec.euidi/eu.europa.ec.assemblylogic.ui.MainActivity}
10-10 12:16:52.818  1902  1939 I ImeInsetsSourceProvider: ImeInsetsSourceProvider.scheduleShowImePostLayout() Run showImeRunner.
10-10 12:16:52.818  1902  1939 I ImeInsetsSourceProvider: ImeInsetsSourceProvider.scheduleShowImePostLayout() isReadyToShowIme.
10-10 12:16:52.819  2983  3075 D OneHandedController: stopOneHanded state is 0
10-10 12:16:52.908  1902  3317 D WindowManagerService: checkFlipFullScreenChange is same, nowIsFullScreen = false
10-10 12:16:52.919  1902  3317 I InputMethodManagerService: IMMS.showCurrentInputLocked(), flags = 1
10-10 12:16:52.919  1902  3317 D SmartPower: com.google.android.inputmethod.latin/10196(22721): show input method
10-10 12:16:52.919  1902  3317 I DefaultImeVisibilityApplier: IMMS.showCurrentInputLocked request ims to show inputMethod.
10-10 12:16:52.923  1902 23161 W PackageConfigPersister: App-specific configuration not found for packageName: eu.europa.ec.euidi and userId: 0
10-10 12:16:52.925  1902  1917 I InputMethodManagerService: IMMS.showSoftInput(), client = com.android.internal.inputmethod.IInputMethodClient$Stub$Proxy@b6d4ffd
10-10 12:16:52.925  1902  1917 I InputMethodManagerService: IMMS.showCurrentInputLocked(), flags = 0
10-10 12:16:52.925  1902  1917 D SmartPower: com.google.android.inputmethod.latin/10196(22721): show input method
10-10 12:16:52.925  1902  1917 I DefaultImeVisibilityApplier: IMMS.showCurrentInputLocked request ims to show inputMethod.
10-10 12:16:52.944  1902  1917 I InputMethodManagerService: IMMS.applyImeVisibility(), setVisible = true, mCurclient = ClientState{fa2d8be mUid=10390 mPid=10115 mSelfReportedDisplayId=0}
10-10 12:16:52.944  1902  1917 I WindowManager: WMS.showImePostLayout(), imeTarget = Window{81ce45b u0 eu.europa.ec.euidi/eu.europa.ec.assemblylogic.ui.MainActivity}
10-10 12:16:52.946  1902  1939 I ImeInsetsSourceProvider: ImeInsetsSourceProvider.scheduleShowImePostLayout() Run showImeRunner.
10-10 12:16:52.946  1902  1939 I ImeInsetsSourceProvider: ImeInsetsSourceProvider.scheduleShowImePostLayout() isReadyToShowIme.
10-10 12:16:52.948  1902  1917 I InputMethodManagerService: IMMS.applyImeVisibility(), setVisible = true, mCurclient = ClientState{fa2d8be mUid=10390 mPid=10115 mSelfReportedDisplayId=0}
10-10 12:16:52.948  1902  1917 I WindowManager: WMS.showImePostLayout(), imeTarget = Window{81ce45b u0 eu.europa.ec.euidi/eu.europa.ec.assemblylogic.ui.MainActivity}
10-10 12:16:52.950  2983  3075 D OneHandedController: stopOneHanded state is 0
10-10 12:16:52.951  1902  1939 I ImeInsetsSourceProvider: ImeInsetsSourceProvider.scheduleShowImePostLayout() Run showImeRunner.
10-10 12:16:52.951  1902  1939 I ImeInsetsSourceProvider: ImeInsetsSourceProvider.scheduleShowImePostLayout() isReadyToShowIme.
10-10 12:16:53.019  1902  1917 D WindowManagerService: checkFlipFullScreenChange is same, nowIsFullScreen = false
10-10 12:16:53.027  1902  1917 I InputMethodManagerService: IMMS.showCurrentInputLocked(), flags = 1
10-10 12:16:53.027  1902  1917 D SmartPower: com.google.android.inputmethod.latin/10196(22721): show input method
10-10 12:16:53.027  1902  1917 I DefaultImeVisibilityApplier: IMMS.showCurrentInputLocked request ims to show inputMethod.
10-10 12:16:53.029  1902  1917 W PackageConfigPersister: App-specific configuration not found for packageName: eu.europa.ec.euidi and userId: 0
10-10 12:16:53.035  1902  2772 I InputMethodManagerService: IMMS.showSoftInput(), client = com.android.internal.inputmethod.IInputMethodClient$Stub$Proxy@252ce3e
10-10 12:16:53.035  1902  2772 I InputMethodManagerService: IMMS.showCurrentInputLocked(), flags = 0
10-10 12:16:53.035  1902  2772 D SmartPower: com.google.android.inputmethod.latin/10196(22721): show input method
10-10 12:16:53.035  1902  2772 I DefaultImeVisibilityApplier: IMMS.showCurrentInputLocked request ims to show inputMethod.
10-10 12:16:53.049  1902  1917 I InputMethodManagerService: IMMS.applyImeVisibility(), setVisible = true, mCurclient = ClientState{fa2d8be mUid=10390 mPid=10115 mSelfReportedDisplayId=0}
10-10 12:16:53.049  1902  1917 I WindowManager: WMS.showImePostLayout(), imeTarget = Window{81ce45b u0 eu.europa.ec.euidi/eu.europa.ec.assemblylogic.ui.MainActivity}
10-10 12:16:53.050  1902 10935 I InputMethodManagerService: IMMS.applyImeVisibility(), setVisible = true, mCurclient = ClientState{fa2d8be mUid=10390 mPid=10115 mSelfReportedDisplayId=0}
10-10 12:16:53.051  1902  1939 I ImeInsetsSourceProvider: ImeInsetsSourceProvider.scheduleShowImePostLayout() Run showImeRunner.
10-10 12:16:53.051  1902  1939 I ImeInsetsSourceProvider: ImeInsetsSourceProvider.scheduleShowImePostLayout() isReadyToShowIme.
10-10 12:16:53.053  2983  3075 D OneHandedController: stopOneHanded state is 0
10-10 12:16:53.054  1902 10935 I WindowManager: WMS.showImePostLayout(), imeTarget = Window{81ce45b u0 eu.europa.ec.euidi/eu.europa.ec.assemblylogic.ui.MainActivity}
10-10 12:16:53.055  2983  3075 D OneHandedController: stopOneHanded state is 0
10-10 12:16:53.056  1902  1939 I ImeInsetsSourceProvider: ImeInsetsSourceProvider.scheduleShowImePostLayout() Run showImeRunner.
10-10 12:16:53.056  1902  1939 I ImeInsetsSourceProvider: ImeInsetsSourceProvider.scheduleShowImePostLayout() isReadyToShowIme.
10-10 12:16:53.135  1902 23179 D WindowManagerService: checkFlipFullScreenChange is same, nowIsFullScreen = false
10-10 12:16:53.142  1902 10935 I InputMethodManagerService: IMMS.showCurrentInputLocked(), flags = 1
10-10 12:16:53.143  1902 10935 D SmartPower: com.google.android.inputmethod.latin/10196(22721): show input method
10-10 12:16:53.143  1902 10935 I DefaultImeVisibilityApplier: IMMS.showCurrentInputLocked request ims to show inputMethod.
10-10 12:16:53.147  1902 23179 W PackageConfigPersister: App-specific configuration not found for packageName: eu.europa.ec.euidi and userId: 0
10-10 12:16:53.149  1902  3317 I InputMethodManagerService: IMMS.showSoftInput(), client = com.android.internal.inputmethod.IInputMethodClient$Stub$Proxy@4652bbb
10-10 12:16:53.149  1902  3317 I InputMethodManagerService: IMMS.showCurrentInputLocked(), flags = 0
10-10 12:16:53.149  1902  3317 D SmartPower: com.google.android.inputmethod.latin/10196(22721): show input method
10-10 12:16:53.149  1902  3317 I DefaultImeVisibilityApplier: IMMS.showCurrentInputLocked request ims to show inputMethod.
10-10 12:16:53.167  1902  3317 I InputMethodManagerService: IMMS.applyImeVisibility(), setVisible = true, mCurclient = ClientState{fa2d8be mUid=10390 mPid=10115 mSelfReportedDisplayId=0}
10-10 12:16:53.167  1902  3317 I WindowManager: WMS.showImePostLayout(), imeTarget = Window{81ce45b u0 eu.europa.ec.euidi/eu.europa.ec.assemblylogic.ui.MainActivity}
10-10 12:16:53.169  1902  1939 I ImeInsetsSourceProvider: ImeInsetsSourceProvider.scheduleShowImePostLayout() Run showImeRunner.
10-10 12:16:53.169  1902  1939 I ImeInsetsSourceProvider: ImeInsetsSourceProvider.scheduleShowImePostLayout() isReadyToShowIme.
10-10 12:16:53.172  1902  3317 I InputMethodManagerService: IMMS.applyImeVisibility(), setVisible = true, mCurclient = ClientState{fa2d8be mUid=10390 mPid=10115 mSelfReportedDisplayId=0}
10-10 12:16:53.172  1902  3317 I WindowManager: WMS.showImePostLayout(), imeTarget = Window{81ce45b u0 eu.europa.ec.euidi/eu.europa.ec.assemblylogic.ui.MainActivity}
10-10 12:16:53.173  2983  3075 D OneHandedController: stopOneHanded state is 0
10-10 12:16:53.173  1902  1939 I ImeInsetsSourceProvider: ImeInsetsSourceProvider.scheduleShowImePostLayout() Run showImeRunner.
10-10 12:16:53.173  1902  1939 I ImeInsetsSourceProvider: ImeInsetsSourceProvider.scheduleShowImePostLayout() isReadyToShowIme.
10-10 12:16:53.174  2983  3075 D OneHandedController: stopOneHanded state is 0
10-10 12:16:53.250  1902 10935 D WindowManagerService: checkFlipFullScreenChange is same, nowIsFullScreen = false
10-10 12:16:53.388  1902  1917 W MIUIInput: Input event injection from package: null action ACTION_DOWN
10-10 12:16:53.391  1902  1917 W MIUIInput: Input event injection from package: null action ACTION_UP
10-10 12:16:53.507  1902 10935 I InputMethodManagerService: IMMS.applyImeVisibility(), setVisible = false, mCurclient = ClientState{fa2d8be mUid=10390 mPid=10115 mSelfReportedDisplayId=0}
10-10 12:16:53.509  2983  3075 D MiuiFreeformModeController: avoidForInsetsBottomChangedIfNeed oldMoveableBottom: 2270 newMoveableBounds: 2270
10-10 12:16:53.509  2983  3075 D ImePositionProcessor: onImeVisibilityChanged     isShowing:  false
10-10 12:16:53.512  2983  3075 D MiuiFreeformModeController: onImeVisibilityChanged imeVisible: false imeHeight: 0 adjustedForRotation:false
10-10 12:16:53.512  2983  3075 D MiuiFreeformModeAvoidAlgorithm: begin autoOrderingAvoidMiniTask
10-10 12:16:53.512  2983  3075 D MiuiFreeformModeAvoidAlgorithm: getCurrMiniPos: SameSideMiniPosList: []
10-10 12:16:53.512  2983  3075 D MiuiFreeformModeAvoidAlgorithm: getCurrMiniPos: SameSideMiniPosList: []
10-10 12:16:53.512  2983  3075 D MiuiFreeformModeAvoidAlgorithm: end autoOrderingAvoidMiniTask res:AvoidResult{distance=0, combination={}, activeTaskPos=Rect(0, 0 - 0, 0)}
10-10 12:16:53.513  1902  1939 I WindowManager: input method visible height changed 0
10-10 12:16:53.513  1902  2338 I ITouchFeature: current device and process support version:2
10-10 12:16:53.522  1902 10935 W PackageConfigPersister: App-specific configuration not found for packageName: eu.europa.ec.euidi and userId: 0
10-10 12:16:53.528  1902  1917 D CoreBackPreview: Window{81ce45b u0 eu.europa.ec.euidi/eu.europa.ec.assemblylogic.ui.MainActivity}: Setting back callback OnBackInvokedCallbackInfo{mCallback=android.window.IOnBackInvokedCallback$Stub$Proxy@17326d, mPriority=0, mIsAnimationCallback=false}
10-10 12:16:53.543  1556  1556 I wificond: station_bandwidth: 
10-10 12:16:53.586  1902  2620 I SmartPower: com.android.chrome:sandboxed_process0:org.chromium.content.app.SandboxedProcessSerbackground->idle(9114ms) R(adj below visible) adj=700.
10-10 12:16:53.587  1902  2620 I SmartPower: com.google.android.adservices.api/10307(31554): background->idle(9115ms) R(adj below visible) adj=100.
10-10 12:16:54.032  1902  3317 I SmartPower: com.google.android.inputmethod.latin/10196(22721): visible->invisible(2775ms) R(become invisible) adj=100.
10-10 12:16:54.032  1902  3317 I SmartPower: com.google.android.inputmethod.latin/10196(22721): invisible->background(0ms) R(become background) adj=100.
10-10 12:16:54.037  2983  3075 D MiuiFreeformModeController: avoidForInsetsBottomChangedIfNeed oldMoveableBottom: 2270 newMoveableBounds: 2270
10-10 12:16:54.047  2983  3075 D MiuiFreeformModeController: avoidForInsetsBottomChangedIfNeed oldMoveableBottom: 2270 newMoveableBounds: 2270
10-10 12:16:54.256  1902  3317 W MIUIInput: Input event injection from package: null action ACTION_DOWN
10-10 12:16:54.259  1902  3317 W MIUIInput: Input event injection from package: null action ACTION_UP
10-10 12:16:54.276  1902  3317 D CompatibilityChangeReporter: Compat change id reported: 161145287; UID 10390; state: ENABLED
10-10 12:16:54.686  1902  1958 I ExtM    : zram userate is low, no need to flush: 28
10-10 12:16:54.892  1902  1990 W PackageSettings: Couldn't write -1 to /config/sdcardfs/com.google.android.devicelock/appid
10-10 12:16:54.893  1902  1990 W PackageSettings: Couldn't write -1 to /config/sdcardfs/com.google.android.tzdata5/appid
10-10 12:16:54.895  1902  1990 W PackageSettings: Couldn't write -1 to /config/sdcardfs/com.google.android.ondevicepersonalization/appid
10-10 12:16:54.897  1902  1990 W PackageSettings: Couldn't write -1 to /config/sdcardfs/com.google.android.media.swcodec/appid
10-10 12:16:54.898  1902  1990 W PackageSettings: Couldn't write -1 to /config/sdcardfs/com.google.android.os.statsd/appid
10-10 12:16:54.900  1902  1990 W PackageSettings: Couldn't write -1 to /config/sdcardfs/com.google.mainline.primary.libs/appid
10-10 12:16:54.903  1902  1990 W PackageSettings: Couldn't write -1 to /config/sdcardfs/com.google.android.extservices/appid
10-10 12:16:54.904  1902  1990 W PackageSettings: Couldn't write -1 to /config/sdcardfs/com.android.uwb/appid
10-10 12:16:54.906  1902  1990 W PackageSettings: Couldn't write -1 to /config/sdcardfs/com.android.btservices/appid
10-10 12:16:54.906  1902  1990 W PackageSettings: Couldn't write -1 to /config/sdcardfs/com.google.android.healthfitness/appid
10-10 12:16:54.909  1902  1990 W PackageSettings: Couldn't write -1 to /config/sdcardfs/com.google.android.ipsec/appid
10-10 12:16:54.910  1902  1990 W PackageSettings: Couldn't write -1 to /config/sdcardfs/com.google.android.media/appid
10-10 12:16:54.913  1902  1990 W PackageSettings: Couldn't write -1 to /config/sdcardfs/com.android.i18n/appid
10-10 12:16:54.913  1902  1990 W PackageSettings: Couldn't write -1 to /config/sdcardfs/com.android.rkpd/appid
10-10 12:16:54.913  1902  1990 W PackageSettings: Couldn't write -1 to /config/sdcardfs/com.android.virt/appid
10-10 12:16:54.913  1902  1990 W PackageSettings: Couldn't write -1 to /config/sdcardfs/com.android.wifi/appid
10-10 12:16:54.915  1902  1990 W PackageSettings: Couldn't write -1 to /config/sdcardfs/com.google.android.appsearch/appid
10-10 12:16:54.915  1902  1990 W PackageSettings: Couldn't write -1 to /config/sdcardfs/com.google.android.configinfrastructure/appid
10-10 12:16:54.915  1902  1990 W PackageSettings: Couldn't write -1 to /config/sdcardfs/com.android.runtime/appid
10-10 12:16:54.916  1902  1990 W PackageSettings: Couldn't write -1 to /config/sdcardfs/com.google.android.cellbroadcast/appid
10-10 12:16:54.916  1902  1990 W PackageSettings: Couldn't write -1 to /config/sdcardfs/com.android.apex.cts.shim/appid
10-10 12:16:54.916  1902  1990 W PackageSettings: Couldn't write -1 to /config/sdcardfs/com.android.compos/appid
10-10 12:16:54.916  1902  1990 W PackageSettings: Couldn't write -1 to /config/sdcardfs/com.google.android.resolv/appid
10-10 12:16:54.916  1902  1990 W PackageSettings: Couldn't write -1 to /config/sdcardfs/com.google.android.sdkext/appid
10-10 12:16:54.917  1902  1990 W PackageSettings: Couldn't write -1 to /config/sdcardfs/com.google.android.art/appid
10-10 12:16:54.919  1902  1990 W PackageSettings: Couldn't write -1 to /config/sdcardfs/com.google.android.adservices/appid
10-10 12:16:54.920  1902  1990 W PackageSettings: Couldn't write -1 to /config/sdcardfs/com.google.android.scheduling/appid
10-10 12:16:54.921  1902  1990 W PackageSettings: Couldn't write -1 to /config/sdcardfs/com.google.android.mediaprovider/appid
10-10 12:16:54.921  1902  1990 W PackageSettings: Couldn't write -1 to /config/sdcardfs/com.google.android.permission/appid
10-10 12:16:54.922  1902  1990 W PackageSettings: Couldn't write -1 to /config/sdcardfs/com.android.vndk.v30/appid
10-10 12:16:54.922  1902  1990 W PackageSettings: Couldn't write -1 to /config/sdcardfs/com.android.vndk.v31/appid
10-10 12:16:54.922  1902  1990 W PackageSettings: Couldn't write -1 to /config/sdcardfs/com.android.vndk.v33/appid
10-10 12:16:54.922  1902  1990 W PackageSettings: Couldn't write -1 to /config/sdcardfs/com.android.vndk.v34/appid
10-10 12:16:54.923  1902  1990 W PackageSettings: Couldn't write -1 to /config/sdcardfs/com.google.android.neuralnetworks/appid
10-10 12:16:54.923  1902  1990 W PackageSettings: Couldn't write -1 to /config/sdcardfs/com.google.android.tethering/appid
10-10 12:16:54.924  1902  1990 W PackageSettings: Couldn't write -1 to /config/sdcardfs/com.google.android.adbd/appid
10-10 12:16:54.924  1902  1990 W PackageSettings: Couldn't write -1 to /config/sdcardfs/com.google.android.conscrypt/appid
10-10 12:16:55.118  1902  2620 I SmartPower: com.android.chrome:sandboxed_process0:org.chromium.content.app.SandboxedProcessSerbackground->idle(10646ms) R(remove from whitelist) adj=200.
10-10 12:16:55.118  1902  2620 I SmartPower: com.android.chrome:sandboxed_process0:org.chromium.content.app.SandboxedProcessSerbackground->idle(10647ms) R(remove from whitelist) adj=960.
10-10 12:16:55.118  1902  2620 I SmartPower: com.android.chrome:sandboxed_process0:org.chromium.content.app.SandboxedProcessSerbackground->idle(10647ms) R(remove from whitelist) adj=950.
10-10 12:16:55.118  1902  2620 I SmartPower: com.android.chrome:sandboxed_process0:org.chromium.content.app.SandboxedProcessSerbackground->idle(10647ms) R(remove from whitelist) adj=940.
10-10 12:16:55.118  1902  2620 I SmartPower: com.android.chrome:sandboxed_process0:org.chromium.content.app.SandboxedProcessSerbackground->idle(10646ms) R(remove from whitelist) adj=930.
10-10 12:16:55.118  1902  2620 I SmartPower: com.android.chrome:sandboxed_process0:org.chromium.content.app.SandboxedProcessSerbackground->idle(10646ms) R(remove from whitelist) adj=920.
10-10 12:16:55.119  1902  2620 I SmartPower: com.android.chrome:sandboxed_process0:org.chromium.content.app.SandboxedProcessSerbackground->idle(10646ms) R(remove from whitelist) adj=910.
10-10 12:16:55.119  1902  2620 I SmartPower: com.android.chrome:sandboxed_process0:org.chromium.content.app.SandboxedProcessSerbackground->idle(10646ms) R(remove from whitelist) adj=900.
10-10 12:16:55.728  1902 10935 W MIUIInput: Input event injection from package: null action ACTION_DOWN
10-10 12:16:55.735  1902 10935 W MIUIInput: Input event injection from package: null action ACTION_UP
10-10 12:16:55.876  1902  1958 I ExtM    : zram userate is low, no need to flush: 28
10-10 12:16:56.112  1902  1985 D PermissionManager: writeLegacyPermissionState for user  in 70 ms.
10-10 12:16:56.569  1556  1556 I wificond: station_bandwidth: 
10-10 12:16:56.912  1902 22425 D CompatibilityChangeReporter: Compat change id reported: 265464455; UID 10190; state: DISABLED
10-10 12:16:56.913  1902 22425 D CompatibilityChangeReporter: Compat change id reported: 265452344; UID 10190; state: DISABLED
10-10 12:16:56.913  1902 22425 D CompatibilityChangeReporter: Compat change id reported: 266124927; UID 10190; state: DISABLED
10-10 12:16:56.914  1902 22425 D CompatibilityChangeReporter: Compat change id reported: 265451093; UID 10190; state: DISABLED
10-10 12:16:56.915  1902 22425 D CompatibilityChangeReporter: Compat change id reported: 265456536; UID 10190; state: DISABLED
10-10 12:16:56.915  1902 22425 D CompatibilityChangeReporter: Compat change id reported: 255940284; UID 10190; state: DISABLED
10-10 12:16:56.916  1902 22425 D CompatibilityChangeReporter: Compat change id reported: 236283604; UID 10190; state: DISABLED
10-10 12:16:56.916  1902 22425 D CompatibilityChangeReporter: Compat change id reported: 263959004; UID 10190; state: DISABLED
10-10 12:16:56.917  1902 22425 D CompatibilityChangeReporter: Compat change id reported: 264304459; UID 10190; state: DISABLED
10-10 12:16:56.918  1902 22425 D CompatibilityChangeReporter: Compat change id reported: 264301586; UID 10190; state: DISABLED
10-10 12:16:56.918  1902 22425 D CompatibilityChangeReporter: Compat change id reported: 254631730; UID 10190; state: DISABLED
10-10 12:16:56.918  1902 22425 D CompatibilityChangeReporter: Compat change id reported: 273509367; UID 10190; state: DISABLED
10-10 12:16:56.919  1902 22425 D CompatibilityChangeReporter: Compat change id reported: 263259275; UID 10190; state: DISABLED
10-10 12:16:56.919  1902 22425 D CompatibilityChangeReporter: Compat change id reported: 174042980; UID 10190; state: DISABLED
10-10 12:16:56.920  1902 22425 D CompatibilityChangeReporter: Compat change id reported: 174042936; UID 10190; state: DISABLED
10-10 12:16:56.920  1902 22425 D CompatibilityChangeReporter: Compat change id reported: 181136395; UID 10190; state: DISABLED
10-10 12:16:56.922  1902 22425 D CompatibilityChangeReporter: Compat change id reported: 194480991; UID 10190; state: ENABLED
10-10 12:16:56.923  1902 22425 I SmartPower: com.android.chrome:privileged_process0/10190(4940): idle->invisible(4807ms) R(become foreground) adj=700.
10-10 12:16:56.923  1902 22425 I SmartPower: com.android.chrome/10190(4464): idle->invisible(4807ms) R(become foreground) adj=700.
10-10 12:16:56.923  1902 22425 D WindowManager: Collecting in transition 1084: ActivityRecord{10a93e1 u0 com.android.chrome/com.google.android.apps.chrome.IntentDispatcher init visibleRequested:false
10-10 12:16:56.924  1902 22425 D MiuiFreeFormManagerService: activeOrFullscreenFreeformTaskIfNeed startDefaultAr:false
10-10 12:16:56.926  2983  3075 D OneHandedController: stopOneHanded state is 0
10-10 12:16:56.928  1902 22425 D WindowManager: setLockTaskAuth: task=Task{b95b506 #475 type=standard I=com.android.chrome/com.google.android.apps.chrome.IntentDispatcher} mLockTaskAuth=LOCK_TASK_AUTH_PINNABLE
10-10 12:16:56.928  1902 22425 D WindowManager: Collecting in transition 1084: Task{b95b506 #475 type=standard I=com.android.chrome/com.google.android.apps.chrome.IntentDispatcher} init visibleRequested:false
10-10 12:16:56.930  1902 22425 D CompatibilityChangeReporter: Compat change id reported: 184838306; UID 10190; state: DISABLED
10-10 12:16:56.931  1902 22425 D CompatibilityChangeReporter: Compat change id reported: 185004937; UID 10190; state: DISABLED
10-10 12:16:56.932  1902 22425 D WindowManager: setLockTaskAuth: task=Task{b95b506 #475 type=standard I=com.android.chrome/com.google.android.apps.chrome.IntentDispatcher} mLockTaskAuth=LOCK_TASK_AUTH_PINNABLE
10-10 12:16:56.933  1902 22425 D MiuiFreeFormManagerService: onStartActivityInner as = Task{b95b506 #475 type=standard I=com.android.chrome/com.google.android.apps.chrome.IntentDispatcher} op = null
10-10 12:16:56.935  1902 22425 D ActivityTaskManager: Task#startActivityLocked isOrhasTask=true newTask=true
10-10 12:16:56.935  1902 22425 D ActivityTaskManager: Not add starting window, the reason is: windowIsTranslucent = true  windowIsFloating = false  this = ActivityRecord{10a93e1 u0 com.android.chrome/com.google.android.apps.chrome.IntentDispatcher t475}
10-10 12:16:56.937  1902 22425 D CompatibilityChangeReporter: Compat change id reported: 205907456; UID 10190; state: ENABLED
10-10 12:16:56.941  1902 22425 D WindowManager: Collecting in transition 1084: ActivityRecord{10a93e1 u0 com.android.chrome/com.google.android.apps.chrome.IntentDispatcher t475} init visibleRequested:false
10-10 12:16:56.941  1902 22425 D WindowManager: Requesting StartTransition: TransitionRecord{cf4f1f4 id=1084 type=OPEN flags=0x0}
10-10 12:16:56.942  1902 22425 I ActivityTaskManager: START u0 {act=android.intent.action.VIEW dat=https://issuer.eudiw.dev/... flg=0x10000000 cmp=com.android.chrome/com.google.android.apps.chrome.IntentDispatcher} with LAUNCH_MULTIPLE from uid 10390 (BAL_ALLOW_VISIBLE_WINDOW) result code=0
10-10 12:16:56.944  2983  3075 I SoScUtils: monitorTransitionRequest mRequestOpenTransition:null mRequestOpenTriggerTask:-1 mRequestCloseTransition:null mRequestCloseTriggerTask:-1 mRequestCloseStageType:-1
10-10 12:16:56.944  1902 23265 D WindowManager: Set transition=TransitionRecord{cf4f1f4 id=1084 type=OPEN flags=0x0}, ready=false, SyncId=1084 used=true, override=false, defer=0, states=Display{#0 state=ON size=1080x2400 ROTATION_0}:false
10-10 12:16:56.945  1902  2772 D WindowManager: Collecting in transition 1084: ActivityRecord{10a93e1 u0 com.android.chrome/com.google.android.apps.chrome.IntentDispatcher t475} init visibleRequested:false
10-10 12:16:56.946  2983  3075 D OneHandedController: stopOneHanded state is 0
10-10 12:16:56.946  1902  2772 D WindowManager: Collecting in transition 1084: ActivityRecord{10a93e1 u0 com.android.chrome/com.google.android.apps.chrome.IntentDispatcher t475} init visibleRequested:true
10-10 12:16:56.947  1902  2772 D WindowManagerService: checkFlipFullScreenChange is same, nowIsFullScreen = false
10-10 12:16:56.948  1902  2772 W WindowManager: Changing focus from Window{81ce45b u0 eu.europa.ec.euidi/eu.europa.ec.assemblylogic.ui.MainActivity} to null displayId=0 Callers=com.android.server.wm.RootWindowContainer.updateFocusedWindowLocked:557 com.android.server.wm.WindowManagerService.updateFocusedWindowLocked:6962 com.android.server.wm.ActivityTaskManagerService.setLastResumedActivityUncheckLocked:5565 com.android.server.wm.ActivityTaskSupervisor.updateTopResumedActivityIfNeeded:2557 
10-10 12:16:56.948  1902  2772 D WindowManager: wms.Input focus has changed to null display=0 updateInputWindows = true
10-10 12:16:56.948  1902  2772 I MultiSenceManagerInternalStub: getInstance
10-10 12:16:56.950  1902  2772 D WindowManager: Collecting in transition 1084: ActivityRecord{10a93e1 u0 com.android.chrome/com.google.android.apps.chrome.IntentDispatcher t475} init visibleRequested:true
10-10 12:16:56.950  1902  2772 D WindowManager: Set transition=TransitionRecord{cf4f1f4 id=1084 type=OPEN flags=0x0}, ready=true, SyncId=1084 
10-10 12:16:56.951  2983  3075 D OneHandedController: stopOneHanded state is 0
10-10 12:16:56.954  1902  2772 D CompatibilityChangeReporter: Compat change id reported: 197654537; UID 10390; state: ENABLED
