10-09 13:27:21.088 23311 23311 D MiuiMultiWindowUtils: freeform resolution args raw data:{  "wide_default":{    "freeform_args": {        "vertical_portrait":{"aspect_ratio":0.626, "original_ratio":0.5643,"original_scale":0.74,"top_margin":0.168,"left_margin":0.484},        "horizontal_portrait":{"aspect_ratio":0.626, "original_ratio":0.5643,"original_scale":0.74,"top_margin":0.1222,"left_margin":0.59745},        "vertical_landscape":{"aspect_ratio":1.6, "original_ratio":1,"original_scale":0.604,"top_margin":0.2596,"left_margin":0.2624},        "horizontal_landscape":{"aspect_ratio":1.6, "original_ratio":1,"original_scale":0.604,"top_margin":0.213,"left_margin":0.3758}    },    "mini_freeform_args":{        "vertical_portrait":{"original_ratio":0.147},        "horizontal_portrait":{"original_ratio":0.147},        "vertical_landscape":{"original_ratio":0.165},        "horizontal_landscape":{"original_ratio":0.165}    }  },  "narrow_default": {    "freeform_args": {        "vertical_portrait":{"aspect_ratio":0.626, "original_ratio":1,"original_scale":0.74,"top_margin":0.0753,"left_margin":-1},        "horizontal_portrait":{"aspect_ratio":0.626, "original_ratio":1,"original_scale":0.5756,"top_margin":-1,"left_margin":0.0753},        "vertical_landscape":{"aspect_ratio":1.6, "original_ratio":0.6847,"original_scale":0.587,"top_margin":0.0753,"left_margin":-1},        "horizontal_landscape":{"aspect_ratio":1.6, "original_ratio":0.6847,"original_scale":0.587,"top_margin":-1,"left_margin":0.0753}    },    "mini_freeform_args":{        "vertical_portrait":{"original_ratio":0.26},        "horizontal_portrait":{"original_ratio":0.26},        "vertical_landscape":{"original_ratio":0.293},        "horizontal_landscape":{"original_ratio":0.293}    }  },  "regular_default": {    "freeform_args": {      "vertical_portrait":{"aspect_ratio":0.625, "original_ratio":1,"original_scale":0.7,"top_margin":0.109,"left_margin":-1},      "horizontal_portrait":{"aspect_ratio":0.6667, "original_ratio":1,"original_scale":0.6102,"top_margin":-1,"left_margin":0.026},      "vertical_landscape":{"aspect_ratio":1.6, "original_ratio":1,"original_scale":0.4244,"top_margin":0.109,"left_margin":-1},      "horizontal_landscape":{"aspect_ratio":1.6, "original_ratio":1,"original_scale":0.4244,"top_margin":-1,"left_margin":0.026}    },    "mini_freeform_args":{      "vertical_portrait":{"original_ratio":0.25},      "horizontal_portrait":{"original_ratio":0.25},      "vertical_landscape":{"original_ratio":0.25},      "horizontal_landscape":{"original_ratio":0.25}    }  },  "pad_default": {    "freeform_args": {      "vertical_portrait":{"aspect_ratio":0.5625, "original_ratio":0.375,"original_scale":0.835,"top_margin":0.049,"left_margin":0.2775},      "horizontal_portrait":{"aspect_ratio":0.5625, "original_ratio":0.375,"original_scale":0.835,"top_margin":-1,"left_margin":0.6525},      "vertical_landscape":{"aspect_ratio":-1, "original_ratio":1,"original_scale":0.468,"top_margin":0.049,"left_margin":-1},      "horizontal_landscape":{"aspect_ratio":-1, "original_ratio":1,"original_scale":0.468,"top_margin":-1,"left_margin":0.4976}    },    "mini_freeform_args":{      "vertical_portrait":{"original_ratio":0.144},      "horizontal_portrait":{"original_ratio":0.144},      "vertical_landscape":{"original_ratio":0.2},      "horizontal_landscape":{"original_ratio":0.2}    }  }}
10-09 13:27:21.088 23311 23311 D MiuiMultiWindowUtils: initFreeFormResolutionArgs failed, device is redwood
10-09 13:27:21.089  2042  4565 W PackageConfigPersister: App-specific configuration not found for packageName: eu.europa.ec.euidi and userId: 0
10-09 13:27:21.089  2042  4565 I InputMethodManagerService: IMMS.showSoftInput(), client = com.android.internal.inputmethod.IInputMethodClient$Stub$Proxy@cc0ac67
10-09 13:27:21.090  2042  4565 I InputMethodManagerService: IMMS.showCurrentInputLocked(), flags = 0
10-09 13:27:21.090  2042  4565 D SmartPower: com.google.android.inputmethod.latin/10176(6431): show input method
10-09 13:27:21.090  2042  4565 I SmartPower: com.google.android.inputmethod.latin/10176(6431): idle->visible(15590ms) R(show input method) adj=100.
10-09 13:27:21.090  2042  4565 I DefaultImeVisibilityApplier: IMMS.showCurrentInputLocked request ims to show inputMethod.
10-09 13:27:21.104  2042  4020 D AutofillSession: createPendingIntent for request 346
10-09 13:27:21.105  2042  4020 D ContentCapturePerUserService: Notified activity assist data for activity: Token{2ba7848 ActivityRecord{668965 u0 eu.europa.ec.euidi/eu.europa.ec.assemblylogic.ui.MainActivity t6466}} without a session Id
10-09 13:27:21.122  2042  4565 D ActivityManager: checkAllowBackground: uid=10163 pkg=com.google.android.gms rec=UidRecord{3efeecd u0a163 BTOP change:procadj procs:0 seq(618662,425084)} caps=LCMNFU always=false idle=false
10-09 13:27:21.129  2042  4565 D ActivityManager: checkAllowBackground: uid=10163 pkg=com.google.android.gms rec=UidRecord{3efeecd u0a163 BTOP change:procadj procs:0 seq(618666,425084)} caps=LCMNFU always=false idle=false
10-09 13:27:21.134  2042  4565 I InputMethodManagerService: IMMS.showSoftInput(), client = com.android.internal.inputmethod.IInputMethodClient$Stub$Proxy@60cc15f
10-09 13:27:21.134  2042  4565 I InputMethodManagerService: IMMS.showCurrentInputLocked(), flags = 0
10-09 13:27:21.134  2042  4565 D SmartPower: com.google.android.inputmethod.latin/10176(6431): show input method
10-09 13:27:21.134  2042  4565 I DefaultImeVisibilityApplier: IMMS.showCurrentInputLocked request ims to show inputMethod.
10-09 13:27:21.150  2042  4565 I InputMethodManagerService: IMMS.applyImeVisibility(), setVisible = true, mCurclient = ClientState{f4f9f95 mUid=10030 mPid=23311 mSelfReportedDisplayId=0}
10-09 13:27:21.150  2042  4565 I WindowManager: WMS.showImePostLayout(), imeTarget = Window{7020033 u0 eu.europa.ec.euidi/eu.europa.ec.assemblylogic.ui.MainActivity}
10-09 13:27:21.159  4304  4484 D MiuiFreeformModeController: avoidForInsetsBottomChangedIfNeed oldMoveableBottom: 2270 newMoveableBounds: 2270
10-09 13:27:21.162  2042  7043 D CoreBackPreview: Window{7020033 u0 eu.europa.ec.euidi/eu.europa.ec.assemblylogic.ui.MainActivity}: Setting back callback OnBackInvokedCallbackInfo{mCallback=android.window.IOnBackInvokedCallback$Stub$Proxy@b66147b, mPriority=0, mIsAnimationCallback=false}
10-09 13:27:21.169  4304  4484 D MiuiFreeformModeController: avoidForInsetsBottomChangedIfNeed oldMoveableBottom: 2270 newMoveableBounds: 2270
10-09 13:27:21.175  2042  7043 D WindowManager: wms.finishDrawingLocked: mDrawState=COMMIT_DRAW_PENDING Window{49d5fba u0 InputMethod} in Surface(name=InputMethod#5601)/@0x7888c75
10-09 13:27:21.176  2042  7043 I InputMethodManagerService: IMMS.applyImeVisibility(), setVisible = true, mCurclient = ClientState{f4f9f95 mUid=10030 mPid=23311 mSelfReportedDisplayId=0}
10-09 13:27:21.176  2042  2693 I ImeInsetsSourceProvider: ImeInsetsSourceProvider.scheduleShowImePostLayout() Run showImeRunner.
10-09 13:27:21.176  2042  2693 I ImeInsetsSourceProvider: ImeInsetsSourceProvider.scheduleShowImePostLayout() isReadyToShowIme.
10-09 13:27:21.178  2042  7043 I WindowManager: WMS.showImePostLayout(), imeTarget = Window{7020033 u0 eu.europa.ec.euidi/eu.europa.ec.assemblylogic.ui.MainActivity}
10-09 13:27:21.181  2042  2693 I ImeInsetsSourceProvider: ImeInsetsSourceProvider.scheduleShowImePostLayout() Run showImeRunner.
10-09 13:27:21.181  2042  2693 I ImeInsetsSourceProvider: ImeInsetsSourceProvider.scheduleShowImePostLayout() isReadyToShowIme.
10-09 13:27:21.185  2042  7043 I WindowManager: cancelAnimation removed leash : Surface(name=Surface(name=d968687 NavigationBar0#90)/@0x2f479dd - animation-leash of insets_animation#5597)/@0x10c91b4
10-09 13:27:21.185  4304  4484 D MiuiFreeformModeController: avoidForInsetsBottomChangedIfNeed oldMoveableBottom: 2270 newMoveableBounds: 2270
10-09 13:27:21.185  4304  4484 D ImePositionProcessor: onImeVisibilityChanged     isShowing:  true
10-09 13:27:21.186  2042  2693 I WindowManager: input method visible height changed 701
10-09 13:27:21.186  2042  3126 I ITouchFeature: current device and process support version:2
10-09 13:27:21.187  4304  4484 D MiuiFreeformModeController: onImeVisibilityChanged imeVisible: true imeHeight: 701 adjustedForRotation:false
10-09 13:27:21.187  4304  4484 D MiuiFreeformModeAvoidAlgorithm: begin autoOrderingAvoidMiniTask
10-09 13:27:21.187  2042  2693 I WindowManager: wms.showSurfaceRobustly mWin:Window{49d5fba u0 InputMethod}
10-09 13:27:21.187  4304  4484 D MiuiFreeformModeAvoidAlgorithm: getCurrMiniPos: SameSideMiniPosList: []
10-09 13:27:21.187  4304  4484 D MiuiFreeformModeAvoidAlgorithm: getCurrMiniPos: SameSideMiniPosList: []
10-09 13:27:21.187  4304  4484 D MiuiFreeformModeAvoidAlgorithm: end autoOrderingAvoidMiniTask res:AvoidResult{distance=0, combination={}, activeTaskPos=Rect(0, 0 - 0, 0)}
10-09 13:27:21.199  4304  4304 D ArtChoreographerMonitor: invoke error.
10-09 13:27:21.201  4304  4484 D OneHandedController: stopOneHanded state is 0
10-09 13:27:21.202  2042  7043 D ActivityManager: checkAllowBackground: uid=10163 pkg=com.google.android.gms rec=UidRecord{3efeecd u0a163 BTOP change:procadj procs:0 seq(618672,425084)} caps=LCMNFU always=false idle=false
10-09 13:27:21.206  4304  4484 D OneHandedController: stopOneHanded state is 0
10-09 13:27:21.211  2042  9046 D ActivityManager: checkAllowBackground: uid=10163 pkg=com.google.android.gms rec=UidRecord{3efeecd u0a163 BTOP change:procadj procs:0 seq(618676,425084)} caps=LCMNFU always=false idle=false
10-09 13:27:21.229  2042  6997 D ActivityManager: checkAllowBackground: uid=10163 pkg=com.google.android.gms rec=UidRecord{3efeecd u0a163 BTOP change:procadj procs:0 seq(618686,425084)} caps=LCMNFU always=false idle=false
10-09 13:27:21.243  2042  6997 D ActivityManager: checkAllowBackground: uid=10163 pkg=com.google.android.gms rec=UidRecord{3efeecd u0a163 BTOP change:procadj procs:0 seq(618690,425084)} caps=LCMNFU always=false idle=false
10-09 13:27:21.257  2042  6997 D ActivityManager: checkAllowBackground: uid=10163 pkg=com.google.android.gms rec=UidRecord{3efeecd u0a163 BTOP change:procadj procs:0 seq(618694,425084)} caps=LCMNFU always=false idle=false
10-09 13:27:21.269  2042  7043 D ActivityManager: checkAllowBackground: uid=10163 pkg=com.google.android.gms rec=UidRecord{3efeecd u0a163 BTOP change:procadj procs:0 seq(618698,425084)} caps=LCMNFU always=false idle=false
10-09 13:27:21.271  2042  7043 D ActivityManager: checkAllowBackground: uid=10163 pkg=com.google.android.gms rec=UidRecord{3efeecd u0a163 BTOP change:procadj procs:0 seq(618698,425084)} caps=LCMNFU always=false idle=false
10-09 13:27:21.369  4304  4304 D ArtChoreographerMonitor: invoke error.
10-09 13:27:21.550  2042  2042 D AutofillSession: Service did not request to wait for delayed fill response.
10-09 13:27:21.551  2042  7043 D ActivityManager: checkAllowBackground: uid=10163 pkg=com.google.android.gms rec=UidRecord{3efeecd u0a163 BTOP change:procadj procs:0 seq(618702,425084)} caps=LCMNFU always=false idle=false
10-09 13:27:21.585  2042  7043 W WindowManager: Requires INTERNAL_SYSTEM_WINDOW permission if assign type to input. New type will be 0.
10-09 13:27:21.590  2042  7043 W WindowManager: Cannot find window which accessibility connection is added to
10-09 13:27:21.623  2042  7043 D PerfShielderService: eu.europa.ec.euidi|eu.europa.ec.euidi/eu.europa.ec.assemblylogic.ui.MainActivity|298|34250470775735|136|2|6
10-09 13:27:21.624  6649  6663 W MiuiPerfServiceClient: interceptAndQueuing:23311|eu.europa.ec.euidi|298|136|34250470775735|Slow handle animation|6
10-09 13:27:21.917  2042  3524 I SmartPower: com.android.chrome:privileged_process0/10172(17266): background->idle(3006ms) R(become background) adj=700.
10-09 13:27:21.917  2042  3524 I SmartPower: com.android.chrome/10172(17153): background->idle(3006ms) R(become background) adj=700.
10-09 13:27:22.389  2042  6997 D WindowManagerService: checkFlipFullScreenChange is same, nowIsFullScreen = false
10-09 13:27:22.393  2042  6997 W PresentationStatsEventLogger: Shouldn't be logging AutofillPresentationEventReported again for same event
10-09 13:27:22.394  2042  6997 W FillRequestEventLogger: Couldn't find packageName: com.google.android.inputmethod.latin
10-09 13:27:22.404  2042  4020 D AutofillSession: createPendingIntent for request 347
10-09 13:27:22.405  2042  4020 D ContentCapturePerUserService: Notified activity assist data for activity: Token{2ba7848 ActivityRecord{668965 u0 eu.europa.ec.euidi/eu.europa.ec.assemblylogic.ui.MainActivity t6466}} without a session Id
10-09 13:27:22.426  2042  6997 I InputMethodManagerService: IMMS.showCurrentInputLocked(), flags = 1
10-09 13:27:22.426  2042  6997 D SmartPower: com.google.android.inputmethod.latin/10176(6431): show input method
10-09 13:27:22.427  2042  6997 I DefaultImeVisibilityApplier: IMMS.showCurrentInputLocked request ims to show inputMethod.
10-09 13:27:22.428  2042  7043 D ActivityManager: checkAllowBackground: uid=10163 pkg=com.google.android.gms rec=UidRecord{3efeecd u0a163 BTOP change:procadj procs:0 seq(618706,425084)} caps=LCMNFU always=false idle=false
10-09 13:27:22.430  2042  8104 W PackageConfigPersister: App-specific configuration not found for packageName: eu.europa.ec.euidi and userId: 0
10-09 13:27:22.442  2042  6997 D ActivityManager: checkAllowBackground: uid=10163 pkg=com.google.android.gms rec=UidRecord{3efeecd u0a163 BTOP change:procadj procs:0 seq(618710,425084)} caps=LCMNFU always=false idle=false
10-09 13:27:22.467  2042  6997 D ActivityManager: checkAllowBackground: uid=10163 pkg=com.google.android.gms rec=UidRecord{3efeecd u0a163 BTOP change:procadj procs:0 seq(618714,425084)} caps=LCMNFU always=false idle=false
10-09 13:27:22.476  2042  4020 I InputMethodManagerService: IMMS.showSoftInput(), client = com.android.internal.inputmethod.IInputMethodClient$Stub$Proxy@4eb6aca
10-09 13:27:22.476  2042  4020 I InputMethodManagerService: IMMS.showCurrentInputLocked(), flags = 0
10-09 13:27:22.476  2042  4020 D SmartPower: com.google.android.inputmethod.latin/10176(6431): show input method
10-09 13:27:22.476  2042  4020 I DefaultImeVisibilityApplier: IMMS.showCurrentInputLocked request ims to show inputMethod.
10-09 13:27:22.500  2042  4020 I InputMethodManagerService: IMMS.applyImeVisibility(), setVisible = true, mCurclient = ClientState{f4f9f95 mUid=10030 mPid=23311 mSelfReportedDisplayId=0}
10-09 13:27:22.500  2042  4020 I WindowManager: WMS.showImePostLayout(), imeTarget = Window{7020033 u0 eu.europa.ec.euidi/eu.europa.ec.assemblylogic.ui.MainActivity}
10-09 13:27:22.502  2042  2693 I ImeInsetsSourceProvider: ImeInsetsSourceProvider.scheduleShowImePostLayout() Run showImeRunner.
10-09 13:27:22.502  2042  2693 I ImeInsetsSourceProvider: ImeInsetsSourceProvider.scheduleShowImePostLayout() isReadyToShowIme.
10-09 13:27:22.508  2042  4020 D ActivityManager: checkAllowBackground: uid=10163 pkg=com.google.android.gms rec=UidRecord{3efeecd u0a163 BTOP change:procadj procs:0 seq(618718,425084)} caps=LCMNFU always=false idle=false
10-09 13:27:22.510  4304  4484 D OneHandedController: stopOneHanded state is 0
10-09 13:27:22.512  2042  4020 I InputMethodManagerService: IMMS.applyImeVisibility(), setVisible = true, mCurclient = ClientState{f4f9f95 mUid=10030 mPid=23311 mSelfReportedDisplayId=0}
10-09 13:27:22.512  2042  4020 I WindowManager: WMS.showImePostLayout(), imeTarget = Window{7020033 u0 eu.europa.ec.euidi/eu.europa.ec.assemblylogic.ui.MainActivity}
10-09 13:27:22.518  2042  2693 I ImeInsetsSourceProvider: ImeInsetsSourceProvider.scheduleShowImePostLayout() Run showImeRunner.
10-09 13:27:22.518  2042  2693 I ImeInsetsSourceProvider: ImeInsetsSourceProvider.scheduleShowImePostLayout() isReadyToShowIme.
10-09 13:27:22.527  2042  9046 D ActivityManager: checkAllowBackground: uid=10163 pkg=com.google.android.gms rec=UidRecord{3efeecd u0a163 BTOP change:procadj procs:0 seq(618722,425084)} caps=LCMNFU always=false idle=false
10-09 13:27:22.528  4304  4484 D OneHandedController: stopOneHanded state is 0
10-09 13:27:22.530  2042  8104 D ActivityManager: checkAllowBackground: uid=10163 pkg=com.google.android.gms rec=UidRecord{3efeecd u0a163 BTOP change:procadj procs:0 seq(618724,425084)} caps=LCMNFU always=false idle=false
10-09 13:27:22.545  2042  4020 D ActivityManager: checkAllowBackground: uid=10163 pkg=com.google.android.gms rec=UidRecord{3efeecd u0a163 BTOP change:procadj procs:0 seq(618730,425084)} caps=LCMNFU always=false idle=false
10-09 13:27:22.557  2042  9046 D ActivityManager: checkAllowBackground: uid=10163 pkg=com.google.android.gms rec=UidRecord{3efeecd u0a163 BTOP change:procadj procs:0 seq(618734,425084)} caps=LCMNFU always=false idle=false
10-09 13:27:22.574  2042  3123 D ActivityManager: checkAllowBackground: uid=1000 pkg=com.miui.powerkeeper rec=UidRecord{b77cac0 1000 PER  fgServices change:procadj procs:0 seq(618642,448524)} caps=LCMNFU always=false idle=false
10-09 13:27:22.575  2042  3123 W ProcessStats: Tracking association SourceState{8c235c4 com.miui.securitycenter.remote/1000 Fgs #98118} whose proc state 3 is better than process ProcessState{fde9e0a com.miui.powerkeeper/1000 pkg=com.miui.powerkeeper} proc state 4 (481 skipped)
10-09 13:27:22.577  2042  3123 D AlarmManager: mBroadcastRefCount -> 1
10-09 13:27:22.578  2042  3123 D AlarmManager: mBroadcastRefCount -> 2
10-09 13:27:22.579  2042  2042 D AlarmManager: mBroadcastRefCount -> 1
10-09 13:27:22.579  2042  2042 D AlarmManager: mPendingIntent -> PendingIntent{7ba0a5f: PendingIntentRecord{dd98cac com.miui.powerkeeper startService}}
10-09 13:27:22.580  2042  2042 D ActivityManager: checkAllowBackground: uid=1000 pkg=android rec=UidRecord{b77cac0 1000 PER  fgServices change:procadj procs:0 seq(618743,448524)} caps=LCMNFU always=false idle=false
10-09 13:27:22.581  2042  3110 D ActivityManager: checkAllowBackground: uid=10138 pkg=com.facebook.appmanager rec=UidRecord{462bf78 u0a138 CEM  idle change:procadj procs:0 seq(618610,315416)} caps=------ always=false idle=true
10-09 13:27:22.581  2042  2042 D AlarmManager: mBroadcastRefCount -> 0
10-09 13:27:22.581  2042  2042 D AlarmManager: mPendingIntent -> null
10-09 13:27:22.586  2042  3110 I SmartPower: com.facebook.appmanager/10138(27658): idle->background(48484ms) R(service create com.facebook.appmanager/com.facebook.analytics2.logger.LollipopUploadService) adj=0.
10-09 13:27:22.613  2042  9046 W WindowManager: Cannot find window which accessibility connection is added to
10-09 13:27:22.616  2042  9046 W WindowManager: Failed looking up window session=Session{a1506bf 20547:u0a10213} callers=com.android.server.wm.WindowManagerService.windowForClientLocked:6851 com.android.server.wm.WindowManagerService.removeWindow:2423 com.android.server.wm.Session.remove:248 
10-09 13:27:22.820  2042  2042 W FillResponseEventLogger: FillResponseEventLogger is not empty before starting for a new request
10-09 13:27:22.821  2042  2042 D AutofillSession: Service did not request to wait for delayed fill response.
10-09 13:27:22.822  2042  4020 D ActivityManager: checkAllowBackground: uid=10163 pkg=com.google.android.gms rec=UidRecord{3efeecd u0a163 BTOP change:procadj procs:0 seq(618738,425084)} caps=LCMNFU always=false idle=false
10-09 13:27:22.851  2042  3524 I SmartPower: com.android.chrome:sandboxed_process0:org.chromium.content.app.SandboxedProcessSerbackground->idle(9174ms) R(adj below visible) adj=700.
10-09 13:27:22.851  2042  3524 I SmartPower: com.google.android.adservices.api/10294(20677): background->idle(9174ms) R(adj below visible) adj=100.
10-09 13:27:22.948  2042  4020 D PerfShielderService: eu.europa.ec.euidi|eu.europa.ec.euidi/eu.europa.ec.assemblylogic.ui.MainActivity|92|34251747648234|46|2|3
10-09 13:27:22.948  6649  6663 W MiuiPerfServiceClient: interceptAndQueuing:23311|eu.europa.ec.euidi|92|46|34251747648234|Slow handle animation|3
10-09 13:27:23.182  2042  9046 D WindowManagerService: checkFlipFullScreenChange is same, nowIsFullScreen = false
10-09 13:27:23.185  2042  9046 W PresentationStatsEventLogger: Shouldn't be logging AutofillPresentationEventReported again for same event
10-09 13:27:23.186  2042  9046 W FillRequestEventLogger: Couldn't find packageName: com.google.android.inputmethod.latin
10-09 13:27:23.196  2042  9046 D AutofillSession: createPendingIntent for request 348
10-09 13:27:23.196  2042  9046 D ContentCapturePerUserService: Notified activity assist data for activity: Token{2ba7848 ActivityRecord{668965 u0 eu.europa.ec.euidi/eu.europa.ec.assemblylogic.ui.MainActivity t6466}} without a session Id
10-09 13:27:23.211  2042  6997 D ActivityManager: checkAllowBackground: uid=10163 pkg=com.google.android.gms rec=UidRecord{3efeecd u0a163 BTOP change:procadj procs:0 seq(618751,425084)} caps=LCMNFU always=false idle=false
10-09 13:27:23.215  4304  4304 D ArtChoreographerMonitor: invoke error.
10-09 13:27:23.217  2042  9046 I InputMethodManagerService: IMMS.showCurrentInputLocked(), flags = 1
10-09 13:27:23.218  2042  9046 D SmartPower: com.google.android.inputmethod.latin/10176(6431): show input method
10-09 13:27:23.218  2042  9046 I DefaultImeVisibilityApplier: IMMS.showCurrentInputLocked request ims to show inputMethod.
10-09 13:27:23.221  2042  6997 W PackageConfigPersister: App-specific configuration not found for packageName: eu.europa.ec.euidi and userId: 0
10-09 13:27:23.231  2042  8104 D ActivityManager: checkAllowBackground: uid=10163 pkg=com.google.android.gms rec=UidRecord{3efeecd u0a163 BTOP change:procadj procs:0 seq(618755,425084)} caps=LCMNFU always=false idle=false
10-09 13:27:23.243  2042  7043 I InputMethodManagerService: IMMS.showSoftInput(), client = com.android.internal.inputmethod.IInputMethodClient$Stub$Proxy@8667821
10-09 13:27:23.243  2042  7043 I InputMethodManagerService: IMMS.showCurrentInputLocked(), flags = 0
10-09 13:27:23.244  2042  7043 D SmartPower: com.google.android.inputmethod.latin/10176(6431): show input method
10-09 13:27:23.244  2042  7043 I DefaultImeVisibilityApplier: IMMS.showCurrentInputLocked request ims to show inputMethod.
10-09 13:27:23.270  2042  7043 I InputMethodManagerService: IMMS.applyImeVisibility(), setVisible = true, mCurclient = ClientState{f4f9f95 mUid=10030 mPid=23311 mSelfReportedDisplayId=0}
10-09 13:27:23.270  2042  6998 D ActivityManager: checkAllowBackground: uid=10163 pkg=com.google.android.gms rec=UidRecord{3efeecd u0a163 BTOP change:procadj procs:0 seq(618759,425084)} caps=LCMNFU always=false idle=false
10-09 13:27:23.272  2042  7043 I WindowManager: WMS.showImePostLayout(), imeTarget = Window{7020033 u0 eu.europa.ec.euidi/eu.europa.ec.assemblylogic.ui.MainActivity}
10-09 13:27:23.274  2042  2693 I ImeInsetsSourceProvider: ImeInsetsSourceProvider.scheduleShowImePostLayout() Run showImeRunner.
10-09 13:27:23.274  2042  2693 I ImeInsetsSourceProvider: ImeInsetsSourceProvider.scheduleShowImePostLayout() isReadyToShowIme.
10-09 13:27:23.282  2042  6997 I InputMethodManagerService: IMMS.applyImeVisibility(), setVisible = true, mCurclient = ClientState{f4f9f95 mUid=10030 mPid=23311 mSelfReportedDisplayId=0}
10-09 13:27:23.282  2042  6997 I WindowManager: WMS.showImePostLayout(), imeTarget = Window{7020033 u0 eu.europa.ec.euidi/eu.europa.ec.assemblylogic.ui.MainActivity}
10-09 13:27:23.284  2042  2693 I ImeInsetsSourceProvider: ImeInsetsSourceProvider.scheduleShowImePostLayout() Run showImeRunner.
10-09 13:27:23.284  2042  2693 I ImeInsetsSourceProvider: ImeInsetsSourceProvider.scheduleShowImePostLayout() isReadyToShowIme.
10-09 13:27:23.284  4304  4484 D OneHandedController: stopOneHanded state is 0
10-09 13:27:23.287  2042  6998 D ActivityManager: checkAllowBackground: uid=10163 pkg=com.google.android.gms rec=UidRecord{3efeecd u0a163 BTOP change:procadj procs:0 seq(618763,425084)} caps=LCMNFU always=false idle=false
10-09 13:27:23.292  4304  4484 D OneHandedController: stopOneHanded state is 0
10-09 13:27:23.296  2042  6998 D ActivityManager: checkAllowBackground: uid=10163 pkg=com.google.android.gms rec=UidRecord{3efeecd u0a163 BTOP change:procadj procs:0 seq(618767,425084)} caps=LCMNFU always=false idle=false
10-09 13:27:23.314  2042  6998 D ActivityManager: checkAllowBackground: uid=10163 pkg=com.google.android.gms rec=UidRecord{3efeecd u0a163 BTOP change:procadj procs:0 seq(618771,425084)} caps=LCMNFU always=false idle=false
10-09 13:27:23.335  2042  8104 D ActivityManager: checkAllowBackground: uid=10163 pkg=com.google.android.gms rec=UidRecord{3efeecd u0a163 BTOP change:procadj procs:0 seq(618775,425084)} caps=LCMNFU always=false idle=false
10-09 13:27:23.346  2042  8104 D ActivityManager: checkAllowBackground: uid=10163 pkg=com.google.android.gms rec=UidRecord{3efeecd u0a163 BTOP change:procadj procs:0 seq(618779,425084)} caps=LCMNFU always=false idle=false
10-09 13:27:23.391  4304  4304 D ArtChoreographerMonitor: invoke error.
10-09 13:27:23.618  2042  2042 W FillResponseEventLogger: FillResponseEventLogger is not empty before starting for a new request
10-09 13:27:23.618  2042  2042 D AutofillSession: Service did not request to wait for delayed fill response.
10-09 13:27:23.620  2042  8104 D ActivityManager: checkAllowBackground: uid=10163 pkg=com.google.android.gms rec=UidRecord{3efeecd u0a163 BTOP change:procadj procs:0 seq(618783,425084)} caps=LCMNFU always=false idle=false
10-09 13:27:23.668  2183  2183 I wificond: station_bandwidth: P
10-09 13:27:23.670  4304  4304 D ArtChoreographerMonitor: invoke error.
10-09 13:27:23.828  2042  2802 I ExtM    : zram userate is low, no need to flush: 36
10-09 13:27:23.840  4304  4304 D ArtChoreographerMonitor: invoke error.
10-09 13:27:23.879  2042  6998 D WindowManagerService: checkFlipFullScreenChange is same, nowIsFullScreen = false
10-09 13:27:23.882  2042  6998 W PresentationStatsEventLogger: Shouldn't be logging AutofillPresentationEventReported again for same event
10-09 13:27:23.882  2042  6998 W FillRequestEventLogger: Couldn't find packageName: com.google.android.inputmethod.latin
10-09 13:27:23.906  2042  6998 I InputMethodManagerService: IMMS.showCurrentInputLocked(), flags = 1
10-09 13:27:23.906  2042  6998 D SmartPower: com.google.android.inputmethod.latin/10176(6431): show input method
10-09 13:27:23.906  2042  6998 I DefaultImeVisibilityApplier: IMMS.showCurrentInputLocked request ims to show inputMethod.
10-09 13:27:23.909  2042  4020 W PackageConfigPersister: App-specific configuration not found for packageName: eu.europa.ec.euidi and userId: 0
10-09 13:27:23.923  2042  8104 D AutofillSession: createPendingIntent for request 349
10-09 13:27:23.924  2042  8104 D ContentCapturePerUserService: Notified activity assist data for activity: Token{2ba7848 ActivityRecord{668965 u0 eu.europa.ec.euidi/eu.europa.ec.assemblylogic.ui.MainActivity t6466}} without a session Id
10-09 13:27:23.942  2042  8104 D ActivityManager: checkAllowBackground: uid=10163 pkg=com.google.android.gms rec=UidRecord{3efeecd u0a163 BTOP change:procadj procs:0 seq(618787,425084)} caps=LCMNFU always=false idle=false
10-09 13:27:23.947  2042  6998 I InputMethodManagerService: IMMS.showSoftInput(), client = com.android.internal.inputmethod.IInputMethodClient$Stub$Proxy@e5c4393
10-09 13:27:23.947  2042  6998 I InputMethodManagerService: IMMS.showCurrentInputLocked(), flags = 0
10-09 13:27:23.948  2042  6998 D SmartPower: com.google.android.inputmethod.latin/10176(6431): show input method
10-09 13:27:23.948  2042  6998 I DefaultImeVisibilityApplier: IMMS.showCurrentInputLocked request ims to show inputMethod.
10-09 13:27:23.958  2042  8104 D ActivityManager: checkAllowBackground: uid=10163 pkg=com.google.android.gms rec=UidRecord{3efeecd u0a163 BTOP change:procadj procs:0 seq(618791,425084)} caps=LCMNFU always=false idle=false
10-09 13:27:23.997  2042  6998 I InputMethodManagerService: IMMS.applyImeVisibility(), setVisible = true, mCurclient = ClientState{f4f9f95 mUid=10030 mPid=23311 mSelfReportedDisplayId=0}
10-09 13:27:23.998  2042  6998 I WindowManager: WMS.showImePostLayout(), imeTarget = Window{7020033 u0 eu.europa.ec.euidi/eu.europa.ec.assemblylogic.ui.MainActivity}
10-09 13:27:24.003  2042  2693 I ImeInsetsSourceProvider: ImeInsetsSourceProvider.scheduleShowImePostLayout() Run showImeRunner.
10-09 13:27:24.003  2042  2693 I ImeInsetsSourceProvider: ImeInsetsSourceProvider.scheduleShowImePostLayout() isReadyToShowIme.
10-09 13:27:24.009  2042  4020 I InputMethodManagerService: IMMS.applyImeVisibility(), setVisible = true, mCurclient = ClientState{f4f9f95 mUid=10030 mPid=23311 mSelfReportedDisplayId=0}
10-09 13:27:24.010  2042  6998 D ActivityManager: checkAllowBackground: uid=10163 pkg=com.google.android.gms rec=UidRecord{3efeecd u0a163 BTOP change:procadj procs:0 seq(618795,425084)} caps=LCMNFU always=false idle=false
10-09 13:27:24.012  4304  4484 D OneHandedController: stopOneHanded state is 0
10-09 13:27:24.012  2042  4020 I WindowManager: WMS.showImePostLayout(), imeTarget = Window{7020033 u0 eu.europa.ec.euidi/eu.europa.ec.assemblylogic.ui.MainActivity}
10-09 13:27:24.016  2042  2693 I ImeInsetsSourceProvider: ImeInsetsSourceProvider.scheduleShowImePostLayout() Run showImeRunner.
10-09 13:27:24.016  2042  2693 I ImeInsetsSourceProvider: ImeInsetsSourceProvider.scheduleShowImePostLayout() isReadyToShowIme.
10-09 13:27:24.031  4304  4484 D OneHandedController: stopOneHanded state is 0
10-09 13:27:24.053  2042  6998 D ActivityManager: checkAllowBackground: uid=10163 pkg=com.google.android.gms rec=UidRecord{3efeecd u0a163 BTOP change:procadj procs:0 seq(618799,425084)} caps=LCMNFU always=false idle=false
10-09 13:27:24.069  2042  8104 D ActivityManager: checkAllowBackground: uid=10163 pkg=com.google.android.gms rec=UidRecord{3efeecd u0a163 BTOP change:procadj procs:0 seq(618803,425084)} caps=LCMNFU always=false idle=false
10-09 13:27:24.085  2042  3096 D ActivityManager: checkAllowBackground: uid=10163 pkg=com.google.android.gms rec=UidRecord{3efeecd u0a163 BTOP change:procadj procs:0 seq(618807,425084)} caps=LCMNFU always=false idle=false
10-09 13:27:24.097  2042  3096 D ActivityManager: checkAllowBackground: uid=10163 pkg=com.google.android.gms rec=UidRecord{3efeecd u0a163 BTOP change:procadj procs:0 seq(618811,425084)} caps=LCMNFU always=false idle=false
10-09 13:27:24.318   702 23127 I keystore2: system/security/keystore2/src/watchdog.rs:319 - Watchdog thread idle -> terminating. Have a great day.
10-09 13:27:24.375  2042  2042 W FillResponseEventLogger: FillResponseEventLogger is not empty before starting for a new request
10-09 13:27:24.375  2042  2042 D AutofillSession: Service did not request to wait for delayed fill response.
10-09 13:27:24.376  2042  3096 D ActivityManager: checkAllowBackground: uid=10163 pkg=com.google.android.gms rec=UidRecord{3efeecd u0a163 BTOP change:procadj procs:0 seq(618815,425084)} caps=LCMNFU always=false idle=false
10-09 13:27:24.435  2042  8104 D PerfShielderService: eu.europa.ec.euidi|eu.europa.ec.euidi/eu.europa.ec.assemblylogic.ui.MainActivity|96|34253238311619|39|2|3
10-09 13:27:24.435  6649  6663 W MiuiPerfServiceClient: interceptAndQueuing:23311|eu.europa.ec.euidi|96|39|34253238311619|Slow handle animation|3
10-09 13:27:24.605  2042  8104 D WindowManagerService: checkFlipFullScreenChange is same, nowIsFullScreen = false
10-09 13:27:24.608  2042  3096 W PresentationStatsEventLogger: Shouldn't be logging AutofillPresentationEventReported again for same event
10-09 13:27:24.608  2042  3096 W FillRequestEventLogger: Couldn't find packageName: com.google.android.inputmethod.latin
10-09 13:27:24.630  2042  3096 I InputMethodManagerService: IMMS.showCurrentInputLocked(), flags = 1
10-09 13:27:24.631  2042  3096 D SmartPower: com.google.android.inputmethod.latin/10176(6431): show input method
10-09 13:27:24.631  2042  3096 I DefaultImeVisibilityApplier: IMMS.showCurrentInputLocked request ims to show inputMethod.
10-09 13:27:24.634  2042  6998 W PackageConfigPersister: App-specific configuration not found for packageName: eu.europa.ec.euidi and userId: 0
10-09 13:27:24.643  2042  6998 D AutofillSession: createPendingIntent for request 350
10-09 13:27:24.643  2042  6998 D ContentCapturePerUserService: Notified activity assist data for activity: Token{2ba7848 ActivityRecord{668965 u0 eu.europa.ec.euidi/eu.europa.ec.assemblylogic.ui.MainActivity t6466}} without a session Id
10-09 13:27:24.656  2042  6998 D ActivityManager: checkAllowBackground: uid=10163 pkg=com.google.android.gms rec=UidRecord{3efeecd u0a163 BTOP change:procadj procs:0 seq(618819,425084)} caps=LCMNFU always=false idle=false
10-09 13:27:24.660  2042  8104 I InputMethodManagerService: IMMS.showSoftInput(), client = com.android.internal.inputmethod.IInputMethodClient$Stub$Proxy@35327e2
10-09 13:27:24.660  2042  8104 I InputMethodManagerService: IMMS.showCurrentInputLocked(), flags = 0
10-09 13:27:24.660  2042  8104 D SmartPower: com.google.android.inputmethod.latin/10176(6431): show input method
10-09 13:27:24.660  2042  8104 I DefaultImeVisibilityApplier: IMMS.showCurrentInputLocked request ims to show inputMethod.
10-09 13:27:24.687  2042  4565 I InputMethodManagerService: IMMS.applyImeVisibility(), setVisible = true, mCurclient = ClientState{f4f9f95 mUid=10030 mPid=23311 mSelfReportedDisplayId=0}
10-09 13:27:24.687  2042  4565 I WindowManager: WMS.showImePostLayout(), imeTarget = Window{7020033 u0 eu.europa.ec.euidi/eu.europa.ec.assemblylogic.ui.MainActivity}
10-09 13:27:24.690  2042  2693 I ImeInsetsSourceProvider: ImeInsetsSourceProvider.scheduleShowImePostLayout() Run showImeRunner.
10-09 13:27:24.690  2042  2693 I ImeInsetsSourceProvider: ImeInsetsSourceProvider.scheduleShowImePostLayout() isReadyToShowIme.
10-09 13:27:24.694  2042  6998 D ActivityManager: checkAllowBackground: uid=10163 pkg=com.google.android.gms rec=UidRecord{3efeecd u0a163 BTOP change:procadj procs:0 seq(618823,425084)} caps=LCMNFU always=false idle=false
10-09 13:27:24.697  2042  3096 D ActivityManager: checkAllowBackground: uid=10163 pkg=com.google.android.gms rec=UidRecord{3efeecd u0a163 BTOP change:procadj procs:0 seq(618825,425084)} caps=LCMNFU always=false idle=false
10-09 13:27:24.698  2042  4565 I InputMethodManagerService: IMMS.applyImeVisibility(), setVisible = true, mCurclient = ClientState{f4f9f95 mUid=10030 mPid=23311 mSelfReportedDisplayId=0}
10-09 13:27:24.698  2042  4565 I WindowManager: WMS.showImePostLayout(), imeTarget = Window{7020033 u0 eu.europa.ec.euidi/eu.europa.ec.assemblylogic.ui.MainActivity}
10-09 13:27:24.699  4304  4484 D OneHandedController: stopOneHanded state is 0
10-09 13:27:24.699  2042  2693 I ImeInsetsSourceProvider: ImeInsetsSourceProvider.scheduleShowImePostLayout() Run showImeRunner.
10-09 13:27:24.700  2042  2693 I ImeInsetsSourceProvider: ImeInsetsSourceProvider.scheduleShowImePostLayout() isReadyToShowIme.
10-09 13:27:24.705  4304  4484 D OneHandedController: stopOneHanded state is 0
10-09 13:27:24.736  2042  4565 D ActivityManager: checkAllowBackground: uid=10163 pkg=com.google.android.gms rec=UidRecord{3efeecd u0a163 BTOP change:procadj procs:0 seq(618831,425084)} caps=LCMNFU always=false idle=false
10-09 13:27:24.765  2042  4565 D ActivityManager: checkAllowBackground: uid=10163 pkg=com.google.android.gms rec=UidRecord{3efeecd u0a163 BTOP change:procadj procs:0 seq(618835,425084)} caps=LCMNFU always=false idle=false
10-09 13:27:24.779  2042  6998 D ActivityManager: checkAllowBackground: uid=10163 pkg=com.google.android.gms rec=UidRecord{3efeecd u0a163 BTOP change:procadj procs:0 seq(618839,425084)} caps=LCMNFU always=false idle=false
10-09 13:27:24.789  2042  4565 D ActivityManager: checkAllowBackground: uid=10163 pkg=com.google.android.gms rec=UidRecord{3efeecd u0a163 BTOP change:procadj procs:0 seq(618843,425084)} caps=LCMNFU always=false idle=false
10-09 13:27:24.918  2042  3524 I SmartPower: com.android.chrome:sandboxed_process0:org.chromium.content.app.SandboxedProcessSerbackground->idle(11241ms) R(remove from whitelist) adj=200.
10-09 13:27:24.918  2042  3524 I SmartPower: com.android.chrome:sandboxed_process0:org.chromium.content.app.SandboxedProcessSerbackground->idle(11241ms) R(remove from whitelist) adj=200.
10-09 13:27:24.918  2042  3524 I SmartPower: com.android.chrome:sandboxed_process0:org.chromium.content.app.SandboxedProcessSerbackground->idle(11241ms) R(remove from whitelist) adj=200.
10-09 13:27:24.918  2042  3524 I SmartPower: com.android.chrome:sandboxed_process0:org.chromium.content.app.SandboxedProcessSerbackground->idle(11241ms) R(remove from whitelist) adj=940.
10-09 13:27:24.918  2042  3524 I SmartPower: com.android.chrome:sandboxed_process0:org.chromium.content.app.SandboxedProcessSerbackground->idle(11241ms) R(remove from whitelist) adj=930.
10-09 13:27:24.918  2042  3524 I SmartPower: com.android.chrome:sandboxed_process0:org.chromium.content.app.SandboxedProcessSerbackground->idle(11241ms) R(remove from whitelist) adj=920.
10-09 13:27:24.918  2042  3524 I SmartPower: com.android.chrome:sandboxed_process0:org.chromium.content.app.SandboxedProcessSerbackground->idle(11241ms) R(remove from whitelist) adj=910.
10-09 13:27:24.918  2042  3524 I SmartPower: com.android.chrome:sandboxed_process0:org.chromium.content.app.SandboxedProcessSerbackground->idle(11241ms) R(remove from whitelist) adj=900.
10-09 13:27:25.070  2042  2042 W FillResponseEventLogger: FillResponseEventLogger is not empty before starting for a new request
10-09 13:27:25.070  2042  2042 D AutofillSession: Service did not request to wait for delayed fill response.
10-09 13:27:25.072  2042  4565 D ActivityManager: checkAllowBackground: uid=10163 pkg=com.google.android.gms rec=UidRecord{3efeecd u0a163 BTOP change:procadj procs:0 seq(618847,425084)} caps=LCMNFU always=false idle=false
10-09 13:27:25.096  2042  2929 D PermissionManager: writeLegacyPermissionState for user  in 4 ms.
10-09 13:27:25.298  2042  6998 D WindowManagerService: checkFlipFullScreenChange is same, nowIsFullScreen = false
10-09 13:27:25.300  2042  6998 W PresentationStatsEventLogger: Shouldn't be logging AutofillPresentationEventReported again for same event
10-09 13:27:25.300  2042  6998 W FillRequestEventLogger: Couldn't find packageName: com.google.android.inputmethod.latin
10-09 13:27:25.311  2042  4565 D AutofillSession: createPendingIntent for request 351
10-09 13:27:25.311  2042  4565 D ContentCapturePerUserService: Notified activity assist data for activity: Token{2ba7848 ActivityRecord{668965 u0 eu.europa.ec.euidi/eu.europa.ec.assemblylogic.ui.MainActivity t6466}} without a session Id
10-09 13:27:25.329  2042  3096 I InputMethodManagerService: IMMS.showCurrentInputLocked(), flags = 1
10-09 13:27:25.329  2042  3096 D SmartPower: com.google.android.inputmethod.latin/10176(6431): show input method
10-09 13:27:25.329  2042  3096 I DefaultImeVisibilityApplier: IMMS.showCurrentInputLocked request ims to show inputMethod.
10-09 13:27:25.333  2042  4020 W PackageConfigPersister: App-specific configuration not found for packageName: eu.europa.ec.euidi and userId: 0
10-09 13:27:25.338  2042  4020 D ActivityManager: checkAllowBackground: uid=10163 pkg=com.google.android.gms rec=UidRecord{3efeecd u0a163 FGS  change:procstateprocadj procs:0 seq(618853,425084)} caps=LCMNFU always=false idle=false
10-09 13:27:25.349  2042  4020 D ActivityManager: checkAllowBackground: uid=10163 pkg=com.google.android.gms rec=UidRecord{3efeecd u0a163 FGS  change:procadj procs:0 seq(618857,425084)} caps=LCMNFU always=false idle=false
10-09 13:27:25.363  2042  4565 I InputMethodManagerService: IMMS.showSoftInput(), client = com.android.internal.inputmethod.IInputMethodClient$Stub$Proxy@e14b363
10-09 13:27:25.363  2042  4565 I InputMethodManagerService: IMMS.showCurrentInputLocked(), flags = 0
10-09 13:27:25.363  2042  4565 D SmartPower: com.google.android.inputmethod.latin/10176(6431): show input method
10-09 13:27:25.363  2042  4565 I DefaultImeVisibilityApplier: IMMS.showCurrentInputLocked request ims to show inputMethod.
10-09 13:27:25.395  2042  4565 I InputMethodManagerService: IMMS.applyImeVisibility(), setVisible = true, mCurclient = ClientState{f4f9f95 mUid=10030 mPid=23311 mSelfReportedDisplayId=0}
10-09 13:27:25.395  2042  4565 I WindowManager: WMS.showImePostLayout(), imeTarget = Window{7020033 u0 eu.europa.ec.euidi/eu.europa.ec.assemblylogic.ui.MainActivity}
10-09 13:27:25.398  2042  2693 I ImeInsetsSourceProvider: ImeInsetsSourceProvider.scheduleShowImePostLayout() Run showImeRunner.
10-09 13:27:25.398  2042  2693 I ImeInsetsSourceProvider: ImeInsetsSourceProvider.scheduleShowImePostLayout() isReadyToShowIme.
10-09 13:27:25.401  2042  4020 D ActivityManager: checkAllowBackground: uid=10163 pkg=com.google.android.gms rec=UidRecord{3efeecd u0a163 FGS  change:procadj procs:0 seq(618861,425084)} caps=LCMNFU always=false idle=false
10-09 13:27:25.404  2042  8104 I InputMethodManagerService: IMMS.applyImeVisibility(), setVisible = true, mCurclient = ClientState{f4f9f95 mUid=10030 mPid=23311 mSelfReportedDisplayId=0}
10-09 13:27:25.404  2042  7043 D PerfShielderService: com.google.android.inputmethod.latin|InputMethod|91|34253266693911|91|0|1
10-09 13:27:25.405  2042  8104 I WindowManager: WMS.showImePostLayout(), imeTarget = Window{7020033 u0 eu.europa.ec.euidi/eu.europa.ec.assemblylogic.ui.MainActivity}
10-09 13:27:25.405  2042  6997 D ActivityManager: checkAllowBackground: uid=10163 pkg=com.google.android.gms rec=UidRecord{3efeecd u0a163 FGS  change:procadj procs:0 seq(618863,425084)} caps=LCMNFU always=false idle=false
10-09 13:27:25.405  2042  2693 I ImeInsetsSourceProvider: ImeInsetsSourceProvider.scheduleShowImePostLayout() Run showImeRunner.
10-09 13:27:25.405  2042  2693 I ImeInsetsSourceProvider: ImeInsetsSourceProvider.scheduleShowImePostLayout() isReadyToShowIme.
10-09 13:27:25.407  6649  6663 W MiuiPerfServiceClient: interceptAndQueuing:6431|com.google.android.inputmethod.latin|91|91|34253266693911|Slow main thread|1
10-09 13:27:25.409  4304  4484 D OneHandedController: stopOneHanded state is 0
10-09 13:27:25.411  4304  4484 D OneHandedController: stopOneHanded state is 0
10-09 13:27:25.413  2042  9046 D ActivityManager: checkAllowBackground: uid=10163 pkg=com.google.android.gms rec=UidRecord{3efeecd u0a163 FGS  change:procadj procs:0 seq(618869,425084)} caps=LCMNFU always=false idle=false
10-09 13:27:25.431  2042  6998 D ActivityManager: checkAllowBackground: uid=10163 pkg=com.google.android.gms rec=UidRecord{3efeecd u0a163 FGS  change:procadj procs:0 seq(618873,425084)} caps=LCMNFU always=false idle=false
10-09 13:27:25.450  2042  9046 D ActivityManager: checkAllowBackground: uid=10163 pkg=com.google.android.gms rec=UidRecord{3efeecd u0a163 FGS  change:procadj procs:0 seq(618877,425084)} caps=LCMNFU always=false idle=false
10-09 13:27:25.462  2042  9046 D ActivityManager: checkAllowBackground: uid=10163 pkg=com.google.android.gms rec=UidRecord{3efeecd u0a163 FGS  change:procadj procs:0 seq(618881,425084)} caps=LCMNFU always=false idle=false
10-09 13:27:25.586  2042  3524 I SmartPower: com.facebook.appmanager/10138(27658): background->idle(3000ms) R(service create com.facebook.appmanager/com.facebook.analytics2.logger.LollipopUploadService) adj=905.
10-09 13:27:25.736  2042  2042 W FillResponseEventLogger: FillResponseEventLogger is not empty before starting for a new request
10-09 13:27:25.736  2042  2042 D AutofillSession: Service did not request to wait for delayed fill response.
10-09 13:27:25.737  2042  9046 D ActivityManager: checkAllowBackground: uid=10163 pkg=com.google.android.gms rec=UidRecord{3efeecd u0a163 FGS  change:procadj procs:0 seq(618885,425084)} caps=LCMNFU always=false idle=false
10-09 13:27:26.035  2042  6998 D WindowManagerService: checkFlipFullScreenChange is same, nowIsFullScreen = false
10-09 13:27:26.192  2042  6998 W MIUIInput: Input event injection from package: null action ACTION_DOWN
10-09 13:27:26.200  2042  6998 W MIUIInput: Input event injection from package: null action ACTION_UP
10-09 13:27:26.210  2042  6998 W PresentationStatsEventLogger: Shouldn't be logging AutofillPresentationEventReported again for same event
10-09 13:27:26.220  2042  2802 I ExtM    : zram userate is low, no need to flush: 36
10-09 13:27:26.233  2042  6998 W PresentationStatsEventLogger: Couldn't find packageName: com.google.android.inputmethod.latin
10-09 13:27:26.252  2042  9046 W WindowManager: Requires INTERNAL_SYSTEM_WINDOW permission if assign type to input. New type will be 0.
10-09 13:27:26.263  2042  6998 W WindowManager: Cannot find window which accessibility connection is added to
10-09 13:27:26.296  2042  6998 I InputMethodManagerService: IMMS.showCurrentInputLocked(), flags = 1
10-09 13:27:26.296  2042  6998 D SmartPower: com.google.android.inputmethod.latin/10176(6431): show input method
10-09 13:27:26.296  2042  6998 I DefaultImeVisibilityApplier: IMMS.showCurrentInputLocked request ims to show inputMethod.
10-09 13:27:26.313  2042  9046 W PackageConfigPersister: App-specific configuration not found for packageName: eu.europa.ec.euidi and userId: 0
10-09 13:27:26.319  2042  9046 I InputMethodManagerService: IMMS.showSoftInput(), client = com.android.internal.inputmethod.IInputMethodClient$Stub$Proxy@6b447fa
10-09 13:27:26.319  2042  9046 I InputMethodManagerService: IMMS.showCurrentInputLocked(), flags = 0
10-09 13:27:26.319  2042  9046 D SmartPower: com.google.android.inputmethod.latin/10176(6431): show input method
10-09 13:27:26.320  2042  9046 I DefaultImeVisibilityApplier: IMMS.showCurrentInputLocked request ims to show inputMethod.
10-09 13:27:26.349  2042  9046 I InputMethodManagerService: IMMS.applyImeVisibility(), setVisible = true, mCurclient = ClientState{f4f9f95 mUid=10030 mPid=23311 mSelfReportedDisplayId=0}
10-09 13:27:26.349  2042  9046 I WindowManager: WMS.showImePostLayout(), imeTarget = Window{7020033 u0 eu.europa.ec.euidi/eu.europa.ec.assemblylogic.ui.MainActivity}
10-09 13:27:26.349  2042  6998 D ActivityManager: checkAllowBackground: uid=10163 pkg=com.google.android.gms rec=UidRecord{3efeecd u0a163 FGS  change:procadj procs:0 seq(618889,425084)} caps=LCMNFU always=false idle=false
10-09 13:27:26.352  2042  2693 I ImeInsetsSourceProvider: ImeInsetsSourceProvider.scheduleShowImePostLayout() Run showImeRunner.
10-09 13:27:26.352  2042  2693 I ImeInsetsSourceProvider: ImeInsetsSourceProvider.scheduleShowImePostLayout() isReadyToShowIme.
10-09 13:27:26.360  2042  9046 I InputMethodManagerService: IMMS.applyImeVisibility(), setVisible = true, mCurclient = ClientState{f4f9f95 mUid=10030 mPid=23311 mSelfReportedDisplayId=0}
10-09 13:27:26.360  2042  9046 I WindowManager: WMS.showImePostLayout(), imeTarget = Window{7020033 u0 eu.europa.ec.euidi/eu.europa.ec.assemblylogic.ui.MainActivity}
10-09 13:27:26.361  4304  4484 D OneHandedController: stopOneHanded state is 0
10-09 13:27:26.363  2042  2693 I ImeInsetsSourceProvider: ImeInsetsSourceProvider.scheduleShowImePostLayout() Run showImeRunner.
10-09 13:27:26.363  2042  2693 I ImeInsetsSourceProvider: ImeInsetsSourceProvider.scheduleShowImePostLayout() isReadyToShowIme.
10-09 13:27:26.369  4304  4484 D OneHandedController: stopOneHanded state is 0
10-09 13:27:26.678  2183  2183 I wificond: station_bandwidth: P
10-09 13:27:26.680  4304  4304 D ArtChoreographerMonitor: invoke error.
10-09 13:27:26.765  2042  8104 D PerfShielderService: eu.europa.ec.euidi|eu.europa.ec.euidi/eu.europa.ec.assemblylogic.ui.MainActivity|124|34255589079639|86|2|4
10-09 13:27:26.766  6649  6663 W MiuiPerfServiceClient: interceptAndQueuing:23311|eu.europa.ec.euidi|124|86|34255589079639|Slow handle animation|4
10-09 13:27:26.855  4304  4304 D ArtChoreographerMonitor: invoke error.
10-09 13:27:27.272  2042  8104 D WindowManagerService: checkFlipFullScreenChange is same, nowIsFullScreen = false
10-09 13:27:27.274  2042  8104 W PresentationStatsEventLogger: Shouldn't be logging AutofillPresentationEventReported again for same event
10-09 13:27:27.275  2042  8104 W FillRequestEventLogger: Couldn't find packageName: com.google.android.inputmethod.latin
10-09 13:27:27.298  2042  6998 I InputMethodManagerService: IMMS.showCurrentInputLocked(), flags = 1
10-09 13:27:27.298  2042  6998 D SmartPower: com.google.android.inputmethod.latin/10176(6431): show input method
10-09 13:27:27.298  2042  6998 I DefaultImeVisibilityApplier: IMMS.showCurrentInputLocked request ims to show inputMethod.
10-09 13:27:27.301  2042  9046 W PackageConfigPersister: App-specific configuration not found for packageName: eu.europa.ec.euidi and userId: 0
10-09 13:27:27.315  2042  9046 D AutofillSession: createPendingIntent for request 352
10-09 13:27:27.315  2042  9046 D ContentCapturePerUserService: Notified activity assist data for activity: Token{2ba7848 ActivityRecord{668965 u0 eu.europa.ec.euidi/eu.europa.ec.assemblylogic.ui.MainActivity t6466}} without a session Id
10-09 13:27:27.328  2042  6998 D ActivityManager: checkAllowBackground: uid=10163 pkg=com.google.android.gms rec=UidRecord{3efeecd u0a163 FGS  change:procadj procs:0 seq(618893,425084)} caps=LCMNFU always=false idle=false
10-09 13:27:27.330  2042  6998 I InputMethodManagerService: IMMS.showSoftInput(), client = com.android.internal.inputmethod.IInputMethodClient$Stub$Proxy@4c714b4
10-09 13:27:27.330  2042  6998 I InputMethodManagerService: IMMS.showCurrentInputLocked(), flags = 0
10-09 13:27:27.330  2042  6998 D SmartPower: com.google.android.inputmethod.latin/10176(6431): show input method
10-09 13:27:27.330  2042  6998 I DefaultImeVisibilityApplier: IMMS.showCurrentInputLocked request ims to show inputMethod.
10-09 13:27:27.335  2042  9046 D ActivityManager: checkAllowBackground: uid=10163 pkg=com.google.android.gms rec=UidRecord{3efeecd u0a163 FGS  change:procadj procs:0 seq(618897,425084)} caps=LCMNFU always=false idle=false
10-09 13:27:27.354  2042  4565 I InputMethodManagerService: IMMS.applyImeVisibility(), setVisible = true, mCurclient = ClientState{f4f9f95 mUid=10030 mPid=23311 mSelfReportedDisplayId=0}
