10-09 14:07:47.886  2042  7002 I WindowManager: WMS.showImePostLayout(), imeTarget = Window{36f76d6 u0 eu.europa.ec.euidi/eu.europa.ec.assemblylogic.ui.MainActivity}
10-09 14:07:47.890  2042  2693 I ImeInsetsSourceProvider: ImeInsetsSourceProvider.scheduleShowImePostLayout() Run showImeRunner.
10-09 14:07:47.890  2042  2693 I ImeInsetsSourceProvider: ImeInsetsSourceProvider.scheduleShowImePostLayout() isReadyToShowIme.
10-09 14:07:47.896  2042  7002 I InputMethodManagerService: IMMS.applyImeVisibility(), setVisible = true, mCurclient = ClientState{7b8fb5e mUid=10030 mPid=9191 mSelfReportedDisplayId=0}
10-09 14:07:47.896  2042  7002 I WindowManager: WMS.showImePostLayout(), imeTarget = Window{36f76d6 u0 eu.europa.ec.euidi/eu.europa.ec.assemblylogic.ui.MainActivity}
10-09 14:07:47.896  4304  4484 D OneHandedController: stopOneHanded state is 0
10-09 14:07:47.900  2042  2693 I ImeInsetsSourceProvider: ImeInsetsSourceProvider.scheduleShowImePostLayout() Run showImeRunner.
10-09 14:07:47.900  2042  2693 I ImeInsetsSourceProvider: ImeInsetsSourceProvider.scheduleShowImePostLayout() isReadyToShowIme.
10-09 14:07:47.905  2042  7002 D ActivityManager: checkAllowBackground: uid=10163 pkg=com.google.android.gms rec=UidRecord{3efeecd u0a163 FGS  change:procadj procs:0 seq(733036,425084)} caps=LCMNFU always=false idle=false
10-09 14:07:47.909  4304  4484 D OneHandedController: stopOneHanded state is 0
10-09 14:07:47.918  2042  7002 D ActivityManager: checkAllowBackground: uid=10163 pkg=com.google.android.gms rec=UidRecord{3efeecd u0a163 FGS  change:procadj procs:0 seq(733040,425084)} caps=LCMNFU always=false idle=false
10-09 14:07:47.964  2042  7002 D ActivityManager: checkAllowBackground: uid=10163 pkg=com.google.android.gms rec=UidRecord{3efeecd u0a163 FGS  change:procadj procs:0 seq(733044,425084)} caps=LCMNFU always=false idle=false
10-09 14:07:48.004  2042  6981 D ActivityManager: checkAllowBackground: uid=10163 pkg=com.google.android.gms rec=UidRecord{3efeecd u0a163 FGS  change:procadj procs:0 seq(733048,425084)} caps=LCMNFU always=false idle=false
10-09 14:07:48.024  2042  6981 D ActivityManager: checkAllowBackground: uid=10163 pkg=com.google.android.gms rec=UidRecord{3efeecd u0a163 FGS  change:procadj procs:0 seq(733052,425084)} caps=LCMNFU always=false idle=false
10-09 14:07:48.027  2042  7002 D ActivityManager: checkAllowBackground: uid=1000 pkg=android rec=UidRecord{b77cac0 1000 PER  fgServices change:procadj procs:0 seq(733024,448524)} caps=LCMNFU always=false idle=false
10-09 14:07:48.028  2042  2802 I ExtM    : zram userate is low, no need to flush: 41
10-09 14:07:48.028  2042  3110 D ActivityManager: checkAllowBackground: uid=1000 pkg=android rec=UidRecord{b77cac0 1000 PER  fgServices change:procadj procs:0 seq(733024,448524)} caps=LCMNFU always=false idle=false
10-09 14:07:48.041  2042  3908 D ActivityManager: checkAllowBackground: uid=10163 pkg=com.google.android.gms rec=UidRecord{3efeecd u0a163 FGS  change:procadj procs:0 seq(733056,425084)} caps=LCMNFU always=false idle=false
10-09 14:07:48.042  2042  6981 D ActivityManager: checkAllowBackground: uid=10266 pkg=com.microsoft.teams rec=UidRecord{fae2210 u0a266 CAC  bg:+9m3s155ms idle change:idle|procstate procs:0 seq(732951,451874)} caps=------ always=false idle=true
10-09 14:07:48.269  2042  2042 W FillResponseEventLogger: FillResponseEventLogger is not empty before starting for a new request
10-09 14:07:48.269  2042  2042 D AutofillSession: Service did not request to wait for delayed fill response.
10-09 14:07:48.271  2042  6981 D ActivityManager: checkAllowBackground: uid=10163 pkg=com.google.android.gms rec=UidRecord{3efeecd u0a163 FGS  change:procadj procs:0 seq(733067,425084)} caps=LCMNFU always=false idle=false
10-09 14:07:48.508  2042  6981 D WindowManagerService: checkFlipFullScreenChange is same, nowIsFullScreen = false
10-09 14:07:48.511  2042  6981 W PresentationStatsEventLogger: Shouldn't be logging AutofillPresentationEventReported again for same event
10-09 14:07:48.511  2042  6981 W FillRequestEventLogger: Couldn't find packageName: com.google.android.inputmethod.latin
10-09 14:07:48.522  2042  6981 D AutofillSession: createPendingIntent for request 619
10-09 14:07:48.522  2042  6981 D ContentCapturePerUserService: Notified activity assist data for activity: Token{e718033 ActivityRecord{8b9bf84 u0 eu.europa.ec.euidi/eu.europa.ec.assemblylogic.ui.MainActivity t6531}} without a session Id
10-09 14:07:48.540  2042  7002 D ActivityManager: checkAllowBackground: uid=10163 pkg=com.google.android.gms rec=UidRecord{3efeecd u0a163 FGS  change:procadj procs:0 seq(733071,425084)} caps=LCMNFU always=false idle=false
10-09 14:07:48.542  2042  6981 I InputMethodManagerService: IMMS.showCurrentInputLocked(), flags = 1
10-09 14:07:48.542  2042  6981 D SmartPower: com.google.android.inputmethod.latin/10176(6431): show input method
10-09 14:07:48.543  2042  6981 I DefaultImeVisibilityApplier: IMMS.showCurrentInputLocked request ims to show inputMethod.
10-09 14:07:48.548  2042  8301 W PackageConfigPersister: App-specific configuration not found for packageName: eu.europa.ec.euidi and userId: 0
10-09 14:07:48.560  2042  4020 D ActivityManager: checkAllowBackground: uid=10163 pkg=com.google.android.gms rec=UidRecord{3efeecd u0a163 FGS  change:procadj procs:0 seq(733075,425084)} caps=LCMNFU always=false idle=false
10-09 14:07:48.572  2042  4020 I InputMethodManagerService: IMMS.showSoftInput(), client = com.android.internal.inputmethod.IInputMethodClient$Stub$Proxy@f8c4c86
10-09 14:07:48.572  2042  4020 I InputMethodManagerService: IMMS.showCurrentInputLocked(), flags = 0
10-09 14:07:48.572  2042  4020 D SmartPower: com.google.android.inputmethod.latin/10176(6431): show input method
10-09 14:07:48.573  2042  4020 I DefaultImeVisibilityApplier: IMMS.showCurrentInputLocked request ims to show inputMethod.
10-09 14:07:48.600  2042  8301 I InputMethodManagerService: IMMS.applyImeVisibility(), setVisible = true, mCurclient = ClientState{7b8fb5e mUid=10030 mPid=9191 mSelfReportedDisplayId=0}
10-09 14:07:48.601  2042  8301 I WindowManager: WMS.showImePostLayout(), imeTarget = Window{36f76d6 u0 eu.europa.ec.euidi/eu.europa.ec.assemblylogic.ui.MainActivity}
10-09 14:07:48.604  2042  2693 I ImeInsetsSourceProvider: ImeInsetsSourceProvider.scheduleShowImePostLayout() Run showImeRunner.
10-09 14:07:48.604  2042  2693 I ImeInsetsSourceProvider: ImeInsetsSourceProvider.scheduleShowImePostLayout() isReadyToShowIme.
10-09 14:07:48.610  2042  4020 D ActivityManager: checkAllowBackground: uid=10163 pkg=com.google.android.gms rec=UidRecord{3efeecd u0a163 FGS  change:procadj procs:0 seq(733079,425084)} caps=LCMNFU always=false idle=false
10-09 14:07:48.614  4304  4484 D OneHandedController: stopOneHanded state is 0
10-09 14:07:48.616  2042  6999 I InputMethodManagerService: IMMS.applyImeVisibility(), setVisible = true, mCurclient = ClientState{7b8fb5e mUid=10030 mPid=9191 mSelfReportedDisplayId=0}
10-09 14:07:48.617  2042  6999 I WindowManager: WMS.showImePostLayout(), imeTarget = Window{36f76d6 u0 eu.europa.ec.euidi/eu.europa.ec.assemblylogic.ui.MainActivity}
10-09 14:07:48.622  2042  2693 I ImeInsetsSourceProvider: ImeInsetsSourceProvider.scheduleShowImePostLayout() Run showImeRunner.
10-09 14:07:48.622  2042  2693 I ImeInsetsSourceProvider: ImeInsetsSourceProvider.scheduleShowImePostLayout() isReadyToShowIme.
10-09 14:07:48.629  4304  4484 D OneHandedController: stopOneHanded state is 0
10-09 14:07:48.633  2042  4020 D ActivityManager: checkAllowBackground: uid=10163 pkg=com.google.android.gms rec=UidRecord{3efeecd u0a163 FGS  change:procadj procs:0 seq(733083,425084)} caps=LCMNFU always=false idle=false
10-09 14:07:48.647  2042  4781 D ActivityManager: checkAllowBackground: uid=10163 pkg=com.google.android.gms rec=UidRecord{3efeecd u0a163 FGS  change:procadj procs:0 seq(733087,425084)} caps=LCMNFU always=false idle=false
10-09 14:07:48.675  2042  4781 D ActivityManager: checkAllowBackground: uid=10163 pkg=com.google.android.gms rec=UidRecord{3efeecd u0a163 FGS  change:procadj procs:0 seq(733091,425084)} caps=LCMNFU always=false idle=false
10-09 14:07:48.707  2042  4781 D ActivityManager: checkAllowBackground: uid=10163 pkg=com.google.android.gms rec=UidRecord{3efeecd u0a163 FGS  change:procadj procs:0 seq(733097,425084)} caps=LCMNFU always=false idle=false
10-09 14:07:48.724  2042  4781 D ActivityManager: checkAllowBackground: uid=10163 pkg=com.google.android.gms rec=UidRecord{3efeecd u0a163 FGS  change:procadj procs:0 seq(733101,425084)} caps=LCMNFU always=false idle=false
10-09 14:07:48.980  2042  2042 W FillResponseEventLogger: FillResponseEventLogger is not empty before starting for a new request
10-09 14:07:48.980  2042  2042 D AutofillSession: Service did not request to wait for delayed fill response.
10-09 14:07:48.981  2042  4781 D ActivityManager: checkAllowBackground: uid=10163 pkg=com.google.android.gms rec=UidRecord{3efeecd u0a163 FGS  change:procadj procs:0 seq(733105,425084)} caps=LCMNFU always=false idle=false
10-09 14:07:49.062  2042  4020 D PerfShielderService: eu.europa.ec.euidi|eu.europa.ec.euidi/eu.europa.ec.assemblylogic.ui.MainActivity|70|36677848143350|36|2|3
10-09 14:07:49.062  6649  7642 W MiuiPerfServiceClient: interceptAndQueuing:9191|eu.europa.ec.euidi|70|36|36677848143350|Slow handle animation|3
10-09 14:07:49.214  2042  4020 D WindowManagerService: checkFlipFullScreenChange is same, nowIsFullScreen = false
10-09 14:07:49.217  2042  4020 W PresentationStatsEventLogger: Shouldn't be logging AutofillPresentationEventReported again for same event
10-09 14:07:49.217  2042  4020 E AutofillSession: Not starting a new partition on 1073741824:91@11141639 because session 11141639 reached maximum of 10
10-09 14:07:49.240  2042  4020 I InputMethodManagerService: IMMS.showCurrentInputLocked(), flags = 1
10-09 14:07:49.240  2042  4020 D SmartPower: com.google.android.inputmethod.latin/10176(6431): show input method
10-09 14:07:49.240  2042  4020 I DefaultImeVisibilityApplier: IMMS.showCurrentInputLocked request ims to show inputMethod.
10-09 14:07:49.244  2042  7002 W PackageConfigPersister: App-specific configuration not found for packageName: eu.europa.ec.euidi and userId: 0
10-09 14:07:49.264  2042  6999 I InputMethodManagerService: IMMS.showSoftInput(), client = com.android.internal.inputmethod.IInputMethodClient$Stub$Proxy@df19055
10-09 14:07:49.264  2042  6999 I InputMethodManagerService: IMMS.showCurrentInputLocked(), flags = 0
10-09 14:07:49.264  2042  6999 D SmartPower: com.google.android.inputmethod.latin/10176(6431): show input method
10-09 14:07:49.265  2042  6999 I DefaultImeVisibilityApplier: IMMS.showCurrentInputLocked request ims to show inputMethod.
10-09 14:07:49.295  2042  6999 I InputMethodManagerService: IMMS.applyImeVisibility(), setVisible = true, mCurclient = ClientState{7b8fb5e mUid=10030 mPid=9191 mSelfReportedDisplayId=0}
10-09 14:07:49.295  2042  6999 I WindowManager: WMS.showImePostLayout(), imeTarget = Window{36f76d6 u0 eu.europa.ec.euidi/eu.europa.ec.assemblylogic.ui.MainActivity}
10-09 14:07:49.295  2042  4781 D ActivityManager: checkAllowBackground: uid=10163 pkg=com.google.android.gms rec=UidRecord{3efeecd u0a163 FGS  change:procadj procs:0 seq(733109,425084)} caps=LCMNFU always=false idle=false
10-09 14:07:49.296  2042  2693 I ImeInsetsSourceProvider: ImeInsetsSourceProvider.scheduleShowImePostLayout() Run showImeRunner.
10-09 14:07:49.296  2042  2693 I ImeInsetsSourceProvider: ImeInsetsSourceProvider.scheduleShowImePostLayout() isReadyToShowIme.
10-09 14:07:49.300  4304  4484 D OneHandedController: stopOneHanded state is 0
10-09 14:07:49.305  2042  6999 D ActivityManager: checkAllowBackground: uid=10163 pkg=com.google.android.gms rec=UidRecord{3efeecd u0a163 FGS  change:procadj procs:0 seq(733113,425084)} caps=LCMNFU always=false idle=false
10-09 14:07:49.310  2042  6879 I InputMethodManagerService: IMMS.applyImeVisibility(), setVisible = true, mCurclient = ClientState{7b8fb5e mUid=10030 mPid=9191 mSelfReportedDisplayId=0}
10-09 14:07:49.310  2042  6879 I WindowManager: WMS.showImePostLayout(), imeTarget = Window{36f76d6 u0 eu.europa.ec.euidi/eu.europa.ec.assemblylogic.ui.MainActivity}
10-09 14:07:49.312  2042  2693 I ImeInsetsSourceProvider: ImeInsetsSourceProvider.scheduleShowImePostLayout() Run showImeRunner.
10-09 14:07:49.312  2042  2693 I ImeInsetsSourceProvider: ImeInsetsSourceProvider.scheduleShowImePostLayout() isReadyToShowIme.
10-09 14:07:49.317  4304  4484 D OneHandedController: stopOneHanded state is 0
10-09 14:07:49.674  2183  2183 I wificond: station_bandwidth: P
10-09 14:07:49.906  2042  6879 D WindowManagerService: checkFlipFullScreenChange is same, nowIsFullScreen = false
10-09 14:07:50.042  2042  6999 W MIUIInput: Input event injection from package: null action ACTION_DOWN
10-09 14:07:50.047  2042  6999 W MIUIInput: Input event injection from package: null action ACTION_UP
10-09 14:07:50.223  2042  6879 I InputMethodManagerService: IMMS.applyImeVisibility(), setVisible = false, mCurclient = ClientState{7b8fb5e mUid=10030 mPid=9191 mSelfReportedDisplayId=0}
10-09 14:07:50.225  4304  4304 D ArtChoreographerMonitor: invoke error.
10-09 14:07:50.226  4304  4484 D MiuiFreeformModeController: avoidForInsetsBottomChangedIfNeed oldMoveableBottom: 2270 newMoveableBounds: 2270
10-09 14:07:50.226  4304  4484 D ImePositionProcessor: onImeVisibilityChanged     isShowing:  false
10-09 14:07:50.236  2042  2693 I WindowManager: input method visible height changed 0
10-09 14:07:50.237  2042  3126 I ITouchFeature: current device and process support version:2
10-09 14:07:50.241  2042  4020 W PackageConfigPersister: App-specific configuration not found for packageName: eu.europa.ec.euidi and userId: 0
10-09 14:07:50.244  4304  4484 D MiuiFreeformModeController: onImeVisibilityChanged imeVisible: false imeHeight: 0 adjustedForRotation:false
10-09 14:07:50.244  4304  4484 D MiuiFreeformModeAvoidAlgorithm: begin autoOrderingAvoidMiniTask
10-09 14:07:50.245  4304  4484 D MiuiFreeformModeAvoidAlgorithm: getCurrMiniPos: SameSideMiniPosList: []
10-09 14:07:50.245  4304  4484 D MiuiFreeformModeAvoidAlgorithm: getCurrMiniPos: SameSideMiniPosList: []
10-09 14:07:50.245  4304  4484 D MiuiFreeformModeAvoidAlgorithm: end autoOrderingAvoidMiniTask res:AvoidResult{distance=0, combination={}, activeTaskPos=Rect(0, 0 - 0, 0)}
10-09 14:07:50.254  2042  4781 D CoreBackPreview: Window{36f76d6 u0 eu.europa.ec.euidi/eu.europa.ec.assemblylogic.ui.MainActivity}: Setting back callback OnBackInvokedCallbackInfo{mCallback=android.window.IOnBackInvokedCallback$Stub$Proxy@ec9c3a4, mPriority=0, mIsAnimationCallback=false}
10-09 14:07:50.399  4304  4304 D ArtChoreographerMonitor: invoke error.
10-09 14:07:50.749  2042  4781 I SmartPower: com.google.android.inputmethod.latin/10176(6431): visible->invisible(10525ms) R(become invisible) adj=100.
10-09 14:07:50.749  2042  4781 I SmartPower: com.google.android.inputmethod.latin/10176(6431): invisible->background(1ms) R(become background) adj=100.
10-09 14:07:50.753  4304  4484 D MiuiFreeformModeController: avoidForInsetsBottomChangedIfNeed oldMoveableBottom: 2270 newMoveableBounds: 2270
10-09 14:07:50.758  4304  4484 D MiuiFreeformModeController: avoidForInsetsBottomChangedIfNeed oldMoveableBottom: 2270 newMoveableBounds: 2270
10-09 14:07:50.910  2042  4781 W MIUIInput: Input event injection from package: null action ACTION_DOWN
10-09 14:07:50.915  2042  4781 W MIUIInput: Input event injection from package: null action ACTION_UP
10-09 14:07:50.920  2042  6999 D PerfShielderService: eu.europa.ec.euidi|eu.europa.ec.euidi/eu.europa.ec.assemblylogic.ui.MainActivity|91|36679505802308|40|2|4
10-09 14:07:50.920  6649  7642 W MiuiPerfServiceClient: interceptAndQueuing:9191|eu.europa.ec.euidi|91|40|36679505802308|Slow handle animation|4
10-09 14:07:50.941  2042  6879 D CompatibilityChangeReporter: Compat change id reported: 161145287; UID 10030; state: ENABLED
10-09 14:07:51.593  2042  4020 D PerfShielderService: eu.europa.ec.euidi|eu.europa.ec.euidi/eu.europa.ec.assemblylogic.ui.MainActivity|93|36680284673558|43|5|4
10-09 14:07:51.593  6649  7642 W MiuiPerfServiceClient: interceptAndQueuing:9191|eu.europa.ec.euidi|93|43|36680284673558|Slow issue draw commands|4
10-09 14:07:52.213  2042  6879 W MIUIInput: Input event injection from package: null action ACTION_DOWN
10-09 14:07:52.218  2042  6879 W MIUIInput: Input event injection from package: null action ACTION_UP
10-09 14:07:52.681  2183  2183 I wificond: station_bandwidth: P
10-09 14:07:52.683  4304  4304 D ArtChoreographerMonitor: invoke error.
10-09 14:07:52.852  4304  4304 D ArtChoreographerMonitor: invoke error.
10-09 14:07:53.140  2042  4020 D CompatibilityChangeReporter: Compat change id reported: 265464455; UID 10172; state: DISABLED
10-09 14:07:53.141  2042  4020 D CompatibilityChangeReporter: Compat change id reported: 265452344; UID 10172; state: DISABLED
10-09 14:07:53.141  2042  4020 D CompatibilityChangeReporter: Compat change id reported: 266124927; UID 10172; state: DISABLED
10-09 14:07:53.141  2042  4020 D CompatibilityChangeReporter: Compat change id reported: 265451093; UID 10172; state: DISABLED
10-09 14:07:53.141  2042  4020 D CompatibilityChangeReporter: Compat change id reported: 265456536; UID 10172; state: DISABLED
10-09 14:07:53.141  2042  4020 D CompatibilityChangeReporter: Compat change id reported: 255940284; UID 10172; state: DISABLED
10-09 14:07:53.141  2042  4020 D CompatibilityChangeReporter: Compat change id reported: 236283604; UID 10172; state: DISABLED
10-09 14:07:53.141  2042  4020 D CompatibilityChangeReporter: Compat change id reported: 263959004; UID 10172; state: DISABLED
10-09 14:07:53.141  2042  4020 D CompatibilityChangeReporter: Compat change id reported: 264304459; UID 10172; state: DISABLED
10-09 14:07:53.141  2042  4020 D CompatibilityChangeReporter: Compat change id reported: 264301586; UID 10172; state: DISABLED
10-09 14:07:53.141  2042  4020 D CompatibilityChangeReporter: Compat change id reported: 254631730; UID 10172; state: DISABLED
10-09 14:07:53.141  2042  4020 D CompatibilityChangeReporter: Compat change id reported: 273509367; UID 10172; state: DISABLED
10-09 14:07:53.141  2042  4020 D CompatibilityChangeReporter: Compat change id reported: 263259275; UID 10172; state: DISABLED
10-09 14:07:53.142  2042  4020 D CompatibilityChangeReporter: Compat change id reported: 174042980; UID 10172; state: DISABLED
10-09 14:07:53.142  2042  4020 D CompatibilityChangeReporter: Compat change id reported: 174042936; UID 10172; state: DISABLED
10-09 14:07:53.143  2042  4020 D CompatibilityChangeReporter: Compat change id reported: 181136395; UID 10172; state: DISABLED
10-09 14:07:53.144  2042  4020 D CompatibilityChangeReporter: Compat change id reported: 194480991; UID 10172; state: ENABLED
10-09 14:07:53.144  2042  4020 I SmartPower: com.android.chrome:privileged_process0/10172(3249): idle->invisible(12131ms) R(become foreground) adj=700.
10-09 14:07:53.145  2042  4020 I SmartPower: com.android.chrome/10172(2944): idle->invisible(12131ms) R(become foreground) adj=700.
10-09 14:07:53.145  2042  4020 D WindowManager: Collecting in transition 403: ActivityRecord{1ec85e6 u0 com.android.chrome/com.google.android.apps.chrome.IntentDispatcher init visibleRequested:false
10-09 14:07:53.145  2042  4020 D MiuiFreeFormManagerService: activeOrFullscreenFreeformTaskIfNeed startDefaultAr:false
10-09 14:07:53.146  4304  4484 D OneHandedController: stopOneHanded state is 0
10-09 14:07:53.149  2042  4020 D WindowManager: setLockTaskAuth: task=Task{df75dd4 #6532 type=standard I=com.android.chrome/com.google.android.apps.chrome.IntentDispatcher} mLockTaskAuth=LOCK_TASK_AUTH_PINNABLE
10-09 14:07:53.149  2042  4020 D WindowManager: Collecting in transition 403: Task{df75dd4 #6532 type=standard I=com.android.chrome/com.google.android.apps.chrome.IntentDispatcher} init visibleRequested:false
10-09 14:07:53.150  2042  4020 D CompatibilityChangeReporter: Compat change id reported: 184838306; UID 10172; state: DISABLED
10-09 14:07:53.150  2042  4020 D CompatibilityChangeReporter: Compat change id reported: 185004937; UID 10172; state: DISABLED
10-09 14:07:53.152  2042  4020 D WindowManager: setLockTaskAuth: task=Task{df75dd4 #6532 type=standard I=com.android.chrome/com.google.android.apps.chrome.IntentDispatcher} mLockTaskAuth=LOCK_TASK_AUTH_PINNABLE
10-09 14:07:53.153  2042  4020 D MiuiFreeFormManagerService: onStartActivityInner as = Task{df75dd4 #6532 type=standard I=com.android.chrome/com.google.android.apps.chrome.IntentDispatcher} op = null
10-09 14:07:53.153  2042  4020 D ActivityTaskManager: Task#startActivityLocked isOrhasTask=true newTask=true
10-09 14:07:53.153  2042  4020 D ActivityTaskManager: Not add starting window, the reason is: windowIsTranslucent = true  windowIsFloating = false  this = ActivityRecord{1ec85e6 u0 com.android.chrome/com.google.android.apps.chrome.IntentDispatcher t6532}
10-09 14:07:53.154  2042  4020 D CompatibilityChangeReporter: Compat change id reported: 205907456; UID 10172; state: ENABLED
10-09 14:07:53.157  2042  4020 D WindowManager: Collecting in transition 403: ActivityRecord{1ec85e6 u0 com.android.chrome/com.google.android.apps.chrome.IntentDispatcher t6532} init visibleRequested:false
10-09 14:07:53.157  2042  4020 D WindowManager: Requesting StartTransition: TransitionRecord{552ec3 id=403 type=OPEN flags=0x0}
10-09 14:07:53.158  2042  4020 I ActivityTaskManager: START u0 {act=android.intent.action.VIEW dat=https://issuer.eudiw.dev/... flg=0x10000000 cmp=com.android.chrome/com.google.android.apps.chrome.IntentDispatcher} with LAUNCH_MULTIPLE from uid 10030 from pid 9191 callingPackage eu.europa.ec.euidi (BAL_ALLOW_VISIBLE_WINDOW) result code=0
10-09 14:07:53.159  4304  4484 I SoScUtils: monitorTransitionRequest mRequestOpenTransition:null mRequestOpenTriggerTask:-1 mRequestCloseTransition:null mRequestCloseTriggerTask:-1 mRequestCloseStageType:-1
10-09 14:07:53.159  2042  4020 D WindowManager: Set transition=TransitionRecord{552ec3 id=403 type=OPEN flags=0x0}, ready=false, SyncId=403 used=true, override=false, defer=0, states=Display{#0 state=ON size=1080x2400 ROTATION_0}:false
10-09 14:07:53.161  4304  4484 D OneHandedController: stopOneHanded state is 0
10-09 14:07:53.162  4304  4484 D OneHandedController: stopOneHanded state is 0
10-09 14:07:53.164  2042  4020 I ActivityTaskManager: The Process com.android.chrome Already Exists in BG. So sending its PID: 2944
10-09 14:07:53.165  2042  4020 D WindowManager: Collecting in transition 403: ActivityRecord{1ec85e6 u0 com.android.chrome/com.google.android.apps.chrome.IntentDispatcher t6532} init visibleRequested:false
10-09 14:07:53.166  2042  4020 D WindowManager: Collecting in transition 403: ActivityRecord{1ec85e6 u0 com.android.chrome/com.google.android.apps.chrome.IntentDispatcher t6532} init visibleRequested:true
10-09 14:07:53.167  2042  4781 W AutofillManagerServiceImpl: getFillEventHistory() called by UID 10273, but service UID is 10163
10-09 14:07:53.167  2042  4020 D WindowManagerService: checkFlipFullScreenChange is same, nowIsFullScreen = false
10-09 14:07:53.169  2042  4020 D WindowManager: wms.Input focus has changed to null display=0 updateInputWindows = true
10-09 14:07:53.169  2042  4020 I MultiSenceManagerInternalStub: getInstance
10-09 14:07:53.170  2042  4020 D WindowManager: Collecting in transition 403: ActivityRecord{1ec85e6 u0 com.android.chrome/com.google.android.apps.chrome.IntentDispatcher t6532} init visibleRequested:true
10-09 14:07:53.170  2042  4020 D WindowManager: Set transition=TransitionRecord{552ec3 id=403 type=OPEN flags=0x0}, ready=true, SyncId=403 
10-09 14:07:53.173  2042  4020 D CompatibilityChangeReporter: Compat change id reported: 197654537; UID 10030; state: ENABLED
10-09 14:07:53.173  2042  4020 I BLASTSyncEngine: SyncGroup 403:  Unfinished container:Task{df75dd4 #6532 type=standard I=com.android.chrome/com.google.android.apps.chrome.IntentDispatcher}
10-09 14:07:53.173  2042  4020 I BLASTSyncEngine: isActivitySyncFinished isSyncFinished false Task{df75dd4 #6532 type=standard I=com.android.chrome/com.google.android.apps.chrome.IntentDispatcher}
10-09 14:07:53.175  4304  4484 D MiuiFullScreenTaskRepository: removeFocusedTask displayId=0
10-09 14:07:53.175  4304  4484 D MiuiFullScreenTaskRepository: addOrUpdateFullScreenTaskInfo taskId=6531, topActivity=ComponentInfo{eu.europa.ec.euidi/eu.europa.ec.assemblylogic.ui.MainActivity}
10-09 14:07:53.184  2042  2690 D Aurogon :  uid = 10172 switch to FG
10-09 14:07:53.189  2042  2692 W ProcessStats: Tracking association SourceState{1b0dd2c com.android.vending/10164 ImpBg #109739} whose proc state 6 is better than process ProcessState{d60be6a com.android.vending:background/10164 pkg=com.android.vending} proc state 14 (83 skipped)
10-09 14:07:53.208  2042  4689 D CompatibilityChangeReporter: Compat change id reported: 259743961; UID 10172; state: ENABLED
10-09 14:07:53.212  2042  6878 D WindowManager: Collecting in transition 403: ActivityRecord{1c9406e u0 com.android.chrome/org.chromium.chrome.browser.ChromeTabbedActivity init visibleRequested:false
10-09 14:07:53.213  2042  6878 D MiuiFreeFormManagerService: activeOrFullscreenFreeformTaskIfNeed startDefaultAr:false
10-09 14:07:53.213  2042  6878 D MiuiFreeFormManagerService: onStartActivityInner as = Task{d6f195 #6512 type=standard A=10172:com.android.chrome} op = null
10-09 14:07:53.215  2042  6878 D WindowManagerService: checkFlipFullScreenChange is same, nowIsFullScreen = false
10-09 14:07:53.215  2042  6878 D WindowManager: setLockTaskAuth: task=Task{d6f195 #6512 type=standard A=10172:com.android.chrome} mLockTaskAuth=LOCK_TASK_AUTH_PINNABLE
10-09 14:07:53.218  2042  6878 D WindowManager: Set transition=TransitionRecord{552ec3 id=403 type=OPEN flags=0x0}, ready=false, SyncId=403 used=true, override=false, defer=0, states=Display{#0 state=ON size=1080x2400 ROTATION_0}:false
10-09 14:07:53.219  2042  6878 D WindowManager: Collecting in transition 403: ActivityRecord{1c9406e u0 com.android.chrome/org.chromium.chrome.browser.ChromeTabbedActivity t-1} init visibleRequested:false
10-09 14:07:53.219  2042  6878 D WindowManager: Set transition=TransitionRecord{552ec3 id=403 type=OPEN flags=0x0}, ready=false, SyncId=403 used=true, override=false, defer=0, states=Display{#0 state=ON size=1080x2400 ROTATION_0}:false
10-09 14:07:53.222  4304  4484 D MiuiFullScreenTaskRepository: setFocusedTask taskId=6512, displayId=0, topActivity=ComponentInfo{com.android.chrome/org.chromium.chrome.browser.ChromeTabbedActivity}
10-09 14:07:53.223  4304  4484 D MiuiFullScreenTaskRepository: addOrUpdateFullScreenTaskInfo taskId=6512, topActivity=ComponentInfo{com.android.chrome/org.chromium.chrome.browser.ChromeTabbedActivity}
10-09 14:07:53.223  4304  4484 D MiuiFreeformModeController: onFocusTaskChanged taskInfo: TaskInfo{userId=0 taskId=6512 displayId=0 isRunning=true baseIntent=Intent { act=android.intent.action.VIEW dat=https://issuer.eudiw.dev/... flg=0x14002000 cmp=com.android.chrome/org.chromium.chrome.browser.ChromeTabbedActivity } baseActivity=ComponentInfo{com.android.chrome/org.chromium.chrome.browser.ChromeTabbedActivity} topActivity=ComponentInfo{com.android.chrome/org.chromium.chrome.browser.ChromeTabbedActivity} origActivity=null realActivity=ComponentInfo{com.android.chrome/org.chromium.chrome.browser.ChromeTabbedActivity} numActivities=1 lastActiveTime=253369867 supportsSplitScreenMultiWindow=true supportsMultiWindow=true resizeMode=2 isResizeable=true minWidth=-1 minHeight=-1 defaultMinSize=200 token=WCT{android.window.IWindowContainerToken$Stub$Proxy@5564368} topActivityType=1 pictureInPictureParams=null shouldDockBigOverlays=false launchIntoPipHostTaskId=-1 lastParentTaskIdBeforePip=-1 displayCutoutSafeInsets=Rect(0, 94 - 0, 0) topActivityInfo=ActivityInfo{8b49381 org.chromium.chrome.browser.ChromeTabbedActivity} launchCookies=[] positionInParent=Point(0, 0) parentTaskId=-1 isFocused=true isVisible=false isVisibleRequested=false isSleeping=false topActivityInSizeCompat=false topActivityInMiuiSizeCompat=false topActivityEligibleForLetterboxEducation= false topActivityLetterboxed= false isFromDoubleTap= false topActivityLetterboxVerticalPosition= -1 topActivityLetterboxHorizontalPosition= -1 topActivityLetterboxWidth=-1 topActivityLetterboxHeight=-1 locusId=null displayAreaFeatureId=1 cameraCompatControlState=hidden mIsCastMode=false mTopActivityMediaSize=null mTopActivityRecordName=ActivityRecord{3dc197f u0 com.android.chrome/org.chromium.chrome.browser.ChromeTabbedActivity t6512} mTopActivityOrientation=-2 mTopActivityWindowIsNowVisible=false isTranslucent=true isEmbedded=false shouldBeVisible=true isImmersive=false mBehindAppLockPkg=null mOriginatingUid=0}
10-09 14:07:53.223  4304  4484 D MiuiDesktopModeController: onFocusTaskChanged newFocus: TaskInfo{userId=0 taskId=6512 displayId=0 isRunning=true baseIntent=Intent { act=android.intent.action.VIEW dat=https://issuer.eudiw.dev/... flg=0x14002000 cmp=com.android.chrome/org.chromium.chrome.browser.ChromeTabbedActivity } baseActivity=ComponentInfo{com.android.chrome/org.chromium.chrome.browser.ChromeTabbedActivity} topActivity=ComponentInfo{com.android.chrome/org.chromium.chrome.browser.ChromeTabbedActivity} origActivity=null realActivity=ComponentInfo{com.android.chrome/org.chromium.chrome.browser.ChromeTabbedActivity} numActivities=1 lastActiveTime=253369867 supportsSplitScreenMultiWindow=true supportsMultiWindow=true resizeMode=2 isResizeable=true minWidth=-1 minHeight=-1 defaultMinSize=200 token=WCT{android.window.IWindowContainerToken$Stub$Proxy@5564368} topActivityType=1 pictureInPictureParams=null shouldDockBigOverlays=false launchIntoPipHostTaskId=-1 lastParentTaskIdBeforePip=-1 displayCutoutSafeInsets=Rect(0, 94 - 0, 0) topActivityInfo=ActivityInfo{8b49381 org.chromium.chrome.browser.ChromeTabbedActivity} launchCookies=[] positionInParent=Point(0, 0) parentTaskId=-1 isFocused=true isVisible=false isVisibleRequested=false isSleeping=false topActivityInSizeCompat=false topActivityInMiuiSizeCompat=false topActivityEligibleForLetterboxEducation= false topActivityLetterboxed= false isFromDoubleTap= false topActivityLetterboxVerticalPosition= -1 topActivityLetterboxHorizontalPosition= -1 topActivityLetterboxWidth=-1 topActivityLetterboxHeight=-1 locusId=null displayAreaFeatureId=1 cameraCompatControlState=hidden mIsCastMode=false mTopActivityMediaSize=null mTopActivityRecordName=ActivityRecord{3dc197f u0 com.android.chrome/org.chromium.chrome.browser.ChromeTabbedActivity t6512} mTopActivityOrientation=-2 mTopActivityWindowIsNowVisible=false isTranslucent=true isEmbedded=false shouldBeVisible=true isImmersive=false mBehindAppLockPkg=null mOriginatingUid=0}
10-09 14:07:53.223  2042  6878 I ActivityTaskManager: START u0 {act=android.intent.action.VIEW dat=https://issuer.eudiw.dev/... flg=0x14002000 cmp=com.android.chrome/org.chromium.chrome.browser.ChromeTabbedActivity (has extras)} with LAUNCH_SINGLE_INSTANCE_PER_TASK from uid 10172 from pid 2944 callingPackage com.android.chrome (BAL_ALLOW_VISIBLE_WINDOW) result code=2
10-09 14:07:53.225  4304  4484 D OneHandedController: stopOneHanded state is 0
10-09 14:07:53.225  2042  6878 D MiuiSoScManagerStub: supportSoScMinimizedMode:true
10-09 14:07:53.225  2042  6878 D MiuiSoScManagerStub: taskInSoScFullMode:false
10-09 14:07:53.225  2042  6878 D MiuiFreeFormGestureController: deliverResultForFinishActivity resultTo: null resultFrom: ActivityRecord{1ec85e6 u0 com.android.chrome/com.google.android.apps.chrome.IntentDispatcher t6532 f}} isInVideoOrGameScene: false intent: Intent { act=android.intent.action.VIEW dat=https://issuer.eudiw.dev/... flg=0x10800000 cmp=com.android.chrome/com.google.android.apps.chrome.IntentDispatcher }
10-09 14:07:53.226  2042  6878 D WindowManager: Collecting in transition 403: Task{df75dd4 #6532 type=standard I=com.android.chrome/com.google.android.apps.chrome.IntentDispatcher} init visibleRequested:true
10-09 14:07:53.229  4304  4484 D WindowManagerShell: onActivityRestartAttempt: ComponentInfo{com.android.chrome/org.chromium.chrome.browser.ChromeTabbedActivity}
10-09 14:07:53.231  4304  5414 D MiuiFreeformModeObserver: activityResumed() intent Intent { cmp=com.android.chrome/org.chromium.chrome.browser.document.ChromeLauncherActivity (has extras) }
10-09 14:07:53.237  2042  7043 D WindowManager: Collecting in transition 403: ActivityRecord{1ec85e6 u0 com.android.chrome/com.google.android.apps.chrome.IntentDispatcher t6532 f}} init visibleRequested:true
10-09 14:07:53.237  2042  7043 D WindowManager: Collecting in transition 403: ActivityRecord{3dc197f u0 com.android.chrome/org.chromium.chrome.browser.ChromeTabbedActivity t6512} init visibleRequested:false
10-09 14:07:53.238  2042  7043 D WindowManagerService: checkFlipFullScreenChange is same, nowIsFullScreen = false
10-09 14:07:53.239  2042  7043 D WindowManager: Collecting in transition 403: ActivityRecord{8b9bf84 u0 eu.europa.ec.euidi/eu.europa.ec.assemblylogic.ui.MainActivity t6531} init visibleRequested:true
10-09 14:07:53.240  2042  7011 W AutofillManagerServiceImpl: getFillEventHistory() called by UID 10273, but service UID is 10163
10-09 14:07:53.241  4304  4484 D MiuiFullScreenTaskRepository: setFocusedTask taskId=6512, displayId=0, topActivity=ComponentInfo{com.android.chrome/org.chromium.chrome.browser.ChromeTabbedActivity}
10-09 14:07:53.241  4304  4484 D MiuiFullScreenTaskRepository: addOrUpdateFullScreenTaskInfo taskId=6512, topActivity=ComponentInfo{com.android.chrome/org.chromium.chrome.browser.ChromeTabbedActivity}
10-09 14:07:53.241  2042  7043 D WindowManager: Collecting in transition 403: ActivityRecord{3dc197f u0 com.android.chrome/org.chromium.chrome.browser.ChromeTabbedActivity t6512} init visibleRequested:true
10-09 14:07:53.241  2042  7043 D WindowManager: Set transition=TransitionRecord{552ec3 id=403 type=OPEN flags=0x0}, ready=true, SyncId=403 
10-09 14:07:53.244  2042  7043 I BLASTSyncEngine: SyncGroup 403:  Unfinished container:ActivityRecord{3dc197f u0 com.android.chrome/org.chromium.chrome.browser.ChromeTabbedActivity t6512}
10-09 14:07:53.244  2042  7043 I BLASTSyncEngine: isActivitySyncFinished isSyncFinished false ActivityRecord{3dc197f u0 com.android.chrome/org.chromium.chrome.browser.ChromeTabbedActivity t6512}
10-09 14:07:53.256  2042  7043 D CoreBackPreview: Window{963420e u0 com.android.chrome/org.chromium.chrome.browser.ChromeTabbedActivity}: Setting back callback OnBackInvokedCallbackInfo{mCallback=android.window.IOnBackInvokedCallback$Stub$Proxy@766230f, mPriority=0, mIsAnimationCallback=true}
10-09 14:07:53.279  2042  4772 I SmartPower: com.android.chrome:sandboxed_process0:org.chromium.content.app.SandboxedProcessSer-1->background(0ms) R(become background) adj=-10000.
10-09 14:07:53.279  2042  2788 D CompatibilityChangeReporter: Compat change id reported: 143937733; UID 10172; state: ENABLED
10-09 14:07:53.301  2042  4080 D SchedBoost: com.android.chrome:sandboxed_process0:org.chromium.content.app.SandboxedProcessService0:7 boosting, skip reset priority
10-09 14:07:53.303  2042  2788 I ActivityManager: Start proc 9419:com.android.chrome:sandboxed_process0:org.chromium.content.app.SandboxedProcessService0:8/u0ai8 for  {com.android.chrome/org.chromium.content.app.SandboxedProcessService0:8} caller=com.android.chrome
10-09 14:07:53.309  2042  2073 D ActivityManager: checkAllowBackground: uid=10163 pkg=com.google.android.gms rec=UidRecord{3efeecd u0a163 BTOP change:procadj procs:0 seq(733333,425084)} caps=LCMNFU always=false idle=false
10-09 14:07:53.318  2042  7011 D ActivityManager: checkAllowBackground: uid=10163 pkg=com.google.android.gms rec=UidRecord{3efeecd u0a163 BTOP change:procadj procs:0 seq(733341,425084)} caps=LCMNFU always=false idle=false
10-09 14:07:53.335  2042  8104 D ActivityManager: checkAllowBackground: uid=10163 pkg=com.google.android.gms rec=UidRecord{3efeecd u0a163 BTOP change:procadj procs:0 seq(733349,425084)} caps=LCMNFU always=false idle=false
10-09 14:07:53.345  4304  5414 D MiuiFreeformModeObserver: activityResumed() intent Intent { cmp=com.android.chrome/org.chromium.chrome.browser.ChromeTabbedActivity (has extras) }
10-09 14:07:53.360  2042  2073 D CompatibilityChangeReporter: Compat change id reported: 168419799; UID 10172; state: DISABLED
10-09 14:07:53.360  2042  2073 D CompatibilityChangeReporter: Compat change id reported: 273564678; UID 10172; state: DISABLED
10-09 14:07:53.369  2042  6878 I BLASTSyncEngine: SyncGroup 403:  Unfinished container:ActivityRecord{3dc197f u0 com.android.chrome/org.chromium.chrome.browser.ChromeTabbedActivity t6512}
10-09 14:07:53.370  2042  6878 I BLASTSyncEngine: isActivitySyncFinished isSyncFinished false ActivityRecord{3dc197f u0 com.android.chrome/org.chromium.chrome.browser.ChromeTabbedActivity t6512}
10-09 14:07:53.371  2042  6878 I WindowManager: cancelAnimation removed leash : Surface(name=Surface(name=704023a StatusBar#94)/@0xa8be448 - animation-leash of insets_animation#8383)/@0x589fce5
10-09 14:07:53.374  2042  6878 I WindowManager: cancelAnimation removed leash : Surface(name=Surface(name=d968687 NavigationBar0#90)/@0x2f479dd - animation-leash of insets_animation#8411)/@0xd46e336
10-09 14:07:53.377  2042  6878 D WindowManager: wms.Input focus has changed to Window{963420e u0 com.android.chrome/org.chromium.chrome.browser.ChromeTabbedActivity} display=0 updateInputWindows = true
10-09 14:07:53.377  2042  6878 I MultiSenceManagerInternalStub: getInstance
10-09 14:07:53.386  9419  9419 E MQSEventManagerDelegate: failed to get MQSService.
10-09 14:07:53.386  9419  9419 W ActivityThread: registerApplicationScoutThread result:false
10-09 14:07:53.389  2042  3500 D isUidValid: uid = 90008
10-09 14:07:53.405  2042  6878 D ActivityManager: checkAllowBackground: uid=10163 pkg=com.google.android.gms rec=UidRecord{3efeecd u0a163 BTOP change:procadj procs:0 seq(733351,425084)} caps=LCMNFU always=false idle=false
10-09 14:07:53.421  9419  9419 E ForceDarkHelperStubImpl: getForceDarkOriginState transact failed , mService: null
10-09 14:07:53.429  2042  4689 I ActivityManager: Flag disabled. Ignoring finishAttachApplication from uid: 90008. pid: 9419
10-09 14:07:53.451  2042  4689 D ActivityManager: checkAllowBackground: uid=10163 pkg=com.google.android.gms rec=UidRecord{3efeecd u0a163 BTOP change:procadj procs:0 seq(733417,425084)} caps=LCMNFU always=false idle=false
10-09 14:07:53.454  2042  2073 D WindowManager: wms.finishDrawingLocked: mDrawState=COMMIT_DRAW_PENDING Window{963420e u0 com.android.chrome/org.chromium.chrome.browser.ChromeTabbedActivity} in Surface(name=com.android.chrome/org.chromium.chrome.browser.ChromeTabbedActivity#8414)/@0xc33067e
10-09 14:07:53.460  2042  2693 I SmartPower: com.android.chrome/10172(2944): invisible->visible(315ms) R(become visible) adj=0.
10-09 14:07:53.461  2042  3524 I SmartPower: com.google.android.adservices.api/10294(20677): idle->background(10963ms) R(add to whitelist) adj=0.
10-09 14:07:53.461  2042  2693 I WindowManager: wms.showSurfaceRobustly mWin:Window{963420e u0 com.android.chrome/org.chromium.chrome.browser.ChromeTabbedActivity}
10-09 14:07:53.461  2042  3524 I SmartPower: com.android.chrome:sandboxed_process0:org.chromium.content.app.SandboxedProcessSeridle->background(9446ms) R(add to whitelist) adj=200.
10-09 14:07:53.461  2042  3524 I SmartPower: com.android.chrome:sandboxed_process0:org.chromium.content.app.SandboxedProcessSeridle->background(9447ms) R(add to whitelist) adj=200.
10-09 14:07:53.461  2042  3524 I SmartPower: com.android.chrome:sandboxed_process0:org.chromium.content.app.SandboxedProcessSeridle->background(9447ms) R(add to whitelist) adj=200.
10-09 14:07:53.461  2042  3524 I SmartPower: com.android.chrome:sandboxed_process0:org.chromium.content.app.SandboxedProcessSeridle->background(9447ms) R(add to whitelist) adj=930.
10-09 14:07:53.461  2042  3524 I SmartPower: com.android.chrome:sandboxed_process0:org.chromium.content.app.SandboxedProcessSeridle->background(9447ms) R(add to whitelist) adj=920.
10-09 14:07:53.461  2042  3524 I SmartPower: com.android.chrome:sandboxed_process0:org.chromium.content.app.SandboxedProcessSeridle->background(9447ms) R(add to whitelist) adj=910.
10-09 14:07:53.462  2042  2693 D WindowManager: Final targets: [Task{d6f195 #6512 type=standard A=10172:com.android.chrome}, Task{ec90ba2 #6531 type=standard A=10030:eu.europa.ec.euidi}]
10-09 14:07:53.465  2042  3524 I SmartPower: com.android.chrome:sandboxed_process0:org.chromium.content.app.SandboxedProcessSeridle->background(9447ms) R(add to whitelist) adj=900.
10-09 14:07:53.465  2042  3524 I SmartPower: com.android.chrome:sandboxed_process0:org.chromium.content.app.SandboxedProcessSeridle->background(10854ms) R(add to whitelist) adj=250.
10-09 14:07:53.482  2042  2693 D WindowManager: Calling onTransitionReady info={id=403 t=OPEN f=0x0 trk=0 r=[0@Point(0, 0)] c=[{WCT{RemoteToken{705ab2 Task{d6f195 #6512 type=standard A=10172:com.android.chrome}}} m=TO_FRONT f=MOVE_TO_TOP leash=Surface(name=Task=6512#7476)/@0xbb5bd4c sb=Rect(0, 0 - 1080, 2400) eb=Rect(0, 0 - 1080, 2400) d=0},{WCT{RemoteToken{ffde34c Task{ec90ba2 #6531 type=standard A=10030:eu.europa.ec.euidi}}} m=TO_BACK f=NONE leash=Surface(name=Task=6531#8372)/@0x388f36d sb=Rect(0, 0 - 1080, 2400) eb=Rect(0, 0 - 1080, 2400) d=0}] noAni=[false] df=[false] mk=[true] nc=[0]}, mToken=Token{d195fad TransitionRecord{552ec3 id=403 type=OPEN flags=0x0}}
10-09 14:07:53.484  2042  2693 I BLASTSyncEngine: finishNow: after onTransactionReady, mSyncId=403
10-09 14:07:53.489  4304  4484 D MiuiFreeformAnimation: startAnimation change: {WCT{android.window.IWindowContainerToken$Stub$Proxy@295e6bd} m=TO_FRONT f=MOVE_TO_TOP leash=Surface(name=Task=6512#7476)/@0x9a4c26 sb=Rect(0, 0 - 1080, 2400) eb=Rect(0, 0 - 1080, 2400) d=0} info.getType(): 1
10-09 14:07:53.489  4304  4484 I MiuiFreeformAnimation: isLaunchWidgetPicker=false,taskInfo.getWindowingMode()=1, taskInfo.getActivityType()=1
10-09 14:07:53.489  4304  4484 D MiuiFreeformAnimation: startAnimation change: {WCT{android.window.IWindowContainerToken$Stub$Proxy@94f04b2} m=TO_BACK f=NONE leash=Surface(name=Task=6531#8372)/@0x4a3067 sb=Rect(0, 0 - 1080, 2400) eb=Rect(0, 0 - 1080, 2400) d=0} info.getType(): 1
10-09 14:07:53.490  4304  4484 W MiuiTaskTransitionHandler: Receive an unknown transition, token=android.os.BinderProxy@df73c05, type=1
10-09 14:07:53.490  4304  4484 D TransitionAnimationHelper:  load default animation  type = 1 enter = false animAttr = 9 isTask = true translucent = false
10-09 14:07:53.490  4304  4304 D ArtChoreographerMonitor: invoke error.
10-09 14:07:53.494  4304  4484 D TransitionAnimationHelper:  load default animation  type = 1 enter = true animAttr = 8 isTask = true translucent = false
10-09 14:07:53.494  2042  2073 D ActivityManager: checkAllowBackground: uid=10163 pkg=com.google.android.gms rec=UidRecord{3efeecd u0a163 BTOP change:procadj procs:0 seq(733465,425084)} caps=LCMNFU always=false idle=false
10-09 14:07:53.496  4304  4520 D ShellTransitions: speed ui!!!!!!!!!!!
10-09 14:07:53.496  4304  4484 D MiuiFullScreenTaskRepository: setFocusedTask taskId=6512, displayId=0, topActivity=ComponentInfo{com.android.chrome/org.chromium.chrome.browser.ChromeTabbedActivity}
10-09 14:07:53.496  4304  4484 D MiuiFullScreenTaskRepository: addOrUpdateFullScreenTaskInfo taskId=6512, topActivity=ComponentInfo{com.android.chrome/org.chromium.chrome.browser.ChromeTabbedActivity}
10-09 14:07:53.508  4304  4484 D SoScUtils: monitorTransitionFinished transition:android.os.BinderProxy@df73c05 transaction: android.view.SurfaceControl$Transaction@c2a0157 mRequestCloseTransition:null mRequestOpenTransition:null mPairsOpenTransition:null mPairsOpenTransitionNull:null mRequestOpenTriggerTask:-1 mRequestCloseTriggerTask:-1 mOrientationTransition: null mMainStartingTask:-1 mSideStartingTask:-1
10-09 14:07:53.514  2042  2073 D CompatibilityChangeReporter: Compat change id reported: 214016041; UID 10172; state: ENABLED
10-09 14:07:53.515  2042  4772 I Transition: finishTransition: updateLastSurfacePosition tf=Task{d6f195 #6512 type=standard A=10172:com.android.chrome}
10-09 14:07:53.515  2042  4772 I Transition: finishTransition: updateLastSurfacePosition tf=Task{df75dd4 #6532 type=standard I=com.android.chrome/com.google.android.apps.chrome.IntentDispatcher}
10-09 14:07:53.518  2042  2692 I SmartPower: eu.europa.ec.euidi/10030(9191): visible->invisible(15900ms) R(become invisible) adj=200.
10-09 14:07:53.519  2042  2692 I SmartPower: eu.europa.ec.euidi/10030(9191): invisible->background(0ms) R(become background) adj=200.
10-09 14:07:53.525  4304  4484 D MiuiFullScreenTaskRepository: addOrUpdateFullScreenTaskInfo taskId=6531, topActivity=ComponentInfo{eu.europa.ec.euidi/eu.europa.ec.assemblylogic.ui.MainActivity}
10-09 14:07:53.528  2042  6878 D ActivityManager: checkAllowBackground: uid=10163 pkg=com.google.android.gms rec=UidRecord{3efeecd u0a163 BTOP change:procadj procs:0 seq(733621,425084)} caps=LCMNFU always=false idle=false
10-09 14:07:53.529  2042  4689 I WindowManager: cancelAnimation removed leash : Surface(name=Surface(name=49d5fba InputMethod#118)/@0xbb23dc8 - animation-leash of insets_animation#8387)/@0xb8eec5b
10-09 14:07:53.531  2042  2073 W PackageConfigPersister: App-specific configuration not found for packageName: com.android.chrome and userId: 0
10-09 14:07:53.569  2042  6878 W PresentationStatsEventLogger: Shouldn't be logging AutofillPresentationEventReported again for same event
10-09 14:07:53.577  9191  9191 D ActivityThread: Fail to check app heapsize due to java.lang.NoSuchMethodException: dalvik.system.VMRuntime.getBlockingGcCountForAlloc []
10-09 14:07:53.596  2042  2690 D Aurogon :  uid = 10030 switch to BG
10-09 14:07:53.596  2042  3500 D isUidValid: uid = 10030
10-09 14:07:53.674  4304  4304 D ArtChoreographerMonitor: invoke error.
10-09 14:07:53.749  2042  3524 I SmartPower: com.google.android.inputmethod.latin/10176(6431): background->idle(3000ms) R(become invisible) adj=100.
10-09 14:07:53.768  4304  4304 D ArtChoreographerMonitor: invoke error.
10-09 14:07:53.939  4304  4304 D ArtChoreographerMonitor: invoke error.
10-09 14:07:54.219  2042  7011 I ActivityManager: Force stopping eu.europa.ec.euidi appid=10030 user=0: from process:9454
10-09 14:07:54.220  2042  3515 E ProcessManager: error write exception log
10-09 14:07:54.225  2042  2074 D DisplayManagerService: Drop pending events for gone uid 10030
10-09 14:07:54.225  2042  7011 I ActivityManager: Killing 9191:eu.europa.ec.euidi/u0a30 (adj 700): stop eu.europa.ec.euidi due to from process:9454
10-09 14:07:54.229  2042  7011 W ActivityTaskManager: Force removing ActivityRecord{8b9bf84 u0 eu.europa.ec.euidi/eu.europa.ec.assemblylogic.ui.MainActivity t6531 f}}: app died, no saved state
10-09 14:07:54.230  2042  3109 W UsageStatsService: Unexpected activity event reported! (eu.europa.ec.euidi/eu.europa.ec.assemblylogic.ui.MainActivity event : 23 instanceId : 242319411)
10-09 14:07:54.238  2042  2693 W ActivityTaskManager: Can't find TaskDisplayArea to determine support for multi window. Task id=6531 attached=false
10-09 14:07:54.239  4304  4484 D MiuiFullScreenTaskRepository: removeFullScreenTask taskId=6531, topActivity=null
10-09 14:07:54.240  4304  4484 D MiuiWindowDecorViewModel: destroyWindowDecoration: taskId=6531, windowingMode=1, mWindowDecorByTaskId.size()=0, callers=com.android.wm.shell.fullscreen.FullscreenTaskListener.onTaskVanished:143 com.android.wm.shell.ShellTaskOrganizer.onTaskVanished:138 android.window.TaskOrganizer$1.lambda$onTaskVanished$5:391 android.window.TaskOrganizer$1.$r8$lambda$cnLAmEuLf_BQ_jFuhQbGGs5ghXo:0 android.window.TaskOrganizer$1$$ExternalSyntheticLambda14.run:4 
10-09 14:07:54.242  2042  7011 I AppsFilter: interaction: PackageSetting{12f5306 io.appium.uiautomator2.server.test/10767} -> PackageSetting{36d97ea eu.europa.ec.euidi/10030} BLOCKED
10-09 14:07:54.242  2042  7011 I AppsFilter: interaction: PackageSetting{e02bff4 com.fido.asm/10104} -> PackageSetting{36d97ea eu.europa.ec.euidi/10030} BLOCKED
10-09 14:07:54.242  2042  7011 I AppsFilter: interaction: PackageSetting{860431d io.appium.uiautomator2.server/10769} -> PackageSetting{36d97ea eu.europa.ec.euidi/10030} BLOCKED
10-09 14:07:54.242  2042  7011 I AppsFilter: interaction: PackageSetting{add9992 io.appium.settings/10611} -> PackageSetting{36d97ea eu.europa.ec.euidi/10030} BLOCKED
10-09 14:07:54.260  2042  3110 D CompatibilityChangeReporter: Compat change id reported: 218533173; UID 10030; state: ENABLED
10-09 14:07:54.260  2042  3110 D CompatibilityChangeReporter: Compat change id reported: 262645982; UID 10030; state: ENABLED
10-09 14:07:54.291  2042  4689 W WindowManager: Cannot find window which accessibility connection is added to
10-09 14:07:54.291  2042  7011 D AutofillSession: handling death of Token{e718033 ActivityRecord{8b9bf84 u0 eu.europa.ec.euidi/eu.europa.ec.assemblylogic.ui.MainActivity t-1 f}}} when saving=false
10-09 14:07:54.292  2042  2692 W ActivityManager: setHasOverlayUi called on unknown pid: 9191
10-09 14:07:54.429  2042  3500 D GreezeManager:  report signal uid = 10030 pid = 9191is not frozen.
10-09 14:07:54.619  2042  6997 W MIUIInput: Input event injection from package: null action ACTION_DOWN
10-09 14:07:54.622  2042  3516 I ProcessManager: getRenderThreadTidByPid, caller=2042
10-09 14:07:54.626  2042  6997 W MIUIInput: Input event injection from package: null action ACTION_UP
10-09 14:07:54.769  2042  7002 W MIUIInput: Input event injection from package: null action ACTION_DOWN
10-09 14:07:54.771  2042  3516 I ProcessManager: getRenderThreadTidByPid, caller=2042
10-09 14:07:54.774  2042  7002 W MIUIInput: Input event injection from package: null action ACTION_UP
