--------- beginning of crash
10-06 15:45:22.422  2273  2273 F libc    : Fatal signal 6 (SIGABRT), code -1 (SI_QUEUE) in tid 2273 (init), pid 2273 (init)
10-06 15:45:22.495  2273  2273 F libc    : crash_dump helper failed to exec, or was killed
10-06 15:45:42.434  5433  5433 F libc    : Fatal signal 6 (SIGABRT), code -1 (SI_QUEUE) in tid 5433 (init), pid 5433 (init)
10-06 15:45:42.479  5433  5433 F libc    : crash_dump helper failed to exec, or was killed
--------- beginning of system
10-09 13:26:31.486  2042  6981 D ActivityManager: checkAllowBackground: uid=10163 pkg=com.google.android.gms rec=UidRecord{3efeecd u0a163 BTOP change:procadj procs:0 seq(615839,425084)} caps=LCMNFU always=false idle=false
10-09 13:26:31.640  2042  6981 D SchedBoost: com.android.chrome:sandboxed_process0:org.chromium.content.app.SandboxedProcessService0:27 boosting, skip reset priority
10-09 13:26:32.496  2183  2183 I wificond: station_bandwidth: P
10-09 13:26:32.755  2042  6981 W MIUIInput: Input event injection from package: null action ACTION_DOWN
10-09 13:26:32.755  2042  3516 I ProcessManager: getRenderThreadTidByPid, caller=2042
10-09 13:26:32.759  2042  6981 W MIUIInput: Input event injection from package: null action ACTION_UP
10-09 13:26:32.774  2042  3096 D ActivityManager: checkAllowBackground: uid=10163 pkg=com.google.android.gms rec=UidRecord{3efeecd u0a163 BTOP change:procadj procs:0 seq(615855,425084)} caps=LCMNFU always=false idle=false
10-09 13:26:32.791  2042  6981 I InputMethodManagerService: IMMS.showSoftInput(), client = com.android.internal.inputmethod.IInputMethodClient$Stub$Proxy@126eed3
10-09 13:26:32.791  2042  6981 I InputMethodManagerService: IMMS.showCurrentInputLocked(), flags = 0
10-09 13:26:32.791  2042  6981 D SmartPower: com.google.android.inputmethod.latin/10176(6431): show input method
10-09 13:26:32.791  2042  6981 I SmartPower: com.google.android.inputmethod.latin/10176(6431): idle->visible(1707ms) R(show input method) adj=100.
10-09 13:26:32.791  2042  2073 W PackageConfigPersister: App-specific configuration not found for packageName: com.android.chrome and userId: 0
10-09 13:26:32.791  2042  6981 I DefaultImeVisibilityApplier: IMMS.showCurrentInputLocked request ims to show inputMethod.
10-09 13:26:32.870  2042  6981 I InputMethodManagerService: IMMS.showSoftInput(), client = com.android.internal.inputmethod.IInputMethodClient$Stub$Proxy@d67a52f
10-09 13:26:32.870  2042  6981 I InputMethodManagerService: IMMS.showCurrentInputLocked(), flags = 0
10-09 13:26:32.870  2042  6981 D SmartPower: com.google.android.inputmethod.latin/10176(6431): show input method
10-09 13:26:32.870  2042  6981 I DefaultImeVisibilityApplier: IMMS.showCurrentInputLocked request ims to show inputMethod.
10-09 13:26:32.905  2042  6981 D ActivityManager: checkAllowBackground: uid=10163 pkg=com.google.android.gms rec=UidRecord{3efeecd u0a163 BTOP change:procadj procs:0 seq(615859,425084)} caps=LCMNFU always=false idle=false
10-09 13:26:32.906  2042  2073 I InputMethodManagerService: IMMS.applyImeVisibility(), setVisible = true, mCurclient = ClientState{80c558e mUid=10172 mPid=17153 mSelfReportedDisplayId=0}
10-09 13:26:32.906  2042  2073 I WindowManager: WMS.showImePostLayout(), imeTarget = Window{edce952 u0 com.android.chrome/org.chromium.chrome.browser.ChromeTabbedActivity}
10-09 13:26:32.911  2042  6878 D CoreBackPreview: Window{edce952 u0 com.android.chrome/org.chromium.chrome.browser.ChromeTabbedActivity}: Setting back callback OnBackInvokedCallbackInfo{mCallback=android.window.IOnBackInvokedCallback$Stub$Proxy@acfd73c, mPriority=0, mIsAnimationCallback=false}
10-09 13:26:32.921  4304  4484 D MiuiFreeformModeController: avoidForInsetsBottomChangedIfNeed oldMoveableBottom: 2270 newMoveableBounds: 2270
10-09 13:26:32.933  4304  4484 D MiuiFreeformModeController: avoidForInsetsBottomChangedIfNeed oldMoveableBottom: 2270 newMoveableBounds: 2270
10-09 13:26:32.943  2042  3096 D WindowManager: wms.finishDrawingLocked: mDrawState=COMMIT_DRAW_PENDING Window{49d5fba u0 InputMethod} in Surface(name=InputMethod#5525)/@0x68d761a
10-09 13:26:32.946  2042  4589 I InputMethodManagerService: IMMS.applyImeVisibility(), setVisible = true, mCurclient = ClientState{80c558e mUid=10172 mPid=17153 mSelfReportedDisplayId=0}
10-09 13:26:32.946  2042  2693 I ImeInsetsSourceProvider: ImeInsetsSourceProvider.scheduleShowImePostLayout() Run showImeRunner.
10-09 13:26:32.946  2042  2693 I ImeInsetsSourceProvider: ImeInsetsSourceProvider.scheduleShowImePostLayout() isReadyToShowIme.
10-09 13:26:32.952  2042  3096 I WindowManager: cancelAnimation removed leash : Surface(name=Surface(name=d968687 NavigationBar0#90)/@0x2f479dd - animation-leash of insets_animation#5515)/@0x5812f38
10-09 13:26:32.953  4304  4484 D MiuiFreeformModeController: avoidForInsetsBottomChangedIfNeed oldMoveableBottom: 2270 newMoveableBounds: 2270
10-09 13:26:32.953  4304  4484 D ImePositionProcessor: onImeVisibilityChanged     isShowing:  true
10-09 13:26:32.953  4304  4484 D MiuiFreeformModeController: onImeVisibilityChanged imeVisible: true imeHeight: 701 adjustedForRotation:false
10-09 13:26:32.953  4304  4484 D MiuiFreeformModeAvoidAlgorithm: begin autoOrderingAvoidMiniTask
10-09 13:26:32.953  4304  4484 D MiuiFreeformModeAvoidAlgorithm: getCurrMiniPos: SameSideMiniPosList: []
10-09 13:26:32.953  4304  4484 D MiuiFreeformModeAvoidAlgorithm: getCurrMiniPos: SameSideMiniPosList: []
10-09 13:26:32.953  4304  4484 D MiuiFreeformModeAvoidAlgorithm: end autoOrderingAvoidMiniTask res:AvoidResult{distance=0, combination={}, activeTaskPos=Rect(0, 0 - 0, 0)}
10-09 13:26:32.954  2042  2073 D ActivityManager: checkAllowBackground: uid=10163 pkg=com.google.android.gms rec=UidRecord{3efeecd u0a163 BTOP change:procadj procs:0 seq(615863,425084)} caps=LCMNFU always=false idle=false
10-09 13:26:32.954  2042  2693 I WindowManager: input method visible height changed 701
10-09 13:26:32.954  2042  3126 I ITouchFeature: current device and process support version:2
10-09 13:26:32.956  2042  2693 I WindowManager: wms.showSurfaceRobustly mWin:Window{49d5fba u0 InputMethod}
10-09 13:26:32.965  2042  4589 I WindowManager: WMS.showImePostLayout(), imeTarget = Window{edce952 u0 com.android.chrome/org.chromium.chrome.browser.ChromeTabbedActivity}
10-09 13:26:32.966  2042  2692 I ImeInsetsSourceProvider: ImeInsetsSourceProvider.scheduleShowImePostLayout() Run showImeRunner.
10-09 13:26:32.966  2042  2692 I ImeInsetsSourceProvider: ImeInsetsSourceProvider.scheduleShowImePostLayout() isReadyToShowIme.
10-09 13:26:32.982  4304  4304 D ArtChoreographerMonitor: invoke error.
10-09 13:26:32.983  4304  4484 D OneHandedController: stopOneHanded state is 0
10-09 13:26:33.099  2042  3524 I SmartPower: eu.europa.ec.euidi/10030(22433): background->idle(3000ms) R(become invisible) adj=700.
10-09 13:26:33.152  4304  4304 D ArtChoreographerMonitor: invoke error.
10-09 13:26:33.586  2042  2073 D WindowManagerService: checkFlipFullScreenChange is same, nowIsFullScreen = false
10-09 13:26:33.604  2042  2073 D WindowManagerService: checkFlipFullScreenChange is same, nowIsFullScreen = false
10-09 13:26:33.733  2042  3096 W MIUIInput: Input event injection from package: null action ACTION_DOWN
10-09 13:26:33.734  2042  3516 I ProcessManager: getRenderThreadTidByPid, caller=2042
10-09 13:26:33.737  2042  3096 W MIUIInput: Input event injection from package: null action ACTION_UP
10-09 13:26:33.747  2042  4589 I InputMethodManagerService: IMMS.applyImeVisibility(), setVisible = false, mCurclient = ClientState{80c558e mUid=10172 mPid=17153 mSelfReportedDisplayId=0}
10-09 13:26:33.754  4304  4304 D ArtChoreographerMonitor: invoke error.
10-09 13:26:33.755  2042  2073 W PackageConfigPersister: App-specific configuration not found for packageName: com.android.chrome and userId: 0
10-09 13:26:33.770  2042  6981 D PerfShielderService: com.android.chrome|com.android.chrome/org.chromium.chrome.browser.ChromeTabbedActivity|99|34202135915232|74|0|2
10-09 13:26:33.771  6649  6663 W MiuiPerfServiceClient: interceptAndQueuing:17153|com.android.chrome|99|74|34202135915232|Slow main thread|2
10-09 13:26:33.778  4304  4484 D MiuiFreeformModeController: avoidForInsetsBottomChangedIfNeed oldMoveableBottom: 2270 newMoveableBounds: 2270
10-09 13:26:33.778  4304  4484 D ImePositionProcessor: onImeVisibilityChanged     isShowing:  false
10-09 13:26:33.783  2042  2073 D CoreBackPreview: Window{edce952 u0 com.android.chrome/org.chromium.chrome.browser.ChromeTabbedActivity}: Setting back callback OnBackInvokedCallbackInfo{mCallback=android.window.IOnBackInvokedCallback$Stub$Proxy@e1d1f7d, mPriority=0, mIsAnimationCallback=true}
10-09 13:26:33.786  2042  2693 I WindowManager: input method visible height changed 0
10-09 13:26:33.786  4304  4484 D MiuiFreeformModeController: onImeVisibilityChanged imeVisible: false imeHeight: 0 adjustedForRotation:false
10-09 13:26:33.786  4304  4484 D MiuiFreeformModeAvoidAlgorithm: begin autoOrderingAvoidMiniTask
10-09 13:26:33.786  4304  4484 D MiuiFreeformModeAvoidAlgorithm: getCurrMiniPos: SameSideMiniPosList: []
10-09 13:26:33.786  4304  4484 D MiuiFreeformModeAvoidAlgorithm: getCurrMiniPos: SameSideMiniPosList: []
10-09 13:26:33.786  4304  4484 D MiuiFreeformModeAvoidAlgorithm: end autoOrderingAvoidMiniTask res:AvoidResult{distance=0, combination={}, activeTaskPos=Rect(0, 0 - 0, 0)}
10-09 13:26:33.789  2042  3126 I ITouchFeature: current device and process support version:2
10-09 13:26:33.934  4304  4304 D ArtChoreographerMonitor: invoke error.
10-09 13:26:34.101  2042  3524 I SmartPower: com.xiaomi.discover/10121(23492): background->idle(3000ms) R(broadcast start Intent { act=android.intent.action.BATTERY_CHANGED flg=0x60000010 (has extras) }) adj=915.
10-09 13:26:34.101  2042  3524 I SmartPower: com.miui.android.fashiongallery/10228(32611): background->idle(3000ms) R(broadcast start Intent { act=android.intent.action.BATTERY_CHANGED flg=0x60000010 (has extras) }) adj=915.
10-09 13:26:34.101  2042  3524 I SmartPower: com.facebook.appmanager/10138(27658): background->idle(3001ms) R(broadcast start Intent { act=android.intent.action.BATTERY_CHANGED flg=0x60000010 (has extras) }) adj=915.
10-09 13:26:34.101  2042  3524 I SmartPower: com.facebook.katana/10243(13231): background->idle(3000ms) R(broadcast start Intent { act=android.intent.action.BATTERY_CHANGED flg=0x60000010 (has extras) }) adj=905.
10-09 13:26:34.102  2042  3524 I SmartPower: com.google.android.apps.tachyon/10226(15532): background->idle(3001ms) R(broadcast start Intent { act=android.intent.action.BATTERY_CHANGED flg=0x60000010 (has extras) }) adj=965.
10-09 13:26:34.102  2042  3524 I SmartPower: com.microsoft.teams/10266(15546): background->idle(3000ms) R(broadcast start Intent { act=android.intent.action.BATTERY_CHANGED flg=0x60000010 (has extras) }) adj=900.
10-09 13:26:34.104  2042  3524 I SmartPower: com.google.android.apps.magazines/10234(19722): background->idle(3001ms) R(broadcast start Intent { act=android.intent.action.BATTERY_CHANGED flg=0x60000010 (has extras) }) adj=905.
10-09 13:26:34.306  2042  3095 I SmartPower: com.google.android.inputmethod.latin/10176(6431): visible->invisible(1516ms) R(become invisible) adj=100.
10-09 13:26:34.307  2042  3095 I SmartPower: com.google.android.inputmethod.latin/10176(6431): invisible->background(0ms) R(become background) adj=100.
10-09 13:26:34.310  4304  4484 D MiuiFreeformModeController: avoidForInsetsBottomChangedIfNeed oldMoveableBottom: 2270 newMoveableBounds: 2270
10-09 13:26:34.316  4304  4484 D MiuiFreeformModeController: avoidForInsetsBottomChangedIfNeed oldMoveableBottom: 2270 newMoveableBounds: 2270
10-09 13:26:34.468  2042  4020 W MIUIInput: Input event injection from package: null action ACTION_DOWN
10-09 13:26:34.469  2042  3516 I ProcessManager: getRenderThreadTidByPid, caller=2042
10-09 13:26:34.471  2042  4020 W MIUIInput: Input event injection from package: null action ACTION_UP
10-09 13:26:34.485  2042  3096 I InputMethodManagerService: IMMS.showSoftInput(), client = com.android.internal.inputmethod.IInputMethodClient$Stub$Proxy@be13679
10-09 13:26:34.485  2042  3096 I InputMethodManagerService: IMMS.showCurrentInputLocked(), flags = 0
10-09 13:26:34.485  2042  3096 D SmartPower: com.google.android.inputmethod.latin/10176(6431): show input method
10-09 13:26:34.485  2042  3096 I SmartPower: com.google.android.inputmethod.latin/10176(6431): background->visible(178ms) R(show input method) adj=100.
10-09 13:26:34.485  2042  3096 I DefaultImeVisibilityApplier: IMMS.showCurrentInputLocked request ims to show inputMethod.
10-09 13:26:34.486  2042  4589 W PackageConfigPersister: App-specific configuration not found for packageName: com.android.chrome and userId: 0
10-09 13:26:34.521  2042  3095 I InputMethodManagerService: IMMS.showSoftInput(), client = com.android.internal.inputmethod.IInputMethodClient$Stub$Proxy@892381f
10-09 13:26:34.521  2042  3095 I InputMethodManagerService: IMMS.showCurrentInputLocked(), flags = 0
10-09 13:26:34.522  2042  3095 D SmartPower: com.google.android.inputmethod.latin/10176(6431): show input method
10-09 13:26:34.522  2042  3095 I DefaultImeVisibilityApplier: IMMS.showCurrentInputLocked request ims to show inputMethod.
10-09 13:26:34.556  2042  2073 I InputMethodManagerService: IMMS.applyImeVisibility(), setVisible = true, mCurclient = ClientState{80c558e mUid=10172 mPid=17153 mSelfReportedDisplayId=0}
10-09 13:26:34.556  2042  2073 I WindowManager: WMS.showImePostLayout(), imeTarget = Window{edce952 u0 com.android.chrome/org.chromium.chrome.browser.ChromeTabbedActivity}
10-09 13:26:34.570  4304  4484 D MiuiFreeformModeController: avoidForInsetsBottomChangedIfNeed oldMoveableBottom: 2270 newMoveableBounds: 2270
10-09 13:26:34.573  2042  4589 D CoreBackPreview: Window{edce952 u0 com.android.chrome/org.chromium.chrome.browser.ChromeTabbedActivity}: Setting back callback OnBackInvokedCallbackInfo{mCallback=android.window.IOnBackInvokedCallback$Stub$Proxy@4ac373b, mPriority=0, mIsAnimationCallback=false}
10-09 13:26:34.574  2042  3095 D ActivityManager: checkAllowBackground: uid=10163 pkg=com.google.android.gms rec=UidRecord{3efeecd u0a163 BTOP change:procadj procs:0 seq(615867,425084)} caps=LCMNFU always=false idle=false
10-09 13:26:34.584  4304  4484 D MiuiFreeformModeController: avoidForInsetsBottomChangedIfNeed oldMoveableBottom: 2270 newMoveableBounds: 2270
10-09 13:26:34.595  2042  4589 D WindowManager: wms.finishDrawingLocked: mDrawState=COMMIT_DRAW_PENDING Window{49d5fba u0 InputMethod} in Surface(name=InputMethod#5527)/@0xf35c135
10-09 13:26:34.597  2042  2693 I ImeInsetsSourceProvider: ImeInsetsSourceProvider.scheduleShowImePostLayout() Run showImeRunner.
10-09 13:26:34.597  2042  2693 I ImeInsetsSourceProvider: ImeInsetsSourceProvider.scheduleShowImePostLayout() isReadyToShowIme.
10-09 13:26:34.597  2042  4020 I InputMethodManagerService: IMMS.applyImeVisibility(), setVisible = true, mCurclient = ClientState{80c558e mUid=10172 mPid=17153 mSelfReportedDisplayId=0}
10-09 13:26:34.602  2042  4020 I WindowManager: WMS.showImePostLayout(), imeTarget = Window{edce952 u0 com.android.chrome/org.chromium.chrome.browser.ChromeTabbedActivity}
10-09 13:26:34.604  2042  2693 I ImeInsetsSourceProvider: ImeInsetsSourceProvider.scheduleShowImePostLayout() Run showImeRunner.
10-09 13:26:34.604  2042  2693 I ImeInsetsSourceProvider: ImeInsetsSourceProvider.scheduleShowImePostLayout() isReadyToShowIme.
10-09 13:26:34.608  2042  6878 I WindowManager: cancelAnimation removed leash : Surface(name=Surface(name=d968687 NavigationBar0#90)/@0x2f479dd - animation-leash of insets_animation#5526)/@0x131d1d4
10-09 13:26:34.608  4304  4484 D MiuiFreeformModeController: avoidForInsetsBottomChangedIfNeed oldMoveableBottom: 2270 newMoveableBounds: 2270
10-09 13:26:34.608  4304  4484 D ImePositionProcessor: onImeVisibilityChanged     isShowing:  true
10-09 13:26:34.609  4304  4484 D MiuiFreeformModeController: onImeVisibilityChanged imeVisible: true imeHeight: 701 adjustedForRotation:false
10-09 13:26:34.609  2042  2073 D ActivityManager: checkAllowBackground: uid=10163 pkg=com.google.android.gms rec=UidRecord{3efeecd u0a163 BTOP change:procadj procs:0 seq(615871,425084)} caps=LCMNFU always=false idle=false
10-09 13:26:34.609  4304  4484 D MiuiFreeformModeAvoidAlgorithm: begin autoOrderingAvoidMiniTask
10-09 13:26:34.609  4304  4484 D MiuiFreeformModeAvoidAlgorithm: getCurrMiniPos: SameSideMiniPosList: []
10-09 13:26:34.609  4304  4484 D MiuiFreeformModeAvoidAlgorithm: getCurrMiniPos: SameSideMiniPosList: []
10-09 13:26:34.609  4304  4484 D MiuiFreeformModeAvoidAlgorithm: end autoOrderingAvoidMiniTask res:AvoidResult{distance=0, combination={}, activeTaskPos=Rect(0, 0 - 0, 0)}
10-09 13:26:34.610  2042  2693 I WindowManager: input method visible height changed 701
10-09 13:26:34.610  2042  3126 I ITouchFeature: current device and process support version:2
10-09 13:26:34.615  2042  2693 I WindowManager: wms.showSurfaceRobustly mWin:Window{49d5fba u0 InputMethod}
10-09 13:26:34.637  4304  4304 D ArtChoreographerMonitor: invoke error.
10-09 13:26:34.640  4304  4484 D OneHandedController: stopOneHanded state is 0
10-09 13:26:34.808  4304  4304 D ArtChoreographerMonitor: invoke error.
10-09 13:26:35.240  2042  6878 D WindowManagerService: checkFlipFullScreenChange is same, nowIsFullScreen = false
10-09 13:26:35.257  2042  6878 D WindowManagerService: checkFlipFullScreenChange is same, nowIsFullScreen = false
10-09 13:26:35.377  2042  3095 W MIUIInput: Input event injection from package: null action ACTION_DOWN
10-09 13:26:35.378  2042  3516 I ProcessManager: getRenderThreadTidByPid, caller=2042
10-09 13:26:35.381  2042  3095 W MIUIInput: Input event injection from package: null action ACTION_UP
10-09 13:26:35.405  2042  2073 I InputMethodManagerService: IMMS.applyImeVisibility(), setVisible = false, mCurclient = ClientState{80c558e mUid=10172 mPid=17153 mSelfReportedDisplayId=0}
10-09 13:26:35.406  4304  4304 D ArtChoreographerMonitor: invoke error.
10-09 13:26:35.417  2042  3095 W PackageConfigPersister: App-specific configuration not found for packageName: com.android.chrome and userId: 0
10-09 13:26:35.439  2042  4020 I WindowManager: cancelAnimation removed leash : Surface(name=Surface(name=704023a StatusBar#94)/@0xa8be448 - animation-leash of insets_animation#5514)/@0x2ce37aa
10-09 13:26:35.441  2042  4020 D WindowManager: wms.Input focus has changed to Window{c19e1ed u0 com.android.chrome/org.chromium.chrome.browser.ChromeTabbedActivity} display=0 updateInputWindows = false
10-09 13:26:35.441  2042  4020 I MultiSenceManagerInternalStub: getInstance
10-09 13:26:35.442  2042  2693 D WindowManager: wms.Focus not requested for window=Window{c19e1ed u0 com.android.chrome/org.chromium.chrome.browser.ChromeTabbedActivity} because it has no surface or is not focusable.
10-09 13:26:35.454  2042  4020 D CoreBackPreview: Window{c19e1ed u0 com.android.chrome/org.chromium.chrome.browser.ChromeTabbedActivity}: Setting back callback OnBackInvokedCallbackInfo{mCallback=android.window.IOnBackInvokedCallback$Stub$Proxy@1bf670f, mPriority=-1, mIsAnimationCallback=false}
10-09 13:26:35.486  2042  3095 D WindowManager: wms.finishDrawingLocked: mDrawState=COMMIT_DRAW_PENDING Window{c19e1ed u0 com.android.chrome/org.chromium.chrome.browser.ChromeTabbedActivity} in Surface(name=com.android.chrome/org.chromium.chrome.browser.ChromeTabbedActivity#5530)/@0x47fa39c
10-09 13:26:35.498  2042  2693 I WindowManager: wms.showSurfaceRobustly mWin:Window{c19e1ed u0 com.android.chrome/org.chromium.chrome.browser.ChromeTabbedActivity}
10-09 13:26:35.505  2183  2183 I wificond: station_bandwidth: P
10-09 13:26:35.507  4304  4484 D MiuiFreeformModeController: avoidForInsetsBottomChangedIfNeed oldMoveableBottom: 2270 newMoveableBounds: 2270
10-09 13:26:35.507  4304  4484 D ImePositionProcessor: onImeVisibilityChanged     isShowing:  false
10-09 13:26:35.509  2042  6878 D CoreBackPreview: Window{edce952 u0 com.android.chrome/org.chromium.chrome.browser.ChromeTabbedActivity}: Setting back callback OnBackInvokedCallbackInfo{mCallback=android.window.IOnBackInvokedCallback$Stub$Proxy@4fd751e, mPriority=0, mIsAnimationCallback=true}
10-09 13:26:35.511  2042  2693 I WindowManager: input method visible height changed 0
10-09 13:26:35.511  2042  3126 I ITouchFeature: current device and process support version:2
10-09 13:26:35.527  4304  4484 D MiuiFreeformModeController: onImeVisibilityChanged imeVisible: false imeHeight: 0 adjustedForRotation:false
10-09 13:26:35.527  4304  4484 D MiuiFreeformModeAvoidAlgorithm: begin autoOrderingAvoidMiniTask
10-09 13:26:35.527  4304  4484 D MiuiFreeformModeAvoidAlgorithm: getCurrMiniPos: SameSideMiniPosList: []
10-09 13:26:35.527  4304  4484 D MiuiFreeformModeAvoidAlgorithm: getCurrMiniPos: SameSideMiniPosList: []
10-09 13:26:35.527  4304  4484 D MiuiFreeformModeAvoidAlgorithm: end autoOrderingAvoidMiniTask res:AvoidResult{distance=0, combination={}, activeTaskPos=Rect(0, 0 - 0, 0)}
10-09 13:26:35.693  4304  4304 D ArtChoreographerMonitor: invoke error.
10-09 13:26:36.023  2042  2042 W AccessibilityManagerService:  wait for adding window timeout: 1353
10-09 13:26:36.036  2042  2073 I SmartPower: com.google.android.inputmethod.latin/10176(6431): visible->invisible(1552ms) R(become invisible) adj=100.
10-09 13:26:36.037  2042  2073 I SmartPower: com.google.android.inputmethod.latin/10176(6431): invisible->background(0ms) R(become background) adj=100.
10-09 13:26:36.038  4304  4484 D MiuiFreeformModeController: avoidForInsetsBottomChangedIfNeed oldMoveableBottom: 2270 newMoveableBounds: 2270
10-09 13:26:36.046  4304  4484 D MiuiFreeformModeController: avoidForInsetsBottomChangedIfNeed oldMoveableBottom: 2270 newMoveableBounds: 2270
10-09 13:26:36.129  2042  6997 W MIUIInput: Input event injection from package: null action ACTION_DOWN
10-09 13:26:36.130  2042  3516 I ProcessManager: getRenderThreadTidByPid, caller=2042
10-09 13:26:36.132  2042  6997 W MIUIInput: Input event injection from package: null action ACTION_UP
10-09 13:26:36.143  2042  6997 D CoreBackPreview: Window{c19e1ed u0 com.android.chrome/org.chromium.chrome.browser.ChromeTabbedActivity}: Setting back callback null
10-09 13:26:36.153  2042  6997 I WindowManager: cancelAnimation removed leash : Surface(name=Surface(name=704023a StatusBar#94)/@0xa8be448 - animation-leash of insets_animation#5529)/@0xcbfafe9
10-09 13:26:36.158  2042  6997 I WindowManager: cancelAnimation removed leash : Surface(name=Surface(name=d968687 NavigationBar0#90)/@0x2f479dd - animation-leash of insets_animation#5534)/@0x5a76559
10-09 13:26:36.161  2042  6997 D WindowManager: wms.Input focus has changed to Window{edce952 u0 com.android.chrome/org.chromium.chrome.browser.ChromeTabbedActivity} display=0 updateInputWindows = false
10-09 13:26:36.161  2042  6997 I MultiSenceManagerInternalStub: getInstance
10-09 13:26:36.164  4304  4304 D ArtChoreographerMonitor: invoke error.
10-09 13:26:36.200  2042  3095 W PackageConfigPersister: App-specific configuration not found for packageName: com.android.chrome and userId: 0
10-09 13:26:36.205  2042  3095 D PerfShielderService: com.android.chrome|com.android.chrome/org.chromium.chrome.browser.ChromeTabbedActivity|131|34204781850492|64|0|3
10-09 13:26:36.206  6649  6663 W MiuiPerfServiceClient: interceptAndQueuing:17153|com.android.chrome|131|64|34204781850492|Slow main thread|3
10-09 13:26:36.358  4304  4304 D ArtChoreographerMonitor: invoke error.
10-09 13:26:36.731  2042  3095 W MIUIInput: Input event injection from package: null action ACTION_DOWN
10-09 13:26:36.732  2042  3516 I ProcessManager: getRenderThreadTidByPid, caller=2042
10-09 13:26:36.735  2042  3095 W MIUIInput: Input event injection from package: null action ACTION_UP
10-09 13:26:36.754  2042  6997 I InputMethodManagerService: IMMS.showSoftInput(), client = com.android.internal.inputmethod.IInputMethodClient$Stub$Proxy@133ccda
10-09 13:26:36.754  2042  6997 I InputMethodManagerService: IMMS.showCurrentInputLocked(), flags = 0
10-09 13:26:36.755  2042  6997 D SmartPower: com.google.android.inputmethod.latin/10176(6431): show input method
10-09 13:26:36.755  2042  6997 I SmartPower: com.google.android.inputmethod.latin/10176(6431): background->visible(718ms) R(show input method) adj=100.
10-09 13:26:36.755  2042  6997 I DefaultImeVisibilityApplier: IMMS.showCurrentInputLocked request ims to show inputMethod.
10-09 13:26:36.757  2042  3095 W PackageConfigPersister: App-specific configuration not found for packageName: com.android.chrome and userId: 0
10-09 13:26:36.773  2042  6997 I InputMethodManagerService: IMMS.showSoftInput(), client = com.android.internal.inputmethod.IInputMethodClient$Stub$Proxy@14a3fe8
10-09 13:26:36.774  2042  6997 I InputMethodManagerService: IMMS.showCurrentInputLocked(), flags = 0
10-09 13:26:36.774  2042  6997 D SmartPower: com.google.android.inputmethod.latin/10176(6431): show input method
10-09 13:26:36.774  2042  6997 I DefaultImeVisibilityApplier: IMMS.showCurrentInputLocked request ims to show inputMethod.
10-09 13:26:36.817  2042  6997 I InputMethodManagerService: IMMS.applyImeVisibility(), setVisible = true, mCurclient = ClientState{80c558e mUid=10172 mPid=17153 mSelfReportedDisplayId=0}
10-09 13:26:36.818  2042  6997 I WindowManager: WMS.showImePostLayout(), imeTarget = Window{edce952 u0 com.android.chrome/org.chromium.chrome.browser.ChromeTabbedActivity}
10-09 13:26:36.819  4304  4304 D ArtChoreographerMonitor: invoke error.
10-09 13:26:36.820  4304  4484 D OneHandedController: stopOneHanded state is 0
10-09 13:26:36.820  2042  3095 D ActivityManager: checkAllowBackground: uid=10163 pkg=com.google.android.gms rec=UidRecord{3efeecd u0a163 BTOP change:procadj procs:0 seq(615879,425084)} caps=LCMNFU always=false idle=false
10-09 13:26:36.824  2042  2073 D CoreBackPreview: Window{edce952 u0 com.android.chrome/org.chromium.chrome.browser.ChromeTabbedActivity}: Setting back callback OnBackInvokedCallbackInfo{mCallback=android.window.IOnBackInvokedCallback$Stub$Proxy@1861601, mPriority=0, mIsAnimationCallback=false}
10-09 13:26:36.833  4304  4484 D OneHandedController: stopOneHanded state is 0
10-09 13:26:36.835  4304  4484 D MiuiFreeformModeController: avoidForInsetsBottomChangedIfNeed oldMoveableBottom: 2270 newMoveableBounds: 2270
10-09 13:26:36.849  4304  4484 D MiuiFreeformModeController: avoidForInsetsBottomChangedIfNeed oldMoveableBottom: 2270 newMoveableBounds: 2270
10-09 13:26:36.860  2042  2073 I InputMethodManagerService: IMMS.applyImeVisibility(), setVisible = true, mCurclient = ClientState{80c558e mUid=10172 mPid=17153 mSelfReportedDisplayId=0}
10-09 13:26:36.860  2042  2073 I WindowManager: WMS.showImePostLayout(), imeTarget = Window{edce952 u0 com.android.chrome/org.chromium.chrome.browser.ChromeTabbedActivity}
10-09 13:26:36.869  2042  3095 D WindowManager: wms.finishDrawingLocked: mDrawState=COMMIT_DRAW_PENDING Window{49d5fba u0 InputMethod} in Surface(name=InputMethod#5539)/@0xbb9b6e7
10-09 13:26:36.873  2042  2693 I ImeInsetsSourceProvider: ImeInsetsSourceProvider.scheduleShowImePostLayout() Run showImeRunner.
10-09 13:26:36.874  2042  2693 I ImeInsetsSourceProvider: ImeInsetsSourceProvider.scheduleShowImePostLayout() isReadyToShowIme.
10-09 13:26:36.881  2042  3096 I WindowManager: cancelAnimation removed leash : Surface(name=Surface(name=d968687 NavigationBar0#90)/@0x2f479dd - animation-leash of insets_animation#5537)/@0xa72dacd
10-09 13:26:36.881  4304  4484 D MiuiFreeformModeController: avoidForInsetsBottomChangedIfNeed oldMoveableBottom: 2270 newMoveableBounds: 2270
10-09 13:26:36.881  4304  4484 D ImePositionProcessor: onImeVisibilityChanged     isShowing:  true
10-09 13:26:36.883  2042  2693 I WindowManager: input method visible height changed 701
10-09 13:26:36.885  2042  2693 I WindowManager: wms.showSurfaceRobustly mWin:Window{49d5fba u0 InputMethod}
10-09 13:26:36.885  2042  3126 I ITouchFeature: current device and process support version:2
10-09 13:26:36.885  2042  4589 D ActivityManager: checkAllowBackground: uid=10163 pkg=com.google.android.gms rec=UidRecord{3efeecd u0a163 BTOP change:procadj procs:0 seq(615883,425084)} caps=LCMNFU always=false idle=false
10-09 13:26:36.885  4304  4484 D MiuiFreeformModeController: onImeVisibilityChanged imeVisible: true imeHeight: 701 adjustedForRotation:false
10-09 13:26:36.885  4304  4484 D MiuiFreeformModeAvoidAlgorithm: begin autoOrderingAvoidMiniTask
10-09 13:26:36.885  4304  4484 D MiuiFreeformModeAvoidAlgorithm: getCurrMiniPos: SameSideMiniPosList: []
10-09 13:26:36.885  4304  4484 D MiuiFreeformModeAvoidAlgorithm: getCurrMiniPos: SameSideMiniPosList: []
10-09 13:26:36.885  4304  4484 D MiuiFreeformModeAvoidAlgorithm: end autoOrderingAvoidMiniTask res:AvoidResult{distance=0, combination={}, activeTaskPos=Rect(0, 0 - 0, 0)}
10-09 13:26:36.902  4304  4484 D OneHandedController: stopOneHanded state is 0
10-09 13:26:37.074  4304  4304 D ArtChoreographerMonitor: invoke error.
10-09 13:26:37.464   702 22701 I keystore2: system/security/keystore2/src/watchdog.rs:319 - Watchdog thread idle -> terminating. Have a great day.
10-09 13:26:37.708  2042  4020 D WindowManagerService: checkFlipFullScreenChange is same, nowIsFullScreen = false
10-09 13:26:37.726  2042  4020 D WindowManagerService: checkFlipFullScreenChange is same, nowIsFullScreen = false
10-09 13:26:37.858  2042  4020 W MIUIInput: Input event injection from package: null action ACTION_DOWN
10-09 13:26:37.860  2042  3516 I ProcessManager: getRenderThreadTidByPid, caller=2042
10-09 13:26:37.862  2042  4020 W MIUIInput: Input event injection from package: null action ACTION_UP
10-09 13:26:37.886  2042  4020 I InputMethodManagerService: IMMS.applyImeVisibility(), setVisible = false, mCurclient = ClientState{80c558e mUid=10172 mPid=17153 mSelfReportedDisplayId=0}
10-09 13:26:37.888  4304  4304 D ArtChoreographerMonitor: invoke error.
10-09 13:26:37.896  2042  4020 W PackageConfigPersister: App-specific configuration not found for packageName: com.android.chrome and userId: 0
10-09 13:26:37.898  2042  4589 D CoreBackPreview: Window{edce952 u0 com.android.chrome/org.chromium.chrome.browser.ChromeTabbedActivity}: Setting back callback OnBackInvokedCallbackInfo{mCallback=android.window.IOnBackInvokedCallback$Stub$Proxy@8a32400, mPriority=0, mIsAnimationCallback=true}
10-09 13:26:37.903  4304  4484 D MiuiFreeformModeController: avoidForInsetsBottomChangedIfNeed oldMoveableBottom: 2270 newMoveableBounds: 2270
10-09 13:26:37.903  4304  4484 D ImePositionProcessor: onImeVisibilityChanged     isShowing:  false
10-09 13:26:37.906  2042  6971 I WindowManager: input method visible height changed 0
10-09 13:26:37.906  2042  3126 I ITouchFeature: current device and process support version:2
10-09 13:26:37.917  4304  4484 D MiuiFreeformModeController: onImeVisibilityChanged imeVisible: false imeHeight: 0 adjustedForRotation:false
10-09 13:26:37.918  4304  4484 D MiuiFreeformModeAvoidAlgorithm: begin autoOrderingAvoidMiniTask
10-09 13:26:37.918  4304  4484 D MiuiFreeformModeAvoidAlgorithm: getCurrMiniPos: SameSideMiniPosList: []
10-09 13:26:37.918  4304  4484 D MiuiFreeformModeAvoidAlgorithm: getCurrMiniPos: SameSideMiniPosList: []
10-09 13:26:37.918  4304  4484 D MiuiFreeformModeAvoidAlgorithm: end autoOrderingAvoidMiniTask res:AvoidResult{distance=0, combination={}, activeTaskPos=Rect(0, 0 - 0, 0)}
10-09 13:26:38.056  4304  4304 D ArtChoreographerMonitor: invoke error.
10-09 13:26:38.432  2042  6971 I SmartPower: com.google.android.inputmethod.latin/10176(6431): visible->invisible(1678ms) R(become invisible) adj=100.
10-09 13:26:38.433  2042  6971 I SmartPower: com.google.android.inputmethod.latin/10176(6431): invisible->background(0ms) R(become background) adj=100.
10-09 13:26:38.435  4304  4484 D MiuiFreeformModeController: avoidForInsetsBottomChangedIfNeed oldMoveableBottom: 2270 newMoveableBounds: 2270
10-09 13:26:38.441  4304  4484 D MiuiFreeformModeController: avoidForInsetsBottomChangedIfNeed oldMoveableBottom: 2270 newMoveableBounds: 2270
10-09 13:26:38.510  2042  6971 W MIUIInput: Input event injection from package: null action ACTION_DOWN
10-09 13:26:38.510  2042  3516 I ProcessManager: getRenderThreadTidByPid, caller=2042
10-09 13:26:38.513  2042  3516 I ProcessManager: getRenderThreadTidByPid, caller=2042
10-09 13:26:38.517  2183  2183 I wificond: station_bandwidth: P
10-09 13:26:38.520  4304  4304 D ArtChoreographerMonitor: invoke error.
10-09 13:26:38.603  2042  6971 W MIUIInput: Input event injection from package: null action ACTION_UP
10-09 13:26:38.691  4304  4304 D ArtChoreographerMonitor: invoke error.
10-09 13:26:40.063  2042  6971 W MIUIInput: Input event injection from package: null action ACTION_DOWN
10-09 13:26:40.064  2042  3516 I ProcessManager: getRenderThreadTidByPid, caller=2042
10-09 13:26:40.067  2042  6971 W MIUIInput: Input event injection from package: null action ACTION_UP
10-09 13:26:40.085  2042  4589 W PackageConfigPersister: App-specific configuration not found for packageName: com.android.chrome and userId: 0
10-09 13:26:40.086  2042  4020 I InputMethodManagerService: IMMS.showSoftInput(), client = com.android.internal.inputmethod.IInputMethodClient$Stub$Proxy@2aa2af5
10-09 13:26:40.086  2042  4020 I InputMethodManagerService: IMMS.showCurrentInputLocked(), flags = 0
10-09 13:26:40.086  2042  4020 D SmartPower: com.google.android.inputmethod.latin/10176(6431): show input method
10-09 13:26:40.086  2042  4020 I SmartPower: com.google.android.inputmethod.latin/10176(6431): background->visible(1654ms) R(show input method) adj=100.
10-09 13:26:40.087  2042  4020 I DefaultImeVisibilityApplier: IMMS.showCurrentInputLocked request ims to show inputMethod.
10-09 13:26:40.127  2042  6971 I InputMethodManagerService: IMMS.showSoftInput(), client = com.android.internal.inputmethod.IInputMethodClient$Stub$Proxy@28916fb
10-09 13:26:40.127  2042  6971 I InputMethodManagerService: IMMS.showCurrentInputLocked(), flags = 0
10-09 13:26:40.127  2042  6971 D SmartPower: com.google.android.inputmethod.latin/10176(6431): show input method
10-09 13:26:40.128  2042  6971 I DefaultImeVisibilityApplier: IMMS.showCurrentInputLocked request ims to show inputMethod.
10-09 13:26:40.139  2042  6971 I InputMethodManagerService: IMMS.showSoftInput(), client = com.android.internal.inputmethod.IInputMethodClient$Stub$Proxy@6bf8171
10-09 13:26:40.139  2042  6971 I InputMethodManagerService: IMMS.showCurrentInputLocked(), flags = 0
10-09 13:26:40.139  2042  6971 D SmartPower: com.google.android.inputmethod.latin/10176(6431): show input method
10-09 13:26:40.141  2042  6971 I DefaultImeVisibilityApplier: IMMS.showCurrentInputLocked request ims to show inputMethod.
10-09 13:26:40.156  2042  6971 I InputMethodManagerService: IMMS.applyImeVisibility(), setVisible = true, mCurclient = ClientState{80c558e mUid=10172 mPid=17153 mSelfReportedDisplayId=0}
10-09 13:26:40.158  2042  3096 D CoreBackPreview: Window{edce952 u0 com.android.chrome/org.chromium.chrome.browser.ChromeTabbedActivity}: Setting back callback OnBackInvokedCallbackInfo{mCallback=android.window.IOnBackInvokedCallback$Stub$Proxy@760bb56, mPriority=0, mIsAnimationCallback=false}
10-09 13:26:40.158  2042  6971 I WindowManager: WMS.showImePostLayout(), imeTarget = Window{edce952 u0 com.android.chrome/org.chromium.chrome.browser.ChromeTabbedActivity}
10-09 13:26:40.166  2042  3096 D ActivityManager: checkAllowBackground: uid=10163 pkg=com.google.android.gms rec=UidRecord{3efeecd u0a163 BTOP change:procadj procs:0 seq(615887,425084)} caps=LCMNFU always=false idle=false
10-09 13:26:40.174  4304  4484 D MiuiFreeformModeController: avoidForInsetsBottomChangedIfNeed oldMoveableBottom: 2270 newMoveableBounds: 2270
10-09 13:26:40.191  4304  4484 D MiuiFreeformModeController: avoidForInsetsBottomChangedIfNeed oldMoveableBottom: 2270 newMoveableBounds: 2270
10-09 13:26:40.201  2042  3096 D WindowManager: wms.finishDrawingLocked: mDrawState=COMMIT_DRAW_PENDING Window{49d5fba u0 InputMethod} in Surface(name=InputMethod#5541)/@0x3a6a8c4
10-09 13:26:40.203  2042  2693 I ImeInsetsSourceProvider: ImeInsetsSourceProvider.scheduleShowImePostLayout() Run showImeRunner.
10-09 13:26:40.203  2042  2693 I ImeInsetsSourceProvider: ImeInsetsSourceProvider.scheduleShowImePostLayout() isReadyToShowIme.
10-09 13:26:40.204  2042  4020 I InputMethodManagerService: IMMS.applyImeVisibility(), setVisible = true, mCurclient = ClientState{80c558e mUid=10172 mPid=17153 mSelfReportedDisplayId=0}
10-09 13:26:40.208  2042  4020 I WindowManager: WMS.showImePostLayout(), imeTarget = Window{edce952 u0 com.android.chrome/org.chromium.chrome.browser.ChromeTabbedActivity}
10-09 13:26:40.216  2042  2693 I ImeInsetsSourceProvider: ImeInsetsSourceProvider.scheduleShowImePostLayout() Run showImeRunner.
10-09 13:26:40.216  2042  2693 I ImeInsetsSourceProvider: ImeInsetsSourceProvider.scheduleShowImePostLayout() isReadyToShowIme.
10-09 13:26:40.219  2042  4020 I InputMethodManagerService: IMMS.applyImeVisibility(), setVisible = true, mCurclient = ClientState{80c558e mUid=10172 mPid=17153 mSelfReportedDisplayId=0}
10-09 13:26:40.221  2042  6971 I WindowManager: cancelAnimation removed leash : Surface(name=Surface(name=d968687 NavigationBar0#90)/@0x2f479dd - animation-leash of insets_animation#5540)/@0xa6e8439
10-09 13:26:40.222  4304  4484 D MiuiFreeformModeController: avoidForInsetsBottomChangedIfNeed oldMoveableBottom: 2270 newMoveableBounds: 2270
10-09 13:26:40.223  4304  4484 D ImePositionProcessor: onImeVisibilityChanged     isShowing:  true
10-09 13:26:40.223  2042  2073 D ActivityManager: checkAllowBackground: uid=10163 pkg=com.google.android.gms rec=UidRecord{3efeecd u0a163 BTOP change:procadj procs:0 seq(615891,425084)} caps=LCMNFU always=false idle=false
10-09 13:26:40.225  2042  2693 I WindowManager: input method visible height changed 701
10-09 13:26:40.225  2042  3126 I ITouchFeature: current device and process support version:2
10-09 13:26:40.228  2042  2693 I WindowManager: wms.showSurfaceRobustly mWin:Window{49d5fba u0 InputMethod}
10-09 13:26:40.230  4304  4484 D MiuiFreeformModeController: onImeVisibilityChanged imeVisible: true imeHeight: 701 adjustedForRotation:false
10-09 13:26:40.230  4304  4484 D MiuiFreeformModeAvoidAlgorithm: begin autoOrderingAvoidMiniTask
10-09 13:26:40.230  4304  4484 D MiuiFreeformModeAvoidAlgorithm: getCurrMiniPos: SameSideMiniPosList: []
10-09 13:26:40.230  4304  4484 D MiuiFreeformModeAvoidAlgorithm: getCurrMiniPos: SameSideMiniPosList: []
10-09 13:26:40.230  4304  4484 D MiuiFreeformModeAvoidAlgorithm: end autoOrderingAvoidMiniTask res:AvoidResult{distance=0, combination={}, activeTaskPos=Rect(0, 0 - 0, 0)}
10-09 13:26:40.245  2042  4020 I WindowManager: WMS.showImePostLayout(), imeTarget = Window{edce952 u0 com.android.chrome/org.chromium.chrome.browser.ChromeTabbedActivity}
10-09 13:26:40.247  2042  2693 I ImeInsetsSourceProvider: ImeInsetsSourceProvider.scheduleShowImePostLayout() Run showImeRunner.
10-09 13:26:40.247  2042  2693 I ImeInsetsSourceProvider: ImeInsetsSourceProvider.scheduleShowImePostLayout() isReadyToShowIme.
10-09 13:26:40.252  4304  4304 D ArtChoreographerMonitor: invoke error.
10-09 13:26:40.254  4304  4484 D OneHandedController: stopOneHanded state is 0
10-09 13:26:40.423  4304  4304 D ArtChoreographerMonitor: invoke error.
10-09 13:26:40.904  2042  4020 D WindowManagerService: checkFlipFullScreenChange is same, nowIsFullScreen = false
10-09 13:26:40.920  2042  4020 D WindowManagerService: checkFlipFullScreenChange is same, nowIsFullScreen = false
10-09 13:26:40.949  2042  4020 W MIUIInput: Input event injection from package: null action ACTION_DOWN keycode 66
10-09 13:26:40.949  2042  4020 W MiuiInputKeyEventLog: keyCode:66 down:true eventTime:34210199 downTime:34210199 policyFlags:2b000000 flags:0 metaState:0 deviceId:-1 isScreenOn:true keyguardActive:false repeatCount:0
10-09 13:26:40.956  2042  4020 W MIUIInput: Input event injection from package: null action ACTION_UP keycode 66
10-09 13:26:40.956  2042  4020 W MiuiInputKeyEventLog: keyCode:66 down:false eventTime:34210199 downTime:34210199 policyFlags:2b000000 flags:0 metaState:0 deviceId:-1 isScreenOn:true keyguardActive:false repeatCount:0
10-09 13:26:40.969  2042  6971 D ActivityManager: checkAllowBackground: uid=10163 pkg=com.google.android.gms rec=UidRecord{3efeecd u0a163 BTOP change:procadj procs:0 seq(615895,425084)} caps=LCMNFU always=false idle=false
10-09 13:26:40.986  2042  4020 D ActivityManager: checkAllowBackground: uid=10163 pkg=com.google.android.gms rec=UidRecord{3efeecd u0a163 BTOP change:procadj procs:0 seq(615899,425084)} caps=LCMNFU always=false idle=false
10-09 13:26:40.997  2042  4020 D ActivityManager: checkAllowBackground: uid=10163 pkg=com.google.android.gms rec=UidRecord{3efeecd u0a163 BTOP change:procadj procs:0 seq(615903,425084)} caps=LCMNFU always=false idle=false
10-09 13:26:41.005  2042  3110 W ProcessStats: Tracking association SourceState{1b0dd2c com.android.vending/10164 ImpBg #97864} whose proc state 6 is better than process ProcessState{d60be6a com.android.vending:background/10164 pkg=com.android.vending} proc state 14 (183 skipped)
10-09 13:26:41.006  2042  4020 D ActivityManager: checkAllowBackground: uid=10163 pkg=com.google.android.gms rec=UidRecord{3efeecd u0a163 BTOP change:procadj procs:0 seq(615961,425084)} caps=LCMNFU always=false idle=false
10-09 13:26:41.149  2042  4589 I InputMethodManagerService: IMMS.applyImeVisibility(), setVisible = false, mCurclient = ClientState{80c558e mUid=10172 mPid=17153 mSelfReportedDisplayId=0}
10-09 13:26:41.157  2042  2073 W PackageConfigPersister: App-specific configuration not found for packageName: com.android.chrome and userId: 0
10-09 13:26:41.161  4304  4304 D ArtChoreographerMonitor: invoke error.
10-09 13:26:41.168  2042  3095 D SchedBoost: com.android.chrome:sandboxed_process0:org.chromium.content.app.SandboxedProcessService0:27 boosting, skip reset priority
10-09 13:26:41.182  4304  4484 D MiuiFreeformModeController: avoidForInsetsBottomChangedIfNeed oldMoveableBottom: 2270 newMoveableBounds: 2270
10-09 13:26:41.182  4304  4484 D ImePositionProcessor: onImeVisibilityChanged     isShowing:  false
10-09 13:26:41.187  2042  2693 I WindowManager: input method visible height changed 0
10-09 13:26:41.187  2042  3126 I ITouchFeature: current device and process support version:2
10-09 13:26:41.197  4304  4484 D MiuiFreeformModeController: onImeVisibilityChanged imeVisible: false imeHeight: 0 adjustedForRotation:false
10-09 13:26:41.197  4304  4484 D MiuiFreeformModeAvoidAlgorithm: begin autoOrderingAvoidMiniTask
10-09 13:26:41.197  4304  4484 D MiuiFreeformModeAvoidAlgorithm: getCurrMiniPos: SameSideMiniPosList: []
10-09 13:26:41.197  4304  4484 D MiuiFreeformModeAvoidAlgorithm: getCurrMiniPos: SameSideMiniPosList: []
10-09 13:26:41.197  4304  4484 D MiuiFreeformModeAvoidAlgorithm: end autoOrderingAvoidMiniTask res:AvoidResult{distance=0, combination={}, activeTaskPos=Rect(0, 0 - 0, 0)}
10-09 13:26:41.202  2042  4020 D CoreBackPreview: Window{edce952 u0 com.android.chrome/org.chromium.chrome.browser.ChromeTabbedActivity}: Setting back callback OnBackInvokedCallbackInfo{mCallback=android.window.IOnBackInvokedCallback$Stub$Proxy@b43d248, mPriority=0, mIsAnimationCallback=true}
10-09 13:26:41.331  4304  4304 D ArtChoreographerMonitor: invoke error.
10-09 13:26:41.528  2183  2183 I wificond: station_bandwidth: P
10-09 13:26:41.707  2042  4020 I SmartPower: com.google.android.inputmethod.latin/10176(6431): visible->invisible(1621ms) R(become invisible) adj=100.
10-09 13:26:41.708  2042  4020 I SmartPower: com.google.android.inputmethod.latin/10176(6431): invisible->background(0ms) R(become background) adj=100.
10-09 13:26:41.711  4304  4484 D MiuiFreeformModeController: avoidForInsetsBottomChangedIfNeed oldMoveableBottom: 2270 newMoveableBounds: 2270
10-09 13:26:41.720  4304  4484 D MiuiFreeformModeController: avoidForInsetsBottomChangedIfNeed oldMoveableBottom: 2270 newMoveableBounds: 2270
10-09 13:26:42.077  2042  4020 W MIUIInput: Input event injection from package: null action ACTION_DOWN
10-09 13:26:42.079  2042  3516 I ProcessManager: getRenderThreadTidByPid, caller=2042
10-09 13:26:42.083  2042  3516 I ProcessManager: getRenderThreadTidByPid, caller=2042
10-09 13:26:42.174  2042  4020 W MIUIInput: Input event injection from package: null action ACTION_UP
10-09 13:26:42.431  2042  2702 D HeapUsage Monitor: HeapAllocSize : 92MB; monitorSize : 500MB
10-09 13:26:43.030  2042  3096 W MIUIInput: Input event injection from package: null action ACTION_DOWN
10-09 13:26:43.031  2042  3516 I ProcessManager: getRenderThreadTidByPid, caller=2042
10-09 13:26:43.037  2042  3516 I ProcessManager: getRenderThreadTidByPid, caller=2042
10-09 13:26:43.120  2042  3096 W MIUIInput: Input event injection from package: null action ACTION_UP
10-09 13:26:43.982  2042  3096 W MIUIInput: Input event injection from package: null action ACTION_DOWN
10-09 13:26:43.983  2042  3516 I ProcessManager: getRenderThreadTidByPid, caller=2042
10-09 13:26:43.986  2042  3516 I ProcessManager: getRenderThreadTidByPid, caller=2042
10-09 13:26:44.071  2042  3096 W MIUIInput: Input event injection from package: null action ACTION_UP
10-09 13:26:44.540  2183  2183 I wificond: station_bandwidth: P
10-09 13:26:44.542  4304  4304 D ArtChoreographerMonitor: invoke error.
10-09 13:26:44.707  2042  3524 I SmartPower: com.google.android.inputmethod.latin/10176(6431): background->idle(3000ms) R(become invisible) adj=100.
10-09 13:26:44.712  4304  4304 D ArtChoreographerMonitor: invoke error.
10-09 13:26:44.925  2042  4020 W MIUIInput: Input event injection from package: null action ACTION_DOWN
10-09 13:26:44.926  2042  3516 I ProcessManager: getRenderThreadTidByPid, caller=2042
10-09 13:26:44.929  2042  3516 I ProcessManager: getRenderThreadTidByPid, caller=2042
10-09 13:26:45.014  2042  4020 W MIUIInput: Input event injection from package: null action ACTION_UP
10-09 13:26:45.854  2042  3095 W MIUIInput: Input event injection from package: null action ACTION_DOWN
10-09 13:26:45.855  2042  3516 I ProcessManager: getRenderThreadTidByPid, caller=2042
10-09 13:26:45.859  2042  3516 I ProcessManager: getRenderThreadTidByPid, caller=2042
10-09 13:26:45.942  2042  3096 W MIUIInput: Input event injection from package: null action ACTION_UP
10-09 13:26:46.788  2042  4020 W MIUIInput: Input event injection from package: null action ACTION_DOWN
10-09 13:26:46.790  2042  3516 I ProcessManager: getRenderThreadTidByPid, caller=2042
10-09 13:26:46.795  2042  3516 I ProcessManager: getRenderThreadTidByPid, caller=2042
10-09 13:26:46.877  2042  4020 W MIUIInput: Input event injection from package: null action ACTION_UP
10-09 13:26:47.549  2183  2183 I wificond: station_bandwidth: P
10-09 13:26:47.806  2042  3096 W MIUIInput: Input event injection from package: null action ACTION_DOWN
10-09 13:26:47.808  2042  3516 I ProcessManager: getRenderThreadTidByPid, caller=2042
10-09 13:26:47.810  2042  3096 W MIUIInput: Input event injection from package: null action ACTION_UP
10-09 13:26:47.820  2042  4020 D ActivityManager: checkAllowBackground: uid=10163 pkg=com.google.android.gms rec=UidRecord{3efeecd u0a163 BTOP change:procadj procs:0 seq(616013,425084)} caps=LCMNFU always=false idle=false
10-09 13:26:47.833  2042  6997 D ActivityManager: checkAllowBackground: uid=10163 pkg=com.google.android.gms rec=UidRecord{3efeecd u0a163 BTOP change:procadj procs:0 seq(616019,425084)} caps=LCMNFU always=false idle=false
10-09 13:26:47.849  2042  3095 D ActivityManager: checkAllowBackground: uid=10163 pkg=com.google.android.gms rec=UidRecord{3efeecd u0a163 BTOP change:procadj procs:0 seq(616025,425084)} caps=LCMNFU always=false idle=false
10-09 13:26:47.957  2042  3095 D ActivityManager: checkAllowBackground: uid=10163 pkg=com.google.android.gms rec=UidRecord{3efeecd u0a163 BTOP change:procadj procs:0 seq(616029,425084)} caps=LCMNFU always=false idle=false
10-09 13:26:48.067  2042  6997 D CompatibilityChangeReporter: Compat change id reported: 265464455; UID 10030; state: DISABLED
10-09 13:26:48.067  2042  6997 D CompatibilityChangeReporter: Compat change id reported: 265452344; UID 10030; state: DISABLED
10-09 13:26:48.067  2042  6997 D CompatibilityChangeReporter: Compat change id reported: 266124927; UID 10030; state: DISABLED
10-09 13:26:48.067  2042  6997 D CompatibilityChangeReporter: Compat change id reported: 265451093; UID 10030; state: DISABLED
10-09 13:26:48.067  2042  6997 D CompatibilityChangeReporter: Compat change id reported: 265456536; UID 10030; state: DISABLED
10-09 13:26:48.068  2042  6997 D CompatibilityChangeReporter: Compat change id reported: 255940284; UID 10030; state: DISABLED
10-09 13:26:48.068  2042  6997 D CompatibilityChangeReporter: Compat change id reported: 236283604; UID 10030; state: DISABLED
10-09 13:26:48.068  2042  6997 D CompatibilityChangeReporter: Compat change id reported: 263959004; UID 10030; state: DISABLED
10-09 13:26:48.068  2042  6997 D CompatibilityChangeReporter: Compat change id reported: 264304459; UID 10030; state: DISABLED
10-09 13:26:48.068  2042  6997 D CompatibilityChangeReporter: Compat change id reported: 264301586; UID 10030; state: DISABLED
10-09 13:26:48.068  2042  6997 D CompatibilityChangeReporter: Compat change id reported: 254631730; UID 10030; state: DISABLED
10-09 13:26:48.068  2042  6997 D CompatibilityChangeReporter: Compat change id reported: 273509367; UID 10030; state: DISABLED
10-09 13:26:48.068  2042  6997 D CompatibilityChangeReporter: Compat change id reported: 263259275; UID 10030; state: DISABLED
10-09 13:26:48.068  2042  6997 D CompatibilityChangeReporter: Compat change id reported: 174042980; UID 10030; state: DISABLED
10-09 13:26:48.068  2042  6997 D CompatibilityChangeReporter: Compat change id reported: 174042936; UID 10030; state: DISABLED
