--------- beginning of crash
09-30 02:36:24.484  1558  1558 I emdlogger: mtk-brm-commit-id:2833288c68103f17f4843653d1b9a6fbd2f6e149
09-30 02:36:24.498  1558  1558 I emdlogger: mtk-brm-change-id:I6afe606aa6a21dad7f79560b154220d5ade63e14
09-30 02:36:24.499  1558  1558 I emdlogger: mtk-brm-merge-id:none
09-30 02:36:24.544  1534  1534 I libimsma_adapt: mtk-brm-commit-id:08c165c9fffde5e436e743d3aa5d9496d79cbc21
09-30 02:36:24.545  1534  1534 I libimsma_adapt: mtk-brm-change-id:I5d32ca5715dae8f0bcd34ce3d65cbe31e750f432
09-30 02:36:24.545  1534  1534 I libimsma_adapt: mtk-brm-merge-id:none
09-30 12:11:43.791  2938  2938 I SmartRatSwitch: mtk-brm-commit-id:5fafc7f90721207346ff793b0242d9143ebe08b5
09-30 12:11:43.793  2938  2938 I SmartRatSwitch: mtk-brm-change-id:I78997b642e154a4486e6f4d8caf000b0aab4b465
09-30 12:11:43.793  2938  2938 I SmartRatSwitch: mtk-brm-merge-id:none
10-06 14:43:03.589 32186 32204 E AndroidRuntime: FATAL EXCEPTION: Instr: androidx.test.runner.AndroidJUnitRunner
10-06 14:43:03.589 32186 32204 E AndroidRuntime: Process: io.appium.uiautomator2.server, PID: 32186
10-06 14:43:03.589 32186 32204 E AndroidRuntime: java.lang.RuntimeException: Error while disconnecting UiAutomation@dc362ca[id=-1, displayId=0, flags=0]
10-06 14:43:03.589 32186 32204 E AndroidRuntime: 	at android.app.UiAutomation.disconnect(UiAutomation.java:451)
10-06 14:43:03.589 32186 32204 E AndroidRuntime: 	at android.app.Instrumentation.finish(Instrumentation.java:275)
10-06 14:43:03.589 32186 32204 E AndroidRuntime: 	at androidx.test.runner.MonitoringInstrumentation.finish(MonitoringInstrumentation.java:381)
10-06 14:43:03.589 32186 32204 E AndroidRuntime: 	at androidx.test.runner.AndroidJUnitRunner.finish(AndroidJUnitRunner.java:463)
10-06 14:43:03.589 32186 32204 E AndroidRuntime: 	at androidx.test.runner.AndroidJUnitRunner.onStart(AndroidJUnitRunner.java:452)
10-06 14:43:03.589 32186 32204 E AndroidRuntime: 	at android.app.Instrumentation$InstrumentationThread.run(Instrumentation.java:2440)
10-06 14:43:03.589 32186 32204 E AndroidRuntime: Caused by: android.os.DeadObjectException
10-06 14:43:03.589 32186 32204 E AndroidRuntime: 	at android.os.BinderProxy.transactNative(Native Method)
10-06 14:43:03.589 32186 32204 E AndroidRuntime: 	at android.os.BinderProxy.transact(BinderProxy.java:639)
10-06 14:43:03.589 32186 32204 E AndroidRuntime: 	at android.app.IUiAutomationConnection$Stub$Proxy.disconnect(IUiAutomationConnection.java:471)
10-06 14:43:03.589 32186 32204 E AndroidRuntime: 	at android.app.UiAutomation.disconnect(UiAutomation.java:449)
10-06 14:43:03.589 32186 32204 E AndroidRuntime: 	... 5 more
10-06 15:42:53.491 24061 24079 E AndroidRuntime: FATAL EXCEPTION: Instr: androidx.test.runner.AndroidJUnitRunner
10-06 15:42:53.491 24061 24079 E AndroidRuntime: Process: io.appium.uiautomator2.server, PID: 24061
10-06 15:42:53.491 24061 24079 E AndroidRuntime: java.lang.RuntimeException: Error while disconnecting UiAutomation@14d1251[id=-1, displayId=0, flags=0]
10-06 15:42:53.491 24061 24079 E AndroidRuntime: 	at android.app.UiAutomation.disconnect(UiAutomation.java:451)
10-06 15:42:53.491 24061 24079 E AndroidRuntime: 	at android.app.Instrumentation.finish(Instrumentation.java:275)
10-06 15:42:53.491 24061 24079 E AndroidRuntime: 	at androidx.test.runner.MonitoringInstrumentation.finish(MonitoringInstrumentation.java:381)
10-06 15:42:53.491 24061 24079 E AndroidRuntime: 	at androidx.test.runner.AndroidJUnitRunner.finish(AndroidJUnitRunner.java:463)
10-06 15:42:53.491 24061 24079 E AndroidRuntime: 	at androidx.test.runner.AndroidJUnitRunner.onStart(AndroidJUnitRunner.java:452)
10-06 15:42:53.491 24061 24079 E AndroidRuntime: 	at android.app.Instrumentation$InstrumentationThread.run(Instrumentation.java:2440)
10-06 15:42:53.491 24061 24079 E AndroidRuntime: Caused by: android.os.DeadObjectException
10-06 15:42:53.491 24061 24079 E AndroidRuntime: 	at android.os.BinderProxy.transactNative(Native Method)
10-06 15:42:53.491 24061 24079 E AndroidRuntime: 	at android.os.BinderProxy.transact(BinderProxy.java:639)
10-06 15:42:53.491 24061 24079 E AndroidRuntime: 	at android.app.IUiAutomationConnection$Stub$Proxy.disconnect(IUiAutomationConnection.java:471)
10-06 15:42:53.491 24061 24079 E AndroidRuntime: 	at android.app.UiAutomation.disconnect(UiAutomation.java:449)
10-06 15:42:53.491 24061 24079 E AndroidRuntime: 	... 5 more
10-08 14:35:58.835  8798  8819 E AndroidRuntime: FATAL EXCEPTION: Instr: androidx.test.runner.AndroidJUnitRunner
10-08 14:35:58.835  8798  8819 E AndroidRuntime: Process: io.appium.uiautomator2.server, PID: 8798
10-08 14:35:58.835  8798  8819 E AndroidRuntime: java.lang.RuntimeException: Error while disconnecting UiAutomation@68ee26e[id=-1, displayId=0, flags=0]
10-08 14:35:58.835  8798  8819 E AndroidRuntime: 	at android.app.UiAutomation.disconnect(UiAutomation.java:451)
10-08 14:35:58.835  8798  8819 E AndroidRuntime: 	at android.app.Instrumentation.finish(Instrumentation.java:275)
10-08 14:35:58.835  8798  8819 E AndroidRuntime: 	at androidx.test.runner.MonitoringInstrumentation.finish(MonitoringInstrumentation.java:381)
10-08 14:35:58.835  8798  8819 E AndroidRuntime: 	at androidx.test.runner.AndroidJUnitRunner.finish(AndroidJUnitRunner.java:463)
10-08 14:35:58.835  8798  8819 E AndroidRuntime: 	at androidx.test.runner.AndroidJUnitRunner.onStart(AndroidJUnitRunner.java:452)
10-08 14:35:58.835  8798  8819 E AndroidRuntime: 	at android.app.Instrumentation$InstrumentationThread.run(Instrumentation.java:2440)
10-08 14:35:58.835  8798  8819 E AndroidRuntime: Caused by: android.os.DeadObjectException
10-08 14:35:58.835  8798  8819 E AndroidRuntime: 	at android.os.BinderProxy.transactNative(Native Method)
10-08 14:35:58.835  8798  8819 E AndroidRuntime: 	at android.os.BinderProxy.transact(BinderProxy.java:639)
10-08 14:35:58.835  8798  8819 E AndroidRuntime: 	at android.app.IUiAutomationConnection$Stub$Proxy.disconnect(IUiAutomationConnection.java:471)
10-08 14:35:58.835  8798  8819 E AndroidRuntime: 	at android.app.UiAutomation.disconnect(UiAutomation.java:449)
10-08 14:35:58.835  8798  8819 E AndroidRuntime: 	... 5 more
10-09 09:52:15.631  6455  6472 E AndroidRuntime: FATAL EXCEPTION: Instr: androidx.test.runner.AndroidJUnitRunner
10-09 09:52:15.631  6455  6472 E AndroidRuntime: Process: io.appium.uiautomator2.server, PID: 6455
10-09 09:52:15.631  6455  6472 E AndroidRuntime: java.lang.RuntimeException: Error while disconnecting UiAutomation@ed66072[id=-1, displayId=0, flags=0]
10-09 09:52:15.631  6455  6472 E AndroidRuntime: 	at android.app.UiAutomation.disconnect(UiAutomation.java:451)
10-09 09:52:15.631  6455  6472 E AndroidRuntime: 	at android.app.Instrumentation.finish(Instrumentation.java:275)
10-09 09:52:15.631  6455  6472 E AndroidRuntime: 	at androidx.test.runner.MonitoringInstrumentation.finish(MonitoringInstrumentation.java:381)
10-09 09:52:15.631  6455  6472 E AndroidRuntime: 	at androidx.test.runner.AndroidJUnitRunner.finish(AndroidJUnitRunner.java:463)
10-09 09:52:15.631  6455  6472 E AndroidRuntime: 	at androidx.test.runner.AndroidJUnitRunner.onStart(AndroidJUnitRunner.java:452)
10-09 09:52:15.631  6455  6472 E AndroidRuntime: 	at android.app.Instrumentation$InstrumentationThread.run(Instrumentation.java:2440)
10-09 09:52:15.631  6455  6472 E AndroidRuntime: Caused by: android.os.DeadObjectException
10-09 09:52:15.631  6455  6472 E AndroidRuntime: 	at android.os.BinderProxy.transactNative(Native Method)
10-09 09:52:15.631  6455  6472 E AndroidRuntime: 	at android.os.BinderProxy.transact(BinderProxy.java:639)
10-09 09:52:15.631  6455  6472 E AndroidRuntime: 	at android.app.IUiAutomationConnection$Stub$Proxy.disconnect(IUiAutomationConnection.java:471)
10-09 09:52:15.631  6455  6472 E AndroidRuntime: 	at android.app.UiAutomation.disconnect(UiAutomation.java:449)
10-09 09:52:15.631  6455  6472 E AndroidRuntime: 	... 5 more
10-10 11:31:59.685 16596 16613 E AndroidRuntime: FATAL EXCEPTION: Instr: androidx.test.runner.AndroidJUnitRunner
10-10 11:31:59.685 16596 16613 E AndroidRuntime: Process: io.appium.uiautomator2.server, PID: 16596
10-10 11:31:59.685 16596 16613 E AndroidRuntime: java.lang.RuntimeException: Error while disconnecting UiAutomation@cbc2880[id=-1, displayId=0, flags=0]
10-10 11:31:59.685 16596 16613 E AndroidRuntime: 	at android.app.UiAutomation.disconnect(UiAutomation.java:451)
10-10 11:31:59.685 16596 16613 E AndroidRuntime: 	at android.app.Instrumentation.finish(Instrumentation.java:275)
10-10 11:31:59.685 16596 16613 E AndroidRuntime: 	at androidx.test.runner.MonitoringInstrumentation.finish(MonitoringInstrumentation.java:381)
10-10 11:31:59.685 16596 16613 E AndroidRuntime: 	at androidx.test.runner.AndroidJUnitRunner.finish(AndroidJUnitRunner.java:463)
10-10 11:31:59.685 16596 16613 E AndroidRuntime: 	at androidx.test.runner.AndroidJUnitRunner.onStart(AndroidJUnitRunner.java:452)
10-10 11:31:59.685 16596 16613 E AndroidRuntime: 	at android.app.Instrumentation$InstrumentationThread.run(Instrumentation.java:2440)
10-10 11:31:59.685 16596 16613 E AndroidRuntime: Caused by: android.os.DeadObjectException
10-10 11:31:59.685 16596 16613 E AndroidRuntime: 	at android.os.BinderProxy.transactNative(Native Method)
10-10 11:31:59.685 16596 16613 E AndroidRuntime: 	at android.os.BinderProxy.transact(BinderProxy.java:639)
10-10 11:31:59.685 16596 16613 E AndroidRuntime: 	at android.app.IUiAutomationConnection$Stub$Proxy.disconnect(IUiAutomationConnection.java:471)
10-10 11:31:59.685 16596 16613 E AndroidRuntime: 	at android.app.UiAutomation.disconnect(UiAutomation.java:449)
10-10 11:31:59.685 16596 16613 E AndroidRuntime: 	... 5 more
--------- beginning of system
10-10 12:02:43.762  1902 23265 D WindowManager: wms.finishDrawingLocked: mDrawState=COMMIT_DRAW_PENDING Window{6a76de5 u0 InputMethod} in Surface(name=InputMethod#17541)/@0x9a12cb
10-10 12:02:43.763  1902  1939 I ImeInsetsSourceProvider: ImeInsetsSourceProvider.scheduleShowImePostLayout() Run showImeRunner.
10-10 12:02:43.763  1902  1939 I ImeInsetsSourceProvider: ImeInsetsSourceProvider.scheduleShowImePostLayout() isReadyToShowIme.
10-10 12:02:43.767  1902 23265 I WindowManager: cancelAnimation removed leash : Surface(name=Surface(name=db27a2 NavigationBar0#82)/@0xc1acbf0 - animation-leash of insets_animation#17537)/@0x2a4e918
10-10 12:02:43.767  2983  3075 D MiuiFreeformModeController: avoidForInsetsBottomChangedIfNeed oldMoveableBottom: 2270 newMoveableBounds: 2270
10-10 12:02:43.767  2983  3075 D ImePositionProcessor: onImeVisibilityChanged     isShowing:  true
10-10 12:02:43.767  1902  1939 I WindowManager: input method visible height changed 701
10-10 12:02:43.767  1902  2338 I ITouchFeature: current device and process support version:2
10-10 12:02:43.768  1902  1939 W WindowManager: real show surface:Surface(name=InputMethod#17541)/@0x9a12cb
10-10 12:02:43.768  2983  3075 D MiuiFreeformModeController: onImeVisibilityChanged imeVisible: true imeHeight: 701 adjustedForRotation:false
10-10 12:02:43.768  2983  3075 D MiuiFreeformModeAvoidAlgorithm: begin autoOrderingAvoidMiniTask
10-10 12:02:43.768  2983  3075 D MiuiFreeformModeAvoidAlgorithm: getCurrMiniPos: SameSideMiniPosList: []
10-10 12:02:43.768  2983  3075 D MiuiFreeformModeAvoidAlgorithm: getCurrMiniPos: SameSideMiniPosList: []
10-10 12:02:43.769  2983  3075 D MiuiFreeformModeAvoidAlgorithm: end autoOrderingAvoidMiniTask res:AvoidResult{distance=0, combination={}, activeTaskPos=Rect(0, 0 - 0, 0)}
10-10 12:02:43.773  1902  1902 W FillRequestEventLogger: Shouldn't be logging AutofillFillRequestReported again for same event
10-10 12:02:43.773  1902  1902 W FillResponseEventLogger: Shouldn't be logging AutofillFillRequestReported again for same event
10-10 12:02:43.773  1902  1902 D AutofillSession: clearPendingIntentLocked
10-10 12:02:43.783  1902 23265 D PerfShielderService: eu.europa.ec.euidi|eu.europa.ec.euidi/eu.europa.ec.assemblylogic.ui.MainActivity|146|114001093395025|86|5|3
10-10 12:02:43.783  2983  3075 D OneHandedController: stopOneHanded state is 0
10-10 12:02:43.784 22071 22103 W MiuiPerfServiceClient: interceptAndQueuing:7704|eu.europa.ec.euidi|146|86|114001093395025|Slow issue draw commands|3
10-10 12:02:44.019  1902 23265 D WindowManagerService: checkFlipFullScreenChange is same, nowIsFullScreen = false
10-10 12:02:44.024  1902 23265 W FillRequestEventLogger: Couldn't find packageName: com.google.android.inputmethod.latin
10-10 12:02:44.030  1902 23268 D AutofillSession: createPendingIntent for request 928
10-10 12:02:44.030  1902 23268 D ContentCapturePerUserService: Notified activity assist data for activity: Token{9d6ee96 ActivityRecord{b872458 u0 eu.europa.ec.euidi/eu.europa.ec.assemblylogic.ui.MainActivity t463}} without a session Id
10-10 12:02:44.039  1902 23268 I InputMethodManagerService: IMMS.showCurrentInputLocked(), flags = 1
10-10 12:02:44.039  1902 23268 D SmartPower: com.google.android.inputmethod.latin/10196(22721): show input method
10-10 12:02:44.039  1902 23268 I DefaultImeVisibilityApplier: IMMS.showCurrentInputLocked request ims to show inputMethod.
10-10 12:02:44.042  1902 23268 W PackageConfigPersister: App-specific configuration not found for packageName: eu.europa.ec.euidi and userId: 0
10-10 12:02:44.059  1902 23265 I InputMethodManagerService: IMMS.showSoftInput(), client = com.android.internal.inputmethod.IInputMethodClient$Stub$Proxy@1681ff0
10-10 12:02:44.059  1902 23265 I InputMethodManagerService: IMMS.showCurrentInputLocked(), flags = 0
10-10 12:02:44.059  1902 23265 D SmartPower: com.google.android.inputmethod.latin/10196(22721): show input method
10-10 12:02:44.059  1902 23265 I DefaultImeVisibilityApplier: IMMS.showCurrentInputLocked request ims to show inputMethod.
10-10 12:02:44.070  1902  3984 I InputMethodManagerService: IMMS.applyImeVisibility(), setVisible = true, mCurclient = ClientState{4d2eba9 mUid=10390 mPid=7704 mSelfReportedDisplayId=0}
10-10 12:02:44.070  1902  3984 I WindowManager: WMS.showImePostLayout(), imeTarget = Window{ed3c2a6 u0 eu.europa.ec.euidi/eu.europa.ec.assemblylogic.ui.MainActivity}
10-10 12:02:44.072  1902  1939 I ImeInsetsSourceProvider: ImeInsetsSourceProvider.scheduleShowImePostLayout() Run showImeRunner.
10-10 12:02:44.072  1902  1939 I ImeInsetsSourceProvider: ImeInsetsSourceProvider.scheduleShowImePostLayout() isReadyToShowIme.
10-10 12:02:44.075  1902 23265 I InputMethodManagerService: IMMS.applyImeVisibility(), setVisible = true, mCurclient = ClientState{4d2eba9 mUid=10390 mPid=7704 mSelfReportedDisplayId=0}
10-10 12:02:44.075  1902 23265 I WindowManager: WMS.showImePostLayout(), imeTarget = Window{ed3c2a6 u0 eu.europa.ec.euidi/eu.europa.ec.assemblylogic.ui.MainActivity}
10-10 12:02:44.077  2983  3075 D OneHandedController: stopOneHanded state is 0
10-10 12:02:44.079  1902  1939 I ImeInsetsSourceProvider: ImeInsetsSourceProvider.scheduleShowImePostLayout() Run showImeRunner.
10-10 12:02:44.079  1902  1939 I ImeInsetsSourceProvider: ImeInsetsSourceProvider.scheduleShowImePostLayout() isReadyToShowIme.
10-10 12:02:44.082  2983  3075 D OneHandedController: stopOneHanded state is 0
10-10 12:02:44.095  1902  1902 W FillRequestEventLogger: Shouldn't be logging AutofillFillRequestReported again for same event
10-10 12:02:44.095  1902  1902 W FillResponseEventLogger: Shouldn't be logging AutofillFillRequestReported again for same event
10-10 12:02:44.095  1902  1902 D AutofillSession: clearPendingIntentLocked
10-10 12:02:44.131  1902 23268 D WindowManagerService: checkFlipFullScreenChange is same, nowIsFullScreen = false
10-10 12:02:44.133  1902 23268 W FillRequestEventLogger: Couldn't find packageName: com.google.android.inputmethod.latin
10-10 12:02:44.137  1902 23268 D AutofillSession: createPendingIntent for request 929
10-10 12:02:44.137  1902 23268 D ContentCapturePerUserService: Notified activity assist data for activity: Token{9d6ee96 ActivityRecord{b872458 u0 eu.europa.ec.euidi/eu.europa.ec.assemblylogic.ui.MainActivity t463}} without a session Id
10-10 12:02:44.140  1902 23268 I InputMethodManagerService: IMMS.showCurrentInputLocked(), flags = 1
10-10 12:02:44.140  1902 23268 D SmartPower: com.google.android.inputmethod.latin/10196(22721): show input method
10-10 12:02:44.140  1902 23268 I DefaultImeVisibilityApplier: IMMS.showCurrentInputLocked request ims to show inputMethod.
10-10 12:02:44.146  1902 23265 W PackageConfigPersister: App-specific configuration not found for packageName: eu.europa.ec.euidi and userId: 0
10-10 12:02:44.148  1902  3984 I InputMethodManagerService: IMMS.showSoftInput(), client = com.android.internal.inputmethod.IInputMethodClient$Stub$Proxy@b8daec6
10-10 12:02:44.149  1902  3984 I InputMethodManagerService: IMMS.showCurrentInputLocked(), flags = 0
10-10 12:02:44.149  1902  3984 D SmartPower: com.google.android.inputmethod.latin/10196(22721): show input method
10-10 12:02:44.149  1902  3984 I DefaultImeVisibilityApplier: IMMS.showCurrentInputLocked request ims to show inputMethod.
10-10 12:02:44.162  1902 23268 I InputMethodManagerService: IMMS.applyImeVisibility(), setVisible = true, mCurclient = ClientState{4d2eba9 mUid=10390 mPid=7704 mSelfReportedDisplayId=0}
10-10 12:02:44.162  1902 23268 I WindowManager: WMS.showImePostLayout(), imeTarget = Window{ed3c2a6 u0 eu.europa.ec.euidi/eu.europa.ec.assemblylogic.ui.MainActivity}
10-10 12:02:44.163  1902  1939 I ImeInsetsSourceProvider: ImeInsetsSourceProvider.scheduleShowImePostLayout() Run showImeRunner.
10-10 12:02:44.163  1902  1939 I ImeInsetsSourceProvider: ImeInsetsSourceProvider.scheduleShowImePostLayout() isReadyToShowIme.
10-10 12:02:44.167  1902 23268 I InputMethodManagerService: IMMS.applyImeVisibility(), setVisible = true, mCurclient = ClientState{4d2eba9 mUid=10390 mPid=7704 mSelfReportedDisplayId=0}
10-10 12:02:44.167  1902 23268 I WindowManager: WMS.showImePostLayout(), imeTarget = Window{ed3c2a6 u0 eu.europa.ec.euidi/eu.europa.ec.assemblylogic.ui.MainActivity}
10-10 12:02:44.168  2983  3075 D OneHandedController: stopOneHanded state is 0
10-10 12:02:44.168  1902  1939 I ImeInsetsSourceProvider: ImeInsetsSourceProvider.scheduleShowImePostLayout() Run showImeRunner.
10-10 12:02:44.168  1902  1939 I ImeInsetsSourceProvider: ImeInsetsSourceProvider.scheduleShowImePostLayout() isReadyToShowIme.
10-10 12:02:44.170  2983  3075 D OneHandedController: stopOneHanded state is 0
10-10 12:02:44.195  1902  1902 W FillRequestEventLogger: Shouldn't be logging AutofillFillRequestReported again for same event
10-10 12:02:44.195  1902  1902 W FillResponseEventLogger: Shouldn't be logging AutofillFillRequestReported again for same event
10-10 12:02:44.195  1902  1902 D AutofillSession: clearPendingIntentLocked
10-10 12:02:44.266  1902 23268 D WindowManagerService: checkFlipFullScreenChange is same, nowIsFullScreen = false
10-10 12:02:44.269  1902 23268 W FillRequestEventLogger: Couldn't find packageName: com.google.android.inputmethod.latin
10-10 12:02:44.273  1902 23268 D AutofillSession: createPendingIntent for request 930
10-10 12:02:44.274  1902 23268 D ContentCapturePerUserService: Notified activity assist data for activity: Token{9d6ee96 ActivityRecord{b872458 u0 eu.europa.ec.euidi/eu.europa.ec.assemblylogic.ui.MainActivity t463}} without a session Id
10-10 12:02:44.278  1902 23265 I InputMethodManagerService: IMMS.showCurrentInputLocked(), flags = 1
10-10 12:02:44.279  1902 23265 D SmartPower: com.google.android.inputmethod.latin/10196(22721): show input method
10-10 12:02:44.279  1902 23265 I DefaultImeVisibilityApplier: IMMS.showCurrentInputLocked request ims to show inputMethod.
10-10 12:02:44.281  1902 23268 W PackageConfigPersister: App-specific configuration not found for packageName: eu.europa.ec.euidi and userId: 0
10-10 12:02:44.285  1902 23268 I InputMethodManagerService: IMMS.showSoftInput(), client = com.android.internal.inputmethod.IInputMethodClient$Stub$Proxy@20258aa
10-10 12:02:44.285  1902 23268 I InputMethodManagerService: IMMS.showCurrentInputLocked(), flags = 0
10-10 12:02:44.285  1902 23268 D SmartPower: com.google.android.inputmethod.latin/10196(22721): show input method
10-10 12:02:44.285  1902 23268 I DefaultImeVisibilityApplier: IMMS.showCurrentInputLocked request ims to show inputMethod.
10-10 12:02:44.301  1902 23268 I InputMethodManagerService: IMMS.applyImeVisibility(), setVisible = true, mCurclient = ClientState{4d2eba9 mUid=10390 mPid=7704 mSelfReportedDisplayId=0}
10-10 12:02:44.301  1902 23268 I WindowManager: WMS.showImePostLayout(), imeTarget = Window{ed3c2a6 u0 eu.europa.ec.euidi/eu.europa.ec.assemblylogic.ui.MainActivity}
10-10 12:02:44.303  1902  1939 I ImeInsetsSourceProvider: ImeInsetsSourceProvider.scheduleShowImePostLayout() Run showImeRunner.
10-10 12:02:44.303  1902  1939 I ImeInsetsSourceProvider: ImeInsetsSourceProvider.scheduleShowImePostLayout() isReadyToShowIme.
10-10 12:02:44.304  2983  3075 D OneHandedController: stopOneHanded state is 0
10-10 12:02:44.307  1902 22425 I InputMethodManagerService: IMMS.applyImeVisibility(), setVisible = true, mCurclient = ClientState{4d2eba9 mUid=10390 mPid=7704 mSelfReportedDisplayId=0}
10-10 12:02:44.307  1902 22425 I WindowManager: WMS.showImePostLayout(), imeTarget = Window{ed3c2a6 u0 eu.europa.ec.euidi/eu.europa.ec.assemblylogic.ui.MainActivity}
10-10 12:02:44.311  1902  1939 I ImeInsetsSourceProvider: ImeInsetsSourceProvider.scheduleShowImePostLayout() Run showImeRunner.
10-10 12:02:44.311  1902  1939 I ImeInsetsSourceProvider: ImeInsetsSourceProvider.scheduleShowImePostLayout() isReadyToShowIme.
10-10 12:02:44.311  2983  3075 D OneHandedController: stopOneHanded state is 0
10-10 12:02:44.313  1902  2620 I SmartPower: com.miui.home/10085(3001): background->idle(3001ms) R(become background) adj=100.
10-10 12:02:44.326  1902  1902 W FillRequestEventLogger: Shouldn't be logging AutofillFillRequestReported again for same event
10-10 12:02:44.326  1902  1902 W FillResponseEventLogger: Shouldn't be logging AutofillFillRequestReported again for same event
10-10 12:02:44.326  1902  1902 D AutofillSession: clearPendingIntentLocked
10-10 12:02:44.333  1902  2620 I SmartPower: com.google.android.googlequicksearchbox:search/10188(19180): background->idle(3000ms) R(become invisible) adj=800.
10-10 12:02:44.333  1902  2620 I SmartPower: com.google.android.googlequicksearchbox:googleapp/10188(19209): background->idle(3001ms) R(become invisible) adj=800.
10-10 12:02:44.478  1902 22425 D WindowManagerService: checkFlipFullScreenChange is same, nowIsFullScreen = false
10-10 12:02:44.483  1902 22425 W FillRequestEventLogger: Couldn't find packageName: com.google.android.inputmethod.latin
10-10 12:02:44.493  1902 23268 I InputMethodManagerService: IMMS.showCurrentInputLocked(), flags = 1
10-10 12:02:44.493  1902 23268 D SmartPower: com.google.android.inputmethod.latin/10196(22721): show input method
10-10 12:02:44.493  1902 23268 I DefaultImeVisibilityApplier: IMMS.showCurrentInputLocked request ims to show inputMethod.
10-10 12:02:44.497  1902 23268 W PackageConfigPersister: App-specific configuration not found for packageName: eu.europa.ec.euidi and userId: 0
10-10 12:02:44.501  1902 22425 D AutofillSession: createPendingIntent for request 931
10-10 12:02:44.501  1902 22425 D ContentCapturePerUserService: Notified activity assist data for activity: Token{9d6ee96 ActivityRecord{b872458 u0 eu.europa.ec.euidi/eu.europa.ec.assemblylogic.ui.MainActivity t463}} without a session Id
10-10 12:02:44.508  1902 23268 I InputMethodManagerService: IMMS.showSoftInput(), client = com.android.internal.inputmethod.IInputMethodClient$Stub$Proxy@f5dee6f
10-10 12:02:44.509  1902 23268 I InputMethodManagerService: IMMS.showCurrentInputLocked(), flags = 0
10-10 12:02:44.509  1902 23268 D SmartPower: com.google.android.inputmethod.latin/10196(22721): show input method
10-10 12:02:44.509  1902 23268 I DefaultImeVisibilityApplier: IMMS.showCurrentInputLocked request ims to show inputMethod.
10-10 12:02:44.523  1902  3984 I InputMethodManagerService: IMMS.applyImeVisibility(), setVisible = true, mCurclient = ClientState{4d2eba9 mUid=10390 mPid=7704 mSelfReportedDisplayId=0}
10-10 12:02:44.523  1902  3984 I WindowManager: WMS.showImePostLayout(), imeTarget = Window{ed3c2a6 u0 eu.europa.ec.euidi/eu.europa.ec.assemblylogic.ui.MainActivity}
10-10 12:02:44.525  1902  1939 I ImeInsetsSourceProvider: ImeInsetsSourceProvider.scheduleShowImePostLayout() Run showImeRunner.
10-10 12:02:44.525  1902  1939 I ImeInsetsSourceProvider: ImeInsetsSourceProvider.scheduleShowImePostLayout() isReadyToShowIme.
10-10 12:02:44.526  2983  3075 D OneHandedController: stopOneHanded state is 0
10-10 12:02:44.528  1902  3984 I InputMethodManagerService: IMMS.applyImeVisibility(), setVisible = true, mCurclient = ClientState{4d2eba9 mUid=10390 mPid=7704 mSelfReportedDisplayId=0}
10-10 12:02:44.530  1902  3984 I WindowManager: WMS.showImePostLayout(), imeTarget = Window{ed3c2a6 u0 eu.europa.ec.euidi/eu.europa.ec.assemblylogic.ui.MainActivity}
10-10 12:02:44.531  1902  1939 I ImeInsetsSourceProvider: ImeInsetsSourceProvider.scheduleShowImePostLayout() Run showImeRunner.
10-10 12:02:44.531  1902  1939 I ImeInsetsSourceProvider: ImeInsetsSourceProvider.scheduleShowImePostLayout() isReadyToShowIme.
10-10 12:02:44.534  2983  3075 D OneHandedController: stopOneHanded state is 0
10-10 12:02:44.551  1902  1902 W FillRequestEventLogger: Shouldn't be logging AutofillFillRequestReported again for same event
10-10 12:02:44.551  1902  1902 W FillResponseEventLogger: Shouldn't be logging AutofillFillRequestReported again for same event
10-10 12:02:44.551  1902  1902 D AutofillSession: clearPendingIntentLocked
10-10 12:02:44.602  1902 22425 D WindowManagerService: checkFlipFullScreenChange is same, nowIsFullScreen = false
10-10 12:02:44.604  1902 22425 W FillRequestEventLogger: Couldn't find packageName: com.google.android.inputmethod.latin
10-10 12:02:44.608  1902 22425 D AutofillSession: createPendingIntent for request 932
10-10 12:02:44.608  1902 22425 D ContentCapturePerUserService: Notified activity assist data for activity: Token{9d6ee96 ActivityRecord{b872458 u0 eu.europa.ec.euidi/eu.europa.ec.assemblylogic.ui.MainActivity t463}} without a session Id
10-10 12:02:44.612  1902 23265 I InputMethodManagerService: IMMS.showCurrentInputLocked(), flags = 1
10-10 12:02:44.612  1902 23265 D SmartPower: com.google.android.inputmethod.latin/10196(22721): show input method
10-10 12:02:44.612  1902 23265 I DefaultImeVisibilityApplier: IMMS.showCurrentInputLocked request ims to show inputMethod.
10-10 12:02:44.615  1902 23265 W PackageConfigPersister: App-specific configuration not found for packageName: eu.europa.ec.euidi and userId: 0
10-10 12:02:44.621  1902 22425 I InputMethodManagerService: IMMS.showSoftInput(), client = com.android.internal.inputmethod.IInputMethodClient$Stub$Proxy@ccfd2bd
10-10 12:02:44.621  1902 22425 I InputMethodManagerService: IMMS.showCurrentInputLocked(), flags = 0
10-10 12:02:44.621  1902 22425 D SmartPower: com.google.android.inputmethod.latin/10196(22721): show input method
10-10 12:02:44.621  1902 22425 I DefaultImeVisibilityApplier: IMMS.showCurrentInputLocked request ims to show inputMethod.
10-10 12:02:44.641  1902 23268 I InputMethodManagerService: IMMS.applyImeVisibility(), setVisible = true, mCurclient = ClientState{4d2eba9 mUid=10390 mPid=7704 mSelfReportedDisplayId=0}
10-10 12:02:44.641  1902 23268 I WindowManager: WMS.showImePostLayout(), imeTarget = Window{ed3c2a6 u0 eu.europa.ec.euidi/eu.europa.ec.assemblylogic.ui.MainActivity}
10-10 12:02:44.642  1902  1939 I ImeInsetsSourceProvider: ImeInsetsSourceProvider.scheduleShowImePostLayout() Run showImeRunner.
10-10 12:02:44.642  1902  1939 I ImeInsetsSourceProvider: ImeInsetsSourceProvider.scheduleShowImePostLayout() isReadyToShowIme.
10-10 12:02:44.645  1902 23268 I InputMethodManagerService: IMMS.applyImeVisibility(), setVisible = true, mCurclient = ClientState{4d2eba9 mUid=10390 mPid=7704 mSelfReportedDisplayId=0}
10-10 12:02:44.645  1902 23268 I WindowManager: WMS.showImePostLayout(), imeTarget = Window{ed3c2a6 u0 eu.europa.ec.euidi/eu.europa.ec.assemblylogic.ui.MainActivity}
10-10 12:02:44.647  1902  1939 I ImeInsetsSourceProvider: ImeInsetsSourceProvider.scheduleShowImePostLayout() Run showImeRunner.
10-10 12:02:44.647  1902  1939 I ImeInsetsSourceProvider: ImeInsetsSourceProvider.scheduleShowImePostLayout() isReadyToShowIme.
10-10 12:02:44.648  2983  3075 D OneHandedController: stopOneHanded state is 0
10-10 12:02:44.656  2983  3075 D OneHandedController: stopOneHanded state is 0
10-10 12:02:44.664  1902  1902 W FillRequestEventLogger: Shouldn't be logging AutofillFillRequestReported again for same event
10-10 12:02:44.664  1902  1902 W FillResponseEventLogger: Shouldn't be logging AutofillFillRequestReported again for same event
10-10 12:02:44.664  1902  1902 D AutofillSession: clearPendingIntentLocked
10-10 12:02:44.695  1902 22425 D WindowManagerService: checkFlipFullScreenChange is same, nowIsFullScreen = false
10-10 12:02:44.816  1902 22425 W MIUIInput: Input event injection from package: null action ACTION_DOWN
10-10 12:02:44.827  1902 22425 W MIUIInput: Input event injection from package: null action ACTION_UP
10-10 12:02:44.842  1902 22425 I InputMethodManagerService: IMMS.showCurrentInputLocked(), flags = 1
10-10 12:02:44.842  1902 22425 D SmartPower: com.google.android.inputmethod.latin/10196(22721): show input method
10-10 12:02:44.842  1902 22425 I DefaultImeVisibilityApplier: IMMS.showCurrentInputLocked request ims to show inputMethod.
10-10 12:02:44.871  1902 22425 I InputMethodManagerService: IMMS.showSoftInput(), client = com.android.internal.inputmethod.IInputMethodClient$Stub$Proxy@b1fa47b
10-10 12:02:44.871  1902 22425 I InputMethodManagerService: IMMS.showCurrentInputLocked(), flags = 0
10-10 12:02:44.871  1902 22425 D SmartPower: com.google.android.inputmethod.latin/10196(22721): show input method
10-10 12:02:44.871  1902 22425 I DefaultImeVisibilityApplier: IMMS.showCurrentInputLocked request ims to show inputMethod.
10-10 12:02:44.876  1902 23265 W PackageConfigPersister: App-specific configuration not found for packageName: eu.europa.ec.euidi and userId: 0
10-10 12:02:44.891  1902 22425 I InputMethodManagerService: IMMS.applyImeVisibility(), setVisible = true, mCurclient = ClientState{4d2eba9 mUid=10390 mPid=7704 mSelfReportedDisplayId=0}
10-10 12:02:44.892  1902 22425 I WindowManager: WMS.showImePostLayout(), imeTarget = Window{ed3c2a6 u0 eu.europa.ec.euidi/eu.europa.ec.assemblylogic.ui.MainActivity}
10-10 12:02:44.893  1902  1939 I ImeInsetsSourceProvider: ImeInsetsSourceProvider.scheduleShowImePostLayout() Run showImeRunner.
10-10 12:02:44.893  1902  1939 I ImeInsetsSourceProvider: ImeInsetsSourceProvider.scheduleShowImePostLayout() isReadyToShowIme.
10-10 12:02:44.896  1902 22425 I InputMethodManagerService: IMMS.applyImeVisibility(), setVisible = true, mCurclient = ClientState{4d2eba9 mUid=10390 mPid=7704 mSelfReportedDisplayId=0}
10-10 12:02:44.896  1902 22425 I WindowManager: WMS.showImePostLayout(), imeTarget = Window{ed3c2a6 u0 eu.europa.ec.euidi/eu.europa.ec.assemblylogic.ui.MainActivity}
10-10 12:02:44.897  1902  1939 I ImeInsetsSourceProvider: ImeInsetsSourceProvider.scheduleShowImePostLayout() Run showImeRunner.
10-10 12:02:44.897  1902  1939 I ImeInsetsSourceProvider: ImeInsetsSourceProvider.scheduleShowImePostLayout() isReadyToShowIme.
10-10 12:02:44.899  2983  3075 D OneHandedController: stopOneHanded state is 0
10-10 12:02:44.903  2983  3075 D OneHandedController: stopOneHanded state is 0
10-10 12:02:44.988  1902  3984 D WindowManagerService: checkFlipFullScreenChange is same, nowIsFullScreen = false
10-10 12:02:45.002  1902  3984 I InputMethodManagerService: IMMS.showCurrentInputLocked(), flags = 1
10-10 12:02:45.004  1902 23268 W PackageConfigPersister: App-specific configuration not found for packageName: eu.europa.ec.euidi and userId: 0
10-10 12:02:45.004  1902  3984 D SmartPower: com.google.android.inputmethod.latin/10196(22721): show input method
10-10 12:02:45.004  1902  3984 I DefaultImeVisibilityApplier: IMMS.showCurrentInputLocked request ims to show inputMethod.
10-10 12:02:45.014  1902  3984 D PerfShielderService: eu.europa.ec.euidi|eu.europa.ec.euidi/eu.europa.ec.assemblylogic.ui.MainActivity|44|114002258507025|41|5|2
10-10 12:02:45.015  1902 23268 I InputMethodManagerService: IMMS.showSoftInput(), client = com.android.internal.inputmethod.IInputMethodClient$Stub$Proxy@4d26044
10-10 12:02:45.015  1902 23268 I InputMethodManagerService: IMMS.showCurrentInputLocked(), flags = 0
10-10 12:02:45.015  1902 23268 D SmartPower: com.google.android.inputmethod.latin/10196(22721): show input method
10-10 12:02:45.015 22071 22103 W MiuiPerfServiceClient: interceptAndQueuing:7704|eu.europa.ec.euidi|44|41|114002258507025|Slow issue draw commands|2
10-10 12:02:45.015  1902 23268 I DefaultImeVisibilityApplier: IMMS.showCurrentInputLocked request ims to show inputMethod.
10-10 12:02:45.028  1902 23268 I InputMethodManagerService: IMMS.applyImeVisibility(), setVisible = true, mCurclient = ClientState{4d2eba9 mUid=10390 mPid=7704 mSelfReportedDisplayId=0}
10-10 12:02:45.028  1902 23268 I WindowManager: WMS.showImePostLayout(), imeTarget = Window{ed3c2a6 u0 eu.europa.ec.euidi/eu.europa.ec.assemblylogic.ui.MainActivity}
10-10 12:02:45.029  1902  1939 I ImeInsetsSourceProvider: ImeInsetsSourceProvider.scheduleShowImePostLayout() Run showImeRunner.
10-10 12:02:45.029  1902  1939 I ImeInsetsSourceProvider: ImeInsetsSourceProvider.scheduleShowImePostLayout() isReadyToShowIme.
10-10 12:02:45.032  2983  3075 D OneHandedController: stopOneHanded state is 0
10-10 12:02:45.036  1902 23268 I InputMethodManagerService: IMMS.applyImeVisibility(), setVisible = true, mCurclient = ClientState{4d2eba9 mUid=10390 mPid=7704 mSelfReportedDisplayId=0}
10-10 12:02:45.036  1902 23268 I WindowManager: WMS.showImePostLayout(), imeTarget = Window{ed3c2a6 u0 eu.europa.ec.euidi/eu.europa.ec.assemblylogic.ui.MainActivity}
10-10 12:02:45.037  1902  1939 I ImeInsetsSourceProvider: ImeInsetsSourceProvider.scheduleShowImePostLayout() Run showImeRunner.
10-10 12:02:45.037  1902  1939 I ImeInsetsSourceProvider: ImeInsetsSourceProvider.scheduleShowImePostLayout() isReadyToShowIme.
10-10 12:02:45.040  2983  3075 D OneHandedController: stopOneHanded state is 0
10-10 12:02:45.105  1902 22706 D WindowManagerService: checkFlipFullScreenChange is same, nowIsFullScreen = false
10-10 12:02:45.115  1902 22706 I InputMethodManagerService: IMMS.showCurrentInputLocked(), flags = 1
10-10 12:02:45.115  1902 22706 D SmartPower: com.google.android.inputmethod.latin/10196(22721): show input method
10-10 12:02:45.116  1902 22706 I DefaultImeVisibilityApplier: IMMS.showCurrentInputLocked request ims to show inputMethod.
10-10 12:02:45.118  1902 22706 W PackageConfigPersister: App-specific configuration not found for packageName: eu.europa.ec.euidi and userId: 0
10-10 12:02:45.126  1902 22706 I InputMethodManagerService: IMMS.showSoftInput(), client = com.android.internal.inputmethod.IInputMethodClient$Stub$Proxy@5a2a729
10-10 12:02:45.126  1902 22706 I InputMethodManagerService: IMMS.showCurrentInputLocked(), flags = 0
10-10 12:02:45.126  1902 22706 D SmartPower: com.google.android.inputmethod.latin/10196(22721): show input method
10-10 12:02:45.126  1902 22706 I DefaultImeVisibilityApplier: IMMS.showCurrentInputLocked request ims to show inputMethod.
10-10 12:02:45.141  1902 22706 I InputMethodManagerService: IMMS.applyImeVisibility(), setVisible = true, mCurclient = ClientState{4d2eba9 mUid=10390 mPid=7704 mSelfReportedDisplayId=0}
10-10 12:02:45.141  1902 22706 I WindowManager: WMS.showImePostLayout(), imeTarget = Window{ed3c2a6 u0 eu.europa.ec.euidi/eu.europa.ec.assemblylogic.ui.MainActivity}
10-10 12:02:45.143  1902  1939 I ImeInsetsSourceProvider: ImeInsetsSourceProvider.scheduleShowImePostLayout() Run showImeRunner.
10-10 12:02:45.143  1902  1939 I ImeInsetsSourceProvider: ImeInsetsSourceProvider.scheduleShowImePostLayout() isReadyToShowIme.
10-10 12:02:45.146  1902 23268 I InputMethodManagerService: IMMS.applyImeVisibility(), setVisible = true, mCurclient = ClientState{4d2eba9 mUid=10390 mPid=7704 mSelfReportedDisplayId=0}
10-10 12:02:45.146  1902 23268 I WindowManager: WMS.showImePostLayout(), imeTarget = Window{ed3c2a6 u0 eu.europa.ec.euidi/eu.europa.ec.assemblylogic.ui.MainActivity}
10-10 12:02:45.148  1902  1939 I ImeInsetsSourceProvider: ImeInsetsSourceProvider.scheduleShowImePostLayout() Run showImeRunner.
10-10 12:02:45.148  1902  1939 I ImeInsetsSourceProvider: ImeInsetsSourceProvider.scheduleShowImePostLayout() isReadyToShowIme.
10-10 12:02:45.149  2983  3075 D OneHandedController: stopOneHanded state is 0
10-10 12:02:45.150  2983  3075 D OneHandedController: stopOneHanded state is 0
10-10 12:02:45.228  1902  2304 D WindowManagerService: checkFlipFullScreenChange is same, nowIsFullScreen = false
10-10 12:02:45.237  1902  2304 I InputMethodManagerService: IMMS.showCurrentInputLocked(), flags = 1
10-10 12:02:45.237  1902  2304 D SmartPower: com.google.android.inputmethod.latin/10196(22721): show input method
10-10 12:02:45.237  1902  2304 I DefaultImeVisibilityApplier: IMMS.showCurrentInputLocked request ims to show inputMethod.
10-10 12:02:45.240  1902  2304 W PackageConfigPersister: App-specific configuration not found for packageName: eu.europa.ec.euidi and userId: 0
10-10 12:02:45.243  1902 23268 I InputMethodManagerService: IMMS.showSoftInput(), client = com.android.internal.inputmethod.IInputMethodClient$Stub$Proxy@838f3ba
10-10 12:02:45.243  1902 23268 I InputMethodManagerService: IMMS.showCurrentInputLocked(), flags = 0
10-10 12:02:45.243  1902 23268 D SmartPower: com.google.android.inputmethod.latin/10196(22721): show input method
10-10 12:02:45.243  1902 23268 I DefaultImeVisibilityApplier: IMMS.showCurrentInputLocked request ims to show inputMethod.
10-10 12:02:45.260  1902 22425 I InputMethodManagerService: IMMS.applyImeVisibility(), setVisible = true, mCurclient = ClientState{4d2eba9 mUid=10390 mPid=7704 mSelfReportedDisplayId=0}
10-10 12:02:45.260  1902 22425 I WindowManager: WMS.showImePostLayout(), imeTarget = Window{ed3c2a6 u0 eu.europa.ec.euidi/eu.europa.ec.assemblylogic.ui.MainActivity}
10-10 12:02:45.262  1902  1939 I ImeInsetsSourceProvider: ImeInsetsSourceProvider.scheduleShowImePostLayout() Run showImeRunner.
10-10 12:02:45.262  1902  1939 I ImeInsetsSourceProvider: ImeInsetsSourceProvider.scheduleShowImePostLayout() isReadyToShowIme.
10-10 12:02:45.266  1902  2304 I InputMethodManagerService: IMMS.applyImeVisibility(), setVisible = true, mCurclient = ClientState{4d2eba9 mUid=10390 mPid=7704 mSelfReportedDisplayId=0}
10-10 12:02:45.266  1902  2304 I WindowManager: WMS.showImePostLayout(), imeTarget = Window{ed3c2a6 u0 eu.europa.ec.euidi/eu.europa.ec.assemblylogic.ui.MainActivity}
10-10 12:02:45.267  2983  3075 D OneHandedController: stopOneHanded state is 0
10-10 12:02:45.271  1902  1939 I ImeInsetsSourceProvider: ImeInsetsSourceProvider.scheduleShowImePostLayout() Run showImeRunner.
10-10 12:02:45.271  1902  1939 I ImeInsetsSourceProvider: ImeInsetsSourceProvider.scheduleShowImePostLayout() isReadyToShowIme.
10-10 12:02:45.277  2983  3075 D OneHandedController: stopOneHanded state is 0
10-10 12:02:45.380  1902 22425 D WindowManagerService: checkFlipFullScreenChange is same, nowIsFullScreen = false
10-10 12:02:45.387  1902 22425 I InputMethodManagerService: IMMS.showCurrentInputLocked(), flags = 1
10-10 12:02:45.387  1902 22425 D SmartPower: com.google.android.inputmethod.latin/10196(22721): show input method
10-10 12:02:45.387  1902 22425 I DefaultImeVisibilityApplier: IMMS.showCurrentInputLocked request ims to show inputMethod.
10-10 12:02:45.389  1902  2304 W PackageConfigPersister: App-specific configuration not found for packageName: eu.europa.ec.euidi and userId: 0
10-10 12:02:45.392  1902  2304 I InputMethodManagerService: IMMS.showSoftInput(), client = com.android.internal.inputmethod.IInputMethodClient$Stub$Proxy@dc2fa47
10-10 12:02:45.392  1902  2304 I InputMethodManagerService: IMMS.showCurrentInputLocked(), flags = 0
10-10 12:02:45.392  1902  2304 D SmartPower: com.google.android.inputmethod.latin/10196(22721): show input method
10-10 12:02:45.392  1902  2304 I DefaultImeVisibilityApplier: IMMS.showCurrentInputLocked request ims to show inputMethod.
10-10 12:02:45.413  1902 23268 I InputMethodManagerService: IMMS.applyImeVisibility(), setVisible = true, mCurclient = ClientState{4d2eba9 mUid=10390 mPid=7704 mSelfReportedDisplayId=0}
10-10 12:02:45.413  1902 23268 I WindowManager: WMS.showImePostLayout(), imeTarget = Window{ed3c2a6 u0 eu.europa.ec.euidi/eu.europa.ec.assemblylogic.ui.MainActivity}
10-10 12:02:45.414  1902  1939 I ImeInsetsSourceProvider: ImeInsetsSourceProvider.scheduleShowImePostLayout() Run showImeRunner.
10-10 12:02:45.414  1902  1939 I ImeInsetsSourceProvider: ImeInsetsSourceProvider.scheduleShowImePostLayout() isReadyToShowIme.
10-10 12:02:45.417  1902 23268 I InputMethodManagerService: IMMS.applyImeVisibility(), setVisible = true, mCurclient = ClientState{4d2eba9 mUid=10390 mPid=7704 mSelfReportedDisplayId=0}
10-10 12:02:45.417  1902 23268 I WindowManager: WMS.showImePostLayout(), imeTarget = Window{ed3c2a6 u0 eu.europa.ec.euidi/eu.europa.ec.assemblylogic.ui.MainActivity}
10-10 12:02:45.417  2983  3075 D OneHandedController: stopOneHanded state is 0
10-10 12:02:45.420  1902  1939 I ImeInsetsSourceProvider: ImeInsetsSourceProvider.scheduleShowImePostLayout() Run showImeRunner.
10-10 12:02:45.420  1902  1939 I ImeInsetsSourceProvider: ImeInsetsSourceProvider.scheduleShowImePostLayout() isReadyToShowIme.
10-10 12:02:45.421  2983  3075 D OneHandedController: stopOneHanded state is 0
10-10 12:02:45.494  1902 23268 D WindowManagerService: checkFlipFullScreenChange is same, nowIsFullScreen = false
10-10 12:02:45.501  1902 23268 I InputMethodManagerService: IMMS.showCurrentInputLocked(), flags = 1
10-10 12:02:45.501  1902 23268 D SmartPower: com.google.android.inputmethod.latin/10196(22721): show input method
10-10 12:02:45.501  1902 23268 I DefaultImeVisibilityApplier: IMMS.showCurrentInputLocked request ims to show inputMethod.
10-10 12:02:45.504  1902 22706 W PackageConfigPersister: App-specific configuration not found for packageName: eu.europa.ec.euidi and userId: 0
10-10 12:02:45.508  1902 22706 I InputMethodManagerService: IMMS.showSoftInput(), client = com.android.internal.inputmethod.IInputMethodClient$Stub$Proxy@f2b31e0
10-10 12:02:45.508  1902 22706 I InputMethodManagerService: IMMS.showCurrentInputLocked(), flags = 0
10-10 12:02:45.508  1902 22706 D SmartPower: com.google.android.inputmethod.latin/10196(22721): show input method
10-10 12:02:45.508  1902 22706 I DefaultImeVisibilityApplier: IMMS.showCurrentInputLocked request ims to show inputMethod.
10-10 12:02:45.528  1902  2304 I InputMethodManagerService: IMMS.applyImeVisibility(), setVisible = true, mCurclient = ClientState{4d2eba9 mUid=10390 mPid=7704 mSelfReportedDisplayId=0}
10-10 12:02:45.529  1902  2304 I WindowManager: WMS.showImePostLayout(), imeTarget = Window{ed3c2a6 u0 eu.europa.ec.euidi/eu.europa.ec.assemblylogic.ui.MainActivity}
10-10 12:02:45.530  1902  1939 I ImeInsetsSourceProvider: ImeInsetsSourceProvider.scheduleShowImePostLayout() Run showImeRunner.
10-10 12:02:45.530  1902  1939 I ImeInsetsSourceProvider: ImeInsetsSourceProvider.scheduleShowImePostLayout() isReadyToShowIme.
10-10 12:02:45.535  1902  2304 I InputMethodManagerService: IMMS.applyImeVisibility(), setVisible = true, mCurclient = ClientState{4d2eba9 mUid=10390 mPid=7704 mSelfReportedDisplayId=0}
10-10 12:02:45.535  1902  2304 I WindowManager: WMS.showImePostLayout(), imeTarget = Window{ed3c2a6 u0 eu.europa.ec.euidi/eu.europa.ec.assemblylogic.ui.MainActivity}
10-10 12:02:45.537  1902  1939 I ImeInsetsSourceProvider: ImeInsetsSourceProvider.scheduleShowImePostLayout() Run showImeRunner.
10-10 12:02:45.537  1902  1939 I ImeInsetsSourceProvider: ImeInsetsSourceProvider.scheduleShowImePostLayout() isReadyToShowIme.
10-10 12:02:45.537  2983  3075 D OneHandedController: stopOneHanded state is 0
10-10 12:02:45.541  2983  3075 D OneHandedController: stopOneHanded state is 0
10-10 12:02:45.638  1902  3984 D WindowManagerService: checkFlipFullScreenChange is same, nowIsFullScreen = false
10-10 12:02:45.840  1902 22706 W MIUIInput: Input event injection from package: null action ACTION_DOWN
10-10 12:02:45.845  1902 22706 W MIUIInput: Input event injection from package: null action ACTION_UP
10-10 12:02:46.008  1902  3984 I InputMethodManagerService: IMMS.applyImeVisibility(), setVisible = false, mCurclient = ClientState{4d2eba9 mUid=10390 mPid=7704 mSelfReportedDisplayId=0}
10-10 12:02:46.011  2983  3075 D MiuiFreeformModeController: avoidForInsetsBottomChangedIfNeed oldMoveableBottom: 2270 newMoveableBounds: 2270
10-10 12:02:46.011  2983  3075 D ImePositionProcessor: onImeVisibilityChanged     isShowing:  false
10-10 12:02:46.013  1902  1938 I WindowManager: input method visible height changed 0
10-10 12:02:46.013  1902  2338 I ITouchFeature: current device and process support version:2
10-10 12:02:46.014  2983  3075 D MiuiFreeformModeController: onImeVisibilityChanged imeVisible: false imeHeight: 0 adjustedForRotation:false
10-10 12:02:46.014  2983  3075 D MiuiFreeformModeAvoidAlgorithm: begin autoOrderingAvoidMiniTask
10-10 12:02:46.014  2983  3075 D MiuiFreeformModeAvoidAlgorithm: getCurrMiniPos: SameSideMiniPosList: []
10-10 12:02:46.014  2983  3075 D MiuiFreeformModeAvoidAlgorithm: getCurrMiniPos: SameSideMiniPosList: []
10-10 12:02:46.014  2983  3075 D MiuiFreeformModeAvoidAlgorithm: end autoOrderingAvoidMiniTask res:AvoidResult{distance=0, combination={}, activeTaskPos=Rect(0, 0 - 0, 0)}
10-10 12:02:46.029  1902 23259 W PackageConfigPersister: App-specific configuration not found for packageName: eu.europa.ec.euidi and userId: 0
10-10 12:02:46.038  1902 23259 D CoreBackPreview: Window{ed3c2a6 u0 eu.europa.ec.euidi/eu.europa.ec.assemblylogic.ui.MainActivity}: Setting back callback OnBackInvokedCallbackInfo{mCallback=android.window.IOnBackInvokedCallback$Stub$Proxy@f10fc5b, mPriority=0, mIsAnimationCallback=false}
10-10 12:02:46.252  1902 23259 W ContentProviderHelper: No provider info for content provider com.miui.personalassistant.servicedeliver.system.provider when providerRunning is false, caller is ProcessRecord{14c5666 3001:com.miui.home/u0a85}
10-10 12:02:46.252  3001  3103 E ActivityThread: Failed to find provider info for com.miui.personalassistant.servicedeliver.system.provider
10-10 12:02:46.254  1556  1556 I wificond: station_bandwidth: 
10-10 12:02:46.314  1902  2620 I SmartPower: com.mi.globalminusscreen/10076(31794): background->idle(5002ms) R(become background) adj=100.
10-10 12:02:46.544  1902 23259 I SmartPower: com.google.android.inputmethod.latin/10196(22721): visible->invisible(2878ms) R(become invisible) adj=100.
10-10 12:02:46.544  1902 23259 I SmartPower: com.google.android.inputmethod.latin/10196(22721): invisible->background(1ms) R(become background) adj=100.
10-10 12:02:46.550  2983  3075 D MiuiFreeformModeController: avoidForInsetsBottomChangedIfNeed oldMoveableBottom: 2270 newMoveableBounds: 2270
10-10 12:02:46.558  2983  3075 D MiuiFreeformModeController: avoidForInsetsBottomChangedIfNeed oldMoveableBottom: 2270 newMoveableBounds: 2270
10-10 12:02:46.932  1902  3984 W MIUIInput: Input event injection from package: null action ACTION_DOWN
10-10 12:02:46.937  1902  3984 W MIUIInput: Input event injection from package: null action ACTION_UP
10-10 12:02:46.959  1902  3984 D CompatibilityChangeReporter: Compat change id reported: 161145287; UID 10390; state: ENABLED
10-10 12:02:47.334  1902  2620 I SmartPower: com.google.android.webview:sandboxed_process0:org.chromium.content.app.SandboxedPrbackground->idle(6001ms) R(remove from whitelist) adj=800.
10-10 12:02:47.437  1902  1990 W PackageSettings: Couldn't write -1 to /config/sdcardfs/com.google.android.devicelock/appid
10-10 12:02:47.439  1902  1990 W PackageSettings: Couldn't write -1 to /config/sdcardfs/com.google.android.tzdata5/appid
10-10 12:02:47.441  1902  1990 W PackageSettings: Couldn't write -1 to /config/sdcardfs/com.google.android.ondevicepersonalization/appid
10-10 12:02:47.444  1902  1990 W PackageSettings: Couldn't write -1 to /config/sdcardfs/com.google.android.media.swcodec/appid
10-10 12:02:47.445  1902  1990 W PackageSettings: Couldn't write -1 to /config/sdcardfs/com.google.android.os.statsd/appid
10-10 12:02:47.446  1902  1990 W PackageSettings: Couldn't write -1 to /config/sdcardfs/com.google.mainline.primary.libs/appid
10-10 12:02:47.450  1902  1990 W PackageSettings: Couldn't write -1 to /config/sdcardfs/com.google.android.extservices/appid
10-10 12:02:47.452  1902  1990 W PackageSettings: Couldn't write -1 to /config/sdcardfs/com.android.uwb/appid
10-10 12:02:47.453  1902  1990 W PackageSettings: Couldn't write -1 to /config/sdcardfs/com.android.btservices/appid
10-10 12:02:47.454  1902  1990 W PackageSettings: Couldn't write -1 to /config/sdcardfs/com.google.android.healthfitness/appid
10-10 12:02:47.457  1902  1990 W PackageSettings: Couldn't write -1 to /config/sdcardfs/com.google.android.ipsec/appid
10-10 12:02:47.457  1902  1990 W PackageSettings: Couldn't write -1 to /config/sdcardfs/com.google.android.media/appid
10-10 12:02:47.459  1902  1990 W PackageSettings: Couldn't write -1 to /config/sdcardfs/com.android.i18n/appid
10-10 12:02:47.459  1902  1990 W PackageSettings: Couldn't write -1 to /config/sdcardfs/com.android.rkpd/appid
10-10 12:02:47.460  1902  1990 W PackageSettings: Couldn't write -1 to /config/sdcardfs/com.android.virt/appid
10-10 12:02:47.460  1902  1990 W PackageSettings: Couldn't write -1 to /config/sdcardfs/com.android.wifi/appid
10-10 12:02:47.462  1902  1990 W PackageSettings: Couldn't write -1 to /config/sdcardfs/com.google.android.appsearch/appid
