10-09 14:07:14.508  2042  6879 D WindowManager: Collecting in transition 398: ActivityRecord{8539c64 u0 eu.europa.ec.euidi/eu.europa.ec.assemblylogic.ui.MainActivity t6527} init visibleRequested:false
10-09 14:07:14.508  2042  6879 E Transition: Trying to add a ready-group twice: Display{#0 state=ON size=1080x2400 ROTATION_0}
10-09 14:07:14.509  2042  6879 D WindowManagerService: checkFlipFullScreenChange is same, nowIsFullScreen = false
10-09 14:07:14.511  2042  6879 D WindowManager: Collecting in transition 398: ActivityRecord{3dc197f u0 com.android.chrome/org.chromium.chrome.browser.ChromeTabbedActivity t6512} init visibleRequested:true
10-09 14:07:14.512  4304  4484 D MiuiFullScreenTaskRepository: setFocusedTask taskId=6527, displayId=0, topActivity=ComponentInfo{eu.europa.ec.euidi/eu.europa.ec.assemblylogic.ui.MainActivity}
10-09 14:07:14.512  4304  4484 D MiuiFullScreenTaskRepository: addOrUpdateFullScreenTaskInfo taskId=6527, topActivity=ComponentInfo{eu.europa.ec.euidi/eu.europa.ec.assemblylogic.ui.MainActivity}
10-09 14:07:14.512  2042  6879 D WindowManager: Collecting in transition 398: ActivityRecord{8539c64 u0 eu.europa.ec.euidi/eu.europa.ec.assemblylogic.ui.MainActivity t6527} init visibleRequested:true
10-09 14:07:14.513  2042  6879 D WindowManager: Set transition=TransitionRecord{1007909 id=398 type=OPEN flags=0x0}, ready=true, SyncId=398 
10-09 14:07:14.515  2042  6879 I BLASTSyncEngine: SyncGroup 398:  Unfinished container:ActivityRecord{8539c64 u0 eu.europa.ec.euidi/eu.europa.ec.assemblylogic.ui.MainActivity t6527}
10-09 14:07:14.515  2042  6879 I BLASTSyncEngine: isActivitySyncFinished isSyncFinished false ActivityRecord{8539c64 u0 eu.europa.ec.euidi/eu.europa.ec.assemblylogic.ui.MainActivity t6527}
10-09 14:07:14.521  2042  6879 W AutofillManagerServiceImpl: getFillEventHistory() called by UID 10273, but service UID is 10163
10-09 14:07:14.521  2042  2690 D Aurogon :  uid = 10030 switch to FG
10-09 14:07:14.553  4304  5419 D MiuiFreeformModeObserver: activityResumed() intent Intent { cmp=eu.europa.ec.euidi/eu.europa.ec.assemblylogic.ui.MainActivity (has extras) }
10-09 14:07:14.558  2042  6879 I BLASTSyncEngine: SyncGroup 398:  Unfinished container:ActivityRecord{8539c64 u0 eu.europa.ec.euidi/eu.europa.ec.assemblylogic.ui.MainActivity t6527}
10-09 14:07:14.558  2042  6879 I BLASTSyncEngine: isActivitySyncFinished isSyncFinished false ActivityRecord{8539c64 u0 eu.europa.ec.euidi/eu.europa.ec.assemblylogic.ui.MainActivity t6527}
10-09 14:07:14.559  2042  6879 I WindowManager: cancelAnimation removed leash : Surface(name=Surface(name=704023a StatusBar#94)/@0xa8be448 - animation-leash of insets_animation#8307)/@0x9e83962
10-09 14:07:14.561  2042  6879 I WindowManager: cancelAnimation removed leash : Surface(name=Surface(name=d968687 NavigationBar0#90)/@0x2f479dd - animation-leash of insets_animation#8308)/@0xaa493b0
10-09 14:07:14.563  2042  6879 D WindowManager: wms.Input focus has changed to Window{aa4bfea u0 eu.europa.ec.euidi/eu.europa.ec.assemblylogic.ui.MainActivity} display=0 updateInputWindows = true
10-09 14:07:14.563  2042  6879 I MultiSenceManagerInternalStub: getInstance
10-09 14:07:14.609  2042  6879 D WindowManager: wms.finishDrawingLocked: mDrawState=COMMIT_DRAW_PENDING Window{aa4bfea u0 eu.europa.ec.euidi/eu.europa.ec.assemblylogic.ui.MainActivity} in Surface(name=eu.europa.ec.euidi/eu.europa.ec.assemblylogic.ui.MainActivity#8310)/@0xea1573c
10-09 14:07:14.616  2042  2693 I SmartPower: eu.europa.ec.euidi/10030(8267): invisible->visible(144ms) R(become visible) adj=0.
10-09 14:07:14.619  2042  2693 I WindowManager: wms.showSurfaceRobustly mWin:Window{aa4bfea u0 eu.europa.ec.euidi/eu.europa.ec.assemblylogic.ui.MainActivity}
10-09 14:07:14.619  2042  2693 D WindowManager: Final targets: [Task{9836382 #6527 type=standard A=10030:eu.europa.ec.euidi}, Task{d6f195 #6512 type=standard A=10172:com.android.chrome}]
10-09 14:07:14.650  2042  2693 D WindowManager: Calling onTransitionReady info={id=398 t=OPEN f=0x0 trk=0 r=[0@Point(0, 0)] c=[{WCT{RemoteToken{9e2742c Task{9836382 #6527 type=standard A=10030:eu.europa.ec.euidi}}} m=TO_FRONT f=MOVE_TO_TOP leash=Surface(name=Task=6527#8171)/@0xe983ecd sb=Rect(0, 0 - 1080, 2400) eb=Rect(0, 0 - 1080, 2400) d=0},{WCT{RemoteToken{705ab2 Task{d6f195 #6512 type=standard A=10172:com.android.chrome}}} m=TO_BACK f=NONE leash=Surface(name=Task=6512#7476)/@0xbb5bd4c sb=Rect(0, 0 - 1080, 2400) eb=Rect(0, 0 - 1080, 2400) d=0}] noAni=[false] df=[false] mk=[true] nc=[0]}, mToken=Token{b68b2c3 TransitionRecord{1007909 id=398 type=OPEN flags=0x0}}
10-09 14:07:14.650  2042  2693 I BLASTSyncEngine: finishNow: after onTransactionReady, mSyncId=398
10-09 14:07:14.655  4304  4484 D MiuiFreeformAnimation: startAnimation change: {WCT{android.window.IWindowContainerToken$Stub$Proxy@fd4c528} m=TO_FRONT f=MOVE_TO_TOP leash=Surface(name=Task=6527#8171)/@0x31a8ec5 sb=Rect(0, 0 - 1080, 2400) eb=Rect(0, 0 - 1080, 2400) d=0} info.getType(): 1
10-09 14:07:14.656  4304  4484 I MiuiFreeformAnimation: isLaunchWidgetPicker=false,taskInfo.getWindowingMode()=1, taskInfo.getActivityType()=1
10-09 14:07:14.657  4304  4484 D MiuiFreeformAnimation: startAnimation change: {WCT{android.window.IWindowContainerToken$Stub$Proxy@69a5241} m=TO_BACK f=NONE leash=Surface(name=Task=6512#7476)/@0xb2d001a sb=Rect(0, 0 - 1080, 2400) eb=Rect(0, 0 - 1080, 2400) d=0} info.getType(): 1
10-09 14:07:14.657  4304  4484 W MiuiTaskTransitionHandler: Receive an unknown transition, token=android.os.BinderProxy@4c8410, type=1
10-09 14:07:14.662  4304  4484 D TransitionAnimationHelper:  load default animation  type = 1 enter = false animAttr = 9 isTask = true translucent = false
10-09 14:07:14.663  4304  4484 D TransitionAnimationHelper:  load default animation  type = 1 enter = true animAttr = 8 isTask = true translucent = false
10-09 14:07:14.668  4304  4520 D ShellTransitions: speed ui!!!!!!!!!!!
10-09 14:07:14.668  4304  4484 D MiuiFullScreenTaskRepository: setFocusedTask taskId=6527, displayId=0, topActivity=ComponentInfo{eu.europa.ec.euidi/eu.europa.ec.assemblylogic.ui.MainActivity}
10-09 14:07:14.668  4304  4484 D MiuiFullScreenTaskRepository: addOrUpdateFullScreenTaskInfo taskId=6527, topActivity=ComponentInfo{eu.europa.ec.euidi/eu.europa.ec.assemblylogic.ui.MainActivity}
10-09 14:07:14.673  4304  4520 D ArtChoreographerMonitor: invoke error.
10-09 14:07:14.678  2042  2692 D SchedBoost: com.android.chrome boosting, skip reset priority
10-09 14:07:14.678  2042  2692 D SchedBoost: com.android.chrome:sandboxed_process0:org.chromium.content.app.SandboxedProcessService0:7 boosting, skip reset priority
10-09 14:07:14.679  2042  2692 D SchedBoost: com.android.chrome:privileged_process0 boosting, skip reset priority
10-09 14:07:14.679  2042  2692 D SchedBoost: com.google.android.adservices.api boosting, skip reset priority
10-09 14:07:14.685  4304  4484 D SoScUtils: monitorTransitionFinished transition:android.os.BinderProxy@4c8410 transaction: android.view.SurfaceControl$Transaction@795b335 mRequestCloseTransition:null mRequestOpenTransition:null mPairsOpenTransition:null mPairsOpenTransitionNull:null mRequestOpenTriggerTask:-1 mRequestCloseTriggerTask:-1 mOrientationTransition: null mMainStartingTask:-1 mSideStartingTask:-1
10-09 14:07:14.691  2042  7000 I Transition: finishTransition: updateLastSurfacePosition tf=Task{9836382 #6527 type=standard A=10030:eu.europa.ec.euidi}
10-09 14:07:14.697  2042  2692 I SmartPower: com.android.chrome/10172(2944): visible->invisible(26735ms) R(become invisible) adj=200.
10-09 14:07:14.697  2042  2692 I SmartPower: com.android.chrome:privileged_process0/10172(3249): invisible->background(26987ms) R(become background) adj=200.
10-09 14:07:14.697  2042  2692 I SmartPower: com.android.chrome/10172(2944): invisible->background(0ms) R(become background) adj=200.
10-09 14:07:14.702  4304  4484 D MiuiFullScreenTaskRepository: addOrUpdateFullScreenTaskInfo taskId=6512, topActivity=ComponentInfo{com.android.chrome/org.chromium.chrome.browser.ChromeTabbedActivity}
10-09 14:07:14.706  2042  3110 D CompatibilityChangeReporter: Compat change id reported: 265195908; UID 10172; state: ENABLED
10-09 14:07:14.708  2042  4079 I WindowManager: cancelAnimation removed leash : Surface(name=Surface(name=49d5fba InputMethod#118)/@0xbb23dc8 - animation-leash of insets_animation#8271)/@0xf2009c
10-09 14:07:14.715  2042  6981 W PackageConfigPersister: App-specific configuration not found for packageName: eu.europa.ec.euidi and userId: 0
10-09 14:07:14.731  2042  6981 D CoreBackPreview: Window{963420e u0 com.android.chrome/org.chromium.chrome.browser.ChromeTabbedActivity}: Setting back callback OnBackInvokedCallbackInfo{mCallback=android.window.IOnBackInvokedCallback$Stub$Proxy@acb0896, mPriority=-1, mIsAnimationCallback=false}
10-09 14:07:14.757  2944  2944 D ActivityThread: Fail to check app heapsize due to java.lang.NoSuchMethodException: dalvik.system.VMRuntime.getBlockingGcCountForAlloc []
10-09 14:07:14.761  2042  2690 D Aurogon :  uid = 10172 switch to BG
10-09 14:07:14.761  2042  3500 D isUidValid: uid = 10172
10-09 14:07:14.798   702 10800 W keystore2: system/security/keystore2/src/remote_provisioning.rs:102 - Error occurred: system/security/keystore2/src/rkpd_client.rs:307: Trying to get to IRegistration service.
10-09 14:07:14.798   702 10800 W keystore2: 
10-09 14:07:14.798   702 10800 W keystore2: Caused by:
10-09 14:07:14.798   702 10800 W keystore2:     0: system/security/keystore2/src/rkpd_client.rs:162: Trying to get IRPC name.
10-09 14:07:14.798   702 10800 W keystore2:     1: system/security/keystore2/src/globals.rs:440
10-09 14:07:14.798   702 10800 W keystore2:     2: Error::Km(r#HARDWARE_TYPE_UNAVAILABLE)
10-09 14:07:14.848  4304  4304 D ArtChoreographerMonitor: invoke error.
10-09 14:07:15.792  2042  6879 W MIUIInput: Input event injection from package: null action ACTION_DOWN
10-09 14:07:15.797  2042  4565 W MIUIInput: Input event injection from package: null action ACTION_UP
10-09 14:07:16.394  2042  4565 W MIUIInput: Input event injection from package: null action ACTION_DOWN
10-09 14:07:16.397  2042  4565 W MIUIInput: Input event injection from package: null action ACTION_UP
10-09 14:07:16.546  2183  2183 I wificond: station_bandwidth: P
10-09 14:07:16.631  2042  4565 I ActivityManager: Force stopping eu.europa.ec.euidi appid=10030 user=0: from process:8750
10-09 14:07:16.632  2042  3515 E ProcessManager: error write exception log
10-09 14:07:16.636  2042  2074 D DisplayManagerService: Drop pending events for gone uid 10030
10-09 14:07:16.637  2042  4565 I ActivityManager: Killing 8267:eu.europa.ec.euidi/u0a30 (adj 0): stop eu.europa.ec.euidi due to from process:8750
10-09 14:07:16.640  2042  4565 W ActivityTaskManager: Force removing ActivityRecord{8539c64 u0 eu.europa.ec.euidi/eu.europa.ec.assemblylogic.ui.MainActivity t6527 f}}: app died, no saved state
10-09 14:07:16.640  2042  4565 D WindowManager: Requesting StartTransition: TransitionRecord{bdaa907 id=399 type=CLOSE flags=0x0}
10-09 14:07:16.641  2042  4565 D WindowManager: Collecting in transition 399: Task{9836382 #6527 type=standard A=10030:eu.europa.ec.euidi} init visibleRequested:true
10-09 14:07:16.642  2042  4565 D WindowManager: Collecting in transition 399: ActivityRecord{8539c64 u0 eu.europa.ec.euidi/eu.europa.ec.assemblylogic.ui.MainActivity t6527 f}} init visibleRequested:false
10-09 14:07:16.644  2042  4565 D WindowManager: wms.Input focus has changed to null display=0 updateInputWindows = true
10-09 14:07:16.644  2042  4565 I MultiSenceManagerInternalStub: getInstance
10-09 14:07:16.646  2042  4565 D WindowManager: Collecting in transition 399: ActivityRecord{3dc197f u0 com.android.chrome/org.chromium.chrome.browser.ChromeTabbedActivity t6512} init visibleRequested:false
10-09 14:07:16.648  2042  4565 I SmartPower: com.android.chrome:privileged_process0/10172(3249): background->invisible(1951ms) R(become foreground) adj=700.
10-09 14:07:16.648  2042  4565 I SmartPower: com.android.chrome/10172(2944): background->invisible(1951ms) R(become foreground) adj=700.
10-09 14:07:16.648  2042  4565 D WindowManager: Collecting in transition 399: ActivityRecord{3dc197f u0 com.android.chrome/org.chromium.chrome.browser.ChromeTabbedActivity t6512} init visibleRequested:true
10-09 14:07:16.652  2042  7000 D WindowManager: Set transition=TransitionRecord{bdaa907 id=399 type=CLOSE flags=0x0}, ready=true, SyncId=399 
10-09 14:07:16.653  4304  4484 D MiuiFullScreenTaskRepository: removeFocusedTask displayId=0
10-09 14:07:16.653  4304  4484 D MiuiFullScreenTaskRepository: addOrUpdateFullScreenTaskInfo taskId=6527, topActivity=null
10-09 14:07:16.654  4304  4484 D MiuiFullScreenTaskRepository: addOrUpdateFullScreenTaskInfo taskId=6512, topActivity=ComponentInfo{com.android.chrome/org.chromium.chrome.browser.ChromeTabbedActivity}
10-09 14:07:16.655  2042  2690 D Aurogon :  uid = 10172 switch to FG
10-09 14:07:16.656  2042  2693 I BLASTSyncEngine: SyncGroup 399:  Unfinished container:ActivityRecord{3dc197f u0 com.android.chrome/org.chromium.chrome.browser.ChromeTabbedActivity t6512}
10-09 14:07:16.656  2042  2693 I BLASTSyncEngine: isActivitySyncFinished isSyncFinished false ActivityRecord{3dc197f u0 com.android.chrome/org.chromium.chrome.browser.ChromeTabbedActivity t6512}
10-09 14:07:16.662  2042  4565 D WindowManager: Set transition=TransitionRecord{bdaa907 id=399 type=CLOSE flags=0x0}, ready=true, SyncId=399 
10-09 14:07:16.662  2042  4565 I AppsFilter: interaction: PackageSetting{12f5306 io.appium.uiautomator2.server.test/10767} -> PackageSetting{ea7a05d eu.europa.ec.euidi/10030} BLOCKED
10-09 14:07:16.662  2042  4565 I AppsFilter: interaction: PackageSetting{e02bff4 com.fido.asm/10104} -> PackageSetting{ea7a05d eu.europa.ec.euidi/10030} BLOCKED
10-09 14:07:16.662  2042  4565 I AppsFilter: interaction: PackageSetting{860431d io.appium.uiautomator2.server/10769} -> PackageSetting{ea7a05d eu.europa.ec.euidi/10030} BLOCKED
10-09 14:07:16.662  2042  4565 I AppsFilter: interaction: PackageSetting{add9992 io.appium.settings/10611} -> PackageSetting{ea7a05d eu.europa.ec.euidi/10030} BLOCKED
10-09 14:07:16.667  2042  6878 D CompatibilityChangeReporter: Compat change id reported: 319212206; UID 10172; state: ENABLED
10-09 14:07:16.689  2042  7000 D ActivityManager: checkAllowBackground: uid=10163 pkg=com.google.android.gms rec=UidRecord{3efeecd u0a163 BTOP change:procstateprocadj procs:0 seq(729903,425084)} caps=LCMNFU always=false idle=false
10-09 14:07:16.690  2042  3110 D CompatibilityChangeReporter: Compat change id reported: 218533173; UID 10030; state: ENABLED
10-09 14:07:16.690  2042  3110 D CompatibilityChangeReporter: Compat change id reported: 262645982; UID 10030; state: ENABLED
10-09 14:07:16.692  2042  7000 D AutofillSession: handling death of Token{dcf2a93 ActivityRecord{8539c64 u0 eu.europa.ec.euidi/eu.europa.ec.assemblylogic.ui.MainActivity t6527 f} isExiting}} when saving=false
10-09 14:07:16.693  2042  6981 I WindowManager: WIN DEATH: Window{aa4bfea u0 eu.europa.ec.euidi/eu.europa.ec.assemblylogic.ui.MainActivity}
10-09 14:07:16.699  2042  6981 I BLASTSyncEngine: SyncGroup 399:  Unfinished container:ActivityRecord{3dc197f u0 com.android.chrome/org.chromium.chrome.browser.ChromeTabbedActivity t6512}
10-09 14:07:16.699  2042  6981 I BLASTSyncEngine: isActivitySyncFinished isSyncFinished false ActivityRecord{3dc197f u0 com.android.chrome/org.chromium.chrome.browser.ChromeTabbedActivity t6512}
10-09 14:07:16.700  2042  6998 D CoreBackPreview: Window{963420e u0 com.android.chrome/org.chromium.chrome.browser.ChromeTabbedActivity}: Setting back callback OnBackInvokedCallbackInfo{mCallback=android.window.IOnBackInvokedCallback$Stub$Proxy@14e1ce, mPriority=0, mIsAnimationCallback=true}
10-09 14:07:16.700  2042  4565 D ActivityManager: checkAllowBackground: uid=10163 pkg=com.google.android.gms rec=UidRecord{3efeecd u0a163 BTOP change:procadj procs:0 seq(729951,425084)} caps=LCMNFU always=false idle=false
10-09 14:07:16.708  2042  6998 D ActivityManager: checkAllowBackground: uid=10163 pkg=com.google.android.gms rec=UidRecord{3efeecd u0a163 BTOP change:procadj procs:0 seq(729956,425084)} caps=LCMNFU always=false idle=false
10-09 14:07:16.737  4304  4358 D MiuiFreeformModeObserver: activityResumed() intent Intent { cmp=com.android.chrome/org.chromium.chrome.browser.ChromeTabbedActivity (has extras) }
10-09 14:07:16.757  2042  4079 I BLASTSyncEngine: SyncGroup 399:  Unfinished container:ActivityRecord{3dc197f u0 com.android.chrome/org.chromium.chrome.browser.ChromeTabbedActivity t6512}
10-09 14:07:16.757  2042  4079 I BLASTSyncEngine: isActivitySyncFinished isSyncFinished false ActivityRecord{3dc197f u0 com.android.chrome/org.chromium.chrome.browser.ChromeTabbedActivity t6512}
10-09 14:07:16.758  2042  4079 I WindowManager: cancelAnimation removed leash : Surface(name=Surface(name=704023a StatusBar#94)/@0xa8be448 - animation-leash of insets_animation#8311)/@0x372e54b
10-09 14:07:16.760  2042  4079 I WindowManager: cancelAnimation removed leash : Surface(name=Surface(name=d968687 NavigationBar0#90)/@0x2f479dd - animation-leash of insets_animation#8312)/@0xb614041
10-09 14:07:16.761  2042  4079 D WindowManager: wms.Input focus has changed to Window{963420e u0 com.android.chrome/org.chromium.chrome.browser.ChromeTabbedActivity} display=0 updateInputWindows = true
10-09 14:07:16.761  2042  4079 I MultiSenceManagerInternalStub: getInstance
10-09 14:07:16.771  2042  2693 W WindowManager: Failed to deliver inset control state change to w=Window{aa4bfea u0 eu.europa.ec.euidi/eu.europa.ec.assemblylogic.ui.MainActivity EXITING}
10-09 14:07:16.771  2042  2693 W WindowManager: android.os.DeadObjectException
10-09 14:07:16.771  2042  2693 W WindowManager: 	at android.os.BinderProxy.transactNative(Native Method)
10-09 14:07:16.771  2042  2693 W WindowManager: 	at android.os.BinderProxy.transact(BinderProxy.java:639)
10-09 14:07:16.771  2042  2693 W WindowManager: 	at android.view.IWindow$Stub$Proxy.insetsControlChanged(IWindow.java:622)
10-09 14:07:16.771  2042  2693 W WindowManager: 	at com.android.server.wm.WindowState.notifyInsetsControlChanged(WindowState.java:4303)
10-09 14:07:16.771  2042  2693 W WindowManager: 	at com.android.server.wm.InsetsStateController.lambda$notifyPendingInsetsControlChanged$3(InsetsStateController.java:386)
10-09 14:07:16.771  2042  2693 W WindowManager: 	at com.android.server.wm.InsetsStateController.$r8$lambda$8yykPRG1GyNq_J17QvL9d5xANMc(Unknown Source:0)
10-09 14:07:16.771  2042  2693 W WindowManager: 	at com.android.server.wm.InsetsStateController$$ExternalSyntheticLambda2.run(Unknown Source:2)
10-09 14:07:16.771  2042  2693 W WindowManager: 	at com.android.server.wm.WindowAnimator.executeAfterPrepareSurfacesRunnables(WindowAnimator.java:303)
10-09 14:07:16.771  2042  2693 W WindowManager: 	at com.android.server.wm.WindowAnimator.animate(WindowAnimator.java:211)
10-09 14:07:16.771  2042  2693 W WindowManager: 	at com.android.server.wm.WindowAnimator.lambda$new$1(WindowAnimator.java:99)
10-09 14:07:16.771  2042  2693 W WindowManager: 	at com.android.server.wm.WindowAnimator.$r8$lambda$aHNu1uhcqxihX5NZc4McDDQPAyw(Unknown Source:0)
10-09 14:07:16.771  2042  2693 W WindowManager: 	at com.android.server.wm.WindowAnimator$$ExternalSyntheticLambda1.doFrame(Unknown Source:2)
10-09 14:07:16.771  2042  2693 W WindowManager: 	at android.view.Choreographer$CallbackRecord.run(Choreographer.java:1652)
10-09 14:07:16.771  2042  2693 W WindowManager: 	at android.view.Choreographer$CallbackRecord.run(Choreographer.java:1663)
10-09 14:07:16.771  2042  2693 W WindowManager: 	at android.view.Choreographer.doCallbacks(Choreographer.java:1160)
10-09 14:07:16.771  2042  2693 W WindowManager: 	at android.view.Choreographer.doFrame(Choreographer.java:1057)
10-09 14:07:16.771  2042  2693 W WindowManager: 	at android.view.Choreographer$FrameDisplayEventReceiver.run(Choreographer.java:1617)
10-09 14:07:16.771  2042  2693 W WindowManager: 	at android.os.Handler.handleCallback(Handler.java:958)
10-09 14:07:16.771  2042  2693 W WindowManager: 	at android.os.Handler.dispatchMessage(Handler.java:99)
10-09 14:07:16.771  2042  2693 W WindowManager: 	at android.os.Looper.loopOnce(Looper.java:222)
10-09 14:07:16.771  2042  2693 W WindowManager: 	at android.os.Looper.loop(Looper.java:314)
10-09 14:07:16.771  2042  2693 W WindowManager: 	at android.os.HandlerThread.run(HandlerThread.java:67)
10-09 14:07:16.771  2042  2693 W WindowManager: 	at com.android.server.ServiceThread.run(ServiceThread.java:46)
10-09 14:07:16.816  2042  4079 D WindowManager: wms.finishDrawingLocked: mDrawState=COMMIT_DRAW_PENDING Window{963420e u0 com.android.chrome/org.chromium.chrome.browser.ChromeTabbedActivity} in Surface(name=com.android.chrome/org.chromium.chrome.browser.ChromeTabbedActivity#8316)/@0x1575ca6
10-09 14:07:16.819  2042  2693 I SmartPower: com.android.chrome/10172(2944): invisible->visible(171ms) R(become visible) adj=101.
10-09 14:07:16.819  2042  2693 I WindowManager: wms.showSurfaceRobustly mWin:Window{963420e u0 com.android.chrome/org.chromium.chrome.browser.ChromeTabbedActivity}
10-09 14:07:16.819  2042  2693 D WindowManager: Final targets: [Task{9836382 #6527 type=standard A=10030:eu.europa.ec.euidi}, Task{d6f195 #6512 type=standard A=10172:com.android.chrome}]
10-09 14:07:16.835  2042  2693 D WindowManager: Calling onTransitionReady info={id=399 t=CLOSE f=0x0 trk=0 r=[0@Point(0, 0)] c=[{WCT{RemoteToken{9e2742c Task{9836382 #6527 type=standard A=10030:eu.europa.ec.euidi}}} m=CLOSE f=NONE leash=Surface(name=Task=6527#8171)/@0xe983ecd sb=Rect(0, 0 - 1080, 2400) eb=Rect(0, 0 - 1080, 2400) d=0},{WCT{RemoteToken{705ab2 Task{d6f195 #6512 type=standard A=10172:com.android.chrome}}} m=TO_FRONT f=NONE leash=Surface(name=Task=6512#7476)/@0xbb5bd4c sb=Rect(0, 0 - 1080, 2400) eb=Rect(0, 0 - 1080, 2400) d=0}] noAni=[false] df=[false] mk=[true] nc=[0]}, mToken=Token{e863b56 TransitionRecord{bdaa907 id=399 type=CLOSE flags=0x0}}
10-09 14:07:16.836  2042  2693 I BLASTSyncEngine: finishNow: after onTransactionReady, mSyncId=399
10-09 14:07:16.839  4304  4304 D ArtChoreographerMonitor: invoke error.
10-09 14:07:16.839  2042  3500 D GreezeManager:  report signal uid = 10030 pid = 8267is not frozen.
10-09 14:07:16.840  4304  4484 D MiuiFreeformAnimation: startAnimation change: {WCT{android.window.IWindowContainerToken$Stub$Proxy@32d6e17} m=CLOSE f=NONE leash=Surface(name=Task=6527#8171)/@0x457c858 sb=Rect(0, 0 - 1080, 2400) eb=Rect(0, 0 - 1080, 2400) d=0} info.getType(): 2
10-09 14:07:16.840  4304  4484 D MiuiFreeformAnimation: startAnimation change: {WCT{android.window.IWindowContainerToken$Stub$Proxy@ead1204} m=TO_FRONT f=NONE leash=Surface(name=Task=6512#7476)/@0x47b4db1 sb=Rect(0, 0 - 1080, 2400) eb=Rect(0, 0 - 1080, 2400) d=0} info.getType(): 2
10-09 14:07:16.840  4304  4484 I MiuiFreeformAnimation: isLaunchWidgetPicker=false,taskInfo.getWindowingMode()=1, taskInfo.getActivityType()=1
10-09 14:07:16.841  4304  4484 W MiuiTaskTransitionHandler: Receive an unknown transition, token=android.os.BinderProxy@755a3ca, type=2
10-09 14:07:16.843  4304  4484 D TransitionAnimationHelper:  load default animation  type = 2 enter = true animAttr = 10 isTask = true translucent = false
10-09 14:07:16.845  4304  4484 D TransitionAnimationHelper:  load default animation  type = 2 enter = false animAttr = 11 isTask = true translucent = false
10-09 14:07:16.849  2042  4772 D PackageParserImpl: dump dex file,file message: base.odex: 240Kb base.vdex: 578Kb 
10-09 14:07:16.849  4304  4520 D ShellTransitions: speed ui!!!!!!!!!!!
10-09 14:07:16.850  4304  4484 D MiuiFullScreenTaskRepository: addOrUpdateFullScreenTaskInfo taskId=6512, topActivity=ComponentInfo{com.android.chrome/org.chromium.chrome.browser.ChromeTabbedActivity}
10-09 14:07:16.861  4304  4484 D SoScUtils: monitorTransitionFinished transition:android.os.BinderProxy@755a3ca transaction: android.view.SurfaceControl$Transaction@f5a6d46 mRequestCloseTransition:null mRequestOpenTransition:null mPairsOpenTransition:null mPairsOpenTransitionNull:null mRequestOpenTriggerTask:-1 mRequestCloseTriggerTask:-1 mOrientationTransition: null mMainStartingTask:-1 mSideStartingTask:-1
10-09 14:07:16.865  2042  4079 W WindowManager: Exception thrown during dispatchAppVisibility Window{aa4bfea u0 eu.europa.ec.euidi/eu.europa.ec.assemblylogic.ui.MainActivity EXITING}
10-09 14:07:16.865  2042  4079 W WindowManager: android.os.DeadObjectException
10-09 14:07:16.865  2042  4079 W WindowManager: 	at android.os.BinderProxy.transactNative(Native Method)
10-09 14:07:16.865  2042  4079 W WindowManager: 	at android.os.BinderProxy.transact(BinderProxy.java:639)
10-09 14:07:16.865  2042  4079 W WindowManager: 	at android.view.IWindow$Stub$Proxy.dispatchAppVisibility(IWindow.java:689)
10-09 14:07:16.865  2042  4079 W WindowManager: 	at com.android.server.wm.WindowState.sendAppVisibilityToClients(WindowState.java:3610)
10-09 14:07:16.865  2042  4079 W WindowManager: 	at com.android.server.wm.WindowContainer.sendAppVisibilityToClients(WindowContainer.java:1307)
10-09 14:07:16.865  2042  4079 W WindowManager: 	at com.android.server.wm.WindowToken.setClientVisible(WindowToken.java:425)
10-09 14:07:16.865  2042  4079 W WindowManager: 	at com.android.server.wm.ActivityRecord.setClientVisible(ActivityRecord.java:8357)
10-09 14:07:16.865  2042  4079 W WindowManager: 	at com.android.server.wm.ActivityRecord.postApplyAnimation(ActivityRecord.java:6774)
10-09 14:07:16.865  2042  4079 W WindowManager: 	at com.android.server.wm.ActivityRecord.commitVisibility(ActivityRecord.java:6717)
10-09 14:07:16.865  2042  4079 W WindowManager: 	at com.android.server.wm.Transition.finishTransition(Transition.java:1432)
10-09 14:07:16.865  2042  4079 W WindowManager: 	at com.android.server.wm.TransitionController.finishTransition(TransitionController.java:1054)
10-09 14:07:16.865  2042  4079 W WindowManager: 	at com.android.server.wm.WindowOrganizerController.finishTransition(WindowOrganizerController.java:478)
10-09 14:07:16.865  2042  4079 W WindowManager: 	at android.window.IWindowOrganizerController$Stub.onTransact(IWindowOrganizerController.java:321)
10-09 14:07:16.865  2042  4079 W WindowManager: 	at com.android.server.wm.WindowOrganizerController.onTransact(WindowOrganizerController.java:218)
10-09 14:07:16.865  2042  4079 W WindowManager: 	at android.os.Binder.execTransactInternal(Binder.java:1351)
10-09 14:07:16.865  2042  4079 W WindowManager: 	at android.os.Binder.execTransact(Binder.java:1282)
10-09 14:07:16.865  2042  4079 W WindowManager: The process may be dead, tid:8267,tgid:-1
10-09 14:07:16.866  2042  4079 I Transition: finishTransition: updateLastSurfacePosition tf=Task{9836382 #6527 type=standard A=10030:eu.europa.ec.euidi}
10-09 14:07:16.869  2042  4079 I WindowManager: cancelAnimation removed leash : Surface(name=Surface(name=49d5fba InputMethod#118)/@0xbb23dc8 - animation-leash of insets_animation#8315)/@0x7d9bbb1
10-09 14:07:16.875  4304  4484 D MiuiFullScreenTaskRepository: addOrUpdateFullScreenTaskInfo taskId=6527, topActivity=null
10-09 14:07:16.876  2042  2692 W ActivityManager: setHasOverlayUi called on unknown pid: 8267
10-09 14:07:16.876  2042  2693 W ActivityTaskManager: Can't find TaskDisplayArea to determine support for multi window. Task id=6527 attached=false
10-09 14:07:16.879  4304  4484 D MiuiFullScreenTaskRepository: removeFullScreenTask taskId=6527, topActivity=null
10-09 14:07:16.879  4304  4484 D MiuiWindowDecorViewModel: destroyWindowDecoration: taskId=6527, windowingMode=1, mWindowDecorByTaskId.size()=0, callers=com.android.wm.shell.fullscreen.FullscreenTaskListener.onTaskVanished:143 com.android.wm.shell.ShellTaskOrganizer.onTaskVanished:138 android.window.TaskOrganizer$1.lambda$onTaskVanished$5:391 android.window.TaskOrganizer$1.$r8$lambda$cnLAmEuLf_BQ_jFuhQbGGs5ghXo:0 android.window.TaskOrganizer$1$$ExternalSyntheticLambda14.run:4 
10-09 14:07:16.881  2042  9053 W PackageConfigPersister: App-specific configuration not found for packageName: com.android.chrome and userId: 0
10-09 14:07:16.884  2042  4772 I WindowManager: cancelAnimation removed leash : Surface(name=Surface(name=49d5fba InputMethod#118)/@0xbb23dc8 - animation-leash of insets_animation#8327)/@0xd595f2e
10-09 14:07:17.027  4304  4304 D ArtChoreographerMonitor: invoke error.
10-09 14:07:17.278  2042  6998 D ATMSImpl: setActivityController callingUid:2000 control=true
10-09 14:07:17.279  2042  6998 W ActivityManager: registerReceiverWithFeature: no app for null
10-09 14:07:17.289  2042  6998 D CompatibilityChangeReporter: Compat change id reported: 161252188; UID 10030; state: DISABLED
10-09 14:07:17.289  2042  6998 W ActivityTaskManager: callingPackage for (uid=2000, pid=8775) has no WPC
10-09 14:07:17.292  2042  6998 D WindowManager: Collecting in transition 400: ActivityRecord{e6434c7 u0 eu.europa.ec.euidi/eu.europa.ec.assemblylogic.ui.MainActivity init visibleRequested:false
10-09 14:07:17.294  2042  6998 I WindowManager: When perf version lower than 2.3, MiGTStub result: false, gameType: 1, packageName: eu.europa.ec.euidi
10-09 14:07:17.297  2042  6998 D MiuiFreeFormManagerService: activeOrFullscreenFreeformTaskIfNeed startDefaultAr:true
10-09 14:07:17.299  4304  4484 D OneHandedController: stopOneHanded state is 0
10-09 14:07:17.301  2042  6998 D WindowManagerService: checkFlipFullScreenChange is same, nowIsFullScreen = false
10-09 14:07:17.302  2042  6998 D WindowManager: setLockTaskAuth: task=Task{6a3721d #6530 type=standard A=10030:eu.europa.ec.euidi} mLockTaskAuth=LOCK_TASK_AUTH_PINNABLE
10-09 14:07:17.302  2042  6998 D WindowManager: Collecting in transition 400: Task{6a3721d #6530 type=standard A=10030:eu.europa.ec.euidi} init visibleRequested:false
10-09 14:07:17.303  2042  6998 D CompatibilityChangeReporter: Compat change id reported: 184838306; UID 10030; state: DISABLED
10-09 14:07:17.304  2042  6998 D CompatibilityChangeReporter: Compat change id reported: 185004937; UID 10030; state: DISABLED
10-09 14:07:17.305  2042  6998 D WindowManager: setLockTaskAuth: task=Task{6a3721d #6530 type=standard A=10030:eu.europa.ec.euidi} mLockTaskAuth=LOCK_TASK_AUTH_PINNABLE
10-09 14:07:17.306  2042  6998 D MiuiFreeFormManagerService: onStartActivityInner as = Task{6a3721d #6530 type=standard A=10030:eu.europa.ec.euidi} op = null
10-09 14:07:17.306  2042  6998 D ActivityTaskManager: Task#startActivityLocked isOrhasTask=true newTask=true
10-09 14:07:17.309  2042  6998 D CompatibilityChangeReporter: Compat change id reported: 205907456; UID 10030; state: ENABLED
10-09 14:07:17.313  2042  6998 D WindowManager: Collecting in transition 400: ActivityRecord{e6434c7 u0 eu.europa.ec.euidi/eu.europa.ec.assemblylogic.ui.MainActivity t6530} init visibleRequested:false
10-09 14:07:17.313  2042  6998 D WindowManager: Requesting StartTransition: TransitionRecord{88a2260 id=400 type=OPEN flags=0x0}
10-09 14:07:17.314  2042  6998 I ActivityTaskManager: START u0 {act=android.intent.action.MAIN cat=[android.intent.category.LAUNCHER] flg=0x10200000 cmp=eu.europa.ec.euidi/eu.europa.ec.assemblylogic.ui.MainActivity} with LAUNCH_SINGLE_TASK from uid 2000 from pid 8775 callingPackage com.android.shell (BAL_ALLOW_PERMISSION) result code=0
10-09 14:07:17.316  2042  2692 D CompatibilityChangeReporter: Compat change id reported: 135634846; UID 10030; state: DISABLED
10-09 14:07:17.317  2042  2692 D CompatibilityChangeReporter: Compat change id reported: 177438394; UID 10030; state: DISABLED
10-09 14:07:17.317  2042  2692 D CompatibilityChangeReporter: Compat change id reported: 135772972; UID 10030; state: DISABLED
10-09 14:07:17.317  4304  4575 D TaskSnapshot_Helper: SYS is normal.
10-09 14:07:17.317  2042  2692 D CompatibilityChangeReporter: Compat change id reported: 135754954; UID 10030; state: ENABLED
10-09 14:07:17.317  2042  2788 D CompatibilityChangeReporter: Compat change id reported: 143937733; UID 10030; state: ENABLED
10-09 14:07:17.319  4304  4572 D ArtChoreographerMonitor: invoke error.
10-09 14:07:17.320  4304  4484 D OneHandedController: stopOneHanded state is 0
10-09 14:07:17.320  4304  4484 D OneHandedController: stopOneHanded state is 0
10-09 14:07:17.320  4304  4484 I SoScUtils: monitorTransitionRequest mRequestOpenTransition:null mRequestOpenTriggerTask:-1 mRequestCloseTransition:null mRequestCloseTriggerTask:-1 mRequestCloseStageType:-1
10-09 14:07:17.321  2042  9053 D WindowManager: Set transition=TransitionRecord{88a2260 id=400 type=OPEN flags=0x0}, ready=false, SyncId=400 used=true, override=false, defer=0, states=Display{#0 state=ON size=1080x2400 ROTATION_0}:false
10-09 14:07:17.323  4304  4484 D MiuiFullScreenTaskRepository: setFocusedTask taskId=6512, displayId=0, topActivity=ComponentInfo{com.android.chrome/org.chromium.chrome.browser.ChromeTabbedActivity}
10-09 14:07:17.323  4304  4484 D MiuiFullScreenTaskRepository: addOrUpdateFullScreenTaskInfo taskId=6512, topActivity=ComponentInfo{com.android.chrome/org.chromium.chrome.browser.ChromeTabbedActivity}
10-09 14:07:17.323  4304  4484 D MiuiFreeformModeController: onFocusTaskChanged taskInfo: TaskInfo{userId=0 taskId=6512 displayId=0 isRunning=true baseIntent=Intent { act=android.intent.action.VIEW dat=https://issuer.eudiw.dev/... flg=0x14002000 cmp=com.android.chrome/org.chromium.chrome.browser.ChromeTabbedActivity } baseActivity=ComponentInfo{com.android.chrome/org.chromium.chrome.browser.ChromeTabbedActivity} topActivity=ComponentInfo{com.android.chrome/org.chromium.chrome.browser.ChromeTabbedActivity} origActivity=null realActivity=ComponentInfo{com.android.chrome/org.chromium.chrome.browser.ChromeTabbedActivity} numActivities=1 lastActiveTime=253349631 supportsSplitScreenMultiWindow=true supportsMultiWindow=true resizeMode=2 isResizeable=true minWidth=-1 minHeight=-1 defaultMinSize=200 token=WCT{android.window.IWindowContainerToken$Stub$Proxy@a06a5cc} topActivityType=1 pictureInPictureParams=null shouldDockBigOverlays=false launchIntoPipHostTaskId=-1 lastParentTaskIdBeforePip=-1 displayCutoutSafeInsets=Rect(0, 94 - 0, 0) topActivityInfo=ActivityInfo{320f015 org.chromium.chrome.browser.ChromeTabbedActivity} launchCookies=[] positionInParent=Point(0, 0) parentTaskId=-1 isFocused=true isVisible=true isVisibleRequested=true isSleeping=false topActivityInSizeCompat=false topActivityInMiuiSizeCompat=false topActivityEligibleForLetterboxEducation= false topActivityLetterboxed= false isFromDoubleTap= false topActivityLetterboxVerticalPosition= -1 topActivityLetterboxHorizontalPosition= -1 topActivityLetterboxWidth=-1 topActivityLetterboxHeight=-1 locusId=null displayAreaFeatureId=1 cameraCompatControlState=hidden mIsCastMode=false mTopActivityMediaSize=null mTopActivityRecordName=ActivityRecord{3dc197f u0 com.android.chrome/org.chromium.chrome.browser.ChromeTabbedActivity t6512} mTopActivityOrientation=-1 mTopActivityWindowIsNowVisible=true isTranslucent=false isEmbedded=false shouldBeVisible=true isImmersive=false mBehindAppLockPkg=null mOriginatingUid=0}
10-09 14:07:17.323  4304  4484 D MiuiDesktopModeController: onFocusTaskChanged newFocus: TaskInfo{userId=0 taskId=6512 displayId=0 isRunning=true baseIntent=Intent { act=android.intent.action.VIEW dat=https://issuer.eudiw.dev/... flg=0x14002000 cmp=com.android.chrome/org.chromium.chrome.browser.ChromeTabbedActivity } baseActivity=ComponentInfo{com.android.chrome/org.chromium.chrome.browser.ChromeTabbedActivity} topActivity=ComponentInfo{com.android.chrome/org.chromium.chrome.browser.ChromeTabbedActivity} origActivity=null realActivity=ComponentInfo{com.android.chrome/org.chromium.chrome.browser.ChromeTabbedActivity} numActivities=1 lastActiveTime=253349631 supportsSplitScreenMultiWindow=true supportsMultiWindow=true resizeMode=2 isResizeable=true minWidth=-1 minHeight=-1 defaultMinSize=200 token=WCT{android.window.IWindowContainerToken$Stub$Proxy@a06a5cc} topActivityType=1 pictureInPictureParams=null shouldDockBigOverlays=false launchIntoPipHostTaskId=-1 lastParentTaskIdBeforePip=-1 displayCutoutSafeInsets=Rect(0, 94 - 0, 0) topActivityInfo=ActivityInfo{320f015 org.chromium.chrome.browser.ChromeTabbedActivity} launchCookies=[] positionInParent=Point(0, 0) parentTaskId=-1 isFocused=true isVisible=true isVisibleRequested=true isSleeping=false topActivityInSizeCompat=false topActivityInMiuiSizeCompat=false topActivityEligibleForLetterboxEducation= false topActivityLetterboxed= false isFromDoubleTap= false topActivityLetterboxVerticalPosition= -1 topActivityLetterboxHorizontalPosition= -1 topActivityLetterboxWidth=-1 topActivityLetterboxHeight=-1 locusId=null displayAreaFeatureId=1 cameraCompatControlState=hidden mIsCastMode=false mTopActivityMediaSize=null mTopActivityRecordName=ActivityRecord{3dc197f u0 com.android.chrome/org.chromium.chrome.browser.ChromeTabbedActivity t6512} mTopActivityOrientation=-1 mTopActivityWindowIsNowVisible=true isTranslucent=false isEmbedded=false shouldBeVisible=true isImmersive=false mBehindAppLockPkg=null mOriginatingUid=0}
10-09 14:07:17.338  2042  2788 I ActivityManager: Start proc 8788:eu.europa.ec.euidi/u0a30 for next-top-activity {eu.europa.ec.euidi/eu.europa.ec.assemblylogic.ui.MainActivity} caller=com.android.shell
10-09 14:07:17.344  2042  9053 D CoreBackPreview: Window{accf5bf u0 Splash Screen eu.europa.ec.euidi}: Setting back callback OnBackInvokedCallbackInfo{mCallback=android.window.IOnBackInvokedCallback$Stub$Proxy@7bddd78, mPriority=0, mIsAnimationCallback=false}
10-09 14:07:17.346  2042  8789 W ContextImpl: Calling a method in the system process without a qualified user: android.app.ContextImpl.sendBroadcast:1231 com.qualcomm.qti.Performance$SendGameLaunchBroadcast.run:251 java.lang.Thread.run:1119 <bottom of call stack> <bottom of call stack> 
10-09 14:07:17.357  2042  7043 D WindowManager: Collecting in transition 400: ActivityRecord{e6434c7 u0 eu.europa.ec.euidi/eu.europa.ec.assemblylogic.ui.MainActivity t6530} init visibleRequested:false
10-09 14:07:17.357  2042  7043 D WindowManager: Collecting in transition 400: ActivityRecord{3dc197f u0 com.android.chrome/org.chromium.chrome.browser.ChromeTabbedActivity t6512} init visibleRequested:true
10-09 14:07:17.363  2042  2693 D WindowManager: wms.Focus not requested for window=Window{963420e u0 com.android.chrome/org.chromium.chrome.browser.ChromeTabbedActivity} because it has no surface or is not focusable.
10-09 14:07:17.369  2042  4079 D ATMSImpl: setActivityController callingUid:2000 control=false
10-09 14:07:17.384  2042  2693 D WindowManager: Set transition=TransitionRecord{88a2260 id=400 type=OPEN flags=0x0}, ready=true, SyncId=400 
10-09 14:07:17.387  2042  2693 I SmartPower: eu.europa.ec.euidi/10030(0): died->visible(754ms) R(become visible) adj=-10000.
10-09 14:07:17.388  2042  2693 I WindowManager: wms.showSurfaceRobustly mWin:Window{accf5bf u0 Splash Screen eu.europa.ec.euidi}
10-09 14:07:17.388  2042  4772 W AutofillManagerServiceImpl: getFillEventHistory() called by UID 10273, but service UID is 10163
10-09 14:07:17.388  2042  2693 D WindowManager: Final targets: [Task{6a3721d #6530 type=standard A=10030:eu.europa.ec.euidi}, Task{d6f195 #6512 type=standard A=10172:com.android.chrome}]
10-09 14:07:17.412  2042  2693 D WindowManager: Calling onTransitionReady info={id=400 t=OPEN f=0x0 trk=0 r=[0@Point(0, 0)] c=[{WCT{RemoteToken{d72a8bc Task{6a3721d #6530 type=standard A=10030:eu.europa.ec.euidi}}} m=OPEN f=NONE leash=Surface(name=Task=6530#8330)/@0x1a94af4 sb=Rect(0, 0 - 1080, 2400) eb=Rect(0, 0 - 1080, 2400) d=0},{WCT{RemoteToken{705ab2 Task{d6f195 #6512 type=standard A=10172:com.android.chrome}}} m=TO_BACK f=NONE leash=Surface(name=Task=6512#7476)/@0xbb5bd4c sb=Rect(0, 0 - 1080, 2400) eb=Rect(0, 0 - 1080, 2400) d=0}] noAni=[false] df=[false] mk=[true] nc=[0]}, mToken=Token{6a35045 TransitionRecord{88a2260 id=400 type=OPEN flags=0x0}}
10-09 14:07:17.413  2042  2693 I BLASTSyncEngine: finishNow: after onTransactionReady, mSyncId=400
10-09 14:07:17.415  4304  4484 D MiuiFreeformAnimation: startAnimation change: {WCT{android.window.IWindowContainerToken$Stub$Proxy@56519fc} m=OPEN f=NONE leash=Surface(name=Task=6530#8330)/@0xc2da8c9 sb=Rect(0, 0 - 1080, 2400) eb=Rect(0, 0 - 1080, 2400) d=0} info.getType(): 1
10-09 14:07:17.415  4304  4484 I MiuiFreeformAnimation: isLaunchWidgetPicker=false,taskInfo.getWindowingMode()=1, taskInfo.getActivityType()=1
10-09 14:07:17.416  4304  4484 D MiuiFreeformAnimation: startAnimation change: {WCT{android.window.IWindowContainerToken$Stub$Proxy@edf0885} m=TO_BACK f=NONE leash=Surface(name=Task=6512#7476)/@0xd544bce sb=Rect(0, 0 - 1080, 2400) eb=Rect(0, 0 - 1080, 2400) d=0} info.getType(): 1
10-09 14:07:17.417  4304  4484 W MiuiTaskTransitionHandler: Receive an unknown transition, token=android.os.BinderProxy@e5d3759, type=1
10-09 14:07:17.419  4304  4484 D TransitionAnimationHelper:  load default animation  type = 1 enter = false animAttr = 9 isTask = true translucent = false
10-09 14:07:17.420  4304  4484 D TransitionAnimationHelper:  load default animation  type = 1 enter = true animAttr = 8 isTask = true translucent = false
10-09 14:07:17.421  4304  4520 D ShellTransitions: speed ui!!!!!!!!!!!
10-09 14:07:17.422  2042  2693 D WindowManager: wms.Focus not requested for window=Window{963420e u0 com.android.chrome/org.chromium.chrome.browser.ChromeTabbedActivity} because it has no surface or is not focusable.
10-09 14:07:17.422  4304  4484 D MiuiFullScreenTaskRepository: addOrUpdateFullScreenTaskInfo taskId=6530, topActivity=ComponentInfo{eu.europa.ec.euidi/eu.europa.ec.assemblylogic.ui.MainActivity}
10-09 14:07:17.428  2042  4079 W MiuiBoosterUtils: enable_miuibooster_launch : false
10-09 14:07:17.429  4304  4484 D SoScUtils: monitorTransitionFinished transition:android.os.BinderProxy@e5d3759 transaction: android.view.SurfaceControl$Transaction@151447e mRequestCloseTransition:null mRequestOpenTransition:null mPairsOpenTransition:null mPairsOpenTransitionNull:null mRequestOpenTriggerTask:-1 mRequestCloseTriggerTask:-1 mOrientationTransition: null mMainStartingTask:-1 mSideStartingTask:-1
10-09 14:07:17.435  2042  4079 D WindowManagerService: checkFlipFullScreenChange is same, nowIsFullScreen = false
10-09 14:07:17.438  2042  4079 I WindowManager: cancelAnimation removed leash : Surface(name=Surface(name=704023a StatusBar#94)/@0xa8be448 - animation-leash of insets_animation#8317)/@0x40c9d32
10-09 14:07:17.441  2042  4079 I WindowManager: cancelAnimation removed leash : Surface(name=Surface(name=d968687 NavigationBar0#90)/@0x2f479dd - animation-leash of insets_animation#8318)/@0x13ca400
10-09 14:07:17.442  2042  4079 D WindowManager: wms.Input focus has changed to null display=0 updateInputWindows = true
10-09 14:07:17.443  2042  4079 I MultiSenceManagerInternalStub: getInstance
10-09 14:07:17.447  2042  7043 I Transition: finishTransition: updateLastSurfacePosition tf=Task{6a3721d #6530 type=standard A=10030:eu.europa.ec.euidi}
10-09 14:07:17.449  4304  4484 D MiuiFullScreenTaskRepository: addOrUpdateFullScreenTaskInfo taskId=6530, topActivity=ComponentInfo{eu.europa.ec.euidi/eu.europa.ec.assemblylogic.ui.MainActivity}
10-09 14:07:17.451  4304  4484 D MiuiFullScreenTaskRepository: setFocusedTask taskId=6530, displayId=0, topActivity=ComponentInfo{eu.europa.ec.euidi/eu.europa.ec.assemblylogic.ui.MainActivity}
10-09 14:07:17.451  4304  4484 D MiuiFullScreenTaskRepository: addOrUpdateFullScreenTaskInfo taskId=6530, topActivity=ComponentInfo{eu.europa.ec.euidi/eu.europa.ec.assemblylogic.ui.MainActivity}
10-09 14:07:17.451  2042  6879 D CompatibilityChangeReporter: Compat change id reported: 170503758; UID 10030; state: ENABLED
10-09 14:07:17.451  4304  4484 D MiuiFreeformModeController: onFocusTaskChanged taskInfo: TaskInfo{userId=0 taskId=6530 displayId=0 isRunning=true baseIntent=Intent { act=android.intent.action.MAIN cat=[android.intent.category.LAUNCHER] flg=0x10200000 cmp=eu.europa.ec.euidi/eu.europa.ec.assemblylogic.ui.MainActivity } baseActivity=ComponentInfo{eu.europa.ec.euidi/eu.europa.ec.assemblylogic.ui.MainActivity} topActivity=ComponentInfo{eu.europa.ec.euidi/eu.europa.ec.assemblylogic.ui.MainActivity} origActivity=null realActivity=ComponentInfo{eu.europa.ec.euidi/eu.europa.ec.assemblylogic.ui.MainActivity} numActivities=1 lastActiveTime=253349754 supportsSplitScreenMultiWindow=true supportsMultiWindow=true resizeMode=1 isResizeable=true minWidth=-1 minHeight=-1 defaultMinSize=200 token=WCT{android.window.IWindowContainerToken$Stub$Proxy@9ecbddf} topActivityType=1 pictureInPictureParams=null shouldDockBigOverlays=false launchIntoPipHostTaskId=-1 lastParentTaskIdBeforePip=-1 displayCutoutSafeInsets=Rect(0, 94 - 0, 0) topActivityInfo=ActivityInfo{520fa2c eu.europa.ec.assemblylogic.ui.MainActivity} launchCookies=[] positionInParent=Point(0, 0) parentTaskId=-1 isFocused=true isVisible=true isVisibleRequested=true isSleeping=false topActivityInSizeCompat=false topActivityInMiuiSizeCompat=false topActivityEligibleForLetterboxEducation= false topActivityLetterboxed= false isFromDoubleTap= false topActivityLetterboxVerticalPosition= -1 topActivityLetterboxHorizontalPosition= -1 topActivityLetterboxWidth=-1 topActivityLetterboxHeight=-1 locusId=null displayAreaFeatureId=1 cameraCompatControlState=hidden mIsCastMode=false mTopActivityMediaSize=null mTopActivityRecordName=ActivityRecord{e6434c7 u0 eu.europa.ec.euidi/eu.europa.ec.assemblylogic.ui.MainActivity t6530} mTopActivityOrientation=1 mTopActivityWindowIsNowVisible=false isTranslucent=false isEmbedded=false shouldBeVisible=true isImmersive=false mBehindAppLockPkg=null mOriginatingUid=0}
10-09 14:07:17.451  4304  4484 D MiuiDesktopModeController: onFocusTaskChanged newFocus: TaskInfo{userId=0 taskId=6530 displayId=0 isRunning=true baseIntent=Intent { act=android.intent.action.MAIN cat=[android.intent.category.LAUNCHER] flg=0x10200000 cmp=eu.europa.ec.euidi/eu.europa.ec.assemblylogic.ui.MainActivity } baseActivity=ComponentInfo{eu.europa.ec.euidi/eu.europa.ec.assemblylogic.ui.MainActivity} topActivity=ComponentInfo{eu.europa.ec.euidi/eu.europa.ec.assemblylogic.ui.MainActivity} origActivity=null realActivity=ComponentInfo{eu.europa.ec.euidi/eu.europa.ec.assemblylogic.ui.MainActivity} numActivities=1 lastActiveTime=253349754 supportsSplitScreenMultiWindow=true supportsMultiWindow=true resizeMode=1 isResizeable=true minWidth=-1 minHeight=-1 defaultMinSize=200 token=WCT{android.window.IWindowContainerToken$Stub$Proxy@9ecbddf} topActivityType=1 pictureInPictureParams=null shouldDockBigOverlays=false launchIntoPipHostTaskId=-1 lastParentTaskIdBeforePip=-1 displayCutoutSafeInsets=Rect(0, 94 - 0, 0) topActivityInfo=ActivityInfo{520fa2c eu.europa.ec.assemblylogic.ui.MainActivity} launchCookies=[] positionInParent=Point(0, 0) parentTaskId=-1 isFocused=true isVisible=true isVisibleRequested=true isSleeping=false topActivityInSizeCompat=false topActivityInMiuiSizeCompat=false topActivityEligibleForLetterboxEducation= false topActivityLetterboxed= false isFromDoubleTap= false topActivityLetterboxVerticalPosition= -1 topActivityLetterboxHorizontalPosition= -1 topActivityLetterboxWidth=-1 topActivityLetterboxHeight=-1 locusId=null displayAreaFeatureId=1 cameraCompatControlState=hidden mIsCastMode=false mTopActivityMediaSize=null mTopActivityRecordName=ActivityRecord{e6434c7 u0 eu.europa.ec.euidi/eu.europa.ec.assemblylogic.ui.MainActivity t6530} mTopActivityOrientation=1 mTopActivityWindowIsNowVisible=false isTranslucent=false isEmbedded=false shouldBeVisible=true isImmersive=false mBehindAppLockPkg=null mOriginatingUid=0}
10-09 14:07:17.452  4304  4484 D MiuiFullScreenTaskRepository: addOrUpdateFullScreenTaskInfo taskId=6512, topActivity=ComponentInfo{com.android.chrome/org.chromium.chrome.browser.ChromeTabbedActivity}
10-09 14:07:17.468  2042  2690 D Aurogon :  uid = 10030 switch to FG
10-09 14:07:17.474  2042  3500 D isUidValid: uid = 10030
10-09 14:07:17.483  8788  8788 D ActivityThread: useGrowthLimitOutExpendMethod invoke error.
10-09 14:07:17.512  2042  4079 I ActivityManager: Flag disabled. Ignoring finishAttachApplication from uid: 10030. pid: 8788
10-09 14:07:17.524  2042  4772 D CompatibilityChangeReporter: Compat change id reported: 253665015; UID 10030; state: ENABLED
10-09 14:07:17.524  2042  4772 D CompatibilityChangeReporter: Compat change id reported: 194532703; UID 10030; state: ENABLED
10-09 14:07:17.524  2042  4772 D ActivityManager: checkAllowBackground: uid=10030 pkg=eu.europa.ec.euidi rec=UidRecord{efb15a2 u0a30 TOP  change:active|uncached|procstate procs:0 seq(730058,730058)} caps=LCMNFU always=false idle=false
10-09 14:07:17.552  8788  8788 D FramePredict: FramePredict init: false
10-09 14:07:17.552  8788  8788 D FramePredict: init success
10-09 14:07:17.554  2042  6981 W ActivityManager: Permission Denial: getCurrentUser() from pid=8788, uid=10030 requires android.permission.INTERACT_ACROSS_USERS
10-09 14:07:17.555  8788  8819 E FramePredict: registerContentObserver fail
10-09 14:07:17.564  4304  4484 D MiuiFullScreenTaskRepository: setFocusedTask taskId=6530, displayId=0, topActivity=ComponentInfo{eu.europa.ec.euidi/eu.europa.ec.assemblylogic.ui.MainActivity}
10-09 14:07:17.564  4304  4484 D MiuiFullScreenTaskRepository: addOrUpdateFullScreenTaskInfo taskId=6530, topActivity=ComponentInfo{eu.europa.ec.euidi/eu.europa.ec.assemblylogic.ui.MainActivity}
10-09 14:07:17.567  4304 26581 D MiuiFreeformModeObserver: activityResumed() intent Intent { cmp=eu.europa.ec.euidi/eu.europa.ec.assemblylogic.ui.MainActivity (has extras) }
10-09 14:07:17.595  4304  4304 D ArtChoreographerMonitor: invoke error.
10-09 14:07:17.633  2042  4772 D CoreBackPreview: Window{b899e23 u0 eu.europa.ec.euidi/eu.europa.ec.assemblylogic.ui.MainActivity}: Setting back callback OnBackInvokedCallbackInfo{mCallback=android.window.IOnBackInvokedCallback$Stub$Proxy@bd2ae9b, mPriority=0, mIsAnimationCallback=false}
