10-10 12:03:14.283  1902  2304 I InputMethodManagerService: IMMS.showSoftInput(), client = com.android.internal.inputmethod.IInputMethodClient$Stub$Proxy@ce12460
10-10 12:03:14.283  1902  2304 I InputMethodManagerService: IMMS.showCurrentInputLocked(), flags = 0
10-10 12:03:14.283  1902  2304 D SmartPower: com.google.android.inputmethod.latin/10196(22721): show input method
10-10 12:03:14.283  1902  2304 I DefaultImeVisibilityApplier: IMMS.showCurrentInputLocked request ims to show inputMethod.
10-10 12:03:14.301  1902  2304 I InputMethodManagerService: IMMS.applyImeVisibility(), setVisible = true, mCurclient = ClientState{c2e316e mUid=10190 mPid=4464 mSelfReportedDisplayId=0}
10-10 12:03:14.302  1902  2304 I WindowManager: WMS.showImePostLayout(), imeTarget = Window{565fe39 u0 com.android.chrome/org.chromium.chrome.browser.ChromeTabbedActivity}
10-10 12:03:14.305  1902 23265 D CoreBackPreview: Window{565fe39 u0 com.android.chrome/org.chromium.chrome.browser.ChromeTabbedActivity}: Setting back callback OnBackInvokedCallbackInfo{mCallback=android.window.IOnBackInvokedCallback$Stub$Proxy@bc95fbf, mPriority=0, mIsAnimationCallback=false}
10-10 12:03:14.312  2983  3075 D MiuiFreeformModeController: avoidForInsetsBottomChangedIfNeed oldMoveableBottom: 2270 newMoveableBounds: 2270
10-10 12:03:14.313  1902  2304 I WindowManager: Relayout Window{6a76de5 u0 InputMethod}: oldVis=8 newVis=0 focusMayChange = true requestedWidth = 1080 requestedHeight = 2306 outFrames = ClientWindowFrames{frame=[0,94][1080,2400] display=[0,94][1080,2400] parentFrame=[0,0][0,0]} outSurfaceControl = Surface(name=InputMethod#17606)/@0x5be38db
10-10 12:03:14.323  2983  3075 D MiuiFreeformModeController: avoidForInsetsBottomChangedIfNeed oldMoveableBottom: 2270 newMoveableBounds: 2270
10-10 12:03:14.328  1902  2304 W WindowManager: finishDrawingWindow: Window{6a76de5 u0 InputMethod} mDrawState=DRAW_PENDING
10-10 12:03:14.328  1902  2304 D WindowManager: wms.finishDrawingLocked: mDrawState=COMMIT_DRAW_PENDING Window{6a76de5 u0 InputMethod} in Surface(name=InputMethod#17606)/@0xef81dea
10-10 12:03:14.330  1902  3984 I InputMethodManagerService: IMMS.applyImeVisibility(), setVisible = true, mCurclient = ClientState{c2e316e mUid=10190 mPid=4464 mSelfReportedDisplayId=0}
10-10 12:03:14.331  1902  1939 I ImeInsetsSourceProvider: ImeInsetsSourceProvider.scheduleShowImePostLayout() Run showImeRunner.
10-10 12:03:14.331  1902  1939 I ImeInsetsSourceProvider: ImeInsetsSourceProvider.scheduleShowImePostLayout() isReadyToShowIme.
10-10 12:03:14.332  2983  3075 D MiuiFreeformModeController: avoidForInsetsBottomChangedIfNeed oldMoveableBottom: 2270 newMoveableBounds: 2270
10-10 12:03:14.333  1902  2304 I WindowManager: cancelAnimation removed leash : Surface(name=Surface(name=db27a2 NavigationBar0#82)/@0xc1acbf0 - animation-leash of insets_animation#17595)/@0x77e41fc
10-10 12:03:14.333  2983  3075 D ImePositionProcessor: onImeVisibilityChanged     isShowing:  true
10-10 12:03:14.333  1902  3984 I WindowManager: WMS.showImePostLayout(), imeTarget = Window{565fe39 u0 com.android.chrome/org.chromium.chrome.browser.ChromeTabbedActivity}
10-10 12:03:14.334  1902  1939 I WindowManager: input method visible height changed 701
10-10 12:03:14.334  1902  2338 I ITouchFeature: current device and process support version:2
10-10 12:03:14.336  2983  3075 D MiuiFreeformModeController: onImeVisibilityChanged imeVisible: true imeHeight: 701 adjustedForRotation:false
10-10 12:03:14.336  2983  3075 D MiuiFreeformModeAvoidAlgorithm: begin autoOrderingAvoidMiniTask
10-10 12:03:14.336  2983  3075 D MiuiFreeformModeAvoidAlgorithm: getCurrMiniPos: SameSideMiniPosList: []
10-10 12:03:14.336  2983  3075 D MiuiFreeformModeAvoidAlgorithm: getCurrMiniPos: SameSideMiniPosList: []
10-10 12:03:14.336  2983  3075 D MiuiFreeformModeAvoidAlgorithm: end autoOrderingAvoidMiniTask res:AvoidResult{distance=0, combination={}, activeTaskPos=Rect(0, 0 - 0, 0)}
10-10 12:03:14.338  1902  1939 W WindowManager: real show surface:Surface(name=InputMethod#17606)/@0xef81dea
10-10 12:03:14.338  1902  1939 I ImeInsetsSourceProvider: ImeInsetsSourceProvider.scheduleShowImePostLayout() Run showImeRunner.
10-10 12:03:14.338  1902  1939 I ImeInsetsSourceProvider: ImeInsetsSourceProvider.scheduleShowImePostLayout() isReadyToShowIme.
10-10 12:03:14.357  2983  3075 D OneHandedController: stopOneHanded state is 0
10-10 12:03:14.474  1902  3984 D WindowManagerService: checkFlipFullScreenChange is same, nowIsFullScreen = false
10-10 12:03:14.511  1902  3984 D WindowManagerService: checkFlipFullScreenChange is same, nowIsFullScreen = false
10-10 12:03:14.651  1902 23265 W MIUIInput: Input event injection from package: null action ACTION_DOWN
10-10 12:03:14.653  1902  2612 I ProcessManager: getRenderThreadTidByPid, caller=1902
10-10 12:03:14.655  1902 23265 W MIUIInput: Input event injection from package: null action ACTION_UP
10-10 12:03:14.680  1902 23259 I InputMethodManagerService: IMMS.applyImeVisibility(), setVisible = false, mCurclient = ClientState{c2e316e mUid=10190 mPid=4464 mSelfReportedDisplayId=0}
10-10 12:03:14.686  1902 22706 W PackageConfigPersister: App-specific configuration not found for packageName: com.android.chrome and userId: 0
10-10 12:03:14.686  1902  3984 D PerfShielderService: com.android.chrome|com.android.chrome/org.chromium.chrome.browser.ChromeTabbedActivity|163|114031733421104|78|0|3
10-10 12:03:14.687 22071 22103 W MiuiPerfServiceClient: interceptAndQueuing:4464|com.android.chrome|163|78|114031733421104|Slow main thread|3
10-10 12:03:14.687  2983  3075 D MiuiFreeformModeController: avoidForInsetsBottomChangedIfNeed oldMoveableBottom: 2270 newMoveableBounds: 2270
10-10 12:03:14.687  2983  3075 D ImePositionProcessor: onImeVisibilityChanged     isShowing:  false
10-10 12:03:14.689  1902  1939 I WindowManager: input method visible height changed 0
10-10 12:03:14.690  1902  2338 I ITouchFeature: current device and process support version:2
10-10 12:03:14.695  1902 23265 D CoreBackPreview: Window{565fe39 u0 com.android.chrome/org.chromium.chrome.browser.ChromeTabbedActivity}: Setting back callback OnBackInvokedCallbackInfo{mCallback=android.window.IOnBackInvokedCallback$Stub$Proxy@97b4e89, mPriority=0, mIsAnimationCallback=true}
10-10 12:03:14.696  2983  3075 D MiuiFreeformModeController: onImeVisibilityChanged imeVisible: false imeHeight: 0 adjustedForRotation:false
10-10 12:03:14.696  2983  3075 D MiuiFreeformModeAvoidAlgorithm: begin autoOrderingAvoidMiniTask
10-10 12:03:14.696  2983  3075 D MiuiFreeformModeAvoidAlgorithm: getCurrMiniPos: SameSideMiniPosList: []
10-10 12:03:14.696  2983  3075 D MiuiFreeformModeAvoidAlgorithm: getCurrMiniPos: SameSideMiniPosList: []
10-10 12:03:14.696  2983  3075 D MiuiFreeformModeAvoidAlgorithm: end autoOrderingAvoidMiniTask res:AvoidResult{distance=0, combination={}, activeTaskPos=Rect(0, 0 - 0, 0)}
10-10 12:03:14.826  1902  2304 W MIUIInput: Input event injection from package: null action ACTION_DOWN
10-10 12:03:14.828  1902  2612 I ProcessManager: getRenderThreadTidByPid, caller=1902
10-10 12:03:14.832  1902  2304 W MIUIInput: Input event injection from package: null action ACTION_UP
10-10 12:03:14.844  1902  3984 W PackageConfigPersister: App-specific configuration not found for packageName: com.android.chrome and userId: 0
10-10 12:03:14.844  1902 23265 I InputMethodManagerService: IMMS.showSoftInput(), client = com.android.internal.inputmethod.IInputMethodClient$Stub$Proxy@b7b0ecb
10-10 12:03:14.844  1902 23265 I InputMethodManagerService: IMMS.showCurrentInputLocked(), flags = 0
10-10 12:03:14.844  1902 23265 D SmartPower: com.google.android.inputmethod.latin/10196(22721): show input method
10-10 12:03:14.845  1902 23265 I DefaultImeVisibilityApplier: IMMS.showCurrentInputLocked request ims to show inputMethod.
10-10 12:03:14.887  1902  2304 I InputMethodManagerService: IMMS.showSoftInput(), client = com.android.internal.inputmethod.IInputMethodClient$Stub$Proxy@2b145c1
10-10 12:03:14.887  1902  2304 I InputMethodManagerService: IMMS.showCurrentInputLocked(), flags = 0
10-10 12:03:14.887  1902  2304 D SmartPower: com.google.android.inputmethod.latin/10196(22721): show input method
10-10 12:03:14.888  1902  2304 I DefaultImeVisibilityApplier: IMMS.showCurrentInputLocked request ims to show inputMethod.
10-10 12:03:14.912  1902 23265 I InputMethodManagerService: IMMS.applyImeVisibility(), setVisible = true, mCurclient = ClientState{c2e316e mUid=10190 mPid=4464 mSelfReportedDisplayId=0}
10-10 12:03:14.912  1902 23265 I WindowManager: WMS.showImePostLayout(), imeTarget = Window{565fe39 u0 com.android.chrome/org.chromium.chrome.browser.ChromeTabbedActivity}
10-10 12:03:14.914  1902  1939 I ImeInsetsSourceProvider: ImeInsetsSourceProvider.scheduleShowImePostLayout() Run showImeRunner.
10-10 12:03:14.914  1902  1939 I ImeInsetsSourceProvider: ImeInsetsSourceProvider.scheduleShowImePostLayout() isReadyToShowIme.
10-10 12:03:14.917  1902  2304 D CoreBackPreview: Window{565fe39 u0 com.android.chrome/org.chromium.chrome.browser.ChromeTabbedActivity}: Setting back callback OnBackInvokedCallbackInfo{mCallback=android.window.IOnBackInvokedCallback$Stub$Proxy@d01b166, mPriority=0, mIsAnimationCallback=false}
10-10 12:03:14.917  1902  2304 I WindowManager: cancelAnimation removed leash : Surface(name=Surface(name=db27a2 NavigationBar0#82)/@0xc1acbf0 - animation-leash of insets_animation#17607)/@0xa366590
10-10 12:03:14.919  1902 23266 I WindowManager: input method visible height changed 701
10-10 12:03:14.920  1902  2338 I ITouchFeature: current device and process support version:2
10-10 12:03:14.922  2983  3075 D MiuiFreeformModeController: avoidForInsetsBottomChangedIfNeed oldMoveableBottom: 2270 newMoveableBounds: 2270
10-10 12:03:14.922  2983  3075 D ImePositionProcessor: onImeVisibilityChanged     isShowing:  true
10-10 12:03:14.928  1902 23265 I InputMethodManagerService: IMMS.applyImeVisibility(), setVisible = true, mCurclient = ClientState{c2e316e mUid=10190 mPid=4464 mSelfReportedDisplayId=0}
10-10 12:03:14.929  2983  3075 D MiuiFreeformModeController: onImeVisibilityChanged imeVisible: true imeHeight: 701 adjustedForRotation:false
10-10 12:03:14.929  2983  3075 D MiuiFreeformModeAvoidAlgorithm: begin autoOrderingAvoidMiniTask
10-10 12:03:14.929  2983  3075 D MiuiFreeformModeAvoidAlgorithm: getCurrMiniPos: SameSideMiniPosList: []
10-10 12:03:14.929  2983  3075 D MiuiFreeformModeAvoidAlgorithm: getCurrMiniPos: SameSideMiniPosList: []
10-10 12:03:14.929  2983  3075 D MiuiFreeformModeAvoidAlgorithm: end autoOrderingAvoidMiniTask res:AvoidResult{distance=0, combination={}, activeTaskPos=Rect(0, 0 - 0, 0)}
10-10 12:03:14.935  1902 23265 I WindowManager: WMS.showImePostLayout(), imeTarget = Window{565fe39 u0 com.android.chrome/org.chromium.chrome.browser.ChromeTabbedActivity}
10-10 12:03:14.941  1902  1939 I ImeInsetsSourceProvider: ImeInsetsSourceProvider.scheduleShowImePostLayout() Run showImeRunner.
10-10 12:03:14.941  1902  1939 I ImeInsetsSourceProvider: ImeInsetsSourceProvider.scheduleShowImePostLayout() isReadyToShowIme.
10-10 12:03:14.943  2983  3075 D OneHandedController: stopOneHanded state is 0
10-10 12:03:14.986  1902 23265 D WindowManagerService: checkFlipFullScreenChange is same, nowIsFullScreen = false
10-10 12:03:15.010  1902 23265 D WindowManagerService: checkFlipFullScreenChange is same, nowIsFullScreen = false
10-10 12:03:15.138  1902 23259 W MIUIInput: Input event injection from package: null action ACTION_DOWN
10-10 12:03:15.140  1902  2612 I ProcessManager: getRenderThreadTidByPid, caller=1902
10-10 12:03:15.141  1902 23259 W MIUIInput: Input event injection from package: null action ACTION_UP
10-10 12:03:15.165  1902 23265 I InputMethodManagerService: IMMS.applyImeVisibility(), setVisible = false, mCurclient = ClientState{c2e316e mUid=10190 mPid=4464 mSelfReportedDisplayId=0}
10-10 12:03:15.170  1902  3984 W PackageConfigPersister: App-specific configuration not found for packageName: com.android.chrome and userId: 0
10-10 12:03:15.177  1902 23259 D PerfShielderService: com.google.android.inputmethod.latin|InputMethod|83|114032322843335|83|0|1
10-10 12:03:15.177 22071 22103 W MiuiPerfServiceClient: interceptAndQueuing:22721|com.google.android.inputmethod.latin|83|83|114032322843335|Slow main thread|1
10-10 12:03:15.187  1902 23259 W WindowManager: Changing focus from Window{565fe39 u0 com.android.chrome/org.chromium.chrome.browser.ChromeTabbedActivity} to Window{41c8c43 u0 com.android.chrome/org.chromium.chrome.browser.ChromeTabbedActivity} displayId=0 Callers=com.android.server.wm.RootWindowContainer.updateFocusedWindowLocked:557 com.android.server.wm.WindowManagerService.updateFocusedWindowLocked:6962 com.android.server.wm.WindowManagerService.addWindow:2218 com.android.server.wm.Session.addToDisplayAsUser:231 
10-10 12:03:15.187  1902 23259 I WindowManager: cancelAnimation removed leash : Surface(name=Surface(name=81266ae StatusBar#86)/@0xb48dfdc - animation-leash of insets_animation#17594)/@0xb0368d0
10-10 12:03:15.189  1902 23259 D WindowManager: wms.Input focus has changed to Window{41c8c43 u0 com.android.chrome/org.chromium.chrome.browser.ChromeTabbedActivity} display=0 updateInputWindows = false
10-10 12:03:15.189  1902 23259 I MultiSenceManagerInternalStub: getInstance
10-10 12:03:15.190  1902  1939 D WindowManager: wms.Focus not requested for window=Window{41c8c43 u0 com.android.chrome/org.chromium.chrome.browser.ChromeTabbedActivity} because it has no surface or is not focusable.
10-10 12:03:15.197  1902 23259 D CoreBackPreview: Window{41c8c43 u0 com.android.chrome/org.chromium.chrome.browser.ChromeTabbedActivity}: Setting back callback OnBackInvokedCallbackInfo{mCallback=android.window.IOnBackInvokedCallback$Stub$Proxy@8224eb5, mPriority=-1, mIsAnimationCallback=false}
10-10 12:03:15.223  1902 23265 W WindowManager: finishDrawingWindow: Window{41c8c43 u0 com.android.chrome/org.chromium.chrome.browser.ChromeTabbedActivity} mDrawState=DRAW_PENDING
10-10 12:03:15.223  1902 23265 D WindowManager: wms.finishDrawingLocked: mDrawState=COMMIT_DRAW_PENDING Window{41c8c43 u0 com.android.chrome/org.chromium.chrome.browser.ChromeTabbedActivity} in Surface(name=com.android.chrome/org.chromium.chrome.browser.ChromeTabbedActivity#17610)/@0x773b9d8
10-10 12:03:15.232  1902  1939 W WindowManager: real show surface:Surface(name=com.android.chrome/org.chromium.chrome.browser.ChromeTabbedActivity#17610)/@0x773b9d8
10-10 12:03:15.238  1902 23265 D CoreBackPreview: Window{565fe39 u0 com.android.chrome/org.chromium.chrome.browser.ChromeTabbedActivity}: Setting back callback OnBackInvokedCallbackInfo{mCallback=android.window.IOnBackInvokedCallback$Stub$Proxy@963ebf0, mPriority=0, mIsAnimationCallback=true}
10-10 12:03:15.239  2983  3075 D MiuiFreeformModeController: avoidForInsetsBottomChangedIfNeed oldMoveableBottom: 2270 newMoveableBounds: 2270
10-10 12:03:15.239  2983  3075 D ImePositionProcessor: onImeVisibilityChanged     isShowing:  false
10-10 12:03:15.244  1902  1939 I WindowManager: input method visible height changed 0
10-10 12:03:15.244  1902  2338 I ITouchFeature: current device and process support version:2
10-10 12:03:15.256  2983  3075 D MiuiFreeformModeController: onImeVisibilityChanged imeVisible: false imeHeight: 0 adjustedForRotation:false
10-10 12:03:15.256  2983  3075 D MiuiFreeformModeAvoidAlgorithm: begin autoOrderingAvoidMiniTask
10-10 12:03:15.259  2983  3075 D MiuiFreeformModeAvoidAlgorithm: getCurrMiniPos: SameSideMiniPosList: []
10-10 12:03:15.259  2983  3075 D MiuiFreeformModeAvoidAlgorithm: getCurrMiniPos: SameSideMiniPosList: []
10-10 12:03:15.259  2983  3075 D MiuiFreeformModeAvoidAlgorithm: end autoOrderingAvoidMiniTask res:AvoidResult{distance=0, combination={}, activeTaskPos=Rect(0, 0 - 0, 0)}
10-10 12:03:15.707  1902  2620 I SmartPower: eu.europa.ec.euidi/10390(7704): background->idle(3002ms) R(become background) adj=700.
10-10 12:03:15.763  1902  3984 I SmartPower: com.google.android.inputmethod.latin/10196(22721): visible->invisible(1568ms) R(become invisible) adj=100.
10-10 12:03:15.763  1902  3984 I SmartPower: com.google.android.inputmethod.latin/10196(22721): invisible->background(1ms) R(become background) adj=100.
10-10 12:03:15.773  2983  3075 D MiuiFreeformModeController: avoidForInsetsBottomChangedIfNeed oldMoveableBottom: 2270 newMoveableBounds: 2270
10-10 12:03:15.790  2983  3075 D MiuiFreeformModeController: avoidForInsetsBottomChangedIfNeed oldMoveableBottom: 2270 newMoveableBounds: 2270
10-10 12:03:16.073  1902 23265 W MIUIInput: Input event injection from package: null action ACTION_DOWN
10-10 12:03:16.078  1902  2612 I ProcessManager: getRenderThreadTidByPid, caller=1902
10-10 12:03:16.079  1902 23265 W MIUIInput: Input event injection from package: null action ACTION_UP
10-10 12:03:16.096  1902 23265 D CoreBackPreview: Window{41c8c43 u0 com.android.chrome/org.chromium.chrome.browser.ChromeTabbedActivity}: Setting back callback null
10-10 12:03:16.113  1902 23265 W WindowManager: Changing focus from Window{41c8c43 u0 com.android.chrome/org.chromium.chrome.browser.ChromeTabbedActivity EXITING} to Window{565fe39 u0 com.android.chrome/org.chromium.chrome.browser.ChromeTabbedActivity} displayId=0 Callers=com.android.server.wm.RootWindowContainer.updateFocusedWindowLocked:557 com.android.server.wm.WindowManagerService.updateFocusedWindowLocked:6962 com.android.server.wm.WindowState.setupWindowForRemoveOnExit:2746 com.android.server.wm.WindowState.removeIfPossible:2708 
10-10 12:03:16.115  1902 23265 I WindowManager: cancelAnimation removed leash : Surface(name=Surface(name=81266ae StatusBar#86)/@0xb48dfdc - animation-leash of insets_animation#17609)/@0x971a99f
10-10 12:03:16.123  1902 23265 I WindowManager: cancelAnimation removed leash : Surface(name=Surface(name=db27a2 NavigationBar0#82)/@0xc1acbf0 - animation-leash of insets_animation#17614)/@0xd0ec569
10-10 12:03:16.130  1902 23265 D WindowManager: wms.Input focus has changed to Window{565fe39 u0 com.android.chrome/org.chromium.chrome.browser.ChromeTabbedActivity} display=0 updateInputWindows = false
10-10 12:03:16.130  1902 23265 I MultiSenceManagerInternalStub: getInstance
10-10 12:03:16.157  1902  1939 D WindowManager: setParent old=ActivityRecord{dfc2f2f u0 com.android.chrome/org.chromium.chrome.browser.ChromeTabbedActivity t449},new=null,this window=Window{41c8c43 u0 com.android.chrome/org.chromium.chrome.browser.ChromeTabbedActivity},callers=com.android.server.wm.WindowContainer.removeChild:840 com.android.server.wm.ActivityRecord.removeChild:5227 com.android.server.wm.ActivityRecord.removeChild:470 com.android.server.wm.WindowContainer.removeImmediately:898 com.android.server.wm.WindowState.removeImmediately:2538 com.android.server.wm.WindowState.destroySurface:3654 
10-10 12:03:16.188  1902  3984 W PackageConfigPersister: App-specific configuration not found for packageName: com.android.chrome and userId: 0
10-10 12:03:16.193  1902  2304 D PerfShielderService: com.android.chrome|com.android.chrome/org.chromium.chrome.browser.ChromeTabbedActivity|136|114032673587950|45|0|4
10-10 12:03:16.193 22071 22103 W MiuiPerfServiceClient: interceptAndQueuing:4464|com.android.chrome|136|45|114032673587950|Slow main thread|4
10-10 12:03:16.432  1556  1556 I wificond: station_bandwidth: 
10-10 12:03:16.611  1902  2304 W MIUIInput: Input event injection from package: null action ACTION_DOWN
10-10 12:03:16.614  1902  2612 I ProcessManager: getRenderThreadTidByPid, caller=1902
10-10 12:03:16.616  1902  2304 W MIUIInput: Input event injection from package: null action ACTION_UP
10-10 12:03:16.629  1902  3984 I InputMethodManagerService: IMMS.showSoftInput(), client = com.android.internal.inputmethod.IInputMethodClient$Stub$Proxy@645b89b
10-10 12:03:16.629  1902  3984 I InputMethodManagerService: IMMS.showCurrentInputLocked(), flags = 0
10-10 12:03:16.629  1902  3984 D SmartPower: com.google.android.inputmethod.latin/10196(22721): show input method
10-10 12:03:16.629  1902  3984 I SmartPower: com.google.android.inputmethod.latin/10196(22721): background->visible(866ms) R(show input method) adj=100.
10-10 12:03:16.629  1902  3984 I DefaultImeVisibilityApplier: IMMS.showCurrentInputLocked request ims to show inputMethod.
10-10 12:03:16.630  1902 23259 W PackageConfigPersister: App-specific configuration not found for packageName: com.android.chrome and userId: 0
10-10 12:03:16.675  1902  3984 I InputMethodManagerService: IMMS.showSoftInput(), client = com.android.internal.inputmethod.IInputMethodClient$Stub$Proxy@f980c11
10-10 12:03:16.675  1902  3984 I InputMethodManagerService: IMMS.showCurrentInputLocked(), flags = 0
10-10 12:03:16.675  1902  3984 D SmartPower: com.google.android.inputmethod.latin/10196(22721): show input method
10-10 12:03:16.675  1902  3984 I DefaultImeVisibilityApplier: IMMS.showCurrentInputLocked request ims to show inputMethod.
10-10 12:03:16.691  1902 23265 I InputMethodManagerService: IMMS.showSoftInput(), client = com.android.internal.inputmethod.IInputMethodClient$Stub$Proxy@53d4377
10-10 12:03:16.691  1902 23265 I InputMethodManagerService: IMMS.showCurrentInputLocked(), flags = 0
10-10 12:03:16.691  1902 23265 D SmartPower: com.google.android.inputmethod.latin/10196(22721): show input method
10-10 12:03:16.691  1902 23265 I DefaultImeVisibilityApplier: IMMS.showCurrentInputLocked request ims to show inputMethod.
10-10 12:03:16.710  1902  3984 I InputMethodManagerService: IMMS.applyImeVisibility(), setVisible = true, mCurclient = ClientState{c2e316e mUid=10190 mPid=4464 mSelfReportedDisplayId=0}
10-10 12:03:16.710  1902  3984 I WindowManager: WMS.showImePostLayout(), imeTarget = Window{565fe39 u0 com.android.chrome/org.chromium.chrome.browser.ChromeTabbedActivity}
10-10 12:03:16.714  1902  2304 D CoreBackPreview: Window{565fe39 u0 com.android.chrome/org.chromium.chrome.browser.ChromeTabbedActivity}: Setting back callback OnBackInvokedCallbackInfo{mCallback=android.window.IOnBackInvokedCallback$Stub$Proxy@aae2be4, mPriority=0, mIsAnimationCallback=false}
10-10 12:03:16.715  2983  3075 D OneHandedController: stopOneHanded state is 0
10-10 12:03:16.717  2983  3075 D OneHandedController: stopOneHanded state is 0
10-10 12:03:16.729  2983  3075 D MiuiFreeformModeController: avoidForInsetsBottomChangedIfNeed oldMoveableBottom: 2270 newMoveableBounds: 2270
10-10 12:03:16.733  1902 23265 I WindowManager: Relayout Window{6a76de5 u0 InputMethod}: oldVis=8 newVis=0 focusMayChange = true requestedWidth = 1080 requestedHeight = 2306 outFrames = ClientWindowFrames{frame=[0,94][1080,2400] display=[0,94][1080,2400] parentFrame=[0,0][0,0]} outSurfaceControl = Surface(name=InputMethod#17619)/@0x3142250
10-10 12:03:16.743  2983  3075 D MiuiFreeformModeController: avoidForInsetsBottomChangedIfNeed oldMoveableBottom: 2270 newMoveableBounds: 2270
10-10 12:03:16.768  1902  3984 W WindowManager: finishDrawingWindow: Window{6a76de5 u0 InputMethod} mDrawState=DRAW_PENDING
10-10 12:03:16.769  1902  3984 D WindowManager: wms.finishDrawingLocked: mDrawState=COMMIT_DRAW_PENDING Window{6a76de5 u0 InputMethod} in Surface(name=InputMethod#17619)/@0xab8a013
10-10 12:03:16.771  1902  2304 I InputMethodManagerService: IMMS.applyImeVisibility(), setVisible = true, mCurclient = ClientState{c2e316e mUid=10190 mPid=4464 mSelfReportedDisplayId=0}
10-10 12:03:16.772  1902  1939 I ImeInsetsSourceProvider: ImeInsetsSourceProvider.scheduleShowImePostLayout() Run showImeRunner.
10-10 12:03:16.772  1902  1939 I ImeInsetsSourceProvider: ImeInsetsSourceProvider.scheduleShowImePostLayout() isReadyToShowIme.
10-10 12:03:16.777  2983  3075 D MiuiFreeformModeController: avoidForInsetsBottomChangedIfNeed oldMoveableBottom: 2270 newMoveableBounds: 2270
10-10 12:03:16.777  2983  3075 D ImePositionProcessor: onImeVisibilityChanged     isShowing:  true
10-10 12:03:16.777  1902 23266 I WindowManager: cancelAnimation removed leash : Surface(name=Surface(name=db27a2 NavigationBar0#82)/@0xc1acbf0 - animation-leash of insets_animation#17617)/@0xc24dd52
10-10 12:03:16.778  1902  2304 I WindowManager: WMS.showImePostLayout(), imeTarget = Window{565fe39 u0 com.android.chrome/org.chromium.chrome.browser.ChromeTabbedActivity}
10-10 12:03:16.781  1902  1939 I WindowManager: input method visible height changed 701
10-10 12:03:16.781  1902  2338 I ITouchFeature: current device and process support version:2
10-10 12:03:16.784  2983  3075 D MiuiFreeformModeController: onImeVisibilityChanged imeVisible: true imeHeight: 701 adjustedForRotation:false
10-10 12:03:16.785  2983  3075 D MiuiFreeformModeAvoidAlgorithm: begin autoOrderingAvoidMiniTask
10-10 12:03:16.785  2983  3075 D MiuiFreeformModeAvoidAlgorithm: getCurrMiniPos: SameSideMiniPosList: []
10-10 12:03:16.785  2983  3075 D MiuiFreeformModeAvoidAlgorithm: getCurrMiniPos: SameSideMiniPosList: []
10-10 12:03:16.785  2983  3075 D MiuiFreeformModeAvoidAlgorithm: end autoOrderingAvoidMiniTask res:AvoidResult{distance=0, combination={}, activeTaskPos=Rect(0, 0 - 0, 0)}
10-10 12:03:16.785  1902  1939 W WindowManager: real show surface:Surface(name=InputMethod#17619)/@0xab8a013
10-10 12:03:16.785  1902  1939 I ImeInsetsSourceProvider: ImeInsetsSourceProvider.scheduleShowImePostLayout() Run showImeRunner.
10-10 12:03:16.785  1902  1939 I ImeInsetsSourceProvider: ImeInsetsSourceProvider.scheduleShowImePostLayout() isReadyToShowIme.
10-10 12:03:16.791  1902  2304 I InputMethodManagerService: IMMS.applyImeVisibility(), setVisible = true, mCurclient = ClientState{c2e316e mUid=10190 mPid=4464 mSelfReportedDisplayId=0}
10-10 12:03:16.792  1902  2304 I WindowManager: WMS.showImePostLayout(), imeTarget = Window{565fe39 u0 com.android.chrome/org.chromium.chrome.browser.ChromeTabbedActivity}
10-10 12:03:16.797  1902  1939 I ImeInsetsSourceProvider: ImeInsetsSourceProvider.scheduleShowImePostLayout() Run showImeRunner.
10-10 12:03:16.797  1902  1939 I ImeInsetsSourceProvider: ImeInsetsSourceProvider.scheduleShowImePostLayout() isReadyToShowIme.
10-10 12:03:16.802  2983  3075 D OneHandedController: stopOneHanded state is 0
10-10 12:03:16.805  2983  3075 D OneHandedController: stopOneHanded state is 0
10-10 12:03:16.814  1902  2304 D WindowManagerService: checkFlipFullScreenChange is same, nowIsFullScreen = false
10-10 12:03:16.845  1902  2304 D WindowManagerService: checkFlipFullScreenChange is same, nowIsFullScreen = false
10-10 12:03:17.100  1902 22706 W MIUIInput: Input event injection from package: null action ACTION_DOWN
10-10 12:03:17.102  1902  2612 I ProcessManager: getRenderThreadTidByPid, caller=1902
10-10 12:03:17.104  1902 22706 W MIUIInput: Input event injection from package: null action ACTION_UP
10-10 12:03:17.126  1902  2304 I InputMethodManagerService: IMMS.applyImeVisibility(), setVisible = false, mCurclient = ClientState{c2e316e mUid=10190 mPid=4464 mSelfReportedDisplayId=0}
10-10 12:03:17.130  1902 22706 W PackageConfigPersister: App-specific configuration not found for packageName: com.android.chrome and userId: 0
10-10 12:03:17.138  2983  3075 D MiuiFreeformModeController: avoidForInsetsBottomChangedIfNeed oldMoveableBottom: 2270 newMoveableBounds: 2270
10-10 12:03:17.138  2983  3075 D ImePositionProcessor: onImeVisibilityChanged     isShowing:  false
10-10 12:03:17.143  1902  1939 I WindowManager: input method visible height changed 0
10-10 12:03:17.143  1902  2338 I ITouchFeature: current device and process support version:2
10-10 12:03:17.147  1902 23266 D CoreBackPreview: Window{565fe39 u0 com.android.chrome/org.chromium.chrome.browser.ChromeTabbedActivity}: Setting back callback OnBackInvokedCallbackInfo{mCallback=android.window.IOnBackInvokedCallback$Stub$Proxy@76d4405, mPriority=0, mIsAnimationCallback=true}
10-10 12:03:17.147  2983  3075 D MiuiFreeformModeController: onImeVisibilityChanged imeVisible: false imeHeight: 0 adjustedForRotation:false
10-10 12:03:17.147  2983  3075 D MiuiFreeformModeAvoidAlgorithm: begin autoOrderingAvoidMiniTask
10-10 12:03:17.147  2983  3075 D MiuiFreeformModeAvoidAlgorithm: getCurrMiniPos: SameSideMiniPosList: []
10-10 12:03:17.147  2983  3075 D MiuiFreeformModeAvoidAlgorithm: getCurrMiniPos: SameSideMiniPosList: []
10-10 12:03:17.147  2983  3075 D MiuiFreeformModeAvoidAlgorithm: end autoOrderingAvoidMiniTask res:AvoidResult{distance=0, combination={}, activeTaskPos=Rect(0, 0 - 0, 0)}
10-10 12:03:17.164  1902  2304 W MIUIInput: Input event injection from package: null action ACTION_DOWN
10-10 12:03:17.165  1902  2612 I ProcessManager: getRenderThreadTidByPid, caller=1902
10-10 12:03:17.175  1902  2612 I ProcessManager: getRenderThreadTidByPid, caller=1902
10-10 12:03:17.542  1902  2304 W MIUIInput: Input event injection from package: null action ACTION_UP
10-10 12:03:17.659  1902  2304 I SmartPower: com.google.android.inputmethod.latin/10196(22721): visible->invisible(1029ms) R(become invisible) adj=100.
10-10 12:03:17.659  1902  2304 I SmartPower: com.google.android.inputmethod.latin/10196(22721): invisible->background(1ms) R(become background) adj=100.
10-10 12:03:17.662  2983  3075 D MiuiFreeformModeController: avoidForInsetsBottomChangedIfNeed oldMoveableBottom: 2270 newMoveableBounds: 2270
10-10 12:03:17.670  2983  3075 D MiuiFreeformModeController: avoidForInsetsBottomChangedIfNeed oldMoveableBottom: 2270 newMoveableBounds: 2270
10-10 12:03:17.707  1902  2336 D AlarmManager: mBroadcastRefCount -> 1
10-10 12:03:17.717  1902  1902 I ExtM    : mark duration up to 2m , try to mark.
10-10 12:03:17.717  1902  1902 D MFZ     : Start Mark
10-10 12:03:17.718  1902  2699 D ExtM    : Start marking ...
10-10 12:03:17.718  1902  2699 W ExtM    : Mark thread start 
10-10 12:03:17.718   640  7947 D vold    : mark task started
10-10 12:03:17.722  7948  7948 D vold    :  mark Pid = 7948
10-10 12:03:17.724  7948  7948 D vold    : set cpu affinity policy success
10-10 12:03:17.764  1902  1902 D MFZ     : Mark Finshed ! idle_stats: 56 71 106 35 178 0 0 16 0 41073
10-10 12:03:17.765  1902  1902 D AlarmManager: mBroadcastRefCount -> 0
10-10 12:03:17.765  1902  1902 D AlarmManager: mPendingIntent -> PendingIntent{ce65614: PendingIntentRecord{74037aa android broadcastIntent}}
10-10 12:03:17.791  7948  7948 D vold    :  success write all > /sys/block/zram0/idle
10-10 12:03:17.989  1902 23268 W MIUIInput: Input event injection from package: null action ACTION_DOWN
10-10 12:03:17.990  1902  2612 I ProcessManager: getRenderThreadTidByPid, caller=1902
10-10 12:03:17.992  1902 23268 W MIUIInput: Input event injection from package: null action ACTION_UP
10-10 12:03:18.088  1902 23268 W MIUIInput: Input event injection from package: null action ACTION_DOWN
10-10 12:03:18.091  1902  2612 I ProcessManager: getRenderThreadTidByPid, caller=1902
10-10 12:03:18.091  1902 23268 W MIUIInput: Input event injection from package: null action ACTION_UP
10-10 12:03:18.115  1902 23266 W WindowManager: Changing focus from Window{565fe39 u0 com.android.chrome/org.chromium.chrome.browser.ChromeTabbedActivity} to Window{ec56cb2 u0 com.android.chrome/org.chromium.chrome.browser.ChromeTabbedActivity} displayId=0 Callers=com.android.server.wm.RootWindowContainer.updateFocusedWindowLocked:557 com.android.server.wm.WindowManagerService.updateFocusedWindowLocked:6962 com.android.server.wm.WindowManagerService.addWindow:2218 com.android.server.wm.Session.addToDisplayAsUser:231 
10-10 12:03:18.116  1902 23266 I WindowManager: cancelAnimation removed leash : Surface(name=Surface(name=81266ae StatusBar#86)/@0xb48dfdc - animation-leash of insets_animation#17616)/@0x2d9edb4
10-10 12:03:18.117  1902 23266 I WindowManager: cancelAnimation removed leash : Surface(name=Surface(name=db27a2 NavigationBar0#82)/@0xc1acbf0 - animation-leash of insets_animation#17620)/@0x5a1137c
10-10 12:03:18.119  1902 23266 D WindowManager: wms.Input focus has changed to Window{ec56cb2 u0 com.android.chrome/org.chromium.chrome.browser.ChromeTabbedActivity} display=0 updateInputWindows = false
10-10 12:03:18.119  1902 23266 I MultiSenceManagerInternalStub: getInstance
10-10 12:03:18.120  1902  1939 D WindowManager: wms.Focus not requested for window=Window{ec56cb2 u0 com.android.chrome/org.chromium.chrome.browser.ChromeTabbedActivity} because it has no surface or is not focusable.
10-10 12:03:18.126  1902 23266 D CoreBackPreview: Window{ec56cb2 u0 com.android.chrome/org.chromium.chrome.browser.ChromeTabbedActivity}: Setting back callback OnBackInvokedCallbackInfo{mCallback=android.window.IOnBackInvokedCallback$Stub$Proxy@1e9e00a, mPriority=-1, mIsAnimationCallback=false}
10-10 12:03:18.148  1902 23266 W WindowManager: finishDrawingWindow: Window{ec56cb2 u0 com.android.chrome/org.chromium.chrome.browser.ChromeTabbedActivity} mDrawState=DRAW_PENDING
10-10 12:03:18.148  1902 23266 D WindowManager: wms.finishDrawingLocked: mDrawState=COMMIT_DRAW_PENDING Window{ec56cb2 u0 com.android.chrome/org.chromium.chrome.browser.ChromeTabbedActivity} in Surface(name=com.android.chrome/org.chromium.chrome.browser.ChromeTabbedActivity#17624)/@0x6c8e6f1
10-10 12:03:18.158  1902  1939 W WindowManager: real show surface:Surface(name=com.android.chrome/org.chromium.chrome.browser.ChromeTabbedActivity#17624)/@0x6c8e6f1
10-10 12:03:18.222   640  7947 D vold    : mark process has been finished in normal with status: 0
10-10 12:03:18.222  1902 23266 W ExtM    : Mark finished with status: 0
10-10 12:03:18.222   640  7947 D vold    :  listener->onFinished 
10-10 12:03:18.991  1902 23268 W MIUIInput: Input event injection from package: null action ACTION_DOWN
10-10 12:03:18.993  1902  2612 I ProcessManager: getRenderThreadTidByPid, caller=1902
10-10 12:03:18.994  1902 23266 W MIUIInput: Input event injection from package: null action ACTION_UP
10-10 12:03:19.014  1902 23268 D CoreBackPreview: Window{ec56cb2 u0 com.android.chrome/org.chromium.chrome.browser.ChromeTabbedActivity}: Setting back callback null
10-10 12:03:19.029  1902 23268 W WindowManager: Changing focus from Window{ec56cb2 u0 com.android.chrome/org.chromium.chrome.browser.ChromeTabbedActivity EXITING} to Window{565fe39 u0 com.android.chrome/org.chromium.chrome.browser.ChromeTabbedActivity} displayId=0 Callers=com.android.server.wm.RootWindowContainer.updateFocusedWindowLocked:557 com.android.server.wm.WindowManagerService.updateFocusedWindowLocked:6962 com.android.server.wm.WindowState.setupWindowForRemoveOnExit:2746 com.android.server.wm.WindowState.removeIfPossible:2708 
10-10 12:03:19.029  1902 23268 I WindowManager: cancelAnimation removed leash : Surface(name=Surface(name=81266ae StatusBar#86)/@0xb48dfdc - animation-leash of insets_animation#17622)/@0xa99a1fe
10-10 12:03:19.034  1902 23268 I WindowManager: cancelAnimation removed leash : Surface(name=Surface(name=db27a2 NavigationBar0#82)/@0xc1acbf0 - animation-leash of insets_animation#17623)/@0x70e53ac
10-10 12:03:19.039  1902 23268 D WindowManager: wms.Input focus has changed to Window{565fe39 u0 com.android.chrome/org.chromium.chrome.browser.ChromeTabbedActivity} display=0 updateInputWindows = false
10-10 12:03:19.039  1902 23268 I MultiSenceManagerInternalStub: getInstance
10-10 12:03:19.055  1902  1939 D WindowManager: setParent old=ActivityRecord{dfc2f2f u0 com.android.chrome/org.chromium.chrome.browser.ChromeTabbedActivity t449},new=null,this window=Window{ec56cb2 u0 com.android.chrome/org.chromium.chrome.browser.ChromeTabbedActivity},callers=com.android.server.wm.WindowContainer.removeChild:840 com.android.server.wm.ActivityRecord.removeChild:5227 com.android.server.wm.ActivityRecord.removeChild:470 com.android.server.wm.WindowContainer.removeImmediately:898 com.android.server.wm.WindowState.removeImmediately:2538 com.android.server.wm.WindowState.destroySurface:3654 
10-10 12:03:19.086  1902 22706 W PackageConfigPersister: App-specific configuration not found for packageName: com.android.chrome and userId: 0
10-10 12:03:19.450  1556  1556 I wificond: station_bandwidth: 
10-10 12:03:19.527  1902 23268 W MIUIInput: Input event injection from package: null action ACTION_DOWN
10-10 12:03:19.529  1902  2612 I ProcessManager: getRenderThreadTidByPid, caller=1902
10-10 12:03:19.533  1902 23268 W MIUIInput: Input event injection from package: null action ACTION_UP
10-10 12:03:19.595  1902 23268 W WindowManager: Changing focus from Window{565fe39 u0 com.android.chrome/org.chromium.chrome.browser.ChromeTabbedActivity} to Window{6571555 u0 com.android.chrome/org.chromium.chrome.browser.ChromeTabbedActivity} displayId=0 Callers=com.android.server.wm.RootWindowContainer.updateFocusedWindowLocked:557 com.android.server.wm.WindowManagerService.updateFocusedWindowLocked:6962 com.android.server.wm.WindowManagerService.addWindow:2218 com.android.server.wm.Session.addToDisplayAsUser:231 
10-10 12:03:19.596  1902 23268 I WindowManager: cancelAnimation removed leash : Surface(name=Surface(name=81266ae StatusBar#86)/@0xb48dfdc - animation-leash of insets_animation#17629)/@0xfdf3dc8
10-10 12:03:19.599  1902 23268 I WindowManager: cancelAnimation removed leash : Surface(name=Surface(name=db27a2 NavigationBar0#82)/@0xc1acbf0 - animation-leash of insets_animation#17630)/@0xa26bd86
10-10 12:03:19.603  1902 23268 D WindowManager: wms.Input focus has changed to Window{6571555 u0 com.android.chrome/org.chromium.chrome.browser.ChromeTabbedActivity} display=0 updateInputWindows = false
10-10 12:03:19.603  1902 23268 I MultiSenceManagerInternalStub: getInstance
10-10 12:03:19.607  1902  1939 D WindowManager: wms.Focus not requested for window=Window{6571555 u0 com.android.chrome/org.chromium.chrome.browser.ChromeTabbedActivity} because it has no surface or is not focusable.
10-10 12:03:19.613  1902 23268 D CoreBackPreview: Window{6571555 u0 com.android.chrome/org.chromium.chrome.browser.ChromeTabbedActivity}: Setting back callback OnBackInvokedCallbackInfo{mCallback=android.window.IOnBackInvokedCallback$Stub$Proxy@f4d9a0d, mPriority=-1, mIsAnimationCallback=false}
10-10 12:03:19.644  1902 23268 W WindowManager: finishDrawingWindow: Window{6571555 u0 com.android.chrome/org.chromium.chrome.browser.ChromeTabbedActivity} mDrawState=DRAW_PENDING
10-10 12:03:19.645  1902 23268 D WindowManager: wms.finishDrawingLocked: mDrawState=COMMIT_DRAW_PENDING Window{6571555 u0 com.android.chrome/org.chromium.chrome.browser.ChromeTabbedActivity} in Surface(name=com.android.chrome/org.chromium.chrome.browser.ChromeTabbedActivity#17635)/@0xe5c9f10
10-10 12:03:19.654  1902  1939 W WindowManager: real show surface:Surface(name=com.android.chrome/org.chromium.chrome.browser.ChromeTabbedActivity#17635)/@0xe5c9f10
10-10 12:03:20.090   691  7880 I keystore2: system/security/keystore2/src/watchdog.rs:319 - Watchdog thread idle -> terminating. Have a great day.
10-10 12:03:20.437  1902 22706 W MIUIInput: Input event injection from package: null action ACTION_DOWN
10-10 12:03:20.440  1902  2612 I ProcessManager: getRenderThreadTidByPid, caller=1902
10-10 12:03:20.440  1902 22706 W MIUIInput: Input event injection from package: null action ACTION_UP
10-10 12:03:20.459  1902  2304 D CoreBackPreview: Window{6571555 u0 com.android.chrome/org.chromium.chrome.browser.ChromeTabbedActivity}: Setting back callback null
10-10 12:03:20.463  1902  2304 W WindowManager: Changing focus from Window{6571555 u0 com.android.chrome/org.chromium.chrome.browser.ChromeTabbedActivity EXITING} to Window{565fe39 u0 com.android.chrome/org.chromium.chrome.browser.ChromeTabbedActivity} displayId=0 Callers=com.android.server.wm.RootWindowContainer.updateFocusedWindowLocked:557 com.android.server.wm.WindowManagerService.updateFocusedWindowLocked:6962 com.android.server.wm.WindowState.setupWindowForRemoveOnExit:2746 com.android.server.wm.WindowState.removeIfPossible:2708 
10-10 12:03:20.463  1902  2304 I WindowManager: cancelAnimation removed leash : Surface(name=Surface(name=81266ae StatusBar#86)/@0xb48dfdc - animation-leash of insets_animation#17633)/@0xbc0b1d1
10-10 12:03:20.464  1902  2304 I WindowManager: cancelAnimation removed leash : Surface(name=Surface(name=db27a2 NavigationBar0#82)/@0xc1acbf0 - animation-leash of insets_animation#17634)/@0x91ebf37
10-10 12:03:20.465  1902  2304 D WindowManager: wms.Input focus has changed to Window{565fe39 u0 com.android.chrome/org.chromium.chrome.browser.ChromeTabbedActivity} display=0 updateInputWindows = false
10-10 12:03:20.465  1902  2304 I MultiSenceManagerInternalStub: getInstance
10-10 12:03:20.477  1902  1939 D WindowManager: setParent old=ActivityRecord{dfc2f2f u0 com.android.chrome/org.chromium.chrome.browser.ChromeTabbedActivity t449},new=null,this window=Window{6571555 u0 com.android.chrome/org.chromium.chrome.browser.ChromeTabbedActivity},callers=com.android.server.wm.WindowContainer.removeChild:840 com.android.server.wm.ActivityRecord.removeChild:5227 com.android.server.wm.ActivityRecord.removeChild:470 com.android.server.wm.WindowContainer.removeImmediately:898 com.android.server.wm.WindowState.removeImmediately:2538 com.android.server.wm.WindowState.destroySurface:3654 
10-10 12:03:20.505  1902  2304 W PackageConfigPersister: App-specific configuration not found for packageName: com.android.chrome and userId: 0
10-10 12:03:20.511  1902 23266 W MIUIInput: Input event injection from package: null action ACTION_DOWN
10-10 12:03:20.514  1902  2612 I ProcessManager: getRenderThreadTidByPid, caller=1902
10-10 12:03:20.516  1902  2612 I ProcessManager: getRenderThreadTidByPid, caller=1902
10-10 12:03:20.609  1902 23266 W MIUIInput: Input event injection from package: null action ACTION_UP
10-10 12:03:20.660  1902  2620 I SmartPower: com.google.android.inputmethod.latin/10196(22721): background->idle(3001ms) R(become background) adj=100.
10-10 12:03:21.551  1902 23268 W MIUIInput: Input event injection from package: null action ACTION_DOWN
10-10 12:03:21.552  1902  2612 I ProcessManager: getRenderThreadTidByPid, caller=1902
10-10 12:03:21.555  1902  2612 I ProcessManager: getRenderThreadTidByPid, caller=1902
10-10 12:03:21.645  1902 23268 W MIUIInput: Input event injection from package: null action ACTION_UP
10-10 12:03:22.474  1556  1556 I wificond: station_bandwidth: 
10-10 12:03:22.501  1902 23266 W MIUIInput: Input event injection from package: null action ACTION_DOWN
10-10 12:03:22.502  1902  2612 I ProcessManager: getRenderThreadTidByPid, caller=1902
10-10 12:03:22.505  1902  2612 I ProcessManager: getRenderThreadTidByPid, caller=1902
10-10 12:03:22.598  1902 23266 W MIUIInput: Input event injection from package: null action ACTION_UP
10-10 12:03:22.843  1902  2323 D CompatibilityChangeReporter: Compat change id reported: 218533173; UID 10390; state: ENABLED
10-10 12:03:22.843  1902  2323 D CompatibilityChangeReporter: Compat change id reported: 262645982; UID 10390; state: ENABLED
10-10 12:03:23.468  1902 23266 W MIUIInput: Input event injection from package: null action ACTION_DOWN
10-10 12:03:23.469  1902  2612 I ProcessManager: getRenderThreadTidByPid, caller=1902
10-10 12:03:23.472  1902  2612 I ProcessManager: getRenderThreadTidByPid, caller=1902
10-10 12:03:23.563  1902 23266 W MIUIInput: Input event injection from package: null action ACTION_UP
10-10 12:03:24.427  1902 23268 W MIUIInput: Input event injection from package: null action ACTION_DOWN
10-10 12:03:24.429  1902  2612 I ProcessManager: getRenderThreadTidByPid, caller=1902
10-10 12:03:24.431  1902  2612 I ProcessManager: getRenderThreadTidByPid, caller=1902
10-10 12:03:24.521  1902 23266 W MIUIInput: Input event injection from package: null action ACTION_UP
10-10 12:03:25.394  1902 23266 W MIUIInput: Input event injection from package: null action ACTION_DOWN
10-10 12:03:25.395  1902  2612 I ProcessManager: getRenderThreadTidByPid, caller=1902
10-10 12:03:25.398  1902  2612 I ProcessManager: getRenderThreadTidByPid, caller=1902
10-10 12:03:25.483  1556  1556 I wificond: station_bandwidth: 
10-10 12:03:25.489  1902 23266 W MIUIInput: Input event injection from package: null action ACTION_UP
10-10 12:03:26.543  1902 23266 W MIUIInput: Input event injection from package: null action ACTION_DOWN
10-10 12:03:26.544  1902  2612 I ProcessManager: getRenderThreadTidByPid, caller=1902
10-10 12:03:26.546  1902 23266 W MIUIInput: Input event injection from package: null action ACTION_UP
10-10 12:03:26.728  1902  2304 D SchedBoost: com.android.chrome:sandboxed_process0:org.chromium.content.app.SandboxedProcessService0:8 boosting, skip reset priority
10-10 12:03:27.304  1902 23268 W MIUIInput: Input event injection from package: null action ACTION_DOWN
10-10 12:03:27.305  1902  2612 I ProcessManager: getRenderThreadTidByPid, caller=1902
10-10 12:03:27.308  1902  2612 I ProcessManager: getRenderThreadTidByPid, caller=1902
10-10 12:03:27.398  1902 23268 W MIUIInput: Input event injection from package: null action ACTION_UP
10-10 12:03:27.502  1902  1947 D HeapUsage Monitor: HeapAllocSize : 80MB; monitorSize : 500MB
10-10 12:03:27.722  1902  2323 W ProcessStats: Tracking association SourceState{b813b1d com.miui.securitycenter.remote/1000 Fgs #345197} whose proc state 3 is better than process ProcessState{3bbc40b com.miui.analytics/10101 pkg=com.miui.analytics} proc state 5 (61 skipped)
10-10 12:03:28.254  1902  2304 W MIUIInput: Input event injection from package: null action ACTION_DOWN
10-10 12:03:28.255  1902  2612 I ProcessManager: getRenderThreadTidByPid, caller=1902
10-10 12:03:28.257  1902  2612 I ProcessManager: getRenderThreadTidByPid, caller=1902
10-10 12:03:28.347  1902  2304 W MIUIInput: Input event injection from package: null action ACTION_UP
10-10 12:03:28.503  1556  1556 I wificond: station_bandwidth: 
10-10 12:03:28.723  1902  1958 I ExtM    : zram userate is low, no need to flush: 28
10-10 12:03:29.220  1902 23266 W MIUIInput: Input event injection from package: null action ACTION_DOWN
10-10 12:03:29.222  1902  2612 I ProcessManager: getRenderThreadTidByPid, caller=1902
10-10 12:03:29.224  1902  2612 I ProcessManager: getRenderThreadTidByPid, caller=1902
10-10 12:03:29.313  1902 23266 W MIUIInput: Input event injection from package: null action ACTION_UP
10-10 12:03:29.369  1902  1902 D UiModeManager: updateConfigurationLocked: mDockState=0; mCarMode=false; mCar=false; mPowerSave=false; mOverrideNightModeOn=false; mOverrideNightModeOff=false; mComputedNightMode=false; mNightMode=1; uiMode=17
10-10 12:03:29.864  1902  1954 I SmartPower: com.xiaomi.discover/10128(11400): idle->background(22331ms) R(broadcast start Intent { act=android.intent.action.BATTERY_CHANGED flg=0x60000010 (has extras) }) adj=905.
10-10 12:03:29.865  1902  1954 I SmartPower: com.microsoft.teams/10321(6401): idle->background(22331ms) R(broadcast start Intent { act=android.intent.action.BATTERY_CHANGED flg=0x60000010 (has extras) }) adj=905.
10-10 12:03:29.866  1902  1954 I SmartPower: com.google.android.apps.tachyon/10234(13012): idle->background(22329ms) R(broadcast start Intent { act=android.intent.action.BATTERY_CHANGED flg=0x60000010 (has extras) }) adj=955.
10-10 12:03:29.866  1902  1954 I SmartPower: com.miui.gallery/10078(17586): idle->background(22330ms) R(broadcast start Intent { act=android.intent.action.BATTERY_CHANGED flg=0x60000010 (has extras) }) adj=955.
10-10 12:03:29.867  1902  1954 I SmartPower: com.facebook.appmanager/10150(6423): idle->background(22330ms) R(broadcast start Intent { act=android.intent.action.BATTERY_CHANGED flg=0x60000010 (has extras) }) adj=905.
10-10 12:03:30.212  1902 23266 W MIUIInput: Input event injection from package: null action ACTION_DOWN
10-10 12:03:30.214  1902  2612 I ProcessManager: getRenderThreadTidByPid, caller=1902
10-10 12:03:30.216  1902  2612 I ProcessManager: getRenderThreadTidByPid, caller=1902
10-10 12:03:30.307  1902 23266 W MIUIInput: Input event injection from package: null action ACTION_UP
10-10 12:03:31.163  1902  2304 W MIUIInput: Input event injection from package: null action ACTION_DOWN
10-10 12:03:31.164  1902  2612 I ProcessManager: getRenderThreadTidByPid, caller=1902
10-10 12:03:31.167  1902  2612 I ProcessManager: getRenderThreadTidByPid, caller=1902
10-10 12:03:31.257  1902  2304 W MIUIInput: Input event injection from package: null action ACTION_UP
10-10 12:03:31.519  1556  1556 I wificond: station_bandwidth: 
10-10 12:03:32.114  1902  2304 W MIUIInput: Input event injection from package: null action ACTION_DOWN
10-10 12:03:32.116  1902  2612 I ProcessManager: getRenderThreadTidByPid, caller=1902
10-10 12:03:32.118  1902  2612 I ProcessManager: getRenderThreadTidByPid, caller=1902
10-10 12:03:32.210  1902  2304 W MIUIInput: Input event injection from package: null action ACTION_UP
10-10 12:03:32.866  1902  2620 I SmartPower: com.xiaomi.discover/10128(11400): background->idle(3001ms) R(broadcast start Intent { act=android.intent.action.BATTERY_CHANGED flg=0x60000010 (has extras) }) adj=905.
10-10 12:03:32.866  1902  2620 I SmartPower: com.microsoft.teams/10321(6401): background->idle(3001ms) R(broadcast start Intent { act=android.intent.action.BATTERY_CHANGED flg=0x60000010 (has extras) }) adj=905.
10-10 12:03:32.866  1902  2620 I SmartPower: com.google.android.apps.tachyon/10234(13012): background->idle(3001ms) R(broadcast start Intent { act=android.intent.action.BATTERY_CHANGED flg=0x60000010 (has extras) }) adj=955.
10-10 12:03:32.866  1902  2620 I SmartPower: com.miui.gallery/10078(17586): background->idle(3000ms) R(broadcast start Intent { act=android.intent.action.BATTERY_CHANGED flg=0x60000010 (has extras) }) adj=955.
10-10 12:03:32.867  1902  2620 I SmartPower: com.facebook.appmanager/10150(6423): background->idle(3000ms) R(broadcast start Intent { act=android.intent.action.BATTERY_CHANGED flg=0x60000010 (has extras) }) adj=905.
10-10 12:03:33.193  1902 23266 W MIUIInput: Input event injection from package: null action ACTION_DOWN
10-10 12:03:33.194  1902  2612 I ProcessManager: getRenderThreadTidByPid, caller=1902
10-10 12:03:33.196  1902 23266 W MIUIInput: Input event injection from package: null action ACTION_UP
