10-09 13:26:48.068  2042  6997 D CompatibilityChangeReporter: Compat change id reported: 181136395; UID 10030; state: DISABLED
10-09 13:26:48.069  2042  6997 D CompatibilityChangeReporter: Compat change id reported: 194480991; UID 10030; state: ENABLED
10-09 13:26:48.070  2042  6997 I SmartPower: eu.europa.ec.euidi/10030(22433): idle->invisible(14972ms) R(become foreground) adj=700.
10-09 13:26:48.070  2042  6997 D WindowManager: Collecting in transition 280: ActivityRecord{d6e9319 u0 eu.europa.ec.euidi/eu.europa.ec.assemblylogic.ui.MainActivity init visibleRequested:false
10-09 13:26:48.071  2042  6997 D MiuiFreeFormManagerService: activeOrFullscreenFreeformTaskIfNeed startDefaultAr:false
10-09 13:26:48.072  2042  6997 D MiuiFreeFormManagerService: onStartActivityInner as = Task{a8245cd #6464 type=standard A=10030:eu.europa.ec.euidi} op = null
10-09 13:26:48.074  2042  6997 D WindowManagerService: checkFlipFullScreenChange is same, nowIsFullScreen = false
10-09 13:26:48.075  2042  6997 D WindowManager: wms.Input focus has changed to null display=0 updateInputWindows = true
10-09 13:26:48.075  2042  6997 I MultiSenceManagerInternalStub: getInstance
10-09 13:26:48.076  2042  6997 D WindowManager: setLockTaskAuth: task=Task{a8245cd #6464 type=standard A=10030:eu.europa.ec.euidi} mLockTaskAuth=LOCK_TASK_AUTH_PINNABLE
10-09 13:26:48.081  2042  6997 D WindowManager: Collecting in transition 280: ActivityRecord{d6e9319 u0 eu.europa.ec.euidi/eu.europa.ec.assemblylogic.ui.MainActivity t-1} init visibleRequested:false
10-09 13:26:48.082  2042  6997 D WindowManager: Requesting StartTransition: TransitionRecord{73c6fde id=280 type=OPEN flags=0x0}
10-09 13:26:48.084  2042  6997 D CompatibilityChangeReporter: Compat change id reported: 194833441; UID 10030; state: ENABLED
10-09 13:26:48.084  2042  6997 I ActivityTaskManager: START u0 {act=android.intent.action.VIEW cat=[android.intent.category.BROWSABLE] dat=eu.europa.ec.euidi://authorization/... flg=0x14000000 cmp=eu.europa.ec.euidi/eu.europa.ec.assemblylogic.ui.MainActivity (has extras)} with LAUNCH_SINGLE_TASK from uid 10172 from pid 17153 callingPackage com.android.chrome (BAL_ALLOW_VISIBLE_WINDOW) result code=2
10-09 13:26:48.087  4304  4484 I SoScUtils: monitorTransitionRequest mRequestOpenTransition:null mRequestOpenTriggerTask:-1 mRequestCloseTransition:null mRequestCloseTriggerTask:-1 mRequestCloseStageType:-1
10-09 13:26:48.089  2042  6997 D WindowManager: Set transition=TransitionRecord{73c6fde id=280 type=OPEN flags=0x0}, ready=false, SyncId=280 used=true, override=false, defer=0, states=Display{#0 state=ON size=1080x2400 ROTATION_0}:false
10-09 13:26:48.096  4304  4484 D OneHandedController: stopOneHanded state is 0
10-09 13:26:48.096  4304  4484 D MiuiFullScreenTaskRepository: removeFocusedTask displayId=0
10-09 13:26:48.096  4304  4484 D MiuiFullScreenTaskRepository: addOrUpdateFullScreenTaskInfo taskId=6447, topActivity=ComponentInfo{com.android.chrome/org.chromium.chrome.browser.ChromeTabbedActivity}
10-09 13:26:48.096  4304  4484 D MiuiFullScreenTaskRepository: setFocusedTask taskId=6464, displayId=0, topActivity=ComponentInfo{eu.europa.ec.euidi/eu.europa.ec.assemblylogic.ui.MainActivity}
10-09 13:26:48.096  4304  4484 D MiuiFullScreenTaskRepository: addOrUpdateFullScreenTaskInfo taskId=6464, topActivity=ComponentInfo{eu.europa.ec.euidi/eu.europa.ec.assemblylogic.ui.MainActivity}
10-09 13:26:48.096  4304  4484 D MiuiFreeformModeController: onFocusTaskChanged taskInfo: TaskInfo{userId=0 taskId=6464 displayId=0 isRunning=true baseIntent=Intent { act=android.intent.action.MAIN cat=[android.intent.category.LAUNCHER] flg=0x10200000 cmp=eu.europa.ec.euidi/eu.europa.ec.assemblylogic.ui.MainActivity } baseActivity=ComponentInfo{eu.europa.ec.euidi/eu.europa.ec.assemblylogic.ui.MainActivity} topActivity=ComponentInfo{eu.europa.ec.euidi/eu.europa.ec.assemblylogic.ui.MainActivity} origActivity=null realActivity=ComponentInfo{eu.europa.ec.euidi/eu.europa.ec.assemblylogic.ui.MainActivity} numActivities=1 lastActiveTime=250902124 supportsSplitScreenMultiWindow=true supportsMultiWindow=true resizeMode=1 isResizeable=true minWidth=-1 minHeight=-1 defaultMinSize=200 token=WCT{android.window.IWindowContainerToken$Stub$Proxy@c728b3b} topActivityType=1 pictureInPictureParams=null shouldDockBigOverlays=false launchIntoPipHostTaskId=-1 lastParentTaskIdBeforePip=-1 displayCutoutSafeInsets=Rect(0, 94 - 0, 0) topActivityInfo=ActivityInfo{dd37258 eu.europa.ec.assemblylogic.ui.MainActivity} launchCookies=[] positionInParent=Point(0, 0) parentTaskId=-1 isFocused=true isVisible=false isVisibleRequested=false isSleeping=false topActivityInSizeCompat=false topActivityInMiuiSizeCompat=false topActivityEligibleForLetterboxEducation= false topActivityLetterboxed= false isFromDoubleTap= false topActivityLetterboxVerticalPosition= -1 topActivityLetterboxHorizontalPosition= -1 topActivityLetterboxWidth=-1 topActivityLetterboxHeight=-1 locusId=null displayAreaFeatureId=1 cameraCompatControlState=hidden mIsCastMode=false mTopActivityMediaSize=null mTopActivityRecordName=ActivityRecord{5bb14f7 u0 eu.europa.ec.euidi/eu.europa.ec.assemblylogic.ui.MainActivity t6464} mTopActivityOrientation=-2 mTopActivityWindowIsNowVisible=false isTranslucent=true isEmbedded=false shouldBeVisible=true isImmersive=false mBehindAppLockPkg=null mOriginatingUid=0}
10-09 13:26:48.096  4304  4484 D MiuiDesktopModeController: onFocusTaskChanged newFocus: TaskInfo{userId=0 taskId=6464 displayId=0 isRunning=true baseIntent=Intent { act=android.intent.action.MAIN cat=[android.intent.category.LAUNCHER] flg=0x10200000 cmp=eu.europa.ec.euidi/eu.europa.ec.assemblylogic.ui.MainActivity } baseActivity=ComponentInfo{eu.europa.ec.euidi/eu.europa.ec.assemblylogic.ui.MainActivity} topActivity=ComponentInfo{eu.europa.ec.euidi/eu.europa.ec.assemblylogic.ui.MainActivity} origActivity=null realActivity=ComponentInfo{eu.europa.ec.euidi/eu.europa.ec.assemblylogic.ui.MainActivity} numActivities=1 lastActiveTime=250902124 supportsSplitScreenMultiWindow=true supportsMultiWindow=true resizeMode=1 isResizeable=true minWidth=-1 minHeight=-1 defaultMinSize=200 token=WCT{android.window.IWindowContainerToken$Stub$Proxy@c728b3b} topActivityType=1 pictureInPictureParams=null shouldDockBigOverlays=false launchIntoPipHostTaskId=-1 lastParentTaskIdBeforePip=-1 displayCutoutSafeInsets=Rect(0, 94 - 0, 0) topActivityInfo=ActivityInfo{dd37258 eu.europa.ec.assemblylogic.ui.MainActivity} launchCookies=[] positionInParent=Point(0, 0) parentTaskId=-1 isFocused=true isVisible=false isVisibleRequested=false isSleeping=false topActivityInSizeCompat=false topActivityInMiuiSizeCompat=false topActivityEligibleForLetterboxEducation= false topActivityLetterboxed= false isFromDoubleTap= false topActivityLetterboxVerticalPosition= -1 topActivityLetterboxHorizontalPosition= -1 topActivityLetterboxWidth=-1 topActivityLetterboxHeight=-1 locusId=null displayAreaFeatureId=1 cameraCompatControlState=hidden mIsCastMode=false mTopActivityMediaSize=null mTopActivityRecordName=ActivityRecord{5bb14f7 u0 eu.europa.ec.euidi/eu.europa.ec.assemblylogic.ui.MainActivity t6464} mTopActivityOrientation=-2 mTopActivityWindowIsNowVisible=false isTranslucent=true isEmbedded=false shouldBeVisible=true isImmersive=false mBehindAppLockPkg=null mOriginatingUid=0}
10-09 13:26:48.096  4304  4484 D WindowManagerShell: onActivityRestartAttempt: ComponentInfo{eu.europa.ec.euidi/eu.europa.ec.assemblylogic.ui.MainActivity}
10-09 13:26:48.112  2042  4589 D WindowManager: Collecting in transition 280: ActivityRecord{5bb14f7 u0 eu.europa.ec.euidi/eu.europa.ec.assemblylogic.ui.MainActivity t6464} init visibleRequested:false
10-09 13:26:48.112  2042  4589 E Transition: Trying to add a ready-group twice: Display{#0 state=ON size=1080x2400 ROTATION_0}
10-09 13:26:48.115  2042  4589 D WindowManagerService: checkFlipFullScreenChange is same, nowIsFullScreen = false
10-09 13:26:48.119  2042  3095 W AutofillManagerServiceImpl: getFillEventHistory() called by UID 10273, but service UID is 10163
10-09 13:26:48.119  2042  4589 D WindowManager: Collecting in transition 280: ActivityRecord{1b6b9ad u0 com.android.chrome/org.chromium.chrome.browser.ChromeTabbedActivity t6447} init visibleRequested:true
10-09 13:26:48.121  2042  4589 D WindowManager: Collecting in transition 280: ActivityRecord{5bb14f7 u0 eu.europa.ec.euidi/eu.europa.ec.assemblylogic.ui.MainActivity t6464} init visibleRequested:true
10-09 13:26:48.121  2042  4589 D WindowManager: Set transition=TransitionRecord{73c6fde id=280 type=OPEN flags=0x0}, ready=true, SyncId=280 
10-09 13:26:48.121  4304  4484 D MiuiFullScreenTaskRepository: setFocusedTask taskId=6464, displayId=0, topActivity=ComponentInfo{eu.europa.ec.euidi/eu.europa.ec.assemblylogic.ui.MainActivity}
10-09 13:26:48.121  4304  4484 D MiuiFullScreenTaskRepository: addOrUpdateFullScreenTaskInfo taskId=6464, topActivity=ComponentInfo{eu.europa.ec.euidi/eu.europa.ec.assemblylogic.ui.MainActivity}
10-09 13:26:48.124  2042  4589 I BLASTSyncEngine: SyncGroup 280:  Unfinished container:ActivityRecord{5bb14f7 u0 eu.europa.ec.euidi/eu.europa.ec.assemblylogic.ui.MainActivity t6464}
10-09 13:26:48.124  2042  4589 I BLASTSyncEngine: isActivitySyncFinished isSyncFinished false ActivityRecord{5bb14f7 u0 eu.europa.ec.euidi/eu.europa.ec.assemblylogic.ui.MainActivity t6464}
10-09 13:26:48.130  2042  2690 D Aurogon :  uid = 10030 switch to FG
10-09 13:26:48.154  4304  4690 D MiuiFreeformModeObserver: activityResumed() intent Intent { cmp=eu.europa.ec.euidi/eu.europa.ec.assemblylogic.ui.MainActivity (has extras) }
10-09 13:26:48.162  2042  4589 I BLASTSyncEngine: SyncGroup 280:  Unfinished container:ActivityRecord{5bb14f7 u0 eu.europa.ec.euidi/eu.europa.ec.assemblylogic.ui.MainActivity t6464}
10-09 13:26:48.162  2042  4589 I BLASTSyncEngine: isActivitySyncFinished isSyncFinished false ActivityRecord{5bb14f7 u0 eu.europa.ec.euidi/eu.europa.ec.assemblylogic.ui.MainActivity t6464}
10-09 13:26:48.164  2042  4589 I WindowManager: cancelAnimation removed leash : Surface(name=Surface(name=704023a StatusBar#94)/@0xa8be448 - animation-leash of insets_animation#5536)/@0xb6261f7
10-09 13:26:48.166  2042  4589 I WindowManager: cancelAnimation removed leash : Surface(name=Surface(name=d968687 NavigationBar0#90)/@0x2f479dd - animation-leash of insets_animation#5542)/@0x872c03a
10-09 13:26:48.168  2042  4589 D WindowManager: wms.Input focus has changed to Window{48a95a7 u0 eu.europa.ec.euidi/eu.europa.ec.assemblylogic.ui.MainActivity} display=0 updateInputWindows = true
10-09 13:26:48.168  2042  4589 I MultiSenceManagerInternalStub: getInstance
10-09 13:26:48.201  2042  6997 D WindowManager: wms.finishDrawingLocked: mDrawState=COMMIT_DRAW_PENDING Window{48a95a7 u0 eu.europa.ec.euidi/eu.europa.ec.assemblylogic.ui.MainActivity} in Surface(name=eu.europa.ec.euidi/eu.europa.ec.assemblylogic.ui.MainActivity#5543)/@0x1babea
10-09 13:26:48.206  2042  2693 I SmartPower: eu.europa.ec.euidi/10030(22433): invisible->visible(135ms) R(become visible) adj=0.
10-09 13:26:48.206  2042  2693 I WindowManager: wms.showSurfaceRobustly mWin:Window{48a95a7 u0 eu.europa.ec.euidi/eu.europa.ec.assemblylogic.ui.MainActivity}
10-09 13:26:48.206  2042  2693 D WindowManager: Final targets: [Task{a8245cd #6464 type=standard A=10030:eu.europa.ec.euidi}, Task{f3a7d2e #6447 type=standard A=10172:com.android.chrome}]
10-09 13:26:48.232  2042  2693 D WindowManager: Calling onTransitionReady info={id=280 t=OPEN f=0x0 trk=0 r=[0@Point(0, 0)] c=[{WCT{RemoteToken{4d0197e Task{a8245cd #6464 type=standard A=10030:eu.europa.ec.euidi}}} m=TO_FRONT f=MOVE_TO_TOP leash=Surface(name=Task=6464#5471)/@0xf155f64 sb=Rect(0, 0 - 1080, 2400) eb=Rect(0, 0 - 1080, 2400) d=0},{WCT{RemoteToken{ab02a8e Task{f3a7d2e #6447 type=standard A=10172:com.android.chrome}}} m=TO_BACK f=NONE leash=Surface(name=Task=6447#4700)/@0x9b243a9 sb=Rect(0, 0 - 1080, 2400) eb=Rect(0, 0 - 1080, 2400) d=0}] noAni=[false] df=[false] mk=[true] nc=[0]}, mToken=Token{ed28c8e TransitionRecord{73c6fde id=280 type=OPEN flags=0x0}}
10-09 13:26:48.234  2042  2693 I BLASTSyncEngine: finishNow: after onTransactionReady, mSyncId=280
10-09 13:26:48.238  4304  4484 D MiuiFreeformAnimation: startAnimation change: {WCT{android.window.IWindowContainerToken$Stub$Proxy@5395c04} m=TO_FRONT f=MOVE_TO_TOP leash=Surface(name=Task=6464#5471)/@0x7eeafb1 sb=Rect(0, 0 - 1080, 2400) eb=Rect(0, 0 - 1080, 2400) d=0} info.getType(): 1
10-09 13:26:48.238  4304  4484 I MiuiFreeformAnimation: isLaunchWidgetPicker=false,taskInfo.getWindowingMode()=1, taskInfo.getActivityType()=1
10-09 13:26:48.242  4304  4484 D MiuiFreeformAnimation: startAnimation change: {WCT{android.window.IWindowContainerToken$Stub$Proxy@28d95ed} m=TO_BACK f=NONE leash=Surface(name=Task=6447#4700)/@0xe0eec96 sb=Rect(0, 0 - 1080, 2400) eb=Rect(0, 0 - 1080, 2400) d=0} info.getType(): 1
10-09 13:26:48.242  4304  4484 W MiuiTaskTransitionHandler: Receive an unknown transition, token=android.os.BinderProxy@78b0b6c, type=1
10-09 13:26:48.242  4304  4484 D TransitionAnimationHelper:  load default animation  type = 1 enter = false animAttr = 9 isTask = true translucent = false
10-09 13:26:48.243  4304  4484 D TransitionAnimationHelper:  load default animation  type = 1 enter = true animAttr = 8 isTask = true translucent = false
10-09 13:26:48.244  4304  4520 D ShellTransitions: speed ui!!!!!!!!!!!
10-09 13:26:48.245  4304  4484 D MiuiFullScreenTaskRepository: setFocusedTask taskId=6464, displayId=0, topActivity=ComponentInfo{eu.europa.ec.euidi/eu.europa.ec.assemblylogic.ui.MainActivity}
10-09 13:26:48.245  4304  4484 D MiuiFullScreenTaskRepository: addOrUpdateFullScreenTaskInfo taskId=6464, topActivity=ComponentInfo{eu.europa.ec.euidi/eu.europa.ec.assemblylogic.ui.MainActivity}
10-09 13:26:48.245  4304  4520 D ArtChoreographerMonitor: invoke error.
10-09 13:26:48.253  2042  2692 D SchedBoost: com.android.chrome boosting, skip reset priority
10-09 13:26:48.254  2042  2692 D SchedBoost: com.android.chrome:sandboxed_process0:org.chromium.content.app.SandboxedProcessService0:27 boosting, skip reset priority
10-09 13:26:48.254  2042  2692 D SchedBoost: com.google.android.adservices.api boosting, skip reset priority
10-09 13:26:48.255  2042  2692 D SchedBoost: com.android.chrome:privileged_process0 boosting, skip reset priority
10-09 13:26:48.260  4304  4484 D SoScUtils: monitorTransitionFinished transition:android.os.BinderProxy@78b0b6c transaction: android.view.SurfaceControl$Transaction@fb42188 mRequestCloseTransition:null mRequestOpenTransition:null mPairsOpenTransition:null mPairsOpenTransitionNull:null mRequestOpenTriggerTask:-1 mRequestCloseTriggerTask:-1 mOrientationTransition: null mMainStartingTask:-1 mSideStartingTask:-1
10-09 13:26:48.267  2042  4589 I Transition: finishTransition: updateLastSurfacePosition tf=Task{a8245cd #6464 type=standard A=10030:eu.europa.ec.euidi}
10-09 13:26:48.269  2042  3096 W PackageConfigPersister: App-specific configuration not found for packageName: eu.europa.ec.euidi and userId: 0
10-09 13:26:48.271  2042  2692 I SmartPower: com.android.chrome/10172(17153): visible->invisible(18233ms) R(become invisible) adj=200.
10-09 13:26:48.271  2042  2692 I SmartPower: com.android.chrome:privileged_process0/10172(17266): invisible->background(18475ms) R(become background) adj=200.
10-09 13:26:48.271  2042  2692 I SmartPower: com.android.chrome/10172(17153): invisible->background(1ms) R(become background) adj=200.
10-09 13:26:48.276  4304  4484 D MiuiFullScreenTaskRepository: addOrUpdateFullScreenTaskInfo taskId=6447, topActivity=ComponentInfo{com.android.chrome/org.chromium.chrome.browser.ChromeTabbedActivity}
10-09 13:26:48.280  2042  4020 I WindowManager: cancelAnimation removed leash : Surface(name=Surface(name=49d5fba InputMethod#118)/@0xbb23dc8 - animation-leash of insets_animation#5524)/@0x596ffb2
10-09 13:26:48.285  2042  3110 D CompatibilityChangeReporter: Compat change id reported: 265195908; UID 10172; state: ENABLED
10-09 13:26:48.306  2042  2073 D CoreBackPreview: Window{edce952 u0 com.android.chrome/org.chromium.chrome.browser.ChromeTabbedActivity}: Setting back callback OnBackInvokedCallbackInfo{mCallback=android.window.IOnBackInvokedCallback$Stub$Proxy@a84c2fd, mPriority=-1, mIsAnimationCallback=false}
10-09 13:26:48.332 17153 17153 D ActivityThread: Fail to check app heapsize due to java.lang.NoSuchMethodException: dalvik.system.VMRuntime.getBlockingGcCountForAlloc []
10-09 13:26:48.335  2042  2690 D Aurogon :  uid = 10172 switch to BG
10-09 13:26:48.336  2042  3500 D isUidValid: uid = 10172
10-09 13:26:48.381   702  8474 W keystore2: system/security/keystore2/src/remote_provisioning.rs:102 - Error occurred: system/security/keystore2/src/rkpd_client.rs:307: Trying to get to IRegistration service.
10-09 13:26:48.381   702  8474 W keystore2: 
10-09 13:26:48.381   702  8474 W keystore2: Caused by:
10-09 13:26:48.381   702  8474 W keystore2:     0: system/security/keystore2/src/rkpd_client.rs:162: Trying to get IRPC name.
10-09 13:26:48.381   702  8474 W keystore2:     1: system/security/keystore2/src/globals.rs:440
10-09 13:26:48.381   702  8474 W keystore2:     2: Error::Km(r#HARDWARE_TYPE_UNAVAILABLE)
10-09 13:26:48.419   702  8474 W keystore2: system/security/keystore2/src/remote_provisioning.rs:102 - Error occurred: system/security/keystore2/src/rkpd_client.rs:307: Trying to get to IRegistration service.
10-09 13:26:48.419   702  8474 W keystore2: 
10-09 13:26:48.419   702  8474 W keystore2: Caused by:
10-09 13:26:48.419   702  8474 W keystore2:     0: system/security/keystore2/src/rkpd_client.rs:162: Trying to get IRPC name.
10-09 13:26:48.419   702  8474 W keystore2:     1: system/security/keystore2/src/globals.rs:440
10-09 13:26:48.419   702  8474 W keystore2:     2: Error::Km(r#HARDWARE_TYPE_UNAVAILABLE)
10-09 13:26:48.425  4304  4304 D ArtChoreographerMonitor: invoke error.
10-09 13:26:48.446   702  8474 W keystore2: system/security/keystore2/src/remote_provisioning.rs:102 - Error occurred: system/security/keystore2/src/rkpd_client.rs:307: Trying to get to IRegistration service.
10-09 13:26:48.446   702  8474 W keystore2: 
10-09 13:26:48.446   702  8474 W keystore2: Caused by:
10-09 13:26:48.446   702  8474 W keystore2:     0: system/security/keystore2/src/rkpd_client.rs:162: Trying to get IRPC name.
10-09 13:26:48.446   702  8474 W keystore2:     1: system/security/keystore2/src/globals.rs:440
10-09 13:26:48.446   702  8474 W keystore2:     2: Error::Km(r#HARDWARE_TYPE_UNAVAILABLE)
10-09 13:26:48.471   702  8474 W keystore2: system/security/keystore2/src/remote_provisioning.rs:102 - Error occurred: system/security/keystore2/src/rkpd_client.rs:307: Trying to get to IRegistration service.
10-09 13:26:48.471   702  8474 W keystore2: 
10-09 13:26:48.471   702  8474 W keystore2: Caused by:
10-09 13:26:48.471   702  8474 W keystore2:     0: system/security/keystore2/src/rkpd_client.rs:162: Trying to get IRPC name.
10-09 13:26:48.471   702  8474 W keystore2:     1: system/security/keystore2/src/globals.rs:440
10-09 13:26:48.471   702  8474 W keystore2:     2: Error::Km(r#HARDWARE_TYPE_UNAVAILABLE)
10-09 13:26:48.498   702  8474 W keystore2: system/security/keystore2/src/remote_provisioning.rs:102 - Error occurred: system/security/keystore2/src/rkpd_client.rs:307: Trying to get to IRegistration service.
10-09 13:26:48.498   702  8474 W keystore2: 
10-09 13:26:48.498   702  8474 W keystore2: Caused by:
10-09 13:26:48.498   702  8474 W keystore2:     0: system/security/keystore2/src/rkpd_client.rs:162: Trying to get IRPC name.
10-09 13:26:48.498   702  8474 W keystore2:     1: system/security/keystore2/src/globals.rs:440
10-09 13:26:48.498   702  8474 W keystore2:     2: Error::Km(r#HARDWARE_TYPE_UNAVAILABLE)
10-09 13:26:48.525   702  8474 W keystore2: system/security/keystore2/src/remote_provisioning.rs:102 - Error occurred: system/security/keystore2/src/rkpd_client.rs:307: Trying to get to IRegistration service.
10-09 13:26:48.525   702  8474 W keystore2: 
10-09 13:26:48.525   702  8474 W keystore2: Caused by:
10-09 13:26:48.525   702  8474 W keystore2:     0: system/security/keystore2/src/rkpd_client.rs:162: Trying to get IRPC name.
10-09 13:26:48.525   702  8474 W keystore2:     1: system/security/keystore2/src/globals.rs:440
10-09 13:26:48.525   702  8474 W keystore2:     2: Error::Km(r#HARDWARE_TYPE_UNAVAILABLE)
10-09 13:26:48.551   702  8474 W keystore2: system/security/keystore2/src/remote_provisioning.rs:102 - Error occurred: system/security/keystore2/src/rkpd_client.rs:307: Trying to get to IRegistration service.
10-09 13:26:48.551   702  8474 W keystore2: 
10-09 13:26:48.551   702  8474 W keystore2: Caused by:
10-09 13:26:48.551   702  8474 W keystore2:     0: system/security/keystore2/src/rkpd_client.rs:162: Trying to get IRPC name.
10-09 13:26:48.551   702  8474 W keystore2:     1: system/security/keystore2/src/globals.rs:440
10-09 13:26:48.551   702  8474 W keystore2:     2: Error::Km(r#HARDWARE_TYPE_UNAVAILABLE)
10-09 13:26:48.577   702  8474 W keystore2: system/security/keystore2/src/remote_provisioning.rs:102 - Error occurred: system/security/keystore2/src/rkpd_client.rs:307: Trying to get to IRegistration service.
10-09 13:26:48.577   702  8474 W keystore2: 
10-09 13:26:48.577   702  8474 W keystore2: Caused by:
10-09 13:26:48.577   702  8474 W keystore2:     0: system/security/keystore2/src/rkpd_client.rs:162: Trying to get IRPC name.
10-09 13:26:48.577   702  8474 W keystore2:     1: system/security/keystore2/src/globals.rs:440
10-09 13:26:48.577   702  8474 W keystore2:     2: Error::Km(r#HARDWARE_TYPE_UNAVAILABLE)
10-09 13:26:48.603   702  8474 W keystore2: system/security/keystore2/src/remote_provisioning.rs:102 - Error occurred: system/security/keystore2/src/rkpd_client.rs:307: Trying to get to IRegistration service.
10-09 13:26:48.603   702  8474 W keystore2: 
10-09 13:26:48.603   702  8474 W keystore2: Caused by:
10-09 13:26:48.603   702  8474 W keystore2:     0: system/security/keystore2/src/rkpd_client.rs:162: Trying to get IRPC name.
10-09 13:26:48.603   702  8474 W keystore2:     1: system/security/keystore2/src/globals.rs:440
10-09 13:26:48.603   702  8474 W keystore2:     2: Error::Km(r#HARDWARE_TYPE_UNAVAILABLE)
10-09 13:26:48.630   702  8474 W keystore2: system/security/keystore2/src/remote_provisioning.rs:102 - Error occurred: system/security/keystore2/src/rkpd_client.rs:307: Trying to get to IRegistration service.
10-09 13:26:48.630   702  8474 W keystore2: 
10-09 13:26:48.630   702  8474 W keystore2: Caused by:
10-09 13:26:48.630   702  8474 W keystore2:     0: system/security/keystore2/src/rkpd_client.rs:162: Trying to get IRPC name.
10-09 13:26:48.630   702  8474 W keystore2:     1: system/security/keystore2/src/globals.rs:440
10-09 13:26:48.630   702  8474 W keystore2:     2: Error::Km(r#HARDWARE_TYPE_UNAVAILABLE)
10-09 13:26:50.370  2042  2073 D PerfShielderService: eu.europa.ec.euidi|eu.europa.ec.euidi/eu.europa.ec.assemblylogic.ui.MainActivity|136|34219414144392|93|5|4
10-09 13:26:50.370  6649  6663 W MiuiPerfServiceClient: interceptAndQueuing:22433|eu.europa.ec.euidi|136|93|34219414144392|Slow issue draw commands|4
10-09 13:26:50.559  2183  2183 I wificond: station_bandwidth: P
10-09 13:26:50.561  4304  4304 D ArtChoreographerMonitor: invoke error.
10-09 13:26:50.735  4304  4304 D ArtChoreographerMonitor: invoke error.
10-09 13:26:51.272  2042  3524 I SmartPower: com.android.chrome:privileged_process0/10172(17266): background->idle(3001ms) R(become background) adj=700.
10-09 13:26:51.273  2042  3524 I SmartPower: com.android.chrome/10172(17153): background->idle(3001ms) R(become background) adj=700.
10-09 13:26:51.299  2042  4020 W MIUIInput: Input event injection from package: null action ACTION_DOWN
10-09 13:26:51.303  2042  2073 W MIUIInput: Input event injection from package: null action ACTION_UP
10-09 13:26:51.335  2042  3524 I SmartPower: com.android.chrome:sandboxed_process0:org.chromium.content.app.SandboxedProcessSerbackground->idle(21296ms) R(adj below visible) adj=700.
10-09 13:26:51.566  2042  2073 W MIUIInput: Input event injection from package: null action ACTION_DOWN
10-09 13:26:51.569  2042  2073 W MIUIInput: Input event injection from package: null action ACTION_UP
10-09 13:26:51.581  2042  3096 D PerfShielderService: eu.europa.ec.euidi|eu.europa.ec.euidi/eu.europa.ec.assemblylogic.ui.MainActivity|136|34220709093663|80|5|3
10-09 13:26:51.581  6649  6663 W MiuiPerfServiceClient: interceptAndQueuing:22433|eu.europa.ec.euidi|136|80|34220709093663|Slow issue draw commands|3
10-09 13:26:52.343  2042  3096 W MIUIInput: Input event injection from package: null action ACTION_DOWN
10-09 13:26:52.347  2042  3096 W MIUIInput: Input event injection from package: null action ACTION_UP
10-09 13:26:52.645  2042  3524 I SmartPower: com.android.chrome:sandboxed_process0:org.chromium.content.app.SandboxedProcessSerbackground->idle(22741ms) R(adj below visible) adj=700.
10-09 13:26:53.045  2042  2073 W MIUIInput: Input event injection from package: null action ACTION_DOWN
10-09 13:26:53.053  2042  4020 D PerfShielderService: eu.europa.ec.euidi|eu.europa.ec.euidi/eu.europa.ec.assemblylogic.ui.MainActivity|121|34221846148193|117|5|2
10-09 13:26:53.054  6649  6663 W MiuiPerfServiceClient: interceptAndQueuing:22433|eu.europa.ec.euidi|121|117|34221846148193|Slow issue draw commands|2
10-09 13:26:53.114  2042  2073 W MIUIInput: Input event injection from package: null action ACTION_UP
10-09 13:26:53.255  2042  3524 I SmartPower: com.google.android.adservices.api/10294(20677): background->idle(23217ms) R(adj below visible) adj=100.
10-09 13:26:53.421  2042  2073 W MIUIInput: Input event injection from package: null action ACTION_DOWN
10-09 13:26:53.424  2042  4020 W MIUIInput: Input event injection from package: null action ACTION_UP
10-09 13:26:53.438  2042  2073 D CompatibilityChangeReporter: Compat change id reported: 168419799; UID 10030; state: DISABLED
10-09 13:26:53.438  2042  2073 D CompatibilityChangeReporter: Compat change id reported: 273564678; UID 10030; state: DISABLED
10-09 13:26:53.441  2042  2073 I WindowManager: cancelAnimation removed leash : Surface(name=Surface(name=704023a StatusBar#94)/@0xa8be448 - animation-leash of insets_animation#5544)/@0xe168c51
10-09 13:26:53.444  2042  2073 I WindowManager: cancelAnimation removed leash : Surface(name=Surface(name=d968687 NavigationBar0#90)/@0x2f479dd - animation-leash of insets_animation#5545)/@0x8c65db7
10-09 13:26:53.446  2042  2073 D WindowManager: wms.Input focus has changed to Window{17d95a2 u0 eu.europa.ec.euidi/eu.europa.ec.assemblylogic.ui.MainActivity} display=0 updateInputWindows = false
10-09 13:26:53.446  2042  2073 I MultiSenceManagerInternalStub: getInstance
10-09 13:26:53.450  2042  2693 D WindowManager: wms.Focus not requested for window=Window{17d95a2 u0 eu.europa.ec.euidi/eu.europa.ec.assemblylogic.ui.MainActivity} because it has no surface or is not focusable.
10-09 13:26:53.465  2042  3096 D CoreBackPreview: Window{17d95a2 u0 eu.europa.ec.euidi/eu.europa.ec.assemblylogic.ui.MainActivity}: Setting back callback OnBackInvokedCallbackInfo{mCallback=android.window.IOnBackInvokedCallback$Stub$Proxy@e8036fa, mPriority=0, mIsAnimationCallback=false}
10-09 13:26:53.485  2042  2073 D WindowManager: wms.finishDrawingLocked: mDrawState=COMMIT_DRAW_PENDING Window{17d95a2 u0 eu.europa.ec.euidi/eu.europa.ec.assemblylogic.ui.MainActivity} in Surface(name=eu.europa.ec.euidi/eu.europa.ec.assemblylogic.ui.MainActivity#5552)/@0xcb3c4ab
10-09 13:26:53.486  2042  2693 I WindowManager: wms.showSurfaceRobustly mWin:Window{17d95a2 u0 eu.europa.ec.euidi/eu.europa.ec.assemblylogic.ui.MainActivity}
10-09 13:26:53.518  2042  2073 I WindowManager: cancelAnimation removed leash : Surface(name=Surface(name=49d5fba InputMethod#118)/@0xbb23dc8 - animation-leash of insets_animation#5548)/@0xfc22bc1
10-09 13:26:53.521  2042  6997 W PackageConfigPersister: App-specific configuration not found for packageName: eu.europa.ec.euidi and userId: 0
10-09 13:26:53.566  2183  2183 I wificond: station_bandwidth: P
10-09 13:26:53.568  4304  4304 D ArtChoreographerMonitor: invoke error.
10-09 13:26:53.742  4304  4304 D ArtChoreographerMonitor: invoke error.
10-09 13:26:54.273  2042  3524 I SmartPower: com.android.chrome:sandboxed_process0:org.chromium.content.app.SandboxedProcessSerbackground->idle(24234ms) R(remove from whitelist) adj=200.
10-09 13:26:54.273  2042  3524 I SmartPower: com.android.chrome:sandboxed_process0:org.chromium.content.app.SandboxedProcessSerbackground->idle(24234ms) R(remove from whitelist) adj=200.
10-09 13:26:54.273  2042  3524 I SmartPower: com.android.chrome:sandboxed_process0:org.chromium.content.app.SandboxedProcessSerbackground->idle(24234ms) R(remove from whitelist) adj=200.
10-09 13:26:54.273  2042  3524 I SmartPower: com.android.chrome:sandboxed_process0:org.chromium.content.app.SandboxedProcessSerbackground->idle(24235ms) R(remove from whitelist) adj=930.
10-09 13:26:54.273  2042  3524 I SmartPower: com.android.chrome:sandboxed_process0:org.chromium.content.app.SandboxedProcessSerbackground->idle(24234ms) R(remove from whitelist) adj=920.
10-09 13:26:54.273  2042  3524 I SmartPower: com.android.chrome:sandboxed_process0:org.chromium.content.app.SandboxedProcessSerbackground->idle(24234ms) R(remove from whitelist) adj=910.
10-09 13:26:54.274  2042  3524 I SmartPower: com.android.chrome:sandboxed_process0:org.chromium.content.app.SandboxedProcessSerbackground->idle(24234ms) R(remove from whitelist) adj=900.
10-09 13:26:54.732  2042  4589 W MIUIInput: Input event injection from package: null action ACTION_DOWN
10-09 13:26:54.736  2042  3096 W MIUIInput: Input event injection from package: null action ACTION_UP
10-09 13:26:54.754  2042  3096 D PerfShielderService: eu.europa.ec.euidi|eu.europa.ec.euidi/eu.europa.ec.assemblylogic.ui.MainActivity|102|34222788396630|48|2|4
10-09 13:26:54.754  6649  6663 W MiuiPerfServiceClient: interceptAndQueuing:22433|eu.europa.ec.euidi|102|48|34222788396630|Slow handle animation|4
10-09 13:26:54.755  2042  3096 D CoreBackPreview: Window{17d95a2 u0 eu.europa.ec.euidi/eu.europa.ec.assemblylogic.ui.MainActivity}: Setting back callback null
10-09 13:26:54.761  2042  3096 I WindowManager: cancelAnimation removed leash : Surface(name=Surface(name=49d5fba InputMethod#118)/@0xbb23dc8 - animation-leash of insets_animation#5553)/@0x75aab52
10-09 13:26:54.766  2042  3096 I WindowManager: cancelAnimation removed leash : Surface(name=Surface(name=704023a StatusBar#94)/@0xa8be448 - animation-leash of insets_animation#5550)/@0xac369ee
10-09 13:26:54.768  2042  3096 I WindowManager: cancelAnimation removed leash : Surface(name=Surface(name=d968687 NavigationBar0#90)/@0x2f479dd - animation-leash of insets_animation#5551)/@0x57b51c
10-09 13:26:54.770  2042  3096 D WindowManager: wms.Input focus has changed to Window{48a95a7 u0 eu.europa.ec.euidi/eu.europa.ec.assemblylogic.ui.MainActivity} display=0 updateInputWindows = true
10-09 13:26:54.770  2042  3096 I MultiSenceManagerInternalStub: getInstance
10-09 13:26:54.789  2042  4589 I WindowManager: cancelAnimation removed leash : Surface(name=Surface(name=49d5fba InputMethod#118)/@0xbb23dc8 - animation-leash of insets_animation#5554)/@0xffaf20
10-09 13:26:54.789  2042  4020 W PackageConfigPersister: App-specific configuration not found for packageName: eu.europa.ec.euidi and userId: 0
10-09 13:26:56.117  2042  3123 D AlarmManager: mBroadcastRefCount -> 1
10-09 13:26:56.119  2042  2787 W ProcessStats: Tracking association SourceState{3682bb3 com.miui.analytics/10093 BFgs #97896} whose proc state 4 is better than process ProcessState{6688729 com.miui.securitycenter.remote/1000 pkg=com.miui.securitycenter} proc state 9 (87 skipped)
10-09 13:26:56.119  2042  2042 I ExtM    : mark duration up to 2m , try to mark.
10-09 13:26:56.119  2042  2042 D MFZ     : Start Mark
10-09 13:26:56.120  2042  3997 D ExtM    : Start marking ...
10-09 13:26:56.120  2042  3997 W ExtM    : Mark thread start 
10-09 13:26:56.120   674 22895 D vold    : mark task started
10-09 13:26:56.122 22898 22898 D vold    :  mark Pid = 22898
10-09 13:26:56.123 22898 22898 D vold    : set cpu affinity policy success
10-09 13:26:56.161  2042  2042 D MFZ     : Mark Finshed ! idle_stats: 3064 1023 307 6136 2415 222 957 1543 748 52724
10-09 13:26:56.162  2042  2042 D ActivityManager: checkAllowBackground: uid=1000 pkg=android rec=UidRecord{b77cac0 1000 PER  fgServices allowlist change:procadj procs:0 seq(616439,448524)} caps=LCMNFU always=false idle=false
10-09 13:26:56.163  2042  2042 D AlarmManager: mBroadcastRefCount -> 0
10-09 13:26:56.163  2042  2042 D AlarmManager: mPendingIntent -> PendingIntent{72f5249: PendingIntentRecord{c46edf android broadcastIntent}}
10-09 13:26:56.213 22898 22898 D vold    :  success write all > /sys/block/zram0/idle
10-09 13:26:56.575  2183  2183 I wificond: station_bandwidth: P
10-09 13:26:56.622   674 22895 D vold    : mark process has been finished in normal with status: 0
10-09 13:26:56.622   674 22895 D vold    :  listener->onFinished 
10-09 13:26:56.622  2042  4020 W ExtM    : Mark finished with status: 0
10-09 13:26:56.968  2042  4020 W PresentationStatsEventLogger: Shouldn't be logging AutofillPresentationEventReported again for same event
10-09 13:26:56.968  2042  4020 W FillRequestEventLogger: Couldn't find packageName: com.google.android.inputmethod.latin
10-09 13:26:56.987  2042  6997 I InputMethodManagerService: IMMS.showSoftInput(), client = com.android.internal.inputmethod.IInputMethodClient$Stub$Proxy@611ca05
10-09 13:26:56.987  2042  6997 I InputMethodManagerService: IMMS.showCurrentInputLocked(), flags = 0
10-09 13:26:56.987  2042  4589 W PackageConfigPersister: App-specific configuration not found for packageName: eu.europa.ec.euidi and userId: 0
10-09 13:26:56.988  2042  6997 D SmartPower: com.google.android.inputmethod.latin/10176(6431): show input method
10-09 13:26:56.988  2042  6997 I SmartPower: com.google.android.inputmethod.latin/10176(6431): idle->visible(12280ms) R(show input method) adj=100.
10-09 13:26:56.988  2042  6997 I DefaultImeVisibilityApplier: IMMS.showCurrentInputLocked request ims to show inputMethod.
10-09 13:26:56.989  2042  4020 W PackageConfigPersister: App-specific configuration not found for packageName: eu.europa.ec.euidi and userId: 0
10-09 13:26:56.999  2042  3096 D AutofillSession: createPendingIntent for request 345
10-09 13:26:56.999  2042  3096 D ContentCapturePerUserService: Notified activity assist data for activity: Token{44a5e82 ActivityRecord{5bb14f7 u0 eu.europa.ec.euidi/eu.europa.ec.assemblylogic.ui.MainActivity t6464}} without a session Id
10-09 13:26:57.014  2042  3096 I InputMethodManagerService: IMMS.showSoftInput(), client = com.android.internal.inputmethod.IInputMethodClient$Stub$Proxy@4de2226
10-09 13:26:57.014  2042  3096 I InputMethodManagerService: IMMS.showCurrentInputLocked(), flags = 0
10-09 13:26:57.014  2042  3096 D SmartPower: com.google.android.inputmethod.latin/10176(6431): show input method
10-09 13:26:57.014  2042  3096 I DefaultImeVisibilityApplier: IMMS.showCurrentInputLocked request ims to show inputMethod.
10-09 13:26:57.017  2042  6997 D ActivityManager: checkAllowBackground: uid=10163 pkg=com.google.android.gms rec=UidRecord{3efeecd u0a163 FGS  change:procadj procs:0 seq(616445,425084)} caps=LCMNFU always=false idle=false
10-09 13:26:57.026  2042  4020 D ActivityManager: checkAllowBackground: uid=10163 pkg=com.google.android.gms rec=UidRecord{3efeecd u0a163 FGS  change:procadj procs:0 seq(616449,425084)} caps=LCMNFU always=false idle=false
10-09 13:26:57.038  2042  4020 I InputMethodManagerService: IMMS.applyImeVisibility(), setVisible = true, mCurclient = ClientState{e354144 mUid=10030 mPid=22433 mSelfReportedDisplayId=0}
10-09 13:26:57.038  2042  4020 I WindowManager: WMS.showImePostLayout(), imeTarget = Window{48a95a7 u0 eu.europa.ec.euidi/eu.europa.ec.assemblylogic.ui.MainActivity}
10-09 13:26:57.041  2042  4589 D CoreBackPreview: Window{48a95a7 u0 eu.europa.ec.euidi/eu.europa.ec.assemblylogic.ui.MainActivity}: Setting back callback OnBackInvokedCallbackInfo{mCallback=android.window.IOnBackInvokedCallback$Stub$Proxy@5b434bd, mPriority=0, mIsAnimationCallback=false}
10-09 13:26:57.046  4304  4484 D MiuiFreeformModeController: avoidForInsetsBottomChangedIfNeed oldMoveableBottom: 2270 newMoveableBounds: 2270
10-09 13:26:57.060  4304  4484 D MiuiFreeformModeController: avoidForInsetsBottomChangedIfNeed oldMoveableBottom: 2270 newMoveableBounds: 2270
10-09 13:26:57.065  2042  3096 D WindowManager: wms.finishDrawingLocked: mDrawState=COMMIT_DRAW_PENDING Window{49d5fba u0 InputMethod} in Surface(name=InputMethod#5558)/@0xc196a03
10-09 13:26:57.068  2042  2693 I ImeInsetsSourceProvider: ImeInsetsSourceProvider.scheduleShowImePostLayout() Run showImeRunner.
10-09 13:26:57.068  2042  2693 I ImeInsetsSourceProvider: ImeInsetsSourceProvider.scheduleShowImePostLayout() isReadyToShowIme.
10-09 13:26:57.070  2042  4020 I InputMethodManagerService: IMMS.applyImeVisibility(), setVisible = true, mCurclient = ClientState{e354144 mUid=10030 mPid=22433 mSelfReportedDisplayId=0}
10-09 13:26:57.073  2042  3096 I WindowManager: cancelAnimation removed leash : Surface(name=Surface(name=d968687 NavigationBar0#90)/@0x2f479dd - animation-leash of insets_animation#5556)/@0xa009d4c
10-09 13:26:57.073  4304  4484 D MiuiFreeformModeController: avoidForInsetsBottomChangedIfNeed oldMoveableBottom: 2270 newMoveableBounds: 2270
10-09 13:26:57.073  4304  4484 D ImePositionProcessor: onImeVisibilityChanged     isShowing:  true
10-09 13:26:57.075  4304  4484 D MiuiFreeformModeController: onImeVisibilityChanged imeVisible: true imeHeight: 701 adjustedForRotation:false
10-09 13:26:57.075  4304  4484 D MiuiFreeformModeAvoidAlgorithm: begin autoOrderingAvoidMiniTask
10-09 13:26:57.075  4304  4484 D MiuiFreeformModeAvoidAlgorithm: getCurrMiniPos: SameSideMiniPosList: []
10-09 13:26:57.075  4304  4484 D MiuiFreeformModeAvoidAlgorithm: getCurrMiniPos: SameSideMiniPosList: []
10-09 13:26:57.075  4304  4484 D MiuiFreeformModeAvoidAlgorithm: end autoOrderingAvoidMiniTask res:AvoidResult{distance=0, combination={}, activeTaskPos=Rect(0, 0 - 0, 0)}
10-09 13:26:57.075  2042  2692 I WindowManager: input method visible height changed 701
10-09 13:26:57.076  2042  3126 I ITouchFeature: current device and process support version:2
10-09 13:26:57.076  2042  2692 I WindowManager: wms.showSurfaceRobustly mWin:Window{49d5fba u0 InputMethod}
10-09 13:26:57.087  2042  4020 I WindowManager: WMS.showImePostLayout(), imeTarget = Window{48a95a7 u0 eu.europa.ec.euidi/eu.europa.ec.assemblylogic.ui.MainActivity}
10-09 13:26:57.088  2042  3096 D ActivityManager: checkAllowBackground: uid=10163 pkg=com.google.android.gms rec=UidRecord{3efeecd u0a163 FGS  change:procadj procs:0 seq(616455,425084)} caps=LCMNFU always=false idle=false
10-09 13:26:57.091  2042  2693 I ImeInsetsSourceProvider: ImeInsetsSourceProvider.scheduleShowImePostLayout() Run showImeRunner.
10-09 13:26:57.091  2042  2693 I ImeInsetsSourceProvider: ImeInsetsSourceProvider.scheduleShowImePostLayout() isReadyToShowIme.
10-09 13:26:57.097  4304  4304 D ArtChoreographerMonitor: invoke error.
10-09 13:26:57.098  4304  4484 D OneHandedController: stopOneHanded state is 0
10-09 13:26:57.103  4304  4484 D OneHandedController: stopOneHanded state is 0
10-09 13:26:57.107  2042  3096 D ActivityManager: checkAllowBackground: uid=10163 pkg=com.google.android.gms rec=UidRecord{3efeecd u0a163 FGS  change:procadj procs:0 seq(616459,425084)} caps=LCMNFU always=false idle=false
10-09 13:26:57.123  2042  4589 D ActivityManager: checkAllowBackground: uid=10163 pkg=com.google.android.gms rec=UidRecord{3efeecd u0a163 FGS  change:procadj procs:0 seq(616469,425084)} caps=LCMNFU always=false idle=false
10-09 13:26:57.136  2042  4589 D ActivityManager: checkAllowBackground: uid=10163 pkg=com.google.android.gms rec=UidRecord{3efeecd u0a163 FGS  change:procadj procs:0 seq(616473,425084)} caps=LCMNFU always=false idle=false
10-09 13:26:57.148  2042  4589 D ActivityManager: checkAllowBackground: uid=10163 pkg=com.google.android.gms rec=UidRecord{3efeecd u0a163 FGS  change:procadj procs:0 seq(616477,425084)} caps=LCMNFU always=false idle=false
10-09 13:26:57.160  2042  3096 D ActivityManager: checkAllowBackground: uid=10163 pkg=com.google.android.gms rec=UidRecord{3efeecd u0a163 FGS  change:procadj procs:0 seq(616481,425084)} caps=LCMNFU always=false idle=false
10-09 13:26:57.269  4304  4304 D ArtChoreographerMonitor: invoke error.
10-09 13:26:57.442  2042  2042 W FillResponseEventLogger: FillResponseEventLogger is not empty before starting for a new request
10-09 13:26:57.442  2042  2042 D AutofillSession: Service did not request to wait for delayed fill response.
10-09 13:26:57.443  2042  3096 D ActivityManager: checkAllowBackground: uid=10163 pkg=com.google.android.gms rec=UidRecord{3efeecd u0a163 FGS  change:procadj procs:0 seq(616485,425084)} caps=LCMNFU always=false idle=false
10-09 13:26:57.475  2042  3096 W WindowManager: Requires INTERNAL_SYSTEM_WINDOW permission if assign type to input. New type will be 0.
10-09 13:26:57.479  2042  3096 W WindowManager: Cannot find window which accessibility connection is added to
10-09 13:26:57.516  2042  4589 D PerfShielderService: eu.europa.ec.euidi|eu.europa.ec.euidi/eu.europa.ec.assemblylogic.ui.MainActivity|194|34226363091733|61|2|6
10-09 13:26:57.517  6649  6663 W MiuiPerfServiceClient: interceptAndQueuing:22433|eu.europa.ec.euidi|194|61|34226363091733|Slow handle animation|6
10-09 13:26:58.227  2042  3096 D WindowManagerService: checkFlipFullScreenChange is same, nowIsFullScreen = false
10-09 13:26:58.230  2042  3096 W PresentationStatsEventLogger: Shouldn't be logging AutofillPresentationEventReported again for same event
10-09 13:26:58.230  2042  3096 E AutofillSession: Not starting a new partition on 1073741824:623@708905008 because session 708905008 reached maximum of 10
10-09 13:26:58.250  2042  3096 I InputMethodManagerService: IMMS.showCurrentInputLocked(), flags = 1
10-09 13:26:58.250  2042  3096 D SmartPower: com.google.android.inputmethod.latin/10176(6431): show input method
10-09 13:26:58.251  2042  3096 I DefaultImeVisibilityApplier: IMMS.showCurrentInputLocked request ims to show inputMethod.
10-09 13:26:58.256  2042  3096 W PackageConfigPersister: App-specific configuration not found for packageName: eu.europa.ec.euidi and userId: 0
10-09 13:26:58.270  2042  3096 I InputMethodManagerService: IMMS.showSoftInput(), client = com.android.internal.inputmethod.IInputMethodClient$Stub$Proxy@cbd9741
10-09 13:26:58.270  2042  3096 I InputMethodManagerService: IMMS.showCurrentInputLocked(), flags = 0
10-09 13:26:58.270  2042  3096 D SmartPower: com.google.android.inputmethod.latin/10176(6431): show input method
10-09 13:26:58.270  2042  3096 I DefaultImeVisibilityApplier: IMMS.showCurrentInputLocked request ims to show inputMethod.
10-09 13:26:58.294  2042  3096 I InputMethodManagerService: IMMS.applyImeVisibility(), setVisible = true, mCurclient = ClientState{e354144 mUid=10030 mPid=22433 mSelfReportedDisplayId=0}
10-09 13:26:58.294  2042  3096 I WindowManager: WMS.showImePostLayout(), imeTarget = Window{48a95a7 u0 eu.europa.ec.euidi/eu.europa.ec.assemblylogic.ui.MainActivity}
10-09 13:26:58.298  2042  2693 I ImeInsetsSourceProvider: ImeInsetsSourceProvider.scheduleShowImePostLayout() Run showImeRunner.
10-09 13:26:58.298  2042  2693 I ImeInsetsSourceProvider: ImeInsetsSourceProvider.scheduleShowImePostLayout() isReadyToShowIme.
10-09 13:26:58.304  2042  4020 D ActivityManager: checkAllowBackground: uid=10163 pkg=com.google.android.gms rec=UidRecord{3efeecd u0a163 FGS  change:procadj procs:0 seq(616543,425084)} caps=LCMNFU always=false idle=false
10-09 13:26:58.305  2042  6997 I InputMethodManagerService: IMMS.applyImeVisibility(), setVisible = true, mCurclient = ClientState{e354144 mUid=10030 mPid=22433 mSelfReportedDisplayId=0}
10-09 13:26:58.306  2042  6997 I WindowManager: WMS.showImePostLayout(), imeTarget = Window{48a95a7 u0 eu.europa.ec.euidi/eu.europa.ec.assemblylogic.ui.MainActivity}
10-09 13:26:58.306  4304  4484 D OneHandedController: stopOneHanded state is 0
10-09 13:26:58.307  2042  2693 I ImeInsetsSourceProvider: ImeInsetsSourceProvider.scheduleShowImePostLayout() Run showImeRunner.
10-09 13:26:58.307  2042  2693 I ImeInsetsSourceProvider: ImeInsetsSourceProvider.scheduleShowImePostLayout() isReadyToShowIme.
10-09 13:26:58.313  4304  4484 D OneHandedController: stopOneHanded state is 0
10-09 13:26:58.503  2042  4589 W WindowManager: Cannot find window which accessibility connection is added to
10-09 13:26:58.505  2042  4589 W WindowManager: Failed looking up window session=Session{a1506bf 20547:u0a10213} callers=com.android.server.wm.WindowManagerService.windowForClientLocked:6851 com.android.server.wm.WindowManagerService.removeWindow:2423 com.android.server.wm.Session.remove:248 
10-09 13:26:58.881  2042  4589 D WindowManagerService: checkFlipFullScreenChange is same, nowIsFullScreen = false
10-09 13:26:58.884  2042  4589 W PresentationStatsEventLogger: Shouldn't be logging AutofillPresentationEventReported again for same event
10-09 13:26:58.884  2042  4589 E AutofillSession: Not starting a new partition on 1073741824:632@708905008 because session 708905008 reached maximum of 10
10-09 13:26:58.901  2042  4589 I InputMethodManagerService: IMMS.showCurrentInputLocked(), flags = 1
10-09 13:26:58.901  2042  4589 D SmartPower: com.google.android.inputmethod.latin/10176(6431): show input method
10-09 13:26:58.901  2042  4589 I DefaultImeVisibilityApplier: IMMS.showCurrentInputLocked request ims to show inputMethod.
10-09 13:26:58.903  2042  4589 W PackageConfigPersister: App-specific configuration not found for packageName: eu.europa.ec.euidi and userId: 0
10-09 13:26:58.915  2042  4589 I InputMethodManagerService: IMMS.showSoftInput(), client = com.android.internal.inputmethod.IInputMethodClient$Stub$Proxy@442e972
10-09 13:26:58.915  2042  4589 I InputMethodManagerService: IMMS.showCurrentInputLocked(), flags = 0
10-09 13:26:58.915  2042  4589 D SmartPower: com.google.android.inputmethod.latin/10176(6431): show input method
10-09 13:26:58.915  2042  4589 I DefaultImeVisibilityApplier: IMMS.showCurrentInputLocked request ims to show inputMethod.
10-09 13:26:58.932  2042  6997 I InputMethodManagerService: IMMS.applyImeVisibility(), setVisible = true, mCurclient = ClientState{e354144 mUid=10030 mPid=22433 mSelfReportedDisplayId=0}
10-09 13:26:58.932  2042  6997 I WindowManager: WMS.showImePostLayout(), imeTarget = Window{48a95a7 u0 eu.europa.ec.euidi/eu.europa.ec.assemblylogic.ui.MainActivity}
10-09 13:26:58.933  2042  3095 D ActivityManager: checkAllowBackground: uid=10163 pkg=com.google.android.gms rec=UidRecord{3efeecd u0a163 FGS  change:procadj procs:0 seq(616591,425084)} caps=LCMNFU always=false idle=false
10-09 13:26:58.934  2042  2693 I ImeInsetsSourceProvider: ImeInsetsSourceProvider.scheduleShowImePostLayout() Run showImeRunner.
10-09 13:26:58.934  2042  2693 I ImeInsetsSourceProvider: ImeInsetsSourceProvider.scheduleShowImePostLayout() isReadyToShowIme.
10-09 13:26:58.938  4304  4484 D OneHandedController: stopOneHanded state is 0
10-09 13:26:58.938  2042  4020 I InputMethodManagerService: IMMS.applyImeVisibility(), setVisible = true, mCurclient = ClientState{e354144 mUid=10030 mPid=22433 mSelfReportedDisplayId=0}
10-09 13:26:58.939  2042  4020 I WindowManager: WMS.showImePostLayout(), imeTarget = Window{48a95a7 u0 eu.europa.ec.euidi/eu.europa.ec.assemblylogic.ui.MainActivity}
10-09 13:26:58.942  2042  2693 I ImeInsetsSourceProvider: ImeInsetsSourceProvider.scheduleShowImePostLayout() Run showImeRunner.
10-09 13:26:58.942  2042  2693 I ImeInsetsSourceProvider: ImeInsetsSourceProvider.scheduleShowImePostLayout() isReadyToShowIme.
10-09 13:26:58.945  2042  4589 D ActivityManager: checkAllowBackground: uid=10163 pkg=com.google.android.gms rec=UidRecord{3efeecd u0a163 FGS  change:procadj procs:0 seq(616597,425084)} caps=LCMNFU always=false idle=false
10-09 13:26:58.946  4304  4484 D OneHandedController: stopOneHanded state is 0
10-09 13:26:59.545  2042  4020 D WindowManagerService: checkFlipFullScreenChange is same, nowIsFullScreen = false
10-09 13:26:59.547  2042  4020 W PresentationStatsEventLogger: Shouldn't be logging AutofillPresentationEventReported again for same event
10-09 13:26:59.547  2042  4020 E AutofillSession: Not starting a new partition on 1073741824:641@708905008 because session 708905008 reached maximum of 10
10-09 13:26:59.564  2042  4020 I InputMethodManagerService: IMMS.showCurrentInputLocked(), flags = 1
10-09 13:26:59.564  2042  4020 D SmartPower: com.google.android.inputmethod.latin/10176(6431): show input method
10-09 13:26:59.564  2042  4020 I DefaultImeVisibilityApplier: IMMS.showCurrentInputLocked request ims to show inputMethod.
10-09 13:26:59.567  2042  4020 W PackageConfigPersister: App-specific configuration not found for packageName: eu.europa.ec.euidi and userId: 0
10-09 13:26:59.580  2042  4020 I InputMethodManagerService: IMMS.showSoftInput(), client = com.android.internal.inputmethod.IInputMethodClient$Stub$Proxy@9f6471f
10-09 13:26:59.580  2042  4020 I InputMethodManagerService: IMMS.showCurrentInputLocked(), flags = 0
10-09 13:26:59.580  2042  4020 D SmartPower: com.google.android.inputmethod.latin/10176(6431): show input method
10-09 13:26:59.581  2042  4020 I DefaultImeVisibilityApplier: IMMS.showCurrentInputLocked request ims to show inputMethod.
10-09 13:26:59.586  2183  2183 I wificond: station_bandwidth: P
10-09 13:26:59.601  2042  4020 I InputMethodManagerService: IMMS.applyImeVisibility(), setVisible = true, mCurclient = ClientState{e354144 mUid=10030 mPid=22433 mSelfReportedDisplayId=0}
