10-09 17:02:33.243  2042  6999 I WindowManager: cancelAnimation removed leash : Surface(name=Surface(name=704023a StatusBar#94)/@0xa8be448 - animation-leash of insets_animation#11101)/@0x2bf2177
10-09 17:02:33.246  2042  6999 I WindowManager: cancelAnimation removed leash : Surface(name=Surface(name=d968687 NavigationBar0#90)/@0x2f479dd - animation-leash of insets_animation#11106)/@0xf5c981
10-09 17:02:33.252  2042  6999 D WindowManager: wms.Input focus has changed to Window{13dfb59 u0 com.android.chrome/org.chromium.chrome.browser.ChromeTabbedActivity} display=0 updateInputWindows = false
10-09 17:02:33.252  2042  6999 I MultiSenceManagerInternalStub: getInstance
10-09 17:02:33.254  4304  4304 D ArtChoreographerMonitor: invoke error.
10-09 17:02:33.280  2042  6999 W PackageConfigPersister: App-specific configuration not found for packageName: com.android.chrome and userId: 0
10-09 17:02:33.281  2042  6999 D PerfShielderService: com.android.chrome|com.android.chrome/org.chromium.chrome.browser.ChromeTabbedActivity|147|47161866378205|61|0|5
10-09 17:02:33.281  6649  7642 W MiuiPerfServiceClient: interceptAndQueuing:25786|com.android.chrome|147|61|47161866378205|Slow main thread|5
10-09 17:02:33.436  4304  4304 D ArtChoreographerMonitor: invoke error.
10-09 17:02:33.527  2183  2183 I wificond: station_bandwidth: P
10-09 17:02:33.529  4304  4304 D ArtChoreographerMonitor: invoke error.
10-09 17:02:33.669   702  6499 I keystore2: system/security/keystore2/src/watchdog.rs:319 - Watchdog thread idle -> terminating. Have a great day.
10-09 17:02:33.701  4304  4304 D ArtChoreographerMonitor: invoke error.
10-09 17:02:34.099  2042  7043 W MIUIInput: Input event injection from package: null action ACTION_DOWN
10-09 17:02:34.101  2042  3516 I ProcessManager: getRenderThreadTidByPid, caller=2042
10-09 17:02:34.102  2042  7043 W MIUIInput: Input event injection from package: null action ACTION_UP
10-09 17:02:34.117  2042  6878 I InputMethodManagerService: IMMS.showSoftInput(), client = com.android.internal.inputmethod.IInputMethodClient$Stub$Proxy@ee30f2d
10-09 17:02:34.117  2042  6878 I InputMethodManagerService: IMMS.showCurrentInputLocked(), flags = 0
10-09 17:02:34.117  2042  6878 D SmartPower: com.google.android.inputmethod.latin/10176(6431): show input method
10-09 17:02:34.117  2042  6878 I SmartPower: com.google.android.inputmethod.latin/10176(6431): background->visible(1030ms) R(show input method) adj=100.
10-09 17:02:34.117  2042  6878 I DefaultImeVisibilityApplier: IMMS.showCurrentInputLocked request ims to show inputMethod.
10-09 17:02:34.120  2042  6997 W PackageConfigPersister: App-specific configuration not found for packageName: com.android.chrome and userId: 0
10-09 17:02:34.154  2042  6997 I InputMethodManagerService: IMMS.showSoftInput(), client = com.android.internal.inputmethod.IInputMethodClient$Stub$Proxy@a9861f3
10-09 17:02:34.154  2042  6997 I InputMethodManagerService: IMMS.showCurrentInputLocked(), flags = 0
10-09 17:02:34.154  2042  6997 D SmartPower: com.google.android.inputmethod.latin/10176(6431): show input method
10-09 17:02:34.155  2042  6997 I DefaultImeVisibilityApplier: IMMS.showCurrentInputLocked request ims to show inputMethod.
10-09 17:02:34.172  2042  6878 D ActivityManager: checkAllowBackground: uid=10163 pkg=com.google.android.gms rec=UidRecord{3efeecd u0a163 BTOP change:procadj procs:0 seq(911174,425084)} caps=LCMNFU always=false idle=false
10-09 17:02:34.172  2042  6997 I InputMethodManagerService: IMMS.applyImeVisibility(), setVisible = true, mCurclient = ClientState{c28f9c5 mUid=10172 mPid=25786 mSelfReportedDisplayId=0}
10-09 17:02:34.172  2042  6997 I WindowManager: WMS.showImePostLayout(), imeTarget = Window{13dfb59 u0 com.android.chrome/org.chromium.chrome.browser.ChromeTabbedActivity}
10-09 17:02:34.174  4304  4304 D ArtChoreographerMonitor: invoke error.
10-09 17:02:34.177  4304  4484 D OneHandedController: stopOneHanded state is 0
10-09 17:02:34.178  2042  6999 D CoreBackPreview: Window{13dfb59 u0 com.android.chrome/org.chromium.chrome.browser.ChromeTabbedActivity}: Setting back callback OnBackInvokedCallbackInfo{mCallback=android.window.IOnBackInvokedCallback$Stub$Proxy@5abeeb0, mPriority=0, mIsAnimationCallback=false}
10-09 17:02:34.182  4304  4484 D OneHandedController: stopOneHanded state is 0
10-09 17:02:34.186  4304  4484 D MiuiFreeformModeController: avoidForInsetsBottomChangedIfNeed oldMoveableBottom: 2270 newMoveableBounds: 2270
10-09 17:02:34.196  4304  4484 D MiuiFreeformModeController: avoidForInsetsBottomChangedIfNeed oldMoveableBottom: 2270 newMoveableBounds: 2270
10-09 17:02:34.202  2042  7043 I InputMethodManagerService: IMMS.applyImeVisibility(), setVisible = true, mCurclient = ClientState{c28f9c5 mUid=10172 mPid=25786 mSelfReportedDisplayId=0}
10-09 17:02:34.205  2042  6997 D WindowManager: wms.finishDrawingLocked: mDrawState=COMMIT_DRAW_PENDING Window{49d5fba u0 InputMethod} in Surface(name=InputMethod#11111)/@0x56dcae
10-09 17:02:34.207  2042  2693 I ImeInsetsSourceProvider: ImeInsetsSourceProvider.scheduleShowImePostLayout() Run showImeRunner.
10-09 17:02:34.207  2042  2693 I ImeInsetsSourceProvider: ImeInsetsSourceProvider.scheduleShowImePostLayout() isReadyToShowIme.
10-09 17:02:34.214  2042  6878 I WindowManager: cancelAnimation removed leash : Surface(name=Surface(name=d968687 NavigationBar0#90)/@0x2f479dd - animation-leash of insets_animation#11109)/@0x4c619ac
10-09 17:02:34.214  4304  4484 D MiuiFreeformModeController: avoidForInsetsBottomChangedIfNeed oldMoveableBottom: 2270 newMoveableBounds: 2270
10-09 17:02:34.214  4304  4484 D ImePositionProcessor: onImeVisibilityChanged     isShowing:  true
10-09 17:02:34.215  2042  2693 I WindowManager: input method visible height changed 701
10-09 17:02:34.215  4304  4484 D MiuiFreeformModeController: onImeVisibilityChanged imeVisible: true imeHeight: 701 adjustedForRotation:false
10-09 17:02:34.215  4304  4484 D MiuiFreeformModeAvoidAlgorithm: begin autoOrderingAvoidMiniTask
10-09 17:02:34.216  4304  4484 D MiuiFreeformModeAvoidAlgorithm: getCurrMiniPos: SameSideMiniPosList: []
10-09 17:02:34.216  4304  4484 D MiuiFreeformModeAvoidAlgorithm: getCurrMiniPos: SameSideMiniPosList: []
10-09 17:02:34.216  4304  4484 D MiuiFreeformModeAvoidAlgorithm: end autoOrderingAvoidMiniTask res:AvoidResult{distance=0, combination={}, activeTaskPos=Rect(0, 0 - 0, 0)}
10-09 17:02:34.216  2042  3126 I ITouchFeature: current device and process support version:2
10-09 17:02:34.217  2042  2693 I WindowManager: wms.showSurfaceRobustly mWin:Window{49d5fba u0 InputMethod}
10-09 17:02:34.225  2042  7043 I WindowManager: WMS.showImePostLayout(), imeTarget = Window{13dfb59 u0 com.android.chrome/org.chromium.chrome.browser.ChromeTabbedActivity}
10-09 17:02:34.227  2042  2693 I ImeInsetsSourceProvider: ImeInsetsSourceProvider.scheduleShowImePostLayout() Run showImeRunner.
10-09 17:02:34.227  2042  2693 I ImeInsetsSourceProvider: ImeInsetsSourceProvider.scheduleShowImePostLayout() isReadyToShowIme.
10-09 17:02:34.236  4304  4484 D OneHandedController: stopOneHanded state is 0
10-09 17:02:34.407  4304  4304 D ArtChoreographerMonitor: invoke error.
10-09 17:02:35.076  2042  7000 D WindowManagerService: checkFlipFullScreenChange is same, nowIsFullScreen = false
10-09 17:02:35.098  2042  7000 D WindowManagerService: checkFlipFullScreenChange is same, nowIsFullScreen = false
10-09 17:02:35.745  2042  7000 W MIUIInput: Input event injection from package: null action ACTION_DOWN
10-09 17:02:35.746  2042  3516 I ProcessManager: getRenderThreadTidByPid, caller=2042
10-09 17:02:35.748  2042  7000 W MIUIInput: Input event injection from package: null action ACTION_UP
10-09 17:02:35.758  2042  6879 I InputMethodManagerService: IMMS.applyImeVisibility(), setVisible = false, mCurclient = ClientState{c28f9c5 mUid=10172 mPid=25786 mSelfReportedDisplayId=0}
10-09 17:02:35.759  4304  4304 D ArtChoreographerMonitor: invoke error.
10-09 17:02:35.761  2042  6878 W PackageConfigPersister: App-specific configuration not found for packageName: com.android.chrome and userId: 0
10-09 17:02:35.784  4304  4484 D MiuiFreeformModeController: avoidForInsetsBottomChangedIfNeed oldMoveableBottom: 2270 newMoveableBounds: 2270
10-09 17:02:35.784  4304  4484 D ImePositionProcessor: onImeVisibilityChanged     isShowing:  false
10-09 17:02:35.789  2042  2693 I WindowManager: input method visible height changed 0
10-09 17:02:35.790  2042  3126 I ITouchFeature: current device and process support version:2
10-09 17:02:35.790  4304  4484 D MiuiFreeformModeController: onImeVisibilityChanged imeVisible: false imeHeight: 0 adjustedForRotation:false
10-09 17:02:35.790  4304  4484 D MiuiFreeformModeAvoidAlgorithm: begin autoOrderingAvoidMiniTask
10-09 17:02:35.790  4304  4484 D MiuiFreeformModeAvoidAlgorithm: getCurrMiniPos: SameSideMiniPosList: []
10-09 17:02:35.790  4304  4484 D MiuiFreeformModeAvoidAlgorithm: getCurrMiniPos: SameSideMiniPosList: []
10-09 17:02:35.790  4304  4484 D MiuiFreeformModeAvoidAlgorithm: end autoOrderingAvoidMiniTask res:AvoidResult{distance=0, combination={}, activeTaskPos=Rect(0, 0 - 0, 0)}
10-09 17:02:35.801  2042  4772 D CoreBackPreview: Window{13dfb59 u0 com.android.chrome/org.chromium.chrome.browser.ChromeTabbedActivity}: Setting back callback OnBackInvokedCallbackInfo{mCallback=android.window.IOnBackInvokedCallback$Stub$Proxy@b22e3c8, mPriority=0, mIsAnimationCallback=true}
10-09 17:02:35.829  2042  6879 W MIUIInput: Input event injection from package: null action ACTION_DOWN
10-09 17:02:35.830  2042  3516 I ProcessManager: getRenderThreadTidByPid, caller=2042
10-09 17:02:35.834  2042  3516 I ProcessManager: getRenderThreadTidByPid, caller=2042
10-09 17:02:35.934  2042  7000 W MIUIInput: Input event injection from package: null action ACTION_UP
10-09 17:02:35.937  4304  4304 D ArtChoreographerMonitor: invoke error.
10-09 17:02:36.311  2042  7000 I SmartPower: com.google.android.inputmethod.latin/10176(6431): visible->invisible(2194ms) R(become invisible) adj=100.
10-09 17:02:36.311  2042  7000 I SmartPower: com.google.android.inputmethod.latin/10176(6431): invisible->background(1ms) R(become background) adj=100.
10-09 17:02:36.313  4304  4484 D MiuiFreeformModeController: avoidForInsetsBottomChangedIfNeed oldMoveableBottom: 2270 newMoveableBounds: 2270
10-09 17:02:36.319  4304  4484 D MiuiFreeformModeController: avoidForInsetsBottomChangedIfNeed oldMoveableBottom: 2270 newMoveableBounds: 2270
10-09 17:02:36.538  2183  2183 I wificond: station_bandwidth: P
10-09 17:02:37.490  2042  7043 W MIUIInput: Input event injection from package: null action ACTION_DOWN
10-09 17:02:37.491  2042  3516 I ProcessManager: getRenderThreadTidByPid, caller=2042
10-09 17:02:37.494  2042  7043 W MIUIInput: Input event injection from package: null action ACTION_UP
10-09 17:02:37.505  2042  7000 I InputMethodManagerService: IMMS.showSoftInput(), client = com.android.internal.inputmethod.IInputMethodClient$Stub$Proxy@69dade3
10-09 17:02:37.505  2042  7000 I InputMethodManagerService: IMMS.showCurrentInputLocked(), flags = 0
10-09 17:02:37.506  2042  7000 D SmartPower: com.google.android.inputmethod.latin/10176(6431): show input method
10-09 17:02:37.506  2042  7000 I SmartPower: com.google.android.inputmethod.latin/10176(6431): background->visible(1194ms) R(show input method) adj=100.
10-09 17:02:37.506  2042  7000 I DefaultImeVisibilityApplier: IMMS.showCurrentInputLocked request ims to show inputMethod.
10-09 17:02:37.506  2042  6878 W PackageConfigPersister: App-specific configuration not found for packageName: com.android.chrome and userId: 0
10-09 17:02:37.545  2042  6878 I InputMethodManagerService: IMMS.showSoftInput(), client = com.android.internal.inputmethod.IInputMethodClient$Stub$Proxy@4c8f699
10-09 17:02:37.545  2042  6878 I InputMethodManagerService: IMMS.showCurrentInputLocked(), flags = 0
10-09 17:02:37.545  2042  6878 D SmartPower: com.google.android.inputmethod.latin/10176(6431): show input method
10-09 17:02:37.545  2042  6878 I DefaultImeVisibilityApplier: IMMS.showCurrentInputLocked request ims to show inputMethod.
10-09 17:02:37.556  2042  7043 I InputMethodManagerService: IMMS.showSoftInput(), client = com.android.internal.inputmethod.IInputMethodClient$Stub$Proxy@d73453f
10-09 17:02:37.556  2042  7043 I InputMethodManagerService: IMMS.showCurrentInputLocked(), flags = 0
10-09 17:02:37.556  2042  7043 D SmartPower: com.google.android.inputmethod.latin/10176(6431): show input method
10-09 17:02:37.556  2042  7043 I DefaultImeVisibilityApplier: IMMS.showCurrentInputLocked request ims to show inputMethod.
10-09 17:02:37.559  2042  4772 I InputMethodManagerService: IMMS.applyImeVisibility(), setVisible = true, mCurclient = ClientState{c28f9c5 mUid=10172 mPid=25786 mSelfReportedDisplayId=0}
10-09 17:02:37.559  2042  6878 D ActivityManager: checkAllowBackground: uid=10163 pkg=com.google.android.gms rec=UidRecord{3efeecd u0a163 BTOP change:procadj procs:0 seq(911182,425084)} caps=LCMNFU always=false idle=false
10-09 17:02:37.559  2042  4772 I WindowManager: WMS.showImePostLayout(), imeTarget = Window{13dfb59 u0 com.android.chrome/org.chromium.chrome.browser.ChromeTabbedActivity}
10-09 17:02:37.570  4304  4484 D MiuiFreeformModeController: avoidForInsetsBottomChangedIfNeed oldMoveableBottom: 2270 newMoveableBounds: 2270
10-09 17:02:37.573  2042  7043 D CoreBackPreview: Window{13dfb59 u0 com.android.chrome/org.chromium.chrome.browser.ChromeTabbedActivity}: Setting back callback OnBackInvokedCallbackInfo{mCallback=android.window.IOnBackInvokedCallback$Stub$Proxy@be0f65b, mPriority=0, mIsAnimationCallback=false}
10-09 17:02:37.576  2042  6879 D ActivityManager: checkAllowBackground: uid=10163 pkg=com.google.android.gms rec=UidRecord{3efeecd u0a163 BTOP change:procadj procs:0 seq(911186,425084)} caps=LCMNFU always=false idle=false
10-09 17:02:37.583  4304  4484 D MiuiFreeformModeController: avoidForInsetsBottomChangedIfNeed oldMoveableBottom: 2270 newMoveableBounds: 2270
10-09 17:02:37.593  2042  7043 D WindowManager: wms.finishDrawingLocked: mDrawState=COMMIT_DRAW_PENDING Window{49d5fba u0 InputMethod} in Surface(name=InputMethod#11113)/@0xfa96355
10-09 17:02:37.596  2042  2693 I ImeInsetsSourceProvider: ImeInsetsSourceProvider.scheduleShowImePostLayout() Run showImeRunner.
10-09 17:02:37.596  2042  2693 I ImeInsetsSourceProvider: ImeInsetsSourceProvider.scheduleShowImePostLayout() isReadyToShowIme.
10-09 17:02:37.596  2042  4772 I InputMethodManagerService: IMMS.applyImeVisibility(), setVisible = true, mCurclient = ClientState{c28f9c5 mUid=10172 mPid=25786 mSelfReportedDisplayId=0}
10-09 17:02:37.598  2042  4772 I WindowManager: WMS.showImePostLayout(), imeTarget = Window{13dfb59 u0 com.android.chrome/org.chromium.chrome.browser.ChromeTabbedActivity}
10-09 17:02:37.602  2042  2693 I ImeInsetsSourceProvider: ImeInsetsSourceProvider.scheduleShowImePostLayout() Run showImeRunner.
10-09 17:02:37.602  2042  2693 I ImeInsetsSourceProvider: ImeInsetsSourceProvider.scheduleShowImePostLayout() isReadyToShowIme.
10-09 17:02:37.607  4304  4484 D MiuiFreeformModeController: avoidForInsetsBottomChangedIfNeed oldMoveableBottom: 2270 newMoveableBounds: 2270
10-09 17:02:37.608  4304  4484 D ImePositionProcessor: onImeVisibilityChanged     isShowing:  true
10-09 17:02:37.609  2042  6998 I WindowManager: cancelAnimation removed leash : Surface(name=Surface(name=d968687 NavigationBar0#90)/@0x2f479dd - animation-leash of insets_animation#11112)/@0x3dc1c6b
10-09 17:02:37.611  2042  4772 I InputMethodManagerService: IMMS.applyImeVisibility(), setVisible = true, mCurclient = ClientState{c28f9c5 mUid=10172 mPid=25786 mSelfReportedDisplayId=0}
10-09 17:02:37.612  2042  2693 I WindowManager: input method visible height changed 701
10-09 17:02:37.612  2042  3126 I ITouchFeature: current device and process support version:2
10-09 17:02:37.613  2042  2693 I WindowManager: wms.showSurfaceRobustly mWin:Window{49d5fba u0 InputMethod}
10-09 17:02:37.614  4304  4484 D MiuiFreeformModeController: onImeVisibilityChanged imeVisible: true imeHeight: 701 adjustedForRotation:false
10-09 17:02:37.614  4304  4484 D MiuiFreeformModeAvoidAlgorithm: begin autoOrderingAvoidMiniTask
10-09 17:02:37.614  4304  4484 D MiuiFreeformModeAvoidAlgorithm: getCurrMiniPos: SameSideMiniPosList: []
10-09 17:02:37.614  4304  4484 D MiuiFreeformModeAvoidAlgorithm: getCurrMiniPos: SameSideMiniPosList: []
10-09 17:02:37.615  4304  4484 D MiuiFreeformModeAvoidAlgorithm: end autoOrderingAvoidMiniTask res:AvoidResult{distance=0, combination={}, activeTaskPos=Rect(0, 0 - 0, 0)}
10-09 17:02:37.623  2042  4772 I WindowManager: WMS.showImePostLayout(), imeTarget = Window{13dfb59 u0 com.android.chrome/org.chromium.chrome.browser.ChromeTabbedActivity}
10-09 17:02:37.625  2042  2693 I ImeInsetsSourceProvider: ImeInsetsSourceProvider.scheduleShowImePostLayout() Run showImeRunner.
10-09 17:02:37.625  2042  2693 I ImeInsetsSourceProvider: ImeInsetsSourceProvider.scheduleShowImePostLayout() isReadyToShowIme.
10-09 17:02:37.629  4304  4304 D ArtChoreographerMonitor: invoke error.
10-09 17:02:37.631  4304  4484 D OneHandedController: stopOneHanded state is 0
10-09 17:02:37.632  4304  4484 D OneHandedController: stopOneHanded state is 0
10-09 17:02:37.804  4304  4304 D ArtChoreographerMonitor: invoke error.
10-09 17:02:38.373  2042  6878 D WindowManagerService: checkFlipFullScreenChange is same, nowIsFullScreen = false
10-09 17:02:38.396  2042  6878 D WindowManagerService: checkFlipFullScreenChange is same, nowIsFullScreen = false
10-09 17:02:38.443  2042  4772 W MIUIInput: Input event injection from package: null action ACTION_DOWN keycode 66
10-09 17:02:38.443  2042  4772 W MiuiInputKeyEventLog: keyCode:66 down:true eventTime:47167700 downTime:47167700 policyFlags:2b000000 flags:0 metaState:0 deviceId:-1 isScreenOn:true keyguardActive:false repeatCount:0
10-09 17:02:38.449  2042  4772 W MIUIInput: Input event injection from package: null action ACTION_UP keycode 66
10-09 17:02:38.449  2042  4772 W MiuiInputKeyEventLog: keyCode:66 down:false eventTime:47167700 downTime:47167700 policyFlags:2b000000 flags:0 metaState:0 deviceId:-1 isScreenOn:true keyguardActive:false repeatCount:0
10-09 17:02:38.458  2042  6878 D ActivityManager: checkAllowBackground: uid=10163 pkg=com.google.android.gms rec=UidRecord{3efeecd u0a163 BTOP change:procadj procs:0 seq(911190,425084)} caps=LCMNFU always=false idle=false
10-09 17:02:38.468  2042  6999 D ActivityManager: checkAllowBackground: uid=10163 pkg=com.google.android.gms rec=UidRecord{3efeecd u0a163 BTOP change:procadj procs:0 seq(911194,425084)} caps=LCMNFU always=false idle=false
10-09 17:02:38.476  2042  6999 D ActivityManager: checkAllowBackground: uid=10163 pkg=com.google.android.gms rec=UidRecord{3efeecd u0a163 BTOP change:procadj procs:0 seq(911198,425084)} caps=LCMNFU always=false idle=false
10-09 17:02:38.618  2042  4772 I InputMethodManagerService: IMMS.applyImeVisibility(), setVisible = false, mCurclient = ClientState{c28f9c5 mUid=10172 mPid=25786 mSelfReportedDisplayId=0}
10-09 17:02:38.619  4304  4304 D ArtChoreographerMonitor: invoke error.
10-09 17:02:38.624  2042  7043 D SchedBoost: com.android.chrome:sandboxed_process0:org.chromium.content.app.SandboxedProcessService0:10 boosting, skip reset priority
10-09 17:02:38.625  2042  6879 W PackageConfigPersister: App-specific configuration not found for packageName: com.android.chrome and userId: 0
10-09 17:02:38.646  4304  4484 D MiuiFreeformModeController: avoidForInsetsBottomChangedIfNeed oldMoveableBottom: 2270 newMoveableBounds: 2270
10-09 17:02:38.646  4304  4484 D ImePositionProcessor: onImeVisibilityChanged     isShowing:  false
10-09 17:02:38.648  4304  4484 D MiuiFreeformModeController: onImeVisibilityChanged imeVisible: false imeHeight: 0 adjustedForRotation:false
10-09 17:02:38.648  4304  4484 D MiuiFreeformModeAvoidAlgorithm: begin autoOrderingAvoidMiniTask
10-09 17:02:38.648  4304  4484 D MiuiFreeformModeAvoidAlgorithm: getCurrMiniPos: SameSideMiniPosList: []
10-09 17:02:38.648  4304  4484 D MiuiFreeformModeAvoidAlgorithm: getCurrMiniPos: SameSideMiniPosList: []
10-09 17:02:38.648  4304  4484 D MiuiFreeformModeAvoidAlgorithm: end autoOrderingAvoidMiniTask res:AvoidResult{distance=0, combination={}, activeTaskPos=Rect(0, 0 - 0, 0)}
10-09 17:02:38.648  2042  2692 I WindowManager: input method visible height changed 0
10-09 17:02:38.648  2042  3126 I ITouchFeature: current device and process support version:2
10-09 17:02:38.650  2042  6879 D CoreBackPreview: Window{13dfb59 u0 com.android.chrome/org.chromium.chrome.browser.ChromeTabbedActivity}: Setting back callback OnBackInvokedCallbackInfo{mCallback=android.window.IOnBackInvokedCallback$Stub$Proxy@2148510, mPriority=0, mIsAnimationCallback=true}
10-09 17:02:38.793  4304  4304 D ArtChoreographerMonitor: invoke error.
10-09 17:02:39.168  2042  7043 I SmartPower: com.google.android.inputmethod.latin/10176(6431): visible->invisible(1662ms) R(become invisible) adj=100.
10-09 17:02:39.168  2042  7043 I SmartPower: com.google.android.inputmethod.latin/10176(6431): invisible->background(0ms) R(become background) adj=100.
10-09 17:02:39.170  4304  4484 D MiuiFreeformModeController: avoidForInsetsBottomChangedIfNeed oldMoveableBottom: 2270 newMoveableBounds: 2270
10-09 17:02:39.176  4304  4484 D MiuiFreeformModeController: avoidForInsetsBottomChangedIfNeed oldMoveableBottom: 2270 newMoveableBounds: 2270
10-09 17:02:39.546  2183  2183 I wificond: station_bandwidth: P
10-09 17:02:39.548  4304  4304 D ArtChoreographerMonitor: invoke error.
10-09 17:02:39.562  2042  7043 W MIUIInput: Input event injection from package: null action ACTION_DOWN
10-09 17:02:39.564  2042  3516 I ProcessManager: getRenderThreadTidByPid, caller=2042
10-09 17:02:39.567  2042  3516 I ProcessManager: getRenderThreadTidByPid, caller=2042
10-09 17:02:39.653  2042  7043 W MIUIInput: Input event injection from package: null action ACTION_UP
10-09 17:02:39.717  4304  4304 D ArtChoreographerMonitor: invoke error.
10-09 17:02:40.507  2042  6998 W MIUIInput: Input event injection from package: null action ACTION_DOWN
10-09 17:02:40.507  2042  3516 I ProcessManager: getRenderThreadTidByPid, caller=2042
10-09 17:02:40.511  2042  3516 I ProcessManager: getRenderThreadTidByPid, caller=2042
10-09 17:02:40.593  2042  6998 W MIUIInput: Input event injection from package: null action ACTION_UP
10-09 17:02:41.442  2042  6998 W MIUIInput: Input event injection from package: null action ACTION_DOWN
10-09 17:02:41.443  2042  3516 I ProcessManager: getRenderThreadTidByPid, caller=2042
10-09 17:02:41.446  2042  3516 I ProcessManager: getRenderThreadTidByPid, caller=2042
10-09 17:02:41.530  2042  6998 W MIUIInput: Input event injection from package: null action ACTION_UP
10-09 17:02:42.168  2042  3524 I SmartPower: com.google.android.inputmethod.latin/10176(6431): background->idle(3001ms) R(become invisible) adj=100.
10-09 17:02:42.385  2042  7043 W MIUIInput: Input event injection from package: null action ACTION_DOWN
10-09 17:02:42.386  2042  3516 I ProcessManager: getRenderThreadTidByPid, caller=2042
10-09 17:02:42.389  2042  3516 I ProcessManager: getRenderThreadTidByPid, caller=2042
10-09 17:02:42.474  2042  7043 W MIUIInput: Input event injection from package: null action ACTION_UP
10-09 17:02:42.553  2183  2183 I wificond: station_bandwidth: P
10-09 17:02:42.555  4304  4304 D ArtChoreographerMonitor: invoke error.
10-09 17:02:42.583  2042  2702 D HeapUsage Monitor: HeapAllocSize : 97MB; monitorSize : 500MB
10-09 17:02:42.724  4304  4304 D ArtChoreographerMonitor: invoke error.
10-09 17:02:43.321  2042  4772 W MIUIInput: Input event injection from package: null action ACTION_DOWN
10-09 17:02:43.322  2042  3516 I ProcessManager: getRenderThreadTidByPid, caller=2042
10-09 17:02:43.326  2042  3516 I ProcessManager: getRenderThreadTidByPid, caller=2042
10-09 17:02:43.408  2042  4772 W MIUIInput: Input event injection from package: null action ACTION_UP
10-09 17:02:44.257  2042  4772 W MIUIInput: Input event injection from package: null action ACTION_DOWN
10-09 17:02:44.258  2042  3516 I ProcessManager: getRenderThreadTidByPid, caller=2042
10-09 17:02:44.261  2042  3516 I ProcessManager: getRenderThreadTidByPid, caller=2042
10-09 17:02:44.343  2042  4772 W MIUIInput: Input event injection from package: null action ACTION_UP
10-09 17:02:45.242  2042  4772 W MIUIInput: Input event injection from package: null action ACTION_DOWN
10-09 17:02:45.243  2042  3516 I ProcessManager: getRenderThreadTidByPid, caller=2042
10-09 17:02:45.245  2042  7043 W MIUIInput: Input event injection from package: null action ACTION_UP
10-09 17:02:45.257  2042  6999 D ActivityManager: checkAllowBackground: uid=10163 pkg=com.google.android.gms rec=UidRecord{3efeecd u0a163 BTOP change:procadj procs:0 seq(911202,425084)} caps=LCMNFU always=false idle=false
10-09 17:02:45.267  2042  6999 D ActivityManager: checkAllowBackground: uid=10163 pkg=com.google.android.gms rec=UidRecord{3efeecd u0a163 BTOP change:procadj procs:0 seq(911210,425084)} caps=LCMNFU always=false idle=false
10-09 17:02:45.278  2042  6999 D ActivityManager: checkAllowBackground: uid=10163 pkg=com.google.android.gms rec=UidRecord{3efeecd u0a163 BTOP change:procadj procs:0 seq(911214,425084)} caps=LCMNFU always=false idle=false
10-09 17:02:45.283  2042  6999 D ActivityManager: checkAllowBackground: uid=10163 pkg=com.google.android.gms rec=UidRecord{3efeecd u0a163 BTOP change:procadj procs:0 seq(911218,425084)} caps=LCMNFU always=false idle=false
10-09 17:02:45.384  2042  7043 D ActivityManager: checkAllowBackground: uid=10163 pkg=com.google.android.gms rec=UidRecord{3efeecd u0a163 BTOP change:procadj procs:0 seq(911222,425084)} caps=LCMNFU always=false idle=false
10-09 17:02:45.392  2042  6999 D ActivityManager: checkAllowBackground: uid=10163 pkg=com.google.android.gms rec=UidRecord{3efeecd u0a163 BTOP change:procadj procs:0 seq(911226,425084)} caps=LCMNFU always=false idle=false
10-09 17:02:45.495  2042  6999 D CompatibilityChangeReporter: Compat change id reported: 265464455; UID 10030; state: DISABLED
10-09 17:02:45.495  2042  6999 D CompatibilityChangeReporter: Compat change id reported: 265452344; UID 10030; state: DISABLED
10-09 17:02:45.495  2042  6999 D CompatibilityChangeReporter: Compat change id reported: 266124927; UID 10030; state: DISABLED
10-09 17:02:45.495  2042  6999 D CompatibilityChangeReporter: Compat change id reported: 265451093; UID 10030; state: DISABLED
10-09 17:02:45.495  2042  6999 D CompatibilityChangeReporter: Compat change id reported: 265456536; UID 10030; state: DISABLED
10-09 17:02:45.495  2042  6999 D CompatibilityChangeReporter: Compat change id reported: 255940284; UID 10030; state: DISABLED
10-09 17:02:45.495  2042  6999 D CompatibilityChangeReporter: Compat change id reported: 236283604; UID 10030; state: DISABLED
10-09 17:02:45.495  2042  6999 D CompatibilityChangeReporter: Compat change id reported: 263959004; UID 10030; state: DISABLED
10-09 17:02:45.495  2042  6999 D CompatibilityChangeReporter: Compat change id reported: 264304459; UID 10030; state: DISABLED
10-09 17:02:45.495  2042  6999 D CompatibilityChangeReporter: Compat change id reported: 264301586; UID 10030; state: DISABLED
10-09 17:02:45.496  2042  6999 D CompatibilityChangeReporter: Compat change id reported: 254631730; UID 10030; state: DISABLED
10-09 17:02:45.496  2042  6999 D CompatibilityChangeReporter: Compat change id reported: 273509367; UID 10030; state: DISABLED
10-09 17:02:45.496  2042  6999 D CompatibilityChangeReporter: Compat change id reported: 263259275; UID 10030; state: DISABLED
10-09 17:02:45.496  2042  6999 D CompatibilityChangeReporter: Compat change id reported: 174042980; UID 10030; state: DISABLED
10-09 17:02:45.496  2042  6999 D CompatibilityChangeReporter: Compat change id reported: 174042936; UID 10030; state: DISABLED
10-09 17:02:45.496  2042  6999 D CompatibilityChangeReporter: Compat change id reported: 181136395; UID 10030; state: DISABLED
10-09 17:02:45.497  2042  6999 D CompatibilityChangeReporter: Compat change id reported: 194480991; UID 10030; state: ENABLED
10-09 17:02:45.498  2042  6999 I SmartPower: eu.europa.ec.euidi/10030(6347): idle->invisible(16410ms) R(become foreground) adj=700.
10-09 17:02:45.498  2042  6999 D WindowManager: Collecting in transition 514: ActivityRecord{7530317 u0 eu.europa.ec.euidi/eu.europa.ec.assemblylogic.ui.MainActivity init visibleRequested:false
10-09 17:02:45.499  2042  6999 D MiuiFreeFormManagerService: activeOrFullscreenFreeformTaskIfNeed startDefaultAr:false
10-09 17:02:45.500  2042  6999 D MiuiFreeFormManagerService: onStartActivityInner as = Task{824377 #6587 type=standard A=10030:eu.europa.ec.euidi} op = null
10-09 17:02:45.502  2042  6999 D WindowManagerService: checkFlipFullScreenChange is same, nowIsFullScreen = false
10-09 17:02:45.502  2042  6999 D WindowManager: wms.Input focus has changed to null display=0 updateInputWindows = true
10-09 17:02:45.502  2042  6999 I MultiSenceManagerInternalStub: getInstance
10-09 17:02:45.503  2042  6999 D WindowManager: setLockTaskAuth: task=Task{824377 #6587 type=standard A=10030:eu.europa.ec.euidi} mLockTaskAuth=LOCK_TASK_AUTH_PINNABLE
10-09 17:02:45.506  2042  6999 D WindowManager: Collecting in transition 514: ActivityRecord{7530317 u0 eu.europa.ec.euidi/eu.europa.ec.assemblylogic.ui.MainActivity t-1} init visibleRequested:false
10-09 17:02:45.506  2042  6999 D WindowManager: Requesting StartTransition: TransitionRecord{4138304 id=514 type=OPEN flags=0x0}
10-09 17:02:45.507  2042  6999 D CompatibilityChangeReporter: Compat change id reported: 194833441; UID 10030; state: ENABLED
10-09 17:02:45.507  2042  6999 I ActivityTaskManager: START u0 {act=android.intent.action.VIEW cat=[android.intent.category.BROWSABLE] dat=eu.europa.ec.euidi://authorization/... flg=0x14000000 cmp=eu.europa.ec.euidi/eu.europa.ec.assemblylogic.ui.MainActivity (has extras)} with LAUNCH_SINGLE_TASK from uid 10172 from pid 25786 callingPackage com.android.chrome (BAL_ALLOW_VISIBLE_WINDOW) result code=2
10-09 17:02:45.515  4304  4484 I SoScUtils: monitorTransitionRequest mRequestOpenTransition:null mRequestOpenTriggerTask:-1 mRequestCloseTransition:null mRequestCloseTriggerTask:-1 mRequestCloseStageType:-1
10-09 17:02:45.516  2042  6999 D WindowManager: Set transition=TransitionRecord{4138304 id=514 type=OPEN flags=0x0}, ready=false, SyncId=514 used=true, override=false, defer=0, states=Display{#0 state=ON size=1080x2400 ROTATION_0}:false
10-09 17:02:45.517  4304  4484 D OneHandedController: stopOneHanded state is 0
10-09 17:02:45.517  4304  4484 D MiuiFullScreenTaskRepository: removeFocusedTask displayId=0
10-09 17:02:45.517  4304  4484 D MiuiFullScreenTaskRepository: addOrUpdateFullScreenTaskInfo taskId=6565, topActivity=ComponentInfo{com.android.chrome/org.chromium.chrome.browser.ChromeTabbedActivity}
10-09 17:02:45.518  4304  4484 D MiuiFullScreenTaskRepository: setFocusedTask taskId=6587, displayId=0, topActivity=ComponentInfo{eu.europa.ec.euidi/eu.europa.ec.assemblylogic.ui.MainActivity}
10-09 17:02:45.518  4304  4484 D MiuiFullScreenTaskRepository: addOrUpdateFullScreenTaskInfo taskId=6587, topActivity=ComponentInfo{eu.europa.ec.euidi/eu.europa.ec.assemblylogic.ui.MainActivity}
10-09 17:02:45.518  4304  4484 D MiuiFreeformModeController: onFocusTaskChanged taskInfo: TaskInfo{userId=0 taskId=6587 displayId=0 isRunning=true baseIntent=Intent { act=android.intent.action.MAIN cat=[android.intent.category.LAUNCHER] flg=0x10200000 cmp=eu.europa.ec.euidi/eu.europa.ec.assemblylogic.ui.MainActivity } baseActivity=ComponentInfo{eu.europa.ec.euidi/eu.europa.ec.assemblylogic.ui.MainActivity} topActivity=ComponentInfo{eu.europa.ec.euidi/eu.europa.ec.assemblylogic.ui.MainActivity} origActivity=null realActivity=ComponentInfo{eu.europa.ec.euidi/eu.europa.ec.assemblylogic.ui.MainActivity} numActivities=1 lastActiveTime=263858143 supportsSplitScreenMultiWindow=true supportsMultiWindow=true resizeMode=1 isResizeable=true minWidth=-1 minHeight=-1 defaultMinSize=200 token=WCT{android.window.IWindowContainerToken$Stub$Proxy@6bda0ff} topActivityType=1 pictureInPictureParams=null shouldDockBigOverlays=false launchIntoPipHostTaskId=-1 lastParentTaskIdBeforePip=-1 displayCutoutSafeInsets=Rect(0, 94 - 0, 0) topActivityInfo=ActivityInfo{a056ecc eu.europa.ec.assemblylogic.ui.MainActivity} launchCookies=[] positionInParent=Point(0, 0) parentTaskId=-1 isFocused=true isVisible=false isVisibleRequested=false isSleeping=false topActivityInSizeCompat=false topActivityInMiuiSizeCompat=false topActivityEligibleForLetterboxEducation= false topActivityLetterboxed= false isFromDoubleTap= false topActivityLetterboxVerticalPosition= -1 topActivityLetterboxHorizontalPosition= -1 topActivityLetterboxWidth=-1 topActivityLetterboxHeight=-1 locusId=null displayAreaFeatureId=1 cameraCompatControlState=hidden mIsCastMode=false mTopActivityMediaSize=null mTopActivityRecordName=ActivityRecord{6150c11 u0 eu.europa.ec.euidi/eu.europa.ec.assemblylogic.ui.MainActivity t6587} mTopActivityOrientation=-2 mTopActivityWindowIsNowVisible=false isTranslucent=true isEmbedded=false shouldBeVisible=true isImmersive=false mBehindAppLockPkg=null mOriginatingUid=0}
10-09 17:02:45.518  4304  4484 D MiuiDesktopModeController: onFocusTaskChanged newFocus: TaskInfo{userId=0 taskId=6587 displayId=0 isRunning=true baseIntent=Intent { act=android.intent.action.MAIN cat=[android.intent.category.LAUNCHER] flg=0x10200000 cmp=eu.europa.ec.euidi/eu.europa.ec.assemblylogic.ui.MainActivity } baseActivity=ComponentInfo{eu.europa.ec.euidi/eu.europa.ec.assemblylogic.ui.MainActivity} topActivity=ComponentInfo{eu.europa.ec.euidi/eu.europa.ec.assemblylogic.ui.MainActivity} origActivity=null realActivity=ComponentInfo{eu.europa.ec.euidi/eu.europa.ec.assemblylogic.ui.MainActivity} numActivities=1 lastActiveTime=263858143 supportsSplitScreenMultiWindow=true supportsMultiWindow=true resizeMode=1 isResizeable=true minWidth=-1 minHeight=-1 defaultMinSize=200 token=WCT{android.window.IWindowContainerToken$Stub$Proxy@6bda0ff} topActivityType=1 pictureInPictureParams=null shouldDockBigOverlays=false launchIntoPipHostTaskId=-1 lastParentTaskIdBeforePip=-1 displayCutoutSafeInsets=Rect(0, 94 - 0, 0) topActivityInfo=ActivityInfo{a056ecc eu.europa.ec.assemblylogic.ui.MainActivity} launchCookies=[] positionInParent=Point(0, 0) parentTaskId=-1 isFocused=true isVisible=false isVisibleRequested=false isSleeping=false topActivityInSizeCompat=false topActivityInMiuiSizeCompat=false topActivityEligibleForLetterboxEducation= false topActivityLetterboxed= false isFromDoubleTap= false topActivityLetterboxVerticalPosition= -1 topActivityLetterboxHorizontalPosition= -1 topActivityLetterboxWidth=-1 topActivityLetterboxHeight=-1 locusId=null displayAreaFeatureId=1 cameraCompatControlState=hidden mIsCastMode=false mTopActivityMediaSize=null mTopActivityRecordName=ActivityRecord{6150c11 u0 eu.europa.ec.euidi/eu.europa.ec.assemblylogic.ui.MainActivity t6587} mTopActivityOrientation=-2 mTopActivityWindowIsNowVisible=false isTranslucent=true isEmbedded=false shouldBeVisible=true isImmersive=false mBehindAppLockPkg=null mOriginatingUid=0}
10-09 17:02:45.519  4304  4484 D WindowManagerShell: onActivityRestartAttempt: ComponentInfo{eu.europa.ec.euidi/eu.europa.ec.assemblylogic.ui.MainActivity}
10-09 17:02:45.533  2042  6998 D WindowManager: Collecting in transition 514: ActivityRecord{6150c11 u0 eu.europa.ec.euidi/eu.europa.ec.assemblylogic.ui.MainActivity t6587} init visibleRequested:false
10-09 17:02:45.533  2042  6998 E Transition: Trying to add a ready-group twice: Display{#0 state=ON size=1080x2400 ROTATION_0}
10-09 17:02:45.534  2042  6998 D WindowManagerService: checkFlipFullScreenChange is same, nowIsFullScreen = false
10-09 17:02:45.535  2042  6998 D WindowManager: Collecting in transition 514: ActivityRecord{f2f67ae u0 com.android.chrome/org.chromium.chrome.browser.ChromeTabbedActivity t6565} init visibleRequested:true
10-09 17:02:45.540  2042  7043 W AutofillManagerServiceImpl: getFillEventHistory() called by UID 10273, but service UID is 10163
10-09 17:02:45.540  2042  6998 D WindowManager: Collecting in transition 514: ActivityRecord{6150c11 u0 eu.europa.ec.euidi/eu.europa.ec.assemblylogic.ui.MainActivity t6587} init visibleRequested:true
10-09 17:02:45.541  4304  4484 D MiuiFullScreenTaskRepository: setFocusedTask taskId=6587, displayId=0, topActivity=ComponentInfo{eu.europa.ec.euidi/eu.europa.ec.assemblylogic.ui.MainActivity}
10-09 17:02:45.541  4304  4484 D MiuiFullScreenTaskRepository: addOrUpdateFullScreenTaskInfo taskId=6587, topActivity=ComponentInfo{eu.europa.ec.euidi/eu.europa.ec.assemblylogic.ui.MainActivity}
10-09 17:02:45.541  2042  6998 D WindowManager: Set transition=TransitionRecord{4138304 id=514 type=OPEN flags=0x0}, ready=true, SyncId=514 
10-09 17:02:45.546  2042  6998 I BLASTSyncEngine: SyncGroup 514:  Unfinished container:ActivityRecord{6150c11 u0 eu.europa.ec.euidi/eu.europa.ec.assemblylogic.ui.MainActivity t6587}
10-09 17:02:45.546  2042  6998 I BLASTSyncEngine: isActivitySyncFinished isSyncFinished false ActivityRecord{6150c11 u0 eu.europa.ec.euidi/eu.europa.ec.assemblylogic.ui.MainActivity t6587}
10-09 17:02:45.550  2042  2690 D Aurogon :  uid = 10030 switch to FG
10-09 17:02:45.569  2183  2183 I wificond: station_bandwidth: P
10-09 17:02:45.571  4304  4304 D ArtChoreographerMonitor: invoke error.
10-09 17:02:45.579  4304  5037 D MiuiFreeformModeObserver: activityResumed() intent： Intent { cmp=eu.europa.ec.euidi/eu.europa.ec.assemblylogic.ui.MainActivity (has extras) }
10-09 17:02:45.586  2042  6879 I BLASTSyncEngine: SyncGroup 514:  Unfinished container:ActivityRecord{6150c11 u0 eu.europa.ec.euidi/eu.europa.ec.assemblylogic.ui.MainActivity t6587}
10-09 17:02:45.586  2042  6879 I BLASTSyncEngine: isActivitySyncFinished isSyncFinished false ActivityRecord{6150c11 u0 eu.europa.ec.euidi/eu.europa.ec.assemblylogic.ui.MainActivity t6587}
10-09 17:02:45.587  2042  6879 I WindowManager: cancelAnimation removed leash : Surface(name=Surface(name=704023a StatusBar#94)/@0xa8be448 - animation-leash of insets_animation#11108)/@0x6842580
10-09 17:02:45.590  2042  6879 I WindowManager: cancelAnimation removed leash : Surface(name=Surface(name=d968687 NavigationBar0#90)/@0x2f479dd - animation-leash of insets_animation#11114)/@0xd45d5d3
10-09 17:02:45.593  2042  6879 D WindowManager: wms.Input focus has changed to Window{fee273f u0 eu.europa.ec.euidi/eu.europa.ec.assemblylogic.ui.MainActivity} display=0 updateInputWindows = true
10-09 17:02:45.593  2042  6879 I MultiSenceManagerInternalStub: getInstance
10-09 17:02:45.621  2042  6879 D WindowManager: wms.finishDrawingLocked: mDrawState=COMMIT_DRAW_PENDING Window{fee273f u0 eu.europa.ec.euidi/eu.europa.ec.assemblylogic.ui.MainActivity} in Surface(name=eu.europa.ec.euidi/eu.europa.ec.assemblylogic.ui.MainActivity#11115)/@0x3c7cb70
10-09 17:02:45.623  2042  2693 I SmartPower: eu.europa.ec.euidi/10030(6347): invisible->visible(125ms) R(become visible) adj=0.
10-09 17:02:45.624  2042  2693 I WindowManager: wms.showSurfaceRobustly mWin:Window{fee273f u0 eu.europa.ec.euidi/eu.europa.ec.assemblylogic.ui.MainActivity}
10-09 17:02:45.624  2042  2693 D WindowManager: Final targets: [Task{824377 #6587 type=standard A=10030:eu.europa.ec.euidi}, Task{ac848dc #6565 type=standard A=10172:com.android.chrome}]
10-09 17:02:45.653  2042  2693 D WindowManager: Calling onTransitionReady info={id=514 t=OPEN f=0x0 trk=0 r=[0@Point(0, 0)] c=[{WCT{RemoteToken{251eebd Task{824377 #6587 type=standard A=10030:eu.europa.ec.euidi}}} m=TO_FRONT f=MOVE_TO_TOP leash=Surface(name=Task=6587#11043)/@0x6c98176 sb=Rect(0, 0 - 1080, 2400) eb=Rect(0, 0 - 1080, 2400) d=0},{WCT{RemoteToken{be892c5 Task{ac848dc #6565 type=standard A=10172:com.android.chrome}}} m=TO_BACK f=NONE leash=Surface(name=Task=6565#9987)/@0x75a594f sb=Rect(0, 0 - 1080, 2400) eb=Rect(0, 0 - 1080, 2400) d=0}] noAni=[false] df=[false] mk=[true] nc=[0]}, mToken=Token{3b97646 TransitionRecord{4138304 id=514 type=OPEN flags=0x0}}
10-09 17:02:45.654  2042  2693 I BLASTSyncEngine: finishNow: after onTransactionReady, mSyncId=514
10-09 17:02:45.655  4304  4484 D MiuiFreeformAnimation: startAnimation change: {WCT{android.window.IWindowContainerToken$Stub$Proxy@380abb8} m=TO_FRONT f=MOVE_TO_TOP leash=Surface(name=Task=6587#11043)/@0x9da8515 sb=Rect(0, 0 - 1080, 2400) eb=Rect(0, 0 - 1080, 2400) d=0} info.getType(): 1
10-09 17:02:45.655  4304  4484 I MiuiFreeformAnimation: isLaunchWidgetPicker=false,taskInfo.getWindowingMode()=1, taskInfo.getActivityType()=1
10-09 17:02:45.656  4304  4484 D MiuiFreeformAnimation: startAnimation change: {WCT{android.window.IWindowContainerToken$Stub$Proxy@a6b5d91} m=TO_BACK f=NONE leash=Surface(name=Task=6565#9987)/@0x9d5402a sb=Rect(0, 0 - 1080, 2400) eb=Rect(0, 0 - 1080, 2400) d=0} info.getType(): 1
10-09 17:02:45.657  4304  4484 W MiuiTaskTransitionHandler: Receive an unknown transition, token=android.os.BinderProxy@d268a0, type=1
10-09 17:02:45.659  4304  4484 D TransitionAnimationHelper:  load default animation  type = 1 enter = false animAttr = 9 isTask = true translucent = false
10-09 17:02:45.660  4304  4484 D TransitionAnimationHelper:  load default animation  type = 1 enter = true animAttr = 8 isTask = true translucent = false
10-09 17:02:45.661  4304  4520 D ShellTransitions: speed ui!!!!!!!!!!!
10-09 17:02:45.662  4304  4484 D MiuiFullScreenTaskRepository: setFocusedTask taskId=6587, displayId=0, topActivity=ComponentInfo{eu.europa.ec.euidi/eu.europa.ec.assemblylogic.ui.MainActivity}
10-09 17:02:45.662  4304  4484 D MiuiFullScreenTaskRepository: addOrUpdateFullScreenTaskInfo taskId=6587, topActivity=ComponentInfo{eu.europa.ec.euidi/eu.europa.ec.assemblylogic.ui.MainActivity}
10-09 17:02:45.665  2042  2692 D SchedBoost: com.android.chrome boosting, skip reset priority
10-09 17:02:45.666  2042  2692 D SchedBoost: com.android.chrome:sandboxed_process0:org.chromium.content.app.SandboxedProcessService0:10 boosting, skip reset priority
10-09 17:02:45.666  2042  2692 D SchedBoost: com.google.android.adservices.api boosting, skip reset priority
10-09 17:02:45.666  2042  2692 D SchedBoost: com.android.chrome:privileged_process0 boosting, skip reset priority
10-09 17:02:45.667  2042  2692 W ProcessStats: Tracking association SourceState{1b0dd2c com.android.vending/10164 ImpBg #126595} whose proc state 6 is better than process ProcessState{d60be6a com.android.vending:background/10164 pkg=com.android.vending} proc state 14 (160 skipped)
10-09 17:02:45.669  4304  4484 D SoScUtils: monitorTransitionFinished transition:android.os.BinderProxy@d268a0 transaction: android.view.SurfaceControl$Transaction@b2822fc mRequestCloseTransition:null mRequestOpenTransition:null mPairsOpenTransition:null mPairsOpenTransitionNull:null mRequestOpenTriggerTask:-1 mRequestCloseTriggerTask:-1 mOrientationTransition: null mMainStartingTask:-1 mSideStartingTask:-1
10-09 17:02:45.676  2042  6999 I Transition: finishTransition: updateLastSurfacePosition tf=Task{824377 #6587 type=standard A=10030:eu.europa.ec.euidi}
10-09 17:02:45.679  2042  2692 I SmartPower: com.android.chrome/10172(25786): visible->invisible(19625ms) R(become invisible) adj=200.
10-09 17:02:45.679  2042  2692 I SmartPower: com.android.chrome:privileged_process0/10172(25887): invisible->background(19866ms) R(become background) adj=200.
10-09 17:02:45.680  2042  2692 I SmartPower: com.android.chrome/10172(25786): invisible->background(1ms) R(become background) adj=200.
10-09 17:02:45.688  2042  3110 D CompatibilityChangeReporter: Compat change id reported: 265195908; UID 10172; state: ENABLED
10-09 17:02:45.688  4304  4484 D MiuiFullScreenTaskRepository: addOrUpdateFullScreenTaskInfo taskId=6565, topActivity=ComponentInfo{com.android.chrome/org.chromium.chrome.browser.ChromeTabbedActivity}
10-09 17:02:45.688  2042  6998 W PackageConfigPersister: App-specific configuration not found for packageName: eu.europa.ec.euidi and userId: 0
10-09 17:02:45.689  2042  7043 I WindowManager: cancelAnimation removed leash : Surface(name=Surface(name=49d5fba InputMethod#118)/@0xbb23dc8 - animation-leash of insets_animation#11096)/@0xbd12aa7
10-09 17:02:45.715  2042  6999 D CoreBackPreview: Window{13dfb59 u0 com.android.chrome/org.chromium.chrome.browser.ChromeTabbedActivity}: Setting back callback OnBackInvokedCallbackInfo{mCallback=android.window.IOnBackInvokedCallback$Stub$Proxy@64b882a, mPriority=-1, mIsAnimationCallback=false}
10-09 17:02:45.740 25786 25786 D ActivityThread: Fail to check app heapsize due to java.lang.NoSuchMethodException: dalvik.system.VMRuntime.getBlockingGcCountForAlloc []
10-09 17:02:45.743  2042  2690 D Aurogon :  uid = 10172 switch to BG
10-09 17:02:45.743  2042  3500 D isUidValid: uid = 10172
10-09 17:02:45.817   702 10800 W keystore2: system/security/keystore2/src/remote_provisioning.rs:102 - Error occurred: system/security/keystore2/src/rkpd_client.rs:307: Trying to get to IRegistration service.
10-09 17:02:45.817   702 10800 W keystore2: 
10-09 17:02:45.817   702 10800 W keystore2: Caused by:
10-09 17:02:45.817   702 10800 W keystore2:     0: system/security/keystore2/src/rkpd_client.rs:162: Trying to get IRPC name.
10-09 17:02:45.817   702 10800 W keystore2:     1: system/security/keystore2/src/globals.rs:440
10-09 17:02:45.817   702 10800 W keystore2:     2: Error::Km(r#HARDWARE_TYPE_UNAVAILABLE)
10-09 17:02:45.834  4304  4304 D ArtChoreographerMonitor: invoke error.
10-09 17:02:45.853   702 10800 W keystore2: system/security/keystore2/src/remote_provisioning.rs:102 - Error occurred: system/security/keystore2/src/rkpd_client.rs:307: Trying to get to IRegistration service.
10-09 17:02:45.853   702 10800 W keystore2: 
10-09 17:02:45.853   702 10800 W keystore2: Caused by:
10-09 17:02:45.853   702 10800 W keystore2:     0: system/security/keystore2/src/rkpd_client.rs:162: Trying to get IRPC name.
10-09 17:02:45.853   702 10800 W keystore2:     1: system/security/keystore2/src/globals.rs:440
10-09 17:02:45.853   702 10800 W keystore2:     2: Error::Km(r#HARDWARE_TYPE_UNAVAILABLE)
10-09 17:02:45.878   702 10800 W keystore2: system/security/keystore2/src/remote_provisioning.rs:102 - Error occurred: system/security/keystore2/src/rkpd_client.rs:307: Trying to get to IRegistration service.
10-09 17:02:45.878   702 10800 W keystore2: 
10-09 17:02:45.878   702 10800 W keystore2: Caused by:
10-09 17:02:45.878   702 10800 W keystore2:     0: system/security/keystore2/src/rkpd_client.rs:162: Trying to get IRPC name.
10-09 17:02:45.878   702 10800 W keystore2:     1: system/security/keystore2/src/globals.rs:440
10-09 17:02:45.878   702 10800 W keystore2:     2: Error::Km(r#HARDWARE_TYPE_UNAVAILABLE)
10-09 17:02:45.905   702 10800 W keystore2: system/security/keystore2/src/remote_provisioning.rs:102 - Error occurred: system/security/keystore2/src/rkpd_client.rs:307: Trying to get to IRegistration service.
10-09 17:02:45.905   702 10800 W keystore2: 
10-09 17:02:45.905   702 10800 W keystore2: Caused by:
10-09 17:02:45.905   702 10800 W keystore2:     0: system/security/keystore2/src/rkpd_client.rs:162: Trying to get IRPC name.
10-09 17:02:45.905   702 10800 W keystore2:     1: system/security/keystore2/src/globals.rs:440
10-09 17:02:45.905   702 10800 W keystore2:     2: Error::Km(r#HARDWARE_TYPE_UNAVAILABLE)
10-09 17:02:45.931   702 10800 W keystore2: system/security/keystore2/src/remote_provisioning.rs:102 - Error occurred: system/security/keystore2/src/rkpd_client.rs:307: Trying to get to IRegistration service.
10-09 17:02:45.931   702 10800 W keystore2: 
10-09 17:02:45.931   702 10800 W keystore2: Caused by:
10-09 17:02:45.931   702 10800 W keystore2:     0: system/security/keystore2/src/rkpd_client.rs:162: Trying to get IRPC name.
10-09 17:02:45.931   702 10800 W keystore2:     1: system/security/keystore2/src/globals.rs:440
10-09 17:02:45.931   702 10800 W keystore2:     2: Error::Km(r#HARDWARE_TYPE_UNAVAILABLE)
10-09 17:02:45.956   702 10800 W keystore2: system/security/keystore2/src/remote_provisioning.rs:102 - Error occurred: system/security/keystore2/src/rkpd_client.rs:307: Trying to get to IRegistration service.
10-09 17:02:45.956   702 10800 W keystore2: 
10-09 17:02:45.956   702 10800 W keystore2: Caused by:
10-09 17:02:45.956   702 10800 W keystore2:     0: system/security/keystore2/src/rkpd_client.rs:162: Trying to get IRPC name.
10-09 17:02:45.956   702 10800 W keystore2:     1: system/security/keystore2/src/globals.rs:440
10-09 17:02:45.956   702 10800 W keystore2:     2: Error::Km(r#HARDWARE_TYPE_UNAVAILABLE)
10-09 17:02:45.986   702 10800 W keystore2: system/security/keystore2/src/remote_provisioning.rs:102 - Error occurred: system/security/keystore2/src/rkpd_client.rs:307: Trying to get to IRegistration service.
10-09 17:02:45.986   702 10800 W keystore2: 
10-09 17:02:45.986   702 10800 W keystore2: Caused by:
10-09 17:02:45.986   702 10800 W keystore2:     0: system/security/keystore2/src/rkpd_client.rs:162: Trying to get IRPC name.
10-09 17:02:45.986   702 10800 W keystore2:     1: system/security/keystore2/src/globals.rs:440
10-09 17:02:45.986   702 10800 W keystore2:     2: Error::Km(r#HARDWARE_TYPE_UNAVAILABLE)
10-09 17:02:46.012   702 10800 W keystore2: system/security/keystore2/src/remote_provisioning.rs:102 - Error occurred: system/security/keystore2/src/rkpd_client.rs:307: Trying to get to IRegistration service.
10-09 17:02:46.012   702 10800 W keystore2: 
10-09 17:02:46.012   702 10800 W keystore2: Caused by:
10-09 17:02:46.012   702 10800 W keystore2:     0: system/security/keystore2/src/rkpd_client.rs:162: Trying to get IRPC name.
10-09 17:02:46.012   702 10800 W keystore2:     1: system/security/keystore2/src/globals.rs:440
10-09 17:02:46.012   702 10800 W keystore2:     2: Error::Km(r#HARDWARE_TYPE_UNAVAILABLE)
