10-09 13:33:00.758  2042  6971 I DefaultImeVisibilityApplier: IMMS.showCurrentInputLocked request ims to show inputMethod.
10-09 13:33:00.782  2042  4772 I InputMethodManagerService: IMMS.applyImeVisibility(), setVisible = true, mCurclient = ClientState{5824026 mUid=10030 mPid=25994 mSelfReportedDisplayId=0}
10-09 13:33:00.782  2042  4772 I WindowManager: WMS.showImePostLayout(), imeTarget = Window{739ab4c u0 eu.europa.ec.euidi/eu.europa.ec.assemblylogic.ui.MainActivity}
10-09 13:33:00.784  2042  2693 I ImeInsetsSourceProvider: ImeInsetsSourceProvider.scheduleShowImePostLayout() Run showImeRunner.
10-09 13:33:00.784  2042  2693 I ImeInsetsSourceProvider: ImeInsetsSourceProvider.scheduleShowImePostLayout() isReadyToShowIme.
10-09 13:33:00.788  2042  4772 D ActivityManager: checkAllowBackground: uid=10163 pkg=com.google.android.gms rec=UidRecord{3efeecd u0a163 BTOP change:procadj procs:0 seq(634829,425084)} caps=LCMNFU always=false idle=false
10-09 13:33:00.789  2183  2183 I wificond: station_bandwidth: P
10-09 13:33:00.789  4304  4484 D OneHandedController: stopOneHanded state is 0
10-09 13:33:00.790  2042  8104 D ActivityManager: checkAllowBackground: uid=10163 pkg=com.google.android.gms rec=UidRecord{3efeecd u0a163 BTOP change:procadj procs:0 seq(634831,425084)} caps=LCMNFU always=false idle=false
10-09 13:33:00.798  2042  6971 I InputMethodManagerService: IMMS.applyImeVisibility(), setVisible = true, mCurclient = ClientState{5824026 mUid=10030 mPid=25994 mSelfReportedDisplayId=0}
10-09 13:33:00.798  2042  6971 I WindowManager: WMS.showImePostLayout(), imeTarget = Window{739ab4c u0 eu.europa.ec.euidi/eu.europa.ec.assemblylogic.ui.MainActivity}
10-09 13:33:00.801  2042  2693 I ImeInsetsSourceProvider: ImeInsetsSourceProvider.scheduleShowImePostLayout() Run showImeRunner.
10-09 13:33:00.801  2042  2693 I ImeInsetsSourceProvider: ImeInsetsSourceProvider.scheduleShowImePostLayout() isReadyToShowIme.
10-09 13:33:00.802  4304  4484 D OneHandedController: stopOneHanded state is 0
10-09 13:33:00.803  2042  2073 D ActivityManager: checkAllowBackground: uid=10163 pkg=com.google.android.gms rec=UidRecord{3efeecd u0a163 BTOP change:procadj procs:0 seq(634837,425084)} caps=LCMNFU always=false idle=false
10-09 13:33:00.822  2042  2073 D ActivityManager: checkAllowBackground: uid=10163 pkg=com.google.android.gms rec=UidRecord{3efeecd u0a163 BTOP change:procadj procs:0 seq(634841,425084)} caps=LCMNFU always=false idle=false
10-09 13:33:00.893  2042  2073 W WindowManager: Cannot find window which accessibility connection is added to
10-09 13:33:00.896  2042  2073 W WindowManager: Failed looking up window session=Session{a1506bf 20547:u0a10213} callers=com.android.server.wm.WindowManagerService.windowForClientLocked:6851 com.android.server.wm.WindowManagerService.removeWindow:2423 com.android.server.wm.Session.remove:248 
10-09 13:33:01.040  2042  3123 D AlarmManager: mBroadcastRefCount -> 1
10-09 13:33:01.042  2042  2075 D ActivityManager: checkAllowBackground: uid=1000 pkg=android rec=UidRecord{b77cac0 1000 PER  fgServices allowlist change:procadj procs:0 seq(634756,448524)} caps=LCMNFU always=false idle=false
10-09 13:33:01.042  2042  2042 D AlarmManager: mBroadcastRefCount -> 0
10-09 13:33:01.042  2042  2042 D AlarmManager: mPendingIntent -> PendingIntent{659bd1f: PendingIntentRecord{cf286c android broadcastIntent}}
10-09 13:33:01.064  2042  2042 W FillResponseEventLogger: FillResponseEventLogger is not empty before starting for a new request
10-09 13:33:01.064  2042  2042 D AutofillSession: Service did not request to wait for delayed fill response.
10-09 13:33:01.065  2042  2073 D ActivityManager: checkAllowBackground: uid=10163 pkg=com.google.android.gms rec=UidRecord{3efeecd u0a163 BTOP change:procadj procs:0 seq(634845,425084)} caps=LCMNFU always=false idle=false
10-09 13:33:01.226  2042  2073 D PerfShielderService: eu.europa.ec.euidi|eu.europa.ec.euidi/eu.europa.ec.assemblylogic.ui.MainActivity|88|34590029012636|43|2|3
10-09 13:33:01.226  6649  6663 W MiuiPerfServiceClient: interceptAndQueuing:25994|eu.europa.ec.euidi|88|43|34590029012636|Slow handle animation|3
10-09 13:33:01.285  2042  3524 I SmartPower: com.google.android.adservices.api/10294(20677): background->idle(15101ms) R(broadcast end Intent { act=com.android.adservices.PACKAGE_CHANGED dat=package: flg=0x10 cmp=com.google.android.adservices.api/com.android.adservices.service.common.PackageChangedReceiver (has extras) }) adj=100.
10-09 13:33:01.492  2042  2073 D WindowManagerService: checkFlipFullScreenChange is same, nowIsFullScreen = false
10-09 13:33:01.495  2042  2073 W PresentationStatsEventLogger: Shouldn't be logging AutofillPresentationEventReported again for same event
10-09 13:33:01.495  2042  2073 W FillRequestEventLogger: Couldn't find packageName: com.google.android.inputmethod.latin
10-09 13:33:01.505  2042  2073 D AutofillSession: createPendingIntent for request 386
10-09 13:33:01.505  2042  2073 D ContentCapturePerUserService: Notified activity assist data for activity: Token{ed24b78 ActivityRecord{f53dd5 u0 eu.europa.ec.euidi/eu.europa.ec.assemblylogic.ui.MainActivity t6476}} without a session Id
10-09 13:33:01.518  2042  4541 D ActivityManager: checkAllowBackground: uid=10163 pkg=com.google.android.gms rec=UidRecord{3efeecd u0a163 BTOP change:procadj procs:0 seq(634851,425084)} caps=LCMNFU always=false idle=false
10-09 13:33:01.527  2042  4772 I InputMethodManagerService: IMMS.showCurrentInputLocked(), flags = 1
10-09 13:33:01.527  2042  4772 D SmartPower: com.google.android.inputmethod.latin/10176(6431): show input method
10-09 13:33:01.527  2042  4772 I DefaultImeVisibilityApplier: IMMS.showCurrentInputLocked request ims to show inputMethod.
10-09 13:33:01.529  2042  4541 D ActivityManager: checkAllowBackground: uid=10163 pkg=com.google.android.gms rec=UidRecord{3efeecd u0a163 BTOP change:procadj procs:0 seq(634855,425084)} caps=LCMNFU always=false idle=false
10-09 13:33:01.533  2042  4772 W PackageConfigPersister: App-specific configuration not found for packageName: eu.europa.ec.euidi and userId: 0
10-09 13:33:01.555  2042  4772 I InputMethodManagerService: IMMS.showSoftInput(), client = com.android.internal.inputmethod.IInputMethodClient$Stub$Proxy@9e6d391
10-09 13:33:01.555  2042  4772 I InputMethodManagerService: IMMS.showCurrentInputLocked(), flags = 0
10-09 13:33:01.555  2042  4772 D SmartPower: com.google.android.inputmethod.latin/10176(6431): show input method
10-09 13:33:01.555  2042  4772 I DefaultImeVisibilityApplier: IMMS.showCurrentInputLocked request ims to show inputMethod.
10-09 13:33:01.571  2042  2073 D ActivityManager: checkAllowBackground: uid=10163 pkg=com.google.android.gms rec=UidRecord{3efeecd u0a163 BTOP change:procadj procs:0 seq(634859,425084)} caps=LCMNFU always=false idle=false
10-09 13:33:01.585  2042  2073 I InputMethodManagerService: IMMS.applyImeVisibility(), setVisible = true, mCurclient = ClientState{5824026 mUid=10030 mPid=25994 mSelfReportedDisplayId=0}
10-09 13:33:01.585  2042  2073 I WindowManager: WMS.showImePostLayout(), imeTarget = Window{739ab4c u0 eu.europa.ec.euidi/eu.europa.ec.assemblylogic.ui.MainActivity}
10-09 13:33:01.587  2042  2693 I ImeInsetsSourceProvider: ImeInsetsSourceProvider.scheduleShowImePostLayout() Run showImeRunner.
10-09 13:33:01.587  2042  2693 I ImeInsetsSourceProvider: ImeInsetsSourceProvider.scheduleShowImePostLayout() isReadyToShowIme.
10-09 13:33:01.592  2042  6971 D ActivityManager: checkAllowBackground: uid=10163 pkg=com.google.android.gms rec=UidRecord{3efeecd u0a163 BTOP change:procadj procs:0 seq(634863,425084)} caps=LCMNFU always=false idle=false
10-09 13:33:01.593  2042  2073 I InputMethodManagerService: IMMS.applyImeVisibility(), setVisible = true, mCurclient = ClientState{5824026 mUid=10030 mPid=25994 mSelfReportedDisplayId=0}
10-09 13:33:01.594  2042  2073 I WindowManager: WMS.showImePostLayout(), imeTarget = Window{739ab4c u0 eu.europa.ec.euidi/eu.europa.ec.assemblylogic.ui.MainActivity}
10-09 13:33:01.595  2042  2693 I ImeInsetsSourceProvider: ImeInsetsSourceProvider.scheduleShowImePostLayout() Run showImeRunner.
10-09 13:33:01.595  2042  2693 I ImeInsetsSourceProvider: ImeInsetsSourceProvider.scheduleShowImePostLayout() isReadyToShowIme.
10-09 13:33:01.596  4304  4484 D OneHandedController: stopOneHanded state is 0
10-09 13:33:01.600  4304  4484 D OneHandedController: stopOneHanded state is 0
10-09 13:33:01.601  2042  6971 D ActivityManager: checkAllowBackground: uid=10163 pkg=com.google.android.gms rec=UidRecord{3efeecd u0a163 BTOP change:procadj procs:0 seq(634867,425084)} caps=LCMNFU always=false idle=false
10-09 13:33:01.615  2042  4772 D ActivityManager: checkAllowBackground: uid=10163 pkg=com.google.android.gms rec=UidRecord{3efeecd u0a163 BTOP change:procadj procs:0 seq(634871,425084)} caps=LCMNFU always=false idle=false
10-09 13:33:01.628  2042  4772 D ActivityManager: checkAllowBackground: uid=10163 pkg=com.google.android.gms rec=UidRecord{3efeecd u0a163 BTOP change:procadj procs:0 seq(634875,425084)} caps=LCMNFU always=false idle=false
10-09 13:33:01.643  2042  6971 D ActivityManager: checkAllowBackground: uid=10163 pkg=com.google.android.gms rec=UidRecord{3efeecd u0a163 BTOP change:procadj procs:0 seq(634879,425084)} caps=LCMNFU always=false idle=false
10-09 13:33:01.921  2042  2042 W FillResponseEventLogger: FillResponseEventLogger is not empty before starting for a new request
10-09 13:33:01.921  2042  2042 D AutofillSession: Service did not request to wait for delayed fill response.
10-09 13:33:01.922  2042  6971 D ActivityManager: checkAllowBackground: uid=10163 pkg=com.google.android.gms rec=UidRecord{3efeecd u0a163 BTOP change:procadj procs:0 seq(634883,425084)} caps=LCMNFU always=false idle=false
10-09 13:33:02.198  2042  6971 D WindowManagerService: checkFlipFullScreenChange is same, nowIsFullScreen = false
10-09 13:33:02.201  2042  6971 W PresentationStatsEventLogger: Shouldn't be logging AutofillPresentationEventReported again for same event
10-09 13:33:02.201  2042  6971 W FillRequestEventLogger: Couldn't find packageName: com.google.android.inputmethod.latin
10-09 13:33:02.226  2042  6971 I InputMethodManagerService: IMMS.showCurrentInputLocked(), flags = 1
10-09 13:33:02.226  2042  6971 D SmartPower: com.google.android.inputmethod.latin/10176(6431): show input method
10-09 13:33:02.226  2042  6971 I DefaultImeVisibilityApplier: IMMS.showCurrentInputLocked request ims to show inputMethod.
10-09 13:33:02.230  2042  6971 W PackageConfigPersister: App-specific configuration not found for packageName: eu.europa.ec.euidi and userId: 0
10-09 13:33:02.241  2042  4772 D AutofillSession: createPendingIntent for request 387
10-09 13:33:02.241  2042  4772 D ContentCapturePerUserService: Notified activity assist data for activity: Token{ed24b78 ActivityRecord{f53dd5 u0 eu.europa.ec.euidi/eu.europa.ec.assemblylogic.ui.MainActivity t6476}} without a session Id
10-09 13:33:02.254  2042  2073 D ActivityManager: checkAllowBackground: uid=10163 pkg=com.google.android.gms rec=UidRecord{3efeecd u0a163 BTOP change:procadj procs:0 seq(634887,425084)} caps=LCMNFU always=false idle=false
10-09 13:33:02.259  2042  4772 I InputMethodManagerService: IMMS.showSoftInput(), client = com.android.internal.inputmethod.IInputMethodClient$Stub$Proxy@3401f83
10-09 13:33:02.259  2042  4772 I InputMethodManagerService: IMMS.showCurrentInputLocked(), flags = 0
10-09 13:33:02.259  2042  4772 D SmartPower: com.google.android.inputmethod.latin/10176(6431): show input method
10-09 13:33:02.260  2042  4772 I DefaultImeVisibilityApplier: IMMS.showCurrentInputLocked request ims to show inputMethod.
10-09 13:33:02.269  2042  6971 D ActivityManager: checkAllowBackground: uid=10163 pkg=com.google.android.gms rec=UidRecord{3efeecd u0a163 BTOP change:procadj procs:0 seq(634891,425084)} caps=LCMNFU always=false idle=false
10-09 13:33:02.292  2042  2073 I InputMethodManagerService: IMMS.applyImeVisibility(), setVisible = true, mCurclient = ClientState{5824026 mUid=10030 mPid=25994 mSelfReportedDisplayId=0}
10-09 13:33:02.292  2042  2073 I WindowManager: WMS.showImePostLayout(), imeTarget = Window{739ab4c u0 eu.europa.ec.euidi/eu.europa.ec.assemblylogic.ui.MainActivity}
10-09 13:33:02.294  2042  2693 I ImeInsetsSourceProvider: ImeInsetsSourceProvider.scheduleShowImePostLayout() Run showImeRunner.
10-09 13:33:02.294  2042  2693 I ImeInsetsSourceProvider: ImeInsetsSourceProvider.scheduleShowImePostLayout() isReadyToShowIme.
10-09 13:33:02.296  2042  3524 I SmartPower: com.android.chrome:sandboxed_process0:org.chromium.content.app.SandboxedProcessSerbackground->idle(16112ms) R(remove from whitelist) adj=200.
10-09 13:33:02.296  2042  3524 I SmartPower: com.android.chrome:sandboxed_process0:org.chromium.content.app.SandboxedProcessSerbackground->idle(16111ms) R(remove from whitelist) adj=200.
10-09 13:33:02.296  2042  3524 I SmartPower: com.android.chrome:sandboxed_process0:org.chromium.content.app.SandboxedProcessSerbackground->idle(16112ms) R(remove from whitelist) adj=200.
10-09 13:33:02.297  2042  3524 I SmartPower: com.android.chrome:sandboxed_process0:org.chromium.content.app.SandboxedProcessSerbackground->idle(16112ms) R(remove from whitelist) adj=940.
10-09 13:33:02.297  2042  3524 I SmartPower: com.android.chrome:sandboxed_process0:org.chromium.content.app.SandboxedProcessSerbackground->idle(16112ms) R(remove from whitelist) adj=930.
10-09 13:33:02.297  2042  3524 I SmartPower: com.android.chrome:sandboxed_process0:org.chromium.content.app.SandboxedProcessSerbackground->idle(16112ms) R(remove from whitelist) adj=930.
10-09 13:33:02.297  2042  3524 I SmartPower: com.android.chrome:sandboxed_process0:org.chromium.content.app.SandboxedProcessSerbackground->idle(16112ms) R(remove from whitelist) adj=920.
10-09 13:33:02.297  2042  3524 I SmartPower: com.android.chrome:sandboxed_process0:org.chromium.content.app.SandboxedProcessSerbackground->idle(16112ms) R(remove from whitelist) adj=920.
10-09 13:33:02.297  2042  3524 I SmartPower: com.android.chrome:sandboxed_process0:org.chromium.content.app.SandboxedProcessSerbackground->idle(16112ms) R(remove from whitelist) adj=910.
10-09 13:33:02.297  2042  3524 I SmartPower: com.android.chrome:sandboxed_process0:org.chromium.content.app.SandboxedProcessSerbackground->idle(16112ms) R(remove from whitelist) adj=910.
10-09 13:33:02.297  2042  3524 I SmartPower: com.android.chrome:sandboxed_process0:org.chromium.content.app.SandboxedProcessSerbackground->idle(16113ms) R(remove from whitelist) adj=900.
10-09 13:33:02.297  2042  3524 I SmartPower: com.android.chrome:sandboxed_process0:org.chromium.content.app.SandboxedProcessSerbackground->idle(16113ms) R(remove from whitelist) adj=900.
10-09 13:33:02.299  2042  8301 D ActivityManager: checkAllowBackground: uid=10163 pkg=com.google.android.gms rec=UidRecord{3efeecd u0a163 BTOP change:procadj procs:0 seq(634895,425084)} caps=LCMNFU always=false idle=false
10-09 13:33:02.300  2042  8104 I InputMethodManagerService: IMMS.applyImeVisibility(), setVisible = true, mCurclient = ClientState{5824026 mUid=10030 mPid=25994 mSelfReportedDisplayId=0}
10-09 13:33:02.300  4304  4484 D OneHandedController: stopOneHanded state is 0
10-09 13:33:02.300  2042  8104 I WindowManager: WMS.showImePostLayout(), imeTarget = Window{739ab4c u0 eu.europa.ec.euidi/eu.europa.ec.assemblylogic.ui.MainActivity}
10-09 13:33:02.301  2042  2693 I ImeInsetsSourceProvider: ImeInsetsSourceProvider.scheduleShowImePostLayout() Run showImeRunner.
10-09 13:33:02.301  2042  2693 I ImeInsetsSourceProvider: ImeInsetsSourceProvider.scheduleShowImePostLayout() isReadyToShowIme.
10-09 13:33:02.307  4304  4484 D OneHandedController: stopOneHanded state is 0
10-09 13:33:02.320  2042  2073 D ActivityManager: checkAllowBackground: uid=10163 pkg=com.google.android.gms rec=UidRecord{3efeecd u0a163 BTOP change:procadj procs:0 seq(634899,425084)} caps=LCMNFU always=false idle=false
10-09 13:33:02.335  2042  4772 D ActivityManager: checkAllowBackground: uid=10163 pkg=com.google.android.gms rec=UidRecord{3efeecd u0a163 BTOP change:procadj procs:0 seq(634903,425084)} caps=LCMNFU always=false idle=false
10-09 13:33:02.353  2042  8104 D ActivityManager: checkAllowBackground: uid=10163 pkg=com.google.android.gms rec=UidRecord{3efeecd u0a163 BTOP change:procadj procs:0 seq(634907,425084)} caps=LCMNFU always=false idle=false
10-09 13:33:02.367  2042  8104 D ActivityManager: checkAllowBackground: uid=10163 pkg=com.google.android.gms rec=UidRecord{3efeecd u0a163 BTOP change:procadj procs:0 seq(634911,425084)} caps=LCMNFU always=false idle=false
10-09 13:33:02.641  2042  2042 W FillResponseEventLogger: FillResponseEventLogger is not empty before starting for a new request
10-09 13:33:02.642  2042  2042 D AutofillSession: Service did not request to wait for delayed fill response.
10-09 13:33:02.643  2042  8104 D ActivityManager: checkAllowBackground: uid=10163 pkg=com.google.android.gms rec=UidRecord{3efeecd u0a163 BTOP change:procadj procs:0 seq(634915,425084)} caps=LCMNFU always=false idle=false
10-09 13:33:02.706   702 25846 I keystore2: system/security/keystore2/src/watchdog.rs:319 - Watchdog thread idle -> terminating. Have a great day.
10-09 13:33:02.902  2042  8104 D WindowManagerService: checkFlipFullScreenChange is same, nowIsFullScreen = false
10-09 13:33:02.905  2042  8104 W PresentationStatsEventLogger: Shouldn't be logging AutofillPresentationEventReported again for same event
10-09 13:33:02.905  2042  8104 W FillRequestEventLogger: Couldn't find packageName: com.google.android.inputmethod.latin
10-09 13:33:02.915  2042  4772 D AutofillSession: createPendingIntent for request 388
10-09 13:33:02.916  2042  4772 D ContentCapturePerUserService: Notified activity assist data for activity: Token{ed24b78 ActivityRecord{f53dd5 u0 eu.europa.ec.euidi/eu.europa.ec.assemblylogic.ui.MainActivity t6476}} without a session Id
10-09 13:33:02.929  2042  4772 D ActivityManager: checkAllowBackground: uid=10163 pkg=com.google.android.gms rec=UidRecord{3efeecd u0a163 BTOP change:procadj procs:0 seq(634919,425084)} caps=LCMNFU always=false idle=false
10-09 13:33:02.936  2042  2073 I InputMethodManagerService: IMMS.showCurrentInputLocked(), flags = 1
10-09 13:33:02.936  2042  2073 D SmartPower: com.google.android.inputmethod.latin/10176(6431): show input method
10-09 13:33:02.937  2042  2073 I DefaultImeVisibilityApplier: IMMS.showCurrentInputLocked request ims to show inputMethod.
10-09 13:33:02.941  2042  4772 D ActivityManager: checkAllowBackground: uid=10163 pkg=com.google.android.gms rec=UidRecord{3efeecd u0a163 BTOP change:procadj procs:0 seq(634923,425084)} caps=LCMNFU always=false idle=false
10-09 13:33:02.941  2042  8301 W PackageConfigPersister: App-specific configuration not found for packageName: eu.europa.ec.euidi and userId: 0
10-09 13:33:02.962  2042  6971 I InputMethodManagerService: IMMS.showSoftInput(), client = com.android.internal.inputmethod.IInputMethodClient$Stub$Proxy@c2cef1d
10-09 13:33:02.962  2042  6971 I InputMethodManagerService: IMMS.showCurrentInputLocked(), flags = 0
10-09 13:33:02.963  2042  6971 D SmartPower: com.google.android.inputmethod.latin/10176(6431): show input method
10-09 13:33:02.963  2042  6971 I DefaultImeVisibilityApplier: IMMS.showCurrentInputLocked request ims to show inputMethod.
10-09 13:33:02.995  2042  6971 I InputMethodManagerService: IMMS.applyImeVisibility(), setVisible = true, mCurclient = ClientState{5824026 mUid=10030 mPid=25994 mSelfReportedDisplayId=0}
10-09 13:33:02.995  2042  8104 D ActivityManager: checkAllowBackground: uid=10163 pkg=com.google.android.gms rec=UidRecord{3efeecd u0a163 FGS  change:procstateprocadj procs:0 seq(634929,425084)} caps=LCMNFU always=false idle=false
10-09 13:33:02.995  2042  6971 I WindowManager: WMS.showImePostLayout(), imeTarget = Window{739ab4c u0 eu.europa.ec.euidi/eu.europa.ec.assemblylogic.ui.MainActivity}
10-09 13:33:02.997  2042  2693 I ImeInsetsSourceProvider: ImeInsetsSourceProvider.scheduleShowImePostLayout() Run showImeRunner.
10-09 13:33:02.997  2042  2693 I ImeInsetsSourceProvider: ImeInsetsSourceProvider.scheduleShowImePostLayout() isReadyToShowIme.
10-09 13:33:03.006  2042  6971 I InputMethodManagerService: IMMS.applyImeVisibility(), setVisible = true, mCurclient = ClientState{5824026 mUid=10030 mPid=25994 mSelfReportedDisplayId=0}
10-09 13:33:03.007  2042  6971 I WindowManager: WMS.showImePostLayout(), imeTarget = Window{739ab4c u0 eu.europa.ec.euidi/eu.europa.ec.assemblylogic.ui.MainActivity}
10-09 13:33:03.008  4304  4484 D OneHandedController: stopOneHanded state is 0
10-09 13:33:03.010  2042  2693 I ImeInsetsSourceProvider: ImeInsetsSourceProvider.scheduleShowImePostLayout() Run showImeRunner.
10-09 13:33:03.010  2042  2693 I ImeInsetsSourceProvider: ImeInsetsSourceProvider.scheduleShowImePostLayout() isReadyToShowIme.
10-09 13:33:03.017  4304  4484 D OneHandedController: stopOneHanded state is 0
10-09 13:33:03.019  2042  8104 D ActivityManager: checkAllowBackground: uid=10163 pkg=com.google.android.gms rec=UidRecord{3efeecd u0a163 FGS  change:procadj procs:0 seq(634933,425084)} caps=LCMNFU always=false idle=false
10-09 13:33:03.037  2042  4772 D ActivityManager: checkAllowBackground: uid=10163 pkg=com.google.android.gms rec=UidRecord{3efeecd u0a163 FGS  change:procadj procs:0 seq(634937,425084)} caps=LCMNFU always=false idle=false
10-09 13:33:03.058  2042  8104 D ActivityManager: checkAllowBackground: uid=10163 pkg=com.google.android.gms rec=UidRecord{3efeecd u0a163 FGS  change:procadj procs:0 seq(634941,425084)} caps=LCMNFU always=false idle=false
10-09 13:33:03.069  2042  8104 D ActivityManager: checkAllowBackground: uid=10163 pkg=com.google.android.gms rec=UidRecord{3efeecd u0a163 FGS  change:procadj procs:0 seq(634945,425084)} caps=LCMNFU always=false idle=false
10-09 13:33:03.343  2042  2042 W FillResponseEventLogger: FillResponseEventLogger is not empty before starting for a new request
10-09 13:33:03.343  2042  2042 D AutofillSession: Service did not request to wait for delayed fill response.
10-09 13:33:03.344  2042  8104 D ActivityManager: checkAllowBackground: uid=10163 pkg=com.google.android.gms rec=UidRecord{3efeecd u0a163 FGS  change:procadj procs:0 seq(634949,425084)} caps=LCMNFU always=false idle=false
10-09 13:33:03.602  2042  2929 D PermissionManager: writeLegacyPermissionState for user  in 7 ms.
10-09 13:33:03.606  2042  8104 D WindowManagerService: checkFlipFullScreenChange is same, nowIsFullScreen = false
10-09 13:33:03.609  2042  8104 W PresentationStatsEventLogger: Shouldn't be logging AutofillPresentationEventReported again for same event
10-09 13:33:03.610  2042  8104 W FillRequestEventLogger: Couldn't find packageName: com.google.android.inputmethod.latin
10-09 13:33:03.620  2042  8104 D AutofillSession: createPendingIntent for request 389
10-09 13:33:03.621  2042  8104 D ContentCapturePerUserService: Notified activity assist data for activity: Token{ed24b78 ActivityRecord{f53dd5 u0 eu.europa.ec.euidi/eu.europa.ec.assemblylogic.ui.MainActivity t6476}} without a session Id
10-09 13:33:03.640  2042  2073 D ActivityManager: checkAllowBackground: uid=10163 pkg=com.google.android.gms rec=UidRecord{3efeecd u0a163 FGS  change:procadj procs:0 seq(634953,425084)} caps=LCMNFU always=false idle=false
10-09 13:33:03.641  2042  4772 I InputMethodManagerService: IMMS.showCurrentInputLocked(), flags = 1
10-09 13:33:03.642  2042  4772 D SmartPower: com.google.android.inputmethod.latin/10176(6431): show input method
10-09 13:33:03.642  2042  4772 I DefaultImeVisibilityApplier: IMMS.showCurrentInputLocked request ims to show inputMethod.
10-09 13:33:03.645  2042  2073 W PackageConfigPersister: App-specific configuration not found for packageName: eu.europa.ec.euidi and userId: 0
10-09 13:33:03.654  2042  4772 D ActivityManager: checkAllowBackground: uid=10163 pkg=com.google.android.gms rec=UidRecord{3efeecd u0a163 FGS  change:procadj procs:0 seq(634957,425084)} caps=LCMNFU always=false idle=false
10-09 13:33:03.670  2042  4772 I InputMethodManagerService: IMMS.showSoftInput(), client = com.android.internal.inputmethod.IInputMethodClient$Stub$Proxy@c22ea24
10-09 13:33:03.671  2042  4772 I InputMethodManagerService: IMMS.showCurrentInputLocked(), flags = 0
10-09 13:33:03.671  2042  4772 D SmartPower: com.google.android.inputmethod.latin/10176(6431): show input method
10-09 13:33:03.671  2042  4772 I DefaultImeVisibilityApplier: IMMS.showCurrentInputLocked request ims to show inputMethod.
10-09 13:33:03.698  2042  4772 I InputMethodManagerService: IMMS.applyImeVisibility(), setVisible = true, mCurclient = ClientState{5824026 mUid=10030 mPid=25994 mSelfReportedDisplayId=0}
10-09 13:33:03.699  2042  4772 I WindowManager: WMS.showImePostLayout(), imeTarget = Window{739ab4c u0 eu.europa.ec.euidi/eu.europa.ec.assemblylogic.ui.MainActivity}
10-09 13:33:03.700  2042  2693 I ImeInsetsSourceProvider: ImeInsetsSourceProvider.scheduleShowImePostLayout() Run showImeRunner.
10-09 13:33:03.700  2042  2693 I ImeInsetsSourceProvider: ImeInsetsSourceProvider.scheduleShowImePostLayout() isReadyToShowIme.
10-09 13:33:03.707  2042  4772 D ActivityManager: checkAllowBackground: uid=10163 pkg=com.google.android.gms rec=UidRecord{3efeecd u0a163 FGS  change:procadj procs:0 seq(634961,425084)} caps=LCMNFU always=false idle=false
10-09 13:33:03.708  2042  6971 I InputMethodManagerService: IMMS.applyImeVisibility(), setVisible = true, mCurclient = ClientState{5824026 mUid=10030 mPid=25994 mSelfReportedDisplayId=0}
10-09 13:33:03.708  2042  6971 I WindowManager: WMS.showImePostLayout(), imeTarget = Window{739ab4c u0 eu.europa.ec.euidi/eu.europa.ec.assemblylogic.ui.MainActivity}
10-09 13:33:03.709  4304  4484 D OneHandedController: stopOneHanded state is 0
10-09 13:33:03.712  2042  2693 I ImeInsetsSourceProvider: ImeInsetsSourceProvider.scheduleShowImePostLayout() Run showImeRunner.
10-09 13:33:03.712  2042  2693 I ImeInsetsSourceProvider: ImeInsetsSourceProvider.scheduleShowImePostLayout() isReadyToShowIme.
10-09 13:33:03.718  2042  2073 D ActivityManager: checkAllowBackground: uid=10163 pkg=com.google.android.gms rec=UidRecord{3efeecd u0a163 FGS  change:procadj procs:0 seq(634965,425084)} caps=LCMNFU always=false idle=false
10-09 13:33:03.719  4304  4484 D OneHandedController: stopOneHanded state is 0
10-09 13:33:03.720  2042  4541 D ActivityManager: checkAllowBackground: uid=10163 pkg=com.google.android.gms rec=UidRecord{3efeecd u0a163 FGS  change:procadj procs:0 seq(634967,425084)} caps=LCMNFU always=false idle=false
10-09 13:33:03.740  2042  4541 D ActivityManager: checkAllowBackground: uid=10163 pkg=com.google.android.gms rec=UidRecord{3efeecd u0a163 FGS  change:procadj procs:0 seq(634973,425084)} caps=LCMNFU always=false idle=false
10-09 13:33:03.761  2042  4772 D ActivityManager: checkAllowBackground: uid=10163 pkg=com.google.android.gms rec=UidRecord{3efeecd u0a163 FGS  change:procadj procs:0 seq(634977,425084)} caps=LCMNFU always=false idle=false
10-09 13:33:03.774  2042  4772 D ActivityManager: checkAllowBackground: uid=10163 pkg=com.google.android.gms rec=UidRecord{3efeecd u0a163 FGS  change:procadj procs:0 seq(634981,425084)} caps=LCMNFU always=false idle=false
10-09 13:33:03.796  2183  2183 I wificond: station_bandwidth: P
10-09 13:33:04.047  2042  2042 W FillResponseEventLogger: FillResponseEventLogger is not empty before starting for a new request
10-09 13:33:04.048  2042  2042 D AutofillSession: Service did not request to wait for delayed fill response.
10-09 13:33:04.049  2042  4541 D ActivityManager: checkAllowBackground: uid=10163 pkg=com.google.android.gms rec=UidRecord{3efeecd u0a163 FGS  change:procadj procs:0 seq(634985,425084)} caps=LCMNFU always=false idle=false
10-09 13:33:04.311  2042  4772 D WindowManagerService: checkFlipFullScreenChange is same, nowIsFullScreen = false
10-09 13:33:04.438  2042  4541 W MIUIInput: Input event injection from package: null action ACTION_DOWN
10-09 13:33:04.447  2042  4541 W MIUIInput: Input event injection from package: null action ACTION_UP
10-09 13:33:04.456  2042  6971 W PresentationStatsEventLogger: Shouldn't be logging AutofillPresentationEventReported again for same event
10-09 13:33:04.481  2042  6971 W PresentationStatsEventLogger: Couldn't find packageName: com.google.android.inputmethod.latin
10-09 13:33:04.500  2042  6971 W WindowManager: Requires INTERNAL_SYSTEM_WINDOW permission if assign type to input. New type will be 0.
10-09 13:33:04.505  2042  2042 D UiModeManager: updateConfigurationLocked: mDockState=0; mCarMode=false; mCar=false; mPowerSave=false; mOverrideNightModeOn=false; mOverrideNightModeOff=false; mComputedNightMode=false; mNightMode=1; uiMode=17
10-09 13:33:04.520  2042  2073 W WindowManager: Cannot find window which accessibility connection is added to
10-09 13:33:04.551  2042  2073 I InputMethodManagerService: IMMS.showCurrentInputLocked(), flags = 1
10-09 13:33:04.551  2042  2073 D SmartPower: com.google.android.inputmethod.latin/10176(6431): show input method
10-09 13:33:04.552  2042  2073 I DefaultImeVisibilityApplier: IMMS.showCurrentInputLocked request ims to show inputMethod.
10-09 13:33:04.574  2042  6971 I InputMethodManagerService: IMMS.showSoftInput(), client = com.android.internal.inputmethod.IInputMethodClient$Stub$Proxy@54e4dd9
10-09 13:33:04.574  2042  6971 I InputMethodManagerService: IMMS.showCurrentInputLocked(), flags = 0
10-09 13:33:04.574  2042  6971 D SmartPower: com.google.android.inputmethod.latin/10176(6431): show input method
10-09 13:33:04.575  2042  6971 I DefaultImeVisibilityApplier: IMMS.showCurrentInputLocked request ims to show inputMethod.
10-09 13:33:04.578  2042  4541 W PackageConfigPersister: App-specific configuration not found for packageName: eu.europa.ec.euidi and userId: 0
10-09 13:33:04.600  2042  4541 I InputMethodManagerService: IMMS.applyImeVisibility(), setVisible = true, mCurclient = ClientState{5824026 mUid=10030 mPid=25994 mSelfReportedDisplayId=0}
10-09 13:33:04.600  2042  4541 I WindowManager: WMS.showImePostLayout(), imeTarget = Window{739ab4c u0 eu.europa.ec.euidi/eu.europa.ec.assemblylogic.ui.MainActivity}
10-09 13:33:04.600  2042  4772 D ActivityManager: checkAllowBackground: uid=10163 pkg=com.google.android.gms rec=UidRecord{3efeecd u0a163 FGS  change:procadj procs:0 seq(634989,425084)} caps=LCMNFU always=false idle=false
10-09 13:33:04.601  2042  2693 I ImeInsetsSourceProvider: ImeInsetsSourceProvider.scheduleShowImePostLayout() Run showImeRunner.
10-09 13:33:04.601  2042  2693 I ImeInsetsSourceProvider: ImeInsetsSourceProvider.scheduleShowImePostLayout() isReadyToShowIme.
10-09 13:33:04.605  2042  6971 I InputMethodManagerService: IMMS.applyImeVisibility(), setVisible = true, mCurclient = ClientState{5824026 mUid=10030 mPid=25994 mSelfReportedDisplayId=0}
10-09 13:33:04.605  2042  6971 I WindowManager: WMS.showImePostLayout(), imeTarget = Window{739ab4c u0 eu.europa.ec.euidi/eu.europa.ec.assemblylogic.ui.MainActivity}
10-09 13:33:04.606  4304  4484 D OneHandedController: stopOneHanded state is 0
10-09 13:33:04.609  2042  2693 I ImeInsetsSourceProvider: ImeInsetsSourceProvider.scheduleShowImePostLayout() Run showImeRunner.
10-09 13:33:04.609  2042  2693 I ImeInsetsSourceProvider: ImeInsetsSourceProvider.scheduleShowImePostLayout() isReadyToShowIme.
10-09 13:33:04.618  4304  4484 D OneHandedController: stopOneHanded state is 0
10-09 13:33:04.998  2042  2787 I SmartPower: com.xiaomi.discover/10121(23492): idle->background(30868ms) R(broadcast start Intent { act=android.intent.action.BATTERY_CHANGED flg=0x60000010 (has extras) }) adj=905.
10-09 13:33:04.998  2042  2787 I SmartPower: com.miui.android.fashiongallery/10228(32611): idle->background(30867ms) R(broadcast start Intent { act=android.intent.action.BATTERY_CHANGED flg=0x60000010 (has extras) }) adj=915.
10-09 13:33:04.998  2042  2787 I SmartPower: com.facebook.appmanager/10138(27658): idle->background(30868ms) R(broadcast start Intent { act=android.intent.action.BATTERY_CHANGED flg=0x60000010 (has extras) }) adj=905.
10-09 13:33:04.999  2042  2787 I SmartPower: com.facebook.katana/10243(13231): idle->background(30867ms) R(broadcast start Intent { act=android.intent.action.BATTERY_CHANGED flg=0x60000010 (has extras) }) adj=905.
10-09 13:33:04.999  2042  2787 I SmartPower: com.google.android.apps.tachyon/10226(15532): idle->background(30868ms) R(broadcast start Intent { act=android.intent.action.BATTERY_CHANGED flg=0x60000010 (has extras) }) adj=965.
10-09 13:33:05.000  2042  2787 I SmartPower: com.microsoft.teams/10266(15546): idle->background(30867ms) R(broadcast start Intent { act=android.intent.action.BATTERY_CHANGED flg=0x60000010 (has extras) }) adj=900.
10-09 13:33:05.000  2042  2787 I SmartPower: com.google.android.apps.magazines/10234(19722): idle->background(30868ms) R(broadcast start Intent { act=android.intent.action.BATTERY_CHANGED flg=0x60000010 (has extras) }) adj=905.
10-09 13:33:05.001  2042  2787 I SmartPower: com.android.chrome/10172(17153): idle->background(5706ms) R(broadcast start Intent { act=android.intent.action.BATTERY_CHANGED flg=0x60000010 (has extras) }) adj=700.
10-09 13:33:05.018  2042  7011 D PerfShielderService: eu.europa.ec.euidi|eu.europa.ec.euidi/eu.europa.ec.assemblylogic.ui.MainActivity|136|34593844994510|91|2|4
10-09 13:33:05.018  6649  6663 W MiuiPerfServiceClient: interceptAndQueuing:25994|eu.europa.ec.euidi|136|91|34593844994510|Slow handle animation|4
10-09 13:33:05.280  2042  7011 D WindowManagerService: checkFlipFullScreenChange is same, nowIsFullScreen = false
10-09 13:33:05.282  2042  7011 W PresentationStatsEventLogger: Shouldn't be logging AutofillPresentationEventReported again for same event
10-09 13:33:05.282  2042  7011 W FillRequestEventLogger: Couldn't find packageName: com.google.android.inputmethod.latin
10-09 13:33:05.292  2042  7011 D AutofillSession: createPendingIntent for request 390
10-09 13:33:05.292  2042  7011 D ContentCapturePerUserService: Notified activity assist data for activity: Token{ed24b78 ActivityRecord{f53dd5 u0 eu.europa.ec.euidi/eu.europa.ec.assemblylogic.ui.MainActivity t6476}} without a session Id
10-09 13:33:05.310  2042  2073 I InputMethodManagerService: IMMS.showCurrentInputLocked(), flags = 1
10-09 13:33:05.311  2042  4772 D ActivityManager: checkAllowBackground: uid=10163 pkg=com.google.android.gms rec=UidRecord{3efeecd u0a163 FGS  change:procadj procs:0 seq(634993,425084)} caps=LCMNFU always=false idle=false
10-09 13:33:05.311  2042  2073 D SmartPower: com.google.android.inputmethod.latin/10176(6431): show input method
10-09 13:33:05.311  2042  2073 I DefaultImeVisibilityApplier: IMMS.showCurrentInputLocked request ims to show inputMethod.
10-09 13:33:05.316  2042  8301 W PackageConfigPersister: App-specific configuration not found for packageName: eu.europa.ec.euidi and userId: 0
10-09 13:33:05.326  2042  4772 D ActivityManager: checkAllowBackground: uid=10163 pkg=com.google.android.gms rec=UidRecord{3efeecd u0a163 FGS  change:procadj procs:0 seq(634997,425084)} caps=LCMNFU always=false idle=false
10-09 13:33:05.342  2042  8301 I InputMethodManagerService: IMMS.showSoftInput(), client = com.android.internal.inputmethod.IInputMethodClient$Stub$Proxy@939939b
10-09 13:33:05.342  2042  8301 I InputMethodManagerService: IMMS.showCurrentInputLocked(), flags = 0
10-09 13:33:05.342  2042  8301 D SmartPower: com.google.android.inputmethod.latin/10176(6431): show input method
10-09 13:33:05.342  2042  8301 I DefaultImeVisibilityApplier: IMMS.showCurrentInputLocked request ims to show inputMethod.
10-09 13:33:05.367  2042  2073 I InputMethodManagerService: IMMS.applyImeVisibility(), setVisible = true, mCurclient = ClientState{5824026 mUid=10030 mPid=25994 mSelfReportedDisplayId=0}
10-09 13:33:05.367  2042  2073 I WindowManager: WMS.showImePostLayout(), imeTarget = Window{739ab4c u0 eu.europa.ec.euidi/eu.europa.ec.assemblylogic.ui.MainActivity}
10-09 13:33:05.368  2042  6971 D ActivityManager: checkAllowBackground: uid=10163 pkg=com.google.android.gms rec=UidRecord{3efeecd u0a163 FGS  change:procadj procs:0 seq(635001,425084)} caps=LCMNFU always=false idle=false
10-09 13:33:05.372  2042  2693 I ImeInsetsSourceProvider: ImeInsetsSourceProvider.scheduleShowImePostLayout() Run showImeRunner.
10-09 13:33:05.372  2042  2693 I ImeInsetsSourceProvider: ImeInsetsSourceProvider.scheduleShowImePostLayout() isReadyToShowIme.
10-09 13:33:05.377  2042  2073 I InputMethodManagerService: IMMS.applyImeVisibility(), setVisible = true, mCurclient = ClientState{5824026 mUid=10030 mPid=25994 mSelfReportedDisplayId=0}
10-09 13:33:05.377  2042  2073 I WindowManager: WMS.showImePostLayout(), imeTarget = Window{739ab4c u0 eu.europa.ec.euidi/eu.europa.ec.assemblylogic.ui.MainActivity}
10-09 13:33:05.378  4304  4484 D OneHandedController: stopOneHanded state is 0
10-09 13:33:05.378  2042  2693 I ImeInsetsSourceProvider: ImeInsetsSourceProvider.scheduleShowImePostLayout() Run showImeRunner.
10-09 13:33:05.378  2042  2693 I ImeInsetsSourceProvider: ImeInsetsSourceProvider.scheduleShowImePostLayout() isReadyToShowIme.
10-09 13:33:05.385  2042  8301 D ActivityManager: checkAllowBackground: uid=10163 pkg=com.google.android.gms rec=UidRecord{3efeecd u0a163 FGS  change:procadj procs:0 seq(635005,425084)} caps=LCMNFU always=false idle=false
10-09 13:33:05.389  4304  4484 D OneHandedController: stopOneHanded state is 0
10-09 13:33:05.405  2042  4772 D ActivityManager: checkAllowBackground: uid=10163 pkg=com.google.android.gms rec=UidRecord{3efeecd u0a163 FGS  change:procadj procs:0 seq(635009,425084)} caps=LCMNFU always=false idle=false
10-09 13:33:05.429  2042  2073 D ActivityManager: checkAllowBackground: uid=10163 pkg=com.google.android.gms rec=UidRecord{3efeecd u0a163 FGS  change:procadj procs:0 seq(635013,425084)} caps=LCMNFU always=false idle=false
10-09 13:33:05.441  2042  4772 D ActivityManager: checkAllowBackground: uid=10163 pkg=com.google.android.gms rec=UidRecord{3efeecd u0a163 FGS  change:procadj procs:0 seq(635017,425084)} caps=LCMNFU always=false idle=false
10-09 13:33:05.500  2042  4772 W WindowManager: Cannot find window which accessibility connection is added to
10-09 13:33:05.502  2042  4772 W WindowManager: Failed looking up window session=Session{a1506bf 20547:u0a10213} callers=com.android.server.wm.WindowManagerService.windowForClientLocked:6851 com.android.server.wm.WindowManagerService.removeWindow:2423 com.android.server.wm.Session.remove:248 
10-09 13:33:05.712  2042  2042 W FillResponseEventLogger: FillResponseEventLogger is not empty before starting for a new request
10-09 13:33:05.713  2042  2042 D AutofillSession: Service did not request to wait for delayed fill response.
10-09 13:33:05.714  2042  4772 D ActivityManager: checkAllowBackground: uid=10163 pkg=com.google.android.gms rec=UidRecord{3efeecd u0a163 FGS  change:procadj procs:0 seq(635021,425084)} caps=LCMNFU always=false idle=false
10-09 13:33:05.971  2042  2073 D WindowManagerService: checkFlipFullScreenChange is same, nowIsFullScreen = false
10-09 13:33:05.973  2042  2073 W PresentationStatsEventLogger: Shouldn't be logging AutofillPresentationEventReported again for same event
10-09 13:33:05.974  2042  2073 W FillRequestEventLogger: Couldn't find packageName: com.google.android.inputmethod.latin
10-09 13:33:05.985  2042  2073 D AutofillSession: createPendingIntent for request 391
10-09 13:33:05.985  2042  2073 D ContentCapturePerUserService: Notified activity assist data for activity: Token{ed24b78 ActivityRecord{f53dd5 u0 eu.europa.ec.euidi/eu.europa.ec.assemblylogic.ui.MainActivity t6476}} without a session Id
10-09 13:33:06.003  2042  2073 D ActivityManager: checkAllowBackground: uid=10163 pkg=com.google.android.gms rec=UidRecord{3efeecd u0a163 FGS  change:procadj procs:0 seq(635025,425084)} caps=LCMNFU always=false idle=false
10-09 13:33:06.003  2042  8301 I InputMethodManagerService: IMMS.showCurrentInputLocked(), flags = 1
10-09 13:33:06.003  2042  8301 D SmartPower: com.google.android.inputmethod.latin/10176(6431): show input method
10-09 13:33:06.003  2042  8301 I DefaultImeVisibilityApplier: IMMS.showCurrentInputLocked request ims to show inputMethod.
10-09 13:33:06.009  2042  2073 W PackageConfigPersister: App-specific configuration not found for packageName: eu.europa.ec.euidi and userId: 0
10-09 13:33:06.022  2042  4772 D ActivityManager: checkAllowBackground: uid=10163 pkg=com.google.android.gms rec=UidRecord{3efeecd u0a163 FGS  change:procadj procs:0 seq(635029,425084)} caps=LCMNFU always=false idle=false
10-09 13:33:06.030  2042  7011 I InputMethodManagerService: IMMS.showSoftInput(), client = com.android.internal.inputmethod.IInputMethodClient$Stub$Proxy@a47a705
10-09 13:33:06.030  2042  7011 I InputMethodManagerService: IMMS.showCurrentInputLocked(), flags = 0
10-09 13:33:06.030  2042  7011 D SmartPower: com.google.android.inputmethod.latin/10176(6431): show input method
10-09 13:33:06.030  2042  7011 I DefaultImeVisibilityApplier: IMMS.showCurrentInputLocked request ims to show inputMethod.
10-09 13:33:06.058  2042  2073 I InputMethodManagerService: IMMS.applyImeVisibility(), setVisible = true, mCurclient = ClientState{5824026 mUid=10030 mPid=25994 mSelfReportedDisplayId=0}
10-09 13:33:06.058  2042  2073 I WindowManager: WMS.showImePostLayout(), imeTarget = Window{739ab4c u0 eu.europa.ec.euidi/eu.europa.ec.assemblylogic.ui.MainActivity}
10-09 13:33:06.060  2042  2693 I ImeInsetsSourceProvider: ImeInsetsSourceProvider.scheduleShowImePostLayout() Run showImeRunner.
10-09 13:33:06.060  2042  2693 I ImeInsetsSourceProvider: ImeInsetsSourceProvider.scheduleShowImePostLayout() isReadyToShowIme.
10-09 13:33:06.064  2042  7011 D ActivityManager: checkAllowBackground: uid=10163 pkg=com.google.android.gms rec=UidRecord{3efeecd u0a163 FGS  change:procadj procs:0 seq(635033,425084)} caps=LCMNFU always=false idle=false
10-09 13:33:06.066  2042  8301 I InputMethodManagerService: IMMS.applyImeVisibility(), setVisible = true, mCurclient = ClientState{5824026 mUid=10030 mPid=25994 mSelfReportedDisplayId=0}
10-09 13:33:06.066  2042  8301 I WindowManager: WMS.showImePostLayout(), imeTarget = Window{739ab4c u0 eu.europa.ec.euidi/eu.europa.ec.assemblylogic.ui.MainActivity}
10-09 13:33:06.066  4304  4484 D OneHandedController: stopOneHanded state is 0
10-09 13:33:06.067  2042  2693 I ImeInsetsSourceProvider: ImeInsetsSourceProvider.scheduleShowImePostLayout() Run showImeRunner.
10-09 13:33:06.067  2042  2693 I ImeInsetsSourceProvider: ImeInsetsSourceProvider.scheduleShowImePostLayout() isReadyToShowIme.
10-09 13:33:06.071  4304  4484 D OneHandedController: stopOneHanded state is 0
10-09 13:33:06.071  2042  7011 D ActivityManager: checkAllowBackground: uid=10163 pkg=com.google.android.gms rec=UidRecord{3efeecd u0a163 FGS  change:procadj procs:0 seq(635037,425084)} caps=LCMNFU always=false idle=false
10-09 13:33:06.085  2042  6971 D ActivityManager: checkAllowBackground: uid=10163 pkg=com.google.android.gms rec=UidRecord{3efeecd u0a163 FGS  change:procadj procs:0 seq(635041,425084)} caps=LCMNFU always=false idle=false
10-09 13:33:06.103  2042  8301 D ActivityManager: checkAllowBackground: uid=10163 pkg=com.google.android.gms rec=UidRecord{3efeecd u0a163 FGS  change:procadj procs:0 seq(635045,425084)} caps=LCMNFU always=false idle=false
10-09 13:33:06.123  2042  7011 D ActivityManager: checkAllowBackground: uid=10163 pkg=com.google.android.gms rec=UidRecord{3efeecd u0a163 FGS  change:procadj procs:0 seq(635049,425084)} caps=LCMNFU always=false idle=false
10-09 13:33:06.135  2042  7011 D ActivityManager: checkAllowBackground: uid=10163 pkg=com.google.android.gms rec=UidRecord{3efeecd u0a163 FGS  change:procadj procs:0 seq(635053,425084)} caps=LCMNFU always=false idle=false
10-09 13:33:06.206  2042  2692 W ProcessStats: Tracking association SourceState{3682bb3 com.miui.analytics/10093 BFgs #99944} whose proc state 4 is better than process ProcessState{6688729 com.miui.securitycenter.remote/1000 pkg=com.miui.securitycenter} proc state 9 (457 skipped)
10-09 13:33:06.407  2042  2042 W FillResponseEventLogger: FillResponseEventLogger is not empty before starting for a new request
10-09 13:33:06.408  2042  2042 D AutofillSession: Service did not request to wait for delayed fill response.
10-09 13:33:06.409  2042  7011 D ActivityManager: checkAllowBackground: uid=10163 pkg=com.google.android.gms rec=UidRecord{3efeecd u0a163 FGS  change:procadj procs:0 seq(635116,425084)} caps=LCMNFU always=false idle=false
10-09 13:33:06.671  2042  8301 D WindowManagerService: checkFlipFullScreenChange is same, nowIsFullScreen = false
10-09 13:33:06.674  2042  7011 D CompatibilityChangeReporter: Compat change id reported: 261072174; UID 10172; state: ENABLED
10-09 13:33:06.676  2042  8301 W PresentationStatsEventLogger: Shouldn't be logging AutofillPresentationEventReported again for same event
10-09 13:33:06.676  2042  8301 W FillRequestEventLogger: Couldn't find packageName: com.google.android.inputmethod.latin
10-09 13:33:06.688  2042  8301 D AutofillSession: createPendingIntent for request 392
10-09 13:33:06.688  2042  8301 D ContentCapturePerUserService: Notified activity assist data for activity: Token{ed24b78 ActivityRecord{f53dd5 u0 eu.europa.ec.euidi/eu.europa.ec.assemblylogic.ui.MainActivity t6476}} without a session Id
10-09 13:33:06.706  2042  7011 I InputMethodManagerService: IMMS.showCurrentInputLocked(), flags = 1
10-09 13:33:06.706  2042  7011 D SmartPower: com.google.android.inputmethod.latin/10176(6431): show input method
10-09 13:33:06.706  2042  7011 I DefaultImeVisibilityApplier: IMMS.showCurrentInputLocked request ims to show inputMethod.
10-09 13:33:06.708  2042  7000 W PackageConfigPersister: App-specific configuration not found for packageName: eu.europa.ec.euidi and userId: 0
10-09 13:33:06.709  2042  4772 D ActivityManager: checkAllowBackground: uid=10163 pkg=com.google.android.gms rec=UidRecord{3efeecd u0a163 FGS  change:procadj procs:0 seq(635164,425084)} caps=LCMNFU always=false idle=false
10-09 13:33:06.721  2042  8301 D ActivityManager: checkAllowBackground: uid=10163 pkg=com.google.android.gms rec=UidRecord{3efeecd u0a163 FGS  change:procadj procs:0 seq(635170,425084)} caps=LCMNFU always=false idle=false
10-09 13:33:06.731  2042  4772 I InputMethodManagerService: IMMS.showSoftInput(), client = com.android.internal.inputmethod.IInputMethodClient$Stub$Proxy@8999e80
10-09 13:33:06.732  2042  4772 I InputMethodManagerService: IMMS.showCurrentInputLocked(), flags = 0
10-09 13:33:06.732  2042  4772 D SmartPower: com.google.android.inputmethod.latin/10176(6431): show input method
10-09 13:33:06.732  2042  4772 I DefaultImeVisibilityApplier: IMMS.showCurrentInputLocked request ims to show inputMethod.
10-09 13:33:06.760  2042  8104 I InputMethodManagerService: IMMS.applyImeVisibility(), setVisible = true, mCurclient = ClientState{5824026 mUid=10030 mPid=25994 mSelfReportedDisplayId=0}
10-09 13:33:06.761  2042  7011 D ActivityManager: checkAllowBackground: uid=10163 pkg=com.google.android.gms rec=UidRecord{3efeecd u0a163 FGS  change:procadj procs:0 seq(635174,425084)} caps=LCMNFU always=false idle=false
10-09 13:33:06.761  2042  8104 I WindowManager: WMS.showImePostLayout(), imeTarget = Window{739ab4c u0 eu.europa.ec.euidi/eu.europa.ec.assemblylogic.ui.MainActivity}
10-09 13:33:06.762  2042  2693 I ImeInsetsSourceProvider: ImeInsetsSourceProvider.scheduleShowImePostLayout() Run showImeRunner.
10-09 13:33:06.763  2042  2693 I ImeInsetsSourceProvider: ImeInsetsSourceProvider.scheduleShowImePostLayout() isReadyToShowIme.
10-09 13:33:06.769  2042  4772 I InputMethodManagerService: IMMS.applyImeVisibility(), setVisible = true, mCurclient = ClientState{5824026 mUid=10030 mPid=25994 mSelfReportedDisplayId=0}
10-09 13:33:06.770  2042  4772 I WindowManager: WMS.showImePostLayout(), imeTarget = Window{739ab4c u0 eu.europa.ec.euidi/eu.europa.ec.assemblylogic.ui.MainActivity}
10-09 13:33:06.770  4304  4484 D OneHandedController: stopOneHanded state is 0
10-09 13:33:06.772  2042  2693 I ImeInsetsSourceProvider: ImeInsetsSourceProvider.scheduleShowImePostLayout() Run showImeRunner.
10-09 13:33:06.772  2042  2693 I ImeInsetsSourceProvider: ImeInsetsSourceProvider.scheduleShowImePostLayout() isReadyToShowIme.
10-09 13:33:06.775  2042  8104 D ActivityManager: checkAllowBackground: uid=10163 pkg=com.google.android.gms rec=UidRecord{3efeecd u0a163 FGS  change:procadj procs:0 seq(635178,425084)} caps=LCMNFU always=false idle=false
10-09 13:33:06.778  4304  4484 D OneHandedController: stopOneHanded state is 0
10-09 13:33:06.793  2042  8301 D ActivityManager: checkAllowBackground: uid=10163 pkg=com.google.android.gms rec=UidRecord{3efeecd u0a163 FGS  change:procadj procs:0 seq(635182,425084)} caps=LCMNFU always=false idle=false
10-09 13:33:06.806  2183  2183 I wificond: station_bandwidth: P
10-09 13:33:06.815  2042  8301 D ActivityManager: checkAllowBackground: uid=10163 pkg=com.google.android.gms rec=UidRecord{3efeecd u0a163 FGS  change:procadj procs:0 seq(635186,425084)} caps=LCMNFU always=false idle=false
10-09 13:33:06.831  2042  8104 D ActivityManager: checkAllowBackground: uid=10163 pkg=com.google.android.gms rec=UidRecord{3efeecd u0a163 FGS  change:procadj procs:0 seq(635190,425084)} caps=LCMNFU always=false idle=false
10-09 13:33:06.841  2042  8301 D ActivityManager: checkAllowBackground: uid=10163 pkg=com.google.android.gms rec=UidRecord{3efeecd u0a163 FGS  change:procadj procs:0 seq(635194,425084)} caps=LCMNFU always=false idle=false
10-09 13:33:07.123  2042  2042 W FillResponseEventLogger: FillResponseEventLogger is not empty before starting for a new request
10-09 13:33:07.123  2042  2042 D AutofillSession: Service did not request to wait for delayed fill response.
10-09 13:33:07.125  2042  8301 D ActivityManager: checkAllowBackground: uid=10163 pkg=com.google.android.gms rec=UidRecord{3efeecd u0a163 FGS  change:procadj procs:0 seq(635198,425084)} caps=LCMNFU always=false idle=false
