10-09 17:03:21.783  4304  4484 D TransitionAnimationHelper:  load default animation  type = 1 enter = true animAttr = 8 isTask = true translucent = false
10-09 17:03:21.786  2042  2692 D SchedBoost: com.android.chrome boosting, skip reset priority
10-09 17:03:21.786  2042  2692 D SchedBoost: com.android.chrome:sandboxed_process0:org.chromium.content.app.SandboxedProcessService0:11 boosting, skip reset priority
10-09 17:03:21.786  2042  2692 D SchedBoost: com.google.android.adservices.api boosting, skip reset priority
10-09 17:03:21.787  2042  2692 D SchedBoost: com.android.chrome:privileged_process0 boosting, skip reset priority
10-09 17:03:21.787  2042  2692 W ProcessStats: Tracking association SourceState{1b0dd2c com.android.vending/10164 ImpBg #126690} whose proc state 6 is better than process ProcessState{d60be6a com.android.vending:background/10164 pkg=com.android.vending} proc state 14 (22 skipped)
10-09 17:03:21.788  4304  4520 D ShellTransitions: speed ui!!!!!!!!!!!
10-09 17:03:21.788  4304  4484 D MiuiFullScreenTaskRepository: setFocusedTask taskId=6587, displayId=0, topActivity=ComponentInfo{eu.europa.ec.euidi/eu.europa.ec.assemblylogic.ui.MainActivity}
10-09 17:03:21.788  4304  4484 D MiuiFullScreenTaskRepository: addOrUpdateFullScreenTaskInfo taskId=6587, topActivity=ComponentInfo{eu.europa.ec.euidi/eu.europa.ec.assemblylogic.ui.MainActivity}
10-09 17:03:21.792  4304  4520 D ArtChoreographerMonitor: invoke error.
10-09 17:03:21.798  4304  4484 D SoScUtils: monitorTransitionFinished transition:android.os.BinderProxy@3018351 transaction: android.view.SurfaceControl$Transaction@37fe6f2 mRequestCloseTransition:null mRequestOpenTransition:null mPairsOpenTransition:null mPairsOpenTransitionNull:null mRequestOpenTriggerTask:-1 mRequestCloseTriggerTask:-1 mOrientationTransition: null mMainStartingTask:-1 mSideStartingTask:-1
10-09 17:03:21.802  2042  6982 I Transition: finishTransition: updateLastSurfacePosition tf=Task{824377 #6587 type=standard A=10030:eu.europa.ec.euidi}
10-09 17:03:21.808  4304  4484 D MiuiFullScreenTaskRepository: addOrUpdateFullScreenTaskInfo taskId=6565, topActivity=ComponentInfo{com.android.chrome/org.chromium.chrome.browser.ChromeTabbedActivity}
10-09 17:03:21.808  2042  2692 I SmartPower: com.android.chrome/10172(25786): visible->invisible(26968ms) R(become invisible) adj=200.
10-09 17:03:21.808  2042  2692 I SmartPower: com.android.chrome:privileged_process0/10172(25887): invisible->background(27200ms) R(become background) adj=200.
10-09 17:03:21.808  2042  2692 I SmartPower: com.android.chrome/10172(25786): invisible->background(0ms) R(become background) adj=200.
10-09 17:03:21.817  2042  7043 I WindowManager: cancelAnimation removed leash : Surface(name=Surface(name=49d5fba InputMethod#118)/@0xbb23dc8 - animation-leash of insets_animation#11143)/@0xa69fc7c
10-09 17:03:21.820  2042  3110 D CompatibilityChangeReporter: Compat change id reported: 265195908; UID 10172; state: ENABLED
10-09 17:03:21.820  2042  4100 W PackageConfigPersister: App-specific configuration not found for packageName: eu.europa.ec.euidi and userId: 0
10-09 17:03:21.841  2042  8301 D CoreBackPreview: Window{13dfb59 u0 com.android.chrome/org.chromium.chrome.browser.ChromeTabbedActivity}: Setting back callback OnBackInvokedCallbackInfo{mCallback=android.window.IOnBackInvokedCallback$Stub$Proxy@3d0b6d9, mPriority=-1, mIsAnimationCallback=false}
10-09 17:03:21.865 25786 25786 D ActivityThread: Fail to check app heapsize due to java.lang.NoSuchMethodException: dalvik.system.VMRuntime.getBlockingGcCountForAlloc []
10-09 17:03:21.868  2042  2690 D Aurogon :  uid = 10172 switch to BG
10-09 17:03:21.868  2042  3500 D isUidValid: uid = 10172
10-09 17:03:21.921   702 27638 W keystore2: system/security/keystore2/src/remote_provisioning.rs:102 - Error occurred: system/security/keystore2/src/rkpd_client.rs:307: Trying to get to IRegistration service.
10-09 17:03:21.921   702 27638 W keystore2: 
10-09 17:03:21.921   702 27638 W keystore2: Caused by:
10-09 17:03:21.921   702 27638 W keystore2:     0: system/security/keystore2/src/rkpd_client.rs:162: Trying to get IRPC name.
10-09 17:03:21.921   702 27638 W keystore2:     1: system/security/keystore2/src/globals.rs:440
10-09 17:03:21.921   702 27638 W keystore2:     2: Error::Km(r#HARDWARE_TYPE_UNAVAILABLE)
10-09 17:03:21.964  4304  4304 D ArtChoreographerMonitor: invoke error.
10-09 17:03:22.516  2042  2802 I ExtM    : zram userate is low, no need to flush: 49
10-09 17:03:22.891  2042  2072 W MIUIInput: Input event injection from package: null action ACTION_DOWN
10-09 17:03:22.895  2042  8301 W MIUIInput: Input event injection from package: null action ACTION_UP
10-09 17:03:23.484  2042  2072 W MIUIInput: Input event injection from package: null action ACTION_DOWN
10-09 17:03:23.487  2042  2072 W MIUIInput: Input event injection from package: null action ACTION_UP
10-09 17:03:23.906  2042  2072 I ActivityManager: Force stopping eu.europa.ec.euidi appid=10030 user=0: from process:7091
10-09 17:03:23.906  2042  3515 E ProcessManager: error write exception log
10-09 17:03:23.909  2042  2074 D DisplayManagerService: Drop pending events for gone uid 10030
10-09 17:03:23.909  2042  2072 I ActivityManager: Killing 6347:eu.europa.ec.euidi/u0a30 (adj 0): stop eu.europa.ec.euidi due to from process:7091
10-09 17:03:23.913  2042  2072 W ActivityTaskManager: Force removing ActivityRecord{6150c11 u0 eu.europa.ec.euidi/eu.europa.ec.assemblylogic.ui.MainActivity t6587 f}}: app died, no saved state
10-09 17:03:23.914  2042  2072 D WindowManager: Requesting StartTransition: TransitionRecord{64d666f id=517 type=CLOSE flags=0x0}
10-09 17:03:23.914  2042  2072 D WindowManager: Collecting in transition 517: Task{824377 #6587 type=standard A=10030:eu.europa.ec.euidi} init visibleRequested:true
10-09 17:03:23.915  2042  2072 D WindowManager: Collecting in transition 517: ActivityRecord{6150c11 u0 eu.europa.ec.euidi/eu.europa.ec.assemblylogic.ui.MainActivity t6587 f}} init visibleRequested:false
10-09 17:03:23.916  2042  2072 D WindowManager: wms.Input focus has changed to null display=0 updateInputWindows = true
10-09 17:03:23.916  2042  2072 I MultiSenceManagerInternalStub: getInstance
10-09 17:03:23.918  2042  2072 D WindowManager: Collecting in transition 517: ActivityRecord{f2f67ae u0 com.android.chrome/org.chromium.chrome.browser.ChromeTabbedActivity t6565} init visibleRequested:false
10-09 17:03:23.920  2042  2072 I SmartPower: com.android.chrome:privileged_process0/10172(25887): background->invisible(2111ms) R(become foreground) adj=700.
10-09 17:03:23.920  2042  2072 I SmartPower: com.android.chrome/10172(25786): background->invisible(2111ms) R(become foreground) adj=700.
10-09 17:03:23.920  2042  2072 D WindowManager: Collecting in transition 517: ActivityRecord{f2f67ae u0 com.android.chrome/org.chromium.chrome.browser.ChromeTabbedActivity t6565} init visibleRequested:true
10-09 17:03:23.923  2042  6879 D WindowManager: Set transition=TransitionRecord{64d666f id=517 type=CLOSE flags=0x0}, ready=true, SyncId=517 
10-09 17:03:23.924  4304  4484 D MiuiFullScreenTaskRepository: removeFocusedTask displayId=0
10-09 17:03:23.924  4304  4484 D MiuiFullScreenTaskRepository: addOrUpdateFullScreenTaskInfo taskId=6587, topActivity=null
10-09 17:03:23.924  4304  4484 D MiuiFullScreenTaskRepository: addOrUpdateFullScreenTaskInfo taskId=6565, topActivity=ComponentInfo{com.android.chrome/org.chromium.chrome.browser.ChromeTabbedActivity}
10-09 17:03:23.925  2042  2690 D Aurogon :  uid = 10172 switch to FG
10-09 17:03:23.928  2042  2693 I BLASTSyncEngine: SyncGroup 517:  Unfinished container:ActivityRecord{f2f67ae u0 com.android.chrome/org.chromium.chrome.browser.ChromeTabbedActivity t6565}
10-09 17:03:23.928  2042  2693 I BLASTSyncEngine: isActivitySyncFinished isSyncFinished false ActivityRecord{f2f67ae u0 com.android.chrome/org.chromium.chrome.browser.ChromeTabbedActivity t6565}
10-09 17:03:23.931  2042  2072 D WindowManager: Set transition=TransitionRecord{64d666f id=517 type=CLOSE flags=0x0}, ready=true, SyncId=517 
10-09 17:03:23.931  2042  2072 I AppsFilter: interaction: PackageSetting{12f5306 io.appium.uiautomator2.server.test/10767} -> PackageSetting{977e005 eu.europa.ec.euidi/10030} BLOCKED
10-09 17:03:23.932  2042  2072 I AppsFilter: interaction: PackageSetting{e02bff4 com.fido.asm/10104} -> PackageSetting{977e005 eu.europa.ec.euidi/10030} BLOCKED
10-09 17:03:23.932  2042  2072 I AppsFilter: interaction: PackageSetting{860431d io.appium.uiautomator2.server/10769} -> PackageSetting{977e005 eu.europa.ec.euidi/10030} BLOCKED
10-09 17:03:23.932  2042  2072 I AppsFilter: interaction: PackageSetting{add9992 io.appium.settings/10611} -> PackageSetting{977e005 eu.europa.ec.euidi/10030} BLOCKED
10-09 17:03:23.936  2042  2072 D CompatibilityChangeReporter: Compat change id reported: 319212206; UID 10172; state: ENABLED
10-09 17:03:23.953  2042  6982 D ActivityManager: checkAllowBackground: uid=10163 pkg=com.google.android.gms rec=UidRecord{3efeecd u0a163 BTOP change:procstateprocadj procs:0 seq(912929,425084)} caps=LCMNFU always=false idle=false
10-09 17:03:23.956  2042  3110 D CompatibilityChangeReporter: Compat change id reported: 218533173; UID 10030; state: ENABLED
10-09 17:03:23.956  2042  3110 D CompatibilityChangeReporter: Compat change id reported: 262645982; UID 10030; state: ENABLED
10-09 17:03:23.958  2042  7043 D AutofillSession: handling death of Token{d0f2be4 ActivityRecord{6150c11 u0 eu.europa.ec.euidi/eu.europa.ec.assemblylogic.ui.MainActivity t6587 f} isExiting}} when saving=false
10-09 17:03:23.959  2042  8301 I WindowManager: WIN DEATH: Window{fee273f u0 eu.europa.ec.euidi/eu.europa.ec.assemblylogic.ui.MainActivity}
10-09 17:03:23.961  4304  4304 D ArtChoreographerMonitor: invoke error.
10-09 17:03:23.965  2042  8301 I BLASTSyncEngine: SyncGroup 517:  Unfinished container:ActivityRecord{f2f67ae u0 com.android.chrome/org.chromium.chrome.browser.ChromeTabbedActivity t6565}
10-09 17:03:23.965  2042  8301 I BLASTSyncEngine: isActivitySyncFinished isSyncFinished false ActivityRecord{f2f67ae u0 com.android.chrome/org.chromium.chrome.browser.ChromeTabbedActivity t6565}
10-09 17:03:23.968  2042  9053 D CoreBackPreview: Window{13dfb59 u0 com.android.chrome/org.chromium.chrome.browser.ChromeTabbedActivity}: Setting back callback OnBackInvokedCallbackInfo{mCallback=android.window.IOnBackInvokedCallback$Stub$Proxy@a9e4a98, mPriority=0, mIsAnimationCallback=true}
10-09 17:03:23.971  2042  6971 D ActivityManager: checkAllowBackground: uid=10163 pkg=com.google.android.gms rec=UidRecord{3efeecd u0a163 BTOP change:procadj procs:0 seq(912976,425084)} caps=LCMNFU always=false idle=false
10-09 17:03:24.014  4304  5037 D MiuiFreeformModeObserver: activityResumed() intent： Intent { cmp=com.android.chrome/org.chromium.chrome.browser.ChromeTabbedActivity (has extras) }
10-09 17:03:24.038  2042  6971 I BLASTSyncEngine: SyncGroup 517:  Unfinished container:ActivityRecord{f2f67ae u0 com.android.chrome/org.chromium.chrome.browser.ChromeTabbedActivity t6565}
10-09 17:03:24.038  2042  6971 I BLASTSyncEngine: isActivitySyncFinished isSyncFinished false ActivityRecord{f2f67ae u0 com.android.chrome/org.chromium.chrome.browser.ChromeTabbedActivity t6565}
10-09 17:03:24.039  2042  6971 I WindowManager: cancelAnimation removed leash : Surface(name=Surface(name=704023a StatusBar#94)/@0xa8be448 - animation-leash of insets_animation#11183)/@0xdac33a2
10-09 17:03:24.040  2042  6971 I WindowManager: cancelAnimation removed leash : Surface(name=Surface(name=d968687 NavigationBar0#90)/@0x2f479dd - animation-leash of insets_animation#11184)/@0x710b7f0
10-09 17:03:24.041  2042  6971 D WindowManager: wms.Input focus has changed to Window{13dfb59 u0 com.android.chrome/org.chromium.chrome.browser.ChromeTabbedActivity} display=0 updateInputWindows = true
10-09 17:03:24.042  2042  6971 I MultiSenceManagerInternalStub: getInstance
10-09 17:03:24.046  2042  2693 W WindowManager: Failed to deliver inset control state change to w=Window{fee273f u0 eu.europa.ec.euidi/eu.europa.ec.assemblylogic.ui.MainActivity EXITING}
10-09 17:03:24.046  2042  2693 W WindowManager: android.os.DeadObjectException
10-09 17:03:24.046  2042  2693 W WindowManager: 	at android.os.BinderProxy.transactNative(Native Method)
10-09 17:03:24.046  2042  2693 W WindowManager: 	at android.os.BinderProxy.transact(BinderProxy.java:639)
10-09 17:03:24.046  2042  2693 W WindowManager: 	at android.view.IWindow$Stub$Proxy.insetsControlChanged(IWindow.java:622)
10-09 17:03:24.046  2042  2693 W WindowManager: 	at com.android.server.wm.WindowState.notifyInsetsControlChanged(WindowState.java:4303)
10-09 17:03:24.046  2042  2693 W WindowManager: 	at com.android.server.wm.InsetsStateController.lambda$notifyPendingInsetsControlChanged$3(InsetsStateController.java:386)
10-09 17:03:24.046  2042  2693 W WindowManager: 	at com.android.server.wm.InsetsStateController.$r8$lambda$8yykPRG1GyNq_J17QvL9d5xANMc(Unknown Source:0)
10-09 17:03:24.046  2042  2693 W WindowManager: 	at com.android.server.wm.InsetsStateController$$ExternalSyntheticLambda2.run(Unknown Source:2)
10-09 17:03:24.046  2042  2693 W WindowManager: 	at com.android.server.wm.WindowAnimator.executeAfterPrepareSurfacesRunnables(WindowAnimator.java:303)
10-09 17:03:24.046  2042  2693 W WindowManager: 	at com.android.server.wm.WindowAnimator.animate(WindowAnimator.java:211)
10-09 17:03:24.046  2042  2693 W WindowManager: 	at com.android.server.wm.WindowAnimator.lambda$new$1(WindowAnimator.java:99)
10-09 17:03:24.046  2042  2693 W WindowManager: 	at com.android.server.wm.WindowAnimator.$r8$lambda$aHNu1uhcqxihX5NZc4McDDQPAyw(Unknown Source:0)
10-09 17:03:24.046  2042  2693 W WindowManager: 	at com.android.server.wm.WindowAnimator$$ExternalSyntheticLambda1.doFrame(Unknown Source:2)
10-09 17:03:24.046  2042  2693 W WindowManager: 	at android.view.Choreographer$CallbackRecord.run(Choreographer.java:1652)
10-09 17:03:24.046  2042  2693 W WindowManager: 	at android.view.Choreographer$CallbackRecord.run(Choreographer.java:1663)
10-09 17:03:24.046  2042  2693 W WindowManager: 	at android.view.Choreographer.doCallbacks(Choreographer.java:1160)
10-09 17:03:24.046  2042  2693 W WindowManager: 	at android.view.Choreographer.doFrame(Choreographer.java:1057)
10-09 17:03:24.046  2042  2693 W WindowManager: 	at android.view.Choreographer$FrameDisplayEventReceiver.run(Choreographer.java:1617)
10-09 17:03:24.046  2042  2693 W WindowManager: 	at android.os.Handler.handleCallback(Handler.java:958)
10-09 17:03:24.046  2042  2693 W WindowManager: 	at android.os.Handler.dispatchMessage(Handler.java:99)
10-09 17:03:24.046  2042  2693 W WindowManager: 	at android.os.Looper.loopOnce(Looper.java:222)
10-09 17:03:24.046  2042  2693 W WindowManager: 	at android.os.Looper.loop(Looper.java:314)
10-09 17:03:24.046  2042  2693 W WindowManager: 	at android.os.HandlerThread.run(HandlerThread.java:67)
10-09 17:03:24.046  2042  2693 W WindowManager: 	at com.android.server.ServiceThread.run(ServiceThread.java:46)
10-09 17:03:24.090  2042  8301 D WindowManager: wms.finishDrawingLocked: mDrawState=COMMIT_DRAW_PENDING Window{13dfb59 u0 com.android.chrome/org.chromium.chrome.browser.ChromeTabbedActivity} in Surface(name=com.android.chrome/org.chromium.chrome.browser.ChromeTabbedActivity#11188)/@0xa1ec84f
10-09 17:03:24.092  2042  2693 I SmartPower: com.android.chrome/10172(25786): invisible->visible(172ms) R(become visible) adj=101.
10-09 17:03:24.092  2042  2693 I WindowManager: wms.showSurfaceRobustly mWin:Window{13dfb59 u0 com.android.chrome/org.chromium.chrome.browser.ChromeTabbedActivity}
10-09 17:03:24.093  2042  2693 D WindowManager: Final targets: [Task{824377 #6587 type=standard A=10030:eu.europa.ec.euidi}, Task{ac848dc #6565 type=standard A=10172:com.android.chrome}]
10-09 17:03:24.108  2042  2693 D WindowManager: Calling onTransitionReady info={id=517 t=CLOSE f=0x0 trk=0 r=[0@Point(0, 0)] c=[{WCT{RemoteToken{251eebd Task{824377 #6587 type=standard A=10030:eu.europa.ec.euidi}}} m=CLOSE f=NONE leash=Surface(name=Task=6587#11043)/@0x6c98176 sb=Rect(0, 0 - 1080, 2400) eb=Rect(0, 0 - 1080, 2400) d=0},{WCT{RemoteToken{be892c5 Task{ac848dc #6565 type=standard A=10172:com.android.chrome}}} m=TO_FRONT f=NONE leash=Surface(name=Task=6565#9987)/@0x75a594f sb=Rect(0, 0 - 1080, 2400) eb=Rect(0, 0 - 1080, 2400) d=0}] noAni=[false] df=[false] mk=[true] nc=[0]}, mToken=Token{284ab9d TransitionRecord{64d666f id=517 type=CLOSE flags=0x0}}
10-09 17:03:24.109  2042  2693 I BLASTSyncEngine: finishNow: after onTransactionReady, mSyncId=517
10-09 17:03:24.111  4304  4484 D MiuiFreeformAnimation: startAnimation change: {WCT{android.window.IWindowContainerToken$Stub$Proxy@efafbec} m=CLOSE f=NONE leash=Surface(name=Task=6587#11043)/@0x23628f9 sb=Rect(0, 0 - 1080, 2400) eb=Rect(0, 0 - 1080, 2400) d=0} info.getType(): 2
10-09 17:03:24.111  4304  4484 D MiuiFreeformAnimation: startAnimation change: {WCT{android.window.IWindowContainerToken$Stub$Proxy@e275bb5} m=TO_FRONT f=NONE leash=Surface(name=Task=6565#9987)/@0xb21803e sb=Rect(0, 0 - 1080, 2400) eb=Rect(0, 0 - 1080, 2400) d=0} info.getType(): 2
10-09 17:03:24.111  4304  4484 I MiuiFreeformAnimation: isLaunchWidgetPicker=false,taskInfo.getWindowingMode()=1, taskInfo.getActivityType()=1
10-09 17:03:24.112  4304  4484 W MiuiTaskTransitionHandler: Receive an unknown transition, token=android.os.BinderProxy@6ff4143, type=2
10-09 17:03:24.113  4304  4484 D TransitionAnimationHelper:  load default animation  type = 2 enter = true animAttr = 10 isTask = true translucent = false
10-09 17:03:24.113  2042  3500 D GreezeManager:  report signal uid = 10030 pid = 6347is not frozen.
10-09 17:03:24.113  4304  4484 D TransitionAnimationHelper:  load default animation  type = 2 enter = false animAttr = 11 isTask = true translucent = false
10-09 17:03:24.114  4304  4520 D ShellTransitions: speed ui!!!!!!!!!!!
10-09 17:03:24.115  4304  4484 D MiuiFullScreenTaskRepository: addOrUpdateFullScreenTaskInfo taskId=6565, topActivity=ComponentInfo{com.android.chrome/org.chromium.chrome.browser.ChromeTabbedActivity}
10-09 17:03:24.122  2042  6971 D PackageParserImpl: dump dex file,file message: base.odex: 240Kb base.vdex: 578Kb 
10-09 17:03:24.127  4304  4484 D SoScUtils: monitorTransitionFinished transition:android.os.BinderProxy@6ff4143 transaction: android.view.SurfaceControl$Transaction@5c27d8f mRequestCloseTransition:null mRequestOpenTransition:null mPairsOpenTransition:null mPairsOpenTransitionNull:null mRequestOpenTriggerTask:-1 mRequestCloseTriggerTask:-1 mOrientationTransition: null mMainStartingTask:-1 mSideStartingTask:-1
10-09 17:03:24.130  2042  6981 W WindowManager: Exception thrown during dispatchAppVisibility Window{fee273f u0 eu.europa.ec.euidi/eu.europa.ec.assemblylogic.ui.MainActivity EXITING}
10-09 17:03:24.130  2042  6981 W WindowManager: android.os.DeadObjectException
10-09 17:03:24.130  2042  6981 W WindowManager: 	at android.os.BinderProxy.transactNative(Native Method)
10-09 17:03:24.130  2042  6981 W WindowManager: 	at android.os.BinderProxy.transact(BinderProxy.java:639)
10-09 17:03:24.130  2042  6981 W WindowManager: 	at android.view.IWindow$Stub$Proxy.dispatchAppVisibility(IWindow.java:689)
10-09 17:03:24.130  2042  6981 W WindowManager: 	at com.android.server.wm.WindowState.sendAppVisibilityToClients(WindowState.java:3610)
10-09 17:03:24.130  2042  6981 W WindowManager: 	at com.android.server.wm.WindowContainer.sendAppVisibilityToClients(WindowContainer.java:1307)
10-09 17:03:24.130  2042  6981 W WindowManager: 	at com.android.server.wm.WindowToken.setClientVisible(WindowToken.java:425)
10-09 17:03:24.130  2042  6981 W WindowManager: 	at com.android.server.wm.ActivityRecord.setClientVisible(ActivityRecord.java:8357)
10-09 17:03:24.130  2042  6981 W WindowManager: 	at com.android.server.wm.ActivityRecord.postApplyAnimation(ActivityRecord.java:6774)
10-09 17:03:24.130  2042  6981 W WindowManager: 	at com.android.server.wm.ActivityRecord.commitVisibility(ActivityRecord.java:6717)
10-09 17:03:24.130  2042  6981 W WindowManager: 	at com.android.server.wm.Transition.finishTransition(Transition.java:1432)
10-09 17:03:24.130  2042  6981 W WindowManager: 	at com.android.server.wm.TransitionController.finishTransition(TransitionController.java:1054)
10-09 17:03:24.130  2042  6981 W WindowManager: 	at com.android.server.wm.WindowOrganizerController.finishTransition(WindowOrganizerController.java:478)
10-09 17:03:24.130  2042  6981 W WindowManager: 	at android.window.IWindowOrganizerController$Stub.onTransact(IWindowOrganizerController.java:321)
10-09 17:03:24.130  2042  6981 W WindowManager: 	at com.android.server.wm.WindowOrganizerController.onTransact(WindowOrganizerController.java:218)
10-09 17:03:24.130  2042  6981 W WindowManager: 	at android.os.Binder.execTransactInternal(Binder.java:1351)
10-09 17:03:24.130  2042  6981 W WindowManager: 	at android.os.Binder.execTransact(Binder.java:1282)
10-09 17:03:24.130  2042  6981 W WindowManager: The process may be dead, tid:6347,tgid:-1
10-09 17:03:24.130  2042  6981 I Transition: finishTransition: updateLastSurfacePosition tf=Task{824377 #6587 type=standard A=10030:eu.europa.ec.euidi}
10-09 17:03:24.134  2042  6971 W PackageConfigPersister: App-specific configuration not found for packageName: com.android.chrome and userId: 0
10-09 17:03:24.139  2042  6981 I WindowManager: cancelAnimation removed leash : Surface(name=Surface(name=49d5fba InputMethod#118)/@0xbb23dc8 - animation-leash of insets_animation#11187)/@0xb7359dd
10-09 17:03:24.144  4304  4484 D MiuiFullScreenTaskRepository: addOrUpdateFullScreenTaskInfo taskId=6587, topActivity=null
10-09 17:03:24.145  2042  2693 W ActivityTaskManager: Can't find TaskDisplayArea to determine support for multi window. Task id=6587 attached=false
10-09 17:03:24.146  4304  4484 D MiuiFullScreenTaskRepository: removeFullScreenTask taskId=6587, topActivity=null
10-09 17:03:24.146  4304  4484 D MiuiWindowDecorViewModel: destroyWindowDecoration: taskId=6587, windowingMode=1, mWindowDecorByTaskId.size()=0, callers=com.android.wm.shell.fullscreen.FullscreenTaskListener.onTaskVanished:143 com.android.wm.shell.ShellTaskOrganizer.onTaskVanished:138 android.window.TaskOrganizer$1.lambda$onTaskVanished$5:391 android.window.TaskOrganizer$1.$r8$lambda$cnLAmEuLf_BQ_jFuhQbGGs5ghXo:0 android.window.TaskOrganizer$1$$ExternalSyntheticLambda14.run:4 
10-09 17:03:24.149  2042  8301 I WindowManager: cancelAnimation removed leash : Surface(name=Surface(name=49d5fba InputMethod#118)/@0xbb23dc8 - animation-leash of insets_animation#11199)/@0xaefc036
10-09 17:03:24.151  2042  2692 W ActivityManager: setHasOverlayUi called on unknown pid: 6347
10-09 17:03:24.292  4304  4304 D ArtChoreographerMonitor: invoke error.
10-09 17:03:24.705  2183  2183 I wificond: station_bandwidth: P
10-09 17:03:24.775  2042  6971 D ATMSImpl: setActivityController callingUid:2000 control=true
10-09 17:03:24.776  2042  6971 W ActivityManager: registerReceiverWithFeature: no app for null
10-09 17:03:24.783  2042  6971 D CompatibilityChangeReporter: Compat change id reported: 161252188; UID 10030; state: DISABLED
10-09 17:03:24.784  2042  6971 W ActivityTaskManager: callingPackage for (uid=2000, pid=7109) has no WPC
10-09 17:03:24.786  2042  6971 D WindowManager: Collecting in transition 518: ActivityRecord{5caf1a u0 eu.europa.ec.euidi/eu.europa.ec.assemblylogic.ui.MainActivity init visibleRequested:false
10-09 17:03:24.788  2042  6971 I WindowManager: When perf version lower than 2.3, MiGTStub result: false, gameType: 1, packageName: eu.europa.ec.euidi
10-09 17:03:24.788  2042  6971 D MiuiFreeFormManagerService: activeOrFullscreenFreeformTaskIfNeed startDefaultAr:true
10-09 17:03:24.790  4304  4484 D OneHandedController: stopOneHanded state is 0
10-09 17:03:24.792  2042  6971 D WindowManagerService: checkFlipFullScreenChange is same, nowIsFullScreen = false
10-09 17:03:24.793  2042  6971 D WindowManager: setLockTaskAuth: task=Task{da98c28 #6590 type=standard A=10030:eu.europa.ec.euidi} mLockTaskAuth=LOCK_TASK_AUTH_PINNABLE
10-09 17:03:24.793  2042  6971 D WindowManager: Collecting in transition 518: Task{da98c28 #6590 type=standard A=10030:eu.europa.ec.euidi} init visibleRequested:false
10-09 17:03:24.794  2042  6971 D CompatibilityChangeReporter: Compat change id reported: 184838306; UID 10030; state: DISABLED
10-09 17:03:24.794  2042  6971 D CompatibilityChangeReporter: Compat change id reported: 185004937; UID 10030; state: DISABLED
10-09 17:03:24.797  2042  6971 D WindowManager: setLockTaskAuth: task=Task{da98c28 #6590 type=standard A=10030:eu.europa.ec.euidi} mLockTaskAuth=LOCK_TASK_AUTH_PINNABLE
10-09 17:03:24.797  2042  6971 D MiuiFreeFormManagerService: onStartActivityInner as = Task{da98c28 #6590 type=standard A=10030:eu.europa.ec.euidi} op = null
10-09 17:03:24.797  2042  6971 D ActivityTaskManager: Task#startActivityLocked isOrhasTask=true newTask=true
10-09 17:03:24.799  2042  6971 D CompatibilityChangeReporter: Compat change id reported: 205907456; UID 10030; state: ENABLED
10-09 17:03:24.801  2042  6971 D WindowManager: Collecting in transition 518: ActivityRecord{5caf1a u0 eu.europa.ec.euidi/eu.europa.ec.assemblylogic.ui.MainActivity t6590} init visibleRequested:false
10-09 17:03:24.801  2042  6971 D WindowManager: Requesting StartTransition: TransitionRecord{259a027 id=518 type=OPEN flags=0x0}
10-09 17:03:24.802  2042  6971 I ActivityTaskManager: START u0 {act=android.intent.action.MAIN cat=[android.intent.category.LAUNCHER] flg=0x10200000 cmp=eu.europa.ec.euidi/eu.europa.ec.assemblylogic.ui.MainActivity} with LAUNCH_SINGLE_TASK from uid 2000 from pid 7109 callingPackage com.android.shell (BAL_ALLOW_PERMISSION) result code=0
10-09 17:03:24.802  2042  2770 D ATMSImpl: Begin to report package foreground events...
10-09 17:03:24.804  4304  4575 D TaskSnapshot_Helper: SYS is normal.
10-09 17:03:24.806  4304  4484 I SoScUtils: monitorTransitionRequest mRequestOpenTransition:null mRequestOpenTriggerTask:-1 mRequestCloseTransition:null mRequestCloseTriggerTask:-1 mRequestCloseStageType:-1
10-09 17:03:24.806  2042  9053 D WindowManager: Set transition=TransitionRecord{259a027 id=518 type=OPEN flags=0x0}, ready=false, SyncId=518 used=true, override=false, defer=0, states=Display{#0 state=ON size=1080x2400 ROTATION_0}:false
10-09 17:03:24.807  4304  4484 D MiuiFullScreenTaskRepository: setFocusedTask taskId=6565, displayId=0, topActivity=ComponentInfo{com.android.chrome/org.chromium.chrome.browser.ChromeTabbedActivity}
10-09 17:03:24.807  4304  4484 D MiuiFullScreenTaskRepository: addOrUpdateFullScreenTaskInfo taskId=6565, topActivity=ComponentInfo{com.android.chrome/org.chromium.chrome.browser.ChromeTabbedActivity}
10-09 17:03:24.807  4304  4484 D MiuiFreeformModeController: onFocusTaskChanged taskInfo: TaskInfo{userId=0 taskId=6565 displayId=0 isRunning=true baseIntent=Intent { act=android.intent.action.VIEW dat=https://verifier.eudiw.dev/... flg=0x14002000 cmp=com.android.chrome/org.chromium.chrome.browser.ChromeTabbedActivity } baseActivity=ComponentInfo{com.android.chrome/org.chromium.chrome.browser.ChromeTabbedActivity} topActivity=ComponentInfo{com.android.chrome/org.chromium.chrome.browser.ChromeTabbedActivity} origActivity=null realActivity=ComponentInfo{com.android.chrome/org.chromium.chrome.browser.ChromeTabbedActivity} numActivities=1 lastActiveTime=263917120 supportsSplitScreenMultiWindow=true supportsMultiWindow=true resizeMode=2 isResizeable=true minWidth=-1 minHeight=-1 defaultMinSize=200 token=WCT{android.window.IWindowContainerToken$Stub$Proxy@cae2add} topActivityType=1 pictureInPictureParams=null shouldDockBigOverlays=false launchIntoPipHostTaskId=-1 lastParentTaskIdBeforePip=-1 displayCutoutSafeInsets=Rect(0, 94 - 0, 0) topActivityInfo=ActivityInfo{b25c652 org.chromium.chrome.browser.ChromeTabbedActivity} launchCookies=[] positionInParent=Point(0, 0) parentTaskId=-1 isFocused=true isVisible=true isVisibleRequested=true isSleeping=false topActivityInSizeCompat=false topActivityInMiuiSizeCompat=false topActivityEligibleForLetterboxEducation= false topActivityLetterboxed= false isFromDoubleTap= false topActivityLetterboxVerticalPosition= -1 topActivityLetterboxHorizontalPosition= -1 topActivityLetterboxWidth=-1 topActivityLetterboxHeight=-1 locusId=null displayAreaFeatureId=1 cameraCompatControlState=hidden mIsCastMode=false mTopActivityMediaSize=null mTopActivityRecordName=ActivityRecord{f2f67ae u0 com.android.chrome/org.chromium.chrome.browser.ChromeTabbedActivity t6565} mTopActivityOrientation=-1 mTopActivityWindowIsNowVisible=true isTranslucent=false isEmbedded=false shouldBeVisible=true isImmersive=false mBehindAppLockPkg=null mOriginatingUid=0}
10-09 17:03:24.808  4304  4484 D MiuiDesktopModeController: onFocusTaskChanged newFocus: TaskInfo{userId=0 taskId=6565 displayId=0 isRunning=true baseIntent=Intent { act=android.intent.action.VIEW dat=https://verifier.eudiw.dev/... flg=0x14002000 cmp=com.android.chrome/org.chromium.chrome.browser.ChromeTabbedActivity } baseActivity=ComponentInfo{com.android.chrome/org.chromium.chrome.browser.ChromeTabbedActivity} topActivity=ComponentInfo{com.android.chrome/org.chromium.chrome.browser.ChromeTabbedActivity} origActivity=null realActivity=ComponentInfo{com.android.chrome/org.chromium.chrome.browser.ChromeTabbedActivity} numActivities=1 lastActiveTime=263917120 supportsSplitScreenMultiWindow=true supportsMultiWindow=true resizeMode=2 isResizeable=true minWidth=-1 minHeight=-1 defaultMinSize=200 token=WCT{android.window.IWindowContainerToken$Stub$Proxy@cae2add} topActivityType=1 pictureInPictureParams=null shouldDockBigOverlays=false launchIntoPipHostTaskId=-1 lastParentTaskIdBeforePip=-1 displayCutoutSafeInsets=Rect(0, 94 - 0, 0) topActivityInfo=ActivityInfo{b25c652 org.chromium.chrome.browser.ChromeTabbedActivity} launchCookies=[] positionInParent=Point(0, 0) parentTaskId=-1 isFocused=true isVisible=true isVisibleRequested=true isSleeping=false topActivityInSizeCompat=false topActivityInMiuiSizeCompat=false topActivityEligibleForLetterboxEducation= false topActivityLetterboxed= false isFromDoubleTap= false topActivityLetterboxVerticalPosition= -1 topActivityLetterboxHorizontalPosition= -1 topActivityLetterboxWidth=-1 topActivityLetterboxHeight=-1 locusId=null displayAreaFeatureId=1 cameraCompatControlState=hidden mIsCastMode=false mTopActivityMediaSize=null mTopActivityRecordName=ActivityRecord{f2f67ae u0 com.android.chrome/org.chromium.chrome.browser.ChromeTabbedActivity t6565} mTopActivityOrientation=-1 mTopActivityWindowIsNowVisible=true isTranslucent=false isEmbedded=false shouldBeVisible=true isImmersive=false mBehindAppLockPkg=null mOriginatingUid=0}
10-09 17:03:24.808  4304  4484 D OneHandedController: stopOneHanded state is 0
10-09 17:03:24.808  4304  4484 D OneHandedController: stopOneHanded state is 0
10-09 17:03:24.809  4304  4572 D ArtChoreographerMonitor: invoke error.
10-09 17:03:24.819  2042  2692 D CompatibilityChangeReporter: Compat change id reported: 135634846; UID 10030; state: DISABLED
10-09 17:03:24.819  2042  2692 D CompatibilityChangeReporter: Compat change id reported: 177438394; UID 10030; state: DISABLED
10-09 17:03:24.819  2042  2692 D CompatibilityChangeReporter: Compat change id reported: 135772972; UID 10030; state: DISABLED
10-09 17:03:24.819  2042  2692 D CompatibilityChangeReporter: Compat change id reported: 135754954; UID 10030; state: ENABLED
10-09 17:03:24.820  2042  8301 D ATMSImpl: setActivityController callingUid:2000 control=false
10-09 17:03:24.821  2042  2788 D CompatibilityChangeReporter: Compat change id reported: 143937733; UID 10030; state: ENABLED
10-09 17:03:24.833  2042  8301 D CoreBackPreview: Window{50a0772 u0 Splash Screen eu.europa.ec.euidi}: Setting back callback OnBackInvokedCallbackInfo{mCallback=android.window.IOnBackInvokedCallback$Stub$Proxy@8e37e35, mPriority=0, mIsAnimationCallback=false}
10-09 17:03:24.839  2042  2788 I ActivityManager: Start proc 7128:eu.europa.ec.euidi/u0a30 for next-top-activity {eu.europa.ec.euidi/eu.europa.ec.assemblylogic.ui.MainActivity} caller=com.android.shell
10-09 17:03:24.842  2042  4589 D WindowManager: Collecting in transition 518: ActivityRecord{5caf1a u0 eu.europa.ec.euidi/eu.europa.ec.assemblylogic.ui.MainActivity t6590} init visibleRequested:false
10-09 17:03:24.842  2042  4589 D WindowManager: Collecting in transition 518: ActivityRecord{f2f67ae u0 com.android.chrome/org.chromium.chrome.browser.ChromeTabbedActivity t6565} init visibleRequested:true
10-09 17:03:24.844  2042  7129 W ContextImpl: Calling a method in the system process without a qualified user: android.app.ContextImpl.sendBroadcast:1231 com.qualcomm.qti.Performance$SendGameLaunchBroadcast.run:251 java.lang.Thread.run:1119 <bottom of call stack> <bottom of call stack> 
10-09 17:03:24.849  2042  6878 W AutofillManagerServiceImpl: getFillEventHistory() called by UID 10273, but service UID is 10163
10-09 17:03:24.853  2042  2693 D WindowManager: wms.Focus not requested for window=Window{13dfb59 u0 com.android.chrome/org.chromium.chrome.browser.ChromeTabbedActivity} because it has no surface or is not focusable.
10-09 17:03:24.862  2042  2693 D WindowManager: Set transition=TransitionRecord{259a027 id=518 type=OPEN flags=0x0}, ready=true, SyncId=518 
10-09 17:03:24.865  2042  2693 I SmartPower: eu.europa.ec.euidi/10030(0): died->visible(957ms) R(become visible) adj=-10000.
10-09 17:03:24.865  2042  2693 I WindowManager: wms.showSurfaceRobustly mWin:Window{50a0772 u0 Splash Screen eu.europa.ec.euidi}
10-09 17:03:24.865  2042  2693 D WindowManager: Final targets: [Task{da98c28 #6590 type=standard A=10030:eu.europa.ec.euidi}, Task{ac848dc #6565 type=standard A=10172:com.android.chrome}]
10-09 17:03:24.885  2042  2693 D WindowManager: Calling onTransitionReady info={id=518 t=OPEN f=0x0 trk=0 r=[0@Point(0, 0)] c=[{WCT{RemoteToken{bd4e117 Task{da98c28 #6590 type=standard A=10030:eu.europa.ec.euidi}}} m=OPEN f=NONE leash=Surface(name=Task=6590#11202)/@0xcecaa4b sb=Rect(0, 0 - 1080, 2400) eb=Rect(0, 0 - 1080, 2400) d=0},{WCT{RemoteToken{be892c5 Task{ac848dc #6565 type=standard A=10172:com.android.chrome}}} m=TO_BACK f=NONE leash=Surface(name=Task=6565#9987)/@0x75a594f sb=Rect(0, 0 - 1080, 2400) eb=Rect(0, 0 - 1080, 2400) d=0}] noAni=[false] df=[false] mk=[true] nc=[0]}, mToken=Token{5030904 TransitionRecord{259a027 id=518 type=OPEN flags=0x0}}
10-09 17:03:24.886  2042  2693 I BLASTSyncEngine: finishNow: after onTransactionReady, mSyncId=518
10-09 17:03:24.892  4304  4484 D MiuiFreeformAnimation: startAnimation change: {WCT{android.window.IWindowContainerToken$Stub$Proxy@e34854d} m=OPEN f=NONE leash=Surface(name=Task=6590#11202)/@0x36d1a76 sb=Rect(0, 0 - 1080, 2400) eb=Rect(0, 0 - 1080, 2400) d=0} info.getType(): 1
10-09 17:03:24.892  4304  4484 I MiuiFreeformAnimation: isLaunchWidgetPicker=false,taskInfo.getWindowingMode()=1, taskInfo.getActivityType()=1
10-09 17:03:24.892  4304  4484 D MiuiFreeformAnimation: startAnimation change: {WCT{android.window.IWindowContainerToken$Stub$Proxy@3886802} m=TO_BACK f=NONE leash=Surface(name=Task=6565#9987)/@0xc86877 sb=Rect(0, 0 - 1080, 2400) eb=Rect(0, 0 - 1080, 2400) d=0} info.getType(): 1
10-09 17:03:24.892  4304  4484 W MiuiTaskTransitionHandler: Receive an unknown transition, token=android.os.BinderProxy@c41ba08, type=1
10-09 17:03:24.893  4304  4484 D TransitionAnimationHelper:  load default animation  type = 1 enter = false animAttr = 9 isTask = true translucent = false
10-09 17:03:24.893  4304  4484 D TransitionAnimationHelper:  load default animation  type = 1 enter = true animAttr = 8 isTask = true translucent = false
10-09 17:03:24.894  4304  4520 D ShellTransitions: speed ui!!!!!!!!!!!
10-09 17:03:24.895  4304  4484 D MiuiFullScreenTaskRepository: addOrUpdateFullScreenTaskInfo taskId=6590, topActivity=ComponentInfo{eu.europa.ec.euidi/eu.europa.ec.assemblylogic.ui.MainActivity}
10-09 17:03:24.895  2042  2693 D WindowManager: wms.Focus not requested for window=Window{13dfb59 u0 com.android.chrome/org.chromium.chrome.browser.ChromeTabbedActivity} because it has no surface or is not focusable.
10-09 17:03:24.900  2042  4100 W MiuiBoosterUtils: enable_miuibooster_launch : false
10-09 17:03:24.902  4304  4484 D MiuiFullScreenTaskRepository: addOrUpdateFullScreenTaskInfo taskId=6590, topActivity=ComponentInfo{eu.europa.ec.euidi/eu.europa.ec.assemblylogic.ui.MainActivity}
10-09 17:03:24.903  2042  4100 D WindowManagerService: checkFlipFullScreenChange is same, nowIsFullScreen = false
10-09 17:03:24.905  4304  4484 D SoScUtils: monitorTransitionFinished transition:android.os.BinderProxy@c41ba08 transaction: android.view.SurfaceControl$Transaction@b54138b mRequestCloseTransition:null mRequestOpenTransition:null mPairsOpenTransition:null mPairsOpenTransitionNull:null mRequestOpenTriggerTask:-1 mRequestCloseTriggerTask:-1 mOrientationTransition: null mMainStartingTask:-1 mSideStartingTask:-1
10-09 17:03:24.905  2042  4100 I WindowManager: cancelAnimation removed leash : Surface(name=Surface(name=704023a StatusBar#94)/@0xa8be448 - animation-leash of insets_animation#11189)/@0x874cbba
10-09 17:03:24.908  2042  4100 I WindowManager: cancelAnimation removed leash : Surface(name=Surface(name=d968687 NavigationBar0#90)/@0x2f479dd - animation-leash of insets_animation#11190)/@0xe0589c8
10-09 17:03:24.910  2042  4100 D WindowManager: wms.Input focus has changed to null display=0 updateInputWindows = true
10-09 17:03:24.910  2042  4100 I MultiSenceManagerInternalStub: getInstance
10-09 17:03:24.914  2042  2690 D Aurogon :  uid = 10030 switch to FG
10-09 17:03:24.919  2042  3500 D isUidValid: uid = 10030
10-09 17:03:24.921  2042  4100 D CompatibilityChangeReporter: Compat change id reported: 170503758; UID 10030; state: ENABLED
10-09 17:03:24.922  2042  6878 I Transition: finishTransition: updateLastSurfacePosition tf=Task{da98c28 #6590 type=standard A=10030:eu.europa.ec.euidi}
10-09 17:03:24.924  4304  4484 D MiuiFullScreenTaskRepository: removeFocusedTask displayId=0
10-09 17:03:24.924  4304  4484 D MiuiFullScreenTaskRepository: addOrUpdateFullScreenTaskInfo taskId=6565, topActivity=ComponentInfo{com.android.chrome/org.chromium.chrome.browser.ChromeTabbedActivity}
10-09 17:03:24.924  4304  4484 D MiuiFullScreenTaskRepository: setFocusedTask taskId=6590, displayId=0, topActivity=ComponentInfo{eu.europa.ec.euidi/eu.europa.ec.assemblylogic.ui.MainActivity}
10-09 17:03:24.924  4304  4484 D MiuiFullScreenTaskRepository: addOrUpdateFullScreenTaskInfo taskId=6590, topActivity=ComponentInfo{eu.europa.ec.euidi/eu.europa.ec.assemblylogic.ui.MainActivity}
10-09 17:03:24.925  4304  4484 D MiuiFreeformModeController: onFocusTaskChanged taskInfo: TaskInfo{userId=0 taskId=6590 displayId=0 isRunning=true baseIntent=Intent { act=android.intent.action.MAIN cat=[android.intent.category.LAUNCHER] flg=0x10200000 cmp=eu.europa.ec.euidi/eu.europa.ec.assemblylogic.ui.MainActivity } baseActivity=ComponentInfo{eu.europa.ec.euidi/eu.europa.ec.assemblylogic.ui.MainActivity} topActivity=ComponentInfo{eu.europa.ec.euidi/eu.europa.ec.assemblylogic.ui.MainActivity} origActivity=null realActivity=ComponentInfo{eu.europa.ec.euidi/eu.europa.ec.assemblylogic.ui.MainActivity} numActivities=1 lastActiveTime=263917223 supportsSplitScreenMultiWindow=true supportsMultiWindow=true resizeMode=1 isResizeable=true minWidth=-1 minHeight=-1 defaultMinSize=200 token=WCT{android.window.IWindowContainerToken$Stub$Proxy@e6ed5b2} topActivityType=1 pictureInPictureParams=null shouldDockBigOverlays=false launchIntoPipHostTaskId=-1 lastParentTaskIdBeforePip=-1 displayCutoutSafeInsets=Rect(0, 94 - 0, 0) topActivityInfo=ActivityInfo{3f96903 eu.europa.ec.assemblylogic.ui.MainActivity} launchCookies=[] positionInParent=Point(0, 0) parentTaskId=-1 isFocused=true isVisible=true isVisibleRequested=true isSleeping=false topActivityInSizeCompat=false topActivityInMiuiSizeCompat=false topActivityEligibleForLetterboxEducation= false topActivityLetterboxed= false isFromDoubleTap= false topActivityLetterboxVerticalPosition= -1 topActivityLetterboxHorizontalPosition= -1 topActivityLetterboxWidth=-1 topActivityLetterboxHeight=-1 locusId=null displayAreaFeatureId=1 cameraCompatControlState=hidden mIsCastMode=false mTopActivityMediaSize=null mTopActivityRecordName=ActivityRecord{5caf1a u0 eu.europa.ec.euidi/eu.europa.ec.assemblylogic.ui.MainActivity t6590} mTopActivityOrientation=1 mTopActivityWindowIsNowVisible=false isTranslucent=false isEmbedded=false shouldBeVisible=true isImmersive=false mBehindAppLockPkg=null mOriginatingUid=0}
10-09 17:03:24.925  4304  4484 D MiuiDesktopModeController: onFocusTaskChanged newFocus: TaskInfo{userId=0 taskId=6590 displayId=0 isRunning=true baseIntent=Intent { act=android.intent.action.MAIN cat=[android.intent.category.LAUNCHER] flg=0x10200000 cmp=eu.europa.ec.euidi/eu.europa.ec.assemblylogic.ui.MainActivity } baseActivity=ComponentInfo{eu.europa.ec.euidi/eu.europa.ec.assemblylogic.ui.MainActivity} topActivity=ComponentInfo{eu.europa.ec.euidi/eu.europa.ec.assemblylogic.ui.MainActivity} origActivity=null realActivity=ComponentInfo{eu.europa.ec.euidi/eu.europa.ec.assemblylogic.ui.MainActivity} numActivities=1 lastActiveTime=263917223 supportsSplitScreenMultiWindow=true supportsMultiWindow=true resizeMode=1 isResizeable=true minWidth=-1 minHeight=-1 defaultMinSize=200 token=WCT{android.window.IWindowContainerToken$Stub$Proxy@e6ed5b2} topActivityType=1 pictureInPictureParams=null shouldDockBigOverlays=false launchIntoPipHostTaskId=-1 lastParentTaskIdBeforePip=-1 displayCutoutSafeInsets=Rect(0, 94 - 0, 0) topActivityInfo=ActivityInfo{3f96903 eu.europa.ec.assemblylogic.ui.MainActivity} launchCookies=[] positionInParent=Point(0, 0) parentTaskId=-1 isFocused=true isVisible=true isVisibleRequested=true isSleeping=false topActivityInSizeCompat=false topActivityInMiuiSizeCompat=false topActivityEligibleForLetterboxEducation= false topActivityLetterboxed= false isFromDoubleTap= false topActivityLetterboxVerticalPosition= -1 topActivityLetterboxHorizontalPosition= -1 topActivityLetterboxWidth=-1 topActivityLetterboxHeight=-1 locusId=null displayAreaFeatureId=1 cameraCompatControlState=hidden mIsCastMode=false mTopActivityMediaSize=null mTopActivityRecordName=ActivityRecord{5caf1a u0 eu.europa.ec.euidi/eu.europa.ec.assemblylogic.ui.MainActivity t6590} mTopActivityOrientation=1 mTopActivityWindowIsNowVisible=false isTranslucent=false isEmbedded=false shouldBeVisible=true isImmersive=false mBehindAppLockPkg=null mOriginatingUid=0}
10-09 17:03:24.934  4304  4484 D MiuiFullScreenTaskRepository: addOrUpdateFullScreenTaskInfo taskId=6565, topActivity=ComponentInfo{com.android.chrome/org.chromium.chrome.browser.ChromeTabbedActivity}
10-09 17:03:24.955  7128  7128 D ActivityThread: useGrowthLimitOutExpendMethod invoke error.
10-09 17:03:24.978  2042  4100 I ActivityManager: Flag disabled. Ignoring finishAttachApplication from uid: 10030. pid: 7128
10-09 17:03:24.979  2042  4100 D CompatibilityChangeReporter: Compat change id reported: 253665015; UID 10030; state: ENABLED
10-09 17:03:24.979  2042  4100 D CompatibilityChangeReporter: Compat change id reported: 194532703; UID 10030; state: ENABLED
10-09 17:03:24.979  2042  4100 D ActivityManager: checkAllowBackground: uid=10030 pkg=eu.europa.ec.euidi rec=UidRecord{c7fde1e u0a30 TOP  change:active|uncached|procstate procs:0 seq(913084,913084)} caps=LCMNFU always=false idle=false
10-09 17:03:25.011  7128  7128 D FramePredict: FramePredict init: false
10-09 17:03:25.011  7128  7128 D FramePredict: init success
10-09 17:03:25.013  2042  4100 W ActivityManager: Permission Denial: getCurrentUser() from pid=7128, uid=10030 requires android.permission.INTERACT_ACROSS_USERS
10-09 17:03:25.013  7128  7161 E FramePredict: registerContentObserver fail
10-09 17:03:25.022  4304  4484 D MiuiFullScreenTaskRepository: setFocusedTask taskId=6590, displayId=0, topActivity=ComponentInfo{eu.europa.ec.euidi/eu.europa.ec.assemblylogic.ui.MainActivity}
10-09 17:03:25.022  4304  4484 D MiuiFullScreenTaskRepository: addOrUpdateFullScreenTaskInfo taskId=6590, topActivity=ComponentInfo{eu.europa.ec.euidi/eu.europa.ec.assemblylogic.ui.MainActivity}
10-09 17:03:25.025  4304  4367 D MiuiFreeformModeObserver: activityResumed() intent： Intent { cmp=eu.europa.ec.euidi/eu.europa.ec.assemblylogic.ui.MainActivity (has extras) }
10-09 17:03:25.071  4304  4304 D ArtChoreographerMonitor: invoke error.
10-09 17:03:25.089  2042  6878 D CoreBackPreview: Window{82aa7d0 u0 eu.europa.ec.euidi/eu.europa.ec.assemblylogic.ui.MainActivity}: Setting back callback OnBackInvokedCallbackInfo{mCallback=android.window.IOnBackInvokedCallback$Stub$Proxy@9fb1a0b, mPriority=0, mIsAnimationCallback=false}
10-09 17:03:25.104  2042  6878 I WindowManager: cancelAnimation removed leash : Surface(name=Surface(name=704023a StatusBar#94)/@0xa8be448 - animation-leash of insets_animation#11209)/@0xd7cdc0f
10-09 17:03:25.105  2042  6878 I WindowManager: cancelAnimation removed leash : Surface(name=Surface(name=d968687 NavigationBar0#90)/@0x2f479dd - animation-leash of insets_animation#11210)/@0x7f15ea5
10-09 17:03:25.107  2042  6878 D WindowManager: wms.Input focus has changed to Window{82aa7d0 u0 eu.europa.ec.euidi/eu.europa.ec.assemblylogic.ui.MainActivity} display=0 updateInputWindows = true
10-09 17:03:25.107  2042  6878 I MultiSenceManagerInternalStub: getInstance
10-09 17:03:25.133  2042  6878 D WindowManager: wms.finishDrawingLocked: mDrawState=COMMIT_DRAW_PENDING Window{82aa7d0 u0 eu.europa.ec.euidi/eu.europa.ec.assemblylogic.ui.MainActivity} in Surface(name=eu.europa.ec.euidi/eu.europa.ec.assemblylogic.ui.MainActivity#11212)/@0x15ba0e8
10-09 17:03:25.134  2042  2693 D TaskSnapshot_Helper: shouldDelay()... Not launched by home, no delay needed.
10-09 17:03:25.136  2042  2693 I WindowManager: wms.showSurfaceRobustly mWin:Window{82aa7d0 u0 eu.europa.ec.euidi/eu.europa.ec.assemblylogic.ui.MainActivity}
10-09 17:03:25.136  4304  4572 D ArtChoreographerMonitor: invoke error.
10-09 17:03:25.147  2042  6971 I SmartPower: com.android.chrome/10172(25786): visible->invisible(1055ms) R(become invisible) adj=101.
10-09 17:03:25.147  2042  6971 I SmartPower: com.android.chrome:privileged_process0/10172(25887): invisible->background(1228ms) R(become background) adj=101.
10-09 17:03:25.147  2042  6971 I SmartPower: com.android.chrome/10172(25786): invisible->background(1ms) R(become background) adj=101.
10-09 17:03:25.154  2042  6878 D CompatibilityChangeReporter: Compat change id reported: 214016041; UID 10030; state: ENABLED
10-09 17:03:25.155  2042  4100 D CoreBackPreview: Window{50a0772 u0 Splash Screen eu.europa.ec.euidi EXITING}: Setting back callback null
10-09 17:03:25.168  2042  8301 W PackageConfigPersister: App-specific configuration not found for packageName: eu.europa.ec.euidi and userId: 0
10-09 17:03:25.169  2042  4100 I WindowManager: cancelAnimation removed leash : Surface(name=Surface(name=49d5fba InputMethod#118)/@0xbb23dc8 - animation-leash of insets_animation#11201)/@0xad093d3
10-09 17:03:25.175  2042  6971 D CoreBackPreview: Window{13dfb59 u0 com.android.chrome/org.chromium.chrome.browser.ChromeTabbedActivity}: Setting back callback OnBackInvokedCallbackInfo{mCallback=android.window.IOnBackInvokedCallback$Stub$Proxy@c0a8f73, mPriority=-1, mIsAnimationCallback=false}
10-09 17:03:25.202 25786 25786 D ActivityThread: Fail to check app heapsize due to java.lang.NoSuchMethodException: dalvik.system.VMRuntime.getBlockingGcCountForAlloc []
10-09 17:03:25.206  2042  2690 D Aurogon :  uid = 10172 switch to BG
10-09 17:03:25.207  2042  3500 D isUidValid: uid = 10172
10-09 17:03:25.343  4304  4304 D ArtChoreographerMonitor: invoke error.
10-09 17:03:25.362  2042  2042 W AccessibilityManagerService:  wait for adding window timeout: 2667
10-09 17:03:26.162  4304  4572 D ArtChoreographerMonitor: invoke error.
10-09 17:03:26.228  2042  3123 D AlarmManager: mBroadcastRefCount -> 1
10-09 17:03:26.231  2042  2042 D AlarmManager: mBroadcastRefCount -> 0
10-09 17:03:26.231  2042  2042 D AlarmManager: mPendingIntent -> PendingIntent{22ab9e8: PendingIntentRecord{2460801 android broadcastIntent}}
10-09 17:03:26.336  4304  4304 D ArtChoreographerMonitor: invoke error.
10-09 17:03:27.338  2042  4100 W FillRequestEventLogger: Couldn't find packageName: com.google.android.inputmethod.latin
10-09 17:03:27.339  2042 25024 W FillRequestEventLogger: Shouldn't be logging AutofillFillRequestReported again for same event
10-09 17:03:27.339  2042 25024 W PresentationStatsEventLogger: Shouldn't be logging AutofillPresentationEventReported again for same event
10-09 17:03:27.339  2042 25024 D AutofillSession: clearPendingIntentLocked
10-09 17:03:27.367  2042  4100 W PackageConfigPersister: App-specific configuration not found for packageName: eu.europa.ec.euidi and userId: 0
