06-17 10:50:05.056   650   650 I PackageManager: /vendor/apex/com.android.hardware.uwb.apex changed; collecting certs
06-17 10:50:05.056   650   650 I PackageManager: /system/apex/com.android.i18n.apex changed; collecting certs
06-17 10:50:05.057   650   650 I PackageManager: /vendor/apex/com.android.hardware.rebootescrow.apex changed; collecting certs
06-17 10:50:05.057   650   650 I PackageManager: /data/apex/decompressed/com.android.ipsec@360526000.decompressed.apex changed; collecting certs
06-17 10:50:05.058   650   650 I PackageManager: /data/apex/decompressed/com.android.media.swcodec@360526000.decompressed.apex changed; collecting certs
06-17 10:50:05.058   650   650 I PackageManager: /data/apex/decompressed/com.android.mediaprovider@360526000.decompressed.apex changed; collecting certs
06-17 10:50:05.059   650   650 I PackageManager: /data/apex/decompressed/com.android.neuralnetworks@360526000.decompressed.apex changed; collecting certs
06-17 10:50:05.060   650   650 I PackageManager: /data/apex/decompressed/com.android.nfcservices@360526020.decompressed.apex changed; collecting certs
06-17 10:50:05.060   650   650 I PackageManager: /data/apex/decompressed/com.android.ondevicepersonalization@360526000.decompressed.apex changed; collecting certs
06-17 10:50:05.061   650   650 I PackageManager: /data/apex/decompressed/com.android.os.statsd@360526000.decompressed.apex changed; collecting certs
06-17 10:50:05.061   650   650 I PackageManager: /data/apex/decompressed/com.android.permission@360526020.decompressed.apex changed; collecting certs
06-17 10:50:05.062   650   650 I PackageManager: /data/apex/decompressed/com.android.profiling@360526000.decompressed.apex changed; collecting certs
06-17 10:50:05.064   650   650 I PackageManager: /data/apex/decompressed/com.android.resolv@360526000.decompressed.apex changed; collecting certs
06-17 10:50:05.064   650   650 I PackageManager: /data/apex/decompressed/com.android.media@360526000.decompressed.apex changed; collecting certs
06-17 10:50:05.065   650   650 I PackageManager: /data/apex/decompressed/com.android.rkpd@360526000.decompressed.apex changed; collecting certs
06-17 10:50:05.066   650   650 I PackageManager: /data/apex/decompressed/com.android.scheduling@360526000.decompressed.apex changed; collecting certs
06-17 10:50:05.066   650   650 I PackageManager: /data/apex/decompressed/com.android.tethering@360526040.decompressed.apex changed; collecting certs
06-17 10:50:05.067   650   650 I PackageManager: /system/apex/com.android.runtime.apex changed; collecting certs
06-17 10:50:05.067   650   650 I PackageManager: /system/apex/com.google.android.tzdata6.apex changed; collecting certs
06-17 10:50:05.069   650   650 I PackageManager: /data/apex/decompressed/com.android.uwb@360526040.decompressed.apex changed; collecting certs
06-17 10:50:05.070   650   650 I PackageManager: /system/apex/com.android.virt.apex changed; collecting certs
06-17 10:50:05.072   650   650 I PackageManager: /data/apex/decompressed/com.android.uprobestats@360526000.decompressed.apex changed; collecting certs
06-17 10:50:05.073   650   650 I PackageManager: /data/apex/decompressed/com.android.sdkext@360526000.decompressed.apex changed; collecting certs
06-17 10:50:05.074   650   650 I PackageManager: /data/apex/decompressed/com.android.wifi@360526000.decompressed.apex changed; collecting certs
06-17 10:50:05.074   650   650 I PackageManager: /vendor/apex/com.google.android.widevine-13130248.apex changed; collecting certs
06-17 10:50:05.095   650   650 W PackageManager: Failed to parse /system/framework/arm64: Missing base APK in /system/framework/arm64
06-17 10:50:05.095   650   650 W PackageManager: Failed to parse /system/framework/oat: Missing base APK in /system/framework/oat/arm64
06-17 10:50:05.097   650   744 D PackageCacher: Feature flags for package /system/framework/framework-res.apk: {com.android.window.flags.screen_recording_callbacks=true, android.security.secure_lockdown=false, android.content.pm.quarantined_enabled=false, android.app.enable_tv_implicit_enter_pip_restriction=true, android.app.appfunctions.flags.enable_app_function_manager=true, android.media.tv.flags.apply_picture_profiles=true, com.android.internal.telephony.flags.subscription_plan_allow_status_and_end_date=true, android.net.platform.flags.register_nsd_offload_engine=true, android.media.tv.flags.kids_mode_tvdb_sharing=true, android.security.aapm_api=true, android.permission.flags.ranging_permission_enabled=true, com.android.settingslib.flags.settings_catalyst=true, android.permission.flags.enhanced_confirmation_in_call_apis_enabled=true, android.permission.flags.grant_read_blocked_numbers_to_system_ui_intelligence=false, android.media.tv.flags.tif_unbind_inactive_tis=true, android.content.pm.sdk_dependency_installer=true, com.android.art.flags.executable_method_file_offsets=true, android.app.admin.flags.split_create_managed_profile_enabled=true, android.location.flags.population_density_provider=true, android.permission.flags.sensitive_notification_app_protection=true, com.android.tradeinmode.flags.enable_trade_in_mode=true, com.android.update_engine.minor_changes_2025q4=null, android.media.audio.concurrent_audio_record_bypass_permission=false, android.content.pm.uid_based_provider_lookup=false, com.android.hardware.input.manage_key_gestures=true, com.android.internal.camera.flags.camera_hsum_permission=true, android.permission.flags.health_connect_backup_restore_permission_enabled=true, android.os.vibrator.vendor_vibration_effects=true, com.android.settingslib.flags.write_system_preference_permission_enabled=true, android.permission.flags.text_classifier_choice_api_enabled=true, android.media.tv.flags.media_quality_fw=true, android.provider.user_keys=true, android.os.allow_consentless_bugreport_delegated_consent=false, android.permission.flags.fine_power_monitor_permission=false, android.security.subscribe_to_keyguard_locked_state_perm_priv_flag=true, android.security.afl_api=true, android.xr.xr_manifest_entries=null, android.companion.virtualdevice.flags.enable_limited_vdm_role=false, android.provider.new_default_account_api_enabled=true, com.android.hardware.input.key_event_activity_detection=false}
06-17 10:50:05.099   650   744 E AconfigFlags: Failed to load aconfig package com.android.update_engine
06-17 10:50:05.099   650   744 E AconfigFlags: android.os.flagging.AconfigStorageReadException: ERROR_PACKAGE_NOT_FOUND: package com.android.update_engine cannot be found on the device
06-17 10:50:05.099   650   744 E AconfigFlags: 	at android.os.flagging.AconfigPackage.load(AconfigPackage.java:132)
06-17 10:50:05.099   650   744 E AconfigFlags: 	at com.android.internal.pm.pkg.component.AconfigFlags.lambda$getFlagValueFromNewStorage$0(AconfigFlags.java:261)
06-17 10:50:05.099   650   744 E AconfigFlags: 	at com.android.internal.pm.pkg.component.AconfigFlags$$ExternalSyntheticLambda0.apply(D8$$SyntheticClass:0)
06-17 10:50:05.099   650   744 E AconfigFlags: 	at java.util.concurrent.ConcurrentHashMap.computeIfAbsent(ConcurrentHashMap.java:1713)
06-17 10:50:05.099   650   744 E AconfigFlags: 	at com.android.internal.pm.pkg.component.AconfigFlags.getFlagValueFromNewStorage(AconfigFlags.java:259)
06-17 10:50:05.099   650   744 E AconfigFlags: 	at com.android.internal.pm.pkg.component.AconfigFlags.getFlagValue(AconfigFlags.java:225)
06-17 10:50:05.099   650   744 E AconfigFlags: 	at com.android.server.pm.parsing.PackageCacher.getCachedResult(PackageCacher.java:214)
06-17 10:50:05.099   650   744 E AconfigFlags: 	at com.android.internal.pm.parsing.PackageParser2.parsePackage(PackageParser2.java:126)
06-17 10:50:05.099   650   744 E AconfigFlags: 	at com.android.server.pm.ParallelPackageParser.parsePackage(ParallelPackageParser.java:130)
06-17 10:50:05.099   650   744 E AconfigFlags: 	at com.android.server.pm.ParallelPackageParser.lambda$submit$0(ParallelPackageParser.java:108)
06-17 10:50:05.099   650   744 E AconfigFlags: 	at com.android.server.pm.ParallelPackageParser.$r8$lambda$uW6lAW1ixaCdJ_8ZINGbyQGIceg(ParallelPackageParser.java:0)
06-17 10:50:05.099   650   744 E AconfigFlags: 	at com.android.server.pm.ParallelPackageParser$$ExternalSyntheticLambda0.run(R8$$SyntheticClass:0)
06-17 10:50:05.099   650   744 E AconfigFlags: 	at java.util.concurrent.Executors$RunnableAdapter.call(Executors.java:524)
06-17 10:50:05.099   650   744 E AconfigFlags: 	at java.util.concurrent.FutureTask.run(FutureTask.java:317)
06-17 10:50:05.099   650   744 E AconfigFlags: 	at java.util.concurrent.ThreadPoolExecutor.runWorker(ThreadPoolExecutor.java:1156)
06-17 10:50:05.099   650   744 E AconfigFlags: 	at java.util.concurrent.ThreadPoolExecutor$Worker.run(ThreadPoolExecutor.java:651)
06-17 10:50:05.099   650   744 E AconfigFlags: 	at com.android.internal.util.ConcurrentUtils$1$1.run(ConcurrentUtils.java:65)
06-17 10:50:05.099   650   744 E AconfigFlags: Failed to load aconfig package android.xr
06-17 10:50:05.099   650   744 E AconfigFlags: android.os.flagging.AconfigStorageReadException: ERROR_PACKAGE_NOT_FOUND: package android.xr cannot be found on the device
06-17 10:50:05.099   650   744 E AconfigFlags: 	at android.os.flagging.AconfigPackage.load(AconfigPackage.java:132)
06-17 10:50:05.099   650   744 E AconfigFlags: 	at com.android.internal.pm.pkg.component.AconfigFlags.lambda$getFlagValueFromNewStorage$0(AconfigFlags.java:261)
06-17 10:50:05.099   650   744 E AconfigFlags: 	at com.android.internal.pm.pkg.component.AconfigFlags$$ExternalSyntheticLambda0.apply(D8$$SyntheticClass:0)
06-17 10:50:05.099   650   744 E AconfigFlags: 	at java.util.concurrent.ConcurrentHashMap.computeIfAbsent(ConcurrentHashMap.java:1713)
06-17 10:50:05.099   650   744 E AconfigFlags: 	at com.android.internal.pm.pkg.component.AconfigFlags.getFlagValueFromNewStorage(AconfigFlags.java:259)
06-17 10:50:05.099   650   744 E AconfigFlags: 	at com.android.internal.pm.pkg.component.AconfigFlags.getFlagValue(AconfigFlags.java:225)
06-17 10:50:05.099   650   744 E AconfigFlags: 	at com.android.server.pm.parsing.PackageCacher.getCachedResult(PackageCacher.java:214)
06-17 10:50:05.099   650   744 E AconfigFlags: 	at com.android.internal.pm.parsing.PackageParser2.parsePackage(PackageParser2.java:126)
06-17 10:50:05.099   650   744 E AconfigFlags: 	at com.android.server.pm.ParallelPackageParser.parsePackage(ParallelPackageParser.java:130)
06-17 10:50:05.099   650   744 E AconfigFlags: 	at com.android.server.pm.ParallelPackageParser.lambda$submit$0(ParallelPackageParser.java:108)
06-17 10:50:05.099   650   744 E AconfigFlags: 	at com.android.server.pm.ParallelPackageParser.$r8$lambda$uW6lAW1ixaCdJ_8ZINGbyQGIceg(ParallelPackageParser.java:0)
06-17 10:50:05.099   650   744 E AconfigFlags: 	at com.android.server.pm.ParallelPackageParser$$ExternalSyntheticLambda0.run(R8$$SyntheticClass:0)
06-17 10:50:05.099   650   744 E AconfigFlags: 	at java.util.concurrent.Executors$RunnableAdapter.call(Executors.java:524)
06-17 10:50:05.099   650   744 E AconfigFlags: 	at java.util.concurrent.FutureTask.run(FutureTask.java:317)
06-17 10:50:05.099   650   744 E AconfigFlags: 	at java.util.concurrent.ThreadPoolExecutor.runWorker(ThreadPoolExecutor.java:1156)
06-17 10:50:05.099   650   744 E AconfigFlags: 	at java.util.concurrent.ThreadPoolExecutor$Worker.run(ThreadPoolExecutor.java:651)
06-17 10:50:05.099   650   744 E AconfigFlags: 	at com.android.internal.util.ConcurrentUtils$1$1.run(ConcurrentUtils.java:65)
06-17 10:50:05.110   650   742 D PackageCacher: Feature flags for package /system/priv-app/Shell: {android.security.aapm_api=true, android.permission.flags.replace_body_sensor_permission_enabled=true, android.permission.flags.health_connect_backup_restore_permission_enabled=true, android.permission.flags.text_classifier_choice_api_enabled=true, android.security.protect_device_config_flags=true, android.security.afl_api=true, android.companion.virtualdevice.flags.enable_limited_vdm_role=false}
06-17 10:50:05.124   650   650 W PackageManager: Skipping provider name com.google.android.apps.messaging.photopicker_images (in package com.google.android.apps.messaging): name already used by com.google.android.apps.messaging
06-17 10:50:05.125   650   650 W PackageManager: Skipping provider name com.google.android.settings.intelligence (in package com.google.android.settings.intelligence): name already used by com.google.android.settings.intelligence
06-17 10:50:05.139   650   650 I PackageManager: getCompressedFiles[/product/app/Chrome-Stub]: [/product/app/Chrome/Chrome.apk.gz]
06-17 10:50:05.139   650   650 W PackageManager: Failed to scan /product/app/Chrome-Stub: Package com.android.chrome at /product/app/Chrome-Stub ignored: updated version 694313732 better than this 694313732
06-17 10:50:05.145   650   650 W PackageManager: Failed to parse /product/app/TrichromeLibrary: Missing base APK in /product/app/TrichromeLibrary
06-17 10:50:05.147   650   650 W PackageManager: Failed to parse /product/app/WebViewGoogle: Missing base APK in /product/app/WebViewGoogle
06-17 10:50:05.147   650   650 I PackageManager: getCompressedFiles[/product/app/WebViewGoogle-Stub]: [/product/app/WebViewGoogle/WebViewGoogle.apk.gz]
06-17 10:50:05.147   650   650 W PackageManager: Failed to scan /product/app/WebViewGoogle-Stub: Package com.google.android.webview at /product/app/WebViewGoogle-Stub ignored: updated version 694313732 better than this 694313732
06-17 10:50:05.147   650   650 I PackageManager: getCompressedFiles[/product/app/TrichromeLibrary-Stub]: [/product/app/TrichromeLibrary/TrichromeLibrary.apk.gz]
06-17 10:50:05.147   650   650 W PackageManager: Failed to scan /product/app/TrichromeLibrary-Stub: Package com.google.android.trichromelibrary_694313732 at /product/app/TrichromeLibrary-Stub ignored: updated version 694313732 better than this 694313732
06-17 10:50:05.152   650   650 W PackageManager: Failed to parse /product/app/Chrome: Missing base APK in /product/app/Chrome
06-17 10:50:05.158   650   745 D PackageCacher: Feature flags for package /system_ext/priv-app/SystemUIGoogle: {com.android.wm.shell.enable_retrievable_bubbles=false}
06-17 10:50:05.161   650   742 D PackageCacher: Feature flags for package /system_ext/priv-app/SettingsGoogle: {android.view.contentprotection.flags.exported_settings_activity_enabled=true, com.android.settings.keyboard.keyboard_and_touchpad_a11y_new_page_enabled=true, android.app.ui_rich_ongoing=false, android.security.aapm_api=true, com.android.settingslib.flags.settings_catalyst=true, android.app.modes_ui=true, android.app.supervision.flags.supervision_manager_apis=false, com.android.settings.flags.catalyst_service=true, android.provider.new_default_account_api_enabled=true}
06-17 10:50:05.169   650   650 I ApexManager: Registering com.google.android.ondevicepersonalization.services as apk-in-apex of com.android.ondevicepersonalization
06-17 10:50:05.170   650   650 I ApexManager: Registering com.google.android.federatedcompute as apk-in-apex of com.android.ondevicepersonalization
06-17 10:50:05.171   650   650 I ApexManager: Registering com.android.nfc as apk-in-apex of com.android.nfcservices
06-17 10:50:05.172   650   744 D PackageCacher: Feature flags for package /apex/com.android.nfcservices/priv-app/NfcNciApexGoogle@360526020: {com.android.nfc.flags.enable_direct_boot_aware=true}
06-17 10:50:05.172   650   650 I ApexManager: Registering com.google.android.nfc as apk-in-apex of com.android.nfcservices
06-17 10:50:05.173   650   650 I ApexManager: Registering com.android.virtualmachine.res as apk-in-apex of com.android.virt
06-17 10:50:05.174   650   650 I ApexManager: Registering com.google.android.connectivity.resources as apk-in-apex of com.android.tethering
06-17 10:50:05.174   650   650 I ApexManager: Registering com.google.android.networkstack.tethering as apk-in-apex of com.android.tethering
06-17 10:50:05.177   650   650 I ApexManager: Registering com.google.android.photopicker as apk-in-apex of com.android.mediaprovider
06-17 10:50:05.177   650   650 I ApexManager: Registering com.google.android.providers.media.module as apk-in-apex of com.android.mediaprovider
06-17 10:50:05.178   650   650 I ApexManager: Registering com.google.android.safetycenter.resources as apk-in-apex of com.android.permission
06-17 10:50:05.179   650   650 I ApexManager: Registering com.google.android.permissioncontroller as apk-in-apex of com.android.permission
06-17 10:50:05.180   650   650 I ApexManager: Registering com.google.android.ext.services as apk-in-apex of com.android.extservices
06-17 10:50:05.181   650   650 I ApexManager: Registering com.google.android.cellbroadcastreceiver as apk-in-apex of com.android.cellbroadcast
06-17 10:50:05.181   650   650 I ApexManager: Registering com.google.android.cellbroadcastservice as apk-in-apex of com.android.cellbroadcast
06-17 10:50:05.182   650   650 I ApexManager: Registering com.android.cts.priv.ctsshim as apk-in-apex of com.android.apex.cts.shim
06-17 10:50:05.183   650   650 I ApexManager: Registering com.android.cts.ctsshim as apk-in-apex of com.android.apex.cts.shim
06-17 10:50:05.185   650   650 I ApexManager: Registering com.google.android.adservices.api as apk-in-apex of com.android.adservices
06-17 10:50:05.186   650   650 I ApexManager: Registering com.google.android.sdksandbox as apk-in-apex of com.android.adservices
06-17 10:50:05.187   650   650 I ApexManager: Registering com.google.android.healthconnect.controller as apk-in-apex of com.android.healthfitness
06-17 10:50:05.188   650   650 I ApexManager: Registering com.google.android.health.connect.backuprestore as apk-in-apex of com.android.healthfitness
06-17 10:50:05.190   650   650 I ApexManager: Registering com.google.android.uwb.resources as apk-in-apex of com.android.uwb
06-17 10:50:05.192   650   650 I ApexManager: Registering com.google.android.bluetooth as apk-in-apex of com.android.bt
06-17 10:50:05.193   650   650 I ApexManager: Registering com.google.android.server.deviceconfig.resources as apk-in-apex of com.android.configinfrastructure
06-17 10:50:05.195   650   650 I ApexManager: Registering com.google.android.appsearch.apk as apk-in-apex of com.android.appsearch
06-17 10:50:05.196   650   650 I ApexManager: Registering com.android.devicelockcontroller as apk-in-apex of com.android.devicelock
06-17 10:50:05.197   650   650 I ApexManager: Registering com.google.android.rkpdapp as apk-in-apex of com.android.rkpd
06-17 10:50:05.198   650   650 I ApexManager: Registering com.google.android.wifi.resources as apk-in-apex of com.android.wifi
06-17 10:50:05.199   650   650 I ApexManager: Registering com.google.android.hotspot2.osulogin as apk-in-apex of com.android.wifi
06-17 10:50:05.199   650   650 I ApexManager: Registering com.google.android.wifi.dialog as apk-in-apex of com.android.wifi
06-17 10:50:05.203   650   650 I PackageManager: Finished scanning system apps. Time: 175 ms, packageCount: 289 , timePerPackage: 0 , cached: 292
06-17 10:50:05.204   650   650 W PackageManager: Relax SCAN_REQUIRE_KNOWN requirement for package com.google.android.trichromelibrary_694313732
06-17 10:50:05.205   650   650 W PackageManager: Relax SCAN_REQUIRE_KNOWN requirement for package com.google.android.webview
06-17 10:50:05.207   650   743 V Configuration: Updating configuration, locales updated from [] to [en_US]
06-17 10:50:05.207   650   745 V Configuration: Updating configuration, locales updated from [] to [en_US]
06-17 10:50:05.207   650   650 W PackageManager: Relax SCAN_REQUIRE_KNOWN requirement for package com.android.chrome
06-17 10:50:05.210   650   650 I PackageManager: Finished scanning non-system apps. Time: 7 ms, packageCount: 8 , timePerPackage: 0 , cached: 6
06-17 10:50:05.212   650   650 I PackageManager: Time to scan packages: 0.184 seconds
06-17 10:50:05.223   650   650 W AppIdPermissionPolicy: Ignoring permission com.google.android.apps.wallpaper.DYNAMIC_RECEIVER_NOT_EXPORTED_PERMISSION declared in system package com.android.wallpaper: already declared in another system package com.google.android.apps.wallpaper
06-17 10:50:05.223   650   650 W AppIdPermissionPolicy: Ignoring permission com.google.android.gtalkservice.permission.GTALK_SERVICE declared in system package com.google.android.gsf: already declared in another system package com.google.android.gms
06-17 10:50:05.223   650   650 W AppIdPermissionPolicy: Ignoring permission com.google.android.c2dm.permission.SEND declared in system package com.google.android.gsf: already declared in another system package com.google.android.gms
06-17 10:50:05.223   650   650 W AppIdPermissionPolicy: Ignoring permission com.google.android.c2dm.permission.RECEIVE declared in system package com.google.android.gsf: already declared in another system package com.google.android.gms
06-17 10:50:05.223   650   650 W AppIdPermissionPolicy: Ignoring permission com.android.vending.INTENT_VENDING_ONLY declared in system package com.google.android.gsf: already declared in another system package com.google.android.gms
06-17 10:50:05.223   650   650 W AppIdPermissionPolicy: Ignoring permission com.google.android.providers.settings.permission.WRITE_GSETTINGS declared in system package com.google.android.gsf: already declared in another system package com.google.android.gms
06-17 10:50:05.223   650   650 W AppIdPermissionPolicy: Ignoring permission com.google.android.providers.gsf.permission.READ_GSERVICES declared in system package com.google.android.gsf: already declared in another system package com.google.android.gms
06-17 10:50:05.223   650   650 W AppIdPermissionPolicy: Ignoring permission com.google.android.providers.gsf.permission.WRITE_GSERVICES declared in system package com.google.android.gsf: already declared in another system package com.google.android.gms
06-17 10:50:05.229   650   650 V PackageManager: reconcileAppsData for null u0 0x1 migrateAppData=true
06-17 10:50:05.241   650   650 V PackageManager: reconcileAppsData finished 27 packages
06-17 10:50:05.242   650   650 D PackageManagerTiming: write settings
06-17 10:50:05.242   650   750 D SystemServerTimingAsync: InitThreadPoolExec:prepareAppData
06-17 10:50:05.242   650   750 D SystemServerInitThreadPool: Started executing prepareAppData
06-17 10:50:05.256   650   650 V PackageManagerTiming: write settings took to complete: 15ms
06-17 10:50:05.257   650   650 V PackageManager: Ephemeral resolver found; pkg: com.google.android.gms, info:ResolveInfo{d58c25f com.google.android.gms/.chimera.PersistentBoundBrokerService m=0x108000 userHandle=null}
06-17 10:50:05.258   650   650 D PackageManager: Set ephemeral resolver: ComponentInfo{com.google.android.gms/com.google.android.gms.chimera.PersistentBoundBrokerService}
06-17 10:50:05.259   650   650 D PackageManager: Instant App installer not found with android.intent.action.INSTALL_INSTANT_APP_PACKAGE
06-17 10:50:05.259   650   650 D PackageManager: Clear ephemeral installer activity
06-17 10:50:05.264   650   650 I PackageManager: Fix for b/169414761 is applied
06-17 10:50:05.264   650   650 V PackageManagerTiming: create package manager took to complete: 288ms
06-17 10:50:05.264   650   650 V UserSystemPackageInstaller: Checking that all system packages are whitelisted.
06-17 10:50:05.265   650   650 W UserSystemPackageInstaller: checkWhitelistedSystemPackages(mode=d) has 66 warnings:
06-17 10:50:05.265   650   650 W UserSystemPackageInstaller: com.android.theme.color.amethyst is allowlisted but not present.
06-17 10:50:05.265   650   650 W UserSystemPackageInstaller: com.android.theme.icon.pebble is allowlisted but not present.
06-17 10:50:05.265   650   650 W UserSystemPackageInstaller: com.android.internal.systemui.navbar.gestural_wide_back is allowlisted but not present.
06-17 10:50:05.265   650   650 W UserSystemPackageInstaller: com.android.theme.color.sand is allowlisted but not present.
06-17 10:50:05.265   650   650 W UserSystemPackageInstaller: com.android.theme.icon.vessel is allowlisted but not present.
06-17 10:50:05.265   650   650 W UserSystemPackageInstaller: com.android.theme.color.cinnamon is allowlisted but not present.
06-17 10:50:05.265   650   650 W UserSystemPackageInstaller: com.android.theme.icon_pack.victor.settings is allowlisted but not present.
06-17 10:50:05.265   650   650 W UserSystemPackageInstaller: com.android.theme.icon_pack.rounded.systemui is allowlisted but not present.
06-17 10:50:05.265   650   650 W UserSystemPackageInstaller: com.android.theme.icon.taperedrect is allowlisted but not present.
06-17 10:50:05.265   650   650 W UserSystemPackageInstaller: com.android.documentsui is allowlisted but not present.
06-17 10:50:05.265   650   650 W UserSystemPackageInstaller: com.android.quicksearchbox is allowlisted but not present.
06-17 10:50:05.265   650   650 W UserSystemPackageInstaller: com.android.messaging is allowlisted but not present.
06-17 10:50:05.265   650   650 W UserSystemPackageInstaller: com.android.theme.icon_pack.rounded.android is allowlisted but not present.
06-17 10:50:05.265   650   650 W UserSystemPackageInstaller: com.android.internal.systemui.onehanded.gestural is allowlisted but not present.
06-17 10:50:05.265   650   650 W UserSystemPackageInstaller: com.android.multiuser is allowlisted but not present.
06-17 10:50:05.265   650   650 W UserSystemPackageInstaller: com.android.theme.icon_pack.victor.systemui is allowlisted but not present.
06-17 10:50:05.265   650   650 W UserSystemPackageInstaller: com.android.theme.icon_pack.circular.themepicker is allowlisted but not present.
06-17 10:50:05.265   650   650 W UserSystemPackageInstaller: com.android.avatarpicker is allowlisted but not present.
06-17 10:50:05.265   650   650 W UserSystemPackageInstaller: com.android.theme.color.tangerine is allowlisted but not present.
06-17 10:50:05.266   650   650 W UserSystemPackageInstaller: com.android.theme.color.aquamarine is allowlisted but not present.
06-17 10:50:05.266   650   650 W UserSystemPackageInstaller: com.android.theme.color.black is allowlisted but not present.
06-17 10:50:05.266   650   650 W UserSystemPackageInstaller: com.android.theme.color.green is allowlisted but not present.
06-17 10:50:05.266   650   650 W UserSystemPackageInstaller: com.android.theme.color.ocean is allowlisted but not present.
06-17 10:50:05.266   650   650 W UserSystemPackageInstaller: com.android.theme.color.space is allowlisted but not present.
06-17 10:50:05.266   650   650 W UserSystemPackageInstaller: com.android.contacts is allowlisted but not present.
06-17 10:50:05.266   650   650 W UserSystemPackageInstaller: com.android.theme.icon_pack.rounded.launcher is allowlisted but not present.
06-17 10:50:05.266   650   650 W UserSystemPackageInstaller: com.android.theme.icon_pack.kai.settings is allowlisted but not present.
06-17 10:50:05.266   650   650 W UserSystemPackageInstaller: com.android.theme.icon_pack.sam.settings is allowlisted but not present.
06-17 10:50:05.266   650   650 W UserSystemPackageInstaller: com.android.calendar is allowlisted but not present.
06-17 10:50:05.266   650   650 W UserSystemPackageInstaller: com.android.internal.systemui.navbar.gestural_extra_wide_back is allowlisted but not present.
06-17 10:50:05.266   650   650 W UserSystemPackageInstaller: com.android.theme.icon_pack.kai.themepicker is allowlisted but not present.
06-17 10:50:05.266   650   650 W UserSystemPackageInstaller: com.android.theme.icon_pack.victor.launcher is allowlisted but not present.
06-17 10:50:05.266   650   650 W UserSystemPackageInstaller: com.android.theme.icon_pack.filled.settings is allowlisted but not present.
06-17 10:50:05.266   650   650 W UserSystemPackageInstaller: com.android.theme.icon_pack.kai.systemui is allowlisted but not present.
06-17 10:50:05.266   650   650 W UserSystemPackageInstaller: com.android.theme.icon_pack.circular.settings is allowlisted but not present.
06-17 10:50:05.266   650   650 W UserSystemPackageInstaller: com.android.privatespace is allowlisted but not present.
06-17 10:50:05.266   650   650 W UserSystemPackageInstaller: com.android.theme.icon_pack.sam.systemui is allowlisted but not present.
06-17 10:50:05.266   650   650 W UserSystemPackageInstaller: com.android.theme.icon.teardrop is allowlisted but not present.
06-17 10:50:05.266   650   650 W UserSystemPackageInstaller: com.android.theme.icon_pack.rounded.themepicker is allowlisted but not present.
06-17 10:50:05.266   650   650 W UserSystemPackageInstaller: com.android.dialer is allowlisted but not present.
06-17 10:50:05.266   650   650 W UserSystemPackageInstaller: com.android.gallery3d is allowlisted but not present.
06-17 10:50:05.266   650   650 W UserSystemPackageInstaller: com.android.theme.icon_pack.filled.systemui is allowlisted but not present.
06-17 10:50:05.266   650   650 W UserSystemPackageInstaller: com.android.theme.icon_pack.sam.android is allowlisted but not present.
06-17 10:50:05.266   650   650 W UserSystemPackageInstaller: com.android.theme.icon_pack.filled.android is allowlisted but not present.
06-17 10:50:05.266   650   650 W UserSystemPackageInstaller: com.android.theme.icon_pack.circular.systemui is allowlisted but not present.
06-17 10:50:05.266   650   650 W UserSystemPackageInstaller: com.android.inputmethod.latin is allowlisted but not present.
06-17 10:50:05.266   650   650 W UserSystemPackageInstaller: com.android.theme.icon_pack.kai.android is allowlisted but not present.
06-17 10:50:05.266   650   650 W UserSystemPackageInstaller: com.android.theme.icon_pack.kai.launcher is allowlisted but not present.
06-17 10:50:05.266   650   650 W UserSystemPackageInstaller: com.android.theme.icon_pack.sam.launcher is allowlisted but not present.
06-17 10:50:05.266   650   650 W UserSystemPackageInstaller: com.android.theme.icon.squircle is allowlisted but not present.
06-17 10:50:05.266   650   650 W UserSystemPackageInstaller: com.android.theme.icon_pack.victor.android is allowlisted but not present.
06-17 10:50:05.266   650   650 W UserSystemPackageInstaller: com.android.theme.color.palette is allowlisted but not present.
06-17 10:50:05.266   650   650 W UserSystemPackageInstaller: com.android.theme.icon_pack.filled.launcher is allowlisted but not present.
06-17 10:50:05.266   650   650 W UserSystemPackageInstaller: com.android.theme.color.carbon is allowlisted but not present.
06-17 10:50:05.266   650   650 W UserSystemPackageInstaller: com.android.theme.icon_pack.circular.launcher is allowlisted but not present.
06-17 10:50:05.266   650   650 W UserSystemPackageInstaller: com.android.theme.icon_pack.filled.themepicker is allowlisted but not present.
06-17 10:50:05.266   650   650 W UserSystemPackageInstaller: com.android.theme.icon_pack.victor.themepicker is allowlisted but not present.
06-17 10:50:05.266   650   650 W UserSystemPackageInstaller: com.android.theme.color.orchid is allowlisted but not present.
06-17 10:50:05.266   650   650 W UserSystemPackageInstaller: com.android.deskclock is allowlisted but not present.
06-17 10:50:05.266   650   650 W UserSystemPackageInstaller: com.android.theme.color.purple is allowlisted but not present.
06-17 10:50:05.266   650   650 W UserSystemPackageInstaller: com.android.theme.icon_pack.sam.themepicker is allowlisted but not present.
06-17 10:50:05.266   650   650 W UserSystemPackageInstaller: com.android.wallpaperpicker is allowlisted but not present.
06-17 10:50:05.266   650   650 W UserSystemPackageInstaller: com.android.theme.icon.roundedrect is allowlisted but not present.
06-17 10:50:05.266   650   650 W UserSystemPackageInstaller: com.android.internal.systemui.navbar.gestural_narrow_back is allowlisted but not present.
06-17 10:50:05.266   650   650 W UserSystemPackageInstaller: com.android.theme.icon_pack.rounded.settings is allowlisted but not present.
06-17 10:50:05.266   650   650 W UserSystemPackageInstaller: com.android.theme.icon_pack.circular.android is allowlisted but not present.
06-17 10:50:05.268   650   650 I Watchdog: Resuming HandlerChecker: main thread for reason: packagemanagermain. Pause count: 0
06-17 10:50:05.268   650   650 V SystemServerTiming: StartPackageManagerService took to complete: 292ms
06-17 10:50:05.268   650   650 D SystemServerTiming: DexUseManagerLocal
06-17 10:50:05.274   650   650 V SystemServerTiming: DexUseManagerLocal took to complete: 7ms
06-17 10:50:05.274   650   650 D SystemServerTiming: StartOtaDexOptService
06-17 10:50:05.274   650   650 I Watchdog: Pausing HandlerChecker: main thread for reason: moveab. Pause count: 1
06-17 10:50:05.275   650   650 D OTADexopt: No upgrade, skipping A/B artifacts check.
06-17 10:50:05.275   650   650 I Watchdog: Resuming HandlerChecker: main thread for reason: moveab. Pause count: 0
06-17 10:50:05.275   650   650 V SystemServerTiming: StartOtaDexOptService took to complete: 0ms
06-17 10:50:05.275   650   650 D SystemServerTiming: StartUserManagerService
06-17 10:50:05.275   650   650 I SystemServiceManager: Starting com.android.server.pm.UserManagerService$LifeCycle
06-17 10:50:05.275   650   650 V SystemServerTiming: StartUserManagerService took to complete: 1ms
06-17 10:50:05.275   650   650 D SystemServerTiming: InitAttributerCache
06-17 10:50:05.275   650   650 V SystemServerTiming: InitAttributerCache took to complete: 0ms
06-17 10:50:05.275   650   650 D SystemServerTiming: SetSystemProcess
06-17 10:50:05.276   650   650 D ActivityManager: StatsPullAtomService not ready yet
06-17 10:50:05.276   650   717 I ActivityManager: Connection with lmkd established
06-17 10:50:05.277   650   650 D ActivityManager: StatsPullAtomService not ready yet
06-17 10:50:05.277   650   650 V SystemServerTiming: SetSystemProcess took to complete: 2ms
06-17 10:50:05.277   650   650 D SystemServerTiming: InitWatchdog
06-17 10:50:05.278   650   753 V LegacyHistoricalRegistry: Interaction before persistence initialized
06-17 10:50:05.278   650   650 V SystemServerTiming: InitWatchdog took to complete: 0ms
06-17 10:50:05.278   650   650 D SystemServerTiming: StartOverlayManagerService
06-17 10:50:05.279   650   650 I OverlayManager: Updating overlays for starting user 0
06-17 10:50:05.281   199   199 I BpBinder: onLastStrongRef automatically unlinking death recipients:
06-17 10:50:05.281   199   199 I servicemanager: Caller(pid=481,uid=1041,sid=u:r:audioserver:s0) Since 'sensor_privacy' could not be found trying to start it as a lazy AIDL service. (if it's not configured to be a lazy service, it may be stuck starting or still starting).
06-17 10:50:05.282     1     1 E init    : Control message: Could not find 'aidl/sensor_privacy' for ctl.interface_start from pid: 199 (/system/bin/servicemanager)
06-17 10:50:05.282   755   755 I servicemanager: Caller(pid=481,uid=1041,sid=u:r:audioserver:s0) Tried to start aidl service sensor_privacy as a lazy service, but was unable to. Usually this happens when a service is not installed, but if the service is intended to be used as a lazy service, then it may be configured incorrectly.
06-17 10:50:05.287   573   759 I storaged: storaged: Start
06-17 10:50:05.340   650   750 V SystemServerTimingAsync: AppDataFixup took to complete: 98ms
06-17 10:50:05.340   650   750 W PackageManager: Skipping preparing app data for com.google.android.tzdata6
06-17 10:50:05.340   650   750 W PackageManager: Skipping preparing app data for com.google.android.ondevicepersonalization
06-17 10:50:05.340   650   750 W PackageManager: Skipping preparing app data for com.android.hardware.authsecret
06-17 10:50:05.340   650   750 W PackageManager: Skipping preparing app data for com.android.hardware.power
06-17 10:50:05.340   650   750 W PackageManager: Skipping preparing app data for com.google.android.media.swcodec
06-17 10:50:05.340   650   750 W PackageManager: Skipping preparing app data for com.google.android.os.statsd
06-17 10:50:05.340   650   750 W PackageManager: Skipping preparing app data for com.google.android.widevine.nonupdatable
06-17 10:50:05.340   650   750 W PackageManager: Skipping preparing app data for com.android.hardware.threadnetwork
06-17 10:50:05.340   650   750 W PackageManager: Skipping preparing app data for com.google.android.extservices
06-17 10:50:05.340   650   750 W PackageManager: Skipping preparing app data for com.android.hardware.rebootescrow
06-17 10:50:05.340   650   750 W PackageManager: Skipping preparing app data for com.google.android.sdksandbox
06-17 10:50:05.341   650   750 W PackageManager: Skipping preparing app data for com.google.android.bt
06-17 10:50:05.341   650   750 W PackageManager: Skipping preparing app data for com.google.android.healthfitness
06-17 10:50:05.341   650   750 W PackageManager: Skipping preparing app data for com.google.android.ipsec
06-17 10:50:05.341   650   750 W PackageManager: Skipping preparing app data for com.google.android.media
06-17 10:50:05.341   650   750 W PackageManager: Skipping preparing app data for com.google.android.uprobestats
06-17 10:50:05.341   650   750 W PackageManager: Skipping preparing app data for com.android.i18n
06-17 10:50:05.341   650   750 W PackageManager: Skipping preparing app data for com.android.virt
06-17 10:50:05.341   650   750 W PackageManager: Skipping preparing app data for com.android.hardware.contexthub
06-17 10:50:05.341   650   750 W PackageManager: Skipping preparing app data for com.google.android.nfcservices
06-17 10:50:05.341   650   750 W PackageManager: Skipping preparing app data for com.android.hardware.dumpstate
06-17 10:50:05.341   650   750 W PackageManager: Skipping preparing app data for com.google.android.appsearch
06-17 10:50:05.341   650   750 W PackageManager: Skipping preparing app data for com.google.android.configinfrastructure
06-17 10:50:05.341   650   750 W PackageManager: Skipping preparing app data for com.android.devicelock
06-17 10:50:05.341   650   750 W PackageManager: Skipping preparing app data for com.google.android.cellbroadcast
06-17 10:50:05.341   650   750 W PackageManager: Skipping preparing app data for com.android.apex.cts.shim
06-17 10:50:05.341   650   750 W PackageManager: Skipping preparing app data for com.android.hardware.gatekeeper
06-17 10:50:05.341   650   750 W PackageManager: Skipping preparing app data for com.google.android.resolv
06-17 10:50:05.341   650   750 W PackageManager: Skipping preparing app data for com.google.android.sdkext
06-17 10:50:05.341   650   750 W PackageManager: Skipping preparing app data for com.google.android.art
06-17 10:50:05.341   650   750 W PackageManager: Skipping preparing app data for com.google.android.uwb
06-17 10:50:05.341   650   750 W PackageManager: Skipping preparing app data for com.google.android.runtime
06-17 10:50:05.341   650   750 W PackageManager: Skipping preparing app data for com.android.hardware.cas
06-17 10:50:05.341   650   750 W PackageManager: Skipping preparing app data for com.android.hardware.uwb
06-17 10:50:05.341   650   750 W PackageManager: Skipping preparing app data for com.google.android.adservices
06-17 10:50:05.341   650   750 W PackageManager: Skipping preparing app data for com.google.android.crashrecovery
06-17 10:50:05.341   650   750 W PackageManager: Skipping preparing app data for com.google.android.scheduling
06-17 10:50:05.341   650   750 W PackageManager: Skipping preparing app data for com.android.hardware.thermal
06-17 10:50:05.341   650   750 W PackageManager: Skipping preparing app data for com.google.android.mediaprovider
06-17 10:50:05.341   650   750 W PackageManager: Skipping preparing app data for com.android.hardware.neuralnetworks
06-17 10:50:05.341   650   750 W PackageManager: Skipping preparing app data for com.google.android.permission
06-17 10:50:05.341   650   750 W PackageManager: Skipping preparing app data for com.google.android.profiling
06-17 10:50:05.341   650   750 W PackageManager: Skipping preparing app data for com.google.android.neuralnetworks
06-17 10:50:05.341   650   750 W PackageManager: Skipping preparing app data for com.google.android.tethering
06-17 10:50:05.341   650   750 W PackageManager: Skipping preparing app data for com.google.android.adbd
06-17 10:50:05.341   650   750 W PackageManager: Skipping preparing app data for com.google.android.rkpd
06-17 10:50:05.341   650   750 W PackageManager: Skipping preparing app data for com.google.android.wifi
06-17 10:50:05.341   650   750 W PackageManager: Skipping preparing app data for com.google.android.conscrypt
06-17 10:50:05.341   650   750 W PackageManager: Skipping preparing app data for com.android.hardware.vibrator
06-17 10:50:05.369   650   750 V SystemServerTimingAsync: AppDataPrepare took to complete: 29ms
06-17 10:50:05.370   650   750 I PackageManager: Deferred reconcileAppsData finished 270 packages
06-17 10:50:05.370   650   750 D SystemServerInitThreadPool: Finished executing prepareAppData
06-17 10:50:05.370   650   750 V SystemServerTimingAsync: InitThreadPoolExec:prepareAppData took to complete: 128ms
06-17 10:50:05.373   650   704 V Configuration: Updating configuration, locales updated from [] to [en_US]
06-17 10:50:05.373   650   650 V SystemServerTiming: StartOverlayManagerService took to complete: 95ms
06-17 10:50:05.373   650   650 D SystemServerTiming: StartResourcesManagerService
06-17 10:50:05.374   650   650 V SystemServerTiming: StartResourcesManagerService took to complete: 0ms
06-17 10:50:05.374   650   650 D SystemServerTiming: StartSensorPrivacyService
06-17 10:50:05.375   650   704 W ActivityTaskManager: Skip updateConfiguration because mWindowManager isn't set
06-17 10:50:05.375   650   704 W BroadcastLoopers: Found previously unknown looper Thread[android.fg,5,main]
06-17 10:50:05.376   650   650 V SystemServerTiming: StartSensorPrivacyService took to complete: 3ms
06-17 10:50:05.376   650   650 D SystemServerTiming: StartSensorService
06-17 10:50:05.376   650   650 I SystemServiceManager: Starting com.android.server.sensors.SensorService
06-17 10:50:05.376   650   650 V SystemServerTiming: StartSensorService took to complete: 0ms
06-17 10:50:05.376   650   650 V SystemServerTiming: startBootstrapServices took to complete: 486ms
06-17 10:50:05.376   650   650 D SystemServerTiming: startCoreServices
06-17 10:50:05.376   650   650 D SystemServerTiming: StartSystemConfigService
06-17 10:50:05.376   650   650 I SystemServiceManager: Starting com.android.server.SystemConfigService
06-17 10:50:05.376   650   686 D SystemServerTimingAsync: InitThreadPoolExec:StartNativeSensorService
06-17 10:50:05.376   650   686 D SystemServerInitThreadPool: Started executing StartNativeSensorService
06-17 10:50:05.376   650   686 D SystemServerTimingAsync: StartNativeSensorService
06-17 10:50:05.376   650   650 V SystemServerTiming: StartSystemConfigService took to complete: 0ms
06-17 10:50:05.376   650   650 D SystemServerTiming: StartBatteryService
06-17 10:50:05.376   650   650 I SystemServiceManager: Starting com.android.server.BatteryService
06-17 10:50:05.379   650   686 V LegacyHistoricalRegistry: Interaction before persistence initialized
06-17 10:50:05.380   650   686 V SystemServerTimingAsync: StartNativeSensorService took to complete: 3ms
06-17 10:50:05.380   650   686 D SystemServerInitThreadPool: Finished executing StartNativeSensorService
06-17 10:50:05.380   650   686 V SystemServerTimingAsync: InitThreadPoolExec:StartNativeSensorService took to complete: 4ms
06-17 10:50:05.379   199   199 I BpBinder: onLastStrongRef automatically unlinking death recipients:
06-17 10:50:05.381   199   199 I servicemanager: Caller(pid=650,uid=1000,sid=u:r:system_server:s0) Found android.hardware.sensors.ISensors/default in device VINTF manifest.
06-17 10:50:05.381   199   199 I servicemanager: Caller(pid=650,uid=1000,sid=u:r:system_server:s0) Found android.hardware.health.IHealth/default in device VINTF manifest.
06-17 10:50:05.380   650   650 I HealthServiceWrapperAidl: health: HealthServiceWrapper listening to AIDL HAL
06-17 10:50:05.381   650   650 I BatteryService: health: Waited 0ms and received the update.
06-17 10:50:05.381   650   650 V SystemServerTiming: StartBatteryService took to complete: 5ms
06-17 10:50:05.381   650   650 D SystemServerTiming: StartUsageService
06-17 10:50:05.381   650   650 I SystemServiceManager: Starting com.android.server.usage.UsageStatsService
06-17 10:50:05.384   650   650 V SystemServerTiming: StartUsageService took to complete: 3ms
06-17 10:50:05.384   650   650 D SystemServerTiming: StartWebViewUpdateService
06-17 10:50:05.384   440   440 W healthd : battery l=100 v=5000 t=25.0 h=2 st=4 c=900000 fc=3000000 cc=10 chg=
06-17 10:50:05.384   650   650 I SystemServiceManager: Starting com.android.server.webkit.WebViewUpdateService
06-17 10:50:05.384   650   650 V SystemServerTiming: StartWebViewUpdateService took to complete: 0ms
06-17 10:50:05.384   650   650 D SystemServerTiming: StartCachedDeviceStateService
06-17 10:50:05.384   650   650 I SystemServiceManager: Starting com.android.server.CachedDeviceStateService
06-17 10:50:05.384   650   650 V SystemServerTiming: StartCachedDeviceStateService took to complete: 0ms
06-17 10:50:05.384   650   650 D SystemServerTiming: StartBinderCallsStatsService
06-17 10:50:05.384   650   650 I SystemServiceManager: Starting com.android.server.BinderCallsStatsService$LifeCycle
06-17 10:50:05.384   650   650 V SystemServerTiming: StartBinderCallsStatsService took to complete: 0ms
06-17 10:50:05.384   650   650 D SystemServerTiming: StartLooperStatsService
06-17 10:50:05.385   650   650 I SystemServiceManager: Starting com.android.server.LooperStatsService$Lifecycle
06-17 10:50:05.385   650   650 V SystemServerTiming: StartLooperStatsService took to complete: 0ms
06-17 10:50:05.385   650   650 D SystemServerTiming: StartRollbackManagerService
06-17 10:50:05.385   650   650 I SystemServiceManager: Starting com.android.server.rollback.RollbackManagerService
06-17 10:50:05.386   650   650 I PackageWatchdog: Syncing state, reason: added new observer
06-17 10:50:05.386   650   650 I PackageWatchdog: Not pruning observers, elapsed time: 0ms
06-17 10:50:05.386   650   650 I PackageWatchdog: Cancelling state sync, nothing to sync
06-17 10:50:05.386   650   724 I PackageWatchdog: Saving observer state to file
06-17 10:50:05.388   650   650 V SystemServerTiming: StartRollbackManagerService took to complete: 4ms
06-17 10:50:05.388   650   650 D SystemServerTiming: StartNativeTombstoneManagerService
06-17 10:50:05.388   650   650 I SystemServiceManager: Starting com.android.server.os.NativeTombstoneManagerService
06-17 10:50:05.388   650   650 V SystemServerTiming: StartNativeTombstoneManagerService took to complete: 0ms
06-17 10:50:05.388   650   650 D SystemServerTiming: StartBugreportManagerService
06-17 10:50:05.388   650   650 I SystemServiceManager: Starting com.android.server.os.BugreportManagerService
06-17 10:50:05.389   650   650 V SystemServerTiming: StartBugreportManagerService took to complete: 0ms
06-17 10:50:05.389   650   650 D SystemServerTiming: GpuService
06-17 10:50:05.389   650   650 I SystemServiceManager: Starting com.android.server.gpu.GpuService
06-17 10:50:05.389   650   650 V SystemServerTiming: GpuService took to complete: 0ms
06-17 10:50:05.389   650   650 D SystemServerTiming: StartRemoteProvisioningService
06-17 10:50:05.389   650   650 I SystemServiceManager: Starting com.android.server.security.rkp.RemoteProvisioningService
06-17 10:50:05.389   650   650 V SystemServerTiming: StartRemoteProvisioningService took to complete: 1ms
06-17 10:50:05.389   650   650 D SystemServerTiming: CpuMonitorService
06-17 10:50:05.389   650   650 I SystemServiceManager: Starting com.android.server.cpu.CpuMonitorService
06-17 10:50:05.390   650   650 I CpuMonitorService: Starting debug monitoring
06-17 10:50:05.390   650   650 V SystemServerTiming: CpuMonitorService took to complete: 1ms
06-17 10:50:05.390   650   650 V SystemServerTiming: startCoreServices took to complete: 14ms
06-17 10:50:05.390   650   650 D SystemServerTiming: startOtherServices
06-17 10:50:05.390   650   750 D SystemServerTimingAsync: InitThreadPoolExec:SecondaryZygotePreload
06-17 10:50:05.390   650   750 D SystemServerInitThreadPool: Started executing SecondaryZygotePreload
06-17 10:50:05.390   650   750 I SystemServer: SecondaryZygotePreload
06-17 10:50:05.390   650   750 D SystemServerTimingAsync: SecondaryZygotePreload
06-17 10:50:05.390   650   750 V SystemServerTimingAsync: SecondaryZygotePreload took to complete: 0ms
06-17 10:50:05.390   650   750 D SystemServerInitThreadPool: Finished executing SecondaryZygotePreload
06-17 10:50:05.390   650   750 V SystemServerTimingAsync: InitThreadPoolExec:SecondaryZygotePreload took to complete: 0ms
06-17 10:50:05.390   650   650 D SystemServerTiming: StartKeyAttestationApplicationIdProviderService
06-17 10:50:05.390   650   776 W CpuMonitorService: Skipping reading from device and returning the last read CpuInfos. Last read was 1 ms ago, min read interval is 500 ms
06-17 10:50:05.390   650   650 V SystemServerTiming: StartKeyAttestationApplicationIdProviderService took to complete: 0ms
06-17 10:50:05.390   650   650 D SystemServerTiming: StartKeyChainSystemService
06-17 10:50:05.390   650   650 I SystemServiceManager: Starting com.android.server.security.KeyChainSystemService
06-17 10:50:05.390   650   650 V SystemServerTiming: StartKeyChainSystemService took to complete: 0ms
06-17 10:50:05.390   650   650 D SystemServerTiming: StartBinaryTransparencyService
06-17 10:50:05.390   650   650 I SystemServiceManager: Starting com.android.server.BinaryTransparencyService
06-17 10:50:05.390   650   650 I TransparencyService: Started BinaryTransparencyService
06-17 10:50:05.390   650   650 V SystemServerTiming: StartBinaryTransparencyService took to complete: 0ms
06-17 10:50:05.390   650   650 D SystemServerTiming: StartSchedulingPolicyService
06-17 10:50:05.390   650   686 D SystemServerTimingAsync: InitThreadPoolExec:SchedulingPolicyService.<init>
