10-09 13:32:53.585  2042  6998 I AppsFilter: interaction: PackageSetting{e02bff4 com.fido.asm/10104} -> PackageSetting{12f5306 io.appium.uiautomator2.server.test/10767} BLOCKED
10-09 13:32:53.585  2042  6998 I AppsFilter: interaction: PackageSetting{add9992 io.appium.settings/10611} -> PackageSetting{12f5306 io.appium.uiautomator2.server.test/10767} BLOCKED
10-09 13:32:53.848  2042  2692 D SettingsProvider: name:animator_duration_scale has changed to 0.0, because android android.provider.Settings$Global.putStringForUser:17088 android.provider.Settings$Global.putString:16942 android.provider.Settings$Global.putFloat:17294 com.android.server.wm.WindowManagerService$H.handleMessage:6189 android.os.Handler.dispatchMessage:106 android.os.Looper.loopOnce:222 android.os.Looper.loop:314 android.os.HandlerThread.run:67 com.android.server.ServiceThread.run:46 <bottom of call stack> 
10-09 13:32:53.848  2042  6998 D WindowManagerService: setAnimationScale which = 2, scale = 0.0, pid = 25938, uid = 2000, nameForUid = android.uid.shell:2000, nameByPid = null
10-09 13:32:53.849  2042  2692 D SettingsProvider: name:animator_duration_scale has changed to 0.0, because android android.provider.Settings$NameValueCache.putStringForUser:3162 android.provider.Settings$Global.putStringForUser:17104 android.provider.Settings$Global.putString:16942 android.provider.Settings$Global.putFloat:17294 com.android.server.wm.WindowManagerService$H.handleMessage:6189 android.os.Handler.dispatchMessage:106 android.os.Looper.loopOnce:222 android.os.Looper.loop:314 android.os.HandlerThread.run:67 com.android.server.ServiceThread.run:46 
10-09 13:32:53.849  2042  2692 D SettingsProvider: name:animator_duration_scale has changed to 0.0, because android android.provider.Settings$Global.putStringForUser:17088 android.provider.Settings$Global.putString:16942 android.provider.Settings$Global.putFloat:17294 com.android.server.wm.WindowManagerService$H.handleMessage:6189 android.os.Handler.dispatchMessage:106 android.os.Looper.loopOnce:222 android.os.Looper.loop:314 android.os.HandlerThread.run:67 com.android.server.ServiceThread.run:46 <bottom of call stack> 
10-09 13:32:53.849  2042  2692 D SettingsProvider: name:animator_duration_scale has changed to 0.0, because android android.provider.Settings$NameValueCache.putStringForUser:3162 android.provider.Settings$Global.putStringForUser:17104 android.provider.Settings$Global.putString:16942 android.provider.Settings$Global.putFloat:17294 com.android.server.wm.WindowManagerService$H.handleMessage:6189 android.os.Handler.dispatchMessage:106 android.os.Looper.loopOnce:222 android.os.Looper.loop:314 android.os.HandlerThread.run:67 com.android.server.ServiceThread.run:46 
10-09 13:32:53.849  2042  2692 D SettingsProvider: name:animator_duration_scale has changed to 0.0, because android android.provider.Settings$Global.putStringForUser:17088 android.provider.Settings$Global.putString:16942 android.provider.Settings$Global.putFloat:17294 com.android.server.wm.WindowManagerService$H.handleMessage:6189 android.os.Handler.dispatchMessage:106 android.os.Looper.loopOnce:222 android.os.Looper.loop:314 android.os.HandlerThread.run:67 com.android.server.ServiceThread.run:46 <bottom of call stack> 
10-09 13:32:53.849  2042  2692 D SettingsProvider: name:animator_duration_scale has changed to 0.0, because android android.provider.Settings$NameValueCache.putStringForUser:3162 android.provider.Settings$Global.putStringForUser:17104 android.provider.Settings$Global.putString:16942 android.provider.Settings$Global.putFloat:17294 com.android.server.wm.WindowManagerService$H.handleMessage:6189 android.os.Handler.dispatchMessage:106 android.os.Looper.loopOnce:222 android.os.Looper.loop:314 android.os.HandlerThread.run:67 com.android.server.ServiceThread.run:46 
10-09 13:32:53.851  2042  6998 I ActivityManager: Force stopping io.appium.uiautomator2.server appid=10769 user=0: start instr
10-09 13:32:53.856  2042  6998 D CompatibilityChangeReporter: Compat change id reported: 135634846; UID 10769; state: DISABLED
10-09 13:32:53.856  2042  6998 D CompatibilityChangeReporter: Compat change id reported: 177438394; UID 10769; state: DISABLED
10-09 13:32:53.856  2042  6998 D CompatibilityChangeReporter: Compat change id reported: 135772972; UID 10769; state: DISABLED
10-09 13:32:53.856  2042  6998 D CompatibilityChangeReporter: Compat change id reported: 135754954; UID 10769; state: ENABLED
10-09 13:32:53.857  2042  2788 D CompatibilityChangeReporter: Compat change id reported: 143937733; UID 10769; state: ENABLED
10-09 13:32:53.860  2042  3110 D CompatibilityChangeReporter: Compat change id reported: 265195908; UID 10769; state: ENABLED
10-09 13:32:53.868  2042  2788 I ActivityManager: Start proc 25952:io.appium.uiautomator2.server/u0a769 for added application io.appium.uiautomator2.server caller=android
10-09 13:32:53.920  2042  6971 I SmartPower: io.appium.uiautomator2.server/10769(25952): died->background(958ms) R(process start ) adj=-10000.
10-09 13:32:53.921  2042  6971 D CompatibilityChangeReporter: Compat change id reported: 168419799; UID 10769; state: DISABLED
10-09 13:32:53.922  2042  6971 D CompatibilityChangeReporter: Compat change id reported: 273564678; UID 10769; state: DISABLED
10-09 13:32:53.928  2042  3500 D isUidValid: uid = 10769
10-09 13:32:53.946  2042  6971 D CompatibilityChangeReporter: Compat change id reported: 170503758; UID 10769; state: DISABLED
10-09 13:32:54.066  2042  6998 I ActivityManager: Flag disabled. Ignoring finishAttachApplication from uid: 10769. pid: 25952
10-09 13:32:54.080  2042  6998 D CompatibilityChangeReporter: Compat change id reported: 161145287; UID 10769; state: DISABLED
10-09 13:32:54.654  2042  6998 I WakePathChecker: MIUILOG-WAKEPATH pushWakePathWhiteList: userId=0 size=7
10-09 13:32:54.765  2183  2183 I wificond: station_bandwidth: P
10-09 13:32:54.767  4304  4304 D ArtChoreographerMonitor: invoke error.
10-09 13:32:54.937  4304  4304 D ArtChoreographerMonitor: invoke error.
10-09 13:32:55.191  2042  3524 I SmartPower: com.google.android.documentsui/10066(28203): background->idle(3003ms) R(broadcast start Intent { act=android.intent.action.PACKAGE_DATA_CLEARED dat=package: flg=0x5000010 (has extras) }) adj=935.
10-09 13:32:55.192  2042  3524 I SmartPower: com.android.vending:background/10164(21253): background->idle(3000ms) R(broadcast start Intent { act=android.intent.action.PACKAGE_DATA_CLEARED dat=package: flg=0x5000010 (has extras) }) adj=250.
10-09 13:32:55.211  2042  3524 I SmartPower: com.google.android.permissioncontroller/10214(21951): background->idle(3001ms) R(broadcast start Intent { act=android.intent.action.PACKAGE_DATA_CLEARED dat=package: flg=0x5000010 (has extras) }) adj=905.
10-09 13:32:55.230  2042  3524 I SmartPower: com.mi.android.globallauncher/10081(4339): background->idle(3001ms) R(broadcast start Intent { act=android.intent.action.PACKAGE_DATA_CLEARED dat=package: flg=0x5000010 (has extras) }) adj=100.
10-09 13:32:55.245  2042  3524 I SmartPower: com.xiaomi.aicr:searchDataService/10307(28230): background->idle(3001ms) R(broadcast start Intent { act=android.intent.action.PACKAGE_DATA_CLEARED dat=package: flg=0x5000010 (has extras) }) adj=905.
10-09 13:32:55.247  2042  3524 I SmartPower: com.microsoft.windowsintune.companyportal:omadm_client_process/10595(15670): background->idle(3002ms) R(broadcast start Intent { act=android.intent.action.PACKAGE_DATA_CLEARED dat=package: flg=0x5000010 (has extras) }) adj=950.
10-09 13:32:55.261  2042  6998 D AccessibilityManagerService: changeCurrentUserForTestAutomationIfNeededLocked(0): ignoring because device doesn't support visible background users
10-09 13:32:55.261  2042  6998 I UiAutomationManager: Registering UiTestAutomationService (id=com.android.server.accessibility/UiAutomation) when called by user 0
10-09 13:32:55.266  2042  6998 W WindowMagnificationMgr: requestConnection duplicated request: connect=false, mConnectionState=DISCONNECTED
10-09 13:32:55.280  2042  2073 W WindowMagnificationMgr: requestConnection duplicated request: connect=false, mConnectionState=DISCONNECTED
10-09 13:32:55.299  2042  7000 I PowerManagerServiceImpl: Acquire wakelock: SCREEN_DIM_WAKE_LOCK           'UiAutomator2:ScreenKeeper' (uid=10769 pid=25952 pkg=io.appium.uiautomator2.server)
10-09 13:32:55.309  2042  3173 W WindowManager: Cannot find window which accessibility connection is added to
10-09 13:32:55.316  2042  2042 D BatterySaverPolicy: accessibility changed to true, updating policy.
10-09 13:32:55.663  2042  3524 I SmartPower: com.mi.globalminusscreen/10308(20285): background->idle(3001ms) R(broadcast start Intent { act=android.intent.action.PACKAGE_DATA_CLEARED dat=package: flg=0x5000010 (has extras) }) adj=100.
10-09 13:32:55.884  2042  4541 I ActivityManager: Force stopping eu.europa.ec.euidi appid=10030 user=0: from process:25990
10-09 13:32:55.888  2042  4541 I AppsFilter: interaction: PackageSetting{12f5306 io.appium.uiautomator2.server.test/10767} -> PackageSetting{ecfd774 eu.europa.ec.euidi/10030} BLOCKED
10-09 13:32:55.888  2042  4541 I AppsFilter: interaction: PackageSetting{e02bff4 com.fido.asm/10104} -> PackageSetting{ecfd774 eu.europa.ec.euidi/10030} BLOCKED
10-09 13:32:55.888  2042  4541 I AppsFilter: interaction: PackageSetting{860431d io.appium.uiautomator2.server/10769} -> PackageSetting{ecfd774 eu.europa.ec.euidi/10030} BLOCKED
10-09 13:32:55.888  2042  4541 I AppsFilter: interaction: PackageSetting{add9992 io.appium.settings/10611} -> PackageSetting{ecfd774 eu.europa.ec.euidi/10030} BLOCKED
10-09 13:32:56.140  2042  4541 D CompatibilityChangeReporter: Compat change id reported: 161252188; UID 10030; state: DISABLED
10-09 13:32:56.140  2042  4541 W ActivityTaskManager: callingPackage for (uid=2000, pid=25990) has no WPC
10-09 13:32:56.141  2042  4541 D CompatibilityChangeReporter: Compat change id reported: 265464455; UID 10030; state: DISABLED
10-09 13:32:56.141  2042  4541 D CompatibilityChangeReporter: Compat change id reported: 265452344; UID 10030; state: DISABLED
10-09 13:32:56.141  2042  4541 D CompatibilityChangeReporter: Compat change id reported: 266124927; UID 10030; state: DISABLED
10-09 13:32:56.141  2042  4541 D CompatibilityChangeReporter: Compat change id reported: 265451093; UID 10030; state: DISABLED
10-09 13:32:56.141  2042  4541 D CompatibilityChangeReporter: Compat change id reported: 265456536; UID 10030; state: DISABLED
10-09 13:32:56.141  2042  4541 D CompatibilityChangeReporter: Compat change id reported: 255940284; UID 10030; state: DISABLED
10-09 13:32:56.141  2042  4541 D CompatibilityChangeReporter: Compat change id reported: 236283604; UID 10030; state: DISABLED
10-09 13:32:56.142  2042  4541 D CompatibilityChangeReporter: Compat change id reported: 263959004; UID 10030; state: DISABLED
10-09 13:32:56.142  2042  4541 D CompatibilityChangeReporter: Compat change id reported: 264304459; UID 10030; state: DISABLED
10-09 13:32:56.142  2042  4541 D CompatibilityChangeReporter: Compat change id reported: 264301586; UID 10030; state: DISABLED
10-09 13:32:56.142  2042  4541 D CompatibilityChangeReporter: Compat change id reported: 254631730; UID 10030; state: DISABLED
10-09 13:32:56.142  2042  4541 D CompatibilityChangeReporter: Compat change id reported: 273509367; UID 10030; state: DISABLED
10-09 13:32:56.142  2042  4541 D CompatibilityChangeReporter: Compat change id reported: 263259275; UID 10030; state: DISABLED
10-09 13:32:56.142  2042  4541 D CompatibilityChangeReporter: Compat change id reported: 174042980; UID 10030; state: DISABLED
10-09 13:32:56.142  2042  4541 D CompatibilityChangeReporter: Compat change id reported: 174042936; UID 10030; state: DISABLED
10-09 13:32:56.142  2042  4541 D CompatibilityChangeReporter: Compat change id reported: 181136395; UID 10030; state: DISABLED
10-09 13:32:56.143  2042  4541 D CompatibilityChangeReporter: Compat change id reported: 194480991; UID 10030; state: ENABLED
10-09 13:32:56.144  2042  4541 D WindowManager: Collecting in transition 298: ActivityRecord{f53dd5 u0 eu.europa.ec.euidi/eu.europa.ec.assemblylogic.ui.MainActivity init visibleRequested:false
10-09 13:32:56.146  2042  4541 I WindowManager: When perf version lower than 2.3, MiGTStub result: false, gameType: 1, packageName: eu.europa.ec.euidi
10-09 13:32:56.147  2042  4541 D MiuiFreeFormManagerService: activeOrFullscreenFreeformTaskIfNeed startDefaultAr:true
10-09 13:32:56.149  4304  4484 D OneHandedController: stopOneHanded state is 0
10-09 13:32:56.151  2042  4541 D WindowManager: setLockTaskAuth: task=Task{a6e94db #6476 type=standard A=10030:eu.europa.ec.euidi} mLockTaskAuth=LOCK_TASK_AUTH_PINNABLE
10-09 13:32:56.151  2042  4541 D WindowManager: Collecting in transition 298: Task{a6e94db #6476 type=standard A=10030:eu.europa.ec.euidi} init visibleRequested:false
10-09 13:32:56.153  2042  4541 D CompatibilityChangeReporter: Compat change id reported: 184838306; UID 10030; state: DISABLED
10-09 13:32:56.153  2042  4541 D CompatibilityChangeReporter: Compat change id reported: 185004937; UID 10030; state: DISABLED
10-09 13:32:56.155  2042  4541 D WindowManager: setLockTaskAuth: task=Task{a6e94db #6476 type=standard A=10030:eu.europa.ec.euidi} mLockTaskAuth=LOCK_TASK_AUTH_PINNABLE
10-09 13:32:56.155  2042  4541 D MiuiFreeFormManagerService: onStartActivityInner as = Task{a6e94db #6476 type=standard A=10030:eu.europa.ec.euidi} op = null
10-09 13:32:56.156  2042  4541 D ActivityTaskManager: Task#startActivityLocked isOrhasTask=true newTask=true
10-09 13:32:56.159  2042  4541 D CompatibilityChangeReporter: Compat change id reported: 205907456; UID 10030; state: ENABLED
10-09 13:32:56.163  2042  4541 D WindowManager: Collecting in transition 298: ActivityRecord{f53dd5 u0 eu.europa.ec.euidi/eu.europa.ec.assemblylogic.ui.MainActivity t6476} init visibleRequested:false
10-09 13:32:56.163  2042  4541 D WindowManager: Requesting StartTransition: TransitionRecord{b733ab6 id=298 type=OPEN flags=0x0}
10-09 13:32:56.164  2042  4541 D CompatibilityChangeReporter: Compat change id reported: 194833441; UID 10030; state: ENABLED
10-09 13:32:56.164  2042  4541 I ActivityTaskManager: START u0 {act=android.intent.action.MAIN cat=[android.intent.category.LAUNCHER] flg=0x10200000 cmp=eu.europa.ec.euidi/eu.europa.ec.assemblylogic.ui.MainActivity} with LAUNCH_SINGLE_TASK from uid 2000 from pid 25990 callingPackage com.android.shell (BAL_ALLOW_PERMISSION) result code=0
10-09 13:32:56.167  2042  2692 D CompatibilityChangeReporter: Compat change id reported: 135634846; UID 10030; state: DISABLED
10-09 13:32:56.167  2042  2692 D CompatibilityChangeReporter: Compat change id reported: 177438394; UID 10030; state: DISABLED
10-09 13:32:56.167  2042  2692 D CompatibilityChangeReporter: Compat change id reported: 135772972; UID 10030; state: DISABLED
10-09 13:32:56.167  2042  2692 D CompatibilityChangeReporter: Compat change id reported: 135754954; UID 10030; state: ENABLED
10-09 13:32:56.168  2042  2788 D CompatibilityChangeReporter: Compat change id reported: 143937733; UID 10030; state: ENABLED
10-09 13:32:56.169  4304  4484 I SoScUtils: monitorTransitionRequest mRequestOpenTransition:null mRequestOpenTriggerTask:-1 mRequestCloseTransition:null mRequestCloseTriggerTask:-1 mRequestCloseStageType:-1
10-09 13:32:56.170  2042  7000 D WindowManager: Set transition=TransitionRecord{b733ab6 id=298 type=OPEN flags=0x0}, ready=false, SyncId=298 used=true, override=false, defer=0, states=Display{#0 state=ON size=1080x2400 ROTATION_0}:false
10-09 13:32:56.171  4304  4484 D OneHandedController: stopOneHanded state is 0
10-09 13:32:56.171  4304  4484 D OneHandedController: stopOneHanded state is 0
10-09 13:32:56.174  4304  4575 D TaskSnapshot_Helper: SYS is normal.
10-09 13:32:56.182  4304  4572 D ArtChoreographerMonitor: invoke error.
10-09 13:32:56.189  2042  8104 D CompatibilityChangeReporter: Compat change id reported: 168419799; UID 10030; state: DISABLED
10-09 13:32:56.189  2042  8104 D CompatibilityChangeReporter: Compat change id reported: 273564678; UID 10030; state: DISABLED
10-09 13:32:56.192  2042  2788 I ActivityManager: Start proc 25994:eu.europa.ec.euidi/u0a30 for next-top-activity {eu.europa.ec.euidi/eu.europa.ec.assemblylogic.ui.MainActivity} caller=com.android.shell
10-09 13:32:56.195  2042 25995 W ContextImpl: Calling a method in the system process without a qualified user: android.app.ContextImpl.sendBroadcast:1231 com.qualcomm.qti.Performance$SendGameLaunchBroadcast.run:251 java.lang.Thread.run:1119 <bottom of call stack> <bottom of call stack> 
10-09 13:32:56.202  2042  6971 D WindowManager: Collecting in transition 298: ActivityRecord{f53dd5 u0 eu.europa.ec.euidi/eu.europa.ec.assemblylogic.ui.MainActivity t6476} init visibleRequested:false
10-09 13:32:56.203  2042  6971 D WindowManager: Collecting in transition 298: ActivityRecord{1b6b9ad u0 com.android.chrome/org.chromium.chrome.browser.ChromeTabbedActivity t6447} init visibleRequested:true
10-09 13:32:56.209  2042  7000 W AutofillManagerServiceImpl: getFillEventHistory() called by UID 10273, but service UID is 10163
10-09 13:32:56.211  2042  2693 D WindowManager: wms.Focus not requested for window=Window{edce952 u0 com.android.chrome/org.chromium.chrome.browser.ChromeTabbedActivity} because it has no surface or is not focusable.
10-09 13:32:56.211  2042  4772 D CoreBackPreview: Window{978528d u0 Splash Screen eu.europa.ec.euidi}: Setting back callback OnBackInvokedCallbackInfo{mCallback=android.window.IOnBackInvokedCallback$Stub$Proxy@46152af, mPriority=0, mIsAnimationCallback=false}
10-09 13:32:56.222  2042  8301 D WindowManager: wms.Input focus has changed to null display=0 updateInputWindows = true
10-09 13:32:56.222  2042  8301 I MultiSenceManagerInternalStub: getInstance
10-09 13:32:56.243  2042  2693 D WindowManager: Set transition=TransitionRecord{b733ab6 id=298 type=OPEN flags=0x0}, ready=true, SyncId=298 
10-09 13:32:56.247  2042  2693 I SmartPower: eu.europa.ec.euidi/10030(0): died->visible(4272ms) R(become visible) adj=-10000.
10-09 13:32:56.248  2042  2693 I WindowManager: wms.showSurfaceRobustly mWin:Window{978528d u0 Splash Screen eu.europa.ec.euidi}
10-09 13:32:56.248  2042  2693 D WindowManager: Final targets: [Task{a6e94db #6476 type=standard A=10030:eu.europa.ec.euidi}, Task{f3a7d2e #6447 type=standard A=10172:com.android.chrome}]
10-09 13:32:56.265  2042  2693 D WindowManager: Calling onTransitionReady info={id=298 t=OPEN f=0x0 trk=0 r=[0@Point(0, 0)] c=[{WCT{RemoteToken{34601c1 Task{a6e94db #6476 type=standard A=10030:eu.europa.ec.euidi}}} m=OPEN f=NONE leash=Surface(name=Task=6476#5999)/@0x90069ea sb=Rect(0, 0 - 1080, 2400) eb=Rect(0, 0 - 1080, 2400) d=0},{WCT{RemoteToken{ab02a8e Task{f3a7d2e #6447 type=standard A=10172:com.android.chrome}}} m=TO_BACK f=NONE leash=Surface(name=Task=6447#4700)/@0x9b243a9 sb=Rect(0, 0 - 1080, 2400) eb=Rect(0, 0 - 1080, 2400) d=0}] noAni=[false] df=[false] mk=[true] nc=[0]}, mToken=Token{59dbd66 TransitionRecord{b733ab6 id=298 type=OPEN flags=0x0}}
10-09 13:32:56.266  2042  2693 I BLASTSyncEngine: finishNow: after onTransactionReady, mSyncId=298
10-09 13:32:56.266  2042  2693 I WindowManager: cancelAnimation removed leash : Surface(name=Surface(name=704023a StatusBar#94)/@0xa8be448 - animation-leash of insets_animation#5986)/@0x77fdf45
10-09 13:32:56.268  4304  4484 D MiuiFreeformAnimation: startAnimation change: {WCT{android.window.IWindowContainerToken$Stub$Proxy@c29acaa} m=OPEN f=NONE leash=Surface(name=Task=6476#5999)/@0xdd8ab7f sb=Rect(0, 0 - 1080, 2400) eb=Rect(0, 0 - 1080, 2400) d=0} info.getType(): 1
10-09 13:32:56.268  4304  4484 I MiuiFreeformAnimation: isLaunchWidgetPicker=false,taskInfo.getWindowingMode()=1, taskInfo.getActivityType()=1
10-09 13:32:56.268  4304  4484 D MiuiFreeformAnimation: startAnimation change: {WCT{android.window.IWindowContainerToken$Stub$Proxy@5d6809b} m=TO_BACK f=NONE leash=Surface(name=Task=6447#4700)/@0xcbbe74c sb=Rect(0, 0 - 1080, 2400) eb=Rect(0, 0 - 1080, 2400) d=0} info.getType(): 1
10-09 13:32:56.268  4304  4484 W MiuiTaskTransitionHandler: Receive an unknown transition, token=android.os.BinderProxy@190808f, type=1
10-09 13:32:56.269  2042  2693 I WindowManager: cancelAnimation removed leash : Surface(name=Surface(name=d968687 NavigationBar0#90)/@0x2f479dd - animation-leash of insets_animation#5987)/@0x7482bcb
10-09 13:32:56.269  4304  4484 D TransitionAnimationHelper:  load default animation  type = 1 enter = false animAttr = 9 isTask = true translucent = false
10-09 13:32:56.269  4304  4484 D TransitionAnimationHelper:  load default animation  type = 1 enter = true animAttr = 8 isTask = true translucent = false
10-09 13:32:56.271  4304  4520 D ShellTransitions: speed ui!!!!!!!!!!!
10-09 13:32:56.281  4304  4484 D SoScUtils: monitorTransitionFinished transition:android.os.BinderProxy@190808f transaction: android.view.SurfaceControl$Transaction@29a6813 mRequestCloseTransition:null mRequestOpenTransition:null mPairsOpenTransition:null mPairsOpenTransitionNull:null mRequestOpenTriggerTask:-1 mRequestCloseTriggerTask:-1 mOrientationTransition: null mMainStartingTask:-1 mSideStartingTask:-1
10-09 13:32:56.288  2042  6971 I Transition: finishTransition: updateLastSurfacePosition tf=Task{a6e94db #6476 type=standard A=10030:eu.europa.ec.euidi}
10-09 13:32:56.289  4304  4484 D MiuiFullScreenTaskRepository: addOrUpdateFullScreenTaskInfo taskId=6476, topActivity=ComponentInfo{eu.europa.ec.euidi/eu.europa.ec.assemblylogic.ui.MainActivity}
10-09 13:32:56.291  4304  4484 D MiuiFullScreenTaskRepository: setFocusedTask taskId=6447, displayId=0, topActivity=ComponentInfo{com.android.chrome/org.chromium.chrome.browser.ChromeTabbedActivity}
10-09 13:32:56.291  4304  4484 D MiuiFullScreenTaskRepository: addOrUpdateFullScreenTaskInfo taskId=6447, topActivity=ComponentInfo{com.android.chrome/org.chromium.chrome.browser.ChromeTabbedActivity}
10-09 13:32:56.293  2042  8301 W MiuiBoosterUtils: enable_miuibooster_launch : false
10-09 13:32:56.294  2042  8301 I SmartPower: com.android.chrome/10172(17153): visible->invisible(10111ms) R(become invisible) adj=0.
10-09 13:32:56.295  2042  8301 I SmartPower: com.android.chrome:privileged_process0/10172(17266): invisible->background(10399ms) R(become background) adj=0.
10-09 13:32:56.295  2042  8301 I SmartPower: com.android.chrome/10172(17153): invisible->background(0ms) R(become background) adj=0.
10-09 13:32:56.297  4304  4484 D MiuiFullScreenTaskRepository: addOrUpdateFullScreenTaskInfo taskId=6476, topActivity=ComponentInfo{eu.europa.ec.euidi/eu.europa.ec.assemblylogic.ui.MainActivity}
10-09 13:32:56.300  2042  8301 D WindowManagerService: checkFlipFullScreenChange is same, nowIsFullScreen = false
10-09 13:32:56.309  2042  2690 D Aurogon :  uid = 10030 switch to FG
10-09 13:32:56.310  4304  4484 D MiuiFullScreenTaskRepository: removeFocusedTask displayId=0
10-09 13:32:56.310  4304  4484 D MiuiFullScreenTaskRepository: addOrUpdateFullScreenTaskInfo taskId=6447, topActivity=ComponentInfo{com.android.chrome/org.chromium.chrome.browser.ChromeTabbedActivity}
10-09 13:32:56.311  4304  4484 D MiuiFullScreenTaskRepository: setFocusedTask taskId=6476, displayId=0, topActivity=ComponentInfo{eu.europa.ec.euidi/eu.europa.ec.assemblylogic.ui.MainActivity}
10-09 13:32:56.311  4304  4484 D MiuiFullScreenTaskRepository: addOrUpdateFullScreenTaskInfo taskId=6476, topActivity=ComponentInfo{eu.europa.ec.euidi/eu.europa.ec.assemblylogic.ui.MainActivity}
10-09 13:32:56.311  4304  4484 D MiuiFreeformModeController: onFocusTaskChanged taskInfo: TaskInfo{userId=0 taskId=6476 displayId=0 isRunning=true baseIntent=Intent { act=android.intent.action.MAIN cat=[android.intent.category.LAUNCHER] flg=0x10200000 cmp=eu.europa.ec.euidi/eu.europa.ec.assemblylogic.ui.MainActivity } baseActivity=ComponentInfo{eu.europa.ec.euidi/eu.europa.ec.assemblylogic.ui.MainActivity} topActivity=ComponentInfo{eu.europa.ec.euidi/eu.europa.ec.assemblylogic.ui.MainActivity} origActivity=null realActivity=ComponentInfo{eu.europa.ec.euidi/eu.europa.ec.assemblylogic.ui.MainActivity} numActivities=1 lastActiveTime=251288620 supportsSplitScreenMultiWindow=true supportsMultiWindow=true resizeMode=1 isResizeable=true minWidth=-1 minHeight=-1 defaultMinSize=200 token=WCT{android.window.IWindowContainerToken$Stub$Proxy@85e945a} topActivityType=1 pictureInPictureParams=null shouldDockBigOverlays=false launchIntoPipHostTaskId=-1 lastParentTaskIdBeforePip=-1 displayCutoutSafeInsets=Rect(0, 94 - 0, 0) topActivityInfo=ActivityInfo{914c68b eu.europa.ec.assemblylogic.ui.MainActivity} launchCookies=[] positionInParent=Point(0, 0) parentTaskId=-1 isFocused=true isVisible=true isVisibleRequested=true isSleeping=false topActivityInSizeCompat=false topActivityInMiuiSizeCompat=false topActivityEligibleForLetterboxEducation= false topActivityLetterboxed= false isFromDoubleTap= false topActivityLetterboxVerticalPosition= -1 topActivityLetterboxHorizontalPosition= -1 topActivityLetterboxWidth=-1 topActivityLetterboxHeight=-1 locusId=null displayAreaFeatureId=1 cameraCompatControlState=hidden mIsCastMode=false mTopActivityMediaSize=null mTopActivityRecordName=ActivityRecord{f53dd5 u0 eu.europa.ec.euidi/eu.europa.ec.assemblylogic.ui.MainActivity t6476} mTopActivityOrientation=1 mTopActivityWindowIsNowVisible=false isTranslucent=false isEmbedded=false shouldBeVisible=true isImmersive=false mBehindAppLockPkg=null mOriginatingUid=0}
10-09 13:32:56.311  4304  4484 D MiuiDesktopModeController: onFocusTaskChanged newFocus: TaskInfo{userId=0 taskId=6476 displayId=0 isRunning=true baseIntent=Intent { act=android.intent.action.MAIN cat=[android.intent.category.LAUNCHER] flg=0x10200000 cmp=eu.europa.ec.euidi/eu.europa.ec.assemblylogic.ui.MainActivity } baseActivity=ComponentInfo{eu.europa.ec.euidi/eu.europa.ec.assemblylogic.ui.MainActivity} topActivity=ComponentInfo{eu.europa.ec.euidi/eu.europa.ec.assemblylogic.ui.MainActivity} origActivity=null realActivity=ComponentInfo{eu.europa.ec.euidi/eu.europa.ec.assemblylogic.ui.MainActivity} numActivities=1 lastActiveTime=251288620 supportsSplitScreenMultiWindow=true supportsMultiWindow=true resizeMode=1 isResizeable=true minWidth=-1 minHeight=-1 defaultMinSize=200 token=WCT{android.window.IWindowContainerToken$Stub$Proxy@85e945a} topActivityType=1 pictureInPictureParams=null shouldDockBigOverlays=false launchIntoPipHostTaskId=-1 lastParentTaskIdBeforePip=-1 displayCutoutSafeInsets=Rect(0, 94 - 0, 0) topActivityInfo=ActivityInfo{914c68b eu.europa.ec.assemblylogic.ui.MainActivity} launchCookies=[] positionInParent=Point(0, 0) parentTaskId=-1 isFocused=true isVisible=true isVisibleRequested=true isSleeping=false topActivityInSizeCompat=false topActivityInMiuiSizeCompat=false topActivityEligibleForLetterboxEducation= false topActivityLetterboxed= false isFromDoubleTap= false topActivityLetterboxVerticalPosition= -1 topActivityLetterboxHorizontalPosition= -1 topActivityLetterboxWidth=-1 topActivityLetterboxHeight=-1 locusId=null displayAreaFeatureId=1 cameraCompatControlState=hidden mIsCastMode=false mTopActivityMediaSize=null mTopActivityRecordName=ActivityRecord{f53dd5 u0 eu.europa.ec.euidi/eu.europa.ec.assemblylogic.ui.MainActivity t6476} mTopActivityOrientation=1 mTopActivityWindowIsNowVisible=false isTranslucent=false isEmbedded=false shouldBeVisible=true isImmersive=false mBehindAppLockPkg=null mOriginatingUid=0}
10-09 13:32:56.312  2042  3123 D AlarmManager: mBroadcastRefCount -> 1
10-09 13:32:56.314  2042  2787 D SchedBoost: com.android.chrome:sandboxed_process0:org.chromium.content.app.SandboxedProcessService0:32 boosting, skip reset priority
10-09 13:32:56.315  2042  2787 D SchedBoost: com.google.android.adservices.api boosting, skip reset priority
10-09 13:32:56.315  2042  2787 D SchedBoost: com.android.chrome:privileged_process0 boosting, skip reset priority
10-09 13:32:56.317  2042  6971 D CompatibilityChangeReporter: Compat change id reported: 170503758; UID 10030; state: ENABLED
10-09 13:32:56.319  2042  3110 D CompatibilityChangeReporter: Compat change id reported: 265195908; UID 10030; state: ENABLED
10-09 13:32:56.320  2042  3500 D isUidValid: uid = 10030
10-09 13:32:56.324  2042  2042 I ExtM    : mark duration up to 2m , try to mark.
10-09 13:32:56.325  2042  2042 D MFZ     : Start Mark
10-09 13:32:56.325  2042  3110 D CompatibilityChangeReporter: Compat change id reported: 218533173; UID 10030; state: ENABLED
10-09 13:32:56.325  2042  3110 D CompatibilityChangeReporter: Compat change id reported: 262645982; UID 10030; state: ENABLED
10-09 13:32:56.325  2042  3997 D ExtM    : Start marking ...
10-09 13:32:56.325  2042  3997 W ExtM    : Mark thread start 
10-09 13:32:56.327   674 26009 D vold    : mark task started
10-09 13:32:56.336 26011 26011 D vold    :  mark Pid = 26011
10-09 13:32:56.337 26011 26011 D vold    : set cpu affinity policy success
10-09 13:32:56.344 25994 25994 D ActivityThread: useGrowthLimitOutExpendMethod invoke error.
10-09 13:32:56.378  2042  2042 D MFZ     : Mark Finshed ! idle_stats: 172 2514 1556 1310 1021 300 5014 2390 220 53616
10-09 13:32:56.379  2042  2042 D ActivityManager: checkAllowBackground: uid=1000 pkg=android rec=UidRecord{b77cac0 1000 PER  fgServices allowlist change:procadj procs:0 seq(634543,448524)} caps=LCMNFU always=false idle=false
10-09 13:32:56.380  2042  2042 D AlarmManager: mBroadcastRefCount -> 0
10-09 13:32:56.380  2042  2042 D AlarmManager: mPendingIntent -> PendingIntent{41dd48f: PendingIntentRecord{c46edf android broadcastIntent}}
10-09 13:32:56.386  2042  7000 I ActivityManager: Flag disabled. Ignoring finishAttachApplication from uid: 10030. pid: 25994
10-09 13:32:56.415  2042  7000 D CompatibilityChangeReporter: Compat change id reported: 253665015; UID 10030; state: ENABLED
10-09 13:32:56.415  2042  7000 D CompatibilityChangeReporter: Compat change id reported: 194532703; UID 10030; state: ENABLED
10-09 13:32:56.415  2042  7000 D ActivityManager: checkAllowBackground: uid=10030 pkg=eu.europa.ec.euidi rec=UidRecord{e4374a1 u0a30 TOP  change:procadj procs:0 seq(634534,634440)} caps=LCMNFU always=false idle=false
10-09 13:32:56.431 26011 26011 D vold    :  success write all > /sys/block/zram0/idle
10-09 13:32:56.434 25994 25994 D FramePredict: FramePredict init: false
10-09 13:32:56.435 25994 25994 D FramePredict: init success
10-09 13:32:56.437  2042  7000 W ActivityManager: Permission Denial: getCurrentUser() from pid=25994, uid=10030 requires android.permission.INTERACT_ACROSS_USERS
10-09 13:32:56.438 25994 26022 E FramePredict: registerContentObserver fail
10-09 13:32:56.446  4304  4304 D ArtChoreographerMonitor: invoke error.
10-09 13:32:56.451  4304  4484 D MiuiFullScreenTaskRepository: setFocusedTask taskId=6476, displayId=0, topActivity=ComponentInfo{eu.europa.ec.euidi/eu.europa.ec.assemblylogic.ui.MainActivity}
10-09 13:32:56.451  4304  4484 D MiuiFullScreenTaskRepository: addOrUpdateFullScreenTaskInfo taskId=6476, topActivity=ComponentInfo{eu.europa.ec.euidi/eu.europa.ec.assemblylogic.ui.MainActivity}
10-09 13:32:56.452  4304  5419 D MiuiFreeformModeObserver: activityResumed() intent： Intent { cmp=eu.europa.ec.euidi/eu.europa.ec.assemblylogic.ui.MainActivity (has extras) }
10-09 13:32:56.549  2042  8301 D CoreBackPreview: Window{739ab4c u0 eu.europa.ec.euidi/eu.europa.ec.assemblylogic.ui.MainActivity}: Setting back callback OnBackInvokedCallbackInfo{mCallback=android.window.IOnBackInvokedCallback$Stub$Proxy@135f77, mPriority=0, mIsAnimationCallback=false}
10-09 13:32:56.567  2042  8301 I WindowManager: cancelAnimation removed leash : Surface(name=Surface(name=704023a StatusBar#94)/@0xa8be448 - animation-leash of insets_animation#6005)/@0x16ff8fd
10-09 13:32:56.569  2042  8301 I WindowManager: cancelAnimation removed leash : Surface(name=Surface(name=d968687 NavigationBar0#90)/@0x2f479dd - animation-leash of insets_animation#6006)/@0xab6843
10-09 13:32:56.571  2042  8301 D WindowManager: wms.Input focus has changed to Window{739ab4c u0 eu.europa.ec.euidi/eu.europa.ec.assemblylogic.ui.MainActivity} display=0 updateInputWindows = true
10-09 13:32:56.571  2042  8301 I MultiSenceManagerInternalStub: getInstance
10-09 13:32:56.609  2042  7000 D WindowManager: wms.finishDrawingLocked: mDrawState=COMMIT_DRAW_PENDING Window{739ab4c u0 eu.europa.ec.euidi/eu.europa.ec.assemblylogic.ui.MainActivity} in Surface(name=eu.europa.ec.euidi/eu.europa.ec.assemblylogic.ui.MainActivity#6009)/@0xc6017e4
10-09 13:32:56.611  2042  2693 D TaskSnapshot_Helper: shouldDelay()... Not launched by home, no delay needed.
10-09 13:32:56.613  2042  2693 I WindowManager: wms.showSurfaceRobustly mWin:Window{739ab4c u0 eu.europa.ec.euidi/eu.europa.ec.assemblylogic.ui.MainActivity}
10-09 13:32:56.613  4304  4572 D ArtChoreographerMonitor: invoke error.
10-09 13:32:56.637  2042  4541 D CompatibilityChangeReporter: Compat change id reported: 214016041; UID 10030; state: ENABLED
10-09 13:32:56.637  2042  7000 D CoreBackPreview: Window{978528d u0 Splash Screen eu.europa.ec.euidi}: Setting back callback null
10-09 13:32:56.655  2042  8104 I WindowManager: cancelAnimation removed leash : Surface(name=Surface(name=49d5fba InputMethod#118)/@0xbb23dc8 - animation-leash of insets_animation#5996)/@0xa48a69
10-09 13:32:56.656  2042  8301 W PackageConfigPersister: App-specific configuration not found for packageName: eu.europa.ec.euidi and userId: 0
10-09 13:32:56.658  2042  6971 D CoreBackPreview: Window{edce952 u0 com.android.chrome/org.chromium.chrome.browser.ChromeTabbedActivity}: Setting back callback OnBackInvokedCallbackInfo{mCallback=android.window.IOnBackInvokedCallback$Stub$Proxy@ee2f5b9, mPriority=-1, mIsAnimationCallback=false}
10-09 13:32:56.662  2042  4772 D ActivityManager: checkAllowBackground: uid=10030 pkg=eu.europa.ec.euidi rec=UidRecord{e4374a1 u0a30 TOP  change:procadj procs:0 seq(634641,634440)} caps=LCMNFU always=false idle=false
10-09 13:32:56.662  2042  3110 D CompatibilityChangeReporter: Compat change id reported: 265195908; UID 10172; state: ENABLED
10-09 13:32:56.698 17153 17153 D ActivityThread: Fail to check app heapsize due to java.lang.NoSuchMethodException: dalvik.system.VMRuntime.getBlockingGcCountForAlloc []
10-09 13:32:56.709  2042  2690 D Aurogon :  uid = 10172 switch to BG
10-09 13:32:56.709  2042  3500 D isUidValid: uid = 10172
10-09 13:32:56.738  2042  2042 W AccessibilityManagerService:  wait for adding window timeout: 1485
10-09 13:32:56.821  4304  4304 D ArtChoreographerMonitor: invoke error.
10-09 13:32:56.835   674 26009 D vold    : mark process has been finished in normal with status: 0
10-09 13:32:56.835   674 26009 D vold    :  listener->onFinished 
10-09 13:32:56.835  2042  4772 W ExtM    : Mark finished with status: 0
10-09 13:32:57.652  4304  4572 D ArtChoreographerMonitor: invoke error.
10-09 13:32:57.774  2183  2183 I wificond: station_bandwidth: P
10-09 13:32:57.947  4304  4304 D ArtChoreographerMonitor: invoke error.
10-09 13:32:58.775  2042  4772 W FillRequestEventLogger: Couldn't find packageName: com.google.android.inputmethod.latin
10-09 13:32:58.805  2042  8104 W PackageConfigPersister: App-specific configuration not found for packageName: eu.europa.ec.euidi and userId: 0
10-09 13:32:58.806 25994 25994 D MiuiMultiWindowUtils: freeform resolution args raw data:{  "wide_default":{    "freeform_args": {        "vertical_portrait":{"aspect_ratio":0.626, "original_ratio":0.5643,"original_scale":0.74,"top_margin":0.168,"left_margin":0.484},        "horizontal_portrait":{"aspect_ratio":0.626, "original_ratio":0.5643,"original_scale":0.74,"top_margin":0.1222,"left_margin":0.59745},        "vertical_landscape":{"aspect_ratio":1.6, "original_ratio":1,"original_scale":0.604,"top_margin":0.2596,"left_margin":0.2624},        "horizontal_landscape":{"aspect_ratio":1.6, "original_ratio":1,"original_scale":0.604,"top_margin":0.213,"left_margin":0.3758}    },    "mini_freeform_args":{        "vertical_portrait":{"original_ratio":0.147},        "horizontal_portrait":{"original_ratio":0.147},        "vertical_landscape":{"original_ratio":0.165},        "horizontal_landscape":{"original_ratio":0.165}    }  },  "narrow_default": {    "freeform_args": {        "vertical_portrait":{"aspect_ratio":0.626, "original_ratio":1,"original_scale":0.74,"top_margin":0.0753,"left_margin":-1},        "horizontal_portrait":{"aspect_ratio":0.626, "original_ratio":1,"original_scale":0.5756,"top_margin":-1,"left_margin":0.0753},        "vertical_landscape":{"aspect_ratio":1.6, "original_ratio":0.6847,"original_scale":0.587,"top_margin":0.0753,"left_margin":-1},        "horizontal_landscape":{"aspect_ratio":1.6, "original_ratio":0.6847,"original_scale":0.587,"top_margin":-1,"left_margin":0.0753}    },    "mini_freeform_args":{        "vertical_portrait":{"original_ratio":0.26},        "horizontal_portrait":{"original_ratio":0.26},        "vertical_landscape":{"original_ratio":0.293},        "horizontal_landscape":{"original_ratio":0.293}    }  },  "regular_default": {    "freeform_args": {      "vertical_portrait":{"aspect_ratio":0.625, "original_ratio":1,"original_scale":0.7,"top_margin":0.109,"left_margin":-1},      "horizontal_portrait":{"aspect_ratio":0.6667, "original_ratio":1,"original_scale":0.6102,"top_margin":-1,"left_margin":0.026},      "vertical_landscape":{"aspect_ratio":1.6, "original_ratio":1,"original_scale":0.4244,"top_margin":0.109,"left_margin":-1},      "horizontal_landscape":{"aspect_ratio":1.6, "original_ratio":1,"original_scale":0.4244,"top_margin":-1,"left_margin":0.026}    },    "mini_freeform_args":{      "vertical_portrait":{"original_ratio":0.25},      "horizontal_portrait":{"original_ratio":0.25},      "vertical_landscape":{"original_ratio":0.25},      "horizontal_landscape":{"original_ratio":0.25}    }  },  "pad_default": {    "freeform_args": {      "vertical_portrait":{"aspect_ratio":0.5625, "original_ratio":0.375,"original_scale":0.835,"top_margin":0.049,"left_margin":0.2775},      "horizontal_portrait":{"aspect_ratio":0.5625, "original_ratio":0.375,"original_scale":0.835,"top_margin":-1,"left_margin":0.6525},      "vertical_landscape":{"aspect_ratio":-1, "original_ratio":1,"original_scale":0.468,"top_margin":0.049,"left_margin":-1},      "horizontal_landscape":{"aspect_ratio":-1, "original_ratio":1,"original_scale":0.468,"top_margin":-1,"left_margin":0.4976}    },    "mini_freeform_args":{      "vertical_portrait":{"original_ratio":0.144},      "horizontal_portrait":{"original_ratio":0.144},      "vertical_landscape":{"original_ratio":0.2},      "horizontal_landscape":{"original_ratio":0.2}    }  }}
10-09 13:32:58.806 25994 25994 D MiuiMultiWindowUtils: initFreeFormResolutionArgs failed, device is redwood
10-09 13:32:58.807  2042  4772 W PackageConfigPersister: App-specific configuration not found for packageName: eu.europa.ec.euidi and userId: 0
10-09 13:32:58.808  2042  6971 I InputMethodManagerService: IMMS.showSoftInput(), client = com.android.internal.inputmethod.IInputMethodClient$Stub$Proxy@bd63262
10-09 13:32:58.808  2042  6971 I InputMethodManagerService: IMMS.showCurrentInputLocked(), flags = 0
10-09 13:32:58.808  2042  6971 D SmartPower: com.google.android.inputmethod.latin/10176(6431): show input method
10-09 13:32:58.808  2042  6971 I SmartPower: com.google.android.inputmethod.latin/10176(6431): idle->visible(19876ms) R(show input method) adj=100.
10-09 13:32:58.808  2042  6971 I DefaultImeVisibilityApplier: IMMS.showCurrentInputLocked request ims to show inputMethod.
10-09 13:32:58.824  2042  4772 D AutofillSession: createPendingIntent for request 384
10-09 13:32:58.824  2042  4772 D ContentCapturePerUserService: Notified activity assist data for activity: Token{ed24b78 ActivityRecord{f53dd5 u0 eu.europa.ec.euidi/eu.europa.ec.assemblylogic.ui.MainActivity t6476}} without a session Id
10-09 13:32:58.840  2042  4772 D ActivityManager: checkAllowBackground: uid=10163 pkg=com.google.android.gms rec=UidRecord{3efeecd u0a163 BTOP change:procstateprocadj procs:0 seq(634765,425084)} caps=LCMNFU always=false idle=false
10-09 13:32:58.851  2042  6971 I InputMethodManagerService: IMMS.showSoftInput(), client = com.android.internal.inputmethod.IInputMethodClient$Stub$Proxy@637abba
10-09 13:32:58.851  2042  6971 I InputMethodManagerService: IMMS.showCurrentInputLocked(), flags = 0
10-09 13:32:58.851  2042  6971 D SmartPower: com.google.android.inputmethod.latin/10176(6431): show input method
10-09 13:32:58.852  2042  6971 I DefaultImeVisibilityApplier: IMMS.showCurrentInputLocked request ims to show inputMethod.
10-09 13:32:58.867  2042  6971 I InputMethodManagerService: IMMS.applyImeVisibility(), setVisible = true, mCurclient = ClientState{5824026 mUid=10030 mPid=25994 mSelfReportedDisplayId=0}
10-09 13:32:58.868  2042  6971 I WindowManager: WMS.showImePostLayout(), imeTarget = Window{739ab4c u0 eu.europa.ec.euidi/eu.europa.ec.assemblylogic.ui.MainActivity}
10-09 13:32:58.873  2042  4772 D CoreBackPreview: Window{739ab4c u0 eu.europa.ec.euidi/eu.europa.ec.assemblylogic.ui.MainActivity}: Setting back callback OnBackInvokedCallbackInfo{mCallback=android.window.IOnBackInvokedCallback$Stub$Proxy@7e2fa6b, mPriority=0, mIsAnimationCallback=false}
10-09 13:32:58.877  4304  4484 D MiuiFreeformModeController: avoidForInsetsBottomChangedIfNeed oldMoveableBottom: 2270 newMoveableBounds: 2270
10-09 13:32:58.886  4304  4484 D MiuiFreeformModeController: avoidForInsetsBottomChangedIfNeed oldMoveableBottom: 2270 newMoveableBounds: 2270
10-09 13:32:58.893  2042  4541 I InputMethodManagerService: IMMS.applyImeVisibility(), setVisible = true, mCurclient = ClientState{5824026 mUid=10030 mPid=25994 mSelfReportedDisplayId=0}
10-09 13:32:58.894  2042  4541 I WindowManager: WMS.showImePostLayout(), imeTarget = Window{739ab4c u0 eu.europa.ec.euidi/eu.europa.ec.assemblylogic.ui.MainActivity}
10-09 13:32:58.898  2042  6971 D WindowManager: wms.finishDrawingLocked: mDrawState=COMMIT_DRAW_PENDING Window{49d5fba u0 InputMethod} in Surface(name=InputMethod#6015)/@0x84f2a61
10-09 13:32:58.898  2042  4772 D ActivityManager: checkAllowBackground: uid=10163 pkg=com.google.android.gms rec=UidRecord{3efeecd u0a163 BTOP change:procadj procs:0 seq(634771,425084)} caps=LCMNFU always=false idle=false
10-09 13:32:58.899  2042  2693 I ImeInsetsSourceProvider: ImeInsetsSourceProvider.scheduleShowImePostLayout() Run showImeRunner.
10-09 13:32:58.899  2042  2693 I ImeInsetsSourceProvider: ImeInsetsSourceProvider.scheduleShowImePostLayout() isReadyToShowIme.
10-09 13:32:58.904  2042  8104 I WindowManager: cancelAnimation removed leash : Surface(name=Surface(name=d968687 NavigationBar0#90)/@0x2f479dd - animation-leash of insets_animation#6011)/@0x9ac6849
10-09 13:32:58.904  4304  4484 D MiuiFreeformModeController: avoidForInsetsBottomChangedIfNeed oldMoveableBottom: 2270 newMoveableBounds: 2270
10-09 13:32:58.904  4304  4484 D ImePositionProcessor: onImeVisibilityChanged     isShowing:  true
10-09 13:32:58.904  2042  2693 I WindowManager: input method visible height changed 701
10-09 13:32:58.905  2042  3126 I ITouchFeature: current device and process support version:2
10-09 13:32:58.906  4304  4484 D MiuiFreeformModeController: onImeVisibilityChanged imeVisible: true imeHeight: 701 adjustedForRotation:false
10-09 13:32:58.906  4304  4484 D MiuiFreeformModeAvoidAlgorithm: begin autoOrderingAvoidMiniTask
10-09 13:32:58.906  2042  2693 I WindowManager: wms.showSurfaceRobustly mWin:Window{49d5fba u0 InputMethod}
10-09 13:32:58.906  4304  4484 D MiuiFreeformModeAvoidAlgorithm: getCurrMiniPos: SameSideMiniPosList: []
10-09 13:32:58.906  4304  4484 D MiuiFreeformModeAvoidAlgorithm: getCurrMiniPos: SameSideMiniPosList: []
10-09 13:32:58.906  4304  4484 D MiuiFreeformModeAvoidAlgorithm: end autoOrderingAvoidMiniTask res:AvoidResult{distance=0, combination={}, activeTaskPos=Rect(0, 0 - 0, 0)}
10-09 13:32:58.915  2042  4541 D ActivityManager: checkAllowBackground: uid=10163 pkg=com.google.android.gms rec=UidRecord{3efeecd u0a163 BTOP change:procadj procs:0 seq(634775,425084)} caps=LCMNFU always=false idle=false
10-09 13:32:58.918  2042  8104 D PerfShielderService: eu.europa.ec.euidi|eu.europa.ec.euidi/eu.europa.ec.assemblylogic.ui.MainActivity|228|34588119624877|135|2|4
10-09 13:32:58.918  6649  6663 W MiuiPerfServiceClient: interceptAndQueuing:25994|eu.europa.ec.euidi|228|135|34588119624877|Slow handle animation|4
10-09 13:32:58.920  4304  4304 D ArtChoreographerMonitor: invoke error.
10-09 13:32:58.921  4304  4484 D OneHandedController: stopOneHanded state is 0
10-09 13:32:58.948  2042  8104 D ActivityManager: checkAllowBackground: uid=10163 pkg=com.google.android.gms rec=UidRecord{3efeecd u0a163 BTOP change:procadj procs:0 seq(634785,425084)} caps=LCMNFU always=false idle=false
10-09 13:32:58.958  2042  8104 D ActivityManager: checkAllowBackground: uid=10163 pkg=com.google.android.gms rec=UidRecord{3efeecd u0a163 BTOP change:procadj procs:0 seq(634789,425084)} caps=LCMNFU always=false idle=false
10-09 13:32:58.971  2042  4772 D ActivityManager: checkAllowBackground: uid=10163 pkg=com.google.android.gms rec=UidRecord{3efeecd u0a163 BTOP change:procadj procs:0 seq(634793,425084)} caps=LCMNFU always=false idle=false
10-09 13:32:58.981  2042  4772 D ActivityManager: checkAllowBackground: uid=10163 pkg=com.google.android.gms rec=UidRecord{3efeecd u0a163 BTOP change:procadj procs:0 seq(634797,425084)} caps=LCMNFU always=false idle=false
10-09 13:32:58.983  2042  4772 D ActivityManager: checkAllowBackground: uid=10163 pkg=com.google.android.gms rec=UidRecord{3efeecd u0a163 BTOP change:procadj procs:0 seq(634797,425084)} caps=LCMNFU always=false idle=false
10-09 13:32:59.092  4304  4304 D ArtChoreographerMonitor: invoke error.
10-09 13:32:59.263  2042  2042 D AutofillSession: Service did not request to wait for delayed fill response.
10-09 13:32:59.264  2042  4772 D ActivityManager: checkAllowBackground: uid=10163 pkg=com.google.android.gms rec=UidRecord{3efeecd u0a163 BTOP change:procadj procs:0 seq(634801,425084)} caps=LCMNFU always=false idle=false
10-09 13:32:59.295  2042  3524 I SmartPower: com.android.chrome:privileged_process0/10172(17266): background->idle(3000ms) R(become invisible) adj=700.
10-09 13:32:59.295  2042  3524 I SmartPower: com.android.chrome/10172(17153): background->idle(3000ms) R(become invisible) adj=700.
10-09 13:32:59.298  2042  8104 W WindowManager: Requires INTERNAL_SYSTEM_WINDOW permission if assign type to input. New type will be 0.
10-09 13:32:59.303  2042  8104 W WindowManager: Cannot find window which accessibility connection is added to
10-09 13:32:59.315  2042  3524 I SmartPower: com.android.chrome:sandboxed_process0:org.chromium.content.app.SandboxedProcessSerbackground->idle(13283ms) R(adj below visible) adj=700.
10-09 13:32:59.710  2042  3524 I SmartPower: com.android.chrome:sandboxed_process0:org.chromium.content.app.SandboxedProcessSerbackground->idle(13525ms) R(adj below visible) adj=700.
10-09 13:33:00.000  2042  3123 D ActivityManager: checkAllowBackground: uid=1000 pkg=android rec=UidRecord{b77cac0 1000 PER  fgServices allowlist change:procadj procs:0 seq(634756,448524)} caps=LCMNFU always=false idle=false
10-09 13:33:00.000  2042  3123 D AlarmManager: mBroadcastRefCount -> 1
10-09 13:33:00.001  2042  2042 D AlarmManager: mBroadcastRefCount -> 0
10-09 13:33:00.001  2042  2042 D AlarmManager: mPendingIntent -> null
10-09 13:33:00.003  4304  4304 D ArtChoreographerMonitor: invoke error.
10-09 13:33:00.187  4304  4304 D ArtChoreographerMonitor: invoke error.
10-09 13:33:00.674  2042  4772 D WindowManagerService: checkFlipFullScreenChange is same, nowIsFullScreen = false
10-09 13:33:00.678  2042  4772 W PresentationStatsEventLogger: Shouldn't be logging AutofillPresentationEventReported again for same event
10-09 13:33:00.678  2042  4772 W FillRequestEventLogger: Couldn't find packageName: com.google.android.inputmethod.latin
10-09 13:33:00.686  2042  4772 D AutofillSession: createPendingIntent for request 385
10-09 13:33:00.686  2042  4772 D ContentCapturePerUserService: Notified activity assist data for activity: Token{ed24b78 ActivityRecord{f53dd5 u0 eu.europa.ec.euidi/eu.europa.ec.assemblylogic.ui.MainActivity t6476}} without a session Id
10-09 13:33:00.704  2042  4772 D ActivityManager: checkAllowBackground: uid=10163 pkg=com.google.android.gms rec=UidRecord{3efeecd u0a163 BTOP change:procadj procs:0 seq(634813,425084)} caps=LCMNFU always=false idle=false
10-09 13:33:00.707  2042  4541 I InputMethodManagerService: IMMS.showCurrentInputLocked(), flags = 1
10-09 13:33:00.707  2042  4541 D SmartPower: com.google.android.inputmethod.latin/10176(6431): show input method
10-09 13:33:00.708  2042  4541 I DefaultImeVisibilityApplier: IMMS.showCurrentInputLocked request ims to show inputMethod.
10-09 13:33:00.712  2042  8104 W PackageConfigPersister: App-specific configuration not found for packageName: eu.europa.ec.euidi and userId: 0
10-09 13:33:00.721  2042  6971 D ActivityManager: checkAllowBackground: uid=10163 pkg=com.google.android.gms rec=UidRecord{3efeecd u0a163 BTOP change:procadj procs:0 seq(634817,425084)} caps=LCMNFU always=false idle=false
10-09 13:33:00.746  2042  6971 D ActivityManager: checkAllowBackground: uid=10163 pkg=com.google.android.gms rec=UidRecord{3efeecd u0a163 BTOP change:procadj procs:0 seq(634821,425084)} caps=LCMNFU always=false idle=false
10-09 13:33:00.757  2042  6971 I InputMethodManagerService: IMMS.showSoftInput(), client = com.android.internal.inputmethod.IInputMethodClient$Stub$Proxy@ca99e07
10-09 13:33:00.757  2042  6971 I InputMethodManagerService: IMMS.showCurrentInputLocked(), flags = 0
10-09 13:33:00.757  2042  6971 D SmartPower: com.google.android.inputmethod.latin/10176(6431): show input method
10-09 13:33:00.758  2042  8104 D ActivityManager: checkAllowBackground: uid=10163 pkg=com.google.android.gms rec=UidRecord{3efeecd u0a163 BTOP change:procadj procs:0 seq(634825,425084)} caps=LCMNFU always=false idle=false
