06-17 10:50:03.368   199   199 I servicemanager: Caller(pid=461,uid=1000,sid=u:r:hal_neuralnetworks_sample:s0) Found android.hardware.neuralnetworks.IDevice/nnapi-sample_sl_shim in device VINTF manifest.
06-17 10:50:03.371     1     1 I init    : processing action (boot) from (/system/etc/init/dumpstate.rc:1)
06-17 10:50:03.371     1     1 I init    : processing action (boot) from (/system/etc/init/gsid.rc:25)
06-17 10:50:03.371     1     1 I init    : starting service 'exec 14 (/system/bin/gsid run-startup-tasks)'...
06-17 10:50:03.373   199   199 I servicemanager: Caller(pid=428,uid=0,sid=u:r:netd:s0) Found android.system.net.netd.INetd/default in framework VINTF manifest.
06-17 10:50:03.374     1     1 I init    : ... started service 'exec 14 (/system/bin/gsid run-startup-tasks)' has pid 503
06-17 10:50:03.374     1     1 I init    : Service 'misctrl' (pid 489) exited with status 1 oneshot service took 0.019000 seconds in background
06-17 10:50:03.374     1     1 I init    : Sending signal 9 to service 'misctrl' (pid 489) process group...
06-17 10:50:03.374     1     1 I libprocessgroup: Removed cgroup /sys/fs/cgroup/system/uid_0/pid_489
06-17 10:50:03.374     1     1 I init    : processing action (persist.device_config.aconfig_flags.profcollect_native_boot.enabled= && boot) from (/system/etc/init/profcollectd.rc:19)
06-17 10:50:03.374     1     1 I init    : starting service 'exec 15 (/system/bin/profcollectctl reset)'...
06-17 10:50:03.374     1     1 I init    : ... started service 'exec 15 (/system/bin/profcollectctl reset)' has pid 506
06-17 10:50:03.374     1     1 I init    : processing action (boot) from (/vendor/etc/init/android.hardware.sensors-service-multihal.rc:1)
06-17 10:50:03.375     1     1 I init    : processing action (enable_property_trigger) from (<Builtin Action>:0)
06-17 10:50:03.375     1     1 I init    : processing action (bootreceiver.enable=1 && ro.product.cpu.abilist64=*) from (/system/etc/init/hw/init.rc:635)
06-17 10:50:03.381     1     1 I init    : processing action (net.tcp_def_init_rwnd=*) from (/system/etc/init/hw/init.rc:1245)
06-17 10:50:03.381     1     1 I init    : processing action (security.perf_harden=1) from (/system/etc/init/hw/init.rc:1270)
06-17 10:50:03.381     1     1 I init    : processing action (ro.debuggable=1) from (/system/etc/init/hw/init.rc:1307)
06-17 10:50:03.381     1     1 I init    : processing action (sys.usb.config=adb && sys.usb.configfs=0) from (/system/etc/init/hw/init.usb.rc:41)
06-17 10:50:03.381     1     1 I init    : Command 'write /sys/class/android_usb/android0/enable 0' action=sys.usb.config=adb && sys.usb.configfs=0 (/system/etc/init/hw/init.usb.rc:42) took 0ms and failed: Unable to write to file '/sys/class/android_usb/android0/enable': open() failed: Permission denied
06-17 10:50:03.381     1     1 I init    : Command 'write /sys/class/android_usb/android0/idVendor 18d1' action=sys.usb.config=adb && sys.usb.configfs=0 (/system/etc/init/hw/init.usb.rc:43) took 0ms and failed: Unable to write to file '/sys/class/android_usb/android0/idVendor': open() failed: Permission denied
06-17 10:50:03.381     1     1 I init    : Command 'write /sys/class/android_usb/android0/idProduct 4EE7' action=sys.usb.config=adb && sys.usb.configfs=0 (/system/etc/init/hw/init.usb.rc:44) took 0ms and failed: Unable to write to file '/sys/class/android_usb/android0/idProduct': open() failed: Permission denied
06-17 10:50:03.382     1     1 I init    : Command 'write /sys/class/android_usb/android0/functions ${sys.usb.config}' action=sys.usb.config=adb && sys.usb.configfs=0 (/system/etc/init/hw/init.usb.rc:45) took 0ms and failed: Unable to write to file '/sys/class/android_usb/android0/functions': open() failed: Permission denied
06-17 10:50:03.382     1     1 I init    : Command 'write /sys/class/android_usb/android0/enable 1' action=sys.usb.config=adb && sys.usb.configfs=0 (/system/etc/init/hw/init.usb.rc:46) took 0ms and failed: Unable to write to file '/sys/class/android_usb/android0/enable': open() failed: Permission denied
06-17 10:50:03.384     1     1 I init    : starting service 'adbd'...
06-17 10:50:03.384     1     1 I init    : Created socket '/dev/socket/adbd', mode 660, user 1000, group 1000
06-17 10:50:03.385     1     1 I init    : ... started service 'adbd' has pid 511
06-17 10:50:03.385     1     1 I init    : processing action (vendor.qemu.timezone=*) from (/vendor/etc/init/hw/init.ranchu.rc:112)
06-17 10:50:03.385     1     1 I init    : processing action (vendor.qemu.vport.bluetooth=*) from (/vendor/etc/init/hw/init.ranchu.rc:175)
06-17 10:50:03.386     1     1 I init    : processing action (vendor.qemu.vport.uwb=*) from (/vendor/etc/init/hw/init.ranchu.rc:183)
06-17 10:50:03.387     1     1 I init    : Command 'symlink ${vendor.qemu.vport.uwb} /dev/hvc2' action=vendor.qemu.vport.uwb=* (/vendor/etc/init/hw/init.ranchu.rc:184) took 0ms and failed: symlink() failed: File exists
06-17 10:50:03.387     1     1 I init    : starting service 'vendor.uwb_hal'...
06-17 10:50:03.388     1     1 I init    : ... started service 'vendor.uwb_hal' has pid 514
06-17 10:50:03.388     1     1 I init    : processing action (apexd.status=ready && ro.product.cpu.abilist64=*) from (/system/etc/init/hw/init.boringssl.zygote64.rc:3)
06-17 10:50:03.388     1     1 I init    : starting service 'boringssl_self_test_apex64'...
06-17 10:50:03.389     1     1 I init    : ... started service 'boringssl_self_test_apex64' has pid 515
06-17 10:50:03.389     1     1 I init    : SVC_EXEC service 'boringssl_self_test_apex64' pid 515 (uid 9999 gid 0+0 context default) started; waiting...
06-17 10:50:03.401     1     1 I init    : Service 'exec 14 (/system/bin/gsid run-startup-tasks)' (pid 503) exited with status 0 oneshot service took 0.028000 seconds in background
06-17 10:50:03.401     1     1 I init    : Sending signal 9 to service 'exec 14 (/system/bin/gsid run-startup-tasks)' (pid 503) process group...
06-17 10:50:03.401     1     1 I libprocessgroup: Removed cgroup /sys/fs/cgroup/system/uid_0/pid_503
06-17 10:50:03.402   199   199 I servicemanager: Caller(pid=434,uid=1041,sid=u:r:hal_audio_default:s0) Found android.hardware.bluetooth.audio.IBluetoothAudioProviderFactory/default in device VINTF manifest.
06-17 10:50:03.427   199   199 I servicemanager: Caller(pid=514,uid=1083,sid=u:r:hal_uwb_default:s0) Found android.hardware.uwb.IUwb/default in device VINTF manifest.
06-17 10:50:03.432   199   199 I servicemanager: Caller(pid=480,uid=1013,sid=u:r:hal_drm_widevine:s0) Found android.hardware.drm.IDrmFactory/widevine in device VINTF manifest.
06-17 10:50:03.437     1     1 I init    : starting service 'mdnsd'...
06-17 10:50:03.437     1     1 I init    : Created socket '/dev/socket/mdnsd', mode 660, user 1020, group 3003
06-17 10:50:03.444     1     1 I init    : ... started service 'mdnsd' has pid 526
06-17 10:50:03.444     1     1 I init    : Control message: Processed ctl.start for 'mdnsd' from pid: 511 (/apex/com.android.adbd/bin/adbd --root_seclabel=u:r:su:s0 --tim_seclabel=u:r:adbd_tradeinmode:s0)
06-17 10:50:03.469     1     1 I init    : Service 'exec 15 (/system/bin/profcollectctl reset)' (pid 506) exited with status 0 oneshot service took 0.094000 seconds in background
06-17 10:50:03.469     1     1 I init    : Sending signal 9 to service 'exec 15 (/system/bin/profcollectctl reset)' (pid 506) process group...
06-17 10:50:03.469     1     1 I libprocessgroup: Removed cgroup /sys/fs/cgroup/system/uid_0/pid_506
06-17 10:50:03.471   199   199 I servicemanager: Caller(pid=436,uid=1000,sid=u:r:hal_camera_default:s0) Found android.hardware.camera.provider.ICameraProvider/internal/0 in device VINTF manifest.
06-17 10:50:03.493   199   199 I servicemanager: Caller(pid=481,uid=1041,sid=u:r:audioserver:s0) Could not find android.hardware.audio.core.IModule/default in the VINTF manifest. No alternative instances declared in VINTF.
06-17 10:50:03.493   199   199 I servicemanager: Caller(pid=481,uid=1041,sid=u:r:audioserver:s0) Could not find android.hardware.audio.effect.IFactory/default in the VINTF manifest. No alternative instances declared in VINTF.
06-17 10:50:03.501   199   199 I servicemanager: Caller(pid=481,uid=1041,sid=u:r:audioserver:s0) Could not find android.hardware.audio.effect.IFactory/default in the VINTF manifest. No alternative instances declared in VINTF.
06-17 10:50:03.501   199   199 I servicemanager: Caller(pid=481,uid=1041,sid=u:r:audioserver:s0) Could not find android.hardware.audio.core.IModule/default in the VINTF manifest. No alternative instances declared in VINTF.
06-17 10:50:03.540   199   199 I servicemanager: Caller(pid=494,uid=1000,sid=u:r:surfaceflinger:s0) Found android.hardware.graphics.composer3.IComposer/default in device VINTF manifest.
06-17 10:50:03.540   199   199 I servicemanager: Caller(pid=450,uid=1000,sid=u:r:hal_graphics_composer_default:s0) Found android.hardware.graphics.allocator.IAllocator/default in device VINTF manifest.
06-17 10:50:03.540   199   199 I servicemanager: Caller(pid=450,uid=1000,sid=u:r:hal_graphics_composer_default:s0) Found android.hardware.graphics.allocator.IAllocator/default in device VINTF manifest.
06-17 10:50:03.540   199   199 I servicemanager: Caller(pid=450,uid=1000,sid=u:r:hal_graphics_composer_default:s0) Found mapper/ranchu in device VINTF manifest.
06-17 10:50:03.551   199   199 I servicemanager: Caller(pid=494,uid=1000,sid=u:r:surfaceflinger:s0) Found android.hardware.graphics.allocator.IAllocator/default in device VINTF manifest.
06-17 10:50:03.551   199   199 I servicemanager: Caller(pid=494,uid=1000,sid=u:r:surfaceflinger:s0) Found android.hardware.graphics.allocator.IAllocator/default in device VINTF manifest.
06-17 10:50:03.551   199   199 I servicemanager: Caller(pid=494,uid=1000,sid=u:r:surfaceflinger:s0) Found mapper/ranchu in device VINTF manifest.
06-17 10:50:03.558     1     1 I init    : starting service 'bootanim'...
06-17 10:50:03.560     1     1 I init    : ... started service 'bootanim' has pid 548
06-17 10:50:03.560     1     1 I init    : Control message: Processed ctl.start for 'bootanim' from pid: 494 (/system/bin/surfaceflinger)
06-17 10:50:03.636     1     1 I init    : Service 'boringssl_self_test_apex64' (pid 515) exited with status 0 waiting took 0.247000 seconds
06-17 10:50:03.636     1     1 I init    : Sending signal 9 to service 'boringssl_self_test_apex64' (pid 515) process group...
06-17 10:50:03.636     1     1 I libprocessgroup: Removed cgroup /sys/fs/cgroup/system/uid_9999/pid_515
06-17 10:50:03.637     1     1 I init    : processing action (init.svc.audioserver=running) from (/system/etc/init/audioserver.rc:43)
06-17 10:50:03.637     1     1 I init    : service 'vendor.audio-hal' requested start, but it is already running (flags: 4)
06-17 10:50:03.637     1     1 I init    : Command 'start vendor.audio-hal-aidl' action=init.svc.audioserver=running (/system/etc/init/audioserver.rc:45) took 0ms and failed: service vendor.audio-hal-aidl not found
06-17 10:50:03.637     1     1 I init    : Command 'start vendor.audio-effect-hal-aidl' action=init.svc.audioserver=running (/system/etc/init/audioserver.rc:46) took 0ms and failed: service vendor.audio-effect-hal-aidl not found
06-17 10:50:03.637     1     1 I init    : Command 'start vendor.audio-hal-4-0-msd' action=init.svc.audioserver=running (/system/etc/init/audioserver.rc:47) took 0ms and failed: service vendor.audio-hal-4-0-msd not found
06-17 10:50:03.637     1     1 I init    : Command 'start audio_proxy_service' action=init.svc.audioserver=running (/system/etc/init/audioserver.rc:48) took 0ms and failed: service audio_proxy_service not found
06-17 10:50:03.637     1     1 I init    : processing action (ro.persistent_properties.ready=true) from (/system/etc/init/bootstat.rc:57)
06-17 10:50:03.637     1     1 I init    : processing action (ro.persistent_properties.ready=true) from (/system/etc/init/bootstat.rc:61)
06-17 10:50:03.637     1     1 I init    : starting service 'exec 16 (/system/bin/bootstat --set_system_boot_reason)'...
06-17 10:50:03.639     1     1 I init    : ... started service 'exec 16 (/system/bin/bootstat --set_system_boot_reason)' has pid 550
06-17 10:50:03.639     1     1 I init    : processing action (bootreceiver.enable=1 && ro.product.cpu.abilist64=*) from (/system/etc/init/dmesgd.rc:7)
06-17 10:50:03.639     1     1 I init    : processing action (drm.service.enabled=true) from (/system/etc/init/drmserver.rc:8)
06-17 10:50:03.639     1     1 I init    : starting service 'drm'...
06-17 10:50:03.640     1     1 I init    : ... started service 'drm' has pid 551
06-17 10:50:03.640     1     1 I init    : processing action (persist.heapprofd.enable= && traced.lazy.heapprofd=) from (/system/etc/init/heapprofd.rc:49)
06-17 10:50:03.641     1     1 I init    : processing action (ro.debuggable=1) from (/system/etc/init/llkd-debuggable.rc:1)
06-17 10:50:03.641     1     1 I init    : processing action (ro.debuggable=*) from (/system/etc/init/llkd.rc:2)
06-17 10:50:03.641     1     1 I init    : processing action (persist.device_config.lmkd_native.thrashing_limit_critical=*) from (/system/etc/init/lmkd.rc:47)
06-17 10:50:03.641     1     1 I init    : processing action (debug.atrace.user_initiated= && persist.traced.enable=1) from (/system/etc/init/perfetto.rc:63)
06-17 10:50:03.641     1     1 I init    : starting service 'traced_probes'...
06-17 10:50:03.650     1     1 I init    : ... started service 'traced_probes' has pid 552
06-17 10:50:03.650     1     1 I init    : processing action (persist.traced.enable=1) from (/system/etc/init/perfetto.rc:75)
06-17 10:50:03.651     1     1 I init    : Service 'exec 16 (/system/bin/bootstat --set_system_boot_reason)' (pid 550) exited with status 0 oneshot service took 0.013000 seconds in background
06-17 10:50:03.651     1     1 I init    : Sending signal 9 to service 'exec 16 (/system/bin/bootstat --set_system_boot_reason)' (pid 550) process group...
06-17 10:50:03.651     1     1 I libprocessgroup: Removed cgroup /sys/fs/cgroup/system/uid_1000/pid_550
06-17 10:50:03.651     1     1 I init    : starting service 'traced'...
06-17 10:50:03.651     1     1 I init    : Created socket '/dev/socket/traced_consumer', mode 666, user 0, group 0
06-17 10:50:03.651     1     1 I init    : Created socket '/dev/socket/traced_producer', mode 666, user 0, group 0
06-17 10:50:03.652     1     1 I init    : ... started service 'traced' has pid 554
06-17 10:50:03.652     1     1 I init    : service 'traced_probes' requested start, but it is already running (flags: 132)
06-17 10:50:03.652     1     1 I init    : processing action (ro.persistent_properties.ready=true) from (/system/etc/init/perfetto.rc:128)
06-17 10:50:03.652     1     1 I init    : processing action (persist.debug.perfetto.persistent_sysui_tracing_for_bugreport=) from (/system/etc/init/perfetto.rc:187)
06-17 10:50:03.652     1     1 I init    : processing action (persist.traced_perf.enable= && sys.init.perf_lsm_hooks=1 && traced.lazy.traced_perf=) from (/system/etc/init/traced_perf.rc:44)
06-17 10:50:03.652     1     1 I init    : processing action (init.svc.ranchu-adb-setup=stopped) from (/system_ext/etc/init/init.system_ext.rc:1)
06-17 10:50:03.652     1     1 I init    : service 'adbd' requested start, but it is already running (flags: 132)
06-17 10:50:03.652     1     1 I init    : processing action (apex.all.ready=true) from (/apex/com.google.android.widevine/etc/com.google.android.widevine.rc:1)
06-17 10:50:03.653     1     1 I init    : processing action (nonencrypted) from (/system/etc/init/hw/init.rc:1217)
06-17 10:50:03.653     1     1 I init    : starting service 'goldfish-logcat'...
06-17 10:50:03.654     1     1 I init    : ... started service 'goldfish-logcat' has pid 555
06-17 10:50:03.654     1     1 I init    : starting service 'bt_vhci_forwarder'...
06-17 10:50:03.655     1     1 I init    : ... started service 'bt_vhci_forwarder' has pid 557
06-17 10:50:03.655     1     1 I init    : service 'zygote' requested start, but it is already running (flags: 4)
06-17 10:50:03.655     1     1 I init    : starting service 'cameraserver'...
06-17 10:50:03.662     1     1 I init    : ... started service 'cameraserver' has pid 558
06-17 10:50:03.662     1     1 I init    : service 'drm' requested start, but it is already running (flags: 132)
06-17 10:50:03.662     1     1 I init    : starting service 'idmap2d'...
06-17 10:50:03.666   209   209 I logd    : logdr: UID=1036 GID=0 PID=555 b tail=0 logMask=99 pid=0 start=0ns deadline=0ns
06-17 10:50:03.666     1     1 I init    : ... started service 'idmap2d' has pid 561
06-17 10:50:03.666     1     1 I init    : starting service 'incidentd'...
06-17 10:50:03.675     1     1 I init    : ... started service 'incidentd' has pid 565
06-17 10:50:03.675     1     1 I init    : starting service 'installd'...
06-17 10:50:03.688     1     1 I init    : ... started service 'installd' has pid 566
06-17 10:50:03.688     1     1 I init    : service 'mdnsd' requested start, but it is already running (flags: 134)
06-17 10:50:03.688     1     1 I init    : starting service 'mediaextractor'...
06-17 10:50:03.694     1     1 I init    : ... started service 'mediaextractor' has pid 569
06-17 10:50:03.694     1     1 I init    : starting service 'mediametrics'...
06-17 10:50:03.699     1     1 I init    : ... started service 'mediametrics' has pid 571
06-17 10:50:03.699     1     1 I init    : starting service 'media'...
06-17 10:50:03.700     1     1 I init    : ... started service 'media' has pid 572
06-17 10:50:03.700     1     1 I init    : service 'netd' requested start, but it is already running (flags: 4)
06-17 10:50:03.700     1     1 I init    : starting service 'storaged'...
06-17 10:50:03.701     1     1 I init    : ... started service 'storaged' has pid 573
06-17 10:50:03.701     1     1 I init    : starting service 'wificond'...
06-17 10:50:03.715     1     1 I init    : ... started service 'wificond' has pid 574
06-17 10:50:03.716     1     1 I init    : starting service 'media.swcodec'...
06-17 10:50:03.725     1     1 I init    : ... started service 'media.swcodec' has pid 576
06-17 10:50:03.725     1     1 I init    : service 'statsd' requested start, but it is already running (flags: 4)
06-17 10:50:03.725     1     1 I init    : Command 'class_start main' action=nonencrypted (/system/etc/init/hw/init.rc:1218) took 72ms and succeeded
06-17 10:50:03.725     1     1 I init    : starting service 'gatekeeperd'...
06-17 10:50:03.727     1     1 I init    : ... started service 'gatekeeperd' has pid 577
06-17 10:50:03.727     1     1 I init    : service 'traced' requested start, but it is already running (flags: 132)
06-17 10:50:03.727     1     1 I init    : service 'traced_probes' requested start, but it is already running (flags: 132)
06-17 10:50:03.727     1     1 I init    : starting service 'usbd'...
06-17 10:50:03.732     1     1 I init    : ... started service 'usbd' has pid 578
06-17 10:50:03.732     1     1 I init    : processing action (load_persist_props_action) from (/system/etc/init/flags_health_check.rc:1)
06-17 10:50:03.733     1     1 I init    : Verified that /data/server_configurable_flags has the encryption policy 682392fda0d0848a9c06fcfd3a23dda2 v2 modes 1/4 flags 0x2
06-17 10:50:03.733     1     1 I init    : starting service 'exec 17 (/system/bin/flags_health_check BOOT_FAILURE)'...
06-17 10:50:03.739     1     1 I init    : ... started service 'exec 17 (/system/bin/flags_health_check BOOT_FAILURE)' has pid 579
06-17 10:50:03.739     1     1 I init    : SVC_EXEC service 'exec 17 (/system/bin/flags_health_check BOOT_FAILURE)' pid 579 (uid 1000 gid 1000+0 context default) started; waiting...
06-17 10:50:03.739   199   199 I servicemanager: Caller(pid=574,uid=1010,sid=u:r:wificond:s0) Could not find android.hardware.net.nlinterceptor.IInterceptor/default in the VINTF manifest. No alternative instances declared in VINTF.
06-17 10:50:03.746     1     1 I init    : service 'adbd' requested start, but it is already running (flags: 132)
06-17 10:50:03.746     1     1 I init    : Control message: Processed ctl.start for 'adbd' from pid: 578 (/system/bin/usbd)
06-17 10:50:03.746   199   199 I servicemanager: Caller(pid=578,uid=0,sid=u:r:usbd:s0) Could not find android.hardware.usb.gadget.IUsbGadget/default in the VINTF manifest. No alternative instances declared in VINTF.
06-17 10:50:03.747   199   199 I servicemanager: Caller(pid=577,uid=1000,sid=u:r:gatekeeperd:s0) Found android.hardware.gatekeeper.IGatekeeper/default in device VINTF manifest.
06-17 10:50:03.748     1     1 I init    : Service 'usbd' (pid 578) exited with status 0 oneshot service took 0.019000 seconds in background
06-17 10:50:03.748     1     1 I init    : Sending signal 9 to service 'usbd' (pid 578) process group...
06-17 10:50:03.748     1     1 I libprocessgroup: Removed cgroup /sys/fs/cgroup/system/uid_0/pid_578
06-17 10:50:03.753     1     1 I init    : Service 'exec 17 (/system/bin/flags_health_check BOOT_FAILURE)' (pid 579) exited with status 0 waiting took 0.019000 seconds
06-17 10:50:03.753     1     1 I init    : Sending signal 9 to service 'exec 17 (/system/bin/flags_health_check BOOT_FAILURE)' (pid 579) process group...
06-17 10:50:03.753     1     1 I libprocessgroup: Removed cgroup /sys/fs/cgroup/system/uid_1000/pid_579
06-17 10:50:03.753     1     1 I init    : processing action (load_persist_props_action) from (/system/etc/init/logcatd.rc:29)
06-17 10:50:03.754     1     1 I init    : processing action (llk.enable=0) from (/system/etc/init/llkd.rc:12)
06-17 10:50:03.754     1     1 I init    : processing action (khungtask.enable=1) from (/system/etc/init/llkd.rc:18)
06-17 10:50:03.754     1     1 I init    : processing action (llk.enable=0) from (/system/etc/init/llkd.rc:12)
06-17 10:50:03.754     1     1 I init    : processing action (khungtask.enable=0) from (/system/etc/init/llkd.rc:21)
06-17 10:50:03.754     1     1 I init    : processing action (init.svc.media=*) from (/system/etc/init/mediaserver.rc:1)
06-17 10:50:03.754     1     1 I init    : processing action (khungtask.enable=true) from (/system/etc/init/llkd.rc:25)
06-17 10:50:03.754     1     1 I init    : processing action (khungtask.enable=false) from (/system/etc/init/llkd.rc:31)
06-17 10:50:03.772   199   199 I servicemanager: Caller(pid=573,uid=0,sid=u:r:storaged:s0) Found android.hardware.health.IHealth/default in device VINTF manifest.
06-17 10:50:03.891   199   199 I servicemanager: Caller(pid=481,uid=1041,sid=u:r:audioserver:s0) Could not find android.hardware.audio.effect.IFactory/default in the VINTF manifest. No alternative instances declared in VINTF.
06-17 10:50:03.895   199   199 I servicemanager: Caller(pid=481,uid=1041,sid=u:r:audioserver:s0) Could not find android.hardware.audio.core.IModule/default in the VINTF manifest. No alternative instances declared in VINTF.
06-17 10:50:03.932   199   199 I servicemanager: Caller(pid=481,uid=1041,sid=u:r:audioserver:s0) Found android.system.suspend.ISystemSuspend/default in framework VINTF manifest.
06-17 10:50:03.936   199   199 I servicemanager: Caller(pid=576,uid=1046,sid=u:r:mediaswcodec:s0) Found android.hardware.media.c2.IComponentStore/software in framework VINTF manifest.
06-17 10:50:03.936   199   199 I servicemanager: Caller(pid=576,uid=1046,sid=u:r:mediaswcodec:s0) Found android.hardware.media.c2.IComponentStore/software in framework VINTF manifest.
06-17 10:50:03.993   199   199 I servicemanager: Caller(pid=548,uid=1003,sid=u:r:bootanim:s0) Found android.hardware.graphics.allocator.IAllocator/default in device VINTF manifest.
06-17 10:50:04.026   199   199 I servicemanager: Caller(pid=548,uid=1003,sid=u:r:bootanim:s0) Found android.hardware.graphics.allocator.IAllocator/default in device VINTF manifest.
06-17 10:50:04.026   199   199 I servicemanager: Caller(pid=548,uid=1003,sid=u:r:bootanim:s0) Found mapper/ranchu in device VINTF manifest.
06-17 10:50:04.029   199   199 I servicemanager: Caller(pid=481,uid=1041,sid=u:r:audioserver:s0) Could not find android.hardware.audio.effect.IFactory/default in the VINTF manifest. No alternative instances declared in VINTF.
06-17 10:50:04.030   199   199 I servicemanager: Caller(pid=481,uid=1041,sid=u:r:audioserver:s0) Could not find android.hardware.audio.core.IModule/default in the VINTF manifest. No alternative instances declared in VINTF.
06-17 10:50:04.035   199   199 I servicemanager: Caller(pid=481,uid=1041,sid=u:r:audioserver:s0) Since 'activity' could not be found trying to start it as a lazy AIDL service. (if it's not configured to be a lazy service, it may be stuck starting or still starting).
06-17 10:50:04.038     1     1 E init    : Control message: Could not find 'aidl/activity' for ctl.interface_start from pid: 199 (/system/bin/servicemanager)
06-17 10:50:04.038   623   623 I servicemanager: Caller(pid=481,uid=1041,sid=u:r:audioserver:s0) Tried to start aidl service activity as a lazy service, but was unable to. Usually this happens when a service is not installed, but if the service is intended to be used as a lazy service, then it may be configured incorrectly.
06-17 10:50:04.081   199   199 I servicemanager: Caller(pid=576,uid=1046,sid=u:r:mediaswcodec:s0) Found android.hardware.graphics.allocator.IAllocator/default in device VINTF manifest.
06-17 10:50:04.081   199   199 I servicemanager: Caller(pid=576,uid=1046,sid=u:r:mediaswcodec:s0) Found android.hardware.graphics.allocator.IAllocator/default in device VINTF manifest.
06-17 10:50:04.081   199   199 I servicemanager: Caller(pid=576,uid=1046,sid=u:r:mediaswcodec:s0) Found mapper/ranchu in device VINTF manifest.
06-17 10:50:04.333   199   199 I servicemanager: Caller(pid=558,uid=1047,sid=u:r:cameraserver:s0) Found android.frameworks.cameraservice.service.ICameraService/default in framework VINTF manifest.
06-17 10:50:04.333   199   199 I servicemanager: Caller(pid=558,uid=1047,sid=u:r:cameraserver:s0) Found android.frameworks.cameraservice.service.ICameraService/default in framework VINTF manifest.
--------- beginning of system
06-17 10:50:04.897   650   650 D CompatConfig: Adding: com.android.server.compat.config.Change@55260c6
06-17 10:50:04.898   650   650 D CompatConfig: Adding: com.android.server.compat.config.Change@cb3b887
06-17 10:50:04.898   650   650 D CompatConfig: Adding: com.android.server.compat.config.Change@a28e3b4
06-17 10:50:04.898   650   650 D CompatConfig: Adding: com.android.server.compat.config.Change@a01fbdd
06-17 10:50:04.898   650   650 D CompatConfig: Adding: com.android.server.compat.config.Change@783c352
06-17 10:50:04.898   650   650 D CompatConfig: Adding: com.android.server.compat.config.Change@c095623
06-17 10:50:04.898   650   650 D CompatConfig: Adding: com.android.server.compat.config.Change@a4a8720
06-17 10:50:04.898   650   650 D CompatConfig: Adding: com.android.server.compat.config.Change@9a778d9
06-17 10:50:04.898   650   650 D CompatConfig: Adding: com.android.server.compat.config.Change@3f6c29e
06-17 10:50:04.898   650   650 D CompatConfig: Adding: com.android.server.compat.config.Change@391317f
06-17 10:50:04.898   650   650 D CompatConfig: Adding: com.android.server.compat.config.Change@920f54c
06-17 10:50:04.898   650   650 D CompatConfig: Adding: com.android.server.compat.config.Change@28dc995
06-17 10:50:04.898   650   650 D CompatConfig: Adding: com.android.server.compat.config.Change@8086aaa
06-17 10:50:04.898   650   650 D CompatConfig: Adding: com.android.server.compat.config.Change@591669b
06-17 10:50:04.898   650   650 D CompatConfig: Adding: com.android.server.compat.config.Change@30e1a38
06-17 10:50:04.898   650   650 D CompatConfig: Adding: com.android.server.compat.config.Change@84e6a11
06-17 10:50:04.898   650   650 D CompatConfig: Adding: com.android.server.compat.config.Change@7da8776
06-17 10:50:04.898   650   650 D CompatConfig: Adding: com.android.server.compat.config.Change@895d177
06-17 10:50:04.898   650   650 D CompatConfig: Adding: com.android.server.compat.config.Change@6a6a1e4
06-17 10:50:04.898   650   650 D CompatConfig: Adding: com.android.server.compat.config.Change@49e964d
06-17 10:50:04.898   650   650 D CompatConfig: Adding: com.android.server.compat.config.Change@5dfa502
06-17 10:50:04.898   650   650 D CompatConfig: Adding: com.android.server.compat.config.Change@60c0e13
06-17 10:50:04.898   650   650 D CompatConfig: Adding: com.android.server.compat.config.Change@51df850
06-17 10:50:04.898   650   650 D CompatConfig: Adding: com.android.server.compat.config.Change@d4b4a49
06-17 10:50:04.898   650   650 D CompatConfig: Adding: com.android.server.compat.config.Change@7270f4e
06-17 10:50:04.898   650   650 D CompatConfig: Adding: com.android.server.compat.config.Change@69f786f
06-17 10:50:04.898   650   650 D CompatConfig: Adding: com.android.server.compat.config.Change@d72497c
06-17 10:50:04.898   650   650 D CompatConfig: Adding: com.android.server.compat.config.Change@df54205
06-17 10:50:04.898   650   650 D CompatConfig: Adding: com.android.server.compat.config.Change@68d25a
06-17 10:50:04.898   650   650 D CompatConfig: Found a config file: /system/etc/compatconfig/icu4j-platform-compat-config.xml
06-17 10:50:04.898   650   650 D CompatConfig: Adding: com.android.server.compat.config.Change@e588168
06-17 10:50:04.898   650   650 D CompatConfig: Found a config file: /system/etc/compatconfig/framework-location-compat-config.xml
06-17 10:50:04.899   650   650 D CompatConfig: Adding: com.android.server.compat.config.Change@7d1ba26
06-17 10:50:04.899   650   650 D CompatConfig: Adding: com.android.server.compat.config.Change@a680667
06-17 10:50:04.899   650   650 D CompatConfig: Adding: com.android.server.compat.config.Change@ae84c14
06-17 10:50:04.899   650   650 D CompatConfig: Adding: com.android.server.compat.config.Change@78eacbd
06-17 10:50:04.899   650   650 D CompatConfig: Adding: com.android.server.compat.config.Change@78f52b2
06-17 10:50:04.899   650   650 D CompatConfig: Adding: com.android.server.compat.config.Change@ae4a203
06-17 10:50:04.899   650   650 D CompatConfig: Adding: com.android.server.compat.config.Change@e081580
06-17 10:50:04.899   650   650 D CompatConfig: Adding: com.android.server.compat.config.Change@fe57b9
06-17 10:50:04.899   650   650 D CompatConfig: Found a config file: /system/etc/compatconfig/framework-ondeviceintelligence-platform-compat-config.xml
06-17 10:50:04.900   650   650 D CompatConfig: Found a config file: /system/etc/compatconfig/SystemUI-core-compat-config.xml
06-17 10:50:04.902   650   650 D CompatConfig: Found a config file: /system/system_ext/etc/compatconfig/settings-platform-compat-config.xml
06-17 10:50:04.906   650   650 D CompatConfig: Adding: com.android.server.compat.config.Change@123b675
06-17 10:50:04.907   650   650 D ApexManagerTiming: getActiveApexInfos_noCache
06-17 10:50:04.910   400   400 I apexd   : getActivePackages received by ApexService
06-17 10:50:04.909   650   650 V ApexManagerTiming: getActiveApexInfos_noCache took to complete: 3ms
06-17 10:50:04.909   650   650 D CompatConfig: No directory /apex/com.android.runtime/etc/compatconfig, skipping
06-17 10:50:04.909   650   650 D CompatConfig: No directory /apex/com.android.hardware.uwb/etc/compatconfig, skipping
06-17 10:50:04.909   650   650 D CompatConfig: No directory /apex/com.android.hardware.contexthub/etc/compatconfig, skipping
06-17 10:50:04.909   650   650 D CompatConfig: No directory /apex/com.android.ondevicepersonalization/etc/compatconfig, skipping
06-17 10:50:04.909   650   650 D CompatConfig: No directory /apex/com.android.profiling/etc/compatconfig, skipping
06-17 10:50:04.909   650   650 D CompatConfig: No directory /apex/com.android.adbd/etc/compatconfig, skipping
06-17 10:50:04.909   650   650 D CompatConfig: No directory /apex/com.android.nfcservices/etc/compatconfig, skipping
06-17 10:50:04.909   650   650 D CompatConfig: No directory /apex/com.android.hardware.vibrator/etc/compatconfig, skipping
06-17 10:50:04.910   650   650 D CompatConfig: No directory /apex/com.android.hardware.power/etc/compatconfig, skipping
06-17 10:50:04.910   650   650 D CompatConfig: No directory /apex/com.android.virt/etc/compatconfig, skipping
06-17 10:50:04.910   650   650 D CompatConfig: Found a config file: /apex/com.android.tethering/etc/compatconfig/connectivity-platform-compat-config.xml
06-17 10:50:04.910   650   650 D CompatConfig: Adding: com.android.server.compat.config.Change@2cfdc4b
06-17 10:50:04.910   650   650 D CompatConfig: Adding: com.android.server.compat.config.Change@4a1d628
06-17 10:50:04.910   650   650 D CompatConfig: Adding: com.android.server.compat.config.Change@3188f41
06-17 10:50:04.910   650   650 D CompatConfig: Adding: com.android.server.compat.config.Change@a60fce6
06-17 10:50:04.910   650   650 D CompatConfig: Adding: com.android.server.compat.config.Change@83df227
06-17 10:50:04.910   650   650 D CompatConfig: Adding: com.android.server.compat.config.Change@3522cd4
06-17 10:50:04.910   650   650 D CompatConfig: Adding: com.android.server.compat.config.Change@39dde7d
06-17 10:50:04.910   650   650 D CompatConfig: Adding: com.android.server.compat.config.Change@5b00172
06-17 10:50:04.910   650   650 D CompatConfig: Adding: com.android.server.compat.config.Change@c8d89c3
06-17 10:50:04.910   650   650 D CompatConfig: No directory /apex/com.android.hardware.gatekeeper/etc/compatconfig, skipping
06-17 10:50:04.910   650   650 D CompatConfig: No directory /apex/com.android.os.statsd/etc/compatconfig, skipping
06-17 10:50:04.910   650   650 D CompatConfig: Found a config file: /apex/com.android.mediaprovider/etc/compatconfig/framework-pdf-v-platform-compat-config.xml
06-17 10:50:04.910   650   650 D CompatConfig: Adding: com.android.server.compat.config.Change@22ee579
06-17 10:50:04.910   650   650 D CompatConfig: Found a config file: /apex/com.android.mediaprovider/etc/compatconfig/media-provider-platform-compat-config.xml
06-17 10:50:04.910   650   650 D CompatConfig: Adding: com.android.server.compat.config.Change@7b4ff1f
06-17 10:50:04.911   650   650 D CompatConfig: Adding: com.android.server.compat.config.Change@ec6426c
06-17 10:50:04.911   650   650 D CompatConfig: Adding: com.android.server.compat.config.Change@e2f6035
06-17 10:50:04.911   650   650 D CompatConfig: Adding: com.android.server.compat.config.Change@77a4cca
06-17 10:50:04.911   650   650 D CompatConfig: Adding: com.android.server.compat.config.Change@b46e3b
06-17 10:50:04.911   650   650 D CompatConfig: Adding: com.android.server.compat.config.Change@30b1958
06-17 10:50:04.911   650   650 D CompatConfig: Adding: com.android.server.compat.config.Change@f82cab1
06-17 10:50:04.911   650   650 D CompatConfig: Adding: com.android.server.compat.config.Change@a586b96
06-17 10:50:04.911   650   650 D CompatConfig: Adding: com.android.server.compat.config.Change@471b317
06-17 10:50:04.911   650   650 D CompatConfig: Adding: com.android.server.compat.config.Change@3c47304
06-17 10:50:04.911   650   650 D CompatConfig: Adding: com.android.server.compat.config.Change@ec860ed
06-17 10:50:04.911   650   650 D CompatConfig: No directory /apex/com.android.ipsec/etc/compatconfig, skipping
06-17 10:50:04.911   650   650 D CompatConfig: Found a config file: /apex/com.android.permission/etc/compatconfig/framework-permission-s-compat-config.xml
06-17 10:50:04.911   650   650 D CompatConfig: Adding: com.android.server.compat.config.Change@e5469b3
06-17 10:50:04.911   650   650 D CompatConfig: No directory /apex/com.android.extservices/etc/compatconfig, skipping
06-17 10:50:04.911   650   650 D CompatConfig: Found a config file: /apex/com.android.art/etc/compatconfig/libcore-platform-compat-config.xml
06-17 10:50:04.911   650   650 D CompatConfig: Adding: com.android.server.compat.config.Change@5571ee9
06-17 10:50:04.911   650   650 D CompatConfig: Adding: com.android.server.compat.config.Change@2b9576e
06-17 10:50:04.911   650   650 D CompatConfig: Adding: com.android.server.compat.config.Change@ea1ee0f
06-17 10:50:04.911   650   650 D CompatConfig: Adding: com.android.server.compat.config.Change@151e9c
06-17 10:50:04.911   650   650 D CompatConfig: Adding: com.android.server.compat.config.Change@f9c0a5
06-17 10:50:04.911   650   650 D CompatConfig: Adding: com.android.server.compat.config.Change@7a77c7a
06-17 10:50:04.911   650   650 D CompatConfig: Adding: com.android.server.compat.config.Change@a995c2b
06-17 10:50:04.911   650   650 D CompatConfig: Adding: com.android.server.compat.config.Change@1a38888
06-17 10:50:04.911   650   650 D CompatConfig: Adding: com.android.server.compat.config.Change@76ac221
06-17 10:50:04.911   650   650 D CompatConfig: Adding: com.android.server.compat.config.Change@620e646
06-17 10:50:04.911   650   650 D CompatConfig: Adding: com.android.server.compat.config.Change@24f9007
06-17 10:50:04.911   650   650 D CompatConfig: Adding: com.android.server.compat.config.Change@62ca534
06-17 10:50:04.911   650   650 D CompatConfig: Adding: com.android.server.compat.config.Change@5905f5d
06-17 10:50:04.911   650   650 D CompatConfig: Adding: com.android.server.compat.config.Change@a7520d2
06-17 10:50:04.911   650   650 D CompatConfig: Adding: com.android.server.compat.config.Change@84b25a3
06-17 10:50:04.911   650   650 D CompatConfig: Adding: com.android.server.compat.config.Change@c88e0a0
06-17 10:50:04.911   650   650 D CompatConfig: Adding: com.android.server.compat.config.Change@6789459
06-17 10:50:04.911   650   650 D CompatConfig: Adding: com.android.server.compat.config.Change@460781e
06-17 10:50:04.911   650   650 D CompatConfig: No directory /apex/com.android.cellbroadcast/etc/compatconfig, skipping
06-17 10:50:04.911   650   650 D CompatConfig: No directory /apex/com.android.sdkext/etc/compatconfig, skipping
06-17 10:50:04.911   650   650 D CompatConfig: No directory /apex/com.android.hardware.authsecret/etc/compatconfig, skipping
06-17 10:50:04.911   650   650 D CompatConfig: No directory /apex/com.android.apex.cts.shim/etc/compatconfig, skipping
06-17 10:50:04.911   650   650 D CompatConfig: No directory /apex/com.android.hardware.threadnetwork/etc/compatconfig, skipping
06-17 10:50:04.911   650   650 D CompatConfig: No directory /apex/com.android.resolv/etc/compatconfig, skipping
06-17 10:50:04.911   650   650 D CompatConfig: No directory /apex/com.android.media.swcodec/etc/compatconfig, skipping
06-17 10:50:04.911   650   650 D CompatConfig: No directory /apex/com.android.adservices/etc/compatconfig, skipping
06-17 10:50:04.911   650   650 D CompatConfig: No directory /apex/com.android.scheduling/etc/compatconfig, skipping
06-17 10:50:04.911   650   650 D CompatConfig: No directory /apex/com.android.healthfitness/etc/compatconfig, skipping
06-17 10:50:04.911   650   650 D CompatConfig: No directory /apex/com.android.hardware.neuralnetworks/etc/compatconfig, skipping
06-17 10:50:04.911   650   650 D CompatConfig: No directory /apex/com.android.hardware.cas/etc/compatconfig, skipping
06-17 10:50:04.911   650   650 D CompatConfig: No directory /apex/com.android.tzdata/etc/compatconfig, skipping
06-17 10:50:04.911   650   650 D CompatConfig: No directory /apex/com.android.media/etc/compatconfig, skipping
06-17 10:50:04.911   650   650 D CompatConfig: No directory /apex/com.android.uwb/etc/compatconfig, skipping
06-17 10:50:04.911   650   650 D CompatConfig: No directory /apex/com.android.crashrecovery/etc/compatconfig, skipping
06-17 10:50:04.911   650   650 D CompatConfig: No directory /apex/com.android.hardware.dumpstate/etc/compatconfig, skipping
06-17 10:50:04.911   650   650 D CompatConfig: No directory /apex/com.android.i18n/etc/compatconfig, skipping
06-17 10:50:04.911   650   650 D CompatConfig: No directory /apex/com.android.hardware.thermal/etc/compatconfig, skipping
06-17 10:50:04.911   650   650 D CompatConfig: Found a config file: /apex/com.android.bt/etc/compatconfig/bluetoothapk-platform-compat-config.xml
06-17 10:50:04.911   650   650 D CompatConfig: Adding: com.android.server.compat.config.Change@6ab66cc
06-17 10:50:04.911   650   650 D CompatConfig: Found a config file: /apex/com.android.bt/etc/compatconfig/bluetooth-compat-config.xml
06-17 10:50:04.911   650   650 D CompatConfig: Adding: com.android.server.compat.config.Change@117f82a
06-17 10:50:04.911   650   650 D CompatConfig: Found a config file: /apex/com.android.bt/etc/compatconfig/framework-bluetooth-compat-config.xml
06-17 10:50:04.912   650   650 D CompatConfig: Adding: com.android.server.compat.config.Change@8e23b8
06-17 10:50:04.912   650   650 D CompatConfig: Adding: com.android.server.compat.config.Change@3b77591
06-17 10:50:04.912   650   650 D CompatConfig: Adding: com.android.server.compat.config.Change@a156cf6
06-17 10:50:04.912   650   650 D CompatConfig: No directory /apex/com.android.configinfrastructure/etc/compatconfig, skipping
06-17 10:50:04.912   650   650 D CompatConfig: No directory /apex/com.google.android.widevine/etc/compatconfig, skipping
06-17 10:50:04.912   650   650 D CompatConfig: No directory /apex/com.android.uprobestats/etc/compatconfig, skipping
06-17 10:50:04.912   650   650 D CompatConfig: No directory /apex/com.android.appsearch/etc/compatconfig, skipping
06-17 10:50:04.912   650   650 D CompatConfig: No directory /apex/com.android.devicelock/etc/compatconfig, skipping
06-17 10:50:04.912   650   650 D CompatConfig: No directory /apex/com.android.rkpd/etc/compatconfig, skipping
06-17 10:50:04.912   650   650 D CompatConfig: Found a config file: /apex/com.android.wifi/etc/compatconfig/wifi-compat-config.xml
06-17 10:50:04.912   650   650 D CompatConfig: Adding: com.android.server.compat.config.Change@9ddc364
06-17 10:50:04.912   650   650 D CompatConfig: Adding: com.android.server.compat.config.Change@84cd9cd
06-17 10:50:04.912   650   650 D CompatConfig: Adding: com.android.server.compat.config.Change@4a36282
06-17 10:50:04.912   650   650 D CompatConfig: No directory /apex/com.android.neuralnetworks/etc/compatconfig, skipping
06-17 10:50:04.912   650   650 D CompatConfig: No directory /apex/com.android.conscrypt/etc/compatconfig, skipping
06-17 10:50:04.912   650   650 D CompatConfig: No directory /apex/com.android.hardware.rebootescrow/etc/compatconfig, skipping
06-17 10:50:04.915   650   650 W CompatConfig: Change ID 203673428 not found. Skipping overrides for it.
06-17 10:50:04.915   650   650 W CompatConfig: Change ID 200324021 not found. Skipping overrides for it.
06-17 10:50:04.919   650   650 V SystemServerTiming: PlatformCompat took to complete: 27ms
06-17 10:50:04.919   650   650 D SystemServerTiming: StartFileIntegrityService
06-17 10:50:04.919   650   650 I SystemServiceManager: Starting com.android.server.security.FileIntegrityService
06-17 10:50:04.919   650   650 V SystemServerTiming: StartFileIntegrityService took to complete: 0ms
06-17 10:50:04.919   650   650 D SystemServerTiming: StartInstaller
06-17 10:50:04.919   650   650 I SystemServiceManager: Starting com.android.server.pm.Installer
06-17 10:50:04.920   650   650 V SystemServerTiming: StartInstaller took to complete: 1ms
06-17 10:50:04.920   650   650 D SystemServerTiming: DeviceIdentifiersPolicyService
06-17 10:50:04.920   650   650 I SystemServiceManager: Starting com.android.server.os.DeviceIdentifiersPolicyService
06-17 10:50:04.921   650   650 V SystemServerTiming: DeviceIdentifiersPolicyService took to complete: 0ms
06-17 10:50:04.921   650   650 D SystemServerTiming: StartFeatureFlagsService
06-17 10:50:04.921   650   650 I SystemServiceManager: Starting com.android.server.flags.FeatureFlagsService
06-17 10:50:04.921   650   650 D FeatureFlagsService: Started Feature Flag Service
06-17 10:50:04.921   650   650 V SystemServerTiming: StartFeatureFlagsService took to complete: 1ms
06-17 10:50:04.921   650   650 D SystemServerTiming: UriGrantsManagerService
06-17 10:50:04.921   650   650 I SystemServiceManager: Starting com.android.server.uri.UriGrantsManagerService$Lifecycle
06-17 10:50:04.922   650   650 V SystemServerTiming: UriGrantsManagerService took to complete: 1ms
06-17 10:50:04.922   650   650 D SystemServerTiming: StartPowerStatsService
06-17 10:50:04.922   650   650 I SystemServiceManager: Starting com.android.server.powerstats.PowerStatsService
06-17 10:50:04.923   650   650 V SystemServerTiming: StartPowerStatsService took to complete: 1ms
06-17 10:50:04.923   650   650 D SystemServerTiming: StartIStatsService
06-17 10:50:04.923   650   650 V SystemServerTiming: StartIStatsService took to complete: 0ms
06-17 10:50:04.923   650   650 D SystemServerTiming: MemtrackProxyService
06-17 10:50:04.924   650   650 V SystemServerTiming: MemtrackProxyService took to complete: 0ms
06-17 10:50:04.926   199   199 I servicemanager: Caller(pid=650,uid=1000,sid=u:r:system_server:s0) Found android.hardware.power.stats.IPowerStats/default in device VINTF manifest.
06-17 10:50:04.927   199   199 I servicemanager: Caller(pid=650,uid=1000,sid=u:r:system_server:s0) Found android.frameworks.stats.IStats/default in framework VINTF manifest.
06-17 10:50:04.927   199   199 I servicemanager: Caller(pid=650,uid=1000,sid=u:r:system_server:s0) Could not find android.hardware.memtrack.IMemtrack/default in the VINTF manifest. No alternative instances declared in VINTF.
06-17 10:50:04.924   650   650 D SystemServerTiming: StartAccessCheckingService
06-17 10:50:04.924   650   650 I SystemServiceManager: Starting com.android.server.permission.access.AccessCheckingService
06-17 10:50:04.924   650   650 V SystemServerTiming: StartAccessCheckingService took to complete: 0ms
06-17 10:50:04.925   650   650 D SystemServerTiming: StartActivityManager
06-17 10:50:04.925   650   650 I SystemServiceManager: Starting com.android.server.wm.ActivityTaskManagerService$Lifecycle
06-17 10:50:04.926   650   650 I SystemServiceManager: Starting com.android.server.am.ActivityManagerService$Lifecycle
06-17 10:50:04.928   650   650 I ActivityManager: Memory class: 192
06-17 10:50:04.929   650   715 I Binder  : Setting heavy hitter watcher config: false, 0, 0.0
06-17 10:50:04.933   650   650 W PowerProfile: ambient.on is deprecated! Use ambient.on.display0 instead.
06-17 10:50:04.933   650   650 W PowerProfile: screen.on is deprecated! Use screen.on.display0 instead.
06-17 10:50:04.933   650   650 W PowerProfile: screen.full is deprecated! Use screen.full.display0 instead.
06-17 10:50:04.933   650   650 W ModemPowerProfile: getAverageBatteryDrainMaH called with unexpected key: 0x0, drain:SLEEP,RAT:DEFAULT
06-17 10:50:04.933   650   650 W ModemPowerProfile: getAverageBatteryDrainMaH called with unexpected key: 0x10000000, drain:IDLE,RAT:DEFAULT
06-17 10:50:04.933   650   650 W ModemPowerProfile: getAverageBatteryDrainMaH called with unexpected key: 0x20000000, drain:RX,RAT:DEFAULT
06-17 10:50:04.933   650   650 W ModemPowerProfile: getAverageBatteryDrainMaH called with unexpected key: 0x30000000, drain:TX,level:0,RAT:DEFAULT
06-17 10:50:04.933   650   650 W ModemPowerProfile: getAverageBatteryDrainMaH called with unexpected key: 0x31000000, drain:TX,level:1,RAT:DEFAULT
06-17 10:50:04.933   650   650 W ModemPowerProfile: getAverageBatteryDrainMaH called with unexpected key: 0x32000000, drain:TX,level:2,RAT:DEFAULT
06-17 10:50:04.933   650   650 W ModemPowerProfile: getAverageBatteryDrainMaH called with unexpected key: 0x33000000, drain:TX,level:3,RAT:DEFAULT
06-17 10:50:04.933   650   650 W ModemPowerProfile: getAverageBatteryDrainMaH called with unexpected key: 0x34000000, drain:TX,level:4,RAT:DEFAULT
06-17 10:50:04.935   650   650 D BatteryStatsImpl: Reading daily items from /data/system/batterystats-daily.xml
06-17 10:50:04.954   650   650 I IntentFirewall: Read new rules (A:0 B:0 S:0)
06-17 10:50:04.956   650   650 D OomAdjuster: Not killing cached processes
06-17 10:50:04.956   650   650 D AppOps  : AppOpsService published
06-17 10:50:04.956   650   675 W android.permission.PermissionManager: Missing ActivityManager; assuming 1047 does not hold android.permission.MANAGE_APP_OPS_MODES
06-17 10:50:04.957   650   650 V SystemServerTiming: StartActivityManager took to complete: 33ms
06-17 10:50:04.957   650   650 D SystemServerTiming: StartDataLoaderManagerService
06-17 10:50:04.958   650   650 I SystemServiceManager: Starting com.android.server.pm.DataLoaderManagerService
06-17 10:50:04.958   650   650 V SystemServerTiming: StartDataLoaderManagerService took to complete: 1ms
06-17 10:50:04.958   650   650 D SystemServerTiming: StartIncrementalService
06-17 10:50:04.960   650   650 V SystemServerTiming: StartIncrementalService took to complete: 2ms
06-17 10:50:04.960   650   650 D SystemServerTiming: StartPowerManager
06-17 10:50:04.960   650   650 I SystemServiceManager: Starting com.android.server.power.PowerManagerService
06-17 10:50:04.965   199   199 I servicemanager: Caller(pid=650,uid=1000,sid=u:r:system_server:s0) Found android.system.suspend.ISystemSuspend/default in framework VINTF manifest.
06-17 10:50:04.965   199   199 I servicemanager: Caller(pid=650,uid=1000,sid=u:r:system_server:s0) Found android.hardware.power.IPower/default in device VINTF manifest.
06-17 10:50:04.964   650   650 V SystemServerTiming: StartPowerManager took to complete: 4ms
06-17 10:50:04.964   650   650 D SystemServerTiming: StartThermalManager
06-17 10:50:04.964   650   650 I SystemServiceManager: Starting com.android.server.power.ThermalManagerService
06-17 10:50:04.964   650   650 V SystemServerTiming: StartThermalManager took to complete: 0ms
06-17 10:50:04.964   650   650 D SystemServerTiming: InitPowerManagement
06-17 10:50:04.964   650   650 V SystemServerTiming: InitPowerManagement took to complete: 0ms
06-17 10:50:04.964   650   650 D SystemServerTiming: StartRecoverySystemService
06-17 10:50:04.964   650   650 I SystemServiceManager: Starting com.android.server.recoverysystem.RecoverySystemService$Lifecycle
