10-10 11:54:39.624  2983  3075 D MiuiFreeformModeController: onFocusTaskChanged taskInfo: TaskInfo{userId=0 taskId=1 displayId=0 isRunning=true baseIntent=Intent { act=android.intent.action.MAIN cat=[android.intent.category.HOME] flg=0x10000100 cmp=com.miui.home/.launcher.Launcher } baseActivity=ComponentInfo{com.miui.home/com.miui.home.launcher.Launcher} topActivity=ComponentInfo{com.miui.home/com.miui.home.launcher.Launcher} origActivity=null realActivity=null numActivities=1 lastActiveTime=70262 supportsSplitScreenMultiWindow=true supportsMultiWindow=true resizeMode=2 isResizeable=true minWidth=-1 minHeight=-1 defaultMinSize=200 token=WCT{android.window.IWindowContainerToken$Stub$Proxy@1e932a1} topActivityType=2 pictureInPictureParams=null shouldDockBigOverlays=false launchIntoPipHostTaskId=-1 lastParentTaskIdBeforePip=-1 displayCutoutSafeInsets=Rect(0, 94 - 0, 0) topActivityInfo=ActivityInfo{73dccc6 com.miui.home.launcher.Launcher} launchCookies=[] positionInParent=Point(0, 0) parentTaskId=-1 isFocused=true isVisible=false isVisibleRequested=false isSleeping=false topActivityInSizeCompat=false topActivityEligibleForLetterboxEducation= false topActivityLetterboxed= false isFromDoubleTap= false topActivityLetterboxVerticalPosition= -1 topActivityLetterboxHorizontalPosition= -1 topActivityLetterboxWidth=-1 topActivityLetterboxHeight=-1 locusId=null displayAreaFeatureId=1 cameraCompatControlState=hidden mIsCastMode=false mTopActivityMediaSize=null mTopActivityRecordName=ActivityRecord{3754c30 u0 com.miui.home/.launcher.Launcher t2} mTopActivityOrientation=-2 mTopActivityWindowIsNowVisible=false isTranslucent=true isEmbedded=false shouldBeVisible=true isImmersive=false mBehindAppLockPkg=null mOriginatingUid=0}
10-10 11:54:39.624  2983  3075 D WindowManagerShell: onActivityRestartAttempt: ComponentInfo{com.miui.home/com.miui.home.launcher.Launcher}
10-10 11:54:39.628  1902 23179 I ActivityManager: Killing 1450:com.android.chrome:sandboxed_process0:org.chromium.content.app.SandboxedProcessService0:3/u0a190i-8997 (adj 0): isolated not needed
10-10 11:54:39.642  1902  1917 I ActivityManager: Killing 31651:com.android.chrome:sandboxed_process0:org.chromium.content.app.SandboxedProcessService0:0/u0a190i-9000 (adj 0): isolated not needed
10-10 11:54:39.648  1902  1917 I ActivityManager: Killing 32561:com.android.chrome:sandboxed_process0:org.chromium.content.app.SandboxedProcessService0:1/u0a190i-8999 (adj 0): isolated not needed
10-10 11:54:39.654  1902  1917 I ActivityManager: Killing 32663:com.android.chrome:sandboxed_process0:org.chromium.content.app.SandboxedProcessService0:2/u0a190i-8998 (adj 0): isolated not needed
10-10 11:54:39.656  1556  1556 I wificond: station_bandwidth: 
10-10 11:54:39.667  1902  1917 I ActivityManager: Killing 1880:com.android.chrome:sandboxed_process0:org.chromium.content.app.SandboxedProcessService0:4/u0a190i-8996 (adj 0): isolated not needed
10-10 11:54:39.673  1902 23179 I ActivityManager: Killing 4140:com.android.chrome:sandboxed_process0:org.chromium.content.app.SandboxedProcessService0:5/u0a190i-8995 (adj 0): isolated not needed
10-10 11:54:39.673  1902 23179 W ActivityManager: Failed to kill, mPid = 4140 tgid = -1
10-10 11:54:39.687  1902 23179 I ActivityManager: Killing 4243:com.android.chrome:sandboxed_process0:org.chromium.content.app.SandboxedProcessService0:6/u0a190i-8994 (adj 0): isolated not needed
10-10 11:54:39.690  1902  1936 D DisplayManagerService: Drop pending events for gone uid 90003
10-10 11:54:39.694  1902 23266 D SchedBoost: com.miui.home already boosted, skip boost priority
10-10 11:54:39.694  1902  1936 D Aurogon :  uid = 10085 switch to FG
10-10 11:54:39.694  1902 23266 D SchedBoost: com.android.chrome:privileged_process0 boosting, skip reset priority
10-10 11:54:39.698  1902 23266 W ProcessStats: Tracking association SourceState{b813b1d com.miui.securitycenter.remote/1000 BTop #342549} whose proc state 2 is better than process ProcessState{3bbc40b com.miui.analytics/10101 pkg=com.miui.analytics} proc state 5 (89 skipped)
10-10 11:54:39.701  1902  1936 E MBrainLocalService: MBrainJava launch failed: SecurityException
10-10 11:54:39.707  1902  1936 E MBrainLocalService: MBrainJava launch failed: SecurityException
10-10 11:54:39.712  1902  1936 D DisplayManagerService: Drop pending events for gone uid 90005
10-10 11:54:39.718  1902  1936 D DisplayManagerService: Drop pending events for gone uid 90000
10-10 11:54:39.718  1902  1902 D MBrainLocalService: isVendorFreezeConditionPass is false
10-10 11:54:39.718  1902  1902 E MBrainLocalService: notifyAppSwitch failed
10-10 11:54:39.720 31210 31210 W Activity: PerfMonitor: Slow Operation: Activity com.android.chrome/org.chromium.chrome.browser.ChromeTabbedActivity onPause took 98ms
10-10 11:54:39.722  1902  1936 D DisplayManagerService: Drop pending events for gone uid 90006
10-10 11:54:39.722  1902 23266 D WindowManager: Collecting in transition 1029: ActivityRecord{3754c30 u0 com.miui.home/.launcher.Launcher t2} init visibleRequested:false
10-10 11:54:39.722  1902 23266 E Transition: Trying to add a ready-group twice: Display{#0 state=ON size=1080x2400 ROTATION_0}
10-10 11:54:39.723  1902 23266 D WindowManagerService: checkFlipFullScreenChange is same, nowIsFullScreen = false
10-10 11:54:39.725  1902 23266 D WindowManager: Collecting in transition 1029: ActivityRecord{c54e00f u0 com.android.chrome/org.chromium.chrome.browser.ChromeTabbedActivity t436} init visibleRequested:true
10-10 11:54:39.727  1902 23266 D WindowManager: Collecting in transition 1029: ActivityRecord{3754c30 u0 com.miui.home/.launcher.Launcher t2} init visibleRequested:true
10-10 11:54:39.728  1902 23266 D WindowManager: Set transition=TransitionRecord{d6e932b id=1029 type=OPEN flags=0x0}, ready=true, SyncId=1029 
10-10 11:54:39.730  1902 23266 I BLASTSyncEngine: SyncGroup 1029:  Unfinished container:ActivityRecord{3754c30 u0 com.miui.home/.launcher.Launcher t2}
10-10 11:54:39.730  1902 23266 I BLASTSyncEngine: isActivitySyncFinished isSyncFinished false ActivityRecord{3754c30 u0 com.miui.home/.launcher.Launcher t2}
10-10 11:54:39.731  1902 22704 I SmartPower: com.mi.globalminusscreen/10076(31794): idle->visible(77645ms) R(become visible) adj=0.
10-10 11:54:39.733  1902 22704 I BLASTSyncEngine: SyncGroup 1029:  Unfinished container:ActivityRecord{3754c30 u0 com.miui.home/.launcher.Launcher t2}
10-10 11:54:39.733  1902 22704 I BLASTSyncEngine: isActivitySyncFinished isSyncFinished false ActivityRecord{3754c30 u0 com.miui.home/.launcher.Launcher t2}
10-10 11:54:39.734  1902 22704 I WindowManager: Relayout Window{38e026c u0 LauncherOverlayWindow:com.mi.globalminusscreen}: oldVis=8 newVis=0 focusMayChange = true requestedWidth = 1080 requestedHeight = 2400 outFrames = ClientWindowFrames{frame=[0,0][1080,2400] display=[0,0][1080,2400] parentFrame=[0,0][0,0]} outSurfaceControl = Surface(name=LauncherOverlayWindow:com.mi.globalminusscreen#16851)/@0xb39e1cc
10-10 11:54:39.736  1902 23259 I SmartPower: com.google.android.googlequicksearchbox:googleapp/10188(19209): idle->visible(565016ms) R(become visible) adj=800.
10-10 11:54:39.736  1902 23259 I SmartPower: com.google.android.googlequicksearchbox:search/10188(19180): idle->invisible(885072ms) R(become foreground) adj=800.
10-10 11:54:39.736  1902 23259 I SmartPower: com.google.android.googlequicksearchbox:interactor/10188(19230): background->invisible(888076ms) R(become foreground) adj=100.
10-10 11:54:39.740  1902 23259 I BLASTSyncEngine: SyncGroup 1029:  Unfinished container:ActivityRecord{3754c30 u0 com.miui.home/.launcher.Launcher t2}
10-10 11:54:39.740  1902 23259 I BLASTSyncEngine: isActivitySyncFinished isSyncFinished false ActivityRecord{3754c30 u0 com.miui.home/.launcher.Launcher t2}
10-10 11:54:39.740  1902 23259 I WindowManager: Relayout Window{a23abef u0 LauncherMinusOneScreen}: oldVis=8 newVis=0 focusMayChange = true requestedWidth = 1080 requestedHeight = 2400 outFrames = ClientWindowFrames{frame=[0,0][1080,2400] display=[0,0][1080,2400] parentFrame=[0,0][0,0]} outSurfaceControl = Surface(name=LauncherMinusOneScreen#16852)/@0xf094eb8
10-10 11:54:39.748  1902  1936 E MBrainLocalService: MBrainJava launch failed: SecurityException
10-10 11:54:39.751  1902  1917 D MiuiMemoryInfoImpl: MEMINFO_KRECLAIMABLE: 198428, MEMINFO_SLAB_RECLAIMABLE: 133708, MEMINFO_BUFFERS: 3344, MEMINFO_CACHED: 2180692, MEMINFO_FREE: 258232
10-10 11:54:39.751  1902  1917 D MiuiMemoryInfoImpl: cache: 2704072704, cachePss: 2631138304, lostcache: 0
10-10 11:54:39.753  1902  1917 W WindowManager: finishDrawingWindow: Window{38e026c u0 LauncherOverlayWindow:com.mi.globalminusscreen} mDrawState=DRAW_PENDING
10-10 11:54:39.754  1902  1917 D WindowManager: wms.finishDrawingLocked: mDrawState=COMMIT_DRAW_PENDING Window{38e026c u0 LauncherOverlayWindow:com.mi.globalminusscreen} in Surface(name=LauncherOverlayWindow:com.mi.globalminusscreen#16851)/@0xffffff
10-10 11:54:39.757  2983  3075 D SoScSplitScreenController: updateDividerFixedState isFixed:true
10-10 11:54:39.758  2983  4706 D MiuiFreeformModeObserver: activityResumed() intent Intent { cmp=com.miui.home/.launcher.Launcher (has extras) }
10-10 11:54:39.760  1902  1917 I BLASTSyncEngine: SyncGroup 1029:  Unfinished container:ActivityRecord{3754c30 u0 com.miui.home/.launcher.Launcher t2}
10-10 11:54:39.760  1902  1917 I BLASTSyncEngine: isActivitySyncFinished isSyncFinished false ActivityRecord{3754c30 u0 com.miui.home/.launcher.Launcher t2}
10-10 11:54:39.760  1902  1917 W WindowManager: Changing focus from null to Window{e4be31b u0 com.miui.home/com.miui.home.launcher.Launcher} displayId=0 Callers=com.android.server.wm.RootWindowContainer.updateFocusedWindowLocked:557 com.android.server.wm.WindowManagerService.updateFocusedWindowLocked:6962 com.android.server.wm.WindowManagerService.relayoutWindow:2951 com.android.server.wm.Session.relayout:266 
10-10 11:54:39.761  1902  1917 I WindowManager: cancelAnimation removed leash : Surface(name=Surface(name=81266ae StatusBar#86)/@0xb48dfdc - animation-leash of insets_animation#16846)/@0xdae6c68
10-10 11:54:39.761  1902  1917 I WindowManager: cancelAnimation removed leash : Surface(name=Surface(name=db27a2 NavigationBar0#82)/@0xc1acbf0 - animation-leash of insets_animation#16850)/@0x38bcfae
10-10 11:54:39.763  1902  1917 D WindowManager: wms.Input focus has changed to Window{e4be31b u0 com.miui.home/com.miui.home.launcher.Launcher} display=0 updateInputWindows = true
10-10 11:54:39.763  1902  1917 I MultiSenceManagerInternalStub: getInstance
10-10 11:54:39.763  1902  1917 I WindowManager: Relayout Window{e4be31b u0 com.miui.home/com.miui.home.launcher.Launcher}: oldVis=8 newVis=0 focusMayChange = true requestedWidth = 1080 requestedHeight = 2400 outFrames = ClientWindowFrames{frame=[0,0][1080,2400] display=[0,0][1080,2400] parentFrame=[0,0][0,0]} outSurfaceControl = Surface(name=com.miui.home/com.miui.home.launcher.Launcher#16853)/@0xbdd27ce
10-10 11:54:39.771  1902  1939 D WindowManager: Collecting in transition 1029: WallpaperWindowToken{c1b367d token=android.os.BinderProxy@48de4d4} init visibleRequested:false
10-10 11:54:39.771  1902  1939 D WindowManager: Collecting in transition 1029: WallpaperWindowToken{b086f80 token=android.os.Binder@8a62403} init visibleRequested:false
10-10 11:54:39.774  1902  1939 W WindowManager: real show surface:Surface(name=com.miui.miwallpaper.wallpaperservice.ImageWallpaper#6795)/@0x4dee9d0
10-10 11:54:39.774  1902  1939 W WindowManager: real show surface:Surface(name=com.miui.miwallpaper.wallpaperservice.MiuiKeyguardPictorialWallpaper#6792)/@0xd103da3
10-10 11:54:39.777  1902  1939 I BLASTSyncEngine: SyncGroup 1029:  Unfinished container:ActivityRecord{3754c30 u0 com.miui.home/.launcher.Launcher t2}
10-10 11:54:39.777  1902  1939 I BLASTSyncEngine: isActivitySyncFinished isSyncFinished false ActivityRecord{3754c30 u0 com.miui.home/.launcher.Launcher t2}
10-10 11:54:39.782  1902  1936 D DisplayManagerService: Drop pending events for gone uid 90001
10-10 11:54:39.792  1902 23266 W WindowManager: finishDrawingWindow: Window{e4be31b u0 com.miui.home/com.miui.home.launcher.Launcher} mDrawState=DRAW_PENDING
10-10 11:54:39.792  1902 23266 D WindowManager: wms.finishDrawingLocked: mDrawState=COMMIT_DRAW_PENDING Window{e4be31b u0 com.miui.home/com.miui.home.launcher.Launcher} in Surface(name=com.miui.home/com.miui.home.launcher.Launcher#16853)/@0xabe18cd
10-10 11:54:39.799  1902  1939 I SmartPower: com.miui.home/10085(3001): invisible->visible(184ms) R(become visible) adj=0.
10-10 11:54:39.799  1902  1939 W WindowManager: real show surface:Surface(name=LauncherOverlayWindow:com.mi.globalminusscreen#16851)/@0xffffff
10-10 11:54:39.799  1902  1939 W WindowManager: real show surface:Surface(name=com.miui.home/com.miui.home.launcher.Launcher#16853)/@0xabe18cd
10-10 11:54:39.800  1902  1939 D WindowManager: Final targets: [Task{57070cf #1 type=home}, Task{702289c #436 type=standard A=10190:com.android.chrome}, WallpaperWindowToken{c1b367d token=android.os.BinderProxy@48de4d4}, WallpaperWindowToken{b086f80 token=android.os.Binder@8a62403}]
10-10 11:54:39.825  1902  1902 D MBrainLocalService: isVendorFreezeConditionPass is false
10-10 11:54:39.825  1902  1902 E MBrainLocalService: notifyAppSwitch failed
10-10 11:54:39.829  1902  1939 D WindowManager: snapshot isNothing = false source = Task{702289c #436 type=standard A=10190:com.android.chrome}
10-10 11:54:39.832  1902  1939 D WindowManager: Calling onTransitionReady info={id=1029 t=OPEN f=0x0 trk=0 r=[0@Point(0, 0)] c=[{WCT{RemoteToken{1c71a03 Task{57070cf #1 type=home}}} m=TO_FRONT f=SHOW_WALLPAPER|MOVE_TO_TOP leash=Surface(name=Task=1#44)/@0xf3df733 sb=Rect(0, 0 - 1080, 2400) eb=Rect(0, 0 - 1080, 2400) d=0},{WCT{RemoteToken{fa5577e Task{702289c #436 type=standard A=10190:com.android.chrome}}} m=TO_BACK f=NONE leash=Surface(name=Task=436#16440)/@0x71c67c9 sb=Rect(0, 0 - 1080, 2400) eb=Rect(0, 0 - 1080, 2400) d=0},{null m=TO_FRONT f=IS_WALLPAPER leash=Surface(name=WallpaperWindowToken{c1b367d token=android.os.BinderProxy@48de4d4}#6790)/@0xd4e7a40 sb=Rect(0, 0 - 1080, 2400) eb=Rect(0, 0 - 1080, 2400) d=0},{null m=TO_FRONT f=IS_WALLPAPER leash=Surface(name=WallpaperWindowToken{b086f80 token=android.os.Binder@8a62403}#55)/@0x190a9b9 sb=Rect(0, 0 - 1080, 2400) eb=Rect(0, 0 - 1080, 2400) d=0}] noAni=[false] df=[false] mk=[true] nc=[0] oa=[false]}, mToken=Token{b32239 TransitionRecord{d6e932b id=1029 type=OPEN flags=0x0}}
10-10 11:54:39.833  1902  1939 I BLASTSyncEngine: finishNow: after onTransactionReady, mSyncId=1029
10-10 11:54:39.843  2983  3075 D MiuiFullScreenTaskRepository: setFocusedTask taskId=1, displayId=0, topActivity=ComponentInfo{com.miui.home/com.miui.home.launcher.Launcher}
10-10 11:54:39.843  2983  3075 D MiuiFullScreenTaskRepository: addOrUpdateFullScreenTaskInfo taskId=1, topActivity=ComponentInfo{com.miui.home/com.miui.home.launcher.Launcher}
10-10 11:54:39.844  1902  2697 W WindowManager: finishDrawingWindow: Window{a23abef u0 LauncherMinusOneScreen} mDrawState=DRAW_PENDING
10-10 11:54:39.844  1902  2697 D WindowManager: wms.finishDrawingLocked: mDrawState=COMMIT_DRAW_PENDING Window{a23abef u0 LauncherMinusOneScreen} in Surface(name=LauncherMinusOneScreen#16852)/@0x95e9d1b
10-10 11:54:39.850  1902  1939 W WindowManager: real show surface:Surface(name=LauncherMinusOneScreen#16852)/@0x95e9d1b
10-10 11:54:39.852  2983  2983 E onWindowDecorRectChanged: start size:0
10-10 11:54:39.871  1902  1936 D DisplayManagerService: Drop pending events for gone uid 90004
10-10 11:54:39.885  1902  1936 D DisplayManagerService: Drop pending events for gone uid 90002
10-10 11:54:39.922  1902  2612 D SchedBoost: stopBoostInternal
10-10 11:54:39.923  1902  2612 D SchedBoost: startBoostInternal 1000
10-10 11:54:40.243  1902  1902 W AccessibilityManagerService:  wait for adding window timeout: 2051
10-10 11:54:40.283  1902  1902 W AccessibilityManagerService:  wait for adding window timeout: 2057
10-10 11:54:40.353  1902  2612 I ProcessManager: getRenderThreadTidByPid, caller=1902
10-10 11:54:40.365  1902  1938 W AccessibilityWindowsPopulator: Windows change within in 2 frames continuously over 500 ms and notify windows changed immediately
10-10 11:54:40.410  1902  2612 I ProcessManager: getRenderThreadTidByPid, caller=1902
10-10 11:54:40.467  1902 23257 D PerfShielderService: com.android.chrome|com.android.chrome/org.chromium.chrome.browser.ChromeTabbedActivity|101|113517182934919|71|0|3
10-10 11:54:40.468 22071 27042 W MiuiPerfServiceClient: interceptAndQueuing:31210|com.android.chrome|101|71|113517182934919|Slow main thread|3
10-10 11:54:40.726  2983  3075 D SoScUtils: monitorTransitionFinished transition:android.os.BinderProxy@a9a2925 transaction: android.view.SurfaceControl$Transaction@e5816aa mRequestCloseTransition:null mRequestOpenTransition:null mPairsOpenTransition:null mPairsOpenTransitionNull:null mRequestOpenTriggerTask:-1 mRequestCloseTriggerTask:-1 mOrientationTransition: null mMainStartingTask:-1 mSideStartingTask:-1
10-10 11:54:40.730  1902  1938 I SmartPower: com.android.chrome/10190(31210): visible->invisible(46141ms) R(become invisible) adj=200.
10-10 11:54:40.730  1902  1938 I SmartPower: com.android.chrome:privileged_process0/10190(31655): invisible->background(46358ms) R(become background) adj=200.
10-10 11:54:40.730  1902  1938 I SmartPower: com.android.chrome/10190(31210): invisible->background(0ms) R(become background) adj=200.
10-10 11:54:40.736  1902  2323 D CompatibilityChangeReporter: Compat change id reported: 265195908; UID 10190; state: ENABLED
10-10 11:54:40.738  2983  3075 D MiuiFullScreenTaskRepository: addOrUpdateFullScreenTaskInfo taskId=436, topActivity=ComponentInfo{com.android.chrome/org.chromium.chrome.browser.ChromeTabbedActivity}
10-10 11:54:40.782  1902  1936 D Aurogon :  uid = 10190 switch to BG
10-10 11:54:40.782  1902  2600 D isUidValid: uid = 10190
10-10 11:54:40.785  1902  2612 I ProcessManager: getRenderThreadTidByPid, caller=1902
10-10 11:54:40.838  1902  2612 I ProcessManager: getRenderThreadTidByPid, caller=1902
10-10 11:54:40.870  1902 23257 D VibratorManagerService: Starting vibrate for vibration 1190
10-10 11:54:40.872  1902 23257 D VibratorManagerServiceImpl: attrs = VibrationAttributes: Usage=TOUCH Audio Usage= USAGE_UNKNOWN Flags=0, attrs.usage = 18
10-10 11:54:40.873  1902 23257 E VibratorManagerServiceImpl: skipandroid.os.RemoteException: Method setUsageExt is unimplemented.
10-10 11:54:40.881  1902  1967 I ProcessSceneCleaner: SwipeUpClean: kill procName=com.android.chrome:privileged_process0 info=AS:90519
10-10 11:54:40.881  1902  1967 I ActivityManager: Killing 31655:com.android.chrome:privileged_process0/u0a190 (adj 905): SwipeUpClean
10-10 11:54:40.882  1902  1967 I ProcessSceneCleaner: SwipeUpClean: kill procName=com.android.chrome info=AS:90519
10-10 11:54:40.882  1902  1967 I ActivityManager: Killing 31210:com.android.chrome/u0a190 (adj 905): SwipeUpClean
10-10 11:54:40.924  1902  2612 D SchedBoost: stopBoostInternal
10-10 11:54:40.946  1902  2611 E ProcessManager: error write exception log
10-10 11:54:40.946  1902  2334 D VibratorManagerService: Vibration 1190 finished with EndInfo{status=FINISHED, endedBy=null}
10-10 11:54:40.946  1902  2334 D VibratorManagerService: Reporting vibration 1190 finished with EndInfo{status=FINISHED, endedBy=null}
10-10 11:54:40.947  1902  2334 D VibratorManagerService: Vibration for uid=1000 and with attrs=VibrationAttributes: Usage=TOUCH Audio Usage= USAGE_UNKNOWN Flags=0 ended with status FINISHED
10-10 11:54:40.947  1902 23257 D VibratorManagerService: Vibration 1190 on vibrator 0 complete, notifying thread
10-10 11:54:40.948  1902  2334 D VibratorManagerService: VibrationThread released after finished vibration
10-10 11:54:40.948  1902  2334 D VibratorManagerService: Processing VibrationThread released callback
10-10 11:54:40.983  1902  2776 I WindowManager: WIN DEATH: Window{6095cc1 u0 com.android.chrome/org.chromium.chrome.browser.ChromeTabbedActivity}
10-10 11:54:40.983  1902  2776 D WindowManager: setParent old=ActivityRecord{c54e00f u0 com.android.chrome/org.chromium.chrome.browser.ChromeTabbedActivity t436 f}},new=null,this window=Window{6095cc1 u0 com.android.chrome/org.chromium.chrome.browser.ChromeTabbedActivity},callers=com.android.server.wm.WindowContainer.removeChild:840 com.android.server.wm.ActivityRecord.removeChild:5227 com.android.server.wm.ActivityRecord.removeChild:470 com.android.server.wm.WindowContainer.removeImmediately:898 com.android.server.wm.WindowState.removeImmediately:2538 com.android.server.wm.WindowState.removeIfPossible:2719 
10-10 11:54:40.984  1902  2776 I WindowManager: cancelAnimation removed leash : Surface(name=Surface(name=6a76de5 InputMethod#123)/@0xf2bd99 - animation-leash of insets_animation#16835)/@0xd7d7b6
10-10 11:54:40.985  1902  2611 E ProcessManager: error write exception log
10-10 11:54:40.993  1902 23171 I SmartPower: com.android.vending/10184(22135): idle->background(877653ms) R(service unbind com.android.vending/com.google.android.finsky.setup.dse.impl.DseService) adj=0.
10-10 11:54:40.999  1902  1936 D DisplayManagerService: Drop pending events for gone uid 10190
10-10 11:54:41.000  1902 23171 D WindowManager: setParent old=Task{702289c #436 type=standard A=10190:com.android.chrome},new=null,this window=ActivityRecord{c54e00f u0 com.android.chrome/org.chromium.chrome.browser.ChromeTabbedActivity t436 f}},callers=com.android.server.wm.WindowContainer.removeChild:840 com.android.server.wm.TaskFragment.removeChild:3119 com.android.server.wm.Task.removeChild:1822 com.android.server.wm.Task.removeChild:1802 com.android.server.wm.WindowContainer.removeImmediately:898 com.android.server.wm.WindowToken.removeImmediately:376 
10-10 11:54:41.001  1902 23171 D WindowManager: setParent old=DefaultTaskDisplayArea@126197207,new=null,this window=Task{702289c #436 type=standard A=10190:com.android.chrome},callers=com.android.server.wm.WindowContainer.removeChild:840 com.android.server.wm.TaskDisplayArea.removeChildTask:359 com.android.server.wm.TaskDisplayArea.removeChild:350 com.android.server.wm.WindowContainer.removeImmediately:898 com.android.server.wm.TaskFragment.removeImmediately:3203 com.android.server.wm.Task.removeImmediately:3222 
10-10 11:54:41.004  1902  1939 W ActivityTaskManager: Can't find TaskDisplayArea to determine support for multi window. Task id=436 attached=false
10-10 11:54:41.004  1902  1938 W ActivityManager: setHasOverlayUi called on unknown pid: 31210
10-10 11:54:41.005  2983  3075 D MiuiFullScreenTaskRepository: removeFullScreenTask taskId=436, topActivity=null
10-10 11:54:41.005  1902  2322 W UsageStatsService: Unexpected activity event reported! (com.android.chrome/org.chromium.chrome.browser.ChromeTabbedActivity event : 23 instanceId : 150143653)
10-10 11:54:41.005  2983  3075 D MiuiWindowDecorViewModel: destroyWindowDecoration: taskId=436, windowingMode=1, mWindowDecorByTaskId.size()=0, callers=com.android.wm.shell.fullscreen.FullscreenTaskListener.onTaskVanished:143 com.android.wm.shell.ShellTaskOrganizer.onTaskVanished:138 android.window.TaskOrganizer$1.lambda$onTaskVanished$6:398 android.window.TaskOrganizer$1.$r8$lambda$z23H3L3GZav04D10kA3vkevrglg:0 android.window.TaskOrganizer$1$$ExternalSyntheticLambda14.run:4 
10-10 11:54:41.190  1902  2612 I ProcessManager: getRenderThreadTidByPid, caller=1902
10-10 11:54:41.237  1902  2612 I ProcessManager: getRenderThreadTidByPid, caller=1902
10-10 11:54:41.267  1902  3385 D VibratorManagerService: Starting vibrate for vibration 1191
10-10 11:54:41.267  1902  3385 D VibratorManagerServiceImpl: attrs = VibrationAttributes: Usage=TOUCH Audio Usage= USAGE_UNKNOWN Flags=0, attrs.usage = 18
10-10 11:54:41.268  1902  3385 E VibratorManagerServiceImpl: skipandroid.os.RemoteException: Method setUsageExt is unimplemented.
10-10 11:54:41.286  1902  1967 I ProcessSceneCleaner: SwipeUpClean: kill procName=eu.europa.ec.euidi info=AS:90519
10-10 11:54:41.286  1902  1967 I ActivityManager: Killing 3970:eu.europa.ec.euidi/u0a390 (adj 905): SwipeUpClean
10-10 11:54:41.302  2983  3075 D MiuiFullScreenTaskRepository: setFocusedTask taskId=1, displayId=0, topActivity=ComponentInfo{com.miui.home/com.miui.home.launcher.Launcher}
10-10 11:54:41.302  2983  3075 D MiuiFullScreenTaskRepository: addOrUpdateFullScreenTaskInfo taskId=1, topActivity=ComponentInfo{com.miui.home/com.miui.home.launcher.Launcher}
10-10 11:54:41.341  1902  2771 D VibratorManagerService: Vibration 1191 on vibrator 0 complete, notifying thread
10-10 11:54:41.341  1902  2334 D VibratorManagerService: Vibration 1191 finished with EndInfo{status=FINISHED, endedBy=null}
10-10 11:54:41.341  1902  2334 D VibratorManagerService: Reporting vibration 1191 finished with EndInfo{status=FINISHED, endedBy=null}
10-10 11:54:41.341  1902  2334 D VibratorManagerService: Vibration for uid=1000 and with attrs=VibrationAttributes: Usage=TOUCH Audio Usage= USAGE_UNKNOWN Flags=0 ended with status FINISHED
10-10 11:54:41.342  1902  2334 D VibratorManagerService: VibrationThread released after finished vibration
10-10 11:54:41.342  1902  2334 D VibratorManagerService: Processing VibrationThread released callback
10-10 11:54:41.349  1902 23171 I WindowManager: WIN DEATH: Window{3cfdc32 u0 eu.europa.ec.euidi/eu.europa.ec.assemblylogic.ui.MainActivity}
10-10 11:54:41.349  1902 23171 D WindowManager: setParent old=ActivityRecord{414ef17 u0 eu.europa.ec.euidi/eu.europa.ec.assemblylogic.ui.MainActivity t444 f}},new=null,this window=Window{3cfdc32 u0 eu.europa.ec.euidi/eu.europa.ec.assemblylogic.ui.MainActivity},callers=com.android.server.wm.WindowContainer.removeChild:840 com.android.server.wm.ActivityRecord.removeChild:5227 com.android.server.wm.ActivityRecord.removeChild:470 com.android.server.wm.WindowContainer.removeImmediately:898 com.android.server.wm.WindowState.removeImmediately:2538 com.android.server.wm.WindowState.removeIfPossible:2719 
10-10 11:54:41.350  1902  2611 E ProcessManager: error write exception log
10-10 11:54:41.352  1902 23266 W WindowManager: Cannot find window which accessibility connection is added to
10-10 11:54:41.354  1902  1936 D DisplayManagerService: Drop pending events for gone uid 10390
10-10 11:54:41.355  1902  1917 D WindowManager: setParent old=Task{8cff04 #444 type=standard A=10390:eu.europa.ec.euidi},new=null,this window=ActivityRecord{414ef17 u0 eu.europa.ec.euidi/eu.europa.ec.assemblylogic.ui.MainActivity t444 f}},callers=com.android.server.wm.WindowContainer.removeChild:840 com.android.server.wm.TaskFragment.removeChild:3119 com.android.server.wm.Task.removeChild:1822 com.android.server.wm.Task.removeChild:1802 com.android.server.wm.WindowContainer.removeImmediately:898 com.android.server.wm.WindowToken.removeImmediately:376 
10-10 11:54:41.356  1902  1917 D WindowManager: setParent old=DefaultTaskDisplayArea@126197207,new=null,this window=Task{8cff04 #444 type=standard A=10390:eu.europa.ec.euidi},callers=com.android.server.wm.WindowContainer.removeChild:840 com.android.server.wm.TaskDisplayArea.removeChildTask:359 com.android.server.wm.TaskDisplayArea.removeChild:350 com.android.server.wm.WindowContainer.removeImmediately:898 com.android.server.wm.TaskFragment.removeImmediately:3203 com.android.server.wm.Task.removeImmediately:3222 
10-10 11:54:41.358  1902  1938 W ActivityManager: setHasOverlayUi called on unknown pid: 3970
10-10 11:54:41.359  1902  1939 W ActivityTaskManager: Can't find TaskDisplayArea to determine support for multi window. Task id=444 attached=false
10-10 11:54:41.360  2983  3075 D MiuiFullScreenTaskRepository: removeFullScreenTask taskId=444, topActivity=null
10-10 11:54:41.360  2983  3075 D MiuiWindowDecorViewModel: destroyWindowDecoration: taskId=444, windowingMode=1, mWindowDecorByTaskId.size()=0, callers=com.android.wm.shell.fullscreen.FullscreenTaskListener.onTaskVanished:143 com.android.wm.shell.ShellTaskOrganizer.onTaskVanished:138 android.window.TaskOrganizer$1.lambda$onTaskVanished$6:398 android.window.TaskOrganizer$1.$r8$lambda$z23H3L3GZav04D10kA3vkevrglg:0 android.window.TaskOrganizer$1$$ExternalSyntheticLambda14.run:4 
10-10 11:54:41.361  1902  2322 W UsageStatsService: Unexpected activity event reported! (eu.europa.ec.euidi/eu.europa.ec.assemblylogic.ui.MainActivity event : 23 instanceId : 47447277)
10-10 11:54:41.381  1902  1902 D MBrainLocalService: isVendorFreezeConditionPass is false
10-10 11:54:41.382  1902  1902 E MBrainLocalService: notifyAppSwitch failed
10-10 11:54:41.760  1902  1938 W AccessibilityWindowsPopulator: Windows change within in 2 frames continuously over 500 ms and notify windows changed immediately
10-10 11:54:42.671  1556  1556 I wificond: station_bandwidth: 
10-10 11:54:43.885  1902  2620 I SmartPower: com.google.android.adservices.api/10307(31554): background->idle(49295ms) R(remove from whitelist) adj=0.
10-10 11:54:43.994  1902  2620 I SmartPower: com.android.vending/10184(22135): background->idle(3000ms) R(service unbind com.android.vending/com.google.android.finsky.setup.dse.impl.DseService) adj=905.
10-10 11:54:45.696  1556  1556 I wificond: station_bandwidth: 
10-10 11:54:45.792  1902  3385 D PackageParserImpl: dump dex file,file message: base.vdex: 6507Kb 
10-10 11:54:45.880  1902  3385 D PackageParserImpl: dump dex file,file message: base.vdex: 6507Kb 
10-10 11:54:46.465  1902  3385 D PackageParserImpl: dump dex file,file message: base.vdex: 8311Kb 
10-10 11:54:46.564  1902  3385 D PackageParserImpl: dump dex file,file message: base.vdex: 8311Kb 
10-10 11:54:46.814  1902  3385 D PackageParserImpl: dump dex file,file message: base.vdex: 1832Kb 
10-10 11:54:48.030  1902  3385 D PackageParserImpl: dump dex file,file message: base.art: 1753Kb base.odex: 11235Kb base.vdex: 577Kb 
10-10 11:54:48.127  1902  3385 D PackageParserImpl: dump dex file,file message: base.art: 1753Kb base.odex: 11235Kb base.vdex: 577Kb 
10-10 11:54:48.261  1902  3385 D PackageParserImpl: dump dex file,file message: base.art: 1753Kb base.odex: 11235Kb base.vdex: 577Kb 
10-10 11:54:48.375  1902  3385 I ActivityManager: Force stopping eu.europa.ec.euidi appid=10390 user=0: from process:4436
10-10 11:54:48.377  1902  3385 I AppsFilter: interaction: PackageSetting{1141c0b com.android.microdroid.empty_payload/10336} -> PackageSetting{a1a5838 eu.europa.ec.euidi/10390} BLOCKED
10-10 11:54:48.377  1902  3385 I AppsFilter: interaction: PackageSetting{2f03501 io.appium.uiautomator2.server.test/10379} -> PackageSetting{a1a5838 eu.europa.ec.euidi/10390} BLOCKED
10-10 11:54:48.377  1902  3385 I AppsFilter: interaction: PackageSetting{330fa6 com.fido.asm/10112} -> PackageSetting{a1a5838 eu.europa.ec.euidi/10390} BLOCKED
10-10 11:54:48.377  1902  3385 I AppsFilter: interaction: PackageSetting{4e66de7 io.appium.uiautomator2.server/10378} -> PackageSetting{a1a5838 eu.europa.ec.euidi/10390} BLOCKED
10-10 11:54:48.377  1902  3385 I AppsFilter: interaction: PackageSetting{3435d94 io.appium.settings/10326} -> PackageSetting{a1a5838 eu.europa.ec.euidi/10390} BLOCKED
10-10 11:54:48.490  1902  3385 I ActivityManager: clearApplicationUserData eu.europa.ec.euidi appid=10390 user=0 from u2000/4445
10-10 11:54:48.490  1902  3385 I ActivityManager: Force stopping eu.europa.ec.euidi appid=10390 user=0: clear data
10-10 11:54:48.492  1902  3385 I PackageManager: clearApplicationUserData packageName: eu.europa.ec.euidi user: 0 from u1000/1902
10-10 11:54:48.495  1902  1954 I ActivityManager: Force stopping eu.europa.ec.euidi appid=10390 user=-1: clearApplicationUserData
10-10 11:54:48.502  1902  1990 D PermissionManager: writeLegacyPermissionState for user  in 6 ms.
10-10 11:54:48.525   691  4462 E keystore2: system/security/keystore2/src/gc.rs:139 - Error trying to delete blob entry. system/security/keystore2/src/gc.rs:129: Trying to invalidate key.
10-10 11:54:48.525   691  4462 E keystore2: 
10-10 11:54:48.525   691  4462 E keystore2: Caused by:
10-10 11:54:48.525   691  4462 E keystore2:     0: system/security/keystore2/src/globals.rs:167: Trying to invalidate key blob.
10-10 11:54:48.525   691  4462 E keystore2:     1: Error::Km(r#UNIMPLEMENTED)
10-10 11:54:48.525   691  4462 E keystore2: system/security/keystore2/src/gc.rs:139 - Error trying to delete blob entry. system/security/keystore2/src/gc.rs:129: Trying to invalidate key.
10-10 11:54:48.525   691  4462 E keystore2: 
10-10 11:54:48.525   691  4462 E keystore2: Caused by:
10-10 11:54:48.525   691  4462 E keystore2:     0: system/security/keystore2/src/globals.rs:167: Trying to invalidate key blob.
10-10 11:54:48.525   691  4462 E keystore2:     1: Error::Km(r#UNIMPLEMENTED)
10-10 11:54:48.525   691  4462 E keystore2: system/security/keystore2/src/gc.rs:139 - Error trying to delete blob entry. system/security/keystore2/src/gc.rs:129: Trying to invalidate key.
10-10 11:54:48.525   691  4462 E keystore2: 
10-10 11:54:48.525   691  4462 E keystore2: Caused by:
10-10 11:54:48.525   691  4462 E keystore2:     0: system/security/keystore2/src/globals.rs:167: Trying to invalidate key blob.
10-10 11:54:48.525   691  4462 E keystore2:     1: Error::Km(r#UNIMPLEMENTED)
10-10 11:54:48.525   691  4462 E keystore2: system/security/keystore2/src/gc.rs:139 - Error trying to delete blob entry. system/security/keystore2/src/gc.rs:129: Trying to invalidate key.
10-10 11:54:48.525   691  4462 E keystore2: 
10-10 11:54:48.525   691  4462 E keystore2: Caused by:
10-10 11:54:48.525   691  4462 E keystore2:     0: system/security/keystore2/src/globals.rs:167: Trying to invalidate key blob.
10-10 11:54:48.525   691  4462 E keystore2:     1: Error::Km(r#UNIMPLEMENTED)
10-10 11:54:48.526   691  4462 E keystore2: system/security/keystore2/src/gc.rs:139 - Error trying to delete blob entry. system/security/keystore2/src/gc.rs:129: Trying to invalidate key.
10-10 11:54:48.526   691  4462 E keystore2: 
10-10 11:54:48.526   691  4462 E keystore2: Caused by:
10-10 11:54:48.526   691  4462 E keystore2:     0: system/security/keystore2/src/globals.rs:167: Trying to invalidate key blob.
10-10 11:54:48.526   691  4462 E keystore2:     1: Error::Km(r#UNIMPLEMENTED)
10-10 11:54:48.526   691  4462 E keystore2: system/security/keystore2/src/gc.rs:139 - Error trying to delete blob entry. system/security/keystore2/src/gc.rs:129: Trying to invalidate key.
10-10 11:54:48.526   691  4462 E keystore2: 
10-10 11:54:48.526   691  4462 E keystore2: Caused by:
10-10 11:54:48.526   691  4462 E keystore2:     0: system/security/keystore2/src/globals.rs:167: Trying to invalidate key blob.
10-10 11:54:48.526   691  4462 E keystore2:     1: Error::Km(r#UNIMPLEMENTED)
10-10 11:54:48.526   691  4462 E keystore2: system/security/keystore2/src/gc.rs:139 - Error trying to delete blob entry. system/security/keystore2/src/gc.rs:129: Trying to invalidate key.
10-10 11:54:48.526   691  4462 E keystore2: 
10-10 11:54:48.526   691  4462 E keystore2: Caused by:
10-10 11:54:48.526   691  4462 E keystore2:     0: system/security/keystore2/src/globals.rs:167: Trying to invalidate key blob.
10-10 11:54:48.526   691  4462 E keystore2:     1: Error::Km(r#UNIMPLEMENTED)
10-10 11:54:48.526   691  4462 E keystore2: system/security/keystore2/src/gc.rs:139 - Error trying to delete blob entry. system/security/keystore2/src/gc.rs:129: Trying to invalidate key.
10-10 11:54:48.526   691  4462 E keystore2: 
10-10 11:54:48.526   691  4462 E keystore2: Caused by:
10-10 11:54:48.526   691  4462 E keystore2:     0: system/security/keystore2/src/globals.rs:167: Trying to invalidate key blob.
10-10 11:54:48.526   691  4462 E keystore2:     1: Error::Km(r#UNIMPLEMENTED)
10-10 11:54:48.526   691  4462 E keystore2: system/security/keystore2/src/gc.rs:139 - Error trying to delete blob entry. system/security/keystore2/src/gc.rs:129: Trying to invalidate key.
10-10 11:54:48.526   691  4462 E keystore2: 
10-10 11:54:48.526   691  4462 E keystore2: Caused by:
10-10 11:54:48.526   691  4462 E keystore2:     0: system/security/keystore2/src/globals.rs:167: Trying to invalidate key blob.
10-10 11:54:48.526   691  4462 E keystore2:     1: Error::Km(r#UNIMPLEMENTED)
10-10 11:54:48.526   691  4462 E keystore2: system/security/keystore2/src/gc.rs:139 - Error trying to delete blob entry. system/security/keystore2/src/gc.rs:129: Trying to invalidate key.
10-10 11:54:48.526   691  4462 E keystore2: 
10-10 11:54:48.526   691  4462 E keystore2: Caused by:
10-10 11:54:48.526   691  4462 E keystore2:     0: system/security/keystore2/src/globals.rs:167: Trying to invalidate key blob.
10-10 11:54:48.526   691  4462 E keystore2:     1: Error::Km(r#UNIMPLEMENTED)
10-10 11:54:48.526   691  4462 E keystore2: system/security/keystore2/src/gc.rs:139 - Error trying to delete blob entry. system/security/keystore2/src/gc.rs:129: Trying to invalidate key.
10-10 11:54:48.526   691  4462 E keystore2: 
10-10 11:54:48.526   691  4462 E keystore2: Caused by:
10-10 11:54:48.526   691  4462 E keystore2:     0: system/security/keystore2/src/globals.rs:167: Trying to invalidate key blob.
10-10 11:54:48.526   691  4462 E keystore2:     1: Error::Km(r#UNIMPLEMENTED)
10-10 11:54:48.526  1902  1990 W PackageFreezer: Freeze package eu.europa.ec.euidi about 0.034 seconds for reason: clearApplicationUserData
10-10 11:54:48.526  1902  1990 I AppsFilter: interaction: PackageSetting{1141c0b com.android.microdroid.empty_payload/10336} -> PackageSetting{a1a5838 eu.europa.ec.euidi/10390} BLOCKED
10-10 11:54:48.527  1902  1990 I AppsFilter: interaction: PackageSetting{2f03501 io.appium.uiautomator2.server.test/10379} -> PackageSetting{a1a5838 eu.europa.ec.euidi/10390} BLOCKED
10-10 11:54:48.527  1902  1990 I AppsFilter: interaction: PackageSetting{330fa6 com.fido.asm/10112} -> PackageSetting{a1a5838 eu.europa.ec.euidi/10390} BLOCKED
10-10 11:54:48.527  1902  1990 I AppsFilter: interaction: PackageSetting{4e66de7 io.appium.uiautomator2.server/10378} -> PackageSetting{a1a5838 eu.europa.ec.euidi/10390} BLOCKED
10-10 11:54:48.527  1902  1990 I AppsFilter: interaction: PackageSetting{3435d94 io.appium.settings/10326} -> PackageSetting{a1a5838 eu.europa.ec.euidi/10390} BLOCKED
10-10 11:54:48.529  1902  1990 I AppsFilter: interaction: PackageSetting{1141c0b com.android.microdroid.empty_payload/10336} -> PackageSetting{a1a5838 eu.europa.ec.euidi/10390} BLOCKED
10-10 11:54:48.529  1902  1990 I AppsFilter: interaction: PackageSetting{2f03501 io.appium.uiautomator2.server.test/10379} -> PackageSetting{a1a5838 eu.europa.ec.euidi/10390} BLOCKED
10-10 11:54:48.529  1902  1990 I AppsFilter: interaction: PackageSetting{330fa6 com.fido.asm/10112} -> PackageSetting{a1a5838 eu.europa.ec.euidi/10390} BLOCKED
10-10 11:54:48.529  1902  1990 I AppsFilter: interaction: PackageSetting{4e66de7 io.appium.uiautomator2.server/10378} -> PackageSetting{a1a5838 eu.europa.ec.euidi/10390} BLOCKED
10-10 11:54:48.529  1902  1990 I AppsFilter: interaction: PackageSetting{3435d94 io.appium.settings/10326} -> PackageSetting{a1a5838 eu.europa.ec.euidi/10390} BLOCKED
10-10 11:54:48.544 22918 23707 W ContextImpl: Calling a method in the system process without a qualified user: android.app.ContextImpl.sendBroadcast:1246 android.content.ContextWrapper.sendBroadcast:520 mb.q.D:34 s2.j.x:27 s2.j.m:0 
10-10 11:54:48.545  1902  1954 I SmartPower: com.google.android.documentsui/10068(1756): idle->background(86937ms) R(broadcast start Intent { act=android.intent.action.PACKAGE_DATA_CLEARED dat=package: flg=0x5000010 (has extras) }) adj=915.
10-10 11:54:48.548  1902  1954 D CompatibilityChangeReporter: Compat change id reported: 135634846; UID 10190; state: DISABLED
10-10 11:54:48.549  1902  1955 D CompatibilityChangeReporter: Compat change id reported: 143937733; UID 10190; state: ENABLED
10-10 11:54:48.554  1902  1954 I SmartPower: com.android.vending:background/10184(14799): idle->background(86944ms) R(broadcast start Intent { act=android.intent.action.PACKAGE_DATA_CLEARED dat=package: flg=0x5000010 (has extras) }) adj=905.
10-10 11:54:48.559  1902  1954 I SmartPower: com.google.android.permissioncontroller/10221(653): idle->background(86942ms) R(broadcast start Intent { act=android.intent.action.PACKAGE_DATA_CLEARED dat=package: flg=0x5000010 (has extras) }) adj=905.
10-10 11:54:48.561  1902  1955 I ActivityManager: Start proc 4464:com.android.chrome/u0a190 for broadcast {com.android.chrome/org.chromium.chrome.browser.browserservices.InstalledWebappBroadcastReceiver} caller=android
10-10 11:54:48.588  1902  1954 I SmartPower: com.microsoft.windowsintune.companyportal:omadm_client_process/10365(32113): idle->background(86920ms) R(broadcast start Intent { act=android.intent.action.PACKAGE_DATA_CLEARED dat=package: flg=0x5000010 (has extras) }) adj=905.
10-10 11:54:48.593  1902  2776 I SmartPower: com.android.chrome/10190(4464): died->background(7710ms) R(process start ) adj=-10000.
10-10 11:54:48.594  1902  2776 D CompatibilityChangeReporter: Compat change id reported: 168419799; UID 10190; state: DISABLED
10-10 11:54:48.594  1902  2776 D CompatibilityChangeReporter: Compat change id reported: 273564678; UID 10190; state: DISABLED
10-10 11:54:48.610  1902 15926 D CompatibilityChangeReporter: Compat change id reported: 170503758; UID 10190; state: ENABLED
10-10 11:54:48.620  1902 15926 D PackageParserImpl: dump dex file,file message: base.art: 1753Kb base.odex: 11235Kb base.vdex: 577Kb 
10-10 11:54:48.699  1902 23171 D CompatibilityChangeReporter: Compat change id reported: 161145287; UID 10190; state: ENABLED
10-10 11:54:48.703  1902 15926 I ActivityManager: Flag disabled. Ignoring finishAttachApplication from uid: 10190. pid: 4464
10-10 11:54:48.706  1556  1556 I wificond: station_bandwidth: 
10-10 11:54:48.846  1902 23171 I PowerManagerServiceImpl: Release wakelock: SCREEN_DIM_WAKE_LOCK           'UiAutomator2:ScreenKeeper' DISABLED ACQ=-1m27s33ms (uid=10378 pid=3939 pkg=io.appium.uiautomator2.server)
10-10 11:54:48.873  1902 23171 D WindowManager: setParent old=Leaf:29:31@255176654,new=null,this window=WindowToken{8094179 type=2032 android.os.Binder@5a98e40},callers=com.android.server.wm.WindowContainer.removeChild:840 com.android.server.wm.WindowContainer.removeImmediately:898 com.android.server.wm.WindowToken.setExiting:272 com.android.server.wm.DisplayContent.removeWindowToken:1666 com.android.server.wm.WindowManagerService.removeWindowToken:3428 com.android.server.wm.WindowManagerService$LocalService.removeWindowToken:8816 
10-10 11:54:48.874  1902 23171 W WindowMagnificationMgr: requestConnection duplicated request: connect=false, mConnectionState=DISCONNECTED
10-10 11:54:48.874  1902 23171 D AccessibilityManagerService: restoreCurrentUserForTestAutomationIfNeededLocked(): ignoring because device doesn't support visible background users
10-10 11:54:48.876  1902  2775 I ActivityManager: Force stopping io.appium.uiautomator2.server appid=10378 user=0: finished inst
10-10 11:54:48.877  1902  2611 E ProcessManager: error write exception log
10-10 11:54:48.877  1902  2775 E ActivityManager: Unable to freeze binder for 3939: java.lang.RuntimeException: Unable to freeze/unfreeze binder
10-10 11:54:48.877  1902  2775 I ActivityManager: Killing 3939:io.appium.uiautomator2.server/u0a378 (adj 0): stop io.appium.uiautomator2.server due to finished inst
10-10 11:54:48.878  1902  1936 D DisplayManagerService: Drop pending events for gone uid 10378
10-10 11:54:48.881  1902  1938 D SettingsProvider: name:animator_duration_scale has changed to 0.0, because android android.provider.Settings$NameValueCache.putStringForUser:3162 android.provider.Settings$Global.putStringForUser:17046 android.provider.Settings$Global.putString:16887 android.provider.Settings$Global.putFloat:17236 com.android.server.wm.WindowManagerService$H.handleMessage:6151 android.os.Handler.dispatchMessage:106 android.os.Looper.loopOnce:222 android.os.Looper.loop:314 android.os.HandlerThread.run:67 com.android.server.ServiceThread.run:46 
10-10 11:54:48.891  1902  1954 I SmartPower: com.google.android.videos/10312(31305): idle->background(87052ms) R(broadcast start Intent { act=android.intent.action.PACKAGE_RESTARTED dat=package: flg=0x10 (has extras) }) adj=915.
10-10 11:54:48.894  1902  1902 D BatterySaverPolicy: accessibility changed to false, updating policy.
10-10 11:54:49.562  1902  2772 I WakePathChecker: MIUILOG-WAKEPATH pushWakePathWhiteList: userId=0 size=6
10-10 11:54:49.931  1902  2772 W ProcessStats: Tracking association SourceState{57b3ab3 com.miui.home/10085 BTop #342637} whose proc state 2 is better than process ProcessState{accb870 com.google.android.googlequicksearchbox:googleapp/10188 pkg=com.google.android.googlequicksearchbox (sub)} proc state 14 (439 skipped)
10-10 11:54:50.007  1902 23266 I ActivityManager: Force stopping io.appium.uiautomator2.server.test appid=10379 user=0: from process:4610
10-10 11:54:50.010  1902 23266 I AppsFilter: interaction: PackageSetting{1141c0b com.android.microdroid.empty_payload/10336} -> PackageSetting{2f03501 io.appium.uiautomator2.server.test/10379} BLOCKED
10-10 11:54:50.010  1902 23266 I AppsFilter: interaction: PackageSetting{330fa6 com.fido.asm/10112} -> PackageSetting{2f03501 io.appium.uiautomator2.server.test/10379} BLOCKED
10-10 11:54:50.010  1902 23266 I AppsFilter: interaction: PackageSetting{3435d94 io.appium.settings/10326} -> PackageSetting{2f03501 io.appium.uiautomator2.server.test/10379} BLOCKED
10-10 11:54:50.284  1902  1938 D SettingsProvider: name:animator_duration_scale has changed to 0.0, because android android.provider.Settings$NameValueCache.putStringForUser:3162 android.provider.Settings$Global.putStringForUser:17046 android.provider.Settings$Global.putString:16887 android.provider.Settings$Global.putFloat:17236 com.android.server.wm.WindowManagerService$H.handleMessage:6151 android.os.Handler.dispatchMessage:106 android.os.Looper.loopOnce:222 android.os.Looper.loop:314 android.os.HandlerThread.run:67 com.android.server.ServiceThread.run:46 
10-10 11:54:50.285  1902  1938 D SettingsProvider: name:animator_duration_scale has changed to 0.0, because android android.provider.Settings$NameValueCache.putStringForUser:3162 android.provider.Settings$Global.putStringForUser:17046 android.provider.Settings$Global.putString:16887 android.provider.Settings$Global.putFloat:17236 com.android.server.wm.WindowManagerService$H.handleMessage:6151 android.os.Handler.dispatchMessage:106 android.os.Looper.loopOnce:222 android.os.Looper.loop:314 android.os.HandlerThread.run:67 com.android.server.ServiceThread.run:46 
10-10 11:54:50.285  1902  2772 I ActivityManager: Force stopping io.appium.uiautomator2.server appid=10378 user=0: start instr
10-10 11:54:50.285  1902  1938 D SettingsProvider: name:animator_duration_scale has changed to 0.0, because android android.provider.Settings$NameValueCache.putStringForUser:3162 android.provider.Settings$Global.putStringForUser:17046 android.provider.Settings$Global.putString:16887 android.provider.Settings$Global.putFloat:17236 com.android.server.wm.WindowManagerService$H.handleMessage:6151 android.os.Handler.dispatchMessage:106 android.os.Looper.loopOnce:222 android.os.Looper.loop:314 android.os.HandlerThread.run:67 com.android.server.ServiceThread.run:46 
10-10 11:54:50.288  1902  2772 D CompatibilityChangeReporter: Compat change id reported: 135634846; UID 10378; state: DISABLED
10-10 11:54:50.288  1902  2772 D CompatibilityChangeReporter: Compat change id reported: 177438394; UID 10378; state: DISABLED
10-10 11:54:50.288  1902  2772 D CompatibilityChangeReporter: Compat change id reported: 135772972; UID 10378; state: DISABLED
10-10 11:54:50.288  1902  2772 D CompatibilityChangeReporter: Compat change id reported: 135754954; UID 10378; state: ENABLED
10-10 11:54:50.288  1902  1955 D CompatibilityChangeReporter: Compat change id reported: 143937733; UID 10378; state: ENABLED
10-10 11:54:50.289  1902  2323 D CompatibilityChangeReporter: Compat change id reported: 265195908; UID 10378; state: ENABLED
10-10 11:54:50.294  1902  1955 I ActivityManager: Start proc 4670:io.appium.uiautomator2.server/u0a378 for added application io.appium.uiautomator2.server caller=android
10-10 11:54:50.340  1902  2772 I SmartPower: io.appium.uiautomator2.server/10378(4670): died->background(1463ms) R(process start ) adj=-10000.
10-10 11:54:50.341  1902  2772 D CompatibilityChangeReporter: Compat change id reported: 168419799; UID 10378; state: DISABLED
10-10 11:54:50.341  1902  2772 D CompatibilityChangeReporter: Compat change id reported: 273564678; UID 10378; state: DISABLED
10-10 11:54:50.343  1902  2600 D isUidValid: uid = 10378
10-10 11:54:50.355  1902  2772 D CompatibilityChangeReporter: Compat change id reported: 170503758; UID 10378; state: DISABLED
10-10 11:54:50.370  1902  2772 I AppsFilter: interaction: PackageSetting{4e66de7 io.appium.uiautomator2.server/10378} -> PackageSetting{582c9b com.google.android.apps.subscriptions.red/10194} BLOCKED
10-10 11:54:50.370  1902  2772 I AppsFilter: interaction: PackageSetting{4e66de7 io.appium.uiautomator2.server/10378} -> PackageSetting{e046838 com.android.cts.priv.ctsshim/10218} BLOCKED
10-10 11:54:50.370  1902  2772 I AppsFilter: interaction: PackageSetting{4e66de7 io.appium.uiautomator2.server/10378} -> PackageSetting{2f1a011 com.google.android.youtube/10206} BLOCKED
10-10 11:54:50.370  1902  2772 I AppsFilter: interaction: PackageSetting{4e66de7 io.appium.uiautomator2.server/10378} -> PackageSetting{dcc8576 com.android.uwb.resources/10311} BLOCKED
10-10 11:54:50.370  1902  2772 I AppsFilter: interaction: PackageSetting{4e66de7 io.appium.uiautomator2.server/10378} -> PackageSetting{ebe496c com.android.internal.display.cutout.emulation.corner/10003} BLOCKED
10-10 11:54:50.370  1902  2772 I AppsFilter: interaction: PackageSetting{4e66de7 io.appium.uiautomator2.server/10378} -> PackageSetting{6ec5b35 com.android.internal.display.cutout.emulation.double/10007} BLOCKED
10-10 11:54:50.370  1902  2772 I AppsFilter: interaction: PackageSetting{4e66de7 io.appium.uiautomator2.server/10378} -> PackageSetting{3435d94 io.appium.settings/10326} BLOCKED
