10-10 11:53:25.466  1902 23267 I DefaultImeVisibilityApplier: IMMS.showCurrentInputLocked request ims to show inputMethod.
10-10 11:53:25.471  1902 23266 W PackageConfigPersister: App-specific configuration not found for packageName: eu.europa.ec.euidi and userId: 0
10-10 11:53:25.476  1902  2771 D PerfShielderService: eu.europa.ec.euidi|eu.europa.ec.euidi/eu.europa.ec.assemblylogic.ui.MainActivity|147|113442604076453|86|5|3
10-10 11:53:25.476 22071 27042 W MiuiPerfServiceClient: interceptAndQueuing:3970|eu.europa.ec.euidi|147|86|113442604076453|Slow issue draw commands|3
10-10 11:53:25.481  1902 23267 I InputMethodManagerService: IMMS.showSoftInput(), client = com.android.internal.inputmethod.IInputMethodClient$Stub$Proxy@11e44c
10-10 11:53:25.481  1902 23267 I InputMethodManagerService: IMMS.showCurrentInputLocked(), flags = 0
10-10 11:53:25.481  1902 23267 D SmartPower: com.google.android.inputmethod.latin/10196(22721): show input method
10-10 11:53:25.481  1902 23267 I DefaultImeVisibilityApplier: IMMS.showCurrentInputLocked request ims to show inputMethod.
10-10 11:53:25.496  1902 22706 I InputMethodManagerService: IMMS.applyImeVisibility(), setVisible = true, mCurclient = ClientState{427c948 mUid=10390 mPid=3970 mSelfReportedDisplayId=0}
10-10 11:53:25.496  1902 22706 I WindowManager: WMS.showImePostLayout(), imeTarget = Window{3cfdc32 u0 eu.europa.ec.euidi/eu.europa.ec.assemblylogic.ui.MainActivity}
10-10 11:53:25.497  1902  1939 I ImeInsetsSourceProvider: ImeInsetsSourceProvider.scheduleShowImePostLayout() Run showImeRunner.
10-10 11:53:25.497  1902  1939 I ImeInsetsSourceProvider: ImeInsetsSourceProvider.scheduleShowImePostLayout() isReadyToShowIme.
10-10 11:53:25.500  2983  3075 D OneHandedController: stopOneHanded state is 0
10-10 11:53:25.504  1902  2771 I InputMethodManagerService: IMMS.applyImeVisibility(), setVisible = true, mCurclient = ClientState{427c948 mUid=10390 mPid=3970 mSelfReportedDisplayId=0}
10-10 11:53:25.504  1902  2771 I WindowManager: WMS.showImePostLayout(), imeTarget = Window{3cfdc32 u0 eu.europa.ec.euidi/eu.europa.ec.assemblylogic.ui.MainActivity}
10-10 11:53:25.505  1902  1939 I ImeInsetsSourceProvider: ImeInsetsSourceProvider.scheduleShowImePostLayout() Run showImeRunner.
10-10 11:53:25.505  1902  1939 I ImeInsetsSourceProvider: ImeInsetsSourceProvider.scheduleShowImePostLayout() isReadyToShowIme.
10-10 11:53:25.507  2983  3075 D OneHandedController: stopOneHanded state is 0
10-10 11:53:25.521  1902  1902 W FillRequestEventLogger: Shouldn't be logging AutofillFillRequestReported again for same event
10-10 11:53:25.521  1902  1902 W FillResponseEventLogger: Shouldn't be logging AutofillFillRequestReported again for same event
10-10 11:53:25.521  1902  1902 D AutofillSession: clearPendingIntentLocked
10-10 11:53:25.568  1902  2771 D WindowManagerService: checkFlipFullScreenChange is same, nowIsFullScreen = false
10-10 11:53:25.570  1902  2771 W FillRequestEventLogger: Couldn't find packageName: com.google.android.inputmethod.latin
10-10 11:53:25.576  1902 22706 I InputMethodManagerService: IMMS.showCurrentInputLocked(), flags = 1
10-10 11:53:25.576  1902 22706 D SmartPower: com.google.android.inputmethod.latin/10196(22721): show input method
10-10 11:53:25.576  1902 22706 I DefaultImeVisibilityApplier: IMMS.showCurrentInputLocked request ims to show inputMethod.
10-10 11:53:25.577  1902 23267 W PackageConfigPersister: App-specific configuration not found for packageName: eu.europa.ec.euidi and userId: 0
10-10 11:53:25.581  1902 22706 D AutofillSession: createPendingIntent for request 879
10-10 11:53:25.581  1902 22706 D ContentCapturePerUserService: Notified activity assist data for activity: Token{2d3fced ActivityRecord{414ef17 u0 eu.europa.ec.euidi/eu.europa.ec.assemblylogic.ui.MainActivity t444}} without a session Id
10-10 11:53:25.583  1902 22706 I InputMethodManagerService: IMMS.showSoftInput(), client = com.android.internal.inputmethod.IInputMethodClient$Stub$Proxy@8918c02
10-10 11:53:25.583  1902 22706 I InputMethodManagerService: IMMS.showCurrentInputLocked(), flags = 0
10-10 11:53:25.583  1902 22706 D SmartPower: com.google.android.inputmethod.latin/10196(22721): show input method
10-10 11:53:25.583  1902 22706 I DefaultImeVisibilityApplier: IMMS.showCurrentInputLocked request ims to show inputMethod.
10-10 11:53:25.601  1902 22706 I InputMethodManagerService: IMMS.applyImeVisibility(), setVisible = true, mCurclient = ClientState{427c948 mUid=10390 mPid=3970 mSelfReportedDisplayId=0}
10-10 11:53:25.601  1902 22706 I WindowManager: WMS.showImePostLayout(), imeTarget = Window{3cfdc32 u0 eu.europa.ec.euidi/eu.europa.ec.assemblylogic.ui.MainActivity}
10-10 11:53:25.602  1902  1939 I ImeInsetsSourceProvider: ImeInsetsSourceProvider.scheduleShowImePostLayout() Run showImeRunner.
10-10 11:53:25.602  1902  1939 I ImeInsetsSourceProvider: ImeInsetsSourceProvider.scheduleShowImePostLayout() isReadyToShowIme.
10-10 11:53:25.605  1902 23267 I InputMethodManagerService: IMMS.applyImeVisibility(), setVisible = true, mCurclient = ClientState{427c948 mUid=10390 mPid=3970 mSelfReportedDisplayId=0}
10-10 11:53:25.605  1902 23267 I WindowManager: WMS.showImePostLayout(), imeTarget = Window{3cfdc32 u0 eu.europa.ec.euidi/eu.europa.ec.assemblylogic.ui.MainActivity}
10-10 11:53:25.605  2983  3075 D OneHandedController: stopOneHanded state is 0
10-10 11:53:25.606  1902  1939 I ImeInsetsSourceProvider: ImeInsetsSourceProvider.scheduleShowImePostLayout() Run showImeRunner.
10-10 11:53:25.606  1902  1939 I ImeInsetsSourceProvider: ImeInsetsSourceProvider.scheduleShowImePostLayout() isReadyToShowIme.
10-10 11:53:25.606  2983  3075 D OneHandedController: stopOneHanded state is 0
10-10 11:53:25.636  1902  1902 W FillRequestEventLogger: Shouldn't be logging AutofillFillRequestReported again for same event
10-10 11:53:25.636  1902  1902 W FillResponseEventLogger: Shouldn't be logging AutofillFillRequestReported again for same event
10-10 11:53:25.637  1902  1902 D AutofillSession: clearPendingIntentLocked
10-10 11:53:25.675  1902  2771 D WindowManagerService: checkFlipFullScreenChange is same, nowIsFullScreen = false
10-10 11:53:25.677  1902  2771 W FillRequestEventLogger: Couldn't find packageName: com.google.android.inputmethod.latin
10-10 11:53:25.682  1902 22706 I InputMethodManagerService: IMMS.showCurrentInputLocked(), flags = 1
10-10 11:53:25.683  1902 22706 D SmartPower: com.google.android.inputmethod.latin/10196(22721): show input method
10-10 11:53:25.683  1902 22706 I DefaultImeVisibilityApplier: IMMS.showCurrentInputLocked request ims to show inputMethod.
10-10 11:53:25.684  1902  2771 W PackageConfigPersister: App-specific configuration not found for packageName: eu.europa.ec.euidi and userId: 0
10-10 11:53:25.688  1902 23266 D AutofillSession: createPendingIntent for request 880
10-10 11:53:25.688  1902 23266 D ContentCapturePerUserService: Notified activity assist data for activity: Token{2d3fced ActivityRecord{414ef17 u0 eu.europa.ec.euidi/eu.europa.ec.assemblylogic.ui.MainActivity t444}} without a session Id
10-10 11:53:25.690  1902 23266 I InputMethodManagerService: IMMS.showSoftInput(), client = com.android.internal.inputmethod.IInputMethodClient$Stub$Proxy@65f2068
10-10 11:53:25.690  1902 23266 I InputMethodManagerService: IMMS.showCurrentInputLocked(), flags = 0
10-10 11:53:25.690  1902 23266 D SmartPower: com.google.android.inputmethod.latin/10196(22721): show input method
10-10 11:53:25.690  1902 23266 I DefaultImeVisibilityApplier: IMMS.showCurrentInputLocked request ims to show inputMethod.
10-10 11:53:25.703  1902 22706 I InputMethodManagerService: IMMS.applyImeVisibility(), setVisible = true, mCurclient = ClientState{427c948 mUid=10390 mPid=3970 mSelfReportedDisplayId=0}
10-10 11:53:25.703  1902 22706 I WindowManager: WMS.showImePostLayout(), imeTarget = Window{3cfdc32 u0 eu.europa.ec.euidi/eu.europa.ec.assemblylogic.ui.MainActivity}
10-10 11:53:25.704  1902  1939 I ImeInsetsSourceProvider: ImeInsetsSourceProvider.scheduleShowImePostLayout() Run showImeRunner.
10-10 11:53:25.704  1902  1939 I ImeInsetsSourceProvider: ImeInsetsSourceProvider.scheduleShowImePostLayout() isReadyToShowIme.
10-10 11:53:25.711  1902 22706 I InputMethodManagerService: IMMS.applyImeVisibility(), setVisible = true, mCurclient = ClientState{427c948 mUid=10390 mPid=3970 mSelfReportedDisplayId=0}
10-10 11:53:25.711  1902 22706 I WindowManager: WMS.showImePostLayout(), imeTarget = Window{3cfdc32 u0 eu.europa.ec.euidi/eu.europa.ec.assemblylogic.ui.MainActivity}
10-10 11:53:25.712  1902  1939 I ImeInsetsSourceProvider: ImeInsetsSourceProvider.scheduleShowImePostLayout() Run showImeRunner.
10-10 11:53:25.712  1902  1939 I ImeInsetsSourceProvider: ImeInsetsSourceProvider.scheduleShowImePostLayout() isReadyToShowIme.
10-10 11:53:25.714  2983  3075 D OneHandedController: stopOneHanded state is 0
10-10 11:53:25.715  2983  3075 D OneHandedController: stopOneHanded state is 0
10-10 11:53:25.741  1902  1902 W FillRequestEventLogger: Shouldn't be logging AutofillFillRequestReported again for same event
10-10 11:53:25.741  1902  1902 W FillResponseEventLogger: Shouldn't be logging AutofillFillRequestReported again for same event
10-10 11:53:25.741  1902  1902 D AutofillSession: clearPendingIntentLocked
10-10 11:53:25.779  1902  2771 D WindowManagerService: checkFlipFullScreenChange is same, nowIsFullScreen = false
10-10 11:53:25.781  1902  2771 W FillRequestEventLogger: Couldn't find packageName: com.google.android.inputmethod.latin
10-10 11:53:25.785  1902  1917 D AutofillSession: createPendingIntent for request 881
10-10 11:53:25.785  1902  1917 D ContentCapturePerUserService: Notified activity assist data for activity: Token{2d3fced ActivityRecord{414ef17 u0 eu.europa.ec.euidi/eu.europa.ec.assemblylogic.ui.MainActivity t444}} without a session Id
10-10 11:53:25.789  1902  2771 I InputMethodManagerService: IMMS.showCurrentInputLocked(), flags = 1
10-10 11:53:25.789  1902  2771 D SmartPower: com.google.android.inputmethod.latin/10196(22721): show input method
10-10 11:53:25.789  1902  2771 I DefaultImeVisibilityApplier: IMMS.showCurrentInputLocked request ims to show inputMethod.
10-10 11:53:25.791  1902  1917 W PackageConfigPersister: App-specific configuration not found for packageName: eu.europa.ec.euidi and userId: 0
10-10 11:53:25.795  1902  1917 I InputMethodManagerService: IMMS.showSoftInput(), client = com.android.internal.inputmethod.IInputMethodClient$Stub$Proxy@6fa265f
10-10 11:53:25.795  1902  1917 I InputMethodManagerService: IMMS.showCurrentInputLocked(), flags = 0
10-10 11:53:25.795  1902  1917 D SmartPower: com.google.android.inputmethod.latin/10196(22721): show input method
10-10 11:53:25.795  1902  1917 I DefaultImeVisibilityApplier: IMMS.showCurrentInputLocked request ims to show inputMethod.
10-10 11:53:25.814  1902 22706 I InputMethodManagerService: IMMS.applyImeVisibility(), setVisible = true, mCurclient = ClientState{427c948 mUid=10390 mPid=3970 mSelfReportedDisplayId=0}
10-10 11:53:25.814  1902 22706 I WindowManager: WMS.showImePostLayout(), imeTarget = Window{3cfdc32 u0 eu.europa.ec.euidi/eu.europa.ec.assemblylogic.ui.MainActivity}
10-10 11:53:25.816  1902  1939 I ImeInsetsSourceProvider: ImeInsetsSourceProvider.scheduleShowImePostLayout() Run showImeRunner.
10-10 11:53:25.816  1902  1939 I ImeInsetsSourceProvider: ImeInsetsSourceProvider.scheduleShowImePostLayout() isReadyToShowIme.
10-10 11:53:25.820  1902 23266 I InputMethodManagerService: IMMS.applyImeVisibility(), setVisible = true, mCurclient = ClientState{427c948 mUid=10390 mPid=3970 mSelfReportedDisplayId=0}
10-10 11:53:25.820  1902 23266 I WindowManager: WMS.showImePostLayout(), imeTarget = Window{3cfdc32 u0 eu.europa.ec.euidi/eu.europa.ec.assemblylogic.ui.MainActivity}
10-10 11:53:25.823  2983  3075 D OneHandedController: stopOneHanded state is 0
10-10 11:53:25.826  1902  1939 I ImeInsetsSourceProvider: ImeInsetsSourceProvider.scheduleShowImePostLayout() Run showImeRunner.
10-10 11:53:25.826  1902  1939 I ImeInsetsSourceProvider: ImeInsetsSourceProvider.scheduleShowImePostLayout() isReadyToShowIme.
10-10 11:53:25.844  1902  1902 W FillRequestEventLogger: Shouldn't be logging AutofillFillRequestReported again for same event
10-10 11:53:25.844  1902  1902 W FillResponseEventLogger: Shouldn't be logging AutofillFillRequestReported again for same event
10-10 11:53:25.844  1902  1902 D AutofillSession: clearPendingIntentLocked
10-10 11:53:25.877  1902  2771 D WindowManagerService: checkFlipFullScreenChange is same, nowIsFullScreen = false
10-10 11:53:25.880  1902  2771 W FillRequestEventLogger: Couldn't find packageName: com.google.android.inputmethod.latin
10-10 11:53:25.886  1902 23267 D AutofillSession: createPendingIntent for request 882
10-10 11:53:25.886  1902 23267 D ContentCapturePerUserService: Notified activity assist data for activity: Token{2d3fced ActivityRecord{414ef17 u0 eu.europa.ec.euidi/eu.europa.ec.assemblylogic.ui.MainActivity t444}} without a session Id
10-10 11:53:25.890  1902  2771 I InputMethodManagerService: IMMS.showCurrentInputLocked(), flags = 1
10-10 11:53:25.890  1902  2771 D SmartPower: com.google.android.inputmethod.latin/10196(22721): show input method
10-10 11:53:25.890  1902  2771 I DefaultImeVisibilityApplier: IMMS.showCurrentInputLocked request ims to show inputMethod.
10-10 11:53:25.892  1902 23267 W PackageConfigPersister: App-specific configuration not found for packageName: eu.europa.ec.euidi and userId: 0
10-10 11:53:25.895  1902  1917 I InputMethodManagerService: IMMS.showSoftInput(), client = com.android.internal.inputmethod.IInputMethodClient$Stub$Proxy@4197429
10-10 11:53:25.895  1902  1917 I InputMethodManagerService: IMMS.showCurrentInputLocked(), flags = 0
10-10 11:53:25.895  1902  1917 D SmartPower: com.google.android.inputmethod.latin/10196(22721): show input method
10-10 11:53:25.895  1902  1917 I DefaultImeVisibilityApplier: IMMS.showCurrentInputLocked request ims to show inputMethod.
10-10 11:53:25.915  1902 22706 I InputMethodManagerService: IMMS.applyImeVisibility(), setVisible = true, mCurclient = ClientState{427c948 mUid=10390 mPid=3970 mSelfReportedDisplayId=0}
10-10 11:53:25.915  1902 22706 I WindowManager: WMS.showImePostLayout(), imeTarget = Window{3cfdc32 u0 eu.europa.ec.euidi/eu.europa.ec.assemblylogic.ui.MainActivity}
10-10 11:53:25.916  1902  1939 I ImeInsetsSourceProvider: ImeInsetsSourceProvider.scheduleShowImePostLayout() Run showImeRunner.
10-10 11:53:25.916  1902  1939 I ImeInsetsSourceProvider: ImeInsetsSourceProvider.scheduleShowImePostLayout() isReadyToShowIme.
10-10 11:53:25.919  1902 23265 I InputMethodManagerService: IMMS.applyImeVisibility(), setVisible = true, mCurclient = ClientState{427c948 mUid=10390 mPid=3970 mSelfReportedDisplayId=0}
10-10 11:53:25.919  1902 23265 I WindowManager: WMS.showImePostLayout(), imeTarget = Window{3cfdc32 u0 eu.europa.ec.euidi/eu.europa.ec.assemblylogic.ui.MainActivity}
10-10 11:53:25.920  2983  3075 D OneHandedController: stopOneHanded state is 0
10-10 11:53:25.920  1902  1939 I ImeInsetsSourceProvider: ImeInsetsSourceProvider.scheduleShowImePostLayout() Run showImeRunner.
10-10 11:53:25.920  1902  1939 I ImeInsetsSourceProvider: ImeInsetsSourceProvider.scheduleShowImePostLayout() isReadyToShowIme.
10-10 11:53:25.924  2983  3075 D OneHandedController: stopOneHanded state is 0
10-10 11:53:25.948  1902  1902 W FillRequestEventLogger: Shouldn't be logging AutofillFillRequestReported again for same event
10-10 11:53:25.948  1902  1902 W FillResponseEventLogger: Shouldn't be logging AutofillFillRequestReported again for same event
10-10 11:53:25.948  1902  1902 D AutofillSession: clearPendingIntentLocked
10-10 11:53:26.018  1902 23265 D WindowManagerService: checkFlipFullScreenChange is same, nowIsFullScreen = false
10-10 11:53:26.056  1902  2620 I SmartPower: com.android.chrome:privileged_process0/10190(31655): background->idle(3001ms) R(become invisible) adj=700.
10-10 11:53:26.056  1902  2620 I SmartPower: com.android.chrome/10190(31210): background->idle(3001ms) R(become invisible) adj=700.
10-10 11:53:26.062  1902  2620 I SmartPower: com.google.android.adservices.api/10307(31554): background->idle(111101ms) R(adj below visible) adj=100.
10-10 11:53:26.187  1902  1917 W MIUIInput: Input event injection from package: null action ACTION_DOWN
10-10 11:53:26.201  1902  1917 W MIUIInput: Input event injection from package: null action ACTION_UP
10-10 11:53:26.221  1902  1917 I InputMethodManagerService: IMMS.showCurrentInputLocked(), flags = 1
10-10 11:53:26.221  1902  1917 D SmartPower: com.google.android.inputmethod.latin/10196(22721): show input method
10-10 11:53:26.221  1902  1917 I DefaultImeVisibilityApplier: IMMS.showCurrentInputLocked request ims to show inputMethod.
10-10 11:53:26.256  1902  1917 W PackageConfigPersister: App-specific configuration not found for packageName: eu.europa.ec.euidi and userId: 0
10-10 11:53:26.256  1902  1917 I InputMethodManagerService: IMMS.showSoftInput(), client = com.android.internal.inputmethod.IInputMethodClient$Stub$Proxy@efa7f61
10-10 11:53:26.256  1902  1917 I InputMethodManagerService: IMMS.showCurrentInputLocked(), flags = 0
10-10 11:53:26.256  1902  1917 D SmartPower: com.google.android.inputmethod.latin/10196(22721): show input method
10-10 11:53:26.256  1902  1917 I DefaultImeVisibilityApplier: IMMS.showCurrentInputLocked request ims to show inputMethod.
10-10 11:53:26.277  1902 23267 I InputMethodManagerService: IMMS.applyImeVisibility(), setVisible = true, mCurclient = ClientState{427c948 mUid=10390 mPid=3970 mSelfReportedDisplayId=0}
10-10 11:53:26.277  1902 23267 I WindowManager: WMS.showImePostLayout(), imeTarget = Window{3cfdc32 u0 eu.europa.ec.euidi/eu.europa.ec.assemblylogic.ui.MainActivity}
10-10 11:53:26.279  1902  1939 I ImeInsetsSourceProvider: ImeInsetsSourceProvider.scheduleShowImePostLayout() Run showImeRunner.
10-10 11:53:26.279  1902  1939 I ImeInsetsSourceProvider: ImeInsetsSourceProvider.scheduleShowImePostLayout() isReadyToShowIme.
10-10 11:53:26.282  1902  1917 I InputMethodManagerService: IMMS.applyImeVisibility(), setVisible = true, mCurclient = ClientState{427c948 mUid=10390 mPid=3970 mSelfReportedDisplayId=0}
10-10 11:53:26.282  1902  1917 I WindowManager: WMS.showImePostLayout(), imeTarget = Window{3cfdc32 u0 eu.europa.ec.euidi/eu.europa.ec.assemblylogic.ui.MainActivity}
10-10 11:53:26.285  2983  3075 D OneHandedController: stopOneHanded state is 0
10-10 11:53:26.287  1902  1939 I ImeInsetsSourceProvider: ImeInsetsSourceProvider.scheduleShowImePostLayout() Run showImeRunner.
10-10 11:53:26.287  1902  1939 I ImeInsetsSourceProvider: ImeInsetsSourceProvider.scheduleShowImePostLayout() isReadyToShowIme.
10-10 11:53:26.361  1902 23267 D WindowManagerService: checkFlipFullScreenChange is same, nowIsFullScreen = false
10-10 11:53:26.367  1902 23267 I InputMethodManagerService: IMMS.showCurrentInputLocked(), flags = 1
10-10 11:53:26.367  1902 23267 D SmartPower: com.google.android.inputmethod.latin/10196(22721): show input method
10-10 11:53:26.367  1902 23267 I DefaultImeVisibilityApplier: IMMS.showCurrentInputLocked request ims to show inputMethod.
10-10 11:53:26.369  1902  1917 W PackageConfigPersister: App-specific configuration not found for packageName: eu.europa.ec.euidi and userId: 0
10-10 11:53:26.372  1902  1917 I InputMethodManagerService: IMMS.showSoftInput(), client = com.android.internal.inputmethod.IInputMethodClient$Stub$Proxy@af352e0
10-10 11:53:26.372  1902  1917 I InputMethodManagerService: IMMS.showCurrentInputLocked(), flags = 0
10-10 11:53:26.372  1902  1917 D SmartPower: com.google.android.inputmethod.latin/10196(22721): show input method
10-10 11:53:26.372  1902  1917 I DefaultImeVisibilityApplier: IMMS.showCurrentInputLocked request ims to show inputMethod.
10-10 11:53:26.388  1902  1917 I InputMethodManagerService: IMMS.applyImeVisibility(), setVisible = true, mCurclient = ClientState{427c948 mUid=10390 mPid=3970 mSelfReportedDisplayId=0}
10-10 11:53:26.388  1902  1917 I WindowManager: WMS.showImePostLayout(), imeTarget = Window{3cfdc32 u0 eu.europa.ec.euidi/eu.europa.ec.assemblylogic.ui.MainActivity}
10-10 11:53:26.390  1902  1939 I ImeInsetsSourceProvider: ImeInsetsSourceProvider.scheduleShowImePostLayout() Run showImeRunner.
10-10 11:53:26.390  1902  1939 I ImeInsetsSourceProvider: ImeInsetsSourceProvider.scheduleShowImePostLayout() isReadyToShowIme.
10-10 11:53:26.394  2983  3075 D OneHandedController: stopOneHanded state is 0
10-10 11:53:26.399  1902 23265 I InputMethodManagerService: IMMS.applyImeVisibility(), setVisible = true, mCurclient = ClientState{427c948 mUid=10390 mPid=3970 mSelfReportedDisplayId=0}
10-10 11:53:26.400  1902 23265 I WindowManager: WMS.showImePostLayout(), imeTarget = Window{3cfdc32 u0 eu.europa.ec.euidi/eu.europa.ec.assemblylogic.ui.MainActivity}
10-10 11:53:26.402  2983  3075 D OneHandedController: stopOneHanded state is 0
10-10 11:53:26.402  1902  1939 I ImeInsetsSourceProvider: ImeInsetsSourceProvider.scheduleShowImePostLayout() Run showImeRunner.
10-10 11:53:26.402  1902  1939 I ImeInsetsSourceProvider: ImeInsetsSourceProvider.scheduleShowImePostLayout() isReadyToShowIme.
10-10 11:53:26.471  1902 23265 D WindowManagerService: checkFlipFullScreenChange is same, nowIsFullScreen = false
10-10 11:53:26.482  1902 23265 I InputMethodManagerService: IMMS.showCurrentInputLocked(), flags = 1
10-10 11:53:26.482  1902 23265 D SmartPower: com.google.android.inputmethod.latin/10196(22721): show input method
10-10 11:53:26.482  1902 23265 I DefaultImeVisibilityApplier: IMMS.showCurrentInputLocked request ims to show inputMethod.
10-10 11:53:26.484  1902 23265 W PackageConfigPersister: App-specific configuration not found for packageName: eu.europa.ec.euidi and userId: 0
10-10 11:53:26.492  1902 23265 I InputMethodManagerService: IMMS.showSoftInput(), client = com.android.internal.inputmethod.IInputMethodClient$Stub$Proxy@7d45655
10-10 11:53:26.492  1902 23265 I InputMethodManagerService: IMMS.showCurrentInputLocked(), flags = 0
10-10 11:53:26.492  1902 23265 D SmartPower: com.google.android.inputmethod.latin/10196(22721): show input method
10-10 11:53:26.492  1902 23265 I DefaultImeVisibilityApplier: IMMS.showCurrentInputLocked request ims to show inputMethod.
10-10 11:53:26.508  1902 23266 I InputMethodManagerService: IMMS.applyImeVisibility(), setVisible = true, mCurclient = ClientState{427c948 mUid=10390 mPid=3970 mSelfReportedDisplayId=0}
10-10 11:53:26.508  1902 23266 I WindowManager: WMS.showImePostLayout(), imeTarget = Window{3cfdc32 u0 eu.europa.ec.euidi/eu.europa.ec.assemblylogic.ui.MainActivity}
10-10 11:53:26.510  1902  1939 I ImeInsetsSourceProvider: ImeInsetsSourceProvider.scheduleShowImePostLayout() Run showImeRunner.
10-10 11:53:26.510  1902  1939 I ImeInsetsSourceProvider: ImeInsetsSourceProvider.scheduleShowImePostLayout() isReadyToShowIme.
10-10 11:53:26.514  1902 23265 I InputMethodManagerService: IMMS.applyImeVisibility(), setVisible = true, mCurclient = ClientState{427c948 mUid=10390 mPid=3970 mSelfReportedDisplayId=0}
10-10 11:53:26.514  1902 23265 I WindowManager: WMS.showImePostLayout(), imeTarget = Window{3cfdc32 u0 eu.europa.ec.euidi/eu.europa.ec.assemblylogic.ui.MainActivity}
10-10 11:53:26.516  1902  1939 I ImeInsetsSourceProvider: ImeInsetsSourceProvider.scheduleShowImePostLayout() Run showImeRunner.
10-10 11:53:26.516  1902  1939 I ImeInsetsSourceProvider: ImeInsetsSourceProvider.scheduleShowImePostLayout() isReadyToShowIme.
10-10 11:53:26.517  2983  3075 D OneHandedController: stopOneHanded state is 0
10-10 11:53:26.520  2983  3075 D OneHandedController: stopOneHanded state is 0
10-10 11:53:26.592  1902  1917 D WindowManagerService: checkFlipFullScreenChange is same, nowIsFullScreen = false
10-10 11:53:26.600  1902  1917 I InputMethodManagerService: IMMS.showCurrentInputLocked(), flags = 1
10-10 11:53:26.600  1902  1917 D SmartPower: com.google.android.inputmethod.latin/10196(22721): show input method
10-10 11:53:26.600  1902  1917 I DefaultImeVisibilityApplier: IMMS.showCurrentInputLocked request ims to show inputMethod.
10-10 11:53:26.602  1902 23266 W PackageConfigPersister: App-specific configuration not found for packageName: eu.europa.ec.euidi and userId: 0
10-10 11:53:26.608  1902 23266 I InputMethodManagerService: IMMS.showSoftInput(), client = com.android.internal.inputmethod.IInputMethodClient$Stub$Proxy@6001136
10-10 11:53:26.608  1902 23266 I InputMethodManagerService: IMMS.showCurrentInputLocked(), flags = 0
10-10 11:53:26.608  1902 23266 D SmartPower: com.google.android.inputmethod.latin/10196(22721): show input method
10-10 11:53:26.608  1902 23266 I DefaultImeVisibilityApplier: IMMS.showCurrentInputLocked request ims to show inputMethod.
10-10 11:53:26.624  1902  1917 I InputMethodManagerService: IMMS.applyImeVisibility(), setVisible = true, mCurclient = ClientState{427c948 mUid=10390 mPid=3970 mSelfReportedDisplayId=0}
10-10 11:53:26.624  1902  1917 I WindowManager: WMS.showImePostLayout(), imeTarget = Window{3cfdc32 u0 eu.europa.ec.euidi/eu.europa.ec.assemblylogic.ui.MainActivity}
10-10 11:53:26.626  1902  1939 I ImeInsetsSourceProvider: ImeInsetsSourceProvider.scheduleShowImePostLayout() Run showImeRunner.
10-10 11:53:26.626  1902  1939 I ImeInsetsSourceProvider: ImeInsetsSourceProvider.scheduleShowImePostLayout() isReadyToShowIme.
10-10 11:53:26.628  1902  1917 I InputMethodManagerService: IMMS.applyImeVisibility(), setVisible = true, mCurclient = ClientState{427c948 mUid=10390 mPid=3970 mSelfReportedDisplayId=0}
10-10 11:53:26.628  1902  1917 I WindowManager: WMS.showImePostLayout(), imeTarget = Window{3cfdc32 u0 eu.europa.ec.euidi/eu.europa.ec.assemblylogic.ui.MainActivity}
10-10 11:53:26.629  2983  3075 D OneHandedController: stopOneHanded state is 0
10-10 11:53:26.630  1902  1939 I ImeInsetsSourceProvider: ImeInsetsSourceProvider.scheduleShowImePostLayout() Run showImeRunner.
10-10 11:53:26.630  1902  1939 I ImeInsetsSourceProvider: ImeInsetsSourceProvider.scheduleShowImePostLayout() isReadyToShowIme.
10-10 11:53:26.632  2983  3075 D OneHandedController: stopOneHanded state is 0
10-10 11:53:26.706  1902 23266 D WindowManagerService: checkFlipFullScreenChange is same, nowIsFullScreen = false
10-10 11:53:26.713  1902 23266 I InputMethodManagerService: IMMS.showCurrentInputLocked(), flags = 1
10-10 11:53:26.713  1902 23266 D SmartPower: com.google.android.inputmethod.latin/10196(22721): show input method
10-10 11:53:26.714  1902 23266 I DefaultImeVisibilityApplier: IMMS.showCurrentInputLocked request ims to show inputMethod.
10-10 11:53:26.717  1902  2771 W PackageConfigPersister: App-specific configuration not found for packageName: eu.europa.ec.euidi and userId: 0
10-10 11:53:26.720  1902  2771 I InputMethodManagerService: IMMS.showSoftInput(), client = com.android.internal.inputmethod.IInputMethodClient$Stub$Proxy@57be0d3
10-10 11:53:26.720  1902  2771 I InputMethodManagerService: IMMS.showCurrentInputLocked(), flags = 0
10-10 11:53:26.720  1902  2771 D SmartPower: com.google.android.inputmethod.latin/10196(22721): show input method
10-10 11:53:26.720  1902  2771 I DefaultImeVisibilityApplier: IMMS.showCurrentInputLocked request ims to show inputMethod.
10-10 11:53:26.737  1902  1917 I InputMethodManagerService: IMMS.applyImeVisibility(), setVisible = true, mCurclient = ClientState{427c948 mUid=10390 mPid=3970 mSelfReportedDisplayId=0}
10-10 11:53:26.738  1902  1917 I WindowManager: WMS.showImePostLayout(), imeTarget = Window{3cfdc32 u0 eu.europa.ec.euidi/eu.europa.ec.assemblylogic.ui.MainActivity}
10-10 11:53:26.739  1902  1939 I ImeInsetsSourceProvider: ImeInsetsSourceProvider.scheduleShowImePostLayout() Run showImeRunner.
10-10 11:53:26.739  1902  1939 I ImeInsetsSourceProvider: ImeInsetsSourceProvider.scheduleShowImePostLayout() isReadyToShowIme.
10-10 11:53:26.741  2983  3075 D OneHandedController: stopOneHanded state is 0
10-10 11:53:26.747  1902  2771 I InputMethodManagerService: IMMS.applyImeVisibility(), setVisible = true, mCurclient = ClientState{427c948 mUid=10390 mPid=3970 mSelfReportedDisplayId=0}
10-10 11:53:26.747  1902  2771 I WindowManager: WMS.showImePostLayout(), imeTarget = Window{3cfdc32 u0 eu.europa.ec.euidi/eu.europa.ec.assemblylogic.ui.MainActivity}
10-10 11:53:26.748  1902  1939 I ImeInsetsSourceProvider: ImeInsetsSourceProvider.scheduleShowImePostLayout() Run showImeRunner.
10-10 11:53:26.748  1902  1939 I ImeInsetsSourceProvider: ImeInsetsSourceProvider.scheduleShowImePostLayout() isReadyToShowIme.
10-10 11:53:26.751  2983  3075 D OneHandedController: stopOneHanded state is 0
10-10 11:53:26.824  1902  2771 D WindowManagerService: checkFlipFullScreenChange is same, nowIsFullScreen = false
10-10 11:53:26.839  1902  2771 I InputMethodManagerService: IMMS.showCurrentInputLocked(), flags = 1
10-10 11:53:26.839  1902  2771 D SmartPower: com.google.android.inputmethod.latin/10196(22721): show input method
10-10 11:53:26.839  1902  2771 I DefaultImeVisibilityApplier: IMMS.showCurrentInputLocked request ims to show inputMethod.
10-10 11:53:26.841  1902 23265 W PackageConfigPersister: App-specific configuration not found for packageName: eu.europa.ec.euidi and userId: 0
10-10 11:53:26.848  1902 22706 I InputMethodManagerService: IMMS.showSoftInput(), client = com.android.internal.inputmethod.IInputMethodClient$Stub$Proxy@91d813c
10-10 11:53:26.848  1902 22706 I InputMethodManagerService: IMMS.showCurrentInputLocked(), flags = 0
10-10 11:53:26.848  1902 22706 D SmartPower: com.google.android.inputmethod.latin/10196(22721): show input method
10-10 11:53:26.848  1902 22706 I DefaultImeVisibilityApplier: IMMS.showCurrentInputLocked request ims to show inputMethod.
10-10 11:53:26.875  1902 23265 I InputMethodManagerService: IMMS.applyImeVisibility(), setVisible = true, mCurclient = ClientState{427c948 mUid=10390 mPid=3970 mSelfReportedDisplayId=0}
10-10 11:53:26.875  1902 23265 I WindowManager: WMS.showImePostLayout(), imeTarget = Window{3cfdc32 u0 eu.europa.ec.euidi/eu.europa.ec.assemblylogic.ui.MainActivity}
10-10 11:53:26.876  1902  1939 I ImeInsetsSourceProvider: ImeInsetsSourceProvider.scheduleShowImePostLayout() Run showImeRunner.
10-10 11:53:26.877  1902  1939 I ImeInsetsSourceProvider: ImeInsetsSourceProvider.scheduleShowImePostLayout() isReadyToShowIme.
10-10 11:53:26.879  1902 23265 I InputMethodManagerService: IMMS.applyImeVisibility(), setVisible = true, mCurclient = ClientState{427c948 mUid=10390 mPid=3970 mSelfReportedDisplayId=0}
10-10 11:53:26.879  1902 23265 I WindowManager: WMS.showImePostLayout(), imeTarget = Window{3cfdc32 u0 eu.europa.ec.euidi/eu.europa.ec.assemblylogic.ui.MainActivity}
10-10 11:53:26.879  2983  3075 D OneHandedController: stopOneHanded state is 0
10-10 11:53:26.881  1902  1939 I ImeInsetsSourceProvider: ImeInsetsSourceProvider.scheduleShowImePostLayout() Run showImeRunner.
10-10 11:53:26.881  1902  1939 I ImeInsetsSourceProvider: ImeInsetsSourceProvider.scheduleShowImePostLayout() isReadyToShowIme.
10-10 11:53:26.882  2983  3075 D OneHandedController: stopOneHanded state is 0
10-10 11:53:26.982  1902 23266 D WindowManagerService: checkFlipFullScreenChange is same, nowIsFullScreen = false
10-10 11:53:27.071  1556  1556 I wificond: station_bandwidth: 
10-10 11:53:27.118  1902 22706 W MIUIInput: Input event injection from package: null action ACTION_DOWN
10-10 11:53:27.122  1902 22706 W MIUIInput: Input event injection from package: null action ACTION_UP
10-10 11:53:27.274  1902  2771 I InputMethodManagerService: IMMS.applyImeVisibility(), setVisible = false, mCurclient = ClientState{427c948 mUid=10390 mPid=3970 mSelfReportedDisplayId=0}
10-10 11:53:27.276  2983  3075 D MiuiFreeformModeController: avoidForInsetsBottomChangedIfNeed oldMoveableBottom: 2270 newMoveableBounds: 2270
10-10 11:53:27.276  2983  3075 D ImePositionProcessor: onImeVisibilityChanged     isShowing:  false
10-10 11:53:27.278  1902  1939 I WindowManager: input method visible height changed 0
10-10 11:53:27.278  1902  2338 I ITouchFeature: current device and process support version:2
10-10 11:53:27.280  2983  3075 D MiuiFreeformModeController: onImeVisibilityChanged imeVisible: false imeHeight: 0 adjustedForRotation:false
10-10 11:53:27.280  2983  3075 D MiuiFreeformModeAvoidAlgorithm: begin autoOrderingAvoidMiniTask
10-10 11:53:27.280  2983  3075 D MiuiFreeformModeAvoidAlgorithm: getCurrMiniPos: SameSideMiniPosList: []
10-10 11:53:27.280  2983  3075 D MiuiFreeformModeAvoidAlgorithm: getCurrMiniPos: SameSideMiniPosList: []
10-10 11:53:27.280  2983  3075 D MiuiFreeformModeAvoidAlgorithm: end autoOrderingAvoidMiniTask res:AvoidResult{distance=0, combination={}, activeTaskPos=Rect(0, 0 - 0, 0)}
10-10 11:53:27.287  1902 23265 W PackageConfigPersister: App-specific configuration not found for packageName: eu.europa.ec.euidi and userId: 0
10-10 11:53:27.291  1902 23265 D CoreBackPreview: Window{3cfdc32 u0 eu.europa.ec.euidi/eu.europa.ec.assemblylogic.ui.MainActivity}: Setting back callback OnBackInvokedCallbackInfo{mCallback=android.window.IOnBackInvokedCallback$Stub$Proxy@a4d33e6, mPriority=0, mIsAnimationCallback=false}
10-10 11:53:27.319  1902  2323 W ProcessStats: Tracking association SourceState{b813b1d com.miui.securitycenter.remote/1000 Fgs #342336} whose proc state 3 is better than process ProcessState{3bbc40b com.miui.analytics/10101 pkg=com.miui.analytics} proc state 5 (207 skipped)
10-10 11:53:27.456  1902  1947 D HeapUsage Monitor: HeapAllocSize : 81MB; monitorSize : 500MB
10-10 11:53:27.797  1902 23265 I SmartPower: com.google.android.inputmethod.latin/10196(22721): visible->invisible(2618ms) R(become invisible) adj=100.
10-10 11:53:27.797  1902 23265 I SmartPower: com.google.android.inputmethod.latin/10196(22721): invisible->background(1ms) R(become background) adj=100.
10-10 11:53:27.802  2983  3075 D MiuiFreeformModeController: avoidForInsetsBottomChangedIfNeed oldMoveableBottom: 2270 newMoveableBounds: 2270
10-10 11:53:27.811  2983  3075 D MiuiFreeformModeController: avoidForInsetsBottomChangedIfNeed oldMoveableBottom: 2270 newMoveableBounds: 2270
10-10 11:53:27.913  1902  2620 I SmartPower: com.android.chrome:sandboxed_process0:org.chromium.content.app.SandboxedProcessSerbackground->idle(112952ms) R(adj below visible) adj=700.
10-10 11:53:28.052  1902 23265 W MIUIInput: Input event injection from package: null action ACTION_DOWN
10-10 11:53:28.056  1902 23265 W MIUIInput: Input event injection from package: null action ACTION_UP
10-10 11:53:28.072  1902 22706 D CompatibilityChangeReporter: Compat change id reported: 161145287; UID 10390; state: ENABLED
10-10 11:53:28.882  1902  1990 W PackageSettings: Couldn't write -1 to /config/sdcardfs/com.google.android.devicelock/appid
10-10 11:53:28.887  1902  1990 W PackageSettings: Couldn't write -1 to /config/sdcardfs/com.google.android.tzdata5/appid
10-10 11:53:28.890  1902  1990 W PackageSettings: Couldn't write -1 to /config/sdcardfs/com.google.android.ondevicepersonalization/appid
10-10 11:53:28.895  1902  1990 W PackageSettings: Couldn't write -1 to /config/sdcardfs/com.google.android.media.swcodec/appid
10-10 11:53:28.898  1902  1990 W PackageSettings: Couldn't write -1 to /config/sdcardfs/com.google.android.os.statsd/appid
10-10 11:53:28.899  1902  1990 W PackageSettings: Couldn't write -1 to /config/sdcardfs/com.google.mainline.primary.libs/appid
10-10 11:53:28.904  1902  1990 W PackageSettings: Couldn't write -1 to /config/sdcardfs/com.google.android.extservices/appid
10-10 11:53:28.906  1902  1990 W PackageSettings: Couldn't write -1 to /config/sdcardfs/com.android.uwb/appid
10-10 11:53:28.908  1902  1990 W PackageSettings: Couldn't write -1 to /config/sdcardfs/com.android.btservices/appid
10-10 11:53:28.908  1902  1990 W PackageSettings: Couldn't write -1 to /config/sdcardfs/com.google.android.healthfitness/appid
10-10 11:53:28.912  1902  1990 W PackageSettings: Couldn't write -1 to /config/sdcardfs/com.google.android.ipsec/appid
10-10 11:53:28.912  1902  1990 W PackageSettings: Couldn't write -1 to /config/sdcardfs/com.google.android.media/appid
10-10 11:53:28.914  1902  1990 W PackageSettings: Couldn't write -1 to /config/sdcardfs/com.android.i18n/appid
10-10 11:53:28.914  1902  1990 W PackageSettings: Couldn't write -1 to /config/sdcardfs/com.android.rkpd/appid
10-10 11:53:28.915  1902  1990 W PackageSettings: Couldn't write -1 to /config/sdcardfs/com.android.virt/appid
10-10 11:53:28.915  1902  1990 W PackageSettings: Couldn't write -1 to /config/sdcardfs/com.android.wifi/appid
10-10 11:53:28.916  1902  1990 W PackageSettings: Couldn't write -1 to /config/sdcardfs/com.google.android.appsearch/appid
10-10 11:53:28.917  1902  1990 W PackageSettings: Couldn't write -1 to /config/sdcardfs/com.google.android.configinfrastructure/appid
10-10 11:53:28.917  1902  1990 W PackageSettings: Couldn't write -1 to /config/sdcardfs/com.android.runtime/appid
10-10 11:53:28.918  1902  1990 W PackageSettings: Couldn't write -1 to /config/sdcardfs/com.google.android.cellbroadcast/appid
10-10 11:53:28.919  1902  1990 W PackageSettings: Couldn't write -1 to /config/sdcardfs/com.android.apex.cts.shim/appid
10-10 11:53:28.919  1902  1990 W PackageSettings: Couldn't write -1 to /config/sdcardfs/com.android.compos/appid
10-10 11:53:28.920  1902  1990 W PackageSettings: Couldn't write -1 to /config/sdcardfs/com.google.android.resolv/appid
10-10 11:53:28.920  1902  1990 W PackageSettings: Couldn't write -1 to /config/sdcardfs/com.google.android.sdkext/appid
10-10 11:53:28.920  1902  1990 W PackageSettings: Couldn't write -1 to /config/sdcardfs/com.google.android.art/appid
10-10 11:53:28.924  1902  1990 W PackageSettings: Couldn't write -1 to /config/sdcardfs/com.google.android.adservices/appid
10-10 11:53:28.927  1902  1990 W PackageSettings: Couldn't write -1 to /config/sdcardfs/com.google.android.scheduling/appid
10-10 11:53:28.927  1902  1990 W PackageSettings: Couldn't write -1 to /config/sdcardfs/com.google.android.mediaprovider/appid
10-10 11:53:28.928  1902  1990 W PackageSettings: Couldn't write -1 to /config/sdcardfs/com.google.android.permission/appid
10-10 11:53:28.929  1902  1990 W PackageSettings: Couldn't write -1 to /config/sdcardfs/com.android.vndk.v30/appid
10-10 11:53:28.929  1902  1990 W PackageSettings: Couldn't write -1 to /config/sdcardfs/com.android.vndk.v31/appid
10-10 11:53:28.929  1902  1990 W PackageSettings: Couldn't write -1 to /config/sdcardfs/com.android.vndk.v33/appid
10-10 11:53:28.929  1902  1990 W PackageSettings: Couldn't write -1 to /config/sdcardfs/com.android.vndk.v34/appid
10-10 11:53:28.932  1902  1990 W PackageSettings: Couldn't write -1 to /config/sdcardfs/com.google.android.neuralnetworks/appid
10-10 11:53:28.932  1902  1990 W PackageSettings: Couldn't write -1 to /config/sdcardfs/com.google.android.tethering/appid
10-10 11:53:28.933  1902  1990 W PackageSettings: Couldn't write -1 to /config/sdcardfs/com.google.android.adbd/appid
10-10 11:53:28.933  1902  1990 W PackageSettings: Couldn't write -1 to /config/sdcardfs/com.google.android.conscrypt/appid
10-10 11:53:29.061  1902  2620 I SmartPower: com.android.chrome:sandboxed_process0:org.chromium.content.app.SandboxedProcessSerbackground->idle(114101ms) R(remove from whitelist) adj=700.
10-10 11:53:29.061  1902  2620 I SmartPower: com.android.chrome:sandboxed_process0:org.chromium.content.app.SandboxedProcessSerbackground->idle(114101ms) R(remove from whitelist) adj=700.
10-10 11:53:29.408  1902  1917 W MIUIInput: Input event injection from package: null action ACTION_DOWN
10-10 11:53:29.413  1902  1917 W MIUIInput: Input event injection from package: null action ACTION_UP
10-10 11:53:30.086  1556  1556 I wificond: station_bandwidth: 
10-10 11:53:30.199  1902  1985 D PermissionManager: writeLegacyPermissionState for user  in 51 ms.
10-10 11:53:30.234  1902 23268 D CompatibilityChangeReporter: Compat change id reported: 265464455; UID 10190; state: DISABLED
10-10 11:53:30.235  1902 23268 D CompatibilityChangeReporter: Compat change id reported: 265452344; UID 10190; state: DISABLED
10-10 11:53:30.236  1902 23268 D CompatibilityChangeReporter: Compat change id reported: 266124927; UID 10190; state: DISABLED
10-10 11:53:30.236  1902 23268 D CompatibilityChangeReporter: Compat change id reported: 265451093; UID 10190; state: DISABLED
10-10 11:53:30.237  1902 23268 D CompatibilityChangeReporter: Compat change id reported: 265456536; UID 10190; state: DISABLED
10-10 11:53:30.237  1902 23268 D CompatibilityChangeReporter: Compat change id reported: 255940284; UID 10190; state: DISABLED
10-10 11:53:30.237  1902 23268 D CompatibilityChangeReporter: Compat change id reported: 236283604; UID 10190; state: DISABLED
10-10 11:53:30.237  1902 23268 D CompatibilityChangeReporter: Compat change id reported: 263959004; UID 10190; state: DISABLED
10-10 11:53:30.238  1902 23268 D CompatibilityChangeReporter: Compat change id reported: 264304459; UID 10190; state: DISABLED
10-10 11:53:30.238  1902 23268 D CompatibilityChangeReporter: Compat change id reported: 264301586; UID 10190; state: DISABLED
10-10 11:53:30.238  1902 23268 D CompatibilityChangeReporter: Compat change id reported: 254631730; UID 10190; state: DISABLED
10-10 11:53:30.239  1902 23268 D CompatibilityChangeReporter: Compat change id reported: 273509367; UID 10190; state: DISABLED
10-10 11:53:30.239  1902 23268 D CompatibilityChangeReporter: Compat change id reported: 263259275; UID 10190; state: DISABLED
10-10 11:53:30.239  1902 23268 D CompatibilityChangeReporter: Compat change id reported: 174042980; UID 10190; state: DISABLED
10-10 11:53:30.239  1902 23268 D CompatibilityChangeReporter: Compat change id reported: 174042936; UID 10190; state: DISABLED
10-10 11:53:30.240  1902 23268 D CompatibilityChangeReporter: Compat change id reported: 181136395; UID 10190; state: DISABLED
10-10 11:53:30.241  1902 23268 D CompatibilityChangeReporter: Compat change id reported: 194480991; UID 10190; state: ENABLED
10-10 11:53:30.242  1902 23268 I SmartPower: com.android.chrome:privileged_process0/10190(31655): idle->invisible(4186ms) R(become foreground) adj=700.
10-10 11:53:30.243  1902 23268 I SmartPower: com.android.chrome/10190(31210): idle->invisible(4186ms) R(become foreground) adj=700.
10-10 11:53:30.244  1902 23268 D WindowManager: Collecting in transition 1026: ActivityRecord{4d86057 u0 com.android.chrome/com.google.android.apps.chrome.IntentDispatcher init visibleRequested:false
10-10 11:53:30.245  1902 23268 D MiuiFreeFormManagerService: activeOrFullscreenFreeformTaskIfNeed startDefaultAr:false
10-10 11:53:30.247  2983  3075 D OneHandedController: stopOneHanded state is 0
10-10 11:53:30.249  1902 23268 D WindowManager: setLockTaskAuth: task=Task{7c5b744 #445 type=standard I=com.android.chrome/com.google.android.apps.chrome.IntentDispatcher} mLockTaskAuth=LOCK_TASK_AUTH_PINNABLE
10-10 11:53:30.250  1902 23268 D WindowManager: Collecting in transition 1026: Task{7c5b744 #445 type=standard I=com.android.chrome/com.google.android.apps.chrome.IntentDispatcher} init visibleRequested:false
10-10 11:53:30.253  1902 23268 D CompatibilityChangeReporter: Compat change id reported: 184838306; UID 10190; state: DISABLED
10-10 11:53:30.253  1902 23268 D CompatibilityChangeReporter: Compat change id reported: 185004937; UID 10190; state: DISABLED
10-10 11:53:30.257  1902 23268 D WindowManager: setLockTaskAuth: task=Task{7c5b744 #445 type=standard I=com.android.chrome/com.google.android.apps.chrome.IntentDispatcher} mLockTaskAuth=LOCK_TASK_AUTH_PINNABLE
10-10 11:53:30.258  1902 23268 D MiuiFreeFormManagerService: onStartActivityInner as = Task{7c5b744 #445 type=standard I=com.android.chrome/com.google.android.apps.chrome.IntentDispatcher} op = null
10-10 11:53:30.259  1902 23268 D ActivityTaskManager: Task#startActivityLocked isOrhasTask=true newTask=true
10-10 11:53:30.260  1902 23268 D ActivityTaskManager: Not add starting window, the reason is: windowIsTranslucent = true  windowIsFloating = false  this = ActivityRecord{4d86057 u0 com.android.chrome/com.google.android.apps.chrome.IntentDispatcher t445}
10-10 11:53:30.262  1902 23268 D CompatibilityChangeReporter: Compat change id reported: 205907456; UID 10190; state: ENABLED
10-10 11:53:30.264  1902 23268 D WindowManager: Collecting in transition 1026: ActivityRecord{4d86057 u0 com.android.chrome/com.google.android.apps.chrome.IntentDispatcher t445} init visibleRequested:false
10-10 11:53:30.264  1902 23268 D WindowManager: Requesting StartTransition: TransitionRecord{53b2962 id=1026 type=OPEN flags=0x0}
10-10 11:53:30.264  1902 23268 I ActivityTaskManager: START u0 {act=android.intent.action.VIEW dat=https://issuer.eudiw.dev/... flg=0x10000000 cmp=com.android.chrome/com.google.android.apps.chrome.IntentDispatcher} with LAUNCH_MULTIPLE from uid 10390 (BAL_ALLOW_VISIBLE_WINDOW) result code=0
10-10 11:53:30.267  2983  3075 I SoScUtils: monitorTransitionRequest mRequestOpenTransition:null mRequestOpenTriggerTask:-1 mRequestCloseTransition:null mRequestCloseTriggerTask:-1 mRequestCloseStageType:-1
10-10 11:53:30.269  1902  2774 D WindowManager: Set transition=TransitionRecord{53b2962 id=1026 type=OPEN flags=0x0}, ready=false, SyncId=1026 used=true, override=false, defer=0, states=Display{#0 state=ON size=1080x2400 ROTATION_0}:false
10-10 11:53:30.269  2983  3075 D OneHandedController: stopOneHanded state is 0
10-10 11:53:30.269  2983  3075 D OneHandedController: stopOneHanded state is 0
10-10 11:53:30.274  1902  3317 D WindowManager: Collecting in transition 1026: ActivityRecord{4d86057 u0 com.android.chrome/com.google.android.apps.chrome.IntentDispatcher t445} init visibleRequested:false
10-10 11:53:30.276  1902  3317 D WindowManager: Collecting in transition 1026: ActivityRecord{4d86057 u0 com.android.chrome/com.google.android.apps.chrome.IntentDispatcher t445} init visibleRequested:true
10-10 11:53:30.277  1902  3317 D WindowManagerService: checkFlipFullScreenChange is same, nowIsFullScreen = false
10-10 11:53:30.278  1902  3317 W WindowManager: Changing focus from Window{3cfdc32 u0 eu.europa.ec.euidi/eu.europa.ec.assemblylogic.ui.MainActivity} to null displayId=0 Callers=com.android.server.wm.RootWindowContainer.updateFocusedWindowLocked:557 com.android.server.wm.WindowManagerService.updateFocusedWindowLocked:6962 com.android.server.wm.ActivityTaskManagerService.setLastResumedActivityUncheckLocked:5565 com.android.server.wm.ActivityTaskSupervisor.updateTopResumedActivityIfNeeded:2557 
10-10 11:53:30.279  1902  3317 D WindowManager: wms.Input focus has changed to null display=0 updateInputWindows = true
10-10 11:53:30.279  1902  3317 I MultiSenceManagerInternalStub: getInstance
10-10 11:53:30.282  1902  3317 D WindowManager: Collecting in transition 1026: ActivityRecord{4d86057 u0 com.android.chrome/com.google.android.apps.chrome.IntentDispatcher t445} init visibleRequested:true
10-10 11:53:30.283  1902  3317 D WindowManager: Set transition=TransitionRecord{53b2962 id=1026 type=OPEN flags=0x0}, ready=true, SyncId=1026 
10-10 11:53:30.286  1902  3317 D CompatibilityChangeReporter: Compat change id reported: 197654537; UID 10390; state: ENABLED
10-10 11:53:30.287  1902  3317 I BLASTSyncEngine: SyncGroup 1026:  Unfinished container:Task{7c5b744 #445 type=standard I=com.android.chrome/com.google.android.apps.chrome.IntentDispatcher}
10-10 11:53:30.287  1902  3317 I BLASTSyncEngine: isActivitySyncFinished isSyncFinished false Task{7c5b744 #445 type=standard I=com.android.chrome/com.google.android.apps.chrome.IntentDispatcher}
10-10 11:53:30.287  2983  3075 D MiuiFullScreenTaskRepository: removeFocusedTask displayId=0
10-10 11:53:30.287  2983  3075 D MiuiFullScreenTaskRepository: addOrUpdateFullScreenTaskInfo taskId=444, topActivity=ComponentInfo{eu.europa.ec.euidi/eu.europa.ec.assemblylogic.ui.MainActivity}
10-10 11:53:30.293  1902  1936 E MBrainLocalService: MBrainJava launch failed: SecurityException
10-10 11:53:30.293  1902 23268 D PerfShielderService: eu.europa.ec.euidi|eu.europa.ec.euidi/eu.europa.ec.assemblylogic.ui.MainActivity|127|113446264339530|124|5|2
10-10 11:53:30.295 22071 27042 W MiuiPerfServiceClient: interceptAndQueuing:3970|eu.europa.ec.euidi|127|124|113446264339530|Slow issue draw commands|2
10-10 11:53:30.296  1902  1936 D Aurogon :  uid = 10190 switch to FG
10-10 11:53:30.304  1902  1936 E MBrainLocalService: MBrainJava launch failed: SecurityException
10-10 11:53:30.317  1902  2771 D CompatibilityChangeReporter: Compat change id reported: 259743961; UID 10190; state: ENABLED
10-10 11:53:30.319  1902  2771 D WindowManager: Collecting in transition 1026: ActivityRecord{61cc3f8 u0 com.android.chrome/org.chromium.chrome.browser.ChromeTabbedActivity init visibleRequested:false
10-10 11:53:30.319  1902  2771 D MiuiFreeFormManagerService: activeOrFullscreenFreeformTaskIfNeed startDefaultAr:false
10-10 11:53:30.319  1902  2771 D MiuiFreeFormManagerService: onStartActivityInner as = Task{702289c #436 type=standard A=10190:com.android.chrome} op = null
10-10 11:53:30.320  1902  2771 D WindowManagerService: checkFlipFullScreenChange is same, nowIsFullScreen = false
10-10 11:53:30.321  1902  2771 D WindowManager: setLockTaskAuth: task=Task{702289c #436 type=standard A=10190:com.android.chrome} mLockTaskAuth=LOCK_TASK_AUTH_PINNABLE
10-10 11:53:30.323  1902  2771 D WindowManager: Set transition=TransitionRecord{53b2962 id=1026 type=OPEN flags=0x0}, ready=false, SyncId=1026 used=true, override=false, defer=0, states=Display{#0 state=ON size=1080x2400 ROTATION_0}:false
10-10 11:53:30.323  1902  2771 D WindowManager: Collecting in transition 1026: ActivityRecord{61cc3f8 u0 com.android.chrome/org.chromium.chrome.browser.ChromeTabbedActivity t-1} init visibleRequested:false
10-10 11:53:30.323  1902  2771 D WindowManager: Set transition=TransitionRecord{53b2962 id=1026 type=OPEN flags=0x0}, ready=false, SyncId=1026 used=true, override=false, defer=0, states=Display{#0 state=ON size=1080x2400 ROTATION_0}:false
