10-10 11:53:20.532  1902 23267 I AppsFilter: interaction: PackageSetting{4e66de7 io.appium.uiautomator2.server/10378} -> PackageSetting{e9c8310 com.google.android.documentsui/10068} BLOCKED
10-10 11:53:20.532  1902 23267 I AppsFilter: interaction: PackageSetting{4e66de7 io.appium.uiautomator2.server/10378} -> PackageSetting{7844c1d com.miui.permissioncontroller.overlay/10219} BLOCKED
10-10 11:53:20.532  1902 23267 I AppsFilter: interaction: PackageSetting{4e66de7 io.appium.uiautomator2.server/10378} -> PackageSetting{6f2de09 com.google.android.accessibility.switchaccess/10331} BLOCKED
10-10 11:53:20.532  1902 23267 I AppsFilter: interaction: PackageSetting{4e66de7 io.appium.uiautomator2.server/10378} -> PackageSetting{905780e com.android.providers.partnerbookmarks/10142} BLOCKED
10-10 11:53:20.532  1902 23267 I AppsFilter: interaction: PackageSetting{4e66de7 io.appium.uiautomator2.server/10378} -> PackageSetting{abc922f com.miui.calculator/10244} BLOCKED
10-10 11:53:20.532  1902 23267 I AppsFilter: interaction: PackageSetting{4e66de7 io.appium.uiautomator2.server/10378} -> PackageSetting{62ec03c com.android.wallpaper.livepicker/10114} BLOCKED
10-10 11:53:20.532  1902 23267 I AppsFilter: interaction: PackageSetting{4e66de7 io.appium.uiautomator2.server/10378} -> PackageSetting{ae251c5 com.android.apps.tag/10090} BLOCKED
10-10 11:53:20.532  1902 23267 I AppsFilter: interaction: PackageSetting{4e66de7 io.appium.uiautomator2.server/10378} -> PackageSetting{aa5071a com.android.imsserviceentitlement/10300} BLOCKED
10-10 11:53:20.532  1902 23267 I AppsFilter: interaction: PackageSetting{4e66de7 io.appium.uiautomator2.server/10378} -> PackageSetting{88a224b com.facebook.system/10093} BLOCKED
10-10 11:53:20.532  1902 23267 I AppsFilter: interaction: PackageSetting{4e66de7 io.appium.uiautomator2.server/10378} -> PackageSetting{a45a428 com.google.android.healthconnect.controller/10338} BLOCKED
10-10 11:53:20.532  1902 23267 I AppsFilter: interaction: PackageSetting{4e66de7 io.appium.uiautomator2.server/10378} -> PackageSetting{69b4541 com.android.bookmarkprovider/10102} BLOCKED
10-10 11:53:20.532  1902 23267 I AppsFilter: interaction: PackageSetting{4e66de7 io.appium.uiautomator2.server/10378} -> PackageSetting{19d7ae8 com.miui.weather2/10228} BLOCKED
10-10 11:53:20.532  1902 23267 I AppsFilter: interaction: PackageSetting{4e66de7 io.appium.uiautomator2.server/10378} -> PackageSetting{7c7ae6 org.mipay.android.manager/10157} BLOCKED
10-10 11:53:20.532  1902 23267 I AppsFilter: interaction: PackageSetting{4e66de7 io.appium.uiautomator2.server/10378} -> PackageSetting{6569827 com.google.android.apps.healthdata/10299} BLOCKED
10-10 11:53:20.532  1902 23267 I AppsFilter: interaction: PackageSetting{4e66de7 io.appium.uiautomator2.server/10378} -> PackageSetting{cb42d82 com.google.android.projection.gearhead/10163} BLOCKED
10-10 11:53:20.532  1902 23267 I AppsFilter: interaction: PackageSetting{4e66de7 io.appium.uiautomator2.server/10378} -> PackageSetting{69c2dee eu.europa.ec.euidi/10390} BLOCKED
10-10 11:53:20.532  1902 23267 I AppsFilter: interaction: PackageSetting{4e66de7 io.appium.uiautomator2.server/10378} -> PackageSetting{a64dad4 com.xiaomi.scanner/10227} BLOCKED
10-10 11:53:20.532  1902 23267 I AppsFilter: interaction: PackageSetting{4e66de7 io.appium.uiautomator2.server/10378} -> PackageSetting{b95f47d com.google.android.apps.turbo/10180} BLOCKED
10-10 11:53:20.532  1902 23267 I AppsFilter: interaction: PackageSetting{4e66de7 io.appium.uiautomator2.server/10378} -> PackageSetting{5055f72 com.google.android.safetycore/10045} BLOCKED
10-10 11:53:20.532  1902 23267 I AppsFilter: interaction: PackageSetting{4e66de7 io.appium.uiautomator2.server/10378} -> PackageSetting{a8a8fc3 com.google.android.apps.chromecast.app/10260} BLOCKED
10-10 11:53:20.532  1902 23267 I AppsFilter: interaction: PackageSetting{4e66de7 io.appium.uiautomator2.server/10378} -> PackageSetting{3212c93 com.android.cts.ctsshim/10310} BLOCKED
10-10 11:53:20.532  1902 23267 I AppsFilter: interaction: PackageSetting{4e66de7 io.appium.uiautomator2.server/10378} -> PackageSetting{89ed040 com.miui.mediaeditor/10235} BLOCKED
10-10 11:53:20.532  1902 23267 I AppsFilter: interaction: PackageSetting{4e66de7 io.appium.uiautomator2.server/10378} -> PackageSetting{925b79 com.android.mdl.appreader/10274} BLOCKED
10-10 11:53:20.532  1902 23267 I AppsFilter: interaction: PackageSetting{4e66de7 io.appium.uiautomator2.server/10378} -> PackageSetting{ec600be com.miui.yellowpage/10077} BLOCKED
10-10 11:53:20.532  1902 23267 I AppsFilter: interaction: PackageSetting{4e66de7 io.appium.uiautomator2.server/10378} -> PackageSetting{f7c651f com.miui.accessibility/10122} BLOCKED
10-10 11:53:20.532  1902 23267 I AppsFilter: interaction: PackageSetting{4e66de7 io.appium.uiautomator2.server/10378} -> PackageSetting{1141c0b com.android.microdroid.empty_payload/10336} BLOCKED
10-10 11:53:20.532  1902 23267 I AppsFilter: interaction: PackageSetting{4e66de7 io.appium.uiautomator2.server/10378} -> PackageSetting{3c0b06c com.mi.global.shop/10232} BLOCKED
10-10 11:53:20.532  1902 23267 I AppsFilter: interaction: PackageSetting{4e66de7 io.appium.uiautomator2.server/10378} -> PackageSetting{e543635 com.google.android.apps.setupwizard.searchselector/10178} BLOCKED
10-10 11:53:20.532  1902 23267 I AppsFilter: interaction: PackageSetting{4e66de7 io.appium.uiautomator2.server/10378} -> PackageSetting{45d6aca com.android.hotspot2.osulogin/10223} BLOCKED
10-10 11:53:20.532  1902 23267 I AppsFilter: interaction: PackageSetting{4e66de7 io.appium.uiautomator2.server/10378} -> PackageSetting{48c343b com.google.android.gms.location.history/10191} BLOCKED
10-10 11:53:20.532  1902 23267 I AppsFilter: interaction: PackageSetting{4e66de7 io.appium.uiautomator2.server/10378} -> PackageSetting{bf5f59a com.android.internal.systemui.navbar.gestural/10041} BLOCKED
10-10 11:53:20.532  1902 23267 I AppsFilter: interaction: PackageSetting{4e66de7 io.appium.uiautomator2.server/10378} -> PackageSetting{7aaaecb com.google.android.overlay.gmsconfig.personalsafety/10269} BLOCKED
10-10 11:53:20.532  1902 23267 I AppsFilter: interaction: PackageSetting{4e66de7 io.appium.uiautomator2.server/10378} -> PackageSetting{83e6758 com.dti.bouyguestelecom/10183} BLOCKED
10-10 11:53:20.532  1902 23267 I AppsFilter: interaction: PackageSetting{4e66de7 io.appium.uiautomator2.server/10378} -> PackageSetting{c1f00b1 com.android.bluetoothmidiservice/10099} BLOCKED
10-10 11:53:20.532  1902 23267 I AppsFilter: interaction: PackageSetting{4e66de7 io.appium.uiautomator2.server/10378} -> PackageSetting{54f6996 com.facebook.appmanager/10150} BLOCKED
10-10 11:53:20.532  1902 23267 I AppsFilter: interaction: PackageSetting{4e66de7 io.appium.uiautomator2.server/10378} -> PackageSetting{4ffd917 com.google.android.cellbroadcastreceiver/10215} BLOCKED
10-10 11:53:20.532  1902 23267 I AppsFilter: interaction: PackageSetting{4e66de7 io.appium.uiautomator2.server/10378} -> PackageSetting{3dea104 com.orange.aura.oobe/10176} BLOCKED
10-10 11:53:20.532  1902 23267 I AppsFilter: interaction: PackageSetting{4e66de7 io.appium.uiautomator2.server/10378} -> PackageSetting{7f1f6ed com.xiaomi.smarthome/10342} BLOCKED
10-10 11:53:20.532  1902 23267 I AppsFilter: interaction: PackageSetting{4e66de7 io.appium.uiautomator2.server/10378} -> PackageSetting{3908922 com.google.android.apps.magazines/10240} BLOCKED
10-10 11:53:20.532  1902 23267 I AppsFilter: interaction: PackageSetting{4e66de7 io.appium.uiautomator2.server/10378} -> PackageSetting{9eefb3 com.google.android.apps.adm/10262} BLOCKED
10-10 11:53:20.532  1902 23267 I AppsFilter: interaction: PackageSetting{4e66de7 io.appium.uiautomator2.server/10378} -> PackageSetting{826c970 com.android.wallpaperpicker/10200} BLOCKED
10-10 11:53:20.533  1902 23267 I AppsFilter: interaction: PackageSetting{4e66de7 io.appium.uiautomator2.server/10378} -> PackageSetting{a948bf9 com.android.internal.systemui.navbar.gestural_narrow_back/10043} BLOCKED
10-10 11:53:20.533  1902 23267 I AppsFilter: interaction: PackageSetting{4e66de7 io.appium.uiautomator2.server/10378} -> PackageSetting{68414e9 com.google.android.photopicker/10011} BLOCKED
10-10 11:53:20.533  1902 23267 I AppsFilter: interaction: PackageSetting{4e66de7 io.appium.uiautomator2.server/10378} -> PackageSetting{9d2156e com.microsoft.teams/10321} BLOCKED
10-10 11:53:20.533  1902 23267 I AppsFilter: interaction: PackageSetting{4e66de7 io.appium.uiautomator2.server/10378} -> PackageSetting{20ed40f com.miui.core/10152} BLOCKED
10-10 11:53:20.533  1902 23267 I AppsFilter: interaction: PackageSetting{4e66de7 io.appium.uiautomator2.server/10378} -> PackageSetting{7870c9c com.google.android.inputmethod.latin/10196} BLOCKED
10-10 11:53:20.533  1902 23267 I AppsFilter: interaction: PackageSetting{4e66de7 io.appium.uiautomator2.server/10378} -> PackageSetting{70016a5 com.google.android.apps.restore/10174} BLOCKED
10-10 11:53:20.594  1902  2771 I ActivityManager: Flag disabled. Ignoring finishAttachApplication from uid: 10378. pid: 3939
10-10 11:53:20.604  1902 23267 D CompatibilityChangeReporter: Compat change id reported: 161145287; UID 10378; state: DISABLED
10-10 11:53:21.018  1556  1556 I wificond: station_bandwidth: 
10-10 11:53:21.153  1902  2771 I WakePathChecker: MIUILOG-WAKEPATH pushWakePathWhiteList: userId=0 size=6
10-10 11:53:21.609  1902  2620 I SmartPower: com.google.android.documentsui/10068(1756): background->idle(3003ms) R(broadcast start Intent { act=android.intent.action.PACKAGE_DATA_CLEARED dat=package: flg=0x5000010 (has extras) }) adj=905.
10-10 11:53:21.610  1902  2620 I SmartPower: com.android.vending:background/10184(14799): background->idle(3001ms) R(broadcast start Intent { act=android.intent.action.PACKAGE_DATA_CLEARED dat=package: flg=0x5000010 (has extras) }) adj=905.
10-10 11:53:21.616  1902  2620 I SmartPower: com.google.android.permissioncontroller/10221(653): background->idle(3001ms) R(broadcast start Intent { act=android.intent.action.PACKAGE_DATA_CLEARED dat=package: flg=0x5000010 (has extras) }) adj=905.
10-10 11:53:21.640  1902  2620 I SmartPower: com.miui.home/10085(3001): background->idle(3004ms) R(broadcast start Intent { act=android.intent.action.PACKAGE_DATA_CLEARED dat=package: flg=0x5000010 (has extras) }) adj=100.
10-10 11:53:21.669  1902  2620 I SmartPower: com.microsoft.windowsintune.companyportal:omadm_client_process/10365(32113): background->idle(3003ms) R(broadcast start Intent { act=android.intent.action.PACKAGE_DATA_CLEARED dat=package: flg=0x5000010 (has extras) }) adj=905.
10-10 11:53:21.781  1902  2771 D AccessibilityManagerService: changeCurrentUserForTestAutomationIfNeededLocked(0): ignoring because device doesn't support visible background users
10-10 11:53:21.781  1902  2771 I UiAutomationManager: Registering UiTestAutomationService (id=com.android.server.accessibility/UiAutomation) when called by user 0
10-10 11:53:21.790  1902  2771 W WindowMagnificationMgr: requestConnection duplicated request: connect=false, mConnectionState=DISCONNECTED
10-10 11:53:21.802  1902  2771 W WindowMagnificationMgr: requestConnection duplicated request: connect=false, mConnectionState=DISCONNECTED
10-10 11:53:21.811  1902 23268 I PowerManagerServiceImpl: Acquire wakelock: SCREEN_DIM_WAKE_LOCK           'UiAutomator2:ScreenKeeper' (uid=10378 pid=3939 pkg=io.appium.uiautomator2.server)
10-10 11:53:21.822  1902  1902 D BatterySaverPolicy: accessibility changed to true, updating policy.
10-10 11:53:21.839  1902  2620 I SmartPower: com.google.android.videos/10312(31305): background->idle(3002ms) R(broadcast start Intent { act=android.intent.action.PACKAGE_RESTARTED dat=package: flg=0x10 (has extras) }) adj=905.
10-10 11:53:22.086  1902  2620 I SmartPower: com.mi.globalminusscreen/10076(31794): background->idle(3001ms) R(broadcast start Intent { act=android.intent.action.PACKAGE_DATA_CLEARED dat=package: flg=0x5000010 (has extras) }) adj=100.
10-10 11:53:22.250  1902  3317 W WindowMagnificationMgr: requestConnection duplicated request: connect=false, mConnectionState=DISCONNECTED
10-10 11:53:22.482  1902  3317 I ActivityManager: Force stopping eu.europa.ec.euidi appid=10390 user=0: from process:3967
10-10 11:53:22.484  1902  3317 I AppsFilter: interaction: PackageSetting{1141c0b com.android.microdroid.empty_payload/10336} -> PackageSetting{69c2dee eu.europa.ec.euidi/10390} BLOCKED
10-10 11:53:22.484  1902  3317 I AppsFilter: interaction: PackageSetting{2f03501 io.appium.uiautomator2.server.test/10379} -> PackageSetting{69c2dee eu.europa.ec.euidi/10390} BLOCKED
10-10 11:53:22.484  1902  3317 I AppsFilter: interaction: PackageSetting{330fa6 com.fido.asm/10112} -> PackageSetting{69c2dee eu.europa.ec.euidi/10390} BLOCKED
10-10 11:53:22.484  1902  3317 I AppsFilter: interaction: PackageSetting{4e66de7 io.appium.uiautomator2.server/10378} -> PackageSetting{69c2dee eu.europa.ec.euidi/10390} BLOCKED
10-10 11:53:22.484  1902  3317 I AppsFilter: interaction: PackageSetting{3435d94 io.appium.settings/10326} -> PackageSetting{69c2dee eu.europa.ec.euidi/10390} BLOCKED
10-10 11:53:22.739  1902  3317 D CompatibilityChangeReporter: Compat change id reported: 161252188; UID 10390; state: DISABLED
10-10 11:53:22.742  1902  3317 W ActivityTaskManager: callingPackage for (uid=2000, pid=3967) has no WPC
10-10 11:53:22.752  1902  3317 D WindowManager: Collecting in transition 1025: ActivityRecord{414ef17 u0 eu.europa.ec.euidi/eu.europa.ec.assemblylogic.ui.MainActivity init visibleRequested:false
10-10 11:53:22.754  1902  3317 D MiuiFreeFormManagerService: activeOrFullscreenFreeformTaskIfNeed startDefaultAr:true
10-10 11:53:22.759  2983  3075 D OneHandedController: stopOneHanded state is 0
10-10 11:53:22.765  1902  3317 D WindowManager: setLockTaskAuth: task=Task{8cff04 #444 type=standard A=10390:eu.europa.ec.euidi} mLockTaskAuth=LOCK_TASK_AUTH_PINNABLE
10-10 11:53:22.766  1902  3317 D WindowManager: Collecting in transition 1025: Task{8cff04 #444 type=standard A=10390:eu.europa.ec.euidi} init visibleRequested:false
10-10 11:53:22.768  1902  3317 D CompatibilityChangeReporter: Compat change id reported: 184838306; UID 10390; state: DISABLED
10-10 11:53:22.769  1902  3317 D CompatibilityChangeReporter: Compat change id reported: 185004937; UID 10390; state: DISABLED
10-10 11:53:22.773  1902  3317 D WindowManager: setLockTaskAuth: task=Task{8cff04 #444 type=standard A=10390:eu.europa.ec.euidi} mLockTaskAuth=LOCK_TASK_AUTH_PINNABLE
10-10 11:53:22.774  1902  3317 D MiuiFreeFormManagerService: onStartActivityInner as = Task{8cff04 #444 type=standard A=10390:eu.europa.ec.euidi} op = null
10-10 11:53:22.777  1902  3317 D ActivityTaskManager: Task#startActivityLocked isOrhasTask=true newTask=true
10-10 11:53:22.783  1902  3317 D CompatibilityChangeReporter: Compat change id reported: 205907456; UID 10390; state: ENABLED
10-10 11:53:22.789  1902  3317 D WindowManager: Collecting in transition 1025: ActivityRecord{414ef17 u0 eu.europa.ec.euidi/eu.europa.ec.assemblylogic.ui.MainActivity t444} init visibleRequested:false
10-10 11:53:22.789  1902  3317 D WindowManager: Requesting StartTransition: TransitionRecord{7a11722 id=1025 type=OPEN flags=0x0}
10-10 11:53:22.792  1902  3317 I ActivityTaskManager: START u0 {act=android.intent.action.MAIN cat=[android.intent.category.LAUNCHER] flg=0x10200000 cmp=eu.europa.ec.euidi/eu.europa.ec.assemblylogic.ui.MainActivity} with LAUNCH_SINGLE_TASK from uid 2000 (BAL_ALLOW_PERMISSION) result code=0
10-10 11:53:22.792  2983  3075 I SoScUtils: monitorTransitionRequest mRequestOpenTransition:null mRequestOpenTriggerTask:-1 mRequestCloseTransition:null mRequestCloseTriggerTask:-1 mRequestCloseStageType:-1
10-10 11:53:22.793  2983  3147 D TaskSnapshot_Helper: SYS is normal.
10-10 11:53:22.794  1902  1938 D CompatibilityChangeReporter: Compat change id reported: 135634846; UID 10390; state: DISABLED
10-10 11:53:22.794  1902  1938 D CompatibilityChangeReporter: Compat change id reported: 177438394; UID 10390; state: DISABLED
10-10 11:53:22.794  1902  1938 D CompatibilityChangeReporter: Compat change id reported: 135772972; UID 10390; state: DISABLED
10-10 11:53:22.794  1902 23179 D WindowManager: Set transition=TransitionRecord{7a11722 id=1025 type=OPEN flags=0x0}, ready=false, SyncId=1025 used=true, override=false, defer=0, states=Display{#0 state=ON size=1080x2400 ROTATION_0}:false
10-10 11:53:22.794  1902  1938 D CompatibilityChangeReporter: Compat change id reported: 135754954; UID 10390; state: ENABLED
10-10 11:53:22.794  1902  1955 D CompatibilityChangeReporter: Compat change id reported: 143937733; UID 10390; state: ENABLED
10-10 11:53:22.794  2983  3075 D OneHandedController: stopOneHanded state is 0
10-10 11:53:22.794  2983  3075 D OneHandedController: stopOneHanded state is 0
10-10 11:53:22.804  1902  1955 I ActivityManager: Start proc 3970:eu.europa.ec.euidi/u0a390 for next-top-activity {eu.europa.ec.euidi/eu.europa.ec.assemblylogic.ui.MainActivity} caller=com.android.shell
10-10 11:53:22.807  1902 23179 D CoreBackPreview: Window{4807ae9 u0 Splash Screen eu.europa.ec.euidi}: Setting back callback OnBackInvokedCallbackInfo{mCallback=android.window.IOnBackInvokedCallback$Stub$Proxy@817d82b, mPriority=0, mIsAnimationCallback=false}
10-10 11:53:22.818  1902  2771 D WindowManager: Collecting in transition 1025: ActivityRecord{414ef17 u0 eu.europa.ec.euidi/eu.europa.ec.assemblylogic.ui.MainActivity t444} init visibleRequested:false
10-10 11:53:22.818  1902  2771 D WindowManager: Collecting in transition 1025: ActivityRecord{c54e00f u0 com.android.chrome/org.chromium.chrome.browser.ChromeTabbedActivity t436} init visibleRequested:true
10-10 11:53:22.827  1902 23267 I SmartPower: eu.europa.ec.euidi/10390(3970): died->invisible(4525ms) R(process start ) adj=-10000.
10-10 11:53:22.827  1902  1939 D WindowManager: wms.Focus not requested for window=Window{6095cc1 u0 com.android.chrome/org.chromium.chrome.browser.ChromeTabbedActivity} because it has no surface or is not focusable.
10-10 11:53:22.832  1902 23267 W MiuiBoosterUtils: enable_miuibooster_launch : false
10-10 11:53:22.833  1902 23267 D WindowManager: Collecting in transition 1025: ActivityRecord{414ef17 u0 eu.europa.ec.euidi/eu.europa.ec.assemblylogic.ui.MainActivity t444} init visibleRequested:true
10-10 11:53:22.834  1902 23267 D WindowManagerService: checkFlipFullScreenChange is same, nowIsFullScreen = false
10-10 11:53:22.835  1902 23267 W WindowManager: Changing focus from Window{6095cc1 u0 com.android.chrome/org.chromium.chrome.browser.ChromeTabbedActivity} to null displayId=0 Callers=com.android.server.wm.RootWindowContainer.updateFocusedWindowLocked:557 com.android.server.wm.WindowManagerService.updateFocusedWindowLocked:6962 com.android.server.wm.ActivityTaskManagerService.setLastResumedActivityUncheckLocked:5565 com.android.server.wm.ActivityTaskSupervisor.updateTopResumedActivityIfNeeded:2557 
10-10 11:53:22.835  1902 23267 D WindowManager: wms.Input focus has changed to null display=0 updateInputWindows = true
10-10 11:53:22.835  1902 23267 I MultiSenceManagerInternalStub: getInstance
10-10 11:53:22.836  1902 23267 D WindowManager: Collecting in transition 1025: ActivityRecord{414ef17 u0 eu.europa.ec.euidi/eu.europa.ec.assemblylogic.ui.MainActivity t444} init visibleRequested:true
10-10 11:53:22.836  1902 23267 D WindowManager: Set transition=TransitionRecord{7a11722 id=1025 type=OPEN flags=0x0}, ready=true, SyncId=1025 
10-10 11:53:22.837  1902  2323 D CompatibilityChangeReporter: Compat change id reported: 265195908; UID 10390; state: ENABLED
10-10 11:53:22.840  1902  1939 I BLASTSyncEngine: SyncGroup 1025:  Unfinished container:ActivityRecord{414ef17 u0 eu.europa.ec.euidi/eu.europa.ec.assemblylogic.ui.MainActivity t444}
10-10 11:53:22.840  1902  1939 I BLASTSyncEngine: isActivitySyncFinished isSyncFinished false ActivityRecord{414ef17 u0 eu.europa.ec.euidi/eu.europa.ec.assemblylogic.ui.MainActivity t444}
10-10 11:53:22.841  1902  1951 D ATMSImpl: Begin to report package foreground events...
10-10 11:53:22.841  1902 23268 W WindowManager: finishDrawingWindow: Window{4807ae9 u0 Splash Screen eu.europa.ec.euidi} mDrawState=DRAW_PENDING
10-10 11:53:22.841  1902  1936 E MBrainLocalService: MBrainJava launch failed: SecurityException
10-10 11:53:22.842  1902  1936 D Aurogon :  uid = 10390 switch to FG
10-10 11:53:22.842  2983  3075 D MiuiFullScreenTaskRepository: removeFocusedTask displayId=0
10-10 11:53:22.842  2983  3075 D MiuiFullScreenTaskRepository: addOrUpdateFullScreenTaskInfo taskId=436, topActivity=ComponentInfo{com.android.chrome/org.chromium.chrome.browser.ChromeTabbedActivity}
10-10 11:53:22.842  1902 23179 D CompatibilityChangeReporter: Compat change id reported: 170503758; UID 10390; state: ENABLED
10-10 11:53:22.842  1902  1939 D WindowManager: Set transition=TransitionRecord{7a11722 id=1025 type=OPEN flags=0x0}, ready=true, SyncId=1025 
10-10 11:53:22.843  1902  2600 D isUidValid: uid = 10390
10-10 11:53:22.844  1902  1939 I SmartPower: eu.europa.ec.euidi/10390(3970): invisible->visible(17ms) R(become visible) adj=0.
10-10 11:53:22.844  1902  1939 W WindowManager: real show surface:Surface(name=Splash Screen eu.europa.ec.euidi#16758)/@0x2465488
10-10 11:53:22.844  1902  1939 D WindowManager: Final targets: [Task{8cff04 #444 type=standard A=10390:eu.europa.ec.euidi}, Task{702289c #436 type=standard A=10190:com.android.chrome}]
10-10 11:53:22.851  1902  2323 D CompatibilityChangeReporter: Compat change id reported: 218533173; UID 10390; state: ENABLED
10-10 11:53:22.851  1902  2323 D CompatibilityChangeReporter: Compat change id reported: 262645982; UID 10390; state: ENABLED
10-10 11:53:22.868  1902  1939 D WindowManager: snapshot isNothing = false source = Task{702289c #436 type=standard A=10190:com.android.chrome}
10-10 11:53:22.869  1902  1939 D WindowManager: Calling onTransitionReady info={id=1025 t=OPEN f=0x0 trk=0 r=[0@Point(0, 0)] c=[{WCT{RemoteToken{b0f059 Task{8cff04 #444 type=standard A=10390:eu.europa.ec.euidi}}} m=OPEN f=NONE leash=Surface(name=Task=444#16755)/@0xc218cd2 sb=Rect(0, 0 - 1080, 2400) eb=Rect(0, 0 - 1080, 2400) d=0},{WCT{RemoteToken{fa5577e Task{702289c #436 type=standard A=10190:com.android.chrome}}} m=TO_BACK f=NONE leash=Surface(name=Task=436#16440)/@0x71c67c9 sb=Rect(0, 0 - 1080, 2400) eb=Rect(0, 0 - 1080, 2400) d=0}] noAni=[false] df=[false] mk=[true] nc=[0] oa=[false]}, mToken=Token{267a41e TransitionRecord{7a11722 id=1025 type=OPEN flags=0x0}}
10-10 11:53:22.870  1902  1939 I BLASTSyncEngine: finishNow: after onTransactionReady, mSyncId=1025
10-10 11:53:22.872  2983  3075 D MiuiFreeformAnimation: startAnimation change: {WCT{android.window.IWindowContainerToken$Stub$Proxy@78a7959} m=OPEN f=NONE leash=Surface(name=Task=444#16755)/@0x9e391d2 sb=Rect(0, 0 - 1080, 2400) eb=Rect(0, 0 - 1080, 2400) d=0} info.getType(): 1
10-10 11:53:22.872  2983  3075 I MiuiFreeformAnimation: isLaunchWidgetPicker=false,taskInfo.getWindowingMode()=1, taskInfo.getActivityType()=1
10-10 11:53:22.872  2983  3075 D MiuiFreeformAnimation: startAnimation change: {WCT{android.window.IWindowContainerToken$Stub$Proxy@ac4f91e} m=TO_BACK f=NONE leash=Surface(name=Task=436#16440)/@0x6bf42a3 sb=Rect(0, 0 - 1080, 2400) eb=Rect(0, 0 - 1080, 2400) d=0} info.getType(): 1
10-10 11:53:22.872  2983  3075 W MiuiTaskTransitionHandler: Receive an unknown transition, token=android.os.BinderProxy@3d746b3, type=1
10-10 11:53:22.872  2983  3075 D TransitionAnimationHelper:  load default animation  type = 1 enter = false animAttr = 9 isTask = true translucent = false
10-10 11:53:22.872  2983  3075 D TransitionAnimationHelper:  load default animation  type = 1 enter = true animAttr = 8 isTask = true translucent = false
10-10 11:53:22.873  2983  3092 D ShellTransitions: speed ui!!!!!!!!!!!
10-10 11:53:22.873  2983  3075 D MiuiFullScreenTaskRepository: setFocusedTask taskId=444, displayId=0, topActivity=ComponentInfo{eu.europa.ec.euidi/eu.europa.ec.assemblylogic.ui.MainActivity}
10-10 11:53:22.873  2983  3075 D MiuiFullScreenTaskRepository: addOrUpdateFullScreenTaskInfo taskId=444, topActivity=ComponentInfo{eu.europa.ec.euidi/eu.europa.ec.assemblylogic.ui.MainActivity}
10-10 11:53:22.875  3970  3970 D ActivityThread: useGrowthLimitOutExpendMethod invoke error.
10-10 11:53:22.878  2983  3075 D SoScUtils: monitorTransitionFinished transition:android.os.BinderProxy@3d746b3 transaction: android.view.SurfaceControl$Transaction@f4015f7 mRequestCloseTransition:null mRequestOpenTransition:null mPairsOpenTransition:null mPairsOpenTransitionNull:null mRequestOpenTriggerTask:-1 mRequestCloseTriggerTask:-1 mOrientationTransition: null mMainStartingTask:-1 mSideStartingTask:-1
10-10 11:53:22.889  3970  3970 D MbrainDebugManagerImpl: getService failed
10-10 11:53:22.897  1902  1918 I ActivityManager: Flag disabled. Ignoring finishAttachApplication from uid: 10390. pid: 3970
10-10 11:53:22.899  2983  3075 D MiuiFullScreenTaskRepository: addOrUpdateFullScreenTaskInfo taskId=436, topActivity=ComponentInfo{com.android.chrome/org.chromium.chrome.browser.ChromeTabbedActivity}
10-10 11:53:22.911  1902  1918 D SchedBoost: com.android.chrome:sandboxed_process0:org.chromium.content.app.SandboxedProcessService0:4 boosting, skip reset priority
10-10 11:53:22.926  1902 23268 I WindowManager: cancelAnimation removed leash : Surface(name=Surface(name=81266ae StatusBar#86)/@0xb48dfdc - animation-leash of insets_animation#16751)/@0x3c7be71
10-10 11:53:22.928  1902 23268 I WindowManager: cancelAnimation removed leash : Surface(name=Surface(name=db27a2 NavigationBar0#82)/@0xc1acbf0 - animation-leash of insets_animation#16752)/@0xedb2cd7
10-10 11:53:22.936  2983  3075 D MiuiFullScreenTaskRepository: setFocusedTask taskId=444, displayId=0, topActivity=ComponentInfo{eu.europa.ec.euidi/eu.europa.ec.assemblylogic.ui.MainActivity}
10-10 11:53:22.936  2983  3075 D MiuiFullScreenTaskRepository: addOrUpdateFullScreenTaskInfo taskId=444, topActivity=ComponentInfo{eu.europa.ec.euidi/eu.europa.ec.assemblylogic.ui.MainActivity}
10-10 11:53:22.936  2983  3075 D MiuiDesktopModeController: onFocusTaskChanged newFocus: TaskInfo{userId=0 taskId=444 displayId=0 isRunning=true baseIntent=Intent { act=android.intent.action.MAIN cat=[android.intent.category.LAUNCHER] flg=0x10200000 cmp=eu.europa.ec.euidi/eu.europa.ec.assemblylogic.ui.MainActivity } baseActivity=ComponentInfo{eu.europa.ec.euidi/eu.europa.ec.assemblylogic.ui.MainActivity} topActivity=ComponentInfo{eu.europa.ec.euidi/eu.europa.ec.assemblylogic.ui.MainActivity} origActivity=null realActivity=ComponentInfo{eu.europa.ec.euidi/eu.europa.ec.assemblylogic.ui.MainActivity} numActivities=1 lastActiveTime=897473520 supportsSplitScreenMultiWindow=true supportsMultiWindow=true resizeMode=1 isResizeable=true minWidth=-1 minHeight=-1 defaultMinSize=200 token=WCT{android.window.IWindowContainerToken$Stub$Proxy@9101382} topActivityType=1 pictureInPictureParams=null shouldDockBigOverlays=false launchIntoPipHostTaskId=-1 lastParentTaskIdBeforePip=-1 displayCutoutSafeInsets=Rect(0, 94 - 0, 0) topActivityInfo=ActivityInfo{a561a93 eu.europa.ec.assemblylogic.ui.MainActivity} launchCookies=[] positionInParent=Point(0, 0) parentTaskId=-1 isFocused=true isVisible=true isVisibleRequested=true isSleeping=false topActivityInSizeCompat=false topActivityEligibleForLetterboxEducation= false topActivityLetterboxed= false isFromDoubleTap= false topActivityLetterboxVerticalPosition= -1 topActivityLetterboxHorizontalPosition= -1 topActivityLetterboxWidth=-1 topActivityLetterboxHeight=-1 locusId=null displayAreaFeatureId=1 cameraCompatControlState=hidden mIsCastMode=false mTopActivityMediaSize=null mTopActivityRecordName=ActivityRecord{414ef17 u0 eu.europa.ec.euidi/eu.europa.ec.assemblylogic.ui.MainActivity t444} mTopActivityOrientation=1 mTopActivityWindowIsNowVisible=false isTranslucent=false isEmbedded=false shouldBeVisible=true isImmersive=false mBehindAppLockPkg=null mOriginatingUid=0}
10-10 11:53:22.936  2983  3075 D MiuiFreeformModeController: onFocusTaskChanged taskInfo: TaskInfo{userId=0 taskId=444 displayId=0 isRunning=true baseIntent=Intent { act=android.intent.action.MAIN cat=[android.intent.category.LAUNCHER] flg=0x10200000 cmp=eu.europa.ec.euidi/eu.europa.ec.assemblylogic.ui.MainActivity } baseActivity=ComponentInfo{eu.europa.ec.euidi/eu.europa.ec.assemblylogic.ui.MainActivity} topActivity=ComponentInfo{eu.europa.ec.euidi/eu.europa.ec.assemblylogic.ui.MainActivity} origActivity=null realActivity=ComponentInfo{eu.europa.ec.euidi/eu.europa.ec.assemblylogic.ui.MainActivity} numActivities=1 lastActiveTime=897473520 supportsSplitScreenMultiWindow=true supportsMultiWindow=true resizeMode=1 isResizeable=true minWidth=-1 minHeight=-1 defaultMinSize=200 token=WCT{android.window.IWindowContainerToken$Stub$Proxy@9101382} topActivityType=1 pictureInPictureParams=null shouldDockBigOverlays=false launchIntoPipHostTaskId=-1 lastParentTaskIdBeforePip=-1 displayCutoutSafeInsets=Rect(0, 94 - 0, 0) topActivityInfo=ActivityInfo{a561a93 eu.europa.ec.assemblylogic.ui.MainActivity} launchCookies=[] positionInParent=Point(0, 0) parentTaskId=-1 isFocused=true isVisible=true isVisibleRequested=true isSleeping=false topActivityInSizeCompat=false topActivityEligibleForLetterboxEducation= false topActivityLetterboxed= false isFromDoubleTap= false topActivityLetterboxVerticalPosition= -1 topActivityLetterboxHorizontalPosition= -1 topActivityLetterboxWidth=-1 topActivityLetterboxHeight=-1 locusId=null displayAreaFeatureId=1 cameraCompatControlState=hidden mIsCastMode=false mTopActivityMediaSize=null mTopActivityRecordName=ActivityRecord{414ef17 u0 eu.europa.ec.euidi/eu.europa.ec.assemblylogic.ui.MainActivity t444} mTopActivityOrientation=1 mTopActivityWindowIsNowVisible=false isTranslucent=false isEmbedded=false shouldBeVisible=true isImmersive=false mBehindAppLockPkg=null mOriginatingUid=0}
10-10 11:53:22.937  1902  1902 D MBrainLocalService: isVendorFreezeConditionPass is false
10-10 11:53:22.937  1902  1902 E MBrainLocalService: notifyAppSwitch failed
10-10 11:53:22.938  3970  3970 D FramePredict: FramePredict init: false
10-10 11:53:22.939  3970  3970 D FramePredict: init success
10-10 11:53:22.940  1902  1918 W ActivityManager: Permission Denial: getCurrentUser() from pid=3970, uid=10390 requires android.permission.INTERACT_ACROSS_USERS
10-10 11:53:22.940  1902 23268 D CompatibilityChangeReporter: Compat change id reported: 253665015; UID 10390; state: ENABLED
10-10 11:53:22.940  1902 23268 D CompatibilityChangeReporter: Compat change id reported: 194532703; UID 10390; state: ENABLED
10-10 11:53:22.941  3970  4022 E FramePredict: registerContentObserver fail
10-10 11:53:22.943  1902  1936 E MBrainLocalService: MBrainJava launch failed: SecurityException
10-10 11:53:22.952  2983  4627 D MiuiFreeformModeObserver: activityResumed() intent Intent { cmp=eu.europa.ec.euidi/eu.europa.ec.assemblylogic.ui.MainActivity (has extras) }
10-10 11:53:22.996  1902  1918 D CoreBackPreview: Window{3cfdc32 u0 eu.europa.ec.euidi/eu.europa.ec.assemblylogic.ui.MainActivity}: Setting back callback OnBackInvokedCallbackInfo{mCallback=android.window.IOnBackInvokedCallback$Stub$Proxy@27ae5f5, mPriority=0, mIsAnimationCallback=false}
10-10 11:53:23.002  1902  1918 W WindowManager: Changing focus from null to Window{3cfdc32 u0 eu.europa.ec.euidi/eu.europa.ec.assemblylogic.ui.MainActivity} displayId=0 Callers=com.android.server.wm.RootWindowContainer.updateFocusedWindowLocked:557 com.android.server.wm.WindowManagerService.updateFocusedWindowLocked:6962 com.android.server.wm.WindowManagerService.relayoutWindow:2951 com.android.server.wm.Session.relayout:266 
10-10 11:53:23.003  1902  1918 I WindowManager: cancelAnimation removed leash : Surface(name=Surface(name=81266ae StatusBar#86)/@0xb48dfdc - animation-leash of insets_animation#16762)/@0x1c0fdd0
10-10 11:53:23.004  1902  1918 I WindowManager: cancelAnimation removed leash : Surface(name=Surface(name=db27a2 NavigationBar0#82)/@0xc1acbf0 - animation-leash of insets_animation#16763)/@0xd6c5bef
10-10 11:53:23.004  1902  1918 D WindowManager: wms.Input focus has changed to Window{3cfdc32 u0 eu.europa.ec.euidi/eu.europa.ec.assemblylogic.ui.MainActivity} display=0 updateInputWindows = true
10-10 11:53:23.004  1902  1918 I MultiSenceManagerInternalStub: getInstance
10-10 11:53:23.005  1902  1918 I WindowManager: Relayout Window{3cfdc32 u0 eu.europa.ec.euidi/eu.europa.ec.assemblylogic.ui.MainActivity}: oldVis=4 newVis=0 focusMayChange = true requestedWidth = 1080 requestedHeight = 2400 outFrames = ClientWindowFrames{frame=[0,0][1080,2400] display=[0,0][1080,2400] parentFrame=[0,0][0,0]} outSurfaceControl = Surface(name=eu.europa.ec.euidi/eu.europa.ec.assemblylogic.ui.MainActivity#16765)/@0xcc6dead
10-10 11:53:23.045  1902  1918 W WindowManager: finishDrawingWindow: Window{3cfdc32 u0 eu.europa.ec.euidi/eu.europa.ec.assemblylogic.ui.MainActivity} mDrawState=DRAW_PENDING
10-10 11:53:23.046  1902  1918 D WindowManager: wms.finishDrawingLocked: mDrawState=COMMIT_DRAW_PENDING Window{3cfdc32 u0 eu.europa.ec.euidi/eu.europa.ec.assemblylogic.ui.MainActivity} in Surface(name=eu.europa.ec.euidi/eu.europa.ec.assemblylogic.ui.MainActivity#16765)/@0x169aa18
10-10 11:53:23.046  1902  1939 D TaskSnapshot_Helper: shouldDelay()... Not launched by home, no delay needed.
10-10 11:53:23.048  1902  1939 W WindowManager: real show surface:Surface(name=eu.europa.ec.euidi/eu.europa.ec.assemblylogic.ui.MainActivity#16765)/@0x169aa18
10-10 11:53:23.055  1902 23267 I SmartPower: com.android.chrome/10190(31210): visible->invisible(108096ms) R(become invisible) adj=200.
10-10 11:53:23.055  1902 23267 I SmartPower: com.android.chrome:privileged_process0/10190(31655): invisible->background(108163ms) R(become background) adj=0.
10-10 11:53:23.055  1902 23267 I SmartPower: com.android.chrome/10190(31210): invisible->background(0ms) R(become background) adj=200.
10-10 11:53:23.056  3967  3967 W BpBinder: Slow Binder: BpBinder transact took 575 ms, interface=android.app.IActivityManager, code=1598246212 oneway=false
10-10 11:53:23.058  1902 23267 D CoreBackPreview: Window{6095cc1 u0 com.android.chrome/org.chromium.chrome.browser.ChromeTabbedActivity}: Setting back callback OnBackInvokedCallbackInfo{mCallback=android.window.IOnBackInvokedCallback$Stub$Proxy@8e67dcf, mPriority=-1, mIsAnimationCallback=false}
10-10 11:53:23.061  1902  1938 D SchedBoost: com.google.android.adservices.api boosting, skip reset priority
10-10 11:53:23.061  1902  1938 D SchedBoost: com.android.chrome:privileged_process0 boosting, skip reset priority
10-10 11:53:23.071  1902 23268 D CompatibilityChangeReporter: Compat change id reported: 214016041; UID 10390; state: ENABLED
10-10 11:53:23.074  1902 23267 D CoreBackPreview: Window{4807ae9 u0 Splash Screen eu.europa.ec.euidi EXITING}: Setting back callback null
10-10 11:53:23.080  1902 23179 W PackageConfigPersister: App-specific configuration not found for packageName: eu.europa.ec.euidi and userId: 0
10-10 11:53:23.082  1902 23266 D WindowManager: setParent old=ActivityRecord{414ef17 u0 eu.europa.ec.euidi/eu.europa.ec.assemblylogic.ui.MainActivity t444},new=null,this window=Window{4807ae9 u0 Splash Screen eu.europa.ec.euidi},callers=com.android.server.wm.WindowContainer.removeChild:840 com.android.server.wm.ActivityRecord.removeChild:5227 com.android.server.wm.ActivityRecord.removeChild:470 com.android.server.wm.WindowContainer.removeImmediately:898 com.android.server.wm.WindowState.removeImmediately:2538 com.android.server.wm.WindowState.removeIfPossible:2719 
10-10 11:53:23.088  1902  1918 I WindowManager: cancelAnimation removed leash : Surface(name=Surface(name=6a76de5 InputMethod#123)/@0xf2bd99 - animation-leash of insets_animation#16716)/@0xab2bfe5
10-10 11:53:23.117  1902  1938 I DisplayDeviceRepository: Display device changed: DisplayDeviceInfo{"Built-in Screen": uniqueId="local:4627039422300187648", 1080 x 2400, modeId 2, renderFrameRate 120.00001, defaultModeId 2, supportedModes [{id=1, width=1080, height=2400, fps=60.0, alternativeRefreshRates=[30.000002, 90.0, 120.00001], supportedHdrTypes=[1, 2, 3, 4]}, {id=2, width=1080, height=2400, fps=120.00001, alternativeRefreshRates=[30.000002, 60.0, 90.0], supportedHdrTypes=[1, 2, 3, 4]}, {id=3, width=1080, height=2400, fps=90.0, alternativeRefreshRates=[30.000002, 60.0, 120.00001], supportedHdrTypes=[1, 2, 3, 4]}, {id=4, width=1080, height=2400, fps=30.000002, alternativeRefreshRates=[60.0, 90.0, 120.00001], supportedHdrTypes=[1, 2, 3, 4]}], colorMode 0, supportedColorModes [0, 7, 9], hdrCapabilities HdrCapabilities{mSupportedHdrTypes=[1, 2, 3, 4], mMaxLuminance=500.0, mMaxAverageLuminance=500.0, mMinLuminance=0.0}, allmSupported false, gameContentTypeSupported false, density 440, 394.409 x 394.409 dpi, appVsyncOff 1199999, presDeadline 14800000, cutout DisplayCutout{insets=Rect(0, 94 - 0, 0) waterfall=Insets{left=0, top=0, right=0, bottom=0} boundingRect={Bounds=[Rect(0, 0 - 0, 0), Rect(512, 0 - 568, 94), Rect(0, 0 - 0, 0), Rect(0, 0 - 0, 0)]} cutoutPathParserInfo={CutoutPathParserInfo{displayWidth=1080 displayHeight=2400 physicalDisplayWidth=1080 physicalDisplayHeight=2400 density={2.75} cutoutSpec={M 0,0 H -28 V 94 H 28 V 0 H 0 Z} rotation={0} scale={1.0} physicalPixelDisplaySizeRatio={1.0}}}}, touch INTERNAL, rotation 0, type INTERNAL, address {port=0, model=0x40368bd6e7ee6c}, deviceProductInfo DeviceProductInfo{name=MTKDEV, manufacturerPnpId=MTK, productId=35638, modelYear=null, manufactureDate=ManufactureDate{week=42, year=2021}, connectionToSinkType=0}, state ON, committedState ON, frameRateOverride , brightnessMinimum 0.0, brightnessMaximum 1.0, brightnessDefault 0.07496032, hdrSdrRatio NaN, roundedCorners RoundedCorners{[RoundedCorner{position=TopLeft, radius=70, center=Point(70, 70)}, RoundedCorner{position=TopRight, radius=70, center=Point(1010, 70)}, RoundedCorner{position=BottomRight, radius=70, center=Point(1010, 2330)}, RoundedCorner{position=BottomLeft, radius=70, center=Point(70, 2330)}]}, FLAG_ALLOWED_TO_BE_DEFAULT_DISPLAY, FLAG_ROTATES_WITH_CONTENT, FLAG_SECURE, FLAG_SUPPORTS_PROTECTED_BUFFERS, FLAG_TRUSTED, installOrientation 0, displayShape DisplayShape{ spec=-1893857183 displayWidth=1080 displayHeight=2400 physicalPixelDisplaySizeRatio=1.0 rotation=0 offsetX=0 offsetY=0 scale=1.0}}
10-10 11:53:23.118  1902  1938 D TAG     : Remove previously redundant display event 0/2 to 10321/6401
10-10 11:53:23.118  1902  1938 D TAG     : Remove previously redundant display event 0/2 to 10150/6423
10-10 11:53:23.118  1902  1938 D TAG     : Remove previously redundant display event 0/2 to 6101/17644
10-10 11:53:23.118  1902  1938 D TAG     : Remove previously redundant display event 0/2 to 10075/18053
10-10 11:53:23.118  1902  1938 D TAG     : Remove previously redundant display event 0/2 to 10097/18566
10-10 11:53:23.119  1902  1938 D TAG     : Remove previously redundant display event 0/2 to 10132/21626
10-10 11:53:23.119  1902  1938 D TAG     : Remove previously redundant display event 0/2 to 10312/31305
10-10 11:53:23.147  1902  1936 D Aurogon :  uid = 10190 switch to BG
10-10 11:53:23.147  1902  2600 D isUidValid: uid = 10190
10-10 11:53:23.148  1229  1600 W EventThreadInspector: slow VSync-app on display(4627039422300187648) count=1, avg=32 ms, max=32 ms.
10-10 11:53:23.149  1229  1641 W EventThreadInspector: slow VSync-appSf on display(4627039422300187648) count=1, avg=30 ms, max=30 ms.
10-10 11:53:23.329  1902  1902 W AccessibilityManagerService:  wait for adding window timeout: 2064
10-10 11:53:24.049  1556  1556 I wificond: station_bandwidth: 
10-10 11:53:25.162  1902  2771 W FillRequestEventLogger: Couldn't find packageName: com.google.android.inputmethod.latin
10-10 11:53:25.177  3970  3970 D MiuiMultiWindowUtils: freeform resolution args raw data:{  "wide_default":{    "freeform_args": {        "vertical_portrait":{"aspect_ratio":0.626, "original_ratio":0.5643,"original_scale":0.74,"top_margin":0.168,"left_margin":0.484},        "horizontal_portrait":{"aspect_ratio":0.626, "original_ratio":0.5643,"original_scale":0.74,"top_margin":0.1222,"left_margin":0.59745},        "vertical_landscape":{"aspect_ratio":1.6, "original_ratio":1,"original_scale":0.604,"top_margin":0.2596,"left_margin":0.2624},        "horizontal_landscape":{"aspect_ratio":1.6, "original_ratio":1,"original_scale":0.604,"top_margin":0.213,"left_margin":0.3758}    },    "mini_freeform_args":{        "vertical_portrait":{"original_ratio":0.147},        "horizontal_portrait":{"original_ratio":0.147},        "vertical_landscape":{"original_ratio":0.165},        "horizontal_landscape":{"original_ratio":0.165}    }  },  "narrow_default": {    "freeform_args": {        "vertical_portrait":{"aspect_ratio":0.626, "original_ratio":1,"original_scale":0.74,"top_margin":0.0753,"left_margin":-1},        "horizontal_portrait":{"aspect_ratio":0.626, "original_ratio":1,"original_scale":0.5756,"top_margin":-1,"left_margin":0.0753},        "vertical_landscape":{"aspect_ratio":1.6, "original_ratio":0.6847,"original_scale":0.587,"top_margin":0.0753,"left_margin":-1},        "horizontal_landscape":{"aspect_ratio":1.6, "original_ratio":0.6847,"original_scale":0.587,"top_margin":-1,"left_margin":0.0753}    },    "mini_freeform_args":{        "vertical_portrait":{"original_ratio":0.26},        "horizontal_portrait":{"original_ratio":0.26},        "vertical_landscape":{"original_ratio":0.293},        "horizontal_landscape":{"original_ratio":0.293}    }  },  "regular_default": {    "freeform_args": {      "vertical_portrait":{"aspect_ratio":0.625, "original_ratio":1,"original_scale":0.7,"top_margin":0.109,"left_margin":-1},      "horizontal_portrait":{"aspect_ratio":0.6667, "original_ratio":1,"original_scale":0.6102,"top_margin":-1,"left_margin":0.026},      "vertical_landscape":{"aspect_ratio":1.6, "original_ratio":1,"original_scale":0.4244,"top_margin":0.109,"left_margin":-1},      "horizontal_landscape":{"aspect_ratio":1.6, "original_ratio":1,"original_scale":0.4244,"top_margin":-1,"left_margin":0.026}    },    "mini_freeform_args":{      "vertical_portrait":{"original_ratio":0.25},      "horizontal_portrait":{"original_ratio":0.25},      "vertical_landscape":{"original_ratio":0.25},      "horizontal_landscape":{"original_ratio":0.25}    }  },  "pad_default": {    "freeform_args": {      "vertical_portrait":{"aspect_ratio":0.5625, "original_ratio":0.375,"original_scale":0.835,"top_margin":0.049,"left_margin":0.2775},      "horizontal_portrait":{"aspect_ratio":0.5625, "original_ratio":0.375,"original_scale":0.835,"top_margin":-1,"left_margin":0.6525},      "vertical_landscape":{"aspect_ratio":-1, "original_ratio":1,"original_scale":0.468,"top_margin":0.049,"left_margin":-1},      "horizontal_landscape":{"aspect_ratio":-1, "original_ratio":1,"original_scale":0.468,"top_margin":-1,"left_margin":0.4976}    },    "mini_freeform_args":{      "vertical_portrait":{"original_ratio":0.144},      "horizontal_portrait":{"original_ratio":0.144},      "vertical_landscape":{"original_ratio":0.2},      "horizontal_landscape":{"original_ratio":0.2}    }  }}
10-10 11:53:25.177  1902  2771 W PackageConfigPersister: App-specific configuration not found for packageName: eu.europa.ec.euidi and userId: 0
10-10 11:53:25.177  3970  3970 D MiuiMultiWindowUtils: initFreeFormResolutionArgs failed, device is rubypro
10-10 11:53:25.178  1902 22706 W PackageConfigPersister: App-specific configuration not found for packageName: eu.europa.ec.euidi and userId: 0
10-10 11:53:25.178  1902 23266 I InputMethodManagerService: IMMS.showSoftInput(), client = com.android.internal.inputmethod.IInputMethodClient$Stub$Proxy@310fa90
10-10 11:53:25.179  1902 23266 I InputMethodManagerService: IMMS.showCurrentInputLocked(), flags = 0
10-10 11:53:25.179  1902 23266 D SmartPower: com.google.android.inputmethod.latin/10196(22721): show input method
10-10 11:53:25.179  1902 23266 I SmartPower: com.google.android.inputmethod.latin/10196(22721): idle->visible(110259ms) R(show input method) adj=100.
10-10 11:53:25.179  1902 23266 I DefaultImeVisibilityApplier: IMMS.showCurrentInputLocked request ims to show inputMethod.
10-10 11:53:25.185  1902 22706 D AutofillSession: createPendingIntent for request 877
10-10 11:53:25.185  1902 22706 D ContentCapturePerUserService: Notified activity assist data for activity: Token{2d3fced ActivityRecord{414ef17 u0 eu.europa.ec.euidi/eu.europa.ec.assemblylogic.ui.MainActivity t444}} without a session Id
10-10 11:53:25.219  1902 23266 I InputMethodManagerService: IMMS.showSoftInput(), client = com.android.internal.inputmethod.IInputMethodClient$Stub$Proxy@1581dfd
10-10 11:53:25.219  1902 23266 I InputMethodManagerService: IMMS.showCurrentInputLocked(), flags = 0
10-10 11:53:25.219  1902 23266 D SmartPower: com.google.android.inputmethod.latin/10196(22721): show input method
10-10 11:53:25.219  1902 23266 I DefaultImeVisibilityApplier: IMMS.showCurrentInputLocked request ims to show inputMethod.
10-10 11:53:25.238  1902 22706 I InputMethodManagerService: IMMS.applyImeVisibility(), setVisible = true, mCurclient = ClientState{427c948 mUid=10390 mPid=3970 mSelfReportedDisplayId=0}
10-10 11:53:25.238  1902 22706 I WindowManager: WMS.showImePostLayout(), imeTarget = Window{3cfdc32 u0 eu.europa.ec.euidi/eu.europa.ec.assemblylogic.ui.MainActivity}
10-10 11:53:25.240  1902 22706 D CoreBackPreview: Window{3cfdc32 u0 eu.europa.ec.euidi/eu.europa.ec.assemblylogic.ui.MainActivity}: Setting back callback OnBackInvokedCallbackInfo{mCallback=android.window.IOnBackInvokedCallback$Stub$Proxy@a560af2, mPriority=0, mIsAnimationCallback=false}
10-10 11:53:25.245  2983  3075 D MiuiFreeformModeController: avoidForInsetsBottomChangedIfNeed oldMoveableBottom: 2270 newMoveableBounds: 2270
10-10 11:53:25.248  1902  1917 I WindowManager: Relayout Window{6a76de5 u0 InputMethod}: oldVis=8 newVis=0 focusMayChange = true requestedWidth = 1080 requestedHeight = 2306 outFrames = ClientWindowFrames{frame=[0,94][1080,2400] display=[0,94][1080,2400] parentFrame=[0,0][0,0]} outSurfaceControl = Surface(name=InputMethod#16771)/@0xb7fffec
10-10 11:53:25.255  2983  3075 D MiuiFreeformModeController: avoidForInsetsBottomChangedIfNeed oldMoveableBottom: 2270 newMoveableBounds: 2270
10-10 11:53:25.268  1902 22706 W WindowManager: finishDrawingWindow: Window{6a76de5 u0 InputMethod} mDrawState=DRAW_PENDING
10-10 11:53:25.268  1902 22706 D WindowManager: wms.finishDrawingLocked: mDrawState=COMMIT_DRAW_PENDING Window{6a76de5 u0 InputMethod} in Surface(name=InputMethod#16771)/@0xf71429f
10-10 11:53:25.269  1902  1939 I ImeInsetsSourceProvider: ImeInsetsSourceProvider.scheduleShowImePostLayout() Run showImeRunner.
10-10 11:53:25.269  1902  1939 I ImeInsetsSourceProvider: ImeInsetsSourceProvider.scheduleShowImePostLayout() isReadyToShowIme.
10-10 11:53:25.269  1902 23266 I InputMethodManagerService: IMMS.applyImeVisibility(), setVisible = true, mCurclient = ClientState{427c948 mUid=10390 mPid=3970 mSelfReportedDisplayId=0}
10-10 11:53:25.271  1902 23266 I WindowManager: WMS.showImePostLayout(), imeTarget = Window{3cfdc32 u0 eu.europa.ec.euidi/eu.europa.ec.assemblylogic.ui.MainActivity}
10-10 11:53:25.272  2983  3075 D MiuiFreeformModeController: avoidForInsetsBottomChangedIfNeed oldMoveableBottom: 2270 newMoveableBounds: 2270
10-10 11:53:25.272  2983  3075 D ImePositionProcessor: onImeVisibilityChanged     isShowing:  true
10-10 11:53:25.272  1902 22706 I WindowManager: cancelAnimation removed leash : Surface(name=Surface(name=db27a2 NavigationBar0#82)/@0xc1acbf0 - animation-leash of insets_animation#16767)/@0x65b4fc4
10-10 11:53:25.274  1902  1938 I WindowManager: input method visible height changed 701
10-10 11:53:25.274  1902  2338 I ITouchFeature: current device and process support version:2
10-10 11:53:25.275  2983  3075 D MiuiFreeformModeController: onImeVisibilityChanged imeVisible: true imeHeight: 701 adjustedForRotation:false
10-10 11:53:25.275  2983  3075 D MiuiFreeformModeAvoidAlgorithm: begin autoOrderingAvoidMiniTask
10-10 11:53:25.275  2983  3075 D MiuiFreeformModeAvoidAlgorithm: getCurrMiniPos: SameSideMiniPosList: []
10-10 11:53:25.275  2983  3075 D MiuiFreeformModeAvoidAlgorithm: getCurrMiniPos: SameSideMiniPosList: []
10-10 11:53:25.275  2983  3075 D MiuiFreeformModeAvoidAlgorithm: end autoOrderingAvoidMiniTask res:AvoidResult{distance=0, combination={}, activeTaskPos=Rect(0, 0 - 0, 0)}
10-10 11:53:25.275  1902  1938 W WindowManager: real show surface:Surface(name=InputMethod#16771)/@0xf71429f
10-10 11:53:25.275  1902  1938 I ImeInsetsSourceProvider: ImeInsetsSourceProvider.scheduleShowImePostLayout() Run showImeRunner.
10-10 11:53:25.275  1902  1938 I ImeInsetsSourceProvider: ImeInsetsSourceProvider.scheduleShowImePostLayout() isReadyToShowIme.
10-10 11:53:25.289  2983  3075 D OneHandedController: stopOneHanded state is 0
10-10 11:53:25.349  1902  1902 W FillRequestEventLogger: Shouldn't be logging AutofillFillRequestReported again for same event
10-10 11:53:25.349  1902  1902 W FillResponseEventLogger: Shouldn't be logging AutofillFillRequestReported again for same event
10-10 11:53:25.349  1902  1902 D AutofillSession: clearPendingIntentLocked
10-10 11:53:25.448  1902 23266 D WindowManagerService: checkFlipFullScreenChange is same, nowIsFullScreen = false
10-10 11:53:25.451  1902 23266 W FillRequestEventLogger: Couldn't find packageName: com.google.android.inputmethod.latin
10-10 11:53:25.458  1902 23267 D AutofillSession: createPendingIntent for request 878
10-10 11:53:25.459  1902 23267 D ContentCapturePerUserService: Notified activity assist data for activity: Token{2d3fced ActivityRecord{414ef17 u0 eu.europa.ec.euidi/eu.europa.ec.assemblylogic.ui.MainActivity t444}} without a session Id
10-10 11:53:25.466  1902 23267 I InputMethodManagerService: IMMS.showCurrentInputLocked(), flags = 1
10-10 11:53:25.466  1902 23267 D SmartPower: com.google.android.inputmethod.latin/10196(22721): show input method
