10-09 17:02:24.750  2042  3524 I SmartPower: com.android.chrome/10172(25786): background->idle(3001ms) R(broadcast start Intent { act=android.intent.action.BATTERY_CHANGED flg=0x60000010 (has extras) }) adj=700.
10-09 17:02:25.195  2042  6997 W MIUIInput: Input event injection from package: null action ACTION_DOWN
10-09 17:02:25.200  2042  6997 W MIUIInput: Input event injection from package: null action ACTION_UP
10-09 17:02:25.811  2042  7000 D CompatibilityChangeReporter: Compat change id reported: 265464455; UID 10172; state: DISABLED
10-09 17:02:25.811  2042  7000 D CompatibilityChangeReporter: Compat change id reported: 265452344; UID 10172; state: DISABLED
10-09 17:02:25.811  2042  7000 D CompatibilityChangeReporter: Compat change id reported: 266124927; UID 10172; state: DISABLED
10-09 17:02:25.811  2042  7000 D CompatibilityChangeReporter: Compat change id reported: 265451093; UID 10172; state: DISABLED
10-09 17:02:25.811  2042  7000 D CompatibilityChangeReporter: Compat change id reported: 265456536; UID 10172; state: DISABLED
10-09 17:02:25.811  2042  7000 D CompatibilityChangeReporter: Compat change id reported: 255940284; UID 10172; state: DISABLED
10-09 17:02:25.811  2042  7000 D CompatibilityChangeReporter: Compat change id reported: 236283604; UID 10172; state: DISABLED
10-09 17:02:25.811  2042  7000 D CompatibilityChangeReporter: Compat change id reported: 263959004; UID 10172; state: DISABLED
10-09 17:02:25.812  2042  7000 D CompatibilityChangeReporter: Compat change id reported: 264304459; UID 10172; state: DISABLED
10-09 17:02:25.812  2042  7000 D CompatibilityChangeReporter: Compat change id reported: 264301586; UID 10172; state: DISABLED
10-09 17:02:25.812  2042  7000 D CompatibilityChangeReporter: Compat change id reported: 254631730; UID 10172; state: DISABLED
10-09 17:02:25.812  2042  7000 D CompatibilityChangeReporter: Compat change id reported: 273509367; UID 10172; state: DISABLED
10-09 17:02:25.812  2042  7000 D CompatibilityChangeReporter: Compat change id reported: 263259275; UID 10172; state: DISABLED
10-09 17:02:25.812  2042  7000 D CompatibilityChangeReporter: Compat change id reported: 174042980; UID 10172; state: DISABLED
10-09 17:02:25.812  2042  7000 D CompatibilityChangeReporter: Compat change id reported: 174042936; UID 10172; state: DISABLED
10-09 17:02:25.812  2042  7000 D CompatibilityChangeReporter: Compat change id reported: 181136395; UID 10172; state: DISABLED
10-09 17:02:25.813  2042  7000 D CompatibilityChangeReporter: Compat change id reported: 194480991; UID 10172; state: ENABLED
10-09 17:02:25.814  2042  7000 I SmartPower: com.android.chrome:privileged_process0/10172(25887): idle->invisible(11250ms) R(become foreground) adj=700.
10-09 17:02:25.814  2042  7000 I SmartPower: com.android.chrome/10172(25786): idle->invisible(1063ms) R(become foreground) adj=700.
10-09 17:02:25.814  2042  7000 D WindowManager: Collecting in transition 513: ActivityRecord{28b4588 u0 com.android.chrome/com.google.android.apps.chrome.IntentDispatcher init visibleRequested:false
10-09 17:02:25.814  2042  7000 D MiuiFreeFormManagerService: activeOrFullscreenFreeformTaskIfNeed startDefaultAr:false
10-09 17:02:25.815  4304  4484 D OneHandedController: stopOneHanded state is 0
10-09 17:02:25.817  2042  7000 D WindowManager: setLockTaskAuth: task=Task{6df6b46 #6588 type=standard I=com.android.chrome/com.google.android.apps.chrome.IntentDispatcher} mLockTaskAuth=LOCK_TASK_AUTH_PINNABLE
10-09 17:02:25.817  2042  7000 D WindowManager: Collecting in transition 513: Task{6df6b46 #6588 type=standard I=com.android.chrome/com.google.android.apps.chrome.IntentDispatcher} init visibleRequested:false
10-09 17:02:25.818  2042  7000 D CompatibilityChangeReporter: Compat change id reported: 184838306; UID 10172; state: DISABLED
10-09 17:02:25.819  2042  7000 D CompatibilityChangeReporter: Compat change id reported: 185004937; UID 10172; state: DISABLED
10-09 17:02:25.820  2042  7000 D WindowManager: setLockTaskAuth: task=Task{6df6b46 #6588 type=standard I=com.android.chrome/com.google.android.apps.chrome.IntentDispatcher} mLockTaskAuth=LOCK_TASK_AUTH_PINNABLE
10-09 17:02:25.821  2042  7000 D MiuiFreeFormManagerService: onStartActivityInner as = Task{6df6b46 #6588 type=standard I=com.android.chrome/com.google.android.apps.chrome.IntentDispatcher} op = null
10-09 17:02:25.821  2042  7000 D ActivityTaskManager: Task#startActivityLocked isOrhasTask=true newTask=true
10-09 17:02:25.821  2042  7000 D ActivityTaskManager: Not add starting window, the reason is: windowIsTranslucent = true  windowIsFloating = false  this = ActivityRecord{28b4588 u0 com.android.chrome/com.google.android.apps.chrome.IntentDispatcher t6588}
10-09 17:02:25.822  2042  7000 D CompatibilityChangeReporter: Compat change id reported: 205907456; UID 10172; state: ENABLED
10-09 17:02:25.824  2042  7000 D WindowManager: Collecting in transition 513: ActivityRecord{28b4588 u0 com.android.chrome/com.google.android.apps.chrome.IntentDispatcher t6588} init visibleRequested:false
10-09 17:02:25.824  2042  7000 D WindowManager: Requesting StartTransition: TransitionRecord{6f0685d id=513 type=OPEN flags=0x0}
10-09 17:02:25.825  2042  7000 I ActivityTaskManager: START u0 {act=android.intent.action.VIEW dat=https://issuer.eudiw.dev/... flg=0x10000000 cmp=com.android.chrome/com.google.android.apps.chrome.IntentDispatcher} with LAUNCH_MULTIPLE from uid 10030 from pid 6347 callingPackage eu.europa.ec.euidi (BAL_ALLOW_VISIBLE_WINDOW) result code=0
10-09 17:02:25.826  4304  4484 D OneHandedController: stopOneHanded state is 0
10-09 17:02:25.827  4304  4484 D OneHandedController: stopOneHanded state is 0
10-09 17:02:25.828  4304  4484 I SoScUtils: monitorTransitionRequest mRequestOpenTransition:null mRequestOpenTriggerTask:-1 mRequestCloseTransition:null mRequestCloseTriggerTask:-1 mRequestCloseStageType:-1
10-09 17:02:25.830  2042  6998 I ActivityTaskManager: The Process com.android.chrome Already Exists in BG. So sending its PID: 25786
10-09 17:02:25.830  2042  6998 D WindowManager: Collecting in transition 513: ActivityRecord{28b4588 u0 com.android.chrome/com.google.android.apps.chrome.IntentDispatcher t6588} init visibleRequested:false
10-09 17:02:25.831  2042  6998 D WindowManager: Collecting in transition 513: ActivityRecord{28b4588 u0 com.android.chrome/com.google.android.apps.chrome.IntentDispatcher t6588} init visibleRequested:true
10-09 17:02:25.832  2042  4772 W AutofillManagerServiceImpl: getFillEventHistory() called by UID 10273, but service UID is 10163
10-09 17:02:25.832  2042  6998 D WindowManagerService: checkFlipFullScreenChange is same, nowIsFullScreen = false
10-09 17:02:25.833  2042  6998 D WindowManager: wms.Input focus has changed to null display=0 updateInputWindows = true
10-09 17:02:25.833  2042  6998 I MultiSenceManagerInternalStub: getInstance
10-09 17:02:25.834  2042  6998 D WindowManager: Collecting in transition 513: ActivityRecord{28b4588 u0 com.android.chrome/com.google.android.apps.chrome.IntentDispatcher t6588} init visibleRequested:true
10-09 17:02:25.836  2042  6998 D CompatibilityChangeReporter: Compat change id reported: 197654537; UID 10030; state: ENABLED
10-09 17:02:25.837  2042  7000 D WindowManager: Set transition=TransitionRecord{6f0685d id=513 type=OPEN flags=0x0}, ready=true, SyncId=513 
10-09 17:02:25.837  4304  4484 D MiuiFullScreenTaskRepository: removeFocusedTask displayId=0
10-09 17:02:25.838  4304  4484 D MiuiFullScreenTaskRepository: addOrUpdateFullScreenTaskInfo taskId=6587, topActivity=ComponentInfo{eu.europa.ec.euidi/eu.europa.ec.assemblylogic.ui.MainActivity}
10-09 17:02:25.839  2042  2693 I BLASTSyncEngine: SyncGroup 513:  Unfinished container:Task{6df6b46 #6588 type=standard I=com.android.chrome/com.google.android.apps.chrome.IntentDispatcher}
10-09 17:02:25.840  2042  2693 I BLASTSyncEngine: isActivitySyncFinished isSyncFinished false Task{6df6b46 #6588 type=standard I=com.android.chrome/com.google.android.apps.chrome.IntentDispatcher}
10-09 17:02:25.845  2042  6999 D PerfShielderService: eu.europa.ec.euidi|eu.europa.ec.euidi/eu.europa.ec.assemblylogic.ui.MainActivity|78|47153927950239|76|5|2
10-09 17:02:25.845  6649  7642 W MiuiPerfServiceClient: interceptAndQueuing:6347|eu.europa.ec.euidi|78|76|47153927950239|Slow issue draw commands|2
10-09 17:02:25.847  2042  2690 D Aurogon :  uid = 10172 switch to FG
10-09 17:02:25.869  2042  6999 D CompatibilityChangeReporter: Compat change id reported: 259743961; UID 10172; state: ENABLED
10-09 17:02:25.873  2042  6999 D WindowManager: Collecting in transition 513: ActivityRecord{ab94ed0 u0 com.android.chrome/org.chromium.chrome.browser.ChromeTabbedActivity init visibleRequested:false
10-09 17:02:25.873  2042  6999 D MiuiFreeFormManagerService: activeOrFullscreenFreeformTaskIfNeed startDefaultAr:false
10-09 17:02:25.874  2042  6999 D MiuiFreeFormManagerService: onStartActivityInner as = Task{ac848dc #6565 type=standard A=10172:com.android.chrome} op = null
10-09 17:02:25.874  2042  6999 D WindowManagerService: checkFlipFullScreenChange is same, nowIsFullScreen = false
10-09 17:02:25.875  2042  6999 D WindowManager: setLockTaskAuth: task=Task{ac848dc #6565 type=standard A=10172:com.android.chrome} mLockTaskAuth=LOCK_TASK_AUTH_PINNABLE
10-09 17:02:25.877  2042  6999 D WindowManager: Set transition=TransitionRecord{6f0685d id=513 type=OPEN flags=0x0}, ready=false, SyncId=513 used=true, override=false, defer=0, states=Display{#0 state=ON size=1080x2400 ROTATION_0}:false
10-09 17:02:25.878  2042  6999 D WindowManager: Collecting in transition 513: ActivityRecord{ab94ed0 u0 com.android.chrome/org.chromium.chrome.browser.ChromeTabbedActivity t-1} init visibleRequested:false
10-09 17:02:25.878  2042  6999 D WindowManager: Set transition=TransitionRecord{6f0685d id=513 type=OPEN flags=0x0}, ready=false, SyncId=513 used=true, override=false, defer=0, states=Display{#0 state=ON size=1080x2400 ROTATION_0}:false
10-09 17:02:25.880  4304  4484 D MiuiFullScreenTaskRepository: setFocusedTask taskId=6565, displayId=0, topActivity=ComponentInfo{com.android.chrome/org.chromium.chrome.browser.ChromeTabbedActivity}
10-09 17:02:25.880  4304  4484 D MiuiFullScreenTaskRepository: addOrUpdateFullScreenTaskInfo taskId=6565, topActivity=ComponentInfo{com.android.chrome/org.chromium.chrome.browser.ChromeTabbedActivity}
10-09 17:02:25.880  2042  6999 I ActivityTaskManager: START u0 {act=android.intent.action.VIEW dat=https://issuer.eudiw.dev/... flg=0x14002000 cmp=com.android.chrome/org.chromium.chrome.browser.ChromeTabbedActivity (has extras)} with LAUNCH_SINGLE_INSTANCE_PER_TASK from uid 10172 from pid 25786 callingPackage com.android.chrome (BAL_ALLOW_VISIBLE_WINDOW) result code=2
10-09 17:02:25.880  4304  4484 D MiuiFreeformModeController: onFocusTaskChanged taskInfo: TaskInfo{userId=0 taskId=6565 displayId=0 isRunning=true baseIntent=Intent { act=android.intent.action.VIEW dat=https://verifier.eudiw.dev/... flg=0x14002000 cmp=com.android.chrome/org.chromium.chrome.browser.ChromeTabbedActivity } baseActivity=ComponentInfo{com.android.chrome/org.chromium.chrome.browser.ChromeTabbedActivity} topActivity=ComponentInfo{com.android.chrome/org.chromium.chrome.browser.ChromeTabbedActivity} origActivity=null realActivity=ComponentInfo{com.android.chrome/org.chromium.chrome.browser.ChromeTabbedActivity} numActivities=1 lastActiveTime=263843487 supportsSplitScreenMultiWindow=true supportsMultiWindow=true resizeMode=2 isResizeable=true minWidth=-1 minHeight=-1 defaultMinSize=200 token=WCT{android.window.IWindowContainerToken$Stub$Proxy@2a4c4e6} topActivityType=1 pictureInPictureParams=null shouldDockBigOverlays=false launchIntoPipHostTaskId=-1 lastParentTaskIdBeforePip=-1 displayCutoutSafeInsets=Rect(0, 94 - 0, 0) topActivityInfo=ActivityInfo{40a1a27 org.chromium.chrome.browser.ChromeTabbedActivity} launchCookies=[] positionInParent=Point(0, 0) parentTaskId=-1 isFocused=true isVisible=false isVisibleRequested=false isSleeping=false topActivityInSizeCompat=false topActivityInMiuiSizeCompat=false topActivityEligibleForLetterboxEducation= false topActivityLetterboxed= false isFromDoubleTap= false topActivityLetterboxVerticalPosition= -1 topActivityLetterboxHorizontalPosition= -1 topActivityLetterboxWidth=-1 topActivityLetterboxHeight=-1 locusId=null displayAreaFeatureId=1 cameraCompatControlState=hidden mIsCastMode=false mTopActivityMediaSize=null mTopActivityRecordName=ActivityRecord{f2f67ae u0 com.android.chrome/org.chromium.chrome.browser.ChromeTabbedActivity t6565} mTopActivityOrientation=-2 mTopActivityWindowIsNowVisible=false isTranslucent=true isEmbedded=false shouldBeVisible=true isImmersive=false mBehindAppLockPkg=null mOriginatingUid=0}
10-09 17:02:25.880  4304  4484 D MiuiDesktopModeController: onFocusTaskChanged newFocus: TaskInfo{userId=0 taskId=6565 displayId=0 isRunning=true baseIntent=Intent { act=android.intent.action.VIEW dat=https://verifier.eudiw.dev/... flg=0x14002000 cmp=com.android.chrome/org.chromium.chrome.browser.ChromeTabbedActivity } baseActivity=ComponentInfo{com.android.chrome/org.chromium.chrome.browser.ChromeTabbedActivity} topActivity=ComponentInfo{com.android.chrome/org.chromium.chrome.browser.ChromeTabbedActivity} origActivity=null realActivity=ComponentInfo{com.android.chrome/org.chromium.chrome.browser.ChromeTabbedActivity} numActivities=1 lastActiveTime=263843487 supportsSplitScreenMultiWindow=true supportsMultiWindow=true resizeMode=2 isResizeable=true minWidth=-1 minHeight=-1 defaultMinSize=200 token=WCT{android.window.IWindowContainerToken$Stub$Proxy@2a4c4e6} topActivityType=1 pictureInPictureParams=null shouldDockBigOverlays=false launchIntoPipHostTaskId=-1 lastParentTaskIdBeforePip=-1 displayCutoutSafeInsets=Rect(0, 94 - 0, 0) topActivityInfo=ActivityInfo{40a1a27 org.chromium.chrome.browser.ChromeTabbedActivity} launchCookies=[] positionInParent=Point(0, 0) parentTaskId=-1 isFocused=true isVisible=false isVisibleRequested=false isSleeping=false topActivityInSizeCompat=false topActivityInMiuiSizeCompat=false topActivityEligibleForLetterboxEducation= false topActivityLetterboxed= false isFromDoubleTap= false topActivityLetterboxVerticalPosition= -1 topActivityLetterboxHorizontalPosition= -1 topActivityLetterboxWidth=-1 topActivityLetterboxHeight=-1 locusId=null displayAreaFeatureId=1 cameraCompatControlState=hidden mIsCastMode=false mTopActivityMediaSize=null mTopActivityRecordName=ActivityRecord{f2f67ae u0 com.android.chrome/org.chromium.chrome.browser.ChromeTabbedActivity t6565} mTopActivityOrientation=-2 mTopActivityWindowIsNowVisible=false isTranslucent=true isEmbedded=false shouldBeVisible=true isImmersive=false mBehindAppLockPkg=null mOriginatingUid=0}
10-09 17:02:25.881  2042  6999 D MiuiSoScManagerStub: supportSoScMinimizedMode:true
10-09 17:02:25.881  2042  6999 D MiuiSoScManagerStub: taskInSoScFullMode:false
10-09 17:02:25.881  2042  6999 D MiuiFreeFormGestureController: deliverResultForFinishActivity resultTo: null resultFrom: ActivityRecord{28b4588 u0 com.android.chrome/com.google.android.apps.chrome.IntentDispatcher t6588 f}} isInVideoOrGameScene: false intent: Intent { act=android.intent.action.VIEW dat=https://issuer.eudiw.dev/... flg=0x10800000 cmp=com.android.chrome/com.google.android.apps.chrome.IntentDispatcher }
10-09 17:02:25.881  2042  6999 D WindowManager: Collecting in transition 513: Task{6df6b46 #6588 type=standard I=com.android.chrome/com.google.android.apps.chrome.IntentDispatcher} init visibleRequested:true
10-09 17:02:25.881  4304  4484 D OneHandedController: stopOneHanded state is 0
10-09 17:02:25.882  4304  4484 D WindowManagerShell: onActivityRestartAttempt: ComponentInfo{com.android.chrome/org.chromium.chrome.browser.ChromeTabbedActivity}
10-09 17:02:25.885  4304  4358 D MiuiFreeformModeObserver: activityResumed() intent： Intent { cmp=com.android.chrome/org.chromium.chrome.browser.document.ChromeLauncherActivity (has extras) }
10-09 17:02:25.887  2042  7043 D WindowManager: Collecting in transition 513: ActivityRecord{28b4588 u0 com.android.chrome/com.google.android.apps.chrome.IntentDispatcher t6588 f}} init visibleRequested:true
10-09 17:02:25.888  2042  7043 D WindowManager: Collecting in transition 513: ActivityRecord{f2f67ae u0 com.android.chrome/org.chromium.chrome.browser.ChromeTabbedActivity t6565} init visibleRequested:false
10-09 17:02:25.888  2042  7043 D WindowManagerService: checkFlipFullScreenChange is same, nowIsFullScreen = false
10-09 17:02:25.889  2042  7000 W AutofillManagerServiceImpl: getFillEventHistory() called by UID 10273, but service UID is 10163
10-09 17:02:25.890  2042  7043 D WindowManager: Collecting in transition 513: ActivityRecord{6150c11 u0 eu.europa.ec.euidi/eu.europa.ec.assemblylogic.ui.MainActivity t6587} init visibleRequested:true
10-09 17:02:25.890  4304  4484 D MiuiFullScreenTaskRepository: setFocusedTask taskId=6565, displayId=0, topActivity=ComponentInfo{com.android.chrome/org.chromium.chrome.browser.ChromeTabbedActivity}
10-09 17:02:25.890  4304  4484 D MiuiFullScreenTaskRepository: addOrUpdateFullScreenTaskInfo taskId=6565, topActivity=ComponentInfo{com.android.chrome/org.chromium.chrome.browser.ChromeTabbedActivity}
10-09 17:02:25.891  2042  7043 D WindowManager: Collecting in transition 513: ActivityRecord{f2f67ae u0 com.android.chrome/org.chromium.chrome.browser.ChromeTabbedActivity t6565} init visibleRequested:true
10-09 17:02:25.891  2042  7043 D WindowManager: Set transition=TransitionRecord{6f0685d id=513 type=OPEN flags=0x0}, ready=true, SyncId=513 
10-09 17:02:25.893  2042  7043 I BLASTSyncEngine: SyncGroup 513:  Unfinished container:ActivityRecord{f2f67ae u0 com.android.chrome/org.chromium.chrome.browser.ChromeTabbedActivity t6565}
10-09 17:02:25.893  2042  7043 I BLASTSyncEngine: isActivitySyncFinished isSyncFinished false ActivityRecord{f2f67ae u0 com.android.chrome/org.chromium.chrome.browser.ChromeTabbedActivity t6565}
10-09 17:02:25.902  2042  6999 D CoreBackPreview: Window{13dfb59 u0 com.android.chrome/org.chromium.chrome.browser.ChromeTabbedActivity}: Setting back callback OnBackInvokedCallbackInfo{mCallback=android.window.IOnBackInvokedCallback$Stub$Proxy@9e95d0b, mPriority=0, mIsAnimationCallback=true}
10-09 17:02:25.906  2042  6997 D ActivityManager: checkAllowBackground: uid=10163 pkg=com.google.android.gms rec=UidRecord{3efeecd u0a163 BTOP change:procstate procs:0 seq(910658,425084)} caps=LCMNFU always=false idle=false
10-09 17:02:25.918  2042  6997 I SmartPower: com.android.chrome:sandboxed_process0:org.chromium.content.app.SandboxedProcessSer-1->background(0ms) R(become background) adj=-10000.
10-09 17:02:25.919  2042  2788 D CompatibilityChangeReporter: Compat change id reported: 143937733; UID 10172; state: ENABLED
10-09 17:02:25.930  2042  7000 D SchedBoost: com.android.chrome:sandboxed_process0:org.chromium.content.app.SandboxedProcessService0:9 boosting, skip reset priority
10-09 17:02:25.935  2042  2788 I ActivityManager: Start proc 6534:com.android.chrome:sandboxed_process0:org.chromium.content.app.SandboxedProcessService0:10/u0ai10 for  {com.android.chrome/org.chromium.content.app.SandboxedProcessService0:10} caller=com.android.chrome
10-09 17:02:25.938  2042  4772 D ActivityManager: checkAllowBackground: uid=10163 pkg=com.google.android.gms rec=UidRecord{3efeecd u0a163 BTOP change:procadj procs:0 seq(910717,425084)} caps=LCMNFU always=false idle=false
10-09 17:02:25.957  2042  4772 D CompatibilityChangeReporter: Compat change id reported: 168419799; UID 10172; state: DISABLED
10-09 17:02:25.957  2042  4772 D CompatibilityChangeReporter: Compat change id reported: 273564678; UID 10172; state: DISABLED
10-09 17:02:25.961  2042  3500 D isUidValid: uid = 90010
10-09 17:02:25.963  6534  6534 E MQSEventManagerDelegate: failed to get MQSService.
10-09 17:02:25.963  6534  6534 W ActivityThread: registerApplicationScoutThread result:false
10-09 17:02:25.972  4304  4358 D MiuiFreeformModeObserver: activityResumed() intent： Intent { cmp=com.android.chrome/org.chromium.chrome.browser.ChromeTabbedActivity (has extras) }
10-09 17:02:25.974  6534  6534 E ForceDarkHelperStubImpl: getForceDarkOriginState transact failed , mService: null
10-09 17:02:25.979  2042  7043 I ActivityManager: Flag disabled. Ignoring finishAttachApplication from uid: 90010. pid: 6534
10-09 17:02:25.986  2042  7043 I BLASTSyncEngine: SyncGroup 513:  Unfinished container:ActivityRecord{f2f67ae u0 com.android.chrome/org.chromium.chrome.browser.ChromeTabbedActivity t6565}
10-09 17:02:25.986  2042  7043 I BLASTSyncEngine: isActivitySyncFinished isSyncFinished false ActivityRecord{f2f67ae u0 com.android.chrome/org.chromium.chrome.browser.ChromeTabbedActivity t6565}
10-09 17:02:25.987  2042  7043 I WindowManager: cancelAnimation removed leash : Surface(name=Surface(name=704023a StatusBar#94)/@0xa8be448 - animation-leash of insets_animation#11054)/@0xd1bdc2
10-09 17:02:25.989  2042  7043 I WindowManager: cancelAnimation removed leash : Surface(name=Surface(name=d968687 NavigationBar0#90)/@0x2f479dd - animation-leash of insets_animation#11082)/@0x4203c6e
10-09 17:02:25.991  2042  7043 D WindowManager: wms.Input focus has changed to Window{13dfb59 u0 com.android.chrome/org.chromium.chrome.browser.ChromeTabbedActivity} display=0 updateInputWindows = true
10-09 17:02:25.991  2042  7043 I MultiSenceManagerInternalStub: getInstance
10-09 17:02:26.018  2042  7043 D ActivityManager: checkAllowBackground: uid=10163 pkg=com.google.android.gms rec=UidRecord{3efeecd u0a163 BTOP change:procadj procs:0 seq(910725,425084)} caps=LCMNFU always=false idle=false
10-09 17:02:26.051  2042  6998 D WindowManager: wms.finishDrawingLocked: mDrawState=COMMIT_DRAW_PENDING Window{13dfb59 u0 com.android.chrome/org.chromium.chrome.browser.ChromeTabbedActivity} in Surface(name=com.android.chrome/org.chromium.chrome.browser.ChromeTabbedActivity#11085)/@0x91fc492
10-09 17:02:26.053  2042  2693 I SmartPower: com.android.chrome/10172(25786): invisible->visible(240ms) R(become visible) adj=0.
10-09 17:02:26.054  2042  3524 I SmartPower: com.google.android.adservices.api/10294(20677): idle->background(10462ms) R(add to whitelist) adj=0.
10-09 17:02:26.054  2042  3524 I SmartPower: com.android.chrome:sandboxed_process0:org.chromium.content.app.SandboxedProcessSeridle->background(8490ms) R(add to whitelist) adj=200.
10-09 17:02:26.054  2042  3524 I SmartPower: com.android.chrome:sandboxed_process0:org.chromium.content.app.SandboxedProcessSeridle->background(8490ms) R(add to whitelist) adj=200.
10-09 17:02:26.054  2042  2693 I WindowManager: wms.showSurfaceRobustly mWin:Window{13dfb59 u0 com.android.chrome/org.chromium.chrome.browser.ChromeTabbedActivity}
10-09 17:02:26.054  2042  3524 I SmartPower: com.android.chrome:sandboxed_process0:org.chromium.content.app.SandboxedProcessSeridle->background(8490ms) R(add to whitelist) adj=920.
10-09 17:02:26.054  2042  3524 I SmartPower: com.android.chrome:sandboxed_process0:org.chromium.content.app.SandboxedProcessSeridle->background(8490ms) R(add to whitelist) adj=920.
10-09 17:02:26.054  2042  3524 I SmartPower: com.android.chrome:sandboxed_process0:org.chromium.content.app.SandboxedProcessSeridle->background(8490ms) R(add to whitelist) adj=910.
10-09 17:02:26.054  2042  2693 D WindowManager: Final targets: [Task{ac848dc #6565 type=standard A=10172:com.android.chrome}, Task{824377 #6587 type=standard A=10030:eu.europa.ec.euidi}]
10-09 17:02:26.055  2042  3524 I SmartPower: com.android.chrome:sandboxed_process0:org.chromium.content.app.SandboxedProcessSeridle->background(8491ms) R(add to whitelist) adj=910.
10-09 17:02:26.055  2042  3524 I SmartPower: com.android.chrome:sandboxed_process0:org.chromium.content.app.SandboxedProcessSeridle->background(8491ms) R(add to whitelist) adj=900.
10-09 17:02:26.055  2042  3524 I SmartPower: com.android.chrome:sandboxed_process0:org.chromium.content.app.SandboxedProcessSeridle->background(10463ms) R(add to whitelist) adj=250.
10-09 17:02:26.069  2042  2693 D WindowManager: Calling onTransitionReady info={id=513 t=OPEN f=0x0 trk=0 r=[0@Point(0, 0)] c=[{WCT{RemoteToken{be892c5 Task{ac848dc #6565 type=standard A=10172:com.android.chrome}}} m=TO_FRONT f=MOVE_TO_TOP leash=Surface(name=Task=6565#9987)/@0x75a594f sb=Rect(0, 0 - 1080, 2400) eb=Rect(0, 0 - 1080, 2400) d=0},{WCT{RemoteToken{251eebd Task{824377 #6587 type=standard A=10030:eu.europa.ec.euidi}}} m=TO_BACK f=NONE leash=Surface(name=Task=6587#11043)/@0x6c98176 sb=Rect(0, 0 - 1080, 2400) eb=Rect(0, 0 - 1080, 2400) d=0}] noAni=[false] df=[false] mk=[true] nc=[0]}, mToken=Token{8bce48d TransitionRecord{6f0685d id=513 type=OPEN flags=0x0}}
10-09 17:02:26.070  2042  2693 I BLASTSyncEngine: finishNow: after onTransactionReady, mSyncId=513
10-09 17:02:26.071  4304  4484 D MiuiFreeformAnimation: startAnimation change: {WCT{android.window.IWindowContainerToken$Stub$Proxy@cf431c3} m=TO_FRONT f=MOVE_TO_TOP leash=Surface(name=Task=6565#9987)/@0xd6f34d4 sb=Rect(0, 0 - 1080, 2400) eb=Rect(0, 0 - 1080, 2400) d=0} info.getType(): 1
10-09 17:02:26.071  4304  4484 I MiuiFreeformAnimation: isLaunchWidgetPicker=false,taskInfo.getWindowingMode()=1, taskInfo.getActivityType()=1
10-09 17:02:26.071  4304  4304 D ArtChoreographerMonitor: invoke error.
10-09 17:02:26.072  4304  4484 D MiuiFreeformAnimation: startAnimation change: {WCT{android.window.IWindowContainerToken$Stub$Proxy@af4ca40} m=TO_BACK f=NONE leash=Surface(name=Task=6587#11043)/@0xa6a467d sb=Rect(0, 0 - 1080, 2400) eb=Rect(0, 0 - 1080, 2400) d=0} info.getType(): 1
10-09 17:02:26.072  4304  4484 W MiuiTaskTransitionHandler: Receive an unknown transition, token=android.os.BinderProxy@6a9844b, type=1
10-09 17:02:26.073  4304  4484 D TransitionAnimationHelper:  load default animation  type = 1 enter = false animAttr = 9 isTask = true translucent = false
10-09 17:02:26.073  4304  4484 D TransitionAnimationHelper:  load default animation  type = 1 enter = true animAttr = 8 isTask = true translucent = false
10-09 17:02:26.074  4304  4520 D ShellTransitions: speed ui!!!!!!!!!!!
10-09 17:02:26.076  4304  4484 D MiuiFullScreenTaskRepository: setFocusedTask taskId=6565, displayId=0, topActivity=ComponentInfo{com.android.chrome/org.chromium.chrome.browser.ChromeTabbedActivity}
10-09 17:02:26.076  4304  4484 D MiuiFullScreenTaskRepository: addOrUpdateFullScreenTaskInfo taskId=6565, topActivity=ComponentInfo{com.android.chrome/org.chromium.chrome.browser.ChromeTabbedActivity}
10-09 17:02:26.081  4304  4484 D SoScUtils: monitorTransitionFinished transition:android.os.BinderProxy@6a9844b transaction: android.view.SurfaceControl$Transaction@57ec8ed mRequestCloseTransition:null mRequestOpenTransition:null mPairsOpenTransition:null mPairsOpenTransitionNull:null mRequestOpenTriggerTask:-1 mRequestCloseTriggerTask:-1 mOrientationTransition: null mMainStartingTask:-1 mSideStartingTask:-1
10-09 17:02:26.082  2042  6999 D ActivityManager: checkAllowBackground: uid=10163 pkg=com.google.android.gms rec=UidRecord{3efeecd u0a163 BTOP change:procadj procs:0 seq(910886,425084)} caps=LCMNFU always=false idle=false
10-09 17:02:26.085  2042  6997 I Transition: finishTransition: updateLastSurfacePosition tf=Task{6df6b46 #6588 type=standard I=com.android.chrome/com.google.android.apps.chrome.IntentDispatcher}
10-09 17:02:26.085  2042  6997 I Transition: finishTransition: updateLastSurfacePosition tf=Task{ac848dc #6565 type=standard A=10172:com.android.chrome}
10-09 17:02:26.088  2042  2692 I SmartPower: eu.europa.ec.euidi/10030(6347): visible->invisible(14853ms) R(become invisible) adj=200.
10-09 17:02:26.088  2042  2692 I SmartPower: eu.europa.ec.euidi/10030(6347): invisible->background(0ms) R(become background) adj=200.
10-09 17:02:26.093  4304  4484 D MiuiFullScreenTaskRepository: addOrUpdateFullScreenTaskInfo taskId=6587, topActivity=ComponentInfo{eu.europa.ec.euidi/eu.europa.ec.assemblylogic.ui.MainActivity}
10-09 17:02:26.109  2042  6878 W PresentationStatsEventLogger: Shouldn't be logging AutofillPresentationEventReported again for same event
10-09 17:02:26.111  2042  4772 D CompatibilityChangeReporter: Compat change id reported: 214016041; UID 10172; state: ENABLED
10-09 17:02:26.112  6347  6347 D ActivityThread: Fail to check app heapsize due to java.lang.NoSuchMethodException: dalvik.system.VMRuntime.getBlockingGcCountForAlloc []
10-09 17:02:26.122  2042  6998 I WindowManager: cancelAnimation removed leash : Surface(name=Surface(name=49d5fba InputMethod#118)/@0xbb23dc8 - animation-leash of insets_animation#11058)/@0x54eec40
10-09 17:02:26.123  2042  6997 W PackageConfigPersister: App-specific configuration not found for packageName: com.android.chrome and userId: 0
10-09 17:02:26.123  2042  2690 D Aurogon :  uid = 10030 switch to BG
10-09 17:02:26.123  2042  3500 D isUidValid: uid = 10030
10-09 17:02:26.247  4304  4304 D ArtChoreographerMonitor: invoke error.
10-09 17:02:26.390  4304  4304 D ArtChoreographerMonitor: invoke error.
10-09 17:02:26.560  4304  4304 D ArtChoreographerMonitor: invoke error.
10-09 17:02:26.785  2042  3524 I SmartPower: com.google.android.inputmethod.latin/10176(6431): background->idle(3022ms) R(become invisible) adj=100.
10-09 17:02:27.241  2042  6999 W MIUIInput: Input event injection from package: null action ACTION_DOWN
10-09 17:02:27.242  2042  3516 I ProcessManager: getRenderThreadTidByPid, caller=2042
10-09 17:02:27.244  2042  6999 W MIUIInput: Input event injection from package: null action ACTION_UP
10-09 17:02:27.374  2042  6999 W MIUIInput: Input event injection from package: null action ACTION_DOWN
10-09 17:02:27.375  2042  3516 I ProcessManager: getRenderThreadTidByPid, caller=2042
10-09 17:02:27.378  2042  6999 W MIUIInput: Input event injection from package: null action ACTION_UP
10-09 17:02:27.400  2042  6998 D ActivityManager: checkAllowBackground: uid=10163 pkg=com.google.android.gms rec=UidRecord{3efeecd u0a163 BTOP change:procadj procs:0 seq(911138,425084)} caps=LCMNFU always=false idle=false
10-09 17:02:27.510  2183  2183 I wificond: station_bandwidth: P
10-09 17:02:27.695  2042  6999 D SchedBoost: com.android.chrome:sandboxed_process0:org.chromium.content.app.SandboxedProcessService0:10 boosting, skip reset priority
10-09 17:02:28.744  2042  6998 W MIUIInput: Input event injection from package: null action ACTION_DOWN
10-09 17:02:28.746  2042  3516 I ProcessManager: getRenderThreadTidByPid, caller=2042
10-09 17:02:28.748  2042  6998 W MIUIInput: Input event injection from package: null action ACTION_UP
10-09 17:02:28.760  2042  6999 D ActivityManager: checkAllowBackground: uid=10163 pkg=com.google.android.gms rec=UidRecord{3efeecd u0a163 BTOP change:procadj procs:0 seq(911142,425084)} caps=LCMNFU always=false idle=false
10-09 17:02:28.773  2042  6998 W PackageConfigPersister: App-specific configuration not found for packageName: com.android.chrome and userId: 0
10-09 17:02:28.773  2042  4772 I InputMethodManagerService: IMMS.showSoftInput(), client = com.android.internal.inputmethod.IInputMethodClient$Stub$Proxy@84bdfd8
10-09 17:02:28.773  2042  4772 I InputMethodManagerService: IMMS.showCurrentInputLocked(), flags = 0
10-09 17:02:28.773  2042  4772 D SmartPower: com.google.android.inputmethod.latin/10176(6431): show input method
10-09 17:02:28.773  2042  4772 I SmartPower: com.google.android.inputmethod.latin/10176(6431): idle->visible(1988ms) R(show input method) adj=100.
10-09 17:02:28.774  2042  4772 I DefaultImeVisibilityApplier: IMMS.showCurrentInputLocked request ims to show inputMethod.
10-09 17:02:28.866  2042  4772 I InputMethodManagerService: IMMS.showSoftInput(), client = com.android.internal.inputmethod.IInputMethodClient$Stub$Proxy@68b2184
10-09 17:02:28.866  2042  4772 I InputMethodManagerService: IMMS.showCurrentInputLocked(), flags = 0
10-09 17:02:28.866  2042  4772 D SmartPower: com.google.android.inputmethod.latin/10176(6431): show input method
10-09 17:02:28.866  2042  4772 I DefaultImeVisibilityApplier: IMMS.showCurrentInputLocked request ims to show inputMethod.
10-09 17:02:28.893  2042  7043 D ActivityManager: checkAllowBackground: uid=10163 pkg=com.google.android.gms rec=UidRecord{3efeecd u0a163 BTOP change:procadj procs:0 seq(911150,425084)} caps=LCMNFU always=false idle=false
10-09 17:02:28.899  2042  6878 D CoreBackPreview: Window{13dfb59 u0 com.android.chrome/org.chromium.chrome.browser.ChromeTabbedActivity}: Setting back callback OnBackInvokedCallbackInfo{mCallback=android.window.IOnBackInvokedCallback$Stub$Proxy@29e3da2, mPriority=0, mIsAnimationCallback=false}
10-09 17:02:28.907  4304  4484 D MiuiFreeformModeController: avoidForInsetsBottomChangedIfNeed oldMoveableBottom: 2270 newMoveableBounds: 2270
10-09 17:02:28.910  2042  7043 I InputMethodManagerService: IMMS.applyImeVisibility(), setVisible = true, mCurclient = ClientState{c28f9c5 mUid=10172 mPid=25786 mSelfReportedDisplayId=0}
10-09 17:02:28.911  2042  7043 I WindowManager: WMS.showImePostLayout(), imeTarget = Window{13dfb59 u0 com.android.chrome/org.chromium.chrome.browser.ChromeTabbedActivity}
10-09 17:02:28.912  2042  6878 D ActivityManager: checkAllowBackground: uid=10163 pkg=com.google.android.gms rec=UidRecord{3efeecd u0a163 BTOP change:procadj procs:0 seq(911160,425084)} caps=LCMNFU always=false idle=false
10-09 17:02:28.919  4304  4484 D MiuiFreeformModeController: avoidForInsetsBottomChangedIfNeed oldMoveableBottom: 2270 newMoveableBounds: 2270
10-09 17:02:28.925  2042  4772 D WindowManager: wms.finishDrawingLocked: mDrawState=COMMIT_DRAW_PENDING Window{49d5fba u0 InputMethod} in Surface(name=InputMethod#11097)/@0xc5ad1f0
10-09 17:02:28.927  2042  4772 I InputMethodManagerService: IMMS.applyImeVisibility(), setVisible = true, mCurclient = ClientState{c28f9c5 mUid=10172 mPid=25786 mSelfReportedDisplayId=0}
10-09 17:02:28.928  2042  2693 I ImeInsetsSourceProvider: ImeInsetsSourceProvider.scheduleShowImePostLayout() Run showImeRunner.
10-09 17:02:28.928  2042  2693 I ImeInsetsSourceProvider: ImeInsetsSourceProvider.scheduleShowImePostLayout() isReadyToShowIme.
10-09 17:02:28.931  2042  4772 I WindowManager: WMS.showImePostLayout(), imeTarget = Window{13dfb59 u0 com.android.chrome/org.chromium.chrome.browser.ChromeTabbedActivity}
10-09 17:02:28.933  2042  2693 I ImeInsetsSourceProvider: ImeInsetsSourceProvider.scheduleShowImePostLayout() Run showImeRunner.
10-09 17:02:28.933  2042  2693 I ImeInsetsSourceProvider: ImeInsetsSourceProvider.scheduleShowImePostLayout() isReadyToShowIme.
10-09 17:02:28.936  2042  7000 I WindowManager: cancelAnimation removed leash : Surface(name=Surface(name=d968687 NavigationBar0#90)/@0x2f479dd - animation-leash of insets_animation#11087)/@0xf577dbf
10-09 17:02:28.937  4304  4484 D MiuiFreeformModeController: avoidForInsetsBottomChangedIfNeed oldMoveableBottom: 2270 newMoveableBounds: 2270
10-09 17:02:28.938  4304  4484 D ImePositionProcessor: onImeVisibilityChanged     isShowing:  true
10-09 17:02:28.938  2042  2693 I WindowManager: input method visible height changed 701
10-09 17:02:28.938  2042  3126 I ITouchFeature: current device and process support version:2
10-09 17:02:28.939  2042  2693 I WindowManager: wms.showSurfaceRobustly mWin:Window{49d5fba u0 InputMethod}
10-09 17:02:28.939  4304  4484 D MiuiFreeformModeController: onImeVisibilityChanged imeVisible: true imeHeight: 701 adjustedForRotation:false
10-09 17:02:28.939  4304  4484 D MiuiFreeformModeAvoidAlgorithm: begin autoOrderingAvoidMiniTask
10-09 17:02:28.939  4304  4484 D MiuiFreeformModeAvoidAlgorithm: getCurrMiniPos: SameSideMiniPosList: []
10-09 17:02:28.939  4304  4484 D MiuiFreeformModeAvoidAlgorithm: getCurrMiniPos: SameSideMiniPosList: []
10-09 17:02:28.939  4304  4484 D MiuiFreeformModeAvoidAlgorithm: end autoOrderingAvoidMiniTask res:AvoidResult{distance=0, combination={}, activeTaskPos=Rect(0, 0 - 0, 0)}
10-09 17:02:28.952  4304  4304 D ArtChoreographerMonitor: invoke error.
10-09 17:02:28.955  4304  4484 D OneHandedController: stopOneHanded state is 0
10-09 17:02:29.089  2042  3524 I SmartPower: eu.europa.ec.euidi/10030(6347): background->idle(3001ms) R(become background) adj=700.
10-09 17:02:29.125  4304  4304 D ArtChoreographerMonitor: invoke error.
10-09 17:02:29.584  2042  7000 D WindowManagerService: checkFlipFullScreenChange is same, nowIsFullScreen = false
10-09 17:02:29.607  2042  7000 D WindowManagerService: checkFlipFullScreenChange is same, nowIsFullScreen = false
10-09 17:02:30.248  2042  7000 W MIUIInput: Input event injection from package: null action ACTION_DOWN
10-09 17:02:30.250  2042  3516 I ProcessManager: getRenderThreadTidByPid, caller=2042
10-09 17:02:30.252  2042  7000 W MIUIInput: Input event injection from package: null action ACTION_UP
10-09 17:02:30.276  2042  7000 I InputMethodManagerService: IMMS.applyImeVisibility(), setVisible = false, mCurclient = ClientState{c28f9c5 mUid=10172 mPid=25786 mSelfReportedDisplayId=0}
10-09 17:02:30.277  4304  4304 D ArtChoreographerMonitor: invoke error.
10-09 17:02:30.284  2042  6998 W PackageConfigPersister: App-specific configuration not found for packageName: com.android.chrome and userId: 0
10-09 17:02:30.284  2042  6878 D CoreBackPreview: Window{13dfb59 u0 com.android.chrome/org.chromium.chrome.browser.ChromeTabbedActivity}: Setting back callback OnBackInvokedCallbackInfo{mCallback=android.window.IOnBackInvokedCallback$Stub$Proxy@e0ddefa, mPriority=0, mIsAnimationCallback=true}
10-09 17:02:30.285  2042  7000 D PerfShielderService: com.android.chrome|com.android.chrome/org.chromium.chrome.browser.ChromeTabbedActivity|113|47158131351331|88|0|2
10-09 17:02:30.287  6649  7642 W MiuiPerfServiceClient: interceptAndQueuing:25786|com.android.chrome|113|88|47158131351331|Slow main thread|2
10-09 17:02:30.288  4304  4484 D MiuiFreeformModeController: avoidForInsetsBottomChangedIfNeed oldMoveableBottom: 2270 newMoveableBounds: 2270
10-09 17:02:30.288  4304  4484 D ImePositionProcessor: onImeVisibilityChanged     isShowing:  false
10-09 17:02:30.292  2042  2692 I WindowManager: input method visible height changed 0
10-09 17:02:30.293  2042  3126 I ITouchFeature: current device and process support version:2
10-09 17:02:30.294  4304  4484 D MiuiFreeformModeController: onImeVisibilityChanged imeVisible: false imeHeight: 0 adjustedForRotation:false
10-09 17:02:30.295  4304  4484 D MiuiFreeformModeAvoidAlgorithm: begin autoOrderingAvoidMiniTask
10-09 17:02:30.295  4304  4484 D MiuiFreeformModeAvoidAlgorithm: getCurrMiniPos: SameSideMiniPosList: []
10-09 17:02:30.295  4304  4484 D MiuiFreeformModeAvoidAlgorithm: getCurrMiniPos: SameSideMiniPosList: []
10-09 17:02:30.295  4304  4484 D MiuiFreeformModeAvoidAlgorithm: end autoOrderingAvoidMiniTask res:AvoidResult{distance=0, combination={}, activeTaskPos=Rect(0, 0 - 0, 0)}
10-09 17:02:30.447  4304  4304 D ArtChoreographerMonitor: invoke error.
10-09 17:02:30.518  2183  2183 I wificond: station_bandwidth: P
10-09 17:02:30.822  2042  6878 I SmartPower: com.google.android.inputmethod.latin/10176(6431): visible->invisible(2049ms) R(become invisible) adj=100.
10-09 17:02:30.823  2042  6878 I SmartPower: com.google.android.inputmethod.latin/10176(6431): invisible->background(0ms) R(become background) adj=100.
10-09 17:02:30.826  4304  4484 D MiuiFreeformModeController: avoidForInsetsBottomChangedIfNeed oldMoveableBottom: 2270 newMoveableBounds: 2270
10-09 17:02:30.831  4304  4484 D MiuiFreeformModeController: avoidForInsetsBottomChangedIfNeed oldMoveableBottom: 2270 newMoveableBounds: 2270
10-09 17:02:31.025  2042  6878 W MIUIInput: Input event injection from package: null action ACTION_DOWN
10-09 17:02:31.026  2042  3516 I ProcessManager: getRenderThreadTidByPid, caller=2042
10-09 17:02:31.028  2042  6878 W MIUIInput: Input event injection from package: null action ACTION_UP
10-09 17:02:31.041  2042  6878 I InputMethodManagerService: IMMS.showSoftInput(), client = com.android.internal.inputmethod.IInputMethodClient$Stub$Proxy@6e90887
10-09 17:02:31.041  2042  6878 I InputMethodManagerService: IMMS.showCurrentInputLocked(), flags = 0
10-09 17:02:31.041  2042  6878 D SmartPower: com.google.android.inputmethod.latin/10176(6431): show input method
10-09 17:02:31.042  2042  6878 I SmartPower: com.google.android.inputmethod.latin/10176(6431): background->visible(219ms) R(show input method) adj=100.
10-09 17:02:31.042  2042  7043 W PackageConfigPersister: App-specific configuration not found for packageName: com.android.chrome and userId: 0
10-09 17:02:31.042  2042  6878 I DefaultImeVisibilityApplier: IMMS.showCurrentInputLocked request ims to show inputMethod.
10-09 17:02:31.073  2042  7043 I InputMethodManagerService: IMMS.showSoftInput(), client = com.android.internal.inputmethod.IInputMethodClient$Stub$Proxy@bffcbdd
10-09 17:02:31.073  2042  7043 I InputMethodManagerService: IMMS.showCurrentInputLocked(), flags = 0
10-09 17:02:31.073  2042  7043 D SmartPower: com.google.android.inputmethod.latin/10176(6431): show input method
10-09 17:02:31.073  2042  7043 I DefaultImeVisibilityApplier: IMMS.showCurrentInputLocked request ims to show inputMethod.
10-09 17:02:31.092  2042  7043 I InputMethodManagerService: IMMS.applyImeVisibility(), setVisible = true, mCurclient = ClientState{c28f9c5 mUid=10172 mPid=25786 mSelfReportedDisplayId=0}
10-09 17:02:31.092  2042  7043 I WindowManager: WMS.showImePostLayout(), imeTarget = Window{13dfb59 u0 com.android.chrome/org.chromium.chrome.browser.ChromeTabbedActivity}
10-09 17:02:31.100  4304  4484 D MiuiFreeformModeController: avoidForInsetsBottomChangedIfNeed oldMoveableBottom: 2270 newMoveableBounds: 2270
10-09 17:02:31.103  2042  7000 D CoreBackPreview: Window{13dfb59 u0 com.android.chrome/org.chromium.chrome.browser.ChromeTabbedActivity}: Setting back callback OnBackInvokedCallbackInfo{mCallback=android.window.IOnBackInvokedCallback$Stub$Proxy@5b248d9, mPriority=0, mIsAnimationCallback=false}
10-09 17:02:31.103  2042  6997 D ActivityManager: checkAllowBackground: uid=10163 pkg=com.google.android.gms rec=UidRecord{3efeecd u0a163 BTOP change:procadj procs:0 seq(911164,425084)} caps=LCMNFU always=false idle=false
10-09 17:02:31.112  4304  4484 D MiuiFreeformModeController: avoidForInsetsBottomChangedIfNeed oldMoveableBottom: 2270 newMoveableBounds: 2270
10-09 17:02:31.119  2042  6999 D WindowManager: wms.finishDrawingLocked: mDrawState=COMMIT_DRAW_PENDING Window{49d5fba u0 InputMethod} in Surface(name=InputMethod#11099)/@0xc43a623
10-09 17:02:31.121  2042  2693 I ImeInsetsSourceProvider: ImeInsetsSourceProvider.scheduleShowImePostLayout() Run showImeRunner.
10-09 17:02:31.121  2042  2693 I ImeInsetsSourceProvider: ImeInsetsSourceProvider.scheduleShowImePostLayout() isReadyToShowIme.
10-09 17:02:31.121  2042  7043 I InputMethodManagerService: IMMS.applyImeVisibility(), setVisible = true, mCurclient = ClientState{c28f9c5 mUid=10172 mPid=25786 mSelfReportedDisplayId=0}
10-09 17:02:31.124  2042  7043 I WindowManager: WMS.showImePostLayout(), imeTarget = Window{13dfb59 u0 com.android.chrome/org.chromium.chrome.browser.ChromeTabbedActivity}
10-09 17:02:31.126  2042  2693 I ImeInsetsSourceProvider: ImeInsetsSourceProvider.scheduleShowImePostLayout() Run showImeRunner.
10-09 17:02:31.126  2042  2693 I ImeInsetsSourceProvider: ImeInsetsSourceProvider.scheduleShowImePostLayout() isReadyToShowIme.
10-09 17:02:31.130  2042  4772 I WindowManager: cancelAnimation removed leash : Surface(name=Surface(name=d968687 NavigationBar0#90)/@0x2f479dd - animation-leash of insets_animation#11098)/@0x5344cab
10-09 17:02:31.130  4304  4484 D MiuiFreeformModeController: avoidForInsetsBottomChangedIfNeed oldMoveableBottom: 2270 newMoveableBounds: 2270
10-09 17:02:31.131  4304  4484 D ImePositionProcessor: onImeVisibilityChanged     isShowing:  true
10-09 17:02:31.131  2042  6878 D ActivityManager: checkAllowBackground: uid=10163 pkg=com.google.android.gms rec=UidRecord{3efeecd u0a163 BTOP change:procadj procs:0 seq(911168,425084)} caps=LCMNFU always=false idle=false
10-09 17:02:31.132  2042  2693 I WindowManager: wms.showSurfaceRobustly mWin:Window{49d5fba u0 InputMethod}
10-09 17:02:31.132  4304  4484 D MiuiFreeformModeController: onImeVisibilityChanged imeVisible: true imeHeight: 701 adjustedForRotation:false
10-09 17:02:31.132  4304  4484 D MiuiFreeformModeAvoidAlgorithm: begin autoOrderingAvoidMiniTask
10-09 17:02:31.132  4304  4484 D MiuiFreeformModeAvoidAlgorithm: getCurrMiniPos: SameSideMiniPosList: []
10-09 17:02:31.132  4304  4484 D MiuiFreeformModeAvoidAlgorithm: getCurrMiniPos: SameSideMiniPosList: []
10-09 17:02:31.132  4304  4484 D MiuiFreeformModeAvoidAlgorithm: end autoOrderingAvoidMiniTask res:AvoidResult{distance=0, combination={}, activeTaskPos=Rect(0, 0 - 0, 0)}
10-09 17:02:31.133  2042  2693 I WindowManager: input method visible height changed 701
10-09 17:02:31.133  2042  3126 I ITouchFeature: current device and process support version:2
10-09 17:02:31.152  4304  4304 D ArtChoreographerMonitor: invoke error.
10-09 17:02:31.153  4304  4484 D OneHandedController: stopOneHanded state is 0
10-09 17:02:31.323  4304  4304 D ArtChoreographerMonitor: invoke error.
10-09 17:02:31.771  2042  6878 D WindowManagerService: checkFlipFullScreenChange is same, nowIsFullScreen = false
10-09 17:02:31.794  2042  6878 D WindowManagerService: checkFlipFullScreenChange is same, nowIsFullScreen = false
10-09 17:02:32.445  2042  6878 W MIUIInput: Input event injection from package: null action ACTION_DOWN
10-09 17:02:32.447  2042  3516 I ProcessManager: getRenderThreadTidByPid, caller=2042
10-09 17:02:32.448  2042  6878 W MIUIInput: Input event injection from package: null action ACTION_UP
10-09 17:02:32.473  2042  6878 I InputMethodManagerService: IMMS.applyImeVisibility(), setVisible = false, mCurclient = ClientState{c28f9c5 mUid=10172 mPid=25786 mSelfReportedDisplayId=0}
10-09 17:02:32.474  4304  4304 D ArtChoreographerMonitor: invoke error.
10-09 17:02:32.479  2042  7043 W PackageConfigPersister: App-specific configuration not found for packageName: com.android.chrome and userId: 0
10-09 17:02:32.502  2042  6878 I WindowManager: cancelAnimation removed leash : Surface(name=Surface(name=704023a StatusBar#94)/@0xa8be448 - animation-leash of insets_animation#11086)/@0xa1f5b19
10-09 17:02:32.505  2042  6878 D WindowManager: wms.Input focus has changed to Window{8c5b69b u0 com.android.chrome/org.chromium.chrome.browser.ChromeTabbedActivity} display=0 updateInputWindows = false
10-09 17:02:32.505  2042  6878 I MultiSenceManagerInternalStub: getInstance
10-09 17:02:32.509  2042  2693 D WindowManager: wms.Focus not requested for window=Window{8c5b69b u0 com.android.chrome/org.chromium.chrome.browser.ChromeTabbedActivity} because it has no surface or is not focusable.
10-09 17:02:32.519  2042  6878 D CoreBackPreview: Window{8c5b69b u0 com.android.chrome/org.chromium.chrome.browser.ChromeTabbedActivity}: Setting back callback OnBackInvokedCallbackInfo{mCallback=android.window.IOnBackInvokedCallback$Stub$Proxy@9b0664d, mPriority=-1, mIsAnimationCallback=false}
10-09 17:02:32.546  2042  7043 D WindowManager: wms.finishDrawingLocked: mDrawState=COMMIT_DRAW_PENDING Window{8c5b69b u0 com.android.chrome/org.chromium.chrome.browser.ChromeTabbedActivity} in Surface(name=com.android.chrome/org.chromium.chrome.browser.ChromeTabbedActivity#11102)/@0xbd53502
10-09 17:02:32.559  2042  2693 I WindowManager: wms.showSurfaceRobustly mWin:Window{8c5b69b u0 com.android.chrome/org.chromium.chrome.browser.ChromeTabbedActivity}
10-09 17:02:32.568  2042  6878 D CoreBackPreview: Window{13dfb59 u0 com.android.chrome/org.chromium.chrome.browser.ChromeTabbedActivity}: Setting back callback OnBackInvokedCallbackInfo{mCallback=android.window.IOnBackInvokedCallback$Stub$Proxy@9a29168, mPriority=0, mIsAnimationCallback=true}
10-09 17:02:32.570  4304  4484 D MiuiFreeformModeController: avoidForInsetsBottomChangedIfNeed oldMoveableBottom: 2270 newMoveableBounds: 2270
10-09 17:02:32.570  4304  4484 D ImePositionProcessor: onImeVisibilityChanged     isShowing:  false
10-09 17:02:32.576  2042  2693 I WindowManager: input method visible height changed 0
10-09 17:02:32.576  2042  3126 I ITouchFeature: current device and process support version:2
10-09 17:02:32.595  4304  4484 D MiuiFreeformModeController: onImeVisibilityChanged imeVisible: false imeHeight: 0 adjustedForRotation:false
10-09 17:02:32.596  4304  4484 D MiuiFreeformModeAvoidAlgorithm: begin autoOrderingAvoidMiniTask
10-09 17:02:32.596  4304  4484 D MiuiFreeformModeAvoidAlgorithm: getCurrMiniPos: SameSideMiniPosList: []
10-09 17:02:32.596  4304  4484 D MiuiFreeformModeAvoidAlgorithm: getCurrMiniPos: SameSideMiniPosList: []
10-09 17:02:32.596  4304  4484 D MiuiFreeformModeAvoidAlgorithm: end autoOrderingAvoidMiniTask res:AvoidResult{distance=0, combination={}, activeTaskPos=Rect(0, 0 - 0, 0)}
10-09 17:02:32.742  4304  4304 D ArtChoreographerMonitor: invoke error.
10-09 17:02:33.086  2042  6997 I SmartPower: com.google.android.inputmethod.latin/10176(6431): visible->invisible(2044ms) R(become invisible) adj=100.
10-09 17:02:33.086  2042  6997 I SmartPower: com.google.android.inputmethod.latin/10176(6431): invisible->background(1ms) R(become background) adj=100.
10-09 17:02:33.089  4304  4484 D MiuiFreeformModeController: avoidForInsetsBottomChangedIfNeed oldMoveableBottom: 2270 newMoveableBounds: 2270
10-09 17:02:33.094  4304  4484 D MiuiFreeformModeController: avoidForInsetsBottomChangedIfNeed oldMoveableBottom: 2270 newMoveableBounds: 2270
10-09 17:02:33.222  2042  6997 W MIUIInput: Input event injection from package: null action ACTION_DOWN
10-09 17:02:33.223  2042  3516 I ProcessManager: getRenderThreadTidByPid, caller=2042
10-09 17:02:33.225  2042  6997 W MIUIInput: Input event injection from package: null action ACTION_UP
10-09 17:02:33.236  2042  6999 D CoreBackPreview: Window{8c5b69b u0 com.android.chrome/org.chromium.chrome.browser.ChromeTabbedActivity}: Setting back callback null
