10-09 17:02:59.701  2042  4772 I InputMethodManagerService: IMMS.showSoftInput(), client = com.android.internal.inputmethod.IInputMethodClient$Stub$Proxy@d23c347
10-09 17:02:59.701  2042  4772 I InputMethodManagerService: IMMS.showCurrentInputLocked(), flags = 0
10-09 17:02:59.701  2042  4772 D SmartPower: com.google.android.inputmethod.latin/10176(6431): show input method
10-09 17:02:59.702  2042  4772 I DefaultImeVisibilityApplier: IMMS.showCurrentInputLocked request ims to show inputMethod.
10-09 17:02:59.718  2042  4772 I InputMethodManagerService: IMMS.applyImeVisibility(), setVisible = true, mCurclient = ClientState{c28f9c5 mUid=10172 mPid=25786 mSelfReportedDisplayId=0}
10-09 17:02:59.718  2042  4772 I WindowManager: WMS.showImePostLayout(), imeTarget = Window{13dfb59 u0 com.android.chrome/org.chromium.chrome.browser.ChromeTabbedActivity}
10-09 17:02:59.719  2042  4100 D ActivityManager: checkAllowBackground: uid=10163 pkg=com.google.android.gms rec=UidRecord{3efeecd u0a163 BTOP change:procadj procs:0 seq(912209,425084)} caps=LCMNFU always=false idle=false
10-09 17:02:59.722  2042  6982 D CoreBackPreview: Window{13dfb59 u0 com.android.chrome/org.chromium.chrome.browser.ChromeTabbedActivity}: Setting back callback OnBackInvokedCallbackInfo{mCallback=android.window.IOnBackInvokedCallback$Stub$Proxy@da3f774, mPriority=0, mIsAnimationCallback=false}
10-09 17:02:59.727  4304  4484 D MiuiFreeformModeController: avoidForInsetsBottomChangedIfNeed oldMoveableBottom: 2270 newMoveableBounds: 2270
10-09 17:02:59.739  4304  4484 D MiuiFreeformModeController: avoidForInsetsBottomChangedIfNeed oldMoveableBottom: 2270 newMoveableBounds: 2270
10-09 17:02:59.743  2042  7043 D WindowManager: wms.finishDrawingLocked: mDrawState=COMMIT_DRAW_PENDING Window{49d5fba u0 InputMethod} in Surface(name=InputMethod#11146)/@0xe605d12
10-09 17:02:59.745  2042  4100 I InputMethodManagerService: IMMS.applyImeVisibility(), setVisible = true, mCurclient = ClientState{c28f9c5 mUid=10172 mPid=25786 mSelfReportedDisplayId=0}
10-09 17:02:59.746  2042  2693 I ImeInsetsSourceProvider: ImeInsetsSourceProvider.scheduleShowImePostLayout() Run showImeRunner.
10-09 17:02:59.746  2042  2693 I ImeInsetsSourceProvider: ImeInsetsSourceProvider.scheduleShowImePostLayout() isReadyToShowIme.
10-09 17:02:59.749  2042  6878 D ActivityManager: checkAllowBackground: uid=10163 pkg=com.google.android.gms rec=UidRecord{3efeecd u0a163 BTOP change:procadj procs:0 seq(912213,425084)} caps=LCMNFU always=false idle=false
10-09 17:02:59.750  2042  4100 I WindowManager: WMS.showImePostLayout(), imeTarget = Window{13dfb59 u0 com.android.chrome/org.chromium.chrome.browser.ChromeTabbedActivity}
10-09 17:02:59.751  2042  2693 I ImeInsetsSourceProvider: ImeInsetsSourceProvider.scheduleShowImePostLayout() Run showImeRunner.
10-09 17:02:59.751  2042  2693 I ImeInsetsSourceProvider: ImeInsetsSourceProvider.scheduleShowImePostLayout() isReadyToShowIme.
10-09 17:02:59.755  2042  4772 I WindowManager: cancelAnimation removed leash : Surface(name=Surface(name=d968687 NavigationBar0#90)/@0x2f479dd - animation-leash of insets_animation#11145)/@0xd9568dc
10-09 17:02:59.755  4304  4484 D MiuiFreeformModeController: avoidForInsetsBottomChangedIfNeed oldMoveableBottom: 2270 newMoveableBounds: 2270
10-09 17:02:59.755  4304  4484 D ImePositionProcessor: onImeVisibilityChanged     isShowing:  true
10-09 17:02:59.756  2042  2693 I WindowManager: wms.showSurfaceRobustly mWin:Window{49d5fba u0 InputMethod}
10-09 17:02:59.757  4304  4484 D MiuiFreeformModeController: onImeVisibilityChanged imeVisible: true imeHeight: 701 adjustedForRotation:false
10-09 17:02:59.757  4304  4484 D MiuiFreeformModeAvoidAlgorithm: begin autoOrderingAvoidMiniTask
10-09 17:02:59.757  4304  4484 D MiuiFreeformModeAvoidAlgorithm: getCurrMiniPos: SameSideMiniPosList: []
10-09 17:02:59.757  4304  4484 D MiuiFreeformModeAvoidAlgorithm: getCurrMiniPos: SameSideMiniPosList: []
10-09 17:02:59.757  4304  4484 D MiuiFreeformModeAvoidAlgorithm: end autoOrderingAvoidMiniTask res:AvoidResult{distance=0, combination={}, activeTaskPos=Rect(0, 0 - 0, 0)}
10-09 17:02:59.758  2042  2693 I WindowManager: input method visible height changed 701
10-09 17:02:59.758  2042  3126 I ITouchFeature: current device and process support version:2
10-09 17:02:59.771  4304  4304 D ArtChoreographerMonitor: invoke error.
10-09 17:02:59.773  4304  4484 D OneHandedController: stopOneHanded state is 0
10-09 17:02:59.942  4304  4304 D ArtChoreographerMonitor: invoke error.
10-09 17:03:00.000  2042  3123 D ActivityManager: checkAllowBackground: uid=1000 pkg=android rec=UidRecord{b77cac0 1000 PER  fgServices change:procadj procs:0 seq(912183,448524)} caps=LCMNFU always=false idle=false
10-09 17:03:00.001  2042  3123 D AlarmManager: mBroadcastRefCount -> 1
10-09 17:03:00.001  2042  2042 D AlarmManager: mBroadcastRefCount -> 0
10-09 17:03:00.001  2042  2042 D AlarmManager: mPendingIntent -> null
10-09 17:03:00.003  4304  4304 D ArtChoreographerMonitor: invoke error.
10-09 17:03:00.182  4304  4304 D ArtChoreographerMonitor: invoke error.
10-09 17:03:00.603  2042  4100 D WindowManagerService: checkFlipFullScreenChange is same, nowIsFullScreen = false
10-09 17:03:00.614  2183  2183 I wificond: station_bandwidth: P
10-09 17:03:00.622  2042  4100 D WindowManagerService: checkFlipFullScreenChange is same, nowIsFullScreen = false
10-09 17:03:01.272  2042  4100 W MIUIInput: Input event injection from package: null action ACTION_DOWN
10-09 17:03:01.274  2042  3516 I ProcessManager: getRenderThreadTidByPid, caller=2042
10-09 17:03:01.275  2042  4100 W MIUIInput: Input event injection from package: null action ACTION_UP
10-09 17:03:01.303  2042  6878 I InputMethodManagerService: IMMS.applyImeVisibility(), setVisible = false, mCurclient = ClientState{c28f9c5 mUid=10172 mPid=25786 mSelfReportedDisplayId=0}
10-09 17:03:01.305  4304  4304 D ArtChoreographerMonitor: invoke error.
10-09 17:03:01.307  2042  3123 D AlarmManager: mBroadcastRefCount -> 1
10-09 17:03:01.317  2042  2787 W ProcessStats: Tracking association SourceState{1b0dd2c com.android.vending/10164 ImpBg #126660} whose proc state 6 is better than process ProcessState{d60be6a com.android.vending:background/10164 pkg=com.android.vending} proc state 14 (204 skipped)
10-09 17:03:01.317  2042  6879 W PackageConfigPersister: App-specific configuration not found for packageName: com.android.chrome and userId: 0
10-09 17:03:01.320  2042  2042 I ExtM    : mark duration up to 2m , try to mark.
10-09 17:03:01.320  2042  2042 D MFZ     : Start Mark
10-09 17:03:01.324  2042  3997 D ExtM    : Start marking ...
10-09 17:03:01.324  2042  3997 W ExtM    : Mark thread start 
10-09 17:03:01.328   674  6987 D vold    : mark task started
10-09 17:03:01.331  6988  6988 D vold    :  mark Pid = 6988
10-09 17:03:01.335  6988  6988 D vold    : set cpu affinity policy success
10-09 17:03:01.338  2042  4100 I WindowManager: cancelAnimation removed leash : Surface(name=Surface(name=704023a StatusBar#94)/@0xa8be448 - animation-leash of insets_animation#11133)/@0x1aafbc6
10-09 17:03:01.343  2042  4100 D WindowManager: wms.Input focus has changed to Window{90e1f8 u0 com.android.chrome/org.chromium.chrome.browser.ChromeTabbedActivity} display=0 updateInputWindows = false
10-09 17:03:01.343  2042  4100 I MultiSenceManagerInternalStub: getInstance
10-09 17:03:01.344  2042  2693 D WindowManager: wms.Focus not requested for window=Window{90e1f8 u0 com.android.chrome/org.chromium.chrome.browser.ChromeTabbedActivity} because it has no surface or is not focusable.
10-09 17:03:01.358  2042  6878 D CoreBackPreview: Window{90e1f8 u0 com.android.chrome/org.chromium.chrome.browser.ChromeTabbedActivity}: Setting back callback OnBackInvokedCallbackInfo{mCallback=android.window.IOnBackInvokedCallback$Stub$Proxy@4f62ec2, mPriority=-1, mIsAnimationCallback=false}
10-09 17:03:01.382  2042  2042 D MFZ     : Mark Finshed ! idle_stats: 658 412 3903 619 712 1085 912 1796 598 2725
10-09 17:03:01.383  2042  2042 D ActivityManager: checkAllowBackground: uid=1000 pkg=android rec=UidRecord{b77cac0 1000 PER  fgServices allowlist change:procadj procs:0 seq(912317,448524)} caps=LCMNFU always=false idle=false
10-09 17:03:01.386  2042  2042 D AlarmManager: mBroadcastRefCount -> 0
10-09 17:03:01.386  2042  2042 D AlarmManager: mPendingIntent -> PendingIntent{42e853c: PendingIntentRecord{c46edf android broadcastIntent}}
10-09 17:03:01.390  2042  4100 D WindowManager: wms.finishDrawingLocked: mDrawState=COMMIT_DRAW_PENDING Window{90e1f8 u0 com.android.chrome/org.chromium.chrome.browser.ChromeTabbedActivity} in Surface(name=com.android.chrome/org.chromium.chrome.browser.ChromeTabbedActivity#11149)/@0xb1d34d3
10-09 17:03:01.394  4304  4484 D MiuiFreeformModeController: avoidForInsetsBottomChangedIfNeed oldMoveableBottom: 2270 newMoveableBounds: 2270
10-09 17:03:01.394  4304  4484 D ImePositionProcessor: onImeVisibilityChanged     isShowing:  false
10-09 17:03:01.406  2042  6878 D CoreBackPreview: Window{13dfb59 u0 com.android.chrome/org.chromium.chrome.browser.ChromeTabbedActivity}: Setting back callback OnBackInvokedCallbackInfo{mCallback=android.window.IOnBackInvokedCallback$Stub$Proxy@f0ed41a, mPriority=0, mIsAnimationCallback=true}
10-09 17:03:01.406  4304  4484 D MiuiFreeformModeController: onImeVisibilityChanged imeVisible: false imeHeight: 0 adjustedForRotation:false
10-09 17:03:01.406  4304  4484 D MiuiFreeformModeAvoidAlgorithm: begin autoOrderingAvoidMiniTask
10-09 17:03:01.406  4304  4484 D MiuiFreeformModeAvoidAlgorithm: getCurrMiniPos: SameSideMiniPosList: []
10-09 17:03:01.406  4304  4484 D MiuiFreeformModeAvoidAlgorithm: getCurrMiniPos: SameSideMiniPosList: []
10-09 17:03:01.406  4304  4484 D MiuiFreeformModeAvoidAlgorithm: end autoOrderingAvoidMiniTask res:AvoidResult{distance=0, combination={}, activeTaskPos=Rect(0, 0 - 0, 0)}
10-09 17:03:01.406  2042  2693 I WindowManager: input method visible height changed 0
10-09 17:03:01.406  2042  3126 I ITouchFeature: current device and process support version:2
10-09 17:03:01.412  2042  2693 I WindowManager: wms.showSurfaceRobustly mWin:Window{90e1f8 u0 com.android.chrome/org.chromium.chrome.browser.ChromeTabbedActivity}
10-09 17:03:01.429  6988  6988 D vold    :  success write all > /sys/block/zram0/idle
10-09 17:03:01.612  4304  4304 D ArtChoreographerMonitor: invoke error.
10-09 17:03:01.831   674  6987 D vold    : mark process has been finished in normal with status: 0
10-09 17:03:01.831   674  6987 D vold    :  listener->onFinished 
10-09 17:03:01.831  2042  6982 W ExtM    : Mark finished with status: 0
10-09 17:03:01.937  2042  2042 W AccessibilityManagerService:  wait for adding window timeout: 2646
10-09 17:03:01.939  2042  6879 I SmartPower: com.google.android.inputmethod.latin/10176(6431): visible->invisible(2271ms) R(become invisible) adj=100.
10-09 17:03:01.940  2042  6879 I SmartPower: com.google.android.inputmethod.latin/10176(6431): invisible->background(0ms) R(become background) adj=100.
10-09 17:03:01.942  4304  4484 D MiuiFreeformModeController: avoidForInsetsBottomChangedIfNeed oldMoveableBottom: 2270 newMoveableBounds: 2270
10-09 17:03:01.947  4304  4484 D MiuiFreeformModeController: avoidForInsetsBottomChangedIfNeed oldMoveableBottom: 2270 newMoveableBounds: 2270
10-09 17:03:02.049  2042  6879 W MIUIInput: Input event injection from package: null action ACTION_DOWN
10-09 17:03:02.050  2042  3516 I ProcessManager: getRenderThreadTidByPid, caller=2042
10-09 17:03:02.052  2042  6879 W MIUIInput: Input event injection from package: null action ACTION_UP
10-09 17:03:02.063  2042  6879 D CoreBackPreview: Window{90e1f8 u0 com.android.chrome/org.chromium.chrome.browser.ChromeTabbedActivity}: Setting back callback null
10-09 17:03:02.069  2042  6879 I WindowManager: cancelAnimation removed leash : Surface(name=Surface(name=704023a StatusBar#94)/@0xa8be448 - animation-leash of insets_animation#11148)/@0xbee25a4
10-09 17:03:02.071  2042  6879 I WindowManager: cancelAnimation removed leash : Surface(name=Surface(name=d968687 NavigationBar0#90)/@0x2f479dd - animation-leash of insets_animation#11150)/@0xccf32c5
10-09 17:03:02.074  2042  6879 D WindowManager: wms.Input focus has changed to Window{13dfb59 u0 com.android.chrome/org.chromium.chrome.browser.ChromeTabbedActivity} display=0 updateInputWindows = false
10-09 17:03:02.074  2042  6879 I MultiSenceManagerInternalStub: getInstance
10-09 17:03:02.077  4304  4304 D ArtChoreographerMonitor: invoke error.
10-09 17:03:02.110  2042  6982 D PerfShielderService: com.android.chrome|com.android.chrome/org.chromium.chrome.browser.ChromeTabbedActivity|149|47190694901423|72|0|3
10-09 17:03:02.110  2042  7043 W PackageConfigPersister: App-specific configuration not found for packageName: com.android.chrome and userId: 0
10-09 17:03:02.110  6649  7642 W MiuiPerfServiceClient: interceptAndQueuing:25786|com.android.chrome|149|72|47190694901423|Slow main thread|3
10-09 17:03:02.258  4304  4304 D ArtChoreographerMonitor: invoke error.
10-09 17:03:02.659  2042  6982 W MIUIInput: Input event injection from package: null action ACTION_DOWN
10-09 17:03:02.660  2042  3516 I ProcessManager: getRenderThreadTidByPid, caller=2042
10-09 17:03:02.663  2042  6982 W MIUIInput: Input event injection from package: null action ACTION_UP
10-09 17:03:02.675  2042  7043 I InputMethodManagerService: IMMS.showSoftInput(), client = com.android.internal.inputmethod.IInputMethodClient$Stub$Proxy@f583834
10-09 17:03:02.675  2042  7043 I InputMethodManagerService: IMMS.showCurrentInputLocked(), flags = 0
10-09 17:03:02.675  2042  7043 D SmartPower: com.google.android.inputmethod.latin/10176(6431): show input method
10-09 17:03:02.675  2042  7043 I SmartPower: com.google.android.inputmethod.latin/10176(6431): background->visible(735ms) R(show input method) adj=100.
10-09 17:03:02.675  2042  7043 I DefaultImeVisibilityApplier: IMMS.showCurrentInputLocked request ims to show inputMethod.
10-09 17:03:02.681  2042  7043 W PackageConfigPersister: App-specific configuration not found for packageName: com.android.chrome and userId: 0
10-09 17:03:02.708  2042  6878 I InputMethodManagerService: IMMS.showSoftInput(), client = com.android.internal.inputmethod.IInputMethodClient$Stub$Proxy@9c26bd2
10-09 17:03:02.708  2042  6878 I InputMethodManagerService: IMMS.showCurrentInputLocked(), flags = 0
10-09 17:03:02.708  2042  6878 D SmartPower: com.google.android.inputmethod.latin/10176(6431): show input method
10-09 17:03:02.708  2042  6878 I DefaultImeVisibilityApplier: IMMS.showCurrentInputLocked request ims to show inputMethod.
10-09 17:03:02.730  2042  6982 D CoreBackPreview: Window{13dfb59 u0 com.android.chrome/org.chromium.chrome.browser.ChromeTabbedActivity}: Setting back callback OnBackInvokedCallbackInfo{mCallback=android.window.IOnBackInvokedCallback$Stub$Proxy@b0e14a3, mPriority=0, mIsAnimationCallback=false}
10-09 17:03:02.732  2042  6879 I InputMethodManagerService: IMMS.applyImeVisibility(), setVisible = true, mCurclient = ClientState{c28f9c5 mUid=10172 mPid=25786 mSelfReportedDisplayId=0}
10-09 17:03:02.732  2042  6878 D ActivityManager: checkAllowBackground: uid=10163 pkg=com.google.android.gms rec=UidRecord{3efeecd u0a163 BTOP change:procadj procs:0 seq(912273,425084)} caps=LCMNFU always=false idle=false
10-09 17:03:02.734  4304  4304 D ArtChoreographerMonitor: invoke error.
10-09 17:03:02.736  4304  4484 D OneHandedController: stopOneHanded state is 0
10-09 17:03:02.736  4304  4484 D MiuiFreeformModeController: avoidForInsetsBottomChangedIfNeed oldMoveableBottom: 2270 newMoveableBounds: 2270
10-09 17:03:02.741  2042  6879 I WindowManager: WMS.showImePostLayout(), imeTarget = Window{13dfb59 u0 com.android.chrome/org.chromium.chrome.browser.ChromeTabbedActivity}
10-09 17:03:02.750  4304  4484 D MiuiFreeformModeController: avoidForInsetsBottomChangedIfNeed oldMoveableBottom: 2270 newMoveableBounds: 2270
10-09 17:03:02.758  2042  6878 D WindowManager: wms.finishDrawingLocked: mDrawState=COMMIT_DRAW_PENDING Window{49d5fba u0 InputMethod} in Surface(name=InputMethod#11158)/@0xa329b59
10-09 17:03:02.759  2042  6982 I InputMethodManagerService: IMMS.applyImeVisibility(), setVisible = true, mCurclient = ClientState{c28f9c5 mUid=10172 mPid=25786 mSelfReportedDisplayId=0}
10-09 17:03:02.760  2042  2693 I ImeInsetsSourceProvider: ImeInsetsSourceProvider.scheduleShowImePostLayout() Run showImeRunner.
10-09 17:03:02.760  2042  2693 I ImeInsetsSourceProvider: ImeInsetsSourceProvider.scheduleShowImePostLayout() isReadyToShowIme.
10-09 17:03:02.762  2042  6982 I WindowManager: WMS.showImePostLayout(), imeTarget = Window{13dfb59 u0 com.android.chrome/org.chromium.chrome.browser.ChromeTabbedActivity}
10-09 17:03:02.765  2042  2693 I ImeInsetsSourceProvider: ImeInsetsSourceProvider.scheduleShowImePostLayout() Run showImeRunner.
10-09 17:03:02.765  2042  2693 I ImeInsetsSourceProvider: ImeInsetsSourceProvider.scheduleShowImePostLayout() isReadyToShowIme.
10-09 17:03:02.768  4304  4484 D MiuiFreeformModeController: avoidForInsetsBottomChangedIfNeed oldMoveableBottom: 2270 newMoveableBounds: 2270
10-09 17:03:02.768  4304  4484 D ImePositionProcessor: onImeVisibilityChanged     isShowing:  true
10-09 17:03:02.768  2042  2072 I WindowManager: cancelAnimation removed leash : Surface(name=Surface(name=d968687 NavigationBar0#90)/@0x2f479dd - animation-leash of insets_animation#11156)/@0x15477ca
10-09 17:03:02.769  4304  4484 D MiuiFreeformModeController: onImeVisibilityChanged imeVisible: true imeHeight: 701 adjustedForRotation:false
10-09 17:03:02.769  2042  2693 I WindowManager: input method visible height changed 701
10-09 17:03:02.769  4304  4484 D MiuiFreeformModeAvoidAlgorithm: begin autoOrderingAvoidMiniTask
10-09 17:03:02.769  4304  4484 D MiuiFreeformModeAvoidAlgorithm: getCurrMiniPos: SameSideMiniPosList: []
10-09 17:03:02.769  4304  4484 D MiuiFreeformModeAvoidAlgorithm: getCurrMiniPos: SameSideMiniPosList: []
10-09 17:03:02.769  4304  4484 D MiuiFreeformModeAvoidAlgorithm: end autoOrderingAvoidMiniTask res:AvoidResult{distance=0, combination={}, activeTaskPos=Rect(0, 0 - 0, 0)}
10-09 17:03:02.770  2042  3126 I ITouchFeature: current device and process support version:2
10-09 17:03:02.770  2042  2693 I WindowManager: wms.showSurfaceRobustly mWin:Window{49d5fba u0 InputMethod}
10-09 17:03:02.789  4304  4484 D OneHandedController: stopOneHanded state is 0
10-09 17:03:02.959  4304  4304 D ArtChoreographerMonitor: invoke error.
10-09 17:03:03.592  2042  6997 D WindowManagerService: checkFlipFullScreenChange is same, nowIsFullScreen = false
10-09 17:03:03.608  2042  6997 D WindowManagerService: checkFlipFullScreenChange is same, nowIsFullScreen = false
10-09 17:03:03.626  2183  2183 I wificond: station_bandwidth: P
10-09 17:03:04.230  2042  8301 W MIUIInput: Input event injection from package: null action ACTION_DOWN
10-09 17:03:04.230  2042  3516 I ProcessManager: getRenderThreadTidByPid, caller=2042
10-09 17:03:04.233  2042  8301 W MIUIInput: Input event injection from package: null action ACTION_UP
10-09 17:03:04.244  2042  6997 I InputMethodManagerService: IMMS.applyImeVisibility(), setVisible = false, mCurclient = ClientState{c28f9c5 mUid=10172 mPid=25786 mSelfReportedDisplayId=0}
10-09 17:03:04.249  4304  4304 D ArtChoreographerMonitor: invoke error.
10-09 17:03:04.250  2042  4100 W PackageConfigPersister: App-specific configuration not found for packageName: com.android.chrome and userId: 0
10-09 17:03:04.274  4304  4484 D MiuiFreeformModeController: avoidForInsetsBottomChangedIfNeed oldMoveableBottom: 2270 newMoveableBounds: 2270
10-09 17:03:04.274  4304  4484 D ImePositionProcessor: onImeVisibilityChanged     isShowing:  false
10-09 17:03:04.275  2042  2072 D CoreBackPreview: Window{13dfb59 u0 com.android.chrome/org.chromium.chrome.browser.ChromeTabbedActivity}: Setting back callback OnBackInvokedCallbackInfo{mCallback=android.window.IOnBackInvokedCallback$Stub$Proxy@b9f751b, mPriority=0, mIsAnimationCallback=true}
10-09 17:03:04.276  4304  4484 D MiuiFreeformModeController: onImeVisibilityChanged imeVisible: false imeHeight: 0 adjustedForRotation:false
10-09 17:03:04.276  4304  4484 D MiuiFreeformModeAvoidAlgorithm: begin autoOrderingAvoidMiniTask
10-09 17:03:04.276  4304  4484 D MiuiFreeformModeAvoidAlgorithm: getCurrMiniPos: SameSideMiniPosList: []
10-09 17:03:04.276  4304  4484 D MiuiFreeformModeAvoidAlgorithm: getCurrMiniPos: SameSideMiniPosList: []
10-09 17:03:04.276  4304  4484 D MiuiFreeformModeAvoidAlgorithm: end autoOrderingAvoidMiniTask res:AvoidResult{distance=0, combination={}, activeTaskPos=Rect(0, 0 - 0, 0)}
10-09 17:03:04.276  2042  2693 I WindowManager: input method visible height changed 0
10-09 17:03:04.276  2042  3126 I ITouchFeature: current device and process support version:2
10-09 17:03:04.418  4304  4304 D ArtChoreographerMonitor: invoke error.
10-09 17:03:04.795  2042  4100 I SmartPower: com.google.android.inputmethod.latin/10176(6431): visible->invisible(2121ms) R(become invisible) adj=100.
10-09 17:03:04.795  2042  4100 I SmartPower: com.google.android.inputmethod.latin/10176(6431): invisible->background(0ms) R(become background) adj=100.
10-09 17:03:04.797  4304  4484 D MiuiFreeformModeController: avoidForInsetsBottomChangedIfNeed oldMoveableBottom: 2270 newMoveableBounds: 2270
10-09 17:03:04.803  4304  4484 D MiuiFreeformModeController: avoidForInsetsBottomChangedIfNeed oldMoveableBottom: 2270 newMoveableBounds: 2270
10-09 17:03:04.881  2042  4100 W MIUIInput: Input event injection from package: null action ACTION_DOWN
10-09 17:03:04.882  2042  3516 I ProcessManager: getRenderThreadTidByPid, caller=2042
10-09 17:03:04.884  2042  3516 I ProcessManager: getRenderThreadTidByPid, caller=2042
10-09 17:03:05.249  2042  4100 W MIUIInput: Input event injection from package: null action ACTION_UP
10-09 17:03:06.633  2183  2183 I wificond: station_bandwidth: P
10-09 17:03:06.636  4304  4304 D ArtChoreographerMonitor: invoke error.
10-09 17:03:06.677  2042  4100 W MIUIInput: Input event injection from package: null action ACTION_DOWN
10-09 17:03:06.678  2042  3516 I ProcessManager: getRenderThreadTidByPid, caller=2042
10-09 17:03:06.680  2042  4100 W MIUIInput: Input event injection from package: null action ACTION_UP
10-09 17:03:06.710  2042  2072 I WindowManager: cancelAnimation removed leash : Surface(name=Surface(name=704023a StatusBar#94)/@0xa8be448 - animation-leash of insets_animation#11155)/@0x7bbb56c
10-09 17:03:06.711  2042  2072 I WindowManager: cancelAnimation removed leash : Surface(name=Surface(name=d968687 NavigationBar0#90)/@0x2f479dd - animation-leash of insets_animation#11159)/@0xd63a32a
10-09 17:03:06.712  2042  2072 D WindowManager: wms.Input focus has changed to Window{fb647f7 u0 com.android.chrome/org.chromium.chrome.browser.ChromeTabbedActivity} display=0 updateInputWindows = false
10-09 17:03:06.712  2042  2072 I MultiSenceManagerInternalStub: getInstance
10-09 17:03:06.714  2042  2693 D WindowManager: wms.Focus not requested for window=Window{fb647f7 u0 com.android.chrome/org.chromium.chrome.browser.ChromeTabbedActivity} because it has no surface or is not focusable.
10-09 17:03:06.718  2042  2072 D CoreBackPreview: Window{fb647f7 u0 com.android.chrome/org.chromium.chrome.browser.ChromeTabbedActivity}: Setting back callback OnBackInvokedCallbackInfo{mCallback=android.window.IOnBackInvokedCallback$Stub$Proxy@5883eef, mPriority=-1, mIsAnimationCallback=false}
10-09 17:03:06.742  2042  8301 D WindowManager: wms.finishDrawingLocked: mDrawState=COMMIT_DRAW_PENDING Window{fb647f7 u0 com.android.chrome/org.chromium.chrome.browser.ChromeTabbedActivity} in Surface(name=com.android.chrome/org.chromium.chrome.browser.ChromeTabbedActivity#11163)/@0xa09cdfc
10-09 17:03:06.748  2042  2693 I WindowManager: wms.showSurfaceRobustly mWin:Window{fb647f7 u0 com.android.chrome/org.chromium.chrome.browser.ChromeTabbedActivity}
10-09 17:03:06.931  4304  4304 D ArtChoreographerMonitor: invoke error.
10-09 17:03:07.420  2042  8301 W MIUIInput: Input event injection from package: null action ACTION_DOWN
10-09 17:03:07.421  2042  3516 I ProcessManager: getRenderThreadTidByPid, caller=2042
10-09 17:03:07.423  2042  6997 W MIUIInput: Input event injection from package: null action ACTION_UP
10-09 17:03:07.434  2042  8301 D CoreBackPreview: Window{fb647f7 u0 com.android.chrome/org.chromium.chrome.browser.ChromeTabbedActivity}: Setting back callback null
10-09 17:03:07.440  2042  8301 I WindowManager: cancelAnimation removed leash : Surface(name=Surface(name=704023a StatusBar#94)/@0xa8be448 - animation-leash of insets_animation#11161)/@0xfd6c93
10-09 17:03:07.441  2042  8301 I WindowManager: cancelAnimation removed leash : Surface(name=Surface(name=d968687 NavigationBar0#90)/@0x2f479dd - animation-leash of insets_animation#11162)/@0xa240cc9
10-09 17:03:07.443  2042  8301 D WindowManager: wms.Input focus has changed to Window{13dfb59 u0 com.android.chrome/org.chromium.chrome.browser.ChromeTabbedActivity} display=0 updateInputWindows = false
10-09 17:03:07.443  2042  8301 I MultiSenceManagerInternalStub: getInstance
10-09 17:03:07.447  4304  4304 D ArtChoreographerMonitor: invoke error.
10-09 17:03:07.472  2042  2072 W PackageConfigPersister: App-specific configuration not found for packageName: com.android.chrome and userId: 0
10-09 17:03:07.628  4304  4304 D ArtChoreographerMonitor: invoke error.
10-09 17:03:07.796  2042  3524 I SmartPower: com.google.android.inputmethod.latin/10176(6431): background->idle(3000ms) R(become invisible) adj=100.
10-09 17:03:08.005  2042  6997 W MIUIInput: Input event injection from package: null action ACTION_DOWN
10-09 17:03:08.006  2042  3516 I ProcessManager: getRenderThreadTidByPid, caller=2042
10-09 17:03:08.008  2042  6997 W MIUIInput: Input event injection from package: null action ACTION_UP
10-09 17:03:08.032  2042  2072 I WindowManager: cancelAnimation removed leash : Surface(name=Surface(name=704023a StatusBar#94)/@0xa8be448 - animation-leash of insets_animation#11168)/@0x8859cfb
10-09 17:03:08.033  2042  2072 I WindowManager: cancelAnimation removed leash : Surface(name=Surface(name=d968687 NavigationBar0#90)/@0x2f479dd - animation-leash of insets_animation#11169)/@0xfee7771
10-09 17:03:08.035  2042  2072 D WindowManager: wms.Input focus has changed to Window{6afe0cf u0 com.android.chrome/org.chromium.chrome.browser.ChromeTabbedActivity} display=0 updateInputWindows = false
10-09 17:03:08.035  2042  2072 I MultiSenceManagerInternalStub: getInstance
10-09 17:03:08.036  2042  2693 D WindowManager: wms.Focus not requested for window=Window{6afe0cf u0 com.android.chrome/org.chromium.chrome.browser.ChromeTabbedActivity} because it has no surface or is not focusable.
10-09 17:03:08.043  2042  8301 D CoreBackPreview: Window{6afe0cf u0 com.android.chrome/org.chromium.chrome.browser.ChromeTabbedActivity}: Setting back callback OnBackInvokedCallbackInfo{mCallback=android.window.IOnBackInvokedCallback$Stub$Proxy@2511ac7, mPriority=-1, mIsAnimationCallback=false}
10-09 17:03:08.067  2042  2072 D WindowManager: wms.finishDrawingLocked: mDrawState=COMMIT_DRAW_PENDING Window{6afe0cf u0 com.android.chrome/org.chromium.chrome.browser.ChromeTabbedActivity} in Surface(name=com.android.chrome/org.chromium.chrome.browser.ChromeTabbedActivity#11174)/@0xf9b38f4
10-09 17:03:08.076  2042  2693 I WindowManager: wms.showSurfaceRobustly mWin:Window{6afe0cf u0 com.android.chrome/org.chromium.chrome.browser.ChromeTabbedActivity}
10-09 17:03:08.084  4304  4304 D ArtChoreographerMonitor: invoke error.
10-09 17:03:08.261  4304  4304 D ArtChoreographerMonitor: invoke error.
10-09 17:03:08.682  2042  2072 W MIUIInput: Input event injection from package: null action ACTION_DOWN
10-09 17:03:08.683  2042  3516 I ProcessManager: getRenderThreadTidByPid, caller=2042
10-09 17:03:08.685  2042  2072 W MIUIInput: Input event injection from package: null action ACTION_UP
10-09 17:03:08.698  2042  6997 D CoreBackPreview: Window{6afe0cf u0 com.android.chrome/org.chromium.chrome.browser.ChromeTabbedActivity}: Setting back callback null
10-09 17:03:08.703  2042  6997 I WindowManager: cancelAnimation removed leash : Surface(name=Surface(name=704023a StatusBar#94)/@0xa8be448 - animation-leash of insets_animation#11172)/@0xf73baeb
10-09 17:03:08.708  2042  6997 I WindowManager: cancelAnimation removed leash : Surface(name=Surface(name=d968687 NavigationBar0#90)/@0x2f479dd - animation-leash of insets_animation#11173)/@0x77b1ee1
10-09 17:03:08.709  2042  6997 D WindowManager: wms.Input focus has changed to Window{13dfb59 u0 com.android.chrome/org.chromium.chrome.browser.ChromeTabbedActivity} display=0 updateInputWindows = false
10-09 17:03:08.709  2042  6997 I MultiSenceManagerInternalStub: getInstance
10-09 17:03:08.711  4304  4304 D ArtChoreographerMonitor: invoke error.
10-09 17:03:08.740  2042  8301 W PackageConfigPersister: App-specific configuration not found for packageName: com.android.chrome and userId: 0
10-09 17:03:08.742  2042  8301 W MIUIInput: Input event injection from package: null action ACTION_DOWN
10-09 17:03:08.742  2042  3516 I ProcessManager: getRenderThreadTidByPid, caller=2042
10-09 17:03:08.744  2042  3516 I ProcessManager: getRenderThreadTidByPid, caller=2042
10-09 17:03:08.832  2042  8301 W MIUIInput: Input event injection from package: null action ACTION_UP
10-09 17:03:08.888  4304  4304 D ArtChoreographerMonitor: invoke error.
10-09 17:03:09.639  2183  2183 I wificond: station_bandwidth: P
10-09 17:03:09.641  4304  4304 D ArtChoreographerMonitor: invoke error.
10-09 17:03:09.701  2042  6997 W MIUIInput: Input event injection from package: null action ACTION_DOWN
10-09 17:03:09.702  2042  3516 I ProcessManager: getRenderThreadTidByPid, caller=2042
10-09 17:03:09.705  2042  3516 I ProcessManager: getRenderThreadTidByPid, caller=2042
10-09 17:03:09.789  2042  6997 W MIUIInput: Input event injection from package: null action ACTION_UP
10-09 17:03:09.814  4304  4304 D ArtChoreographerMonitor: invoke error.
10-09 17:03:10.653  2042  8301 W MIUIInput: Input event injection from package: null action ACTION_DOWN
10-09 17:03:10.654  2042  3516 I ProcessManager: getRenderThreadTidByPid, caller=2042
10-09 17:03:10.658  2042  3516 I ProcessManager: getRenderThreadTidByPid, caller=2042
10-09 17:03:10.740  2042  6997 W MIUIInput: Input event injection from package: null action ACTION_UP
10-09 17:03:11.321  2042  3110 W ProcessStats: Tracking association SourceState{1b0dd2c com.android.vending/10164 ImpBg #126665} whose proc state 6 is better than process ProcessState{d60be6a com.android.vending:background/10164 pkg=com.android.vending} proc state 14 (22 skipped)
10-09 17:03:11.588  2042  8301 W MIUIInput: Input event injection from package: null action ACTION_DOWN
10-09 17:03:11.589  2042  3516 I ProcessManager: getRenderThreadTidByPid, caller=2042
10-09 17:03:11.592  2042  3516 I ProcessManager: getRenderThreadTidByPid, caller=2042
10-09 17:03:11.675  2042  8301 W MIUIInput: Input event injection from package: null action ACTION_UP
10-09 17:03:12.558  2042  8301 W MIUIInput: Input event injection from package: null action ACTION_DOWN
10-09 17:03:12.558  2042  3516 I ProcessManager: getRenderThreadTidByPid, caller=2042
10-09 17:03:12.561  2042  3516 I ProcessManager: getRenderThreadTidByPid, caller=2042
10-09 17:03:12.582  2042  2702 D HeapUsage Monitor: HeapAllocSize : 93MB; monitorSize : 500MB
10-09 17:03:12.646  2042  8301 W MIUIInput: Input event injection from package: null action ACTION_UP
10-09 17:03:12.651  2183  2183 I wificond: station_bandwidth: P
10-09 17:03:13.501  2042  8301 W MIUIInput: Input event injection from package: null action ACTION_DOWN
10-09 17:03:13.503  2042  3516 I ProcessManager: getRenderThreadTidByPid, caller=2042
10-09 17:03:13.505  2042  3516 I ProcessManager: getRenderThreadTidByPid, caller=2042
10-09 17:03:13.588  2042  8301 W MIUIInput: Input event injection from package: null action ACTION_UP
10-09 17:03:14.504  2042  8301 W MIUIInput: Input event injection from package: null action ACTION_DOWN
10-09 17:03:14.505  2042  3516 I ProcessManager: getRenderThreadTidByPid, caller=2042
10-09 17:03:14.507  2042  8301 W MIUIInput: Input event injection from package: null action ACTION_UP
10-09 17:03:14.519  2042  6982 D ActivityManager: checkAllowBackground: uid=10163 pkg=com.google.android.gms rec=UidRecord{3efeecd u0a163 BTOP change:procadj procs:0 seq(912381,425084)} caps=LCMNFU always=false idle=false
10-09 17:03:14.534  2042  6982 D ActivityManager: checkAllowBackground: uid=10163 pkg=com.google.android.gms rec=UidRecord{3efeecd u0a163 BTOP change:procadj procs:0 seq(912429,425084)} caps=LCMNFU always=false idle=false
10-09 17:03:14.548  2042  4100 D ActivityManager: checkAllowBackground: uid=10163 pkg=com.google.android.gms rec=UidRecord{3efeecd u0a163 BTOP change:procadj procs:0 seq(912433,425084)} caps=LCMNFU always=false idle=false
10-09 17:03:14.556  2042  4100 D ActivityManager: checkAllowBackground: uid=10163 pkg=com.google.android.gms rec=UidRecord{3efeecd u0a163 BTOP change:procadj procs:0 seq(912437,425084)} caps=LCMNFU always=false idle=false
10-09 17:03:14.736  2042  6982 D SchedBoost: com.android.chrome:sandboxed_process0:org.chromium.content.app.SandboxedProcessService0:11 boosting, skip reset priority
10-09 17:03:15.661  2183  2183 I wificond: station_bandwidth: P
10-09 17:03:15.715  2042  8301 W MIUIInput: Input event injection from package: null action ACTION_DOWN
10-09 17:03:15.716  2042  3516 I ProcessManager: getRenderThreadTidByPid, caller=2042
10-09 17:03:15.719  2042  3516 I ProcessManager: getRenderThreadTidByPid, caller=2042
10-09 17:03:15.808  2042  8301 W MIUIInput: Input event injection from package: null action ACTION_UP
10-09 17:03:16.651  2042  8301 W MIUIInput: Input event injection from package: null action ACTION_DOWN
10-09 17:03:16.652  2042  3516 I ProcessManager: getRenderThreadTidByPid, caller=2042
10-09 17:03:16.655  2042  3516 I ProcessManager: getRenderThreadTidByPid, caller=2042
10-09 17:03:16.738  2042  8301 W MIUIInput: Input event injection from package: null action ACTION_UP
10-09 17:03:17.316  2042  2802 I ExtM    : zram userate is low, no need to flush: 49
10-09 17:03:17.579  2042  4100 W MIUIInput: Input event injection from package: null action ACTION_DOWN
10-09 17:03:17.580  2042  3516 I ProcessManager: getRenderThreadTidByPid, caller=2042
10-09 17:03:17.582  2042  3516 I ProcessManager: getRenderThreadTidByPid, caller=2042
10-09 17:03:17.665  2042  4100 W MIUIInput: Input event injection from package: null action ACTION_UP
10-09 17:03:18.506  2042  4100 W MIUIInput: Input event injection from package: null action ACTION_DOWN
10-09 17:03:18.506  2042  3516 I ProcessManager: getRenderThreadTidByPid, caller=2042
10-09 17:03:18.509  2042  3516 I ProcessManager: getRenderThreadTidByPid, caller=2042
10-09 17:03:18.593  2042  4100 W MIUIInput: Input event injection from package: null action ACTION_UP
10-09 17:03:18.672  2183  2183 I wificond: station_bandwidth: P
10-09 17:03:19.447  2042  4100 W MIUIInput: Input event injection from package: null action ACTION_DOWN
10-09 17:03:19.448  2042  3516 I ProcessManager: getRenderThreadTidByPid, caller=2042
10-09 17:03:19.452  2042  3516 I ProcessManager: getRenderThreadTidByPid, caller=2042
10-09 17:03:19.535  2042  6982 W MIUIInput: Input event injection from package: null action ACTION_UP
10-09 17:03:20.375  2042  6982 W MIUIInput: Input event injection from package: null action ACTION_DOWN
10-09 17:03:20.377  2042  3516 I ProcessManager: getRenderThreadTidByPid, caller=2042
10-09 17:03:20.380  2042  3516 I ProcessManager: getRenderThreadTidByPid, caller=2042
10-09 17:03:20.466  2042  6982 W MIUIInput: Input event injection from package: null action ACTION_UP
10-09 17:03:20.540  2042  2802 I ExtM    : zram userate is low, no need to flush: 49
10-09 17:03:21.371  2042  6982 W MIUIInput: Input event injection from package: null action ACTION_DOWN
10-09 17:03:21.371  2042  3516 I ProcessManager: getRenderThreadTidByPid, caller=2042
10-09 17:03:21.374  2042  6982 W MIUIInput: Input event injection from package: null action ACTION_UP
10-09 17:03:21.384  2042  4100 D ActivityManager: checkAllowBackground: uid=10163 pkg=com.google.android.gms rec=UidRecord{3efeecd u0a163 BTOP change:procadj procs:0 seq(912449,425084)} caps=LCMNFU always=false idle=false
10-09 17:03:21.396  2042  8301 D ActivityManager: checkAllowBackground: uid=10163 pkg=com.google.android.gms rec=UidRecord{3efeecd u0a163 BTOP change:procadj procs:0 seq(912453,425084)} caps=LCMNFU always=false idle=false
10-09 17:03:21.414  2042  4100 D ActivityManager: checkAllowBackground: uid=10163 pkg=com.google.android.gms rec=UidRecord{3efeecd u0a163 BTOP change:procadj procs:0 seq(912457,425084)} caps=LCMNFU always=false idle=false
10-09 17:03:21.530  2042  4100 D ActivityManager: checkAllowBackground: uid=10163 pkg=com.google.android.gms rec=UidRecord{3efeecd u0a163 BTOP change:procadj procs:0 seq(912461,425084)} caps=LCMNFU always=false idle=false
10-09 17:03:21.633  2042  8301 I SmartPower: eu.europa.ec.euidi/10030(6347): idle->invisible(23753ms) R(become foreground) adj=700.
10-09 17:03:21.633  2042  8301 D WindowManager: Collecting in transition 516: ActivityRecord{11e3cbb u0 eu.europa.ec.euidi/eu.europa.ec.assemblylogic.ui.MainActivity init visibleRequested:false
10-09 17:03:21.634  2042  8301 D MiuiFreeFormManagerService: activeOrFullscreenFreeformTaskIfNeed startDefaultAr:false
10-09 17:03:21.634  2042  8301 D MiuiFreeFormManagerService: onStartActivityInner as = Task{824377 #6587 type=standard A=10030:eu.europa.ec.euidi} op = null
10-09 17:03:21.635  2042  8301 D WindowManagerService: checkFlipFullScreenChange is same, nowIsFullScreen = false
10-09 17:03:21.636  2042  8301 D WindowManager: wms.Input focus has changed to null display=0 updateInputWindows = true
10-09 17:03:21.637  2042  8301 I MultiSenceManagerInternalStub: getInstance
10-09 17:03:21.637  2042  8301 D WindowManager: setLockTaskAuth: task=Task{824377 #6587 type=standard A=10030:eu.europa.ec.euidi} mLockTaskAuth=LOCK_TASK_AUTH_PINNABLE
10-09 17:03:21.641  2042  8301 D WindowManager: Collecting in transition 516: ActivityRecord{11e3cbb u0 eu.europa.ec.euidi/eu.europa.ec.assemblylogic.ui.MainActivity t-1} init visibleRequested:false
10-09 17:03:21.641  2042  8301 D WindowManager: Requesting StartTransition: TransitionRecord{40305d8 id=516 type=OPEN flags=0x0}
10-09 17:03:21.642  2042  8301 I ActivityTaskManager: START u0 {act=android.intent.action.VIEW cat=[android.intent.category.BROWSABLE] dat=eu.europa.ec.euidi://authorization/... flg=0x14000000 cmp=eu.europa.ec.euidi/eu.europa.ec.assemblylogic.ui.MainActivity (has extras)} with LAUNCH_SINGLE_TASK from uid 10172 from pid 25786 callingPackage com.android.chrome (BAL_ALLOW_VISIBLE_WINDOW) result code=2
10-09 17:03:21.647  4304  4484 I SoScUtils: monitorTransitionRequest mRequestOpenTransition:null mRequestOpenTriggerTask:-1 mRequestCloseTransition:null mRequestCloseTriggerTask:-1 mRequestCloseStageType:-1
10-09 17:03:21.648  2042  8301 D WindowManager: Set transition=TransitionRecord{40305d8 id=516 type=OPEN flags=0x0}, ready=false, SyncId=516 used=true, override=false, defer=0, states=Display{#0 state=ON size=1080x2400 ROTATION_0}:false
10-09 17:03:21.649  4304  4484 D OneHandedController: stopOneHanded state is 0
10-09 17:03:21.650  4304  4484 D MiuiFullScreenTaskRepository: removeFocusedTask displayId=0
10-09 17:03:21.650  4304  4484 D MiuiFullScreenTaskRepository: addOrUpdateFullScreenTaskInfo taskId=6565, topActivity=ComponentInfo{com.android.chrome/org.chromium.chrome.browser.ChromeTabbedActivity}
10-09 17:03:21.651  4304  4484 D MiuiFullScreenTaskRepository: setFocusedTask taskId=6587, displayId=0, topActivity=ComponentInfo{eu.europa.ec.euidi/eu.europa.ec.assemblylogic.ui.MainActivity}
10-09 17:03:21.651  4304  4484 D MiuiFullScreenTaskRepository: addOrUpdateFullScreenTaskInfo taskId=6587, topActivity=ComponentInfo{eu.europa.ec.euidi/eu.europa.ec.assemblylogic.ui.MainActivity}
10-09 17:03:21.651  4304  4484 D MiuiFreeformModeController: onFocusTaskChanged taskInfo: TaskInfo{userId=0 taskId=6587 displayId=0 isRunning=true baseIntent=Intent { act=android.intent.action.MAIN cat=[android.intent.category.LAUNCHER] flg=0x10200000 cmp=eu.europa.ec.euidi/eu.europa.ec.assemblylogic.ui.MainActivity } baseActivity=ComponentInfo{eu.europa.ec.euidi/eu.europa.ec.assemblylogic.ui.MainActivity} topActivity=ComponentInfo{eu.europa.ec.euidi/eu.europa.ec.assemblylogic.ui.MainActivity} origActivity=null realActivity=ComponentInfo{eu.europa.ec.euidi/eu.europa.ec.assemblylogic.ui.MainActivity} numActivities=1 lastActiveTime=263886938 supportsSplitScreenMultiWindow=true supportsMultiWindow=true resizeMode=1 isResizeable=true minWidth=-1 minHeight=-1 defaultMinSize=200 token=WCT{android.window.IWindowContainerToken$Stub$Proxy@2127c24} topActivityType=1 pictureInPictureParams=null shouldDockBigOverlays=false launchIntoPipHostTaskId=-1 lastParentTaskIdBeforePip=-1 displayCutoutSafeInsets=Rect(0, 94 - 0, 0) topActivityInfo=ActivityInfo{b8a038d eu.europa.ec.assemblylogic.ui.MainActivity} launchCookies=[] positionInParent=Point(0, 0) parentTaskId=-1 isFocused=true isVisible=false isVisibleRequested=false isSleeping=false topActivityInSizeCompat=false topActivityInMiuiSizeCompat=false topActivityEligibleForLetterboxEducation= false topActivityLetterboxed= false isFromDoubleTap= false topActivityLetterboxVerticalPosition= -1 topActivityLetterboxHorizontalPosition= -1 topActivityLetterboxWidth=-1 topActivityLetterboxHeight=-1 locusId=null displayAreaFeatureId=1 cameraCompatControlState=hidden mIsCastMode=false mTopActivityMediaSize=null mTopActivityRecordName=ActivityRecord{6150c11 u0 eu.europa.ec.euidi/eu.europa.ec.assemblylogic.ui.MainActivity t6587} mTopActivityOrientation=-2 mTopActivityWindowIsNowVisible=false isTranslucent=true isEmbedded=false shouldBeVisible=true isImmersive=false mBehindAppLockPkg=null mOriginatingUid=0}
10-09 17:03:21.651  4304  4484 D MiuiDesktopModeController: onFocusTaskChanged newFocus: TaskInfo{userId=0 taskId=6587 displayId=0 isRunning=true baseIntent=Intent { act=android.intent.action.MAIN cat=[android.intent.category.LAUNCHER] flg=0x10200000 cmp=eu.europa.ec.euidi/eu.europa.ec.assemblylogic.ui.MainActivity } baseActivity=ComponentInfo{eu.europa.ec.euidi/eu.europa.ec.assemblylogic.ui.MainActivity} topActivity=ComponentInfo{eu.europa.ec.euidi/eu.europa.ec.assemblylogic.ui.MainActivity} origActivity=null realActivity=ComponentInfo{eu.europa.ec.euidi/eu.europa.ec.assemblylogic.ui.MainActivity} numActivities=1 lastActiveTime=263886938 supportsSplitScreenMultiWindow=true supportsMultiWindow=true resizeMode=1 isResizeable=true minWidth=-1 minHeight=-1 defaultMinSize=200 token=WCT{android.window.IWindowContainerToken$Stub$Proxy@2127c24} topActivityType=1 pictureInPictureParams=null shouldDockBigOverlays=false launchIntoPipHostTaskId=-1 lastParentTaskIdBeforePip=-1 displayCutoutSafeInsets=Rect(0, 94 - 0, 0) topActivityInfo=ActivityInfo{b8a038d eu.europa.ec.assemblylogic.ui.MainActivity} launchCookies=[] positionInParent=Point(0, 0) parentTaskId=-1 isFocused=true isVisible=false isVisibleRequested=false isSleeping=false topActivityInSizeCompat=false topActivityInMiuiSizeCompat=false topActivityEligibleForLetterboxEducation= false topActivityLetterboxed= false isFromDoubleTap= false topActivityLetterboxVerticalPosition= -1 topActivityLetterboxHorizontalPosition= -1 topActivityLetterboxWidth=-1 topActivityLetterboxHeight=-1 locusId=null displayAreaFeatureId=1 cameraCompatControlState=hidden mIsCastMode=false mTopActivityMediaSize=null mTopActivityRecordName=ActivityRecord{6150c11 u0 eu.europa.ec.euidi/eu.europa.ec.assemblylogic.ui.MainActivity t6587} mTopActivityOrientation=-2 mTopActivityWindowIsNowVisible=false isTranslucent=true isEmbedded=false shouldBeVisible=true isImmersive=false mBehindAppLockPkg=null mOriginatingUid=0}
10-09 17:03:21.651  4304  4484 D WindowManagerShell: onActivityRestartAttempt: ComponentInfo{eu.europa.ec.euidi/eu.europa.ec.assemblylogic.ui.MainActivity}
10-09 17:03:21.664  2042  6997 D WindowManager: Collecting in transition 516: ActivityRecord{6150c11 u0 eu.europa.ec.euidi/eu.europa.ec.assemblylogic.ui.MainActivity t6587} init visibleRequested:false
10-09 17:03:21.664  2042  6997 E Transition: Trying to add a ready-group twice: Display{#0 state=ON size=1080x2400 ROTATION_0}
10-09 17:03:21.665  2042  6997 D WindowManagerService: checkFlipFullScreenChange is same, nowIsFullScreen = false
10-09 17:03:21.667  2042  8301 W AutofillManagerServiceImpl: getFillEventHistory() called by UID 10273, but service UID is 10163
10-09 17:03:21.668  2042  6997 D WindowManager: Collecting in transition 516: ActivityRecord{f2f67ae u0 com.android.chrome/org.chromium.chrome.browser.ChromeTabbedActivity t6565} init visibleRequested:true
10-09 17:03:21.672  2042  6997 D WindowManager: Collecting in transition 516: ActivityRecord{6150c11 u0 eu.europa.ec.euidi/eu.europa.ec.assemblylogic.ui.MainActivity t6587} init visibleRequested:true
10-09 17:03:21.672  4304  4484 D MiuiFullScreenTaskRepository: setFocusedTask taskId=6587, displayId=0, topActivity=ComponentInfo{eu.europa.ec.euidi/eu.europa.ec.assemblylogic.ui.MainActivity}
10-09 17:03:21.672  2042  6997 D WindowManager: Set transition=TransitionRecord{40305d8 id=516 type=OPEN flags=0x0}, ready=true, SyncId=516 
10-09 17:03:21.672  4304  4484 D MiuiFullScreenTaskRepository: addOrUpdateFullScreenTaskInfo taskId=6587, topActivity=ComponentInfo{eu.europa.ec.euidi/eu.europa.ec.assemblylogic.ui.MainActivity}
10-09 17:03:21.675  2042  6997 I BLASTSyncEngine: SyncGroup 516:  Unfinished container:ActivityRecord{6150c11 u0 eu.europa.ec.euidi/eu.europa.ec.assemblylogic.ui.MainActivity t6587}
10-09 17:03:21.675  2042  6997 I BLASTSyncEngine: isActivitySyncFinished isSyncFinished false ActivityRecord{6150c11 u0 eu.europa.ec.euidi/eu.europa.ec.assemblylogic.ui.MainActivity t6587}
10-09 17:03:21.681  2042  2690 D Aurogon :  uid = 10030 switch to FG
10-09 17:03:21.693  2183  2183 I wificond: station_bandwidth: P
10-09 17:03:21.707  4304 26635 D MiuiFreeformModeObserver: activityResumed() intent： Intent { cmp=eu.europa.ec.euidi/eu.europa.ec.assemblylogic.ui.MainActivity (has extras) }
10-09 17:03:21.715  2042  6997 I BLASTSyncEngine: SyncGroup 516:  Unfinished container:ActivityRecord{6150c11 u0 eu.europa.ec.euidi/eu.europa.ec.assemblylogic.ui.MainActivity t6587}
10-09 17:03:21.715  2042  6997 I BLASTSyncEngine: isActivitySyncFinished isSyncFinished false ActivityRecord{6150c11 u0 eu.europa.ec.euidi/eu.europa.ec.assemblylogic.ui.MainActivity t6587}
10-09 17:03:21.716  2042  6997 I WindowManager: cancelAnimation removed leash : Surface(name=Surface(name=704023a StatusBar#94)/@0xa8be448 - animation-leash of insets_animation#11179)/@0x871f28d
10-09 17:03:21.718  2042  6997 I WindowManager: cancelAnimation removed leash : Surface(name=Surface(name=d968687 NavigationBar0#90)/@0x2f479dd - animation-leash of insets_animation#11180)/@0xc8d3190
10-09 17:03:21.720  2042  6997 D WindowManager: wms.Input focus has changed to Window{fee273f u0 eu.europa.ec.euidi/eu.europa.ec.assemblylogic.ui.MainActivity} display=0 updateInputWindows = true
10-09 17:03:21.720  2042  6997 I MultiSenceManagerInternalStub: getInstance
10-09 17:03:21.748  2042  4100 D WindowManager: wms.finishDrawingLocked: mDrawState=COMMIT_DRAW_PENDING Window{fee273f u0 eu.europa.ec.euidi/eu.europa.ec.assemblylogic.ui.MainActivity} in Surface(name=eu.europa.ec.euidi/eu.europa.ec.assemblylogic.ui.MainActivity#11182)/@0xfe9e997
10-09 17:03:21.752  2042  2693 I SmartPower: eu.europa.ec.euidi/10030(6347): invisible->visible(118ms) R(become visible) adj=0.
10-09 17:03:21.752  2042  2693 I WindowManager: wms.showSurfaceRobustly mWin:Window{fee273f u0 eu.europa.ec.euidi/eu.europa.ec.assemblylogic.ui.MainActivity}
10-09 17:03:21.752  2042  2693 D WindowManager: Final targets: [Task{824377 #6587 type=standard A=10030:eu.europa.ec.euidi}, Task{ac848dc #6565 type=standard A=10172:com.android.chrome}]
10-09 17:03:21.777  2042  2693 D WindowManager: Calling onTransitionReady info={id=516 t=OPEN f=0x0 trk=0 r=[0@Point(0, 0)] c=[{WCT{RemoteToken{251eebd Task{824377 #6587 type=standard A=10030:eu.europa.ec.euidi}}} m=TO_FRONT f=MOVE_TO_TOP leash=Surface(name=Task=6587#11043)/@0x6c98176 sb=Rect(0, 0 - 1080, 2400) eb=Rect(0, 0 - 1080, 2400) d=0},{WCT{RemoteToken{be892c5 Task{ac848dc #6565 type=standard A=10172:com.android.chrome}}} m=TO_BACK f=NONE leash=Surface(name=Task=6565#9987)/@0x75a594f sb=Rect(0, 0 - 1080, 2400) eb=Rect(0, 0 - 1080, 2400) d=0}] noAni=[false] df=[false] mk=[true] nc=[0]}, mToken=Token{961631c TransitionRecord{40305d8 id=516 type=OPEN flags=0x0}}
10-09 17:03:21.777  2042  2693 I BLASTSyncEngine: finishNow: after onTransactionReady, mSyncId=516
10-09 17:03:21.781  4304  4484 D MiuiFreeformAnimation: startAnimation change: {WCT{android.window.IWindowContainerToken$Stub$Proxy@da04b89} m=TO_FRONT f=MOVE_TO_TOP leash=Surface(name=Task=6587#11043)/@0x2e6a942 sb=Rect(0, 0 - 1080, 2400) eb=Rect(0, 0 - 1080, 2400) d=0} info.getType(): 1
10-09 17:03:21.781  4304  4484 I MiuiFreeformAnimation: isLaunchWidgetPicker=false,taskInfo.getWindowingMode()=1, taskInfo.getActivityType()=1
10-09 17:03:21.782  4304  4484 D MiuiFreeformAnimation: startAnimation change: {WCT{android.window.IWindowContainerToken$Stub$Proxy@93a178e} m=TO_BACK f=NONE leash=Surface(name=Task=6565#9987)/@0xed45d53 sb=Rect(0, 0 - 1080, 2400) eb=Rect(0, 0 - 1080, 2400) d=0} info.getType(): 1
10-09 17:03:21.782  4304  4484 W MiuiTaskTransitionHandler: Receive an unknown transition, token=android.os.BinderProxy@3018351, type=1
10-09 17:03:21.783  4304  4484 D TransitionAnimationHelper:  load default animation  type = 1 enter = false animAttr = 9 isTask = true translucent = false
