06-17 10:50:01.993     1     1 I init    : Command 'chmod 0770 /cache' action=post-fs (/system/etc/init/hw/init.rc:556) took 0ms and failed: fchmodat() failed: Read-only file system
06-17 10:50:01.993     1     1 E selinux : SELinux:  setxattr failed: /cache:  Read-only file system
06-17 10:50:01.993     1     1 I init    : Command 'mkdir /cache/recovery 0770 system cache' action=post-fs (/system/etc/init/hw/init.rc:562) took 0ms and failed: mkdir() failed on /cache/recovery: Read-only file system
06-17 10:50:01.993     1     1 I init    : Command 'mkdir /cache/backup_stage 0700 system system' action=post-fs (/system/etc/init/hw/init.rc:565) took 0ms and failed: mkdir() failed on /cache/backup_stage: Read-only file system
06-17 10:50:01.993     1     1 I init    : Command 'mkdir /cache/backup 0700 system system' action=post-fs (/system/etc/init/hw/init.rc:566) took 0ms and failed: mkdir() failed on /cache/backup: Read-only file system
06-17 10:50:01.993     1     1 I init    : Command 'mkdir /cache/lost+found 0770 root root' action=post-fs (/system/etc/init/hw/init.rc:593) took 0ms and failed: mkdir() failed on /cache/lost+found: Read-only file system
06-17 10:50:01.993   192   192 I input   : virtio_input_multi_touch_3 as /devices/platform/3f000000.pcie/pci0000:00/0000:00:06.0/virtio12/input/input3
06-17 10:50:01.995   192   192 I input   : virtio_input_multi_touch_4 as /devices/platform/3f000000.pcie/pci0000:00/0000:00:07.0/virtio13/input/input4
06-17 10:50:01.995     1     1 I selinux : SELinux: Skipping restorecon on directory(/metadata)
06-17 10:50:01.995     1     1 I selinux : SELinux: Skipping restorecon on directory(/metadata/apex)
06-17 10:50:01.995     1     1 I init    : processing action (post-fs) from (/system/etc/init/aconfigd.rc:26)
06-17 10:50:01.996     1     1 I init    : starting service 'system_aconfigd_platform_init'...
06-17 10:50:01.997   192   192 I input   : virtio_input_multi_touch_5 as /devices/platform/3f000000.pcie/pci0000:00/0000:00:08.0/virtio14/input/input5
06-17 10:50:01.999   192   192 I input   : virtio_input_multi_touch_6 as /devices/platform/3f000000.pcie/pci0000:00/0000:00:09.0/virtio15/input/input6
06-17 10:50:01.999     1     1 I init    : ... started service 'system_aconfigd_platform_init' has pid 224
06-17 10:50:01.999     1     1 I init    : SVC_EXEC service 'system_aconfigd_platform_init' pid 224 (uid 1000 gid 1000+0 context default) started; waiting...
06-17 10:50:02.001   192   192 I input   : virtio_input_multi_touch_7 as /devices/platform/3f000000.pcie/pci0000:00/0000:00:0a.0/virtio16/input/input7
06-17 10:50:02.004   192   192 I input   : virtio_input_multi_touch_8 as /devices/platform/3f000000.pcie/pci0000:00/0000:00:0c.0/virtio17/input/input8
06-17 10:50:02.006   192   192 I input   : virtio_input_multi_touch_9 as /devices/platform/3f000000.pcie/pci0000:00/0000:00:0d.0/virtio18/input/input9
06-17 10:50:02.009   192   192 I input   : virtio_input_multi_touch_10 as /devices/platform/3f000000.pcie/pci0000:00/0000:00:0e.0/virtio19/input/input10
06-17 10:50:02.010   192   192 I input   : virtio_input_multi_touch_11 as /devices/platform/3f000000.pcie/pci0000:00/0000:00:0f.0/virtio20/input/input11
06-17 10:50:02.013   192   192 I input   : qwerty2 as /devices/platform/3f000000.pcie/pci0000:00/0000:00:10.0/virtio21/input/input12
06-17 10:50:02.013   192   192 I dlkm_loader: Loaded kernel module /vendor/lib/modules/virtio_input.ko
06-17 10:50:02.014   192   192 I dlkm_loader: Loading module /vendor/lib/modules/virtio_net.ko with args ''
06-17 10:50:02.017   192   192 I dlkm_loader: Loaded kernel module /vendor/lib/modules/virtio_net.ko
06-17 10:50:02.017   192   192 I dlkm_loader: Loading module /vendor/lib/modules/virtio_pmem.ko with args ''
06-17 10:50:02.018   192   192 I dlkm_loader: Loaded kernel module /vendor/lib/modules/virtio_pmem.ko
06-17 10:50:02.018   192   192 I dlkm_loader: Loading module /vendor/lib/modules/virtio_snd.ko with args ''
06-17 10:50:02.019   192   192 I dlkm_loader: Loaded kernel module /vendor/lib/modules/virtio_snd.ko
06-17 10:50:02.019   192   192 I dlkm_loader: Loading module /vendor/lib/modules/virtual-cpufreq.ko with args ''
06-17 10:50:02.020   192   192 I dlkm_loader: Loaded kernel module /vendor/lib/modules/virtual-cpufreq.ko
06-17 10:50:02.020   192   192 I dlkm_loader: module vkms is blocklisted
06-17 10:50:02.020   192   192 E dlkm_loader: LoadWithAliases was unable to load vkms, tried: vkms
06-17 10:50:02.020   192   192 I dlkm_loader: module load count is 54
06-17 10:50:02.021     1     1 I init    : Service 'vendor.dlkm_loader' (pid 192) exited with status 0 oneshot service took 0.128000 seconds in background
06-17 10:50:02.021     1     1 I init    : Sending signal 9 to service 'vendor.dlkm_loader' (pid 192) process group...
06-17 10:50:02.021     1     1 I libprocessgroup: Removed cgroup /sys/fs/cgroup/system/uid_0/pid_192
06-17 10:50:02.027     1     1 I init    : Service 'system_aconfigd_platform_init' (pid 224) exited with status 0 waiting took 0.031000 seconds
06-17 10:50:02.027     1     1 I init    : Sending signal 9 to service 'system_aconfigd_platform_init' (pid 224) process group...
06-17 10:50:02.027     1     1 I libprocessgroup: Removed cgroup /sys/fs/cgroup/system/uid_1000/pid_224
06-17 10:50:02.027     1     1 I init    : processing action (post-fs) from (/system/etc/init/atrace_userdebug.rc:7)
06-17 10:50:02.028     1     1 I init    : processing action (post-fs) from (/system/etc/init/gsid.rc:8)
06-17 10:50:02.028     1     1 I init    : processing action (post-fs) from (/system/etc/init/recovery-refresh.rc:1)
06-17 10:50:02.028     1     1 I init    : starting service 'exec 3 (/system/bin/recovery-refresh)'...
06-17 10:50:02.028     1     1 I init    : ... started service 'exec 3 (/system/bin/recovery-refresh)' has pid 225
06-17 10:50:02.028     1     1 I init    : processing action (late-fs) from (/system/etc/init/hw/init.rc:617)
06-17 10:50:02.029     1     1 I init    : starting service 'system_suspend'...
06-17 10:50:02.030     1     1 I init    : ... started service 'system_suspend' has pid 226
06-17 10:50:02.030     1     1 I init    : starting service 'keystore2'...
06-17 10:50:02.031     1     1 I init    : ... started service 'keystore2' has pid 227
06-17 10:50:02.032     1     1 I init    : starting service 'vendor.keymint-default'...
06-17 10:50:02.032     1     1 I init    : ... started service 'vendor.keymint-default' has pid 228
06-17 10:50:02.033     1     1 I init    : starting service 'vendor.gatekeeper_nonsecure'...
06-17 10:50:02.035     1     1 I init    : ... started service 'vendor.gatekeeper_nonsecure' has pid 229
06-17 10:50:02.035     1     1 I init    : Service 'exec 3 (/system/bin/recovery-refresh)' (pid 225) exited with status 254 oneshot service took 0.006000 seconds in background
06-17 10:50:02.035     1     1 I init    : Sending signal 9 to service 'exec 3 (/system/bin/recovery-refresh)' (pid 225) process group...
06-17 10:50:02.035     1     1 I libprocessgroup: Removed cgroup /sys/fs/cgroup/system/uid_1000/pid_225
06-17 10:50:02.035     1     1 I init    : processing action (late-fs) from (/system/etc/init/hw/init.rc:631)
06-17 10:50:02.035   199   199 I servicemanager: Caller(pid=226,uid=1000,sid=u:r:system_suspend:s0) Found android.system.suspend.ISystemSuspend/default in framework VINTF manifest.
06-17 10:50:02.035     1     1 I init    : processing action (late-fs) from (/vendor/etc/init/hw/init.ranchu.rc:7)
06-17 10:50:02.036     1     1 I init    : [libfs_mgr] Invalid ext4 superblock on '/dev/block/vdc'
06-17 10:50:02.036     1     1 E init    : [libfs_mgr] mount_with_alternatives(): skipping mount due to invalid magic, mountpoint=/data blk_dev=/dev/block/vdc rec[10].fs_type=ext4
06-17 10:50:02.036     1     1 I init    : Calling: /system/bin/vdc cryptfs mountFstab /dev/block/vdc /data false
06-17 10:50:02.039   232   232 W vdc     : Thread Pool max thread count is 0. Cannot cache binder as linkToDeath cannot be implemented. serviceName: vold
06-17 10:50:02.039   232   232 D vdc     : Waited 0ms for vold
06-17 10:50:02.041   199   199 I servicemanager: Caller(pid=217,uid=0,sid=u:r:vold:s0) Since 'android.system.keystore2.IKeystoreService/default' could not be found trying to start it as a lazy AIDL service. (if it's not configured to be a lazy service, it may be stuck starting or still starting).
06-17 10:50:02.052   199   199 I servicemanager: Caller(pid=229,uid=1000,sid=u:r:hal_gatekeeper_default:s0) Found android.hardware.security.sharedsecret.ISharedSecret/gatekeeper in device VINTF manifest.
06-17 10:50:02.052   199   199 I servicemanager: Caller(pid=229,uid=1000,sid=u:r:hal_gatekeeper_default:s0) Found android.hardware.gatekeeper.IGatekeeper/default in device VINTF manifest.
06-17 10:50:02.056   199   199 I servicemanager: Caller(pid=228,uid=9999,sid=u:r:hal_keymint_default:s0) Found android.hardware.security.keymint.IKeyMintDevice/default in device VINTF manifest.
06-17 10:50:02.056   199   199 I servicemanager: Caller(pid=228,uid=9999,sid=u:r:hal_keymint_default:s0) Found android.hardware.security.secureclock.ISecureClock/default in device VINTF manifest.
06-17 10:50:02.056   199   199 I servicemanager: Caller(pid=228,uid=9999,sid=u:r:hal_keymint_default:s0) Found android.hardware.security.sharedsecret.ISharedSecret/default in device VINTF manifest.
06-17 10:50:02.056   199   199 I servicemanager: Caller(pid=228,uid=9999,sid=u:r:hal_keymint_default:s0) Found android.hardware.security.keymint.IRemotelyProvisionedComponent/default in device VINTF manifest.
06-17 10:50:02.077   199   199 I servicemanager: Caller(pid=227,uid=1017,sid=u:r:keystore:s0) Found android.system.keystore2.IKeystoreService/default in framework VINTF manifest.
06-17 10:50:02.077   199   199 I BpBinder: onLastStrongRef automatically unlinking death recipients:
06-17 10:50:02.080   199   199 I servicemanager: Caller(pid=217,uid=0,sid=u:r:vold:s0) Could not find android.hardware.boot.IBootControl/default in the VINTF manifest. No alternative instances declared in VINTF.
06-17 10:50:02.080   217   217 E vold    : Error getting bootctrl v1.0 module.
06-17 10:50:02.081   217   217 I EXT4-fs (dm-53): Using encoding defined by superblock: utf8-12.1.0 with flags 0x0
06-17 10:50:02.292   217   217 I EXT4-fs (dm-53): 6 orphan inodes deleted
06-17 10:50:02.292   217   217 I EXT4-fs (dm-53): recovery complete
06-17 10:50:02.293   217   217 I EXT4-fs (dm-53): mounted filesystem 57f8f4bc-abf4-655f-bf67-946fc0f9f25b r/w with ordered data mode. Quota mode: journalled.
06-17 10:50:02.294   217   217 I EXT4-fs (dm-53): unmounting filesystem 57f8f4bc-abf4-655f-bf67-946fc0f9f25b.
06-17 10:50:02.302   217   217 I e2fsck  : e2fsck 1.46.6 (1-Feb-2023)
06-17 10:50:02.308   217   217 I e2fsck  : Pass 1: Checking inodes, blocks, and sizes
06-17 10:50:02.460   217   217 I e2fsck  : Pass 2: Checking directory structure
06-17 10:50:02.524   217   217 I e2fsck  : Pass 3: Checking directory connectivity
06-17 10:50:02.526   217   217 I e2fsck  : Pass 4: Checking reference counts
06-17 10:50:02.529   217   217 I e2fsck  : Pass 5: Checking group summary information
06-17 10:50:02.541   217   217 I e2fsck  : /dev/block/mapper/userdata: 14594/393216 files (4.3% non-contiguous), 515638/1572864 blocks
06-17 10:50:02.543   217   217 W vold    : [libfs_mgr] Reserved blocks 32768 is too large; capping to 31457
06-17 10:50:02.543   217   217 W EXT4-fs : Ignoring removed nomblk_io_submit option
06-17 10:50:02.543   217   217 I EXT4-fs (dm-53): Using encoding defined by superblock: utf8-12.1.0 with flags 0x0
06-17 10:50:02.544   217   217 I EXT4-fs (dm-53): mounted filesystem 57f8f4bc-abf4-655f-bf67-946fc0f9f25b r/w with ordered data mode. Quota mode: journalled.
06-17 10:50:02.546     1     1 I init    : Command 'mount_all /vendor/etc/fstab.ranchu --late' action=late-fs (/vendor/etc/init/hw/init.ranchu.rc:9) took 510ms and succeeded
06-17 10:50:02.546     1     1 E init    : Control message: Could not find 'aidl/android.system.keystore2.IKeystoreService/default' for ctl.interface_start from pid: 199 (/system/bin/servicemanager)
06-17 10:50:02.546     1     1 I init    : processing action (post-fs-data) from (/system/etc/init/hw/init.rc:645)
06-17 10:50:02.546     1     1 I init    : starting service 'exec 4 (/system/bin/vdc checkpoint prepareCheckpoint)'...
06-17 10:50:02.547   233   233 I servicemanager: Caller(pid=217,uid=0,sid=u:r:vold:s0) Tried to start aidl service android.system.keystore2.IKeystoreService/default as a lazy service, but was unable to. Usually this happens when a service is not installed, but if the service is intended to be used as a lazy service, then it may be configured incorrectly.
06-17 10:50:02.547     1     1 I init    : ... started service 'exec 4 (/system/bin/vdc checkpoint prepareCheckpoint)' has pid 251
06-17 10:50:02.547     1     1 I init    : SVC_EXEC service 'exec 4 (/system/bin/vdc checkpoint prepareCheckpoint)' pid 251 (uid 1000 gid 1000+0 context default) started; waiting...
06-17 10:50:02.550     1     1 I init    : Service 'exec 4 (/system/bin/vdc checkpoint prepareCheckpoint)' (pid 251) exited with status 0 waiting took 0.003000 seconds
06-17 10:50:02.550     1     1 I init    : Sending signal 9 to service 'exec 4 (/system/bin/vdc checkpoint prepareCheckpoint)' (pid 251) process group...
06-17 10:50:02.550     1     1 I libprocessgroup: Removed cgroup /sys/fs/cgroup/system/uid_1000/pid_251
06-17 10:50:02.551     1     1 I init    : starting service 'exec 5 (/system/bin/vdc --wait cryptfs enablefilecrypto)'...
06-17 10:50:02.552     1     1 I init    : ... started service 'exec 5 (/system/bin/vdc --wait cryptfs enablefilecrypto)' has pid 252
06-17 10:50:02.552     1     1 I init    : SVC_EXEC service 'exec 5 (/system/bin/vdc --wait cryptfs enablefilecrypto)' pid 252 (uid 0 gid 0+0 context default) started; waiting...
06-17 10:50:02.554   252   252 W vdc     : Thread Pool max thread count is 0. Cannot cache binder as linkToDeath cannot be implemented. serviceName: vold
06-17 10:50:02.554   252   252 D vdc     : Waited 0ms for vold
06-17 10:50:02.561     1     1 I init    : Service 'exec 5 (/system/bin/vdc --wait cryptfs enablefilecrypto)' (pid 252) exited with status 0 waiting took 0.009000 seconds
06-17 10:50:02.561     1     1 I init    : Sending signal 9 to service 'exec 5 (/system/bin/vdc --wait cryptfs enablefilecrypto)' (pid 252) process group...
06-17 10:50:02.561     1     1 I libprocessgroup: Removed cgroup /sys/fs/cgroup/system/uid_0/pid_252
06-17 10:50:02.561     1     1 I init    : Verified that /data/bootchart has the encryption policy 682392fda0d0848a9c06fcfd3a23dda2 v2 modes 1/4 flags 0x2
06-17 10:50:02.561     1     1 I fscrypt : AES-256-CTS-CBC using implementation "cts-cbc-aes-ce"
06-17 10:50:02.562     1     1 I fscrypt : AES-256-XTS using implementation "xts-aes-ce"
06-17 10:50:02.562     1     1 I init    : Verified that /data/vendor has the encryption policy 682392fda0d0848a9c06fcfd3a23dda2 v2 modes 1/4 flags 0x2
06-17 10:50:02.562     1     1 I init    : Verified that /data/anr has the encryption policy 682392fda0d0848a9c06fcfd3a23dda2 v2 modes 1/4 flags 0x2
06-17 10:50:02.563     1     1 I init    : Verified that /data/tombstones has the encryption policy 682392fda0d0848a9c06fcfd3a23dda2 v2 modes 1/4 flags 0x2
06-17 10:50:02.563     1     1 I init    : starting service 'tombstoned'...
06-17 10:50:02.563     1     1 I init    : Created socket '/dev/socket/tombstoned_crash', mode 666, user 1000, group 1000
06-17 10:50:02.563     1     1 I init    : Created socket '/dev/socket/tombstoned_intercept', mode 666, user 1000, group 1000
06-17 10:50:02.563     1     1 I init    : Created socket '/dev/socket/tombstoned_java_trace', mode 666, user 1000, group 1000
06-17 10:50:02.564     1     1 I init    : ... started service 'tombstoned' has pid 254
06-17 10:50:02.564     1     1 I init    : Switched to default mount namespace
06-17 10:50:02.565     1     1 I init    : Verified that /data/misc has the encryption policy 682392fda0d0848a9c06fcfd3a23dda2 v2 modes 1/4 flags 0x2
06-17 10:50:02.565     1     1 I init    : starting service 'exec 6 (/system/bin/vdc keymaster earlyBootEnded)'...
06-17 10:50:02.565     1     1 I init    : ... started service 'exec 6 (/system/bin/vdc keymaster earlyBootEnded)' has pid 255
06-17 10:50:02.565     1     1 I init    : SVC_EXEC service 'exec 6 (/system/bin/vdc keymaster earlyBootEnded)' pid 255 (uid 1000 gid 1000+0 context default) started; waiting...
06-17 10:50:02.579     1     1 I init    : Service 'exec 6 (/system/bin/vdc keymaster earlyBootEnded)' (pid 255) exited with status 0 waiting took 0.014000 seconds
06-17 10:50:02.579     1     1 I init    : Sending signal 9 to service 'exec 6 (/system/bin/vdc keymaster earlyBootEnded)' (pid 255) process group...
06-17 10:50:02.579     1     1 I libprocessgroup: Removed cgroup /sys/fs/cgroup/system/uid_1000/pid_255
06-17 10:50:02.580     1     1 I init    : Verified that /data/property has the encryption policy 682392fda0d0848a9c06fcfd3a23dda2 v2 modes 1/4 flags 0x2
06-17 10:50:02.581    77    77 I init    : Wait for property 'ro.persistent_properties.ready=true' took 1ms
06-17 10:50:02.581     1     1 I init    : service 'logd' requested start, but it is already running (flags: 4)
06-17 10:50:02.581     1     1 I init    : starting service 'logd-reinit'...
06-17 10:50:02.582     1     1 I init    : ... started service 'logd-reinit' has pid 258
06-17 10:50:02.582     1     1 I init    : Not setting encryption policy on: /data/apex
06-17 10:50:02.582     1     1 I init    : Verified that /data/apex/decompressed has the encryption policy 682392fda0d0848a9c06fcfd3a23dda2 v2 modes 1/4 flags 0x2
06-17 10:50:02.582     1     1 I init    : Verified that /data/app-staging has the encryption policy 682392fda0d0848a9c06fcfd3a23dda2 v2 modes 1/4 flags 0x2
06-17 10:50:02.582     1     1 I init    : Verified that /data/apex/ota_reserved has the encryption policy 682392fda0d0848a9c06fcfd3a23dda2 v2 modes 1/4 flags 0x2
06-17 10:50:02.582     1     1 I init    : starting service 'apexd'...
06-17 10:50:02.584   211   211 I logd    : logd reinit
06-17 10:50:02.585   211   211 E logd    : FrameworkListener: read() failed (Connection reset by peer)
06-17 10:50:02.585     1     1 I init    : ... started service 'apexd' has pid 259
06-17 10:50:02.585     1     1 I init    : Service 'logd-reinit' (pid 258) exited with status 0 oneshot service took 0.003000 seconds in background
06-17 10:50:02.585     1     1 I init    : Sending signal 9 to service 'logd-reinit' (pid 258) process group...
06-17 10:50:02.585     1     1 I libprocessgroup: Removed cgroup /sys/fs/cgroup/system/uid_1036/pid_258
06-17 10:50:02.587   259   259 I apexd   : Started. subcommand = (null)
06-17 10:50:02.587   259   259 W apexd   : Thread Pool max thread count is 0. Cannot cache binder as linkToDeath cannot be implemented. serviceName: vold
06-17 10:50:02.588   259   259 I apexd   : Scanning /odm/apex for pre-installed ApexFiles
06-17 10:50:02.588   259   259 W apexd   : /odm/apex does not exist. Skipping
06-17 10:50:02.588   259   259 I apexd   : Scanning /vendor/apex for pre-installed ApexFiles
06-17 10:50:02.588   259   259 I apexd   : Found pre-installed APEX /vendor/apex/com.android.hardware.authsecret.apex
06-17 10:50:02.588   259   259 I apexd   : Found pre-installed APEX /vendor/apex/com.android.hardware.threadnetwork-simulation-rcp.apex
06-17 10:50:02.588   259   259 I apexd   : Found pre-installed APEX /vendor/apex/com.android.hardware.cas.apex
06-17 10:50:02.588   259   259 I apexd   : Found pre-installed APEX /vendor/apex/com.android.hardware.gatekeeper.nonsecure.apex
06-17 10:50:02.588   259   259 I apexd   : Found pre-installed APEX /vendor/apex/com.android.hardware.neuralnetworks.apex
06-17 10:50:02.588   259   259 I apexd   : Found pre-installed APEX /vendor/apex/com.google.android.widevine-13130248.apex
06-17 10:50:02.588   259   259 I apexd   : Found pre-installed APEX /vendor/apex/com.android.hardware.thermal.apex
06-17 10:50:02.588   259   259 I apexd   : Found pre-installed APEX /vendor/apex/com.android.hardware.power.apex
06-17 10:50:02.588   259   259 I apexd   : Found pre-installed APEX /vendor/apex/com.android.hardware.contexthub.apex
06-17 10:50:02.588   259   259 I apexd   : Found pre-installed APEX /vendor/apex/com.android.hardware.uwb.apex
06-17 10:50:02.588   259   259 I apexd   : Found pre-installed APEX /vendor/apex/com.android.hardware.rebootescrow.apex
06-17 10:50:02.588   259   259 I apexd   : Found pre-installed APEX /vendor/apex/com.android.hardware.dumpstate.apex
06-17 10:50:02.588   259   259 I apexd   : Found pre-installed APEX /vendor/apex/com.android.hardware.vibrator.apex
06-17 10:50:02.588   259   259 I apexd   : Scanning /product/apex for pre-installed ApexFiles
06-17 10:50:02.588   259   259 W apexd   : /product/apex does not exist. Skipping
06-17 10:50:02.588   259   259 I apexd   : Scanning /system_ext/apex for pre-installed ApexFiles
06-17 10:50:02.588   259   259 W apexd   : /system_ext/apex does not exist. Skipping
06-17 10:50:02.588   259   259 I apexd   : Scanning /system/apex for pre-installed ApexFiles
06-17 10:50:02.588   259   259 I apexd   : Found pre-installed APEX /system/apex/com.google.android.neuralnetworks.apex
06-17 10:50:02.588   259   259 I apexd   : Found pre-installed APEX /system/apex/com.google.android.nfcservices.apex
06-17 10:50:02.588   259   259 I apexd   : Found pre-installed APEX /system/apex/com.android.runtime.apex
06-17 10:50:02.588   259   259 I apexd   : Found pre-installed APEX /system/apex/com.google.android.permission.apex
06-17 10:50:02.588   259   259 I apexd   : Found pre-installed APEX /system/apex/com.google.android.adbd.apex
06-17 10:50:02.588   259   259 I apexd   : Found pre-installed APEX /system/apex/com.android.devicelock.apex
06-17 10:50:02.588   259   259 I apexd   : Found pre-installed APEX /system/apex/com.google.android.tzdata6.apex
06-17 10:50:02.588   259   259 I apexd   : Found pre-installed APEX /system/apex/com.android.i18n.apex
06-17 10:50:02.588   259   259 I apexd   : Found pre-installed APEX /system/apex/com.google.android.resolv.apex
06-17 10:50:02.588   259   259 I apexd   : Found pre-installed APEX /system/apex/com.google.android.sdkext.apex
06-17 10:50:02.588   259   259 I apexd   : Found pre-installed APEX /system/apex/com.google.android.ipsec.apex
06-17 10:50:02.588   259   259 I apexd   : Found pre-installed APEX /system/apex/com.google.android.appsearch.apex
06-17 10:50:02.588   259   259 I apexd   : Found pre-installed APEX /system/apex/com.google.android.tethering.apex
06-17 10:50:02.588   259   259 I apexd   : Found pre-installed APEX /system/apex/com.google.android.media.swcodec.apex
06-17 10:50:02.588   259   259 I apexd   : Found pre-installed APEX /system/apex/com.google.android.extservices.apex
06-17 10:50:02.588   259   259 I apexd   : Found pre-installed APEX /system/apex/com.google.android.rkpd.apex
06-17 10:50:02.588   259   259 I apexd   : Found pre-installed APEX /system/apex/com.google.android.art.apex
06-17 10:50:02.588   259   259 I apexd   : Found pre-installed APEX /system/apex/com.android.apex.cts.shim.apex
06-17 10:50:02.588   259   259 I apexd   : Found pre-installed APEX /system/apex/com.google.android.wifi.apex
06-17 10:50:02.588   259   259 I apexd   : Found pre-installed APEX /system/apex/com.google.android.uwb.apex
06-17 10:50:02.588   259   259 I apexd   : Found pre-installed APEX /system/apex/com.google.android.adservices.apex
06-17 10:50:02.588   259   259 I apexd   : Found pre-installed APEX /system/apex/com.google.android.ondevicepersonalization.apex
06-17 10:50:02.588   259   259 I apexd   : Found pre-installed APEX /system/apex/com.google.android.mediaprovider.apex
06-17 10:50:02.588   259   259 I apexd   : Found pre-installed APEX /system/apex/com.google.android.healthfitness.apex
06-17 10:50:02.588   259   259 I apexd   : Found pre-installed APEX /system/apex/com.google.android.cellbroadcast.apex
06-17 10:50:02.588   259   259 I apexd   : Found pre-installed APEX /system/apex/com.android.virt.apex
06-17 10:50:02.588   259   259 I apexd   : Found pre-installed APEX /system/apex/com.google.android.scheduling.apex
06-17 10:50:02.588   259   259 I apexd   : Found pre-installed APEX /system/apex/com.google.android.profiling.apex
06-17 10:50:02.588   259   259 I apexd   : Found pre-installed APEX /system/apex/com.google.android.media.apex
06-17 10:50:02.588   259   259 I apexd   : Found pre-installed APEX /system/apex/com.google.android.crashrecovery.apex
06-17 10:50:02.588   259   259 I apexd   : Found pre-installed APEX /system/apex/com.google.android.bt.apex
06-17 10:50:02.588   259   259 I apexd   : Found pre-installed APEX /system/apex/com.google.android.os.statsd.apex
06-17 10:50:02.588   259   259 I apexd   : Found pre-installed APEX /system/apex/com.google.android.uprobestats.apex
06-17 10:50:02.588   259   259 I apexd   : Found pre-installed APEX /system/apex/com.google.android.configinfrastructure.apex
06-17 10:50:02.588   259   259 I apexd   : Found pre-installed APEX /system/apex/com.google.android.conscrypt.apex
06-17 10:50:02.589     1     1 I init    : Verified that /data/local has the encryption policy 682392fda0d0848a9c06fcfd3a23dda2 v2 modes 1/4 flags 0x2
06-17 10:50:02.590   259   259 I apexd   : Populating APEX database from mounts...
06-17 10:50:02.590   259   259 I apexd   : 0 packages restored.
06-17 10:50:02.590   259   259 I apexd   : Marking APEXd as starting
06-17 10:50:02.590   259   259 I apexd   : Scanning /metadata/apex/sessions looking for sessions to be activated.
06-17 10:50:02.590   259   259 I apexd   : Scanning /data/apex/active for data ApexFiles
06-17 10:50:02.591   259   259 I apexd   : Selecting APEX for activation
06-17 10:50:02.591   259   259 I apexd   : Processing compressed APEX
06-17 10:50:02.591   259   259 I apexd   : Processing compressed APEX /system/apex/com.google.android.mediaprovider.apex
06-17 10:50:02.592     1     1 I init    : starting service 'exec 7 (/bin/rm -rf /data/misc/virtualizationservice)'...
06-17 10:50:02.593     1     1 I init    : ... started service 'exec 7 (/bin/rm -rf /data/misc/virtualizationservice)' has pid 260
06-17 10:50:02.593     1     1 I init    : SVC_EXEC service 'exec 7 (/bin/rm -rf /data/misc/virtualizationservice)' pid 260 (uid 1081 gid 1000+0 context default) started; waiting...
06-17 10:50:02.594   259   259 I apexd   : Skipping decompression for /system/apex/com.google.android.mediaprovider.apex
06-17 10:50:02.594   259   259 I apexd   : Processing compressed APEX /system/apex/com.google.android.appsearch.apex
06-17 10:50:02.596   259   259 I apexd   : Skipping decompression for /system/apex/com.google.android.appsearch.apex
06-17 10:50:02.596   259   259 I apexd   : Processing compressed APEX /system/apex/com.google.android.sdkext.apex
06-17 10:50:02.598     1     1 I init    : Service 'exec 7 (/bin/rm -rf /data/misc/virtualizationservice)' (pid 260) exited with status 1 waiting took 0.004000 seconds
06-17 10:50:02.598     1     1 I init    : Sending signal 9 to service 'exec 7 (/bin/rm -rf /data/misc/virtualizationservice)' (pid 260) process group...
06-17 10:50:02.598     1     1 I libprocessgroup: Removed cgroup /sys/fs/cgroup/system/uid_1081/pid_260
06-17 10:50:02.598     1     1 I init    : Not setting encryption policy on: /data/preloads
06-17 10:50:02.598     1     1 I init    : Verified that /data/app-private has the encryption policy 682392fda0d0848a9c06fcfd3a23dda2 v2 modes 1/4 flags 0x2
06-17 10:50:02.599   259   259 I apexd   : Skipping decompression for /system/apex/com.google.android.sdkext.apex
06-17 10:50:02.599   259   259 I apexd   : Processing compressed APEX /system/apex/com.google.android.crashrecovery.apex
06-17 10:50:02.599     1     1 I init    : Verified that /data/app-ephemeral has the encryption policy 682392fda0d0848a9c06fcfd3a23dda2 v2 modes 1/4 flags 0x2
06-17 10:50:02.599     1     1 I init    : Verified that /data/app-asec has the encryption policy 682392fda0d0848a9c06fcfd3a23dda2 v2 modes 1/4 flags 0x2
06-17 10:50:02.599     1     1 I init    : Verified that /data/app-lib has the encryption policy 682392fda0d0848a9c06fcfd3a23dda2 v2 modes 1/4 flags 0x2
06-17 10:50:02.600     1     1 I init    : Verified that /data/app has the encryption policy 682392fda0d0848a9c06fcfd3a23dda2 v2 modes 1/4 flags 0x2
06-17 10:50:02.600     1     1 I init    : Verified that /data/app-metadata has the encryption policy 682392fda0d0848a9c06fcfd3a23dda2 v2 modes 1/4 flags 0x2
06-17 10:50:02.600     1     1 I init    : Verified that /data/fonts has the encryption policy 682392fda0d0848a9c06fcfd3a23dda2 v2 modes 1/4 flags 0x2
06-17 10:50:02.601   259   259 I apexd   : Skipping decompression for /system/apex/com.google.android.crashrecovery.apex
06-17 10:50:02.601   259   259 I apexd   : Processing compressed APEX /system/apex/com.google.android.bt.apex
06-17 10:50:02.602     1     1 I init    : Verified that /data/dalvik-cache has the encryption policy 682392fda0d0848a9c06fcfd3a23dda2 v2 modes 1/4 flags 0x2
06-17 10:50:02.602     1     1 I init    : Verified that /data/ota has the encryption policy 682392fda0d0848a9c06fcfd3a23dda2 v2 modes 1/4 flags 0x2
06-17 10:50:02.603   259   259 I apexd   : Skipping decompression for /system/apex/com.google.android.bt.apex
06-17 10:50:02.603   259   259 I apexd   : Processing compressed APEX /system/apex/com.google.android.wifi.apex
06-17 10:50:02.603     1     1 I init    : Verified that /data/ota_package has the encryption policy 682392fda0d0848a9c06fcfd3a23dda2 v2 modes 1/4 flags 0x2
06-17 10:50:02.603     1     1 I init    : Verified that /data/resource-cache has the encryption policy 682392fda0d0848a9c06fcfd3a23dda2 v2 modes 1/4 flags 0x2
06-17 10:50:02.603     1     1 I init    : Not setting encryption policy on: /data/lost+found
06-17 10:50:02.603     1     1 I init    : Verified that /data/drm has the encryption policy 682392fda0d0848a9c06fcfd3a23dda2 v2 modes 1/4 flags 0x2
06-17 10:50:02.604     1     1 I init    : Verified that /data/mediadrm has the encryption policy 682392fda0d0848a9c06fcfd3a23dda2 v2 modes 1/4 flags 0x2
06-17 10:50:02.604     1     1 I init    : Verified that /data/nfc has the encryption policy 682392fda0d0848a9c06fcfd3a23dda2 v2 modes 1/4 flags 0x2
06-17 10:50:02.604     1     1 I init    : Verified that /data/backup has the encryption policy 682392fda0d0848a9c06fcfd3a23dda2 v2 modes 1/4 flags 0x2
06-17 10:50:02.604     1     1 I init    : Verified that /data/ss has the encryption policy 682392fda0d0848a9c06fcfd3a23dda2 v2 modes 1/4 flags 0x2
06-17 10:50:02.605     1     1 I init    : Verified that /data/system has the encryption policy 682392fda0d0848a9c06fcfd3a23dda2 v2 modes 1/4 flags 0x2
06-17 10:50:02.605     1     1 I selinux : SELinux: Skipping restorecon on directory(/data/system/shutdown-checkpoints)
06-17 10:50:02.605     1     1 I init    : Not setting encryption policy on: /data/media
06-17 10:50:02.606     1     1 I init    : Not setting encryption policy on: /data/misc_ce
06-17 10:50:02.606     1     1 I init    : Not setting encryption policy on: /data/misc_de
06-17 10:50:02.606   259   259 I apexd   : Skipping decompression for /system/apex/com.google.android.wifi.apex
06-17 10:50:02.606   259   259 I apexd   : Processing compressed APEX /system/apex/com.google.android.configinfrastructure.apex
06-17 10:50:02.606     1     1 I init    : Not setting encryption policy on: /data/system_ce
06-17 10:50:02.606     1     1 I init    : Not setting encryption policy on: /data/system_de
06-17 10:50:02.606     1     1 I init    : Not setting encryption policy on: /data/user
06-17 10:50:02.606     1     1 I init    : Not setting encryption policy on: /data/user_de
06-17 10:50:02.606     1     1 I init    : Not setting encryption policy on: /data/vendor_ce
06-17 10:50:02.606     1     1 I init    : Not setting encryption policy on: /data/vendor_de
06-17 10:50:02.606     1     1 I init    : Not setting encryption policy on: /data/storage_area
06-17 10:50:02.607     1     1 I init    : starting service 'exec 8 (/system/bin/chattr +F /data/media)'...
06-17 10:50:02.607     1     1 I init    : ... started service 'exec 8 (/system/bin/chattr +F /data/media)' has pid 261
06-17 10:50:02.607     1     1 I init    : SVC_EXEC service 'exec 8 (/system/bin/chattr +F /data/media)' pid 261 (uid 1023 gid 1023+0 context default) started; waiting...
06-17 10:50:02.608   259   259 I apexd   : Skipping decompression for /system/apex/com.google.android.configinfrastructure.apex
06-17 10:50:02.608   259   259 I apexd   : Processing compressed APEX /system/apex/com.google.android.rkpd.apex
06-17 10:50:02.610   259   259 I apexd   : Skipping decompression for /system/apex/com.google.android.rkpd.apex
06-17 10:50:02.610   259   259 I apexd   : Processing compressed APEX /system/apex/com.google.android.adservices.apex
06-17 10:50:02.610     1     1 I init    : Service 'exec 8 (/system/bin/chattr +F /data/media)' (pid 261) exited with status 0 waiting took 0.002000 seconds
06-17 10:50:02.610     1     1 I init    : Sending signal 9 to service 'exec 8 (/system/bin/chattr +F /data/media)' (pid 261) process group...
06-17 10:50:02.610     1     1 I libprocessgroup: Removed cgroup /sys/fs/cgroup/system/uid_1023/pid_261
06-17 10:50:02.611   259   259 I apexd   : Skipping decompression for /system/apex/com.google.android.adservices.apex
06-17 10:50:02.611   259   259 I apexd   : Processing compressed APEX /system/apex/com.google.android.resolv.apex
06-17 10:50:02.612     1     1 I init    : Verified that /data/cache has the encryption policy 682392fda0d0848a9c06fcfd3a23dda2 v2 modes 1/4 flags 0x2
06-17 10:50:02.613   259   259 I apexd   : Skipping decompression for /system/apex/com.google.android.resolv.apex
06-17 10:50:02.613   259   259 I apexd   : Processing compressed APEX /system/apex/com.google.android.ipsec.apex
06-17 10:50:02.613     1     1 I init    : Verified that /data/rollback has the encryption policy 682392fda0d0848a9c06fcfd3a23dda2 v2 modes 1/4 flags 0x2
06-17 10:50:02.613     1     1 I init    : Verified that /data/rollback-observer has the encryption policy 682392fda0d0848a9c06fcfd3a23dda2 v2 modes 1/4 flags 0x2
06-17 10:50:02.613     1     1 I init    : Verified that /data/rollback-history has the encryption policy 682392fda0d0848a9c06fcfd3a23dda2 v2 modes 1/4 flags 0x2
06-17 10:50:02.614     1     1 I init    : Verified that /data/incremental has the encryption policy 682392fda0d0848a9c06fcfd3a23dda2 v2 modes 1/4 flags 0x2
06-17 10:50:02.614   259   259 I apexd   : Skipping decompression for /system/apex/com.google.android.ipsec.apex
06-17 10:50:02.614   259   259 I apexd   : Processing compressed APEX /system/apex/com.google.android.tethering.apex
06-17 10:50:02.617   259   259 I apexd   : Skipping decompression for /system/apex/com.google.android.tethering.apex
06-17 10:50:02.617   259   259 I apexd   : Processing compressed APEX /system/apex/com.google.android.profiling.apex
06-17 10:50:02.619   259   259 I apexd   : Skipping decompression for /system/apex/com.google.android.profiling.apex
06-17 10:50:02.619   259   259 I apexd   : Processing compressed APEX /system/apex/com.google.android.media.swcodec.apex
06-17 10:50:02.621   259   259 I apexd   : Skipping decompression for /system/apex/com.google.android.media.swcodec.apex
06-17 10:50:02.621   259   259 I apexd   : Processing compressed APEX /system/apex/com.google.android.permission.apex
06-17 10:50:02.622   259   259 I apexd   : Skipping decompression for /system/apex/com.google.android.permission.apex
06-17 10:50:02.622   259   259 I apexd   : Processing compressed APEX /system/apex/com.google.android.neuralnetworks.apex
06-17 10:50:02.624   259   259 I apexd   : Skipping decompression for /system/apex/com.google.android.neuralnetworks.apex
06-17 10:50:02.624   259   259 I apexd   : Processing compressed APEX /system/apex/com.google.android.ondevicepersonalization.apex
06-17 10:50:02.627   259   259 I apexd   : Skipping decompression for /system/apex/com.google.android.ondevicepersonalization.apex
06-17 10:50:02.627   259   259 I apexd   : Processing compressed APEX /system/apex/com.google.android.uwb.apex
06-17 10:50:02.629   259   259 I apexd   : Skipping decompression for /system/apex/com.google.android.uwb.apex
06-17 10:50:02.629   259   259 I apexd   : Processing compressed APEX /system/apex/com.google.android.extservices.apex
06-17 10:50:02.630   259   259 I apexd   : Skipping decompression for /system/apex/com.google.android.extservices.apex
06-17 10:50:02.630   259   259 I apexd   : Processing compressed APEX /system/apex/com.google.android.art.apex
06-17 10:50:02.632   259   259 I apexd   : Skipping decompression for /system/apex/com.google.android.art.apex
06-17 10:50:02.632   259   259 I apexd   : Processing compressed APEX /system/apex/com.google.android.adbd.apex
06-17 10:50:02.635   259   259 I apexd   : Skipping decompression for /system/apex/com.google.android.adbd.apex
06-17 10:50:02.635   259   259 I apexd   : Processing compressed APEX /system/apex/com.google.android.uprobestats.apex
06-17 10:50:02.637   259   259 I apexd   : Skipping decompression for /system/apex/com.google.android.uprobestats.apex
06-17 10:50:02.637   259   259 I apexd   : Processing compressed APEX /system/apex/com.google.android.healthfitness.apex
06-17 10:50:02.639   259   259 I apexd   : Skipping decompression for /system/apex/com.google.android.healthfitness.apex
06-17 10:50:02.639   259   259 I apexd   : Processing compressed APEX /system/apex/com.google.android.scheduling.apex
06-17 10:50:02.641   259   259 I apexd   : Skipping decompression for /system/apex/com.google.android.scheduling.apex
06-17 10:50:02.641   259   259 I apexd   : Processing compressed APEX /system/apex/com.google.android.conscrypt.apex
06-17 10:50:02.643   259   259 I apexd   : Skipping decompression for /system/apex/com.google.android.conscrypt.apex
06-17 10:50:02.643   259   259 I apexd   : Processing compressed APEX /system/apex/com.google.android.os.statsd.apex
06-17 10:50:02.645   259   259 I apexd   : Skipping decompression for /system/apex/com.google.android.os.statsd.apex
06-17 10:50:02.645   259   259 I apexd   : Processing compressed APEX /system/apex/com.google.android.nfcservices.apex
06-17 10:50:02.646   259   259 I apexd   : Skipping decompression for /system/apex/com.google.android.nfcservices.apex
06-17 10:50:02.646   259   259 I apexd   : Processing compressed APEX /system/apex/com.google.android.media.apex
06-17 10:50:02.648   259   259 I apexd   : Skipping decompression for /system/apex/com.google.android.media.apex
06-17 10:50:02.648   259   259 I apexd   : Processing compressed APEX /system/apex/com.google.android.cellbroadcast.apex
06-17 10:50:02.650   259   259 I apexd   : Skipping decompression for /system/apex/com.google.android.cellbroadcast.apex
06-17 10:50:02.651   262   262 I loop5   : detected capacity change from 0 to 800
06-17 10:50:02.651   272   272 I loop6   : detected capacity change from 0 to 2656
06-17 10:50:02.651   279   279 I loop7   : detected capacity change from 0 to 1096
06-17 10:50:02.651   269   269 I loop8   : detected capacity change from 0 to 536
06-17 10:50:02.652   282   282 I loop9   : detected capacity change from 0 to 15712
06-17 10:50:02.652   274   274 I loop10  : detected capacity change from 0 to 27408
06-17 10:50:02.652   265   265 I loop11  : detected capacity change from 0 to 3800
06-17 10:50:02.653   293   293 I loop12  : detected capacity change from 0 to 11744
06-17 10:50:02.653   267   267 I loop13  : detected capacity change from 0 to 3072
06-17 10:50:02.653   263   263 I loop14  : detected capacity change from 0 to 760
06-17 10:50:02.653   281   281 I loop15  : detected capacity change from 0 to 536
06-17 10:50:02.653   264   264 I loop16  : detected capacity change from 0 to 3120
06-17 10:50:02.653   278   278 I loop17  : detected capacity change from 0 to 12520
06-17 10:50:02.654   286   286 I loop18  : detected capacity change from 0 to 696
06-17 10:50:02.654   287   287 I loop19  : detected capacity change from 0 to 41232
06-17 10:50:02.654   289   289 I loop20  : detected capacity change from 0 to 22096
06-17 10:50:02.654   284   284 I loop21  : detected capacity change from 0 to 2832
06-17 10:50:02.654   273   273 I loop22  : detected capacity change from 0 to 10800
06-17 10:50:02.655   275   275 I loop23  : detected capacity change from 0 to 52408
06-17 10:50:02.655   277   277 I loop24  : detected capacity change from 0 to 12392
06-17 10:50:02.655   268   268 I loop25  : detected capacity change from 0 to 73248
06-17 10:50:02.655   276   276 I loop26  : detected capacity change from 0 to 8472
06-17 10:50:02.655   270   270 I loop27  : detected capacity change from 0 to 728
06-17 10:50:02.655   280   280 I loop28  : detected capacity change from 0 to 1672
06-17 10:50:02.656   271   271 I loop29  : detected capacity change from 0 to 1928
06-17 10:50:02.656   290   290 I loop30  : detected capacity change from 0 to 21080
06-17 10:50:02.656   308   308 I loop31  : detected capacity change from 0 to 41104
06-17 10:50:02.656   283   283 I loop32  : detected capacity change from 0 to 1616
06-17 10:50:02.657   300   300 I loop33  : detected capacity change from 0 to 9096
06-17 10:50:02.657   296   296 I loop34  : detected capacity change from 0 to 58104
06-17 10:50:02.657   288   288 I loop35  : detected capacity change from 0 to 1760
06-17 10:50:02.657   298   298 I loop36  : detected capacity change from 0 to 9336
06-17 10:50:02.657   295   295 I loop37  : detected capacity change from 0 to 46320
06-17 10:50:02.657   285   285 I loop38  : detected capacity change from 0 to 3736
06-17 10:50:02.658   297   297 I loop39  : detected capacity change from 0 to 52736
06-17 10:50:02.658   301   301 I loop40  : detected capacity change from 0 to 12536
06-17 10:50:02.658   303   303 I loop41  : detected capacity change from 0 to 58312
06-17 10:50:02.658   299   299 I loop42  : detected capacity change from 0 to 27808
06-17 10:50:02.658   302   302 I loop43  : detected capacity change from 0 to 12944
06-17 10:50:02.659   266   266 I loop44  : detected capacity change from 0 to 3344
06-17 10:50:02.659   304   304 I loop45  : detected capacity change from 0 to 3232
06-17 10:50:02.659   306   306 I loop46  : detected capacity change from 0 to 536
06-17 10:50:02.659   309   309 I loop47  : detected capacity change from 0 to 5960
06-17 10:50:02.659   292   292 I loop48  : detected capacity change from 0 to 19448
06-17 10:50:02.660   307   307 I loop49  : detected capacity change from 0 to 10144
06-17 10:50:02.661   275   275 I device-mapper: verity: sha256 using shash "sha256-ce" (multibuffer)
06-17 10:50:02.661   284   284 I device-mapper: verity: sha256 using shash "sha256-ce" (multibuffer)
06-17 10:50:02.662   287   287 I device-mapper: verity: sha256 using shash "sha256-ce" (multibuffer)
06-17 10:50:02.663   294   294 I loop50  : detected capacity change from 0 to 38048
06-17 10:50:02.664   268   268 I EXT4-fs (loop25): mounted filesystem 7d1522e1-9dfa-5edb-a43e-98e3a4d20250 ro without journal. Quota mode: none.
06-17 10:50:02.664   268   268 I apexd   : Successfully mounted package /system/apex/com.android.i18n.apex on /apex/com.android.i18n@1 duration=12
06-17 10:50:02.664   282   282 I EXT4-fs (loop9): mounted filesystem 7d1522e1-9dfa-5edb-a43e-98e3a4d20250 ro without journal. Quota mode: none.
06-17 10:50:02.664   282   282 I apexd   : Successfully mounted package /system/apex/com.android.runtime.apex on /apex/com.android.runtime@1 duration=13
06-17 10:50:02.666   277   277 I device-mapper: verity: sha256 using shash "sha256-ce" (multibuffer)
06-17 10:50:02.666   293   293 I device-mapper: verity: sha256 using shash "sha256-ce" (multibuffer)
06-17 10:50:02.666   291   291 I loop51  : detected capacity change from 0 to 13976
06-17 10:50:02.668   272   272 I EXT4-fs (loop6): mounted filesystem 7d1522e1-9dfa-5edb-a43e-98e3a4d20250 ro without journal. Quota mode: none.
06-17 10:50:02.668   272   272 I apexd   : Successfully mounted package /vendor/apex/com.android.hardware.uwb.apex on /apex/com.android.hardware.uwb@1 duration=16
06-17 10:50:02.668   289   289 I device-mapper: verity: sha256 using shash "sha256-ce" (multibuffer)
06-17 10:50:02.668   281   281 I EXT4-fs (loop15): mounted filesystem 7d1522e1-9dfa-5edb-a43e-98e3a4d20250 ro without journal. Quota mode: none.
06-17 10:50:02.668   281   281 I apexd   : Successfully mounted package /vendor/apex/com.android.hardware.cas.apex on /apex/com.android.hardware.cas@1 duration=17
06-17 10:50:02.668   267   267 I EXT4-fs (loop13): mounted filesystem 7d1522e1-9dfa-5edb-a43e-98e3a4d20250 ro without journal. Quota mode: none.
06-17 10:50:02.668   267   267 I apexd   : Successfully mounted package /vendor/apex/com.android.hardware.vibrator.apex on /apex/com.android.hardware.vibrator@1 duration=17
06-17 10:50:02.669   265   265 I EXT4-fs (loop11): mounted filesystem 7d1522e1-9dfa-5edb-a43e-98e3a4d20250 ro without journal. Quota mode: none.
06-17 10:50:02.669   265   265 I apexd   : Successfully mounted package /vendor/apex/com.android.hardware.power.apex on /apex/com.android.hardware.power@1 duration=17
06-17 10:50:02.669   288   288 I device-mapper: verity: sha256 using shash "sha256-ce" (multibuffer)
06-17 10:50:02.670   300   300 I device-mapper: verity: sha256 using shash "sha256-ce" (multibuffer)
06-17 10:50:02.670   286   286 I device-mapper: verity: sha256 using shash "sha256-ce" (multibuffer)
06-17 10:50:02.671   308   308 I device-mapper: verity: sha256 using shash "sha256-ce" (multibuffer)
06-17 10:50:02.671   297   297 I device-mapper: verity: sha256 using shash "sha256-ce" (multibuffer)
06-17 10:50:02.672   303   303 I device-mapper: verity: sha256 using shash "sha256-ce" (multibuffer)
06-17 10:50:02.672   278   278 I EXT4-fs (loop17): mounted filesystem 7d1522e1-9dfa-5edb-a43e-98e3a4d20250 ro without journal. Quota mode: none.
06-17 10:50:02.672   278   278 I apexd   : Successfully mounted package /system/apex/com.android.devicelock.apex on /apex/com.android.devicelock@1 duration=21
06-17 10:50:02.673   305   305 I loop52  : detected capacity change from 0 to 31128
06-17 10:50:02.673   304   304 I device-mapper: verity: sha256 using shash "sha256-ce" (multibuffer)
06-17 10:50:02.673   295   295 I device-mapper: verity: sha256 using shash "sha256-ce" (multibuffer)
06-17 10:50:02.674   283   283 I device-mapper: verity: sha256 using shash "sha256-ce" (multibuffer)
06-17 10:50:02.675   296   296 I device-mapper: verity: sha256 using shash "sha256-ce" (multibuffer)
06-17 10:50:02.675   298   298 I device-mapper: verity: sha256 using shash "sha256-ce" (multibuffer)
06-17 10:50:02.676   285   285 I device-mapper: verity: sha256 using shash "sha256-ce" (multibuffer)
06-17 10:50:02.677   301   301 I device-mapper: verity: sha256 using shash "sha256-ce" (multibuffer)
06-17 10:50:02.677   299   299 I device-mapper: verity: sha256 using shash "sha256-ce" (multibuffer)
06-17 10:50:02.678   293   293 I EXT4-fs (dm-29): mounted filesystem 7d1522e1-9dfa-5edb-a43e-98e3a4d20250 ro without journal. Quota mode: none.
06-17 10:50:02.678   293   293 I apexd   : Successfully mounted package /data/apex/decompressed/com.android.media@360526000.decompressed.apex on /apex/com.android.media@360526000 duration=26
06-17 10:50:02.678   276   276 I EXT4-fs (loop26): mounted filesystem 7d1522e1-9dfa-5edb-a43e-98e3a4d20250 ro without journal. Quota mode: none.
06-17 10:50:02.678   276   276 I apexd   : Successfully mounted package /vendor/apex/com.android.hardware.gatekeeper.nonsecure.apex on /apex/com.android.hardware.gatekeeper@1 duration=27
06-17 10:50:02.678   275   275 I EXT4-fs (dm-51): mounted filesystem 7d1522e1-9dfa-5edb-a43e-98e3a4d20250 ro without journal. Quota mode: none.
06-17 10:50:02.678   275   275 I apexd   : Successfully mounted package /data/apex/decompressed/com.android.mediaprovider@360526000.decompressed.apex on /apex/com.android.mediaprovider@360526000 duration=27
06-17 10:50:02.679   300   300 I EXT4-fs (dm-23): mounted filesystem 7d1522e1-9dfa-5edb-a43e-98e3a4d20250 ro without journal. Quota mode: none.
06-17 10:50:02.679   300   300 I apexd   : Successfully mounted package /data/apex/decompressed/com.android.resolv@360526000.decompressed.apex on /apex/com.android.resolv@360526000 duration=26
06-17 10:50:02.679   307   307 I device-mapper: verity: sha256 using shash "sha256-ce" (multibuffer)
06-17 10:50:02.679   274   274 I EXT4-fs (loop10): mounted filesystem 7d1522e1-9dfa-5edb-a43e-98e3a4d20250 ro without journal. Quota mode: none.
06-17 10:50:02.679   274   274 I apexd   : Successfully mounted package /vendor/apex/com.android.hardware.neuralnetworks.apex on /apex/com.android.hardware.neuralnetworks@1 duration=28
06-17 10:50:02.679   302   302 I device-mapper: verity: sha256 using shash "sha256-ce" (multibuffer)
06-17 10:50:02.679   292   292 I device-mapper: verity: sha256 using shash "sha256-ce" (multibuffer)
06-17 10:50:02.679   290   290 I device-mapper: verity: sha256 using shash "sha256-ce" (multibuffer)
06-17 10:50:02.679   279   279 I EXT4-fs (loop7): mounted filesystem 7d1522e1-9dfa-5edb-a43e-98e3a4d20250 ro without journal. Quota mode: none.
06-17 10:50:02.679   279   279 I apexd   : Successfully mounted package /vendor/apex/com.android.hardware.threadnetwork-simulation-rcp.apex on /apex/com.android.hardware.threadnetwork@1 duration=28
06-17 10:50:02.680   284   284 I EXT4-fs (dm-31): mounted filesystem 7d1522e1-9dfa-5edb-a43e-98e3a4d20250 ro without journal. Quota mode: none.
06-17 10:50:02.680   284   284 I apexd   : Successfully mounted package /data/apex/decompressed/com.android.rkpd@360526000.decompressed.apex on /apex/com.android.rkpd@360526000 duration=28
