10-10 11:53:36.959  2983  3075 D MiuiFreeformModeController: avoidForInsetsBottomChangedIfNeed oldMoveableBottom: 2270 newMoveableBounds: 2270
10-10 11:53:36.967  2983  3075 D MiuiFreeformModeController: avoidForInsetsBottomChangedIfNeed oldMoveableBottom: 2270 newMoveableBounds: 2270
10-10 11:53:37.716   691  3754 I keystore2: system/security/keystore2/src/watchdog.rs:319 - Watchdog thread idle -> terminating. Have a great day.
10-10 11:53:37.806  1902  1917 W MIUIInput: Input event injection from package: null action ACTION_DOWN
10-10 11:53:37.809  1902  2612 I ProcessManager: getRenderThreadTidByPid, caller=1902
10-10 11:53:37.814  1902  1917 W MIUIInput: Input event injection from package: null action ACTION_UP
10-10 11:53:37.824  1902  1917 I InputMethodManagerService: IMMS.showSoftInput(), client = com.android.internal.inputmethod.IInputMethodClient$Stub$Proxy@f4038c6
10-10 11:53:37.824  1902  1917 I InputMethodManagerService: IMMS.showCurrentInputLocked(), flags = 0
10-10 11:53:37.824  1902  1917 D SmartPower: com.google.android.inputmethod.latin/10196(22721): show input method
10-10 11:53:37.824  1902  1917 I SmartPower: com.google.android.inputmethod.latin/10196(22721): background->visible(870ms) R(show input method) adj=100.
10-10 11:53:37.824  1902  1917 I DefaultImeVisibilityApplier: IMMS.showCurrentInputLocked request ims to show inputMethod.
10-10 11:53:37.825  1902 23266 W PackageConfigPersister: App-specific configuration not found for packageName: com.android.chrome and userId: 0
10-10 11:53:37.881  1902 23265 I InputMethodManagerService: IMMS.showSoftInput(), client = com.android.internal.inputmethod.IInputMethodClient$Stub$Proxy@1cbb3dd
10-10 11:53:37.881  1902 23265 I InputMethodManagerService: IMMS.showCurrentInputLocked(), flags = 0
10-10 11:53:37.882  1902 23265 D SmartPower: com.google.android.inputmethod.latin/10196(22721): show input method
10-10 11:53:37.882  1902 23265 I DefaultImeVisibilityApplier: IMMS.showCurrentInputLocked request ims to show inputMethod.
10-10 11:53:37.895  1902 23266 I InputMethodManagerService: IMMS.showSoftInput(), client = com.android.internal.inputmethod.IInputMethodClient$Stub$Proxy@675ce23
10-10 11:53:37.895  1902 23266 I InputMethodManagerService: IMMS.showCurrentInputLocked(), flags = 0
10-10 11:53:37.895  1902 23266 D SmartPower: com.google.android.inputmethod.latin/10196(22721): show input method
10-10 11:53:37.895  1902 23266 I DefaultImeVisibilityApplier: IMMS.showCurrentInputLocked request ims to show inputMethod.
10-10 11:53:37.905  1902  1917 I InputMethodManagerService: IMMS.applyImeVisibility(), setVisible = true, mCurclient = ClientState{f512c8c mUid=10190 mPid=31210 mSelfReportedDisplayId=0}
10-10 11:53:37.905  1902  1917 I WindowManager: WMS.showImePostLayout(), imeTarget = Window{6095cc1 u0 com.android.chrome/org.chromium.chrome.browser.ChromeTabbedActivity}
10-10 11:53:37.910  1902 23265 D CoreBackPreview: Window{6095cc1 u0 com.android.chrome/org.chromium.chrome.browser.ChromeTabbedActivity}: Setting back callback OnBackInvokedCallbackInfo{mCallback=android.window.IOnBackInvokedCallback$Stub$Proxy@7099f20, mPriority=0, mIsAnimationCallback=false}
10-10 11:53:37.923  2983  3075 D MiuiFreeformModeController: avoidForInsetsBottomChangedIfNeed oldMoveableBottom: 2270 newMoveableBounds: 2270
10-10 11:53:37.926  1902 23266 I WindowManager: Relayout Window{6a76de5 u0 InputMethod}: oldVis=8 newVis=0 focusMayChange = true requestedWidth = 1080 requestedHeight = 2306 outFrames = ClientWindowFrames{frame=[0,94][1080,2400] display=[0,94][1080,2400] parentFrame=[0,0][0,0]} outSurfaceControl = Surface(name=InputMethod#16803)/@0xeb98d4c
10-10 11:53:37.942  2983  3075 D MiuiFreeformModeController: avoidForInsetsBottomChangedIfNeed oldMoveableBottom: 2270 newMoveableBounds: 2270
10-10 11:53:37.955  1902 23266 W WindowManager: finishDrawingWindow: Window{6a76de5 u0 InputMethod} mDrawState=DRAW_PENDING
10-10 11:53:37.955  1902 23266 D WindowManager: wms.finishDrawingLocked: mDrawState=COMMIT_DRAW_PENDING Window{6a76de5 u0 InputMethod} in Surface(name=InputMethod#16803)/@0x44d297f
10-10 11:53:37.956  1902  1917 I InputMethodManagerService: IMMS.applyImeVisibility(), setVisible = true, mCurclient = ClientState{f512c8c mUid=10190 mPid=31210 mSelfReportedDisplayId=0}
10-10 11:53:37.957  1902  1939 I ImeInsetsSourceProvider: ImeInsetsSourceProvider.scheduleShowImePostLayout() Run showImeRunner.
10-10 11:53:37.957  1902  1939 I ImeInsetsSourceProvider: ImeInsetsSourceProvider.scheduleShowImePostLayout() isReadyToShowIme.
10-10 11:53:37.959  1902  1917 I WindowManager: WMS.showImePostLayout(), imeTarget = Window{6095cc1 u0 com.android.chrome/org.chromium.chrome.browser.ChromeTabbedActivity}
10-10 11:53:37.961  1902  1939 I ImeInsetsSourceProvider: ImeInsetsSourceProvider.scheduleShowImePostLayout() Run showImeRunner.
10-10 11:53:37.961  1902  1939 I ImeInsetsSourceProvider: ImeInsetsSourceProvider.scheduleShowImePostLayout() isReadyToShowIme.
10-10 11:53:37.966  2983  3075 D MiuiFreeformModeController: avoidForInsetsBottomChangedIfNeed oldMoveableBottom: 2270 newMoveableBounds: 2270
10-10 11:53:37.966  2983  3075 D ImePositionProcessor: onImeVisibilityChanged     isShowing:  true
10-10 11:53:37.967  1902 23265 I WindowManager: cancelAnimation removed leash : Surface(name=Surface(name=db27a2 NavigationBar0#82)/@0xc1acbf0 - animation-leash of insets_animation#16802)/@0x1210525
10-10 11:53:37.968  1902  1917 I InputMethodManagerService: IMMS.applyImeVisibility(), setVisible = true, mCurclient = ClientState{f512c8c mUid=10190 mPid=31210 mSelfReportedDisplayId=0}
10-10 11:53:37.969  1902  1917 I WindowManager: WMS.showImePostLayout(), imeTarget = Window{6095cc1 u0 com.android.chrome/org.chromium.chrome.browser.ChromeTabbedActivity}
10-10 11:53:37.969  1902  1939 I WindowManager: input method visible height changed 701
10-10 11:53:37.970  1902  2338 I ITouchFeature: current device and process support version:2
10-10 11:53:37.970  2983  3075 D MiuiFreeformModeController: onImeVisibilityChanged imeVisible: true imeHeight: 701 adjustedForRotation:false
10-10 11:53:37.971  1902  1939 W WindowManager: real show surface:Surface(name=InputMethod#16803)/@0x44d297f
10-10 11:53:37.971  1902  1939 I ImeInsetsSourceProvider: ImeInsetsSourceProvider.scheduleShowImePostLayout() Run showImeRunner.
10-10 11:53:37.971  1902  1939 I ImeInsetsSourceProvider: ImeInsetsSourceProvider.scheduleShowImePostLayout() isReadyToShowIme.
10-10 11:53:37.972  2983  3075 D MiuiFreeformModeAvoidAlgorithm: begin autoOrderingAvoidMiniTask
10-10 11:53:37.972  2983  3075 D MiuiFreeformModeAvoidAlgorithm: getCurrMiniPos: SameSideMiniPosList: []
10-10 11:53:37.972  2983  3075 D MiuiFreeformModeAvoidAlgorithm: getCurrMiniPos: SameSideMiniPosList: []
10-10 11:53:37.972  2983  3075 D MiuiFreeformModeAvoidAlgorithm: end autoOrderingAvoidMiniTask res:AvoidResult{distance=0, combination={}, activeTaskPos=Rect(0, 0 - 0, 0)}
10-10 11:53:37.991  2983  3075 D OneHandedController: stopOneHanded state is 0
10-10 11:53:38.207  1902 23267 D WindowManagerService: checkFlipFullScreenChange is same, nowIsFullScreen = false
10-10 11:53:38.251  1902 23267 D WindowManagerService: checkFlipFullScreenChange is same, nowIsFullScreen = false
10-10 11:53:38.301  1902 23267 W MIUIInput: Input event injection from package: null action ACTION_DOWN keycode 66
10-10 11:53:38.301  1902 23267 W MiuiInputKeyEventLog: keyCode:66 down:true eventTime:113455680 downTime:113455680 policyFlags:2b000000 flags:0 metaState:0 deviceId:-1 isScreenOn:true keyguardActive:false repeatCount:0
10-10 11:53:38.331  1902 23267 W MIUIInput: Input event injection from package: null action ACTION_UP keycode 66
10-10 11:53:38.331  1902 23267 W MiuiInputKeyEventLog: keyCode:66 down:false eventTime:113455680 downTime:113455680 policyFlags:2b000000 flags:0 metaState:0 deviceId:-1 isScreenOn:true keyguardActive:false repeatCount:0
10-10 11:53:38.483  1902 22706 I InputMethodManagerService: IMMS.applyImeVisibility(), setVisible = false, mCurclient = ClientState{f512c8c mUid=10190 mPid=31210 mSelfReportedDisplayId=0}
10-10 11:53:38.485  1902  3317 D SchedBoost: com.android.chrome:sandboxed_process0:org.chromium.content.app.SandboxedProcessService0:5 boosting, skip reset priority
10-10 11:53:38.495  1902  3317 W PackageConfigPersister: App-specific configuration not found for packageName: com.android.chrome and userId: 0
10-10 11:53:38.511  2983  3075 D MiuiFreeformModeController: avoidForInsetsBottomChangedIfNeed oldMoveableBottom: 2270 newMoveableBounds: 2270
10-10 11:53:38.511  2983  3075 D ImePositionProcessor: onImeVisibilityChanged     isShowing:  false
10-10 11:53:38.513  1902  1939 I WindowManager: input method visible height changed 0
10-10 11:53:38.513  1902  2338 I ITouchFeature: current device and process support version:2
10-10 11:53:38.519  2983  3075 D MiuiFreeformModeController: onImeVisibilityChanged imeVisible: false imeHeight: 0 adjustedForRotation:false
10-10 11:53:38.519  2983  3075 D MiuiFreeformModeAvoidAlgorithm: begin autoOrderingAvoidMiniTask
10-10 11:53:38.519  2983  3075 D MiuiFreeformModeAvoidAlgorithm: getCurrMiniPos: SameSideMiniPosList: []
10-10 11:53:38.519  2983  3075 D MiuiFreeformModeAvoidAlgorithm: getCurrMiniPos: SameSideMiniPosList: []
10-10 11:53:38.519  2983  3075 D MiuiFreeformModeAvoidAlgorithm: end autoOrderingAvoidMiniTask res:AvoidResult{distance=0, combination={}, activeTaskPos=Rect(0, 0 - 0, 0)}
10-10 11:53:38.520  1902  2771 D CoreBackPreview: Window{6095cc1 u0 com.android.chrome/org.chromium.chrome.browser.ChromeTabbedActivity}: Setting back callback OnBackInvokedCallbackInfo{mCallback=android.window.IOnBackInvokedCallback$Stub$Proxy@bd31050, mPriority=0, mIsAnimationCallback=true}
10-10 11:53:39.031  1902  2774 I SmartPower: com.google.android.inputmethod.latin/10196(22721): visible->invisible(1206ms) R(become invisible) adj=100.
10-10 11:53:39.031  1902  2774 I SmartPower: com.google.android.inputmethod.latin/10196(22721): invisible->background(1ms) R(become background) adj=100.
10-10 11:53:39.035  2983  3075 D MiuiFreeformModeController: avoidForInsetsBottomChangedIfNeed oldMoveableBottom: 2270 newMoveableBounds: 2270
10-10 11:53:39.048  2983  3075 D MiuiFreeformModeController: avoidForInsetsBottomChangedIfNeed oldMoveableBottom: 2270 newMoveableBounds: 2270
10-10 11:53:39.157  1556  1556 I wificond: station_bandwidth: 
10-10 11:53:39.292  1902  3317 W MIUIInput: Input event injection from package: null action ACTION_DOWN
10-10 11:53:39.295  1902  2612 I ProcessManager: getRenderThreadTidByPid, caller=1902
10-10 11:53:39.298  1902  2612 I ProcessManager: getRenderThreadTidByPid, caller=1902
10-10 11:53:39.388  1902  3317 W MIUIInput: Input event injection from package: null action ACTION_UP
10-10 11:53:40.283  1902  1917 W MIUIInput: Input event injection from package: null action ACTION_DOWN
10-10 11:53:40.284  1902  2612 I ProcessManager: getRenderThreadTidByPid, caller=1902
10-10 11:53:40.287  1902  2612 I ProcessManager: getRenderThreadTidByPid, caller=1902
10-10 11:53:40.377  1902  1917 W MIUIInput: Input event injection from package: null action ACTION_UP
10-10 11:53:41.258  1902  3317 W MIUIInput: Input event injection from package: null action ACTION_DOWN
10-10 11:53:41.260  1902  2612 I ProcessManager: getRenderThreadTidByPid, caller=1902
10-10 11:53:41.262  1902  2612 I ProcessManager: getRenderThreadTidByPid, caller=1902
10-10 11:53:41.352  1902  3317 W MIUIInput: Input event injection from package: null action ACTION_UP
10-10 11:53:42.032  1902  2620 I SmartPower: com.google.android.inputmethod.latin/10196(22721): background->idle(3001ms) R(become invisible) adj=100.
10-10 11:53:42.180  1556  1556 I wificond: station_bandwidth: 
10-10 11:53:42.225  1902  3317 W MIUIInput: Input event injection from package: null action ACTION_DOWN
10-10 11:53:42.226  1902  2612 I ProcessManager: getRenderThreadTidByPid, caller=1902
10-10 11:53:42.228  1902  2612 I ProcessManager: getRenderThreadTidByPid, caller=1902
10-10 11:53:42.319  1902  3317 W MIUIInput: Input event injection from package: null action ACTION_UP
10-10 11:53:43.192  1902  3317 W MIUIInput: Input event injection from package: null action ACTION_DOWN
10-10 11:53:43.193  1902  2612 I ProcessManager: getRenderThreadTidByPid, caller=1902
10-10 11:53:43.196  1902  2612 I ProcessManager: getRenderThreadTidByPid, caller=1902
10-10 11:53:43.286  1902  3317 W MIUIInput: Input event injection from package: null action ACTION_UP
10-10 11:53:44.167  1902  3317 W MIUIInput: Input event injection from package: null action ACTION_DOWN
10-10 11:53:44.169  1902  2612 I ProcessManager: getRenderThreadTidByPid, caller=1902
10-10 11:53:44.171  1902  2612 I ProcessManager: getRenderThreadTidByPid, caller=1902
10-10 11:53:44.262  1902  3317 W MIUIInput: Input event injection from package: null action ACTION_UP
10-10 11:53:45.187  1556  1556 I wificond: station_bandwidth: 
10-10 11:53:45.200  1902  3317 W MIUIInput: Input event injection from package: null action ACTION_DOWN
10-10 11:53:45.202  1902  2612 I ProcessManager: getRenderThreadTidByPid, caller=1902
10-10 11:53:45.203  1902  3317 W MIUIInput: Input event injection from package: null action ACTION_UP
10-10 11:53:45.368  1902  2771 D CompatibilityChangeReporter: Compat change id reported: 265464455; UID 10390; state: DISABLED
10-10 11:53:45.369  1902  2771 D CompatibilityChangeReporter: Compat change id reported: 265452344; UID 10390; state: DISABLED
10-10 11:53:45.369  1902  2771 D CompatibilityChangeReporter: Compat change id reported: 266124927; UID 10390; state: DISABLED
10-10 11:53:45.369  1902  2771 D CompatibilityChangeReporter: Compat change id reported: 265451093; UID 10390; state: DISABLED
10-10 11:53:45.369  1902  2771 D CompatibilityChangeReporter: Compat change id reported: 265456536; UID 10390; state: DISABLED
10-10 11:53:45.369  1902  2771 D CompatibilityChangeReporter: Compat change id reported: 255940284; UID 10390; state: DISABLED
10-10 11:53:45.369  1902  2771 D CompatibilityChangeReporter: Compat change id reported: 236283604; UID 10390; state: DISABLED
10-10 11:53:45.369  1902  2771 D CompatibilityChangeReporter: Compat change id reported: 263959004; UID 10390; state: DISABLED
10-10 11:53:45.369  1902  2771 D CompatibilityChangeReporter: Compat change id reported: 264304459; UID 10390; state: DISABLED
10-10 11:53:45.369  1902  2771 D CompatibilityChangeReporter: Compat change id reported: 264301586; UID 10390; state: DISABLED
10-10 11:53:45.369  1902  2771 D CompatibilityChangeReporter: Compat change id reported: 254631730; UID 10390; state: DISABLED
10-10 11:53:45.369  1902  2771 D CompatibilityChangeReporter: Compat change id reported: 273509367; UID 10390; state: DISABLED
10-10 11:53:45.369  1902  2771 D CompatibilityChangeReporter: Compat change id reported: 263259275; UID 10390; state: DISABLED
10-10 11:53:45.369  1902  2771 D CompatibilityChangeReporter: Compat change id reported: 174042980; UID 10390; state: DISABLED
10-10 11:53:45.369  1902  2771 D CompatibilityChangeReporter: Compat change id reported: 174042936; UID 10390; state: DISABLED
10-10 11:53:45.369  1902  2771 D CompatibilityChangeReporter: Compat change id reported: 181136395; UID 10390; state: DISABLED
10-10 11:53:45.370  1902  2771 D CompatibilityChangeReporter: Compat change id reported: 194480991; UID 10390; state: ENABLED
10-10 11:53:45.370  1902  2771 I SmartPower: eu.europa.ec.euidi/10390(3970): idle->invisible(11862ms) R(become foreground) adj=700.
10-10 11:53:45.370  1902  2771 D WindowManager: Collecting in transition 1027: ActivityRecord{1b52a5a u0 eu.europa.ec.euidi/eu.europa.ec.assemblylogic.ui.MainActivity init visibleRequested:false
10-10 11:53:45.370  1902  2771 D MiuiFreeFormManagerService: activeOrFullscreenFreeformTaskIfNeed startDefaultAr:false
10-10 11:53:45.371  1902  2771 D MiuiFreeFormManagerService: onStartActivityInner as = Task{8cff04 #444 type=standard A=10390:eu.europa.ec.euidi} op = null
10-10 11:53:45.372  1902  2771 D WindowManagerService: checkFlipFullScreenChange is same, nowIsFullScreen = false
10-10 11:53:45.372  1902  2771 W WindowManager: Changing focus from Window{6095cc1 u0 com.android.chrome/org.chromium.chrome.browser.ChromeTabbedActivity} to null displayId=0 Callers=com.android.server.wm.RootWindowContainer.updateFocusedWindowLocked:557 com.android.server.wm.WindowManagerService.updateFocusedWindowLocked:6962 com.android.server.wm.ActivityTaskManagerService.setLastResumedActivityUncheckLocked:5565 com.android.server.wm.ActivityRecord.moveFocusableActivityToTop:4045 
10-10 11:53:45.373  1902  2771 D WindowManager: wms.Input focus has changed to null display=0 updateInputWindows = true
10-10 11:53:45.373  1902  2771 I MultiSenceManagerInternalStub: getInstance
10-10 11:53:45.373  1902  2771 D WindowManager: setLockTaskAuth: task=Task{8cff04 #444 type=standard A=10390:eu.europa.ec.euidi} mLockTaskAuth=LOCK_TASK_AUTH_PINNABLE
10-10 11:53:45.382  1902  2771 D WindowManager: Collecting in transition 1027: ActivityRecord{1b52a5a u0 eu.europa.ec.euidi/eu.europa.ec.assemblylogic.ui.MainActivity t-1} init visibleRequested:false
10-10 11:53:45.382  1902  2771 D WindowManager: Requesting StartTransition: TransitionRecord{8a6a48b id=1027 type=OPEN flags=0x0}
10-10 11:53:45.384  1902  2771 D CompatibilityChangeReporter: Compat change id reported: 194833441; UID 10390; state: ENABLED
10-10 11:53:45.384  1902  2771 I ActivityTaskManager: START u0 {act=android.intent.action.VIEW cat=[android.intent.category.BROWSABLE] dat=eu.europa.ec.euidi://authorization/... flg=0x14000000 cmp=eu.europa.ec.euidi/eu.europa.ec.assemblylogic.ui.MainActivity (has extras)} with LAUNCH_SINGLE_TASK from uid 10190 (BAL_ALLOW_VISIBLE_WINDOW) result code=2
10-10 11:53:45.384  2983  3075 I SoScUtils: monitorTransitionRequest mRequestOpenTransition:null mRequestOpenTriggerTask:-1 mRequestCloseTransition:null mRequestCloseTriggerTask:-1 mRequestCloseStageType:-1
10-10 11:53:45.388  1902  2771 D WindowManager: Set transition=TransitionRecord{8a6a48b id=1027 type=OPEN flags=0x0}, ready=false, SyncId=1027 used=true, override=false, defer=0, states=Display{#0 state=ON size=1080x2400 ROTATION_0}:false
10-10 11:53:45.390  2983  3075 D OneHandedController: stopOneHanded state is 0
10-10 11:53:45.390  2983  3075 D WindowManagerShell: onActivityRestartAttempt: ComponentInfo{eu.europa.ec.euidi/eu.europa.ec.assemblylogic.ui.MainActivity}
10-10 11:53:45.390  2983  3075 D MiuiFullScreenTaskRepository: removeFocusedTask displayId=0
10-10 11:53:45.390  2983  3075 D MiuiFullScreenTaskRepository: addOrUpdateFullScreenTaskInfo taskId=436, topActivity=ComponentInfo{com.android.chrome/org.chromium.chrome.browser.ChromeTabbedActivity}
10-10 11:53:45.391  2983  3075 D MiuiFullScreenTaskRepository: setFocusedTask taskId=444, displayId=0, topActivity=ComponentInfo{eu.europa.ec.euidi/eu.europa.ec.assemblylogic.ui.MainActivity}
10-10 11:53:45.391  2983  3075 D MiuiFullScreenTaskRepository: addOrUpdateFullScreenTaskInfo taskId=444, topActivity=ComponentInfo{eu.europa.ec.euidi/eu.europa.ec.assemblylogic.ui.MainActivity}
10-10 11:53:45.391  2983  3075 D MiuiDesktopModeController: onFocusTaskChanged newFocus: TaskInfo{userId=0 taskId=444 displayId=0 isRunning=true baseIntent=Intent { act=android.intent.action.MAIN cat=[android.intent.category.LAUNCHER] flg=0x10200000 cmp=eu.europa.ec.euidi/eu.europa.ec.assemblylogic.ui.MainActivity } baseActivity=ComponentInfo{eu.europa.ec.euidi/eu.europa.ec.assemblylogic.ui.MainActivity} topActivity=ComponentInfo{eu.europa.ec.euidi/eu.europa.ec.assemblylogic.ui.MainActivity} origActivity=null realActivity=ComponentInfo{eu.europa.ec.euidi/eu.europa.ec.assemblylogic.ui.MainActivity} numActivities=1 lastActiveTime=897480948 supportsSplitScreenMultiWindow=true supportsMultiWindow=true resizeMode=1 isResizeable=true minWidth=-1 minHeight=-1 defaultMinSize=200 token=WCT{android.window.IWindowContainerToken$Stub$Proxy@285a719} topActivityType=1 pictureInPictureParams=null shouldDockBigOverlays=false launchIntoPipHostTaskId=-1 lastParentTaskIdBeforePip=-1 displayCutoutSafeInsets=Rect(0, 94 - 0, 0) topActivityInfo=ActivityInfo{227f3de eu.europa.ec.assemblylogic.ui.MainActivity} launchCookies=[] positionInParent=Point(0, 0) parentTaskId=-1 isFocused=true isVisible=false isVisibleRequested=false isSleeping=false topActivityInSizeCompat=false topActivityEligibleForLetterboxEducation= false topActivityLetterboxed= false isFromDoubleTap= false topActivityLetterboxVerticalPosition= -1 topActivityLetterboxHorizontalPosition= -1 topActivityLetterboxWidth=-1 topActivityLetterboxHeight=-1 locusId=null displayAreaFeatureId=1 cameraCompatControlState=hidden mIsCastMode=false mTopActivityMediaSize=null mTopActivityRecordName=ActivityRecord{414ef17 u0 eu.europa.ec.euidi/eu.europa.ec.assemblylogic.ui.MainActivity t444} mTopActivityOrientation=-2 mTopActivityWindowIsNowVisible=false isTranslucent=true isEmbedded=false shouldBeVisible=true isImmersive=false mBehindAppLockPkg=null mOriginatingUid=0}
10-10 11:53:45.391  2983  3075 D MiuiFreeformModeController: onFocusTaskChanged taskInfo: TaskInfo{userId=0 taskId=444 displayId=0 isRunning=true baseIntent=Intent { act=android.intent.action.MAIN cat=[android.intent.category.LAUNCHER] flg=0x10200000 cmp=eu.europa.ec.euidi/eu.europa.ec.assemblylogic.ui.MainActivity } baseActivity=ComponentInfo{eu.europa.ec.euidi/eu.europa.ec.assemblylogic.ui.MainActivity} topActivity=ComponentInfo{eu.europa.ec.euidi/eu.europa.ec.assemblylogic.ui.MainActivity} origActivity=null realActivity=ComponentInfo{eu.europa.ec.euidi/eu.europa.ec.assemblylogic.ui.MainActivity} numActivities=1 lastActiveTime=897480948 supportsSplitScreenMultiWindow=true supportsMultiWindow=true resizeMode=1 isResizeable=true minWidth=-1 minHeight=-1 defaultMinSize=200 token=WCT{android.window.IWindowContainerToken$Stub$Proxy@285a719} topActivityType=1 pictureInPictureParams=null shouldDockBigOverlays=false launchIntoPipHostTaskId=-1 lastParentTaskIdBeforePip=-1 displayCutoutSafeInsets=Rect(0, 94 - 0, 0) topActivityInfo=ActivityInfo{227f3de eu.europa.ec.assemblylogic.ui.MainActivity} launchCookies=[] positionInParent=Point(0, 0) parentTaskId=-1 isFocused=true isVisible=false isVisibleRequested=false isSleeping=false topActivityInSizeCompat=false topActivityEligibleForLetterboxEducation= false topActivityLetterboxed= false isFromDoubleTap= false topActivityLetterboxVerticalPosition= -1 topActivityLetterboxHorizontalPosition= -1 topActivityLetterboxWidth=-1 topActivityLetterboxHeight=-1 locusId=null displayAreaFeatureId=1 cameraCompatControlState=hidden mIsCastMode=false mTopActivityMediaSize=null mTopActivityRecordName=ActivityRecord{414ef17 u0 eu.europa.ec.euidi/eu.europa.ec.assemblylogic.ui.MainActivity t444} mTopActivityOrientation=-2 mTopActivityWindowIsNowVisible=false isTranslucent=true isEmbedded=false shouldBeVisible=true isImmersive=false mBehindAppLockPkg=null mOriginatingUid=0}
10-10 11:53:45.407  1902 23267 D WindowManager: Collecting in transition 1027: ActivityRecord{414ef17 u0 eu.europa.ec.euidi/eu.europa.ec.assemblylogic.ui.MainActivity t444} init visibleRequested:false
10-10 11:53:45.407  1902 23267 E Transition: Trying to add a ready-group twice: Display{#0 state=ON size=1080x2400 ROTATION_0}
10-10 11:53:45.407  1902 23267 D WindowManagerService: checkFlipFullScreenChange is same, nowIsFullScreen = false
10-10 11:53:45.409  1902 23267 D WindowManager: Collecting in transition 1027: ActivityRecord{c54e00f u0 com.android.chrome/org.chromium.chrome.browser.ChromeTabbedActivity t436} init visibleRequested:true
10-10 11:53:45.410  1902 23267 D WindowManager: Collecting in transition 1027: ActivityRecord{414ef17 u0 eu.europa.ec.euidi/eu.europa.ec.assemblylogic.ui.MainActivity t444} init visibleRequested:true
10-10 11:53:45.410  1902 23267 D WindowManager: Set transition=TransitionRecord{8a6a48b id=1027 type=OPEN flags=0x0}, ready=true, SyncId=1027 
10-10 11:53:45.411  2983  3075 D MiuiFullScreenTaskRepository: setFocusedTask taskId=444, displayId=0, topActivity=ComponentInfo{eu.europa.ec.euidi/eu.europa.ec.assemblylogic.ui.MainActivity}
10-10 11:53:45.412  2983  3075 D MiuiFullScreenTaskRepository: addOrUpdateFullScreenTaskInfo taskId=444, topActivity=ComponentInfo{eu.europa.ec.euidi/eu.europa.ec.assemblylogic.ui.MainActivity}
10-10 11:53:45.413  1902  1936 E MBrainLocalService: MBrainJava launch failed: SecurityException
10-10 11:53:45.419  1902 23267 I BLASTSyncEngine: SyncGroup 1027:  Unfinished container:ActivityRecord{414ef17 u0 eu.europa.ec.euidi/eu.europa.ec.assemblylogic.ui.MainActivity t444}
10-10 11:53:45.419  1902 23267 I BLASTSyncEngine: isActivitySyncFinished isSyncFinished false ActivityRecord{414ef17 u0 eu.europa.ec.euidi/eu.europa.ec.assemblylogic.ui.MainActivity t444}
10-10 11:53:45.424  1902  1936 D Aurogon :  uid = 10390 switch to FG
10-10 11:53:45.441  1902  2774 D SchedBoost: com.android.chrome boosting, skip reset priority
10-10 11:53:45.451  2983  5521 D MiuiFreeformModeObserver: activityResumed() intent Intent { cmp=eu.europa.ec.euidi/eu.europa.ec.assemblylogic.ui.MainActivity (has extras) }
10-10 11:53:45.454  1902  2771 I BLASTSyncEngine: SyncGroup 1027:  Unfinished container:ActivityRecord{414ef17 u0 eu.europa.ec.euidi/eu.europa.ec.assemblylogic.ui.MainActivity t444}
10-10 11:53:45.454  1902  2771 I BLASTSyncEngine: isActivitySyncFinished isSyncFinished false ActivityRecord{414ef17 u0 eu.europa.ec.euidi/eu.europa.ec.assemblylogic.ui.MainActivity t444}
10-10 11:53:45.455  1902  2771 W WindowManager: Changing focus from null to Window{3cfdc32 u0 eu.europa.ec.euidi/eu.europa.ec.assemblylogic.ui.MainActivity} displayId=0 Callers=com.android.server.wm.RootWindowContainer.updateFocusedWindowLocked:557 com.android.server.wm.WindowManagerService.updateFocusedWindowLocked:6962 com.android.server.wm.WindowManagerService.relayoutWindow:2951 com.android.server.wm.Session.relayout:266 
10-10 11:53:45.455  1902  2771 I WindowManager: cancelAnimation removed leash : Surface(name=Surface(name=81266ae StatusBar#86)/@0xb48dfdc - animation-leash of insets_animation#16798)/@0x4bcd2a7
10-10 11:53:45.457  1902  2771 I WindowManager: cancelAnimation removed leash : Surface(name=Surface(name=db27a2 NavigationBar0#82)/@0xc1acbf0 - animation-leash of insets_animation#16804)/@0x868613
10-10 11:53:45.458  1902  2771 D WindowManager: wms.Input focus has changed to Window{3cfdc32 u0 eu.europa.ec.euidi/eu.europa.ec.assemblylogic.ui.MainActivity} display=0 updateInputWindows = true
10-10 11:53:45.458  1902  2771 I MultiSenceManagerInternalStub: getInstance
10-10 11:53:45.458  1902  2771 I WindowManager: Relayout Window{3cfdc32 u0 eu.europa.ec.euidi/eu.europa.ec.assemblylogic.ui.MainActivity}: oldVis=8 newVis=0 focusMayChange = true requestedWidth = 1080 requestedHeight = 2400 outFrames = ClientWindowFrames{frame=[0,0][1080,2400] display=[0,0][1080,2400] parentFrame=[0,0][0,0]} outSurfaceControl = Surface(name=eu.europa.ec.euidi/eu.europa.ec.assemblylogic.ui.MainActivity#16805)/@0x65da1ac
10-10 11:53:45.479  1902  1902 D MBrainLocalService: isVendorFreezeConditionPass is false
10-10 11:53:45.479  1902  1902 E MBrainLocalService: notifyAppSwitch failed
10-10 11:53:45.482  1902 22706 W WindowManager: finishDrawingWindow: Window{3cfdc32 u0 eu.europa.ec.euidi/eu.europa.ec.assemblylogic.ui.MainActivity} mDrawState=DRAW_PENDING
10-10 11:53:45.483  1902 22706 D WindowManager: wms.finishDrawingLocked: mDrawState=COMMIT_DRAW_PENDING Window{3cfdc32 u0 eu.europa.ec.euidi/eu.europa.ec.assemblylogic.ui.MainActivity} in Surface(name=eu.europa.ec.euidi/eu.europa.ec.assemblylogic.ui.MainActivity#16805)/@0x4ed1a03
10-10 11:53:45.486  1902  1939 I SmartPower: eu.europa.ec.euidi/10390(3970): invisible->visible(115ms) R(become visible) adj=0.
10-10 11:53:45.487  1902  1939 W WindowManager: real show surface:Surface(name=eu.europa.ec.euidi/eu.europa.ec.assemblylogic.ui.MainActivity#16805)/@0x4ed1a03
10-10 11:53:45.488  1902  1939 D WindowManager: Final targets: [Task{8cff04 #444 type=standard A=10390:eu.europa.ec.euidi}, Task{702289c #436 type=standard A=10190:com.android.chrome}]
10-10 11:53:45.508  1902  1902 D MBrainLocalService: isVendorFreezeConditionPass is false
10-10 11:53:45.509  1902  1902 E MBrainLocalService: notifyAppSwitch failed
10-10 11:53:45.509  1902  1939 D WindowManager: snapshot isNothing = false source = Task{702289c #436 type=standard A=10190:com.android.chrome}
10-10 11:53:45.509  1902  1939 D WindowManager: Calling onTransitionReady info={id=1027 t=OPEN f=0x0 trk=0 r=[0@Point(0, 0)] c=[{WCT{RemoteToken{b0f059 Task{8cff04 #444 type=standard A=10390:eu.europa.ec.euidi}}} m=TO_FRONT f=MOVE_TO_TOP leash=Surface(name=Task=444#16755)/@0xc218cd2 sb=Rect(0, 0 - 1080, 2400) eb=Rect(0, 0 - 1080, 2400) d=0},{WCT{RemoteToken{fa5577e Task{702289c #436 type=standard A=10190:com.android.chrome}}} m=TO_BACK f=NONE leash=Surface(name=Task=436#16440)/@0x71c67c9 sb=Rect(0, 0 - 1080, 2400) eb=Rect(0, 0 - 1080, 2400) d=0}] noAni=[false] df=[false] mk=[true] nc=[0] oa=[false]}, mToken=Token{aedc67b TransitionRecord{8a6a48b id=1027 type=OPEN flags=0x0}}
10-10 11:53:45.510  1902  1939 I BLASTSyncEngine: finishNow: after onTransactionReady, mSyncId=1027
10-10 11:53:45.514  2983  3075 D MiuiFreeformAnimation: startAnimation change: {WCT{android.window.IWindowContainerToken$Stub$Proxy@83b6fea} m=TO_FRONT f=MOVE_TO_TOP leash=Surface(name=Task=444#16755)/@0x304a9bf sb=Rect(0, 0 - 1080, 2400) eb=Rect(0, 0 - 1080, 2400) d=0} info.getType(): 1
10-10 11:53:45.514  2983  3075 I MiuiFreeformAnimation: isLaunchWidgetPicker=false,taskInfo.getWindowingMode()=1, taskInfo.getActivityType()=1
10-10 11:53:45.515  2983  3075 D MiuiFreeformAnimation: startAnimation change: {WCT{android.window.IWindowContainerToken$Stub$Proxy@66422db} m=TO_BACK f=NONE leash=Surface(name=Task=436#16440)/@0xd6ea88c sb=Rect(0, 0 - 1080, 2400) eb=Rect(0, 0 - 1080, 2400) d=0} info.getType(): 1
10-10 11:53:45.515  2983  3075 W MiuiTaskTransitionHandler: Receive an unknown transition, token=android.os.BinderProxy@5e86092, type=1
10-10 11:53:45.516  2983  3075 D TransitionAnimationHelper:  load default animation  type = 1 enter = false animAttr = 9 isTask = true translucent = false
10-10 11:53:45.517  2983  3075 D TransitionAnimationHelper:  load default animation  type = 1 enter = true animAttr = 8 isTask = true translucent = false
10-10 11:53:45.518  2983  3092 D ShellTransitions: speed ui!!!!!!!!!!!
10-10 11:53:45.518  2983  3075 D MiuiFullScreenTaskRepository: setFocusedTask taskId=444, displayId=0, topActivity=ComponentInfo{eu.europa.ec.euidi/eu.europa.ec.assemblylogic.ui.MainActivity}
10-10 11:53:45.518  2983  3075 D MiuiFullScreenTaskRepository: addOrUpdateFullScreenTaskInfo taskId=444, topActivity=ComponentInfo{eu.europa.ec.euidi/eu.europa.ec.assemblylogic.ui.MainActivity}
10-10 11:53:45.521  1902  1938 D SchedBoost: com.android.chrome:sandboxed_process0:org.chromium.content.app.SandboxedProcessService0:5 boosting, skip reset priority
10-10 11:53:45.521  1902  1938 D SchedBoost: com.google.android.adservices.api boosting, skip reset priority
10-10 11:53:45.521  1902  1938 D SchedBoost: com.android.chrome:privileged_process0 boosting, skip reset priority
10-10 11:53:45.522  1902  1938 W ProcessStats: Tracking association SourceState{b813b1d com.miui.securitycenter.remote/1000 Fgs #342433} whose proc state 3 is better than process ProcessState{3bbc40b com.miui.analytics/10101 pkg=com.miui.analytics} proc state 5 (60 skipped)
10-10 11:53:45.523  1902  1936 E MBrainLocalService: MBrainJava launch failed: SecurityException
10-10 11:53:45.525  1902  1936 E MBrainLocalService: MBrainJava launch failed: SecurityException
10-10 11:53:45.531  1902  2771 I WindowManager: cancelAnimation removed leash : Surface(name=Surface(name=6a76de5 InputMethod#123)/@0xf2bd99 - animation-leash of insets_animation#16787)/@0x50a3cda
10-10 11:53:45.533  2983  3075 D SoScUtils: monitorTransitionFinished transition:android.os.BinderProxy@5e86092 transaction: android.view.SurfaceControl$Transaction@6721253 mRequestCloseTransition:null mRequestOpenTransition:null mPairsOpenTransition:null mPairsOpenTransitionNull:null mRequestOpenTriggerTask:-1 mRequestCloseTriggerTask:-1 mOrientationTransition: null mMainStartingTask:-1 mSideStartingTask:-1
10-10 11:53:45.534  1902 22706 W PackageConfigPersister: App-specific configuration not found for packageName: eu.europa.ec.euidi and userId: 0
10-10 11:53:45.544  1902  1938 I SmartPower: com.android.chrome/10190(31210): visible->invisible(15081ms) R(become invisible) adj=200.
10-10 11:53:45.544  1902  1938 I SmartPower: com.android.chrome:privileged_process0/10190(31655): invisible->background(15302ms) R(become background) adj=200.
10-10 11:53:45.544  1902  1938 I SmartPower: com.android.chrome/10190(31210): invisible->background(1ms) R(become background) adj=200.
10-10 11:53:45.545  2983  3075 D MiuiFullScreenTaskRepository: addOrUpdateFullScreenTaskInfo taskId=436, topActivity=ComponentInfo{com.android.chrome/org.chromium.chrome.browser.ChromeTabbedActivity}
10-10 11:53:45.548  1902  2323 D CompatibilityChangeReporter: Compat change id reported: 265195908; UID 10190; state: ENABLED
10-10 11:53:45.570  1902 23267 D CoreBackPreview: Window{6095cc1 u0 com.android.chrome/org.chromium.chrome.browser.ChromeTabbedActivity}: Setting back callback OnBackInvokedCallbackInfo{mCallback=android.window.IOnBackInvokedCallback$Stub$Proxy@4e2cddc, mPriority=-1, mIsAnimationCallback=false}
10-10 11:53:45.604  1902  1936 D Aurogon :  uid = 10190 switch to BG
10-10 11:53:45.604  1902  2600 D isUidValid: uid = 10190
10-10 11:53:45.606   691  9879 W keystore2: system/security/keystore2/src/remote_provisioning.rs:102 - Error occurred: system/security/keystore2/src/rkpd_client.rs:272: Trying to get to IRegistration service.
10-10 11:53:45.606   691  9879 W keystore2: 
10-10 11:53:45.606   691  9879 W keystore2: Caused by:
10-10 11:53:45.606   691  9879 W keystore2:     0: system/security/keystore2/src/rkpd_client.rs:162: Trying to get IRPC name.
10-10 11:53:45.606   691  9879 W keystore2:     1: system/security/keystore2/src/globals.rs:440
10-10 11:53:45.606   691  9879 W keystore2:     2: Error::Km(r#HARDWARE_TYPE_UNAVAILABLE)
10-10 11:53:45.727   691  9879 W keystore2: system/security/keystore2/src/remote_provisioning.rs:102 - Error occurred: system/security/keystore2/src/rkpd_client.rs:272: Trying to get to IRegistration service.
10-10 11:53:45.727   691  9879 W keystore2: 
10-10 11:53:45.727   691  9879 W keystore2: Caused by:
10-10 11:53:45.727   691  9879 W keystore2:     0: system/security/keystore2/src/rkpd_client.rs:162: Trying to get IRPC name.
10-10 11:53:45.727   691  9879 W keystore2:     1: system/security/keystore2/src/globals.rs:440
10-10 11:53:45.727   691  9879 W keystore2:     2: Error::Km(r#HARDWARE_TYPE_UNAVAILABLE)
10-10 11:53:45.838   691  9879 W keystore2: system/security/keystore2/src/remote_provisioning.rs:102 - Error occurred: system/security/keystore2/src/rkpd_client.rs:272: Trying to get to IRegistration service.
10-10 11:53:45.838   691  9879 W keystore2: 
10-10 11:53:45.838   691  9879 W keystore2: Caused by:
10-10 11:53:45.838   691  9879 W keystore2:     0: system/security/keystore2/src/rkpd_client.rs:162: Trying to get IRPC name.
10-10 11:53:45.838   691  9879 W keystore2:     1: system/security/keystore2/src/globals.rs:440
10-10 11:53:45.838   691  9879 W keystore2:     2: Error::Km(r#HARDWARE_TYPE_UNAVAILABLE)
10-10 11:53:45.948   691  9879 W keystore2: system/security/keystore2/src/remote_provisioning.rs:102 - Error occurred: system/security/keystore2/src/rkpd_client.rs:272: Trying to get to IRegistration service.
10-10 11:53:45.948   691  9879 W keystore2: 
10-10 11:53:45.948   691  9879 W keystore2: Caused by:
10-10 11:53:45.948   691  9879 W keystore2:     0: system/security/keystore2/src/rkpd_client.rs:162: Trying to get IRPC name.
10-10 11:53:45.948   691  9879 W keystore2:     1: system/security/keystore2/src/globals.rs:440
10-10 11:53:45.948   691  9879 W keystore2:     2: Error::Km(r#HARDWARE_TYPE_UNAVAILABLE)
10-10 11:53:46.063   691  9879 W keystore2: system/security/keystore2/src/remote_provisioning.rs:102 - Error occurred: system/security/keystore2/src/rkpd_client.rs:272: Trying to get to IRegistration service.
10-10 11:53:46.063   691  9879 W keystore2: 
10-10 11:53:46.063   691  9879 W keystore2: Caused by:
10-10 11:53:46.063   691  9879 W keystore2:     0: system/security/keystore2/src/rkpd_client.rs:162: Trying to get IRPC name.
10-10 11:53:46.063   691  9879 W keystore2:     1: system/security/keystore2/src/globals.rs:440
10-10 11:53:46.063   691  9879 W keystore2:     2: Error::Km(r#HARDWARE_TYPE_UNAVAILABLE)
10-10 11:53:46.201   691  9879 W keystore2: system/security/keystore2/src/remote_provisioning.rs:102 - Error occurred: system/security/keystore2/src/rkpd_client.rs:272: Trying to get to IRegistration service.
10-10 11:53:46.201   691  9879 W keystore2: 
10-10 11:53:46.201   691  9879 W keystore2: Caused by:
10-10 11:53:46.201   691  9879 W keystore2:     0: system/security/keystore2/src/rkpd_client.rs:162: Trying to get IRPC name.
10-10 11:53:46.201   691  9879 W keystore2:     1: system/security/keystore2/src/globals.rs:440
10-10 11:53:46.201   691  9879 W keystore2:     2: Error::Km(r#HARDWARE_TYPE_UNAVAILABLE)
10-10 11:53:46.344   691  9879 W keystore2: system/security/keystore2/src/remote_provisioning.rs:102 - Error occurred: system/security/keystore2/src/rkpd_client.rs:272: Trying to get to IRegistration service.
10-10 11:53:46.344   691  9879 W keystore2: 
10-10 11:53:46.344   691  9879 W keystore2: Caused by:
10-10 11:53:46.344   691  9879 W keystore2:     0: system/security/keystore2/src/rkpd_client.rs:162: Trying to get IRPC name.
10-10 11:53:46.344   691  9879 W keystore2:     1: system/security/keystore2/src/globals.rs:440
10-10 11:53:46.344   691  9879 W keystore2:     2: Error::Km(r#HARDWARE_TYPE_UNAVAILABLE)
10-10 11:53:46.487   691  9879 W keystore2: system/security/keystore2/src/remote_provisioning.rs:102 - Error occurred: system/security/keystore2/src/rkpd_client.rs:272: Trying to get to IRegistration service.
10-10 11:53:46.487   691  9879 W keystore2: 
10-10 11:53:46.487   691  9879 W keystore2: Caused by:
10-10 11:53:46.487   691  9879 W keystore2:     0: system/security/keystore2/src/rkpd_client.rs:162: Trying to get IRPC name.
10-10 11:53:46.487   691  9879 W keystore2:     1: system/security/keystore2/src/globals.rs:440
10-10 11:53:46.487   691  9879 W keystore2:     2: Error::Km(r#HARDWARE_TYPE_UNAVAILABLE)
10-10 11:53:46.628   691  9879 W keystore2: system/security/keystore2/src/remote_provisioning.rs:102 - Error occurred: system/security/keystore2/src/rkpd_client.rs:272: Trying to get to IRegistration service.
10-10 11:53:46.628   691  9879 W keystore2: 
10-10 11:53:46.628   691  9879 W keystore2: Caused by:
10-10 11:53:46.628   691  9879 W keystore2:     0: system/security/keystore2/src/rkpd_client.rs:162: Trying to get IRPC name.
10-10 11:53:46.628   691  9879 W keystore2:     1: system/security/keystore2/src/globals.rs:440
10-10 11:53:46.628   691  9879 W keystore2:     2: Error::Km(r#HARDWARE_TYPE_UNAVAILABLE)
10-10 11:53:46.775   691  9879 W keystore2: system/security/keystore2/src/remote_provisioning.rs:102 - Error occurred: system/security/keystore2/src/rkpd_client.rs:272: Trying to get to IRegistration service.
10-10 11:53:46.775   691  9879 W keystore2: 
10-10 11:53:46.775   691  9879 W keystore2: Caused by:
10-10 11:53:46.775   691  9879 W keystore2:     0: system/security/keystore2/src/rkpd_client.rs:162: Trying to get IRPC name.
10-10 11:53:46.775   691  9879 W keystore2:     1: system/security/keystore2/src/globals.rs:440
10-10 11:53:46.775   691  9879 W keystore2:     2: Error::Km(r#HARDWARE_TYPE_UNAVAILABLE)
10-10 11:53:47.739  1902  1902 D UiModeManager: updateConfigurationLocked: mDockState=0; mCarMode=false; mCar=false; mPowerSave=false; mOverrideNightModeOn=false; mOverrideNightModeOff=false; mComputedNightMode=false; mNightMode=1; uiMode=17
10-10 11:53:48.205  1556  1556 I wificond: station_bandwidth: 
10-10 11:53:48.236  1902  1954 I SmartPower: com.xiaomi.discover/10128(11400): idle->background(100679ms) R(broadcast start Intent { act=android.intent.action.BATTERY_CHANGED flg=0x60000010 (has extras) }) adj=905.
10-10 11:53:48.237  1902  1954 I SmartPower: com.microsoft.teams/10321(6401): idle->background(100677ms) R(broadcast start Intent { act=android.intent.action.BATTERY_CHANGED flg=0x60000010 (has extras) }) adj=905.
10-10 11:53:48.241  1902  1954 I SmartPower: com.google.android.apps.tachyon/10234(13012): idle->background(100677ms) R(broadcast start Intent { act=android.intent.action.BATTERY_CHANGED flg=0x60000010 (has extras) }) adj=955.
10-10 11:53:48.245  1902  1954 I SmartPower: com.miui.gallery/10078(17586): idle->background(100678ms) R(broadcast start Intent { act=android.intent.action.BATTERY_CHANGED flg=0x60000010 (has extras) }) adj=955.
10-10 11:53:48.247  1902  1954 I SmartPower: com.facebook.appmanager/10150(6423): idle->background(100679ms) R(broadcast start Intent { act=android.intent.action.BATTERY_CHANGED flg=0x60000010 (has extras) }) adj=905.
10-10 11:53:48.546  1902  2620 I SmartPower: com.android.chrome:privileged_process0/10190(31655): background->idle(3002ms) R(become background) adj=700.
10-10 11:53:48.547  1902  2620 I SmartPower: com.android.chrome/10190(31210): background->idle(3002ms) R(become background) adj=700.
10-10 11:53:48.604  1902  2620 I SmartPower: com.android.chrome:sandboxed_process0:org.chromium.content.app.SandboxedProcessSerbackground->idle(18141ms) R(adj below visible) adj=700.
10-10 11:53:48.740  1902  2620 I SmartPower: com.android.chrome:sandboxed_process0:org.chromium.content.app.SandboxedProcessSerbackground->idle(18381ms) R(adj below visible) adj=700.
10-10 11:53:49.278  1902  1917 D PerfShielderService: eu.europa.ec.euidi|eu.europa.ec.euidi/eu.europa.ec.assemblylogic.ui.MainActivity|190|113466405011916|80|5|6
10-10 11:53:49.279 22071 27042 W MiuiPerfServiceClient: interceptAndQueuing:3970|eu.europa.ec.euidi|190|80|113466405011916|Slow issue draw commands|6
10-10 11:53:49.293  1902 23267 W MIUIInput: Input event injection from package: null action ACTION_DOWN
10-10 11:53:49.300  1902 23267 W MIUIInput: Input event injection from package: null action ACTION_UP
10-10 11:53:49.631  1902  1917 W MIUIInput: Input event injection from package: null action ACTION_DOWN
10-10 11:53:49.636  1902  1917 W MIUIInput: Input event injection from package: null action ACTION_UP
10-10 11:53:49.642  1902  1917 D PerfShielderService: eu.europa.ec.euidi|eu.europa.ec.euidi/eu.europa.ec.assemblylogic.ui.MainActivity|175|113466816740839|63|5|7
10-10 11:53:49.642 22071 27042 W MiuiPerfServiceClient: interceptAndQueuing:3970|eu.europa.ec.euidi|175|63|113466816740839|Slow issue draw commands|7
10-10 11:53:49.838  1902  1917 W MIUIInput: Input event injection from package: null action ACTION_DOWN
10-10 11:53:49.841  1902 23265 W MIUIInput: Input event injection from package: null action ACTION_UP
10-10 11:53:49.852  1902 23265 D CompatibilityChangeReporter: Compat change id reported: 168419799; UID 10390; state: DISABLED
10-10 11:53:49.852  1902 23265 D CompatibilityChangeReporter: Compat change id reported: 273564678; UID 10390; state: DISABLED
10-10 11:53:49.854  1902 23265 W WindowManager: Changing focus from Window{3cfdc32 u0 eu.europa.ec.euidi/eu.europa.ec.assemblylogic.ui.MainActivity} to Window{6ae6aa4 u0 eu.europa.ec.euidi/eu.europa.ec.assemblylogic.ui.MainActivity} displayId=0 Callers=com.android.server.wm.RootWindowContainer.updateFocusedWindowLocked:557 com.android.server.wm.WindowManagerService.updateFocusedWindowLocked:6962 com.android.server.wm.WindowManagerService.addWindow:2218 com.android.server.wm.Session.addToDisplayAsUser:231 
10-10 11:53:49.854  1902 23265 I WindowManager: cancelAnimation removed leash : Surface(name=Surface(name=81266ae StatusBar#86)/@0xb48dfdc - animation-leash of insets_animation#16806)/@0x6a78fb9
10-10 11:53:49.855  1902 23265 I WindowManager: cancelAnimation removed leash : Surface(name=Surface(name=db27a2 NavigationBar0#82)/@0xc1acbf0 - animation-leash of insets_animation#16807)/@0x1d535f
10-10 11:53:49.856  1902 23265 D WindowManager: wms.Input focus has changed to Window{6ae6aa4 u0 eu.europa.ec.euidi/eu.europa.ec.assemblylogic.ui.MainActivity} display=0 updateInputWindows = false
10-10 11:53:49.856  1902 23265 I MultiSenceManagerInternalStub: getInstance
10-10 11:53:49.860  1902  1939 D WindowManager: wms.Focus not requested for window=Window{6ae6aa4 u0 eu.europa.ec.euidi/eu.europa.ec.assemblylogic.ui.MainActivity} because it has no surface or is not focusable.
10-10 11:53:49.871  1902 23265 D CoreBackPreview: Window{6ae6aa4 u0 eu.europa.ec.euidi/eu.europa.ec.assemblylogic.ui.MainActivity}: Setting back callback OnBackInvokedCallbackInfo{mCallback=android.window.IOnBackInvokedCallback$Stub$Proxy@4126a3c, mPriority=0, mIsAnimationCallback=false}
10-10 11:53:49.912  1902  1917 W WindowManager: finishDrawingWindow: Window{6ae6aa4 u0 eu.europa.ec.euidi/eu.europa.ec.assemblylogic.ui.MainActivity} mDrawState=DRAW_PENDING
10-10 11:53:49.912  1902  1917 D WindowManager: wms.finishDrawingLocked: mDrawState=COMMIT_DRAW_PENDING Window{6ae6aa4 u0 eu.europa.ec.euidi/eu.europa.ec.assemblylogic.ui.MainActivity} in Surface(name=eu.europa.ec.euidi/eu.europa.ec.assemblylogic.ui.MainActivity#16815)/@0xd59544b
10-10 11:53:49.914  1902  1939 W WindowManager: real show surface:Surface(name=eu.europa.ec.euidi/eu.europa.ec.assemblylogic.ui.MainActivity#16815)/@0xd59544b
10-10 11:53:49.942  1902  1917 I WindowManager: cancelAnimation removed leash : Surface(name=Surface(name=6a76de5 InputMethod#123)/@0xf2bd99 - animation-leash of insets_animation#16811)/@0x48cf72d
10-10 11:53:49.946  1902 23267 W PackageConfigPersister: App-specific configuration not found for packageName: eu.europa.ec.euidi and userId: 0
10-10 11:53:50.020  1902 23267 W MIUIInput: Input event injection from package: null action ACTION_DOWN
10-10 11:53:50.024  1902 23267 W MIUIInput: Input event injection from package: null action ACTION_UP
10-10 11:53:50.063  1902 23267 D CoreBackPreview: Window{6ae6aa4 u0 eu.europa.ec.euidi/eu.europa.ec.assemblylogic.ui.MainActivity}: Setting back callback null
10-10 11:53:50.068  1902 23265 D WindowManager: setParent old=ActivityRecord{414ef17 u0 eu.europa.ec.euidi/eu.europa.ec.assemblylogic.ui.MainActivity t444},new=null,this window=Window{6ae6aa4 u0 eu.europa.ec.euidi/eu.europa.ec.assemblylogic.ui.MainActivity},callers=com.android.server.wm.WindowContainer.removeChild:840 com.android.server.wm.ActivityRecord.removeChild:5227 com.android.server.wm.ActivityRecord.removeChild:470 com.android.server.wm.WindowContainer.removeImmediately:898 com.android.server.wm.WindowState.removeImmediately:2538 com.android.server.wm.WindowState.removeIfPossible:2719 
10-10 11:53:50.069  1902 23265 I WindowManager: cancelAnimation removed leash : Surface(name=Surface(name=6a76de5 InputMethod#123)/@0xf2bd99 - animation-leash of insets_animation#16816)/@0xde6ea27
10-10 11:53:50.076  1902 23265 W WindowManager: Changing focus from Window{6ae6aa4 u0 eu.europa.ec.euidi/eu.europa.ec.assemblylogic.ui.MainActivity} to Window{3cfdc32 u0 eu.europa.ec.euidi/eu.europa.ec.assemblylogic.ui.MainActivity} displayId=0 Callers=com.android.server.wm.RootWindowContainer.updateFocusedWindowLocked:557 com.android.server.wm.WindowManagerService.updateFocusedWindowLocked:6962 com.android.server.wm.RootWindowContainer.performSurfacePlacementNoTrace:881 com.android.server.wm.RootWindowContainer.performSurfacePlacement:863 
10-10 11:53:50.077  1902 23265 I WindowManager: cancelAnimation removed leash : Surface(name=Surface(name=81266ae StatusBar#86)/@0xb48dfdc - animation-leash of insets_animation#16813)/@0x6b98d10
10-10 11:53:50.080  1902 23265 I WindowManager: cancelAnimation removed leash : Surface(name=Surface(name=db27a2 NavigationBar0#82)/@0xc1acbf0 - animation-leash of insets_animation#16814)/@0x8f2920e
10-10 11:53:50.083  1902 23265 D WindowManager: wms.Input focus has changed to Window{3cfdc32 u0 eu.europa.ec.euidi/eu.europa.ec.assemblylogic.ui.MainActivity} display=0 updateInputWindows = false
10-10 11:53:50.083  1902 23265 I MultiSenceManagerInternalStub: getInstance
10-10 11:53:50.114  1902 23265 I WindowManager: cancelAnimation removed leash : Surface(name=Surface(name=6a76de5 InputMethod#123)/@0xf2bd99 - animation-leash of insets_animation#16817)/@0xf125a40
10-10 11:53:50.117  1902 23267 W PackageConfigPersister: App-specific configuration not found for packageName: eu.europa.ec.euidi and userId: 0
10-10 11:53:50.458  1902 23267 D PerfShielderService: eu.europa.ec.euidi|eu.europa.ec.euidi/eu.europa.ec.assemblylogic.ui.MainActivity|109|113467338321070|59|0|4
10-10 11:53:50.459 22071 27042 W MiuiPerfServiceClient: interceptAndQueuing:3970|eu.europa.ec.euidi|109|59|113467338321070|Slow main thread|4
10-10 11:53:50.459  1902 23267 D PerfShielderService: eu.europa.ec.euidi|eu.europa.ec.euidi/eu.europa.ec.assemblylogic.ui.MainActivity|67|113467494554301|48|2|3
10-10 11:53:50.460 22071 27042 W MiuiPerfServiceClient: interceptAndQueuing:3970|eu.europa.ec.euidi|67|48|113467494554301|Slow handle animation|3
10-10 11:53:50.524  1902  2620 I SmartPower: com.google.android.adservices.api/10307(31554): background->idle(20061ms) R(adj below visible) adj=100.
10-10 11:53:51.234  1556  1556 I wificond: station_bandwidth: 
10-10 11:53:51.238  1902  2620 I SmartPower: com.xiaomi.discover/10128(11400): background->idle(3002ms) R(broadcast start Intent { act=android.intent.action.BATTERY_CHANGED flg=0x60000010 (has extras) }) adj=905.
