--------- beginning of crash
10-06 15:45:22.422  2273  2273 F libc    : Fatal signal 6 (SIGABRT), code -1 (SI_QUEUE) in tid 2273 (init), pid 2273 (init)
10-06 15:45:22.495  2273  2273 F libc    : crash_dump helper failed to exec, or was killed
10-06 15:45:42.434  5433  5433 F libc    : Fatal signal 6 (SIGABRT), code -1 (SI_QUEUE) in tid 5433 (init), pid 5433 (init)
10-06 15:45:42.479  5433  5433 F libc    : crash_dump helper failed to exec, or was killed
--------- beginning of system
10-09 13:32:16.588  4304  4304 D ArtChoreographerMonitor: invoke error.
10-09 13:32:17.076  2042  7000 D WindowManagerService: checkFlipFullScreenChange is same, nowIsFullScreen = false
10-09 13:32:17.097  2042  7000 D WindowManagerService: checkFlipFullScreenChange is same, nowIsFullScreen = false
10-09 13:32:17.121  2042  6981 W MIUIInput: Input event injection from package: null action ACTION_DOWN keycode 66
10-09 13:32:17.121  2042  6981 W MiuiInputKeyEventLog: keyCode:66 down:true eventTime:34546376 downTime:34546376 policyFlags:2b000000 flags:0 metaState:0 deviceId:-1 isScreenOn:true keyguardActive:false repeatCount:0
10-09 13:32:17.128  2042  7000 W MIUIInput: Input event injection from package: null action ACTION_UP keycode 66
10-09 13:32:17.128  2042  7000 W MiuiInputKeyEventLog: keyCode:66 down:false eventTime:34546376 downTime:34546376 policyFlags:2b000000 flags:0 metaState:0 deviceId:-1 isScreenOn:true keyguardActive:false repeatCount:0
10-09 13:32:17.151  2042  7000 D ActivityManager: checkAllowBackground: uid=10163 pkg=com.google.android.gms rec=UidRecord{3efeecd u0a163 BTOP change:procadj procs:0 seq(630688,425084)} caps=LCMNFU always=false idle=false
10-09 13:32:17.167  2042  4589 D ActivityManager: checkAllowBackground: uid=10163 pkg=com.google.android.gms rec=UidRecord{3efeecd u0a163 BTOP change:procadj procs:0 seq(630692,425084)} caps=LCMNFU always=false idle=false
10-09 13:32:17.177  2042  7000 D ActivityManager: checkAllowBackground: uid=10163 pkg=com.google.android.gms rec=UidRecord{3efeecd u0a163 BTOP change:procadj procs:0 seq(630696,425084)} caps=LCMNFU always=false idle=false
10-09 13:32:17.288  2042  7000 I InputMethodManagerService: IMMS.applyImeVisibility(), setVisible = false, mCurclient = ClientState{80c558e mUid=10172 mPid=17153 mSelfReportedDisplayId=0}
10-09 13:32:17.289  2042  2073 D SchedBoost: com.android.chrome:sandboxed_process0:org.chromium.content.app.SandboxedProcessService0:31 boosting, skip reset priority
10-09 13:32:17.292  4304  4304 D ArtChoreographerMonitor: invoke error.
10-09 13:32:17.293  2042  4541 W PackageConfigPersister: App-specific configuration not found for packageName: com.android.chrome and userId: 0
10-09 13:32:17.321  2042  6981 D CoreBackPreview: Window{edce952 u0 com.android.chrome/org.chromium.chrome.browser.ChromeTabbedActivity}: Setting back callback OnBackInvokedCallbackInfo{mCallback=android.window.IOnBackInvokedCallback$Stub$Proxy@f0065af, mPriority=0, mIsAnimationCallback=true}
10-09 13:32:17.322  4304  4484 D MiuiFreeformModeController: avoidForInsetsBottomChangedIfNeed oldMoveableBottom: 2270 newMoveableBounds: 2270
10-09 13:32:17.322  4304  4484 D ImePositionProcessor: onImeVisibilityChanged     isShowing:  false
10-09 13:32:17.326  4304  4484 D MiuiFreeformModeController: onImeVisibilityChanged imeVisible: false imeHeight: 0 adjustedForRotation:false
10-09 13:32:17.327  4304  4484 D MiuiFreeformModeAvoidAlgorithm: begin autoOrderingAvoidMiniTask
10-09 13:32:17.327  4304  4484 D MiuiFreeformModeAvoidAlgorithm: getCurrMiniPos: SameSideMiniPosList: []
10-09 13:32:17.327  4304  4484 D MiuiFreeformModeAvoidAlgorithm: getCurrMiniPos: SameSideMiniPosList: []
10-09 13:32:17.327  4304  4484 D MiuiFreeformModeAvoidAlgorithm: end autoOrderingAvoidMiniTask res:AvoidResult{distance=0, combination={}, activeTaskPos=Rect(0, 0 - 0, 0)}
10-09 13:32:17.327  2042  2693 I WindowManager: input method visible height changed 0
10-09 13:32:17.327  2042  3126 I ITouchFeature: current device and process support version:2
10-09 13:32:17.461  4304  4304 D ArtChoreographerMonitor: invoke error.
10-09 13:32:17.497  2042  4541 D PerfShielderService: com.android.chrome|com.android.chrome/org.chromium.chrome.browser.ChromeTabbedActivity|75|34546595281403|57|0|2
10-09 13:32:17.497  6649  6663 W MiuiPerfServiceClient: interceptAndQueuing:17153|com.android.chrome|75|57|34546595281403|Slow main thread|2
10-09 13:32:17.846  2042  7000 I SmartPower: com.google.android.inputmethod.latin/10176(6431): visible->invisible(1586ms) R(become invisible) adj=100.
10-09 13:32:17.846  2042  7000 I SmartPower: com.google.android.inputmethod.latin/10176(6431): invisible->background(0ms) R(become background) adj=100.
10-09 13:32:17.850  4304  4484 D MiuiFreeformModeController: avoidForInsetsBottomChangedIfNeed oldMoveableBottom: 2270 newMoveableBounds: 2270
10-09 13:32:17.856  4304  4484 D MiuiFreeformModeController: avoidForInsetsBottomChangedIfNeed oldMoveableBottom: 2270 newMoveableBounds: 2270
10-09 13:32:18.216  2042  7000 W MIUIInput: Input event injection from package: null action ACTION_DOWN
10-09 13:32:18.217  2042  3516 I ProcessManager: getRenderThreadTidByPid, caller=2042
10-09 13:32:18.223  2042  3516 I ProcessManager: getRenderThreadTidByPid, caller=2042
10-09 13:32:18.310  2042  4541 W MIUIInput: Input event injection from package: null action ACTION_UP
10-09 13:32:18.653  2183  2183 I wificond: station_bandwidth: P
10-09 13:32:18.656  4304  4304 D ArtChoreographerMonitor: invoke error.
10-09 13:32:18.830  4304  4304 D ArtChoreographerMonitor: invoke error.
10-09 13:32:19.152  2042  4541 W MIUIInput: Input event injection from package: null action ACTION_DOWN
10-09 13:32:19.153  2042  3516 I ProcessManager: getRenderThreadTidByPid, caller=2042
10-09 13:32:19.156  2042  3516 I ProcessManager: getRenderThreadTidByPid, caller=2042
10-09 13:32:19.240  2042  4541 W MIUIInput: Input event injection from package: null action ACTION_UP
10-09 13:32:20.087  2042  4541 W MIUIInput: Input event injection from package: null action ACTION_DOWN
10-09 13:32:20.088  2042  3516 I ProcessManager: getRenderThreadTidByPid, caller=2042
10-09 13:32:20.091  2042  3516 I ProcessManager: getRenderThreadTidByPid, caller=2042
10-09 13:32:20.175  2042  4541 W MIUIInput: Input event injection from package: null action ACTION_UP
10-09 13:32:20.848  2042  3524 I SmartPower: com.google.android.inputmethod.latin/10176(6431): background->idle(3001ms) R(become invisible) adj=100.
10-09 13:32:21.023  2042  4541 W MIUIInput: Input event injection from package: null action ACTION_DOWN
10-09 13:32:21.025  2042  3516 I ProcessManager: getRenderThreadTidByPid, caller=2042
10-09 13:32:21.031  2042  3516 I ProcessManager: getRenderThreadTidByPid, caller=2042
10-09 13:32:21.115  2042  4541 W MIUIInput: Input event injection from package: null action ACTION_UP
10-09 13:32:21.663  2183  2183 I wificond: station_bandwidth: P
10-09 13:32:21.665  4304  4304 D ArtChoreographerMonitor: invoke error.
10-09 13:32:21.836  4304  4304 D ArtChoreographerMonitor: invoke error.
10-09 13:32:21.951  2042  4541 W MIUIInput: Input event injection from package: null action ACTION_DOWN
10-09 13:32:21.952  2042  3516 I ProcessManager: getRenderThreadTidByPid, caller=2042
10-09 13:32:21.956  2042  3516 I ProcessManager: getRenderThreadTidByPid, caller=2042
10-09 13:32:22.040  2042  4541 W MIUIInput: Input event injection from package: null action ACTION_UP
10-09 13:32:22.911  2042  4541 W MIUIInput: Input event injection from package: null action ACTION_DOWN
10-09 13:32:22.913  2042  3516 I ProcessManager: getRenderThreadTidByPid, caller=2042
10-09 13:32:22.917  2042  3516 I ProcessManager: getRenderThreadTidByPid, caller=2042
10-09 13:32:23.002  2042  4541 W MIUIInput: Input event injection from package: null action ACTION_UP
10-09 13:32:23.230  4304  4304 D ArtChoreographerMonitor: invoke error.
10-09 13:32:23.400  4304  4304 D ArtChoreographerMonitor: invoke error.
10-09 13:32:23.896  2042  7000 W MIUIInput: Input event injection from package: null action ACTION_DOWN
10-09 13:32:23.897  2042  3516 I ProcessManager: getRenderThreadTidByPid, caller=2042
10-09 13:32:23.899  2042  7000 W MIUIInput: Input event injection from package: null action ACTION_UP
10-09 13:32:23.913  2042  7000 D ActivityManager: checkAllowBackground: uid=10163 pkg=com.google.android.gms rec=UidRecord{3efeecd u0a163 BTOP change:procadj procs:0 seq(630700,425084)} caps=LCMNFU always=false idle=false
10-09 13:32:23.932  2042  4541 D ActivityManager: checkAllowBackground: uid=10163 pkg=com.google.android.gms rec=UidRecord{3efeecd u0a163 BTOP change:procadj procs:0 seq(630708,425084)} caps=LCMNFU always=false idle=false
10-09 13:32:23.941  2042  6981 D ActivityManager: checkAllowBackground: uid=10163 pkg=com.google.android.gms rec=UidRecord{3efeecd u0a163 BTOP change:procadj procs:0 seq(630712,425084)} caps=LCMNFU always=false idle=false
10-09 13:32:24.057  2042  6981 D ActivityManager: checkAllowBackground: uid=10163 pkg=com.google.android.gms rec=UidRecord{3efeecd u0a163 BTOP change:procadj procs:0 seq(630716,425084)} caps=LCMNFU always=false idle=false
10-09 13:32:24.171  2042  7000 D CompatibilityChangeReporter: Compat change id reported: 265464455; UID 10030; state: DISABLED
10-09 13:32:24.171  2042  7000 D CompatibilityChangeReporter: Compat change id reported: 265452344; UID 10030; state: DISABLED
10-09 13:32:24.171  2042  7000 D CompatibilityChangeReporter: Compat change id reported: 266124927; UID 10030; state: DISABLED
10-09 13:32:24.171  2042  7000 D CompatibilityChangeReporter: Compat change id reported: 265451093; UID 10030; state: DISABLED
10-09 13:32:24.171  2042  7000 D CompatibilityChangeReporter: Compat change id reported: 265456536; UID 10030; state: DISABLED
10-09 13:32:24.171  2042  7000 D CompatibilityChangeReporter: Compat change id reported: 255940284; UID 10030; state: DISABLED
10-09 13:32:24.171  2042  7000 D CompatibilityChangeReporter: Compat change id reported: 236283604; UID 10030; state: DISABLED
10-09 13:32:24.171  2042  7000 D CompatibilityChangeReporter: Compat change id reported: 263959004; UID 10030; state: DISABLED
10-09 13:32:24.171  2042  7000 D CompatibilityChangeReporter: Compat change id reported: 264304459; UID 10030; state: DISABLED
10-09 13:32:24.171  2042  7000 D CompatibilityChangeReporter: Compat change id reported: 264301586; UID 10030; state: DISABLED
10-09 13:32:24.171  2042  7000 D CompatibilityChangeReporter: Compat change id reported: 254631730; UID 10030; state: DISABLED
10-09 13:32:24.171  2042  7000 D CompatibilityChangeReporter: Compat change id reported: 273509367; UID 10030; state: DISABLED
10-09 13:32:24.172  2042  7000 D CompatibilityChangeReporter: Compat change id reported: 263259275; UID 10030; state: DISABLED
10-09 13:32:24.172  2042  7000 D CompatibilityChangeReporter: Compat change id reported: 174042980; UID 10030; state: DISABLED
10-09 13:32:24.172  2042  7000 D CompatibilityChangeReporter: Compat change id reported: 174042936; UID 10030; state: DISABLED
10-09 13:32:24.172  2042  7000 D CompatibilityChangeReporter: Compat change id reported: 181136395; UID 10030; state: DISABLED
10-09 13:32:24.173  2042  7000 D CompatibilityChangeReporter: Compat change id reported: 194480991; UID 10030; state: ENABLED
10-09 13:32:24.174  2042  7000 I SmartPower: eu.europa.ec.euidi/10030(25179): idle->invisible(15529ms) R(become foreground) adj=700.
10-09 13:32:24.174  2042  7000 D WindowManager: Collecting in transition 294: ActivityRecord{56b09a8 u0 eu.europa.ec.euidi/eu.europa.ec.assemblylogic.ui.MainActivity init visibleRequested:false
10-09 13:32:24.174  2042  7000 D MiuiFreeFormManagerService: activeOrFullscreenFreeformTaskIfNeed startDefaultAr:false
10-09 13:32:24.175  2042  7000 D MiuiFreeFormManagerService: onStartActivityInner as = Task{94dc7b8 #6472 type=standard A=10030:eu.europa.ec.euidi} op = null
10-09 13:32:24.176  2042  7000 D WindowManagerService: checkFlipFullScreenChange is same, nowIsFullScreen = false
10-09 13:32:24.177  2042  7000 D WindowManager: wms.Input focus has changed to null display=0 updateInputWindows = true
10-09 13:32:24.177  2042  7000 I MultiSenceManagerInternalStub: getInstance
10-09 13:32:24.178  2042  7000 D WindowManager: setLockTaskAuth: task=Task{94dc7b8 #6472 type=standard A=10030:eu.europa.ec.euidi} mLockTaskAuth=LOCK_TASK_AUTH_PINNABLE
10-09 13:32:24.184  2042  7000 D WindowManager: Collecting in transition 294: ActivityRecord{56b09a8 u0 eu.europa.ec.euidi/eu.europa.ec.assemblylogic.ui.MainActivity t-1} init visibleRequested:false
10-09 13:32:24.184  2042  7000 D WindowManager: Requesting StartTransition: TransitionRecord{b747cc1 id=294 type=OPEN flags=0x0}
10-09 13:32:24.186  2042  7000 D CompatibilityChangeReporter: Compat change id reported: 194833441; UID 10030; state: ENABLED
10-09 13:32:24.186  2042  7000 I ActivityTaskManager: START u0 {act=android.intent.action.VIEW cat=[android.intent.category.BROWSABLE] dat=eu.europa.ec.euidi://authorization/... flg=0x14000000 cmp=eu.europa.ec.euidi/eu.europa.ec.assemblylogic.ui.MainActivity (has extras)} with LAUNCH_SINGLE_TASK from uid 10172 from pid 17153 callingPackage com.android.chrome (BAL_ALLOW_VISIBLE_WINDOW) result code=2
10-09 13:32:24.187  4304  4484 I SoScUtils: monitorTransitionRequest mRequestOpenTransition:null mRequestOpenTriggerTask:-1 mRequestCloseTransition:null mRequestCloseTriggerTask:-1 mRequestCloseStageType:-1
10-09 13:32:24.190  2042  7000 D WindowManager: Set transition=TransitionRecord{b747cc1 id=294 type=OPEN flags=0x0}, ready=false, SyncId=294 used=true, override=false, defer=0, states=Display{#0 state=ON size=1080x2400 ROTATION_0}:false
10-09 13:32:24.190  4304  4484 D OneHandedController: stopOneHanded state is 0
10-09 13:32:24.191  4304  4484 D MiuiFullScreenTaskRepository: removeFocusedTask displayId=0
10-09 13:32:24.191  4304  4484 D MiuiFullScreenTaskRepository: addOrUpdateFullScreenTaskInfo taskId=6447, topActivity=ComponentInfo{com.android.chrome/org.chromium.chrome.browser.ChromeTabbedActivity}
10-09 13:32:24.191  4304  4484 D MiuiFullScreenTaskRepository: setFocusedTask taskId=6472, displayId=0, topActivity=ComponentInfo{eu.europa.ec.euidi/eu.europa.ec.assemblylogic.ui.MainActivity}
10-09 13:32:24.191  4304  4484 D MiuiFullScreenTaskRepository: addOrUpdateFullScreenTaskInfo taskId=6472, topActivity=ComponentInfo{eu.europa.ec.euidi/eu.europa.ec.assemblylogic.ui.MainActivity}
10-09 13:32:24.191  4304  4484 D MiuiFreeformModeController: onFocusTaskChanged taskInfo: TaskInfo{userId=0 taskId=6472 displayId=0 isRunning=true baseIntent=Intent { act=android.intent.action.MAIN cat=[android.intent.category.LAUNCHER] flg=0x10200000 cmp=eu.europa.ec.euidi/eu.europa.ec.assemblylogic.ui.MainActivity } baseActivity=ComponentInfo{eu.europa.ec.euidi/eu.europa.ec.assemblylogic.ui.MainActivity} topActivity=ComponentInfo{eu.europa.ec.euidi/eu.europa.ec.assemblylogic.ui.MainActivity} origActivity=null realActivity=ComponentInfo{eu.europa.ec.euidi/eu.europa.ec.assemblylogic.ui.MainActivity} numActivities=1 lastActiveTime=251237673 supportsSplitScreenMultiWindow=true supportsMultiWindow=true resizeMode=1 isResizeable=true minWidth=-1 minHeight=-1 defaultMinSize=200 token=WCT{android.window.IWindowContainerToken$Stub$Proxy@4749521} topActivityType=1 pictureInPictureParams=null shouldDockBigOverlays=false launchIntoPipHostTaskId=-1 lastParentTaskIdBeforePip=-1 displayCutoutSafeInsets=Rect(0, 94 - 0, 0) topActivityInfo=ActivityInfo{399bd46 eu.europa.ec.assemblylogic.ui.MainActivity} launchCookies=[] positionInParent=Point(0, 0) parentTaskId=-1 isFocused=true isVisible=false isVisibleRequested=false isSleeping=false topActivityInSizeCompat=false topActivityInMiuiSizeCompat=false topActivityEligibleForLetterboxEducation= false topActivityLetterboxed= false isFromDoubleTap= false topActivityLetterboxVerticalPosition= -1 topActivityLetterboxHorizontalPosition= -1 topActivityLetterboxWidth=-1 topActivityLetterboxHeight=-1 locusId=null displayAreaFeatureId=1 cameraCompatControlState=hidden mIsCastMode=false mTopActivityMediaSize=null mTopActivityRecordName=ActivityRecord{5fdfc2a u0 eu.europa.ec.euidi/eu.europa.ec.assemblylogic.ui.MainActivity t6472} mTopActivityOrientation=-2 mTopActivityWindowIsNowVisible=false isTranslucent=true isEmbedded=false shouldBeVisible=true isImmersive=false mBehindAppLockPkg=null mOriginatingUid=0}
10-09 13:32:24.191  4304  4484 D MiuiDesktopModeController: onFocusTaskChanged newFocus: TaskInfo{userId=0 taskId=6472 displayId=0 isRunning=true baseIntent=Intent { act=android.intent.action.MAIN cat=[android.intent.category.LAUNCHER] flg=0x10200000 cmp=eu.europa.ec.euidi/eu.europa.ec.assemblylogic.ui.MainActivity } baseActivity=ComponentInfo{eu.europa.ec.euidi/eu.europa.ec.assemblylogic.ui.MainActivity} topActivity=ComponentInfo{eu.europa.ec.euidi/eu.europa.ec.assemblylogic.ui.MainActivity} origActivity=null realActivity=ComponentInfo{eu.europa.ec.euidi/eu.europa.ec.assemblylogic.ui.MainActivity} numActivities=1 lastActiveTime=251237673 supportsSplitScreenMultiWindow=true supportsMultiWindow=true resizeMode=1 isResizeable=true minWidth=-1 minHeight=-1 defaultMinSize=200 token=WCT{android.window.IWindowContainerToken$Stub$Proxy@4749521} topActivityType=1 pictureInPictureParams=null shouldDockBigOverlays=false launchIntoPipHostTaskId=-1 lastParentTaskIdBeforePip=-1 displayCutoutSafeInsets=Rect(0, 94 - 0, 0) topActivityInfo=ActivityInfo{399bd46 eu.europa.ec.assemblylogic.ui.MainActivity} launchCookies=[] positionInParent=Point(0, 0) parentTaskId=-1 isFocused=true isVisible=false isVisibleRequested=false isSleeping=false topActivityInSizeCompat=false topActivityInMiuiSizeCompat=false topActivityEligibleForLetterboxEducation= false topActivityLetterboxed= false isFromDoubleTap= false topActivityLetterboxVerticalPosition= -1 topActivityLetterboxHorizontalPosition= -1 topActivityLetterboxWidth=-1 topActivityLetterboxHeight=-1 locusId=null displayAreaFeatureId=1 cameraCompatControlState=hidden mIsCastMode=false mTopActivityMediaSize=null mTopActivityRecordName=ActivityRecord{5fdfc2a u0 eu.europa.ec.euidi/eu.europa.ec.assemblylogic.ui.MainActivity t6472} mTopActivityOrientation=-2 mTopActivityWindowIsNowVisible=false isTranslucent=true isEmbedded=false shouldBeVisible=true isImmersive=false mBehindAppLockPkg=null mOriginatingUid=0}
10-09 13:32:24.191  4304  4484 D WindowManagerShell: onActivityRestartAttempt: ComponentInfo{eu.europa.ec.euidi/eu.europa.ec.assemblylogic.ui.MainActivity}
10-09 13:32:24.216  2042  2074 D ActivityManager: checkAllowBackground: uid=1000 pkg=android rec=UidRecord{b77cac0 1000 PER  fgServices change:procadj procs:0 seq(630668,448524)} caps=LCMNFU always=false idle=false
10-09 13:32:24.217  2042  2074 D ActivityManager: checkAllowBackground: uid=1000 pkg=android rec=UidRecord{b77cac0 1000 PER  fgServices change:procadj procs:0 seq(630668,448524)} caps=LCMNFU always=false idle=false
10-09 13:32:24.217  2042  4541 D WindowManager: Collecting in transition 294: ActivityRecord{5fdfc2a u0 eu.europa.ec.euidi/eu.europa.ec.assemblylogic.ui.MainActivity t6472} init visibleRequested:false
10-09 13:32:24.217  2042  4541 E Transition: Trying to add a ready-group twice: Display{#0 state=ON size=1080x2400 ROTATION_0}
10-09 13:32:24.218  2042  3123 D ActivityManager: checkAllowBackground: uid=1000 pkg=com.miui.powerkeeper rec=UidRecord{b77cac0 1000 PER  fgServices change:procadj procs:0 seq(630668,448524)} caps=LCMNFU always=false idle=false
10-09 13:32:24.218  2042  4541 D WindowManagerService: checkFlipFullScreenChange is same, nowIsFullScreen = false
10-09 13:32:24.219  2042  3123 D ActivityManager: checkAllowBackground: uid=1000 pkg=com.miui.misightservice rec=UidRecord{b77cac0 1000 PER  fgServices change:procadj procs:0 seq(630668,448524)} caps=LCMNFU always=false idle=false
10-09 13:32:24.219  2042  4541 D WindowManager: Collecting in transition 294: ActivityRecord{1b6b9ad u0 com.android.chrome/org.chromium.chrome.browser.ChromeTabbedActivity t6447} init visibleRequested:true
10-09 13:32:24.220  4304  4484 D MiuiFullScreenTaskRepository: setFocusedTask taskId=6472, displayId=0, topActivity=ComponentInfo{eu.europa.ec.euidi/eu.europa.ec.assemblylogic.ui.MainActivity}
10-09 13:32:24.220  4304  4484 D MiuiFullScreenTaskRepository: addOrUpdateFullScreenTaskInfo taskId=6472, topActivity=ComponentInfo{eu.europa.ec.euidi/eu.europa.ec.assemblylogic.ui.MainActivity}
10-09 13:32:24.220  2042  4541 D WindowManager: Collecting in transition 294: ActivityRecord{5fdfc2a u0 eu.europa.ec.euidi/eu.europa.ec.assemblylogic.ui.MainActivity t6472} init visibleRequested:true
10-09 13:32:24.221  2042  4541 D WindowManager: Set transition=TransitionRecord{b747cc1 id=294 type=OPEN flags=0x0}, ready=true, SyncId=294 
10-09 13:32:24.223  2042  6981 W AutofillManagerServiceImpl: getFillEventHistory() called by UID 10273, but service UID is 10163
10-09 13:32:24.224  2042  4541 I BLASTSyncEngine: SyncGroup 294:  Unfinished container:ActivityRecord{5fdfc2a u0 eu.europa.ec.euidi/eu.europa.ec.assemblylogic.ui.MainActivity t6472}
10-09 13:32:24.224  2042  4541 I BLASTSyncEngine: isActivitySyncFinished isSyncFinished false ActivityRecord{5fdfc2a u0 eu.europa.ec.euidi/eu.europa.ec.assemblylogic.ui.MainActivity t6472}
10-09 13:32:24.230  2042  2690 D Aurogon :  uid = 10030 switch to FG
10-09 13:32:24.232  2042  3123 D AlarmManager: mBroadcastRefCount -> 1
10-09 13:32:24.241  2042  3123 D AlarmManager: mBroadcastRefCount -> 2
10-09 13:32:24.241  2042  3123 D AlarmManager: mBroadcastRefCount -> 3
10-09 13:32:24.241  2042  3123 I SmartPower: com.google.android.gms.unstable/10163(11300): idle->background(487720ms) R(alarm start) adj=800.
10-09 13:32:24.241  2042  3123 I SmartPower: com.google.android.gms.ui/10163(17035): idle->background(487720ms) R(alarm start) adj=800.
10-09 13:32:24.242  2042  3123 I SmartPower: com.google.process.gservices/10163(20972): idle->background(306500ms) R(alarm start) adj=915.
10-09 13:32:24.244  2042  3123 I SmartPower: com.google.process.gapps/10163(21162): idle->background(487722ms) R(alarm start) adj=935.
10-09 13:32:24.246  2042  3123 D AlarmManager: mBroadcastRefCount -> 4
10-09 13:32:24.252  2042  2787 D SchedBoost: com.android.chrome boosting, skip reset priority
10-09 13:32:24.252  2042  2787 D SchedBoost: com.google.android.adservices.api boosting, skip reset priority
10-09 13:32:24.265  2042  3123 W ProcessStats: Tracking association SourceState{8c235c4 com.miui.securitycenter.remote/1000 Fgs #99481} whose proc state 3 is better than process ProcessState{fde9e0a com.miui.powerkeeper/1000 pkg=com.miui.powerkeeper} proc state 4 (22 skipped)
10-09 13:32:24.266  2042  3123 D AlarmManager: mBroadcastRefCount -> 5
10-09 13:32:24.267  2042  3123 D AlarmManager: mBroadcastRefCount -> 6
10-09 13:32:24.268  2042  3123 D AlarmManager: mBroadcastRefCount -> 7
10-09 13:32:24.269  2042  3110 D AlarmManager: mBroadcastRefCount -> 6
10-09 13:32:24.269  2042  3110 D AlarmManager: mPendingIntent -> null
10-09 13:32:24.270  2042  2042 D AlarmManager: mBroadcastRefCount -> 5
10-09 13:32:24.270  2042  2042 D AlarmManager: mPendingIntent -> null
10-09 13:32:24.270  2042  2042 D AlarmManager: mBroadcastRefCount -> 4
10-09 13:32:24.270  2042  2042 D AlarmManager: mPendingIntent -> PendingIntent{6c37920: PendingIntentRecord{109f2fe com.miui.misightservice startService}}
10-09 13:32:24.270  2042  2042 D AlarmManager: mBroadcastRefCount -> 3
10-09 13:32:24.270  2042  2042 D AlarmManager: mPendingIntent -> PendingIntent{7ba0a5f: PendingIntentRecord{dd98cac com.miui.powerkeeper startService}}
10-09 13:32:24.270  2042  2042 D AlarmManager: mBroadcastRefCount -> 2
10-09 13:32:24.270  2042  2042 D AlarmManager: mPendingIntent -> null
10-09 13:32:24.271  2042  2074 D ActivityManager: checkAllowBackground: uid=1000 pkg=android rec=UidRecord{b77cac0 1000 PER  fgServices change:procadj procs:0 seq(630734,448524)} caps=LCMNFU always=false idle=false
10-09 13:32:24.274  2042  2074 D ActivityManager: checkAllowBackground: uid=1000 pkg=android rec=UidRecord{b77cac0 1000 PER  fgServices change:procadj procs:0 seq(630734,448524)} caps=LCMNFU always=false idle=false
10-09 13:32:24.274  4304  5419 D MiuiFreeformModeObserver: activityResumed() intent： Intent { cmp=eu.europa.ec.euidi/eu.europa.ec.assemblylogic.ui.MainActivity (has extras) }
10-09 13:32:24.274  2042  2074 D ActivityManager: checkAllowBackground: uid=1000 pkg=android rec=UidRecord{b77cac0 1000 PER  fgServices change:procadj procs:0 seq(630734,448524)} caps=LCMNFU always=false idle=false
10-09 13:32:24.274  2042  3110 D ActivityManager: checkAllowBackground: uid=1000 pkg=android rec=UidRecord{b77cac0 1000 PER  fgServices change:procadj procs:0 seq(630734,448524)} caps=LCMNFU always=false idle=false
10-09 13:32:24.274  2042  2074 D ActivityManager: checkAllowBackground: uid=1000 pkg=android rec=UidRecord{b77cac0 1000 PER  fgServices change:procadj procs:0 seq(630734,448524)} caps=LCMNFU always=false idle=false
10-09 13:32:24.281  2042  7000 I BLASTSyncEngine: SyncGroup 294:  Unfinished container:ActivityRecord{5fdfc2a u0 eu.europa.ec.euidi/eu.europa.ec.assemblylogic.ui.MainActivity t6472}
10-09 13:32:24.281  2042  7000 I BLASTSyncEngine: isActivitySyncFinished isSyncFinished false ActivityRecord{5fdfc2a u0 eu.europa.ec.euidi/eu.europa.ec.assemblylogic.ui.MainActivity t6472}
10-09 13:32:24.282  2042  7000 I WindowManager: cancelAnimation removed leash : Surface(name=Surface(name=704023a StatusBar#94)/@0xa8be448 - animation-leash of insets_animation#5919)/@0xabc652c
10-09 13:32:24.284  2042  7000 I WindowManager: cancelAnimation removed leash : Surface(name=Surface(name=d968687 NavigationBar0#90)/@0x2f479dd - animation-leash of insets_animation#5925)/@0x680cdbc
10-09 13:32:24.285  2042  3123 D AlarmManager: mBroadcastRefCount -> 3
10-09 13:32:24.286  2042  2074 D ActivityManager: checkAllowBackground: uid=1000 pkg=android rec=UidRecord{b77cac0 1000 PER  fgServices change:procadj procs:0 seq(630734,448524)} caps=LCMNFU always=false idle=false
10-09 13:32:24.287  2042  2074 D ActivityManager: checkAllowBackground: uid=1000 pkg=android rec=UidRecord{b77cac0 1000 PER  fgServices change:procadj procs:0 seq(630734,448524)} caps=LCMNFU always=false idle=false
10-09 13:32:24.287  2042  7000 D WindowManager: wms.Input focus has changed to Window{7a0e2ea u0 eu.europa.ec.euidi/eu.europa.ec.assemblylogic.ui.MainActivity} display=0 updateInputWindows = true
10-09 13:32:24.287  2042  7000 I MultiSenceManagerInternalStub: getInstance
10-09 13:32:24.289  2042  2074 D ActivityManager: checkAllowBackground: uid=1000 pkg=android rec=UidRecord{b77cac0 1000 PER  fgServices change:procadj procs:0 seq(630734,448524)} caps=LCMNFU always=false idle=false
10-09 13:32:24.289  2042  2074 D ActivityManager: checkAllowBackground: uid=1000 pkg=android rec=UidRecord{b77cac0 1000 PER  fgServices change:procadj procs:0 seq(630734,448524)} caps=LCMNFU always=false idle=false
10-09 13:32:24.290  2042  2042 D AlarmManager: mBroadcastRefCount -> 2
10-09 13:32:24.290  2042  2042 D AlarmManager: mPendingIntent -> null
10-09 13:32:24.291  2042  2042 D AlarmManager: mBroadcastRefCount -> 1
10-09 13:32:24.291  2042  2042 D AlarmManager: mPendingIntent -> PendingIntent{8482cd8: PendingIntentRecord{b751831 com.google.android.gms/com.google.android.gms.auth_api__phone broadcastIntent}}
10-09 13:32:24.291  2042  2042 D AlarmManager: mBroadcastRefCount -> 0
10-09 13:32:24.291  2042  2042 D AlarmManager: mPendingIntent -> PendingIntent{5206b16: PendingIntentRecord{8727c97 com.google.android.gms/com.google.android.gms.auth_api__phone broadcastIntent}}
10-09 13:32:24.291  2042  3095 D ActivityManager: checkAllowBackground: uid=10163 pkg=com.google.android.gms rec=UidRecord{3efeecd u0a163 BTOP change:procadj procs:0 seq(630738,425084)} caps=LCMNFU always=false idle=false
10-09 13:32:24.328  2042  2073 D WindowManager: wms.finishDrawingLocked: mDrawState=COMMIT_DRAW_PENDING Window{7a0e2ea u0 eu.europa.ec.euidi/eu.europa.ec.assemblylogic.ui.MainActivity} in Surface(name=eu.europa.ec.euidi/eu.europa.ec.assemblylogic.ui.MainActivity#5926)/@0x16b02f9
10-09 13:32:24.331  2042  2693 I SmartPower: eu.europa.ec.euidi/10030(25179): invisible->visible(157ms) R(become visible) adj=0.
10-09 13:32:24.332  2042  2693 I WindowManager: wms.showSurfaceRobustly mWin:Window{7a0e2ea u0 eu.europa.ec.euidi/eu.europa.ec.assemblylogic.ui.MainActivity}
10-09 13:32:24.332  2042  2693 D WindowManager: Final targets: [Task{94dc7b8 #6472 type=standard A=10030:eu.europa.ec.euidi}, Task{f3a7d2e #6447 type=standard A=10172:com.android.chrome}]
10-09 13:32:24.355  2042  2693 D WindowManager: Calling onTransitionReady info={id=294 t=OPEN f=0x0 trk=0 r=[0@Point(0, 0)] c=[{WCT{RemoteToken{75991e7 Task{94dc7b8 #6472 type=standard A=10030:eu.europa.ec.euidi}}} m=TO_FRONT f=MOVE_TO_TOP leash=Surface(name=Task=6472#5854)/@0x2755a1b sb=Rect(0, 0 - 1080, 2400) eb=Rect(0, 0 - 1080, 2400) d=0},{WCT{RemoteToken{ab02a8e Task{f3a7d2e #6447 type=standard A=10172:com.android.chrome}}} m=TO_BACK f=NONE leash=Surface(name=Task=6447#4700)/@0x9b243a9 sb=Rect(0, 0 - 1080, 2400) eb=Rect(0, 0 - 1080, 2400) d=0}] noAni=[false] df=[false] mk=[true] nc=[0]}, mToken=Token{8959c69 TransitionRecord{b747cc1 id=294 type=OPEN flags=0x0}}
10-09 13:32:24.357  2042  2693 I BLASTSyncEngine: finishNow: after onTransactionReady, mSyncId=294
10-09 13:32:24.372  4304  4484 D MiuiFullScreenTaskRepository: setFocusedTask taskId=6472, displayId=0, topActivity=ComponentInfo{eu.europa.ec.euidi/eu.europa.ec.assemblylogic.ui.MainActivity}
10-09 13:32:24.372  4304  4484 D MiuiFullScreenTaskRepository: addOrUpdateFullScreenTaskInfo taskId=6472, topActivity=ComponentInfo{eu.europa.ec.euidi/eu.europa.ec.assemblylogic.ui.MainActivity}
10-09 13:32:24.373  4304  4484 D MiuiFreeformAnimation: startAnimation change: {WCT{android.window.IWindowContainerToken$Stub$Proxy@c2467d2} m=TO_FRONT f=MOVE_TO_TOP leash=Surface(name=Task=6472#5854)/@0xa451b07 sb=Rect(0, 0 - 1080, 2400) eb=Rect(0, 0 - 1080, 2400) d=0} info.getType(): 1
10-09 13:32:24.373  4304  4484 I MiuiFreeformAnimation: isLaunchWidgetPicker=false,taskInfo.getWindowingMode()=1, taskInfo.getActivityType()=1
10-09 13:32:24.375  4304  4484 D MiuiFreeformAnimation: startAnimation change: {WCT{android.window.IWindowContainerToken$Stub$Proxy@18e60a3} m=TO_BACK f=NONE leash=Surface(name=Task=6447#4700)/@0xc12d434 sb=Rect(0, 0 - 1080, 2400) eb=Rect(0, 0 - 1080, 2400) d=0} info.getType(): 1
10-09 13:32:24.375  4304  4484 W MiuiTaskTransitionHandler: Receive an unknown transition, token=android.os.BinderProxy@470e37a, type=1
10-09 13:32:24.377  2042  2692 D SchedBoost: com.android.chrome:sandboxed_process0:org.chromium.content.app.SandboxedProcessService0:31 boosting, skip reset priority
10-09 13:32:24.378  2042  2692 D SchedBoost: com.android.chrome:privileged_process0 boosting, skip reset priority
10-09 13:32:24.379  4304  4484 D TransitionAnimationHelper:  load default animation  type = 1 enter = false animAttr = 9 isTask = true translucent = false
10-09 13:32:24.381  4304  4484 D TransitionAnimationHelper:  load default animation  type = 1 enter = true animAttr = 8 isTask = true translucent = false
10-09 13:32:24.383  4304  4520 D ShellTransitions: speed ui!!!!!!!!!!!
10-09 13:32:24.385  4304  4520 D ArtChoreographerMonitor: invoke error.
10-09 13:32:24.400  4304  4484 D SoScUtils: monitorTransitionFinished transition:android.os.BinderProxy@470e37a transaction: android.view.SurfaceControl$Transaction@84d3f7 mRequestCloseTransition:null mRequestOpenTransition:null mPairsOpenTransition:null mPairsOpenTransitionNull:null mRequestOpenTriggerTask:-1 mRequestCloseTriggerTask:-1 mOrientationTransition: null mMainStartingTask:-1 mSideStartingTask:-1
10-09 13:32:24.403  2042  4589 W PackageConfigPersister: App-specific configuration not found for packageName: eu.europa.ec.euidi and userId: 0
10-09 13:32:24.403  2042  3095 I WindowManager: cancelAnimation removed leash : Surface(name=Surface(name=49d5fba InputMethod#118)/@0xbb23dc8 - animation-leash of insets_animation#5907)/@0xffd0e4b
10-09 13:32:24.411  2042  4589 I Transition: finishTransition: updateLastSurfacePosition tf=Task{94dc7b8 #6472 type=standard A=10030:eu.europa.ec.euidi}
10-09 13:32:24.416  4304  4484 D MiuiFullScreenTaskRepository: addOrUpdateFullScreenTaskInfo taskId=6447, topActivity=ComponentInfo{com.android.chrome/org.chromium.chrome.browser.ChromeTabbedActivity}
10-09 13:32:24.417  2042  2692 I SmartPower: com.android.chrome/10172(17153): visible->invisible(18823ms) R(become invisible) adj=200.
10-09 13:32:24.417  2042  2692 I SmartPower: com.android.chrome:privileged_process0/10172(17266): invisible->background(19074ms) R(become background) adj=200.
10-09 13:32:24.417  2042  2692 I SmartPower: com.android.chrome/10172(17153): invisible->background(0ms) R(become background) adj=200.
10-09 13:32:24.429  2042  3110 D CompatibilityChangeReporter: Compat change id reported: 265195908; UID 10172; state: ENABLED
10-09 13:32:24.448  2042  3095 D CoreBackPreview: Window{edce952 u0 com.android.chrome/org.chromium.chrome.browser.ChromeTabbedActivity}: Setting back callback OnBackInvokedCallbackInfo{mCallback=android.window.IOnBackInvokedCallback$Stub$Proxy@f150b4, mPriority=-1, mIsAnimationCallback=false}
10-09 13:32:24.473 17153 17153 D ActivityThread: Fail to check app heapsize due to java.lang.NoSuchMethodException: dalvik.system.VMRuntime.getBlockingGcCountForAlloc []
10-09 13:32:24.477  2042  2690 D Aurogon :  uid = 10172 switch to BG
10-09 13:32:24.477  2042  3500 D isUidValid: uid = 10172
10-09 13:32:24.508   702   727 W keystore2: system/security/keystore2/src/remote_provisioning.rs:102 - Error occurred: system/security/keystore2/src/rkpd_client.rs:307: Trying to get to IRegistration service.
10-09 13:32:24.508   702   727 W keystore2: 
10-09 13:32:24.508   702   727 W keystore2: Caused by:
10-09 13:32:24.508   702   727 W keystore2:     0: system/security/keystore2/src/rkpd_client.rs:162: Trying to get IRPC name.
10-09 13:32:24.508   702   727 W keystore2:     1: system/security/keystore2/src/globals.rs:440
10-09 13:32:24.508   702   727 W keystore2:     2: Error::Km(r#HARDWARE_TYPE_UNAVAILABLE)
10-09 13:32:24.546   702   727 W keystore2: system/security/keystore2/src/remote_provisioning.rs:102 - Error occurred: system/security/keystore2/src/rkpd_client.rs:307: Trying to get to IRegistration service.
10-09 13:32:24.546   702   727 W keystore2: 
10-09 13:32:24.546   702   727 W keystore2: Caused by:
10-09 13:32:24.546   702   727 W keystore2:     0: system/security/keystore2/src/rkpd_client.rs:162: Trying to get IRPC name.
10-09 13:32:24.546   702   727 W keystore2:     1: system/security/keystore2/src/globals.rs:440
10-09 13:32:24.546   702   727 W keystore2:     2: Error::Km(r#HARDWARE_TYPE_UNAVAILABLE)
10-09 13:32:24.559  4304  4304 D ArtChoreographerMonitor: invoke error.
10-09 13:32:24.573   702   727 W keystore2: system/security/keystore2/src/remote_provisioning.rs:102 - Error occurred: system/security/keystore2/src/rkpd_client.rs:307: Trying to get to IRegistration service.
10-09 13:32:24.573   702   727 W keystore2: 
10-09 13:32:24.573   702   727 W keystore2: Caused by:
10-09 13:32:24.573   702   727 W keystore2:     0: system/security/keystore2/src/rkpd_client.rs:162: Trying to get IRPC name.
10-09 13:32:24.573   702   727 W keystore2:     1: system/security/keystore2/src/globals.rs:440
10-09 13:32:24.573   702   727 W keystore2:     2: Error::Km(r#HARDWARE_TYPE_UNAVAILABLE)
10-09 13:32:24.601   702   727 W keystore2: system/security/keystore2/src/remote_provisioning.rs:102 - Error occurred: system/security/keystore2/src/rkpd_client.rs:307: Trying to get to IRegistration service.
10-09 13:32:24.601   702   727 W keystore2: 
10-09 13:32:24.601   702   727 W keystore2: Caused by:
10-09 13:32:24.601   702   727 W keystore2:     0: system/security/keystore2/src/rkpd_client.rs:162: Trying to get IRPC name.
10-09 13:32:24.601   702   727 W keystore2:     1: system/security/keystore2/src/globals.rs:440
10-09 13:32:24.601   702   727 W keystore2:     2: Error::Km(r#HARDWARE_TYPE_UNAVAILABLE)
10-09 13:32:24.627   702   727 W keystore2: system/security/keystore2/src/remote_provisioning.rs:102 - Error occurred: system/security/keystore2/src/rkpd_client.rs:307: Trying to get to IRegistration service.
10-09 13:32:24.627   702   727 W keystore2: 
10-09 13:32:24.627   702   727 W keystore2: Caused by:
10-09 13:32:24.627   702   727 W keystore2:     0: system/security/keystore2/src/rkpd_client.rs:162: Trying to get IRPC name.
10-09 13:32:24.627   702   727 W keystore2:     1: system/security/keystore2/src/globals.rs:440
10-09 13:32:24.627   702   727 W keystore2:     2: Error::Km(r#HARDWARE_TYPE_UNAVAILABLE)
10-09 13:32:24.655   702   727 W keystore2: system/security/keystore2/src/remote_provisioning.rs:102 - Error occurred: system/security/keystore2/src/rkpd_client.rs:307: Trying to get to IRegistration service.
10-09 13:32:24.655   702   727 W keystore2: 
10-09 13:32:24.655   702   727 W keystore2: Caused by:
10-09 13:32:24.655   702   727 W keystore2:     0: system/security/keystore2/src/rkpd_client.rs:162: Trying to get IRPC name.
10-09 13:32:24.655   702   727 W keystore2:     1: system/security/keystore2/src/globals.rs:440
10-09 13:32:24.655   702   727 W keystore2:     2: Error::Km(r#HARDWARE_TYPE_UNAVAILABLE)
10-09 13:32:24.668  2183  2183 I wificond: station_bandwidth: P
10-09 13:32:24.670  4304  4304 D ArtChoreographerMonitor: invoke error.
10-09 13:32:24.684   702   727 W keystore2: system/security/keystore2/src/remote_provisioning.rs:102 - Error occurred: system/security/keystore2/src/rkpd_client.rs:307: Trying to get to IRegistration service.
10-09 13:32:24.684   702   727 W keystore2: 
10-09 13:32:24.684   702   727 W keystore2: Caused by:
10-09 13:32:24.684   702   727 W keystore2:     0: system/security/keystore2/src/rkpd_client.rs:162: Trying to get IRPC name.
10-09 13:32:24.684   702   727 W keystore2:     1: system/security/keystore2/src/globals.rs:440
10-09 13:32:24.684   702   727 W keystore2:     2: Error::Km(r#HARDWARE_TYPE_UNAVAILABLE)
10-09 13:32:24.712   702   727 W keystore2: system/security/keystore2/src/remote_provisioning.rs:102 - Error occurred: system/security/keystore2/src/rkpd_client.rs:307: Trying to get to IRegistration service.
10-09 13:32:24.712   702   727 W keystore2: 
10-09 13:32:24.712   702   727 W keystore2: Caused by:
10-09 13:32:24.712   702   727 W keystore2:     0: system/security/keystore2/src/rkpd_client.rs:162: Trying to get IRPC name.
10-09 13:32:24.712   702   727 W keystore2:     1: system/security/keystore2/src/globals.rs:440
10-09 13:32:24.712   702   727 W keystore2:     2: Error::Km(r#HARDWARE_TYPE_UNAVAILABLE)
10-09 13:32:24.738   702   727 W keystore2: system/security/keystore2/src/remote_provisioning.rs:102 - Error occurred: system/security/keystore2/src/rkpd_client.rs:307: Trying to get to IRegistration service.
10-09 13:32:24.738   702   727 W keystore2: 
10-09 13:32:24.738   702   727 W keystore2: Caused by:
10-09 13:32:24.738   702   727 W keystore2:     0: system/security/keystore2/src/rkpd_client.rs:162: Trying to get IRPC name.
10-09 13:32:24.738   702   727 W keystore2:     1: system/security/keystore2/src/globals.rs:440
10-09 13:32:24.738   702   727 W keystore2:     2: Error::Km(r#HARDWARE_TYPE_UNAVAILABLE)
10-09 13:32:24.766   702   727 W keystore2: system/security/keystore2/src/remote_provisioning.rs:102 - Error occurred: system/security/keystore2/src/rkpd_client.rs:307: Trying to get to IRegistration service.
10-09 13:32:24.766   702   727 W keystore2: 
10-09 13:32:24.766   702   727 W keystore2: Caused by:
10-09 13:32:24.766   702   727 W keystore2:     0: system/security/keystore2/src/rkpd_client.rs:162: Trying to get IRPC name.
10-09 13:32:24.766   702   727 W keystore2:     1: system/security/keystore2/src/globals.rs:440
10-09 13:32:24.766   702   727 W keystore2:     2: Error::Km(r#HARDWARE_TYPE_UNAVAILABLE)
10-09 13:32:24.844  4304  4304 D ArtChoreographerMonitor: invoke error.
10-09 13:32:26.659  2042  6981 D PerfShielderService: eu.europa.ec.euidi|eu.europa.ec.euidi/eu.europa.ec.assemblylogic.ui.MainActivity|93|34555676584681|41|2|5
10-09 13:32:26.660  6649  6663 W MiuiPerfServiceClient: interceptAndQueuing:25179|eu.europa.ec.euidi|93|41|34555676584681|Slow handle animation|5
10-09 13:32:27.037  2042  6981 W MIUIInput: Input event injection from package: null action ACTION_DOWN
10-09 13:32:27.040  2042  3095 W MIUIInput: Input event injection from package: null action ACTION_UP
10-09 13:32:27.247  2042  3524 I SmartPower: com.google.android.gms.unstable/10163(11300): background->idle(3005ms) R(alarm start) adj=800.
10-09 13:32:27.247  2042  3524 I SmartPower: com.google.android.gms.ui/10163(17035): background->idle(3005ms) R(alarm start) adj=800.
10-09 13:32:27.247  2042  3524 I SmartPower: com.google.process.gservices/10163(20972): background->idle(3005ms) R(alarm start) adj=915.
10-09 13:32:27.247  2042  3524 I SmartPower: com.google.process.gapps/10163(21162): background->idle(3003ms) R(alarm start) adj=935.
10-09 13:32:27.270  2042  6981 I ActivityManager: Force stopping eu.europa.ec.euidi appid=10030 user=0: from process:25484
10-09 13:32:27.271  2042  3515 E ProcessManager: error write exception log
10-09 13:32:27.273  2042  2074 D DisplayManagerService: Drop pending events for gone uid 10030
10-09 13:32:27.274  2042  6981 I ActivityManager: Killing 25179:eu.europa.ec.euidi/u0a30 (adj 0): stop eu.europa.ec.euidi due to from process:25484
10-09 13:32:27.278  2042  6981 W ActivityTaskManager: Force removing ActivityRecord{5fdfc2a u0 eu.europa.ec.euidi/eu.europa.ec.assemblylogic.ui.MainActivity t6472 f}}: app died, no saved state
10-09 13:32:27.278  2042  6981 D WindowManager: Requesting StartTransition: TransitionRecord{9b35f13 id=295 type=CLOSE flags=0x0}
10-09 13:32:27.279  2042  6981 D WindowManager: Collecting in transition 295: Task{94dc7b8 #6472 type=standard A=10030:eu.europa.ec.euidi} init visibleRequested:true
10-09 13:32:27.281  2042  6981 D WindowManager: Collecting in transition 295: ActivityRecord{5fdfc2a u0 eu.europa.ec.euidi/eu.europa.ec.assemblylogic.ui.MainActivity t6472 f}} init visibleRequested:false
10-09 13:32:27.281  2042  6981 D WindowManager: wms.Input focus has changed to null display=0 updateInputWindows = true
10-09 13:32:27.282  2042  6981 I MultiSenceManagerInternalStub: getInstance
10-09 13:32:27.284  2042  6981 D WindowManager: Collecting in transition 295: ActivityRecord{1b6b9ad u0 com.android.chrome/org.chromium.chrome.browser.ChromeTabbedActivity t6447} init visibleRequested:false
10-09 13:32:27.285  2042  6981 I SmartPower: com.android.chrome:privileged_process0/10172(17266): background->invisible(2868ms) R(become foreground) adj=700.
10-09 13:32:27.285  2042  6981 I SmartPower: com.android.chrome/10172(17153): background->invisible(2869ms) R(become foreground) adj=700.
10-09 13:32:27.286  2042  6981 D WindowManager: Collecting in transition 295: ActivityRecord{1b6b9ad u0 com.android.chrome/org.chromium.chrome.browser.ChromeTabbedActivity t6447} init visibleRequested:true
10-09 13:32:27.290  2042  4589 D WindowManager: Set transition=TransitionRecord{9b35f13 id=295 type=CLOSE flags=0x0}, ready=true, SyncId=295 
10-09 13:32:27.291  4304  4484 D MiuiFullScreenTaskRepository: removeFocusedTask displayId=0
10-09 13:32:27.291  4304  4484 D MiuiFullScreenTaskRepository: addOrUpdateFullScreenTaskInfo taskId=6472, topActivity=null
10-09 13:32:27.291  4304  4484 D MiuiFullScreenTaskRepository: addOrUpdateFullScreenTaskInfo taskId=6447, topActivity=ComponentInfo{com.android.chrome/org.chromium.chrome.browser.ChromeTabbedActivity}
10-09 13:32:27.291  2042  3524 I SmartPower: com.google.android.adservices.api/10294(20677): background->idle(21697ms) R(adj below visible) adj=100.
10-09 13:32:27.294  2042  2690 D Aurogon :  uid = 10172 switch to FG
10-09 13:32:27.295  2042  2693 I BLASTSyncEngine: SyncGroup 295:  Unfinished container:ActivityRecord{1b6b9ad u0 com.android.chrome/org.chromium.chrome.browser.ChromeTabbedActivity t6447}
10-09 13:32:27.295  2042  2693 I BLASTSyncEngine: isActivitySyncFinished isSyncFinished false ActivityRecord{1b6b9ad u0 com.android.chrome/org.chromium.chrome.browser.ChromeTabbedActivity t6447}
10-09 13:32:27.302  2042  2073 D CompatibilityChangeReporter: Compat change id reported: 319212206; UID 10172; state: ENABLED
10-09 13:32:27.302  2042  6981 D WindowManager: Set transition=TransitionRecord{9b35f13 id=295 type=CLOSE flags=0x0}, ready=true, SyncId=295 
10-09 13:32:27.303  2042  6981 I AppsFilter: interaction: PackageSetting{12f5306 io.appium.uiautomator2.server.test/10767} -> PackageSetting{5a58349 eu.europa.ec.euidi/10030} BLOCKED
10-09 13:32:27.303  2042  6981 I AppsFilter: interaction: PackageSetting{e02bff4 com.fido.asm/10104} -> PackageSetting{5a58349 eu.europa.ec.euidi/10030} BLOCKED
10-09 13:32:27.303  2042  6981 I AppsFilter: interaction: PackageSetting{860431d io.appium.uiautomator2.server/10769} -> PackageSetting{5a58349 eu.europa.ec.euidi/10030} BLOCKED
10-09 13:32:27.303  2042  6981 I AppsFilter: interaction: PackageSetting{add9992 io.appium.settings/10611} -> PackageSetting{5a58349 eu.europa.ec.euidi/10030} BLOCKED
10-09 13:32:27.321  2042  6981 D CoreBackPreview: Window{edce952 u0 com.android.chrome/org.chromium.chrome.browser.ChromeTabbedActivity}: Setting back callback OnBackInvokedCallbackInfo{mCallback=android.window.IOnBackInvokedCallback$Stub$Proxy@7ff6cfe, mPriority=0, mIsAnimationCallback=true}
10-09 13:32:27.321  2042  2073 D ActivityManager: checkAllowBackground: uid=10163 pkg=com.google.android.gms rec=UidRecord{3efeecd u0a163 BTOP change:procstateprocadj procs:0 seq(631113,425084)} caps=LCMNFU always=false idle=false
10-09 13:32:27.343  2042  3110 D CompatibilityChangeReporter: Compat change id reported: 218533173; UID 10030; state: ENABLED
10-09 13:32:27.343  2042  3110 D CompatibilityChangeReporter: Compat change id reported: 262645982; UID 10030; state: ENABLED
10-09 13:32:27.348  2042  7002 D ActivityManager: checkAllowBackground: uid=10163 pkg=com.google.android.gms rec=UidRecord{3efeecd u0a163 BTOP change:procadj procs:0 seq(631263,425084)} caps=LCMNFU always=false idle=false
10-09 13:32:27.355  2042  3095 D AutofillSession: handling death of Token{9484991 ActivityRecord{5fdfc2a u0 eu.europa.ec.euidi/eu.europa.ec.assemblylogic.ui.MainActivity t6472 f} isExiting}} when saving=false
10-09 13:32:27.356  2042  3095 I WindowManager: WIN DEATH: Window{7a0e2ea u0 eu.europa.ec.euidi/eu.europa.ec.assemblylogic.ui.MainActivity}
10-09 13:32:27.360  2042  3095 I BLASTSyncEngine: SyncGroup 295:  Unfinished container:ActivityRecord{1b6b9ad u0 com.android.chrome/org.chromium.chrome.browser.ChromeTabbedActivity t6447}
10-09 13:32:27.360  2042  3095 I BLASTSyncEngine: isActivitySyncFinished isSyncFinished false ActivityRecord{1b6b9ad u0 com.android.chrome/org.chromium.chrome.browser.ChromeTabbedActivity t6447}
10-09 13:32:27.392  4304  5419 D MiuiFreeformModeObserver: activityResumed() intent： Intent { cmp=com.android.chrome/org.chromium.chrome.browser.ChromeTabbedActivity (has extras) }
10-09 13:32:27.410  2042  2073 D PackageParserImpl: dump dex file,file message: base.odex: 240Kb base.vdex: 578Kb 
10-09 13:32:27.420  2042  2073 I BLASTSyncEngine: SyncGroup 295:  Unfinished container:ActivityRecord{1b6b9ad u0 com.android.chrome/org.chromium.chrome.browser.ChromeTabbedActivity t6447}
10-09 13:32:27.420  2042  2073 I BLASTSyncEngine: isActivitySyncFinished isSyncFinished false ActivityRecord{1b6b9ad u0 com.android.chrome/org.chromium.chrome.browser.ChromeTabbedActivity t6447}
10-09 13:32:27.422  2042  2073 I WindowManager: cancelAnimation removed leash : Surface(name=Surface(name=704023a StatusBar#94)/@0xa8be448 - animation-leash of insets_animation#5927)/@0x4cfd5b5
10-09 13:32:27.423  2042  2073 I WindowManager: cancelAnimation removed leash : Surface(name=Surface(name=d968687 NavigationBar0#90)/@0x2f479dd - animation-leash of insets_animation#5928)/@0xa339fbb
10-09 13:32:27.425  2042  2073 D WindowManager: wms.Input focus has changed to Window{edce952 u0 com.android.chrome/org.chromium.chrome.browser.ChromeTabbedActivity} display=0 updateInputWindows = true
10-09 13:32:27.425  2042  2073 I MultiSenceManagerInternalStub: getInstance
10-09 13:32:27.431  2042  2693 W WindowManager: Failed to deliver inset control state change to w=Window{7a0e2ea u0 eu.europa.ec.euidi/eu.europa.ec.assemblylogic.ui.MainActivity EXITING}
10-09 13:32:27.431  2042  2693 W WindowManager: android.os.DeadObjectException
10-09 13:32:27.431  2042  2693 W WindowManager: 	at android.os.BinderProxy.transactNative(Native Method)
10-09 13:32:27.431  2042  2693 W WindowManager: 	at android.os.BinderProxy.transact(BinderProxy.java:639)
10-09 13:32:27.431  2042  2693 W WindowManager: 	at android.view.IWindow$Stub$Proxy.insetsControlChanged(IWindow.java:622)
10-09 13:32:27.431  2042  2693 W WindowManager: 	at com.android.server.wm.WindowState.notifyInsetsControlChanged(WindowState.java:4303)
10-09 13:32:27.431  2042  2693 W WindowManager: 	at com.android.server.wm.InsetsStateController.lambda$notifyPendingInsetsControlChanged$3(InsetsStateController.java:386)
10-09 13:32:27.431  2042  2693 W WindowManager: 	at com.android.server.wm.InsetsStateController.$r8$lambda$8yykPRG1GyNq_J17QvL9d5xANMc(Unknown Source:0)
10-09 13:32:27.431  2042  2693 W WindowManager: 	at com.android.server.wm.InsetsStateController$$ExternalSyntheticLambda2.run(Unknown Source:2)
10-09 13:32:27.431  2042  2693 W WindowManager: 	at com.android.server.wm.WindowAnimator.executeAfterPrepareSurfacesRunnables(WindowAnimator.java:303)
10-09 13:32:27.431  2042  2693 W WindowManager: 	at com.android.server.wm.WindowAnimator.animate(WindowAnimator.java:211)
