06-17 10:50:02.680   287   287 I EXT4-fs (dm-36): mounted filesystem 7d1522e1-9dfa-5edb-a43e-98e3a4d20250 ro without journal. Quota mode: none.
06-17 10:50:02.680   287   287 I apexd   : Successfully mounted package /data/apex/decompressed/com.android.bt@360526000.decompressed.apex on /apex/com.android.bt@360526000 duration=28
06-17 10:50:02.680   306   306 I device-mapper: verity: sha256 using shash "sha256-ce" (multibuffer)
06-17 10:50:02.680   273   273 I EXT4-fs (loop22): mounted filesystem 7d1522e1-9dfa-5edb-a43e-98e3a4d20250 ro without journal. Quota mode: none.
06-17 10:50:02.680   273   273 I apexd   : Successfully mounted package /vendor/apex/com.google.android.widevine-13130248.apex on /apex/com.google.android.widevine@190250226 duration=28
06-17 10:50:02.680   288   288 I EXT4-fs (dm-22): mounted filesystem 7d1522e1-9dfa-5edb-a43e-98e3a4d20250 ro without journal. Quota mode: none.
06-17 10:50:02.680   288   288 I apexd   : Successfully mounted package /data/apex/decompressed/com.android.ipsec@360526000.decompressed.apex on /apex/com.android.ipsec@360526000 duration=28
06-17 10:50:02.680   277   277 I EXT4-fs (dm-44): mounted filesystem 7d1522e1-9dfa-5edb-a43e-98e3a4d20250 ro without journal. Quota mode: none.
06-17 10:50:02.680   277   277 I apexd   : Successfully mounted package /data/apex/decompressed/com.android.appsearch@360526000.decompressed.apex on /apex/com.android.appsearch@360526000 duration=29
06-17 10:50:02.680   309   309 I device-mapper: verity: sha256 using shash "sha256-ce" (multibuffer)
06-17 10:50:02.681   294   294 I device-mapper: verity: sha256 using shash "sha256-ce" (multibuffer)
06-17 10:50:02.681   264   264 I EXT4-fs (loop16): mounted filesystem 7d1522e1-9dfa-5edb-a43e-98e3a4d20250 ro without journal. Quota mode: none.
06-17 10:50:02.681   264   264 I apexd   : Successfully mounted package /vendor/apex/com.android.hardware.contexthub.apex on /apex/com.android.hardware.contexthub@1 duration=30
06-17 10:50:02.681   269   269 I EXT4-fs (loop8): mounted filesystem 7d1522e1-9dfa-5edb-a43e-98e3a4d20250 ro without journal. Quota mode: none.
06-17 10:50:02.681   269   269 I apexd   : Successfully mounted package /system/apex/com.android.apex.cts.shim.apex on /apex/com.android.apex.cts.shim@1 duration=29
06-17 10:50:02.681   262   262 I EXT4-fs (loop5): mounted filesystem 7d1522e1-9dfa-5edb-a43e-98e3a4d20250 ro without journal. Quota mode: none.
06-17 10:50:02.681   262   262 I apexd   : Successfully mounted package /vendor/apex/com.android.hardware.thermal.apex on /apex/com.android.hardware.thermal@1 duration=30
06-17 10:50:02.681   263   263 I EXT4-fs (loop14): mounted filesystem 7d1522e1-9dfa-5edb-a43e-98e3a4d20250 ro without journal. Quota mode: none.
06-17 10:50:02.681   263   263 I apexd   : Successfully mounted package /vendor/apex/com.android.hardware.rebootescrow.apex on /apex/com.android.hardware.rebootescrow@1 duration=30
06-17 10:50:02.681   286   286 I EXT4-fs (dm-38): mounted filesystem 7d1522e1-9dfa-5edb-a43e-98e3a4d20250 ro without journal. Quota mode: none.
06-17 10:50:02.681   286   286 I apexd   : Successfully mounted package /data/apex/decompressed/com.android.crashrecovery@360526000.decompressed.apex on /apex/com.android.crashrecovery@360526000 duration=30
06-17 10:50:02.682   271   271 I EXT4-fs (loop29): mounted filesystem 7d1522e1-9dfa-5edb-a43e-98e3a4d20250 ro without journal. Quota mode: none.
06-17 10:50:02.682   271   271 I apexd   : Successfully mounted package /system/apex/com.android.virt.apex on /apex/com.android.virt@3 duration=30
06-17 10:50:02.682   270   270 I EXT4-fs (loop27): mounted filesystem 7d1522e1-9dfa-5edb-a43e-98e3a4d20250 ro without journal. Quota mode: none.
06-17 10:50:02.682   270   270 I apexd   : Successfully mounted package /vendor/apex/com.android.hardware.authsecret.apex on /apex/com.android.hardware.authsecret@1 duration=31
06-17 10:50:02.682   266   266 I EXT4-fs (loop44): mounted filesystem 7d1522e1-9dfa-5edb-a43e-98e3a4d20250 ro without journal. Quota mode: none.
06-17 10:50:02.682   266   266 I apexd   : Successfully mounted package /vendor/apex/com.android.hardware.dumpstate.apex on /apex/com.android.hardware.dumpstate@1 duration=31
06-17 10:50:02.683   280   280 I EXT4-fs (loop28): mounted filesystem 7d1522e1-9dfa-5edb-a43e-98e3a4d20250 ro without journal. Quota mode: none.
06-17 10:50:02.683   280   280 I apexd   : Successfully mounted package /system/apex/com.google.android.tzdata6.apex on /apex/com.android.tzdata@360526000 duration=31
06-17 10:50:02.683   289   289 I EXT4-fs (dm-42): mounted filesystem 7d1522e1-9dfa-5edb-a43e-98e3a4d20250 ro without journal. Quota mode: none.
06-17 10:50:02.683   289   289 I apexd   : Successfully mounted package /data/apex/decompressed/com.android.configinfrastructure@360526000.decompressed.apex on /apex/com.android.configinfrastructure@360526000 duration=31
06-17 10:50:02.685   309   309 I EXT4-fs (dm-8): mounted filesystem 7d1522e1-9dfa-5edb-a43e-98e3a4d20250 ro without journal. Quota mode: none.
06-17 10:50:02.685   309   309 I apexd   : Successfully mounted package /data/apex/decompressed/com.android.os.statsd@360526000.decompressed.apex on /apex/com.android.os.statsd@360526000 duration=33
06-17 10:50:02.685   308   308 I EXT4-fs (dm-21): mounted filesystem 7d1522e1-9dfa-5edb-a43e-98e3a4d20250 ro without journal. Quota mode: none.
06-17 10:50:02.685   308   308 I apexd   : Successfully mounted package /data/apex/decompressed/com.android.tethering@360526040.decompressed.apex on /apex/com.android.tethering@360526040 duration=33
06-17 10:50:02.685   298   298 I EXT4-fs (dm-11): mounted filesystem 7d1522e1-9dfa-5edb-a43e-98e3a4d20250 ro without journal. Quota mode: none.
06-17 10:50:02.685   298   298 I apexd   : Successfully mounted package /data/apex/decompressed/com.android.neuralnetworks@360526000.decompressed.apex on /apex/com.android.neuralnetworks@360526000 duration=33
06-17 10:50:02.686   303   303 I EXT4-fs (dm-18): mounted filesystem 7d1522e1-9dfa-5edb-a43e-98e3a4d20250 ro without journal. Quota mode: none.
06-17 10:50:02.686   303   303 I apexd   : Successfully mounted package /data/apex/decompressed/com.android.art@360526040.decompressed.apex on /apex/com.android.art@360526040 duration=33
06-17 10:50:02.686   283   283 I EXT4-fs (dm-41): mounted filesystem 7d1522e1-9dfa-5edb-a43e-98e3a4d20250 ro without journal. Quota mode: none.
06-17 10:50:02.686   283   283 I apexd   : Successfully mounted package /data/apex/decompressed/com.android.sdkext@360526000.decompressed.apex on /apex/com.android.sdkext@360526000 duration=35
06-17 10:50:02.686   295   295 I EXT4-fs (dm-25): mounted filesystem 7d1522e1-9dfa-5edb-a43e-98e3a4d20250 ro without journal. Quota mode: none.
06-17 10:50:02.686   295   295 I apexd   : Successfully mounted package /data/apex/decompressed/com.android.adservices@360526040.decompressed.apex on /apex/com.android.adservices@360526040 duration=34
06-17 10:50:02.686   307   307 I EXT4-fs (dm-5): mounted filesystem 7d1522e1-9dfa-5edb-a43e-98e3a4d20250 ro without journal. Quota mode: none.
06-17 10:50:02.686   307   307 I apexd   : Successfully mounted package /data/apex/decompressed/com.android.conscrypt@360526000.decompressed.apex on /apex/com.android.conscrypt@360526000 duration=34
06-17 10:50:02.687   301   301 I EXT4-fs (dm-12): mounted filesystem 7d1522e1-9dfa-5edb-a43e-98e3a4d20250 ro without journal. Quota mode: none.
06-17 10:50:02.687   301   301 I apexd   : Successfully mounted package /data/apex/decompressed/com.android.uwb@360526040.decompressed.apex on /apex/com.android.uwb@360526040 duration=34
06-17 10:50:02.687   290   290 I EXT4-fs (dm-43): mounted filesystem 7d1522e1-9dfa-5edb-a43e-98e3a4d20250 ro without journal. Quota mode: none.
06-17 10:50:02.687   290   290 I apexd   : Successfully mounted package /data/apex/decompressed/com.android.wifi@360526000.decompressed.apex on /apex/com.android.wifi@360526000 duration=35
06-17 10:50:02.687   285   285 I EXT4-fs (dm-14): mounted filesystem 7d1522e1-9dfa-5edb-a43e-98e3a4d20250 ro without journal. Quota mode: none.
06-17 10:50:02.687   285   285 I apexd   : Successfully mounted package /data/apex/decompressed/com.android.profiling@360526000.decompressed.apex on /apex/com.android.profiling@360526000 duration=34
06-17 10:50:02.687   302   302 I EXT4-fs (dm-19): mounted filesystem 7d1522e1-9dfa-5edb-a43e-98e3a4d20250 ro without journal. Quota mode: none.
06-17 10:50:02.687   302   302 I apexd   : Successfully mounted package /data/apex/decompressed/com.android.extservices@360526003.decompressed.apex on /apex/com.android.extservices@360526003 duration=34
06-17 10:50:02.687   296   296 I EXT4-fs (dm-15): mounted filesystem 7d1522e1-9dfa-5edb-a43e-98e3a4d20250 ro without journal. Quota mode: none.
06-17 10:50:02.687   296   296 I apexd   : Successfully mounted package /data/apex/decompressed/com.android.media.swcodec@360526000.decompressed.apex on /apex/com.android.media.swcodec@360526000 duration=35
06-17 10:50:02.687   306   306 I EXT4-fs (dm-6): mounted filesystem 7d1522e1-9dfa-5edb-a43e-98e3a4d20250 ro without journal. Quota mode: none.
06-17 10:50:02.687   306   306 I apexd   : Successfully mounted package /data/apex/decompressed/com.android.scheduling@360526000.decompressed.apex on /apex/com.android.scheduling@360526000 duration=35
06-17 10:50:02.688   292   292 I EXT4-fs (dm-27): mounted filesystem 7d1522e1-9dfa-5edb-a43e-98e3a4d20250 ro without journal. Quota mode: none.
06-17 10:50:02.688   292   292 I apexd   : Successfully mounted package /data/apex/decompressed/com.android.nfcservices@360526020.decompressed.apex on /apex/com.android.nfcservices@360526020 duration=35
06-17 10:50:02.688   297   297 I EXT4-fs (dm-16): mounted filesystem 7d1522e1-9dfa-5edb-a43e-98e3a4d20250 ro without journal. Quota mode: none.
06-17 10:50:02.688   297   297 I apexd   : Successfully mounted package /data/apex/decompressed/com.android.permission@360526020.decompressed.apex on /apex/com.android.permission@360526020 duration=36
06-17 10:50:02.688   299   299 I EXT4-fs (dm-13): mounted filesystem 7d1522e1-9dfa-5edb-a43e-98e3a4d20250 ro without journal. Quota mode: none.
06-17 10:50:02.688   299   299 I apexd   : Successfully mounted package /data/apex/decompressed/com.android.ondevicepersonalization@360526000.decompressed.apex on /apex/com.android.ondevicepersonalization@360526000 duration=36
06-17 10:50:02.689   305   305 I device-mapper: verity: sha256 using shash "sha256-ce" (multibuffer)
06-17 10:50:02.689   304   304 I EXT4-fs (dm-49): mounted filesystem 7d1522e1-9dfa-5edb-a43e-98e3a4d20250 ro without journal. Quota mode: none.
06-17 10:50:02.689   304   304 I apexd   : Successfully mounted package /data/apex/decompressed/com.android.uprobestats@360526000.decompressed.apex on /apex/com.android.uprobestats@360526000 duration=37
06-17 10:50:02.689   291   291 I device-mapper: verity: sha256 using shash "sha256-ce" (multibuffer)
06-17 10:50:02.690   294   294 I EXT4-fs (dm-28): mounted filesystem 7d1522e1-9dfa-5edb-a43e-98e3a4d20250 ro without journal. Quota mode: none.
06-17 10:50:02.690   294   294 I apexd   : Successfully mounted package /data/apex/decompressed/com.android.cellbroadcast@360526020.decompressed.apex on /apex/com.android.cellbroadcast@360526020 duration=37
06-17 10:50:02.690   305   305 I EXT4-fs (dm-10): mounted filesystem 7d1522e1-9dfa-5edb-a43e-98e3a4d20250 ro without journal. Quota mode: none.
06-17 10:50:02.690   305   305 I apexd   : Successfully mounted package /data/apex/decompressed/com.android.healthfitness@360526040.decompressed.apex on /apex/com.android.healthfitness@360526040 duration=38
06-17 10:50:02.691   291   291 I EXT4-fs (dm-50): mounted filesystem 7d1522e1-9dfa-5edb-a43e-98e3a4d20250 ro without journal. Quota mode: none.
06-17 10:50:02.691   291   291 I apexd   : Successfully mounted package /data/apex/decompressed/com.android.adbd@360526000.decompressed.apex on /apex/com.android.adbd@360526000 duration=38
06-17 10:50:02.691   259   259 I apexd   : Activated 48 packages.
06-17 10:50:02.691   259   259 I apexd   : OnStart done, duration=101
06-17 10:50:02.691   259   259 I AidlLazyServiceRegistrar: Registering service apexservice
06-17 10:50:02.697   259   259 I SELinux : SELinux: Loaded file context from:
06-17 10:50:02.697   259   259 I SELinux : /system/etc/selinux/plat_file_contexts
06-17 10:50:02.697   259   259 I SELinux : /system_ext/etc/selinux/system_ext_file_contexts
06-17 10:50:02.697   259   259 I SELinux : /product/etc/selinux/product_file_contexts
06-17 10:50:02.697   259   259 I SELinux : /vendor/etc/selinux/vendor_file_contexts
06-17 10:50:02.697   259   259 I SELinux : /odm/etc/selinux/odm_file_contexts
06-17 10:50:02.697   259   259 I apexd   : Marking APEXd as activated
06-17 10:50:02.697    78    78 I init    : Wait for property 'apexd.status=activated' took 83ms
06-17 10:50:02.697   199   199 I servicemanager: Notifying apexservice they do (previously: don't) have clients when service is guaranteed to be in use
06-17 10:50:02.698   398   398 I apexd   : getActivePackages received by ApexService
06-17 10:50:02.699   399   399 I AidlLazyServiceRegistrar: Process has 1 (of 1 available) client(s) in use after notification apexservice has clients: 1
06-17 10:50:02.699   399   399 I AidlLazyServiceRegistrar: Shutdown prevented by forcePersist override flag.
06-17 10:50:02.699    78    78 I init    : Wait for property 'keystore.module_hash.sent=true' took 2ms
06-17 10:50:02.709     1     1 I init    : Parsing file /apex/com.android.adbd/etc/init.rc...
06-17 10:50:02.709     1     1 I init    : Parsing file /apex/com.android.art/etc/init.rc...
06-17 10:50:02.709     1     1 I init    : Parsing file /apex/com.android.configinfrastructure/etc/com.android.configinfrastrcture.init.rc...
06-17 10:50:02.710     1     1 I init    : Parsing file /apex/com.android.hardware.authsecret/etc/android.hardware.authsecret-service.example.rc...
06-17 10:50:02.710     1     1 I init    : Parsing file /apex/com.android.hardware.cas/etc/cas-default.rc...
06-17 10:50:02.710     1     1 I init    : Parsing file /apex/com.android.hardware.contexthub/etc/android.hardware.contexthub-service.example.rc...
06-17 10:50:02.710     1     1 I init    : Parsing file /apex/com.android.hardware.dumpstate/etc/dumpstate-default.rc...
06-17 10:50:02.710     1     1 I init    : Parsing file /apex/com.android.hardware.neuralnetworks/etc/android.hardware.neuralnetworks-service-sample-all.rc...
06-17 10:50:02.710     1     1 I init    : Parsing file /apex/com.android.hardware.neuralnetworks/etc/android.hardware.neuralnetworks-service-sample-limited.rc...
06-17 10:50:02.710     1     1 I init    : Parsing file /apex/com.android.hardware.neuralnetworks/etc/android.hardware.neuralnetworks-shim-service-sample.rc...
06-17 10:50:02.710     1     1 I init    : Parsing file /apex/com.android.hardware.power/etc/com.android.hardware.power.rc...
06-17 10:50:02.710     1     1 I init    : Parsing file /apex/com.android.hardware.rebootescrow/etc/rebootescrow-default.rc...
06-17 10:50:02.710     1     1 I init    : Parsing file /apex/com.android.hardware.thermal/etc/android.hardware.thermal.example.rc...
06-17 10:50:02.711     1     1 I init    : Parsing file /apex/com.android.hardware.threadnetwork/etc/threadnetwork-service-simulation-rcp.rc...
06-17 10:50:02.711     1     1 I init    : Parsing file /apex/com.android.hardware.uwb/etc/uwb-service.rc...
06-17 10:50:02.711     1     1 E init    : /apex/com.android.hardware.uwb/etc/uwb-service.rc: 1: ignored duplicate definition of service 'vendor.uwb_hal'
06-17 10:50:02.711     1     1 I init    : Parsing file /apex/com.android.hardware.vibrator/etc/com.android.hardware.vibrator.rc...
06-17 10:50:02.711     1     1 I init    : Parsing file /apex/com.android.media.swcodec/etc/mediaswcodec.32rc...
06-17 10:50:02.711     1     1 I init    : Parsing file /apex/com.android.media/etc/mediatranscoding.32rc...
06-17 10:50:02.711     1     1 I init    : Parsing file /apex/com.android.os.statsd/etc/init.rc...
06-17 10:50:02.711     1     1 I init    : Parsing file /apex/com.android.sdkext/etc/derive_classpath.rc...
06-17 10:50:02.712     1     1 I init    : Parsing file /apex/com.android.sdkext/etc/derive_sdk.rc...
06-17 10:50:02.712     1     1 I init    : Parsing file /apex/com.android.tethering/etc/netbpfload.35rc...
06-17 10:50:02.712     1     1 I init    : Parsing file /apex/com.android.tethering/etc/ot-daemon.34rc...
06-17 10:50:02.712     1     1 I init    : Parsing file /apex/com.android.uprobestats/etc/init.rc...
06-17 10:50:02.713     1     1 I init    : Parsing file /apex/com.android.wifi/etc/mainline_supplicant.rc...
06-17 10:50:02.713     1     1 I init    : Parsing file /apex/com.google.android.widevine/etc/com.google.android.widevine.rc...
06-17 10:50:02.727     1     1 I init    : linkerconfig generated /linkerconfig with mounted APEX modules info
06-17 10:50:02.727     1     1 I init    : starting service 'system_aconfigd_mainline_init'...
06-17 10:50:02.728     1     1 I init    : ... started service 'system_aconfigd_mainline_init' has pid 402
06-17 10:50:02.728     1     1 I init    : SVC_EXEC service 'system_aconfigd_mainline_init' pid 402 (uid 1000 gid 1000+0 context default) started; waiting...
06-17 10:50:02.733     1     1 I init    : Service 'system_aconfigd_mainline_init' (pid 402) exited with status 1 waiting took 0.004000 seconds
06-17 10:50:02.733     1     1 I init    : Sending signal 9 to service 'system_aconfigd_mainline_init' (pid 402) process group...
06-17 10:50:02.733     1     1 I libprocessgroup: Removed cgroup /sys/fs/cgroup/system/uid_1000/pid_402
06-17 10:50:02.733     1     1 I init    : starting service 'system_aconfigd_socket_service'...
06-17 10:50:02.733     1     1 I init    : Created socket '/dev/socket/aconfigd_system', mode 666, user 1000, group 1000
06-17 10:50:02.733     1     1 I init    : ... started service 'system_aconfigd_socket_service' has pid 403
06-17 10:50:02.734     1     1 I init    : starting service 'mainline_aconfigd_init'...
06-17 10:50:02.734     1     1 I init    : ... started service 'mainline_aconfigd_init' has pid 404
06-17 10:50:02.734     1     1 I init    : SVC_EXEC service 'mainline_aconfigd_init' pid 404 (uid 1000 gid 1000+0 context default) started; waiting...
06-17 10:50:02.738     1     1 I init    : Service 'system_aconfigd_socket_service' (pid 403) exited with status 0 oneshot service took 0.004000 seconds in background
06-17 10:50:02.738     1     1 I init    : Sending signal 9 to service 'system_aconfigd_socket_service' (pid 403) process group...
06-17 10:50:02.738     1     1 I libprocessgroup: Removed cgroup /sys/fs/cgroup/system/uid_1000/pid_403
06-17 10:50:02.814     1     1 I init    : Service 'mainline_aconfigd_init' (pid 404) exited with status 0 waiting took 0.080000 seconds
06-17 10:50:02.814     1     1 I init    : Sending signal 9 to service 'mainline_aconfigd_init' (pid 404) process group...
06-17 10:50:02.814     1     1 I libprocessgroup: Removed cgroup /sys/fs/cgroup/system/uid_1000/pid_404
06-17 10:50:02.815     1     1 I init    : starting service 'mainline_aconfigd_socket_service'...
06-17 10:50:02.815     1     1 I init    : Created socket '/dev/socket/aconfigd_mainline', mode 666, user 1000, group 1000
06-17 10:50:02.815     1     1 I init    : ... started service 'mainline_aconfigd_socket_service' has pid 405
06-17 10:50:02.816     1     1 I init    : starting service 'derive_sdk'...
06-17 10:50:02.816     1     1 I init    : ... started service 'derive_sdk' has pid 406
06-17 10:50:02.816     1     1 I init    : SVC_EXEC service 'derive_sdk' pid 406 (uid 9999 gid 9999+0 context default) started; waiting...
06-17 10:50:02.820     1     1 I init    : Service 'mainline_aconfigd_socket_service' (pid 405) exited with status 0 oneshot service took 0.005000 seconds in background
06-17 10:50:02.820     1     1 I init    : Sending signal 9 to service 'mainline_aconfigd_socket_service' (pid 405) process group...
06-17 10:50:02.820     1     1 I libprocessgroup: Removed cgroup /sys/fs/cgroup/system/uid_1000/pid_405
06-17 10:50:02.823     1     1 I init    : Service 'derive_sdk' (pid 406) exited with status 0 waiting took 0.007000 seconds
06-17 10:50:02.823     1     1 I init    : Sending signal 9 to service 'derive_sdk' (pid 406) process group...
06-17 10:50:02.823     1     1 I libprocessgroup: Removed cgroup /sys/fs/cgroup/system/uid_9999/pid_406
06-17 10:50:02.824     1     1 I init    : starting service 'exec 9 (/system/bin/vdc --wait cryptfs init_user0)'...
06-17 10:50:02.824     1     1 I init    : ... started service 'exec 9 (/system/bin/vdc --wait cryptfs init_user0)' has pid 407
06-17 10:50:02.824     1     1 I init    : SVC_EXEC service 'exec 9 (/system/bin/vdc --wait cryptfs init_user0)' pid 407 (uid 0 gid 0+0 context default) started; waiting...
06-17 10:50:02.827   407   407 W vdc     : Thread Pool max thread count is 0. Cannot cache binder as linkToDeath cannot be implemented. serviceName: vold
06-17 10:50:02.827   407   407 D vdc     : Waited 0ms for vold
06-17 10:50:02.842     1     1 I init    : Service 'exec 9 (/system/bin/vdc --wait cryptfs init_user0)' (pid 407) exited with status 0 waiting took 0.018000 seconds
06-17 10:50:02.842     1     1 I init    : Sending signal 9 to service 'exec 9 (/system/bin/vdc --wait cryptfs init_user0)' (pid 407) process group...
06-17 10:50:02.842     1     1 I libprocessgroup: Removed cgroup /sys/fs/cgroup/system/uid_0/pid_407
06-17 10:50:02.842     1     1 I selinux : SELinux: Skipping restorecon on directory(/data)
06-17 10:50:02.842     1     1 I init    : starting service 'derive_classpath'...
06-17 10:50:02.843     1     1 I init    : ... started service 'derive_classpath' has pid 409
06-17 10:50:02.843     1     1 I init    : SVC_EXEC service 'derive_classpath' pid 409 (uid 1000 gid 1000+1 context default) started; waiting...
06-17 10:50:02.860     1     1 I init    : Service 'derive_classpath' (pid 409) exited with status 0 waiting took 0.017000 seconds
06-17 10:50:02.860     1     1 I init    : Sending signal 9 to service 'derive_classpath' (pid 409) process group...
06-17 10:50:02.860     1     1 I libprocessgroup: Removed cgroup /sys/fs/cgroup/system/uid_1000/pid_409
06-17 10:50:02.860     1     1 I init    : starting service 'art_boot'...
06-17 10:50:02.861     1     1 I init    : ... started service 'art_boot' has pid 410
06-17 10:50:02.861     1     1 I init    : SVC_EXEC service 'art_boot' pid 410 (uid 0 gid 0+0 context default) started; waiting...
06-17 10:50:02.871     1     1 I init    : Service 'art_boot' (pid 410) exited with status 0 waiting took 0.010000 seconds
06-17 10:50:02.871     1     1 I init    : Sending signal 9 to service 'art_boot' (pid 410) process group...
06-17 10:50:02.871     1     1 I libprocessgroup: Removed cgroup /sys/fs/cgroup/system/uid_0/pid_410
06-17 10:50:02.871     1     1 I init    : starting service 'odsign'...
06-17 10:50:02.872     1     1 I init    : ... started service 'odsign' has pid 411
06-17 10:50:02.923   412   412 I fs-verity: sha256 using implementation "sha256-ce" (multibuffer)
06-17 10:50:02.982    78    78 I init    : Wait for property 'odsign.key.done=1' took 110ms
06-17 10:50:02.982     1     1 I init    : starting service 'apexd-snapshotde'...
06-17 10:50:02.983     1     1 I init    : ... started service 'apexd-snapshotde' has pid 413
06-17 10:50:02.983     1     1 I init    : SVC_EXEC service 'apexd-snapshotde' pid 413 (uid 0 gid 1000+0 context default) started; waiting...
06-17 10:50:02.983     1     1 I init    : Sending signal 9 to service 'odsign' (pid 411) process group...
06-17 10:50:02.987     1     1 I libprocessgroup: Removed cgroup /sys/fs/cgroup/system/uid_0/pid_411
06-17 10:50:02.988     1     1 I init    : Control message: Processed ctl.stop for 'odsign' from pid: 411 (/system/bin/odsign)
06-17 10:50:02.988     1     1 I init    : Service 'odsign' (pid 411) received signal 9
06-17 10:50:02.988     1     1 I init    : Sending signal 9 to service 'odsign' (pid 411) process group...
06-17 10:50:02.988     1     1 E libprocessgroup: Failed to write 1 to /sys/fs/cgroup/system/uid_0/pid_411/cgroup.kill: No such file or directory
06-17 10:50:02.988     1     1 E libprocessgroup: Failed to open /sys/fs/cgroup/system/uid_0/pid_411/cgroup.procs: No such file or directory
06-17 10:50:02.988   413   413 I apexd   : Started. subcommand = --snapshotde
06-17 10:50:02.989   413   413 W apexd-snapshotde: Thread Pool max thread count is 0. Cannot cache binder as linkToDeath cannot be implemented. serviceName: vold
06-17 10:50:02.989   413   413 I apexd-snapshotde: Marking APEXd as ready
06-17 10:50:02.989     1     1 I init    : Service 'apexd-snapshotde' (pid 413) exited with status 0 waiting took 0.006000 seconds
06-17 10:50:02.989     1     1 I init    : Sending signal 9 to service 'apexd-snapshotde' (pid 413) process group...
06-17 10:50:02.989     1     1 I libprocessgroup: Removed cgroup /sys/fs/cgroup/system/uid_0/pid_413
06-17 10:50:02.990     1     1 I init    : processing action (post-fs-data) from (/system/etc/init/hw/init.usb.rc:6)
06-17 10:50:02.991     1     1 I init    : Verified that /data/adb has the encryption policy 682392fda0d0848a9c06fcfd3a23dda2 v2 modes 1/4 flags 0x2
06-17 10:50:02.991     1     1 I init    : processing action (post-fs-data) from (/vendor/etc/init/hw/init.ranchu.rc:69)
06-17 10:50:02.991     1     1 I init    : starting service 'qemu-device-state'...
06-17 10:50:02.992     1     1 I init    : ... started service 'qemu-device-state' has pid 414
06-17 10:50:02.992     1     1 I init    : starting service 'ranchu-adb-setup'...
06-17 10:50:02.993     1     1 I init    : ... started service 'ranchu-adb-setup' has pid 415
06-17 10:50:02.993     1     1 I init    : processing action (ro.boot.qemu.virtiowifi=1 && post-fs-data) from (/vendor/etc/init/hw/init.ranchu.rc:121)
06-17 10:50:02.993     1     1 I init    : starting service 'ranchu-net'...
06-17 10:50:02.993     1     1 I init    : ... started service 'ranchu-net' has pid 416
06-17 10:50:02.993     1     1 I init    : processing action (post-fs-data) from (/system/etc/init/bootstat.rc:9)
06-17 10:50:02.997     1     1 I init    : processing action (ro.boot.dynamic_partitions=true && ro.debuggable=1 && post-fs-data) from (/system/etc/init/clean_scratch_files.rc:1)
06-17 10:50:02.997     1     1 I init    : starting service 'exec 10 (/system/bin/clean_scratch_files)'...
06-17 10:50:02.998     1     1 I init    : ... started service 'exec 10 (/system/bin/clean_scratch_files)' has pid 419
06-17 10:50:02.998     1     1 I init    : processing action (post-fs-data) from (/system/etc/init/gsid.rc:17)
06-17 10:50:02.998     1     1 I init    : Not setting encryption policy on: /data/gsi
06-17 10:50:02.998   415   415 W /system_ext/bin/init.ranchu.adb.setup.sh: '/data/misc/adb/adb_keys' already exists, skipping
06-17 10:50:02.998     1     1 I init    : processing action (post-fs-data) from (/system/etc/init/incidentd.rc:21)
06-17 10:50:02.998     1     1 I init    : Service 'ranchu-adb-setup' (pid 415) exited with status 0 oneshot service took 0.005000 seconds in background
06-17 10:50:02.998     1     1 I init    : Sending signal 9 to service 'ranchu-adb-setup' (pid 415) process group...
06-17 10:50:02.998     1     1 I libprocessgroup: Removed cgroup /sys/fs/cgroup/system/uid_1000/pid_415
06-17 10:50:02.998     1     1 I init    : processing action (post-fs-data) from (/system/etc/init/logtagd.rc:4)
06-17 10:50:02.998     1     1 I init    : processing action (post-fs-data) from (/system/etc/init/otapreopt.rc:3)
06-17 10:50:02.999     1     1 I init    : starting service 'exec 11 (/system/bin/otapreopt_slot)'...
06-17 10:50:02.999     1     1 I init    : ... started service 'exec 11 (/system/bin/otapreopt_slot)' has pid 420
06-17 10:50:02.999     1     1 I init    : SVC_EXEC service 'exec 11 (/system/bin/otapreopt_slot)' pid 420 (uid 0 gid 0+0 context default) started; waiting...
06-17 10:50:02.999     1     1 I init    : Service 'qemu-device-state' (pid 414) exited with status 0 oneshot service took 0.007000 seconds in background
06-17 10:50:02.999     1     1 I init    : Sending signal 9 to service 'qemu-device-state' (pid 414) process group...
06-17 10:50:02.999     1     1 I libprocessgroup: Removed cgroup /sys/fs/cgroup/system/uid_0/pid_414
06-17 10:50:03.008     1     1 I init    : Service 'exec 10 (/system/bin/clean_scratch_files)' (pid 419) exited with status 0 oneshot service took 0.010000 seconds in background
06-17 10:50:03.008     1     1 I init    : Sending signal 9 to service 'exec 10 (/system/bin/clean_scratch_files)' (pid 419) process group...
06-17 10:50:03.008     1     1 I libprocessgroup: Removed cgroup /sys/fs/cgroup/system/uid_0/pid_419
06-17 10:50:03.008   423   423 D ieee80211 phy1: Selected rate control algorithm 'minstrel_ht'
06-17 10:50:03.009     1     1 I init    : Service 'exec 11 (/system/bin/otapreopt_slot)' (pid 420) exited with status 1 waiting took 0.010000 seconds
06-17 10:50:03.009     1     1 I init    : Sending signal 9 to service 'exec 11 (/system/bin/otapreopt_slot)' (pid 420) process group...
06-17 10:50:03.009     1     1 I libprocessgroup: Removed cgroup /sys/fs/cgroup/system/uid_0/pid_420
06-17 10:50:03.009     1     1 E selinux : SELinux:  Could not stat /data/dalvik-cache/arm: No such file or directory.
06-17 10:50:03.009     1     1 I selinux : SELinux: Skipping restorecon on directory(/data/dalvik-cache/arm64)
06-17 10:50:03.009     1     1 E selinux : SELinux:  Could not stat /data/dalvik-cache/riscv64: No such file or directory.
06-17 10:50:03.009     1     1 E selinux : SELinux:  Could not stat /data/dalvik-cache/x86: No such file or directory.
06-17 10:50:03.009     1     1 E selinux : SELinux:  Could not stat /data/dalvik-cache/x86_64: No such file or directory.
06-17 10:50:03.009     1     1 I init    : processing action (post-fs-data) from (/system/etc/init/perfetto.rc:103)
06-17 10:50:03.011     1     1 I init    : Command 'rm /data/misc/perfetto-traces/.guardraildata' action=post-fs-data (/system/etc/init/perfetto.rc:104) took 1ms and failed: unlink() failed: No such file or directory
06-17 10:50:03.011     1     1 I init    : processing action (post-fs-data) from (/system/etc/init/profcollectd.rc:9)
06-17 10:50:03.012     1     1 I init    : Service 'ranchu-net' (pid 416) exited with status 0 oneshot service took 0.018000 seconds in background
06-17 10:50:03.012     1     1 I init    : Sending signal 9 to service 'ranchu-net' (pid 416) process group...
06-17 10:50:03.012     1     1 I libprocessgroup: Removed cgroup /sys/fs/cgroup/system/uid_0/pid_416
06-17 10:50:03.012     1     1 I init    : processing action (post-fs-data) from (/system/etc/init/recovery-persist.rc:1)
06-17 10:50:03.012     1     1 I init    : starting service 'exec 12 (/system/bin/recovery-persist)'...
06-17 10:50:03.012     1     1 I init    : ... started service 'exec 12 (/system/bin/recovery-persist)' has pid 426
06-17 10:50:03.012     1     1 I init    : processing action (post-fs-data) from (/system/etc/init/wifi.rc:18)
06-17 10:50:03.012     1     1 I selinux : SELinux: Skipping restorecon on directory(/data/misc/apexdata/com.android.wifi)
06-17 10:50:03.012     1     1 I init    : processing action (post-fs-data) from (/system_ext/etc/init/init.system_ext.radio.rc:1)
06-17 10:50:03.013     1     1 I init    : processing action (post-fs-data) from (/vendor/etc/init/hostapd.android.rc:9)
06-17 10:50:03.014     1     1 I init    : processing action (load-bpf-programs) from (/system/etc/init/hw/init.rc:1080)
06-17 10:50:03.014     1     1 I init    : starting service 'bpfloader'...
06-17 10:50:03.015     1     1 I init    : ... started service 'bpfloader' has pid 427
06-17 10:50:03.015     1     1 I init    : SVC_EXEC service 'bpfloader' pid 427 (uid 0 gid 0+7 context default) started; waiting...
06-17 10:50:03.015     1     1 I init    : Service 'exec 12 (/system/bin/recovery-persist)' (pid 426) exited with status 0 oneshot service took 0.003000 seconds in background
06-17 10:50:03.015     1     1 I init    : Sending signal 9 to service 'exec 12 (/system/bin/recovery-persist)' (pid 426) process group...
06-17 10:50:03.015     1     1 I libprocessgroup: Removed cgroup /sys/fs/cgroup/system/uid_1000/pid_426
06-17 10:50:03.026   427   427 I NetBpfLoad: NetBpfLoad v0.47 (/apex/com.android.tethering/bin/netbpfload) api:36/36 kver:6060042 (64-on-aarch64) libbpf: v1.4 uid:0 rc:01
06-17 10:50:03.026   427   427 I NetBpfLoad: Tethering APEX version 360526040
06-17 10:50:03.026   427   427 I NetBpfLoad: detected 5 of 5: 2025Q2 api:36.0.0
06-17 10:50:03.027   427   427 D NetBpfLoad: Loading ELF object /apex/com.android.tethering/etc/bpf/tethering/test.o with license Apache 2.0
06-17 10:50:03.027   427   427 D NetBpfLoad: Section bpfloader_min_ver value is 42 [0x2a]
06-17 10:50:03.027   427   427 D NetBpfLoad: Section bpfloader_max_ver value is 65536 [0x10000]
06-17 10:50:03.027   427   427 D NetBpfLoad: BpfLoader version 0x0002f processing ELF object /apex/com.android.tethering/etc/bpf/tethering/test.o with ver [0x0002a,0x10000)
06-17 10:50:03.028   427   427 D NetBpfLoad: bpf_create_map[tether_downstream6_map] btf:1 -> 6
06-17 10:50:03.028   427   427 I NetBpfLoad: map /sys/fs/bpf/tethering/map_test_tether_downstream6_map id 1
06-17 10:50:03.028   427   427 D NetBpfLoad: bpf_create_map[tether2_downstream6_map] btf:1 -> 7
06-17 10:50:03.028   427   427 I NetBpfLoad: map /sys/fs/bpf/tethering/map_test_tether2_downstream6_map id 2
06-17 10:50:03.028   427   427 D NetBpfLoad: bpf_create_map[tether3_downstream6_map] btf:1 -> 8
06-17 10:50:03.028   427   427 I NetBpfLoad: map /sys/fs/bpf/tethering/map_test_tether3_downstream6_map id 3
06-17 10:50:03.028   427   427 D NetBpfLoad: bpf_create_map[bitmap] btf:1 -> 9
06-17 10:50:03.028   427   427 I NetBpfLoad: map /sys/fs/bpf/tethering/map_test_bitmap id 4
06-17 10:50:03.028   427   427 D NetBpfLoad: cs[0].name:skfilter_match min_kver:ffffffff .max_kver:ffffffff (kvers:6060042)
06-17 10:50:03.028   427   427 D NetBpfLoad: Loaded object: /apex/com.android.tethering/etc/bpf/tethering/test.o
06-17 10:50:03.029   427   427 D NetBpfLoad: Loading ELF object /apex/com.android.tethering/etc/bpf/tethering/offload.o with license Apache 2.0
06-17 10:50:03.029   427   427 D NetBpfLoad: Section bpfloader_min_ver value is 42 [0x2a]
06-17 10:50:03.029   427   427 D NetBpfLoad: Section bpfloader_max_ver value is 65536 [0x10000]
06-17 10:50:03.029   427   427 D NetBpfLoad: BpfLoader version 0x0002f processing ELF object /apex/com.android.tethering/etc/bpf/tethering/offload.o with ver [0x0002a,0x10000)
06-17 10:50:03.048   427   427 D NetBpfLoad: bpf_create_map[tether_error_map] btf:1 -> 7
06-17 10:50:03.048   427   427 I NetBpfLoad: map /sys/fs/bpf/tethering/map_offload_tether_error_map id 5
06-17 10:50:03.048   427   427 D NetBpfLoad: bpf_create_map[tether_stats_map] btf:1 -> 8
06-17 10:50:03.048   427   427 I NetBpfLoad: map /sys/fs/bpf/tethering/map_offload_tether_stats_map id 6
06-17 10:50:03.048   427   427 D NetBpfLoad: bpf_create_map[tether_limit_map] btf:1 -> 9
06-17 10:50:03.048   427   427 I NetBpfLoad: map /sys/fs/bpf/tethering/map_offload_tether_limit_map id 7
06-17 10:50:03.048   427   427 D NetBpfLoad: bpf_create_map[tether_downstream6_map] btf:1 -> 10
06-17 10:50:03.048   427   427 I NetBpfLoad: map /sys/fs/bpf/tethering/map_offload_tether_downstream6_map id 8
06-17 10:50:03.049   427   427 D NetBpfLoad: bpf_create_map[tether_downstream64_map] btf:1 -> 11
06-17 10:50:03.049   427   427 I NetBpfLoad: map /sys/fs/bpf/tethering/map_offload_tether_downstream64_map id 9
06-17 10:50:03.049   427   427 D NetBpfLoad: bpf_create_map[tether_upstream6_map] btf:1 -> 12
06-17 10:50:03.049   427   427 I NetBpfLoad: map /sys/fs/bpf/tethering/map_offload_tether_upstream6_map id 10
06-17 10:50:03.049   427   427 D NetBpfLoad: bpf_create_map[tether_downstream4_map] btf:1 -> 13
06-17 10:50:03.049   427   427 I NetBpfLoad: map /sys/fs/bpf/tethering/map_offload_tether_downstream4_map id 11
06-17 10:50:03.049   427   427 D NetBpfLoad: bpf_create_map[tether_upstream4_map] btf:1 -> 14
06-17 10:50:03.049   427   427 I NetBpfLoad: map /sys/fs/bpf/tethering/map_offload_tether_upstream4_map id 12
06-17 10:50:03.049   427   427 D NetBpfLoad: bpf_create_map[tether_dev_map] btf:0 -> 15
06-17 10:50:03.049   427   427 I NetBpfLoad: map /sys/fs/bpf/tethering/map_offload_tether_dev_map id 13
06-17 10:50:03.056   427   427 D NetBpfLoad: cs[0].name:schedcls_tether_downstream6_ether min_kver:0 .max_kver:ffffffff (kvers:6060042)
06-17 10:50:03.056   427   427 D NetBpfLoad: cs[0].name:schedcls_tether_downstream6_ether requires bpfloader version [0x0002a,0x10000)
06-17 10:50:03.057   427   427 D NetBpfLoad: BPF_PROG_LOAD call for /apex/com.android.tethering/etc/bpf/tethering/offload.o (schedcls_tether_downstream6_ether) returned 'processed 612 insns (limit 1000000) max_states_per_insn 1 total_states 32 peak_states 32 mark_read 5' fd: 16 (ok)
06-17 10:50:03.057   427   427 I NetBpfLoad: prog /sys/fs/bpf/tethering/prog_offload_schedcls_tether_downstream6_ether id 2 len jit:1944 xlat:2928
06-17 10:50:03.057   427   427 D NetBpfLoad: cs[1].name:schedcls_tether_upstream6_ether min_kver:0 .max_kver:ffffffff (kvers:6060042)
06-17 10:50:03.057   427   427 D NetBpfLoad: cs[1].name:schedcls_tether_upstream6_ether requires bpfloader version [0x0002a,0x10000)
06-17 10:50:03.058   427   427 D NetBpfLoad: BPF_PROG_LOAD call for /apex/com.android.tethering/etc/bpf/tethering/offload.o (schedcls_tether_upstream6_ether) returned 'processed 598 insns (limit 1000000) max_states_per_insn 1 total_states 36 peak_states 36 mark_read 7' fd: 17 (ok)
06-17 10:50:03.058   427   427 I NetBpfLoad: prog /sys/fs/bpf/tethering/prog_offload_schedcls_tether_upstream6_ether id 3 len jit:2024 xlat:3040
06-17 10:50:03.058   427   427 D NetBpfLoad: cs[2].name:schedcls_tether_downstream6_rawip$4_14 min_kver:40e0000 .max_kver:ffffffff (kvers:6060042)
06-17 10:50:03.058   427   427 D NetBpfLoad: cs[2].name:schedcls_tether_downstream6_rawip$4_14 requires bpfloader version [0x0002a,0x10000)
06-17 10:50:03.058   427   427 D NetBpfLoad: BPF_PROG_LOAD call for /apex/com.android.tethering/etc/bpf/tethering/offload.o (schedcls_tether_downstream6_rawip$4_14) returned 'processed 420 insns (limit 1000000) max_states_per_insn 1 total_states 30 peak_states 30 mark_read 4' fd: 18 (ok)
06-17 10:50:03.058   427   427 I NetBpfLoad: prog /sys/fs/bpf/tethering/prog_offload_schedcls_tether_downstream6_rawip id 4 len jit:2056 xlat:3056
06-17 10:50:03.058   427   427 D NetBpfLoad: cs[3].name:schedcls_tether_upstream6_rawip$4_14 min_kver:40e0000 .max_kver:ffffffff (kvers:6060042)
06-17 10:50:03.058   427   427 D NetBpfLoad: cs[3].name:schedcls_tether_upstream6_rawip$4_14 requires bpfloader version [0x0002a,0x10000)
06-17 10:50:03.059   427   427 D NetBpfLoad: BPF_PROG_LOAD call for /apex/com.android.tethering/etc/bpf/tethering/offload.o (schedcls_tether_upstream6_rawip$4_14) returned 'processed 450 insns (limit 1000000) max_states_per_insn 1 total_states 33 peak_states 33 mark_read 5' fd: 19 (ok)
06-17 10:50:03.059   427   427 I NetBpfLoad: prog /sys/fs/bpf/tethering/prog_offload_schedcls_tether_upstream6_rawip id 5 len jit:2152 xlat:3192
06-17 10:50:03.059   427   427 D NetBpfLoad: cs[4].name:schedcls_tether_downstream6_rawip$stub min_kver:0 .max_kver:40e0000 (kvers:6060042)
06-17 10:50:03.059   427   427 D NetBpfLoad: cs[5].name:schedcls_tether_upstream6_rawip$stub min_kver:0 .max_kver:40e0000 (kvers:6060042)
06-17 10:50:03.059   427   427 D NetBpfLoad: cs[6].name:schedcls_tether_downstream4_rawip$5_8 min_kver:50a0000 .max_kver:ffffffff (kvers:6060042)
06-17 10:50:03.059   427   427 D NetBpfLoad: cs[6].name:schedcls_tether_downstream4_rawip$5_8 requires bpfloader version [0x0002a,0x10000)
06-17 10:50:03.060   427   427 D NetBpfLoad: BPF_PROG_LOAD call for /apex/com.android.tethering/etc/bpf/tethering/offload.o (schedcls_tether_downstream4_rawip$5_8) returned 'processed 877 insns (limit 1000000) max_states_per_insn 0 total_states 62 peak_states 62 mark_read 9' fd: 20 (ok)
06-17 10:50:03.060   427   427 I NetBpfLoad: prog /sys/fs/bpf/tethering/prog_offload_schedcls_tether_downstream4_rawip id 6 len jit:4688 xlat:7000
06-17 10:50:03.060   427   427 D NetBpfLoad: cs[7].name:schedcls_tether_upstream4_rawip$5_8 min_kver:50a0000 .max_kver:ffffffff (kvers:6060042)
06-17 10:50:03.060   427   427 D NetBpfLoad: cs[7].name:schedcls_tether_upstream4_rawip$5_8 requires bpfloader version [0x0002a,0x10000)
06-17 10:50:03.061   427   427 D NetBpfLoad: BPF_PROG_LOAD call for /apex/com.android.tethering/etc/bpf/tethering/offload.o (schedcls_tether_upstream4_rawip$5_8) returned 'processed 877 insns (limit 1000000) max_states_per_insn 0 total_states 62 peak_states 62 mark_read 9' fd: 21 (ok)
06-17 10:50:03.061   427   427 I NetBpfLoad: prog /sys/fs/bpf/tethering/prog_offload_schedcls_tether_upstream4_rawip id 7 len jit:4688 xlat:6984
06-17 10:50:03.061   427   427 D NetBpfLoad: cs[8].name:schedcls_tether_downstream4_ether$5_8 min_kver:50a0000 .max_kver:ffffffff (kvers:6060042)
06-17 10:50:03.061   427   427 D NetBpfLoad: cs[8].name:schedcls_tether_downstream4_ether$5_8 requires bpfloader version [0x0002a,0x10000)
06-17 10:50:03.062   427   427 D NetBpfLoad: BPF_PROG_LOAD call for /apex/com.android.tethering/etc/bpf/tethering/offload.o (schedcls_tether_downstream4_ether$5_8) returned 'processed 879 insns (limit 1000000) max_states_per_insn 0 total_states 53 peak_states 53 mark_read 7' fd: 22 (ok)
06-17 10:50:03.063   427   427 I NetBpfLoad: prog /sys/fs/bpf/tethering/prog_offload_schedcls_tether_downstream4_ether id 8 len jit:4368 xlat:6568
06-17 10:50:03.063   427   427 D NetBpfLoad: cs[9].name:schedcls_tether_upstream4_ether$5_8 min_kver:50a0000 .max_kver:ffffffff (kvers:6060042)
06-17 10:50:03.063   427   427 D NetBpfLoad: cs[9].name:schedcls_tether_upstream4_ether$5_8 requires bpfloader version [0x0002a,0x10000)
06-17 10:50:03.064   427   427 D NetBpfLoad: BPF_PROG_LOAD call for /apex/com.android.tethering/etc/bpf/tethering/offload.o (schedcls_tether_upstream4_ether$5_8) returned 'processed 879 insns (limit 1000000) max_states_per_insn 0 total_states 53 peak_states 53 mark_read 7' fd: 23 (ok)
06-17 10:50:03.064   427   427 I NetBpfLoad: prog /sys/fs/bpf/tethering/prog_offload_schedcls_tether_upstream4_ether id 9 len jit:4368 xlat:6552
06-17 10:50:03.064   427   427 D NetBpfLoad: cs[10].name:schedcls_tether_downstream4_rawip$opt min_kver:40e0000 .max_kver:50a0000 (kvers:6060042)
06-17 10:50:03.064   427   427 D NetBpfLoad: cs[11].name:schedcls_tether_upstream4_rawip$opt min_kver:40e0000 .max_kver:50a0000 (kvers:6060042)
06-17 10:50:03.064   427   427 D NetBpfLoad: cs[12].name:schedcls_tether_downstream4_ether$opt min_kver:40e0000 .max_kver:50a0000 (kvers:6060042)
06-17 10:50:03.064   427   427 D NetBpfLoad: cs[13].name:schedcls_tether_upstream4_ether$opt min_kver:40e0000 .max_kver:50a0000 (kvers:6060042)
06-17 10:50:03.064   427   427 D NetBpfLoad: cs[14].name:schedcls_tether_downstream4_rawip$5_4 min_kver:5040000 .max_kver:50a0000 (kvers:6060042)
06-17 10:50:03.064   427   427 D NetBpfLoad: cs[15].name:schedcls_tether_upstream4_rawip$5_4 min_kver:5040000 .max_kver:50a0000 (kvers:6060042)
06-17 10:50:03.064   427   427 D NetBpfLoad: cs[16].name:schedcls_tether_downstream4_rawip$4_14 min_kver:40e0000 .max_kver:5040000 (kvers:6060042)
06-17 10:50:03.064   427   427 D NetBpfLoad: cs[17].name:schedcls_tether_upstream4_rawip$4_14 min_kver:40e0000 .max_kver:5040000 (kvers:6060042)
06-17 10:50:03.064   427   427 D NetBpfLoad: cs[18].name:schedcls_tether_downstream4_ether$4_14 min_kver:40e0000 .max_kver:50a0000 (kvers:6060042)
06-17 10:50:03.064   427   427 D NetBpfLoad: cs[19].name:schedcls_tether_upstream4_ether$4_14 min_kver:40e0000 .max_kver:50a0000 (kvers:6060042)
06-17 10:50:03.064   427   427 D NetBpfLoad: cs[20].name:schedcls_tether_downstream4_rawip$stub min_kver:0 .max_kver:5040000 (kvers:6060042)
06-17 10:50:03.064   427   427 D NetBpfLoad: cs[21].name:schedcls_tether_upstream4_rawip$stub min_kver:0 .max_kver:5040000 (kvers:6060042)
06-17 10:50:03.064   427   427 D NetBpfLoad: cs[22].name:schedcls_tether_downstream4_ether$stub min_kver:0 .max_kver:40e0000 (kvers:6060042)
06-17 10:50:03.064   427   427 D NetBpfLoad: cs[23].name:schedcls_tether_upstream4_ether$stub min_kver:0 .max_kver:40e0000 (kvers:6060042)
06-17 10:50:03.064   427   427 D NetBpfLoad: cs[24].name:xdp_tether_downstream_ether min_kver:50a0000 .max_kver:ffffffff (kvers:6060042)
06-17 10:50:03.064   427   427 D NetBpfLoad: cs[24].name:xdp_tether_downstream_ether requires bpfloader version [0x0002a,0x10000)
06-17 10:50:03.064   427   427 D NetBpfLoad: BPF_PROG_LOAD call for /apex/com.android.tethering/etc/bpf/tethering/offload.o (xdp_tether_downstream_ether) returned 'processed 2 insns (limit 1000000) max_states_per_insn 0 total_states 0 peak_states 0 mark_read 0' fd: 24 (ok)
06-17 10:50:03.064   427   427 I NetBpfLoad: prog /sys/fs/bpf/tethering/prog_offload_xdp_tether_downstream_ether id 10 len jit:104 xlat:16
06-17 10:50:03.064   427   427 D NetBpfLoad: cs[25].name:xdp_tether_downstream_rawip min_kver:50a0000 .max_kver:ffffffff (kvers:6060042)
06-17 10:50:03.064   427   427 D NetBpfLoad: cs[25].name:xdp_tether_downstream_rawip requires bpfloader version [0x0002a,0x10000)
06-17 10:50:03.064   427   427 D NetBpfLoad: BPF_PROG_LOAD call for /apex/com.android.tethering/etc/bpf/tethering/offload.o (xdp_tether_downstream_rawip) returned 'processed 2 insns (limit 1000000) max_states_per_insn 0 total_states 0 peak_states 0 mark_read 0' fd: 25 (ok)
06-17 10:50:03.064   427   427 I NetBpfLoad: prog /sys/fs/bpf/tethering/prog_offload_xdp_tether_downstream_rawip id 11 len jit:104 xlat:16
06-17 10:50:03.064   427   427 D NetBpfLoad: cs[26].name:xdp_tether_upstream_ether min_kver:50a0000 .max_kver:ffffffff (kvers:6060042)
06-17 10:50:03.064   427   427 D NetBpfLoad: cs[26].name:xdp_tether_upstream_ether requires bpfloader version [0x0002a,0x10000)
06-17 10:50:03.064   427   427 D NetBpfLoad: BPF_PROG_LOAD call for /apex/com.android.tethering/etc/bpf/tethering/offload.o (xdp_tether_upstream_ether) returned 'processed 2 insns (limit 1000000) max_states_per_insn 0 total_states 0 peak_states 0 mark_read 0' fd: 27 (ok)
06-17 10:50:03.064   427   427 I NetBpfLoad: prog /sys/fs/bpf/tethering/prog_offload_xdp_tether_upstream_ether id 12 len jit:104 xlat:16
06-17 10:50:03.064   427   427 D NetBpfLoad: cs[27].name:xdp_tether_upstream_rawip min_kver:50a0000 .max_kver:ffffffff (kvers:6060042)
06-17 10:50:03.064   427   427 D NetBpfLoad: cs[27].name:xdp_tether_upstream_rawip requires bpfloader version [0x0002a,0x10000)
06-17 10:50:03.064   427   427 D NetBpfLoad: BPF_PROG_LOAD call for /apex/com.android.tethering/etc/bpf/tethering/offload.o (xdp_tether_upstream_rawip) returned 'processed 2 insns (limit 1000000) max_states_per_insn 0 total_states 0 peak_states 0 mark_read 0' fd: 28 (ok)
06-17 10:50:03.064   427   427 I NetBpfLoad: prog /sys/fs/bpf/tethering/prog_offload_xdp_tether_upstream_rawip id 13 len jit:104 xlat:16
06-17 10:50:03.064   427   427 D NetBpfLoad: Loaded object: /apex/com.android.tethering/etc/bpf/tethering/offload.o
06-17 10:50:03.065   427   427 D NetBpfLoad: Loading ELF object /apex/com.android.tethering/etc/bpf/netd_shared/netd.o with license Apache 2.0
06-17 10:50:03.065   427   427 D NetBpfLoad: Section bpfloader_min_ver value is 43 [0x2b]
06-17 10:50:03.065   427   427 D NetBpfLoad: Section bpfloader_max_ver value is 65536 [0x10000]
06-17 10:50:03.065   427   427 D NetBpfLoad: BpfLoader version 0x0002f processing ELF object /apex/com.android.tethering/etc/bpf/netd_shared/netd.o with ver [0x0002b,0x10000)
06-17 10:50:03.093   427   427 D NetBpfLoad: bpf_create_map[configuration_map] btf:1 -> 8
06-17 10:50:03.093   427   427 I NetBpfLoad: map /sys/fs/bpf/netd_shared/map_netd_configuration_map id 14
06-17 10:50:03.093   427   427 D NetBpfLoad: bpf_create_map[blocked_ports_map] btf:1 -> 9
06-17 10:50:03.093   427   427 I NetBpfLoad: map /sys/fs/bpf/netd_shared/map_netd_blocked_ports_map id 15
06-17 10:50:03.093   427   427 D NetBpfLoad: bpf_create_map[cookie_tag_map] btf:1 -> 10
06-17 10:50:03.093   427   427 I NetBpfLoad: map /sys/fs/bpf/netd_shared/map_netd_cookie_tag_map id 16
06-17 10:50:03.093   427   427 D NetBpfLoad: bpf_create_map[uid_counterset_map] btf:1 -> 11
06-17 10:50:03.093   427   427 I NetBpfLoad: map /sys/fs/bpf/netd_shared/map_netd_uid_counterset_map id 17
06-17 10:50:03.093   427   427 D NetBpfLoad: bpf_create_map[app_uid_stats_map] btf:1 -> 12
06-17 10:50:03.093   427   427 I NetBpfLoad: map /sys/fs/bpf/netd_shared/map_netd_app_uid_stats_map id 18
06-17 10:50:03.093   427   427 D NetBpfLoad: bpf_create_map[stats_map_A] btf:1 -> 13
06-17 10:50:03.093   427   427 I NetBpfLoad: map /sys/fs/bpf/netd_shared/map_netd_stats_map_A id 19
06-17 10:50:03.093   427   427 D NetBpfLoad: bpf_create_map[stats_map_B] btf:1 -> 14
06-17 10:50:03.093   427   427 I NetBpfLoad: map /sys/fs/bpf/netd_shared/map_netd_stats_map_B id 20
06-17 10:50:03.093   427   427 D NetBpfLoad: bpf_create_map[iface_stats_map] btf:1 -> 15
06-17 10:50:03.093   427   427 I NetBpfLoad: map /sys/fs/bpf/netd_shared/map_netd_iface_stats_map id 21
06-17 10:50:03.094   427   427 D NetBpfLoad: bpf_create_map[uid_owner_map] btf:1 -> 16
06-17 10:50:03.094   427   427 I NetBpfLoad: map /sys/fs/bpf/netd_shared/map_netd_uid_owner_map id 22
06-17 10:50:03.094   427   427 D NetBpfLoad: bpf_create_map[uid_permission_map] btf:1 -> 17
06-17 10:50:03.094   427   427 I NetBpfLoad: map /sys/fs/bpf/netd_shared/map_netd_uid_permission_map id 23
06-17 10:50:03.094   427   427 D NetBpfLoad: bpf_create_map[ingress_discard_map] btf:1 -> 18
06-17 10:50:03.094   427   427 I NetBpfLoad: map /sys/fs/bpf/netd_shared/map_netd_ingress_discard_map id 24
