10-09 13:33:07.369  2042  8104 D WindowManagerService: checkFlipFullScreenChange is same, nowIsFullScreen = false
10-09 13:33:07.372  2042  8104 W PresentationStatsEventLogger: Shouldn't be logging AutofillPresentationEventReported again for same event
10-09 13:33:07.372  2042  8104 W FillRequestEventLogger: Couldn't find packageName: com.google.android.inputmethod.latin
10-09 13:33:07.393  2042  8104 I InputMethodManagerService: IMMS.showCurrentInputLocked(), flags = 1
10-09 13:33:07.394  2042  8104 D SmartPower: com.google.android.inputmethod.latin/10176(6431): show input method
10-09 13:33:07.394  2042  8104 I DefaultImeVisibilityApplier: IMMS.showCurrentInputLocked request ims to show inputMethod.
10-09 13:33:07.398  2042  8301 W PackageConfigPersister: App-specific configuration not found for packageName: eu.europa.ec.euidi and userId: 0
10-09 13:33:07.406  2042  8104 D AutofillSession: createPendingIntent for request 393
10-09 13:33:07.407  2042  8104 D ContentCapturePerUserService: Notified activity assist data for activity: Token{ed24b78 ActivityRecord{f53dd5 u0 eu.europa.ec.euidi/eu.europa.ec.assemblylogic.ui.MainActivity t6476}} without a session Id
10-09 13:33:07.420  2042  7011 I InputMethodManagerService: IMMS.showSoftInput(), client = com.android.internal.inputmethod.IInputMethodClient$Stub$Proxy@3a9d457
10-09 13:33:07.420  2042  7011 I InputMethodManagerService: IMMS.showCurrentInputLocked(), flags = 0
10-09 13:33:07.420  2042  7011 D SmartPower: com.google.android.inputmethod.latin/10176(6431): show input method
10-09 13:33:07.421  2042  7011 I DefaultImeVisibilityApplier: IMMS.showCurrentInputLocked request ims to show inputMethod.
10-09 13:33:07.423  2042  7011 D ActivityManager: checkAllowBackground: uid=10163 pkg=com.google.android.gms rec=UidRecord{3efeecd u0a163 FGS  change:procadj procs:0 seq(635204,425084)} caps=LCMNFU always=false idle=false
10-09 13:33:07.447  2042  2073 I InputMethodManagerService: IMMS.applyImeVisibility(), setVisible = true, mCurclient = ClientState{5824026 mUid=10030 mPid=25994 mSelfReportedDisplayId=0}
10-09 13:33:07.448  2042  2073 I WindowManager: WMS.showImePostLayout(), imeTarget = Window{739ab4c u0 eu.europa.ec.euidi/eu.europa.ec.assemblylogic.ui.MainActivity}
10-09 13:33:07.448  2042  4772 D ActivityManager: checkAllowBackground: uid=10163 pkg=com.google.android.gms rec=UidRecord{3efeecd u0a163 FGS  change:procadj procs:0 seq(635208,425084)} caps=LCMNFU always=false idle=false
10-09 13:33:07.450  2042  2693 I ImeInsetsSourceProvider: ImeInsetsSourceProvider.scheduleShowImePostLayout() Run showImeRunner.
10-09 13:33:07.450  2042  2693 I ImeInsetsSourceProvider: ImeInsetsSourceProvider.scheduleShowImePostLayout() isReadyToShowIme.
10-09 13:33:07.453  4304  4484 D OneHandedController: stopOneHanded state is 0
10-09 13:33:07.453  2042  7011 D ActivityManager: checkAllowBackground: uid=10163 pkg=com.google.android.gms rec=UidRecord{3efeecd u0a163 FGS  change:procadj procs:0 seq(635210,425084)} caps=LCMNFU always=false idle=false
10-09 13:33:07.457  2042  8301 I InputMethodManagerService: IMMS.applyImeVisibility(), setVisible = true, mCurclient = ClientState{5824026 mUid=10030 mPid=25994 mSelfReportedDisplayId=0}
10-09 13:33:07.458  2042  8301 I WindowManager: WMS.showImePostLayout(), imeTarget = Window{739ab4c u0 eu.europa.ec.euidi/eu.europa.ec.assemblylogic.ui.MainActivity}
10-09 13:33:07.460  4304  4484 D OneHandedController: stopOneHanded state is 0
10-09 13:33:07.460  2042  2693 I ImeInsetsSourceProvider: ImeInsetsSourceProvider.scheduleShowImePostLayout() Run showImeRunner.
10-09 13:33:07.461  2042  2693 I ImeInsetsSourceProvider: ImeInsetsSourceProvider.scheduleShowImePostLayout() isReadyToShowIme.
10-09 13:33:07.484  2042  8301 D ActivityManager: checkAllowBackground: uid=10163 pkg=com.google.android.gms rec=UidRecord{3efeecd u0a163 FGS  change:procadj procs:0 seq(635216,425084)} caps=LCMNFU always=false idle=false
10-09 13:33:07.506  2042  8301 D ActivityManager: checkAllowBackground: uid=10163 pkg=com.google.android.gms rec=UidRecord{3efeecd u0a163 FGS  change:procadj procs:0 seq(635220,425084)} caps=LCMNFU always=false idle=false
10-09 13:33:07.522  2042  7011 D ActivityManager: checkAllowBackground: uid=10163 pkg=com.google.android.gms rec=UidRecord{3efeecd u0a163 FGS  change:procadj procs:0 seq(635224,425084)} caps=LCMNFU always=false idle=false
10-09 13:33:07.532  2042  8301 D ActivityManager: checkAllowBackground: uid=10163 pkg=com.google.android.gms rec=UidRecord{3efeecd u0a163 FGS  change:procadj procs:0 seq(635228,425084)} caps=LCMNFU always=false idle=false
10-09 13:33:07.812  2042  2042 W FillResponseEventLogger: FillResponseEventLogger is not empty before starting for a new request
10-09 13:33:07.812  2042  2042 D AutofillSession: Service did not request to wait for delayed fill response.
10-09 13:33:07.814  2042  8301 D ActivityManager: checkAllowBackground: uid=10163 pkg=com.google.android.gms rec=UidRecord{3efeecd u0a163 FGS  change:procadj procs:0 seq(635232,425084)} caps=LCMNFU always=false idle=false
10-09 13:33:07.998  2042  3524 I SmartPower: com.xiaomi.discover/10121(23492): background->idle(3000ms) R(broadcast start Intent { act=android.intent.action.BATTERY_CHANGED flg=0x60000010 (has extras) }) adj=905.
10-09 13:33:07.999  2042  3524 I SmartPower: com.miui.android.fashiongallery/10228(32611): background->idle(3002ms) R(broadcast start Intent { act=android.intent.action.BATTERY_CHANGED flg=0x60000010 (has extras) }) adj=915.
10-09 13:33:08.000  2042  3524 I SmartPower: com.facebook.appmanager/10138(27658): background->idle(3001ms) R(broadcast start Intent { act=android.intent.action.BATTERY_CHANGED flg=0x60000010 (has extras) }) adj=905.
10-09 13:33:08.000  2042  3524 I SmartPower: com.facebook.katana/10243(13231): background->idle(3001ms) R(broadcast start Intent { act=android.intent.action.BATTERY_CHANGED flg=0x60000010 (has extras) }) adj=905.
10-09 13:33:08.000  2042  3524 I SmartPower: com.google.android.apps.tachyon/10226(15532): background->idle(3000ms) R(broadcast start Intent { act=android.intent.action.BATTERY_CHANGED flg=0x60000010 (has extras) }) adj=965.
10-09 13:33:08.000  2042  3524 I SmartPower: com.microsoft.teams/10266(15546): background->idle(3000ms) R(broadcast start Intent { act=android.intent.action.BATTERY_CHANGED flg=0x60000010 (has extras) }) adj=900.
10-09 13:33:08.001  2042  3524 I SmartPower: com.google.android.apps.magazines/10234(19722): background->idle(3000ms) R(broadcast start Intent { act=android.intent.action.BATTERY_CHANGED flg=0x60000010 (has extras) }) adj=905.
10-09 13:33:08.002  2042  3524 I SmartPower: com.android.chrome/10172(17153): background->idle(3002ms) R(broadcast start Intent { act=android.intent.action.BATTERY_CHANGED flg=0x60000010 (has extras) }) adj=700.
10-09 13:33:08.059  2042  7011 D WindowManagerService: checkFlipFullScreenChange is same, nowIsFullScreen = false
10-09 13:33:08.061  2042  7011 W PresentationStatsEventLogger: Shouldn't be logging AutofillPresentationEventReported again for same event
10-09 13:33:08.061  2042  7011 E AutofillSession: Not starting a new partition on 1073741824:91@1116589233 because session 1116589233 reached maximum of 10
10-09 13:33:08.083  2042  7011 I InputMethodManagerService: IMMS.showCurrentInputLocked(), flags = 1
10-09 13:33:08.083  2042  7011 D SmartPower: com.google.android.inputmethod.latin/10176(6431): show input method
10-09 13:33:08.084  2042  7011 I DefaultImeVisibilityApplier: IMMS.showCurrentInputLocked request ims to show inputMethod.
10-09 13:33:08.087  2042  7000 W PackageConfigPersister: App-specific configuration not found for packageName: eu.europa.ec.euidi and userId: 0
10-09 13:33:08.103  2042  7000 I InputMethodManagerService: IMMS.showSoftInput(), client = com.android.internal.inputmethod.IInputMethodClient$Stub$Proxy@30806ba
10-09 13:33:08.104  2042  7000 I InputMethodManagerService: IMMS.showCurrentInputLocked(), flags = 0
10-09 13:33:08.104  2042  7000 D SmartPower: com.google.android.inputmethod.latin/10176(6431): show input method
10-09 13:33:08.104  2042  7000 I DefaultImeVisibilityApplier: IMMS.showCurrentInputLocked request ims to show inputMethod.
10-09 13:33:08.131  2042  4772 I InputMethodManagerService: IMMS.applyImeVisibility(), setVisible = true, mCurclient = ClientState{5824026 mUid=10030 mPid=25994 mSelfReportedDisplayId=0}
10-09 13:33:08.132  2042  4772 I WindowManager: WMS.showImePostLayout(), imeTarget = Window{739ab4c u0 eu.europa.ec.euidi/eu.europa.ec.assemblylogic.ui.MainActivity}
10-09 13:33:08.132  2042  8301 D ActivityManager: checkAllowBackground: uid=10163 pkg=com.google.android.gms rec=UidRecord{3efeecd u0a163 FGS  change:procadj procs:0 seq(635236,425084)} caps=LCMNFU always=false idle=false
10-09 13:33:08.134  2042  2693 I ImeInsetsSourceProvider: ImeInsetsSourceProvider.scheduleShowImePostLayout() Run showImeRunner.
10-09 13:33:08.134  2042  2693 I ImeInsetsSourceProvider: ImeInsetsSourceProvider.scheduleShowImePostLayout() isReadyToShowIme.
10-09 13:33:08.140  2042  4772 I InputMethodManagerService: IMMS.applyImeVisibility(), setVisible = true, mCurclient = ClientState{5824026 mUid=10030 mPid=25994 mSelfReportedDisplayId=0}
10-09 13:33:08.140  2042  4772 I WindowManager: WMS.showImePostLayout(), imeTarget = Window{739ab4c u0 eu.europa.ec.euidi/eu.europa.ec.assemblylogic.ui.MainActivity}
10-09 13:33:08.142  2042  2693 I ImeInsetsSourceProvider: ImeInsetsSourceProvider.scheduleShowImePostLayout() Run showImeRunner.
10-09 13:33:08.142  2042  2693 I ImeInsetsSourceProvider: ImeInsetsSourceProvider.scheduleShowImePostLayout() isReadyToShowIme.
10-09 13:33:08.144  4304  4484 D OneHandedController: stopOneHanded state is 0
10-09 13:33:08.148  4304  4484 D OneHandedController: stopOneHanded state is 0
10-09 13:33:08.741  2042  8301 D WindowManagerService: checkFlipFullScreenChange is same, nowIsFullScreen = false
10-09 13:33:08.854  2042  8301 W MIUIInput: Input event injection from package: null action ACTION_DOWN
10-09 13:33:08.858  2042  8301 W MIUIInput: Input event injection from package: null action ACTION_UP
10-09 13:33:09.013  4304  4484 D MiuiFreeformModeController: avoidForInsetsBottomChangedIfNeed oldMoveableBottom: 2270 newMoveableBounds: 2270
10-09 13:33:09.013  4304  4484 D ImePositionProcessor: onImeVisibilityChanged     isShowing:  false
10-09 13:33:09.019  2042  2693 I WindowManager: input method visible height changed 0
10-09 13:33:09.020  2042  3126 I ITouchFeature: current device and process support version:2
10-09 13:33:09.020  4304  4484 D MiuiFreeformModeController: onImeVisibilityChanged imeVisible: false imeHeight: 0 adjustedForRotation:false
10-09 13:33:09.020  4304  4484 D MiuiFreeformModeAvoidAlgorithm: begin autoOrderingAvoidMiniTask
10-09 13:33:09.020  4304  4484 D MiuiFreeformModeAvoidAlgorithm: getCurrMiniPos: SameSideMiniPosList: []
10-09 13:33:09.020  4304  4484 D MiuiFreeformModeAvoidAlgorithm: getCurrMiniPos: SameSideMiniPosList: []
10-09 13:33:09.020  4304  4484 D MiuiFreeformModeAvoidAlgorithm: end autoOrderingAvoidMiniTask res:AvoidResult{distance=0, combination={}, activeTaskPos=Rect(0, 0 - 0, 0)}
10-09 13:33:09.023  2042  6998 I InputMethodManagerService: IMMS.applyImeVisibility(), setVisible = false, mCurclient = ClientState{5824026 mUid=10030 mPid=25994 mSelfReportedDisplayId=0}
10-09 13:33:09.025  4304  4304 D ArtChoreographerMonitor: invoke error.
10-09 13:33:09.027  2042  4772 W PackageConfigPersister: App-specific configuration not found for packageName: eu.europa.ec.euidi and userId: 0
10-09 13:33:09.035  2042  4772 D CoreBackPreview: Window{739ab4c u0 eu.europa.ec.euidi/eu.europa.ec.assemblylogic.ui.MainActivity}: Setting back callback OnBackInvokedCallbackInfo{mCallback=android.window.IOnBackInvokedCallback$Stub$Proxy@1728147, mPriority=0, mIsAnimationCallback=false}
10-09 13:33:09.197  4304  4304 D ArtChoreographerMonitor: invoke error.
10-09 13:33:09.490  2042  2042 D UiModeManager: updateConfigurationLocked: mDockState=0; mCarMode=false; mCar=false; mPowerSave=false; mOverrideNightModeOn=false; mOverrideNightModeOff=false; mComputedNightMode=false; mNightMode=1; uiMode=17
10-09 13:33:09.545  2042  6998 I SmartPower: com.google.android.inputmethod.latin/10176(6431): visible->invisible(10737ms) R(become invisible) adj=100.
10-09 13:33:09.545  2042  6998 I SmartPower: com.google.android.inputmethod.latin/10176(6431): invisible->background(0ms) R(become background) adj=100.
10-09 13:33:09.547  4304  4484 D MiuiFreeformModeController: avoidForInsetsBottomChangedIfNeed oldMoveableBottom: 2270 newMoveableBounds: 2270
10-09 13:33:09.553  4304  4484 D MiuiFreeformModeController: avoidForInsetsBottomChangedIfNeed oldMoveableBottom: 2270 newMoveableBounds: 2270
10-09 13:33:09.714  2042  6998 W MIUIInput: Input event injection from package: null action ACTION_DOWN
10-09 13:33:09.718  2042  6998 W MIUIInput: Input event injection from package: null action ACTION_UP
10-09 13:33:09.729  2042  6998 D PerfShielderService: eu.europa.ec.euidi|eu.europa.ec.euidi/eu.europa.ec.assemblylogic.ui.MainActivity|93|34598303615810|35|2|4
10-09 13:33:09.730  6649  6663 W MiuiPerfServiceClient: interceptAndQueuing:25994|eu.europa.ec.euidi|93|35|34598303615810|Slow handle animation|4
10-09 13:33:09.739  2042  6998 D CompatibilityChangeReporter: Compat change id reported: 161145287; UID 10030; state: ENABLED
10-09 13:33:09.811  2183  2183 I wificond: station_bandwidth: P
10-09 13:33:09.813  4304  4304 D ArtChoreographerMonitor: invoke error.
10-09 13:33:09.986  4304  4304 D ArtChoreographerMonitor: invoke error.
10-09 13:33:10.367  2042  4772 D PerfShielderService: eu.europa.ec.euidi|eu.europa.ec.euidi/eu.europa.ec.assemblylogic.ui.MainActivity|82|34599069925810|35|2|4
10-09 13:33:10.367  6649  6663 W MiuiPerfServiceClient: interceptAndQueuing:25994|eu.europa.ec.euidi|82|35|34599069925810|Slow handle animation|4
10-09 13:33:10.541  2042  6998 W MIUIInput: Input event injection from package: null action ACTION_DOWN
10-09 13:33:10.546  2042  6998 W MIUIInput: Input event injection from package: null action ACTION_UP
10-09 13:33:11.239  2042  4772 D CompatibilityChangeReporter: Compat change id reported: 265464455; UID 10172; state: DISABLED
10-09 13:33:11.239  2042  4772 D CompatibilityChangeReporter: Compat change id reported: 265452344; UID 10172; state: DISABLED
10-09 13:33:11.240  2042  4772 D CompatibilityChangeReporter: Compat change id reported: 266124927; UID 10172; state: DISABLED
10-09 13:33:11.240  2042  4772 D CompatibilityChangeReporter: Compat change id reported: 265451093; UID 10172; state: DISABLED
10-09 13:33:11.240  2042  4772 D CompatibilityChangeReporter: Compat change id reported: 265456536; UID 10172; state: DISABLED
10-09 13:33:11.240  2042  4772 D CompatibilityChangeReporter: Compat change id reported: 255940284; UID 10172; state: DISABLED
10-09 13:33:11.240  2042  4772 D CompatibilityChangeReporter: Compat change id reported: 236283604; UID 10172; state: DISABLED
10-09 13:33:11.240  2042  4772 D CompatibilityChangeReporter: Compat change id reported: 263959004; UID 10172; state: DISABLED
10-09 13:33:11.240  2042  4772 D CompatibilityChangeReporter: Compat change id reported: 264304459; UID 10172; state: DISABLED
10-09 13:33:11.241  2042  4772 D CompatibilityChangeReporter: Compat change id reported: 264301586; UID 10172; state: DISABLED
10-09 13:33:11.241  2042  4772 D CompatibilityChangeReporter: Compat change id reported: 254631730; UID 10172; state: DISABLED
10-09 13:33:11.241  2042  4772 D CompatibilityChangeReporter: Compat change id reported: 273509367; UID 10172; state: DISABLED
10-09 13:33:11.241  2042  4772 D CompatibilityChangeReporter: Compat change id reported: 263259275; UID 10172; state: DISABLED
10-09 13:33:11.241  2042  4772 D CompatibilityChangeReporter: Compat change id reported: 174042980; UID 10172; state: DISABLED
10-09 13:33:11.242  2042  4772 D CompatibilityChangeReporter: Compat change id reported: 174042936; UID 10172; state: DISABLED
10-09 13:33:11.242  2042  4772 D CompatibilityChangeReporter: Compat change id reported: 181136395; UID 10172; state: DISABLED
10-09 13:33:11.242  2042  4772 D CompatibilityChangeReporter: Compat change id reported: 194480991; UID 10172; state: ENABLED
10-09 13:33:11.243  2042  4772 I SmartPower: com.android.chrome:privileged_process0/10172(17266): idle->invisible(11949ms) R(become foreground) adj=700.
10-09 13:33:11.243  2042  4772 I SmartPower: com.android.chrome/10172(17153): idle->invisible(3241ms) R(become foreground) adj=700.
10-09 13:33:11.243  2042  4772 D WindowManager: Collecting in transition 299: ActivityRecord{ec8523f u0 com.android.chrome/com.google.android.apps.chrome.IntentDispatcher init visibleRequested:false
10-09 13:33:11.244  2042  4772 D MiuiFreeFormManagerService: activeOrFullscreenFreeformTaskIfNeed startDefaultAr:false
10-09 13:33:11.245  4304  4484 D OneHandedController: stopOneHanded state is 0
10-09 13:33:11.247  2042  4772 D WindowManager: setLockTaskAuth: task=Task{f5db855 #6477 type=standard I=com.android.chrome/com.google.android.apps.chrome.IntentDispatcher} mLockTaskAuth=LOCK_TASK_AUTH_PINNABLE
10-09 13:33:11.247  2042  4772 D WindowManager: Collecting in transition 299: Task{f5db855 #6477 type=standard I=com.android.chrome/com.google.android.apps.chrome.IntentDispatcher} init visibleRequested:false
10-09 13:33:11.249  2042  4772 D CompatibilityChangeReporter: Compat change id reported: 184838306; UID 10172; state: DISABLED
10-09 13:33:11.249  2042  4772 D CompatibilityChangeReporter: Compat change id reported: 185004937; UID 10172; state: DISABLED
10-09 13:33:11.251  2042  4772 D WindowManager: setLockTaskAuth: task=Task{f5db855 #6477 type=standard I=com.android.chrome/com.google.android.apps.chrome.IntentDispatcher} mLockTaskAuth=LOCK_TASK_AUTH_PINNABLE
10-09 13:33:11.251  2042  4772 D CompatibilityChangeReporter: Compat change id reported: 197654537; UID 10172; state: ENABLED
10-09 13:33:11.251  2042  4772 D MiuiFreeFormManagerService: onStartActivityInner as = Task{f5db855 #6477 type=standard I=com.android.chrome/com.google.android.apps.chrome.IntentDispatcher} op = null
10-09 13:33:11.252  2042  4772 D ActivityTaskManager: Task#startActivityLocked isOrhasTask=true newTask=true
10-09 13:33:11.253  2042  4772 D ActivityTaskManager: Not add starting window, the reason is: windowIsTranslucent = true  windowIsFloating = false  this = ActivityRecord{ec8523f u0 com.android.chrome/com.google.android.apps.chrome.IntentDispatcher t6477}
10-09 13:33:11.253  2042  4772 D CompatibilityChangeReporter: Compat change id reported: 205907456; UID 10172; state: ENABLED
10-09 13:33:11.255  2042  4772 D WindowManager: Collecting in transition 299: ActivityRecord{ec8523f u0 com.android.chrome/com.google.android.apps.chrome.IntentDispatcher t6477} init visibleRequested:false
10-09 13:33:11.256  2042  4772 D WindowManager: Requesting StartTransition: TransitionRecord{926e7f8 id=299 type=OPEN flags=0x0}
10-09 13:33:11.256  2042  4772 I ActivityTaskManager: START u0 {act=android.intent.action.VIEW dat=https://issuer.eudiw.dev/... flg=0x10000000 cmp=com.android.chrome/com.google.android.apps.chrome.IntentDispatcher} with LAUNCH_MULTIPLE from uid 10030 from pid 25994 callingPackage eu.europa.ec.euidi (BAL_ALLOW_VISIBLE_WINDOW) result code=0
10-09 13:33:11.258  4304  4484 D OneHandedController: stopOneHanded state is 0
10-09 13:33:11.259  4304  4484 I SoScUtils: monitorTransitionRequest mRequestOpenTransition:null mRequestOpenTriggerTask:-1 mRequestCloseTransition:null mRequestCloseTriggerTask:-1 mRequestCloseStageType:-1
10-09 13:33:11.259  2042  8301 D WindowManager: Set transition=TransitionRecord{926e7f8 id=299 type=OPEN flags=0x0}, ready=false, SyncId=299 used=true, override=false, defer=0, states=Display{#0 state=ON size=1080x2400 ROTATION_0}:false
10-09 13:33:11.260  4304  4484 D OneHandedController: stopOneHanded state is 0
10-09 13:33:11.264  2042  8301 I ActivityTaskManager: The Process com.android.chrome Already Exists in BG. So sending its PID: 17153
10-09 13:33:11.266  2042  8301 D WindowManager: Collecting in transition 299: ActivityRecord{ec8523f u0 com.android.chrome/com.google.android.apps.chrome.IntentDispatcher t6477} init visibleRequested:false
10-09 13:33:11.267  2042  8301 D WindowManager: Collecting in transition 299: ActivityRecord{ec8523f u0 com.android.chrome/com.google.android.apps.chrome.IntentDispatcher t6477} init visibleRequested:true
10-09 13:33:11.269  2042  4772 W AutofillManagerServiceImpl: getFillEventHistory() called by UID 10273, but service UID is 10163
10-09 13:33:11.269  2042  8301 D WindowManagerService: checkFlipFullScreenChange is same, nowIsFullScreen = false
10-09 13:33:11.270  2042  8301 D WindowManager: wms.Input focus has changed to null display=0 updateInputWindows = true
10-09 13:33:11.270  2042  8301 I MultiSenceManagerInternalStub: getInstance
10-09 13:33:11.271  2042  8301 D WindowManager: Collecting in transition 299: ActivityRecord{ec8523f u0 com.android.chrome/com.google.android.apps.chrome.IntentDispatcher t6477} init visibleRequested:true
10-09 13:33:11.272  2042  8301 D WindowManager: Set transition=TransitionRecord{926e7f8 id=299 type=OPEN flags=0x0}, ready=true, SyncId=299 
10-09 13:33:11.275  2042  8301 D CompatibilityChangeReporter: Compat change id reported: 197654537; UID 10030; state: ENABLED
10-09 13:33:11.275  2042  8301 I BLASTSyncEngine: SyncGroup 299:  Unfinished container:Task{f5db855 #6477 type=standard I=com.android.chrome/com.google.android.apps.chrome.IntentDispatcher}
10-09 13:33:11.275  2042  8301 I BLASTSyncEngine: isActivitySyncFinished isSyncFinished false Task{f5db855 #6477 type=standard I=com.android.chrome/com.google.android.apps.chrome.IntentDispatcher}
10-09 13:33:11.276  4304  4484 D MiuiFullScreenTaskRepository: removeFocusedTask displayId=0
10-09 13:33:11.276  4304  4484 D MiuiFullScreenTaskRepository: addOrUpdateFullScreenTaskInfo taskId=6476, topActivity=ComponentInfo{eu.europa.ec.euidi/eu.europa.ec.assemblylogic.ui.MainActivity}
10-09 13:33:11.288  2042  2690 D Aurogon :  uid = 10172 switch to FG
10-09 13:33:11.299  2042  8104 D CompatibilityChangeReporter: Compat change id reported: 161145287; UID 10172; state: ENABLED
10-09 13:33:11.304  2042  8104 D CompatibilityChangeReporter: Compat change id reported: 319212206; UID 10172; state: ENABLED
10-09 13:33:11.318  2042  6971 D CompatibilityChangeReporter: Compat change id reported: 259743961; UID 10172; state: ENABLED
10-09 13:33:11.322  2042  6971 D WindowManager: Collecting in transition 299: ActivityRecord{8ba2f27 u0 com.android.chrome/org.chromium.chrome.browser.ChromeTabbedActivity init visibleRequested:false
10-09 13:33:11.322  2042  6971 D MiuiFreeFormManagerService: activeOrFullscreenFreeformTaskIfNeed startDefaultAr:false
10-09 13:33:11.323  2042  6971 D MiuiFreeFormManagerService: onStartActivityInner as = Task{f3a7d2e #6447 type=standard A=10172:com.android.chrome} op = null
10-09 13:33:11.324  2042  6971 D WindowManagerService: checkFlipFullScreenChange is same, nowIsFullScreen = false
10-09 13:33:11.324  2042  6971 D WindowManager: setLockTaskAuth: task=Task{f3a7d2e #6447 type=standard A=10172:com.android.chrome} mLockTaskAuth=LOCK_TASK_AUTH_PINNABLE
10-09 13:33:11.329  2042  6971 D WindowManager: Set transition=TransitionRecord{926e7f8 id=299 type=OPEN flags=0x0}, ready=false, SyncId=299 used=true, override=false, defer=0, states=Display{#0 state=ON size=1080x2400 ROTATION_0}:false
10-09 13:33:11.329  2042  6971 D WindowManager: Collecting in transition 299: ActivityRecord{8ba2f27 u0 com.android.chrome/org.chromium.chrome.browser.ChromeTabbedActivity t-1} init visibleRequested:false
10-09 13:33:11.329  2042  6971 D WindowManager: Set transition=TransitionRecord{926e7f8 id=299 type=OPEN flags=0x0}, ready=false, SyncId=299 used=true, override=false, defer=0, states=Display{#0 state=ON size=1080x2400 ROTATION_0}:false
10-09 13:33:11.332  4304  4484 D MiuiFullScreenTaskRepository: setFocusedTask taskId=6447, displayId=0, topActivity=ComponentInfo{com.android.chrome/org.chromium.chrome.browser.ChromeTabbedActivity}
10-09 13:33:11.332  4304  4484 D MiuiFullScreenTaskRepository: addOrUpdateFullScreenTaskInfo taskId=6447, topActivity=ComponentInfo{com.android.chrome/org.chromium.chrome.browser.ChromeTabbedActivity}
10-09 13:33:11.332  2042  6971 I ActivityTaskManager: START u0 {act=android.intent.action.VIEW dat=https://issuer.eudiw.dev/... flg=0x14002000 cmp=com.android.chrome/org.chromium.chrome.browser.ChromeTabbedActivity (has extras)} with LAUNCH_SINGLE_INSTANCE_PER_TASK from uid 10172 from pid 17153 callingPackage com.android.chrome (BAL_ALLOW_VISIBLE_WINDOW) result code=2
10-09 13:33:11.332  4304  4484 D MiuiFreeformModeController: onFocusTaskChanged taskInfo: TaskInfo{userId=0 taskId=6447 displayId=0 isRunning=true baseIntent=Intent { act=android.intent.action.VIEW dat=https://verifier.eudiw.dev/... flg=0x14002000 cmp=com.android.chrome/org.chromium.chrome.browser.ChromeTabbedActivity } baseActivity=ComponentInfo{com.android.chrome/org.chromium.chrome.browser.ChromeTabbedActivity} topActivity=ComponentInfo{com.android.chrome/org.chromium.chrome.browser.ChromeTabbedActivity} origActivity=null realActivity=ComponentInfo{com.android.chrome/org.chromium.chrome.browser.ChromeTabbedActivity} numActivities=1 lastActiveTime=251288480 supportsSplitScreenMultiWindow=true supportsMultiWindow=true resizeMode=2 isResizeable=true minWidth=-1 minHeight=-1 defaultMinSize=200 token=WCT{android.window.IWindowContainerToken$Stub$Proxy@31eeef1} topActivityType=1 pictureInPictureParams=null shouldDockBigOverlays=false launchIntoPipHostTaskId=-1 lastParentTaskIdBeforePip=-1 displayCutoutSafeInsets=Rect(0, 94 - 0, 0) topActivityInfo=ActivityInfo{5f5ad6 org.chromium.chrome.browser.ChromeTabbedActivity} launchCookies=[] positionInParent=Point(0, 0) parentTaskId=-1 isFocused=true isVisible=false isVisibleRequested=false isSleeping=false topActivityInSizeCompat=false topActivityInMiuiSizeCompat=false topActivityEligibleForLetterboxEducation= false topActivityLetterboxed= false isFromDoubleTap= false topActivityLetterboxVerticalPosition= -1 topActivityLetterboxHorizontalPosition= -1 topActivityLetterboxWidth=-1 topActivityLetterboxHeight=-1 locusId=null displayAreaFeatureId=1 cameraCompatControlState=hidden mIsCastMode=false mTopActivityMediaSize=null mTopActivityRecordName=ActivityRecord{1b6b9ad u0 com.android.chrome/org.chromium.chrome.browser.ChromeTabbedActivity t6447} mTopActivityOrientation=-2 mTopActivityWindowIsNowVisible=false isTranslucent=true isEmbedded=false shouldBeVisible=true isImmersive=false mBehindAppLockPkg=null mOriginatingUid=0}
10-09 13:33:11.332  4304  4484 D MiuiDesktopModeController: onFocusTaskChanged newFocus: TaskInfo{userId=0 taskId=6447 displayId=0 isRunning=true baseIntent=Intent { act=android.intent.action.VIEW dat=https://verifier.eudiw.dev/... flg=0x14002000 cmp=com.android.chrome/org.chromium.chrome.browser.ChromeTabbedActivity } baseActivity=ComponentInfo{com.android.chrome/org.chromium.chrome.browser.ChromeTabbedActivity} topActivity=ComponentInfo{com.android.chrome/org.chromium.chrome.browser.ChromeTabbedActivity} origActivity=null realActivity=ComponentInfo{com.android.chrome/org.chromium.chrome.browser.ChromeTabbedActivity} numActivities=1 lastActiveTime=251288480 supportsSplitScreenMultiWindow=true supportsMultiWindow=true resizeMode=2 isResizeable=true minWidth=-1 minHeight=-1 defaultMinSize=200 token=WCT{android.window.IWindowContainerToken$Stub$Proxy@31eeef1} topActivityType=1 pictureInPictureParams=null shouldDockBigOverlays=false launchIntoPipHostTaskId=-1 lastParentTaskIdBeforePip=-1 displayCutoutSafeInsets=Rect(0, 94 - 0, 0) topActivityInfo=ActivityInfo{5f5ad6 org.chromium.chrome.browser.ChromeTabbedActivity} launchCookies=[] positionInParent=Point(0, 0) parentTaskId=-1 isFocused=true isVisible=false isVisibleRequested=false isSleeping=false topActivityInSizeCompat=false topActivityInMiuiSizeCompat=false topActivityEligibleForLetterboxEducation= false topActivityLetterboxed= false isFromDoubleTap= false topActivityLetterboxVerticalPosition= -1 topActivityLetterboxHorizontalPosition= -1 topActivityLetterboxWidth=-1 topActivityLetterboxHeight=-1 locusId=null displayAreaFeatureId=1 cameraCompatControlState=hidden mIsCastMode=false mTopActivityMediaSize=null mTopActivityRecordName=ActivityRecord{1b6b9ad u0 com.android.chrome/org.chromium.chrome.browser.ChromeTabbedActivity t6447} mTopActivityOrientation=-2 mTopActivityWindowIsNowVisible=false isTranslucent=true isEmbedded=false shouldBeVisible=true isImmersive=false mBehindAppLockPkg=null mOriginatingUid=0}
10-09 13:33:11.334  4304  4484 D OneHandedController: stopOneHanded state is 0
10-09 13:33:11.335  4304  4484 D WindowManagerShell: onActivityRestartAttempt: ComponentInfo{com.android.chrome/org.chromium.chrome.browser.ChromeTabbedActivity}
10-09 13:33:11.335  2042  6971 D MiuiSoScManagerStub: supportSoScMinimizedMode:true
10-09 13:33:11.336  2042  6971 D MiuiSoScManagerStub: taskInSoScFullMode:false
10-09 13:33:11.336  2042  6971 D MiuiFreeFormGestureController: deliverResultForFinishActivity resultTo: null resultFrom: ActivityRecord{ec8523f u0 com.android.chrome/com.google.android.apps.chrome.IntentDispatcher t6477 f}} isInVideoOrGameScene: false intent: Intent { act=android.intent.action.VIEW dat=https://issuer.eudiw.dev/... flg=0x10800000 cmp=com.android.chrome/com.google.android.apps.chrome.IntentDispatcher }
10-09 13:33:11.336  2042  6971 D WindowManager: Collecting in transition 299: Task{f5db855 #6477 type=standard I=com.android.chrome/com.google.android.apps.chrome.IntentDispatcher} init visibleRequested:true
10-09 13:33:11.340  4304  4358 D MiuiFreeformModeObserver: activityResumed() intent： Intent { cmp=com.android.chrome/org.chromium.chrome.browser.document.ChromeLauncherActivity (has extras) }
10-09 13:33:11.344  2042  6998 D WindowManager: Collecting in transition 299: ActivityRecord{ec8523f u0 com.android.chrome/com.google.android.apps.chrome.IntentDispatcher t6477 f}} init visibleRequested:true
10-09 13:33:11.344  2042  6998 D WindowManager: Collecting in transition 299: ActivityRecord{1b6b9ad u0 com.android.chrome/org.chromium.chrome.browser.ChromeTabbedActivity t6447} init visibleRequested:false
10-09 13:33:11.344  2042  6998 D WindowManagerService: checkFlipFullScreenChange is same, nowIsFullScreen = false
10-09 13:33:11.345  2042  6998 D WindowManager: Collecting in transition 299: ActivityRecord{f53dd5 u0 eu.europa.ec.euidi/eu.europa.ec.assemblylogic.ui.MainActivity t6476} init visibleRequested:true
10-09 13:33:11.347  2042  6971 W AutofillManagerServiceImpl: getFillEventHistory() called by UID 10273, but service UID is 10163
10-09 13:33:11.347  4304  4484 D MiuiFullScreenTaskRepository: setFocusedTask taskId=6447, displayId=0, topActivity=ComponentInfo{com.android.chrome/org.chromium.chrome.browser.ChromeTabbedActivity}
10-09 13:33:11.347  4304  4484 D MiuiFullScreenTaskRepository: addOrUpdateFullScreenTaskInfo taskId=6447, topActivity=ComponentInfo{com.android.chrome/org.chromium.chrome.browser.ChromeTabbedActivity}
10-09 13:33:11.347  2042  6998 D WindowManager: Collecting in transition 299: ActivityRecord{1b6b9ad u0 com.android.chrome/org.chromium.chrome.browser.ChromeTabbedActivity t6447} init visibleRequested:true
10-09 13:33:11.347  2042  6998 D WindowManager: Set transition=TransitionRecord{926e7f8 id=299 type=OPEN flags=0x0}, ready=true, SyncId=299 
10-09 13:33:11.349  2042  6998 I BLASTSyncEngine: SyncGroup 299:  Unfinished container:ActivityRecord{1b6b9ad u0 com.android.chrome/org.chromium.chrome.browser.ChromeTabbedActivity t6447}
10-09 13:33:11.349  2042  6998 I BLASTSyncEngine: isActivitySyncFinished isSyncFinished false ActivityRecord{1b6b9ad u0 com.android.chrome/org.chromium.chrome.browser.ChromeTabbedActivity t6447}
10-09 13:33:11.359  2042  6998 D CoreBackPreview: Window{edce952 u0 com.android.chrome/org.chromium.chrome.browser.ChromeTabbedActivity}: Setting back callback OnBackInvokedCallbackInfo{mCallback=android.window.IOnBackInvokedCallback$Stub$Proxy@7acf3be, mPriority=0, mIsAnimationCallback=true}
10-09 13:33:11.366  2042  6998 D ActivityManager: checkAllowBackground: uid=10163 pkg=com.google.android.gms rec=UidRecord{3efeecd u0a163 BTOP change:procstateprocadj procs:0 seq(635513,425084)} caps=LCMNFU always=false idle=false
10-09 13:33:11.371  2042  6998 D ActivityManager: checkAllowBackground: uid=10163 pkg=com.google.android.gms rec=UidRecord{3efeecd u0a163 BTOP change:procadj procs:0 seq(635564,425084)} caps=LCMNFU always=false idle=false
10-09 13:33:11.377  2042  7000 D ActivityManager: checkAllowBackground: uid=10163 pkg=com.google.android.gms rec=UidRecord{3efeecd u0a163 BTOP change:procadj procs:0 seq(635568,425084)} caps=LCMNFU always=false idle=false
10-09 13:33:11.379  2042  6998 I SmartPower: com.android.chrome:sandboxed_process0:org.chromium.content.app.SandboxedProcessSer-1->background(0ms) R(become background) adj=-10000.
10-09 13:33:11.380  2042  6998 D CompatibilityChangeReporter: Compat change id reported: 135634846; UID 90033; state: DISABLED
10-09 13:33:11.381  2042  2788 D CompatibilityChangeReporter: Compat change id reported: 143937733; UID 10172; state: ENABLED
10-09 13:33:11.389  2042  7000 D ActivityManager: checkAllowBackground: uid=10163 pkg=com.google.android.gms rec=UidRecord{3efeecd u0a163 BTOP change:procadj procs:0 seq(635572,425084)} caps=LCMNFU always=false idle=false
10-09 13:33:11.394  2042  8104 D SchedBoost: com.android.chrome:sandboxed_process0:org.chromium.content.app.SandboxedProcessService0:32 boosting, skip reset priority
10-09 13:33:11.396  2042  2788 I ActivityManager: Start proc 26130:com.android.chrome:sandboxed_process0:org.chromium.content.app.SandboxedProcessService0:33/u0ai33 for  {com.android.chrome/org.chromium.content.app.SandboxedProcessService0:33} caller=com.android.chrome
10-09 13:33:11.401  2042  8104 D ActivityManager: checkAllowBackground: uid=10163 pkg=com.google.android.gms rec=UidRecord{3efeecd u0a163 BTOP change:procadj procs:0 seq(635577,425084)} caps=LCMNFU always=false idle=false
10-09 13:33:11.424  2042  7000 D CompatibilityChangeReporter: Compat change id reported: 168419799; UID 10172; state: DISABLED
10-09 13:33:11.424  2042  7000 D CompatibilityChangeReporter: Compat change id reported: 273564678; UID 10172; state: DISABLED
10-09 13:33:11.429  2042  3500 D isUidValid: uid = 90033
10-09 13:33:11.430 26130 26130 E MQSEventManagerDelegate: failed to get MQSService.
10-09 13:33:11.430 26130 26130 W ActivityThread: registerApplicationScoutThread result:false
10-09 13:33:11.436  4304  4358 D MiuiFreeformModeObserver: activityResumed() intent： Intent { cmp=com.android.chrome/org.chromium.chrome.browser.ChromeTabbedActivity (has extras) }
10-09 13:33:11.446 26130 26130 E ForceDarkHelperStubImpl: getForceDarkOriginState transact failed , mService: null
10-09 13:33:11.450  2042  6971 I BLASTSyncEngine: SyncGroup 299:  Unfinished container:ActivityRecord{1b6b9ad u0 com.android.chrome/org.chromium.chrome.browser.ChromeTabbedActivity t6447}
10-09 13:33:11.451  2042  6971 I BLASTSyncEngine: isActivitySyncFinished isSyncFinished false ActivityRecord{1b6b9ad u0 com.android.chrome/org.chromium.chrome.browser.ChromeTabbedActivity t6447}
10-09 13:33:11.452  2042  6971 I WindowManager: cancelAnimation removed leash : Surface(name=Surface(name=704023a StatusBar#94)/@0xa8be448 - animation-leash of insets_animation#6010)/@0x2d47c13
10-09 13:33:11.454  2042  6971 I WindowManager: cancelAnimation removed leash : Surface(name=Surface(name=d968687 NavigationBar0#90)/@0x2f479dd - animation-leash of insets_animation#6038)/@0x9738161
10-09 13:33:11.457  2042  8301 I ActivityManager: Flag disabled. Ignoring finishAttachApplication from uid: 90033. pid: 26130
10-09 13:33:11.458  2042  6971 D WindowManager: wms.Input focus has changed to Window{edce952 u0 com.android.chrome/org.chromium.chrome.browser.ChromeTabbedActivity} display=0 updateInputWindows = true
10-09 13:33:11.458  2042  6971 I MultiSenceManagerInternalStub: getInstance
10-09 13:33:11.484  2042  8104 D ActivityManager: checkAllowBackground: uid=10163 pkg=com.google.android.gms rec=UidRecord{3efeecd u0a163 BTOP change:procadj procs:0 seq(635586,425084)} caps=LCMNFU always=false idle=false
10-09 13:33:11.515  2042  6971 D WindowManager: wms.finishDrawingLocked: mDrawState=COMMIT_DRAW_PENDING Window{edce952 u0 com.android.chrome/org.chromium.chrome.browser.ChromeTabbedActivity} in Surface(name=com.android.chrome/org.chromium.chrome.browser.ChromeTabbedActivity#6041)/@0xc7b3df6
10-09 13:33:11.518  2042  2693 I SmartPower: com.android.chrome/10172(17153): invisible->visible(274ms) R(become visible) adj=0.
10-09 13:33:11.520  2042  2693 I WindowManager: wms.showSurfaceRobustly mWin:Window{edce952 u0 com.android.chrome/org.chromium.chrome.browser.ChromeTabbedActivity}
10-09 13:33:11.520  2042  2693 D WindowManager: Final targets: [Task{f3a7d2e #6447 type=standard A=10172:com.android.chrome}, Task{a6e94db #6476 type=standard A=10030:eu.europa.ec.euidi}]
10-09 13:33:11.521  2042  3524 I SmartPower: com.google.android.adservices.api/10294(20677): idle->background(10234ms) R(add to whitelist) adj=0.
10-09 13:33:11.521  2042  3524 I SmartPower: com.android.chrome:sandboxed_process0:org.chromium.content.app.SandboxedProcessSeridle->background(9226ms) R(add to whitelist) adj=200.
10-09 13:33:11.521  2042  3524 I SmartPower: com.android.chrome:sandboxed_process0:org.chromium.content.app.SandboxedProcessSeridle->background(9226ms) R(add to whitelist) adj=200.
10-09 13:33:11.521  2042  3524 I SmartPower: com.android.chrome:sandboxed_process0:org.chromium.content.app.SandboxedProcessSeridle->background(9225ms) R(add to whitelist) adj=200.
10-09 13:33:11.521  2042  3524 I SmartPower: com.android.chrome:sandboxed_process0:org.chromium.content.app.SandboxedProcessSeridle->background(9225ms) R(add to whitelist) adj=940.
10-09 13:33:11.521  2042  3524 I SmartPower: com.android.chrome:sandboxed_process0:org.chromium.content.app.SandboxedProcessSeridle->background(9225ms) R(add to whitelist) adj=940.
10-09 13:33:11.521  2042  3524 I SmartPower: com.android.chrome:sandboxed_process0:org.chromium.content.app.SandboxedProcessSeridle->background(9225ms) R(add to whitelist) adj=930.
10-09 13:33:11.521  2042  3524 I SmartPower: com.android.chrome:sandboxed_process0:org.chromium.content.app.SandboxedProcessSeridle->background(9225ms) R(add to whitelist) adj=930.
10-09 13:33:11.522  2042  3524 I SmartPower: com.android.chrome:sandboxed_process0:org.chromium.content.app.SandboxedProcessSeridle->background(9225ms) R(add to whitelist) adj=920.
10-09 13:33:11.523  2042  3524 I SmartPower: com.android.chrome:sandboxed_process0:org.chromium.content.app.SandboxedProcessSeridle->background(9226ms) R(add to whitelist) adj=920.
10-09 13:33:11.524  2042  3524 I SmartPower: com.android.chrome:sandboxed_process0:org.chromium.content.app.SandboxedProcessSeridle->background(9227ms) R(add to whitelist) adj=910.
10-09 13:33:11.524  2042  3524 I SmartPower: com.android.chrome:sandboxed_process0:org.chromium.content.app.SandboxedProcessSeridle->background(9226ms) R(add to whitelist) adj=910.
10-09 13:33:11.524  2042  3524 I SmartPower: com.android.chrome:sandboxed_process0:org.chromium.content.app.SandboxedProcessSeridle->background(9226ms) R(add to whitelist) adj=900.
10-09 13:33:11.524  2042  3524 I SmartPower: com.android.chrome:sandboxed_process0:org.chromium.content.app.SandboxedProcessSeridle->background(11814ms) R(add to whitelist) adj=900.
10-09 13:33:11.524  2042  3524 I SmartPower: com.android.chrome:sandboxed_process0:org.chromium.content.app.SandboxedProcessSeridle->background(12209ms) R(add to whitelist) adj=250.
10-09 13:33:11.539  2042  2693 D WindowManager: Calling onTransitionReady info={id=299 t=OPEN f=0x0 trk=0 r=[0@Point(0, 0)] c=[{WCT{RemoteToken{ab02a8e Task{f3a7d2e #6447 type=standard A=10172:com.android.chrome}}} m=TO_FRONT f=MOVE_TO_TOP leash=Surface(name=Task=6447#4700)/@0x9b243a9 sb=Rect(0, 0 - 1080, 2400) eb=Rect(0, 0 - 1080, 2400) d=0},{WCT{RemoteToken{34601c1 Task{a6e94db #6476 type=standard A=10030:eu.europa.ec.euidi}}} m=TO_BACK f=NONE leash=Surface(name=Task=6476#5999)/@0x90069ea sb=Rect(0, 0 - 1080, 2400) eb=Rect(0, 0 - 1080, 2400) d=0}] noAni=[false] df=[false] mk=[true] nc=[0]}, mToken=Token{34d10a6 TransitionRecord{926e7f8 id=299 type=OPEN flags=0x0}}
10-09 13:33:11.540  2042  2693 I BLASTSyncEngine: finishNow: after onTransactionReady, mSyncId=299
10-09 13:33:11.543  4304  4304 D ArtChoreographerMonitor: invoke error.
10-09 13:33:11.544  4304  4484 D MiuiFreeformAnimation: startAnimation change: {WCT{android.window.IWindowContainerToken$Stub$Proxy@fce4e62} m=TO_FRONT f=MOVE_TO_TOP leash=Surface(name=Task=6447#4700)/@0xdcb1157 sb=Rect(0, 0 - 1080, 2400) eb=Rect(0, 0 - 1080, 2400) d=0} info.getType(): 1
10-09 13:33:11.545  4304  4484 I MiuiFreeformAnimation: isLaunchWidgetPicker=false,taskInfo.getWindowingMode()=1, taskInfo.getActivityType()=1
10-09 13:33:11.545  4304  4484 D MiuiFreeformAnimation: startAnimation change: {WCT{android.window.IWindowContainerToken$Stub$Proxy@8856bf3} m=TO_BACK f=NONE leash=Surface(name=Task=6476#5999)/@0xf091444 sb=Rect(0, 0 - 1080, 2400) eb=Rect(0, 0 - 1080, 2400) d=0} info.getType(): 1
10-09 13:33:11.545  4304  4484 W MiuiTaskTransitionHandler: Receive an unknown transition, token=android.os.BinderProxy@b34c80a, type=1
10-09 13:33:11.547  4304  4484 D TransitionAnimationHelper:  load default animation  type = 1 enter = false animAttr = 9 isTask = true translucent = false
10-09 13:33:11.548  4304  4484 D TransitionAnimationHelper:  load default animation  type = 1 enter = true animAttr = 8 isTask = true translucent = false
10-09 13:33:11.550  4304  4520 D ShellTransitions: speed ui!!!!!!!!!!!
10-09 13:33:11.550  2042  8104 D ActivityManager: checkAllowBackground: uid=10163 pkg=com.google.android.gms rec=UidRecord{3efeecd u0a163 BTOP change:procadj procs:0 seq(635653,425084)} caps=LCMNFU always=false idle=false
10-09 13:33:11.556  4304  4484 D MiuiFullScreenTaskRepository: setFocusedTask taskId=6447, displayId=0, topActivity=ComponentInfo{com.android.chrome/org.chromium.chrome.browser.ChromeTabbedActivity}
10-09 13:33:11.556  4304  4484 D MiuiFullScreenTaskRepository: addOrUpdateFullScreenTaskInfo taskId=6447, topActivity=ComponentInfo{com.android.chrome/org.chromium.chrome.browser.ChromeTabbedActivity}
10-09 13:33:11.559  4304  4484 D SoScUtils: monitorTransitionFinished transition:android.os.BinderProxy@b34c80a transaction: android.view.SurfaceControl$Transaction@d7c1674 mRequestCloseTransition:null mRequestOpenTransition:null mPairsOpenTransition:null mPairsOpenTransitionNull:null mRequestOpenTriggerTask:-1 mRequestCloseTriggerTask:-1 mOrientationTransition: null mMainStartingTask:-1 mSideStartingTask:-1
10-09 13:33:11.563  2042  4772 I Transition: finishTransition: updateLastSurfacePosition tf=Task{f3a7d2e #6447 type=standard A=10172:com.android.chrome}
10-09 13:33:11.563  2042  4772 I Transition: finishTransition: updateLastSurfacePosition tf=Task{f5db855 #6477 type=standard I=com.android.chrome/com.google.android.apps.chrome.IntentDispatcher}
10-09 13:33:11.566  2042  2692 I SmartPower: eu.europa.ec.euidi/10030(25994): visible->invisible(15320ms) R(become invisible) adj=200.
10-09 13:33:11.566  2042  2692 I SmartPower: eu.europa.ec.euidi/10030(25994): invisible->background(0ms) R(become background) adj=200.
10-09 13:33:11.574  4304  4484 D MiuiFullScreenTaskRepository: addOrUpdateFullScreenTaskInfo taskId=6476, topActivity=ComponentInfo{eu.europa.ec.euidi/eu.europa.ec.assemblylogic.ui.MainActivity}
10-09 13:33:11.578  2042  7000 D CompatibilityChangeReporter: Compat change id reported: 214016041; UID 10172; state: ENABLED
10-09 13:33:11.583  2042  8301 I WindowManager: cancelAnimation removed leash : Surface(name=Surface(name=49d5fba InputMethod#118)/@0xbb23dc8 - animation-leash of insets_animation#6014)/@0x4446b80
10-09 13:33:11.588  2042  6998 W PackageConfigPersister: App-specific configuration not found for packageName: com.android.chrome and userId: 0
10-09 13:33:11.592  2042  4772 W PresentationStatsEventLogger: Shouldn't be logging AutofillPresentationEventReported again for same event
10-09 13:33:11.599 25994 25994 D ActivityThread: Fail to check app heapsize due to java.lang.NoSuchMethodException: dalvik.system.VMRuntime.getBlockingGcCountForAlloc []
10-09 13:33:11.608  2042  2690 D Aurogon :  uid = 10030 switch to BG
10-09 13:33:11.608  2042  3500 D isUidValid: uid = 10030
10-09 13:33:11.725  4304  4304 D ArtChoreographerMonitor: invoke error.
10-09 13:33:11.802  4304  4304 D ArtChoreographerMonitor: invoke error.
10-09 13:33:11.975  4304  4304 D ArtChoreographerMonitor: invoke error.
10-09 13:33:12.438  2042  2702 D HeapUsage Monitor: HeapAllocSize : 95MB; monitorSize : 500MB
10-09 13:33:12.545  2042  3524 I SmartPower: com.google.android.inputmethod.latin/10176(6431): background->idle(3000ms) R(become invisible) adj=100.
10-09 13:33:12.646  2042  4772 W MIUIInput: Input event injection from package: null action ACTION_DOWN
10-09 13:33:12.647  2042  3516 I ProcessManager: getRenderThreadTidByPid, caller=2042
10-09 13:33:12.649  2042  4772 W MIUIInput: Input event injection from package: null action ACTION_UP
10-09 13:33:12.763  2042  4772 W MIUIInput: Input event injection from package: null action ACTION_DOWN
10-09 13:33:12.765  2042  3516 I ProcessManager: getRenderThreadTidByPid, caller=2042
10-09 13:33:12.767  2042  4772 W MIUIInput: Input event injection from package: null action ACTION_UP
10-09 13:33:12.793  2042  7000 D ActivityManager: checkAllowBackground: uid=10163 pkg=com.google.android.gms rec=UidRecord{3efeecd u0a163 BTOP change:procadj procs:0 seq(635969,425084)} caps=LCMNFU always=false idle=false
10-09 13:33:12.816  2183  2183 I wificond: station_bandwidth: P
10-09 13:33:12.929  2042  6998 D SchedBoost: com.android.chrome:sandboxed_process0:org.chromium.content.app.SandboxedProcessService0:33 boosting, skip reset priority
10-09 13:33:14.025  2042  4772 W MIUIInput: Input event injection from package: null action ACTION_DOWN
10-09 13:33:14.027  2042  3516 I ProcessManager: getRenderThreadTidByPid, caller=2042
10-09 13:33:14.030  2042  4772 W MIUIInput: Input event injection from package: null action ACTION_UP
10-09 13:33:14.041  2042  7000 D ActivityManager: checkAllowBackground: uid=10163 pkg=com.google.android.gms rec=UidRecord{3efeecd u0a163 BTOP change:procadj procs:0 seq(636023,425084)} caps=LCMNFU always=false idle=false
10-09 13:33:14.061  2042  6998 W PackageConfigPersister: App-specific configuration not found for packageName: com.android.chrome and userId: 0
10-09 13:33:14.062  2042  7000 I InputMethodManagerService: IMMS.showSoftInput(), client = com.android.internal.inputmethod.IInputMethodClient$Stub$Proxy@ba8f1a9
10-09 13:33:14.062  2042  7000 I InputMethodManagerService: IMMS.showCurrentInputLocked(), flags = 0
10-09 13:33:14.062  2042  7000 D SmartPower: com.google.android.inputmethod.latin/10176(6431): show input method
10-09 13:33:14.062  2042  7000 I SmartPower: com.google.android.inputmethod.latin/10176(6431): idle->visible(1517ms) R(show input method) adj=100.
10-09 13:33:14.062  2042  7000 I DefaultImeVisibilityApplier: IMMS.showCurrentInputLocked request ims to show inputMethod.
10-09 13:33:14.076  2042  6998 I InputMethodManagerService: IMMS.showSoftInput(), client = com.android.internal.inputmethod.IInputMethodClient$Stub$Proxy@c78decf
10-09 13:33:14.076  2042  6998 I InputMethodManagerService: IMMS.showCurrentInputLocked(), flags = 0
10-09 13:33:14.076  2042  6998 D SmartPower: com.google.android.inputmethod.latin/10176(6431): show input method
10-09 13:33:14.077  2042  6998 I DefaultImeVisibilityApplier: IMMS.showCurrentInputLocked request ims to show inputMethod.
10-09 13:33:14.127  2042  8104 I InputMethodManagerService: IMMS.applyImeVisibility(), setVisible = true, mCurclient = ClientState{80c558e mUid=10172 mPid=17153 mSelfReportedDisplayId=0}
10-09 13:33:14.127  2042  8104 I WindowManager: WMS.showImePostLayout(), imeTarget = Window{edce952 u0 com.android.chrome/org.chromium.chrome.browser.ChromeTabbedActivity}
10-09 13:33:14.131  2042  6998 D ActivityManager: checkAllowBackground: uid=10163 pkg=com.google.android.gms rec=UidRecord{3efeecd u0a163 BTOP change:procadj procs:0 seq(636031,425084)} caps=LCMNFU always=false idle=false
10-09 13:33:14.140  4304  4484 D MiuiFreeformModeController: avoidForInsetsBottomChangedIfNeed oldMoveableBottom: 2270 newMoveableBounds: 2270
10-09 13:33:14.158  4304  4484 D MiuiFreeformModeController: avoidForInsetsBottomChangedIfNeed oldMoveableBottom: 2270 newMoveableBounds: 2270
10-09 13:33:14.172  2042  6971 D WindowManager: wms.finishDrawingLocked: mDrawState=COMMIT_DRAW_PENDING Window{49d5fba u0 InputMethod} in Surface(name=InputMethod#6053)/@0x475ff65
10-09 13:33:14.174  2042  2693 I ImeInsetsSourceProvider: ImeInsetsSourceProvider.scheduleShowImePostLayout() Run showImeRunner.
10-09 13:33:14.174  2042  2693 I ImeInsetsSourceProvider: ImeInsetsSourceProvider.scheduleShowImePostLayout() isReadyToShowIme.
10-09 13:33:14.175  2042  8104 I InputMethodManagerService: IMMS.applyImeVisibility(), setVisible = true, mCurclient = ClientState{80c558e mUid=10172 mPid=17153 mSelfReportedDisplayId=0}
10-09 13:33:14.179  2042  8104 I WindowManager: WMS.showImePostLayout(), imeTarget = Window{edce952 u0 com.android.chrome/org.chromium.chrome.browser.ChromeTabbedActivity}
10-09 13:33:14.182  2042  2693 I ImeInsetsSourceProvider: ImeInsetsSourceProvider.scheduleShowImePostLayout() Run showImeRunner.
10-09 13:33:14.182  2042  2693 I ImeInsetsSourceProvider: ImeInsetsSourceProvider.scheduleShowImePostLayout() isReadyToShowIme.
