10-09 14:05:46.681  2042  2693 I ImeInsetsSourceProvider: ImeInsetsSourceProvider.scheduleShowImePostLayout() Run showImeRunner.
10-09 14:05:46.681  2042  2693 I ImeInsetsSourceProvider: ImeInsetsSourceProvider.scheduleShowImePostLayout() isReadyToShowIme.
10-09 14:05:46.685  2042  4589 D ActivityManager: checkAllowBackground: uid=10163 pkg=com.google.android.gms rec=UidRecord{3efeecd u0a163 BTOP change:procadj procs:0 seq(724597,425084)} caps=LCMNFU always=false idle=false
10-09 14:05:46.691  4304  4484 D OneHandedController: stopOneHanded state is 0
10-09 14:05:46.697  2042  6997 D ActivityManager: checkAllowBackground: uid=10163 pkg=com.google.android.gms rec=UidRecord{3efeecd u0a163 BTOP change:procadj procs:0 seq(724603,425084)} caps=LCMNFU always=false idle=false
10-09 14:05:46.715  2042  9053 D ActivityManager: checkAllowBackground: uid=10163 pkg=com.google.android.gms rec=UidRecord{3efeecd u0a163 BTOP change:procadj procs:0 seq(724607,425084)} caps=LCMNFU always=false idle=false
10-09 14:05:46.727  2042  9053 D ActivityManager: checkAllowBackground: uid=10163 pkg=com.google.android.gms rec=UidRecord{3efeecd u0a163 BTOP change:procadj procs:0 seq(724611,425084)} caps=LCMNFU always=false idle=false
10-09 14:05:46.740  2042  6997 D ActivityManager: checkAllowBackground: uid=10163 pkg=com.google.android.gms rec=UidRecord{3efeecd u0a163 BTOP change:procadj procs:0 seq(724615,425084)} caps=LCMNFU always=false idle=false
10-09 14:05:46.799  2042  6997 W WindowManager: Cannot find window which accessibility connection is added to
10-09 14:05:46.801  2042  6997 W WindowManager: Failed looking up window session=Session{a1506bf 20547:u0a10213} callers=com.android.server.wm.WindowManagerService.windowForClientLocked:6851 com.android.server.wm.WindowManagerService.removeWindow:2423 com.android.server.wm.Session.remove:248 
10-09 14:05:47.019  2042  2042 W FillResponseEventLogger: FillResponseEventLogger is not empty before starting for a new request
10-09 14:05:47.019  2042  2042 D AutofillSession: Service did not request to wait for delayed fill response.
10-09 14:05:47.020  2042  6997 D ActivityManager: checkAllowBackground: uid=10163 pkg=com.google.android.gms rec=UidRecord{3efeecd u0a163 BTOP change:procadj procs:0 seq(724619,425084)} caps=LCMNFU always=false idle=false
10-09 14:05:47.261  2042  6997 D WindowManagerService: checkFlipFullScreenChange is same, nowIsFullScreen = false
10-09 14:05:47.263  2042  6997 W PresentationStatsEventLogger: Shouldn't be logging AutofillPresentationEventReported again for same event
10-09 14:05:47.263  2042  6997 W FillRequestEventLogger: Couldn't find packageName: com.google.android.inputmethod.latin
10-09 14:05:47.274  2042  6997 D AutofillSession: createPendingIntent for request 590
10-09 14:05:47.274  2042  6997 D ContentCapturePerUserService: Notified activity assist data for activity: Token{b4747f7 ActivityRecord{f6246b8 u0 eu.europa.ec.euidi/eu.europa.ec.assemblylogic.ui.MainActivity t6526}} without a session Id
10-09 14:05:47.291  2042  9053 D ActivityManager: checkAllowBackground: uid=10163 pkg=com.google.android.gms rec=UidRecord{3efeecd u0a163 BTOP change:procadj procs:0 seq(724623,425084)} caps=LCMNFU always=false idle=false
10-09 14:05:47.298  2042  6997 I InputMethodManagerService: IMMS.showCurrentInputLocked(), flags = 1
10-09 14:05:47.299  2042  6997 D SmartPower: com.google.android.inputmethod.latin/10176(6431): show input method
10-09 14:05:47.299  2042  6997 I DefaultImeVisibilityApplier: IMMS.showCurrentInputLocked request ims to show inputMethod.
10-09 14:05:47.304  2042  4541 W PackageConfigPersister: App-specific configuration not found for packageName: eu.europa.ec.euidi and userId: 0
10-09 14:05:47.309  2042  4541 D ActivityManager: checkAllowBackground: uid=10163 pkg=com.google.android.gms rec=UidRecord{3efeecd u0a163 BTOP change:procadj procs:0 seq(724627,425084)} caps=LCMNFU always=false idle=false
10-09 14:05:47.337  2042  4589 I InputMethodManagerService: IMMS.showSoftInput(), client = com.android.internal.inputmethod.IInputMethodClient$Stub$Proxy@d24c036
10-09 14:05:47.337  2042  4589 I InputMethodManagerService: IMMS.showCurrentInputLocked(), flags = 0
10-09 14:05:47.337  2042  4589 D SmartPower: com.google.android.inputmethod.latin/10176(6431): show input method
10-09 14:05:47.338  2042  4589 I DefaultImeVisibilityApplier: IMMS.showCurrentInputLocked request ims to show inputMethod.
10-09 14:05:47.351  2042  4541 D ActivityManager: checkAllowBackground: uid=10163 pkg=com.google.android.gms rec=UidRecord{3efeecd u0a163 BTOP change:procadj procs:0 seq(724633,425084)} caps=LCMNFU always=false idle=false
10-09 14:05:47.369  2042  6997 I InputMethodManagerService: IMMS.applyImeVisibility(), setVisible = true, mCurclient = ClientState{8e69f2 mUid=10030 mPid=7880 mSelfReportedDisplayId=0}
10-09 14:05:47.369  2042  6997 I WindowManager: WMS.showImePostLayout(), imeTarget = Window{7996b78 u0 eu.europa.ec.euidi/eu.europa.ec.assemblylogic.ui.MainActivity}
10-09 14:05:47.370  2042  2693 I ImeInsetsSourceProvider: ImeInsetsSourceProvider.scheduleShowImePostLayout() Run showImeRunner.
10-09 14:05:47.370  2042  2693 I ImeInsetsSourceProvider: ImeInsetsSourceProvider.scheduleShowImePostLayout() isReadyToShowIme.
10-09 14:05:47.373  2042  9053 D ActivityManager: checkAllowBackground: uid=10163 pkg=com.google.android.gms rec=UidRecord{3efeecd u0a163 BTOP change:procadj procs:0 seq(724637,425084)} caps=LCMNFU always=false idle=false
10-09 14:05:47.375  4304  4484 D OneHandedController: stopOneHanded state is 0
10-09 14:05:47.377  2042  8104 I InputMethodManagerService: IMMS.applyImeVisibility(), setVisible = true, mCurclient = ClientState{8e69f2 mUid=10030 mPid=7880 mSelfReportedDisplayId=0}
10-09 14:05:47.377  2042  8104 I WindowManager: WMS.showImePostLayout(), imeTarget = Window{7996b78 u0 eu.europa.ec.euidi/eu.europa.ec.assemblylogic.ui.MainActivity}
10-09 14:05:47.378  2042  2693 I ImeInsetsSourceProvider: ImeInsetsSourceProvider.scheduleShowImePostLayout() Run showImeRunner.
10-09 14:05:47.378  2042  2693 I ImeInsetsSourceProvider: ImeInsetsSourceProvider.scheduleShowImePostLayout() isReadyToShowIme.
10-09 14:05:47.384  4304  4484 D OneHandedController: stopOneHanded state is 0
10-09 14:05:47.403  2042  9053 D ActivityManager: checkAllowBackground: uid=10163 pkg=com.google.android.gms rec=UidRecord{3efeecd u0a163 BTOP change:procadj procs:0 seq(724641,425084)} caps=LCMNFU always=false idle=false
10-09 14:05:47.420  2042  3524 I SmartPower: com.android.chrome:sandboxed_process0:org.chromium.content.app.SandboxedProcessSerbackground->idle(35818ms) R(adj below visible) adj=700.
10-09 14:05:47.429  2042  4589 D ActivityManager: checkAllowBackground: uid=10163 pkg=com.google.android.gms rec=UidRecord{3efeecd u0a163 BTOP change:procadj procs:0 seq(724645,425084)} caps=LCMNFU always=false idle=false
10-09 14:05:47.440  2042  9053 D ActivityManager: checkAllowBackground: uid=10163 pkg=com.google.android.gms rec=UidRecord{3efeecd u0a163 BTOP change:procadj procs:0 seq(724649,425084)} caps=LCMNFU always=false idle=false
10-09 14:05:47.711  2042  2042 W FillResponseEventLogger: FillResponseEventLogger is not empty before starting for a new request
10-09 14:05:47.711  2042  2042 D AutofillSession: Service did not request to wait for delayed fill response.
10-09 14:05:47.712  2042  9053 D ActivityManager: checkAllowBackground: uid=10163 pkg=com.google.android.gms rec=UidRecord{3efeecd u0a163 BTOP change:procadj procs:0 seq(724653,425084)} caps=LCMNFU always=false idle=false
10-09 14:05:47.822  2042  9053 D PerfShielderService: eu.europa.ec.euidi|eu.europa.ec.euidi/eu.europa.ec.assemblylogic.ui.MainActivity|80|36556608978709|45|2|3
10-09 14:05:47.822  6649  7642 W MiuiPerfServiceClient: interceptAndQueuing:7880|eu.europa.ec.euidi|80|45|36556608978709|Slow handle animation|3
10-09 14:05:47.904  2042  3524 I SmartPower: com.google.android.adservices.api/10294(20677): background->idle(36169ms) R(adj below visible) adj=100.
10-09 14:05:47.982  2042  9053 D WindowManagerService: checkFlipFullScreenChange is same, nowIsFullScreen = false
10-09 14:05:47.985  2042  9053 W PresentationStatsEventLogger: Shouldn't be logging AutofillPresentationEventReported again for same event
10-09 14:05:47.985  2042  9053 W FillRequestEventLogger: Couldn't find packageName: com.google.android.inputmethod.latin
10-09 14:05:47.995  2042  4589 D AutofillSession: createPendingIntent for request 591
10-09 14:05:47.995  2042  4589 D ContentCapturePerUserService: Notified activity assist data for activity: Token{b4747f7 ActivityRecord{f6246b8 u0 eu.europa.ec.euidi/eu.europa.ec.assemblylogic.ui.MainActivity t6526}} without a session Id
10-09 14:05:48.010  2042  6971 D ActivityManager: checkAllowBackground: uid=10163 pkg=com.google.android.gms rec=UidRecord{3efeecd u0a163 BTOP change:procadj procs:0 seq(724657,425084)} caps=LCMNFU always=false idle=false
10-09 14:05:48.017  2042  6971 I InputMethodManagerService: IMMS.showCurrentInputLocked(), flags = 1
10-09 14:05:48.017  2042  6971 D SmartPower: com.google.android.inputmethod.latin/10176(6431): show input method
10-09 14:05:48.018  2042  6971 I DefaultImeVisibilityApplier: IMMS.showCurrentInputLocked request ims to show inputMethod.
10-09 14:05:48.021  2042  4100 W PackageConfigPersister: App-specific configuration not found for packageName: eu.europa.ec.euidi and userId: 0
10-09 14:05:48.029  2042  6971 D ActivityManager: checkAllowBackground: uid=10163 pkg=com.google.android.gms rec=UidRecord{3efeecd u0a163 BTOP change:procadj procs:0 seq(724661,425084)} caps=LCMNFU always=false idle=false
10-09 14:05:48.049  2042  6971 I InputMethodManagerService: IMMS.showSoftInput(), client = com.android.internal.inputmethod.IInputMethodClient$Stub$Proxy@ad68c28
10-09 14:05:48.049  2042  6971 I InputMethodManagerService: IMMS.showCurrentInputLocked(), flags = 0
10-09 14:05:48.050  2042  6971 D SmartPower: com.google.android.inputmethod.latin/10176(6431): show input method
10-09 14:05:48.050  2042  6971 I DefaultImeVisibilityApplier: IMMS.showCurrentInputLocked request ims to show inputMethod.
10-09 14:05:48.080  2042  9053 I InputMethodManagerService: IMMS.applyImeVisibility(), setVisible = true, mCurclient = ClientState{8e69f2 mUid=10030 mPid=7880 mSelfReportedDisplayId=0}
10-09 14:05:48.080  2042  9053 I WindowManager: WMS.showImePostLayout(), imeTarget = Window{7996b78 u0 eu.europa.ec.euidi/eu.europa.ec.assemblylogic.ui.MainActivity}
10-09 14:05:48.084  2042  2693 I ImeInsetsSourceProvider: ImeInsetsSourceProvider.scheduleShowImePostLayout() Run showImeRunner.
10-09 14:05:48.084  2042  2693 I ImeInsetsSourceProvider: ImeInsetsSourceProvider.scheduleShowImePostLayout() isReadyToShowIme.
10-09 14:05:48.091  2042  6971 D ActivityManager: checkAllowBackground: uid=10163 pkg=com.google.android.gms rec=UidRecord{3efeecd u0a163 BTOP change:procadj procs:0 seq(724665,425084)} caps=LCMNFU always=false idle=false
10-09 14:05:48.091  2042  6997 I InputMethodManagerService: IMMS.applyImeVisibility(), setVisible = true, mCurclient = ClientState{8e69f2 mUid=10030 mPid=7880 mSelfReportedDisplayId=0}
10-09 14:05:48.092  2042  6997 I WindowManager: WMS.showImePostLayout(), imeTarget = Window{7996b78 u0 eu.europa.ec.euidi/eu.europa.ec.assemblylogic.ui.MainActivity}
10-09 14:05:48.092  4304  4484 D OneHandedController: stopOneHanded state is 0
10-09 14:05:48.093  2042  9053 D ActivityManager: checkAllowBackground: uid=10163 pkg=com.google.android.gms rec=UidRecord{3efeecd u0a163 BTOP change:procadj procs:0 seq(724667,425084)} caps=LCMNFU always=false idle=false
10-09 14:05:48.094  2042  2693 I ImeInsetsSourceProvider: ImeInsetsSourceProvider.scheduleShowImePostLayout() Run showImeRunner.
10-09 14:05:48.094  2042  2693 I ImeInsetsSourceProvider: ImeInsetsSourceProvider.scheduleShowImePostLayout() isReadyToShowIme.
10-09 14:05:48.098  4304  4484 D OneHandedController: stopOneHanded state is 0
10-09 14:05:48.118  2042  4100 D ActivityManager: checkAllowBackground: uid=10163 pkg=com.google.android.gms rec=UidRecord{3efeecd u0a163 BTOP change:procadj procs:0 seq(724673,425084)} caps=LCMNFU always=false idle=false
10-09 14:05:48.136  2042  9053 D ActivityManager: checkAllowBackground: uid=10163 pkg=com.google.android.gms rec=UidRecord{3efeecd u0a163 BTOP change:procadj procs:0 seq(724677,425084)} caps=LCMNFU always=false idle=false
10-09 14:05:48.148  2042  8104 D ActivityManager: checkAllowBackground: uid=10163 pkg=com.google.android.gms rec=UidRecord{3efeecd u0a163 BTOP change:procadj procs:0 seq(724681,425084)} caps=LCMNFU always=false idle=false
10-09 14:05:48.431  2042  2042 W FillResponseEventLogger: FillResponseEventLogger is not empty before starting for a new request
10-09 14:05:48.431  2042  2042 D AutofillSession: Service did not request to wait for delayed fill response.
10-09 14:05:48.435  2042  4100 D ActivityManager: checkAllowBackground: uid=10163 pkg=com.google.android.gms rec=UidRecord{3efeecd u0a163 BTOP change:procadj procs:0 seq(724685,425084)} caps=LCMNFU always=false idle=false
10-09 14:05:48.640  2042  3524 I SmartPower: com.android.chrome:sandboxed_process0:org.chromium.content.app.SandboxedProcessSerbackground->idle(36904ms) R(remove from whitelist) adj=200.
10-09 14:05:48.640  2042  3524 I SmartPower: com.android.chrome:sandboxed_process0:org.chromium.content.app.SandboxedProcessSerbackground->idle(36904ms) R(remove from whitelist) adj=200.
10-09 14:05:48.640  2042  3524 I SmartPower: com.android.chrome:sandboxed_process0:org.chromium.content.app.SandboxedProcessSerbackground->idle(36904ms) R(remove from whitelist) adj=200.
10-09 14:05:48.692  2042  6997 D WindowManagerService: checkFlipFullScreenChange is same, nowIsFullScreen = false
10-09 14:05:48.695  2042  6997 W PresentationStatsEventLogger: Shouldn't be logging AutofillPresentationEventReported again for same event
10-09 14:05:48.695  2042  6997 W FillRequestEventLogger: Couldn't find packageName: com.google.android.inputmethod.latin
10-09 14:05:48.706  2042  6997 D AutofillSession: createPendingIntent for request 592
10-09 14:05:48.706  2042  6997 D ContentCapturePerUserService: Notified activity assist data for activity: Token{b4747f7 ActivityRecord{f6246b8 u0 eu.europa.ec.euidi/eu.europa.ec.assemblylogic.ui.MainActivity t6526}} without a session Id
10-09 14:05:48.722  2042  6997 D ActivityManager: checkAllowBackground: uid=10163 pkg=com.google.android.gms rec=UidRecord{3efeecd u0a163 BTOP change:procadj procs:0 seq(724689,425084)} caps=LCMNFU always=false idle=false
10-09 14:05:48.726  2042  8104 I InputMethodManagerService: IMMS.showCurrentInputLocked(), flags = 1
10-09 14:05:48.726  2042  8104 D SmartPower: com.google.android.inputmethod.latin/10176(6431): show input method
10-09 14:05:48.727  2042  8104 I DefaultImeVisibilityApplier: IMMS.showCurrentInputLocked request ims to show inputMethod.
10-09 14:05:48.732  2042  4100 W PackageConfigPersister: App-specific configuration not found for packageName: eu.europa.ec.euidi and userId: 0
10-09 14:05:48.741  2042  9053 D ActivityManager: checkAllowBackground: uid=10163 pkg=com.google.android.gms rec=UidRecord{3efeecd u0a163 BTOP change:procadj procs:0 seq(724693,425084)} caps=LCMNFU always=false idle=false
10-09 14:05:48.756  2042  4100 I InputMethodManagerService: IMMS.showSoftInput(), client = com.android.internal.inputmethod.IInputMethodClient$Stub$Proxy@ab412ca
10-09 14:05:48.756  2042  4100 I InputMethodManagerService: IMMS.showCurrentInputLocked(), flags = 0
10-09 14:05:48.756  2042  4100 D SmartPower: com.google.android.inputmethod.latin/10176(6431): show input method
10-09 14:05:48.757  2042  4100 I DefaultImeVisibilityApplier: IMMS.showCurrentInputLocked request ims to show inputMethod.
10-09 14:05:48.782  2042  6997 I InputMethodManagerService: IMMS.applyImeVisibility(), setVisible = true, mCurclient = ClientState{8e69f2 mUid=10030 mPid=7880 mSelfReportedDisplayId=0}
10-09 14:05:48.782  2042  6997 I WindowManager: WMS.showImePostLayout(), imeTarget = Window{7996b78 u0 eu.europa.ec.euidi/eu.europa.ec.assemblylogic.ui.MainActivity}
10-09 14:05:48.783  2042  2693 I ImeInsetsSourceProvider: ImeInsetsSourceProvider.scheduleShowImePostLayout() Run showImeRunner.
10-09 14:05:48.783  2042  2693 I ImeInsetsSourceProvider: ImeInsetsSourceProvider.scheduleShowImePostLayout() isReadyToShowIme.
10-09 14:05:48.789  2042  6982 D ActivityManager: checkAllowBackground: uid=10163 pkg=com.google.android.gms rec=UidRecord{3efeecd u0a163 BTOP change:procadj procs:0 seq(724697,425084)} caps=LCMNFU always=false idle=false
10-09 14:05:48.790  4304  4484 D OneHandedController: stopOneHanded state is 0
10-09 14:05:48.797  2042  6971 I InputMethodManagerService: IMMS.applyImeVisibility(), setVisible = true, mCurclient = ClientState{8e69f2 mUid=10030 mPid=7880 mSelfReportedDisplayId=0}
10-09 14:05:48.798  2042  6971 I WindowManager: WMS.showImePostLayout(), imeTarget = Window{7996b78 u0 eu.europa.ec.euidi/eu.europa.ec.assemblylogic.ui.MainActivity}
10-09 14:05:48.800  2042  2693 I ImeInsetsSourceProvider: ImeInsetsSourceProvider.scheduleShowImePostLayout() Run showImeRunner.
10-09 14:05:48.800  2042  2693 I ImeInsetsSourceProvider: ImeInsetsSourceProvider.scheduleShowImePostLayout() isReadyToShowIme.
10-09 14:05:48.805  2042  4100 D ActivityManager: checkAllowBackground: uid=10163 pkg=com.google.android.gms rec=UidRecord{3efeecd u0a163 BTOP change:procadj procs:0 seq(724701,425084)} caps=LCMNFU always=false idle=false
10-09 14:05:48.808  4304  4484 D OneHandedController: stopOneHanded state is 0
10-09 14:05:48.826  2042  6982 D ActivityManager: checkAllowBackground: uid=10163 pkg=com.google.android.gms rec=UidRecord{3efeecd u0a163 BTOP change:procadj procs:0 seq(724705,425084)} caps=LCMNFU always=false idle=false
10-09 14:05:48.853  2042  6982 D ActivityManager: checkAllowBackground: uid=10163 pkg=com.google.android.gms rec=UidRecord{3efeecd u0a163 BTOP change:procadj procs:0 seq(724709,425084)} caps=LCMNFU always=false idle=false
10-09 14:05:48.861  2042  3524 I SmartPower: com.google.android.apps.turbo/10162(22201): background->idle(3000ms) R(broadcast start Intent { act=android.intent.action.BATTERY_LEVEL_CHANGED flg=0x1000010 (has extras) }) adj=905.
10-09 14:05:48.864  2042  4100 D ActivityManager: checkAllowBackground: uid=10163 pkg=com.google.android.gms rec=UidRecord{3efeecd u0a163 BTOP change:procadj procs:0 seq(724713,425084)} caps=LCMNFU always=false idle=false
10-09 14:05:49.134  2042  2042 W FillResponseEventLogger: FillResponseEventLogger is not empty before starting for a new request
10-09 14:05:49.134  2042  2042 D AutofillSession: Service did not request to wait for delayed fill response.
10-09 14:05:49.135  2042  4100 D ActivityManager: checkAllowBackground: uid=10163 pkg=com.google.android.gms rec=UidRecord{3efeecd u0a163 FGS  change:procstateprocadj procs:0 seq(724719,425084)} caps=LCMNFU always=false idle=false
10-09 14:05:49.260  2183  2183 I wificond: station_bandwidth: P
10-09 14:05:49.262  4304  4304 D ArtChoreographerMonitor: invoke error.
10-09 14:05:49.350  2042  3524 I SmartPower: com.xiaomi.discover/10121(23492): background->idle(3001ms) R(broadcast start Intent { act=android.intent.action.BATTERY_CHANGED flg=0x60000010 (has extras) }) adj=905.
10-09 14:05:49.350  2042  3524 I SmartPower: com.miui.android.fashiongallery/10228(32611): background->idle(3001ms) R(broadcast start Intent { act=android.intent.action.BATTERY_CHANGED flg=0x60000010 (has extras) }) adj=915.
10-09 14:05:49.351  2042  3524 I SmartPower: com.facebook.appmanager/10138(27658): background->idle(3001ms) R(broadcast start Intent { act=android.intent.action.BATTERY_CHANGED flg=0x60000010 (has extras) }) adj=905.
10-09 14:05:49.351  2042  3524 I SmartPower: com.facebook.katana/10243(13231): background->idle(3001ms) R(broadcast start Intent { act=android.intent.action.BATTERY_CHANGED flg=0x60000010 (has extras) }) adj=905.
10-09 14:05:49.351  2042  3524 I SmartPower: com.google.android.apps.tachyon/10226(15532): background->idle(3000ms) R(broadcast start Intent { act=android.intent.action.BATTERY_CHANGED flg=0x60000010 (has extras) }) adj=965.
10-09 14:05:49.352  2042  3524 I SmartPower: com.microsoft.teams/10266(15546): background->idle(3001ms) R(broadcast start Intent { act=android.intent.action.BATTERY_CHANGED flg=0x60000010 (has extras) }) adj=900.
10-09 14:05:49.353  2042  3524 I SmartPower: com.google.android.apps.magazines/10234(19722): background->idle(3002ms) R(broadcast start Intent { act=android.intent.action.BATTERY_CHANGED flg=0x60000010 (has extras) }) adj=905.
10-09 14:05:49.431  4304  4304 D ArtChoreographerMonitor: invoke error.
10-09 14:05:49.785  2042  6982 D WindowManagerService: checkFlipFullScreenChange is same, nowIsFullScreen = false
10-09 14:05:49.788  2042  6982 W PresentationStatsEventLogger: Shouldn't be logging AutofillPresentationEventReported again for same event
10-09 14:05:49.789  2042  6982 W FillRequestEventLogger: Couldn't find packageName: com.google.android.inputmethod.latin
10-09 14:05:49.798  2042  6982 D AutofillSession: createPendingIntent for request 593
10-09 14:05:49.798  2042  6982 D ContentCapturePerUserService: Notified activity assist data for activity: Token{b4747f7 ActivityRecord{f6246b8 u0 eu.europa.ec.euidi/eu.europa.ec.assemblylogic.ui.MainActivity t6526}} without a session Id
10-09 14:05:49.817  2042  8104 D ActivityManager: checkAllowBackground: uid=10163 pkg=com.google.android.gms rec=UidRecord{3efeecd u0a163 FGS  change:procadj procs:0 seq(724723,425084)} caps=LCMNFU always=false idle=false
10-09 14:05:49.820  2042  4100 I InputMethodManagerService: IMMS.showCurrentInputLocked(), flags = 1
10-09 14:05:49.820  2042  4100 D SmartPower: com.google.android.inputmethod.latin/10176(6431): show input method
10-09 14:05:49.820  2042  4100 I DefaultImeVisibilityApplier: IMMS.showCurrentInputLocked request ims to show inputMethod.
10-09 14:05:49.824  2042  6982 W PackageConfigPersister: App-specific configuration not found for packageName: eu.europa.ec.euidi and userId: 0
10-09 14:05:49.831  2042  6982 D ActivityManager: checkAllowBackground: uid=10163 pkg=com.google.android.gms rec=UidRecord{3efeecd u0a163 FGS  change:procadj procs:0 seq(724725,425084)} caps=LCMNFU always=false idle=false
10-09 14:05:49.854  2042  4100 I InputMethodManagerService: IMMS.showSoftInput(), client = com.android.internal.inputmethod.IInputMethodClient$Stub$Proxy@3f9dce9
10-09 14:05:49.854  2042  4100 I InputMethodManagerService: IMMS.showCurrentInputLocked(), flags = 0
10-09 14:05:49.854  2042  4100 D SmartPower: com.google.android.inputmethod.latin/10176(6431): show input method
10-09 14:05:49.855  2042  4100 I DefaultImeVisibilityApplier: IMMS.showCurrentInputLocked request ims to show inputMethod.
10-09 14:05:49.885  2042  4772 I InputMethodManagerService: IMMS.applyImeVisibility(), setVisible = true, mCurclient = ClientState{8e69f2 mUid=10030 mPid=7880 mSelfReportedDisplayId=0}
10-09 14:05:49.886  2042  4772 I WindowManager: WMS.showImePostLayout(), imeTarget = Window{7996b78 u0 eu.europa.ec.euidi/eu.europa.ec.assemblylogic.ui.MainActivity}
10-09 14:05:49.889  2042  9053 D ActivityManager: checkAllowBackground: uid=10163 pkg=com.google.android.gms rec=UidRecord{3efeecd u0a163 FGS  change:procadj procs:0 seq(724731,425084)} caps=LCMNFU always=false idle=false
10-09 14:05:49.889  2042  2693 I ImeInsetsSourceProvider: ImeInsetsSourceProvider.scheduleShowImePostLayout() Run showImeRunner.
10-09 14:05:49.889  2042  2693 I ImeInsetsSourceProvider: ImeInsetsSourceProvider.scheduleShowImePostLayout() isReadyToShowIme.
10-09 14:05:49.894  4304  4484 D OneHandedController: stopOneHanded state is 0
10-09 14:05:49.897  2042  4100 I InputMethodManagerService: IMMS.applyImeVisibility(), setVisible = true, mCurclient = ClientState{8e69f2 mUid=10030 mPid=7880 mSelfReportedDisplayId=0}
10-09 14:05:49.897  2042  4100 I WindowManager: WMS.showImePostLayout(), imeTarget = Window{7996b78 u0 eu.europa.ec.euidi/eu.europa.ec.assemblylogic.ui.MainActivity}
10-09 14:05:49.899  2042  2693 I ImeInsetsSourceProvider: ImeInsetsSourceProvider.scheduleShowImePostLayout() Run showImeRunner.
10-09 14:05:49.899  2042  2693 I ImeInsetsSourceProvider: ImeInsetsSourceProvider.scheduleShowImePostLayout() isReadyToShowIme.
10-09 14:05:49.904  2042  6982 D ActivityManager: checkAllowBackground: uid=10163 pkg=com.google.android.gms rec=UidRecord{3efeecd u0a163 FGS  change:procadj procs:0 seq(724735,425084)} caps=LCMNFU always=false idle=false
10-09 14:05:49.909  2042  6997 D ActivityManager: checkAllowBackground: uid=10163 pkg=com.google.android.gms rec=UidRecord{3efeecd u0a163 FGS  change:procadj procs:0 seq(724737,425084)} caps=LCMNFU always=false idle=false
10-09 14:05:49.909  4304  4484 D OneHandedController: stopOneHanded state is 0
10-09 14:05:49.930  2042  6997 D ActivityManager: checkAllowBackground: uid=10163 pkg=com.google.android.gms rec=UidRecord{3efeecd u0a163 FGS  change:procadj procs:0 seq(724743,425084)} caps=LCMNFU always=false idle=false
10-09 14:05:49.949  2042  6997 D ActivityManager: checkAllowBackground: uid=10163 pkg=com.google.android.gms rec=UidRecord{3efeecd u0a163 FGS  change:procadj procs:0 seq(724747,425084)} caps=LCMNFU always=false idle=false
10-09 14:05:49.962  2042  6982 D ActivityManager: checkAllowBackground: uid=10163 pkg=com.google.android.gms rec=UidRecord{3efeecd u0a163 FGS  change:procadj procs:0 seq(724751,425084)} caps=LCMNFU always=false idle=false
10-09 14:05:50.236  2042  2042 W FillResponseEventLogger: FillResponseEventLogger is not empty before starting for a new request
10-09 14:05:50.236  2042  2042 D AutofillSession: Service did not request to wait for delayed fill response.
10-09 14:05:50.237  2042  6982 D ActivityManager: checkAllowBackground: uid=10163 pkg=com.google.android.gms rec=UidRecord{3efeecd u0a163 FGS  change:procadj procs:0 seq(724755,425084)} caps=LCMNFU always=false idle=false
10-09 14:05:50.491  2042  6982 D WindowManagerService: checkFlipFullScreenChange is same, nowIsFullScreen = false
10-09 14:05:50.547  2042  6997 D CompatibilityChangeReporter: Compat change id reported: 161145287; UID 10030; state: ENABLED
10-09 14:05:50.693  4304  4484 D MiuiFreeformModeController: avoidForInsetsBottomChangedIfNeed oldMoveableBottom: 2270 newMoveableBounds: 2270
10-09 14:05:50.693  4304  4484 D ImePositionProcessor: onImeVisibilityChanged     isShowing:  false
10-09 14:05:50.695  4304  4484 D MiuiFreeformModeController: onImeVisibilityChanged imeVisible: false imeHeight: 0 adjustedForRotation:false
10-09 14:05:50.695  4304  4484 D MiuiFreeformModeAvoidAlgorithm: begin autoOrderingAvoidMiniTask
10-09 14:05:50.696  2042  2693 I WindowManager: input method visible height changed 0
10-09 14:05:50.696  2042  3126 I ITouchFeature: current device and process support version:2
10-09 14:05:50.698  4304  4484 D MiuiFreeformModeAvoidAlgorithm: getCurrMiniPos: SameSideMiniPosList: []
10-09 14:05:50.698  4304  4484 D MiuiFreeformModeAvoidAlgorithm: getCurrMiniPos: SameSideMiniPosList: []
10-09 14:05:50.698  4304  4484 D MiuiFreeformModeAvoidAlgorithm: end autoOrderingAvoidMiniTask res:AvoidResult{distance=0, combination={}, activeTaskPos=Rect(0, 0 - 0, 0)}
10-09 14:05:50.704  2042  4772 W PackageConfigPersister: App-specific configuration not found for packageName: eu.europa.ec.euidi and userId: 0
10-09 14:05:50.708  2042  8104 I InputMethodManagerService: IMMS.applyImeVisibility(), setVisible = false, mCurclient = ClientState{8e69f2 mUid=10030 mPid=7880 mSelfReportedDisplayId=0}
10-09 14:05:50.713  4304  4304 D ArtChoreographerMonitor: invoke error.
10-09 14:05:50.732  2042  6997 D CoreBackPreview: Window{7996b78 u0 eu.europa.ec.euidi/eu.europa.ec.assemblylogic.ui.MainActivity}: Setting back callback OnBackInvokedCallbackInfo{mCallback=android.window.IOnBackInvokedCallback$Stub$Proxy@dd156a0, mPriority=0, mIsAnimationCallback=false}
10-09 14:05:50.887  4304  4304 D ArtChoreographerMonitor: invoke error.
10-09 14:05:51.229  2042  6997 I SmartPower: com.google.android.inputmethod.latin/10176(6431): visible->invisible(6360ms) R(become invisible) adj=100.
10-09 14:05:51.230  2042  6997 I SmartPower: com.google.android.inputmethod.latin/10176(6431): invisible->background(0ms) R(become background) adj=100.
10-09 14:05:51.232  4304  4484 D MiuiFreeformModeController: avoidForInsetsBottomChangedIfNeed oldMoveableBottom: 2270 newMoveableBounds: 2270
10-09 14:05:51.237  4304  4484 D MiuiFreeformModeController: avoidForInsetsBottomChangedIfNeed oldMoveableBottom: 2270 newMoveableBounds: 2270
10-09 14:05:51.407  2042  6997 W MIUIInput: Input event injection from package: null action ACTION_DOWN
10-09 14:05:51.414  2042  6997 W MIUIInput: Input event injection from package: null action ACTION_UP
10-09 14:05:51.429  2042  4772 D PerfShielderService: eu.europa.ec.euidi|eu.europa.ec.euidi/eu.europa.ec.assemblylogic.ui.MainActivity|195|36559989986156|102|2|4
10-09 14:05:51.429  6649  7642 W MiuiPerfServiceClient: interceptAndQueuing:7880|eu.europa.ec.euidi|195|102|36559989986156|Slow handle animation|4
10-09 14:05:52.117  2042  4772 W MIUIInput: Input event injection from package: null action ACTION_DOWN
10-09 14:05:52.122  2042  4772 W MIUIInput: Input event injection from package: null action ACTION_UP
10-09 14:05:52.269  2183  2183 I wificond: station_bandwidth: P
10-09 14:05:52.314  2042  2692 W ProcessStats: Tracking association SourceState{3682bb3 com.miui.analytics/10093 BFgs #108740} whose proc state 4 is better than process ProcessState{6688729 com.miui.securitycenter.remote/1000 pkg=com.miui.securitycenter} proc state 9 (131 skipped)
10-09 14:05:52.684  2042  4772 D CompatibilityChangeReporter: Compat change id reported: 261072174; UID 10172; state: ENABLED
10-09 14:05:53.562  2042  4772 W MIUIInput: Input event injection from package: null action ACTION_DOWN
10-09 14:05:53.565  2042  4772 W MIUIInput: Input event injection from package: null action ACTION_UP
10-09 14:05:53.589  2042  6997 D PerfShielderService: eu.europa.ec.euidi|eu.europa.ec.euidi/eu.europa.ec.assemblylogic.ui.MainActivity|239|36561638500009|143|5|6
10-09 14:05:53.589  6649  7642 W MiuiPerfServiceClient: interceptAndQueuing:7880|eu.europa.ec.euidi|239|143|36561638500009|Slow issue draw commands|6
10-09 14:05:54.230  2042  3524 I SmartPower: com.google.android.inputmethod.latin/10176(6431): background->idle(3001ms) R(become invisible) adj=100.
10-09 14:05:55.142  2042  6997 D PackageParserImpl: dump dex file,file message: base.vdex: 6501Kb 
10-09 14:05:55.232  2042  6997 D PackageParserImpl: dump dex file,file message: base.vdex: 6501Kb 
10-09 14:05:55.280  2183  2183 I wificond: station_bandwidth: P
10-09 14:05:55.800  2042  6997 D PackageParserImpl: dump dex file,file message: base.odex: 64Kb base.vdex: 8311Kb 
10-09 14:05:55.866  8316  8665 E KernelRpmStatsReader: Failure reading rpm stats
10-09 14:05:55.866  8316  8665 E KernelRpmStatsReader: java.io.FileNotFoundException: /sys/power/rpmh_stats/master_stats: open failed: EACCES (Permission denied)
10-09 14:05:55.866  8316  8665 E KernelRpmStatsReader: 	at libcore.io.IoBridge.open(IoBridge.java:574)
10-09 14:05:55.866  8316  8665 E KernelRpmStatsReader: 	at java.io.FileInputStream.<init>(FileInputStream.java:179)
10-09 14:05:55.866  8316  8665 E KernelRpmStatsReader: 	at java.io.FileInputStream.<init>(FileInputStream.java:133)
10-09 14:05:55.866  8316  8665 E KernelRpmStatsReader: 	at com.miui.powerkeeper.utils.KernelRpmStatsReader.readRpmStatsType2(KernelRpmStatsReader.java:27)
10-09 14:05:55.866  8316  8665 E KernelRpmStatsReader: 	at com.miui.powerkeeper.utils.KernelRpmStatsReader.readRpmStats(KernelRpmStatsReader.java:72)
10-09 14:05:55.866  8316  8665 E KernelRpmStatsReader: 	at com.miui.powerkeeper.powerchecker.PowerCheckerService.requestKernelRpmStatsUpdate(PowerCheckerService.java:5)
10-09 14:05:55.866  8316  8665 E KernelRpmStatsReader: 	at com.miui.powerkeeper.powerchecker.PowerCheckerService.addBatteryHistoryRecord(PowerCheckerService.java:33)
10-09 14:05:55.866  8316  8665 E KernelRpmStatsReader: 	at com.miui.powerkeeper.powerchecker.PowerCheckerService.updateBatteryLevelChanged(PowerCheckerService.java:9)
10-09 14:05:55.866  8316  8665 E KernelRpmStatsReader: 	at com.miui.powerkeeper.powerchecker.PowerCheckerService.access$2700(PowerCheckerService.java:1)
10-09 14:05:55.866  8316  8665 E KernelRpmStatsReader: 	at com.miui.powerkeeper.powerchecker.PowerCheckerService$PowerCheckHandler.handleMessage(PowerCheckerService.java:155)
10-09 14:05:55.866  8316  8665 E KernelRpmStatsReader: 	at android.os.Handler.dispatchMessage(Handler.java:106)
10-09 14:05:55.866  8316  8665 E KernelRpmStatsReader: 	at android.os.Looper.loopOnce(Looper.java:222)
10-09 14:05:55.866  8316  8665 E KernelRpmStatsReader: 	at android.os.Looper.loop(Looper.java:314)
10-09 14:05:55.866  8316  8665 E KernelRpmStatsReader: 	at android.os.HandlerThread.run(HandlerThread.java:67)
10-09 14:05:55.866  8316  8665 E KernelRpmStatsReader: Caused by: android.system.ErrnoException: open failed: EACCES (Permission denied)
10-09 14:05:55.866  8316  8665 E KernelRpmStatsReader: 	at libcore.io.Linux.open(Native Method)
10-09 14:05:55.866  8316  8665 E KernelRpmStatsReader: 	at libcore.io.ForwardingOs.open(ForwardingOs.java:568)
10-09 14:05:55.866  8316  8665 E KernelRpmStatsReader: 	at libcore.io.BlockGuardOs.open(BlockGuardOs.java:274)
10-09 14:05:55.866  8316  8665 E KernelRpmStatsReader: 	at libcore.io.ForwardingOs.open(ForwardingOs.java:568)
10-09 14:05:55.866  8316  8665 E KernelRpmStatsReader: 	at android.app.ActivityThread$AndroidOs.open(ActivityThread.java:8733)
10-09 14:05:55.866  8316  8665 E KernelRpmStatsReader: 	at libcore.io.IoBridge.open(IoBridge.java:560)
10-09 14:05:55.866  8316  8665 E KernelRpmStatsReader: 	... 13 more
10-09 14:05:55.901  2042  6997 D PackageParserImpl: dump dex file,file message: base.odex: 64Kb base.vdex: 8311Kb 
10-09 14:05:56.642  2042  6997 D PackageParserImpl: dump dex file,file message: base.odex: 32Kb base.vdex: 1832Kb 
10-09 14:05:57.881  2042  6997 D PackageParserImpl: dump dex file,file message: base.odex: 240Kb base.vdex: 578Kb 
10-09 14:05:57.963  2042  6997 D PackageParserImpl: dump dex file,file message: base.odex: 240Kb base.vdex: 578Kb 
10-09 14:05:58.083  2042  6997 D PackageParserImpl: dump dex file,file message: base.odex: 240Kb base.vdex: 578Kb 
10-09 14:05:58.168  2042  6997 I ActivityManager: Force stopping eu.europa.ec.euidi appid=10030 user=0: from process:8118
10-09 14:05:58.169  2042  6997 D CompatibilityChangeReporter: Compat change id reported: 197654537; UID 10030; state: ENABLED
10-09 14:05:58.169  2042  6997 D CompatibilityChangeReporter: Compat change id reported: 197654537; UID 10172; state: ENABLED
10-09 14:05:58.170  2042  3515 E ProcessManager: error write exception log
10-09 14:05:58.172  2042  6997 I ActivityManager: Killing 7880:eu.europa.ec.euidi/u0a30 (adj 0): stop eu.europa.ec.euidi due to from process:8118
10-09 14:05:58.173  2042  2074 D DisplayManagerService: Drop pending events for gone uid 10030
10-09 14:05:58.177  2042  6997 W ActivityTaskManager: Force removing ActivityRecord{f6246b8 u0 eu.europa.ec.euidi/eu.europa.ec.assemblylogic.ui.MainActivity t6526 f}}: app died, no saved state
10-09 14:05:58.177  2042  6997 D WindowManager: Requesting StartTransition: TransitionRecord{fdc353 id=393 type=CLOSE flags=0x0}
10-09 14:05:58.178  2042  6997 D WindowManager: Collecting in transition 393: Task{225c7f6 #6526 type=standard A=10030:eu.europa.ec.euidi} init visibleRequested:true
10-09 14:05:58.179  2042  6997 D WindowManager: Collecting in transition 393: ActivityRecord{f6246b8 u0 eu.europa.ec.euidi/eu.europa.ec.assemblylogic.ui.MainActivity t6526 f}} init visibleRequested:false
10-09 14:05:58.179  2042  6997 D WindowManager: wms.Input focus has changed to null display=0 updateInputWindows = true
10-09 14:05:58.179  2042  6997 I MultiSenceManagerInternalStub: getInstance
10-09 14:05:58.182  2042  6997 D WindowManager: Collecting in transition 393: ActivityRecord{3dc197f u0 com.android.chrome/org.chromium.chrome.browser.ChromeTabbedActivity t6512} init visibleRequested:false
10-09 14:05:58.183  2042  6997 I SmartPower: com.android.chrome:privileged_process0/10172(3249): idle->invisible(12545ms) R(become foreground) adj=700.
10-09 14:05:58.183  2042  6997 I SmartPower: com.android.chrome/10172(2944): idle->invisible(12544ms) R(become foreground) adj=700.
10-09 14:05:58.184  2042  6997 D WindowManager: Collecting in transition 393: ActivityRecord{3dc197f u0 com.android.chrome/org.chromium.chrome.browser.ChromeTabbedActivity t6512} init visibleRequested:true
10-09 14:05:58.190  2042  6982 D WindowManager: Set transition=TransitionRecord{fdc353 id=393 type=CLOSE flags=0x0}, ready=true, SyncId=393 
10-09 14:05:58.192  4304  4484 D MiuiFullScreenTaskRepository: removeFocusedTask displayId=0
10-09 14:05:58.192  4304  4484 D MiuiFullScreenTaskRepository: addOrUpdateFullScreenTaskInfo taskId=6526, topActivity=null
10-09 14:05:58.192  4304  4484 D MiuiFullScreenTaskRepository: addOrUpdateFullScreenTaskInfo taskId=6512, topActivity=ComponentInfo{com.android.chrome/org.chromium.chrome.browser.ChromeTabbedActivity}
10-09 14:05:58.195  2042  2693 I BLASTSyncEngine: SyncGroup 393:  Unfinished container:ActivityRecord{3dc197f u0 com.android.chrome/org.chromium.chrome.browser.ChromeTabbedActivity t6512}
10-09 14:05:58.195  2042  2693 I BLASTSyncEngine: isActivitySyncFinished isSyncFinished false ActivityRecord{3dc197f u0 com.android.chrome/org.chromium.chrome.browser.ChromeTabbedActivity t6512}
10-09 14:05:58.197  2042  2690 D Aurogon :  uid = 10172 switch to FG
10-09 14:05:58.203  2042  6997 D WindowManager: Set transition=TransitionRecord{fdc353 id=393 type=CLOSE flags=0x0}, ready=true, SyncId=393 
10-09 14:05:58.203  2042  6997 I AppsFilter: interaction: PackageSetting{12f5306 io.appium.uiautomator2.server.test/10767} -> PackageSetting{3f72189 eu.europa.ec.euidi/10030} BLOCKED
10-09 14:05:58.203  2042  6997 I AppsFilter: interaction: PackageSetting{e02bff4 com.fido.asm/10104} -> PackageSetting{3f72189 eu.europa.ec.euidi/10030} BLOCKED
10-09 14:05:58.203  2042  6997 I AppsFilter: interaction: PackageSetting{860431d io.appium.uiautomator2.server/10769} -> PackageSetting{3f72189 eu.europa.ec.euidi/10030} BLOCKED
10-09 14:05:58.203  2042  6997 I AppsFilter: interaction: PackageSetting{add9992 io.appium.settings/10611} -> PackageSetting{3f72189 eu.europa.ec.euidi/10030} BLOCKED
10-09 14:05:58.206  2042  9053 D CompatibilityChangeReporter: Compat change id reported: 161145287; UID 10172; state: ENABLED
10-09 14:05:58.225  2042  6982 D CoreBackPreview: Window{963420e u0 com.android.chrome/org.chromium.chrome.browser.ChromeTabbedActivity}: Setting back callback OnBackInvokedCallbackInfo{mCallback=android.window.IOnBackInvokedCallback$Stub$Proxy@3d21e3e, mPriority=0, mIsAnimationCallback=true}
10-09 14:05:58.249  2042  3110 D CompatibilityChangeReporter: Compat change id reported: 218533173; UID 10030; state: ENABLED
10-09 14:05:58.249  2042  3110 D CompatibilityChangeReporter: Compat change id reported: 262645982; UID 10030; state: ENABLED
10-09 14:05:58.268  2042  7000 D AutofillSession: handling death of Token{b4747f7 ActivityRecord{f6246b8 u0 eu.europa.ec.euidi/eu.europa.ec.assemblylogic.ui.MainActivity t6526 f} isExiting}} when saving=false
10-09 14:05:58.269  2042  3096 I WindowManager: WIN DEATH: Window{7996b78 u0 eu.europa.ec.euidi/eu.europa.ec.assemblylogic.ui.MainActivity}
10-09 14:05:58.272  2042  3096 I BLASTSyncEngine: SyncGroup 393:  Unfinished container:ActivityRecord{3dc197f u0 com.android.chrome/org.chromium.chrome.browser.ChromeTabbedActivity t6512}
10-09 14:05:58.272  2042  3096 I BLASTSyncEngine: isActivitySyncFinished isSyncFinished false ActivityRecord{3dc197f u0 com.android.chrome/org.chromium.chrome.browser.ChromeTabbedActivity t6512}
10-09 14:05:58.277  4304  5414 D MiuiFreeformModeObserver: activityResumed() intent： Intent { cmp=com.android.chrome/org.chromium.chrome.browser.ChromeTabbedActivity (has extras) }
10-09 14:05:58.289  2183  2183 I wificond: station_bandwidth: P
10-09 14:05:58.297  2042  7000 I BLASTSyncEngine: SyncGroup 393:  Unfinished container:ActivityRecord{3dc197f u0 com.android.chrome/org.chromium.chrome.browser.ChromeTabbedActivity t6512}
10-09 14:05:58.297  2042  7000 I BLASTSyncEngine: isActivitySyncFinished isSyncFinished false ActivityRecord{3dc197f u0 com.android.chrome/org.chromium.chrome.browser.ChromeTabbedActivity t6512}
10-09 14:05:58.298  2042  7000 I WindowManager: cancelAnimation removed leash : Surface(name=Surface(name=704023a StatusBar#94)/@0xa8be448 - animation-leash of insets_animation#8140)/@0xb18d6bc
10-09 14:05:58.301  2042  7000 I WindowManager: cancelAnimation removed leash : Surface(name=Surface(name=d968687 NavigationBar0#90)/@0x2f479dd - animation-leash of insets_animation#8156)/@0x58f26d2
10-09 14:05:58.303  2042  7000 D WindowManager: wms.Input focus has changed to Window{963420e u0 com.android.chrome/org.chromium.chrome.browser.ChromeTabbedActivity} display=0 updateInputWindows = true
10-09 14:05:58.303  2042  7000 I MultiSenceManagerInternalStub: getInstance
10-09 14:05:58.308  2042  2693 W WindowManager: Failed to deliver inset control state change to w=Window{7996b78 u0 eu.europa.ec.euidi/eu.europa.ec.assemblylogic.ui.MainActivity EXITING}
10-09 14:05:58.308  2042  2693 W WindowManager: android.os.DeadObjectException
10-09 14:05:58.308  2042  2693 W WindowManager: 	at android.os.BinderProxy.transactNative(Native Method)
10-09 14:05:58.308  2042  2693 W WindowManager: 	at android.os.BinderProxy.transact(BinderProxy.java:639)
10-09 14:05:58.308  2042  2693 W WindowManager: 	at android.view.IWindow$Stub$Proxy.insetsControlChanged(IWindow.java:622)
10-09 14:05:58.308  2042  2693 W WindowManager: 	at com.android.server.wm.WindowState.notifyInsetsControlChanged(WindowState.java:4303)
10-09 14:05:58.308  2042  2693 W WindowManager: 	at com.android.server.wm.InsetsStateController.lambda$notifyPendingInsetsControlChanged$3(InsetsStateController.java:386)
10-09 14:05:58.308  2042  2693 W WindowManager: 	at com.android.server.wm.InsetsStateController.$r8$lambda$8yykPRG1GyNq_J17QvL9d5xANMc(Unknown Source:0)
10-09 14:05:58.308  2042  2693 W WindowManager: 	at com.android.server.wm.InsetsStateController$$ExternalSyntheticLambda2.run(Unknown Source:2)
10-09 14:05:58.308  2042  2693 W WindowManager: 	at com.android.server.wm.WindowAnimator.executeAfterPrepareSurfacesRunnables(WindowAnimator.java:303)
10-09 14:05:58.308  2042  2693 W WindowManager: 	at com.android.server.wm.WindowAnimator.animate(WindowAnimator.java:211)
10-09 14:05:58.308  2042  2693 W WindowManager: 	at com.android.server.wm.WindowAnimator.lambda$new$1(WindowAnimator.java:99)
10-09 14:05:58.308  2042  2693 W WindowManager: 	at com.android.server.wm.WindowAnimator.$r8$lambda$aHNu1uhcqxihX5NZc4McDDQPAyw(Unknown Source:0)
10-09 14:05:58.308  2042  2693 W WindowManager: 	at com.android.server.wm.WindowAnimator$$ExternalSyntheticLambda1.doFrame(Unknown Source:2)
10-09 14:05:58.308  2042  2693 W WindowManager: 	at android.view.Choreographer$CallbackRecord.run(Choreographer.java:1652)
10-09 14:05:58.308  2042  2693 W WindowManager: 	at android.view.Choreographer$CallbackRecord.run(Choreographer.java:1663)
10-09 14:05:58.308  2042  2693 W WindowManager: 	at android.view.Choreographer.doCallbacks(Choreographer.java:1160)
10-09 14:05:58.308  2042  2693 W WindowManager: 	at android.view.Choreographer.doFrame(Choreographer.java:1057)
10-09 14:05:58.308  2042  2693 W WindowManager: 	at android.view.Choreographer$FrameDisplayEventReceiver.run(Choreographer.java:1617)
10-09 14:05:58.308  2042  2693 W WindowManager: 	at android.os.Handler.handleCallback(Handler.java:958)
10-09 14:05:58.308  2042  2693 W WindowManager: 	at android.os.Handler.dispatchMessage(Handler.java:99)
10-09 14:05:58.308  2042  2693 W WindowManager: 	at android.os.Looper.loopOnce(Looper.java:222)
10-09 14:05:58.308  2042  2693 W WindowManager: 	at android.os.Looper.loop(Looper.java:314)
10-09 14:05:58.308  2042  2693 W WindowManager: 	at android.os.HandlerThread.run(HandlerThread.java:67)
10-09 14:05:58.308  2042  2693 W WindowManager: 	at com.android.server.ServiceThread.run(ServiceThread.java:46)
10-09 14:05:58.320  2042  7000 I ActivityManager: clearApplicationUserData eu.europa.ec.euidi appid=10030 user=0 from u2000/8128
10-09 14:05:58.320  2042  7000 I ActivityManager: Force stopping eu.europa.ec.euidi appid=10030 user=0: clear data
10-09 14:05:58.320  2042  7000 I WindowManager:   Force removing ActivityRecord{f6246b8 u0 eu.europa.ec.euidi/eu.europa.ec.assemblylogic.ui.MainActivity t6526 f} isExiting}
10-09 14:05:58.321  2042  7000 W WindowManager: removeAppToken: Attempted to remove non-existing token: Token{b4747f7 ActivityRecord{f6246b8 u0 eu.europa.ec.euidi/eu.europa.ec.assemblylogic.ui.MainActivity t6526 f} isExiting}}
10-09 14:05:58.326  2042  7000 D WindowManager: Set transition=TransitionRecord{fdc353 id=393 type=CLOSE flags=0x0}, ready=true, SyncId=393 
10-09 14:05:58.327  2042  7000 D WindowManager: Collecting in transition 393: Task{225c7f6 #6526 type=standard A=10030:eu.europa.ec.euidi} init visibleRequested:false
10-09 14:05:58.332  2042  7000 I PackageManager: clearApplicationUserData packageName: eu.europa.ec.euidi user: 0 from u1000/2042
10-09 14:05:58.333  2042  2787 I ActivityManager: Force stopping eu.europa.ec.euidi appid=10030 user=-1: clearApplicationUserData
10-09 14:05:58.333  2042  2787 I WindowManager:   Force removing ActivityRecord{f6246b8 u0 eu.europa.ec.euidi/eu.europa.ec.assemblylogic.ui.MainActivity t6526 f} isExiting}
10-09 14:05:58.333  2042  2787 W WindowManager: removeAppToken: Attempted to remove non-existing token: Token{b4747f7 ActivityRecord{f6246b8 u0 eu.europa.ec.euidi/eu.europa.ec.assemblylogic.ui.MainActivity t6526 f} isExiting}}
10-09 14:05:58.336  2042  2787 D WindowManager: Set transition=TransitionRecord{fdc353 id=393 type=CLOSE flags=0x0}, ready=true, SyncId=393 
10-09 14:05:58.351  2042  3096 D ActivityManager: checkAllowBackground: uid=10163 pkg=com.google.android.gms rec=UidRecord{3efeecd u0a163 BTOP change:procadj procs:0 seq(725583,425084)} caps=LCMNFU always=false idle=false
10-09 14:05:58.361  2042  2947 D PermissionManager: writeLegacyPermissionState for user  in 19 ms.
10-09 14:05:58.361  2042  3096 D ActivityManager: checkAllowBackground: uid=10163 pkg=com.google.android.gms rec=UidRecord{3efeecd u0a163 BTOP change:procadj procs:0 seq(725630,425084)} caps=LCMNFU always=false idle=false
10-09 14:05:58.372  2042  3096 D ActivityManager: checkAllowBackground: uid=10163 pkg=com.google.android.gms rec=UidRecord{3efeecd u0a163 BTOP change:procadj procs:0 seq(725634,425084)} caps=LCMNFU always=false idle=false
10-09 14:05:58.374  2042  3500 D GreezeManager:  report signal uid = 10030 pid = 7880is not frozen.
10-09 14:05:58.379  2042  6998 D WindowManager: wms.finishDrawingLocked: mDrawState=COMMIT_DRAW_PENDING Window{963420e u0 com.android.chrome/org.chromium.chrome.browser.ChromeTabbedActivity} in Surface(name=com.android.chrome/org.chromium.chrome.browser.ChromeTabbedActivity#8157)/@0xc77438f
10-09 14:05:58.381  2042  2693 I SmartPower: com.android.chrome/10172(2944): invisible->visible(197ms) R(become visible) adj=101.
10-09 14:05:58.381  2042  3524 I SmartPower: com.google.android.adservices.api/10294(20677): idle->background(10478ms) R(add to whitelist) adj=100.
10-09 14:05:58.381  2042  3524 I SmartPower: com.android.chrome:sandboxed_process0:org.chromium.content.app.SandboxedProcessSeridle->background(9742ms) R(add to whitelist) adj=200.
10-09 14:05:58.381  2042  3524 I SmartPower: com.android.chrome:sandboxed_process0:org.chromium.content.app.SandboxedProcessSeridle->background(9742ms) R(add to whitelist) adj=200.
10-09 14:05:58.381  2042  3524 I SmartPower: com.android.chrome:sandboxed_process0:org.chromium.content.app.SandboxedProcessSeridle->background(9742ms) R(add to whitelist) adj=200.
10-09 14:05:58.381  2042  2693 I WindowManager: wms.showSurfaceRobustly mWin:Window{963420e u0 com.android.chrome/org.chromium.chrome.browser.ChromeTabbedActivity}
10-09 14:05:58.381  2042  3524 I SmartPower: com.android.chrome:sandboxed_process0:org.chromium.content.app.SandboxedProcessSeridle->background(12675ms) R(add to whitelist) adj=920.
10-09 14:05:58.381  2042  3524 I SmartPower: com.android.chrome:sandboxed_process0:org.chromium.content.app.SandboxedProcessSeridle->background(12676ms) R(add to whitelist) adj=910.
10-09 14:05:58.382  2042  3524 I SmartPower: com.android.chrome:sandboxed_process0:org.chromium.content.app.SandboxedProcessSeridle->background(10961ms) R(add to whitelist) adj=101.
10-09 14:05:58.382  2042  2693 D WindowManager: Final targets: [Task{225c7f6 #6526 type=standard A=10030:eu.europa.ec.euidi}, Task{d6f195 #6512 type=standard A=10172:com.android.chrome}]
10-09 14:05:58.396  2042  2947 W PackageFreezer: Freeze package eu.europa.ec.euidi about 0.064 seconds for reason: clearApplicationUserData
10-09 14:05:58.396  2042  2693 D WindowManager: Calling onTransitionReady info={id=393 t=CLOSE f=0x0 trk=0 r=[0@Point(0, 0)] c=[{WCT{RemoteToken{415ba39 Task{225c7f6 #6526 type=standard A=10030:eu.europa.ec.euidi}}} m=CLOSE f=NONE leash=Surface(name=Task=6526#8129)/@0x8b45c91 sb=Rect(0, 0 - 1080, 2400) eb=Rect(0, 0 - 1080, 2400) d=0},{WCT{RemoteToken{705ab2 Task{d6f195 #6512 type=standard A=10172:com.android.chrome}}} m=TO_FRONT f=NONE leash=Surface(name=Task=6512#7476)/@0xbb5bd4c sb=Rect(0, 0 - 1080, 2400) eb=Rect(0, 0 - 1080, 2400) d=0}] noAni=[false] df=[false] mk=[true] nc=[0]}, mToken=Token{85a7876 TransitionRecord{fdc353 id=393 type=CLOSE flags=0x0}}
10-09 14:05:58.396  2042  2947 I AppsFilter: interaction: PackageSetting{12f5306 io.appium.uiautomator2.server.test/10767} -> PackageSetting{3f72189 eu.europa.ec.euidi/10030} BLOCKED
