10-09 14:06:18.107  2042  6878 I SmartPower: com.android.chrome/10172(2944): idle->invisible(12132ms) R(become foreground) adj=700.
10-09 14:06:18.107  2042  6878 D WindowManager: Collecting in transition 395: ActivityRecord{e8f1af2 u0 com.android.chrome/com.google.android.apps.chrome.IntentDispatcher init visibleRequested:false
10-09 14:06:18.107  2042  6878 D MiuiFreeFormManagerService: activeOrFullscreenFreeformTaskIfNeed startDefaultAr:false
10-09 14:06:18.108  4304  4484 D OneHandedController: stopOneHanded state is 0
10-09 14:06:18.110  2042  6878 D WindowManager: setLockTaskAuth: task=Task{3e7b7c0 #6528 type=standard I=com.android.chrome/com.google.android.apps.chrome.IntentDispatcher} mLockTaskAuth=LOCK_TASK_AUTH_PINNABLE
10-09 14:06:18.111  2042  6878 D WindowManager: Collecting in transition 395: Task{3e7b7c0 #6528 type=standard I=com.android.chrome/com.google.android.apps.chrome.IntentDispatcher} init visibleRequested:false
10-09 14:06:18.111  2042  6878 D CompatibilityChangeReporter: Compat change id reported: 184838306; UID 10172; state: DISABLED
10-09 14:06:18.112  2042  6878 D CompatibilityChangeReporter: Compat change id reported: 185004937; UID 10172; state: DISABLED
10-09 14:06:18.113  2042  6878 D WindowManager: setLockTaskAuth: task=Task{3e7b7c0 #6528 type=standard I=com.android.chrome/com.google.android.apps.chrome.IntentDispatcher} mLockTaskAuth=LOCK_TASK_AUTH_PINNABLE
10-09 14:06:18.114  2042  6878 D MiuiFreeFormManagerService: onStartActivityInner as = Task{3e7b7c0 #6528 type=standard I=com.android.chrome/com.google.android.apps.chrome.IntentDispatcher} op = null
10-09 14:06:18.114  2042  6878 D ActivityTaskManager: Task#startActivityLocked isOrhasTask=true newTask=true
10-09 14:06:18.115  2042  6878 D ActivityTaskManager: Not add starting window, the reason is: windowIsTranslucent = true  windowIsFloating = false  this = ActivityRecord{e8f1af2 u0 com.android.chrome/com.google.android.apps.chrome.IntentDispatcher t6528}
10-09 14:06:18.116  2042  6878 D CompatibilityChangeReporter: Compat change id reported: 205907456; UID 10172; state: ENABLED
10-09 14:06:18.118  2042  6878 D WindowManager: Collecting in transition 395: ActivityRecord{e8f1af2 u0 com.android.chrome/com.google.android.apps.chrome.IntentDispatcher t6528} init visibleRequested:false
10-09 14:06:18.118  2042  6878 D WindowManager: Requesting StartTransition: TransitionRecord{d8a129f id=395 type=OPEN flags=0x0}
10-09 14:06:18.119  2042  6878 I ActivityTaskManager: START u0 {act=android.intent.action.VIEW dat=https://issuer.eudiw.dev/... flg=0x10000000 cmp=com.android.chrome/com.google.android.apps.chrome.IntentDispatcher} with LAUNCH_MULTIPLE from uid 10030 from pid 8267 callingPackage eu.europa.ec.euidi (BAL_ALLOW_VISIBLE_WINDOW) result code=0
10-09 14:06:18.121  4304  4484 I SoScUtils: monitorTransitionRequest mRequestOpenTransition:null mRequestOpenTriggerTask:-1 mRequestCloseTransition:null mRequestCloseTriggerTask:-1 mRequestCloseStageType:-1
10-09 14:06:18.122  2042  6878 D WindowManager: Set transition=TransitionRecord{d8a129f id=395 type=OPEN flags=0x0}, ready=false, SyncId=395 used=true, override=false, defer=0, states=Display{#0 state=ON size=1080x2400 ROTATION_0}:false
10-09 14:06:18.124  2042  3096 I ActivityTaskManager: The Process com.android.chrome Already Exists in BG. So sending its PID: 2944
10-09 14:06:18.124  4304  4484 D OneHandedController: stopOneHanded state is 0
10-09 14:06:18.124  4304  4484 D OneHandedController: stopOneHanded state is 0
10-09 14:06:18.125  2042  3096 D WindowManager: Collecting in transition 395: ActivityRecord{e8f1af2 u0 com.android.chrome/com.google.android.apps.chrome.IntentDispatcher t6528} init visibleRequested:false
10-09 14:06:18.126  2042  3096 D WindowManager: Collecting in transition 395: ActivityRecord{e8f1af2 u0 com.android.chrome/com.google.android.apps.chrome.IntentDispatcher t6528} init visibleRequested:true
10-09 14:06:18.128  2042  3096 D WindowManagerService: checkFlipFullScreenChange is same, nowIsFullScreen = false
10-09 14:06:18.129  2042  3096 D WindowManager: wms.Input focus has changed to null display=0 updateInputWindows = true
10-09 14:06:18.129  2042  3096 I MultiSenceManagerInternalStub: getInstance
10-09 14:06:18.129  2042  3096 D WindowManager: Collecting in transition 395: ActivityRecord{e8f1af2 u0 com.android.chrome/com.google.android.apps.chrome.IntentDispatcher t6528} init visibleRequested:true
10-09 14:06:18.130  2042  3096 D WindowManager: Set transition=TransitionRecord{d8a129f id=395 type=OPEN flags=0x0}, ready=true, SyncId=395 
10-09 14:06:18.132  2042  6991 W AutofillManagerServiceImpl: getFillEventHistory() called by UID 10273, but service UID is 10163
10-09 14:06:18.132  2042  3096 D CompatibilityChangeReporter: Compat change id reported: 197654537; UID 10030; state: ENABLED
10-09 14:06:18.133  2042  3096 I BLASTSyncEngine: SyncGroup 395:  Unfinished container:ActivityRecord{e8f1af2 u0 com.android.chrome/com.google.android.apps.chrome.IntentDispatcher t6528}
10-09 14:06:18.133  2042  3096 I BLASTSyncEngine: isActivitySyncFinished isSyncFinished false ActivityRecord{e8f1af2 u0 com.android.chrome/com.google.android.apps.chrome.IntentDispatcher t6528}
10-09 14:06:18.134  4304  4484 D MiuiFullScreenTaskRepository: removeFocusedTask displayId=0
10-09 14:06:18.134  4304  4484 D MiuiFullScreenTaskRepository: addOrUpdateFullScreenTaskInfo taskId=6527, topActivity=ComponentInfo{eu.europa.ec.euidi/eu.europa.ec.assemblylogic.ui.MainActivity}
10-09 14:06:18.145  2042  2690 D Aurogon :  uid = 10172 switch to FG
10-09 14:06:18.150  2042  2692 W ProcessStats: Tracking association SourceState{1b0dd2c com.android.vending/10164 ImpBg #109064} whose proc state 6 is better than process ProcessState{d60be6a com.android.vending:background/10164 pkg=com.android.vending} proc state 14 (83 skipped)
10-09 14:06:18.180  2042  6982 D CompatibilityChangeReporter: Compat change id reported: 259743961; UID 10172; state: ENABLED
10-09 14:06:18.184  2042  6982 D WindowManager: Collecting in transition 395: ActivityRecord{9a5a5fa u0 com.android.chrome/org.chromium.chrome.browser.ChromeTabbedActivity init visibleRequested:false
10-09 14:06:18.184  2042  6982 D MiuiFreeFormManagerService: activeOrFullscreenFreeformTaskIfNeed startDefaultAr:false
10-09 14:06:18.185  2042  6982 D MiuiFreeFormManagerService: onStartActivityInner as = Task{d6f195 #6512 type=standard A=10172:com.android.chrome} op = null
10-09 14:06:18.186  2042  6982 D WindowManagerService: checkFlipFullScreenChange is same, nowIsFullScreen = false
10-09 14:06:18.187  2042  6982 D WindowManager: setLockTaskAuth: task=Task{d6f195 #6512 type=standard A=10172:com.android.chrome} mLockTaskAuth=LOCK_TASK_AUTH_PINNABLE
10-09 14:06:18.190  2042  6982 D WindowManager: Set transition=TransitionRecord{d8a129f id=395 type=OPEN flags=0x0}, ready=false, SyncId=395 used=true, override=false, defer=0, states=Display{#0 state=ON size=1080x2400 ROTATION_0}:false
10-09 14:06:18.190  2042  6982 D WindowManager: Collecting in transition 395: ActivityRecord{9a5a5fa u0 com.android.chrome/org.chromium.chrome.browser.ChromeTabbedActivity t-1} init visibleRequested:false
10-09 14:06:18.190  2042  6982 D WindowManager: Set transition=TransitionRecord{d8a129f id=395 type=OPEN flags=0x0}, ready=false, SyncId=395 used=true, override=false, defer=0, states=Display{#0 state=ON size=1080x2400 ROTATION_0}:false
10-09 14:06:18.193  4304  4484 D MiuiFullScreenTaskRepository: setFocusedTask taskId=6512, displayId=0, topActivity=ComponentInfo{com.android.chrome/org.chromium.chrome.browser.ChromeTabbedActivity}
10-09 14:06:18.193  4304  4484 D MiuiFullScreenTaskRepository: addOrUpdateFullScreenTaskInfo taskId=6512, topActivity=ComponentInfo{com.android.chrome/org.chromium.chrome.browser.ChromeTabbedActivity}
10-09 14:06:18.193  2042  6982 I ActivityTaskManager: START u0 {act=android.intent.action.VIEW dat=https://issuer.eudiw.dev/... flg=0x14002000 cmp=com.android.chrome/org.chromium.chrome.browser.ChromeTabbedActivity (has extras)} with LAUNCH_SINGLE_INSTANCE_PER_TASK from uid 10172 from pid 2944 callingPackage com.android.chrome (BAL_ALLOW_VISIBLE_WINDOW) result code=2
10-09 14:06:18.193  4304  4484 D MiuiFreeformModeController: onFocusTaskChanged taskInfo: TaskInfo{userId=0 taskId=6512 displayId=0 isRunning=true baseIntent=Intent { act=android.intent.action.VIEW dat=https://issuer.eudiw.dev/... flg=0x14002000 cmp=com.android.chrome/org.chromium.chrome.browser.ChromeTabbedActivity } baseActivity=ComponentInfo{com.android.chrome/org.chromium.chrome.browser.ChromeTabbedActivity} topActivity=ComponentInfo{com.android.chrome/org.chromium.chrome.browser.ChromeTabbedActivity} origActivity=null realActivity=ComponentInfo{com.android.chrome/org.chromium.chrome.browser.ChromeTabbedActivity} numActivities=1 lastActiveTime=253274859 supportsSplitScreenMultiWindow=true supportsMultiWindow=true resizeMode=2 isResizeable=true minWidth=-1 minHeight=-1 defaultMinSize=200 token=WCT{android.window.IWindowContainerToken$Stub$Proxy@212acf9} topActivityType=1 pictureInPictureParams=null shouldDockBigOverlays=false launchIntoPipHostTaskId=-1 lastParentTaskIdBeforePip=-1 displayCutoutSafeInsets=Rect(0, 94 - 0, 0) topActivityInfo=ActivityInfo{43db43e org.chromium.chrome.browser.ChromeTabbedActivity} launchCookies=[] positionInParent=Point(0, 0) parentTaskId=-1 isFocused=true isVisible=false isVisibleRequested=false isSleeping=false topActivityInSizeCompat=false topActivityInMiuiSizeCompat=false topActivityEligibleForLetterboxEducation= false topActivityLetterboxed= false isFromDoubleTap= false topActivityLetterboxVerticalPosition= -1 topActivityLetterboxHorizontalPosition= -1 topActivityLetterboxWidth=-1 topActivityLetterboxHeight=-1 locusId=null displayAreaFeatureId=1 cameraCompatControlState=hidden mIsCastMode=false mTopActivityMediaSize=null mTopActivityRecordName=ActivityRecord{3dc197f u0 com.android.chrome/org.chromium.chrome.browser.ChromeTabbedActivity t6512} mTopActivityOrientation=-2 mTopActivityWindowIsNowVisible=false isTranslucent=true isEmbedded=false shouldBeVisible=true isImmersive=false mBehindAppLockPkg=null mOriginatingUid=0}
10-09 14:06:18.194  2042  6982 D MiuiSoScManagerStub: supportSoScMinimizedMode:true
10-09 14:06:18.194  2042  6982 D MiuiSoScManagerStub: taskInSoScFullMode:false
10-09 14:06:18.194  2042  6982 D MiuiFreeFormGestureController: deliverResultForFinishActivity resultTo: null resultFrom: ActivityRecord{e8f1af2 u0 com.android.chrome/com.google.android.apps.chrome.IntentDispatcher t6528 f}} isInVideoOrGameScene: false intent: Intent { act=android.intent.action.VIEW dat=https://issuer.eudiw.dev/... flg=0x10800000 cmp=com.android.chrome/com.google.android.apps.chrome.IntentDispatcher }
10-09 14:06:18.194  2042  6982 D WindowManager: Collecting in transition 395: Task{3e7b7c0 #6528 type=standard I=com.android.chrome/com.google.android.apps.chrome.IntentDispatcher} init visibleRequested:true
10-09 14:06:18.194  4304  4484 D MiuiDesktopModeController: onFocusTaskChanged newFocus: TaskInfo{userId=0 taskId=6512 displayId=0 isRunning=true baseIntent=Intent { act=android.intent.action.VIEW dat=https://issuer.eudiw.dev/... flg=0x14002000 cmp=com.android.chrome/org.chromium.chrome.browser.ChromeTabbedActivity } baseActivity=ComponentInfo{com.android.chrome/org.chromium.chrome.browser.ChromeTabbedActivity} topActivity=ComponentInfo{com.android.chrome/org.chromium.chrome.browser.ChromeTabbedActivity} origActivity=null realActivity=ComponentInfo{com.android.chrome/org.chromium.chrome.browser.ChromeTabbedActivity} numActivities=1 lastActiveTime=253274859 supportsSplitScreenMultiWindow=true supportsMultiWindow=true resizeMode=2 isResizeable=true minWidth=-1 minHeight=-1 defaultMinSize=200 token=WCT{android.window.IWindowContainerToken$Stub$Proxy@212acf9} topActivityType=1 pictureInPictureParams=null shouldDockBigOverlays=false launchIntoPipHostTaskId=-1 lastParentTaskIdBeforePip=-1 displayCutoutSafeInsets=Rect(0, 94 - 0, 0) topActivityInfo=ActivityInfo{43db43e org.chromium.chrome.browser.ChromeTabbedActivity} launchCookies=[] positionInParent=Point(0, 0) parentTaskId=-1 isFocused=true isVisible=false isVisibleRequested=false isSleeping=false topActivityInSizeCompat=false topActivityInMiuiSizeCompat=false topActivityEligibleForLetterboxEducation= false topActivityLetterboxed= false isFromDoubleTap= false topActivityLetterboxVerticalPosition= -1 topActivityLetterboxHorizontalPosition= -1 topActivityLetterboxWidth=-1 topActivityLetterboxHeight=-1 locusId=null displayAreaFeatureId=1 cameraCompatControlState=hidden mIsCastMode=false mTopActivityMediaSize=null mTopActivityRecordName=ActivityRecord{3dc197f u0 com.android.chrome/org.chromium.chrome.browser.ChromeTabbedActivity t6512} mTopActivityOrientation=-2 mTopActivityWindowIsNowVisible=false isTranslucent=true isEmbedded=false shouldBeVisible=true isImmersive=false mBehindAppLockPkg=null mOriginatingUid=0}
10-09 14:06:18.194  4304  4484 D OneHandedController: stopOneHanded state is 0
10-09 14:06:18.195  4304  4484 D WindowManagerShell: onActivityRestartAttempt: ComponentInfo{com.android.chrome/org.chromium.chrome.browser.ChromeTabbedActivity}
10-09 14:06:18.201  4304  5414 D MiuiFreeformModeObserver: activityResumed() intent： Intent { cmp=com.android.chrome/org.chromium.chrome.browser.document.ChromeLauncherActivity (has extras) }
10-09 14:06:18.202  2042  3096 D WindowManager: Collecting in transition 395: ActivityRecord{e8f1af2 u0 com.android.chrome/com.google.android.apps.chrome.IntentDispatcher t6528 f}} init visibleRequested:true
10-09 14:06:18.202  2042  3096 D WindowManager: Collecting in transition 395: ActivityRecord{3dc197f u0 com.android.chrome/org.chromium.chrome.browser.ChromeTabbedActivity t6512} init visibleRequested:false
10-09 14:06:18.203  2042  3096 D WindowManagerService: checkFlipFullScreenChange is same, nowIsFullScreen = false
10-09 14:06:18.204  2042  3096 D WindowManager: Collecting in transition 395: ActivityRecord{8539c64 u0 eu.europa.ec.euidi/eu.europa.ec.assemblylogic.ui.MainActivity t6527} init visibleRequested:true
10-09 14:06:18.205  2042  3096 D WindowManager: Collecting in transition 395: ActivityRecord{3dc197f u0 com.android.chrome/org.chromium.chrome.browser.ChromeTabbedActivity t6512} init visibleRequested:true
10-09 14:06:18.205  2042  3096 D WindowManager: Set transition=TransitionRecord{d8a129f id=395 type=OPEN flags=0x0}, ready=true, SyncId=395 
10-09 14:06:18.207  2042  4565 W AutofillManagerServiceImpl: getFillEventHistory() called by UID 10273, but service UID is 10163
10-09 14:06:18.208  4304  4484 D MiuiFullScreenTaskRepository: setFocusedTask taskId=6512, displayId=0, topActivity=ComponentInfo{com.android.chrome/org.chromium.chrome.browser.ChromeTabbedActivity}
10-09 14:06:18.208  4304  4484 D MiuiFullScreenTaskRepository: addOrUpdateFullScreenTaskInfo taskId=6512, topActivity=ComponentInfo{com.android.chrome/org.chromium.chrome.browser.ChromeTabbedActivity}
10-09 14:06:18.209  2042  3096 I BLASTSyncEngine: SyncGroup 395:  Unfinished container:ActivityRecord{3dc197f u0 com.android.chrome/org.chromium.chrome.browser.ChromeTabbedActivity t6512}
10-09 14:06:18.209  2042  3096 I BLASTSyncEngine: isActivitySyncFinished isSyncFinished false ActivityRecord{3dc197f u0 com.android.chrome/org.chromium.chrome.browser.ChromeTabbedActivity t6512}
10-09 14:06:18.209  2042  2770 D ATMSImpl: Begin to report package foreground events...
10-09 14:06:18.217  2042  6982 D CoreBackPreview: Window{963420e u0 com.android.chrome/org.chromium.chrome.browser.ChromeTabbedActivity}: Setting back callback OnBackInvokedCallbackInfo{mCallback=android.window.IOnBackInvokedCallback$Stub$Proxy@d7607ab, mPriority=0, mIsAnimationCallback=true}
10-09 14:06:18.239  2042  6998 I SmartPower: com.android.chrome:sandboxed_process0:org.chromium.content.app.SandboxedProcessSer-1->background(0ms) R(become background) adj=-10000.
10-09 14:06:18.239  2042  2788 D CompatibilityChangeReporter: Compat change id reported: 143937733; UID 10172; state: ENABLED
10-09 14:06:18.249  2042  4565 D SchedBoost: com.android.chrome:sandboxed_process0:org.chromium.content.app.SandboxedProcessService0:5 boosting, skip reset priority
10-09 14:06:18.256  2042  4565 D ActivityManager: checkAllowBackground: uid=10163 pkg=com.google.android.gms rec=UidRecord{3efeecd u0a163 BTOP change:procadj procs:0 seq(727569,425084)} caps=LCMNFU always=false idle=false
10-09 14:06:18.260  2042  2788 I ActivityManager: Start proc 8417:com.android.chrome:sandboxed_process0:org.chromium.content.app.SandboxedProcessService0:6/u0ai6 for  {com.android.chrome/org.chromium.content.app.SandboxedProcessService0:6} caller=com.android.chrome
10-09 14:06:18.262  2042  4565 D ActivityManager: checkAllowBackground: uid=10163 pkg=com.google.android.gms rec=UidRecord{3efeecd u0a163 BTOP change:procadj procs:0 seq(727577,425084)} caps=LCMNFU always=false idle=false
10-09 14:06:18.292  2042  6998 D CompatibilityChangeReporter: Compat change id reported: 168419799; UID 10172; state: DISABLED
10-09 14:06:18.292  2042  6998 D CompatibilityChangeReporter: Compat change id reported: 273564678; UID 10172; state: DISABLED
10-09 14:06:18.298  2042  3500 D isUidValid: uid = 90006
10-09 14:06:18.298  4304  5414 D MiuiFreeformModeObserver: activityResumed() intent： Intent { cmp=com.android.chrome/org.chromium.chrome.browser.ChromeTabbedActivity (has extras) }
10-09 14:06:18.301  8417  8417 E MQSEventManagerDelegate: failed to get MQSService.
10-09 14:06:18.301  8417  8417 W ActivityThread: registerApplicationScoutThread result:false
10-09 14:06:18.313  2042  4080 I BLASTSyncEngine: SyncGroup 395:  Unfinished container:ActivityRecord{3dc197f u0 com.android.chrome/org.chromium.chrome.browser.ChromeTabbedActivity t6512}
10-09 14:06:18.313  2042  4080 I BLASTSyncEngine: isActivitySyncFinished isSyncFinished false ActivityRecord{3dc197f u0 com.android.chrome/org.chromium.chrome.browser.ChromeTabbedActivity t6512}
10-09 14:06:18.315  2042  4080 I WindowManager: cancelAnimation removed leash : Surface(name=Surface(name=704023a StatusBar#94)/@0xa8be448 - animation-leash of insets_animation#8182)/@0x891889
10-09 14:06:18.317  2042  4080 I WindowManager: cancelAnimation removed leash : Surface(name=Surface(name=d968687 NavigationBar0#90)/@0x2f479dd - animation-leash of insets_animation#8210)/@0xd9bdfaf
10-09 14:06:18.318  8417  8417 E ForceDarkHelperStubImpl: getForceDarkOriginState transact failed , mService: null
10-09 14:06:18.319  2042  4080 D WindowManager: wms.Input focus has changed to Window{963420e u0 com.android.chrome/org.chromium.chrome.browser.ChromeTabbedActivity} display=0 updateInputWindows = true
10-09 14:06:18.319  2042  4080 I MultiSenceManagerInternalStub: getInstance
10-09 14:06:18.326  2042  6998 I ActivityManager: Flag disabled. Ignoring finishAttachApplication from uid: 90006. pid: 8417
10-09 14:06:18.342  2042  3096 D ActivityManager: checkAllowBackground: uid=10163 pkg=com.google.android.gms rec=UidRecord{3efeecd u0a163 BTOP change:procadj procs:0 seq(727583,425084)} caps=LCMNFU always=false idle=false
10-09 14:06:18.377  2042  3096 D WindowManager: wms.finishDrawingLocked: mDrawState=COMMIT_DRAW_PENDING Window{963420e u0 com.android.chrome/org.chromium.chrome.browser.ChromeTabbedActivity} in Surface(name=com.android.chrome/org.chromium.chrome.browser.ChromeTabbedActivity#8213)/@0xf6a997b
10-09 14:06:18.380  2042  2693 I SmartPower: com.android.chrome/10172(2944): invisible->visible(274ms) R(become visible) adj=0.
10-09 14:06:18.381  2042  3524 I SmartPower: com.google.android.adservices.api/10294(20677): idle->background(10924ms) R(add to whitelist) adj=0.
10-09 14:06:18.381  2042  2693 I WindowManager: wms.showSurfaceRobustly mWin:Window{963420e u0 com.android.chrome/org.chromium.chrome.browser.ChromeTabbedActivity}
10-09 14:06:18.382  2042  2693 D WindowManager: Final targets: [Task{d6f195 #6512 type=standard A=10172:com.android.chrome}, Task{9836382 #6527 type=standard A=10030:eu.europa.ec.euidi}]
10-09 14:06:18.382  2042  3524 I SmartPower: com.android.chrome:sandboxed_process0:org.chromium.content.app.SandboxedProcessSeridle->background(9406ms) R(add to whitelist) adj=200.
10-09 14:06:18.382  2042  3524 I SmartPower: com.android.chrome:sandboxed_process0:org.chromium.content.app.SandboxedProcessSeridle->background(9406ms) R(add to whitelist) adj=200.
10-09 14:06:18.382  2042  3524 I SmartPower: com.android.chrome:sandboxed_process0:org.chromium.content.app.SandboxedProcessSeridle->background(9406ms) R(add to whitelist) adj=200.
10-09 14:06:18.382  2042  3524 I SmartPower: com.android.chrome:sandboxed_process0:org.chromium.content.app.SandboxedProcessSeridle->background(9406ms) R(add to whitelist) adj=910.
10-09 14:06:18.382  2042  3524 I SmartPower: com.android.chrome:sandboxed_process0:org.chromium.content.app.SandboxedProcessSeridle->background(9407ms) R(add to whitelist) adj=900.
10-09 14:06:18.382  2042  3524 I SmartPower: com.android.chrome:sandboxed_process0:org.chromium.content.app.SandboxedProcessSeridle->background(10925ms) R(add to whitelist) adj=250.
10-09 14:06:18.406  2042  2693 D WindowManager: Calling onTransitionReady info={id=395 t=OPEN f=0x0 trk=0 r=[0@Point(0, 0)] c=[{WCT{RemoteToken{705ab2 Task{d6f195 #6512 type=standard A=10172:com.android.chrome}}} m=TO_FRONT f=MOVE_TO_TOP leash=Surface(name=Task=6512#7476)/@0xbb5bd4c sb=Rect(0, 0 - 1080, 2400) eb=Rect(0, 0 - 1080, 2400) d=0},{WCT{RemoteToken{9e2742c Task{9836382 #6527 type=standard A=10030:eu.europa.ec.euidi}}} m=TO_BACK f=NONE leash=Surface(name=Task=6527#8171)/@0xe983ecd sb=Rect(0, 0 - 1080, 2400) eb=Rect(0, 0 - 1080, 2400) d=0}] noAni=[false] df=[false] mk=[true] nc=[0]}, mToken=Token{8bd79e5 TransitionRecord{d8a129f id=395 type=OPEN flags=0x0}}
10-09 14:06:18.407  2042  2693 I BLASTSyncEngine: finishNow: after onTransactionReady, mSyncId=395
10-09 14:06:18.409  4304  4484 D MiuiFreeformAnimation: startAnimation change: {WCT{android.window.IWindowContainerToken$Stub$Proxy@85cd64a} m=TO_FRONT f=MOVE_TO_TOP leash=Surface(name=Task=6512#7476)/@0x124d29f sb=Rect(0, 0 - 1080, 2400) eb=Rect(0, 0 - 1080, 2400) d=0} info.getType(): 1
10-09 14:06:18.409  4304  4484 I MiuiFreeformAnimation: isLaunchWidgetPicker=false,taskInfo.getWindowingMode()=1, taskInfo.getActivityType()=1
10-09 14:06:18.409  4304  4484 D MiuiFreeformAnimation: startAnimation change: {WCT{android.window.IWindowContainerToken$Stub$Proxy@df9bb} m=TO_BACK f=NONE leash=Surface(name=Task=6527#8171)/@0xad44fec sb=Rect(0, 0 - 1080, 2400) eb=Rect(0, 0 - 1080, 2400) d=0} info.getType(): 1
10-09 14:06:18.409  4304  4484 W MiuiTaskTransitionHandler: Receive an unknown transition, token=android.os.BinderProxy@b80daf2, type=1
10-09 14:06:18.410  4304  4484 D TransitionAnimationHelper:  load default animation  type = 1 enter = false animAttr = 9 isTask = true translucent = false
10-09 14:06:18.411  4304  4484 D TransitionAnimationHelper:  load default animation  type = 1 enter = true animAttr = 8 isTask = true translucent = false
10-09 14:06:18.411  4304  4304 D ArtChoreographerMonitor: invoke error.
10-09 14:06:18.412  4304  4520 D ShellTransitions: speed ui!!!!!!!!!!!
10-09 14:06:18.412  4304  4484 D MiuiFullScreenTaskRepository: setFocusedTask taskId=6512, displayId=0, topActivity=ComponentInfo{com.android.chrome/org.chromium.chrome.browser.ChromeTabbedActivity}
10-09 14:06:18.412  4304  4484 D MiuiFullScreenTaskRepository: addOrUpdateFullScreenTaskInfo taskId=6512, topActivity=ComponentInfo{com.android.chrome/org.chromium.chrome.browser.ChromeTabbedActivity}
10-09 14:06:18.412  2042  3096 D ActivityManager: checkAllowBackground: uid=10163 pkg=com.google.android.gms rec=UidRecord{3efeecd u0a163 BTOP change:procadj procs:0 seq(727641,425084)} caps=LCMNFU always=false idle=false
10-09 14:06:18.426  4304  4484 D SoScUtils: monitorTransitionFinished transition:android.os.BinderProxy@b80daf2 transaction: android.view.SurfaceControl$Transaction@818c1c mRequestCloseTransition:null mRequestOpenTransition:null mPairsOpenTransition:null mPairsOpenTransitionNull:null mRequestOpenTriggerTask:-1 mRequestCloseTriggerTask:-1 mOrientationTransition: null mMainStartingTask:-1 mSideStartingTask:-1
10-09 14:06:18.429  2042  6982 D ActivityManager: checkAllowBackground: uid=10163 pkg=com.google.android.gms rec=UidRecord{3efeecd u0a163 BTOP change:procadj procs:0 seq(727740,425084)} caps=LCMNFU always=false idle=false
10-09 14:06:18.432  2042  4565 I Transition: finishTransition: updateLastSurfacePosition tf=Task{d6f195 #6512 type=standard A=10172:com.android.chrome}
10-09 14:06:18.432  2042  4565 I Transition: finishTransition: updateLastSurfacePosition tf=Task{3e7b7c0 #6528 type=standard I=com.android.chrome/com.google.android.apps.chrome.IntentDispatcher}
10-09 14:06:18.436  2042  2692 I SmartPower: eu.europa.ec.euidi/10030(8267): visible->invisible(15788ms) R(become invisible) adj=200.
10-09 14:06:18.436  2042  2692 I SmartPower: eu.europa.ec.euidi/10030(8267): invisible->background(0ms) R(become background) adj=200.
10-09 14:06:18.436  2042  6998 D CompatibilityChangeReporter: Compat change id reported: 214016041; UID 10172; state: ENABLED
10-09 14:06:18.447  4304  4484 D MiuiFullScreenTaskRepository: addOrUpdateFullScreenTaskInfo taskId=6527, topActivity=ComponentInfo{eu.europa.ec.euidi/eu.europa.ec.assemblylogic.ui.MainActivity}
10-09 14:06:18.447  2042  3096 D ActivityManager: checkAllowBackground: uid=10163 pkg=com.google.android.gms rec=UidRecord{3efeecd u0a163 BTOP change:procadj procs:0 seq(727839,425084)} caps=LCMNFU always=false idle=false
10-09 14:06:18.451  2042  3096 I WindowManager: cancelAnimation removed leash : Surface(name=Surface(name=49d5fba InputMethod#118)/@0xbb23dc8 - animation-leash of insets_animation#8186)/@0x548039f
10-09 14:06:18.455  2042  6998 W PackageConfigPersister: App-specific configuration not found for packageName: com.android.chrome and userId: 0
10-09 14:06:18.456  2042  4079 W PresentationStatsEventLogger: Shouldn't be logging AutofillPresentationEventReported again for same event
10-09 14:06:18.467  8267  8267 D ActivityThread: Fail to check app heapsize due to java.lang.NoSuchMethodException: dalvik.system.VMRuntime.getBlockingGcCountForAlloc []
10-09 14:06:18.484  2042  2690 D Aurogon :  uid = 10030 switch to BG
10-09 14:06:18.484  2042  3500 D isUidValid: uid = 10030
10-09 14:06:18.524  2042  3524 I SmartPower: com.google.android.inputmethod.latin/10176(6431): background->idle(3004ms) R(become invisible) adj=100.
10-09 14:06:18.588  4304  4304 D ArtChoreographerMonitor: invoke error.
10-09 14:06:18.907  4304  4304 D ArtChoreographerMonitor: invoke error.
10-09 14:06:19.078  4304  4304 D ArtChoreographerMonitor: invoke error.
10-09 14:06:19.373  2183  2183 I wificond: station_bandwidth: P
10-09 14:06:19.750  2042  6878 W MIUIInput: Input event injection from package: null action ACTION_DOWN
10-09 14:06:19.752  2042  3516 I ProcessManager: getRenderThreadTidByPid, caller=2042
10-09 14:06:19.754  2042  6878 W MIUIInput: Input event injection from package: null action ACTION_UP
10-09 14:06:19.884  2042  6878 W MIUIInput: Input event injection from package: null action ACTION_DOWN
10-09 14:06:19.886  2042  3516 I ProcessManager: getRenderThreadTidByPid, caller=2042
10-09 14:06:19.889  2042  6991 W MIUIInput: Input event injection from package: null action ACTION_UP
10-09 14:06:19.913  2042  6991 D ActivityManager: checkAllowBackground: uid=10163 pkg=com.google.android.gms rec=UidRecord{3efeecd u0a163 BTOP change:procadj procs:0 seq(727986,425084)} caps=LCMNFU always=false idle=false
10-09 14:06:20.070  2042  6991 D SchedBoost: com.android.chrome:sandboxed_process0:org.chromium.content.app.SandboxedProcessService0:6 boosting, skip reset priority
10-09 14:06:21.095  2042  6878 W MIUIInput: Input event injection from package: null action ACTION_DOWN
10-09 14:06:21.098  2042  3516 I ProcessManager: getRenderThreadTidByPid, caller=2042
10-09 14:06:21.100  2042  6878 W MIUIInput: Input event injection from package: null action ACTION_UP
10-09 14:06:21.122  2042  6878 D ActivityManager: checkAllowBackground: uid=10163 pkg=com.google.android.gms rec=UidRecord{3efeecd u0a163 BTOP change:procadj procs:0 seq(727992,425084)} caps=LCMNFU always=false idle=false
10-09 14:06:21.127  2042  6878 W PackageConfigPersister: App-specific configuration not found for packageName: com.android.chrome and userId: 0
10-09 14:06:21.130  2042  6878 I InputMethodManagerService: IMMS.showSoftInput(), client = com.android.internal.inputmethod.IInputMethodClient$Stub$Proxy@64c837
10-09 14:06:21.130  2042  6878 I InputMethodManagerService: IMMS.showCurrentInputLocked(), flags = 0
10-09 14:06:21.130  2042  6878 D SmartPower: com.google.android.inputmethod.latin/10176(6431): show input method
10-09 14:06:21.130  2042  6878 I SmartPower: com.google.android.inputmethod.latin/10176(6431): idle->visible(2605ms) R(show input method) adj=100.
10-09 14:06:21.130  2042  6878 I DefaultImeVisibilityApplier: IMMS.showCurrentInputLocked request ims to show inputMethod.
10-09 14:06:21.204  2042  6878 I InputMethodManagerService: IMMS.showSoftInput(), client = com.android.internal.inputmethod.IInputMethodClient$Stub$Proxy@4291ac2
10-09 14:06:21.204  2042  6878 I InputMethodManagerService: IMMS.showCurrentInputLocked(), flags = 0
10-09 14:06:21.204  2042  6878 D SmartPower: com.google.android.inputmethod.latin/10176(6431): show input method
10-09 14:06:21.205  2042  6878 I DefaultImeVisibilityApplier: IMMS.showCurrentInputLocked request ims to show inputMethod.
10-09 14:06:21.246  2042  6878 I InputMethodManagerService: IMMS.applyImeVisibility(), setVisible = true, mCurclient = ClientState{d9dd38b mUid=10172 mPid=2944 mSelfReportedDisplayId=0}
10-09 14:06:21.247  2042  6878 I WindowManager: WMS.showImePostLayout(), imeTarget = Window{963420e u0 com.android.chrome/org.chromium.chrome.browser.ChromeTabbedActivity}
10-09 14:06:21.251  2042  6998 D CoreBackPreview: Window{963420e u0 com.android.chrome/org.chromium.chrome.browser.ChromeTabbedActivity}: Setting back callback OnBackInvokedCallbackInfo{mCallback=android.window.IOnBackInvokedCallback$Stub$Proxy@fb3b0d3, mPriority=0, mIsAnimationCallback=false}
10-09 14:06:21.252  2042  6982 D ActivityManager: checkAllowBackground: uid=10163 pkg=com.google.android.gms rec=UidRecord{3efeecd u0a163 BTOP change:procadj procs:0 seq(728000,425084)} caps=LCMNFU always=false idle=false
10-09 14:06:21.258  4304  4484 D MiuiFreeformModeController: avoidForInsetsBottomChangedIfNeed oldMoveableBottom: 2270 newMoveableBounds: 2270
10-09 14:06:21.269  4304  4484 D MiuiFreeformModeController: avoidForInsetsBottomChangedIfNeed oldMoveableBottom: 2270 newMoveableBounds: 2270
10-09 14:06:21.279  2042  6998 D WindowManager: wms.finishDrawingLocked: mDrawState=COMMIT_DRAW_PENDING Window{49d5fba u0 InputMethod} in Surface(name=InputMethod#8225)/@0x8748b09
10-09 14:06:21.281  2042  2693 I ImeInsetsSourceProvider: ImeInsetsSourceProvider.scheduleShowImePostLayout() Run showImeRunner.
10-09 14:06:21.281  2042  2693 I ImeInsetsSourceProvider: ImeInsetsSourceProvider.scheduleShowImePostLayout() isReadyToShowIme.
10-09 14:06:21.282  2042  6991 I InputMethodManagerService: IMMS.applyImeVisibility(), setVisible = true, mCurclient = ClientState{d9dd38b mUid=10172 mPid=2944 mSelfReportedDisplayId=0}
10-09 14:06:21.285  2042  6982 I WindowManager: cancelAnimation removed leash : Surface(name=Surface(name=d968687 NavigationBar0#90)/@0x2f479dd - animation-leash of insets_animation#8215)/@0x496c144
10-09 14:06:21.285  4304  4484 D MiuiFreeformModeController: avoidForInsetsBottomChangedIfNeed oldMoveableBottom: 2270 newMoveableBounds: 2270
10-09 14:06:21.285  4304  4484 D ImePositionProcessor: onImeVisibilityChanged     isShowing:  true
10-09 14:06:21.285  2042  6991 I WindowManager: WMS.showImePostLayout(), imeTarget = Window{963420e u0 com.android.chrome/org.chromium.chrome.browser.ChromeTabbedActivity}
10-09 14:06:21.286  2042  3096 D ActivityManager: checkAllowBackground: uid=10163 pkg=com.google.android.gms rec=UidRecord{3efeecd u0a163 BTOP change:procadj procs:0 seq(728004,425084)} caps=LCMNFU always=false idle=false
10-09 14:06:21.286  2042  2693 I WindowManager: input method visible height changed 701
10-09 14:06:21.286  2042  3126 I ITouchFeature: current device and process support version:2
10-09 14:06:21.288  2042  2693 I WindowManager: wms.showSurfaceRobustly mWin:Window{49d5fba u0 InputMethod}
10-09 14:06:21.289  2042  2693 I ImeInsetsSourceProvider: ImeInsetsSourceProvider.scheduleShowImePostLayout() Run showImeRunner.
10-09 14:06:21.289  2042  2693 I ImeInsetsSourceProvider: ImeInsetsSourceProvider.scheduleShowImePostLayout() isReadyToShowIme.
10-09 14:06:21.290  4304  4484 D MiuiFreeformModeController: onImeVisibilityChanged imeVisible: true imeHeight: 701 adjustedForRotation:false
10-09 14:06:21.290  4304  4484 D MiuiFreeformModeAvoidAlgorithm: begin autoOrderingAvoidMiniTask
10-09 14:06:21.290  4304  4484 D MiuiFreeformModeAvoidAlgorithm: getCurrMiniPos: SameSideMiniPosList: []
10-09 14:06:21.290  4304  4484 D MiuiFreeformModeAvoidAlgorithm: getCurrMiniPos: SameSideMiniPosList: []
10-09 14:06:21.290  4304  4484 D MiuiFreeformModeAvoidAlgorithm: end autoOrderingAvoidMiniTask res:AvoidResult{distance=0, combination={}, activeTaskPos=Rect(0, 0 - 0, 0)}
10-09 14:06:21.311  4304  4304 D ArtChoreographerMonitor: invoke error.
10-09 14:06:21.314  4304  4484 D OneHandedController: stopOneHanded state is 0
10-09 14:06:21.436  2042  3524 I SmartPower: eu.europa.ec.euidi/10030(8267): background->idle(3000ms) R(become invisible) adj=700.
10-09 14:06:21.484  4304  4304 D ArtChoreographerMonitor: invoke error.
10-09 14:06:21.928  2042  3096 D WindowManagerService: checkFlipFullScreenChange is same, nowIsFullScreen = false
10-09 14:06:21.950  2042  3096 D WindowManagerService: checkFlipFullScreenChange is same, nowIsFullScreen = false
10-09 14:06:22.382  2183  2183 I wificond: station_bandwidth: P
10-09 14:06:22.583  2042  3096 W MIUIInput: Input event injection from package: null action ACTION_DOWN
10-09 14:06:22.585  2042  3516 I ProcessManager: getRenderThreadTidByPid, caller=2042
10-09 14:06:22.587  2042  3096 W MIUIInput: Input event injection from package: null action ACTION_UP
10-09 14:06:22.610  2042  6991 I InputMethodManagerService: IMMS.applyImeVisibility(), setVisible = false, mCurclient = ClientState{d9dd38b mUid=10172 mPid=2944 mSelfReportedDisplayId=0}
10-09 14:06:22.611  4304  4304 D ArtChoreographerMonitor: invoke error.
10-09 14:06:22.616  2042  3096 W PackageConfigPersister: App-specific configuration not found for packageName: com.android.chrome and userId: 0
10-09 14:06:22.620  2042  4079 D CoreBackPreview: Window{963420e u0 com.android.chrome/org.chromium.chrome.browser.ChromeTabbedActivity}: Setting back callback OnBackInvokedCallbackInfo{mCallback=android.window.IOnBackInvokedCallback$Stub$Proxy@d76674b, mPriority=0, mIsAnimationCallback=true}
10-09 14:06:22.622  2042  3096 D PerfShielderService: com.android.chrome|com.android.chrome/org.chromium.chrome.browser.ChromeTabbedActivity|92|36590469343852|67|0|2
10-09 14:06:22.623  6649  7642 W MiuiPerfServiceClient: interceptAndQueuing:2944|com.android.chrome|92|67|36590469343852|Slow main thread|2
10-09 14:06:22.635  4304  4484 D MiuiFreeformModeController: avoidForInsetsBottomChangedIfNeed oldMoveableBottom: 2270 newMoveableBounds: 2270
10-09 14:06:22.635  4304  4484 D ImePositionProcessor: onImeVisibilityChanged     isShowing:  false
10-09 14:06:22.640  2042  2693 I WindowManager: input method visible height changed 0
10-09 14:06:22.643  2042  3126 I ITouchFeature: current device and process support version:2
10-09 14:06:22.649  4304  4484 D MiuiFreeformModeController: onImeVisibilityChanged imeVisible: false imeHeight: 0 adjustedForRotation:false
10-09 14:06:22.649  4304  4484 D MiuiFreeformModeAvoidAlgorithm: begin autoOrderingAvoidMiniTask
10-09 14:06:22.649  4304  4484 D MiuiFreeformModeAvoidAlgorithm: getCurrMiniPos: SameSideMiniPosList: []
10-09 14:06:22.649  4304  4484 D MiuiFreeformModeAvoidAlgorithm: getCurrMiniPos: SameSideMiniPosList: []
10-09 14:06:22.649  4304  4484 D MiuiFreeformModeAvoidAlgorithm: end autoOrderingAvoidMiniTask res:AvoidResult{distance=0, combination={}, activeTaskPos=Rect(0, 0 - 0, 0)}
10-09 14:06:22.784  4304  4304 D ArtChoreographerMonitor: invoke error.
10-09 14:06:23.156  2042  4079 I SmartPower: com.google.android.inputmethod.latin/10176(6431): visible->invisible(2026ms) R(become invisible) adj=100.
10-09 14:06:23.156  2042  4079 I SmartPower: com.google.android.inputmethod.latin/10176(6431): invisible->background(0ms) R(become background) adj=100.
10-09 14:06:23.159  4304  4484 D MiuiFreeformModeController: avoidForInsetsBottomChangedIfNeed oldMoveableBottom: 2270 newMoveableBounds: 2270
10-09 14:06:23.165  4304  4484 D MiuiFreeformModeController: avoidForInsetsBottomChangedIfNeed oldMoveableBottom: 2270 newMoveableBounds: 2270
10-09 14:06:23.342  2042  4079 W MIUIInput: Input event injection from package: null action ACTION_DOWN
10-09 14:06:23.344  2042  3516 I ProcessManager: getRenderThreadTidByPid, caller=2042
10-09 14:06:23.346  2042  4079 W MIUIInput: Input event injection from package: null action ACTION_UP
10-09 14:06:23.347  4304  4304 D ArtChoreographerMonitor: invoke error.
10-09 14:06:23.376  2042  3096 W PackageConfigPersister: App-specific configuration not found for packageName: com.android.chrome and userId: 0
10-09 14:06:23.377  2042  6982 I InputMethodManagerService: IMMS.showSoftInput(), client = com.android.internal.inputmethod.IInputMethodClient$Stub$Proxy@f194bd4
10-09 14:06:23.377  2042  6982 I InputMethodManagerService: IMMS.showCurrentInputLocked(), flags = 0
10-09 14:06:23.377  2042  6982 D SmartPower: com.google.android.inputmethod.latin/10176(6431): show input method
10-09 14:06:23.377  2042  6982 I SmartPower: com.google.android.inputmethod.latin/10176(6431): background->visible(222ms) R(show input method) adj=100.
10-09 14:06:23.378  2042  6982 I DefaultImeVisibilityApplier: IMMS.showCurrentInputLocked request ims to show inputMethod.
10-09 14:06:23.398  2042  6998 I InputMethodManagerService: IMMS.showSoftInput(), client = com.android.internal.inputmethod.IInputMethodClient$Stub$Proxy@101b872
10-09 14:06:23.398  2042  6998 I InputMethodManagerService: IMMS.showCurrentInputLocked(), flags = 0
10-09 14:06:23.398  2042  6998 D SmartPower: com.google.android.inputmethod.latin/10176(6431): show input method
10-09 14:06:23.399  2042  6998 I DefaultImeVisibilityApplier: IMMS.showCurrentInputLocked request ims to show inputMethod.
10-09 14:06:23.427  2042  4079 I InputMethodManagerService: IMMS.applyImeVisibility(), setVisible = true, mCurclient = ClientState{d9dd38b mUid=10172 mPid=2944 mSelfReportedDisplayId=0}
10-09 14:06:23.428  2042  4079 I WindowManager: WMS.showImePostLayout(), imeTarget = Window{963420e u0 com.android.chrome/org.chromium.chrome.browser.ChromeTabbedActivity}
10-09 14:06:23.434  2042  6998 D ActivityManager: checkAllowBackground: uid=10163 pkg=com.google.android.gms rec=UidRecord{3efeecd u0a163 BTOP change:procadj procs:0 seq(728008,425084)} caps=LCMNFU always=false idle=false
10-09 14:06:23.442  4304  4484 D MiuiFreeformModeController: avoidForInsetsBottomChangedIfNeed oldMoveableBottom: 2270 newMoveableBounds: 2270
10-09 14:06:23.448  2042  7000 D CoreBackPreview: Window{963420e u0 com.android.chrome/org.chromium.chrome.browser.ChromeTabbedActivity}: Setting back callback OnBackInvokedCallbackInfo{mCallback=android.window.IOnBackInvokedCallback$Stub$Proxy@aee9be, mPriority=0, mIsAnimationCallback=false}
10-09 14:06:23.459  4304  4484 D MiuiFreeformModeController: avoidForInsetsBottomChangedIfNeed oldMoveableBottom: 2270 newMoveableBounds: 2270
10-09 14:06:23.470  2042  7000 I InputMethodManagerService: IMMS.applyImeVisibility(), setVisible = true, mCurclient = ClientState{d9dd38b mUid=10172 mPid=2944 mSelfReportedDisplayId=0}
10-09 14:06:23.473  2042  7000 I WindowManager: WMS.showImePostLayout(), imeTarget = Window{963420e u0 com.android.chrome/org.chromium.chrome.browser.ChromeTabbedActivity}
10-09 14:06:23.479  2042  4079 D WindowManager: wms.finishDrawingLocked: mDrawState=COMMIT_DRAW_PENDING Window{49d5fba u0 InputMethod} in Surface(name=InputMethod#8227)/@0x2a95140
10-09 14:06:23.479  2042  6878 D ActivityManager: checkAllowBackground: uid=10163 pkg=com.google.android.gms rec=UidRecord{3efeecd u0a163 BTOP change:procadj procs:0 seq(728012,425084)} caps=LCMNFU always=false idle=false
10-09 14:06:23.481  2042  2693 I ImeInsetsSourceProvider: ImeInsetsSourceProvider.scheduleShowImePostLayout() Run showImeRunner.
10-09 14:06:23.481  2042  2693 I ImeInsetsSourceProvider: ImeInsetsSourceProvider.scheduleShowImePostLayout() isReadyToShowIme.
10-09 14:06:23.487  2042  3096 I WindowManager: cancelAnimation removed leash : Surface(name=Surface(name=d968687 NavigationBar0#90)/@0x2f479dd - animation-leash of insets_animation#8226)/@0xde50528
10-09 14:06:23.487  4304  4484 D MiuiFreeformModeController: avoidForInsetsBottomChangedIfNeed oldMoveableBottom: 2270 newMoveableBounds: 2270
10-09 14:06:23.487  4304  4484 D ImePositionProcessor: onImeVisibilityChanged     isShowing:  true
10-09 14:06:23.488  2042  2693 I WindowManager: input method visible height changed 701
10-09 14:06:23.488  2042  3126 I ITouchFeature: current device and process support version:2
10-09 14:06:23.489  2042  2693 I WindowManager: wms.showSurfaceRobustly mWin:Window{49d5fba u0 InputMethod}
10-09 14:06:23.490  4304  4484 D MiuiFreeformModeController: onImeVisibilityChanged imeVisible: true imeHeight: 701 adjustedForRotation:false
10-09 14:06:23.490  4304  4484 D MiuiFreeformModeAvoidAlgorithm: begin autoOrderingAvoidMiniTask
10-09 14:06:23.490  4304  4484 D MiuiFreeformModeAvoidAlgorithm: getCurrMiniPos: SameSideMiniPosList: []
10-09 14:06:23.490  4304  4484 D MiuiFreeformModeAvoidAlgorithm: getCurrMiniPos: SameSideMiniPosList: []
10-09 14:06:23.490  4304  4484 D MiuiFreeformModeAvoidAlgorithm: end autoOrderingAvoidMiniTask res:AvoidResult{distance=0, combination={}, activeTaskPos=Rect(0, 0 - 0, 0)}
10-09 14:06:23.513  4304  4484 D OneHandedController: stopOneHanded state is 0
10-09 14:06:23.681  4304  4304 D ArtChoreographerMonitor: invoke error.
10-09 14:06:24.165  2042  4079 D WindowManagerService: checkFlipFullScreenChange is same, nowIsFullScreen = false
10-09 14:06:24.187  2042  4079 D WindowManagerService: checkFlipFullScreenChange is same, nowIsFullScreen = false
10-09 14:06:24.319  2042  3096 W MIUIInput: Input event injection from package: null action ACTION_DOWN
10-09 14:06:24.320  2042  3516 I ProcessManager: getRenderThreadTidByPid, caller=2042
10-09 14:06:24.323  2042  4079 W MIUIInput: Input event injection from package: null action ACTION_UP
10-09 14:06:24.352  2042  6998 I InputMethodManagerService: IMMS.applyImeVisibility(), setVisible = false, mCurclient = ClientState{d9dd38b mUid=10172 mPid=2944 mSelfReportedDisplayId=0}
10-09 14:06:24.354  4304  4304 D ArtChoreographerMonitor: invoke error.
10-09 14:06:24.363  2042  6981 W PackageConfigPersister: App-specific configuration not found for packageName: com.android.chrome and userId: 0
10-09 14:06:24.388  2042  4079 I WindowManager: cancelAnimation removed leash : Surface(name=Surface(name=704023a StatusBar#94)/@0xa8be448 - animation-leash of insets_animation#8214)/@0x727ffd6
10-09 14:06:24.390  2042  4079 D WindowManager: wms.Input focus has changed to Window{6f80858 u0 com.android.chrome/org.chromium.chrome.browser.ChromeTabbedActivity} display=0 updateInputWindows = false
10-09 14:06:24.390  2042  4079 I MultiSenceManagerInternalStub: getInstance
10-09 14:06:24.393  2042  2693 D WindowManager: wms.Focus not requested for window=Window{6f80858 u0 com.android.chrome/org.chromium.chrome.browser.ChromeTabbedActivity} because it has no surface or is not focusable.
10-09 14:06:24.408  2042  3096 D CoreBackPreview: Window{6f80858 u0 com.android.chrome/org.chromium.chrome.browser.ChromeTabbedActivity}: Setting back callback OnBackInvokedCallbackInfo{mCallback=android.window.IOnBackInvokedCallback$Stub$Proxy@7d52222, mPriority=-1, mIsAnimationCallback=false}
10-09 14:06:24.441  2042  6981 D WindowManager: wms.finishDrawingLocked: mDrawState=COMMIT_DRAW_PENDING Window{6f80858 u0 com.android.chrome/org.chromium.chrome.browser.ChromeTabbedActivity} in Surface(name=com.android.chrome/org.chromium.chrome.browser.ChromeTabbedActivity#8230)/@0xe7214b3
10-09 14:06:24.455  2042  2693 I WindowManager: wms.showSurfaceRobustly mWin:Window{6f80858 u0 com.android.chrome/org.chromium.chrome.browser.ChromeTabbedActivity}
10-09 14:06:24.470  4304  4484 D MiuiFreeformModeController: avoidForInsetsBottomChangedIfNeed oldMoveableBottom: 2270 newMoveableBounds: 2270
10-09 14:06:24.470  4304  4484 D ImePositionProcessor: onImeVisibilityChanged     isShowing:  false
10-09 14:06:24.479  2042  6981 D CoreBackPreview: Window{963420e u0 com.android.chrome/org.chromium.chrome.browser.ChromeTabbedActivity}: Setting back callback OnBackInvokedCallbackInfo{mCallback=android.window.IOnBackInvokedCallback$Stub$Proxy@ca4ad46, mPriority=0, mIsAnimationCallback=true}
10-09 14:06:24.485  2042  2693 I WindowManager: input method visible height changed 0
10-09 14:06:24.486  2042  3126 I ITouchFeature: current device and process support version:2
10-09 14:06:24.501  4304  4484 D MiuiFreeformModeController: onImeVisibilityChanged imeVisible: false imeHeight: 0 adjustedForRotation:false
10-09 14:06:24.501  4304  4484 D MiuiFreeformModeAvoidAlgorithm: begin autoOrderingAvoidMiniTask
10-09 14:06:24.501  4304  4484 D MiuiFreeformModeAvoidAlgorithm: getCurrMiniPos: SameSideMiniPosList: []
10-09 14:06:24.501  4304  4484 D MiuiFreeformModeAvoidAlgorithm: getCurrMiniPos: SameSideMiniPosList: []
10-09 14:06:24.501  4304  4484 D MiuiFreeformModeAvoidAlgorithm: end autoOrderingAvoidMiniTask res:AvoidResult{distance=0, combination={}, activeTaskPos=Rect(0, 0 - 0, 0)}
10-09 14:06:24.660  4304  4304 D ArtChoreographerMonitor: invoke error.
10-09 14:06:24.905   702  8387 I keystore2: system/security/keystore2/src/watchdog.rs:319 - Watchdog thread idle -> terminating. Have a great day.
10-09 14:06:24.993  2042  6998 I SmartPower: com.google.android.inputmethod.latin/10176(6431): visible->invisible(1616ms) R(become invisible) adj=100.
10-09 14:06:24.994  2042  6998 I SmartPower: com.google.android.inputmethod.latin/10176(6431): invisible->background(0ms) R(become background) adj=100.
10-09 14:06:24.997  4304  4484 D MiuiFreeformModeController: avoidForInsetsBottomChangedIfNeed oldMoveableBottom: 2270 newMoveableBounds: 2270
10-09 14:06:25.002  4304  4484 D MiuiFreeformModeController: avoidForInsetsBottomChangedIfNeed oldMoveableBottom: 2270 newMoveableBounds: 2270
10-09 14:06:25.130  2042  6981 W MIUIInput: Input event injection from package: null action ACTION_DOWN
10-09 14:06:25.131  2042  3516 I ProcessManager: getRenderThreadTidByPid, caller=2042
10-09 14:06:25.133  2042  6981 W MIUIInput: Input event injection from package: null action ACTION_UP
10-09 14:06:25.152  2042  6998 D CoreBackPreview: Window{6f80858 u0 com.android.chrome/org.chromium.chrome.browser.ChromeTabbedActivity}: Setting back callback null
10-09 14:06:25.160  2042  6998 I WindowManager: cancelAnimation removed leash : Surface(name=Surface(name=704023a StatusBar#94)/@0xa8be448 - animation-leash of insets_animation#8229)/@0xb115204
10-09 14:06:25.163  2042  6998 I WindowManager: cancelAnimation removed leash : Surface(name=Surface(name=d968687 NavigationBar0#90)/@0x2f479dd - animation-leash of insets_animation#8234)/@0x154521
10-09 14:06:25.166  2042  6998 D WindowManager: wms.Input focus has changed to Window{963420e u0 com.android.chrome/org.chromium.chrome.browser.ChromeTabbedActivity} display=0 updateInputWindows = false
10-09 14:06:25.166  2042  6998 I MultiSenceManagerInternalStub: getInstance
10-09 14:06:25.170  4304  4304 D ArtChoreographerMonitor: invoke error.
10-09 14:06:25.205  2042  6982 W PackageConfigPersister: App-specific configuration not found for packageName: com.android.chrome and userId: 0
10-09 14:06:25.206  2042  6982 D PerfShielderService: com.android.chrome|com.android.chrome/org.chromium.chrome.browser.ChromeTabbedActivity|157|36593749559528|75|0|3
10-09 14:06:25.207  6649  7642 W MiuiPerfServiceClient: interceptAndQueuing:2944|com.android.chrome|157|75|36593749559528|Slow main thread|3
10-09 14:06:25.356  4304  4304 D ArtChoreographerMonitor: invoke error.
10-09 14:06:25.392  2183  2183 I wificond: station_bandwidth: P
10-09 14:06:25.394  4304  4304 D ArtChoreographerMonitor: invoke error.
10-09 14:06:25.568  4304  4304 D ArtChoreographerMonitor: invoke error.
10-09 14:06:25.931  2042  6998 W MIUIInput: Input event injection from package: null action ACTION_DOWN
10-09 14:06:25.932  2042  3516 I ProcessManager: getRenderThreadTidByPid, caller=2042
10-09 14:06:25.935  2042  6998 W MIUIInput: Input event injection from package: null action ACTION_UP
10-09 14:06:25.949  2042  6998 I InputMethodManagerService: IMMS.showSoftInput(), client = com.android.internal.inputmethod.IInputMethodClient$Stub$Proxy@63819e8
10-09 14:06:25.949  2042  6998 I InputMethodManagerService: IMMS.showCurrentInputLocked(), flags = 0
10-09 14:06:25.949  2042  6998 D SmartPower: com.google.android.inputmethod.latin/10176(6431): show input method
10-09 14:06:25.949  2042  6998 I SmartPower: com.google.android.inputmethod.latin/10176(6431): background->visible(955ms) R(show input method) adj=100.
10-09 14:06:25.949  2042  3096 W PackageConfigPersister: App-specific configuration not found for packageName: com.android.chrome and userId: 0
10-09 14:06:25.950  2042  6998 I DefaultImeVisibilityApplier: IMMS.showCurrentInputLocked request ims to show inputMethod.
