07-15 14:45:45.890  2465  2482 D CompatibilityChangeReporter: Compat change id reported: 135634846; UID 10595; state: DISABLED
07-15 14:45:45.890  2465  2482 D CompatibilityChangeReporter: Compat change id reported: 177438394; UID 10595; state: DISABLED
07-15 14:45:45.890  2465  2482 D CompatibilityChangeReporter: Compat change id reported: 135772972; UID 10595; state: DISABLED
07-15 14:45:45.890  2465  2482 D CompatibilityChangeReporter: Compat change id reported: 135754954; UID 10595; state: ENABLED
07-15 14:45:45.891  2465  2504 D CompatibilityChangeReporter: Compat change id reported: 143937733; UID 10595; state: ENABLED
07-15 14:45:45.900  2465  2504 D Boost   : hostingType=content provider, hostingName={com.microsoft.windowsintune.companyportal/com.microsoft.identity.client.BrokerContentProvider}, callerPackage=com.microsoft.teams, isSystem=false, isBoostNeeded=false.
07-15 14:45:45.900  2465  2504 I ActivityManager: Start proc 7625:com.microsoft.windowsintune.companyportal:auth/u0a595 for content provider {com.microsoft.windowsintune.companyportal/com.microsoft.identity.client.BrokerContentProvider} caller=com.microsoft.teams
07-15 14:45:45.923  2465  2482 I SmartPower.com.microsoft.windowsintune.companyportal:auth/10595(7625): died->background(1520588ms) R(process start ) adj=-10000.
07-15 14:45:45.923  2465  2950 I SmartPower: com.microsoft.windowsintune.companyportal/10595 state=inactive adj=935 proc size=4 move to background process start 
07-15 14:45:45.928  2465  2950 I SmartPower: com.microsoft.windowsintune.companyportal/10595 state=background adj=935 proc size=4 move to inactive adj below visible
07-15 14:45:46.015  7625  7625 I ForceDarkHelperStubImpl: initialize for com.microsoft.windowsintune.companyportal , ForceDarkOrigin
07-15 14:45:46.340  2465  4111 W ProcessStats: Tracking association SourceState{a2698f8 system/1000 BTopFgs #123691} whose proc state 2 is better than process ProcessState{59526b3 com.miui.powerkeeper/1000 pkg=com.miui.powerkeeper (sub)} proc state 3 (9 skipped)
07-15 14:45:46.492 25620 26174 W BpBinder: PerfMonitor binderTransact :  time=438ms interface=android.content.IContentProvider code=1
07-15 14:45:48.845 25620 26174 W BpBinder: PerfMonitor binderTransact :  time=2344ms interface=android.content.IContentProvider code=1
07-15 14:45:49.949  2465  2465 D CompatibilityChangeReporter: Compat change id reported: 168419799; UID 10162; state: DISABLED
07-15 14:45:50.638  2465  2496 I BatteryService: current mPlugType2current mHealthInfo.batteryLevel100current mHealthInfo.batteryTemperature320
07-15 14:45:50.645  2465  2465 D UiModeManager: updateConfigurationLocked: mDockState=0; mCarMode=false; mCar=false; mPowerSave=false; mComputedNightMode=false; mNightMode=1; uiMode=17
07-15 14:45:56.421  2465  5853 W ProcessStats: Tracking association SourceState{a2698f8 system/1000 BTopFgs #123727} whose proc state 2 is better than process ProcessState{59526b3 com.miui.powerkeeper/1000 pkg=com.miui.powerkeeper (sub)} proc state 3 (139 skipped)
07-15 14:46:06.084  2465  2494 D HeapUsage Monitor: HeapAllocSize : 61MB; monitorSize : 500MB
07-15 14:46:16.369  2465  5370 W ProcessStats: Tracking association SourceState{a2698f8 system/1000 BTopFgs #123733} whose proc state 2 is better than process ProcessState{59526b3 com.miui.powerkeeper/1000 pkg=com.miui.powerkeeper (sub)} proc state 3 (39 skipped)
07-15 14:46:24.458  2465  2496 I BatteryService: current mPlugType2current mHealthInfo.batteryLevel100current mHealthInfo.batteryTemperature320
07-15 14:46:24.463  2465  2465 D UiModeManager: updateConfigurationLocked: mDockState=0; mCarMode=false; mCar=false; mPowerSave=false; mComputedNightMode=false; mNightMode=1; uiMode=17
07-15 14:46:33.893  2465  2499 W ActivityManager: Unable to start service Intent { cmp=com.miui.powerkeeper/.perfshielder.PerfShielderStatisticsService } U=0: not found
07-15 14:46:36.086  2465  2494 D HeapUsage Monitor: HeapAllocSize : 62MB; monitorSize : 500MB
07-15 14:46:38.955  2465  2496 I BatteryService: current mPlugType2current mHealthInfo.batteryLevel100current mHealthInfo.batteryTemperature320
07-15 14:46:38.958  2465  2465 D UiModeManager: updateConfigurationLocked: mDockState=0; mCarMode=false; mCar=false; mPowerSave=false; mComputedNightMode=false; mNightMode=1; uiMode=17
07-15 14:46:38.961  3586  3586 I MiuiChargeManager: notifyBatteryStatusChanged:  status: 5 isPlugged: 2 level: 100 wireState: 11 chargeSpeed: 0 mChargeType: 0 chargeDeviceType: 0 maxChargingWattage: -1 isCarCharge: 0 SUPPORT_BROADCAST_QUICK_CHARGE: true
07-15 14:46:38.963  6345  6345 D PowerChecker_Service: battery status = 5 plug = 2 level = 100
07-15 14:46:39.205 27603 27735 W BpBinder: PerfMonitor binderTransact :  time=238ms interface=android.os.IBatteryPropertiesRegistrar code=1
07-15 14:46:39.261  6420  6459 W BpBinder: PerfMonitor binderTransact :  time=294ms interface=android.os.IBatteryPropertiesRegistrar code=1
07-15 14:46:45.626  2465  5853 D ActivityManager: report kill process: killerPid is:25646, killedPid is:25646
07-15 14:46:45.787  2465  5853 I SmartPower.com.google.android.gm/10179(25646): background->died(655865ms) R(process died ) adj=905.
07-15 14:46:45.787  2465  5853 I ActivityManager: Process com.google.android.gm (pid 25646) has died: cch+5 CEM 
07-15 14:46:45.787  2465  2950 I SmartPower: com.google.android.gm/10179 state=inactive adj=905 proc size=1 move to died process died 
07-15 14:46:45.788  2465  5853 D ActivityManagerServiceImpl: Service controller is not enabled.
07-15 14:46:45.789  2465  5853 D ProcessRecordInjector: Finishing reporting clean up app record.
07-15 14:46:45.793  2465  5853 W ProcessStats: Tracking association SourceState{a2698f8 system/1000 BTopFgs #123735} whose proc state 2 is better than process ProcessState{59526b3 com.miui.powerkeeper/1000 pkg=com.miui.powerkeeper (sub)} proc state 3 (9 skipped)
07-15 14:47:06.088  2465  2494 D HeapUsage Monitor: HeapAllocSize : 62MB; monitorSize : 500MB
07-15 14:47:24.455  2465  2496 I BatteryService: current mPlugType2current mHealthInfo.batteryLevel100current mHealthInfo.batteryTemperature320
07-15 14:47:24.458  2465  2465 D UiModeManager: updateConfigurationLocked: mDockState=0; mCarMode=false; mCar=false; mPowerSave=false; mComputedNightMode=false; mNightMode=1; uiMode=17
07-15 14:47:32.574  2465  3628 W ProcessStats: Tracking association SourceState{a2698f8 system/1000 BTopFgs #123740} whose proc state 2 is better than process ProcessState{59526b3 com.miui.powerkeeper/1000 pkg=com.miui.powerkeeper (sub)} proc state 3 (39 skipped)
07-15 14:47:33.900  2465  2499 W ActivityManager: Unable to start service Intent { cmp=com.miui.powerkeeper/.perfshielder.PerfShielderStatisticsService } U=0: not found
07-15 14:47:36.090  2465  2494 D HeapUsage Monitor: HeapAllocSize : 64MB; monitorSize : 500MB
07-15 14:48:06.092  2465  2494 D HeapUsage Monitor: HeapAllocSize : 67MB; monitorSize : 500MB
07-15 14:48:15.710  2465  5853 D ActivityManager: report kill process: killerPid is:28550, killedPid is:28550
07-15 14:48:15.738  2465  5853 D ActivityManager: report kill process: killerPid is:29537, killedPid is:29537
07-15 14:48:15.741  2465  5853 D ActivityManager: report kill process: killerPid is:27637, killedPid is:27637
07-15 14:48:15.781  2465  5369 I SmartPower.com.google.android.apps.walletnfcrel/10259(29537): background->died(1611233ms) R(process died ) adj=915.
07-15 14:48:15.781  2465  5369 I ActivityManager: Process com.google.android.apps.walletnfcrel (pid 29537) has died: cch+15 CEM 
07-15 14:48:15.782  2465  5369 D ActivityManagerServiceImpl: Service controller is not enabled.
07-15 14:48:15.782  2465  5369 D ProcessRecordInjector: Finishing reporting clean up app record.
07-15 14:48:15.782  2465  2950 I SmartPower: com.google.android.apps.walletnfcrel/10259 state=inactive adj=915 proc size=1 move to died process died 
07-15 14:48:15.786  2465  5369 W ProcessStats: Tracking association SourceState{a2698f8 system/1000 BTopFgs #123750} whose proc state 2 is better than process ProcessState{59526b3 com.miui.powerkeeper/1000 pkg=com.miui.powerkeeper (sub)} proc state 3 (9 skipped)
07-15 14:48:15.788  2465  4926 I SmartPower.com.google.android.calendar/10173(27637): background->died(1785540ms) R(process died ) adj=995.
07-15 14:48:15.788  2465  4926 I ActivityManager: Process com.google.android.calendar (pid 27637) has died: cch+95 CEM 
07-15 14:48:15.788  2465  4926 D ActivityManagerServiceImpl: Service controller is not enabled.
07-15 14:48:15.788  2465  2950 I SmartPower: com.google.android.calendar/10173 state=inactive adj=995 proc size=1 move to died process died 
07-15 14:48:15.788  2465  4926 D ProcessRecordInjector: Finishing reporting clean up app record.
07-15 14:48:15.800  2465  5204 I SmartPower.com.google.android.youtube/10189(28550): background->died(1708551ms) R(process died ) adj=935.
07-15 14:48:15.800  2465  5204 I ActivityManager: Process com.google.android.youtube (pid 28550) has died: cch+35 CEM 
07-15 14:48:15.800  2465  5204 D ActivityManagerServiceImpl: Service controller is not enabled.
07-15 14:48:15.801  2465  5204 D ProcessRecordInjector: Finishing reporting clean up app record.
07-15 14:48:15.801  2465  2950 I SmartPower: com.google.android.youtube/10189 state=inactive adj=935 proc size=1 move to died process died 
07-15 14:48:24.457  2465  2496 I BatteryService: current mPlugType2current mHealthInfo.batteryLevel100current mHealthInfo.batteryTemperature320
07-15 14:48:24.461  2465  2465 D UiModeManager: updateConfigurationLocked: mDockState=0; mCarMode=false; mCar=false; mPowerSave=false; mComputedNightMode=false; mNightMode=1; uiMode=17
07-15 14:48:33.979  2465  2499 W ActivityManager: Unable to start service Intent { cmp=com.miui.powerkeeper/.perfshielder.PerfShielderStatisticsService } U=0: not found
07-15 14:48:36.094  2465  2494 D HeapUsage Monitor: HeapAllocSize : 68MB; monitorSize : 500MB
07-15 14:48:37.745  2465  2497 I ActivityManager: Killing 26686:com.android.vending:instant_app_installer/u0a164 (adj 915): empty for 1807s
07-15 14:48:37.747  2465  2497 I SmartPower.com.android.vending:instant_app_installer/10164(26686): background->died(1843015ms) R(process died ) adj=915.
07-15 14:48:37.749  2465  2497 W ProcessStats: Tracking association SourceState{a2698f8 system/1000 BTopFgs #123758} whose proc state 2 is better than process ProcessState{59526b3 com.miui.powerkeeper/1000 pkg=com.miui.powerkeeper (sub)} proc state 3 (49 skipped)
07-15 14:48:37.778  2465  5853 D ActivityManagerServiceImpl: Service controller is not enabled.
07-15 14:48:37.778  2465  5853 D ProcessRecordInjector: Finishing reporting clean up app record.
07-15 14:48:40.517  2465  2496 I BatteryService: current mPlugType2current mHealthInfo.batteryLevel100current mHealthInfo.batteryTemperature310
07-15 14:48:40.521  2465  2465 D UiModeManager: updateConfigurationLocked: mDockState=0; mCarMode=false; mCar=false; mPowerSave=false; mComputedNightMode=false; mNightMode=1; uiMode=17
07-15 14:48:50.574  2465  2496 I BatteryService: current mPlugType2current mHealthInfo.batteryLevel100current mHealthInfo.batteryTemperature320
07-15 14:48:50.578  2465  2465 D UiModeManager: updateConfigurationLocked: mDockState=0; mCarMode=false; mCar=false; mPowerSave=false; mComputedNightMode=false; mNightMode=1; uiMode=17
07-15 14:48:55.230  2465  5377 W ContextImpl: Calling a method in the system process without a qualified user: android.app.ContextImpl.sendBroadcastMultiplePermissions:1216 com.android.server.TelephonyRegistry.broadcastServiceStateChanged:2965 com.android.server.TelephonyRegistry.notifyServiceStateForPhoneId:1658 com.android.internal.telephony.ITelephonyRegistry$Stub.onTransact:455 android.os.Binder.execTransactInternal:1185 
07-15 14:48:55.230  2465  5377 W ContextImpl: Calling a method in the system process without a qualified user: android.app.ContextImpl.sendBroadcastMultiplePermissions:1266 android.content.Context.sendBroadcastMultiplePermissions:2225 com.android.server.TelephonyRegistry.broadcastServiceStateChanged:2968 com.android.server.TelephonyRegistry.notifyServiceStateForPhoneId:1658 com.android.internal.telephony.ITelephonyRegistry$Stub.onTransact:455 
07-15 14:48:55.232  2465  2503 W BroadcastQueue: Appop Denial: receiving Intent { act=android.intent.action.SERVICE_STATE flg=0x1000010 pkg=com.android.phone (has extras) } to ProcessRecord{ebb772 3577:com.android.phone/1001} (pid=3577, uid=1001) excludes appop android:read_phone_state due to sender android (uid 1001)
07-15 14:48:55.233  2465  2503 W BroadcastQueue: Appop Denial: receiving Intent { act=android.intent.action.SERVICE_STATE flg=0x1000010 pkg=com.android.phone (has extras) } to ProcessRecord{ebb772 3577:com.android.phone/1001} (pid=3577, uid=1001) excludes appop android:read_phone_state due to sender android (uid 1001)
07-15 14:48:55.233  2465  2503 W BroadcastQueue: Appop Denial: receiving Intent { act=android.intent.action.SERVICE_STATE flg=0x1000010 pkg=com.android.phone (has extras) } to ProcessRecord{ebb772 3577:com.android.phone/1001} (pid=3577, uid=1001) excludes appop android:read_phone_state due to sender android (uid 1001)
07-15 14:48:55.233  2465  2503 W BroadcastQueue: Appop Denial: receiving Intent { act=android.intent.action.SERVICE_STATE flg=0x1000010 pkg=com.android.phone (has extras) } to ProcessRecord{ebb772 3577:com.android.phone/1001} (pid=3577, uid=1001) excludes appop android:read_phone_state due to sender android (uid 1001)
07-15 14:48:55.233  2465  5377 W ContextImpl: Calling a method in the system process without a qualified user: android.app.ContextImpl.sendBroadcastMultiplePermissions:1266 com.android.server.TelephonyRegistry.broadcastServiceStateChanged:2975 com.android.server.TelephonyRegistry.notifyServiceStateForPhoneId:1658 com.android.internal.telephony.ITelephonyRegistry$Stub.onTransact:455 android.os.Binder.execTransactInternal:1185 
07-15 14:48:55.233  2465  5377 W ContextImpl: Calling a method in the system process without a qualified user: android.app.ContextImpl.sendBroadcastMultiplePermissions:1266 com.android.server.TelephonyRegistry.broadcastServiceStateChanged:2980 com.android.server.TelephonyRegistry.notifyServiceStateForPhoneId:1658 com.android.internal.telephony.ITelephonyRegistry$Stub.onTransact:455 android.os.Binder.execTransactInternal:1185 
07-15 14:48:55.234  2465  2503 W BroadcastQueue: Skipping delivery of excluded package Intent { act=android.intent.action.SERVICE_STATE flg=0x1000010 (has extras) } to ProcessRecord{ebb772 3577:com.android.phone/1001} (pid=3577, uid=1001) excludes package com.android.phone due to sender android (uid 1001)
07-15 14:48:55.234  2465  2503 W BroadcastQueue: Skipping delivery of excluded package Intent { act=android.intent.action.SERVICE_STATE flg=0x1000010 (has extras) } to ProcessRecord{ebb772 3577:com.android.phone/1001} (pid=3577, uid=1001) excludes package com.android.phone due to sender android (uid 1001)
07-15 14:48:55.234  2465  2503 W BroadcastQueue: Skipping delivery of excluded package Intent { act=android.intent.action.SERVICE_STATE flg=0x1000010 (has extras) } to ProcessRecord{ebb772 3577:com.android.phone/1001} (pid=3577, uid=1001) excludes package com.android.phone due to sender android (uid 1001)
07-15 14:48:55.234  2465  2503 W BroadcastQueue: Skipping delivery of excluded package Intent { act=android.intent.action.SERVICE_STATE flg=0x1000010 (has extras) } to ProcessRecord{ebb772 3577:com.android.phone/1001} (pid=3577, uid=1001) excludes package com.android.phone due to sender android (uid 1001)
07-15 14:48:55.234  2465  2503 W BroadcastQueue: Permission Denial: receiving Intent { act=android.intent.action.SERVICE_STATE flg=0x1000010 (has extras) } to com.google.android.cellbroadcastreceiver/com.android.cellbroadcastreceiver.CellBroadcastReceiver requires android.permission.READ_PHONE_STATE due to sender android (uid 1001)
07-15 14:48:55.235  2465  2503 W BroadcastQueue: Appop Denial: receiving Intent { act=android.intent.action.SERVICE_STATE flg=0x1000010 (has extras) } to ProcessRecord{62d52e6 3564:com.xiaomi.finddevice/6110} (pid=3564, uid=6110) excludes appop android:read_phone_state due to sender android (uid 1001)
07-15 14:48:55.235  2465  2503 W BroadcastQueue: Appop Denial: receiving Intent { act=android.intent.action.SERVICE_STATE flg=0x1000010 (has extras) } to ProcessRecord{a6e07c3 3586:com.android.systemui/1000} (pid=3586, uid=1000) excludes appop android:read_phone_state due to sender android (uid 1001)
07-15 14:48:55.236  2465  2503 W BroadcastQueue: Appop Denial: receiving Intent { act=android.intent.action.SERVICE_STATE flg=0x1000010 (has extras) } to ProcessRecord{ebb772 3577:com.android.phone/1001} (pid=3577, uid=1001) excludes appop android:read_phone_state due to sender android (uid 1001)
07-15 14:48:55.236  2465  2503 W BroadcastQueue: Appop Denial: receiving Intent { act=android.intent.action.SERVICE_STATE flg=0x1000010 (has extras) } to ProcessRecord{ebb772 3577:com.android.phone/1001} (pid=3577, uid=1001) excludes appop android:read_phone_state due to sender android (uid 1001)
07-15 14:48:55.236  2465  2503 W BroadcastQueue: Appop Denial: receiving Intent { act=android.intent.action.SERVICE_STATE flg=0x1000010 (has extras) } to ProcessRecord{ebb772 3577:com.android.phone/1001} (pid=3577, uid=1001) excludes appop android:read_phone_state due to sender android (uid 1001)
07-15 14:48:55.236  2465  2503 W BroadcastQueue: Appop Denial: receiving Intent { act=android.intent.action.SERVICE_STATE flg=0x1000010 (has extras) } to ProcessRecord{ebb772 3577:com.android.phone/1001} (pid=3577, uid=1001) excludes appop android:read_phone_state due to sender android (uid 1001)
07-15 14:48:55.238  2465  2503 W ProcessStats: Tracking association SourceState{a2698f8 system/1000 BTopFgs #123765} whose proc state 2 is better than process ProcessState{59526b3 com.miui.powerkeeper/1000 pkg=com.miui.powerkeeper (sub)} proc state 3 (29 skipped)
07-15 14:48:55.580  2465  2496 I BatteryService: current mPlugType2current mHealthInfo.batteryLevel100current mHealthInfo.batteryTemperature310
07-15 14:48:55.584  2465  2465 D UiModeManager: updateConfigurationLocked: mDockState=0; mCarMode=false; mCar=false; mPowerSave=false; mComputedNightMode=false; mNightMode=1; uiMode=17
07-15 14:49:00.677 25620  7893 W BpBinder: PerfMonitor binderTransact :  time=681ms interface=android.content.IContentProvider code=21
07-15 14:49:06.096  2465  2494 D HeapUsage Monitor: HeapAllocSize : 73MB; monitorSize : 500MB
07-15 14:49:10.627  2465  2496 I BatteryService: current mPlugType2current mHealthInfo.batteryLevel100current mHealthInfo.batteryTemperature320
07-15 14:49:10.633  2465  2465 D UiModeManager: updateConfigurationLocked: mDockState=0; mCarMode=false; mCar=false; mPowerSave=false; mComputedNightMode=false; mNightMode=1; uiMode=17
07-15 14:49:15.360  2465  5377 W ProcessStats: Tracking association SourceState{a2698f8 system/1000 BTopFgs #123774} whose proc state 2 is better than process ProcessState{59526b3 com.miui.powerkeeper/1000 pkg=com.miui.powerkeeper (sub)} proc state 3 (19 skipped)
07-15 14:49:20.662  2465  2496 I BatteryService: current mPlugType2current mHealthInfo.batteryLevel100current mHealthInfo.batteryTemperature310
07-15 14:49:20.666  2465  2465 D UiModeManager: updateConfigurationLocked: mDockState=0; mCarMode=false; mCar=false; mPowerSave=false; mComputedNightMode=false; mNightMode=1; uiMode=17
07-15 14:49:24.460  2465  2496 I BatteryService: current mPlugType2current mHealthInfo.batteryLevel100current mHealthInfo.batteryTemperature320
07-15 14:49:24.463  2465  2465 D UiModeManager: updateConfigurationLocked: mDockState=0; mCarMode=false; mCar=false; mPowerSave=false; mComputedNightMode=false; mNightMode=1; uiMode=17
07-15 14:49:29.125  2465  5853 W ContextImpl: Calling a method in the system process without a qualified user: android.app.ContextImpl.sendBroadcastMultiplePermissions:1216 com.android.server.TelephonyRegistry.broadcastServiceStateChanged:2965 com.android.server.TelephonyRegistry.notifyServiceStateForPhoneId:1658 com.android.internal.telephony.ITelephonyRegistry$Stub.onTransact:455 android.os.Binder.execTransactInternal:1185 
07-15 14:49:29.126  2465  5853 W ContextImpl: Calling a method in the system process without a qualified user: android.app.ContextImpl.sendBroadcastMultiplePermissions:1266 android.content.Context.sendBroadcastMultiplePermissions:2225 com.android.server.TelephonyRegistry.broadcastServiceStateChanged:2968 com.android.server.TelephonyRegistry.notifyServiceStateForPhoneId:1658 com.android.internal.telephony.ITelephonyRegistry$Stub.onTransact:455 
07-15 14:49:29.128  2465  2503 W BroadcastQueue: Appop Denial: receiving Intent { act=android.intent.action.SERVICE_STATE flg=0x1000010 pkg=com.android.phone (has extras) } to ProcessRecord{ebb772 3577:com.android.phone/1001} (pid=3577, uid=1001) excludes appop android:read_phone_state due to sender android (uid 1001)
07-15 14:49:29.128  2465  2503 W BroadcastQueue: Appop Denial: receiving Intent { act=android.intent.action.SERVICE_STATE flg=0x1000010 pkg=com.android.phone (has extras) } to ProcessRecord{ebb772 3577:com.android.phone/1001} (pid=3577, uid=1001) excludes appop android:read_phone_state due to sender android (uid 1001)
07-15 14:49:29.128  2465  2503 W BroadcastQueue: Appop Denial: receiving Intent { act=android.intent.action.SERVICE_STATE flg=0x1000010 pkg=com.android.phone (has extras) } to ProcessRecord{ebb772 3577:com.android.phone/1001} (pid=3577, uid=1001) excludes appop android:read_phone_state due to sender android (uid 1001)
07-15 14:49:29.128  2465  2503 W BroadcastQueue: Appop Denial: receiving Intent { act=android.intent.action.SERVICE_STATE flg=0x1000010 pkg=com.android.phone (has extras) } to ProcessRecord{ebb772 3577:com.android.phone/1001} (pid=3577, uid=1001) excludes appop android:read_phone_state due to sender android (uid 1001)
07-15 14:49:29.128  2465  5853 W ContextImpl: Calling a method in the system process without a qualified user: android.app.ContextImpl.sendBroadcastMultiplePermissions:1266 com.android.server.TelephonyRegistry.broadcastServiceStateChanged:2975 com.android.server.TelephonyRegistry.notifyServiceStateForPhoneId:1658 com.android.internal.telephony.ITelephonyRegistry$Stub.onTransact:455 android.os.Binder.execTransactInternal:1185 
07-15 14:49:29.129  2465  5853 W ContextImpl: Calling a method in the system process without a qualified user: android.app.ContextImpl.sendBroadcastMultiplePermissions:1266 com.android.server.TelephonyRegistry.broadcastServiceStateChanged:2980 com.android.server.TelephonyRegistry.notifyServiceStateForPhoneId:1658 com.android.internal.telephony.ITelephonyRegistry$Stub.onTransact:455 android.os.Binder.execTransactInternal:1185 
07-15 14:49:29.129  2465  2503 W BroadcastQueue: Skipping delivery of excluded package Intent { act=android.intent.action.SERVICE_STATE flg=0x1000010 (has extras) } to ProcessRecord{ebb772 3577:com.android.phone/1001} (pid=3577, uid=1001) excludes package com.android.phone due to sender android (uid 1001)
07-15 14:49:29.130  2465  2503 W BroadcastQueue: Skipping delivery of excluded package Intent { act=android.intent.action.SERVICE_STATE flg=0x1000010 (has extras) } to ProcessRecord{ebb772 3577:com.android.phone/1001} (pid=3577, uid=1001) excludes package com.android.phone due to sender android (uid 1001)
07-15 14:49:29.130  2465  2503 W BroadcastQueue: Skipping delivery of excluded package Intent { act=android.intent.action.SERVICE_STATE flg=0x1000010 (has extras) } to ProcessRecord{ebb772 3577:com.android.phone/1001} (pid=3577, uid=1001) excludes package com.android.phone due to sender android (uid 1001)
07-15 14:49:29.130  2465  2503 W BroadcastQueue: Skipping delivery of excluded package Intent { act=android.intent.action.SERVICE_STATE flg=0x1000010 (has extras) } to ProcessRecord{ebb772 3577:com.android.phone/1001} (pid=3577, uid=1001) excludes package com.android.phone due to sender android (uid 1001)
07-15 14:49:29.130  2465  2503 W BroadcastQueue: Permission Denial: receiving Intent { act=android.intent.action.SERVICE_STATE flg=0x1000010 (has extras) } to com.google.android.cellbroadcastreceiver/com.android.cellbroadcastreceiver.CellBroadcastReceiver requires android.permission.READ_PHONE_STATE due to sender android (uid 1001)
07-15 14:49:29.131  2465  2503 W BroadcastQueue: Appop Denial: receiving Intent { act=android.intent.action.SERVICE_STATE flg=0x1000010 (has extras) } to ProcessRecord{62d52e6 3564:com.xiaomi.finddevice/6110} (pid=3564, uid=6110) excludes appop android:read_phone_state due to sender android (uid 1001)
07-15 14:49:29.131  2465  2503 W BroadcastQueue: Appop Denial: receiving Intent { act=android.intent.action.SERVICE_STATE flg=0x1000010 (has extras) } to ProcessRecord{a6e07c3 3586:com.android.systemui/1000} (pid=3586, uid=1000) excludes appop android:read_phone_state due to sender android (uid 1001)
07-15 14:49:29.131  2465  2503 W BroadcastQueue: Appop Denial: receiving Intent { act=android.intent.action.SERVICE_STATE flg=0x1000010 (has extras) } to ProcessRecord{ebb772 3577:com.android.phone/1001} (pid=3577, uid=1001) excludes appop android:read_phone_state due to sender android (uid 1001)
07-15 14:49:29.131  2465  2503 W BroadcastQueue: Appop Denial: receiving Intent { act=android.intent.action.SERVICE_STATE flg=0x1000010 (has extras) } to ProcessRecord{ebb772 3577:com.android.phone/1001} (pid=3577, uid=1001) excludes appop android:read_phone_state due to sender android (uid 1001)
07-15 14:49:29.131  2465  2503 W BroadcastQueue: Appop Denial: receiving Intent { act=android.intent.action.SERVICE_STATE flg=0x1000010 (has extras) } to ProcessRecord{ebb772 3577:com.android.phone/1001} (pid=3577, uid=1001) excludes appop android:read_phone_state due to sender android (uid 1001)
07-15 14:49:29.131  2465  2503 W BroadcastQueue: Appop Denial: receiving Intent { act=android.intent.action.SERVICE_STATE flg=0x1000010 (has extras) } to ProcessRecord{ebb772 3577:com.android.phone/1001} (pid=3577, uid=1001) excludes appop android:read_phone_state due to sender android (uid 1001)
07-15 14:49:29.133  2465  2503 W ProcessStats: Tracking association SourceState{a2698f8 system/1000 BTopFgs #123778} whose proc state 2 is better than process ProcessState{59526b3 com.miui.powerkeeper/1000 pkg=com.miui.powerkeeper (sub)} proc state 3 (19 skipped)
07-15 14:49:33.993  2465  2499 W ActivityManager: Unable to start service Intent { cmp=com.miui.powerkeeper/.perfshielder.PerfShielderStatisticsService } U=0: not found
07-15 14:49:36.097  2465  2494 D HeapUsage Monitor: HeapAllocSize : 76MB; monitorSize : 500MB
07-15 14:49:47.094  2465  5377 W ProcessStats: Tracking association SourceState{a2698f8 system/1000 BTopFgs #123783} whose proc state 2 is better than process ProcessState{59526b3 com.miui.powerkeeper/1000 pkg=com.miui.powerkeeper (sub)} proc state 3 (52 skipped)
07-15 14:49:53.406  2465  2503 I ActivityManager: Killing 28549:com.miui.videoplayer/u0a125 (adj 995): empty for 1805s
07-15 14:49:53.410  2465  2503 I SmartPower.com.miui.videoplayer/10125(28549): background->died(1806172ms) R(process died ) adj=995.
07-15 14:49:53.411  2465  2950 I SmartPower: com.miui.videoplayer/10125 state=inactive adj=995 proc size=1 move to died process died 
07-15 14:49:53.476  2465  5377 D ActivityManagerServiceImpl: Service controller is not enabled.
07-15 14:49:53.476  2465  5377 D ProcessRecordInjector: Finishing reporting clean up app record.
07-15 14:49:54.268 10110 10314 I Ad      : isPersonalizedAdEnabled getAdSettings: 2
07-15 14:49:54.676 10110 10314 I Ad      : isPersonalizedAdEnabled getAdSettings: 2
07-15 14:49:59.356  2465  5204 W ProcessStats: Tracking association SourceState{a2698f8 system/1000 BTopFgs #123850} whose proc state 2 is better than process ProcessState{59526b3 com.miui.powerkeeper/1000 pkg=com.miui.powerkeeper (sub)} proc state 3 (309 skipped)
07-15 14:50:06.099  2465  2494 D HeapUsage Monitor: HeapAllocSize : 61MB; monitorSize : 500MB
07-15 14:50:09.358  2465  4093 W ProcessStats: Tracking association SourceState{a2698f8 system/1000 BTopFgs #123853} whose proc state 2 is better than process ProcessState{59526b3 com.miui.powerkeeper/1000 pkg=com.miui.powerkeeper (sub)} proc state 3 (19 skipped)
07-15 14:50:24.461  2465  2496 I BatteryService: current mPlugType2current mHealthInfo.batteryLevel100current mHealthInfo.batteryTemperature310
07-15 14:50:24.466  2465  2465 D UiModeManager: updateConfigurationLocked: mDockState=0; mCarMode=false; mCar=false; mPowerSave=false; mComputedNightMode=false; mNightMode=1; uiMode=17
07-15 14:50:26.284  2465  5204 I ActivityManager: Killing 29064:com.google.android.apps.turbo/u0a162 (adj 985): empty for 1801s
07-15 14:50:26.288  2465  5204 I SmartPower.com.google.android.apps.turbo/10162(29064): background->died(1801788ms) R(process died ) adj=985.
07-15 14:50:26.290  2465  5204 W ProcessStats: Tracking association SourceState{a2698f8 system/1000 BTopFgs #123864} whose proc state 2 is better than process ProcessState{59526b3 com.miui.powerkeeper/1000 pkg=com.miui.powerkeeper (sub)} proc state 3 (79 skipped)
07-15 14:50:26.311  2465  4093 D ActivityManagerServiceImpl: Service controller is not enabled.
07-15 14:50:26.312  2465  4093 D ProcessRecordInjector: Finishing reporting clean up app record.
07-15 14:50:34.035  2465  2499 W ActivityManager: Unable to start service Intent { cmp=com.miui.powerkeeper/.perfshielder.PerfShielderStatisticsService } U=0: not found
07-15 14:50:36.100  2465  2494 D HeapUsage Monitor: HeapAllocSize : 62MB; monitorSize : 500MB
07-15 14:51:03.602  2465  2734 I ActivityManager: Killing 29490:com.microsoft.windowsintune.companyportal.omadm_client_process/u0a595 (adj 985): empty for 1806s
07-15 14:51:03.607  2465  2734 I SmartPower.com.microsoft.windowsintune.companyportal.omadm_client_process/10595(29490): background->died(1806322ms) R(process died ) adj=985.
07-15 14:51:03.608  2465  2734 I ActivityManager: Killing 29124:com.google.android.projection.gearhead:car/u0a151 (adj 915): empty for 1834s
07-15 14:51:03.609  2465  2734 I SmartPower.com.google.android.projection.gearhead:car/10151(29124): background->died(1838832ms) R(process died ) adj=915.
07-15 14:51:03.612  2465  2734 W ProcessStats: Tracking association SourceState{a2698f8 system/1000 BTopFgs #123866} whose proc state 2 is better than process ProcessState{59526b3 com.miui.powerkeeper/1000 pkg=com.miui.powerkeeper (sub)} proc state 3 (19 skipped)
07-15 14:51:03.632  2465  3421 D ActivityManagerServiceImpl: Service controller is not enabled.
07-15 14:51:03.632  2465  3421 D ProcessRecordInjector: Finishing reporting clean up app record.
07-15 14:51:03.637  2465  5377 D ActivityManagerServiceImpl: Service controller is not enabled.
07-15 14:51:03.637  2465  5377 D ProcessRecordInjector: Finishing reporting clean up app record.
07-15 14:51:03.640  2465  2510 W ContextImpl: Calling a method in the system process without a qualified user: android.app.ContextImpl.sendBroadcast:1183 android.content.ContextWrapper.sendBroadcast:489 android.telephony.MiuiResourceAccessUtilsImpl.sendResourceAccessBroadcast:33 android.telephony.MiuiResourceAccessUtilsStub.sendResourceAccessBroadcast:37 android.telephony.TelephonyManager.requestModemActivityInfo:11470 
07-15 14:51:03.705  2465  2510 D KernelCpuUidUserSysTimeReader: Removing uids 90012-90012
07-15 14:51:03.706  2465  2510 D KernelCpuUidUserSysTimeReader: Removing uids 90013-90013
07-15 14:51:03.706  2465  2510 D KernelCpuUidUserSysTimeReader: Removing uids 90014-90014
07-15 14:51:03.706  2465  2510 D KernelCpuUidUserSysTimeReader: Removing uids 90015-90015
07-15 14:51:03.706  2465  2510 D KernelCpuUidUserSysTimeReader: Removing uids 99027-99027
07-15 14:51:03.706  2465  2510 D KernelCpuUidUserSysTimeReader: Removing uids 90016-90016
07-15 14:51:03.706  2465  2510 D KernelCpuUidUserSysTimeReader: Removing uids 90017-90017
07-15 14:51:03.706  2465  2510 D KernelCpuUidUserSysTimeReader: Removing uids 90018-90018
07-15 14:51:03.706  2465  2510 D KernelCpuUidUserSysTimeReader: Removing uids 90019-90019
07-15 14:51:03.706  2465  2510 D KernelCpuUidUserSysTimeReader: Removing uids 90020-90020
07-15 14:51:03.706  2465  2510 D KernelCpuUidUserSysTimeReader: Removing uids 90021-90021
07-15 14:51:03.706  2465  2510 D KernelCpuUidUserSysTimeReader: Removing uids 90022-90022
07-15 14:51:03.707  2465  2510 D KernelCpuUidUserSysTimeReader: Removing uids 90023-90023
07-15 14:51:03.726  5197  6264 D test##>>: com.mi.android.globallauncher=640-85.52504852888889-0
07-15 14:51:03.726  5197  6264 D test##>>: 642-640
07-15 14:51:03.726  5197  6264 D test##>>: 85.83332109333332-85.52504852888889
07-15 14:51:03.726  5197  6264 D test##>>: ------end
07-15 14:51:06.101  2465  2494 D HeapUsage Monitor: HeapAllocSize : 64MB; monitorSize : 500MB
07-15 14:51:16.247  2465  5853 W ProcessStats: Tracking association SourceState{a2698f8 system/1000 BTopFgs #123870} whose proc state 2 is better than process ProcessState{59526b3 com.miui.powerkeeper/1000 pkg=com.miui.powerkeeper (sub)} proc state 3 (29 skipped)
07-15 14:51:34.094  2465  2499 W ActivityManager: Unable to start service Intent { cmp=com.miui.powerkeeper/.perfshielder.PerfShielderStatisticsService } U=0: not found
07-15 14:51:36.103  2465  2494 D HeapUsage Monitor: HeapAllocSize : 64MB; monitorSize : 500MB
07-15 14:52:06.105  2465  2494 D HeapUsage Monitor: HeapAllocSize : 65MB; monitorSize : 500MB
07-15 14:52:06.264  2465  2496 I BatteryService: current mPlugType2current mHealthInfo.batteryLevel100current mHealthInfo.batteryTemperature320
07-15 14:52:06.269  2465  2465 D UiModeManager: updateConfigurationLocked: mDockState=0; mCarMode=false; mCar=false; mPowerSave=false; mComputedNightMode=false; mNightMode=1; uiMode=17
07-15 14:52:21.320  2465  2496 I BatteryService: current mPlugType2current mHealthInfo.batteryLevel100current mHealthInfo.batteryTemperature310
07-15 14:52:21.323  2465  2465 D UiModeManager: updateConfigurationLocked: mDockState=0; mCarMode=false; mCar=false; mPowerSave=false; mComputedNightMode=false; mNightMode=1; uiMode=17
07-15 14:52:24.450  2465  2496 I BatteryService: current mPlugType2current mHealthInfo.batteryLevel100current mHealthInfo.batteryTemperature320
07-15 14:52:24.455  2465  2465 D UiModeManager: updateConfigurationLocked: mDockState=0; mCarMode=false; mCar=false; mPowerSave=false; mComputedNightMode=false; mNightMode=1; uiMode=17
07-15 14:52:26.335  2465  2496 I BatteryService: current mPlugType2current mHealthInfo.batteryLevel100current mHealthInfo.batteryTemperature320
07-15 14:52:26.339  2465  2465 D UiModeManager: updateConfigurationLocked: mDockState=0; mCarMode=false; mCar=false; mPowerSave=false; mComputedNightMode=false; mNightMode=1; uiMode=17
07-15 14:52:30.097  2465  5853 D WindowManager: Input focus has changed to Window{7cf103a u0 eu.europa.ec.euidi/eu.europa.ec.assemblylogic.ui.MainActivity} display=0 updateInputWindows = false
07-15 14:52:30.099  2465  2490 D WindowManager: Focus not requested for window=Window{7cf103a u0 eu.europa.ec.euidi/eu.europa.ec.assemblylogic.ui.MainActivity} because it has no surface or is not focusable.
07-15 14:52:30.142  2465  4093 I WindowManagerService: Physical orientation applied, rotation=0 sfOrientation=ORIENTATION_0
07-15 14:52:30.144  2465  2490 D WindowManager: Update InputWindowHandle: 7cf103a eu.europa.ec.euidi/eu.europa.ec.assemblylogic.ui.MainActivity, frame=[0,0,1080,2400], touchableRegion=SkRegion((0,0,1080,2400)), visible=true, focusable=true, changed=true
07-15 14:52:30.163  2465  5853 D WindowManager: finishDrawingLocked: mDrawState=COMMIT_DRAW_PENDING Window{7cf103a u0 eu.europa.ec.euidi/eu.europa.ec.assemblylogic.ui.MainActivity} in Surface(name=eu.europa.ec.euidi/eu.europa.ec.assemblylogic.ui.MainActivity)/@0x8e19af4
07-15 14:52:30.173  2465  5853 I WindowManagerService: Physical orientation applied, rotation=0 sfOrientation=ORIENTATION_0
07-15 14:52:30.175  2465  2490 D WindowManager: Update InputWindowHandle: 7cf103a eu.europa.ec.euidi/eu.europa.ec.assemblylogic.ui.MainActivity, frame=[0,0,1080,2400], touchableRegion=SkRegion((0,0,1080,2400)), visible=true, focusable=true, changed=true
07-15 14:52:30.180  2465  2490 D WindowManager: Update InputWindowHandle: 7cf103a eu.europa.ec.euidi/eu.europa.ec.assemblylogic.ui.MainActivity, frame=[0,0,1080,2400], touchableRegion=SkRegion((0,0,1080,2400)), visible=true, focusable=true, changed=true
07-15 14:52:31.163  2465  4093 D WindowManager: Input focus has changed to Window{f4b0a0b u0 eu.europa.ec.euidi/eu.europa.ec.assemblylogic.ui.MainActivity} display=0 updateInputWindows = false
07-15 14:52:31.353  2465  2496 I BatteryService: current mPlugType2current mHealthInfo.batteryLevel100current mHealthInfo.batteryTemperature310
07-15 14:52:31.358  2465  2465 D UiModeManager: updateConfigurationLocked: mDockState=0; mCarMode=false; mCar=false; mPowerSave=false; mComputedNightMode=false; mNightMode=1; uiMode=17
07-15 14:52:32.180  2465  5369 I ActivityTaskManager: START u0 {act=android.intent.action.OPEN_DOCUMENT typ=*/* cmp=com.google.android.documentsui/com.android.documentsui.picker.PickActivity (has extras)} from uid 10786 from pid 30149 callingPackage eu.europa.ec.euidi
07-15 14:52:32.181  2465  5369 I SmartPower.com.google.android.documentsui/10066(3696): background->invisible(871547ms) R(become foreground) adj=925.
07-15 14:52:32.182  2465  2950 I SmartPower: com.google.android.documentsui/10066 state=inactive adj=925 proc size=1 move to background become foreground
07-15 14:52:32.193  2465  2490 D WindowManager: Update InputWindowHandle: f4b0a0b eu.europa.ec.euidi/eu.europa.ec.assemblylogic.ui.MainActivity, frame=[0,0,1080,2400], touchableRegion=SkRegion((0,0,1080,2400)), visible=true, focusable=true, changed=true
07-15 14:52:32.197  2465  4093 W ActivityTaskManager: Tried to set launchTime (0) < mLastActivityLaunchTime (45666237)
07-15 14:52:32.199  2465  4093 D WindowManager: Input focus has changed to null display=0 updateInputWindows = true
07-15 14:52:32.202  2465  2489 I ActivityManager: Killing 29538:com.miui.micloudsync/u0a106 (adj 975): empty for 1837s
07-15 14:52:32.203  2465  2487 D Aurogon :  uid = 10066 switch to FG
07-15 14:52:32.207  2465  2489 I SmartPower.com.miui.micloudsync/10106(29538): background->died(1867649ms) R(process died ) adj=975.
07-15 14:52:32.207  2465  2489 I ActivityManager: Killing 29667:com.xiaomi.account/u0a140 (adj 975): empty for 1837s
07-15 14:52:32.208  2465  2489 I SmartPower.com.xiaomi.account/10140(29667): background->died(1867189ms) R(process died ) adj=975.
07-15 14:52:32.208  2465  2489 I ActivityManager: Killing 29575:com.miui.cloudservice/u0a106 (adj 985): empty for 1837s
07-15 14:52:32.209  2465  2950 I SmartPower: com.xiaomi.account/10140 state=inactive adj=975 proc size=1 move to died process died 
07-15 14:52:32.209  2465  2489 I SmartPower.com.miui.cloudservice/10106(29575): background->died(1867520ms) R(process died ) adj=985.
07-15 14:52:32.209  2465  2950 I SmartPower: com.miui.micloudsync/10106 state=inactive adj=975 proc size=3 move to died process died 
07-15 14:52:32.209  2465  2489 I ActivityManager: Killing 29645:com.xiaomi.simactivate.service/u0a139 (adj 985): empty for 1866s
07-15 14:52:32.210  2465  2489 I SmartPower.com.xiaomi.simactivate.service/10139(29645): background->died(1867242ms) R(process died ) adj=985.
07-15 14:52:32.210  2465  2489 W ProcessStats: Tracking association SourceState{a2698f8 system/1000 BTopFgs #123875} whose proc state 2 is better than process ProcessState{59526b3 com.miui.powerkeeper/1000 pkg=com.miui.powerkeeper (sub)} proc state 3 (39 skipped)
07-15 14:52:32.210  2465  2950 I SmartPower: com.xiaomi.simactivate.service/10139 state=inactive adj=985 proc size=1 move to died process died 
07-15 14:52:32.237  2465  3421 D ActivityManagerServiceImpl: Service controller is not enabled.
07-15 14:52:32.237  2465  3421 D ProcessRecordInjector: Finishing reporting clean up app record.
07-15 14:52:32.246  2465  2482 D ActivityManagerServiceImpl: Service controller is not enabled.
07-15 14:52:32.246  2465  2482 D ProcessRecordInjector: Finishing reporting clean up app record.
07-15 14:52:32.249  2465  5369 D ActivityManagerServiceImpl: Service controller is not enabled.
07-15 14:52:32.249  2465  5369 D ProcessRecordInjector: Finishing reporting clean up app record.
07-15 14:52:32.252  2465  5853 D ActivityManagerServiceImpl: Service controller is not enabled.
07-15 14:52:32.254  2465  5853 D ProcessRecordInjector: Finishing reporting clean up app record.
07-15 14:52:32.264  2465  5410 D WindowManager: Input focus has changed to Window{1cda354 u0 com.google.android.documentsui/com.android.documentsui.picker.PickActivity} display=0 updateInputWindows = true
07-15 14:52:32.264  2465  5410 I WindowManagerService: Physical orientation applied, rotation=0 sfOrientation=ORIENTATION_0
07-15 14:52:32.265  2465  2490 D WindowManager: Update InputWindowHandle: 1cda354 com.google.android.documentsui/com.android.documentsui.picker.PickActivity, frame=[0,0,1080,2400], touchableRegion=SkRegion((0,0,1080,2400)), visible=true, focusable=true, changed=true
07-15 14:52:32.287  2465  4928 I WindowManagerService: Physical orientation applied, rotation=0 sfOrientation=ORIENTATION_0
07-15 14:52:32.299  2465  5410 D WindowManager: finishDrawingLocked: mDrawState=COMMIT_DRAW_PENDING Window{1cda354 u0 com.google.android.documentsui/com.android.documentsui.picker.PickActivity} in Surface(name=com.google.android.documentsui/com.android.documentsui.picker.PickActivity)/@0xa64c7d8
07-15 14:52:32.306  2465  2490 I SmartPower.com.google.android.documentsui/10066(3696): invisible->visible(125ms) R(become visible) adj=0.
07-15 14:52:32.306  2465  2950 I SmartPower: com.google.android.documentsui/10066 state=background adj=0 proc size=1 move to foreground become visible
07-15 14:52:32.306  2465  2490 I SmartPower.eu.europa.ec.euidi/10786(30149): visible->invisible(850605ms) R(become invisible) adj=200.
07-15 14:52:32.306  2465  2490 I SmartPower.eu.europa.ec.euidi/10786(30149): invisible->background(0ms) R(become background) adj=200.
07-15 14:52:32.306  2465  2950 I SmartPower: eu.europa.ec.euidi/10786 state=foreground adj=200 proc size=1 move to inactive become invisible
07-15 14:52:32.311  2465  2490 D WindowManager: shouldDeferAnimationFinish ActivityRecord{af80489 u0 com.google.android.documentsui/com.android.documentsui.picker.PickActivity} t1975}, anim = com.android.server.wm.LocalAnimationAdapter@5cab9ee
07-15 14:52:32.316  2465  2490 D WindowManager: Update InputWindowHandle: 1cda354 com.google.android.documentsui/com.android.documentsui.picker.PickActivity, frame=[0,0,1080,2400], touchableRegion=SkRegion((0,0,1080,2400)), visible=true, focusable=true, changed=true
07-15 14:52:32.329  2465  5410 I WindowManagerService: Physical orientation applied, rotation=0 sfOrientation=ORIENTATION_0
07-15 14:52:32.331  2465  4928 I WindowManagerService: Physical orientation applied, rotation=0 sfOrientation=ORIENTATION_0
07-15 14:52:32.338  2465  4928 W ActivityTaskManager: Skip mGoingToSleepWakeLock release for sleepingOrShuttingDown
07-15 14:52:32.339  2465  2487 D Aurogon :  uid = 10786 switch to BG
07-15 14:52:32.368  2465  5410 I WindowManagerService: Physical orientation applied, rotation=0 sfOrientation=ORIENTATION_0
07-15 14:52:34.099  2465  2499 W ActivityManager: Unable to start service Intent { cmp=com.miui.powerkeeper/.perfshielder.PerfShielderStatisticsService } U=0: not found
07-15 14:52:36.107  2465  2494 D HeapUsage Monitor: HeapAllocSize : 67MB; monitorSize : 500MB
07-15 14:52:36.381  2465  2496 I BatteryService: current mPlugType2current mHealthInfo.batteryLevel100current mHealthInfo.batteryTemperature320
07-15 14:52:36.385  2465  2465 D UiModeManager: updateConfigurationLocked: mDockState=0; mCarMode=false; mCar=false; mPowerSave=false; mComputedNightMode=false; mNightMode=1; uiMode=17
07-15 14:52:37.393  2465  2490 D WindowManager: Focus not requested for window=Window{1cda354 u0 com.google.android.documentsui/com.android.documentsui.picker.PickActivity} because it has no surface or is not focusable.
07-15 14:52:37.404  2465  5410 D WindowManager: Input focus has changed to null display=0 updateInputWindows = true
07-15 14:52:37.409  2465  5410 I SmartPower.eu.europa.ec.euidi/10786(30149): background->invisible(5103ms) R(become foreground) adj=700.
07-15 14:52:37.409  2465  2950 I SmartPower: eu.europa.ec.euidi/10786 state=inactive adj=700 proc size=1 move to background become foreground
07-15 14:52:37.415  2465  2487 D Aurogon :  uid = 10786 switch to FG
07-15 14:52:37.422  2465  5204 I WindowManagerService: Physical orientation applied, rotation=0 sfOrientation=ORIENTATION_0
07-15 14:52:37.436  2465  5410 I ActivityTaskManager: START u0 {flg=0x14000000 cmp=eu.europa.ec.euidi/eu.europa.ec.eudi.rqesui.presentation.ui.container.EudiRQESContainer (has extras)} from uid 10786 from pid 30149 callingPackage eu.europa.ec.euidi
07-15 14:52:37.457  2465  5410 W ActivityTaskManager: Tried to set launchTime (0) < mLastActivityLaunchTime (45688307)
07-15 14:52:37.467  2465  5410 I WindowManagerService: Physical orientation applied, rotation=0 sfOrientation=ORIENTATION_0
07-15 14:52:37.475  2465  5410 D WindowManager: finishDrawingLocked: mDrawState=COMMIT_DRAW_PENDING Window{f4b0a0b u0 eu.europa.ec.euidi/eu.europa.ec.assemblylogic.ui.MainActivity} in Surface(name=eu.europa.ec.euidi/eu.europa.ec.assemblylogic.ui.MainActivity)/@0xf5f2977
07-15 14:52:37.535  2465  5410 D WindowManager: Input focus has changed to Window{c23ae4d u0 eu.europa.ec.euidi/eu.europa.ec.eudi.rqesui.presentation.ui.container.EudiRQESContainer} display=0 updateInputWindows = true
07-15 14:52:37.535  2465  5410 I WindowManagerService: Physical orientation applied, rotation=0 sfOrientation=ORIENTATION_0
07-15 14:52:37.535  2465  2490 D WindowManager: Update InputWindowHandle: c23ae4d eu.europa.ec.euidi/eu.europa.ec.eudi.rqesui.presentation.ui.container.EudiRQESContainer, frame=[0,0,1080,2400], touchableRegion=SkRegion((0,0,1080,2400)), visible=true, focusable=true, changed=true
07-15 14:52:37.547  2465  5369 D WindowManager: finishDrawingLocked: mDrawState=COMMIT_DRAW_PENDING Window{c23ae4d u0 eu.europa.ec.euidi/eu.europa.ec.eudi.rqesui.presentation.ui.container.EudiRQESContainer} in Surface(name=eu.europa.ec.euidi/eu.europa.ec.eudi.rqesui.presentation.ui.container.EudiRQESContainer)/@0x23bd06f
07-15 14:52:37.557  2465  2490 I SmartPower.com.google.android.documentsui/10066(3696): visible->invisible(5250ms) R(become invisible) adj=200.
07-15 14:52:37.557  2465  2490 I SmartPower.com.google.android.documentsui/10066(3696): invisible->background(0ms) R(become background) adj=200.
07-15 14:52:37.557  2465  2490 I SmartPower.eu.europa.ec.euidi/10786(30149): invisible->visible(147ms) R(become visible) adj=0.
07-15 14:52:37.557  2465  2950 I SmartPower: com.google.android.documentsui/10066 state=foreground adj=200 proc size=1 move to inactive become invisible
07-15 14:52:37.557  2465  2950 I SmartPower: eu.europa.ec.euidi/10786 state=background adj=0 proc size=1 move to foreground become visible
07-15 14:52:37.560  2465  3421 W ActivityTaskManager: Skip mGoingToSleepWakeLock release for sleepingOrShuttingDown
07-15 14:52:37.564  2465  2490 D WindowManager: shouldDeferAnimationFinish ActivityRecord{af80489 u0 com.google.android.documentsui/com.android.documentsui.picker.PickActivity} t1975 f}}, anim = com.android.server.wm.LocalAnimationAdapter@a677226
07-15 14:52:37.566  2465  2490 D WindowManager: Update InputWindowHandle: c23ae4d eu.europa.ec.euidi/eu.europa.ec.eudi.rqesui.presentation.ui.container.EudiRQESContainer, frame=[0,0,1080,2400], touchableRegion=SkRegion((0,0,1080,2400)), visible=true, focusable=true, changed=true
07-15 14:52:37.570  2465  2487 D Aurogon :  uid = 10066 switch to BG
07-15 14:52:37.574  2465  5369 I WindowManagerService: Physical orientation applied, rotation=0 sfOrientation=ORIENTATION_0
07-15 14:52:37.594  2465  5204 I WindowManagerService: Physical orientation applied, rotation=0 sfOrientation=ORIENTATION_0
07-15 14:52:38.931  2465  4928 D WindowManager: Input focus has changed to Window{a72be0a u0 eu.europa.ec.euidi/eu.europa.ec.eudi.rqesui.presentation.ui.container.EudiRQESContainer} display=0 updateInputWindows = false
07-15 14:52:38.933  2465  2490 D WindowManager: Focus not requested for window=Window{a72be0a u0 eu.europa.ec.euidi/eu.europa.ec.eudi.rqesui.presentation.ui.container.EudiRQESContainer} because it has no surface or is not focusable.
07-15 14:52:38.967  2465  5204 I WindowManagerService: Physical orientation applied, rotation=0 sfOrientation=ORIENTATION_0
07-15 14:52:38.968  2465  2490 D WindowManager: Update InputWindowHandle: a72be0a eu.europa.ec.euidi/eu.europa.ec.eudi.rqesui.presentation.ui.container.EudiRQESContainer, frame=[0,0,1080,2400], touchableRegion=SkRegion((0,0,1080,2400)), visible=true, focusable=true, changed=true
07-15 14:52:38.989  2465  4928 D WindowManager: finishDrawingLocked: mDrawState=COMMIT_DRAW_PENDING Window{a72be0a u0 eu.europa.ec.euidi/eu.europa.ec.eudi.rqesui.presentation.ui.container.EudiRQESContainer} in Surface(name=eu.europa.ec.euidi/eu.europa.ec.eudi.rqesui.presentation.ui.container.EudiRQESContainer)/@0x8e75a44
07-15 14:52:39.000  2465  4928 I WindowManagerService: Physical orientation applied, rotation=0 sfOrientation=ORIENTATION_0
07-15 14:52:39.001  2465  2490 D WindowManager: Update InputWindowHandle: a72be0a eu.europa.ec.euidi/eu.europa.ec.eudi.rqesui.presentation.ui.container.EudiRQESContainer, frame=[0,0,1080,2400], touchableRegion=SkRegion((0,0,1080,2400)), visible=true, focusable=true, changed=true
