10-09 23:51:13.462  1902  1902 W NotificationHistory: Attempted to add notif for locked/gone/disabled user 0
10-09 23:51:13.774  1902  2600 D isUidValid: uid = 10197
10-09 23:51:13.781  1902  1902 D CompatibilityChangeReporter: Compat change id reported: 175319604; UID 1000; state: ENABLED
10-09 23:51:13.781  1902  1902 D CompatibilityChangeReporter: Compat change id reported: 195579280; UID 1000; state: ENABLED
10-09 23:51:14.175  1902  1977 I DisplayPowerController[0]: Blocking screen on until initial contents have been drawn.
10-09 23:51:14.175  1902  1977 I WindowManager: Display 0 turning on...
10-09 23:51:14.175  1902  1977 D DisplayPowerControllerImpl: updateBrightnessChangeStatus: animating: false, displayState: 3, slowChange: false, appliedDimming: false, appliedLowPower: false, currentBrightness: 0.0, currentSdrBrightness: 0.0, targetBrightness: 0.058980778, targetSdrBrightness: 0.058980778, previousDisplayPolicy: 1, currentDisplayPolicy: 1
10-09 23:51:14.177  1902  1977 I DisplayPowerController[0]: Brightness [0.058980778] reason changing to: 'doze_default', previous reason: 'screen_off'.
10-09 23:51:14.177  1902  1977 I DisplayPowerController[0]: BrightnessEvent: disp=0, physDisp=local:4627039422300187648, brt=0.058980778, initBrt=-1.0, rcmdBrt=NaN, preBrt=NaN, lux=0.0, preLux=0.0, hbmMax=0.499938, hbmMode=off, rbcStrength=50, thrmMax=1.0, powerFactor=1.0, wasShortTermModelActive=false, flags=, reason=doze_default, autoBrightness=true, strategy=
10-09 23:51:14.178  1902  1938 D TAG     : Remove previously redundant display event 0/4 to 6101/8896
10-09 23:51:14.178  1902  1938 D TAG     : Remove previously redundant display event 0/4 to 10313/9231
10-09 23:51:14.178  1902  1938 D TAG     : Remove previously redundant display event 0/4 to 10121/10538
10-09 23:51:14.178  1902  1938 D TAG     : Remove previously redundant display event 0/4 to 10131/23667
10-09 23:51:14.182  1902  2652 I LocalDisplayAdapter: setDisplayState(id=4627039422300187648, state=DOZE)
10-09 23:51:14.182  1902  1938 I DisplayDeviceRepository: Display device changed state: "Built-in Screen", DOZE
10-09 23:51:14.184  1902  1938 D TAG     : Remove previously redundant display event 0/2 to 6101/8896
10-09 23:51:14.184  1902  1938 D TAG     : Remove previously redundant display event 0/2 to 10313/9231
10-09 23:51:14.184  1902  1938 D TAG     : Remove previously redundant display event 0/2 to 10121/10538
10-09 23:51:14.184  1902  1938 D TAG     : Remove previously redundant display event 0/2 to 10131/23667
10-09 23:51:14.190  1902  1939 I DisplayDevice: [0] Layerstack set to 0 for local:4627039422300187648
10-09 23:51:14.193  1902  1954 I SmartPower: com.miui.home/10085(3001): idle->background(24273ms) R(broadcast start Intent { act=android.intent.action.APPLICATION_MESSAGE_UPDATE flg=0x10 pkg=com.miui.home (has extras) }) adj=100.
10-09 23:51:14.213  1902  3317 I WindowManager: mKeyguardDelegate.ShowListener.onDrawn.
10-09 23:51:14.213  1902  1936 W WindowManager: Setting mKeyguardDrawComplete
10-09 23:51:14.228  1902  2620 I SmartPower: com.microsoft.teams/10321(3572): background->idle(3000ms) R(broadcast start Intent { act=android.intent.action.BATTERY_CHANGED flg=0x60000010 (has extras) }) adj=905.
10-09 23:51:14.228  1902  2620 I SmartPower: com.xiaomi.discover/10128(11400): background->idle(3000ms) R(broadcast start Intent { act=android.intent.action.BATTERY_CHANGED flg=0x60000010 (has extras) }) adj=905.
10-09 23:51:14.228  1902  2620 I SmartPower: com.android.chrome/10190(9035): background->idle(3000ms) R(broadcast start Intent { act=android.intent.action.BATTERY_CHANGED flg=0x60000010 (has extras) }) adj=900.
10-09 23:51:14.230  1902 23161 D PerfShielderService: com.android.systemui|com.android.systemui-Not-1939607582|869|103125159419608|301|5|18
10-09 23:51:14.247  1902  3317 W WindowManager: finishDrawingWindow: Window{713d2d6 u0 NotificationShade} mDrawState=DRAW_PENDING
10-09 23:51:14.247  1902  3317 D WindowManager: wms.finishDrawingLocked: mDrawState=COMMIT_DRAW_PENDING Window{713d2d6 u0 NotificationShade} in Surface(name=NotificationShade#15519)/@0xe19366d
10-09 23:51:14.249  1902  1936 W WindowManager: All windows drawn on display -1
10-09 23:51:14.250  1902  1977 I DisplayPowerController[0]: Unblocked screen on after 75 ms
10-09 23:51:14.341  1902  1938 I DisplayDeviceRepository: Display device changed state: "Built-in Screen", DOZE
10-09 23:51:14.341  1902  2619 D DisplayFeatureManagerService: setScreenEffect displayId=0 mode=23 value=2 cookie=255 from pid=1902
10-09 23:51:14.341  1902  2652 D LocalDisplayAdapter: setDisplayBrightness: setting doze brightness: 0.058980778
10-09 23:51:14.341  1902  2652 D DisplayFeatureManagerService: setDozeBrightness, brightness: 967, value: 1
10-09 23:51:14.342  1902  1977 I WindowManager: Display 0 turned on...
10-09 23:51:14.342  1902  1938 D TAG     : Remove previously redundant display event 0/2 to 10075/2415
10-09 23:51:14.342  1902  1938 D TAG     : Remove previously redundant display event 0/2 to 10321/3572
10-09 23:51:14.342  1902  1938 D TAG     : Remove previously redundant display event 0/2 to 10132/5492
10-09 23:51:14.342  1902  1938 D TAG     : Remove previously redundant display event 0/2 to 6101/8896
10-09 23:51:14.342  1902  1938 D TAG     : Remove previously redundant display event 0/2 to 10190/9035
10-09 23:51:14.342  1902  1938 D TAG     : Remove previously redundant display event 0/2 to 10313/9231
10-09 23:51:14.342  1902  1938 D TAG     : Remove previously redundant display event 0/2 to 10121/10538
10-09 23:51:14.342  1902  1938 D TAG     : Remove previously redundant display event 0/2 to 10190/11725
10-09 23:51:14.342  1902  1938 D TAG     : Remove previously redundant display event 0/2 to 10150/20996
10-09 23:51:14.342  1902  1938 D TAG     : Remove previously redundant display event 0/2 to 10131/23667
10-09 23:51:14.342  1902  1938 D TAG     : Remove previously redundant display event 0/2 to 10167/26236
10-09 23:51:14.343  1902  1938 D TAG     : Remove previously redundant display event 0/2 to 10312/31305
10-09 23:51:14.349  1902  2652 D DisplayFeatureManagerService: setScreenEffect displayId=0 mode=25 value=1 cookie=255 from pid=1902
10-09 23:51:14.350  1902  2619 D DisplayFeatureManagerService: setScreenEffect displayId=0 mode=0 value=2 cookie=255 from pid=1902
10-09 23:51:14.425  1229  1600 W EventThreadInspector: slow VSync-app on display(4627039422300187648) count=9, avg=33 ms, max=33 ms.
10-09 23:51:14.478  1902  2620 I SmartPower: com.google.android.gms.unstable/10175(4628): background->idle(3002ms) R(alarm start) adj=800.
10-09 23:51:14.478  1902  2620 I SmartPower: com.google.android.gms.ui/10175(26069): background->idle(3002ms) R(alarm start) adj=800.
10-09 23:51:14.478  1902  2620 I SmartPower: com.google.process.gservices/10175(22048): background->idle(3002ms) R(alarm start) adj=905.
10-09 23:51:14.478  1902  2620 I SmartPower: com.google.android.gms/10175(15068): background->idle(3002ms) R(alarm start) adj=500.
10-09 23:51:14.478  1902  2620 I SmartPower: com.google.android.gms:snet/10175(14783): background->idle(3002ms) R(alarm start) adj=800.
10-09 23:51:14.478  1902  2620 I SmartPower: com.google.process.gapps/10175(27622): background->idle(3002ms) R(alarm start) adj=925.
10-09 23:51:14.487  1902  1938 I DisplayDeviceRepository: Display device changed: DisplayDeviceInfo{"Built-in Screen": uniqueId="local:4627039422300187648", 1080 x 2400, modeId 4, renderFrameRate 30.000002, defaultModeId 2, supportedModes [{id=1, width=1080, height=2400, fps=60.0, alternativeRefreshRates=[30.000002, 90.0, 120.00001], supportedHdrTypes=[1, 2, 3, 4]}, {id=2, width=1080, height=2400, fps=120.00001, alternativeRefreshRates=[30.000002, 60.0, 90.0], supportedHdrTypes=[1, 2, 3, 4]}, {id=3, width=1080, height=2400, fps=90.0, alternativeRefreshRates=[30.000002, 60.0, 120.00001], supportedHdrTypes=[1, 2, 3, 4]}, {id=4, width=1080, height=2400, fps=30.000002, alternativeRefreshRates=[60.0, 90.0, 120.00001], supportedHdrTypes=[1, 2, 3, 4]}], colorMode 0, supportedColorModes [0, 7, 9], hdrCapabilities HdrCapabilities{mSupportedHdrTypes=[1, 2, 3, 4], mMaxLuminance=500.0, mMaxAverageLuminance=500.0, mMinLuminance=0.0}, allmSupported false, gameContentTypeSupported false, density 440, 394.409 x 394.409 dpi, appVsyncOff 19066664, presDeadline 28600001, cutout DisplayCutout{insets=Rect(0, 94 - 0, 0) waterfall=Insets{left=0, top=0, right=0, bottom=0} boundingRect={Bounds=[Rect(0, 0 - 0, 0), Rect(512, 0 - 568, 94), Rect(0, 0 - 0, 0), Rect(0, 0 - 0, 0)]} cutoutPathParserInfo={CutoutPathParserInfo{displayWidth=1080 displayHeight=2400 physicalDisplayWidth=1080 physicalDisplayHeight=2400 density={2.75} cutoutSpec={M 0,0 H -28 V 94 H 28 V 0 H 0 Z} rotation={0} scale={1.0} physicalPixelDisplaySizeRatio={1.0}}}}, touch INTERNAL, rotation 0, type INTERNAL, address {port=0, model=0x40368bd6e7ee6c}, deviceProductInfo DeviceProductInfo{name=MTKDEV, manufacturerPnpId=MTK, productId=35638, modelYear=null, manufactureDate=ManufactureDate{week=42, year=2021}, connectionToSinkType=0}, state DOZE, committedState DOZE, frameRateOverride , brightnessMinimum 0.0, brightnessMaximum 1.0, brightnessDefault 0.07496032, hdrSdrRatio NaN, roundedCorners RoundedCorners{[RoundedCorner{position=TopLeft, radius=70, center=Point(70, 70)}, RoundedCorner{position=TopRight, radius=70, center=Point(1010, 70)}, RoundedCorner{position=BottomRight, radius=70, center=Point(1010, 2330)}, RoundedCorner{position=BottomLeft, radius=70, center=Point(70, 2330)}]}, FLAG_ALLOWED_TO_BE_DEFAULT_DISPLAY, FLAG_ROTATES_WITH_CONTENT, FLAG_SECURE, FLAG_SUPPORTS_PROTECTED_BUFFERS, FLAG_TRUSTED, installOrientation 0, displayShape DisplayShape{ spec=-1893857183 displayWidth=1080 displayHeight=2400 physicalPixelDisplaySizeRatio=1.0 rotation=0 offsetX=0 offsetY=0 scale=1.0}}
10-09 23:51:14.488  1902  1938 D TAG     : Remove previously redundant display event 0/2 to 10075/2415
10-09 23:51:14.488  1902  1938 D TAG     : Remove previously redundant display event 0/2 to 10321/3572
10-09 23:51:14.488  1902  1938 D TAG     : Remove previously redundant display event 0/2 to 10132/5492
10-09 23:51:14.488  1902  1938 D TAG     : Remove previously redundant display event 0/2 to 6101/8896
10-09 23:51:14.488  1902  1938 D TAG     : Remove previously redundant display event 0/2 to 10190/9035
10-09 23:51:14.488  1902  1938 D TAG     : Remove previously redundant display event 0/2 to 10313/9231
10-09 23:51:14.488  1902  1938 D TAG     : Remove previously redundant display event 0/2 to 10121/10538
10-09 23:51:14.488  1902  1938 D TAG     : Remove previously redundant display event 0/2 to 10190/11725
10-09 23:51:14.488  1902  1938 D TAG     : Remove previously redundant display event 0/2 to 10150/20996
10-09 23:51:14.488  1902  1938 D TAG     : Remove previously redundant display event 0/2 to 10131/23667
10-09 23:51:14.488  1902  1938 D TAG     : Remove previously redundant display event 0/2 to 10167/26236
10-09 23:51:14.488  1902  1938 D TAG     : Remove previously redundant display event 0/2 to 10312/31305
10-09 23:51:14.524  1902  2620 I SmartPower: com.miui.weather2/10228(25613): background->idle(3001ms) R(service create com.miui.weather2/androidx.work.impl.background.systemjob.SystemJobService) adj=915.
10-09 23:51:14.531  1902  2323 W ProcessStats: Tracking association SourceState{f928bd com.xiaomi.mi_connect_service/1000 Fgs #316702} whose proc state 3 is better than process ProcessState{69b6b6 com.xiaomi.bluetooth/1002 pkg=com.xiaomi.bluetooth} proc state 8 (418 skipped)
10-09 23:51:14.537  1902  2323 I SmartPower: com.google.android.apps.photos/10205(25965): idle->background(117799ms) R(service create com.google.android.apps.photos/.dbprocessor.impl.DatabaseProcessorJobService) adj=0.
10-09 23:51:14.539  1902  2323 D CompatibilityChangeReporter: Compat change id reported: 271850009; UID 10067; state: ENABLED
10-09 23:51:14.542  1902  2323 D CompatibilityChangeReporter: Compat change id reported: 135634846; UID 10067; state: DISABLED
10-09 23:51:14.542  1902  2323 D CompatibilityChangeReporter: Compat change id reported: 177438394; UID 10067; state: DISABLED
10-09 23:51:14.542  1902  2323 D CompatibilityChangeReporter: Compat change id reported: 135772972; UID 10067; state: DISABLED
10-09 23:51:14.542  1902  2323 D CompatibilityChangeReporter: Compat change id reported: 135754954; UID 10067; state: ENABLED
10-09 23:51:14.542  1902  1955 D CompatibilityChangeReporter: Compat change id reported: 143937733; UID 10067; state: ENABLED
10-09 23:51:14.543  1902  2323 D CompatibilityChangeReporter: Compat change id reported: 271850009; UID 10116; state: ENABLED
10-09 23:51:14.544  1902  2323 I SmartPower: com.miui.cloudservice/10116(20995): idle->background(129639ms) R(service create com.miui.cloudservice/.cta.CTAStateCheckJobService) adj=0.
10-09 23:51:14.546  1902  2323 D CompatibilityChangeReporter: Compat change id reported: 271850009; UID 10150; state: DISABLED
10-09 23:51:14.548  1902  2323 I SmartPower: com.facebook.appmanager/10150(20996): idle->background(117683ms) R(service create com.facebook.appmanager/com.facebook.analytics2.logger.LollipopUploadService) adj=0.
10-09 23:51:14.550  1902  1955 I ActivityManager: Start proc 28002:com.miui.cloudbackup/u0a67 for service {com.miui.cloudbackup/com.miui.cloudbackup.cloudcontrol.FetchCloudConfigJobService} caller=android
10-09 23:51:14.554  1902  2670 I SmartPower: com.google.android.calendar/10192(1028): idle->background(297431ms) R(service create com.google.android.calendar/com.google.android.syncadapters.calendar.CalendarSyncAdapterService) adj=0.
10-09 23:51:14.565  1902  2620 I SmartPower: com.google.android.apps.messaging/10181(28276): background->idle(3002ms) R(service create com.google.android.apps.messaging/androidx.work.impl.background.systemjob.SystemJobService) adj=905.
10-09 23:51:14.566  1902  1918 I SmartPower: com.google.android.apps.wellbeing/10182(1131): idle->background(117366ms) R(service create com.google.android.apps.wellbeing/androidx.work.impl.background.systemjob.SystemJobService) adj=0.
10-09 23:51:14.575  1902  3385 W JobScheduler: Job didn't exist in JobStore: 
10-09 23:51:14.578  1902  3385 I SmartPower: com.google.android.apps.walletnfcrel/10261(2070): idle->background(297398ms) R(service create com.google.android.apps.walletnfcrel/androidx.work.impl.background.systemjob.SystemJobService) adj=0.
10-09 23:51:14.580  1902  2303 W JobScheduler: Job didn't exist in JobStore: 
10-09 23:51:14.585  1902  3385 I SmartPower: com.miui.cloudbackup/10067(28002): died->background(112954ms) R(process start ) adj=-10000.
10-09 23:51:14.585  1902  3385 D CompatibilityChangeReporter: Compat change id reported: 168419799; UID 10067; state: DISABLED
10-09 23:51:14.586  1902  3385 D CompatibilityChangeReporter: Compat change id reported: 273564678; UID 10067; state: DISABLED
10-09 23:51:14.594  1902  1918 I SmartPower: com.android.providers.calendar/10061(21882): idle->background(297289ms) R(content provider start ContentProviderRecord{298ab2d u0 com.android.providers.calendar/.CalendarProvider2}) adj=100.
10-09 23:51:14.595  1902  1918 D CompatibilityChangeReporter: Compat change id reported: 170503758; UID 10067; state: ENABLED
10-09 23:51:14.597  1902  2323 D CompatibilityChangeReporter: Compat change id reported: 265195908; UID 10067; state: ENABLED
10-09 23:51:14.609  1902  1902 I ActivityManager: Idle maintenance over +5m0s370ms low RAM for 0
10-09 23:51:14.610  1902 23179 D MiuiFboService: execute suspendTransferFboTrigger()
10-09 23:51:14.611   640 28024 D vold    : idle maintenance started
10-09 23:51:14.612   640 28024 D vold    : current trim thread id is 508596067504
10-09 23:51:14.612  1902 23179 D MiuiFboService: suspendTransferFboTrigger and suspendTime:9
10-09 23:51:14.613   640 28024 D vold    : Starting trim of /metadata
10-09 23:51:14.613   640 28024 I vold    : Trimmed 0 bytes on /metadata in 0ms
10-09 23:51:14.613   640 28024 D vold    : Starting trim of /data
10-09 23:51:14.622  1902 23179 W JobScheduler: Job didn't exist in JobStore: 
10-09 23:51:14.631   640   640 W vold    : Cannot find dev sysfs path
10-09 23:51:14.631  1902  1902 W StorageManagerService: Failed to get storage lifetime
10-09 23:51:14.631  1902  1902 I StorageManagerService: Turn off gc_urgent based on checking lifetime and charge status
10-09 23:51:14.631  1902  1902 I StorageManagerService: Set smart idle maintenance: latest write amount: 230, average write amount: 0, min segment threshold: 512, dirty reclaim rate: 0.5, segment reclaim weight: 2.0, period(min): 60, min gc sleep time(ms): 5000, target dirty ratio: 100
10-09 23:51:14.637   640   724 W vold    : Reading failed in /sys/fs/f2fs/dm-67/ovp_segments: No such file or directory
10-09 23:51:14.637  1902  1902 I SmartStorageMaintIdler: Got smart storage maintenance service completion callback
10-09 23:51:14.639  1902  1902 W JobScheduler: Job didn't exist in JobStore: 
10-09 23:51:14.658 28002 28002 D ActivityThread: useGrowthLimitOutExpendMethod invoke error.
10-09 23:51:14.672  1902  2620 I SmartPower: com.google.android.googlequicksearchbox:search/10188(22408): background->idle(3121ms) R(service create com.google.android.googlequicksearchbox/com.google.android.libraries.search.integrations.tiktok.RemoteWorkerService_googleapp) adj=800.
10-09 23:51:14.672  1902  2620 I SmartPower: com.google.android.googlequicksearchbox:googleapp/10188(22389): background->idle(3000ms) R(service create com.google.android.googlequicksearchbox/com.google.android.libraries.search.integrations.tiktok.RemoteWorkerService_googleapp) adj=800.
10-09 23:51:14.681  1902  1918 I SmartPower: com.google.android.partnersetup/10171(5497): idle->background(124549ms) R(service create com.google.android.partnersetup/.InstalledAppJobService) adj=0.
10-09 23:51:14.683  1902  1918 D CompatibilityChangeReporter: Compat change id reported: 161145287; UID 10067; state: ENABLED
10-09 23:51:14.691  1902 22586 I ActivityManager: Flag disabled. Ignoring finishAttachApplication from uid: 10067. pid: 28002
10-09 23:51:14.717  1902 23257 I PowerManagerServiceImpl: Partial wakeLock:[PARTIAL_WAKE_LOCK              'WorkManager:TikTokListenableWorker startWork -> com.google.apps.tiktok.sync.impl.workmanager.SyncWorker startWork() -> com.google.apps.tiktok.sync.impl.workmanager.SyncWorker startWork() -> NoAccountWorkerFactory startWork()' ACQ=-73ms (uid=10182 pid=1131 pkg=com.google.android.apps.wellbeing)], disabled: true, procState: 19, reason: Process Priority
10-09 23:51:14.723  1902  2682 W JobScheduler: Job didn't exist in JobStore: 
10-09 23:51:14.732  1902  1902 I SmartPower: com.google.android.setupwizard/10211(3590): idle->background(129563ms) R(service create com.google.android.setupwizard/.deferred.DeferredSetupScheduler) adj=0.
10-09 23:51:14.741  1902 23268 I SmartPower: com.google.android.apps.turbo:aab/10180(5777): idle->background(109890ms) R(service create com.google.android.apps.turbo/com.google.android.libraries.smartbattery.appusage.library.InferAppBucketsJob) adj=0.
10-09 23:51:14.752  1902  1902 I SmartPower: com.xiaomi.glgm/10132(5492): idle->background(129678ms) R(service create com.xiaomi.glgm/androidx.work.impl.background.systemjob.SystemJobService) adj=0.
10-09 23:51:14.769  1902  2682 D CompatibilityChangeReporter: Compat change id reported: 271850009; UID 10067; state: ENABLED
10-09 23:51:14.769  1902  2682 D CompatibilityChangeReporter: Compat change id reported: 253665015; UID 10067; state: ENABLED
10-09 23:51:14.769  1902  2682 D CompatibilityChangeReporter: Compat change id reported: 194532703; UID 10067; state: ENABLED
10-09 23:51:14.775  1902  1918 I SmartPower: com.android.vending:instant_app_installer/10184(14517): idle->background(118141ms) R(service create com.android.vending/com.google.android.finsky.instantapps.metrics.LogFlushJob) adj=0.
10-09 23:51:14.782  1902 22586 D CompatibilityChangeReporter: Compat change id reported: 135634846; UID 10184; state: DISABLED
10-09 23:51:14.782  1902 22586 D CompatibilityChangeReporter: Compat change id reported: 177438394; UID 10184; state: DISABLED
10-09 23:51:14.782  1902 22586 D CompatibilityChangeReporter: Compat change id reported: 135772972; UID 10184; state: DISABLED
10-09 23:51:14.782  1902 22586 D CompatibilityChangeReporter: Compat change id reported: 135754954; UID 10184; state: ENABLED
10-09 23:51:14.782  1902  1955 D CompatibilityChangeReporter: Compat change id reported: 143937733; UID 10184; state: ENABLED
10-09 23:51:14.796  1902  1955 I ActivityManager: Start proc 28053:com.android.vending/u0a184 for service {com.android.vending/com.google.android.finsky.scheduler.process.mainimpl.PhoneskyJobServiceMain} caller=android
10-09 23:51:14.802  1902  2774 W JobScheduler: Job didn't exist in JobStore: 
10-09 23:51:14.827  1902  2682 I SmartPower: com.android.vending/10184(28053): died->background(50336ms) R(process start ) adj=-10000.
10-09 23:51:14.829  1902  2682 D CompatibilityChangeReporter: Compat change id reported: 168419799; UID 10184; state: DISABLED
10-09 23:51:14.829  1902  2682 D CompatibilityChangeReporter: Compat change id reported: 273564678; UID 10184; state: DISABLED
10-09 23:51:14.841  1902 23257 D CompatibilityChangeReporter: Compat change id reported: 170503758; UID 10184; state: ENABLED
10-09 23:51:14.886  1902  2682 W JobScheduler: Job didn't exist in JobStore: 
10-09 23:51:14.917  1902  1958 I ExtM    : zram userate is low, no need to flush: 22
10-09 23:51:14.953  1902  1918 I SmartPower: com.microsoft.windowsintune.companyportal:auth/10365(15454): idle->background(129870ms) R(content provider start ContentProviderRecord{cba4fa6 u0 com.microsoft.windowsintune.companyportal/com.microsoft.identity.client.BrokerContentProvider}) adj=250.
10-09 23:51:14.997  1902  1918 D CompatibilityChangeReporter: Compat change id reported: 161145287; UID 10184; state: ENABLED
10-09 23:51:15.057  1902  2774 I ActivityManager: Flag disabled. Ignoring finishAttachApplication from uid: 10184. pid: 28053
10-09 23:51:15.068  1902 23257 D PackageManager: set app component=ComponentInfo{com.android.vending/com.android.vending.AssetBrowserActivity} enabled state: 1 from com.android.vending,uid=10184,pid=28053
10-09 23:51:15.117  1902 23268 D CompatibilityChangeReporter: Compat change id reported: 319212206; UID 10184; state: ENABLED
10-09 23:51:15.214  1902 23257 D CompatibilityChangeReporter: Compat change id reported: 271850009; UID 10184; state: ENABLED
10-09 23:51:15.214  1902 23257 D CompatibilityChangeReporter: Compat change id reported: 253665015; UID 10184; state: ENABLED
10-09 23:51:15.214  1902 23257 D CompatibilityChangeReporter: Compat change id reported: 194532703; UID 10184; state: ENABLED
10-09 23:51:15.260  1902 23257 W JobScheduler: Job didn't exist in JobStore: 
10-09 23:51:15.268  1902 23257 W JobScheduler: Job didn't exist in JobStore: 
10-09 23:51:15.330  1902  2774 I SmartPower: com.android.vending:background/10184(9100): idle->background(47835ms) R(service create com.android.vending/com.google.frameworks.client.data.android.server.play.BackgroundProcessEndpointService) adj=0.
10-09 23:51:15.511  1902 23268 D PackageManager: set app component=ComponentInfo{com.android.vending/com.google.android.finsky.activities.DebugActivity} enabled state: 2 from com.android.vending,uid=10184,pid=28053
10-09 23:51:15.511  1902 23179 D PackageManager: set app component=ComponentInfo{com.android.vending/com.google.android.finsky.hibernation.impl.UnhibernateActivity} enabled state: 1 from com.android.vending,uid=10184,pid=28053
10-09 23:51:15.512  1902 23268 D PackageManager: set app component=ComponentInfo{com.android.vending/com.google.android.finsky.systemupdateactivity.SystemUpdateActivity} enabled state: 1 from com.android.vending,uid=10184,pid=28053
10-09 23:51:15.519  1902  2682 D PackageManager: set app component=ComponentInfo{com.android.vending/com.google.android.finsky.systemcomponentupdateui.common.SystemComponentUpdateActivity} enabled state: 1 from com.android.vending,uid=10184,pid=28053
10-09 23:51:16.118  1902 15926 D IntervalStats: Unable to parse usage stats packages: [6, 243, 244, 246, 247, 248, 255, 256, 257, 259, 260, 261, 263, 265, 266, 269, 271, 411, 414, 415, 424, 425, 426, 428, 429, 430, 431, 432, 433, 435, 438, 440, 464, 465, 466, 487, 488, 489, 490, 491, 492, 493, 494, 495, 496, 497, 498, 499, 500, 501, 502, 503, 506, 507, 510]
10-09 23:51:16.174  1902 23179 D IntervalStats: Unable to parse usage stats packages: [6, 243, 244, 246, 247, 248, 255, 256, 257, 259, 260, 261, 263, 265, 266, 269, 271, 411, 414, 415, 424, 425, 426, 428, 429, 430, 431, 432, 433, 435, 438, 440, 464, 465, 466, 487, 488, 489, 490, 491, 492, 493, 494, 495, 496, 497, 498, 499, 500, 501, 502, 503, 506, 507, 510]
10-09 23:51:16.382  1902 23161 D CompatibilityChangeReporter: Compat change id reported: 171306433; UID 10061; state: ENABLED
10-09 23:51:16.382  1902 23161 D CompatibilityChangeReporter: Compat change id reported: 218533173; UID 10061; state: ENABLED
10-09 23:51:16.419  1902  2620 I SmartPower: android.process.acore/10059(30513): background->idle(3000ms) R(content provider start ContentProviderRecord{ff49212 u0 com.android.providers.contacts/.ContactsProvider2}) adj=0.
10-09 23:51:16.424  1902  1938 D ColorDisplayService: Setting saturation level: 100
10-09 23:51:16.439  1902  1938 D ColorDisplayService: GlobalSaturationTintController Animation cancelled: false to matrix: 
10-09 23:51:16.439  1902  1938 D ColorDisplayService:        1.000000 0.000000 0.000000 0.000000 0.000000 1.000000 0.000000 0.000000 0.000000 0.000000 1.000000 0.000000 0.000000 0.000000 0.000000 1.000000 min matrix coefficients: 
10-09 23:51:16.439  1902  1938 D ColorDisplayService:        1.000000 0.000000 0.000000 0.000000 0.000000 1.000000 0.000000 0.000000 0.000000 0.000000 1.000000 0.000000 0.000000 0.000000 0.000000 1.000000 max matrix coefficients: 
10-09 23:51:16.439  1902  1938 D ColorDisplayService:        1.000000 0.000000 0.000000 0.000000 0.000000 1.000000 0.000000 0.000000 0.000000 0.000000 1.000000 0.000000 0.000000 0.000000 0.000000 1.000000
10-09 23:51:16.538  1229  1600 W EventThreadInspector: slow VSync-app on display(4627039422300187648) count=60, avg=32 ms, max=34 ms.
10-09 23:51:16.581  1902  2323 D CompatibilityChangeReporter: Compat change id reported: 265195908; UID 10184; state: ENABLED
10-09 23:51:17.193  1902  2620 I SmartPower: com.miui.home/10085(3001): background->idle(3000ms) R(broadcast start Intent { act=android.intent.action.APPLICATION_MESSAGE_UPDATE flg=0x10 pkg=com.miui.home (has extras) }) adj=100.
10-09 23:51:17.538  1902  2620 I SmartPower: com.google.android.apps.photos/10205(25965): background->idle(3001ms) R(service create com.google.android.apps.photos/.dbprocessor.impl.DatabaseProcessorJobService) adj=925.
10-09 23:51:17.546  1902  2620 I SmartPower: com.miui.cloudservice/10116(20995): background->idle(3002ms) R(service create com.miui.cloudservice/.cta.CTAStateCheckJobService) adj=905.
10-09 23:51:17.549  1902  2620 I SmartPower: com.facebook.appmanager/10150(20996): background->idle(3001ms) R(service create com.facebook.appmanager/com.facebook.analytics2.logger.LollipopUploadService) adj=905.
10-09 23:51:17.566  1902  2620 I SmartPower: com.google.android.apps.wellbeing/10182(1131): background->idle(3001ms) R(service create com.google.android.apps.wellbeing/androidx.work.impl.background.systemjob.SystemJobService) adj=905.
10-09 23:51:17.578  1902  2620 I SmartPower: com.google.android.apps.walletnfcrel/10261(2070): background->idle(3000ms) R(service create com.google.android.apps.walletnfcrel/androidx.work.impl.background.systemjob.SystemJobService) adj=915.
10-09 23:51:17.594  1902  2620 I SmartPower: com.android.providers.calendar/10061(21882): background->idle(3000ms) R(content provider start ContentProviderRecord{298ab2d u0 com.android.providers.calendar/.CalendarProvider2}) adj=905.
10-09 23:51:17.681  1902  2620 I SmartPower: com.google.android.partnersetup/10171(5497): background->idle(3000ms) R(service create com.google.android.partnersetup/.InstalledAppJobService) adj=915.
10-09 23:51:17.732  1902  2620 I SmartPower: com.google.android.setupwizard/10211(3590): background->idle(3000ms) R(service create com.google.android.setupwizard/.deferred.DeferredSetupScheduler) adj=915.
10-09 23:51:17.741  1902  2620 I SmartPower: com.google.android.apps.turbo:aab/10180(5777): background->idle(3000ms) R(service create com.google.android.apps.turbo/com.google.android.libraries.smartbattery.appusage.library.InferAppBucketsJob) adj=915.
10-09 23:51:17.752  1902  2620 I SmartPower: com.xiaomi.glgm/10132(5492): background->idle(3000ms) R(service create com.xiaomi.glgm/androidx.work.impl.background.systemjob.SystemJobService) adj=915.
10-09 23:51:17.815  1902 15926 I SmartPower: com.google.android.gms.unstable/10175(4628): idle->background(3337ms) R(service unbind com.google.android.gms/.droidguard.DroidGuardService) adj=800.
10-09 23:51:17.847  1902  2620 I SmartPower: com.google.android.gm/10197(460): background->idle(6340ms) R(service end com.google.android.gm/.provider.MailSyncAdapterService) adj=905.
10-09 23:51:17.954  1902  2620 I SmartPower: com.microsoft.windowsintune.companyportal:omadm_client_process/10365(32113): background->idle(123565ms) R(content provider start ContentProviderRecord{cba4fa6 u0 com.microsoft.windowsintune.companyportal/com.microsoft.identity.client.BrokerContentProvider}) adj=905.
10-09 23:51:17.954  1902  2620 I SmartPower: com.microsoft.windowsintune.companyportal:auth/10365(15454): background->idle(3001ms) R(content provider start ContentProviderRecord{cba4fa6 u0 com.microsoft.windowsintune.companyportal/com.microsoft.identity.client.BrokerContentProvider}) adj=905.
10-09 23:51:17.961  1902 15926 I SmartPower: com.google.process.gservices/10175(22048): idle->background(3483ms) R(content provider start ContentProviderRecord{15adf8b u0 com.google.android.gsf/.gservices.GservicesProvider}) adj=905.
10-09 23:51:18.332  1902  2620 I SmartPower: com.android.vending:instant_app_installer/10184(14517): background->idle(3557ms) R(service create com.android.vending/com.google.frameworks.client.data.android.server.play.BackgroundProcessEndpointService) adj=915.
10-09 23:51:18.332  1902  2620 I SmartPower: com.android.vending/10184(28053): background->idle(3505ms) R(service create com.android.vending/com.google.frameworks.client.data.android.server.play.BackgroundProcessEndpointService) adj=905.
10-09 23:51:18.332  1902  2620 I SmartPower: com.android.vending:background/10184(9100): background->idle(3002ms) R(service create com.android.vending/com.google.frameworks.client.data.android.server.play.BackgroundProcessEndpointService) adj=905.
10-09 23:51:18.332  1902 15926 D PerfShielderService: com.android.systemui|com.android.systemui-Not-1939607582|4057|103415196458009|192|5|117
10-09 23:51:18.543  1229  1600 W EventThreadInspector: slow VSync-app on display(4627039422300187648) count=60, avg=33 ms, max=33 ms.
10-09 23:51:18.814  1902  2620 I SmartPower: com.google.android.calendar/10192(1028): background->idle(4260ms) R(service end com.google.android.calendar/com.google.android.syncadapters.calendar.CalendarSyncAdapterService) adj=905.
10-09 23:51:19.950  1902 15926 I SmartPower: com.google.android.gms/10175(15068): idle->background(5472ms) R(service destroy com.google.android.gms/.chimera.GmsIntentOperationService) adj=500.
10-09 23:51:20.031  1902  2336 I SmartPower: com.google.android.gms.ui/10175(26069): idle->background(5553ms) R(alarm start) adj=800.
10-09 23:51:20.032  1902  2336 I SmartPower: com.google.android.gms:snet/10175(14783): idle->background(5554ms) R(alarm start) adj=800.
10-09 23:51:20.032  1902  2336 I SmartPower: com.google.process.gapps/10175(27622): idle->background(5554ms) R(alarm start) adj=905.
10-09 23:51:20.033  1902  2336 D AlarmManager: mBroadcastRefCount -> 1
10-09 23:51:20.034  1902  2336 D AlarmManager: mBroadcastRefCount -> 2
10-09 23:51:20.045  1902  1902 D AlarmManager: mBroadcastRefCount -> 1
10-09 23:51:20.045  1902  1902 D AlarmManager: mPendingIntent -> PendingIntent{e56d16d: PendingIntentRecord{7c1241 com.google.android.gms/com.google.android.gms.location_base broadcastIntent}}
10-09 23:51:20.061  1902 23179 D AlarmManager: mBroadcastRefCount -> 0
10-09 23:51:20.061  1902 23179 D AlarmManager: mPendingIntent -> null
10-09 23:51:20.548  1229  1600 W EventThreadInspector: slow VSync-app on display(4627039422300187648) count=60, avg=33 ms, max=33 ms.
10-09 23:51:21.387  1902  2336 I SmartPower: com.android.providers.calendar/10061(21882): idle->background(3793ms) R(alarm start) adj=905.
10-09 23:51:21.389  1902  2336 D AlarmManager: mBroadcastRefCount -> 1
10-09 23:51:21.411  1902  2600 D isUidValid: uid = 10061
10-09 23:51:21.418  1902  1954 I SmartPower: com.google.android.apps.wellbeing/10182(1131): idle->background(3850ms) R(broadcast start Intent { act=android.app.action.NEXT_ALARM_CLOCK_CHANGED flg=0x21000010 }) adj=905.
10-09 23:51:21.457  1902  1902 D AlarmManager: mBroadcastRefCount -> 0
10-09 23:51:21.457  1902  1902 D AlarmManager: mPendingIntent -> PendingIntent{77ab2fa: PendingIntentRecord{92290ab com.android.providers.calendar broadcastIntent}}
10-09 23:51:21.464  1902  1938 D ColorDisplayService: Setting saturation level: 100
10-09 23:51:21.485  1902  1938 D ColorDisplayService: GlobalSaturationTintController Animation cancelled: false to matrix: 
10-09 23:51:21.485  1902  1938 D ColorDisplayService:        1.000000 0.000000 0.000000 0.000000 0.000000 1.000000 0.000000 0.000000 0.000000 0.000000 1.000000 0.000000 0.000000 0.000000 0.000000 1.000000 min matrix coefficients: 
10-09 23:51:21.485  1902  1938 D ColorDisplayService:        1.000000 0.000000 0.000000 0.000000 0.000000 1.000000 0.000000 0.000000 0.000000 0.000000 1.000000 0.000000 0.000000 0.000000 0.000000 1.000000 max matrix coefficients: 
10-09 23:51:21.485  1902  1938 D ColorDisplayService:        1.000000 0.000000 0.000000 0.000000 0.000000 1.000000 0.000000 0.000000 0.000000 0.000000 1.000000 0.000000 0.000000 0.000000 0.000000 1.000000
10-09 23:51:22.352  1902 23179 D PerfShielderService: com.android.systemui|com.android.systemui-Not-1939607582|4041|103419214951779|72|5|120
10-09 23:51:22.552  1229  1600 W EventThreadInspector: slow VSync-app on display(4627039422300187648) count=60, avg=32 ms, max=33 ms.
10-09 23:51:22.861  1902  2336 D AlarmManager: mBroadcastRefCount -> 1
10-09 23:51:22.898  1902  1977 I DisplayPowerController[0]: Blocking screen off
10-09 23:51:22.899  1902  1977 I DisplayPowerController[0]: Unblocked screen off after 1 ms
10-09 23:51:22.902  1902  1977 I WindowManager: Display0 turned off...
10-09 23:51:22.904  1902  1977 D DisplayPowerControllerImpl: updateBrightnessChangeStatus: animating: false, displayState: 1, slowChange: false, appliedDimming: false, appliedLowPower: false, currentBrightness: 0.058980778, currentSdrBrightness: 0.058980778, targetBrightness: 0.0, targetSdrBrightness: 0.0, previousDisplayPolicy: 1, currentDisplayPolicy: 1
10-09 23:51:22.906  1902 23179 D AlarmManager: mBroadcastRefCount -> 0
10-09 23:51:22.906  1902 23179 D AlarmManager: mPendingIntent -> null
10-09 23:51:22.907  1902  1977 I DisplayPowerController[0]: Brightness [-1.0] reason changing to: 'screen_off', previous reason: 'doze_default'.
10-09 23:51:22.908  1902  1977 I DisplayPowerController[0]: BrightnessEvent: disp=0, physDisp=local:4627039422300187648, brt=-1.0, initBrt=0.058980778, rcmdBrt=NaN, preBrt=NaN, lux=0.0, preLux=0.0, hbmMax=0.499938, hbmMode=off, rbcStrength=50, thrmMax=1.0, powerFactor=1.0, wasShortTermModelActive=false, flags=, reason=screen_off, autoBrightness=true, strategy=
10-09 23:51:22.909  1902  1938 D TAG     : Remove previously redundant display event 0/4 to 10075/2415
10-09 23:51:22.909  1902  1938 D TAG     : Remove previously redundant display event 0/4 to 6101/8896
10-09 23:51:22.909  1902  1938 D TAG     : Remove previously redundant display event 0/4 to 10190/9035
10-09 23:51:22.909  1902  1938 D TAG     : Remove previously redundant display event 0/4 to 10313/9231
10-09 23:51:22.909  1902  1938 D TAG     : Remove previously redundant display event 0/4 to 10121/10538
10-09 23:51:22.909  1902  1938 D TAG     : Remove previously redundant display event 0/4 to 10190/11725
10-09 23:51:22.910  1902  1938 D TAG     : Remove previously redundant display event 0/4 to 10131/23667
10-09 23:51:22.910  1902  1938 D TAG     : Remove previously redundant display event 0/4 to 10167/26236
10-09 23:51:22.910  1902  1938 D TAG     : Remove previously redundant display event 0/4 to 10312/31305
10-09 23:51:22.912  1902  2652 D DisplayFeatureManagerService: setDozeBrightness, brightness: 0, value: 0
10-09 23:51:22.912  1902  2652 D DisplayFeatureManagerService: setScreenEffect displayId=0 mode=25 value=0 cookie=255 from pid=1902
10-09 23:51:22.912  1902  1938 I DisplayDeviceRepository: Display device changed state: "Built-in Screen", OFF
10-09 23:51:22.914  1902  2652 I LocalDisplayAdapter: setDisplayState(id=4627039422300187648, state=OFF)
10-09 23:51:22.916  1902  1938 D TAG     : Remove previously redundant display event 0/2 to 10075/2415
10-09 23:51:22.918  1902  1938 D TAG     : Remove previously redundant display event 0/2 to 6101/8896
10-09 23:51:22.918  1902  1938 D TAG     : Remove previously redundant display event 0/2 to 10190/9035
10-09 23:51:22.918  1902  1938 D TAG     : Remove previously redundant display event 0/2 to 10313/9231
10-09 23:51:22.918  1902  1938 D TAG     : Remove previously redundant display event 0/2 to 10121/10538
10-09 23:51:22.918  1902  1938 D TAG     : Remove previously redundant display event 0/2 to 10190/11725
10-09 23:51:22.918  2983  3075 D OneHandedController: stopOneHanded state is 0
10-09 23:51:22.922  1902  1938 D TAG     : Remove previously redundant display event 0/2 to 10131/23667
10-09 23:51:22.922  1902  1938 D TAG     : Remove previously redundant display event 0/2 to 10167/26236
10-09 23:51:22.922  1902  1938 D TAG     : Remove previously redundant display event 0/2 to 10312/31305
10-09 23:51:22.930  1902  1939 I DisplayDevice: [0] Layerstack set to -1 for local:4627039422300187648
10-09 23:51:23.033   691 27904 I keystore2: system/security/keystore2/src/watchdog.rs:319 - Watchdog thread idle -> terminating. Have a great day.
10-09 23:51:23.033  1902  2620 I SmartPower: com.google.android.gms.unstable/10175(4628): background->idle(5218ms) R(alarm start) adj=800.
10-09 23:51:23.034  1902  2620 I SmartPower: com.google.android.gms.ui/10175(26069): background->idle(3003ms) R(alarm start) adj=800.
10-09 23:51:23.034  1902  2620 I SmartPower: com.google.process.gservices/10175(22048): background->idle(5073ms) R(alarm start) adj=905.
10-09 23:51:23.034  1902  2620 I SmartPower: com.google.android.gms/10175(15068): background->idle(3084ms) R(alarm start) adj=600.
10-09 23:51:23.034  1902  2620 I SmartPower: com.google.android.gms:snet/10175(14783): background->idle(3002ms) R(alarm start) adj=800.
10-09 23:51:23.035  1902  2620 I SmartPower: com.google.process.gapps/10175(27622): background->idle(3003ms) R(alarm start) adj=905.
10-09 23:51:23.164  1902  2652 W BpBinder: Slow Binder: BpBinder transact took 250 ms, interface=android.gui.ISurfaceComposer, code=9 oneway=false
10-09 23:51:23.167  1902  1938 I DisplayDeviceRepository: Display device changed state: "Built-in Screen", OFF
10-09 23:51:23.172  1902  1938 D TAG     : Remove previously redundant display event 0/2 to 10075/2415
10-09 23:51:23.174  1902  1938 D TAG     : Remove previously redundant display event 0/2 to 10321/3572
10-09 23:51:23.174  1902  1938 D TAG     : Remove previously redundant display event 0/2 to 10132/5492
10-09 23:51:23.174  1902  1938 D TAG     : Remove previously redundant display event 0/2 to 6101/8896
10-09 23:51:23.174  1902  1938 D TAG     : Remove previously redundant display event 0/2 to 10190/9035
10-09 23:51:23.174  1902  1938 D TAG     : Remove previously redundant display event 0/2 to 10313/9231
10-09 23:51:23.175  1902  1938 D TAG     : Remove previously redundant display event 0/2 to 10121/10538
10-09 23:51:23.175  1902  1938 D TAG     : Remove previously redundant display event 0/2 to 10190/11725
10-09 23:51:23.175  1902  1938 D TAG     : Remove previously redundant display event 0/2 to 10150/20996
10-09 23:51:23.175  1902  1938 D TAG     : Remove previously redundant display event 0/2 to 10131/23667
10-09 23:51:23.176  1902  1938 D TAG     : Remove previously redundant display event 0/2 to 10167/26236
10-09 23:51:23.176  1902  1938 D TAG     : Remove previously redundant display event 0/2 to 10184/28053
10-09 23:51:23.176  1902  1938 D TAG     : Remove previously redundant display event 0/2 to 10312/31305
10-09 23:51:23.200  1902  1938 I DisplayDeviceRepository: Display device changed: DisplayDeviceInfo{"Built-in Screen": uniqueId="local:4627039422300187648", 1080 x 2400, modeId 2, renderFrameRate 120.00001, defaultModeId 2, supportedModes [{id=1, width=1080, height=2400, fps=60.0, alternativeRefreshRates=[30.000002, 90.0, 120.00001], supportedHdrTypes=[1, 2, 3, 4]}, {id=2, width=1080, height=2400, fps=120.00001, alternativeRefreshRates=[30.000002, 60.0, 90.0], supportedHdrTypes=[1, 2, 3, 4]}, {id=3, width=1080, height=2400, fps=90.0, alternativeRefreshRates=[30.000002, 60.0, 120.00001], supportedHdrTypes=[1, 2, 3, 4]}, {id=4, width=1080, height=2400, fps=30.000002, alternativeRefreshRates=[60.0, 90.0, 120.00001], supportedHdrTypes=[1, 2, 3, 4]}], colorMode 0, supportedColorModes [0, 7, 9], hdrCapabilities HdrCapabilities{mSupportedHdrTypes=[1, 2, 3, 4], mMaxLuminance=500.0, mMaxAverageLuminance=500.0, mMinLuminance=0.0}, allmSupported false, gameContentTypeSupported false, density 440, 394.409 x 394.409 dpi, appVsyncOff 1199999, presDeadline 14800000, cutout DisplayCutout{insets=Rect(0, 94 - 0, 0) waterfall=Insets{left=0, top=0, right=0, bottom=0} boundingRect={Bounds=[Rect(0, 0 - 0, 0), Rect(512, 0 - 568, 94), Rect(0, 0 - 0, 0), Rect(0, 0 - 0, 0)]} cutoutPathParserInfo={CutoutPathParserInfo{displayWidth=1080 displayHeight=2400 physicalDisplayWidth=1080 physicalDisplayHeight=2400 density={2.75} cutoutSpec={M 0,0 H -28 V 94 H 28 V 0 H 0 Z} rotation={0} scale={1.0} physicalPixelDisplaySizeRatio={1.0}}}}, touch INTERNAL, rotation 0, type INTERNAL, address {port=0, model=0x40368bd6e7ee6c}, deviceProductInfo DeviceProductInfo{name=MTKDEV, manufacturerPnpId=MTK, productId=35638, modelYear=null, manufactureDate=ManufactureDate{week=42, year=2021}, connectionToSinkType=0}, state OFF, committedState OFF, frameRateOverride , brightnessMinimum 0.0, brightnessMaximum 1.0, brightnessDefault 0.07496032, hdrSdrRatio NaN, roundedCorners RoundedCorners{[RoundedCorner{position=TopLeft, radius=70, center=Point(70, 70)}, RoundedCorner{position=TopRight, radius=70, center=Point(1010, 70)}, RoundedCorner{position=BottomRight, radius=70, center=Point(1010, 2330)}, RoundedCorner{position=BottomLeft, radius=70, center=Point(70, 2330)}]}, FLAG_ALLOWED_TO_BE_DEFAULT_DISPLAY, FLAG_ROTATES_WITH_CONTENT, FLAG_SECURE, FLAG_SUPPORTS_PROTECTED_BUFFERS, FLAG_TRUSTED, installOrientation 0, displayShape DisplayShape{ spec=-1893857183 displayWidth=1080 displayHeight=2400 physicalPixelDisplaySizeRatio=1.0 rotation=0 offsetX=0 offsetY=0 scale=1.0}}
10-09 23:51:23.204  1902  1938 D TAG     : Remove previously redundant display event 0/2 to 10075/2415
10-09 23:51:23.205  1902  1938 D TAG     : Remove previously redundant display event 0/2 to 10321/3572
10-09 23:51:23.206  1902  1938 D TAG     : Remove previously redundant display event 0/2 to 10132/5492
10-09 23:51:23.206  1902  1938 D TAG     : Remove previously redundant display event 0/2 to 6101/8896
10-09 23:51:23.206  1902  1938 D TAG     : Remove previously redundant display event 0/2 to 10190/9035
10-09 23:51:23.206  1902  1938 D TAG     : Remove previously redundant display event 0/2 to 10313/9231
10-09 23:51:23.206  1902  1938 D TAG     : Remove previously redundant display event 0/2 to 10121/10538
10-09 23:51:23.206  1902  1938 D TAG     : Remove previously redundant display event 0/2 to 10190/11725
10-09 23:51:23.207  1902  1938 D TAG     : Remove previously redundant display event 0/2 to 10150/20996
10-09 23:51:23.209  1902  1938 D TAG     : Remove previously redundant display event 0/2 to 10131/23667
10-09 23:51:23.210  1902  1938 D TAG     : Remove previously redundant display event 0/2 to 10167/26236
10-09 23:51:23.210  1902  1938 D TAG     : Remove previously redundant display event 0/2 to 10184/28053
10-09 23:51:23.210  1902  1938 D TAG     : Remove previously redundant display event 0/2 to 10312/31305
10-09 23:51:23.220  1229  1641 W EventThreadInspector: slow VSync-appSf on display(4627039422300187648) count=8, avg=39 ms, max=84 ms.
10-09 23:51:23.343  1902  1902 D UiModeManager: updateConfigurationLocked: mDockState=0; mCarMode=false; mCar=false; mPowerSave=false; mOverrideNightModeOn=false; mOverrideNightModeOff=false; mComputedNightMode=false; mNightMode=1; uiMode=17
10-09 23:51:23.539  1902 23179 W AppOps  : Noting op not finished: uid 10175 pkg com.google.android.gms code 79 startTime of in progress event=1760013270374
10-09 23:51:23.550  1902 23179 W AppOps  : Noting op not finished: uid 10175 pkg com.google.android.gms code 113 startTime of in progress event=1760013270374
10-09 23:51:23.573  1902 23179 W AppOps  : Noting op not finished: uid 10175 pkg com.google.android.gms code 113 startTime of in progress event=1760013270374
10-09 23:51:23.594  1902  3317 W AppOps  : Noting op not finished: uid 10175 pkg com.google.android.gms code 113 startTime of in progress event=1760020609818
10-09 23:51:23.646   640 28024 I vold    : Trimmed 567238656 bytes on /data in 9032ms
10-09 23:51:23.646   640 28024 D vold    : Starting trim of /cache
10-09 23:51:23.646   640 28024 W vold    : Failed to open /cache: Not a directory
10-09 23:51:23.646   640 28024 D vold    : Starting trim of /mnt/vendor/protect_f
10-09 23:51:23.647   640 28024 W vold    : Failed to open /mnt/vendor/protect_f: Permission denied
10-09 23:51:23.647   640 28024 D vold    : Starting trim of /mnt/vendor/protect_s
10-09 23:51:23.647   640 28024 W vold    : Failed to open /mnt/vendor/protect_s: Permission denied
10-09 23:51:23.647   640 28024 D vold    : Starting trim of /mnt/vendor/nvdata
10-09 23:51:23.647   640 28024 W vold    : Failed to open /mnt/vendor/nvdata: Permission denied
10-09 23:51:23.648   640 28024 D vold    : Starting trim of /mnt/vendor/nvcfg
10-09 23:51:23.648   640 28024 W vold    : Failed to open /mnt/vendor/nvcfg: Permission denied
10-09 23:51:23.648   640 28024 D vold    : Starting trim of /mnt/vendor/persist
10-09 23:51:23.648   640 28024 W vold    : Failed to open /mnt/vendor/persist: Permission denied
10-09 23:51:23.649   640 28024 W vold    : Can't find the node of pending_discard/sys/fs/f2fs/dm-67: No such file or directory
10-09 23:51:23.659   640 28024 D vold    : Frag level: 1, no need for cld
10-09 23:51:23.659   640 28024 D vold    : idle maintenance completed
10-09 23:51:23.660  1902  1950 I MountServiceIdler: Got mount service completion callback
10-09 23:51:23.662  1902  1950 I MountServiceIdlerImpl: sNextTrimDuration :  7200000
10-09 23:51:23.833  1902  1954 I SmartPower: com.microsoft.teams/10321(3572): idle->background(9605ms) R(broadcast start Intent { act=android.intent.action.BATTERY_CHANGED flg=0x60000010 (has extras) }) adj=915.
10-09 23:51:23.834  1902  1954 I SmartPower: com.xiaomi.discover/10128(11400): idle->background(9606ms) R(broadcast start Intent { act=android.intent.action.BATTERY_CHANGED flg=0x60000010 (has extras) }) adj=915.
10-09 23:51:23.837  1902  1954 I SmartPower: com.android.chrome/10190(9035): idle->background(9609ms) R(broadcast start Intent { act=android.intent.action.BATTERY_CHANGED flg=0x60000010 (has extras) }) adj=900.
10-09 23:51:24.393  1902  2620 I SmartPower: com.android.providers.calendar/10061(21882): background->idle(3006ms) R(alarm start) adj=905.
10-09 23:51:24.424  1902  2620 I SmartPower: com.google.android.apps.wellbeing/10182(1131): background->idle(3007ms) R(broadcast start Intent { act=android.app.action.NEXT_ALARM_CLOCK_CHANGED flg=0x21000010 }) adj=905.
10-09 23:51:25.013  1902 23179 W ProcessStats: Tracking association SourceState{7a2745c com.google.android.gms.persistent/10175 Fgs #317005} whose proc state 3 is better than process ProcessState{2c25849 com.google.android.gms/10175 pkg=com.google.android.gms} proc state 6 (582 skipped)
10-09 23:51:25.109  1902  3317 I SmartPower: com.google.android.gms/10175(15068): idle->background(2075ms) R(service bind com.google.android.gms/.chimera.GmsApiService) adj=600.
10-09 23:51:25.129  1902  3317 D PackageManager: set app component=ComponentInfo{com.android.vending/com.google.android.finsky.wearsupport.WearSupportService} enabled state: 2 from com.android.vending,uid=10184,pid=28053
10-09 23:51:25.132  1902  3317 D PackageManager: set app component=ComponentInfo{com.android.vending/com.google.android.finsky.wearsupport.WearChangeListenerService} enabled state: 2 from com.android.vending,uid=10184,pid=28053
10-09 23:51:25.139  1902  3317 I SmartPower: com.google.process.gservices/10175(22048): idle->background(2105ms) R(content provider start ContentProviderRecord{15adf8b u0 com.google.android.gsf/.gservices.GservicesProvider}) adj=905.
10-09 23:51:26.799  1902  1947 D HeapUsage Monitor: HeapAllocSize : 101MB; monitorSize : 500MB
10-09 23:51:26.834  1902  2620 I SmartPower: com.microsoft.teams/10321(3572): background->idle(3001ms) R(broadcast start Intent { act=android.intent.action.BATTERY_CHANGED flg=0x60000010 (has extras) }) adj=915.
10-09 23:51:26.835  1902  2620 I SmartPower: com.xiaomi.discover/10128(11400): background->idle(3001ms) R(broadcast start Intent { act=android.intent.action.BATTERY_CHANGED flg=0x60000010 (has extras) }) adj=905.
