10-06 11:23:30.943  1902  1950 D AppWidgetServiceImpl: Provider info from ComponentInfo{com.android.thememanager/com.android.thememanager.appwidget.provider.ThemeRecommendProvider_4x2} won't be persisted.
10-06 11:23:30.943  1902  1950 D AppWidgetServiceImpl: Provider info from ComponentInfo{com.android.thememanager/com.android.thememanager.appwidget.provider.ThemePopularProvider_2x2} won't be persisted.
10-06 11:23:30.943  1902  1950 D AppWidgetServiceImpl: Provider info from ComponentInfo{com.android.thememanager/com.android.thememanager.appwidget.provider.ThemeMoreProvider_4x2} won't be persisted.
10-06 11:23:30.943  1902  1950 D AppWidgetServiceImpl: Provider info from ComponentInfo{com.android.thememanager/com.android.thememanager.appwidget.provider.RingtoneNewProvider_2x2} won't be persisted.
10-06 11:23:30.943  1902  1950 D AppWidgetServiceImpl: Provider info from ComponentInfo{com.android.thememanager/com.android.thememanager.appwidget.provider.RingtoneAddProvider_2x2} won't be persisted.
10-06 11:23:30.949  1902  2600 D isUidValid: uid = 10113
10-06 11:23:30.960  1902 23266 I SmartPower: com.android.chrome:privileged_process0/10190(30969): died->invisible(77536ms) R(process start ) adj=-10000.
10-06 11:23:30.965 30955 30955 E ForceDarkHelperStubImpl: getForceDarkOriginState transact failed , mService: null
10-06 11:23:30.978  1902 23267 I ActivityManager: Flag disabled. Ignoring finishAttachApplication from uid: 90000. pid: 30955
10-06 11:23:30.989  1902 23266 D CompatibilityChangeReporter: Compat change id reported: 182734110; UID 10190; state: ENABLED
10-06 11:23:30.990  1902 23265 D CompatibilityChangeReporter: Compat change id reported: 149924527; UID 10190; state: ENABLED
10-06 11:23:30.990  1902 23265 D CompatibilityChangeReporter: Compat change id reported: 132649864; UID 10190; state: DISABLED
10-06 11:23:31.001  1902 23265 I ActivityManager: Flag disabled. Ignoring finishAttachApplication from uid: 10190. pid: 30969
10-06 11:23:31.009  1902  2771 D PackageManager: set app component=ComponentInfo{com.android.chrome/org.chromium.chrome.browser.quickactionsearchwidget.QuickActionSearchWidgetProvider$QuickActionSearchWidgetProviderSearch} enabled state: 1 from com.android.chrome,uid=10190,pid=30792
10-06 11:23:31.009  1902 23265 D PackageManager: set app component=ComponentInfo{com.android.chrome/org.chromium.chrome.browser.quickactionsearchwidget.QuickActionSearchWidgetProvider$QuickActionSearchWidgetProviderDino} enabled state: 1 from com.android.chrome,uid=10190,pid=30792
10-06 11:23:31.112  1902 23267 I SmartPower: com.android.chrome:sandboxed_process0:org.chromium.content.app.SandboxedProcessSer-1->background(0ms) R(become background) adj=-10000.
10-06 11:23:31.112  1902  1955 D CompatibilityChangeReporter: Compat change id reported: 143937733; UID 10190; state: ENABLED
10-06 11:23:31.130  1902  1955 I ActivityManager: Start proc 31068:com.android.chrome:sandboxed_process0:org.chromium.content.app.SandboxedProcessService0:1/u0ai1 for  {com.android.chrome/org.chromium.content.app.SandboxedProcessService0:1} caller=com.android.chrome
10-06 11:23:31.138  1902  2771 D CoreBackPreview: Window{760196f u0 com.android.chrome/org.chromium.chrome.browser.ChromeTabbedActivity}: Setting back callback OnBackInvokedCallbackInfo{mCallback=android.window.IOnBackInvokedCallback$Stub$Proxy@4e8d48e, mPriority=0, mIsAnimationCallback=true}
10-06 11:23:31.171  1902  2600 D isUidValid: uid = 90001
10-06 11:23:31.173 31068 31068 E MQSEventManagerDelegate: failed to get MQSService.
10-06 11:23:31.173 31068 31068 W ActivityThread: registerApplicationScoutThread result:false
10-06 11:23:31.177  1902  2771 D WindowManager: setParent old=Task{14f7c2e #112 type=standard I=com.android.chrome/com.google.android.apps.chrome.IntentDispatcher},new=null,this window=ActivityRecord{90fdea9 u0 com.android.chrome/com.google.android.apps.chrome.IntentDispatcher t112 f}},callers=com.android.server.wm.WindowContainer.removeChild:840 com.android.server.wm.TaskFragment.removeChild:3119 com.android.server.wm.Task.removeChild:1822 com.android.server.wm.Task.removeChild:1802 com.android.server.wm.WindowContainer.removeImmediately:898 com.android.server.wm.WindowToken.removeImmediately:376 
10-06 11:23:31.177  1902  2771 D WindowManager: setParent old=DefaultTaskDisplayArea@126197207,new=null,this window=Task{14f7c2e #112 type=standard I=com.android.chrome/com.google.android.apps.chrome.IntentDispatcher},callers=com.android.server.wm.WindowContainer.removeChild:840 com.android.server.wm.TaskDisplayArea.removeChildTask:359 com.android.server.wm.TaskDisplayArea.removeChild:350 com.android.server.wm.WindowContainer.removeImmediately:898 com.android.server.wm.TaskFragment.removeImmediately:3203 com.android.server.wm.Task.removeImmediately:3222 
10-06 11:23:31.183  1902 23266 D CompatibilityChangeReporter: Compat change id reported: 214016041; UID 10190; state: ENABLED
10-06 11:23:31.190  1902 23266 I WindowManager: cancelAnimation removed leash : Surface(name=Surface(name=6a76de5 InputMethod#123)/@0xf2bd99 - animation-leash of insets_animation#3873)/@0x95afd52
10-06 11:23:31.192  1902 23266 W PackageConfigPersister: App-specific configuration not found for packageName: com.android.chrome and userId: 0
10-06 11:23:31.196 31068 31068 E ForceDarkHelperStubImpl: getForceDarkOriginState transact failed , mService: null
10-06 11:23:31.216  1902 23266 I ActivityManager: Flag disabled. Ignoring finishAttachApplication from uid: 90001. pid: 31068
10-06 11:23:31.258  1902  1936 E MBrainLocalService: MBrainJava launch failed: SecurityException
10-06 11:23:31.375  1902  1950 D AppWidgetServiceImpl: Provider info from ComponentInfo{com.android.thememanager/com.android.thememanager.appwidget.provider.ThemeRecommendProvider_4x2} won't be persisted.
10-06 11:23:31.375  1902  1950 D AppWidgetServiceImpl: Provider info from ComponentInfo{com.android.thememanager/com.android.thememanager.appwidget.provider.ThemePopularProvider_2x2} won't be persisted.
10-06 11:23:31.375  1902  1950 D AppWidgetServiceImpl: Provider info from ComponentInfo{com.android.thememanager/com.android.thememanager.appwidget.provider.ThemeMoreProvider_4x2} won't be persisted.
10-06 11:23:31.375  1902  1950 D AppWidgetServiceImpl: Provider info from ComponentInfo{com.android.thememanager/com.android.thememanager.appwidget.provider.RingtoneNewProvider_2x2} won't be persisted.
10-06 11:23:31.375  1902  1950 D AppWidgetServiceImpl: Provider info from ComponentInfo{com.android.thememanager/com.android.thememanager.appwidget.provider.RingtoneAddProvider_2x2} won't be persisted.
10-06 11:23:31.376  1902  2771 W PackageConfigPersister: App-specific configuration not found for packageName: com.android.chrome and userId: 0
10-06 11:23:31.623  1902  2620 I SmartPower: com.google.android.inputmethod.latin/10196(22721): background->idle(3000ms) R(become invisible) adj=100.
10-06 11:23:31.833  1902  2620 I SmartPower: com.miui.home/10085(3001): background->idle(3002ms) R(broadcast start Intent { act=com.android.systemui.fsgesture flg=0x14000010 (has extras) }) adj=100.
10-06 11:23:33.565  1556  1556 I wificond: station_bandwidth: 
10-06 11:23:33.648  1902  2620 I SmartPower: com.google.process.gservices/10175(22048): background->idle(3000ms) R(content provider start ContentProviderRecord{15adf8b u0 com.google.android.gsf/.gservices.GservicesProvider}) adj=0.
10-06 11:23:33.931  1902  2620 I SmartPower: eu.europa.ec.euidi.dev/10377(30246): background->idle(3001ms) R(become invisible) adj=700.
10-06 11:23:33.943  1902  2771 W ProcessStats: Tracking association SourceState{528833a com.android.chrome/10190 BTop #138716} whose proc state 2 is better than process ProcessState{6c26b07 com.google.android.adservices.api/10307 pkg=com.google.android.adservices.api} proc state 14 (664 skipped)
10-06 11:23:36.056  1902  2336 I SmartPower: com.google.android.gms.unstable/10175(23942): idle->background(22901ms) R(alarm start) adj=800.
10-06 11:23:36.056  1902  2336 I SmartPower: com.google.android.gms.ui/10175(16522): idle->background(22900ms) R(alarm start) adj=800.
10-06 11:23:36.056  1902  2336 I SmartPower: com.google.android.gms:snet/10175(17893): idle->background(22900ms) R(alarm start) adj=800.
10-06 11:23:36.057  1902  2336 I SmartPower: com.google.process.gapps/10175(7494): idle->background(22901ms) R(alarm start) adj=945.
10-06 11:23:36.058  1902  2336 D AlarmManager: mBroadcastRefCount -> 1
10-06 11:23:36.076  1902  1902 D AlarmManager: mBroadcastRefCount -> 0
10-06 11:23:36.076  1902  1902 D AlarmManager: mPendingIntent -> PendingIntent{59a39ac: PendingIntentRecord{51287af com.google.android.gms/com.google.android.gms.scheduler broadcastIntent}}
10-06 11:23:36.526  1902  1958 I ExtM    : zram userate is low, no need to flush: 19
10-06 11:23:36.583  1556  1556 I wificond: station_bandwidth: 
10-06 11:23:37.165  1902  1947 D HeapUsage Monitor: HeapAllocSize : 81MB; monitorSize : 500MB
10-06 11:23:38.044   691 30618 I keystore2: system/security/keystore2/src/watchdog.rs:319 - Watchdog thread idle -> terminating. Have a great day.
10-06 11:23:39.059  1902  2620 I SmartPower: com.google.android.gms.unstable/10175(23942): background->idle(3003ms) R(alarm start) adj=800.
10-06 11:23:39.059  1902  2620 I SmartPower: com.google.android.gms.ui/10175(16522): background->idle(3003ms) R(alarm start) adj=800.
10-06 11:23:39.059  1902  2620 I SmartPower: com.google.android.gms:snet/10175(17893): background->idle(3003ms) R(alarm start) adj=800.
10-06 11:23:39.059  1902  2620 I SmartPower: com.google.process.gapps/10175(7494): background->idle(3003ms) R(alarm start) adj=945.
10-06 11:23:39.608  1556  1556 I wificond: station_bandwidth: 
10-06 11:23:39.638  1902  2771 D PerfShielderService: com.android.systemui|StatusBar|208|40893356681821|145|2|3
10-06 11:23:39.639 22071  8546 W MiuiPerfServiceClient: interceptAndQueuing:2983|com.android.systemui|208|145|40893356681821|Slow handle animation|3
10-06 11:23:42.323  1902  1902 D UiModeManager: updateConfigurationLocked: mDockState=0; mCarMode=false; mCar=false; mPowerSave=false; mOverrideNightModeOn=false; mOverrideNightModeOff=false; mComputedNightMode=false; mNightMode=1; uiMode=17
10-06 11:23:42.569  1902  2336 I SmartPower: com.google.android.gms.unstable/10175(23942): idle->background(3510ms) R(alarm start) adj=800.
10-06 11:23:42.569  1902  2336 I SmartPower: com.google.android.gms.ui/10175(16522): idle->background(3510ms) R(alarm start) adj=800.
10-06 11:23:42.569  1902  2336 I SmartPower: com.google.process.gservices/10175(22048): idle->background(8921ms) R(alarm start) adj=700.
10-06 11:23:42.569  1902  2336 I SmartPower: com.google.android.gms:snet/10175(17893): idle->background(3510ms) R(alarm start) adj=800.
10-06 11:23:42.570  1902  2336 I SmartPower: com.google.process.gapps/10175(7494): idle->background(3510ms) R(alarm start) adj=945.
10-06 11:23:42.570  1902  2336 D AlarmManager: mBroadcastRefCount -> 1
10-06 11:23:42.577  1902  2771 D AlarmManager: mBroadcastRefCount -> 0
10-06 11:23:42.577  1902  2771 D AlarmManager: mPendingIntent -> null
10-06 11:23:42.623  1556  1556 I wificond: station_bandwidth: 
10-06 11:23:42.809  1902  1954 I SmartPower: com.xiaomi.discover/10128(30267): idle->background(16314ms) R(broadcast start Intent { act=android.intent.action.BATTERY_CHANGED flg=0x60000010 (has extras) }) adj=905.
10-06 11:23:42.810  1902  1954 I SmartPower: com.facebook.appmanager/10150(25236): idle->background(16315ms) R(broadcast start Intent { act=android.intent.action.BATTERY_CHANGED flg=0x60000010 (has extras) }) adj=905.
10-06 11:23:42.813  1902  1954 I SmartPower: com.microsoft.teams/10321(5841): idle->background(16317ms) R(broadcast start Intent { act=android.intent.action.BATTERY_CHANGED flg=0x60000010 (has extras) }) adj=905.
10-06 11:23:42.815  1902  1954 I SmartPower: com.miui.android.fashiongallery/10231(15309): idle->background(16319ms) R(broadcast start Intent { act=android.intent.action.BATTERY_CHANGED flg=0x60000010 (has extras) }) adj=955.
10-06 11:23:45.572  1902  2620 I SmartPower: com.google.android.gms.unstable/10175(23942): background->idle(3003ms) R(alarm start) adj=800.
10-06 11:23:45.572  1902  2620 I SmartPower: com.google.android.gms.ui/10175(16522): background->idle(3003ms) R(alarm start) adj=800.
10-06 11:23:45.572  1902  2620 I SmartPower: com.google.process.gservices/10175(22048): background->idle(3003ms) R(alarm start) adj=700.
10-06 11:23:45.573  1902  2620 I SmartPower: com.google.android.gms:snet/10175(17893): background->idle(3004ms) R(alarm start) adj=800.
10-06 11:23:45.573  1902  2620 I SmartPower: com.google.process.gapps/10175(7494): background->idle(3003ms) R(alarm start) adj=945.
10-06 11:23:45.640  1556  1556 I wificond: station_bandwidth: 
10-06 11:23:45.810  1902  2620 I SmartPower: com.xiaomi.discover/10128(30267): background->idle(3001ms) R(broadcast start Intent { act=android.intent.action.BATTERY_CHANGED flg=0x60000010 (has extras) }) adj=905.
10-06 11:23:45.810  1902  2620 I SmartPower: com.facebook.appmanager/10150(25236): background->idle(3000ms) R(broadcast start Intent { act=android.intent.action.BATTERY_CHANGED flg=0x60000010 (has extras) }) adj=905.
10-06 11:23:45.814  1902  2620 I SmartPower: com.microsoft.teams/10321(5841): background->idle(3001ms) R(broadcast start Intent { act=android.intent.action.BATTERY_CHANGED flg=0x60000010 (has extras) }) adj=905.
10-06 11:23:45.815  1902  2620 I SmartPower: com.miui.android.fashiongallery/10231(15309): background->idle(3000ms) R(broadcast start Intent { act=android.intent.action.BATTERY_CHANGED flg=0x60000010 (has extras) }) adj=955.
10-06 11:23:45.923  1902  2771 W ProcessStats: Tracking association SourceState{10ab232 com.android.systemui/1000 BFgs #138769} whose proc state 4 is better than process ProcessState{ac6b350 com.google.android.apps.chromecast.app/10260 pkg=com.google.android.apps.chromecast.app} proc state 5 (192 skipped)
10-06 11:23:48.443  1902  2336 I SmartPower: com.google.android.gms.unstable/10175(23942): idle->background(2871ms) R(alarm start) adj=800.
10-06 11:23:48.443  1902  2336 I SmartPower: com.google.android.gms.ui/10175(16522): idle->background(2871ms) R(alarm start) adj=800.
10-06 11:23:48.443  1902  2336 I SmartPower: com.google.process.gservices/10175(22048): idle->background(2871ms) R(alarm start) adj=700.
10-06 11:23:48.444  1902  2336 I SmartPower: com.google.android.gms:snet/10175(17893): idle->background(2871ms) R(alarm start) adj=800.
10-06 11:23:48.444  1902  2336 I SmartPower: com.google.process.gapps/10175(7494): idle->background(2871ms) R(alarm start) adj=945.
10-06 11:23:48.451  1902  2336 D AlarmManager: mBroadcastRefCount -> 1
10-06 11:23:48.454  1902  1902 D AlarmManager: mBroadcastRefCount -> 0
10-06 11:23:48.454  1902  1902 D AlarmManager: mPendingIntent -> PendingIntent{efcf386: PendingIntentRecord{8a28df8 com.google.android.gms/com.google.android.gms.auth_authzen__phone startService}}
10-06 11:23:48.659  1556  1556 I wificond: station_bandwidth: 
10-06 11:23:49.467  1902  2612 I ProcessManager: getRenderThreadTidByPid, caller=1902
10-06 11:23:49.506  1902  2612 I ProcessManager: getRenderThreadTidByPid, caller=1902
10-06 11:23:50.519  1902  1902 D UiModeManager: updateConfigurationLocked: mDockState=0; mCarMode=false; mCar=false; mPowerSave=false; mOverrideNightModeOn=false; mOverrideNightModeOff=false; mComputedNightMode=false; mNightMode=1; uiMode=17
10-06 11:23:50.656  1902  2352 W MiuiInputKeyEventLog: keyCode:23 down:true eventTime:40910019 downTime:40910019 policyFlags:22000002 flags:48 metaState:0 deviceId:0 isScreenOn:true keyguardActive:false repeatCount:0
10-06 11:23:50.661  1902  2352 W MiuiInputKeyEventLog: keyCode:23 down:false eventTime:40910024 downTime:40910019 policyFlags:22000002 flags:48 metaState:0 deviceId:0 isScreenOn:true keyguardActive:false repeatCount:0
10-06 11:23:51.005  1902  1954 I SmartPower: com.xiaomi.discover/10128(30267): idle->background(5195ms) R(broadcast start Intent { act=android.intent.action.BATTERY_CHANGED flg=0x60000010 (has extras) }) adj=905.
10-06 11:23:51.007  1902  1954 I SmartPower: com.facebook.appmanager/10150(25236): idle->background(5197ms) R(broadcast start Intent { act=android.intent.action.BATTERY_CHANGED flg=0x60000010 (has extras) }) adj=905.
10-06 11:23:51.008  1902  1954 I SmartPower: com.microsoft.teams/10321(5841): idle->background(5194ms) R(broadcast start Intent { act=android.intent.action.BATTERY_CHANGED flg=0x60000010 (has extras) }) adj=905.
10-06 11:23:51.010  1902  1954 I SmartPower: com.miui.android.fashiongallery/10231(15309): idle->background(5195ms) R(broadcast start Intent { act=android.intent.action.BATTERY_CHANGED flg=0x60000010 (has extras) }) adj=955.
10-06 11:23:51.445  1902  2620 I SmartPower: com.google.android.gms.unstable/10175(23942): background->idle(3002ms) R(alarm start) adj=800.
10-06 11:23:51.446  1902  2620 I SmartPower: com.google.android.gms.ui/10175(16522): background->idle(3003ms) R(alarm start) adj=800.
10-06 11:23:51.446  1902  2620 I SmartPower: com.google.process.gservices/10175(22048): background->idle(3003ms) R(alarm start) adj=700.
10-06 11:23:51.446  1902  2620 I SmartPower: com.google.android.gms:snet/10175(17893): background->idle(3002ms) R(alarm start) adj=800.
10-06 11:23:51.446  1902  2620 I SmartPower: com.google.process.gapps/10175(7494): background->idle(3002ms) R(alarm start) adj=945.
10-06 11:23:51.688  1556  1556 I wificond: station_bandwidth: 
10-06 11:23:54.006  1902  2620 I SmartPower: com.xiaomi.discover/10128(30267): background->idle(3001ms) R(broadcast start Intent { act=android.intent.action.BATTERY_CHANGED flg=0x60000010 (has extras) }) adj=905.
10-06 11:23:54.008  1902  2620 I SmartPower: com.facebook.appmanager/10150(25236): background->idle(3001ms) R(broadcast start Intent { act=android.intent.action.BATTERY_CHANGED flg=0x60000010 (has extras) }) adj=905.
10-06 11:23:54.011  1902  2620 I SmartPower: com.microsoft.teams/10321(5841): background->idle(3003ms) R(broadcast start Intent { act=android.intent.action.BATTERY_CHANGED flg=0x60000010 (has extras) }) adj=905.
10-06 11:23:54.011  1902  2620 I SmartPower: com.miui.android.fashiongallery/10231(15309): background->idle(3001ms) R(broadcast start Intent { act=android.intent.action.BATTERY_CHANGED flg=0x60000010 (has extras) }) adj=955.
10-06 11:23:54.708  1556  1556 I wificond: station_bandwidth: 
10-06 11:23:55.930  1902 23265 W ProcessStats: Tracking association SourceState{10ab232 com.android.systemui/1000 BFgs #138781} whose proc state 4 is better than process ProcessState{ac6b350 com.google.android.apps.chromecast.app/10260 pkg=com.google.android.apps.chromecast.app} proc state 5 (22 skipped)
10-06 11:23:57.729  1556  1556 I wificond: station_bandwidth: 
10-06 11:23:58.715  1902  1902 D UiModeManager: updateConfigurationLocked: mDockState=0; mCarMode=false; mCar=false; mPowerSave=false; mOverrideNightModeOn=false; mOverrideNightModeOff=false; mComputedNightMode=false; mNightMode=1; uiMode=17
10-06 11:23:59.201  1902  1954 I SmartPower: com.xiaomi.discover/10128(30267): idle->background(5195ms) R(broadcast start Intent { act=android.intent.action.BATTERY_CHANGED flg=0x60000010 (has extras) }) adj=905.
10-06 11:23:59.202  1902  1954 I SmartPower: com.facebook.appmanager/10150(25236): idle->background(5194ms) R(broadcast start Intent { act=android.intent.action.BATTERY_CHANGED flg=0x60000010 (has extras) }) adj=905.
10-06 11:23:59.203  1902  1954 I SmartPower: com.microsoft.teams/10321(5841): idle->background(5192ms) R(broadcast start Intent { act=android.intent.action.BATTERY_CHANGED flg=0x60000010 (has extras) }) adj=905.
10-06 11:23:59.204  1902  1954 I SmartPower: com.miui.android.fashiongallery/10231(15309): idle->background(5193ms) R(broadcast start Intent { act=android.intent.action.BATTERY_CHANGED flg=0x60000010 (has extras) }) adj=955.
10-06 11:24:00.002  1902  2336 D AlarmManager: mBroadcastRefCount -> 1
10-06 11:24:00.006  1902  1902 D AlarmManager: mBroadcastRefCount -> 0
10-06 11:24:00.006  1902  1902 D AlarmManager: mPendingIntent -> null
10-06 11:24:00.748  1556  1556 I wificond: station_bandwidth: 
10-06 11:24:02.202  1902  2620 I SmartPower: com.xiaomi.discover/10128(30267): background->idle(3001ms) R(broadcast start Intent { act=android.intent.action.BATTERY_CHANGED flg=0x60000010 (has extras) }) adj=905.
10-06 11:24:02.203  1902  2620 I SmartPower: com.facebook.appmanager/10150(25236): background->idle(3001ms) R(broadcast start Intent { act=android.intent.action.BATTERY_CHANGED flg=0x60000010 (has extras) }) adj=905.
10-06 11:24:02.205  1902  2620 I SmartPower: com.microsoft.teams/10321(5841): background->idle(3002ms) R(broadcast start Intent { act=android.intent.action.BATTERY_CHANGED flg=0x60000010 (has extras) }) adj=905.
10-06 11:24:02.205  1902  2620 I SmartPower: com.miui.android.fashiongallery/10231(15309): background->idle(3001ms) R(broadcast start Intent { act=android.intent.action.BATTERY_CHANGED flg=0x60000010 (has extras) }) adj=955.
10-06 11:24:03.768  1556  1556 I wificond: station_bandwidth: 
10-06 11:24:06.796  1556  1556 I wificond: station_bandwidth: 
10-06 11:24:07.071  1902  2329 W ProcessStats: Tracking association SourceState{b813b1d com.miui.securitycenter.remote/1000 Fgs #138787} whose proc state 3 is better than process ProcessState{3bbc40b com.miui.analytics/10101 pkg=com.miui.analytics} proc state 5 (9 skipped)
10-06 11:24:07.166  1902  1947 D HeapUsage Monitor: HeapAllocSize : 86MB; monitorSize : 500MB
10-06 11:24:08.347  1902  1936 I WindowManager: rotation changed from 0 to 1 due ActivityRecord{d5ddd51 u0 com.android.chrome/org.chromium.chrome.browser.ChromeTabbedActivity t113}
10-06 11:24:08.347  1902  1936 I WindowManager: request=SCREEN_ORIENTATION_UNSPECIFIED sensor=ROTATION_90,true user=ROTATION_0, displayId=0
10-06 11:24:08.348  1902  1936 D WindowManager: Requesting StartTransition: TransitionRecord{9af4a36 id=243 type=CHANGE flags=0x0}
10-06 11:24:08.348  1902  1936 D WindowManager: Collecting in transition 243: Display{#0 state=ON size=1080x2400 ROTATION_0} init visibleRequested:true
10-06 11:24:08.349  1902  1936 D WindowManager: Collecting in transition 243: WallpaperWindowToken{b086f80 token=android.os.Binder@8a62403} init visibleRequested:false
10-06 11:24:08.349  1902  1936 D WindowManager: Collecting in transition 243: WallpaperWindowToken{c0d2fdb token=android.os.BinderProxy@7dc90ea} init visibleRequested:false
10-06 11:24:08.359  2983  3075 D MiuiFreeformModeController: onDisplayChange fromRotation: 0toRotation: 1 tasksInZorder: []
10-06 11:24:08.360 20613 20639 D MiuiFreeFormGuideTipController: removeFreeFormTipView type:0
10-06 11:24:08.361 20613 20639 D MiuiFreeFormGuideTipController: removeFreeFormTipView type:7
10-06 11:24:08.361 20613 20639 D MiuiFreeFormGuideTipController: removeFreeFormTipView type:3
10-06 11:24:08.362  1902 23266 D WindowManager: Set transition=TransitionRecord{9af4a36 id=243 type=CHANGE flags=0x0}, ready=false, SyncId=243 used=false, override=false, defer=0, states=
10-06 11:24:08.364  1902  1938 D TAG     : Remove previously redundant display event 0/2 to 10321/5841
10-06 11:24:08.364  1902  1938 D TAG     : Remove previously redundant display event 0/2 to 10365/7246
10-06 11:24:08.364  1902  1938 D TAG     : Remove previously redundant display event 0/2 to 10174/17750
10-06 11:24:08.364  1902  1938 D TAG     : Remove previously redundant display event 0/2 to 10118/17889
10-06 11:24:08.364  1902  1938 D TAG     : Remove previously redundant display event 0/2 to 10167/18736
10-06 11:24:08.364  1902  1938 D TAG     : Remove previously redundant display event 0/2 to 10071/18802
10-06 11:24:08.364  1902  1938 D TAG     : Remove previously redundant display event 0/2 to 10119/24694
10-06 11:24:08.364  1902  1938 D TAG     : Remove previously redundant display event 0/2 to 10150/25236
10-06 11:24:08.364  1902  1938 D TAG     : Remove previously redundant display event 0/2 to 6101/28041
10-06 11:24:08.369  1902 23266 I ActivityTaskManager: Config changes=20000480 {1.0 202mcc5mnc [en_US] ldltr sw393dp w791dp h359dp 440dpi nrml long widecg land finger -keyb/v/h -nav/h winConfig={ mBounds=Rect(0, 0 - 2400, 1080) mAppBounds=Rect(94, 0 - 2270, 1080) mMaxBounds=Rect(0, 0 - 2400, 1080) mDisplayRotation=ROTATION_90 mWindowingMode=fullscreen mDisplayWindowingMode=fullscreen mActivityType=undefined mAlwaysOnTop=undefined mRotation=ROTATION_90 mInSplitScreen=false letterBoxed=false foScaledfalse screenType=0} s.1832 fontWeightAdjustment=0/d/0 themeChanged=0 themeChangedFlags=0 extraData = Bundle[{}] screenType=0}
10-06 11:24:08.398  1902 23266 I WindowManager: Override config changes=20000480 {1.0 202mcc5mnc [en_US] ldltr sw393dp w791dp h359dp 440dpi nrml long widecg land finger -keyb/v/h -nav/h winConfig={ mBounds=Rect(0, 0 - 2400, 1080) mAppBounds=Rect(94, 0 - 2270, 1080) mMaxBounds=Rect(0, 0 - 2400, 1080) mDisplayRotation=ROTATION_90 mWindowingMode=fullscreen mDisplayWindowingMode=fullscreen mActivityType=undefined mAlwaysOnTop=undefined mRotation=ROTATION_90 mInSplitScreen=false letterBoxed=false foScaledfalse screenType=0} s.1832 fontWeightAdjustment=0/d/0 themeChanged=0 themeChangedFlags=0 extraData = Bundle[{}] screenType=0} for displayId=0
10-06 11:24:08.399  1902 23266 D WindowManager: rotation changed = 1
10-06 11:24:08.399  1902 23266 I ITouchFeature: current device and process support version:2
10-06 11:24:08.418  1902 23266 D WindowManager: Collecting in transition 243: Task{851fd8d #113 type=standard A=10190:com.android.chrome} init visibleRequested:true
10-06 11:24:08.424  1902 23266 D CompatibilityChangeReporter: Compat change id reported: 197654537; UID 10190; state: ENABLED
10-06 11:24:08.425  1902 23266 D CompatibilityChangeReporter: Compat change id reported: 184838306; UID 10190; state: DISABLED
10-06 11:24:08.425  1902 23266 D CompatibilityChangeReporter: Compat change id reported: 185004937; UID 10190; state: DISABLED
10-06 11:24:08.427  1902  1953 D MiuiMultiWindowRecommendHelper: displayConfigurationChange: configuration= {1.0 202mcc5mnc [en_US] ldltr sw393dp w791dp h359dp 440dpi nrml long widecg land finger -keyb/v/h -nav/h winConfig={ mBounds=Rect(0, 0 - 2400, 1080) mAppBounds=Rect(94, 0 - 2270, 1080) mMaxBounds=Rect(0, 0 - 2400, 1080) mDisplayRotation=ROTATION_90 mWindowingMode=fullscreen mDisplayWindowingMode=fullscreen mActivityType=undefined mAlwaysOnTop=undefined mRotation=ROTATION_90 mInSplitScreen=false letterBoxed=false foScaledfalse screenType=0} s.1832 fontWeightAdjustment=0/d/0 themeChanged=0 themeChangedFlags=0 extraData = Bundle[{}] screenType=0}
10-06 11:24:08.427  1902  1953 D MiuiMultiWindowRecommendHelper: orientationChange
10-06 11:24:08.427  1902  1953 D MiuiMultiWindowRecommendController:  removeFreeFormRecommendView mFreeFormRecommendLayout= null
10-06 11:24:08.427  1902  1953 D MiuiMultiWindowRecommendController:  removeSplitScreenRecommendView mSplitScreenRecommendLayout= null
10-06 11:24:08.428  1902 23266 D WindowManager: Set transition=TransitionRecord{9af4a36 id=243 type=CHANGE flags=0x0}, ready=true, SyncId=243 
10-06 11:24:08.436  1902 23266 I BLASTSyncEngine: SyncGroup 243:  Unfinished container:Task{851fd8d #113 type=standard A=10190:com.android.chrome}
10-06 11:24:08.436  1902 23266 I BLASTSyncEngine: isActivitySyncFinished isSyncFinished false Task{851fd8d #113 type=standard A=10190:com.android.chrome}
10-06 11:24:08.446  1902  1939 I BLASTSyncEngine: SyncGroup 243:  Unfinished container:Task{851fd8d #113 type=standard A=10190:com.android.chrome}
10-06 11:24:08.446  1902  1939 I BLASTSyncEngine: isActivitySyncFinished isSyncFinished false Task{851fd8d #113 type=standard A=10190:com.android.chrome}
10-06 11:24:08.450  2983  3075 D MiuiFreeformModeDisplayInfo:  onDisplayConfigurationChanged: displayId: 0 newConfig: {1.0 202mcc5mnc [en_US] ldltr sw393dp w791dp h359dp 440dpi nrml long widecg land finger -keyb/v/h -nav/h winConfig={ mBounds=Rect(0, 0 - 2400, 1080) mAppBounds=Rect(94, 0 - 2270, 1080) mMaxBounds=Rect(0, 0 - 2400, 1080) mDisplayRotation=ROTATION_90 mWindowingMode=fullscreen mDisplayWindowingMode=fullscreen mActivityType=undefined mAlwaysOnTop=undefined mRotation=ROTATION_90 mInSplitScreen=false letterBoxed=false foScaledfalse screenType=0} s.1832 fontWeightAdjustment=0/d/0 themeChanged=0 themeChangedFlags=0 extraData = Bundle[{}] screenType=0}
10-06 11:24:08.450  2983  3075 D SoScStageCoordinator: onDisplayConfigurationChanged mFoldedChanged:false
10-06 11:24:08.450  2983  3075 D SoScStageCoordinator:  newConfig:{1.0 202mcc5mnc [en_US] ldltr sw393dp w791dp h359dp 440dpi nrml long widecg land finger -keyb/v/h -nav/h winConfig={ mBounds=Rect(0, 0 - 2400, 1080) mAppBounds=Rect(94, 0 - 2270, 1080) mMaxBounds=Rect(0, 0 - 2400, 1080) mDisplayRotation=ROTATION_90 mWindowingMode=fullscreen mDisplayWindowingMode=fullscreen mActivityType=undefined mAlwaysOnTop=undefined mRotation=ROTATION_90 mInSplitScreen=false letterBoxed=false foScaledfalse screenType=0} s.1832 fontWeightAdjustment=0/d/0 themeChanged=0 themeChangedFlags=0 extraData = Bundle[{}] screenType=0}
10-06 11:24:08.450  2983  3075 D SoScStageCoordinator:  mConfigUpdateByFoldedChanged:{1.0 202mcc5mnc [en_US] ldltr sw393dp w393dp h791dp 440dpi nrml long widecg port finger -keyb/v/h -nav/h winConfig={ mBounds=Rect(0, 0 - 1080, 2400) mAppBounds=Rect(0, 94 - 1080, 2270) mMaxBounds=Rect(0, 0 - 1080, 2400) mDisplayRotation=ROTATION_0 mWindowingMode=fullscreen mDisplayWindowingMode=fullscreen mActivityType=undefined mAlwaysOnTop=undefined mRotation=ROTATION_0 mInSplitScreen=false letterBoxed=false foScaledfalse screenType=0} s.1717 fontWeightAdjustment=0/d/0 themeChanged=0 themeChangedFlags=0 extraData = Bundle[{}] screenType=0}
10-06 11:24:08.455  2983  3075 D MiuiFreeformModeController: avoidForInsetsBottomChangedIfNeed oldMoveableBottom: 1080 newMoveableBounds: 1080
10-06 11:24:08.455  2983  3075 D MiuiFullScreenTaskRepository: setFocusedTask taskId=113, displayId=0, topActivity=ComponentInfo{com.android.chrome/org.chromium.chrome.browser.ChromeTabbedActivity}
10-06 11:24:08.456  2983  3075 D MiuiFullScreenTaskRepository: addOrUpdateFullScreenTaskInfo taskId=113, topActivity=ComponentInfo{com.android.chrome/org.chromium.chrome.browser.ChromeTabbedActivity}
10-06 11:24:08.456  2983  3075 D MiuiFullScreenTaskRepository: addOrUpdateFullScreenTaskInfo taskId=111, topActivity=ComponentInfo{eu.europa.ec.euidi.dev/eu.europa.ec.assemblylogic.ui.MainActivity}
10-06 11:24:08.456  2983  3075 D MiuiFullScreenTaskRepository: addOrUpdateFullScreenTaskInfo taskId=1, topActivity=ComponentInfo{com.miui.home/com.miui.home.launcher.Launcher}
10-06 11:24:08.457  1902 23171 W PackageConfigPersister: App-specific configuration not found for packageName: com.android.chrome and userId: 0
10-06 11:24:08.459  2983  3075 I SoScStageTaskListener: onTaskInfoChanged taskInfo isVisible:false id:8 isFocused():false false
10-06 11:24:08.459  2983  3075 D SoScStageCoordinator: Side onSoScStatusChanged visible:false mVisible:false hasChildren:false mHasChildren:false isFocused:false mIsFocused:false mIngoreUpdateSoScVisibility:false mDividerVisible:false mSoScExit:false mIsExiting:false
10-06 11:24:08.460  2983  3075 I SoScStageTaskListener: onTaskInfoChanged taskInfo isVisible:false id:7 isFocused():false false
10-06 11:24:08.460  2983  3075 D SoScStageCoordinator: Main onSoScStatusChanged visible:false mVisible:false hasChildren:false mHasChildren:false isFocused:false mIsFocused:false mIngoreUpdateSoScVisibility:false mDividerVisible:false mSoScExit:false mIsExiting:false
10-06 11:24:08.461  2983  3075 I SoScStageCoordinator: onTaskInfoChanged configChanged:true mFoldedChanged:false visible:false
10-06 11:24:08.462  2983  3075 I SoScStageCoordinator: sendOnBoundsChanged rootBounds:Rect(0, 0 - 2400, 1080) leftOrTopStageBounds:Rect(0, 0 - 1186, 1080) rightOrBottomStageBounds:Rect(1214, 0 - 2400, 1080)
10-06 11:24:08.463  1902 23171 I BLASTSyncEngine: SyncGroup 243:  Unfinished container:Task{851fd8d #113 type=standard A=10190:com.android.chrome}
10-06 11:24:08.463  1902 23171 I BLASTSyncEngine: isActivitySyncFinished isSyncFinished false Task{851fd8d #113 type=standard A=10190:com.android.chrome}
10-06 11:24:08.472  1902  2697 I BLASTSyncEngine: SyncGroup 243:  Unfinished container:Task{851fd8d #113 type=standard A=10190:com.android.chrome}
10-06 11:24:08.472  1902  2697 I BLASTSyncEngine: isActivitySyncFinished isSyncFinished false Task{851fd8d #113 type=standard A=10190:com.android.chrome}
10-06 11:24:08.474  2983  3075 D MiuiFreeformModeController: avoidForInsetsBottomChangedIfNeed oldMoveableBottom: 1080 newMoveableBounds: 1080
10-06 11:24:08.482  1902  2772 I BLASTSyncEngine: SyncGroup 243:  Unfinished container:Task{851fd8d #113 type=standard A=10190:com.android.chrome}
10-06 11:24:08.482  1902  2772 I BLASTSyncEngine: isActivitySyncFinished isSyncFinished false Task{851fd8d #113 type=standard A=10190:com.android.chrome}
10-06 11:24:08.498  1902  2772 I BLASTSyncEngine: SyncGroup 243:  Unfinished container:Task{851fd8d #113 type=standard A=10190:com.android.chrome}
10-06 11:24:08.498  1902  2772 I BLASTSyncEngine: isActivitySyncFinished isSyncFinished false Task{851fd8d #113 type=standard A=10190:com.android.chrome}
10-06 11:24:08.499  1902 23257 W WindowManager: finishDrawingWindow: Window{760196f u0 com.android.chrome/org.chromium.chrome.browser.ChromeTabbedActivity} mDrawState=DRAW_PENDING
10-06 11:24:08.499  1902 23257 I WindowManager: finishDrawing of orientation change: Window{760196f u0 com.android.chrome/org.chromium.chrome.browser.ChromeTabbedActivity} 62ms
10-06 11:24:08.499  1902 23257 D WindowManager: wms.finishDrawingLocked: mDrawState=COMMIT_DRAW_PENDING Window{760196f u0 com.android.chrome/org.chromium.chrome.browser.ChromeTabbedActivity} in Surface(name=com.android.chrome/org.chromium.chrome.browser.ChromeTabbedActivity#3894)/@0x5c2d5bd
10-06 11:24:08.503  1902  1939 D WindowManager: Final targets: [Task{851fd8d #113 type=standard A=10190:com.android.chrome}, DefaultTaskDisplayArea@126197207, Display{#0 state=ON size=2400x1080 ROTATION_90}]
10-06 11:24:08.507  1902  1939 D WindowManager: Calling onTransitionReady info={id=243 t=CHANGE f=0x0 trk=0 r=[0@Point(0, 0)] c=[{WCT{RemoteToken{9837e84 Task{851fd8d #113 type=standard A=10190:com.android.chrome}}} m=CHANGE f=NONE p=WCT{RemoteToken{d052d80 DefaultTaskDisplayArea@126197207}} leash=Surface(name=Task=113#3884)/@0x14cdfbb sb=Rect(0, 0 - 1080, 2400) eb=Rect(0, 0 - 2400, 1080) d=0 r=0->1:0},{WCT{RemoteToken{d052d80 DefaultTaskDisplayArea@126197207}} m=CHANGE f=NONE p=WCT{RemoteToken{95e6ca8 Display{#0 state=ON size=2400x1080 ROTATION_90}}} leash=Surface(name=DefaultTaskDisplayArea#7)/@0xa7b0dbe sb=Rect(0, 0 - 1080, 2400) eb=Rect(0, 0 - 2400, 1080) d=0 r=0->1:-1},{WCT{RemoteToken{95e6ca8 Display{#0 state=ON size=2400x1080 ROTATION_90}}} m=CHANGE f=SHOW_WALLPAPER|IS_DISPLAY leash=Surface(name=WindowedMagnification:0:31#2)/@0xeb3057d sb=Rect(0, 0 - 1080, 2400) eb=Rect(0, 0 - 2400, 1080) d=0 r=0->1:-1 snapshot=Surface(name=RotationLayer#3912)/@0x83ea510}] noAni=[false] df=[false] mk=[true] nc=[0] oa=[false]}, mToken=Token{4033d37 TransitionRecord{9af4a36 id=243 type=CHANGE flags=0x0}}
10-06 11:24:08.509  1902  1939 I BLASTSyncEngine: finishNow: after onTransactionReady, mSyncId=243
10-06 11:24:08.515  1902 23257 W WindowManager: finishDrawingWindow: Window{760196f u0 com.android.chrome/org.chromium.chrome.browser.ChromeTabbedActivity} mDrawState=HAS_DRAWN
10-06 11:24:08.516  2983  3075 I MiuiWindowDecorViewModel: onRotationAnimationStart, mRotationAnimationRunning=true, oldRotation=0, newRotation=1
10-06 11:24:08.516  2983  3075 D MiuiFreeformAnimation: startAnimation change: {WCT{android.window.IWindowContainerToken$Stub$Proxy@35c2987} m=CHANGE f=NONE p=WCT{android.window.IWindowContainerToken$Stub$Proxy@84f00b4} leash=Surface(name=Task=113#3884)/@0x9058a1c sb=Rect(0, 0 - 1080, 2400) eb=Rect(0, 0 - 2400, 1080) d=0 r=0->1:0} info.getType(): 6
10-06 11:24:08.517  2983  3075 D MiuiFreeformAnimation: startAnimation change: {WCT{android.window.IWindowContainerToken$Stub$Proxy@b1254dd} m=CHANGE f=NONE p=WCT{android.window.IWindowContainerToken$Stub$Proxy@c97a852} leash=Surface(name=DefaultTaskDisplayArea#7)/@0x9075dab sb=Rect(0, 0 - 1080, 2400) eb=Rect(0, 0 - 2400, 1080) d=0 r=0->1:-1} info.getType(): 6
10-06 11:24:08.517  2983  3075 D MiuiFreeformAnimation: startAnimation change: {WCT{android.window.IWindowContainerToken$Stub$Proxy@347d723} m=CHANGE f=SHOW_WALLPAPER|IS_DISPLAY leash=Surface(name=WindowedMagnification:0:31#2)/@0x3ef2c08 sb=Rect(0, 0 - 1080, 2400) eb=Rect(0, 0 - 2400, 1080) d=0 r=0->1:-1 snapshot=Surface(name=RotationLayer#3912)/@0x2705fa1} info.getType(): 6
10-06 11:24:08.517  2983  3075 W MiuiTaskTransitionHandler: Receive an unknown transition, token=android.os.BinderProxy@53f0e97, type=6
10-06 11:24:08.520  2983  3075 D ScreenRotationAnimationImpl:  mAnimationType = 4 mIsLetterboxedForDisplayCutout = true
10-06 11:24:08.521  2983  3075 D ShellTransitions: mBackColorSurface init. mStartLuma = 0.9764706mEndLuma =  0.0
10-06 11:24:08.523  1902  1939 I BLASTSyncEngine: finishNow: after onTransactionReady, mSyncId=244
10-06 11:24:08.524  2983  3092 D ShellTransitions: speed ui!!!!!!!!!!!
10-06 11:24:08.524  2983  3075 I SoScStageTaskListener: onTaskInfoChanged taskInfo isVisible:false id:8 isFocused():false false
10-06 11:24:08.524  2983  3075 D SoScStageCoordinator: Side onSoScStatusChanged visible:false mVisible:false hasChildren:false mHasChildren:false isFocused:false mIsFocused:false mIngoreUpdateSoScVisibility:false mDividerVisible:false mSoScExit:false mIsExiting:false
10-06 11:24:08.524  2983  3075 I SoScStageTaskListener: onTaskInfoChanged taskInfo isVisible:false id:7 isFocused():false false
10-06 11:24:08.525  2983  3075 D SoScStageCoordinator: Main onSoScStatusChanged visible:false mVisible:false hasChildren:false mHasChildren:false isFocused:false mIsFocused:false mIngoreUpdateSoScVisibility:false mDividerVisible:false mSoScExit:false mIsExiting:false
10-06 11:24:08.529  2983  3075 I MiuiWindowDecorViewModel: onRotationAnimationEnd, mRotationAnimationRunning=false
10-06 11:24:08.529  2983  3075 D MiuiFreeformModeDisplayInfo: deal tasks avoid for rotation finished
10-06 11:24:08.529  2983  3075 D MiuiFreeformModeAvoidAlgorithm: begin autoOrderingAvoidMiniTask
10-06 11:24:08.529  1902 22715 W WindowManager: finishDrawingWindow: Window{db27a2 u0 NavigationBar0} mDrawState=DRAW_PENDING
10-06 11:24:08.530  1902 22715 I WindowManager: finishDrawing of orientation change: Window{db27a2 u0 NavigationBar0} 92ms
10-06 11:24:08.530  2983  3075 D MiuiFreeformModeAvoidAlgorithm: getCurrMiniPos: SameSideMiniPosList: []
10-06 11:24:08.530  2983  3075 D MiuiFreeformModeAvoidAlgorithm: getCurrMiniPos: SameSideMiniPosList: []
10-06 11:24:08.530  2983  3075 D MiuiFreeformModeAvoidAlgorithm: end autoOrderingAvoidMiniTask res:AvoidResult{distance=0, combination={}, activeTaskPos=Rect(0, 0 - 0, 0)}
10-06 11:24:08.530  2983  3075 D SoScUtils: monitorTransitionFinished transition:android.os.BinderProxy@53f0e97 transaction: android.view.SurfaceControl$Transaction@6bc8277 mRequestCloseTransition:null mRequestOpenTransition:null mPairsOpenTransition:null mPairsOpenTransitionNull:null mRequestOpenTriggerTask:-1 mRequestCloseTriggerTask:-1 mOrientationTransition: null mMainStartingTask:-1 mSideStartingTask:-1
10-06 11:24:08.694  2983  2983 E onWindowDecorRectChanged: start size:1
10-06 11:24:08.694  2983  2983 E onWindowDecorRectChanged: windowDecorRects: Rect(1114, 0 - 1285, 111)
10-06 11:24:08.729  1902 23257 W WindowManager: finishDrawingWindow: Window{db27a2 u0 NavigationBar0} mDrawState=HAS_DRAWN
10-06 11:24:08.758  1902  2772 W WindowManager: finishDrawingWindow: Window{81266ae u0 StatusBar} mDrawState=DRAW_PENDING
10-06 11:24:08.758  1902  2772 I WindowManager: finishDrawing of orientation change: Window{81266ae u0 StatusBar} 321ms
10-06 11:24:08.944  1902  1954 I SmartPower: com.miui.home/10085(3001): idle->background(37111ms) R(broadcast start Intent { act=android.intent.action.CONFIGURATION_CHANGED flg=0x70200010 }) adj=100.
10-06 11:24:08.950  1902  1954 I SmartPower: com.google.android.calendar/10192(25133): idle->background(615912ms) R(broadcast start Intent { act=android.intent.action.CONFIGURATION_CHANGED flg=0x70200010 }) adj=915.
10-06 11:24:09.819  1556  1556 I wificond: station_bandwidth: 
10-06 11:24:11.947  1902  2620 I SmartPower: com.miui.home/10085(3001): background->idle(3003ms) R(broadcast start Intent { act=android.intent.action.CONFIGURATION_CHANGED flg=0x70200010 }) adj=100.
10-06 11:24:11.951  1902  2620 I SmartPower: com.google.android.calendar/10192(25133): background->idle(3001ms) R(broadcast start Intent { act=android.intent.action.CONFIGURATION_CHANGED flg=0x70200010 }) adj=915.
10-06 11:24:12.850  1556  1556 I wificond: station_bandwidth: 
10-06 11:24:12.883  1902 23257 D PerfShielderService: com.android.systemui|StatusBar|353|40928135963746|228|3|3
10-06 11:24:12.885 22071  8546 W MiuiPerfServiceClient: interceptAndQueuing:2983|com.android.systemui|353|228|40928135963746|Slow handle traversal|3
10-06 11:24:15.093  1902  1902 D UiModeManager: updateConfigurationLocked: mDockState=0; mCarMode=false; mCar=false; mPowerSave=false; mOverrideNightModeOn=false; mOverrideNightModeOff=false; mComputedNightMode=false; mNightMode=1; uiMode=17
10-06 11:24:15.584  1902  1954 I SmartPower: com.xiaomi.discover/10128(30267): idle->background(13382ms) R(broadcast start Intent { act=android.intent.action.BATTERY_CHANGED flg=0x60000010 (has extras) }) adj=905.
10-06 11:24:15.587  1902  1954 I SmartPower: com.facebook.appmanager/10150(25236): idle->background(13384ms) R(broadcast start Intent { act=android.intent.action.BATTERY_CHANGED flg=0x60000010 (has extras) }) adj=905.
10-06 11:24:15.589  1902  1954 I SmartPower: com.microsoft.teams/10321(5841): idle->background(13384ms) R(broadcast start Intent { act=android.intent.action.BATTERY_CHANGED flg=0x60000010 (has extras) }) adj=905.
10-06 11:24:15.591  1902  1954 I SmartPower: com.miui.android.fashiongallery/10231(15309): idle->background(13386ms) R(broadcast start Intent { act=android.intent.action.BATTERY_CHANGED flg=0x60000010 (has extras) }) adj=955.
10-06 11:24:15.870  1556  1556 I wificond: station_bandwidth: 
10-06 11:24:15.998  1902  2772 D CompatibilityChangeReporter: Compat change id reported: 261072174; UID 10190; state: ENABLED
10-06 11:24:18.377  1902  2600 D GreezeManager:  triggerGMSLimitAction allow = truemGmsMultiUid = -1
10-06 11:24:18.435  1902 22715 W ProcessStats: Tracking association SourceState{b813b1d com.miui.securitycenter.remote/1000 Fgs #138790} whose proc state 3 is better than process ProcessState{3bbc40b com.miui.analytics/10101 pkg=com.miui.analytics} proc state 5 (8 skipped)
10-06 11:24:18.586  1902  2620 I SmartPower: com.xiaomi.discover/10128(30267): background->idle(3002ms) R(broadcast start Intent { act=android.intent.action.BATTERY_CHANGED flg=0x60000010 (has extras) }) adj=905.
10-06 11:24:18.588  1902  2620 I SmartPower: com.facebook.appmanager/10150(25236): background->idle(3001ms) R(broadcast start Intent { act=android.intent.action.BATTERY_CHANGED flg=0x60000010 (has extras) }) adj=905.
10-06 11:24:18.591  1902  2620 I SmartPower: com.microsoft.teams/10321(5841): background->idle(3002ms) R(broadcast start Intent { act=android.intent.action.BATTERY_CHANGED flg=0x60000010 (has extras) }) adj=905.
10-06 11:24:18.592  1902  2620 I SmartPower: com.miui.android.fashiongallery/10231(15309): background->idle(3002ms) R(broadcast start Intent { act=android.intent.action.BATTERY_CHANGED flg=0x60000010 (has extras) }) adj=955.
10-06 11:24:18.900  1556  1556 I wificond: station_bandwidth: 
10-06 11:24:21.924  1556  1556 I wificond: station_bandwidth: 
10-06 11:24:23.293  1902  1902 D UiModeManager: updateConfigurationLocked: mDockState=0; mCarMode=false; mCar=false; mPowerSave=false; mOverrideNightModeOn=false; mOverrideNightModeOff=false; mComputedNightMode=false; mNightMode=1; uiMode=17
10-06 11:24:23.781  1902  1954 I SmartPower: com.xiaomi.discover/10128(30267): idle->background(5195ms) R(broadcast start Intent { act=android.intent.action.BATTERY_CHANGED flg=0x60000010 (has extras) }) adj=905.
10-06 11:24:23.783  1902  1954 I SmartPower: com.facebook.appmanager/10150(25236): idle->background(5195ms) R(broadcast start Intent { act=android.intent.action.BATTERY_CHANGED flg=0x60000010 (has extras) }) adj=905.
10-06 11:24:23.785  1902  1954 I SmartPower: com.microsoft.teams/10321(5841): idle->background(5194ms) R(broadcast start Intent { act=android.intent.action.BATTERY_CHANGED flg=0x60000010 (has extras) }) adj=905.
10-06 11:24:23.787  1902  1954 I SmartPower: com.miui.android.fashiongallery/10231(15309): idle->background(5194ms) R(broadcast start Intent { act=android.intent.action.BATTERY_CHANGED flg=0x60000010 (has extras) }) adj=955.
10-06 11:24:24.945  1556  1556 I wificond: station_bandwidth: 
10-06 11:24:25.686  1902  2772 I SmartPower: com.google.android.googlequicksearchbox:googleapp/10188(10790): idle->background(59721ms) R(service unbind com.google.android.googlequicksearchbox/com.google.frameworks.client.data.android.server.tiktok.search.GoogleappProcessEndpointService) adj=0.
10-06 11:24:26.783  1902  2620 I SmartPower: com.xiaomi.discover/10128(30267): background->idle(3002ms) R(broadcast start Intent { act=android.intent.action.BATTERY_CHANGED flg=0x60000010 (has extras) }) adj=905.
10-06 11:24:26.784  1902  2620 I SmartPower: com.facebook.appmanager/10150(25236): background->idle(3001ms) R(broadcast start Intent { act=android.intent.action.BATTERY_CHANGED flg=0x60000010 (has extras) }) adj=905.
10-06 11:24:26.786  1902  2620 I SmartPower: com.microsoft.teams/10321(5841): background->idle(3001ms) R(broadcast start Intent { act=android.intent.action.BATTERY_CHANGED flg=0x60000010 (has extras) }) adj=905.
10-06 11:24:26.788  1902  2620 I SmartPower: com.miui.android.fashiongallery/10231(15309): background->idle(3001ms) R(broadcast start Intent { act=android.intent.action.BATTERY_CHANGED flg=0x60000010 (has extras) }) adj=955.
10-06 11:24:27.966  1556  1556 I wificond: station_bandwidth: 
10-06 11:24:28.692  1902  2620 I SmartPower: com.google.android.googlequicksearchbox:googleapp/10188(10790): background->idle(3005ms) R(service unbind com.google.android.googlequicksearchbox/com.google.frameworks.client.data.android.server.tiktok.search.GoogleappProcessEndpointService) adj=800.
10-06 11:24:30.988  1556  1556 I wificond: station_bandwidth: 
10-06 11:24:34.010  1556  1556 I wificond: station_bandwidth: 
10-06 11:24:37.041  1556  1556 I wificond: station_bandwidth: 
10-06 11:24:37.168  1902  1947 D HeapUsage Monitor: HeapAllocSize : 69MB; monitorSize : 500MB
10-06 11:24:40.063  1556  1556 I wificond: station_bandwidth: 
10-06 11:24:42.572  1902  2336 I SmartPower: com.google.android.gms.unstable/10175(23942): idle->background(51127ms) R(alarm start) adj=800.
10-06 11:24:42.573  1902  2336 I SmartPower: com.google.android.gms.ui/10175(16522): idle->background(51127ms) R(alarm start) adj=800.
10-06 11:24:42.573  1902  2336 I SmartPower: com.google.process.gservices/10175(22048): idle->background(51127ms) R(alarm start) adj=700.
10-06 11:24:42.574  1902  2336 I SmartPower: com.google.android.gms:snet/10175(17893): idle->background(51128ms) R(alarm start) adj=800.
10-06 11:24:42.574  1902  2336 I SmartPower: com.google.process.gapps/10175(7494): idle->background(51128ms) R(alarm start) adj=955.
10-06 11:24:42.575  1902  2336 D AlarmManager: mBroadcastRefCount -> 1
10-06 11:24:42.597  1902 22715 D AlarmManager: mBroadcastRefCount -> 0
10-06 11:24:42.597  1902 22715 D AlarmManager: mPendingIntent -> null
10-06 11:24:42.608  1902 22715 W ProcessStats: Tracking association SourceState{10ab232 com.android.systemui/1000 BFgs #138797} whose proc state 4 is better than process ProcessState{ac6b350 com.google.android.apps.chromecast.app/10260 pkg=com.google.android.apps.chromecast.app} proc state 5 (14 skipped)
10-06 11:24:43.087  1556  1556 I wificond: station_bandwidth: 
10-06 11:24:43.139  1902  2772 I SmartPower: com.google.android.apps.messaging/10181(22600): idle->background(81629ms) R(content provider start ContentProviderRecord{a7b3062 u0 com.google.android.apps.messaging/.shared.datamodel.provider.sharedstorage.SharedStorageProvider}) adj=200.
10-06 11:24:45.578  1902  2620 I SmartPower: com.google.android.gms.unstable/10175(23942): background->idle(3006ms) R(alarm start) adj=800.
10-06 11:24:45.578  1902  2620 I SmartPower: com.google.android.gms.ui/10175(16522): background->idle(3005ms) R(alarm start) adj=800.
10-06 11:24:45.578  1902  2620 I SmartPower: com.google.process.gservices/10175(22048): background->idle(3005ms) R(alarm start) adj=700.
10-06 11:24:45.578  1902  2620 I SmartPower: com.google.android.gms:snet/10175(17893): background->idle(3004ms) R(alarm start) adj=800.
10-06 11:24:45.579  1902  2620 I SmartPower: com.google.process.gapps/10175(7494): background->idle(3005ms) R(alarm start) adj=955.
10-06 11:24:46.112  1556  1556 I wificond: station_bandwidth: 
10-06 11:24:46.145  1902  2620 I SmartPower: com.google.android.apps.messaging/10181(22600): background->idle(3006ms) R(content provider start ContentProviderRecord{a7b3062 u0 com.google.android.apps.messaging/.shared.datamodel.provider.sharedstorage.SharedStorageProvider}) adj=200.
10-06 11:24:47.861  1902  1902 D UiModeManager: updateConfigurationLocked: mDockState=0; mCarMode=false; mCar=false; mPowerSave=false; mOverrideNightModeOn=false; mOverrideNightModeOff=false; mComputedNightMode=false; mNightMode=1; uiMode=17
10-06 11:24:48.352  1902  1954 I SmartPower: com.xiaomi.discover/10128(30267): idle->background(21569ms) R(broadcast start Intent { act=android.intent.action.BATTERY_CHANGED flg=0x60000010 (has extras) }) adj=905.
