10-09 15:17:56.969  1902 22704 D SystemServerTiming: finishUserUnlocking-0
10-09 15:17:56.970  1902 22704 D LockSettingsService: unlockUser finished
10-09 15:17:56.971  1902  2547 D BiometricDeferredQueue: Processing pending resetLockouts(Generic)
10-09 15:17:56.971  1902  2547 D BiometricDeferredQueue: Resetting biometric lockout for user: 0
10-09 15:17:56.972  1902  1939 I BLASTSyncEngine: SyncGroup 922:  Unfinished container:ActivityRecord{4a80c82 u0 com.android.chrome/org.chromium.chrome.browser.ChromeTabbedActivity t395}
10-09 15:17:56.972  1902  1939 I BLASTSyncEngine: isActivitySyncFinished isSyncFinished false ActivityRecord{4a80c82 u0 com.android.chrome/org.chromium.chrome.browser.ChromeTabbedActivity t395}
10-09 15:17:56.972  1902  2772 W WindowManager: finishDrawingWindow: Window{db510ef u0 SnapshotStartingWindow for taskId=395} mDrawState=DRAW_PENDING
10-09 15:17:56.975  2983 13918 W BpBinder: Slow Binder: BpBinder transact took 263 ms, interface=com.android.internal.widget.ILockSettings, code=9 oneway=false
10-09 15:17:56.977  2983  2983 E miui_keyguard_password: checkPasswordForUsers onChecked; result = true,isCancelled:false, mUserIdMatched = 0, mUserIdLocked: 0, mThrottleTimeout = 0
10-09 15:17:56.980  1902  1939 I SmartPower: com.android.chrome/10190(13000): invisible->visible(72ms) R(become visible) adj=0.
10-09 15:17:56.981  1902  2620 I SmartPower: com.google.android.adservices.api/10307(31554): idle->background(14354001ms) R(add to whitelist) adj=0.
10-09 15:17:56.981  1902  2620 I SmartPower: com.android.chrome:sandboxed_process0:org.chromium.content.app.SandboxedProcessSeridle->background(14351174ms) R(add to whitelist) adj=200.
10-09 15:17:56.981  1902  1939 W WindowManager: real show surface:Surface(name=SnapshotStartingWindow for taskId=395#14956)/@0xe8a645c
10-09 15:17:56.982  1902  2620 I SmartPower: com.android.chrome:sandboxed_process0:org.chromium.content.app.SandboxedProcessSeridle->background(14351173ms) R(add to whitelist) adj=200.
10-09 15:17:56.982  1902  2620 I SmartPower: com.android.chrome:sandboxed_process0:org.chromium.content.app.SandboxedProcessSeridle->background(14354137ms) R(add to whitelist) adj=250.
10-09 15:17:56.982  1902  1939 D WindowManager: Final targets: [Task{ace6ece #395 type=standard A=10190:com.android.chrome}, DefaultTaskDisplayArea@126197207, WallpaperWindowToken{c1b367d token=android.os.BinderProxy@48de4d4}]
10-09 15:17:56.987  1902  1939 D WindowManager: Calling onTransitionReady info={id=922 t=TO_BACK f=0x108 trk=0 r=[0@Point(0, 0)] c=[{WCT{RemoteToken{45f8ea9 Task{ace6ece #395 type=standard A=10190:com.android.chrome}}} m=TO_FRONT f=NONE p=WCT{RemoteToken{d052d80 DefaultTaskDisplayArea@126197207}} leash=Surface(name=Task=395#14802)/@0x421ddc4 sb=Rect(0, 0 - 1080, 2400) eb=Rect(0, 0 - 1080, 2400) d=0},{WCT{RemoteToken{d052d80 DefaultTaskDisplayArea@126197207}} m=TO_FRONT f=NONE leash=Surface(name=DefaultTaskDisplayArea#7)/@0xa7b0dbe sb=Rect(0, 0 - 1080, 2400) eb=Rect(0, 0 - 1080, 2400) d=0},{null m=TO_BACK f=IS_WALLPAPER leash=Surface(name=WallpaperWindowToken{c1b367d token=android.os.BinderProxy@48de4d4}#6790)/@0xd4e7a40 sb=Rect(0, 0 - 1080, 2400) eb=Rect(0, 0 - 1080, 2400) d=0}] noAni=[false] df=[false] mk=[true] nc=[0] oa=[false]}, mToken=Token{7d3f492 TransitionRecord{24a4064 id=922 type=TO_BACK flags=0x108}}
10-09 15:17:56.988  1902  1939 I BLASTSyncEngine: finishNow: after onTransactionReady, mSyncId=922
10-09 15:17:56.988  1902  2547 D BiometricService: resetLockout(userId=0, hat=present)
10-09 15:17:56.989  1902  1902 D MBrainLocalService: isVendorFreezeConditionPass is false
10-09 15:17:56.989  1902  1902 E MBrainLocalService: notifyAppSwitch failed
10-09 15:17:56.990  2983  3075 D KeyguardService: Starts IRemoteAnimationRunner: info={id=922 t=TO_BACK f=0x108 trk=0 r=[0@Point(0, 0)] c=[{WCT{android.window.IWindowContainerToken$Stub$Proxy@e00bedc} m=TO_FRONT f=NONE p=WCT{android.window.IWindowContainerToken$Stub$Proxy@aa07be5} leash=Surface(name=Task=395#14802)/@0x19dd7b0 sb=Rect(0, 0 - 1080, 2400) eb=Rect(0, 0 - 1080, 2400) d=0},{WCT{android.window.IWindowContainerToken$Stub$Proxy@432b6ba} m=TO_FRONT f=NONE leash=Surface(name=DefaultTaskDisplayArea#7)/@0xa0ca629 sb=Rect(0, 0 - 1080, 2400) eb=Rect(0, 0 - 1080, 2400) d=0},{null m=TO_BACK f=IS_WALLPAPER leash=Surface(name=WallpaperWindowToken{c1b367d token=android.os.BinderProxy@48de4d4}#6790)/@0xeb96dae sb=Rect(0, 0 - 1080, 2400) eb=Rect(0, 0 - 1080, 2400) d=0}] noAni=[false] df=[false] mk=[true] nc=[0] oa=[false]}
10-09 15:17:56.995  2983  3075 D MiuiFreeformAnimation: updateFreeformForUnhandledTransition change: {WCT{android.window.IWindowContainerToken$Stub$Proxy@e00bedc} m=TO_FRONT f=NONE p=WCT{android.window.IWindowContainerToken$Stub$Proxy@aa07be5} leash=Surface(name=Task=395#14802)/@0x19dd7b0 sb=Rect(0, 0 - 1080, 2400) eb=Rect(0, 0 - 1080, 2400) d=0} miuiFreeformModeTaskInfo: null
10-09 15:17:56.996  2983  3075 D MiuiFullScreenTaskRepository: setFocusedTask taskId=395, displayId=0, topActivity=ComponentInfo{com.android.chrome/org.chromium.chrome.browser.ChromeTabbedActivity}
10-09 15:17:56.996  2983  3075 D MiuiFullScreenTaskRepository: addOrUpdateFullScreenTaskInfo taskId=395, topActivity=ComponentInfo{com.android.chrome/org.chromium.chrome.browser.ChromeTabbedActivity}
10-09 15:17:57.040 13000 13000 W Activity: PerfMonitor: Slow Operation: Activity com.android.chrome/org.chromium.chrome.browser.ChromeTabbedActivity onStart took 129ms
10-09 15:17:57.041  1902  3385 D CoreBackPreview: Window{4e313fd u0 com.android.chrome/org.chromium.chrome.browser.ChromeTabbedActivity}: Setting back callback OnBackInvokedCallbackInfo{mCallback=android.window.IOnBackInvokedCallback$Stub$Proxy@7e8f124, mPriority=0, mIsAnimationCallback=true}
10-09 15:17:57.060  1902  2620 I SmartPower: com.google.android.inputmethod.latin/10196(22721): background->idle(3002ms) R(broadcast start Intent { act=android.intent.action.SCREEN_ON flg=0x50200010 }) adj=100.
10-09 15:17:57.081  1902  1958 I ExtM    : zram userate is low, no need to flush: 19
10-09 15:17:57.091  2983  4013 D MiuiFreeformModeObserver: activityResumed() intent Intent { cmp=com.android.chrome/org.chromium.chrome.browser.ChromeTabbedActivity (has extras) }
10-09 15:17:57.109  1902  3385 I WindowManager: Relayout Window{4e313fd u0 com.android.chrome/org.chromium.chrome.browser.ChromeTabbedActivity}: oldVis=8 newVis=0 focusMayChange = true requestedWidth = 1080 requestedHeight = 2400 outFrames = ClientWindowFrames{frame=[0,0][1080,2400] display=[0,0][1080,2400] parentFrame=[0,0][0,0]} outSurfaceControl = Surface(name=com.android.chrome/org.chromium.chrome.browser.ChromeTabbedActivity#14961)/@0x4a5aca8
10-09 15:17:57.144  1902 22704 D CompatibilityChangeReporter: Compat change id reported: 161145287; UID 1000; state: ENABLED
10-09 15:17:57.145  1902 22704 D CompatibilityChangeReporter: Compat change id reported: 161145287; UID 1000; state: DISABLED
10-09 15:17:57.158  1902  2620 I SmartPower: com.xiaomi.simactivate.service/10148(31844): background->idle(3000ms) R(broadcast start Intent { act=android.intent.action.SCREEN_ON flg=0x50200010 }) adj=905.
10-09 15:17:57.160  1902  2620 I SmartPower: com.mi.globalminusscreen/10076(31794): background->idle(3001ms) R(broadcast start Intent { act=android.intent.action.SCREEN_ON flg=0x50200010 }) adj=905.
10-09 15:17:57.194  1902  2620 I SmartPower: com.xiaomi.glgm/10132(5492): background->idle(3000ms) R(broadcast start Intent { act=android.intent.action.SCREEN_ON flg=0x50200010 }) adj=905.
10-09 15:17:57.272  1556  1556 I wificond: station_bandwidth: 
10-09 15:17:57.287  1902 22704 W WindowManager: finishDrawingWindow: Window{4e313fd u0 com.android.chrome/org.chromium.chrome.browser.ChromeTabbedActivity} mDrawState=DRAW_PENDING
10-09 15:17:57.287  1902 22704 D WindowManager: wms.finishDrawingLocked: mDrawState=COMMIT_DRAW_PENDING Window{4e313fd u0 com.android.chrome/org.chromium.chrome.browser.ChromeTabbedActivity} in Surface(name=com.android.chrome/org.chromium.chrome.browser.ChromeTabbedActivity#14961)/@0xcbafccb
10-09 15:17:57.288  1902  1939 D TaskSnapshot_Helper: shouldDelay()... Not launched by home, no delay needed.
10-09 15:17:57.289  1902  1939 W WindowManager: real show surface:Surface(name=com.android.chrome/org.chromium.chrome.browser.ChromeTabbedActivity#14961)/@0xcbafccb
10-09 15:17:57.299  1902  2620 I SmartPower: com.google.android.apps.messaging/10181(28276): background->idle(3001ms) R(content provider start ContentProviderRecord{f329b53 u0 com.google.android.apps.messaging/.shared.datamodel.provider.sharedstorage.SharedStorageProvider}) adj=200.
10-09 15:17:57.359  1902  2612 D SchedBoost: stopBoostInternal
10-09 15:17:57.404  1902  1939 D WindowManager: setParent old=ActivityRecord{4a80c82 u0 com.android.chrome/org.chromium.chrome.browser.ChromeTabbedActivity t395},new=null,this window=Window{db510ef u0 SnapshotStartingWindow for taskId=395},callers=com.android.server.wm.WindowContainer.removeChild:840 com.android.server.wm.ActivityRecord.removeChild:5227 com.android.server.wm.ActivityRecord.removeChild:470 com.android.server.wm.WindowContainer.removeImmediately:898 com.android.server.wm.WindowState.removeImmediately:2538 com.android.server.wm.WindowState.destroySurface:3654 
10-09 15:17:57.520  2983  2983 D MiuiFastUnlockController: setWallPaperAsTarget asTarget=false
10-09 15:17:57.520  1902 22704 I WindowManager: setWallpaperAsTarget asTarget=false
10-09 15:17:57.524  2983  3794 I KeyguardSensorInjector: unregister large area touch sensor
10-09 15:17:57.529  2983  3075 D OneHandedController: stopOneHanded state is 0
10-09 15:17:57.555  2983  2983 D KeyguardService: Finish IRemoteAnimationRunner.
10-09 15:17:57.555  1902  1902 D BiometricService: Sensor ID(0), oemStrength: 15, updatedStrength: 15, modality 2, state: 0, cookie: 0, sensorId 0, hasEnrollments: false cannot participate in Keystore operations
10-09 15:17:57.555  2983  3075 D SoScUtils: monitorTransitionFinished transition:android.os.BinderProxy@ff54b44 transaction: android.view.SurfaceControl$Transaction@363c5ff mRequestCloseTransition:null mRequestOpenTransition:null mPairsOpenTransition:null mPairsOpenTransitionNull:null mRequestOpenTriggerTask:-1 mRequestCloseTriggerTask:-1 mOrientationTransition: null mMainStartingTask:-1 mSideStartingTask:-1
10-09 15:17:57.556   691  9880 I keystore2: system/security/keystore2/src/authorization.rs:143 - on_lock_screen_event(r#UNLOCK, user_id=0, password.is_some()=false, unlocking_sids=Some([]))
10-09 15:17:57.562  1902  2772 W WindowManager: Changing focus from Window{713d2d6 u0 NotificationShade} to Window{4e313fd u0 com.android.chrome/org.chromium.chrome.browser.ChromeTabbedActivity} displayId=0 Callers=com.android.server.wm.RootWindowContainer.updateFocusedWindowLocked:557 com.android.server.wm.WindowManagerService.updateFocusedWindowLocked:6962 com.android.server.wm.WindowManagerService.relayoutWindow:2951 com.android.server.wm.Session.relayout:266 
10-09 15:17:57.563  1902  2772 I WindowManager: cancelAnimation removed leash : Surface(name=Surface(name=81266ae StatusBar#86)/@0xb48dfdc - animation-leash of insets_animation#14953)/@0x96ed8d4
10-09 15:17:57.565  1902  2772 I WindowManager: cancelAnimation removed leash : Surface(name=Surface(name=db27a2 NavigationBar0#82)/@0xc1acbf0 - animation-leash of insets_animation#14954)/@0xeea8d72
10-09 15:17:57.567  1902  2772 D WindowManager: wms.Input focus has changed to Window{4e313fd u0 com.android.chrome/org.chromium.chrome.browser.ChromeTabbedActivity} display=0 updateInputWindows = true
10-09 15:17:57.567  1902  2772 I MultiSenceManagerInternalStub: getInstance
10-09 15:17:57.578  1902  1938 D MiuiPaperContrastOverlayStubImpl: Update paper-mode, param is true
10-09 15:17:57.581  1902  1953 D MiuiFreeformOneTrackManager: aready bound
10-09 15:17:57.583  1902  1902 I DarkModeTimeModeManager:  onReceive: action = android.intent.action.USER_PRESENT
10-09 15:17:57.583  1902  3385 D SystemServerTiming: getUserSwitchability-0
10-09 15:17:57.583  1902  3385 D SystemServerTiming: TM.isInCall
10-09 15:17:57.583  1902  1902 I DarkModeTimeModeManager: not get suggest from cloud
10-09 15:17:57.584  1902  3385 D SystemServerTiming: hasUserRestriction-DISALLOW_USER_SWITCH
10-09 15:17:57.584  1902  3385 D SystemServerTiming: getInt-ALLOW_USER_SWITCHING_WHEN_SYSTEM_USER_LOCKED
10-09 15:17:57.584  1902  3385 D SystemServerTiming: isUserUnlocked-USER_SYSTEM
10-09 15:17:57.584 22183 22183 D miui.face.FaceService: lock screen passed
10-09 15:17:57.589  1902  1902 D MBrainLocalService: isVendorFreezeConditionPass is false
10-09 15:17:57.589  1902  1902 E ScreenIntentReceiver: notifyChange failed
10-09 15:17:57.591  1902  2776 D MiuiFreeFormManagerService: getAllFreeFormStackInfosOnDisplay list=0
10-09 15:17:57.596 24698 25032 D PowerKeeper.AppStandby: disable standby chain
10-09 15:17:57.627  1902  2776 W PackageConfigPersister: App-specific configuration not found for packageName: com.android.chrome and userId: 0
10-09 15:17:57.745  1902  2620 I SmartPower: com.miui.home/10085(3001): background->idle(3001ms) R(broadcast start Intent { act=com.android.systemui.fsgesture flg=0x14000010 (has extras) }) adj=100.
10-09 15:17:58.113 29223 15680 I Ad      : isPersonalizedAdEnabled getAdSettings: 3
10-09 15:17:58.127  1902  2776 D PackageManager: set app component=ComponentInfo{com.google.android.gms/com.google.android.gms.nearby.mediums.nearfieldcommunication.NfcAdvertisingService} enabled state: 1 from com.google.android.gms,uid=10175,pid=15337
10-09 15:17:58.136  1902 22704 I SmartPower: com.google.process.gservices/10175(22048): idle->background(1722672ms) R(content provider start ContentProviderRecord{15adf8b u0 com.google.android.gsf/.gservices.GservicesProvider}) adj=250.
10-09 15:17:58.566  1902  2612 I ProcessManager: getRenderThreadTidByPid, caller=1902
10-09 15:17:58.567  1902 10935 W MIUIInput: Input event injection from package: com.android.systemui action ACTION_DOWN keycode 3
10-09 15:17:58.567  1902 10935 W MiuiInputKeyEventLog: keyCode:3 down:true eventTime:97761682 downTime:97761682 policyFlags:2b000002 flags:80000048 metaState:0 deviceId:-1 isScreenOn:true keyguardActive:false repeatCount:0
10-09 15:17:58.570  1902 10935 D VibratorManagerService: Starting vibrate for vibration 1093
10-09 15:17:58.571  1902 10935 D VibratorManagerServiceImpl: attrs = VibrationAttributes: Usage=TOUCH Audio Usage= USAGE_UNKNOWN Flags=0, attrs.usage = 18
10-09 15:17:58.573  1902 10935 E VibratorManagerServiceImpl: skipandroid.os.RemoteException: Method setUsageExt is unimplemented.
10-09 15:17:58.578  2983  3075 D MiuiFreeformModeObserver: handleFreeFormReceiver intent=Intent { act=com.miui.fullscreen_state_change flg=0x10 (has extras) } ,action=com.miui.fullscreen_state_change
10-09 15:17:58.578  2983  3075 D MiuiFreeformModeObserver: ACTION_FULLSCREEN_STATE_CHANGE stateName: toHome
10-09 15:17:58.578  2983  3075 D MiuiFreeformModeController: allFreeformFromFreeformToMini
10-09 15:17:58.646  1902 10935 D VibratorManagerService: Vibration 1093 on vibrator 0 complete, notifying thread
10-09 15:17:58.646  1902  2334 D VibratorManagerService: Vibration 1093 finished with EndInfo{status=FINISHED, endedBy=null}
10-09 15:17:58.646  1902  2334 D VibratorManagerService: Reporting vibration 1093 finished with EndInfo{status=FINISHED, endedBy=null}
10-09 15:17:58.647  1902  2334 D VibratorManagerService: Vibration for uid=1000 and with attrs=VibrationAttributes: Usage=TOUCH Audio Usage= USAGE_UNKNOWN Flags=0 ended with status FINISHED
10-09 15:17:58.647  1902  2334 D VibratorManagerService: VibrationThread released after finished vibration
10-09 15:17:58.647  1902  2334 D VibratorManagerService: Processing VibrationThread released callback
10-09 15:17:58.653  1902 10935 W MIUIInput: Input event injection from package: com.android.systemui action ACTION_UP keycode 3
10-09 15:17:58.653  1902 10935 W MiuiInputKeyEventLog: keyCode:3 down:false eventTime:97761769 downTime:97761682 policyFlags:2b000002 flags:80000048 metaState:0 deviceId:-1 isScreenOn:true keyguardActive:false repeatCount:0
10-09 15:17:58.653  1902  2351 E MiuiInputKeyEventLog: before go to home
10-09 15:17:58.660  1902  2612 D SchedBoost: startBoostInternal 1000
10-09 15:17:58.663  1902 10935 D PerfShielderService: com.android.systemui|com.android.systemui-Nav-831445295|105|97760808347288|105|0|1
10-09 15:17:58.667  1902  2351 I SmartPower: com.miui.home/10085(3001): idle->invisible(922ms) R(become foreground) adj=100.
10-09 15:17:58.667  1902  2351 D WindowManager: Collecting in transition 923: ActivityRecord{2c76203 u0 com.miui.home/.launcher.Launcher init visibleRequested:false
10-09 15:17:58.667 22071 22119 W MiuiPerfServiceClient: interceptAndQueuing:2983|com.android.systemui|105|105|97760808347288|Slow main thread|1
10-09 15:17:58.667  1902  2351 D MiuiFreeFormManagerService: activeOrFullscreenFreeformTaskIfNeed startDefaultAr:false
10-09 15:17:58.670  1902  2351 D WindowManagerService: checkFlipFullScreenChange is same, nowIsFullScreen = false
10-09 15:17:58.671  1902  2351 W WindowManager: Changing focus from Window{4e313fd u0 com.android.chrome/org.chromium.chrome.browser.ChromeTabbedActivity} to null displayId=0 Callers=com.android.server.wm.RootWindowContainer.updateFocusedWindowLocked:557 com.android.server.wm.WindowManagerService.updateFocusedWindowLocked:6962 com.android.server.wm.ActivityTaskManagerService.setLastResumedActivityUncheckLocked:5565 com.android.server.wm.ActivityRecord.moveFocusableActivityToTop:4045 
10-09 15:17:58.671  1902  2351 D WindowManager: wms.Input focus has changed to null display=0 updateInputWindows = true
10-09 15:17:58.671  1902  2351 I MultiSenceManagerInternalStub: getInstance
10-09 15:17:58.672  1902  2351 D WindowManager: setLockTaskAuth: task=Task{5645cf #2 type=home I=com.miui.home/.launcher.Launcher} mLockTaskAuth=LOCK_TASK_AUTH_PINNABLE
10-09 15:17:58.676  1902  2351 D WindowManager: Collecting in transition 923: ActivityRecord{2c76203 u0 com.miui.home/.launcher.Launcher t-1} init visibleRequested:false
10-09 15:17:58.676  1902  2351 D WindowManager: Requesting StartTransition: TransitionRecord{13d580 id=923 type=OPEN flags=0x0}
10-09 15:17:58.678  1902  2351 I ActivityTaskManager: START u0 {act=android.intent.action.MAIN cat=[android.intent.category.HOME] flg=0x10000100 cmp=com.miui.home/.launcher.Launcher (has extras)} with LAUNCH_SINGLE_TASK from uid 0 callers: com.android.server.wm.RootWindowContainer.lambda$startHomeOnDisplay$11:1548 com.android.server.wm.RootWindowContainer.$r8$lambda$zDbqLY8yVs2-CTsfHP7FhguhRoM:0 com.android.server.wm.RootWindowContainer$$ExternalSyntheticLambda5.apply:16 com.android.server.wm.TaskDisplayArea.reduceOnAllTaskDisplayAreas:520  (BAL_ALLOW_ALLOWLISTED_UID) result code=2
10-09 15:17:58.678  2983  3075 I SoScUtils: monitorTransitionRequest mRequestOpenTransition:null mRequestOpenTriggerTask:-1 mRequestCloseTransition:null mRequestCloseTriggerTask:-1 mRequestCloseStageType:-1
10-09 15:17:58.680  1902  4160 D WindowManager: Set transition=TransitionRecord{13d580 id=923 type=OPEN flags=0x0}, ready=false, SyncId=923 used=true, override=false, defer=0, states=Display{#0 state=ON size=1080x2400 ROTATION_0}:false
10-09 15:17:58.681  2983  3075 D OneHandedController: stopOneHanded state is 0
10-09 15:17:58.681  2983  3075 D MiuiFullScreenTaskRepository: removeFocusedTask displayId=0
10-09 15:17:58.681  2983  3075 D MiuiFullScreenTaskRepository: addOrUpdateFullScreenTaskInfo taskId=395, topActivity=ComponentInfo{com.android.chrome/org.chromium.chrome.browser.ChromeTabbedActivity}
10-09 15:17:58.681  2983  3075 D WindowManagerShell: onActivityRestartAttempt: ComponentInfo{com.miui.home/com.miui.home.launcher.Launcher}
10-09 15:17:58.681  2983  3075 D MiuiFullScreenTaskRepository: setFocusedTask taskId=1, displayId=0, topActivity=ComponentInfo{com.miui.home/com.miui.home.launcher.Launcher}
10-09 15:17:58.681  2983  3075 D MiuiFullScreenTaskRepository: addOrUpdateFullScreenTaskInfo taskId=1, topActivity=ComponentInfo{com.miui.home/com.miui.home.launcher.Launcher}
10-09 15:17:58.681  2983  3075 D MiuiDesktopModeController: onFocusTaskChanged newFocus: TaskInfo{userId=0 taskId=1 displayId=0 isRunning=true baseIntent=Intent { act=android.intent.action.MAIN cat=[android.intent.category.HOME] flg=0x10000100 cmp=com.miui.home/.launcher.Launcher } baseActivity=ComponentInfo{com.miui.home/com.miui.home.launcher.Launcher} topActivity=ComponentInfo{com.miui.home/com.miui.home.launcher.Launcher} origActivity=null realActivity=null numActivities=1 lastActiveTime=70262 supportsSplitScreenMultiWindow=true supportsMultiWindow=true resizeMode=2 isResizeable=true minWidth=-1 minHeight=-1 defaultMinSize=200 token=WCT{android.window.IWindowContainerToken$Stub$Proxy@4e1b64f} topActivityType=2 pictureInPictureParams=null shouldDockBigOverlays=false launchIntoPipHostTaskId=-1 lastParentTaskIdBeforePip=-1 displayCutoutSafeInsets=Rect(0, 94 - 0, 0) topActivityInfo=ActivityInfo{9c0e1dc com.miui.home.launcher.Launcher} launchCookies=[] positionInParent=Point(0, 0) parentTaskId=-1 isFocused=true isVisible=false isVisibleRequested=false isSleeping=false topActivityInSizeCompat=false topActivityEligibleForLetterboxEducation= false topActivityLetterboxed= false isFromDoubleTap= false topActivityLetterboxVerticalPosition= -1 topActivityLetterboxHorizontalPosition= -1 topActivityLetterboxWidth=-1 topActivityLetterboxHeight=-1 locusId=null displayAreaFeatureId=1 cameraCompatControlState=hidden mIsCastMode=false mTopActivityMediaSize=null mTopActivityRecordName=ActivityRecord{3754c30 u0 com.miui.home/.launcher.Launcher t2} mTopActivityOrientation=-2 mTopActivityWindowIsNowVisible=false isTranslucent=true isEmbedded=false shouldBeVisible=true isImmersive=false mBehindAppLockPkg=null mOriginatingUid=0}
10-09 15:17:58.681  2983  3075 D MiuiFreeformModeController: onFocusTaskChanged taskInfo: TaskInfo{userId=0 taskId=1 displayId=0 isRunning=true baseIntent=Intent { act=android.intent.action.MAIN cat=[android.intent.category.HOME] flg=0x10000100 cmp=com.miui.home/.launcher.Launcher } baseActivity=ComponentInfo{com.miui.home/com.miui.home.launcher.Launcher} topActivity=ComponentInfo{com.miui.home/com.miui.home.launcher.Launcher} origActivity=null realActivity=null numActivities=1 lastActiveTime=70262 supportsSplitScreenMultiWindow=true supportsMultiWindow=true resizeMode=2 isResizeable=true minWidth=-1 minHeight=-1 defaultMinSize=200 token=WCT{android.window.IWindowContainerToken$Stub$Proxy@4e1b64f} topActivityType=2 pictureInPictureParams=null shouldDockBigOverlays=false launchIntoPipHostTaskId=-1 lastParentTaskIdBeforePip=-1 displayCutoutSafeInsets=Rect(0, 94 - 0, 0) topActivityInfo=ActivityInfo{9c0e1dc com.miui.home.launcher.Launcher} launchCookies=[] positionInParent=Point(0, 0) parentTaskId=-1 isFocused=true isVisible=false isVisibleRequested=false isSleeping=false topActivityInSizeCompat=false topActivityEligibleForLetterboxEducation= false topActivityLetterboxed= false isFromDoubleTap= false topActivityLetterboxVerticalPosition= -1 topActivityLetterboxHorizontalPosition= -1 topActivityLetterboxWidth=-1 topActivityLetterboxHeight=-1 locusId=null displayAreaFeatureId=1 cameraCompatControlState=hidden mIsCastMode=false mTopActivityMediaSize=null mTopActivityRecordName=ActivityRecord{3754c30 u0 com.miui.home/.launcher.Launcher t2} mTopActivityOrientation=-2 mTopActivityWindowIsNowVisible=false isTranslucent=true isEmbedded=false shouldBeVisible=true isImmersive=false mBehindAppLockPkg=null mOriginatingUid=0}
10-09 15:17:58.700  1902  4160 D WindowManager: Collecting in transition 923: ActivityRecord{3754c30 u0 com.miui.home/.launcher.Launcher t2} init visibleRequested:false
10-09 15:17:58.700  1902  4160 E Transition: Trying to add a ready-group twice: Display{#0 state=ON size=1080x2400 ROTATION_0}
10-09 15:17:58.701  1902  4160 D WindowManagerService: checkFlipFullScreenChange is same, nowIsFullScreen = false
10-09 15:17:58.703  1902  4160 D WindowManager: Collecting in transition 923: ActivityRecord{4a80c82 u0 com.android.chrome/org.chromium.chrome.browser.ChromeTabbedActivity t395} init visibleRequested:true
10-09 15:17:58.713  1902  4160 D WindowManager: Collecting in transition 923: ActivityRecord{3754c30 u0 com.miui.home/.launcher.Launcher t2} init visibleRequested:true
10-09 15:17:58.713  1902  4160 D WindowManager: Set transition=TransitionRecord{13d580 id=923 type=OPEN flags=0x0}, ready=true, SyncId=923 
10-09 15:17:58.718  1902  4160 I BLASTSyncEngine: SyncGroup 923:  Unfinished container:ActivityRecord{3754c30 u0 com.miui.home/.launcher.Launcher t2}
10-09 15:17:58.719  1902  4160 I BLASTSyncEngine: isActivitySyncFinished isSyncFinished false ActivityRecord{3754c30 u0 com.miui.home/.launcher.Launcher t2}
10-09 15:17:58.722  1902  1951 D ATMSImpl: Begin to report package foreground events...
10-09 15:17:58.723  1902  4160 D SchedBoost: com.miui.home already boosted, skip boost priority
10-09 15:17:58.723  1902  1936 D Aurogon :  uid = 10085 switch to FG
10-09 15:17:58.723  1902  4160 I SmartPower: com.google.android.googlequicksearchbox:googleapp/10188(22389): idle->background(900021ms) R(service create com.google.android.googlequicksearchbox/com.google.android.apps.gsa.nowoverlayservice.DrawerOverlayService) adj=0.
10-09 15:17:58.733  1902  1936 E MBrainLocalService: MBrainJava launch failed: SecurityException
10-09 15:17:58.738  2983  3075 D SoScSplitScreenController: updateDividerFixedState isFixed:true
10-09 15:17:58.746  1902 10935 I BLASTSyncEngine: SyncGroup 923:  Unfinished container:ActivityRecord{3754c30 u0 com.miui.home/.launcher.Launcher t2}
10-09 15:17:58.746  1902 10935 I BLASTSyncEngine: isActivitySyncFinished isSyncFinished false ActivityRecord{3754c30 u0 com.miui.home/.launcher.Launcher t2}
10-09 15:17:58.746  1902 10935 W WindowManager: Changing focus from null to Window{e4be31b u0 com.miui.home/com.miui.home.launcher.Launcher} displayId=0 Callers=com.android.server.wm.RootWindowContainer.updateFocusedWindowLocked:557 com.android.server.wm.WindowManagerService.updateFocusedWindowLocked:6962 com.android.server.wm.WindowManagerService.relayoutWindow:2951 com.android.server.wm.Session.relayout:266 
10-09 15:17:58.746  1902 10935 I WindowManager: cancelAnimation removed leash : Surface(name=Surface(name=81266ae StatusBar#86)/@0xb48dfdc - animation-leash of insets_animation#14969)/@0x3dbd184
10-09 15:17:58.749  1902 10935 I WindowManager: cancelAnimation removed leash : Surface(name=Surface(name=db27a2 NavigationBar0#82)/@0xc1acbf0 - animation-leash of insets_animation#14970)/@0x2966da2
10-09 15:17:58.751  1902 10935 D WindowManager: wms.Input focus has changed to Window{e4be31b u0 com.miui.home/com.miui.home.launcher.Launcher} display=0 updateInputWindows = true
10-09 15:17:58.751  1902 10935 I MultiSenceManagerInternalStub: getInstance
10-09 15:17:58.751  1902 10935 I WindowManager: Relayout Window{e4be31b u0 com.miui.home/com.miui.home.launcher.Launcher}: oldVis=8 newVis=0 focusMayChange = true requestedWidth = 1080 requestedHeight = 2400 outFrames = ClientWindowFrames{frame=[0,0][1080,2400] display=[0,0][1080,2400] parentFrame=[0,0][0,0]} outSurfaceControl = Surface(name=com.miui.home/com.miui.home.launcher.Launcher#14971)/@0x6520cae
10-09 15:17:58.754  2983  4558 D MiuiFreeformModeObserver: activityResumed() intent Intent { cmp=com.miui.home/.launcher.Launcher (has extras) }
10-09 15:17:58.758  1902  1939 D WindowManager: Collecting in transition 923: WallpaperWindowToken{c1b367d token=android.os.BinderProxy@48de4d4} init visibleRequested:false
10-09 15:17:58.758  1902  1939 D WindowManager: Collecting in transition 923: WallpaperWindowToken{b086f80 token=android.os.Binder@8a62403} init visibleRequested:false
10-09 15:17:58.761  1902  1939 W WindowManager: real show surface:Surface(name=com.miui.miwallpaper.wallpaperservice.ImageWallpaper#6795)/@0x4dee9d0
10-09 15:17:58.761  1902  1939 W WindowManager: real show surface:Surface(name=com.miui.miwallpaper.wallpaperservice.MiuiKeyguardPictorialWallpaper#6792)/@0xd103da3
10-09 15:17:58.762  1902  1939 I BLASTSyncEngine: SyncGroup 923:  Unfinished container:ActivityRecord{3754c30 u0 com.miui.home/.launcher.Launcher t2}
10-09 15:17:58.762  1902  1939 I BLASTSyncEngine: isActivitySyncFinished isSyncFinished false ActivityRecord{3754c30 u0 com.miui.home/.launcher.Launcher t2}
10-09 15:17:58.802  1902  1902 D MBrainLocalService: isVendorFreezeConditionPass is false
10-09 15:17:58.802  1902  1902 E MBrainLocalService: notifyAppSwitch failed
10-09 15:17:58.822  1902  4160 W WindowManager: finishDrawingWindow: Window{e4be31b u0 com.miui.home/com.miui.home.launcher.Launcher} mDrawState=DRAW_PENDING
10-09 15:17:58.822  1902  4160 D WindowManager: wms.finishDrawingLocked: mDrawState=COMMIT_DRAW_PENDING Window{e4be31b u0 com.miui.home/com.miui.home.launcher.Launcher} in Surface(name=com.miui.home/com.miui.home.launcher.Launcher#14971)/@0xc4dff2d
10-09 15:17:58.827  1902  1939 I SmartPower: com.miui.home/10085(3001): invisible->visible(160ms) R(become visible) adj=0.
10-09 15:17:58.827  1902  1939 W WindowManager: real show surface:Surface(name=com.miui.home/com.miui.home.launcher.Launcher#14971)/@0xc4dff2d
10-09 15:17:58.828  1902  1939 D WindowManager: Final targets: [Task{57070cf #1 type=home}, Task{ace6ece #395 type=standard A=10190:com.android.chrome}, WallpaperWindowToken{c1b367d token=android.os.BinderProxy@48de4d4}, WallpaperWindowToken{b086f80 token=android.os.Binder@8a62403}]
10-09 15:17:58.854  1902  1939 D WindowManager: snapshot isNothing = false source = Task{ace6ece #395 type=standard A=10190:com.android.chrome}
10-09 15:17:58.855  1902  1939 D WindowManager: Calling onTransitionReady info={id=923 t=OPEN f=0x0 trk=0 r=[0@Point(0, 0)] c=[{WCT{RemoteToken{1c71a03 Task{57070cf #1 type=home}}} m=TO_FRONT f=SHOW_WALLPAPER|MOVE_TO_TOP leash=Surface(name=Task=1#44)/@0xf3df733 sb=Rect(0, 0 - 1080, 2400) eb=Rect(0, 0 - 1080, 2400) d=0},{WCT{RemoteToken{45f8ea9 Task{ace6ece #395 type=standard A=10190:com.android.chrome}}} m=TO_BACK f=NONE leash=Surface(name=Task=395#14802)/@0x421ddc4 sb=Rect(0, 0 - 1080, 2400) eb=Rect(0, 0 - 1080, 2400) d=0},{null m=TO_FRONT f=IS_WALLPAPER leash=Surface(name=WallpaperWindowToken{c1b367d token=android.os.BinderProxy@48de4d4}#6790)/@0xd4e7a40 sb=Rect(0, 0 - 1080, 2400) eb=Rect(0, 0 - 1080, 2400) d=0},{null m=TO_FRONT f=IS_WALLPAPER leash=Surface(name=WallpaperWindowToken{b086f80 token=android.os.Binder@8a62403}#55)/@0x190a9b9 sb=Rect(0, 0 - 1080, 2400) eb=Rect(0, 0 - 1080, 2400) d=0}] noAni=[false] df=[false] mk=[true] nc=[0] oa=[false]}, mToken=Token{9c493c8 TransitionRecord{13d580 id=923 type=OPEN flags=0x0}}
10-09 15:17:58.857  1902  1939 I BLASTSyncEngine: finishNow: after onTransactionReady, mSyncId=923
10-09 15:17:58.859  2983  3075 D MiuiFreeformAnimation: startAnimation change: {WCT{android.window.IWindowContainerToken$Stub$Proxy@88c8f86} m=TO_FRONT f=SHOW_WALLPAPER|MOVE_TO_TOP leash=Surface(name=Task=1#44)/@0x81962e5 sb=Rect(0, 0 - 1080, 2400) eb=Rect(0, 0 - 1080, 2400) d=0} info.getType(): 1
10-09 15:17:58.859  2983  3075 I MiuiFreeformAnimation: isLaunchWidgetPicker=false,taskInfo.getWindowingMode()=1, taskInfo.getActivityType()=2
10-09 15:17:58.859  2983  3075 D MiuiFreeformAnimation: startAnimation change: {WCT{android.window.IWindowContainerToken$Stub$Proxy@f382047} m=TO_BACK f=NONE leash=Surface(name=Task=395#14802)/@0x10f11ba sb=Rect(0, 0 - 1080, 2400) eb=Rect(0, 0 - 1080, 2400) d=0} info.getType(): 1
10-09 15:17:58.859  2983  3075 D MiuiFreeformAnimation: startAnimation change: {null m=TO_FRONT f=IS_WALLPAPER leash=Surface(name=WallpaperWindowToken{c1b367d token=android.os.BinderProxy@48de4d4}#6790)/@0xaad686b sb=Rect(0, 0 - 1080, 2400) eb=Rect(0, 0 - 1080, 2400) d=0} info.getType(): 1
10-09 15:17:58.859  2983  3075 D MiuiFreeformAnimation: startAnimation change: {null m=TO_FRONT f=IS_WALLPAPER leash=Surface(name=WallpaperWindowToken{b086f80 token=android.os.Binder@8a62403}#55)/@0xf683fc8 sb=Rect(0, 0 - 1080, 2400) eb=Rect(0, 0 - 1080, 2400) d=0} info.getType(): 1
10-09 15:17:58.859  2983  3075 W MiuiTaskTransitionHandler: Receive an unknown transition, token=android.os.BinderProxy@691cab0, type=1
10-09 15:17:58.860  2983  3075 D RemoteTransitionHandler: Found filterPair{{types=[] flags=0x0] notFlags=0x100 checks=[{atype=home independent=true modes=[OPEN,TO_FRONT] flags=NONE mustBeTask=false order=TOP topActivity=ComponentInfo{com.miui.home/com.miui.home.launcher.Launcher}},{atype=standard independent=true modes=[CLOSE,TO_BACK] flags=NONE mustBeTask=false order=ANY topActivity=null}]} RemoteTransition { remoteTransition = android.window.IRemoteTransition$Stub$Proxy@3c2b307, appThread = null, debugName = null, hyperRemoteTransition = null }}
10-09 15:17:58.865  2983  3075 D MiuiFullScreenTaskRepository: setFocusedTask taskId=1, displayId=0, topActivity=ComponentInfo{com.miui.home/com.miui.home.launcher.Launcher}
10-09 15:17:58.865  2983  3075 D MiuiFullScreenTaskRepository: addOrUpdateFullScreenTaskInfo taskId=1, topActivity=ComponentInfo{com.miui.home/com.miui.home.launcher.Launcher}
10-09 15:17:58.871  1902  2600 D isUidValid: uid = 10076
10-09 15:17:58.876  1902  2620 I SmartPower: com.mi.globalminusscreen/10076(31794): idle->background(1717ms) R(add to whitelist) adj=0.
10-09 15:17:58.877  1902  2600 D isUidValid: uid = 99047
10-09 15:17:58.886  1902  4160 D PerfShielderService: com.android.systemui|StatusBar|144|97760846380903|119|3|2
10-09 15:17:58.887 22071 22119 W MiuiPerfServiceClient: interceptAndQueuing:2983|com.android.systemui|144|119|97760846380903|Slow handle traversal|2
10-09 15:17:58.890  1902  2612 I ProcessManager: getRenderThreadTidByPid, caller=1902
10-09 15:17:58.893  1902 22715 W MIUIInput: Input event injection from package: com.android.systemui action ACTION_DOWN keycode 82
10-09 15:17:58.893  1902 22715 W MiuiInputKeyEventLog: keyCode:82 down:true eventTime:97762009 downTime:97762009 policyFlags:2b000002 flags:80000048 metaState:0 deviceId:-1 isScreenOn:true keyguardActive:false repeatCount:0
10-09 15:17:58.894  1902 22715 D VibratorManagerService: Starting vibrate for vibration 1094
10-09 15:17:58.898  1902 22715 D VibratorManagerServiceImpl: attrs = VibrationAttributes: Usage=TOUCH Audio Usage= USAGE_UNKNOWN Flags=0, attrs.usage = 18
10-09 15:17:58.898  1902 22715 E VibratorManagerServiceImpl: skipandroid.os.RemoteException: Method setUsageExt is unimplemented.
10-09 15:17:58.902  1902  1936 E MBrainLocalService: MBrainJava launch failed: SecurityException
10-09 15:17:58.902 22389 22389 D FramePredict: FramePredict init: false
10-09 15:17:58.905  1902  2351 W MiuiInputKeyEventLog: execute preloadRecentAppsInternal
10-09 15:17:58.906 22389 22389 D FramePredict: init success
10-09 15:17:58.908  2983  2983 E onWindowDecorRectChanged: start size:0
10-09 15:17:58.910  1902 22715 W ActivityManager: Permission Denial: getCurrentUser() from pid=22389, uid=10188 requires android.permission.INTERACT_ACROSS_USERS
10-09 15:17:58.910  2983  3075 D MiuiFreeformModeObserver: handleFreeFormReceiver intent=Intent { act=com.miui.fullscreen_state_change flg=0x10 (has extras) } ,action=com.miui.fullscreen_state_change
10-09 15:17:58.910  2983  3075 D MiuiFreeformModeObserver: ACTION_FULLSCREEN_STATE_CHANGE stateName: taskSnapshot
10-09 15:17:58.910  2983  3075 D MiuiFreeformModeController: snapshotAllFreeform
10-09 15:17:58.911 22389  7128 E FramePredict: registerContentObserver fail
10-09 15:17:58.911  2983  3075 D SoScUtils: monitorTransitionFinished transition:android.os.BinderProxy@691cab0 transaction: android.view.SurfaceControl$Transaction@4b2a299 mRequestCloseTransition:null mRequestOpenTransition:null mPairsOpenTransition:null mPairsOpenTransitionNull:null mRequestOpenTriggerTask:-1 mRequestCloseTriggerTask:-1 mOrientationTransition: null mMainStartingTask:-1 mSideStartingTask:-1
10-09 15:17:58.921  1902  1938 I SmartPower: com.android.chrome/10190(13000): visible->invisible(1940ms) R(become invisible) adj=200.
10-09 15:17:58.921  1902  1938 I SmartPower: com.android.chrome:privileged_process0/10190(13333): invisible->background(2013ms) R(become background) adj=200.
10-09 15:17:58.921  1902  1938 I SmartPower: com.android.chrome/10190(13000): invisible->background(1ms) R(become background) adj=200.
10-09 15:17:58.935  2983  3075 D MiuiFullScreenTaskRepository: addOrUpdateFullScreenTaskInfo taskId=395, topActivity=ComponentInfo{com.android.chrome/org.chromium.chrome.browser.ChromeTabbedActivity}
10-09 15:17:58.942 31794  7131 I Ad      : isPersonalizedAdEnabled getAdSettings: 3
10-09 15:17:58.949  1902 22704 W WindowManager: Changing focus from Window{e4be31b u0 com.miui.home/com.miui.home.launcher.Launcher} to Window{21bbbc5 u0 LauncherMinusOneScreen} displayId=0 Callers=com.android.server.wm.RootWindowContainer.updateFocusedWindowLocked:557 com.android.server.wm.WindowManagerService.updateFocusedWindowLocked:6962 com.android.server.wm.WindowManagerService.addWindow:2218 com.android.server.wm.Session.addToDisplayAsUser:231 
10-09 15:17:58.949  1902 22704 I WindowManager: cancelAnimation removed leash : Surface(name=Surface(name=81266ae StatusBar#86)/@0xb48dfdc - animation-leash of insets_animation#14972)/@0xfd4d1f3
10-09 15:17:58.951  1902 22704 I WindowManager: cancelAnimation removed leash : Surface(name=Surface(name=db27a2 NavigationBar0#82)/@0xc1acbf0 - animation-leash of insets_animation#14973)/@0xa386129
10-09 15:17:58.951 31794 31794 D FramePredict: init success
10-09 15:17:58.953  1902 22704 D WindowManager: wms.Input focus has changed to Window{21bbbc5 u0 LauncherMinusOneScreen} display=0 updateInputWindows = false
10-09 15:17:58.953  1902 22704 I MultiSenceManagerInternalStub: getInstance
10-09 15:17:58.957  1902  1939 D WindowManager: wms.Focus not requested for window=Window{21bbbc5 u0 LauncherMinusOneScreen} because it has no surface or is not focusable.
10-09 15:17:58.971  1902  1939 D WindowManager: wms.Focus not requested for window=Window{21bbbc5 u0 LauncherMinusOneScreen} because it has no surface or is not focusable.
10-09 15:17:58.972  1902  2334 D VibratorManagerService: Vibration 1094 finished with EndInfo{status=FINISHED, endedBy=null}
10-09 15:17:58.972  1902  2334 D VibratorManagerService: Reporting vibration 1094 finished with EndInfo{status=FINISHED, endedBy=null}
10-09 15:17:58.972  1902  2334 D VibratorManagerService: Vibration for uid=1000 and with attrs=VibrationAttributes: Usage=TOUCH Audio Usage= USAGE_UNKNOWN Flags=0 ended with status FINISHED
10-09 15:17:58.973  1902  2772 D VibratorManagerService: Vibration 1094 on vibrator 0 complete, notifying thread
10-09 15:17:58.974  1902  2334 D VibratorManagerService: VibrationThread released after finished vibration
10-09 15:17:58.974  1902  2334 D VibratorManagerService: Processing VibrationThread released callback
10-09 15:17:58.986  1902  1939 D WindowManager: wms.Focus not requested for window=Window{21bbbc5 u0 LauncherMinusOneScreen} because it has no surface or is not focusable.
10-09 15:17:58.989  1902  2774 D CoreBackPreview: Window{4e313fd u0 com.android.chrome/org.chromium.chrome.browser.ChromeTabbedActivity}: Setting back callback OnBackInvokedCallbackInfo{mCallback=android.window.IOnBackInvokedCallback$Stub$Proxy@f987317, mPriority=-1, mIsAnimationCallback=false}
10-09 15:17:58.991  1902  2774 W MIUIInput: Input event injection from package: com.android.systemui action ACTION_UP keycode 82
10-09 15:17:58.991  1902  2774 W MiuiInputKeyEventLog: keyCode:82 down:false eventTime:97762107 downTime:97762009 policyFlags:2b000002 flags:80000048 metaState:0 deviceId:-1 isScreenOn:true keyguardActive:false repeatCount:0
10-09 15:17:58.994  1902  2351 W MiuiInputKeyEventLog: execute launchRecentPanelInternal
10-09 15:17:58.996  1902  2772 D CoreBackPreview: Window{38e026c u0 LauncherOverlayWindow:com.mi.globalminusscreen}: Setting back callback OnBackInvokedCallbackInfo{mCallback=android.window.IOnBackInvokedCallback$Stub$Proxy@12d20ed, mPriority=0, mIsAnimationCallback=false}
10-09 15:17:59.010  1902  1939 D WindowManager: wms.Focus not requested for window=Window{21bbbc5 u0 LauncherMinusOneScreen} because it has no surface or is not focusable.
10-09 15:17:59.019  2983  3075 D MiuiFreeformModeObserver: handleFreeFormReceiver intent=Intent { act=com.miui.fullscreen_state_change flg=0x10 (has extras) } ,action=com.miui.fullscreen_state_change
10-09 15:17:59.019  2983  3075 D MiuiFreeformModeObserver: ACTION_FULLSCREEN_STATE_CHANGE stateName: toRecents
10-09 15:17:59.024  2983  3075 D MiuiFreeformModeController: allFreeformFromFreeformToMini
10-09 15:17:59.028  1902  2772 D MiuiMemoryInfoImpl: MEMINFO_KRECLAIMABLE: 165680, MEMINFO_SLAB_RECLAIMABLE: 131356, MEMINFO_BUFFERS: 5492, MEMINFO_CACHED: 3238160, MEMINFO_FREE: 137812
10-09 15:17:59.029  1902  2772 D MiuiMemoryInfoImpl: cache: 3632275456, cachePss: 2397125632, lostcache: 0
10-09 15:17:59.039  2983  3075 D MiuiFullScreenTaskRepository: setFocusedTask taskId=1, displayId=0, topActivity=ComponentInfo{com.miui.home/com.miui.home.launcher.Launcher}
10-09 15:17:59.039  2983  3075 D MiuiFullScreenTaskRepository: addOrUpdateFullScreenTaskInfo taskId=1, topActivity=ComponentInfo{com.miui.home/com.miui.home.launcher.Launcher}
10-09 15:17:59.139  1902  2772 W WindowManager: finishDrawingWindow: Window{38e026c u0 LauncherOverlayWindow:com.mi.globalminusscreen} mDrawState=DRAW_PENDING
10-09 15:17:59.139  1902  2772 D WindowManager: wms.finishDrawingLocked: mDrawState=COMMIT_DRAW_PENDING Window{38e026c u0 LauncherOverlayWindow:com.mi.globalminusscreen} in Surface(name=LauncherOverlayWindow:com.mi.globalminusscreen#14985)/@0xabb176e
10-09 15:17:59.143  1902  1939 W WindowManager: real show surface:Surface(name=LauncherOverlayWindow:com.mi.globalminusscreen#14985)/@0xabb176e
10-09 15:17:59.151  1902  1939 D WindowManager: wms.Focus not requested for window=Window{21bbbc5 u0 LauncherMinusOneScreen} because it has no surface or is not focusable.
10-09 15:17:59.171 13000 13000 W Activity: PerfMonitor: Slow Operation: Activity com.android.chrome/org.chromium.chrome.browser.ChromeTabbedActivity onStop took 180ms
10-09 15:17:59.270  1902  1936 D Aurogon :  uid = 10190 switch to BG
10-09 15:17:59.271  1902  2600 D isUidValid: uid = 10190
10-09 15:17:59.369  1902  2776 D CompatibilityChangeReporter: Compat change id reported: 319212206; UID 10188; state: ENABLED
10-09 15:17:59.556  1902  2776 D CoreBackPreview: Window{21bbbc5 u0 LauncherMinusOneScreen}: Setting back callback OnBackInvokedCallbackInfo{mCallback=android.window.IOnBackInvokedCallback$Stub$Proxy@68c32de, mPriority=0, mIsAnimationCallback=false}
10-09 15:17:59.629  1902 22704 W WindowManager: finishDrawingWindow: Window{21bbbc5 u0 LauncherMinusOneScreen} mDrawState=DRAW_PENDING
10-09 15:17:59.630  1902 22704 D WindowManager: wms.finishDrawingLocked: mDrawState=COMMIT_DRAW_PENDING Window{21bbbc5 u0 LauncherMinusOneScreen} in Surface(name=LauncherMinusOneScreen#14986)/@0x125bfb6
10-09 15:17:59.630 22389 22389 W Looper  : PerfMonitor doFrame : time=97ms vsyncFrame=723499 latency=592ms procState=-1 historyMsgCount=3 (msgIndex=1 wall=254ms seq=618 h=android.os.Handler c=efnx) (msgIndex=2 wall=432ms seq=619 late=260ms h=android.os.Handler c=efnx)
10-09 15:17:59.633  1902  1939 W WindowManager: real show surface:Surface(name=LauncherMinusOneScreen#14986)/@0x125bfb6
10-09 15:17:59.648  1902 22704 W WindowManager: Changing focus from Window{21bbbc5 u0 LauncherMinusOneScreen} to Window{e4be31b u0 com.miui.home/com.miui.home.launcher.Launcher} displayId=0 Callers=com.android.server.wm.RootWindowContainer.updateFocusedWindowLocked:557 com.android.server.wm.WindowManagerService.updateFocusedWindowLocked:6962 com.android.server.wm.WindowManagerService.relayoutWindow:2951 com.android.server.wm.Session.relayout:266 
10-09 15:17:59.649  1902 22704 I WindowManager: cancelAnimation removed leash : Surface(name=Surface(name=81266ae StatusBar#86)/@0xb48dfdc - animation-leash of insets_animation#14982)/@0x9014f41
10-09 15:17:59.650  1902 22704 I WindowManager: cancelAnimation removed leash : Surface(name=Surface(name=db27a2 NavigationBar0#82)/@0xc1acbf0 - animation-leash of insets_animation#14983)/@0x834b227
10-09 15:17:59.651  1902 22704 D WindowManager: wms.Input focus has changed to Window{e4be31b u0 com.miui.home/com.miui.home.launcher.Launcher} display=0 updateInputWindows = true
10-09 15:17:59.651  1902 22704 I MultiSenceManagerInternalStub: getInstance
10-09 15:17:59.665  1902 22704 W InputMethodManagerService: Clear show forced flag.
10-09 15:17:59.668  1902 22704 I WindowManager: cancelAnimation removed leash : Surface(name=Surface(name=6a76de5 InputMethod#123)/@0xf2bd99 - animation-leash of insets_animation#14950)/@0x251e92a
10-09 15:17:59.673  1902  2612 I ProcessManager: getRenderThreadTidByPid, caller=1902
10-09 15:17:59.675  1902  2776 W PackageConfigPersister: App-specific configuration not found for packageName: com.miui.home and userId: 0
10-09 15:17:59.722  1902  2612 I ProcessManager: getRenderThreadTidByPid, caller=1902
10-09 15:17:59.768  1902 22704 D VibratorManagerService: Starting vibrate for vibration 1095
10-09 15:17:59.770  1902 22704 D VibratorManagerServiceImpl: attrs = VibrationAttributes: Usage=TOUCH Audio Usage= USAGE_UNKNOWN Flags=0, attrs.usage = 18
10-09 15:17:59.771  1902 22704 E VibratorManagerServiceImpl: skipandroid.os.RemoteException: Method setUsageExt is unimplemented.
10-09 15:17:59.797  1902 22704 I SmartPower: com.google.android.googlequicksearchbox:search/10188(22408): idle->background(882871ms) R(service create com.google.android.googlequicksearchbox/com.google.apps.tiktok.account.data.manager.AccountSyncService) adj=0.
10-09 15:17:59.841  1902  2334 D VibratorManagerService: Vibration 1095 finished with EndInfo{status=FINISHED, endedBy=null}
10-09 15:17:59.841  1902  2334 D VibratorManagerService: Reporting vibration 1095 finished with EndInfo{status=FINISHED, endedBy=null}
10-09 15:17:59.841  1902  2334 D VibratorManagerService: Vibration for uid=1000 and with attrs=VibrationAttributes: Usage=TOUCH Audio Usage= USAGE_UNKNOWN Flags=0 ended with status FINISHED
10-09 15:17:59.842  1902 22715 D VibratorManagerService: Vibration 1095 on vibrator 0 complete, notifying thread
10-09 15:17:59.843  1902  2334 D VibratorManagerService: VibrationThread released after finished vibration
10-09 15:17:59.843  1902  2334 D VibratorManagerService: Processing VibrationThread released callback
10-09 15:17:59.895  1902  2612 D SchedBoost: stopBoostInternal
10-09 15:18:00.000  1902  2336 D AlarmManager: mBroadcastRefCount -> 1
10-09 15:18:00.001  1902  1902 D AlarmManager: mBroadcastRefCount -> 0
10-09 15:18:00.001  1902  1902 D AlarmManager: mPendingIntent -> null
10-09 15:18:00.118  1902  2612 I ProcessManager: getRenderThreadTidByPid, caller=1902
10-09 15:18:00.166  1902  2612 I ProcessManager: getRenderThreadTidByPid, caller=1902
10-09 15:18:00.198  1902  2776 D VibratorManagerService: Starting vibrate for vibration 1096
10-09 15:18:00.200  1902  2776 D VibratorManagerServiceImpl: attrs = VibrationAttributes: Usage=TOUCH Audio Usage= USAGE_UNKNOWN Flags=0, attrs.usage = 18
10-09 15:18:00.200  1902  2776 E VibratorManagerServiceImpl: skipandroid.os.RemoteException: Method setUsageExt is unimplemented.
10-09 15:18:00.211  1902  1967 I ProcessSceneCleaner: SwipeUpClean: kill procName=com.android.chrome:sandboxed_process0:org.chromium.content.app.SandboxedProcessService0:2 info=AS:90519
10-09 15:18:00.211  1902  1967 I ActivityManager: Killing 13622:com.android.chrome:sandboxed_process0:org.chromium.content.app.SandboxedProcessService0:2/u0a190i-8998 (adj 905): SwipeUpClean
10-09 15:18:00.212  1902  1967 I ProcessSceneCleaner: SwipeUpClean: kill procName=com.android.chrome:privileged_process0 info=AS:90519
10-09 15:18:00.212  1902  1967 I ActivityManager: Killing 13333:com.android.chrome:privileged_process0/u0a190 (adj 905): SwipeUpClean
10-09 15:18:00.213  1902  1967 I ProcessSceneCleaner: SwipeUpClean: kill procName=com.android.chrome:sandboxed_process0:org.chromium.content.app.SandboxedProcessService0:1 info=AS:20019
10-09 15:18:00.213  1902  1967 I ActivityManager: Killing 13566:com.android.chrome:sandboxed_process0:org.chromium.content.app.SandboxedProcessService0:1/u0a190i-8999 (adj 200): SwipeUpClean
10-09 15:18:00.214  1902  1967 I ProcessSceneCleaner: SwipeUpClean: kill procName=com.android.chrome:sandboxed_process0:org.chromium.content.app.SandboxedProcessService0:0 info=AS:20019
10-09 15:18:00.214  1902  1967 I ActivityManager: Killing 13323:com.android.chrome:sandboxed_process0:org.chromium.content.app.SandboxedProcessService0:0/u0a190i-9000 (adj 200): SwipeUpClean
10-09 15:18:00.217  1902  1967 I ProcessSceneCleaner: SwipeUpClean: kill procName=com.android.chrome info=AS:90519
10-09 15:18:00.217  1902  1967 I ActivityManager: Killing 13000:com.android.chrome/u0a190 (adj 905): SwipeUpClean
10-09 15:18:00.217  2983  3075 D MiuiFullScreenTaskRepository: setFocusedTask taskId=1, displayId=0, topActivity=ComponentInfo{com.miui.home/com.miui.home.launcher.Launcher}
10-09 15:18:00.217  2983  3075 D MiuiFullScreenTaskRepository: addOrUpdateFullScreenTaskInfo taskId=1, topActivity=ComponentInfo{com.miui.home/com.miui.home.launcher.Launcher}
10-09 15:18:00.252  1902  1936 D DisplayManagerService: Drop pending events for gone uid 90001
10-09 15:18:00.260  1902  1936 D DisplayManagerService: Drop pending events for gone uid 90002
10-09 15:18:00.272  1902  2776 D VibratorManagerService: Vibration 1096 on vibrator 0 complete, notifying thread
10-09 15:18:00.273  1902  2334 D VibratorManagerService: Vibration 1096 finished with EndInfo{status=FINISHED, endedBy=null}
10-09 15:18:00.273  1902  2334 D VibratorManagerService: Reporting vibration 1096 finished with EndInfo{status=FINISHED, endedBy=null}
