10-10 07:59:00.010  2983  3075 D OneHandedController: stopOneHanded state is 0
10-10 07:59:00.011  1902  2652 I LocalDisplayAdapter: setDisplayState(id=4627039422300187648, state=OFF)
10-10 07:59:00.013  1902  1938 D TAG     : Remove previously redundant display event 0/2 to 10075/2415
10-10 07:59:00.015  1902  1938 D TAG     : Remove previously redundant display event 0/2 to 10132/5492
10-10 07:59:00.015  1902  1938 D TAG     : Remove previously redundant display event 0/2 to 6101/8896
10-10 07:59:00.015  1902  1938 D TAG     : Remove previously redundant display event 0/2 to 10190/9035
10-10 07:59:00.015  1902  1938 D TAG     : Remove previously redundant display event 0/2 to 10313/9231
10-10 07:59:00.015  1902  1938 D TAG     : Remove previously redundant display event 0/2 to 10121/10538
10-10 07:59:00.015  1902  1938 D TAG     : Remove previously redundant display event 0/2 to 10190/11725
10-10 07:59:00.016  1902  1938 D TAG     : Remove previously redundant display event 0/2 to 10150/20996
10-10 07:59:00.017  1902  1938 D TAG     : Remove previously redundant display event 0/2 to 10131/23667
10-10 07:59:00.017  1902  1938 D TAG     : Remove previously redundant display event 0/2 to 10312/31305
10-10 07:59:00.017  1902  1938 D TAG     : Remove previously redundant display event 0/2 to 10184/31626
10-10 07:59:00.021  1902  1939 I DisplayDevice: [0] Layerstack set to -1 for local:4627039422300187648
10-10 07:59:00.154  1902  2774 I SmartPower: com.google.android.gms/10175(15068): idle->background(7137ms) R(service unbind com.google.android.gms/.measurement.service.MeasurementBrokerService) adj=600.
10-10 07:59:00.258  1902  2652 W BpBinder: Slow Binder: BpBinder transact took 247 ms, interface=android.gui.ISurfaceComposer, code=9 oneway=false
10-10 07:59:00.261  1902  1938 I DisplayDeviceRepository: Display device changed state: "Built-in Screen", OFF
10-10 07:59:00.266  1902  1938 D TAG     : Remove previously redundant display event 0/2 to 10075/2415
10-10 07:59:00.267  1902  1938 D TAG     : Remove previously redundant display event 0/2 to 10132/5492
10-10 07:59:00.268  1902  1938 D TAG     : Remove previously redundant display event 0/2 to 6101/8896
10-10 07:59:00.268  1902  1938 D TAG     : Remove previously redundant display event 0/2 to 10190/9035
10-10 07:59:00.268  1902  1938 D TAG     : Remove previously redundant display event 0/2 to 10313/9231
10-10 07:59:00.268  1902  1938 D TAG     : Remove previously redundant display event 0/2 to 10121/10538
10-10 07:59:00.268  1902  1938 D TAG     : Remove previously redundant display event 0/2 to 10190/11725
10-10 07:59:00.272  1902  1938 D TAG     : Remove previously redundant display event 0/2 to 10150/20996
10-10 07:59:00.272  1902  1938 D TAG     : Remove previously redundant display event 0/2 to 10131/23667
10-10 07:59:00.273  1902  1938 D TAG     : Remove previously redundant display event 0/2 to 10312/31305
10-10 07:59:00.273  1902  1938 D TAG     : Remove previously redundant display event 0/2 to 10184/31626
10-10 07:59:00.294  1902  1938 I DisplayDeviceRepository: Display device changed: DisplayDeviceInfo{"Built-in Screen": uniqueId="local:4627039422300187648", 1080 x 2400, modeId 2, renderFrameRate 120.00001, defaultModeId 2, supportedModes [{id=1, width=1080, height=2400, fps=60.0, alternativeRefreshRates=[30.000002, 90.0, 120.00001], supportedHdrTypes=[1, 2, 3, 4]}, {id=2, width=1080, height=2400, fps=120.00001, alternativeRefreshRates=[30.000002, 60.0, 90.0], supportedHdrTypes=[1, 2, 3, 4]}, {id=3, width=1080, height=2400, fps=90.0, alternativeRefreshRates=[30.000002, 60.0, 120.00001], supportedHdrTypes=[1, 2, 3, 4]}, {id=4, width=1080, height=2400, fps=30.000002, alternativeRefreshRates=[60.0, 90.0, 120.00001], supportedHdrTypes=[1, 2, 3, 4]}], colorMode 0, supportedColorModes [0, 7, 9], hdrCapabilities HdrCapabilities{mSupportedHdrTypes=[1, 2, 3, 4], mMaxLuminance=500.0, mMaxAverageLuminance=500.0, mMinLuminance=0.0}, allmSupported false, gameContentTypeSupported false, density 440, 394.409 x 394.409 dpi, appVsyncOff 1199999, presDeadline 14800000, cutout DisplayCutout{insets=Rect(0, 94 - 0, 0) waterfall=Insets{left=0, top=0, right=0, bottom=0} boundingRect={Bounds=[Rect(0, 0 - 0, 0), Rect(512, 0 - 568, 94), Rect(0, 0 - 0, 0), Rect(0, 0 - 0, 0)]} cutoutPathParserInfo={CutoutPathParserInfo{displayWidth=1080 displayHeight=2400 physicalDisplayWidth=1080 physicalDisplayHeight=2400 density={2.75} cutoutSpec={M 0,0 H -28 V 94 H 28 V 0 H 0 Z} rotation={0} scale={1.0} physicalPixelDisplaySizeRatio={1.0}}}}, touch INTERNAL, rotation 0, type INTERNAL, address {port=0, model=0x40368bd6e7ee6c}, deviceProductInfo DeviceProductInfo{name=MTKDEV, manufacturerPnpId=MTK, productId=35638, modelYear=null, manufactureDate=ManufactureDate{week=42, year=2021}, connectionToSinkType=0}, state OFF, committedState OFF, frameRateOverride , brightnessMinimum 0.0, brightnessMaximum 1.0, brightnessDefault 0.07496032, hdrSdrRatio NaN, roundedCorners RoundedCorners{[RoundedCorner{position=TopLeft, radius=70, center=Point(70, 70)}, RoundedCorner{position=TopRight, radius=70, center=Point(1010, 70)}, RoundedCorner{position=BottomRight, radius=70, center=Point(1010, 2330)}, RoundedCorner{position=BottomLeft, radius=70, center=Point(70, 2330)}]}, FLAG_ALLOWED_TO_BE_DEFAULT_DISPLAY, FLAG_ROTATES_WITH_CONTENT, FLAG_SECURE, FLAG_SUPPORTS_PROTECTED_BUFFERS, FLAG_TRUSTED, installOrientation 0, displayShape DisplayShape{ spec=-1893857183 displayWidth=1080 displayHeight=2400 physicalPixelDisplaySizeRatio=1.0 rotation=0 offsetX=0 offsetY=0 scale=1.0}}
10-10 07:59:00.297  1902  1938 D TAG     : Remove previously redundant display event 0/2 to 10075/2415
10-10 07:59:00.298  1902  1938 D TAG     : Remove previously redundant display event 0/2 to 10132/5492
10-10 07:59:00.299  1902  1938 D TAG     : Remove previously redundant display event 0/2 to 6101/8896
10-10 07:59:00.299  1902  1938 D TAG     : Remove previously redundant display event 0/2 to 10190/9035
10-10 07:59:00.299  1902  1938 D TAG     : Remove previously redundant display event 0/2 to 10313/9231
10-10 07:59:00.299  1902  1938 D TAG     : Remove previously redundant display event 0/2 to 10121/10538
10-10 07:59:00.299  1902  1938 D TAG     : Remove previously redundant display event 0/2 to 10190/11725
10-10 07:59:00.299  1902  1938 D TAG     : Remove previously redundant display event 0/2 to 10150/20996
10-10 07:59:00.300  1229  1641 W EventThreadInspector: slow VSync-appSf on display(4627039422300187648) count=5, avg=33 ms, max=33 ms.
10-10 07:59:00.300  1902  1938 D TAG     : Remove previously redundant display event 0/2 to 10131/23667
10-10 07:59:00.302  1902  1938 D TAG     : Remove previously redundant display event 0/2 to 10312/31305
10-10 07:59:00.302  1902  1938 D TAG     : Remove previously redundant display event 0/2 to 10184/31626
10-10 07:59:01.207  1902  1947 D HeapUsage Monitor: HeapAllocSize : 90MB; monitorSize : 500MB
10-10 08:00:01.486  1902 23265 W GreezeManager: Slow Greezer: Receive frozen binder trans: dstUid=1000 dstPid=1902 callerUid=10188 callerPid=22431 callerTid=22514 delay=144ms oneway=false
10-10 08:00:01.488  1902 23265 W GreezeManager: Slow Greezer: Receive frozen binder trans: dstUid=1000 dstPid=628 callerUid=0 callerPid=2601 callerTid=2601 delay=146ms oneway=false
10-10 08:00:01.490  1902  2336 D AlarmManager: mBroadcastRefCount -> 1
10-10 08:00:01.527  1902  2336 D AlarmManager: mBroadcastRefCount -> 2
10-10 08:00:01.529  1902  1902 D AlarmManager: mBroadcastRefCount -> 1
10-10 08:00:01.529  1902  1902 D AlarmManager: mPendingIntent -> null
10-10 08:00:01.548  1902 23265 I SmartPower: com.google.process.gservices/10175(22048): idle->background(195196ms) R(content provider start ContentProviderRecord{15adf8b u0 com.google.android.gsf/.gservices.GservicesProvider}) adj=100.
10-10 08:00:01.567  1902  1902 D AlarmManager: mBroadcastRefCount -> 0
10-10 08:00:01.567  1902  1902 D AlarmManager: mPendingIntent -> PendingIntent{3a9a83f: PendingIntentRecord{3a050c com.android.settings broadcastIntent}}
10-10 08:00:01.575  1902  1902 D UiModeManager: updateConfigurationLocked: mDockState=0; mCarMode=false; mCar=false; mPowerSave=false; mOverrideNightModeOn=false; mOverrideNightModeOff=false; mComputedNightMode=false; mNightMode=1; uiMode=17
10-10 08:00:01.781  1902  1958 I ExtM    : zram userate is low, no need to flush: 23
10-10 08:00:30.469  1902  2697 W GreezeManager: Slow Greezer: Receive frozen binder trans: dstUid=1000 dstPid=1902 callerUid=1000 callerPid=1230 callerTid=3803 delay=76ms oneway=false
10-10 08:00:30.470  1902 23266 W GreezeManager: Slow Greezer: Receive frozen binder trans: dstUid=1000 dstPid=628 callerUid=0 callerPid=2601 callerTid=2601 delay=77ms oneway=false
10-10 08:00:30.472  1902  2336 D AlarmManager: mBroadcastRefCount -> 1
10-10 08:00:30.480  1902  2697 I SmartPower: com.miui.home/10085(3001): idle->background(30434ms) R(content provider start ContentProviderRecord{e32c05d u0 com.miui.home/.launcher.LauncherProvider}) adj=100.
10-10 08:00:30.487  1902  2336 D AlarmManager: mBroadcastRefCount -> 2
10-10 08:00:30.489  1902  2336 D AlarmManager: mBroadcastRefCount -> 3
10-10 08:00:30.491  1902  1902 D AlarmManager: mBroadcastRefCount -> 2
10-10 08:00:30.491  1902  1902 D AlarmManager: mPendingIntent -> PendingIntent{67ece72: PendingIntentRecord{c1fbc44 com.miui.msa.global startService}}
10-10 08:00:30.491  1902  1902 D AlarmManager: mBroadcastRefCount -> 1
10-10 08:00:30.491  1902  1902 D AlarmManager: mPendingIntent -> PendingIntent{b6c29e0: PendingIntentRecord{5104499 com.miui.msa.global startService}}
10-10 08:00:30.496  1902  1902 D AlarmManager: mBroadcastRefCount -> 0
10-10 08:00:30.496  1902  1902 D AlarmManager: mPendingIntent -> PendingIntent{136baef: PendingIntentRecord{51c99fc android broadcastIntent}}
10-10 08:00:30.518  1902  1902 D UiModeManager: updateConfigurationLocked: mDockState=0; mCarMode=false; mCar=false; mPowerSave=false; mOverrideNightModeOn=false; mOverrideNightModeOff=false; mComputedNightMode=false; mNightMode=1; uiMode=17
10-10 08:00:41.477  1902  2336 D AlarmManager: mBroadcastRefCount -> 1
10-10 08:00:41.491  1902  1937 D Persistence: writeHistoricalOpsDLocked 3 ms.
10-10 08:00:41.493  1902  1902 D AlarmManager: mBroadcastRefCount -> 0
10-10 08:00:41.493  1902  1902 D AlarmManager: mPendingIntent -> PendingIntent{ef16309: PendingIntentRecord{2704388 com.miui.securitycenter startService}}
10-10 08:00:41.618  1902  1954 I SmartPower: com.xiaomi.discover/10128(11400): idle->background(9047ms) R(broadcast start Intent { act=android.intent.action.BATTERY_CHANGED flg=0x60000010 (has extras) }) adj=905.
10-10 08:00:41.620  1902  1954 I SmartPower: com.android.chrome/10190(9035): idle->background(9047ms) R(broadcast start Intent { act=android.intent.action.BATTERY_CHANGED flg=0x60000010 (has extras) }) adj=900.
10-10 08:00:41.712 22918 24474 W BpBinder: Slow Binder: BpBinder transact took 236 ms, interface=com.android.internal.app.IBatteryStats, code=22 oneway=false
10-10 08:01:12.367  1902  1902 D UiModeManager: updateConfigurationLocked: mDockState=0; mCarMode=false; mCar=false; mPowerSave=false; mOverrideNightModeOn=false; mOverrideNightModeOff=false; mComputedNightMode=false; mNightMode=1; uiMode=17
10-10 08:02:33.074  1902  2620 I SmartPower: com.google.process.gservices/10175(22048): background->idle(3006ms) R(content provider start ContentProviderRecord{15adf8b u0 com.google.android.gsf/.gservices.GservicesProvider}) adj=100.
10-10 08:02:33.074  1902  2620 I SmartPower: com.google.android.gms/10175(15068): background->idle(4560ms) R(content provider start ContentProviderRecord{15adf8b u0 com.google.android.gsf/.gservices.GservicesProvider}) adj=600.
10-10 08:02:33.154  1902  1902 D UiModeManager: updateConfigurationLocked: mDockState=0; mCarMode=false; mCar=false; mPowerSave=false; mOverrideNightModeOn=false; mOverrideNightModeOff=false; mComputedNightMode=false; mNightMode=1; uiMode=17
10-10 08:02:37.695  1902  2620 I SmartPower: com.miui.home/10085(3001): background->idle(3105ms) R(content provider start ContentProviderRecord{e32c05d u0 com.miui.home/.launcher.LauncherProvider}) adj=100.
10-10 08:02:42.079  1902  2620 I SmartPower: com.xiaomi.discover/10128(11400): background->idle(3003ms) R(broadcast start Intent { act=android.intent.action.BATTERY_CHANGED flg=0x60000010 (has extras) }) adj=905.
10-10 08:02:42.079  1902  2620 I SmartPower: com.android.chrome/10190(9035): background->idle(3003ms) R(broadcast start Intent { act=android.intent.action.BATTERY_CHANGED flg=0x60000010 (has extras) }) adj=900.
10-10 08:02:48.525  1902  1902 D UiModeManager: updateConfigurationLocked: mDockState=0; mCarMode=false; mCar=false; mPowerSave=false; mOverrideNightModeOn=false; mOverrideNightModeOff=false; mComputedNightMode=false; mNightMode=1; uiMode=17
10-10 08:02:48.703  1902  1902 D UiModeManager: updateConfigurationLocked: mDockState=0; mCarMode=false; mCar=false; mPowerSave=false; mOverrideNightModeOn=false; mOverrideNightModeOff=false; mComputedNightMode=false; mNightMode=1; uiMode=17
10-10 08:03:55.494  1902  2336 D AlarmManager: mBroadcastRefCount -> 1
10-10 08:03:55.528  1902  2336 D AlarmManager: mBroadcastRefCount -> 2
10-10 08:03:55.537  1902  1902 D AlarmManager: mBroadcastRefCount -> 1
10-10 08:03:55.537  1902  1902 D AlarmManager: mPendingIntent -> null
10-10 08:03:55.583  1902  1902 D AlarmManager: mBroadcastRefCount -> 0
10-10 08:03:55.583  1902  1902 D AlarmManager: mPendingIntent -> PendingIntent{e61c527: PendingIntentRecord{cdd03d4 com.android.systemui broadcastIntent}}
10-10 08:03:55.589  1902  1902 D UiModeManager: updateConfigurationLocked: mDockState=0; mCarMode=false; mCar=false; mPowerSave=false; mOverrideNightModeOn=false; mOverrideNightModeOff=false; mComputedNightMode=false; mNightMode=1; uiMode=17
10-10 08:04:51.681  1902  1902 D UiModeManager: updateConfigurationLocked: mDockState=0; mCarMode=false; mCar=false; mPowerSave=false; mOverrideNightModeOn=false; mOverrideNightModeOff=false; mComputedNightMode=false; mNightMode=1; uiMode=17
10-10 08:05:04.475  1902  1954 I SmartPower: com.xiaomi.discover/10128(11400): idle->background(2556ms) R(broadcast start Intent { act=android.intent.action.BATTERY_CHANGED flg=0x60000010 (has extras) }) adj=905.
10-10 08:05:04.480  1902  1954 I SmartPower: com.android.chrome/10190(9035): idle->background(2560ms) R(broadcast start Intent { act=android.intent.action.BATTERY_CHANGED flg=0x60000010 (has extras) }) adj=900.
10-10 08:05:30.478  1902  2336 D AlarmManager: mBroadcastRefCount -> 1
10-10 08:05:30.498  1902  2336 D AlarmManager: mBroadcastRefCount -> 2
10-10 08:05:30.501  1902  1902 D AlarmManager: mBroadcastRefCount -> 1
10-10 08:05:30.501  1902  1902 D AlarmManager: mPendingIntent -> null
10-10 08:05:30.521  1902  1902 D AlarmManager: mBroadcastRefCount -> 0
10-10 08:05:30.521  1902  1902 D AlarmManager: mPendingIntent -> PendingIntent{4f08940: PendingIntentRecord{1971a6d com.xiaomi.xmsf broadcastIntent}}
10-10 08:08:27.681  1902  1902 D UiModeManager: updateConfigurationLocked: mDockState=0; mCarMode=false; mCar=false; mPowerSave=false; mOverrideNightModeOn=false; mOverrideNightModeOff=false; mComputedNightMode=false; mNightMode=1; uiMode=17
10-10 08:08:28.239  1902  2323 W ProcessStats: Tracking association SourceState{c218a0c com.xiaomi.mirror/1000 Fgs #319484} whose proc state 3 is better than process ProcessState{d2a9cfb com.miui.powerkeeper/1000 pkg=com.miui.powerkeeper} proc state 4 (44 skipped)
10-10 08:11:43.567  1902  1902 D UiModeManager: updateConfigurationLocked: mDockState=0; mCarMode=false; mCar=false; mPowerSave=false; mOverrideNightModeOn=false; mOverrideNightModeOff=false; mComputedNightMode=false; mNightMode=1; uiMode=17
10-10 08:12:14.929  1902  2620 I SmartPower: com.xiaomi.discover/10128(11400): background->idle(3125ms) R(broadcast start Intent { act=android.intent.action.BATTERY_CHANGED flg=0x60000010 (has extras) }) adj=905.
10-10 08:12:14.929  1902  2620 I SmartPower: com.android.chrome/10190(9035): background->idle(3120ms) R(broadcast start Intent { act=android.intent.action.BATTERY_CHANGED flg=0x60000010 (has extras) }) adj=900.
10-10 08:12:16.281   691  5360 I keystore2: system/security/keystore2/src/watchdog.rs:319 - Watchdog thread idle -> terminating. Have a great day.
10-10 08:14:25.337  1902  1902 D UiModeManager: updateConfigurationLocked: mDockState=0; mCarMode=false; mCar=false; mPowerSave=false; mOverrideNightModeOn=false; mOverrideNightModeOff=false; mComputedNightMode=false; mNightMode=1; uiMode=17
10-10 08:14:25.827  1902  1954 I SmartPower: com.xiaomi.discover/10128(11400): idle->background(2608ms) R(broadcast start Intent { act=android.intent.action.BATTERY_CHANGED flg=0x60000010 (has extras) }) adj=905.
10-10 08:14:25.828  1902  1954 I SmartPower: com.android.chrome/10190(9035): idle->background(2609ms) R(broadcast start Intent { act=android.intent.action.BATTERY_CHANGED flg=0x60000010 (has extras) }) adj=900.
10-10 08:14:49.128  1902 23171 W GreezeManager: Slow Greezer: Receive frozen binder trans: dstUid=1000 dstPid=1902 callerUid=1000 callerPid=1186 callerTid=1186 delay=89ms oneway=false
10-10 08:14:49.129  1902 23171 W GreezeManager: Slow Greezer: Receive frozen binder trans: dstUid=1000 dstPid=628 callerUid=0 callerPid=2601 callerTid=2601 delay=90ms oneway=false
10-10 08:14:49.179  1902 23266 I SmartPower: com.google.android.apps.messaging/10181(28276): idle->background(53080ms) R(content provider start ContentProviderRecord{f329b53 u0 com.google.android.apps.messaging/.shared.datamodel.provider.sharedstorage.SharedStorageProvider}) adj=200.
10-10 08:14:49.219  1902  1902 D UiModeManager: updateConfigurationLocked: mDockState=0; mCarMode=false; mCar=false; mPowerSave=false; mOverrideNightModeOn=false; mOverrideNightModeOff=false; mComputedNightMode=false; mNightMode=1; uiMode=17
10-10 08:15:26.729  1902  1902 D UiModeManager: updateConfigurationLocked: mDockState=0; mCarMode=false; mCar=false; mPowerSave=false; mOverrideNightModeOn=false; mOverrideNightModeOff=false; mComputedNightMode=false; mNightMode=1; uiMode=17
10-10 08:15:30.470  1902  2336 D AlarmManager: mBroadcastRefCount -> 1
10-10 08:15:30.489  1902  2336 D AlarmManager: mBroadcastRefCount -> 2
10-10 08:15:30.489  1902  2336 D AlarmManager: mBroadcastRefCount -> 3
10-10 08:15:30.492  1902  2336 D AlarmManager: mBroadcastRefCount -> 4
10-10 08:15:30.497  1902  2336 D AlarmManager: mBroadcastRefCount -> 5
10-10 08:15:30.503  1902  2336 D AlarmManager: mBroadcastRefCount -> 6
10-10 08:15:30.505  1902  1902 D AlarmManager: mBroadcastRefCount -> 5
10-10 08:15:30.505  1902  1902 D AlarmManager: mPendingIntent -> null
10-10 08:15:30.506  1902  1902 D AlarmManager: mBroadcastRefCount -> 4
10-10 08:15:30.506  1902  1902 D AlarmManager: mPendingIntent -> null
10-10 08:15:30.507  1902  1902 D AlarmManager: mBroadcastRefCount -> 3
10-10 08:15:30.507  1902  1902 D AlarmManager: mPendingIntent -> PendingIntent{1c65b1: PendingIntentRecord{c249f82 com.miui.securitycenter startService}}
10-10 08:15:30.507  1902  1902 D AlarmManager: mBroadcastRefCount -> 2
10-10 08:15:30.507  1902  1902 D AlarmManager: mPendingIntent -> PendingIntent{dddd89a: PendingIntentRecord{9055cb com.miui.powerkeeper startService}}
10-10 08:15:30.513  1902  1902 D AlarmManager: mBroadcastRefCount -> 1
10-10 08:15:30.513  1902  1902 D AlarmManager: mPendingIntent -> PendingIntent{5e495df: PendingIntentRecord{1971a6d com.xiaomi.xmsf broadcastIntent}}
10-10 08:15:30.533  1902  1902 D AlarmManager: mBroadcastRefCount -> 0
10-10 08:15:30.533  1902  1902 D AlarmManager: mPendingIntent -> PendingIntent{fffd57e: PendingIntentRecord{6e7adf android broadcastIntent}}
10-10 08:15:30.544  1902  1902 D UiModeManager: updateConfigurationLocked: mDockState=0; mCarMode=false; mCar=false; mPowerSave=false; mOverrideNightModeOn=false; mOverrideNightModeOff=false; mComputedNightMode=false; mNightMode=1; uiMode=17
10-10 08:15:54.861  1902  1902 D UiModeManager: updateConfigurationLocked: mDockState=0; mCarMode=false; mCar=false; mPowerSave=false; mOverrideNightModeOn=false; mOverrideNightModeOff=false; mComputedNightMode=false; mNightMode=1; uiMode=17
10-10 08:18:39.444  1902  2620 I SmartPower: com.xiaomi.discover/10128(11400): background->idle(3028ms) R(broadcast start Intent { act=android.intent.action.BATTERY_CHANGED flg=0x60000010 (has extras) }) adj=905.
10-10 08:18:39.444  1902  2620 I SmartPower: com.android.chrome/10190(9035): background->idle(3027ms) R(broadcast start Intent { act=android.intent.action.BATTERY_CHANGED flg=0x60000010 (has extras) }) adj=900.
10-10 08:18:39.514  1902  1902 D UiModeManager: updateConfigurationLocked: mDockState=0; mCarMode=false; mCar=false; mPowerSave=false; mOverrideNightModeOn=false; mOverrideNightModeOff=false; mComputedNightMode=false; mNightMode=1; uiMode=17
10-10 08:18:39.590  1902  2620 I SmartPower: com.google.android.apps.messaging/10181(28276): background->idle(3000ms) R(content provider start ContentProviderRecord{f329b53 u0 com.google.android.apps.messaging/.shared.datamodel.provider.sharedstorage.SharedStorageProvider}) adj=200.
10-10 08:19:14.562  1902  1902 D UiModeManager: updateConfigurationLocked: mDockState=0; mCarMode=false; mCar=false; mPowerSave=false; mOverrideNightModeOn=false; mOverrideNightModeOff=false; mComputedNightMode=false; mNightMode=1; uiMode=17
10-10 08:19:34.276  1902  1902 D UiModeManager: updateConfigurationLocked: mDockState=0; mCarMode=false; mCar=false; mPowerSave=false; mOverrideNightModeOn=false; mOverrideNightModeOff=false; mComputedNightMode=false; mNightMode=1; uiMode=17
10-10 08:19:34.769  1902  1954 I SmartPower: com.xiaomi.discover/10128(11400): idle->background(2295ms) R(broadcast start Intent { act=android.intent.action.BATTERY_CHANGED flg=0x60000010 (has extras) }) adj=905.
10-10 08:19:34.770  1902  1954 I SmartPower: com.android.chrome/10190(9035): idle->background(2297ms) R(broadcast start Intent { act=android.intent.action.BATTERY_CHANGED flg=0x60000010 (has extras) }) adj=900.
10-10 08:19:40.119  1902  1902 D UiModeManager: updateConfigurationLocked: mDockState=0; mCarMode=false; mCar=false; mPowerSave=false; mOverrideNightModeOn=false; mOverrideNightModeOff=false; mComputedNightMode=false; mNightMode=1; uiMode=17
10-10 08:21:24.547  1902  1902 D UiModeManager: updateConfigurationLocked: mDockState=0; mCarMode=false; mCar=false; mPowerSave=false; mOverrideNightModeOn=false; mOverrideNightModeOff=false; mComputedNightMode=false; mNightMode=1; uiMode=17
10-10 08:21:24.686  1902 23171 W ProcessStats: Tracking association SourceState{b813b1d com.miui.securitycenter.remote/1000 Fgs #319505} whose proc state 3 is better than process ProcessState{3bbc40b com.miui.analytics/10101 pkg=com.miui.analytics} proc state 5 (37 skipped)
10-10 08:23:24.558  1902  1902 D UiModeManager: updateConfigurationLocked: mDockState=0; mCarMode=false; mCar=false; mPowerSave=false; mOverrideNightModeOn=false; mOverrideNightModeOff=false; mComputedNightMode=false; mNightMode=1; uiMode=17
10-10 08:25:01.561  1902  1902 D UiModeManager: updateConfigurationLocked: mDockState=0; mCarMode=false; mCar=false; mPowerSave=false; mOverrideNightModeOn=false; mOverrideNightModeOff=false; mComputedNightMode=false; mNightMode=1; uiMode=17
10-10 08:25:30.468  1902  2336 D AlarmManager: mBroadcastRefCount -> 1
10-10 08:25:30.492  1902  2336 D AlarmManager: mBroadcastRefCount -> 2
10-10 08:25:30.500  1902  2336 D AlarmManager: mBroadcastRefCount -> 3
10-10 08:25:30.502  1902  1902 D AlarmManager: mBroadcastRefCount -> 2
10-10 08:25:30.502  1902  1902 D AlarmManager: mPendingIntent -> null
10-10 08:25:30.503  1902  1902 D AlarmManager: mBroadcastRefCount -> 1
10-10 08:25:30.503  1902  1902 D AlarmManager: mPendingIntent -> PendingIntent{dddd89a: PendingIntentRecord{9055cb com.miui.powerkeeper startService}}
10-10 08:25:30.510  1902  1902 D AlarmManager: mBroadcastRefCount -> 0
10-10 08:25:30.510  1902  1902 D AlarmManager: mPendingIntent -> PendingIntent{f4952e1: PendingIntentRecord{1971a6d com.xiaomi.xmsf broadcastIntent}}
10-10 08:25:30.553  1902  1902 D UiModeManager: updateConfigurationLocked: mDockState=0; mCarMode=false; mCar=false; mPowerSave=false; mOverrideNightModeOn=false; mOverrideNightModeOff=false; mComputedNightMode=false; mNightMode=1; uiMode=17
10-10 08:27:07.252  1902  2620 I SmartPower: com.xiaomi.discover/10128(11400): background->idle(3056ms) R(broadcast start Intent { act=android.intent.action.BATTERY_CHANGED flg=0x60000010 (has extras) }) adj=905.
10-10 08:27:07.252  1902  2620 I SmartPower: com.android.chrome/10190(9035): background->idle(3054ms) R(broadcast start Intent { act=android.intent.action.BATTERY_CHANGED flg=0x60000010 (has extras) }) adj=900.
10-10 08:30:46.466  1902  1902 D UiModeManager: updateConfigurationLocked: mDockState=0; mCarMode=false; mCar=false; mPowerSave=false; mOverrideNightModeOn=false; mOverrideNightModeOff=false; mComputedNightMode=false; mNightMode=1; uiMode=17
10-10 08:31:24.565  1902  1902 D UiModeManager: updateConfigurationLocked: mDockState=0; mCarMode=false; mCar=false; mPowerSave=false; mOverrideNightModeOn=false; mOverrideNightModeOff=false; mComputedNightMode=false; mNightMode=1; uiMode=17
10-10 08:31:24.670  1902  1902 D UiModeManager: updateConfigurationLocked: mDockState=0; mCarMode=false; mCar=false; mPowerSave=false; mOverrideNightModeOn=false; mOverrideNightModeOff=false; mComputedNightMode=false; mNightMode=1; uiMode=17
10-10 08:33:07.386  1902  1902 D UiModeManager: updateConfigurationLocked: mDockState=0; mCarMode=false; mCar=false; mPowerSave=false; mOverrideNightModeOn=false; mOverrideNightModeOff=false; mComputedNightMode=false; mNightMode=1; uiMode=17
10-10 08:33:10.775  1902  1954 I SmartPower: com.xiaomi.discover/10128(11400): idle->background(3914ms) R(broadcast start Intent { act=android.intent.action.BATTERY_CHANGED flg=0x60000010 (has extras) }) adj=905.
10-10 08:33:10.776  1902  1954 I SmartPower: com.android.chrome/10190(9035): idle->background(3915ms) R(broadcast start Intent { act=android.intent.action.BATTERY_CHANGED flg=0x60000010 (has extras) }) adj=900.
10-10 08:33:10.805  1902  1937 D Persistence: writeHistoricalOpsDLocked 5 ms.
10-10 08:33:10.840  1902  1937 D Persistence: writeHistoricalOpsDLocked 9 ms.
10-10 08:33:10.854  1902  1937 D Persistence: writeHistoricalOpsDLocked 5 ms.
10-10 08:34:30.638  1902  2620 I SmartPower: com.xiaomi.discover/10128(11400): background->idle(3005ms) R(broadcast start Intent { act=android.intent.action.BATTERY_CHANGED flg=0x60000010 (has extras) }) adj=905.
10-10 08:34:30.638  1902  2620 I SmartPower: com.android.chrome/10190(9035): background->idle(3005ms) R(broadcast start Intent { act=android.intent.action.BATTERY_CHANGED flg=0x60000010 (has extras) }) adj=900.
10-10 08:34:36.040  1902  1947 D HeapUsage Monitor: HeapAllocSize : 91MB; monitorSize : 500MB
10-10 08:35:30.466  1902  2336 D AlarmManager: mBroadcastRefCount -> 1
10-10 08:35:30.491  1902  2336 D AlarmManager: mBroadcastRefCount -> 2
10-10 08:35:30.495  1902  2336 D AlarmManager: mBroadcastRefCount -> 3
10-10 08:35:30.496  1902  2336 D AlarmManager: mBroadcastRefCount -> 4
10-10 08:35:30.497  1902  2336 D AlarmManager: mBroadcastRefCount -> 5
10-10 08:35:30.500  1902  2336 D AlarmManager: mBroadcastRefCount -> 6
10-10 08:35:30.507  1902  2336 W ProcessStats: Tracking association SourceState{bb2d9af com.xiaomi.mi_connect_service/1000 Fgs #319536} whose proc state 3 is better than process ProcessState{3bbc40b com.miui.analytics/10101 pkg=com.miui.analytics} proc state 5 (6 skipped)
10-10 08:35:30.509  1902  2336 D AlarmManager: mBroadcastRefCount -> 7
10-10 08:35:30.519  1902  2336 D AlarmManager: mBroadcastRefCount -> 8
10-10 08:35:30.525  1902  2336 D AlarmManager: mBroadcastRefCount -> 9
10-10 08:35:30.526  1902  2336 E AlarmManager: Attempt to decrement existing alarm count 0 by 1 for uid 1000
10-10 08:35:30.527  1902  2323 D AlarmManager: mBroadcastRefCount -> 8
10-10 08:35:30.527  1902  2323 D AlarmManager: mPendingIntent -> null
10-10 08:35:30.529  1902  1902 D AlarmManager: mBroadcastRefCount -> 7
10-10 08:35:30.529  1902  1902 D AlarmManager: mPendingIntent -> null
10-10 08:35:30.547  1902  2336 D AlarmManager: mBroadcastRefCount -> 8
10-10 08:35:30.557  1902  2336 D AlarmManager: mBroadcastRefCount -> 9
10-10 08:35:30.559  1902 23257 I SmartPower: com.miui.home/10085(3001): idle->background(26551ms) R(content provider start ContentProviderRecord{e32c05d u0 com.miui.home/.launcher.LauncherProvider}) adj=0.
10-10 08:35:30.578  1902  2336 D AlarmManager: mBroadcastRefCount -> 10
10-10 08:35:30.580  1902  2336 D AlarmManager: mBroadcastRefCount -> 11
10-10 08:35:30.583  1902  1902 D AlarmManager: mBroadcastRefCount -> 10
10-10 08:35:30.583  1902  1902 D AlarmManager: mPendingIntent -> null
10-10 08:35:30.595  1902  1902 D AlarmManager: mBroadcastRefCount -> 9
10-10 08:35:30.595  1902  1902 D AlarmManager: mPendingIntent -> null
10-10 08:35:30.595  1902  1902 D AlarmManager: mBroadcastRefCount -> 8
10-10 08:35:30.595  1902  1902 D AlarmManager: mPendingIntent -> null
10-10 08:35:30.596  1902  1902 D AlarmManager: mBroadcastRefCount -> 7
10-10 08:35:30.596  1902  1902 D AlarmManager: mPendingIntent -> PendingIntent{d9bfcd5: PendingIntentRecord{5522b1c com.miui.analytics startService}}
10-10 08:35:30.596  1902  1902 D AlarmManager: mBroadcastRefCount -> 6
10-10 08:35:30.596  1902  1902 D AlarmManager: mPendingIntent -> PendingIntent{251deb5: PendingIntentRecord{c249f82 com.miui.securitycenter startService}}
10-10 08:35:30.597  1902  1902 D AlarmManager: mBroadcastRefCount -> 5
10-10 08:35:30.597  1902  1902 D AlarmManager: mPendingIntent -> PendingIntent{dddd89a: PendingIntentRecord{9055cb com.miui.powerkeeper startService}}
10-10 08:35:30.598  1902  1902 D AlarmManager: mBroadcastRefCount -> 4
10-10 08:35:30.598  1902  1902 D AlarmManager: mPendingIntent -> PendingIntent{67ece72: PendingIntentRecord{c1fbc44 com.miui.msa.global startService}}
10-10 08:35:30.601 29223  5901 I Ad      : isPersonalizedAdEnabled getAdSettings: 3
10-10 08:35:30.603 29223  5902 I Ad      : isPersonalizedAdEnabled getAdSettings: 3
10-10 08:35:30.609  1902  1902 D AlarmManager: mBroadcastRefCount -> 3
10-10 08:35:30.609  1902  1902 D AlarmManager: mPendingIntent -> PendingIntent{49189ab: PendingIntentRecord{f2be808 com.miui.msa.global startService}}
10-10 08:35:30.609  1902  1902 D AlarmManager: mBroadcastRefCount -> 2
10-10 08:35:30.609  1902  1902 D AlarmManager: mPendingIntent -> PendingIntent{814828d: PendingIntentRecord{690bc42 com.miui.msa.global startService}}
10-10 08:35:30.609  1902  1902 D AlarmManager: mBroadcastRefCount -> 1
10-10 08:35:30.609  1902  1902 D AlarmManager: mPendingIntent -> null
10-10 08:35:30.610 29223  5903 I Ad      : isPersonalizedAdEnabled getAdSettings: 3
10-10 08:35:30.614  1902  1902 D AlarmManager: mBroadcastRefCount -> 0
10-10 08:35:30.614  1902  1902 D AlarmManager: mPendingIntent -> PendingIntent{d58bee: PendingIntentRecord{1971a6d com.xiaomi.xmsf broadcastIntent}}
10-10 08:35:30.618 29223  5904 I Ad      : isPersonalizedAdEnabled getAdSettings: 3
10-10 08:35:30.625  1902  1902 D UiModeManager: updateConfigurationLocked: mDockState=0; mCarMode=false; mCar=false; mPowerSave=false; mOverrideNightModeOn=false; mOverrideNightModeOff=false; mComputedNightMode=false; mNightMode=1; uiMode=17
10-10 08:35:31.031  1902 10935 W ActivityManager: Unable to start service Intent { act=com.android.calendar.RECEIVE_AD_ZIP_PATH pkg=com.android.calendar (has extras) } U=0: not found
10-10 08:35:31.033  1902 10935 W ActivityManager: Unable to start service Intent { act=com.android.calendar.RECEIVE_AD_ZIP_PATH pkg=com.android.calendar (has extras) } U=0: not found
10-10 08:35:31.036  1902 10935 W ActivityManager: Unable to start service Intent { act=com.android.calendar.RECEIVE_AD_ZIP_PATH pkg=com.android.calendar (has extras) } U=0: not found
10-10 08:35:31.101  1902  1954 I SmartPower: com.xiaomi.discover/10128(11400): idle->background(3074ms) R(broadcast start Intent { act=android.intent.action.BATTERY_CHANGED flg=0x60000010 (has extras) }) adj=905.
10-10 08:35:31.102  1902  1954 I SmartPower: com.android.chrome/10190(9035): idle->background(3074ms) R(broadcast start Intent { act=android.intent.action.BATTERY_CHANGED flg=0x60000010 (has extras) }) adj=900.
10-10 08:35:31.416 29223 29399 I Ad      : isPersonalizedAdEnabled getAdSettings: 3
10-10 08:35:35.966  1902 23265 W GreezeManager: Slow Greezer: Receive frozen binder trans: dstUid=1017 dstPid=691 callerUid=1000 callerPid=692 callerTid=692 delay=84ms oneway=false
10-10 08:35:35.966  1902 23265 W GreezeManager: Slow Greezer: Receive frozen binder trans: dstUid=1000 dstPid=628 callerUid=0 callerPid=2601 callerTid=2601 delay=83ms oneway=false
10-10 08:35:35.968   691  5900 W keystore2: system/security/keystore2/src/watchdog.rs:114 - ### Keystore Watchdog report - BEGIN ###
10-10 08:35:35.968   691  5900 W keystore2: system/security/keystore2/src/watchdog.rs:123 - When extracting from a bug report, please include this header
10-10 08:35:35.968   691  5900 W keystore2: system/security/keystore2/src/watchdog.rs:124 - and all 2 records below.
10-10 08:35:35.968   691  5900 W keystore2: system/security/keystore2/src/watchdog.rs:164 - ThreadId(25) IKeystoreOperation::finish Pending: 3.623375154s Overdue 3.123377231s
10-10 08:35:35.968   691  5900 W keystore2: system/security/keystore2/src/watchdog.rs:164 - ThreadId(25) Operation::finish: calling finish Pending: 3.623364308s Overdue 3.123365153s
10-10 08:35:35.968   691  5900 W keystore2: system/security/keystore2/src/watchdog.rs:175 - ### Keystore Watchdog report - END ###
10-10 08:35:36.204  1902  1902 D UiModeManager: updateConfigurationLocked: mDockState=0; mCarMode=false; mCar=false; mPowerSave=false; mOverrideNightModeOn=false; mOverrideNightModeOff=false; mComputedNightMode=false; mNightMode=1; uiMode=17
10-10 08:36:39.953  1902 23265 W GreezeManager: Slow Greezer: Receive frozen binder trans: dstUid=1017 dstPid=691 callerUid=1000 callerPid=692 callerTid=692 delay=87ms oneway=false
10-10 08:36:39.954  1902 23265 W GreezeManager: Slow Greezer: Receive frozen binder trans: dstUid=1000 dstPid=628 callerUid=0 callerPid=2601 callerTid=2601 delay=88ms oneway=false
10-10 08:36:39.958   691  5900 W keystore2: system/security/keystore2/src/watchdog.rs:114 - ### Keystore Watchdog report - BEGIN ###
10-10 08:36:39.958   691  5900 W keystore2: system/security/keystore2/src/watchdog.rs:123 - When extracting from a bug report, please include this header
10-10 08:36:39.958   691  5900 W keystore2: system/security/keystore2/src/watchdog.rs:124 - and all 2 records below.
10-10 08:36:39.958   691  5900 W keystore2: system/security/keystore2/src/watchdog.rs:154 - ThreadId(37) IKeystoreSecurityLevel::createOperation Pending: 63.562918541s Overdue 63.062921233s: SecurityLevel r#TRUSTED_ENVIRONMENT
10-10 08:36:39.958   691  5900 W keystore2: system/security/keystore2/src/watchdog.rs:154 - ThreadId(37) In KeystoreSecurityLevel::create_operation: calling begin Pending: 63.552440311s Overdue 63.052441849s: SecurityLevel r#TRUSTED_ENVIRONMENT
10-10 08:36:39.958   691  5900 W keystore2: system/security/keystore2/src/watchdog.rs:175 - ### Keystore Watchdog report - END ###
10-10 08:36:40.021  1902  1902 D UiModeManager: updateConfigurationLocked: mDockState=0; mCarMode=false; mCar=false; mPowerSave=false; mOverrideNightModeOn=false; mOverrideNightModeOff=false; mComputedNightMode=false; mNightMode=1; uiMode=17
10-10 08:36:52.483  1902  2620 I SmartPower: com.miui.home/10085(3001): background->idle(3002ms) R(content provider start ContentProviderRecord{e32c05d u0 com.miui.home/.launcher.LauncherProvider}) adj=100.
10-10 08:38:13.310  1902  1902 D UiModeManager: updateConfigurationLocked: mDockState=0; mCarMode=false; mCar=false; mPowerSave=false; mOverrideNightModeOn=false; mOverrideNightModeOff=false; mComputedNightMode=false; mNightMode=1; uiMode=17
10-10 08:38:13.331  1902  2620 I SmartPower: com.xiaomi.discover/10128(11400): background->idle(3000ms) R(broadcast start Intent { act=android.intent.action.BATTERY_CHANGED flg=0x60000010 (has extras) }) adj=905.
10-10 08:38:13.331  1902  2620 I SmartPower: com.android.chrome/10190(9035): background->idle(3000ms) R(broadcast start Intent { act=android.intent.action.BATTERY_CHANGED flg=0x60000010 (has extras) }) adj=900.
10-10 08:38:46.094  1902 15926 I PowerGroup: Waking up power group from Dozing (groupId=0, uid=1000, reason=WAKE_REASON_UNKNOWN, details=com.android.systemui:PICK_UP)...
10-10 08:38:46.101  1902 15926 I PowerManagerService: Waking up from Dozing (uid=1000, reason=WAKE_REASON_UNKNOWN, details=com.android.systemui:PICK_UP)...
10-10 08:38:46.104  1902  1902 I WindowManager: Started waking up... (groupId=0 why=ON_BECAUSE_OF_UNKNOWN)
10-10 08:38:46.120  1902  1977 I DisplayPowerController[0]: Blocking screen on until initial contents have been drawn.
10-10 08:38:46.120  1902  1977 I WindowManager: Display 0 turning on...
10-10 08:38:46.128  1902  1902 E ActivityManager: Cancel pending or running compactions as system is awake
10-10 08:38:46.132  2983  2983 I KeyguardSensorInjector: keyguard_screen_on_reason:pick up
10-10 08:38:46.132  1902  1977 W DaemonSensorPolicy: the sensor of the type 33171055 is not in daemon sensor list!
10-10 08:38:46.133  1902  1977 I AutomaticBrightnessController: AmbientLux=0.0, mAmbientDarkeningThreshold=0.0, mAmbientBrighteningThreshold=2.0, mAmbientBrighteningSmallThreshold=2.0
10-10 08:38:46.133  1902  1977 I DualSensorPolicy: setSensorEnabled: register the assist light sensor.
10-10 08:38:46.133  1902  1977 I AutomaticBrightnessController: updateAutoBrightness: mScreenAutoBrightness=NaN, newScreenAutoBrightness=0.0038966879 (checkedAutoBrightness=65), mAmbientLux=0.0, mUseDaemonSensorInProgress=true
10-10 08:38:46.135  1902  1977 D DisplayPowerControllerImpl: updateBrightnessChangeStatus: animating: false, displayState: 2, slowChange: false, appliedDimming: false, appliedLowPower: false, currentBrightness: 0.0, currentSdrBrightness: 0.0, targetBrightness: 0.0038966879, targetSdrBrightness: 0.0038966879, previousDisplayPolicy: 1, currentDisplayPolicy: 3
10-10 08:38:46.137  1902  1977 I DisplayPowerController[0]: Brightness [0.0038966879] reason changing to: 'automatic', previous reason: 'screen_off'.
10-10 08:38:46.137  1902  1977 I DisplayPowerController[0]: BrightnessEvent: disp=0, physDisp=local:4627039422300187648, brt=0.0038966879, initBrt=-1.0, rcmdBrt=0.0038966879, preBrt=NaN, lux=NaN, preLux=NaN, hbmMax=0.499938, hbmMode=off, rbcStrength=50, thrmMax=1.0, powerFactor=1.0, wasShortTermModelActive=false, flags=invalid_lux , reason=automatic, autoBrightness=true, strategy=
10-10 08:38:46.141  1902  1977 I AutomaticBrightnessController: AmbientLux=0.0, mAmbientDarkeningThreshold=0.0, mAmbientBrighteningThreshold=2.0, mAmbientBrighteningSmallThreshold=2.0
10-10 08:38:46.143  1902  1977 I DaemonSensorPolicy: unregister daemon light sensor.
10-10 08:38:46.148  1902  2652 I LocalDisplayAdapter: setDisplayState(id=4627039422300187648, state=ON)
10-10 08:38:46.159  1902  1938 D TAG     : Remove previously redundant display event 0/4 to 10075/2415
10-10 08:38:46.159  1902  1938 D TAG     : Remove previously redundant display event 0/4 to 10132/5492
10-10 08:38:46.159  1902  1938 D TAG     : Remove previously redundant display event 0/4 to 6101/8896
10-10 08:38:46.159  1902  1938 D TAG     : Remove previously redundant display event 0/4 to 10190/9035
10-10 08:38:46.159  1902  1938 D TAG     : Remove previously redundant display event 0/4 to 10313/9231
10-10 08:38:46.159  1902  1938 D TAG     : Remove previously redundant display event 0/4 to 10121/10538
10-10 08:38:46.159  1902  1938 D TAG     : Remove previously redundant display event 0/4 to 10190/11725
10-10 08:38:46.159  1902  1938 D TAG     : Remove previously redundant display event 0/4 to 10150/20996
10-10 08:38:46.159  1902  1938 D TAG     : Remove previously redundant display event 0/4 to 10131/23667
10-10 08:38:46.159  1902  1938 D TAG     : Remove previously redundant display event 0/4 to 10312/31305
10-10 08:38:46.159  1902  1938 D TAG     : Remove previously redundant display event 0/4 to 10184/31626
10-10 08:38:46.160  1902  1938 I DisplayDeviceRepository: Display device changed state: "Built-in Screen", ON
10-10 08:38:46.162  1902  1938 D TAG     : Remove previously redundant display event 0/2 to 10075/2415
10-10 08:38:46.164  1902  1938 D TAG     : Remove previously redundant display event 0/2 to 10132/5492
10-10 08:38:46.164  1902  1938 D TAG     : Remove previously redundant display event 0/2 to 6101/8896
10-10 08:38:46.164  1902  1938 D TAG     : Remove previously redundant display event 0/2 to 10190/9035
10-10 08:38:46.164  1902  1938 D TAG     : Remove previously redundant display event 0/2 to 10313/9231
10-10 08:38:46.164  1902  1938 D TAG     : Remove previously redundant display event 0/2 to 10121/10538
10-10 08:38:46.164  1902  1938 D TAG     : Remove previously redundant display event 0/2 to 10190/11725
10-10 08:38:46.164  1902 15926 I SmartPower: com.miui.weather2/10228(25613): idle->background(306813ms) R(content provider start ContentProviderRecord{ed9d438 u0 com.miui.weather2/.providers.WeatherProvider}) adj=0.
10-10 08:38:46.166  1902  1938 D TAG     : Remove previously redundant display event 0/2 to 10150/20996
10-10 08:38:46.170  2983  3794 I KeyguardSensorInjector: register large area touch sensor
10-10 08:38:46.182  1902  1938 D TAG     : Remove previously redundant display event 0/2 to 10131/23667
10-10 08:38:46.182  1902  1938 D TAG     : Remove previously redundant display event 0/2 to 10312/31305
10-10 08:38:46.182  1902  1938 D TAG     : Remove previously redundant display event 0/2 to 10184/31626
10-10 08:38:46.185  1902  2600 D isUidValid: uid = 10228
10-10 08:38:46.185  1902  1939 I DisplayDevice: [0] Layerstack set to 0 for local:4627039422300187648
10-10 08:38:46.188  1902  1902 D AlarmManager: mBroadcastRefCount -> 1
10-10 08:38:46.189  1902  1902 D AlarmManager: mBroadcastRefCount -> 2
10-10 08:38:46.191  1902  1902 D AlarmManager: mBroadcastRefCount -> 1
10-10 08:38:46.191  1902  1902 D AlarmManager: mPendingIntent -> null
10-10 08:38:46.200  1902  2640 D AlarmManager: mBroadcastRefCount -> 0
10-10 08:38:46.200  1902  2640 D AlarmManager: mPendingIntent -> null
10-10 08:38:46.231  1902 23266 D MiuiFreeFormManagerService: getAllFreeFormStackInfosOnDisplay list=0
10-10 08:38:46.314  1902  1958 I ExtM    : zram userate is low, no need to flush: 23
10-10 08:38:46.319  1902  1938 I DisplayDeviceRepository: Display device changed state: "Built-in Screen", ON
10-10 08:38:46.319  1902  2652 I PowerManagerNotifier: display state changed (groupId=0)
10-10 08:38:46.322  1902  2619 D DisplayFeatureManagerService: setScreenEffect displayId=0 mode=23 value=2 cookie=255 from pid=1902
10-10 08:38:46.322  1902  2619 D DisplayFeatureManagerService: setScreenEffect displayId=0 mode=0 value=2 cookie=255 from pid=1902
10-10 08:38:46.323  1902  1938 D TAG     : Remove previously redundant display event 0/2 to 10075/2415
10-10 08:38:46.324  1902  1938 D TAG     : Remove previously redundant display event 0/2 to 10132/5492
10-10 08:38:46.324  1902  1938 D TAG     : Remove previously redundant display event 0/2 to 6101/8896
10-10 08:38:46.324  1902  1938 D TAG     : Remove previously redundant display event 0/2 to 10190/9035
10-10 08:38:46.324  1902  1938 D TAG     : Remove previously redundant display event 0/2 to 10313/9231
10-10 08:38:46.324  1902  1938 D TAG     : Remove previously redundant display event 0/2 to 10121/10538
10-10 08:38:46.324  1902  1938 D TAG     : Remove previously redundant display event 0/2 to 10190/11725
10-10 08:38:46.325  1902  1938 D TAG     : Remove previously redundant display event 0/2 to 10150/20996
10-10 08:38:46.325  1902  1938 D TAG     : Remove previously redundant display event 0/2 to 10131/23667
10-10 08:38:46.325  1902  1938 D TAG     : Remove previously redundant display event 0/2 to 10312/31305
10-10 08:38:46.325  1902  1938 D TAG     : Remove previously redundant display event 0/2 to 10184/31626
10-10 08:38:46.337  1902  2612 D SchedBoost: startBoostInternal 1000
10-10 08:38:46.343  1902  2775 I WindowManager: mKeyguardDelegate.ShowListener.onDrawn.
10-10 08:38:46.343  1902  1936 W WindowManager: Setting mKeyguardDrawComplete
10-10 08:38:46.350  1902 15926 W NotificationHistory: Attempted to add notif for locked/gone/disabled user 0
10-10 08:38:46.353  1902 15926 W NotificationHistory: Attempted to add notif for locked/gone/disabled user 0
10-10 08:38:46.355  1902 15926 W NotificationHistory: Attempted to add notif for locked/gone/disabled user 0
10-10 08:38:46.358  1902 15926 W NotificationHistory: Attempted to add notif for locked/gone/disabled user 0
10-10 08:38:46.360  1902  3385 D PerfShielderService: com.android.systemui|com.android.systemui-Not-1939607582|899|103933033959194|265|5|19
10-10 08:38:46.361  1902 15926 W NotificationHistory: Attempted to add notif for locked/gone/disabled user 0
10-10 08:38:46.368  1229  1600 W EventThreadInspector: slow VSync-app on display(4627039422300187648) count=26, avg=33 ms, max=33 ms.
10-10 08:38:46.374  1902  2771 W WindowManager: finishDrawingWindow: Window{713d2d6 u0 NotificationShade} mDrawState=DRAW_PENDING
10-10 08:38:46.374  1902  2771 D WindowManager: wms.finishDrawingLocked: mDrawState=COMMIT_DRAW_PENDING Window{713d2d6 u0 NotificationShade} in Surface(name=NotificationShade#15519)/@0xe19366d
10-10 08:38:46.380  1902  1936 W WindowManager: All windows drawn on display -1
10-10 08:38:46.384  1902  1977 I DisplayPowerController[0]: Unblocked screen on after 264 ms
10-10 08:38:46.384  1902  1977 I DisplayPowerController[0]: BrightnessEvent: disp=0, physDisp=local:4627039422300187648, brt=0.0038966879, initBrt=0.0038966879, rcmdBrt=0.0038966879, preBrt=NaN, lux=0.0, preLux=NaN, hbmMax=0.499938, hbmMode=off, rbcStrength=50, thrmMax=1.0, powerFactor=1.0, wasShortTermModelActive=false, flags=, reason=automatic, autoBrightness=true, strategy=
10-10 08:38:46.385  1902  1977 I WindowManager: Display 0 turned on...
10-10 08:38:46.385  1902  1977 W PowerManagerService: Screen on took 293 ms
10-10 08:38:46.392  1902  1977 I DreamManagerService: Leaving dreamland.
10-10 08:38:46.398  1902  1919 I DreamController: Stopping dream: name=ComponentInfo{com.android.systemui/com.android.systemui.doze.DozeService}, isPreviewMode=false, canDoze=true, userId=0, reason='power manager request'
10-10 08:38:46.401  1902  1902 W Looper  : Slow dispatch took 193ms main h=android.app.ActivityThread$H c=android.app.LoadedApk$ReceiverDispatcher$Args$$ExternalSyntheticLambda0@46fd6ae m=0
10-10 08:38:46.403  1902  1902 I WindowManager: Finished setting display state ... (groupId=0)
10-10 08:38:46.409  1902  1902 I WindowManager: Finished waking up... (groupId=0 why=ON_BECAUSE_OF_UNKNOWN)
10-10 08:38:46.409  1902  1902 D MBrainLocalService: isVendorFreezeConditionPass is false
10-10 08:38:46.409  1902  1902 E ScreenIntentReceiver: notifyChange failed
10-10 08:38:46.415  1902  1902 D StorageManagerService: Get the action of screen on
10-10 08:38:46.418   640  5978 D vold    : idle maintenance stopped
10-10 08:38:46.466  1902  1954 I SmartPower: com.google.android.inputmethod.latin/10196(22721): idle->background(306713ms) R(broadcast start Intent { act=android.intent.action.SCREEN_ON flg=0x50200010 }) adj=100.
10-10 08:38:46.657  1902  2568 D CompatibilityChangeReporter: Compat change id reported: 319212206; UID 1000; state: DISABLED
10-10 08:38:46.658  1902  2568 D CompatibilityChangeReporter: Compat change id reported: 319212206; UID 1000; state: ENABLED
10-10 08:38:46.669  1902  3317 I ActivityManager: Process com.miui.cleaner (pid 2415) has died: cch+65 CEM 
10-10 08:38:46.670  1902  2611 E ProcessManager: error write exception log
10-10 08:38:46.671  1902  1936 D DisplayManagerService: Drop pending events for gone uid 10075
10-10 08:38:46.702  1902  1954 I SmartPower: com.xiaomi.simactivate.service/10148(31844): idle->background(1073792ms) R(broadcast start Intent { act=android.intent.action.SCREEN_ON flg=0x50200010 }) adj=965.
10-10 08:38:46.702  1902  1954 I SmartPower: com.mi.globalminusscreen/10076(31794): idle->background(256974ms) R(broadcast start Intent { act=android.intent.action.SCREEN_ON flg=0x50200010 }) adj=100.
10-10 08:38:46.702  1902  1954 I SmartPower: com.android.mms/10301(2523): idle->background(1073788ms) R(broadcast start Intent { act=android.intent.action.SCREEN_ON flg=0x50200010 }) adj=965.
10-10 08:38:46.704  1902  3385 I ActivityManager: Process com.android.vending:quick_launch (pid 25808) has died: cch+65 CEM 
10-10 08:38:46.705  1902  2611 E ProcessManager: error write exception log
10-10 08:38:46.715  1902  2699 D ExtM    : -----------------------
10-10 08:38:46.726   640  5988 D vold    : stopFlush enter
10-10 08:38:46.729   640  5988 D vold    : flush process is not running
10-10 08:38:46.729  1902  3385 W ExtM    : The flush thread is not running
10-10 08:38:46.731  1902  1954 I SmartPower: com.xiaomi.glgm/10132(5492): idle->background(43488ms) R(broadcast start Intent { act=android.intent.action.SCREEN_ON flg=0x50200010 }) adj=905.
10-10 08:38:46.739  1902  1954 I SmartPower: com.miui.global.packageinstaller/10123(10224): idle->background(257455ms) R(broadcast start Intent { act=android.intent.action.SCREEN_ON flg=0x50200010 }) adj=905.
10-10 08:38:46.748  1902  1958 I ExtM    : zram userate is low, no need to flush: 23
10-10 08:38:46.760  1902  1954 I SmartPower: com.mi.android.globalFileexplorer/10121(10538): idle->background(1073806ms) R(broadcast start Intent { act=android.intent.action.SCREEN_ON flg=0x50200010 }) adj=901.
