10-13 11:58:15.253  1902  2620 I SmartPower: com.android.chrome:sandboxed_process0:org.chromium.content.app.SandboxedProcessSerbackground->idle(31601ms) R(adj below visible) adj=700.
10-13 11:58:15.253  1902  2620 I SmartPower: com.android.chrome:sandboxed_process0:org.chromium.content.app.SandboxedProcessSerbackground->idle(31602ms) R(adj below visible) adj=700.
10-13 11:58:15.339  1902  1954 I SmartPower: com.xiaomi.discover/10128(15953): idle->background(29785ms) R(broadcast start Intent { act=android.intent.action.BATTERY_CHANGED flg=0x60000010 (has extras) }) adj=905.
10-13 11:58:15.340  1902  1954 I SmartPower: com.microsoft.teams/10321(21803): idle->background(29786ms) R(broadcast start Intent { act=android.intent.action.BATTERY_CHANGED flg=0x60000010 (has extras) }) adj=905.
10-13 11:58:15.891  1556  1556 I wificond: station_bandwidth: 
10-13 11:58:15.996  1902  2620 I SmartPower: com.android.chrome:sandboxed_process0:org.chromium.content.app.SandboxedProcessSerbackground->idle(32432ms) R(adj below visible) adj=700.
10-13 11:58:16.026  1902  2776 I ActivityManager: Force stopping eu.europa.ec.euidi appid=10390 user=0: from process:11244
10-13 11:58:16.028  1902  2611 E ProcessManager: error write exception log
10-13 11:58:16.029  1902  2776 E ActivityManager: Unable to freeze binder for 10949: java.lang.RuntimeException: Unable to freeze/unfreeze binder
10-13 11:58:16.032  1902  2776 I ActivityManager: Killing 10949:eu.europa.ec.euidi/u0a390 (adj 0): stop eu.europa.ec.euidi due to from process:11244
10-13 11:58:16.032  1902  1936 D DisplayManagerService: Drop pending events for gone uid 10390
10-13 11:58:16.037  1902  2776 W ActivityTaskManager: Force removing ActivityRecord{b967597 u0 eu.europa.ec.euidi/eu.europa.ec.assemblylogic.ui.MainActivity t761 f}}: app died, no saved state
10-13 11:58:16.038  1902  2776 D WindowManager: Requesting StartTransition: TransitionRecord{a51b851 id=1668 type=CLOSE flags=0x0}
10-13 11:58:16.039  1902  2776 D WindowManager: Collecting in transition 1668: Task{ae4384 #761 type=standard A=10390:eu.europa.ec.euidi} init visibleRequested:true
10-13 11:58:16.041  1902  2776 D WindowManager: Collecting in transition 1668: ActivityRecord{b967597 u0 eu.europa.ec.euidi/eu.europa.ec.assemblylogic.ui.MainActivity t761 f}} init visibleRequested:false
10-13 11:58:16.043  1902  2776 W WindowManager: Changing focus from Window{2f82698 u0 eu.europa.ec.euidi/eu.europa.ec.assemblylogic.ui.MainActivity} to null displayId=0 Callers=com.android.server.wm.RootWindowContainer.updateFocusedWindowLocked:557 com.android.server.wm.WindowManagerService.updateFocusedWindowLocked:6962 com.android.server.wm.ActivityRecord.onRemovedFromDisplay:5154 com.android.server.wm.DisplayContent.removeAppToken:1757 
10-13 11:58:16.044  1902  2776 D WindowManager: wms.Input focus has changed to null display=0 updateInputWindows = true
10-13 11:58:16.044  1902  2776 I MultiSenceManagerInternalStub: getInstance
10-13 11:58:16.049  1902  2776 D WindowManager: Collecting in transition 1668: ActivityRecord{84f79ca u0 com.android.chrome/org.chromium.chrome.browser.ChromeTabbedActivity t756} init visibleRequested:false
10-13 11:58:16.051  1902  2776 I SmartPower: com.android.chrome:privileged_process0/10190(9726): idle->invisible(859ms) R(become foreground) adj=700.
10-13 11:58:16.052  1902  2776 I SmartPower: com.android.chrome/10190(9617): idle->invisible(858ms) R(become foreground) adj=700.
10-13 11:58:16.052  1902  2776 D WindowManager: Collecting in transition 1668: ActivityRecord{84f79ca u0 com.android.chrome/org.chromium.chrome.browser.ChromeTabbedActivity t756} init visibleRequested:true
10-13 11:58:16.058  1902 23268 D WindowManager: Set transition=TransitionRecord{a51b851 id=1668 type=CLOSE flags=0x0}, ready=true, SyncId=1668 
10-13 11:58:16.059  2983  3075 D MiuiFullScreenTaskRepository: removeFocusedTask displayId=0
10-13 11:58:16.059  2983  3075 D MiuiFullScreenTaskRepository: addOrUpdateFullScreenTaskInfo taskId=761, topActivity=null
10-13 11:58:16.059  2983  3075 D MiuiFullScreenTaskRepository: addOrUpdateFullScreenTaskInfo taskId=756, topActivity=ComponentInfo{com.android.chrome/org.chromium.chrome.browser.ChromeTabbedActivity}
10-13 11:58:16.060  1902 23268 D CompatibilityChangeReporter: Compat change id reported: 319212206; UID 10190; state: ENABLED
10-13 11:58:16.062  1902  1939 I BLASTSyncEngine: SyncGroup 1668:  Unfinished container:ActivityRecord{84f79ca u0 com.android.chrome/org.chromium.chrome.browser.ChromeTabbedActivity t756}
10-13 11:58:16.062  1902  1939 I BLASTSyncEngine: isActivitySyncFinished isSyncFinished false ActivityRecord{84f79ca u0 com.android.chrome/org.chromium.chrome.browser.ChromeTabbedActivity t756}
10-13 11:58:16.070  1902  2304 I WindowManager: WIN DEATH: Window{2f82698 u0 eu.europa.ec.euidi/eu.europa.ec.assemblylogic.ui.MainActivity}
10-13 11:58:16.071  1902  1936 D Aurogon :  uid = 10190 switch to FG
10-13 11:58:16.073  1902  2304 I BLASTSyncEngine: SyncGroup 1668:  Unfinished container:ActivityRecord{84f79ca u0 com.android.chrome/org.chromium.chrome.browser.ChromeTabbedActivity t756}
10-13 11:58:16.073  1902  2304 I BLASTSyncEngine: isActivitySyncFinished isSyncFinished false ActivityRecord{84f79ca u0 com.android.chrome/org.chromium.chrome.browser.ChromeTabbedActivity t756}
10-13 11:58:16.079  1902  1918 D CoreBackPreview: Window{75116e2 u0 com.android.chrome/org.chromium.chrome.browser.ChromeTabbedActivity}: Setting back callback OnBackInvokedCallbackInfo{mCallback=android.window.IOnBackInvokedCallback$Stub$Proxy@54170a8, mPriority=0, mIsAnimationCallback=true}
10-13 11:58:16.080  1902  1936 E MBrainLocalService: MBrainJava launch failed: SecurityException
10-13 11:58:16.080  1902  2776 D WindowManager: Set transition=TransitionRecord{a51b851 id=1668 type=CLOSE flags=0x0}, ready=true, SyncId=1668 
10-13 11:58:16.084  1902  2776 I AppsFilter: interaction: PackageSetting{3102a1f com.android.microdroid.empty_payload/10336} -> PackageSetting{72057c1 eu.europa.ec.euidi/10390} BLOCKED
10-13 11:58:16.084  1902  2776 I AppsFilter: interaction: PackageSetting{4720335 io.appium.uiautomator2.server.test/10379} -> PackageSetting{72057c1 eu.europa.ec.euidi/10390} BLOCKED
10-13 11:58:16.084  1902  2776 I AppsFilter: interaction: PackageSetting{183b3ca com.fido.asm/10112} -> PackageSetting{72057c1 eu.europa.ec.euidi/10390} BLOCKED
10-13 11:58:16.084  1902  2776 I AppsFilter: interaction: PackageSetting{e17493b io.appium.uiautomator2.server/10378} -> PackageSetting{72057c1 eu.europa.ec.euidi/10390} BLOCKED
10-13 11:58:16.084  1902  2776 I AppsFilter: interaction: PackageSetting{6dc5858 io.appium.settings/10326} -> PackageSetting{72057c1 eu.europa.ec.euidi/10390} BLOCKED
10-13 11:58:16.088  1902  1958 I ExtM    : zram userate is low, no need to flush: 28
10-13 11:58:16.106  2983  5522 D MiuiFreeformModeObserver: activityResumed() intent： Intent { cmp=com.android.chrome/org.chromium.chrome.browser.ChromeTabbedActivity (has extras) }
10-13 11:58:16.119  1902  2323 D CompatibilityChangeReporter: Compat change id reported: 218533173; UID 10390; state: ENABLED
10-13 11:58:16.119  1902  2323 D CompatibilityChangeReporter: Compat change id reported: 262645982; UID 10390; state: ENABLED
10-13 11:58:16.119  1902 23161 I BLASTSyncEngine: SyncGroup 1668:  Unfinished container:ActivityRecord{84f79ca u0 com.android.chrome/org.chromium.chrome.browser.ChromeTabbedActivity t756}
10-13 11:58:16.119  1902 23161 I BLASTSyncEngine: isActivitySyncFinished isSyncFinished false ActivityRecord{84f79ca u0 com.android.chrome/org.chromium.chrome.browser.ChromeTabbedActivity t756}
10-13 11:58:16.120  1902 23161 W WindowManager: Changing focus from null to Window{75116e2 u0 com.android.chrome/org.chromium.chrome.browser.ChromeTabbedActivity} displayId=0 Callers=com.android.server.wm.RootWindowContainer.updateFocusedWindowLocked:557 com.android.server.wm.WindowManagerService.updateFocusedWindowLocked:6962 com.android.server.wm.WindowManagerService.relayoutWindow:2951 com.android.server.wm.Session.relayout:266 
10-13 11:58:16.121  1902 23161 I WindowManager: cancelAnimation removed leash : Surface(name=Surface(name=81266ae StatusBar#86)/@0xb48dfdc - animation-leash of insets_animation#28252)/@0xf68c6cd
10-13 11:58:16.122  1902 23161 I WindowManager: cancelAnimation removed leash : Surface(name=Surface(name=db27a2 NavigationBar0#82)/@0xc1acbf0 - animation-leash of insets_animation#28253)/@0x526f293
10-13 11:58:16.124  1902 23161 D WindowManager: wms.Input focus has changed to Window{75116e2 u0 com.android.chrome/org.chromium.chrome.browser.ChromeTabbedActivity} display=0 updateInputWindows = true
10-13 11:58:16.124  1902 23161 I MultiSenceManagerInternalStub: getInstance
10-13 11:58:16.124  1902 23161 I WindowManager: Relayout Window{75116e2 u0 com.android.chrome/org.chromium.chrome.browser.ChromeTabbedActivity}: oldVis=8 newVis=0 focusMayChange = true requestedWidth = 1080 requestedHeight = 2400 outFrames = ClientWindowFrames{frame=[0,0][1080,2400] display=[0,0][1080,2400] parentFrame=[0,0][0,0]} outSurfaceControl = Surface(name=com.android.chrome/org.chromium.chrome.browser.ChromeTabbedActivity#28259)/@0xe6511a2
10-13 11:58:16.130  1902  1939 W WindowManager: Failed to deliver inset control state change to w=Window{2f82698 u0 eu.europa.ec.euidi/eu.europa.ec.assemblylogic.ui.MainActivity EXITING}
10-13 11:58:16.130  1902  1939 W WindowManager: android.os.DeadObjectException
10-13 11:58:16.130  1902  1939 W WindowManager: 	at android.os.BinderProxy.transactNative(Native Method)
10-13 11:58:16.130  1902  1939 W WindowManager: 	at android.os.BinderProxy.transact(BinderProxy.java:639)
10-13 11:58:16.130  1902  1939 W WindowManager: 	at android.view.IWindow$Stub$Proxy.insetsControlChanged(IWindow.java:606)
10-13 11:58:16.130  1902  1939 W WindowManager: 	at com.android.server.wm.WindowState.notifyInsetsControlChanged(WindowState.java:4238)
10-13 11:58:16.130  1902  1939 W WindowManager: 	at com.android.server.wm.InsetsStateController.lambda$notifyPendingInsetsControlChanged$3(InsetsStateController.java:343)
10-13 11:58:16.130  1902  1939 W WindowManager: 	at com.android.server.wm.InsetsStateController.$r8$lambda$8yykPRG1GyNq_J17QvL9d5xANMc(Unknown Source:0)
10-13 11:58:16.130  1902  1939 W WindowManager: 	at com.android.server.wm.InsetsStateController$$ExternalSyntheticLambda2.run(Unknown Source:2)
10-13 11:58:16.130  1902  1939 W WindowManager: 	at com.android.server.wm.WindowAnimator.executeAfterPrepareSurfacesRunnables(WindowAnimator.java:309)
10-13 11:58:16.130  1902  1939 W WindowManager: 	at com.android.server.wm.WindowAnimator.animate(WindowAnimator.java:217)
10-13 11:58:16.130  1902  1939 W WindowManager: 	at com.android.server.wm.WindowAnimator.lambda$new$1(WindowAnimator.java:102)
10-13 11:58:16.130  1902  1939 W WindowManager: 	at com.android.server.wm.WindowAnimator.$r8$lambda$aHNu1uhcqxihX5NZc4McDDQPAyw(Unknown Source:0)
10-13 11:58:16.130  1902  1939 W WindowManager: 	at com.android.server.wm.WindowAnimator$$ExternalSyntheticLambda1.doFrame(Unknown Source:2)
10-13 11:58:16.130  1902  1939 W WindowManager: 	at android.view.Choreographer$CallbackRecord.run(Choreographer.java:1766)
10-13 11:58:16.130  1902  1939 W WindowManager: 	at android.view.Choreographer$CallbackRecord.run(Choreographer.java:1777)
10-13 11:58:16.130  1902  1939 W WindowManager: 	at android.view.Choreographer.doCallbacks(Choreographer.java:1247)
10-13 11:58:16.130  1902  1939 W WindowManager: 	at android.view.Choreographer.doFrame(Choreographer.java:1104)
10-13 11:58:16.130  1902  1939 W WindowManager: 	at android.view.Choreographer$FrameDisplayEventReceiver.run(Choreographer.java:1731)
10-13 11:58:16.130  1902  1939 W WindowManager: 	at android.os.Handler.handleCallback(Handler.java:958)
10-13 11:58:16.130  1902  1939 W WindowManager: 	at android.os.Handler.dispatchMessage(Handler.java:99)
10-13 11:58:16.130  1902  1939 W WindowManager: 	at android.os.Looper.loopOnce(Looper.java:222)
10-13 11:58:16.130  1902  1939 W WindowManager: 	at android.os.Looper.loop(Looper.java:314)
10-13 11:58:16.130  1902  1939 W WindowManager: 	at android.os.HandlerThread.run(HandlerThread.java:67)
10-13 11:58:16.130  1902  1939 W WindowManager: 	at com.android.server.ServiceThread.run(ServiceThread.java:46)
10-13 11:58:16.174  1902 23161 W WindowManager: finishDrawingWindow: Window{75116e2 u0 com.android.chrome/org.chromium.chrome.browser.ChromeTabbedActivity} mDrawState=DRAW_PENDING
10-13 11:58:16.174  1902 23161 D WindowManager: wms.finishDrawingLocked: mDrawState=COMMIT_DRAW_PENDING Window{75116e2 u0 com.android.chrome/org.chromium.chrome.browser.ChromeTabbedActivity} in Surface(name=com.android.chrome/org.chromium.chrome.browser.ChromeTabbedActivity#28259)/@0x34db331
10-13 11:58:16.176  1902  1939 I SmartPower: com.android.chrome/10190(9617): invisible->visible(125ms) R(become visible) adj=101.
10-13 11:58:16.176  1902  1939 W WindowManager: real show surface:Surface(name=com.android.chrome/org.chromium.chrome.browser.ChromeTabbedActivity#28259)/@0x34db331
10-13 11:58:16.177  1902  1939 D WindowManager: Final targets: [Task{ae4384 #761 type=standard A=10390:eu.europa.ec.euidi}, Task{d2e973b #756 type=standard A=10190:com.android.chrome}]
10-13 11:58:16.177  1902  2620 I SmartPower: com.android.chrome:sandboxed_process0:org.chromium.content.app.SandboxedProcessSeridle->background(923ms) R(add to whitelist) adj=250.
10-13 11:58:16.177  1902  2620 I SmartPower: com.android.chrome:sandboxed_process0:org.chromium.content.app.SandboxedProcessSeridle->background(925ms) R(add to whitelist) adj=250.
10-13 11:58:16.177  1902  2620 I SmartPower: com.android.chrome:sandboxed_process0:org.chromium.content.app.SandboxedProcessSeridle->background(182ms) R(add to whitelist) adj=101.
10-13 11:58:16.190  1902  1939 D WindowManager: snapshot isNothing = false source = Task{ae4384 #761 type=standard A=10390:eu.europa.ec.euidi}
10-13 11:58:16.190  1902  1939 D WindowManager: Calling onTransitionReady info={id=1668 t=CLOSE f=0x0 trk=0 r=[0@Point(0, 0)] c=[{WCT{RemoteToken{a065920 Task{ae4384 #761 type=standard A=10390:eu.europa.ec.euidi}}} m=CLOSE f=NONE leash=Surface(name=Task=761#28131)/@0xf69f287 sb=Rect(0, 0 - 1080, 2400) eb=Rect(0, 0 - 1080, 2400) d=0},{WCT{RemoteToken{138c691 Task{d2e973b #756 type=standard A=10190:com.android.chrome}}} m=TO_FRONT f=NONE leash=Surface(name=Task=756#27929)/@0xa07a52a sb=Rect(0, 0 - 1080, 2400) eb=Rect(0, 0 - 1080, 2400) d=0}] noAni=[false] df=[false] mk=[true] nc=[0] oa=[false]}, mToken=Token{5975a8f TransitionRecord{a51b851 id=1668 type=CLOSE flags=0x0}}
10-13 11:58:16.191  1902  1939 I BLASTSyncEngine: finishNow: after onTransactionReady, mSyncId=1668
10-13 11:58:16.193  2983  3075 D MiuiFreeformAnimation: startAnimation change: {WCT{android.window.IWindowContainerToken$Stub$Proxy@de776d4} m=CLOSE f=NONE leash=Surface(name=Task=761#28131)/@0x910f141 sb=Rect(0, 0 - 1080, 2400) eb=Rect(0, 0 - 1080, 2400) d=0} info.getType(): 2
10-13 11:58:16.193  2983  3075 D MiuiFreeformAnimation: startAnimation change: {WCT{android.window.IWindowContainerToken$Stub$Proxy@dba607d} m=TO_FRONT f=NONE leash=Surface(name=Task=756#27929)/@0xefeb6e6 sb=Rect(0, 0 - 1080, 2400) eb=Rect(0, 0 - 1080, 2400) d=0} info.getType(): 2
10-13 11:58:16.193  2983  3075 I MiuiFreeformAnimation: isLaunchWidgetPicker=false,taskInfo.getWindowingMode()=1, taskInfo.getActivityType()=1
10-13 11:58:16.194  2983  3075 W MiuiTaskTransitionHandler: Receive an unknown transition, token=android.os.BinderProxy@b64ee4b, type=2
10-13 11:58:16.195  2983  3075 D TransitionAnimationHelper:  load default animation  type = 2 enter = true animAttr = 10 isTask = true translucent = false
10-13 11:58:16.196  2983  3075 D TransitionAnimationHelper:  load default animation  type = 2 enter = false animAttr = 11 isTask = true translucent = false
10-13 11:58:16.197  2983  3092 D ShellTransitions: speed ui!!!!!!!!!!!
10-13 11:58:16.198  2983  3075 D MiuiFullScreenTaskRepository: addOrUpdateFullScreenTaskInfo taskId=756, topActivity=ComponentInfo{com.android.chrome/org.chromium.chrome.browser.ChromeTabbedActivity}
10-13 11:58:16.203  2983  3075 D SoScUtils: monitorTransitionFinished transition:android.os.BinderProxy@b64ee4b transaction: android.view.SurfaceControl$Transaction@9b2003b mRequestCloseTransition:null mRequestOpenTransition:null mPairsOpenTransition:null mPairsOpenTransitionNull:null mRequestOpenTriggerTask:-1 mRequestCloseTriggerTask:-1 mOrientationTransition: null mMainStartingTask:-1 mSideStartingTask:-1
10-13 11:58:16.206  1902 23161 W WindowManager: Exception thrown during dispatchAppVisibility Window{2f82698 u0 eu.europa.ec.euidi/eu.europa.ec.assemblylogic.ui.MainActivity EXITING}
10-13 11:58:16.206  1902 23161 W WindowManager: android.os.DeadObjectException
10-13 11:58:16.206  1902 23161 W WindowManager: 	at android.os.BinderProxy.transactNative(Native Method)
10-13 11:58:16.206  1902 23161 W WindowManager: 	at android.os.BinderProxy.transact(BinderProxy.java:639)
10-13 11:58:16.206  1902 23161 W WindowManager: 	at android.view.IWindow$Stub$Proxy.dispatchAppVisibility(IWindow.java:673)
10-13 11:58:16.206  1902 23161 W WindowManager: 	at com.android.server.wm.WindowState.sendAppVisibilityToClients(WindowState.java:3575)
10-13 11:58:16.206  1902 23161 W WindowManager: 	at com.android.server.wm.WindowContainer.sendAppVisibilityToClients(WindowContainer.java:1311)
10-13 11:58:16.206  1902 23161 W WindowManager: 	at com.android.server.wm.WindowToken.setClientVisible(WindowToken.java:420)
10-13 11:58:16.206  1902 23161 W WindowManager: 	at com.android.server.wm.ActivityRecord.setClientVisible(ActivityRecord.java:8042)
10-13 11:58:16.206  1902 23161 W WindowManager: 	at com.android.server.wm.ActivityRecord.postApplyAnimation(ActivityRecord.java:6610)
10-13 11:58:16.206  1902 23161 W WindowManager: 	at com.android.server.wm.ActivityRecord.commitVisibility(ActivityRecord.java:6552)
10-13 11:58:16.206  1902 23161 W WindowManager: 	at com.android.server.wm.Transition.finishTransition(Transition.java:1369)
10-13 11:58:16.206  1902 23161 W WindowManager: 	at com.android.server.wm.TransitionController.finishTransition(TransitionController.java:1061)
10-13 11:58:16.206  1902 23161 W WindowManager: 	at com.android.server.wm.WindowOrganizerController.finishTransition(WindowOrganizerController.java:471)
10-13 11:58:16.206  1902 23161 W WindowManager: 	at android.window.IWindowOrganizerController$Stub.onTransact(IWindowOrganizerController.java:321)
10-13 11:58:16.206  1902 23161 W WindowManager: 	at com.android.server.wm.WindowOrganizerController.onTransact(WindowOrganizerController.java:211)
10-13 11:58:16.206  1902 23161 W WindowManager: 	at android.os.Binder.execTransactInternal(Binder.java:1351)
10-13 11:58:16.206  1902 23161 W WindowManager: 	at android.os.Binder.execTransact(Binder.java:1282)
10-13 11:58:16.206  1902 23161 W WindowManager: The process may be dead, tid:10949,tgid:-1
10-13 11:58:16.212  1902 23161 D WindowManager: setParent old=ActivityRecord{b967597 u0 eu.europa.ec.euidi/eu.europa.ec.assemblylogic.ui.MainActivity t761 f}},new=null,this window=Window{2f82698 u0 eu.europa.ec.euidi/eu.europa.ec.assemblylogic.ui.MainActivity EXITING},callers=com.android.server.wm.WindowContainer.removeChild:840 com.android.server.wm.ActivityRecord.removeChild:5227 com.android.server.wm.ActivityRecord.removeChild:470 com.android.server.wm.WindowContainer.removeImmediately:898 com.android.server.wm.WindowState.removeImmediately:2538 com.android.server.wm.WindowState.removeIfPossible:2719 
10-13 11:58:16.213  1902 23161 I WindowManager: cancelAnimation removed leash : Surface(name=Surface(name=6a76de5 InputMethod#123)/@0xf2bd99 - animation-leash of insets_animation#28257)/@0xb85fd3d
10-13 11:58:16.219  1902 23161 D WindowManager: setParent old=Task{ae4384 #761 type=standard A=10390:eu.europa.ec.euidi},new=null,this window=ActivityRecord{b967597 u0 eu.europa.ec.euidi/eu.europa.ec.assemblylogic.ui.MainActivity t761 f}},callers=com.android.server.wm.WindowContainer.removeChild:840 com.android.server.wm.TaskFragment.removeChild:3119 com.android.server.wm.Task.removeChild:1822 com.android.server.wm.Task.removeChild:1802 com.android.server.wm.WindowContainer.removeImmediately:898 com.android.server.wm.WindowToken.removeImmediately:376 
10-13 11:58:16.219  1902 23161 I ActivityTaskManager: Do not migrate a removing Task! Task{ae4384 #761 type=standard A=10390:eu.europa.ec.euidi}
10-13 11:58:16.220  1902 23161 D WindowManager: setParent old=DefaultTaskDisplayArea@126197207,new=null,this window=Task{ae4384 #761 type=standard A=10390:eu.europa.ec.euidi},callers=com.android.server.wm.WindowContainer.removeChild:840 com.android.server.wm.TaskDisplayArea.removeChildTask:359 com.android.server.wm.TaskDisplayArea.removeChild:350 com.android.server.wm.WindowContainer.removeImmediately:898 com.android.server.wm.TaskFragment.removeImmediately:3203 com.android.server.wm.Task.removeImmediately:3222 
10-13 11:58:16.221  2983  3075 D MiuiFullScreenTaskRepository: addOrUpdateFullScreenTaskInfo taskId=761, topActivity=null
10-13 11:58:16.222  1902  1939 W ActivityTaskManager: Can't find TaskDisplayArea to determine support for multi window. Task id=761 attached=false
10-13 11:58:16.223  2983  3075 D MiuiFullScreenTaskRepository: removeFullScreenTask taskId=761, topActivity=null
10-13 11:58:16.223  2983  3075 D MiuiWindowDecorViewModel: destroyWindowDecoration: taskId=761, windowingMode=1, mWindowDecorByTaskId.size()=0, callers=com.android.wm.shell.fullscreen.FullscreenTaskListener.onTaskVanished:143 com.android.wm.shell.ShellTaskOrganizer.onTaskVanished:138 android.window.TaskOrganizer$1.lambda$onTaskVanished$6:398 android.window.TaskOrganizer$1.$r8$lambda$z23H3L3GZav04D10kA3vkevrglg:0 android.window.TaskOrganizer$1$$ExternalSyntheticLambda14.run:4 
10-13 11:58:16.227  1902  1938 W ActivityManager: setHasOverlayUi called on unknown pid: 10949
10-13 11:58:16.229  1902  2774 W PackageConfigPersister: App-specific configuration not found for packageName: com.android.chrome and userId: 0
10-13 11:58:16.230  1902  2774 I WindowManager: cancelAnimation removed leash : Surface(name=Surface(name=6a76de5 InputMethod#123)/@0xf2bd99 - animation-leash of insets_animation#28271)/@0xcb910ab
10-13 11:58:16.388  1902  2774 D PackageParserImpl: dump dex file,file message: base.art: 1753Kb base.odex: 11304Kb base.vdex: 577Kb 
10-13 11:58:16.588  1902  1954 I SmartPower: com.google.android.videos/10312(19398): idle->background(79529ms) R(broadcast start Intent { act=android.intent.action.PACKAGE_RESTARTED dat=package: flg=0x10 (has extras) }) adj=905.
10-13 11:58:16.732  1902  2774 D ATMSImpl: setActivityController callingUid:2000 control=true
10-13 11:58:16.732  1902  2774 W ActivityManager: registerReceiverWithFeature: no app for null
10-13 11:58:16.739  1902  2774 D CompatibilityChangeReporter: Compat change id reported: 161252188; UID 10390; state: DISABLED
10-13 11:58:16.739  1902  2774 W ActivityTaskManager: callingPackage for (uid=2000, pid=11258) has no WPC
10-13 11:58:16.740  1902  2774 D WindowManager: Collecting in transition 1669: ActivityRecord{e209e11 u0 eu.europa.ec.euidi/eu.europa.ec.assemblylogic.ui.MainActivity init visibleRequested:false
10-13 11:58:16.740  1902  2774 D MiuiFreeFormManagerService: activeOrFullscreenFreeformTaskIfNeed startDefaultAr:true
10-13 11:58:16.741  2983  3075 D OneHandedController: stopOneHanded state is 0
10-13 11:58:16.742  1902  2774 D WindowManagerService: checkFlipFullScreenChange is same, nowIsFullScreen = false
10-13 11:58:16.743  1902  2774 D WindowManager: setLockTaskAuth: task=Task{632ab76 #764 type=standard A=10390:eu.europa.ec.euidi} mLockTaskAuth=LOCK_TASK_AUTH_PINNABLE
10-13 11:58:16.744  1902  2774 D WindowManager: Collecting in transition 1669: Task{632ab76 #764 type=standard A=10390:eu.europa.ec.euidi} init visibleRequested:false
10-13 11:58:16.744  1902  2774 D CompatibilityChangeReporter: Compat change id reported: 184838306; UID 10390; state: DISABLED
10-13 11:58:16.744  1902  2774 D CompatibilityChangeReporter: Compat change id reported: 185004937; UID 10390; state: DISABLED
10-13 11:58:16.746  1902  2774 D WindowManager: setLockTaskAuth: task=Task{632ab76 #764 type=standard A=10390:eu.europa.ec.euidi} mLockTaskAuth=LOCK_TASK_AUTH_PINNABLE
10-13 11:58:16.746  1902  2774 D MiuiFreeFormManagerService: onStartActivityInner as = Task{632ab76 #764 type=standard A=10390:eu.europa.ec.euidi} op = null
10-13 11:58:16.746  1902  2774 D ActivityTaskManager: Task#startActivityLocked isOrhasTask=true newTask=true
10-13 11:58:16.747  1902  2774 D CompatibilityChangeReporter: Compat change id reported: 205907456; UID 10390; state: ENABLED
10-13 11:58:16.750  1902  2774 D WindowManager: Collecting in transition 1669: ActivityRecord{e209e11 u0 eu.europa.ec.euidi/eu.europa.ec.assemblylogic.ui.MainActivity t764} init visibleRequested:false
10-13 11:58:16.750  1902  2774 D WindowManager: Requesting StartTransition: TransitionRecord{67565e4 id=1669 type=OPEN flags=0x0}
10-13 11:58:16.751  1902  2774 I ActivityTaskManager: START u0 {act=android.intent.action.MAIN cat=[android.intent.category.LAUNCHER] flg=0x10200000 cmp=eu.europa.ec.euidi/eu.europa.ec.assemblylogic.ui.MainActivity} with LAUNCH_SINGLE_TASK from uid 2000 (BAL_ALLOW_PERMISSION) result code=0
10-13 11:58:16.752  2983  3075 I SoScUtils: monitorTransitionRequest mRequestOpenTransition:null mRequestOpenTriggerTask:-1 mRequestCloseTransition:null mRequestCloseTriggerTask:-1 mRequestCloseStageType:-1
10-13 11:58:16.753  1902  2774 D WindowManager: Set transition=TransitionRecord{67565e4 id=1669 type=OPEN flags=0x0}, ready=false, SyncId=1669 used=true, override=false, defer=0, states=Display{#0 state=ON size=1080x2400 ROTATION_0}:false
10-13 11:58:16.753  2983  3075 D MiuiFullScreenTaskRepository: setFocusedTask taskId=756, displayId=0, topActivity=ComponentInfo{com.android.chrome/org.chromium.chrome.browser.ChromeTabbedActivity}
10-13 11:58:16.753  2983  3075 D MiuiFullScreenTaskRepository: addOrUpdateFullScreenTaskInfo taskId=756, topActivity=ComponentInfo{com.android.chrome/org.chromium.chrome.browser.ChromeTabbedActivity}
10-13 11:58:16.754  2983  3075 D MiuiDesktopModeController: onFocusTaskChanged newFocus: TaskInfo{userId=0 taskId=756 displayId=0 isRunning=true baseIntent=Intent { act=android.intent.action.VIEW dat=https://verifier.eudiw.dev/... flg=0x14002000 cmp=com.android.chrome/org.chromium.chrome.browser.ChromeTabbedActivity } baseActivity=ComponentInfo{com.android.chrome/org.chromium.chrome.browser.ChromeTabbedActivity} topActivity=ComponentInfo{com.android.chrome/org.chromium.chrome.browser.ChromeTabbedActivity} origActivity=null realActivity=ComponentInfo{com.android.chrome/org.chromium.chrome.browser.ChromeTabbedActivity} numActivities=1 lastActiveTime=1156967434 supportsSplitScreenMultiWindow=true supportsMultiWindow=true resizeMode=2 isResizeable=true minWidth=-1 minHeight=-1 defaultMinSize=200 token=WCT{android.window.IWindowContainerToken$Stub$Proxy@a718522} topActivityType=1 pictureInPictureParams=null shouldDockBigOverlays=false launchIntoPipHostTaskId=-1 lastParentTaskIdBeforePip=-1 displayCutoutSafeInsets=Rect(0, 94 - 0, 0) topActivityInfo=ActivityInfo{3323bb3 org.chromium.chrome.browser.ChromeTabbedActivity} launchCookies=[] positionInParent=Point(0, 0) parentTaskId=-1 isFocused=true isVisible=true isVisibleRequested=true isSleeping=false topActivityInSizeCompat=false topActivityEligibleForLetterboxEducation= false topActivityLetterboxed= false isFromDoubleTap= false topActivityLetterboxVerticalPosition= -1 topActivityLetterboxHorizontalPosition= -1 topActivityLetterboxWidth=-1 topActivityLetterboxHeight=-1 locusId=null displayAreaFeatureId=1 cameraCompatControlState=hidden mIsCastMode=false mTopActivityMediaSize=null mTopActivityRecordName=ActivityRecord{84f79ca u0 com.android.chrome/org.chromium.chrome.browser.ChromeTabbedActivity t756} mTopActivityOrientation=-1 mTopActivityWindowIsNowVisible=true isTranslucent=false isEmbedded=false shouldBeVisible=true isImmersive=false mBehindAppLockPkg=null mOriginatingUid=0}
10-13 11:58:16.754  2983  3075 D MiuiFreeformModeController: onFocusTaskChanged taskInfo: TaskInfo{userId=0 taskId=756 displayId=0 isRunning=true baseIntent=Intent { act=android.intent.action.VIEW dat=https://verifier.eudiw.dev/... flg=0x14002000 cmp=com.android.chrome/org.chromium.chrome.browser.ChromeTabbedActivity } baseActivity=ComponentInfo{com.android.chrome/org.chromium.chrome.browser.ChromeTabbedActivity} topActivity=ComponentInfo{com.android.chrome/org.chromium.chrome.browser.ChromeTabbedActivity} origActivity=null realActivity=ComponentInfo{com.android.chrome/org.chromium.chrome.browser.ChromeTabbedActivity} numActivities=1 lastActiveTime=1156967434 supportsSplitScreenMultiWindow=true supportsMultiWindow=true resizeMode=2 isResizeable=true minWidth=-1 minHeight=-1 defaultMinSize=200 token=WCT{android.window.IWindowContainerToken$Stub$Proxy@a718522} topActivityType=1 pictureInPictureParams=null shouldDockBigOverlays=false launchIntoPipHostTaskId=-1 lastParentTaskIdBeforePip=-1 displayCutoutSafeInsets=Rect(0, 94 - 0, 0) topActivityInfo=ActivityInfo{3323bb3 org.chromium.chrome.browser.ChromeTabbedActivity} launchCookies=[] positionInParent=Point(0, 0) parentTaskId=-1 isFocused=true isVisible=true isVisibleRequested=true isSleeping=false topActivityInSizeCompat=false topActivityEligibleForLetterboxEducation= false topActivityLetterboxed= false isFromDoubleTap= false topActivityLetterboxVerticalPosition= -1 topActivityLetterboxHorizontalPosition= -1 topActivityLetterboxWidth=-1 topActivityLetterboxHeight=-1 locusId=null displayAreaFeatureId=1 cameraCompatControlState=hidden mIsCastMode=false mTopActivityMediaSize=null mTopActivityRecordName=ActivityRecord{84f79ca u0 com.android.chrome/org.chromium.chrome.browser.ChromeTabbedActivity t756} mTopActivityOrientation=-1 mTopActivityWindowIsNowVisible=true isTranslucent=false isEmbedded=false shouldBeVisible=true isImmersive=false mBehindAppLockPkg=null mOriginatingUid=0}
10-13 11:58:16.755  1902  4160 D ATMSImpl: setActivityController callingUid:2000 control=false
10-13 11:58:16.755  2983  3075 D OneHandedController: stopOneHanded state is 0
10-13 11:58:16.755  2983  3075 D OneHandedController: stopOneHanded state is 0
10-13 11:58:16.756  2983  3147 D TaskSnapshot_Helper: SYS is normal.
10-13 11:58:16.756  1902  1938 D CompatibilityChangeReporter: Compat change id reported: 135634846; UID 10390; state: DISABLED
10-13 11:58:16.756  1902  1938 D CompatibilityChangeReporter: Compat change id reported: 177438394; UID 10390; state: DISABLED
10-13 11:58:16.756  1902  1938 D CompatibilityChangeReporter: Compat change id reported: 135772972; UID 10390; state: DISABLED
10-13 11:58:16.756  1902  1938 D CompatibilityChangeReporter: Compat change id reported: 135754954; UID 10390; state: ENABLED
10-13 11:58:16.756  1902  1955 D CompatibilityChangeReporter: Compat change id reported: 143937733; UID 10390; state: ENABLED
10-13 11:58:16.765  1902  1955 I ActivityManager: Start proc 11271:eu.europa.ec.euidi/u0a390 for next-top-activity {eu.europa.ec.euidi/eu.europa.ec.assemblylogic.ui.MainActivity} caller=com.android.shell
10-13 11:58:16.780  1902  2774 D WindowManager: Collecting in transition 1669: ActivityRecord{e209e11 u0 eu.europa.ec.euidi/eu.europa.ec.assemblylogic.ui.MainActivity t764} init visibleRequested:false
10-13 11:58:16.780  1902  2774 D WindowManager: Collecting in transition 1669: ActivityRecord{84f79ca u0 com.android.chrome/org.chromium.chrome.browser.ChromeTabbedActivity t756} init visibleRequested:true
10-13 11:58:16.783  1902  1939 D WindowManager: wms.Focus not requested for window=Window{75116e2 u0 com.android.chrome/org.chromium.chrome.browser.ChromeTabbedActivity} because it has no surface or is not focusable.
10-13 11:58:16.786  1902 22706 D CoreBackPreview: Window{d14fc50 u0 Splash Screen eu.europa.ec.euidi}: Setting back callback OnBackInvokedCallbackInfo{mCallback=android.window.IOnBackInvokedCallback$Stub$Proxy@207b65a, mPriority=0, mIsAnimationCallback=false}
10-13 11:58:16.791  1902 22704 W WindowManager: finishDrawingWindow: Window{d14fc50 u0 Splash Screen eu.europa.ec.euidi} mDrawState=DRAW_PENDING
10-13 11:58:16.792  1902  1939 D WindowManager: Set transition=TransitionRecord{67565e4 id=1669 type=OPEN flags=0x0}, ready=true, SyncId=1669 
10-13 11:58:16.793  1902  1939 I SmartPower: eu.europa.ec.euidi/10390(0): died->visible(764ms) R(become visible) adj=-10000.
10-13 11:58:16.793  1902  1939 W WindowManager: real show surface:Surface(name=Splash Screen eu.europa.ec.euidi#28276)/@0xf13605
10-13 11:58:16.793  1902  1939 D WindowManager: Final targets: [Task{632ab76 #764 type=standard A=10390:eu.europa.ec.euidi}, Task{d2e973b #756 type=standard A=10190:com.android.chrome}]
10-13 11:58:16.805  1902  1939 D WindowManager: snapshot isNothing = false source = Task{d2e973b #756 type=standard A=10190:com.android.chrome}
10-13 11:58:16.805  1902  1939 D WindowManager: Calling onTransitionReady info={id=1669 t=OPEN f=0x0 trk=0 r=[0@Point(0, 0)] c=[{WCT{RemoteToken{9a6b6b2 Task{632ab76 #764 type=standard A=10390:eu.europa.ec.euidi}}} m=OPEN f=NONE leash=Surface(name=Task=764#28273)/@0x1645a67 sb=Rect(0, 0 - 1080, 2400) eb=Rect(0, 0 - 1080, 2400) d=0},{WCT{RemoteToken{138c691 Task{d2e973b #756 type=standard A=10190:com.android.chrome}}} m=TO_BACK f=NONE leash=Surface(name=Task=756#27929)/@0xa07a52a sb=Rect(0, 0 - 1080, 2400) eb=Rect(0, 0 - 1080, 2400) d=0}] noAni=[false] df=[false] mk=[true] nc=[0] oa=[false]}, mToken=Token{7523603 TransitionRecord{67565e4 id=1669 type=OPEN flags=0x0}}
10-13 11:58:16.806  1902  1939 I BLASTSyncEngine: finishNow: after onTransactionReady, mSyncId=1669
10-13 11:58:16.807  2983  3075 D MiuiFreeformAnimation: startAnimation change: {WCT{android.window.IWindowContainerToken$Stub$Proxy@14177a3} m=OPEN f=NONE leash=Surface(name=Task=764#28273)/@0x12eef34 sb=Rect(0, 0 - 1080, 2400) eb=Rect(0, 0 - 1080, 2400) d=0} info.getType(): 1
10-13 11:58:16.807  2983  3075 I MiuiFreeformAnimation: isLaunchWidgetPicker=false,taskInfo.getWindowingMode()=1, taskInfo.getActivityType()=1
10-13 11:58:16.809  2983  3075 D MiuiFreeformAnimation: startAnimation change: {WCT{android.window.IWindowContainerToken$Stub$Proxy@665caa0} m=TO_BACK f=NONE leash=Surface(name=Task=756#27929)/@0x415e15d sb=Rect(0, 0 - 1080, 2400) eb=Rect(0, 0 - 1080, 2400) d=0} info.getType(): 1
10-13 11:58:16.809  2983  3075 W MiuiTaskTransitionHandler: Receive an unknown transition, token=android.os.BinderProxy@57e4358, type=1
10-13 11:58:16.809  2983  3075 D TransitionAnimationHelper:  load default animation  type = 1 enter = false animAttr = 9 isTask = true translucent = false
10-13 11:58:16.810  2983  3075 D TransitionAnimationHelper:  load default animation  type = 1 enter = true animAttr = 8 isTask = true translucent = false
10-13 11:58:16.810  1902  1939 D WindowManager: wms.Focus not requested for window=Window{75116e2 u0 com.android.chrome/org.chromium.chrome.browser.ChromeTabbedActivity} because it has no surface or is not focusable.
10-13 11:58:16.810  2983  3092 D ShellTransitions: speed ui!!!!!!!!!!!
10-13 11:58:16.811  2983  3075 D MiuiFullScreenTaskRepository: addOrUpdateFullScreenTaskInfo taskId=764, topActivity=ComponentInfo{eu.europa.ec.euidi/eu.europa.ec.assemblylogic.ui.MainActivity}
10-13 11:58:16.812  1902 22706 W MiuiBoosterUtils: enable_miuibooster_launch : false
10-13 11:58:16.813  2983  3075 D MiuiFullScreenTaskRepository: addOrUpdateFullScreenTaskInfo taskId=764, topActivity=ComponentInfo{eu.europa.ec.euidi/eu.europa.ec.assemblylogic.ui.MainActivity}
10-13 11:58:16.813  1902 22706 D WindowManagerService: checkFlipFullScreenChange is same, nowIsFullScreen = false
10-13 11:58:16.815  2983  3075 D SoScUtils: monitorTransitionFinished transition:android.os.BinderProxy@57e4358 transaction: android.view.SurfaceControl$Transaction@9a55791 mRequestCloseTransition:null mRequestOpenTransition:null mPairsOpenTransition:null mPairsOpenTransitionNull:null mRequestOpenTriggerTask:-1 mRequestCloseTriggerTask:-1 mOrientationTransition: null mMainStartingTask:-1 mSideStartingTask:-1
10-13 11:58:16.815  1902 22706 W WindowManager: Changing focus from Window{75116e2 u0 com.android.chrome/org.chromium.chrome.browser.ChromeTabbedActivity} to null displayId=0 Callers=com.android.server.wm.RootWindowContainer.updateFocusedWindowLocked:557 com.android.server.wm.WindowManagerService.updateFocusedWindowLocked:6962 com.android.server.wm.ActivityTaskManagerService.setLastResumedActivityUncheckLocked:5565 com.android.server.wm.ActivityTaskSupervisor.updateTopResumedActivityIfNeeded:2557 
10-13 11:58:16.815  1902 22706 I WindowManager: cancelAnimation removed leash : Surface(name=Surface(name=81266ae StatusBar#86)/@0xb48dfdc - animation-leash of insets_animation#28260)/@0x3880f97
10-13 11:58:16.816  1902 22706 I WindowManager: cancelAnimation removed leash : Surface(name=Surface(name=db27a2 NavigationBar0#82)/@0xc1acbf0 - animation-leash of insets_animation#28261)/@0xb99516d
10-13 11:58:16.818  1902 22706 D WindowManager: wms.Input focus has changed to null display=0 updateInputWindows = true
10-13 11:58:16.818  1902 22706 I MultiSenceManagerInternalStub: getInstance
10-13 11:58:16.827  2983  3075 D MiuiFullScreenTaskRepository: setFocusedTask taskId=764, displayId=0, topActivity=ComponentInfo{eu.europa.ec.euidi/eu.europa.ec.assemblylogic.ui.MainActivity}
10-13 11:58:16.828  2983  3075 D MiuiFullScreenTaskRepository: addOrUpdateFullScreenTaskInfo taskId=764, topActivity=ComponentInfo{eu.europa.ec.euidi/eu.europa.ec.assemblylogic.ui.MainActivity}
10-13 11:58:16.828  2983  3075 D MiuiDesktopModeController: onFocusTaskChanged newFocus: TaskInfo{userId=0 taskId=764 displayId=0 isRunning=true baseIntent=Intent { act=android.intent.action.MAIN cat=[android.intent.category.LAUNCHER] flg=0x10200000 cmp=eu.europa.ec.euidi/eu.europa.ec.assemblylogic.ui.MainActivity } baseActivity=ComponentInfo{eu.europa.ec.euidi/eu.europa.ec.assemblylogic.ui.MainActivity} topActivity=ComponentInfo{eu.europa.ec.euidi/eu.europa.ec.assemblylogic.ui.MainActivity} origActivity=null realActivity=ComponentInfo{eu.europa.ec.euidi/eu.europa.ec.assemblylogic.ui.MainActivity} numActivities=1 lastActiveTime=1156967499 supportsSplitScreenMultiWindow=true supportsMultiWindow=true resizeMode=1 isResizeable=true minWidth=-1 minHeight=-1 defaultMinSize=200 token=WCT{android.window.IWindowContainerToken$Stub$Proxy@73aa6f6} topActivityType=1 pictureInPictureParams=null shouldDockBigOverlays=false launchIntoPipHostTaskId=-1 lastParentTaskIdBeforePip=-1 displayCutoutSafeInsets=Rect(0, 94 - 0, 0) topActivityInfo=ActivityInfo{b1c3af7 eu.europa.ec.assemblylogic.ui.MainActivity} launchCookies=[] positionInParent=Point(0, 0) parentTaskId=-1 isFocused=true isVisible=true isVisibleRequested=true isSleeping=false topActivityInSizeCompat=false topActivityEligibleForLetterboxEducation= false topActivityLetterboxed= false isFromDoubleTap= false topActivityLetterboxVerticalPosition= -1 topActivityLetterboxHorizontalPosition= -1 topActivityLetterboxWidth=-1 topActivityLetterboxHeight=-1 locusId=null displayAreaFeatureId=1 cameraCompatControlState=hidden mIsCastMode=false mTopActivityMediaSize=null mTopActivityRecordName=ActivityRecord{e209e11 u0 eu.europa.ec.euidi/eu.europa.ec.assemblylogic.ui.MainActivity t764} mTopActivityOrientation=1 mTopActivityWindowIsNowVisible=false isTranslucent=false isEmbedded=false shouldBeVisible=true isImmersive=false mBehindAppLockPkg=null mOriginatingUid=0}
10-13 11:58:16.828  2983  3075 D MiuiFreeformModeController: onFocusTaskChanged taskInfo: TaskInfo{userId=0 taskId=764 displayId=0 isRunning=true baseIntent=Intent { act=android.intent.action.MAIN cat=[android.intent.category.LAUNCHER] flg=0x10200000 cmp=eu.europa.ec.euidi/eu.europa.ec.assemblylogic.ui.MainActivity } baseActivity=ComponentInfo{eu.europa.ec.euidi/eu.europa.ec.assemblylogic.ui.MainActivity} topActivity=ComponentInfo{eu.europa.ec.euidi/eu.europa.ec.assemblylogic.ui.MainActivity} origActivity=null realActivity=ComponentInfo{eu.europa.ec.euidi/eu.europa.ec.assemblylogic.ui.MainActivity} numActivities=1 lastActiveTime=1156967499 supportsSplitScreenMultiWindow=true supportsMultiWindow=true resizeMode=1 isResizeable=true minWidth=-1 minHeight=-1 defaultMinSize=200 token=WCT{android.window.IWindowContainerToken$Stub$Proxy@73aa6f6} topActivityType=1 pictureInPictureParams=null shouldDockBigOverlays=false launchIntoPipHostTaskId=-1 lastParentTaskIdBeforePip=-1 displayCutoutSafeInsets=Rect(0, 94 - 0, 0) topActivityInfo=ActivityInfo{b1c3af7 eu.europa.ec.assemblylogic.ui.MainActivity} launchCookies=[] positionInParent=Point(0, 0) parentTaskId=-1 isFocused=true isVisible=true isVisibleRequested=true isSleeping=false topActivityInSizeCompat=false topActivityEligibleForLetterboxEducation= false topActivityLetterboxed= false isFromDoubleTap= false topActivityLetterboxVerticalPosition= -1 topActivityLetterboxHorizontalPosition= -1 topActivityLetterboxWidth=-1 topActivityLetterboxHeight=-1 locusId=null displayAreaFeatureId=1 cameraCompatControlState=hidden mIsCastMode=false mTopActivityMediaSize=null mTopActivityRecordName=ActivityRecord{e209e11 u0 eu.europa.ec.euidi/eu.europa.ec.assemblylogic.ui.MainActivity t764} mTopActivityOrientation=1 mTopActivityWindowIsNowVisible=false isTranslucent=false isEmbedded=false shouldBeVisible=true isImmersive=false mBehindAppLockPkg=null mOriginatingUid=0}
10-13 11:58:16.828  2983  3075 D MiuiFullScreenTaskRepository: addOrUpdateFullScreenTaskInfo taskId=756, topActivity=ComponentInfo{com.android.chrome/org.chromium.chrome.browser.ChromeTabbedActivity}
10-13 11:58:16.829  1902 22706 D CompatibilityChangeReporter: Compat change id reported: 170503758; UID 10390; state: ENABLED
10-13 11:58:16.834  1902  1936 E MBrainLocalService: MBrainJava launch failed: SecurityException
10-13 11:58:16.834  1902  2600 D isUidValid: uid = 10390
10-13 11:58:16.834  1902  1936 D Aurogon :  uid = 10390 switch to FG
10-13 11:58:16.843  1902  1902 D MBrainLocalService: isVendorFreezeConditionPass is false
10-13 11:58:16.843  1902  1902 E MBrainLocalService: notifyAppSwitch failed
10-13 11:58:16.864 11271 11271 D ActivityThread: useGrowthLimitOutExpendMethod invoke error.
10-13 11:58:16.876 11271 11271 D MbrainDebugManagerImpl: getService failed
10-13 11:58:16.882  1902 22704 I ActivityManager: Flag disabled. Ignoring finishAttachApplication from uid: 10390. pid: 11271
10-13 11:58:16.892  1902  2776 D CompatibilityChangeReporter: Compat change id reported: 253665015; UID 10390; state: ENABLED
10-13 11:58:16.892  1902  2776 D CompatibilityChangeReporter: Compat change id reported: 194532703; UID 10390; state: ENABLED
10-13 11:58:16.914 11271 11271 D FramePredict: FramePredict init: false
10-13 11:58:16.914 11271 11271 D FramePredict: init success
10-13 11:58:16.915  1902  2776 W ActivityManager: Permission Denial: getCurrentUser() from pid=11271, uid=10390 requires android.permission.INTERACT_ACROSS_USERS
10-13 11:58:16.916 11271 11300 E FramePredict: registerContentObserver fail
10-13 11:58:16.920  1902  1902 D MBrainLocalService: isVendorFreezeConditionPass is false
10-13 11:58:16.920  1902  1902 E MBrainLocalService: notifyAppSwitch failed
10-13 11:58:16.926  2983  5522 D MiuiFreeformModeObserver: activityResumed() intent： Intent { cmp=eu.europa.ec.euidi/eu.europa.ec.assemblylogic.ui.MainActivity (has extras) }
10-13 11:58:16.931  2983  3075 D MiuiFullScreenTaskRepository: setFocusedTask taskId=764, displayId=0, topActivity=ComponentInfo{eu.europa.ec.euidi/eu.europa.ec.assemblylogic.ui.MainActivity}
10-13 11:58:16.931  2983  3075 D MiuiFullScreenTaskRepository: addOrUpdateFullScreenTaskInfo taskId=764, topActivity=ComponentInfo{eu.europa.ec.euidi/eu.europa.ec.assemblylogic.ui.MainActivity}
10-13 11:58:16.971  1902  2776 D CoreBackPreview: Window{6446786 u0 eu.europa.ec.euidi/eu.europa.ec.assemblylogic.ui.MainActivity}: Setting back callback OnBackInvokedCallbackInfo{mCallback=android.window.IOnBackInvokedCallback$Stub$Proxy@621120c, mPriority=0, mIsAnimationCallback=false}
10-13 11:58:16.977  1902  2776 W WindowManager: Changing focus from null to Window{6446786 u0 eu.europa.ec.euidi/eu.europa.ec.assemblylogic.ui.MainActivity} displayId=0 Callers=com.android.server.wm.RootWindowContainer.updateFocusedWindowLocked:557 com.android.server.wm.WindowManagerService.updateFocusedWindowLocked:6962 com.android.server.wm.WindowManagerService.relayoutWindow:2951 com.android.server.wm.Session.relayout:266 
10-13 11:58:16.977  1902  2776 I WindowManager: cancelAnimation removed leash : Surface(name=Surface(name=81266ae StatusBar#86)/@0xb48dfdc - animation-leash of insets_animation#28280)/@0x4554dac
10-13 11:58:16.978  1902  2776 I WindowManager: cancelAnimation removed leash : Surface(name=Surface(name=db27a2 NavigationBar0#82)/@0xc1acbf0 - animation-leash of insets_animation#28281)/@0xa6a6a0a
10-13 11:58:16.978  1902  2776 D WindowManager: wms.Input focus has changed to Window{6446786 u0 eu.europa.ec.euidi/eu.europa.ec.assemblylogic.ui.MainActivity} display=0 updateInputWindows = true
10-13 11:58:16.979  1902  2776 I MultiSenceManagerInternalStub: getInstance
10-13 11:58:16.979  1902  2776 I WindowManager: Relayout Window{6446786 u0 eu.europa.ec.euidi/eu.europa.ec.assemblylogic.ui.MainActivity}: oldVis=4 newVis=0 focusMayChange = true requestedWidth = 1080 requestedHeight = 2400 outFrames = ClientWindowFrames{frame=[0,0][1080,2400] display=[0,0][1080,2400] parentFrame=[0,0][0,0]} outSurfaceControl = Surface(name=eu.europa.ec.euidi/eu.europa.ec.assemblylogic.ui.MainActivity#28283)/@0xe7596a4
10-13 11:58:17.010  1902  2776 W WindowManager: finishDrawingWindow: Window{6446786 u0 eu.europa.ec.euidi/eu.europa.ec.assemblylogic.ui.MainActivity} mDrawState=DRAW_PENDING
10-13 11:58:17.010  1902  2776 D WindowManager: wms.finishDrawingLocked: mDrawState=COMMIT_DRAW_PENDING Window{6446786 u0 eu.europa.ec.euidi/eu.europa.ec.assemblylogic.ui.MainActivity} in Surface(name=eu.europa.ec.euidi/eu.europa.ec.assemblylogic.ui.MainActivity#28283)/@0x582ba5b
10-13 11:58:17.011  1902  1939 D TaskSnapshot_Helper: shouldDelay()... Not launched by home, no delay needed.
10-13 11:58:17.014  1902  1939 W WindowManager: real show surface:Surface(name=eu.europa.ec.euidi/eu.europa.ec.assemblylogic.ui.MainActivity#28283)/@0x582ba5b
10-13 11:58:17.018  1902 23161 I SmartPower: com.android.chrome/10190(9617): visible->invisible(842ms) R(become invisible) adj=101.
10-13 11:58:17.018  1902 23161 I SmartPower: com.android.chrome:privileged_process0/10190(9726): invisible->background(967ms) R(become background) adj=101.
10-13 11:58:17.018  1902 23161 I SmartPower: com.android.chrome/10190(9617): invisible->background(0ms) R(become background) adj=101.
10-13 11:58:17.029  1902  2620 I SmartPower: com.google.android.gms.unstable/10175(4628): background->idle(3008ms) R(service create com.google.android.gms/.droidguard.DroidGuardService) adj=800.
10-13 11:58:17.031  1902 23161 D CoreBackPreview: Window{75116e2 u0 com.android.chrome/org.chromium.chrome.browser.ChromeTabbedActivity}: Setting back callback OnBackInvokedCallbackInfo{mCallback=android.window.IOnBackInvokedCallback$Stub$Proxy@1084d1a, mPriority=-1, mIsAnimationCallback=false}
10-13 11:58:17.031  1902 22706 D CompatibilityChangeReporter: Compat change id reported: 214016041; UID 10390; state: ENABLED
10-13 11:58:17.040  1902  2776 I WindowManager: cancelAnimation removed leash : Surface(name=Surface(name=6a76de5 InputMethod#123)/@0xf2bd99 - animation-leash of insets_animation#28272)/@0x6fea7b4
10-13 11:58:17.041  1902  1936 E MBrainLocalService: MBrainJava launch failed: SecurityException
10-13 11:58:17.041  1902  2304 W PackageConfigPersister: App-specific configuration not found for packageName: eu.europa.ec.euidi and userId: 0
10-13 11:58:17.045  1902  2776 D CoreBackPreview: Window{d14fc50 u0 Splash Screen eu.europa.ec.euidi}: Setting back callback null
10-13 11:58:17.049  1902  2776 D WindowManager: setParent old=ActivityRecord{e209e11 u0 eu.europa.ec.euidi/eu.europa.ec.assemblylogic.ui.MainActivity t764},new=null,this window=Window{d14fc50 u0 Splash Screen eu.europa.ec.euidi},callers=com.android.server.wm.WindowContainer.removeChild:840 com.android.server.wm.ActivityRecord.removeChild:5227 com.android.server.wm.ActivityRecord.removeChild:470 com.android.server.wm.WindowContainer.removeImmediately:898 com.android.server.wm.WindowState.removeImmediately:2538 com.android.server.wm.WindowState.removeIfPossible:2719 
10-13 11:58:17.082  1902  1936 D Aurogon :  uid = 10190 switch to BG
10-13 11:58:17.082  1902  2600 D isUidValid: uid = 10190
10-13 11:58:17.286  1902  1902 W AccessibilityManagerService:  wait for adding window timeout: 3971
10-13 11:58:18.308  1902  1902 D UiModeManager: updateConfigurationLocked: mDockState=0; mCarMode=false; mCar=false; mPowerSave=false; mOverrideNightModeOn=false; mOverrideNightModeOff=false; mComputedNightMode=false; mNightMode=1; uiMode=17
10-13 11:58:18.340  1902  2620 I SmartPower: com.xiaomi.discover/10128(15953): background->idle(3001ms) R(broadcast start Intent { act=android.intent.action.BATTERY_CHANGED flg=0x60000010 (has extras) }) adj=905.
10-13 11:58:18.342  1902  2620 I SmartPower: com.microsoft.teams/10321(21803): background->idle(3002ms) R(broadcast start Intent { act=android.intent.action.BATTERY_CHANGED flg=0x60000010 (has extras) }) adj=905.
10-13 11:58:18.912  1556  1556 I wificond: station_bandwidth: 
10-13 11:58:19.219  1902  2304 W FillRequestEventLogger: Couldn't find packageName: com.google.android.inputmethod.latin
10-13 11:58:19.232  1902 22706 W PackageConfigPersister: App-specific configuration not found for packageName: eu.europa.ec.euidi and userId: 0
