07-15 14:53:00.801  2465  5853 I InputMethodManagerService: IMMS.applyImeVisibility(), setVisible = true, mCurclient = ClientState{72c9f06 uid=10786 pid=30149 displayId=0}
07-15 14:53:00.801  2465  5853 I WindowManager: WMS.showImePostLayout(), imeTarget = Window{f4b0a0b u0 eu.europa.ec.euidi/eu.europa.ec.assemblylogic.ui.MainActivity}
07-15 14:53:00.802  2465  2490 I ImeInsetsSourceProvider: ImeInsetsSourceProvider.scheduleShowImePostLayout() Run showImeRunner.
07-15 14:53:00.802  2465  2490 I ImeInsetsSourceProvider: ImeInsetsSourceProvider.scheduleShowImePostLayout() isReadyToShowIme.
07-15 14:53:00.802  2465  8615 D VibrationThread: StartVibrateStep for effect #0
07-15 14:53:00.802  2465  8615 D VibrationThread: Perform THUD on vibrator 0
07-15 14:53:00.804  2465  4926 I WindowManager: input method visible height changed 560
07-15 14:53:00.806  2465  2969 D MiuiFreeFormGestureController: handleFreeFormReceiver intent=Intent { act=miui.intent.action.INPUT_METHOD_VISIBLE_HEIGHT_CHANGED flg=0x10 (has extras) }
07-15 14:53:00.811  2465  5853 I InputMethodManagerService: IMMS.applyImeVisibility(), setVisible = true, mCurclient = ClientState{72c9f06 uid=10786 pid=30149 displayId=0}
07-15 14:53:00.811  2465  5853 I WindowManager: WMS.showImePostLayout(), imeTarget = Window{f4b0a0b u0 eu.europa.ec.euidi/eu.europa.ec.assemblylogic.ui.MainActivity}
07-15 14:53:00.811  3586  3586 I OneHandedController: stopOneHanded mState=STATE_NONE, uiEvent=ONE_HANDED_TRIGGER_POP_IME_OUT
07-15 14:53:00.811  3586  3586 D OneHandedController: stopOneHanded state isTransitioning or STATE_NONE, mState = 0
07-15 14:53:00.812  2465  2490 I ImeInsetsSourceProvider: ImeInsetsSourceProvider.scheduleShowImePostLayout() Run showImeRunner.
07-15 14:53:00.812  2465  2490 I ImeInsetsSourceProvider: ImeInsetsSourceProvider.scheduleShowImePostLayout() isReadyToShowIme.
07-15 14:53:00.814  3586  3586 I OneHandedController: stopOneHanded mState=STATE_NONE, uiEvent=ONE_HANDED_TRIGGER_POP_IME_OUT
07-15 14:53:00.814  3586  3586 D OneHandedController: stopOneHanded state isTransitioning or STATE_NONE, mState = 0
07-15 14:53:00.859  2465  8615 D VibrationThread: Running complete vibration step on vibrator 0
07-15 14:53:00.859  2465  8615 D VibratorManagerService: Vibration 632 finished with status FINISHED
07-15 14:53:00.859  2465  3421 D VibratorManagerService: Vibration 632 on vibrator 0 complete, notifying thread
07-15 14:53:00.859  2465  3421 D VibrationThread: Vibration complete reported by vibrator 0
07-15 14:53:00.859  2465  8615 D VibrationThread: Turning off vibrator 0
07-15 14:53:00.860  2465  8615 D VibrationThread: FinishVibrateStep for effect #0
07-15 14:53:00.861  2465  8615 D VibratorManagerService: Vibrators released after finished vibration
07-15 14:53:00.893  2465  3421 E AutofillSession: Not starting a new partition on 1073741824:8452@1119444496 because session 1119444496 reached maximum of 10
07-15 14:53:00.919  2465  3421 I InputMethodManagerService: IMMS.showCurrentInputLocked(), curMethod = com.android.internal.view.IInputMethod$Stub$Proxy@c3cba68, flags = 0
07-15 14:53:00.919  2465  3421 D SmartPower.com.google.android.inputmethod.latin/10176(4876): show input method
07-15 14:53:00.919  2465  3421 I InputMethodManagerService: IMMS.showCurrentInputLocked request ims to show inputMethod.
07-15 14:53:00.937  2465  5853 I InputMethodManagerService: IMMS.showSoftInput(), client = com.android.internal.view.IInputMethodClient$Stub$Proxy@9a4cd14
07-15 14:53:00.937  2465  5853 I InputMethodManagerService: IMMS.showCurrentInputLocked(), curMethod = com.android.internal.view.IInputMethod$Stub$Proxy@c3cba68, flags = 0
07-15 14:53:00.938  2465  5853 D SmartPower.com.google.android.inputmethod.latin/10176(4876): show input method
07-15 14:53:00.938  2465  5853 I InputMethodManagerService: IMMS.showCurrentInputLocked request ims to show inputMethod.
07-15 14:53:00.949  2465  3421 W WindowManager: Failed looking up window session=Session{e8630a2 20445:u0a10213} callers=com.android.server.wm.WindowManagerService.windowForClientLocked:6162 com.android.server.wm.WindowManagerService.removeWindow:2325 com.android.server.wm.Session.remove:220 
07-15 14:53:00.953  2465  5853 I InputMethodManagerService: IMMS.applyImeVisibility(), setVisible = true, mCurclient = ClientState{72c9f06 uid=10786 pid=30149 displayId=0}
07-15 14:53:00.953  2465  5853 I WindowManager: WMS.showImePostLayout(), imeTarget = Window{f4b0a0b u0 eu.europa.ec.euidi/eu.europa.ec.assemblylogic.ui.MainActivity}
07-15 14:53:00.954  2465  2490 I ImeInsetsSourceProvider: ImeInsetsSourceProvider.scheduleShowImePostLayout() Run showImeRunner.
07-15 14:53:00.954  2465  2490 I ImeInsetsSourceProvider: ImeInsetsSourceProvider.scheduleShowImePostLayout() isReadyToShowIme.
07-15 14:53:00.955  2465  8617 D VibrationThread: StartVibrateStep for effect #0
07-15 14:53:00.955  2465  8617 D VibrationThread: Perform THUD on vibrator 0
07-15 14:53:00.958  2465  4926 I InputMethodManagerService: IMMS.applyImeVisibility(), setVisible = true, mCurclient = ClientState{72c9f06 uid=10786 pid=30149 displayId=0}
07-15 14:53:00.958  2465  4926 I WindowManager: WMS.showImePostLayout(), imeTarget = Window{f4b0a0b u0 eu.europa.ec.euidi/eu.europa.ec.assemblylogic.ui.MainActivity}
07-15 14:53:00.958  2465  2490 I ImeInsetsSourceProvider: ImeInsetsSourceProvider.scheduleShowImePostLayout() Run showImeRunner.
07-15 14:53:00.958  2465  2490 I ImeInsetsSourceProvider: ImeInsetsSourceProvider.scheduleShowImePostLayout() isReadyToShowIme.
07-15 14:53:00.959  3586  3586 I OneHandedController: stopOneHanded mState=STATE_NONE, uiEvent=ONE_HANDED_TRIGGER_POP_IME_OUT
07-15 14:53:00.959  3586  3586 D OneHandedController: stopOneHanded state isTransitioning or STATE_NONE, mState = 0
07-15 14:53:00.960  3586  3586 I OneHandedController: stopOneHanded mState=STATE_NONE, uiEvent=ONE_HANDED_TRIGGER_POP_IME_OUT
07-15 14:53:00.960  3586  3586 D OneHandedController: stopOneHanded state isTransitioning or STATE_NONE, mState = 0
07-15 14:53:01.012  2465  8617 D VibrationThread: Running complete vibration step on vibrator 0
07-15 14:53:01.012  2465  8617 D VibratorManagerService: Vibration 633 finished with status FINISHED
07-15 14:53:01.013  2465  4926 D VibratorManagerService: Vibration 633 on vibrator 0 complete, notifying thread
07-15 14:53:01.014  2465  4926 D VibrationThread: Vibration complete reported by vibrator 0
07-15 14:53:01.014  2465  8617 D VibrationThread: Turning off vibrator 0
07-15 14:53:01.014  2465  8617 D VibrationThread: FinishVibrateStep for effect #0
07-15 14:53:01.015  2465  8617 D VibratorManagerService: Vibrators released after finished vibration
07-15 14:53:01.040  2465  4926 E AutofillSession: Not starting a new partition on 1073741824:8461@1119444496 because session 1119444496 reached maximum of 10
07-15 14:53:01.062  2465  4926 I InputMethodManagerService: IMMS.showCurrentInputLocked(), curMethod = com.android.internal.view.IInputMethod$Stub$Proxy@c3cba68, flags = 0
07-15 14:53:01.062  2465  4926 D SmartPower.com.google.android.inputmethod.latin/10176(4876): show input method
07-15 14:53:01.062  2465  4926 I InputMethodManagerService: IMMS.showCurrentInputLocked request ims to show inputMethod.
07-15 14:53:01.072  2465  6156 I InputMethodManagerService: IMMS.showSoftInput(), client = com.android.internal.view.IInputMethodClient$Stub$Proxy@e86e05f
07-15 14:53:01.072  2465  6156 I InputMethodManagerService: IMMS.showCurrentInputLocked(), curMethod = com.android.internal.view.IInputMethod$Stub$Proxy@c3cba68, flags = 0
07-15 14:53:01.072  2465  6156 D SmartPower.com.google.android.inputmethod.latin/10176(4876): show input method
07-15 14:53:01.072  2465  6156 I InputMethodManagerService: IMMS.showCurrentInputLocked request ims to show inputMethod.
07-15 14:53:01.096  2465  6156 I InputMethodManagerService: IMMS.applyImeVisibility(), setVisible = true, mCurclient = ClientState{72c9f06 uid=10786 pid=30149 displayId=0}
07-15 14:53:01.096  2465  6156 I WindowManager: WMS.showImePostLayout(), imeTarget = Window{f4b0a0b u0 eu.europa.ec.euidi/eu.europa.ec.assemblylogic.ui.MainActivity}
07-15 14:53:01.097  2465  2490 I ImeInsetsSourceProvider: ImeInsetsSourceProvider.scheduleShowImePostLayout() Run showImeRunner.
07-15 14:53:01.097  2465  2490 I ImeInsetsSourceProvider: ImeInsetsSourceProvider.scheduleShowImePostLayout() isReadyToShowIme.
07-15 14:53:01.098  2465  8621 D VibrationThread: StartVibrateStep for effect #0
07-15 14:53:01.098  2465  8621 D VibrationThread: Perform THUD on vibrator 0
07-15 14:53:01.100  2465  6156 I InputMethodManagerService: IMMS.applyImeVisibility(), setVisible = true, mCurclient = ClientState{72c9f06 uid=10786 pid=30149 displayId=0}
07-15 14:53:01.100  2465  6156 I WindowManager: WMS.showImePostLayout(), imeTarget = Window{f4b0a0b u0 eu.europa.ec.euidi/eu.europa.ec.assemblylogic.ui.MainActivity}
07-15 14:53:01.101  3586  3586 I OneHandedController: stopOneHanded mState=STATE_NONE, uiEvent=ONE_HANDED_TRIGGER_POP_IME_OUT
07-15 14:53:01.101  3586  3586 D OneHandedController: stopOneHanded state isTransitioning or STATE_NONE, mState = 0
07-15 14:53:01.101  2465  2490 I ImeInsetsSourceProvider: ImeInsetsSourceProvider.scheduleShowImePostLayout() Run showImeRunner.
07-15 14:53:01.101  2465  2490 I ImeInsetsSourceProvider: ImeInsetsSourceProvider.scheduleShowImePostLayout() isReadyToShowIme.
07-15 14:53:01.104  3586  3586 I OneHandedController: stopOneHanded mState=STATE_NONE, uiEvent=ONE_HANDED_TRIGGER_POP_IME_OUT
07-15 14:53:01.104  3586  3586 D OneHandedController: stopOneHanded state isTransitioning or STATE_NONE, mState = 0
07-15 14:53:01.155  2465  8621 D VibrationThread: Running complete vibration step on vibrator 0
07-15 14:53:01.156  2465  8621 D VibratorManagerService: Vibration 634 finished with status FINISHED
07-15 14:53:01.156  2465  6156 D VibratorManagerService: Vibration 634 on vibrator 0 complete, notifying thread
07-15 14:53:01.156  2465  6156 D VibrationThread: Vibration complete reported by vibrator 0
07-15 14:53:01.157  2465  8621 D VibrationThread: Turning off vibrator 0
07-15 14:53:01.158  2465  8621 D VibrationThread: FinishVibrateStep for effect #0
07-15 14:53:01.158  2465  8621 D VibratorManagerService: Vibrators released after finished vibration
07-15 14:53:01.179  2465  6156 E AutofillSession: Not starting a new partition on 1073741824:8470@1119444496 because session 1119444496 reached maximum of 10
07-15 14:53:01.199  2465  6156 I InputMethodManagerService: IMMS.showCurrentInputLocked(), curMethod = com.android.internal.view.IInputMethod$Stub$Proxy@c3cba68, flags = 0
07-15 14:53:01.199  2465  6156 D SmartPower.com.google.android.inputmethod.latin/10176(4876): show input method
07-15 14:53:01.199  2465  6156 I InputMethodManagerService: IMMS.showCurrentInputLocked request ims to show inputMethod.
07-15 14:53:01.218  2465  3421 I InputMethodManagerService: IMMS.showSoftInput(), client = com.android.internal.view.IInputMethodClient$Stub$Proxy@833a1f1
07-15 14:53:01.218  2465  3421 I InputMethodManagerService: IMMS.showCurrentInputLocked(), curMethod = com.android.internal.view.IInputMethod$Stub$Proxy@c3cba68, flags = 0
07-15 14:53:01.218  2465  3421 D SmartPower.com.google.android.inputmethod.latin/10176(4876): show input method
07-15 14:53:01.218  2465  3421 I InputMethodManagerService: IMMS.showCurrentInputLocked request ims to show inputMethod.
07-15 14:53:01.235  2465  3421 I InputMethodManagerService: IMMS.applyImeVisibility(), setVisible = true, mCurclient = ClientState{72c9f06 uid=10786 pid=30149 displayId=0}
07-15 14:53:01.235  2465  3421 I WindowManager: WMS.showImePostLayout(), imeTarget = Window{f4b0a0b u0 eu.europa.ec.euidi/eu.europa.ec.assemblylogic.ui.MainActivity}
07-15 14:53:01.236  2465  3421 I InputMethodManagerService: IMMS.applyImeVisibility(), setVisible = true, mCurclient = ClientState{72c9f06 uid=10786 pid=30149 displayId=0}
07-15 14:53:01.236  2465  2490 I ImeInsetsSourceProvider: ImeInsetsSourceProvider.scheduleShowImePostLayout() Run showImeRunner.
07-15 14:53:01.236  2465  2490 I ImeInsetsSourceProvider: ImeInsetsSourceProvider.scheduleShowImePostLayout() isReadyToShowIme.
07-15 14:53:01.237  3586  3586 I OneHandedController: stopOneHanded mState=STATE_NONE, uiEvent=ONE_HANDED_TRIGGER_POP_IME_OUT
07-15 14:53:01.237  3586  3586 D OneHandedController: stopOneHanded state isTransitioning or STATE_NONE, mState = 0
07-15 14:53:01.237  2465  3421 I WindowManager: WMS.showImePostLayout(), imeTarget = Window{f4b0a0b u0 eu.europa.ec.euidi/eu.europa.ec.assemblylogic.ui.MainActivity}
07-15 14:53:01.238  2465  8623 D VibrationThread: StartVibrateStep for effect #0
07-15 14:53:01.238  2465  8623 D VibrationThread: Perform THUD on vibrator 0
07-15 14:53:01.239  3586  3586 I OneHandedController: stopOneHanded mState=STATE_NONE, uiEvent=ONE_HANDED_TRIGGER_POP_IME_OUT
07-15 14:53:01.239  3586  3586 D OneHandedController: stopOneHanded state isTransitioning or STATE_NONE, mState = 0
07-15 14:53:01.241  2465  2490 I ImeInsetsSourceProvider: ImeInsetsSourceProvider.scheduleShowImePostLayout() Run showImeRunner.
07-15 14:53:01.241  2465  2490 I ImeInsetsSourceProvider: ImeInsetsSourceProvider.scheduleShowImePostLayout() isReadyToShowIme.
07-15 14:53:01.296  2465  8623 D VibrationThread: Running complete vibration step on vibrator 0
07-15 14:53:01.296  2465  8623 D VibratorManagerService: Vibration 635 finished with status FINISHED
07-15 14:53:01.296  2465  6156 D VibratorManagerService: Vibration 635 on vibrator 0 complete, notifying thread
07-15 14:53:01.296  2465  6156 D VibrationThread: Vibration complete reported by vibrator 0
07-15 14:53:01.297  2465  8623 D VibrationThread: Turning off vibrator 0
07-15 14:53:01.297  2465  8623 D VibrationThread: FinishVibrateStep for effect #0
07-15 14:53:01.297  2465  8623 D VibratorManagerService: Vibrators released after finished vibration
07-15 14:53:01.316  2465  6156 E AutofillSession: Not starting a new partition on 1073741824:8479@1119444496 because session 1119444496 reached maximum of 10
07-15 14:53:01.340  2465  6156 I InputMethodManagerService: IMMS.showCurrentInputLocked(), curMethod = com.android.internal.view.IInputMethod$Stub$Proxy@c3cba68, flags = 0
07-15 14:53:01.340  2465  6156 D SmartPower.com.google.android.inputmethod.latin/10176(4876): show input method
07-15 14:53:01.340  2465  6156 I InputMethodManagerService: IMMS.showCurrentInputLocked request ims to show inputMethod.
07-15 14:53:01.359  2465  5853 I InputMethodManagerService: IMMS.showSoftInput(), client = com.android.internal.view.IInputMethodClient$Stub$Proxy@67c86f3
07-15 14:53:01.359  2465  5853 I InputMethodManagerService: IMMS.showCurrentInputLocked(), curMethod = com.android.internal.view.IInputMethod$Stub$Proxy@c3cba68, flags = 0
07-15 14:53:01.359  2465  5853 D SmartPower.com.google.android.inputmethod.latin/10176(4876): show input method
07-15 14:53:01.359  2465  5853 I InputMethodManagerService: IMMS.showCurrentInputLocked request ims to show inputMethod.
07-15 14:53:01.378  2465  4926 I InputMethodManagerService: IMMS.applyImeVisibility(), setVisible = true, mCurclient = ClientState{72c9f06 uid=10786 pid=30149 displayId=0}
07-15 14:53:01.378  2465  4926 I WindowManager: WMS.showImePostLayout(), imeTarget = Window{f4b0a0b u0 eu.europa.ec.euidi/eu.europa.ec.assemblylogic.ui.MainActivity}
07-15 14:53:01.379  2465  8625 D VibrationThread: StartVibrateStep for effect #0
07-15 14:53:01.379  2465  8625 D VibrationThread: Perform THUD on vibrator 0
07-15 14:53:01.379  2465  2490 I ImeInsetsSourceProvider: ImeInsetsSourceProvider.scheduleShowImePostLayout() Run showImeRunner.
07-15 14:53:01.379  2465  2490 I ImeInsetsSourceProvider: ImeInsetsSourceProvider.scheduleShowImePostLayout() isReadyToShowIme.
07-15 14:53:01.382  2465  5204 I InputMethodManagerService: IMMS.applyImeVisibility(), setVisible = true, mCurclient = ClientState{72c9f06 uid=10786 pid=30149 displayId=0}
07-15 14:53:01.382  2465  5204 I WindowManager: WMS.showImePostLayout(), imeTarget = Window{f4b0a0b u0 eu.europa.ec.euidi/eu.europa.ec.assemblylogic.ui.MainActivity}
07-15 14:53:01.383  2465  2490 I ImeInsetsSourceProvider: ImeInsetsSourceProvider.scheduleShowImePostLayout() Run showImeRunner.
07-15 14:53:01.383  2465  2490 I ImeInsetsSourceProvider: ImeInsetsSourceProvider.scheduleShowImePostLayout() isReadyToShowIme.
07-15 14:53:01.384  3586  3586 I OneHandedController: stopOneHanded mState=STATE_NONE, uiEvent=ONE_HANDED_TRIGGER_POP_IME_OUT
07-15 14:53:01.384  3586  3586 D OneHandedController: stopOneHanded state isTransitioning or STATE_NONE, mState = 0
07-15 14:53:01.385  3586  3586 I OneHandedController: stopOneHanded mState=STATE_NONE, uiEvent=ONE_HANDED_TRIGGER_POP_IME_OUT
07-15 14:53:01.385  3586  3586 D OneHandedController: stopOneHanded state isTransitioning or STATE_NONE, mState = 0
07-15 14:53:01.434  2465  8625 D VibrationThread: Running complete vibration step on vibrator 0
07-15 14:53:01.435  2465  8625 D VibratorManagerService: Vibration 636 finished with status FINISHED
07-15 14:53:01.437  2465  5204 D VibratorManagerService: Vibration 636 on vibrator 0 complete, notifying thread
07-15 14:53:01.437  2465  5204 D VibrationThread: Vibration complete reported by vibrator 0
07-15 14:53:01.437  2465  8625 D VibrationThread: Turning off vibrator 0
07-15 14:53:01.438  2465  8625 D VibrationThread: FinishVibrateStep for effect #0
07-15 14:53:01.438  2465  8625 D VibratorManagerService: Vibrators released after finished vibration
07-15 14:53:01.718  2465  2489 I WindowManager: input method visible height changed 0
07-15 14:53:01.719  2465  2969 D MiuiFreeFormGestureController: handleFreeFormReceiver intent=Intent { act=miui.intent.action.INPUT_METHOD_VISIBLE_HEIGHT_CHANGED flg=0x10 (has extras) }
07-15 14:53:01.722  2465  5204 I InputMethodManagerService: IMMS.showCurrentInputLocked(), curMethod = com.android.internal.view.IInputMethod$Stub$Proxy@c3cba68, flags = 0
07-15 14:53:01.722  2465  5204 D SmartPower.com.google.android.inputmethod.latin/10176(4876): show input method
07-15 14:53:01.722  2465  5204 I InputMethodManagerService: IMMS.showCurrentInputLocked request ims to show inputMethod.
07-15 14:53:01.745  2465  6156 I InputMethodManagerService: IMMS.applyImeVisibility(), setVisible = true, mCurclient = ClientState{72c9f06 uid=10786 pid=30149 displayId=0}
07-15 14:53:01.746  2465  6156 I WindowManager: WMS.showImePostLayout(), imeTarget = Window{f4b0a0b u0 eu.europa.ec.euidi/eu.europa.ec.assemblylogic.ui.MainActivity}
07-15 14:53:01.746  2465  2490 I ImeInsetsSourceProvider: ImeInsetsSourceProvider.scheduleShowImePostLayout() Run showImeRunner.
07-15 14:53:01.746  2465  2490 I ImeInsetsSourceProvider: ImeInsetsSourceProvider.scheduleShowImePostLayout() isReadyToShowIme.
07-15 14:53:01.748  2465  3421 I InputMethodManagerService: IMMS.applyImeVisibility(), setVisible = false, mCurclient = ClientState{72c9f06 uid=10786 pid=30149 displayId=0}
07-15 14:53:01.750  2465  2489 I WindowManager: input method visible height changed 560
07-15 14:53:01.750  2465  2969 D MiuiFreeFormGestureController: handleFreeFormReceiver intent=Intent { act=miui.intent.action.INPUT_METHOD_VISIBLE_HEIGHT_CHANGED flg=0x10 (has extras) }
07-15 14:53:01.757  2465  5204 I WindowManagerService: Physical orientation applied, rotation=0 sfOrientation=ORIENTATION_0
07-15 14:53:01.769  2465  5204 I WindowManager: input method visible height changed 0
07-15 14:53:01.769  2465  2969 D MiuiFreeFormGestureController: handleFreeFormReceiver intent=Intent { act=miui.intent.action.INPUT_METHOD_VISIBLE_HEIGHT_CHANGED flg=0x10 (has extras) }
07-15 14:53:01.990  2465  5204 D PerfShielderService: eu.europa.ec.euidi|eu.europa.ec.euidi/eu.europa.ec.assemblylogic.ui.MainActivity|260|46568434872077|182|0|5
07-15 14:53:01.991  4932 24035 W MiuiPerfServiceClient: interceptAndQueuing:30149|eu.europa.ec.euidi|260|182|46568434872077|Slow main thread|5
07-15 14:53:02.876  2465  5204 I ActivityTaskManager: START u0 {act=android.intent.action.VIEW dat=https://walletcentric.signer.eudiw.dev/... cmp=com.android.chrome/com.google.android.apps.chrome.IntentDispatcher} from uid 10786 from pid 30149 callingPackage eu.europa.ec.euidi
07-15 14:53:02.878  2465  5204 I SmartPower.com.android.chrome:privileged_process0/10172(28829): background->invisible(6114ms) R(become foreground) adj=700.
07-15 14:53:02.878  2465  5204 I SmartPower.com.android.chrome/10172(27603): background->invisible(6114ms) R(become foreground) adj=700.
07-15 14:53:02.878  2465  2950 I SmartPower: com.android.chrome/10172 state=inactive adj=700 proc size=3 move to background become foreground
07-15 14:53:02.878  2465  2950 I SmartPower: com.google.android.ext.services/10213 state=inactive adj=100 proc size=2 move to background add to whitelist
07-15 14:53:02.878  2465  2950 I SmartPower: com.android.vending/10164 state=inactive adj=700 proc size=4 move to background add to whitelist
07-15 14:53:02.878  2465  2950 I SmartPower: com.android.chrome/90000 state=inactive adj=940 proc size=1 move to background add to whitelist
07-15 14:53:02.879  2465  2950 I SmartPower: com.android.chrome/90001 state=inactive adj=940 proc size=1 move to background add to whitelist
07-15 14:53:02.879  2465  2950 I SmartPower: com.android.chrome/90002 state=inactive adj=930 proc size=1 move to background add to whitelist
07-15 14:53:02.879  2465  2950 I SmartPower: com.android.chrome/90003 state=inactive adj=930 proc size=1 move to background add to whitelist
07-15 14:53:02.879  2465  2950 I SmartPower: com.android.chrome/90004 state=inactive adj=920 proc size=1 move to background add to whitelist
07-15 14:53:02.879  2465  2950 I SmartPower: com.android.chrome/90005 state=inactive adj=920 proc size=1 move to background add to whitelist
07-15 14:53:02.879  2465  2950 I SmartPower: com.android.chrome/90007 state=inactive adj=910 proc size=1 move to background add to whitelist
07-15 14:53:02.879  2465  2950 I SmartPower: com.android.chrome/90008 state=inactive adj=910 proc size=1 move to background add to whitelist
07-15 14:53:02.879  2465  2950 I SmartPower: com.android.chrome/90009 state=inactive adj=900 proc size=1 move to background add to whitelist
07-15 14:53:02.879  2465  2950 I SmartPower: com.android.chrome/90010 state=inactive adj=900 proc size=1 move to background add to whitelist
07-15 14:53:02.879  2465  2950 I SmartPower: com.android.chrome/90011 state=inactive adj=700 proc size=1 move to background add to whitelist
07-15 14:53:02.879  2465  2950 I SmartPower: com.google.android.gms/10163 state=inactive adj=100 proc size=6 move to background add to whitelist
07-15 14:53:02.887  2465  2490 D WindowManager: Update InputWindowHandle: f4b0a0b eu.europa.ec.euidi/eu.europa.ec.assemblylogic.ui.MainActivity, frame=[0,0,1080,2400], touchableRegion=SkRegion((0,0,1080,2400)), visible=true, focusable=true, changed=true
07-15 14:53:02.898  2465  5204 W ActivityTaskManager: Tried to set launchTime (0) < mLastActivityLaunchTime (46562975)
07-15 14:53:02.900  2465  5204 D WindowManager: Input focus has changed to null display=0 updateInputWindows = true
07-15 14:53:02.901  2465  2487 D Aurogon :  uid = 10172 switch to FG
07-15 14:53:02.902  2465  2950 I SmartPower: com.android.vending/10164 state=background adj=100 proc size=4 move to inactive adj below visible
07-15 14:53:02.903  2465  2489 W ProcessStats: Tracking association SourceState{a2698f8 system/1000 BTopFgs #124170} whose proc state 2 is better than process ProcessState{59526b3 com.miui.powerkeeper/1000 pkg=com.miui.powerkeeper (sub)} proc state 3 (517 skipped)
07-15 14:53:02.904  2465  2950 I SmartPower: com.android.chrome/90011 state=background adj=100 proc size=1 move to inactive adj below visible
07-15 14:53:02.922  2465  5204 I ActivityTaskManager: START u0 {act=android.intent.action.VIEW dat=https://walletcentric.signer.eudiw.dev/... flg=0x14002000 cmp=com.android.chrome/org.chromium.chrome.browser.ChromeTabbedActivity (has extras)} from uid 10172 from pid 27603 callingPackage com.android.chrome
07-15 14:53:02.927  2465  5204 D ActivityTaskManager: startActivityAsUser result is 2
07-15 14:53:02.930  3586  3586 I OneHandedController: stopOneHanded mState=STATE_NONE, uiEvent=ONE_HANDED_TRIGGER_APP_TAPS_OUT
07-15 14:53:02.930  3586  3586 D OneHandedController: stopOneHanded state isTransitioning or STATE_NONE, mState = 0
07-15 14:53:02.947  2465  2950 I SmartPower: com.google.android.gms/10163 state=background adj=0 proc size=6 move to inactive service end com.google.android.gms/.chimera.GmsApiService
07-15 14:53:02.961  2465  4926 D CompatibilityChangeReporter: Compat change id reported: 135634846; UID 10172; state: DISABLED
07-15 14:53:02.962  2465  2504 D CompatibilityChangeReporter: Compat change id reported: 143937733; UID 10172; state: ENABLED
07-15 14:53:02.974  2465  2504 D Boost   : hostingType=, hostingName={com.android.chrome/org.chromium.content.app.SandboxedProcessService0:27}, callerPackage=com.android.chrome, isSystem=true, isBoostNeeded=false.
07-15 14:53:02.974  2465  2504 I ActivityManager: Start proc 8645:com.android.chrome:sandboxed_process0:org.chromium.content.app.SandboxedProcessService0:27/u0ai27 for  {com.android.chrome/org.chromium.content.app.SandboxedProcessService0:27} caller=com.android.chrome
07-15 14:53:02.992  2465  2950 E AppOps  : checkOperation
07-15 14:53:02.992  2465  2950 E AppOps  : java.lang.SecurityException: Specified package com.android.chrome under uid 90027 but it is not
07-15 14:53:02.992  2465  2950 E AppOps  : 	at com.android.server.appop.AppOpsService.verifyAndGetBypass(AppOpsService.java:4799)
07-15 14:53:02.992  2465  2950 E AppOps  : 	at com.android.server.appop.AppOpsService.verifyAndGetBypass(AppOpsService.java:4691)
07-15 14:53:02.992  2465  2950 E AppOps  : 	at com.android.server.appop.AppOpsService.checkOperationUnchecked(AppOpsService.java:3278)
07-15 14:53:02.992  2465  2950 E AppOps  : 	at com.android.server.appop.AppOpsService.checkOperationImpl(AppOpsService.java:3261)
07-15 14:53:02.992  2465  2950 E AppOps  : 	at com.android.server.appop.AppOpsService.access$3700(AppOpsService.java:222)
07-15 14:53:02.992  2465  2950 E AppOps  : 	at com.android.server.appop.AppOpsService$CheckOpsDelegateDispatcher.lambda$checkOperation$0(AppOpsService.java:7691)
07-15 14:53:02.992  2465  2950 E AppOps  : 	at com.android.server.appop.AppOpsService$CheckOpsDelegateDispatcher$$ExternalSyntheticLambda17.apply(Unknown Source:25)
07-15 14:53:02.992  2465  2950 E AppOps  : 	at com.android.server.policy.AppOpsPolicy.checkOperation(AppOpsPolicy.java:205)
07-15 14:53:02.992  2465  2950 E AppOps  : 	at com.android.server.appop.AppOpsService$CheckOpsDelegateDispatcher.checkOperation(AppOpsService.java:7690)
07-15 14:53:02.992  2465  2950 E AppOps  : 	at com.android.server.appop.AppOpsService.checkOperation(AppOpsService.java:3248)
07-15 14:53:02.992  2465  2950 E AppOps  : 	at android.app.AppOpsManager.checkOpNoThrow(AppOpsManager.java:8747)
07-15 14:53:02.992  2465  2950 E AppOps  : 	at android.miui.AppOpsUtils.getApplicationAutoStart(AppOpsUtils.java:84)
07-15 14:53:02.992  2465  2950 E AppOps  : 	at com.android.server.am.AppStateManager$AppState$RunningProcess$1.run(AppStateManager.java:1544)
07-15 14:53:02.992  2465  2950 E AppOps  : 	at android.os.Handler.handleCallback(Handler.java:938)
07-15 14:53:02.992  2465  2950 E AppOps  : 	at android.os.Handler.dispatchMessage(Handler.java:99)
07-15 14:53:02.992  2465  2950 E AppOps  : 	at android.os.Looper.loopOnce(Looper.java:211)
07-15 14:53:02.992  2465  2950 E AppOps  : 	at android.os.Looper.loop(Looper.java:300)
07-15 14:53:02.992  2465  2950 E AppOps  : 	at android.os.HandlerThread.run(HandlerThread.java:67)
07-15 14:53:02.997  8645  8645 E MQSEventManagerDelegate: failed to get MQSService.
07-15 14:53:02.997  8645  8645 W MQSEventManagerDelegate: registerApplicationScoutThread getMQSService null
07-15 14:53:02.997  8645  8645 W ActivityThread: registerApplicationScoutThread result:false
07-15 14:53:03.007  8645  8645 E ForceDarkHelperStubImpl: getForceDarkOriginState transact failed , mService: null
07-15 14:53:03.007  8645  8645 I ForceDarkHelperStubImpl: initialize for com.android.chrome , ForceDarkOrigin
07-15 14:53:03.018  2465  2950 I SmartPower: com.android.chrome/90027 state=background adj=100 proc size=1 move to inactive service end com.android.chrome/org.chromium.content.app.SandboxedProcessService0:27
07-15 14:53:03.028  2465  4928 D WindowManager: Input focus has changed to Window{48ab4e8 u0 com.android.chrome/org.chromium.chrome.browser.ChromeTabbedActivity} display=0 updateInputWindows = true
07-15 14:53:03.028  2465  4928 I WindowManagerService: Physical orientation applied, rotation=0 sfOrientation=ORIENTATION_0
07-15 14:53:03.029  2465  2490 D WindowManager: Update InputWindowHandle: 48ab4e8 com.android.chrome/org.chromium.chrome.browser.ChromeTabbedActivity, frame=[0,0,1080,2400], touchableRegion=SkRegion((0,0,1080,2400)), visible=true, focusable=true, changed=true
07-15 14:53:03.079  2465  4928 D WindowManager: finishDrawingLocked: mDrawState=COMMIT_DRAW_PENDING Window{48ab4e8 u0 com.android.chrome/org.chromium.chrome.browser.ChromeTabbedActivity} in Surface(name=com.android.chrome/org.chromium.chrome.browser.ChromeTabbedActivity)/@0x11989d2
07-15 14:53:03.084  2465  2490 I SmartPower.com.android.chrome/10172(27603): invisible->visible(207ms) R(become visible) adj=0.
07-15 14:53:03.084  2465  2490 I SmartPower.eu.europa.ec.euidi/10786(30149): visible->invisible(6321ms) R(become invisible) adj=200.
07-15 14:53:03.084  2465  2950 I SmartPower: com.android.chrome/10172 state=background adj=0 proc size=3 move to foreground become visible
07-15 14:53:03.084  2465  2490 I SmartPower.eu.europa.ec.euidi/10786(30149): invisible->background(0ms) R(become background) adj=200.
07-15 14:53:03.085  2465  2950 I SmartPower: eu.europa.ec.euidi/10786 state=foreground adj=200 proc size=1 move to inactive become invisible
07-15 14:53:03.107  2465  2490 D WindowManager: Update InputWindowHandle: 48ab4e8 com.android.chrome/org.chromium.chrome.browser.ChromeTabbedActivity, frame=[0,0,1080,2400], touchableRegion=SkRegion((0,0,1080,2400)), visible=true, focusable=true, changed=true
07-15 14:53:03.115  2465  3421 I WindowManagerService: Physical orientation applied, rotation=0 sfOrientation=ORIENTATION_0
07-15 14:53:03.153  2465  6156 W ActivityTaskManager: Skip mGoingToSleepWakeLock release for sleepingOrShuttingDown
07-15 14:53:03.155  2465  2487 D Aurogon :  uid = 10786 switch to BG
07-15 14:53:03.293  2465  6156 I ActivityTaskManager: START u0 {act=android.intent.action.VIEW cat=[android.intent.category.BROWSABLE] dat=rqes://oauth/callback?code=OYY_kaUxdbaekc__aH-65tPtVL3pKZI7eNNwfdZ_CKRih_V7OrtnQ2w3Ox6fNcORS1PHfvTJuKdtTCfLgUp4p9DG7cCV_wVeeon2YYYDHSmR0xg3PwF649MUmYIM7Qs_&state=2e58e6b8-4a42-46e3-abc4-9bbb5842d7f0 flg=0x14000000 cmp=eu.europa.ec.euidi/eu.europa.ec.assemblylogic.ui.MainActivity (has extras)} from uid 10172 from pid 27603 callingPackage com.android.chrome
07-15 14:53:03.294  2465  6156 I SmartPower.eu.europa.ec.euidi/10786(30149): background->invisible(209ms) R(become foreground) adj=700.
07-15 14:53:03.294  2465  2950 I SmartPower: eu.europa.ec.euidi/10786 state=inactive adj=700 proc size=1 move to background become foreground
07-15 14:53:03.295  2465  6156 D WindowManager: Input focus has changed to null display=0 updateInputWindows = true
07-15 14:53:03.300  2465  6156 D ActivityTaskManager: startActivityAsUser result is 2
07-15 14:53:03.303  3586  3586 I OneHandedController: stopOneHanded mState=STATE_NONE, uiEvent=ONE_HANDED_TRIGGER_APP_TAPS_OUT
07-15 14:53:03.303  3586  3586 D OneHandedController: stopOneHanded state isTransitioning or STATE_NONE, mState = 0
07-15 14:53:03.307  2465  6156 I ActivityTaskManager: moveTaskToBack: Task{b0f02ed #1977 type=standard A=10172:com.android.chrome U=0 visible=true mode=fullscreen translucent=false sz=1}
07-15 14:53:03.313  3586  3586 I OneHandedController: stopOneHanded mState=STATE_NONE, uiEvent=ONE_HANDED_TRIGGER_APP_TAPS_OUT
07-15 14:53:03.313  3586  3586 D OneHandedController: stopOneHanded state isTransitioning or STATE_NONE, mState = 0
07-15 14:53:03.317  2465  3421 I WindowManagerService: Physical orientation applied, rotation=0 sfOrientation=ORIENTATION_0
07-15 14:53:03.370  2465  4928 I ActivityManager: Killing 8645:com.android.chrome:sandboxed_process0:org.chromium.content.app.SandboxedProcessService0:27/u0a172i-8973 (adj 0): isolated not needed
07-15 14:53:03.371  2465  4928 I SmartPower.com.android.chrome:sandboxed_process0:org.chromium.content.app.SandboxedProcessServbackground->died(410ms) R(process died ) adj=0.
07-15 14:53:03.373  2465  2950 I SmartPower: com.android.chrome/90027 state=inactive adj=0 proc size=0 move to -1 process died 
07-15 14:53:03.383  2465  4928 D ActivityManagerServiceImpl: Service controller is not enabled.
07-15 14:53:03.383  2465  4928 D ProcessRecordInjector: Finishing reporting clean up app record.
07-15 14:53:03.385  2465  2487 D Aurogon :  uid = 10786 switch to FG
07-15 14:53:03.387  2465  2950 I SmartPower: com.google.android.ext.services/10213 state=background adj=100 proc size=2 move to inactive adj below visible
07-15 14:53:03.431  2465 11379 I ActivityTaskManager: START u0 {flg=0x14000000 cmp=eu.europa.ec.euidi/eu.europa.ec.eudi.rqesui.presentation.ui.container.EudiRQESContainer (has extras)} from uid 10786 from pid 30149 callingPackage eu.europa.ec.euidi
07-15 14:53:03.444  2465  5853 I WindowManagerService: Physical orientation applied, rotation=0 sfOrientation=ORIENTATION_0
07-15 14:53:03.452  2465  6156 D WindowManager: Input focus has changed to Window{f4b0a0b u0 eu.europa.ec.euidi/eu.europa.ec.assemblylogic.ui.MainActivity} display=0 updateInputWindows = true
07-15 14:53:03.452  2465  6156 I WindowManagerService: Physical orientation applied, rotation=0 sfOrientation=ORIENTATION_0
07-15 14:53:03.456  2465  2490 D WindowManager: Update InputWindowHandle: f4b0a0b eu.europa.ec.euidi/eu.europa.ec.assemblylogic.ui.MainActivity, frame=[0,0,1080,2400], touchableRegion=SkRegion((0,0,1080,2400)), visible=true, focusable=true, changed=true
07-15 14:53:03.464  2465 11379 D WindowManager: finishDrawingLocked: mDrawState=COMMIT_DRAW_PENDING Window{f4b0a0b u0 eu.europa.ec.euidi/eu.europa.ec.assemblylogic.ui.MainActivity} in Surface(name=eu.europa.ec.euidi/eu.europa.ec.assemblylogic.ui.MainActivity)/@0x1526d71
07-15 14:53:03.471  2465 11379 W ActivityTaskManager: Tried to set launchTime (0) < mLastActivityLaunchTime (46559070)
07-15 14:53:03.477  2465 11379 D WindowManager: Input focus has changed to null display=0 updateInputWindows = true
07-15 14:53:03.483  2465  5204 I WindowManagerService: Physical orientation applied, rotation=0 sfOrientation=ORIENTATION_0
07-15 14:53:03.546  2465 11379 D WindowManager: Input focus has changed to Window{18286cf u0 eu.europa.ec.euidi/eu.europa.ec.eudi.rqesui.presentation.ui.container.EudiRQESContainer} display=0 updateInputWindows = true
07-15 14:53:03.547  2465 11379 I WindowManagerService: Physical orientation applied, rotation=0 sfOrientation=ORIENTATION_0
07-15 14:53:03.547  2465  2490 D WindowManager: Update InputWindowHandle: 18286cf eu.europa.ec.euidi/eu.europa.ec.eudi.rqesui.presentation.ui.container.EudiRQESContainer, frame=[0,0,1080,2400], touchableRegion=SkRegion((0,0,1080,2400)), visible=true, focusable=true, changed=true
07-15 14:53:03.559  2465 11379 D WindowManager: finishDrawingLocked: mDrawState=COMMIT_DRAW_PENDING Window{18286cf u0 eu.europa.ec.euidi/eu.europa.ec.eudi.rqesui.presentation.ui.container.EudiRQESContainer} in Surface(name=eu.europa.ec.euidi/eu.europa.ec.eudi.rqesui.presentation.ui.container.EudiRQESContainer)/@0xcc894e1
07-15 14:53:03.563  2465  2490 I SmartPower.com.android.chrome/10172(27603): visible->invisible(479ms) R(become invisible) adj=200.
07-15 14:53:03.563  2465  2490 I SmartPower.com.android.chrome:privileged_process0/10172(28829): invisible->background(686ms) R(become background) adj=200.
07-15 14:53:03.563  2465  2490 I SmartPower.com.android.chrome/10172(27603): invisible->background(0ms) R(become background) adj=200.
07-15 14:53:03.563  2465  2490 I SmartPower.eu.europa.ec.euidi/10786(30149): invisible->visible(270ms) R(become visible) adj=0.
07-15 14:53:03.563  2465  2950 I SmartPower: com.android.chrome/10172 state=foreground adj=200 proc size=3 move to inactive become invisible
07-15 14:53:03.564  2465  2950 I SmartPower: eu.europa.ec.euidi/10786 state=background adj=0 proc size=1 move to foreground become visible
07-15 14:53:03.564  2465  2950 I SmartPower: com.android.chrome/90000 state=background adj=940 proc size=1 move to inactive remove from whitelist
07-15 14:53:03.564  2465  2950 I SmartPower: com.android.chrome/90001 state=background adj=940 proc size=1 move to inactive remove from whitelist
07-15 14:53:03.564  2465  2950 I SmartPower: com.android.chrome/90002 state=background adj=930 proc size=1 move to inactive remove from whitelist
07-15 14:53:03.564  2465  2950 I SmartPower: com.android.chrome/90003 state=background adj=930 proc size=1 move to inactive remove from whitelist
07-15 14:53:03.565  2465  2950 I SmartPower: com.android.chrome/90004 state=background adj=920 proc size=1 move to inactive remove from whitelist
07-15 14:53:03.565  2465  2950 I SmartPower: com.android.chrome/90005 state=background adj=920 proc size=1 move to inactive remove from whitelist
07-15 14:53:03.565  2465  2950 I SmartPower: com.android.chrome/90007 state=background adj=910 proc size=1 move to inactive remove from whitelist
07-15 14:53:03.565  2465  2950 I SmartPower: com.android.chrome/90008 state=background adj=910 proc size=1 move to inactive remove from whitelist
07-15 14:53:03.565  2465  2950 I SmartPower: com.android.chrome/90009 state=background adj=900 proc size=1 move to inactive remove from whitelist
07-15 14:53:03.565  2465  2950 I SmartPower: com.android.chrome/90010 state=background adj=900 proc size=1 move to inactive remove from whitelist
07-15 14:53:03.572  2465 11379 W ActivityTaskManager: Skip mGoingToSleepWakeLock release for sleepingOrShuttingDown
07-15 14:53:03.583  2465  2490 D WindowManager: Update InputWindowHandle: 18286cf eu.europa.ec.euidi/eu.europa.ec.eudi.rqesui.presentation.ui.container.EudiRQESContainer, frame=[0,0,1080,2400], touchableRegion=SkRegion((0,0,1080,2400)), visible=true, focusable=true, changed=true
07-15 14:53:03.597  2465  6156 I WindowManagerService: Physical orientation applied, rotation=0 sfOrientation=ORIENTATION_0
07-15 14:53:03.623  2465  5204 W ActivityTaskManager: Skip mGoingToSleepWakeLock release for sleepingOrShuttingDown
07-15 14:53:06.109  2465  2494 D HeapUsage Monitor: HeapAllocSize : 58MB; monitorSize : 500MB
07-15 14:53:06.766  2465  5204 I SmartPower.com.google.android.inputmethod.latin/10176(4876): visible->invisible(6772ms) R(become invisible) adj=100.
07-15 14:53:06.766  2465  5204 I SmartPower.com.google.android.inputmethod.latin/10176(4876): invisible->background(0ms) R(become background) adj=100.
07-15 14:53:06.766  2465  2950 I SmartPower: com.google.android.inputmethod.latin/10176 state=foreground adj=100 proc size=1 move to inactive become invisible
07-15 14:53:06.768  2465  5204 I WindowManagerService: Physical orientation applied, rotation=0 sfOrientation=ORIENTATION_0
07-15 14:53:07.393  2465 11379 D WindowManager: Input focus has changed to Window{4ea9f9a u0 eu.europa.ec.euidi/eu.europa.ec.eudi.rqesui.presentation.ui.container.EudiRQESContainer} display=0 updateInputWindows = false
07-15 14:53:07.395  2465  2490 D WindowManager: Focus not requested for window=Window{4ea9f9a u0 eu.europa.ec.euidi/eu.europa.ec.eudi.rqesui.presentation.ui.container.EudiRQESContainer} because it has no surface or is not focusable.
07-15 14:53:07.411  2465 11379 I WindowManagerService: Physical orientation applied, rotation=0 sfOrientation=ORIENTATION_0
07-15 14:53:07.412  2465  2490 D WindowManager: Update InputWindowHandle: 4ea9f9a eu.europa.ec.euidi/eu.europa.ec.eudi.rqesui.presentation.ui.container.EudiRQESContainer, frame=[0,0,1080,2400], touchableRegion=SkRegion((0,0,1080,2400)), visible=true, focusable=true, changed=true
07-15 14:53:07.423  2465 11379 D WindowManager: finishDrawingLocked: mDrawState=COMMIT_DRAW_PENDING Window{4ea9f9a u0 eu.europa.ec.euidi/eu.europa.ec.eudi.rqesui.presentation.ui.container.EudiRQESContainer} in Surface(name=eu.europa.ec.euidi/eu.europa.ec.eudi.rqesui.presentation.ui.container.EudiRQESContainer)/@0xce9af54
07-15 14:53:07.429  2465  5204 I WindowManagerService: Physical orientation applied, rotation=0 sfOrientation=ORIENTATION_0
07-15 14:53:07.429  2465  2490 D WindowManager: Update InputWindowHandle: 4ea9f9a eu.europa.ec.euidi/eu.europa.ec.eudi.rqesui.presentation.ui.container.EudiRQESContainer, frame=[0,0,1080,2400], touchableRegion=SkRegion((0,0,1080,2400)), visible=true, focusable=true, changed=true
07-15 14:53:07.437  2465  2490 D WindowManager: Update InputWindowHandle: 4ea9f9a eu.europa.ec.euidi/eu.europa.ec.eudi.rqesui.presentation.ui.container.EudiRQESContainer, frame=[0,0,1080,2400], touchableRegion=SkRegion((0,0,1080,2400)), visible=true, focusable=true, changed=true
07-15 14:53:08.066  2465  2490 D WindowManager: Focus not requested for window=Window{4ea9f9a u0 eu.europa.ec.euidi/eu.europa.ec.eudi.rqesui.presentation.ui.container.EudiRQESContainer} because it has no surface or is not focusable.
07-15 14:53:08.077  2465  5204 D WindowManager: Input focus has changed to null display=0 updateInputWindows = true
07-15 14:53:08.108  2465  5853 D WindowManager: Input focus has changed to Window{f4b0a0b u0 eu.europa.ec.euidi/eu.europa.ec.assemblylogic.ui.MainActivity} display=0 updateInputWindows = true
07-15 14:53:08.108  2465  5853 I WindowManagerService: Physical orientation applied, rotation=0 sfOrientation=ORIENTATION_0
07-15 14:53:08.109  2465  2490 D WindowManager: Update InputWindowHandle: f4b0a0b eu.europa.ec.euidi/eu.europa.ec.assemblylogic.ui.MainActivity, frame=[0,0,1080,2400], touchableRegion=SkRegion((0,0,1080,2400)), visible=true, focusable=true, changed=true
07-15 14:53:08.117  2465  5853 D WindowManager: finishDrawingLocked: mDrawState=COMMIT_DRAW_PENDING Window{f4b0a0b u0 eu.europa.ec.euidi/eu.europa.ec.assemblylogic.ui.MainActivity} in Surface(name=eu.europa.ec.euidi/eu.europa.ec.assemblylogic.ui.MainActivity)/@0xccf2308
07-15 14:53:08.127  2465  2490 D WindowManager: shouldDeferAnimationFinish ActivityRecord{829e7df u0 eu.europa.ec.euidi/eu.europa.ec.eudi.rqesui.presentation.ui.container.EudiRQESContainer} t1975 f}}, anim = com.android.server.wm.LocalAnimationAdapter@fbcaa23
07-15 14:53:08.132  2465  2490 D WindowManager: Update InputWindowHandle: f4b0a0b eu.europa.ec.euidi/eu.europa.ec.assemblylogic.ui.MainActivity, frame=[0,0,1080,2400], touchableRegion=SkRegion((0,0,1080,2400)), visible=true, focusable=true, changed=true
07-15 14:53:08.138  2465  5204 I WindowManagerService: Physical orientation applied, rotation=0 sfOrientation=ORIENTATION_0
07-15 14:53:13.317  2465  2489 W ProcessStats: Tracking association SourceState{a2698f8 system/1000 BTopFgs #124232} whose proc state 2 is better than process ProcessState{59526b3 com.miui.powerkeeper/1000 pkg=com.miui.powerkeeper (sub)} proc state 3 (176 skipped)
07-15 14:53:15.861  2465  3535 W MiuiMemoryService: com.google.android.documentsui is system app!
07-15 14:53:24.460  2465  2496 I BatteryService: current mPlugType2current mHealthInfo.batteryLevel100current mHealthInfo.batteryTemperature320
07-15 14:53:24.465  2465  2465 D UiModeManager: updateConfigurationLocked: mDockState=0; mCarMode=false; mCar=false; mPowerSave=false; mComputedNightMode=false; mNightMode=1; uiMode=17
07-15 14:53:33.425  2465  3535 W MiuiMemoryService: com.android.chrome is system app!
07-15 14:53:34.173  2465  2499 W ActivityManager: Unable to start service Intent { cmp=com.miui.powerkeeper/.perfshielder.PerfShielderStatisticsService } U=0: not found
07-15 14:53:36.111  2465  2494 D HeapUsage Monitor: HeapAllocSize : 59MB; monitorSize : 500MB
07-15 14:53:50.377  2465  2497 W ProcessStats: Tracking association SourceState{a2698f8 system/1000 BTopFgs #124259} whose proc state 2 is better than process ProcessState{59526b3 com.miui.powerkeeper/1000 pkg=com.miui.powerkeeper (sub)} proc state 3 (186 skipped)
07-15 14:54:01.762  2465  5204 W ProcessStats: Tracking association SourceState{a2698f8 system/1000 BTopFgs #124260} whose proc state 2 is better than process ProcessState{59526b3 com.miui.powerkeeper/1000 pkg=com.miui.powerkeeper (sub)} proc state 3 (9 skipped)
07-15 14:54:06.112  2465  2494 D HeapUsage Monitor: HeapAllocSize : 61MB; monitorSize : 500MB
07-15 14:54:32.600  2465  5204 D PerfShielderService: eu.europa.ec.euidi|eu.europa.ec.euidi/eu.europa.ec.assemblylogic.ui.MainActivity|124|46659107853397|106|2|3
07-15 14:54:32.601  4932 24035 W MiuiPerfServiceClient: interceptAndQueuing:30149|eu.europa.ec.euidi|124|106|46659107853397|Slow handle animation|3
07-15 14:54:34.261  2465  2499 W ActivityManager: Unable to start service Intent { cmp=com.miui.powerkeeper/.perfshielder.PerfShielderStatisticsService } U=0: not found
07-15 14:54:36.113  2465  2494 D HeapUsage Monitor: HeapAllocSize : 62MB; monitorSize : 500MB
07-15 14:55:06.115  2465  2494 D HeapUsage Monitor: HeapAllocSize : 62MB; monitorSize : 500MB
07-15 14:55:24.457  2465  2496 I BatteryService: current mPlugType2current mHealthInfo.batteryLevel100current mHealthInfo.batteryTemperature320
07-15 14:55:24.462  2465  2465 D UiModeManager: updateConfigurationLocked: mDockState=0; mCarMode=false; mCar=false; mPowerSave=false; mComputedNightMode=false; mNightMode=1; uiMode=17
07-15 14:55:27.118  2465 11379 W ProcessStats: Tracking association SourceState{a2698f8 system/1000 BTopFgs #124262} whose proc state 2 is better than process ProcessState{59526b3 com.miui.powerkeeper/1000 pkg=com.miui.powerkeeper (sub)} proc state 3 (9 skipped)
07-15 14:55:34.347  2465  2499 W ActivityManager: Unable to start service Intent { cmp=com.miui.powerkeeper/.perfshielder.PerfShielderStatisticsService } U=0: not found
07-15 14:55:36.117  2465  2494 D HeapUsage Monitor: HeapAllocSize : 63MB; monitorSize : 500MB
07-15 14:55:39.214  2465  2497 W ProcessStats: Tracking association SourceState{a2698f8 system/1000 BTopFgs #124264} whose proc state 2 is better than process ProcessState{59526b3 com.miui.powerkeeper/1000 pkg=com.miui.powerkeeper (sub)} proc state 3 (9 skipped)
07-15 14:56:06.118  2465  2494 D HeapUsage Monitor: HeapAllocSize : 64MB; monitorSize : 500MB
07-15 14:56:24.460  2465  2496 I BatteryService: current mPlugType2current mHealthInfo.batteryLevel100current mHealthInfo.batteryTemperature320
07-15 14:56:24.465  2465  2465 D UiModeManager: updateConfigurationLocked: mDockState=0; mCarMode=false; mCar=false; mPowerSave=false; mComputedNightMode=false; mNightMode=1; uiMode=17
07-15 14:56:34.418  2465  2499 W ActivityManager: Unable to start service Intent { cmp=com.miui.powerkeeper/.perfshielder.PerfShielderStatisticsService } U=0: not found
07-15 14:56:36.121  2465  2494 D HeapUsage Monitor: HeapAllocSize : 64MB; monitorSize : 500MB
07-15 14:56:38.865  2465  2734 W ProcessStats: Tracking association SourceState{a2698f8 system/1000 BTopFgs #124265} whose proc state 2 is better than process ProcessState{59526b3 com.miui.powerkeeper/1000 pkg=com.miui.powerkeeper (sub)} proc state 3 (9 skipped)
07-15 14:56:52.527  2465  2503 W ProcessStats: Tracking association SourceState{a2698f8 system/1000 BTopFgs #124267} whose proc state 2 is better than process ProcessState{59526b3 com.miui.powerkeeper/1000 pkg=com.miui.powerkeeper (sub)} proc state 3 (9 skipped)
07-15 14:56:53.848  2465  2510 W ContextImpl: Calling a method in the system process without a qualified user: android.app.ContextImpl.sendBroadcast:1183 android.content.ContextWrapper.sendBroadcast:489 android.telephony.MiuiResourceAccessUtilsImpl.sendResourceAccessBroadcast:33 android.telephony.MiuiResourceAccessUtilsStub.sendResourceAccessBroadcast:37 android.telephony.TelephonyManager.requestModemActivityInfo:11470 
07-15 14:57:06.123  2465  2494 D HeapUsage Monitor: HeapAllocSize : 65MB; monitorSize : 500MB
07-15 14:57:10.389  2465  2486 D UsbDeviceManager: Clear notification
07-15 14:57:10.391  2465  2817 I UsbPortManager: ClientCallback V1_2: port0
07-15 14:57:10.393  2465  2486 I UsbDeviceManager: Setting USB config to rndis,adb
07-15 14:57:10.395  2465  2503 W ProcessStats: Tracking association SourceState{a2698f8 system/1000 BTopFgs #124273} whose proc state 2 is better than process ProcessState{59526b3 com.miui.powerkeeper/1000 pkg=com.miui.powerkeeper (sub)} proc state 3 (29 skipped)
07-15 14:57:10.398  2465  2817 I UsbPortManager: ClientCallback V1_2: port0
07-15 14:57:10.399  2465  2503 D CompatibilityChangeReporter: Compat change id reported: 168419799; UID 10067; state: DISABLED
07-15 14:57:10.403  2465  6156 D CompatibilityChangeReporter: Compat change id reported: 135634846; UID 1000; state: DISABLED
07-15 14:57:10.403  2465  6156 D CompatibilityChangeReporter: Compat change id reported: 177438394; UID 1000; state: DISABLED
07-15 14:57:10.403  2465  6156 D CompatibilityChangeReporter: Compat change id reported: 135772972; UID 1000; state: DISABLED
07-15 14:57:10.404  2465  6156 D CompatibilityChangeReporter: Compat change id reported: 135754954; UID 1000; state: ENABLED
07-15 14:57:10.411  2465  2504 D Boost   : hostingType=broadcast, hostingName={com.android.settings/com.android.settings.connecteddevice.usb.UsbModeChooserReceiver}, callerPackage=android, isSystem=true, isBoostNeeded=false.
07-15 14:57:10.413  2465  2504 I ActivityManager: Start proc 8858:com.android.settings/1000 for broadcast {com.android.settings/com.android.settings.connecteddevice.usb.UsbModeChooserReceiver} caller=android
07-15 14:57:10.437  2465  6156 I SmartPower.com.android.settings/1000(8858): died->invisible(262013ms) R(process start ) adj=-10000.
