10-09 16:26:51.877  2042  3524 I SmartPower: com.microsoft.teams/10266(15546): background->idle(3001ms) R(broadcast start Intent { act=android.intent.action.BATTERY_CHANGED flg=0x60000010 (has extras) }) adj=900.
10-09 16:26:51.878  2042  3524 I SmartPower: com.google.android.apps.magazines/10234(19722): background->idle(3001ms) R(broadcast start Intent { act=android.intent.action.BATTERY_CHANGED flg=0x60000010 (has extras) }) adj=905.
10-09 16:26:51.928  2042  6982 W ProcessStats: Tracking association SourceState{454ff70 com.google.android.gms.persistent/10163 BTop #123187} whose proc state 2 is better than process ProcessState{77bc03 com.google.android.gms/10163 pkg=com.google.android.gms} proc state 4 (195 skipped)
10-09 16:26:53.336  2183  2183 I wificond: station_bandwidth: P
10-09 16:26:53.338  4304  4304 D ArtChoreographerMonitor: invoke error.
10-09 16:26:53.397  2042  2042 D UiModeManager: updateConfigurationLocked: mDockState=0; mCarMode=false; mCar=false; mPowerSave=false; mOverrideNightModeOn=false; mOverrideNightModeOff=false; mComputedNightMode=false; mNightMode=1; uiMode=17
10-09 16:26:53.511  4304  4304 D ArtChoreographerMonitor: invoke error.
10-09 16:26:53.893  2042  2787 I SmartPower: com.xiaomi.discover/10121(23492): idle->background(2019ms) R(broadcast start Intent { act=android.intent.action.BATTERY_CHANGED flg=0x60000010 (has extras) }) adj=905.
10-09 16:26:53.894  2042  2787 I SmartPower: com.miui.android.fashiongallery/10228(32611): idle->background(2018ms) R(broadcast start Intent { act=android.intent.action.BATTERY_CHANGED flg=0x60000010 (has extras) }) adj=915.
10-09 16:26:53.894  2042  2787 I SmartPower: com.facebook.appmanager/10138(27658): idle->background(2018ms) R(broadcast start Intent { act=android.intent.action.BATTERY_CHANGED flg=0x60000010 (has extras) }) adj=905.
10-09 16:26:53.894  2042  2787 I SmartPower: com.facebook.katana/10243(13231): idle->background(2019ms) R(broadcast start Intent { act=android.intent.action.BATTERY_CHANGED flg=0x60000010 (has extras) }) adj=905.
10-09 16:26:53.895  2042  2787 I SmartPower: com.google.android.apps.tachyon/10226(15532): idle->background(2019ms) R(broadcast start Intent { act=android.intent.action.BATTERY_CHANGED flg=0x60000010 (has extras) }) adj=965.
10-09 16:26:53.895  2042  2787 I SmartPower: com.microsoft.teams/10266(15546): idle->background(2018ms) R(broadcast start Intent { act=android.intent.action.BATTERY_CHANGED flg=0x60000010 (has extras) }) adj=900.
10-09 16:26:56.347  2183  2183 I wificond: station_bandwidth: P
10-09 16:26:56.349  4304  4304 D ArtChoreographerMonitor: invoke error.
10-09 16:26:56.523  4304  4304 D ArtChoreographerMonitor: invoke error.
10-09 16:26:56.917  2042  3524 I SmartPower: com.xiaomi.discover/10121(23492): background->idle(3023ms) R(broadcast start Intent { act=android.intent.action.BATTERY_CHANGED flg=0x60000010 (has extras) }) adj=905.
10-09 16:26:56.917  2042  3524 I SmartPower: com.miui.android.fashiongallery/10228(32611): background->idle(3023ms) R(broadcast start Intent { act=android.intent.action.BATTERY_CHANGED flg=0x60000010 (has extras) }) adj=915.
10-09 16:26:56.917  2042  3524 I SmartPower: com.facebook.appmanager/10138(27658): background->idle(3023ms) R(broadcast start Intent { act=android.intent.action.BATTERY_CHANGED flg=0x60000010 (has extras) }) adj=905.
10-09 16:26:56.917  2042  3524 I SmartPower: com.facebook.katana/10243(13231): background->idle(3022ms) R(broadcast start Intent { act=android.intent.action.BATTERY_CHANGED flg=0x60000010 (has extras) }) adj=905.
10-09 16:26:56.917  2042  3524 I SmartPower: com.google.android.apps.tachyon/10226(15532): background->idle(3022ms) R(broadcast start Intent { act=android.intent.action.BATTERY_CHANGED flg=0x60000010 (has extras) }) adj=965.
10-09 16:26:56.917  2042  3524 I SmartPower: com.microsoft.teams/10266(15546): background->idle(3022ms) R(broadcast start Intent { act=android.intent.action.BATTERY_CHANGED flg=0x60000010 (has extras) }) adj=900.
10-09 16:26:58.410  2042  2042 D UiModeManager: updateConfigurationLocked: mDockState=0; mCarMode=false; mCar=false; mPowerSave=false; mOverrideNightModeOn=false; mOverrideNightModeOff=false; mComputedNightMode=false; mNightMode=1; uiMode=17
10-09 16:26:58.908  2042  2787 I SmartPower: com.google.android.apps.magazines/10234(19722): idle->background(7030ms) R(broadcast start Intent { act=android.intent.action.BATTERY_CHANGED flg=0x60000010 (has extras) }) adj=905.
10-09 16:26:59.357  2183  2183 I wificond: station_bandwidth: P
10-09 16:26:59.359  4304  4304 D ArtChoreographerMonitor: invoke error.
10-09 16:26:59.531  4304  4304 D ArtChoreographerMonitor: invoke error.
10-09 16:27:00.000  2042  3123 D ActivityManager: checkAllowBackground: uid=1000 pkg=android rec=UidRecord{b77cac0 1000 PER  fgServices change:procadj procs:0 seq(879345,448524)} caps=LCMNFU always=false idle=false
10-09 16:27:00.000  2042  3123 D AlarmManager: mBroadcastRefCount -> 1
10-09 16:27:00.003  2042  2042 D AlarmManager: mBroadcastRefCount -> 0
10-09 16:27:00.003  2042  2042 D AlarmManager: mPendingIntent -> null
10-09 16:27:00.004  4304  4304 D ArtChoreographerMonitor: invoke error.
10-09 16:27:00.189  4304  4304 D ArtChoreographerMonitor: invoke error.
10-09 16:27:00.470  2042  3123 D AlarmManager: mBroadcastRefCount -> 1
10-09 16:27:00.474  2042  2042 I ExtM    : mark duration up to 2m , try to mark.
10-09 16:27:00.474  2042  2042 D MFZ     : Start Mark
10-09 16:27:00.474  2042  3997 D ExtM    : Start marking ...
10-09 16:27:00.474  2042  3997 W ExtM    : Mark thread start 
10-09 16:27:00.476   674 31791 D vold    : mark task started
10-09 16:27:00.481 31792 31792 D vold    :  mark Pid = 31792
10-09 16:27:00.481 31792 31792 D vold    : set cpu affinity policy success
10-09 16:27:00.517  2042  2042 D MFZ     : Mark Finshed ! idle_stats: 68 56 2564 1734 5169 9888 1179 293 1216 29876
10-09 16:27:00.518  2042  2042 D ActivityManager: checkAllowBackground: uid=1000 pkg=android rec=UidRecord{b77cac0 1000 PER  fgServices allowlist change:procadj procs:0 seq(879460,448524)} caps=LCMNFU always=false idle=false
10-09 16:27:00.518  2042  2042 D AlarmManager: mBroadcastRefCount -> 0
10-09 16:27:00.518  2042  2042 D AlarmManager: mPendingIntent -> PendingIntent{b3a261b: PendingIntentRecord{c46edf android broadcastIntent}}
10-09 16:27:00.573 31792 31792 D vold    :  success write all > /sys/block/zram0/idle
10-09 16:27:00.979   674 31791 D vold    : mark process has been finished in normal with status: 0
10-09 16:27:00.980   674 31791 D vold    :  listener->onFinished 
10-09 16:27:00.980  2042  6999 W ExtM    : Mark finished with status: 0
10-09 16:27:01.909  2042  3524 I SmartPower: com.google.android.apps.magazines/10234(19722): background->idle(3002ms) R(broadcast start Intent { act=android.intent.action.BATTERY_CHANGED flg=0x60000010 (has extras) }) adj=905.
10-09 16:27:02.118  2042  3123 D AlarmManager: mBroadcastRefCount -> 1
10-09 16:27:02.120  2042  2075 D ActivityManager: checkAllowBackground: uid=1000 pkg=android rec=UidRecord{b77cac0 1000 PER  fgServices allowlist change:procadj procs:0 seq(879460,448524)} caps=LCMNFU always=false idle=false
10-09 16:27:02.121  2042  2042 D AlarmManager: mBroadcastRefCount -> 0
10-09 16:27:02.121  2042  2042 D AlarmManager: mPendingIntent -> PendingIntent{659bd1f: PendingIntentRecord{cf286c android broadcastIntent}}
10-09 16:27:02.366  2183  2183 I wificond: station_bandwidth: P
10-09 16:27:02.368  4304  4304 D ArtChoreographerMonitor: invoke error.
10-09 16:27:02.538  4304  4304 D ArtChoreographerMonitor: invoke error.
10-09 16:27:05.377  2183  2183 I wificond: station_bandwidth: P
10-09 16:27:08.387  2183  2183 I wificond: station_bandwidth: P
10-09 16:27:11.398  2183  2183 I wificond: station_bandwidth: P
10-09 16:27:11.776  2042  2042 D UiModeManager: updateConfigurationLocked: mDockState=0; mCarMode=false; mCar=false; mPowerSave=false; mOverrideNightModeOn=false; mOverrideNightModeOff=false; mComputedNightMode=false; mNightMode=1; uiMode=17
10-09 16:27:12.119  2042  3110 W ProcessStats: Tracking association SourceState{1b0dd2c com.android.vending/10164 ImpBg #123195} whose proc state 6 is better than process ProcessState{d60be6a com.android.vending:background/10164 pkg=com.android.vending} proc state 14 (34 skipped)
10-09 16:27:12.274  2042  2787 I SmartPower: com.xiaomi.discover/10121(23492): idle->background(15357ms) R(broadcast start Intent { act=android.intent.action.BATTERY_CHANGED flg=0x60000010 (has extras) }) adj=905.
10-09 16:27:12.274  2042  2787 I SmartPower: com.miui.android.fashiongallery/10228(32611): idle->background(15357ms) R(broadcast start Intent { act=android.intent.action.BATTERY_CHANGED flg=0x60000010 (has extras) }) adj=935.
10-09 16:27:12.274  2042  2787 I SmartPower: com.facebook.appmanager/10138(27658): idle->background(15358ms) R(broadcast start Intent { act=android.intent.action.BATTERY_CHANGED flg=0x60000010 (has extras) }) adj=905.
10-09 16:27:12.274  2042  2787 I SmartPower: com.facebook.katana/10243(13231): idle->background(15358ms) R(broadcast start Intent { act=android.intent.action.BATTERY_CHANGED flg=0x60000010 (has extras) }) adj=905.
10-09 16:27:12.275  2042  2787 I SmartPower: com.google.android.apps.tachyon/10226(15532): idle->background(15358ms) R(broadcast start Intent { act=android.intent.action.BATTERY_CHANGED flg=0x60000010 (has extras) }) adj=965.
10-09 16:27:12.275  2042  2787 I SmartPower: com.microsoft.teams/10266(15546): idle->background(15359ms) R(broadcast start Intent { act=android.intent.action.BATTERY_CHANGED flg=0x60000010 (has extras) }) adj=900.
10-09 16:27:12.276  2042  2787 I SmartPower: com.google.android.apps.magazines/10234(19722): idle->background(10366ms) R(broadcast start Intent { act=android.intent.action.BATTERY_CHANGED flg=0x60000010 (has extras) }) adj=905.
10-09 16:27:12.559  2042  2702 D HeapUsage Monitor: HeapAllocSize : 101MB; monitorSize : 500MB
10-09 16:27:13.445  2042  2042 D UiModeManager: updateConfigurationLocked: mDockState=0; mCarMode=false; mCar=false; mPowerSave=false; mOverrideNightModeOn=false; mOverrideNightModeOff=false; mComputedNightMode=false; mNightMode=1; uiMode=17
10-09 16:27:14.409  2183  2183 I wificond: station_bandwidth: P
10-09 16:27:14.411  4304  4304 D ArtChoreographerMonitor: invoke error.
10-09 16:27:14.579  4304  4304 D ArtChoreographerMonitor: invoke error.
10-09 16:27:15.274  2042  3524 I SmartPower: com.xiaomi.discover/10121(23492): background->idle(3000ms) R(broadcast start Intent { act=android.intent.action.BATTERY_CHANGED flg=0x60000010 (has extras) }) adj=905.
10-09 16:27:15.274  2042  3524 I SmartPower: com.miui.android.fashiongallery/10228(32611): background->idle(3000ms) R(broadcast start Intent { act=android.intent.action.BATTERY_CHANGED flg=0x60000010 (has extras) }) adj=935.
10-09 16:27:15.275  2042  3524 I SmartPower: com.facebook.appmanager/10138(27658): background->idle(3001ms) R(broadcast start Intent { act=android.intent.action.BATTERY_CHANGED flg=0x60000010 (has extras) }) adj=905.
10-09 16:27:15.275  2042  3524 I SmartPower: com.facebook.katana/10243(13231): background->idle(3001ms) R(broadcast start Intent { act=android.intent.action.BATTERY_CHANGED flg=0x60000010 (has extras) }) adj=905.
10-09 16:27:15.275  2042  3524 I SmartPower: com.google.android.apps.tachyon/10226(15532): background->idle(3001ms) R(broadcast start Intent { act=android.intent.action.BATTERY_CHANGED flg=0x60000010 (has extras) }) adj=965.
10-09 16:27:15.277  2042  3524 I SmartPower: com.microsoft.teams/10266(15546): background->idle(3002ms) R(broadcast start Intent { act=android.intent.action.BATTERY_CHANGED flg=0x60000010 (has extras) }) adj=900.
10-09 16:27:15.277  2042  3524 I SmartPower: com.google.android.apps.magazines/10234(19722): background->idle(3002ms) R(broadcast start Intent { act=android.intent.action.BATTERY_CHANGED flg=0x60000010 (has extras) }) adj=905.
10-09 16:27:17.418  2183  2183 I wificond: station_bandwidth: P
10-09 16:27:18.723  2042  2042 D UiModeManager: updateConfigurationLocked: mDockState=0; mCarMode=false; mCar=false; mPowerSave=false; mOverrideNightModeOn=false; mOverrideNightModeOff=false; mComputedNightMode=false; mNightMode=1; uiMode=17
10-09 16:27:19.219  2042  2787 I SmartPower: com.xiaomi.discover/10121(23492): idle->background(3945ms) R(broadcast start Intent { act=android.intent.action.BATTERY_CHANGED flg=0x60000010 (has extras) }) adj=905.
10-09 16:27:19.219  2042  2787 I SmartPower: com.miui.android.fashiongallery/10228(32611): idle->background(3945ms) R(broadcast start Intent { act=android.intent.action.BATTERY_CHANGED flg=0x60000010 (has extras) }) adj=935.
10-09 16:27:19.219  2042  2787 I SmartPower: com.facebook.appmanager/10138(27658): idle->background(3943ms) R(broadcast start Intent { act=android.intent.action.BATTERY_CHANGED flg=0x60000010 (has extras) }) adj=905.
10-09 16:27:19.219  2042  2787 I SmartPower: com.facebook.katana/10243(13231): idle->background(3944ms) R(broadcast start Intent { act=android.intent.action.BATTERY_CHANGED flg=0x60000010 (has extras) }) adj=905.
10-09 16:27:19.220  2042  2787 I SmartPower: com.google.android.apps.tachyon/10226(15532): idle->background(3944ms) R(broadcast start Intent { act=android.intent.action.BATTERY_CHANGED flg=0x60000010 (has extras) }) adj=965.
10-09 16:27:19.220  2042  2787 I SmartPower: com.microsoft.teams/10266(15546): idle->background(3942ms) R(broadcast start Intent { act=android.intent.action.BATTERY_CHANGED flg=0x60000010 (has extras) }) adj=900.
10-09 16:27:19.221  2042  2787 I SmartPower: com.google.android.apps.magazines/10234(19722): idle->background(3943ms) R(broadcast start Intent { act=android.intent.action.BATTERY_CHANGED flg=0x60000010 (has extras) }) adj=905.
10-09 16:27:20.429  2183  2183 I wificond: station_bandwidth: P
10-09 16:27:22.220  2042  3524 I SmartPower: com.xiaomi.discover/10121(23492): background->idle(3001ms) R(broadcast start Intent { act=android.intent.action.BATTERY_CHANGED flg=0x60000010 (has extras) }) adj=905.
10-09 16:27:22.220  2042  3524 I SmartPower: com.miui.android.fashiongallery/10228(32611): background->idle(3001ms) R(broadcast start Intent { act=android.intent.action.BATTERY_CHANGED flg=0x60000010 (has extras) }) adj=935.
10-09 16:27:22.220  2042  3524 I SmartPower: com.facebook.appmanager/10138(27658): background->idle(3001ms) R(broadcast start Intent { act=android.intent.action.BATTERY_CHANGED flg=0x60000010 (has extras) }) adj=905.
10-09 16:27:22.220  2042  3524 I SmartPower: com.facebook.katana/10243(13231): background->idle(3000ms) R(broadcast start Intent { act=android.intent.action.BATTERY_CHANGED flg=0x60000010 (has extras) }) adj=905.
10-09 16:27:22.220  2042  3524 I SmartPower: com.google.android.apps.tachyon/10226(15532): background->idle(3000ms) R(broadcast start Intent { act=android.intent.action.BATTERY_CHANGED flg=0x60000010 (has extras) }) adj=965.
10-09 16:27:22.221  2042  3524 I SmartPower: com.microsoft.teams/10266(15546): background->idle(3002ms) R(broadcast start Intent { act=android.intent.action.BATTERY_CHANGED flg=0x60000010 (has extras) }) adj=900.
10-09 16:27:22.221  2042  3524 I SmartPower: com.google.android.apps.magazines/10234(19722): background->idle(3001ms) R(broadcast start Intent { act=android.intent.action.BATTERY_CHANGED flg=0x60000010 (has extras) }) adj=905.
10-09 16:27:23.437  2183  2183 I wificond: station_bandwidth: P
10-09 16:27:23.438  4304  4304 D ArtChoreographerMonitor: invoke error.
10-09 16:27:23.608  4304  4304 D ArtChoreographerMonitor: invoke error.
10-09 16:27:23.844  4304  4304 D ArtChoreographerMonitor: invoke error.
10-09 16:27:24.013  4304  4304 D ArtChoreographerMonitor: invoke error.
10-09 16:27:26.448  2183  2183 I wificond: station_bandwidth: P
10-09 16:27:26.449  4304  4304 D ArtChoreographerMonitor: invoke error.
10-09 16:27:26.621  4304  4304 D ArtChoreographerMonitor: invoke error.
10-09 16:27:29.292  2042  3123 D ActivityManager: checkAllowBackground: uid=1000 pkg=com.miui.powerkeeper rec=UidRecord{b77cac0 1000 PER  fgServices change:procadj procs:0 seq(879551,448524)} caps=LCMNFU always=false idle=false
10-09 16:27:29.293  2042  3123 D AlarmManager: mBroadcastRefCount -> 1
10-09 16:27:29.295  2042  3123 W ProcessStats: Tracking association SourceState{3682bb3 com.miui.analytics/10093 BFgs #123196} whose proc state 4 is better than process ProcessState{6688729 com.miui.securitycenter.remote/1000 pkg=com.miui.securitycenter} proc state 9 (23 skipped)
10-09 16:27:29.295  2042  3123 D AlarmManager: mBroadcastRefCount -> 2
10-09 16:27:29.295  2042  3123 D AlarmManager: mBroadcastRefCount -> 3
10-09 16:27:29.295  2042  2042 D ActivityManager: checkAllowBackground: uid=1000 pkg=android rec=UidRecord{b77cac0 1000 PER  fgServices change:procadj procs:0 seq(879552,448524)} caps=LCMNFU always=false idle=false
10-09 16:27:29.296  2042  2042 D AlarmManager: mBroadcastRefCount -> 2
10-09 16:27:29.296  2042  2042 D AlarmManager: mPendingIntent -> null
10-09 16:27:29.296  2042  2042 D AlarmManager: mBroadcastRefCount -> 1
10-09 16:27:29.296  2042  2042 D AlarmManager: mPendingIntent -> PendingIntent{7ba0a5f: PendingIntentRecord{dd98cac com.miui.powerkeeper startService}}
10-09 16:27:29.296  2042  2042 D AlarmManager: mBroadcastRefCount -> 0
10-09 16:27:29.296  2042  2042 D AlarmManager: mPendingIntent -> null
10-09 16:27:29.297  2042  2074 D ActivityManager: checkAllowBackground: uid=1000 pkg=android rec=UidRecord{b77cac0 1000 PER  fgServices change:procadj procs:0 seq(879556,448524)} caps=LCMNFU always=false idle=false
10-09 16:27:29.297  2042  3110 D ActivityManager: checkAllowBackground: uid=1000 pkg=com.miui.daemon rec=UidRecord{b77cac0 1000 PER  fgServices change:procadj procs:0 seq(879556,448524)} caps=LCMNFU always=false idle=false
10-09 16:27:29.298  2042  3110 D ActivityManager: checkAllowBackground: uid=1000 pkg=com.miui.daemon rec=UidRecord{b77cac0 1000 PER  fgServices change:procadj procs:0 seq(879556,448524)} caps=LCMNFU always=false idle=false
10-09 16:27:29.298  2042  3110 D ActivityManager: checkAllowBackground: uid=1000 pkg=android rec=UidRecord{b77cac0 1000 PER  fgServices change:procadj procs:0 seq(879556,448524)} caps=LCMNFU always=false idle=false
10-09 16:27:29.298  2042  3110 D ActivityManager: checkAllowBackground: uid=1000 pkg=com.miui.daemon rec=UidRecord{b77cac0 1000 PER  fgServices change:procadj procs:0 seq(879556,448524)} caps=LCMNFU always=false idle=false
10-09 16:27:29.314  2042  7011 D ActivityManager: checkAllowBackground: uid=1000 pkg=com.miui.daemon rec=UidRecord{b77cac0 1000 PER  fgServices change:procadj procs:0 seq(879556,448524)} caps=LCMNFU always=false idle=false
10-09 16:27:29.317  2042  2042 I MountServiceIdlerImpl: sNextTrimDuration :  1800000
10-09 16:27:29.317  2042  2042 D ActivityManager: checkAllowBackground: uid=1000 pkg=android rec=UidRecord{b77cac0 1000 PER  fgServices change:procadj procs:0 seq(879556,448524)} caps=LCMNFU always=false idle=false
10-09 16:27:29.318  2042  2042 W JobScheduler: Job didn't exist in JobStore: 
10-09 16:27:29.321  2042  6999 D ActivityManager: checkAllowBackground: uid=1000 pkg=com.miui.daemon rec=UidRecord{b77cac0 1000 PER  fgServices change:procadj procs:0 seq(879556,448524)} caps=LCMNFU always=false idle=false
10-09 16:27:29.323  2042  6999 W JobScheduler: Job didn't exist in JobStore: 
10-09 16:27:29.328  2042  6999 W JobScheduler: Job didn't exist in JobStore: 
10-09 16:27:29.331  2042  4772 D ActivityManager: checkAllowBackground: uid=1000 pkg=com.miui.daemon rec=UidRecord{b77cac0 1000 PER  fgServices change:procadj procs:0 seq(879556,448524)} caps=LCMNFU always=false idle=false
10-09 16:27:29.459  2183  2183 I wificond: station_bandwidth: P
10-09 16:27:29.461  4304  4304 D ArtChoreographerMonitor: invoke error.
10-09 16:27:29.628  4304  4304 D ArtChoreographerMonitor: invoke error.
10-09 16:27:30.588  2042  2042 D UiModeManager: updateConfigurationLocked: mDockState=0; mCarMode=false; mCar=false; mPowerSave=false; mOverrideNightModeOn=false; mOverrideNightModeOff=false; mComputedNightMode=false; mNightMode=1; uiMode=17
10-09 16:27:31.084  2042  2787 I SmartPower: com.xiaomi.discover/10121(23492): idle->background(8864ms) R(broadcast start Intent { act=android.intent.action.BATTERY_CHANGED flg=0x60000010 (has extras) }) adj=905.
10-09 16:27:31.084  2042  2787 I SmartPower: com.miui.android.fashiongallery/10228(32611): idle->background(8864ms) R(broadcast start Intent { act=android.intent.action.BATTERY_CHANGED flg=0x60000010 (has extras) }) adj=905.
10-09 16:27:31.084  2042  2787 I SmartPower: com.facebook.appmanager/10138(27658): idle->background(8865ms) R(broadcast start Intent { act=android.intent.action.BATTERY_CHANGED flg=0x60000010 (has extras) }) adj=905.
10-09 16:27:31.084  2042  2787 I SmartPower: com.facebook.katana/10243(13231): idle->background(8865ms) R(broadcast start Intent { act=android.intent.action.BATTERY_CHANGED flg=0x60000010 (has extras) }) adj=905.
10-09 16:27:31.085  2042  2787 I SmartPower: com.google.android.apps.tachyon/10226(15532): idle->background(8865ms) R(broadcast start Intent { act=android.intent.action.BATTERY_CHANGED flg=0x60000010 (has extras) }) adj=965.
10-09 16:27:31.085  2042  2787 I SmartPower: com.microsoft.teams/10266(15546): idle->background(8864ms) R(broadcast start Intent { act=android.intent.action.BATTERY_CHANGED flg=0x60000010 (has extras) }) adj=900.
10-09 16:27:31.086  2042  2787 I SmartPower: com.google.android.apps.magazines/10234(19722): idle->background(8864ms) R(broadcast start Intent { act=android.intent.action.BATTERY_CHANGED flg=0x60000010 (has extras) }) adj=905.
10-09 16:27:32.118  2042  3123 D AlarmManager: mBroadcastRefCount -> 1
10-09 16:27:32.121  2042  2075 D ActivityManager: checkAllowBackground: uid=1000 pkg=android rec=UidRecord{b77cac0 1000 PER  fgServices allowlist change:procadj procs:0 seq(879647,448524)} caps=LCMNFU always=false idle=false
10-09 16:27:32.122  2042  2042 D AlarmManager: mBroadcastRefCount -> 0
10-09 16:27:32.122  2042  2042 D AlarmManager: mPendingIntent -> PendingIntent{659bd1f: PendingIntentRecord{cf286c android broadcastIntent}}
10-09 16:27:32.470  2183  2183 I wificond: station_bandwidth: P
10-09 16:27:34.084  2042  3524 I SmartPower: com.xiaomi.discover/10121(23492): background->idle(3001ms) R(broadcast start Intent { act=android.intent.action.BATTERY_CHANGED flg=0x60000010 (has extras) }) adj=905.
10-09 16:27:34.084  2042  3524 I SmartPower: com.miui.android.fashiongallery/10228(32611): background->idle(3001ms) R(broadcast start Intent { act=android.intent.action.BATTERY_CHANGED flg=0x60000010 (has extras) }) adj=935.
10-09 16:27:34.084  2042  3524 I SmartPower: com.facebook.appmanager/10138(27658): background->idle(3000ms) R(broadcast start Intent { act=android.intent.action.BATTERY_CHANGED flg=0x60000010 (has extras) }) adj=905.
10-09 16:27:34.084  2042  3524 I SmartPower: com.facebook.katana/10243(13231): background->idle(3000ms) R(broadcast start Intent { act=android.intent.action.BATTERY_CHANGED flg=0x60000010 (has extras) }) adj=905.
10-09 16:27:34.086  2042  3524 I SmartPower: com.google.android.apps.tachyon/10226(15532): background->idle(3001ms) R(broadcast start Intent { act=android.intent.action.BATTERY_CHANGED flg=0x60000010 (has extras) }) adj=965.
10-09 16:27:34.086  2042  3524 I SmartPower: com.microsoft.teams/10266(15546): background->idle(3000ms) R(broadcast start Intent { act=android.intent.action.BATTERY_CHANGED flg=0x60000010 (has extras) }) adj=900.
10-09 16:27:34.086  2042  3524 I SmartPower: com.google.android.apps.magazines/10234(19722): background->idle(3001ms) R(broadcast start Intent { act=android.intent.action.BATTERY_CHANGED flg=0x60000010 (has extras) }) adj=905.
10-09 16:27:35.479  2183  2183 I wificond: station_bandwidth: P
10-09 16:27:35.481  4304  4304 D ArtChoreographerMonitor: invoke error.
10-09 16:27:35.653  4304  4304 D ArtChoreographerMonitor: invoke error.
10-09 16:27:38.409  2042  6999 D ActivityManager: checkAllowBackground: uid=10163 pkg=com.google.android.gms rec=UidRecord{3efeecd u0a163 FGS  change:procstate procs:0 seq(879604,425084)} caps=LCMNFU always=false idle=false
10-09 16:27:38.421  2042  6999 D ActivityManager: checkAllowBackground: uid=10163 pkg=com.google.android.gms rec=UidRecord{3efeecd u0a163 FGS  change:procstate procs:0 seq(879604,425084)} caps=LCMNFU always=false idle=false
10-09 16:27:38.424  2042  6999 I ActivityManager: Broadcast action com.google.android.c2dm.intent.RECEIVE forcing include-background
10-09 16:27:38.424  2042  6999 D ActivityManager: checkAllowBackground: uid=10266 pkg=com.microsoft.teams rec=UidRecord{fae2210 u0a266 CAC  bg:+1m23s722ms idle change:idle|procstate procs:0 seq(879575,754028)} caps=------ always=true idle=true
10-09 16:27:38.425  2042  6999 I ActivityManager: App 10266/com.microsoft.teams targets O+, restricted
10-09 16:27:38.425  2042  6999 D ActivityManager: checkAllowBackground: uid=10266 pkg=com.microsoft.teams startMode=2 onallowlist=false onallowlist(ei)=false
10-09 16:27:38.425  2042  2787 D ActivityManager: checkAllowBackground: uid=10266 pkg=com.microsoft.teams rec=UidRecord{fae2210 u0a266 CAC  bg:+1m23s722ms idle change:idle|procstate procs:0 seq(879575,754028)} caps=------ always=true idle=true
10-09 16:27:38.425  2042  2787 I ActivityManager: App 10266/com.microsoft.teams targets O+, restricted
10-09 16:27:38.425  2042  2787 D ActivityManager: checkAllowBackground: uid=10266 pkg=com.microsoft.teams startMode=2 onallowlist=false onallowlist(ei)=false
10-09 16:27:38.428  2042  2787 I SmartPower: com.microsoft.teams/10266(15546): idle->background(4342ms) R(broadcast start Intent { act=com.google.android.c2dm.intent.RECEIVE flg=0x11000010 pkg=com.microsoft.teams (has extras) }) adj=0.
10-09 16:27:38.429  2042  3500 D isUidValid: uid = 10266
10-09 16:27:38.454  2042  6999 D ActivityManager: checkAllowBackground: uid=10266 pkg=com.microsoft.teams rec=UidRecord{fae2210 u0a266 RCVR allowlist change:active|uncached|procstate|procadj procs:0 seq(879666,754028)} caps=------ always=false idle=false
10-09 16:27:38.495  2183  2183 I wificond: station_bandwidth: P
10-09 16:27:38.598  2042  2042 D UiModeManager: updateConfigurationLocked: mDockState=0; mCarMode=false; mCar=false; mPowerSave=false; mOverrideNightModeOn=false; mOverrideNightModeOff=false; mComputedNightMode=false; mNightMode=1; uiMode=17
10-09 16:27:38.748  2042  2802 I ExtM    : zram userate is low, no need to flush: 49
10-09 16:27:38.908  4304  4304 D ArtChoreographerMonitor: invoke error.
10-09 16:27:39.091  4304  4304 D ArtChoreographerMonitor: invoke error.
10-09 16:27:39.094  2042  2787 I SmartPower: com.xiaomi.discover/10121(23492): idle->background(5010ms) R(broadcast start Intent { act=android.intent.action.BATTERY_CHANGED flg=0x60000010 (has extras) }) adj=905.
10-09 16:27:39.095  2042  2787 I SmartPower: com.miui.android.fashiongallery/10228(32611): idle->background(5010ms) R(broadcast start Intent { act=android.intent.action.BATTERY_CHANGED flg=0x60000010 (has extras) }) adj=915.
10-09 16:27:39.095  2042  2787 I SmartPower: com.facebook.appmanager/10138(27658): idle->background(5010ms) R(broadcast start Intent { act=android.intent.action.BATTERY_CHANGED flg=0x60000010 (has extras) }) adj=905.
10-09 16:27:39.096  2042  2787 I SmartPower: com.facebook.katana/10243(13231): idle->background(5011ms) R(broadcast start Intent { act=android.intent.action.BATTERY_CHANGED flg=0x60000010 (has extras) }) adj=905.
10-09 16:27:39.097  2042  2787 I SmartPower: com.google.android.apps.tachyon/10226(15532): idle->background(5011ms) R(broadcast start Intent { act=android.intent.action.BATTERY_CHANGED flg=0x60000010 (has extras) }) adj=965.
10-09 16:27:39.098  2042  2787 I SmartPower: com.google.android.apps.magazines/10234(19722): idle->background(5012ms) R(broadcast start Intent { act=android.intent.action.BATTERY_CHANGED flg=0x60000010 (has extras) }) adj=905.
10-09 16:27:39.109  4304  4304 D ArtChoreographerMonitor: invoke error.
10-09 16:27:39.111  2042  4772 D ActivityManager: checkAllowBackground: uid=1000 pkg=com.android.systemui rec=UidRecord{b77cac0 1000 PER  fgServices allowlist change:procadj procs:0 seq(879775,448524)} caps=LCMNFU always=false idle=false
10-09 16:27:39.193  2042  3516 D SchedBoost: startBoostInternal 2000
10-09 16:27:39.222  2042  6999 D SchedBoost: com.android.systemui already boosted, skip boost priority
10-09 16:27:39.248  2042  6999 I WindowManager: wms.showSurfaceRobustly mWin:Window{db0cee2 u0 com.miui.miwallpaper.wallpaperservice.ImageWallpaper}
10-09 16:27:39.248  2042  6999 I WindowManager: wms.showSurfaceRobustly mWin:Window{24ea150 u0 com.miui.miwallpaper.wallpaperservice.MiuiKeyguardPictorialWallpaper}
10-09 16:27:39.254  2042  6999 D WindowManager: wms.finishDrawingLocked: mDrawState=COMMIT_DRAW_PENDING Window{1a1465a u0 NotificationShade} in Surface(name=NotificationShade#10552)/@0x6ae04b7
10-09 16:27:39.260  2042  2693 I WindowManager: wms.showSurfaceRobustly mWin:Window{1a1465a u0 NotificationShade}
10-09 16:27:39.261  2042  4772 D SystemServerTiming: getUserSwitchability-0
10-09 16:27:39.261  2042  4772 D SystemServerTiming: TM.isInCall
10-09 16:27:39.261  2042  6999 D SystemServerTiming: getUserSwitchability-0
10-09 16:27:39.261  2042  6999 D SystemServerTiming: TM.isInCall
10-09 16:27:39.261  2042  4772 D SystemServerTiming: hasUserRestriction-DISALLOW_USER_SWITCH
10-09 16:27:39.261  2042  4772 D SystemServerTiming: getInt-ALLOW_USER_SWITCHING_WHEN_SYSTEM_USER_LOCKED
10-09 16:27:39.261  2042  4772 D SystemServerTiming: isUserUnlocked-USER_SYSTEM
10-09 16:27:39.262  2042  6999 D SystemServerTiming: hasUserRestriction-DISALLOW_USER_SWITCH
10-09 16:27:39.262  2042  6999 D SystemServerTiming: getInt-ALLOW_USER_SWITCHING_WHEN_SYSTEM_USER_LOCKED
10-09 16:27:39.262  2042  6999 D SystemServerTiming: isUserUnlocked-USER_SYSTEM
10-09 16:27:39.425  4304  4304 D ArtChoreographerMonitor: invoke error.
10-09 16:27:39.691  2042  7011 W NotificationHistory: Attempted to add notif for locked/gone/disabled user 0
10-09 16:27:39.792  2042  2802 I ExtM    : zram userate is low, no need to flush: 48
10-09 16:27:41.233  2042  3516 D SchedBoost: stopBoostInternal
10-09 16:27:41.429  2042  3524 I SmartPower: com.microsoft.teams/10266(15546): background->idle(3001ms) R(broadcast start Intent { act=com.google.android.c2dm.intent.RECEIVE flg=0x11000010 pkg=com.microsoft.teams (has extras) }) adj=900.
10-09 16:27:41.506  2183  2183 I wificond: station_bandwidth: P
10-09 16:27:42.095  2042  3524 I SmartPower: com.xiaomi.discover/10121(23492): background->idle(3000ms) R(broadcast start Intent { act=android.intent.action.BATTERY_CHANGED flg=0x60000010 (has extras) }) adj=905.
10-09 16:27:42.095  2042  3524 I SmartPower: com.miui.android.fashiongallery/10228(32611): background->idle(3001ms) R(broadcast start Intent { act=android.intent.action.BATTERY_CHANGED flg=0x60000010 (has extras) }) adj=915.
10-09 16:27:42.095  2042  3524 I SmartPower: com.facebook.appmanager/10138(27658): background->idle(3001ms) R(broadcast start Intent { act=android.intent.action.BATTERY_CHANGED flg=0x60000010 (has extras) }) adj=905.
10-09 16:27:42.095  2042  3524 I SmartPower: com.facebook.katana/10243(13231): background->idle(3000ms) R(broadcast start Intent { act=android.intent.action.BATTERY_CHANGED flg=0x60000010 (has extras) }) adj=905.
10-09 16:27:42.097  2042  3524 I SmartPower: com.google.android.apps.tachyon/10226(15532): background->idle(3000ms) R(broadcast start Intent { act=android.intent.action.BATTERY_CHANGED flg=0x60000010 (has extras) }) adj=965.
10-09 16:27:42.099  2042  3524 I SmartPower: com.google.android.apps.magazines/10234(19722): background->idle(3000ms) R(broadcast start Intent { act=android.intent.action.BATTERY_CHANGED flg=0x60000010 (has extras) }) adj=905.
10-09 16:27:42.123  2042  3110 W ProcessStats: Tracking association SourceState{1b0dd2c com.android.vending/10164 ImpBg #123228} whose proc state 6 is better than process ProcessState{d60be6a com.android.vending:background/10164 pkg=com.android.vending} proc state 14 (163 skipped)
10-09 16:27:42.559  2042  2702 D HeapUsage Monitor: HeapAllocSize : 106MB; monitorSize : 500MB
10-09 16:27:42.600  2042  7011 D ActivityManager: checkAllowBackground: uid=10163 pkg=com.google.android.gms rec=UidRecord{3efeecd u0a163 FGS  change:procadj procs:0 seq(879827,425084)} caps=LCMNFU always=false idle=false
10-09 16:27:42.609  2042  7011 D ActivityManager: checkAllowBackground: uid=10163 pkg=com.google.android.gms rec=UidRecord{3efeecd u0a163 FGS  change:procadj procs:0 seq(879827,425084)} caps=LCMNFU always=false idle=false
10-09 16:27:42.612  2042  7011 I ActivityManager: Broadcast action com.google.android.c2dm.intent.RECEIVE forcing include-background
10-09 16:27:42.612  2042  7011 D ActivityManager: checkAllowBackground: uid=10266 pkg=com.microsoft.teams rec=UidRecord{fae2210 u0a266 CAC  allowlist change:procadj procs:0 seq(879798,754028)} caps=------ always=true idle=false
10-09 16:27:42.612  2042  7011 I ActivityManager: App 10266/com.microsoft.teams targets O+, restricted
10-09 16:27:42.612  2042  7011 D ActivityManager: checkAllowBackground: uid=10266 pkg=com.microsoft.teams startMode=2 onallowlist=true onallowlist(ei)=true
10-09 16:27:42.613  2042  2787 D ActivityManager: checkAllowBackground: uid=10266 pkg=com.microsoft.teams rec=UidRecord{fae2210 u0a266 CAC  allowlist change:procadj procs:0 seq(879798,754028)} caps=------ always=true idle=false
10-09 16:27:42.613  2042  2787 I ActivityManager: App 10266/com.microsoft.teams targets O+, restricted
10-09 16:27:42.613  2042  2787 D ActivityManager: checkAllowBackground: uid=10266 pkg=com.microsoft.teams startMode=2 onallowlist=true onallowlist(ei)=true
10-09 16:27:42.616  2042  7011 D ActivityManager: checkAllowBackground: uid=10163 pkg=com.google.android.gms rec=UidRecord{3efeecd u0a163 FGS  change:procadj procs:0 seq(879827,425084)} caps=LCMNFU always=false idle=false
10-09 16:27:42.625  2042  6999 D ActivityManager: checkAllowBackground: uid=10266 pkg=com.microsoft.teams rec=UidRecord{fae2210 u0a266 RCVR allowlist change:uncachedprocstateprocadj procs:0 seq(879872,754028)} caps=------ always=false idle=false
10-09 16:27:42.937  4304  4304 D ArtChoreographerMonitor: invoke error.
10-09 16:27:43.117  4304  4304 D ArtChoreographerMonitor: invoke error.
10-09 16:27:43.137  4304  4304 D ArtChoreographerMonitor: invoke error.
10-09 16:27:43.139  2042  6982 D ActivityManager: checkAllowBackground: uid=1000 pkg=com.android.systemui rec=UidRecord{b77cac0 1000 PER  fgServices change:procadj procs:0 seq(879912,448524)} caps=LCMNFU always=false idle=false
10-09 16:27:43.358  4304  4304 D ArtChoreographerMonitor: invoke error.
10-09 16:27:43.878  2042  2042 D UiModeManager: updateConfigurationLocked: mDockState=0; mCarMode=false; mCar=false; mPowerSave=false; mOverrideNightModeOn=false; mOverrideNightModeOff=false; mComputedNightMode=false; mNightMode=1; uiMode=17
10-09 16:27:44.376  2042  2787 I SmartPower: com.xiaomi.discover/10121(23492): idle->background(2281ms) R(broadcast start Intent { act=android.intent.action.BATTERY_CHANGED flg=0x60000010 (has extras) }) adj=905.
10-09 16:27:44.376  2042  2787 I SmartPower: com.miui.android.fashiongallery/10228(32611): idle->background(2281ms) R(broadcast start Intent { act=android.intent.action.BATTERY_CHANGED flg=0x60000010 (has extras) }) adj=915.
10-09 16:27:44.376  2042  2787 I SmartPower: com.facebook.appmanager/10138(27658): idle->background(2281ms) R(broadcast start Intent { act=android.intent.action.BATTERY_CHANGED flg=0x60000010 (has extras) }) adj=905.
10-09 16:27:44.377  2042  2787 I SmartPower: com.facebook.katana/10243(13231): idle->background(2281ms) R(broadcast start Intent { act=android.intent.action.BATTERY_CHANGED flg=0x60000010 (has extras) }) adj=905.
10-09 16:27:44.377  2042  2787 I SmartPower: com.google.android.apps.tachyon/10226(15532): idle->background(2281ms) R(broadcast start Intent { act=android.intent.action.BATTERY_CHANGED flg=0x60000010 (has extras) }) adj=965.
10-09 16:27:44.378  2042  2787 I SmartPower: com.microsoft.teams/10266(15546): idle->background(2949ms) R(broadcast start Intent { act=android.intent.action.BATTERY_CHANGED flg=0x60000010 (has extras) }) adj=900.
10-09 16:27:44.378  2042  2787 I SmartPower: com.google.android.apps.magazines/10234(19722): idle->background(2280ms) R(broadcast start Intent { act=android.intent.action.BATTERY_CHANGED flg=0x60000010 (has extras) }) adj=905.
10-09 16:27:44.517  2183  2183 I wificond: station_bandwidth: P
10-09 16:27:47.376  2042  3524 I SmartPower: com.xiaomi.discover/10121(23492): background->idle(3000ms) R(broadcast start Intent { act=android.intent.action.BATTERY_CHANGED flg=0x60000010 (has extras) }) adj=905.
10-09 16:27:47.377  2042  3524 I SmartPower: com.miui.android.fashiongallery/10228(32611): background->idle(3000ms) R(broadcast start Intent { act=android.intent.action.BATTERY_CHANGED flg=0x60000010 (has extras) }) adj=915.
10-09 16:27:47.377  2042  3524 I SmartPower: com.facebook.appmanager/10138(27658): background->idle(3001ms) R(broadcast start Intent { act=android.intent.action.BATTERY_CHANGED flg=0x60000010 (has extras) }) adj=905.
10-09 16:27:47.377  2042  3524 I SmartPower: com.facebook.katana/10243(13231): background->idle(3001ms) R(broadcast start Intent { act=android.intent.action.BATTERY_CHANGED flg=0x60000010 (has extras) }) adj=905.
10-09 16:27:47.377  2042  3524 I SmartPower: com.google.android.apps.tachyon/10226(15532): background->idle(3000ms) R(broadcast start Intent { act=android.intent.action.BATTERY_CHANGED flg=0x60000010 (has extras) }) adj=965.
10-09 16:27:47.378  2042  3524 I SmartPower: com.microsoft.teams/10266(15546): background->idle(3000ms) R(broadcast start Intent { act=android.intent.action.BATTERY_CHANGED flg=0x60000010 (has extras) }) adj=900.
10-09 16:27:47.379  2042  3524 I SmartPower: com.google.android.apps.magazines/10234(19722): background->idle(3000ms) R(broadcast start Intent { act=android.intent.action.BATTERY_CHANGED flg=0x60000010 (has extras) }) adj=905.
10-09 16:27:47.528  2183  2183 I wificond: station_bandwidth: P
10-09 16:27:48.147  4304  4304 D ArtChoreographerMonitor: invoke error.
10-09 16:27:48.422  4304  4304 D ArtChoreographerMonitor: invoke error.
10-09 16:27:48.710  2042  2042 D UiModeManager: updateConfigurationLocked: mDockState=0; mCarMode=false; mCar=false; mPowerSave=false; mOverrideNightModeOn=false; mOverrideNightModeOff=false; mComputedNightMode=false; mNightMode=1; uiMode=17
10-09 16:27:50.539  2183  2183 I wificond: station_bandwidth: P
10-09 16:27:50.540  4304  4304 D ArtChoreographerMonitor: invoke error.
10-09 16:27:50.716  4304  4304 D ArtChoreographerMonitor: invoke error.
10-09 16:27:52.681   702 31822 I keystore2: system/security/keystore2/src/watchdog.rs:319 - Watchdog thread idle -> terminating. Have a great day.
10-09 16:27:52.828  2042  3524 D IntervalStats: Unable to parse usage stats packages: [875, 887, 888]
10-09 16:27:52.954  4304  4304 D ArtChoreographerMonitor: invoke error.
10-09 16:27:52.968  2042  7011 D PerfShielderService: com.android.systemui|StatusBar|76|45077508315094|50|2|2
10-09 16:27:52.968  6649  6663 W MiuiPerfServiceClient: interceptAndQueuing:4304|com.android.systemui|76|50|45077508315094|Slow handle animation|2
10-09 16:27:53.132  4304  4304 D ArtChoreographerMonitor: invoke error.
10-09 16:27:53.552  2183  2183 I wificond: station_bandwidth: P
10-09 16:27:53.555  4304  4304 D ArtChoreographerMonitor: invoke error.
10-09 16:27:53.726  4304  4304 D ArtChoreographerMonitor: invoke error.
10-09 16:27:56.562  2183  2183 I wificond: station_bandwidth: P
10-09 16:27:59.573  2183  2183 I wificond: station_bandwidth: P
10-09 16:27:59.633  2042  7011 W ProcessStats: Tracking association SourceState{454ff70 com.google.android.gms.persistent/10163 Fgs #123246} whose proc state 3 is better than process ProcessState{77bc03 com.google.android.gms/10163 pkg=com.google.android.gms} proc state 4 (118 skipped)
10-09 16:28:00.000  2042  3123 D ActivityManager: checkAllowBackground: uid=1000 pkg=android rec=UidRecord{b77cac0 1000 PER  fgServices change:procadj procs:0 seq(879912,448524)} caps=LCMNFU always=false idle=false
10-09 16:28:00.000  2042  3123 D AlarmManager: mBroadcastRefCount -> 1
10-09 16:28:00.002  4304  4304 D ArtChoreographerMonitor: invoke error.
10-09 16:28:00.002  2042  2042 D AlarmManager: mBroadcastRefCount -> 0
10-09 16:28:00.002  2042  2042 D AlarmManager: mPendingIntent -> null
10-09 16:28:00.183  4304  4304 D ArtChoreographerMonitor: invoke error.
10-09 16:28:02.121  2042  3123 D AlarmManager: mBroadcastRefCount -> 1
10-09 16:28:02.125  2042  2075 D ActivityManager: checkAllowBackground: uid=1000 pkg=android rec=UidRecord{b77cac0 1000 PER  fgServices allowlist change:procadj procs:0 seq(880017,448524)} caps=LCMNFU always=false idle=false
10-09 16:28:02.126  2042  2042 D AlarmManager: mBroadcastRefCount -> 0
10-09 16:28:02.126  2042  2042 D AlarmManager: mPendingIntent -> PendingIntent{659bd1f: PendingIntentRecord{cf286c android broadcastIntent}}
10-09 16:28:02.583  2183  2183 I wificond: station_bandwidth: P
10-09 16:28:02.634  2042  3524 I SmartPower: com.google.android.gms/10163(28832): background->idle(370923ms) R(add to whitelist) adj=600.
10-09 16:28:03.607  2042  2042 D UiModeManager: updateConfigurationLocked: mDockState=0; mCarMode=false; mCar=false; mPowerSave=false; mOverrideNightModeOn=false; mOverrideNightModeOff=false; mComputedNightMode=false; mNightMode=1; uiMode=17
10-09 16:28:04.105  2042  2787 I SmartPower: com.xiaomi.discover/10121(23492): idle->background(16729ms) R(broadcast start Intent { act=android.intent.action.BATTERY_CHANGED flg=0x60000010 (has extras) }) adj=905.
10-09 16:28:04.105  2042  2787 I SmartPower: com.miui.android.fashiongallery/10228(32611): idle->background(16728ms) R(broadcast start Intent { act=android.intent.action.BATTERY_CHANGED flg=0x60000010 (has extras) }) adj=935.
10-09 16:28:04.105  2042  2787 I SmartPower: com.facebook.appmanager/10138(27658): idle->background(16727ms) R(broadcast start Intent { act=android.intent.action.BATTERY_CHANGED flg=0x60000010 (has extras) }) adj=905.
10-09 16:28:04.105  2042  2787 I SmartPower: com.facebook.katana/10243(13231): idle->background(16728ms) R(broadcast start Intent { act=android.intent.action.BATTERY_CHANGED flg=0x60000010 (has extras) }) adj=905.
10-09 16:28:04.106  2042  2787 I SmartPower: com.google.android.apps.tachyon/10226(15532): idle->background(16728ms) R(broadcast start Intent { act=android.intent.action.BATTERY_CHANGED flg=0x60000010 (has extras) }) adj=965.
10-09 16:28:04.106  2042  2787 I SmartPower: com.microsoft.teams/10266(15546): idle->background(16729ms) R(broadcast start Intent { act=android.intent.action.BATTERY_CHANGED flg=0x60000010 (has extras) }) adj=900.
10-09 16:28:04.107  2042  2787 I SmartPower: com.google.android.apps.magazines/10234(19722): idle->background(16728ms) R(broadcast start Intent { act=android.intent.action.BATTERY_CHANGED flg=0x60000010 (has extras) }) adj=905.
10-09 16:28:05.594  2183  2183 I wificond: station_bandwidth: P
10-09 16:28:07.105  2042  3524 I SmartPower: com.xiaomi.discover/10121(23492): background->idle(3000ms) R(broadcast start Intent { act=android.intent.action.BATTERY_CHANGED flg=0x60000010 (has extras) }) adj=905.
10-09 16:28:07.105  2042  3524 I SmartPower: com.miui.android.fashiongallery/10228(32611): background->idle(3001ms) R(broadcast start Intent { act=android.intent.action.BATTERY_CHANGED flg=0x60000010 (has extras) }) adj=935.
10-09 16:28:07.105  2042  3524 I SmartPower: com.facebook.appmanager/10138(27658): background->idle(3001ms) R(broadcast start Intent { act=android.intent.action.BATTERY_CHANGED flg=0x60000010 (has extras) }) adj=905.
10-09 16:28:07.105  2042  3524 I SmartPower: com.facebook.katana/10243(13231): background->idle(3000ms) R(broadcast start Intent { act=android.intent.action.BATTERY_CHANGED flg=0x60000010 (has extras) }) adj=905.
10-09 16:28:07.107  2042  3524 I SmartPower: com.google.android.apps.tachyon/10226(15532): background->idle(3001ms) R(broadcast start Intent { act=android.intent.action.BATTERY_CHANGED flg=0x60000010 (has extras) }) adj=965.
10-09 16:28:07.107  2042  3524 I SmartPower: com.microsoft.teams/10266(15546): background->idle(3000ms) R(broadcast start Intent { act=android.intent.action.BATTERY_CHANGED flg=0x60000010 (has extras) }) adj=900.
10-09 16:28:07.107  2042  3524 I SmartPower: com.google.android.apps.magazines/10234(19722): background->idle(3000ms) R(broadcast start Intent { act=android.intent.action.BATTERY_CHANGED flg=0x60000010 (has extras) }) adj=905.
10-09 16:28:08.602  2183  2183 I wificond: station_bandwidth: P
10-09 16:28:08.625  2042  2042 D UiModeManager: updateConfigurationLocked: mDockState=0; mCarMode=false; mCar=false; mPowerSave=false; mOverrideNightModeOn=false; mOverrideNightModeOff=false; mComputedNightMode=false; mNightMode=1; uiMode=17
10-09 16:28:09.123  2042  2787 I SmartPower: com.xiaomi.discover/10121(23492): idle->background(2018ms) R(broadcast start Intent { act=android.intent.action.BATTERY_CHANGED flg=0x60000010 (has extras) }) adj=905.
10-09 16:28:09.123  2042  2787 I SmartPower: com.miui.android.fashiongallery/10228(32611): idle->background(2017ms) R(broadcast start Intent { act=android.intent.action.BATTERY_CHANGED flg=0x60000010 (has extras) }) adj=935.
10-09 16:28:09.123  2042  2787 I SmartPower: com.facebook.appmanager/10138(27658): idle->background(2018ms) R(broadcast start Intent { act=android.intent.action.BATTERY_CHANGED flg=0x60000010 (has extras) }) adj=905.
10-09 16:28:09.123  2042  2787 I SmartPower: com.facebook.katana/10243(13231): idle->background(2018ms) R(broadcast start Intent { act=android.intent.action.BATTERY_CHANGED flg=0x60000010 (has extras) }) adj=905.
10-09 16:28:09.124  2042  2787 I SmartPower: com.google.android.apps.tachyon/10226(15532): idle->background(2017ms) R(broadcast start Intent { act=android.intent.action.BATTERY_CHANGED flg=0x60000010 (has extras) }) adj=965.
10-09 16:28:09.124  2042  2787 I SmartPower: com.microsoft.teams/10266(15546): idle->background(2017ms) R(broadcast start Intent { act=android.intent.action.BATTERY_CHANGED flg=0x60000010 (has extras) }) adj=900.
10-09 16:28:09.125  2042  2787 I SmartPower: com.google.android.apps.magazines/10234(19722): idle->background(2018ms) R(broadcast start Intent { act=android.intent.action.BATTERY_CHANGED flg=0x60000010 (has extras) }) adj=905.
10-09 16:28:10.117  2042  6982 W ProcessStats: Tracking association SourceState{454ff70 com.google.android.gms.persistent/10163 Fgs #123253} whose proc state 3 is better than process ProcessState{77bc03 com.google.android.gms/10163 pkg=com.google.android.gms} proc state 4 (52 skipped)
10-09 16:28:11.613  2183  2183 I wificond: station_bandwidth: P
10-09 16:28:11.615  4304  4304 D ArtChoreographerMonitor: invoke error.
10-09 16:28:11.783  4304  4304 D ArtChoreographerMonitor: invoke error.
10-09 16:28:12.145  2042  3524 I SmartPower: com.xiaomi.discover/10121(23492): background->idle(3022ms) R(broadcast start Intent { act=android.intent.action.BATTERY_CHANGED flg=0x60000010 (has extras) }) adj=905.
10-09 16:28:12.145  2042  3524 I SmartPower: com.miui.android.fashiongallery/10228(32611): background->idle(3023ms) R(broadcast start Intent { act=android.intent.action.BATTERY_CHANGED flg=0x60000010 (has extras) }) adj=935.
10-09 16:28:12.145  2042  3524 I SmartPower: com.facebook.appmanager/10138(27658): background->idle(3022ms) R(broadcast start Intent { act=android.intent.action.BATTERY_CHANGED flg=0x60000010 (has extras) }) adj=905.
10-09 16:28:12.145  2042  3524 I SmartPower: com.facebook.katana/10243(13231): background->idle(3022ms) R(broadcast start Intent { act=android.intent.action.BATTERY_CHANGED flg=0x60000010 (has extras) }) adj=905.
10-09 16:28:12.145  2042  3524 I SmartPower: com.google.android.apps.tachyon/10226(15532): background->idle(3022ms) R(broadcast start Intent { act=android.intent.action.BATTERY_CHANGED flg=0x60000010 (has extras) }) adj=965.
10-09 16:28:12.145  2042  3524 I SmartPower: com.microsoft.teams/10266(15546): background->idle(3022ms) R(broadcast start Intent { act=android.intent.action.BATTERY_CHANGED flg=0x60000010 (has extras) }) adj=900.
10-09 16:28:12.145  2042  3524 I SmartPower: com.google.android.apps.magazines/10234(19722): background->idle(3021ms) R(broadcast start Intent { act=android.intent.action.BATTERY_CHANGED flg=0x60000010 (has extras) }) adj=905.
10-09 16:28:12.558  2042  2702 D HeapUsage Monitor: HeapAllocSize : 89MB; monitorSize : 500MB
10-09 16:28:12.932  4304  4304 D ArtChoreographerMonitor: invoke error.
10-09 16:28:13.111  4304  4304 D ArtChoreographerMonitor: invoke error.
10-09 16:28:13.655  2042  2042 D UiModeManager: updateConfigurationLocked: mDockState=0; mCarMode=false; mCar=false; mPowerSave=false; mOverrideNightModeOn=false; mOverrideNightModeOff=false; mComputedNightMode=false; mNightMode=1; uiMode=17
10-09 16:28:14.153  2042  2787 I SmartPower: com.xiaomi.discover/10121(23492): idle->background(2008ms) R(broadcast start Intent { act=android.intent.action.BATTERY_CHANGED flg=0x60000010 (has extras) }) adj=905.
10-09 16:28:14.153  2042  2787 I SmartPower: com.miui.android.fashiongallery/10228(32611): idle->background(2008ms) R(broadcast start Intent { act=android.intent.action.BATTERY_CHANGED flg=0x60000010 (has extras) }) adj=935.
10-09 16:28:14.153  2042  2787 I SmartPower: com.facebook.appmanager/10138(27658): idle->background(2008ms) R(broadcast start Intent { act=android.intent.action.BATTERY_CHANGED flg=0x60000010 (has extras) }) adj=905.
10-09 16:28:14.154  2042  2787 I SmartPower: com.facebook.katana/10243(13231): idle->background(2008ms) R(broadcast start Intent { act=android.intent.action.BATTERY_CHANGED flg=0x60000010 (has extras) }) adj=905.
