10-09 16:48:30.923  4304  4304 D ArtChoreographerMonitor: invoke error.
10-09 16:48:31.077  2042  2787 I SmartPower: com.xiaomi.discover/10121(23492): idle->background(52980ms) R(broadcast start Intent { act=android.intent.action.BATTERY_CHANGED flg=0x60000010 (has extras) }) adj=905.
10-09 16:48:31.077  2042  2787 I SmartPower: com.miui.android.fashiongallery/10228(32611): idle->background(52981ms) R(broadcast start Intent { act=android.intent.action.BATTERY_CHANGED flg=0x60000010 (has extras) }) adj=915.
10-09 16:48:31.078  2042  2787 I SmartPower: com.facebook.appmanager/10138(27658): idle->background(52980ms) R(broadcast start Intent { act=android.intent.action.BATTERY_CHANGED flg=0x60000010 (has extras) }) adj=905.
10-09 16:48:31.078  2042  2787 I SmartPower: com.facebook.katana/10243(13231): idle->background(52980ms) R(broadcast start Intent { act=android.intent.action.BATTERY_CHANGED flg=0x60000010 (has extras) }) adj=905.
10-09 16:48:31.078  2042  2787 I SmartPower: com.google.android.apps.tachyon/10226(15532): idle->background(52981ms) R(broadcast start Intent { act=android.intent.action.BATTERY_CHANGED flg=0x60000010 (has extras) }) adj=965.
10-09 16:48:31.079  2042  2787 I SmartPower: com.microsoft.teams/10266(15546): idle->background(52980ms) R(broadcast start Intent { act=android.intent.action.BATTERY_CHANGED flg=0x60000010 (has extras) }) adj=900.
10-09 16:48:31.079  2042  2787 I SmartPower: com.google.android.apps.magazines/10234(19722): idle->background(52981ms) R(broadcast start Intent { act=android.intent.action.BATTERY_CHANGED flg=0x60000010 (has extras) }) adj=905.
10-09 16:48:31.080  2042  2787 I SmartPower: com.android.chrome/10172(25786): idle->background(48599ms) R(broadcast start Intent { act=android.intent.action.BATTERY_CHANGED flg=0x60000010 (has extras) }) adj=700.
10-09 16:48:32.236  2042  3123 D AlarmManager: mBroadcastRefCount -> 1
10-09 16:48:32.240  2042  2075 D ActivityManager: checkAllowBackground: uid=1000 pkg=android rec=UidRecord{b77cac0 1000 PER  fgServices allowlist change:procadj procs:0 seq(898317,448524)} caps=LCMNFU always=false idle=false
10-09 16:48:32.240  2042  2042 D AlarmManager: mBroadcastRefCount -> 0
10-09 16:48:32.240  2042  2042 D AlarmManager: mPendingIntent -> PendingIntent{659bd1f: PendingIntentRecord{cf286c android broadcastIntent}}
10-09 16:48:33.748  2183  2183 I wificond: station_bandwidth: P
10-09 16:48:33.755  2042  3524 I SmartPower: com.google.android.apps.messaging/10165(21061): background->idle(3000ms) R(content provider start ContentProviderRecord{178367 u0 com.google.android.apps.messaging/.shared.datamodel.provider.sharedstorage.SharedStorageProvider}) adj=200.
10-09 16:48:34.079  2042  3524 I SmartPower: com.xiaomi.discover/10121(23492): background->idle(3002ms) R(broadcast start Intent { act=android.intent.action.BATTERY_CHANGED flg=0x60000010 (has extras) }) adj=905.
10-09 16:48:34.079  2042  3524 I SmartPower: com.miui.android.fashiongallery/10228(32611): background->idle(3001ms) R(broadcast start Intent { act=android.intent.action.BATTERY_CHANGED flg=0x60000010 (has extras) }) adj=935.
10-09 16:48:34.079  2042  3524 I SmartPower: com.facebook.appmanager/10138(27658): background->idle(3001ms) R(broadcast start Intent { act=android.intent.action.BATTERY_CHANGED flg=0x60000010 (has extras) }) adj=905.
10-09 16:48:34.079  2042  3524 I SmartPower: com.facebook.katana/10243(13231): background->idle(3001ms) R(broadcast start Intent { act=android.intent.action.BATTERY_CHANGED flg=0x60000010 (has extras) }) adj=905.
10-09 16:48:34.079  2042  3524 I SmartPower: com.google.android.apps.tachyon/10226(15532): background->idle(3000ms) R(broadcast start Intent { act=android.intent.action.BATTERY_CHANGED flg=0x60000010 (has extras) }) adj=965.
10-09 16:48:34.079  2042  3524 I SmartPower: com.microsoft.teams/10266(15546): background->idle(3000ms) R(broadcast start Intent { act=android.intent.action.BATTERY_CHANGED flg=0x60000010 (has extras) }) adj=900.
10-09 16:48:34.080  2042  3524 I SmartPower: com.google.android.apps.magazines/10234(19722): background->idle(3000ms) R(broadcast start Intent { act=android.intent.action.BATTERY_CHANGED flg=0x60000010 (has extras) }) adj=905.
10-09 16:48:34.080  2042  3524 I SmartPower: com.android.chrome/10172(25786): background->idle(3001ms) R(broadcast start Intent { act=android.intent.action.BATTERY_CHANGED flg=0x60000010 (has extras) }) adj=900.
10-09 16:48:36.759  2183  2183 I wificond: station_bandwidth: P
10-09 16:48:36.762  4304  4304 D ArtChoreographerMonitor: invoke error.
10-09 16:48:36.780  2042  4020 I SmartPower: com.google.android.apps.messaging/10165(21061): idle->background(3025ms) R(content provider start ContentProviderRecord{178367 u0 com.google.android.apps.messaging/.shared.datamodel.provider.sharedstorage.SharedStorageProvider}) adj=200.
10-09 16:48:36.935  4304  4304 D ArtChoreographerMonitor: invoke error.
10-09 16:48:39.770  2183  2183 I wificond: station_bandwidth: P
10-09 16:48:39.774  4304  4304 D ArtChoreographerMonitor: invoke error.
10-09 16:48:39.781  2042  3524 I SmartPower: com.google.android.apps.messaging/10165(21061): background->idle(3001ms) R(content provider start ContentProviderRecord{178367 u0 com.google.android.apps.messaging/.shared.datamodel.provider.sharedstorage.SharedStorageProvider}) adj=200.
10-09 16:48:39.947  4304  4304 D ArtChoreographerMonitor: invoke error.
10-09 16:48:42.240  2042  3110 W ProcessStats: Tracking association SourceState{3682bb3 com.miui.analytics/10093 BFgs #125147} whose proc state 4 is better than process ProcessState{6688729 com.miui.securitycenter.remote/1000 pkg=com.miui.securitycenter} proc state 9 (38 skipped)
10-09 16:48:42.575  2042  2702 D HeapUsage Monitor: HeapAllocSize : 90MB; monitorSize : 500MB
10-09 16:48:42.781  2183  2183 I wificond: station_bandwidth: P
10-09 16:48:42.783  4304  4304 D ArtChoreographerMonitor: invoke error.
10-09 16:48:42.954  4304  4304 D ArtChoreographerMonitor: invoke error.
10-09 16:48:45.790  2183  2183 I wificond: station_bandwidth: P
10-09 16:48:48.801  2183  2183 I wificond: station_bandwidth: P
10-09 16:48:48.806  4304  4304 D ArtChoreographerMonitor: invoke error.
10-09 16:48:48.819  2042  6991 I SmartPower: com.google.android.apps.messaging/10165(21061): idle->background(9038ms) R(content provider start ContentProviderRecord{178367 u0 com.google.android.apps.messaging/.shared.datamodel.provider.sharedstorage.SharedStorageProvider}) adj=200.
10-09 16:48:48.988  4304  4304 D ArtChoreographerMonitor: invoke error.
10-09 16:48:51.812  2183  2183 I wificond: station_bandwidth: P
10-09 16:48:51.819  2042  3524 I SmartPower: com.google.android.apps.messaging/10165(21061): background->idle(3001ms) R(content provider start ContentProviderRecord{178367 u0 com.google.android.apps.messaging/.shared.datamodel.provider.sharedstorage.SharedStorageProvider}) adj=200.
10-09 16:48:51.820  4304  4304 D ArtChoreographerMonitor: invoke error.
10-09 16:48:51.993  4304  4304 D ArtChoreographerMonitor: invoke error.
10-09 16:48:54.824  2183  2183 I wificond: station_bandwidth: P
10-09 16:48:54.838  2042  6991 I SmartPower: com.google.android.apps.messaging/10165(21061): idle->background(3018ms) R(content provider start ContentProviderRecord{178367 u0 com.google.android.apps.messaging/.shared.datamodel.provider.sharedstorage.SharedStorageProvider}) adj=200.
10-09 16:48:57.834  2183  2183 I wificond: station_bandwidth: P
10-09 16:48:57.839  2042  3524 I SmartPower: com.google.android.apps.messaging/10165(21061): background->idle(3002ms) R(content provider start ContentProviderRecord{178367 u0 com.google.android.apps.messaging/.shared.datamodel.provider.sharedstorage.SharedStorageProvider}) adj=200.
10-09 16:49:00.000  2042  3123 D ActivityManager: checkAllowBackground: uid=1000 pkg=android rec=UidRecord{b77cac0 1000 PER  fgServices change:procadj procs:0 seq(898423,448524)} caps=LCMNFU always=false idle=false
10-09 16:49:00.000  2042  3123 D AlarmManager: mBroadcastRefCount -> 1
10-09 16:49:00.001  2042  2042 D AlarmManager: mBroadcastRefCount -> 0
10-09 16:49:00.001  2042  2042 D AlarmManager: mPendingIntent -> null
10-09 16:49:00.003  4304  4304 D ArtChoreographerMonitor: invoke error.
10-09 16:49:00.193  4304  4304 D ArtChoreographerMonitor: invoke error.
10-09 16:49:00.843  2183  2183 I wificond: station_bandwidth: P
10-09 16:49:00.870  2042  2761 W ProcessStats: Tracking association SourceState{d7e2e86 com.google.android.gms.persistent/10163 Fgs #125152} whose proc state 3 is better than process ProcessState{77bc03 com.google.android.gms/10163 pkg=com.google.android.gms} proc state 4 (29 skipped)
10-09 16:49:00.979  2042  3123 D AlarmManager: mBroadcastRefCount -> 1
10-09 16:49:00.981  2042  2042 I ExtM    : mark duration up to 2m , try to mark.
10-09 16:49:00.981  2042  2042 D MFZ     : Start Mark
10-09 16:49:00.981  2042  3997 D ExtM    : Start marking ...
10-09 16:49:00.981  2042  3997 W ExtM    : Mark thread start 
10-09 16:49:00.982   674  3863 D vold    : mark task started
10-09 16:49:00.984  3864  3864 D vold    :  mark Pid = 3864
10-09 16:49:00.986  3864  3864 D vold    : set cpu affinity policy success
10-09 16:49:01.023  2042  2042 D MFZ     : Mark Finshed ! idle_stats: 5278 691 39 396 720 2 150 3222 1847 8819
10-09 16:49:01.023  2042  2042 D ActivityManager: checkAllowBackground: uid=1000 pkg=android rec=UidRecord{b77cac0 1000 PER  fgServices allowlist change:procadj procs:0 seq(898528,448524)} caps=LCMNFU always=false idle=false
10-09 16:49:01.024  2042  2042 D AlarmManager: mBroadcastRefCount -> 0
10-09 16:49:01.024  2042  2042 D AlarmManager: mPendingIntent -> PendingIntent{11eba72: PendingIntentRecord{c46edf android broadcastIntent}}
10-09 16:49:01.076  3864  3864 D vold    :  success write all > /sys/block/zram0/idle
10-09 16:49:01.484   674  3863 D vold    : mark process has been finished in normal with status: 0
10-09 16:49:01.484   674  3863 D vold    :  listener->onFinished 
10-09 16:49:01.484  2042  6878 W ExtM    : Mark finished with status: 0
10-09 16:49:02.239  2042  3123 D AlarmManager: mBroadcastRefCount -> 1
10-09 16:49:02.241  2042  2075 D ActivityManager: checkAllowBackground: uid=1000 pkg=android rec=UidRecord{b77cac0 1000 PER  fgServices allowlist change:procadj procs:0 seq(898528,448524)} caps=LCMNFU always=false idle=false
10-09 16:49:02.241  2042  2042 D AlarmManager: mBroadcastRefCount -> 0
10-09 16:49:02.241  2042  2042 D AlarmManager: mPendingIntent -> PendingIntent{659bd1f: PendingIntentRecord{cf286c android broadcastIntent}}
10-09 16:49:03.851  2183  2183 I wificond: station_bandwidth: P
10-09 16:49:03.860  4304  4304 D ArtChoreographerMonitor: invoke error.
10-09 16:49:03.867  2042  7043 I SmartPower: com.google.android.apps.messaging/10165(21061): idle->background(6028ms) R(content provider start ContentProviderRecord{178367 u0 com.google.android.apps.messaging/.shared.datamodel.provider.sharedstorage.SharedStorageProvider}) adj=200.
10-09 16:49:04.036  4304  4304 D ArtChoreographerMonitor: invoke error.
10-09 16:49:06.861  2183  2183 I wificond: station_bandwidth: P
10-09 16:49:06.870  2042  3524 I SmartPower: com.google.android.apps.messaging/10165(21061): background->idle(3002ms) R(content provider start ContentProviderRecord{178367 u0 com.google.android.apps.messaging/.shared.datamodel.provider.sharedstorage.SharedStorageProvider}) adj=200.
10-09 16:49:09.871  2183  2183 I wificond: station_bandwidth: P
10-09 16:49:12.242  2042  3110 W ProcessStats: Tracking association SourceState{3682bb3 com.miui.analytics/10093 BFgs #125156} whose proc state 4 is better than process ProcessState{6688729 com.miui.securitycenter.remote/1000 pkg=com.miui.securitycenter} proc state 9 (32 skipped)
10-09 16:49:12.575  2042  2702 D HeapUsage Monitor: HeapAllocSize : 96MB; monitorSize : 500MB
10-09 16:49:12.882  2183  2183 I wificond: station_bandwidth: P
10-09 16:49:12.884  4304  4304 D ArtChoreographerMonitor: invoke error.
10-09 16:49:13.054  4304  4304 D ArtChoreographerMonitor: invoke error.
10-09 16:49:15.892  2183  2183 I wificond: station_bandwidth: P
10-09 16:49:15.902  4304  4304 D ArtChoreographerMonitor: invoke error.
10-09 16:49:15.909  2042  6991 I SmartPower: com.google.android.apps.messaging/10165(21061): idle->background(9039ms) R(content provider start ContentProviderRecord{178367 u0 com.google.android.apps.messaging/.shared.datamodel.provider.sharedstorage.SharedStorageProvider}) adj=200.
10-09 16:49:16.076  4304  4304 D ArtChoreographerMonitor: invoke error.
10-09 16:49:18.904  2183  2183 I wificond: station_bandwidth: P
10-09 16:49:18.911  2042  3524 I SmartPower: com.google.android.apps.messaging/10165(21061): background->idle(3003ms) R(content provider start ContentProviderRecord{178367 u0 com.google.android.apps.messaging/.shared.datamodel.provider.sharedstorage.SharedStorageProvider}) adj=200.
10-09 16:49:18.923  4304  4304 D ArtChoreographerMonitor: invoke error.
10-09 16:49:19.091  4304  4304 D ArtChoreographerMonitor: invoke error.
10-09 16:49:21.913  2183  2183 I wificond: station_bandwidth: P
10-09 16:49:21.915  4304  4304 D ArtChoreographerMonitor: invoke error.
10-09 16:49:22.090  4304  4304 D ArtChoreographerMonitor: invoke error.
10-09 16:49:23.915  4304  4304 D ArtChoreographerMonitor: invoke error.
10-09 16:49:24.090  4304  4304 D ArtChoreographerMonitor: invoke error.
10-09 16:49:24.923  2183  2183 I wificond: station_bandwidth: P
10-09 16:49:24.926  4304  4304 D ArtChoreographerMonitor: invoke error.
10-09 16:49:24.947  2042  6878 W ProcessStats: Tracking association SourceState{d7e2e86 com.google.android.gms.persistent/10163 Fgs #125160} whose proc state 3 is better than process ProcessState{77bc03 com.google.android.gms/10163 pkg=com.google.android.gms} proc state 4 (29 skipped)
10-09 16:49:24.947  2042  6878 I SmartPower: com.google.android.apps.messaging/10165(21061): idle->background(6036ms) R(content provider start ContentProviderRecord{178367 u0 com.google.android.apps.messaging/.shared.datamodel.provider.sharedstorage.SharedStorageProvider}) adj=200.
10-09 16:49:25.064  2042  2802 I ExtM    : zram userate is low, no need to flush: 49
10-09 16:49:25.113  4304  4304 D ArtChoreographerMonitor: invoke error.
10-09 16:49:25.580  2042  2802 I ExtM    : zram userate is low, no need to flush: 49
10-09 16:49:25.683  2042  2802 I ExtM    : zram userate is low, no need to flush: 49
10-09 16:49:27.934  2183  2183 I wificond: station_bandwidth: P
10-09 16:49:27.936  4304  4304 D ArtChoreographerMonitor: invoke error.
10-09 16:49:27.949  2042  3524 I SmartPower: com.google.android.apps.messaging/10165(21061): background->idle(3001ms) R(content provider start ContentProviderRecord{178367 u0 com.google.android.apps.messaging/.shared.datamodel.provider.sharedstorage.SharedStorageProvider}) adj=200.
10-09 16:49:28.104  4304  4304 D ArtChoreographerMonitor: invoke error.
10-09 16:49:30.780  2042  2802 I ExtM    : zram userate is low, no need to flush: 49
10-09 16:49:30.945  2183  2183 I wificond: station_bandwidth: P
10-09 16:49:32.240  2042  3123 D AlarmManager: mBroadcastRefCount -> 1
10-09 16:49:32.247  2042  2075 D ActivityManager: checkAllowBackground: uid=1000 pkg=android rec=UidRecord{b77cac0 1000 PER  fgServices allowlist change:procadj procs:0 seq(898738,448524)} caps=LCMNFU always=false idle=false
10-09 16:49:32.248  2042  2042 D AlarmManager: mBroadcastRefCount -> 0
10-09 16:49:32.248  2042  2042 D AlarmManager: mPendingIntent -> PendingIntent{659bd1f: PendingIntentRecord{cf286c android broadcastIntent}}
10-09 16:49:33.954  2183  2183 I wificond: station_bandwidth: P
10-09 16:49:36.964  2183  2183 I wificond: station_bandwidth: P
10-09 16:49:36.966  4304  4304 D ArtChoreographerMonitor: invoke error.
10-09 16:49:37.136  4304  4304 D ArtChoreographerMonitor: invoke error.
10-09 16:49:38.763  2042  7000 I PowerManagerServiceImpl: Partial wakeLock:[PARTIAL_WAKE_LOCK              'WorkManager:TikTokListenableWorker startWork -> com.google.apps.tiktok.sync.impl.workmanager.SyncWorker startWork() -> com.google.apps.tiktok.sync.impl.workmanager.SyncWorker startWork() -> NoAccountWorkerFactory startWork()' (uid=10226 pid=15532 pkg=com.google.android.apps.tachyon)], disabled: true, procState: 19, reason: Process Priority
10-09 16:49:38.777  2042  7000 I PowerManagerServiceImpl: Partial wakeLock:[PARTIAL_WAKE_LOCK              'WorkManager:TikTokListenableWorker startWork -> com.google.apps.tiktok.sync.impl.workmanager.SyncWorker startWork() -> com.google.apps.tiktok.sync.impl.workmanager.SyncWorker startWork() -> NoAccountWorkerFactory startWork()' (uid=10226 pid=15532 pkg=com.google.android.apps.tachyon)], disabled: true, procState: 19, reason: Process Priority
10-09 16:49:38.796  2042  7000 W Telecom : : registerPhoneAccount - attempt to set a group from a non-system caller.: TSI.rPA(cgaat)@AsM
10-09 16:49:38.796  2042  7000 I Telecom : : registerPhoneAccount: account=[[ ] PhoneAccount: ComponentInfo{com.google.android.apps.tachyon/com.google.android.apps.tachyon}, ***, UserHandle{0} Capabilities: SelfManaged SuppVideo Video TransactOps  Audio Routes: BESW Schemes: tel  Extras: Bundle[{isCoreTelecomAccount=true}] GroupId: ***]: TSI.rPA(cgaat)@AsM
10-09 16:49:38.796  2042  7000 I Telecom : PhoneAccountRegistrar: Modify account: [ComponentInfo{com.google.android.apps.tachyon/com.google.android.apps.tachyon}, ***, UserHandle{0}(lbl: Telecom-Jetpack -> Meet)]: TSI.rPA(cgaat)@AsM
10-09 16:49:38.799  2042  7000 I Telecom : AppLabelProxy: package com.google.android.apps.tachyon: name is Meet: TSI.rPA(cgaat)@AsM
10-09 16:49:38.802  2042  7000 I Telecom : CallsManager: handlePhoneAccountChanged: phoneAccount=[[X] PhoneAccount: ComponentInfo{com.google.android.apps.tachyon/com.google.android.apps.tachyon}, ***, UserHandle{0} Capabilities: SelfManaged SuppVideo Video TransactOps  Audio Routes: BESW Schemes: tel  Extras: Bundle[{isCoreTelecomAccount=true}] GroupId: ***]: TSI.rPA(cgaat)@AsM
10-09 16:49:38.837  2042  7000 W ProcessStats: Tracking association SourceState{d7e2e86 com.google.android.gms.persistent/10163 Fgs #125163} whose proc state 3 is better than process ProcessState{77bc03 com.google.android.gms/10163 pkg=com.google.android.gms} proc state 4 (29 skipped)
10-09 16:49:38.935  2042  2802 I ExtM    : reportMemPressure: 1, start flush
10-09 16:49:38.935  2042  3997 E ExtM    : ExtM flush exist thrashing
10-09 16:49:38.959  2042  7043 I SmartPower: com.google.process.gservices/10163(20972): idle->background(359147ms) R(content provider start ContentProviderRecord{964db15 u0 com.google.android.gsf/.gservices.GservicesProvider}) adj=915.
10-09 16:49:38.976  2042  3997 E ExtM    : can_flush_idle_pages:10666 flush_number_adjust: 5000
10-09 16:49:38.976  2042  3997 D MFZ     : Report MEM_PRESSURE_LOW!  Flush Level is: 10 Need Flush: 5000 pages 
10-09 16:49:38.984  2042  7043 I SmartPower: com.google.android.gms.unstable/10163(11300): idle->background(359173ms) R(service create com.google.android.gms/.droidguard.DroidGuardService) adj=0.
10-09 16:49:39.018  2042  3997 D MFZ     : before Flush idle_stats: 1169 4501 687 39 396 720 2 146 3222 10666
10-09 16:49:39.018  2042  3997 W ExtM    : Flush thread start , 5000 pages need to flush
10-09 16:49:39.018   674  3897 D vold    : flush task started
10-09 16:49:39.022  3898  3898 D vold    :  flush Pid = 3898
10-09 16:49:39.022  3898  3898 D vold    : set cpu affinity policy success
10-09 16:49:39.171  2042  7043 D WindowManager: captureDisplay
10-09 16:49:39.404  2042  2802 I ExtM    : zram userate is low, no need to flush: 49
10-09 16:49:39.702  3898  3898 D vold    :  success write idle > /sys/block/zram0/writeback
10-09 16:49:39.924  2042  2802 I ExtM    : zram userate is low, no need to flush: 49
10-09 16:49:39.967  2183  2183 I wificond: station_bandwidth: P
10-09 16:49:39.977  4304  4304 D ArtChoreographerMonitor: invoke error.
10-09 16:49:39.983  2042  7043 I SmartPower: com.google.android.apps.messaging/10165(21061): idle->background(12035ms) R(content provider start ContentProviderRecord{178367 u0 com.google.android.apps.messaging/.shared.datamodel.provider.sharedstorage.SharedStorageProvider}) adj=200.
10-09 16:49:40.022   674  3897 D vold    : flush process has been finished in normal with status: 0
10-09 16:49:40.022   674  3897 D vold    :  listener->onFinished 
10-09 16:49:40.023  2042  6991 W ExtM    : Flush finished with status: 0
10-09 16:49:40.064  2042  6991 D MFZ     : Flush finished! After Flush idle_stats: 1157 4474 687 39 396 720 2 146 3222 5564
10-09 16:49:40.065  2042  6991 D MFZ     : Flush finished! After Flush bd_stats:    86142     1299   101507
10-09 16:49:40.065  2042  6991 D MFZ     : Flush finished! After Flush zramFreeKb: 3158732KB
10-09 16:49:40.065  2042  6991 I ExtM    : 5002(19 m) pages flushed
10-09 16:49:40.065  2042  6991 I ExtM    : After flushing
10-09 16:49:40.065  2042  6991 I ExtM    : Total stat:
10-09 16:49:40.065  2042  6991 I ExtM    :   total marked 0(0 m), total flushed 101507(396 m)
10-09 16:49:40.065  2042  6991 I ExtM    :   wb stat:    86142     1299   101507
10-09 16:49:40.065  2042  6991 I ExtM    :   mm stat: 3180396544 712811782 750186496        0 1047769088    40804   634819     2915    17695    26254     5707
10-09 16:49:40.150  4304  4304 D ArtChoreographerMonitor: invoke error.
10-09 16:49:40.739  2042  8104 D ActivityManager: checkAllowBackground: uid=10226 pkg=com.google.android.apps.tachyon rec=UidRecord{982c34c u0a226 CEM  bg:+9h24m55s216ms idle change:procadj procs:0 seq(898671,405356)} caps=------ always=false idle=true
10-09 16:49:40.753  2042  8104 D ActivityManager: checkAllowBackground: uid=10226 pkg=com.google.android.apps.tachyon rec=UidRecord{982c34c u0a226 CEM  bg:+9h24m55s230ms idle change:procadj procs:0 seq(898671,405356)} caps=------ always=false idle=true
10-09 16:49:40.763  2042  8104 D ActivityManager: checkAllowBackground: uid=10226 pkg=com.google.android.apps.tachyon rec=UidRecord{982c34c u0a226 CEM  bg:+9h24m55s240ms idle change:procadj procs:0 seq(898671,405356)} caps=------ always=false idle=true
10-09 16:49:41.984  2042  3524 I SmartPower: com.google.android.gms.unstable/10163(11300): background->idle(3000ms) R(service create com.google.android.gms/.droidguard.DroidGuardService) adj=800.
10-09 16:49:41.984  2042  3524 I SmartPower: com.google.process.gservices/10163(20972): background->idle(3025ms) R(service create com.google.android.gms/.droidguard.DroidGuardService) adj=915.
10-09 16:49:41.984  2042  3524 I SmartPower: com.google.android.gms/10163(28832): background->idle(198237ms) R(service create com.google.android.gms/.droidguard.DroidGuardService) adj=600.
10-09 16:49:42.575  2042  2702 D HeapUsage Monitor: HeapAllocSize : 104MB; monitorSize : 500MB
10-09 16:49:42.977  2183  2183 I wificond: station_bandwidth: P
10-09 16:49:42.984  2042  3524 I SmartPower: com.google.android.apps.messaging/10165(21061): background->idle(3000ms) R(content provider start ContentProviderRecord{178367 u0 com.google.android.apps.messaging/.shared.datamodel.provider.sharedstorage.SharedStorageProvider}) adj=200.
10-09 16:49:42.985  4304  4304 D ArtChoreographerMonitor: invoke error.
10-09 16:49:43.158  4304  4304 D ArtChoreographerMonitor: invoke error.
10-09 16:49:45.989  2183  2183 I wificond: station_bandwidth: P
10-09 16:49:45.991  4304  4304 D ArtChoreographerMonitor: invoke error.
10-09 16:49:46.005  2042  6878 I SmartPower: com.google.android.apps.messaging/10165(21061): idle->background(3022ms) R(content provider start ContentProviderRecord{178367 u0 com.google.android.apps.messaging/.shared.datamodel.provider.sharedstorage.SharedStorageProvider}) adj=200.
10-09 16:49:46.165  4304  4304 D ArtChoreographerMonitor: invoke error.
10-09 16:49:48.996  2183  2183 I wificond: station_bandwidth: P
10-09 16:49:49.007  2042  3524 I SmartPower: com.google.android.apps.messaging/10165(21061): background->idle(3002ms) R(content provider start ContentProviderRecord{178367 u0 com.google.android.apps.messaging/.shared.datamodel.provider.sharedstorage.SharedStorageProvider}) adj=200.
10-09 16:49:52.007  2183  2183 I wificond: station_bandwidth: P
10-09 16:49:52.019  4304  4304 D ArtChoreographerMonitor: invoke error.
10-09 16:49:52.021  2042  7000 I SmartPower: com.google.android.apps.messaging/10165(21061): idle->background(3013ms) R(content provider start ContentProviderRecord{178367 u0 com.google.android.apps.messaging/.shared.datamodel.provider.sharedstorage.SharedStorageProvider}) adj=200.
10-09 16:49:52.188  4304  4304 D ArtChoreographerMonitor: invoke error.
10-09 16:49:53.877  2042  7043 W ProcessStats: Tracking association SourceState{ca9557f com.google.android.gms.persistent/10163 Fgs #125209} whose proc state 3 is better than process ProcessState{1ea3a0f com.google.android.gms.unstable/10163 pkg=com.google.android.gms} proc state 14 (158 skipped)
10-09 16:49:53.881  2042  7043 I SmartPower: com.google.android.gms/10163(28832): idle->background(11897ms) R(service unbind com.google.android.gms/.chimera.GmsBoundBrokerService) adj=600.
10-09 16:49:55.014  2183  2183 I wificond: station_bandwidth: P
10-09 16:49:55.016  4304  4304 D ArtChoreographerMonitor: invoke error.
10-09 16:49:55.021  2042  3524 I SmartPower: com.google.android.apps.messaging/10165(21061): background->idle(3000ms) R(content provider start ContentProviderRecord{178367 u0 com.google.android.apps.messaging/.shared.datamodel.provider.sharedstorage.SharedStorageProvider}) adj=200.
10-09 16:49:55.186  4304  4304 D ArtChoreographerMonitor: invoke error.
10-09 16:49:56.883  2042  3524 I SmartPower: com.google.android.gms/10163(28832): background->idle(3002ms) R(service unbind com.google.android.gms/.chimera.GmsBoundBrokerService) adj=600.
10-09 16:49:58.025  2183  2183 I wificond: station_bandwidth: P
10-09 16:49:58.027  4304  4304 D ArtChoreographerMonitor: invoke error.
10-09 16:49:58.201  4304  4304 D ArtChoreographerMonitor: invoke error.
10-09 16:50:00.000  2042  3123 D ActivityManager: checkAllowBackground: uid=1000 pkg=android rec=UidRecord{b77cac0 1000 PER  fgServices change:procadj procs:0 seq(898903,448524)} caps=LCMNFU always=false idle=false
10-09 16:50:00.000  2042  3123 D AlarmManager: mBroadcastRefCount -> 1
10-09 16:50:00.001  2042  2042 D AlarmManager: mBroadcastRefCount -> 0
10-09 16:50:00.001  2042  2042 D AlarmManager: mPendingIntent -> null
10-09 16:50:00.002  4304  4304 D ArtChoreographerMonitor: invoke error.
10-09 16:50:00.188  4304  4304 D ArtChoreographerMonitor: invoke error.
10-09 16:50:01.034  2183  2183 I wificond: station_bandwidth: P
10-09 16:50:01.038  4304  4304 D ArtChoreographerMonitor: invoke error.
10-09 16:50:01.054  2042  3095 I SmartPower: com.google.android.apps.messaging/10165(21061): idle->background(6034ms) R(content provider start ContentProviderRecord{178367 u0 com.google.android.apps.messaging/.shared.datamodel.provider.sharedstorage.SharedStorageProvider}) adj=200.
10-09 16:50:01.216  4304  4304 D ArtChoreographerMonitor: invoke error.
10-09 16:50:02.247  2042  3123 D AlarmManager: mBroadcastRefCount -> 1
10-09 16:50:02.251  2042  2075 D ActivityManager: checkAllowBackground: uid=1000 pkg=android rec=UidRecord{b77cac0 1000 PER  fgServices allowlist change:procadj procs:0 seq(899033,448524)} caps=LCMNFU always=false idle=false
10-09 16:50:02.252  2042  2042 D AlarmManager: mBroadcastRefCount -> 0
10-09 16:50:02.252  2042  2042 D AlarmManager: mPendingIntent -> PendingIntent{659bd1f: PendingIntentRecord{cf286c android broadcastIntent}}
10-09 16:50:04.045  2183  2183 I wificond: station_bandwidth: P
10-09 16:50:04.049  4304  4304 D ArtChoreographerMonitor: invoke error.
10-09 16:50:04.055  2042  3524 I SmartPower: com.google.android.apps.messaging/10165(21061): background->idle(3001ms) R(content provider start ContentProviderRecord{178367 u0 com.google.android.apps.messaging/.shared.datamodel.provider.sharedstorage.SharedStorageProvider}) adj=200.
10-09 16:50:04.231  4304  4304 D ArtChoreographerMonitor: invoke error.
10-09 16:50:07.055  2183  2183 I wificond: station_bandwidth: P
10-09 16:50:07.056  4304  4304 D ArtChoreographerMonitor: invoke error.
10-09 16:50:07.061  2042  2761 W ProcessStats: Tracking association SourceState{ca9557f com.google.android.gms.persistent/10163 Fgs #125219} whose proc state 3 is better than process ProcessState{1ea3a0f com.google.android.gms.unstable/10163 pkg=com.google.android.gms} proc state 14 (56 skipped)
10-09 16:50:07.231  4304  4304 D ArtChoreographerMonitor: invoke error.
10-09 16:50:10.064  2183  2183 I wificond: station_bandwidth: P
10-09 16:50:10.065  4304  4304 D ArtChoreographerMonitor: invoke error.
10-09 16:50:10.237  4304  4304 D ArtChoreographerMonitor: invoke error.
10-09 16:50:12.576  2042  2702 D HeapUsage Monitor: HeapAllocSize : 90MB; monitorSize : 500MB
10-09 16:50:13.074  2183  2183 I wificond: station_bandwidth: P
10-09 16:50:13.076  4304  4304 D ArtChoreographerMonitor: invoke error.
10-09 16:50:13.245  4304  4304 D ArtChoreographerMonitor: invoke error.
10-09 16:50:16.083  2183  2183 I wificond: station_bandwidth: P
10-09 16:50:16.085  4304  4304 D ArtChoreographerMonitor: invoke error.
10-09 16:50:16.253  4304  4304 D ArtChoreographerMonitor: invoke error.
10-09 16:50:19.094  2183  2183 I wificond: station_bandwidth: P
10-09 16:50:22.102  2183  2183 I wificond: station_bandwidth: P
10-09 16:50:22.116  2042  7000 W ProcessStats: Tracking association SourceState{ca9557f com.google.android.gms.persistent/10163 Fgs #125221} whose proc state 3 is better than process ProcessState{1ea3a0f com.google.android.gms.unstable/10163 pkg=com.google.android.gms} proc state 14 (28 skipped)
10-09 16:50:22.117  2042  2074 D ActivityManager: checkAllowBackground: uid=1000 pkg=android rec=UidRecord{b77cac0 1000 PER  fgServices change:procadj procs:0 seq(899132,448524)} caps=LCMNFU always=false idle=false
10-09 16:50:22.117  2042  7000 I SmartPower: com.google.android.apps.messaging/10165(21061): idle->background(18061ms) R(content provider start ContentProviderRecord{178367 u0 com.google.android.apps.messaging/.shared.datamodel.provider.sharedstorage.SharedStorageProvider}) adj=200.
10-09 16:50:22.119  4304  4304 D ArtChoreographerMonitor: invoke error.
10-09 16:50:22.119  2042  2074 D ActivityManager: checkAllowBackground: uid=1000 pkg=android rec=UidRecord{b77cac0 1000 PER  fgServices change:procadj procs:0 seq(899132,448524)} caps=LCMNFU always=false idle=false
10-09 16:50:22.120  2042  3123 D ActivityManager: checkAllowBackground: uid=1000 pkg=com.miui.misightservice rec=UidRecord{b77cac0 1000 PER  fgServices change:procadj procs:0 seq(899132,448524)} caps=LCMNFU always=false idle=false
10-09 16:50:22.120  2042  3123 D ActivityManager: checkAllowBackground: uid=1000 pkg=com.miui.powerkeeper rec=UidRecord{b77cac0 1000 PER  fgServices change:procadj procs:0 seq(899132,448524)} caps=LCMNFU always=false idle=false
10-09 16:50:22.120  2042  3123 D ActivityManager: checkAllowBackground: uid=1000 pkg=android rec=UidRecord{b77cac0 1000 PER  fgServices change:procadj procs:0 seq(899132,448524)} caps=LCMNFU always=false idle=false
10-09 16:50:22.123  2042  3123 D AlarmManager: mBroadcastRefCount -> 1
10-09 16:50:22.124  2042  3123 D AlarmManager: mBroadcastRefCount -> 2
10-09 16:50:22.128  2042  3123 D AlarmManager: mBroadcastRefCount -> 3
10-09 16:50:22.128  2042  3123 D AlarmManager: mBroadcastRefCount -> 4
10-09 16:50:22.132  2042  3123 D AlarmManager: mBroadcastRefCount -> 5
10-09 16:50:22.133  2042  2042 D AlarmManager: mBroadcastRefCount -> 4
10-09 16:50:22.133  2042  2042 D AlarmManager: mPendingIntent -> PendingIntent{e5b2014: PendingIntentRecord{65c281b com.miui.securitycenter startService}}
10-09 16:50:22.133  2042  2042 D AlarmManager: mBroadcastRefCount -> 3
10-09 16:50:22.133  2042  2042 D AlarmManager: mPendingIntent -> PendingIntent{7ba0a5f: PendingIntentRecord{dd98cac com.miui.powerkeeper startService}}
10-09 16:50:22.133  2042  2042 D AlarmManager: mBroadcastRefCount -> 2
10-09 16:50:22.133  2042  2042 D AlarmManager: mPendingIntent -> null
10-09 16:50:22.133  2042  2042 D AlarmManager: mBroadcastRefCount -> 1
10-09 16:50:22.133  2042  2042 D AlarmManager: mPendingIntent -> PendingIntent{6c37920: PendingIntentRecord{109f2fe com.miui.misightservice startService}}
10-09 16:50:22.133  2042  3123 D AlarmManager: mBroadcastRefCount -> 2
10-09 16:50:22.134  2042  2042 D AlarmManager: mBroadcastRefCount -> 1
10-09 16:50:22.134  2042  2042 D AlarmManager: mPendingIntent -> null
10-09 16:50:22.134  2042  2074 D ActivityManager: checkAllowBackground: uid=1000 pkg=android rec=UidRecord{b77cac0 1000 PER  fgServices change:procadj procs:0 seq(899148,448524)} caps=LCMNFU always=false idle=false
10-09 16:50:22.134  2042  2074 D ActivityManager: checkAllowBackground: uid=1000 pkg=android rec=UidRecord{b77cac0 1000 PER  fgServices change:procadj procs:0 seq(899148,448524)} caps=LCMNFU always=false idle=false
10-09 16:50:22.135  2042  7043 D ActivityManager: checkAllowBackground: uid=1000 pkg=com.miui.securitycenter rec=UidRecord{b77cac0 1000 PER  fgServices change:procadj procs:0 seq(899148,448524)} caps=LCMNFU always=false idle=false
10-09 16:50:22.138  2042  2042 D AlarmManager: mBroadcastRefCount -> 0
10-09 16:50:22.138  2042  2042 D AlarmManager: mPendingIntent -> PendingIntent{1f4712f: PendingIntentRecord{8eab33c android broadcastIntent}}
10-09 16:50:22.294  4304  4304 D ArtChoreographerMonitor: invoke error.
10-09 16:50:22.348  2042  2802 I ExtM    : zram userate is low, no need to flush: 49
10-09 16:50:23.918  4304  4304 D ArtChoreographerMonitor: invoke error.
10-09 16:50:24.093  4304  4304 D ArtChoreographerMonitor: invoke error.
10-09 16:50:25.113  2183  2183 I wificond: station_bandwidth: P
10-09 16:50:25.118  2042  3524 I SmartPower: com.google.android.apps.messaging/10165(21061): background->idle(3001ms) R(content provider start ContentProviderRecord{178367 u0 com.google.android.apps.messaging/.shared.datamodel.provider.sharedstorage.SharedStorageProvider}) adj=200.
10-09 16:50:25.121  4304  4304 D ArtChoreographerMonitor: invoke error.
10-09 16:50:25.156  2042  2802 I ExtM    : zram userate is low, no need to flush: 49
10-09 16:50:25.296  4304  4304 D ArtChoreographerMonitor: invoke error.
10-09 16:50:28.124  2183  2183 I wificond: station_bandwidth: P
10-09 16:50:28.126  4304  4304 D ArtChoreographerMonitor: invoke error.
10-09 16:50:28.298  4304  4304 D ArtChoreographerMonitor: invoke error.
10-09 16:50:30.519  2042  7000 I SmartPower: com.google.android.gms/10163(28832): idle->background(33636ms) R(service create com.google.android.gms/.icing.service.AppIndexingService) adj=0.
10-09 16:50:30.524  2042  7000 D ActivityManager: checkAllowBackground: uid=10163 pkg=com.google.android.gms rec=UidRecord{3efeecd u0a163 FGS  change:procadj procs:0 seq(899157,425084)} caps=LCMNFU always=false idle=false
10-09 16:50:30.594  2042  2042 D UiModeManager: updateConfigurationLocked: mDockState=0; mCarMode=false; mCar=false; mPowerSave=false; mOverrideNightModeOn=false; mOverrideNightModeOff=false; mComputedNightMode=false; mNightMode=1; uiMode=17
10-09 16:50:31.090  2042  2787 I SmartPower: com.xiaomi.discover/10121(23492): idle->background(117011ms) R(broadcast start Intent { act=android.intent.action.BATTERY_CHANGED flg=0x60000010 (has extras) }) adj=905.
10-09 16:50:31.090  2042  2787 I SmartPower: com.miui.android.fashiongallery/10228(32611): idle->background(117011ms) R(broadcast start Intent { act=android.intent.action.BATTERY_CHANGED flg=0x60000010 (has extras) }) adj=915.
10-09 16:50:31.090  2042  2787 I SmartPower: com.facebook.appmanager/10138(27658): idle->background(117011ms) R(broadcast start Intent { act=android.intent.action.BATTERY_CHANGED flg=0x60000010 (has extras) }) adj=905.
10-09 16:50:31.090  2042  2787 I SmartPower: com.facebook.katana/10243(13231): idle->background(117012ms) R(broadcast start Intent { act=android.intent.action.BATTERY_CHANGED flg=0x60000010 (has extras) }) adj=905.
10-09 16:50:31.091  2042  2787 I SmartPower: com.google.android.apps.tachyon/10226(15532): idle->background(117012ms) R(broadcast start Intent { act=android.intent.action.BATTERY_CHANGED flg=0x60000010 (has extras) }) adj=965.
10-09 16:50:31.091  2042  2787 I SmartPower: com.microsoft.teams/10266(15546): idle->background(117013ms) R(broadcast start Intent { act=android.intent.action.BATTERY_CHANGED flg=0x60000010 (has extras) }) adj=900.
10-09 16:50:31.092  2042  2787 I SmartPower: com.google.android.apps.magazines/10234(19722): idle->background(117012ms) R(broadcast start Intent { act=android.intent.action.BATTERY_CHANGED flg=0x60000010 (has extras) }) adj=905.
10-09 16:50:31.092  2042  2787 I SmartPower: com.android.chrome/10172(25786): idle->background(117011ms) R(broadcast start Intent { act=android.intent.action.BATTERY_CHANGED flg=0x60000010 (has extras) }) adj=900.
10-09 16:50:31.134  2183  2183 I wificond: station_bandwidth: P
10-09 16:50:31.136  4304  4304 D ArtChoreographerMonitor: invoke error.
10-09 16:50:31.304  4304  4304 D ArtChoreographerMonitor: invoke error.
10-09 16:50:32.250  2042  3123 D AlarmManager: mBroadcastRefCount -> 1
10-09 16:50:32.253  2042  2787 W ProcessStats: Tracking association SourceState{3682bb3 com.miui.analytics/10093 BFgs #125239} whose proc state 4 is better than process ProcessState{6688729 com.miui.securitycenter.remote/1000 pkg=com.miui.securitycenter} proc state 9 (126 skipped)
10-09 16:50:32.253  2042  2075 D ActivityManager: checkAllowBackground: uid=1000 pkg=android rec=UidRecord{b77cac0 1000 PER  fgServices allowlist change:procadj procs:0 seq(899265,448524)} caps=LCMNFU always=false idle=false
10-09 16:50:32.255  2042  2042 D AlarmManager: mBroadcastRefCount -> 0
10-09 16:50:32.255  2042  2042 D AlarmManager: mPendingIntent -> PendingIntent{659bd1f: PendingIntentRecord{cf286c android broadcastIntent}}
10-09 16:50:33.521  2042  3524 I SmartPower: com.google.android.gms/10163(28832): background->idle(3002ms) R(service create com.google.android.gms/.icing.service.AppIndexingService) adj=600.
10-09 16:50:34.090  2042  3524 I SmartPower: com.xiaomi.discover/10121(23492): background->idle(3001ms) R(broadcast start Intent { act=android.intent.action.BATTERY_CHANGED flg=0x60000010 (has extras) }) adj=905.
10-09 16:50:34.090  2042  3524 I SmartPower: com.miui.android.fashiongallery/10228(32611): background->idle(3001ms) R(broadcast start Intent { act=android.intent.action.BATTERY_CHANGED flg=0x60000010 (has extras) }) adj=935.
10-09 16:50:34.091  2042  3524 I SmartPower: com.facebook.appmanager/10138(27658): background->idle(3001ms) R(broadcast start Intent { act=android.intent.action.BATTERY_CHANGED flg=0x60000010 (has extras) }) adj=905.
10-09 16:50:34.091  2042  3524 I SmartPower: com.facebook.katana/10243(13231): background->idle(3000ms) R(broadcast start Intent { act=android.intent.action.BATTERY_CHANGED flg=0x60000010 (has extras) }) adj=905.
10-09 16:50:34.091  2042  3524 I SmartPower: com.google.android.apps.tachyon/10226(15532): background->idle(3000ms) R(broadcast start Intent { act=android.intent.action.BATTERY_CHANGED flg=0x60000010 (has extras) }) adj=965.
10-09 16:50:34.092  2042  3524 I SmartPower: com.microsoft.teams/10266(15546): background->idle(3001ms) R(broadcast start Intent { act=android.intent.action.BATTERY_CHANGED flg=0x60000010 (has extras) }) adj=900.
10-09 16:50:34.092  2042  3524 I SmartPower: com.google.android.apps.magazines/10234(19722): background->idle(3001ms) R(broadcast start Intent { act=android.intent.action.BATTERY_CHANGED flg=0x60000010 (has extras) }) adj=905.
10-09 16:50:34.092  2042  3524 I SmartPower: com.android.chrome/10172(25786): background->idle(3001ms) R(broadcast start Intent { act=android.intent.action.BATTERY_CHANGED flg=0x60000010 (has extras) }) adj=900.
10-09 16:50:34.145  2183  2183 I wificond: station_bandwidth: P
10-09 16:50:37.154  2183  2183 I wificond: station_bandwidth: P
10-09 16:50:37.156  4304  4304 D ArtChoreographerMonitor: invoke error.
10-09 16:50:37.329  4304  4304 D ArtChoreographerMonitor: invoke error.
10-09 16:50:38.897  2042  7000 I SmartPower: com.google.process.gservices/10163(20972): idle->background(56914ms) R(content provider start ContentProviderRecord{964db15 u0 com.google.android.gsf/.gservices.GservicesProvider}) adj=915.
10-09 16:50:40.165  2183  2183 I wificond: station_bandwidth: P
10-09 16:50:40.166  4304  4304 D ArtChoreographerMonitor: invoke error.
10-09 16:50:40.336  4304  4304 D ArtChoreographerMonitor: invoke error.
10-09 16:50:41.898  2042  3524 I SmartPower: com.google.process.gservices/10163(20972): background->idle(3001ms) R(content provider start ContentProviderRecord{964db15 u0 com.google.android.gsf/.gservices.GservicesProvider}) adj=915.
10-09 16:50:42.256  2042  3110 W ProcessStats: Tracking association SourceState{3682bb3 com.miui.analytics/10093 BFgs #125243} whose proc state 4 is better than process ProcessState{6688729 com.miui.securitycenter.remote/1000 pkg=com.miui.securitycenter} proc state 9 (32 skipped)
10-09 16:50:42.577  2042  2702 D HeapUsage Monitor: HeapAllocSize : 98MB; monitorSize : 500MB
10-09 16:50:43.175  2183  2183 I wificond: station_bandwidth: P
10-09 16:50:43.177  4304  4304 D ArtChoreographerMonitor: invoke error.
10-09 16:50:43.351  4304  4304 D ArtChoreographerMonitor: invoke error.
10-09 16:50:44.003  2042  7000 I SmartPower: com.google.android.gms.unstable/10163(11300): idle->background(62019ms) R(service unbind com.google.android.gms/.droidguard.DroidGuardService) adj=800.
10-09 16:50:45.581  2042  7043 I SmartPower: com.google.android.gms/10163(28832): idle->background(12060ms) R(service unbind com.google.android.gms/.icing.service.AppIndexingService) adj=600.
10-09 16:50:46.185  2183  2183 I wificond: station_bandwidth: P
10-09 16:50:46.187  4304  4304 D ArtChoreographerMonitor: invoke error.
10-09 16:50:46.357  4304  4304 D ArtChoreographerMonitor: invoke error.
10-09 16:50:48.582  2042  3524 I SmartPower: com.google.android.gms.unstable/10163(11300): background->idle(4579ms) R(service unbind com.google.android.gms/.icing.service.AppIndexingService) adj=800.
10-09 16:50:48.582  2042  3524 I SmartPower: com.google.android.gms/10163(28832): background->idle(3001ms) R(service unbind com.google.android.gms/.icing.service.AppIndexingService) adj=600.
10-09 16:50:49.195  2183  2183 I wificond: station_bandwidth: P
10-09 16:50:49.197  4304  4304 D ArtChoreographerMonitor: invoke error.
10-09 16:50:49.366  4304  4304 D ArtChoreographerMonitor: invoke error.
10-09 16:50:52.206  2183  2183 I wificond: station_bandwidth: P
10-09 16:50:53.963  2042  7043 W ProcessStats: Tracking association SourceState{d7e2e86 com.google.android.gms.persistent/10163 Fgs #125251} whose proc state 3 is better than process ProcessState{77bc03 com.google.android.gms/10163 pkg=com.google.android.gms} proc state 4 (42 skipped)
10-09 16:50:55.217  2183  2183 I wificond: station_bandwidth: P
10-09 16:50:55.219  4304  4304 D ArtChoreographerMonitor: invoke error.
10-09 16:50:55.388  4304  4304 D ArtChoreographerMonitor: invoke error.
10-09 16:50:58.228  2183  2183 I wificond: station_bandwidth: P
10-09 16:51:00.000  2042  3123 D ActivityManager: checkAllowBackground: uid=1000 pkg=android rec=UidRecord{b77cac0 1000 PER  fgServices change:procadj procs:0 seq(899365,448524)} caps=LCMNFU always=false idle=false
10-09 16:51:00.000  2042  3123 D AlarmManager: mBroadcastRefCount -> 1
10-09 16:51:00.001  2042  2042 D AlarmManager: mBroadcastRefCount -> 0
10-09 16:51:00.001  2042  2042 D AlarmManager: mPendingIntent -> null
10-09 16:51:00.002  4304  4304 D ArtChoreographerMonitor: invoke error.
10-09 16:51:00.190  4304  4304 D ArtChoreographerMonitor: invoke error.
10-09 16:51:01.023  2042  3123 D AlarmManager: mBroadcastRefCount -> 1
10-09 16:51:01.027  2042  2042 I ExtM    : mark duration up to 2m , try to mark.
10-09 16:51:01.027  2042  2042 D MFZ     : Start Mark
10-09 16:51:01.027  2042  3997 D ExtM    : Start marking ...
10-09 16:51:01.027  2042  3997 W ExtM    : Mark thread start 
10-09 16:51:01.028   674  4003 D vold    : mark task started
10-09 16:51:01.032  4004  4004 D vold    :  mark Pid = 4004
10-09 16:51:01.032  4004  4004 D vold    : set cpu affinity policy success
10-09 16:51:01.070  2042  2042 D MFZ     : Mark Finshed ! idle_stats: 1027 3240 687 39 396 720 2 146 3222 5564
10-09 16:51:01.070  2042  2042 D ActivityManager: checkAllowBackground: uid=1000 pkg=android rec=UidRecord{b77cac0 1000 PER  fgServices allowlist change:procadj procs:0 seq(899475,448524)} caps=LCMNFU always=false idle=false
10-09 16:51:01.071  2042  2042 D AlarmManager: mBroadcastRefCount -> 0
10-09 16:51:01.071  2042  2042 D AlarmManager: mPendingIntent -> PendingIntent{b00c3ef: PendingIntentRecord{c46edf android broadcastIntent}}
10-09 16:51:01.121  4004  4004 D vold    :  success write all > /sys/block/zram0/idle
10-09 16:51:01.238  2183  2183 I wificond: station_bandwidth: P
10-09 16:51:01.531   674  4003 D vold    : mark process has been finished in normal with status: 0
10-09 16:51:01.531   674  4003 D vold    :  listener->onFinished 
10-09 16:51:01.531  2042  7043 W ExtM    : Mark finished with status: 0
10-09 16:51:02.253  2042  3123 D AlarmManager: mBroadcastRefCount -> 1
10-09 16:51:02.254  2042  2075 D ActivityManager: checkAllowBackground: uid=1000 pkg=android rec=UidRecord{b77cac0 1000 PER  fgServices allowlist change:procadj procs:0 seq(899475,448524)} caps=LCMNFU always=false idle=false
10-09 16:51:02.254  2042  2042 D AlarmManager: mBroadcastRefCount -> 0
10-09 16:51:02.254  2042  2042 D AlarmManager: mPendingIntent -> PendingIntent{659bd1f: PendingIntentRecord{cf286c android broadcastIntent}}
10-09 16:51:04.245  2183  2183 I wificond: station_bandwidth: P
10-09 16:51:07.256  2183  2183 I wificond: station_bandwidth: P
10-09 16:51:07.258  4304  4304 D ArtChoreographerMonitor: invoke error.
10-09 16:51:07.432  4304  4304 D ArtChoreographerMonitor: invoke error.
10-09 16:51:07.745  2042  7000 W ProcessStats: Tracking association SourceState{d7e2e86 com.google.android.gms.persistent/10163 Fgs #125253} whose proc state 3 is better than process ProcessState{77bc03 com.google.android.gms/10163 pkg=com.google.android.gms} proc state 4 (26 skipped)
10-09 16:51:10.088  2042  2802 I ExtM    : zram userate is low, no need to flush: 49
10-09 16:51:10.266  2183  2183 I wificond: station_bandwidth: P
10-09 16:51:10.268  4304  4304 D ArtChoreographerMonitor: invoke error.
10-09 16:51:10.441  4304  4304 D ArtChoreographerMonitor: invoke error.
10-09 16:51:12.576  2042  2702 D HeapUsage Monitor: HeapAllocSize : 101MB; monitorSize : 500MB
10-09 16:51:12.584  2042  2802 I ExtM    : zram userate is low, no need to flush: 49
10-09 16:51:13.277  2183  2183 I wificond: station_bandwidth: P
10-09 16:51:15.683  2042  7000 I SmartPower: com.google.android.gms/10163(28832): idle->background(27101ms) R(service unbind com.google.android.gms/.wallet.service.PaymentService) adj=600.
10-09 16:51:16.286  2183  2183 I wificond: station_bandwidth: P
10-09 16:51:16.287  4304  4304 D ArtChoreographerMonitor: invoke error.
10-09 16:51:16.456  4304  4304 D ArtChoreographerMonitor: invoke error.
10-09 16:51:18.685  2042  3524 I SmartPower: com.google.android.gms/10163(28832): background->idle(3002ms) R(service unbind com.google.android.gms/.wallet.service.PaymentService) adj=600.
10-09 16:51:18.801  4304  4304 I MiuiChargeManager: notifyBatteryStatusChanged:  status: 5 isPlugged: 1 level: 100 wireState: 11 chargeSpeed: 1 mChargeType: 1 chargeDeviceType: 1 maxChargingWattage: 33 isCarCharge: -1 SUPPORT_BROADCAST_QUICK_CHARGE: true
10-09 16:51:18.804  2042  2042 D UiModeManager: updateConfigurationLocked: mDockState=0; mCarMode=false; mCar=false; mPowerSave=false; mOverrideNightModeOn=false; mOverrideNightModeOff=false; mComputedNightMode=false; mNightMode=1; uiMode=17
10-09 16:51:18.824  2042  2802 I ExtM    : zram userate is low, no need to flush: 49
10-09 16:51:19.296  2183  2183 I wificond: station_bandwidth: P
10-09 16:51:19.299  2042  2787 I SmartPower: com.xiaomi.discover/10121(23492): idle->background(45209ms) R(broadcast start Intent { act=android.intent.action.BATTERY_CHANGED flg=0x60000010 (has extras) }) adj=905.
10-09 16:51:19.300  2042  2787 I SmartPower: com.miui.android.fashiongallery/10228(32611): idle->background(45209ms) R(broadcast start Intent { act=android.intent.action.BATTERY_CHANGED flg=0x60000010 (has extras) }) adj=915.
10-09 16:51:19.300  2042  2787 I SmartPower: com.facebook.appmanager/10138(27658): idle->background(45210ms) R(broadcast start Intent { act=android.intent.action.BATTERY_CHANGED flg=0x60000010 (has extras) }) adj=905.
10-09 16:51:19.300  2042  2787 I SmartPower: com.facebook.katana/10243(13231): idle->background(45210ms) R(broadcast start Intent { act=android.intent.action.BATTERY_CHANGED flg=0x60000010 (has extras) }) adj=905.
10-09 16:51:19.301  2042  2787 I SmartPower: com.google.android.apps.tachyon/10226(15532): idle->background(45210ms) R(broadcast start Intent { act=android.intent.action.BATTERY_CHANGED flg=0x60000010 (has extras) }) adj=965.
10-09 16:51:19.301  2042  2787 I SmartPower: com.microsoft.teams/10266(15546): idle->background(45209ms) R(broadcast start Intent { act=android.intent.action.BATTERY_CHANGED flg=0x60000010 (has extras) }) adj=900.
10-09 16:51:19.302  2042  2787 I SmartPower: com.google.android.apps.magazines/10234(19722): idle->background(45209ms) R(broadcast start Intent { act=android.intent.action.BATTERY_CHANGED flg=0x60000010 (has extras) }) adj=905.
10-09 16:51:19.302  2042  2787 I SmartPower: com.android.chrome/10172(25786): idle->background(45210ms) R(broadcast start Intent { act=android.intent.action.BATTERY_CHANGED flg=0x60000010 (has extras) }) adj=900.
