10-13 11:45:28.538  1902 22715 D WindowManager: Set transition=TransitionRecord{db98656 id=1625 type=OPEN flags=0x0}, ready=true, SyncId=1625 
10-13 11:45:28.543  1902 22715 D CompatibilityChangeReporter: Compat change id reported: 170503758; UID 10390; state: ENABLED
10-13 11:45:28.543  1902  1939 I BLASTSyncEngine: SyncGroup 1625:  Unfinished container:Task{dec8618 #742 type=standard A=10390:eu.europa.ec.euidi}
10-13 11:45:28.543  1902  1939 I BLASTSyncEngine: isActivitySyncFinished isSyncFinished false Task{dec8618 #742 type=standard A=10390:eu.europa.ec.euidi}
10-13 11:45:28.544  1902  1936 E MBrainLocalService: MBrainJava launch failed: SecurityException
10-13 11:45:28.544  1902  2600 D isUidValid: uid = 10390
10-13 11:45:28.545  1902  1936 D Aurogon :  uid = 10390 switch to FG
10-13 11:45:28.545  2983  3075 D MiuiFullScreenTaskRepository: removeFocusedTask displayId=0
10-13 11:45:28.545  2983  3075 D MiuiFullScreenTaskRepository: addOrUpdateFullScreenTaskInfo taskId=1, topActivity=ComponentInfo{com.miui.home/com.miui.home.launcher.Launcher}
10-13 11:45:28.545  1902  2682 W WindowManager: finishDrawingWindow: Window{1d54aad u0 Splash Screen eu.europa.ec.euidi} mDrawState=DRAW_PENDING
10-13 11:45:28.546  1902  1939 D WindowManager: Set transition=TransitionRecord{db98656 id=1625 type=OPEN flags=0x0}, ready=true, SyncId=1625 
10-13 11:45:28.550  1902  1939 I SmartPower: eu.europa.ec.euidi/10390(6859): invisible->visible(18ms) R(become visible) adj=0.
10-13 11:45:28.550  1902  1939 W WindowManager: real show surface:Surface(name=Splash Screen eu.europa.ec.euidi#27461)/@0xb56f3eb
10-13 11:45:28.551  1902  1939 D WindowManager: Final targets: [Task{dec8618 #742 type=standard A=10390:eu.europa.ec.euidi}, Task{57070cf #1 type=home}]
10-13 11:45:28.555  1902  1939 D WindowManager: Calling onTransitionReady info={id=1625 t=OPEN f=0x0 trk=0 r=[0@Point(0, 0)] c=[{WCT{RemoteToken{2a74a19 Task{dec8618 #742 type=standard A=10390:eu.europa.ec.euidi}}} m=OPEN f=NONE leash=Surface(name=Task=742#27458)/@0x11c5792 sb=Rect(0, 0 - 1080, 2400) eb=Rect(0, 0 - 1080, 2400) d=0},{WCT{RemoteToken{1c71a03 Task{57070cf #1 type=home}}} m=TO_BACK f=SHOW_WALLPAPER leash=Surface(name=Task=1#44)/@0xf3df733 sb=Rect(0, 0 - 1080, 2400) eb=Rect(0, 0 - 1080, 2400) d=0}] noAni=[false] df=[false] mk=[true] nc=[0] oa=[false]}, mToken=Token{2245ade TransitionRecord{db98656 id=1625 type=OPEN flags=0x0}}
10-13 11:45:28.557  1902  1939 I BLASTSyncEngine: finishNow: after onTransactionReady, mSyncId=1625
10-13 11:45:28.560  2983  3075 D MiuiFreeformAnimation: startAnimation change: {WCT{android.window.IWindowContainerToken$Stub$Proxy@839261f} m=OPEN f=NONE leash=Surface(name=Task=742#27458)/@0x3722d40 sb=Rect(0, 0 - 1080, 2400) eb=Rect(0, 0 - 1080, 2400) d=0} info.getType(): 1
10-13 11:45:28.560  2983  3075 I MiuiFreeformAnimation: isLaunchWidgetPicker=false,taskInfo.getWindowingMode()=1, taskInfo.getActivityType()=1
10-13 11:45:28.560  2983  3075 D MiuiFreeformAnimation: startAnimation change: {WCT{android.window.IWindowContainerToken$Stub$Proxy@4ecdd6c} m=TO_BACK f=SHOW_WALLPAPER leash=Surface(name=Task=1#44)/@0xe6f479 sb=Rect(0, 0 - 1080, 2400) eb=Rect(0, 0 - 1080, 2400) d=0} info.getType(): 1
10-13 11:45:28.560  2983  3075 W MiuiTaskTransitionHandler: Receive an unknown transition, token=android.os.BinderProxy@aff3709, type=1
10-13 11:45:28.560  2983  3075 D TransitionAnimationHelper:  load default animation  type = 1 enter = false animAttr = 19 isTask = true translucent = false
10-13 11:45:28.561  2983  3075 D TransitionAnimationHelper:  load default animation  type = 1 enter = true animAttr = 18 isTask = true translucent = false
10-13 11:45:28.561  2983  3092 D ShellTransitions: speed ui!!!!!!!!!!!
10-13 11:45:28.562  2983  3075 D MiuiFullScreenTaskRepository: setFocusedTask taskId=742, displayId=0, topActivity=ComponentInfo{eu.europa.ec.euidi/eu.europa.ec.assemblylogic.ui.MainActivity}
10-13 11:45:28.562  2983  3075 D MiuiFullScreenTaskRepository: addOrUpdateFullScreenTaskInfo taskId=742, topActivity=ComponentInfo{eu.europa.ec.euidi/eu.europa.ec.assemblylogic.ui.MainActivity}
10-13 11:45:28.563  2983  2983 E onWindowDecorRectChanged: start size:1
10-13 11:45:28.563  2983  2983 E onWindowDecorRectChanged: windowDecorRects: Rect(454, 12 - 625, 123)
10-13 11:45:28.563  2983  3075 D SoScUtils: monitorTransitionFinished transition:android.os.BinderProxy@aff3709 transaction: android.view.SurfaceControl$Transaction@8922e96 mRequestCloseTransition:null mRequestOpenTransition:null mPairsOpenTransition:null mPairsOpenTransitionNull:null mRequestOpenTriggerTask:-1 mRequestCloseTriggerTask:-1 mOrientationTransition: null mMainStartingTask:-1 mSideStartingTask:-1
10-13 11:45:28.570  2983  3075 D MiuiFullScreenTaskRepository: addOrUpdateFullScreenTaskInfo taskId=1, topActivity=ComponentInfo{com.miui.home/com.miui.home.launcher.Launcher}
10-13 11:45:28.572  6859  6859 D ActivityThread: useGrowthLimitOutExpendMethod invoke error.
10-13 11:45:28.574  1902 10935 I SmartPower: com.mi.globalminusscreen/10076(31794): visible->invisible(9720ms) R(become invisible) adj=100.
10-13 11:45:28.575  1902 10935 I SmartPower: com.mi.globalminusscreen/10076(31794): invisible->background(1ms) R(become background) adj=100.
10-13 11:45:28.575  1902 10935 I SmartPower: com.miui.home/10085(3001): visible->invisible(9620ms) R(become invisible) adj=100.
10-13 11:45:28.575  1902 10935 I SmartPower: com.miui.home/10085(3001): invisible->background(0ms) R(become background) adj=100.
10-13 11:45:28.575  1902  2620 I SmartPower: com.google.android.adservices.api/10307(31554): idle->background(6717ms) R(add to whitelist) adj=100.
10-13 11:45:28.575  1902  2620 I SmartPower: com.google.android.webview:sandboxed_process0:org.chromium.content.app.SandboxedPridle->background(6719ms) R(add to whitelist) adj=100.
10-13 11:45:28.578  1902 10935 I WindowManager: cancelAnimation removed leash : Surface(name=Surface(name=81266ae StatusBar#86)/@0xb48dfdc - animation-leash of insets_animation#27450)/@0xc21845a
10-13 11:45:28.581  1902 10935 I WindowManager: cancelAnimation removed leash : Surface(name=Surface(name=db27a2 NavigationBar0#82)/@0xc1acbf0 - animation-leash of insets_animation#27451)/@0xc2d8368
10-13 11:45:28.585  1902  1902 D MBrainLocalService: isVendorFreezeConditionPass is false
10-13 11:45:28.585  1902  1902 E MBrainLocalService: notifyAppSwitch failed
10-13 11:45:28.586  1902  2620 I SmartPower: com.google.android.documentsui/10068(25415): background->idle(3003ms) R(broadcast start Intent { act=android.intent.action.PACKAGE_DATA_CLEARED dat=package: flg=0x5000010 (has extras) }) adj=915.
10-13 11:45:28.586  1902  2620 I SmartPower: com.android.chrome/10190(30757): background->idle(3002ms) R(broadcast start Intent { act=android.intent.action.PACKAGE_DATA_CLEARED dat=package: flg=0x5000010 (has extras) }) adj=915.
10-13 11:45:28.592  6859  6859 D MbrainDebugManagerImpl: getService failed
10-13 11:45:28.595  1902 22704 I SmartPower: com.google.android.googlequicksearchbox:googleapp/10188(19209): visible->invisible(9738ms) R(become invisible) adj=100.
10-13 11:45:28.596  1902 22704 I SmartPower: com.google.android.googlequicksearchbox:search/10188(19180): invisible->background(9738ms) R(become background) adj=800.
10-13 11:45:28.596  1902 22704 I SmartPower: com.google.android.googlequicksearchbox:googleapp/10188(19209): invisible->background(0ms) R(become background) adj=100.
10-13 11:45:28.596  1902 22704 I SmartPower: com.google.android.googlequicksearchbox:interactor/10188(22350): invisible->background(9738ms) R(become background) adj=100.
10-13 11:45:28.596  1902  2620 I SmartPower: com.google.android.webview:sandboxed_process0:org.chromium.content.app.SandboxedPridle->background(6737ms) R(add to whitelist) adj=800.
10-13 11:45:28.598  1902 10935 I ActivityManager: Flag disabled. Ignoring finishAttachApplication from uid: 10390. pid: 6859
10-13 11:45:28.600  1902  2620 I SmartPower: com.android.vending:background/10184(18309): background->idle(3000ms) R(broadcast start Intent { act=android.intent.action.PACKAGE_DATA_CLEARED dat=package: flg=0x5000010 (has extras) }) adj=905.
10-13 11:45:28.608  1902  2620 I SmartPower: com.google.android.permissioncontroller/10221(15681): background->idle(3000ms) R(broadcast start Intent { act=android.intent.action.PACKAGE_DATA_CLEARED dat=package: flg=0x5000010 (has extras) }) adj=905.
10-13 11:45:28.614  1902  2620 I SmartPower: com.xiaomi.aicr:searchDataService/10329(25443): background->idle(3001ms) R(broadcast start Intent { act=android.intent.action.PACKAGE_DATA_CLEARED dat=package: flg=0x5000010 (has extras) }) adj=905.
10-13 11:45:28.627  1902  3984 D CompatibilityChangeReporter: Compat change id reported: 253665015; UID 10390; state: ENABLED
10-13 11:45:28.627  1902  3984 D CompatibilityChangeReporter: Compat change id reported: 194532703; UID 10390; state: ENABLED
10-13 11:45:28.631  1902  1936 E MBrainLocalService: MBrainJava launch failed: SecurityException
10-13 11:45:28.633  6859  6859 D FramePredict: FramePredict init: false
10-13 11:45:28.633  6859  6859 D FramePredict: init success
10-13 11:45:28.634  1902  3984 W ActivityManager: Permission Denial: getCurrentUser() from pid=6859, uid=10390 requires android.permission.INTERACT_ACROSS_USERS
10-13 11:45:28.635  6859  6887 E FramePredict: registerContentObserver fail
10-13 11:45:28.637  1902  1902 D MBrainLocalService: isVendorFreezeConditionPass is false
10-13 11:45:28.637  1902  1902 E MBrainLocalService: notifyAppSwitch failed
10-13 11:45:28.646  2983  3742 D MiuiFreeformModeObserver: activityResumed() intent： Intent { cmp=eu.europa.ec.euidi/eu.europa.ec.assemblylogic.ui.MainActivity (has extras) }
10-13 11:45:28.648  2983  3075 D MiuiFullScreenTaskRepository: setFocusedTask taskId=742, displayId=0, topActivity=ComponentInfo{eu.europa.ec.euidi/eu.europa.ec.assemblylogic.ui.MainActivity}
10-13 11:45:28.648  2983  3075 D MiuiFullScreenTaskRepository: addOrUpdateFullScreenTaskInfo taskId=742, topActivity=ComponentInfo{eu.europa.ec.euidi/eu.europa.ec.assemblylogic.ui.MainActivity}
10-13 11:45:28.649  2983  3075 D MiuiDesktopModeController: onFocusTaskChanged newFocus: TaskInfo{userId=0 taskId=742 displayId=0 isRunning=true baseIntent=Intent { act=android.intent.action.MAIN cat=[android.intent.category.LAUNCHER] flg=0x10200000 cmp=eu.europa.ec.euidi/eu.europa.ec.assemblylogic.ui.MainActivity } baseActivity=ComponentInfo{eu.europa.ec.euidi/eu.europa.ec.assemblylogic.ui.MainActivity} topActivity=ComponentInfo{eu.europa.ec.euidi/eu.europa.ec.assemblylogic.ui.MainActivity} origActivity=null realActivity=ComponentInfo{eu.europa.ec.euidi/eu.europa.ec.assemblylogic.ui.MainActivity} numActivities=1 lastActiveTime=1156199221 supportsSplitScreenMultiWindow=true supportsMultiWindow=true resizeMode=1 isResizeable=true minWidth=-1 minHeight=-1 defaultMinSize=200 token=WCT{android.window.IWindowContainerToken$Stub$Proxy@10b6670} topActivityType=1 pictureInPictureParams=null shouldDockBigOverlays=false launchIntoPipHostTaskId=-1 lastParentTaskIdBeforePip=-1 displayCutoutSafeInsets=Rect(0, 94 - 0, 0) topActivityInfo=ActivityInfo{5b0ede9 eu.europa.ec.assemblylogic.ui.MainActivity} launchCookies=[] positionInParent=Point(0, 0) parentTaskId=-1 isFocused=true isVisible=true isVisibleRequested=true isSleeping=false topActivityInSizeCompat=false topActivityEligibleForLetterboxEducation= false topActivityLetterboxed= false isFromDoubleTap= false topActivityLetterboxVerticalPosition= -1 topActivityLetterboxHorizontalPosition= -1 topActivityLetterboxWidth=-1 topActivityLetterboxHeight=-1 locusId=null displayAreaFeatureId=1 cameraCompatControlState=hidden mIsCastMode=false mTopActivityMediaSize=null mTopActivityRecordName=ActivityRecord{13895fb u0 eu.europa.ec.euidi/eu.europa.ec.assemblylogic.ui.MainActivity t742} mTopActivityOrientation=1 mTopActivityWindowIsNowVisible=false isTranslucent=false isEmbedded=false shouldBeVisible=true isImmersive=false mBehindAppLockPkg=null mOriginatingUid=0}
10-13 11:45:28.649  2983  3075 D MiuiFreeformModeController: onFocusTaskChanged taskInfo: TaskInfo{userId=0 taskId=742 displayId=0 isRunning=true baseIntent=Intent { act=android.intent.action.MAIN cat=[android.intent.category.LAUNCHER] flg=0x10200000 cmp=eu.europa.ec.euidi/eu.europa.ec.assemblylogic.ui.MainActivity } baseActivity=ComponentInfo{eu.europa.ec.euidi/eu.europa.ec.assemblylogic.ui.MainActivity} topActivity=ComponentInfo{eu.europa.ec.euidi/eu.europa.ec.assemblylogic.ui.MainActivity} origActivity=null realActivity=ComponentInfo{eu.europa.ec.euidi/eu.europa.ec.assemblylogic.ui.MainActivity} numActivities=1 lastActiveTime=1156199221 supportsSplitScreenMultiWindow=true supportsMultiWindow=true resizeMode=1 isResizeable=true minWidth=-1 minHeight=-1 defaultMinSize=200 token=WCT{android.window.IWindowContainerToken$Stub$Proxy@10b6670} topActivityType=1 pictureInPictureParams=null shouldDockBigOverlays=false launchIntoPipHostTaskId=-1 lastParentTaskIdBeforePip=-1 displayCutoutSafeInsets=Rect(0, 94 - 0, 0) topActivityInfo=ActivityInfo{5b0ede9 eu.europa.ec.assemblylogic.ui.MainActivity} launchCookies=[] positionInParent=Point(0, 0) parentTaskId=-1 isFocused=true isVisible=true isVisibleRequested=true isSleeping=false topActivityInSizeCompat=false topActivityEligibleForLetterboxEducation= false topActivityLetterboxed= false isFromDoubleTap= false topActivityLetterboxVerticalPosition= -1 topActivityLetterboxHorizontalPosition= -1 topActivityLetterboxWidth=-1 topActivityLetterboxHeight=-1 locusId=null displayAreaFeatureId=1 cameraCompatControlState=hidden mIsCastMode=false mTopActivityMediaSize=null mTopActivityRecordName=ActivityRecord{13895fb u0 eu.europa.ec.euidi/eu.europa.ec.assemblylogic.ui.MainActivity t742} mTopActivityOrientation=1 mTopActivityWindowIsNowVisible=false isTranslucent=false isEmbedded=false shouldBeVisible=true isImmersive=false mBehindAppLockPkg=null mOriginatingUid=0}
10-13 11:45:28.688  1902  2697 D CoreBackPreview: Window{8aaa66 u0 eu.europa.ec.euidi/eu.europa.ec.assemblylogic.ui.MainActivity}: Setting back callback OnBackInvokedCallbackInfo{mCallback=android.window.IOnBackInvokedCallback$Stub$Proxy@7fd4e9f, mPriority=0, mIsAnimationCallback=false}
10-13 11:45:28.694  1902  2697 W WindowManager: Changing focus from null to Window{8aaa66 u0 eu.europa.ec.euidi/eu.europa.ec.assemblylogic.ui.MainActivity} displayId=0 Callers=com.android.server.wm.RootWindowContainer.updateFocusedWindowLocked:557 com.android.server.wm.WindowManagerService.updateFocusedWindowLocked:6962 com.android.server.wm.WindowManagerService.relayoutWindow:2951 com.android.server.wm.Session.relayout:266 
10-13 11:45:28.694  1902  2697 I WindowManager: cancelAnimation removed leash : Surface(name=Surface(name=81266ae StatusBar#86)/@0xb48dfdc - animation-leash of insets_animation#27464)/@0x324f078
10-13 11:45:28.695  1902  2697 I WindowManager: cancelAnimation removed leash : Surface(name=Surface(name=db27a2 NavigationBar0#82)/@0xc1acbf0 - animation-leash of insets_animation#27465)/@0x29ae7b6
10-13 11:45:28.696  1902  2697 D WindowManager: wms.Input focus has changed to Window{8aaa66 u0 eu.europa.ec.euidi/eu.europa.ec.assemblylogic.ui.MainActivity} display=0 updateInputWindows = true
10-13 11:45:28.696  1902  2697 I MultiSenceManagerInternalStub: getInstance
10-13 11:45:28.696  1902  2697 I WindowManager: Relayout Window{8aaa66 u0 eu.europa.ec.euidi/eu.europa.ec.assemblylogic.ui.MainActivity}: oldVis=4 newVis=0 focusMayChange = true requestedWidth = 1080 requestedHeight = 2400 outFrames = ClientWindowFrames{frame=[0,0][1080,2400] display=[0,0][1080,2400] parentFrame=[0,0][0,0]} outSurfaceControl = Surface(name=eu.europa.ec.euidi/eu.europa.ec.assemblylogic.ui.MainActivity#27467)/@0xc847297
10-13 11:45:28.730  1902  2697 W WindowManager: finishDrawingWindow: Window{8aaa66 u0 eu.europa.ec.euidi/eu.europa.ec.assemblylogic.ui.MainActivity} mDrawState=DRAW_PENDING
10-13 11:45:28.730  1902  2697 D WindowManager: wms.finishDrawingLocked: mDrawState=COMMIT_DRAW_PENDING Window{8aaa66 u0 eu.europa.ec.euidi/eu.europa.ec.assemblylogic.ui.MainActivity} in Surface(name=eu.europa.ec.euidi/eu.europa.ec.assemblylogic.ui.MainActivity#27467)/@0x67c824a
10-13 11:45:28.732  1902  1939 D TaskSnapshot_Helper: shouldDelay()... Not launched by home, no delay needed.
10-13 11:45:28.734  1556  1556 I wificond: station_bandwidth: 
10-13 11:45:28.736  1902  1939 W WindowManager: real show surface:Surface(name=eu.europa.ec.euidi/eu.europa.ec.assemblylogic.ui.MainActivity#27467)/@0x67c824a
10-13 11:45:28.749  1902  3984 D CompatibilityChangeReporter: Compat change id reported: 214016041; UID 10390; state: ENABLED
10-13 11:45:28.757  1902 10935 D CoreBackPreview: Window{1d54aad u0 Splash Screen eu.europa.ec.euidi}: Setting back callback null
10-13 11:45:28.757  1902 22715 W PackageConfigPersister: App-specific configuration not found for packageName: eu.europa.ec.euidi and userId: 0
10-13 11:45:28.758  1902  2697 I WindowManager: cancelAnimation removed leash : Surface(name=Surface(name=6a76de5 InputMethod#123)/@0xf2bd99 - animation-leash of insets_animation#27456)/@0x11b3e62
10-13 11:45:28.761  6855  6855 W BpBinder: Slow Binder: BpBinder transact took 572 ms, interface=android.app.IActivityManager, code=1598246212 oneway=false
10-13 11:45:28.764  1902 23266 D WindowManager: setParent old=ActivityRecord{13895fb u0 eu.europa.ec.euidi/eu.europa.ec.assemblylogic.ui.MainActivity t742},new=null,this window=Window{1d54aad u0 Splash Screen eu.europa.ec.euidi},callers=com.android.server.wm.WindowContainer.removeChild:840 com.android.server.wm.ActivityRecord.removeChild:5227 com.android.server.wm.ActivityRecord.removeChild:470 com.android.server.wm.WindowContainer.removeImmediately:898 com.android.server.wm.WindowState.removeImmediately:2538 com.android.server.wm.WindowState.removeIfPossible:2719 
10-13 11:45:28.765  2983  3075 D SoScSplitScreenController: updateDividerFixedState isFixed:false
10-13 11:45:28.777  1902  1936 D Aurogon :  uid = 10085 switch to BG
10-13 11:45:28.777  1902  2600 D isUidValid: uid = 10085
10-13 11:45:28.828  1902  2620 I SmartPower: com.google.android.videos/10312(19398): background->idle(3000ms) R(broadcast start Intent { act=android.intent.action.PACKAGE_RESTARTED dat=package: flg=0x10 (has extras) }) adj=905.
10-13 11:45:28.868  1902  3984 I PowerManagerServiceImpl: Release wakelock: SCREEN_DIM_WAKE_LOCK           'UiAutomator2:ScreenKeeper' DISABLED ACQ=-1s175ms (uid=10378 pid=6824 pkg=io.appium.uiautomator2.server)
10-13 11:45:28.955  1902  3984 I ActivityManager: Force stopping eu.europa.ec.euidi appid=10390 user=0: from process:6931
10-13 11:45:28.955  1902  3984 E ActivityManager: Unable to freeze binder for 6859: java.lang.RuntimeException: Unable to freeze/unfreeze binder
10-13 11:45:28.955  1902  2611 E ProcessManager: error write exception log
10-13 11:45:28.956  1902  3984 I ActivityManager: Killing 6859:eu.europa.ec.euidi/u0a390 (adj 0): stop eu.europa.ec.euidi due to from process:6931
10-13 11:45:28.957  1902  1936 D DisplayManagerService: Drop pending events for gone uid 10390
10-13 11:45:28.957  1902  3984 W ActivityTaskManager: Force removing ActivityRecord{13895fb u0 eu.europa.ec.euidi/eu.europa.ec.assemblylogic.ui.MainActivity t742 f}}: app died, no saved state
10-13 11:45:28.958  1902  3984 D WindowManager: Requesting StartTransition: TransitionRecord{a86887f id=1626 type=CLOSE flags=0x0}
10-13 11:45:28.958  1902  3984 D WindowManager: Collecting in transition 1626: Task{dec8618 #742 type=standard A=10390:eu.europa.ec.euidi} init visibleRequested:true
10-13 11:45:28.958  1902  3984 D WindowManager: Collecting in transition 1626: ActivityRecord{13895fb u0 eu.europa.ec.euidi/eu.europa.ec.assemblylogic.ui.MainActivity t742 f}} init visibleRequested:false
10-13 11:45:28.959  1902  3984 W WindowManager: Changing focus from Window{8aaa66 u0 eu.europa.ec.euidi/eu.europa.ec.assemblylogic.ui.MainActivity} to null displayId=0 Callers=com.android.server.wm.RootWindowContainer.updateFocusedWindowLocked:557 com.android.server.wm.WindowManagerService.updateFocusedWindowLocked:6962 com.android.server.wm.ActivityRecord.onRemovedFromDisplay:5154 com.android.server.wm.DisplayContent.removeAppToken:1757 
10-13 11:45:28.959  1902  3984 D WindowManager: wms.Input focus has changed to null display=0 updateInputWindows = true
10-13 11:45:28.959  1902  3984 I MultiSenceManagerInternalStub: getInstance
10-13 11:45:28.960  1902  3984 D WindowManager: Collecting in transition 1626: ActivityRecord{3754c30 u0 com.miui.home/.launcher.Launcher t2} init visibleRequested:false
10-13 11:45:28.961  1902  3984 I SmartPower: com.miui.home/10085(3001): background->invisible(386ms) R(become foreground) adj=100.
10-13 11:45:28.961  1902  3984 D WindowManager: Collecting in transition 1626: ActivityRecord{3754c30 u0 com.miui.home/.launcher.Launcher t2} init visibleRequested:true
10-13 11:45:28.963  1902 22704 D WindowManager: Set transition=TransitionRecord{a86887f id=1626 type=CLOSE flags=0x0}, ready=true, SyncId=1626 
10-13 11:45:28.964  1902  1936 D Aurogon :  uid = 10085 switch to FG
10-13 11:45:28.964  2983  3075 D MiuiFullScreenTaskRepository: removeFocusedTask displayId=0
10-13 11:45:28.964  2983  3075 D MiuiFullScreenTaskRepository: addOrUpdateFullScreenTaskInfo taskId=742, topActivity=null
10-13 11:45:28.966  1902  1939 I BLASTSyncEngine: SyncGroup 1626:  Unfinished container:ActivityRecord{3754c30 u0 com.miui.home/.launcher.Launcher t2}
10-13 11:45:28.966  1902  1939 I BLASTSyncEngine: isActivitySyncFinished isSyncFinished false ActivityRecord{3754c30 u0 com.miui.home/.launcher.Launcher t2}
10-13 11:45:28.968  1902  1936 E MBrainLocalService: MBrainJava launch failed: SecurityException
10-13 11:45:28.969  1902  3984 D WindowManager: Set transition=TransitionRecord{a86887f id=1626 type=CLOSE flags=0x0}, ready=true, SyncId=1626 
10-13 11:45:28.969  1902  3984 I AppsFilter: interaction: PackageSetting{3102a1f com.android.microdroid.empty_payload/10336} -> PackageSetting{1847895 eu.europa.ec.euidi/10390} BLOCKED
10-13 11:45:28.969  1902  3984 I AppsFilter: interaction: PackageSetting{4720335 io.appium.uiautomator2.server.test/10379} -> PackageSetting{1847895 eu.europa.ec.euidi/10390} BLOCKED
10-13 11:45:28.969  1902  3984 I AppsFilter: interaction: PackageSetting{183b3ca com.fido.asm/10112} -> PackageSetting{1847895 eu.europa.ec.euidi/10390} BLOCKED
10-13 11:45:28.969  1902  3984 I AppsFilter: interaction: PackageSetting{e17493b io.appium.uiautomator2.server/10378} -> PackageSetting{1847895 eu.europa.ec.euidi/10390} BLOCKED
10-13 11:45:28.969  1902  3984 I AppsFilter: interaction: PackageSetting{6dc5858 io.appium.settings/10326} -> PackageSetting{1847895 eu.europa.ec.euidi/10390} BLOCKED
10-13 11:45:28.970  1902 23266 I SmartPower: com.mi.globalminusscreen/10076(31794): background->visible(395ms) R(become visible) adj=100.
10-13 11:45:28.973  1902 23266 I BLASTSyncEngine: SyncGroup 1626:  Unfinished container:ActivityRecord{3754c30 u0 com.miui.home/.launcher.Launcher t2}
10-13 11:45:28.973  1902 23266 I BLASTSyncEngine: isActivitySyncFinished isSyncFinished false ActivityRecord{3754c30 u0 com.miui.home/.launcher.Launcher t2}
10-13 11:45:28.973  1902 23266 I WindowManager: Relayout Window{38e026c u0 LauncherOverlayWindow:com.mi.globalminusscreen}: oldVis=8 newVis=0 focusMayChange = true requestedWidth = 1080 requestedHeight = 2400 outFrames = ClientWindowFrames{frame=[0,0][1080,2400] display=[0,0][1080,2400] parentFrame=[0,0][0,0]} outSurfaceControl = Surface(name=LauncherOverlayWindow:com.mi.globalminusscreen#27473)/@0xfff0877
10-13 11:45:28.975  1902  2771 I SmartPower: com.google.android.googlequicksearchbox:googleapp/10188(19209): background->visible(380ms) R(become visible) adj=100.
10-13 11:45:28.975  1902  2771 I SmartPower: com.google.android.googlequicksearchbox:search/10188(19180): background->invisible(380ms) R(become foreground) adj=800.
10-13 11:45:28.975  1902  2771 I SmartPower: com.google.android.googlequicksearchbox:interactor/10188(22350): background->invisible(380ms) R(become foreground) adj=100.
10-13 11:45:28.980  1902  2771 I BLASTSyncEngine: SyncGroup 1626:  Unfinished container:ActivityRecord{3754c30 u0 com.miui.home/.launcher.Launcher t2}
10-13 11:45:28.981  1902  2771 I BLASTSyncEngine: isActivitySyncFinished isSyncFinished false ActivityRecord{3754c30 u0 com.miui.home/.launcher.Launcher t2}
10-13 11:45:28.985  1902  2771 I WindowManager: Relayout Window{a23abef u0 LauncherMinusOneScreen}: oldVis=8 newVis=0 focusMayChange = true requestedWidth = 1080 requestedHeight = 2400 outFrames = ClientWindowFrames{frame=[0,0][1080,2400] display=[0,0][1080,2400] parentFrame=[0,0][0,0]} outSurfaceControl = Surface(name=LauncherMinusOneScreen#27474)/@0x7a81350
10-13 11:45:28.987  1902  3984 I WindowManager: WIN DEATH: Window{8aaa66 u0 eu.europa.ec.euidi/eu.europa.ec.assemblylogic.ui.MainActivity}
10-13 11:45:28.989  1902  3984 I BLASTSyncEngine: SyncGroup 1626:  Unfinished container:ActivityRecord{3754c30 u0 com.miui.home/.launcher.Launcher t2}
10-13 11:45:28.989  1902  3984 I BLASTSyncEngine: isActivitySyncFinished isSyncFinished false ActivityRecord{3754c30 u0 com.miui.home/.launcher.Launcher t2}
10-13 11:45:28.993  2983  3075 D SoScSplitScreenController: updateDividerFixedState isFixed:true
10-13 11:45:28.994  2983  4013 D MiuiFreeformModeObserver: activityResumed() intent： Intent { cmp=com.miui.home/.launcher.Launcher (has extras) }
10-13 11:45:29.002  1902  1917 I BLASTSyncEngine: SyncGroup 1626:  Unfinished container:ActivityRecord{3754c30 u0 com.miui.home/.launcher.Launcher t2}
10-13 11:45:29.002  1902  1917 I BLASTSyncEngine: isActivitySyncFinished isSyncFinished false ActivityRecord{3754c30 u0 com.miui.home/.launcher.Launcher t2}
10-13 11:45:29.003  1902  2323 D CompatibilityChangeReporter: Compat change id reported: 218533173; UID 10390; state: ENABLED
10-13 11:45:29.003  1902  1917 W WindowManager: Changing focus from null to Window{e4be31b u0 com.miui.home/com.miui.home.launcher.Launcher} displayId=0 Callers=com.android.server.wm.RootWindowContainer.updateFocusedWindowLocked:557 com.android.server.wm.WindowManagerService.updateFocusedWindowLocked:6962 com.android.server.wm.WindowManagerService.relayoutWindow:2951 com.android.server.wm.Session.relayout:266 
10-13 11:45:29.003  1902  2323 D CompatibilityChangeReporter: Compat change id reported: 262645982; UID 10390; state: ENABLED
10-13 11:45:29.004  1902  1917 I WindowManager: cancelAnimation removed leash : Surface(name=Surface(name=81266ae StatusBar#86)/@0xb48dfdc - animation-leash of insets_animation#27468)/@0xa220ad8
10-13 11:45:29.010  1902  1917 I WindowManager: cancelAnimation removed leash : Surface(name=Surface(name=db27a2 NavigationBar0#82)/@0xc1acbf0 - animation-leash of insets_animation#27469)/@0x3087916
10-13 11:45:29.016  1902  1917 D WindowManager: wms.Input focus has changed to Window{e4be31b u0 com.miui.home/com.miui.home.launcher.Launcher} display=0 updateInputWindows = true
10-13 11:45:29.016  1902  1917 I MultiSenceManagerInternalStub: getInstance
10-13 11:45:29.018  1902  1917 I WindowManager: Relayout Window{e4be31b u0 com.miui.home/com.miui.home.launcher.Launcher}: oldVis=8 newVis=0 focusMayChange = true requestedWidth = 1080 requestedHeight = 2400 outFrames = ClientWindowFrames{frame=[0,0][1080,2400] display=[0,0][1080,2400] parentFrame=[0,0][0,0]} outSurfaceControl = Surface(name=com.miui.home/com.miui.home.launcher.Launcher#27475)/@0xd677714
10-13 11:45:29.018  1902  3984 W WindowManager: finishDrawingWindow: Window{38e026c u0 LauncherOverlayWindow:com.mi.globalminusscreen} mDrawState=DRAW_PENDING
10-13 11:45:29.018  1902  3984 D WindowManager: wms.finishDrawingLocked: mDrawState=COMMIT_DRAW_PENDING Window{38e026c u0 LauncherOverlayWindow:com.mi.globalminusscreen} in Surface(name=LauncherOverlayWindow:com.mi.globalminusscreen#27473)/@0x8da3a76
10-13 11:45:29.018  1902  1939 D WindowManager: Collecting in transition 1626: WallpaperWindowToken{b886097 token=android.os.BinderProxy@90f5f16} init visibleRequested:false
10-13 11:45:29.018  1902  1939 D WindowManager: Collecting in transition 1626: WallpaperWindowToken{b086f80 token=android.os.Binder@8a62403} init visibleRequested:false
10-13 11:45:29.019  1902  1939 W WindowManager: real show surface:Surface(name=com.miui.miwallpaper.wallpaperservice.ImageWallpaper#23669)/@0x16119bd
10-13 11:45:29.019  1902  1939 W WindowManager: real show surface:Surface(name=com.miui.miwallpaper.wallpaperservice.MiuiKeyguardPictorialWallpaper#23666)/@0x54862e4
10-13 11:45:29.020  1902  1939 I BLASTSyncEngine: SyncGroup 1626:  Unfinished container:ActivityRecord{3754c30 u0 com.miui.home/.launcher.Launcher t2}
10-13 11:45:29.020  1902  1939 I BLASTSyncEngine: isActivitySyncFinished isSyncFinished false ActivityRecord{3754c30 u0 com.miui.home/.launcher.Launcher t2}
10-13 11:45:29.021  1902  1939 W WindowManager: Failed to deliver inset control state change to w=Window{8aaa66 u0 eu.europa.ec.euidi/eu.europa.ec.assemblylogic.ui.MainActivity EXITING}
10-13 11:45:29.021  1902  1939 W WindowManager: android.os.DeadObjectException
10-13 11:45:29.021  1902  1939 W WindowManager: 	at android.os.BinderProxy.transactNative(Native Method)
10-13 11:45:29.021  1902  1939 W WindowManager: 	at android.os.BinderProxy.transact(BinderProxy.java:639)
10-13 11:45:29.021  1902  1939 W WindowManager: 	at android.view.IWindow$Stub$Proxy.insetsControlChanged(IWindow.java:606)
10-13 11:45:29.021  1902  1939 W WindowManager: 	at com.android.server.wm.WindowState.notifyInsetsControlChanged(WindowState.java:4238)
10-13 11:45:29.021  1902  1939 W WindowManager: 	at com.android.server.wm.InsetsStateController.lambda$notifyPendingInsetsControlChanged$3(InsetsStateController.java:343)
10-13 11:45:29.021  1902  1939 W WindowManager: 	at com.android.server.wm.InsetsStateController.$r8$lambda$8yykPRG1GyNq_J17QvL9d5xANMc(Unknown Source:0)
10-13 11:45:29.021  1902  1939 W WindowManager: 	at com.android.server.wm.InsetsStateController$$ExternalSyntheticLambda2.run(Unknown Source:2)
10-13 11:45:29.021  1902  1939 W WindowManager: 	at com.android.server.wm.WindowAnimator.executeAfterPrepareSurfacesRunnables(WindowAnimator.java:309)
10-13 11:45:29.021  1902  1939 W WindowManager: 	at com.android.server.wm.RootWindowContainer.performSurfacePlacementNoTrace(RootWindowContainer.java:921)
10-13 11:45:29.021  1902  1939 W WindowManager: 	at com.android.server.wm.RootWindowContainer.performSurfacePlacement(RootWindowContainer.java:863)
10-13 11:45:29.021  1902  1939 W WindowManager: 	at com.android.server.wm.WindowSurfacePlacer.performSurfacePlacementLoop(WindowSurfacePlacer.java:200)
10-13 11:45:29.021  1902  1939 W WindowManager: 	at com.android.server.wm.WindowSurfacePlacer.performSurfacePlacement(WindowSurfacePlacer.java:149)
10-13 11:45:29.021  1902  1939 W WindowManager: 	at com.android.server.wm.WindowSurfacePlacer.performSurfacePlacement(WindowSurfacePlacer.java:138)
10-13 11:45:29.021  1902  1939 W WindowManager: 	at com.android.server.wm.WindowSurfacePlacer$Traverser.run(WindowSurfacePlacer.java:80)
10-13 11:45:29.021  1902  1939 W WindowManager: 	at android.os.Handler.handleCallback(Handler.java:958)
10-13 11:45:29.021  1902  1939 W WindowManager: 	at android.os.Handler.dispatchMessage(Handler.java:99)
10-13 11:45:29.021  1902  1939 W WindowManager: 	at android.os.Looper.loopOnce(Looper.java:222)
10-13 11:45:29.021  1902  1939 W WindowManager: 	at android.os.Looper.loop(Looper.java:314)
10-13 11:45:29.021  1902  1939 W WindowManager: 	at android.os.HandlerThread.run(HandlerThread.java:67)
10-13 11:45:29.021  1902  1939 W WindowManager: 	at com.android.server.ServiceThread.run(ServiceThread.java:46)
10-13 11:45:29.021  1902 23266 W WindowManager: finishDrawingWindow: Window{a23abef u0 LauncherMinusOneScreen} mDrawState=DRAW_PENDING
10-13 11:45:29.021  1902 23266 D WindowManager: wms.finishDrawingLocked: mDrawState=COMMIT_DRAW_PENDING Window{a23abef u0 LauncherMinusOneScreen} in Surface(name=LauncherMinusOneScreen#27474)/@0x2a78802
10-13 11:45:29.023  1902  1939 I BLASTSyncEngine: SyncGroup 1626:  Unfinished container:ActivityRecord{3754c30 u0 com.miui.home/.launcher.Launcher t2}
10-13 11:45:29.023  1902  1939 I BLASTSyncEngine: isActivitySyncFinished isSyncFinished false ActivityRecord{3754c30 u0 com.miui.home/.launcher.Launcher t2}
10-13 11:45:29.032  1902  1902 W AccessibilityManagerService:  wait for adding window timeout: 3857
10-13 11:45:29.050  1902  3984 W WindowManager: finishDrawingWindow: Window{e4be31b u0 com.miui.home/com.miui.home.launcher.Launcher} mDrawState=DRAW_PENDING
10-13 11:45:29.050  1902  3984 D WindowManager: wms.finishDrawingLocked: mDrawState=COMMIT_DRAW_PENDING Window{e4be31b u0 com.miui.home/com.miui.home.launcher.Launcher} in Surface(name=com.miui.home/com.miui.home.launcher.Launcher#27475)/@0xd188f6f
10-13 11:45:29.052  1902  1939 I SmartPower: com.miui.home/10085(3001): invisible->visible(91ms) R(become visible) adj=100.
10-13 11:45:29.052  1902  1939 W WindowManager: real show surface:Surface(name=LauncherMinusOneScreen#27474)/@0x2a78802
10-13 11:45:29.052  1902  1939 W WindowManager: real show surface:Surface(name=LauncherOverlayWindow:com.mi.globalminusscreen#27473)/@0x8da3a76
10-13 11:45:29.052  1902  1939 W WindowManager: real show surface:Surface(name=com.miui.home/com.miui.home.launcher.Launcher#27475)/@0xd188f6f
10-13 11:45:29.052  1902  1939 D WindowManager: Final targets: [Task{dec8618 #742 type=standard A=10390:eu.europa.ec.euidi}, Task{57070cf #1 type=home}, WallpaperWindowToken{b886097 token=android.os.BinderProxy@90f5f16}, WallpaperWindowToken{b086f80 token=android.os.Binder@8a62403}]
10-13 11:45:29.062  1902  1939 D WindowManager: snapshot isNothing = false source = Task{dec8618 #742 type=standard A=10390:eu.europa.ec.euidi}
10-13 11:45:29.062  1902  1939 D WindowManager: Calling onTransitionReady info={id=1626 t=CLOSE f=0x0 trk=0 r=[0@Point(0, 0)] c=[{WCT{RemoteToken{2a74a19 Task{dec8618 #742 type=standard A=10390:eu.europa.ec.euidi}}} m=CLOSE f=NONE leash=Surface(name=Task=742#27458)/@0x11c5792 sb=Rect(0, 0 - 1080, 2400) eb=Rect(0, 0 - 1080, 2400) d=0},{WCT{RemoteToken{1c71a03 Task{57070cf #1 type=home}}} m=TO_FRONT f=SHOW_WALLPAPER leash=Surface(name=Task=1#44)/@0xf3df733 sb=Rect(0, 0 - 1080, 2400) eb=Rect(0, 0 - 1080, 2400) d=0},{null m=TO_FRONT f=IS_WALLPAPER leash=Surface(name=WallpaperWindowToken{b886097 token=android.os.BinderProxy@90f5f16}#23664)/@0x2495284 sb=Rect(0, 0 - 1080, 2400) eb=Rect(0, 0 - 1080, 2400) d=0},{null m=TO_FRONT f=IS_WALLPAPER leash=Surface(name=WallpaperWindowToken{b086f80 token=android.os.Binder@8a62403}#55)/@0x190a9b9 sb=Rect(0, 0 - 1080, 2400) eb=Rect(0, 0 - 1080, 2400) d=0}] noAni=[false] df=[false] mk=[true] nc=[0] oa=[false]}, mToken=Token{531957b TransitionRecord{a86887f id=1626 type=CLOSE flags=0x0}}
10-13 11:45:29.063  1902  1939 I BLASTSyncEngine: finishNow: after onTransactionReady, mSyncId=1626
10-13 11:45:29.064  2983  3075 D MiuiFreeformAnimation: startAnimation change: {WCT{android.window.IWindowContainerToken$Stub$Proxy@4642359} m=CLOSE f=NONE leash=Surface(name=Task=742#27458)/@0x8606034 sb=Rect(0, 0 - 1080, 2400) eb=Rect(0, 0 - 1080, 2400) d=0} info.getType(): 2
10-13 11:45:29.065  2983  3075 D MiuiFreeformAnimation: startAnimation change: {WCT{android.window.IWindowContainerToken$Stub$Proxy@13e5b1e} m=TO_FRONT f=SHOW_WALLPAPER leash=Surface(name=Task=1#44)/@0xa90fe5d sb=Rect(0, 0 - 1080, 2400) eb=Rect(0, 0 - 1080, 2400) d=0} info.getType(): 2
10-13 11:45:29.065  2983  3075 I MiuiFreeformAnimation: isLaunchWidgetPicker=false,taskInfo.getWindowingMode()=1, taskInfo.getActivityType()=2
10-13 11:45:29.065  2983  3075 D MiuiFreeformAnimation: startAnimation change: {null m=TO_FRONT f=IS_WALLPAPER leash=Surface(name=WallpaperWindowToken{b886097 token=android.os.BinderProxy@90f5f16}#23664)/@0x62ad3d2 sb=Rect(0, 0 - 1080, 2400) eb=Rect(0, 0 - 1080, 2400) d=0} info.getType(): 2
10-13 11:45:29.065  2983  3075 D MiuiFreeformAnimation: startAnimation change: {null m=TO_FRONT f=IS_WALLPAPER leash=Surface(name=WallpaperWindowToken{b086f80 token=android.os.Binder@8a62403}#55)/@0x3325ca3 sb=Rect(0, 0 - 1080, 2400) eb=Rect(0, 0 - 1080, 2400) d=0} info.getType(): 2
10-13 11:45:29.065  2983  3075 W MiuiTaskTransitionHandler: Receive an unknown transition, token=android.os.BinderProxy@14f7121, type=2
10-13 11:45:29.065  2983  3075 D TransitionAnimationHelper:  load default animation  type = 2 enter = true animAttr = 16 isTask = true translucent = false
10-13 11:45:29.065  2983  3075 D TransitionAnimationHelper:  load default animation  type = 2 enter = false animAttr = 17 isTask = true translucent = false
10-13 11:45:29.066  2983  3092 D ShellTransitions: speed ui!!!!!!!!!!!
10-13 11:45:29.066  2983  3075 D SoScUtils: monitorTransitionFinished transition:android.os.BinderProxy@14f7121 transaction: android.view.SurfaceControl$Transaction@e841fff mRequestCloseTransition:null mRequestOpenTransition:null mPairsOpenTransition:null mPairsOpenTransitionNull:null mRequestOpenTriggerTask:-1 mRequestCloseTriggerTask:-1 mOrientationTransition: null mMainStartingTask:-1 mSideStartingTask:-1
10-13 11:45:29.067  1902  3984 W WindowManager: Exception thrown during dispatchAppVisibility Window{8aaa66 u0 eu.europa.ec.euidi/eu.europa.ec.assemblylogic.ui.MainActivity EXITING}
10-13 11:45:29.067  1902  3984 W WindowManager: android.os.DeadObjectException
10-13 11:45:29.067  1902  3984 W WindowManager: 	at android.os.BinderProxy.transactNative(Native Method)
10-13 11:45:29.067  1902  3984 W WindowManager: 	at android.os.BinderProxy.transact(BinderProxy.java:639)
10-13 11:45:29.067  1902  3984 W WindowManager: 	at android.view.IWindow$Stub$Proxy.dispatchAppVisibility(IWindow.java:673)
10-13 11:45:29.067  1902  3984 W WindowManager: 	at com.android.server.wm.WindowState.sendAppVisibilityToClients(WindowState.java:3575)
10-13 11:45:29.067  1902  3984 W WindowManager: 	at com.android.server.wm.WindowContainer.sendAppVisibilityToClients(WindowContainer.java:1311)
10-13 11:45:29.067  1902  3984 W WindowManager: 	at com.android.server.wm.WindowToken.setClientVisible(WindowToken.java:420)
10-13 11:45:29.067  1902  3984 W WindowManager: 	at com.android.server.wm.ActivityRecord.setClientVisible(ActivityRecord.java:8042)
10-13 11:45:29.067  1902  3984 W WindowManager: 	at com.android.server.wm.ActivityRecord.postApplyAnimation(ActivityRecord.java:6610)
10-13 11:45:29.067  1902  3984 W WindowManager: 	at com.android.server.wm.ActivityRecord.commitVisibility(ActivityRecord.java:6552)
10-13 11:45:29.067  1902  3984 W WindowManager: 	at com.android.server.wm.Transition.finishTransition(Transition.java:1369)
10-13 11:45:29.067  1902  3984 W WindowManager: 	at com.android.server.wm.TransitionController.finishTransition(TransitionController.java:1061)
10-13 11:45:29.067  1902  3984 W WindowManager: 	at com.android.server.wm.WindowOrganizerController.finishTransition(WindowOrganizerController.java:471)
10-13 11:45:29.067  1902  3984 W WindowManager: 	at android.window.IWindowOrganizerController$Stub.onTransact(IWindowOrganizerController.java:321)
10-13 11:45:29.067  1902  3984 W WindowManager: 	at com.android.server.wm.WindowOrganizerController.onTransact(WindowOrganizerController.java:211)
10-13 11:45:29.067  1902  3984 W WindowManager: 	at android.os.Binder.execTransactInternal(Binder.java:1351)
10-13 11:45:29.067  1902  3984 W WindowManager: 	at android.os.Binder.execTransact(Binder.java:1282)
10-13 11:45:29.067  1902  3984 W WindowManager: The process may be dead, tid:6859,tgid:-1
10-13 11:45:29.070  1902  3984 D WindowManager: setParent old=ActivityRecord{13895fb u0 eu.europa.ec.euidi/eu.europa.ec.assemblylogic.ui.MainActivity t742 f}},new=null,this window=Window{8aaa66 u0 eu.europa.ec.euidi/eu.europa.ec.assemblylogic.ui.MainActivity EXITING},callers=com.android.server.wm.WindowContainer.removeChild:840 com.android.server.wm.ActivityRecord.removeChild:5227 com.android.server.wm.ActivityRecord.removeChild:470 com.android.server.wm.WindowContainer.removeImmediately:898 com.android.server.wm.WindowState.removeImmediately:2538 com.android.server.wm.WindowState.removeIfPossible:2719 
10-13 11:45:29.070  1902  3984 I WindowManager: cancelAnimation removed leash : Surface(name=Surface(name=6a76de5 InputMethod#123)/@0xf2bd99 - animation-leash of insets_animation#27472)/@0xa512f87
10-13 11:45:29.073  1902  3984 D WindowManager: setParent old=Task{dec8618 #742 type=standard A=10390:eu.europa.ec.euidi},new=null,this window=ActivityRecord{13895fb u0 eu.europa.ec.euidi/eu.europa.ec.assemblylogic.ui.MainActivity t742 f}},callers=com.android.server.wm.WindowContainer.removeChild:840 com.android.server.wm.TaskFragment.removeChild:3119 com.android.server.wm.Task.removeChild:1822 com.android.server.wm.Task.removeChild:1802 com.android.server.wm.WindowContainer.removeImmediately:898 com.android.server.wm.WindowToken.removeImmediately:376 
10-13 11:45:29.073  1902  3984 I ActivityTaskManager: Do not migrate a removing Task! Task{dec8618 #742 type=standard A=10390:eu.europa.ec.euidi}
10-13 11:45:29.073  1902  3984 D WindowManager: setParent old=DefaultTaskDisplayArea@126197207,new=null,this window=Task{dec8618 #742 type=standard A=10390:eu.europa.ec.euidi},callers=com.android.server.wm.WindowContainer.removeChild:840 com.android.server.wm.TaskDisplayArea.removeChildTask:359 com.android.server.wm.TaskDisplayArea.removeChild:350 com.android.server.wm.WindowContainer.removeImmediately:898 com.android.server.wm.TaskFragment.removeImmediately:3203 com.android.server.wm.Task.removeImmediately:3222 
10-13 11:45:29.074  2983  3075 D MiuiFullScreenTaskRepository: addOrUpdateFullScreenTaskInfo taskId=1, topActivity=ComponentInfo{com.miui.home/com.miui.home.launcher.Launcher}
10-13 11:45:29.074  1902  1939 W ActivityTaskManager: Can't find TaskDisplayArea to determine support for multi window. Task id=742 attached=false
10-13 11:45:29.075  2983  3075 D MiuiDesktopModeController: onFocusTaskChanged newFocus: TaskInfo{userId=0 taskId=1 displayId=0 isRunning=true baseIntent=Intent { act=android.intent.action.MAIN cat=[android.intent.category.HOME] flg=0x10000100 cmp=com.miui.home/.launcher.Launcher } baseActivity=ComponentInfo{com.miui.home/com.miui.home.launcher.Launcher} topActivity=ComponentInfo{com.miui.home/com.miui.home.launcher.Launcher} origActivity=null realActivity=null numActivities=1 lastActiveTime=70262 supportsSplitScreenMultiWindow=true supportsMultiWindow=true resizeMode=2 isResizeable=true minWidth=-1 minHeight=-1 defaultMinSize=200 token=WCT{android.window.IWindowContainerToken$Stub$Proxy@1710b2a} topActivityType=2 pictureInPictureParams=null shouldDockBigOverlays=false launchIntoPipHostTaskId=-1 lastParentTaskIdBeforePip=-1 displayCutoutSafeInsets=null topActivityInfo=ActivityInfo{b04bd1b com.miui.home.launcher.Launcher} launchCookies=[] positionInParent=Point(0, 0) parentTaskId=-1 isFocused=false isVisible=true isVisibleRequested=true isSleeping=false topActivityInSizeCompat=false topActivityEligibleForLetterboxEducation= false topActivityLetterboxed= false isFromDoubleTap= false topActivityLetterboxVerticalPosition= -1 topActivityLetterboxHorizontalPosition= -1 topActivityLetterboxWidth=-1 topActivityLetterboxHeight=-1 locusId=null displayAreaFeatureId=1 cameraCompatControlState=hidden mIsCastMode=false mTopActivityMediaSize=null mTopActivityRecordName=ActivityRecord{3754c30 u0 com.miui.home/.launcher.Launcher t2} mTopActivityOrientation=1 mTopActivityWindowIsNowVisible=true isTranslucent=false isEmbedded=false shouldBeVisible=true isImmersive=false mBehindAppLockPkg=null mOriginatingUid=0}
10-13 11:45:29.075  2983  3075 D MiuiFreeformModeController: onFocusTaskChanged taskInfo: TaskInfo{userId=0 taskId=1 displayId=0 isRunning=true baseIntent=Intent { act=android.intent.action.MAIN cat=[android.intent.category.HOME] flg=0x10000100 cmp=com.miui.home/.launcher.Launcher } baseActivity=ComponentInfo{com.miui.home/com.miui.home.launcher.Launcher} topActivity=ComponentInfo{com.miui.home/com.miui.home.launcher.Launcher} origActivity=null realActivity=null numActivities=1 lastActiveTime=70262 supportsSplitScreenMultiWindow=true supportsMultiWindow=true resizeMode=2 isResizeable=true minWidth=-1 minHeight=-1 defaultMinSize=200 token=WCT{android.window.IWindowContainerToken$Stub$Proxy@1710b2a} topActivityType=2 pictureInPictureParams=null shouldDockBigOverlays=false launchIntoPipHostTaskId=-1 lastParentTaskIdBeforePip=-1 displayCutoutSafeInsets=null topActivityInfo=ActivityInfo{b04bd1b com.miui.home.launcher.Launcher} launchCookies=[] positionInParent=Point(0, 0) parentTaskId=-1 isFocused=false isVisible=true isVisibleRequested=true isSleeping=false topActivityInSizeCompat=false topActivityEligibleForLetterboxEducation= false topActivityLetterboxed= false isFromDoubleTap= false topActivityLetterboxVerticalPosition= -1 topActivityLetterboxHorizontalPosition= -1 topActivityLetterboxWidth=-1 topActivityLetterboxHeight=-1 locusId=null displayAreaFeatureId=1 cameraCompatControlState=hidden mIsCastMode=false mTopActivityMediaSize=null mTopActivityRecordName=ActivityRecord{3754c30 u0 com.miui.home/.launcher.Launcher t2} mTopActivityOrientation=1 mTopActivityWindowIsNowVisible=true isTranslucent=false isEmbedded=false shouldBeVisible=true isImmersive=false mBehindAppLockPkg=null mOriginatingUid=0}
10-13 11:45:29.075  2983  3075 D MiuiFullScreenTaskRepository: addOrUpdateFullScreenTaskInfo taskId=742, topActivity=null
10-13 11:45:29.075  2983  3075 D MiuiFullScreenTaskRepository: removeFullScreenTask taskId=742, topActivity=null
10-13 11:45:29.075  2983  3075 D MiuiWindowDecorViewModel: destroyWindowDecoration: taskId=742, windowingMode=1, mWindowDecorByTaskId.size()=0, callers=com.android.wm.shell.fullscreen.FullscreenTaskListener.onTaskVanished:143 com.android.wm.shell.ShellTaskOrganizer.onTaskVanished:138 android.window.TaskOrganizer$1.lambda$onTaskVanished$6:398 android.window.TaskOrganizer$1.$r8$lambda$z23H3L3GZav04D10kA3vkevrglg:0 android.window.TaskOrganizer$1$$ExternalSyntheticLambda14.run:4 
10-13 11:45:29.078  2983  2983 E onWindowDecorRectChanged: start size:0
10-13 11:45:29.080  1902  1938 W ActivityManager: setHasOverlayUi called on unknown pid: 6859
10-13 11:45:29.087  1902 10935 W InputMethodManagerService: Clear show forced flag.
10-13 11:45:29.090  1902  2771 I WindowManager: cancelAnimation removed leash : Surface(name=Surface(name=6a76de5 InputMethod#123)/@0xf2bd99 - animation-leash of insets_animation#27481)/@0x7e0cd44
10-13 11:45:29.091  1902 23266 W PackageConfigPersister: App-specific configuration not found for packageName: com.miui.home and userId: 0
10-13 11:45:29.315  1902  2336 D AlarmManager: mBroadcastRefCount -> 1
10-13 11:45:29.320  1902  1902 D AlarmManager: mBroadcastRefCount -> 0
10-13 11:45:29.320  1902  1902 D AlarmManager: mPendingIntent -> PendingIntent{5ea3512: PendingIntentRecord{1971a6d com.xiaomi.xmsf broadcastIntent}}
10-13 11:45:29.489  1902  1902 W AccessibilityManagerService:  wait for adding window timeout: 3850
10-13 11:45:29.496  1902  1902 W AccessibilityManagerService:  wait for adding window timeout: 3847
10-13 11:45:29.717  1902 23266 D WindowManager: setParent old=Leaf:29:31@255176654,new=null,this window=WindowToken{6d865e7 type=2032 android.os.Binder@b51e7a6},callers=com.android.server.wm.WindowContainer.removeChild:840 com.android.server.wm.WindowContainer.removeImmediately:898 com.android.server.wm.WindowToken.setExiting:272 com.android.server.wm.DisplayContent.removeWindowToken:1666 com.android.server.wm.WindowManagerService.removeWindowToken:3428 com.android.server.wm.WindowManagerService$LocalService.removeWindowToken:8816 
10-13 11:45:29.718  1902 23266 W WindowMagnificationMgr: requestConnection duplicated request: connect=false, mConnectionState=DISCONNECTED
10-13 11:45:29.718  1902 23266 D AccessibilityManagerService: restoreCurrentUserForTestAutomationIfNeededLocked(): ignoring because device doesn't support visible background users
10-13 11:45:29.721  1902 23266 I ActivityManager: Force stopping io.appium.uiautomator2.server appid=10378 user=0: finished inst
10-13 11:45:29.722  1902 23266 E ActivityManager: Unable to freeze binder for 6824: java.lang.RuntimeException: Unable to freeze/unfreeze binder
10-13 11:45:29.722  1902  2611 E ProcessManager: error write exception log
10-13 11:45:29.722  1902 23266 I ActivityManager: Killing 6824:io.appium.uiautomator2.server/u0a378 (adj 0): stop io.appium.uiautomator2.server due to finished inst
10-13 11:45:29.724  1902  1936 D DisplayManagerService: Drop pending events for gone uid 10378
10-13 11:45:29.725  1902  1938 D SettingsProvider: name:animator_duration_scale has changed to 0.0, because android android.provider.Settings$NameValueCache.putStringForUser:3162 android.provider.Settings$Global.putStringForUser:17046 android.provider.Settings$Global.putString:16887 android.provider.Settings$Global.putFloat:17236 com.android.server.wm.WindowManagerService$H.handleMessage:6151 android.os.Handler.dispatchMessage:106 android.os.Looper.loopOnce:222 android.os.Looper.loop:314 android.os.HandlerThread.run:67 com.android.server.ServiceThread.run:46 
10-13 11:45:29.746  1902  1902 D BatterySaverPolicy: accessibility changed to false, updating policy.
10-13 11:45:31.748  1556  1556 I wificond: station_bandwidth: 
10-13 11:45:31.795  1902  1947 D HeapUsage Monitor: HeapAllocSize : 87MB; monitorSize : 500MB
10-13 11:45:31.971  1902  2620 I SmartPower: com.google.android.webview:sandboxed_process0:org.chromium.content.app.SandboxedPrbackground->idle(3395ms) R(remove from whitelist) adj=100.
10-13 11:45:31.977  1902  2620 I SmartPower: com.google.android.adservices.api/10307(31554): background->idle(3401ms) R(remove from whitelist) adj=100.
