--------- beginning of crash
10-06 15:45:22.422  2273  2273 F libc    : Fatal signal 6 (SIGABRT), code -1 (SI_QUEUE) in tid 2273 (init), pid 2273 (init)
10-06 15:45:22.495  2273  2273 F libc    : crash_dump helper failed to exec, or was killed
10-06 15:45:42.434  5433  5433 F libc    : Fatal signal 6 (SIGABRT), code -1 (SI_QUEUE) in tid 5433 (init), pid 5433 (init)
10-06 15:45:42.479  5433  5433 F libc    : crash_dump helper failed to exec, or was killed
10-09 16:56:31.677  2625  2657 E AndroidRuntime: FATAL EXCEPTION: Instr: androidx.test.runner.AndroidJUnitRunner
10-09 16:56:31.677  2625  2657 E AndroidRuntime: Process: io.appium.uiautomator2.server, PID: 2625
10-09 16:56:31.677  2625  2657 E AndroidRuntime: java.lang.RuntimeException: Error while disconnecting UiAutomation@c7f8431[id=-1, displayId=0, flags=0]
10-09 16:56:31.677  2625  2657 E AndroidRuntime: 	at android.app.UiAutomation.disconnect(UiAutomation.java:451)
10-09 16:56:31.677  2625  2657 E AndroidRuntime: 	at android.app.Instrumentation.finish(Instrumentation.java:275)
10-09 16:56:31.677  2625  2657 E AndroidRuntime: 	at androidx.test.runner.MonitoringInstrumentation.finish(MonitoringInstrumentation.java:381)
10-09 16:56:31.677  2625  2657 E AndroidRuntime: 	at androidx.test.runner.AndroidJUnitRunner.finish(AndroidJUnitRunner.java:463)
10-09 16:56:31.677  2625  2657 E AndroidRuntime: 	at androidx.test.runner.AndroidJUnitRunner.onStart(AndroidJUnitRunner.java:452)
10-09 16:56:31.677  2625  2657 E AndroidRuntime: 	at android.app.Instrumentation$InstrumentationThread.run(Instrumentation.java:2446)
10-09 16:56:31.677  2625  2657 E AndroidRuntime: Caused by: android.os.DeadObjectException
10-09 16:56:31.677  2625  2657 E AndroidRuntime: 	at android.os.BinderProxy.transactNative(Native Method)
10-09 16:56:31.677  2625  2657 E AndroidRuntime: 	at android.os.BinderProxy.transact(BinderProxy.java:639)
10-09 16:56:31.677  2625  2657 E AndroidRuntime: 	at android.app.IUiAutomationConnection$Stub$Proxy.disconnect(IUiAutomationConnection.java:471)
10-09 16:56:31.677  2625  2657 E AndroidRuntime: 	at android.app.UiAutomation.disconnect(UiAutomation.java:449)
10-09 16:56:31.677  2625  2657 E AndroidRuntime: 	... 5 more
10-10 10:32:35.124 15632 15655 E AndroidRuntime: FATAL EXCEPTION: Instr: androidx.test.runner.AndroidJUnitRunner
10-10 10:32:35.124 15632 15655 E AndroidRuntime: Process: io.appium.uiautomator2.server, PID: 15632
10-10 10:32:35.124 15632 15655 E AndroidRuntime: java.lang.RuntimeException: Error while disconnecting UiAutomation@c967aad[id=-1, displayId=0, flags=0]
10-10 10:32:35.124 15632 15655 E AndroidRuntime: 	at android.app.UiAutomation.disconnect(UiAutomation.java:451)
10-10 10:32:35.124 15632 15655 E AndroidRuntime: 	at android.app.Instrumentation.finish(Instrumentation.java:275)
10-10 10:32:35.124 15632 15655 E AndroidRuntime: 	at androidx.test.runner.MonitoringInstrumentation.finish(MonitoringInstrumentation.java:381)
10-10 10:32:35.124 15632 15655 E AndroidRuntime: 	at androidx.test.runner.AndroidJUnitRunner.finish(AndroidJUnitRunner.java:463)
10-10 10:32:35.124 15632 15655 E AndroidRuntime: 	at androidx.test.runner.AndroidJUnitRunner.onStart(AndroidJUnitRunner.java:452)
10-10 10:32:35.124 15632 15655 E AndroidRuntime: 	at android.app.Instrumentation$InstrumentationThread.run(Instrumentation.java:2446)
10-10 10:32:35.124 15632 15655 E AndroidRuntime: Caused by: android.os.DeadObjectException
10-10 10:32:35.124 15632 15655 E AndroidRuntime: 	at android.os.BinderProxy.transactNative(Native Method)
10-10 10:32:35.124 15632 15655 E AndroidRuntime: 	at android.os.BinderProxy.transact(BinderProxy.java:639)
10-10 10:32:35.124 15632 15655 E AndroidRuntime: 	at android.app.IUiAutomationConnection$Stub$Proxy.disconnect(IUiAutomationConnection.java:471)
10-10 10:32:35.124 15632 15655 E AndroidRuntime: 	at android.app.UiAutomation.disconnect(UiAutomation.java:449)
10-10 10:32:35.124 15632 15655 E AndroidRuntime: 	... 5 more
--------- beginning of system
10-10 15:16:02.388  2042 14682 I PFTBT   : Transport rejected backup of com.android.systemui.accessibility.accessibilitymenu, skipping
10-10 15:16:02.388  2042 14682 I PFTBT   : Unbinding agent in com.android.systemui.accessibility.accessibilitymenu
10-10 15:16:02.388  2042 14682 W ActivityManager: Unbinding backup agent with no active backup
10-10 15:16:02.388  2042 14682 I PFTBT   : Full backup completed with status: 0
10-10 15:16:02.391  2042 14682 D ActivityManager: checkAllowBackground: uid=1000 pkg=android rec=UidRecord{b77cac0 1000 PER  fgServices change:procadj procs:0 seq(1285566,448524)} caps=LCMNFU always=false idle=false
10-10 15:16:02.394  2042 14682 I PFTBT   : Full data backup pass finished.
10-10 15:16:02.394  2042 14682 I BackupManagerService: [UserID:0] Released wakelock:*backup*-0-6603
10-10 15:16:02.394  2042  2042 I BackupManagerService: [UserID:0] Beginning scheduled full backup operation
10-10 15:16:02.395  2042  2042 D PFTBT   : backupmanager pftbt token=52788f7d
10-10 15:16:02.395  2042  2042 I BackupManagerService: [UserID:0] Acquired wakelock:*backup*-0-6603
10-10 15:16:02.405  2042  2042 I TransportConnection: BackupTransportService#3401: Notifying [PFTBT.run()] transport = BackupTransportClient
10-10 15:16:02.407  2042 14684 I PFTBT   : Initiating full-data transport backup of com.google.android.wifi.resources.overlay.common token: 1383632765
10-10 15:16:02.409  2042  9053 D BackupTransportManager: [UserID:0] Transport com.google.android.gms/.backup.BackupTransportService updated its attributes
10-10 15:16:02.413  2042 14684 I PFTBT   : Transport rejected backup of com.google.android.wifi.resources.overlay.common, skipping
10-10 15:16:02.413  2042 14684 I PFTBT   : Unbinding agent in com.google.android.wifi.resources.overlay.common
10-10 15:16:02.413  2042 14684 W ActivityManager: Unbinding backup agent with no active backup
10-10 15:16:02.413  2042 14684 I PFTBT   : Full backup completed with status: 0
10-10 15:16:02.420  2042 14684 D ActivityManager: checkAllowBackground: uid=1000 pkg=android rec=UidRecord{b77cac0 1000 PER  fgServices change:procadj procs:0 seq(1285566,448524)} caps=LCMNFU always=false idle=false
10-10 15:16:02.423  2042 14684 I PFTBT   : Full data backup pass finished.
10-10 15:16:02.423  2042 14684 I BackupManagerService: [UserID:0] Released wakelock:*backup*-0-6603
10-10 15:16:02.424  2042  2042 I BackupManagerService: [UserID:0] Beginning scheduled full backup operation
10-10 15:16:02.424  2042  2042 D PFTBT   : backupmanager pftbt token=6b384c7f
10-10 15:16:02.425  2042  2042 I BackupManagerService: [UserID:0] Acquired wakelock:*backup*-0-6603
10-10 15:16:02.434  2042  2042 I TransportConnection: BackupTransportService#3402: Notifying [PFTBT.run()] transport = BackupTransportClient
10-10 15:16:02.437  2042 14685 I PFTBT   : Initiating full-data transport backup of com.android.phone.cust.overlay.miui token: 1798851711
10-10 15:16:02.438  2042  3096 D BackupTransportManager: [UserID:0] Transport com.google.android.gms/.backup.BackupTransportService updated its attributes
10-10 15:16:02.445  2042 14685 I PFTBT   : Transport rejected backup of com.android.phone.cust.overlay.miui, skipping
10-10 15:16:02.446  2042 14685 I PFTBT   : Unbinding agent in com.android.phone.cust.overlay.miui
10-10 15:16:02.446  2042 14685 W ActivityManager: Unbinding backup agent with no active backup
10-10 15:16:02.446  2042 14685 I PFTBT   : Full backup completed with status: 0
10-10 15:16:02.452  2042 14685 D ActivityManager: checkAllowBackground: uid=1000 pkg=android rec=UidRecord{b77cac0 1000 PER  fgServices change:procadj procs:0 seq(1285566,448524)} caps=LCMNFU always=false idle=false
10-10 15:16:02.454  2042 14685 I PFTBT   : Full data backup pass finished.
10-10 15:16:02.454  2042 14685 I BackupManagerService: [UserID:0] Released wakelock:*backup*-0-6603
10-10 15:16:02.455  2042  2042 I BackupManagerService: [UserID:0] Beginning scheduled full backup operation
10-10 15:16:02.455  2042  2042 D PFTBT   : backupmanager pftbt token=1ea70981
10-10 15:16:02.456  2042  2042 I BackupManagerService: [UserID:0] Acquired wakelock:*backup*-0-6603
10-10 15:16:02.467  2042  2042 I TransportConnection: BackupTransportService#3403: Notifying [PFTBT.run()] transport = BackupTransportClient
10-10 15:16:02.470  2042 14686 I PFTBT   : Initiating full-data transport backup of com.xiaomi.phone.overlay token: 514263425
10-10 15:16:02.472  2042  6981 D BackupTransportManager: [UserID:0] Transport com.google.android.gms/.backup.BackupTransportService updated its attributes
10-10 15:16:02.479  2042 14686 I PFTBT   : Transport rejected backup of com.xiaomi.phone.overlay, skipping
10-10 15:16:02.479  2042 14686 I PFTBT   : Unbinding agent in com.xiaomi.phone.overlay
10-10 15:16:02.479  2042 14686 W ActivityManager: Unbinding backup agent with no active backup
10-10 15:16:02.479  2042 14686 I PFTBT   : Full backup completed with status: 0
10-10 15:16:02.494  2042 14686 D ActivityManager: checkAllowBackground: uid=1000 pkg=android rec=UidRecord{b77cac0 1000 PER  fgServices change:procadj procs:0 seq(1285566,448524)} caps=LCMNFU always=false idle=false
10-10 15:16:02.497  2042 14686 I PFTBT   : Full data backup pass finished.
10-10 15:16:02.497  2042 14686 I BackupManagerService: [UserID:0] Released wakelock:*backup*-0-6603
10-10 15:16:02.497  2042  2042 I BackupManagerService: [UserID:0] Beginning scheduled full backup operation
10-10 15:16:02.498  2042  2042 D PFTBT   : backupmanager pftbt token=6d1c2c83
10-10 15:16:02.499  2042  2042 I BackupManagerService: [UserID:0] Acquired wakelock:*backup*-0-6603
10-10 15:16:02.508  2042  2042 I TransportConnection: BackupTransportService#3404: Notifying [PFTBT.run()] transport = BackupTransportClient
10-10 15:16:02.510  2042 14688 I PFTBT   : Initiating full-data transport backup of com.android.rkpdapp token: 1830562947
10-10 15:16:02.512  2042  6981 D BackupTransportManager: [UserID:0] Transport com.google.android.gms/.backup.BackupTransportService updated its attributes
10-10 15:16:02.517  2042 14688 I PFTBT   : Transport rejected backup of com.android.rkpdapp, skipping
10-10 15:16:02.517  2042 14688 I PFTBT   : Unbinding agent in com.android.rkpdapp
10-10 15:16:02.517  2042 14688 W ActivityManager: Unbinding backup agent with no active backup
10-10 15:16:02.517  2042 14688 I PFTBT   : Full backup completed with status: 0
10-10 15:16:02.524  2042 14688 D ActivityManager: checkAllowBackground: uid=1000 pkg=android rec=UidRecord{b77cac0 1000 PER  fgServices change:procadj procs:0 seq(1285566,448524)} caps=LCMNFU always=false idle=false
10-10 15:16:02.527  2042 14688 I PFTBT   : Full data backup pass finished.
10-10 15:16:02.527  2042 14688 I BackupManagerService: [UserID:0] Released wakelock:*backup*-0-6603
10-10 15:16:02.528  2042  2042 I BackupManagerService: [UserID:0] Beginning scheduled full backup operation
10-10 15:16:02.528  2042  2042 D PFTBT   : backupmanager pftbt token=58368285
10-10 15:16:02.529  2042  2042 I BackupManagerService: [UserID:0] Acquired wakelock:*backup*-0-6603
10-10 15:16:02.540  2042  2042 I TransportConnection: BackupTransportService#3405: Notifying [PFTBT.run()] transport = BackupTransportClient
10-10 15:16:02.543  2042 14689 I PFTBT   : Initiating full-data transport backup of com.android.thememanager.customizethemeconfig.config.overlay token: 1479967365
10-10 15:16:02.544  2042  9053 D BackupTransportManager: [UserID:0] Transport com.google.android.gms/.backup.BackupTransportService updated its attributes
10-10 15:16:02.552  2042 14689 I PFTBT   : Transport rejected backup of com.android.thememanager.customizethemeconfig.config.overlay, skipping
10-10 15:16:02.552  2042 14689 I PFTBT   : Unbinding agent in com.android.thememanager.customizethemeconfig.config.overlay
10-10 15:16:02.552  2042 14689 W ActivityManager: Unbinding backup agent with no active backup
10-10 15:16:02.552  2042 14689 I PFTBT   : Full backup completed with status: 0
10-10 15:16:02.567  2042 14689 D ActivityManager: checkAllowBackground: uid=1000 pkg=android rec=UidRecord{b77cac0 1000 PER  fgServices change:procadj procs:0 seq(1285566,448524)} caps=LCMNFU always=false idle=false
10-10 15:16:02.569  2042 14689 I PFTBT   : Full data backup pass finished.
10-10 15:16:02.570  2042 14689 I BackupManagerService: [UserID:0] Released wakelock:*backup*-0-6603
10-10 15:16:02.570  2042  2042 I BackupManagerService: [UserID:0] Beginning scheduled full backup operation
10-10 15:16:02.571  2042  2042 D PFTBT   : backupmanager pftbt token=f363987
10-10 15:16:02.571  2042  2042 I BackupManagerService: [UserID:0] Acquired wakelock:*backup*-0-6603
10-10 15:16:02.581  2042  2042 I TransportConnection: BackupTransportService#3406: Notifying [PFTBT.run()] transport = BackupTransportClient
10-10 15:16:02.584  2042 14690 I PFTBT   : Initiating full-data transport backup of com.android.credentialmanager token: 255211911
10-10 15:16:02.586  2042  6981 D BackupTransportManager: [UserID:0] Transport com.google.android.gms/.backup.BackupTransportService updated its attributes
10-10 15:16:02.595  2042 14690 I PFTBT   : Transport rejected backup of com.android.credentialmanager, skipping
10-10 15:16:02.595  2042 14690 I PFTBT   : Unbinding agent in com.android.credentialmanager
10-10 15:16:02.595  2042 14690 W ActivityManager: Unbinding backup agent with no active backup
10-10 15:16:02.595  2042 14690 I PFTBT   : Full backup completed with status: 0
10-10 15:16:02.601  2042 14690 D ActivityManager: checkAllowBackground: uid=1000 pkg=android rec=UidRecord{b77cac0 1000 PER  fgServices change:procadj procs:0 seq(1285566,448524)} caps=LCMNFU always=false idle=false
10-10 15:16:02.603  2042 14690 I PFTBT   : Full data backup pass finished.
10-10 15:16:02.604  2042 14690 I BackupManagerService: [UserID:0] Released wakelock:*backup*-0-6603
10-10 15:16:02.604  2042  2042 I BackupManagerService: [UserID:0] Beginning scheduled full backup operation
10-10 15:16:02.605  2042  2042 D PFTBT   : backupmanager pftbt token=31b50689
10-10 15:16:02.606  2042  2042 I BackupManagerService: [UserID:0] Acquired wakelock:*backup*-0-6603
10-10 15:16:02.621  2042  2042 I TransportConnection: BackupTransportService#3407: Notifying [PFTBT.run()] transport = BackupTransportClient
10-10 15:16:02.625  2042 14692 I PFTBT   : Initiating full-data transport backup of com.android.intentresolver token: 833947273
10-10 15:16:02.627  2042  3096 D BackupTransportManager: [UserID:0] Transport com.google.android.gms/.backup.BackupTransportService updated its attributes
10-10 15:16:02.631  2042 14692 I PFTBT   : Transport rejected backup of com.android.intentresolver, skipping
10-10 15:16:02.632  2042 14692 I PFTBT   : Unbinding agent in com.android.intentresolver
10-10 15:16:02.632  2042 14692 W ActivityManager: Unbinding backup agent with no active backup
10-10 15:16:02.632  2042 14692 I PFTBT   : Full backup completed with status: 0
10-10 15:16:02.636  2042 14692 D ActivityManager: checkAllowBackground: uid=1000 pkg=android rec=UidRecord{b77cac0 1000 PER  fgServices change:procadj procs:0 seq(1285566,448524)} caps=LCMNFU always=false idle=false
10-10 15:16:02.638  2042 14692 I PFTBT   : Full data backup pass finished.
10-10 15:16:02.639  2042 14692 I BackupManagerService: [UserID:0] Released wakelock:*backup*-0-6603
10-10 15:16:02.639  2042  2042 I BackupManagerService: [UserID:0] Beginning scheduled full backup operation
10-10 15:16:02.639  2042  2042 D PFTBT   : backupmanager pftbt token=7933228b
10-10 15:16:02.639  2042  2042 I BackupManagerService: [UserID:0] Acquired wakelock:*backup*-0-6603
10-10 15:16:02.650  2042  2042 I TransportConnection: BackupTransportService#3408: Notifying [PFTBT.run()] transport = BackupTransportClient
10-10 15:16:02.653  2042 14699 I PFTBT   : Initiating full-data transport backup of com.android.internal.systemui.navbar.transparent token: 2033394315
10-10 15:16:02.653  2042  3096 D BackupTransportManager: [UserID:0] Transport com.google.android.gms/.backup.BackupTransportService updated its attributes
10-10 15:16:02.660  2042 14699 I PFTBT   : Transport rejected backup of com.android.internal.systemui.navbar.transparent, skipping
10-10 15:16:02.660  2042 14699 I PFTBT   : Unbinding agent in com.android.internal.systemui.navbar.transparent
10-10 15:16:02.661  2042 14699 W ActivityManager: Unbinding backup agent with no active backup
10-10 15:16:02.661  2042 14699 I PFTBT   : Full backup completed with status: 0
10-10 15:16:02.664  2042 14699 D ActivityManager: checkAllowBackground: uid=1000 pkg=android rec=UidRecord{b77cac0 1000 PER  fgServices change:procadj procs:0 seq(1285566,448524)} caps=LCMNFU always=false idle=false
10-10 15:16:02.666  2042 14699 I PFTBT   : Full data backup pass finished.
10-10 15:16:02.666  2042 14699 I BackupManagerService: [UserID:0] Released wakelock:*backup*-0-6603
10-10 15:16:02.667  2042  2042 I BackupManagerService: [UserID:0] Beginning scheduled full backup operation
10-10 15:16:02.667  2042  2042 D PFTBT   : backupmanager pftbt token=5248978d
10-10 15:16:02.668  2042  2042 I BackupManagerService: [UserID:0] Acquired wakelock:*backup*-0-6603
10-10 15:16:02.682  2042  2042 I TransportConnection: BackupTransportService#3409: Notifying [PFTBT.run()] transport = BackupTransportClient
10-10 15:16:02.684  2042 14701 I PFTBT   : Initiating full-data transport backup of com.miui.miwallpaper.config.overlay token: 1380489101
10-10 15:16:02.688  2042  9053 D BackupTransportManager: [UserID:0] Transport com.google.android.gms/.backup.BackupTransportService updated its attributes
10-10 15:16:02.693  2042 14701 I PFTBT   : Transport rejected backup of com.miui.miwallpaper.config.overlay, skipping
10-10 15:16:02.693  2042 14701 I PFTBT   : Unbinding agent in com.miui.miwallpaper.config.overlay
10-10 15:16:02.695  2042 14701 W ActivityManager: Unbinding backup agent with no active backup
10-10 15:16:02.695  2042 14701 I PFTBT   : Full backup completed with status: 0
10-10 15:16:02.705  2042 14701 D ActivityManager: checkAllowBackground: uid=1000 pkg=android rec=UidRecord{b77cac0 1000 PER  fgServices change:procadj procs:0 seq(1285566,448524)} caps=LCMNFU always=false idle=false
10-10 15:16:02.707  2042 14701 I PFTBT   : Full data backup pass finished.
10-10 15:16:02.707  2042  2042 I BackupManagerService: [UserID:0] Beginning scheduled full backup operation
10-10 15:16:02.707  2042 14701 I BackupManagerService: [UserID:0] Released wakelock:*backup*-0-6603
10-10 15:16:02.708  2042  2042 D PFTBT   : backupmanager pftbt token=3b77888f
10-10 15:16:02.708  2042  2042 I BackupManagerService: [UserID:0] Acquired wakelock:*backup*-0-6603
10-10 15:16:02.723  2042  2042 I TransportConnection: BackupTransportService#3410: Notifying [PFTBT.run()] transport = BackupTransportClient
10-10 15:16:02.725  2042 14703 I PFTBT   : Initiating full-data transport backup of com.google.android.overlay.devicelockcontroller token: 997689487
10-10 15:16:02.725  2042  6981 D BackupTransportManager: [UserID:0] Transport com.google.android.gms/.backup.BackupTransportService updated its attributes
10-10 15:16:02.732  2042 14703 I PFTBT   : Transport rejected backup of com.google.android.overlay.devicelockcontroller, skipping
10-10 15:16:02.733  2042 14703 I PFTBT   : Unbinding agent in com.google.android.overlay.devicelockcontroller
10-10 15:16:02.734  2042 14703 W ActivityManager: Unbinding backup agent with no active backup
10-10 15:16:02.734  2042 14703 I PFTBT   : Full backup completed with status: 0
10-10 15:16:02.749  2042 14703 D ActivityManager: checkAllowBackground: uid=1000 pkg=android rec=UidRecord{b77cac0 1000 PER  fgServices change:procadj procs:0 seq(1285566,448524)} caps=LCMNFU always=false idle=false
10-10 15:16:02.751  2042 14703 I PFTBT   : Full data backup pass finished.
10-10 15:16:02.751  2042 14703 I BackupManagerService: [UserID:0] Released wakelock:*backup*-0-6603
10-10 15:16:02.752  2042  2042 I BackupManagerService: [UserID:0] Beginning scheduled full backup operation
10-10 15:16:02.752  2042  2042 D PFTBT   : backupmanager pftbt token=31549b91
10-10 15:16:02.753  2042  2042 I BackupManagerService: [UserID:0] Acquired wakelock:*backup*-0-6603
10-10 15:16:02.773  2042  2042 I TransportConnection: BackupTransportService#3411: Notifying [PFTBT.run()] transport = BackupTransportClient
10-10 15:16:02.777  2042 14704 I PFTBT   : Initiating full-data transport backup of android.aosp.overlay.telephony token: 827628433
10-10 15:16:02.779  2042  9053 D BackupTransportManager: [UserID:0] Transport com.google.android.gms/.backup.BackupTransportService updated its attributes
10-10 15:16:02.787  2042 14704 I PFTBT   : Transport rejected backup of android.aosp.overlay.telephony, skipping
10-10 15:16:02.787  2042 14704 I PFTBT   : Unbinding agent in android.aosp.overlay.telephony
10-10 15:16:02.788  2042 14704 W ActivityManager: Unbinding backup agent with no active backup
10-10 15:16:02.788  2042 14704 I PFTBT   : Full backup completed with status: 0
10-10 15:16:02.791  2042 14704 D ActivityManager: checkAllowBackground: uid=1000 pkg=android rec=UidRecord{b77cac0 1000 PER  fgServices change:procadj procs:0 seq(1285566,448524)} caps=LCMNFU always=false idle=false
10-10 15:16:02.793  2042 14704 I PFTBT   : Full data backup pass finished.
10-10 15:16:02.793  2042 14704 I BackupManagerService: [UserID:0] Released wakelock:*backup*-0-6603
10-10 15:16:02.794  2042  2042 I BackupManagerService: [UserID:0] Beginning scheduled full backup operation
10-10 15:16:02.794  2042  2042 D PFTBT   : backupmanager pftbt token=54cb2c93
10-10 15:16:02.794  2042  2042 I BackupManagerService: [UserID:0] Acquired wakelock:*backup*-0-6603
10-10 15:16:02.808  2042  2042 I TransportConnection: BackupTransportService#3412: Notifying [PFTBT.run()] transport = BackupTransportClient
10-10 15:16:02.811  2042 14705 I PFTBT   : Initiating full-data transport backup of com.miui.permissioncontroller.overlay token: 1422601363
10-10 15:16:02.812  2042  9053 D BackupTransportManager: [UserID:0] Transport com.google.android.gms/.backup.BackupTransportService updated its attributes
10-10 15:16:02.817  2042 14705 I PFTBT   : Transport rejected backup of com.miui.permissioncontroller.overlay, skipping
10-10 15:16:02.817  2042 14705 I PFTBT   : Unbinding agent in com.miui.permissioncontroller.overlay
10-10 15:16:02.817  2042 14705 W ActivityManager: Unbinding backup agent with no active backup
10-10 15:16:02.817  2042 14705 I PFTBT   : Full backup completed with status: 0
10-10 15:16:02.826  2042 14705 D ActivityManager: checkAllowBackground: uid=1000 pkg=android rec=UidRecord{b77cac0 1000 PER  fgServices change:procadj procs:0 seq(1285566,448524)} caps=LCMNFU always=false idle=false
10-10 15:16:02.830  2042 14705 I PFTBT   : Full data backup pass finished.
10-10 15:16:02.831  2042 14705 I BackupManagerService: [UserID:0] Released wakelock:*backup*-0-6603
10-10 15:16:02.831  2042  2042 I BackupManagerService: [UserID:0] Beginning scheduled full backup operation
10-10 15:16:02.832  2042  2042 D PFTBT   : backupmanager pftbt token=4a82995
10-10 15:16:02.833  2042  2042 I BackupManagerService: [UserID:0] Acquired wakelock:*backup*-0-6603
10-10 15:16:02.851  2042  2042 I TransportConnection: BackupTransportService#3413: Notifying [PFTBT.run()] transport = BackupTransportClient
10-10 15:16:02.854  2042 14706 I PFTBT   : Initiating full-data transport backup of com.android.role.notes.enabled token: 78129557
10-10 15:16:02.862  2042 14706 I PFTBT   : Transport rejected backup of com.android.role.notes.enabled, skipping
10-10 15:16:02.863  2042 14706 I PFTBT   : Unbinding agent in com.android.role.notes.enabled
10-10 15:16:02.863  2042 14706 W ActivityManager: Unbinding backup agent with no active backup
10-10 15:16:02.863  2042 14706 I PFTBT   : Full backup completed with status: 0
10-10 15:16:02.863  2042  6981 D BackupTransportManager: [UserID:0] Transport com.google.android.gms/.backup.BackupTransportService updated its attributes
10-10 15:16:02.867  2042 14706 D ActivityManager: checkAllowBackground: uid=1000 pkg=android rec=UidRecord{b77cac0 1000 PER  fgServices change:procadj procs:0 seq(1285566,448524)} caps=LCMNFU always=false idle=false
10-10 15:16:02.872  2042 14706 I PFTBT   : Full data backup pass finished.
10-10 15:16:02.872  2042 14706 I BackupManagerService: [UserID:0] Released wakelock:*backup*-0-6603
10-10 15:16:02.875  2042  2042 I BackupManagerService: [UserID:0] Beginning scheduled full backup operation
10-10 15:16:02.875  2042  2042 D PFTBT   : backupmanager pftbt token=5b830097
10-10 15:16:02.876  2042  2042 I BackupManagerService: [UserID:0] Acquired wakelock:*backup*-0-6603
10-10 15:16:02.889  2042  2042 I TransportConnection: BackupTransportService#3414: Notifying [PFTBT.run()] transport = BackupTransportClient
10-10 15:16:02.891  2042 14707 I PFTBT   : Initiating full-data transport backup of com.android.networkstack.overlay.miui token: 1535312023
10-10 15:16:02.898  2042  6981 D BackupTransportManager: [UserID:0] Transport com.google.android.gms/.backup.BackupTransportService updated its attributes
10-10 15:16:02.905  2042 14707 I PFTBT   : Transport rejected backup of com.android.networkstack.overlay.miui, skipping
10-10 15:16:02.905  2042 14707 I PFTBT   : Unbinding agent in com.android.networkstack.overlay.miui
10-10 15:16:02.905  2042 14707 W ActivityManager: Unbinding backup agent with no active backup
10-10 15:16:02.905  2042 14707 I PFTBT   : Full backup completed with status: 0
10-10 15:16:02.913  2042 14707 D ActivityManager: checkAllowBackground: uid=1000 pkg=android rec=UidRecord{b77cac0 1000 PER  fgServices change:procadj procs:0 seq(1285566,448524)} caps=LCMNFU always=false idle=false
10-10 15:16:02.920  2042 14707 I PFTBT   : Full data backup pass finished.
10-10 15:16:02.920  2042 14707 I BackupManagerService: [UserID:0] Released wakelock:*backup*-0-6603
10-10 15:16:02.922  2042  2042 I BackupManagerService: [UserID:0] Beginning scheduled full backup operation
10-10 15:16:02.922  2042  2042 D PFTBT   : backupmanager pftbt token=58b4a399
10-10 15:16:02.923  2042  2042 I BackupManagerService: [UserID:0] Acquired wakelock:*backup*-0-6603
10-10 15:16:02.940  2042  2042 I TransportConnection: BackupTransportService#3415: Notifying [PFTBT.run()] transport = BackupTransportClient
10-10 15:16:02.943  2042 14708 I PFTBT   : Initiating full-data transport backup of com.android.imsserviceentitlement token: 1488233369
10-10 15:16:02.947  2042  6981 D BackupTransportManager: [UserID:0] Transport com.google.android.gms/.backup.BackupTransportService updated its attributes
10-10 15:16:02.950  2042 14708 I PFTBT   : Transport rejected backup of com.android.imsserviceentitlement, skipping
10-10 15:16:02.950  2042 14708 I PFTBT   : Unbinding agent in com.android.imsserviceentitlement
10-10 15:16:02.951  2042 14708 W ActivityManager: Unbinding backup agent with no active backup
10-10 15:16:02.951  2042 14708 I PFTBT   : Full backup completed with status: 0
10-10 15:16:02.959  2042 14708 D ActivityManager: checkAllowBackground: uid=1000 pkg=android rec=UidRecord{b77cac0 1000 PER  fgServices change:procadj procs:0 seq(1285566,448524)} caps=LCMNFU always=false idle=false
10-10 15:16:02.963  2042 14708 I PFTBT   : Full data backup pass finished.
10-10 15:16:02.964  2042  2042 I BackupManagerService: [UserID:0] Beginning scheduled full backup operation
10-10 15:16:02.964  2042 14708 I BackupManagerService: [UserID:0] Released wakelock:*backup*-0-6603
10-10 15:16:02.965  2042  2042 D PFTBT   : backupmanager pftbt token=7ddd0d9b
10-10 15:16:02.965  2042  2042 I BackupManagerService: [UserID:0] Acquired wakelock:*backup*-0-6603
10-10 15:16:02.979  2042  2042 I TransportConnection: BackupTransportService#3416: Notifying [PFTBT.run()] transport = BackupTransportClient
10-10 15:16:02.981  2042 14711 I PFTBT   : Initiating full-data transport backup of com.google.android.healthconnect.controller token: 2111638939
10-10 15:16:02.988  2042  9053 D BackupTransportManager: [UserID:0] Transport com.google.android.gms/.backup.BackupTransportService updated its attributes
10-10 15:16:02.993  2042 14711 I PFTBT   : Transport rejected backup of com.google.android.healthconnect.controller, skipping
10-10 15:16:02.994  2042 14711 I PFTBT   : Unbinding agent in com.google.android.healthconnect.controller
10-10 15:16:02.994  2042 14711 W ActivityManager: Unbinding backup agent with no active backup
10-10 15:16:02.994  2042 14711 I PFTBT   : Full backup completed with status: 0
10-10 15:16:03.000  2042 14711 D ActivityManager: checkAllowBackground: uid=1000 pkg=android rec=UidRecord{b77cac0 1000 PER  fgServices change:procadj procs:0 seq(1285566,448524)} caps=LCMNFU always=false idle=false
10-10 15:16:03.006  2042 14711 I PFTBT   : Full data backup pass finished.
10-10 15:16:03.006  2042 14711 I BackupManagerService: [UserID:0] Released wakelock:*backup*-0-6603
10-10 15:16:03.006  2042  2042 I BackupManagerService: [UserID:0] Beginning scheduled full backup operation
10-10 15:16:03.007  2042  2042 D PFTBT   : backupmanager pftbt token=6fa7449d
10-10 15:16:03.008  2042  2042 I BackupManagerService: [UserID:0] Acquired wakelock:*backup*-0-6603
10-10 15:16:03.026  2042  2042 I TransportConnection: BackupTransportService#3417: Notifying [PFTBT.run()] transport = BackupTransportClient
10-10 15:16:03.028  2042  3524 I SmartPower: com.google.android.permissioncontroller/10214(21951): background->idle(13159ms) R(service end com.google.android.permissioncontroller/com.android.permissioncontroller.permission.service.PermissionControllerServiceImpl) adj=100.
10-10 15:16:03.029  2042 14712 I PFTBT   : Initiating full-data transport backup of com.miui.yellowpage token: 1873233053
10-10 15:16:03.032  2042  4020 D BackupTransportManager: [UserID:0] Transport com.google.android.gms/.backup.BackupTransportService updated its attributes
10-10 15:16:03.039  2042 14712 I PFTBT   : Transport rejected backup of com.miui.yellowpage, skipping
10-10 15:16:03.039  2042 14712 I PFTBT   : Unbinding agent in com.miui.yellowpage
10-10 15:16:03.039  2042 14712 W ActivityManager: Unbinding backup agent with no active backup
10-10 15:16:03.039  2042 14712 I PFTBT   : Full backup completed with status: 0
10-10 15:16:03.047  2042 14712 D ActivityManager: checkAllowBackground: uid=1000 pkg=android rec=UidRecord{b77cac0 1000 PER  fgServices change:procadj procs:0 seq(1285566,448524)} caps=LCMNFU always=false idle=false
10-10 15:16:03.051  2042 14712 I PFTBT   : Full data backup pass finished.
10-10 15:16:03.051  2042  2042 I BackupManagerService: [UserID:0] Beginning scheduled full backup operation
10-10 15:16:03.052  2042 14712 I BackupManagerService: [UserID:0] Released wakelock:*backup*-0-6603
10-10 15:16:03.052  2042  2042 D PFTBT   : backupmanager pftbt token=79ec2a9f
10-10 15:16:03.053  2042  2042 I BackupManagerService: [UserID:0] Acquired wakelock:*backup*-0-6603
10-10 15:16:03.069  2042  2042 I TransportConnection: BackupTransportService#3418: Notifying [PFTBT.run()] transport = BackupTransportClient
10-10 15:16:03.073  2042 14713 I PFTBT   : Initiating full-data transport backup of android.miui.overlay.telephony token: 2045520543
10-10 15:16:03.075  2042  3096 D BackupTransportManager: [UserID:0] Transport com.google.android.gms/.backup.BackupTransportService updated its attributes
10-10 15:16:03.082  2042 14713 I PFTBT   : Transport rejected backup of android.miui.overlay.telephony, skipping
10-10 15:16:03.082  2042 14713 I PFTBT   : Unbinding agent in android.miui.overlay.telephony
10-10 15:16:03.082  2042 14713 W ActivityManager: Unbinding backup agent with no active backup
10-10 15:16:03.082  2042 14713 I PFTBT   : Full backup completed with status: 0
10-10 15:16:03.091  2042 14713 D ActivityManager: checkAllowBackground: uid=1000 pkg=android rec=UidRecord{b77cac0 1000 PER  fgServices change:procadj procs:0 seq(1285566,448524)} caps=LCMNFU always=false idle=false
10-10 15:16:03.094  2042 14713 I PFTBT   : Full data backup pass finished.
10-10 15:16:03.094  2042 14713 I BackupManagerService: [UserID:0] Released wakelock:*backup*-0-6603
10-10 15:16:03.095  2042  2042 I BackupManagerService: [UserID:0] Beginning scheduled full backup operation
10-10 15:16:03.096  2042  2042 D PFTBT   : backupmanager pftbt token=5101d2a1
10-10 15:16:03.098  2042  2042 I BackupManagerService: [UserID:0] Acquired wakelock:*backup*-0-6603
10-10 15:16:03.102  2042  3524 I SmartPower: com.miui.cloudservice/10106(24002): background->idle(3001ms) R(content provider start ContentProviderRecord{b59b534 u0 com.miui.cloudservice/.stat.StatProvider}) adj=700.
10-10 15:16:03.114  2042  2042 I TransportConnection: BackupTransportService#3419: Notifying [PFTBT.run()] transport = BackupTransportClient
10-10 15:16:03.118  2042  4020 D BackupTransportManager: [UserID:0] Transport com.google.android.gms/.backup.BackupTransportService updated its attributes
10-10 15:16:03.118  2042 14714 I PFTBT   : Initiating full-data transport backup of com.miui.mediaviewer token: 1359073953
10-10 15:16:03.127  2042 14714 I PFTBT   : Transport rejected backup of com.miui.mediaviewer, skipping
10-10 15:16:03.127  2042 14714 I PFTBT   : Unbinding agent in com.miui.mediaviewer
10-10 15:16:03.127  2042 14714 W ActivityManager: Unbinding backup agent with no active backup
10-10 15:16:03.127  2042 14714 I PFTBT   : Full backup completed with status: 0
10-10 15:16:03.132  2042 14714 D ActivityManager: checkAllowBackground: uid=1000 pkg=android rec=UidRecord{b77cac0 1000 PER  fgServices change:procadj procs:0 seq(1285566,448524)} caps=LCMNFU always=false idle=false
10-10 15:16:03.134  2042 14714 I PFTBT   : Full data backup pass finished.
10-10 15:16:03.134  2042 14714 I BackupManagerService: [UserID:0] Released wakelock:*backup*-0-6603
10-10 15:16:03.135  2042  2042 I BackupManagerService: [UserID:0] Beginning scheduled full backup operation
10-10 15:16:03.135  2042  2042 D PFTBT   : backupmanager pftbt token=6a3b0ea3
10-10 15:16:03.136  2042  2042 I BackupManagerService: [UserID:0] Acquired wakelock:*backup*-0-6603
10-10 15:16:03.147  2042  2042 I TransportConnection: BackupTransportService#3420: Notifying [PFTBT.run()] transport = BackupTransportClient
10-10 15:16:03.150  2042 14715 I PFTBT   : Initiating full-data transport backup of com.android.stk.overlay.miui token: 1782255267
10-10 15:16:03.151  2042  4020 D BackupTransportManager: [UserID:0] Transport com.google.android.gms/.backup.BackupTransportService updated its attributes
10-10 15:16:03.157  2042 14715 I PFTBT   : Transport rejected backup of com.android.stk.overlay.miui, skipping
10-10 15:16:03.157  2042 14715 I PFTBT   : Unbinding agent in com.android.stk.overlay.miui
10-10 15:16:03.157  2042 14715 W ActivityManager: Unbinding backup agent with no active backup
10-10 15:16:03.157  2042 14715 I PFTBT   : Full backup completed with status: 0
10-10 15:16:03.167  2042 14715 D ActivityManager: checkAllowBackground: uid=1000 pkg=android rec=UidRecord{b77cac0 1000 PER  fgServices change:procadj procs:0 seq(1285566,448524)} caps=LCMNFU always=false idle=false
10-10 15:16:03.169  2042 14715 I PFTBT   : Full data backup pass finished.
10-10 15:16:03.170  2042 14715 I BackupManagerService: [UserID:0] Released wakelock:*backup*-0-6603
10-10 15:16:03.170  2042  2042 I BackupManagerService: [UserID:0] Beginning scheduled full backup operation
10-10 15:16:03.171  2042  2042 D PFTBT   : backupmanager pftbt token=71fa2aa5
10-10 15:16:03.172  2042  2042 I BackupManagerService: [UserID:0] Acquired wakelock:*backup*-0-6603
10-10 15:16:03.189  2042  2042 I TransportConnection: BackupTransportService#3421: Notifying [PFTBT.run()] transport = BackupTransportClient
10-10 15:16:03.192  2042 14716 I PFTBT   : Initiating full-data transport backup of com.android.systemui.overlay.miui token: 1912220325
10-10 15:16:03.194  2042  4020 D BackupTransportManager: [UserID:0] Transport com.google.android.gms/.backup.BackupTransportService updated its attributes
10-10 15:16:03.200  2042 14716 I PFTBT   : Transport rejected backup of com.android.systemui.overlay.miui, skipping
10-10 15:16:03.200  2042 14716 I PFTBT   : Unbinding agent in com.android.systemui.overlay.miui
10-10 15:16:03.200  2042 14716 W ActivityManager: Unbinding backup agent with no active backup
10-10 15:16:03.200  2042 14716 I PFTBT   : Full backup completed with status: 0
10-10 15:16:03.205  2042 14716 D ActivityManager: checkAllowBackground: uid=1000 pkg=android rec=UidRecord{b77cac0 1000 PER  fgServices change:procadj procs:0 seq(1285566,448524)} caps=LCMNFU always=false idle=false
10-10 15:16:03.207  2042 14716 I PFTBT   : Full data backup pass finished.
10-10 15:16:03.207  2042 14716 I BackupManagerService: [UserID:0] Released wakelock:*backup*-0-6603
10-10 15:16:03.207  2042  2042 I BackupManagerService: [UserID:0] Beginning scheduled full backup operation
10-10 15:16:03.210  2042  2042 D PFTBT   : backupmanager pftbt token=36b399a7
10-10 15:16:03.211  2042  2042 I BackupManagerService: [UserID:0] Acquired wakelock:*backup*-0-6603
10-10 15:16:03.228  2042  2042 I TransportConnection: BackupTransportService#3422: Notifying [PFTBT.run()] transport = BackupTransportClient
10-10 15:16:03.232  2042  6981 D BackupTransportManager: [UserID:0] Transport com.google.android.gms/.backup.BackupTransportService updated its attributes
10-10 15:16:03.235  2042 14717 I PFTBT   : Initiating full-data transport backup of com.android.externalstorage token: 917739943
10-10 15:16:03.245  2042 14717 I PFTBT   : Transport rejected backup of com.android.externalstorage, skipping
10-10 15:16:03.245  2042 14717 I PFTBT   : Unbinding agent in com.android.externalstorage
10-10 15:16:03.245  2042 14717 W ActivityManager: Unbinding backup agent with no active backup
10-10 15:16:03.245  2042 14717 I PFTBT   : Full backup completed with status: 0
10-10 15:16:03.251  2042 14717 D ActivityManager: checkAllowBackground: uid=1000 pkg=android rec=UidRecord{b77cac0 1000 PER  fgServices change:procadj procs:0 seq(1285566,448524)} caps=LCMNFU always=false idle=false
10-10 15:16:03.254  2042 14717 I PFTBT   : Full data backup pass finished.
10-10 15:16:03.254  2042 14717 I BackupManagerService: [UserID:0] Released wakelock:*backup*-0-6603
10-10 15:16:03.256  2042  2042 I BackupManagerService: [UserID:0] Beginning scheduled full backup operation
10-10 15:16:03.257  2042  2042 D PFTBT   : backupmanager pftbt token=2ffd6ea9
10-10 15:16:03.258  2042  2042 I BackupManagerService: [UserID:0] Acquired wakelock:*backup*-0-6603
10-10 15:16:03.269  2042  2042 I TransportConnection: BackupTransportService#3423: Notifying [PFTBT.run()] transport = BackupTransportClient
10-10 15:16:03.272  2042 14718 I PFTBT   : Initiating full-data transport backup of com.qualcomm.uimremoteclient token: 805138089
10-10 15:16:03.274  2042  4020 D BackupTransportManager: [UserID:0] Transport com.google.android.gms/.backup.BackupTransportService updated its attributes
10-10 15:16:03.279  2042 14718 I PFTBT   : Transport rejected backup of com.qualcomm.uimremoteclient, skipping
10-10 15:16:03.280  2042 14718 I PFTBT   : Unbinding agent in com.qualcomm.uimremoteclient
10-10 15:16:03.280  2042 14718 W ActivityManager: Unbinding backup agent with no active backup
10-10 15:16:03.280  2042 14718 I PFTBT   : Full backup completed with status: 0
10-10 15:16:03.287  2042 14718 D ActivityManager: checkAllowBackground: uid=1000 pkg=android rec=UidRecord{b77cac0 1000 PER  fgServices change:procadj procs:0 seq(1285566,448524)} caps=LCMNFU always=false idle=false
10-10 15:16:03.293  2042 14718 I PFTBT   : Full data backup pass finished.
10-10 15:16:03.293  2042 14718 I BackupManagerService: [UserID:0] Released wakelock:*backup*-0-6603
10-10 15:16:03.293  2042  2042 I BackupManagerService: [UserID:0] Beginning scheduled full backup operation
10-10 15:16:03.294  2042  2042 D PFTBT   : backupmanager pftbt token=24d067ab
10-10 15:16:03.295  2042  2042 I BackupManagerService: [UserID:0] Acquired wakelock:*backup*-0-6603
10-10 15:16:03.312  2042  2042 I TransportConnection: BackupTransportService#3424: Notifying [PFTBT.run()] transport = BackupTransportClient
10-10 15:16:03.315  2042 14719 I PFTBT   : Initiating full-data transport backup of com.miui.extraphoto token: 617637803
10-10 15:16:03.322  2042  4020 D BackupTransportManager: [UserID:0] Transport com.google.android.gms/.backup.BackupTransportService updated its attributes
10-10 15:16:03.326  2042 14719 I PFTBT   : Transport rejected backup of com.miui.extraphoto, skipping
10-10 15:16:03.326  2042 14719 I PFTBT   : Unbinding agent in com.miui.extraphoto
10-10 15:16:03.327  2042 14719 W ActivityManager: Unbinding backup agent with no active backup
10-10 15:16:03.327  2042 14719 I PFTBT   : Full backup completed with status: 0
10-10 15:16:03.336  2042 14719 D ActivityManager: checkAllowBackground: uid=1000 pkg=android rec=UidRecord{b77cac0 1000 PER  fgServices change:procadj procs:0 seq(1285566,448524)} caps=LCMNFU always=false idle=false
10-10 15:16:03.339  2042 14719 I PFTBT   : Full data backup pass finished.
10-10 15:16:03.339  2042 14719 I BackupManagerService: [UserID:0] Released wakelock:*backup*-0-6603
10-10 15:16:03.341  2042  2042 I BackupManagerService: [UserID:0] Beginning scheduled full backup operation
10-10 15:16:03.341  2042  2042 D PFTBT   : backupmanager pftbt token=727fd1ad
10-10 15:16:03.342  2042  2042 I BackupManagerService: [UserID:0] Acquired wakelock:*backup*-0-6603
10-10 15:16:03.359  2042  2042 I TransportConnection: BackupTransportService#3425: Notifying [PFTBT.run()] transport = BackupTransportClient
10-10 15:16:03.361  2042 14720 I PFTBT   : Initiating full-data transport backup of com.mi.healthglobal token: 1920979373
10-10 15:16:03.364  2042  3096 D BackupTransportManager: [UserID:0] Transport com.google.android.gms/.backup.BackupTransportService updated its attributes
10-10 15:16:03.372  2042 14720 I PFTBT   : Transport rejected backup of com.mi.healthglobal, skipping
10-10 15:16:03.372  2042 14720 I PFTBT   : Unbinding agent in com.mi.healthglobal
10-10 15:16:03.372  2042 14720 W ActivityManager: Unbinding backup agent with no active backup
10-10 15:16:03.372  2042 14720 I PFTBT   : Full backup completed with status: 0
10-10 15:16:03.376  2042 14720 D ActivityManager: checkAllowBackground: uid=1000 pkg=android rec=UidRecord{b77cac0 1000 PER  fgServices change:procadj procs:0 seq(1285566,448524)} caps=LCMNFU always=false idle=false
10-10 15:16:03.378  2042 14720 I PFTBT   : Full data backup pass finished.
10-10 15:16:03.378  2042 14720 I BackupManagerService: [UserID:0] Released wakelock:*backup*-0-6603
10-10 15:16:03.379  2042  2042 I BackupManagerService: [UserID:0] Beginning scheduled full backup operation
10-10 15:16:03.379  2042  2042 D PFTBT   : backupmanager pftbt token=63ec05af
10-10 15:16:03.379  2042  2042 I BackupManagerService: [UserID:0] Acquired wakelock:*backup*-0-6603
10-10 15:16:03.388  2042  6981 D ActivityManager: checkAllowBackground: uid=10163 pkg=com.google.android.gms rec=UidRecord{3efeecd u0a163 FGS  change:procadj procs:0 seq(1286962,1266614)} caps=LCMNFU always=false idle=false
10-10 15:16:03.398  2042  2042 I TransportConnection: BackupTransportService#3426: Notifying [PFTBT.run()] transport = BackupTransportClient
10-10 15:16:03.400  2042 14721 I PFTBT   : Initiating full-data transport backup of com.android.cts.priv.ctsshim token: 1676412335
10-10 15:16:03.401  2042  6981 D ActivityManager: checkAllowBackground: uid=10163 pkg=com.google.android.gms rec=UidRecord{3efeecd u0a163 FGS  change:procadj procs:0 seq(1286976,1266614)} caps=LCMNFU always=false idle=false
10-10 15:16:03.407  2042 14721 I PFTBT   : Transport rejected backup of com.android.cts.priv.ctsshim, skipping
10-10 15:16:03.407  2042 14721 I PFTBT   : Unbinding agent in com.android.cts.priv.ctsshim
10-10 15:16:03.409  2042 14721 W ActivityManager: Unbinding backup agent with no active backup
10-10 15:16:03.409  2042 14721 I PFTBT   : Full backup completed with status: 0
10-10 15:16:03.411  2042  3096 D BackupTransportManager: [UserID:0] Transport com.google.android.gms/.backup.BackupTransportService updated its attributes
10-10 15:16:03.420  2042 14721 D ActivityManager: checkAllowBackground: uid=1000 pkg=android rec=UidRecord{b77cac0 1000 PER  fgServices change:procadj procs:0 seq(1285566,448524)} caps=LCMNFU always=false idle=false
10-10 15:16:03.426  2042 14721 I PFTBT   : Full data backup pass finished.
10-10 15:16:03.426  2042 14721 I BackupManagerService: [UserID:0] Released wakelock:*backup*-0-6603
10-10 15:16:03.427  2042  2042 I BackupManagerService: [UserID:0] Beginning scheduled full backup operation
10-10 15:16:03.427  2042  2042 D PFTBT   : backupmanager pftbt token=571c0ab1
10-10 15:16:03.428  2042  2042 I BackupManagerService: [UserID:0] Acquired wakelock:*backup*-0-6603
10-10 15:16:03.454  2042  2042 I TransportConnection: BackupTransportService#3427: Notifying [PFTBT.run()] transport = BackupTransportClient
10-10 15:16:03.456  2042 14722 I PFTBT   : Initiating full-data transport backup of com.android.internal.display.cutout.emulation.corner token: 1461455537
10-10 15:16:03.462  2042 14722 I PFTBT   : Transport rejected backup of com.android.internal.display.cutout.emulation.corner, skipping
10-10 15:16:03.463  2042 14722 I PFTBT   : Unbinding agent in com.android.internal.display.cutout.emulation.corner
10-10 15:16:03.463  2042 14722 W ActivityManager: Unbinding backup agent with no active backup
10-10 15:16:03.463  2042 14722 I PFTBT   : Full backup completed with status: 0
10-10 15:16:03.465  2042  2072 D BackupTransportManager: [UserID:0] Transport com.google.android.gms/.backup.BackupTransportService updated its attributes
10-10 15:16:03.466  2042  3524 I SmartPower: com.facebook.appmanager/10138(27658): background->idle(3018ms) R(adj below visible) adj=905.
10-10 15:16:03.468  2042 14722 D ActivityManager: checkAllowBackground: uid=1000 pkg=android rec=UidRecord{b77cac0 1000 PER  fgServices change:procadj procs:0 seq(1285566,448524)} caps=LCMNFU always=false idle=false
10-10 15:16:03.472  2042 14722 I PFTBT   : Full data backup pass finished.
10-10 15:16:03.473  2042 14722 I BackupManagerService: [UserID:0] Released wakelock:*backup*-0-6603
10-10 15:16:03.473  2042  4781 D ActivityManager: checkAllowBackground: uid=10163 pkg=com.google.android.gms rec=UidRecord{3efeecd u0a163 FGS  change:procadj procs:0 seq(1287026,1266614)} caps=LCMNFU always=false idle=false
10-10 15:16:03.474  2042  2042 I BackupManagerService: [UserID:0] Beginning scheduled full backup operation
10-10 15:16:03.474  2042  2042 D PFTBT   : backupmanager pftbt token=1be24bb3
10-10 15:16:03.474  2042  2042 I BackupManagerService: [UserID:0] Acquired wakelock:*backup*-0-6603
10-10 15:16:03.487  2042  2042 I TransportConnection: BackupTransportService#3428: Notifying [PFTBT.run()] transport = BackupTransportClient
10-10 15:16:03.491  2042 14731 I PFTBT   : Initiating full-data transport backup of com.android.internal.display.cutout.emulation.double token: 467815347
10-10 15:16:03.491  2042  6982 D BackupTransportManager: [UserID:0] Transport com.google.android.gms/.backup.BackupTransportService updated its attributes
10-10 15:16:03.497  2042 14731 I PFTBT   : Transport rejected backup of com.android.internal.display.cutout.emulation.double, skipping
10-10 15:16:03.498  2042 14731 I PFTBT   : Unbinding agent in com.android.internal.display.cutout.emulation.double
10-10 15:16:03.498  2042 14731 W ActivityManager: Unbinding backup agent with no active backup
10-10 15:16:03.498  2042 14731 I PFTBT   : Full backup completed with status: 0
10-10 15:16:03.505  2042 14731 D ActivityManager: checkAllowBackground: uid=1000 pkg=android rec=UidRecord{b77cac0 1000 PER  fgServices change:procadj procs:0 seq(1285566,448524)} caps=LCMNFU always=false idle=false
10-10 15:16:03.508  2042 14731 I PFTBT   : Full data backup pass finished.
10-10 15:16:03.509  2042 14731 I BackupManagerService: [UserID:0] Released wakelock:*backup*-0-6603
10-10 15:16:03.509  2042  2042 I BackupManagerService: [UserID:0] Beginning scheduled full backup operation
10-10 15:16:03.510  2042  2042 D PFTBT   : backupmanager pftbt token=24f2ddb5
10-10 15:16:03.510  2042  2042 I BackupManagerService: [UserID:0] Acquired wakelock:*backup*-0-6603
10-10 15:16:03.531  2042  2042 I TransportConnection: BackupTransportService#3429: Notifying [PFTBT.run()] transport = BackupTransportClient
10-10 15:16:03.533  2042 14732 I PFTBT   : Initiating full-data transport backup of com.android.providers.telephony token: 619896245
10-10 15:16:03.536  2042  6982 D BackupTransportManager: [UserID:0] Transport com.google.android.gms/.backup.BackupTransportService updated its attributes
10-10 15:16:03.540  2042 14732 I PFTBT   : Transport rejected backup of com.android.providers.telephony, skipping
10-10 15:16:03.540  2042 14732 I PFTBT   : Unbinding agent in com.android.providers.telephony
10-10 15:16:03.541  2042 14732 W ActivityManager: Unbinding backup agent with no active backup
10-10 15:16:03.541  2042 14732 I PFTBT   : Full backup completed with status: 0
10-10 15:16:03.545  2042 14732 D ActivityManager: checkAllowBackground: uid=1000 pkg=android rec=UidRecord{b77cac0 1000 PER  fgServices change:procadj procs:0 seq(1285566,448524)} caps=LCMNFU always=false idle=false
10-10 15:16:03.551  2042 14732 I PFTBT   : Full data backup pass finished.
10-10 15:16:03.551  2042 14732 I BackupManagerService: [UserID:0] Released wakelock:*backup*-0-6603
10-10 15:16:03.551  2042  2042 I BackupManagerService: [UserID:0] Beginning scheduled full backup operation
10-10 15:16:03.552  2042  2042 D PFTBT   : backupmanager pftbt token=259236b7
10-10 15:16:03.552  2042  2042 I BackupManagerService: [UserID:0] Acquired wakelock:*backup*-0-6603
10-10 15:16:03.569  2042  2042 I TransportConnection: BackupTransportService#3430: Notifying [PFTBT.run()] transport = BackupTransportClient
