10-10 17:04:27.776  4304  4484 D MiuiFreeformModeAvoidAlgorithm: begin autoOrderingAvoidMiniTask
10-10 17:04:27.776  4304  4484 D MiuiFreeformModeAvoidAlgorithm: getCurrMiniPos: SameSideMiniPosList: []
10-10 17:04:27.776  4304  4484 D MiuiFreeformModeAvoidAlgorithm: getCurrMiniPos: SameSideMiniPosList: []
10-10 17:04:27.776  4304  4484 D MiuiFreeformModeAvoidAlgorithm: end autoOrderingAvoidMiniTask res:AvoidResult{distance=0, combination={}, activeTaskPos=Rect(0, 0 - 0, 0)}
10-10 17:04:27.913  4304  4304 D ArtChoreographerMonitor: invoke error.
10-10 17:04:27.997  2042  2702 D HeapUsage Monitor: HeapAllocSize : 91MB; monitorSize : 500MB
10-10 17:04:28.274  2042  6981 I SmartPower: com.google.android.inputmethod.latin/10176(6431): visible->invisible(2318ms) R(become invisible) adj=100.
10-10 17:04:28.274  2042  6981 I SmartPower: com.google.android.inputmethod.latin/10176(6431): invisible->background(0ms) R(become background) adj=100.
10-10 17:04:28.279  4304  4484 D MiuiFreeformModeController: avoidForInsetsBottomChangedIfNeed oldMoveableBottom: 2270 newMoveableBounds: 2270
10-10 17:04:28.289  4304  4484 D MiuiFreeformModeController: avoidForInsetsBottomChangedIfNeed oldMoveableBottom: 2270 newMoveableBounds: 2270
10-10 17:04:28.503  2042  9046 W MIUIInput: Input event injection from package: null action ACTION_DOWN
10-10 17:04:28.507  2042  9046 W MIUIInput: Input event injection from package: null action ACTION_UP
10-10 17:04:28.507  2042  3516 I ProcessManager: getRenderThreadTidByPid, caller=2042
10-10 17:04:28.527  2042  7010 I InputMethodManagerService: IMMS.showSoftInput(), client = com.android.internal.inputmethod.IInputMethodClient$Stub$Proxy@cf408d6
10-10 17:04:28.527  2042  7010 I InputMethodManagerService: IMMS.showCurrentInputLocked(), flags = 0
10-10 17:04:28.527  2042  7010 D SmartPower: com.google.android.inputmethod.latin/10176(6431): show input method
10-10 17:04:28.527  2042  7010 I SmartPower: com.google.android.inputmethod.latin/10176(6431): background->visible(253ms) R(show input method) adj=100.
10-10 17:04:28.528  2042  7010 I DefaultImeVisibilityApplier: IMMS.showCurrentInputLocked request ims to show inputMethod.
10-10 17:04:28.530  2042  7002 W PackageConfigPersister: App-specific configuration not found for packageName: com.android.chrome and userId: 0
10-10 17:04:28.595  2042  9046 I InputMethodManagerService: IMMS.showSoftInput(), client = com.android.internal.inputmethod.IInputMethodClient$Stub$Proxy@4b07244
10-10 17:04:28.595  2042  9046 I InputMethodManagerService: IMMS.showCurrentInputLocked(), flags = 0
10-10 17:04:28.595  2042  9046 D SmartPower: com.google.android.inputmethod.latin/10176(6431): show input method
10-10 17:04:28.595  2042  9046 I DefaultImeVisibilityApplier: IMMS.showCurrentInputLocked request ims to show inputMethod.
10-10 17:04:28.612  2042  9046 I InputMethodManagerService: IMMS.applyImeVisibility(), setVisible = true, mCurclient = ClientState{3821367 mUid=10172 mPid=30974 mSelfReportedDisplayId=0}
10-10 17:04:28.613  2042  9046 I WindowManager: WMS.showImePostLayout(), imeTarget = Window{169c3d3 u0 com.android.chrome/org.chromium.chrome.browser.ChromeTabbedActivity}
10-10 17:04:28.620  2042  6981 D CoreBackPreview: Window{169c3d3 u0 com.android.chrome/org.chromium.chrome.browser.ChromeTabbedActivity}: Setting back callback OnBackInvokedCallbackInfo{mCallback=android.window.IOnBackInvokedCallback$Stub$Proxy@6898f2d, mPriority=0, mIsAnimationCallback=false}
10-10 17:04:28.621  2042  7010 D ActivityManager: checkAllowBackground: uid=10163 pkg=com.google.android.gms rec=UidRecord{3efeecd u0a163 BTOP change:procadj procs:0 seq(1548873,1293144)} caps=LCMNFU always=false idle=false
10-10 17:04:28.627  4304  4484 D MiuiFreeformModeController: avoidForInsetsBottomChangedIfNeed oldMoveableBottom: 2270 newMoveableBounds: 2270
10-10 17:04:28.640  4304  4484 D MiuiFreeformModeController: avoidForInsetsBottomChangedIfNeed oldMoveableBottom: 2270 newMoveableBounds: 2270
10-10 17:04:28.655  2042  9046 D WindowManager: wms.finishDrawingLocked: mDrawState=COMMIT_DRAW_PENDING Window{49d5fba u0 InputMethod} in Surface(name=InputMethod#20441)/@0x6e2e1f3
10-10 17:04:28.657  2042  2693 I ImeInsetsSourceProvider: ImeInsetsSourceProvider.scheduleShowImePostLayout() Run showImeRunner.
10-10 17:04:28.657  2042  2693 I ImeInsetsSourceProvider: ImeInsetsSourceProvider.scheduleShowImePostLayout() isReadyToShowIme.
10-10 17:04:28.658  2042  6982 I InputMethodManagerService: IMMS.applyImeVisibility(), setVisible = true, mCurclient = ClientState{3821367 mUid=10172 mPid=30974 mSelfReportedDisplayId=0}
10-10 17:04:28.659  2042  6982 I WindowManager: WMS.showImePostLayout(), imeTarget = Window{169c3d3 u0 com.android.chrome/org.chromium.chrome.browser.ChromeTabbedActivity}
10-10 17:04:28.661  2042  2693 I ImeInsetsSourceProvider: ImeInsetsSourceProvider.scheduleShowImePostLayout() Run showImeRunner.
10-10 17:04:28.661  2042  2693 I ImeInsetsSourceProvider: ImeInsetsSourceProvider.scheduleShowImePostLayout() isReadyToShowIme.
10-10 17:04:28.665  2042  7010 I WindowManager: cancelAnimation removed leash : Surface(name=Surface(name=d968687 NavigationBar0#90)/@0x2f479dd - animation-leash of insets_animation#20440)/@0x2651e7b
10-10 17:04:28.666  2042  2693 I WindowManager: input method visible height changed 701
10-10 17:04:28.667  2042  3126 I ITouchFeature: current device and process support version:2
10-10 17:04:28.667  2042  2693 I WindowManager: wms.showSurfaceRobustly mWin:Window{49d5fba u0 InputMethod}
10-10 17:04:28.668  4304  4484 D MiuiFreeformModeController: avoidForInsetsBottomChangedIfNeed oldMoveableBottom: 2270 newMoveableBounds: 2270
10-10 17:04:28.668  4304  4484 D ImePositionProcessor: onImeVisibilityChanged     isShowing:  true
10-10 17:04:28.668  4304  4484 D MiuiFreeformModeController: onImeVisibilityChanged imeVisible: true imeHeight: 701 adjustedForRotation:false
10-10 17:04:28.668  4304  4484 D MiuiFreeformModeAvoidAlgorithm: begin autoOrderingAvoidMiniTask
10-10 17:04:28.668  4304  4484 D MiuiFreeformModeAvoidAlgorithm: getCurrMiniPos: SameSideMiniPosList: []
10-10 17:04:28.668  4304  4484 D MiuiFreeformModeAvoidAlgorithm: getCurrMiniPos: SameSideMiniPosList: []
10-10 17:04:28.668  4304  4484 D MiuiFreeformModeAvoidAlgorithm: end autoOrderingAvoidMiniTask res:AvoidResult{distance=0, combination={}, activeTaskPos=Rect(0, 0 - 0, 0)}
10-10 17:04:28.686  4304  4304 D ArtChoreographerMonitor: invoke error.
10-10 17:04:28.686  4304  4484 D OneHandedController: stopOneHanded state is 0
10-10 17:04:28.858  4304  4304 D ArtChoreographerMonitor: invoke error.
10-10 17:04:29.367  2042  6982 D WindowManagerService: checkFlipFullScreenChange is same, nowIsFullScreen = false
10-10 17:04:29.395  2042  6982 D WindowManagerService: checkFlipFullScreenChange is same, nowIsFullScreen = false
10-10 17:04:29.843  2183  2183 I wificond: station_bandwidth: P
10-10 17:04:29.851  4304  4304 D ArtChoreographerMonitor: invoke error.
10-10 17:04:29.857  2042  4772 I SmartPower: com.google.android.apps.messaging/10165(16883): idle->background(3024ms) R(content provider start ContentProviderRecord{602f793 u0 com.google.android.apps.messaging/.shared.datamodel.provider.sharedstorage.SharedStorageProvider}) adj=200.
10-10 17:04:30.029  4304  4304 D ArtChoreographerMonitor: invoke error.
10-10 17:04:30.366  2042  9046 W MIUIInput: Input event injection from package: null action ACTION_DOWN
10-10 17:04:30.369  2042  3516 I ProcessManager: getRenderThreadTidByPid, caller=2042
10-10 17:04:30.370  2042  4772 W MIUIInput: Input event injection from package: null action ACTION_UP
10-10 17:04:30.435  2042  6982 I InputMethodManagerService: IMMS.applyImeVisibility(), setVisible = false, mCurclient = ClientState{3821367 mUid=10172 mPid=30974 mSelfReportedDisplayId=0}
10-10 17:04:30.437  4304  4304 D ArtChoreographerMonitor: invoke error.
10-10 17:04:30.441  2042  6982 W PackageConfigPersister: App-specific configuration not found for packageName: com.android.chrome and userId: 0
10-10 17:04:30.465  2042  6982 I WindowManager: cancelAnimation removed leash : Surface(name=Surface(name=704023a StatusBar#94)/@0xa8be448 - animation-leash of insets_animation#20428)/@0x702bda2
10-10 17:04:30.468  2042  6982 D WindowManager: wms.Input focus has changed to Window{c199d9d u0 com.android.chrome/org.chromium.chrome.browser.ChromeTabbedActivity} display=0 updateInputWindows = false
10-10 17:04:30.468  2042  6982 I MultiSenceManagerInternalStub: getInstance
10-10 17:04:30.472  2042  2693 D WindowManager: wms.Focus not requested for window=Window{c199d9d u0 com.android.chrome/org.chromium.chrome.browser.ChromeTabbedActivity} because it has no surface or is not focusable.
10-10 17:04:30.484  2042  6982 D PerfShielderService: com.android.chrome|com.android.chrome/org.chromium.chrome.browser.ChromeTabbedActivity|76|73723055913333|59|0|2
10-10 17:04:30.484  2042  7002 D CoreBackPreview: Window{c199d9d u0 com.android.chrome/org.chromium.chrome.browser.ChromeTabbedActivity}: Setting back callback OnBackInvokedCallbackInfo{mCallback=android.window.IOnBackInvokedCallback$Stub$Proxy@585c53f, mPriority=-1, mIsAnimationCallback=false}
10-10 17:04:30.485  6649 11586 W MiuiPerfServiceClient: interceptAndQueuing:30974|com.android.chrome|76|59|73723055913333|Slow main thread|2
10-10 17:04:30.522  2042  9046 D WindowManager: wms.finishDrawingLocked: mDrawState=COMMIT_DRAW_PENDING Window{c199d9d u0 com.android.chrome/org.chromium.chrome.browser.ChromeTabbedActivity} in Surface(name=com.android.chrome/org.chromium.chrome.browser.ChromeTabbedActivity#20444)/@0x9c85e0c
10-10 17:04:30.536  2042  2693 I WindowManager: wms.showSurfaceRobustly mWin:Window{c199d9d u0 com.android.chrome/org.chromium.chrome.browser.ChromeTabbedActivity}
10-10 17:04:30.543   702 25826 I keystore2: system/security/keystore2/src/watchdog.rs:319 - Watchdog thread idle -> terminating. Have a great day.
10-10 17:04:30.554  4304  4484 D MiuiFreeformModeController: avoidForInsetsBottomChangedIfNeed oldMoveableBottom: 2270 newMoveableBounds: 2270
10-10 17:04:30.554  4304  4484 D ImePositionProcessor: onImeVisibilityChanged     isShowing:  false
10-10 17:04:30.558  2042  9046 D CoreBackPreview: Window{169c3d3 u0 com.android.chrome/org.chromium.chrome.browser.ChromeTabbedActivity}: Setting back callback OnBackInvokedCallbackInfo{mCallback=android.window.IOnBackInvokedCallback$Stub$Proxy@15eca0e, mPriority=0, mIsAnimationCallback=true}
10-10 17:04:30.564  2042  2693 I WindowManager: input method visible height changed 0
10-10 17:04:30.565  2042  3126 I ITouchFeature: current device and process support version:2
10-10 17:04:30.572  4304  4484 D MiuiFreeformModeController: onImeVisibilityChanged imeVisible: false imeHeight: 0 adjustedForRotation:false
10-10 17:04:30.572  4304  4484 D MiuiFreeformModeAvoidAlgorithm: begin autoOrderingAvoidMiniTask
10-10 17:04:30.572  4304  4484 D MiuiFreeformModeAvoidAlgorithm: getCurrMiniPos: SameSideMiniPosList: []
10-10 17:04:30.572  4304  4484 D MiuiFreeformModeAvoidAlgorithm: getCurrMiniPos: SameSideMiniPosList: []
10-10 17:04:30.573  4304  4484 D MiuiFreeformModeAvoidAlgorithm: end autoOrderingAvoidMiniTask res:AvoidResult{distance=0, combination={}, activeTaskPos=Rect(0, 0 - 0, 0)}
10-10 17:04:30.731  4304  4304 D ArtChoreographerMonitor: invoke error.
10-10 17:04:31.065  2042  7002 I SmartPower: com.google.android.inputmethod.latin/10176(6431): visible->invisible(2538ms) R(become invisible) adj=100.
10-10 17:04:31.066  2042  7002 I SmartPower: com.google.android.inputmethod.latin/10176(6431): invisible->background(1ms) R(become background) adj=100.
10-10 17:04:31.069  4304  4484 D MiuiFreeformModeController: avoidForInsetsBottomChangedIfNeed oldMoveableBottom: 2270 newMoveableBounds: 2270
10-10 17:04:31.076  4304  4484 D MiuiFreeformModeController: avoidForInsetsBottomChangedIfNeed oldMoveableBottom: 2270 newMoveableBounds: 2270
10-10 17:04:31.201  2042  7002 W MIUIInput: Input event injection from package: null action ACTION_DOWN
10-10 17:04:31.203  2042  7002 W MIUIInput: Input event injection from package: null action ACTION_UP
10-10 17:04:31.204  2042  3516 I ProcessManager: getRenderThreadTidByPid, caller=2042
10-10 17:04:31.222  2042  7002 D CoreBackPreview: Window{c199d9d u0 com.android.chrome/org.chromium.chrome.browser.ChromeTabbedActivity}: Setting back callback null
10-10 17:04:31.232  2042  7002 I WindowManager: cancelAnimation removed leash : Surface(name=Surface(name=704023a StatusBar#94)/@0xa8be448 - animation-leash of insets_animation#20443)/@0xf77699
10-10 17:04:31.236  2042  7002 I WindowManager: cancelAnimation removed leash : Surface(name=Surface(name=d968687 NavigationBar0#90)/@0x2f479dd - animation-leash of insets_animation#20448)/@0x2763809
10-10 17:04:31.239  2042  7002 D WindowManager: wms.Input focus has changed to Window{169c3d3 u0 com.android.chrome/org.chromium.chrome.browser.ChromeTabbedActivity} display=0 updateInputWindows = false
10-10 17:04:31.239  2042  7002 I MultiSenceManagerInternalStub: getInstance
10-10 17:04:31.242  4304  4304 D ArtChoreographerMonitor: invoke error.
10-10 17:04:31.278  2042  6981 W PackageConfigPersister: App-specific configuration not found for packageName: com.android.chrome and userId: 0
10-10 17:04:31.285  2042  6982 D PerfShielderService: com.android.chrome|com.android.chrome/org.chromium.chrome.browser.ChromeTabbedActivity|196|73725029632030|105|0|5
10-10 17:04:31.285  6649 11586 W MiuiPerfServiceClient: interceptAndQueuing:30974|com.android.chrome|196|105|73725029632030|Slow main thread|5
10-10 17:04:31.425  4304  4304 D ArtChoreographerMonitor: invoke error.
10-10 17:04:31.819  2042  6982 W MIUIInput: Input event injection from package: null action ACTION_DOWN
10-10 17:04:31.821  2042  3516 I ProcessManager: getRenderThreadTidByPid, caller=2042
10-10 17:04:31.823  2042  6982 W MIUIInput: Input event injection from package: null action ACTION_UP
10-10 17:04:31.855  2042  7002 I InputMethodManagerService: IMMS.showSoftInput(), client = com.android.internal.inputmethod.IInputMethodClient$Stub$Proxy@64ecf1f
10-10 17:04:31.855  2042  7002 I InputMethodManagerService: IMMS.showCurrentInputLocked(), flags = 0
10-10 17:04:31.855  2042  7002 D SmartPower: com.google.android.inputmethod.latin/10176(6431): show input method
10-10 17:04:31.855  2042  7002 I SmartPower: com.google.android.inputmethod.latin/10176(6431): background->visible(789ms) R(show input method) adj=100.
10-10 17:04:31.856  2042  7002 I DefaultImeVisibilityApplier: IMMS.showCurrentInputLocked request ims to show inputMethod.
10-10 17:04:31.857  2042  7002 W PackageConfigPersister: App-specific configuration not found for packageName: com.android.chrome and userId: 0
10-10 17:04:31.923  2042  7002 I InputMethodManagerService: IMMS.showSoftInput(), client = com.android.internal.inputmethod.IInputMethodClient$Stub$Proxy@265b035
10-10 17:04:31.923  2042  7002 I InputMethodManagerService: IMMS.showCurrentInputLocked(), flags = 0
10-10 17:04:31.923  2042  7002 D SmartPower: com.google.android.inputmethod.latin/10176(6431): show input method
10-10 17:04:31.923  2042  7002 I DefaultImeVisibilityApplier: IMMS.showCurrentInputLocked request ims to show inputMethod.
10-10 17:04:31.941  2042  6982 D ActivityManager: checkAllowBackground: uid=10163 pkg=com.google.android.gms rec=UidRecord{3efeecd u0a163 BTOP change:procadj procs:0 seq(1548886,1293144)} caps=LCMNFU always=false idle=false
10-10 17:04:31.943  2042  6982 I InputMethodManagerService: IMMS.applyImeVisibility(), setVisible = true, mCurclient = ClientState{3821367 mUid=10172 mPid=30974 mSelfReportedDisplayId=0}
10-10 17:04:31.945  4304  4304 D ArtChoreographerMonitor: invoke error.
10-10 17:04:31.945  4304  4484 D OneHandedController: stopOneHanded state is 0
10-10 17:04:31.948  4304  4484 D MiuiFreeformModeController: avoidForInsetsBottomChangedIfNeed oldMoveableBottom: 2270 newMoveableBounds: 2270
10-10 17:04:31.949  2042  6982 I WindowManager: WMS.showImePostLayout(), imeTarget = Window{169c3d3 u0 com.android.chrome/org.chromium.chrome.browser.ChromeTabbedActivity}
10-10 17:04:31.953  4304  4484 D OneHandedController: stopOneHanded state is 0
10-10 17:04:31.958  2042  6981 D CoreBackPreview: Window{169c3d3 u0 com.android.chrome/org.chromium.chrome.browser.ChromeTabbedActivity}: Setting back callback OnBackInvokedCallbackInfo{mCallback=android.window.IOnBackInvokedCallback$Stub$Proxy@8ce1ab1, mPriority=0, mIsAnimationCallback=false}
10-10 17:04:31.963  4304  4484 D MiuiFreeformModeController: avoidForInsetsBottomChangedIfNeed oldMoveableBottom: 2270 newMoveableBounds: 2270
10-10 17:04:31.973  2042  9046 I InputMethodManagerService: IMMS.applyImeVisibility(), setVisible = true, mCurclient = ClientState{3821367 mUid=10172 mPid=30974 mSelfReportedDisplayId=0}
10-10 17:04:31.973  2042  9046 I WindowManager: WMS.showImePostLayout(), imeTarget = Window{169c3d3 u0 com.android.chrome/org.chromium.chrome.browser.ChromeTabbedActivity}
10-10 17:04:31.976  2042  6982 D WindowManager: wms.finishDrawingLocked: mDrawState=COMMIT_DRAW_PENDING Window{49d5fba u0 InputMethod} in Surface(name=InputMethod#20453)/@0x71b3e3b
10-10 17:04:31.980  2042  2693 I ImeInsetsSourceProvider: ImeInsetsSourceProvider.scheduleShowImePostLayout() Run showImeRunner.
10-10 17:04:31.980  2042  2693 I ImeInsetsSourceProvider: ImeInsetsSourceProvider.scheduleShowImePostLayout() isReadyToShowIme.
10-10 17:04:31.985  2042  9046 I WindowManager: cancelAnimation removed leash : Surface(name=Surface(name=d968687 NavigationBar0#90)/@0x2f479dd - animation-leash of insets_animation#20451)/@0xc6e0ce6
10-10 17:04:31.985  4304  4484 D MiuiFreeformModeController: avoidForInsetsBottomChangedIfNeed oldMoveableBottom: 2270 newMoveableBounds: 2270
10-10 17:04:31.985  4304  4484 D ImePositionProcessor: onImeVisibilityChanged     isShowing:  true
10-10 17:04:31.987  2042  2693 I WindowManager: input method visible height changed 701
10-10 17:04:31.988  2042  3126 I ITouchFeature: current device and process support version:2
10-10 17:04:31.988  4304  4484 D MiuiFreeformModeController: onImeVisibilityChanged imeVisible: true imeHeight: 701 adjustedForRotation:false
10-10 17:04:31.988  2042  2693 I WindowManager: wms.showSurfaceRobustly mWin:Window{49d5fba u0 InputMethod}
10-10 17:04:31.988  4304  4484 D MiuiFreeformModeAvoidAlgorithm: begin autoOrderingAvoidMiniTask
10-10 17:04:31.988  4304  4484 D MiuiFreeformModeAvoidAlgorithm: getCurrMiniPos: SameSideMiniPosList: []
10-10 17:04:31.988  4304  4484 D MiuiFreeformModeAvoidAlgorithm: getCurrMiniPos: SameSideMiniPosList: []
10-10 17:04:31.988  4304  4484 D MiuiFreeformModeAvoidAlgorithm: end autoOrderingAvoidMiniTask res:AvoidResult{distance=0, combination={}, activeTaskPos=Rect(0, 0 - 0, 0)}
10-10 17:04:32.007  2042  7010 D PerfShielderService: com.android.chrome|com.android.chrome/org.chromium.chrome.browser.ChromeTabbedActivity|80|73726384510207|80|0|1
10-10 17:04:32.009  4304  4484 D OneHandedController: stopOneHanded state is 0
10-10 17:04:32.010  6649 11586 W MiuiPerfServiceClient: interceptAndQueuing:30974|com.android.chrome|80|80|73726384510207|Slow main thread|1
10-10 17:04:32.183  4304  4304 D ArtChoreographerMonitor: invoke error.
10-10 17:04:32.850  2042  6981 D WindowManagerService: checkFlipFullScreenChange is same, nowIsFullScreen = false
10-10 17:04:32.859  2042  3524 I SmartPower: com.google.android.apps.messaging/10165(16883): background->idle(3002ms) R(content provider start ContentProviderRecord{602f793 u0 com.google.android.apps.messaging/.shared.datamodel.provider.sharedstorage.SharedStorageProvider}) adj=200.
10-10 17:04:32.862  2183  2183 I wificond: station_bandwidth: P
10-10 17:04:32.866  4304  4304 D ArtChoreographerMonitor: invoke error.
10-10 17:04:32.875  2042  6981 D WindowManagerService: checkFlipFullScreenChange is same, nowIsFullScreen = false
10-10 17:04:33.036  4304  4304 D ArtChoreographerMonitor: invoke error.
10-10 17:04:33.531  2042  7002 W MIUIInput: Input event injection from package: null action ACTION_DOWN
10-10 17:04:33.534  2042  3516 I ProcessManager: getRenderThreadTidByPid, caller=2042
10-10 17:04:33.535  2042  7002 W MIUIInput: Input event injection from package: null action ACTION_UP
10-10 17:04:33.602  2042  7010 I InputMethodManagerService: IMMS.applyImeVisibility(), setVisible = false, mCurclient = ClientState{3821367 mUid=10172 mPid=30974 mSelfReportedDisplayId=0}
10-10 17:04:33.603  4304  4304 D ArtChoreographerMonitor: invoke error.
10-10 17:04:33.608  2042  7010 W PackageConfigPersister: App-specific configuration not found for packageName: com.android.chrome and userId: 0
10-10 17:04:33.609  2042  7010 D CoreBackPreview: Window{169c3d3 u0 com.android.chrome/org.chromium.chrome.browser.ChromeTabbedActivity}: Setting back callback OnBackInvokedCallbackInfo{mCallback=android.window.IOnBackInvokedCallback$Stub$Proxy@978b0ed, mPriority=0, mIsAnimationCallback=true}
10-10 17:04:33.617  4304  4484 D MiuiFreeformModeController: avoidForInsetsBottomChangedIfNeed oldMoveableBottom: 2270 newMoveableBounds: 2270
10-10 17:04:33.618  4304  4484 D ImePositionProcessor: onImeVisibilityChanged     isShowing:  false
10-10 17:04:33.622  2042  9046 I WindowManager: input method visible height changed 0
10-10 17:04:33.623  2042  3126 I ITouchFeature: current device and process support version:2
10-10 17:04:33.628  4304  4484 D MiuiFreeformModeController: onImeVisibilityChanged imeVisible: false imeHeight: 0 adjustedForRotation:false
10-10 17:04:33.628  4304  4484 D MiuiFreeformModeAvoidAlgorithm: begin autoOrderingAvoidMiniTask
10-10 17:04:33.628  4304  4484 D MiuiFreeformModeAvoidAlgorithm: getCurrMiniPos: SameSideMiniPosList: []
10-10 17:04:33.628  4304  4484 D MiuiFreeformModeAvoidAlgorithm: getCurrMiniPos: SameSideMiniPosList: []
10-10 17:04:33.628  4304  4484 D MiuiFreeformModeAvoidAlgorithm: end autoOrderingAvoidMiniTask res:AvoidResult{distance=0, combination={}, activeTaskPos=Rect(0, 0 - 0, 0)}
10-10 17:04:33.779  4304  4304 D ArtChoreographerMonitor: invoke error.
10-10 17:04:34.149  2042  7010 I SmartPower: com.google.android.inputmethod.latin/10176(6431): visible->invisible(2294ms) R(become invisible) adj=100.
10-10 17:04:34.149  2042  7010 I SmartPower: com.google.android.inputmethod.latin/10176(6431): invisible->background(0ms) R(become background) adj=100.
10-10 17:04:34.153  4304  4484 D MiuiFreeformModeController: avoidForInsetsBottomChangedIfNeed oldMoveableBottom: 2270 newMoveableBounds: 2270
10-10 17:04:34.162  4304  4484 D MiuiFreeformModeController: avoidForInsetsBottomChangedIfNeed oldMoveableBottom: 2270 newMoveableBounds: 2270
10-10 17:04:34.283  2042  7010 W MIUIInput: Input event injection from package: null action ACTION_DOWN
10-10 17:04:34.286  2042  3516 I ProcessManager: getRenderThreadTidByPid, caller=2042
10-10 17:04:34.287  2042  3516 I ProcessManager: getRenderThreadTidByPid, caller=2042
10-10 17:04:34.308  2042  4772 D PerfShielderService: com.android.chrome|com.android.chrome/org.chromium.chrome.browser.ChromeTabbedActivity|90|73728089988227|64|0|2
10-10 17:04:34.310  6649 11586 W MiuiPerfServiceClient: interceptAndQueuing:30974|com.android.chrome|90|64|73728089988227|Slow main thread|2
10-10 17:04:34.386  2042  4772 W MIUIInput: Input event injection from package: null action ACTION_UP
10-10 17:04:35.812  2042  4772 W MIUIInput: Input event injection from package: null action ACTION_DOWN
10-10 17:04:35.814  2042  3516 I ProcessManager: getRenderThreadTidByPid, caller=2042
10-10 17:04:35.816  2042  4772 W MIUIInput: Input event injection from package: null action ACTION_UP
10-10 17:04:35.829  2042  4080 I InputMethodManagerService: IMMS.showSoftInput(), client = com.android.internal.inputmethod.IInputMethodClient$Stub$Proxy@53c676e
10-10 17:04:35.829  2042  4080 I InputMethodManagerService: IMMS.showCurrentInputLocked(), flags = 0
10-10 17:04:35.829  2042  4080 D SmartPower: com.google.android.inputmethod.latin/10176(6431): show input method
10-10 17:04:35.829  2042  4080 I SmartPower: com.google.android.inputmethod.latin/10176(6431): background->visible(1680ms) R(show input method) adj=100.
10-10 17:04:35.829  2042  4080 I DefaultImeVisibilityApplier: IMMS.showCurrentInputLocked request ims to show inputMethod.
10-10 17:04:35.830  2042  9046 W PackageConfigPersister: App-specific configuration not found for packageName: com.android.chrome and userId: 0
10-10 17:04:35.874  2183  2183 I wificond: station_bandwidth: P
10-10 17:04:35.906  2042  7010 I InputMethodManagerService: IMMS.showSoftInput(), client = com.android.internal.inputmethod.IInputMethodClient$Stub$Proxy@f76ae9c
10-10 17:04:35.906  2042  7010 I InputMethodManagerService: IMMS.showCurrentInputLocked(), flags = 0
10-10 17:04:35.906  2042  7010 D SmartPower: com.google.android.inputmethod.latin/10176(6431): show input method
10-10 17:04:35.906  2042  7010 I DefaultImeVisibilityApplier: IMMS.showCurrentInputLocked request ims to show inputMethod.
10-10 17:04:35.918  2042  7002 I InputMethodManagerService: IMMS.showSoftInput(), client = com.android.internal.inputmethod.IInputMethodClient$Stub$Proxy@74b8c7a
10-10 17:04:35.918  2042  7002 I InputMethodManagerService: IMMS.showCurrentInputLocked(), flags = 0
10-10 17:04:35.918  2042  7002 D SmartPower: com.google.android.inputmethod.latin/10176(6431): show input method
10-10 17:04:35.919  2042  7002 I DefaultImeVisibilityApplier: IMMS.showCurrentInputLocked request ims to show inputMethod.
10-10 17:04:35.921  2042  7010 I InputMethodManagerService: IMMS.applyImeVisibility(), setVisible = true, mCurclient = ClientState{3821367 mUid=10172 mPid=30974 mSelfReportedDisplayId=0}
10-10 17:04:35.922  2042  7010 I WindowManager: WMS.showImePostLayout(), imeTarget = Window{169c3d3 u0 com.android.chrome/org.chromium.chrome.browser.ChromeTabbedActivity}
10-10 17:04:35.922  2042  4080 D ActivityManager: checkAllowBackground: uid=10163 pkg=com.google.android.gms rec=UidRecord{3efeecd u0a163 BTOP change:procadj procs:0 seq(1548895,1293144)} caps=LCMNFU always=false idle=false
10-10 17:04:35.934  4304  4484 D MiuiFreeformModeController: avoidForInsetsBottomChangedIfNeed oldMoveableBottom: 2270 newMoveableBounds: 2270
10-10 17:04:35.939  2042  9046 D CoreBackPreview: Window{169c3d3 u0 com.android.chrome/org.chromium.chrome.browser.ChromeTabbedActivity}: Setting back callback OnBackInvokedCallbackInfo{mCallback=android.window.IOnBackInvokedCallback$Stub$Proxy@3f5f646, mPriority=0, mIsAnimationCallback=false}
10-10 17:04:35.952  4304  4484 D MiuiFreeformModeController: avoidForInsetsBottomChangedIfNeed oldMoveableBottom: 2270 newMoveableBounds: 2270
10-10 17:04:35.959  2042  9046 D WindowManager: wms.finishDrawingLocked: mDrawState=COMMIT_DRAW_PENDING Window{49d5fba u0 InputMethod} in Surface(name=InputMethod#20455)/@0xd8e1888
10-10 17:04:35.960  2042  7002 I InputMethodManagerService: IMMS.applyImeVisibility(), setVisible = true, mCurclient = ClientState{3821367 mUid=10172 mPid=30974 mSelfReportedDisplayId=0}
10-10 17:04:35.963  2042  2693 I ImeInsetsSourceProvider: ImeInsetsSourceProvider.scheduleShowImePostLayout() Run showImeRunner.
10-10 17:04:35.963  2042  2693 I ImeInsetsSourceProvider: ImeInsetsSourceProvider.scheduleShowImePostLayout() isReadyToShowIme.
10-10 17:04:35.970  2042  7010 I WindowManager: cancelAnimation removed leash : Surface(name=Surface(name=d968687 NavigationBar0#90)/@0x2f479dd - animation-leash of insets_animation#20454)/@0x299bb22
10-10 17:04:35.971  2042  7002 I WindowManager: WMS.showImePostLayout(), imeTarget = Window{169c3d3 u0 com.android.chrome/org.chromium.chrome.browser.ChromeTabbedActivity}
10-10 17:04:35.971  4304  4484 D MiuiFreeformModeController: avoidForInsetsBottomChangedIfNeed oldMoveableBottom: 2270 newMoveableBounds: 2270
10-10 17:04:35.971  4304  4484 D ImePositionProcessor: onImeVisibilityChanged     isShowing:  true
10-10 17:04:35.972  4304  4484 D MiuiFreeformModeController: onImeVisibilityChanged imeVisible: true imeHeight: 701 adjustedForRotation:false
10-10 17:04:35.972  4304  4484 D MiuiFreeformModeAvoidAlgorithm: begin autoOrderingAvoidMiniTask
10-10 17:04:35.972  4304  4484 D MiuiFreeformModeAvoidAlgorithm: getCurrMiniPos: SameSideMiniPosList: []
10-10 17:04:35.972  4304  4484 D MiuiFreeformModeAvoidAlgorithm: getCurrMiniPos: SameSideMiniPosList: []
10-10 17:04:35.972  4304  4484 D MiuiFreeformModeAvoidAlgorithm: end autoOrderingAvoidMiniTask res:AvoidResult{distance=0, combination={}, activeTaskPos=Rect(0, 0 - 0, 0)}
10-10 17:04:35.972  2042  2692 I WindowManager: input method visible height changed 701
10-10 17:04:35.973  2042  3126 I ITouchFeature: current device and process support version:2
10-10 17:04:35.974  2042  2692 I WindowManager: wms.showSurfaceRobustly mWin:Window{49d5fba u0 InputMethod}
10-10 17:04:35.974  2042  2692 I ImeInsetsSourceProvider: ImeInsetsSourceProvider.scheduleShowImePostLayout() Run showImeRunner.
10-10 17:04:35.974  2042  2692 I ImeInsetsSourceProvider: ImeInsetsSourceProvider.scheduleShowImePostLayout() isReadyToShowIme.
10-10 17:04:35.980  2042  4772 D PerfShielderService: com.android.chrome|com.android.chrome/org.chromium.chrome.browser.ChromeTabbedActivity|87|73730367760778|71|0|2
10-10 17:04:35.982  6649 11586 W MiuiPerfServiceClient: interceptAndQueuing:30974|com.android.chrome|87|71|73730367760778|Slow main thread|2
10-10 17:04:35.993  4304  4304 D ArtChoreographerMonitor: invoke error.
10-10 17:04:35.994  2042  7002 I InputMethodManagerService: IMMS.applyImeVisibility(), setVisible = true, mCurclient = ClientState{3821367 mUid=10172 mPid=30974 mSelfReportedDisplayId=0}
10-10 17:04:35.994  2042  7002 I WindowManager: WMS.showImePostLayout(), imeTarget = Window{169c3d3 u0 com.android.chrome/org.chromium.chrome.browser.ChromeTabbedActivity}
10-10 17:04:35.995  4304  4484 D OneHandedController: stopOneHanded state is 0
10-10 17:04:35.998  2042  2693 I ImeInsetsSourceProvider: ImeInsetsSourceProvider.scheduleShowImePostLayout() Run showImeRunner.
10-10 17:04:35.998  2042  2693 I ImeInsetsSourceProvider: ImeInsetsSourceProvider.scheduleShowImePostLayout() isReadyToShowIme.
10-10 17:04:36.007  4304  4484 D OneHandedController: stopOneHanded state is 0
10-10 17:04:36.007  4304  4484 D OneHandedController: stopOneHanded state is 0
10-10 17:04:36.169  4304  4304 D ArtChoreographerMonitor: invoke error.
10-10 17:04:36.749  2042  4772 D WindowManagerService: checkFlipFullScreenChange is same, nowIsFullScreen = false
10-10 17:04:36.776  2042  4772 D WindowManagerService: checkFlipFullScreenChange is same, nowIsFullScreen = false
10-10 17:04:36.831  2042  7002 W MIUIInput: Input event injection from package: null action ACTION_DOWN keycode 66
10-10 17:04:36.831  2042  7002 W MiuiInputKeyEventLog: keyCode:66 down:true eventTime:73731281 downTime:73731281 policyFlags:2b000000 flags:0 metaState:0 deviceId:-1 isScreenOn:true keyguardActive:false repeatCount:0
10-10 17:04:36.841  2042  7002 W MIUIInput: Input event injection from package: null action ACTION_UP keycode 66
10-10 17:04:36.842  2042  7002 W MiuiInputKeyEventLog: keyCode:66 down:false eventTime:73731281 downTime:73731281 policyFlags:2b000000 flags:0 metaState:0 deviceId:-1 isScreenOn:true keyguardActive:false repeatCount:0
10-10 17:04:36.852  2042  7002 D ActivityManager: checkAllowBackground: uid=10163 pkg=com.google.android.gms rec=UidRecord{3efeecd u0a163 BTOP change:procadj procs:0 seq(1548896,1293144)} caps=LCMNFU always=false idle=false
10-10 17:04:36.863  2042  4772 D ActivityManager: checkAllowBackground: uid=10163 pkg=com.google.android.gms rec=UidRecord{3efeecd u0a163 BTOP change:procadj procs:0 seq(1548897,1293144)} caps=LCMNFU always=false idle=false
10-10 17:04:36.875  2042  4080 D ActivityManager: checkAllowBackground: uid=10163 pkg=com.google.android.gms rec=UidRecord{3efeecd u0a163 BTOP change:procadj procs:0 seq(1548898,1293144)} caps=LCMNFU always=false idle=false
10-10 17:04:37.176  2042  4080 D SchedBoost: com.android.chrome:sandboxed_process0:org.chromium.content.app.SandboxedProcessService0:66 boosting, skip reset priority
10-10 17:04:37.177  2042  4080 I InputMethodManagerService: IMMS.applyImeVisibility(), setVisible = false, mCurclient = ClientState{3821367 mUid=10172 mPid=30974 mSelfReportedDisplayId=0}
10-10 17:04:37.184  2042  6982 W PackageConfigPersister: App-specific configuration not found for packageName: com.android.chrome and userId: 0
10-10 17:04:37.184  4304  4304 D ArtChoreographerMonitor: invoke error.
10-10 17:04:37.212  4304  4484 D MiuiFreeformModeController: avoidForInsetsBottomChangedIfNeed oldMoveableBottom: 2270 newMoveableBounds: 2270
10-10 17:04:37.212  4304  4484 D ImePositionProcessor: onImeVisibilityChanged     isShowing:  false
10-10 17:04:37.214  2042  6982 D CoreBackPreview: Window{169c3d3 u0 com.android.chrome/org.chromium.chrome.browser.ChromeTabbedActivity}: Setting back callback OnBackInvokedCallbackInfo{mCallback=android.window.IOnBackInvokedCallback$Stub$Proxy@6a248ff, mPriority=0, mIsAnimationCallback=true}
10-10 17:04:37.216  2042  2692 I WindowManager: input method visible height changed 0
10-10 17:04:37.216  4304  4484 D MiuiFreeformModeController: onImeVisibilityChanged imeVisible: false imeHeight: 0 adjustedForRotation:false
10-10 17:04:37.216  4304  4484 D MiuiFreeformModeAvoidAlgorithm: begin autoOrderingAvoidMiniTask
10-10 17:04:37.216  4304  4484 D MiuiFreeformModeAvoidAlgorithm: getCurrMiniPos: SameSideMiniPosList: []
10-10 17:04:37.216  4304  4484 D MiuiFreeformModeAvoidAlgorithm: getCurrMiniPos: SameSideMiniPosList: []
10-10 17:04:37.216  4304  4484 D MiuiFreeformModeAvoidAlgorithm: end autoOrderingAvoidMiniTask res:AvoidResult{distance=0, combination={}, activeTaskPos=Rect(0, 0 - 0, 0)}
10-10 17:04:37.217  2042  3126 I ITouchFeature: current device and process support version:2
10-10 17:04:37.233  2042  2802 I ExtM    : zram userate is low, no need to flush: 43
10-10 17:04:37.296  2042  9046 D PerfShielderService: com.android.chrome|com.android.chrome/org.chromium.chrome.browser.ChromeTabbedActivity|109|73731675624476|57|0|3
10-10 17:04:37.297  6649 11586 W MiuiPerfServiceClient: interceptAndQueuing:30974|com.android.chrome|109|57|73731675624476|Slow main thread|3
10-10 17:04:37.356  4304  4304 D ArtChoreographerMonitor: invoke error.
10-10 17:04:37.733  2042  9046 I SmartPower: com.google.android.inputmethod.latin/10176(6431): visible->invisible(1903ms) R(become invisible) adj=100.
10-10 17:04:37.733  2042  9046 I SmartPower: com.google.android.inputmethod.latin/10176(6431): invisible->background(1ms) R(become background) adj=100.
10-10 17:04:37.737  4304  4484 D MiuiFreeformModeController: avoidForInsetsBottomChangedIfNeed oldMoveableBottom: 2270 newMoveableBounds: 2270
10-10 17:04:37.747  4304  4484 D MiuiFreeformModeController: avoidForInsetsBottomChangedIfNeed oldMoveableBottom: 2270 newMoveableBounds: 2270
10-10 17:04:38.235  2042  9046 W MIUIInput: Input event injection from package: null action ACTION_DOWN
10-10 17:04:38.238  2042  3516 I ProcessManager: getRenderThreadTidByPid, caller=2042
10-10 17:04:38.242  2042  3516 I ProcessManager: getRenderThreadTidByPid, caller=2042
10-10 17:04:38.342  2042  4772 W MIUIInput: Input event injection from package: null action ACTION_UP
10-10 17:04:38.886  2183  2183 I wificond: station_bandwidth: P
10-10 17:04:38.891  4304  4304 D ArtChoreographerMonitor: invoke error.
10-10 17:04:39.065  4304  4304 D ArtChoreographerMonitor: invoke error.
10-10 17:04:39.220  2042  9046 W MIUIInput: Input event injection from package: null action ACTION_DOWN
10-10 17:04:39.223  2042  3516 I ProcessManager: getRenderThreadTidByPid, caller=2042
10-10 17:04:39.227  2042  3516 I ProcessManager: getRenderThreadTidByPid, caller=2042
10-10 17:04:39.319  2042  9046 W MIUIInput: Input event injection from package: null action ACTION_UP
10-10 17:04:40.190  2042  4080 W MIUIInput: Input event injection from package: null action ACTION_DOWN
10-10 17:04:40.195  2042  3516 I ProcessManager: getRenderThreadTidByPid, caller=2042
10-10 17:04:40.198  2042  3516 I ProcessManager: getRenderThreadTidByPid, caller=2042
10-10 17:04:40.291  2042  4772 W MIUIInput: Input event injection from package: null action ACTION_UP
10-10 17:04:40.735  2042  3524 I SmartPower: com.google.android.inputmethod.latin/10176(6431): background->idle(3001ms) R(become invisible) adj=100.
10-10 17:04:41.192  2042  7002 W MIUIInput: Input event injection from package: null action ACTION_DOWN
10-10 17:04:41.194  2042  3516 I ProcessManager: getRenderThreadTidByPid, caller=2042
10-10 17:04:41.200  2042  3516 I ProcessManager: getRenderThreadTidByPid, caller=2042
10-10 17:04:41.290  2042  7002 W MIUIInput: Input event injection from package: null action ACTION_UP
10-10 17:04:41.901  2183  2183 I wificond: station_bandwidth: P
10-10 17:04:41.905  4304  4304 D ArtChoreographerMonitor: invoke error.
10-10 17:04:42.073  4304  4304 D ArtChoreographerMonitor: invoke error.
10-10 17:04:42.152  2042  4772 W MIUIInput: Input event injection from package: null action ACTION_DOWN
10-10 17:04:42.156  2042  3516 I ProcessManager: getRenderThreadTidByPid, caller=2042
10-10 17:04:42.159  2042  3516 I ProcessManager: getRenderThreadTidByPid, caller=2042
10-10 17:04:42.252  2042  4772 W MIUIInput: Input event injection from package: null action ACTION_UP
10-10 17:04:43.114  2042  9046 W MIUIInput: Input event injection from package: null action ACTION_DOWN
10-10 17:04:43.116  2042  3516 I ProcessManager: getRenderThreadTidByPid, caller=2042
10-10 17:04:43.123  2042  3516 I ProcessManager: getRenderThreadTidByPid, caller=2042
10-10 17:04:43.215  2042  7002 W MIUIInput: Input event injection from package: null action ACTION_UP
10-10 17:04:44.129  2042  7002 W MIUIInput: Input event injection from package: null action ACTION_DOWN
10-10 17:04:44.133  2042  3516 I ProcessManager: getRenderThreadTidByPid, caller=2042
10-10 17:04:44.134  2042  7002 W MIUIInput: Input event injection from package: null action ACTION_UP
10-10 17:04:44.165  2042  7002 D ActivityManager: checkAllowBackground: uid=10163 pkg=com.google.android.gms rec=UidRecord{3efeecd u0a163 BTOP change:procadj procs:0 seq(1548899,1293144)} caps=LCMNFU always=false idle=false
10-10 17:04:44.199  2042  7002 D ActivityManager: checkAllowBackground: uid=10163 pkg=com.google.android.gms rec=UidRecord{3efeecd u0a163 BTOP change:procadj procs:0 seq(1548904,1293144)} caps=LCMNFU always=false idle=false
10-10 17:04:44.208  2042  7002 D ActivityManager: checkAllowBackground: uid=10163 pkg=com.google.android.gms rec=UidRecord{3efeecd u0a163 BTOP change:procadj procs:0 seq(1548905,1293144)} caps=LCMNFU always=false idle=false
10-10 17:04:44.308  2042  9046 D ActivityManager: checkAllowBackground: uid=10163 pkg=com.google.android.gms rec=UidRecord{3efeecd u0a163 BTOP change:procadj procs:0 seq(1548906,1293144)} caps=LCMNFU always=false idle=false
10-10 17:04:44.312  2042  2802 I ExtM    : zram userate is low, no need to flush: 43
10-10 17:04:44.417  2042  7002 D CompatibilityChangeReporter: Compat change id reported: 265464455; UID 10030; state: DISABLED
10-10 17:04:44.418  2042  7002 D CompatibilityChangeReporter: Compat change id reported: 265452344; UID 10030; state: DISABLED
10-10 17:04:44.418  2042  7002 D CompatibilityChangeReporter: Compat change id reported: 266124927; UID 10030; state: DISABLED
10-10 17:04:44.418  2042  7002 D CompatibilityChangeReporter: Compat change id reported: 265451093; UID 10030; state: DISABLED
10-10 17:04:44.418  2042  7002 D CompatibilityChangeReporter: Compat change id reported: 265456536; UID 10030; state: DISABLED
10-10 17:04:44.418  2042  7002 D CompatibilityChangeReporter: Compat change id reported: 255940284; UID 10030; state: DISABLED
10-10 17:04:44.418  2042  7002 D CompatibilityChangeReporter: Compat change id reported: 236283604; UID 10030; state: DISABLED
10-10 17:04:44.418  2042  7002 D CompatibilityChangeReporter: Compat change id reported: 263959004; UID 10030; state: DISABLED
10-10 17:04:44.418  2042  7002 D CompatibilityChangeReporter: Compat change id reported: 264304459; UID 10030; state: DISABLED
10-10 17:04:44.418  2042  7002 D CompatibilityChangeReporter: Compat change id reported: 264301586; UID 10030; state: DISABLED
10-10 17:04:44.418  2042  7002 D CompatibilityChangeReporter: Compat change id reported: 254631730; UID 10030; state: DISABLED
10-10 17:04:44.419  2042  7002 D CompatibilityChangeReporter: Compat change id reported: 273509367; UID 10030; state: DISABLED
10-10 17:04:44.419  2042  7002 D CompatibilityChangeReporter: Compat change id reported: 263259275; UID 10030; state: DISABLED
10-10 17:04:44.419  2042  7002 D CompatibilityChangeReporter: Compat change id reported: 174042980; UID 10030; state: DISABLED
10-10 17:04:44.419  2042  7002 D CompatibilityChangeReporter: Compat change id reported: 174042936; UID 10030; state: DISABLED
10-10 17:04:44.419  2042  7002 D CompatibilityChangeReporter: Compat change id reported: 181136395; UID 10030; state: DISABLED
10-10 17:04:44.419  2042  7002 D CompatibilityChangeReporter: Compat change id reported: 194480991; UID 10030; state: ENABLED
10-10 17:04:44.420  2042  7002 I SmartPower: eu.europa.ec.euidi/10030(25714): idle->invisible(18220ms) R(become foreground) adj=700.
10-10 17:04:44.420  2042  7002 D WindowManager: Collecting in transition 1016: ActivityRecord{f398d93 u0 eu.europa.ec.euidi/eu.europa.ec.assemblylogic.ui.MainActivity init visibleRequested:false
10-10 17:04:44.421  2042  7002 D MiuiFreeFormManagerService: activeOrFullscreenFreeformTaskIfNeed startDefaultAr:false
10-10 17:04:44.422  2042  7002 D MiuiFreeFormManagerService: onStartActivityInner as = Task{783207b #6812 type=standard A=10030:eu.europa.ec.euidi} op = null
10-10 17:04:44.423  2042  7002 D WindowManagerService: checkFlipFullScreenChange is same, nowIsFullScreen = false
10-10 17:04:44.424  2042  7002 D WindowManager: wms.Input focus has changed to null display=0 updateInputWindows = true
10-10 17:04:44.424  2042  7002 I MultiSenceManagerInternalStub: getInstance
10-10 17:04:44.424  2042  7002 D WindowManager: setLockTaskAuth: task=Task{783207b #6812 type=standard A=10030:eu.europa.ec.euidi} mLockTaskAuth=LOCK_TASK_AUTH_PINNABLE
10-10 17:04:44.434  2042  7002 D WindowManager: Collecting in transition 1016: ActivityRecord{f398d93 u0 eu.europa.ec.euidi/eu.europa.ec.assemblylogic.ui.MainActivity t-1} init visibleRequested:false
10-10 17:04:44.434  2042  7002 D WindowManager: Requesting StartTransition: TransitionRecord{75641d0 id=1016 type=OPEN flags=0x0}
10-10 17:04:44.436  2042  7002 D CompatibilityChangeReporter: Compat change id reported: 194833441; UID 10030; state: ENABLED
10-10 17:04:44.436  2042  7002 I ActivityTaskManager: START u0 {act=android.intent.action.VIEW cat=[android.intent.category.BROWSABLE] dat=eu.europa.ec.euidi://authorization/... flg=0x14000000 cmp=eu.europa.ec.euidi/eu.europa.ec.assemblylogic.ui.MainActivity (has extras)} with LAUNCH_SINGLE_TASK from uid 10172 from pid 30974 callingPackage com.android.chrome (BAL_ALLOW_VISIBLE_WINDOW) result code=2
10-10 17:04:44.436  4304  4484 I SoScUtils: monitorTransitionRequest mRequestOpenTransition:null mRequestOpenTriggerTask:-1 mRequestCloseTransition:null mRequestCloseTriggerTask:-1 mRequestCloseStageType:-1
10-10 17:04:44.436  2042  9046 D WindowManager: Set transition=TransitionRecord{75641d0 id=1016 type=OPEN flags=0x0}, ready=false, SyncId=1016 used=true, override=false, defer=0, states=Display{#0 state=ON size=1080x2400 ROTATION_0}:false
10-10 17:04:44.439  4304  4484 D OneHandedController: stopOneHanded state is 0
10-10 17:04:44.439  4304  4484 D WindowManagerShell: onActivityRestartAttempt: ComponentInfo{eu.europa.ec.euidi/eu.europa.ec.assemblylogic.ui.MainActivity}
10-10 17:04:44.445  4304  4484 D MiuiFullScreenTaskRepository: removeFocusedTask displayId=0
10-10 17:04:44.445  4304  4484 D MiuiFullScreenTaskRepository: addOrUpdateFullScreenTaskInfo taskId=6731, topActivity=ComponentInfo{com.android.chrome/org.chromium.chrome.browser.ChromeTabbedActivity}
10-10 17:04:44.445  4304  4484 D MiuiFullScreenTaskRepository: setFocusedTask taskId=6812, displayId=0, topActivity=ComponentInfo{eu.europa.ec.euidi/eu.europa.ec.assemblylogic.ui.MainActivity}
10-10 17:04:44.445  4304  4484 D MiuiFullScreenTaskRepository: addOrUpdateFullScreenTaskInfo taskId=6812, topActivity=ComponentInfo{eu.europa.ec.euidi/eu.europa.ec.assemblylogic.ui.MainActivity}
10-10 17:04:44.445  4304  4484 D MiuiFreeformModeController: onFocusTaskChanged taskInfo: TaskInfo{userId=0 taskId=6812 displayId=0 isRunning=true baseIntent=Intent { act=android.intent.action.MAIN cat=[android.intent.category.LAUNCHER] flg=0x10200000 cmp=eu.europa.ec.euidi/eu.europa.ec.assemblylogic.ui.MainActivity } baseActivity=ComponentInfo{eu.europa.ec.euidi/eu.europa.ec.assemblylogic.ui.MainActivity} topActivity=ComponentInfo{eu.europa.ec.euidi/eu.europa.ec.assemblylogic.ui.MainActivity} origActivity=null realActivity=ComponentInfo{eu.europa.ec.euidi/eu.europa.ec.assemblylogic.ui.MainActivity} numActivities=1 lastActiveTime=350375200 supportsSplitScreenMultiWindow=true supportsMultiWindow=true resizeMode=1 isResizeable=true minWidth=-1 minHeight=-1 defaultMinSize=200 token=WCT{android.window.IWindowContainerToken$Stub$Proxy@e8c7d5c} topActivityType=1 pictureInPictureParams=null shouldDockBigOverlays=false launchIntoPipHostTaskId=-1 lastParentTaskIdBeforePip=-1 displayCutoutSafeInsets=Rect(0, 94 - 0, 0) topActivityInfo=ActivityInfo{12b9865 eu.europa.ec.assemblylogic.ui.MainActivity} launchCookies=[] positionInParent=Point(0, 0) parentTaskId=-1 isFocused=true isVisible=false isVisibleRequested=false isSleeping=false topActivityInSizeCompat=false topActivityInMiuiSizeCompat=false topActivityEligibleForLetterboxEducation= false topActivityLetterboxed= false isFromDoubleTap= false topActivityLetterboxVerticalPosition= -1 topActivityLetterboxHorizontalPosition= -1 topActivityLetterboxWidth=-1 topActivityLetterboxHeight=-1 locusId=null displayAreaFeatureId=1 cameraCompatControlState=hidden mIsCastMode=false mTopActivityMediaSize=null mTopActivityRecordName=ActivityRecord{423b875 u0 eu.europa.ec.euidi/eu.europa.ec.assemblylogic.ui.MainActivity t6812} mTopActivityOrientation=-2 mTopActivityWindowIsNowVisible=false isTranslucent=true isEmbedded=false shouldBeVisible=true isImmersive=false mBehindAppLockPkg=null mOriginatingUid=0}
10-10 17:04:44.445  4304  4484 D MiuiDesktopModeController: onFocusTaskChanged newFocus: TaskInfo{userId=0 taskId=6812 displayId=0 isRunning=true baseIntent=Intent { act=android.intent.action.MAIN cat=[android.intent.category.LAUNCHER] flg=0x10200000 cmp=eu.europa.ec.euidi/eu.europa.ec.assemblylogic.ui.MainActivity } baseActivity=ComponentInfo{eu.europa.ec.euidi/eu.europa.ec.assemblylogic.ui.MainActivity} topActivity=ComponentInfo{eu.europa.ec.euidi/eu.europa.ec.assemblylogic.ui.MainActivity} origActivity=null realActivity=ComponentInfo{eu.europa.ec.euidi/eu.europa.ec.assemblylogic.ui.MainActivity} numActivities=1 lastActiveTime=350375200 supportsSplitScreenMultiWindow=true supportsMultiWindow=true resizeMode=1 isResizeable=true minWidth=-1 minHeight=-1 defaultMinSize=200 token=WCT{android.window.IWindowContainerToken$Stub$Proxy@e8c7d5c} topActivityType=1 pictureInPictureParams=null shouldDockBigOverlays=false launchIntoPipHostTaskId=-1 lastParentTaskIdBeforePip=-1 displayCutoutSafeInsets=Rect(0, 94 - 0, 0) topActivityInfo=ActivityInfo{12b9865 eu.europa.ec.assemblylogic.ui.MainActivity} launchCookies=[] positionInParent=Point(0, 0) parentTaskId=-1 isFocused=true isVisible=false isVisibleRequested=false isSleeping=false topActivityInSizeCompat=false topActivityInMiuiSizeCompat=false topActivityEligibleForLetterboxEducation= false topActivityLetterboxed= false isFromDoubleTap= false topActivityLetterboxVerticalPosition= -1 topActivityLetterboxHorizontalPosition= -1 topActivityLetterboxWidth=-1 topActivityLetterboxHeight=-1 locusId=null displayAreaFeatureId=1 cameraCompatControlState=hidden mIsCastMode=false mTopActivityMediaSize=null mTopActivityRecordName=ActivityRecord{423b875 u0 eu.europa.ec.euidi/eu.europa.ec.assemblylogic.ui.MainActivity t6812} mTopActivityOrientation=-2 mTopActivityWindowIsNowVisible=false isTranslucent=true isEmbedded=false shouldBeVisible=true isImmersive=false mBehindAppLockPkg=null mOriginatingUid=0}
10-10 17:04:44.463  2042  4772 D WindowManager: Collecting in transition 1016: ActivityRecord{423b875 u0 eu.europa.ec.euidi/eu.europa.ec.assemblylogic.ui.MainActivity t6812} init visibleRequested:false
10-10 17:04:44.463  2042  4772 E Transition: Trying to add a ready-group twice: Display{#0 state=ON size=1080x2400 ROTATION_0}
10-10 17:04:44.464  2042  4772 D WindowManagerService: checkFlipFullScreenChange is same, nowIsFullScreen = false
10-10 17:04:44.465  2042  4772 D WindowManager: Collecting in transition 1016: ActivityRecord{8a7cf7f u0 com.android.chrome/org.chromium.chrome.browser.ChromeTabbedActivity t6731} init visibleRequested:true
10-10 17:04:44.468  2042  4772 D WindowManager: Collecting in transition 1016: ActivityRecord{423b875 u0 eu.europa.ec.euidi/eu.europa.ec.assemblylogic.ui.MainActivity t6812} init visibleRequested:true
10-10 17:04:44.468  2042  4772 D WindowManager: Set transition=TransitionRecord{75641d0 id=1016 type=OPEN flags=0x0}, ready=true, SyncId=1016 
10-10 17:04:44.471  4304  4484 D MiuiFullScreenTaskRepository: setFocusedTask taskId=6812, displayId=0, topActivity=ComponentInfo{eu.europa.ec.euidi/eu.europa.ec.assemblylogic.ui.MainActivity}
10-10 17:04:44.471  4304  4484 D MiuiFullScreenTaskRepository: addOrUpdateFullScreenTaskInfo taskId=6812, topActivity=ComponentInfo{eu.europa.ec.euidi/eu.europa.ec.assemblylogic.ui.MainActivity}
10-10 17:04:44.472  2042  4772 I BLASTSyncEngine: SyncGroup 1016:  Unfinished container:ActivityRecord{423b875 u0 eu.europa.ec.euidi/eu.europa.ec.assemblylogic.ui.MainActivity t6812}
