10-10 08:40:56.909  1902  2620 I SmartPower: com.miui.videoplayer/10131(23667): background->idle(3004ms) R(broadcast start Intent { act=android.net.conn.CONNECTIVITY_CHANGE flg=0x4200010 (has extras) }) adj=905.
10-10 08:40:56.910  1902  2620 I SmartPower: com.microsoft.windowsintune.companyportal:omadm_client_process/10365(32113): background->idle(3007ms) R(broadcast start Intent { act=android.net.conn.CONNECTIVITY_CHANGE flg=0x4200010 (has extras) }) adj=905.
10-10 08:40:56.910  1902  2620 I SmartPower: com.microsoft.windowsintune.companyportal:auth/10365(6719): background->idle(3003ms) R(broadcast start Intent { act=android.net.conn.CONNECTIVITY_CHANGE flg=0x4200010 (has extras) }) adj=915.
10-10 08:40:57.207  1902  1947 D HeapUsage Monitor: HeapAllocSize : 96MB; monitorSize : 500MB
10-10 08:41:01.956  1902 22425 W BpBinder: Slow Binder: BpBinder transact took 265 ms, interface=android.system.suspend.ISystemSuspend, code=1 oneway=false
10-10 08:41:01.962 15337 15414 W BpBinder: Slow Binder: BpBinder transact took 274 ms, interface=android.os.IPowerManager, code=1 oneway=false
10-10 08:41:01.965  1902  2319 E AppOps  : attributionTag  not declared in manifest of android
10-10 08:41:01.967  1902  2697 I PowerGroup: Waking up power group from Dozing (groupId=0, uid=1000, reason=WAKE_REASON_UNKNOWN, details=com.android.systemui:PICK_UP)...
10-10 08:41:01.968  1902  2319 E AppOps  : attributionTag  not declared in manifest of android
10-10 08:41:01.970  1902  2697 I PowerManagerService: Waking up from Dozing (uid=1000, reason=WAKE_REASON_UNKNOWN, details=com.android.systemui:PICK_UP)...
10-10 08:41:01.971  1902  2319 E AppOps  : attributionTag  not declared in manifest of android
10-10 08:41:01.971  1902  1902 I WindowManager: Started waking up... (groupId=0 why=ON_BECAUSE_OF_UNKNOWN)
10-10 08:41:01.974  1902  2319 E AppOps  : attributionTag  not declared in manifest of android
10-10 08:41:01.976  1902  2319 E AppOps  : attributionTag  not declared in manifest of android
10-10 08:41:01.979  1902  2319 E AppOps  : attributionTag  not declared in manifest of android
10-10 08:41:01.982  1902  2319 E AppOps  : attributionTag  not declared in manifest of android
10-10 08:41:01.985  1902  2319 E AppOps  : attributionTag  not declared in manifest of android
10-10 08:41:01.986  1902  1977 I DisplayPowerController[0]: Blocking screen on until initial contents have been drawn.
10-10 08:41:01.986  1902  1977 I WindowManager: Display 0 turning on...
10-10 08:41:01.987  1902  1902 E ActivityManager: Cancel pending or running compactions as system is awake
10-10 08:41:01.989  1902  2319 E AppOps  : attributionTag  not declared in manifest of android
10-10 08:41:01.990  2983  2983 I KeyguardSensorInjector: keyguard_screen_on_reason:pick up
10-10 08:41:01.991  1902  2319 E AppOps  : attributionTag  not declared in manifest of android
10-10 08:41:01.994  1902  2319 E AppOps  : attributionTag  not declared in manifest of android
10-10 08:41:01.998  1902  2319 E AppOps  : attributionTag  not declared in manifest of android
10-10 08:41:01.999  2983  3794 I KeyguardSensorInjector: register large area touch sensor
10-10 08:41:02.000  1902  2319 E AppOps  : attributionTag  not declared in manifest of android
10-10 08:41:02.002  1902  2319 E AppOps  : attributionTag  not declared in manifest of android
10-10 08:41:02.003  1902 23267 I SmartPower: com.miui.weather2/10228(25613): idle->background(15997ms) R(content provider start ContentProviderRecord{ed9d438 u0 com.miui.weather2/.providers.WeatherProvider}) adj=0.
10-10 08:41:02.005  1902  2319 E AppOps  : attributionTag  not declared in manifest of android
10-10 08:41:02.007  1902  2319 E AppOps  : attributionTag  not declared in manifest of android
10-10 08:41:02.008  1902  2319 E AppOps  : attributionTag  not declared in manifest of android
10-10 08:41:02.010  1902  2319 E AppOps  : attributionTag  not declared in manifest of android
10-10 08:41:02.013  1902  2319 E AppOps  : attributionTag  not declared in manifest of android
10-10 08:41:02.014  1902  2319 E AppOps  : attributionTag  not declared in manifest of android
10-10 08:41:02.016  1902  1902 D AlarmManager: mBroadcastRefCount -> 1
10-10 08:41:02.019  1902  2319 E AppOps  : attributionTag  not declared in manifest of android
10-10 08:41:02.022  1902  1902 D AlarmManager: mBroadcastRefCount -> 0
10-10 08:41:02.022  1902  1902 D AlarmManager: mPendingIntent -> null
10-10 08:41:02.022  1902  2319 E AppOps  : attributionTag  not declared in manifest of android
10-10 08:41:02.025  1902  2319 E AppOps  : attributionTag  not declared in manifest of android
10-10 08:41:02.030  1902  2319 E AppOps  : attributionTag  not declared in manifest of android
10-10 08:41:02.034  1902  2319 E AppOps  : attributionTag  not declared in manifest of android
10-10 08:41:02.037  1902  2319 E AppOps  : attributionTag  not declared in manifest of android
10-10 08:41:02.041  1902  2319 E AppOps  : attributionTag  not declared in manifest of android
10-10 08:41:02.044  1902  2319 E AppOps  : attributionTag  not declared in manifest of android
10-10 08:41:02.049  1902  2319 E AppOps  : attributionTag  not declared in manifest of android
10-10 08:41:02.052  1902  2319 E AppOps  : attributionTag  not declared in manifest of android
10-10 08:41:02.059  1902  1977 W DaemonSensorPolicy: the sensor of the type 33171055 is not in daemon sensor list!
10-10 08:41:02.060  1902  1977 I AutomaticBrightnessController: AmbientLux=0.0, mAmbientDarkeningThreshold=0.0, mAmbientBrighteningThreshold=2.0, mAmbientBrighteningSmallThreshold=2.0
10-10 08:41:02.060  1902  1977 I DualSensorPolicy: setSensorEnabled: register the assist light sensor.
10-10 08:41:02.060  1902  1977 I AutomaticBrightnessController: updateAutoBrightness: mScreenAutoBrightness=NaN, newScreenAutoBrightness=0.0038966879 (checkedAutoBrightness=65), mAmbientLux=0.0, mUseDaemonSensorInProgress=true
10-10 08:41:02.060  1902  1977 D DisplayPowerControllerImpl: updateBrightnessChangeStatus: animating: false, displayState: 2, slowChange: false, appliedDimming: false, appliedLowPower: false, currentBrightness: 0.0, currentSdrBrightness: 0.0, targetBrightness: 0.0038966879, targetSdrBrightness: 0.0038966879, previousDisplayPolicy: 0, currentDisplayPolicy: 3
10-10 08:41:02.062  1902  1902 D MBrainLocalService: isVendorFreezeConditionPass is false
10-10 08:41:02.062  1902  1902 E ScreenIntentReceiver: notifyChange failed
10-10 08:41:02.064  1902  1977 I DisplayPowerController[0]: Brightness [0.0038966879] reason changing to: 'automatic', previous reason: 'screen_off'.
10-10 08:41:02.064  1902  1977 I DisplayPowerController[0]: BrightnessEvent: disp=0, physDisp=local:4627039422300187648, brt=0.0038966879, initBrt=-1.0, rcmdBrt=0.0038966879, preBrt=NaN, lux=NaN, preLux=NaN, hbmMax=0.499938, hbmMode=off, rbcStrength=50, thrmMax=1.0, powerFactor=1.0, wasShortTermModelActive=false, flags=invalid_lux , reason=automatic, autoBrightness=true, strategy=
10-10 08:41:02.065  1902  1977 I AutomaticBrightnessController: AmbientLux=0.0, mAmbientDarkeningThreshold=0.0, mAmbientBrighteningThreshold=2.0, mAmbientBrighteningSmallThreshold=2.0
10-10 08:41:02.067  1902  1977 I DaemonSensorPolicy: unregister daemon light sensor.
10-10 08:41:02.070  1902  2682 D MiuiFreeFormManagerService: getAllFreeFormStackInfosOnDisplay list=0
10-10 08:41:02.070  1902  2652 I LocalDisplayAdapter: setDisplayState(id=4627039422300187648, state=ON)
10-10 08:41:02.072  1902  1938 D TAG     : Remove previously redundant display event 0/4 to 10321/6401
10-10 08:41:02.072  1902  1938 D TAG     : Remove previously redundant display event 0/4 to 10313/9231
10-10 08:41:02.072  1902  1938 D TAG     : Remove previously redundant display event 0/4 to 10312/31305
10-10 08:41:02.073  1902  1938 I DisplayDeviceRepository: Display device changed state: "Built-in Screen", ON
10-10 08:41:02.079  1902  1938 D TAG     : Remove previously redundant display event 0/2 to 10321/6401
10-10 08:41:02.079  1902  1938 D TAG     : Remove previously redundant display event 0/2 to 10313/9231
10-10 08:41:02.086  1902  1938 D TAG     : Remove previously redundant display event 0/2 to 10312/31305
10-10 08:41:02.091  1902  1939 I DisplayDevice: [0] Layerstack set to 0 for local:4627039422300187648
10-10 08:41:02.099  1902  2612 D SchedBoost: startBoostInternal 1000
10-10 08:41:02.106  1902 23266 I WindowManager: mKeyguardDelegate.ShowListener.onDrawn.
10-10 08:41:02.106  1902  1936 W WindowManager: Setting mKeyguardDrawComplete
10-10 08:41:02.159  1902  2682 W WindowManager: finishDrawingWindow: Window{713d2d6 u0 NotificationShade} mDrawState=DRAW_PENDING
10-10 08:41:02.159  1902  2682 D WindowManager: wms.finishDrawingLocked: mDrawState=COMMIT_DRAW_PENDING Window{713d2d6 u0 NotificationShade} in Surface(name=NotificationShade#15519)/@0xe19366d
10-10 08:41:02.160  1902  1902 D StorageManagerService: Get the action of screen on
10-10 08:41:02.161  1902  1936 W WindowManager: All windows drawn on display -1
10-10 08:41:02.164   640  7282 D vold    : idle maintenance stopped
10-10 08:41:02.165  1902  1977 I DisplayPowerController[0]: Unblocked screen on after 179 ms
10-10 08:41:02.166  1902  1977 I DisplayPowerController[0]: BrightnessEvent: disp=0, physDisp=local:4627039422300187648, brt=0.0038966879, initBrt=0.0038966879, rcmdBrt=0.0038966879, preBrt=NaN, lux=0.0, preLux=NaN, hbmMax=0.499938, hbmMode=off, rbcStrength=50, thrmMax=1.0, powerFactor=1.0, wasShortTermModelActive=false, flags=, reason=automatic, autoBrightness=true, strategy=
10-10 08:41:02.206  1556  1556 I wificond: Pno scan stopped
10-10 08:41:02.213  1902  2699 D ExtM    : -----------------------
10-10 08:41:02.216  1902  1954 I SmartPower: com.xiaomi.simactivate.service/10148(31844): idle->background(15991ms) R(broadcast start Intent { act=android.intent.action.SCREEN_ON flg=0x50200010 }) adj=905.
10-10 08:41:02.217   640  7285 D vold    : stopFlush enter
10-10 08:41:02.217   640  7285 D vold    : flush process is not running
10-10 08:41:02.217  1902 23171 W ExtM    : The flush thread is not running
10-10 08:41:02.235  1902  1938 I DisplayDeviceRepository: Display device changed state: "Built-in Screen", ON
10-10 08:41:02.235  1902  2652 I PowerManagerNotifier: display state changed (groupId=0)
10-10 08:41:02.237  1902  1977 I WindowManager: Display 0 turned on...
10-10 08:41:02.237  1902  1902 I WindowManager: Finished setting display state ... (groupId=0)
10-10 08:41:02.237  1902  2619 D DisplayFeatureManagerService: setScreenEffect displayId=0 mode=23 value=2 cookie=255 from pid=1902
10-10 08:41:02.238  1902  1977 W PowerManagerService: Screen on took 273 ms
10-10 08:41:02.238  1902  1977 I DreamManagerService: Leaving dreamland.
10-10 08:41:02.238  1902  1938 D TAG     : Remove previously redundant display event 0/2 to 10321/6401
10-10 08:41:02.238  1902  1938 D TAG     : Remove previously redundant display event 0/2 to 10150/6423
10-10 08:41:02.238  1902  1938 D TAG     : Remove previously redundant display event 0/2 to 10190/9035
10-10 08:41:02.238  1902  1938 D TAG     : Remove previously redundant display event 0/2 to 10313/9231
10-10 08:41:02.238  1902  1938 D TAG     : Remove previously redundant display event 0/2 to 10121/10538
10-10 08:41:02.238  1902  1938 D TAG     : Remove previously redundant display event 0/2 to 10190/11725
10-10 08:41:02.239  1902  1938 D TAG     : Remove previously redundant display event 0/2 to 10131/23667
10-10 08:41:02.239  1902  1938 D TAG     : Remove previously redundant display event 0/2 to 10312/31305
10-10 08:41:02.239  1902  1938 D TAG     : Remove previously redundant display event 0/2 to 10184/31626
10-10 08:41:02.242  1902  1902 I WindowManager: Finished waking up... (groupId=0 why=ON_BECAUSE_OF_UNKNOWN)
10-10 08:41:02.243  1902  2619 D DisplayFeatureManagerService: setScreenEffect displayId=0 mode=0 value=2 cookie=255 from pid=1902
10-10 08:41:02.251  1902  1919 I DreamController: Stopping dream: name=ComponentInfo{com.android.systemui/com.android.systemui.doze.DozeService}, isPreviewMode=false, canDoze=true, userId=0, reason='power manager request'
10-10 08:41:02.271  1902  1902 D UiModeManager: updateConfigurationLocked: mDockState=0; mCarMode=false; mCar=false; mPowerSave=false; mOverrideNightModeOn=false; mOverrideNightModeOff=false; mComputedNightMode=false; mNightMode=1; uiMode=17
10-10 08:41:02.337  1902  1958 I ExtM    : zram userate is low, no need to flush: 24
10-10 08:41:02.392 24698 25383 W BpBinder: Slow Binder: BpBinder transact took 201 ms, interface=android.os.IBatteryPropertiesRegistrar, code=1 oneway=false
10-10 08:41:02.614  1902 22425 W NotificationHistory: Attempted to add notif for locked/gone/disabled user 0
10-10 08:41:03.098  1902  2612 D SchedBoost: stopBoostInternal
10-10 08:41:05.004  1902  2620 I SmartPower: com.miui.weather2/10228(25613): background->idle(3001ms) R(content provider start ContentProviderRecord{ed9d438 u0 com.miui.weather2/.providers.WeatherProvider}) adj=0.
10-10 08:41:05.217  1902  2620 I SmartPower: com.xiaomi.simactivate.service/10148(31844): background->idle(3001ms) R(broadcast start Intent { act=android.intent.action.SCREEN_ON flg=0x50200010 }) adj=915.
10-10 08:41:08.967  1902  1977 D PowerManagerServiceImpl: screen wakeLock:[SCREEN_DIM_WAKE_LOCK           'UiAutomator2:ScreenKeeper' DISABLED (uid=10378 pid=16596 pkg=io.appium.uiautomator2.server)]disabled
10-10 08:41:08.969  1902  1977 D DisplayPowerControllerImpl: updateBrightnessChangeStatus: animating: true, displayState: 2, slowChange: false, appliedDimming: true, appliedLowPower: false, currentBrightness: 0.0038966879, currentSdrBrightness: 0.0038966879, targetBrightness: 8.54597E-4, targetSdrBrightness: 8.54597E-4, previousDisplayPolicy: 3, currentDisplayPolicy: 2
10-10 08:41:08.970  1902  1977 D RampRateController: updateBrightnessRate: screenBrightnessFloat: brightness rate changing from [zero_rate] to [dim_rate], rate: 0.004926882
10-10 08:41:08.970  1902  1977 D RampRateController: updateBrightnessRate: sdrScreenBrightnessFloat: brightness rate changing from [zero_rate] to [dim_rate], rate: 0.004926882
10-10 08:41:08.973  1902  1977 I DisplayPowerController[0]: Brightness [8.54597E-4] reason changing to: 'automatic [ dim ]', previous reason: 'automatic'.
10-10 08:41:08.973  1902  1977 I DisplayPowerController[0]: BrightnessEvent: disp=0, physDisp=local:4627039422300187648, brt=8.54597E-4, initBrt=0.0038966879, rcmdBrt=0.0038966879, preBrt=NaN, lux=0.0, preLux=NaN, hbmMax=0.499938, hbmMode=off, rbcStrength=50, thrmMax=1.0, powerFactor=1.0, wasShortTermModelActive=false, flags=, reason=automatic [ dim ], autoBrightness=true, strategy=
10-10 08:41:08.975  1902  1938 D TAG     : Remove previously redundant display event 0/4 to 10321/6401
10-10 08:41:08.975  1902  1938 D TAG     : Remove previously redundant display event 0/4 to 10150/6423
10-10 08:41:08.975  1902  1938 D TAG     : Remove previously redundant display event 0/4 to 10190/9035
10-10 08:41:08.975  1902  1938 D TAG     : Remove previously redundant display event 0/4 to 10313/9231
10-10 08:41:08.975  1902  1938 D TAG     : Remove previously redundant display event 0/4 to 10190/11725
10-10 08:41:08.976  1902  1938 D TAG     : Remove previously redundant display event 0/4 to 10312/31305
10-10 08:41:08.976  1902  1938 D TAG     : Remove previously redundant display event 0/4 to 10184/31626
10-10 08:41:10.221  1902  1902 D UiModeManager: updateConfigurationLocked: mDockState=0; mCarMode=false; mCar=false; mPowerSave=false; mOverrideNightModeOn=false; mOverrideNightModeOff=false; mComputedNightMode=false; mNightMode=1; uiMode=17
10-10 08:41:10.714  1902  1954 I SmartPower: com.xiaomi.discover/10128(11400): idle->background(9917ms) R(broadcast start Intent { act=android.intent.action.BATTERY_CHANGED flg=0x60000010 (has extras) }) adj=905.
10-10 08:41:10.715  1902  1954 I SmartPower: com.android.chrome/10190(9035): idle->background(9918ms) R(broadcast start Intent { act=android.intent.action.BATTERY_CHANGED flg=0x60000010 (has extras) }) adj=900.
10-10 08:41:10.717  1902  1954 I SmartPower: com.microsoft.teams/10321(6401): idle->background(9920ms) R(broadcast start Intent { act=android.intent.action.BATTERY_CHANGED flg=0x60000010 (has extras) }) adj=905.
10-10 08:41:10.888  1902 23267 D PerfShielderService: com.android.systemui|com.android.systemui-Not-1939607582|807|104025605908507|63|5|81
10-10 08:41:10.893 22071 14193 W MiuiPerfServiceClient: interceptAndQueuing:2983|com.android.systemui|807|63|104025605908507|Slow issue draw commands|81
10-10 08:41:11.325  1902 23267 I SmartPower: com.microsoft.windowsintune.companyportal:omadm_client_process/10365(32113): idle->background(10255ms) R(content provider start ContentProviderRecord{d88dbbb u0 com.microsoft.windowsintune.companyportal/com.microsoft.omadm.apppolicy.AppPolicyContentProvider}) adj=905.
10-10 08:41:11.815  1902 23267 I SmartPower: com.microsoft.windowsintune.companyportal.omadm_client_process/10365(6698): idle->background(28312ms) R(content provider start ContentProviderRecord{7388e98 u0 com.microsoft.windowsintune.companyportal/com.microsoft.intune.origindetection.abstraction.DeviceOriginContentProvider}) adj=955.
10-10 08:41:11.967  1902  1977 I PowerGroup: Powering off display group due to timeout (groupId= 0, uid= 1000, millisSinceLastUserActivity=10002, lastUserActivityEvent=other)...
10-10 08:41:11.967  1902  1977 I PowerManagerService: Going to sleep due to timeout (uid 1000, screenOffTimeout=300000, activityTimeoutWM=10000, maxDimRatio=0.29999995, maxDimDur=18000)...
10-10 08:41:11.968  1902  1902 I WindowManager: Started going to sleep... (groupId=0 why=OFF_BECAUSE_OF_TIMEOUT)
10-10 08:41:11.971  1902  1977 I DisplayPowerControllerImpl: wait screen off animator: false -> true
10-10 08:41:11.972  1902  1977 I DisplayPowerController[0]: Brightness [0.0038966879] reason changing to: 'automatic', previous reason: 'automatic [ dim ]'.
10-10 08:41:11.972  1902  1977 I DisplayPowerController[0]: BrightnessEvent: disp=0, physDisp=local:4627039422300187648, brt=0.0038966879, initBrt=8.54597E-4, rcmdBrt=0.0038966879, preBrt=NaN, lux=0.0, preLux=NaN, hbmMax=0.499938, hbmMode=off, rbcStrength=50, thrmMax=1.0, powerFactor=1.0, wasShortTermModelActive=false, flags=, reason=automatic, autoBrightness=true, strategy=
10-10 08:41:11.973  1902  1977 I DisplayPowerControllerImpl: Wait screen off animator timeout. Skip waiting
10-10 08:41:11.974  2983  3075 D MiuiWindowDecorViewModel: mStartedGoingToSleepListener: sending cancel event
10-10 08:41:11.974  2983  3075 D MiuiDragAndDropController: mStartedGoingToSleepListener: sending cancel event
10-10 08:41:11.974  1902  1977 I DisplayPowerControllerImpl: skip wait screen off Animator due to stop request
10-10 08:41:11.975  1902  1977 I DisplayPowerControllerImpl: wait screen off animator: true -> false
10-10 08:41:11.975  1902  1977 I DisplayPowerController[0]: Blocking screen off
10-10 08:41:11.976  1902  1977 I DisplayPowerController[0]: Unblocked screen off after 1 ms
10-10 08:41:11.980  1902  1977 I WindowManager: Display0 turned off...
10-10 08:41:11.984  1902  1977 I DualSensorPolicy: setSensorEnabled: unregister the assist light sensor.
10-10 08:41:11.986  2983  3794 I KeyguardSensorInjector: unregister large area touch sensor
10-10 08:41:11.992  1902  1902 W ProcessStats: Tracking association SourceState{c218a0c com.xiaomi.mirror/1000 Fgs #321292} whose proc state 3 is better than process ProcessState{d2a9cfb com.miui.powerkeeper/1000 pkg=com.miui.powerkeeper} proc state 4 (328 skipped)
10-10 08:41:11.992  2983  3075 D OneHandedController: stopOneHanded state is 0
10-10 08:41:11.992  2983  3075 D OneHandedController: stopOneHanded state is 0
10-10 08:41:11.994  1902  1938 D TAG     : Remove previously redundant display event 0/4 to 10132/5492
10-10 08:41:11.994  1902  1938 D TAG     : Remove previously redundant display event 0/4 to 10321/6401
10-10 08:41:11.994  1902  1938 D TAG     : Remove previously redundant display event 0/4 to 10150/6423
10-10 08:41:11.994  1902  1938 D TAG     : Remove previously redundant display event 0/4 to 10190/9035
10-10 08:41:11.994  1902  2612 D SchedBoost: startBoostInternal 1000
10-10 08:41:11.995  1902  1938 D TAG     : Remove previously redundant display event 0/4 to 10313/9231
10-10 08:41:11.995  1902  1938 D TAG     : Remove previously redundant display event 0/4 to 10121/10538
10-10 08:41:11.995  1902  1938 D TAG     : Remove previously redundant display event 0/4 to 10190/11725
10-10 08:41:11.995  1902  1938 D TAG     : Remove previously redundant display event 0/4 to 10131/23667
10-10 08:41:11.995  1902  1938 D TAG     : Remove previously redundant display event 0/4 to 10312/31305
10-10 08:41:11.995  1902  1938 D TAG     : Remove previously redundant display event 0/4 to 10184/31626
10-10 08:41:12.000  1902  1977 I DaemonSensorPolicy: register daemon light sensor.
10-10 08:41:12.000  1902  1977 D DisplayPowerControllerImpl: updateBrightnessChangeStatus: animating: false, displayState: 1, slowChange: false, appliedDimming: false, appliedLowPower: false, currentBrightness: 8.54597E-4, currentSdrBrightness: 8.54597E-4, targetBrightness: 0.0, targetSdrBrightness: 0.0, previousDisplayPolicy: 2, currentDisplayPolicy: 0
10-10 08:41:12.000  1902  1977 D RampRateController: updateBrightnessRate: screenBrightnessFloat: brightness rate changing from [dim_rate] to [zero_rate], rate: 0.0
10-10 08:41:12.001  1902  1977 D RampRateController: updateBrightnessRate: sdrScreenBrightnessFloat: brightness rate changing from [dim_rate] to [zero_rate], rate: 0.0
10-10 08:41:12.003  1902  1977 I DisplayPowerController[0]: Brightness [-1.0] reason changing to: 'screen_off', previous reason: 'automatic'.
10-10 08:41:12.003  1902  1977 I DisplayPowerController[0]: BrightnessEvent: disp=0, physDisp=local:4627039422300187648, brt=-1.0, initBrt=0.0038966879, rcmdBrt=NaN, preBrt=NaN, lux=0.0, preLux=0.0, hbmMax=0.499938, hbmMode=off, rbcStrength=50, thrmMax=1.0, powerFactor=1.0, wasShortTermModelActive=false, flags=, reason=screen_off, autoBrightness=true, strategy=
10-10 08:41:12.004  1902  1938 I DisplayDeviceRepository: Display device changed state: "Built-in Screen", OFF
10-10 08:41:12.006  1902  2652 I LocalDisplayAdapter: setDisplayState(id=4627039422300187648, state=OFF)
10-10 08:41:12.006  1902  1938 D TAG     : Remove previously redundant display event 0/4 to 10132/5492
10-10 08:41:12.007  1902  1938 D TAG     : Remove previously redundant display event 0/4 to 10321/6401
10-10 08:41:12.007  1902  1938 D TAG     : Remove previously redundant display event 0/4 to 10150/6423
10-10 08:41:12.007  1902  1938 D TAG     : Remove previously redundant display event 0/4 to 10190/9035
10-10 08:41:12.007  1902  1938 D TAG     : Remove previously redundant display event 0/4 to 10313/9231
10-10 08:41:12.007  1902  1938 D TAG     : Remove previously redundant display event 0/4 to 10121/10538
10-10 08:41:12.007  1902  1938 D TAG     : Remove previously redundant display event 0/4 to 10190/11725
10-10 08:41:12.007  1902  1938 D TAG     : Remove previously redundant display event 0/4 to 10131/23667
10-10 08:41:12.007  1902  1938 D TAG     : Remove previously redundant display event 0/4 to 10312/31305
10-10 08:41:12.007  1902  1938 D TAG     : Remove previously redundant display event 0/4 to 10184/31626
10-10 08:41:12.007  1902  1938 D TAG     : Remove previously redundant display event 0/2 to 10321/6401
10-10 08:41:12.007  1902  1938 D TAG     : Remove previously redundant display event 0/2 to 10150/6423
10-10 08:41:12.008  1902  1938 D TAG     : Remove previously redundant display event 0/2 to 10190/9035
10-10 08:41:12.008  1902  1938 D TAG     : Remove previously redundant display event 0/2 to 10313/9231
10-10 08:41:12.008  1902  1938 D TAG     : Remove previously redundant display event 0/2 to 10190/11725
10-10 08:41:12.011  1902  1939 I DisplayDevice: [0] Layerstack set to -1 for local:4627039422300187648
10-10 08:41:12.015  1902  1938 D TAG     : Remove previously redundant display event 0/2 to 10312/31305
10-10 08:41:12.015  1902  1938 D TAG     : Remove previously redundant display event 0/2 to 10184/31626
10-10 08:41:12.024  1902  2772 I DisplayManagerServiceImpl: receive screen off animator end
10-10 08:41:12.024  1902  1977 I DisplayPowerControllerImpl: Wait screen off animator complete
10-10 08:41:12.025  1902  1977 I DisplayPowerControllerImpl: skip wait screen off Animator due to stop request
10-10 08:41:12.157  1902  1902 D UiModeManager: updateConfigurationLocked: mDockState=0; mCarMode=false; mCar=false; mPowerSave=false; mOverrideNightModeOn=false; mOverrideNightModeOff=false; mComputedNightMode=false; mNightMode=1; uiMode=17
10-10 08:41:12.193  1902  1938 I DisplayDeviceRepository: Display device changed state: "Built-in Screen", OFF
10-10 08:41:12.194  1902  1977 I DisplayPowerControllerImpl: skip wait screen off Animator due to invalid
10-10 08:41:12.196  1902  1938 D TAG     : Remove previously redundant display event 0/2 to 10132/5492
10-10 08:41:12.196  1902  1938 D TAG     : Remove previously redundant display event 0/2 to 10321/6401
10-10 08:41:12.196  1902  1938 D TAG     : Remove previously redundant display event 0/2 to 10150/6423
10-10 08:41:12.197  1902  1938 D TAG     : Remove previously redundant display event 0/2 to 10190/9035
10-10 08:41:12.197  1902  1938 D TAG     : Remove previously redundant display event 0/2 to 10313/9231
10-10 08:41:12.197  1902  1938 D TAG     : Remove previously redundant display event 0/2 to 10121/10538
10-10 08:41:12.197  1902  1938 D TAG     : Remove previously redundant display event 0/2 to 10190/11725
10-10 08:41:12.198  1902  1938 D TAG     : Remove previously redundant display event 0/2 to 10131/23667
10-10 08:41:12.198  1902  1938 D TAG     : Remove previously redundant display event 0/2 to 10312/31305
10-10 08:41:12.198  1902  1938 D TAG     : Remove previously redundant display event 0/2 to 10184/31626
10-10 08:41:12.201  1902  1902 I WindowManager: Finished going to sleep... (groupId=0 why=OFF_BECAUSE_OF_TIMEOUT)
10-10 08:41:12.201  1902  1977 I DreamManagerService: Entering dreamland.
10-10 08:41:12.201  1902  1977 I PowerManagerService: Dozing...
10-10 08:41:12.214  1902  1919 I DreamController: Starting dream: name=ComponentInfo{com.android.systemui/com.android.systemui.doze.DozeService}, isPreviewMode=false, canDoze=true, userId=0, reason='power manager request'
10-10 08:41:12.302  1902  1902 D MiSound.MQSUtils: device not support AudioVisual
10-10 08:41:12.303  1902  1902 D MBrainLocalService: isVendorFreezeConditionPass is false
10-10 08:41:12.304  1902  1902 E ScreenIntentReceiver: notifyChange failed
10-10 08:41:12.360  1902 23265 I SmartPower: com.miui.weather2/10228(25613): idle->background(7356ms) R(content provider start ContentProviderRecord{ed9d438 u0 com.miui.weather2/.providers.WeatherProvider}) adj=0.
10-10 08:41:12.371 32113  4090 W BpBinder: Slow Binder: BpBinder transact took 554 ms, interface=android.content.IContentProvider, code=1 oneway=false
10-10 08:41:12.374  6401  6539 W BpBinder: Slow Binder: BpBinder transact took 1048 ms, interface=android.content.IContentProvider, code=21 oneway=false
10-10 08:41:12.484  1902  1954 I SmartPower: com.miui.home/10085(3001): idle->background(11427ms) R(broadcast start Intent { act=android.intent.action.SCREEN_OFF flg=0x50200010 }) adj=100.
10-10 08:41:12.491  1902  2682 W ActivityManager: Unable to start service Intent { pkg=com.miui.securitycenter cmp=com.miui.securitycenter/com.miui.apppredict.service.AiService } U=0: not found
10-10 08:41:12.522  1902  2612 D SchedBoost: stopBoostInternal
10-10 08:41:12.529  1902  1954 I SmartPower: com.google.android.inputmethod.latin/10196(22721): idle->background(11471ms) R(broadcast start Intent { act=android.intent.action.SCREEN_OFF flg=0x50200010 }) adj=100.
10-10 08:41:12.590  1902  1954 I ActivityManager: Waited long enough for: ServiceRecord{2f99f7a u0 com.android.updater/.UpdateService}
10-10 08:41:12.629  1902 23265 D CompatibilityChangeReporter: Compat change id reported: 135634846; UID 10130; state: DISABLED
10-10 08:41:12.629  1902 23265 D CompatibilityChangeReporter: Compat change id reported: 177438394; UID 10130; state: DISABLED
10-10 08:41:12.629  1902 23265 D CompatibilityChangeReporter: Compat change id reported: 135772972; UID 10130; state: DISABLED
10-10 08:41:12.630  1902 23265 D CompatibilityChangeReporter: Compat change id reported: 135754954; UID 10130; state: ENABLED
10-10 08:41:12.631  1902  1955 D CompatibilityChangeReporter: Compat change id reported: 143937733; UID 10130; state: ENABLED
10-10 08:41:12.635  1556  1556 I wificond: Pno scan started for frequencies: 2412, 2422, 2427, 2432, 2437, 2442, 2447, 2452, 2457, 2462, 2467, 2472, 5180, 5200, 5220, 5240, 5260, 5300, 5540, 5745, 5785, 
10-10 08:41:12.641  1902  1954 I SmartPower: com.xiaomi.simactivate.service/10148(31844): idle->background(7424ms) R(broadcast start Intent { act=android.intent.action.SCREEN_OFF flg=0x50200010 }) adj=905.
10-10 08:41:12.659  1902  1954 I SmartPower: com.mi.globalminusscreen/10076(31794): idle->background(11595ms) R(broadcast start Intent { act=android.intent.action.SCREEN_OFF flg=0x50200010 }) adj=100.
10-10 08:41:12.660  1902  1954 I SmartPower: com.android.mms/10301(2523): idle->background(11591ms) R(broadcast start Intent { act=android.intent.action.SCREEN_OFF flg=0x50200010 }) adj=905.
10-10 08:41:12.668  1902  1902 I ExtM    : Screen on--> Screen off diff < 2 minutes
10-10 08:41:12.671  1902  1955 I ActivityManager: Start proc 7331:com.miui.msa.global:ui/u0a130 for service {com.miui.msa.global/com.xiaomi.ad.internal.splash.uiprocess.SplashUIService} caller=com.miui.msa.global
10-10 08:41:12.680  1902  1954 I SmartPower: com.xiaomi.glgm/10132(5492): idle->background(11611ms) R(broadcast start Intent { act=android.intent.action.SCREEN_OFF flg=0x50200010 }) adj=905.
10-10 08:41:12.693  1902  1954 I SmartPower: com.miui.global.packageinstaller/10123(10224): idle->background(11624ms) R(broadcast start Intent { act=android.intent.action.SCREEN_OFF flg=0x50200010 }) adj=905.
10-10 08:41:12.714  1902  1954 I SmartPower: com.mi.android.globalFileexplorer/10121(10538): idle->background(11644ms) R(broadcast start Intent { act=android.intent.action.SCREEN_OFF flg=0x50200010 }) adj=901.
10-10 08:41:12.731  1902  1954 I SmartPower: com.miui.cloudservice/10116(20995): idle->background(11662ms) R(broadcast start Intent { act=android.intent.action.SCREEN_OFF flg=0x50200010 }) adj=905.
10-10 08:41:12.733  1902  2772 I SmartPower: com.miui.msa.global:ui/10130(7331): died->background(27839ms) R(process start ) adj=-10000.
10-10 08:41:12.733  1902  2772 D CompatibilityChangeReporter: Compat change id reported: 168419799; UID 10130; state: DISABLED
10-10 08:41:12.734  1902  2772 D CompatibilityChangeReporter: Compat change id reported: 273564678; UID 10130; state: DISABLED
10-10 08:41:12.736  1902  2772 D CompatibilityChangeReporter: Compat change id reported: 261072174; UID 10130; state: ENABLED
10-10 08:41:12.740  1902  1954 I SmartPower: com.miui.videoplayer/10131(23667): idle->background(11669ms) R(broadcast start Intent { act=android.intent.action.SCREEN_OFF flg=0x50200010 }) adj=905.
10-10 08:41:12.748  1902 23171 D CompatibilityChangeReporter: Compat change id reported: 170503758; UID 10130; state: ENABLED
10-10 08:41:12.797  1902 23265 I ActivityManager: Flag disabled. Ignoring finishAttachApplication from uid: 10130. pid: 7331
10-10 08:41:12.801  1902  3984 D CompatibilityChangeReporter: Compat change id reported: 161145287; UID 10130; state: ENABLED
10-10 08:41:12.882  7331  7352 I Ad      : isPersonalizedAdEnabled getAdSettings: 3
10-10 08:41:13.715  1902  2620 I SmartPower: com.xiaomi.discover/10128(11400): background->idle(3001ms) R(broadcast start Intent { act=android.intent.action.BATTERY_CHANGED flg=0x60000010 (has extras) }) adj=905.
10-10 08:41:13.716  1902  2620 I SmartPower: com.android.chrome/10190(9035): background->idle(3001ms) R(broadcast start Intent { act=android.intent.action.BATTERY_CHANGED flg=0x60000010 (has extras) }) adj=900.
10-10 08:41:13.719  1902  2620 I SmartPower: com.microsoft.teams/10321(6401): background->idle(3001ms) R(broadcast start Intent { act=android.intent.action.BATTERY_CHANGED flg=0x60000010 (has extras) }) adj=905.
10-10 08:41:14.736  1902  3984 I SmartPower: android.process.acore/10059(30513): idle->background(16901ms) R(content provider start ContentProviderRecord{ff49212 u0 com.android.providers.contacts/.ContactsProvider2}) adj=800.
10-10 08:41:14.816  1902  2620 I SmartPower: com.microsoft.windowsintune.companyportal:omadm_client_process/10365(32113): background->idle(3490ms) R(content provider start ContentProviderRecord{7388e98 u0 com.microsoft.windowsintune.companyportal/com.microsoft.intune.origindetection.abstraction.DeviceOriginContentProvider}) adj=905.
10-10 08:41:14.816  1902  2620 I SmartPower: com.microsoft.windowsintune.companyportal.omadm_client_process/10365(6698): background->idle(3001ms) R(content provider start ContentProviderRecord{7388e98 u0 com.microsoft.windowsintune.companyportal/com.microsoft.intune.origindetection.abstraction.DeviceOriginContentProvider}) adj=955.
10-10 08:41:15.364  1902  2620 I SmartPower: com.miui.weather2/10228(25613): background->idle(3005ms) R(content provider start ContentProviderRecord{ed9d438 u0 com.miui.weather2/.providers.WeatherProvider}) adj=0.
10-10 08:41:15.491  1902  2620 I SmartPower: com.miui.home/10085(3001): background->idle(3007ms) R(broadcast start Intent { act=android.intent.action.SCREEN_OFF flg=0x50200010 }) adj=100.
10-10 08:41:15.532  1902  2620 I SmartPower: com.google.android.inputmethod.latin/10196(22721): background->idle(3002ms) R(broadcast start Intent { act=android.intent.action.SCREEN_OFF flg=0x50200010 }) adj=100.
10-10 08:41:15.643  1902  2620 I SmartPower: com.xiaomi.simactivate.service/10148(31844): background->idle(3001ms) R(broadcast start Intent { act=android.intent.action.SCREEN_OFF flg=0x50200010 }) adj=905.
10-10 08:41:15.660  1902  2620 I SmartPower: com.mi.globalminusscreen/10076(31794): background->idle(3001ms) R(broadcast start Intent { act=android.intent.action.SCREEN_OFF flg=0x50200010 }) adj=100.
10-10 08:41:15.661  1902  2620 I SmartPower: com.android.mms/10301(2523): background->idle(3001ms) R(broadcast start Intent { act=android.intent.action.SCREEN_OFF flg=0x50200010 }) adj=905.
10-10 08:41:15.681  1902  2620 I SmartPower: com.xiaomi.glgm/10132(5492): background->idle(3001ms) R(broadcast start Intent { act=android.intent.action.SCREEN_OFF flg=0x50200010 }) adj=905.
10-10 08:41:15.694  1902  2620 I SmartPower: com.miui.global.packageinstaller/10123(10224): background->idle(3002ms) R(broadcast start Intent { act=android.intent.action.SCREEN_OFF flg=0x50200010 }) adj=905.
10-10 08:41:15.716  1902  2620 I SmartPower: com.mi.android.globalFileexplorer/10121(10538): background->idle(3002ms) R(broadcast start Intent { act=android.intent.action.SCREEN_OFF flg=0x50200010 }) adj=900.
10-10 08:41:15.786  1902  2620 I SmartPower: com.miui.cloudservice/10116(20995): background->idle(3054ms) R(broadcast start Intent { act=android.intent.action.SCREEN_OFF flg=0x50200010 }) adj=905.
10-10 08:41:15.786  1902  2620 I SmartPower: com.miui.videoplayer/10131(23667): background->idle(3047ms) R(broadcast start Intent { act=android.intent.action.SCREEN_OFF flg=0x50200010 }) adj=905.
10-10 08:41:15.817  1902  2620 I SmartPower: com.miui.msa.global:ui/10130(7331): background->idle(3085ms) R(service end com.miui.msa.global/com.xiaomi.ad.internal.splash.uiprocess.SplashUIService) adj=905.
10-10 08:41:15.876  1902 23265 W ContentProviderHelper: No provider info for content provider gmail-ofls when providerRunning is false, caller is ProcessRecord{498d5e 15068:com.google.android.gms/u0a175}
10-10 08:41:15.877 15068 26169 E ActivityThread: Failed to find provider info for gmail-ofls
10-10 08:41:15.879  1902  2775 W ContentProviderHelper: No provider info for content provider gmail-ofls when providerRunning is false, caller is null
10-10 08:41:19.492  1902  2336 D AlarmManager: mBroadcastRefCount -> 1
10-10 08:41:19.524  1902  2775 W BpBinder: Slow Binder: BpBinder transact took 232 ms, interface=android.system.suspend.ISystemSuspend, code=1 oneway=false
10-10 08:41:19.526 15337 15414 W BpBinder: Slow Binder: BpBinder transact took 235 ms, interface=android.os.IPowerManager, code=1 oneway=false
10-10 08:41:19.528  1902 23265 D AlarmManager: mBroadcastRefCount -> 0
10-10 08:41:19.528  1902 23265 D AlarmManager: mPendingIntent -> null
10-10 08:41:19.561  1902  1902 D UiModeManager: updateConfigurationLocked: mDockState=0; mCarMode=false; mCar=false; mPowerSave=false; mOverrideNightModeOn=false; mOverrideNightModeOff=false; mComputedNightMode=false; mNightMode=1; uiMode=17
10-10 08:41:19.665  1902  2591 D MiuiBatteryServiceImpl: currenet connector temp = 217 Last currenet connector temp = 216
10-10 08:41:20.055  1902  1954 I SmartPower: com.xiaomi.discover/10128(11400): idle->background(3222ms) R(broadcast start Intent { act=android.intent.action.BATTERY_CHANGED flg=0x60000010 (has extras) }) adj=905.
10-10 08:41:20.057  1902  1954 I SmartPower: com.android.chrome/10190(9035): idle->background(3222ms) R(broadcast start Intent { act=android.intent.action.BATTERY_CHANGED flg=0x60000010 (has extras) }) adj=900.
10-10 08:41:20.059  1902  1954 I SmartPower: com.microsoft.teams/10321(6401): idle->background(3222ms) R(broadcast start Intent { act=android.intent.action.BATTERY_CHANGED flg=0x60000010 (has extras) }) adj=905.
10-10 08:41:20.855  1902  2620 I SmartPower: android.process.acore/10059(30513): background->idle(3001ms) R(content provider start ContentProviderRecord{ff49212 u0 com.android.providers.contacts/.ContactsProvider2}) adj=100.
10-10 08:41:21.177  1902  2336 D AlarmManager: mBroadcastRefCount -> 1
10-10 08:41:21.187  1902  1902 D AlarmManager: mBroadcastRefCount -> 0
10-10 08:41:21.187  1902  1902 D AlarmManager: mPendingIntent -> PendingIntent{ec47379: PendingIntentRecord{7c1241 com.google.android.gms/com.google.android.gms.location_base broadcastIntent}}
10-10 08:41:22.129  1902  2319 E AppOps  : attributionTag  not declared in manifest of android
10-10 08:41:22.134  1902  2319 E AppOps  : attributionTag  not declared in manifest of android
10-10 08:41:22.139  1902  2319 E AppOps  : attributionTag  not declared in manifest of android
10-10 08:41:22.144  1902  2319 E AppOps  : attributionTag  not declared in manifest of android
10-10 08:41:22.149  1902  2319 E AppOps  : attributionTag  not declared in manifest of android
10-10 08:41:22.154  1902  2319 E AppOps  : attributionTag  not declared in manifest of android
10-10 08:41:22.159  1902  2319 E AppOps  : attributionTag  not declared in manifest of android
10-10 08:41:22.163  1902  2319 E AppOps  : attributionTag  not declared in manifest of android
10-10 08:41:22.167  1902  2319 E AppOps  : attributionTag  not declared in manifest of android
10-10 08:41:22.170  1902  2319 E AppOps  : attributionTag  not declared in manifest of android
10-10 08:41:22.174  1902  2319 E AppOps  : attributionTag  not declared in manifest of android
10-10 08:41:22.177  1902  2319 E AppOps  : attributionTag  not declared in manifest of android
10-10 08:41:22.179  1902  2319 E AppOps  : attributionTag  not declared in manifest of android
10-10 08:41:22.182  1902  2319 E AppOps  : attributionTag  not declared in manifest of android
10-10 08:41:22.184  1902  2319 E AppOps  : attributionTag  not declared in manifest of android
10-10 08:41:22.186  1902  2319 E AppOps  : attributionTag  not declared in manifest of android
10-10 08:41:22.188  1902  2319 E AppOps  : attributionTag  not declared in manifest of android
10-10 08:41:22.190  1902  2319 E AppOps  : attributionTag  not declared in manifest of android
10-10 08:41:22.191  1902  2319 E AppOps  : attributionTag  not declared in manifest of android
10-10 08:41:22.193  1902  2319 E AppOps  : attributionTag  not declared in manifest of android
10-10 08:41:22.194  1902  2319 E AppOps  : attributionTag  not declared in manifest of android
10-10 08:41:22.196  1902  2319 E AppOps  : attributionTag  not declared in manifest of android
10-10 08:41:22.197  1902  2319 E AppOps  : attributionTag  not declared in manifest of android
10-10 08:41:22.198  1902  2319 E AppOps  : attributionTag  not declared in manifest of android
10-10 08:41:22.199  1902  2319 E AppOps  : attributionTag  not declared in manifest of android
10-10 08:41:22.200  1902  2319 E AppOps  : attributionTag  not declared in manifest of android
10-10 08:41:22.202  1902  2319 E AppOps  : attributionTag  not declared in manifest of android
10-10 08:41:22.203  1902  2319 E AppOps  : attributionTag  not declared in manifest of android
10-10 08:41:22.205  1902  2319 E AppOps  : attributionTag  not declared in manifest of android
10-10 08:41:22.206  1902  2319 E AppOps  : attributionTag  not declared in manifest of android
10-10 08:41:22.651  1902  2667 W ActivityManager: Killing processes WifiCloudSync at adjustment 900
10-10 08:41:22.653  1902  1954 I ActivityManager: Killing 6354:com.android.settings:remote/1000 (adj 955): WifiCloudSync
10-10 08:41:22.719  1902  2611 E ProcessManager: error write exception log
10-10 08:41:23.061  1902  2620 I SmartPower: com.xiaomi.discover/10128(11400): background->idle(3005ms) R(broadcast start Intent { act=android.intent.action.BATTERY_CHANGED flg=0x60000010 (has extras) }) adj=905.
10-10 08:41:23.062  1902  2620 I SmartPower: com.android.chrome/10190(9035): background->idle(3005ms) R(broadcast start Intent { act=android.intent.action.BATTERY_CHANGED flg=0x60000010 (has extras) }) adj=900.
10-10 08:41:23.062  1902  2620 I SmartPower: com.microsoft.teams/10321(6401): background->idle(3003ms) R(broadcast start Intent { act=android.intent.action.BATTERY_CHANGED flg=0x60000010 (has extras) }) adj=905.
10-10 08:41:23.349  1902  1902 D UiModeManager: updateConfigurationLocked: mDockState=0; mCarMode=false; mCar=false; mPowerSave=false; mOverrideNightModeOn=false; mOverrideNightModeOff=false; mComputedNightMode=false; mNightMode=1; uiMode=17
10-10 08:41:30.470  1902  2336 D AlarmManager: mBroadcastRefCount -> 1
10-10 08:41:30.495  1902  1902 D AlarmManager: mBroadcastRefCount -> 0
10-10 08:41:30.495  1902  1902 D AlarmManager: mPendingIntent -> PendingIntent{37f4122: PendingIntentRecord{7c1241 com.google.android.gms/com.google.android.gms.location_base broadcastIntent}}
10-10 08:41:30.522  1902  1902 D UiModeManager: updateConfigurationLocked: mDockState=0; mCarMode=false; mCar=false; mPowerSave=false; mOverrideNightModeOn=false; mOverrideNightModeOff=false; mComputedNightMode=false; mNightMode=1; uiMode=17
10-10 08:41:31.022  1902  1954 I SmartPower: com.xiaomi.discover/10128(11400): idle->background(2330ms) R(broadcast start Intent { act=android.intent.action.BATTERY_CHANGED flg=0x60000010 (has extras) }) adj=905.
10-10 08:41:31.024  1902  1954 I SmartPower: com.android.chrome/10190(9035): idle->background(2330ms) R(broadcast start Intent { act=android.intent.action.BATTERY_CHANGED flg=0x60000010 (has extras) }) adj=900.
10-10 08:41:31.026  1902  1954 I SmartPower: com.microsoft.teams/10321(6401): idle->background(2331ms) R(broadcast start Intent { act=android.intent.action.BATTERY_CHANGED flg=0x60000010 (has extras) }) adj=905.
10-10 08:41:31.924  1902  2775 W ProcessStats: Tracking association SourceState{b733909 com.google.android.gms.persistent/10175 Fgs #321412} whose proc state 3 is better than process ProcessState{2c25849 com.google.android.gms/10175 pkg=com.google.android.gms} proc state 6 (331 skipped)
10-10 08:41:34.029  1902  2620 I SmartPower: com.xiaomi.discover/10128(11400): background->idle(3007ms) R(broadcast start Intent { act=android.intent.action.BATTERY_CHANGED flg=0x60000010 (has extras) }) adj=905.
10-10 08:41:34.030  1902  2620 I SmartPower: com.android.chrome/10190(9035): background->idle(3006ms) R(broadcast start Intent { act=android.intent.action.BATTERY_CHANGED flg=0x60000010 (has extras) }) adj=900.
10-10 08:41:34.030  1902  2620 I SmartPower: com.microsoft.teams/10321(6401): background->idle(3005ms) R(broadcast start Intent { act=android.intent.action.BATTERY_CHANGED flg=0x60000010 (has extras) }) adj=905.
10-10 08:41:43.968  1902 23265 W BpBinder: Slow Binder: BpBinder transact took 250 ms, interface=android.system.suspend.ISystemSuspend, code=1 oneway=false
10-10 08:41:43.970 15337 15414 W BpBinder: Slow Binder: BpBinder transact took 254 ms, interface=android.os.IPowerManager, code=1 oneway=false
10-10 08:41:43.973  1902 23265 W AppOps  : Noting op not finished: uid 10175 pkg com.google.android.gms code 79 startTime of in progress event=1760013270374
10-10 08:41:43.974  1902  2319 E AppOps  : attributionTag  not declared in manifest of android
10-10 08:41:43.976  1902  2319 E AppOps  : attributionTag  not declared in manifest of android
10-10 08:41:43.979  1902  2319 E AppOps  : attributionTag  not declared in manifest of android
10-10 08:41:43.981  1902  2319 E AppOps  : attributionTag  not declared in manifest of android
10-10 08:41:43.983  1902 23265 W AppOps  : Noting op not finished: uid 10175 pkg com.google.android.gms code 113 startTime of in progress event=1760013270374
10-10 08:41:43.984  1902  2319 E AppOps  : attributionTag  not declared in manifest of android
10-10 08:41:43.986  1902  2319 E AppOps  : attributionTag  not declared in manifest of android
10-10 08:41:43.989  1902  2319 E AppOps  : attributionTag  not declared in manifest of android
10-10 08:41:43.991  1902  2319 E AppOps  : attributionTag  not declared in manifest of android
10-10 08:41:43.993  1902  2319 E AppOps  : attributionTag  not declared in manifest of android
10-10 08:41:43.996  1902  2319 E AppOps  : attributionTag  not declared in manifest of android
10-10 08:41:43.999  1902  2319 E AppOps  : attributionTag  not declared in manifest of android
10-10 08:41:44.001  1902  2319 E AppOps  : attributionTag  not declared in manifest of android
10-10 08:41:44.003  1902 23265 W AppOps  : Noting op not finished: uid 10175 pkg com.google.android.gms code 113 startTime of in progress event=1760013270374
10-10 08:41:44.003  1902  2319 E AppOps  : attributionTag  not declared in manifest of android
10-10 08:41:44.005  1902  2319 E AppOps  : attributionTag  not declared in manifest of android
10-10 08:41:44.007  1902  2319 E AppOps  : attributionTag  not declared in manifest of android
10-10 08:41:44.009  1902  2319 E AppOps  : attributionTag  not declared in manifest of android
10-10 08:41:44.011  1902  2319 E AppOps  : attributionTag  not declared in manifest of android
10-10 08:41:44.013  1902  2319 E AppOps  : attributionTag  not declared in manifest of android
10-10 08:41:44.014  1902  2319 E AppOps  : attributionTag  not declared in manifest of android
10-10 08:41:44.016  1902  2319 E AppOps  : attributionTag  not declared in manifest of android
10-10 08:41:44.017  1902  2319 E AppOps  : attributionTag  not declared in manifest of android
10-10 08:41:44.019  1902  2319 E AppOps  : attributionTag  not declared in manifest of android
10-10 08:41:44.020  1902  2319 E AppOps  : attributionTag  not declared in manifest of android
10-10 08:41:44.022  1902  2319 E AppOps  : attributionTag  not declared in manifest of android
10-10 08:41:44.023  1902  2319 E AppOps  : attributionTag  not declared in manifest of android
10-10 08:41:44.025  1902  2319 E AppOps  : attributionTag  not declared in manifest of android
10-10 08:41:44.026  1902  2319 E AppOps  : attributionTag  not declared in manifest of android
10-10 08:41:44.027  1902 23265 W AppOps  : Noting op not finished: uid 10175 pkg com.google.android.gms code 113 startTime of in progress event=1760074833243
10-10 08:41:44.027  1902  2319 E AppOps  : attributionTag  not declared in manifest of android
10-10 08:41:44.033  1902  2319 E AppOps  : attributionTag  not declared in manifest of android
10-10 08:41:44.035  1902  2319 E AppOps  : attributionTag  not declared in manifest of android
10-10 08:41:44.048  1902  1902 D UiModeManager: updateConfigurationLocked: mDockState=0; mCarMode=false; mCar=false; mPowerSave=false; mOverrideNightModeOn=false; mOverrideNightModeOff=false; mComputedNightMode=false; mNightMode=1; uiMode=17
10-10 08:41:44.133  1902  1950 D ProcessManager: add gps active uid : 10175
10-10 08:41:44.443  1902  1919 D CompatibilityChangeReporter: Compat change id reported: 168936375; UID 1000; state: ENABLED
10-10 08:41:44.459  1902  1919 D CompatibilityChangeReporter: Compat change id reported: 73144566; UID 1000; state: ENABLED
10-10 08:41:49.836  1902  1947 D HeapUsage Monitor: HeapAllocSize : 76MB; monitorSize : 500MB
10-10 08:41:53.419  1902  2775 W ProcessStats: Tracking association SourceState{80da44f com.google.android.gms.persistent/10175 Fgs #321485} whose proc state 3 is better than process ProcessState{2c25849 com.google.android.gms/10175 pkg=com.google.android.gms} proc state 6 (79 skipped)
10-10 08:41:53.618  1902 23171 W AppOps  : Noting op not finished: uid 10175 pkg com.google.android.gms code 113 startTime of in progress event=1760013270374
10-10 08:41:53.835  1902 23171 W AppOps  : Noting op not finished: uid 10175 pkg com.google.android.gms code 113 startTime of in progress event=1760074913621
10-10 08:41:53.845  1902  2775 W AppOps  : Noting op not finished: uid 10175 pkg com.google.android.gms code 79 startTime of in progress event=1760013270374
10-10 08:41:53.847  1902  2775 W AppOps  : Noting op not finished: uid 10175 pkg com.google.android.gms code 113 startTime of in progress event=1760013270374
10-10 08:41:53.851  1902  2775 W AppOps  : Noting op not finished: uid 10175 pkg com.google.android.gms code 113 startTime of in progress event=1760013270374
