10-09 21:50:41.644  1902  2611 E ProcessManager: error write exception log
10-09 21:50:41.646  1902  1936 D DisplayManagerService: Drop pending events for gone uid 10178
10-09 21:50:41.663  1902 10935 I ActivityManager: Process com.google.android.apps.healthdata (pid 14560) has died: cch+85 CEM 
10-09 21:50:41.664  1902  2611 E ProcessManager: error write exception log
10-09 21:50:41.665  1902  1936 D DisplayManagerService: Drop pending events for gone uid 10299
10-09 21:50:41.680  1902 22586 I ActivityManager: Process com.miui.screenrecorder (pid 6043) has died: cch+75 CEM 
10-09 21:50:41.681  1902  2611 E ProcessManager: error write exception log
10-09 21:50:41.705  1902  1918 I ActivityManager: Process com.milink.service:provider (pid 13577) has died: cch+75 CEM 
10-09 21:50:41.705  1902  2611 E ProcessManager: error write exception log
10-09 21:50:41.706  1902  1936 D DisplayManagerService: Drop pending events for gone uid 10134
10-09 21:50:41.724  1902 10935 I ActivityManager: Process com.google.android.apps.turbo (pid 32685) has died: cch+75 CEM 
10-09 21:50:41.724  1902  2611 E ProcessManager: error write exception log
10-09 21:50:41.754  1902 23265 I ActivityManager: Process com.google.android.contacts (pid 14472) has died: cch+75 CEM 
10-09 21:50:41.754  1902  2611 E ProcessManager: error write exception log
10-09 21:50:42.348  1902  2620 I SmartPower: com.android.vending/10184(8781): background->idle(3418ms) R(service create com.android.vending/com.google.android.finsky.scheduler.process.backgroundimpl.PhoneskyJobServiceBackground) adj=905.
10-09 21:50:42.348  1902  2620 I SmartPower: com.android.vending:background/10184(9100): background->idle(3005ms) R(service create com.android.vending/com.google.android.finsky.scheduler.process.backgroundimpl.PhoneskyJobServiceBackground) adj=100.
10-09 21:50:42.503  1902  2620 I SmartPower: com.google.android.projection.gearhead:provider/10163(2382): background->idle(3098ms) R(content provider start ContentProviderRecord{65cbf03 u0 com.google.android.projection.gearhead/com.google.android.apps.auto.components.projectionstate.ProjectionStateProvider}) adj=100.
10-09 21:50:42.864  1902  2620 I SmartPower: com.google.android.gms.unstable/10175(4628): background->idle(5334ms) R(content provider start ContentProviderRecord{b12e50a u0 com.google.android.gsf/.settings.GoogleSettingsProvider}) adj=800.
10-09 21:50:42.865  1902  2620 I SmartPower: com.google.process.gapps/10175(27622): background->idle(3000ms) R(content provider start ContentProviderRecord{b12e50a u0 com.google.android.gsf/.settings.GoogleSettingsProvider}) adj=100.
10-09 21:50:43.078  1902  1990 W PackageSettings: Couldn't write -1 to /config/sdcardfs/com.google.android.devicelock/appid
10-09 21:50:43.079  1902  1990 W PackageSettings: Couldn't write -1 to /config/sdcardfs/com.google.android.tzdata5/appid
10-09 21:50:43.079  1902  1990 W PackageSettings: Couldn't write -1 to /config/sdcardfs/com.google.android.ondevicepersonalization/appid
10-09 21:50:43.080  1902  1990 W PackageSettings: Couldn't write -1 to /config/sdcardfs/com.google.android.media.swcodec/appid
10-09 21:50:43.080  1902  1990 W PackageSettings: Couldn't write -1 to /config/sdcardfs/com.google.android.os.statsd/appid
10-09 21:50:43.081  1902  1990 W PackageSettings: Couldn't write -1 to /config/sdcardfs/com.google.mainline.primary.libs/appid
10-09 21:50:43.081  1902  1990 W PackageSettings: Couldn't write -1 to /config/sdcardfs/com.google.android.extservices/appid
10-09 21:50:43.082  1902  1990 W PackageSettings: Couldn't write -1 to /config/sdcardfs/com.android.uwb/appid
10-09 21:50:43.082  1902  1990 W PackageSettings: Couldn't write -1 to /config/sdcardfs/com.android.btservices/appid
10-09 21:50:43.082  1902  1990 W PackageSettings: Couldn't write -1 to /config/sdcardfs/com.google.android.healthfitness/appid
10-09 21:50:43.083  1902  1990 W PackageSettings: Couldn't write -1 to /config/sdcardfs/com.google.android.ipsec/appid
10-09 21:50:43.083  1902  1990 W PackageSettings: Couldn't write -1 to /config/sdcardfs/com.google.android.media/appid
10-09 21:50:43.084  1902  1990 W PackageSettings: Couldn't write -1 to /config/sdcardfs/com.android.i18n/appid
10-09 21:50:43.084  1902  1990 W PackageSettings: Couldn't write -1 to /config/sdcardfs/com.android.rkpd/appid
10-09 21:50:43.084  1902  1990 W PackageSettings: Couldn't write -1 to /config/sdcardfs/com.android.virt/appid
10-09 21:50:43.084  1902  1990 W PackageSettings: Couldn't write -1 to /config/sdcardfs/com.android.wifi/appid
10-09 21:50:43.085  1902  1990 W PackageSettings: Couldn't write -1 to /config/sdcardfs/com.google.android.appsearch/appid
10-09 21:50:43.085  1902  1990 W PackageSettings: Couldn't write -1 to /config/sdcardfs/com.google.android.configinfrastructure/appid
10-09 21:50:43.085  1902  1990 W PackageSettings: Couldn't write -1 to /config/sdcardfs/com.android.runtime/appid
10-09 21:50:43.086  1902  1990 W PackageSettings: Couldn't write -1 to /config/sdcardfs/com.google.android.cellbroadcast/appid
10-09 21:50:43.086  1902  1990 W PackageSettings: Couldn't write -1 to /config/sdcardfs/com.android.apex.cts.shim/appid
10-09 21:50:43.086  1902  1990 W PackageSettings: Couldn't write -1 to /config/sdcardfs/com.android.compos/appid
10-09 21:50:43.086  1902  1990 W PackageSettings: Couldn't write -1 to /config/sdcardfs/com.google.android.resolv/appid
10-09 21:50:43.086  1902  1990 W PackageSettings: Couldn't write -1 to /config/sdcardfs/com.google.android.sdkext/appid
10-09 21:50:43.086  1902  1990 W PackageSettings: Couldn't write -1 to /config/sdcardfs/com.google.android.art/appid
10-09 21:50:43.087  1902  1990 W PackageSettings: Couldn't write -1 to /config/sdcardfs/com.google.android.adservices/appid
10-09 21:50:43.088  1902  1990 W PackageSettings: Couldn't write -1 to /config/sdcardfs/com.google.android.scheduling/appid
10-09 21:50:43.088  1902  1990 W PackageSettings: Couldn't write -1 to /config/sdcardfs/com.google.android.mediaprovider/appid
10-09 21:50:43.089  1902  1990 W PackageSettings: Couldn't write -1 to /config/sdcardfs/com.google.android.permission/appid
10-09 21:50:43.089  1902  1990 W PackageSettings: Couldn't write -1 to /config/sdcardfs/com.android.vndk.v30/appid
10-09 21:50:43.089  1902  1990 W PackageSettings: Couldn't write -1 to /config/sdcardfs/com.android.vndk.v31/appid
10-09 21:50:43.089  1902  1990 W PackageSettings: Couldn't write -1 to /config/sdcardfs/com.android.vndk.v33/appid
10-09 21:50:43.089  1902  1990 W PackageSettings: Couldn't write -1 to /config/sdcardfs/com.android.vndk.v34/appid
10-09 21:50:43.090  1902  1990 W PackageSettings: Couldn't write -1 to /config/sdcardfs/com.google.android.neuralnetworks/appid
10-09 21:50:43.090  1902  1990 W PackageSettings: Couldn't write -1 to /config/sdcardfs/com.google.android.tethering/appid
10-09 21:50:43.090  1902  1990 W PackageSettings: Couldn't write -1 to /config/sdcardfs/com.google.android.adbd/appid
10-09 21:50:43.090  1902  1990 W PackageSettings: Couldn't write -1 to /config/sdcardfs/com.google.android.conscrypt/appid
10-09 21:50:43.217  1902 15926 D CompatibilityChangeReporter: Compat change id reported: 261072174; UID 1000; state: ENABLED
10-09 21:50:43.873  1902  1985 D PermissionManager: writeLegacyPermissionState for user  in 4 ms.
10-09 21:50:44.094  1902  2674 W FileUtils: Failed to chmod(AtomicFile[/data/system_de/0/system/game-manager-service.xml]): android.system.ErrnoException: chmod failed: ENOENT (No such file or directory)
10-09 21:50:44.270   691 25600 I keystore2: system/security/keystore2/src/watchdog.rs:319 - Watchdog thread idle -> terminating. Have a great day.
10-09 21:50:44.724  1902  2620 I SmartPower: com.google.android.apps.turbo:aab/10180(5777): background->idle(984961ms) R(process died ) adj=915.
10-09 21:50:46.654  1902  1947 D HeapUsage Monitor: HeapAllocSize : 100MB; monitorSize : 500MB
10-09 21:50:47.781  1902  2600 D CompatibilityChangeReporter: Compat change id reported: 74210811; UID 1000; state: DISABLED
10-09 21:50:47.781  1902  2600 D CompatibilityChangeReporter: Compat change id reported: 74210811; UID 1000; state: ENABLED
10-09 21:50:48.700  1902  2303 I SmartPower: com.google.process.gservices/10175(22048): idle->background(12124ms) R(content provider start ContentProviderRecord{15adf8b u0 com.google.android.gsf/.gservices.GservicesProvider}) adj=700.
10-09 21:50:49.105  1902 22586 W ProcessStats: Tracking association SourceState{b5dfb99 com.google.android.gms.persistent/10175 Fgs #316169} whose proc state 3 is better than process ProcessState{2c25849 com.google.android.gms/10175 pkg=com.google.android.gms} proc state 6 (395 skipped)
10-09 21:50:49.185  1902 22586 I SmartPower: com.google.android.gms/10175(15068): idle->background(12609ms) R(service unbind com.google.android.gms/.chimera.GmsBoundBrokerService) adj=600.
10-09 21:50:51.117  1902  2620 I SmartPower: com.google.android.permissioncontroller/10221(653): background->idle(17060ms) R(service end com.google.android.permissioncontroller/com.android.role.controller.service.RoleControllerServiceImpl) adj=905.
10-09 21:50:51.322  1902  1902 D UiModeManager: updateConfigurationLocked: mDockState=0; mCarMode=false; mCar=false; mPowerSave=false; mOverrideNightModeOn=false; mOverrideNightModeOff=false; mComputedNightMode=false; mNightMode=1; uiMode=17
10-09 21:50:51.821  1902  1954 I SmartPower: com.microsoft.teams/10321(3572): idle->background(14438ms) R(broadcast start Intent { act=android.intent.action.BATTERY_CHANGED flg=0x60000010 (has extras) }) adj=905.
10-09 21:50:51.821  1902  1954 I SmartPower: com.xiaomi.discover/10128(11400): idle->background(14440ms) R(broadcast start Intent { act=android.intent.action.BATTERY_CHANGED flg=0x60000010 (has extras) }) adj=905.
10-09 21:50:51.821  1902  1954 I SmartPower: com.android.chrome/10190(9035): idle->background(15042ms) R(broadcast start Intent { act=android.intent.action.BATTERY_CHANGED flg=0x60000010 (has extras) }) adj=900.
10-09 21:50:52.185  1902  2620 I SmartPower: com.google.process.gservices/10175(22048): background->idle(3485ms) R(service unbind com.google.android.gms/.chimera.GmsBoundBrokerService) adj=700.
10-09 21:50:52.186  1902  2620 I SmartPower: com.google.android.gms/10175(15068): background->idle(3000ms) R(service unbind com.google.android.gms/.chimera.GmsBoundBrokerService) adj=600.
10-09 21:50:54.823  1902  2620 I SmartPower: com.microsoft.teams/10321(3572): background->idle(3002ms) R(broadcast start Intent { act=android.intent.action.BATTERY_CHANGED flg=0x60000010 (has extras) }) adj=905.
10-09 21:50:54.823  1902  2620 I SmartPower: com.xiaomi.discover/10128(11400): background->idle(3002ms) R(broadcast start Intent { act=android.intent.action.BATTERY_CHANGED flg=0x60000010 (has extras) }) adj=905.
10-09 21:50:54.823  1902  2620 I SmartPower: com.android.chrome/10190(9035): background->idle(3002ms) R(broadcast start Intent { act=android.intent.action.BATTERY_CHANGED flg=0x60000010 (has extras) }) adj=900.
10-09 21:50:59.647  1902 22586 W ProcessStats: Tracking association SourceState{c25f721 com.android.vending:background/10184 ImpBg #316188} whose proc state 6 is better than process ProcessState{24ca0dd com.android.vending/10184 pkg=com.android.vending} proc state 14 (48 skipped)
10-09 21:51:05.124  1902 22586 I InstallationTiming: beginInstall_sessionId: 1281411374
10-09 21:51:06.262  1902  2301 E PackageInstallerSession: mUserActionRequired should not be null.
10-09 21:51:06.263  1902  2301 E PackageInstallerSession: mUserActionRequired should not be null.
10-09 21:51:06.263  1902  2301 E PackageInstallerSession: mUserActionRequired should not be null.
10-09 21:51:06.263  1902  2301 E PackageInstallerSession: mUserActionRequired should not be null.
10-09 21:51:06.264  1902  2301 E PackageInstallerSession: mUserActionRequired should not be null.
10-09 21:51:06.264  1902  2301 E PackageInstallerSession: mUserActionRequired should not be null.
10-09 21:51:06.264  1902  2301 E PackageInstallerSession: mUserActionRequired should not be null.
10-09 21:51:06.264  1902  2301 E PackageInstallerSession: mUserActionRequired should not be null.
10-09 21:51:06.264  1902  2301 E PackageInstallerSession: mUserActionRequired should not be null.
10-09 21:51:06.264  1902  2301 E PackageInstallerSession: mUserActionRequired should not be null.
10-09 21:51:06.264  1902  2301 E PackageInstallerSession: mUserActionRequired should not be null.
10-09 21:51:06.264  1902  2301 E PackageInstallerSession: mUserActionRequired should not be null.
10-09 21:51:06.264  1902  2301 E PackageInstallerSession: mUserActionRequired should not be null.
10-09 21:51:06.264  1902  2301 E PackageInstallerSession: mUserActionRequired should not be null.
10-09 21:51:06.264  1902  2301 E PackageInstallerSession: mUserActionRequired should not be null.
10-09 21:51:06.264  1902  2301 E PackageInstallerSession: mUserActionRequired should not be null.
10-09 21:51:06.265  1902  2301 E PackageInstallerSession: mUserActionRequired should not be null.
10-09 21:51:06.265  1902  2301 E PackageInstallerSession: mUserActionRequired should not be null.
10-09 21:51:06.265  1902  2301 E PackageInstallerSession: mUserActionRequired should not be null.
10-09 21:51:06.265  1902  2301 E PackageInstallerSession: mUserActionRequired should not be null.
10-09 21:51:06.265  1902  2301 E PackageInstallerSession: mUserActionRequired should not be null.
10-09 21:51:06.265  1902  2301 E PackageInstallerSession: mUserActionRequired should not be null.
10-09 21:51:06.270  1902  2325 I RollbackManager: Enabling rollback for install of com.google.android.media.swcodec, session:2996154, rollbackDataPolicy=0
10-09 21:51:06.271  1902  1954 I SmartPower: com.android.vending/10184(8781): idle->background(23923ms) R(broadcast start Intent { act=android.intent.action.PACKAGE_NEEDS_VERIFICATION dat=file:///... typ=application/vnd.android.package-archive flg=0x10000011 cmp=com.android.vending/com.google.android.finsky.verifier.impl.PackageVerificationReceiver (has extras) }) adj=905.
10-09 21:51:06.276  1902  2325 I RollbackManager: Enabling rollback for install of com.google.android.modulemetadata, session:40088269, rollbackDataPolicy=0
10-09 21:51:06.278  1902  2325 I RollbackManager: Enabling rollback for install of com.google.android.art, session:262707859, rollbackDataPolicy=0
10-09 21:51:06.279  1902  2325 I RollbackManager: Enabling rollback for install of com.google.android.appsearch, session:282021064, rollbackDataPolicy=0
10-09 21:51:06.281  1902  2325 I RollbackManager: Enabling rollback for install of com.google.android.healthfitness, session:289184845, rollbackDataPolicy=0
10-09 21:51:06.282  1902  2325 I RollbackManager: Enabling rollback for install of com.google.android.neuralnetworks, session:364730155, rollbackDataPolicy=0
10-09 21:51:06.284  1902  2325 I RollbackManager: Enabling rollback for install of com.google.android.sdkext, session:482515325, rollbackDataPolicy=0
10-09 21:51:06.286  1902  2325 I RollbackManager: Enabling rollback for install of com.google.android.permission, session:601497694, rollbackDataPolicy=0
10-09 21:51:06.289  1902  2325 I RollbackManager: Enabling rollback for install of com.google.android.resolv, session:833102760, rollbackDataPolicy=0
10-09 21:51:06.290  1902  2325 I RollbackManager: Enabling rollback for install of com.google.android.scheduling, session:927496250, rollbackDataPolicy=0
10-09 21:51:06.300  1902  2325 I RollbackManager: Enabling rollback for install of com.google.android.networkstack, session:1052660445, rollbackDataPolicy=0
10-09 21:51:06.302  1902  2325 I RollbackManager: Enabling rollback for install of com.google.android.tethering, session:1132966321, rollbackDataPolicy=0
10-09 21:51:06.303  1902  2325 I RollbackManager: Enabling rollback for install of com.google.android.cellbroadcast, session:1134653273, rollbackDataPolicy=0
10-09 21:51:06.305  1902  2325 I RollbackManager: Enabling rollback for install of com.google.android.configinfrastructure, session:1174817387, rollbackDataPolicy=0
10-09 21:51:06.307  1902  2325 I RollbackManager: Enabling rollback for install of com.google.android.mediaprovider, session:1232799350, rollbackDataPolicy=0
10-09 21:51:06.308  1902  2325 I RollbackManager: Enabling rollback for install of com.google.android.ipsec, session:1290773686, rollbackDataPolicy=0
10-09 21:51:06.309  1902  2325 I RollbackManager: Enabling rollback for install of com.google.android.media, session:1342423148, rollbackDataPolicy=0
10-09 21:51:06.312  1902  2325 I RollbackManager: Enabling rollback for install of com.google.android.conscrypt, session:1369274436, rollbackDataPolicy=0
10-09 21:51:06.315  1902  2325 I RollbackManager: Enabling rollback for install of com.google.android.adbd, session:1577905143, rollbackDataPolicy=0
10-09 21:51:06.325  1902  2325 I RollbackManager: Enabling rollback for install of com.google.android.captiveportallogin, session:1932113002, rollbackDataPolicy=0
10-09 21:51:06.330  1902  1990 I PackageManager: Integrity check passed for file:///data/app-staging/session_40088269
10-09 21:51:06.330  1902  1990 I PackageManager: Integrity check passed for file:///data/app-staging/session_1052660445
10-09 21:51:06.332  1902  2325 I RollbackManager: Enabling rollback for install of com.google.android.documentsui, session:2061161287, rollbackDataPolicy=0
10-09 21:51:06.332  1902  1990 I PackageManager: Integrity check passed for file:///data/app-staging/session_1932113002
10-09 21:51:06.332  1902  1990 I PackageManager: Integrity check passed for file:///data/app-staging/session_2061161287
10-09 21:51:06.333  1902  1990 I PackageManager: Continuing with installation of file:///data/app-staging/session_40088269
10-09 21:51:06.333  1902  1990 I PackageManager: Continuing with installation of file:///data/app-staging/session_1052660445
10-09 21:51:06.333  1902  1990 I PackageManager: Continuing with installation of file:///data/app-staging/session_1932113002
10-09 21:51:06.334  1902  2325 I RollbackManager: Enabling rollback for install of com.google.android.extservices, session:2075820764, rollbackDataPolicy=0
10-09 21:51:06.339  1902  1990 I PackageManager: Continuing with installation of file:///data/app-staging/session_2061161287
10-09 21:51:06.341  1902  1990 D PackageSessionVerifier: Starting preRebootVerification for session 1281411374
10-09 21:51:06.473  1902  1958 I ExtM    : zram userate is low, no need to flush: 23
10-09 21:51:07.569  1902  1958 I ExtM    : zram userate is low, no need to flush: 23
10-09 21:51:07.707  1902  1902 D UiModeManager: updateConfigurationLocked: mDockState=0; mCarMode=false; mCar=false; mPowerSave=false; mOverrideNightModeOn=false; mOverrideNightModeOff=false; mComputedNightMode=false; mNightMode=1; uiMode=17
10-09 21:51:08.177  1902  2301 W BpBinder: Slow Binder: BpBinder transact took 1727 ms, interface=android.apex.IApexService, code=1 oneway=false
10-09 21:51:08.194  1902  2301 D PackageSessionVerifier: Session 1281411374 has following APEX packages: [com.google.android.media.swcodec, com.google.android.art, com.google.android.appsearch, com.google.android.healthfitness, com.google.android.neuralnetworks, com.google.android.sdkext, com.google.android.permission, com.google.android.resolv, com.google.android.scheduling, com.google.android.tethering, com.google.android.cellbroadcast, com.google.android.configinfrastructure, com.google.android.mediaprovider, com.google.android.ipsec, com.google.android.media, com.google.android.conscrypt, com.google.android.adbd, com.google.android.extservices]
10-09 21:51:08.197  1902  2301 D PackageSessionVerifier: Marking session 1281411374 as ready
10-09 21:51:08.198  1902  1954 I SmartPower: com.android.vending:background/10184(9100): idle->background(25850ms) R(broadcast start Intent { act=android.content.pm.action.SESSION_UPDATED flg=0x10 pkg=com.android.vending (has extras) }) adj=100.
10-09 21:51:08.204  1902  1954 I SmartPower: com.microsoft.teams/10321(3572): idle->background(13381ms) R(broadcast start Intent { act=android.intent.action.BATTERY_CHANGED flg=0x60000010 (has extras) }) adj=905.
10-09 21:51:08.204  1902  1954 I SmartPower: com.xiaomi.discover/10128(11400): idle->background(13381ms) R(broadcast start Intent { act=android.intent.action.BATTERY_CHANGED flg=0x60000010 (has extras) }) adj=905.
10-09 21:51:08.204  1902  1954 I SmartPower: com.android.chrome/10190(9035): idle->background(13381ms) R(broadcast start Intent { act=android.intent.action.BATTERY_CHANGED flg=0x60000010 (has extras) }) adj=900.
10-09 21:51:09.199  1902  2301 W BpBinder: Slow Binder: BpBinder transact took 921 ms, interface=android.apex.IApexService, code=6 oneway=false
10-09 21:51:09.364  1902  2301 D TransparencyService: A new APEX has been staged for update. There are currently 22 APEX(s) staged for update. Scheduling measurement...
10-09 21:51:09.364  1902  2301 I TransparencyService: Scheduling binary content-digest computation job
10-09 21:51:09.364  1902  2301 D TransparencyService: A measurement job has already been scheduled.
10-09 21:51:10.016  1902 22586 W ProcessStats: Tracking association SourceState{c25f721 com.android.vending:background/10184 ImpBg #316213} whose proc state 6 is better than process ProcessState{24ca0dd com.android.vending/10184 pkg=com.android.vending} proc state 14 (67 skipped)
10-09 21:51:10.017  1902  2323 D CompatibilityChangeReporter: Compat change id reported: 271850009; UID 1000; state: DISABLED
10-09 21:51:10.017  1902  2323 D CompatibilityChangeReporter: Compat change id reported: 271850009; UID 1000; state: ENABLED
10-09 21:51:10.031  1902  2670 I SmartPower: com.google.android.gms/10175(15068): idle->background(17846ms) R(service create com.google.android.gms/.chromesync.sync.SyncService) adj=0.
10-09 21:51:10.042  1902 15926 W ContentProviderHelper: No provider info for content provider subscribedfeeds when providerRunning is false, caller is ProcessRecord{498d5e 15068:com.google.android.gms/u0a175}
10-09 21:51:10.043 15068 26607 E ActivityThread: Failed to find provider info for subscribedfeeds
10-09 21:51:10.043  1902  3385 W ContentProviderHelper: No provider info for content provider subscribedfeeds when providerRunning is false, caller is ProcessRecord{498d5e 15068:com.google.android.gms/u0a175}
10-09 21:51:10.044 15068 26607 E ActivityThread: Failed to find provider info for subscribedfeeds
10-09 21:51:10.044  1902  2670 D CompatibilityChangeReporter: Compat change id reported: 253665015; UID 1000; state: DISABLED
10-09 21:51:10.044  1902  2670 D CompatibilityChangeReporter: Compat change id reported: 253665015; UID 1000; state: ENABLED
10-09 21:51:10.045  1902  2670 D CompatibilityChangeReporter: Compat change id reported: 194532703; UID 1000; state: ENABLED
10-09 21:51:10.453  1902  2323 D CompatibilityChangeReporter: Compat change id reported: 171306433; UID 1000; state: ENABLED
10-09 21:51:24.524  1902  1902 D UiModeManager: updateConfigurationLocked: mDockState=0; mCarMode=false; mCar=false; mPowerSave=false; mOverrideNightModeOn=false; mOverrideNightModeOff=false; mComputedNightMode=false; mNightMode=1; uiMode=17
10-09 21:51:24.995  1902  1954 I SmartPower: com.google.android.gm/10197(460): idle->background(49556ms) R(broadcast start Intent { act=android.os.action.DEVICE_IDLE_MODE_CHANGED flg=0x50000010 }) adj=915.
10-09 21:51:25.057  1902  2620 I SmartPower: com.android.vending/10184(8781): background->idle(4928ms) R(broadcast start Intent { act=android.content.pm.action.SESSION_UPDATED flg=0x10 pkg=com.android.vending (has extras) }) adj=910.
10-09 21:51:25.057  1902  2620 I SmartPower: com.android.vending:background/10184(9100): background->idle(3001ms) R(broadcast start Intent { act=android.content.pm.action.SESSION_UPDATED flg=0x10 pkg=com.android.vending (has extras) }) adj=905.
10-09 21:51:25.062  1902  2620 I SmartPower: com.microsoft.teams/10321(3572): background->idle(3000ms) R(broadcast start Intent { act=android.intent.action.BATTERY_CHANGED flg=0x60000010 (has extras) }) adj=905.
10-09 21:51:25.062  1902  2620 I SmartPower: com.xiaomi.discover/10128(11400): background->idle(3000ms) R(broadcast start Intent { act=android.intent.action.BATTERY_CHANGED flg=0x60000010 (has extras) }) adj=905.
10-09 21:51:25.062  1902  2620 I SmartPower: com.android.chrome/10190(9035): background->idle(3000ms) R(broadcast start Intent { act=android.intent.action.BATTERY_CHANGED flg=0x60000010 (has extras) }) adj=900.
10-09 21:51:42.251  1902  1902 D UiModeManager: updateConfigurationLocked: mDockState=0; mCarMode=false; mCar=false; mPowerSave=false; mOverrideNightModeOn=false; mOverrideNightModeOff=false; mComputedNightMode=false; mNightMode=1; uiMode=17
10-09 21:51:49.821  1902  1902 D UiModeManager: updateConfigurationLocked: mDockState=0; mCarMode=false; mCar=false; mPowerSave=false; mOverrideNightModeOn=false; mOverrideNightModeOff=false; mComputedNightMode=false; mNightMode=1; uiMode=17
10-09 21:51:50.426  1902  1954 I SmartPower: com.microsoft.teams/10321(3572): idle->background(2357ms) R(broadcast start Intent { act=android.intent.action.BATTERY_CHANGED flg=0x60000010 (has extras) }) adj=905.
10-09 21:51:50.426  1902  1954 I SmartPower: com.xiaomi.discover/10128(11400): idle->background(2357ms) R(broadcast start Intent { act=android.intent.action.BATTERY_CHANGED flg=0x60000010 (has extras) }) adj=905.
10-09 21:51:50.426  1902  1954 I SmartPower: com.android.chrome/10190(9035): idle->background(2357ms) R(broadcast start Intent { act=android.intent.action.BATTERY_CHANGED flg=0x60000010 (has extras) }) adj=900.
10-09 21:51:50.433  1902  1902 D UiModeManager: updateConfigurationLocked: mDockState=0; mCarMode=false; mCar=false; mPowerSave=false; mOverrideNightModeOn=false; mOverrideNightModeOff=false; mComputedNightMode=false; mNightMode=1; uiMode=17
10-09 21:51:55.437  1902  2620 I SmartPower: com.google.android.gm/10197(460): background->idle(3000ms) R(broadcast start Intent { act=android.os.action.DEVICE_IDLE_MODE_CHANGED flg=0x50000010 }) adj=915.
10-09 21:52:25.658  1902  2591 D MiuiBatteryServiceImpl: currenet connector temp = 221 Last currenet connector temp = 220
10-09 21:53:39.066  1902  2620 I SmartPower: com.microsoft.teams/10321(3572): background->idle(3001ms) R(broadcast start Intent { act=android.intent.action.BATTERY_CHANGED flg=0x60000010 (has extras) }) adj=905.
10-09 21:53:39.066  1902  2620 I SmartPower: com.xiaomi.discover/10128(11400): background->idle(3001ms) R(broadcast start Intent { act=android.intent.action.BATTERY_CHANGED flg=0x60000010 (has extras) }) adj=905.
10-09 21:53:39.066  1902  2620 I SmartPower: com.android.chrome/10190(9035): background->idle(3001ms) R(broadcast start Intent { act=android.intent.action.BATTERY_CHANGED flg=0x60000010 (has extras) }) adj=900.
10-09 21:53:39.158  1902  1947 D HeapUsage Monitor: HeapAllocSize : 86MB; monitorSize : 500MB
10-09 21:53:48.811  1902  1902 D UiModeManager: updateConfigurationLocked: mDockState=0; mCarMode=false; mCar=false; mPowerSave=false; mOverrideNightModeOn=false; mOverrideNightModeOff=false; mComputedNightMode=false; mNightMode=1; uiMode=17
10-09 21:54:12.566  1902  1902 D UiModeManager: updateConfigurationLocked: mDockState=0; mCarMode=false; mCar=false; mPowerSave=false; mOverrideNightModeOn=false; mOverrideNightModeOff=false; mComputedNightMode=false; mNightMode=1; uiMode=17
10-09 21:54:12.748  1902  1902 D UiModeManager: updateConfigurationLocked: mDockState=0; mCarMode=false; mCar=false; mPowerSave=false; mOverrideNightModeOn=false; mOverrideNightModeOff=false; mComputedNightMode=false; mNightMode=1; uiMode=17
10-09 21:54:23.734  1902  1902 D UiModeManager: updateConfigurationLocked: mDockState=0; mCarMode=false; mCar=false; mPowerSave=false; mOverrideNightModeOn=false; mOverrideNightModeOff=false; mComputedNightMode=false; mNightMode=1; uiMode=17
10-09 21:54:27.108  1902  1902 D UiModeManager: updateConfigurationLocked: mDockState=0; mCarMode=false; mCar=false; mPowerSave=false; mOverrideNightModeOn=false; mOverrideNightModeOff=false; mComputedNightMode=false; mNightMode=1; uiMode=17
10-09 21:54:27.792  1902 22586 I SmartPower: com.google.process.gservices/10175(22048): idle->background(26731ms) R(content provider start ContentProviderRecord{15adf8b u0 com.google.android.gsf/.gservices.GservicesProvider}) adj=915.
10-09 21:54:27.825  1902  1902 D UiModeManager: updateConfigurationLocked: mDockState=0; mCarMode=false; mCar=false; mPowerSave=false; mOverrideNightModeOn=false; mOverrideNightModeOff=false; mComputedNightMode=false; mNightMode=1; uiMode=17
10-09 21:54:28.529  1902  1954 I SmartPower: com.microsoft.teams/10321(3572): idle->background(2885ms) R(broadcast start Intent { act=android.intent.action.BATTERY_CHANGED flg=0x60000010 (has extras) }) adj=905.
10-09 21:54:28.530  1902  1954 I SmartPower: com.xiaomi.discover/10128(11400): idle->background(2885ms) R(broadcast start Intent { act=android.intent.action.BATTERY_CHANGED flg=0x60000010 (has extras) }) adj=905.
10-09 21:54:28.530  1902  1954 I SmartPower: com.android.chrome/10190(9035): idle->background(2885ms) R(broadcast start Intent { act=android.intent.action.BATTERY_CHANGED flg=0x60000010 (has extras) }) adj=900.
10-09 21:54:28.725  1902  1902 D UiModeManager: updateConfigurationLocked: mDockState=0; mCarMode=false; mCar=false; mPowerSave=false; mOverrideNightModeOn=false; mOverrideNightModeOff=false; mComputedNightMode=false; mNightMode=1; uiMode=17
10-09 21:54:31.922  1902  1902 D UiModeManager: updateConfigurationLocked: mDockState=0; mCarMode=false; mCar=false; mPowerSave=false; mOverrideNightModeOn=false; mOverrideNightModeOff=false; mComputedNightMode=false; mNightMode=1; uiMode=17
10-09 21:54:42.059  1902  1902 D UiModeManager: updateConfigurationLocked: mDockState=0; mCarMode=false; mCar=false; mPowerSave=false; mOverrideNightModeOn=false; mOverrideNightModeOff=false; mComputedNightMode=false; mNightMode=1; uiMode=17
10-09 21:54:42.625  1902  2620 I SmartPower: com.google.process.gservices/10175(22048): background->idle(3001ms) R(content provider start ContentProviderRecord{15adf8b u0 com.google.android.gsf/.gservices.GservicesProvider}) adj=915.
10-09 21:54:42.625  1902  2620 I SmartPower: com.google.android.gms/10175(15068): background->idle(11886ms) R(content provider start ContentProviderRecord{15adf8b u0 com.google.android.gsf/.gservices.GservicesProvider}) adj=600.
10-09 21:54:45.132  1902  1902 D UiModeManager: updateConfigurationLocked: mDockState=0; mCarMode=false; mCar=false; mPowerSave=false; mOverrideNightModeOn=false; mOverrideNightModeOff=false; mComputedNightMode=false; mNightMode=1; uiMode=17
10-09 21:54:45.145  1902  2620 I SmartPower: com.microsoft.teams/10321(3572): background->idle(3000ms) R(broadcast start Intent { act=android.intent.action.BATTERY_CHANGED flg=0x60000010 (has extras) }) adj=905.
10-09 21:54:45.145  1902  2620 I SmartPower: com.xiaomi.discover/10128(11400): background->idle(3000ms) R(broadcast start Intent { act=android.intent.action.BATTERY_CHANGED flg=0x60000010 (has extras) }) adj=905.
10-09 21:54:45.146  1902  2620 I SmartPower: com.android.chrome/10190(9035): background->idle(3001ms) R(broadcast start Intent { act=android.intent.action.BATTERY_CHANGED flg=0x60000010 (has extras) }) adj=900.
10-09 21:54:47.076  1902  1902 D UiModeManager: updateConfigurationLocked: mDockState=0; mCarMode=false; mCar=false; mPowerSave=false; mOverrideNightModeOn=false; mOverrideNightModeOff=false; mComputedNightMode=false; mNightMode=1; uiMode=17
10-09 21:54:47.401  1902  2323 W ProcessStats: Tracking association SourceState{c218a0c com.xiaomi.mirror/1000 Fgs #316262} whose proc state 3 is better than process ProcessState{d2a9cfb com.miui.powerkeeper/1000 pkg=com.miui.powerkeeper} proc state 4 (41 skipped)
10-09 21:55:30.457  1902  2336 D AlarmManager: mBroadcastRefCount -> 1
10-09 21:55:30.474  1902  2336 D AlarmManager: mBroadcastRefCount -> 2
10-09 21:55:30.474  1902  2336 I SmartPower: com.google.android.gms.unstable/10175(4628): idle->background(40548ms) R(alarm start) adj=800.
10-09 21:55:30.474  1902  2336 I SmartPower: com.google.android.gms.ui/10175(26069): idle->background(53212ms) R(alarm start) adj=800.
10-09 21:55:30.474  1902  2336 I SmartPower: com.google.android.gms:snet/10175(14783): idle->background(53212ms) R(alarm start) adj=800.
10-09 21:55:30.474  1902  2336 I SmartPower: com.google.process.gapps/10175(27622): idle->background(40548ms) R(alarm start) adj=905.
10-09 21:55:30.475  1902  2336 D AlarmManager: mBroadcastRefCount -> 3
10-09 21:55:30.476  1902  1902 D AlarmManager: mBroadcastRefCount -> 2
10-09 21:55:30.476  1902  1902 D AlarmManager: mPendingIntent -> null
10-09 21:55:30.478  1902  1902 D AlarmManager: mBroadcastRefCount -> 1
10-09 21:55:30.478  1902  1902 D AlarmManager: mPendingIntent -> PendingIntent{c2f7729: PendingIntentRecord{51287af com.google.android.gms/com.google.android.gms.scheduler broadcastIntent}}
10-09 21:55:30.482  1902  1902 D AlarmManager: mBroadcastRefCount -> 0
10-09 21:55:30.482  1902  1902 D AlarmManager: mPendingIntent -> PendingIntent{93a6aae: PendingIntentRecord{1971a6d com.xiaomi.xmsf broadcastIntent}}
10-09 21:58:00.478  1902  1962 D KernelCpuUidUserSysTimeReader: Removing uids 10387-10387
10-09 21:58:00.510  1902  1902 D UiModeManager: updateConfigurationLocked: mDockState=0; mCarMode=false; mCar=false; mPowerSave=false; mOverrideNightModeOn=false; mOverrideNightModeOff=false; mComputedNightMode=false; mNightMode=1; uiMode=17
10-09 21:58:01.012  1902  1954 I SmartPower: com.microsoft.teams/10321(3572): idle->background(2537ms) R(broadcast start Intent { act=android.intent.action.BATTERY_CHANGED flg=0x60000010 (has extras) }) adj=905.
10-09 21:58:01.012  1902  1954 I SmartPower: com.xiaomi.discover/10128(11400): idle->background(2538ms) R(broadcast start Intent { act=android.intent.action.BATTERY_CHANGED flg=0x60000010 (has extras) }) adj=905.
10-09 21:58:01.012  1902  1954 I SmartPower: com.android.chrome/10190(9035): idle->background(2537ms) R(broadcast start Intent { act=android.intent.action.BATTERY_CHANGED flg=0x60000010 (has extras) }) adj=900.
10-09 22:00:00.457  1902  2336 D AlarmManager: mBroadcastRefCount -> 1
10-09 22:00:00.471  1902  2336 D AlarmManager: mBroadcastRefCount -> 2
10-09 22:00:00.473  1902  2336 D AlarmManager: mBroadcastRefCount -> 3
10-09 22:00:00.474  1902  1902 D AlarmManager: mBroadcastRefCount -> 2
10-09 22:00:00.474  1902  1902 D AlarmManager: mPendingIntent -> null
10-09 22:00:00.474  1902  1902 D AlarmManager: mBroadcastRefCount -> 1
10-09 22:00:00.474  1902  1902 D AlarmManager: mPendingIntent -> PendingIntent{dddd89a: PendingIntentRecord{9055cb com.miui.powerkeeper startService}}
10-09 22:00:00.481  1902 23265 D CompatibilityChangeReporter: Compat change id reported: 218533173; UID 1000; state: ENABLED
10-09 22:00:00.488  1902  1902 D AlarmManager: mBroadcastRefCount -> 0
10-09 22:00:00.488  1902  1902 D AlarmManager: mPendingIntent -> PendingIntent{d6de261: PendingIntentRecord{ac92186 com.android.settings broadcastIntent}}
10-09 22:00:00.546  1902  1902 D UiModeManager: updateConfigurationLocked: mDockState=0; mCarMode=false; mCar=false; mPowerSave=false; mOverrideNightModeOn=false; mOverrideNightModeOff=false; mComputedNightMode=false; mNightMode=1; uiMode=17
10-09 22:00:30.458  1902  2336 D AlarmManager: mBroadcastRefCount -> 1
10-09 22:00:30.478  1902  1902 D AlarmManager: mBroadcastRefCount -> 0
10-09 22:00:30.478  1902  1902 D AlarmManager: mPendingIntent -> PendingIntent{1517274: PendingIntentRecord{2704388 com.miui.securitycenter startService}}
10-09 22:00:30.495  1902  1902 D UiModeManager: updateConfigurationLocked: mDockState=0; mCarMode=false; mCar=false; mPowerSave=false; mOverrideNightModeOn=false; mOverrideNightModeOff=false; mComputedNightMode=false; mNightMode=1; uiMode=17
10-09 22:00:30.672  1902  3385 D CompatibilityChangeReporter: Compat change id reported: 161145287; UID 1000; state: DISABLED
10-09 22:00:30.672  1902  3385 D CompatibilityChangeReporter: Compat change id reported: 161145287; UID 1000; state: ENABLED
10-09 22:00:30.972  1902  2620 I SmartPower: com.google.android.gms.unstable/10175(4628): background->idle(3004ms) R(alarm start) adj=800.
10-09 22:00:30.972  1902  2620 I SmartPower: com.google.android.gms.ui/10175(26069): background->idle(3004ms) R(alarm start) adj=800.
10-09 22:00:30.972  1902  2620 I SmartPower: com.google.android.gms:snet/10175(14783): background->idle(3004ms) R(alarm start) adj=800.
10-09 22:00:30.972  1902  2620 I SmartPower: com.google.process.gapps/10175(27622): background->idle(3004ms) R(alarm start) adj=905.
10-09 22:01:24.669  1902  2620 I SmartPower: com.microsoft.teams/10321(3572): background->idle(3001ms) R(broadcast start Intent { act=android.intent.action.BATTERY_CHANGED flg=0x60000010 (has extras) }) adj=905.
10-09 22:01:24.669  1902  2620 I SmartPower: com.xiaomi.discover/10128(11400): background->idle(3001ms) R(broadcast start Intent { act=android.intent.action.BATTERY_CHANGED flg=0x60000010 (has extras) }) adj=905.
10-09 22:01:24.669  1902  2620 I SmartPower: com.android.chrome/10190(9035): background->idle(3001ms) R(broadcast start Intent { act=android.intent.action.BATTERY_CHANGED flg=0x60000010 (has extras) }) adj=900.
10-09 22:04:41.493  1902  1902 D UiModeManager: updateConfigurationLocked: mDockState=0; mCarMode=false; mCar=false; mPowerSave=false; mOverrideNightModeOn=false; mOverrideNightModeOff=false; mComputedNightMode=false; mNightMode=1; uiMode=17
10-09 22:05:29.457  1902  2336 D AlarmManager: mBroadcastRefCount -> 1
10-09 22:05:29.476  1902  2336 D AlarmManager: mBroadcastRefCount -> 2
10-09 22:05:29.476  1902  1902 D AlarmManager: mBroadcastRefCount -> 1
10-09 22:05:29.476  1902  1902 D AlarmManager: mPendingIntent -> null
10-09 22:05:29.480  1902  1902 D AlarmManager: mBroadcastRefCount -> 0
10-09 22:05:29.480  1902  1902 D AlarmManager: mPendingIntent -> PendingIntent{c31756e: PendingIntentRecord{1971a6d com.xiaomi.xmsf broadcastIntent}}
10-09 22:08:51.182  1902  1902 D UiModeManager: updateConfigurationLocked: mDockState=0; mCarMode=false; mCar=false; mPowerSave=false; mOverrideNightModeOn=false; mOverrideNightModeOff=false; mComputedNightMode=false; mNightMode=1; uiMode=17
10-09 22:08:51.681  1902  1954 I SmartPower: com.microsoft.teams/10321(3572): idle->background(3203ms) R(broadcast start Intent { act=android.intent.action.BATTERY_CHANGED flg=0x60000010 (has extras) }) adj=905.
10-09 22:08:51.681  1902  1954 I SmartPower: com.xiaomi.discover/10128(11400): idle->background(3203ms) R(broadcast start Intent { act=android.intent.action.BATTERY_CHANGED flg=0x60000010 (has extras) }) adj=905.
10-09 22:08:51.681  1902  1954 I SmartPower: com.android.chrome/10190(9035): idle->background(3203ms) R(broadcast start Intent { act=android.intent.action.BATTERY_CHANGED flg=0x60000010 (has extras) }) adj=900.
10-09 22:11:24.496  1902  1902 D UiModeManager: updateConfigurationLocked: mDockState=0; mCarMode=false; mCar=false; mPowerSave=false; mOverrideNightModeOn=false; mOverrideNightModeOff=false; mComputedNightMode=false; mNightMode=1; uiMode=17
10-09 22:11:24.778  1902 15926 I SmartPower: com.google.process.gservices/10175(22048): idle->background(9769ms) R(content provider start ContentProviderRecord{15adf8b u0 com.google.android.gsf/.gservices.GservicesProvider}) adj=915.
10-09 22:11:24.911  1902 15926 I SmartPower: com.android.vending:quick_launch/10184(25808): idle->background(63051ms) R(service unbind com.android.vending/com.google.frameworks.client.data.android.server.play.QuickLaunchProcessEndpointService) adj=0.
10-09 22:14:15.263  1902  1902 D UiModeManager: updateConfigurationLocked: mDockState=0; mCarMode=false; mCar=false; mPowerSave=false; mOverrideNightModeOn=false; mOverrideNightModeOff=false; mComputedNightMode=false; mNightMode=1; uiMode=17
10-09 22:14:15.311  1902  3385 I SmartPower: com.google.android.apps.messaging/10181(28276): idle->background(56309ms) R(content provider start ContentProviderRecord{f329b53 u0 com.google.android.apps.messaging/.shared.datamodel.provider.sharedstorage.SharedStorageProvider}) adj=200.
10-09 22:14:15.322  1902  1937 D Persistence: writeHistoricalOpsDLocked 2 ms.
10-09 22:14:15.325  1902  1937 D Persistence: writeHistoricalOpsDLocked 1 ms.
10-09 22:14:15.331  1902  1937 D Persistence: writeHistoricalOpsDLocked 2 ms.
10-09 22:14:15.342  1902  1958 I ExtM    : zram userate is low, no need to flush: 23
10-09 22:14:15.464  1902  1902 D UiModeManager: updateConfigurationLocked: mDockState=0; mCarMode=false; mCar=false; mPowerSave=false; mOverrideNightModeOn=false; mOverrideNightModeOff=false; mComputedNightMode=false; mNightMode=1; uiMode=17
10-09 22:14:21.569  1902  2620 I SmartPower: com.microsoft.teams/10321(3572): background->idle(3001ms) R(broadcast start Intent { act=android.intent.action.BATTERY_CHANGED flg=0x60000010 (has extras) }) adj=905.
10-09 22:14:21.569  1902  2620 I SmartPower: com.xiaomi.discover/10128(11400): background->idle(3000ms) R(broadcast start Intent { act=android.intent.action.BATTERY_CHANGED flg=0x60000010 (has extras) }) adj=905.
10-09 22:14:21.569  1902  2620 I SmartPower: com.android.chrome/10190(9035): background->idle(3000ms) R(broadcast start Intent { act=android.intent.action.BATTERY_CHANGED flg=0x60000010 (has extras) }) adj=900.
10-09 22:14:58.496  1902  1902 D UiModeManager: updateConfigurationLocked: mDockState=0; mCarMode=false; mCar=false; mPowerSave=false; mOverrideNightModeOn=false; mOverrideNightModeOff=false; mComputedNightMode=false; mNightMode=1; uiMode=17
10-09 22:14:58.684  1902  2620 I SmartPower: com.google.process.gservices/10175(22048): background->idle(3000ms) R(content provider start ContentProviderRecord{15adf8b u0 com.google.android.gsf/.gservices.GservicesProvider}) adj=100.
10-09 22:14:58.698  1902  1902 D UiModeManager: updateConfigurationLocked: mDockState=0; mCarMode=false; mCar=false; mPowerSave=false; mOverrideNightModeOn=false; mOverrideNightModeOff=false; mComputedNightMode=false; mNightMode=1; uiMode=17
10-09 22:14:58.786  1902 23265 I SmartPower: com.google.android.gms/10175(15068): idle->background(12872ms) R(service create com.google.android.gms/.measurement.service.MeasurementBrokerService) adj=0.
10-09 22:14:58.807  1902  1958 I ExtM    : zram userate is low, no need to flush: 23
10-09 22:14:58.817  1902  2620 I SmartPower: com.android.vending:quick_launch/10184(25808): background->idle(3000ms) R(service unbind com.android.vending/com.google.frameworks.client.data.android.server.play.QuickLaunchProcessEndpointService) adj=905.
10-09 22:15:30.460  1902  2323 W ProcessStats: Tracking association SourceState{c218a0c com.xiaomi.mirror/1000 Fgs #316315} whose proc state 3 is better than process ProcessState{d2a9cfb com.miui.powerkeeper/1000 pkg=com.miui.powerkeeper} proc state 4 (38 skipped)
10-09 22:15:30.461  1902  2336 D AlarmManager: mBroadcastRefCount -> 1
10-09 22:15:30.470  1902  2336 D AlarmManager: mBroadcastRefCount -> 2
10-09 22:15:30.471  1902  2336 D AlarmManager: mBroadcastRefCount -> 3
10-09 22:15:30.471  1902  2336 D AlarmManager: mBroadcastRefCount -> 4
10-09 22:15:30.472  1902  2336 D AlarmManager: mBroadcastRefCount -> 5
10-09 22:15:30.473  1902  2336 D AlarmManager: mBroadcastRefCount -> 6
10-09 22:15:30.475  1902  2336 D AlarmManager: mBroadcastRefCount -> 7
10-09 22:15:30.477  1902  1902 D AlarmManager: mBroadcastRefCount -> 6
10-09 22:15:30.477  1902  1902 D AlarmManager: mPendingIntent -> null
10-09 22:15:30.480  1902  1902 D AlarmManager: mBroadcastRefCount -> 5
10-09 22:15:30.480  1902  1902 D AlarmManager: mPendingIntent -> null
10-09 22:15:30.480  1902  1902 D AlarmManager: mBroadcastRefCount -> 4
10-09 22:15:30.480  1902  1902 D AlarmManager: mPendingIntent -> null
10-09 22:15:30.480  1902  1902 D AlarmManager: mBroadcastRefCount -> 3
10-09 22:15:30.480  1902  1902 D AlarmManager: mPendingIntent -> PendingIntent{17d1b60: PendingIntentRecord{c249f82 com.miui.securitycenter startService}}
10-09 22:15:30.480  1902  1902 D AlarmManager: mBroadcastRefCount -> 2
10-09 22:15:30.480  1902  1902 D AlarmManager: mPendingIntent -> PendingIntent{dddd89a: PendingIntentRecord{9055cb com.miui.powerkeeper startService}}
10-09 22:15:30.487  1902  1902 D AlarmManager: mBroadcastRefCount -> 1
10-09 22:15:30.487  1902  1902 D AlarmManager: mPendingIntent -> PendingIntent{cdc1819: PendingIntentRecord{1971a6d com.xiaomi.xmsf broadcastIntent}}
10-09 22:15:30.493  1902  1902 D AlarmManager: mBroadcastRefCount -> 0
10-09 22:15:30.493  1902  1902 D AlarmManager: mPendingIntent -> PendingIntent{fffd57e: PendingIntentRecord{6e7adf android broadcastIntent}}
10-09 22:15:30.670  1902  1902 D UiModeManager: updateConfigurationLocked: mDockState=0; mCarMode=false; mCar=false; mPowerSave=false; mOverrideNightModeOn=false; mOverrideNightModeOff=false; mComputedNightMode=false; mNightMode=1; uiMode=17
10-09 22:19:58.125  1902  1902 D UiModeManager: updateConfigurationLocked: mDockState=0; mCarMode=false; mCar=false; mPowerSave=false; mOverrideNightModeOn=false; mOverrideNightModeOff=false; mComputedNightMode=false; mNightMode=1; uiMode=17
10-09 22:19:58.242  1902  2591 D MiuiBatteryServiceImpl: currenet connector temp = 220 Last currenet connector temp = 221
10-09 22:19:58.243  1902  2620 I SmartPower: com.google.android.apps.messaging/10181(28276): background->idle(3001ms) R(content provider start ContentProviderRecord{f329b53 u0 com.google.android.apps.messaging/.shared.datamodel.provider.sharedstorage.SharedStorageProvider}) adj=200.
10-09 22:19:58.283  1902  1902 D UiModeManager: updateConfigurationLocked: mDockState=0; mCarMode=false; mCar=false; mPowerSave=false; mOverrideNightModeOn=false; mOverrideNightModeOff=false; mComputedNightMode=false; mNightMode=1; uiMode=17
10-09 22:21:24.473  1902  1954 I SmartPower: com.microsoft.teams/10321(3572): idle->background(3041ms) R(broadcast start Intent { act=android.intent.action.BATTERY_CHANGED flg=0x60000010 (has extras) }) adj=905.
10-09 22:21:24.473  1902  1954 I SmartPower: com.xiaomi.discover/10128(11400): idle->background(3041ms) R(broadcast start Intent { act=android.intent.action.BATTERY_CHANGED flg=0x60000010 (has extras) }) adj=905.
10-09 22:21:24.474  1902  1954 I SmartPower: com.android.chrome/10190(9035): idle->background(3042ms) R(broadcast start Intent { act=android.intent.action.BATTERY_CHANGED flg=0x60000010 (has extras) }) adj=900.
10-09 22:21:24.497  1902  1902 D UiModeManager: updateConfigurationLocked: mDockState=0; mCarMode=false; mCar=false; mPowerSave=false; mOverrideNightModeOn=false; mOverrideNightModeOff=false; mComputedNightMode=false; mNightMode=1; uiMode=17
10-09 22:23:44.667  1902  2620 I SmartPower: com.google.android.gms/10175(15068): background->idle(3001ms) R(service create com.google.android.gms/.measurement.service.MeasurementBrokerService) adj=600.
10-09 22:25:30.458  1902  2336 D AlarmManager: mBroadcastRefCount -> 1
10-09 22:25:30.472  1902  2336 D AlarmManager: mBroadcastRefCount -> 2
10-09 22:25:30.474  1902  2336 D AlarmManager: mBroadcastRefCount -> 3
10-09 22:25:30.476  1902  2336 D AlarmManager: mBroadcastRefCount -> 4
10-09 22:25:30.476  1902  1902 D AlarmManager: mBroadcastRefCount -> 3
10-09 22:25:30.476  1902  1902 D AlarmManager: mPendingIntent -> null
10-09 22:25:30.476  1902  1902 D AlarmManager: mBroadcastRefCount -> 2
10-09 22:25:30.476  1902  1902 D AlarmManager: mPendingIntent -> null
10-09 22:25:30.477  1902  1902 D AlarmManager: mBroadcastRefCount -> 1
10-09 22:25:30.477  1902  1902 D AlarmManager: mPendingIntent -> PendingIntent{dddd89a: PendingIntentRecord{9055cb com.miui.powerkeeper startService}}
10-09 22:25:30.478  1902  1902 D AlarmManager: mBroadcastRefCount -> 0
10-09 22:25:30.479  1902  1902 D AlarmManager: mPendingIntent -> PendingIntent{1379f42: PendingIntentRecord{1971a6d com.xiaomi.xmsf broadcastIntent}}
10-09 22:25:30.500  1902  1902 D UiModeManager: updateConfigurationLocked: mDockState=0; mCarMode=false; mCar=false; mPowerSave=false; mOverrideNightModeOn=false; mOverrideNightModeOff=false; mComputedNightMode=false; mNightMode=1; uiMode=17
10-09 22:25:31.092  1902  1902 D UiModeManager: updateConfigurationLocked: mDockState=0; mCarMode=false; mCar=false; mPowerSave=false; mOverrideNightModeOn=false; mOverrideNightModeOff=false; mComputedNightMode=false; mNightMode=1; uiMode=17
10-09 22:25:31.208  1902  2620 I SmartPower: com.microsoft.teams/10321(3572): background->idle(3001ms) R(broadcast start Intent { act=android.intent.action.BATTERY_CHANGED flg=0x60000010 (has extras) }) adj=905.
10-09 22:25:31.209  1902  2620 I SmartPower: com.xiaomi.discover/10128(11400): background->idle(3001ms) R(broadcast start Intent { act=android.intent.action.BATTERY_CHANGED flg=0x60000010 (has extras) }) adj=905.
10-09 22:25:31.209  1902  2620 I SmartPower: com.android.chrome/10190(9035): background->idle(3000ms) R(broadcast start Intent { act=android.intent.action.BATTERY_CHANGED flg=0x60000010 (has extras) }) adj=900.
10-09 22:28:31.498  1902  1902 D UiModeManager: updateConfigurationLocked: mDockState=0; mCarMode=false; mCar=false; mPowerSave=false; mOverrideNightModeOn=false; mOverrideNightModeOff=false; mComputedNightMode=false; mNightMode=1; uiMode=17
10-09 22:31:15.893  1902  1902 D UiModeManager: updateConfigurationLocked: mDockState=0; mCarMode=false; mCar=false; mPowerSave=false; mOverrideNightModeOn=false; mOverrideNightModeOff=false; mComputedNightMode=false; mNightMode=1; uiMode=17
10-09 22:31:16.395  1902  1954 I SmartPower: com.microsoft.teams/10321(3572): idle->background(2330ms) R(broadcast start Intent { act=android.intent.action.BATTERY_CHANGED flg=0x60000010 (has extras) }) adj=905.
10-09 22:31:16.395  1902  1954 I SmartPower: com.xiaomi.discover/10128(11400): idle->background(2330ms) R(broadcast start Intent { act=android.intent.action.BATTERY_CHANGED flg=0x60000010 (has extras) }) adj=905.
