--------- beginning of crash
09-30 02:36:24.484  1558  1558 I emdlogger: mtk-brm-commit-id:2833288c68103f17f4843653d1b9a6fbd2f6e149
09-30 02:36:24.498  1558  1558 I emdlogger: mtk-brm-change-id:I6afe606aa6a21dad7f79560b154220d5ade63e14
09-30 02:36:24.499  1558  1558 I emdlogger: mtk-brm-merge-id:none
09-30 02:36:24.544  1534  1534 I libimsma_adapt: mtk-brm-commit-id:08c165c9fffde5e436e743d3aa5d9496d79cbc21
09-30 02:36:24.545  1534  1534 I libimsma_adapt: mtk-brm-change-id:I5d32ca5715dae8f0bcd34ce3d65cbe31e750f432
09-30 02:36:24.545  1534  1534 I libimsma_adapt: mtk-brm-merge-id:none
09-30 12:11:43.791  2938  2938 I SmartRatSwitch: mtk-brm-commit-id:5fafc7f90721207346ff793b0242d9143ebe08b5
09-30 12:11:43.793  2938  2938 I SmartRatSwitch: mtk-brm-change-id:I78997b642e154a4486e6f4d8caf000b0aab4b465
09-30 12:11:43.793  2938  2938 I SmartRatSwitch: mtk-brm-merge-id:none
10-06 14:43:03.589 32186 32204 E AndroidRuntime: FATAL EXCEPTION: Instr: androidx.test.runner.AndroidJUnitRunner
10-06 14:43:03.589 32186 32204 E AndroidRuntime: Process: io.appium.uiautomator2.server, PID: 32186
10-06 14:43:03.589 32186 32204 E AndroidRuntime: java.lang.RuntimeException: Error while disconnecting UiAutomation@dc362ca[id=-1, displayId=0, flags=0]
10-06 14:43:03.589 32186 32204 E AndroidRuntime: 	at android.app.UiAutomation.disconnect(UiAutomation.java:451)
10-06 14:43:03.589 32186 32204 E AndroidRuntime: 	at android.app.Instrumentation.finish(Instrumentation.java:275)
10-06 14:43:03.589 32186 32204 E AndroidRuntime: 	at androidx.test.runner.MonitoringInstrumentation.finish(MonitoringInstrumentation.java:381)
10-06 14:43:03.589 32186 32204 E AndroidRuntime: 	at androidx.test.runner.AndroidJUnitRunner.finish(AndroidJUnitRunner.java:463)
10-06 14:43:03.589 32186 32204 E AndroidRuntime: 	at androidx.test.runner.AndroidJUnitRunner.onStart(AndroidJUnitRunner.java:452)
10-06 14:43:03.589 32186 32204 E AndroidRuntime: 	at android.app.Instrumentation$InstrumentationThread.run(Instrumentation.java:2440)
10-06 14:43:03.589 32186 32204 E AndroidRuntime: Caused by: android.os.DeadObjectException
10-06 14:43:03.589 32186 32204 E AndroidRuntime: 	at android.os.BinderProxy.transactNative(Native Method)
10-06 14:43:03.589 32186 32204 E AndroidRuntime: 	at android.os.BinderProxy.transact(BinderProxy.java:639)
10-06 14:43:03.589 32186 32204 E AndroidRuntime: 	at android.app.IUiAutomationConnection$Stub$Proxy.disconnect(IUiAutomationConnection.java:471)
10-06 14:43:03.589 32186 32204 E AndroidRuntime: 	at android.app.UiAutomation.disconnect(UiAutomation.java:449)
10-06 14:43:03.589 32186 32204 E AndroidRuntime: 	... 5 more
10-06 15:42:53.491 24061 24079 E AndroidRuntime: FATAL EXCEPTION: Instr: androidx.test.runner.AndroidJUnitRunner
10-06 15:42:53.491 24061 24079 E AndroidRuntime: Process: io.appium.uiautomator2.server, PID: 24061
10-06 15:42:53.491 24061 24079 E AndroidRuntime: java.lang.RuntimeException: Error while disconnecting UiAutomation@14d1251[id=-1, displayId=0, flags=0]
10-06 15:42:53.491 24061 24079 E AndroidRuntime: 	at android.app.UiAutomation.disconnect(UiAutomation.java:451)
10-06 15:42:53.491 24061 24079 E AndroidRuntime: 	at android.app.Instrumentation.finish(Instrumentation.java:275)
10-06 15:42:53.491 24061 24079 E AndroidRuntime: 	at androidx.test.runner.MonitoringInstrumentation.finish(MonitoringInstrumentation.java:381)
10-06 15:42:53.491 24061 24079 E AndroidRuntime: 	at androidx.test.runner.AndroidJUnitRunner.finish(AndroidJUnitRunner.java:463)
10-06 15:42:53.491 24061 24079 E AndroidRuntime: 	at androidx.test.runner.AndroidJUnitRunner.onStart(AndroidJUnitRunner.java:452)
10-06 15:42:53.491 24061 24079 E AndroidRuntime: 	at android.app.Instrumentation$InstrumentationThread.run(Instrumentation.java:2440)
10-06 15:42:53.491 24061 24079 E AndroidRuntime: Caused by: android.os.DeadObjectException
10-06 15:42:53.491 24061 24079 E AndroidRuntime: 	at android.os.BinderProxy.transactNative(Native Method)
10-06 15:42:53.491 24061 24079 E AndroidRuntime: 	at android.os.BinderProxy.transact(BinderProxy.java:639)
10-06 15:42:53.491 24061 24079 E AndroidRuntime: 	at android.app.IUiAutomationConnection$Stub$Proxy.disconnect(IUiAutomationConnection.java:471)
10-06 15:42:53.491 24061 24079 E AndroidRuntime: 	at android.app.UiAutomation.disconnect(UiAutomation.java:449)
10-06 15:42:53.491 24061 24079 E AndroidRuntime: 	... 5 more
10-08 14:35:58.835  8798  8819 E AndroidRuntime: FATAL EXCEPTION: Instr: androidx.test.runner.AndroidJUnitRunner
10-08 14:35:58.835  8798  8819 E AndroidRuntime: Process: io.appium.uiautomator2.server, PID: 8798
10-08 14:35:58.835  8798  8819 E AndroidRuntime: java.lang.RuntimeException: Error while disconnecting UiAutomation@68ee26e[id=-1, displayId=0, flags=0]
10-08 14:35:58.835  8798  8819 E AndroidRuntime: 	at android.app.UiAutomation.disconnect(UiAutomation.java:451)
10-08 14:35:58.835  8798  8819 E AndroidRuntime: 	at android.app.Instrumentation.finish(Instrumentation.java:275)
10-08 14:35:58.835  8798  8819 E AndroidRuntime: 	at androidx.test.runner.MonitoringInstrumentation.finish(MonitoringInstrumentation.java:381)
10-08 14:35:58.835  8798  8819 E AndroidRuntime: 	at androidx.test.runner.AndroidJUnitRunner.finish(AndroidJUnitRunner.java:463)
10-08 14:35:58.835  8798  8819 E AndroidRuntime: 	at androidx.test.runner.AndroidJUnitRunner.onStart(AndroidJUnitRunner.java:452)
10-08 14:35:58.835  8798  8819 E AndroidRuntime: 	at android.app.Instrumentation$InstrumentationThread.run(Instrumentation.java:2440)
10-08 14:35:58.835  8798  8819 E AndroidRuntime: Caused by: android.os.DeadObjectException
10-08 14:35:58.835  8798  8819 E AndroidRuntime: 	at android.os.BinderProxy.transactNative(Native Method)
10-08 14:35:58.835  8798  8819 E AndroidRuntime: 	at android.os.BinderProxy.transact(BinderProxy.java:639)
10-08 14:35:58.835  8798  8819 E AndroidRuntime: 	at android.app.IUiAutomationConnection$Stub$Proxy.disconnect(IUiAutomationConnection.java:471)
10-08 14:35:58.835  8798  8819 E AndroidRuntime: 	at android.app.UiAutomation.disconnect(UiAutomation.java:449)
10-08 14:35:58.835  8798  8819 E AndroidRuntime: 	... 5 more
10-09 09:52:15.631  6455  6472 E AndroidRuntime: FATAL EXCEPTION: Instr: androidx.test.runner.AndroidJUnitRunner
10-09 09:52:15.631  6455  6472 E AndroidRuntime: Process: io.appium.uiautomator2.server, PID: 6455
10-09 09:52:15.631  6455  6472 E AndroidRuntime: java.lang.RuntimeException: Error while disconnecting UiAutomation@ed66072[id=-1, displayId=0, flags=0]
10-09 09:52:15.631  6455  6472 E AndroidRuntime: 	at android.app.UiAutomation.disconnect(UiAutomation.java:451)
10-09 09:52:15.631  6455  6472 E AndroidRuntime: 	at android.app.Instrumentation.finish(Instrumentation.java:275)
10-09 09:52:15.631  6455  6472 E AndroidRuntime: 	at androidx.test.runner.MonitoringInstrumentation.finish(MonitoringInstrumentation.java:381)
10-09 09:52:15.631  6455  6472 E AndroidRuntime: 	at androidx.test.runner.AndroidJUnitRunner.finish(AndroidJUnitRunner.java:463)
10-09 09:52:15.631  6455  6472 E AndroidRuntime: 	at androidx.test.runner.AndroidJUnitRunner.onStart(AndroidJUnitRunner.java:452)
10-09 09:52:15.631  6455  6472 E AndroidRuntime: 	at android.app.Instrumentation$InstrumentationThread.run(Instrumentation.java:2440)
10-09 09:52:15.631  6455  6472 E AndroidRuntime: Caused by: android.os.DeadObjectException
10-09 09:52:15.631  6455  6472 E AndroidRuntime: 	at android.os.BinderProxy.transactNative(Native Method)
10-09 09:52:15.631  6455  6472 E AndroidRuntime: 	at android.os.BinderProxy.transact(BinderProxy.java:639)
10-09 09:52:15.631  6455  6472 E AndroidRuntime: 	at android.app.IUiAutomationConnection$Stub$Proxy.disconnect(IUiAutomationConnection.java:471)
10-09 09:52:15.631  6455  6472 E AndroidRuntime: 	at android.app.UiAutomation.disconnect(UiAutomation.java:449)
10-09 09:52:15.631  6455  6472 E AndroidRuntime: 	... 5 more
--------- beginning of system
10-09 14:15:35.062 32045 32045 D MiuiMultiWindowUtils: freeform resolution args raw data:{  "wide_default":{    "freeform_args": {        "vertical_portrait":{"aspect_ratio":0.626, "original_ratio":0.5643,"original_scale":0.74,"top_margin":0.168,"left_margin":0.484},        "horizontal_portrait":{"aspect_ratio":0.626, "original_ratio":0.5643,"original_scale":0.74,"top_margin":0.1222,"left_margin":0.59745},        "vertical_landscape":{"aspect_ratio":1.6, "original_ratio":1,"original_scale":0.604,"top_margin":0.2596,"left_margin":0.2624},        "horizontal_landscape":{"aspect_ratio":1.6, "original_ratio":1,"original_scale":0.604,"top_margin":0.213,"left_margin":0.3758}    },    "mini_freeform_args":{        "vertical_portrait":{"original_ratio":0.147},        "horizontal_portrait":{"original_ratio":0.147},        "vertical_landscape":{"original_ratio":0.165},        "horizontal_landscape":{"original_ratio":0.165}    }  },  "narrow_default": {    "freeform_args": {        "vertical_portrait":{"aspect_ratio":0.626, "original_ratio":1,"original_scale":0.74,"top_margin":0.0753,"left_margin":-1},        "horizontal_portrait":{"aspect_ratio":0.626, "original_ratio":1,"original_scale":0.5756,"top_margin":-1,"left_margin":0.0753},        "vertical_landscape":{"aspect_ratio":1.6, "original_ratio":0.6847,"original_scale":0.587,"top_margin":0.0753,"left_margin":-1},        "horizontal_landscape":{"aspect_ratio":1.6, "original_ratio":0.6847,"original_scale":0.587,"top_margin":-1,"left_margin":0.0753}    },    "mini_freeform_args":{        "vertical_portrait":{"original_ratio":0.26},        "horizontal_portrait":{"original_ratio":0.26},        "vertical_landscape":{"original_ratio":0.293},        "horizontal_landscape":{"original_ratio":0.293}    }  },  "regular_default": {    "freeform_args": {      "vertical_portrait":{"aspect_ratio":0.625, "original_ratio":1,"original_scale":0.7,"top_margin":0.109,"left_margin":-1},      "horizontal_portrait":{"aspect_ratio":0.6667, "original_ratio":1,"original_scale":0.6102,"top_margin":-1,"left_margin":0.026},      "vertical_landscape":{"aspect_ratio":1.6, "original_ratio":1,"original_scale":0.4244,"top_margin":0.109,"left_margin":-1},      "horizontal_landscape":{"aspect_ratio":1.6, "original_ratio":1,"original_scale":0.4244,"top_margin":-1,"left_margin":0.026}    },    "mini_freeform_args":{      "vertical_portrait":{"original_ratio":0.25},      "horizontal_portrait":{"original_ratio":0.25},      "vertical_landscape":{"original_ratio":0.25},      "horizontal_landscape":{"original_ratio":0.25}    }  },  "pad_default": {    "freeform_args": {      "vertical_portrait":{"aspect_ratio":0.5625, "original_ratio":0.375,"original_scale":0.835,"top_margin":0.049,"left_margin":0.2775},      "horizontal_portrait":{"aspect_ratio":0.5625, "original_ratio":0.375,"original_scale":0.835,"top_margin":-1,"left_margin":0.6525},      "vertical_landscape":{"aspect_ratio":-1, "original_ratio":1,"original_scale":0.468,"top_margin":0.049,"left_margin":-1},      "horizontal_landscape":{"aspect_ratio":-1, "original_ratio":1,"original_scale":0.468,"top_margin":-1,"left_margin":0.4976}    },    "mini_freeform_args":{      "vertical_portrait":{"original_ratio":0.144},      "horizontal_portrait":{"original_ratio":0.144},      "vertical_landscape":{"original_ratio":0.2},      "horizontal_landscape":{"original_ratio":0.2}    }  }}
10-09 14:15:35.062 32045 32045 D MiuiMultiWindowUtils: initFreeFormResolutionArgs failed, device is rubypro
10-09 14:15:35.073  1902  3385 D BackupTransportManager: [UserID:0] Transport com.google.android.gms/.backup.BackupTransportService updated its attributes
10-09 14:15:35.093  1902  2771 I ActivityManager: Flag disabled. Ignoring finishAttachApplication from uid: 10365. pid: 32113
10-09 14:15:35.095  1902  1902 I TransportConnection: BackupTransportService#6785: Notifying [AppBackupUtils.appIsRunningAndEligibleForBackupWithTransport] transport = BackupTransportClient
10-09 14:15:35.096 32113 32113 W Looper  : PerfMonitor longMsg : seq=2 plan=14:15:33.945 late=8ms wall=1141ms h=android.app.ActivityThread$H w=110 procState=-1
10-09 14:15:35.097  1902  2620 I SmartPower: com.google.android.videos/10312(31305): background->idle(4088ms) R(service end com.google.android.videos/androidx.work.impl.background.systemjob.SystemJobService) adj=250.
10-09 14:15:35.107  1902  3984 D BackupTransportManager: [UserID:0] Transport com.google.android.gms/.backup.BackupTransportService updated its attributes
10-09 14:15:35.109  1902 22706 I ActivityManager: Flag disabled. Ignoring finishAttachApplication from uid: 1000. pid: 32045
10-09 14:15:35.115 32045 32045 W Looper  : PerfMonitor longMsg : seq=2 plan=14:15:33.781 late=4ms wall=1330ms h=android.app.ActivityThread$H w=110 procState=-1
10-09 14:15:35.124 32045 32361 W ContextImpl: Calling a method in the system process without a qualified user: android.app.ContextImpl.bindService:1999 android.content.ContextWrapper.bindService:872 com.xiaomi.onetrack.api.bd.e:25 com.xiaomi.onetrack.api.bd.d:20 com.xiaomi.onetrack.api.bd.i:0 
10-09 14:15:35.127 30966 31144 W BpBinder: Slow Binder: BpBinder transact took 307 ms, interface=com.google.android.auth.IAuthManagerService, code=5 oneway=false
10-09 14:15:35.140  1902  1902 I TransportConnection: BackupTransportService#6790: Notifying [AppBackupUtils.appIsRunningAndEligibleForBackupWithTransport] transport = BackupTransportClient
10-09 14:15:35.143  1902  3984 D BackupTransportManager: [UserID:0] Transport com.google.android.gms/.backup.BackupTransportService updated its attributes
10-09 14:15:35.152 32045 32045 D FramePredict: FramePredict init: false
10-09 14:15:35.169  1902  1902 I TransportConnection: BackupTransportService#6793: Notifying [AppBackupUtils.appIsRunningAndEligibleForBackupWithTransport] transport = BackupTransportClient
10-09 14:15:35.187  1902 22706 D BackupTransportManager: [UserID:0] Transport com.google.android.gms/.backup.BackupTransportService updated its attributes
10-09 14:15:35.201  1902  1902 I TransportConnection: BackupTransportService#6795: Notifying [AppBackupUtils.appIsRunningAndEligibleForBackupWithTransport] transport = BackupTransportClient
10-09 14:15:35.209  1902 23179 D BackupTransportManager: [UserID:0] Transport com.google.android.gms/.backup.BackupTransportService updated its attributes
10-09 14:15:35.236  1902  1902 I TransportConnection: BackupTransportService#6796: Notifying [AppBackupUtils.appIsRunningAndEligibleForBackupWithTransport] transport = BackupTransportClient
10-09 14:15:35.242  1902  2771 D BackupTransportManager: [UserID:0] Transport com.google.android.gms/.backup.BackupTransportService updated its attributes
10-09 14:15:35.270  1902  1902 I TransportConnection: BackupTransportService#6798: Notifying [AppBackupUtils.appIsRunningAndEligibleForBackupWithTransport] transport = BackupTransportClient
10-09 14:15:35.285  1902  2771 D BackupTransportManager: [UserID:0] Transport com.google.android.gms/.backup.BackupTransportService updated its attributes
10-09 14:15:35.307  1902  1902 I TransportConnection: BackupTransportService#6800: Notifying [AppBackupUtils.appIsRunningAndEligibleForBackupWithTransport] transport = BackupTransportClient
10-09 14:15:35.312  1902  4160 D BackupTransportManager: [UserID:0] Transport com.google.android.gms/.backup.BackupTransportService updated its attributes
10-09 14:15:35.316 32045 32355 W ContextImpl: Calling a method in the system process without a qualified user: android.app.ContextImpl.bindService:1999 android.content.ContextWrapper.bindService:872 m7.ik.g:11 m7.ik.d:103 m7.gz.a:203 
10-09 14:15:35.331  1902  1902 I TransportConnection: BackupTransportService#6801: Notifying [AppBackupUtils.appIsRunningAndEligibleForBackupWithTransport] transport = BackupTransportClient
10-09 14:15:35.338  1902  4160 D BackupTransportManager: [UserID:0] Transport com.google.android.gms/.backup.BackupTransportService updated its attributes
10-09 14:15:35.358  1902  1902 I TransportConnection: BackupTransportService#6802: Notifying [AppBackupUtils.appIsRunningAndEligibleForBackupWithTransport] transport = BackupTransportClient
10-09 14:15:35.363  1902  3385 D BackupTransportManager: [UserID:0] Transport com.google.android.gms/.backup.BackupTransportService updated its attributes
10-09 14:15:35.388  1902  1902 I TransportConnection: BackupTransportService#6803: Notifying [AppBackupUtils.appIsRunningAndEligibleForBackupWithTransport] transport = BackupTransportClient
10-09 14:15:35.399  1902  2771 D BackupTransportManager: [UserID:0] Transport com.google.android.gms/.backup.BackupTransportService updated its attributes
10-09 14:15:35.425  1902  1902 I TransportConnection: BackupTransportService#6804: Notifying [AppBackupUtils.appIsRunningAndEligibleForBackupWithTransport] transport = BackupTransportClient
10-09 14:15:35.431  1902 10935 D BackupTransportManager: [UserID:0] Transport com.google.android.gms/.backup.BackupTransportService updated its attributes
10-09 14:15:35.447 30966 31092 W BpBinder: Slow Binder: BpBinder transact took 319 ms, interface=com.google.android.auth.IAuthManagerService, code=5 oneway=false
10-09 14:15:35.451  1902  1902 I TransportConnection: BackupTransportService#6805: Notifying [AppBackupUtils.appIsRunningAndEligibleForBackupWithTransport] transport = BackupTransportClient
10-09 14:15:35.461  1902  2771 D BackupTransportManager: [UserID:0] Transport com.google.android.gms/.backup.BackupTransportService updated its attributes
10-09 14:15:35.481  1902  1902 I TransportConnection: BackupTransportService#6807: Notifying [AppBackupUtils.appIsRunningAndEligibleForBackupWithTransport] transport = BackupTransportClient
10-09 14:15:35.487  1902 23179 D BackupTransportManager: [UserID:0] Transport com.google.android.gms/.backup.BackupTransportService updated its attributes
10-09 14:15:35.513  1902  1902 I TransportConnection: BackupTransportService#6808: Notifying [AppBackupUtils.appIsRunningAndEligibleForBackupWithTransport] transport = BackupTransportClient
10-09 14:15:35.521  1902 22706 D BackupTransportManager: [UserID:0] Transport com.google.android.gms/.backup.BackupTransportService updated its attributes
10-09 14:15:35.533  1902  1902 I TransportConnection: BackupTransportService#6809: Notifying [AppBackupUtils.appIsRunningAndEligibleForBackupWithTransport] transport = BackupTransportClient
10-09 14:15:35.543  1902  2771 D BackupTransportManager: [UserID:0] Transport com.google.android.gms/.backup.BackupTransportService updated its attributes
10-09 14:15:35.570  1902  1902 I TransportConnection: BackupTransportService#6811: Notifying [AppBackupUtils.appIsRunningAndEligibleForBackupWithTransport] transport = BackupTransportClient
10-09 14:15:35.578  1902  2771 D BackupTransportManager: [UserID:0] Transport com.google.android.gms/.backup.BackupTransportService updated its attributes
10-09 14:15:35.592  1902 15926 I ActivityManager: Process com.google.android.apps.turbo:aab (pid 27751) has died: cch+35 CEM 
10-09 14:15:35.593  1902  2611 E ProcessManager: error write exception log
10-09 14:15:35.596  1902  1936 D DisplayManagerService: Drop pending events for gone uid 10180
10-09 14:15:35.615  1902  1902 I TransportConnection: BackupTransportService#6812: Notifying [AppBackupUtils.appIsRunningAndEligibleForBackupWithTransport] transport = BackupTransportClient
10-09 14:15:35.627  1902  3385 D BackupTransportManager: [UserID:0] Transport com.google.android.gms/.backup.BackupTransportService updated its attributes
10-09 14:15:35.628  1902  3984 I SmartPower: com.miui.home/10085(3001): idle->background(545867ms) R(content provider start ContentProviderRecord{e32c05d u0 com.miui.home/.launcher.LauncherProvider}) adj=100.
10-09 14:15:35.659  1902  1902 I TransportConnection: BackupTransportService#6813: Notifying [AppBackupUtils.appIsRunningAndEligibleForBackupWithTransport] transport = BackupTransportClient
10-09 14:15:35.668  1902  3984 D BackupTransportManager: [UserID:0] Transport com.google.android.gms/.backup.BackupTransportService updated its attributes
10-09 14:15:35.711  1902  1902 I TransportConnection: BackupTransportService#6816: Notifying [AppBackupUtils.appIsRunningAndEligibleForBackupWithTransport] transport = BackupTransportClient
10-09 14:15:35.726  1902 10935 D BackupTransportManager: [UserID:0] Transport com.google.android.gms/.backup.BackupTransportService updated its attributes
10-09 14:15:35.756  1902  1902 I TransportConnection: BackupTransportService#6817: Notifying [AppBackupUtils.appIsRunningAndEligibleForBackupWithTransport] transport = BackupTransportClient
10-09 14:15:35.764  1902  2620 I SmartPower: com.mi.globalminusscreen/10076(31794): background->idle(3010ms) R(adj below visible) adj=200.
10-09 14:15:35.767  1902 15926 D BackupTransportManager: [UserID:0] Transport com.google.android.gms/.backup.BackupTransportService updated its attributes
10-09 14:15:35.793  1902  1902 I TransportConnection: BackupTransportService#6818: Notifying [AppBackupUtils.appIsRunningAndEligibleForBackupWithTransport] transport = BackupTransportClient
10-09 14:15:35.800  1902 23266 D BackupTransportManager: [UserID:0] Transport com.google.android.gms/.backup.BackupTransportService updated its attributes
10-09 14:15:35.831  1902  1902 I TransportConnection: BackupTransportService#6819: Notifying [AppBackupUtils.appIsRunningAndEligibleForBackupWithTransport] transport = BackupTransportClient
10-09 14:15:35.838  1902  3984 I ActivityManager: Process com.microsoft.teams (pid 23968) has died: cch+25 CEM 
10-09 14:15:35.840  1902  2611 E ProcessManager: error write exception log
10-09 14:15:35.841  1902 23266 D BackupTransportManager: [UserID:0] Transport com.google.android.gms/.backup.BackupTransportService updated its attributes
10-09 14:15:35.855  1902  1936 D DisplayManagerService: Drop pending events for gone uid 10321
10-09 14:15:35.895  1902  1902 I TransportConnection: BackupTransportService#6821: Notifying [AppBackupUtils.appIsRunningAndEligibleForBackupWithTransport] transport = BackupTransportClient
10-09 14:15:35.906  1902  2775 D BackupTransportManager: [UserID:0] Transport com.google.android.gms/.backup.BackupTransportService updated its attributes
10-09 14:15:35.922  1902  1902 I TransportConnection: BackupTransportService#6822: Notifying [AppBackupUtils.appIsRunningAndEligibleForBackupWithTransport] transport = BackupTransportClient
10-09 14:15:35.922  1902  2620 I SmartPower: com.google.android.apps.photos/10205(25965): background->idle(5857ms) R(service end com.google.android.apps.photos/.mediametadataservice.MediaMetadataService) adj=200.
10-09 14:15:35.923  1902  2620 I SmartPower: com.google.android.apps.photos:mediametadataservice/10205(31682): background->idle(3583ms) R(service end com.google.android.apps.photos/.mediametadataservice.MediaMetadataService) adj=915.
10-09 14:15:35.932  1902 15926 D BackupTransportManager: [UserID:0] Transport com.google.android.gms/.backup.BackupTransportService updated its attributes
10-09 14:15:35.953  1902  1902 I TransportConnection: BackupTransportService#6823: Notifying [AppBackupUtils.appIsRunningAndEligibleForBackupWithTransport] transport = BackupTransportClient
10-09 14:15:35.961  1902  2775 D BackupTransportManager: [UserID:0] Transport com.google.android.gms/.backup.BackupTransportService updated its attributes
10-09 14:15:35.986  1902  1902 I TransportConnection: BackupTransportService#6825: Notifying [AppBackupUtils.appIsRunningAndEligibleForBackupWithTransport] transport = BackupTransportClient
10-09 14:15:35.995  1902  2775 D BackupTransportManager: [UserID:0] Transport com.google.android.gms/.backup.BackupTransportService updated its attributes
10-09 14:15:36.020  1902  3984 D PerfShielderService: com.android.systemui|com.android.systemui-Not-1939607582|4038|94019136251680|134|5|117
10-09 14:15:36.030  1902  1902 I TransportConnection: BackupTransportService#6829: Notifying [AppBackupUtils.appIsRunningAndEligibleForBackupWithTransport] transport = BackupTransportClient
10-09 14:15:36.037  1902 15926 D BackupTransportManager: [UserID:0] Transport com.google.android.gms/.backup.BackupTransportService updated its attributes
10-09 14:15:36.090  1902  1902 I TransportConnection: BackupTransportService#6830: Notifying [AppBackupUtils.appIsRunningAndEligibleForBackupWithTransport] transport = BackupTransportClient
10-09 14:15:36.103  1902  2775 D BackupTransportManager: [UserID:0] Transport com.google.android.gms/.backup.BackupTransportService updated its attributes
10-09 14:15:36.134  1902  1902 I TransportConnection: BackupTransportService#6831: Notifying [AppBackupUtils.appIsRunningAndEligibleForBackupWithTransport] transport = BackupTransportClient
10-09 14:15:36.157  1902  2775 D BackupTransportManager: [UserID:0] Transport com.google.android.gms/.backup.BackupTransportService updated its attributes
10-09 14:15:36.192  1902  1902 I TransportConnection: BackupTransportService#6835: Notifying [AppBackupUtils.appIsRunningAndEligibleForBackupWithTransport] transport = BackupTransportClient
10-09 14:15:36.198 30966 31092 W BpBinder: Slow Binder: BpBinder transact took 554 ms, interface=com.google.android.auth.IAuthManagerService, code=5 oneway=false
10-09 14:15:36.209  1902  3984 D BackupTransportManager: [UserID:0] Transport com.google.android.gms/.backup.BackupTransportService updated its attributes
10-09 14:15:36.245  1902  1902 I TransportConnection: BackupTransportService#6838: Notifying [AppBackupUtils.appIsRunningAndEligibleForBackupWithTransport] transport = BackupTransportClient
10-09 14:15:36.264  1902  2775 D BackupTransportManager: [UserID:0] Transport com.google.android.gms/.backup.BackupTransportService updated its attributes
10-09 14:15:36.285  1229  1600 W EventThreadInspector: slow VSync-app on display(4627039422300187648) count=60, avg=31 ms, max=33 ms.
10-09 14:15:36.307  1902  1902 I TransportConnection: BackupTransportService#6839: Notifying [AppBackupUtils.appIsRunningAndEligibleForBackupWithTransport] transport = BackupTransportClient
10-09 14:15:36.323  1902  2620 I SmartPower: com.xiaomi.simactivate.service/10148(31844): background->idle(3328ms) R(service end com.xiaomi.simactivate.service/com.xiaomi.activate.ActivateService) adj=915.
10-09 14:15:36.324  1902  2775 D BackupTransportManager: [UserID:0] Transport com.google.android.gms/.backup.BackupTransportService updated its attributes
10-09 14:15:36.368  1902  1902 I TransportConnection: BackupTransportService#6841: Notifying [AppBackupUtils.appIsRunningAndEligibleForBackupWithTransport] transport = BackupTransportClient
10-09 14:15:36.383  1902  2775 D BackupTransportManager: [UserID:0] Transport com.google.android.gms/.backup.BackupTransportService updated its attributes
10-09 14:15:36.416  1902  1902 I TransportConnection: BackupTransportService#6842: Notifying [AppBackupUtils.appIsRunningAndEligibleForBackupWithTransport] transport = BackupTransportClient
10-09 14:15:36.434  1902 15926 D BackupTransportManager: [UserID:0] Transport com.google.android.gms/.backup.BackupTransportService updated its attributes
10-09 14:15:36.476  1902  1902 I TransportConnection: BackupTransportService#6845: Notifying [AppBackupUtils.appIsRunningAndEligibleForBackupWithTransport] transport = BackupTransportClient
10-09 14:15:36.493  1902 15926 D BackupTransportManager: [UserID:0] Transport com.google.android.gms/.backup.BackupTransportService updated its attributes
10-09 14:15:36.533  1902  1902 I TransportConnection: BackupTransportService#6846: Notifying [AppBackupUtils.appIsRunningAndEligibleForBackupWithTransport] transport = BackupTransportClient
10-09 14:15:36.549  1902 23266 D BackupTransportManager: [UserID:0] Transport com.google.android.gms/.backup.BackupTransportService updated its attributes
10-09 14:15:36.590  1902 15926 I SmartPower: com.google.android.apps.tachyon/10234(30966): idle->background(2309ms) R(service unbind com.google.android.apps.tachyon/com.google.android.libraries.notifications.entrypoints.scheduled.ScheduledTaskService) adj=250.
10-09 14:15:36.613  1902  1902 I TransportConnection: BackupTransportService#6849: Notifying [AppBackupUtils.appIsRunningAndEligibleForBackupWithTransport] transport = BackupTransportClient
10-09 14:15:36.631  1902 15926 D BackupTransportManager: [UserID:0] Transport com.google.android.gms/.backup.BackupTransportService updated its attributes
10-09 14:15:36.676  1902  1902 I TransportConnection: BackupTransportService#6850: Notifying [AppBackupUtils.appIsRunningAndEligibleForBackupWithTransport] transport = BackupTransportClient
10-09 14:15:36.693  1902  2771 D BackupTransportManager: [UserID:0] Transport com.google.android.gms/.backup.BackupTransportService updated its attributes
10-09 14:15:36.745  1902  1902 I TransportConnection: BackupTransportService#6851: Notifying [AppBackupUtils.appIsRunningAndEligibleForBackupWithTransport] transport = BackupTransportClient
10-09 14:15:36.766  1902  3984 D BackupTransportManager: [UserID:0] Transport com.google.android.gms/.backup.BackupTransportService updated its attributes
10-09 14:15:36.802  1902  1902 I TransportConnection: BackupTransportService#6852: Notifying [AppBackupUtils.appIsRunningAndEligibleForBackupWithTransport] transport = BackupTransportClient
10-09 14:15:36.817  1902  3984 D BackupTransportManager: [UserID:0] Transport com.google.android.gms/.backup.BackupTransportService updated its attributes
10-09 14:15:36.864  1902  1902 I TransportConnection: BackupTransportService#6853: Notifying [AppBackupUtils.appIsRunningAndEligibleForBackupWithTransport] transport = BackupTransportClient
10-09 14:15:36.879  1902  2771 D BackupTransportManager: [UserID:0] Transport com.google.android.gms/.backup.BackupTransportService updated its attributes
10-09 14:15:36.921  1902  1902 I TransportConnection: BackupTransportService#6854: Notifying [AppBackupUtils.appIsRunningAndEligibleForBackupWithTransport] transport = BackupTransportClient
10-09 14:15:36.937  1902  2775 D BackupTransportManager: [UserID:0] Transport com.google.android.gms/.backup.BackupTransportService updated its attributes
10-09 14:15:36.986  1902  1902 I TransportConnection: BackupTransportService#6855: Notifying [AppBackupUtils.appIsRunningAndEligibleForBackupWithTransport] transport = BackupTransportClient
10-09 14:15:37.004  1902  3984 D BackupTransportManager: [UserID:0] Transport com.google.android.gms/.backup.BackupTransportService updated its attributes
10-09 14:15:37.050  1902  1902 D UiModeManager: updateConfigurationLocked: mDockState=0; mCarMode=false; mCar=false; mPowerSave=false; mOverrideNightModeOn=false; mOverrideNightModeOff=false; mComputedNightMode=false; mNightMode=1; uiMode=17
10-09 14:15:37.068  1902  2620 I SmartPower: com.google.android.webview:sandboxed_process0:org.chromium.content.app.SandboxedPrbackground->idle(3154ms) R(service end com.mi.globalminusscreen/org.chromium.content.app.SandboxedProcessService0:0) adj=200.
10-09 14:15:37.075  1902  1902 I TransportConnection: BackupTransportService#6856: Notifying [AppBackupUtils.appIsRunningAndEligibleForBackupWithTransport] transport = BackupTransportClient
10-09 14:15:37.091  1902  3984 D BackupTransportManager: [UserID:0] Transport com.google.android.gms/.backup.BackupTransportService updated its attributes
10-09 14:15:37.128  1902  1902 I TransportConnection: BackupTransportService#6857: Notifying [AppBackupUtils.appIsRunningAndEligibleForBackupWithTransport] transport = BackupTransportClient
10-09 14:15:37.142  1902 23266 D BackupTransportManager: [UserID:0] Transport com.google.android.gms/.backup.BackupTransportService updated its attributes
10-09 14:15:37.188  1902  1902 I TransportConnection: BackupTransportService#6859: Notifying [AppBackupUtils.appIsRunningAndEligibleForBackupWithTransport] transport = BackupTransportClient
10-09 14:15:37.204  1902 23266 D BackupTransportManager: [UserID:0] Transport com.google.android.gms/.backup.BackupTransportService updated its attributes
10-09 14:15:37.239  1902  1902 I TransportConnection: BackupTransportService#6860: Notifying [AppBackupUtils.appIsRunningAndEligibleForBackupWithTransport] transport = BackupTransportClient
10-09 14:15:37.253  1902  2771 D BackupTransportManager: [UserID:0] Transport com.google.android.gms/.backup.BackupTransportService updated its attributes
10-09 14:15:37.289  1902  1902 I TransportConnection: BackupTransportService#6861: Notifying [AppBackupUtils.appIsRunningAndEligibleForBackupWithTransport] transport = BackupTransportClient
10-09 14:15:37.304  1902 23266 D BackupTransportManager: [UserID:0] Transport com.google.android.gms/.backup.BackupTransportService updated its attributes
10-09 14:15:37.341  1902  1902 I TransportConnection: BackupTransportService#6862: Notifying [AppBackupUtils.appIsRunningAndEligibleForBackupWithTransport] transport = BackupTransportClient
10-09 14:15:37.357  1902 23266 D BackupTransportManager: [UserID:0] Transport com.google.android.gms/.backup.BackupTransportService updated its attributes
10-09 14:15:37.398  1902  1902 I TransportConnection: BackupTransportService#6864: Notifying [AppBackupUtils.appIsRunningAndEligibleForBackupWithTransport] transport = BackupTransportClient
10-09 14:15:37.410  1902  3984 D BackupTransportManager: [UserID:0] Transport com.google.android.gms/.backup.BackupTransportService updated its attributes
10-09 14:15:37.446  1902  1902 I TransportConnection: BackupTransportService#6865: Notifying [AppBackupUtils.appIsRunningAndEligibleForBackupWithTransport] transport = BackupTransportClient
10-09 14:15:37.463  1902  2771 D BackupTransportManager: [UserID:0] Transport com.google.android.gms/.backup.BackupTransportService updated its attributes
10-09 14:15:37.501  1902  1902 I TransportConnection: BackupTransportService#6866: Notifying [AppBackupUtils.appIsRunningAndEligibleForBackupWithTransport] transport = BackupTransportClient
10-09 14:15:37.516  1902  3984 D BackupTransportManager: [UserID:0] Transport com.google.android.gms/.backup.BackupTransportService updated its attributes
10-09 14:15:37.554  1902  1954 I SmartPower: com.miui.gallery/10078(30914): idle->background(4374ms) R(broadcast start Intent { act=android.intent.action.BATTERY_CHANGED flg=0x60000010 (has extras) }) adj=200.
10-09 14:15:37.577  1902  1902 I TransportConnection: BackupTransportService#6867: Notifying [AppBackupUtils.appIsRunningAndEligibleForBackupWithTransport] transport = BackupTransportClient
10-09 14:15:37.603  1902 15926 D BackupTransportManager: [UserID:0] Transport com.google.android.gms/.backup.BackupTransportService updated its attributes
10-09 14:15:37.649  1902  1902 I TransportConnection: BackupTransportService#6868: Notifying [AppBackupUtils.appIsRunningAndEligibleForBackupWithTransport] transport = BackupTransportClient
10-09 14:15:37.675  1902 15926 D BackupTransportManager: [UserID:0] Transport com.google.android.gms/.backup.BackupTransportService updated its attributes
10-09 14:15:37.756  1902  1902 I TransportConnection: BackupTransportService#6870: Notifying [AppBackupUtils.appIsRunningAndEligibleForBackupWithTransport] transport = BackupTransportClient
10-09 14:15:37.772  1902 15926 D BackupTransportManager: [UserID:0] Transport com.google.android.gms/.backup.BackupTransportService updated its attributes
10-09 14:15:37.852  1902  1902 I TransportConnection: BackupTransportService#6871: Notifying [AppBackupUtils.appIsRunningAndEligibleForBackupWithTransport] transport = BackupTransportClient
10-09 14:15:37.870  1902 15926 D BackupTransportManager: [UserID:0] Transport com.google.android.gms/.backup.BackupTransportService updated its attributes
10-09 14:15:37.917  1902  1902 I TransportConnection: BackupTransportService#6872: Notifying [AppBackupUtils.appIsRunningAndEligibleForBackupWithTransport] transport = BackupTransportClient
10-09 14:15:37.935  1902  2771 D BackupTransportManager: [UserID:0] Transport com.google.android.gms/.backup.BackupTransportService updated its attributes
10-09 14:15:37.987  1902  2620 I SmartPower: com.android.vending/10184(8781): background->idle(3029ms) R(service create com.android.vending/com.google.android.finsky.developergroupidinfo.DeveloperGroupIdInfoService) adj=905.
10-09 14:15:37.998  1902  1902 I TransportConnection: BackupTransportService#6873: Notifying [AppBackupUtils.appIsRunningAndEligibleForBackupWithTransport] transport = BackupTransportClient
10-09 14:15:38.011  1902  3984 D BackupTransportManager: [UserID:0] Transport com.google.android.gms/.backup.BackupTransportService updated its attributes
10-09 14:15:38.057  1902  1902 I TransportConnection: BackupTransportService#6874: Notifying [AppBackupUtils.appIsRunningAndEligibleForBackupWithTransport] transport = BackupTransportClient
10-09 14:15:38.072  1902 23266 D BackupTransportManager: [UserID:0] Transport com.google.android.gms/.backup.BackupTransportService updated its attributes
10-09 14:15:38.118  1902  2620 I SmartPower: com.microsoft.windowsintune.companyportal:omadm_client_process/10365(32113): background->idle(4179ms) R(service end com.microsoft.windowsintune.companyportal/com.microsoft.intune.mam.agent.foreground.ForegroundDelegateService) adj=905.
10-09 14:15:38.119  1902  1902 I TransportConnection: BackupTransportService#6876: Notifying [AppBackupUtils.appIsRunningAndEligibleForBackupWithTransport] transport = BackupTransportClient
10-09 14:15:38.136  1902 15926 D BackupTransportManager: [UserID:0] Transport com.google.android.gms/.backup.BackupTransportService updated its attributes
10-09 14:15:38.184  1902  1902 I TransportConnection: BackupTransportService#6880: Notifying [AppBackupUtils.appIsRunningAndEligibleForBackupWithTransport] transport = BackupTransportClient
10-09 14:15:38.201  1902 15926 D BackupTransportManager: [UserID:0] Transport com.google.android.gms/.backup.BackupTransportService updated its attributes
10-09 14:15:38.235  1902  2323 D CompatibilityChangeReporter: Compat change id reported: 265195908; UID 10116; state: ENABLED
10-09 14:15:38.244  1902  2323 D CompatibilityChangeReporter: Compat change id reported: 265195908; UID 6110; state: ENABLED
10-09 14:15:38.261  1902  1902 I TransportConnection: BackupTransportService#6881: Notifying [AppBackupUtils.appIsRunningAndEligibleForBackupWithTransport] transport = BackupTransportClient
10-09 14:15:38.289  1229  1600 W EventThreadInspector: slow VSync-app on display(4627039422300187648) count=60, avg=33 ms, max=33 ms.
10-09 14:15:38.289  1902  2771 D BackupTransportManager: [UserID:0] Transport com.google.android.gms/.backup.BackupTransportService updated its attributes
10-09 14:15:38.361  1902  1902 I TransportConnection: BackupTransportService#6883: Notifying [AppBackupUtils.appIsRunningAndEligibleForBackupWithTransport] transport = BackupTransportClient
10-09 14:15:38.377  1902 23266 D BackupTransportManager: [UserID:0] Transport com.google.android.gms/.backup.BackupTransportService updated its attributes
10-09 14:15:38.421  1902  1902 I TransportConnection: BackupTransportService#6884: Notifying [AppBackupUtils.appIsRunningAndEligibleForBackupWithTransport] transport = BackupTransportClient
10-09 14:15:38.439  1902 23266 D BackupTransportManager: [UserID:0] Transport com.google.android.gms/.backup.BackupTransportService updated its attributes
10-09 14:15:38.508  1902  1902 I TransportConnection: BackupTransportService#6888: Notifying [AppBackupUtils.appIsRunningAndEligibleForBackupWithTransport] transport = BackupTransportClient
10-09 14:15:38.524  1902 15926 D BackupTransportManager: [UserID:0] Transport com.google.android.gms/.backup.BackupTransportService updated its attributes
10-09 14:15:38.566  1902  1902 I TransportConnection: BackupTransportService#6890: Notifying [AppBackupUtils.appIsRunningAndEligibleForBackupWithTransport] transport = BackupTransportClient
10-09 14:15:38.578  1902 15926 D BackupTransportManager: [UserID:0] Transport com.google.android.gms/.backup.BackupTransportService updated its attributes
10-09 14:15:38.625  1902  1902 I TransportConnection: BackupTransportService#6891: Notifying [AppBackupUtils.appIsRunningAndEligibleForBackupWithTransport] transport = BackupTransportClient
10-09 14:15:38.629  1902  2620 I SmartPower: com.miui.home/10085(3001): background->idle(3001ms) R(content provider start ContentProviderRecord{e32c05d u0 com.miui.home/.launcher.LauncherProvider}) adj=100.
10-09 14:15:38.640  1902 23179 D BackupTransportManager: [UserID:0] Transport com.google.android.gms/.backup.BackupTransportService updated its attributes
10-09 14:15:38.692  1902  1902 I TransportConnection: BackupTransportService#6892: Notifying [AppBackupUtils.appIsRunningAndEligibleForBackupWithTransport] transport = BackupTransportClient
10-09 14:15:38.709  1902  2771 D BackupTransportManager: [UserID:0] Transport com.google.android.gms/.backup.BackupTransportService updated its attributes
10-09 14:15:38.760  1902  1902 I TransportConnection: BackupTransportService#6894: Notifying [AppBackupUtils.appIsRunningAndEligibleForBackupWithTransport] transport = BackupTransportClient
10-09 14:15:38.781  1902 23179 D BackupTransportManager: [UserID:0] Transport com.google.android.gms/.backup.BackupTransportService updated its attributes
10-09 14:15:38.842  1902  1902 I TransportConnection: BackupTransportService#6895: Notifying [AppBackupUtils.appIsRunningAndEligibleForBackupWithTransport] transport = BackupTransportClient
10-09 14:15:38.862  1902  3984 D BackupTransportManager: [UserID:0] Transport com.google.android.gms/.backup.BackupTransportService updated its attributes
10-09 14:15:38.893  1902  1902 I TransportConnection: BackupTransportService#6896: Notifying [AppBackupUtils.appIsRunningAndEligibleForBackupWithTransport] transport = BackupTransportClient
10-09 14:15:38.906  1902 23266 D BackupTransportManager: [UserID:0] Transport com.google.android.gms/.backup.BackupTransportService updated its attributes
10-09 14:15:38.945  1902  1902 I TransportConnection: BackupTransportService#6897: Notifying [AppBackupUtils.appIsRunningAndEligibleForBackupWithTransport] transport = BackupTransportClient
10-09 14:15:38.965  1902  4160 D BackupTransportManager: [UserID:0] Transport com.google.android.gms/.backup.BackupTransportService updated its attributes
10-09 14:15:39.001  1902  1902 I TransportConnection: BackupTransportService#6900: Notifying [AppBackupUtils.appIsRunningAndEligibleForBackupWithTransport] transport = BackupTransportClient
10-09 14:15:39.015  1902  4160 D BackupTransportManager: [UserID:0] Transport com.google.android.gms/.backup.BackupTransportService updated its attributes
10-09 14:15:39.053  1902  1902 I TransportConnection: BackupTransportService#6902: Notifying [AppBackupUtils.appIsRunningAndEligibleForBackupWithTransport] transport = BackupTransportClient
10-09 14:15:39.068  1902  4160 D BackupTransportManager: [UserID:0] Transport com.google.android.gms/.backup.BackupTransportService updated its attributes
10-09 14:15:39.106  1902  1902 I TransportConnection: BackupTransportService#6903: Notifying [AppBackupUtils.appIsRunningAndEligibleForBackupWithTransport] transport = BackupTransportClient
10-09 14:15:39.120  1902 23266 D BackupTransportManager: [UserID:0] Transport com.google.android.gms/.backup.BackupTransportService updated its attributes
10-09 14:15:39.150  1902  1902 I TransportConnection: BackupTransportService#6904: Notifying [AppBackupUtils.appIsRunningAndEligibleForBackupWithTransport] transport = BackupTransportClient
10-09 14:15:39.166  1902 23266 D BackupTransportManager: [UserID:0] Transport com.google.android.gms/.backup.BackupTransportService updated its attributes
10-09 14:15:39.207  1902  1902 I TransportConnection: BackupTransportService#6908: Notifying [AppBackupUtils.appIsRunningAndEligibleForBackupWithTransport] transport = BackupTransportClient
10-09 14:15:39.226  1902  4160 D BackupTransportManager: [UserID:0] Transport com.google.android.gms/.backup.BackupTransportService updated its attributes
10-09 14:15:39.263  1902  1902 I TransportConnection: BackupTransportService#6909: Notifying [AppBackupUtils.appIsRunningAndEligibleForBackupWithTransport] transport = BackupTransportClient
10-09 14:15:39.276  1902 23266 D BackupTransportManager: [UserID:0] Transport com.google.android.gms/.backup.BackupTransportService updated its attributes
10-09 14:15:39.317  1902  1902 I TransportConnection: BackupTransportService#6910: Notifying [AppBackupUtils.appIsRunningAndEligibleForBackupWithTransport] transport = BackupTransportClient
10-09 14:15:39.333  1902  3984 D BackupTransportManager: [UserID:0] Transport com.google.android.gms/.backup.BackupTransportService updated its attributes
10-09 14:15:39.360  1902  1902 I TransportConnection: BackupTransportService#6911: Notifying [AppBackupUtils.appIsRunningAndEligibleForBackupWithTransport] transport = BackupTransportClient
10-09 14:15:39.364  1902  4160 W ProcessStats: Tracking association SourceState{978fd6e system/1000 ImpFg #295651} whose proc state 5 is better than process ProcessState{2c25849 com.google.android.gms/10175 pkg=com.google.android.gms} proc state 14 (13776 skipped)
10-09 14:15:39.375  1902  4160 D BackupTransportManager: [UserID:0] Transport com.google.android.gms/.backup.BackupTransportService updated its attributes
10-09 14:15:39.409  1902  1902 I TransportConnection: BackupTransportService#6912: Notifying [AppBackupUtils.appIsRunningAndEligibleForBackupWithTransport] transport = BackupTransportClient
10-09 14:15:39.426  1902  4160 D BackupTransportManager: [UserID:0] Transport com.google.android.gms/.backup.BackupTransportService updated its attributes
10-09 14:15:39.460  1902  1902 I TransportConnection: BackupTransportService#6913: Notifying [AppBackupUtils.appIsRunningAndEligibleForBackupWithTransport] transport = BackupTransportClient
10-09 14:15:39.473  1902  4160 D BackupTransportManager: [UserID:0] Transport com.google.android.gms/.backup.BackupTransportService updated its attributes
10-09 14:15:39.512  1902  1902 I TransportConnection: BackupTransportService#6915: Notifying [AppBackupUtils.appIsRunningAndEligibleForBackupWithTransport] transport = BackupTransportClient
10-09 14:15:39.529  1902  4160 D BackupTransportManager: [UserID:0] Transport com.google.android.gms/.backup.BackupTransportService updated its attributes
10-09 14:15:39.573  1902  1902 I TransportConnection: BackupTransportService#6917: Notifying [AppBackupUtils.appIsRunningAndEligibleForBackupWithTransport] transport = BackupTransportClient
10-09 14:15:39.589  1902 23266 D BackupTransportManager: [UserID:0] Transport com.google.android.gms/.backup.BackupTransportService updated its attributes
10-09 14:15:39.592  1902  2620 I SmartPower: com.google.android.apps.tachyon/10234(30966): background->idle(3001ms) R(service unbind com.google.android.apps.tachyon/com.google.android.libraries.notifications.entrypoints.scheduled.ScheduledTaskService) adj=905.
10-09 14:15:39.630  1902  1902 I TransportConnection: BackupTransportService#6918: Notifying [AppBackupUtils.appIsRunningAndEligibleForBackupWithTransport] transport = BackupTransportClient
10-09 14:15:39.643  1902 23179 D BackupTransportManager: [UserID:0] Transport com.google.android.gms/.backup.BackupTransportService updated its attributes
10-09 14:15:39.685  1902  1902 I TransportConnection: BackupTransportService#6922: Notifying [AppBackupUtils.appIsRunningAndEligibleForBackupWithTransport] transport = BackupTransportClient
10-09 14:15:39.703  1902  4160 D BackupTransportManager: [UserID:0] Transport com.google.android.gms/.backup.BackupTransportService updated its attributes
10-09 14:15:39.747  1902  1902 I TransportConnection: BackupTransportService#6923: Notifying [AppBackupUtils.appIsRunningAndEligibleForBackupWithTransport] transport = BackupTransportClient
10-09 14:15:39.764  1902 23266 D BackupTransportManager: [UserID:0] Transport com.google.android.gms/.backup.BackupTransportService updated its attributes
10-09 14:15:39.800  1902  1902 I TransportConnection: BackupTransportService#6924: Notifying [AppBackupUtils.appIsRunningAndEligibleForBackupWithTransport] transport = BackupTransportClient
10-09 14:15:39.813  1902 23179 D BackupTransportManager: [UserID:0] Transport com.google.android.gms/.backup.BackupTransportService updated its attributes
10-09 14:15:39.847  1902  1902 I TransportConnection: BackupTransportService#6925: Notifying [AppBackupUtils.appIsRunningAndEligibleForBackupWithTransport] transport = BackupTransportClient
10-09 14:15:39.865  1902 23266 D BackupTransportManager: [UserID:0] Transport com.google.android.gms/.backup.BackupTransportService updated its attributes
10-09 14:15:39.901  1902  1902 I TransportConnection: BackupTransportService#6926: Notifying [AppBackupUtils.appIsRunningAndEligibleForBackupWithTransport] transport = BackupTransportClient
10-09 14:15:39.913  1902 23266 D BackupTransportManager: [UserID:0] Transport com.google.android.gms/.backup.BackupTransportService updated its attributes
10-09 14:15:39.952  1902  1902 I TransportConnection: BackupTransportService#6927: Notifying [AppBackupUtils.appIsRunningAndEligibleForBackupWithTransport] transport = BackupTransportClient
10-09 14:15:39.968  1902 23266 D BackupTransportManager: [UserID:0] Transport com.google.android.gms/.backup.BackupTransportService updated its attributes
10-09 14:15:40.006  1902  1902 I TransportConnection: BackupTransportService#6928: Notifying [AppBackupUtils.appIsRunningAndEligibleForBackupWithTransport] transport = BackupTransportClient
10-09 14:15:40.020  1902 23179 D BackupTransportManager: [UserID:0] Transport com.google.android.gms/.backup.BackupTransportService updated its attributes
10-09 14:15:40.028  1902 23266 D PerfShielderService: com.android.systemui|com.android.systemui-Not-1939607582|4043|94023143777527|72|5|120
10-09 14:15:40.076  1902  1902 I TransportConnection: BackupTransportService#6929: Notifying [AppBackupUtils.appIsRunningAndEligibleForBackupWithTransport] transport = BackupTransportClient
