07-15 14:57:42.497  2465  2482 W ActivityTaskManager: Skip mGoingToSleepWakeLock release for sleepingOrShuttingDown
07-15 14:57:42.506  2465  6156 I WindowManagerService: Physical orientation applied, rotation=0 sfOrientation=ORIENTATION_0
07-15 14:57:42.507  2465  2504 D Boost   : hostingType=, hostingName={com.android.chrome/org.chromium.content.app.SandboxedProcessService0:28}, callerPackage=com.android.chrome, isSystem=true, isBoostNeeded=false.
07-15 14:57:42.510  2465  2504 I ActivityManager: Start proc 9460:com.android.chrome:sandboxed_process0:org.chromium.content.app.SandboxedProcessService0:28/u0ai28 for  {com.android.chrome/org.chromium.content.app.SandboxedProcessService0:28} caller=com.android.chrome
07-15 14:57:42.534  2465  2950 E AppOps  : checkOperation
07-15 14:57:42.534  2465  2950 E AppOps  : java.lang.SecurityException: Specified package com.android.chrome under uid 90028 but it is not
07-15 14:57:42.534  2465  2950 E AppOps  : 	at com.android.server.appop.AppOpsService.verifyAndGetBypass(AppOpsService.java:4799)
07-15 14:57:42.534  2465  2950 E AppOps  : 	at com.android.server.appop.AppOpsService.verifyAndGetBypass(AppOpsService.java:4691)
07-15 14:57:42.534  2465  2950 E AppOps  : 	at com.android.server.appop.AppOpsService.checkOperationUnchecked(AppOpsService.java:3278)
07-15 14:57:42.534  2465  2950 E AppOps  : 	at com.android.server.appop.AppOpsService.checkOperationImpl(AppOpsService.java:3261)
07-15 14:57:42.534  2465  2950 E AppOps  : 	at com.android.server.appop.AppOpsService.access$3700(AppOpsService.java:222)
07-15 14:57:42.534  2465  2950 E AppOps  : 	at com.android.server.appop.AppOpsService$CheckOpsDelegateDispatcher.lambda$checkOperation$0(AppOpsService.java:7691)
07-15 14:57:42.534  2465  2950 E AppOps  : 	at com.android.server.appop.AppOpsService$CheckOpsDelegateDispatcher$$ExternalSyntheticLambda17.apply(Unknown Source:25)
07-15 14:57:42.534  2465  2950 E AppOps  : 	at com.android.server.policy.AppOpsPolicy.checkOperation(AppOpsPolicy.java:205)
07-15 14:57:42.534  2465  2950 E AppOps  : 	at com.android.server.appop.AppOpsService$CheckOpsDelegateDispatcher.checkOperation(AppOpsService.java:7690)
07-15 14:57:42.534  2465  2950 E AppOps  : 	at com.android.server.appop.AppOpsService.checkOperation(AppOpsService.java:3248)
07-15 14:57:42.534  2465  2950 E AppOps  : 	at android.app.AppOpsManager.checkOpNoThrow(AppOpsManager.java:8747)
07-15 14:57:42.534  2465  2950 E AppOps  : 	at android.miui.AppOpsUtils.getApplicationAutoStart(AppOpsUtils.java:84)
07-15 14:57:42.534  2465  2950 E AppOps  : 	at com.android.server.am.AppStateManager$AppState$RunningProcess$1.run(AppStateManager.java:1544)
07-15 14:57:42.534  2465  2950 E AppOps  : 	at android.os.Handler.handleCallback(Handler.java:938)
07-15 14:57:42.534  2465  2950 E AppOps  : 	at android.os.Handler.dispatchMessage(Handler.java:99)
07-15 14:57:42.534  2465  2950 E AppOps  : 	at android.os.Looper.loopOnce(Looper.java:211)
07-15 14:57:42.534  2465  2950 E AppOps  : 	at android.os.Looper.loop(Looper.java:300)
07-15 14:57:42.534  2465  2950 E AppOps  : 	at android.os.HandlerThread.run(HandlerThread.java:67)
07-15 14:57:42.537  9460  9460 E MQSEventManagerDelegate: failed to get MQSService.
07-15 14:57:42.537  9460  9460 W MQSEventManagerDelegate: registerApplicationScoutThread getMQSService null
07-15 14:57:42.537  9460  9460 W ActivityThread: registerApplicationScoutThread result:false
07-15 14:57:42.547  9460  9460 E ForceDarkHelperStubImpl: getForceDarkOriginState transact failed , mService: null
07-15 14:57:42.547  9460  9460 I ForceDarkHelperStubImpl: initialize for com.android.chrome , ForceDarkOrigin
07-15 14:57:42.558  2465  2950 I SmartPower: com.android.chrome/90028 state=background adj=100 proc size=1 move to inactive adj below visible
07-15 14:57:42.569  2465  2941 D WindowManager: Input focus has changed to Window{48ab4e8 u0 com.android.chrome/org.chromium.chrome.browser.ChromeTabbedActivity} display=0 updateInputWindows = true
07-15 14:57:42.569  2465  2941 I WindowManagerService: Physical orientation applied, rotation=0 sfOrientation=ORIENTATION_0
07-15 14:57:42.570  2465  2490 D WindowManager: Update InputWindowHandle: 48ab4e8 com.android.chrome/org.chromium.chrome.browser.ChromeTabbedActivity, frame=[0,0,1080,2400], touchableRegion=SkRegion((0,0,1080,2400)), visible=true, focusable=true, changed=true
07-15 14:57:42.616  2465  2480 D WindowManager: finishDrawingLocked: mDrawState=COMMIT_DRAW_PENDING Window{48ab4e8 u0 com.android.chrome/org.chromium.chrome.browser.ChromeTabbedActivity} in Surface(name=com.android.chrome/org.chromium.chrome.browser.ChromeTabbedActivity)/@0x2e06423
07-15 14:57:42.621  2465  2490 I SmartPower.com.android.chrome/10172(27603): invisible->visible(225ms) R(become visible) adj=0.
07-15 14:57:42.621  2465  2490 I SmartPower.eu.europa.ec.euidi/10786(30149): visible->invisible(4495ms) R(become invisible) adj=200.
07-15 14:57:42.621  2465  2950 I SmartPower: com.android.chrome/10172 state=background adj=0 proc size=3 move to foreground become visible
07-15 14:57:42.621  2465  2490 I SmartPower.eu.europa.ec.euidi/10786(30149): invisible->background(0ms) R(become background) adj=200.
07-15 14:57:42.621  2465  2950 I SmartPower: eu.europa.ec.euidi/10786 state=foreground adj=200 proc size=1 move to inactive become invisible
07-15 14:57:42.645  2465  2490 D WindowManager: Update InputWindowHandle: 48ab4e8 com.android.chrome/org.chromium.chrome.browser.ChromeTabbedActivity, frame=[0,0,1080,2400], touchableRegion=SkRegion((0,0,1080,2400)), visible=true, focusable=true, changed=true
07-15 14:57:42.648  2465  2487 D Aurogon :  uid = 10786 switch to BG
07-15 14:57:42.649  2465  2480 I WindowManagerService: Physical orientation applied, rotation=0 sfOrientation=ORIENTATION_0
07-15 14:57:43.390  2465  2950 I SmartPower: com.google.android.gms/10163 state=background adj=0 proc size=6 move to inactive service end com.google.android.gms/.chimera.PersistentDirectBootAwareApiService
07-15 14:57:45.010  2465  5413 I ActivityTaskManager: START u0 {act=android.intent.action.VIEW cat=[android.intent.category.BROWSABLE] dat=eudi-openid4vp://verifier-backend.eudiw.dev?client_id=x509_san_dns:verifier-backend.eudiw.dev&request_uri=https://verifier-backend.eudiw.dev/wallet/request.jwt/hazg_JrPtPjJ53_OXxgKBYTo3vHRHQjj4NsZPg9P4xyt76zfTYQgfL3LjSWJXD5qIjy3pyZeO_dr1JeQYWxz4g flg=0x14000000 cmp=eu.europa.ec.euidi/eu.europa.ec.assemblylogic.ui.MainActivity (has extras)} from uid 10172 from pid 27603 callingPackage com.android.chrome
07-15 14:57:45.013  2465  5413 I SmartPower.eu.europa.ec.euidi/10786(30149): background->invisible(2391ms) R(become foreground) adj=700.
07-15 14:57:45.013  2465  2950 I SmartPower: eu.europa.ec.euidi/10786 state=inactive adj=700 proc size=1 move to background become foreground
07-15 14:57:45.018  2465  5413 D WindowManager: Input focus has changed to null display=0 updateInputWindows = true
07-15 14:57:45.026  2465  5413 D ActivityTaskManager: startActivityAsUser result is 2
07-15 14:57:45.027  3586  3586 I OneHandedController: stopOneHanded mState=STATE_NONE, uiEvent=ONE_HANDED_TRIGGER_APP_TAPS_OUT
07-15 14:57:45.029  3586  3586 D OneHandedController: stopOneHanded state isTransitioning or STATE_NONE, mState = 0
07-15 14:57:45.033  2465  5413 I ActivityTaskManager: moveTaskToBack: Task{b0f02ed #1977 type=standard A=10172:com.android.chrome U=0 visible=true mode=fullscreen translucent=false sz=1}
07-15 14:57:45.039  3586  3586 I OneHandedController: stopOneHanded mState=STATE_NONE, uiEvent=ONE_HANDED_TRIGGER_APP_TAPS_OUT
07-15 14:57:45.039  3586  3586 D OneHandedController: stopOneHanded state isTransitioning or STATE_NONE, mState = 0
07-15 14:57:45.043  2465  5853 I WindowManagerService: Physical orientation applied, rotation=0 sfOrientation=ORIENTATION_0
07-15 14:57:45.091  2465  5413 I ActivityManager: Killing 9460:com.android.chrome:sandboxed_process0:org.chromium.content.app.SandboxedProcessService0:28/u0a172i-8972 (adj 0): isolated not needed
07-15 14:57:45.092  2465  5413 I SmartPower.com.android.chrome:sandboxed_process0:org.chromium.content.app.SandboxedProcessServbackground->died(2598ms) R(process died ) adj=0.
07-15 14:57:45.092  2465  2950 I SmartPower: com.android.chrome/90028 state=inactive adj=0 proc size=0 move to -1 process died 
07-15 14:57:45.117  2465  5413 D ActivityManagerServiceImpl: Service controller is not enabled.
07-15 14:57:45.117  2465  5413 D ProcessRecordInjector: Finishing reporting clean up app record.
07-15 14:57:45.121  2465  2487 D Aurogon :  uid = 10786 switch to FG
07-15 14:57:45.122  2465  2950 I SmartPower: com.google.android.ext.services/10213 state=background adj=100 proc size=2 move to inactive adj below visible
07-15 14:57:45.126  2465  2510 D KernelCpuUidUserSysTimeReader: Removing uids 90024-90024
07-15 14:57:45.158  2465  2482 I WindowManagerService: Physical orientation applied, rotation=0 sfOrientation=ORIENTATION_0
07-15 14:57:45.164  2465  5853 D WindowManager: Input focus has changed to Window{f4b0a0b u0 eu.europa.ec.euidi/eu.europa.ec.assemblylogic.ui.MainActivity} display=0 updateInputWindows = true
07-15 14:57:45.164  2465  5853 I WindowManagerService: Physical orientation applied, rotation=0 sfOrientation=ORIENTATION_0
07-15 14:57:45.165  2465  2490 D WindowManager: Update InputWindowHandle: f4b0a0b eu.europa.ec.euidi/eu.europa.ec.assemblylogic.ui.MainActivity, frame=[0,0,1080,2400], touchableRegion=SkRegion((0,0,1080,2400)), visible=true, focusable=true, changed=true
07-15 14:57:45.174  2465  5853 D WindowManager: finishDrawingLocked: mDrawState=COMMIT_DRAW_PENDING Window{f4b0a0b u0 eu.europa.ec.euidi/eu.europa.ec.assemblylogic.ui.MainActivity} in Surface(name=eu.europa.ec.euidi/eu.europa.ec.assemblylogic.ui.MainActivity)/@0xfdb0bdc
07-15 14:57:45.181  2465  2490 I SmartPower.com.android.chrome/10172(27603): visible->invisible(2561ms) R(become invisible) adj=200.
07-15 14:57:45.181  2465  2490 I SmartPower.com.android.chrome:privileged_process0/10172(28829): invisible->background(2786ms) R(become background) adj=200.
07-15 14:57:45.181  2465  2490 I SmartPower.com.android.chrome/10172(27603): invisible->background(0ms) R(become background) adj=200.
07-15 14:57:45.182  2465  2490 I SmartPower.eu.europa.ec.euidi/10786(30149): invisible->visible(169ms) R(become visible) adj=0.
07-15 14:57:45.182  2465  2950 I SmartPower: com.android.chrome/10172 state=foreground adj=200 proc size=3 move to inactive become background
07-15 14:57:45.182  2465  2950 I SmartPower: eu.europa.ec.euidi/10786 state=background adj=0 proc size=1 move to foreground become visible
07-15 14:57:45.182  2465  2950 I SmartPower: com.android.chrome/90000 state=background adj=940 proc size=1 move to inactive remove from whitelist
07-15 14:57:45.182  2465  2950 I SmartPower: com.android.chrome/90001 state=background adj=940 proc size=1 move to inactive remove from whitelist
07-15 14:57:45.182  2465  2950 I SmartPower: com.android.chrome/90002 state=background adj=930 proc size=1 move to inactive remove from whitelist
07-15 14:57:45.182  2465  2950 I SmartPower: com.android.chrome/90003 state=background adj=930 proc size=1 move to inactive remove from whitelist
07-15 14:57:45.183  2465  2950 I SmartPower: com.android.chrome/90004 state=background adj=920 proc size=1 move to inactive remove from whitelist
07-15 14:57:45.184  2465  2950 I SmartPower: com.android.chrome/90005 state=background adj=920 proc size=1 move to inactive remove from whitelist
07-15 14:57:45.184  2465  2950 I SmartPower: com.android.chrome/90007 state=background adj=910 proc size=1 move to inactive remove from whitelist
07-15 14:57:45.184  2465  2950 I SmartPower: com.android.chrome/90008 state=background adj=910 proc size=1 move to inactive remove from whitelist
07-15 14:57:45.185  2465  2950 I SmartPower: com.android.chrome/90009 state=background adj=900 proc size=1 move to inactive remove from whitelist
07-15 14:57:45.185  2465  2950 I SmartPower: com.android.chrome/90010 state=background adj=900 proc size=1 move to inactive remove from whitelist
07-15 14:57:45.199  2465  5413 I WindowManagerService: Physical orientation applied, rotation=0 sfOrientation=ORIENTATION_0
07-15 14:57:45.201  2465  2490 D WindowManager: Update InputWindowHandle: f4b0a0b eu.europa.ec.euidi/eu.europa.ec.assemblylogic.ui.MainActivity, frame=[0,0,1080,2400], touchableRegion=SkRegion((0,0,1080,2400)), visible=true, focusable=true, changed=true
07-15 14:57:45.246  2465  5853 W ActivityTaskManager: Skip mGoingToSleepWakeLock release for sleepingOrShuttingDown
07-15 14:57:46.110  2465  3535 W MiuiMemoryService: com.android.settings is system app!
07-15 14:57:46.133  2465 11379 I ActivityTaskManager: START u0 {act=android.intent.action.OPEN_DOCUMENT typ=*/* cmp=com.google.android.documentsui/com.android.documentsui.picker.PickActivity (has extras)} from uid 10786 from pid 30149 callingPackage eu.europa.ec.euidi
07-15 14:57:46.133  2465 11379 I SmartPower.com.google.android.documentsui/10066(3696): background->invisible(8007ms) R(become foreground) adj=905.
07-15 14:57:46.134  2465  2950 I SmartPower: com.google.android.documentsui/10066 state=inactive adj=905 proc size=1 move to background become foreground
07-15 14:57:46.141  2465  2490 D WindowManager: Update InputWindowHandle: f4b0a0b eu.europa.ec.euidi/eu.europa.ec.assemblylogic.ui.MainActivity, frame=[0,0,1080,2400], touchableRegion=SkRegion((0,0,1080,2400)), visible=true, focusable=true, changed=true
07-15 14:57:46.155  2465 11379 W ActivityTaskManager: Tried to set launchTime (0) < mLastActivityLaunchTime (46843691)
07-15 14:57:46.158  2465 11379 D WindowManager: Input focus has changed to null display=0 updateInputWindows = true
07-15 14:57:46.161  2465  2487 D Aurogon :  uid = 10066 switch to FG
07-15 14:57:46.163  2465  2936 D Aurogon :  uid = 10172 switch to BG~
07-15 14:57:46.221  2465 11379 D WindowManager: Input focus has changed to Window{bc197c3 u0 com.google.android.documentsui/com.android.documentsui.picker.PickActivity} display=0 updateInputWindows = true
07-15 14:57:46.221  2465 11379 I WindowManagerService: Physical orientation applied, rotation=0 sfOrientation=ORIENTATION_0
07-15 14:57:46.222  2465  2490 D WindowManager: Update InputWindowHandle: bc197c3 com.google.android.documentsui/com.android.documentsui.picker.PickActivity, frame=[0,0,1080,2400], touchableRegion=SkRegion((0,0,1080,2400)), visible=true, focusable=true, changed=true
07-15 14:57:46.254  2465  2480 I WindowManagerService: Physical orientation applied, rotation=0 sfOrientation=ORIENTATION_0
07-15 14:57:46.269  2465 11379 D WindowManager: finishDrawingLocked: mDrawState=COMMIT_DRAW_PENDING Window{bc197c3 u0 com.google.android.documentsui/com.android.documentsui.picker.PickActivity} in Surface(name=com.google.android.documentsui/com.android.documentsui.picker.PickActivity)/@0x1f08904
07-15 14:57:46.276  2465  2490 I SmartPower.com.google.android.documentsui/10066(3696): invisible->visible(142ms) R(become visible) adj=0.
07-15 14:57:46.276  2465  2490 I SmartPower.eu.europa.ec.euidi/10786(30149): visible->invisible(1094ms) R(become invisible) adj=200.
07-15 14:57:46.276  2465  2950 I SmartPower: com.google.android.documentsui/10066 state=background adj=0 proc size=1 move to foreground become visible
07-15 14:57:46.276  2465  2490 I SmartPower.eu.europa.ec.euidi/10786(30149): invisible->background(0ms) R(become background) adj=200.
07-15 14:57:46.276  2465  2950 I SmartPower: eu.europa.ec.euidi/10786 state=foreground adj=200 proc size=1 move to inactive become invisible
07-15 14:57:46.286  2465  2490 D WindowManager: shouldDeferAnimationFinish ActivityRecord{5f19c5 u0 com.google.android.documentsui/com.android.documentsui.picker.PickActivity} t1975}, anim = com.android.server.wm.LocalAnimationAdapter@a80dea5
07-15 14:57:46.292  2465  2490 D WindowManager: Update InputWindowHandle: bc197c3 com.google.android.documentsui/com.android.documentsui.picker.PickActivity, frame=[0,0,1080,2400], touchableRegion=SkRegion((0,0,1080,2400)), visible=true, focusable=true, changed=true
07-15 14:57:46.294  2465  2480 I WindowManagerService: Physical orientation applied, rotation=0 sfOrientation=ORIENTATION_0
07-15 14:57:46.299  2465  2480 I WindowManagerService: Physical orientation applied, rotation=0 sfOrientation=ORIENTATION_0
07-15 14:57:46.301  2465  2480 W ActivityTaskManager: Skip mGoingToSleepWakeLock release for sleepingOrShuttingDown
07-15 14:57:46.303  2465  2487 D Aurogon :  uid = 10786 switch to BG
07-15 14:57:46.330  2465  5853 I WindowManagerService: Physical orientation applied, rotation=0 sfOrientation=ORIENTATION_0
07-15 14:57:47.838  2465  2490 D WindowManager: Focus not requested for window=Window{bc197c3 u0 com.google.android.documentsui/com.android.documentsui.picker.PickActivity} because it has no surface or is not focusable.
07-15 14:57:47.849  2465  2480 D WindowManager: Input focus has changed to null display=0 updateInputWindows = true
07-15 14:57:47.853  2465  2480 I SmartPower.eu.europa.ec.euidi/10786(30149): background->invisible(1577ms) R(become foreground) adj=700.
07-15 14:57:47.853  2465  2950 I SmartPower: eu.europa.ec.euidi/10786 state=inactive adj=700 proc size=1 move to background become foreground
07-15 14:57:47.858  2465  2487 D Aurogon :  uid = 10786 switch to FG
07-15 14:57:47.865  2465 11379 I WindowManagerService: Physical orientation applied, rotation=0 sfOrientation=ORIENTATION_0
07-15 14:57:47.896  2465 11379 D WindowManager: Input focus has changed to Window{f4b0a0b u0 eu.europa.ec.euidi/eu.europa.ec.assemblylogic.ui.MainActivity} display=0 updateInputWindows = true
07-15 14:57:47.896  2465 11379 I WindowManagerService: Physical orientation applied, rotation=0 sfOrientation=ORIENTATION_0
07-15 14:57:47.897  2465  2490 D WindowManager: Update InputWindowHandle: f4b0a0b eu.europa.ec.euidi/eu.europa.ec.assemblylogic.ui.MainActivity, frame=[0,0,1080,2400], touchableRegion=SkRegion((0,0,1080,2400)), visible=true, focusable=true, changed=true
07-15 14:57:47.907  2465 11379 D WindowManager: finishDrawingLocked: mDrawState=COMMIT_DRAW_PENDING Window{f4b0a0b u0 eu.europa.ec.euidi/eu.europa.ec.assemblylogic.ui.MainActivity} in Surface(name=eu.europa.ec.euidi/eu.europa.ec.assemblylogic.ui.MainActivity)/@0x58d12f6
07-15 14:57:47.915  2465  2490 I SmartPower.com.google.android.documentsui/10066(3696): visible->invisible(1639ms) R(become invisible) adj=0.
07-15 14:57:47.915  2465  2490 I SmartPower.com.google.android.documentsui/10066(3696): invisible->background(0ms) R(become background) adj=0.
07-15 14:57:47.915  2465  2490 I SmartPower.eu.europa.ec.euidi/10786(30149): invisible->visible(63ms) R(become visible) adj=0.
07-15 14:57:47.916  2465  2950 I SmartPower: com.google.android.documentsui/10066 state=foreground adj=0 proc size=1 move to inactive become background
07-15 14:57:47.916  2465  2950 I SmartPower: eu.europa.ec.euidi/10786 state=background adj=0 proc size=1 move to foreground become visible
07-15 14:57:47.926  2465  2490 D WindowManager: shouldDeferAnimationFinish ActivityRecord{f8fe955 u0 eu.europa.ec.euidi/eu.europa.ec.assemblylogic.ui.MainActivity} t1975}, anim = com.android.server.wm.LocalAnimationAdapter@73027d0
07-15 14:57:47.928  2465  2490 D WindowManager: Update InputWindowHandle: f4b0a0b eu.europa.ec.euidi/eu.europa.ec.assemblylogic.ui.MainActivity, frame=[0,0,1080,2400], touchableRegion=SkRegion((0,0,1080,2400)), visible=true, focusable=true, changed=true
07-15 14:57:47.941  2465  2487 D Aurogon :  uid = 10066 switch to BG
07-15 14:57:47.943  2465  5853 I WindowManagerService: Physical orientation applied, rotation=0 sfOrientation=ORIENTATION_0
07-15 14:57:48.778  2465  2950 D IntervalStats: Unable to parse usage stats packages: [741, 746]
07-15 14:57:55.044  2465  2489 W ProcessStats: Tracking association SourceState{a2698f8 system/1000 BTopFgs #124509} whose proc state 2 is better than process ProcessState{59526b3 com.miui.powerkeeper/1000 pkg=com.miui.powerkeeper (sub)} proc state 3 (185 skipped)
07-15 14:57:56.315  2465  5413 I InputMethodManagerService: IMMS.showSoftInput(), client = com.android.internal.view.IInputMethodClient$Stub$Proxy@7982fcf
07-15 14:57:56.315  2465  5413 I InputMethodManagerService: IMMS.showCurrentInputLocked(), curMethod = com.android.internal.view.IInputMethod$Stub$Proxy@c3cba68, flags = 0
07-15 14:57:56.315  2465  5413 D SmartPower.com.google.android.inputmethod.latin/10176(4876): show input method
07-15 14:57:56.315  2465  5413 I SmartPower.com.google.android.inputmethod.latin/10176(4876): background->visible(289549ms) R(show input method) adj=100.
07-15 14:57:56.315  2465  5413 I InputMethodManagerService: IMMS.showCurrentInputLocked request ims to show inputMethod.
07-15 14:57:56.315  2465  2950 I SmartPower: com.google.android.inputmethod.latin/10176 state=inactive adj=100 proc size=1 move to foreground show input method
07-15 14:57:56.331  2465  2950 I SmartPower: com.google.android.gms/10163 state=inactive adj=0 proc size=6 move to background add to whitelist
07-15 14:57:56.336  2465  2950 I SmartPower: com.google.android.gms/10163 state=background adj=0 proc size=6 move to inactive service end com.google.android.gms/.autofill.service.AutofillService
07-15 14:57:56.341  2465 11379 I InputMethodManagerService: IMMS.showSoftInput(), client = com.android.internal.view.IInputMethodClient$Stub$Proxy@48f5e1
07-15 14:57:56.341  2465 11379 I InputMethodManagerService: IMMS.showCurrentInputLocked(), curMethod = com.android.internal.view.IInputMethod$Stub$Proxy@c3cba68, flags = 0
07-15 14:57:56.341  2465 11379 D SmartPower.com.google.android.inputmethod.latin/10176(4876): show input method
07-15 14:57:56.341  2465 11379 I InputMethodManagerService: IMMS.showCurrentInputLocked request ims to show inputMethod.
07-15 14:57:56.355  2465  2480 I InputMethodManagerService: IMMS.applyImeVisibility(), setVisible = true, mCurclient = ClientState{72c9f06 uid=10786 pid=30149 displayId=0}
07-15 14:57:56.355  2465  2480 I WindowManager: WMS.showImePostLayout(), imeTarget = Window{f4b0a0b u0 eu.europa.ec.euidi/eu.europa.ec.assemblylogic.ui.MainActivity}
07-15 14:57:56.358  2465 11379 I WindowManagerService: Physical orientation applied, rotation=0 sfOrientation=ORIENTATION_0
07-15 14:57:56.367  2465  2480 I InputMethodManagerService: IMMS.applyImeVisibility(), setVisible = true, mCurclient = ClientState{72c9f06 uid=10786 pid=30149 displayId=0}
07-15 14:57:56.367  2465  5413 D WindowManager: finishDrawingLocked: mDrawState=COMMIT_DRAW_PENDING Window{30d3f9c u0 InputMethod} in Surface(name=InputMethod)/@0xa672360
07-15 14:57:56.369  2465  2490 I ImeInsetsSourceProvider: ImeInsetsSourceProvider.scheduleShowImePostLayout() Run showImeRunner.
07-15 14:57:56.369  2465  2490 I ImeInsetsSourceProvider: ImeInsetsSourceProvider.scheduleShowImePostLayout() isReadyToShowIme.
07-15 14:57:56.370  2465  2480 I WindowManager: WMS.showImePostLayout(), imeTarget = Window{f4b0a0b u0 eu.europa.ec.euidi/eu.europa.ec.assemblylogic.ui.MainActivity}
07-15 14:57:56.372  2465  2490 I ImeInsetsSourceProvider: ImeInsetsSourceProvider.scheduleShowImePostLayout() Run showImeRunner.
07-15 14:57:56.372  2465  2490 I ImeInsetsSourceProvider: ImeInsetsSourceProvider.scheduleShowImePostLayout() isReadyToShowIme.
07-15 14:57:56.374  2465  2489 I WindowManager: input method visible height changed 560
07-15 14:57:56.377  2465  2969 D MiuiFreeFormGestureController: handleFreeFormReceiver intent=Intent { act=miui.intent.action.INPUT_METHOD_VISIBLE_HEIGHT_CHANGED flg=0x10 (has extras) }
07-15 14:57:56.388  3586  3586 I OneHandedController: stopOneHanded mState=STATE_NONE, uiEvent=ONE_HANDED_TRIGGER_POP_IME_OUT
07-15 14:57:56.389  3586  3586 D OneHandedController: stopOneHanded state isTransitioning or STATE_NONE, mState = 0
07-15 14:57:56.549  2465  6156 W WindowManager: Requires INTERNAL_SYSTEM_WINDOW permission if assign type to input
07-15 14:57:56.578  2465 11379 I WindowManager: input method visible height changed 681
07-15 14:57:56.580  2465  2969 D MiuiFreeFormGestureController: handleFreeFormReceiver intent=Intent { act=miui.intent.action.INPUT_METHOD_VISIBLE_HEIGHT_CHANGED flg=0x10 (has extras) }
07-15 14:57:56.602  2465 11379 D PerfShielderService: eu.europa.ec.euidi|eu.europa.ec.euidi/eu.europa.ec.assemblylogic.ui.MainActivity|216|46863088090975|77|2|6
07-15 14:57:56.603  4932 24035 W MiuiPerfServiceClient: interceptAndQueuing:30149|eu.europa.ec.euidi|216|77|46863088090975|Slow handle animation|6
07-15 14:57:57.132  2465  9569 D VibrationThread: StartVibrateStep for effect #0
07-15 14:57:57.132  2465  9569 D VibrationThread: Perform THUD on vibrator 0
07-15 14:57:57.189  2465  9569 D VibrationThread: Running complete vibration step on vibrator 0
07-15 14:57:57.189  2465  9569 D VibratorManagerService: Vibration 638 finished with status FINISHED
07-15 14:57:57.189  2465 11379 D VibratorManagerService: Vibration 638 on vibrator 0 complete, notifying thread
07-15 14:57:57.190  2465 11379 D VibrationThread: Vibration complete reported by vibrator 0
07-15 14:57:57.190  2465  9569 D VibrationThread: Turning off vibrator 0
07-15 14:57:57.190  2465  9569 D VibrationThread: FinishVibrateStep for effect #0
07-15 14:57:57.191  2465  9569 D VibratorManagerService: Vibrators released after finished vibration
07-15 14:57:57.277  2465  6156 E AutofillSession: Not starting a new partition on 1073741824:9700@1119444496 because session 1119444496 reached maximum of 10
07-15 14:57:57.294  2465  6156 I InputMethodManagerService: IMMS.showCurrentInputLocked(), curMethod = com.android.internal.view.IInputMethod$Stub$Proxy@c3cba68, flags = 0
07-15 14:57:57.294  2465  6156 D SmartPower.com.google.android.inputmethod.latin/10176(4876): show input method
07-15 14:57:57.294  2465  6156 I InputMethodManagerService: IMMS.showCurrentInputLocked request ims to show inputMethod.
07-15 14:57:57.312  2465 11379 I InputMethodManagerService: IMMS.showSoftInput(), client = com.android.internal.view.IInputMethodClient$Stub$Proxy@ddfea84
07-15 14:57:57.312  2465 11379 I InputMethodManagerService: IMMS.showCurrentInputLocked(), curMethod = com.android.internal.view.IInputMethod$Stub$Proxy@c3cba68, flags = 0
07-15 14:57:57.312  2465 11379 D SmartPower.com.google.android.inputmethod.latin/10176(4876): show input method
07-15 14:57:57.312  2465 11379 I InputMethodManagerService: IMMS.showCurrentInputLocked request ims to show inputMethod.
07-15 14:57:57.328  2465  5853 I InputMethodManagerService: IMMS.applyImeVisibility(), setVisible = true, mCurclient = ClientState{72c9f06 uid=10786 pid=30149 displayId=0}
07-15 14:57:57.328  2465  5853 I WindowManager: WMS.showImePostLayout(), imeTarget = Window{f4b0a0b u0 eu.europa.ec.euidi/eu.europa.ec.assemblylogic.ui.MainActivity}
07-15 14:57:57.329  2465  2490 I ImeInsetsSourceProvider: ImeInsetsSourceProvider.scheduleShowImePostLayout() Run showImeRunner.
07-15 14:57:57.329  2465  2490 I ImeInsetsSourceProvider: ImeInsetsSourceProvider.scheduleShowImePostLayout() isReadyToShowIme.
07-15 14:57:57.330  2465  9576 D VibrationThread: StartVibrateStep for effect #0
07-15 14:57:57.330  2465  9576 D VibrationThread: Perform THUD on vibrator 0
07-15 14:57:57.331  2465  6156 I WindowManager: input method visible height changed 560
07-15 14:57:57.332  2465  2969 D MiuiFreeFormGestureController: handleFreeFormReceiver intent=Intent { act=miui.intent.action.INPUT_METHOD_VISIBLE_HEIGHT_CHANGED flg=0x10 (has extras) }
07-15 14:57:57.337  2465  5853 I InputMethodManagerService: IMMS.applyImeVisibility(), setVisible = true, mCurclient = ClientState{72c9f06 uid=10786 pid=30149 displayId=0}
07-15 14:57:57.337  3586  3586 I OneHandedController: stopOneHanded mState=STATE_NONE, uiEvent=ONE_HANDED_TRIGGER_POP_IME_OUT
07-15 14:57:57.337  2465  5853 I WindowManager: WMS.showImePostLayout(), imeTarget = Window{f4b0a0b u0 eu.europa.ec.euidi/eu.europa.ec.assemblylogic.ui.MainActivity}
07-15 14:57:57.337  3586  3586 D OneHandedController: stopOneHanded state isTransitioning or STATE_NONE, mState = 0
07-15 14:57:57.338  2465  2490 I ImeInsetsSourceProvider: ImeInsetsSourceProvider.scheduleShowImePostLayout() Run showImeRunner.
07-15 14:57:57.338  2465  2490 I ImeInsetsSourceProvider: ImeInsetsSourceProvider.scheduleShowImePostLayout() isReadyToShowIme.
07-15 14:57:57.340  3586  3586 I OneHandedController: stopOneHanded mState=STATE_NONE, uiEvent=ONE_HANDED_TRIGGER_POP_IME_OUT
07-15 14:57:57.340  3586  3586 D OneHandedController: stopOneHanded state isTransitioning or STATE_NONE, mState = 0
07-15 14:57:57.385  2465  9576 D VibrationThread: Running complete vibration step on vibrator 0
07-15 14:57:57.385  2465  9576 D VibratorManagerService: Vibration 639 finished with status FINISHED
07-15 14:57:57.386  2465  5853 D VibratorManagerService: Vibration 639 on vibrator 0 complete, notifying thread
07-15 14:57:57.386  2465  5853 D VibrationThread: Vibration complete reported by vibrator 0
07-15 14:57:57.386  2465  9576 D VibrationThread: Turning off vibrator 0
07-15 14:57:57.387  2465  9576 D VibrationThread: FinishVibrateStep for effect #0
07-15 14:57:57.387  2465  9576 D VibratorManagerService: Vibrators released after finished vibration
07-15 14:57:57.423  2465  5853 E AutofillSession: Not starting a new partition on 1073741824:9709@1119444496 because session 1119444496 reached maximum of 10
07-15 14:57:57.439  2465  9578 D VibrationThread: StartVibrateStep for effect #0
07-15 14:57:57.440  2465  9578 D VibrationThread: Perform THUD on vibrator 0
07-15 14:57:57.448  2465  5853 I InputMethodManagerService: IMMS.showCurrentInputLocked(), curMethod = com.android.internal.view.IInputMethod$Stub$Proxy@c3cba68, flags = 0
07-15 14:57:57.448  2465  5853 D SmartPower.com.google.android.inputmethod.latin/10176(4876): show input method
07-15 14:57:57.448  2465  5853 I InputMethodManagerService: IMMS.showCurrentInputLocked request ims to show inputMethod.
07-15 14:57:57.458  2465 11379 I InputMethodManagerService: IMMS.showSoftInput(), client = com.android.internal.view.IInputMethodClient$Stub$Proxy@669c38f
07-15 14:57:57.458  2465 11379 I InputMethodManagerService: IMMS.showCurrentInputLocked(), curMethod = com.android.internal.view.IInputMethod$Stub$Proxy@c3cba68, flags = 0
07-15 14:57:57.458  2465 11379 D SmartPower.com.google.android.inputmethod.latin/10176(4876): show input method
07-15 14:57:57.458  2465 11379 I InputMethodManagerService: IMMS.showCurrentInputLocked request ims to show inputMethod.
07-15 14:57:57.478  2465  6156 I InputMethodManagerService: IMMS.applyImeVisibility(), setVisible = true, mCurclient = ClientState{72c9f06 uid=10786 pid=30149 displayId=0}
07-15 14:57:57.478  2465  6156 I WindowManager: WMS.showImePostLayout(), imeTarget = Window{f4b0a0b u0 eu.europa.ec.euidi/eu.europa.ec.assemblylogic.ui.MainActivity}
07-15 14:57:57.480  2465  2490 I ImeInsetsSourceProvider: ImeInsetsSourceProvider.scheduleShowImePostLayout() Run showImeRunner.
07-15 14:57:57.480  2465  2490 I ImeInsetsSourceProvider: ImeInsetsSourceProvider.scheduleShowImePostLayout() isReadyToShowIme.
07-15 14:57:57.483  2465  6156 I InputMethodManagerService: IMMS.applyImeVisibility(), setVisible = true, mCurclient = ClientState{72c9f06 uid=10786 pid=30149 displayId=0}
07-15 14:57:57.484  2465  5853 W WindowManager: Failed looking up window session=Session{e8630a2 20445:u0a10213} callers=com.android.server.wm.WindowManagerService.windowForClientLocked:6162 com.android.server.wm.WindowManagerService.removeWindow:2325 com.android.server.wm.Session.remove:220 
07-15 14:57:57.484  2465  6156 I WindowManager: WMS.showImePostLayout(), imeTarget = Window{f4b0a0b u0 eu.europa.ec.euidi/eu.europa.ec.assemblylogic.ui.MainActivity}
07-15 14:57:57.485  3586  3586 I OneHandedController: stopOneHanded mState=STATE_NONE, uiEvent=ONE_HANDED_TRIGGER_POP_IME_OUT
07-15 14:57:57.485  3586  3586 D OneHandedController: stopOneHanded state isTransitioning or STATE_NONE, mState = 0
07-15 14:57:57.485  2465  2490 I ImeInsetsSourceProvider: ImeInsetsSourceProvider.scheduleShowImePostLayout() Run showImeRunner.
07-15 14:57:57.485  2465  2490 I ImeInsetsSourceProvider: ImeInsetsSourceProvider.scheduleShowImePostLayout() isReadyToShowIme.
07-15 14:57:57.487  3586  3586 I OneHandedController: stopOneHanded mState=STATE_NONE, uiEvent=ONE_HANDED_TRIGGER_POP_IME_OUT
07-15 14:57:57.487  3586  3586 D OneHandedController: stopOneHanded state isTransitioning or STATE_NONE, mState = 0
07-15 14:57:57.497  2465  6156 D VibratorManagerService: Vibration 640 on vibrator 0 complete, notifying thread
07-15 14:57:57.497  2465  6156 D VibrationThread: Vibration complete reported by vibrator 0
07-15 14:57:57.497  2465  9578 D VibrationThread: Running complete vibration step on vibrator 0
07-15 14:57:57.498  2465  9578 D VibrationThread: Turning off vibrator 0
07-15 14:57:57.498  2465  9578 D VibratorManagerService: Vibration 640 finished with status FINISHED
07-15 14:57:57.498  2465  9578 D VibrationThread: FinishVibrateStep for effect #0
07-15 14:57:57.499  2465  9578 D VibratorManagerService: Vibrators released after finished vibration
07-15 14:57:57.595  2465  9582 D VibrationThread: StartVibrateStep for effect #0
07-15 14:57:57.595  2465  9582 D VibrationThread: Perform THUD on vibrator 0
07-15 14:57:57.652  2465  5853 D VibratorManagerService: Vibration 641 on vibrator 0 complete, notifying thread
07-15 14:57:57.652  2465  9582 D VibrationThread: Running complete vibration step on vibrator 0
07-15 14:57:57.652  2465  5853 D VibrationThread: Vibration complete reported by vibrator 0
07-15 14:57:57.653  2465  9582 D VibratorManagerService: Vibration 641 finished with status FINISHED
07-15 14:57:57.653  2465  9582 D VibrationThread: Turning off vibrator 0
07-15 14:57:57.654  2465  9582 D VibrationThread: FinishVibrateStep for effect #0
07-15 14:57:57.654  2465  9582 D VibratorManagerService: Vibrators released after finished vibration
07-15 14:57:57.732  2465  5853 E AutofillSession: Not starting a new partition on 1073741824:9718@1119444496 because session 1119444496 reached maximum of 10
07-15 14:57:57.742  2465  9588 D VibrationThread: StartVibrateStep for effect #0
07-15 14:57:57.742  2465  9588 D VibrationThread: Perform THUD on vibrator 0
07-15 14:57:57.756  2465  5853 I InputMethodManagerService: IMMS.showCurrentInputLocked(), curMethod = com.android.internal.view.IInputMethod$Stub$Proxy@c3cba68, flags = 0
07-15 14:57:57.756  2465  5853 D SmartPower.com.google.android.inputmethod.latin/10176(4876): show input method
07-15 14:57:57.756  2465  5853 I InputMethodManagerService: IMMS.showCurrentInputLocked request ims to show inputMethod.
07-15 14:57:57.765  2465  6156 I InputMethodManagerService: IMMS.showSoftInput(), client = com.android.internal.view.IInputMethodClient$Stub$Proxy@fd4fcb4
07-15 14:57:57.766  2465  6156 I InputMethodManagerService: IMMS.showCurrentInputLocked(), curMethod = com.android.internal.view.IInputMethod$Stub$Proxy@c3cba68, flags = 0
07-15 14:57:57.766  2465  6156 D SmartPower.com.google.android.inputmethod.latin/10176(4876): show input method
07-15 14:57:57.766  2465  6156 I InputMethodManagerService: IMMS.showCurrentInputLocked request ims to show inputMethod.
07-15 14:57:57.787  2465  5413 I InputMethodManagerService: IMMS.applyImeVisibility(), setVisible = true, mCurclient = ClientState{72c9f06 uid=10786 pid=30149 displayId=0}
07-15 14:57:57.787  2465  5413 I WindowManager: WMS.showImePostLayout(), imeTarget = Window{f4b0a0b u0 eu.europa.ec.euidi/eu.europa.ec.assemblylogic.ui.MainActivity}
07-15 14:57:57.788  2465  2490 I ImeInsetsSourceProvider: ImeInsetsSourceProvider.scheduleShowImePostLayout() Run showImeRunner.
07-15 14:57:57.788  2465  2490 I ImeInsetsSourceProvider: ImeInsetsSourceProvider.scheduleShowImePostLayout() isReadyToShowIme.
07-15 14:57:57.790  2465 11379 I InputMethodManagerService: IMMS.applyImeVisibility(), setVisible = true, mCurclient = ClientState{72c9f06 uid=10786 pid=30149 displayId=0}
07-15 14:57:57.790  2465 11379 I WindowManager: WMS.showImePostLayout(), imeTarget = Window{f4b0a0b u0 eu.europa.ec.euidi/eu.europa.ec.assemblylogic.ui.MainActivity}
07-15 14:57:57.791  3586  3586 I OneHandedController: stopOneHanded mState=STATE_NONE, uiEvent=ONE_HANDED_TRIGGER_POP_IME_OUT
07-15 14:57:57.791  3586  3586 D OneHandedController: stopOneHanded state isTransitioning or STATE_NONE, mState = 0
07-15 14:57:57.791  2465  2490 I ImeInsetsSourceProvider: ImeInsetsSourceProvider.scheduleShowImePostLayout() Run showImeRunner.
07-15 14:57:57.791  2465  2490 I ImeInsetsSourceProvider: ImeInsetsSourceProvider.scheduleShowImePostLayout() isReadyToShowIme.
07-15 14:57:57.791  3586  3586 I OneHandedController: stopOneHanded mState=STATE_NONE, uiEvent=ONE_HANDED_TRIGGER_POP_IME_OUT
07-15 14:57:57.792  3586  3586 D OneHandedController: stopOneHanded state isTransitioning or STATE_NONE, mState = 0
07-15 14:57:57.798  2465  9588 D VibrationThread: Running complete vibration step on vibrator 0
07-15 14:57:57.798  2465  9588 D VibratorManagerService: Vibration 642 finished with status FINISHED
07-15 14:57:57.799  2465  6156 D VibratorManagerService: Vibration 642 on vibrator 0 complete, notifying thread
07-15 14:57:57.799  2465  6156 D VibrationThread: Vibration complete reported by vibrator 0
07-15 14:57:57.800  2465  9588 D VibrationThread: Turning off vibrator 0
07-15 14:57:57.800  2465  9588 D VibrationThread: FinishVibrateStep for effect #0
07-15 14:57:57.800  2465  9588 D VibratorManagerService: Vibrators released after finished vibration
07-15 14:57:58.046  2465  9591 D VibrationThread: StartVibrateStep for effect #0
07-15 14:57:58.046  2465  9591 D VibrationThread: Perform THUD on vibrator 0
07-15 14:57:58.103  2465  9591 D VibrationThread: Running complete vibration step on vibrator 0
07-15 14:57:58.103  2465  9591 D VibratorManagerService: Vibration 643 finished with status FINISHED
07-15 14:57:58.103  2465  5413 D VibratorManagerService: Vibration 643 on vibrator 0 complete, notifying thread
07-15 14:57:58.103  2465  5413 D VibrationThread: Vibration complete reported by vibrator 0
07-15 14:57:58.104  2465  9591 D VibrationThread: Turning off vibrator 0
07-15 14:57:58.105  2465  9591 D VibrationThread: FinishVibrateStep for effect #0
07-15 14:57:58.106  2465  9591 D VibratorManagerService: Vibrators released after finished vibration
07-15 14:57:58.166  2465  5413 E AutofillSession: Not starting a new partition on 1073741824:9727@1119444496 because session 1119444496 reached maximum of 10
07-15 14:57:58.179  2465  9597 D VibrationThread: StartVibrateStep for effect #0
07-15 14:57:58.179  2465  9597 D VibrationThread: Perform THUD on vibrator 0
07-15 14:57:58.191  2465  5413 I InputMethodManagerService: IMMS.showCurrentInputLocked(), curMethod = com.android.internal.view.IInputMethod$Stub$Proxy@c3cba68, flags = 0
07-15 14:57:58.191  2465  5413 D SmartPower.com.google.android.inputmethod.latin/10176(4876): show input method
07-15 14:57:58.191  2465  5413 I InputMethodManagerService: IMMS.showCurrentInputLocked request ims to show inputMethod.
07-15 14:57:58.200  2465  5413 I InputMethodManagerService: IMMS.showSoftInput(), client = com.android.internal.view.IInputMethodClient$Stub$Proxy@3172e4c
07-15 14:57:58.200  2465  5413 I InputMethodManagerService: IMMS.showCurrentInputLocked(), curMethod = com.android.internal.view.IInputMethod$Stub$Proxy@c3cba68, flags = 0
07-15 14:57:58.200  2465  5413 D SmartPower.com.google.android.inputmethod.latin/10176(4876): show input method
07-15 14:57:58.201  2465  5413 I InputMethodManagerService: IMMS.showCurrentInputLocked request ims to show inputMethod.
07-15 14:57:58.219  2465  5853 I InputMethodManagerService: IMMS.applyImeVisibility(), setVisible = true, mCurclient = ClientState{72c9f06 uid=10786 pid=30149 displayId=0}
07-15 14:57:58.219  2465  5853 I WindowManager: WMS.showImePostLayout(), imeTarget = Window{f4b0a0b u0 eu.europa.ec.euidi/eu.europa.ec.assemblylogic.ui.MainActivity}
07-15 14:57:58.220  2465  2490 I ImeInsetsSourceProvider: ImeInsetsSourceProvider.scheduleShowImePostLayout() Run showImeRunner.
07-15 14:57:58.220  2465  2490 I ImeInsetsSourceProvider: ImeInsetsSourceProvider.scheduleShowImePostLayout() isReadyToShowIme.
07-15 14:57:58.222  2465 11379 I InputMethodManagerService: IMMS.applyImeVisibility(), setVisible = true, mCurclient = ClientState{72c9f06 uid=10786 pid=30149 displayId=0}
07-15 14:57:58.222  2465 11379 I WindowManager: WMS.showImePostLayout(), imeTarget = Window{f4b0a0b u0 eu.europa.ec.euidi/eu.europa.ec.assemblylogic.ui.MainActivity}
07-15 14:57:58.223  2465  2490 I ImeInsetsSourceProvider: ImeInsetsSourceProvider.scheduleShowImePostLayout() Run showImeRunner.
07-15 14:57:58.223  2465  2490 I ImeInsetsSourceProvider: ImeInsetsSourceProvider.scheduleShowImePostLayout() isReadyToShowIme.
07-15 14:57:58.223  3586  3586 I OneHandedController: stopOneHanded mState=STATE_NONE, uiEvent=ONE_HANDED_TRIGGER_POP_IME_OUT
07-15 14:57:58.223  3586  3586 D OneHandedController: stopOneHanded state isTransitioning or STATE_NONE, mState = 0
07-15 14:57:58.225  3586  3586 I OneHandedController: stopOneHanded mState=STATE_NONE, uiEvent=ONE_HANDED_TRIGGER_POP_IME_OUT
07-15 14:57:58.225  3586  3586 D OneHandedController: stopOneHanded state isTransitioning or STATE_NONE, mState = 0
07-15 14:57:58.236  2465  5413 D VibratorManagerService: Vibration 644 on vibrator 0 complete, notifying thread
07-15 14:57:58.236  2465  9597 D VibrationThread: Running complete vibration step on vibrator 0
07-15 14:57:58.236  2465  5413 D VibrationThread: Vibration complete reported by vibrator 0
07-15 14:57:58.236  2465  9597 D VibratorManagerService: Vibration 644 finished with status FINISHED
07-15 14:57:58.237  2465  9597 D VibrationThread: Turning off vibrator 0
07-15 14:57:58.237  2465  9597 D VibrationThread: FinishVibrateStep for effect #0
07-15 14:57:58.237  2465  9597 D VibratorManagerService: Vibrators released after finished vibration
07-15 14:57:58.567  2465  9599 D VibrationThread: StartVibrateStep for effect #0
07-15 14:57:58.567  2465  9599 D VibrationThread: Perform THUD on vibrator 0
07-15 14:57:58.624  2465  5413 D VibratorManagerService: Vibration 645 on vibrator 0 complete, notifying thread
07-15 14:57:58.624  2465  5413 D VibrationThread: Vibration complete reported by vibrator 0
07-15 14:57:58.624  2465  9599 D VibrationThread: Running complete vibration step on vibrator 0
07-15 14:57:58.624  2465  9599 D VibratorManagerService: Vibration 645 finished with status FINISHED
07-15 14:57:58.625  2465  9599 D VibrationThread: Turning off vibrator 0
07-15 14:57:58.625  2465  9599 D VibrationThread: FinishVibrateStep for effect #0
07-15 14:57:58.626  2465  9599 D VibratorManagerService: Vibrators released after finished vibration
07-15 14:57:58.659  2465  6156 E AutofillSession: Not starting a new partition on 1073741824:9736@1119444496 because session 1119444496 reached maximum of 10
07-15 14:57:58.681  2465  6156 I InputMethodManagerService: IMMS.showCurrentInputLocked(), curMethod = com.android.internal.view.IInputMethod$Stub$Proxy@c3cba68, flags = 0
07-15 14:57:58.681  2465  6156 D SmartPower.com.google.android.inputmethod.latin/10176(4876): show input method
07-15 14:57:58.681  2465  6156 I InputMethodManagerService: IMMS.showCurrentInputLocked request ims to show inputMethod.
07-15 14:57:58.698  2465  6156 I InputMethodManagerService: IMMS.showSoftInput(), client = com.android.internal.view.IInputMethodClient$Stub$Proxy@b70356f
07-15 14:57:58.698  2465  6156 I InputMethodManagerService: IMMS.showCurrentInputLocked(), curMethod = com.android.internal.view.IInputMethod$Stub$Proxy@c3cba68, flags = 0
07-15 14:57:58.698  2465  6156 D SmartPower.com.google.android.inputmethod.latin/10176(4876): show input method
07-15 14:57:58.698  2465  6156 I InputMethodManagerService: IMMS.showCurrentInputLocked request ims to show inputMethod.
07-15 14:57:58.714  2465  6156 I InputMethodManagerService: IMMS.applyImeVisibility(), setVisible = true, mCurclient = ClientState{72c9f06 uid=10786 pid=30149 displayId=0}
07-15 14:57:58.714  2465  6156 I WindowManager: WMS.showImePostLayout(), imeTarget = Window{f4b0a0b u0 eu.europa.ec.euidi/eu.europa.ec.assemblylogic.ui.MainActivity}
07-15 14:57:58.715  2465  2490 I ImeInsetsSourceProvider: ImeInsetsSourceProvider.scheduleShowImePostLayout() Run showImeRunner.
07-15 14:57:58.715  2465  2490 I ImeInsetsSourceProvider: ImeInsetsSourceProvider.scheduleShowImePostLayout() isReadyToShowIme.
07-15 14:57:58.717  2465  5853 I InputMethodManagerService: IMMS.applyImeVisibility(), setVisible = true, mCurclient = ClientState{72c9f06 uid=10786 pid=30149 displayId=0}
07-15 14:57:58.717  2465  5853 I WindowManager: WMS.showImePostLayout(), imeTarget = Window{f4b0a0b u0 eu.europa.ec.euidi/eu.europa.ec.assemblylogic.ui.MainActivity}
07-15 14:57:58.718  2465  2490 I ImeInsetsSourceProvider: ImeInsetsSourceProvider.scheduleShowImePostLayout() Run showImeRunner.
07-15 14:57:58.718  2465  2490 I ImeInsetsSourceProvider: ImeInsetsSourceProvider.scheduleShowImePostLayout() isReadyToShowIme.
07-15 14:57:58.719  3586  3586 I OneHandedController: stopOneHanded mState=STATE_NONE, uiEvent=ONE_HANDED_TRIGGER_POP_IME_OUT
07-15 14:57:58.719  3586  3586 D OneHandedController: stopOneHanded state isTransitioning or STATE_NONE, mState = 0
07-15 14:57:58.721  3586  3586 I OneHandedController: stopOneHanded mState=STATE_NONE, uiEvent=ONE_HANDED_TRIGGER_POP_IME_OUT
07-15 14:57:58.721  3586  3586 D OneHandedController: stopOneHanded state isTransitioning or STATE_NONE, mState = 0
07-15 14:57:58.967  2465  9603 D VibrationThread: StartVibrateStep for effect #0
07-15 14:57:58.968  2465  9603 D VibrationThread: Perform THUD on vibrator 0
07-15 14:57:59.025  2465  5413 D VibratorManagerService: Vibration 646 on vibrator 0 complete, notifying thread
07-15 14:57:59.025  2465  9603 D VibrationThread: Running complete vibration step on vibrator 0
07-15 14:57:59.025  2465  5413 D VibrationThread: Vibration complete reported by vibrator 0
07-15 14:57:59.025  2465  9603 D VibratorManagerService: Vibration 646 finished with status FINISHED
07-15 14:57:59.026  2465  9603 D VibrationThread: Turning off vibrator 0
07-15 14:57:59.026  2465  9603 D VibrationThread: FinishVibrateStep for effect #0
07-15 14:57:59.027  2465  9603 D VibratorManagerService: Vibrators released after finished vibration
07-15 14:57:59.274  2465  2489 I WindowManager: input method visible height changed 0
07-15 14:57:59.274  2465  2480 I InputMethodManagerService: IMMS.showCurrentInputLocked(), curMethod = com.android.internal.view.IInputMethod$Stub$Proxy@c3cba68, flags = 0
07-15 14:57:59.274  2465  2480 D SmartPower.com.google.android.inputmethod.latin/10176(4876): show input method
07-15 14:57:59.274  2465  2480 I InputMethodManagerService: IMMS.showCurrentInputLocked request ims to show inputMethod.
07-15 14:57:59.277  2465  2969 D MiuiFreeFormGestureController: handleFreeFormReceiver intent=Intent { act=miui.intent.action.INPUT_METHOD_VISIBLE_HEIGHT_CHANGED flg=0x10 (has extras) }
07-15 14:57:59.294  2465  5413 I InputMethodManagerService: IMMS.applyImeVisibility(), setVisible = true, mCurclient = ClientState{72c9f06 uid=10786 pid=30149 displayId=0}
07-15 14:57:59.294  2465  5413 I WindowManager: WMS.showImePostLayout(), imeTarget = Window{f4b0a0b u0 eu.europa.ec.euidi/eu.europa.ec.assemblylogic.ui.MainActivity}
07-15 14:57:59.295  2465  2490 I ImeInsetsSourceProvider: ImeInsetsSourceProvider.scheduleShowImePostLayout() Run showImeRunner.
07-15 14:57:59.295  2465  2490 I ImeInsetsSourceProvider: ImeInsetsSourceProvider.scheduleShowImePostLayout() isReadyToShowIme.
07-15 14:57:59.300  2465  2489 I WindowManager: input method visible height changed 560
07-15 14:57:59.301  2465  5413 I InputMethodManagerService: IMMS.applyImeVisibility(), setVisible = false, mCurclient = ClientState{72c9f06 uid=10786 pid=30149 displayId=0}
07-15 14:57:59.302  2465  2969 D MiuiFreeFormGestureController: handleFreeFormReceiver intent=Intent { act=miui.intent.action.INPUT_METHOD_VISIBLE_HEIGHT_CHANGED flg=0x10 (has extras) }
07-15 14:57:59.306  3586  3586 I OneHandedController: stopOneHanded mState=STATE_NONE, uiEvent=ONE_HANDED_TRIGGER_POP_IME_OUT
07-15 14:57:59.306  3586  3586 D OneHandedController: stopOneHanded state isTransitioning or STATE_NONE, mState = 0
07-15 14:57:59.309  2465  2489 I WindowManager: input method visible height changed 0
07-15 14:57:59.310  2465  2969 D MiuiFreeFormGestureController: handleFreeFormReceiver intent=Intent { act=miui.intent.action.INPUT_METHOD_VISIBLE_HEIGHT_CHANGED flg=0x10 (has extras) }
07-15 14:57:59.314  2465  2480 I WindowManagerService: Physical orientation applied, rotation=0 sfOrientation=ORIENTATION_0
07-15 14:57:59.528  2465  6156 D PerfShielderService: eu.europa.ec.euidi|eu.europa.ec.euidi/eu.europa.ec.assemblylogic.ui.MainActivity|223|46865986231755|153|0|5
07-15 14:57:59.529  4932 24035 W MiuiPerfServiceClient: interceptAndQueuing:30149|eu.europa.ec.euidi|223|153|46865986231755|Slow main thread|5
07-15 14:58:00.627  2465  2482 I ActivityTaskManager: START u0 {act=android.intent.action.VIEW dat=https://walletcentric.signer.eudiw.dev/... cmp=com.android.chrome/com.google.android.apps.chrome.IntentDispatcher} from uid 10786 from pid 30149 callingPackage eu.europa.ec.euidi
07-15 14:58:00.629  2465  2482 I SmartPower.com.android.chrome:privileged_process0/10172(28829): background->invisible(15448ms) R(become foreground) adj=702.
07-15 14:58:00.629  2465  2482 I SmartPower.com.android.chrome/10172(27603): background->invisible(15448ms) R(become foreground) adj=702.
07-15 14:58:00.630  2465  2950 I SmartPower: com.android.chrome/10172 state=inactive adj=702 proc size=3 move to background become foreground
07-15 14:58:00.630  2465  2950 I SmartPower: com.google.android.ext.services/10213 state=inactive adj=100 proc size=2 move to background add to whitelist
