10-06 11:10:47.913  1902 23171 D WindowManager: Collecting in transition 237: Task{15a90b0 #109 type=standard I=com.android.chrome/com.google.android.apps.chrome.IntentDispatcher} init visibleRequested:false
10-06 11:10:47.914  1902 23171 D CompatibilityChangeReporter: Compat change id reported: 184838306; UID 10190; state: DISABLED
10-06 11:10:47.914  1902 23171 D CompatibilityChangeReporter: Compat change id reported: 185004937; UID 10190; state: DISABLED
10-06 11:10:47.917  1902 23171 D WindowManager: setLockTaskAuth: task=Task{15a90b0 #109 type=standard I=com.android.chrome/com.google.android.apps.chrome.IntentDispatcher} mLockTaskAuth=LOCK_TASK_AUTH_PINNABLE
10-06 11:10:47.917  1902 23171 D MiuiFreeFormManagerService: onStartActivityInner as = Task{15a90b0 #109 type=standard I=com.android.chrome/com.google.android.apps.chrome.IntentDispatcher} op = null
10-06 11:10:47.918  1902 23171 D ActivityTaskManager: Task#startActivityLocked isOrhasTask=true newTask=true
10-06 11:10:47.919  1902 23171 D ActivityTaskManager: Not add starting window, the reason is: windowIsTranslucent = true  windowIsFloating = false  this = ActivityRecord{7344bf3 u0 com.android.chrome/com.google.android.apps.chrome.IntentDispatcher t109}
10-06 11:10:47.920  1902 23171 D CompatibilityChangeReporter: Compat change id reported: 205907456; UID 10190; state: ENABLED
10-06 11:10:47.923  1902 23171 D WindowManager: Collecting in transition 237: ActivityRecord{7344bf3 u0 com.android.chrome/com.google.android.apps.chrome.IntentDispatcher t109} init visibleRequested:false
10-06 11:10:47.923  1902 23171 D WindowManager: Requesting StartTransition: TransitionRecord{c6b4eae id=237 type=OPEN flags=0x0}
10-06 11:10:47.923  1902 23171 I ActivityTaskManager: START u0 {act=android.intent.action.VIEW dat=https://dev.issuer.eudiw.dev/... flg=0x10000000 cmp=com.android.chrome/com.google.android.apps.chrome.IntentDispatcher} with LAUNCH_MULTIPLE from uid 10377 (BAL_ALLOW_VISIBLE_WINDOW) result code=0
10-06 11:10:47.925  2983  3075 I SoScUtils: monitorTransitionRequest mRequestOpenTransition:null mRequestOpenTriggerTask:-1 mRequestCloseTransition:null mRequestCloseTriggerTask:-1 mRequestCloseStageType:-1
10-06 11:10:47.926  1902  3385 D WindowManager: Set transition=TransitionRecord{c6b4eae id=237 type=OPEN flags=0x0}, ready=false, SyncId=237 used=true, override=false, defer=0, states=Display{#0 state=ON size=1080x2400 ROTATION_0}:false
10-06 11:10:47.926  2983  3075 D OneHandedController: stopOneHanded state is 0
10-06 11:10:47.926  2983  3075 D OneHandedController: stopOneHanded state is 0
10-06 11:10:47.926  1902  1938 D CompatibilityChangeReporter: Compat change id reported: 135634846; UID 10190; state: DISABLED
10-06 11:10:47.926  1902 22425 D WindowManager: Collecting in transition 237: ActivityRecord{7344bf3 u0 com.android.chrome/com.google.android.apps.chrome.IntentDispatcher t109} init visibleRequested:false
10-06 11:10:47.927  1902  1955 D CompatibilityChangeReporter: Compat change id reported: 143937733; UID 10190; state: ENABLED
10-06 11:10:47.934  1902  1955 I ActivityManager: Start proc 29804:com.android.chrome/u0a190 for next-top-activity {com.android.chrome/com.google.android.apps.chrome.IntentDispatcher} caller=eu.europa.ec.euidi.dev
10-06 11:10:47.951  1902  3385 I SmartPower: com.android.chrome/10190(29804): died->invisible(9088ms) R(process start ) adj=-10000.
10-06 11:10:47.952  1902  3385 D CompatibilityChangeReporter: Compat change id reported: 168419799; UID 10190; state: DISABLED
10-06 11:10:47.952  1902  3385 D CompatibilityChangeReporter: Compat change id reported: 273564678; UID 10190; state: DISABLED
10-06 11:10:47.952  1902  3385 W MiuiBoosterUtils: enable_miuibooster_launch : false
10-06 11:10:47.953  1902  3385 D WindowManager: Collecting in transition 237: ActivityRecord{7344bf3 u0 com.android.chrome/com.google.android.apps.chrome.IntentDispatcher t109} init visibleRequested:true
10-06 11:10:47.953  1902  3385 D WindowManagerService: checkFlipFullScreenChange is same, nowIsFullScreen = false
10-06 11:10:47.954  1902  3385 W WindowManager: Changing focus from Window{1e29732 u0 eu.europa.ec.euidi.dev/eu.europa.ec.assemblylogic.ui.MainActivity} to null displayId=0 Callers=com.android.server.wm.RootWindowContainer.updateFocusedWindowLocked:557 com.android.server.wm.WindowManagerService.updateFocusedWindowLocked:6962 com.android.server.wm.ActivityTaskManagerService.setLastResumedActivityUncheckLocked:5565 com.android.server.wm.ActivityTaskSupervisor.updateTopResumedActivityIfNeeded:2557 
10-06 11:10:47.954  1902  3385 D WindowManager: wms.Input focus has changed to null display=0 updateInputWindows = true
10-06 11:10:47.954  1902  3385 I MultiSenceManagerInternalStub: getInstance
10-06 11:10:47.955  1902  3385 D WindowManager: Collecting in transition 237: ActivityRecord{7344bf3 u0 com.android.chrome/com.google.android.apps.chrome.IntentDispatcher t109} init visibleRequested:true
10-06 11:10:47.955  1902  3385 D WindowManager: Set transition=TransitionRecord{c6b4eae id=237 type=OPEN flags=0x0}, ready=true, SyncId=237 
10-06 11:10:47.958  1902  2323 D CompatibilityChangeReporter: Compat change id reported: 265195908; UID 10190; state: ENABLED
10-06 11:10:47.959  1902  1939 I BLASTSyncEngine: SyncGroup 237:  Unfinished container:ActivityRecord{7344bf3 u0 com.android.chrome/com.google.android.apps.chrome.IntentDispatcher t109}
10-06 11:10:47.959  1902  1939 I BLASTSyncEngine: isActivitySyncFinished isSyncFinished false ActivityRecord{7344bf3 u0 com.android.chrome/com.google.android.apps.chrome.IntentDispatcher t109}
10-06 11:10:47.959  2983  3075 D MiuiFullScreenTaskRepository: removeFocusedTask displayId=0
10-06 11:10:47.959  2983  3075 D MiuiFullScreenTaskRepository: addOrUpdateFullScreenTaskInfo taskId=108, topActivity=ComponentInfo{eu.europa.ec.euidi.dev/eu.europa.ec.assemblylogic.ui.MainActivity}
10-06 11:10:47.961  1902  1936 E MBrainLocalService: MBrainJava launch failed: SecurityException
10-06 11:10:47.961  1902  2600 D isUidValid: uid = 10190
10-06 11:10:47.961  1902  1936 D Aurogon :  uid = 10190 switch to FG
10-06 11:10:47.962  1902 22425 D CompatibilityChangeReporter: Compat change id reported: 170503758; UID 10190; state: ENABLED
10-06 11:10:47.993  1902 23171 I ActivityManager: Flag disabled. Ignoring finishAttachApplication from uid: 10190. pid: 29804
10-06 11:10:47.997  1902 22425 D CompatibilityChangeReporter: Compat change id reported: 161145287; UID 10190; state: ENABLED
10-06 11:10:48.011  1902 22425 D CompatibilityChangeReporter: Compat change id reported: 259743961; UID 10190; state: ENABLED
10-06 11:10:48.013  1902 22425 D WindowManager: Collecting in transition 237: ActivityRecord{c93736a u0 com.android.chrome/org.chromium.chrome.browser.ChromeTabbedActivity init visibleRequested:false
10-06 11:10:48.014  1902 22425 D MiuiFreeFormManagerService: activeOrFullscreenFreeformTaskIfNeed startDefaultAr:false
10-06 11:10:48.015  2983  3075 D OneHandedController: stopOneHanded state is 0
10-06 11:10:48.016  1902 22425 D WindowManager: setLockTaskAuth: task=Task{5eea05b #110 type=standard A=10190:com.android.chrome} mLockTaskAuth=LOCK_TASK_AUTH_PINNABLE
10-06 11:10:48.016  1902 22425 D WindowManager: Collecting in transition 237: Task{5eea05b #110 type=standard A=10190:com.android.chrome} init visibleRequested:false
10-06 11:10:48.017  1902 22425 D WindowManager: setLockTaskAuth: task=Task{5eea05b #110 type=standard A=10190:com.android.chrome} mLockTaskAuth=LOCK_TASK_AUTH_PINNABLE
10-06 11:10:48.017  1902 22425 D MiuiFreeFormManagerService: onStartActivityInner as = Task{5eea05b #110 type=standard A=10190:com.android.chrome} op = null
10-06 11:10:48.018  1902 22425 D ActivityTaskManager: Task#startActivityLocked isOrhasTask=true newTask=true
10-06 11:10:48.020  1902 22425 D WindowManager: Set transition=TransitionRecord{c6b4eae id=237 type=OPEN flags=0x0}, ready=false, SyncId=237 used=true, override=false, defer=0, states=Display{#0 state=ON size=1080x2400 ROTATION_0}:false
10-06 11:10:48.021  1902 22425 D WindowManager: Collecting in transition 237: ActivityRecord{c93736a u0 com.android.chrome/org.chromium.chrome.browser.ChromeTabbedActivity t110} init visibleRequested:false
10-06 11:10:48.021  1902 22425 D WindowManager: Set transition=TransitionRecord{c6b4eae id=237 type=OPEN flags=0x0}, ready=false, SyncId=237 used=true, override=false, defer=0, states=Display{#0 state=ON size=1080x2400 ROTATION_0}:false
10-06 11:10:48.022  1902  1902 D MBrainLocalService: isVendorFreezeConditionPass is false
10-06 11:10:48.022  1902  1902 E MBrainLocalService: notifyAppSwitch failed
10-06 11:10:48.023  1902 22425 I ActivityTaskManager: START u0 {act=android.intent.action.VIEW dat=https://dev.issuer.eudiw.dev/... flg=0x14002000 cmp=com.android.chrome/org.chromium.chrome.browser.ChromeTabbedActivity (has extras)} with LAUNCH_SINGLE_INSTANCE_PER_TASK from uid 10190 (BAL_ALLOW_VISIBLE_WINDOW) result code=0
10-06 11:10:48.023  1902 22425 D MiuiSoScManagerStub: supportSoScMinimizedMode:true
10-06 11:10:48.023  1902 22425 D MiuiSoScManagerStub: taskInSoScFullMode:false
10-06 11:10:48.023  1902 22425 D MiuiFreeFormGestureController: deliverResultForFinishActivity resultTo: null resultFrom: ActivityRecord{7344bf3 u0 com.android.chrome/com.google.android.apps.chrome.IntentDispatcher t109 f}} isInVideoOrGameScene: false intent: Intent { act=android.intent.action.VIEW dat=https://dev.issuer.eudiw.dev/... flg=0x10800000 cmp=com.android.chrome/com.google.android.apps.chrome.IntentDispatcher }
10-06 11:10:48.023  1902 22425 D WindowManager: Collecting in transition 237: Task{15a90b0 #109 type=standard I=com.android.chrome/com.google.android.apps.chrome.IntentDispatcher} init visibleRequested:true
10-06 11:10:48.026  2983  3075 D OneHandedController: stopOneHanded state is 0
10-06 11:10:48.026  2983  3075 D OneHandedController: stopOneHanded state is 0
10-06 11:10:48.026  1902 23171 D CompatibilityChangeReporter: Compat change id reported: 261072174; UID 10190; state: ENABLED
10-06 11:10:48.027  1902 23171 D SchedBoost: com.android.chrome boosting, skip reset priority
10-06 11:10:48.028  2983  3147 D TaskSnapshot_Helper: SYS is normal.
10-06 11:10:48.030  2983  4221 D MiuiFreeformModeObserver: activityResumed() intent： Intent { cmp=com.android.chrome/org.chromium.chrome.browser.document.ChromeLauncherActivity (has extras) }
10-06 11:10:48.035  1902 23259 D WindowManager: Collecting in transition 237: ActivityRecord{7344bf3 u0 com.android.chrome/com.google.android.apps.chrome.IntentDispatcher t109 f}} init visibleRequested:true
10-06 11:10:48.036  1902 23259 D WindowManager: Collecting in transition 237: ActivityRecord{c93736a u0 com.android.chrome/org.chromium.chrome.browser.ChromeTabbedActivity t110} init visibleRequested:false
10-06 11:10:48.036  1902 23259 D WindowManager: Collecting in transition 237: ActivityRecord{3eeae6e u0 eu.europa.ec.euidi.dev/eu.europa.ec.assemblylogic.ui.MainActivity t108} init visibleRequested:true
10-06 11:10:48.037  1902 23259 D WindowManager: Collecting in transition 237: ActivityRecord{c93736a u0 com.android.chrome/org.chromium.chrome.browser.ChromeTabbedActivity t110} init visibleRequested:true
10-06 11:10:48.038  1902 23259 D WindowManagerService: checkFlipFullScreenChange is same, nowIsFullScreen = false
10-06 11:10:48.039  1902 23259 D WindowManager: Collecting in transition 237: ActivityRecord{c93736a u0 com.android.chrome/org.chromium.chrome.browser.ChromeTabbedActivity t110} init visibleRequested:true
10-06 11:10:48.040  1902 23259 D WindowManager: Set transition=TransitionRecord{c6b4eae id=237 type=OPEN flags=0x0}, ready=true, SyncId=237 
10-06 11:10:48.042  1902 23259 I BLASTSyncEngine: SyncGroup 237:  Unfinished container:ActivityRecord{c93736a u0 com.android.chrome/org.chromium.chrome.browser.ChromeTabbedActivity t110}
10-06 11:10:48.042  1902 23259 I BLASTSyncEngine: isActivitySyncFinished isSyncFinished false ActivityRecord{c93736a u0 com.android.chrome/org.chromium.chrome.browser.ChromeTabbedActivity t110}
10-06 11:10:48.051  1902  1936 E MBrainLocalService: MBrainJava launch failed: SecurityException
10-06 11:10:48.052  1902  1936 E MBrainLocalService: MBrainJava launch failed: SecurityException
10-06 11:10:48.053  1902  3385 I BLASTSyncEngine: SyncGroup 237:  Unfinished container:ActivityRecord{c93736a u0 com.android.chrome/org.chromium.chrome.browser.ChromeTabbedActivity t110}
10-06 11:10:48.053  1902  3385 I BLASTSyncEngine: isActivitySyncFinished isSyncFinished false ActivityRecord{c93736a u0 com.android.chrome/org.chromium.chrome.browser.ChromeTabbedActivity t110}
10-06 11:10:48.055  1902  1902 D MBrainLocalService: isVendorFreezeConditionPass is false
10-06 11:10:48.055  1902  1902 E MBrainLocalService: notifyAppSwitch failed
10-06 11:10:48.061  1902 22425 W WindowManager: finishDrawingWindow: Window{b63b209 u0 Splash Screen com.android.chrome} mDrawState=DRAW_PENDING
10-06 11:10:48.062  1902  1939 D WindowManager: Set transition=TransitionRecord{c6b4eae id=237 type=OPEN flags=0x0}, ready=true, SyncId=237 
10-06 11:10:48.063  1902  1939 I SmartPower: com.android.chrome/10190(29804): invisible->visible(112ms) R(become visible) adj=0.
10-06 11:10:48.063  1902  1939 W WindowManager: real show surface:Surface(name=Splash Screen com.android.chrome#3805)/@0xea33ee6
10-06 11:10:48.064  1902  1939 D WindowManager: Final targets: [Task{5eea05b #110 type=standard A=10190:com.android.chrome}, Task{cd9f90f #108 type=standard A=10377:eu.europa.ec.euidi.dev}]
10-06 11:10:48.076  1902  1939 D WindowManager: snapshot isNothing = false source = Task{cd9f90f #108 type=standard A=10377:eu.europa.ec.euidi.dev}
10-06 11:10:48.077  1902  1939 D WindowManager: Calling onTransitionReady info={id=237 t=OPEN f=0x0 trk=0 r=[0@Point(0, 0)] c=[{WCT{RemoteToken{f4b683b Task{5eea05b #110 type=standard A=10190:com.android.chrome}}} m=OPEN f=MOVE_TO_TOP leash=Surface(name=Task=110#3802)/@0xa8144be sb=Rect(0, 0 - 1080, 2400) eb=Rect(0, 0 - 1080, 2400) d=0},{WCT{RemoteToken{7d05fa0 Task{cd9f90f #108 type=standard A=10377:eu.europa.ec.euidi.dev}}} m=TO_BACK f=NONE leash=Surface(name=Task=108#3780)/@0x998425d sb=Rect(0, 0 - 1080, 2400) eb=Rect(0, 0 - 1080, 2400) d=0}] noAni=[false] df=[false] mk=[true] nc=[0] oa=[false]}, mToken=Token{57f8b58 TransitionRecord{c6b4eae id=237 type=OPEN flags=0x0}}
10-06 11:10:48.078  1902  1939 I BLASTSyncEngine: finishNow: after onTransactionReady, mSyncId=237
10-06 11:10:48.079  2983  3075 D MiuiFreeformAnimation: startAnimation change: {WCT{android.window.IWindowContainerToken$Stub$Proxy@36c47ef} m=OPEN f=MOVE_TO_TOP leash=Surface(name=Task=110#3802)/@0x160b9d0 sb=Rect(0, 0 - 1080, 2400) eb=Rect(0, 0 - 1080, 2400) d=0} info.getType(): 1
10-06 11:10:48.079  2983  3075 I MiuiFreeformAnimation: isLaunchWidgetPicker=false,taskInfo.getWindowingMode()=1, taskInfo.getActivityType()=1
10-06 11:10:48.079  2983  3075 D MiuiFreeformAnimation: startAnimation change: {WCT{android.window.IWindowContainerToken$Stub$Proxy@4dfa2fc} m=TO_BACK f=NONE leash=Surface(name=Task=108#3780)/@0x5acadc9 sb=Rect(0, 0 - 1080, 2400) eb=Rect(0, 0 - 1080, 2400) d=0} info.getType(): 1
10-06 11:10:48.079  2983  3075 W MiuiTaskTransitionHandler: Receive an unknown transition, token=android.os.BinderProxy@7534da3, type=1
10-06 11:10:48.079  2983  3075 D TransitionAnimationHelper:  load default animation  type = 1 enter = false animAttr = 9 isTask = true translucent = false
10-06 11:10:48.080  2983  3075 D TransitionAnimationHelper:  load default animation  type = 1 enter = true animAttr = 8 isTask = true translucent = false
10-06 11:10:48.080  2983  3092 D ShellTransitions: speed ui!!!!!!!!!!!
10-06 11:10:48.081  2983  3075 D MiuiFullScreenTaskRepository: setFocusedTask taskId=110, displayId=0, topActivity=ComponentInfo{com.android.chrome/org.chromium.chrome.browser.ChromeTabbedActivity}
10-06 11:10:48.081  2983  3075 D MiuiFullScreenTaskRepository: addOrUpdateFullScreenTaskInfo taskId=110, topActivity=ComponentInfo{com.android.chrome/org.chromium.chrome.browser.ChromeTabbedActivity}
10-06 11:10:48.087  2983  3075 D SoScUtils: monitorTransitionFinished transition:android.os.BinderProxy@7534da3 transaction: android.view.SurfaceControl$Transaction@75ab83d mRequestCloseTransition:null mRequestOpenTransition:null mPairsOpenTransition:null mPairsOpenTransitionNull:null mRequestOpenTriggerTask:-1 mRequestCloseTriggerTask:-1 mOrientationTransition: null mMainStartingTask:-1 mSideStartingTask:-1
10-06 11:10:48.100  2983  3075 D MiuiFullScreenTaskRepository: setFocusedTask taskId=110, displayId=0, topActivity=ComponentInfo{com.android.chrome/org.chromium.chrome.browser.ChromeTabbedActivity}
10-06 11:10:48.100  2983  3075 D MiuiFullScreenTaskRepository: addOrUpdateFullScreenTaskInfo taskId=110, topActivity=ComponentInfo{com.android.chrome/org.chromium.chrome.browser.ChromeTabbedActivity}
10-06 11:10:48.100  2983  3075 D MiuiDesktopModeController: onFocusTaskChanged newFocus: TaskInfo{userId=0 taskId=110 displayId=0 isRunning=true baseIntent=Intent { act=android.intent.action.VIEW dat=https://dev.issuer.eudiw.dev/... flg=0x14002000 cmp=com.android.chrome/org.chromium.chrome.browser.ChromeTabbedActivity } baseActivity=ComponentInfo{com.android.chrome/org.chromium.chrome.browser.ChromeTabbedActivity} topActivity=ComponentInfo{com.android.chrome/org.chromium.chrome.browser.ChromeTabbedActivity} origActivity=null realActivity=ComponentInfo{com.android.chrome/org.chromium.chrome.browser.ChromeTabbedActivity} numActivities=1 lastActiveTime=549318723 supportsSplitScreenMultiWindow=true supportsMultiWindow=true resizeMode=2 isResizeable=true minWidth=-1 minHeight=-1 defaultMinSize=200 token=WCT{android.window.IWindowContainerToken$Stub$Proxy@1f13832} topActivityType=1 pictureInPictureParams=null shouldDockBigOverlays=false launchIntoPipHostTaskId=-1 lastParentTaskIdBeforePip=-1 displayCutoutSafeInsets=Rect(0, 94 - 0, 0) topActivityInfo=ActivityInfo{b805983 org.chromium.chrome.browser.ChromeTabbedActivity} launchCookies=[] positionInParent=Point(0, 0) parentTaskId=-1 isFocused=true isVisible=true isVisibleRequested=true isSleeping=false topActivityInSizeCompat=false topActivityEligibleForLetterboxEducation= false topActivityLetterboxed= false isFromDoubleTap= false topActivityLetterboxVerticalPosition= -1 topActivityLetterboxHorizontalPosition= -1 topActivityLetterboxWidth=-1 topActivityLetterboxHeight=-1 locusId=null displayAreaFeatureId=1 cameraCompatControlState=hidden mIsCastMode=false mTopActivityMediaSize=null mTopActivityRecordName=ActivityRecord{c93736a u0 com.android.chrome/org.chromium.chrome.browser.ChromeTabbedActivity t110} mTopActivityOrientation=-1 mTopActivityWindowIsNowVisible=false isTranslucent=false isEmbedded=false shouldBeVisible=true isImmersive=false mBehindAppLockPkg=null mOriginatingUid=0}
10-06 11:10:48.100  2983  3075 D MiuiFreeformModeController: onFocusTaskChanged taskInfo: TaskInfo{userId=0 taskId=110 displayId=0 isRunning=true baseIntent=Intent { act=android.intent.action.VIEW dat=https://dev.issuer.eudiw.dev/... flg=0x14002000 cmp=com.android.chrome/org.chromium.chrome.browser.ChromeTabbedActivity } baseActivity=ComponentInfo{com.android.chrome/org.chromium.chrome.browser.ChromeTabbedActivity} topActivity=ComponentInfo{com.android.chrome/org.chromium.chrome.browser.ChromeTabbedActivity} origActivity=null realActivity=ComponentInfo{com.android.chrome/org.chromium.chrome.browser.ChromeTabbedActivity} numActivities=1 lastActiveTime=549318723 supportsSplitScreenMultiWindow=true supportsMultiWindow=true resizeMode=2 isResizeable=true minWidth=-1 minHeight=-1 defaultMinSize=200 token=WCT{android.window.IWindowContainerToken$Stub$Proxy@1f13832} topActivityType=1 pictureInPictureParams=null shouldDockBigOverlays=false launchIntoPipHostTaskId=-1 lastParentTaskIdBeforePip=-1 displayCutoutSafeInsets=Rect(0, 94 - 0, 0) topActivityInfo=ActivityInfo{b805983 org.chromium.chrome.browser.ChromeTabbedActivity} launchCookies=[] positionInParent=Point(0, 0) parentTaskId=-1 isFocused=true isVisible=true isVisibleRequested=true isSleeping=false topActivityInSizeCompat=false topActivityEligibleForLetterboxEducation= false topActivityLetterboxed= false isFromDoubleTap= false topActivityLetterboxVerticalPosition= -1 topActivityLetterboxHorizontalPosition= -1 topActivityLetterboxWidth=-1 topActivityLetterboxHeight=-1 locusId=null displayAreaFeatureId=1 cameraCompatControlState=hidden mIsCastMode=false mTopActivityMediaSize=null mTopActivityRecordName=ActivityRecord{c93736a u0 com.android.chrome/org.chromium.chrome.browser.ChromeTabbedActivity t110} mTopActivityOrientation=-1 mTopActivityWindowIsNowVisible=false isTranslucent=false isEmbedded=false shouldBeVisible=true isImmersive=false mBehindAppLockPkg=null mOriginatingUid=0}
10-06 11:10:48.100  2983  3075 D MiuiFullScreenTaskRepository: addOrUpdateFullScreenTaskInfo taskId=108, topActivity=ComponentInfo{eu.europa.ec.euidi.dev/eu.europa.ec.assemblylogic.ui.MainActivity}
10-06 11:10:48.103  1902  2776 I WindowManager: cancelAnimation removed leash : Surface(name=Surface(name=81266ae StatusBar#86)/@0xb48dfdc - animation-leash of insets_animation#3792)/@0xacc79d7
10-06 11:10:48.105  1902  2776 I WindowManager: cancelAnimation removed leash : Surface(name=Surface(name=db27a2 NavigationBar0#82)/@0xc1acbf0 - animation-leash of insets_animation#3799)/@0x156b55f
10-06 11:10:48.110 29804 29804 D MiuiMultiWindowUtils: freeform resolution args raw data:{  "wide_default":{    "freeform_args": {        "vertical_portrait":{"aspect_ratio":0.626, "original_ratio":0.5643,"original_scale":0.74,"top_margin":0.168,"left_margin":0.484},        "horizontal_portrait":{"aspect_ratio":0.626, "original_ratio":0.5643,"original_scale":0.74,"top_margin":0.1222,"left_margin":0.59745},        "vertical_landscape":{"aspect_ratio":1.6, "original_ratio":1,"original_scale":0.604,"top_margin":0.2596,"left_margin":0.2624},        "horizontal_landscape":{"aspect_ratio":1.6, "original_ratio":1,"original_scale":0.604,"top_margin":0.213,"left_margin":0.3758}    },    "mini_freeform_args":{        "vertical_portrait":{"original_ratio":0.147},        "horizontal_portrait":{"original_ratio":0.147},        "vertical_landscape":{"original_ratio":0.165},        "horizontal_landscape":{"original_ratio":0.165}    }  },  "narrow_default": {    "freeform_args": {        "vertical_portrait":{"aspect_ratio":0.626, "original_ratio":1,"original_scale":0.74,"top_margin":0.0753,"left_margin":-1},        "horizontal_portrait":{"aspect_ratio":0.626, "original_ratio":1,"original_scale":0.5756,"top_margin":-1,"left_margin":0.0753},        "vertical_landscape":{"aspect_ratio":1.6, "original_ratio":0.6847,"original_scale":0.587,"top_margin":0.0753,"left_margin":-1},        "horizontal_landscape":{"aspect_ratio":1.6, "original_ratio":0.6847,"original_scale":0.587,"top_margin":-1,"left_margin":0.0753}    },    "mini_freeform_args":{        "vertical_portrait":{"original_ratio":0.26},        "horizontal_portrait":{"original_ratio":0.26},        "vertical_landscape":{"original_ratio":0.293},        "horizontal_landscape":{"original_ratio":0.293}    }  },  "regular_default": {    "freeform_args": {      "vertical_portrait":{"aspect_ratio":0.625, "original_ratio":1,"original_scale":0.7,"top_margin":0.109,"left_margin":-1},      "horizontal_portrait":{"aspect_ratio":0.6667, "original_ratio":1,"original_scale":0.6102,"top_margin":-1,"left_margin":0.026},      "vertical_landscape":{"aspect_ratio":1.6, "original_ratio":1,"original_scale":0.4244,"top_margin":0.109,"left_margin":-1},      "horizontal_landscape":{"aspect_ratio":1.6, "original_ratio":1,"original_scale":0.4244,"top_margin":-1,"left_margin":0.026}    },    "mini_freeform_args":{      "vertical_portrait":{"original_ratio":0.25},      "horizontal_portrait":{"original_ratio":0.25},      "vertical_landscape":{"original_ratio":0.25},      "horizontal_landscape":{"original_ratio":0.25}    }  },  "pad_default": {    "freeform_args": {      "vertical_portrait":{"aspect_ratio":0.5625, "original_ratio":0.375,"original_scale":0.835,"top_margin":0.049,"left_margin":0.2775},      "horizontal_portrait":{"aspect_ratio":0.5625, "original_ratio":0.375,"original_scale":0.835,"top_margin":-1,"left_margin":0.6525},      "vertical_landscape":{"aspect_ratio":-1, "original_ratio":1,"original_scale":0.468,"top_margin":0.049,"left_margin":-1},      "horizontal_landscape":{"aspect_ratio":-1, "original_ratio":1,"original_scale":0.468,"top_margin":-1,"left_margin":0.4976}    },    "mini_freeform_args":{      "vertical_portrait":{"original_ratio":0.144},      "horizontal_portrait":{"original_ratio":0.144},      "vertical_landscape":{"original_ratio":0.2},      "horizontal_landscape":{"original_ratio":0.2}    }  }}
10-06 11:10:48.111 29804 29804 D MiuiMultiWindowUtils: initFreeFormResolutionArgs failed, device is rubypro
10-06 11:10:48.121  1902  1902 D MBrainLocalService: isVendorFreezeConditionPass is false
10-06 11:10:48.121  1902  1902 E MBrainLocalService: notifyAppSwitch failed
10-06 11:10:48.148 29804 29804 D MbrainDebugManagerImpl: getService failed
10-06 11:10:48.169 29804 29804 D FramePredict: FramePredict init: false
10-06 11:10:48.169 29804 29804 D FramePredict: init success
10-06 11:10:48.170  1902 22425 W ActivityManager: Permission Denial: getCurrentUser() from pid=29804, uid=10190 requires android.permission.INTERACT_ACROSS_USERS
10-06 11:10:48.170 29804 29850 E FramePredict: registerContentObserver fail
10-06 11:10:48.179  2983  3075 D MiuiFullScreenTaskRepository: setFocusedTask taskId=110, displayId=0, topActivity=ComponentInfo{com.android.chrome/org.chromium.chrome.browser.ChromeTabbedActivity}
10-06 11:10:48.179  2983  3075 D MiuiFullScreenTaskRepository: addOrUpdateFullScreenTaskInfo taskId=110, topActivity=ComponentInfo{com.android.chrome/org.chromium.chrome.browser.ChromeTabbedActivity}
10-06 11:10:48.180  2983  4706 D MiuiFreeformModeObserver: activityResumed() intent： Intent { cmp=com.android.chrome/org.chromium.chrome.browser.ChromeTabbedActivity (has extras) }
10-06 11:10:48.183  1902 22425 D CoreBackPreview: Window{22395b8 u0 com.android.chrome/org.chromium.chrome.browser.ChromeTabbedActivity}: Setting back callback OnBackInvokedCallbackInfo{mCallback=android.window.IOnBackInvokedCallback$Stub$Proxy@6f822f7, mPriority=-1, mIsAnimationCallback=false}
10-06 11:10:48.186  1902 23259 I SmartPower: com.android.chrome:sandboxed_process0:org.chromium.content.app.SandboxedProcessSer-1->background(0ms) R(become background) adj=-10000.
10-06 11:10:48.187  1902  1955 D CompatibilityChangeReporter: Compat change id reported: 143937733; UID 10190; state: ENABLED
10-06 11:10:48.187  1902  1955 D CompatibilityChangeReporter: Compat change id reported: 135634846; UID 10190; state: DISABLED
10-06 11:10:48.187  1902  1955 D CompatibilityChangeReporter: Compat change id reported: 207557677; UID 10190; state: ENABLED
10-06 11:10:48.191  1902 23259 W WindowManager: Changing focus from null to Window{22395b8 u0 com.android.chrome/org.chromium.chrome.browser.ChromeTabbedActivity} displayId=0 Callers=com.android.server.wm.RootWindowContainer.updateFocusedWindowLocked:557 com.android.server.wm.WindowManagerService.updateFocusedWindowLocked:6962 com.android.server.wm.WindowManagerService.relayoutWindow:2951 com.android.server.wm.Session.relayout:266 
10-06 11:10:48.191  1902 23259 I WindowManager: cancelAnimation removed leash : Surface(name=Surface(name=81266ae StatusBar#86)/@0xb48dfdc - animation-leash of insets_animation#3809)/@0x3bef09c
10-06 11:10:48.192  1902 23259 I WindowManager: cancelAnimation removed leash : Surface(name=Surface(name=db27a2 NavigationBar0#82)/@0xc1acbf0 - animation-leash of insets_animation#3810)/@0x4a29e7a
10-06 11:10:48.193  1902 23259 D WindowManager: wms.Input focus has changed to Window{22395b8 u0 com.android.chrome/org.chromium.chrome.browser.ChromeTabbedActivity} display=0 updateInputWindows = true
10-06 11:10:48.193  1902 23259 I MultiSenceManagerInternalStub: getInstance
10-06 11:10:48.193  1902 23259 I WindowManager: Relayout Window{22395b8 u0 com.android.chrome/org.chromium.chrome.browser.ChromeTabbedActivity}: oldVis=4 newVis=0 focusMayChange = true requestedWidth = 1080 requestedHeight = 2400 outFrames = ClientWindowFrames{frame=[0,0][1080,2400] display=[0,0][1080,2400] parentFrame=[0,0][0,0]} outSurfaceControl = Surface(name=com.android.chrome/org.chromium.chrome.browser.ChromeTabbedActivity#3812)/@0x4eec60b
10-06 11:10:48.240  1902 23259 W WindowManager: finishDrawingWindow: Window{22395b8 u0 com.android.chrome/org.chromium.chrome.browser.ChromeTabbedActivity} mDrawState=DRAW_PENDING
10-06 11:10:48.240  1902 23259 D WindowManager: wms.finishDrawingLocked: mDrawState=COMMIT_DRAW_PENDING Window{22395b8 u0 com.android.chrome/org.chromium.chrome.browser.ChromeTabbedActivity} in Surface(name=com.android.chrome/org.chromium.chrome.browser.ChromeTabbedActivity#3812)/@0xeff26ce
10-06 11:10:48.242  1902  1939 D TaskSnapshot_Helper: shouldDelay()... Not launched by home, no delay needed.
10-06 11:10:48.245  1902  1939 W WindowManager: real show surface:Surface(name=com.android.chrome/org.chromium.chrome.browser.ChromeTabbedActivity#3812)/@0xeff26ce
10-06 11:10:48.271  1902  1939 D WindowManager: setParent old=ActivityRecord{c93736a u0 com.android.chrome/org.chromium.chrome.browser.ChromeTabbedActivity t110},new=null,this window=Window{b63b209 u0 Splash Screen com.android.chrome},callers=com.android.server.wm.WindowContainer.removeChild:840 com.android.server.wm.ActivityRecord.removeChild:5227 com.android.server.wm.ActivityRecord.removeChild:470 com.android.server.wm.WindowContainer.removeImmediately:898 com.android.server.wm.WindowState.removeImmediately:2538 com.android.server.wm.WindowState.destroySurface:3654 
10-06 11:10:48.279  1902  1936 D Aurogon :  uid = 10377 switch to BG
10-06 11:10:48.280  1902  2600 D isUidValid: uid = 10377
10-06 11:10:48.284  1902  2323 D CompatibilityChangeReporter: Compat change id reported: 265195908; UID 10377; state: ENABLED
10-06 11:10:48.325  1902  2620 I SmartPower: com.google.android.adservices.api/10307(31554): idle->background(512ms) R(add to whitelist) adj=100.
10-06 11:10:48.331  1902  1955 W ActivityManager: Slow operation: 145ms so far, now at startProcess: returned from zygote!
10-06 11:10:48.331  1902  1955 W ActivityManager: Slow operation: 145ms so far, now at startProcess: done updating battery stats
10-06 11:10:48.332  1902  1955 W ActivityManager: Slow operation: 146ms so far, now at startProcess: building log message
10-06 11:10:48.332  1902  1955 I ActivityManager: Start proc 29911:com.android.chrome:sandboxed_process0:org.chromium.content.app.SandboxedProcessService0:0/u0ai0 for  {com.android.chrome/org.chromium.content.app.SandboxedProcessService0:0} caller=com.android.chrome
10-06 11:10:48.332  1902  1955 W ActivityManager: Slow operation: 146ms so far, now at startProcess: starting to update pids map
10-06 11:10:48.332  1902  1955 W ActivityManager: Slow operation: 146ms so far, now at startProcess: done updating pids map
10-06 11:10:48.350  1902  1955 I ActivityManager: Start proc 29913:com.android.chrome:privileged_process0/u0a190 for service {com.android.chrome/org.chromium.content.app.PrivilegedProcessService0} caller=com.android.chrome
10-06 11:10:48.353  1902 23259 D CompatibilityChangeReporter: Compat change id reported: 319212206; UID 10190; state: ENABLED
10-06 11:10:48.364  1902  1902 D MBrainLocalService: isVendorFreezeConditionPass is false
10-06 11:10:48.364  1902  1902 E MBrainLocalService: notifyAppSwitch failed
10-06 11:10:48.374  1902  2600 D isUidValid: uid = 10082
10-06 11:10:48.376  1902  3385 I SmartPower: eu.europa.ec.euidi.dev/10377(29713): visible->invisible(7640ms) R(become invisible) adj=700.
10-06 11:10:48.376  1902  3385 I SmartPower: eu.europa.ec.euidi.dev/10377(29713): invisible->background(0ms) R(become background) adj=700.
10-06 11:10:48.378  1902  1950 D AppWidgetServiceImpl: Provider info from ComponentInfo{com.android.thememanager/com.android.thememanager.appwidget.provider.ThemeRecommendProvider_4x2} won't be persisted.
10-06 11:10:48.378  1902  1950 D AppWidgetServiceImpl: Provider info from ComponentInfo{com.android.thememanager/com.android.thememanager.appwidget.provider.ThemePopularProvider_2x2} won't be persisted.
10-06 11:10:48.378  1902  1950 D AppWidgetServiceImpl: Provider info from ComponentInfo{com.android.thememanager/com.android.thememanager.appwidget.provider.ThemeMoreProvider_4x2} won't be persisted.
10-06 11:10:48.378  1902  1950 D AppWidgetServiceImpl: Provider info from ComponentInfo{com.android.thememanager/com.android.thememanager.appwidget.provider.RingtoneNewProvider_2x2} won't be persisted.
10-06 11:10:48.381  1902  2600 D isUidValid: uid = 10113
10-06 11:10:48.381  1902  2600 D isUidValid: uid = 90000
10-06 11:10:48.383 29911 29911 E MQSEventManagerDelegate: failed to get MQSService.
10-06 11:10:48.383 29911 29911 W ActivityThread: registerApplicationScoutThread result:false
10-06 11:10:48.385  1902  2776 I SmartPower: com.android.chrome:privileged_process0/10190(29913): died->invisible(9523ms) R(process start ) adj=-10000.
10-06 11:10:48.387  1902  1950 D AppWidgetServiceImpl: Provider info from ComponentInfo{com.android.thememanager/com.android.thememanager.appwidget.provider.RingtoneAddProvider_2x2} won't be persisted.
10-06 11:10:48.410 29911 29911 E ForceDarkHelperStubImpl: getForceDarkOriginState transact failed , mService: null
10-06 11:10:48.419  1902  2776 I ActivityManager: Flag disabled. Ignoring finishAttachApplication from uid: 90000. pid: 29911
10-06 11:10:48.421  1902  2776 I ActivityManager: Flag disabled. Ignoring finishAttachApplication from uid: 10190. pid: 29913
10-06 11:10:48.483  1902  2776 D PackageManager: set app component=ComponentInfo{com.android.chrome/org.chromium.chrome.browser.quickactionsearchwidget.QuickActionSearchWidgetProvider$QuickActionSearchWidgetProviderSearch} enabled state: 1 from com.android.chrome,uid=10190,pid=29804
10-06 11:10:48.483  1902  2776 D PackageManager: set app component=ComponentInfo{com.android.chrome/org.chromium.chrome.browser.quickactionsearchwidget.QuickActionSearchWidgetProvider$QuickActionSearchWidgetProviderDino} enabled state: 1 from com.android.chrome,uid=10190,pid=29804
10-06 11:10:48.554  1902 23259 D CoreBackPreview: Window{22395b8 u0 com.android.chrome/org.chromium.chrome.browser.ChromeTabbedActivity}: Setting back callback OnBackInvokedCallbackInfo{mCallback=android.window.IOnBackInvokedCallback$Stub$Proxy@3a1b6e3, mPriority=0, mIsAnimationCallback=true}
10-06 11:10:48.589  1902 22425 D WindowManager: setParent old=Task{15a90b0 #109 type=standard I=com.android.chrome/com.google.android.apps.chrome.IntentDispatcher},new=null,this window=ActivityRecord{7344bf3 u0 com.android.chrome/com.google.android.apps.chrome.IntentDispatcher t109 f}},callers=com.android.server.wm.WindowContainer.removeChild:840 com.android.server.wm.TaskFragment.removeChild:3119 com.android.server.wm.Task.removeChild:1822 com.android.server.wm.Task.removeChild:1802 com.android.server.wm.WindowContainer.removeImmediately:898 com.android.server.wm.WindowToken.removeImmediately:376 
10-06 11:10:48.590  1902 22425 D WindowManager: setParent old=DefaultTaskDisplayArea@126197207,new=null,this window=Task{15a90b0 #109 type=standard I=com.android.chrome/com.google.android.apps.chrome.IntentDispatcher},callers=com.android.server.wm.WindowContainer.removeChild:840 com.android.server.wm.TaskDisplayArea.removeChildTask:359 com.android.server.wm.TaskDisplayArea.removeChild:350 com.android.server.wm.WindowContainer.removeImmediately:898 com.android.server.wm.TaskFragment.removeImmediately:3203 com.android.server.wm.Task.removeImmediately:3222 
10-06 11:10:48.595  2983  3075 D MiuiFullScreenTaskRepository: setFocusedTask taskId=110, displayId=0, topActivity=ComponentInfo{com.android.chrome/org.chromium.chrome.browser.ChromeTabbedActivity}
10-06 11:10:48.595  2983  3075 D MiuiFullScreenTaskRepository: addOrUpdateFullScreenTaskInfo taskId=110, topActivity=ComponentInfo{com.android.chrome/org.chromium.chrome.browser.ChromeTabbedActivity}
10-06 11:10:48.631  1902 23267 D CompatibilityChangeReporter: Compat change id reported: 214016041; UID 10190; state: ENABLED
10-06 11:10:48.635  1902  3385 I WindowManager: cancelAnimation removed leash : Surface(name=Surface(name=6a76de5 InputMethod#123)/@0xf2bd99 - animation-leash of insets_animation#3796)/@0xc259692
10-06 11:10:48.637  1902 23259 W PackageConfigPersister: App-specific configuration not found for packageName: com.android.chrome and userId: 0
10-06 11:10:48.684  1902  1936 E MBrainLocalService: MBrainJava launch failed: SecurityException
10-06 11:10:49.054  1556  1556 I wificond: station_bandwidth: 
10-06 11:10:49.199  1902  2620 I SmartPower: com.google.android.inputmethod.latin/10196(22721): background->idle(3001ms) R(become background) adj=100.
10-06 11:10:49.245  1902  2620 I SmartPower: com.xiaomi.discover/10128(30267): background->idle(3002ms) R(broadcast start Intent { act=android.intent.action.BATTERY_CHANGED flg=0x60000010 (has extras) }) adj=905.
10-06 11:10:49.245  1902  2620 I SmartPower: com.facebook.appmanager/10150(25236): background->idle(3002ms) R(broadcast start Intent { act=android.intent.action.BATTERY_CHANGED flg=0x60000010 (has extras) }) adj=905.
10-06 11:10:49.245  1902  2620 I SmartPower: com.microsoft.teams/10321(5841): background->idle(3001ms) R(broadcast start Intent { act=android.intent.action.BATTERY_CHANGED flg=0x60000010 (has extras) }) adj=905.
10-06 11:10:49.247  1902  2620 I SmartPower: com.miui.android.fashiongallery/10231(15309): background->idle(3001ms) R(broadcast start Intent { act=android.intent.action.BATTERY_CHANGED flg=0x60000010 (has extras) }) adj=955.
10-06 11:10:51.377  1902  2620 I SmartPower: eu.europa.ec.euidi.dev/10377(29713): background->idle(3001ms) R(become invisible) adj=700.
10-06 11:10:51.539  1902  3385 W ProcessStats: Tracking association SourceState{1efe679 com.google.android.googlequicksearchbox:search/10188 BFgs #138059} whose proc state 4 is better than process ProcessState{6c26b07 com.google.android.adservices.api/10307 pkg=com.google.android.adservices.api} proc state 14 (853 skipped)
10-06 11:10:52.062  1556  1556 I wificond: station_bandwidth: 
10-06 11:10:55.075  1556  1556 I wificond: station_bandwidth: 
10-06 11:10:56.123   691 29649 I keystore2: system/security/keystore2/src/watchdog.rs:319 - Watchdog thread idle -> terminating. Have a great day.
10-06 11:10:56.697  1902  2612 I ProcessManager: getRenderThreadTidByPid, caller=1902
10-06 11:10:56.815  2983  3075 D MiuiFullScreenTaskRepository: setFocusedTask taskId=110, displayId=0, topActivity=ComponentInfo{com.android.chrome/org.chromium.chrome.browser.ChromeTabbedActivity}
10-06 11:10:56.815  2983  3075 D MiuiFullScreenTaskRepository: addOrUpdateFullScreenTaskInfo taskId=110, topActivity=ComponentInfo{com.android.chrome/org.chromium.chrome.browser.ChromeTabbedActivity}
10-06 11:10:57.715  1902  2612 I ProcessManager: getRenderThreadTidByPid, caller=1902
10-06 11:10:57.818  1902  2612 I ProcessManager: getRenderThreadTidByPid, caller=1902
10-06 11:10:58.087  1556  1556 I wificond: station_bandwidth: 
10-06 11:11:00.003  1902  2336 D AlarmManager: mBroadcastRefCount -> 1
10-06 11:11:00.010  1902  1902 D AlarmManager: mBroadcastRefCount -> 0
10-06 11:11:00.010  1902  1902 D AlarmManager: mPendingIntent -> null
10-06 11:11:01.114  1556  1556 I wificond: station_bandwidth: 
10-06 11:11:02.144  1902  1902 D UiModeManager: updateConfigurationLocked: mDockState=0; mCarMode=false; mCar=false; mPowerSave=false; mOverrideNightModeOn=false; mOverrideNightModeOff=false; mComputedNightMode=false; mNightMode=1; uiMode=17
10-06 11:11:02.261  1902  2352 W MiuiInputKeyEventLog: keyCode:23 down:true eventTime:40775602 downTime:40775602 policyFlags:22000002 flags:48 metaState:0 deviceId:0 isScreenOn:true keyguardActive:false repeatCount:0
10-06 11:11:02.266  1902  2352 W MiuiInputKeyEventLog: keyCode:23 down:false eventTime:40775608 downTime:40775602 policyFlags:22000002 flags:48 metaState:0 deviceId:0 isScreenOn:true keyguardActive:false repeatCount:0
10-06 11:11:02.634  1902  1954 I SmartPower: com.xiaomi.discover/10128(30267): idle->background(13389ms) R(broadcast start Intent { act=android.intent.action.BATTERY_CHANGED flg=0x60000010 (has extras) }) adj=905.
10-06 11:11:02.636  1902  1954 I SmartPower: com.facebook.appmanager/10150(25236): idle->background(13391ms) R(broadcast start Intent { act=android.intent.action.BATTERY_CHANGED flg=0x60000010 (has extras) }) adj=905.
10-06 11:11:02.638  1902  1954 I SmartPower: com.microsoft.teams/10321(5841): idle->background(13392ms) R(broadcast start Intent { act=android.intent.action.BATTERY_CHANGED flg=0x60000010 (has extras) }) adj=905.
10-06 11:11:02.640  1902  1954 I SmartPower: com.miui.android.fashiongallery/10231(15309): idle->background(13393ms) R(broadcast start Intent { act=android.intent.action.BATTERY_CHANGED flg=0x60000010 (has extras) }) adj=955.
10-06 11:11:02.760  1902  2329 W ProcessStats: Tracking association SourceState{b813b1d com.miui.securitycenter.remote/1000 Fgs #138093} whose proc state 3 is better than process ProcessState{3bbc40b com.miui.analytics/10101 pkg=com.miui.analytics} proc state 5 (162 skipped)
10-06 11:11:02.761  1902  2336 I SmartPower: com.google.android.gms.unstable/10175(23942): idle->background(29745ms) R(alarm start) adj=800.
10-06 11:11:02.762  1902  2336 I SmartPower: com.google.android.gms.ui/10175(16522): idle->background(29746ms) R(alarm start) adj=800.
10-06 11:11:02.762  1902  2336 I SmartPower: com.google.process.gservices/10175(22048): idle->background(29746ms) R(alarm start) adj=700.
10-06 11:11:02.762  1902  2336 I SmartPower: com.google.android.gms:snet/10175(17893): idle->background(29746ms) R(alarm start) adj=800.
10-06 11:11:02.762  1902  2336 I SmartPower: com.google.process.gapps/10175(7494): idle->background(29746ms) R(alarm start) adj=945.
10-06 11:11:02.769  1902  2336 D AlarmManager: mBroadcastRefCount -> 1
10-06 11:11:02.773  1902  1902 D AlarmManager: mBroadcastRefCount -> 0
10-06 11:11:02.773  1902  1902 D AlarmManager: mPendingIntent -> PendingIntent{bda5fe9: PendingIntentRecord{8a28df8 com.google.android.gms/com.google.android.gms.auth_authzen__phone startService}}
10-06 11:11:03.175  1902  1947 D HeapUsage Monitor: HeapAllocSize : 84MB; monitorSize : 500MB
10-06 11:11:04.132  1556  1556 I wificond: station_bandwidth: 
10-06 11:11:04.173  1902 23259 I SmartPower: com.google.android.apps.messaging/10181(22600): idle->background(30902ms) R(content provider start ContentProviderRecord{a7b3062 u0 com.google.android.apps.messaging/.shared.datamodel.provider.sharedstorage.SharedStorageProvider}) adj=200.
10-06 11:11:05.636  1902  2620 I SmartPower: com.xiaomi.discover/10128(30267): background->idle(3002ms) R(broadcast start Intent { act=android.intent.action.BATTERY_CHANGED flg=0x60000010 (has extras) }) adj=905.
10-06 11:11:05.637  1902  2620 I SmartPower: com.facebook.appmanager/10150(25236): background->idle(3000ms) R(broadcast start Intent { act=android.intent.action.BATTERY_CHANGED flg=0x60000010 (has extras) }) adj=905.
10-06 11:11:05.639  1902  2620 I SmartPower: com.microsoft.teams/10321(5841): background->idle(3002ms) R(broadcast start Intent { act=android.intent.action.BATTERY_CHANGED flg=0x60000010 (has extras) }) adj=905.
10-06 11:11:05.641  1902  2620 I SmartPower: com.miui.android.fashiongallery/10231(15309): background->idle(3000ms) R(broadcast start Intent { act=android.intent.action.BATTERY_CHANGED flg=0x60000010 (has extras) }) adj=955.
10-06 11:11:05.765  1902  2620 I SmartPower: com.google.android.gms.unstable/10175(23942): background->idle(3004ms) R(alarm start) adj=800.
10-06 11:11:05.765  1902  2620 I SmartPower: com.google.android.gms.ui/10175(16522): background->idle(3003ms) R(alarm start) adj=800.
10-06 11:11:05.765  1902  2620 I SmartPower: com.google.process.gservices/10175(22048): background->idle(3003ms) R(alarm start) adj=700.
10-06 11:11:05.766  1902  2620 I SmartPower: com.google.android.gms:snet/10175(17893): background->idle(3003ms) R(alarm start) adj=800.
10-06 11:11:05.766  1902  2620 I SmartPower: com.google.process.gapps/10175(7494): background->idle(3004ms) R(alarm start) adj=945.
10-06 11:11:07.165  1556  1556 I wificond: station_bandwidth: 
10-06 11:11:07.175  1902  2620 I SmartPower: com.google.android.apps.messaging/10181(22600): background->idle(3002ms) R(content provider start ContentProviderRecord{a7b3062 u0 com.google.android.apps.messaging/.shared.datamodel.provider.sharedstorage.SharedStorageProvider}) adj=200.
10-06 11:11:10.196  1556  1556 I wificond: station_bandwidth: 
10-06 11:11:10.322  1902  1902 D UiModeManager: updateConfigurationLocked: mDockState=0; mCarMode=false; mCar=false; mPowerSave=false; mOverrideNightModeOn=false; mOverrideNightModeOff=false; mComputedNightMode=false; mNightMode=1; uiMode=17
10-06 11:11:10.813  1902  1954 I SmartPower: com.xiaomi.discover/10128(30267): idle->background(5177ms) R(broadcast start Intent { act=android.intent.action.BATTERY_CHANGED flg=0x60000010 (has extras) }) adj=905.
10-06 11:11:10.816  1902  1954 I SmartPower: com.facebook.appmanager/10150(25236): idle->background(5180ms) R(broadcast start Intent { act=android.intent.action.BATTERY_CHANGED flg=0x60000010 (has extras) }) adj=905.
10-06 11:11:10.817  1902  1954 I SmartPower: com.microsoft.teams/10321(5841): idle->background(5178ms) R(broadcast start Intent { act=android.intent.action.BATTERY_CHANGED flg=0x60000010 (has extras) }) adj=905.
10-06 11:11:10.820  1902  1954 I SmartPower: com.miui.android.fashiongallery/10231(15309): idle->background(5179ms) R(broadcast start Intent { act=android.intent.action.BATTERY_CHANGED flg=0x60000010 (has extras) }) adj=955.
10-06 11:11:12.798  1902  2329 W ProcessStats: Tracking association SourceState{b813b1d com.miui.securitycenter.remote/1000 Fgs #138105} whose proc state 3 is better than process ProcessState{3bbc40b com.miui.analytics/10101 pkg=com.miui.analytics} proc state 5 (43 skipped)
10-06 11:11:13.215  1556  1556 I wificond: station_bandwidth: 
10-06 11:11:13.815  1902  2620 I SmartPower: com.xiaomi.discover/10128(30267): background->idle(3001ms) R(broadcast start Intent { act=android.intent.action.BATTERY_CHANGED flg=0x60000010 (has extras) }) adj=905.
10-06 11:11:13.816  1902  2620 I SmartPower: com.facebook.appmanager/10150(25236): background->idle(3000ms) R(broadcast start Intent { act=android.intent.action.BATTERY_CHANGED flg=0x60000010 (has extras) }) adj=905.
10-06 11:11:13.819  1902  2620 I SmartPower: com.microsoft.teams/10321(5841): background->idle(3001ms) R(broadcast start Intent { act=android.intent.action.BATTERY_CHANGED flg=0x60000010 (has extras) }) adj=905.
10-06 11:11:13.821  1902  2620 I SmartPower: com.miui.android.fashiongallery/10231(15309): background->idle(3001ms) R(broadcast start Intent { act=android.intent.action.BATTERY_CHANGED flg=0x60000010 (has extras) }) adj=955.
10-06 11:11:16.232  1556  1556 I wificond: station_bandwidth: 
10-06 11:11:19.253  1556  1556 I wificond: station_bandwidth: 
10-06 11:11:22.274  1556  1556 I wificond: station_bandwidth: 
10-06 11:11:23.341  1902 23259 W ProcessStats: Tracking association SourceState{1efe679 com.google.android.googlequicksearchbox:search/10188 BFgs #138109} whose proc state 4 is better than process ProcessState{6c26b07 com.google.android.adservices.api/10307 pkg=com.google.android.adservices.api} proc state 14 (14 skipped)
10-06 11:11:25.302  1556  1556 I wificond: station_bandwidth: 
10-06 11:11:26.732  1902  1902 D UiModeManager: updateConfigurationLocked: mDockState=0; mCarMode=false; mCar=false; mPowerSave=false; mOverrideNightModeOn=false; mOverrideNightModeOff=false; mComputedNightMode=false; mNightMode=1; uiMode=17
10-06 11:11:27.218  1902  1954 I SmartPower: com.xiaomi.discover/10128(30267): idle->background(13404ms) R(broadcast start Intent { act=android.intent.action.BATTERY_CHANGED flg=0x60000010 (has extras) }) adj=905.
10-06 11:11:27.219  1902  1954 I SmartPower: com.facebook.appmanager/10150(25236): idle->background(13403ms) R(broadcast start Intent { act=android.intent.action.BATTERY_CHANGED flg=0x60000010 (has extras) }) adj=905.
10-06 11:11:27.221  1902  1954 I SmartPower: com.microsoft.teams/10321(5841): idle->background(13403ms) R(broadcast start Intent { act=android.intent.action.BATTERY_CHANGED flg=0x60000010 (has extras) }) adj=905.
10-06 11:11:27.222  1902  1954 I SmartPower: com.miui.android.fashiongallery/10231(15309): idle->background(13402ms) R(broadcast start Intent { act=android.intent.action.BATTERY_CHANGED flg=0x60000010 (has extras) }) adj=955.
10-06 11:11:28.334  1556  1556 I wificond: station_bandwidth: 
10-06 11:11:30.021  1902  2336 I SmartPower: com.google.android.gms.unstable/10175(23942): idle->background(24256ms) R(alarm start) adj=800.
10-06 11:11:30.022  1902  2336 I SmartPower: com.google.android.gms.ui/10175(16522): idle->background(24256ms) R(alarm start) adj=800.
10-06 11:11:30.022  1902  2336 I SmartPower: com.google.process.gservices/10175(22048): idle->background(24257ms) R(alarm start) adj=700.
10-06 11:11:30.022  1902  2336 I SmartPower: com.google.android.gms:snet/10175(17893): idle->background(24257ms) R(alarm start) adj=800.
10-06 11:11:30.022  1902  2336 I SmartPower: com.google.process.gapps/10175(7494): idle->background(24256ms) R(alarm start) adj=945.
10-06 11:11:30.025  1902  2336 D AlarmManager: mBroadcastRefCount -> 1
10-06 11:11:30.044  1902  3385 D AlarmManager: mBroadcastRefCount -> 0
10-06 11:11:30.044  1902  3385 D AlarmManager: mPendingIntent -> null
10-06 11:11:30.220  1902  2620 I SmartPower: com.xiaomi.discover/10128(30267): background->idle(3001ms) R(broadcast start Intent { act=android.intent.action.BATTERY_CHANGED flg=0x60000010 (has extras) }) adj=905.
