10-09 16:46:31.297  2042  6879 I WindowManager: WMS.showImePostLayout(), imeTarget = Window{13dfb59 u0 com.android.chrome/org.chromium.chrome.browser.ChromeTabbedActivity}
10-09 16:46:31.301  2042  6998 D CoreBackPreview: Window{13dfb59 u0 com.android.chrome/org.chromium.chrome.browser.ChromeTabbedActivity}: Setting back callback OnBackInvokedCallbackInfo{mCallback=android.window.IOnBackInvokedCallback$Stub$Proxy@b6ce52a, mPriority=0, mIsAnimationCallback=false}
10-09 16:46:31.309  4304  4484 D MiuiFreeformModeController: avoidForInsetsBottomChangedIfNeed oldMoveableBottom: 2270 newMoveableBounds: 2270
10-09 16:46:31.318  4304  4484 D MiuiFreeformModeController: avoidForInsetsBottomChangedIfNeed oldMoveableBottom: 2270 newMoveableBounds: 2270
10-09 16:46:31.327  2042  2073 D WindowManager: wms.finishDrawingLocked: mDrawState=COMMIT_DRAW_PENDING Window{49d5fba u0 InputMethod} in Surface(name=InputMethod#10689)/@0xdf558b8
10-09 16:46:31.328  2042  2693 I ImeInsetsSourceProvider: ImeInsetsSourceProvider.scheduleShowImePostLayout() Run showImeRunner.
10-09 16:46:31.328  2042  2693 I ImeInsetsSourceProvider: ImeInsetsSourceProvider.scheduleShowImePostLayout() isReadyToShowIme.
10-09 16:46:31.330  2042  4079 I InputMethodManagerService: IMMS.applyImeVisibility(), setVisible = true, mCurclient = ClientState{c28f9c5 mUid=10172 mPid=25786 mSelfReportedDisplayId=0}
10-09 16:46:31.333  2042  6982 I WindowManager: cancelAnimation removed leash : Surface(name=Surface(name=d968687 NavigationBar0#90)/@0x2f479dd - animation-leash of insets_animation#10679)/@0x3fdce72
10-09 16:46:31.333  2042  4079 I WindowManager: WMS.showImePostLayout(), imeTarget = Window{13dfb59 u0 com.android.chrome/org.chromium.chrome.browser.ChromeTabbedActivity}
10-09 16:46:31.333  4304  4484 D MiuiFreeformModeController: avoidForInsetsBottomChangedIfNeed oldMoveableBottom: 2270 newMoveableBounds: 2270
10-09 16:46:31.333  4304  4484 D ImePositionProcessor: onImeVisibilityChanged     isShowing:  true
10-09 16:46:31.334  2042  2693 I WindowManager: input method visible height changed 701
10-09 16:46:31.334  2042  3126 I ITouchFeature: current device and process support version:2
10-09 16:46:31.335  2042  2693 I WindowManager: wms.showSurfaceRobustly mWin:Window{49d5fba u0 InputMethod}
10-09 16:46:31.335  2042  2693 I ImeInsetsSourceProvider: ImeInsetsSourceProvider.scheduleShowImePostLayout() Run showImeRunner.
10-09 16:46:31.335  2042  2693 I ImeInsetsSourceProvider: ImeInsetsSourceProvider.scheduleShowImePostLayout() isReadyToShowIme.
10-09 16:46:31.337  4304  4484 D MiuiFreeformModeController: onImeVisibilityChanged imeVisible: true imeHeight: 701 adjustedForRotation:false
10-09 16:46:31.337  4304  4484 D MiuiFreeformModeAvoidAlgorithm: begin autoOrderingAvoidMiniTask
10-09 16:46:31.337  4304  4484 D MiuiFreeformModeAvoidAlgorithm: getCurrMiniPos: SameSideMiniPosList: []
10-09 16:46:31.337  4304  4484 D MiuiFreeformModeAvoidAlgorithm: getCurrMiniPos: SameSideMiniPosList: []
10-09 16:46:31.337  4304  4484 D MiuiFreeformModeAvoidAlgorithm: end autoOrderingAvoidMiniTask res:AvoidResult{distance=0, combination={}, activeTaskPos=Rect(0, 0 - 0, 0)}
10-09 16:46:31.354  4304  4304 D ArtChoreographerMonitor: invoke error.
10-09 16:46:31.354  4304  4484 D OneHandedController: stopOneHanded state is 0
10-09 16:46:31.523  4304  4304 D ArtChoreographerMonitor: invoke error.
10-09 16:46:32.034  2042  4079 D WindowManagerService: checkFlipFullScreenChange is same, nowIsFullScreen = false
10-09 16:46:32.068  2042  4079 D WindowManagerService: checkFlipFullScreenChange is same, nowIsFullScreen = false
10-09 16:46:32.227  2042  3123 D AlarmManager: mBroadcastRefCount -> 1
10-09 16:46:32.230  2042  2075 D ActivityManager: checkAllowBackground: uid=1000 pkg=android rec=UidRecord{b77cac0 1000 PER  fgServices allowlist change:procadj procs:0 seq(895302,448524)} caps=LCMNFU always=false idle=false
10-09 16:46:32.231  2042  2042 D AlarmManager: mBroadcastRefCount -> 0
10-09 16:46:32.231  2042  2042 D AlarmManager: mPendingIntent -> PendingIntent{659bd1f: PendingIntentRecord{cf286c android broadcastIntent}}
10-09 16:46:32.754  2042  4772 W MIUIInput: Input event injection from package: null action ACTION_DOWN
10-09 16:46:32.756  2042  3516 I ProcessManager: getRenderThreadTidByPid, caller=2042
10-09 16:46:32.759  2042  4772 W MIUIInput: Input event injection from package: null action ACTION_UP
10-09 16:46:32.773  2042  6982 I InputMethodManagerService: IMMS.applyImeVisibility(), setVisible = false, mCurclient = ClientState{c28f9c5 mUid=10172 mPid=25786 mSelfReportedDisplayId=0}
10-09 16:46:32.778  4304  4304 D ArtChoreographerMonitor: invoke error.
10-09 16:46:32.784  2042  6879 W PackageConfigPersister: App-specific configuration not found for packageName: com.android.chrome and userId: 0
10-09 16:46:32.796  2042  6982 D PerfShielderService: com.android.chrome|com.android.chrome/org.chromium.chrome.browser.ChromeTabbedActivity|93|46200524601957|68|0|2
10-09 16:46:32.796  6649  7642 W MiuiPerfServiceClient: interceptAndQueuing:25786|com.android.chrome|93|68|46200524601957|Slow main thread|2
10-09 16:46:32.804  4304  4484 D MiuiFreeformModeController: avoidForInsetsBottomChangedIfNeed oldMoveableBottom: 2270 newMoveableBounds: 2270
10-09 16:46:32.805  4304  4484 D ImePositionProcessor: onImeVisibilityChanged     isShowing:  false
10-09 16:46:32.807  2042  6998 D CoreBackPreview: Window{13dfb59 u0 com.android.chrome/org.chromium.chrome.browser.ChromeTabbedActivity}: Setting back callback OnBackInvokedCallbackInfo{mCallback=android.window.IOnBackInvokedCallback$Stub$Proxy@de86d0, mPriority=0, mIsAnimationCallback=true}
10-09 16:46:32.809  2042  2693 I WindowManager: input method visible height changed 0
10-09 16:46:32.809  2042  3126 I ITouchFeature: current device and process support version:2
10-09 16:46:32.812  4304  4484 D MiuiFreeformModeController: onImeVisibilityChanged imeVisible: false imeHeight: 0 adjustedForRotation:false
10-09 16:46:32.813  4304  4484 D MiuiFreeformModeAvoidAlgorithm: begin autoOrderingAvoidMiniTask
10-09 16:46:32.813  4304  4484 D MiuiFreeformModeAvoidAlgorithm: getCurrMiniPos: SameSideMiniPosList: []
10-09 16:46:32.813  4304  4484 D MiuiFreeformModeAvoidAlgorithm: getCurrMiniPos: SameSideMiniPosList: []
10-09 16:46:32.813  4304  4484 D MiuiFreeformModeAvoidAlgorithm: end autoOrderingAvoidMiniTask res:AvoidResult{distance=0, combination={}, activeTaskPos=Rect(0, 0 - 0, 0)}
10-09 16:46:32.959  4304  4304 D ArtChoreographerMonitor: invoke error.
10-09 16:46:33.315  2183  2183 I wificond: station_bandwidth: P
10-09 16:46:33.317  4304  4304 D ArtChoreographerMonitor: invoke error.
10-09 16:46:33.329  2042  4772 I SmartPower: com.google.android.inputmethod.latin/10176(6431): visible->invisible(2144ms) R(become invisible) adj=100.
10-09 16:46:33.329  2042  4772 I SmartPower: com.google.android.inputmethod.latin/10176(6431): invisible->background(0ms) R(become background) adj=100.
10-09 16:46:33.331  4304  4484 D MiuiFreeformModeController: avoidForInsetsBottomChangedIfNeed oldMoveableBottom: 2270 newMoveableBounds: 2270
10-09 16:46:33.343  4304  4484 D MiuiFreeformModeController: avoidForInsetsBottomChangedIfNeed oldMoveableBottom: 2270 newMoveableBounds: 2270
10-09 16:46:33.486  4304  4304 D ArtChoreographerMonitor: invoke error.
10-09 16:46:33.636   702  3196 I keystore2: system/security/keystore2/src/watchdog.rs:319 - Watchdog thread idle -> terminating. Have a great day.
10-09 16:46:33.982  2042  6999 W MIUIInput: Input event injection from package: null action ACTION_DOWN
10-09 16:46:33.982  2042  3516 I ProcessManager: getRenderThreadTidByPid, caller=2042
10-09 16:46:33.986  2042  6999 W MIUIInput: Input event injection from package: null action ACTION_UP
10-09 16:46:34.002  2042  6879 I InputMethodManagerService: IMMS.showSoftInput(), client = com.android.internal.inputmethod.IInputMethodClient$Stub$Proxy@2ed3ffc
10-09 16:46:34.002  2042  6879 I InputMethodManagerService: IMMS.showCurrentInputLocked(), flags = 0
10-09 16:46:34.002  2042  6879 D SmartPower: com.google.android.inputmethod.latin/10176(6431): show input method
10-09 16:46:34.002  2042  6879 I SmartPower: com.google.android.inputmethod.latin/10176(6431): background->visible(673ms) R(show input method) adj=100.
10-09 16:46:34.002  2042  6879 I DefaultImeVisibilityApplier: IMMS.showCurrentInputLocked request ims to show inputMethod.
10-09 16:46:34.003  2042  6982 W PackageConfigPersister: App-specific configuration not found for packageName: com.android.chrome and userId: 0
10-09 16:46:34.036  2042  6999 I InputMethodManagerService: IMMS.showSoftInput(), client = com.android.internal.inputmethod.IInputMethodClient$Stub$Proxy@520ecda
10-09 16:46:34.036  2042  6999 I InputMethodManagerService: IMMS.showCurrentInputLocked(), flags = 0
10-09 16:46:34.037  2042  6999 D SmartPower: com.google.android.inputmethod.latin/10176(6431): show input method
10-09 16:46:34.037  2042  6999 I DefaultImeVisibilityApplier: IMMS.showCurrentInputLocked request ims to show inputMethod.
10-09 16:46:34.049  2042  6998 I InputMethodManagerService: IMMS.applyImeVisibility(), setVisible = true, mCurclient = ClientState{c28f9c5 mUid=10172 mPid=25786 mSelfReportedDisplayId=0}
10-09 16:46:34.050  2042  6998 I WindowManager: WMS.showImePostLayout(), imeTarget = Window{13dfb59 u0 com.android.chrome/org.chromium.chrome.browser.ChromeTabbedActivity}
10-09 16:46:34.054  2042  6999 D ActivityManager: checkAllowBackground: uid=10163 pkg=com.google.android.gms rec=UidRecord{3efeecd u0a163 BTOP change:procadj procs:0 seq(895304,425084)} caps=LCMNFU always=false idle=false
10-09 16:46:34.054  2042  6879 D CoreBackPreview: Window{13dfb59 u0 com.android.chrome/org.chromium.chrome.browser.ChromeTabbedActivity}: Setting back callback OnBackInvokedCallbackInfo{mCallback=android.window.IOnBackInvokedCallback$Stub$Proxy@1cb750b, mPriority=0, mIsAnimationCallback=false}
10-09 16:46:34.055  2042  6999 W ProcessStats: Tracking association SourceState{d7e2e86 com.google.android.gms.persistent/10163 BTop #124820} whose proc state 2 is better than process ProcessState{77bc03 com.google.android.gms/10163 pkg=com.google.android.gms} proc state 4 (370 skipped)
10-09 16:46:34.067  4304  4484 D MiuiFreeformModeController: avoidForInsetsBottomChangedIfNeed oldMoveableBottom: 2270 newMoveableBounds: 2270
10-09 16:46:34.072  2042  6879 D ActivityManager: checkAllowBackground: uid=10163 pkg=com.google.android.gms rec=UidRecord{3efeecd u0a163 BTOP change:procadj procs:0 seq(895308,425084)} caps=LCMNFU always=false idle=false
10-09 16:46:34.083  4304  4484 D MiuiFreeformModeController: avoidForInsetsBottomChangedIfNeed oldMoveableBottom: 2270 newMoveableBounds: 2270
10-09 16:46:34.092  2042  4079 D WindowManager: wms.finishDrawingLocked: mDrawState=COMMIT_DRAW_PENDING Window{49d5fba u0 InputMethod} in Surface(name=InputMethod#10691)/@0xbadb601
10-09 16:46:34.095  2042  2693 I ImeInsetsSourceProvider: ImeInsetsSourceProvider.scheduleShowImePostLayout() Run showImeRunner.
10-09 16:46:34.095  2042  2693 I ImeInsetsSourceProvider: ImeInsetsSourceProvider.scheduleShowImePostLayout() isReadyToShowIme.
10-09 16:46:34.099  2042  6999 I InputMethodManagerService: IMMS.applyImeVisibility(), setVisible = true, mCurclient = ClientState{c28f9c5 mUid=10172 mPid=25786 mSelfReportedDisplayId=0}
10-09 16:46:34.104  2042  6879 I WindowManager: cancelAnimation removed leash : Surface(name=Surface(name=d968687 NavigationBar0#90)/@0x2f479dd - animation-leash of insets_animation#10690)/@0x653c693
10-09 16:46:34.104  4304  4484 D MiuiFreeformModeController: avoidForInsetsBottomChangedIfNeed oldMoveableBottom: 2270 newMoveableBounds: 2270
10-09 16:46:34.104  4304  4484 D ImePositionProcessor: onImeVisibilityChanged     isShowing:  true
10-09 16:46:34.108  2042  6999 I WindowManager: WMS.showImePostLayout(), imeTarget = Window{13dfb59 u0 com.android.chrome/org.chromium.chrome.browser.ChromeTabbedActivity}
10-09 16:46:34.109  2042  2692 I WindowManager: input method visible height changed 701
10-09 16:46:34.109  2042  3126 I ITouchFeature: current device and process support version:2
10-09 16:46:34.111  4304  4484 D MiuiFreeformModeController: onImeVisibilityChanged imeVisible: true imeHeight: 701 adjustedForRotation:false
10-09 16:46:34.111  4304  4484 D MiuiFreeformModeAvoidAlgorithm: begin autoOrderingAvoidMiniTask
10-09 16:46:34.111  4304  4484 D MiuiFreeformModeAvoidAlgorithm: getCurrMiniPos: SameSideMiniPosList: []
10-09 16:46:34.111  4304  4484 D MiuiFreeformModeAvoidAlgorithm: getCurrMiniPos: SameSideMiniPosList: []
10-09 16:46:34.111  4304  4484 D MiuiFreeformModeAvoidAlgorithm: end autoOrderingAvoidMiniTask res:AvoidResult{distance=0, combination={}, activeTaskPos=Rect(0, 0 - 0, 0)}
10-09 16:46:34.112  2042  2692 I WindowManager: wms.showSurfaceRobustly mWin:Window{49d5fba u0 InputMethod}
10-09 16:46:34.112  2042  2692 I ImeInsetsSourceProvider: ImeInsetsSourceProvider.scheduleShowImePostLayout() Run showImeRunner.
10-09 16:46:34.112  2042  2692 I ImeInsetsSourceProvider: ImeInsetsSourceProvider.scheduleShowImePostLayout() isReadyToShowIme.
10-09 16:46:34.129  4304  4304 D ArtChoreographerMonitor: invoke error.
10-09 16:46:34.131  4304  4484 D OneHandedController: stopOneHanded state is 0
10-09 16:46:34.226  2042  2042 D UiModeManager: updateConfigurationLocked: mDockState=0; mCarMode=false; mCar=false; mPowerSave=false; mOverrideNightModeOn=false; mOverrideNightModeOff=false; mComputedNightMode=false; mNightMode=1; uiMode=17
10-09 16:46:34.307  4304  4304 D ArtChoreographerMonitor: invoke error.
10-09 16:46:34.723  2042  2787 I SmartPower: com.xiaomi.discover/10121(23492): idle->background(4542ms) R(broadcast start Intent { act=android.intent.action.BATTERY_CHANGED flg=0x60000010 (has extras) }) adj=905.
10-09 16:46:34.724  2042  2787 I SmartPower: com.miui.android.fashiongallery/10228(32611): idle->background(4542ms) R(broadcast start Intent { act=android.intent.action.BATTERY_CHANGED flg=0x60000010 (has extras) }) adj=915.
10-09 16:46:34.724  2042  2787 I SmartPower: com.facebook.appmanager/10138(27658): idle->background(4542ms) R(broadcast start Intent { act=android.intent.action.BATTERY_CHANGED flg=0x60000010 (has extras) }) adj=905.
10-09 16:46:34.724  2042  2787 I SmartPower: com.facebook.katana/10243(13231): idle->background(4540ms) R(broadcast start Intent { act=android.intent.action.BATTERY_CHANGED flg=0x60000010 (has extras) }) adj=905.
10-09 16:46:34.725  2042  2787 I SmartPower: com.google.android.apps.tachyon/10226(15532): idle->background(4541ms) R(broadcast start Intent { act=android.intent.action.BATTERY_CHANGED flg=0x60000010 (has extras) }) adj=965.
10-09 16:46:34.725  2042  2787 I SmartPower: com.microsoft.teams/10266(15546): idle->background(4541ms) R(broadcast start Intent { act=android.intent.action.BATTERY_CHANGED flg=0x60000010 (has extras) }) adj=900.
10-09 16:46:34.726  2042  2787 I SmartPower: com.google.android.apps.magazines/10234(19722): idle->background(4542ms) R(broadcast start Intent { act=android.intent.action.BATTERY_CHANGED flg=0x60000010 (has extras) }) adj=905.
10-09 16:46:34.797  2042  6999 D WindowManagerService: checkFlipFullScreenChange is same, nowIsFullScreen = false
10-09 16:46:34.832  2042  6999 D WindowManagerService: checkFlipFullScreenChange is same, nowIsFullScreen = false
10-09 16:46:35.512  2042  6998 W MIUIInput: Input event injection from package: null action ACTION_DOWN
10-09 16:46:35.514  2042  3516 I ProcessManager: getRenderThreadTidByPid, caller=2042
10-09 16:46:35.517  2042  6998 W MIUIInput: Input event injection from package: null action ACTION_UP
10-09 16:46:35.546  2042  6998 I InputMethodManagerService: IMMS.applyImeVisibility(), setVisible = false, mCurclient = ClientState{c28f9c5 mUid=10172 mPid=25786 mSelfReportedDisplayId=0}
10-09 16:46:35.547  4304  4304 D ArtChoreographerMonitor: invoke error.
10-09 16:46:35.554  2042  6998 W PackageConfigPersister: App-specific configuration not found for packageName: com.android.chrome and userId: 0
10-09 16:46:35.576  2042  8104 I WindowManager: cancelAnimation removed leash : Surface(name=Surface(name=704023a StatusBar#94)/@0xa8be448 - animation-leash of insets_animation#10678)/@0x795f1d4
10-09 16:46:35.579  2042  8104 D WindowManager: wms.Input focus has changed to Window{dea2439 u0 com.android.chrome/org.chromium.chrome.browser.ChromeTabbedActivity} display=0 updateInputWindows = false
10-09 16:46:35.579  2042  8104 I MultiSenceManagerInternalStub: getInstance
10-09 16:46:35.580  2042  2693 D WindowManager: wms.Focus not requested for window=Window{dea2439 u0 com.android.chrome/org.chromium.chrome.browser.ChromeTabbedActivity} because it has no surface or is not focusable.
10-09 16:46:35.596  2042  8104 D CoreBackPreview: Window{dea2439 u0 com.android.chrome/org.chromium.chrome.browser.ChromeTabbedActivity}: Setting back callback OnBackInvokedCallbackInfo{mCallback=android.window.IOnBackInvokedCallback$Stub$Proxy@927b6fb, mPriority=-1, mIsAnimationCallback=false}
10-09 16:46:35.646  2042  6998 D WindowManager: wms.finishDrawingLocked: mDrawState=COMMIT_DRAW_PENDING Window{dea2439 u0 com.android.chrome/org.chromium.chrome.browser.ChromeTabbedActivity} in Surface(name=com.android.chrome/org.chromium.chrome.browser.ChromeTabbedActivity#10694)/@0xcb9318
10-09 16:46:35.658  2042  2693 I WindowManager: wms.showSurfaceRobustly mWin:Window{dea2439 u0 com.android.chrome/org.chromium.chrome.browser.ChromeTabbedActivity}
10-09 16:46:35.684  2042  4772 D CoreBackPreview: Window{13dfb59 u0 com.android.chrome/org.chromium.chrome.browser.ChromeTabbedActivity}: Setting back callback OnBackInvokedCallbackInfo{mCallback=android.window.IOnBackInvokedCallback$Stub$Proxy@e5a5b65, mPriority=0, mIsAnimationCallback=true}
10-09 16:46:35.686  4304  4484 D MiuiFreeformModeController: avoidForInsetsBottomChangedIfNeed oldMoveableBottom: 2270 newMoveableBounds: 2270
10-09 16:46:35.686  4304  4484 D ImePositionProcessor: onImeVisibilityChanged     isShowing:  false
10-09 16:46:35.690  2042  2693 I WindowManager: input method visible height changed 0
10-09 16:46:35.690  2042  3126 I ITouchFeature: current device and process support version:2
10-09 16:46:35.701  4304  4484 D MiuiFreeformModeController: onImeVisibilityChanged imeVisible: false imeHeight: 0 adjustedForRotation:false
10-09 16:46:35.701  4304  4484 D MiuiFreeformModeAvoidAlgorithm: begin autoOrderingAvoidMiniTask
10-09 16:46:35.701  4304  4484 D MiuiFreeformModeAvoidAlgorithm: getCurrMiniPos: SameSideMiniPosList: []
10-09 16:46:35.701  4304  4484 D MiuiFreeformModeAvoidAlgorithm: getCurrMiniPos: SameSideMiniPosList: []
10-09 16:46:35.701  4304  4484 D MiuiFreeformModeAvoidAlgorithm: end autoOrderingAvoidMiniTask res:AvoidResult{distance=0, combination={}, activeTaskPos=Rect(0, 0 - 0, 0)}
10-09 16:46:35.850  4304  4304 D ArtChoreographerMonitor: invoke error.
10-09 16:46:36.209  2042  6991 I SmartPower: com.google.android.inputmethod.latin/10176(6431): visible->invisible(2208ms) R(become invisible) adj=100.
10-09 16:46:36.210  2042  6991 I SmartPower: com.google.android.inputmethod.latin/10176(6431): invisible->background(0ms) R(become background) adj=100.
10-09 16:46:36.213  4304  4484 D MiuiFreeformModeController: avoidForInsetsBottomChangedIfNeed oldMoveableBottom: 2270 newMoveableBounds: 2270
10-09 16:46:36.219  4304  4484 D MiuiFreeformModeController: avoidForInsetsBottomChangedIfNeed oldMoveableBottom: 2270 newMoveableBounds: 2270
10-09 16:46:36.325  2183  2183 I wificond: station_bandwidth: P
10-09 16:46:36.328  4304  4304 D ArtChoreographerMonitor: invoke error.
10-09 16:46:36.500  4304  4304 D ArtChoreographerMonitor: invoke error.
10-09 16:46:36.965  2042  2073 W MIUIInput: Input event injection from package: null action ACTION_DOWN
10-09 16:46:36.966  2042  3516 I ProcessManager: getRenderThreadTidByPid, caller=2042
10-09 16:46:36.969  2042  2073 W MIUIInput: Input event injection from package: null action ACTION_UP
10-09 16:46:36.987  2042  6998 D CoreBackPreview: Window{dea2439 u0 com.android.chrome/org.chromium.chrome.browser.ChromeTabbedActivity}: Setting back callback null
10-09 16:46:36.997  2042  6998 I WindowManager: cancelAnimation removed leash : Surface(name=Surface(name=704023a StatusBar#94)/@0xa8be448 - animation-leash of insets_animation#10693)/@0x23fcaf5
10-09 16:46:37.000  2042  6998 I WindowManager: cancelAnimation removed leash : Surface(name=Surface(name=d968687 NavigationBar0#90)/@0x2f479dd - animation-leash of insets_animation#10698)/@0x96fe03a
10-09 16:46:37.005  2042  6998 D WindowManager: wms.Input focus has changed to Window{13dfb59 u0 com.android.chrome/org.chromium.chrome.browser.ChromeTabbedActivity} display=0 updateInputWindows = false
10-09 16:46:37.005  2042  6998 I MultiSenceManagerInternalStub: getInstance
10-09 16:46:37.010  4304  4304 D ArtChoreographerMonitor: invoke error.
10-09 16:46:37.043  2042  6998 W PackageConfigPersister: App-specific configuration not found for packageName: com.android.chrome and userId: 0
10-09 16:46:37.048  2042  6998 D PerfShielderService: com.android.chrome|com.android.chrome/org.chromium.chrome.browser.ChromeTabbedActivity|194|46204978057164|106|0|4
10-09 16:46:37.049  6649  7642 W MiuiPerfServiceClient: interceptAndQueuing:25786|com.android.chrome|194|106|46204978057164|Slow main thread|4
10-09 16:46:37.194  4304  4304 D ArtChoreographerMonitor: invoke error.
10-09 16:46:37.599  2042  2073 W MIUIInput: Input event injection from package: null action ACTION_DOWN
10-09 16:46:37.600  2042  3516 I ProcessManager: getRenderThreadTidByPid, caller=2042
10-09 16:46:37.603  2042  2073 W MIUIInput: Input event injection from package: null action ACTION_UP
10-09 16:46:37.624  2042  6991 I InputMethodManagerService: IMMS.showSoftInput(), client = com.android.internal.inputmethod.IInputMethodClient$Stub$Proxy@b7efdb7
10-09 16:46:37.624  2042  6991 I InputMethodManagerService: IMMS.showCurrentInputLocked(), flags = 0
10-09 16:46:37.624  2042  6991 D SmartPower: com.google.android.inputmethod.latin/10176(6431): show input method
10-09 16:46:37.625  2042  6991 I SmartPower: com.google.android.inputmethod.latin/10176(6431): background->visible(1415ms) R(show input method) adj=100.
10-09 16:46:37.625  2042  6998 W PackageConfigPersister: App-specific configuration not found for packageName: com.android.chrome and userId: 0
10-09 16:46:37.625  2042  6991 I DefaultImeVisibilityApplier: IMMS.showCurrentInputLocked request ims to show inputMethod.
10-09 16:46:37.642  2042  8104 I InputMethodManagerService: IMMS.showSoftInput(), client = com.android.internal.inputmethod.IInputMethodClient$Stub$Proxy@b603c8d
10-09 16:46:37.642  2042  8104 I InputMethodManagerService: IMMS.showCurrentInputLocked(), flags = 0
10-09 16:46:37.642  2042  8104 D SmartPower: com.google.android.inputmethod.latin/10176(6431): show input method
10-09 16:46:37.643  2042  8104 I DefaultImeVisibilityApplier: IMMS.showCurrentInputLocked request ims to show inputMethod.
10-09 16:46:37.683  2042  4772 D ActivityManager: checkAllowBackground: uid=10163 pkg=com.google.android.gms rec=UidRecord{3efeecd u0a163 BTOP change:procadj procs:0 seq(895316,425084)} caps=LCMNFU always=false idle=false
10-09 16:46:37.683  2042  6991 I InputMethodManagerService: IMMS.applyImeVisibility(), setVisible = true, mCurclient = ClientState{c28f9c5 mUid=10172 mPid=25786 mSelfReportedDisplayId=0}
10-09 16:46:37.683  2042  6991 I WindowManager: WMS.showImePostLayout(), imeTarget = Window{13dfb59 u0 com.android.chrome/org.chromium.chrome.browser.ChromeTabbedActivity}
10-09 16:46:37.683  4304  4304 D ArtChoreographerMonitor: invoke error.
10-09 16:46:37.686  4304  4484 D OneHandedController: stopOneHanded state is 0
10-09 16:46:37.689  2042  8104 D CoreBackPreview: Window{13dfb59 u0 com.android.chrome/org.chromium.chrome.browser.ChromeTabbedActivity}: Setting back callback OnBackInvokedCallbackInfo{mCallback=android.window.IOnBackInvokedCallback$Stub$Proxy@c7aee42, mPriority=0, mIsAnimationCallback=false}
10-09 16:46:37.695  4304  4484 D MiuiFreeformModeController: avoidForInsetsBottomChangedIfNeed oldMoveableBottom: 2270 newMoveableBounds: 2270
10-09 16:46:37.700  4304  4484 D OneHandedController: stopOneHanded state is 0
10-09 16:46:37.709  4304  4484 D MiuiFreeformModeController: avoidForInsetsBottomChangedIfNeed oldMoveableBottom: 2270 newMoveableBounds: 2270
10-09 16:46:37.716  2042  6999 D WindowManager: wms.finishDrawingLocked: mDrawState=COMMIT_DRAW_PENDING Window{49d5fba u0 InputMethod} in Surface(name=InputMethod#10703)/@0xf5f8390
10-09 16:46:37.720  2042  8104 I InputMethodManagerService: IMMS.applyImeVisibility(), setVisible = true, mCurclient = ClientState{c28f9c5 mUid=10172 mPid=25786 mSelfReportedDisplayId=0}
10-09 16:46:37.721  2042  2693 I ImeInsetsSourceProvider: ImeInsetsSourceProvider.scheduleShowImePostLayout() Run showImeRunner.
10-09 16:46:37.721  2042  2693 I ImeInsetsSourceProvider: ImeInsetsSourceProvider.scheduleShowImePostLayout() isReadyToShowIme.
10-09 16:46:37.725  2042  8104 I WindowManager: WMS.showImePostLayout(), imeTarget = Window{13dfb59 u0 com.android.chrome/org.chromium.chrome.browser.ChromeTabbedActivity}
10-09 16:46:37.726  2042  2073 I WindowManager: cancelAnimation removed leash : Surface(name=Surface(name=d968687 NavigationBar0#90)/@0x2f479dd - animation-leash of insets_animation#10701)/@0xe66c260
10-09 16:46:37.726  2042  3524 I SmartPower: com.xiaomi.discover/10121(23492): background->idle(3002ms) R(broadcast start Intent { act=android.intent.action.BATTERY_CHANGED flg=0x60000010 (has extras) }) adj=905.
10-09 16:46:37.726  2042  3524 I SmartPower: com.miui.android.fashiongallery/10228(32611): background->idle(3002ms) R(broadcast start Intent { act=android.intent.action.BATTERY_CHANGED flg=0x60000010 (has extras) }) adj=915.
10-09 16:46:37.726  2042  3524 I SmartPower: com.facebook.appmanager/10138(27658): background->idle(3002ms) R(broadcast start Intent { act=android.intent.action.BATTERY_CHANGED flg=0x60000010 (has extras) }) adj=905.
10-09 16:46:37.726  2042  3524 I SmartPower: com.facebook.katana/10243(13231): background->idle(3003ms) R(broadcast start Intent { act=android.intent.action.BATTERY_CHANGED flg=0x60000010 (has extras) }) adj=905.
10-09 16:46:37.726  2042  3524 I SmartPower: com.google.android.apps.tachyon/10226(15532): background->idle(3002ms) R(broadcast start Intent { act=android.intent.action.BATTERY_CHANGED flg=0x60000010 (has extras) }) adj=965.
10-09 16:46:37.726  2042  3524 I SmartPower: com.microsoft.teams/10266(15546): background->idle(3002ms) R(broadcast start Intent { act=android.intent.action.BATTERY_CHANGED flg=0x60000010 (has extras) }) adj=900.
10-09 16:46:37.726  2042  6999 D ActivityManager: checkAllowBackground: uid=10163 pkg=com.google.android.gms rec=UidRecord{3efeecd u0a163 BTOP change:procadj procs:0 seq(895320,425084)} caps=LCMNFU always=false idle=false
10-09 16:46:37.729  2042  2692 I WindowManager: input method visible height changed 701
10-09 16:46:37.728  4304  4484 D MiuiFreeformModeController: avoidForInsetsBottomChangedIfNeed oldMoveableBottom: 2270 newMoveableBounds: 2270
10-09 16:46:37.729  4304  4484 D ImePositionProcessor: onImeVisibilityChanged     isShowing:  true
10-09 16:46:37.730  2042  3126 I ITouchFeature: current device and process support version:2
10-09 16:46:37.730  2042  2692 I WindowManager: wms.showSurfaceRobustly mWin:Window{49d5fba u0 InputMethod}
10-09 16:46:37.730  2042  2692 I ImeInsetsSourceProvider: ImeInsetsSourceProvider.scheduleShowImePostLayout() Run showImeRunner.
10-09 16:46:37.730  2042  2692 I ImeInsetsSourceProvider: ImeInsetsSourceProvider.scheduleShowImePostLayout() isReadyToShowIme.
10-09 16:46:37.730  2042  3524 I SmartPower: com.google.android.apps.magazines/10234(19722): background->idle(3004ms) R(broadcast start Intent { act=android.intent.action.BATTERY_CHANGED flg=0x60000010 (has extras) }) adj=905.
10-09 16:46:37.730  4304  4484 D MiuiFreeformModeController: onImeVisibilityChanged imeVisible: true imeHeight: 701 adjustedForRotation:false
10-09 16:46:37.730  4304  4484 D MiuiFreeformModeAvoidAlgorithm: begin autoOrderingAvoidMiniTask
10-09 16:46:37.731  4304  4484 D MiuiFreeformModeAvoidAlgorithm: getCurrMiniPos: SameSideMiniPosList: []
10-09 16:46:37.731  4304  4484 D MiuiFreeformModeAvoidAlgorithm: getCurrMiniPos: SameSideMiniPosList: []
10-09 16:46:37.731  4304  4484 D MiuiFreeformModeAvoidAlgorithm: end autoOrderingAvoidMiniTask res:AvoidResult{distance=0, combination={}, activeTaskPos=Rect(0, 0 - 0, 0)}
10-09 16:46:37.760  4304  4484 D OneHandedController: stopOneHanded state is 0
10-09 16:46:37.932  4304  4304 D ArtChoreographerMonitor: invoke error.
10-09 16:46:38.563  2042  2042 D UiModeManager: updateConfigurationLocked: mDockState=0; mCarMode=false; mCar=false; mPowerSave=false; mOverrideNightModeOn=false; mOverrideNightModeOff=false; mComputedNightMode=false; mNightMode=1; uiMode=17
10-09 16:46:38.648  2042  6991 D WindowManagerService: checkFlipFullScreenChange is same, nowIsFullScreen = false
10-09 16:46:38.688  2042  6991 D WindowManagerService: checkFlipFullScreenChange is same, nowIsFullScreen = false
10-09 16:46:39.336  2183  2183 I wificond: station_bandwidth: P
10-09 16:46:39.338  4304  4304 D ArtChoreographerMonitor: invoke error.
10-09 16:46:39.506  4304  4304 D ArtChoreographerMonitor: invoke error.
10-09 16:46:39.871  2042  6991 W MIUIInput: Input event injection from package: null action ACTION_DOWN
10-09 16:46:39.874  2042  3516 I ProcessManager: getRenderThreadTidByPid, caller=2042
10-09 16:46:39.876  2042  6991 W MIUIInput: Input event injection from package: null action ACTION_UP
10-09 16:46:39.904  2042  2073 I InputMethodManagerService: IMMS.applyImeVisibility(), setVisible = false, mCurclient = ClientState{c28f9c5 mUid=10172 mPid=25786 mSelfReportedDisplayId=0}
10-09 16:46:39.905  4304  4304 D ArtChoreographerMonitor: invoke error.
10-09 16:46:39.914  4304  4484 D MiuiFreeformModeController: avoidForInsetsBottomChangedIfNeed oldMoveableBottom: 2270 newMoveableBounds: 2270
10-09 16:46:39.914  4304  4484 D ImePositionProcessor: onImeVisibilityChanged     isShowing:  false
10-09 16:46:39.917  2042  6999 W PackageConfigPersister: App-specific configuration not found for packageName: com.android.chrome and userId: 0
10-09 16:46:39.919  4304  4484 D MiuiFreeformModeController: onImeVisibilityChanged imeVisible: false imeHeight: 0 adjustedForRotation:false
10-09 16:46:39.919  4304  4484 D MiuiFreeformModeAvoidAlgorithm: begin autoOrderingAvoidMiniTask
10-09 16:46:39.919  4304  4484 D MiuiFreeformModeAvoidAlgorithm: getCurrMiniPos: SameSideMiniPosList: []
10-09 16:46:39.919  4304  4484 D MiuiFreeformModeAvoidAlgorithm: getCurrMiniPos: SameSideMiniPosList: []
10-09 16:46:39.919  4304  4484 D MiuiFreeformModeAvoidAlgorithm: end autoOrderingAvoidMiniTask res:AvoidResult{distance=0, combination={}, activeTaskPos=Rect(0, 0 - 0, 0)}
10-09 16:46:39.920  2042  2692 I WindowManager: input method visible height changed 0
10-09 16:46:39.920  2042  3126 I ITouchFeature: current device and process support version:2
10-09 16:46:39.939  2042  6991 D CoreBackPreview: Window{13dfb59 u0 com.android.chrome/org.chromium.chrome.browser.ChromeTabbedActivity}: Setting back callback OnBackInvokedCallbackInfo{mCallback=android.window.IOnBackInvokedCallback$Stub$Proxy@f5834a8, mPriority=0, mIsAnimationCallback=true}
10-09 16:46:40.081  4304  4304 D ArtChoreographerMonitor: invoke error.
10-09 16:46:40.445  2042  6879 I SmartPower: com.google.android.inputmethod.latin/10176(6431): visible->invisible(2820ms) R(become invisible) adj=100.
10-09 16:46:40.445  2042  6879 I SmartPower: com.google.android.inputmethod.latin/10176(6431): invisible->background(0ms) R(become background) adj=100.
10-09 16:46:40.448  4304  4484 D MiuiFreeformModeController: avoidForInsetsBottomChangedIfNeed oldMoveableBottom: 2270 newMoveableBounds: 2270
10-09 16:46:40.454  4304  4484 D MiuiFreeformModeController: avoidForInsetsBottomChangedIfNeed oldMoveableBottom: 2270 newMoveableBounds: 2270
10-09 16:46:40.556  2042  2073 W MIUIInput: Input event injection from package: null action ACTION_DOWN
10-09 16:46:40.558  2042  3516 I ProcessManager: getRenderThreadTidByPid, caller=2042
10-09 16:46:40.563  2042  3516 I ProcessManager: getRenderThreadTidByPid, caller=2042
10-09 16:46:40.657  2042  6991 W MIUIInput: Input event injection from package: null action ACTION_UP
10-09 16:46:42.236  2042  6991 W MIUIInput: Input event injection from package: null action ACTION_DOWN
10-09 16:46:42.237  2042  3516 I ProcessManager: getRenderThreadTidByPid, caller=2042
10-09 16:46:42.240  2042  6879 W MIUIInput: Input event injection from package: null action ACTION_UP
10-09 16:46:42.258  2042  6991 I InputMethodManagerService: IMMS.showSoftInput(), client = com.android.internal.inputmethod.IInputMethodClient$Stub$Proxy@94ff354
10-09 16:46:42.258  2042  6991 I InputMethodManagerService: IMMS.showCurrentInputLocked(), flags = 0
10-09 16:46:42.258  2042  6991 D SmartPower: com.google.android.inputmethod.latin/10176(6431): show input method
10-09 16:46:42.258  2042  6991 I SmartPower: com.google.android.inputmethod.latin/10176(6431): background->visible(1814ms) R(show input method) adj=100.
10-09 16:46:42.259  2042  6991 I DefaultImeVisibilityApplier: IMMS.showCurrentInputLocked request ims to show inputMethod.
10-09 16:46:42.259  2042  2073 W PackageConfigPersister: App-specific configuration not found for packageName: com.android.chrome and userId: 0
10-09 16:46:42.295  2042  6991 I InputMethodManagerService: IMMS.showSoftInput(), client = com.android.internal.inputmethod.IInputMethodClient$Stub$Proxy@12f6bf2
10-09 16:46:42.295  2042  6991 I InputMethodManagerService: IMMS.showCurrentInputLocked(), flags = 0
10-09 16:46:42.296  2042  6991 D SmartPower: com.google.android.inputmethod.latin/10176(6431): show input method
10-09 16:46:42.296  2042  6991 I DefaultImeVisibilityApplier: IMMS.showCurrentInputLocked request ims to show inputMethod.
10-09 16:46:42.308  2042  2073 I InputMethodManagerService: IMMS.showSoftInput(), client = com.android.internal.inputmethod.IInputMethodClient$Stub$Proxy@a62f0c0
10-09 16:46:42.308  2042  2073 I InputMethodManagerService: IMMS.showCurrentInputLocked(), flags = 0
10-09 16:46:42.308  2042  2073 D SmartPower: com.google.android.inputmethod.latin/10176(6431): show input method
10-09 16:46:42.309  2042  2073 I DefaultImeVisibilityApplier: IMMS.showCurrentInputLocked request ims to show inputMethod.
10-09 16:46:42.311  2042  6991 I InputMethodManagerService: IMMS.applyImeVisibility(), setVisible = true, mCurclient = ClientState{c28f9c5 mUid=10172 mPid=25786 mSelfReportedDisplayId=0}
10-09 16:46:42.311  2042  6991 I WindowManager: WMS.showImePostLayout(), imeTarget = Window{13dfb59 u0 com.android.chrome/org.chromium.chrome.browser.ChromeTabbedActivity}
10-09 16:46:42.316  2042  6999 D CoreBackPreview: Window{13dfb59 u0 com.android.chrome/org.chromium.chrome.browser.ChromeTabbedActivity}: Setting back callback OnBackInvokedCallbackInfo{mCallback=android.window.IOnBackInvokedCallback$Stub$Proxy@5fb31f9, mPriority=0, mIsAnimationCallback=false}
10-09 16:46:42.320  2042  6879 D ActivityManager: checkAllowBackground: uid=10163 pkg=com.google.android.gms rec=UidRecord{3efeecd u0a163 BTOP change:procadj procs:0 seq(895377,425084)} caps=LCMNFU always=false idle=false
10-09 16:46:42.324  4304  4484 D MiuiFreeformModeController: avoidForInsetsBottomChangedIfNeed oldMoveableBottom: 2270 newMoveableBounds: 2270
10-09 16:46:42.334  4304  4484 D MiuiFreeformModeController: avoidForInsetsBottomChangedIfNeed oldMoveableBottom: 2270 newMoveableBounds: 2270
10-09 16:46:42.346  2042  2073 D WindowManager: wms.finishDrawingLocked: mDrawState=COMMIT_DRAW_PENDING Window{49d5fba u0 InputMethod} in Surface(name=InputMethod#10705)/@0x5855f9f
10-09 16:46:42.348  2042  2693 I ImeInsetsSourceProvider: ImeInsetsSourceProvider.scheduleShowImePostLayout() Run showImeRunner.
10-09 16:46:42.348  2042  2693 I ImeInsetsSourceProvider: ImeInsetsSourceProvider.scheduleShowImePostLayout() isReadyToShowIme.
10-09 16:46:42.349  2042  6999 I InputMethodManagerService: IMMS.applyImeVisibility(), setVisible = true, mCurclient = ClientState{c28f9c5 mUid=10172 mPid=25786 mSelfReportedDisplayId=0}
10-09 16:46:42.353  2042  6879 D ActivityManager: checkAllowBackground: uid=10163 pkg=com.google.android.gms rec=UidRecord{3efeecd u0a163 BTOP change:procadj procs:0 seq(895425,425084)} caps=LCMNFU always=false idle=false
10-09 16:46:42.355  2042  8104 I WindowManager: cancelAnimation removed leash : Surface(name=Surface(name=d968687 NavigationBar0#90)/@0x2f479dd - animation-leash of insets_animation#10704)/@0xb7c039a
10-09 16:46:42.355  2042  6999 I WindowManager: WMS.showImePostLayout(), imeTarget = Window{13dfb59 u0 com.android.chrome/org.chromium.chrome.browser.ChromeTabbedActivity}
10-09 16:46:42.356  2042  2693 I WindowManager: input method visible height changed 701
10-09 16:46:42.356  4304  4484 D MiuiFreeformModeController: avoidForInsetsBottomChangedIfNeed oldMoveableBottom: 2270 newMoveableBounds: 2270
10-09 16:46:42.356  4304  4484 D ImePositionProcessor: onImeVisibilityChanged     isShowing:  true
10-09 16:46:42.357  2042  3126 I ITouchFeature: current device and process support version:2
10-09 16:46:42.357  2042  2693 I WindowManager: wms.showSurfaceRobustly mWin:Window{49d5fba u0 InputMethod}
10-09 16:46:42.357  2042  2693 I ImeInsetsSourceProvider: ImeInsetsSourceProvider.scheduleShowImePostLayout() Run showImeRunner.
10-09 16:46:42.357  2042  2693 I ImeInsetsSourceProvider: ImeInsetsSourceProvider.scheduleShowImePostLayout() isReadyToShowIme.
10-09 16:46:42.360  4304  4484 D MiuiFreeformModeController: onImeVisibilityChanged imeVisible: true imeHeight: 701 adjustedForRotation:false
10-09 16:46:42.360  4304  4484 D MiuiFreeformModeAvoidAlgorithm: begin autoOrderingAvoidMiniTask
10-09 16:46:42.360  4304  4484 D MiuiFreeformModeAvoidAlgorithm: getCurrMiniPos: SameSideMiniPosList: []
10-09 16:46:42.360  4304  4484 D MiuiFreeformModeAvoidAlgorithm: getCurrMiniPos: SameSideMiniPosList: []
10-09 16:46:42.360  4304  4484 D MiuiFreeformModeAvoidAlgorithm: end autoOrderingAvoidMiniTask res:AvoidResult{distance=0, combination={}, activeTaskPos=Rect(0, 0 - 0, 0)}
10-09 16:46:42.361  2183  2183 I wificond: station_bandwidth: P
10-09 16:46:42.365  4304  4304 D ArtChoreographerMonitor: invoke error.
10-09 16:46:42.369  2042  6999 I InputMethodManagerService: IMMS.applyImeVisibility(), setVisible = true, mCurclient = ClientState{c28f9c5 mUid=10172 mPid=25786 mSelfReportedDisplayId=0}
10-09 16:46:42.372  2042  6999 I WindowManager: WMS.showImePostLayout(), imeTarget = Window{13dfb59 u0 com.android.chrome/org.chromium.chrome.browser.ChromeTabbedActivity}
10-09 16:46:42.374  2042  2693 I ImeInsetsSourceProvider: ImeInsetsSourceProvider.scheduleShowImePostLayout() Run showImeRunner.
10-09 16:46:42.374  2042  2693 I ImeInsetsSourceProvider: ImeInsetsSourceProvider.scheduleShowImePostLayout() isReadyToShowIme.
10-09 16:46:42.394  4304  4484 D OneHandedController: stopOneHanded state is 0
10-09 16:46:42.563  4304  4304 D ArtChoreographerMonitor: invoke error.
10-09 16:46:42.573  2042  2702 D HeapUsage Monitor: HeapAllocSize : 104MB; monitorSize : 500MB
10-09 16:46:43.133  2042  6991 D WindowManagerService: checkFlipFullScreenChange is same, nowIsFullScreen = false
10-09 16:46:43.157  2042  6991 D WindowManagerService: checkFlipFullScreenChange is same, nowIsFullScreen = false
10-09 16:46:43.204  2042  6991 W MIUIInput: Input event injection from package: null action ACTION_DOWN keycode 66
10-09 16:46:43.204  2042  6991 W MiuiInputKeyEventLog: keyCode:66 down:true eventTime:46212460 downTime:46212460 policyFlags:2b000000 flags:0 metaState:0 deviceId:-1 isScreenOn:true keyguardActive:false repeatCount:0
10-09 16:46:43.211  2042  6991 W MIUIInput: Input event injection from package: null action ACTION_UP keycode 66
10-09 16:46:43.211  2042  6991 W MiuiInputKeyEventLog: keyCode:66 down:false eventTime:46212460 downTime:46212460 policyFlags:2b000000 flags:0 metaState:0 deviceId:-1 isScreenOn:true keyguardActive:false repeatCount:0
10-09 16:46:43.220  2042  6991 D ActivityManager: checkAllowBackground: uid=10163 pkg=com.google.android.gms rec=UidRecord{3efeecd u0a163 BTOP change:procadj procs:0 seq(895429,425084)} caps=LCMNFU always=false idle=false
10-09 16:46:43.232  2042  6991 D ActivityManager: checkAllowBackground: uid=10163 pkg=com.google.android.gms rec=UidRecord{3efeecd u0a163 BTOP change:procadj procs:0 seq(895433,425084)} caps=LCMNFU always=false idle=false
10-09 16:46:43.240  2042  6879 D ActivityManager: checkAllowBackground: uid=10163 pkg=com.google.android.gms rec=UidRecord{3efeecd u0a163 BTOP change:procadj procs:0 seq(895437,425084)} caps=LCMNFU always=false idle=false
10-09 16:46:43.394  2042  6879 W PackageConfigPersister: App-specific configuration not found for packageName: com.android.chrome and userId: 0
10-09 16:46:43.395  2042  4772 D SchedBoost: com.android.chrome:sandboxed_process0:org.chromium.content.app.SandboxedProcessService0:6 boosting, skip reset priority
10-09 16:46:43.400  2042  6998 I InputMethodManagerService: IMMS.applyImeVisibility(), setVisible = false, mCurclient = ClientState{c28f9c5 mUid=10172 mPid=25786 mSelfReportedDisplayId=0}
10-09 16:46:43.402  4304  4304 D ArtChoreographerMonitor: invoke error.
10-09 16:46:43.420  2042  6991 D CoreBackPreview: Window{13dfb59 u0 com.android.chrome/org.chromium.chrome.browser.ChromeTabbedActivity}: Setting back callback OnBackInvokedCallbackInfo{mCallback=android.window.IOnBackInvokedCallback$Stub$Proxy@a00d984, mPriority=0, mIsAnimationCallback=true}
10-09 16:46:43.424  4304  4484 D MiuiFreeformModeController: avoidForInsetsBottomChangedIfNeed oldMoveableBottom: 2270 newMoveableBounds: 2270
10-09 16:46:43.424  4304  4484 D ImePositionProcessor: onImeVisibilityChanged     isShowing:  false
10-09 16:46:43.430  2042  2693 I WindowManager: input method visible height changed 0
10-09 16:46:43.430  2042  3126 I ITouchFeature: current device and process support version:2
10-09 16:46:43.433  4304  4484 D MiuiFreeformModeController: onImeVisibilityChanged imeVisible: false imeHeight: 0 adjustedForRotation:false
10-09 16:46:43.434  4304  4484 D MiuiFreeformModeAvoidAlgorithm: begin autoOrderingAvoidMiniTask
10-09 16:46:43.434  4304  4484 D MiuiFreeformModeAvoidAlgorithm: getCurrMiniPos: SameSideMiniPosList: []
10-09 16:46:43.434  4304  4484 D MiuiFreeformModeAvoidAlgorithm: getCurrMiniPos: SameSideMiniPosList: []
10-09 16:46:43.434  4304  4484 D MiuiFreeformModeAvoidAlgorithm: end autoOrderingAvoidMiniTask res:AvoidResult{distance=0, combination={}, activeTaskPos=Rect(0, 0 - 0, 0)}
10-09 16:46:43.577  4304  4304 D ArtChoreographerMonitor: invoke error.
10-09 16:46:43.953  2042  6879 I SmartPower: com.google.android.inputmethod.latin/10176(6431): visible->invisible(1695ms) R(become invisible) adj=100.
10-09 16:46:43.954  2042  6879 I SmartPower: com.google.android.inputmethod.latin/10176(6431): invisible->background(0ms) R(become background) adj=100.
10-09 16:46:43.957  4304  4484 D MiuiFreeformModeController: avoidForInsetsBottomChangedIfNeed oldMoveableBottom: 2270 newMoveableBounds: 2270
10-09 16:46:43.963  4304  4484 D MiuiFreeformModeController: avoidForInsetsBottomChangedIfNeed oldMoveableBottom: 2270 newMoveableBounds: 2270
10-09 16:46:43.994  2042  2042 D UiModeManager: updateConfigurationLocked: mDockState=0; mCarMode=false; mCar=false; mPowerSave=false; mOverrideNightModeOn=false; mOverrideNightModeOff=false; mComputedNightMode=false; mNightMode=1; uiMode=17
10-09 16:46:44.374  2042  6879 W MIUIInput: Input event injection from package: null action ACTION_DOWN
10-09 16:46:44.375  2042  3516 I ProcessManager: getRenderThreadTidByPid, caller=2042
10-09 16:46:44.378  2042  3516 I ProcessManager: getRenderThreadTidByPid, caller=2042
10-09 16:46:44.472  2042  6879 W MIUIInput: Input event injection from package: null action ACTION_UP
10-09 16:46:44.491  2042  2787 I SmartPower: com.xiaomi.discover/10121(23492): idle->background(6765ms) R(broadcast start Intent { act=android.intent.action.BATTERY_CHANGED flg=0x60000010 (has extras) }) adj=905.
10-09 16:46:44.491  2042  2787 I SmartPower: com.miui.android.fashiongallery/10228(32611): idle->background(6765ms) R(broadcast start Intent { act=android.intent.action.BATTERY_CHANGED flg=0x60000010 (has extras) }) adj=915.
10-09 16:46:44.491  2042  2787 I SmartPower: com.facebook.appmanager/10138(27658): idle->background(6766ms) R(broadcast start Intent { act=android.intent.action.BATTERY_CHANGED flg=0x60000010 (has extras) }) adj=905.
10-09 16:46:44.492  2042  2787 I SmartPower: com.facebook.katana/10243(13231): idle->background(6766ms) R(broadcast start Intent { act=android.intent.action.BATTERY_CHANGED flg=0x60000010 (has extras) }) adj=905.
10-09 16:46:44.493  2042  2787 I SmartPower: com.google.android.apps.tachyon/10226(15532): idle->background(6766ms) R(broadcast start Intent { act=android.intent.action.BATTERY_CHANGED flg=0x60000010 (has extras) }) adj=965.
10-09 16:46:44.493  2042  2787 I SmartPower: com.microsoft.teams/10266(15546): idle->background(6767ms) R(broadcast start Intent { act=android.intent.action.BATTERY_CHANGED flg=0x60000010 (has extras) }) adj=900.
10-09 16:46:44.494  2042  2787 I SmartPower: com.google.android.apps.magazines/10234(19722): idle->background(6764ms) R(broadcast start Intent { act=android.intent.action.BATTERY_CHANGED flg=0x60000010 (has extras) }) adj=905.
10-09 16:46:45.327  2042  6879 W MIUIInput: Input event injection from package: null action ACTION_DOWN
10-09 16:46:45.330  2042  3516 I ProcessManager: getRenderThreadTidByPid, caller=2042
10-09 16:46:45.331  2042  3516 I ProcessManager: getRenderThreadTidByPid, caller=2042
10-09 16:46:45.369  2183  2183 I wificond: station_bandwidth: P
10-09 16:46:45.427  2042  6879 W MIUIInput: Input event injection from package: null action ACTION_UP
10-09 16:46:46.295  2042  4772 W MIUIInput: Input event injection from package: null action ACTION_DOWN
10-09 16:46:46.297  2042  3516 I ProcessManager: getRenderThreadTidByPid, caller=2042
10-09 16:46:46.300  2042  3516 I ProcessManager: getRenderThreadTidByPid, caller=2042
10-09 16:46:46.388  2042  4772 W MIUIInput: Input event injection from package: null action ACTION_UP
10-09 16:46:46.953  2042  3524 I SmartPower: com.google.android.inputmethod.latin/10176(6431): background->idle(3000ms) R(become background) adj=100.
10-09 16:46:47.256  2042  4772 W MIUIInput: Input event injection from package: null action ACTION_DOWN
10-09 16:46:47.257  2042  3516 I ProcessManager: getRenderThreadTidByPid, caller=2042
10-09 16:46:47.260  2042  3516 I ProcessManager: getRenderThreadTidByPid, caller=2042
10-09 16:46:47.347  2042  4772 W MIUIInput: Input event injection from package: null action ACTION_UP
10-09 16:46:47.491  2042  3524 I SmartPower: com.xiaomi.discover/10121(23492): background->idle(3001ms) R(broadcast start Intent { act=android.intent.action.BATTERY_CHANGED flg=0x60000010 (has extras) }) adj=905.
10-09 16:46:47.491  2042  3524 I SmartPower: com.miui.android.fashiongallery/10228(32611): background->idle(3001ms) R(broadcast start Intent { act=android.intent.action.BATTERY_CHANGED flg=0x60000010 (has extras) }) adj=915.
10-09 16:46:47.491  2042  3524 I SmartPower: com.facebook.appmanager/10138(27658): background->idle(3000ms) R(broadcast start Intent { act=android.intent.action.BATTERY_CHANGED flg=0x60000010 (has extras) }) adj=905.
10-09 16:46:47.496  2042  3524 I SmartPower: com.facebook.katana/10243(13231): background->idle(3003ms) R(broadcast start Intent { act=android.intent.action.BATTERY_CHANGED flg=0x60000010 (has extras) }) adj=905.
10-09 16:46:47.496  2042  3524 I SmartPower: com.google.android.apps.tachyon/10226(15532): background->idle(3003ms) R(broadcast start Intent { act=android.intent.action.BATTERY_CHANGED flg=0x60000010 (has extras) }) adj=965.
10-09 16:46:47.497  2042  3524 I SmartPower: com.microsoft.teams/10266(15546): background->idle(3003ms) R(broadcast start Intent { act=android.intent.action.BATTERY_CHANGED flg=0x60000010 (has extras) }) adj=900.
10-09 16:46:47.497  2042  3524 I SmartPower: com.google.android.apps.magazines/10234(19722): background->idle(3004ms) R(broadcast start Intent { act=android.intent.action.BATTERY_CHANGED flg=0x60000010 (has extras) }) adj=905.
10-09 16:46:48.208  2042  6879 W MIUIInput: Input event injection from package: null action ACTION_DOWN
10-09 16:46:48.210  2042  3516 I ProcessManager: getRenderThreadTidByPid, caller=2042
10-09 16:46:48.212  2042  3516 I ProcessManager: getRenderThreadTidByPid, caller=2042
10-09 16:46:48.300  2042  6879 W MIUIInput: Input event injection from package: null action ACTION_UP
10-09 16:46:48.376  2183  2183 I wificond: station_bandwidth: P
10-09 16:46:49.160  2042  8104 W MIUIInput: Input event injection from package: null action ACTION_DOWN
10-09 16:46:49.162  2042  3516 I ProcessManager: getRenderThreadTidByPid, caller=2042
10-09 16:46:49.165  2042  3516 I ProcessManager: getRenderThreadTidByPid, caller=2042
10-09 16:46:49.254  2042  8104 W MIUIInput: Input event injection from package: null action ACTION_UP
10-09 16:46:50.178  2042  6991 W MIUIInput: Input event injection from package: null action ACTION_DOWN
10-09 16:46:50.180  2042  3516 I ProcessManager: getRenderThreadTidByPid, caller=2042
10-09 16:46:50.183  2042  6991 W MIUIInput: Input event injection from package: null action ACTION_UP
10-09 16:46:50.203  2042  6991 D ActivityManager: checkAllowBackground: uid=10163 pkg=com.google.android.gms rec=UidRecord{3efeecd u0a163 BTOP change:procadj procs:0 seq(895443,425084)} caps=LCMNFU always=false idle=false
