--------- beginning of crash
09-30 02:36:24.484  1558  1558 I emdlogger: mtk-brm-commit-id:2833288c68103f17f4843653d1b9a6fbd2f6e149
09-30 02:36:24.498  1558  1558 I emdlogger: mtk-brm-change-id:I6afe606aa6a21dad7f79560b154220d5ade63e14
09-30 02:36:24.499  1558  1558 I emdlogger: mtk-brm-merge-id:none
09-30 02:36:24.544  1534  1534 I libimsma_adapt: mtk-brm-commit-id:08c165c9fffde5e436e743d3aa5d9496d79cbc21
09-30 02:36:24.545  1534  1534 I libimsma_adapt: mtk-brm-change-id:I5d32ca5715dae8f0bcd34ce3d65cbe31e750f432
09-30 02:36:24.545  1534  1534 I libimsma_adapt: mtk-brm-merge-id:none
09-30 12:11:43.791  2938  2938 I SmartRatSwitch: mtk-brm-commit-id:5fafc7f90721207346ff793b0242d9143ebe08b5
09-30 12:11:43.793  2938  2938 I SmartRatSwitch: mtk-brm-change-id:I78997b642e154a4486e6f4d8caf000b0aab4b465
09-30 12:11:43.793  2938  2938 I SmartRatSwitch: mtk-brm-merge-id:none
10-06 14:43:03.589 32186 32204 E AndroidRuntime: FATAL EXCEPTION: Instr: androidx.test.runner.AndroidJUnitRunner
10-06 14:43:03.589 32186 32204 E AndroidRuntime: Process: io.appium.uiautomator2.server, PID: 32186
10-06 14:43:03.589 32186 32204 E AndroidRuntime: java.lang.RuntimeException: Error while disconnecting UiAutomation@dc362ca[id=-1, displayId=0, flags=0]
10-06 14:43:03.589 32186 32204 E AndroidRuntime: 	at android.app.UiAutomation.disconnect(UiAutomation.java:451)
10-06 14:43:03.589 32186 32204 E AndroidRuntime: 	at android.app.Instrumentation.finish(Instrumentation.java:275)
10-06 14:43:03.589 32186 32204 E AndroidRuntime: 	at androidx.test.runner.MonitoringInstrumentation.finish(MonitoringInstrumentation.java:381)
10-06 14:43:03.589 32186 32204 E AndroidRuntime: 	at androidx.test.runner.AndroidJUnitRunner.finish(AndroidJUnitRunner.java:463)
10-06 14:43:03.589 32186 32204 E AndroidRuntime: 	at androidx.test.runner.AndroidJUnitRunner.onStart(AndroidJUnitRunner.java:452)
10-06 14:43:03.589 32186 32204 E AndroidRuntime: 	at android.app.Instrumentation$InstrumentationThread.run(Instrumentation.java:2440)
10-06 14:43:03.589 32186 32204 E AndroidRuntime: Caused by: android.os.DeadObjectException
10-06 14:43:03.589 32186 32204 E AndroidRuntime: 	at android.os.BinderProxy.transactNative(Native Method)
10-06 14:43:03.589 32186 32204 E AndroidRuntime: 	at android.os.BinderProxy.transact(BinderProxy.java:639)
10-06 14:43:03.589 32186 32204 E AndroidRuntime: 	at android.app.IUiAutomationConnection$Stub$Proxy.disconnect(IUiAutomationConnection.java:471)
10-06 14:43:03.589 32186 32204 E AndroidRuntime: 	at android.app.UiAutomation.disconnect(UiAutomation.java:449)
10-06 14:43:03.589 32186 32204 E AndroidRuntime: 	... 5 more
10-06 15:42:53.491 24061 24079 E AndroidRuntime: FATAL EXCEPTION: Instr: androidx.test.runner.AndroidJUnitRunner
10-06 15:42:53.491 24061 24079 E AndroidRuntime: Process: io.appium.uiautomator2.server, PID: 24061
10-06 15:42:53.491 24061 24079 E AndroidRuntime: java.lang.RuntimeException: Error while disconnecting UiAutomation@14d1251[id=-1, displayId=0, flags=0]
10-06 15:42:53.491 24061 24079 E AndroidRuntime: 	at android.app.UiAutomation.disconnect(UiAutomation.java:451)
10-06 15:42:53.491 24061 24079 E AndroidRuntime: 	at android.app.Instrumentation.finish(Instrumentation.java:275)
10-06 15:42:53.491 24061 24079 E AndroidRuntime: 	at androidx.test.runner.MonitoringInstrumentation.finish(MonitoringInstrumentation.java:381)
10-06 15:42:53.491 24061 24079 E AndroidRuntime: 	at androidx.test.runner.AndroidJUnitRunner.finish(AndroidJUnitRunner.java:463)
10-06 15:42:53.491 24061 24079 E AndroidRuntime: 	at androidx.test.runner.AndroidJUnitRunner.onStart(AndroidJUnitRunner.java:452)
10-06 15:42:53.491 24061 24079 E AndroidRuntime: 	at android.app.Instrumentation$InstrumentationThread.run(Instrumentation.java:2440)
10-06 15:42:53.491 24061 24079 E AndroidRuntime: Caused by: android.os.DeadObjectException
10-06 15:42:53.491 24061 24079 E AndroidRuntime: 	at android.os.BinderProxy.transactNative(Native Method)
10-06 15:42:53.491 24061 24079 E AndroidRuntime: 	at android.os.BinderProxy.transact(BinderProxy.java:639)
10-06 15:42:53.491 24061 24079 E AndroidRuntime: 	at android.app.IUiAutomationConnection$Stub$Proxy.disconnect(IUiAutomationConnection.java:471)
10-06 15:42:53.491 24061 24079 E AndroidRuntime: 	at android.app.UiAutomation.disconnect(UiAutomation.java:449)
10-06 15:42:53.491 24061 24079 E AndroidRuntime: 	... 5 more
10-08 14:35:58.835  8798  8819 E AndroidRuntime: FATAL EXCEPTION: Instr: androidx.test.runner.AndroidJUnitRunner
10-08 14:35:58.835  8798  8819 E AndroidRuntime: Process: io.appium.uiautomator2.server, PID: 8798
10-08 14:35:58.835  8798  8819 E AndroidRuntime: java.lang.RuntimeException: Error while disconnecting UiAutomation@68ee26e[id=-1, displayId=0, flags=0]
10-08 14:35:58.835  8798  8819 E AndroidRuntime: 	at android.app.UiAutomation.disconnect(UiAutomation.java:451)
10-08 14:35:58.835  8798  8819 E AndroidRuntime: 	at android.app.Instrumentation.finish(Instrumentation.java:275)
10-08 14:35:58.835  8798  8819 E AndroidRuntime: 	at androidx.test.runner.MonitoringInstrumentation.finish(MonitoringInstrumentation.java:381)
10-08 14:35:58.835  8798  8819 E AndroidRuntime: 	at androidx.test.runner.AndroidJUnitRunner.finish(AndroidJUnitRunner.java:463)
10-08 14:35:58.835  8798  8819 E AndroidRuntime: 	at androidx.test.runner.AndroidJUnitRunner.onStart(AndroidJUnitRunner.java:452)
10-08 14:35:58.835  8798  8819 E AndroidRuntime: 	at android.app.Instrumentation$InstrumentationThread.run(Instrumentation.java:2440)
10-08 14:35:58.835  8798  8819 E AndroidRuntime: Caused by: android.os.DeadObjectException
10-08 14:35:58.835  8798  8819 E AndroidRuntime: 	at android.os.BinderProxy.transactNative(Native Method)
10-08 14:35:58.835  8798  8819 E AndroidRuntime: 	at android.os.BinderProxy.transact(BinderProxy.java:639)
10-08 14:35:58.835  8798  8819 E AndroidRuntime: 	at android.app.IUiAutomationConnection$Stub$Proxy.disconnect(IUiAutomationConnection.java:471)
10-08 14:35:58.835  8798  8819 E AndroidRuntime: 	at android.app.UiAutomation.disconnect(UiAutomation.java:449)
10-08 14:35:58.835  8798  8819 E AndroidRuntime: 	... 5 more
10-09 09:52:15.631  6455  6472 E AndroidRuntime: FATAL EXCEPTION: Instr: androidx.test.runner.AndroidJUnitRunner
10-09 09:52:15.631  6455  6472 E AndroidRuntime: Process: io.appium.uiautomator2.server, PID: 6455
10-09 09:52:15.631  6455  6472 E AndroidRuntime: java.lang.RuntimeException: Error while disconnecting UiAutomation@ed66072[id=-1, displayId=0, flags=0]
10-09 09:52:15.631  6455  6472 E AndroidRuntime: 	at android.app.UiAutomation.disconnect(UiAutomation.java:451)
10-09 09:52:15.631  6455  6472 E AndroidRuntime: 	at android.app.Instrumentation.finish(Instrumentation.java:275)
10-09 09:52:15.631  6455  6472 E AndroidRuntime: 	at androidx.test.runner.MonitoringInstrumentation.finish(MonitoringInstrumentation.java:381)
10-09 09:52:15.631  6455  6472 E AndroidRuntime: 	at androidx.test.runner.AndroidJUnitRunner.finish(AndroidJUnitRunner.java:463)
10-09 09:52:15.631  6455  6472 E AndroidRuntime: 	at androidx.test.runner.AndroidJUnitRunner.onStart(AndroidJUnitRunner.java:452)
10-09 09:52:15.631  6455  6472 E AndroidRuntime: 	at android.app.Instrumentation$InstrumentationThread.run(Instrumentation.java:2440)
10-09 09:52:15.631  6455  6472 E AndroidRuntime: Caused by: android.os.DeadObjectException
10-09 09:52:15.631  6455  6472 E AndroidRuntime: 	at android.os.BinderProxy.transactNative(Native Method)
10-09 09:52:15.631  6455  6472 E AndroidRuntime: 	at android.os.BinderProxy.transact(BinderProxy.java:639)
10-09 09:52:15.631  6455  6472 E AndroidRuntime: 	at android.app.IUiAutomationConnection$Stub$Proxy.disconnect(IUiAutomationConnection.java:471)
10-09 09:52:15.631  6455  6472 E AndroidRuntime: 	at android.app.UiAutomation.disconnect(UiAutomation.java:449)
10-09 09:52:15.631  6455  6472 E AndroidRuntime: 	... 5 more
10-10 11:31:59.685 16596 16613 E AndroidRuntime: FATAL EXCEPTION: Instr: androidx.test.runner.AndroidJUnitRunner
10-10 11:31:59.685 16596 16613 E AndroidRuntime: Process: io.appium.uiautomator2.server, PID: 16596
10-10 11:31:59.685 16596 16613 E AndroidRuntime: java.lang.RuntimeException: Error while disconnecting UiAutomation@cbc2880[id=-1, displayId=0, flags=0]
10-10 11:31:59.685 16596 16613 E AndroidRuntime: 	at android.app.UiAutomation.disconnect(UiAutomation.java:451)
10-10 11:31:59.685 16596 16613 E AndroidRuntime: 	at android.app.Instrumentation.finish(Instrumentation.java:275)
10-10 11:31:59.685 16596 16613 E AndroidRuntime: 	at androidx.test.runner.MonitoringInstrumentation.finish(MonitoringInstrumentation.java:381)
10-10 11:31:59.685 16596 16613 E AndroidRuntime: 	at androidx.test.runner.AndroidJUnitRunner.finish(AndroidJUnitRunner.java:463)
10-10 11:31:59.685 16596 16613 E AndroidRuntime: 	at androidx.test.runner.AndroidJUnitRunner.onStart(AndroidJUnitRunner.java:452)
10-10 11:31:59.685 16596 16613 E AndroidRuntime: 	at android.app.Instrumentation$InstrumentationThread.run(Instrumentation.java:2440)
10-10 11:31:59.685 16596 16613 E AndroidRuntime: Caused by: android.os.DeadObjectException
10-10 11:31:59.685 16596 16613 E AndroidRuntime: 	at android.os.BinderProxy.transactNative(Native Method)
10-10 11:31:59.685 16596 16613 E AndroidRuntime: 	at android.os.BinderProxy.transact(BinderProxy.java:639)
10-10 11:31:59.685 16596 16613 E AndroidRuntime: 	at android.app.IUiAutomationConnection$Stub$Proxy.disconnect(IUiAutomationConnection.java:471)
10-10 11:31:59.685 16596 16613 E AndroidRuntime: 	at android.app.UiAutomation.disconnect(UiAutomation.java:449)
10-10 11:31:59.685 16596 16613 E AndroidRuntime: 	... 5 more
--------- beginning of system
10-13 11:45:05.991  1902  2775 I AppsFilter: interaction: PackageSetting{e17493b io.appium.uiautomator2.server/10378} -> PackageSetting{674919f com.android.wallpaperpicker/10200} BLOCKED
10-13 11:45:05.991  1902  2775 I AppsFilter: interaction: PackageSetting{e17493b io.appium.uiautomator2.server/10378} -> PackageSetting{a948bf9 com.android.internal.systemui.navbar.gestural_narrow_back/10043} BLOCKED
10-13 11:45:05.991  1902  2775 I AppsFilter: interaction: PackageSetting{e17493b io.appium.uiautomator2.server/10378} -> PackageSetting{3faa2ec com.google.android.photopicker/10011} BLOCKED
10-13 11:45:05.991  1902  2775 I AppsFilter: interaction: PackageSetting{e17493b io.appium.uiautomator2.server/10378} -> PackageSetting{db1916c com.microsoft.teams/10321} BLOCKED
10-13 11:45:05.991  1902  2775 I AppsFilter: interaction: PackageSetting{e17493b io.appium.uiautomator2.server/10378} -> PackageSetting{de376b5 com.miui.core/10152} BLOCKED
10-13 11:45:05.991  1902  2775 I AppsFilter: interaction: PackageSetting{e17493b io.appium.uiautomator2.server/10378} -> PackageSetting{d02e14a com.google.android.inputmethod.latin/10196} BLOCKED
10-13 11:45:05.991  1902  2775 I AppsFilter: interaction: PackageSetting{e17493b io.appium.uiautomator2.server/10378} -> PackageSetting{41aa8bb com.google.android.apps.restore/10174} BLOCKED
10-13 11:45:06.144  1902  2775 I WakePathChecker: MIUILOG-WAKEPATH pushWakePathWhiteList: userId=0 size=6
10-13 11:45:06.182  1902  2775 I ActivityManager: Flag disabled. Ignoring finishAttachApplication from uid: 10378. pid: 6233
10-13 11:45:06.190  1902  2775 D CompatibilityChangeReporter: Compat change id reported: 161145287; UID 10378; state: DISABLED
10-13 11:45:06.701  1902  1985 D PermissionManager: writeLegacyPermissionState for user  in 50 ms.
10-13 11:45:07.305  1902  2775 I WakePathChecker: MIUILOG-WAKEPATH pushWakePathWhiteList: userId=0 size=6
10-13 11:45:07.355  1902  2775 D AccessibilityManagerService: changeCurrentUserForTestAutomationIfNeededLocked(0): ignoring because device doesn't support visible background users
10-13 11:45:07.355  1902  2775 I UiAutomationManager: Registering UiTestAutomationService (id=com.android.server.accessibility/UiAutomation) when called by user 0
10-13 11:45:07.364  1902  2775 W WindowMagnificationMgr: requestConnection duplicated request: connect=false, mConnectionState=DISCONNECTED
10-13 11:45:07.377  1902  2775 W WindowMagnificationMgr: requestConnection duplicated request: connect=false, mConnectionState=DISCONNECTED
10-13 11:45:07.387  1902 23260 I PowerManagerServiceImpl: Acquire wakelock: SCREEN_DIM_WAKE_LOCK           'UiAutomator2:ScreenKeeper' (uid=10378 pid=6233 pkg=io.appium.uiautomator2.server)
10-13 11:45:07.401  1902  1902 D BatterySaverPolicy: accessibility changed to true, updating policy.
10-13 11:45:07.633  1556  1556 I wificond: station_bandwidth: 
10-13 11:45:07.721  1902  2682 W WindowMagnificationMgr: requestConnection duplicated request: connect=false, mConnectionState=DISCONNECTED
10-13 11:45:07.947  1902  2682 I ActivityManager: Force stopping eu.europa.ec.euidi appid=10390 user=0: from process:6262
10-13 11:45:07.953  1902  2682 I AppsFilter: interaction: PackageSetting{3102a1f com.android.microdroid.empty_payload/10336} -> PackageSetting{e2e1d25 eu.europa.ec.euidi/10390} BLOCKED
10-13 11:45:07.953  1902  2682 I AppsFilter: interaction: PackageSetting{4720335 io.appium.uiautomator2.server.test/10379} -> PackageSetting{e2e1d25 eu.europa.ec.euidi/10390} BLOCKED
10-13 11:45:07.954  1902  2682 I AppsFilter: interaction: PackageSetting{183b3ca com.fido.asm/10112} -> PackageSetting{e2e1d25 eu.europa.ec.euidi/10390} BLOCKED
10-13 11:45:07.954  1902  2682 I AppsFilter: interaction: PackageSetting{e17493b io.appium.uiautomator2.server/10378} -> PackageSetting{e2e1d25 eu.europa.ec.euidi/10390} BLOCKED
10-13 11:45:07.954  1902  2682 I AppsFilter: interaction: PackageSetting{6dc5858 io.appium.settings/10326} -> PackageSetting{e2e1d25 eu.europa.ec.euidi/10390} BLOCKED
10-13 11:45:08.125  1902  2620 I SmartPower: com.google.android.documentsui/10068(25415): background->idle(3001ms) R(broadcast start Intent { act=android.intent.action.PACKAGE_DATA_CLEARED dat=package: flg=0x5000010 (has extras) }) adj=915.
10-13 11:45:08.126  1902  2620 I SmartPower: com.android.chrome/10190(30757): background->idle(3000ms) R(broadcast start Intent { act=android.intent.action.PACKAGE_DATA_CLEARED dat=package: flg=0x5000010 (has extras) }) adj=915.
10-13 11:45:08.140  1902  2620 I SmartPower: com.android.vending:background/10184(18309): background->idle(3002ms) R(broadcast start Intent { act=android.intent.action.PACKAGE_DATA_CLEARED dat=package: flg=0x5000010 (has extras) }) adj=905.
10-13 11:45:08.143  1902  2620 I SmartPower: com.google.android.permissioncontroller/10221(15681): background->idle(3001ms) R(broadcast start Intent { act=android.intent.action.PACKAGE_DATA_CLEARED dat=package: flg=0x5000010 (has extras) }) adj=905.
10-13 11:45:08.151  1902  2620 I SmartPower: com.xiaomi.aicr:searchDataService/10329(25443): background->idle(3001ms) R(broadcast start Intent { act=android.intent.action.PACKAGE_DATA_CLEARED dat=package: flg=0x5000010 (has extras) }) adj=905.
10-13 11:45:08.209  1902  2682 D CompatibilityChangeReporter: Compat change id reported: 161252188; UID 10390; state: DISABLED
10-13 11:45:08.211  1902  2682 W ActivityTaskManager: callingPackage for (uid=2000, pid=6262) has no WPC
10-13 11:45:08.215  1902  2682 D CompatibilityChangeReporter: Compat change id reported: 265464455; UID 10390; state: DISABLED
10-13 11:45:08.216  1902  2682 D CompatibilityChangeReporter: Compat change id reported: 265452344; UID 10390; state: DISABLED
10-13 11:45:08.217  1902  2682 D CompatibilityChangeReporter: Compat change id reported: 266124927; UID 10390; state: DISABLED
10-13 11:45:08.217  1902  2682 D CompatibilityChangeReporter: Compat change id reported: 265451093; UID 10390; state: DISABLED
10-13 11:45:08.218  1902  2682 D CompatibilityChangeReporter: Compat change id reported: 265456536; UID 10390; state: DISABLED
10-13 11:45:08.219  1902  2682 D CompatibilityChangeReporter: Compat change id reported: 255940284; UID 10390; state: DISABLED
10-13 11:45:08.220  1902  2682 D CompatibilityChangeReporter: Compat change id reported: 236283604; UID 10390; state: DISABLED
10-13 11:45:08.220  1902  2682 D CompatibilityChangeReporter: Compat change id reported: 263959004; UID 10390; state: DISABLED
10-13 11:45:08.222  1902  2682 D CompatibilityChangeReporter: Compat change id reported: 264304459; UID 10390; state: DISABLED
10-13 11:45:08.223  1902  2682 D CompatibilityChangeReporter: Compat change id reported: 264301586; UID 10390; state: DISABLED
10-13 11:45:08.224  1902  2682 D CompatibilityChangeReporter: Compat change id reported: 254631730; UID 10390; state: DISABLED
10-13 11:45:08.224  1902  2682 D CompatibilityChangeReporter: Compat change id reported: 273509367; UID 10390; state: DISABLED
10-13 11:45:08.225  1902  2682 D CompatibilityChangeReporter: Compat change id reported: 263259275; UID 10390; state: DISABLED
10-13 11:45:08.226  1902  2682 D CompatibilityChangeReporter: Compat change id reported: 174042980; UID 10390; state: DISABLED
10-13 11:45:08.227  1902  2682 D CompatibilityChangeReporter: Compat change id reported: 174042936; UID 10390; state: DISABLED
10-13 11:45:08.227  1902  2682 D CompatibilityChangeReporter: Compat change id reported: 181136395; UID 10390; state: DISABLED
10-13 11:45:08.229  1902  2682 D CompatibilityChangeReporter: Compat change id reported: 194480991; UID 10390; state: ENABLED
10-13 11:45:08.231  1902  2682 D WindowManager: Collecting in transition 1621: ActivityRecord{1aebf83 u0 eu.europa.ec.euidi/eu.europa.ec.assemblylogic.ui.MainActivity init visibleRequested:false
10-13 11:45:08.232  1902  2682 D MiuiFreeFormManagerService: activeOrFullscreenFreeformTaskIfNeed startDefaultAr:true
10-13 11:45:08.236  2983  3075 D OneHandedController: stopOneHanded state is 0
10-13 11:45:08.241  1902  2682 D WindowManagerService: checkFlipFullScreenChange is same, nowIsFullScreen = false
10-13 11:45:08.248  1902  2682 D WindowManager: setLockTaskAuth: task=Task{813a500 #740 type=standard A=10390:eu.europa.ec.euidi} mLockTaskAuth=LOCK_TASK_AUTH_PINNABLE
10-13 11:45:08.248  1902  2682 D WindowManager: Collecting in transition 1621: Task{813a500 #740 type=standard A=10390:eu.europa.ec.euidi} init visibleRequested:false
10-13 11:45:08.250  1902  2682 D CompatibilityChangeReporter: Compat change id reported: 184838306; UID 10390; state: DISABLED
10-13 11:45:08.250  1902  2682 D CompatibilityChangeReporter: Compat change id reported: 185004937; UID 10390; state: DISABLED
10-13 11:45:08.252  1902  2682 D WindowManager: setLockTaskAuth: task=Task{813a500 #740 type=standard A=10390:eu.europa.ec.euidi} mLockTaskAuth=LOCK_TASK_AUTH_PINNABLE
10-13 11:45:08.252  1902  2682 D CompatibilityChangeReporter: Compat change id reported: 197654537; UID 10390; state: ENABLED
10-13 11:45:08.252  1902  2682 D MiuiFreeFormManagerService: onStartActivityInner as = Task{813a500 #740 type=standard A=10390:eu.europa.ec.euidi} op = null
10-13 11:45:08.253  1902  2682 D ActivityTaskManager: Task#startActivityLocked isOrhasTask=true newTask=true
10-13 11:45:08.254  1902  2682 D CompatibilityChangeReporter: Compat change id reported: 205907456; UID 10390; state: ENABLED
10-13 11:45:08.258  1902  2682 D WindowManager: Collecting in transition 1621: ActivityRecord{1aebf83 u0 eu.europa.ec.euidi/eu.europa.ec.assemblylogic.ui.MainActivity t740} init visibleRequested:false
10-13 11:45:08.258  1902  2682 D WindowManager: Requesting StartTransition: TransitionRecord{f2cc37e id=1621 type=OPEN flags=0x0}
10-13 11:45:08.258  2983  3147 D TaskSnapshot_Helper: SYS is normal.
10-13 11:45:08.259  1902  2682 D CompatibilityChangeReporter: Compat change id reported: 194833441; UID 10390; state: ENABLED
10-13 11:45:08.259  1902  2682 I ActivityTaskManager: START u0 {act=android.intent.action.MAIN cat=[android.intent.category.LAUNCHER] flg=0x10200000 cmp=eu.europa.ec.euidi/eu.europa.ec.assemblylogic.ui.MainActivity} with LAUNCH_SINGLE_TASK from uid 2000 (BAL_ALLOW_PERMISSION) result code=0
10-13 11:45:08.259  2983  3075 I SoScUtils: monitorTransitionRequest mRequestOpenTransition:null mRequestOpenTriggerTask:-1 mRequestCloseTransition:null mRequestCloseTriggerTask:-1 mRequestCloseStageType:-1
10-13 11:45:08.260  1902 23161 D WindowManager: Set transition=TransitionRecord{f2cc37e id=1621 type=OPEN flags=0x0}, ready=false, SyncId=1621 used=true, override=false, defer=0, states=Display{#0 state=ON size=1080x2400 ROTATION_0}:false
10-13 11:45:08.261  2983  3075 D OneHandedController: stopOneHanded state is 0
10-13 11:45:08.261  2983  3075 D MiuiFullScreenTaskRepository: setFocusedTask taskId=1, displayId=0, topActivity=ComponentInfo{com.miui.home/com.miui.home.launcher.Launcher}
10-13 11:45:08.261  2983  3075 D MiuiFullScreenTaskRepository: addOrUpdateFullScreenTaskInfo taskId=1, topActivity=ComponentInfo{com.miui.home/com.miui.home.launcher.Launcher}
10-13 11:45:08.262  2983  3075 D OneHandedController: stopOneHanded state is 0
10-13 11:45:08.262  1902 23257 D CompatibilityChangeReporter: Compat change id reported: 168419799; UID 10390; state: DISABLED
10-13 11:45:08.262  1902 23257 D CompatibilityChangeReporter: Compat change id reported: 273564678; UID 10390; state: DISABLED
10-13 11:45:08.266  1902  1938 D CompatibilityChangeReporter: Compat change id reported: 135634846; UID 10390; state: DISABLED
10-13 11:45:08.266  1902  1938 D CompatibilityChangeReporter: Compat change id reported: 177438394; UID 10390; state: DISABLED
10-13 11:45:08.266  1902  1938 D CompatibilityChangeReporter: Compat change id reported: 135772972; UID 10390; state: DISABLED
10-13 11:45:08.266  1902  1938 D CompatibilityChangeReporter: Compat change id reported: 135754954; UID 10390; state: ENABLED
10-13 11:45:08.266  1902  1955 D CompatibilityChangeReporter: Compat change id reported: 143937733; UID 10390; state: ENABLED
10-13 11:45:08.267  1229  1641 W EventThreadInspector: slow VSync-appSf on display(4627039422300187648) count=1, avg=31 ms, max=31 ms.
10-13 11:45:08.272  1902  2771 D WindowManager: Collecting in transition 1621: ActivityRecord{1aebf83 u0 eu.europa.ec.euidi/eu.europa.ec.assemblylogic.ui.MainActivity t740} init visibleRequested:false
10-13 11:45:08.273  1902  2771 D WindowManager: Collecting in transition 1621: ActivityRecord{3754c30 u0 com.miui.home/.launcher.Launcher t2} init visibleRequested:true
10-13 11:45:08.273  1902  2771 D WindowManager: Collecting in transition 1621: WallpaperWindowToken{b086f80 token=android.os.Binder@8a62403} init visibleRequested:true
10-13 11:45:08.273  1902  2771 D WindowManager: Collecting in transition 1621: WallpaperWindowToken{b886097 token=android.os.BinderProxy@90f5f16} init visibleRequested:true
10-13 11:45:08.274  1902  1955 I ActivityManager: Start proc 6266:eu.europa.ec.euidi/u0a390 for next-top-activity {eu.europa.ec.euidi/eu.europa.ec.assemblylogic.ui.MainActivity} caller=com.android.shell
10-13 11:45:08.280  1902  1939 D WindowManager: wms.Focus not requested for window=Window{e4be31b u0 com.miui.home/com.miui.home.launcher.Launcher} because it has no surface or is not focusable.
10-13 11:45:08.280  1902  2323 D CompatibilityChangeReporter: Compat change id reported: 265195908; UID 10390; state: ENABLED
10-13 11:45:08.285  1902 23257 D CoreBackPreview: Window{c8e112c u0 Splash Screen eu.europa.ec.euidi}: Setting back callback OnBackInvokedCallbackInfo{mCallback=android.window.IOnBackInvokedCallback$Stub$Proxy@40e8f73, mPriority=0, mIsAnimationCallback=false}
10-13 11:45:08.291  1902 23161 W WindowManager: Changing focus from Window{e4be31b u0 com.miui.home/com.miui.home.launcher.Launcher} to null displayId=0 Callers=com.android.server.wm.RootWindowContainer.updateFocusedWindowLocked:557 com.android.server.wm.WindowManagerService.updateFocusedWindowLocked:6962 com.android.server.wm.WindowManagerService.relayoutWindow:2951 com.android.server.wm.Session.relayout:266 
10-13 11:45:08.291  1902 23161 D WindowManager: wms.Input focus has changed to null display=0 updateInputWindows = true
10-13 11:45:08.291  1902 23161 I MultiSenceManagerInternalStub: getInstance
10-13 11:45:08.298  1902 23257 I SmartPower: eu.europa.ec.euidi/10390(6266): died->invisible(9679ms) R(process start ) adj=-10000.
10-13 11:45:08.299  1902 23257 W MiuiBoosterUtils: enable_miuibooster_launch : false
10-13 11:45:08.300  1902 23257 D WindowManager: Collecting in transition 1621: ActivityRecord{1aebf83 u0 eu.europa.ec.euidi/eu.europa.ec.assemblylogic.ui.MainActivity t740} init visibleRequested:true
10-13 11:45:08.301  1902 23257 D WindowManagerService: checkFlipFullScreenChange is same, nowIsFullScreen = false
10-13 11:45:08.302  1902 23257 D WindowManager: Collecting in transition 1621: ActivityRecord{1aebf83 u0 eu.europa.ec.euidi/eu.europa.ec.assemblylogic.ui.MainActivity t740} init visibleRequested:true
10-13 11:45:08.302  1902 23257 D WindowManager: Set transition=TransitionRecord{f2cc37e id=1621 type=OPEN flags=0x0}, ready=true, SyncId=1621 
10-13 11:45:08.303  1902  1951 D ATMSImpl: Begin to report package foreground events...
10-13 11:45:08.303  1902 23266 W WindowManager: finishDrawingWindow: Window{c8e112c u0 Splash Screen eu.europa.ec.euidi} mDrawState=DRAW_PENDING
10-13 11:45:08.308  1902  1936 E MBrainLocalService: MBrainJava launch failed: SecurityException
10-13 11:45:08.308  2983  3075 D MiuiFullScreenTaskRepository: removeFocusedTask displayId=0
10-13 11:45:08.308  2983  3075 D MiuiFullScreenTaskRepository: addOrUpdateFullScreenTaskInfo taskId=1, topActivity=ComponentInfo{com.miui.home/com.miui.home.launcher.Launcher}
10-13 11:45:08.308  1902  2600 D isUidValid: uid = 10390
10-13 11:45:08.308  1902  1939 D WindowManager: Set transition=TransitionRecord{f2cc37e id=1621 type=OPEN flags=0x0}, ready=true, SyncId=1621 
10-13 11:45:08.309  1902  1936 D Aurogon :  uid = 10390 switch to FG
10-13 11:45:08.310  1902  1939 I SmartPower: eu.europa.ec.euidi/10390(6266): invisible->visible(11ms) R(become visible) adj=0.
10-13 11:45:08.310  1902  1939 W WindowManager: real show surface:Surface(name=Splash Screen eu.europa.ec.euidi#27409)/@0xfda4e30
10-13 11:45:08.310  1902  1939 D WindowManager: Final targets: [Task{813a500 #740 type=standard A=10390:eu.europa.ec.euidi}, Task{57070cf #1 type=home}]
10-13 11:45:08.311  1902 23266 D CompatibilityChangeReporter: Compat change id reported: 170503758; UID 10390; state: ENABLED
10-13 11:45:08.313  1902  1939 D WindowManager: Calling onTransitionReady info={id=1621 t=OPEN f=0x0 trk=0 r=[0@Point(0, 0)] c=[{WCT{RemoteToken{2e575e1 Task{813a500 #740 type=standard A=10390:eu.europa.ec.euidi}}} m=OPEN f=NONE leash=Surface(name=Task=740#27406)/@0xf47793a sb=Rect(0, 0 - 1080, 2400) eb=Rect(0, 0 - 1080, 2400) d=0},{WCT{RemoteToken{1c71a03 Task{57070cf #1 type=home}}} m=TO_BACK f=SHOW_WALLPAPER leash=Surface(name=Task=1#44)/@0xf3df733 sb=Rect(0, 0 - 1080, 2400) eb=Rect(0, 0 - 1080, 2400) d=0}] noAni=[false] df=[false] mk=[true] nc=[0] oa=[false]}, mToken=Token{2a3ef06 TransitionRecord{f2cc37e id=1621 type=OPEN flags=0x0}}
10-13 11:45:08.314  1902  1939 I BLASTSyncEngine: finishNow: after onTransactionReady, mSyncId=1621
10-13 11:45:08.315  2983  3075 D MiuiFreeformAnimation: startAnimation change: {WCT{android.window.IWindowContainerToken$Stub$Proxy@43893c0} m=OPEN f=NONE leash=Surface(name=Task=740#27406)/@0xcbe59fd sb=Rect(0, 0 - 1080, 2400) eb=Rect(0, 0 - 1080, 2400) d=0} info.getType(): 1
10-13 11:45:08.315  2983  3075 I MiuiFreeformAnimation: isLaunchWidgetPicker=false,taskInfo.getWindowingMode()=1, taskInfo.getActivityType()=1
10-13 11:45:08.316  2983  3075 D MiuiFreeformAnimation: startAnimation change: {WCT{android.window.IWindowContainerToken$Stub$Proxy@f9b98f9} m=TO_BACK f=SHOW_WALLPAPER leash=Surface(name=Task=1#44)/@0x32596f2 sb=Rect(0, 0 - 1080, 2400) eb=Rect(0, 0 - 1080, 2400) d=0} info.getType(): 1
10-13 11:45:08.316  2983  3075 W MiuiTaskTransitionHandler: Receive an unknown transition, token=android.os.BinderProxy@8244d53, type=1
10-13 11:45:08.316  2983  3075 D TransitionAnimationHelper:  load default animation  type = 1 enter = false animAttr = 19 isTask = true translucent = false
10-13 11:45:08.316  2983  3075 D TransitionAnimationHelper:  load default animation  type = 1 enter = true animAttr = 18 isTask = true translucent = false
10-13 11:45:08.317  2983  3092 D ShellTransitions: speed ui!!!!!!!!!!!
10-13 11:45:08.319  2983  3075 D MiuiFullScreenTaskRepository: setFocusedTask taskId=740, displayId=0, topActivity=ComponentInfo{eu.europa.ec.euidi/eu.europa.ec.assemblylogic.ui.MainActivity}
10-13 11:45:08.319  2983  3075 D MiuiFullScreenTaskRepository: addOrUpdateFullScreenTaskInfo taskId=740, topActivity=ComponentInfo{eu.europa.ec.euidi/eu.europa.ec.assemblylogic.ui.MainActivity}
10-13 11:45:08.319  2983  2983 E onWindowDecorRectChanged: start size:1
10-13 11:45:08.319  2983  2983 E onWindowDecorRectChanged: windowDecorRects: Rect(454, 12 - 625, 123)
10-13 11:45:08.324  2983  3075 D SoScUtils: monitorTransitionFinished transition:android.os.BinderProxy@8244d53 transaction: android.view.SurfaceControl$Transaction@26f85bb mRequestCloseTransition:null mRequestOpenTransition:null mPairsOpenTransition:null mPairsOpenTransitionNull:null mRequestOpenTriggerTask:-1 mRequestCloseTriggerTask:-1 mOrientationTransition: null mMainStartingTask:-1 mSideStartingTask:-1
10-13 11:45:08.338  2983  3075 D MiuiFullScreenTaskRepository: addOrUpdateFullScreenTaskInfo taskId=1, topActivity=ComponentInfo{com.miui.home/com.miui.home.launcher.Launcher}
10-13 11:45:08.340  1902 23161 I WindowManager: cancelAnimation removed leash : Surface(name=Surface(name=81266ae StatusBar#86)/@0xb48dfdc - animation-leash of insets_animation#27398)/@0x8eb1776
10-13 11:45:08.341  6266  6266 D ActivityThread: useGrowthLimitOutExpendMethod invoke error.
10-13 11:45:08.343  1902 23161 I WindowManager: cancelAnimation removed leash : Surface(name=Surface(name=db27a2 NavigationBar0#82)/@0xc1acbf0 - animation-leash of insets_animation#27399)/@0xd11b1e4
10-13 11:45:08.347  1902  1902 D MBrainLocalService: isVendorFreezeConditionPass is false
10-13 11:45:08.348  1902  1902 E MBrainLocalService: notifyAppSwitch failed
10-13 11:45:08.350  1902 23260 I SmartPower: com.mi.globalminusscreen/10076(31794): visible->invisible(9708ms) R(become invisible) adj=100.
10-13 11:45:08.350  1902 23260 I SmartPower: com.mi.globalminusscreen/10076(31794): invisible->background(1ms) R(become background) adj=100.
10-13 11:45:08.350  1902 23260 I SmartPower: com.miui.home/10085(3001): visible->invisible(9638ms) R(become invisible) adj=100.
10-13 11:45:08.350  1902  2620 I SmartPower: com.google.android.adservices.api/10307(31554): idle->background(6716ms) R(add to whitelist) adj=100.
10-13 11:45:08.350  1902 23260 I SmartPower: com.miui.home/10085(3001): invisible->background(0ms) R(become background) adj=100.
10-13 11:45:08.350  1902  2620 I SmartPower: com.google.android.webview:sandboxed_process0:org.chromium.content.app.SandboxedPridle->background(6708ms) R(add to whitelist) adj=100.
10-13 11:45:08.355  1902 23266 I SmartPower: com.google.android.googlequicksearchbox:googleapp/10188(19209): visible->invisible(9704ms) R(become invisible) adj=100.
10-13 11:45:08.356  1902 23266 I SmartPower: com.google.android.googlequicksearchbox:search/10188(19180): invisible->background(9704ms) R(become background) adj=800.
10-13 11:45:08.356  1902 23266 I SmartPower: com.google.android.googlequicksearchbox:googleapp/10188(19209): invisible->background(0ms) R(become background) adj=100.
10-13 11:45:08.356  1902 23266 I SmartPower: com.google.android.googlequicksearchbox:interactor/10188(22350): invisible->background(9704ms) R(become background) adj=100.
10-13 11:45:08.356  1902  2620 I SmartPower: com.google.android.webview:sandboxed_process0:org.chromium.content.app.SandboxedPridle->background(6702ms) R(add to whitelist) adj=800.
10-13 11:45:08.360  6266  6266 D MbrainDebugManagerImpl: getService failed
10-13 11:45:08.367  1902 23257 I ActivityManager: Flag disabled. Ignoring finishAttachApplication from uid: 10390. pid: 6266
10-13 11:45:08.388  1902 23260 D CompatibilityChangeReporter: Compat change id reported: 253665015; UID 10390; state: ENABLED
10-13 11:45:08.388  1902 23260 D CompatibilityChangeReporter: Compat change id reported: 194532703; UID 10390; state: ENABLED
10-13 11:45:08.392  1902  1936 E MBrainLocalService: MBrainJava launch failed: SecurityException
10-13 11:45:08.400  6266  6266 D FramePredict: FramePredict init: false
10-13 11:45:08.401  6266  6266 D FramePredict: init success
10-13 11:45:08.401  1902 23260 W ActivityManager: Permission Denial: getCurrentUser() from pid=6266, uid=10390 requires android.permission.INTERACT_ACROSS_USERS
10-13 11:45:08.402  1902  1902 D MBrainLocalService: isVendorFreezeConditionPass is false
10-13 11:45:08.402  1902  1902 E MBrainLocalService: notifyAppSwitch failed
10-13 11:45:08.402  6266  6296 E FramePredict: registerContentObserver fail
10-13 11:45:08.412  2983  5522 D MiuiFreeformModeObserver: activityResumed() intent： Intent { cmp=eu.europa.ec.euidi/eu.europa.ec.assemblylogic.ui.MainActivity (has extras) }
10-13 11:45:08.417  2983  3075 D MiuiFullScreenTaskRepository: setFocusedTask taskId=740, displayId=0, topActivity=ComponentInfo{eu.europa.ec.euidi/eu.europa.ec.assemblylogic.ui.MainActivity}
10-13 11:45:08.417  2983  3075 D MiuiFullScreenTaskRepository: addOrUpdateFullScreenTaskInfo taskId=740, topActivity=ComponentInfo{eu.europa.ec.euidi/eu.europa.ec.assemblylogic.ui.MainActivity}
10-13 11:45:08.417  2983  3075 D MiuiDesktopModeController: onFocusTaskChanged newFocus: TaskInfo{userId=0 taskId=740 displayId=0 isRunning=true baseIntent=Intent { act=android.intent.action.MAIN cat=[android.intent.category.LAUNCHER] flg=0x10200000 cmp=eu.europa.ec.euidi/eu.europa.ec.assemblylogic.ui.MainActivity } baseActivity=ComponentInfo{eu.europa.ec.euidi/eu.europa.ec.assemblylogic.ui.MainActivity} topActivity=ComponentInfo{eu.europa.ec.euidi/eu.europa.ec.assemblylogic.ui.MainActivity} origActivity=null realActivity=ComponentInfo{eu.europa.ec.euidi/eu.europa.ec.assemblylogic.ui.MainActivity} numActivities=1 lastActiveTime=1156178987 supportsSplitScreenMultiWindow=true supportsMultiWindow=true resizeMode=1 isResizeable=true minWidth=-1 minHeight=-1 defaultMinSize=200 token=WCT{android.window.IWindowContainerToken$Stub$Proxy@4bebc6d} topActivityType=1 pictureInPictureParams=null shouldDockBigOverlays=false launchIntoPipHostTaskId=-1 lastParentTaskIdBeforePip=-1 displayCutoutSafeInsets=Rect(0, 94 - 0, 0) topActivityInfo=ActivityInfo{beda0a2 eu.europa.ec.assemblylogic.ui.MainActivity} launchCookies=[] positionInParent=Point(0, 0) parentTaskId=-1 isFocused=true isVisible=true isVisibleRequested=true isSleeping=false topActivityInSizeCompat=false topActivityEligibleForLetterboxEducation= false topActivityLetterboxed= false isFromDoubleTap= false topActivityLetterboxVerticalPosition= -1 topActivityLetterboxHorizontalPosition= -1 topActivityLetterboxWidth=-1 topActivityLetterboxHeight=-1 locusId=null displayAreaFeatureId=1 cameraCompatControlState=hidden mIsCastMode=false mTopActivityMediaSize=null mTopActivityRecordName=ActivityRecord{1aebf83 u0 eu.europa.ec.euidi/eu.europa.ec.assemblylogic.ui.MainActivity t740} mTopActivityOrientation=1 mTopActivityWindowIsNowVisible=false isTranslucent=false isEmbedded=false shouldBeVisible=true isImmersive=false mBehindAppLockPkg=null mOriginatingUid=0}
10-13 11:45:08.417  2983  3075 D MiuiFreeformModeController: onFocusTaskChanged taskInfo: TaskInfo{userId=0 taskId=740 displayId=0 isRunning=true baseIntent=Intent { act=android.intent.action.MAIN cat=[android.intent.category.LAUNCHER] flg=0x10200000 cmp=eu.europa.ec.euidi/eu.europa.ec.assemblylogic.ui.MainActivity } baseActivity=ComponentInfo{eu.europa.ec.euidi/eu.europa.ec.assemblylogic.ui.MainActivity} topActivity=ComponentInfo{eu.europa.ec.euidi/eu.europa.ec.assemblylogic.ui.MainActivity} origActivity=null realActivity=ComponentInfo{eu.europa.ec.euidi/eu.europa.ec.assemblylogic.ui.MainActivity} numActivities=1 lastActiveTime=1156178987 supportsSplitScreenMultiWindow=true supportsMultiWindow=true resizeMode=1 isResizeable=true minWidth=-1 minHeight=-1 defaultMinSize=200 token=WCT{android.window.IWindowContainerToken$Stub$Proxy@4bebc6d} topActivityType=1 pictureInPictureParams=null shouldDockBigOverlays=false launchIntoPipHostTaskId=-1 lastParentTaskIdBeforePip=-1 displayCutoutSafeInsets=Rect(0, 94 - 0, 0) topActivityInfo=ActivityInfo{beda0a2 eu.europa.ec.assemblylogic.ui.MainActivity} launchCookies=[] positionInParent=Point(0, 0) parentTaskId=-1 isFocused=true isVisible=true isVisibleRequested=true isSleeping=false topActivityInSizeCompat=false topActivityEligibleForLetterboxEducation= false topActivityLetterboxed= false isFromDoubleTap= false topActivityLetterboxVerticalPosition= -1 topActivityLetterboxHorizontalPosition= -1 topActivityLetterboxWidth=-1 topActivityLetterboxHeight=-1 locusId=null displayAreaFeatureId=1 cameraCompatControlState=hidden mIsCastMode=false mTopActivityMediaSize=null mTopActivityRecordName=ActivityRecord{1aebf83 u0 eu.europa.ec.euidi/eu.europa.ec.assemblylogic.ui.MainActivity t740} mTopActivityOrientation=1 mTopActivityWindowIsNowVisible=false isTranslucent=false isEmbedded=false shouldBeVisible=true isImmersive=false mBehindAppLockPkg=null mOriginatingUid=0}
10-13 11:45:08.445  1902  2620 I SmartPower: com.google.android.videos/10312(19398): background->idle(3001ms) R(broadcast start Intent { act=android.intent.action.PACKAGE_RESTARTED dat=package: flg=0x10 (has extras) }) adj=905.
10-13 11:45:08.456  1902 23260 D CoreBackPreview: Window{5db79bc u0 eu.europa.ec.euidi/eu.europa.ec.assemblylogic.ui.MainActivity}: Setting back callback OnBackInvokedCallbackInfo{mCallback=android.window.IOnBackInvokedCallback$Stub$Proxy@c5ab7a7, mPriority=0, mIsAnimationCallback=false}
10-13 11:45:08.461  1902 23260 W WindowManager: Changing focus from null to Window{5db79bc u0 eu.europa.ec.euidi/eu.europa.ec.assemblylogic.ui.MainActivity} displayId=0 Callers=com.android.server.wm.RootWindowContainer.updateFocusedWindowLocked:557 com.android.server.wm.WindowManagerService.updateFocusedWindowLocked:6962 com.android.server.wm.WindowManagerService.relayoutWindow:2951 com.android.server.wm.Session.relayout:266 
10-13 11:45:08.461  1902 23260 I WindowManager: cancelAnimation removed leash : Surface(name=Surface(name=81266ae StatusBar#86)/@0xb48dfdc - animation-leash of insets_animation#27412)/@0xeba3b63
10-13 11:45:08.462  1902 23260 I WindowManager: cancelAnimation removed leash : Surface(name=Surface(name=db27a2 NavigationBar0#82)/@0xc1acbf0 - animation-leash of insets_animation#27413)/@0x3a3d8de
10-13 11:45:08.463  1902 23260 D WindowManager: wms.Input focus has changed to Window{5db79bc u0 eu.europa.ec.euidi/eu.europa.ec.assemblylogic.ui.MainActivity} display=0 updateInputWindows = true
10-13 11:45:08.463  1902 23260 I MultiSenceManagerInternalStub: getInstance
10-13 11:45:08.464  1902 23260 I WindowManager: Relayout Window{5db79bc u0 eu.europa.ec.euidi/eu.europa.ec.assemblylogic.ui.MainActivity}: oldVis=4 newVis=0 focusMayChange = true requestedWidth = 1080 requestedHeight = 2400 outFrames = ClientWindowFrames{frame=[0,0][1080,2400] display=[0,0][1080,2400] parentFrame=[0,0][0,0]} outSurfaceControl = Surface(name=eu.europa.ec.euidi/eu.europa.ec.assemblylogic.ui.MainActivity#27415)/@0xef4f49f
10-13 11:45:08.507  1902 23266 W WindowManager: finishDrawingWindow: Window{5db79bc u0 eu.europa.ec.euidi/eu.europa.ec.assemblylogic.ui.MainActivity} mDrawState=DRAW_PENDING
10-13 11:45:08.507  1902 23266 D WindowManager: wms.finishDrawingLocked: mDrawState=COMMIT_DRAW_PENDING Window{5db79bc u0 eu.europa.ec.euidi/eu.europa.ec.assemblylogic.ui.MainActivity} in Surface(name=eu.europa.ec.euidi/eu.europa.ec.assemblylogic.ui.MainActivity#27415)/@0xe91a4f2
10-13 11:45:08.509  1902  1939 D TaskSnapshot_Helper: shouldDelay()... Not launched by home, no delay needed.
10-13 11:45:08.511  1902  1939 W WindowManager: real show surface:Surface(name=eu.europa.ec.euidi/eu.europa.ec.assemblylogic.ui.MainActivity#27415)/@0xe91a4f2
10-13 11:45:08.526  1902 23266 D CompatibilityChangeReporter: Compat change id reported: 214016041; UID 10390; state: ENABLED
10-13 11:45:08.528  6262  6262 W BpBinder: Slow Binder: BpBinder transact took 582 ms, interface=android.app.IActivityManager, code=1598246212 oneway=false
10-13 11:45:08.538  1902 23260 D CoreBackPreview: Window{c8e112c u0 Splash Screen eu.europa.ec.euidi}: Setting back callback null
10-13 11:45:08.539  1902  2771 I WindowManager: cancelAnimation removed leash : Surface(name=Surface(name=6a76de5 InputMethod#123)/@0xf2bd99 - animation-leash of insets_animation#27404)/@0xf7277fe
10-13 11:45:08.540  1902 23260 W PackageConfigPersister: App-specific configuration not found for packageName: eu.europa.ec.euidi and userId: 0
10-13 11:45:08.541  2983  3075 D SoScSplitScreenController: updateDividerFixedState isFixed:false
10-13 11:45:08.546  1902 23257 D WindowManager: setParent old=ActivityRecord{1aebf83 u0 eu.europa.ec.euidi/eu.europa.ec.assemblylogic.ui.MainActivity t740},new=null,this window=Window{c8e112c u0 Splash Screen eu.europa.ec.euidi},callers=com.android.server.wm.WindowContainer.removeChild:840 com.android.server.wm.ActivityRecord.removeChild:5227 com.android.server.wm.ActivityRecord.removeChild:470 com.android.server.wm.WindowContainer.removeImmediately:898 com.android.server.wm.WindowState.removeImmediately:2538 com.android.server.wm.WindowState.removeIfPossible:2719 
10-13 11:45:08.551  1902  1936 D Aurogon :  uid = 10085 switch to BG
10-13 11:45:08.552  1902  2600 D isUidValid: uid = 10085
10-13 11:45:08.629  1902 23266 I PowerManagerServiceImpl: Release wakelock: SCREEN_DIM_WAKE_LOCK           'UiAutomator2:ScreenKeeper' DISABLED ACQ=-1s239ms (uid=10378 pid=6233 pkg=io.appium.uiautomator2.server)
10-13 11:45:08.722  1902 23266 I ActivityManager: Force stopping eu.europa.ec.euidi appid=10390 user=0: from process:6339
10-13 11:45:08.723  1902  2611 E ProcessManager: error write exception log
10-13 11:45:08.723  1902 23266 E ActivityManager: Unable to freeze binder for 6266: java.lang.RuntimeException: Unable to freeze/unfreeze binder
10-13 11:45:08.724  1902 23266 I ActivityManager: Killing 6266:eu.europa.ec.euidi/u0a390 (adj 0): stop eu.europa.ec.euidi due to from process:6339
10-13 11:45:08.725  1902  1936 D DisplayManagerService: Drop pending events for gone uid 10390
10-13 11:45:08.725  1902 23266 W ActivityTaskManager: Force removing ActivityRecord{1aebf83 u0 eu.europa.ec.euidi/eu.europa.ec.assemblylogic.ui.MainActivity t740 f}}: app died, no saved state
10-13 11:45:08.726  1902 23266 D WindowManager: Requesting StartTransition: TransitionRecord{13d1587 id=1622 type=CLOSE flags=0x0}
10-13 11:45:08.726  1902 23266 D WindowManager: Collecting in transition 1622: Task{813a500 #740 type=standard A=10390:eu.europa.ec.euidi} init visibleRequested:true
10-13 11:45:08.726  1902 23266 D WindowManager: Collecting in transition 1622: ActivityRecord{1aebf83 u0 eu.europa.ec.euidi/eu.europa.ec.assemblylogic.ui.MainActivity t740 f}} init visibleRequested:false
10-13 11:45:08.726  1902 23266 W WindowManager: Changing focus from Window{5db79bc u0 eu.europa.ec.euidi/eu.europa.ec.assemblylogic.ui.MainActivity} to null displayId=0 Callers=com.android.server.wm.RootWindowContainer.updateFocusedWindowLocked:557 com.android.server.wm.WindowManagerService.updateFocusedWindowLocked:6962 com.android.server.wm.ActivityRecord.onRemovedFromDisplay:5154 com.android.server.wm.DisplayContent.removeAppToken:1757 
10-13 11:45:08.728  1902 23266 D WindowManager: wms.Input focus has changed to null display=0 updateInputWindows = true
10-13 11:45:08.728  1902 23266 I MultiSenceManagerInternalStub: getInstance
10-13 11:45:08.730  1902 23266 D WindowManager: Collecting in transition 1622: ActivityRecord{3754c30 u0 com.miui.home/.launcher.Launcher t2} init visibleRequested:false
10-13 11:45:08.732  1902 23266 I SmartPower: com.miui.home/10085(3001): background->invisible(382ms) R(become foreground) adj=100.
10-13 11:45:08.734  1902 23266 D WindowManager: Collecting in transition 1622: ActivityRecord{3754c30 u0 com.miui.home/.launcher.Launcher t2} init visibleRequested:true
10-13 11:45:08.739  1902  2775 I SmartPower: com.mi.globalminusscreen/10076(31794): background->visible(389ms) R(become visible) adj=100.
10-13 11:45:08.742  1902  1936 D Aurogon :  uid = 10085 switch to FG
10-13 11:45:08.747  1902  1936 E MBrainLocalService: MBrainJava launch failed: SecurityException
10-13 11:45:08.749  1902  2775 I WindowManager: Relayout Window{38e026c u0 LauncherOverlayWindow:com.mi.globalminusscreen}: oldVis=8 newVis=0 focusMayChange = true requestedWidth = 1080 requestedHeight = 2400 outFrames = ClientWindowFrames{frame=[0,0][1080,2400] display=[0,0][1080,2400] parentFrame=[0,0][0,0]} outSurfaceControl = Surface(name=LauncherOverlayWindow:com.mi.globalminusscreen#27421)/@0xdddedd9
10-13 11:45:08.750  1902  3317 I WindowManager: WIN DEATH: Window{5db79bc u0 eu.europa.ec.euidi/eu.europa.ec.assemblylogic.ui.MainActivity}
10-13 11:45:08.750  1902 23266 I AppsFilter: interaction: PackageSetting{3102a1f com.android.microdroid.empty_payload/10336} -> PackageSetting{4cc939e eu.europa.ec.euidi/10390} BLOCKED
10-13 11:45:08.750  1902 23266 I AppsFilter: interaction: PackageSetting{4720335 io.appium.uiautomator2.server.test/10379} -> PackageSetting{4cc939e eu.europa.ec.euidi/10390} BLOCKED
10-13 11:45:08.750  1902 23266 I AppsFilter: interaction: PackageSetting{183b3ca com.fido.asm/10112} -> PackageSetting{4cc939e eu.europa.ec.euidi/10390} BLOCKED
10-13 11:45:08.751  1902 23266 I AppsFilter: interaction: PackageSetting{e17493b io.appium.uiautomator2.server/10378} -> PackageSetting{4cc939e eu.europa.ec.euidi/10390} BLOCKED
10-13 11:45:08.751  1902 23266 I AppsFilter: interaction: PackageSetting{6dc5858 io.appium.settings/10326} -> PackageSetting{4cc939e eu.europa.ec.euidi/10390} BLOCKED
10-13 11:45:08.753  1902  3984 I SmartPower: com.google.android.googlequicksearchbox:googleapp/10188(19209): background->visible(398ms) R(become visible) adj=800.
10-13 11:45:08.753  1902  3984 I SmartPower: com.google.android.googlequicksearchbox:search/10188(19180): background->invisible(398ms) R(become foreground) adj=800.
10-13 11:45:08.753  1902  3984 I SmartPower: com.google.android.googlequicksearchbox:interactor/10188(22350): background->invisible(398ms) R(become foreground) adj=100.
10-13 11:45:08.758  1902  3984 I WindowManager: Relayout Window{a23abef u0 LauncherMinusOneScreen}: oldVis=8 newVis=0 focusMayChange = true requestedWidth = 1080 requestedHeight = 2400 outFrames = ClientWindowFrames{frame=[0,0][1080,2400] display=[0,0][1080,2400] parentFrame=[0,0][0,0]} outSurfaceControl = Surface(name=LauncherMinusOneScreen#27422)/@0xc4c339b
10-13 11:45:08.762  1902  3317 W WindowManager: finishDrawingWindow: Window{38e026c u0 LauncherOverlayWindow:com.mi.globalminusscreen} mDrawState=DRAW_PENDING
10-13 11:45:08.762  1902  3317 D WindowManager: wms.finishDrawingLocked: mDrawState=COMMIT_DRAW_PENDING Window{38e026c u0 LauncherOverlayWindow:com.mi.globalminusscreen} in Surface(name=LauncherOverlayWindow:com.mi.globalminusscreen#27421)/@0xc4b8323
10-13 11:45:08.765  1902 23260 D WindowManager: Set transition=TransitionRecord{13d1587 id=1622 type=CLOSE flags=0x0}, ready=true, SyncId=1622 
10-13 11:45:08.765  2983  3075 D MiuiFullScreenTaskRepository: removeFocusedTask displayId=0
10-13 11:45:08.765  2983  3075 D MiuiFullScreenTaskRepository: addOrUpdateFullScreenTaskInfo taskId=740, topActivity=null
10-13 11:45:08.766  1902  1939 I BLASTSyncEngine: SyncGroup 1622:  Unfinished container:ActivityRecord{3754c30 u0 com.miui.home/.launcher.Launcher t2}
10-13 11:45:08.766  1902  1939 I BLASTSyncEngine: isActivitySyncFinished isSyncFinished false ActivityRecord{3754c30 u0 com.miui.home/.launcher.Launcher t2}
10-13 11:45:08.772  2983  3003 D MiuiFreeformModeObserver: activityResumed() intent： Intent { cmp=com.miui.home/.launcher.Launcher (has extras) }
10-13 11:45:08.777  2983  3075 D SoScSplitScreenController: updateDividerFixedState isFixed:true
10-13 11:45:08.778  1902 22425 I BLASTSyncEngine: SyncGroup 1622:  Unfinished container:ActivityRecord{3754c30 u0 com.miui.home/.launcher.Launcher t2}
10-13 11:45:08.778  1902 22425 I BLASTSyncEngine: isActivitySyncFinished isSyncFinished false ActivityRecord{3754c30 u0 com.miui.home/.launcher.Launcher t2}
10-13 11:45:08.780  1902 22425 W WindowManager: Changing focus from null to Window{e4be31b u0 com.miui.home/com.miui.home.launcher.Launcher} displayId=0 Callers=com.android.server.wm.RootWindowContainer.updateFocusedWindowLocked:557 com.android.server.wm.WindowManagerService.updateFocusedWindowLocked:6962 com.android.server.wm.WindowManagerService.relayoutWindow:2951 com.android.server.wm.Session.relayout:266 
10-13 11:45:08.781  1902 22425 I WindowManager: cancelAnimation removed leash : Surface(name=Surface(name=81266ae StatusBar#86)/@0xb48dfdc - animation-leash of insets_animation#27416)/@0xff651c0
10-13 11:45:08.782  1902 22425 I WindowManager: cancelAnimation removed leash : Surface(name=Surface(name=db27a2 NavigationBar0#82)/@0xc1acbf0 - animation-leash of insets_animation#27417)/@0x8911e3e
10-13 11:45:08.782  1902 22425 D WindowManager: wms.Input focus has changed to Window{e4be31b u0 com.miui.home/com.miui.home.launcher.Launcher} display=0 updateInputWindows = true
10-13 11:45:08.782  1902 22425 I MultiSenceManagerInternalStub: getInstance
10-13 11:45:08.783  1902 22425 I WindowManager: Relayout Window{e4be31b u0 com.miui.home/com.miui.home.launcher.Launcher}: oldVis=8 newVis=0 focusMayChange = true requestedWidth = 1080 requestedHeight = 2400 outFrames = ClientWindowFrames{frame=[0,0][1080,2400] display=[0,0][1080,2400] parentFrame=[0,0][0,0]} outSurfaceControl = Surface(name=com.miui.home/com.miui.home.launcher.Launcher#27423)/@0xbff427c
10-13 11:45:08.786  1902  1939 W WindowManager: Failed to deliver inset control state change to w=Window{5db79bc u0 eu.europa.ec.euidi/eu.europa.ec.assemblylogic.ui.MainActivity EXITING}
