--------- beginning of crash
10-06 15:45:22.422  2273  2273 F libc    : Fatal signal 6 (SIGABRT), code -1 (SI_QUEUE) in tid 2273 (init), pid 2273 (init)
10-06 15:45:22.495  2273  2273 F libc    : crash_dump helper failed to exec, or was killed
10-06 15:45:42.434  5433  5433 F libc    : Fatal signal 6 (SIGABRT), code -1 (SI_QUEUE) in tid 5433 (init), pid 5433 (init)
10-06 15:45:42.479  5433  5433 F libc    : crash_dump helper failed to exec, or was killed
10-09 16:56:31.677  2625  2657 E AndroidRuntime: FATAL EXCEPTION: Instr: androidx.test.runner.AndroidJUnitRunner
10-09 16:56:31.677  2625  2657 E AndroidRuntime: Process: io.appium.uiautomator2.server, PID: 2625
10-09 16:56:31.677  2625  2657 E AndroidRuntime: java.lang.RuntimeException: Error while disconnecting UiAutomation@c7f8431[id=-1, displayId=0, flags=0]
10-09 16:56:31.677  2625  2657 E AndroidRuntime: 	at android.app.UiAutomation.disconnect(UiAutomation.java:451)
10-09 16:56:31.677  2625  2657 E AndroidRuntime: 	at android.app.Instrumentation.finish(Instrumentation.java:275)
10-09 16:56:31.677  2625  2657 E AndroidRuntime: 	at androidx.test.runner.MonitoringInstrumentation.finish(MonitoringInstrumentation.java:381)
10-09 16:56:31.677  2625  2657 E AndroidRuntime: 	at androidx.test.runner.AndroidJUnitRunner.finish(AndroidJUnitRunner.java:463)
10-09 16:56:31.677  2625  2657 E AndroidRuntime: 	at androidx.test.runner.AndroidJUnitRunner.onStart(AndroidJUnitRunner.java:452)
10-09 16:56:31.677  2625  2657 E AndroidRuntime: 	at android.app.Instrumentation$InstrumentationThread.run(Instrumentation.java:2446)
10-09 16:56:31.677  2625  2657 E AndroidRuntime: Caused by: android.os.DeadObjectException
10-09 16:56:31.677  2625  2657 E AndroidRuntime: 	at android.os.BinderProxy.transactNative(Native Method)
10-09 16:56:31.677  2625  2657 E AndroidRuntime: 	at android.os.BinderProxy.transact(BinderProxy.java:639)
10-09 16:56:31.677  2625  2657 E AndroidRuntime: 	at android.app.IUiAutomationConnection$Stub$Proxy.disconnect(IUiAutomationConnection.java:471)
10-09 16:56:31.677  2625  2657 E AndroidRuntime: 	at android.app.UiAutomation.disconnect(UiAutomation.java:449)
10-09 16:56:31.677  2625  2657 E AndroidRuntime: 	... 5 more
10-10 10:32:35.124 15632 15655 E AndroidRuntime: FATAL EXCEPTION: Instr: androidx.test.runner.AndroidJUnitRunner
10-10 10:32:35.124 15632 15655 E AndroidRuntime: Process: io.appium.uiautomator2.server, PID: 15632
10-10 10:32:35.124 15632 15655 E AndroidRuntime: java.lang.RuntimeException: Error while disconnecting UiAutomation@c967aad[id=-1, displayId=0, flags=0]
10-10 10:32:35.124 15632 15655 E AndroidRuntime: 	at android.app.UiAutomation.disconnect(UiAutomation.java:451)
10-10 10:32:35.124 15632 15655 E AndroidRuntime: 	at android.app.Instrumentation.finish(Instrumentation.java:275)
10-10 10:32:35.124 15632 15655 E AndroidRuntime: 	at androidx.test.runner.MonitoringInstrumentation.finish(MonitoringInstrumentation.java:381)
10-10 10:32:35.124 15632 15655 E AndroidRuntime: 	at androidx.test.runner.AndroidJUnitRunner.finish(AndroidJUnitRunner.java:463)
10-10 10:32:35.124 15632 15655 E AndroidRuntime: 	at androidx.test.runner.AndroidJUnitRunner.onStart(AndroidJUnitRunner.java:452)
10-10 10:32:35.124 15632 15655 E AndroidRuntime: 	at android.app.Instrumentation$InstrumentationThread.run(Instrumentation.java:2446)
10-10 10:32:35.124 15632 15655 E AndroidRuntime: Caused by: android.os.DeadObjectException
10-10 10:32:35.124 15632 15655 E AndroidRuntime: 	at android.os.BinderProxy.transactNative(Native Method)
10-10 10:32:35.124 15632 15655 E AndroidRuntime: 	at android.os.BinderProxy.transact(BinderProxy.java:639)
10-10 10:32:35.124 15632 15655 E AndroidRuntime: 	at android.app.IUiAutomationConnection$Stub$Proxy.disconnect(IUiAutomationConnection.java:471)
10-10 10:32:35.124 15632 15655 E AndroidRuntime: 	at android.app.UiAutomation.disconnect(UiAutomation.java:449)
10-10 10:32:35.124 15632 15655 E AndroidRuntime: 	... 5 more
10-10 15:46:49.429   910   924 E AndroidRuntime: FATAL EXCEPTION: Instr: androidx.test.runner.AndroidJUnitRunner
10-10 15:46:49.429   910   924 E AndroidRuntime: Process: io.appium.uiautomator2.server, PID: 910
10-10 15:46:49.429   910   924 E AndroidRuntime: java.lang.RuntimeException: Error while disconnecting UiAutomation@cef7efc[id=-1, displayId=0, flags=0]
10-10 15:46:49.429   910   924 E AndroidRuntime: 	at android.app.UiAutomation.disconnect(UiAutomation.java:451)
10-10 15:46:49.429   910   924 E AndroidRuntime: 	at android.app.Instrumentation.finish(Instrumentation.java:275)
10-10 15:46:49.429   910   924 E AndroidRuntime: 	at androidx.test.runner.MonitoringInstrumentation.finish(MonitoringInstrumentation.java:381)
10-10 15:46:49.429   910   924 E AndroidRuntime: 	at androidx.test.runner.AndroidJUnitRunner.finish(AndroidJUnitRunner.java:463)
10-10 15:46:49.429   910   924 E AndroidRuntime: 	at androidx.test.runner.AndroidJUnitRunner.onStart(AndroidJUnitRunner.java:452)
10-10 15:46:49.429   910   924 E AndroidRuntime: 	at android.app.Instrumentation$InstrumentationThread.run(Instrumentation.java:2446)
10-10 15:46:49.429   910   924 E AndroidRuntime: Caused by: android.os.DeadObjectException
10-10 15:46:49.429   910   924 E AndroidRuntime: 	at android.os.BinderProxy.transactNative(Native Method)
10-10 15:46:49.429   910   924 E AndroidRuntime: 	at android.os.BinderProxy.transact(BinderProxy.java:639)
10-10 15:46:49.429   910   924 E AndroidRuntime: 	at android.app.IUiAutomationConnection$Stub$Proxy.disconnect(IUiAutomationConnection.java:471)
10-10 15:46:49.429   910   924 E AndroidRuntime: 	at android.app.UiAutomation.disconnect(UiAutomation.java:449)
10-10 15:46:49.429   910   924 E AndroidRuntime: 	... 5 more
--------- beginning of system
10-10 17:04:22.865  2042  7010 D CompatibilityChangeReporter: Compat change id reported: 273509367; UID 10172; state: DISABLED
10-10 17:04:22.865  2042  7010 D CompatibilityChangeReporter: Compat change id reported: 263259275; UID 10172; state: DISABLED
10-10 17:04:22.865  2042  7010 D CompatibilityChangeReporter: Compat change id reported: 174042980; UID 10172; state: DISABLED
10-10 17:04:22.865  2042  7010 D CompatibilityChangeReporter: Compat change id reported: 174042936; UID 10172; state: DISABLED
10-10 17:04:22.865  2042  7010 D CompatibilityChangeReporter: Compat change id reported: 181136395; UID 10172; state: DISABLED
10-10 17:04:22.867  2042  7010 D CompatibilityChangeReporter: Compat change id reported: 194480991; UID 10172; state: ENABLED
10-10 17:04:22.868  2042  7010 I SmartPower: com.android.chrome:privileged_process0/10172(31317): idle->invisible(12464ms) R(become foreground) adj=700.
10-10 17:04:22.868  2042  7010 I SmartPower: com.android.chrome/10172(30974): idle->invisible(12464ms) R(become foreground) adj=700.
10-10 17:04:22.869  2042  7010 D WindowManager: Collecting in transition 1015: ActivityRecord{8c3dd0b u0 com.android.chrome/com.google.android.apps.chrome.IntentDispatcher init visibleRequested:false
10-10 17:04:22.869  2042  7010 D MiuiFreeFormManagerService: activeOrFullscreenFreeformTaskIfNeed startDefaultAr:false
10-10 17:04:22.871  4304  4484 D OneHandedController: stopOneHanded state is 0
10-10 17:04:22.873  2042  7010 D WindowManager: setLockTaskAuth: task=Task{6205e01 #6813 type=standard I=com.android.chrome/com.google.android.apps.chrome.IntentDispatcher} mLockTaskAuth=LOCK_TASK_AUTH_PINNABLE
10-10 17:04:22.873  2042  7010 D WindowManager: Collecting in transition 1015: Task{6205e01 #6813 type=standard I=com.android.chrome/com.google.android.apps.chrome.IntentDispatcher} init visibleRequested:false
10-10 17:04:22.874  2042  7010 D CompatibilityChangeReporter: Compat change id reported: 184838306; UID 10172; state: DISABLED
10-10 17:04:22.874  2042  7010 D CompatibilityChangeReporter: Compat change id reported: 185004937; UID 10172; state: DISABLED
10-10 17:04:22.876  2042  7010 D WindowManager: setLockTaskAuth: task=Task{6205e01 #6813 type=standard I=com.android.chrome/com.google.android.apps.chrome.IntentDispatcher} mLockTaskAuth=LOCK_TASK_AUTH_PINNABLE
10-10 17:04:22.876  2042  7010 D MiuiFreeFormManagerService: onStartActivityInner as = Task{6205e01 #6813 type=standard I=com.android.chrome/com.google.android.apps.chrome.IntentDispatcher} op = null
10-10 17:04:22.877  2042  7010 D ActivityTaskManager: Task#startActivityLocked isOrhasTask=true newTask=true
10-10 17:04:22.877  2042  7010 D ActivityTaskManager: Not add starting window, the reason is: windowIsTranslucent = true  windowIsFloating = false  this = ActivityRecord{8c3dd0b u0 com.android.chrome/com.google.android.apps.chrome.IntentDispatcher t6813}
10-10 17:04:22.879  2042  7010 D CompatibilityChangeReporter: Compat change id reported: 205907456; UID 10172; state: ENABLED
10-10 17:04:22.881  2042  7010 D WindowManager: Collecting in transition 1015: ActivityRecord{8c3dd0b u0 com.android.chrome/com.google.android.apps.chrome.IntentDispatcher t6813} init visibleRequested:false
10-10 17:04:22.881  2042  7010 D WindowManager: Requesting StartTransition: TransitionRecord{76c5a94 id=1015 type=OPEN flags=0x0}
10-10 17:04:22.882  2042  7010 I ActivityTaskManager: START u0 {act=android.intent.action.VIEW dat=https://issuer.eudiw.dev/... flg=0x10000000 cmp=com.android.chrome/com.google.android.apps.chrome.IntentDispatcher} with LAUNCH_MULTIPLE from uid 10030 from pid 25714 callingPackage eu.europa.ec.euidi (BAL_ALLOW_VISIBLE_WINDOW) result code=0
10-10 17:04:22.883  4304  4484 I SoScUtils: monitorTransitionRequest mRequestOpenTransition:null mRequestOpenTriggerTask:-1 mRequestCloseTransition:null mRequestCloseTriggerTask:-1 mRequestCloseStageType:-1
10-10 17:04:22.884  2042  9046 D WindowManager: Set transition=TransitionRecord{76c5a94 id=1015 type=OPEN flags=0x0}, ready=false, SyncId=1015 used=true, override=false, defer=0, states=Display{#0 state=ON size=1080x2400 ROTATION_0}:false
10-10 17:04:22.885  4304  4484 D OneHandedController: stopOneHanded state is 0
10-10 17:04:22.885  2042  9046 I ActivityTaskManager: The Process com.android.chrome Already Exists in BG. So sending its PID: 30974
10-10 17:04:22.886  2042  9046 D WindowManager: Collecting in transition 1015: ActivityRecord{8c3dd0b u0 com.android.chrome/com.google.android.apps.chrome.IntentDispatcher t6813} init visibleRequested:false
10-10 17:04:22.886  2042  9046 D WindowManager: Collecting in transition 1015: ActivityRecord{8c3dd0b u0 com.android.chrome/com.google.android.apps.chrome.IntentDispatcher t6813} init visibleRequested:true
10-10 17:04:22.887  4304  4484 D OneHandedController: stopOneHanded state is 0
10-10 17:04:22.887  2042  9046 D WindowManagerService: checkFlipFullScreenChange is same, nowIsFullScreen = false
10-10 17:04:22.889  2042  9046 D WindowManager: wms.Input focus has changed to null display=0 updateInputWindows = true
10-10 17:04:22.889  2042  9046 I MultiSenceManagerInternalStub: getInstance
10-10 17:04:22.890  2042  9046 D WindowManager: Collecting in transition 1015: ActivityRecord{8c3dd0b u0 com.android.chrome/com.google.android.apps.chrome.IntentDispatcher t6813} init visibleRequested:true
10-10 17:04:22.890  2042  9046 D WindowManager: Set transition=TransitionRecord{76c5a94 id=1015 type=OPEN flags=0x0}, ready=true, SyncId=1015 
10-10 17:04:22.893  2042  9046 D CompatibilityChangeReporter: Compat change id reported: 197654537; UID 10030; state: ENABLED
10-10 17:04:22.893  2042  9053 W AutofillManagerServiceImpl: getFillEventHistory() called by UID 10273, but service UID is 10163
10-10 17:04:22.894  2042  9046 I BLASTSyncEngine: SyncGroup 1015:  Unfinished container:ActivityRecord{8c3dd0b u0 com.android.chrome/com.google.android.apps.chrome.IntentDispatcher t6813}
10-10 17:04:22.894  2042  9046 I BLASTSyncEngine: isActivitySyncFinished isSyncFinished false ActivityRecord{8c3dd0b u0 com.android.chrome/com.google.android.apps.chrome.IntentDispatcher t6813}
10-10 17:04:22.894  4304  4484 D MiuiFullScreenTaskRepository: removeFocusedTask displayId=0
10-10 17:04:22.894  4304  4484 D MiuiFullScreenTaskRepository: addOrUpdateFullScreenTaskInfo taskId=6812, topActivity=ComponentInfo{eu.europa.ec.euidi/eu.europa.ec.assemblylogic.ui.MainActivity}
10-10 17:04:22.910  2042  2690 D Aurogon :  uid = 10172 switch to FG
10-10 17:04:22.916  2042  6981 D CompatibilityChangeReporter: Compat change id reported: 161145287; UID 10172; state: ENABLED
10-10 17:04:22.929  2042  9053 D CompatibilityChangeReporter: Compat change id reported: 259743961; UID 10172; state: ENABLED
10-10 17:04:22.932  2042  9046 D WindowManager: Collecting in transition 1015: ActivityRecord{6177273 u0 com.android.chrome/org.chromium.chrome.browser.ChromeTabbedActivity init visibleRequested:false
10-10 17:04:22.933  2042  9046 D MiuiFreeFormManagerService: activeOrFullscreenFreeformTaskIfNeed startDefaultAr:false
10-10 17:04:22.933  2042  9046 D MiuiFreeFormManagerService: onStartActivityInner as = Task{fe09795 #6731 type=standard A=10172:com.android.chrome} op = null
10-10 17:04:22.934  2042  9046 D WindowManagerService: checkFlipFullScreenChange is same, nowIsFullScreen = false
10-10 17:04:22.934  2042  9046 D WindowManager: setLockTaskAuth: task=Task{fe09795 #6731 type=standard A=10172:com.android.chrome} mLockTaskAuth=LOCK_TASK_AUTH_PINNABLE
10-10 17:04:22.938  2042  9046 D WindowManager: Set transition=TransitionRecord{76c5a94 id=1015 type=OPEN flags=0x0}, ready=false, SyncId=1015 used=true, override=false, defer=0, states=Display{#0 state=ON size=1080x2400 ROTATION_0}:false
10-10 17:04:22.938  2042  9046 D WindowManager: Collecting in transition 1015: ActivityRecord{6177273 u0 com.android.chrome/org.chromium.chrome.browser.ChromeTabbedActivity t-1} init visibleRequested:false
10-10 17:04:22.938  2042  9046 D WindowManager: Set transition=TransitionRecord{76c5a94 id=1015 type=OPEN flags=0x0}, ready=false, SyncId=1015 used=true, override=false, defer=0, states=Display{#0 state=ON size=1080x2400 ROTATION_0}:false
10-10 17:04:22.940  2042  9046 I ActivityTaskManager: START u0 {act=android.intent.action.VIEW dat=https://issuer.eudiw.dev/... flg=0x14002000 cmp=com.android.chrome/org.chromium.chrome.browser.ChromeTabbedActivity (has extras)} with LAUNCH_SINGLE_INSTANCE_PER_TASK from uid 10172 from pid 30974 callingPackage com.android.chrome (BAL_ALLOW_VISIBLE_WINDOW) result code=2
10-10 17:04:22.940  4304  4484 D MiuiFullScreenTaskRepository: setFocusedTask taskId=6731, displayId=0, topActivity=ComponentInfo{com.android.chrome/org.chromium.chrome.browser.ChromeTabbedActivity}
10-10 17:04:22.940  4304  4484 D MiuiFullScreenTaskRepository: addOrUpdateFullScreenTaskInfo taskId=6731, topActivity=ComponentInfo{com.android.chrome/org.chromium.chrome.browser.ChromeTabbedActivity}
10-10 17:04:22.941  4304  4484 D MiuiFreeformModeController: onFocusTaskChanged taskInfo: TaskInfo{userId=0 taskId=6731 displayId=0 isRunning=true baseIntent=Intent { act=android.intent.action.VIEW dat=https://issuer.eudiw.dev/... flg=0x14002000 cmp=com.android.chrome/org.chromium.chrome.browser.ChromeTabbedActivity } baseActivity=ComponentInfo{com.android.chrome/org.chromium.chrome.browser.ChromeTabbedActivity} topActivity=ComponentInfo{com.android.chrome/org.chromium.chrome.browser.ChromeTabbedActivity} origActivity=null realActivity=ComponentInfo{com.android.chrome/org.chromium.chrome.browser.ChromeTabbedActivity} numActivities=1 lastActiveTime=350359362 supportsSplitScreenMultiWindow=true supportsMultiWindow=true resizeMode=2 isResizeable=true minWidth=-1 minHeight=-1 defaultMinSize=200 token=WCT{android.window.IWindowContainerToken$Stub$Proxy@9c96f7} topActivityType=1 pictureInPictureParams=null shouldDockBigOverlays=false launchIntoPipHostTaskId=-1 lastParentTaskIdBeforePip=-1 displayCutoutSafeInsets=Rect(0, 94 - 0, 0) topActivityInfo=ActivityInfo{2b5b964 org.chromium.chrome.browser.ChromeTabbedActivity} launchCookies=[] positionInParent=Point(0, 0) parentTaskId=-1 isFocused=true isVisible=false isVisibleRequested=false isSleeping=false topActivityInSizeCompat=false topActivityInMiuiSizeCompat=false topActivityEligibleForLetterboxEducation= false topActivityLetterboxed= false isFromDoubleTap= false topActivityLetterboxVerticalPosition= -1 topActivityLetterboxHorizontalPosition= -1 topActivityLetterboxWidth=-1 topActivityLetterboxHeight=-1 locusId=null displayAreaFeatureId=1 cameraCompatControlState=hidden mIsCastMode=false mTopActivityMediaSize=null mTopActivityRecordName=ActivityRecord{8a7cf7f u0 com.android.chrome/org.chromium.chrome.browser.ChromeTabbedActivity t6731} mTopActivityOrientation=-2 mTopActivityWindowIsNowVisible=false isTranslucent=true isEmbedded=false shouldBeVisible=true isImmersive=false mBehindAppLockPkg=null mOriginatingUid=0}
10-10 17:04:22.941  2042  9053 D MiuiSoScManagerStub: supportSoScMinimizedMode:true
10-10 17:04:22.941  2042  9053 D MiuiSoScManagerStub: taskInSoScFullMode:false
10-10 17:04:22.941  2042  9053 D MiuiFreeFormGestureController: deliverResultForFinishActivity resultTo: null resultFrom: ActivityRecord{8c3dd0b u0 com.android.chrome/com.google.android.apps.chrome.IntentDispatcher t6813 f}} isInVideoOrGameScene: false intent: Intent { act=android.intent.action.VIEW dat=https://issuer.eudiw.dev/... flg=0x10800000 cmp=com.android.chrome/com.google.android.apps.chrome.IntentDispatcher }
10-10 17:04:22.941  4304  4484 D MiuiDesktopModeController: onFocusTaskChanged newFocus: TaskInfo{userId=0 taskId=6731 displayId=0 isRunning=true baseIntent=Intent { act=android.intent.action.VIEW dat=https://issuer.eudiw.dev/... flg=0x14002000 cmp=com.android.chrome/org.chromium.chrome.browser.ChromeTabbedActivity } baseActivity=ComponentInfo{com.android.chrome/org.chromium.chrome.browser.ChromeTabbedActivity} topActivity=ComponentInfo{com.android.chrome/org.chromium.chrome.browser.ChromeTabbedActivity} origActivity=null realActivity=ComponentInfo{com.android.chrome/org.chromium.chrome.browser.ChromeTabbedActivity} numActivities=1 lastActiveTime=350359362 supportsSplitScreenMultiWindow=true supportsMultiWindow=true resizeMode=2 isResizeable=true minWidth=-1 minHeight=-1 defaultMinSize=200 token=WCT{android.window.IWindowContainerToken$Stub$Proxy@9c96f7} topActivityType=1 pictureInPictureParams=null shouldDockBigOverlays=false launchIntoPipHostTaskId=-1 lastParentTaskIdBeforePip=-1 displayCutoutSafeInsets=Rect(0, 94 - 0, 0) topActivityInfo=ActivityInfo{2b5b964 org.chromium.chrome.browser.ChromeTabbedActivity} launchCookies=[] positionInParent=Point(0, 0) parentTaskId=-1 isFocused=true isVisible=false isVisibleRequested=false isSleeping=false topActivityInSizeCompat=false topActivityInMiuiSizeCompat=false topActivityEligibleForLetterboxEducation= false topActivityLetterboxed= false isFromDoubleTap= false topActivityLetterboxVerticalPosition= -1 topActivityLetterboxHorizontalPosition= -1 topActivityLetterboxWidth=-1 topActivityLetterboxHeight=-1 locusId=null displayAreaFeatureId=1 cameraCompatControlState=hidden mIsCastMode=false mTopActivityMediaSize=null mTopActivityRecordName=ActivityRecord{8a7cf7f u0 com.android.chrome/org.chromium.chrome.browser.ChromeTabbedActivity t6731} mTopActivityOrientation=-2 mTopActivityWindowIsNowVisible=false isTranslucent=true isEmbedded=false shouldBeVisible=true isImmersive=false mBehindAppLockPkg=null mOriginatingUid=0}
10-10 17:04:22.941  2042  9053 D WindowManager: Collecting in transition 1015: Task{6205e01 #6813 type=standard I=com.android.chrome/com.google.android.apps.chrome.IntentDispatcher} init visibleRequested:true
10-10 17:04:22.941  4304  4484 D OneHandedController: stopOneHanded state is 0
10-10 17:04:22.945  4304  5230 D MiuiFreeformModeObserver: activityResumed() intent： Intent { cmp=com.android.chrome/org.chromium.chrome.browser.document.ChromeLauncherActivity (has extras) }
10-10 17:04:22.947  4304  4484 D WindowManagerShell: onActivityRestartAttempt: ComponentInfo{com.android.chrome/org.chromium.chrome.browser.ChromeTabbedActivity}
10-10 17:04:22.948  2042  9046 D WindowManager: Collecting in transition 1015: ActivityRecord{8c3dd0b u0 com.android.chrome/com.google.android.apps.chrome.IntentDispatcher t6813 f}} init visibleRequested:true
10-10 17:04:22.948  2042  9046 D WindowManager: Collecting in transition 1015: ActivityRecord{8a7cf7f u0 com.android.chrome/org.chromium.chrome.browser.ChromeTabbedActivity t6731} init visibleRequested:false
10-10 17:04:22.949  2042  9046 D WindowManagerService: checkFlipFullScreenChange is same, nowIsFullScreen = false
10-10 17:04:22.949  2042  9046 D WindowManager: Collecting in transition 1015: ActivityRecord{423b875 u0 eu.europa.ec.euidi/eu.europa.ec.assemblylogic.ui.MainActivity t6812} init visibleRequested:true
10-10 17:04:22.950  4304  4484 D MiuiFullScreenTaskRepository: setFocusedTask taskId=6731, displayId=0, topActivity=ComponentInfo{com.android.chrome/org.chromium.chrome.browser.ChromeTabbedActivity}
10-10 17:04:22.950  4304  4484 D MiuiFullScreenTaskRepository: addOrUpdateFullScreenTaskInfo taskId=6731, topActivity=ComponentInfo{com.android.chrome/org.chromium.chrome.browser.ChromeTabbedActivity}
10-10 17:04:22.951  2042  9046 D WindowManager: Collecting in transition 1015: ActivityRecord{8a7cf7f u0 com.android.chrome/org.chromium.chrome.browser.ChromeTabbedActivity t6731} init visibleRequested:true
10-10 17:04:22.951  2042  9046 D WindowManager: Set transition=TransitionRecord{76c5a94 id=1015 type=OPEN flags=0x0}, ready=true, SyncId=1015 
10-10 17:04:22.954  2042  9046 I BLASTSyncEngine: SyncGroup 1015:  Unfinished container:ActivityRecord{8a7cf7f u0 com.android.chrome/org.chromium.chrome.browser.ChromeTabbedActivity t6731}
10-10 17:04:22.954  2042  9046 I BLASTSyncEngine: isActivitySyncFinished isSyncFinished false ActivityRecord{8a7cf7f u0 com.android.chrome/org.chromium.chrome.browser.ChromeTabbedActivity t6731}
10-10 17:04:22.954  2042  7010 W AutofillManagerServiceImpl: getFillEventHistory() called by UID 10273, but service UID is 10163
10-10 17:04:22.963  2042  9046 D CoreBackPreview: Window{169c3d3 u0 com.android.chrome/org.chromium.chrome.browser.ChromeTabbedActivity}: Setting back callback OnBackInvokedCallbackInfo{mCallback=android.window.IOnBackInvokedCallback$Stub$Proxy@f8e3a48, mPriority=0, mIsAnimationCallback=true}
10-10 17:04:22.982  2042  2072 I SmartPower: com.android.chrome:sandboxed_process0:org.chromium.content.app.SandboxedProcessSer-1->background(0ms) R(become background) adj=-10000.
10-10 17:04:22.984  2042  2788 D CompatibilityChangeReporter: Compat change id reported: 143937733; UID 10172; state: ENABLED
10-10 17:04:22.991  2042  4080 D SchedBoost: com.android.chrome:sandboxed_process0:org.chromium.content.app.SandboxedProcessService0:65 boosting, skip reset priority
10-10 17:04:22.994  2042  7010 D ActivityManager: checkAllowBackground: uid=10163 pkg=com.google.android.gms rec=UidRecord{3efeecd u0a163 BTOP change:procadj procs:0 seq(1548271,1293144)} caps=LCMNFU always=false idle=false
10-10 17:04:23.000  2042  2788 I ActivityManager: Start proc 25850:com.android.chrome:sandboxed_process0:org.chromium.content.app.SandboxedProcessService0:66/u0ai66 for  {com.android.chrome/org.chromium.content.app.SandboxedProcessService0:66} caller=com.android.chrome
10-10 17:04:23.028  2042  7010 D CompatibilityChangeReporter: Compat change id reported: 168419799; UID 10172; state: DISABLED
10-10 17:04:23.028  2042  7010 D CompatibilityChangeReporter: Compat change id reported: 273564678; UID 10172; state: DISABLED
10-10 17:04:23.034  2042  3500 D isUidValid: uid = 90066
10-10 17:04:23.036 25850 25850 E MQSEventManagerDelegate: failed to get MQSService.
10-10 17:04:23.037 25850 25850 W ActivityThread: registerApplicationScoutThread result:false
10-10 17:04:23.048 25850 25850 E ForceDarkHelperStubImpl: getForceDarkOriginState transact failed , mService: null
10-10 17:04:23.055  2042  4772 I ActivityManager: Flag disabled. Ignoring finishAttachApplication from uid: 90066. pid: 25850
10-10 17:04:23.063  4304 26581 D MiuiFreeformModeObserver: activityResumed() intent： Intent { cmp=com.android.chrome/org.chromium.chrome.browser.ChromeTabbedActivity (has extras) }
10-10 17:04:23.074  2042  4772 D ActivityManager: checkAllowBackground: uid=10163 pkg=com.google.android.gms rec=UidRecord{3efeecd u0a163 BTOP change:procadj procs:0 seq(1548277,1293144)} caps=LCMNFU always=false idle=false
10-10 17:04:23.084  2042  6981 D ActivityManager: checkAllowBackground: uid=10163 pkg=com.google.android.gms rec=UidRecord{3efeecd u0a163 BTOP change:procadj procs:0 seq(1548281,1293144)} caps=LCMNFU always=false idle=false
10-10 17:04:23.094  2042  4080 I BLASTSyncEngine: SyncGroup 1015:  Unfinished container:ActivityRecord{8a7cf7f u0 com.android.chrome/org.chromium.chrome.browser.ChromeTabbedActivity t6731}
10-10 17:04:23.094  2042  4080 I BLASTSyncEngine: isActivitySyncFinished isSyncFinished false ActivityRecord{8a7cf7f u0 com.android.chrome/org.chromium.chrome.browser.ChromeTabbedActivity t6731}
10-10 17:04:23.095  2042  4080 I WindowManager: cancelAnimation removed leash : Surface(name=Surface(name=704023a StatusBar#94)/@0xa8be448 - animation-leash of insets_animation#20396)/@0x263a517
10-10 17:04:23.097  2042  4080 I WindowManager: cancelAnimation removed leash : Surface(name=Surface(name=d968687 NavigationBar0#90)/@0x2f479dd - animation-leash of insets_animation#20424)/@0xf472e93
10-10 17:04:23.099  2042  4080 D WindowManager: wms.Input focus has changed to Window{169c3d3 u0 com.android.chrome/org.chromium.chrome.browser.ChromeTabbedActivity} display=0 updateInputWindows = true
10-10 17:04:23.099  2042  4080 I MultiSenceManagerInternalStub: getInstance
10-10 17:04:23.132  2042  4080 D ActivityManager: checkAllowBackground: uid=10163 pkg=com.google.android.gms rec=UidRecord{3efeecd u0a163 BTOP change:procadj procs:0 seq(1548378,1293144)} caps=LCMNFU always=false idle=false
10-10 17:04:23.145  2042  6981 D ActivityManager: checkAllowBackground: uid=10163 pkg=com.google.android.gms rec=UidRecord{3efeecd u0a163 BTOP change:procadj procs:0 seq(1548425,1293144)} caps=LCMNFU always=false idle=false
10-10 17:04:23.157  2042  4080 D WindowManager: wms.finishDrawingLocked: mDrawState=COMMIT_DRAW_PENDING Window{169c3d3 u0 com.android.chrome/org.chromium.chrome.browser.ChromeTabbedActivity} in Surface(name=com.android.chrome/org.chromium.chrome.browser.ChromeTabbedActivity#20427)/@0x7a68b97
10-10 17:04:23.160  2042  2693 I SmartPower: com.android.chrome/10172(30974): invisible->visible(292ms) R(become visible) adj=0.
10-10 17:04:23.161  2042  3524 I SmartPower: com.google.android.adservices.api/10294(20677): idle->background(12676ms) R(add to whitelist) adj=0.
10-10 17:04:23.161  2042  2693 I WindowManager: wms.showSurfaceRobustly mWin:Window{169c3d3 u0 com.android.chrome/org.chromium.chrome.browser.ChromeTabbedActivity}
10-10 17:04:23.161  2042  2693 D WindowManager: Final targets: [Task{fe09795 #6731 type=standard A=10172:com.android.chrome}, Task{783207b #6812 type=standard A=10030:eu.europa.ec.euidi}]
10-10 17:04:23.162  2042  3524 I SmartPower: com.android.chrome:sandboxed_process0:org.chromium.content.app.SandboxedProcessSeridle->background(9756ms) R(add to whitelist) adj=200.
10-10 17:04:23.162  2042  3524 I SmartPower: com.android.chrome:sandboxed_process0:org.chromium.content.app.SandboxedProcessSeridle->background(9756ms) R(add to whitelist) adj=200.
10-10 17:04:23.163  2042  3524 I SmartPower: com.android.chrome:sandboxed_process0:org.chromium.content.app.SandboxedProcessSeridle->background(9756ms) R(add to whitelist) adj=980.
10-10 17:04:23.163  2042  3524 I SmartPower: com.android.chrome:sandboxed_process0:org.chromium.content.app.SandboxedProcessSeridle->background(9757ms) R(add to whitelist) adj=980.
10-10 17:04:23.163  2042  3524 I SmartPower: com.android.chrome:sandboxed_process0:org.chromium.content.app.SandboxedProcessSeridle->background(9756ms) R(add to whitelist) adj=980.
10-10 17:04:23.163  2042  3524 I SmartPower: com.android.chrome:sandboxed_process0:org.chromium.content.app.SandboxedProcessSeridle->background(9756ms) R(add to whitelist) adj=980.
10-10 17:04:23.163  2042  3524 I SmartPower: com.android.chrome:sandboxed_process0:org.chromium.content.app.SandboxedProcessSeridle->background(9756ms) R(add to whitelist) adj=980.
10-10 17:04:23.163  2042  3524 I SmartPower: com.android.chrome:sandboxed_process0:org.chromium.content.app.SandboxedProcessSeridle->background(9756ms) R(add to whitelist) adj=970.
10-10 17:04:23.163  2042  3524 I SmartPower: com.android.chrome:sandboxed_process0:org.chromium.content.app.SandboxedProcessSeridle->background(9756ms) R(add to whitelist) adj=970.
10-10 17:04:23.163  2042  3524 I SmartPower: com.android.chrome:sandboxed_process0:org.chromium.content.app.SandboxedProcessSeridle->background(9756ms) R(add to whitelist) adj=970.
10-10 17:04:23.163  2042  3524 I SmartPower: com.android.chrome:sandboxed_process0:org.chromium.content.app.SandboxedProcessSeridle->background(9756ms) R(add to whitelist) adj=960.
10-10 17:04:23.163  2042  3524 I SmartPower: com.android.chrome:sandboxed_process0:org.chromium.content.app.SandboxedProcessSeridle->background(9756ms) R(add to whitelist) adj=960.
10-10 17:04:23.163  2042  3524 I SmartPower: com.android.chrome:sandboxed_process0:org.chromium.content.app.SandboxedProcessSeridle->background(9756ms) R(add to whitelist) adj=960.
10-10 17:04:23.164  2042  3524 I SmartPower: com.android.chrome:sandboxed_process0:org.chromium.content.app.SandboxedProcessSeridle->background(9756ms) R(add to whitelist) adj=960.
10-10 17:04:23.164  2042  3524 I SmartPower: com.android.chrome:sandboxed_process0:org.chromium.content.app.SandboxedProcessSeridle->background(9757ms) R(add to whitelist) adj=960.
10-10 17:04:23.164  2042  3524 I SmartPower: com.android.chrome:sandboxed_process0:org.chromium.content.app.SandboxedProcessSeridle->background(9756ms) R(add to whitelist) adj=950.
10-10 17:04:23.164  2042  3524 I SmartPower: com.android.chrome:sandboxed_process0:org.chromium.content.app.SandboxedProcessSeridle->background(9756ms) R(add to whitelist) adj=950.
10-10 17:04:23.165  2042  3524 I SmartPower: com.android.chrome:sandboxed_process0:org.chromium.content.app.SandboxedProcessSeridle->background(9756ms) R(add to whitelist) adj=950.
10-10 17:04:23.165  2042  3524 I SmartPower: com.android.chrome:sandboxed_process0:org.chromium.content.app.SandboxedProcessSeridle->background(9757ms) R(add to whitelist) adj=950.
10-10 17:04:23.165  2042  3524 I SmartPower: com.android.chrome:sandboxed_process0:org.chromium.content.app.SandboxedProcessSeridle->background(9757ms) R(add to whitelist) adj=940.
10-10 17:04:23.165  2042  3524 I SmartPower: com.android.chrome:sandboxed_process0:org.chromium.content.app.SandboxedProcessSeridle->background(9757ms) R(add to whitelist) adj=940.
10-10 17:04:23.165  2042  3524 I SmartPower: com.android.chrome:sandboxed_process0:org.chromium.content.app.SandboxedProcessSeridle->background(9757ms) R(add to whitelist) adj=940.
10-10 17:04:23.165  2042  3524 I SmartPower: com.android.chrome:sandboxed_process0:org.chromium.content.app.SandboxedProcessSeridle->background(9757ms) R(add to whitelist) adj=930.
10-10 17:04:23.165  2042  3524 I SmartPower: com.android.chrome:sandboxed_process0:org.chromium.content.app.SandboxedProcessSeridle->background(9757ms) R(add to whitelist) adj=930.
10-10 17:04:23.165  2042  3524 I SmartPower: com.android.chrome:sandboxed_process0:org.chromium.content.app.SandboxedProcessSeridle->background(9756ms) R(add to whitelist) adj=930.
10-10 17:04:23.165  2042  3524 I SmartPower: com.android.chrome:sandboxed_process0:org.chromium.content.app.SandboxedProcessSeridle->background(9756ms) R(add to whitelist) adj=930.
10-10 17:04:23.165  2042  3524 I SmartPower: com.android.chrome:sandboxed_process0:org.chromium.content.app.SandboxedProcessSeridle->background(9756ms) R(add to whitelist) adj=920.
10-10 17:04:23.166  2042  3524 I SmartPower: com.android.chrome:sandboxed_process0:org.chromium.content.app.SandboxedProcessSeridle->background(9756ms) R(add to whitelist) adj=920.
10-10 17:04:23.166  2042  3524 I SmartPower: com.android.chrome:sandboxed_process0:org.chromium.content.app.SandboxedProcessSeridle->background(9757ms) R(add to whitelist) adj=920.
10-10 17:04:23.166  2042  3524 I SmartPower: com.android.chrome:sandboxed_process0:org.chromium.content.app.SandboxedProcessSeridle->background(9757ms) R(add to whitelist) adj=920.
10-10 17:04:23.166  2042  3524 I SmartPower: com.android.chrome:sandboxed_process0:org.chromium.content.app.SandboxedProcessSeridle->background(9757ms) R(add to whitelist) adj=920.
10-10 17:04:23.166  2042  3524 I SmartPower: com.android.chrome:sandboxed_process0:org.chromium.content.app.SandboxedProcessSeridle->background(9757ms) R(add to whitelist) adj=910.
10-10 17:04:23.166  2042  3524 I SmartPower: com.android.chrome:sandboxed_process0:org.chromium.content.app.SandboxedProcessSeridle->background(9757ms) R(add to whitelist) adj=910.
10-10 17:04:23.166  2042  3524 I SmartPower: com.android.chrome:sandboxed_process0:org.chromium.content.app.SandboxedProcessSeridle->background(9757ms) R(add to whitelist) adj=910.
10-10 17:04:23.166  2042  3524 I SmartPower: com.android.chrome:sandboxed_process0:org.chromium.content.app.SandboxedProcessSeridle->background(9757ms) R(add to whitelist) adj=900.
10-10 17:04:23.166  2042  3524 I SmartPower: com.android.chrome:sandboxed_process0:org.chromium.content.app.SandboxedProcessSeridle->background(9756ms) R(add to whitelist) adj=900.
10-10 17:04:23.166  2042  3524 I SmartPower: com.android.chrome:sandboxed_process0:org.chromium.content.app.SandboxedProcessSeridle->background(9756ms) R(add to whitelist) adj=900.
10-10 17:04:23.166  2042  3524 I SmartPower: com.android.chrome:sandboxed_process0:org.chromium.content.app.SandboxedProcessSeridle->background(12693ms) R(add to whitelist) adj=900.
10-10 17:04:23.167  2042  3524 I SmartPower: com.android.chrome:sandboxed_process0:org.chromium.content.app.SandboxedProcessSeridle->background(12693ms) R(add to whitelist) adj=900.
10-10 17:04:23.167  2042  3524 I SmartPower: com.android.chrome:sandboxed_process0:org.chromium.content.app.SandboxedProcessSeridle->background(12683ms) R(add to whitelist) adj=250.
10-10 17:04:23.176  2042  2693 D WindowManager: Calling onTransitionReady info={id=1015 t=OPEN f=0x0 trk=0 r=[0@Point(0, 0)] c=[{WCT{RemoteToken{ac2f95f Task{fe09795 #6731 type=standard A=10172:com.android.chrome}}} m=TO_FRONT f=MOVE_TO_TOP leash=Surface(name=Task=6731#16951)/@0xbe63b4c sb=Rect(0, 0 - 1080, 2400) eb=Rect(0, 0 - 1080, 2400) d=0},{WCT{RemoteToken{fdc3d86 Task{783207b #6812 type=standard A=10030:eu.europa.ec.euidi}}} m=TO_BACK f=NONE leash=Surface(name=Task=6812#20385)/@0x4e7600a sb=Rect(0, 0 - 1080, 2400) eb=Rect(0, 0 - 1080, 2400) d=0}] noAni=[false] df=[false] mk=[true] nc=[0]}, mToken=Token{eab6f08 TransitionRecord{76c5a94 id=1015 type=OPEN flags=0x0}}
10-10 17:04:23.176  2042  2693 I BLASTSyncEngine: finishNow: after onTransactionReady, mSyncId=1015
10-10 17:04:23.178  4304  4484 D MiuiFreeformAnimation: startAnimation change: {WCT{android.window.IWindowContainerToken$Stub$Proxy@bc707d0} m=TO_FRONT f=MOVE_TO_TOP leash=Surface(name=Task=6731#16951)/@0xd3497cd sb=Rect(0, 0 - 1080, 2400) eb=Rect(0, 0 - 1080, 2400) d=0} info.getType(): 1
10-10 17:04:23.178  4304  4484 I MiuiFreeformAnimation: isLaunchWidgetPicker=false,taskInfo.getWindowingMode()=1, taskInfo.getActivityType()=1
10-10 17:04:23.179  4304  4484 D MiuiFreeformAnimation: startAnimation change: {WCT{android.window.IWindowContainerToken$Stub$Proxy@2ffe3c9} m=TO_BACK f=NONE leash=Surface(name=Task=6812#20385)/@0xb334882 sb=Rect(0, 0 - 1080, 2400) eb=Rect(0, 0 - 1080, 2400) d=0} info.getType(): 1
10-10 17:04:23.179  4304  4484 W MiuiTaskTransitionHandler: Receive an unknown transition, token=android.os.BinderProxy@cb2b9b8, type=1
10-10 17:04:23.179  4304  4304 D ArtChoreographerMonitor: invoke error.
10-10 17:04:23.180  4304  4484 D TransitionAnimationHelper:  load default animation  type = 1 enter = false animAttr = 9 isTask = true translucent = false
10-10 17:04:23.182  4304  4484 D TransitionAnimationHelper:  load default animation  type = 1 enter = true animAttr = 8 isTask = true translucent = false
10-10 17:04:23.184  4304  4484 D MiuiFullScreenTaskRepository: setFocusedTask taskId=6731, displayId=0, topActivity=ComponentInfo{com.android.chrome/org.chromium.chrome.browser.ChromeTabbedActivity}
10-10 17:04:23.184  4304  4484 D MiuiFullScreenTaskRepository: addOrUpdateFullScreenTaskInfo taskId=6731, topActivity=ComponentInfo{com.android.chrome/org.chromium.chrome.browser.ChromeTabbedActivity}
10-10 17:04:23.184  4304  4520 D ShellTransitions: speed ui!!!!!!!!!!!
10-10 17:04:23.188  4304  4484 D SoScUtils: monitorTransitionFinished transition:android.os.BinderProxy@cb2b9b8 transaction: android.view.SurfaceControl$Transaction@d2d632 mRequestCloseTransition:null mRequestOpenTransition:null mPairsOpenTransition:null mPairsOpenTransitionNull:null mRequestOpenTriggerTask:-1 mRequestCloseTriggerTask:-1 mOrientationTransition: null mMainStartingTask:-1 mSideStartingTask:-1
10-10 17:04:23.192  2042  9046 I Transition: finishTransition: updateLastSurfacePosition tf=Task{6205e01 #6813 type=standard I=com.android.chrome/com.google.android.apps.chrome.IntentDispatcher}
10-10 17:04:23.193  2042  9046 I Transition: finishTransition: updateLastSurfacePosition tf=Task{fe09795 #6731 type=standard A=10172:com.android.chrome}
10-10 17:04:23.198  2042  2692 I SmartPower: eu.europa.ec.euidi/10030(25714): visible->invisible(16083ms) R(become invisible) adj=200.
10-10 17:04:23.198  2042  2692 I SmartPower: eu.europa.ec.euidi/10030(25714): invisible->background(0ms) R(become background) adj=200.
10-10 17:04:23.202  2042  4772 D CompatibilityChangeReporter: Compat change id reported: 214016041; UID 10172; state: ENABLED
10-10 17:04:23.203  4304  4484 D MiuiFullScreenTaskRepository: addOrUpdateFullScreenTaskInfo taskId=6812, topActivity=ComponentInfo{eu.europa.ec.euidi/eu.europa.ec.assemblylogic.ui.MainActivity}
10-10 17:04:23.216  2042  9053 W PackageConfigPersister: App-specific configuration not found for packageName: com.android.chrome and userId: 0
10-10 17:04:23.221  2042  2072 I WindowManager: cancelAnimation removed leash : Surface(name=Surface(name=49d5fba InputMethod#118)/@0xbb23dc8 - animation-leash of insets_animation#20400)/@0x5f2b21e
10-10 17:04:23.252  2042  7010 W PresentationStatsEventLogger: Shouldn't be logging AutofillPresentationEventReported again for same event
10-10 17:04:23.259 25714 25714 D ActivityThread: Fail to check app heapsize due to java.lang.NoSuchMethodException: dalvik.system.VMRuntime.getBlockingGcCountForAlloc []
10-10 17:04:23.273  2042  2690 D Aurogon :  uid = 10030 switch to BG
10-10 17:04:23.273  2042  3500 D isUidValid: uid = 10030
10-10 17:04:23.355  4304  4304 D ArtChoreographerMonitor: invoke error.
10-10 17:04:23.408  4304  4304 D ArtChoreographerMonitor: invoke error.
10-10 17:04:23.580  4304  4304 D ArtChoreographerMonitor: invoke error.
10-10 17:04:23.640  2042  3524 I SmartPower: com.google.android.inputmethod.latin/10176(6431): background->idle(3000ms) R(become background) adj=100.
10-10 17:04:23.808  2183  2183 I wificond: station_bandwidth: P
10-10 17:04:23.832  2042  9046 I SmartPower: com.google.android.apps.messaging/10165(16883): idle->background(3023ms) R(content provider start ContentProviderRecord{602f793 u0 com.google.android.apps.messaging/.shared.datamodel.provider.sharedstorage.SharedStorageProvider}) adj=200.
10-10 17:04:24.368  2042  2072 W MIUIInput: Input event injection from package: null action ACTION_DOWN
10-10 17:04:24.372  2042  3516 I ProcessManager: getRenderThreadTidByPid, caller=2042
10-10 17:04:24.375  2042  2072 W MIUIInput: Input event injection from package: null action ACTION_UP
10-10 17:04:24.518  2042  2072 W MIUIInput: Input event injection from package: null action ACTION_DOWN
10-10 17:04:24.519  2042  3516 I ProcessManager: getRenderThreadTidByPid, caller=2042
10-10 17:04:24.522  2042  2072 W MIUIInput: Input event injection from package: null action ACTION_UP
10-10 17:04:24.543  2042  9046 D ActivityManager: checkAllowBackground: uid=10163 pkg=com.google.android.gms rec=UidRecord{3efeecd u0a163 BTOP change:procadj procs:0 seq(1548853,1293144)} caps=LCMNFU always=false idle=false
10-10 17:04:24.786  2042  9053 D SchedBoost: com.android.chrome:sandboxed_process0:org.chromium.content.app.SandboxedProcessService0:66 boosting, skip reset priority
10-10 17:04:25.896  2042  9046 W MIUIInput: Input event injection from package: null action ACTION_DOWN
10-10 17:04:25.901  2042  3516 I ProcessManager: getRenderThreadTidByPid, caller=2042
10-10 17:04:25.901  2042  9046 W MIUIInput: Input event injection from package: null action ACTION_UP
10-10 17:04:25.922  2042  4772 D ActivityManager: checkAllowBackground: uid=10163 pkg=com.google.android.gms rec=UidRecord{3efeecd u0a163 BTOP change:procadj procs:0 seq(1548863,1293144)} caps=LCMNFU always=false idle=false
10-10 17:04:25.955  2042  7010 W PackageConfigPersister: App-specific configuration not found for packageName: com.android.chrome and userId: 0
10-10 17:04:25.956  2042  7010 I InputMethodManagerService: IMMS.showSoftInput(), client = com.android.internal.inputmethod.IInputMethodClient$Stub$Proxy@4bbd97c
10-10 17:04:25.956  2042  7010 I InputMethodManagerService: IMMS.showCurrentInputLocked(), flags = 0
10-10 17:04:25.956  2042  7010 D SmartPower: com.google.android.inputmethod.latin/10176(6431): show input method
10-10 17:04:25.956  2042  7010 I SmartPower: com.google.android.inputmethod.latin/10176(6431): idle->visible(2316ms) R(show input method) adj=100.
10-10 17:04:25.957  2042  7010 I DefaultImeVisibilityApplier: IMMS.showCurrentInputLocked request ims to show inputMethod.
10-10 17:04:25.971  2042  7010 I InputMethodManagerService: IMMS.showSoftInput(), client = com.android.internal.inputmethod.IInputMethodClient$Stub$Proxy@e34e25a
10-10 17:04:25.971  2042  7010 I InputMethodManagerService: IMMS.showCurrentInputLocked(), flags = 0
10-10 17:04:25.971  2042  7010 D SmartPower: com.google.android.inputmethod.latin/10176(6431): show input method
10-10 17:04:25.972  2042  7010 I DefaultImeVisibilityApplier: IMMS.showCurrentInputLocked request ims to show inputMethod.
10-10 17:04:26.200  2042  3524 I SmartPower: eu.europa.ec.euidi/10030(25714): background->idle(3002ms) R(become background) adj=700.
10-10 17:04:26.261  2042  2072 I InputMethodManagerService: IMMS.showSoftInput(), client = com.android.internal.inputmethod.IInputMethodClient$Stub$Proxy@e944981
10-10 17:04:26.261  2042  2072 I InputMethodManagerService: IMMS.showCurrentInputLocked(), flags = 0
10-10 17:04:26.261  2042  2072 D SmartPower: com.google.android.inputmethod.latin/10176(6431): show input method
10-10 17:04:26.261  2042  2072 I DefaultImeVisibilityApplier: IMMS.showCurrentInputLocked request ims to show inputMethod.
10-10 17:04:26.289  2042  7010 D ActivityManager: checkAllowBackground: uid=10163 pkg=com.google.android.gms rec=UidRecord{3efeecd u0a163 BTOP change:procadj procs:0 seq(1548869,1293144)} caps=LCMNFU always=false idle=false
10-10 17:04:26.293  2042  7010 I InputMethodManagerService: IMMS.applyImeVisibility(), setVisible = true, mCurclient = ClientState{3821367 mUid=10172 mPid=30974 mSelfReportedDisplayId=0}
10-10 17:04:26.293  2042  7010 I WindowManager: WMS.showImePostLayout(), imeTarget = Window{169c3d3 u0 com.android.chrome/org.chromium.chrome.browser.ChromeTabbedActivity}
10-10 17:04:26.301  4304  4484 D MiuiFreeformModeController: avoidForInsetsBottomChangedIfNeed oldMoveableBottom: 2270 newMoveableBounds: 2270
10-10 17:04:26.306  2042  2072 D CoreBackPreview: Window{169c3d3 u0 com.android.chrome/org.chromium.chrome.browser.ChromeTabbedActivity}: Setting back callback OnBackInvokedCallbackInfo{mCallback=android.window.IOnBackInvokedCallback$Stub$Proxy@5bafcbd, mPriority=0, mIsAnimationCallback=false}
10-10 17:04:26.316  4304  4484 D MiuiFreeformModeController: avoidForInsetsBottomChangedIfNeed oldMoveableBottom: 2270 newMoveableBounds: 2270
10-10 17:04:26.324  2042  7010 D WindowManager: wms.finishDrawingLocked: mDrawState=COMMIT_DRAW_PENDING Window{49d5fba u0 InputMethod} in Surface(name=InputMethod#20439)/@0x887d667
10-10 17:04:26.326  2042  4772 I InputMethodManagerService: IMMS.applyImeVisibility(), setVisible = true, mCurclient = ClientState{3821367 mUid=10172 mPid=30974 mSelfReportedDisplayId=0}
10-10 17:04:26.327  2042  2693 I ImeInsetsSourceProvider: ImeInsetsSourceProvider.scheduleShowImePostLayout() Run showImeRunner.
10-10 17:04:26.327  2042  2693 I ImeInsetsSourceProvider: ImeInsetsSourceProvider.scheduleShowImePostLayout() isReadyToShowIme.
10-10 17:04:26.329  2042  4772 I WindowManager: WMS.showImePostLayout(), imeTarget = Window{169c3d3 u0 com.android.chrome/org.chromium.chrome.browser.ChromeTabbedActivity}
10-10 17:04:26.330  2042  9053 D ActivityManager: checkAllowBackground: uid=10163 pkg=com.google.android.gms rec=UidRecord{3efeecd u0a163 BTOP change:procadj procs:0 seq(1548871,1293144)} caps=LCMNFU always=false idle=false
10-10 17:04:26.330  4304  4484 D MiuiFreeformModeController: avoidForInsetsBottomChangedIfNeed oldMoveableBottom: 2270 newMoveableBounds: 2270
10-10 17:04:26.331  4304  4484 D ImePositionProcessor: onImeVisibilityChanged     isShowing:  true
10-10 17:04:26.331  2042  7002 I WindowManager: cancelAnimation removed leash : Surface(name=Surface(name=d968687 NavigationBar0#90)/@0x2f479dd - animation-leash of insets_animation#20429)/@0xe9351f0
10-10 17:04:26.332  2042  2692 I WindowManager: input method visible height changed 701
10-10 17:04:26.333  4304  4484 D MiuiFreeformModeController: onImeVisibilityChanged imeVisible: true imeHeight: 701 adjustedForRotation:false
10-10 17:04:26.333  4304  4484 D MiuiFreeformModeAvoidAlgorithm: begin autoOrderingAvoidMiniTask
10-10 17:04:26.333  4304  4484 D MiuiFreeformModeAvoidAlgorithm: getCurrMiniPos: SameSideMiniPosList: []
10-10 17:04:26.333  4304  4484 D MiuiFreeformModeAvoidAlgorithm: getCurrMiniPos: SameSideMiniPosList: []
10-10 17:04:26.333  2042  3126 I ITouchFeature: current device and process support version:2
10-10 17:04:26.333  4304  4484 D MiuiFreeformModeAvoidAlgorithm: end autoOrderingAvoidMiniTask res:AvoidResult{distance=0, combination={}, activeTaskPos=Rect(0, 0 - 0, 0)}
10-10 17:04:26.334  2042  2692 I WindowManager: wms.showSurfaceRobustly mWin:Window{49d5fba u0 InputMethod}
10-10 17:04:26.334  2042  2692 I ImeInsetsSourceProvider: ImeInsetsSourceProvider.scheduleShowImePostLayout() Run showImeRunner.
10-10 17:04:26.334  2042  2692 I ImeInsetsSourceProvider: ImeInsetsSourceProvider.scheduleShowImePostLayout() isReadyToShowIme.
10-10 17:04:26.343  2042  4772 I InputMethodManagerService: IMMS.applyImeVisibility(), setVisible = true, mCurclient = ClientState{3821367 mUid=10172 mPid=30974 mSelfReportedDisplayId=0}
10-10 17:04:26.346  2042  4772 I WindowManager: WMS.showImePostLayout(), imeTarget = Window{169c3d3 u0 com.android.chrome/org.chromium.chrome.browser.ChromeTabbedActivity}
10-10 17:04:26.351  2042  2693 I ImeInsetsSourceProvider: ImeInsetsSourceProvider.scheduleShowImePostLayout() Run showImeRunner.
10-10 17:04:26.351  2042  2693 I ImeInsetsSourceProvider: ImeInsetsSourceProvider.scheduleShowImePostLayout() isReadyToShowIme.
10-10 17:04:26.351  2042  7010 D PerfShielderService: com.android.chrome|com.android.chrome/org.chromium.chrome.browser.ChromeTabbedActivity|339|73720721174897|289|0|3
10-10 17:04:26.351  6649 11586 W MiuiPerfServiceClient: interceptAndQueuing:30974|com.android.chrome|339|289|73720721174897|Slow main thread|3
10-10 17:04:26.359  4304  4304 D ArtChoreographerMonitor: invoke error.
10-10 17:04:26.360  4304  4484 D OneHandedController: stopOneHanded state is 0
10-10 17:04:26.527  4304  4304 D ArtChoreographerMonitor: invoke error.
10-10 17:04:26.820  2183  2183 I wificond: station_bandwidth: P
10-10 17:04:26.832  2042  3524 I SmartPower: com.google.android.apps.messaging/10165(16883): background->idle(3000ms) R(content provider start ContentProviderRecord{602f793 u0 com.google.android.apps.messaging/.shared.datamodel.provider.sharedstorage.SharedStorageProvider}) adj=200.
10-10 17:04:26.991  2042  9053 D WindowManagerService: checkFlipFullScreenChange is same, nowIsFullScreen = false
10-10 17:04:27.014  2042  9053 D WindowManagerService: checkFlipFullScreenChange is same, nowIsFullScreen = false
10-10 17:04:27.668  2042  9053 W MIUIInput: Input event injection from package: null action ACTION_DOWN
10-10 17:04:27.669  2042  3516 I ProcessManager: getRenderThreadTidByPid, caller=2042
10-10 17:04:27.672  2042  9053 W MIUIInput: Input event injection from package: null action ACTION_UP
10-10 17:04:27.737  4304  4304 D ArtChoreographerMonitor: invoke error.
10-10 17:04:27.740  2042  7010 I InputMethodManagerService: IMMS.applyImeVisibility(), setVisible = false, mCurclient = ClientState{3821367 mUid=10172 mPid=30974 mSelfReportedDisplayId=0}
10-10 17:04:27.747  2042  9053 W PackageConfigPersister: App-specific configuration not found for packageName: com.android.chrome and userId: 0
10-10 17:04:27.760  2042  7002 D CoreBackPreview: Window{169c3d3 u0 com.android.chrome/org.chromium.chrome.browser.ChromeTabbedActivity}: Setting back callback OnBackInvokedCallbackInfo{mCallback=android.window.IOnBackInvokedCallback$Stub$Proxy@e8a0675, mPriority=0, mIsAnimationCallback=true}
10-10 17:04:27.765  4304  4484 D MiuiFreeformModeController: avoidForInsetsBottomChangedIfNeed oldMoveableBottom: 2270 newMoveableBounds: 2270
10-10 17:04:27.765  4304  4484 D ImePositionProcessor: onImeVisibilityChanged     isShowing:  false
10-10 17:04:27.769  2042  2693 I WindowManager: input method visible height changed 0
10-10 17:04:27.769  2042  3126 I ITouchFeature: current device and process support version:2
10-10 17:04:27.776  4304  4484 D MiuiFreeformModeController: onImeVisibilityChanged imeVisible: false imeHeight: 0 adjustedForRotation:false
