10-13 11:58:41.771  1902 23267 I InputMethodManagerService: IMMS.applyImeVisibility(), setVisible = true, mCurclient = ClientState{7476f34 mUid=10390 mPid=11691 mSelfReportedDisplayId=0}
10-13 11:58:41.771  1902 23267 I WindowManager: WMS.showImePostLayout(), imeTarget = Window{be34c6c u0 eu.europa.ec.euidi/eu.europa.ec.assemblylogic.ui.MainActivity}
10-13 11:58:41.772  1902  1939 I ImeInsetsSourceProvider: ImeInsetsSourceProvider.scheduleShowImePostLayout() Run showImeRunner.
10-13 11:58:41.772  1902  1939 I ImeInsetsSourceProvider: ImeInsetsSourceProvider.scheduleShowImePostLayout() isReadyToShowIme.
10-13 11:58:41.778  2983  3075 D OneHandedController: stopOneHanded state is 0
10-13 11:58:41.788  1902  1902 W FillRequestEventLogger: Shouldn't be logging AutofillFillRequestReported again for same event
10-13 11:58:41.788  1902  1902 W FillResponseEventLogger: Shouldn't be logging AutofillFillRequestReported again for same event
10-13 11:58:41.788  1902  1902 D AutofillSession: clearPendingIntentLocked
10-13 11:58:42.416  1902  2771 D WindowManagerService: checkFlipFullScreenChange is same, nowIsFullScreen = false
10-13 11:58:42.421  1902  2771 W FillRequestEventLogger: Couldn't find packageName: com.google.android.inputmethod.latin
10-13 11:58:42.427  1902 23161 D AutofillSession: createPendingIntent for request 1576
10-13 11:58:42.427  1902 23161 D ContentCapturePerUserService: Notified activity assist data for activity: Token{81b4329 ActivityRecord{b68957 u0 eu.europa.ec.euidi/eu.europa.ec.assemblylogic.ui.MainActivity t765}} without a session Id
10-13 11:58:42.433  1902  2620 I SmartPower: com.android.chrome:sandboxed_process0:org.chromium.content.app.SandboxedProcessSerbackground->idle(13897ms) R(adj below visible) adj=700.
10-13 11:58:42.434  1902 23161 I InputMethodManagerService: IMMS.showCurrentInputLocked(), flags = 1
10-13 11:58:42.434  1902 23161 D SmartPower: com.google.android.inputmethod.latin/10196(22721): show input method
10-13 11:58:42.434  1902 23161 I DefaultImeVisibilityApplier: IMMS.showCurrentInputLocked request ims to show inputMethod.
10-13 11:58:42.438  1902 23267 W PackageConfigPersister: App-specific configuration not found for packageName: eu.europa.ec.euidi and userId: 0
10-13 11:58:42.449  1902 23259 I InputMethodManagerService: IMMS.showSoftInput(), client = com.android.internal.inputmethod.IInputMethodClient$Stub$Proxy@ed5dcc1
10-13 11:58:42.449  1902 23259 I InputMethodManagerService: IMMS.showCurrentInputLocked(), flags = 0
10-13 11:58:42.449  1902 23259 D SmartPower: com.google.android.inputmethod.latin/10196(22721): show input method
10-13 11:58:42.449  1902 23259 I DefaultImeVisibilityApplier: IMMS.showCurrentInputLocked request ims to show inputMethod.
10-13 11:58:42.464  1902 23267 I InputMethodManagerService: IMMS.applyImeVisibility(), setVisible = true, mCurclient = ClientState{7476f34 mUid=10390 mPid=11691 mSelfReportedDisplayId=0}
10-13 11:58:42.464  1902 23267 I WindowManager: WMS.showImePostLayout(), imeTarget = Window{be34c6c u0 eu.europa.ec.euidi/eu.europa.ec.assemblylogic.ui.MainActivity}
10-13 11:58:42.465  1902  1939 I ImeInsetsSourceProvider: ImeInsetsSourceProvider.scheduleShowImePostLayout() Run showImeRunner.
10-13 11:58:42.465  1902  1939 I ImeInsetsSourceProvider: ImeInsetsSourceProvider.scheduleShowImePostLayout() isReadyToShowIme.
10-13 11:58:42.471  1902 23267 I InputMethodManagerService: IMMS.applyImeVisibility(), setVisible = true, mCurclient = ClientState{7476f34 mUid=10390 mPid=11691 mSelfReportedDisplayId=0}
10-13 11:58:42.471  1902 23267 I WindowManager: WMS.showImePostLayout(), imeTarget = Window{be34c6c u0 eu.europa.ec.euidi/eu.europa.ec.assemblylogic.ui.MainActivity}
10-13 11:58:42.472  2983  3075 D OneHandedController: stopOneHanded state is 0
10-13 11:58:42.475  1902  1939 I ImeInsetsSourceProvider: ImeInsetsSourceProvider.scheduleShowImePostLayout() Run showImeRunner.
10-13 11:58:42.475  1902  1939 I ImeInsetsSourceProvider: ImeInsetsSourceProvider.scheduleShowImePostLayout() isReadyToShowIme.
10-13 11:58:42.480  2983  3075 D OneHandedController: stopOneHanded state is 0
10-13 11:58:42.487  1902  1902 W FillRequestEventLogger: Shouldn't be logging AutofillFillRequestReported again for same event
10-13 11:58:42.487  1902  1902 W FillResponseEventLogger: Shouldn't be logging AutofillFillRequestReported again for same event
10-13 11:58:42.488  1902  1902 D AutofillSession: clearPendingIntentLocked
10-13 11:58:43.102  1556  1556 I wificond: station_bandwidth: 
10-13 11:58:43.115  1902 23259 D WindowManagerService: checkFlipFullScreenChange is same, nowIsFullScreen = false
10-13 11:58:43.120  1902 23259 W FillRequestEventLogger: Couldn't find packageName: com.google.android.inputmethod.latin
10-13 11:58:43.131  1902 23259 I InputMethodManagerService: IMMS.showCurrentInputLocked(), flags = 1
10-13 11:58:43.132  1902 23259 D SmartPower: com.google.android.inputmethod.latin/10196(22721): show input method
10-13 11:58:43.132  1902 23259 I DefaultImeVisibilityApplier: IMMS.showCurrentInputLocked request ims to show inputMethod.
10-13 11:58:43.135  1902  3317 W PackageConfigPersister: App-specific configuration not found for packageName: eu.europa.ec.euidi and userId: 0
10-13 11:58:43.140  1902 23267 D AutofillSession: createPendingIntent for request 1577
10-13 11:58:43.140  1902 23267 D ContentCapturePerUserService: Notified activity assist data for activity: Token{81b4329 ActivityRecord{b68957 u0 eu.europa.ec.euidi/eu.europa.ec.assemblylogic.ui.MainActivity t765}} without a session Id
10-13 11:58:43.146  1902 23267 I InputMethodManagerService: IMMS.showSoftInput(), client = com.android.internal.inputmethod.IInputMethodClient$Stub$Proxy@c78789f
10-13 11:58:43.146  1902 23267 I InputMethodManagerService: IMMS.showCurrentInputLocked(), flags = 0
10-13 11:58:43.146  1902 23267 D SmartPower: com.google.android.inputmethod.latin/10196(22721): show input method
10-13 11:58:43.146  1902 23267 I DefaultImeVisibilityApplier: IMMS.showCurrentInputLocked request ims to show inputMethod.
10-13 11:58:43.163  1902  3317 I InputMethodManagerService: IMMS.applyImeVisibility(), setVisible = true, mCurclient = ClientState{7476f34 mUid=10390 mPid=11691 mSelfReportedDisplayId=0}
10-13 11:58:43.163  1902  3317 I WindowManager: WMS.showImePostLayout(), imeTarget = Window{be34c6c u0 eu.europa.ec.euidi/eu.europa.ec.assemblylogic.ui.MainActivity}
10-13 11:58:43.164  1902  1939 I ImeInsetsSourceProvider: ImeInsetsSourceProvider.scheduleShowImePostLayout() Run showImeRunner.
10-13 11:58:43.164  1902  1939 I ImeInsetsSourceProvider: ImeInsetsSourceProvider.scheduleShowImePostLayout() isReadyToShowIme.
10-13 11:58:43.167  2983  3075 D OneHandedController: stopOneHanded state is 0
10-13 11:58:43.171  1902  3317 I InputMethodManagerService: IMMS.applyImeVisibility(), setVisible = true, mCurclient = ClientState{7476f34 mUid=10390 mPid=11691 mSelfReportedDisplayId=0}
10-13 11:58:43.172  1902  3317 I WindowManager: WMS.showImePostLayout(), imeTarget = Window{be34c6c u0 eu.europa.ec.euidi/eu.europa.ec.assemblylogic.ui.MainActivity}
10-13 11:58:43.174  1902  1939 I ImeInsetsSourceProvider: ImeInsetsSourceProvider.scheduleShowImePostLayout() Run showImeRunner.
10-13 11:58:43.174  1902  1939 I ImeInsetsSourceProvider: ImeInsetsSourceProvider.scheduleShowImePostLayout() isReadyToShowIme.
10-13 11:58:43.177  2983  3075 D OneHandedController: stopOneHanded state is 0
10-13 11:58:43.196  1902  1902 W FillRequestEventLogger: Shouldn't be logging AutofillFillRequestReported again for same event
10-13 11:58:43.196  1902  1902 W FillResponseEventLogger: Shouldn't be logging AutofillFillRequestReported again for same event
10-13 11:58:43.196  1902  1902 D AutofillSession: clearPendingIntentLocked
10-13 11:58:43.205  1902  2620 I SmartPower: com.google.android.adservices.api/10307(31554): background->idle(14669ms) R(adj below visible) adj=100.
10-13 11:58:43.805  1902 23267 D WindowManagerService: checkFlipFullScreenChange is same, nowIsFullScreen = false
10-13 11:58:43.810  1902 23267 W FillRequestEventLogger: Couldn't find packageName: com.google.android.inputmethod.latin
10-13 11:58:43.816  1902 23267 D AutofillSession: createPendingIntent for request 1578
10-13 11:58:43.817  1902 23267 D ContentCapturePerUserService: Notified activity assist data for activity: Token{81b4329 ActivityRecord{b68957 u0 eu.europa.ec.euidi/eu.europa.ec.assemblylogic.ui.MainActivity t765}} without a session Id
10-13 11:58:43.825  1902 23259 I InputMethodManagerService: IMMS.showCurrentInputLocked(), flags = 1
10-13 11:58:43.826  1902 23259 D SmartPower: com.google.android.inputmethod.latin/10196(22721): show input method
10-13 11:58:43.826  1902 23259 I DefaultImeVisibilityApplier: IMMS.showCurrentInputLocked request ims to show inputMethod.
10-13 11:58:43.829  1902 23259 W PackageConfigPersister: App-specific configuration not found for packageName: eu.europa.ec.euidi and userId: 0
10-13 11:58:43.838  1902 23267 I InputMethodManagerService: IMMS.showSoftInput(), client = com.android.internal.inputmethod.IInputMethodClient$Stub$Proxy@c01666d
10-13 11:58:43.838  1902 23267 I InputMethodManagerService: IMMS.showCurrentInputLocked(), flags = 0
10-13 11:58:43.838  1902 23267 D SmartPower: com.google.android.inputmethod.latin/10196(22721): show input method
10-13 11:58:43.839  1902 23267 I DefaultImeVisibilityApplier: IMMS.showCurrentInputLocked request ims to show inputMethod.
10-13 11:58:43.859  1902  2771 I InputMethodManagerService: IMMS.applyImeVisibility(), setVisible = true, mCurclient = ClientState{7476f34 mUid=10390 mPid=11691 mSelfReportedDisplayId=0}
10-13 11:58:43.859  1902  2771 I WindowManager: WMS.showImePostLayout(), imeTarget = Window{be34c6c u0 eu.europa.ec.euidi/eu.europa.ec.assemblylogic.ui.MainActivity}
10-13 11:58:43.860  1902  1939 I ImeInsetsSourceProvider: ImeInsetsSourceProvider.scheduleShowImePostLayout() Run showImeRunner.
10-13 11:58:43.860  1902  1939 I ImeInsetsSourceProvider: ImeInsetsSourceProvider.scheduleShowImePostLayout() isReadyToShowIme.
10-13 11:58:43.864  2983  3075 D OneHandedController: stopOneHanded state is 0
10-13 11:58:43.867  1902  2771 I InputMethodManagerService: IMMS.applyImeVisibility(), setVisible = true, mCurclient = ClientState{7476f34 mUid=10390 mPid=11691 mSelfReportedDisplayId=0}
10-13 11:58:43.867  1902  2771 I WindowManager: WMS.showImePostLayout(), imeTarget = Window{be34c6c u0 eu.europa.ec.euidi/eu.europa.ec.assemblylogic.ui.MainActivity}
10-13 11:58:43.869  2983  3075 D OneHandedController: stopOneHanded state is 0
10-13 11:58:43.869  1902  1939 I ImeInsetsSourceProvider: ImeInsetsSourceProvider.scheduleShowImePostLayout() Run showImeRunner.
10-13 11:58:43.869  1902  1939 I ImeInsetsSourceProvider: ImeInsetsSourceProvider.scheduleShowImePostLayout() isReadyToShowIme.
10-13 11:58:43.884  1902  1902 W FillRequestEventLogger: Shouldn't be logging AutofillFillRequestReported again for same event
10-13 11:58:43.884  1902  1902 W FillResponseEventLogger: Shouldn't be logging AutofillFillRequestReported again for same event
10-13 11:58:43.884  1902  1902 D AutofillSession: clearPendingIntentLocked
10-13 11:58:43.885  1902  2620 I SmartPower: com.google.android.gms.unstable/10175(4628): background->idle(3006ms) R(alarm start) adj=800.
10-13 11:58:43.885  1902  2620 I SmartPower: com.google.android.gms.ui/10175(26069): background->idle(3006ms) R(alarm start) adj=800.
10-13 11:58:43.885  1902  2620 I SmartPower: com.google.process.gservices/10175(22048): background->idle(3006ms) R(alarm start) adj=925.
10-13 11:58:43.885  1902  2620 I SmartPower: com.google.android.gms/10175(13430): background->idle(6022ms) R(alarm start) adj=250.
10-13 11:58:43.885  1902  2620 I SmartPower: com.google.android.gms:snet/10175(14783): background->idle(3005ms) R(alarm start) adj=800.
10-13 11:58:43.886  1902  2620 I SmartPower: com.google.process.gapps/10175(10910): background->idle(3005ms) R(alarm start) adj=965.
10-13 11:58:44.497  1902  3317 D WindowManagerService: checkFlipFullScreenChange is same, nowIsFullScreen = false
10-13 11:58:44.502  1902  3317 W FillRequestEventLogger: Couldn't find packageName: com.google.android.inputmethod.latin
10-13 11:58:44.512  1902  3317 I InputMethodManagerService: IMMS.showCurrentInputLocked(), flags = 1
10-13 11:58:44.513  1902  3317 D SmartPower: com.google.android.inputmethod.latin/10196(22721): show input method
10-13 11:58:44.513  1902  3317 I DefaultImeVisibilityApplier: IMMS.showCurrentInputLocked request ims to show inputMethod.
10-13 11:58:44.516  1902  2771 W PackageConfigPersister: App-specific configuration not found for packageName: eu.europa.ec.euidi and userId: 0
10-13 11:58:44.520  1902 23267 D AutofillSession: createPendingIntent for request 1579
10-13 11:58:44.521  1902 23267 D ContentCapturePerUserService: Notified activity assist data for activity: Token{81b4329 ActivityRecord{b68957 u0 eu.europa.ec.euidi/eu.europa.ec.assemblylogic.ui.MainActivity t765}} without a session Id
10-13 11:58:44.527  1902 23267 I InputMethodManagerService: IMMS.showSoftInput(), client = com.android.internal.inputmethod.IInputMethodClient$Stub$Proxy@7875c08
10-13 11:58:44.527  1902 23267 I InputMethodManagerService: IMMS.showCurrentInputLocked(), flags = 0
10-13 11:58:44.527  1902 23267 D SmartPower: com.google.android.inputmethod.latin/10196(22721): show input method
10-13 11:58:44.527  1902 23267 I DefaultImeVisibilityApplier: IMMS.showCurrentInputLocked request ims to show inputMethod.
10-13 11:58:44.547  1902 23259 I InputMethodManagerService: IMMS.applyImeVisibility(), setVisible = true, mCurclient = ClientState{7476f34 mUid=10390 mPid=11691 mSelfReportedDisplayId=0}
10-13 11:58:44.547  1902 23259 I WindowManager: WMS.showImePostLayout(), imeTarget = Window{be34c6c u0 eu.europa.ec.euidi/eu.europa.ec.assemblylogic.ui.MainActivity}
10-13 11:58:44.548  1902  1939 I ImeInsetsSourceProvider: ImeInsetsSourceProvider.scheduleShowImePostLayout() Run showImeRunner.
10-13 11:58:44.548  1902  1939 I ImeInsetsSourceProvider: ImeInsetsSourceProvider.scheduleShowImePostLayout() isReadyToShowIme.
10-13 11:58:44.552  2983  3075 D OneHandedController: stopOneHanded state is 0
10-13 11:58:44.555  1902 22706 I InputMethodManagerService: IMMS.applyImeVisibility(), setVisible = true, mCurclient = ClientState{7476f34 mUid=10390 mPid=11691 mSelfReportedDisplayId=0}
10-13 11:58:44.555  1902 22706 I WindowManager: WMS.showImePostLayout(), imeTarget = Window{be34c6c u0 eu.europa.ec.euidi/eu.europa.ec.assemblylogic.ui.MainActivity}
10-13 11:58:44.557  1902  1939 I ImeInsetsSourceProvider: ImeInsetsSourceProvider.scheduleShowImePostLayout() Run showImeRunner.
10-13 11:58:44.557  1902  1939 I ImeInsetsSourceProvider: ImeInsetsSourceProvider.scheduleShowImePostLayout() isReadyToShowIme.
10-13 11:58:44.560  2983  3075 D OneHandedController: stopOneHanded state is 0
10-13 11:58:44.591  1902  1902 W FillRequestEventLogger: Shouldn't be logging AutofillFillRequestReported again for same event
10-13 11:58:44.591  1902  1902 W FillResponseEventLogger: Shouldn't be logging AutofillFillRequestReported again for same event
10-13 11:58:44.591  1902  1902 D AutofillSession: clearPendingIntentLocked
10-13 11:58:44.714  1902  2620 I SmartPower: com.android.chrome:sandboxed_process0:org.chromium.content.app.SandboxedProcessSerbackground->idle(16179ms) R(remove from whitelist) adj=200.
10-13 11:58:44.714  1902  2620 I SmartPower: com.android.chrome:sandboxed_process0:org.chromium.content.app.SandboxedProcessSerbackground->idle(16179ms) R(remove from whitelist) adj=200.
10-13 11:58:44.715  1902  2620 I SmartPower: com.android.chrome:sandboxed_process0:org.chromium.content.app.SandboxedProcessSerbackground->idle(16178ms) R(remove from whitelist) adj=200.
10-13 11:58:44.715  1902  2620 I SmartPower: com.android.chrome:sandboxed_process0:org.chromium.content.app.SandboxedProcessSerbackground->idle(16179ms) R(remove from whitelist) adj=900.
10-13 11:58:45.174  1902  2771 D WindowManagerService: checkFlipFullScreenChange is same, nowIsFullScreen = false
10-13 11:58:45.374  1902  2771 W MIUIInput: Input event injection from package: null action ACTION_DOWN
10-13 11:58:45.384  1902  2771 W MIUIInput: Input event injection from package: null action ACTION_UP
10-13 11:58:45.424  1902 23267 I InputMethodManagerService: IMMS.showCurrentInputLocked(), flags = 1
10-13 11:58:45.424  1902 23267 D SmartPower: com.google.android.inputmethod.latin/10196(22721): show input method
10-13 11:58:45.425  1902 23267 I DefaultImeVisibilityApplier: IMMS.showCurrentInputLocked request ims to show inputMethod.
10-13 11:58:45.431  1902 22706 W PackageConfigPersister: App-specific configuration not found for packageName: eu.europa.ec.euidi and userId: 0
10-13 11:58:45.434  1902 22706 I InputMethodManagerService: IMMS.showSoftInput(), client = com.android.internal.inputmethod.IInputMethodClient$Stub$Proxy@76ed1d9
10-13 11:58:45.434  1902 22706 I InputMethodManagerService: IMMS.showCurrentInputLocked(), flags = 0
10-13 11:58:45.434  1902 22706 D SmartPower: com.google.android.inputmethod.latin/10196(22721): show input method
10-13 11:58:45.434  1902 22706 I DefaultImeVisibilityApplier: IMMS.showCurrentInputLocked request ims to show inputMethod.
10-13 11:58:45.446  1902 23267 I InputMethodManagerService: IMMS.applyImeVisibility(), setVisible = true, mCurclient = ClientState{7476f34 mUid=10390 mPid=11691 mSelfReportedDisplayId=0}
10-13 11:58:45.446  1902 23267 I WindowManager: WMS.showImePostLayout(), imeTarget = Window{be34c6c u0 eu.europa.ec.euidi/eu.europa.ec.assemblylogic.ui.MainActivity}
10-13 11:58:45.447  1902  1939 I ImeInsetsSourceProvider: ImeInsetsSourceProvider.scheduleShowImePostLayout() Run showImeRunner.
10-13 11:58:45.447  1902  1939 I ImeInsetsSourceProvider: ImeInsetsSourceProvider.scheduleShowImePostLayout() isReadyToShowIme.
10-13 11:58:45.450  2983  3075 D OneHandedController: stopOneHanded state is 0
10-13 11:58:45.452  1902  2771 I InputMethodManagerService: IMMS.applyImeVisibility(), setVisible = true, mCurclient = ClientState{7476f34 mUid=10390 mPid=11691 mSelfReportedDisplayId=0}
10-13 11:58:45.452  1902  2771 I WindowManager: WMS.showImePostLayout(), imeTarget = Window{be34c6c u0 eu.europa.ec.euidi/eu.europa.ec.assemblylogic.ui.MainActivity}
10-13 11:58:45.454  2983  3075 D OneHandedController: stopOneHanded state is 0
10-13 11:58:45.455  1902  1939 I ImeInsetsSourceProvider: ImeInsetsSourceProvider.scheduleShowImePostLayout() Run showImeRunner.
10-13 11:58:45.455  1902  1939 I ImeInsetsSourceProvider: ImeInsetsSourceProvider.scheduleShowImePostLayout() isReadyToShowIme.
10-13 11:58:45.643  1902  1990 W PackageSettings: Couldn't write -1 to /config/sdcardfs/com.google.android.devicelock/appid
10-13 11:58:45.645  1902  1990 W PackageSettings: Couldn't write -1 to /config/sdcardfs/com.google.android.tzdata5/appid
10-13 11:58:45.646  1902  1990 W PackageSettings: Couldn't write -1 to /config/sdcardfs/com.google.android.ondevicepersonalization/appid
10-13 11:58:45.649  1902  1990 W PackageSettings: Couldn't write -1 to /config/sdcardfs/com.google.android.media.swcodec/appid
10-13 11:58:45.650  1902  1990 W PackageSettings: Couldn't write -1 to /config/sdcardfs/com.google.android.os.statsd/appid
10-13 11:58:45.651  1902  1990 W PackageSettings: Couldn't write -1 to /config/sdcardfs/com.google.mainline.primary.libs/appid
10-13 11:58:45.654  1902  1990 W PackageSettings: Couldn't write -1 to /config/sdcardfs/com.google.android.extservices/appid
10-13 11:58:45.656  1902  1990 W PackageSettings: Couldn't write -1 to /config/sdcardfs/com.android.uwb/appid
10-13 11:58:45.657  1902  1990 W PackageSettings: Couldn't write -1 to /config/sdcardfs/com.android.btservices/appid
10-13 11:58:45.658  1902  1990 W PackageSettings: Couldn't write -1 to /config/sdcardfs/com.google.android.healthfitness/appid
10-13 11:58:45.661  1902  1990 W PackageSettings: Couldn't write -1 to /config/sdcardfs/com.google.android.ipsec/appid
10-13 11:58:45.661  1902  1990 W PackageSettings: Couldn't write -1 to /config/sdcardfs/com.google.android.media/appid
10-13 11:58:45.664  1902  1990 W PackageSettings: Couldn't write -1 to /config/sdcardfs/com.android.i18n/appid
10-13 11:58:45.664  1902  1990 W PackageSettings: Couldn't write -1 to /config/sdcardfs/com.android.rkpd/appid
10-13 11:58:45.664  1902  1990 W PackageSettings: Couldn't write -1 to /config/sdcardfs/com.android.virt/appid
10-13 11:58:45.664  1902  1990 W PackageSettings: Couldn't write -1 to /config/sdcardfs/com.android.wifi/appid
10-13 11:58:45.666  1902  1990 W PackageSettings: Couldn't write -1 to /config/sdcardfs/com.google.android.appsearch/appid
10-13 11:58:45.667  1902  1990 W PackageSettings: Couldn't write -1 to /config/sdcardfs/com.google.android.configinfrastructure/appid
10-13 11:58:45.667  1902  1990 W PackageSettings: Couldn't write -1 to /config/sdcardfs/com.android.runtime/appid
10-13 11:58:45.668  1902  1990 W PackageSettings: Couldn't write -1 to /config/sdcardfs/com.google.android.cellbroadcast/appid
10-13 11:58:45.668  1902  1990 W PackageSettings: Couldn't write -1 to /config/sdcardfs/com.android.apex.cts.shim/appid
10-13 11:58:45.669  1902  1990 W PackageSettings: Couldn't write -1 to /config/sdcardfs/com.android.compos/appid
10-13 11:58:45.669  1902  1990 W PackageSettings: Couldn't write -1 to /config/sdcardfs/com.google.android.resolv/appid
10-13 11:58:45.669  1902  1990 W PackageSettings: Couldn't write -1 to /config/sdcardfs/com.google.android.sdkext/appid
10-13 11:58:45.670  1902  1990 W PackageSettings: Couldn't write -1 to /config/sdcardfs/com.google.android.art/appid
10-13 11:58:45.673  1902  1990 W PackageSettings: Couldn't write -1 to /config/sdcardfs/com.google.android.adservices/appid
10-13 11:58:45.676  1902  1990 W PackageSettings: Couldn't write -1 to /config/sdcardfs/com.google.android.scheduling/appid
10-13 11:58:45.676  1902  1990 W PackageSettings: Couldn't write -1 to /config/sdcardfs/com.google.android.mediaprovider/appid
10-13 11:58:45.677  1902  1990 W PackageSettings: Couldn't write -1 to /config/sdcardfs/com.google.android.permission/appid
10-13 11:58:45.677  1902  1990 W PackageSettings: Couldn't write -1 to /config/sdcardfs/com.android.vndk.v30/appid
10-13 11:58:45.678  1902  1990 W PackageSettings: Couldn't write -1 to /config/sdcardfs/com.android.vndk.v31/appid
10-13 11:58:45.678  1902  1990 W PackageSettings: Couldn't write -1 to /config/sdcardfs/com.android.vndk.v33/appid
10-13 11:58:45.678  1902  1990 W PackageSettings: Couldn't write -1 to /config/sdcardfs/com.android.vndk.v34/appid
10-13 11:58:45.680  1902  1990 W PackageSettings: Couldn't write -1 to /config/sdcardfs/com.google.android.neuralnetworks/appid
10-13 11:58:45.680  1902  1990 W PackageSettings: Couldn't write -1 to /config/sdcardfs/com.google.android.tethering/appid
10-13 11:58:45.681  1902  1990 W PackageSettings: Couldn't write -1 to /config/sdcardfs/com.google.android.adbd/appid
10-13 11:58:45.681  1902  1990 W PackageSettings: Couldn't write -1 to /config/sdcardfs/com.google.android.conscrypt/appid
10-13 11:58:45.837   691 11208 I keystore2: system/security/keystore2/src/watchdog.rs:319 - Watchdog thread idle -> terminating. Have a great day.
10-13 11:58:46.131  1556  1556 I wificond: station_bandwidth: 
10-13 11:58:46.270  1902 23267 D WindowManagerService: checkFlipFullScreenChange is same, nowIsFullScreen = false
10-13 11:58:46.283  1902 23267 I InputMethodManagerService: IMMS.showCurrentInputLocked(), flags = 1
10-13 11:58:46.283  1902 23267 D SmartPower: com.google.android.inputmethod.latin/10196(22721): show input method
10-13 11:58:46.283  1902 23267 I DefaultImeVisibilityApplier: IMMS.showCurrentInputLocked request ims to show inputMethod.
10-13 11:58:46.286  1902 23267 W PackageConfigPersister: App-specific configuration not found for packageName: eu.europa.ec.euidi and userId: 0
10-13 11:58:46.296  1902 22706 I InputMethodManagerService: IMMS.showSoftInput(), client = com.android.internal.inputmethod.IInputMethodClient$Stub$Proxy@d1dccbf
10-13 11:58:46.296  1902 22706 I InputMethodManagerService: IMMS.showCurrentInputLocked(), flags = 0
10-13 11:58:46.296  1902 22706 D SmartPower: com.google.android.inputmethod.latin/10196(22721): show input method
10-13 11:58:46.296  1902 22706 I DefaultImeVisibilityApplier: IMMS.showCurrentInputLocked request ims to show inputMethod.
10-13 11:58:46.312  1902 22706 I SmartPower: com.google.android.gms/10175(13430): idle->background(2427ms) R(service start com.google.android.gms/.chimera.GmsBoundBrokerService) adj=0.
10-13 11:58:46.312  1902  2771 I InputMethodManagerService: IMMS.applyImeVisibility(), setVisible = true, mCurclient = ClientState{7476f34 mUid=10390 mPid=11691 mSelfReportedDisplayId=0}
10-13 11:58:46.312  1902  2771 I WindowManager: WMS.showImePostLayout(), imeTarget = Window{be34c6c u0 eu.europa.ec.euidi/eu.europa.ec.assemblylogic.ui.MainActivity}
10-13 11:58:46.314  1902  1939 I ImeInsetsSourceProvider: ImeInsetsSourceProvider.scheduleShowImePostLayout() Run showImeRunner.
10-13 11:58:46.314  1902  1939 I ImeInsetsSourceProvider: ImeInsetsSourceProvider.scheduleShowImePostLayout() isReadyToShowIme.
10-13 11:58:46.317  2983  3075 D OneHandedController: stopOneHanded state is 0
10-13 11:58:46.321  1902 23267 I InputMethodManagerService: IMMS.applyImeVisibility(), setVisible = true, mCurclient = ClientState{7476f34 mUid=10390 mPid=11691 mSelfReportedDisplayId=0}
10-13 11:58:46.321  1902 23267 I WindowManager: WMS.showImePostLayout(), imeTarget = Window{be34c6c u0 eu.europa.ec.euidi/eu.europa.ec.assemblylogic.ui.MainActivity}
10-13 11:58:46.322  1902  1939 I ImeInsetsSourceProvider: ImeInsetsSourceProvider.scheduleShowImePostLayout() Run showImeRunner.
10-13 11:58:46.322  1902  1939 I ImeInsetsSourceProvider: ImeInsetsSourceProvider.scheduleShowImePostLayout() isReadyToShowIme.
10-13 11:58:46.325  2983  3075 D OneHandedController: stopOneHanded state is 0
10-13 11:58:46.874  1902  1985 D PermissionManager: writeLegacyPermissionState for user  in 52 ms.
10-13 11:58:46.946  1902 23267 D WindowManagerService: checkFlipFullScreenChange is same, nowIsFullScreen = false
10-13 11:58:46.961  1902 23267 I InputMethodManagerService: IMMS.showCurrentInputLocked(), flags = 1
10-13 11:58:46.961  1902 23267 D SmartPower: com.google.android.inputmethod.latin/10196(22721): show input method
10-13 11:58:46.961  1902 23267 I DefaultImeVisibilityApplier: IMMS.showCurrentInputLocked request ims to show inputMethod.
10-13 11:58:46.963  1902  2771 W PackageConfigPersister: App-specific configuration not found for packageName: eu.europa.ec.euidi and userId: 0
10-13 11:58:46.976  1902  2771 I InputMethodManagerService: IMMS.showSoftInput(), client = com.android.internal.inputmethod.IInputMethodClient$Stub$Proxy@53294b7
10-13 11:58:46.976  1902  2771 I InputMethodManagerService: IMMS.showCurrentInputLocked(), flags = 0
10-13 11:58:46.976  1902  2771 D SmartPower: com.google.android.inputmethod.latin/10196(22721): show input method
10-13 11:58:46.976  1902  2771 I DefaultImeVisibilityApplier: IMMS.showCurrentInputLocked request ims to show inputMethod.
10-13 11:58:46.992  1902  3317 I InputMethodManagerService: IMMS.applyImeVisibility(), setVisible = true, mCurclient = ClientState{7476f34 mUid=10390 mPid=11691 mSelfReportedDisplayId=0}
10-13 11:58:46.992  1902  3317 I WindowManager: WMS.showImePostLayout(), imeTarget = Window{be34c6c u0 eu.europa.ec.euidi/eu.europa.ec.assemblylogic.ui.MainActivity}
10-13 11:58:46.993  1902  1939 I ImeInsetsSourceProvider: ImeInsetsSourceProvider.scheduleShowImePostLayout() Run showImeRunner.
10-13 11:58:46.993  1902  1939 I ImeInsetsSourceProvider: ImeInsetsSourceProvider.scheduleShowImePostLayout() isReadyToShowIme.
10-13 11:58:46.998  1902 22706 I InputMethodManagerService: IMMS.applyImeVisibility(), setVisible = true, mCurclient = ClientState{7476f34 mUid=10390 mPid=11691 mSelfReportedDisplayId=0}
10-13 11:58:46.999  1902 22706 I WindowManager: WMS.showImePostLayout(), imeTarget = Window{be34c6c u0 eu.europa.ec.euidi/eu.europa.ec.assemblylogic.ui.MainActivity}
10-13 11:58:46.999  2983  3075 D OneHandedController: stopOneHanded state is 0
10-13 11:58:47.000  1902  2771 W ProcessStats: Tracking association SourceState{dd89775 com.google.android.gms/10175 Fgs #455341} whose proc state 3 is better than process ProcessState{6c26b07 com.google.android.adservices.api/10307 pkg=com.google.android.adservices.api} proc state 14 (339 skipped)
10-13 11:58:47.000  1902  1939 I ImeInsetsSourceProvider: ImeInsetsSourceProvider.scheduleShowImePostLayout() Run showImeRunner.
10-13 11:58:47.000  1902  1939 I ImeInsetsSourceProvider: ImeInsetsSourceProvider.scheduleShowImePostLayout() isReadyToShowIme.
10-13 11:58:47.005  2983  3075 D OneHandedController: stopOneHanded state is 0
10-13 11:58:47.617  1902  2771 D WindowManagerService: checkFlipFullScreenChange is same, nowIsFullScreen = false
10-13 11:58:47.629  1902  3317 I InputMethodManagerService: IMMS.showCurrentInputLocked(), flags = 1
10-13 11:58:47.629  1902  3317 D SmartPower: com.google.android.inputmethod.latin/10196(22721): show input method
10-13 11:58:47.629  1902  3317 I DefaultImeVisibilityApplier: IMMS.showCurrentInputLocked request ims to show inputMethod.
10-13 11:58:47.632  1902 22706 W PackageConfigPersister: App-specific configuration not found for packageName: eu.europa.ec.euidi and userId: 0
10-13 11:58:47.637  1902  3317 I InputMethodManagerService: IMMS.showSoftInput(), client = com.android.internal.inputmethod.IInputMethodClient$Stub$Proxy@8a27e90
10-13 11:58:47.637  1902  3317 I InputMethodManagerService: IMMS.showCurrentInputLocked(), flags = 0
10-13 11:58:47.637  1902  3317 D SmartPower: com.google.android.inputmethod.latin/10196(22721): show input method
10-13 11:58:47.637  1902  3317 I DefaultImeVisibilityApplier: IMMS.showCurrentInputLocked request ims to show inputMethod.
10-13 11:58:47.650  1902 23259 I InputMethodManagerService: IMMS.applyImeVisibility(), setVisible = true, mCurclient = ClientState{7476f34 mUid=10390 mPid=11691 mSelfReportedDisplayId=0}
10-13 11:58:47.650  1902 23259 I WindowManager: WMS.showImePostLayout(), imeTarget = Window{be34c6c u0 eu.europa.ec.euidi/eu.europa.ec.assemblylogic.ui.MainActivity}
10-13 11:58:47.652  1902  1939 I ImeInsetsSourceProvider: ImeInsetsSourceProvider.scheduleShowImePostLayout() Run showImeRunner.
10-13 11:58:47.652  1902  1939 I ImeInsetsSourceProvider: ImeInsetsSourceProvider.scheduleShowImePostLayout() isReadyToShowIme.
10-13 11:58:47.654  1902  3317 I InputMethodManagerService: IMMS.applyImeVisibility(), setVisible = true, mCurclient = ClientState{7476f34 mUid=10390 mPid=11691 mSelfReportedDisplayId=0}
10-13 11:58:47.654  1902  3317 I WindowManager: WMS.showImePostLayout(), imeTarget = Window{be34c6c u0 eu.europa.ec.euidi/eu.europa.ec.assemblylogic.ui.MainActivity}
10-13 11:58:47.655  2983  3075 D OneHandedController: stopOneHanded state is 0
10-13 11:58:47.657  1902  1939 I ImeInsetsSourceProvider: ImeInsetsSourceProvider.scheduleShowImePostLayout() Run showImeRunner.
10-13 11:58:47.657  1902  1939 I ImeInsetsSourceProvider: ImeInsetsSourceProvider.scheduleShowImePostLayout() isReadyToShowIme.
10-13 11:58:48.776  1902  2771 D WindowManagerService: checkFlipFullScreenChange is same, nowIsFullScreen = false
10-13 11:58:48.784  1902  2771 I InputMethodManagerService: IMMS.showCurrentInputLocked(), flags = 1
10-13 11:58:48.784  1902  2771 D SmartPower: com.google.android.inputmethod.latin/10196(22721): show input method
10-13 11:58:48.785  1902  2771 I DefaultImeVisibilityApplier: IMMS.showCurrentInputLocked request ims to show inputMethod.
10-13 11:58:48.788  1902 23267 W PackageConfigPersister: App-specific configuration not found for packageName: eu.europa.ec.euidi and userId: 0
10-13 11:58:48.792  1902  2771 I InputMethodManagerService: IMMS.showSoftInput(), client = com.android.internal.inputmethod.IInputMethodClient$Stub$Proxy@88b3f45
10-13 11:58:48.792  1902  2771 I InputMethodManagerService: IMMS.showCurrentInputLocked(), flags = 0
10-13 11:58:48.792  1902  2771 D SmartPower: com.google.android.inputmethod.latin/10196(22721): show input method
10-13 11:58:48.792  1902  2771 I DefaultImeVisibilityApplier: IMMS.showCurrentInputLocked request ims to show inputMethod.
10-13 11:58:48.813  1902 22706 I InputMethodManagerService: IMMS.applyImeVisibility(), setVisible = true, mCurclient = ClientState{7476f34 mUid=10390 mPid=11691 mSelfReportedDisplayId=0}
10-13 11:58:48.814  1902 22706 I WindowManager: WMS.showImePostLayout(), imeTarget = Window{be34c6c u0 eu.europa.ec.euidi/eu.europa.ec.assemblylogic.ui.MainActivity}
10-13 11:58:48.815  1902  1939 I ImeInsetsSourceProvider: ImeInsetsSourceProvider.scheduleShowImePostLayout() Run showImeRunner.
10-13 11:58:48.815  1902  1939 I ImeInsetsSourceProvider: ImeInsetsSourceProvider.scheduleShowImePostLayout() isReadyToShowIme.
10-13 11:58:48.817  1902 23267 I InputMethodManagerService: IMMS.applyImeVisibility(), setVisible = true, mCurclient = ClientState{7476f34 mUid=10390 mPid=11691 mSelfReportedDisplayId=0}
10-13 11:58:48.817  1902 23267 I WindowManager: WMS.showImePostLayout(), imeTarget = Window{be34c6c u0 eu.europa.ec.euidi/eu.europa.ec.assemblylogic.ui.MainActivity}
10-13 11:58:48.819  2983  3075 D OneHandedController: stopOneHanded state is 0
10-13 11:58:48.820  1902  1939 I ImeInsetsSourceProvider: ImeInsetsSourceProvider.scheduleShowImePostLayout() Run showImeRunner.
10-13 11:58:48.820  1902  1939 I ImeInsetsSourceProvider: ImeInsetsSourceProvider.scheduleShowImePostLayout() isReadyToShowIme.
10-13 11:58:48.827  2983  3075 D OneHandedController: stopOneHanded state is 0
10-13 11:58:49.160  1556  1556 I wificond: station_bandwidth: 
10-13 11:58:49.313  1902  2620 I SmartPower: com.google.android.gms/10175(13430): background->idle(3000ms) R(service start com.google.android.gms/.chimera.GmsBoundBrokerService) adj=250.
10-13 11:58:49.457  1902  2771 D WindowManagerService: checkFlipFullScreenChange is same, nowIsFullScreen = false
10-13 11:58:49.475  1902  2771 I InputMethodManagerService: IMMS.showCurrentInputLocked(), flags = 1
10-13 11:58:49.475  1902  2771 D SmartPower: com.google.android.inputmethod.latin/10196(22721): show input method
10-13 11:58:49.475  1902  2771 I DefaultImeVisibilityApplier: IMMS.showCurrentInputLocked request ims to show inputMethod.
10-13 11:58:49.478  1902  2771 W PackageConfigPersister: App-specific configuration not found for packageName: eu.europa.ec.euidi and userId: 0
10-13 11:58:49.486  1902  3317 I InputMethodManagerService: IMMS.showSoftInput(), client = com.android.internal.inputmethod.IInputMethodClient$Stub$Proxy@2091266
10-13 11:58:49.486  1902  3317 I InputMethodManagerService: IMMS.showCurrentInputLocked(), flags = 0
10-13 11:58:49.486  1902  3317 D SmartPower: com.google.android.inputmethod.latin/10196(22721): show input method
10-13 11:58:49.487  1902  3317 I DefaultImeVisibilityApplier: IMMS.showCurrentInputLocked request ims to show inputMethod.
10-13 11:58:49.506  1902 23267 I InputMethodManagerService: IMMS.applyImeVisibility(), setVisible = true, mCurclient = ClientState{7476f34 mUid=10390 mPid=11691 mSelfReportedDisplayId=0}
10-13 11:58:49.507  1902 23267 I WindowManager: WMS.showImePostLayout(), imeTarget = Window{be34c6c u0 eu.europa.ec.euidi/eu.europa.ec.assemblylogic.ui.MainActivity}
10-13 11:58:49.508  1902  1939 I ImeInsetsSourceProvider: ImeInsetsSourceProvider.scheduleShowImePostLayout() Run showImeRunner.
10-13 11:58:49.508  1902  1939 I ImeInsetsSourceProvider: ImeInsetsSourceProvider.scheduleShowImePostLayout() isReadyToShowIme.
10-13 11:58:49.511  2983  3075 D OneHandedController: stopOneHanded state is 0
10-13 11:58:49.515  1902  3317 I InputMethodManagerService: IMMS.applyImeVisibility(), setVisible = true, mCurclient = ClientState{7476f34 mUid=10390 mPid=11691 mSelfReportedDisplayId=0}
10-13 11:58:49.515  1902  3317 I WindowManager: WMS.showImePostLayout(), imeTarget = Window{be34c6c u0 eu.europa.ec.euidi/eu.europa.ec.assemblylogic.ui.MainActivity}
10-13 11:58:49.517  1902  1939 I ImeInsetsSourceProvider: ImeInsetsSourceProvider.scheduleShowImePostLayout() Run showImeRunner.
10-13 11:58:49.517  1902  1939 I ImeInsetsSourceProvider: ImeInsetsSourceProvider.scheduleShowImePostLayout() isReadyToShowIme.
10-13 11:58:49.520  2983  3075 D OneHandedController: stopOneHanded state is 0
10-13 11:58:50.145  1902  2771 D WindowManagerService: checkFlipFullScreenChange is same, nowIsFullScreen = false
10-13 11:58:50.364  1902  2771 W MIUIInput: Input event injection from package: null action ACTION_DOWN
10-13 11:58:50.367  1902  2771 W MIUIInput: Input event injection from package: null action ACTION_UP
10-13 11:58:50.504  1902  3317 I InputMethodManagerService: IMMS.applyImeVisibility(), setVisible = false, mCurclient = ClientState{7476f34 mUid=10390 mPid=11691 mSelfReportedDisplayId=0}
10-13 11:58:50.506  2983  3075 D MiuiFreeformModeController: avoidForInsetsBottomChangedIfNeed oldMoveableBottom: 2270 newMoveableBounds: 2270
10-13 11:58:50.506  2983  3075 D ImePositionProcessor: onImeVisibilityChanged     isShowing:  false
10-13 11:58:50.509  2983  3075 D MiuiFreeformModeController: onImeVisibilityChanged imeVisible: false imeHeight: 0 adjustedForRotation:false
10-13 11:58:50.509  2983  3075 D MiuiFreeformModeAvoidAlgorithm: begin autoOrderingAvoidMiniTask
10-13 11:58:50.509  2983  3075 D MiuiFreeformModeAvoidAlgorithm: getCurrMiniPos: SameSideMiniPosList: []
10-13 11:58:50.509  2983  3075 D MiuiFreeformModeAvoidAlgorithm: getCurrMiniPos: SameSideMiniPosList: []
10-13 11:58:50.509  2983  3075 D MiuiFreeformModeAvoidAlgorithm: end autoOrderingAvoidMiniTask res:AvoidResult{distance=0, combination={}, activeTaskPos=Rect(0, 0 - 0, 0)}
10-13 11:58:50.509  1902  1938 I WindowManager: input method visible height changed 0
10-13 11:58:50.510  1902  2338 I ITouchFeature: current device and process support version:2
10-13 11:58:50.523  1902  2771 W PackageConfigPersister: App-specific configuration not found for packageName: eu.europa.ec.euidi and userId: 0
10-13 11:58:50.525  1902  2771 D CoreBackPreview: Window{be34c6c u0 eu.europa.ec.euidi/eu.europa.ec.assemblylogic.ui.MainActivity}: Setting back callback OnBackInvokedCallbackInfo{mCallback=android.window.IOnBackInvokedCallback$Stub$Proxy@b26a943, mPriority=0, mIsAnimationCallback=false}
10-13 11:58:51.042  1902  2771 I SmartPower: com.google.android.inputmethod.latin/10196(22721): visible->invisible(10212ms) R(become invisible) adj=100.
10-13 11:58:51.042  1902  2771 I SmartPower: com.google.android.inputmethod.latin/10196(22721): invisible->background(0ms) R(become background) adj=100.
10-13 11:58:51.042  1902  2620 I SmartPower: com.google.android.gms/10175(13430): idle->background(1730ms) R(add to whitelist) adj=250.
10-13 11:58:51.046  2983  3075 D MiuiFreeformModeController: avoidForInsetsBottomChangedIfNeed oldMoveableBottom: 2270 newMoveableBounds: 2270
10-13 11:58:51.058  2983  3075 D MiuiFreeformModeController: avoidForInsetsBottomChangedIfNeed oldMoveableBottom: 2270 newMoveableBounds: 2270
10-13 11:58:51.289  1902  2771 W MIUIInput: Input event injection from package: null action ACTION_DOWN
10-13 11:58:51.292  1902  2771 W MIUIInput: Input event injection from package: null action ACTION_UP
10-13 11:58:51.307  1902  2771 D CompatibilityChangeReporter: Compat change id reported: 161145287; UID 10390; state: ENABLED
10-13 11:58:52.180  1556  1556 I wificond: station_bandwidth: 
10-13 11:58:52.561  1902 22706 W MIUIInput: Input event injection from package: null action ACTION_DOWN
10-13 11:58:52.565  1902 22706 W MIUIInput: Input event injection from package: null action ACTION_UP
10-13 11:58:53.106  1902  2336 D AlarmManager: mBroadcastRefCount -> 1
10-13 11:58:53.121  1902  1902 D AlarmManager: mBroadcastRefCount -> 0
10-13 11:58:53.121  1902  1902 D AlarmManager: mPendingIntent -> PendingIntent{f5ab6b7: PendingIntentRecord{5d5be24 android broadcastIntent}}
10-13 11:58:53.594  1902 23267 D CompatibilityChangeReporter: Compat change id reported: 265464455; UID 10190; state: DISABLED
10-13 11:58:53.594  1902 23267 D CompatibilityChangeReporter: Compat change id reported: 265452344; UID 10190; state: DISABLED
10-13 11:58:53.595  1902 23267 D CompatibilityChangeReporter: Compat change id reported: 266124927; UID 10190; state: DISABLED
10-13 11:58:53.595  1902 23267 D CompatibilityChangeReporter: Compat change id reported: 265451093; UID 10190; state: DISABLED
10-13 11:58:53.595  1902 23267 D CompatibilityChangeReporter: Compat change id reported: 265456536; UID 10190; state: DISABLED
10-13 11:58:53.596  1902 23267 D CompatibilityChangeReporter: Compat change id reported: 255940284; UID 10190; state: DISABLED
10-13 11:58:53.596  1902 23267 D CompatibilityChangeReporter: Compat change id reported: 236283604; UID 10190; state: DISABLED
10-13 11:58:53.597  1902 23267 D CompatibilityChangeReporter: Compat change id reported: 263959004; UID 10190; state: DISABLED
10-13 11:58:53.597  1902 23267 D CompatibilityChangeReporter: Compat change id reported: 264304459; UID 10190; state: DISABLED
10-13 11:58:53.597  1902 23267 D CompatibilityChangeReporter: Compat change id reported: 264301586; UID 10190; state: DISABLED
10-13 11:58:53.598  1902 23267 D CompatibilityChangeReporter: Compat change id reported: 254631730; UID 10190; state: DISABLED
10-13 11:58:53.598  1902 23267 D CompatibilityChangeReporter: Compat change id reported: 273509367; UID 10190; state: DISABLED
10-13 11:58:53.599  1902 23267 D CompatibilityChangeReporter: Compat change id reported: 263259275; UID 10190; state: DISABLED
10-13 11:58:53.599  1902 23267 D CompatibilityChangeReporter: Compat change id reported: 174042980; UID 10190; state: DISABLED
10-13 11:58:53.600  1902 23267 D CompatibilityChangeReporter: Compat change id reported: 174042936; UID 10190; state: DISABLED
10-13 11:58:53.600  1902 23267 D CompatibilityChangeReporter: Compat change id reported: 181136395; UID 10190; state: DISABLED
10-13 11:58:53.602  1902 23267 D CompatibilityChangeReporter: Compat change id reported: 194480991; UID 10190; state: ENABLED
10-13 11:58:53.603  1902 23267 I SmartPower: com.android.chrome:privileged_process0/10190(9726): idle->invisible(11891ms) R(become foreground) adj=700.
10-13 11:58:53.605  1902 23267 I SmartPower: com.android.chrome/10190(9617): idle->invisible(11892ms) R(become foreground) adj=700.
10-13 11:58:53.605  1902 23267 D WindowManager: Collecting in transition 1672: ActivityRecord{dd084f0 u0 com.android.chrome/com.google.android.apps.chrome.IntentDispatcher init visibleRequested:false
10-13 11:58:53.606  1902 23267 D MiuiFreeFormManagerService: activeOrFullscreenFreeformTaskIfNeed startDefaultAr:false
10-13 11:58:53.610  2983  3075 D OneHandedController: stopOneHanded state is 0
10-13 11:58:53.615  1902 23267 D WindowManager: setLockTaskAuth: task=Task{be9ea69 #766 type=standard I=com.android.chrome/com.google.android.apps.chrome.IntentDispatcher} mLockTaskAuth=LOCK_TASK_AUTH_PINNABLE
10-13 11:58:53.616  1902 23267 D WindowManager: Collecting in transition 1672: Task{be9ea69 #766 type=standard I=com.android.chrome/com.google.android.apps.chrome.IntentDispatcher} init visibleRequested:false
10-13 11:58:53.618  1902 23267 D CompatibilityChangeReporter: Compat change id reported: 184838306; UID 10190; state: DISABLED
10-13 11:58:53.618  1902 23267 D CompatibilityChangeReporter: Compat change id reported: 185004937; UID 10190; state: DISABLED
10-13 11:58:53.623  1902 23267 D WindowManager: setLockTaskAuth: task=Task{be9ea69 #766 type=standard I=com.android.chrome/com.google.android.apps.chrome.IntentDispatcher} mLockTaskAuth=LOCK_TASK_AUTH_PINNABLE
10-13 11:58:53.624  1902 23267 D MiuiFreeFormManagerService: onStartActivityInner as = Task{be9ea69 #766 type=standard I=com.android.chrome/com.google.android.apps.chrome.IntentDispatcher} op = null
10-13 11:58:53.626  1902 23267 D ActivityTaskManager: Task#startActivityLocked isOrhasTask=true newTask=true
10-13 11:58:53.628  1902 23267 D ActivityTaskManager: Not add starting window, the reason is: windowIsTranslucent = true  windowIsFloating = false  this = ActivityRecord{dd084f0 u0 com.android.chrome/com.google.android.apps.chrome.IntentDispatcher t766}
10-13 11:58:53.630  1902 23267 D CompatibilityChangeReporter: Compat change id reported: 205907456; UID 10190; state: ENABLED
10-13 11:58:53.634  1902 23267 D WindowManager: Collecting in transition 1672: ActivityRecord{dd084f0 u0 com.android.chrome/com.google.android.apps.chrome.IntentDispatcher t766} init visibleRequested:false
10-13 11:58:53.634  1902 23267 D WindowManager: Requesting StartTransition: TransitionRecord{642658f id=1672 type=OPEN flags=0x0}
10-13 11:58:53.636  1902 23267 I ActivityTaskManager: START u0 {act=android.intent.action.VIEW dat=https://issuer.eudiw.dev/... flg=0x10000000 cmp=com.android.chrome/com.google.android.apps.chrome.IntentDispatcher} with LAUNCH_MULTIPLE from uid 10390 (BAL_ALLOW_VISIBLE_WINDOW) result code=0
10-13 11:58:53.636  2983  3075 I SoScUtils: monitorTransitionRequest mRequestOpenTransition:null mRequestOpenTriggerTask:-1 mRequestCloseTransition:null mRequestCloseTriggerTask:-1 mRequestCloseStageType:-1
10-13 11:58:53.637  1902 23267 D WindowManager: Set transition=TransitionRecord{642658f id=1672 type=OPEN flags=0x0}, ready=false, SyncId=1672 used=true, override=false, defer=0, states=Display{#0 state=ON size=1080x2400 ROTATION_0}:false
10-13 11:58:53.638  1902  2771 D WindowManager: Collecting in transition 1672: ActivityRecord{dd084f0 u0 com.android.chrome/com.google.android.apps.chrome.IntentDispatcher t766} init visibleRequested:false
10-13 11:58:53.639  2983  3075 D OneHandedController: stopOneHanded state is 0
10-13 11:58:53.639  1902  2771 D WindowManager: Collecting in transition 1672: ActivityRecord{dd084f0 u0 com.android.chrome/com.google.android.apps.chrome.IntentDispatcher t766} init visibleRequested:true
10-13 11:58:53.639  2983  3075 D OneHandedController: stopOneHanded state is 0
10-13 11:58:53.639  1902  2771 D WindowManagerService: checkFlipFullScreenChange is same, nowIsFullScreen = false
10-13 11:58:53.640  1902  2771 W WindowManager: Changing focus from Window{be34c6c u0 eu.europa.ec.euidi/eu.europa.ec.assemblylogic.ui.MainActivity} to null displayId=0 Callers=com.android.server.wm.RootWindowContainer.updateFocusedWindowLocked:557 com.android.server.wm.WindowManagerService.updateFocusedWindowLocked:6962 com.android.server.wm.ActivityTaskManagerService.setLastResumedActivityUncheckLocked:5565 com.android.server.wm.ActivityTaskSupervisor.updateTopResumedActivityIfNeeded:2557 
10-13 11:58:53.640  1902  2771 D WindowManager: wms.Input focus has changed to null display=0 updateInputWindows = true
10-13 11:58:53.640  1902  2771 I MultiSenceManagerInternalStub: getInstance
10-13 11:58:53.640  1902  2771 D WindowManager: Collecting in transition 1672: ActivityRecord{dd084f0 u0 com.android.chrome/com.google.android.apps.chrome.IntentDispatcher t766} init visibleRequested:true
10-13 11:58:53.641  1902  2771 D WindowManager: Set transition=TransitionRecord{642658f id=1672 type=OPEN flags=0x0}, ready=true, SyncId=1672 
10-13 11:58:53.642  1902  2771 D CompatibilityChangeReporter: Compat change id reported: 197654537; UID 10390; state: ENABLED
10-13 11:58:53.643  1902  2771 I BLASTSyncEngine: SyncGroup 1672:  Unfinished container:ActivityRecord{dd084f0 u0 com.android.chrome/com.google.android.apps.chrome.IntentDispatcher t766}
10-13 11:58:53.643  1902  2771 I BLASTSyncEngine: isActivitySyncFinished isSyncFinished false ActivityRecord{dd084f0 u0 com.android.chrome/com.google.android.apps.chrome.IntentDispatcher t766}
10-13 11:58:53.643  2983  3075 D MiuiFullScreenTaskRepository: removeFocusedTask displayId=0
10-13 11:58:53.643  2983  3075 D MiuiFullScreenTaskRepository: addOrUpdateFullScreenTaskInfo taskId=765, topActivity=ComponentInfo{eu.europa.ec.euidi/eu.europa.ec.assemblylogic.ui.MainActivity}
10-13 11:58:53.650  1902  1936 E MBrainLocalService: MBrainJava launch failed: SecurityException
10-13 11:58:53.650  1902  1936 D Aurogon :  uid = 10190 switch to FG
10-13 11:58:53.655  1902  1936 E MBrainLocalService: MBrainJava launch failed: SecurityException
10-13 11:58:53.662  1902  2771 D CompatibilityChangeReporter: Compat change id reported: 259743961; UID 10190; state: ENABLED
10-13 11:58:53.665  1902 23259 D WindowManager: Collecting in transition 1672: ActivityRecord{e28d5aa u0 com.android.chrome/org.chromium.chrome.browser.ChromeTabbedActivity init visibleRequested:false
10-13 11:58:53.665  1902 23259 D MiuiFreeFormManagerService: activeOrFullscreenFreeformTaskIfNeed startDefaultAr:false
10-13 11:58:53.665  1902 23259 D MiuiFreeFormManagerService: onStartActivityInner as = Task{d2e973b #756 type=standard A=10190:com.android.chrome} op = null
10-13 11:58:53.666  1902 23259 D WindowManagerService: checkFlipFullScreenChange is same, nowIsFullScreen = false
10-13 11:58:53.666  1902 23259 D WindowManager: setLockTaskAuth: task=Task{d2e973b #756 type=standard A=10190:com.android.chrome} mLockTaskAuth=LOCK_TASK_AUTH_PINNABLE
10-13 11:58:53.668  1902 23259 D WindowManager: Set transition=TransitionRecord{642658f id=1672 type=OPEN flags=0x0}, ready=false, SyncId=1672 used=true, override=false, defer=0, states=Display{#0 state=ON size=1080x2400 ROTATION_0}:false
10-13 11:58:53.668  1902 23259 D WindowManager: Collecting in transition 1672: ActivityRecord{e28d5aa u0 com.android.chrome/org.chromium.chrome.browser.ChromeTabbedActivity t-1} init visibleRequested:false
10-13 11:58:53.668  1902 23259 D WindowManager: Set transition=TransitionRecord{642658f id=1672 type=OPEN flags=0x0}, ready=false, SyncId=1672 used=true, override=false, defer=0, states=Display{#0 state=ON size=1080x2400 ROTATION_0}:false
