10-09 14:15:40.095  1902  3984 D BackupTransportManager: [UserID:0] Transport com.google.android.gms/.backup.BackupTransportService updated its attributes
10-09 14:15:40.142  1902  1902 I TransportConnection: BackupTransportService#6930: Notifying [AppBackupUtils.appIsRunningAndEligibleForBackupWithTransport] transport = BackupTransportClient
10-09 14:15:40.158  1902 23179 D BackupTransportManager: [UserID:0] Transport com.google.android.gms/.backup.BackupTransportService updated its attributes
10-09 14:15:40.250  1902  1902 I TransportConnection: BackupTransportService#6931: Notifying [AppBackupUtils.appIsRunningAndEligibleForBackupWithTransport] transport = BackupTransportClient
10-09 14:15:40.271  1902  3385 D BackupTransportManager: [UserID:0] Transport com.google.android.gms/.backup.BackupTransportService updated its attributes
10-09 14:15:40.294  1229  1600 W EventThreadInspector: slow VSync-app on display(4627039422300187648) count=60, avg=33 ms, max=33 ms.
10-09 14:15:40.314  1902 23179 D CompatibilityChangeReporter: Compat change id reported: 201794303; UID 10175; state: ENABLED
10-09 14:15:40.316  1902 23179 D CompatibilityChangeReporter: Compat change id reported: 207133734; UID 10175; state: ENABLED
10-09 14:15:40.414  1902  1902 I TransportConnection: BackupTransportService#6933: Notifying [AppBackupUtils.appIsRunningAndEligibleForBackupWithTransport] transport = BackupTransportClient
10-09 14:15:40.473  1902  4160 D BackupTransportManager: [UserID:0] Transport com.google.android.gms/.backup.BackupTransportService updated its attributes
10-09 14:15:40.498  1902  2670 D CompatibilityChangeReporter: Compat change id reported: 271850009; UID 1000; state: ENABLED
10-09 14:15:40.500  1902  2670 D CompatibilityChangeReporter: Compat change id reported: 271850009; UID 1000; state: DISABLED
10-09 14:15:40.505  1902  2670 D CompatibilityChangeReporter: Compat change id reported: 253665015; UID 1000; state: ENABLED
10-09 14:15:40.508  1902  2670 D CompatibilityChangeReporter: Compat change id reported: 253665015; UID 1000; state: DISABLED
10-09 14:15:40.512  1902  2670 D CompatibilityChangeReporter: Compat change id reported: 194532703; UID 1000; state: ENABLED
10-09 14:15:40.532  1902  1902 I TransportConnection: BackupTransportService#6936: Notifying [AppBackupUtils.appIsRunningAndEligibleForBackupWithTransport] transport = BackupTransportClient
10-09 14:15:40.547  1902 23266 D BackupTransportManager: [UserID:0] Transport com.google.android.gms/.backup.BackupTransportService updated its attributes
10-09 14:15:40.556  1902  2620 I SmartPower: com.miui.gallery/10078(30914): background->idle(3002ms) R(broadcast start Intent { act=android.intent.action.BATTERY_CHANGED flg=0x60000010 (has extras) }) adj=200.
10-09 14:15:40.565  1902  3385 D CompatibilityChangeReporter: Compat change id reported: 171306433; UID 1000; state: ENABLED
10-09 14:15:40.570  1902  2336 D AlarmManager: mBroadcastRefCount -> 1
10-09 14:15:40.604  1902  1902 I TransportConnection: BackupTransportService#6939: Notifying [AppBackupUtils.appIsRunningAndEligibleForBackupWithTransport] transport = BackupTransportClient
10-09 14:15:40.606  1902  1977 I DisplayPowerController[0]: Blocking screen off
10-09 14:15:40.606  1902  1977 I DisplayPowerController[0]: Unblocked screen off after 0 ms
10-09 14:15:40.610  1902  1977 I WindowManager: Display0 turned off...
10-09 14:15:40.612  1902  1977 D DisplayPowerControllerImpl: updateBrightnessChangeStatus: animating: false, displayState: 1, slowChange: false, appliedDimming: false, appliedLowPower: false, currentBrightness: 0.058980778, currentSdrBrightness: 0.058980778, targetBrightness: 0.0, targetSdrBrightness: 0.0, previousDisplayPolicy: 1, currentDisplayPolicy: 1
10-09 14:15:40.614  1902  3385 D AlarmManager: mBroadcastRefCount -> 0
10-09 14:15:40.614  1902  3385 D AlarmManager: mPendingIntent -> null
10-09 14:15:40.616  1902  1977 I DisplayPowerController[0]: Brightness [-1.0] reason changing to: 'screen_off', previous reason: 'doze_default'.
10-09 14:15:40.617  1902  1977 I DisplayPowerController[0]: BrightnessEvent: disp=0, physDisp=local:4627039422300187648, brt=-1.0, initBrt=0.058980778, rcmdBrt=NaN, preBrt=NaN, lux=0.0, preLux=0.0, hbmMax=0.499938, hbmMode=off, rbcStrength=50, thrmMax=1.0, powerFactor=1.0, wasShortTermModelActive=false, flags=, reason=screen_off, autoBrightness=true, strategy=
10-09 14:15:40.623  1902  1938 I DisplayDeviceRepository: Display device changed state: "Built-in Screen", OFF
10-09 14:15:40.624  1902  2652 D DisplayFeatureManagerService: setDozeBrightness, brightness: 0, value: 0
10-09 14:15:40.624  1902  2652 D DisplayFeatureManagerService: setScreenEffect displayId=0 mode=25 value=0 cookie=255 from pid=1902
10-09 14:15:40.625  1902 23179 D BackupTransportManager: [UserID:0] Transport com.google.android.gms/.backup.BackupTransportService updated its attributes
10-09 14:15:40.625  2983  3075 D OneHandedController: stopOneHanded state is 0
10-09 14:15:40.627  1902  2652 I LocalDisplayAdapter: setDisplayState(id=4627039422300187648, state=OFF)
10-09 14:15:40.639  1902  1939 I DisplayDevice: [0] Layerstack set to -1 for local:4627039422300187648
10-09 14:15:40.641  1902 22586 D CompatibilityChangeReporter: Compat change id reported: 170503758; UID 10076; state: ENABLED
10-09 14:15:40.687  1902  1902 I TransportConnection: BackupTransportService#6940: Notifying [AppBackupUtils.appIsRunningAndEligibleForBackupWithTransport] transport = BackupTransportClient
10-09 14:15:40.710  1902 23179 D BackupTransportManager: [UserID:0] Transport com.google.android.gms/.backup.BackupTransportService updated its attributes
10-09 14:15:40.751  1902  1902 I TransportConnection: BackupTransportService#6942: Notifying [AppBackupUtils.appIsRunningAndEligibleForBackupWithTransport] transport = BackupTransportClient
10-09 14:15:40.764  1902 22715 D BackupTransportManager: [UserID:0] Transport com.google.android.gms/.backup.BackupTransportService updated its attributes
10-09 14:15:40.813  1902  1902 I TransportConnection: BackupTransportService#6944: Notifying [AppBackupUtils.appIsRunningAndEligibleForBackupWithTransport] transport = BackupTransportClient
10-09 14:15:40.823  1902  4160 D BackupTransportManager: [UserID:0] Transport com.google.android.gms/.backup.BackupTransportService updated its attributes
10-09 14:15:40.846  1902 15926 I SmartPower: com.google.android.apps.photos/10205(25965): idle->background(4923ms) R(service unbind com.google.android.apps.photos/com.google.android.libraries.social.async.BackgroundTaskJobService) adj=200.
10-09 14:15:40.874  1902  2652 W BpBinder: Slow Binder: BpBinder transact took 246 ms, interface=android.gui.ISurfaceComposer, code=9 oneway=false
10-09 14:15:40.876  1902  1938 I DisplayDeviceRepository: Display device changed state: "Built-in Screen", OFF
10-09 14:15:40.883  1902  1938 D TAG     : Remove previously redundant display event 0/2 to 10235/31261
10-09 14:15:40.883  1902  1938 D TAG     : Remove previously redundant display event 0/2 to 6101/31606
10-09 14:15:40.899  1902  1938 I DisplayDeviceRepository: Display device changed: DisplayDeviceInfo{"Built-in Screen": uniqueId="local:4627039422300187648", 1080 x 2400, modeId 2, renderFrameRate 120.00001, defaultModeId 2, supportedModes [{id=1, width=1080, height=2400, fps=60.0, alternativeRefreshRates=[30.000002, 90.0, 120.00001], supportedHdrTypes=[1, 2, 3, 4]}, {id=2, width=1080, height=2400, fps=120.00001, alternativeRefreshRates=[30.000002, 60.0, 90.0], supportedHdrTypes=[1, 2, 3, 4]}, {id=3, width=1080, height=2400, fps=90.0, alternativeRefreshRates=[30.000002, 60.0, 120.00001], supportedHdrTypes=[1, 2, 3, 4]}, {id=4, width=1080, height=2400, fps=30.000002, alternativeRefreshRates=[60.0, 90.0, 120.00001], supportedHdrTypes=[1, 2, 3, 4]}], colorMode 0, supportedColorModes [0, 7, 9], hdrCapabilities HdrCapabilities{mSupportedHdrTypes=[1, 2, 3, 4], mMaxLuminance=500.0, mMaxAverageLuminance=500.0, mMinLuminance=0.0}, allmSupported false, gameContentTypeSupported false, density 440, 394.409 x 394.409 dpi, appVsyncOff 1199999, presDeadline 14800000, cutout DisplayCutout{insets=Rect(0, 94 - 0, 0) waterfall=Insets{left=0, top=0, right=0, bottom=0} boundingRect={Bounds=[Rect(0, 0 - 0, 0), Rect(512, 0 - 568, 94), Rect(0, 0 - 0, 0), Rect(0, 0 - 0, 0)]} cutoutPathParserInfo={CutoutPathParserInfo{displayWidth=1080 displayHeight=2400 physicalDisplayWidth=1080 physicalDisplayHeight=2400 density={2.75} cutoutSpec={M 0,0 H -28 V 94 H 28 V 0 H 0 Z} rotation={0} scale={1.0} physicalPixelDisplaySizeRatio={1.0}}}}, touch INTERNAL, rotation 0, type INTERNAL, address {port=0, model=0x40368bd6e7ee6c}, deviceProductInfo DeviceProductInfo{name=MTKDEV, manufacturerPnpId=MTK, productId=35638, modelYear=null, manufactureDate=ManufactureDate{week=42, year=2021}, connectionToSinkType=0}, state OFF, committedState OFF, frameRateOverride , brightnessMinimum 0.0, brightnessMaximum 1.0, brightnessDefault 0.07496032, hdrSdrRatio NaN, roundedCorners RoundedCorners{[RoundedCorner{position=TopLeft, radius=70, center=Point(70, 70)}, RoundedCorner{position=TopRight, radius=70, center=Point(1010, 70)}, RoundedCorner{position=BottomRight, radius=70, center=Point(1010, 2330)}, RoundedCorner{position=BottomLeft, radius=70, center=Point(70, 2330)}]}, FLAG_ALLOWED_TO_BE_DEFAULT_DISPLAY, FLAG_ROTATES_WITH_CONTENT, FLAG_SECURE, FLAG_SUPPORTS_PROTECTED_BUFFERS, FLAG_TRUSTED, installOrientation 0, displayShape DisplayShape{ spec=-1893857183 displayWidth=1080 displayHeight=2400 physicalPixelDisplaySizeRatio=1.0 rotation=0 offsetX=0 offsetY=0 scale=1.0}}
10-09 14:15:40.905  1902  1938 D TAG     : Remove previously redundant display event 0/2 to 10235/31261
10-09 14:15:40.905  1902  1938 D TAG     : Remove previously redundant display event 0/2 to 6101/31606
10-09 14:15:40.919  1229  1641 W EventThreadInspector: slow VSync-appSf on display(4627039422300187648) count=5, avg=29 ms, max=33 ms.
10-09 14:15:40.935  1902  1902 I TransportConnection: BackupTransportService#6946: Notifying [AppBackupUtils.appIsRunningAndEligibleForBackupWithTransport] transport = BackupTransportClient
10-09 14:15:40.950  1902  2682 D BackupTransportManager: [UserID:0] Transport com.google.android.gms/.backup.BackupTransportService updated its attributes
10-09 14:15:40.992  1902  1902 I TransportConnection: BackupTransportService#6947: Notifying [AppBackupUtils.appIsRunningAndEligibleForBackupWithTransport] transport = BackupTransportClient
10-09 14:15:41.004  1902 22715 D BackupTransportManager: [UserID:0] Transport com.google.android.gms/.backup.BackupTransportService updated its attributes
10-09 14:15:41.021  1902  2682 I ActivityManager: Cancel FGS notification userId: 0 definingUid: 10078 packageName: com.miui.gallery processName:com.miui.gallery ChannelId:com.miui.gallery.hide foregroundNotiWhen:1760008530982 Notiflags:96
10-09 14:15:41.024  1902  1902 I NotificationService: Cancel FGS notification CallingUid: 10078 CallingPid: 30914 Pkg: com.miui.gallery Id:108 Tag:null UserId:0 MustHaveFlags:0 MustNotHaveFlags:0 Reason:8 foregroundNotiWhen:1760008530982 foregroundNotiFlags:96 foregroundNotiChannelId:com.miui.gallery.hide
10-09 14:15:41.034  1902  1902 D CompatibilityChangeReporter: Compat change id reported: 175319604; UID 1000; state: ENABLED
10-09 14:15:41.039  1902  1902 D CompatibilityChangeReporter: Compat change id reported: 195579280; UID 1000; state: ENABLED
10-09 14:15:41.061  1902  1902 I TransportConnection: BackupTransportService#6948: Notifying [AppBackupUtils.appIsRunningAndEligibleForBackupWithTransport] transport = BackupTransportClient
10-09 14:15:41.080  1902  2682 D BackupTransportManager: [UserID:0] Transport com.google.android.gms/.backup.BackupTransportService updated its attributes
10-09 14:15:41.131  1902  1902 I TransportConnection: BackupTransportService#6950: Notifying [AppBackupUtils.appIsRunningAndEligibleForBackupWithTransport] transport = BackupTransportClient
10-09 14:15:41.149  1902  4160 D BackupTransportManager: [UserID:0] Transport com.google.android.gms/.backup.BackupTransportService updated its attributes
10-09 14:15:41.180  1902  1902 I TransportConnection: BackupTransportService#6952: Notifying [AppBackupUtils.appIsRunningAndEligibleForBackupWithTransport] transport = BackupTransportClient
10-09 14:15:41.192  1902  2775 D BackupTransportManager: [UserID:0] Transport com.google.android.gms/.backup.BackupTransportService updated its attributes
10-09 14:15:41.227  1902  1902 I TransportConnection: BackupTransportService#6953: Notifying [AppBackupUtils.appIsRunningAndEligibleForBackupWithTransport] transport = BackupTransportClient
10-09 14:15:41.240  1902  4160 D BackupTransportManager: [UserID:0] Transport com.google.android.gms/.backup.BackupTransportService updated its attributes
10-09 14:15:41.276  1902  1902 I TransportConnection: BackupTransportService#6955: Notifying [AppBackupUtils.appIsRunningAndEligibleForBackupWithTransport] transport = BackupTransportClient
10-09 14:15:41.290  1902 22715 D BackupTransportManager: [UserID:0] Transport com.google.android.gms/.backup.BackupTransportService updated its attributes
10-09 14:15:41.358  1902  1902 I TransportConnection: BackupTransportService#6956: Notifying [AppBackupUtils.appIsRunningAndEligibleForBackupWithTransport] transport = BackupTransportClient
10-09 14:15:41.377  1902 22715 D BackupTransportManager: [UserID:0] Transport com.google.android.gms/.backup.BackupTransportService updated its attributes
10-09 14:15:41.407  1902  2323 D CompatibilityChangeReporter: Compat change id reported: 265195908; UID 10113; state: ENABLED
10-09 14:15:41.436  1902  1902 I TransportConnection: BackupTransportService#6958: Notifying [AppBackupUtils.appIsRunningAndEligibleForBackupWithTransport] transport = BackupTransportClient
10-09 14:15:41.452  1902 23161 D BackupTransportManager: [UserID:0] Transport com.google.android.gms/.backup.BackupTransportService updated its attributes
10-09 14:15:41.490  1902  1902 I TransportConnection: BackupTransportService#6959: Notifying [AppBackupUtils.appIsRunningAndEligibleForBackupWithTransport] transport = BackupTransportClient
10-09 14:15:41.504  1902 22715 D BackupTransportManager: [UserID:0] Transport com.google.android.gms/.backup.BackupTransportService updated its attributes
10-09 14:15:41.546  1902  1902 I TransportConnection: BackupTransportService#6960: Notifying [AppBackupUtils.appIsRunningAndEligibleForBackupWithTransport] transport = BackupTransportClient
10-09 14:15:41.561  1902 23161 D BackupTransportManager: [UserID:0] Transport com.google.android.gms/.backup.BackupTransportService updated its attributes
10-09 14:15:41.609  1902  1902 I TransportConnection: BackupTransportService#6961: Notifying [AppBackupUtils.appIsRunningAndEligibleForBackupWithTransport] transport = BackupTransportClient
10-09 14:15:41.623  1902  2775 D BackupTransportManager: [UserID:0] Transport com.google.android.gms/.backup.BackupTransportService updated its attributes
10-09 14:15:41.664  1902  1902 I TransportConnection: BackupTransportService#6962: Notifying [AppBackupUtils.appIsRunningAndEligibleForBackupWithTransport] transport = BackupTransportClient
10-09 14:15:41.683  1902 23161 D BackupTransportManager: [UserID:0] Transport com.google.android.gms/.backup.BackupTransportService updated its attributes
10-09 14:15:41.718  1902  1902 I TransportConnection: BackupTransportService#6963: Notifying [AppBackupUtils.appIsRunningAndEligibleForBackupWithTransport] transport = BackupTransportClient
10-09 14:15:41.732  1902  2682 D BackupTransportManager: [UserID:0] Transport com.google.android.gms/.backup.BackupTransportService updated its attributes
10-09 14:15:41.784  1902  1902 I TransportConnection: BackupTransportService#6964: Notifying [AppBackupUtils.appIsRunningAndEligibleForBackupWithTransport] transport = BackupTransportClient
10-09 14:15:41.800  1902  2775 D BackupTransportManager: [UserID:0] Transport com.google.android.gms/.backup.BackupTransportService updated its attributes
10-09 14:15:41.808   691   719 W keystore2: system/security/keystore2/src/remote_provisioning.rs:102 - Error occurred: system/security/keystore2/src/rkpd_client.rs:272: Trying to get to IRegistration service.
10-09 14:15:41.808   691   719 W keystore2: 
10-09 14:15:41.808   691   719 W keystore2: Caused by:
10-09 14:15:41.808   691   719 W keystore2:     0: system/security/keystore2/src/rkpd_client.rs:162: Trying to get IRPC name.
10-09 14:15:41.808   691   719 W keystore2:     1: system/security/keystore2/src/globals.rs:440
10-09 14:15:41.808   691   719 W keystore2:     2: Error::Km(r#HARDWARE_TYPE_UNAVAILABLE)
10-09 14:15:41.843  1902  1902 I TransportConnection: BackupTransportService#6966: Notifying [AppBackupUtils.appIsRunningAndEligibleForBackupWithTransport] transport = BackupTransportClient
10-09 14:15:41.860  1902  3984 D BackupTransportManager: [UserID:0] Transport com.google.android.gms/.backup.BackupTransportService updated its attributes
10-09 14:15:41.898  1902  1902 I TransportConnection: BackupTransportService#6967: Notifying [AppBackupUtils.appIsRunningAndEligibleForBackupWithTransport] transport = BackupTransportClient
10-09 14:15:41.915  1902 22704 D BackupTransportManager: [UserID:0] Transport com.google.android.gms/.backup.BackupTransportService updated its attributes
10-09 14:15:41.948  1902  1902 I TransportConnection: BackupTransportService#6970: Notifying [AppBackupUtils.appIsRunningAndEligibleForBackupWithTransport] transport = BackupTransportClient
10-09 14:15:41.960  1902 22704 D BackupTransportManager: [UserID:0] Transport com.google.android.gms/.backup.BackupTransportService updated its attributes
10-09 14:15:41.974  1902  1902 I TransportConnection: BackupTransportService#6971: Notifying [AppBackupUtils.appIsRunningAndEligibleForBackupWithTransport] transport = BackupTransportClient
10-09 14:15:41.983  1902  4160 D BackupTransportManager: [UserID:0] Transport com.google.android.gms/.backup.BackupTransportService updated its attributes
10-09 14:15:41.999  1902  1902 I TransportConnection: BackupTransportService#6972: Notifying [AppBackupUtils.appIsRunningAndEligibleForBackupWithTransport] transport = BackupTransportClient
10-09 14:15:42.008  1902 22704 D BackupTransportManager: [UserID:0] Transport com.google.android.gms/.backup.BackupTransportService updated its attributes
10-09 14:15:42.023  1902  1902 I TransportConnection: BackupTransportService#6973: Notifying [AppBackupUtils.appIsRunningAndEligibleForBackupWithTransport] transport = BackupTransportClient
10-09 14:15:42.034  1902  3984 D BackupTransportManager: [UserID:0] Transport com.google.android.gms/.backup.BackupTransportService updated its attributes
10-09 14:15:42.053  1902  1902 I TransportConnection: BackupTransportService#6974: Notifying [AppBackupUtils.appIsRunningAndEligibleForBackupWithTransport] transport = BackupTransportClient
10-09 14:15:42.057  4628  4643 W BpBinder: Slow Binder: BpBinder transact took 252 ms, interface=android.system.keystore2.IKeystoreSecurityLevel, code=2 oneway=false
10-09 14:15:42.064  1902  4160 D BackupTransportManager: [UserID:0] Transport com.google.android.gms/.backup.BackupTransportService updated its attributes
10-09 14:15:42.071   691 32447 E keystore2: system/security/keystore2/src/gc.rs:139 - Error trying to delete blob entry. system/security/keystore2/src/gc.rs:129: Trying to invalidate key.
10-09 14:15:42.071   691 32447 E keystore2: 
10-09 14:15:42.071   691 32447 E keystore2: Caused by:
10-09 14:15:42.071   691 32447 E keystore2:     0: system/security/keystore2/src/globals.rs:167: Trying to invalidate key blob.
10-09 14:15:42.071   691 32447 E keystore2:     1: Error::Km(r#UNIMPLEMENTED)
10-09 14:15:42.082  1902  1902 I TransportConnection: BackupTransportService#6975: Notifying [AppBackupUtils.appIsRunningAndEligibleForBackupWithTransport] transport = BackupTransportClient
10-09 14:15:42.090  1902 22715 D BackupTransportManager: [UserID:0] Transport com.google.android.gms/.backup.BackupTransportService updated its attributes
10-09 14:15:42.113  1902  1902 I TransportConnection: BackupTransportService#6976: Notifying [AppBackupUtils.appIsRunningAndEligibleForBackupWithTransport] transport = BackupTransportClient
10-09 14:15:42.121  1902 22715 D BackupTransportManager: [UserID:0] Transport com.google.android.gms/.backup.BackupTransportService updated its attributes
10-09 14:15:42.146  1902  1902 I TransportConnection: BackupTransportService#6977: Notifying [AppBackupUtils.appIsRunningAndEligibleForBackupWithTransport] transport = BackupTransportClient
10-09 14:15:42.156  1902 22704 D BackupTransportManager: [UserID:0] Transport com.google.android.gms/.backup.BackupTransportService updated its attributes
10-09 14:15:42.186  1902  1902 I TransportConnection: BackupTransportService#6978: Notifying [AppBackupUtils.appIsRunningAndEligibleForBackupWithTransport] transport = BackupTransportClient
10-09 14:15:42.197  1902  4160 D BackupTransportManager: [UserID:0] Transport com.google.android.gms/.backup.BackupTransportService updated its attributes
10-09 14:15:42.220  1902  1902 I TransportConnection: BackupTransportService#6980: Notifying [AppBackupUtils.appIsRunningAndEligibleForBackupWithTransport] transport = BackupTransportClient
10-09 14:15:42.230  1902 22704 D BackupTransportManager: [UserID:0] Transport com.google.android.gms/.backup.BackupTransportService updated its attributes
10-09 14:15:42.250  1902  1902 I TransportConnection: BackupTransportService#6981: Notifying [AppBackupUtils.appIsRunningAndEligibleForBackupWithTransport] transport = BackupTransportClient
10-09 14:15:42.259  1902  3984 D BackupTransportManager: [UserID:0] Transport com.google.android.gms/.backup.BackupTransportService updated its attributes
10-09 14:15:42.283  1902  1902 I TransportConnection: BackupTransportService#6982: Notifying [AppBackupUtils.appIsRunningAndEligibleForBackupWithTransport] transport = BackupTransportClient
10-09 14:15:42.292  1902  3984 D BackupTransportManager: [UserID:0] Transport com.google.android.gms/.backup.BackupTransportService updated its attributes
10-09 14:15:42.313  1902  1902 I TransportConnection: BackupTransportService#6983: Notifying [AppBackupUtils.appIsRunningAndEligibleForBackupWithTransport] transport = BackupTransportClient
10-09 14:15:42.321  1902  3984 D BackupTransportManager: [UserID:0] Transport com.google.android.gms/.backup.BackupTransportService updated its attributes
10-09 14:15:42.345  1902  1902 I TransportConnection: BackupTransportService#6984: Notifying [AppBackupUtils.appIsRunningAndEligibleForBackupWithTransport] transport = BackupTransportClient
10-09 14:15:42.356  1902  2775 D BackupTransportManager: [UserID:0] Transport com.google.android.gms/.backup.BackupTransportService updated its attributes
10-09 14:15:42.382  1902  1902 I TransportConnection: BackupTransportService#6986: Notifying [AppBackupUtils.appIsRunningAndEligibleForBackupWithTransport] transport = BackupTransportClient
10-09 14:15:42.390  1902  3984 D BackupTransportManager: [UserID:0] Transport com.google.android.gms/.backup.BackupTransportService updated its attributes
10-09 14:15:42.414  1902  1902 I TransportConnection: BackupTransportService#6991: Notifying [AppBackupUtils.appIsRunningAndEligibleForBackupWithTransport] transport = BackupTransportClient
10-09 14:15:42.417  1902  3984 D BackupTransportManager: [UserID:0] Transport com.google.android.gms/.backup.BackupTransportService updated its attributes
10-09 14:15:42.439  1902  1902 I TransportConnection: BackupTransportService#6992: Notifying [AppBackupUtils.appIsRunningAndEligibleForBackupWithTransport] transport = BackupTransportClient
10-09 14:15:42.442  1902 23161 D BackupTransportManager: [UserID:0] Transport com.google.android.gms/.backup.BackupTransportService updated its attributes
10-09 14:15:42.471  1902  1902 I TransportConnection: BackupTransportService#6994: Notifying [AppBackupUtils.appIsRunningAndEligibleForBackupWithTransport] transport = BackupTransportClient
10-09 14:15:42.481  1902 22704 D BackupTransportManager: [UserID:0] Transport com.google.android.gms/.backup.BackupTransportService updated its attributes
10-09 14:15:42.502 15068 19651 W BpBinder: Slow Binder: BpBinder transact took 1667 ms, interface=com.google.android.gms.droidguard.internal.IDroidGuardHandle, code=5 oneway=false
10-09 14:15:42.512  1902  1902 I TransportConnection: BackupTransportService#6995: Notifying [AppBackupUtils.appIsRunningAndEligibleForBackupWithTransport] transport = BackupTransportClient
10-09 14:15:42.521  1902 22704 D BackupTransportManager: [UserID:0] Transport com.google.android.gms/.backup.BackupTransportService updated its attributes
10-09 14:15:42.551  1902  1902 I TransportConnection: BackupTransportService#7001: Notifying [AppBackupUtils.appIsRunningAndEligibleForBackupWithTransport] transport = BackupTransportClient
10-09 14:15:42.561  1902  2775 D BackupTransportManager: [UserID:0] Transport com.google.android.gms/.backup.BackupTransportService updated its attributes
10-09 14:15:42.588  1902  1902 I TransportConnection: BackupTransportService#7002: Notifying [AppBackupUtils.appIsRunningAndEligibleForBackupWithTransport] transport = BackupTransportClient
10-09 14:15:42.592  1902 22715 D BackupTransportManager: [UserID:0] Transport com.google.android.gms/.backup.BackupTransportService updated its attributes
10-09 14:15:42.624  1902  1902 I TransportConnection: BackupTransportService#7003: Notifying [AppBackupUtils.appIsRunningAndEligibleForBackupWithTransport] transport = BackupTransportClient
10-09 14:15:42.632  1902 22715 D BackupTransportManager: [UserID:0] Transport com.google.android.gms/.backup.BackupTransportService updated its attributes
10-09 14:15:42.774  1902  1902 I TransportConnection: BackupTransportService#7005: Notifying [BMS.getBackupDestinationFromTransport] transport = BackupTransportClient
10-09 14:15:42.783  1902 23161 D BackupTransportManager: [UserID:0] Transport com.google.android.gms/.backup.BackupTransportService updated its attributes
10-09 14:15:42.800  1902 21984 I BackupManagerService: [UserID:0] Acquired wakelock:*backup*-0-21984
10-09 14:15:42.802  1902 21984 D KeyValueBackupTask: Spinning thread key-value-backup-19
10-09 14:15:42.804  1902 32470 D PFTBT   : backupmanager pftbt token=7adaf95a
10-09 14:15:42.804  1902 32470 I KeyValueBackupTask: Beginning backup of 43 targets
10-09 14:15:42.809  1902 32470 D KeyValueBackupTask: Starting key-value backup of @pm@
10-09 14:15:42.824  1902 32470 D KeyValueBackupTask: Invoking agent on @pm@
10-09 14:15:42.844  1902 32470 I BackupRestoreController: Getting widget state for user: 0
10-09 14:15:43.410  1902 23161 D CompatibilityChangeReporter: Compat change id reported: 319212206; UID 10076; state: ENABLED
10-09 14:15:43.847  1902  2620 I SmartPower: com.google.android.apps.photos/10205(25965): background->idle(3001ms) R(service unbind com.google.android.apps.photos/com.google.android.libraries.social.async.BackgroundTaskJobService) adj=500.
10-09 14:15:44.765  1902 32470 D KeyValueBackupTask: Starting key-value backup of com.android.deskclock
10-09 14:15:44.769  1902 32470 D BackupManagerService: bindToAgentSynchronous, packageName:com.android.deskclock uid:10119, userId:0
10-09 14:15:44.774  1902 32470 D CompatibilityChangeReporter: Compat change id reported: 135634846; UID 10119; state: DISABLED
10-09 14:15:44.775  1902 32470 D CompatibilityChangeReporter: Compat change id reported: 177438394; UID 10119; state: DISABLED
10-09 14:15:44.775  1902 32470 D CompatibilityChangeReporter: Compat change id reported: 135772972; UID 10119; state: DISABLED
10-09 14:15:44.776  1902 32470 D CompatibilityChangeReporter: Compat change id reported: 135754954; UID 10119; state: ENABLED
10-09 14:15:44.778  1902 32470 D BackupManagerService: [UserID:0] awaiting agent for ApplicationInfo{7976ac3 com.android.deskclock}
10-09 14:15:44.778  1902  1955 D CompatibilityChangeReporter: Compat change id reported: 143937733; UID 10119; state: ENABLED
10-09 14:15:44.817  1902  1955 I ActivityManager: Start proc 32500:com.android.deskclock/u0a119 for backup {com.android.deskclock/com.android.deskclock.addition.backup.DeskClockBackupAgent} caller=Backup
10-09 14:15:44.871  1902  3984 I SmartPower: com.android.deskclock/10119(32500): died->background(8355285ms) R(process start ) adj=-10000.
10-09 14:15:44.874  1902  3984 D CompatibilityChangeReporter: Compat change id reported: 168419799; UID 10119; state: DISABLED
10-09 14:15:44.874  1902  3984 D CompatibilityChangeReporter: Compat change id reported: 273564678; UID 10119; state: DISABLED
10-09 14:15:44.881  1902  2323 D CompatibilityChangeReporter: Compat change id reported: 265195908; UID 10119; state: ENABLED
10-09 14:15:44.901  1902  3984 D CompatibilityChangeReporter: Compat change id reported: 170503758; UID 10119; state: ENABLED
10-09 14:15:45.038 32500 32500 D MbrainDebugManagerImpl: getService failed
10-09 14:15:45.117  1902 22704 D PackageManager: set app component=ComponentInfo{com.android.deskclock/com.android.deskclock.AlarmBootInitReceiver} enabled state: 2 from com.android.deskclock,uid=10119,pid=32500
10-09 14:15:45.152  1902 22715 I ActivityManager: Flag disabled. Ignoring finishAttachApplication from uid: 10119. pid: 32500
10-09 14:15:45.181  1902 22715 D BackupManagerService: [UserID:0] agentConnected pkg=com.android.deskclock agent=android.os.BinderProxy@4db7c39
10-09 14:15:45.181  1902 32470 I BackupManagerService: [UserID:0] got agent android.app.IBackupAgent$Stub$Proxy@e63727e
10-09 14:15:45.181  1902 32470 D KeyValueBackupTask: Invoking agent on com.android.deskclock
10-09 14:15:45.184 32500 32500 D FramePredict: FramePredict init: false
10-09 14:15:45.210  1902  1902 D UiModeManager: updateConfigurationLocked: mDockState=0; mCarMode=false; mCar=false; mPowerSave=false; mOverrideNightModeOn=false; mOverrideNightModeOff=false; mComputedNightMode=false; mNightMode=1; uiMode=17
10-09 14:15:45.225  1902 32470 I BackupRestoreController: Getting widget state for user: 0
10-09 14:15:45.712  1902  1954 I SmartPower: com.google.android.apps.tachyon/10234(30966): idle->background(6121ms) R(broadcast start Intent { act=android.intent.action.BATTERY_CHANGED flg=0x60000010 (has extras) }) adj=905.
10-09 14:15:45.716  1902  1954 I SmartPower: com.miui.gallery/10078(30914): idle->background(5160ms) R(broadcast start Intent { act=android.intent.action.BATTERY_CHANGED flg=0x60000010 (has extras) }) adj=500.
10-09 14:15:46.901  1902 32470 D KeyValueBackupTask: Starting key-value backup of com.google.android.apps.photos
10-09 14:15:46.906  1902 32470 D BackupManagerService: bindToAgentSynchronous, packageName:com.google.android.apps.photos uid:10205, userId:0
10-09 14:15:46.911  1902 32470 I SmartPower: com.google.android.apps.photos/10205(25965): idle->background(3065ms) R(backup start) adj=300.
10-09 14:15:46.912  1902  2620 I SmartPower: com.google.android.apps.photos:mediametadataservice/10205(31682): idle->background(10989ms) R(add to whitelist) adj=915.
10-09 14:15:46.913  1902 32470 D BackupManagerService: [UserID:0] awaiting agent for ApplicationInfo{d0ccfd8 com.google.android.apps.photos}
10-09 14:15:46.935  1902  3984 D BackupManagerService: [UserID:0] agentConnected pkg=com.google.android.apps.photos agent=android.os.BinderProxy@9d54616
10-09 14:15:46.937  1902 32470 I BackupManagerService: [UserID:0] got agent android.app.IBackupAgent$Stub$Proxy@62dbb97
10-09 14:15:46.937  1902 32470 D KeyValueBackupTask: Invoking agent on com.google.android.apps.photos
10-09 14:15:46.953  1902 22704 I SmartPower: com.google.process.gapps/10175(27622): idle->background(12100ms) R(content provider start ContentProviderRecord{b12e50a u0 com.google.android.gsf/.settings.GoogleSettingsProvider}) adj=100.
10-09 14:15:47.014  1902 32470 I BackupRestoreController: Getting widget state for user: 0
10-09 14:15:48.714  1902  2620 I SmartPower: com.google.android.apps.tachyon/10234(30966): background->idle(3001ms) R(broadcast start Intent { act=android.intent.action.BATTERY_CHANGED flg=0x60000010 (has extras) }) adj=905.
10-09 14:15:48.717  1902  2620 I SmartPower: com.miui.gallery/10078(30914): background->idle(3001ms) R(broadcast start Intent { act=android.intent.action.BATTERY_CHANGED flg=0x60000010 (has extras) }) adj=500.
10-09 14:15:49.147  1902 32470 D KeyValueBackupTask: Starting key-value backup of com.google.android.apps.nbu.files
10-09 14:15:49.151  1902 32470 D BackupManagerService: bindToAgentSynchronous, packageName:com.google.android.apps.nbu.files uid:10259, userId:0
10-09 14:15:49.160  1902 32470 I SmartPower: com.google.android.apps.nbu.files/10259(31269): idle->background(15011ms) R(backup start) adj=300.
10-09 14:15:49.160  1902 32470 D BackupManagerService: [UserID:0] awaiting agent for ApplicationInfo{6cf6aaa com.google.android.apps.nbu.files}
10-09 14:15:49.171  1902 23161 D BackupManagerService: [UserID:0] agentConnected pkg=com.google.android.apps.nbu.files agent=android.os.BinderProxy@8ad1a38
10-09 14:15:49.172  1902 32470 I BackupManagerService: [UserID:0] got agent android.app.IBackupAgent$Stub$Proxy@f016a11
10-09 14:15:49.173  1902 32470 D KeyValueBackupTask: Invoking agent on com.google.android.apps.nbu.files
10-09 14:15:49.228  1902 32470 I BackupRestoreController: Getting widget state for user: 0
10-09 14:15:49.233  1902 32470 D KeyValueBackupTask: Starting key-value backup of com.android.systemui
10-09 14:15:49.235  1902 22704 I SmartPower: com.google.process.gservices/10175(22048): idle->background(14382ms) R(content provider start ContentProviderRecord{15adf8b u0 com.google.android.gsf/.gservices.GservicesProvider}) adj=700.
10-09 14:15:49.236  1902 32470 D BackupManagerService: bindToAgentSynchronous, packageName:com.android.systemui uid:1000, userId:0
10-09 14:15:49.238  1902 32470 D BackupManagerService: [UserID:0] awaiting agent for ApplicationInfo{eefd25a com.android.systemui}
10-09 14:15:49.246  1902 23161 D BackupManagerService: [UserID:0] agentConnected pkg=com.android.systemui agent=android.os.BinderProxy@9b78168
10-09 14:15:49.247  1902 32470 I BackupManagerService: [UserID:0] got agent android.app.IBackupAgent$Stub$Proxy@afff981
10-09 14:15:49.247  1902 32470 D KeyValueBackupTask: Invoking agent on com.android.systemui
10-09 14:15:49.272  1902 32470 I BackupRestoreController: Getting widget state for user: 0
10-09 14:15:49.277  1902 32470 D KeyValueBackupTask: Starting key-value backup of com.google.android.apps.tachyon
10-09 14:15:49.280  1902 32470 D BackupManagerService: bindToAgentSynchronous, packageName:com.google.android.apps.tachyon uid:10234, userId:0
10-09 14:15:49.285  1902 32470 I SmartPower: com.google.android.apps.tachyon/10234(30966): idle->background(572ms) R(backup start) adj=300.
10-09 14:15:49.286  1902 32470 D BackupManagerService: [UserID:0] awaiting agent for ApplicationInfo{26b675 com.google.android.apps.tachyon}
10-09 14:15:49.291  1902  3984 D BackupManagerService: [UserID:0] agentConnected pkg=com.google.android.apps.tachyon agent=android.os.BinderProxy@d894e7b
10-09 14:15:49.292  1902 32470 I BackupManagerService: [UserID:0] got agent android.app.IBackupAgent$Stub$Proxy@7821498
10-09 14:15:49.292  1902 32470 D KeyValueBackupTask: Invoking agent on com.google.android.apps.tachyon
10-09 14:15:49.325  1902 32470 I BackupRestoreController: Getting widget state for user: 0
10-09 14:15:49.328  1902 32470 D KeyValueBackupTask: Starting key-value backup of com.google.android.accessibility.switchaccess
10-09 14:15:49.330  1902 32470 D BackupManagerService: bindToAgentSynchronous, packageName:com.google.android.accessibility.switchaccess uid:10331, userId:0
10-09 14:15:49.334  1902 32470 D CompatibilityChangeReporter: Compat change id reported: 135634846; UID 10331; state: DISABLED
10-09 14:15:49.334  1902 32470 D CompatibilityChangeReporter: Compat change id reported: 177438394; UID 10331; state: DISABLED
10-09 14:15:49.334  1902 32470 D CompatibilityChangeReporter: Compat change id reported: 135772972; UID 10331; state: DISABLED
10-09 14:15:49.334  1902 32470 D CompatibilityChangeReporter: Compat change id reported: 135754954; UID 10331; state: ENABLED
10-09 14:15:49.335  1902  1955 D CompatibilityChangeReporter: Compat change id reported: 143937733; UID 10331; state: ENABLED
10-09 14:15:49.338  1902 32470 D BackupManagerService: [UserID:0] awaiting agent for ApplicationInfo{6926474 com.google.android.accessibility.switchaccess}
10-09 14:15:49.356  1902  1955 I ActivityManager: Start proc 32542:com.google.android.accessibility.switchaccess/u0a331 for backup {com.google.android.accessibility.switchaccess/com.google.android.accessibility.switchaccess.backup.SwitchAccessBackupAgent} caller=Backup
10-09 14:15:49.368  1902  3984 W ProcessStats: Tracking association SourceState{aee5de3 com.google.android.gms/10175 BFgs #296213} whose proc state 4 is better than process ProcessState{a7be2f2 com.google.process.gapps/10175 pkg=com.google.android.gsf} proc state 13 (5405 skipped)
10-09 14:15:49.402  1902 22715 I SmartPower: com.google.android.accessibility.switchaccess/10331(32542): died->background(22007484ms) R(process start ) adj=-10000.
10-09 14:15:49.403  1902 22715 D CompatibilityChangeReporter: Compat change id reported: 168419799; UID 10331; state: DISABLED
10-09 14:15:49.403  1902 22715 D CompatibilityChangeReporter: Compat change id reported: 273564678; UID 10331; state: DISABLED
10-09 14:15:49.406  1902  2323 D CompatibilityChangeReporter: Compat change id reported: 265195908; UID 10331; state: ENABLED
10-09 14:15:49.426  1902 22704 D CompatibilityChangeReporter: Compat change id reported: 170503758; UID 10331; state: ENABLED
10-09 14:15:49.514  1902  3984 D CompatibilityChangeReporter: Compat change id reported: 161145287; UID 10076; state: ENABLED
10-09 14:15:49.523  1902 22715 I ActivityManager: Flag disabled. Ignoring finishAttachApplication from uid: 10331. pid: 32542
10-09 14:15:49.532  1902 22715 D BackupManagerService: [UserID:0] agentConnected pkg=com.google.android.accessibility.switchaccess agent=android.os.BinderProxy@93ad23c
10-09 14:15:49.532  1902 32470 I BackupManagerService: [UserID:0] got agent android.app.IBackupAgent$Stub$Proxy@81fbc5
10-09 14:15:49.533  1902 32470 D KeyValueBackupTask: Invoking agent on com.google.android.accessibility.switchaccess
10-09 14:15:49.552  1902 32470 I BackupRestoreController: Getting widget state for user: 0
10-09 14:15:49.555  1902 32470 D KeyValueBackupTask: Starting key-value backup of com.android.soundrecorder
10-09 14:15:49.556  1902 32470 D BackupManagerService: bindToAgentSynchronous, packageName:com.android.soundrecorder uid:10243, userId:0
10-09 14:15:49.559  1902 32470 D CompatibilityChangeReporter: Compat change id reported: 135634846; UID 10243; state: DISABLED
10-09 14:15:49.559  1902 32470 D CompatibilityChangeReporter: Compat change id reported: 177438394; UID 10243; state: DISABLED
10-09 14:15:49.559  1902 32470 D CompatibilityChangeReporter: Compat change id reported: 135772972; UID 10243; state: DISABLED
10-09 14:15:49.559  1902 32470 D CompatibilityChangeReporter: Compat change id reported: 135754954; UID 10243; state: ENABLED
10-09 14:15:49.560  1902  1955 D CompatibilityChangeReporter: Compat change id reported: 143937733; UID 10243; state: ENABLED
10-09 14:15:49.560  1902 32470 D BackupManagerService: [UserID:0] awaiting agent for ApplicationInfo{74e4240 com.android.soundrecorder}
10-09 14:15:49.584  1902  1955 I ActivityManager: Start proc 32562:com.android.soundrecorder/u0a243 for backup {com.android.soundrecorder/com.android.soundrecorder.backup.SoundRecorderBackupAgent} caller=Backup
10-09 14:15:49.592  1902  1947 D HeapUsage Monitor: HeapAllocSize : 80MB; monitorSize : 500MB
10-09 14:15:49.636  1902 22715 I SmartPower: com.android.soundrecorder/10243(32562): died->background(17661209ms) R(process start ) adj=-10000.
10-09 14:15:49.637  1902 22715 D CompatibilityChangeReporter: Compat change id reported: 168419799; UID 10243; state: DISABLED
10-09 14:15:49.637  1902 22715 D CompatibilityChangeReporter: Compat change id reported: 273564678; UID 10243; state: DISABLED
10-09 14:15:49.641  1902  2323 D CompatibilityChangeReporter: Compat change id reported: 265195908; UID 10243; state: ENABLED
10-09 14:15:49.659  1902 22715 D CompatibilityChangeReporter: Compat change id reported: 170503758; UID 10243; state: ENABLED
10-09 14:15:49.740  1902 22715 D ForceDarkAppConfigProvider: cloudConfigVersion: -1   localConfigVersion:20241111
10-09 14:15:49.740  1902 22715 I UiModeManager: systemserver package:com.android.soundrecorder null
10-09 14:15:49.755 32562 32562 D ActivityThread: Loading provider com.android.soundrecorder.provider: com.android.soundrecorder.provider.SpProvider
10-09 14:15:49.773 32562 32562 D MbrainDebugManagerImpl: getService failed
10-09 14:15:49.845  1902 22715 D CompatibilityChangeReporter: Compat change id reported: 261072174; UID 10243; state: ENABLED
10-09 14:15:49.853  1902 22715 D CompatibilityChangeReporter: Compat change id reported: 161145287; UID 10243; state: ENABLED
10-09 14:15:49.856  1902 22715 I ActivityManager: Flag disabled. Ignoring finishAttachApplication from uid: 10243. pid: 32562
10-09 14:15:49.878  1902 22715 D BackupManagerService: [UserID:0] agentConnected pkg=com.android.soundrecorder agent=android.os.BinderProxy@8945c2b
10-09 14:15:49.878  1902 32470 I BackupManagerService: [UserID:0] got agent android.app.IBackupAgent$Stub$Proxy@f828888
10-09 14:15:49.878  1902 32470 D KeyValueBackupTask: Invoking agent on com.android.soundrecorder
10-09 14:15:49.881 32562 32562 D FramePredict: FramePredict init: false
10-09 14:15:49.906  1902 22704 D CompatibilityChangeReporter: Compat change id reported: 135634846; UID 10243; state: DISABLED
10-09 14:15:49.907  1902 22704 D CompatibilityChangeReporter: Compat change id reported: 177438394; UID 10243; state: DISABLED
10-09 14:15:49.907  1902 22704 D CompatibilityChangeReporter: Compat change id reported: 135772972; UID 10243; state: DISABLED
10-09 14:15:49.907  1902 22704 D CompatibilityChangeReporter: Compat change id reported: 135754954; UID 10243; state: ENABLED
10-09 14:15:49.908  1902  1955 D CompatibilityChangeReporter: Compat change id reported: 143937733; UID 10243; state: ENABLED
10-09 14:15:49.929  1902 32470 I BackupRestoreController: Getting widget state for user: 0
10-09 14:15:49.937  1902  1955 I ActivityManager: Start proc 32600:com.android.soundrecorder:remote/u0a243 for service {com.android.soundrecorder/com.android.soundrecorder.RecorderService} caller=com.android.soundrecorder
10-09 14:15:49.982  1902 22715 I SmartPower: com.android.soundrecorder:remote/10243(32600): died->background(16302419ms) R(process start ) adj=-10000.
10-09 14:15:50.026  1902 22704 I SmartPower: com.android.vending/10184(8781): idle->background(12038ms) R(service unbind com.android.vending/com.google.android.finsky.developergroupidinfo.DeveloperGroupIdInfoService) adj=905.
10-09 14:15:50.075  1902 22704 D ForceDarkAppConfigProvider: cloudConfigVersion: -1   localConfigVersion:20241111
10-09 14:15:50.075  1902 22704 I UiModeManager: systemserver package:com.android.soundrecorder null
10-09 14:15:50.137  1902 22704 I ActivityManager: Flag disabled. Ignoring finishAttachApplication from uid: 10243. pid: 32600
10-09 14:15:51.593  1902 32470 D KeyValueBackupTask: Starting key-value backup of com.miui.screenrecorder
10-09 14:15:51.596  1902 32470 D BackupManagerService: bindToAgentSynchronous, packageName:com.miui.screenrecorder uid:1000, userId:0
10-09 14:15:51.601  1902 32470 D CompatibilityChangeReporter: Compat change id reported: 135634846; UID 1000; state: DISABLED
10-09 14:15:51.602  1902 32470 D CompatibilityChangeReporter: Compat change id reported: 177438394; UID 1000; state: DISABLED
10-09 14:15:51.602  1902 32470 D CompatibilityChangeReporter: Compat change id reported: 135772972; UID 1000; state: DISABLED
10-09 14:15:51.603  1902 32470 D CompatibilityChangeReporter: Compat change id reported: 135754954; UID 1000; state: ENABLED
10-09 14:15:51.604  1902 32470 D BackupManagerService: [UserID:0] awaiting agent for ApplicationInfo{10eb4f0 com.miui.screenrecorder}
10-09 14:15:51.638  1902  1955 I ActivityManager: Start proc 32644:com.miui.screenrecorder/1000 for backup {com.miui.screenrecorder/com.miui.screenrecorder.backup.ScreenRecorderBackupAgent} caller=Backup
10-09 14:15:51.693  1902 23161 I SmartPower: com.miui.screenrecorder/1000(32644): died->invisible(19650ms) R(process start ) adj=-10000.
10-09 14:15:51.696  1902 23161 D CompatibilityChangeReporter: Compat change id reported: 168419799; UID 1000; state: DISABLED
10-09 14:15:51.696  1902 23161 D CompatibilityChangeReporter: Compat change id reported: 273564678; UID 1000; state: DISABLED
10-09 14:15:51.836  1902  2775 I ActivityManager: Flag disabled. Ignoring finishAttachApplication from uid: 1000. pid: 32644
10-09 14:15:51.842  1902  2775 D BackupManagerService: [UserID:0] agentConnected pkg=com.miui.screenrecorder agent=android.os.BinderProxy@47fd84c
10-09 14:15:51.843  1902 32470 I BackupManagerService: [UserID:0] got agent android.app.IBackupAgent$Stub$Proxy@51e7095
10-09 14:15:51.843  1902 32470 D KeyValueBackupTask: Invoking agent on com.miui.screenrecorder
10-09 14:15:51.874  1902 32470 I BackupRestoreController: Getting widget state for user: 0
10-09 14:15:51.879  1902 32470 D KeyValueBackupTask: Starting key-value backup of com.miui.weather2
10-09 14:15:51.881  1902 32470 D BackupManagerService: bindToAgentSynchronous, packageName:com.miui.weather2 uid:10228, userId:0
10-09 14:15:51.885  1902 32470 D CompatibilityChangeReporter: Compat change id reported: 135634846; UID 10228; state: DISABLED
10-09 14:15:51.886  1902 32470 D CompatibilityChangeReporter: Compat change id reported: 177438394; UID 10228; state: DISABLED
10-09 14:15:51.886  1902 32470 D CompatibilityChangeReporter: Compat change id reported: 135772972; UID 10228; state: DISABLED
10-09 14:15:51.886  1902 32470 D CompatibilityChangeReporter: Compat change id reported: 135754954; UID 10228; state: ENABLED
10-09 14:15:51.887  1902  1955 D CompatibilityChangeReporter: Compat change id reported: 143937733; UID 10228; state: ENABLED
10-09 14:15:51.887  1902 32470 D BackupManagerService: [UserID:0] awaiting agent for ApplicationInfo{f4b4149 com.miui.weather2}
10-09 14:15:51.917  1902  1955 I ActivityManager: Start proc 32664:com.miui.weather2/u0a228 for backup {com.miui.weather2/com.miui.weather2.backup.local.WeatherBackupAgent} caller=Backup
10-09 14:15:51.963  1902  3984 I SmartPower: com.miui.weather2/10228(32664): died->background(20731ms) R(process start ) adj=-10000.
10-09 14:15:51.965  1902  3984 D CompatibilityChangeReporter: Compat change id reported: 168419799; UID 10228; state: DISABLED
10-09 14:15:51.965  1902  3984 D CompatibilityChangeReporter: Compat change id reported: 273564678; UID 10228; state: DISABLED
10-09 14:15:51.969  1902  2323 D CompatibilityChangeReporter: Compat change id reported: 265195908; UID 10228; state: ENABLED
10-09 14:15:51.988  1902  3984 D CompatibilityChangeReporter: Compat change id reported: 170503758; UID 10228; state: ENABLED
10-09 14:15:52.058 13000 13311 W BpBinder: Slow Binder: BpBinder transact took 271 ms, interface=com.google.android.auth.IAuthManagerService, code=5 oneway=false
10-09 14:15:52.132  1902 22715 I ActivityManager: Flag disabled. Ignoring finishAttachApplication from uid: 10228. pid: 32664
10-09 14:15:52.141  1902 22715 D BackupManagerService: [UserID:0] agentConnected pkg=com.miui.weather2 agent=android.os.BinderProxy@d153567
10-09 14:15:52.142  1902 32470 I BackupManagerService: [UserID:0] got agent android.app.IBackupAgent$Stub$Proxy@cf74f14
10-09 14:15:52.142  1902 32470 D KeyValueBackupTask: Invoking agent on com.miui.weather2
10-09 14:15:52.145  1902  2620 I SmartPower: com.google.android.apps.photos/10205(25965): background->idle(5234ms) R(remove from whitelist) adj=500.
10-09 14:15:52.146  1902  2620 I SmartPower: com.google.android.apps.photos:mediametadataservice/10205(31682): background->idle(5234ms) R(remove from whitelist) adj=905.
10-09 14:15:52.163  1902 32470 I BackupRestoreController: Getting widget state for user: 0
10-09 14:15:52.168  1902 32470 D KeyValueBackupTask: Starting key-value backup of com.google.android.apps.turbo
10-09 14:15:52.169  1902 32470 D BackupManagerService: bindToAgentSynchronous, packageName:com.google.android.apps.turbo uid:10180, userId:0
10-09 14:15:52.172  1902 32470 D CompatibilityChangeReporter: Compat change id reported: 135634846; UID 10180; state: DISABLED
10-09 14:15:52.173  1902 32470 D CompatibilityChangeReporter: Compat change id reported: 177438394; UID 10180; state: DISABLED
10-09 14:15:52.173  1902 32470 D CompatibilityChangeReporter: Compat change id reported: 135772972; UID 10180; state: DISABLED
10-09 14:15:52.173  1902 32470 D CompatibilityChangeReporter: Compat change id reported: 135754954; UID 10180; state: ENABLED
10-09 14:15:52.174  1902  1955 D CompatibilityChangeReporter: Compat change id reported: 143937733; UID 10180; state: ENABLED
10-09 14:15:52.174  1902 32470 D BackupManagerService: [UserID:0] awaiting agent for ApplicationInfo{4d2a798 com.google.android.apps.turbo}
10-09 14:15:52.195  1902  1955 I ActivityManager: Start proc 32685:com.google.android.apps.turbo/u0a180 for backup {com.google.android.apps.turbo/com.google.android.libraries.smartbattery.brightness.backup.SSBBackupAgent} caller=Backup
10-09 14:15:52.232  1902  2620 I SmartPower: com.google.android.apps.nbu.files/10259(31269): background->idle(3072ms) R(remove from whitelist) adj=915.
10-09 14:15:52.236  1902  2620 I SmartPower: com.google.process.gservices/10175(22048): background->idle(3001ms) R(content provider start ContentProviderRecord{15adf8b u0 com.google.android.gsf/.gservices.GservicesProvider}) adj=300.
