10-10 02:00:02.207  1902  2336 W BpBinder: Slow Binder: BpBinder transact took 715 ms, interface=android.system.suspend.ISystemSuspend, code=1 oneway=false
10-10 02:00:02.216  1902  2336 D AlarmManager: mBroadcastRefCount -> 2
10-10 02:00:02.236  1902  2336 D AlarmManager: mBroadcastRefCount -> 3
10-10 02:00:02.239  1902  1902 D AlarmManager: mBroadcastRefCount -> 2
10-10 02:00:02.239  1902  1902 D AlarmManager: mPendingIntent -> null
10-10 02:00:02.242  1902  1902 W Looper  : Slow dispatch took 753ms main h=com.android.server.alarm.AlarmManagerService$AlarmHandler c=com.android.server.alarm.AlarmManagerService$3$$ExternalSyntheticLambda0@c31375e m=0
10-10 02:00:02.243  1902  1902 W Looper  : Slow delivery took 752ms main h=com.android.server.power.Notifier$NotifierHandler c=null m=7
10-10 02:00:02.244  1902  1902 D AlarmManager: mBroadcastRefCount -> 1
10-10 02:00:02.244  1902  1902 D AlarmManager: mPendingIntent -> PendingIntent{dddd89a: PendingIntentRecord{9055cb com.miui.powerkeeper startService}}
10-10 02:00:02.244  1902  1902 W Looper  : Drained
10-10 02:00:02.252  1902  1902 D AlarmManager: mBroadcastRefCount -> 0
10-10 02:00:02.252  1902  1902 D AlarmManager: mPendingIntent -> PendingIntent{4d6580c: PendingIntentRecord{35f5555 com.android.settings broadcastIntent}}
10-10 02:00:02.386  1902  2620 I SmartPower: com.microsoft.teams/10321(3572): background->idle(3002ms) R(broadcast start Intent { act=android.intent.action.BATTERY_CHANGED flg=0x60000010 (has extras) }) adj=905.
10-10 02:00:02.387  1902  2620 I SmartPower: com.xiaomi.discover/10128(11400): background->idle(3001ms) R(broadcast start Intent { act=android.intent.action.BATTERY_CHANGED flg=0x60000010 (has extras) }) adj=905.
10-10 02:00:02.388  1902  2620 I SmartPower: com.android.chrome/10190(9035): background->idle(3002ms) R(broadcast start Intent { act=android.intent.action.BATTERY_CHANGED flg=0x60000010 (has extras) }) adj=900.
10-10 02:00:02.473  1230  1299 W BpBinder: Slow Binder: BpBinder transact took 235 ms, interface=com.android.internal.app.IBatteryStats, code=22 oneway=false
10-10 02:00:34.492  1902  2336 D AlarmManager: mBroadcastRefCount -> 1
10-10 02:00:34.510  1902  1902 D AlarmManager: mBroadcastRefCount -> 0
10-10 02:00:34.510  1902  1902 D AlarmManager: mPendingIntent -> PendingIntent{915385b: PendingIntentRecord{2704388 com.miui.securitycenter startService}}
10-10 02:00:34.556  1902  1902 D UiModeManager: updateConfigurationLocked: mDockState=0; mCarMode=false; mCar=false; mPowerSave=false; mOverrideNightModeOn=false; mOverrideNightModeOff=false; mComputedNightMode=false; mNightMode=1; uiMode=17
10-10 02:00:34.578  1902  1937 D Persistence: writeHistoricalOpsDLocked 6 ms.
10-10 02:00:34.626  1902  1937 D Persistence: writeHistoricalOpsDLocked 16 ms.
10-10 02:00:34.640  1902  1902 D UiModeManager: updateConfigurationLocked: mDockState=0; mCarMode=false; mCar=false; mPowerSave=false; mOverrideNightModeOn=false; mOverrideNightModeOff=false; mComputedNightMode=false; mNightMode=1; uiMode=17
10-10 02:00:50.808  1902  1902 D UiModeManager: updateConfigurationLocked: mDockState=0; mCarMode=false; mCar=false; mPowerSave=false; mOverrideNightModeOn=false; mOverrideNightModeOff=false; mComputedNightMode=false; mNightMode=1; uiMode=17
10-10 02:00:51.292  1902  1954 I SmartPower: com.microsoft.teams/10321(3572): idle->background(2159ms) R(broadcast start Intent { act=android.intent.action.BATTERY_CHANGED flg=0x60000010 (has extras) }) adj=905.
10-10 02:00:51.294  1902  1954 I SmartPower: com.xiaomi.discover/10128(11400): idle->background(2160ms) R(broadcast start Intent { act=android.intent.action.BATTERY_CHANGED flg=0x60000010 (has extras) }) adj=905.
10-10 02:00:51.295  1902  1954 I SmartPower: com.android.chrome/10190(9035): idle->background(2159ms) R(broadcast start Intent { act=android.intent.action.BATTERY_CHANGED flg=0x60000010 (has extras) }) adj=900.
10-10 02:01:13.561  1902  1902 D UiModeManager: updateConfigurationLocked: mDockState=0; mCarMode=false; mCar=false; mPowerSave=false; mOverrideNightModeOn=false; mOverrideNightModeOff=false; mComputedNightMode=false; mNightMode=1; uiMode=17
10-10 02:01:24.568  1902  1902 D UiModeManager: updateConfigurationLocked: mDockState=0; mCarMode=false; mCar=false; mPowerSave=false; mOverrideNightModeOn=false; mOverrideNightModeOff=false; mComputedNightMode=false; mNightMode=1; uiMode=17
10-10 02:01:24.736  1902  1902 D UiModeManager: updateConfigurationLocked: mDockState=0; mCarMode=false; mCar=false; mPowerSave=false; mOverrideNightModeOn=false; mOverrideNightModeOff=false; mComputedNightMode=false; mNightMode=1; uiMode=17
10-10 02:04:39.756  1902  1902 D UiModeManager: updateConfigurationLocked: mDockState=0; mCarMode=false; mCar=false; mPowerSave=false; mOverrideNightModeOn=false; mOverrideNightModeOff=false; mComputedNightMode=false; mNightMode=1; uiMode=17
10-10 02:05:30.465  1902  2336 D AlarmManager: mBroadcastRefCount -> 1
10-10 02:05:30.498  1902  2336 D AlarmManager: mBroadcastRefCount -> 2
10-10 02:05:30.505  1902  2336 W ProcessStats: Tracking association SourceState{c218a0c com.xiaomi.mirror/1000 Fgs #317360} whose proc state 3 is better than process ProcessState{d2a9cfb com.miui.powerkeeper/1000 pkg=com.miui.powerkeeper} proc state 4 (30 skipped)
10-10 02:05:30.506  1902  2336 D AlarmManager: mBroadcastRefCount -> 3
10-10 02:05:30.514  1902  2336 D AlarmManager: mBroadcastRefCount -> 4
10-10 02:05:30.517  1902  1902 D AlarmManager: mBroadcastRefCount -> 3
10-10 02:05:30.517  1902  1902 D AlarmManager: mPendingIntent -> null
10-10 02:05:30.521  1902  1902 D AlarmManager: mBroadcastRefCount -> 2
10-10 02:05:30.521  1902  1902 D AlarmManager: mPendingIntent -> PendingIntent{dddd89a: PendingIntentRecord{9055cb com.miui.powerkeeper startService}}
10-10 02:05:30.521  1902  1902 D AlarmManager: mBroadcastRefCount -> 1
10-10 02:05:30.521  1902  1902 D AlarmManager: mPendingIntent -> PendingIntent{850ee4b: PendingIntentRecord{c249f82 com.miui.securitycenter startService}}
10-10 02:05:30.526  1902  1902 D AlarmManager: mBroadcastRefCount -> 0
10-10 02:05:30.526  1902  1902 D AlarmManager: mPendingIntent -> PendingIntent{c128028: PendingIntentRecord{1971a6d com.xiaomi.xmsf broadcastIntent}}
10-10 02:05:30.805  1902  2620 I SmartPower: com.microsoft.teams/10321(3572): background->idle(3002ms) R(broadcast start Intent { act=android.intent.action.BATTERY_CHANGED flg=0x60000010 (has extras) }) adj=905.
10-10 02:05:30.805  1902  2620 I SmartPower: com.xiaomi.discover/10128(11400): background->idle(3001ms) R(broadcast start Intent { act=android.intent.action.BATTERY_CHANGED flg=0x60000010 (has extras) }) adj=905.
10-10 02:05:30.805  1902  2620 I SmartPower: com.android.chrome/10190(9035): background->idle(3001ms) R(broadcast start Intent { act=android.intent.action.BATTERY_CHANGED flg=0x60000010 (has extras) }) adj=900.
10-10 02:05:31.177  1902  2667 W ActivityManager: Killing processes WifiCloudSync at adjustment 900
10-10 02:05:31.178  1902  1954 I ActivityManager: Killing 21653:com.android.settings:remote/1000 (adj 905): WifiCloudSync
10-10 02:05:31.212  1902  2611 E ProcessManager: error write exception log
10-10 02:06:12.571  1902  1947 D HeapUsage Monitor: HeapAllocSize : 94MB; monitorSize : 500MB
10-10 02:08:18.873  1902  1902 D UiModeManager: updateConfigurationLocked: mDockState=0; mCarMode=false; mCar=false; mPowerSave=false; mOverrideNightModeOn=false; mOverrideNightModeOff=false; mComputedNightMode=false; mNightMode=1; uiMode=17
10-10 02:11:23.472  1902  1954 I SmartPower: com.microsoft.teams/10321(3572): idle->background(3621ms) R(broadcast start Intent { act=android.intent.action.BATTERY_CHANGED flg=0x60000010 (has extras) }) adj=905.
10-10 02:11:23.474  1902  1954 I SmartPower: com.xiaomi.discover/10128(11400): idle->background(3623ms) R(broadcast start Intent { act=android.intent.action.BATTERY_CHANGED flg=0x60000010 (has extras) }) adj=905.
10-10 02:11:23.475  1902  1954 I SmartPower: com.android.chrome/10190(9035): idle->background(3623ms) R(broadcast start Intent { act=android.intent.action.BATTERY_CHANGED flg=0x60000010 (has extras) }) adj=900.
10-10 02:11:23.540  1902  1902 D UiModeManager: updateConfigurationLocked: mDockState=0; mCarMode=false; mCar=false; mPowerSave=false; mOverrideNightModeOn=false; mOverrideNightModeOff=false; mComputedNightMode=false; mNightMode=1; uiMode=17
10-10 02:12:01.017  1902  1902 D UiModeManager: updateConfigurationLocked: mDockState=0; mCarMode=false; mCar=false; mPowerSave=false; mOverrideNightModeOn=false; mOverrideNightModeOff=false; mComputedNightMode=false; mNightMode=1; uiMode=17
10-10 02:14:50.627  1902  1917 I SmartPower: com.google.android.apps.messaging/10181(28276): idle->background(42657ms) R(content provider start ContentProviderRecord{f329b53 u0 com.google.android.apps.messaging/.shared.datamodel.provider.sharedstorage.SharedStorageProvider}) adj=200.
10-10 02:14:50.697  1902  1902 D UiModeManager: updateConfigurationLocked: mDockState=0; mCarMode=false; mCar=false; mPowerSave=false; mOverrideNightModeOn=false; mOverrideNightModeOff=false; mComputedNightMode=false; mNightMode=1; uiMode=17
10-10 02:15:30.492  1902  2336 D AlarmManager: mBroadcastRefCount -> 1
10-10 02:15:30.696  1902  2336 W BpBinder: Slow Binder: BpBinder transact took 203 ms, interface=android.system.suspend.ISystemSuspend, code=1 oneway=false
10-10 02:15:30.698  1902  2336 D AlarmManager: mBroadcastRefCount -> 2
10-10 02:15:30.699  1902  2336 D AlarmManager: mBroadcastRefCount -> 3
10-10 02:15:30.702  1902  2336 D AlarmManager: mBroadcastRefCount -> 4
10-10 02:15:30.714  1902  2336 D AlarmManager: mBroadcastRefCount -> 5
10-10 02:15:30.716  1902  1902 D AlarmManager: mBroadcastRefCount -> 4
10-10 02:15:30.716  1902  1902 D AlarmManager: mPendingIntent -> null
10-10 02:15:30.716  1902  1902 W Looper  : Slow dispatch took 225ms main h=com.android.server.alarm.AlarmManagerService$AlarmHandler c=com.android.server.alarm.AlarmManagerService$3$$ExternalSyntheticLambda0@5ad77a3 m=0
10-10 02:15:30.716  1902  1902 W Looper  : Slow delivery took 224ms main h=com.android.server.power.Notifier$NotifierHandler c=null m=7
10-10 02:15:30.727  1902  1902 D AlarmManager: mBroadcastRefCount -> 3
10-10 02:15:30.727  1902  1902 D AlarmManager: mPendingIntent -> null
10-10 02:15:30.730  1902  1902 D AlarmManager: mBroadcastRefCount -> 2
10-10 02:15:30.730  1902  1902 D AlarmManager: mPendingIntent -> PendingIntent{dddd89a: PendingIntentRecord{9055cb com.miui.powerkeeper startService}}
10-10 02:15:30.733  1902  1902 W Looper  : Drained
10-10 02:15:30.733  1902  1902 D AlarmManager: mBroadcastRefCount -> 1
10-10 02:15:30.733  1902  1902 D AlarmManager: mPendingIntent -> PendingIntent{91c721e: PendingIntentRecord{1971a6d com.xiaomi.xmsf broadcastIntent}}
10-10 02:15:30.745  1902  1902 D AlarmManager: mBroadcastRefCount -> 0
10-10 02:15:30.747  1902  1902 D AlarmManager: mPendingIntent -> PendingIntent{fffd57e: PendingIntentRecord{6e7adf android broadcastIntent}}
10-10 02:15:30.754  1902  1902 D UiModeManager: updateConfigurationLocked: mDockState=0; mCarMode=false; mCar=false; mPowerSave=false; mOverrideNightModeOn=false; mOverrideNightModeOff=false; mComputedNightMode=false; mNightMode=1; uiMode=17
10-10 02:15:30.882  1902  2620 I SmartPower: com.microsoft.teams/10321(3572): background->idle(3004ms) R(broadcast start Intent { act=android.intent.action.BATTERY_CHANGED flg=0x60000010 (has extras) }) adj=905.
10-10 02:15:30.883  1902  2620 I SmartPower: com.xiaomi.discover/10128(11400): background->idle(3003ms) R(broadcast start Intent { act=android.intent.action.BATTERY_CHANGED flg=0x60000010 (has extras) }) adj=905.
10-10 02:15:30.883  1902  2620 I SmartPower: com.android.chrome/10190(9035): background->idle(3002ms) R(broadcast start Intent { act=android.intent.action.BATTERY_CHANGED flg=0x60000010 (has extras) }) adj=900.
10-10 02:15:37.645  1902  1902 D UiModeManager: updateConfigurationLocked: mDockState=0; mCarMode=false; mCar=false; mPowerSave=false; mOverrideNightModeOn=false; mOverrideNightModeOff=false; mComputedNightMode=false; mNightMode=1; uiMode=17
10-10 02:19:10.468  1902  2336 D AlarmManager: mBroadcastRefCount -> 1
10-10 02:19:10.503  1902  2336 D AlarmManager: mBroadcastRefCount -> 2
10-10 02:19:10.506  1902  1902 D AlarmManager: mBroadcastRefCount -> 1
10-10 02:19:10.506  1902  1902 D AlarmManager: mPendingIntent -> null
10-10 02:19:10.548  1902  1902 D AlarmManager: mBroadcastRefCount -> 0
10-10 02:19:10.549  1902  1902 D AlarmManager: mPendingIntent -> PendingIntent{f715791: PendingIntentRecord{e930ce2 com.android.systemui broadcastIntent}}
10-10 02:19:10.558  1902  1902 D UiModeManager: updateConfigurationLocked: mDockState=0; mCarMode=false; mCar=false; mPowerSave=false; mOverrideNightModeOn=false; mOverrideNightModeOff=false; mComputedNightMode=false; mNightMode=1; uiMode=17
10-10 02:19:17.009  1902  2620 I SmartPower: com.google.android.apps.messaging/10181(28276): background->idle(3026ms) R(content provider start ContentProviderRecord{f329b53 u0 com.google.android.apps.messaging/.shared.datamodel.provider.sharedstorage.SharedStorageProvider}) adj=200.
10-10 02:21:20.543  1902  1902 D UiModeManager: updateConfigurationLocked: mDockState=0; mCarMode=false; mCar=false; mPowerSave=false; mOverrideNightModeOn=false; mOverrideNightModeOff=false; mComputedNightMode=false; mNightMode=1; uiMode=17
10-10 02:21:24.550  1902  1954 I SmartPower: com.microsoft.teams/10321(3572): idle->background(3319ms) R(broadcast start Intent { act=android.intent.action.BATTERY_CHANGED flg=0x60000010 (has extras) }) adj=905.
10-10 02:21:24.551  1902  1954 I SmartPower: com.xiaomi.discover/10128(11400): idle->background(3319ms) R(broadcast start Intent { act=android.intent.action.BATTERY_CHANGED flg=0x60000010 (has extras) }) adj=905.
10-10 02:21:24.553  1902  1954 I SmartPower: com.android.chrome/10190(9035): idle->background(3321ms) R(broadcast start Intent { act=android.intent.action.BATTERY_CHANGED flg=0x60000010 (has extras) }) adj=900.
10-10 02:21:56.118  1902 23179 I SmartPower: com.google.process.gservices/10175(22048): idle->background(111192ms) R(content provider start ContentProviderRecord{15adf8b u0 com.google.android.gsf/.gservices.GservicesProvider}) adj=915.
10-10 02:25:30.473  1902  2336 D AlarmManager: mBroadcastRefCount -> 1
10-10 02:25:30.500  1902  2336 D AlarmManager: mBroadcastRefCount -> 2
10-10 02:25:30.512  1902  2336 W ProcessStats: Tracking association SourceState{c218a0c com.xiaomi.mirror/1000 Fgs #317391} whose proc state 3 is better than process ProcessState{d2a9cfb com.miui.powerkeeper/1000 pkg=com.miui.powerkeeper} proc state 4 (41 skipped)
10-10 02:25:30.515  1902  2336 D AlarmManager: mBroadcastRefCount -> 3
10-10 02:25:30.525  1902  2336 D AlarmManager: mBroadcastRefCount -> 4
10-10 02:25:30.528  1902  1902 D AlarmManager: mBroadcastRefCount -> 3
10-10 02:25:30.528  1902  1902 D AlarmManager: mPendingIntent -> null
10-10 02:25:30.530  1902  1902 D AlarmManager: mBroadcastRefCount -> 2
10-10 02:25:30.530  1902  1902 D AlarmManager: mPendingIntent -> PendingIntent{dddd89a: PendingIntentRecord{9055cb com.miui.powerkeeper startService}}
10-10 02:25:30.531  1902  1902 D AlarmManager: mBroadcastRefCount -> 1
10-10 02:25:30.531  1902  1902 D AlarmManager: mPendingIntent -> PendingIntent{752d9da: PendingIntentRecord{c249f82 com.miui.securitycenter startService}}
10-10 02:25:30.535  1902  1902 D AlarmManager: mBroadcastRefCount -> 0
10-10 02:25:30.535  1902  1902 D AlarmManager: mPendingIntent -> PendingIntent{5435e0b: PendingIntentRecord{1971a6d com.xiaomi.xmsf broadcastIntent}}
10-10 02:25:30.551  1902  1937 D Persistence: writeHistoricalOpsDLocked 3 ms.
10-10 02:25:30.556  1902  1902 D UiModeManager: updateConfigurationLocked: mDockState=0; mCarMode=false; mCar=false; mPowerSave=false; mOverrideNightModeOn=false; mOverrideNightModeOff=false; mComputedNightMode=false; mNightMode=1; uiMode=17
10-10 02:25:30.562  1902  1937 D Persistence: writeHistoricalOpsDLocked 5 ms.
10-10 02:26:17.923  1902  2620 I SmartPower: com.microsoft.teams/10321(3572): background->idle(3038ms) R(broadcast start Intent { act=android.intent.action.BATTERY_CHANGED flg=0x60000010 (has extras) }) adj=905.
10-10 02:26:17.923  1902  2620 I SmartPower: com.xiaomi.discover/10128(11400): background->idle(3038ms) R(broadcast start Intent { act=android.intent.action.BATTERY_CHANGED flg=0x60000010 (has extras) }) adj=905.
10-10 02:26:17.924  1902  2620 I SmartPower: com.android.chrome/10190(9035): background->idle(3037ms) R(broadcast start Intent { act=android.intent.action.BATTERY_CHANGED flg=0x60000010 (has extras) }) adj=900.
10-10 02:26:18.003  1902  1902 D UiModeManager: updateConfigurationLocked: mDockState=0; mCarMode=false; mCar=false; mPowerSave=false; mOverrideNightModeOn=false; mOverrideNightModeOff=false; mComputedNightMode=false; mNightMode=1; uiMode=17
10-10 02:26:18.058  1902  1902 D UiModeManager: updateConfigurationLocked: mDockState=0; mCarMode=false; mCar=false; mPowerSave=false; mOverrideNightModeOn=false; mOverrideNightModeOff=false; mComputedNightMode=false; mNightMode=1; uiMode=17
10-10 02:26:30.182  1902  2620 I SmartPower: com.google.process.gservices/10175(22048): background->idle(3002ms) R(content provider start ContentProviderRecord{15adf8b u0 com.google.android.gsf/.gservices.GservicesProvider}) adj=915.
10-10 02:30:25.698  1902  1902 W Looper  : Slow dispatch took 110ms main h=android.app.ActivityThread$H c=android.app.LoadedApk$ReceiverDispatcher$Args$$ExternalSyntheticLambda0@164d4df m=0
10-10 02:30:25.700  1902  1902 D UiModeManager: updateConfigurationLocked: mDockState=0; mCarMode=false; mCar=false; mPowerSave=false; mOverrideNightModeOn=false; mOverrideNightModeOff=false; mComputedNightMode=false; mNightMode=1; uiMode=17
10-10 02:31:24.472  1902  1954 I SmartPower: com.microsoft.teams/10321(3572): idle->background(4599ms) R(broadcast start Intent { act=android.intent.action.BATTERY_CHANGED flg=0x60000010 (has extras) }) adj=905.
10-10 02:31:24.474  1902  1954 I SmartPower: com.xiaomi.discover/10128(11400): idle->background(4600ms) R(broadcast start Intent { act=android.intent.action.BATTERY_CHANGED flg=0x60000010 (has extras) }) adj=905.
10-10 02:31:24.475  1902  1954 I SmartPower: com.android.chrome/10190(9035): idle->background(4600ms) R(broadcast start Intent { act=android.intent.action.BATTERY_CHANGED flg=0x60000010 (has extras) }) adj=900.
10-10 02:31:24.551  1902  1902 D UiModeManager: updateConfigurationLocked: mDockState=0; mCarMode=false; mCar=false; mPowerSave=false; mOverrideNightModeOn=false; mOverrideNightModeOff=false; mComputedNightMode=false; mNightMode=1; uiMode=17
10-10 02:34:04.110  1902  1902 D UiModeManager: updateConfigurationLocked: mDockState=0; mCarMode=false; mCar=false; mPowerSave=false; mOverrideNightModeOn=false; mOverrideNightModeOff=false; mComputedNightMode=false; mNightMode=1; uiMode=17
10-10 02:34:05.810  1902  2620 I SmartPower: com.microsoft.teams/10321(3572): background->idle(3002ms) R(broadcast start Intent { act=android.intent.action.BATTERY_CHANGED flg=0x60000010 (has extras) }) adj=905.
10-10 02:34:05.812  1902  2620 I SmartPower: com.xiaomi.discover/10128(11400): background->idle(3002ms) R(broadcast start Intent { act=android.intent.action.BATTERY_CHANGED flg=0x60000010 (has extras) }) adj=905.
10-10 02:34:05.813  1902  2620 I SmartPower: com.android.chrome/10190(9035): background->idle(3001ms) R(broadcast start Intent { act=android.intent.action.BATTERY_CHANGED flg=0x60000010 (has extras) }) adj=900.
10-10 02:34:42.563  1902  1902 D UiModeManager: updateConfigurationLocked: mDockState=0; mCarMode=false; mCar=false; mPowerSave=false; mOverrideNightModeOn=false; mOverrideNightModeOff=false; mComputedNightMode=false; mNightMode=1; uiMode=17
10-10 02:35:30.494  1902  2336 D AlarmManager: mBroadcastRefCount -> 1
10-10 02:35:30.697  1902  2336 W BpBinder: Slow Binder: BpBinder transact took 202 ms, interface=android.system.suspend.ISystemSuspend, code=1 oneway=false
10-10 02:35:30.699  1902  2336 D AlarmManager: mBroadcastRefCount -> 2
10-10 02:35:30.702  1902  2336 D AlarmManager: mBroadcastRefCount -> 3
10-10 02:35:30.710  1902  2336 D AlarmManager: mBroadcastRefCount -> 4
10-10 02:35:30.714  1902  1902 D AlarmManager: mBroadcastRefCount -> 3
10-10 02:35:30.714  1902  1902 D AlarmManager: mPendingIntent -> null
10-10 02:35:30.715  1902  1902 W Looper  : Slow dispatch took 220ms main h=com.android.server.alarm.AlarmManagerService$AlarmHandler c=com.android.server.alarm.AlarmManagerService$3$$ExternalSyntheticLambda0@a3e9c2e m=0
10-10 02:35:30.715  1902  1902 W Looper  : Slow delivery took 220ms main h=com.android.server.power.Notifier$NotifierHandler c=null m=7
10-10 02:35:30.744  1902  2336 D AlarmManager: mBroadcastRefCount -> 4
10-10 02:35:30.753  1902  2336 D AlarmManager: mBroadcastRefCount -> 5
10-10 02:35:30.756  1902 22704 I SmartPower: com.miui.home/10085(3001): idle->background(73484ms) R(content provider start ContentProviderRecord{e32c05d u0 com.miui.home/.launcher.LauncherProvider}) adj=0.
10-10 02:35:30.777  1902  1902 D AlarmManager: mBroadcastRefCount -> 4
10-10 02:35:30.777  1902  1902 D AlarmManager: mPendingIntent -> null
10-10 02:35:30.777  1902  1902 D AlarmManager: mBroadcastRefCount -> 3
10-10 02:35:30.777  1902  1902 D AlarmManager: mPendingIntent -> PendingIntent{dddd89a: PendingIntentRecord{9055cb com.miui.powerkeeper startService}}
10-10 02:35:30.779  1902  1902 D AlarmManager: mBroadcastRefCount -> 2
10-10 02:35:30.779  1902  1902 D AlarmManager: mPendingIntent -> PendingIntent{fa48f36: PendingIntentRecord{c1fbc44 com.miui.msa.global startService}}
10-10 02:35:30.780  1902  1902 D AlarmManager: mBroadcastRefCount -> 1
10-10 02:35:30.780  1902  1902 D AlarmManager: mPendingIntent -> PendingIntent{49189ab: PendingIntentRecord{f2be808 com.miui.msa.global startService}}
10-10 02:35:30.791  1902  1902 W Looper  : Drained
10-10 02:35:30.792  1902  1902 D UiModeManager: updateConfigurationLocked: mDockState=0; mCarMode=false; mCar=false; mPowerSave=false; mOverrideNightModeOn=false; mOverrideNightModeOff=false; mComputedNightMode=false; mNightMode=1; uiMode=17
10-10 02:35:30.795  1902  1902 D AlarmManager: mBroadcastRefCount -> 0
10-10 02:35:30.795  1902  1902 D AlarmManager: mPendingIntent -> PendingIntent{8d48753: PendingIntentRecord{1971a6d com.xiaomi.xmsf broadcastIntent}}
10-10 02:36:51.739 29223 29399 I Ad      : isPersonalizedAdEnabled getAdSettings: 3
10-10 02:36:51.924  1902  1954 I SmartPower: com.google.android.gms/10175(15068): idle->background(79257ms) R(broadcast start Intent { act=com.google.android.libraries.storage.protostore.SIGNAL_ACTION dat=android://com.google.android.gms/... flg=0x10000010 pkg=com.google.android.gms }) adj=600.
10-10 02:36:57.708  1902  1902 D UiModeManager: updateConfigurationLocked: mDockState=0; mCarMode=false; mCar=false; mPowerSave=false; mOverrideNightModeOn=false; mOverrideNightModeOff=false; mComputedNightMode=false; mNightMode=1; uiMode=17
10-10 02:37:06.491  1902  2336 D AlarmManager: mBroadcastRefCount -> 1
10-10 02:37:06.505  1902  1954 I SmartPower: com.microsoft.teams/10321(3572): idle->background(3925ms) R(broadcast start Intent { act=android.intent.action.BATTERY_CHANGED flg=0x60000010 (has extras) }) adj=905.
10-10 02:37:06.507  1902  1954 I SmartPower: com.xiaomi.discover/10128(11400): idle->background(3925ms) R(broadcast start Intent { act=android.intent.action.BATTERY_CHANGED flg=0x60000010 (has extras) }) adj=905.
10-10 02:37:06.509  1902  1954 I SmartPower: com.android.chrome/10190(9035): idle->background(3927ms) R(broadcast start Intent { act=android.intent.action.BATTERY_CHANGED flg=0x60000010 (has extras) }) adj=900.
10-10 02:37:06.645  1902  2620 I SmartPower: com.miui.home/10085(3001): background->idle(3001ms) R(content provider start ContentProviderRecord{e32c05d u0 com.miui.home/.launcher.LauncherProvider}) adj=100.
10-10 02:37:06.698  1902  2336 W BpBinder: Slow Binder: BpBinder transact took 204 ms, interface=android.system.suspend.ISystemSuspend, code=1 oneway=false
10-10 02:37:06.702  1902  2336 D AlarmManager: mBroadcastRefCount -> 2
10-10 02:37:06.702  1902  2336 D AlarmManager: mBroadcastRefCount -> 3
10-10 02:37:06.706  1902  2336 D AlarmManager: mBroadcastRefCount -> 4
10-10 02:37:06.708  1902  2336 D AlarmManager: mBroadcastRefCount -> 5
10-10 02:37:06.711  1902  1902 D AlarmManager: mBroadcastRefCount -> 4
10-10 02:37:06.711  1902  1902 D AlarmManager: mPendingIntent -> null
10-10 02:37:06.711  1902  1902 W Looper  : Slow dispatch took 222ms main h=com.android.server.alarm.AlarmManagerService$AlarmHandler c=com.android.server.alarm.AlarmManagerService$3$$ExternalSyntheticLambda0@e5b5cc1 m=0
10-10 02:37:06.711  1902  1902 W Looper  : Slow delivery took 219ms main h=com.android.server.power.Notifier$NotifierHandler c=null m=7
10-10 02:37:06.711  1902  2640 D AlarmManager: mBroadcastRefCount -> 3
10-10 02:37:06.711  1902  2640 D AlarmManager: mPendingIntent -> null
10-10 02:37:06.721  1902  1954 W ProcessStats: Tracking association SourceState{c218a0c com.xiaomi.mirror/1000 Fgs #317440} whose proc state 3 is better than process ProcessState{d2a9cfb com.miui.powerkeeper/1000 pkg=com.miui.powerkeeper} proc state 4 (38 skipped)
10-10 02:37:06.723  1902  2338 D AlarmManager: mBroadcastRefCount -> 2
10-10 02:37:06.723  1902  2338 D AlarmManager: mPendingIntent -> null
10-10 02:37:06.729  1902  1950 D DisplayPortEventStatist: reportDisplayPortEventByIntent: data: Bundle[{PACKAGE=android, EVENT_NAME=display_port_statistic, APP_ID=31000401594}]
10-10 02:37:06.757  1902  1950 D AlarmManager: mBroadcastRefCount -> 1
10-10 02:37:06.757  1902  1950 D AlarmManager: mPendingIntent -> null
10-10 02:37:06.771  1902  1902 W Looper  : Drained
10-10 02:37:06.780  1902  1902 D AlarmManager: mBroadcastRefCount -> 0
10-10 02:37:06.780  1902  1902 D AlarmManager: mPendingIntent -> PendingIntent{1024203: PendingIntentRecord{f653580 android broadcastIntent}}
10-10 02:37:06.790  1902  1902 D UiModeManager: updateConfigurationLocked: mDockState=0; mCarMode=false; mCar=false; mPowerSave=false; mOverrideNightModeOn=false; mOverrideNightModeOff=false; mComputedNightMode=false; mNightMode=1; uiMode=17
10-10 02:37:06.798  1902  1920 E MiuiBatteryStatsService: error get UI_SOH : java.lang.StringIndexOutOfBoundsException: begin 0, end -1, length 0
10-10 02:37:06.802  1902  1920 E MiuiBatteryStatsService: argument = 
10-10 02:37:06.812  1902  1920 E IMiCharge: set 46 failed, err = -1
10-10 02:37:06.844  9035 11710 W BpBinder: Slow Binder: BpBinder transact took 331 ms, interface=android.os.IBatteryPropertiesRegistrar, code=1 oneway=false
10-10 02:37:07.688  1902  2620 I SmartPower: com.google.android.gms/10175(15068): background->idle(3002ms) R(broadcast start Intent { act=com.google.android.libraries.storage.protostore.SIGNAL_ACTION dat=android://com.google.android.gms/... flg=0x10000010 pkg=com.google.android.gms }) adj=600.
10-10 02:37:08.363  1902 30420 W BpBinder: Slow Binder: BpBinder transact took 1659 ms, interface=android.os.IStatsd, code=5 oneway=false
10-10 02:37:45.385  1902  1902 D UiModeManager: updateConfigurationLocked: mDockState=0; mCarMode=false; mCar=false; mPowerSave=false; mOverrideNightModeOn=false; mOverrideNightModeOff=false; mComputedNightMode=false; mNightMode=1; uiMode=17
10-10 02:37:46.609  1902  1902 D UiModeManager: updateConfigurationLocked: mDockState=0; mCarMode=false; mCar=false; mPowerSave=false; mOverrideNightModeOn=false; mOverrideNightModeOff=false; mComputedNightMode=false; mNightMode=1; uiMode=17
10-10 02:37:46.666  1902  2620 I SmartPower: com.microsoft.teams/10321(3572): background->idle(3002ms) R(broadcast start Intent { act=android.intent.action.BATTERY_CHANGED flg=0x60000010 (has extras) }) adj=905.
10-10 02:37:46.666  1902  2620 I SmartPower: com.xiaomi.discover/10128(11400): background->idle(3001ms) R(broadcast start Intent { act=android.intent.action.BATTERY_CHANGED flg=0x60000010 (has extras) }) adj=905.
10-10 02:37:46.670  1902  2620 I SmartPower: com.android.chrome/10190(9035): background->idle(3003ms) R(broadcast start Intent { act=android.intent.action.BATTERY_CHANGED flg=0x60000010 (has extras) }) adj=900.
10-10 02:37:53.488  1902  1902 D UiModeManager: updateConfigurationLocked: mDockState=0; mCarMode=false; mCar=false; mPowerSave=false; mOverrideNightModeOn=false; mOverrideNightModeOff=false; mComputedNightMode=false; mNightMode=1; uiMode=17
10-10 02:41:24.548  1902  1902 D UiModeManager: updateConfigurationLocked: mDockState=0; mCarMode=false; mCar=false; mPowerSave=false; mOverrideNightModeOn=false; mOverrideNightModeOff=false; mComputedNightMode=false; mNightMode=1; uiMode=17
10-10 02:41:25.258  1902  1954 I SmartPower: com.microsoft.teams/10321(3572): idle->background(3220ms) R(broadcast start Intent { act=android.intent.action.BATTERY_CHANGED flg=0x60000010 (has extras) }) adj=905.
10-10 02:41:25.259  1902  1954 I SmartPower: com.xiaomi.discover/10128(11400): idle->background(3220ms) R(broadcast start Intent { act=android.intent.action.BATTERY_CHANGED flg=0x60000010 (has extras) }) adj=905.
10-10 02:41:25.260  1902  1954 I SmartPower: com.android.chrome/10190(9035): idle->background(3217ms) R(broadcast start Intent { act=android.intent.action.BATTERY_CHANGED flg=0x60000010 (has extras) }) adj=900.
10-10 02:45:00.914  1902  1902 D UiModeManager: updateConfigurationLocked: mDockState=0; mCarMode=false; mCar=false; mPowerSave=false; mOverrideNightModeOn=false; mOverrideNightModeOff=false; mComputedNightMode=false; mNightMode=1; uiMode=17
10-10 02:45:29.474  1902  2336 D AlarmManager: mBroadcastRefCount -> 1
10-10 02:45:29.502  1902  2336 D AlarmManager: mBroadcastRefCount -> 2
10-10 02:45:29.504  1902  2336 D AlarmManager: mBroadcastRefCount -> 3
10-10 02:45:29.507  1902  2336 D AlarmManager: mBroadcastRefCount -> 4
10-10 02:45:29.514  1902  2336 D AlarmManager: mBroadcastRefCount -> 5
10-10 02:45:29.524  1902  1937 D Persistence: writeHistoricalOpsDLocked 10 ms.
10-10 02:45:29.526  1902  2336 D AlarmManager: mBroadcastRefCount -> 6
10-10 02:45:29.532  1902  1902 D AlarmManager: mBroadcastRefCount -> 5
10-10 02:45:29.532  1902  1902 D AlarmManager: mPendingIntent -> null
10-10 02:45:29.543  1902  1902 D AlarmManager: mBroadcastRefCount -> 4
10-10 02:45:29.543  1902  1902 D AlarmManager: mPendingIntent -> null
10-10 02:45:29.544  1902  1902 D AlarmManager: mBroadcastRefCount -> 3
10-10 02:45:29.545  1902  1902 D AlarmManager: mPendingIntent -> PendingIntent{dddd89a: PendingIntentRecord{9055cb com.miui.powerkeeper startService}}
10-10 02:45:29.545  1902  1902 D AlarmManager: mBroadcastRefCount -> 2
10-10 02:45:29.545  1902  1902 D AlarmManager: mPendingIntent -> PendingIntent{a4547f8: PendingIntentRecord{c249f82 com.miui.securitycenter startService}}
10-10 02:45:29.546  1902  1902 D AlarmManager: mBroadcastRefCount -> 1
10-10 02:45:29.546  1902  1902 D AlarmManager: mPendingIntent -> PendingIntent{d3d64d1: PendingIntentRecord{1971a6d com.xiaomi.xmsf broadcastIntent}}
10-10 02:45:29.560  1902  1902 D AlarmManager: mBroadcastRefCount -> 0
10-10 02:45:29.561  1902  1902 D AlarmManager: mPendingIntent -> PendingIntent{fffd57e: PendingIntentRecord{6e7adf android broadcastIntent}}
10-10 02:45:29.604  1902  1902 D UiModeManager: updateConfigurationLocked: mDockState=0; mCarMode=false; mCar=false; mPowerSave=false; mOverrideNightModeOn=false; mOverrideNightModeOff=false; mComputedNightMode=false; mNightMode=1; uiMode=17
10-10 02:45:29.682  1902  1947 D HeapUsage Monitor: HeapAllocSize : 101MB; monitorSize : 500MB
10-10 02:46:13.547  1902  1902 D UiModeManager: updateConfigurationLocked: mDockState=0; mCarMode=false; mCar=false; mPowerSave=false; mOverrideNightModeOn=false; mOverrideNightModeOff=false; mComputedNightMode=false; mNightMode=1; uiMode=17
10-10 02:48:20.566  1902  1902 D UiModeManager: updateConfigurationLocked: mDockState=0; mCarMode=false; mCar=false; mPowerSave=false; mOverrideNightModeOn=false; mOverrideNightModeOff=false; mComputedNightMode=false; mNightMode=1; uiMode=17
10-10 02:48:20.694  1902  2620 I SmartPower: com.microsoft.teams/10321(3572): background->idle(3002ms) R(broadcast start Intent { act=android.intent.action.BATTERY_CHANGED flg=0x60000010 (has extras) }) adj=905.
10-10 02:48:20.696  1902  2620 I SmartPower: com.xiaomi.discover/10128(11400): background->idle(3003ms) R(broadcast start Intent { act=android.intent.action.BATTERY_CHANGED flg=0x60000010 (has extras) }) adj=905.
10-10 02:48:20.696  1902  2620 I SmartPower: com.android.chrome/10190(9035): background->idle(3002ms) R(broadcast start Intent { act=android.intent.action.BATTERY_CHANGED flg=0x60000010 (has extras) }) adj=900.
10-10 02:48:38.671  1902  2323 W ProcessStats: Tracking association SourceState{c218a0c com.xiaomi.mirror/1000 Fgs #317469} whose proc state 3 is better than process ProcessState{d2a9cfb com.miui.powerkeeper/1000 pkg=com.miui.powerkeeper} proc state 4 (64 skipped)
10-10 02:48:38.733  1902  1902 D UiModeManager: updateConfigurationLocked: mDockState=0; mCarMode=false; mCar=false; mPowerSave=false; mOverrideNightModeOn=false; mOverrideNightModeOff=false; mComputedNightMode=false; mNightMode=1; uiMode=17
10-10 02:51:24.552  1902  1902 D UiModeManager: updateConfigurationLocked: mDockState=0; mCarMode=false; mCar=false; mPowerSave=false; mOverrideNightModeOn=false; mOverrideNightModeOff=false; mComputedNightMode=false; mNightMode=1; uiMode=17
10-10 02:51:24.579   691 30378 I keystore2: system/security/keystore2/src/watchdog.rs:319 - Watchdog thread idle -> terminating. Have a great day.
10-10 02:52:23.959  1902  1954 I SmartPower: com.microsoft.teams/10321(3572): idle->background(2612ms) R(broadcast start Intent { act=android.intent.action.BATTERY_CHANGED flg=0x60000010 (has extras) }) adj=905.
10-10 02:52:23.961  1902  1954 I SmartPower: com.xiaomi.discover/10128(11400): idle->background(2612ms) R(broadcast start Intent { act=android.intent.action.BATTERY_CHANGED flg=0x60000010 (has extras) }) adj=905.
10-10 02:52:23.962  1902  1954 I SmartPower: com.android.chrome/10190(9035): idle->background(2613ms) R(broadcast start Intent { act=android.intent.action.BATTERY_CHANGED flg=0x60000010 (has extras) }) adj=900.
10-10 02:53:37.700  1902  1902 D UiModeManager: updateConfigurationLocked: mDockState=0; mCarMode=false; mCar=false; mPowerSave=false; mOverrideNightModeOn=false; mOverrideNightModeOff=false; mComputedNightMode=false; mNightMode=1; uiMode=17
10-10 02:53:37.813  1902  1902 D UiModeManager: updateConfigurationLocked: mDockState=0; mCarMode=false; mCar=false; mPowerSave=false; mOverrideNightModeOn=false; mOverrideNightModeOff=false; mComputedNightMode=false; mNightMode=1; uiMode=17
10-10 02:54:47.572  1902  1902 D UiModeManager: updateConfigurationLocked: mDockState=0; mCarMode=false; mCar=false; mPowerSave=false; mOverrideNightModeOn=false; mOverrideNightModeOff=false; mComputedNightMode=false; mNightMode=1; uiMode=17
10-10 02:55:30.490  1902  2620 I SmartPower: com.microsoft.teams/10321(3572): background->idle(3016ms) R(broadcast start Intent { act=android.intent.action.BATTERY_CHANGED flg=0x60000010 (has extras) }) adj=905.
10-10 02:55:30.490  1902  2620 I SmartPower: com.xiaomi.discover/10128(11400): background->idle(3014ms) R(broadcast start Intent { act=android.intent.action.BATTERY_CHANGED flg=0x60000010 (has extras) }) adj=905.
10-10 02:55:30.490  1902  2620 I SmartPower: com.android.chrome/10190(9035): background->idle(3013ms) R(broadcast start Intent { act=android.intent.action.BATTERY_CHANGED flg=0x60000010 (has extras) }) adj=900.
10-10 02:55:30.497  1902  2336 D AlarmManager: mBroadcastRefCount -> 1
10-10 02:55:30.698  1902  2336 D AlarmManager: mBroadcastRefCount -> 2
10-10 02:55:30.702  1902  2336 D AlarmManager: mBroadcastRefCount -> 3
10-10 02:55:30.712  1902  2336 D AlarmManager: mBroadcastRefCount -> 4
10-10 02:55:30.714  1902  1902 D AlarmManager: mBroadcastRefCount -> 3
10-10 02:55:30.714  1902  1902 D AlarmManager: mPendingIntent -> null
10-10 02:55:30.715  1902  1902 W Looper  : Slow dispatch took 219ms main h=com.android.server.alarm.AlarmManagerService$AlarmHandler c=com.android.server.alarm.AlarmManagerService$3$$ExternalSyntheticLambda0@b457e34 m=0
10-10 02:55:30.715  1902  1902 W Looper  : Slow delivery took 218ms main h=com.android.server.power.Notifier$NotifierHandler c=null m=7
10-10 02:55:30.718  1902  1902 D AlarmManager: mBroadcastRefCount -> 2
10-10 02:55:30.719  1902  1902 D AlarmManager: mPendingIntent -> null
10-10 02:55:30.720  1902  1902 D AlarmManager: mBroadcastRefCount -> 1
10-10 02:55:30.720  1902  1902 D AlarmManager: mPendingIntent -> PendingIntent{dddd89a: PendingIntentRecord{9055cb com.miui.powerkeeper startService}}
10-10 02:55:30.720  1902  1902 W Looper  : Drained
10-10 02:55:30.731  1902  1902 D AlarmManager: mBroadcastRefCount -> 0
10-10 02:55:30.732  1902  1902 D AlarmManager: mPendingIntent -> PendingIntent{63021d2: PendingIntentRecord{1971a6d com.xiaomi.xmsf broadcastIntent}}
10-10 02:55:30.751  1902  1902 D UiModeManager: updateConfigurationLocked: mDockState=0; mCarMode=false; mCar=false; mPowerSave=false; mOverrideNightModeOn=false; mOverrideNightModeOff=false; mComputedNightMode=false; mNightMode=1; uiMode=17
10-10 02:55:32.623  1902  1902 D UiModeManager: updateConfigurationLocked: mDockState=0; mCarMode=false; mCar=false; mPowerSave=false; mOverrideNightModeOn=false; mOverrideNightModeOff=false; mComputedNightMode=false; mNightMode=1; uiMode=17
10-10 02:56:13.559  1902  1902 D UiModeManager: updateConfigurationLocked: mDockState=0; mCarMode=false; mCar=false; mPowerSave=false; mOverrideNightModeOn=false; mOverrideNightModeOff=false; mComputedNightMode=false; mNightMode=1; uiMode=17
10-10 02:56:50.505  1902  1954 I SmartPower: com.microsoft.teams/10321(3572): idle->background(2263ms) R(broadcast start Intent { act=android.intent.action.BATTERY_CHANGED flg=0x60000010 (has extras) }) adj=905.
10-10 02:56:50.507  1902  1954 I SmartPower: com.xiaomi.discover/10128(11400): idle->background(2264ms) R(broadcast start Intent { act=android.intent.action.BATTERY_CHANGED flg=0x60000010 (has extras) }) adj=905.
10-10 02:56:50.509  1902  1954 I SmartPower: com.android.chrome/10190(9035): idle->background(2267ms) R(broadcast start Intent { act=android.intent.action.BATTERY_CHANGED flg=0x60000010 (has extras) }) adj=900.
10-10 02:57:00.904  1902  1902 D UiModeManager: updateConfigurationLocked: mDockState=0; mCarMode=false; mCar=false; mPowerSave=false; mOverrideNightModeOn=false; mOverrideNightModeOff=false; mComputedNightMode=false; mNightMode=1; uiMode=17
10-10 02:57:01.501  1902  1902 D UiModeManager: updateConfigurationLocked: mDockState=0; mCarMode=false; mCar=false; mPowerSave=false; mOverrideNightModeOn=false; mOverrideNightModeOff=false; mComputedNightMode=false; mNightMode=1; uiMode=17
10-10 02:57:02.725  1902  2620 I SmartPower: com.microsoft.teams/10321(3572): background->idle(3002ms) R(broadcast start Intent { act=android.intent.action.BATTERY_CHANGED flg=0x60000010 (has extras) }) adj=905.
10-10 02:57:02.725  1902  2620 I SmartPower: com.xiaomi.discover/10128(11400): background->idle(3002ms) R(broadcast start Intent { act=android.intent.action.BATTERY_CHANGED flg=0x60000010 (has extras) }) adj=905.
10-10 02:57:02.728  1902  2620 I SmartPower: com.android.chrome/10190(9035): background->idle(3002ms) R(broadcast start Intent { act=android.intent.action.BATTERY_CHANGED flg=0x60000010 (has extras) }) adj=900.
10-10 02:57:05.624  1902  1902 D UiModeManager: updateConfigurationLocked: mDockState=0; mCarMode=false; mCar=false; mPowerSave=false; mOverrideNightModeOn=false; mOverrideNightModeOff=false; mComputedNightMode=false; mNightMode=1; uiMode=17
10-10 02:59:49.868  1902  1902 D UiModeManager: updateConfigurationLocked: mDockState=0; mCarMode=false; mCar=false; mPowerSave=false; mOverrideNightModeOn=false; mOverrideNightModeOff=false; mComputedNightMode=false; mNightMode=1; uiMode=17
10-10 02:59:50.358  1902  1954 I SmartPower: com.microsoft.teams/10321(3572): idle->background(2451ms) R(broadcast start Intent { act=android.intent.action.BATTERY_CHANGED flg=0x60000010 (has extras) }) adj=905.
10-10 02:59:50.360  1902  1954 I SmartPower: com.xiaomi.discover/10128(11400): idle->background(2452ms) R(broadcast start Intent { act=android.intent.action.BATTERY_CHANGED flg=0x60000010 (has extras) }) adj=905.
10-10 02:59:50.361  1902  1954 I SmartPower: com.android.chrome/10190(9035): idle->background(2450ms) R(broadcast start Intent { act=android.intent.action.BATTERY_CHANGED flg=0x60000010 (has extras) }) adj=900.
10-10 03:00:01.491  1902  2336 D AlarmManager: mBroadcastRefCount -> 1
10-10 03:00:01.697  1902  2336 W BpBinder: Slow Binder: BpBinder transact took 205 ms, interface=android.system.suspend.ISystemSuspend, code=1 oneway=false
10-10 03:00:01.699  1902  2336 D AlarmManager: mBroadcastRefCount -> 2
10-10 03:00:01.702  1902  2336 D AlarmManager: mBroadcastRefCount -> 3
10-10 03:00:01.708  1902  1902 D AlarmManager: mBroadcastRefCount -> 2
10-10 03:00:01.708  1902  1902 D AlarmManager: mPendingIntent -> null
10-10 03:00:01.708  1902  1902 W Looper  : Slow dispatch took 220ms main h=com.android.server.alarm.AlarmManagerService$AlarmHandler c=com.android.server.alarm.AlarmManagerService$3$$ExternalSyntheticLambda0@3c36a93 m=0
10-10 03:00:01.708  1902  1902 W Looper  : Slow delivery took 216ms main h=com.android.server.power.Notifier$NotifierHandler c=null m=7
10-10 03:00:01.708  1902  1902 W Looper  : Drained
10-10 03:00:01.718  1902  1954 W ProcessStats: Tracking association SourceState{c218a0c com.xiaomi.mirror/1000 Fgs #317501} whose proc state 3 is better than process ProcessState{d2a9cfb com.miui.powerkeeper/1000 pkg=com.miui.powerkeeper} proc state 4 (15 skipped)
10-10 03:00:01.728  1902  2632 D AlarmManager: mBroadcastRefCount -> 1
10-10 03:00:01.733  1902  2632 D AlarmManager: mPendingIntent -> null
10-10 03:00:01.747  1902  1902 D AlarmManager: mBroadcastRefCount -> 0
10-10 03:00:01.747  1902  1902 D AlarmManager: mPendingIntent -> PendingIntent{eccf132: PendingIntentRecord{d6c1e83 com.android.settings broadcastIntent}}
10-10 03:00:36.465  1902 23179 W GreezeManager: Slow Greezer: Receive frozen binder trans: dstUid=1000 dstPid=1902 callerUid=1000 callerPid=1230 callerTid=1299 delay=80ms oneway=false
10-10 03:00:36.469  1902  2336 D AlarmManager: mBroadcastRefCount -> 1
10-10 03:00:36.500  1902  1902 D AlarmManager: mBroadcastRefCount -> 0
10-10 03:00:36.500  1902  1902 D AlarmManager: mPendingIntent -> PendingIntent{d4ee7e: PendingIntentRecord{2704388 com.miui.securitycenter startService}}
10-10 03:00:36.517  1902  1902 D UiModeManager: updateConfigurationLocked: mDockState=0; mCarMode=false; mCar=false; mPowerSave=false; mOverrideNightModeOn=false; mOverrideNightModeOff=false; mComputedNightMode=false; mNightMode=1; uiMode=17
10-10 03:00:36.523  1902  1937 D Persistence: writeHistoricalOpsDLocked 2 ms.
10-10 03:00:36.538  1902  1937 D Persistence: writeHistoricalOpsDLocked 6 ms.
10-10 03:00:36.560  1902  1937 D Persistence: writeHistoricalOpsDLocked 8 ms.
10-10 03:03:34.254  1902  2620 I SmartPower: com.microsoft.teams/10321(3572): background->idle(3001ms) R(broadcast start Intent { act=android.intent.action.BATTERY_CHANGED flg=0x60000010 (has extras) }) adj=905.
10-10 03:03:34.255  1902  2620 I SmartPower: com.xiaomi.discover/10128(11400): background->idle(3000ms) R(broadcast start Intent { act=android.intent.action.BATTERY_CHANGED flg=0x60000010 (has extras) }) adj=905.
10-10 03:03:34.258  1902  2620 I SmartPower: com.android.chrome/10190(9035): background->idle(3002ms) R(broadcast start Intent { act=android.intent.action.BATTERY_CHANGED flg=0x60000010 (has extras) }) adj=900.
10-10 03:03:40.974  1902  1902 D UiModeManager: updateConfigurationLocked: mDockState=0; mCarMode=false; mCar=false; mPowerSave=false; mOverrideNightModeOn=false; mOverrideNightModeOff=false; mComputedNightMode=false; mNightMode=1; uiMode=17
10-10 03:05:29.502  1902  2336 D AlarmManager: mBroadcastRefCount -> 1
10-10 03:05:29.701  1902  1902 W Looper  : Slow dispatch took 139ms main h=android.app.ActivityThread$H c=android.app.LoadedApk$ReceiverDispatcher$Args$$ExternalSyntheticLambda0@30b67ad m=0
10-10 03:05:29.702  1902  1902 D UiModeManager: updateConfigurationLocked: mDockState=0; mCarMode=false; mCar=false; mPowerSave=false; mOverrideNightModeOn=false; mOverrideNightModeOff=false; mComputedNightMode=false; mNightMode=1; uiMode=17
10-10 03:05:29.702  1902  2336 D AlarmManager: mBroadcastRefCount -> 2
10-10 03:05:29.705  1902  2336 D AlarmManager: mBroadcastRefCount -> 3
10-10 03:05:29.718  1902  2336 D AlarmManager: mBroadcastRefCount -> 4
10-10 03:05:29.728  1902  2336 D AlarmManager: mBroadcastRefCount -> 5
10-10 03:05:29.732  1902  2323 D AlarmManager: mBroadcastRefCount -> 4
10-10 03:05:29.732  1902  2323 D AlarmManager: mPendingIntent -> null
10-10 03:05:29.733  1902  1902 D AlarmManager: mBroadcastRefCount -> 3
10-10 03:05:29.733  1902  1902 D AlarmManager: mPendingIntent -> null
10-10 03:05:29.739  1902  1902 D AlarmManager: mBroadcastRefCount -> 2
10-10 03:05:29.739  1902  1902 D AlarmManager: mPendingIntent -> PendingIntent{dddd89a: PendingIntentRecord{9055cb com.miui.powerkeeper startService}}
10-10 03:05:29.740  1902  1902 D AlarmManager: mBroadcastRefCount -> 1
10-10 03:05:29.741  1902  1902 D AlarmManager: mPendingIntent -> PendingIntent{6a3d1a9: PendingIntentRecord{c249f82 com.miui.securitycenter startService}}
10-10 03:05:29.749  1902  1902 D AlarmManager: mBroadcastRefCount -> 0
10-10 03:05:29.749  1902  1902 D AlarmManager: mPendingIntent -> PendingIntent{f57f32e: PendingIntentRecord{1971a6d com.xiaomi.xmsf broadcastIntent}}
10-10 03:08:13.533  1902  1902 D UiModeManager: updateConfigurationLocked: mDockState=0; mCarMode=false; mCar=false; mPowerSave=false; mOverrideNightModeOn=false; mOverrideNightModeOff=false; mComputedNightMode=false; mNightMode=1; uiMode=17
10-10 03:10:28.568  1902  1954 I SmartPower: com.microsoft.teams/10321(3572): idle->background(3838ms) R(broadcast start Intent { act=android.intent.action.BATTERY_CHANGED flg=0x60000010 (has extras) }) adj=905.
10-10 03:10:28.570  1902  1954 I SmartPower: com.xiaomi.discover/10128(11400): idle->background(3838ms) R(broadcast start Intent { act=android.intent.action.BATTERY_CHANGED flg=0x60000010 (has extras) }) adj=905.
10-10 03:10:28.572  1902  1954 I SmartPower: com.android.chrome/10190(9035): idle->background(3838ms) R(broadcast start Intent { act=android.intent.action.BATTERY_CHANGED flg=0x60000010 (has extras) }) adj=900.
10-10 03:10:29.537  1902  1902 D UiModeManager: updateConfigurationLocked: mDockState=0; mCarMode=false; mCar=false; mPowerSave=false; mOverrideNightModeOn=false; mOverrideNightModeOff=false; mComputedNightMode=false; mNightMode=1; uiMode=17
10-10 03:11:09.142  1902  1902 D UiModeManager: updateConfigurationLocked: mDockState=0; mCarMode=false; mCar=false; mPowerSave=false; mOverrideNightModeOn=false; mOverrideNightModeOff=false; mComputedNightMode=false; mNightMode=1; uiMode=17
10-10 03:11:09.696  1902 23161 W BpBinder: Slow Binder: BpBinder transact took 229 ms, interface=android.system.suspend.ISystemSuspend, code=1 oneway=false
10-10 03:11:09.697 15337 30319 W BpBinder: Slow Binder: BpBinder transact took 231 ms, interface=android.os.IPowerManager, code=1 oneway=false
10-10 03:11:14.846  1902  1902 D UiModeManager: updateConfigurationLocked: mDockState=0; mCarMode=false; mCar=false; mPowerSave=false; mOverrideNightModeOn=false; mOverrideNightModeOff=false; mComputedNightMode=false; mNightMode=1; uiMode=17
10-10 03:11:19.492  1902  2620 I SmartPower: com.microsoft.teams/10321(3572): background->idle(3054ms) R(broadcast start Intent { act=android.intent.action.BATTERY_CHANGED flg=0x60000010 (has extras) }) adj=905.
10-10 03:11:19.492  1902  2620 I SmartPower: com.xiaomi.discover/10128(11400): background->idle(3053ms) R(broadcast start Intent { act=android.intent.action.BATTERY_CHANGED flg=0x60000010 (has extras) }) adj=905.
10-10 03:11:19.493  1902  2620 I SmartPower: com.android.chrome/10190(9035): background->idle(3051ms) R(broadcast start Intent { act=android.intent.action.BATTERY_CHANGED flg=0x60000010 (has extras) }) adj=900.
10-10 03:11:24.552  1902  1902 D UiModeManager: updateConfigurationLocked: mDockState=0; mCarMode=false; mCar=false; mPowerSave=false; mOverrideNightModeOn=false; mOverrideNightModeOff=false; mComputedNightMode=false; mNightMode=1; uiMode=17
10-10 03:11:24.705  1902  2323 W ProcessStats: Tracking association SourceState{c218a0c com.xiaomi.mirror/1000 Fgs #317536} whose proc state 3 is better than process ProcessState{d2a9cfb com.miui.powerkeeper/1000 pkg=com.miui.powerkeeper} proc state 4 (42 skipped)
10-10 03:14:49.873  1902  1902 D UiModeManager: updateConfigurationLocked: mDockState=0; mCarMode=false; mCar=false; mPowerSave=false; mOverrideNightModeOn=false; mOverrideNightModeOff=false; mComputedNightMode=false; mNightMode=1; uiMode=17
10-10 03:14:49.903  1902 23179 I SmartPower: com.google.android.apps.messaging/10181(28276): idle->background(49543ms) R(content provider start ContentProviderRecord{f329b53 u0 com.google.android.apps.messaging/.shared.datamodel.provider.sharedstorage.SharedStorageProvider}) adj=200.
10-10 03:15:30.483  1902  2336 D AlarmManager: mBroadcastRefCount -> 1
10-10 03:15:30.500  1902  2336 D AlarmManager: mBroadcastRefCount -> 2
10-10 03:15:30.504  1902  2336 D AlarmManager: mBroadcastRefCount -> 3
10-10 03:15:30.505  1902  2336 D AlarmManager: mBroadcastRefCount -> 4
10-10 03:15:30.505  1902  2336 D AlarmManager: mBroadcastRefCount -> 5
10-10 03:15:30.511  1902  2336 D AlarmManager: mBroadcastRefCount -> 6
10-10 03:15:30.517  1902  2336 D AlarmManager: mBroadcastRefCount -> 7
10-10 03:15:30.520  1902  1902 D AlarmManager: mBroadcastRefCount -> 6
