10-06 11:23:27.733  1902  2776 I InputMethodManagerService: IMMS.showCurrentInputLocked(), flags = 0
10-06 11:23:27.733  1902  2776 D SmartPower: com.google.android.inputmethod.latin/10196(22721): show input method
10-06 11:23:27.733  1902  2776 I DefaultImeVisibilityApplier: IMMS.showCurrentInputLocked request ims to show inputMethod.
10-06 11:23:27.747  1902  1902 W FillRequestEventLogger: Shouldn't be logging AutofillFillRequestReported again for same event
10-06 11:23:27.747  1902  1902 W FillResponseEventLogger: Shouldn't be logging AutofillFillRequestReported again for same event
10-06 11:23:27.747  1902  1902 D AutofillSession: clearPendingIntentLocked
10-06 11:23:27.761  1902 23266 I InputMethodManagerService: IMMS.applyImeVisibility(), setVisible = true, mCurclient = ClientState{3646908 mUid=10377 mPid=30246 mSelfReportedDisplayId=0}
10-06 11:23:27.761  1902 23266 I WindowManager: WMS.showImePostLayout(), imeTarget = Window{2361cfd u0 eu.europa.ec.euidi.dev/eu.europa.ec.assemblylogic.ui.MainActivity}
10-06 11:23:27.762  2983  3075 D OneHandedController: stopOneHanded state is 0
10-06 11:23:27.763  1902  1939 I ImeInsetsSourceProvider: ImeInsetsSourceProvider.scheduleShowImePostLayout() Run showImeRunner.
10-06 11:23:27.763  1902  1939 I ImeInsetsSourceProvider: ImeInsetsSourceProvider.scheduleShowImePostLayout() isReadyToShowIme.
10-06 11:23:27.770  1902  2776 I InputMethodManagerService: IMMS.applyImeVisibility(), setVisible = true, mCurclient = ClientState{3646908 mUid=10377 mPid=30246 mSelfReportedDisplayId=0}
10-06 11:23:27.771  1902  2776 I WindowManager: WMS.showImePostLayout(), imeTarget = Window{2361cfd u0 eu.europa.ec.euidi.dev/eu.europa.ec.assemblylogic.ui.MainActivity}
10-06 11:23:27.773  1902  1939 I ImeInsetsSourceProvider: ImeInsetsSourceProvider.scheduleShowImePostLayout() Run showImeRunner.
10-06 11:23:27.773  1902  1939 I ImeInsetsSourceProvider: ImeInsetsSourceProvider.scheduleShowImePostLayout() isReadyToShowIme.
10-06 11:23:27.774  2983  3075 D OneHandedController: stopOneHanded state is 0
10-06 11:23:27.778  1902 23171 D VibratorManagerService: Starting vibrate for vibration 327
10-06 11:23:27.778  1902 23171 D VibratorManagerServiceImpl: attrs = VibrationAttributes: Usage=TOUCH Audio Usage= USAGE_UNKNOWN Flags=0, attrs.usage = 18
10-06 11:23:27.779  1902 23171 E VibratorManagerServiceImpl: skipandroid.os.RemoteException: Method setUsageExt is unimplemented.
10-06 11:23:27.850  1902 23171 D VibratorManagerService: Vibration 327 on vibrator 0 complete, notifying thread
10-06 11:23:27.851  1902  2334 D VibratorManagerService: Vibration 327 finished with EndInfo{status=FINISHED, endedBy=null}
10-06 11:23:27.851  1902  2334 D VibratorManagerService: Reporting vibration 327 finished with EndInfo{status=FINISHED, endedBy=null}
10-06 11:23:27.851  1902  2334 D VibratorManagerService: Vibration for uid=1000 and with attrs=VibrationAttributes: Usage=TOUCH Audio Usage= USAGE_UNKNOWN Flags=0 ended with status FINISHED
10-06 11:23:27.851  1902  2334 D VibratorManagerService: VibrationThread released after finished vibration
10-06 11:23:27.851  1902  2334 D VibratorManagerService: Processing VibrationThread released callback
10-06 11:23:27.859  1902 23171 W FillRequestEventLogger: Couldn't find packageName: com.google.android.inputmethod.latin
10-06 11:23:27.862  1902 23171 D AutofillSession: createPendingIntent for request 162
10-06 11:23:27.863  1902 23171 D ContentCapturePerUserService: Notified activity assist data for activity: Token{160d23a ActivityRecord{a178e5c u0 eu.europa.ec.euidi.dev/eu.europa.ec.assemblylogic.ui.MainActivity t111}} without a session Id
10-06 11:23:27.870  1902 23171 I InputMethodManagerService: IMMS.showCurrentInputLocked(), flags = 1
10-06 11:23:27.871  1902 23171 D SmartPower: com.google.android.inputmethod.latin/10196(22721): show input method
10-06 11:23:27.871  1902 23171 I DefaultImeVisibilityApplier: IMMS.showCurrentInputLocked request ims to show inputMethod.
10-06 11:23:27.875  1902 23171 W PackageConfigPersister: App-specific configuration not found for packageName: eu.europa.ec.euidi.dev and userId: 0
10-06 11:23:27.886  1902  2776 I InputMethodManagerService: IMMS.showSoftInput(), client = com.android.internal.inputmethod.IInputMethodClient$Stub$Proxy@8c4f1ef
10-06 11:23:27.886  1902  2776 I InputMethodManagerService: IMMS.showCurrentInputLocked(), flags = 0
10-06 11:23:27.886  1902  2776 D SmartPower: com.google.android.inputmethod.latin/10196(22721): show input method
10-06 11:23:27.886  1902  2776 I DefaultImeVisibilityApplier: IMMS.showCurrentInputLocked request ims to show inputMethod.
10-06 11:23:27.897  1902  2776 W ContentProviderHelper: No provider info for content provider com.miui.personalassistant.servicedeliver.system.provider when providerRunning is false, caller is ProcessRecord{14c5666 3001:com.miui.home/u0a85}
10-06 11:23:27.897  3001  3103 E ActivityThread: Failed to find provider info for com.miui.personalassistant.servicedeliver.system.provider
10-06 11:23:27.907  1902  2776 I InputMethodManagerService: IMMS.applyImeVisibility(), setVisible = true, mCurclient = ClientState{3646908 mUid=10377 mPid=30246 mSelfReportedDisplayId=0}
10-06 11:23:27.907  1902  2776 I WindowManager: WMS.showImePostLayout(), imeTarget = Window{2361cfd u0 eu.europa.ec.euidi.dev/eu.europa.ec.assemblylogic.ui.MainActivity}
10-06 11:23:27.907  1902 23171 I InputMethodManagerService: IMMS.applyImeVisibility(), setVisible = true, mCurclient = ClientState{3646908 mUid=10377 mPid=30246 mSelfReportedDisplayId=0}
10-06 11:23:27.909  2983  3075 D OneHandedController: stopOneHanded state is 0
10-06 11:23:27.910  1902  1939 I ImeInsetsSourceProvider: ImeInsetsSourceProvider.scheduleShowImePostLayout() Run showImeRunner.
10-06 11:23:27.910  1902  1939 I ImeInsetsSourceProvider: ImeInsetsSourceProvider.scheduleShowImePostLayout() isReadyToShowIme.
10-06 11:23:27.910  1902  1902 W FillRequestEventLogger: Shouldn't be logging AutofillFillRequestReported again for same event
10-06 11:23:27.910  1902  1902 W FillResponseEventLogger: Shouldn't be logging AutofillFillRequestReported again for same event
10-06 11:23:27.910  1902  1902 D AutofillSession: clearPendingIntentLocked
10-06 11:23:27.911  1902 23171 I WindowManager: WMS.showImePostLayout(), imeTarget = Window{2361cfd u0 eu.europa.ec.euidi.dev/eu.europa.ec.assemblylogic.ui.MainActivity}
10-06 11:23:27.913  1902  1939 I ImeInsetsSourceProvider: ImeInsetsSourceProvider.scheduleShowImePostLayout() Run showImeRunner.
10-06 11:23:27.913  1902  1939 I ImeInsetsSourceProvider: ImeInsetsSourceProvider.scheduleShowImePostLayout() isReadyToShowIme.
10-06 11:23:27.913  2983  3075 D OneHandedController: stopOneHanded state is 0
10-06 11:23:27.951  1902  2776 D VibratorManagerService: Starting vibrate for vibration 328
10-06 11:23:27.952  1902  2776 D VibratorManagerServiceImpl: attrs = VibrationAttributes: Usage=TOUCH Audio Usage= USAGE_UNKNOWN Flags=0, attrs.usage = 18
10-06 11:23:27.952  1902  2776 E VibratorManagerServiceImpl: skipandroid.os.RemoteException: Method setUsageExt is unimplemented.
10-06 11:23:27.955  1902  2620 I SmartPower: com.mi.globalminusscreen/10076(30502): background->idle(5005ms) R(become background) adj=100.
10-06 11:23:28.024  1902  2776 D VibratorManagerService: Vibration 328 on vibrator 0 complete, notifying thread
10-06 11:23:28.024  1902  2334 D VibratorManagerService: Vibration 328 finished with EndInfo{status=FINISHED, endedBy=null}
10-06 11:23:28.024  1902  2334 D VibratorManagerService: Reporting vibration 328 finished with EndInfo{status=FINISHED, endedBy=null}
10-06 11:23:28.024  1902  2334 D VibratorManagerService: Vibration for uid=1000 and with attrs=VibrationAttributes: Usage=TOUCH Audio Usage= USAGE_UNKNOWN Flags=0 ended with status FINISHED
10-06 11:23:28.026  1902  2334 D VibratorManagerService: VibrationThread released after finished vibration
10-06 11:23:28.026  1902  2334 D VibratorManagerService: Processing VibrationThread released callback
10-06 11:23:28.059  1902 23265 D CompatibilityChangeReporter: Compat change id reported: 161145287; UID 10377; state: ENABLED
10-06 11:23:28.093  2983  3075 D MiuiFreeformModeController: avoidForInsetsBottomChangedIfNeed oldMoveableBottom: 2270 newMoveableBounds: 2270
10-06 11:23:28.093  2983  3075 D ImePositionProcessor: onImeVisibilityChanged     isShowing:  false
10-06 11:23:28.095  1902  1939 I WindowManager: input method visible height changed 0
10-06 11:23:28.095  1902  2338 I ITouchFeature: current device and process support version:2
10-06 11:23:28.100  2983  3075 D MiuiFreeformModeController: onImeVisibilityChanged imeVisible: false imeHeight: 0 adjustedForRotation:false
10-06 11:23:28.100  1902 23171 I InputMethodManagerService: IMMS.applyImeVisibility(), setVisible = false, mCurclient = ClientState{3646908 mUid=10377 mPid=30246 mSelfReportedDisplayId=0}
10-06 11:23:28.100  2983  3075 D MiuiFreeformModeAvoidAlgorithm: begin autoOrderingAvoidMiniTask
10-06 11:23:28.101  2983  3075 D MiuiFreeformModeAvoidAlgorithm: getCurrMiniPos: SameSideMiniPosList: []
10-06 11:23:28.101  2983  3075 D MiuiFreeformModeAvoidAlgorithm: getCurrMiniPos: SameSideMiniPosList: []
10-06 11:23:28.101  2983  3075 D MiuiFreeformModeAvoidAlgorithm: end autoOrderingAvoidMiniTask res:AvoidResult{distance=0, combination={}, activeTaskPos=Rect(0, 0 - 0, 0)}
10-06 11:23:28.105  1902 23171 W PackageConfigPersister: App-specific configuration not found for packageName: eu.europa.ec.euidi.dev and userId: 0
10-06 11:23:28.121  1902  2776 D CoreBackPreview: Window{2361cfd u0 eu.europa.ec.euidi.dev/eu.europa.ec.assemblylogic.ui.MainActivity}: Setting back callback OnBackInvokedCallbackInfo{mCallback=android.window.IOnBackInvokedCallback$Stub$Proxy@fedf794, mPriority=0, mIsAnimationCallback=false}
10-06 11:23:28.277  1902  2620 I SmartPower: com.google.android.adservices.api/10307(31554): background->idle(5323ms) R(adj below visible) adj=100.
10-06 11:23:28.622  1902 23265 I SmartPower: com.google.android.inputmethod.latin/10196(22721): visible->invisible(3380ms) R(become invisible) adj=100.
10-06 11:23:28.623  1902 23265 I SmartPower: com.google.android.inputmethod.latin/10196(22721): invisible->background(1ms) R(become background) adj=100.
10-06 11:23:28.633  2983  3075 D MiuiFreeformModeController: avoidForInsetsBottomChangedIfNeed oldMoveableBottom: 2270 newMoveableBounds: 2270
10-06 11:23:28.660  2983  3075 D MiuiFreeformModeController: avoidForInsetsBottomChangedIfNeed oldMoveableBottom: 2270 newMoveableBounds: 2270
10-06 11:23:28.825  1902 23266 D VibratorManagerService: Canceling vibration
10-06 11:23:28.831  1902  1954 I SmartPower: com.miui.home/10085(3001): idle->background(2876ms) R(broadcast start Intent { act=com.android.systemui.fsgesture flg=0x14000010 (has extras) }) adj=100.
10-06 11:23:28.833  1902 23265 D VibratorManagerService: Canceling vibration
10-06 11:23:28.835  1902 23265 I WindowManager: cancelAnimation removed leash : Surface(name=Surface(name=db27a2 NavigationBar0#82)/@0xc1acbf0 - animation-leash of insets_animation#3876)/@0xe4aa701
10-06 11:23:28.841  1902 23265 W WindowManager: Changing focus from Window{2361cfd u0 eu.europa.ec.euidi.dev/eu.europa.ec.assemblylogic.ui.MainActivity} to Window{713d2d6 u0 NotificationShade} displayId=0 Callers=com.android.server.wm.RootWindowContainer.updateFocusedWindowLocked:557 com.android.server.wm.WindowManagerService.updateFocusedWindowLocked:6962 com.android.server.wm.WindowManagerService.relayoutWindow:2951 com.android.server.wm.Session.relayout:266 
10-06 11:23:28.842  1902 23265 I WindowManager: cancelAnimation removed leash : Surface(name=Surface(name=81266ae StatusBar#86)/@0xb48dfdc - animation-leash of insets_animation#3869)/@0xf9b6016
10-06 11:23:28.843  1902 23265 I WindowManager: cancelAnimation removed leash : Surface(name=Surface(name=db27a2 NavigationBar0#82)/@0xc1acbf0 - animation-leash of insets_animation#3877)/@0xf58e383
10-06 11:23:28.845  1902  2612 I ProcessManager: getRenderThreadTidByPid, caller=1902
10-06 11:23:28.846  1902 23265 D WindowManager: wms.Input focus has changed to Window{713d2d6 u0 NotificationShade} display=0 updateInputWindows = true
10-06 11:23:28.846  1902 23265 I MultiSenceManagerInternalStub: getInstance
10-06 11:23:28.882  1902 23266 W WindowManager: Changing focus from Window{713d2d6 u0 NotificationShade} to Window{2361cfd u0 eu.europa.ec.euidi.dev/eu.europa.ec.assemblylogic.ui.MainActivity} displayId=0 Callers=com.android.server.wm.RootWindowContainer.updateFocusedWindowLocked:557 com.android.server.wm.WindowManagerService.updateFocusedWindowLocked:6962 com.android.server.wm.WindowManagerService.relayoutWindow:2951 com.android.server.wm.Session.relayout:266 
10-06 11:23:28.882  1902 23266 I WindowManager: cancelAnimation removed leash : Surface(name=Surface(name=81266ae StatusBar#86)/@0xb48dfdc - animation-leash of insets_animation#3878)/@0x7143539
10-06 11:23:28.883  1902 23266 I WindowManager: cancelAnimation removed leash : Surface(name=Surface(name=db27a2 NavigationBar0#82)/@0xc1acbf0 - animation-leash of insets_animation#3879)/@0x33c34df
10-06 11:23:28.885  1902 23266 D WindowManager: wms.Input focus has changed to Window{2361cfd u0 eu.europa.ec.euidi.dev/eu.europa.ec.assemblylogic.ui.MainActivity} display=0 updateInputWindows = true
10-06 11:23:28.885  1902 23266 I MultiSenceManagerInternalStub: getInstance
10-06 11:23:28.897  1902 23265 W PackageConfigPersister: App-specific configuration not found for packageName: eu.europa.ec.euidi.dev and userId: 0
10-06 11:23:28.906  1902 23265 D SchedBoost: com.android.systemui boosting, skip reset priority
10-06 11:23:28.966  1902  2620 I SmartPower: com.google.android.webview:sandboxed_process0:org.chromium.content.app.SandboxedPrbackground->idle(6002ms) R(remove from whitelist) adj=800.
10-06 11:23:28.966  1902  2620 I SmartPower: com.google.android.webview:sandboxed_process0:org.chromium.content.app.SandboxedPrbackground->idle(6002ms) R(remove from whitelist) adj=800.
10-06 11:23:30.453  1902 23265 D CompatibilityChangeReporter: Compat change id reported: 265464455; UID 10190; state: DISABLED
10-06 11:23:30.454  1902 23265 D CompatibilityChangeReporter: Compat change id reported: 265452344; UID 10190; state: DISABLED
10-06 11:23:30.454  1902 23265 D CompatibilityChangeReporter: Compat change id reported: 266124927; UID 10190; state: DISABLED
10-06 11:23:30.454  1902 23265 D CompatibilityChangeReporter: Compat change id reported: 265451093; UID 10190; state: DISABLED
10-06 11:23:30.455  1902 23265 D CompatibilityChangeReporter: Compat change id reported: 265456536; UID 10190; state: DISABLED
10-06 11:23:30.455  1902 23265 D CompatibilityChangeReporter: Compat change id reported: 255940284; UID 10190; state: DISABLED
10-06 11:23:30.455  1902 23265 D CompatibilityChangeReporter: Compat change id reported: 236283604; UID 10190; state: DISABLED
10-06 11:23:30.455  1902 23265 D CompatibilityChangeReporter: Compat change id reported: 263959004; UID 10190; state: DISABLED
10-06 11:23:30.456  1902 23265 D CompatibilityChangeReporter: Compat change id reported: 264304459; UID 10190; state: DISABLED
10-06 11:23:30.456  1902 23265 D CompatibilityChangeReporter: Compat change id reported: 264301586; UID 10190; state: DISABLED
10-06 11:23:30.456  1902 23265 D CompatibilityChangeReporter: Compat change id reported: 254631730; UID 10190; state: DISABLED
10-06 11:23:30.456  1902 23265 D CompatibilityChangeReporter: Compat change id reported: 273509367; UID 10190; state: DISABLED
10-06 11:23:30.457  1902 23265 D CompatibilityChangeReporter: Compat change id reported: 263259275; UID 10190; state: DISABLED
10-06 11:23:30.457  1902 23265 D CompatibilityChangeReporter: Compat change id reported: 174042980; UID 10190; state: DISABLED
10-06 11:23:30.457  1902 23265 D CompatibilityChangeReporter: Compat change id reported: 174042936; UID 10190; state: DISABLED
10-06 11:23:30.457  1902 23265 D CompatibilityChangeReporter: Compat change id reported: 181136395; UID 10190; state: DISABLED
10-06 11:23:30.459  1902 23265 D CompatibilityChangeReporter: Compat change id reported: 194480991; UID 10190; state: ENABLED
10-06 11:23:30.462  1902 23265 D WindowManager: Collecting in transition 242: ActivityRecord{90fdea9 u0 com.android.chrome/com.google.android.apps.chrome.IntentDispatcher init visibleRequested:false
10-06 11:23:30.463  1902 23265 D MiuiFreeFormManagerService: activeOrFullscreenFreeformTaskIfNeed startDefaultAr:false
10-06 11:23:30.466  2983  3075 D OneHandedController: stopOneHanded state is 0
10-06 11:23:30.470  1902 23265 D WindowManager: setLockTaskAuth: task=Task{14f7c2e #112 type=standard I=com.android.chrome/com.google.android.apps.chrome.IntentDispatcher} mLockTaskAuth=LOCK_TASK_AUTH_PINNABLE
10-06 11:23:30.470  1902 23265 D WindowManager: Collecting in transition 242: Task{14f7c2e #112 type=standard I=com.android.chrome/com.google.android.apps.chrome.IntentDispatcher} init visibleRequested:false
10-06 11:23:30.472  1902 23265 D CompatibilityChangeReporter: Compat change id reported: 184838306; UID 10190; state: DISABLED
10-06 11:23:30.472  1902 23265 D CompatibilityChangeReporter: Compat change id reported: 185004937; UID 10190; state: DISABLED
10-06 11:23:30.476  1902 23265 D WindowManager: setLockTaskAuth: task=Task{14f7c2e #112 type=standard I=com.android.chrome/com.google.android.apps.chrome.IntentDispatcher} mLockTaskAuth=LOCK_TASK_AUTH_PINNABLE
10-06 11:23:30.476  1902 23265 D CompatibilityChangeReporter: Compat change id reported: 197654537; UID 10190; state: ENABLED
10-06 11:23:30.477  1902 23265 D MiuiFreeFormManagerService: onStartActivityInner as = Task{14f7c2e #112 type=standard I=com.android.chrome/com.google.android.apps.chrome.IntentDispatcher} op = null
10-06 11:23:30.478  1902 23265 D ActivityTaskManager: Task#startActivityLocked isOrhasTask=true newTask=true
10-06 11:23:30.479  1902 23265 D ActivityTaskManager: Not add starting window, the reason is: windowIsTranslucent = true  windowIsFloating = false  this = ActivityRecord{90fdea9 u0 com.android.chrome/com.google.android.apps.chrome.IntentDispatcher t112}
10-06 11:23:30.481  1902 23265 D CompatibilityChangeReporter: Compat change id reported: 205907456; UID 10190; state: ENABLED
10-06 11:23:30.483  1902 23265 D WindowManager: Collecting in transition 242: ActivityRecord{90fdea9 u0 com.android.chrome/com.google.android.apps.chrome.IntentDispatcher t112} init visibleRequested:false
10-06 11:23:30.483  1902 23265 D WindowManager: Requesting StartTransition: TransitionRecord{f45b15c id=242 type=OPEN flags=0x0}
10-06 11:23:30.483  1902 23265 I ActivityTaskManager: START u0 {act=android.intent.action.VIEW dat=https://dev.issuer.eudiw.dev/... flg=0x10000000 cmp=com.android.chrome/com.google.android.apps.chrome.IntentDispatcher} with LAUNCH_MULTIPLE from uid 10377 (BAL_ALLOW_VISIBLE_WINDOW) result code=0
10-06 11:23:30.484  2983  3075 I SoScUtils: monitorTransitionRequest mRequestOpenTransition:null mRequestOpenTriggerTask:-1 mRequestCloseTransition:null mRequestCloseTriggerTask:-1 mRequestCloseStageType:-1
10-06 11:23:30.485  1902  1938 D CompatibilityChangeReporter: Compat change id reported: 135634846; UID 10190; state: DISABLED
10-06 11:23:30.486  1902  1955 D CompatibilityChangeReporter: Compat change id reported: 143937733; UID 10190; state: ENABLED
10-06 11:23:30.486  1902 23171 D WindowManager: Collecting in transition 242: ActivityRecord{90fdea9 u0 com.android.chrome/com.google.android.apps.chrome.IntentDispatcher t112} init visibleRequested:false
10-06 11:23:30.492  1902 23265 D WindowManager: Set transition=TransitionRecord{f45b15c id=242 type=OPEN flags=0x0}, ready=false, SyncId=242 used=true, override=false, defer=0, states=Display{#0 state=ON size=1080x2400 ROTATION_0}:false
10-06 11:23:30.493  1902  1955 I ActivityManager: Start proc 30792:com.android.chrome/u0a190 for next-top-activity {com.android.chrome/com.google.android.apps.chrome.IntentDispatcher} caller=eu.europa.ec.euidi.dev
10-06 11:23:30.492  2983  3075 D OneHandedController: stopOneHanded state is 0
10-06 11:23:30.493  2983  3075 D OneHandedController: stopOneHanded state is 0
10-06 11:23:30.510  1902 23265 I SmartPower: com.android.chrome/10190(30792): died->invisible(77086ms) R(process start ) adj=-10000.
10-06 11:23:30.510  1902 23265 D CompatibilityChangeReporter: Compat change id reported: 168419799; UID 10190; state: DISABLED
10-06 11:23:30.510  1902 23265 D CompatibilityChangeReporter: Compat change id reported: 273564678; UID 10190; state: DISABLED
10-06 11:23:30.511  1902 23265 W MiuiBoosterUtils: enable_miuibooster_launch : false
10-06 11:23:30.511  1902 23265 D WindowManager: Collecting in transition 242: ActivityRecord{90fdea9 u0 com.android.chrome/com.google.android.apps.chrome.IntentDispatcher t112} init visibleRequested:true
10-06 11:23:30.512  1902 23265 D WindowManagerService: checkFlipFullScreenChange is same, nowIsFullScreen = false
10-06 11:23:30.513  1902 23265 W WindowManager: Changing focus from Window{2361cfd u0 eu.europa.ec.euidi.dev/eu.europa.ec.assemblylogic.ui.MainActivity} to null displayId=0 Callers=com.android.server.wm.RootWindowContainer.updateFocusedWindowLocked:557 com.android.server.wm.WindowManagerService.updateFocusedWindowLocked:6962 com.android.server.wm.ActivityTaskManagerService.setLastResumedActivityUncheckLocked:5565 com.android.server.wm.ActivityTaskSupervisor.updateTopResumedActivityIfNeeded:2557 
10-06 11:23:30.513  1902 23265 D WindowManager: wms.Input focus has changed to null display=0 updateInputWindows = true
10-06 11:23:30.513  1902 23265 I MultiSenceManagerInternalStub: getInstance
10-06 11:23:30.514  1902 23265 D WindowManager: Collecting in transition 242: ActivityRecord{90fdea9 u0 com.android.chrome/com.google.android.apps.chrome.IntentDispatcher t112} init visibleRequested:true
10-06 11:23:30.514  1902 23265 D WindowManager: Set transition=TransitionRecord{f45b15c id=242 type=OPEN flags=0x0}, ready=true, SyncId=242 
10-06 11:23:30.515  1902  2323 D CompatibilityChangeReporter: Compat change id reported: 265195908; UID 10190; state: ENABLED
10-06 11:23:30.516  1902  1939 I BLASTSyncEngine: SyncGroup 242:  Unfinished container:ActivityRecord{90fdea9 u0 com.android.chrome/com.google.android.apps.chrome.IntentDispatcher t112}
10-06 11:23:30.516  1902  1939 I BLASTSyncEngine: isActivitySyncFinished isSyncFinished false ActivityRecord{90fdea9 u0 com.android.chrome/com.google.android.apps.chrome.IntentDispatcher t112}
10-06 11:23:30.517  1902  1936 E MBrainLocalService: MBrainJava launch failed: SecurityException
10-06 11:23:30.517  2983  3075 D MiuiFullScreenTaskRepository: removeFocusedTask displayId=0
10-06 11:23:30.517  2983  3075 D MiuiFullScreenTaskRepository: addOrUpdateFullScreenTaskInfo taskId=111, topActivity=ComponentInfo{eu.europa.ec.euidi.dev/eu.europa.ec.assemblylogic.ui.MainActivity}
10-06 11:23:30.517  1902  1936 D Aurogon :  uid = 10190 switch to FG
10-06 11:23:30.518  1902  2600 D isUidValid: uid = 10190
10-06 11:23:30.522  1902 23265 D CompatibilityChangeReporter: Compat change id reported: 170503758; UID 10190; state: ENABLED
10-06 11:23:30.541  1556  1556 I wificond: station_bandwidth: 
10-06 11:23:30.551  1902 23171 I ActivityManager: Flag disabled. Ignoring finishAttachApplication from uid: 10190. pid: 30792
10-06 11:23:30.553  1902 23267 D CompatibilityChangeReporter: Compat change id reported: 161145287; UID 10190; state: ENABLED
10-06 11:23:30.571  1902  2776 D CompatibilityChangeReporter: Compat change id reported: 259743961; UID 10190; state: ENABLED
10-06 11:23:30.573  1902 23267 D WindowManager: Collecting in transition 242: ActivityRecord{d5ddd51 u0 com.android.chrome/org.chromium.chrome.browser.ChromeTabbedActivity init visibleRequested:false
10-06 11:23:30.573  1902 23267 D MiuiFreeFormManagerService: activeOrFullscreenFreeformTaskIfNeed startDefaultAr:false
10-06 11:23:30.574  2983  3075 D OneHandedController: stopOneHanded state is 0
10-06 11:23:30.575  1902 23267 D WindowManager: setLockTaskAuth: task=Task{851fd8d #113 type=standard A=10190:com.android.chrome} mLockTaskAuth=LOCK_TASK_AUTH_PINNABLE
10-06 11:23:30.575  1902 23267 D WindowManager: Collecting in transition 242: Task{851fd8d #113 type=standard A=10190:com.android.chrome} init visibleRequested:false
10-06 11:23:30.577  1902 23267 D WindowManager: setLockTaskAuth: task=Task{851fd8d #113 type=standard A=10190:com.android.chrome} mLockTaskAuth=LOCK_TASK_AUTH_PINNABLE
10-06 11:23:30.577  1902 23267 D MiuiFreeFormManagerService: onStartActivityInner as = Task{851fd8d #113 type=standard A=10190:com.android.chrome} op = null
10-06 11:23:30.578  1902 23267 D ActivityTaskManager: Task#startActivityLocked isOrhasTask=true newTask=true
10-06 11:23:30.580  1902 23267 D WindowManager: Set transition=TransitionRecord{f45b15c id=242 type=OPEN flags=0x0}, ready=false, SyncId=242 used=true, override=false, defer=0, states=Display{#0 state=ON size=1080x2400 ROTATION_0}:false
10-06 11:23:30.580  1902 23267 D WindowManager: Collecting in transition 242: ActivityRecord{d5ddd51 u0 com.android.chrome/org.chromium.chrome.browser.ChromeTabbedActivity t113} init visibleRequested:false
10-06 11:23:30.580  1902 23267 D WindowManager: Set transition=TransitionRecord{f45b15c id=242 type=OPEN flags=0x0}, ready=false, SyncId=242 used=true, override=false, defer=0, states=Display{#0 state=ON size=1080x2400 ROTATION_0}:false
10-06 11:23:30.582  1902 23267 I ActivityTaskManager: START u0 {act=android.intent.action.VIEW dat=https://dev.issuer.eudiw.dev/... flg=0x14002000 cmp=com.android.chrome/org.chromium.chrome.browser.ChromeTabbedActivity (has extras)} with LAUNCH_SINGLE_INSTANCE_PER_TASK from uid 10190 (BAL_ALLOW_VISIBLE_WINDOW) result code=0
10-06 11:23:30.582  1902  1902 D MBrainLocalService: isVendorFreezeConditionPass is false
10-06 11:23:30.582  1902  1902 E MBrainLocalService: notifyAppSwitch failed
10-06 11:23:30.582  1902 23267 D MiuiSoScManagerStub: supportSoScMinimizedMode:true
10-06 11:23:30.582  1902 23267 D MiuiSoScManagerStub: taskInSoScFullMode:false
10-06 11:23:30.582  1902 23267 D MiuiFreeFormGestureController: deliverResultForFinishActivity resultTo: null resultFrom: ActivityRecord{90fdea9 u0 com.android.chrome/com.google.android.apps.chrome.IntentDispatcher t112 f}} isInVideoOrGameScene: false intent: Intent { act=android.intent.action.VIEW dat=https://dev.issuer.eudiw.dev/... flg=0x10800000 cmp=com.android.chrome/com.google.android.apps.chrome.IntentDispatcher }
10-06 11:23:30.582  1902 23267 D WindowManager: Collecting in transition 242: Task{14f7c2e #112 type=standard I=com.android.chrome/com.google.android.apps.chrome.IntentDispatcher} init visibleRequested:true
10-06 11:23:30.584  2983  3075 D OneHandedController: stopOneHanded state is 0
10-06 11:23:30.585  2983  3075 D OneHandedController: stopOneHanded state is 0
10-06 11:23:30.586  1902  2776 D CompatibilityChangeReporter: Compat change id reported: 261072174; UID 10190; state: ENABLED
10-06 11:23:30.588  2983  3147 D TaskSnapshot_Helper: SYS is normal.
10-06 11:23:30.590  2983  4706 D MiuiFreeformModeObserver: activityResumed() intent： Intent { cmp=com.android.chrome/org.chromium.chrome.browser.document.ChromeLauncherActivity (has extras) }
10-06 11:23:30.592  1902  2776 D SchedBoost: com.android.chrome boosting, skip reset priority
10-06 11:23:30.592  1902 23266 D WindowManager: Collecting in transition 242: ActivityRecord{90fdea9 u0 com.android.chrome/com.google.android.apps.chrome.IntentDispatcher t112 f}} init visibleRequested:true
10-06 11:23:30.593  1902 23266 D WindowManager: Collecting in transition 242: ActivityRecord{d5ddd51 u0 com.android.chrome/org.chromium.chrome.browser.ChromeTabbedActivity t113} init visibleRequested:false
10-06 11:23:30.593  1902 23266 D WindowManager: Collecting in transition 242: ActivityRecord{a178e5c u0 eu.europa.ec.euidi.dev/eu.europa.ec.assemblylogic.ui.MainActivity t111} init visibleRequested:true
10-06 11:23:30.593  1902 23266 D WindowManager: Collecting in transition 242: ActivityRecord{d5ddd51 u0 com.android.chrome/org.chromium.chrome.browser.ChromeTabbedActivity t113} init visibleRequested:true
10-06 11:23:30.594  1902 23266 D WindowManagerService: checkFlipFullScreenChange is same, nowIsFullScreen = false
10-06 11:23:30.595  1902 23266 D WindowManager: Collecting in transition 242: ActivityRecord{d5ddd51 u0 com.android.chrome/org.chromium.chrome.browser.ChromeTabbedActivity t113} init visibleRequested:true
10-06 11:23:30.595  1902 23266 D WindowManager: Set transition=TransitionRecord{f45b15c id=242 type=OPEN flags=0x0}, ready=true, SyncId=242 
10-06 11:23:30.597  1902 23266 I BLASTSyncEngine: SyncGroup 242:  Unfinished container:ActivityRecord{d5ddd51 u0 com.android.chrome/org.chromium.chrome.browser.ChromeTabbedActivity t113}
10-06 11:23:30.597  1902 23266 I BLASTSyncEngine: isActivitySyncFinished isSyncFinished false ActivityRecord{d5ddd51 u0 com.android.chrome/org.chromium.chrome.browser.ChromeTabbedActivity t113}
10-06 11:23:30.598  1902  1951 D ATMSImpl: Begin to report package foreground events...
10-06 11:23:30.607  1902  2772 I BLASTSyncEngine: SyncGroup 242:  Unfinished container:ActivityRecord{d5ddd51 u0 com.android.chrome/org.chromium.chrome.browser.ChromeTabbedActivity t113}
10-06 11:23:30.607  1902  2772 I BLASTSyncEngine: isActivitySyncFinished isSyncFinished false ActivityRecord{d5ddd51 u0 com.android.chrome/org.chromium.chrome.browser.ChromeTabbedActivity t113}
10-06 11:23:30.614  1902  1902 D MBrainLocalService: isVendorFreezeConditionPass is false
10-06 11:23:30.614  1902  1902 E MBrainLocalService: notifyAppSwitch failed
10-06 11:23:30.615  1902  2772 W WindowManager: finishDrawingWindow: Window{1465145 u0 Splash Screen com.android.chrome} mDrawState=DRAW_PENDING
10-06 11:23:30.617  1902  1939 D WindowManager: Set transition=TransitionRecord{f45b15c id=242 type=OPEN flags=0x0}, ready=true, SyncId=242 
10-06 11:23:30.617  1902  1936 E MBrainLocalService: MBrainJava launch failed: SecurityException
10-06 11:23:30.619  1902  1939 I SmartPower: com.android.chrome/10190(30792): invisible->visible(109ms) R(become visible) adj=0.
10-06 11:23:30.619  1902  1936 E MBrainLocalService: MBrainJava launch failed: SecurityException
10-06 11:23:30.619  1902  1939 W WindowManager: real show surface:Surface(name=Splash Screen com.android.chrome#3887)/@0x1e42f9
10-06 11:23:30.619  1902  1939 D WindowManager: Final targets: [Task{851fd8d #113 type=standard A=10190:com.android.chrome}, Task{8fd565 #111 type=standard A=10377:eu.europa.ec.euidi.dev}]
10-06 11:23:30.629  1902  1939 D WindowManager: snapshot isNothing = false source = Task{8fd565 #111 type=standard A=10377:eu.europa.ec.euidi.dev}
10-06 11:23:30.629  1902  1939 D WindowManager: Calling onTransitionReady info={id=242 t=OPEN f=0x0 trk=0 r=[0@Point(0, 0)] c=[{WCT{RemoteToken{9837e84 Task{851fd8d #113 type=standard A=10190:com.android.chrome}}} m=OPEN f=MOVE_TO_TOP leash=Surface(name=Task=113#3884)/@0x14cdfbb sb=Rect(0, 0 - 1080, 2400) eb=Rect(0, 0 - 1080, 2400) d=0},{WCT{RemoteToken{b9e1d5 Task{8fd565 #111 type=standard A=10377:eu.europa.ec.euidi.dev}}} m=TO_BACK f=NONE leash=Surface(name=Task=111#3857)/@0x62de1de sb=Rect(0, 0 - 1080, 2400) eb=Rect(0, 0 - 1080, 2400) d=0}] noAni=[false] df=[false] mk=[true] nc=[0] oa=[false]}, mToken=Token{ba1466d TransitionRecord{f45b15c id=242 type=OPEN flags=0x0}}
10-06 11:23:30.630  1902  1939 I BLASTSyncEngine: finishNow: after onTransactionReady, mSyncId=242
10-06 11:23:30.632  2983  3075 D MiuiFreeformAnimation: startAnimation change: {WCT{android.window.IWindowContainerToken$Stub$Proxy@fa201e3} m=OPEN f=MOVE_TO_TOP leash=Surface(name=Task=113#3884)/@0x7a1f874 sb=Rect(0, 0 - 1080, 2400) eb=Rect(0, 0 - 1080, 2400) d=0} info.getType(): 1
10-06 11:23:30.632  2983  3075 I MiuiFreeformAnimation: isLaunchWidgetPicker=false,taskInfo.getWindowingMode()=1, taskInfo.getActivityType()=1
10-06 11:23:30.632  2983  3075 D MiuiFreeformAnimation: startAnimation change: {WCT{android.window.IWindowContainerToken$Stub$Proxy@d2027e0} m=TO_BACK f=NONE leash=Surface(name=Task=111#3857)/@0x762519d sb=Rect(0, 0 - 1080, 2400) eb=Rect(0, 0 - 1080, 2400) d=0} info.getType(): 1
10-06 11:23:30.632  2983  3075 W MiuiTaskTransitionHandler: Receive an unknown transition, token=android.os.BinderProxy@cc1e980, type=1
10-06 11:23:30.632  2983  3075 D TransitionAnimationHelper:  load default animation  type = 1 enter = false animAttr = 9 isTask = true translucent = false
10-06 11:23:30.633  2983  3075 D TransitionAnimationHelper:  load default animation  type = 1 enter = true animAttr = 8 isTask = true translucent = false
10-06 11:23:30.634  2983  3092 D ShellTransitions: speed ui!!!!!!!!!!!
10-06 11:23:30.634  2983  3075 D MiuiFullScreenTaskRepository: setFocusedTask taskId=113, displayId=0, topActivity=ComponentInfo{com.android.chrome/org.chromium.chrome.browser.ChromeTabbedActivity}
10-06 11:23:30.634  2983  3075 D MiuiFullScreenTaskRepository: addOrUpdateFullScreenTaskInfo taskId=113, topActivity=ComponentInfo{com.android.chrome/org.chromium.chrome.browser.ChromeTabbedActivity}
10-06 11:23:30.642  2983  3075 D SoScUtils: monitorTransitionFinished transition:android.os.BinderProxy@cc1e980 transaction: android.view.SurfaceControl$Transaction@d12d3d1 mRequestCloseTransition:null mRequestOpenTransition:null mPairsOpenTransition:null mPairsOpenTransitionNull:null mRequestOpenTriggerTask:-1 mRequestCloseTriggerTask:-1 mOrientationTransition: null mMainStartingTask:-1 mSideStartingTask:-1
10-06 11:23:30.648  1902  2771 I SmartPower: com.google.process.gservices/10175(22048): idle->background(17492ms) R(content provider start ContentProviderRecord{15adf8b u0 com.google.android.gsf/.gservices.GservicesProvider}) adj=0.
10-06 11:23:30.656  2983  3075 D MiuiFullScreenTaskRepository: setFocusedTask taskId=113, displayId=0, topActivity=ComponentInfo{com.android.chrome/org.chromium.chrome.browser.ChromeTabbedActivity}
10-06 11:23:30.656  2983  3075 D MiuiFullScreenTaskRepository: addOrUpdateFullScreenTaskInfo taskId=113, topActivity=ComponentInfo{com.android.chrome/org.chromium.chrome.browser.ChromeTabbedActivity}
10-06 11:23:30.657  2983  3075 D MiuiDesktopModeController: onFocusTaskChanged newFocus: TaskInfo{userId=0 taskId=113 displayId=0 isRunning=true baseIntent=Intent { act=android.intent.action.VIEW dat=https://dev.issuer.eudiw.dev/... flg=0x14002000 cmp=com.android.chrome/org.chromium.chrome.browser.ChromeTabbedActivity } baseActivity=ComponentInfo{com.android.chrome/org.chromium.chrome.browser.ChromeTabbedActivity} topActivity=ComponentInfo{com.android.chrome/org.chromium.chrome.browser.ChromeTabbedActivity} origActivity=null realActivity=ComponentInfo{com.android.chrome/org.chromium.chrome.browser.ChromeTabbedActivity} numActivities=1 lastActiveTime=550081280 supportsSplitScreenMultiWindow=true supportsMultiWindow=true resizeMode=2 isResizeable=true minWidth=-1 minHeight=-1 defaultMinSize=200 token=WCT{android.window.IWindowContainerToken$Stub$Proxy@2340e36} topActivityType=1 pictureInPictureParams=null shouldDockBigOverlays=false launchIntoPipHostTaskId=-1 lastParentTaskIdBeforePip=-1 displayCutoutSafeInsets=Rect(0, 94 - 0, 0) topActivityInfo=ActivityInfo{42b137 org.chromium.chrome.browser.ChromeTabbedActivity} launchCookies=[] positionInParent=Point(0, 0) parentTaskId=-1 isFocused=true isVisible=true isVisibleRequested=true isSleeping=false topActivityInSizeCompat=false topActivityEligibleForLetterboxEducation= false topActivityLetterboxed= false isFromDoubleTap= false topActivityLetterboxVerticalPosition= -1 topActivityLetterboxHorizontalPosition= -1 topActivityLetterboxWidth=-1 topActivityLetterboxHeight=-1 locusId=null displayAreaFeatureId=1 cameraCompatControlState=hidden mIsCastMode=false mTopActivityMediaSize=null mTopActivityRecordName=ActivityRecord{d5ddd51 u0 com.android.chrome/org.chromium.chrome.browser.ChromeTabbedActivity t113} mTopActivityOrientation=-1 mTopActivityWindowIsNowVisible=false isTranslucent=false isEmbedded=false shouldBeVisible=true isImmersive=false mBehindAppLockPkg=null mOriginatingUid=0}
10-06 11:23:30.657  2983  3075 D MiuiFreeformModeController: onFocusTaskChanged taskInfo: TaskInfo{userId=0 taskId=113 displayId=0 isRunning=true baseIntent=Intent { act=android.intent.action.VIEW dat=https://dev.issuer.eudiw.dev/... flg=0x14002000 cmp=com.android.chrome/org.chromium.chrome.browser.ChromeTabbedActivity } baseActivity=ComponentInfo{com.android.chrome/org.chromium.chrome.browser.ChromeTabbedActivity} topActivity=ComponentInfo{com.android.chrome/org.chromium.chrome.browser.ChromeTabbedActivity} origActivity=null realActivity=ComponentInfo{com.android.chrome/org.chromium.chrome.browser.ChromeTabbedActivity} numActivities=1 lastActiveTime=550081280 supportsSplitScreenMultiWindow=true supportsMultiWindow=true resizeMode=2 isResizeable=true minWidth=-1 minHeight=-1 defaultMinSize=200 token=WCT{android.window.IWindowContainerToken$Stub$Proxy@2340e36} topActivityType=1 pictureInPictureParams=null shouldDockBigOverlays=false launchIntoPipHostTaskId=-1 lastParentTaskIdBeforePip=-1 displayCutoutSafeInsets=Rect(0, 94 - 0, 0) topActivityInfo=ActivityInfo{42b137 org.chromium.chrome.browser.ChromeTabbedActivity} launchCookies=[] positionInParent=Point(0, 0) parentTaskId=-1 isFocused=true isVisible=true isVisibleRequested=true isSleeping=false topActivityInSizeCompat=false topActivityEligibleForLetterboxEducation= false topActivityLetterboxed= false isFromDoubleTap= false topActivityLetterboxVerticalPosition= -1 topActivityLetterboxHorizontalPosition= -1 topActivityLetterboxWidth=-1 topActivityLetterboxHeight=-1 locusId=null displayAreaFeatureId=1 cameraCompatControlState=hidden mIsCastMode=false mTopActivityMediaSize=null mTopActivityRecordName=ActivityRecord{d5ddd51 u0 com.android.chrome/org.chromium.chrome.browser.ChromeTabbedActivity t113} mTopActivityOrientation=-1 mTopActivityWindowIsNowVisible=false isTranslucent=false isEmbedded=false shouldBeVisible=true isImmersive=false mBehindAppLockPkg=null mOriginatingUid=0}
10-06 11:23:30.657  2983  3075 D MiuiFullScreenTaskRepository: addOrUpdateFullScreenTaskInfo taskId=111, topActivity=ComponentInfo{eu.europa.ec.euidi.dev/eu.europa.ec.assemblylogic.ui.MainActivity}
10-06 11:23:30.658  1902 23259 I WindowManager: cancelAnimation removed leash : Surface(name=Surface(name=81266ae StatusBar#86)/@0xb48dfdc - animation-leash of insets_animation#3880)/@0x84c4d8a
10-06 11:23:30.659  1902 23259 I WindowManager: cancelAnimation removed leash : Surface(name=Surface(name=db27a2 NavigationBar0#82)/@0xc1acbf0 - animation-leash of insets_animation#3881)/@0x720e818
10-06 11:23:30.669 30792 30792 D MiuiMultiWindowUtils: freeform resolution args raw data:{  "wide_default":{    "freeform_args": {        "vertical_portrait":{"aspect_ratio":0.626, "original_ratio":0.5643,"original_scale":0.74,"top_margin":0.168,"left_margin":0.484},        "horizontal_portrait":{"aspect_ratio":0.626, "original_ratio":0.5643,"original_scale":0.74,"top_margin":0.1222,"left_margin":0.59745},        "vertical_landscape":{"aspect_ratio":1.6, "original_ratio":1,"original_scale":0.604,"top_margin":0.2596,"left_margin":0.2624},        "horizontal_landscape":{"aspect_ratio":1.6, "original_ratio":1,"original_scale":0.604,"top_margin":0.213,"left_margin":0.3758}    },    "mini_freeform_args":{        "vertical_portrait":{"original_ratio":0.147},        "horizontal_portrait":{"original_ratio":0.147},        "vertical_landscape":{"original_ratio":0.165},        "horizontal_landscape":{"original_ratio":0.165}    }  },  "narrow_default": {    "freeform_args": {        "vertical_portrait":{"aspect_ratio":0.626, "original_ratio":1,"original_scale":0.74,"top_margin":0.0753,"left_margin":-1},        "horizontal_portrait":{"aspect_ratio":0.626, "original_ratio":1,"original_scale":0.5756,"top_margin":-1,"left_margin":0.0753},        "vertical_landscape":{"aspect_ratio":1.6, "original_ratio":0.6847,"original_scale":0.587,"top_margin":0.0753,"left_margin":-1},        "horizontal_landscape":{"aspect_ratio":1.6, "original_ratio":0.6847,"original_scale":0.587,"top_margin":-1,"left_margin":0.0753}    },    "mini_freeform_args":{        "vertical_portrait":{"original_ratio":0.26},        "horizontal_portrait":{"original_ratio":0.26},        "vertical_landscape":{"original_ratio":0.293},        "horizontal_landscape":{"original_ratio":0.293}    }  },  "regular_default": {    "freeform_args": {      "vertical_portrait":{"aspect_ratio":0.625, "original_ratio":1,"original_scale":0.7,"top_margin":0.109,"left_margin":-1},      "horizontal_portrait":{"aspect_ratio":0.6667, "original_ratio":1,"original_scale":0.6102,"top_margin":-1,"left_margin":0.026},      "vertical_landscape":{"aspect_ratio":1.6, "original_ratio":1,"original_scale":0.4244,"top_margin":0.109,"left_margin":-1},      "horizontal_landscape":{"aspect_ratio":1.6, "original_ratio":1,"original_scale":0.4244,"top_margin":-1,"left_margin":0.026}    },    "mini_freeform_args":{      "vertical_portrait":{"original_ratio":0.25},      "horizontal_portrait":{"original_ratio":0.25},      "vertical_landscape":{"original_ratio":0.25},      "horizontal_landscape":{"original_ratio":0.25}    }  },  "pad_default": {    "freeform_args": {      "vertical_portrait":{"aspect_ratio":0.5625, "original_ratio":0.375,"original_scale":0.835,"top_margin":0.049,"left_margin":0.2775},      "horizontal_portrait":{"aspect_ratio":0.5625, "original_ratio":0.375,"original_scale":0.835,"top_margin":-1,"left_margin":0.6525},      "vertical_landscape":{"aspect_ratio":-1, "original_ratio":1,"original_scale":0.468,"top_margin":0.049,"left_margin":-1},      "horizontal_landscape":{"aspect_ratio":-1, "original_ratio":1,"original_scale":0.468,"top_margin":-1,"left_margin":0.4976}    },    "mini_freeform_args":{      "vertical_portrait":{"original_ratio":0.144},      "horizontal_portrait":{"original_ratio":0.144},      "vertical_landscape":{"original_ratio":0.2},      "horizontal_landscape":{"original_ratio":0.2}    }  }}
10-06 11:23:30.669 30792 30792 D MiuiMultiWindowUtils: initFreeFormResolutionArgs failed, device is rubypro
10-06 11:23:30.680  1902  1902 D MBrainLocalService: isVendorFreezeConditionPass is false
10-06 11:23:30.680  1902  1902 E MBrainLocalService: notifyAppSwitch failed
10-06 11:23:30.708 30792 30792 D MbrainDebugManagerImpl: getService failed
10-06 11:23:30.727 30792 30792 D FramePredict: FramePredict init: false
10-06 11:23:30.727 30792 30792 D FramePredict: init success
10-06 11:23:30.729  1902 23266 W ActivityManager: Permission Denial: getCurrentUser() from pid=30792, uid=10190 requires android.permission.INTERACT_ACROSS_USERS
10-06 11:23:30.730 30792 30870 E FramePredict: registerContentObserver fail
10-06 11:23:30.737  2983  4221 D MiuiFreeformModeObserver: activityResumed() intent： Intent { cmp=com.android.chrome/org.chromium.chrome.browser.ChromeTabbedActivity (has extras) }
10-06 11:23:30.741  1902 23266 D CoreBackPreview: Window{760196f u0 com.android.chrome/org.chromium.chrome.browser.ChromeTabbedActivity}: Setting back callback OnBackInvokedCallbackInfo{mCallback=android.window.IOnBackInvokedCallback$Stub$Proxy@bd6a75a, mPriority=-1, mIsAnimationCallback=false}
10-06 11:23:30.742  2983  3075 D MiuiFullScreenTaskRepository: setFocusedTask taskId=113, displayId=0, topActivity=ComponentInfo{com.android.chrome/org.chromium.chrome.browser.ChromeTabbedActivity}
10-06 11:23:30.742  2983  3075 D MiuiFullScreenTaskRepository: addOrUpdateFullScreenTaskInfo taskId=113, topActivity=ComponentInfo{com.android.chrome/org.chromium.chrome.browser.ChromeTabbedActivity}
10-06 11:23:30.743  1902 23267 I SmartPower: com.android.chrome:sandboxed_process0:org.chromium.content.app.SandboxedProcessSer-1->background(0ms) R(become background) adj=-10000.
10-06 11:23:30.744  1902  1955 D CompatibilityChangeReporter: Compat change id reported: 143937733; UID 10190; state: ENABLED
10-06 11:23:30.744  1902  1955 D CompatibilityChangeReporter: Compat change id reported: 135634846; UID 10190; state: DISABLED
10-06 11:23:30.744  1902  1955 D CompatibilityChangeReporter: Compat change id reported: 207557677; UID 10190; state: ENABLED
10-06 11:23:30.748  1902 23266 W WindowManager: Changing focus from null to Window{760196f u0 com.android.chrome/org.chromium.chrome.browser.ChromeTabbedActivity} displayId=0 Callers=com.android.server.wm.RootWindowContainer.updateFocusedWindowLocked:557 com.android.server.wm.WindowManagerService.updateFocusedWindowLocked:6962 com.android.server.wm.WindowManagerService.relayoutWindow:2951 com.android.server.wm.Session.relayout:266 
10-06 11:23:30.748  1902 23266 I WindowManager: cancelAnimation removed leash : Surface(name=Surface(name=81266ae StatusBar#86)/@0xb48dfdc - animation-leash of insets_animation#3891)/@0x12f987
10-06 11:23:30.749  1902 23266 I WindowManager: cancelAnimation removed leash : Surface(name=Surface(name=db27a2 NavigationBar0#82)/@0xc1acbf0 - animation-leash of insets_animation#3892)/@0xb2da4dd
10-06 11:23:30.750  1902 23266 D WindowManager: wms.Input focus has changed to Window{760196f u0 com.android.chrome/org.chromium.chrome.browser.ChromeTabbedActivity} display=0 updateInputWindows = true
10-06 11:23:30.750  1902 23266 I MultiSenceManagerInternalStub: getInstance
10-06 11:23:30.750  1902 23266 I WindowManager: Relayout Window{760196f u0 com.android.chrome/org.chromium.chrome.browser.ChromeTabbedActivity}: oldVis=4 newVis=0 focusMayChange = true requestedWidth = 1080 requestedHeight = 2400 outFrames = ClientWindowFrames{frame=[0,0][1080,2400] display=[0,0][1080,2400] parentFrame=[0,0][0,0]} outSurfaceControl = Surface(name=com.android.chrome/org.chromium.chrome.browser.ChromeTabbedActivity#3894)/@0x411acfe
10-06 11:23:30.767  1902  2352 W MiuiInputKeyEventLog: keyCode:23 down:true eventTime:40890130 downTime:40890130 policyFlags:22000002 flags:48 metaState:0 deviceId:0 isScreenOn:true keyguardActive:false repeatCount:0
10-06 11:23:30.772  1902  2352 W MiuiInputKeyEventLog: keyCode:23 down:false eventTime:40890136 downTime:40890130 policyFlags:22000002 flags:48 metaState:0 deviceId:0 isScreenOn:true keyguardActive:false repeatCount:0
10-06 11:23:30.801  1902 23267 W WindowManager: finishDrawingWindow: Window{760196f u0 com.android.chrome/org.chromium.chrome.browser.ChromeTabbedActivity} mDrawState=DRAW_PENDING
10-06 11:23:30.801  1902 23267 D WindowManager: wms.finishDrawingLocked: mDrawState=COMMIT_DRAW_PENDING Window{760196f u0 com.android.chrome/org.chromium.chrome.browser.ChromeTabbedActivity} in Surface(name=com.android.chrome/org.chromium.chrome.browser.ChromeTabbedActivity#3894)/@0x5c2d5bd
10-06 11:23:30.803  1902  1939 D TaskSnapshot_Helper: shouldDelay()... Not launched by home, no delay needed.
10-06 11:23:30.806  1902  1939 W WindowManager: real show surface:Surface(name=com.android.chrome/org.chromium.chrome.browser.ChromeTabbedActivity#3894)/@0x5c2d5bd
10-06 11:23:30.827  1902  1939 D WindowManager: setParent old=ActivityRecord{d5ddd51 u0 com.android.chrome/org.chromium.chrome.browser.ChromeTabbedActivity t113},new=null,this window=Window{1465145 u0 Splash Screen com.android.chrome},callers=com.android.server.wm.WindowContainer.removeChild:840 com.android.server.wm.ActivityRecord.removeChild:5227 com.android.server.wm.ActivityRecord.removeChild:470 com.android.server.wm.WindowContainer.removeImmediately:898 com.android.server.wm.WindowState.removeImmediately:2538 com.android.server.wm.WindowState.destroySurface:3654 
10-06 11:23:30.843  1902  1936 D Aurogon :  uid = 10377 switch to BG
10-06 11:23:30.844  1902  2600 D isUidValid: uid = 10377
10-06 11:23:30.872  1902  2600 D isUidValid: uid = 10184
10-06 11:23:30.878  1902  1955 W ActivityManager: Slow operation: 135ms so far, now at startProcess: returned from zygote!
10-06 11:23:30.878  1902  1955 W ActivityManager: Slow operation: 135ms so far, now at startProcess: done updating battery stats
10-06 11:23:30.878  1902  1955 W ActivityManager: Slow operation: 136ms so far, now at startProcess: building log message
10-06 11:23:30.878  1902  1955 I ActivityManager: Start proc 30955:com.android.chrome:sandboxed_process0:org.chromium.content.app.SandboxedProcessService0:0/u0ai0 for  {com.android.chrome/org.chromium.content.app.SandboxedProcessService0:0} caller=com.android.chrome
10-06 11:23:30.878  1902  1955 W ActivityManager: Slow operation: 136ms so far, now at startProcess: starting to update pids map
10-06 11:23:30.878  1902  1955 W ActivityManager: Slow operation: 136ms so far, now at startProcess: done updating pids map
10-06 11:23:30.891  1902  2620 I SmartPower: com.google.android.adservices.api/10307(31554): idle->background(2614ms) R(add to whitelist) adj=100.
10-06 11:23:30.897  1902  1955 I ActivityManager: Start proc 30969:com.android.chrome:privileged_process0/u0a190 for service {com.android.chrome/org.chromium.content.app.PrivilegedProcessService0} caller=com.android.chrome
10-06 11:23:30.916  1902 23265 D CompatibilityChangeReporter: Compat change id reported: 319212206; UID 10190; state: ENABLED
10-06 11:23:30.930  1902 23267 I SmartPower: eu.europa.ec.euidi.dev/10377(30246): visible->invisible(8026ms) R(become invisible) adj=700.
10-06 11:23:30.930  1902 23267 I SmartPower: eu.europa.ec.euidi.dev/10377(30246): invisible->background(0ms) R(become background) adj=700.
10-06 11:23:30.933  1902  2600 D isUidValid: uid = 90000
10-06 11:23:30.938  1902  1902 D MBrainLocalService: isVendorFreezeConditionPass is false
10-06 11:23:30.938  1902  1902 E MBrainLocalService: notifyAppSwitch failed
10-06 11:23:30.940  1902  2600 D isUidValid: uid = 10082
10-06 11:23:30.941 30955 30955 E MQSEventManagerDelegate: failed to get MQSService.
10-06 11:23:30.942 30955 30955 W ActivityThread: registerApplicationScoutThread result:false
