10-10 08:38:46.791  1902  1954 I SmartPower: com.miui.cloudservice/10116(20995): idle->background(207810ms) R(broadcast start Intent { act=android.intent.action.SCREEN_ON flg=0x50200010 }) adj=915.
10-10 08:38:46.815  1902  1954 I SmartPower: com.miui.videoplayer/10131(23667): idle->background(303612ms) R(broadcast start Intent { act=android.intent.action.SCREEN_ON flg=0x50200010 }) adj=905.
10-10 08:38:46.834  1902  1954 I SmartPower: com.google.android.gms/10175(15068): idle->background(31907ms) R(broadcast start Intent { act=android.intent.action.SCREEN_ON flg=0x50200010 }) adj=600.
10-10 08:38:46.861  1556  1556 I wificond: station_bandwidth: 
10-10 08:38:46.862  1902  5976 W BpBinder: Slow Binder: BpBinder transact took 661 ms, interface=android.os.IStatsd, code=5 oneway=false
10-10 08:38:46.876  1902 23267 W NotificationHistory: Attempted to add notif for locked/gone/disabled user 0
10-10 08:38:46.879  1902 23267 W NotificationHistory: Attempted to add notif for locked/gone/disabled user 0
10-10 08:38:46.944  1902 15926 I SmartPower: com.google.android.apps.messaging/10181(28276): idle->background(19641ms) R(content provider start ContentProviderRecord{f329b53 u0 com.google.android.apps.messaging/.shared.datamodel.provider.sharedstorage.SharedStorageProvider}) adj=200.
10-10 08:38:47.320  1902  2612 D SchedBoost: stopBoostInternal
10-10 08:38:47.607  1902  1958 I ExtM    : zram userate is low, no need to flush: 23
10-10 08:38:49.166  1902  2620 I SmartPower: com.miui.weather2/10228(25613): background->idle(3001ms) R(content provider start ContentProviderRecord{ed9d438 u0 com.miui.weather2/.providers.WeatherProvider}) adj=0.
10-10 08:38:49.467  1902  2620 I SmartPower: com.google.android.inputmethod.latin/10196(22721): background->idle(3001ms) R(broadcast start Intent { act=android.intent.action.SCREEN_ON flg=0x50200010 }) adj=100.
10-10 08:38:49.703  1902  2620 I SmartPower: com.xiaomi.simactivate.service/10148(31844): background->idle(3001ms) R(broadcast start Intent { act=android.intent.action.SCREEN_ON flg=0x50200010 }) adj=905.
10-10 08:38:49.704  1902  2620 I SmartPower: com.mi.globalminusscreen/10076(31794): background->idle(3002ms) R(broadcast start Intent { act=android.intent.action.SCREEN_ON flg=0x50200010 }) adj=100.
10-10 08:38:49.704  1902  2620 I SmartPower: com.android.mms/10301(2523): background->idle(3001ms) R(broadcast start Intent { act=android.intent.action.SCREEN_ON flg=0x50200010 }) adj=905.
10-10 08:38:49.733  1902  2620 I SmartPower: com.xiaomi.glgm/10132(5492): background->idle(3002ms) R(broadcast start Intent { act=android.intent.action.SCREEN_ON flg=0x50200010 }) adj=905.
10-10 08:38:49.740  1902  2620 I SmartPower: com.miui.global.packageinstaller/10123(10224): background->idle(3001ms) R(broadcast start Intent { act=android.intent.action.SCREEN_ON flg=0x50200010 }) adj=905.
10-10 08:38:49.813  1902  2620 I SmartPower: com.mi.android.globalFileexplorer/10121(10538): background->idle(3053ms) R(broadcast start Intent { act=android.intent.action.SCREEN_ON flg=0x50200010 }) adj=900.
10-10 08:38:49.814  1902  2620 I SmartPower: com.miui.cloudservice/10116(20995): background->idle(3023ms) R(broadcast end Intent { act=android.intent.action.SCREEN_ON flg=0x50200010 }) adj=905.
10-10 08:38:49.817  1902  2620 I SmartPower: com.miui.videoplayer/10131(23667): background->idle(3002ms) R(broadcast start Intent { act=android.intent.action.SCREEN_ON flg=0x50200010 }) adj=905.
10-10 08:38:49.835  1902  2620 I SmartPower: com.google.android.gms/10175(15068): background->idle(3001ms) R(broadcast start Intent { act=android.intent.action.SCREEN_ON flg=0x50200010 }) adj=600.
10-10 08:38:49.922  1556  1556 I wificond: station_bandwidth: 
10-10 08:38:49.946  1902  2620 I SmartPower: com.google.android.apps.messaging/10181(28276): background->idle(3002ms) R(content provider start ContentProviderRecord{f329b53 u0 com.google.android.apps.messaging/.shared.datamodel.provider.sharedstorage.SharedStorageProvider}) adj=200.
10-10 08:38:52.974  1556  1556 I wificond: station_bandwidth: 
10-10 08:38:53.023  1902 15926 D PerfShielderService: com.android.systemui|com.android.systemui-Not-1939607582|646|103969602443812|72|5|53
10-10 08:38:53.032 22071 14193 W MiuiPerfServiceClient: interceptAndQueuing:2983|com.android.systemui|646|72|103969602443812|Slow issue draw commands|53
10-10 08:38:53.097  1902  1977 D PowerManagerServiceImpl: screen wakeLock:[SCREEN_DIM_WAKE_LOCK           'UiAutomator2:ScreenKeeper' DISABLED (uid=10378 pid=16596 pkg=io.appium.uiautomator2.server)]disabled
10-10 08:38:53.099  1902  1977 D DisplayPowerControllerImpl: updateBrightnessChangeStatus: animating: true, displayState: 2, slowChange: false, appliedDimming: true, appliedLowPower: false, currentBrightness: 0.0038966879, currentSdrBrightness: 0.0038966879, targetBrightness: 8.54597E-4, targetSdrBrightness: 8.54597E-4, previousDisplayPolicy: 3, currentDisplayPolicy: 2
10-10 08:38:53.099  1902  1977 D RampRateController: updateBrightnessRate: screenBrightnessFloat: brightness rate changing from [zero_rate] to [dim_rate], rate: 0.004926882
10-10 08:38:53.099  1902  1977 D RampRateController: updateBrightnessRate: sdrScreenBrightnessFloat: brightness rate changing from [zero_rate] to [dim_rate], rate: 0.004926882
10-10 08:38:53.103  1902  1977 I DisplayPowerController[0]: Brightness [8.54597E-4] reason changing to: 'automatic [ dim ]', previous reason: 'automatic'.
10-10 08:38:53.103  1902  1977 I DisplayPowerController[0]: BrightnessEvent: disp=0, physDisp=local:4627039422300187648, brt=8.54597E-4, initBrt=0.0038966879, rcmdBrt=0.0038966879, preBrt=NaN, lux=0.0, preLux=NaN, hbmMax=0.499938, hbmMode=off, rbcStrength=50, thrmMax=1.0, powerFactor=1.0, wasShortTermModelActive=false, flags=, reason=automatic [ dim ], autoBrightness=true, strategy=
10-10 08:38:53.107  1902  1938 D TAG     : Remove previously redundant display event 0/4 to 6101/8896
10-10 08:38:53.107  1902  1938 D TAG     : Remove previously redundant display event 0/4 to 10190/9035
10-10 08:38:53.107  1902  1938 D TAG     : Remove previously redundant display event 0/4 to 10313/9231
10-10 08:38:53.107  1902  1938 D TAG     : Remove previously redundant display event 0/4 to 10190/11725
10-10 08:38:53.107  1902  1938 D TAG     : Remove previously redundant display event 0/4 to 10150/20996
10-10 08:38:53.108  1902  1938 D TAG     : Remove previously redundant display event 0/4 to 10312/31305
10-10 08:38:53.108  1902  1938 D TAG     : Remove previously redundant display event 0/4 to 10184/31626
10-10 08:38:55.272   691  5900 I keystore2: system/security/keystore2/src/watchdog.rs:319 - Watchdog thread idle -> terminating. Have a great day.
10-10 08:38:56.005  1556  1556 I wificond: station_bandwidth: 
10-10 08:38:56.093  1902  1977 I PowerGroup: Powering off display group due to timeout (groupId= 0, uid= 1000, millisSinceLastUserActivity=10001, lastUserActivityEvent=other)...
10-10 08:38:56.094  1902  1977 I PowerManagerService: Going to sleep due to timeout (uid 1000, screenOffTimeout=300000, activityTimeoutWM=10000, maxDimRatio=0.29999995, maxDimDur=18000)...
10-10 08:38:56.094  1902  1902 I WindowManager: Started going to sleep... (groupId=0 why=OFF_BECAUSE_OF_TIMEOUT)
10-10 08:38:56.101  1902  1977 I DisplayPowerControllerImpl: wait screen off animator: false -> true
10-10 08:38:56.101  1902  1977 I DisplayPowerController[0]: Brightness [0.0038966879] reason changing to: 'automatic', previous reason: 'automatic [ dim ]'.
10-10 08:38:56.101  1902  1977 I DisplayPowerController[0]: BrightnessEvent: disp=0, physDisp=local:4627039422300187648, brt=0.0038966879, initBrt=8.54597E-4, rcmdBrt=0.0038966879, preBrt=NaN, lux=0.0, preLux=NaN, hbmMax=0.499938, hbmMode=off, rbcStrength=50, thrmMax=1.0, powerFactor=1.0, wasShortTermModelActive=false, flags=, reason=automatic, autoBrightness=true, strategy=
10-10 08:38:56.105  1902  1977 I DisplayPowerControllerImpl: Wait screen off animator timeout. Skip waiting
10-10 08:38:56.106  2983  3075 D MiuiWindowDecorViewModel: mStartedGoingToSleepListener: sending cancel event
10-10 08:38:56.106  2983  3075 D MiuiDragAndDropController: mStartedGoingToSleepListener: sending cancel event
10-10 08:38:56.108  1902  1977 I DisplayPowerControllerImpl: skip wait screen off Animator due to stop request
10-10 08:38:56.108  1902  1977 I DisplayPowerControllerImpl: wait screen off animator: true -> false
10-10 08:38:56.108  1902  1977 I DisplayPowerController[0]: Blocking screen off
10-10 08:38:56.109  1902  1977 I DisplayPowerController[0]: Unblocked screen off after 1 ms
10-10 08:38:56.111  1902  1977 I WindowManager: Display0 turned off...
10-10 08:38:56.113  1902  1977 I DualSensorPolicy: setSensorEnabled: unregister the assist light sensor.
10-10 08:38:56.114  1902  1902 W ProcessStats: Tracking association SourceState{c218a0c com.xiaomi.mirror/1000 Fgs #319659} whose proc state 3 is better than process ProcessState{d2a9cfb com.miui.powerkeeper/1000 pkg=com.miui.powerkeeper} proc state 4 (263 skipped)
10-10 08:38:56.114  1902  1938 D TAG     : Remove previously redundant display event 0/4 to 10132/5492
10-10 08:38:56.114  1902  1938 D TAG     : Remove previously redundant display event 0/4 to 6101/8896
10-10 08:38:56.114  1902  1938 D TAG     : Remove previously redundant display event 0/4 to 10190/9035
10-10 08:38:56.114  1902  1938 D TAG     : Remove previously redundant display event 0/4 to 10313/9231
10-10 08:38:56.114  1902  1938 D TAG     : Remove previously redundant display event 0/4 to 10121/10538
10-10 08:38:56.114  1902  1938 D TAG     : Remove previously redundant display event 0/4 to 10190/11725
10-10 08:38:56.115  1902  1938 D TAG     : Remove previously redundant display event 0/4 to 10150/20996
10-10 08:38:56.115  1902  1938 D TAG     : Remove previously redundant display event 0/4 to 10131/23667
10-10 08:38:56.115  1902  1938 D TAG     : Remove previously redundant display event 0/4 to 10312/31305
10-10 08:38:56.115  1902  1938 D TAG     : Remove previously redundant display event 0/4 to 10184/31626
10-10 08:38:56.120  1902  1977 I DaemonSensorPolicy: register daemon light sensor.
10-10 08:38:56.120  1902  1977 D DisplayPowerControllerImpl: updateBrightnessChangeStatus: animating: false, displayState: 1, slowChange: false, appliedDimming: false, appliedLowPower: false, currentBrightness: 8.54597E-4, currentSdrBrightness: 8.54597E-4, targetBrightness: 0.0, targetSdrBrightness: 0.0, previousDisplayPolicy: 2, currentDisplayPolicy: 0
10-10 08:38:56.120  1902  1977 D RampRateController: updateBrightnessRate: screenBrightnessFloat: brightness rate changing from [dim_rate] to [zero_rate], rate: 0.0
10-10 08:38:56.120  1902  1977 D RampRateController: updateBrightnessRate: sdrScreenBrightnessFloat: brightness rate changing from [dim_rate] to [zero_rate], rate: 0.0
10-10 08:38:56.121  2983  3794 I KeyguardSensorInjector: unregister large area touch sensor
10-10 08:38:56.121  1902  1977 I DisplayPowerController[0]: Brightness [-1.0] reason changing to: 'screen_off', previous reason: 'automatic'.
10-10 08:38:56.121  1902  1977 I DisplayPowerController[0]: BrightnessEvent: disp=0, physDisp=local:4627039422300187648, brt=-1.0, initBrt=0.0038966879, rcmdBrt=NaN, preBrt=NaN, lux=0.0, preLux=0.0, hbmMax=0.499938, hbmMode=off, rbcStrength=50, thrmMax=1.0, powerFactor=1.0, wasShortTermModelActive=false, flags=, reason=screen_off, autoBrightness=true, strategy=
10-10 08:38:56.123  1902  1938 D TAG     : Remove previously redundant display event 0/4 to 10132/5492
10-10 08:38:56.123  1902  1938 D TAG     : Remove previously redundant display event 0/4 to 6101/8896
10-10 08:38:56.123  1902  1938 D TAG     : Remove previously redundant display event 0/4 to 10190/9035
10-10 08:38:56.123  1902  1938 D TAG     : Remove previously redundant display event 0/4 to 10313/9231
10-10 08:38:56.123  1902  1938 D TAG     : Remove previously redundant display event 0/4 to 10121/10538
10-10 08:38:56.123  1902  1938 D TAG     : Remove previously redundant display event 0/4 to 10190/11725
10-10 08:38:56.123  1902  1938 D TAG     : Remove previously redundant display event 0/4 to 10150/20996
10-10 08:38:56.123  1902  1938 D TAG     : Remove previously redundant display event 0/4 to 10131/23667
10-10 08:38:56.123  1902  1938 D TAG     : Remove previously redundant display event 0/4 to 10312/31305
10-10 08:38:56.123  1902  1938 D TAG     : Remove previously redundant display event 0/4 to 10184/31626
10-10 08:38:56.123  1902  1938 I DisplayDeviceRepository: Display device changed state: "Built-in Screen", OFF
10-10 08:38:56.124  1902  2652 I LocalDisplayAdapter: setDisplayState(id=4627039422300187648, state=OFF)
10-10 08:38:56.125  1902  1938 D TAG     : Remove previously redundant display event 0/2 to 6101/8896
10-10 08:38:56.125  1902  1938 D TAG     : Remove previously redundant display event 0/2 to 10190/9035
10-10 08:38:56.125  1902  1938 D TAG     : Remove previously redundant display event 0/2 to 10313/9231
10-10 08:38:56.125  1902  1938 D TAG     : Remove previously redundant display event 0/2 to 10190/11725
10-10 08:38:56.127  1902  1938 D TAG     : Remove previously redundant display event 0/2 to 10150/20996
10-10 08:38:56.127  1902  1938 D TAG     : Remove previously redundant display event 0/2 to 10312/31305
10-10 08:38:56.127  1902  1938 D TAG     : Remove previously redundant display event 0/2 to 10184/31626
10-10 08:38:56.130  2983  3075 D OneHandedController: stopOneHanded state is 0
10-10 08:38:56.130  2983  3075 D OneHandedController: stopOneHanded state is 0
10-10 08:38:56.133  1902  2612 D SchedBoost: startBoostInternal 1000
10-10 08:38:56.138  1902  1939 I DisplayDevice: [0] Layerstack set to -1 for local:4627039422300187648
10-10 08:38:56.164  1902  2697 I DisplayManagerServiceImpl: receive screen off animator end
10-10 08:38:56.164  1902  1977 I DisplayPowerControllerImpl: Wait screen off animator complete
10-10 08:38:56.165  1902  1977 I DisplayPowerControllerImpl: skip wait screen off Animator due to stop request
10-10 08:38:56.268  1902  1902 D UiModeManager: updateConfigurationLocked: mDockState=0; mCarMode=false; mCar=false; mPowerSave=false; mOverrideNightModeOn=false; mOverrideNightModeOff=false; mComputedNightMode=false; mNightMode=1; uiMode=17
10-10 08:38:56.314  1902  1938 I DisplayDeviceRepository: Display device changed state: "Built-in Screen", OFF
10-10 08:38:56.315  1902  1977 I DisplayPowerControllerImpl: skip wait screen off Animator due to invalid
10-10 08:38:56.317  1902  1938 D TAG     : Remove previously redundant display event 0/2 to 10132/5492
10-10 08:38:56.317  1902  1938 D TAG     : Remove previously redundant display event 0/2 to 6101/8896
10-10 08:38:56.317  1902  1938 D TAG     : Remove previously redundant display event 0/2 to 10190/9035
10-10 08:38:56.317  1902  1938 D TAG     : Remove previously redundant display event 0/2 to 10313/9231
10-10 08:38:56.317  1902  1938 D TAG     : Remove previously redundant display event 0/2 to 10121/10538
10-10 08:38:56.317  1902  1938 D TAG     : Remove previously redundant display event 0/2 to 10190/11725
10-10 08:38:56.317  1902  1938 D TAG     : Remove previously redundant display event 0/2 to 10150/20996
10-10 08:38:56.318  1902  1938 D TAG     : Remove previously redundant display event 0/2 to 10131/23667
10-10 08:38:56.318  1902  1938 D TAG     : Remove previously redundant display event 0/2 to 10312/31305
10-10 08:38:56.318  1902  1938 D TAG     : Remove previously redundant display event 0/2 to 10184/31626
10-10 08:38:56.319  1902  1977 I DreamManagerService: Entering dreamland.
10-10 08:38:56.319  1902  1977 I PowerManagerService: Dozing...
10-10 08:38:56.325  1902  1902 I WindowManager: Finished going to sleep... (groupId=0 why=OFF_BECAUSE_OF_TIMEOUT)
10-10 08:38:56.331  1902  1919 I DreamController: Starting dream: name=ComponentInfo{com.android.systemui/com.android.systemui.doze.DozeService}, isPreviewMode=false, canDoze=true, userId=0, reason='power manager request'
10-10 08:38:56.354  1902  1954 I SmartPower: com.xiaomi.discover/10128(11400): idle->background(10853ms) R(broadcast start Intent { act=android.intent.action.BATTERY_CHANGED flg=0x60000010 (has extras) }) adj=905.
10-10 08:38:56.414  1902  1902 D MiSound.MQSUtils: device not support AudioVisual
10-10 08:38:56.414  1902  1902 D MiSound.MQSUtils: needToReport year: 2025month: 10day: 10
10-10 08:38:56.414  1902  1902 I MiSound.MQSUtils: reportAudioButtonStatus start.
10-10 08:38:56.414  1902  1902 D MiSound.MQSUtils: device not support AudioVisual
10-10 08:38:56.414  1902  1902 D MiSound.MQSUtils: device not support HIFI
10-10 08:38:56.414  1902  1902 D MiSound.MQSUtils: device not support AllowSpeakerToRing
10-10 08:38:56.414  1902  1902 I MiSound.MQSUtils: ears compensation status is :
10-10 08:38:56.414  1902  1902 I MiSound.MQSUtils: Dolby Switch status is :false
10-10 08:38:56.414  1902  1902 D MiSound.MQSUtils: device not support 3D audio
10-10 08:38:56.414  1902  1902 D MiSound.MQSUtils: device not support spatial audio
10-10 08:38:56.414  1902  1902 I MiSound.MQSUtils: misound status is :
10-10 08:38:56.414  1902  1902 I MiSound.MQSUtils: misound eq is :
10-10 08:38:56.414  1902  1902 I MiSound.MQSUtils: misound eq status is :null
10-10 08:38:56.414  1902  1902 D MiSound.MQSUtils: device not support harmankardon
10-10 08:38:56.414  1902  1902 I MiSound.MQSUtils: ears compensation button is :close
10-10 08:38:56.414  1902  1902 I MiSound.MQSUtils: the region is :GR
10-10 08:38:56.421  1902  1902 W ContextImpl: Calling a method in the system process without a qualified user: android.app.ContextImpl.startService:1910 com.android.server.audio.MQSUtils.reportAudioButtonStatus:549 com.android.server.audio.AudioServiceStubImpl.reportAudioStatus:809 com.android.server.audio.AudioServiceStubImpl.showVisualEffect:604 com.android.server.audio.AudioService$AudioServiceBroadcastReceiver.onReceive:11288 
10-10 08:38:56.430  1902  1902 I MiSound.MQSUtils: reportVibrateStatus start.
10-10 08:38:56.430  1902  1902 I MiSound.MQSUtils: the region is :GR
10-10 08:38:56.434  1902  1902 W ContextImpl: Calling a method in the system process without a qualified user: android.app.ContextImpl.startService:1910 com.android.server.audio.MQSUtils.reportVibrateStatus:657 com.android.server.audio.AudioServiceStubImpl.reportAudioStatus:810 com.android.server.audio.AudioServiceStubImpl.showVisualEffect:604 com.android.server.audio.AudioService$AudioServiceBroadcastReceiver.onReceive:11288 
10-10 08:38:56.440  1902  1902 D MQSAudioHardware: userSetUpComplete = 1, userExperienceEnable = true
10-10 08:38:56.440  1902  1902 D MQSAudioHardware: audio hw state changed from 00000000000000 to 
10-10 08:38:56.451  1902  1902 D MBrainLocalService: isVendorFreezeConditionPass is false
10-10 08:38:56.451  1902  1902 E ScreenIntentReceiver: notifyChange failed
10-10 08:38:56.529  1902 23265 I SmartPower: com.miui.weather2/10228(25613): idle->background(7363ms) R(content provider start ContentProviderRecord{ed9d438 u0 com.miui.weather2/.providers.WeatherProvider}) adj=0.
10-10 08:38:56.605  1902  1954 I SmartPower: com.miui.home/10085(3001): idle->background(11644ms) R(broadcast start Intent { act=android.intent.action.SCREEN_OFF flg=0x50200010 }) adj=100.
10-10 08:38:56.613  1902  2771 W ActivityManager: Unable to start service Intent { pkg=com.miui.securitycenter cmp=com.miui.securitycenter/com.miui.apppredict.service.AiService } U=0: not found
10-10 08:38:56.623  1902  2612 D SchedBoost: stopBoostInternal
10-10 08:38:56.631  1902  1954 I SmartPower: com.google.android.inputmethod.latin/10196(22721): idle->background(7164ms) R(broadcast start Intent { act=android.intent.action.SCREEN_OFF flg=0x50200010 }) adj=100.
10-10 08:38:56.663  1902  2600 D isUidValid: uid = 99049
10-10 08:38:56.717  1902  1902 I ExtM    : Screen on--> Screen off diff < 2 minutes
10-10 08:38:56.720  1902  3984 D CompatibilityChangeReporter: Compat change id reported: 135634846; UID 10130; state: DISABLED
10-10 08:38:56.720  1902  3984 D CompatibilityChangeReporter: Compat change id reported: 177438394; UID 10130; state: DISABLED
10-10 08:38:56.720  1902  3984 D CompatibilityChangeReporter: Compat change id reported: 135772972; UID 10130; state: DISABLED
10-10 08:38:56.721  1902  3984 D CompatibilityChangeReporter: Compat change id reported: 135754954; UID 10130; state: ENABLED
10-10 08:38:56.722  1902  1955 D CompatibilityChangeReporter: Compat change id reported: 143937733; UID 10130; state: ENABLED
10-10 08:38:56.744  1902  1955 I ActivityManager: Start proc 6043:com.miui.msa.global:ui/u0a130 for service {com.miui.msa.global/com.xiaomi.ad.internal.splash.uiprocess.SplashUIService} caller=com.miui.msa.global
10-10 08:38:56.754  1902  1954 I SmartPower: com.xiaomi.simactivate.service/10148(31844): idle->background(7052ms) R(broadcast start Intent { act=android.intent.action.SCREEN_OFF flg=0x50200010 }) adj=905.
10-10 08:38:56.755  1902  1954 I SmartPower: com.mi.globalminusscreen/10076(31794): idle->background(7051ms) R(broadcast start Intent { act=android.intent.action.SCREEN_OFF flg=0x50200010 }) adj=100.
10-10 08:38:56.764  1902  3984 W AppOps  : Noting op not finished: uid 10175 pkg com.google.android.gms code 79 startTime of in progress event=1760013270374
10-10 08:38:56.773  1902  1954 I SmartPower: com.android.mms/10301(2523): idle->background(7069ms) R(broadcast start Intent { act=android.intent.action.SCREEN_OFF flg=0x50200010 }) adj=905.
10-10 08:38:56.785  1902  2771 W AppOps  : Noting op not finished: uid 10175 pkg com.google.android.gms code 113 startTime of in progress event=1760013270374
10-10 08:38:56.790  1902  1954 I SmartPower: com.xiaomi.glgm/10132(5492): idle->background(7057ms) R(broadcast start Intent { act=android.intent.action.SCREEN_OFF flg=0x50200010 }) adj=905.
10-10 08:38:56.790  1902  1954 I SmartPower: com.miui.global.packageinstaller/10123(10224): idle->background(7051ms) R(broadcast start Intent { act=android.intent.action.SCREEN_OFF flg=0x50200010 }) adj=905.
10-10 08:38:56.796  1902 23265 I SmartPower: com.miui.msa.global:ui/10130(6043): died->background(687138ms) R(process start ) adj=-10000.
10-10 08:38:56.798  1902 23265 D CompatibilityChangeReporter: Compat change id reported: 168419799; UID 10130; state: DISABLED
10-10 08:38:56.798  1902 23265 D CompatibilityChangeReporter: Compat change id reported: 273564678; UID 10130; state: DISABLED
10-10 08:38:56.807  1902  2771 W AppOps  : Noting op not finished: uid 10175 pkg com.google.android.gms code 113 startTime of in progress event=1760013270374
10-10 08:38:56.811  1902  1954 I SmartPower: com.mi.android.globalFileexplorer/10121(10538): idle->background(6998ms) R(broadcast start Intent { act=android.intent.action.SCREEN_OFF flg=0x50200010 }) adj=901.
10-10 08:38:56.821  1902  2771 W AppOps  : Noting op not finished: uid 10175 pkg com.google.android.gms code 113 startTime of in progress event=1760074390843
10-10 08:38:56.832  1902  1954 I SmartPower: com.android.chrome/10190(9035): idle->background(11330ms) R(broadcast start Intent { act=android.intent.action.SCREEN_OFF flg=0x50200010 }) adj=900.
10-10 08:38:56.842  1902  1954 I SmartPower: com.miui.cloudservice/10116(20995): idle->background(7028ms) R(broadcast start Intent { act=android.intent.action.SCREEN_OFF flg=0x50200010 }) adj=905.
10-10 08:38:56.853  1902  1954 I SmartPower: com.miui.videoplayer/10131(23667): idle->background(7037ms) R(broadcast start Intent { act=android.intent.action.SCREEN_OFF flg=0x50200010 }) adj=905.
10-10 08:38:56.854  1902  1954 I SmartPower: com.google.android.gms/10175(15068): idle->background(7019ms) R(broadcast start Intent { act=android.intent.action.SCREEN_OFF flg=0x50200010 }) adj=600.
10-10 08:38:56.896  1902 23265 I ActivityManager: Flag disabled. Ignoring finishAttachApplication from uid: 10130. pid: 6043
10-10 08:38:56.899  1902 23265 D CompatibilityChangeReporter: Compat change id reported: 161145287; UID 10130; state: ENABLED
10-10 08:38:57.010  6043  6068 I Ad      : isPersonalizedAdEnabled getAdSettings: 3
10-10 08:39:04.496  1902  2336 D AlarmManager: mBroadcastRefCount -> 1
10-10 08:39:04.524  1902  2336 D AlarmManager: mBroadcastRefCount -> 2
10-10 08:39:04.525  1902  1902 D AlarmManager: mBroadcastRefCount -> 1
10-10 08:39:04.525  1902  1902 D AlarmManager: mPendingIntent -> null
10-10 08:39:04.562  1902  1902 D UiModeManager: updateConfigurationLocked: mDockState=0; mCarMode=false; mCar=false; mPowerSave=false; mOverrideNightModeOn=false; mOverrideNightModeOff=false; mComputedNightMode=false; mNightMode=1; uiMode=17
10-10 08:39:04.563  1902 15926 D AlarmManager: mBroadcastRefCount -> 0
10-10 08:39:04.563  1902 15926 D AlarmManager: mPendingIntent -> null
10-10 08:39:04.586  2983  3211 W ContextImpl: Calling a method in the system process without a qualified user: android.app.ContextImpl.bindService:1999 android.content.ContextWrapper.bindService:872 android.service.quickaccesswallet.QuickAccessWalletClientImpl.lambda$connectInternal$2:369 android.service.quickaccesswallet.QuickAccessWalletClientImpl.$r8$lambda$xqGx39K5PyGhxgPjBT-OfB2yTag:0 android.service.quickaccesswallet.QuickAccessWalletClientImpl$$ExternalSyntheticLambda7.run:6 
10-10 08:39:04.648  1902  2591 D MiuiBatteryServiceImpl: currenet connector temp = 216 Last currenet connector temp = 215
10-10 08:39:31.572  1902  1902 D UiModeManager: updateConfigurationLocked: mDockState=0; mCarMode=false; mCar=false; mPowerSave=false; mOverrideNightModeOn=false; mOverrideNightModeOff=false; mComputedNightMode=false; mNightMode=1; uiMode=17
10-10 08:39:31.823  1902  2620 I SmartPower: com.xiaomi.discover/10128(11400): background->idle(3001ms) R(broadcast start Intent { act=android.intent.action.BATTERY_CHANGED flg=0x60000010 (has extras) }) adj=905.
10-10 08:39:32.001  1902  2620 I SmartPower: com.miui.weather2/10228(25613): background->idle(3004ms) R(content provider start ContentProviderRecord{ed9d438 u0 com.miui.weather2/.providers.WeatherProvider}) adj=0.
10-10 08:39:32.074  1902  2620 I SmartPower: com.miui.home/10085(3001): background->idle(3001ms) R(broadcast start Intent { act=android.intent.action.SCREEN_OFF flg=0x50200010 }) adj=100.
10-10 08:39:32.100  1902  2620 I SmartPower: com.google.android.inputmethod.latin/10196(22721): background->idle(3000ms) R(broadcast start Intent { act=android.intent.action.SCREEN_OFF flg=0x50200010 }) adj=100.
10-10 08:39:32.224  1902  2620 I SmartPower: com.xiaomi.simactivate.service/10148(31844): background->idle(3000ms) R(broadcast start Intent { act=android.intent.action.SCREEN_OFF flg=0x50200010 }) adj=905.
10-10 08:39:32.224  1902  2620 I SmartPower: com.mi.globalminusscreen/10076(31794): background->idle(3001ms) R(broadcast start Intent { act=android.intent.action.SCREEN_OFF flg=0x50200010 }) adj=100.
10-10 08:39:32.242  1902  2620 I SmartPower: com.android.mms/10301(2523): background->idle(3001ms) R(broadcast start Intent { act=android.intent.action.SCREEN_OFF flg=0x50200010 }) adj=905.
10-10 08:39:32.259  1902  2620 I SmartPower: com.xiaomi.glgm/10132(5492): background->idle(3001ms) R(broadcast start Intent { act=android.intent.action.SCREEN_OFF flg=0x50200010 }) adj=905.
10-10 08:39:32.259  1902  2620 I SmartPower: com.miui.global.packageinstaller/10123(10224): background->idle(3000ms) R(broadcast start Intent { act=android.intent.action.SCREEN_OFF flg=0x50200010 }) adj=905.
10-10 08:39:32.280  1902  2620 I SmartPower: com.mi.android.globalFileexplorer/10121(10538): background->idle(3001ms) R(broadcast start Intent { act=android.intent.action.SCREEN_OFF flg=0x50200010 }) adj=900.
10-10 08:39:32.303  1902  2620 I SmartPower: com.android.chrome/10190(9035): background->idle(3003ms) R(broadcast start Intent { act=android.intent.action.SCREEN_OFF flg=0x50200010 }) adj=900.
10-10 08:39:32.311  1902  2620 I SmartPower: com.miui.cloudservice/10116(20995): background->idle(3000ms) R(broadcast start Intent { act=android.intent.action.SCREEN_OFF flg=0x50200010 }) adj=905.
10-10 08:39:32.323  1902  2620 I SmartPower: com.miui.videoplayer/10131(23667): background->idle(3000ms) R(broadcast start Intent { act=android.intent.action.SCREEN_OFF flg=0x50200010 }) adj=905.
10-10 08:39:32.323  1902  2620 I SmartPower: com.google.android.gms/10175(15068): background->idle(3001ms) R(broadcast start Intent { act=android.intent.action.SCREEN_OFF flg=0x50200010 }) adj=600.
10-10 08:39:32.372  1902  2620 I SmartPower: com.miui.msa.global:ui/10130(6043): background->idle(3108ms) R(service end com.miui.msa.global/com.xiaomi.ad.internal.splash.uiprocess.SplashUIService) adj=905.
10-10 08:39:38.485  1902  2771 I PowerGroup: Waking up power group from Dozing (groupId=0, uid=1000, reason=WAKE_REASON_UNKNOWN, details=com.android.systemui:PICK_UP)...
10-10 08:39:38.490  1902  1902 I WindowManager: Started waking up... (groupId=0 why=ON_BECAUSE_OF_UNKNOWN)
10-10 08:39:38.495  1902  2771 I PowerManagerService: Waking up from Dozing (uid=1000, reason=WAKE_REASON_UNKNOWN, details=com.android.systemui:PICK_UP)...
10-10 08:39:38.498  1902  1902 E ActivityManager: Cancel pending or running compactions as system is awake
10-10 08:39:38.508  1902  1977 I DisplayPowerController[0]: Blocking screen on until initial contents have been drawn.
10-10 08:39:38.508  1902  1977 I WindowManager: Display 0 turning on...
10-10 08:39:38.512  1902  1977 W DaemonSensorPolicy: the sensor of the type 33171055 is not in daemon sensor list!
10-10 08:39:38.512  1902  1977 I AutomaticBrightnessController: AmbientLux=0.0, mAmbientDarkeningThreshold=0.0, mAmbientBrighteningThreshold=2.0, mAmbientBrighteningSmallThreshold=2.0
10-10 08:39:38.512  1902  1977 I DualSensorPolicy: setSensorEnabled: register the assist light sensor.
10-10 08:39:38.512  1902  1977 I AutomaticBrightnessController: updateAutoBrightness: mScreenAutoBrightness=NaN, newScreenAutoBrightness=0.0038966879 (checkedAutoBrightness=65), mAmbientLux=0.0, mUseDaemonSensorInProgress=true
10-10 08:39:38.512  1902  1977 D DisplayPowerControllerImpl: updateBrightnessChangeStatus: animating: false, displayState: 2, slowChange: false, appliedDimming: false, appliedLowPower: false, currentBrightness: 0.0, currentSdrBrightness: 0.0, targetBrightness: 0.0038966879, targetSdrBrightness: 0.0038966879, previousDisplayPolicy: 0, currentDisplayPolicy: 3
10-10 08:39:38.516  1902  1977 I DisplayPowerController[0]: Brightness [0.0038966879] reason changing to: 'automatic', previous reason: 'screen_off'.
10-10 08:39:38.517  1902  1977 I DisplayPowerController[0]: BrightnessEvent: disp=0, physDisp=local:4627039422300187648, brt=0.0038966879, initBrt=-1.0, rcmdBrt=0.0038966879, preBrt=NaN, lux=NaN, preLux=NaN, hbmMax=0.499938, hbmMode=off, rbcStrength=50, thrmMax=1.0, powerFactor=1.0, wasShortTermModelActive=false, flags=invalid_lux , reason=automatic, autoBrightness=true, strategy=
10-10 08:39:38.520  2983  2983 I KeyguardSensorInjector: keyguard_screen_on_reason:pick up
10-10 08:39:38.521  1902  1977 I AutomaticBrightnessController: AmbientLux=0.0, mAmbientDarkeningThreshold=0.0, mAmbientBrighteningThreshold=2.0, mAmbientBrighteningSmallThreshold=2.0
10-10 08:39:38.524  1902  1977 I DaemonSensorPolicy: unregister daemon light sensor.
10-10 08:39:38.527  1902  2652 I LocalDisplayAdapter: setDisplayState(id=4627039422300187648, state=ON)
10-10 08:39:38.527  1902  1938 D TAG     : Remove previously redundant display event 0/4 to 6101/8896
10-10 08:39:38.527  1902  1938 D TAG     : Remove previously redundant display event 0/4 to 10313/9231
10-10 08:39:38.527  1902  1938 D TAG     : Remove previously redundant display event 0/4 to 10150/20996
10-10 08:39:38.527  1902  1938 D TAG     : Remove previously redundant display event 0/4 to 10312/31305
10-10 08:39:38.527  1902  1938 D TAG     : Remove previously redundant display event 0/4 to 10184/31626
10-10 08:39:38.527  1902  1938 I DisplayDeviceRepository: Display device changed state: "Built-in Screen", ON
10-10 08:39:38.528  2983  3794 I KeyguardSensorInjector: register large area touch sensor
10-10 08:39:38.532  1902  1938 D TAG     : Remove previously redundant display event 0/2 to 6101/8896
10-10 08:39:38.532  1902  1938 D TAG     : Remove previously redundant display event 0/2 to 10313/9231
10-10 08:39:38.533  1902  1938 D TAG     : Remove previously redundant display event 0/2 to 10150/20996
10-10 08:39:38.538  1902 23266 I DisplayDevice: [0] Layerstack set to 0 for local:4627039422300187648
10-10 08:39:38.542  1902  1938 D TAG     : Remove previously redundant display event 0/2 to 10312/31305
10-10 08:39:38.542  1902  1938 D TAG     : Remove previously redundant display event 0/2 to 10184/31626
10-10 08:39:38.559  1902  3317 D MiuiFreeFormManagerService: getAllFreeFormStackInfosOnDisplay list=0
10-10 08:39:38.570  1902  2612 D SchedBoost: startBoostInternal 1000
10-10 08:39:38.574  1902  3984 I WindowManager: mKeyguardDelegate.ShowListener.onDrawn.
10-10 08:39:38.574  1902  1936 W WindowManager: Setting mKeyguardDrawComplete
10-10 08:39:38.595  1902  1902 D MBrainLocalService: isVendorFreezeConditionPass is false
10-10 08:39:38.595  1902  1902 E ScreenIntentReceiver: notifyChange failed
10-10 08:39:38.606  1902  3317 W WindowManager: finishDrawingWindow: Window{713d2d6 u0 NotificationShade} mDrawState=DRAW_PENDING
10-10 08:39:38.606  1902  3317 D WindowManager: wms.finishDrawingLocked: mDrawState=COMMIT_DRAW_PENDING Window{713d2d6 u0 NotificationShade} in Surface(name=NotificationShade#15519)/@0xe19366d
10-10 08:39:38.606  1902  1902 D StorageManagerService: Get the action of screen on
10-10 08:39:38.608   640  6147 D vold    : idle maintenance stopped
10-10 08:39:38.610  1902  1936 W WindowManager: All windows drawn on display -1
10-10 08:39:38.614  1902  1977 I DisplayPowerController[0]: Unblocked screen on after 106 ms
10-10 08:39:38.615  1902  1977 I DisplayPowerController[0]: BrightnessEvent: disp=0, physDisp=local:4627039422300187648, brt=0.0038966879, initBrt=0.0038966879, rcmdBrt=0.0038966879, preBrt=NaN, lux=0.0, preLux=NaN, hbmMax=0.499938, hbmMode=off, rbcStrength=50, thrmMax=1.0, powerFactor=1.0, wasShortTermModelActive=false, flags=, reason=automatic, autoBrightness=true, strategy=
10-10 08:39:38.690  1902  1938 I DisplayDeviceRepository: Display device changed state: "Built-in Screen", ON
10-10 08:39:38.690  1902  2652 I PowerManagerNotifier: display state changed (groupId=0)
10-10 08:39:38.691  1902  2619 D DisplayFeatureManagerService: setScreenEffect displayId=0 mode=23 value=2 cookie=255 from pid=1902
10-10 08:39:38.691  1902  1977 I WindowManager: Display 0 turned on...
10-10 08:39:38.692  1902  1977 W PowerManagerService: Screen on took 207 ms
10-10 08:39:38.692  1902  2619 D DisplayFeatureManagerService: setScreenEffect displayId=0 mode=0 value=2 cookie=255 from pid=1902
10-10 08:39:38.692  1902  1977 I DreamManagerService: Leaving dreamland.
10-10 08:39:38.692  1902  1938 D TAG     : Remove previously redundant display event 0/2 to 6101/8896
10-10 08:39:38.692  1902  1938 D TAG     : Remove previously redundant display event 0/2 to 10190/9035
10-10 08:39:38.692  1902  1938 D TAG     : Remove previously redundant display event 0/2 to 10313/9231
10-10 08:39:38.692  1902  1938 D TAG     : Remove previously redundant display event 0/2 to 10121/10538
10-10 08:39:38.692  1902  1938 D TAG     : Remove previously redundant display event 0/2 to 10190/11725
10-10 08:39:38.693  1902  1938 D TAG     : Remove previously redundant display event 0/2 to 10150/20996
10-10 08:39:38.693  1902  1938 D TAG     : Remove previously redundant display event 0/2 to 10131/23667
10-10 08:39:38.693  1902  1938 D TAG     : Remove previously redundant display event 0/2 to 10312/31305
10-10 08:39:38.693  1902  1938 D TAG     : Remove previously redundant display event 0/2 to 10184/31626
10-10 08:39:38.696  1902  1902 I WindowManager: Finished setting display state ... (groupId=0)
10-10 08:39:38.696  1902  1902 I WindowManager: Finished waking up... (groupId=0 why=ON_BECAUSE_OF_UNKNOWN)
10-10 08:39:38.701  1902  1919 I DreamController: Stopping dream: name=ComponentInfo{com.android.systemui/com.android.systemui.doze.DozeService}, isPreviewMode=false, canDoze=true, userId=0, reason='power manager request'
10-10 08:39:38.726  1902  2699 D ExtM    : -----------------------
10-10 08:39:38.730   640  6153 D vold    : stopFlush enter
10-10 08:39:38.730   640  6153 D vold    : flush process is not running
10-10 08:39:38.730  1902  2697 W ExtM    : The flush thread is not running
10-10 08:39:38.763  1902  1902 D UiModeManager: updateConfigurationLocked: mDockState=0; mCarMode=false; mCar=false; mPowerSave=false; mOverrideNightModeOn=false; mOverrideNightModeOff=false; mComputedNightMode=false; mNightMode=1; uiMode=17
10-10 08:39:38.772  1556  1556 I wificond: station_bandwidth: 
10-10 08:39:38.796  1902 22715 I SmartPower: com.google.android.apps.messaging/10181(28276): idle->background(10778ms) R(content provider start ContentProviderRecord{f329b53 u0 com.google.android.apps.messaging/.shared.datamodel.provider.sharedstorage.SharedStorageProvider}) adj=200.
10-10 08:39:38.856 24698 25097 W BpBinder: Slow Binder: BpBinder transact took 225 ms, interface=android.os.IBatteryPropertiesRegistrar, code=1 oneway=false
10-10 08:39:38.876 24698 25383 W BpBinder: Slow Binder: BpBinder transact took 246 ms, interface=android.os.IBatteryPropertiesRegistrar, code=1 oneway=false
10-10 08:39:38.877 15337  6007 W BpBinder: Slow Binder: BpBinder transact took 218 ms, interface=android.os.IBatteryPropertiesRegistrar, code=1 oneway=false
10-10 08:39:39.570  1902  2612 D SchedBoost: stopBoostInternal
10-10 08:39:41.786  1556  1556 I wificond: station_bandwidth: 
10-10 08:39:41.801  1902  2620 I SmartPower: com.google.android.apps.messaging/10181(28276): background->idle(3004ms) R(content provider start ContentProviderRecord{f329b53 u0 com.google.android.apps.messaging/.shared.datamodel.provider.sharedstorage.SharedStorageProvider}) adj=200.
10-10 08:39:44.195  1902  2682 W ProcessStats: Tracking association SourceState{7a2745c com.google.android.gms.persistent/10175 Fgs #319813} whose proc state 3 is better than process ProcessState{2c25849 com.google.android.gms/10175 pkg=com.google.android.gms} proc state 6 (527 skipped)
10-10 08:39:44.815  1556  1556 I wificond: station_bandwidth: 
10-10 08:39:45.489  1902  1977 D DisplayPowerControllerImpl: updateBrightnessChangeStatus: animating: true, displayState: 2, slowChange: false, appliedDimming: true, appliedLowPower: false, currentBrightness: 0.0038966879, currentSdrBrightness: 0.0038966879, targetBrightness: 8.54597E-4, targetSdrBrightness: 8.54597E-4, previousDisplayPolicy: 3, currentDisplayPolicy: 2
10-10 08:39:45.489  1902  1977 D RampRateController: updateBrightnessRate: screenBrightnessFloat: brightness rate changing from [zero_rate] to [dim_rate], rate: 0.004926882
10-10 08:39:45.489  1902  1977 D RampRateController: updateBrightnessRate: sdrScreenBrightnessFloat: brightness rate changing from [zero_rate] to [dim_rate], rate: 0.004926882
10-10 08:39:45.492  1902  1977 I DisplayPowerController[0]: Brightness [8.54597E-4] reason changing to: 'automatic [ dim ]', previous reason: 'automatic'.
10-10 08:39:45.492  1902  1977 I DisplayPowerController[0]: BrightnessEvent: disp=0, physDisp=local:4627039422300187648, brt=8.54597E-4, initBrt=0.0038966879, rcmdBrt=0.0038966879, preBrt=NaN, lux=0.0, preLux=NaN, hbmMax=0.499938, hbmMode=off, rbcStrength=50, thrmMax=1.0, powerFactor=1.0, wasShortTermModelActive=false, flags=, reason=automatic [ dim ], autoBrightness=true, strategy=
10-10 08:39:45.494  1902  1938 D TAG     : Remove previously redundant display event 0/4 to 6101/8896
10-10 08:39:45.495  1902  1938 D TAG     : Remove previously redundant display event 0/4 to 10190/9035
10-10 08:39:45.495  1902  1938 D TAG     : Remove previously redundant display event 0/4 to 10313/9231
10-10 08:39:45.495  1902  1938 D TAG     : Remove previously redundant display event 0/4 to 10190/11725
10-10 08:39:45.495  1902  1938 D TAG     : Remove previously redundant display event 0/4 to 10150/20996
10-10 08:39:45.495  1902  1938 D TAG     : Remove previously redundant display event 0/4 to 10312/31305
10-10 08:39:45.495  1902  1938 D TAG     : Remove previously redundant display event 0/4 to 10184/31626
10-10 08:39:47.795  2983  2983 I KeyguardSensorInjector: keyguard_screen_on_reason:pick up
10-10 08:39:47.841  1556  1556 I wificond: station_bandwidth: 
10-10 08:39:48.485  1902  1977 I PowerGroup: Powering off display group due to timeout (groupId= 0, uid= 1000, millisSinceLastUserActivity=10001, lastUserActivityEvent=other)...
10-10 08:39:48.486  1902  1977 I PowerManagerService: Going to sleep due to timeout (uid 1000, screenOffTimeout=300000, activityTimeoutWM=10000, maxDimRatio=0.29999995, maxDimDur=18000)...
10-10 08:39:48.487  1902  1902 I WindowManager: Started going to sleep... (groupId=0 why=OFF_BECAUSE_OF_TIMEOUT)
10-10 08:39:48.493  2983  3075 D MiuiWindowDecorViewModel: mStartedGoingToSleepListener: sending cancel event
10-10 08:39:48.493  2983  3075 D MiuiDragAndDropController: mStartedGoingToSleepListener: sending cancel event
10-10 08:39:48.495  1902  1977 I DisplayPowerControllerImpl: wait screen off animator: false -> true
10-10 08:39:48.496  1902  1977 I DisplayPowerController[0]: Brightness [0.0038966879] reason changing to: 'automatic', previous reason: 'automatic [ dim ]'.
10-10 08:39:48.496  1902  1977 I DisplayPowerController[0]: BrightnessEvent: disp=0, physDisp=local:4627039422300187648, brt=0.0038966879, initBrt=8.54597E-4, rcmdBrt=0.0038966879, preBrt=NaN, lux=0.0, preLux=NaN, hbmMax=0.499938, hbmMode=off, rbcStrength=50, thrmMax=1.0, powerFactor=1.0, wasShortTermModelActive=false, flags=, reason=automatic, autoBrightness=true, strategy=
10-10 08:39:48.496  1902  1977 I DisplayPowerControllerImpl: Wait screen off animator timeout. Skip waiting
10-10 08:39:48.497  1902  1977 I DisplayPowerControllerImpl: skip wait screen off Animator due to stop request
10-10 08:39:48.497  1902  1977 I DisplayPowerControllerImpl: wait screen off animator: true -> false
10-10 08:39:48.497  1902  1977 I DisplayPowerController[0]: Blocking screen off
10-10 08:39:48.498  1902  1977 I DisplayPowerController[0]: Unblocked screen off after 1 ms
10-10 08:39:48.500  1902  1977 I WindowManager: Display0 turned off...
10-10 08:39:48.503  2983  3794 I KeyguardSensorInjector: unregister large area touch sensor
10-10 08:39:48.505  2983  3075 D OneHandedController: stopOneHanded state is 0
10-10 08:39:48.506  2983  3075 D OneHandedController: stopOneHanded state is 0
10-10 08:39:48.508  1902  1938 D TAG     : Remove previously redundant display event 0/4 to 10132/5492
10-10 08:39:48.508  1902  1938 D TAG     : Remove previously redundant display event 0/4 to 6101/8896
10-10 08:39:48.508  1902  1938 D TAG     : Remove previously redundant display event 0/4 to 10190/9035
10-10 08:39:48.508  1902  1938 D TAG     : Remove previously redundant display event 0/4 to 10313/9231
10-10 08:39:48.508  1902  1938 D TAG     : Remove previously redundant display event 0/4 to 10121/10538
10-10 08:39:48.508  1902  1938 D TAG     : Remove previously redundant display event 0/4 to 10190/11725
10-10 08:39:48.508  1902  1938 D TAG     : Remove previously redundant display event 0/4 to 10150/20996
10-10 08:39:48.508  1902  1938 D TAG     : Remove previously redundant display event 0/4 to 10131/23667
10-10 08:39:48.508  1902  1938 D TAG     : Remove previously redundant display event 0/4 to 10312/31305
10-10 08:39:48.508  1902  1938 D TAG     : Remove previously redundant display event 0/4 to 10184/31626
10-10 08:39:48.510  1902  2612 D SchedBoost: startBoostInternal 1000
10-10 08:39:48.512  1902  1977 I DualSensorPolicy: setSensorEnabled: unregister the assist light sensor.
10-10 08:39:48.513  1902  1977 I DaemonSensorPolicy: register daemon light sensor.
10-10 08:39:48.513  1902  1977 D DisplayPowerControllerImpl: updateBrightnessChangeStatus: animating: false, displayState: 1, slowChange: false, appliedDimming: false, appliedLowPower: false, currentBrightness: 8.54597E-4, currentSdrBrightness: 8.54597E-4, targetBrightness: 0.0, targetSdrBrightness: 0.0, previousDisplayPolicy: 2, currentDisplayPolicy: 0
10-10 08:39:48.513  1902  1977 D RampRateController: updateBrightnessRate: screenBrightnessFloat: brightness rate changing from [dim_rate] to [zero_rate], rate: 0.0
10-10 08:39:48.513  1902  1977 D RampRateController: updateBrightnessRate: sdrScreenBrightnessFloat: brightness rate changing from [dim_rate] to [zero_rate], rate: 0.0
10-10 08:39:48.514  1902  1977 I DisplayPowerController[0]: Brightness [-1.0] reason changing to: 'screen_off', previous reason: 'automatic'.
10-10 08:39:48.514  1902  1977 I DisplayPowerController[0]: BrightnessEvent: disp=0, physDisp=local:4627039422300187648, brt=-1.0, initBrt=0.0038966879, rcmdBrt=NaN, preBrt=NaN, lux=0.0, preLux=0.0, hbmMax=0.499938, hbmMode=off, rbcStrength=50, thrmMax=1.0, powerFactor=1.0, wasShortTermModelActive=false, flags=, reason=screen_off, autoBrightness=true, strategy=
10-10 08:39:48.515  1902  1938 D TAG     : Remove previously redundant display event 0/4 to 10132/5492
10-10 08:39:48.515  1902  1938 D TAG     : Remove previously redundant display event 0/4 to 6101/8896
10-10 08:39:48.515  1902  1938 D TAG     : Remove previously redundant display event 0/4 to 10190/9035
10-10 08:39:48.515  1902  1938 D TAG     : Remove previously redundant display event 0/4 to 10313/9231
10-10 08:39:48.515  1902  1938 D TAG     : Remove previously redundant display event 0/4 to 10121/10538
10-10 08:39:48.515  1902  1938 D TAG     : Remove previously redundant display event 0/4 to 10190/11725
10-10 08:39:48.515  1902  1938 D TAG     : Remove previously redundant display event 0/4 to 10150/20996
10-10 08:39:48.515  1902  1938 D TAG     : Remove previously redundant display event 0/4 to 10131/23667
10-10 08:39:48.515  1902  1938 D TAG     : Remove previously redundant display event 0/4 to 10312/31305
10-10 08:39:48.516  1902  1938 D TAG     : Remove previously redundant display event 0/4 to 10184/31626
10-10 08:39:48.517  1902  1938 I DisplayDeviceRepository: Display device changed state: "Built-in Screen", OFF
10-10 08:39:48.518  1902  2652 I LocalDisplayAdapter: setDisplayState(id=4627039422300187648, state=OFF)
10-10 08:39:48.521  1902  1938 D TAG     : Remove previously redundant display event 0/2 to 6101/8896
10-10 08:39:48.521  1902  1938 D TAG     : Remove previously redundant display event 0/2 to 10190/9035
10-10 08:39:48.521  1902  1938 D TAG     : Remove previously redundant display event 0/2 to 10313/9231
10-10 08:39:48.521  1902  1938 D TAG     : Remove previously redundant display event 0/2 to 10190/11725
10-10 08:39:48.524  1902  1938 D TAG     : Remove previously redundant display event 0/2 to 10150/20996
10-10 08:39:48.524  1902  1939 I DisplayDevice: [0] Layerstack set to -1 for local:4627039422300187648
10-10 08:39:48.528  1902  1938 D TAG     : Remove previously redundant display event 0/2 to 10312/31305
10-10 08:39:48.528  1902  1938 D TAG     : Remove previously redundant display event 0/2 to 10184/31626
10-10 08:39:48.537  1902  2697 I DisplayManagerServiceImpl: receive screen off animator end
10-10 08:39:48.538  1902  1977 I DisplayPowerControllerImpl: Wait screen off animator complete
10-10 08:39:48.538  1902  1977 I DisplayPowerControllerImpl: skip wait screen off Animator due to stop request
10-10 08:39:48.654  1902  1902 D UiModeManager: updateConfigurationLocked: mDockState=0; mCarMode=false; mCar=false; mPowerSave=false; mOverrideNightModeOn=false; mOverrideNightModeOff=false; mComputedNightMode=false; mNightMode=1; uiMode=17
10-10 08:39:48.718  1902  1938 I DisplayDeviceRepository: Display device changed state: "Built-in Screen", OFF
10-10 08:39:48.718  1902  1977 I DisplayPowerControllerImpl: skip wait screen off Animator due to invalid
10-10 08:39:48.720  1902  1938 D TAG     : Remove previously redundant display event 0/2 to 10132/5492
10-10 08:39:48.720  1902  1902 I WindowManager: Finished going to sleep... (groupId=0 why=OFF_BECAUSE_OF_TIMEOUT)
10-10 08:39:48.720  1902  1938 D TAG     : Remove previously redundant display event 0/2 to 6101/8896
10-10 08:39:48.720  1902  1938 D TAG     : Remove previously redundant display event 0/2 to 10190/9035
10-10 08:39:48.720  1902  1938 D TAG     : Remove previously redundant display event 0/2 to 10313/9231
10-10 08:39:48.720  1902  1938 D TAG     : Remove previously redundant display event 0/2 to 10121/10538
10-10 08:39:48.720  1902  1938 D TAG     : Remove previously redundant display event 0/2 to 10190/11725
10-10 08:39:48.721  1902  1938 D TAG     : Remove previously redundant display event 0/2 to 10150/20996
10-10 08:39:48.721  1902  1938 D TAG     : Remove previously redundant display event 0/2 to 10131/23667
10-10 08:39:48.722  1902  1938 D TAG     : Remove previously redundant display event 0/2 to 10312/31305
10-10 08:39:48.722  1902  1938 D TAG     : Remove previously redundant display event 0/2 to 10184/31626
10-10 08:39:48.722  1902  1977 I DreamManagerService: Entering dreamland.
10-10 08:39:48.723  1902  1977 I PowerManagerService: Dozing...
10-10 08:39:48.755  1902  1919 I DreamController: Starting dream: name=ComponentInfo{com.android.systemui/com.android.systemui.doze.DozeService}, isPreviewMode=false, canDoze=true, userId=0, reason='power manager request'
10-10 08:39:48.816  1902  1902 D MiSound.MQSUtils: device not support AudioVisual
10-10 08:39:48.818  1902  1902 D MBrainLocalService: isVendorFreezeConditionPass is false
10-10 08:39:48.818  1902  1902 E ScreenIntentReceiver: notifyChange failed
10-10 08:39:48.886  1902  3317 I SmartPower: com.miui.weather2/10228(25613): idle->background(11280ms) R(content provider start ContentProviderRecord{ed9d438 u0 com.miui.weather2/.providers.WeatherProvider}) adj=0.
