10-09 14:05:23.958  2042  4565 D WindowManager: wms.finishDrawingLocked: mDrawState=COMMIT_DRAW_PENDING Window{99212ad u0 com.android.chrome/org.chromium.chrome.browser.ChromeTabbedActivity} in Surface(name=com.android.chrome/org.chromium.chrome.browser.ChromeTabbedActivity#8090)/@0xacfc33a
10-09 14:05:23.968  2042  2693 I WindowManager: wms.showSurfaceRobustly mWin:Window{99212ad u0 com.android.chrome/org.chromium.chrome.browser.ChromeTabbedActivity}
10-09 14:05:23.977  4304  4304 D ArtChoreographerMonitor: invoke error.
10-09 14:05:24.157  4304  4304 D ArtChoreographerMonitor: invoke error.
10-09 14:05:24.518  2042  3524 I SmartPower: com.google.android.inputmethod.latin/10176(6431): background->idle(3002ms) R(become invisible) adj=100.
10-09 14:05:24.626  2042  4565 W MIUIInput: Input event injection from package: null action ACTION_DOWN
10-09 14:05:24.627  2042  3516 I ProcessManager: getRenderThreadTidByPid, caller=2042
10-09 14:05:24.628  2042  4565 W MIUIInput: Input event injection from package: null action ACTION_UP
10-09 14:05:24.641  2042  4565 D CoreBackPreview: Window{99212ad u0 com.android.chrome/org.chromium.chrome.browser.ChromeTabbedActivity}: Setting back callback null
10-09 14:05:24.649  2042  4565 I WindowManager: cancelAnimation removed leash : Surface(name=Surface(name=704023a StatusBar#94)/@0xa8be448 - animation-leash of insets_animation#8088)/@0x66a2ca9
10-09 14:05:24.651  2042  4565 I WindowManager: cancelAnimation removed leash : Surface(name=Surface(name=d968687 NavigationBar0#90)/@0x2f479dd - animation-leash of insets_animation#8089)/@0x93811cf
10-09 14:05:24.654  2042  4565 D WindowManager: wms.Input focus has changed to Window{963420e u0 com.android.chrome/org.chromium.chrome.browser.ChromeTabbedActivity} display=0 updateInputWindows = false
10-09 14:05:24.654  2042  4565 I MultiSenceManagerInternalStub: getInstance
10-09 14:05:24.657  4304  4304 D ArtChoreographerMonitor: invoke error.
10-09 14:05:24.686  2042  4565 D PerfShielderService: com.android.chrome|com.android.chrome/org.chromium.chrome.browser.ChromeTabbedActivity|79|36533218938093|79|3|1
10-09 14:05:24.686  6649  7642 W MiuiPerfServiceClient: interceptAndQueuing:2944|com.android.chrome|79|79|36533218938093|Slow handle traversal|1
10-09 14:05:24.686  2042  4589 W PackageConfigPersister: App-specific configuration not found for packageName: com.android.chrome and userId: 0
10-09 14:05:24.844  4304  4304 D ArtChoreographerMonitor: invoke error.
10-09 14:05:25.189  2183  2183 I wificond: station_bandwidth: P
10-09 14:05:25.191  4304  4304 D ArtChoreographerMonitor: invoke error.
10-09 14:05:25.366  4304  4304 D ArtChoreographerMonitor: invoke error.
10-09 14:05:25.713  2042  4565 W MIUIInput: Input event injection from package: null action ACTION_DOWN
10-09 14:05:25.713  2042  3516 I ProcessManager: getRenderThreadTidByPid, caller=2042
10-09 14:05:25.716  2042  4565 W MIUIInput: Input event injection from package: null action ACTION_UP
10-09 14:05:25.752  2042  4565 I WindowManager: cancelAnimation removed leash : Surface(name=Surface(name=704023a StatusBar#94)/@0xa8be448 - animation-leash of insets_animation#8095)/@0x13f6eea
10-09 14:05:25.754  2042  4565 I WindowManager: cancelAnimation removed leash : Surface(name=Surface(name=d968687 NavigationBar0#90)/@0x2f479dd - animation-leash of insets_animation#8096)/@0x6936b51
10-09 14:05:25.758  2042  4565 D WindowManager: wms.Input focus has changed to Window{43adf8e u0 com.android.chrome/org.chromium.chrome.browser.ChromeTabbedActivity} display=0 updateInputWindows = false
10-09 14:05:25.758  2042  4565 I MultiSenceManagerInternalStub: getInstance
10-09 14:05:25.764  2042  2693 D WindowManager: wms.Focus not requested for window=Window{43adf8e u0 com.android.chrome/org.chromium.chrome.browser.ChromeTabbedActivity} because it has no surface or is not focusable.
10-09 14:05:25.773  2042  4565 D CoreBackPreview: Window{43adf8e u0 com.android.chrome/org.chromium.chrome.browser.ChromeTabbedActivity}: Setting back callback OnBackInvokedCallbackInfo{mCallback=android.window.IOnBackInvokedCallback$Stub$Proxy@1075266, mPriority=-1, mIsAnimationCallback=false}
10-09 14:05:25.804  2042  7011 D WindowManager: wms.finishDrawingLocked: mDrawState=COMMIT_DRAW_PENDING Window{43adf8e u0 com.android.chrome/org.chromium.chrome.browser.ChromeTabbedActivity} in Surface(name=com.android.chrome/org.chromium.chrome.browser.ChromeTabbedActivity#8101)/@0xc1d59a7
10-09 14:05:25.815  2042  2693 I WindowManager: wms.showSurfaceRobustly mWin:Window{43adf8e u0 com.android.chrome/org.chromium.chrome.browser.ChromeTabbedActivity}
10-09 14:05:25.824  4304  4304 D ArtChoreographerMonitor: invoke error.
10-09 14:05:26.004  4304  4304 D ArtChoreographerMonitor: invoke error.
10-09 14:05:26.389  2042  7010 W MIUIInput: Input event injection from package: null action ACTION_DOWN
10-09 14:05:26.390  2042  3516 I ProcessManager: getRenderThreadTidByPid, caller=2042
10-09 14:05:26.392  2042  7010 W MIUIInput: Input event injection from package: null action ACTION_UP
10-09 14:05:26.411  2042  4589 D CoreBackPreview: Window{43adf8e u0 com.android.chrome/org.chromium.chrome.browser.ChromeTabbedActivity}: Setting back callback null
10-09 14:05:26.416  2042  4589 I WindowManager: cancelAnimation removed leash : Surface(name=Surface(name=704023a StatusBar#94)/@0xa8be448 - animation-leash of insets_animation#8099)/@0x489669a
10-09 14:05:26.417  2042  4589 I WindowManager: cancelAnimation removed leash : Surface(name=Surface(name=d968687 NavigationBar0#90)/@0x2f479dd - animation-leash of insets_animation#8100)/@0x963cfa8
10-09 14:05:26.419  2042  4589 D WindowManager: wms.Input focus has changed to Window{963420e u0 com.android.chrome/org.chromium.chrome.browser.ChromeTabbedActivity} display=0 updateInputWindows = false
10-09 14:05:26.419  2042  4589 I MultiSenceManagerInternalStub: getInstance
10-09 14:05:26.421  4304  4304 D ArtChoreographerMonitor: invoke error.
10-09 14:05:26.455  2042  7011 D PerfShielderService: com.android.chrome|com.android.chrome/org.chromium.chrome.browser.ChromeTabbedActivity|79|36535064965332|79|0|1
10-09 14:05:26.455  6649  7642 W MiuiPerfServiceClient: interceptAndQueuing:2944|com.android.chrome|79|79|36535064965332|Slow main thread|1
10-09 14:05:26.457  2042  4565 W PackageConfigPersister: App-specific configuration not found for packageName: com.android.chrome and userId: 0
10-09 14:05:26.473  2042  7011 W MIUIInput: Input event injection from package: null action ACTION_DOWN
10-09 14:05:26.474  2042  3516 I ProcessManager: getRenderThreadTidByPid, caller=2042
10-09 14:05:26.479  2042  3516 I ProcessManager: getRenderThreadTidByPid, caller=2042
10-09 14:05:26.570  2042  6971 W MIUIInput: Input event injection from package: null action ACTION_UP
10-09 14:05:26.605  4304  4304 D ArtChoreographerMonitor: invoke error.
10-09 14:05:27.459  2042  7010 W MIUIInput: Input event injection from package: null action ACTION_DOWN
10-09 14:05:27.461  2042  3516 I ProcessManager: getRenderThreadTidByPid, caller=2042
10-09 14:05:27.465  2042  3516 I ProcessManager: getRenderThreadTidByPid, caller=2042
10-09 14:05:27.550  2042  6971 W MIUIInput: Input event injection from package: null action ACTION_UP
10-09 14:05:28.197  2183  2183 I wificond: station_bandwidth: P
10-09 14:05:28.411  2042  4589 W MIUIInput: Input event injection from package: null action ACTION_DOWN
10-09 14:05:28.412  2042  3516 I ProcessManager: getRenderThreadTidByPid, caller=2042
10-09 14:05:28.416  2042  3516 I ProcessManager: getRenderThreadTidByPid, caller=2042
10-09 14:05:28.501  2042  4589 W MIUIInput: Input event injection from package: null action ACTION_UP
10-09 14:05:29.345  2042  7010 W MIUIInput: Input event injection from package: null action ACTION_DOWN
10-09 14:05:29.348  2042  3516 I ProcessManager: getRenderThreadTidByPid, caller=2042
10-09 14:05:29.351  2042  3516 I ProcessManager: getRenderThreadTidByPid, caller=2042
10-09 14:05:29.434  2042  7010 W MIUIInput: Input event injection from package: null action ACTION_UP
10-09 14:05:30.282  2042  4589 W MIUIInput: Input event injection from package: null action ACTION_DOWN
10-09 14:05:30.283  2042  3516 I ProcessManager: getRenderThreadTidByPid, caller=2042
10-09 14:05:30.286  2042  3516 I ProcessManager: getRenderThreadTidByPid, caller=2042
10-09 14:05:30.370  2042  4589 W MIUIInput: Input event injection from package: null action ACTION_UP
10-09 14:05:30.589  2042  2042 D UiModeManager: updateConfigurationLocked: mDockState=0; mCarMode=false; mCar=false; mPowerSave=false; mOverrideNightModeOn=false; mOverrideNightModeOff=false; mComputedNightMode=false; mNightMode=1; uiMode=17
10-09 14:05:31.087  2042  2787 I SmartPower: com.xiaomi.discover/10121(23492): idle->background(56998ms) R(broadcast start Intent { act=android.intent.action.BATTERY_CHANGED flg=0x60000010 (has extras) }) adj=905.
10-09 14:05:31.087  2042  2787 I SmartPower: com.miui.android.fashiongallery/10228(32611): idle->background(56999ms) R(broadcast start Intent { act=android.intent.action.BATTERY_CHANGED flg=0x60000010 (has extras) }) adj=915.
10-09 14:05:31.088  2042  2787 I SmartPower: com.facebook.appmanager/10138(27658): idle->background(56999ms) R(broadcast start Intent { act=android.intent.action.BATTERY_CHANGED flg=0x60000010 (has extras) }) adj=905.
10-09 14:05:31.088  2042  2787 I SmartPower: com.facebook.katana/10243(13231): idle->background(56999ms) R(broadcast start Intent { act=android.intent.action.BATTERY_CHANGED flg=0x60000010 (has extras) }) adj=905.
10-09 14:05:31.089  2042  2787 I SmartPower: com.google.android.apps.tachyon/10226(15532): idle->background(56999ms) R(broadcast start Intent { act=android.intent.action.BATTERY_CHANGED flg=0x60000010 (has extras) }) adj=965.
10-09 14:05:31.089  2042  2787 I SmartPower: com.microsoft.teams/10266(15546): idle->background(56999ms) R(broadcast start Intent { act=android.intent.action.BATTERY_CHANGED flg=0x60000010 (has extras) }) adj=900.
10-09 14:05:31.090  2042  2787 I SmartPower: com.google.android.apps.magazines/10234(19722): idle->background(57000ms) R(broadcast start Intent { act=android.intent.action.BATTERY_CHANGED flg=0x60000010 (has extras) }) adj=905.
10-09 14:05:31.207  2183  2183 I wificond: station_bandwidth: P
10-09 14:05:31.209  4304  4304 D ArtChoreographerMonitor: invoke error.
10-09 14:05:31.225  2042  7010 W MIUIInput: Input event injection from package: null action ACTION_DOWN
10-09 14:05:31.227  2042  3516 I ProcessManager: getRenderThreadTidByPid, caller=2042
10-09 14:05:31.232  2042  3516 I ProcessManager: getRenderThreadTidByPid, caller=2042
10-09 14:05:31.293  2042  3123 D AlarmManager: mBroadcastRefCount -> 1
10-09 14:05:31.295  2042  2787 W ProcessStats: Tracking association SourceState{1b0dd2c com.android.vending/10164 ImpBg #108553} whose proc state 6 is better than process ProcessState{d60be6a com.android.vending:background/10164 pkg=com.android.vending} proc state 14 (160 skipped)
10-09 14:05:31.299  2042  2075 D ActivityManager: checkAllowBackground: uid=1000 pkg=android rec=UidRecord{b77cac0 1000 PER  fgServices allowlist change:procadj procs:0 seq(723620,448524)} caps=LCMNFU always=false idle=false
10-09 14:05:31.299  2042  2042 D AlarmManager: mBroadcastRefCount -> 0
10-09 14:05:31.299  2042  2042 D AlarmManager: mPendingIntent -> PendingIntent{659bd1f: PendingIntentRecord{cf286c android broadcastIntent}}
10-09 14:05:31.323  2042  7010 W MIUIInput: Input event injection from package: null action ACTION_UP
10-09 14:05:31.378  4304  4304 D ArtChoreographerMonitor: invoke error.
10-09 14:05:32.278  2042  7010 W MIUIInput: Input event injection from package: null action ACTION_DOWN
10-09 14:05:32.279  2042  3516 I ProcessManager: getRenderThreadTidByPid, caller=2042
10-09 14:05:32.282  2042  4589 W MIUIInput: Input event injection from package: null action ACTION_UP
10-09 14:05:32.302  2042  4589 D ActivityManager: checkAllowBackground: uid=10163 pkg=com.google.android.gms rec=UidRecord{3efeecd u0a163 BTOP change:procadj procs:0 seq(723576,425084)} caps=LCMNFU always=false idle=false
10-09 14:05:32.321  2042  7011 D ActivityManager: checkAllowBackground: uid=10163 pkg=com.google.android.gms rec=UidRecord{3efeecd u0a163 BTOP change:procadj procs:0 seq(723624,425084)} caps=LCMNFU always=false idle=false
10-09 14:05:32.336  2042  7010 D ActivityManager: checkAllowBackground: uid=10163 pkg=com.google.android.gms rec=UidRecord{3efeecd u0a163 BTOP change:procadj procs:0 seq(723630,425084)} caps=LCMNFU always=false idle=false
10-09 14:05:32.489  2042  7010 D SchedBoost: com.android.chrome:sandboxed_process0:org.chromium.content.app.SandboxedProcessService0:5 boosting, skip reset priority
10-09 14:05:33.439  2042  7010 W MIUIInput: Input event injection from package: null action ACTION_DOWN
10-09 14:05:33.442  2042  3516 I ProcessManager: getRenderThreadTidByPid, caller=2042
10-09 14:05:33.447  2042  3516 I ProcessManager: getRenderThreadTidByPid, caller=2042
10-09 14:05:33.539  2042  7010 W MIUIInput: Input event injection from package: null action ACTION_UP
10-09 14:05:34.089  2042  3524 I SmartPower: com.xiaomi.discover/10121(23492): background->idle(3002ms) R(broadcast start Intent { act=android.intent.action.BATTERY_CHANGED flg=0x60000010 (has extras) }) adj=905.
10-09 14:05:34.089  2042  3524 I SmartPower: com.miui.android.fashiongallery/10228(32611): background->idle(3002ms) R(broadcast start Intent { act=android.intent.action.BATTERY_CHANGED flg=0x60000010 (has extras) }) adj=915.
10-09 14:05:34.089  2042  3524 I SmartPower: com.facebook.appmanager/10138(27658): background->idle(3002ms) R(broadcast start Intent { act=android.intent.action.BATTERY_CHANGED flg=0x60000010 (has extras) }) adj=905.
10-09 14:05:34.089  2042  3524 I SmartPower: com.facebook.katana/10243(13231): background->idle(3002ms) R(broadcast start Intent { act=android.intent.action.BATTERY_CHANGED flg=0x60000010 (has extras) }) adj=905.
10-09 14:05:34.089  2042  3524 I SmartPower: com.google.android.apps.tachyon/10226(15532): background->idle(3001ms) R(broadcast start Intent { act=android.intent.action.BATTERY_CHANGED flg=0x60000010 (has extras) }) adj=965.
10-09 14:05:34.089  2042  3524 I SmartPower: com.microsoft.teams/10266(15546): background->idle(3001ms) R(broadcast start Intent { act=android.intent.action.BATTERY_CHANGED flg=0x60000010 (has extras) }) adj=900.
10-09 14:05:34.089  2042  3524 I SmartPower: com.google.android.apps.magazines/10234(19722): background->idle(3000ms) R(broadcast start Intent { act=android.intent.action.BATTERY_CHANGED flg=0x60000010 (has extras) }) adj=905.
10-09 14:05:34.218  2183  2183 I wificond: station_bandwidth: P
10-09 14:05:34.375  2042  7011 W MIUIInput: Input event injection from package: null action ACTION_DOWN
10-09 14:05:34.377  2042  3516 I ProcessManager: getRenderThreadTidByPid, caller=2042
10-09 14:05:34.379  2042  3516 I ProcessManager: getRenderThreadTidByPid, caller=2042
10-09 14:05:34.466  2042  7011 W MIUIInput: Input event injection from package: null action ACTION_UP
10-09 14:05:35.311  2042  7010 W MIUIInput: Input event injection from package: null action ACTION_DOWN
10-09 14:05:35.313  2042  3516 I ProcessManager: getRenderThreadTidByPid, caller=2042
10-09 14:05:35.318  2042  3516 I ProcessManager: getRenderThreadTidByPid, caller=2042
10-09 14:05:35.405  2042  4589 W MIUIInput: Input event injection from package: null action ACTION_UP
10-09 14:05:36.271  2042  7010 W MIUIInput: Input event injection from package: null action ACTION_DOWN
10-09 14:05:36.272  2042  3516 I ProcessManager: getRenderThreadTidByPid, caller=2042
10-09 14:05:36.276  2042  3516 I ProcessManager: getRenderThreadTidByPid, caller=2042
10-09 14:05:36.366  2042  7010 W MIUIInput: Input event injection from package: null action ACTION_UP
10-09 14:05:36.600  2042  2802 I ExtM    : zram userate is low, no need to flush: 41
10-09 14:05:37.215  2042  4589 W MIUIInput: Input event injection from package: null action ACTION_DOWN
10-09 14:05:37.217  2042  3516 I ProcessManager: getRenderThreadTidByPid, caller=2042
10-09 14:05:37.220  2042  3516 I ProcessManager: getRenderThreadTidByPid, caller=2042
10-09 14:05:37.226  2183  2183 I wificond: station_bandwidth: P
10-09 14:05:37.305  2042  4589 W MIUIInput: Input event injection from package: null action ACTION_UP
10-09 14:05:38.150  2042  7011 W MIUIInput: Input event injection from package: null action ACTION_DOWN
10-09 14:05:38.154  2042  3516 I ProcessManager: getRenderThreadTidByPid, caller=2042
10-09 14:05:38.157  2042  3516 I ProcessManager: getRenderThreadTidByPid, caller=2042
10-09 14:05:38.164  2042  2802 I ExtM    : zram userate is low, no need to flush: 41
10-09 14:05:38.242  2042  7011 W MIUIInput: Input event injection from package: null action ACTION_UP
10-09 14:05:39.152  2042  4589 W MIUIInput: Input event injection from package: null action ACTION_DOWN
10-09 14:05:39.154  2042  3516 I ProcessManager: getRenderThreadTidByPid, caller=2042
10-09 14:05:39.157  2042  4589 W MIUIInput: Input event injection from package: null action ACTION_UP
10-09 14:05:39.171  2042  4589 D ActivityManager: checkAllowBackground: uid=10163 pkg=com.google.android.gms rec=UidRecord{3efeecd u0a163 BTOP change:procadj procs:0 seq(723640,425084)} caps=LCMNFU always=false idle=false
10-09 14:05:39.186  2042  7010 D ActivityManager: checkAllowBackground: uid=10163 pkg=com.google.android.gms rec=UidRecord{3efeecd u0a163 BTOP change:procadj procs:0 seq(723644,425084)} caps=LCMNFU always=false idle=false
10-09 14:05:39.211  2042  7010 D ActivityManager: checkAllowBackground: uid=10163 pkg=com.google.android.gms rec=UidRecord{3efeecd u0a163 BTOP change:procadj procs:0 seq(723648,425084)} caps=LCMNFU always=false idle=false
10-09 14:05:39.319  2042  7010 D ActivityManager: checkAllowBackground: uid=10163 pkg=com.google.android.gms rec=UidRecord{3efeecd u0a163 BTOP change:procadj procs:0 seq(723652,425084)} caps=LCMNFU always=false idle=false
10-09 14:05:39.426  2042  7011 I SmartPower: eu.europa.ec.euidi/10030(7380): idle->invisible(24617ms) R(become foreground) adj=700.
10-09 14:05:39.426  2042  7011 D WindowManager: Collecting in transition 390: ActivityRecord{644e276 u0 eu.europa.ec.euidi/eu.europa.ec.assemblylogic.ui.MainActivity init visibleRequested:false
10-09 14:05:39.426  2042  7011 D MiuiFreeFormManagerService: activeOrFullscreenFreeformTaskIfNeed startDefaultAr:false
10-09 14:05:39.427  2042  7011 D MiuiFreeFormManagerService: onStartActivityInner as = Task{d846e55 #6523 type=standard A=10030:eu.europa.ec.euidi} op = null
10-09 14:05:39.428  2042  7011 D WindowManagerService: checkFlipFullScreenChange is same, nowIsFullScreen = false
10-09 14:05:39.429  2042  7011 D WindowManager: wms.Input focus has changed to null display=0 updateInputWindows = true
10-09 14:05:39.429  2042  7011 I MultiSenceManagerInternalStub: getInstance
10-09 14:05:39.430  2042  7011 D WindowManager: setLockTaskAuth: task=Task{d846e55 #6523 type=standard A=10030:eu.europa.ec.euidi} mLockTaskAuth=LOCK_TASK_AUTH_PINNABLE
10-09 14:05:39.434  2042  7011 D WindowManager: Collecting in transition 390: ActivityRecord{644e276 u0 eu.europa.ec.euidi/eu.europa.ec.assemblylogic.ui.MainActivity t-1} init visibleRequested:false
10-09 14:05:39.434  2042  7011 D WindowManager: Requesting StartTransition: TransitionRecord{5989077 id=390 type=OPEN flags=0x0}
10-09 14:05:39.435  2042  7011 I ActivityTaskManager: START u0 {act=android.intent.action.VIEW cat=[android.intent.category.BROWSABLE] dat=eu.europa.ec.euidi://authorization/... flg=0x14000000 cmp=eu.europa.ec.euidi/eu.europa.ec.assemblylogic.ui.MainActivity (has extras)} with LAUNCH_SINGLE_TASK from uid 10172 from pid 2944 callingPackage com.android.chrome (BAL_ALLOW_VISIBLE_WINDOW) result code=2
10-09 14:05:39.436  4304  4484 I SoScUtils: monitorTransitionRequest mRequestOpenTransition:null mRequestOpenTriggerTask:-1 mRequestCloseTransition:null mRequestCloseTriggerTask:-1 mRequestCloseStageType:-1
10-09 14:05:39.437  2042  7011 D WindowManager: Set transition=TransitionRecord{5989077 id=390 type=OPEN flags=0x0}, ready=false, SyncId=390 used=true, override=false, defer=0, states=Display{#0 state=ON size=1080x2400 ROTATION_0}:false
10-09 14:05:39.444  4304  4484 D OneHandedController: stopOneHanded state is 0
10-09 14:05:39.445  4304  4484 D MiuiFullScreenTaskRepository: removeFocusedTask displayId=0
10-09 14:05:39.445  4304  4484 D MiuiFullScreenTaskRepository: addOrUpdateFullScreenTaskInfo taskId=6512, topActivity=ComponentInfo{com.android.chrome/org.chromium.chrome.browser.ChromeTabbedActivity}
10-09 14:05:39.445  4304  4484 D MiuiFullScreenTaskRepository: setFocusedTask taskId=6523, displayId=0, topActivity=ComponentInfo{eu.europa.ec.euidi/eu.europa.ec.assemblylogic.ui.MainActivity}
10-09 14:05:39.445  4304  4484 D MiuiFullScreenTaskRepository: addOrUpdateFullScreenTaskInfo taskId=6523, topActivity=ComponentInfo{eu.europa.ec.euidi/eu.europa.ec.assemblylogic.ui.MainActivity}
10-09 14:05:39.446  4304  4484 D MiuiFreeformModeController: onFocusTaskChanged taskInfo: TaskInfo{userId=0 taskId=6523 displayId=0 isRunning=true baseIntent=Intent { act=android.intent.action.MAIN cat=[android.intent.category.LAUNCHER] flg=0x10200000 cmp=eu.europa.ec.euidi/eu.europa.ec.assemblylogic.ui.MainActivity } baseActivity=ComponentInfo{eu.europa.ec.euidi/eu.europa.ec.assemblylogic.ui.MainActivity} topActivity=ComponentInfo{eu.europa.ec.euidi/eu.europa.ec.assemblylogic.ui.MainActivity} origActivity=null realActivity=ComponentInfo{eu.europa.ec.euidi/eu.europa.ec.assemblylogic.ui.MainActivity} numActivities=1 lastActiveTime=253223824 supportsSplitScreenMultiWindow=true supportsMultiWindow=true resizeMode=1 isResizeable=true minWidth=-1 minHeight=-1 defaultMinSize=200 token=WCT{android.window.IWindowContainerToken$Stub$Proxy@3d09047} topActivityType=1 pictureInPictureParams=null shouldDockBigOverlays=false launchIntoPipHostTaskId=-1 lastParentTaskIdBeforePip=-1 displayCutoutSafeInsets=Rect(0, 94 - 0, 0) topActivityInfo=ActivityInfo{9ad4074 eu.europa.ec.assemblylogic.ui.MainActivity} launchCookies=[] positionInParent=Point(0, 0) parentTaskId=-1 isFocused=true isVisible=false isVisibleRequested=false isSleeping=false topActivityInSizeCompat=false topActivityInMiuiSizeCompat=false topActivityEligibleForLetterboxEducation= false topActivityLetterboxed= false isFromDoubleTap= false topActivityLetterboxVerticalPosition= -1 topActivityLetterboxHorizontalPosition= -1 topActivityLetterboxWidth=-1 topActivityLetterboxHeight=-1 locusId=null displayAreaFeatureId=1 cameraCompatControlState=hidden mIsCastMode=false mTopActivityMediaSize=null mTopActivityRecordName=ActivityRecord{d86983f u0 eu.europa.ec.euidi/eu.europa.ec.assemblylogic.ui.MainActivity t6523} mTopActivityOrientation=-2 mTopActivityWindowIsNowVisible=false isTranslucent=true isEmbedded=false shouldBeVisible=true isImmersive=false mBehindAppLockPkg=null mOriginatingUid=0}
10-09 14:05:39.446  4304  4484 D MiuiDesktopModeController: onFocusTaskChanged newFocus: TaskInfo{userId=0 taskId=6523 displayId=0 isRunning=true baseIntent=Intent { act=android.intent.action.MAIN cat=[android.intent.category.LAUNCHER] flg=0x10200000 cmp=eu.europa.ec.euidi/eu.europa.ec.assemblylogic.ui.MainActivity } baseActivity=ComponentInfo{eu.europa.ec.euidi/eu.europa.ec.assemblylogic.ui.MainActivity} topActivity=ComponentInfo{eu.europa.ec.euidi/eu.europa.ec.assemblylogic.ui.MainActivity} origActivity=null realActivity=ComponentInfo{eu.europa.ec.euidi/eu.europa.ec.assemblylogic.ui.MainActivity} numActivities=1 lastActiveTime=253223824 supportsSplitScreenMultiWindow=true supportsMultiWindow=true resizeMode=1 isResizeable=true minWidth=-1 minHeight=-1 defaultMinSize=200 token=WCT{android.window.IWindowContainerToken$Stub$Proxy@3d09047} topActivityType=1 pictureInPictureParams=null shouldDockBigOverlays=false launchIntoPipHostTaskId=-1 lastParentTaskIdBeforePip=-1 displayCutoutSafeInsets=Rect(0, 94 - 0, 0) topActivityInfo=ActivityInfo{9ad4074 eu.europa.ec.assemblylogic.ui.MainActivity} launchCookies=[] positionInParent=Point(0, 0) parentTaskId=-1 isFocused=true isVisible=false isVisibleRequested=false isSleeping=false topActivityInSizeCompat=false topActivityInMiuiSizeCompat=false topActivityEligibleForLetterboxEducation= false topActivityLetterboxed= false isFromDoubleTap= false topActivityLetterboxVerticalPosition= -1 topActivityLetterboxHorizontalPosition= -1 topActivityLetterboxWidth=-1 topActivityLetterboxHeight=-1 locusId=null displayAreaFeatureId=1 cameraCompatControlState=hidden mIsCastMode=false mTopActivityMediaSize=null mTopActivityRecordName=ActivityRecord{d86983f u0 eu.europa.ec.euidi/eu.europa.ec.assemblylogic.ui.MainActivity t6523} mTopActivityOrientation=-2 mTopActivityWindowIsNowVisible=false isTranslucent=true isEmbedded=false shouldBeVisible=true isImmersive=false mBehindAppLockPkg=null mOriginatingUid=0}
10-09 14:05:39.454  4304  4484 D WindowManagerShell: onActivityRestartAttempt: ComponentInfo{eu.europa.ec.euidi/eu.europa.ec.assemblylogic.ui.MainActivity}
10-09 14:05:39.466  2042  4589 D WindowManager: Collecting in transition 390: ActivityRecord{d86983f u0 eu.europa.ec.euidi/eu.europa.ec.assemblylogic.ui.MainActivity t6523} init visibleRequested:false
10-09 14:05:39.466  2042  4589 E Transition: Trying to add a ready-group twice: Display{#0 state=ON size=1080x2400 ROTATION_0}
10-09 14:05:39.468  2042  4589 D WindowManagerService: checkFlipFullScreenChange is same, nowIsFullScreen = false
10-09 14:05:39.468  2042  4589 D WindowManager: Collecting in transition 390: ActivityRecord{3dc197f u0 com.android.chrome/org.chromium.chrome.browser.ChromeTabbedActivity t6512} init visibleRequested:true
10-09 14:05:39.470  4304  4484 D MiuiFullScreenTaskRepository: setFocusedTask taskId=6523, displayId=0, topActivity=ComponentInfo{eu.europa.ec.euidi/eu.europa.ec.assemblylogic.ui.MainActivity}
10-09 14:05:39.470  4304  4484 D MiuiFullScreenTaskRepository: addOrUpdateFullScreenTaskInfo taskId=6523, topActivity=ComponentInfo{eu.europa.ec.euidi/eu.europa.ec.assemblylogic.ui.MainActivity}
10-09 14:05:39.471  2042  4589 D WindowManager: Collecting in transition 390: ActivityRecord{d86983f u0 eu.europa.ec.euidi/eu.europa.ec.assemblylogic.ui.MainActivity t6523} init visibleRequested:true
10-09 14:05:39.472  2042  4589 D WindowManager: Set transition=TransitionRecord{5989077 id=390 type=OPEN flags=0x0}, ready=true, SyncId=390 
10-09 14:05:39.475  2042  4589 I BLASTSyncEngine: SyncGroup 390:  Unfinished container:ActivityRecord{d86983f u0 eu.europa.ec.euidi/eu.europa.ec.assemblylogic.ui.MainActivity t6523}
10-09 14:05:39.475  2042  4589 I BLASTSyncEngine: isActivitySyncFinished isSyncFinished false ActivityRecord{d86983f u0 eu.europa.ec.euidi/eu.europa.ec.assemblylogic.ui.MainActivity t6523}
10-09 14:05:39.482  2042  2690 D Aurogon :  uid = 10030 switch to FG
10-09 14:05:39.495  2042  7010 W AutofillManagerServiceImpl: getFillEventHistory() called by UID 10273, but service UID is 10163
10-09 14:05:39.510  2042  2042 D ActivityManager: checkAllowBackground: uid=1000 pkg=android rec=UidRecord{b77cac0 1000 PER  fgServices allowlist change:procadj procs:0 seq(723620,448524)} caps=LCMNFU always=false idle=false
10-09 14:05:39.512  2042  3110 D ActivityManager: checkAllowBackground: uid=1000 pkg=android rec=UidRecord{b77cac0 1000 PER  fgServices allowlist change:procadj procs:0 seq(723620,448524)} caps=LCMNFU always=false idle=false
10-09 14:05:39.514  4304  5419 D MiuiFreeformModeObserver: activityResumed() intent： Intent { cmp=eu.europa.ec.euidi/eu.europa.ec.assemblylogic.ui.MainActivity (has extras) }
10-09 14:05:39.521  2042  7010 I BLASTSyncEngine: SyncGroup 390:  Unfinished container:ActivityRecord{d86983f u0 eu.europa.ec.euidi/eu.europa.ec.assemblylogic.ui.MainActivity t6523}
10-09 14:05:39.521  2042  7010 I BLASTSyncEngine: isActivitySyncFinished isSyncFinished false ActivityRecord{d86983f u0 eu.europa.ec.euidi/eu.europa.ec.assemblylogic.ui.MainActivity t6523}
10-09 14:05:39.523  2042  7010 I WindowManager: cancelAnimation removed leash : Surface(name=Surface(name=704023a StatusBar#94)/@0xa8be448 - animation-leash of insets_animation#8106)/@0x8b9fa97
10-09 14:05:39.525  2042  7010 I WindowManager: cancelAnimation removed leash : Surface(name=Surface(name=d968687 NavigationBar0#90)/@0x2f479dd - animation-leash of insets_animation#8107)/@0xa70b46d
10-09 14:05:39.527  2042  7010 D WindowManager: wms.Input focus has changed to Window{52e1bff u0 eu.europa.ec.euidi/eu.europa.ec.assemblylogic.ui.MainActivity} display=0 updateInputWindows = true
10-09 14:05:39.527  2042  7010 I MultiSenceManagerInternalStub: getInstance
10-09 14:05:39.567  2042  4589 D WindowManager: wms.finishDrawingLocked: mDrawState=COMMIT_DRAW_PENDING Window{52e1bff u0 eu.europa.ec.euidi/eu.europa.ec.assemblylogic.ui.MainActivity} in Surface(name=eu.europa.ec.euidi/eu.europa.ec.assemblylogic.ui.MainActivity#8109)/@0x4d43d5a
10-09 14:05:39.570  2042  2693 I SmartPower: eu.europa.ec.euidi/10030(7380): invisible->visible(144ms) R(become visible) adj=0.
10-09 14:05:39.571  2042  2693 I WindowManager: wms.showSurfaceRobustly mWin:Window{52e1bff u0 eu.europa.ec.euidi/eu.europa.ec.assemblylogic.ui.MainActivity}
10-09 14:05:39.571  2042  2693 D WindowManager: Final targets: [Task{d846e55 #6523 type=standard A=10030:eu.europa.ec.euidi}, Task{d6f195 #6512 type=standard A=10172:com.android.chrome}]
10-09 14:05:39.605  2042  2693 D WindowManager: Calling onTransitionReady info={id=390 t=OPEN f=0x0 trk=0 r=[0@Point(0, 0)] c=[{WCT{RemoteToken{2f6da41 Task{d846e55 #6523 type=standard A=10030:eu.europa.ec.euidi}}} m=TO_FRONT f=MOVE_TO_TOP leash=Surface(name=Task=6523#7970)/@0x46c350c sb=Rect(0, 0 - 1080, 2400) eb=Rect(0, 0 - 1080, 2400) d=0},{WCT{RemoteToken{705ab2 Task{d6f195 #6512 type=standard A=10172:com.android.chrome}}} m=TO_BACK f=NONE leash=Surface(name=Task=6512#7476)/@0xbb5bd4c sb=Rect(0, 0 - 1080, 2400) eb=Rect(0, 0 - 1080, 2400) d=0}] noAni=[false] df=[false] mk=[true] nc=[0]}, mToken=Token{866ba5f TransitionRecord{5989077 id=390 type=OPEN flags=0x0}}
10-09 14:05:39.607  2042  2693 I BLASTSyncEngine: finishNow: after onTransactionReady, mSyncId=390
10-09 14:05:39.613  4304  4484 D MiuiFreeformAnimation: startAnimation change: {WCT{android.window.IWindowContainerToken$Stub$Proxy@897efe0} m=TO_FRONT f=MOVE_TO_TOP leash=Surface(name=Task=6523#7970)/@0x61ff99d sb=Rect(0, 0 - 1080, 2400) eb=Rect(0, 0 - 1080, 2400) d=0} info.getType(): 1
10-09 14:05:39.613  4304  4484 I MiuiFreeformAnimation: isLaunchWidgetPicker=false,taskInfo.getWindowingMode()=1, taskInfo.getActivityType()=1
10-09 14:05:39.613  4304  4484 D MiuiFreeformAnimation: startAnimation change: {WCT{android.window.IWindowContainerToken$Stub$Proxy@b079299} m=TO_BACK f=NONE leash=Surface(name=Task=6512#7476)/@0x6194e12 sb=Rect(0, 0 - 1080, 2400) eb=Rect(0, 0 - 1080, 2400) d=0} info.getType(): 1
10-09 14:05:39.613  4304  4484 W MiuiTaskTransitionHandler: Receive an unknown transition, token=android.os.BinderProxy@c54efc8, type=1
10-09 14:05:39.614  4304  4484 D TransitionAnimationHelper:  load default animation  type = 1 enter = false animAttr = 9 isTask = true translucent = false
10-09 14:05:39.614  4304  4484 D TransitionAnimationHelper:  load default animation  type = 1 enter = true animAttr = 8 isTask = true translucent = false
10-09 14:05:39.616  4304  4520 D ShellTransitions: speed ui!!!!!!!!!!!
10-09 14:05:39.616  4304  4484 D MiuiFullScreenTaskRepository: setFocusedTask taskId=6523, displayId=0, topActivity=ComponentInfo{eu.europa.ec.euidi/eu.europa.ec.assemblylogic.ui.MainActivity}
10-09 14:05:39.616  4304  4484 D MiuiFullScreenTaskRepository: addOrUpdateFullScreenTaskInfo taskId=6523, topActivity=ComponentInfo{eu.europa.ec.euidi/eu.europa.ec.assemblylogic.ui.MainActivity}
10-09 14:05:39.618  4304  4520 D ArtChoreographerMonitor: invoke error.
10-09 14:05:39.630  2042  2692 D SchedBoost: com.android.chrome boosting, skip reset priority
10-09 14:05:39.630  2042  2692 D SchedBoost: com.android.chrome:sandboxed_process0:org.chromium.content.app.SandboxedProcessService0:5 boosting, skip reset priority
10-09 14:05:39.630  2042  2692 D SchedBoost: com.android.chrome:privileged_process0 boosting, skip reset priority
10-09 14:05:39.630  2042  2692 D SchedBoost: com.google.android.adservices.api boosting, skip reset priority
10-09 14:05:39.635  4304  4484 D SoScUtils: monitorTransitionFinished transition:android.os.BinderProxy@c54efc8 transaction: android.view.SurfaceControl$Transaction@e17840d mRequestCloseTransition:null mRequestOpenTransition:null mPairsOpenTransition:null mPairsOpenTransitionNull:null mRequestOpenTriggerTask:-1 mRequestCloseTriggerTask:-1 mOrientationTransition: null mMainStartingTask:-1 mSideStartingTask:-1
10-09 14:05:39.638  2042  4541 I Transition: finishTransition: updateLastSurfacePosition tf=Task{d846e55 #6523 type=standard A=10030:eu.europa.ec.euidi}
10-09 14:05:39.640  2042  2692 I SmartPower: com.android.chrome/10172(2944): visible->invisible(27905ms) R(become invisible) adj=200.
10-09 14:05:39.640  2042  2692 I SmartPower: com.android.chrome:privileged_process0/10172(3249): invisible->background(28146ms) R(become background) adj=200.
10-09 14:05:39.640  2042  2692 I SmartPower: com.android.chrome/10172(2944): invisible->background(0ms) R(become background) adj=200.
10-09 14:05:39.644  2042  6971 I WindowManager: cancelAnimation removed leash : Surface(name=Surface(name=49d5fba InputMethod#118)/@0xbb23dc8 - animation-leash of insets_animation#8070)/@0xd2dfd1
10-09 14:05:39.652  2042  4100 W PackageConfigPersister: App-specific configuration not found for packageName: eu.europa.ec.euidi and userId: 0
10-09 14:05:39.654  2042  3110 D CompatibilityChangeReporter: Compat change id reported: 265195908; UID 10172; state: ENABLED
10-09 14:05:39.658  4304  4484 D MiuiFullScreenTaskRepository: addOrUpdateFullScreenTaskInfo taskId=6512, topActivity=ComponentInfo{com.android.chrome/org.chromium.chrome.browser.ChromeTabbedActivity}
10-09 14:05:39.677  2042  4541 D CoreBackPreview: Window{963420e u0 com.android.chrome/org.chromium.chrome.browser.ChromeTabbedActivity}: Setting back callback OnBackInvokedCallbackInfo{mCallback=android.window.IOnBackInvokedCallback$Stub$Proxy@2b45762, mPriority=-1, mIsAnimationCallback=false}
10-09 14:05:39.706  2944  2944 D ActivityThread: Fail to check app heapsize due to java.lang.NoSuchMethodException: dalvik.system.VMRuntime.getBlockingGcCountForAlloc []
10-09 14:05:39.710  2042  2690 D Aurogon :  uid = 10172 switch to BG
10-09 14:05:39.711  2042  3500 D isUidValid: uid = 10172
10-09 14:05:39.744   702  8462 W keystore2: system/security/keystore2/src/remote_provisioning.rs:102 - Error occurred: system/security/keystore2/src/rkpd_client.rs:307: Trying to get to IRegistration service.
10-09 14:05:39.744   702  8462 W keystore2: 
10-09 14:05:39.744   702  8462 W keystore2: Caused by:
10-09 14:05:39.744   702  8462 W keystore2:     0: system/security/keystore2/src/rkpd_client.rs:162: Trying to get IRPC name.
10-09 14:05:39.744   702  8462 W keystore2:     1: system/security/keystore2/src/globals.rs:440
10-09 14:05:39.744   702  8462 W keystore2:     2: Error::Km(r#HARDWARE_TYPE_UNAVAILABLE)
10-09 14:05:39.801  4304  4304 D ArtChoreographerMonitor: invoke error.
10-09 14:05:40.236  2183  2183 I wificond: station_bandwidth: P
10-09 14:05:40.556  2042  2802 I ExtM    : zram userate is low, no need to flush: 41
10-09 14:05:40.723  2042  6971 W MIUIInput: Input event injection from package: null action ACTION_DOWN
10-09 14:05:40.727  2042  4541 W MIUIInput: Input event injection from package: null action ACTION_UP
10-09 14:05:41.297  2042  3110 W ProcessStats: Tracking association SourceState{3682bb3 com.miui.analytics/10093 BFgs #108592} whose proc state 4 is better than process ProcessState{6688729 com.miui.securitycenter.remote/1000 pkg=com.miui.securitycenter} proc state 9 (87 skipped)
10-09 14:05:41.308  2042  4541 W MIUIInput: Input event injection from package: null action ACTION_DOWN
10-09 14:05:41.311  2042  4589 W MIUIInput: Input event injection from package: null action ACTION_UP
10-09 14:05:41.544  2042  4589 I ActivityManager: Force stopping eu.europa.ec.euidi appid=10030 user=0: from process:7846
10-09 14:05:41.545  2042  3515 E ProcessManager: error write exception log
10-09 14:05:41.548  2042  4589 I ActivityManager: Killing 7380:eu.europa.ec.euidi/u0a30 (adj 0): stop eu.europa.ec.euidi due to from process:7846
10-09 14:05:41.548  2042  2074 D DisplayManagerService: Drop pending events for gone uid 10030
10-09 14:05:41.553  2042  4589 W ActivityTaskManager: Force removing ActivityRecord{d86983f u0 eu.europa.ec.euidi/eu.europa.ec.assemblylogic.ui.MainActivity t6523 f}}: app died, no saved state
10-09 14:05:41.554  2042  4589 D WindowManager: Requesting StartTransition: TransitionRecord{21016e0 id=391 type=CLOSE flags=0x0}
10-09 14:05:41.554  2042  4589 D WindowManager: Collecting in transition 391: Task{d846e55 #6523 type=standard A=10030:eu.europa.ec.euidi} init visibleRequested:true
10-09 14:05:41.555  2042  4589 D WindowManager: Collecting in transition 391: ActivityRecord{d86983f u0 eu.europa.ec.euidi/eu.europa.ec.assemblylogic.ui.MainActivity t6523 f}} init visibleRequested:false
10-09 14:05:41.557  2042  4589 D WindowManager: wms.Input focus has changed to null display=0 updateInputWindows = true
10-09 14:05:41.557  2042  4589 I MultiSenceManagerInternalStub: getInstance
10-09 14:05:41.558  2042  4589 D WindowManager: Collecting in transition 391: ActivityRecord{3dc197f u0 com.android.chrome/org.chromium.chrome.browser.ChromeTabbedActivity t6512} init visibleRequested:false
10-09 14:05:41.561  2042  4589 I SmartPower: com.android.chrome:privileged_process0/10172(3249): background->invisible(1921ms) R(become foreground) adj=700.
10-09 14:05:41.561  2042  4589 I SmartPower: com.android.chrome/10172(2944): background->invisible(1921ms) R(become foreground) adj=700.
10-09 14:05:41.562  2042  4589 D WindowManager: Collecting in transition 391: ActivityRecord{3dc197f u0 com.android.chrome/org.chromium.chrome.browser.ChromeTabbedActivity t6512} init visibleRequested:true
10-09 14:05:41.566  2042  7011 D WindowManager: Set transition=TransitionRecord{21016e0 id=391 type=CLOSE flags=0x0}, ready=true, SyncId=391 
10-09 14:05:41.566  4304  4484 D MiuiFullScreenTaskRepository: removeFocusedTask displayId=0
10-09 14:05:41.567  4304  4484 D MiuiFullScreenTaskRepository: addOrUpdateFullScreenTaskInfo taskId=6523, topActivity=null
10-09 14:05:41.567  4304  4484 D MiuiFullScreenTaskRepository: addOrUpdateFullScreenTaskInfo taskId=6512, topActivity=ComponentInfo{com.android.chrome/org.chromium.chrome.browser.ChromeTabbedActivity}
10-09 14:05:41.570  2042  2690 D Aurogon :  uid = 10172 switch to FG
10-09 14:05:41.572  2042  2693 I BLASTSyncEngine: SyncGroup 391:  Unfinished container:ActivityRecord{3dc197f u0 com.android.chrome/org.chromium.chrome.browser.ChromeTabbedActivity t6512}
10-09 14:05:41.572  2042  2693 I BLASTSyncEngine: isActivitySyncFinished isSyncFinished false ActivityRecord{3dc197f u0 com.android.chrome/org.chromium.chrome.browser.ChromeTabbedActivity t6512}
10-09 14:05:41.578  2042  7011 D CompatibilityChangeReporter: Compat change id reported: 319212206; UID 10172; state: ENABLED
10-09 14:05:41.584  2042  4589 D WindowManager: Set transition=TransitionRecord{21016e0 id=391 type=CLOSE flags=0x0}, ready=true, SyncId=391 
10-09 14:05:41.584  2042  4589 I AppsFilter: interaction: PackageSetting{12f5306 io.appium.uiautomator2.server.test/10767} -> PackageSetting{47de1f8 eu.europa.ec.euidi/10030} BLOCKED
10-09 14:05:41.584  2042  4589 I AppsFilter: interaction: PackageSetting{e02bff4 com.fido.asm/10104} -> PackageSetting{47de1f8 eu.europa.ec.euidi/10030} BLOCKED
10-09 14:05:41.585  2042  4589 I AppsFilter: interaction: PackageSetting{860431d io.appium.uiautomator2.server/10769} -> PackageSetting{47de1f8 eu.europa.ec.euidi/10030} BLOCKED
10-09 14:05:41.585  2042  4589 I AppsFilter: interaction: PackageSetting{add9992 io.appium.settings/10611} -> PackageSetting{47de1f8 eu.europa.ec.euidi/10030} BLOCKED
10-09 14:05:41.598  2042  6971 D ActivityManager: checkAllowBackground: uid=10163 pkg=com.google.android.gms rec=UidRecord{3efeecd u0a163 BTOP change:procstateprocadj procs:0 seq(724184,425084)} caps=LCMNFU always=false idle=false
10-09 14:05:41.606  2042  4589 D CoreBackPreview: Window{963420e u0 com.android.chrome/org.chromium.chrome.browser.ChromeTabbedActivity}: Setting back callback OnBackInvokedCallbackInfo{mCallback=android.window.IOnBackInvokedCallback$Stub$Proxy@733d41a, mPriority=0, mIsAnimationCallback=true}
10-09 14:05:41.621  2042  3095 D AutofillSession: handling death of Token{5bf106a ActivityRecord{d86983f u0 eu.europa.ec.euidi/eu.europa.ec.assemblylogic.ui.MainActivity t6523 f} isExiting}} when saving=false
10-09 14:05:41.621  2042  4100 I WindowManager: WIN DEATH: Window{52e1bff u0 eu.europa.ec.euidi/eu.europa.ec.assemblylogic.ui.MainActivity}
10-09 14:05:41.626  2042  4100 I BLASTSyncEngine: SyncGroup 391:  Unfinished container:ActivityRecord{3dc197f u0 com.android.chrome/org.chromium.chrome.browser.ChromeTabbedActivity t6512}
10-09 14:05:41.626  2042  4100 I BLASTSyncEngine: isActivitySyncFinished isSyncFinished false ActivityRecord{3dc197f u0 com.android.chrome/org.chromium.chrome.browser.ChromeTabbedActivity t6512}
10-09 14:05:41.627  2042  6971 D ActivityManager: checkAllowBackground: uid=10163 pkg=com.google.android.gms rec=UidRecord{3efeecd u0a163 BTOP change:procadj procs:0 seq(724233,425084)} caps=LCMNFU always=false idle=false
10-09 14:05:41.654  4304  5419 D MiuiFreeformModeObserver: activityResumed() intent： Intent { cmp=com.android.chrome/org.chromium.chrome.browser.ChromeTabbedActivity (has extras) }
10-09 14:05:41.673  2042  4772 I BLASTSyncEngine: SyncGroup 391:  Unfinished container:ActivityRecord{3dc197f u0 com.android.chrome/org.chromium.chrome.browser.ChromeTabbedActivity t6512}
10-09 14:05:41.673  2042  4772 I BLASTSyncEngine: isActivitySyncFinished isSyncFinished false ActivityRecord{3dc197f u0 com.android.chrome/org.chromium.chrome.browser.ChromeTabbedActivity t6512}
10-09 14:05:41.674  2042  4772 I WindowManager: cancelAnimation removed leash : Surface(name=Surface(name=704023a StatusBar#94)/@0xa8be448 - animation-leash of insets_animation#8110)/@0x313a081
10-09 14:05:41.676  2042  4772 I WindowManager: cancelAnimation removed leash : Surface(name=Surface(name=d968687 NavigationBar0#90)/@0x2f479dd - animation-leash of insets_animation#8111)/@0x9188567
10-09 14:05:41.677  2042  4772 D WindowManager: wms.Input focus has changed to Window{963420e u0 com.android.chrome/org.chromium.chrome.browser.ChromeTabbedActivity} display=0 updateInputWindows = true
10-09 14:05:41.677  2042  4772 I MultiSenceManagerInternalStub: getInstance
10-09 14:05:41.685  2042  2693 W WindowManager: Failed to deliver inset control state change to w=Window{52e1bff u0 eu.europa.ec.euidi/eu.europa.ec.assemblylogic.ui.MainActivity EXITING}
10-09 14:05:41.685  2042  2693 W WindowManager: android.os.DeadObjectException
10-09 14:05:41.685  2042  2693 W WindowManager: 	at android.os.BinderProxy.transactNative(Native Method)
10-09 14:05:41.685  2042  2693 W WindowManager: 	at android.os.BinderProxy.transact(BinderProxy.java:639)
10-09 14:05:41.685  2042  2693 W WindowManager: 	at android.view.IWindow$Stub$Proxy.insetsControlChanged(IWindow.java:622)
10-09 14:05:41.685  2042  2693 W WindowManager: 	at com.android.server.wm.WindowState.notifyInsetsControlChanged(WindowState.java:4303)
10-09 14:05:41.685  2042  2693 W WindowManager: 	at com.android.server.wm.InsetsStateController.lambda$notifyPendingInsetsControlChanged$3(InsetsStateController.java:386)
10-09 14:05:41.685  2042  2693 W WindowManager: 	at com.android.server.wm.InsetsStateController.$r8$lambda$8yykPRG1GyNq_J17QvL9d5xANMc(Unknown Source:0)
10-09 14:05:41.685  2042  2693 W WindowManager: 	at com.android.server.wm.InsetsStateController$$ExternalSyntheticLambda2.run(Unknown Source:2)
10-09 14:05:41.685  2042  2693 W WindowManager: 	at com.android.server.wm.WindowAnimator.executeAfterPrepareSurfacesRunnables(WindowAnimator.java:303)
10-09 14:05:41.685  2042  2693 W WindowManager: 	at com.android.server.wm.WindowAnimator.animate(WindowAnimator.java:211)
10-09 14:05:41.685  2042  2693 W WindowManager: 	at com.android.server.wm.WindowAnimator.lambda$new$1(WindowAnimator.java:99)
10-09 14:05:41.685  2042  2693 W WindowManager: 	at com.android.server.wm.WindowAnimator.$r8$lambda$aHNu1uhcqxihX5NZc4McDDQPAyw(Unknown Source:0)
10-09 14:05:41.685  2042  2693 W WindowManager: 	at com.android.server.wm.WindowAnimator$$ExternalSyntheticLambda1.doFrame(Unknown Source:2)
10-09 14:05:41.685  2042  2693 W WindowManager: 	at android.view.Choreographer$CallbackRecord.run(Choreographer.java:1652)
10-09 14:05:41.685  2042  2693 W WindowManager: 	at android.view.Choreographer$CallbackRecord.run(Choreographer.java:1663)
10-09 14:05:41.685  2042  2693 W WindowManager: 	at android.view.Choreographer.doCallbacks(Choreographer.java:1160)
10-09 14:05:41.685  2042  2693 W WindowManager: 	at android.view.Choreographer.doFrame(Choreographer.java:1057)
10-09 14:05:41.685  2042  2693 W WindowManager: 	at android.view.Choreographer$FrameDisplayEventReceiver.run(Choreographer.java:1617)
10-09 14:05:41.685  2042  2693 W WindowManager: 	at android.os.Handler.handleCallback(Handler.java:958)
10-09 14:05:41.685  2042  2693 W WindowManager: 	at android.os.Handler.dispatchMessage(Handler.java:99)
10-09 14:05:41.685  2042  2693 W WindowManager: 	at android.os.Looper.loopOnce(Looper.java:222)
10-09 14:05:41.685  2042  2693 W WindowManager: 	at android.os.Looper.loop(Looper.java:314)
10-09 14:05:41.685  2042  2693 W WindowManager: 	at android.os.HandlerThread.run(HandlerThread.java:67)
10-09 14:05:41.685  2042  2693 W WindowManager: 	at com.android.server.ServiceThread.run(ServiceThread.java:46)
10-09 14:05:41.723  2042  9053 D WindowManager: wms.finishDrawingLocked: mDrawState=COMMIT_DRAW_PENDING Window{963420e u0 com.android.chrome/org.chromium.chrome.browser.ChromeTabbedActivity} in Surface(name=com.android.chrome/org.chromium.chrome.browser.ChromeTabbedActivity#8115)/@0xc508540
10-09 14:05:41.726  2042  2693 I SmartPower: com.android.chrome/10172(2944): invisible->visible(166ms) R(become visible) adj=101.
10-09 14:05:41.727  2042  2693 I WindowManager: wms.showSurfaceRobustly mWin:Window{963420e u0 com.android.chrome/org.chromium.chrome.browser.ChromeTabbedActivity}
10-09 14:05:41.727  2042  2693 D WindowManager: Final targets: [Task{d846e55 #6523 type=standard A=10030:eu.europa.ec.euidi}, Task{d6f195 #6512 type=standard A=10172:com.android.chrome}]
10-09 14:05:41.753  2042  3500 D GreezeManager:  report signal uid = 10030 pid = 7380is not frozen.
10-09 14:05:41.756  2042  2693 D WindowManager: Calling onTransitionReady info={id=391 t=CLOSE f=0x0 trk=0 r=[0@Point(0, 0)] c=[{WCT{RemoteToken{2f6da41 Task{d846e55 #6523 type=standard A=10030:eu.europa.ec.euidi}}} m=CLOSE f=NONE leash=Surface(name=Task=6523#7970)/@0x46c350c sb=Rect(0, 0 - 1080, 2400) eb=Rect(0, 0 - 1080, 2400) d=0},{WCT{RemoteToken{705ab2 Task{d6f195 #6512 type=standard A=10172:com.android.chrome}}} m=TO_FRONT f=NONE leash=Surface(name=Task=6512#7476)/@0xbb5bd4c sb=Rect(0, 0 - 1080, 2400) eb=Rect(0, 0 - 1080, 2400) d=0}] noAni=[false] df=[false] mk=[true] nc=[0]}, mToken=Token{40e98b3 TransitionRecord{21016e0 id=391 type=CLOSE flags=0x0}}
10-09 14:05:41.757  2042  2693 I BLASTSyncEngine: finishNow: after onTransactionReady, mSyncId=391
10-09 14:05:41.759  4304  4304 D ArtChoreographerMonitor: invoke error.
10-09 14:05:41.761  4304  4484 D MiuiFreeformAnimation: startAnimation change: {WCT{android.window.IWindowContainerToken$Stub$Proxy@aa42e3c} m=CLOSE f=NONE leash=Surface(name=Task=6523#7970)/@0xcf71110 sb=Rect(0, 0 - 1080, 2400) eb=Rect(0, 0 - 1080, 2400) d=0} info.getType(): 2
10-09 14:05:41.761  4304  4484 D MiuiFreeformAnimation: startAnimation change: {WCT{android.window.IWindowContainerToken$Stub$Proxy@c6627c5} m=TO_FRONT f=NONE leash=Surface(name=Task=6512#7476)/@0x195b60e sb=Rect(0, 0 - 1080, 2400) eb=Rect(0, 0 - 1080, 2400) d=0} info.getType(): 2
10-09 14:05:41.761  4304  4484 I MiuiFreeformAnimation: isLaunchWidgetPicker=false,taskInfo.getWindowingMode()=1, taskInfo.getActivityType()=1
10-09 14:05:41.762  4304  4484 W MiuiTaskTransitionHandler: Receive an unknown transition, token=android.os.BinderProxy@94d5fc2, type=2
10-09 14:05:41.762  4304  4484 D TransitionAnimationHelper:  load default animation  type = 2 enter = true animAttr = 10 isTask = true translucent = false
10-09 14:05:41.763  4304  4484 D TransitionAnimationHelper:  load default animation  type = 2 enter = false animAttr = 11 isTask = true translucent = false
10-09 14:05:41.764  4304  4520 D ShellTransitions: speed ui!!!!!!!!!!!
10-09 14:05:41.764  4304  4484 D MiuiFullScreenTaskRepository: addOrUpdateFullScreenTaskInfo taskId=6512, topActivity=ComponentInfo{com.android.chrome/org.chromium.chrome.browser.ChromeTabbedActivity}
10-09 14:05:41.774  2042  4772 D PackageParserImpl: dump dex file,file message: base.odex: 240Kb base.vdex: 578Kb 
10-09 14:05:41.774  4304  4484 D SoScUtils: monitorTransitionFinished transition:android.os.BinderProxy@94d5fc2 transaction: android.view.SurfaceControl$Transaction@4ee5179 mRequestCloseTransition:null mRequestOpenTransition:null mPairsOpenTransition:null mPairsOpenTransitionNull:null mRequestOpenTriggerTask:-1 mRequestCloseTriggerTask:-1 mOrientationTransition: null mMainStartingTask:-1 mSideStartingTask:-1
10-09 14:05:41.780  2042  6971 W WindowManager: Exception thrown during dispatchAppVisibility Window{52e1bff u0 eu.europa.ec.euidi/eu.europa.ec.assemblylogic.ui.MainActivity EXITING}
10-09 14:05:41.780  2042  6971 W WindowManager: android.os.DeadObjectException
