10-10 17:04:44.472  2042  4772 I BLASTSyncEngine: isActivitySyncFinished isSyncFinished false ActivityRecord{423b875 u0 eu.europa.ec.euidi/eu.europa.ec.assemblylogic.ui.MainActivity t6812}
10-10 17:04:44.475  2042  2690 D Aurogon :  uid = 10030 switch to FG
10-10 17:04:44.522  4304 26581 D MiuiFreeformModeObserver: activityResumed() intent： Intent { cmp=eu.europa.ec.euidi/eu.europa.ec.assemblylogic.ui.MainActivity (has extras) }
10-10 17:04:44.524  2042  9053 I BLASTSyncEngine: SyncGroup 1016:  Unfinished container:ActivityRecord{423b875 u0 eu.europa.ec.euidi/eu.europa.ec.assemblylogic.ui.MainActivity t6812}
10-10 17:04:44.524  2042  9053 I BLASTSyncEngine: isActivitySyncFinished isSyncFinished false ActivityRecord{423b875 u0 eu.europa.ec.euidi/eu.europa.ec.assemblylogic.ui.MainActivity t6812}
10-10 17:04:44.526  2042  9053 I WindowManager: cancelAnimation removed leash : Surface(name=Surface(name=704023a StatusBar#94)/@0xa8be448 - animation-leash of insets_animation#20450)/@0xc046628
10-10 17:04:44.529  2042  9053 I WindowManager: cancelAnimation removed leash : Surface(name=Surface(name=d968687 NavigationBar0#90)/@0x2f479dd - animation-leash of insets_animation#20456)/@0x5c7881e
10-10 17:04:44.532  2042  9053 D WindowManager: wms.Input focus has changed to Window{5676c40 u0 eu.europa.ec.euidi/eu.europa.ec.assemblylogic.ui.MainActivity} display=0 updateInputWindows = true
10-10 17:04:44.532  2042  9053 I MultiSenceManagerInternalStub: getInstance
10-10 17:04:44.561  2042  4541 W AutofillManagerServiceImpl: getFillEventHistory() called by UID 10273, but service UID is 10163
10-10 17:04:44.584  2042  4772 D WindowManager: wms.finishDrawingLocked: mDrawState=COMMIT_DRAW_PENDING Window{5676c40 u0 eu.europa.ec.euidi/eu.europa.ec.assemblylogic.ui.MainActivity} in Surface(name=eu.europa.ec.euidi/eu.europa.ec.assemblylogic.ui.MainActivity#20457)/@0x8a5aafc
10-10 17:04:44.589  2042  2693 I SmartPower: eu.europa.ec.euidi/10030(25714): invisible->visible(169ms) R(become visible) adj=0.
10-10 17:04:44.590  2042  2693 I WindowManager: wms.showSurfaceRobustly mWin:Window{5676c40 u0 eu.europa.ec.euidi/eu.europa.ec.assemblylogic.ui.MainActivity}
10-10 17:04:44.590  2042  2693 D WindowManager: Final targets: [Task{783207b #6812 type=standard A=10030:eu.europa.ec.euidi}, Task{fe09795 #6731 type=standard A=10172:com.android.chrome}]
10-10 17:04:44.619  2042  2693 D WindowManager: Calling onTransitionReady info={id=1016 t=OPEN f=0x0 trk=0 r=[0@Point(0, 0)] c=[{WCT{RemoteToken{fdc3d86 Task{783207b #6812 type=standard A=10030:eu.europa.ec.euidi}}} m=TO_FRONT f=MOVE_TO_TOP leash=Surface(name=Task=6812#20385)/@0x4e7600a sb=Rect(0, 0 - 1080, 2400) eb=Rect(0, 0 - 1080, 2400) d=0},{WCT{RemoteToken{ac2f95f Task{fe09795 #6731 type=standard A=10172:com.android.chrome}}} m=TO_BACK f=NONE leash=Surface(name=Task=6731#16951)/@0xbe63b4c sb=Rect(0, 0 - 1080, 2400) eb=Rect(0, 0 - 1080, 2400) d=0}] noAni=[false] df=[false] mk=[true] nc=[0]}, mToken=Token{310183 TransitionRecord{75641d0 id=1016 type=OPEN flags=0x0}}
10-10 17:04:44.620  2042  2693 I BLASTSyncEngine: finishNow: after onTransactionReady, mSyncId=1016
10-10 17:04:44.627  4304  4484 D MiuiFreeformAnimation: startAnimation change: {WCT{android.window.IWindowContainerToken$Stub$Proxy@34255e1} m=TO_FRONT f=MOVE_TO_TOP leash=Surface(name=Task=6812#20385)/@0xb1cd93a sb=Rect(0, 0 - 1080, 2400) eb=Rect(0, 0 - 1080, 2400) d=0} info.getType(): 1
10-10 17:04:44.627  4304  4484 I MiuiFreeformAnimation: isLaunchWidgetPicker=false,taskInfo.getWindowingMode()=1, taskInfo.getActivityType()=1
10-10 17:04:44.627  4304  4484 D MiuiFreeformAnimation: startAnimation change: {WCT{android.window.IWindowContainerToken$Stub$Proxy@66f4f06} m=TO_BACK f=NONE leash=Surface(name=Task=6731#16951)/@0x25459eb sb=Rect(0, 0 - 1080, 2400) eb=Rect(0, 0 - 1080, 2400) d=0} info.getType(): 1
10-10 17:04:44.627  4304  4484 W MiuiTaskTransitionHandler: Receive an unknown transition, token=android.os.BinderProxy@606faa9, type=1
10-10 17:04:44.628  4304  4484 D TransitionAnimationHelper:  load default animation  type = 1 enter = false animAttr = 9 isTask = true translucent = false
10-10 17:04:44.628  4304  4484 D TransitionAnimationHelper:  load default animation  type = 1 enter = true animAttr = 8 isTask = true translucent = false
10-10 17:04:44.630  4304  4484 D MiuiFullScreenTaskRepository: setFocusedTask taskId=6812, displayId=0, topActivity=ComponentInfo{eu.europa.ec.euidi/eu.europa.ec.assemblylogic.ui.MainActivity}
10-10 17:04:44.630  4304  4484 D MiuiFullScreenTaskRepository: addOrUpdateFullScreenTaskInfo taskId=6812, topActivity=ComponentInfo{eu.europa.ec.euidi/eu.europa.ec.assemblylogic.ui.MainActivity}
10-10 17:04:44.632  4304  4520 D ShellTransitions: speed ui!!!!!!!!!!!
10-10 17:04:44.633  4304  4520 D ArtChoreographerMonitor: invoke error.
10-10 17:04:44.638  2042  2692 D SchedBoost: com.android.chrome boosting, skip reset priority
10-10 17:04:44.638  2042  2692 D SchedBoost: com.android.chrome:sandboxed_process0:org.chromium.content.app.SandboxedProcessService0:66 boosting, skip reset priority
10-10 17:04:44.638  2042  2692 D SchedBoost: com.google.android.adservices.api boosting, skip reset priority
10-10 17:04:44.638  2042  2692 D SchedBoost: com.android.chrome:privileged_process0 boosting, skip reset priority
10-10 17:04:44.639  2042  2692 W ProcessStats: Tracking association SourceState{3682bb3 com.miui.analytics/10093 BFgs #210751} whose proc state 4 is better than process ProcessState{6688729 com.miui.securitycenter.remote/1000 pkg=com.miui.securitycenter} proc state 9 (159 skipped)
10-10 17:04:44.643  4304  4484 D SoScUtils: monitorTransitionFinished transition:android.os.BinderProxy@606faa9 transaction: android.view.SurfaceControl$Transaction@1fe04ea mRequestCloseTransition:null mRequestOpenTransition:null mPairsOpenTransition:null mPairsOpenTransitionNull:null mRequestOpenTriggerTask:-1 mRequestCloseTriggerTask:-1 mOrientationTransition: null mMainStartingTask:-1 mSideStartingTask:-1
10-10 17:04:44.648  2042  9053 I Transition: finishTransition: updateLastSurfacePosition tf=Task{783207b #6812 type=standard A=10030:eu.europa.ec.euidi}
10-10 17:04:44.651  2042  2692 I SmartPower: com.android.chrome/10172(30974): visible->invisible(21491ms) R(become invisible) adj=200.
10-10 17:04:44.651  2042  2692 I SmartPower: com.android.chrome:privileged_process0/10172(31317): invisible->background(21783ms) R(become background) adj=200.
10-10 17:04:44.651  2042  2692 I SmartPower: com.android.chrome/10172(30974): invisible->background(0ms) R(become background) adj=200.
10-10 17:04:44.658  4304  4484 D MiuiFullScreenTaskRepository: addOrUpdateFullScreenTaskInfo taskId=6731, topActivity=ComponentInfo{com.android.chrome/org.chromium.chrome.browser.ChromeTabbedActivity}
10-10 17:04:44.660  2042  9053 I WindowManager: cancelAnimation removed leash : Surface(name=Surface(name=49d5fba InputMethod#118)/@0xbb23dc8 - animation-leash of insets_animation#20438)/@0x28c1995
10-10 17:04:44.660  2042  7002 W PackageConfigPersister: App-specific configuration not found for packageName: eu.europa.ec.euidi and userId: 0
10-10 17:04:44.661  2042  3110 D CompatibilityChangeReporter: Compat change id reported: 265195908; UID 10172; state: ENABLED
10-10 17:04:44.697  2042  4541 D CoreBackPreview: Window{169c3d3 u0 com.android.chrome/org.chromium.chrome.browser.ChromeTabbedActivity}: Setting back callback OnBackInvokedCallbackInfo{mCallback=android.window.IOnBackInvokedCallback$Stub$Proxy@2afae56, mPriority=-1, mIsAnimationCallback=false}
10-10 17:04:44.725 30974 30974 D ActivityThread: Fail to check app heapsize due to java.lang.NoSuchMethodException: dalvik.system.VMRuntime.getBlockingGcCountForAlloc []
10-10 17:04:44.728  2042  2690 D Aurogon :  uid = 10172 switch to BG
10-10 17:04:44.729  2042  3500 D isUidValid: uid = 10172
10-10 17:04:44.771   702 10999 W keystore2: system/security/keystore2/src/remote_provisioning.rs:102 - Error occurred: system/security/keystore2/src/rkpd_client.rs:307: Trying to get to IRegistration service.
10-10 17:04:44.771   702 10999 W keystore2: 
10-10 17:04:44.771   702 10999 W keystore2: Caused by:
10-10 17:04:44.771   702 10999 W keystore2:     0: system/security/keystore2/src/rkpd_client.rs:162: Trying to get IRPC name.
10-10 17:04:44.771   702 10999 W keystore2:     1: system/security/keystore2/src/globals.rs:440
10-10 17:04:44.771   702 10999 W keystore2:     2: Error::Km(r#HARDWARE_TYPE_UNAVAILABLE)
10-10 17:04:44.808  4304  4304 D ArtChoreographerMonitor: invoke error.
10-10 17:04:44.815   702 10999 W keystore2: system/security/keystore2/src/remote_provisioning.rs:102 - Error occurred: system/security/keystore2/src/rkpd_client.rs:307: Trying to get to IRegistration service.
10-10 17:04:44.815   702 10999 W keystore2: 
10-10 17:04:44.815   702 10999 W keystore2: Caused by:
10-10 17:04:44.815   702 10999 W keystore2:     0: system/security/keystore2/src/rkpd_client.rs:162: Trying to get IRPC name.
10-10 17:04:44.815   702 10999 W keystore2:     1: system/security/keystore2/src/globals.rs:440
10-10 17:04:44.815   702 10999 W keystore2:     2: Error::Km(r#HARDWARE_TYPE_UNAVAILABLE)
10-10 17:04:44.845   702 10999 W keystore2: system/security/keystore2/src/remote_provisioning.rs:102 - Error occurred: system/security/keystore2/src/rkpd_client.rs:307: Trying to get to IRegistration service.
10-10 17:04:44.845   702 10999 W keystore2: 
10-10 17:04:44.845   702 10999 W keystore2: Caused by:
10-10 17:04:44.845   702 10999 W keystore2:     0: system/security/keystore2/src/rkpd_client.rs:162: Trying to get IRPC name.
10-10 17:04:44.845   702 10999 W keystore2:     1: system/security/keystore2/src/globals.rs:440
10-10 17:04:44.845   702 10999 W keystore2:     2: Error::Km(r#HARDWARE_TYPE_UNAVAILABLE)
10-10 17:04:44.875   702 10999 W keystore2: system/security/keystore2/src/remote_provisioning.rs:102 - Error occurred: system/security/keystore2/src/rkpd_client.rs:307: Trying to get to IRegistration service.
10-10 17:04:44.875   702 10999 W keystore2: 
10-10 17:04:44.875   702 10999 W keystore2: Caused by:
10-10 17:04:44.875   702 10999 W keystore2:     0: system/security/keystore2/src/rkpd_client.rs:162: Trying to get IRPC name.
10-10 17:04:44.875   702 10999 W keystore2:     1: system/security/keystore2/src/globals.rs:440
10-10 17:04:44.875   702 10999 W keystore2:     2: Error::Km(r#HARDWARE_TYPE_UNAVAILABLE)
10-10 17:04:44.907   702 10999 W keystore2: system/security/keystore2/src/remote_provisioning.rs:102 - Error occurred: system/security/keystore2/src/rkpd_client.rs:307: Trying to get to IRegistration service.
10-10 17:04:44.907   702 10999 W keystore2: 
10-10 17:04:44.907   702 10999 W keystore2: Caused by:
10-10 17:04:44.907   702 10999 W keystore2:     0: system/security/keystore2/src/rkpd_client.rs:162: Trying to get IRPC name.
10-10 17:04:44.907   702 10999 W keystore2:     1: system/security/keystore2/src/globals.rs:440
10-10 17:04:44.907   702 10999 W keystore2:     2: Error::Km(r#HARDWARE_TYPE_UNAVAILABLE)
10-10 17:04:44.910  2183  2183 I wificond: station_bandwidth: P
10-10 17:04:44.912  4304  4304 D ArtChoreographerMonitor: invoke error.
10-10 17:04:44.938   702 10999 W keystore2: system/security/keystore2/src/remote_provisioning.rs:102 - Error occurred: system/security/keystore2/src/rkpd_client.rs:307: Trying to get to IRegistration service.
10-10 17:04:44.938   702 10999 W keystore2: 
10-10 17:04:44.938   702 10999 W keystore2: Caused by:
10-10 17:04:44.938   702 10999 W keystore2:     0: system/security/keystore2/src/rkpd_client.rs:162: Trying to get IRPC name.
10-10 17:04:44.938   702 10999 W keystore2:     1: system/security/keystore2/src/globals.rs:440
10-10 17:04:44.938   702 10999 W keystore2:     2: Error::Km(r#HARDWARE_TYPE_UNAVAILABLE)
10-10 17:04:44.970   702 10999 W keystore2: system/security/keystore2/src/remote_provisioning.rs:102 - Error occurred: system/security/keystore2/src/rkpd_client.rs:307: Trying to get to IRegistration service.
10-10 17:04:44.970   702 10999 W keystore2: 
10-10 17:04:44.970   702 10999 W keystore2: Caused by:
10-10 17:04:44.970   702 10999 W keystore2:     0: system/security/keystore2/src/rkpd_client.rs:162: Trying to get IRPC name.
10-10 17:04:44.970   702 10999 W keystore2:     1: system/security/keystore2/src/globals.rs:440
10-10 17:04:44.970   702 10999 W keystore2:     2: Error::Km(r#HARDWARE_TYPE_UNAVAILABLE)
10-10 17:04:45.011   702 10999 W keystore2: system/security/keystore2/src/remote_provisioning.rs:102 - Error occurred: system/security/keystore2/src/rkpd_client.rs:307: Trying to get to IRegistration service.
10-10 17:04:45.011   702 10999 W keystore2: 
10-10 17:04:45.011   702 10999 W keystore2: Caused by:
10-10 17:04:45.011   702 10999 W keystore2:     0: system/security/keystore2/src/rkpd_client.rs:162: Trying to get IRPC name.
10-10 17:04:45.011   702 10999 W keystore2:     1: system/security/keystore2/src/globals.rs:440
10-10 17:04:45.011   702 10999 W keystore2:     2: Error::Km(r#HARDWARE_TYPE_UNAVAILABLE)
10-10 17:04:45.053   702 10999 W keystore2: system/security/keystore2/src/remote_provisioning.rs:102 - Error occurred: system/security/keystore2/src/rkpd_client.rs:307: Trying to get to IRegistration service.
10-10 17:04:45.053   702 10999 W keystore2: 
10-10 17:04:45.053   702 10999 W keystore2: Caused by:
10-10 17:04:45.053   702 10999 W keystore2:     0: system/security/keystore2/src/rkpd_client.rs:162: Trying to get IRPC name.
10-10 17:04:45.053   702 10999 W keystore2:     1: system/security/keystore2/src/globals.rs:440
10-10 17:04:45.053   702 10999 W keystore2:     2: Error::Km(r#HARDWARE_TYPE_UNAVAILABLE)
10-10 17:04:45.088  4304  4304 D ArtChoreographerMonitor: invoke error.
10-10 17:04:45.090   702 10999 W keystore2: system/security/keystore2/src/remote_provisioning.rs:102 - Error occurred: system/security/keystore2/src/rkpd_client.rs:307: Trying to get to IRegistration service.
10-10 17:04:45.090   702 10999 W keystore2: 
10-10 17:04:45.090   702 10999 W keystore2: Caused by:
10-10 17:04:45.090   702 10999 W keystore2:     0: system/security/keystore2/src/rkpd_client.rs:162: Trying to get IRPC name.
10-10 17:04:45.090   702 10999 W keystore2:     1: system/security/keystore2/src/globals.rs:440
10-10 17:04:45.090   702 10999 W keystore2:     2: Error::Km(r#HARDWARE_TYPE_UNAVAILABLE)
10-10 17:04:45.348  2042  2802 I ExtM    : zram userate is low, no need to flush: 43
10-10 17:04:45.369  4304  4304 D ArtChoreographerMonitor: invoke error.
10-10 17:04:45.542  4304  4304 D ArtChoreographerMonitor: invoke error.
10-10 17:04:46.894  2042  9053 D PerfShielderService: eu.europa.ec.euidi|eu.europa.ec.euidi/eu.europa.ec.assemblylogic.ui.MainActivity|84|73741131475462|82|5|2
10-10 17:04:46.895  6649 11586 W MiuiPerfServiceClient: interceptAndQueuing:25714|eu.europa.ec.euidi|84|82|73741131475462|Slow issue draw commands|2
10-10 17:04:47.172  2042  4541 W MIUIInput: Input event injection from package: null action ACTION_DOWN
10-10 17:04:47.177  2042  4541 W MIUIInput: Input event injection from package: null action ACTION_UP
10-10 17:04:47.565  2042  4541 W MIUIInput: Input event injection from package: null action ACTION_DOWN keycode 3
10-10 17:04:47.565  2042  4541 W MiuiInputKeyEventLog: keyCode:3 down:true eventTime:73742021 downTime:73742021 policyFlags:2b000000 flags:0 metaState:0 deviceId:-1 isScreenOn:true keyguardActive:false repeatCount:0
10-10 17:04:47.567  2042  4541 W MIUIInput: Input event injection from package: null action ACTION_UP keycode 3
10-10 17:04:47.567  2042  4541 W MiuiInputKeyEventLog: keyCode:3 down:false eventTime:73742022 downTime:73742021 policyFlags:2b000000 flags:0 metaState:0 deviceId:-1 isScreenOn:true keyguardActive:false repeatCount:0
10-10 17:04:47.568  4304  4484 D MiuiFreeformModeObserver: handleFreeFormReceiver intent=Intent { act=com.miui.fullscreen_state_change flg=0x10 (has extras) } ,action=com.miui.fullscreen_state_change
10-10 17:04:47.568  4304  4484 D MiuiFreeformModeObserver: ACTION_FULLSCREEN_STATE_CHANGE stateName: toHome
10-10 17:04:47.568  4304  4484 D MiuiFreeformModeController: allFreeformFromFreeformToMini
10-10 17:04:47.568  2042  3148 E MiuiInputKeyEventLog: before go to home
10-10 17:04:47.577  2042  3148 I SmartPower: com.mi.android.globallauncher/10081(4339): idle->invisible(41079ms) R(become foreground) adj=100.
10-10 17:04:47.577  2042  3148 D WindowManager: Collecting in transition 1017: ActivityRecord{d9cbd60 u0 com.mi.android.globallauncher/com.miui.home.launcher.Launcher init visibleRequested:false
10-10 17:04:47.578  2042  3148 D MiuiFreeFormManagerService: activeOrFullscreenFreeformTaskIfNeed startDefaultAr:false
10-10 17:04:47.579  2042  3148 W ActivityTaskManager: supportsMultiWindowInDisplayAreaForFreeForm: package=com.mi.android.globallauncher is in freeform blackList
10-10 17:04:47.579  2042  3148 D WindowManagerService: checkFlipFullScreenChange is same, nowIsFullScreen = false
10-10 17:04:47.580  2042  3148 D WindowManager: wms.Input focus has changed to null display=0 updateInputWindows = true
10-10 17:04:47.580  2042  3148 I MultiSenceManagerInternalStub: getInstance
10-10 17:04:47.581  2042  3148 D WindowManager: setLockTaskAuth: task=Task{66b3a31 #2 type=home I=com.mi.android.globallauncher/com.miui.home.launcher.Launcher} mLockTaskAuth=LOCK_TASK_AUTH_PINNABLE
10-10 17:04:47.582  2042  3148 D WindowManager: Collecting in transition 1017: ActivityRecord{423b875 u0 eu.europa.ec.euidi/eu.europa.ec.assemblylogic.ui.MainActivity t6812} init visibleRequested:true
10-10 17:04:47.583  2042  3148 D WindowManager: Collecting in transition 1017: ActivityRecord{44e2e4a u0 com.mi.android.globallauncher/com.miui.home.launcher.Launcher t2} init visibleRequested:false
10-10 17:04:47.584  2042  3148 D WindowManagerService: checkFlipFullScreenChange is same, nowIsFullScreen = false
10-10 17:04:47.585  2042  3148 D WindowManager: Collecting in transition 1017: ActivityRecord{44e2e4a u0 com.mi.android.globallauncher/com.miui.home.launcher.Launcher t2} init visibleRequested:true
10-10 17:04:47.585  2042  3148 D WindowManager: Collecting in transition 1017: ActivityRecord{d9cbd60 u0 com.mi.android.globallauncher/com.miui.home.launcher.Launcher t-1} init visibleRequested:false
10-10 17:04:47.585  2042  3148 D WindowManager: Requesting StartTransition: TransitionRecord{5b01219 id=1017 type=OPEN flags=0x0}
10-10 17:04:47.588  4304  4484 I SoScUtils: monitorTransitionRequest mRequestOpenTransition:null mRequestOpenTriggerTask:-1 mRequestCloseTransition:null mRequestCloseTriggerTask:-1 mRequestCloseStageType:-1
10-10 17:04:47.590  2042  3148 I ActivityTaskManager: START u0 {act=android.intent.action.MAIN cat=[android.intent.category.HOME] flg=0x10000100 cmp=com.mi.android.globallauncher/com.miui.home.launcher.Launcher (has extras)} with LAUNCH_SINGLE_TASK from uid 0 from pid 0 callingPackage null callers: com.android.server.wm.RootWindowContainer.lambda$startHomeOnDisplay$11:1564 com.android.server.wm.RootWindowContainer.$r8$lambda$zDbqLY8yVs2-CTsfHP7FhguhRoM:0 com.android.server.wm.RootWindowContainer$$ExternalSyntheticLambda5.apply:16 com.android.server.wm.TaskDisplayArea.reduceOnAllTaskDisplayAreas:522  (BAL_ALLOW_ALLOWLISTED_UID) result code=2
10-10 17:04:47.594  2042  7002 I SmartPower: com.mi.globalminusscreen/10308(27384): idle->visible(40644ms) R(become visible) adj=100.
10-10 17:04:47.603  2042  4080 D WindowManager: Set transition=TransitionRecord{5b01219 id=1017 type=OPEN flags=0x0}, ready=true, SyncId=1017 
10-10 17:04:47.603  4304  4484 D MiuiFullScreenTaskRepository: removeFocusedTask displayId=0
10-10 17:04:47.604  4304  4484 D MiuiFullScreenTaskRepository: addOrUpdateFullScreenTaskInfo taskId=6812, topActivity=ComponentInfo{eu.europa.ec.euidi/eu.europa.ec.assemblylogic.ui.MainActivity}
10-10 17:04:47.604  4304  4484 D MiuiFullScreenTaskRepository: setFocusedTask taskId=1, displayId=0, topActivity=ComponentInfo{com.mi.android.globallauncher/com.miui.home.launcher.Launcher}
10-10 17:04:47.604  4304  4484 D MiuiFullScreenTaskRepository: addOrUpdateFullScreenTaskInfo taskId=1, topActivity=ComponentInfo{com.mi.android.globallauncher/com.miui.home.launcher.Launcher}
10-10 17:04:47.604  4304  4484 D MiuiFreeformModeController: onFocusTaskChanged taskInfo: TaskInfo{userId=0 taskId=1 displayId=0 isRunning=true baseIntent=Intent { act=android.intent.action.MAIN cat=[android.intent.category.HOME] flg=0x10000100 cmp=com.mi.android.globallauncher/com.miui.home.launcher.Launcher } baseActivity=ComponentInfo{com.mi.android.globallauncher/com.miui.home.launcher.Launcher} topActivity=ComponentInfo{com.mi.android.globallauncher/com.miui.home.launcher.Launcher} origActivity=null realActivity=null numActivities=1 lastActiveTime=42658 supportsSplitScreenMultiWindow=true supportsMultiWindow=true resizeMode=2 isResizeable=true minWidth=-1 minHeight=-1 defaultMinSize=200 token=WCT{android.window.IWindowContainerToken$Stub$Proxy@62f85b6} topActivityType=2 pictureInPictureParams=null shouldDockBigOverlays=false launchIntoPipHostTaskId=-1 lastParentTaskIdBeforePip=-1 displayCutoutSafeInsets=null topActivityInfo=ActivityInfo{dbd92b7 com.miui.home.launcher.Launcher} launchCookies=[] positionInParent=Point(0, 0) parentTaskId=-1 isFocused=true isVisible=false isVisibleRequested=true isSleeping=false topActivityInSizeCompat=false topActivityInMiuiSizeCompat=false topActivityEligibleForLetterboxEducation= false topActivityLetterboxed= false isFromDoubleTap= false topActivityLetterboxVerticalPosition= -1 topActivityLetterboxHorizontalPosition= -1 topActivityLetterboxWidth=-1 topActivityLetterboxHeight=-1 locusId=null displayAreaFeatureId=1 cameraCompatControlState=hidden mIsCastMode=false mTopActivityMediaSize=null mTopActivityRecordName=ActivityRecord{44e2e4a u0 com.mi.android.globallauncher/com.miui.home.launcher.Launcher t2} mTopActivityOrientation=1 mTopActivityWindowIsNowVisible=false isTranslucent=false isEmbedded=false shouldBeVisible=true isImmersive=false mBehindAppLockPkg=null mOriginatingUid=0}
10-10 17:04:47.604  4304  4484 D MiuiDesktopModeController: onFocusTaskChanged newFocus: TaskInfo{userId=0 taskId=1 displayId=0 isRunning=true baseIntent=Intent { act=android.intent.action.MAIN cat=[android.intent.category.HOME] flg=0x10000100 cmp=com.mi.android.globallauncher/com.miui.home.launcher.Launcher } baseActivity=ComponentInfo{com.mi.android.globallauncher/com.miui.home.launcher.Launcher} topActivity=ComponentInfo{com.mi.android.globallauncher/com.miui.home.launcher.Launcher} origActivity=null realActivity=null numActivities=1 lastActiveTime=42658 supportsSplitScreenMultiWindow=true supportsMultiWindow=true resizeMode=2 isResizeable=true minWidth=-1 minHeight=-1 defaultMinSize=200 token=WCT{android.window.IWindowContainerToken$Stub$Proxy@62f85b6} topActivityType=2 pictureInPictureParams=null shouldDockBigOverlays=false launchIntoPipHostTaskId=-1 lastParentTaskIdBeforePip=-1 displayCutoutSafeInsets=null topActivityInfo=ActivityInfo{dbd92b7 com.miui.home.launcher.Launcher} launchCookies=[] positionInParent=Point(0, 0) parentTaskId=-1 isFocused=true isVisible=false isVisibleRequested=true isSleeping=false topActivityInSizeCompat=false topActivityInMiuiSizeCompat=false topActivityEligibleForLetterboxEducation= false topActivityLetterboxed= false isFromDoubleTap= false topActivityLetterboxVerticalPosition= -1 topActivityLetterboxHorizontalPosition= -1 topActivityLetterboxWidth=-1 topActivityLetterboxHeight=-1 locusId=null displayAreaFeatureId=1 cameraCompatControlState=hidden mIsCastMode=false mTopActivityMediaSize=null mTopActivityRecordName=ActivityRecord{44e2e4a u0 com.mi.android.globallauncher/com.miui.home.launcher.Launcher t2} mTopActivityOrientation=1 mTopActivityWindowIsNowVisible=false isTranslucent=false isEmbedded=false shouldBeVisible=true isImmersive=false mBehindAppLockPkg=null mOriginatingUid=0}
10-10 17:04:47.604  4304  4484 D OneHandedController: stopOneHanded state is 0
10-10 17:04:47.606  2042  2693 I BLASTSyncEngine: SyncGroup 1017:  Unfinished container:ActivityRecord{44e2e4a u0 com.mi.android.globallauncher/com.miui.home.launcher.Launcher t2}
10-10 17:04:47.606  2042  2693 I BLASTSyncEngine: isActivitySyncFinished isSyncFinished false ActivityRecord{44e2e4a u0 com.mi.android.globallauncher/com.miui.home.launcher.Launcher t2}
10-10 17:04:47.606  2042  4772 I SmartPower: com.google.android.googlequicksearchbox:googleapp/10167(17092): idle->visible(92427ms) R(become visible) adj=800.
10-10 17:04:47.607  2042  4772 I SmartPower: com.google.android.googlequicksearchbox:search/10167(17103): idle->invisible(92427ms) R(become foreground) adj=800.
10-10 17:04:47.607  2042  4772 I SmartPower: com.google.android.googlequicksearchbox:interactor/10167(17115): background->invisible(95430ms) R(become foreground) adj=100.
10-10 17:04:47.613  2042  4772 I BLASTSyncEngine: SyncGroup 1017:  Unfinished container:ActivityRecord{44e2e4a u0 com.mi.android.globallauncher/com.miui.home.launcher.Launcher t2}
10-10 17:04:47.613  2042  4772 I BLASTSyncEngine: isActivitySyncFinished isSyncFinished false ActivityRecord{44e2e4a u0 com.mi.android.globallauncher/com.miui.home.launcher.Launcher t2}
10-10 17:04:47.614  2042  6981 W AutofillManagerServiceImpl: getFillEventHistory() called by UID 10273, but service UID is 10163
10-10 17:04:47.615  2042  7010 D WindowManager: wms.finishDrawingLocked: mDrawState=COMMIT_DRAW_PENDING Window{2446230 u0 LauncherOverlayWindow:com.mi.globalminusscreen} in Surface(name=LauncherOverlayWindow:com.mi.globalminusscreen#20463)/@0x90335db
10-10 17:04:47.617  2042  2693 I BLASTSyncEngine: SyncGroup 1017:  Unfinished container:ActivityRecord{44e2e4a u0 com.mi.android.globallauncher/com.miui.home.launcher.Launcher t2}
10-10 17:04:47.617  2042  2693 I BLASTSyncEngine: isActivitySyncFinished isSyncFinished false ActivityRecord{44e2e4a u0 com.mi.android.globallauncher/com.miui.home.launcher.Launcher t2}
10-10 17:04:47.618  2042  2690 D Aurogon :  uid = 10081 switch to FG
10-10 17:04:47.623  4304  4484 D WindowManagerShell: onActivityRestartAttempt: ComponentInfo{com.mi.android.globallauncher/com.miui.home.launcher.Launcher}
10-10 17:04:47.630  4304  4484 D SoScSplitScreenController: updateDividerFixedState isFixed:true
10-10 17:04:47.634  4304 26581 D MiuiFreeformModeObserver: activityResumed() intent： Intent { cmp=com.mi.android.globallauncher/com.miui.home.launcher.Launcher (has extras) }
10-10 17:04:47.642  2042  7002 I BLASTSyncEngine: SyncGroup 1017:  Unfinished container:ActivityRecord{44e2e4a u0 com.mi.android.globallauncher/com.miui.home.launcher.Launcher t2}
10-10 17:04:47.642  2042  7002 I BLASTSyncEngine: isActivitySyncFinished isSyncFinished false ActivityRecord{44e2e4a u0 com.mi.android.globallauncher/com.miui.home.launcher.Launcher t2}
10-10 17:04:47.643  2042  6981 D WindowManager: wms.finishDrawingLocked: mDrawState=COMMIT_DRAW_PENDING Window{87a6020 u0 LauncherMinusOneScreen} in Surface(name=LauncherMinusOneScreen#20464)/@0x24f0424
10-10 17:04:47.645  2042  2693 I BLASTSyncEngine: SyncGroup 1017:  Unfinished container:ActivityRecord{44e2e4a u0 com.mi.android.globallauncher/com.miui.home.launcher.Launcher t2}
10-10 17:04:47.645  2042  2693 I BLASTSyncEngine: isActivitySyncFinished isSyncFinished false ActivityRecord{44e2e4a u0 com.mi.android.globallauncher/com.miui.home.launcher.Launcher t2}
10-10 17:04:47.652  2042  3524 I SmartPower: com.android.chrome:privileged_process0/10172(31317): background->idle(3001ms) R(become invisible) adj=700.
10-10 17:04:47.652  2042  3524 I SmartPower: com.android.chrome/10172(30974): background->idle(3001ms) R(become invisible) adj=700.
10-10 17:04:47.660  2042  6981 I BLASTSyncEngine: SyncGroup 1017:  Unfinished container:ActivityRecord{44e2e4a u0 com.mi.android.globallauncher/com.miui.home.launcher.Launcher t2}
10-10 17:04:47.661  2042  6981 I BLASTSyncEngine: isActivitySyncFinished isSyncFinished false ActivityRecord{44e2e4a u0 com.mi.android.globallauncher/com.miui.home.launcher.Launcher t2}
10-10 17:04:47.663  2042  6981 I WindowManager: cancelAnimation removed leash : Surface(name=Surface(name=704023a StatusBar#94)/@0xa8be448 - animation-leash of insets_animation#20458)/@0xac31c0b
10-10 17:04:47.665  2042  6981 I WindowManager: cancelAnimation removed leash : Surface(name=Surface(name=d968687 NavigationBar0#90)/@0x2f479dd - animation-leash of insets_animation#20459)/@0x1b73501
10-10 17:04:47.667  2042  6981 D WindowManager: wms.Input focus has changed to Window{f64bed4 u0 com.mi.android.globallauncher/com.miui.home.launcher.Launcher} display=0 updateInputWindows = true
10-10 17:04:47.667  2042  6981 I MultiSenceManagerInternalStub: getInstance
10-10 17:04:47.671  2042  7002 D ActivityManager: checkAllowBackground: uid=10163 pkg=com.google.android.gms rec=UidRecord{3efeecd u0a163 BTOP change:procadj procs:0 seq(1549478,1293144)} caps=LCMNFU always=false idle=false
10-10 17:04:47.675  2042  2693 D WindowManager: Collecting in transition 1017: WallpaperWindowToken{9f84f36 token=android.os.Binder@ec5366a} init visibleRequested:false
10-10 17:04:47.675  2042  2693 D WindowManager: Collecting in transition 1017: WallpaperWindowToken{6dc7b token=android.os.BinderProxy@83a1475} init visibleRequested:false
10-10 17:04:47.678  2042  2693 I WindowManager: wms.showSurfaceRobustly mWin:Window{db0cee2 u0 com.miui.miwallpaper.wallpaperservice.ImageWallpaper}
10-10 17:04:47.678  2042  2693 I WindowManager: wms.showSurfaceRobustly mWin:Window{24ea150 u0 com.miui.miwallpaper.wallpaperservice.MiuiKeyguardPictorialWallpaper}
10-10 17:04:47.680  4304  4304 D ArtChoreographerMonitor: invoke error.
10-10 17:04:47.680  2042  2693 I BLASTSyncEngine: SyncGroup 1017:  Unfinished container:ActivityRecord{44e2e4a u0 com.mi.android.globallauncher/com.miui.home.launcher.Launcher t2}
10-10 17:04:47.680  2042  2693 I BLASTSyncEngine: isActivitySyncFinished isSyncFinished false ActivityRecord{44e2e4a u0 com.mi.android.globallauncher/com.miui.home.launcher.Launcher t2}
10-10 17:04:47.683  2042  3123 D AlarmManager: mBroadcastRefCount -> 1
10-10 17:04:47.690  2042  6982 D ActivityManager: checkAllowBackground: uid=10137 pkg=com.xiaomi.xmsf rec=UidRecord{59b2293 u0a137 IMPF change:procadj procs:0 seq(1549481,1283757)} caps=------ always=false idle=false
10-10 17:04:47.697  2042  2042 D AlarmManager: mBroadcastRefCount -> 0
10-10 17:04:47.697  2042  2042 D AlarmManager: mPendingIntent -> PendingIntent{4c82a4a: PendingIntentRecord{7ec6dae com.xiaomi.xmsf broadcastIntent}}
10-10 17:04:47.729  2042  3524 I SmartPower: com.android.chrome:sandboxed_process0:org.chromium.content.app.SandboxedProcessSerbackground->idle(24562ms) R(adj below visible) adj=700.
10-10 17:04:47.730  2042  9046 D WindowManager: wms.finishDrawingLocked: mDrawState=COMMIT_DRAW_PENDING Window{f64bed4 u0 com.mi.android.globallauncher/com.miui.home.launcher.Launcher} in Surface(name=com.mi.android.globallauncher/com.miui.home.launcher.Launcher#20465)/@0x423af
10-10 17:04:47.733  2042  2693 I SmartPower: com.mi.android.globallauncher/10081(4339): invisible->visible(156ms) R(become visible) adj=0.
10-10 17:04:47.733  2042  2693 I WindowManager: wms.showSurfaceRobustly mWin:Window{87a6020 u0 LauncherMinusOneScreen}
10-10 17:04:47.734  2042  2693 I WindowManager: wms.showSurfaceRobustly mWin:Window{2446230 u0 LauncherOverlayWindow:com.mi.globalminusscreen}
10-10 17:04:47.734  2042  2693 I WindowManager: wms.showSurfaceRobustly mWin:Window{f64bed4 u0 com.mi.android.globallauncher/com.miui.home.launcher.Launcher}
10-10 17:04:47.734  2042  2693 D WindowManager: Final targets: [Task{99d2bd4 #1 type=home}, Task{783207b #6812 type=standard A=10030:eu.europa.ec.euidi}, WallpaperWindowToken{6dc7b token=android.os.BinderProxy@83a1475}, WallpaperWindowToken{9f84f36 token=android.os.Binder@ec5366a}]
10-10 17:04:47.752  2042  2693 D WindowManager: Calling onTransitionReady info={id=1017 t=OPEN f=0x0 trk=0 r=[0@Point(0, 0)] c=[{WCT{RemoteToken{3ace072 Task{99d2bd4 #1 type=home}}} m=TO_FRONT f=SHOW_WALLPAPER|MOVE_TO_TOP leash=Surface(name=Task=1#47)/@0x2e98d27 sb=Rect(0, 0 - 1080, 2400) eb=Rect(0, 0 - 1080, 2400) d=0},{WCT{RemoteToken{fdc3d86 Task{783207b #6812 type=standard A=10030:eu.europa.ec.euidi}}} m=TO_BACK f=NONE leash=Surface(name=Task=6812#20385)/@0x4e7600a sb=Rect(0, 0 - 1080, 2400) eb=Rect(0, 0 - 1080, 2400) d=0},{null m=TO_FRONT f=IS_WALLPAPER leash=Surface(name=WallpaperWindowToken{6dc7b token=android.os.BinderProxy@83a1475}#53)/@0xc3b8a98 sb=Rect(0, 0 - 1080, 2400) eb=Rect(0, 0 - 1080, 2400) d=0},{null m=TO_FRONT f=IS_WALLPAPER leash=Surface(name=WallpaperWindowToken{9f84f36 token=android.os.Binder@ec5366a}#60)/@0xa218328 sb=Rect(0, 0 - 1080, 2400) eb=Rect(0, 0 - 1080, 2400) d=0}] noAni=[false] df=[false] mk=[true] nc=[0]}, mToken=Token{3cb7a97 TransitionRecord{5b01219 id=1017 type=OPEN flags=0x0}}
10-10 17:04:47.752  2042  2693 I BLASTSyncEngine: finishNow: after onTransactionReady, mSyncId=1017
10-10 17:04:47.756  4304  4484 D MiuiFreeformAnimation: startAnimation change: {WCT{android.window.IWindowContainerToken$Stub$Proxy@6d5958e} m=TO_FRONT f=SHOW_WALLPAPER|MOVE_TO_TOP leash=Surface(name=Task=1#47)/@0x6ad598d sb=Rect(0, 0 - 1080, 2400) eb=Rect(0, 0 - 1080, 2400) d=0} info.getType(): 1
10-10 17:04:47.756  4304  4484 I MiuiFreeformAnimation: isLaunchWidgetPicker=false,taskInfo.getWindowingMode()=1, taskInfo.getActivityType()=2
10-10 17:04:47.756  4304  4484 D MiuiFreeformAnimation: startAnimation change: {WCT{android.window.IWindowContainerToken$Stub$Proxy@65621af} m=TO_BACK f=NONE leash=Surface(name=Task=6812#20385)/@0x9264742 sb=Rect(0, 0 - 1080, 2400) eb=Rect(0, 0 - 1080, 2400) d=0} info.getType(): 1
10-10 17:04:47.756  4304  4484 D MiuiFreeformAnimation: startAnimation change: {null m=TO_FRONT f=IS_WALLPAPER leash=Surface(name=WallpaperWindowToken{6dc7b token=android.os.BinderProxy@83a1475}#53)/@0xe0ea353 sb=Rect(0, 0 - 1080, 2400) eb=Rect(0, 0 - 1080, 2400) d=0} info.getType(): 1
10-10 17:04:47.756  4304  4484 D MiuiFreeformAnimation: startAnimation change: {null m=TO_FRONT f=IS_WALLPAPER leash=Surface(name=WallpaperWindowToken{9f84f36 token=android.os.Binder@ec5366a}#60)/@0x7310490 sb=Rect(0, 0 - 1080, 2400) eb=Rect(0, 0 - 1080, 2400) d=0} info.getType(): 1
10-10 17:04:47.756  4304  4484 W MiuiTaskTransitionHandler: Receive an unknown transition, token=android.os.BinderProxy@5a393db, type=1
10-10 17:04:47.757  4304  4484 D RemoteTransitionHandler: Found filterPair{{types=[] flags=0x0] notFlags=0x100 checks=[{atype=home independent=true modes=[OPEN,TO_FRONT] flags=NONE mustBeTask=false order=TOP topActivity=ComponentInfo{com.mi.android.globallauncher/com.miui.home.launcher.Launcher}},{atype=standard independent=true modes=[CLOSE,TO_BACK] flags=NONE mustBeTask=false order=ANY topActivity=null}]} RemoteTransition { remoteTransition = android.window.IRemoteTransition$Stub$Proxy@275019, appThread = null, debugName = null }}
10-10 17:04:47.761  4304  4484 D MiuiFullScreenTaskRepository: setFocusedTask taskId=1, displayId=0, topActivity=ComponentInfo{com.mi.android.globallauncher/com.miui.home.launcher.Launcher}
10-10 17:04:47.761  4304  4484 D MiuiFullScreenTaskRepository: addOrUpdateFullScreenTaskInfo taskId=1, topActivity=ComponentInfo{com.mi.android.globallauncher/com.miui.home.launcher.Launcher}
10-10 17:04:47.771  4304  4304 E onWindowDecorRectChanged: start size:0
10-10 17:04:47.784  2042  3516 D SchedBoost: startBoostInternal 1000
10-10 17:04:47.788  2042  3524 I SmartPower: com.android.chrome:sandboxed_process0:org.chromium.content.app.SandboxedProcessSerbackground->idle(24806ms) R(adj below visible) adj=700.
10-10 17:04:47.799  2042  7002 W PackageConfigPersister: App-specific configuration not found for packageName: com.mi.android.globallauncher and userId: 0
10-10 17:04:47.800  2042  7010 I WindowManager: cancelAnimation removed leash : Surface(name=Surface(name=49d5fba InputMethod#118)/@0xbb23dc8 - animation-leash of insets_animation#20462)/@0xee119f5
10-10 17:04:47.804  4304  4484 D SoScUtils: monitorTransitionFinished transition:android.os.BinderProxy@5a393db transaction: android.view.SurfaceControl$Transaction@574bffd mRequestCloseTransition:null mRequestOpenTransition:null mPairsOpenTransition:null mPairsOpenTransitionNull:null mRequestOpenTriggerTask:-1 mRequestCloseTriggerTask:-1 mOrientationTransition: null mMainStartingTask:-1 mSideStartingTask:-1
10-10 17:04:47.817  2042  9046 I Transition: finishTransition: updateLastSurfacePosition tf=Task{66b3a31 #2 type=home I=com.mi.android.globallauncher/com.miui.home.launcher.Launcher}
10-10 17:04:47.817  2042  9046 I Transition: finishTransition: updateLastSurfacePosition tf=Task{99d2bd4 #1 type=home}
10-10 17:04:47.821  4304  4484 D MiuiFullScreenTaskRepository: addOrUpdateFullScreenTaskInfo taskId=6812, topActivity=ComponentInfo{eu.europa.ec.euidi/eu.europa.ec.assemblylogic.ui.MainActivity}
10-10 17:04:47.821  2042  2692 I SmartPower: eu.europa.ec.euidi/10030(25714): visible->invisible(3232ms) R(become invisible) adj=200.
10-10 17:04:47.821  2042  2692 I SmartPower: eu.europa.ec.euidi/10030(25714): invisible->background(0ms) R(become background) adj=200.
10-10 17:04:47.834  2042  6982 W PresentationStatsEventLogger: Shouldn't be logging AutofillPresentationEventReported again for same event
10-10 17:04:47.839 25714 25714 D ActivityThread: Fail to check app heapsize due to java.lang.NoSuchMethodException: dalvik.system.VMRuntime.getBlockingGcCountForAlloc []
10-10 17:04:47.844  2042  2690 D Aurogon :  uid = 10030 switch to BG
10-10 17:04:47.845  2042  3500 D isUidValid: uid = 10030
10-10 17:04:47.916  2183  2183 I wificond: station_bandwidth: P
10-10 17:04:47.938  4304  4304 D ArtChoreographerMonitor: invoke error.
10-10 17:04:48.118  2042  2042 W AccessibilityManagerService:  wait for adding window timeout: 4362
10-10 17:04:48.122  2042  2042 W AccessibilityManagerService:  wait for adding window timeout: 4367
10-10 17:04:48.785  2042  3516 D SchedBoost: stopBoostInternal
10-10 17:04:49.638  2042  3524 I SmartPower: com.google.android.adservices.api/10294(20677): background->idle(26477ms) R(adj below visible) adj=0.
10-10 17:04:50.627  2042  3524 I SmartPower: com.android.chrome:sandboxed_process0:org.chromium.content.app.SandboxedProcessSerbackground->idle(27465ms) R(adj below visible) adj=700.
10-10 17:04:50.627  2042  3524 I SmartPower: com.android.chrome:sandboxed_process0:org.chromium.content.app.SandboxedProcessSerbackground->idle(27465ms) R(adj below visible) adj=700.
10-10 17:04:50.653  2042  3524 I SmartPower: com.android.chrome:sandboxed_process0:org.chromium.content.app.SandboxedProcessSerbackground->idle(27491ms) R(remove from whitelist) adj=990.
10-10 17:04:50.653  2042  3524 I SmartPower: com.android.chrome:sandboxed_process0:org.chromium.content.app.SandboxedProcessSerbackground->idle(27490ms) R(remove from whitelist) adj=990.
10-10 17:04:50.653  2042  3524 I SmartPower: com.android.chrome:sandboxed_process0:org.chromium.content.app.SandboxedProcessSerbackground->idle(27490ms) R(remove from whitelist) adj=990.
10-10 17:04:50.654  2042  3524 I SmartPower: com.android.chrome:sandboxed_process0:org.chromium.content.app.SandboxedProcessSerbackground->idle(27490ms) R(remove from whitelist) adj=980.
10-10 17:04:50.654  2042  3524 I SmartPower: com.android.chrome:sandboxed_process0:org.chromium.content.app.SandboxedProcessSerbackground->idle(27491ms) R(remove from whitelist) adj=980.
10-10 17:04:50.654  2042  3524 I SmartPower: com.android.chrome:sandboxed_process0:org.chromium.content.app.SandboxedProcessSerbackground->idle(27491ms) R(remove from whitelist) adj=980.
10-10 17:04:50.654  2042  3524 I SmartPower: com.android.chrome:sandboxed_process0:org.chromium.content.app.SandboxedProcessSerbackground->idle(27491ms) R(remove from whitelist) adj=980.
10-10 17:04:50.654  2042  3524 I SmartPower: com.android.chrome:sandboxed_process0:org.chromium.content.app.SandboxedProcessSerbackground->idle(27491ms) R(remove from whitelist) adj=980.
10-10 17:04:50.654  2042  3524 I SmartPower: com.android.chrome:sandboxed_process0:org.chromium.content.app.SandboxedProcessSerbackground->idle(27491ms) R(remove from whitelist) adj=970.
10-10 17:04:50.654  2042  3524 I SmartPower: com.android.chrome:sandboxed_process0:org.chromium.content.app.SandboxedProcessSerbackground->idle(27491ms) R(remove from whitelist) adj=970.
10-10 17:04:50.654  2042  3524 I SmartPower: com.android.chrome:sandboxed_process0:org.chromium.content.app.SandboxedProcessSerbackground->idle(27491ms) R(remove from whitelist) adj=970.
10-10 17:04:50.655  2042  3524 I SmartPower: com.android.chrome:sandboxed_process0:org.chromium.content.app.SandboxedProcessSerbackground->idle(27491ms) R(remove from whitelist) adj=960.
10-10 17:04:50.655  2042  3524 I SmartPower: com.android.chrome:sandboxed_process0:org.chromium.content.app.SandboxedProcessSerbackground->idle(27491ms) R(remove from whitelist) adj=960.
10-10 17:04:50.655  2042  3524 I SmartPower: com.android.chrome:sandboxed_process0:org.chromium.content.app.SandboxedProcessSerbackground->idle(27491ms) R(remove from whitelist) adj=960.
10-10 17:04:50.655  2042  3524 I SmartPower: com.android.chrome:sandboxed_process0:org.chromium.content.app.SandboxedProcessSerbackground->idle(27491ms) R(remove from whitelist) adj=960.
10-10 17:04:50.655  2042  3524 I SmartPower: com.android.chrome:sandboxed_process0:org.chromium.content.app.SandboxedProcessSerbackground->idle(27491ms) R(remove from whitelist) adj=960.
10-10 17:04:50.655  2042  3524 I SmartPower: com.android.chrome:sandboxed_process0:org.chromium.content.app.SandboxedProcessSerbackground->idle(27490ms) R(remove from whitelist) adj=950.
10-10 17:04:50.655  2042  3524 I SmartPower: com.android.chrome:sandboxed_process0:org.chromium.content.app.SandboxedProcessSerbackground->idle(27490ms) R(remove from whitelist) adj=950.
10-10 17:04:50.655  2042  3524 I SmartPower: com.android.chrome:sandboxed_process0:org.chromium.content.app.SandboxedProcessSerbackground->idle(27490ms) R(remove from whitelist) adj=940.
10-10 17:04:50.656  2042  3524 I SmartPower: com.android.chrome:sandboxed_process0:org.chromium.content.app.SandboxedProcessSerbackground->idle(27490ms) R(remove from whitelist) adj=940.
10-10 17:04:50.656  2042  3524 I SmartPower: com.android.chrome:sandboxed_process0:org.chromium.content.app.SandboxedProcessSerbackground->idle(27491ms) R(remove from whitelist) adj=940.
10-10 17:04:50.656  2042  3524 I SmartPower: com.android.chrome:sandboxed_process0:org.chromium.content.app.SandboxedProcessSerbackground->idle(27491ms) R(remove from whitelist) adj=940.
10-10 17:04:50.656  2042  3524 I SmartPower: com.android.chrome:sandboxed_process0:org.chromium.content.app.SandboxedProcessSerbackground->idle(27491ms) R(remove from whitelist) adj=930.
10-10 17:04:50.656  2042  3524 I SmartPower: com.android.chrome:sandboxed_process0:org.chromium.content.app.SandboxedProcessSerbackground->idle(27491ms) R(remove from whitelist) adj=930.
10-10 17:04:50.657  2042  3524 I SmartPower: com.android.chrome:sandboxed_process0:org.chromium.content.app.SandboxedProcessSerbackground->idle(27492ms) R(remove from whitelist) adj=930.
10-10 17:04:50.657  2042  3524 I SmartPower: com.android.chrome:sandboxed_process0:org.chromium.content.app.SandboxedProcessSerbackground->idle(27492ms) R(remove from whitelist) adj=930.
10-10 17:04:50.657  2042  3524 I SmartPower: com.android.chrome:sandboxed_process0:org.chromium.content.app.SandboxedProcessSerbackground->idle(27491ms) R(remove from whitelist) adj=930.
10-10 17:04:50.657  2042  3524 I SmartPower: com.android.chrome:sandboxed_process0:org.chromium.content.app.SandboxedProcessSerbackground->idle(27491ms) R(remove from whitelist) adj=920.
10-10 17:04:50.657  2042  3524 I SmartPower: com.android.chrome:sandboxed_process0:org.chromium.content.app.SandboxedProcessSerbackground->idle(27491ms) R(remove from whitelist) adj=920.
10-10 17:04:50.657  2042  3524 I SmartPower: com.android.chrome:sandboxed_process0:org.chromium.content.app.SandboxedProcessSerbackground->idle(27491ms) R(remove from whitelist) adj=920.
10-10 17:04:50.657  2042  3524 I SmartPower: com.android.chrome:sandboxed_process0:org.chromium.content.app.SandboxedProcessSerbackground->idle(27491ms) R(remove from whitelist) adj=920.
10-10 17:04:50.657  2042  3524 I SmartPower: com.android.chrome:sandboxed_process0:org.chromium.content.app.SandboxedProcessSerbackground->idle(27491ms) R(remove from whitelist) adj=910.
10-10 17:04:50.657  2042  3524 I SmartPower: com.android.chrome:sandboxed_process0:org.chromium.content.app.SandboxedProcessSerbackground->idle(27491ms) R(remove from whitelist) adj=910.
10-10 17:04:50.658  2042  3524 I SmartPower: com.android.chrome:sandboxed_process0:org.chromium.content.app.SandboxedProcessSerbackground->idle(27491ms) R(remove from whitelist) adj=910.
10-10 17:04:50.658  2042  3524 I SmartPower: com.android.chrome:sandboxed_process0:org.chromium.content.app.SandboxedProcessSerbackground->idle(27492ms) R(remove from whitelist) adj=910.
10-10 17:04:50.658  2042  3524 I SmartPower: com.android.chrome:sandboxed_process0:org.chromium.content.app.SandboxedProcessSerbackground->idle(27492ms) R(remove from whitelist) adj=900.
10-10 17:04:50.658  2042  3524 I SmartPower: com.android.chrome:sandboxed_process0:org.chromium.content.app.SandboxedProcessSerbackground->idle(27492ms) R(remove from whitelist) adj=900.
10-10 17:04:50.822  2042  3524 I SmartPower: eu.europa.ec.euidi/10030(25714): background->idle(3001ms) R(become invisible) adj=700.
10-10 17:04:50.927  2183  2183 I wificond: station_bandwidth: P
10-10 17:04:53.939  2183  2183 I wificond: station_bandwidth: P
10-10 17:04:53.942  4304  4304 D ArtChoreographerMonitor: invoke error.
10-10 17:04:54.113  4304  4304 D ArtChoreographerMonitor: invoke error.
10-10 17:04:56.951  2183  2183 I wificond: station_bandwidth: P
10-10 17:04:56.954  4304  4304 D ArtChoreographerMonitor: invoke error.
10-10 17:04:57.041   702 25944 I keystore2: system/security/keystore2/src/watchdog.rs:319 - Watchdog thread idle -> terminating. Have a great day.
10-10 17:04:57.126  4304  4304 D ArtChoreographerMonitor: invoke error.
10-10 17:04:57.702  2042  6982 W ProcessStats: Tracking association SourceState{8246339 com.mi.android.globallauncher/10081 BTop #210791} whose proc state 2 is better than process ProcessState{4cfcd7e com.google.android.googlequicksearchbox:googleapp/10167 pkg=com.google.android.googlequicksearchbox} proc state 14 (187 skipped)
10-10 17:04:57.997  2042  2702 D HeapUsage Monitor: HeapAllocSize : 104MB; monitorSize : 500MB
10-10 17:04:58.398  2042  6982 D ATMSImpl: setActivityController callingUid:2000 control=true
10-10 17:04:58.399  2042  6982 W ActivityManager: registerReceiverWithFeature: no app for null
10-10 17:04:58.407  2042  6982 D CompatibilityChangeReporter: Compat change id reported: 161252188; UID 10030; state: DISABLED
10-10 17:04:58.407  2042  6982 W ActivityTaskManager: callingPackage for (uid=2000, pid=26019) has no WPC
10-10 17:04:58.409  2042  6982 I SmartPower: eu.europa.ec.euidi/10030(25714): idle->invisible(7587ms) R(become foreground) adj=700.
10-10 17:04:58.409  2042  6982 D WindowManager: Collecting in transition 1018: ActivityRecord{5b43d9e u0 eu.europa.ec.euidi/eu.europa.ec.assemblylogic.ui.MainActivity init visibleRequested:false
10-10 17:04:58.410  2042  6982 D MiuiFreeFormManagerService: activeOrFullscreenFreeformTaskIfNeed startDefaultAr:true
10-10 17:04:58.410  2042  6982 D MiuiFreeFormManagerService: onStartActivityInner as = Task{783207b #6812 type=standard A=10030:eu.europa.ec.euidi} op = null
10-10 17:04:58.411  2042  6982 D WindowManagerService: checkFlipFullScreenChange is same, nowIsFullScreen = false
10-10 17:04:58.412  2042  6982 D WindowManager: wms.Input focus has changed to null display=0 updateInputWindows = true
10-10 17:04:58.412  2042  6982 I MultiSenceManagerInternalStub: getInstance
10-10 17:04:58.412  2042  6982 D WindowManager: setLockTaskAuth: task=Task{783207b #6812 type=standard A=10030:eu.europa.ec.euidi} mLockTaskAuth=LOCK_TASK_AUTH_PINNABLE
10-10 17:04:58.416  2042  6982 D WindowManager: Collecting in transition 1018: ActivityRecord{5b43d9e u0 eu.europa.ec.euidi/eu.europa.ec.assemblylogic.ui.MainActivity t-1} init visibleRequested:false
10-10 17:04:58.416  2042  6982 D WindowManager: Requesting StartTransition: TransitionRecord{eb8907f id=1018 type=OPEN flags=0x0}
10-10 17:04:58.417  2042  6982 I ActivityTaskManager: START u0 {act=android.intent.action.MAIN cat=[android.intent.category.LAUNCHER] flg=0x10200000 cmp=eu.europa.ec.euidi/eu.europa.ec.assemblylogic.ui.MainActivity} with LAUNCH_SINGLE_TASK from uid 2000 from pid 26019 callingPackage com.android.shell (BAL_ALLOW_PERMISSION) result code=2
10-10 17:04:58.419  2042  7010 D CompatibilityChangeReporter: Compat change id reported: 168419799; UID 10030; state: DISABLED
10-10 17:04:58.419  2042  7010 D CompatibilityChangeReporter: Compat change id reported: 273564678; UID 10030; state: DISABLED
10-10 17:04:58.420  4304  4484 I SoScUtils: monitorTransitionRequest mRequestOpenTransition:null mRequestOpenTriggerTask:-1 mRequestCloseTransition:null mRequestCloseTriggerTask:-1 mRequestCloseStageType:-1
10-10 17:04:58.426  2042  6982 D WindowManager: Collecting in transition 1018: ActivityRecord{423b875 u0 eu.europa.ec.euidi/eu.europa.ec.assemblylogic.ui.MainActivity t6812} init visibleRequested:false
10-10 17:04:58.426  2042  6982 E Transition: Trying to add a ready-group twice: Display{#0 state=ON size=1080x2400 ROTATION_0}
10-10 17:04:58.427  2042  6982 D WindowManagerService: checkFlipFullScreenChange is same, nowIsFullScreen = false
10-10 17:04:58.428  2042  6982 D WindowManager: Collecting in transition 1018: ActivityRecord{44e2e4a u0 com.mi.android.globallauncher/com.miui.home.launcher.Launcher t2} init visibleRequested:true
