--------- beginning of crash
09-30 02:36:24.484  1558  1558 I emdlogger: mtk-brm-commit-id:2833288c68103f17f4843653d1b9a6fbd2f6e149
09-30 02:36:24.498  1558  1558 I emdlogger: mtk-brm-change-id:I6afe606aa6a21dad7f79560b154220d5ade63e14
09-30 02:36:24.499  1558  1558 I emdlogger: mtk-brm-merge-id:none
09-30 02:36:24.544  1534  1534 I libimsma_adapt: mtk-brm-commit-id:08c165c9fffde5e436e743d3aa5d9496d79cbc21
09-30 02:36:24.545  1534  1534 I libimsma_adapt: mtk-brm-change-id:I5d32ca5715dae8f0bcd34ce3d65cbe31e750f432
09-30 02:36:24.545  1534  1534 I libimsma_adapt: mtk-brm-merge-id:none
09-30 12:11:43.791  2938  2938 I SmartRatSwitch: mtk-brm-commit-id:5fafc7f90721207346ff793b0242d9143ebe08b5
09-30 12:11:43.793  2938  2938 I SmartRatSwitch: mtk-brm-change-id:I78997b642e154a4486e6f4d8caf000b0aab4b465
09-30 12:11:43.793  2938  2938 I SmartRatSwitch: mtk-brm-merge-id:none
--------- beginning of system
10-06 11:10:32.715 10777 10777 D MiuiMultiWindowUtils: freeform resolution args raw data:{  "wide_default":{    "freeform_args": {        "vertical_portrait":{"aspect_ratio":0.626, "original_ratio":0.5643,"original_scale":0.74,"top_margin":0.168,"left_margin":0.484},        "horizontal_portrait":{"aspect_ratio":0.626, "original_ratio":0.5643,"original_scale":0.74,"top_margin":0.1222,"left_margin":0.59745},        "vertical_landscape":{"aspect_ratio":1.6, "original_ratio":1,"original_scale":0.604,"top_margin":0.2596,"left_margin":0.2624},        "horizontal_landscape":{"aspect_ratio":1.6, "original_ratio":1,"original_scale":0.604,"top_margin":0.213,"left_margin":0.3758}    },    "mini_freeform_args":{        "vertical_portrait":{"original_ratio":0.147},        "horizontal_portrait":{"original_ratio":0.147},        "vertical_landscape":{"original_ratio":0.165},        "horizontal_landscape":{"original_ratio":0.165}    }  },  "narrow_default": {    "freeform_args": {        "vertical_portrait":{"aspect_ratio":0.626, "original_ratio":1,"original_scale":0.74,"top_margin":0.0753,"left_margin":-1},        "horizontal_portrait":{"aspect_ratio":0.626, "original_ratio":1,"original_scale":0.5756,"top_margin":-1,"left_margin":0.0753},        "vertical_landscape":{"aspect_ratio":1.6, "original_ratio":0.6847,"original_scale":0.587,"top_margin":0.0753,"left_margin":-1},        "horizontal_landscape":{"aspect_ratio":1.6, "original_ratio":0.6847,"original_scale":0.587,"top_margin":-1,"left_margin":0.0753}    },    "mini_freeform_args":{        "vertical_portrait":{"original_ratio":0.26},        "horizontal_portrait":{"original_ratio":0.26},        "vertical_landscape":{"original_ratio":0.293},        "horizontal_landscape":{"original_ratio":0.293}    }  },  "regular_default": {    "freeform_args": {      "vertical_portrait":{"aspect_ratio":0.625, "original_ratio":1,"original_scale":0.7,"top_margin":0.109,"left_margin":-1},      "horizontal_portrait":{"aspect_ratio":0.6667, "original_ratio":1,"original_scale":0.6102,"top_margin":-1,"left_margin":0.026},      "vertical_landscape":{"aspect_ratio":1.6, "original_ratio":1,"original_scale":0.4244,"top_margin":0.109,"left_margin":-1},      "horizontal_landscape":{"aspect_ratio":1.6, "original_ratio":1,"original_scale":0.4244,"top_margin":-1,"left_margin":0.026}    },    "mini_freeform_args":{      "vertical_portrait":{"original_ratio":0.25},      "horizontal_portrait":{"original_ratio":0.25},      "vertical_landscape":{"original_ratio":0.25},      "horizontal_landscape":{"original_ratio":0.25}    }  },  "pad_default": {    "freeform_args": {      "vertical_portrait":{"aspect_ratio":0.5625, "original_ratio":0.375,"original_scale":0.835,"top_margin":0.049,"left_margin":0.2775},      "horizontal_portrait":{"aspect_ratio":0.5625, "original_ratio":0.375,"original_scale":0.835,"top_margin":-1,"left_margin":0.6525},      "vertical_landscape":{"aspect_ratio":-1, "original_ratio":1,"original_scale":0.468,"top_margin":0.049,"left_margin":-1},      "horizontal_landscape":{"aspect_ratio":-1, "original_ratio":1,"original_scale":0.468,"top_margin":-1,"left_margin":0.4976}    },    "mini_freeform_args":{      "vertical_portrait":{"original_ratio":0.144},      "horizontal_portrait":{"original_ratio":0.144},      "vertical_landscape":{"original_ratio":0.2},      "horizontal_landscape":{"original_ratio":0.2}    }  }}
10-06 11:10:32.715 10777 10777 D MiuiMultiWindowUtils: initFreeFormResolutionArgs failed, device is rubypro
10-06 11:10:32.803  1902  3385 I ActivityTaskManager: Activity requesting to dismiss Keyguard: ActivityRecord{966db40 u0 com.google.android.googlequicksearchbox/com.google.android.apps.search.assistant.surfaces.voice.robin.ui.floaty.activity.FloatyActivity t107}
10-06 11:10:32.815  1902  3385 I WindowManager: cancelAnimation removed leash : Surface(name=Surface(name=db27a2 NavigationBar0#82)/@0xc1acbf0 - animation-leash of insets_animation#3746)/@0x9a7699d
10-06 11:10:32.817  1902  3385 W WindowManager: Changing focus from Window{ee62649 u0 com.google.android.googlequicksearchbox/com.google.android.apps.search.assistant.surfaces.voice.robin.ui.floaty.activity.FloatyActivity} to Window{713d2d6 u0 NotificationShade} displayId=0 Callers=com.android.server.wm.RootWindowContainer.updateFocusedWindowLocked:557 com.android.server.wm.WindowManagerService.updateFocusedWindowLocked:6962 com.android.server.wm.WindowManagerService.relayoutWindow:2951 com.android.server.wm.Session.relayout:266 
10-06 11:10:32.818  1902  3385 I WindowManager: cancelAnimation removed leash : Surface(name=Surface(name=81266ae StatusBar#86)/@0xb48dfdc - animation-leash of insets_animation#3745)/@0x5ce8047
10-06 11:10:32.819  1902  3385 I WindowManager: cancelAnimation removed leash : Surface(name=Surface(name=db27a2 NavigationBar0#82)/@0xc1acbf0 - animation-leash of insets_animation#3749)/@0x64dcf64
10-06 11:10:32.820  1902  3385 D WindowManagerService: onSecureChanged, current win = Window{713d2d6 u0 NotificationShade}, hasSecure = true
10-06 11:10:32.820  1902  3385 D WindowManager: wms.Input focus has changed to Window{713d2d6 u0 NotificationShade} display=0 updateInputWindows = true
10-06 11:10:32.820  1902  3385 I MultiSenceManagerInternalStub: getInstance
10-06 11:10:32.820  1902  3385 I WindowManager: Relayout Window{713d2d6 u0 NotificationShade}: oldVis=4 newVis=0 focusMayChange = true requestedWidth = 1080 requestedHeight = 2400 outFrames = ClientWindowFrames{frame=[0,0][1080,2400] display=[0,0][1080,2400] parentFrame=[0,0][0,0]} outSurfaceControl = Surface(name=NotificationShade#3748)/@0xb38d0ce
10-06 11:10:32.832  1902  3385 W WindowManager: finishDrawingWindow: Window{713d2d6 u0 NotificationShade} mDrawState=DRAW_PENDING
10-06 11:10:32.832  1902  3385 D WindowManager: wms.finishDrawingLocked: mDrawState=COMMIT_DRAW_PENDING Window{713d2d6 u0 NotificationShade} in Surface(name=NotificationShade#3748)/@0xfa9f5cd
10-06 11:10:32.833  1902  1939 W WindowManager: real show surface:Surface(name=NotificationShade#3748)/@0xfa9f5cd
10-06 11:10:32.844  1902  3385 D SystemServerTiming: getUserSwitchability-0
10-06 11:10:32.844  1902  3385 D SystemServerTiming: TM.isInCall
10-06 11:10:32.845  1902  3385 D SystemServerTiming: hasUserRestriction-DISALLOW_USER_SWITCH
10-06 11:10:32.845  1902  3385 D SystemServerTiming: getInt-ALLOW_USER_SWITCHING_WHEN_SYSTEM_USER_LOCKED
10-06 11:10:32.845  1902  3385 D SystemServerTiming: isUserUnlocked-USER_SYSTEM
10-06 11:10:32.846  1902  3385 D SystemServerTiming: getUserSwitchability-0
10-06 11:10:32.846  1902  3385 D SystemServerTiming: TM.isInCall
10-06 11:10:32.847  1902  3385 D SystemServerTiming: hasUserRestriction-DISALLOW_USER_SWITCH
10-06 11:10:32.847  1902  3385 D SystemServerTiming: getInt-ALLOW_USER_SWITCHING_WHEN_SYSTEM_USER_LOCKED
10-06 11:10:32.847  1902  3385 D SystemServerTiming: isUserUnlocked-USER_SYSTEM
10-06 11:10:32.858  1902  3385 D CompatibilityChangeReporter: Compat change id reported: 214016041; UID 1000; state: ENABLED
10-06 11:10:32.861  1902 23257 I WindowManager: cancelAnimation removed leash : Surface(name=Surface(name=6a76de5 InputMethod#123)/@0xf2bd99 - animation-leash of insets_animation#3747)/@0x2b15a0c
10-06 11:10:32.866  1902 23257 W PackageConfigPersister: App-specific configuration not found for packageName: com.android.systemui and userId: 0
10-06 11:10:32.886  1902 23257 W PackageConfigPersister: App-specific configuration not found for packageName: com.android.systemui and userId: 0
10-06 11:10:32.964  1902  2620 I SmartPower: com.miui.weather2/10228(17389): background->idle(3001ms) R(content provider start ContentProviderRecord{18e24fe u0 com.miui.weather2/.providers.WeatherProvider}) adj=0.
10-06 11:10:33.016  1902  2620 I SmartPower: com.google.android.gms.unstable/10175(23942): background->idle(3001ms) R(alarm start) adj=800.
10-06 11:10:33.016  1902  2620 I SmartPower: com.google.android.gms.ui/10175(16522): background->idle(3001ms) R(alarm start) adj=800.
10-06 11:10:33.016  1902  2620 I SmartPower: com.google.process.gservices/10175(22048): background->idle(3001ms) R(alarm start) adj=0.
10-06 11:10:33.016  1902  2620 I SmartPower: com.google.android.gms:snet/10175(17893): background->idle(3001ms) R(alarm start) adj=800.
10-06 11:10:33.016  1902  2620 I SmartPower: com.google.process.gapps/10175(7494): background->idle(3001ms) R(alarm start) adj=945.
10-06 11:10:33.087  1902  2620 I SmartPower: com.google.android.inputmethod.latin/10196(22721): background->idle(3005ms) R(broadcast start Intent { act=android.intent.action.SCREEN_ON flg=0x50200010 }) adj=100.
10-06 11:10:33.153  1902  2620 I SmartPower: com.mi.globalminusscreen/10076(30502): background->idle(3000ms) R(broadcast start Intent { act=android.intent.action.SCREEN_ON flg=0x50200010 }) adj=100.
10-06 11:10:33.163  1902  2620 I SmartPower: com.miui.cloudservice/10116(31220): background->idle(3001ms) R(broadcast start Intent { act=android.intent.action.SCREEN_ON flg=0x50200010 }) adj=905.
10-06 11:10:33.168  1902  2620 I SmartPower: com.xiaomi.glgm/10132(31606): background->idle(3001ms) R(broadcast start Intent { act=android.intent.action.SCREEN_ON flg=0x50200010 }) adj=905.
10-06 11:10:33.173  1902  1947 D HeapUsage Monitor: HeapAllocSize : 84MB; monitorSize : 500MB
10-06 11:10:33.271  1902  2620 I SmartPower: com.google.android.apps.messaging/10181(22600): background->idle(3001ms) R(content provider start ContentProviderRecord{a7b3062 u0 com.google.android.apps.messaging/.shared.datamodel.provider.sharedstorage.SharedStorageProvider}) adj=200.
10-06 11:10:33.286  1902  2612 I ProcessManager: getRenderThreadTidByPid, caller=1902
10-06 11:10:33.370  1902  2612 I ProcessManager: getRenderThreadTidByPid, caller=1902
10-06 11:10:33.576  1902  2620 I SmartPower: com.miui.home/10085(3001): background->idle(3000ms) R(broadcast start Intent { act=android.intent.action.SCREEN_OFF flg=0x50200010 }) adj=100.
10-06 11:10:33.706  1902  2620 I SmartPower: com.xiaomi.smarthome/10342(17938): background->idle(3002ms) R(broadcast start Intent { act=android.intent.action.SCREEN_OFF flg=0x50200010 }) adj=905.
10-06 11:10:33.846  1902  2612 I ProcessManager: getRenderThreadTidByPid, caller=1902
10-06 11:10:33.847  1902 23257 D VibratorManagerService: Starting vibrate for vibration 300
10-06 11:10:33.848  1902 23257 D VibratorManagerServiceImpl: attrs = VibrationAttributes: Usage=TOUCH Audio Usage= USAGE_UNKNOWN Flags=0, attrs.usage = 18
10-06 11:10:33.849  1902 23257 E VibratorManagerServiceImpl: skipandroid.os.RemoteException: Method setUsageExt is unimplemented.
10-06 11:10:33.921  1902  2334 D VibratorManagerService: Vibration 300 finished with EndInfo{status=FINISHED, endedBy=null}
10-06 11:10:33.921  1902  2334 D VibratorManagerService: Reporting vibration 300 finished with EndInfo{status=FINISHED, endedBy=null}
10-06 11:10:33.921  1902  2334 D VibratorManagerService: Vibration for uid=1000 and with attrs=VibrationAttributes: Usage=TOUCH Audio Usage= USAGE_UNKNOWN Flags=0 ended with status FINISHED
10-06 11:10:33.922  1902 23257 D VibratorManagerService: Vibration 300 on vibrator 0 complete, notifying thread
10-06 11:10:33.923  1902  2334 D VibratorManagerService: VibrationThread released after finished vibration
10-06 11:10:33.923  1902  2334 D VibratorManagerService: Processing VibrationThread released callback
10-06 11:10:33.963  1902  2612 I ProcessManager: getRenderThreadTidByPid, caller=1902
10-06 11:10:33.963  1902  3385 D VibratorManagerService: Starting vibrate for vibration 301
10-06 11:10:33.964  1902  3385 D VibratorManagerServiceImpl: attrs = VibrationAttributes: Usage=TOUCH Audio Usage= USAGE_UNKNOWN Flags=0, attrs.usage = 18
10-06 11:10:33.965  1902  3385 E VibratorManagerServiceImpl: skipandroid.os.RemoteException: Method setUsageExt is unimplemented.
10-06 11:10:33.999  1556  1556 I wificond: station_bandwidth: 
10-06 11:10:34.038  1902  2334 D VibratorManagerService: Vibration 301 finished with EndInfo{status=FINISHED, endedBy=null}
10-06 11:10:34.038  1902  3385 D VibratorManagerService: Vibration 301 on vibrator 0 complete, notifying thread
10-06 11:10:34.038  1902  2334 D VibratorManagerService: Reporting vibration 301 finished with EndInfo{status=FINISHED, endedBy=null}
10-06 11:10:34.038  1902  2334 D VibratorManagerService: Vibration for uid=1000 and with attrs=VibrationAttributes: Usage=TOUCH Audio Usage= USAGE_UNKNOWN Flags=0 ended with status FINISHED
10-06 11:10:34.039  1902  2334 D VibratorManagerService: VibrationThread released after finished vibration
10-06 11:10:34.039  1902  2334 D VibratorManagerService: Processing VibrationThread released callback
10-06 11:10:34.083  1902  1958 I ExtM    : zram userate is low, no need to flush: 19
10-06 11:10:34.169  1902  2612 I ProcessManager: getRenderThreadTidByPid, caller=1902
10-06 11:10:34.169  1902 23257 D VibratorManagerService: Starting vibrate for vibration 302
10-06 11:10:34.171  1902 23257 D VibratorManagerServiceImpl: attrs = VibrationAttributes: Usage=TOUCH Audio Usage= USAGE_UNKNOWN Flags=0, attrs.usage = 18
10-06 11:10:34.171  1902 23257 E VibratorManagerServiceImpl: skipandroid.os.RemoteException: Method setUsageExt is unimplemented.
10-06 11:10:34.243  1902  2334 D VibratorManagerService: Vibration 302 finished with EndInfo{status=FINISHED, endedBy=null}
10-06 11:10:34.243  1902  3385 D VibratorManagerService: Vibration 302 on vibrator 0 complete, notifying thread
10-06 11:10:34.243  1902  2334 D VibratorManagerService: Reporting vibration 302 finished with EndInfo{status=FINISHED, endedBy=null}
10-06 11:10:34.243  1902  2334 D VibratorManagerService: Vibration for uid=1000 and with attrs=VibrationAttributes: Usage=TOUCH Audio Usage= USAGE_UNKNOWN Flags=0 ended with status FINISHED
10-06 11:10:34.244  1902  2334 D VibratorManagerService: VibrationThread released after finished vibration
10-06 11:10:34.244  1902  2334 D VibratorManagerService: Processing VibrationThread released callback
10-06 11:10:34.387  1902  2612 I ProcessManager: getRenderThreadTidByPid, caller=1902
10-06 11:10:34.778  1902  2620 I SmartPower: com.google.android.apps.googleassistant:remote/10169(29607): background->idle(3044ms) R(service end com.google.android.apps.googleassistant/.AssistantStatusUpdateService) adj=905.
10-06 11:10:35.542  1902  2336 D AlarmManager: mBroadcastRefCount -> 1
10-06 11:10:35.565  1902  1902 D AlarmManager: mBroadcastRefCount -> 0
10-06 11:10:35.565  1902  1902 D AlarmManager: mPendingIntent -> PendingIntent{1299edf: PendingIntentRecord{c9ac72c com.android.systemui broadcastIntent}}
10-06 11:10:35.752  1902  2612 I ProcessManager: getRenderThreadTidByPid, caller=1902
10-06 11:10:35.753  1902 23257 D VibratorManagerService: Starting vibrate for vibration 303
10-06 11:10:35.754  1902 23257 D VibratorManagerServiceImpl: attrs = VibrationAttributes: Usage=TOUCH Audio Usage= USAGE_UNKNOWN Flags=0, attrs.usage = 18
10-06 11:10:35.755  1902 23257 E VibratorManagerServiceImpl: skipandroid.os.RemoteException: Method setUsageExt is unimplemented.
10-06 11:10:35.827  1902 23257 D VibratorManagerService: Vibration 303 on vibrator 0 complete, notifying thread
10-06 11:10:35.827  1902  2334 D VibratorManagerService: Vibration 303 finished with EndInfo{status=FINISHED, endedBy=null}
10-06 11:10:35.827  1902  2334 D VibratorManagerService: Reporting vibration 303 finished with EndInfo{status=FINISHED, endedBy=null}
10-06 11:10:35.827  1902  2334 D VibratorManagerService: Vibration for uid=1000 and with attrs=VibrationAttributes: Usage=TOUCH Audio Usage= USAGE_UNKNOWN Flags=0 ended with status FINISHED
10-06 11:10:35.828  1902  2334 D VibratorManagerService: VibrationThread released after finished vibration
10-06 11:10:35.828  1902  2334 D VibratorManagerService: Processing VibrationThread released callback
10-06 11:10:35.842  1902 23171 I LockSettingsService: Verifying lockscreen credential for user 0
10-06 11:10:35.940  2983  2983 I miui_keyguard_password: password unlock duration 99, user: 0
10-06 11:10:35.944  1902  2612 D SchedBoost: startBoostInternal 500
10-06 11:10:35.949  2983  3794 I KeyguardSensorInjector: unregister large area touch sensor
10-06 11:10:35.955  1902  1954 I SmartPower: com.miui.home/10085(3001): idle->background(2380ms) R(broadcast start Intent { act=com.android.systemui.fsgesture flg=0x14000010 (has extras) }) adj=100.
10-06 11:10:35.956  2983  3075 D OneHandedController: stopOneHanded state is 0
10-06 11:10:35.961  1902  1902 D BiometricService: Sensor ID(0), oemStrength: 15, updatedStrength: 15, modality 2, state: 0, cookie: 0, sensorId 0, hasEnrollments: false cannot participate in Keystore operations
10-06 11:10:35.962   691   691 I keystore2: system/security/keystore2/src/authorization.rs:143 - on_lock_screen_event(r#UNLOCK, user_id=0, password.is_some()=false, unlocking_sids=Some([]))
10-06 11:10:35.964  1902  1938 D MiuiPaperContrastOverlayStubImpl: Update paper-mode, param is true
10-06 11:10:35.965  1902  2775 E TransitionController: Set visible without transition ActivityRecord{b755ea6 u0 com.android.chrome/org.chromium.chrome.browser.ChromeTabbedActivity t106} playing=false caller=com.android.server.wm.ActivityRecord.makeVisibleIfNeeded:7037 
10-06 11:10:35.967  1902  2775 I SmartPower: com.android.chrome/10190(28528): idle->visible(24159ms) R(become visible) adj=702.
10-06 11:10:35.967  1902  2775 I SmartPower: com.android.chrome:privileged_process0/10190(28646): idle->invisible(24161ms) R(become foreground) adj=910.
10-06 11:10:35.974  2983  3075 D MiuiFullScreenTaskRepository: addOrUpdateFullScreenTaskInfo taskId=106, topActivity=ComponentInfo{com.android.chrome/org.chromium.chrome.browser.ChromeTabbedActivity}
10-06 11:10:35.985  1902  1936 E MBrainLocalService: MBrainJava launch failed: SecurityException
10-06 11:10:35.985  1902  3385 D CompatibilityChangeReporter: Compat change id reported: 161145287; UID 10190; state: ENABLED
10-06 11:10:35.985  1902  1919 I UsbDeviceManager: Setting USB config to mtp
10-06 11:10:35.985  1902  1919 D UsbDeviceManager: setUsbConfig(5) request:15
10-06 11:10:35.986  1902  1936 D Aurogon :  uid = 10190 switch to FG
10-06 11:10:35.992  1902  1936 E MBrainLocalService: MBrainJava launch failed: SecurityException
10-06 11:10:35.994 22183 22183 D miui.face.FaceService: lock screen passed
10-06 11:10:35.998 24698 25032 D PowerKeeper.AppStandby: disable standby chain
10-06 11:10:36.000  1902  1902 I DarkModeTimeModeManager:  onReceive: action = android.intent.action.USER_PRESENT
10-06 11:10:36.000  1902  1953 D MiuiFreeformOneTrackManager: aready bound
10-06 11:10:36.000  1902  1902 I DarkModeTimeModeManager: not get suggest from cloud
10-06 11:10:36.001  1902  1902 D MBrainLocalService: isVendorFreezeConditionPass is false
10-06 11:10:36.001  1902  1902 E ScreenIntentReceiver: notifyChange failed
10-06 11:10:36.006  1902 22715 D MiuiFreeFormManagerService: getAllFreeFormStackInfosOnDisplay list=0
10-06 11:10:36.007  1902  2775 D WindowManager: Collecting in transition 234: ActivityRecord{edafd73 u0 com.google.android.googlequicksearchbox/com.google.android.apps.search.assistant.surfaces.voice.robin.ui.floaty.activity.FloatyActivity init visibleRequested:false
10-06 11:10:36.008  1902  2775 D MiuiFreeFormManagerService: activeOrFullscreenFreeformTaskIfNeed startDefaultAr:false
10-06 11:10:36.009  1902  2775 D MiuiFreeFormManagerService: onStartActivityInner as = Task{b190a79 #107 type=standard I=com.google.android.googlequicksearchbox/com.google.android.apps.search.assistant.surfaces.voice.robin.ui.floaty.activity.FloatyActivity} op = null
10-06 11:10:36.010  1902  2775 D WindowManager: setLockTaskAuth: task=Task{b190a79 #107 type=standard I=com.google.android.googlequicksearchbox/com.google.android.apps.search.assistant.surfaces.voice.robin.ui.floaty.activity.FloatyActivity} mLockTaskAuth=LOCK_TASK_AUTH_PINNABLE
10-06 11:10:36.013  1902  2775 D ActivityTaskManager: Delivered to top newTransition:TransitionRecord{eb38a9 id=234 type=OPEN flags=0x0} SoSc state:false starter:ActivityRecord{edafd73 u0 com.google.android.googlequicksearchbox/com.google.android.apps.search.assistant.surfaces.voice.robin.ui.floaty.activity.FloatyActivity t-1}
10-06 11:10:36.013  1902  2775 D Transition: abort TransitionRecord{eb38a9 id=234 type=OPEN flags=0x0} from = 0
10-06 11:10:36.013  1902  2775 I BLASTSyncEngine: finishNow: after onTransactionReady, mSyncId=234
10-06 11:10:36.014  1902  1918 D CompatibilityChangeReporter: Compat change id reported: 319212206; UID 10190; state: ENABLED
10-06 11:10:36.015  1902  2775 I ActivityTaskManager: START u0 {flg=0x10200000 pkg=com.google.android.googlequicksearchbox cmp=com.google.android.googlequicksearchbox/com.google.android.apps.search.assistant.surfaces.voice.robin.ui.floaty.activity.FloatyActivity (has extras)} with LAUNCH_SINGLE_TASK from uid 10188 (BAL_ALLOW_VISIBLE_WINDOW) result code=3
10-06 11:10:36.015  2983  3075 D WindowManagerShell: onActivityRestartAttempt: ComponentInfo{com.google.android.googlequicksearchbox/com.google.android.apps.search.assistant.surfaces.voice.robin.ui.floaty.activity.FloatyActivity}
10-06 11:10:36.026  1902  2304 W WindowManager: Changing focus from Window{713d2d6 u0 NotificationShade} to Window{ee62649 u0 com.google.android.googlequicksearchbox/com.google.android.apps.search.assistant.surfaces.voice.robin.ui.floaty.activity.FloatyActivity} displayId=0 Callers=com.android.server.wm.RootWindowContainer.updateFocusedWindowLocked:557 com.android.server.wm.WindowManagerService.updateFocusedWindowLocked:6962 com.android.server.wm.WindowManagerService.relayoutWindow:2951 com.android.server.wm.Session.relayout:266 
10-06 11:10:36.027  1902  2304 I WindowManager: cancelAnimation removed leash : Surface(name=Surface(name=81266ae StatusBar#86)/@0xb48dfdc - animation-leash of insets_animation#3750)/@0x4293993
10-06 11:10:36.029  1902  2304 I WindowManager: cancelAnimation removed leash : Surface(name=Surface(name=db27a2 NavigationBar0#82)/@0xc1acbf0 - animation-leash of insets_animation#3751)/@0xa6d21c9
10-06 11:10:36.032  1902  2304 D WindowManagerService: onSecureChanged, current win = Window{ee62649 u0 com.google.android.googlequicksearchbox/com.google.android.apps.search.assistant.surfaces.voice.robin.ui.floaty.activity.FloatyActivity}, hasSecure = false
10-06 11:10:36.032  1902  2304 D WindowManager: wms.Input focus has changed to Window{ee62649 u0 com.google.android.googlequicksearchbox/com.google.android.apps.search.assistant.surfaces.voice.robin.ui.floaty.activity.FloatyActivity} display=0 updateInputWindows = true
10-06 11:10:36.032  1902  2304 I MultiSenceManagerInternalStub: getInstance
10-06 11:10:36.055  1902  2304 D CoreBackPreview: Window{33ccaec u0 com.android.chrome/org.chromium.chrome.browser.ChromeTabbedActivity}: Setting back callback OnBackInvokedCallbackInfo{mCallback=android.window.IOnBackInvokedCallback$Stub$Proxy@4a14948, mPriority=0, mIsAnimationCallback=true}
10-06 11:10:36.073  1902 22586 D SystemServerTiming: getUserSwitchability-0
10-06 11:10:36.073  1902 22586 D SystemServerTiming: TM.isInCall
10-06 11:10:36.077  1902 22586 D SystemServerTiming: hasUserRestriction-DISALLOW_USER_SWITCH
10-06 11:10:36.077  1902 22586 D SystemServerTiming: getInt-ALLOW_USER_SWITCHING_WHEN_SYSTEM_USER_LOCKED
10-06 11:10:36.077  1902 22586 D SystemServerTiming: isUserUnlocked-USER_SYSTEM
10-06 11:10:36.088  1902  2547 D BiometricDeferredQueue: Fingerprint addPendingLockoutResetForUser: 0
10-06 11:10:36.094  1902 23257 I WindowManager: Relayout Window{33ccaec u0 com.android.chrome/org.chromium.chrome.browser.ChromeTabbedActivity}: oldVis=8 newVis=0 focusMayChange = true requestedWidth = 1080 requestedHeight = 2400 outFrames = ClientWindowFrames{frame=[0,0][1080,2400] display=[0,0][1080,2400] parentFrame=[0,0][0,0]} outSurfaceControl = Surface(name=com.android.chrome/org.chromium.chrome.browser.ChromeTabbedActivity#3756)/@0x4c6db92
10-06 11:10:36.102  1902 22715 I WindowManager: cancelAnimation removed leash : Surface(name=Surface(name=6a76de5 InputMethod#123)/@0xf2bd99 - animation-leash of insets_animation#3752)/@0xd952bda
10-06 11:10:36.115  1902  4009 W AdbDebuggingManager: Read failed with count -1
10-06 11:10:36.117  1902  4009 E AdbDebuggingManager: Caught an exception opening the socket: java.io.IOException: No such file or directory
10-06 11:10:36.129  1902  2775 W PackageConfigPersister: App-specific configuration not found for packageName: com.google.android.googlequicksearchbox and userId: 0
10-06 11:10:36.132  1902 23171 I LockSettingsService: Successfully verified lockscreen credential for user 0
10-06 11:10:36.138   691   691 I keystore2: system/security/keystore2/src/authorization.rs:143 - on_lock_screen_event(r#UNLOCK, user_id=0, password.is_some()=true, unlocking_sids=None)
10-06 11:10:36.158   691   691 I keystore2: system/security/keystore2/src/super_key.rs:1141 - Trying to unlock when already unlocked.
10-06 11:10:36.159  1902 23171 D LockSettingsService: CE storage for user 0 is already unlocked
10-06 11:10:36.161  1902 23171 D LockSettingsService: unlockUser finished
10-06 11:10:36.163  1902 23171 D SystemServerTiming: finishUserUnlocking-0
10-06 11:10:36.164  1902 23171 D LockSettingsService: unlockUser finished
10-06 11:10:36.165  1902  2547 D BiometricDeferredQueue: Processing pending resetLockouts(Generic)
10-06 11:10:36.165  1902  2547 D BiometricDeferredQueue: Resetting biometric lockout for user: 0
10-06 11:10:36.165  2983 29102 W BpBinder: Slow Binder: BpBinder transact took 324 ms, interface=com.android.internal.widget.ILockSettings, code=9 oneway=false
10-06 11:10:36.165  1902  2304 D SchedBoost: com.android.systemui boosting, skip reset priority
10-06 11:10:36.192  1902  2547 D BiometricService: resetLockout(userId=0, hat=present)
10-06 11:10:36.202  2983  2983 E miui_keyguard_password: checkPasswordForUsers onChecked; result = true,isCancelled:false, mUserIdMatched = 0, mUserIdLocked: 0, mThrottleTimeout = 0
10-06 11:10:36.206  2983  3075 D MiuiFullScreenTaskRepository: addOrUpdateFullScreenTaskInfo taskId=106, topActivity=ComponentInfo{com.android.chrome/org.chromium.chrome.browser.ChromeTabbedActivity}
10-06 11:10:36.244  1902  2661 I UsbDeviceManager: notifyCurrentFunction request:15 status:0
10-06 11:10:36.281  1902 22586 D SchedBoost: com.android.systemui already boosted, skip boost priority
10-06 11:10:36.292  1902  2612 D SchedBoost: stopBoostInternal
10-06 11:10:36.295  1902 22586 W WindowManager: finishDrawingWindow: Window{33ccaec u0 com.android.chrome/org.chromium.chrome.browser.ChromeTabbedActivity} mDrawState=DRAW_PENDING
10-06 11:10:36.295  1902 22586 D WindowManager: wms.finishDrawingLocked: mDrawState=COMMIT_DRAW_PENDING Window{33ccaec u0 com.android.chrome/org.chromium.chrome.browser.ChromeTabbedActivity} in Surface(name=com.android.chrome/org.chromium.chrome.browser.ChromeTabbedActivity#3756)/@0x2fd4d1d
10-06 11:10:36.296  1902  2612 D SchedBoost: startBoostInternal 2000
10-06 11:10:36.297  1902  1939 W WindowManager: real show surface:Surface(name=com.android.chrome/org.chromium.chrome.browser.ChromeTabbedActivity#3756)/@0x2fd4d1d
10-06 11:10:36.304  1902  3385 W WindowManager: finishDrawingWindow: Window{33ccaec u0 com.android.chrome/org.chromium.chrome.browser.ChromeTabbedActivity} mDrawState=HAS_DRAWN
10-06 11:10:36.327  1902  2600 D isUidValid: uid = 10142
10-06 11:10:36.328  1902  3385 I SmartPower: com.android.providers.partnerbookmarks/10142(20547): idle->background(1027879ms) R(content provider start ContentProviderRecord{be97b43 u0 com.android.providers.partnerbookmarks/.PartnerBookmarksProvider}) adj=102.
10-06 11:10:36.488  1902  1954 I SmartPower: com.xiaomi.discover/10128(30267): idle->background(5079ms) R(broadcast start Intent { act=android.intent.action.USER_PRESENT flg=0x24200010 }) adj=905.
10-06 11:10:36.491  1902  1954 I SmartPower: com.mi.globalminusscreen/10076(30502): idle->background(3337ms) R(broadcast start Intent { act=android.intent.action.USER_PRESENT flg=0x24200010 }) adj=100.
10-06 11:10:36.491  1902  1954 I SmartPower: com.xiaomi.glgm/10132(31606): idle->background(3323ms) R(broadcast start Intent { act=android.intent.action.USER_PRESENT flg=0x24200010 }) adj=905.
10-06 11:10:36.491  1902  1954 I SmartPower: com.miui.android.fashiongallery/10231(15309): idle->background(5083ms) R(broadcast start Intent { act=android.intent.action.USER_PRESENT flg=0x24200010 }) adj=955.
10-06 11:10:36.492  1902  1954 I SmartPower: com.xiaomi.smarthome/10342(17938): idle->background(2786ms) R(broadcast start Intent { act=android.intent.action.USER_PRESENT flg=0x24200010 }) adj=905.
10-06 11:10:36.502  1902  1954 I SmartPower: com.google.android.gm/10197(28901): idle->background(10161ms) R(broadcast start Intent { act=android.os.action.LIGHT_DEVICE_IDLE_MODE_CHANGED flg=0x50000010 }) adj=905.
10-06 11:10:36.506  1902  3385 D PerfShielderService: com.google.android.googlequicksearchbox|com.google.android.googlequicksearchbox/com.google.android.apps.search.assistant.surfaces.voice.robin.ui.floaty.activity.FloatyActivity|202|40749563515736|62|3|7
10-06 11:10:36.507 22071 22103 W MiuiPerfServiceClient: interceptAndQueuing:10777|com.google.android.googlequicksearchbox|202|62|40749563515736|Slow handle traversal|7
10-06 11:10:36.507  1902  2304 D PackageManager: set app component=ComponentInfo{com.google.android.gms/com.google.android.gms.nearby.mediums.nearfieldcommunication.NfcAdvertisingService} enabled state: 1 from com.google.android.gms,uid=10175,pid=25456
10-06 11:10:37.008  1556  1556 I wificond: station_bandwidth: 
10-06 11:10:37.338  1902  2612 I ProcessManager: getRenderThreadTidByPid, caller=1902
10-06 11:10:37.340  1902  2775 W MIUIInput: Input event injection from package: com.android.systemui action ACTION_DOWN keycode 3
10-06 11:10:37.340  1902  2775 W MiuiInputKeyEventLog: keyCode:3 down:true eventTime:40750681 downTime:40750681 policyFlags:2b000002 flags:80000048 metaState:0 deviceId:-1 isScreenOn:true keyguardActive:false repeatCount:0
10-06 11:10:37.340  1902  2775 D VibratorManagerService: Starting vibrate for vibration 304
10-06 11:10:37.341  1902  2612 D SchedBoost: stopBoostInternal
10-06 11:10:37.341  1902  2775 D VibratorManagerServiceImpl: attrs = VibrationAttributes: Usage=TOUCH Audio Usage= USAGE_UNKNOWN Flags=0, attrs.usage = 18
10-06 11:10:37.342  1902  2775 E VibratorManagerServiceImpl: skipandroid.os.RemoteException: Method setUsageExt is unimplemented.
10-06 11:10:37.344  2983  3075 D MiuiFreeformModeObserver: handleFreeFormReceiver intent=Intent { act=com.miui.fullscreen_state_change flg=0x10 (has extras) } ,action=com.miui.fullscreen_state_change
10-06 11:10:37.345  2983  3075 D MiuiFreeformModeObserver: ACTION_FULLSCREEN_STATE_CHANGE stateName: toHome
10-06 11:10:37.345  2983  3075 D MiuiFreeformModeController: allFreeformFromFreeformToMini
10-06 11:10:37.346  1902  2775 D PerfShielderService: com.android.systemui|com.android.systemui-Nav-831445295|116|40749427800274|116|0|1
10-06 11:10:37.346 22071 22103 W MiuiPerfServiceClient: interceptAndQueuing:2983|com.android.systemui|116|116|40749427800274|Slow main thread|1
10-06 11:10:37.414  1902  2775 W MIUIInput: Input event injection from package: com.android.systemui action ACTION_UP keycode 3
10-06 11:10:37.414  1902  2775 W MiuiInputKeyEventLog: keyCode:3 down:false eventTime:40750755 downTime:40750681 policyFlags:2b000002 flags:80000048 metaState:0 deviceId:-1 isScreenOn:true keyguardActive:false repeatCount:0
10-06 11:10:37.414  1902  2351 E MiuiInputKeyEventLog: before go to home
10-06 11:10:37.415  1902  2775 D VibratorManagerService: Vibration 304 on vibrator 0 complete, notifying thread
10-06 11:10:37.416  1902  2334 D VibratorManagerService: Vibration 304 finished with EndInfo{status=FINISHED, endedBy=null}
10-06 11:10:37.416  1902  2334 D VibratorManagerService: Reporting vibration 304 finished with EndInfo{status=FINISHED, endedBy=null}
10-06 11:10:37.416  1902  2334 D VibratorManagerService: Vibration for uid=1000 and with attrs=VibrationAttributes: Usage=TOUCH Audio Usage= USAGE_UNKNOWN Flags=0 ended with status FINISHED
10-06 11:10:37.417  1902  2334 D VibratorManagerService: VibrationThread released after finished vibration
10-06 11:10:37.417  1902  2334 D VibratorManagerService: Processing VibrationThread released callback
10-06 11:10:37.421  1902  2612 D SchedBoost: startBoostInternal 1000
10-06 11:10:37.422  1902  2351 I SmartPower: com.miui.home/10085(3001): background->invisible(1467ms) R(become foreground) adj=100.
10-06 11:10:37.422  1902  2351 D WindowManager: Collecting in transition 235: ActivityRecord{cdabc1c u0 com.miui.home/.launcher.Launcher init visibleRequested:false
10-06 11:10:37.422  1902  2351 D MiuiFreeFormManagerService: activeOrFullscreenFreeformTaskIfNeed startDefaultAr:false
10-06 11:10:37.425  1902  2351 D WindowManagerService: checkFlipFullScreenChange is same, nowIsFullScreen = false
10-06 11:10:37.425  1902  2351 W WindowManager: Changing focus from Window{ee62649 u0 com.google.android.googlequicksearchbox/com.google.android.apps.search.assistant.surfaces.voice.robin.ui.floaty.activity.FloatyActivity} to null displayId=0 Callers=com.android.server.wm.RootWindowContainer.updateFocusedWindowLocked:557 com.android.server.wm.WindowManagerService.updateFocusedWindowLocked:6962 com.android.server.wm.ActivityTaskManagerService.setLastResumedActivityUncheckLocked:5565 com.android.server.wm.ActivityRecord.moveFocusableActivityToTop:4045 
10-06 11:10:37.425  1902  2351 D WindowManager: wms.Input focus has changed to null display=0 updateInputWindows = true
10-06 11:10:37.425  1902  2351 I MultiSenceManagerInternalStub: getInstance
10-06 11:10:37.426  1902  2351 D WindowManager: setLockTaskAuth: task=Task{5645cf #2 type=home I=com.miui.home/.launcher.Launcher} mLockTaskAuth=LOCK_TASK_AUTH_PINNABLE
10-06 11:10:37.429  1902  2351 D WindowManager: Collecting in transition 235: ActivityRecord{966db40 u0 com.google.android.googlequicksearchbox/com.google.android.apps.search.assistant.surfaces.voice.robin.ui.floaty.activity.FloatyActivity t107} init visibleRequested:true
10-06 11:10:37.430  1902  2351 D WindowManager: Collecting in transition 235: ActivityRecord{b755ea6 u0 com.android.chrome/org.chromium.chrome.browser.ChromeTabbedActivity t106} init visibleRequested:true
10-06 11:10:37.431  1902  2351 D WindowManager: Collecting in transition 235: ActivityRecord{3754c30 u0 com.miui.home/.launcher.Launcher t2} init visibleRequested:false
10-06 11:10:37.432  1902  2351 D WindowManagerService: checkFlipFullScreenChange is same, nowIsFullScreen = false
10-06 11:10:37.433  1902  2351 D WindowManager: Collecting in transition 235: ActivityRecord{3754c30 u0 com.miui.home/.launcher.Launcher t2} init visibleRequested:true
10-06 11:10:37.434  1902  2351 D WindowManager: Collecting in transition 235: ActivityRecord{cdabc1c u0 com.miui.home/.launcher.Launcher t-1} init visibleRequested:false
10-06 11:10:37.434  1902  2351 D WindowManager: Requesting StartTransition: TransitionRecord{81ad025 id=235 type=OPEN flags=0x0}
10-06 11:10:37.435  2983  3075 I SoScUtils: monitorTransitionRequest mRequestOpenTransition:null mRequestOpenTriggerTask:-1 mRequestCloseTransition:null mRequestCloseTriggerTask:-1 mRequestCloseStageType:-1
10-06 11:10:37.438  1902  2351 I ActivityTaskManager: START u0 {act=android.intent.action.MAIN cat=[android.intent.category.HOME] flg=0x10000100 cmp=com.miui.home/.launcher.Launcher (has extras)} with LAUNCH_SINGLE_TASK from uid 0 callers: com.android.server.wm.RootWindowContainer.lambda$startHomeOnDisplay$11:1548 com.android.server.wm.RootWindowContainer.$r8$lambda$zDbqLY8yVs2-CTsfHP7FhguhRoM:0 com.android.server.wm.RootWindowContainer$$ExternalSyntheticLambda5.apply:16 com.android.server.wm.TaskDisplayArea.reduceOnAllTaskDisplayAreas:520  (BAL_ALLOW_ALLOWLISTED_UID) result code=2
10-06 11:10:37.439  1902  2304 D WindowManager: Set transition=TransitionRecord{81ad025 id=235 type=OPEN flags=0x0}, ready=true, SyncId=235 
10-06 11:10:37.439  2983  3075 D MiuiFullScreenTaskRepository: removeFocusedTask displayId=0
10-06 11:10:37.439  2983  3075 D MiuiFullScreenTaskRepository: addOrUpdateFullScreenTaskInfo taskId=107, topActivity=ComponentInfo{com.google.android.googlequicksearchbox/com.google.android.apps.search.assistant.surfaces.voice.robin.ui.floaty.activity.FloatyActivity}
10-06 11:10:37.439  2983  3075 D MiuiFullScreenTaskRepository: setFocusedTask taskId=1, displayId=0, topActivity=ComponentInfo{com.miui.home/com.miui.home.launcher.Launcher}
10-06 11:10:37.439  2983  3075 D MiuiFullScreenTaskRepository: addOrUpdateFullScreenTaskInfo taskId=1, topActivity=ComponentInfo{com.miui.home/com.miui.home.launcher.Launcher}
10-06 11:10:37.439  2983  3075 D MiuiDesktopModeController: onFocusTaskChanged newFocus: TaskInfo{userId=0 taskId=1 displayId=0 isRunning=true baseIntent=Intent { act=android.intent.action.MAIN cat=[android.intent.category.HOME] flg=0x10000100 cmp=com.miui.home/.launcher.Launcher } baseActivity=ComponentInfo{com.miui.home/com.miui.home.launcher.Launcher} topActivity=ComponentInfo{com.miui.home/com.miui.home.launcher.Launcher} origActivity=null realActivity=null numActivities=1 lastActiveTime=70262 supportsSplitScreenMultiWindow=true supportsMultiWindow=true resizeMode=2 isResizeable=true minWidth=-1 minHeight=-1 defaultMinSize=200 token=WCT{android.window.IWindowContainerToken$Stub$Proxy@69e91ac} topActivityType=2 pictureInPictureParams=null shouldDockBigOverlays=false launchIntoPipHostTaskId=-1 lastParentTaskIdBeforePip=-1 displayCutoutSafeInsets=null topActivityInfo=ActivityInfo{8ee9e75 com.miui.home.launcher.Launcher} launchCookies=[] positionInParent=Point(0, 0) parentTaskId=-1 isFocused=true isVisible=false isVisibleRequested=true isSleeping=false topActivityInSizeCompat=false topActivityEligibleForLetterboxEducation= false topActivityLetterboxed= false isFromDoubleTap= false topActivityLetterboxVerticalPosition= -1 topActivityLetterboxHorizontalPosition= -1 topActivityLetterboxWidth=-1 topActivityLetterboxHeight=-1 locusId=null displayAreaFeatureId=1 cameraCompatControlState=hidden mIsCastMode=false mTopActivityMediaSize=null mTopActivityRecordName=ActivityRecord{3754c30 u0 com.miui.home/.launcher.Launcher t2} mTopActivityOrientation=1 mTopActivityWindowIsNowVisible=false isTranslucent=false isEmbedded=false shouldBeVisible=true isImmersive=false mBehindAppLockPkg=null mOriginatingUid=0}
10-06 11:10:37.439  2983  3075 D MiuiFreeformModeController: onFocusTaskChanged taskInfo: TaskInfo{userId=0 taskId=1 displayId=0 isRunning=true baseIntent=Intent { act=android.intent.action.MAIN cat=[android.intent.category.HOME] flg=0x10000100 cmp=com.miui.home/.launcher.Launcher } baseActivity=ComponentInfo{com.miui.home/com.miui.home.launcher.Launcher} topActivity=ComponentInfo{com.miui.home/com.miui.home.launcher.Launcher} origActivity=null realActivity=null numActivities=1 lastActiveTime=70262 supportsSplitScreenMultiWindow=true supportsMultiWindow=true resizeMode=2 isResizeable=true minWidth=-1 minHeight=-1 defaultMinSize=200 token=WCT{android.window.IWindowContainerToken$Stub$Proxy@69e91ac} topActivityType=2 pictureInPictureParams=null shouldDockBigOverlays=false launchIntoPipHostTaskId=-1 lastParentTaskIdBeforePip=-1 displayCutoutSafeInsets=null topActivityInfo=ActivityInfo{8ee9e75 com.miui.home.launcher.Launcher} launchCookies=[] positionInParent=Point(0, 0) parentTaskId=-1 isFocused=true isVisible=false isVisibleRequested=true isSleeping=false topActivityInSizeCompat=false topActivityEligibleForLetterboxEducation= false topActivityLetterboxed= false isFromDoubleTap= false topActivityLetterboxVerticalPosition= -1 topActivityLetterboxHorizontalPosition= -1 topActivityLetterboxWidth=-1 topActivityLetterboxHeight=-1 locusId=null displayAreaFeatureId=1 cameraCompatControlState=hidden mIsCastMode=false mTopActivityMediaSize=null mTopActivityRecordName=ActivityRecord{3754c30 u0 com.miui.home/.launcher.Launcher t2} mTopActivityOrientation=1 mTopActivityWindowIsNowVisible=false isTranslucent=false isEmbedded=false shouldBeVisible=true isImmersive=false mBehindAppLockPkg=null mOriginatingUid=0}
10-06 11:10:37.439  1902 22715 I SmartPower: com.google.android.googlequicksearchbox:googleapp/10188(10790): invisible->visible(6991ms) R(become visible) adj=800.
10-06 11:10:37.439  1902  2620 I SmartPower: com.google.android.webview:sandboxed_process0:org.chromium.content.app.SandboxedPridle->background(328409ms) R(add to whitelist) adj=800.
10-06 11:10:37.444  1902 22715 I BLASTSyncEngine: SyncGroup 235:  Unfinished container:ActivityRecord{3754c30 u0 com.miui.home/.launcher.Launcher t2}
10-06 11:10:37.444  1902 22715 I BLASTSyncEngine: isActivitySyncFinished isSyncFinished false ActivityRecord{3754c30 u0 com.miui.home/.launcher.Launcher t2}
10-06 11:10:37.444  1902 22715 I WindowManager: Relayout Window{bebbce6 u0 LauncherMinusOneScreen}: oldVis=8 newVis=0 focusMayChange = true requestedWidth = 1080 requestedHeight = 2400 outFrames = ClientWindowFrames{frame=[0,0][1080,2400] display=[0,0][1080,2400] parentFrame=[0,0][0,0]} outSurfaceControl = Surface(name=LauncherMinusOneScreen#3764)/@0xed3dedd
10-06 11:10:37.445  1902  2775 I SmartPower: com.mi.globalminusscreen/10076(30502): background->visible(955ms) R(become visible) adj=100.
10-06 11:10:37.448  1902  2775 I BLASTSyncEngine: SyncGroup 235:  Unfinished container:ActivityRecord{3754c30 u0 com.miui.home/.launcher.Launcher t2}
10-06 11:10:37.448  1902  2775 I BLASTSyncEngine: isActivitySyncFinished isSyncFinished false ActivityRecord{3754c30 u0 com.miui.home/.launcher.Launcher t2}
10-06 11:10:37.448  1902  2775 I WindowManager: Relayout Window{f604888 u0 LauncherOverlayWindow:com.mi.globalminusscreen}: oldVis=8 newVis=0 focusMayChange = true requestedWidth = 1080 requestedHeight = 2400 outFrames = ClientWindowFrames{frame=[0,0][1080,2400] display=[0,0][1080,2400] parentFrame=[0,0][0,0]} outSurfaceControl = Surface(name=LauncherOverlayWindow:com.mi.globalminusscreen#3765)/@0xbdbfc7f
10-06 11:10:37.449  1902 22586 D SchedBoost: com.miui.home already boosted, skip boost priority
10-06 11:10:37.450  1902  1936 D Aurogon :  uid = 10085 switch to FG
10-06 11:10:37.458  2983  3075 D SoScSplitScreenController: updateDividerFixedState isFixed:true
10-06 11:10:37.459  1902  1936 E MBrainLocalService: MBrainJava launch failed: SecurityException
10-06 11:10:37.461  2983  3075 D OneHandedController: stopOneHanded state is 0
10-06 11:10:37.462  2983  4706 D MiuiFreeformModeObserver: activityResumed() intent： Intent { cmp=com.miui.home/.launcher.Launcher (has extras) }
10-06 11:10:37.467  1902  2304 I BLASTSyncEngine: SyncGroup 235:  Unfinished container:ActivityRecord{3754c30 u0 com.miui.home/.launcher.Launcher t2}
10-06 11:10:37.467  1902  2304 I BLASTSyncEngine: isActivitySyncFinished isSyncFinished false ActivityRecord{3754c30 u0 com.miui.home/.launcher.Launcher t2}
10-06 11:10:37.468  1902  2304 W WindowManager: Changing focus from null to Window{e4be31b u0 com.miui.home/com.miui.home.launcher.Launcher} displayId=0 Callers=com.android.server.wm.RootWindowContainer.updateFocusedWindowLocked:557 com.android.server.wm.WindowManagerService.updateFocusedWindowLocked:6962 com.android.server.wm.WindowManagerService.relayoutWindow:2951 com.android.server.wm.Session.relayout:266 
10-06 11:10:37.468  1902  2304 I WindowManager: cancelAnimation removed leash : Surface(name=Surface(name=81266ae StatusBar#86)/@0xb48dfdc - animation-leash of insets_animation#3754)/@0x915b665
10-06 11:10:37.470  1902  2304 I WindowManager: cancelAnimation removed leash : Surface(name=Surface(name=db27a2 NavigationBar0#82)/@0xc1acbf0 - animation-leash of insets_animation#3755)/@0x366a7eb
10-06 11:10:37.471  1902  2304 D WindowManager: wms.Input focus has changed to Window{e4be31b u0 com.miui.home/com.miui.home.launcher.Launcher} display=0 updateInputWindows = true
10-06 11:10:37.471  1902  2304 I MultiSenceManagerInternalStub: getInstance
10-06 11:10:37.471  1902  2304 I WindowManager: Relayout Window{e4be31b u0 com.miui.home/com.miui.home.launcher.Launcher}: oldVis=8 newVis=0 focusMayChange = true requestedWidth = 1080 requestedHeight = 2400 outFrames = ClientWindowFrames{frame=[0,0][1080,2400] display=[0,0][1080,2400] parentFrame=[0,0][0,0]} outSurfaceControl = Surface(name=com.miui.home/com.miui.home.launcher.Launcher#3766)/@0xefc77
10-06 11:10:37.474  1902 10935 W WindowManager: finishDrawingWindow: Window{bebbce6 u0 LauncherMinusOneScreen} mDrawState=DRAW_PENDING
10-06 11:10:37.474  1902 10935 D WindowManager: wms.finishDrawingLocked: mDrawState=COMMIT_DRAW_PENDING Window{bebbce6 u0 LauncherMinusOneScreen} in Surface(name=LauncherMinusOneScreen#3764)/@0x75872b4
10-06 11:10:37.478  1902  1939 D WindowManager: Collecting in transition 235: WallpaperWindowToken{b086f80 token=android.os.Binder@8a62403} init visibleRequested:false
10-06 11:10:37.478  1902  1939 D WindowManager: Collecting in transition 235: WallpaperWindowToken{c0d2fdb token=android.os.BinderProxy@7dc90ea} init visibleRequested:false
10-06 11:10:37.482  1902  1939 W WindowManager: real show surface:Surface(name=com.miui.miwallpaper.wallpaperservice.ImageWallpaper#57)/@0x80ddd84
10-06 11:10:37.482  1902  1939 W WindowManager: real show surface:Surface(name=com.miui.miwallpaper.wallpaperservice.MiuiKeyguardPictorialWallpaper#50)/@0xf7db96d
10-06 11:10:37.486  1902  1939 I BLASTSyncEngine: SyncGroup 235:  Unfinished container:ActivityRecord{3754c30 u0 com.miui.home/.launcher.Launcher t2}
10-06 11:10:37.486  1902  1939 I BLASTSyncEngine: isActivitySyncFinished isSyncFinished false ActivityRecord{3754c30 u0 com.miui.home/.launcher.Launcher t2}
10-06 11:10:37.487  1902 10935 W WindowManager: finishDrawingWindow: Window{f604888 u0 LauncherOverlayWindow:com.mi.globalminusscreen} mDrawState=DRAW_PENDING
10-06 11:10:37.487  1902 10935 D WindowManager: wms.finishDrawingLocked: mDrawState=COMMIT_DRAW_PENDING Window{f604888 u0 LauncherOverlayWindow:com.mi.globalminusscreen} in Surface(name=LauncherOverlayWindow:com.mi.globalminusscreen#3765)/@0x4d1d99e
10-06 11:10:37.491  1902  1939 I BLASTSyncEngine: SyncGroup 235:  Unfinished container:ActivityRecord{3754c30 u0 com.miui.home/.launcher.Launcher t2}
10-06 11:10:37.491  1902  1939 I BLASTSyncEngine: isActivitySyncFinished isSyncFinished false ActivityRecord{3754c30 u0 com.miui.home/.launcher.Launcher t2}
10-06 11:10:37.508  1902  1936 E MBrainLocalService: MBrainJava launch failed: SecurityException
10-06 11:10:37.512  1902 10935 W WindowManager: finishDrawingWindow: Window{e4be31b u0 com.miui.home/com.miui.home.launcher.Launcher} mDrawState=DRAW_PENDING
10-06 11:10:37.512  1902 10935 D WindowManager: wms.finishDrawingLocked: mDrawState=COMMIT_DRAW_PENDING Window{e4be31b u0 com.miui.home/com.miui.home.launcher.Launcher} in Surface(name=com.miui.home/com.miui.home.launcher.Launcher#3766)/@0xfdf1aa
10-06 11:10:37.517  2983  3075 D WindowManagerShell: onActivityRestartAttempt: ComponentInfo{com.miui.home/com.miui.home.launcher.Launcher}
10-06 11:10:37.518  1902  1939 I SmartPower: com.miui.home/10085(3001): invisible->visible(96ms) R(become visible) adj=0.
10-06 11:10:37.519  1902  1939 W WindowManager: real show surface:Surface(name=LauncherOverlayWindow:com.mi.globalminusscreen#3765)/@0x4d1d99e
10-06 11:10:37.519  1902  1939 W WindowManager: real show surface:Surface(name=LauncherMinusOneScreen#3764)/@0x75872b4
10-06 11:10:37.520  1902  1939 W WindowManager: real show surface:Surface(name=com.miui.home/com.miui.home.launcher.Launcher#3766)/@0xfdf1aa
10-06 11:10:37.520  1902  1939 D WindowManager: Final targets: [Task{57070cf #1 type=home}, Task{b190a79 #107 type=standard I=com.google.android.googlequicksearchbox/com.google.android.apps.search.assistant.surfaces.voice.robin.ui.floaty.activity.FloatyActivity}, Task{e3410e7 #106 type=standard A=10190:com.android.chrome}, WallpaperWindowToken{c0d2fdb token=android.os.BinderProxy@7dc90ea}, WallpaperWindowToken{b086f80 token=android.os.Binder@8a62403}]
10-06 11:10:37.554  1902  1902 D MBrainLocalService: isVendorFreezeConditionPass is false
10-06 11:10:37.554  1902  1902 E MBrainLocalService: notifyAppSwitch failed
10-06 11:10:37.582  1902  1939 D WindowManager: snapshot isNothing = false source = Task{e3410e7 #106 type=standard A=10190:com.android.chrome}
10-06 11:10:37.624  1902  1939 D WindowManager: snapshot isNothing = false source = Task{b190a79 #107 type=standard I=com.google.android.googlequicksearchbox/com.google.android.apps.search.assistant.surfaces.voice.robin.ui.floaty.activity.FloatyActivity}
