10-13 11:58:19.232 11271 11271 D MiuiMultiWindowUtils: freeform resolution args raw data:{  "wide_default":{    "freeform_args": {        "vertical_portrait":{"aspect_ratio":0.626, "original_ratio":0.5643,"original_scale":0.74,"top_margin":0.168,"left_margin":0.484},        "horizontal_portrait":{"aspect_ratio":0.626, "original_ratio":0.5643,"original_scale":0.74,"top_margin":0.1222,"left_margin":0.59745},        "vertical_landscape":{"aspect_ratio":1.6, "original_ratio":1,"original_scale":0.604,"top_margin":0.2596,"left_margin":0.2624},        "horizontal_landscape":{"aspect_ratio":1.6, "original_ratio":1,"original_scale":0.604,"top_margin":0.213,"left_margin":0.3758}    },    "mini_freeform_args":{        "vertical_portrait":{"original_ratio":0.147},        "horizontal_portrait":{"original_ratio":0.147},        "vertical_landscape":{"original_ratio":0.165},        "horizontal_landscape":{"original_ratio":0.165}    }  },  "narrow_default": {    "freeform_args": {        "vertical_portrait":{"aspect_ratio":0.626, "original_ratio":1,"original_scale":0.74,"top_margin":0.0753,"left_margin":-1},        "horizontal_portrait":{"aspect_ratio":0.626, "original_ratio":1,"original_scale":0.5756,"top_margin":-1,"left_margin":0.0753},        "vertical_landscape":{"aspect_ratio":1.6, "original_ratio":0.6847,"original_scale":0.587,"top_margin":0.0753,"left_margin":-1},        "horizontal_landscape":{"aspect_ratio":1.6, "original_ratio":0.6847,"original_scale":0.587,"top_margin":-1,"left_margin":0.0753}    },    "mini_freeform_args":{        "vertical_portrait":{"original_ratio":0.26},        "horizontal_portrait":{"original_ratio":0.26},        "vertical_landscape":{"original_ratio":0.293},        "horizontal_landscape":{"original_ratio":0.293}    }  },  "regular_default": {    "freeform_args": {      "vertical_portrait":{"aspect_ratio":0.625, "original_ratio":1,"original_scale":0.7,"top_margin":0.109,"left_margin":-1},      "horizontal_portrait":{"aspect_ratio":0.6667, "original_ratio":1,"original_scale":0.6102,"top_margin":-1,"left_margin":0.026},      "vertical_landscape":{"aspect_ratio":1.6, "original_ratio":1,"original_scale":0.4244,"top_margin":0.109,"left_margin":-1},      "horizontal_landscape":{"aspect_ratio":1.6, "original_ratio":1,"original_scale":0.4244,"top_margin":-1,"left_margin":0.026}    },    "mini_freeform_args":{      "vertical_portrait":{"original_ratio":0.25},      "horizontal_portrait":{"original_ratio":0.25},      "vertical_landscape":{"original_ratio":0.25},      "horizontal_landscape":{"original_ratio":0.25}    }  },  "pad_default": {    "freeform_args": {      "vertical_portrait":{"aspect_ratio":0.5625, "original_ratio":0.375,"original_scale":0.835,"top_margin":0.049,"left_margin":0.2775},      "horizontal_portrait":{"aspect_ratio":0.5625, "original_ratio":0.375,"original_scale":0.835,"top_margin":-1,"left_margin":0.6525},      "vertical_landscape":{"aspect_ratio":-1, "original_ratio":1,"original_scale":0.468,"top_margin":0.049,"left_margin":-1},      "horizontal_landscape":{"aspect_ratio":-1, "original_ratio":1,"original_scale":0.468,"top_margin":-1,"left_margin":0.4976}    },    "mini_freeform_args":{      "vertical_portrait":{"original_ratio":0.144},      "horizontal_portrait":{"original_ratio":0.144},      "vertical_landscape":{"original_ratio":0.2},      "horizontal_landscape":{"original_ratio":0.2}    }  }}
10-13 11:58:19.232 11271 11271 D MiuiMultiWindowUtils: initFreeFormResolutionArgs failed, device is rubypro
10-13 11:58:19.233  1902 22706 W PackageConfigPersister: App-specific configuration not found for packageName: eu.europa.ec.euidi and userId: 0
10-13 11:58:19.234  1902  2304 I InputMethodManagerService: IMMS.showSoftInput(), client = com.android.internal.inputmethod.IInputMethodClient$Stub$Proxy@9e7d4ed
10-13 11:58:19.234  1902  2304 I InputMethodManagerService: IMMS.showCurrentInputLocked(), flags = 0
10-13 11:58:19.234  1902  2304 D SmartPower: com.google.android.inputmethod.latin/10196(22721): show input method
10-13 11:58:19.234  1902  2304 I SmartPower: com.google.android.inputmethod.latin/10196(22721): idle->visible(21772ms) R(show input method) adj=100.
10-13 11:58:19.234  1902  2304 I DefaultImeVisibilityApplier: IMMS.showCurrentInputLocked request ims to show inputMethod.
10-13 11:58:19.242  1902  2304 D AutofillSession: createPendingIntent for request 1568
10-13 11:58:19.243  1902  2304 D ContentCapturePerUserService: Notified activity assist data for activity: Token{7152577 ActivityRecord{e209e11 u0 eu.europa.ec.euidi/eu.europa.ec.assemblylogic.ui.MainActivity t764}} without a session Id
10-13 11:58:19.248  1902  2304 I InputMethodManagerService: IMMS.showSoftInput(), client = com.android.internal.inputmethod.IInputMethodClient$Stub$Proxy@80c607a
10-13 11:58:19.248  1902  2304 I InputMethodManagerService: IMMS.showCurrentInputLocked(), flags = 0
10-13 11:58:19.248  1902  2304 D SmartPower: com.google.android.inputmethod.latin/10196(22721): show input method
10-13 11:58:19.248  1902  2304 I DefaultImeVisibilityApplier: IMMS.showCurrentInputLocked request ims to show inputMethod.
10-13 11:58:19.276  1902  2304 I InputMethodManagerService: IMMS.applyImeVisibility(), setVisible = true, mCurclient = ClientState{d195a28 mUid=10390 mPid=11271 mSelfReportedDisplayId=0}
10-13 11:58:19.276  1902  2304 I WindowManager: WMS.showImePostLayout(), imeTarget = Window{6446786 u0 eu.europa.ec.euidi/eu.europa.ec.assemblylogic.ui.MainActivity}
10-13 11:58:19.279  1902 22706 D CoreBackPreview: Window{6446786 u0 eu.europa.ec.euidi/eu.europa.ec.assemblylogic.ui.MainActivity}: Setting back callback OnBackInvokedCallbackInfo{mCallback=android.window.IOnBackInvokedCallback$Stub$Proxy@e1284d2, mPriority=0, mIsAnimationCallback=false}
10-13 11:58:19.289  2983  3075 D MiuiFreeformModeController: avoidForInsetsBottomChangedIfNeed oldMoveableBottom: 2270 newMoveableBounds: 2270
10-13 11:58:19.293  1902 22706 I WindowManager: Relayout Window{6a76de5 u0 InputMethod}: oldVis=8 newVis=0 focusMayChange = true requestedWidth = 1080 requestedHeight = 2306 outFrames = ClientWindowFrames{frame=[0,94][1080,2400] display=[0,94][1080,2400] parentFrame=[0,0][0,0]} outSurfaceControl = Surface(name=InputMethod#28289)/@0xb941115
10-13 11:58:19.297  1902  1902 W FillRequestEventLogger: Shouldn't be logging AutofillFillRequestReported again for same event
10-13 11:58:19.297  1902  1902 W FillResponseEventLogger: Shouldn't be logging AutofillFillRequestReported again for same event
10-13 11:58:19.297  1902  1902 D AutofillSession: clearPendingIntentLocked
10-13 11:58:19.301  2983  3075 D MiuiFreeformModeController: avoidForInsetsBottomChangedIfNeed oldMoveableBottom: 2270 newMoveableBounds: 2270
10-13 11:58:19.312  1902 23161 W WindowManager: finishDrawingWindow: Window{6a76de5 u0 InputMethod} mDrawState=DRAW_PENDING
10-13 11:58:19.312  1902 23161 D WindowManager: wms.finishDrawingLocked: mDrawState=COMMIT_DRAW_PENDING Window{6a76de5 u0 InputMethod} in Surface(name=InputMethod#28289)/@0x7bdaacc
10-13 11:58:19.313  1902 22706 I InputMethodManagerService: IMMS.applyImeVisibility(), setVisible = true, mCurclient = ClientState{d195a28 mUid=10390 mPid=11271 mSelfReportedDisplayId=0}
10-13 11:58:19.317  1902  1939 I ImeInsetsSourceProvider: ImeInsetsSourceProvider.scheduleShowImePostLayout() Run showImeRunner.
10-13 11:58:19.317  1902  1939 I ImeInsetsSourceProvider: ImeInsetsSourceProvider.scheduleShowImePostLayout() isReadyToShowIme.
10-13 11:58:19.319  1902 22706 I WindowManager: WMS.showImePostLayout(), imeTarget = Window{6446786 u0 eu.europa.ec.euidi/eu.europa.ec.assemblylogic.ui.MainActivity}
10-13 11:58:19.320  2983  3075 D MiuiFreeformModeController: avoidForInsetsBottomChangedIfNeed oldMoveableBottom: 2270 newMoveableBounds: 2270
10-13 11:58:19.320  2983  3075 D ImePositionProcessor: onImeVisibilityChanged     isShowing:  true
10-13 11:58:19.320  1902 22704 I WindowManager: cancelAnimation removed leash : Surface(name=Surface(name=db27a2 NavigationBar0#82)/@0xc1acbf0 - animation-leash of insets_animation#28285)/@0x6a8a137
10-13 11:58:19.322  1902  1938 I WindowManager: input method visible height changed 701
10-13 11:58:19.322  1902  2338 I ITouchFeature: current device and process support version:2
10-13 11:58:19.323  2983  3075 D MiuiFreeformModeController: onImeVisibilityChanged imeVisible: true imeHeight: 701 adjustedForRotation:false
10-13 11:58:19.323  2983  3075 D MiuiFreeformModeAvoidAlgorithm: begin autoOrderingAvoidMiniTask
10-13 11:58:19.323  2983  3075 D MiuiFreeformModeAvoidAlgorithm: getCurrMiniPos: SameSideMiniPosList: []
10-13 11:58:19.323  2983  3075 D MiuiFreeformModeAvoidAlgorithm: getCurrMiniPos: SameSideMiniPosList: []
10-13 11:58:19.323  2983  3075 D MiuiFreeformModeAvoidAlgorithm: end autoOrderingAvoidMiniTask res:AvoidResult{distance=0, combination={}, activeTaskPos=Rect(0, 0 - 0, 0)}
10-13 11:58:19.324  1902  1938 W WindowManager: real show surface:Surface(name=InputMethod#28289)/@0x7bdaacc
10-13 11:58:19.324  1902  1938 I ImeInsetsSourceProvider: ImeInsetsSourceProvider.scheduleShowImePostLayout() Run showImeRunner.
10-13 11:58:19.324  1902  1938 I ImeInsetsSourceProvider: ImeInsetsSourceProvider.scheduleShowImePostLayout() isReadyToShowIme.
10-13 11:58:19.332  1902 22706 D PerfShielderService: eu.europa.ec.euidi|eu.europa.ec.euidi/eu.europa.ec.assemblylogic.ui.MainActivity|89|146527337714656|54|2|3
10-13 11:58:19.333 22071 21361 W MiuiPerfServiceClient: interceptAndQueuing:11271|eu.europa.ec.euidi|89|54|146527337714656|Slow handle animation|3
10-13 11:58:19.339  2983  3075 D OneHandedController: stopOneHanded state is 0
10-13 11:58:19.588  1902  2620 I SmartPower: com.google.android.videos/10312(19398): background->idle(3000ms) R(broadcast start Intent { act=android.intent.action.PACKAGE_RESTARTED dat=package: flg=0x10 (has extras) }) adj=905.
10-13 11:58:19.989  1902 22706 D WindowManagerService: checkFlipFullScreenChange is same, nowIsFullScreen = false
10-13 11:58:19.993  1902 22706 W FillRequestEventLogger: Couldn't find packageName: com.google.android.inputmethod.latin
10-13 11:58:20.000  1902 22706 D AutofillSession: createPendingIntent for request 1569
10-13 11:58:20.000  1902 22706 D ContentCapturePerUserService: Notified activity assist data for activity: Token{7152577 ActivityRecord{e209e11 u0 eu.europa.ec.euidi/eu.europa.ec.assemblylogic.ui.MainActivity t764}} without a session Id
10-13 11:58:20.008  1902 22706 I InputMethodManagerService: IMMS.showCurrentInputLocked(), flags = 1
10-13 11:58:20.008  1902 22706 D SmartPower: com.google.android.inputmethod.latin/10196(22721): show input method
10-13 11:58:20.008  1902 22706 I DefaultImeVisibilityApplier: IMMS.showCurrentInputLocked request ims to show inputMethod.
10-13 11:58:20.011  1902 22706 W PackageConfigPersister: App-specific configuration not found for packageName: eu.europa.ec.euidi and userId: 0
10-13 11:58:20.018  1902  2620 I SmartPower: com.android.chrome:privileged_process0/10190(9726): background->idle(3000ms) R(become invisible) adj=700.
10-13 11:58:20.018  1902  2620 I SmartPower: com.android.chrome/10190(9617): background->idle(3000ms) R(become invisible) adj=700.
10-13 11:58:20.022  1902 22704 I InputMethodManagerService: IMMS.showSoftInput(), client = com.android.internal.inputmethod.IInputMethodClient$Stub$Proxy@3e7600b
10-13 11:58:20.022  1902 22704 I InputMethodManagerService: IMMS.showCurrentInputLocked(), flags = 0
10-13 11:58:20.022  1902 22704 D SmartPower: com.google.android.inputmethod.latin/10196(22721): show input method
10-13 11:58:20.022  1902 22704 I DefaultImeVisibilityApplier: IMMS.showCurrentInputLocked request ims to show inputMethod.
10-13 11:58:20.037  1902 22704 I InputMethodManagerService: IMMS.applyImeVisibility(), setVisible = true, mCurclient = ClientState{d195a28 mUid=10390 mPid=11271 mSelfReportedDisplayId=0}
10-13 11:58:20.037  1902 22704 I WindowManager: WMS.showImePostLayout(), imeTarget = Window{6446786 u0 eu.europa.ec.euidi/eu.europa.ec.assemblylogic.ui.MainActivity}
10-13 11:58:20.039  1902  1939 I ImeInsetsSourceProvider: ImeInsetsSourceProvider.scheduleShowImePostLayout() Run showImeRunner.
10-13 11:58:20.039  1902  1939 I ImeInsetsSourceProvider: ImeInsetsSourceProvider.scheduleShowImePostLayout() isReadyToShowIme.
10-13 11:58:20.043  2983  3075 D OneHandedController: stopOneHanded state is 0
10-13 11:58:20.045  1902 22704 I InputMethodManagerService: IMMS.applyImeVisibility(), setVisible = true, mCurclient = ClientState{d195a28 mUid=10390 mPid=11271 mSelfReportedDisplayId=0}
10-13 11:58:20.045  1902 22704 I WindowManager: WMS.showImePostLayout(), imeTarget = Window{6446786 u0 eu.europa.ec.euidi/eu.europa.ec.assemblylogic.ui.MainActivity}
10-13 11:58:20.047  1902  1939 I ImeInsetsSourceProvider: ImeInsetsSourceProvider.scheduleShowImePostLayout() Run showImeRunner.
10-13 11:58:20.048  1902  1939 I ImeInsetsSourceProvider: ImeInsetsSourceProvider.scheduleShowImePostLayout() isReadyToShowIme.
10-13 11:58:20.051  2983  3075 D OneHandedController: stopOneHanded state is 0
10-13 11:58:20.083  1902  2620 I SmartPower: com.android.chrome:sandboxed_process0:org.chromium.content.app.SandboxedProcessSerbackground->idle(3905ms) R(adj below visible) adj=700.
10-13 11:58:20.083  1902  2620 I SmartPower: com.android.chrome:sandboxed_process0:org.chromium.content.app.SandboxedProcessSerbackground->idle(3907ms) R(adj below visible) adj=700.
10-13 11:58:20.095  1902  1902 W FillRequestEventLogger: Shouldn't be logging AutofillFillRequestReported again for same event
10-13 11:58:20.095  1902  1902 W FillResponseEventLogger: Shouldn't be logging AutofillFillRequestReported again for same event
10-13 11:58:20.095  1902  1902 D AutofillSession: clearPendingIntentLocked
10-13 11:58:20.668  1902 22706 D WindowManagerService: checkFlipFullScreenChange is same, nowIsFullScreen = false
10-13 11:58:20.672  1902 22706 W FillRequestEventLogger: Couldn't find packageName: com.google.android.inputmethod.latin
10-13 11:58:20.680  1902 22706 D AutofillSession: createPendingIntent for request 1570
10-13 11:58:20.680  1902 22706 D ContentCapturePerUserService: Notified activity assist data for activity: Token{7152577 ActivityRecord{e209e11 u0 eu.europa.ec.euidi/eu.europa.ec.assemblylogic.ui.MainActivity t764}} without a session Id
10-13 11:58:20.688  1902  2304 I InputMethodManagerService: IMMS.showCurrentInputLocked(), flags = 1
10-13 11:58:20.688  1902  2304 D SmartPower: com.google.android.inputmethod.latin/10196(22721): show input method
10-13 11:58:20.689  1902  2304 I DefaultImeVisibilityApplier: IMMS.showCurrentInputLocked request ims to show inputMethod.
10-13 11:58:20.691  1902  2304 W PackageConfigPersister: App-specific configuration not found for packageName: eu.europa.ec.euidi and userId: 0
10-13 11:58:20.701  1902 23161 I InputMethodManagerService: IMMS.showSoftInput(), client = com.android.internal.inputmethod.IInputMethodClient$Stub$Proxy@be7f2c
10-13 11:58:20.701  1902 23161 I InputMethodManagerService: IMMS.showCurrentInputLocked(), flags = 0
10-13 11:58:20.701  1902 23161 D SmartPower: com.google.android.inputmethod.latin/10196(22721): show input method
10-13 11:58:20.701  1902 23161 I DefaultImeVisibilityApplier: IMMS.showCurrentInputLocked request ims to show inputMethod.
10-13 11:58:20.719  1902 22706 I InputMethodManagerService: IMMS.applyImeVisibility(), setVisible = true, mCurclient = ClientState{d195a28 mUid=10390 mPid=11271 mSelfReportedDisplayId=0}
10-13 11:58:20.719  1902 22706 I WindowManager: WMS.showImePostLayout(), imeTarget = Window{6446786 u0 eu.europa.ec.euidi/eu.europa.ec.assemblylogic.ui.MainActivity}
10-13 11:58:20.720  1902  1939 I ImeInsetsSourceProvider: ImeInsetsSourceProvider.scheduleShowImePostLayout() Run showImeRunner.
10-13 11:58:20.720  1902  1939 I ImeInsetsSourceProvider: ImeInsetsSourceProvider.scheduleShowImePostLayout() isReadyToShowIme.
10-13 11:58:20.725  2983  3075 D OneHandedController: stopOneHanded state is 0
10-13 11:58:20.728  1902 22706 I InputMethodManagerService: IMMS.applyImeVisibility(), setVisible = true, mCurclient = ClientState{d195a28 mUid=10390 mPid=11271 mSelfReportedDisplayId=0}
10-13 11:58:20.728  1902 22706 I WindowManager: WMS.showImePostLayout(), imeTarget = Window{6446786 u0 eu.europa.ec.euidi/eu.europa.ec.assemblylogic.ui.MainActivity}
10-13 11:58:20.729  2983  3075 D OneHandedController: stopOneHanded state is 0
10-13 11:58:20.731  1902  1939 I ImeInsetsSourceProvider: ImeInsetsSourceProvider.scheduleShowImePostLayout() Run showImeRunner.
10-13 11:58:20.731  1902  1939 I ImeInsetsSourceProvider: ImeInsetsSourceProvider.scheduleShowImePostLayout() isReadyToShowIme.
10-13 11:58:20.743  1902  1902 W FillRequestEventLogger: Shouldn't be logging AutofillFillRequestReported again for same event
10-13 11:58:20.743  1902  1902 W FillResponseEventLogger: Shouldn't be logging AutofillFillRequestReported again for same event
10-13 11:58:20.743  1902  1902 D AutofillSession: clearPendingIntentLocked
10-13 11:58:21.351  1902 23161 D WindowManagerService: checkFlipFullScreenChange is same, nowIsFullScreen = false
10-13 11:58:21.355  1902 23161 W FillRequestEventLogger: Couldn't find packageName: com.google.android.inputmethod.latin
10-13 11:58:21.361  1902  2776 D AutofillSession: createPendingIntent for request 1571
10-13 11:58:21.361  1902  2776 D ContentCapturePerUserService: Notified activity assist data for activity: Token{7152577 ActivityRecord{e209e11 u0 eu.europa.ec.euidi/eu.europa.ec.assemblylogic.ui.MainActivity t764}} without a session Id
10-13 11:58:21.369  1902  2776 I InputMethodManagerService: IMMS.showCurrentInputLocked(), flags = 1
10-13 11:58:21.370  1902  2776 D SmartPower: com.google.android.inputmethod.latin/10196(22721): show input method
10-13 11:58:21.370  1902  2776 I DefaultImeVisibilityApplier: IMMS.showCurrentInputLocked request ims to show inputMethod.
10-13 11:58:21.373  1902 22706 W PackageConfigPersister: App-specific configuration not found for packageName: eu.europa.ec.euidi and userId: 0
10-13 11:58:21.384  1902  2776 I InputMethodManagerService: IMMS.showSoftInput(), client = com.android.internal.inputmethod.IInputMethodClient$Stub$Proxy@64eade2
10-13 11:58:21.384  1902  2776 I InputMethodManagerService: IMMS.showCurrentInputLocked(), flags = 0
10-13 11:58:21.384  1902  2776 D SmartPower: com.google.android.inputmethod.latin/10196(22721): show input method
10-13 11:58:21.384  1902  2776 I DefaultImeVisibilityApplier: IMMS.showCurrentInputLocked request ims to show inputMethod.
10-13 11:58:21.406  1902  2776 I InputMethodManagerService: IMMS.applyImeVisibility(), setVisible = true, mCurclient = ClientState{d195a28 mUid=10390 mPid=11271 mSelfReportedDisplayId=0}
10-13 11:58:21.406  1902  2776 I WindowManager: WMS.showImePostLayout(), imeTarget = Window{6446786 u0 eu.europa.ec.euidi/eu.europa.ec.assemblylogic.ui.MainActivity}
10-13 11:58:21.407  1902  1939 I ImeInsetsSourceProvider: ImeInsetsSourceProvider.scheduleShowImePostLayout() Run showImeRunner.
10-13 11:58:21.407  1902  1939 I ImeInsetsSourceProvider: ImeInsetsSourceProvider.scheduleShowImePostLayout() isReadyToShowIme.
10-13 11:58:21.410  2983  3075 D OneHandedController: stopOneHanded state is 0
10-13 11:58:21.413  1902  1902 W FillRequestEventLogger: Shouldn't be logging AutofillFillRequestReported again for same event
10-13 11:58:21.413  1902  1902 W FillResponseEventLogger: Shouldn't be logging AutofillFillRequestReported again for same event
10-13 11:58:21.413  1902 23161 I InputMethodManagerService: IMMS.applyImeVisibility(), setVisible = true, mCurclient = ClientState{d195a28 mUid=10390 mPid=11271 mSelfReportedDisplayId=0}
10-13 11:58:21.413  1902 23161 I WindowManager: WMS.showImePostLayout(), imeTarget = Window{6446786 u0 eu.europa.ec.euidi/eu.europa.ec.assemblylogic.ui.MainActivity}
10-13 11:58:21.413  1902  1902 D AutofillSession: clearPendingIntentLocked
10-13 11:58:21.415  1902  1939 I ImeInsetsSourceProvider: ImeInsetsSourceProvider.scheduleShowImePostLayout() Run showImeRunner.
10-13 11:58:21.416  1902  1939 I ImeInsetsSourceProvider: ImeInsetsSourceProvider.scheduleShowImePostLayout() isReadyToShowIme.
10-13 11:58:21.423  2983  3075 D OneHandedController: stopOneHanded state is 0
10-13 11:58:21.839  1902  2620 I SmartPower: com.android.chrome:sandboxed_process0:org.chromium.content.app.SandboxedProcessSerbackground->idle(5662ms) R(adj below visible) adj=700.
10-13 11:58:21.937  1556  1556 I wificond: station_bandwidth: 
10-13 11:58:22.052  1902  2304 D WindowManagerService: checkFlipFullScreenChange is same, nowIsFullScreen = false
10-13 11:58:22.057  1902  2304 W FillRequestEventLogger: Couldn't find packageName: com.google.android.inputmethod.latin
10-13 11:58:22.064  1902  2776 D AutofillSession: createPendingIntent for request 1572
10-13 11:58:22.065  1902  2776 D ContentCapturePerUserService: Notified activity assist data for activity: Token{7152577 ActivityRecord{e209e11 u0 eu.europa.ec.euidi/eu.europa.ec.assemblylogic.ui.MainActivity t764}} without a session Id
10-13 11:58:22.072  1902  2776 I InputMethodManagerService: IMMS.showCurrentInputLocked(), flags = 1
10-13 11:58:22.073  1902  2776 D SmartPower: com.google.android.inputmethod.latin/10196(22721): show input method
10-13 11:58:22.073  1902  2776 I DefaultImeVisibilityApplier: IMMS.showCurrentInputLocked request ims to show inputMethod.
10-13 11:58:22.077  1902 22704 W PackageConfigPersister: App-specific configuration not found for packageName: eu.europa.ec.euidi and userId: 0
10-13 11:58:22.085  1902 22704 I InputMethodManagerService: IMMS.showSoftInput(), client = com.android.internal.inputmethod.IInputMethodClient$Stub$Proxy@366fc7
10-13 11:58:22.085  1902 22704 I InputMethodManagerService: IMMS.showCurrentInputLocked(), flags = 0
10-13 11:58:22.085  1902 22704 D SmartPower: com.google.android.inputmethod.latin/10196(22721): show input method
10-13 11:58:22.085  1902 22704 I DefaultImeVisibilityApplier: IMMS.showCurrentInputLocked request ims to show inputMethod.
10-13 11:58:22.103  1902 22704 I InputMethodManagerService: IMMS.applyImeVisibility(), setVisible = true, mCurclient = ClientState{d195a28 mUid=10390 mPid=11271 mSelfReportedDisplayId=0}
10-13 11:58:22.103  1902 22704 I WindowManager: WMS.showImePostLayout(), imeTarget = Window{6446786 u0 eu.europa.ec.euidi/eu.europa.ec.assemblylogic.ui.MainActivity}
10-13 11:58:22.105  1902  1939 I ImeInsetsSourceProvider: ImeInsetsSourceProvider.scheduleShowImePostLayout() Run showImeRunner.
10-13 11:58:22.105  1902  1939 I ImeInsetsSourceProvider: ImeInsetsSourceProvider.scheduleShowImePostLayout() isReadyToShowIme.
10-13 11:58:22.110  1902 22706 I InputMethodManagerService: IMMS.applyImeVisibility(), setVisible = true, mCurclient = ClientState{d195a28 mUid=10390 mPid=11271 mSelfReportedDisplayId=0}
10-13 11:58:22.110  1902 22706 I WindowManager: WMS.showImePostLayout(), imeTarget = Window{6446786 u0 eu.europa.ec.euidi/eu.europa.ec.assemblylogic.ui.MainActivity}
10-13 11:58:22.111  2983  3075 D OneHandedController: stopOneHanded state is 0
10-13 11:58:22.112  1902  1939 I ImeInsetsSourceProvider: ImeInsetsSourceProvider.scheduleShowImePostLayout() Run showImeRunner.
10-13 11:58:22.112  1902  1939 I ImeInsetsSourceProvider: ImeInsetsSourceProvider.scheduleShowImePostLayout() isReadyToShowIme.
10-13 11:58:22.113  2983  3075 D OneHandedController: stopOneHanded state is 0
10-13 11:58:22.128  1902  1902 W FillRequestEventLogger: Shouldn't be logging AutofillFillRequestReported again for same event
10-13 11:58:22.128  1902  1902 W FillResponseEventLogger: Shouldn't be logging AutofillFillRequestReported again for same event
10-13 11:58:22.128  1902  1902 D AutofillSession: clearPendingIntentLocked
10-13 11:58:22.292  1902  2620 I SmartPower: com.google.android.adservices.api/10307(31554): background->idle(38641ms) R(adj below visible) adj=100.
10-13 11:58:22.744  1902  2304 D WindowManagerService: checkFlipFullScreenChange is same, nowIsFullScreen = false
10-13 11:58:22.748  1902  2304 W FillRequestEventLogger: Couldn't find packageName: com.google.android.inputmethod.latin
10-13 11:58:22.759  1902 22706 I InputMethodManagerService: IMMS.showCurrentInputLocked(), flags = 1
10-13 11:58:22.760  1902 22706 D SmartPower: com.google.android.inputmethod.latin/10196(22721): show input method
10-13 11:58:22.760  1902 22706 I DefaultImeVisibilityApplier: IMMS.showCurrentInputLocked request ims to show inputMethod.
10-13 11:58:22.762  1902  2304 W PackageConfigPersister: App-specific configuration not found for packageName: eu.europa.ec.euidi and userId: 0
10-13 11:58:22.767  1902 22706 D AutofillSession: createPendingIntent for request 1573
10-13 11:58:22.767  1902 22706 D ContentCapturePerUserService: Notified activity assist data for activity: Token{7152577 ActivityRecord{e209e11 u0 eu.europa.ec.euidi/eu.europa.ec.assemblylogic.ui.MainActivity t764}} without a session Id
10-13 11:58:22.772  1902 22706 I InputMethodManagerService: IMMS.showSoftInput(), client = com.android.internal.inputmethod.IInputMethodClient$Stub$Proxy@b00c2ea
10-13 11:58:22.772  1902 22706 I InputMethodManagerService: IMMS.showCurrentInputLocked(), flags = 0
10-13 11:58:22.773  1902 22706 D SmartPower: com.google.android.inputmethod.latin/10196(22721): show input method
10-13 11:58:22.773  1902 22706 I DefaultImeVisibilityApplier: IMMS.showCurrentInputLocked request ims to show inputMethod.
10-13 11:58:22.791  1902  2776 I InputMethodManagerService: IMMS.applyImeVisibility(), setVisible = true, mCurclient = ClientState{d195a28 mUid=10390 mPid=11271 mSelfReportedDisplayId=0}
10-13 11:58:22.791  1902  2776 I WindowManager: WMS.showImePostLayout(), imeTarget = Window{6446786 u0 eu.europa.ec.euidi/eu.europa.ec.assemblylogic.ui.MainActivity}
10-13 11:58:22.792  1902  1939 I ImeInsetsSourceProvider: ImeInsetsSourceProvider.scheduleShowImePostLayout() Run showImeRunner.
10-13 11:58:22.793  1902  1939 I ImeInsetsSourceProvider: ImeInsetsSourceProvider.scheduleShowImePostLayout() isReadyToShowIme.
10-13 11:58:22.796  2983  3075 D OneHandedController: stopOneHanded state is 0
10-13 11:58:22.798  1902  2776 I InputMethodManagerService: IMMS.applyImeVisibility(), setVisible = true, mCurclient = ClientState{d195a28 mUid=10390 mPid=11271 mSelfReportedDisplayId=0}
10-13 11:58:22.798  1902  2776 I WindowManager: WMS.showImePostLayout(), imeTarget = Window{6446786 u0 eu.europa.ec.euidi/eu.europa.ec.assemblylogic.ui.MainActivity}
10-13 11:58:22.801  1902  1939 I ImeInsetsSourceProvider: ImeInsetsSourceProvider.scheduleShowImePostLayout() Run showImeRunner.
10-13 11:58:22.801  1902  1939 I ImeInsetsSourceProvider: ImeInsetsSourceProvider.scheduleShowImePostLayout() isReadyToShowIme.
10-13 11:58:22.801  2983  3075 D OneHandedController: stopOneHanded state is 0
10-13 11:58:22.820  1902  1902 W FillRequestEventLogger: Shouldn't be logging AutofillFillRequestReported again for same event
10-13 11:58:22.820  1902  1902 W FillResponseEventLogger: Shouldn't be logging AutofillFillRequestReported again for same event
10-13 11:58:22.820  1902  1902 D AutofillSession: clearPendingIntentLocked
10-13 11:58:23.019  1902  2620 I SmartPower: com.google.android.gms/10175(13430): background->idle(72839ms) R(service end com.google.android.gms/.autofill.service.AutofillService) adj=250.
10-13 11:58:23.019  1902  2620 I SmartPower: com.android.chrome:sandboxed_process0:org.chromium.content.app.SandboxedProcessSerbackground->idle(39368ms) R(remove from whitelist) adj=200.
10-13 11:58:23.020  1902  2620 I SmartPower: com.android.chrome:sandboxed_process0:org.chromium.content.app.SandboxedProcessSerbackground->idle(39368ms) R(remove from whitelist) adj=200.
10-13 11:58:23.099  1902  2336 D AlarmManager: mBroadcastRefCount -> 1
10-13 11:58:23.104  1902  1902 D AlarmManager: mBroadcastRefCount -> 0
10-13 11:58:23.104  1902  1902 D AlarmManager: mPendingIntent -> PendingIntent{f5ab6b7: PendingIntentRecord{5d5be24 android broadcastIntent}}
10-13 11:58:23.421  1902  4160 D WindowManagerService: checkFlipFullScreenChange is same, nowIsFullScreen = false
10-13 11:58:23.537  1902  2776 I InputMethodManagerService: IMMS.applyImeVisibility(), setVisible = false, mCurclient = ClientState{d195a28 mUid=10390 mPid=11271 mSelfReportedDisplayId=0}
10-13 11:58:23.537  2983  3075 D MiuiFreeformModeController: avoidForInsetsBottomChangedIfNeed oldMoveableBottom: 2270 newMoveableBounds: 2270
10-13 11:58:23.537  2983  3075 D ImePositionProcessor: onImeVisibilityChanged     isShowing:  false
10-13 11:58:23.539  1902  1939 I WindowManager: input method visible height changed 0
10-13 11:58:23.540  1902  2338 I ITouchFeature: current device and process support version:2
10-13 11:58:23.547  2983  3075 D MiuiFreeformModeController: onImeVisibilityChanged imeVisible: false imeHeight: 0 adjustedForRotation:false
10-13 11:58:23.547  2983  3075 D MiuiFreeformModeAvoidAlgorithm: begin autoOrderingAvoidMiniTask
10-13 11:58:23.547  2983  3075 D MiuiFreeformModeAvoidAlgorithm: getCurrMiniPos: SameSideMiniPosList: []
10-13 11:58:23.547  2983  3075 D MiuiFreeformModeAvoidAlgorithm: getCurrMiniPos: SameSideMiniPosList: []
10-13 11:58:23.547  2983  3075 D MiuiFreeformModeAvoidAlgorithm: end autoOrderingAvoidMiniTask res:AvoidResult{distance=0, combination={}, activeTaskPos=Rect(0, 0 - 0, 0)}
10-13 11:58:23.552  1902  4160 W PackageConfigPersister: App-specific configuration not found for packageName: eu.europa.ec.euidi and userId: 0
10-13 11:58:23.572  1902  4160 D CoreBackPreview: Window{6446786 u0 eu.europa.ec.euidi/eu.europa.ec.assemblylogic.ui.MainActivity}: Setting back callback OnBackInvokedCallbackInfo{mCallback=android.window.IOnBackInvokedCallback$Stub$Proxy@36cb290, mPriority=0, mIsAnimationCallback=false}
10-13 11:58:24.083  1902  4160 I SmartPower: com.google.android.inputmethod.latin/10196(22721): visible->invisible(4850ms) R(become invisible) adj=100.
10-13 11:58:24.084  1902  4160 I SmartPower: com.google.android.inputmethod.latin/10196(22721): invisible->background(0ms) R(become background) adj=100.
10-13 11:58:24.084  1902  2620 I SmartPower: com.google.android.gms/10175(13430): idle->background(1065ms) R(add to whitelist) adj=250.
10-13 11:58:24.092  2983  3075 D MiuiFreeformModeController: avoidForInsetsBottomChangedIfNeed oldMoveableBottom: 2270 newMoveableBounds: 2270
10-13 11:58:24.102  2983  3075 D MiuiFreeformModeController: avoidForInsetsBottomChangedIfNeed oldMoveableBottom: 2270 newMoveableBounds: 2270
10-13 11:58:24.239  1902  2776 W MIUIInput: Input event injection from package: null action ACTION_DOWN
10-13 11:58:24.252  1902  2776 W MIUIInput: Input event injection from package: null action ACTION_UP
10-13 11:58:24.257  1902  2776 D PerfShielderService: eu.europa.ec.euidi|eu.europa.ec.euidi/eu.europa.ec.assemblylogic.ui.MainActivity|121|146531660177656|67|2|3
10-13 11:58:24.257 22071 21361 W MiuiPerfServiceClient: interceptAndQueuing:11271|eu.europa.ec.euidi|121|67|146531660177656|Slow handle animation|3
10-13 11:58:24.962  1556  1556 I wificond: station_bandwidth: 
10-13 11:58:25.041  1902  2776 W MIUIInput: Input event injection from package: null action ACTION_DOWN
10-13 11:58:25.048  1902  2776 W MIUIInput: Input event injection from package: null action ACTION_UP
10-13 11:58:25.833  1902  2776 W MIUIInput: Input event injection from package: null action ACTION_DOWN
10-13 11:58:25.842  1902 22706 D PerfShielderService: eu.europa.ec.euidi|eu.europa.ec.euidi/eu.europa.ec.assemblylogic.ui.MainActivity|176|146533425617733|159|5|4
10-13 11:58:25.842 22071 21361 W MiuiPerfServiceClient: interceptAndQueuing:11271|eu.europa.ec.euidi|176|159|146533425617733|Slow issue draw commands|4
10-13 11:58:25.903  1902  2776 W MIUIInput: Input event injection from package: null action ACTION_UP
10-13 11:58:26.229  1902 22706 W MIUIInput: Input event injection from package: null action ACTION_DOWN
10-13 11:58:26.232  1902 22706 W MIUIInput: Input event injection from package: null action ACTION_UP
10-13 11:58:26.244  1902 22706 D CompatibilityChangeReporter: Compat change id reported: 168419799; UID 10390; state: DISABLED
10-13 11:58:26.244  1902 22706 D CompatibilityChangeReporter: Compat change id reported: 273564678; UID 10390; state: DISABLED
10-13 11:58:26.247  1902 22706 W WindowManager: Changing focus from Window{6446786 u0 eu.europa.ec.euidi/eu.europa.ec.assemblylogic.ui.MainActivity} to Window{530f4f9 u0 eu.europa.ec.euidi/eu.europa.ec.assemblylogic.ui.MainActivity} displayId=0 Callers=com.android.server.wm.RootWindowContainer.updateFocusedWindowLocked:557 com.android.server.wm.WindowManagerService.updateFocusedWindowLocked:6962 com.android.server.wm.WindowManagerService.addWindow:2218 com.android.server.wm.Session.addToDisplayAsUser:231 
10-13 11:58:26.247  1902 22706 I WindowManager: cancelAnimation removed leash : Surface(name=Surface(name=81266ae StatusBar#86)/@0xb48dfdc - animation-leash of insets_animation#28284)/@0xe2b43d1
10-13 11:58:26.249  1902 22706 I WindowManager: cancelAnimation removed leash : Surface(name=Surface(name=db27a2 NavigationBar0#82)/@0xc1acbf0 - animation-leash of insets_animation#28290)/@0xc02c542
10-13 11:58:26.251  1902 22706 D WindowManager: wms.Input focus has changed to Window{530f4f9 u0 eu.europa.ec.euidi/eu.europa.ec.assemblylogic.ui.MainActivity} display=0 updateInputWindows = false
10-13 11:58:26.251  1902 22706 I MultiSenceManagerInternalStub: getInstance
10-13 11:58:26.252  1902  1939 D WindowManager: wms.Focus not requested for window=Window{530f4f9 u0 eu.europa.ec.euidi/eu.europa.ec.assemblylogic.ui.MainActivity} because it has no surface or is not focusable.
10-13 11:58:26.264  1902  2304 D CoreBackPreview: Window{530f4f9 u0 eu.europa.ec.euidi/eu.europa.ec.assemblylogic.ui.MainActivity}: Setting back callback OnBackInvokedCallbackInfo{mCallback=android.window.IOnBackInvokedCallback$Stub$Proxy@fc74a31, mPriority=0, mIsAnimationCallback=false}
10-13 11:58:26.285  1902 22706 W WindowManager: finishDrawingWindow: Window{530f4f9 u0 eu.europa.ec.euidi/eu.europa.ec.assemblylogic.ui.MainActivity} mDrawState=DRAW_PENDING
10-13 11:58:26.285  1902 22706 D WindowManager: wms.finishDrawingLocked: mDrawState=COMMIT_DRAW_PENDING Window{530f4f9 u0 eu.europa.ec.euidi/eu.europa.ec.assemblylogic.ui.MainActivity} in Surface(name=eu.europa.ec.euidi/eu.europa.ec.assemblylogic.ui.MainActivity#28294)/@0x3549884
10-13 11:58:26.287  1902  1939 W WindowManager: real show surface:Surface(name=eu.europa.ec.euidi/eu.europa.ec.assemblylogic.ui.MainActivity#28294)/@0x3549884
10-13 11:58:26.314  1902  2304 I WindowManager: cancelAnimation removed leash : Surface(name=Surface(name=6a76de5 InputMethod#123)/@0xf2bd99 - animation-leash of insets_animation#28288)/@0x938527d
10-13 11:58:26.315  1902 22706 W PackageConfigPersister: App-specific configuration not found for packageName: eu.europa.ec.euidi and userId: 0
10-13 11:58:26.783  1902  1938 W ProcessStats: Tracking association SourceState{b813b1d com.miui.securitycenter.remote/1000 Fgs #455111} whose proc state 3 is better than process ProcessState{3bbc40b com.miui.analytics/10101 pkg=com.miui.analytics} proc state 5 (256 skipped)
10-13 11:58:27.047  1902  2776 D CompatibilityChangeReporter: Compat change id reported: 261072174; UID 10190; state: ENABLED
10-13 11:58:27.085  1902  2620 I SmartPower: com.google.android.inputmethod.latin/10196(22721): background->idle(3002ms) R(become invisible) adj=100.
10-13 11:58:27.510  1902 22706 W MIUIInput: Input event injection from package: null action ACTION_DOWN
10-13 11:58:27.514  1902 22706 W MIUIInput: Input event injection from package: null action ACTION_UP
10-13 11:58:27.522   691 11379 E keystore2: system/security/keystore2/src/gc.rs:139 - Error trying to delete blob entry. system/security/keystore2/src/gc.rs:129: Trying to invalidate key.
10-13 11:58:27.522   691 11379 E keystore2: 
10-13 11:58:27.522   691 11379 E keystore2: Caused by:
10-13 11:58:27.522   691 11379 E keystore2:     0: system/security/keystore2/src/globals.rs:167: Trying to invalidate key blob.
10-13 11:58:27.522   691 11379 E keystore2:     1: Error::Km(r#UNIMPLEMENTED)
10-13 11:58:27.527  1902 22706 D CoreBackPreview: Window{530f4f9 u0 eu.europa.ec.euidi/eu.europa.ec.assemblylogic.ui.MainActivity}: Setting back callback null
10-13 11:58:27.531  1902  2304 D WindowManager: setParent old=ActivityRecord{e209e11 u0 eu.europa.ec.euidi/eu.europa.ec.assemblylogic.ui.MainActivity t764},new=null,this window=Window{530f4f9 u0 eu.europa.ec.euidi/eu.europa.ec.assemblylogic.ui.MainActivity},callers=com.android.server.wm.WindowContainer.removeChild:840 com.android.server.wm.ActivityRecord.removeChild:5227 com.android.server.wm.ActivityRecord.removeChild:470 com.android.server.wm.WindowContainer.removeImmediately:898 com.android.server.wm.WindowState.removeImmediately:2538 com.android.server.wm.WindowState.removeIfPossible:2719 
10-13 11:58:27.532  1902  2304 I WindowManager: cancelAnimation removed leash : Surface(name=Surface(name=6a76de5 InputMethod#123)/@0xf2bd99 - animation-leash of insets_animation#28295)/@0x1c4b8f0
10-13 11:58:27.534  1902  2304 W WindowManager: Changing focus from Window{530f4f9 u0 eu.europa.ec.euidi/eu.europa.ec.assemblylogic.ui.MainActivity} to Window{6446786 u0 eu.europa.ec.euidi/eu.europa.ec.assemblylogic.ui.MainActivity} displayId=0 Callers=com.android.server.wm.RootWindowContainer.updateFocusedWindowLocked:557 com.android.server.wm.WindowManagerService.updateFocusedWindowLocked:6962 com.android.server.wm.RootWindowContainer.performSurfacePlacementNoTrace:881 com.android.server.wm.RootWindowContainer.performSurfacePlacement:863 
10-13 11:58:27.534  1902  2304 I WindowManager: cancelAnimation removed leash : Surface(name=Surface(name=81266ae StatusBar#86)/@0xb48dfdc - animation-leash of insets_animation#28292)/@0x402e7b5
10-13 11:58:27.535  1902  2304 I WindowManager: cancelAnimation removed leash : Surface(name=Surface(name=db27a2 NavigationBar0#82)/@0xc1acbf0 - animation-leash of insets_animation#28293)/@0x2fa01bb
10-13 11:58:27.536  1902  2304 D WindowManager: wms.Input focus has changed to Window{6446786 u0 eu.europa.ec.euidi/eu.europa.ec.assemblylogic.ui.MainActivity} display=0 updateInputWindows = false
10-13 11:58:27.536  1902  2304 I MultiSenceManagerInternalStub: getInstance
10-13 11:58:27.553  1902  2304 D CompatibilityChangeReporter: Compat change id reported: 161145287; UID 10390; state: ENABLED
10-13 11:58:27.585  1902  2304 I WindowManager: cancelAnimation removed leash : Surface(name=Surface(name=6a76de5 InputMethod#123)/@0xf2bd99 - animation-leash of insets_animation#28296)/@0xc1b298f
10-13 11:58:27.586  1902  2304 W PackageConfigPersister: App-specific configuration not found for packageName: eu.europa.ec.euidi and userId: 0
10-13 11:58:27.728  1902  2304 D PerfShielderService: eu.europa.ec.euidi|eu.europa.ec.euidi/eu.europa.ec.assemblylogic.ui.MainActivity|88|146535700750964|33|2|5
10-13 11:58:27.728 22071 21361 W MiuiPerfServiceClient: interceptAndQueuing:11271|eu.europa.ec.euidi|88|33|146535700750964|Slow handle animation|5
10-13 11:58:27.983  1556  1556 I wificond: station_bandwidth: 
10-13 11:58:28.256  1902  2776 I PowerManagerServiceImpl: Release wakelock: SCREEN_DIM_WAKE_LOCK           'UiAutomator2:ScreenKeeper' DISABLED ACQ=-1m32s439ms (uid=10378 pid=10897 pkg=io.appium.uiautomator2.server)
10-13 11:58:28.356  1902  2776 I ActivityManager: Force stopping eu.europa.ec.euidi appid=10390 user=0: from process:11413
10-13 11:58:28.358  1902  2776 D CompatibilityChangeReporter: Compat change id reported: 197654537; UID 10390; state: ENABLED
10-13 11:58:28.358  1902  2776 D CompatibilityChangeReporter: Compat change id reported: 197654537; UID 10190; state: ENABLED
10-13 11:58:28.359  1902  2611 E ProcessManager: error write exception log
10-13 11:58:28.360  1902  2776 E ActivityManager: Unable to freeze binder for 11271: java.lang.RuntimeException: Unable to freeze/unfreeze binder
10-13 11:58:28.361  1902  2776 I ActivityManager: Killing 11271:eu.europa.ec.euidi/u0a390 (adj 0): stop eu.europa.ec.euidi due to from process:11413
10-13 11:58:28.362  1902  1936 D DisplayManagerService: Drop pending events for gone uid 10390
10-13 11:58:28.364  1902  2776 W ActivityTaskManager: Force removing ActivityRecord{e209e11 u0 eu.europa.ec.euidi/eu.europa.ec.assemblylogic.ui.MainActivity t764 f}}: app died, no saved state
10-13 11:58:28.364  1902  2776 D WindowManager: Requesting StartTransition: TransitionRecord{931b511 id=1670 type=CLOSE flags=0x0}
10-13 11:58:28.364  1902  2776 D WindowManager: Collecting in transition 1670: Task{632ab76 #764 type=standard A=10390:eu.europa.ec.euidi} init visibleRequested:true
10-13 11:58:28.365  1902  2776 D WindowManager: Collecting in transition 1670: ActivityRecord{e209e11 u0 eu.europa.ec.euidi/eu.europa.ec.assemblylogic.ui.MainActivity t764 f}} init visibleRequested:false
10-13 11:58:28.366  1902  2776 W WindowManager: Changing focus from Window{6446786 u0 eu.europa.ec.euidi/eu.europa.ec.assemblylogic.ui.MainActivity} to null displayId=0 Callers=com.android.server.wm.RootWindowContainer.updateFocusedWindowLocked:557 com.android.server.wm.WindowManagerService.updateFocusedWindowLocked:6962 com.android.server.wm.ActivityRecord.onRemovedFromDisplay:5154 com.android.server.wm.DisplayContent.removeAppToken:1757 
10-13 11:58:28.366  1902  2776 D WindowManager: wms.Input focus has changed to null display=0 updateInputWindows = true
10-13 11:58:28.366  1902  2776 I MultiSenceManagerInternalStub: getInstance
10-13 11:58:28.368  1902  2776 D WindowManager: Collecting in transition 1670: ActivityRecord{84f79ca u0 com.android.chrome/org.chromium.chrome.browser.ChromeTabbedActivity t756} init visibleRequested:false
10-13 11:58:28.369  1902  2776 I SmartPower: com.android.chrome:privileged_process0/10190(9726): idle->invisible(8351ms) R(become foreground) adj=700.
10-13 11:58:28.369  1902  2776 I SmartPower: com.android.chrome/10190(9617): idle->invisible(8351ms) R(become foreground) adj=700.
10-13 11:58:28.370  1902  2776 D WindowManager: Collecting in transition 1670: ActivityRecord{84f79ca u0 com.android.chrome/org.chromium.chrome.browser.ChromeTabbedActivity t756} init visibleRequested:true
10-13 11:58:28.374  1902  4160 D WindowManager: Set transition=TransitionRecord{931b511 id=1670 type=CLOSE flags=0x0}, ready=true, SyncId=1670 
10-13 11:58:28.375  2983  3075 D MiuiFullScreenTaskRepository: removeFocusedTask displayId=0
10-13 11:58:28.375  2983  3075 D MiuiFullScreenTaskRepository: addOrUpdateFullScreenTaskInfo taskId=764, topActivity=null
10-13 11:58:28.375  2983  3075 D MiuiFullScreenTaskRepository: addOrUpdateFullScreenTaskInfo taskId=756, topActivity=ComponentInfo{com.android.chrome/org.chromium.chrome.browser.ChromeTabbedActivity}
10-13 11:58:28.377  1902  1939 I BLASTSyncEngine: SyncGroup 1670:  Unfinished container:ActivityRecord{84f79ca u0 com.android.chrome/org.chromium.chrome.browser.ChromeTabbedActivity t756}
10-13 11:58:28.377  1902  1939 I BLASTSyncEngine: isActivitySyncFinished isSyncFinished false ActivityRecord{84f79ca u0 com.android.chrome/org.chromium.chrome.browser.ChromeTabbedActivity t756}
10-13 11:58:28.378  1902  1936 D Aurogon :  uid = 10190 switch to FG
10-13 11:58:28.383  1902  2776 D WindowManager: Set transition=TransitionRecord{931b511 id=1670 type=CLOSE flags=0x0}, ready=true, SyncId=1670 
10-13 11:58:28.384  1902  2776 I AppsFilter: interaction: PackageSetting{3102a1f com.android.microdroid.empty_payload/10336} -> PackageSetting{7eb914d eu.europa.ec.euidi/10390} BLOCKED
10-13 11:58:28.384  1902  2776 I AppsFilter: interaction: PackageSetting{4720335 io.appium.uiautomator2.server.test/10379} -> PackageSetting{7eb914d eu.europa.ec.euidi/10390} BLOCKED
10-13 11:58:28.384  1902  2776 I AppsFilter: interaction: PackageSetting{183b3ca com.fido.asm/10112} -> PackageSetting{7eb914d eu.europa.ec.euidi/10390} BLOCKED
10-13 11:58:28.384  1902  2776 I AppsFilter: interaction: PackageSetting{e17493b io.appium.uiautomator2.server/10378} -> PackageSetting{7eb914d eu.europa.ec.euidi/10390} BLOCKED
10-13 11:58:28.384  1902  2776 I AppsFilter: interaction: PackageSetting{6dc5858 io.appium.settings/10326} -> PackageSetting{7eb914d eu.europa.ec.euidi/10390} BLOCKED
10-13 11:58:28.385  1902  1936 E MBrainLocalService: MBrainJava launch failed: SecurityException
10-13 11:58:28.386  1902  2774 D CompatibilityChangeReporter: Compat change id reported: 161145287; UID 10190; state: ENABLED
10-13 11:58:28.400  1902 23161 D CoreBackPreview: Window{75116e2 u0 com.android.chrome/org.chromium.chrome.browser.ChromeTabbedActivity}: Setting back callback OnBackInvokedCallbackInfo{mCallback=android.window.IOnBackInvokedCallback$Stub$Proxy@5954c80, mPriority=0, mIsAnimationCallback=true}
10-13 11:58:28.403  1902  1918 I WindowManager: WIN DEATH: Window{6446786 u0 eu.europa.ec.euidi/eu.europa.ec.assemblylogic.ui.MainActivity}
10-13 11:58:28.406  1902  1918 I BLASTSyncEngine: SyncGroup 1670:  Unfinished container:ActivityRecord{84f79ca u0 com.android.chrome/org.chromium.chrome.browser.ChromeTabbedActivity t756}
10-13 11:58:28.406  1902  1918 I BLASTSyncEngine: isActivitySyncFinished isSyncFinished false ActivityRecord{84f79ca u0 com.android.chrome/org.chromium.chrome.browser.ChromeTabbedActivity t756}
10-13 11:58:28.417  1902  2323 D CompatibilityChangeReporter: Compat change id reported: 218533173; UID 10390; state: ENABLED
10-13 11:58:28.417  1902  2323 D CompatibilityChangeReporter: Compat change id reported: 262645982; UID 10390; state: ENABLED
10-13 11:58:28.468  2983  4706 D MiuiFreeformModeObserver: activityResumed() intent： Intent { cmp=com.android.chrome/org.chromium.chrome.browser.ChromeTabbedActivity (has extras) }
10-13 11:58:28.478  1902 23179 I BLASTSyncEngine: SyncGroup 1670:  Unfinished container:ActivityRecord{84f79ca u0 com.android.chrome/org.chromium.chrome.browser.ChromeTabbedActivity t756}
10-13 11:58:28.478  1902 23179 I BLASTSyncEngine: isActivitySyncFinished isSyncFinished false ActivityRecord{84f79ca u0 com.android.chrome/org.chromium.chrome.browser.ChromeTabbedActivity t756}
10-13 11:58:28.479  1902 23179 W WindowManager: Changing focus from null to Window{75116e2 u0 com.android.chrome/org.chromium.chrome.browser.ChromeTabbedActivity} displayId=0 Callers=com.android.server.wm.RootWindowContainer.updateFocusedWindowLocked:557 com.android.server.wm.WindowManagerService.updateFocusedWindowLocked:6962 com.android.server.wm.WindowManagerService.relayoutWindow:2951 com.android.server.wm.Session.relayout:266 
10-13 11:58:28.479  1902 23179 I WindowManager: cancelAnimation removed leash : Surface(name=Surface(name=81266ae StatusBar#86)/@0xb48dfdc - animation-leash of insets_animation#28297)/@0xc7e2825
10-13 11:58:28.481  1902 23179 I WindowManager: cancelAnimation removed leash : Surface(name=Surface(name=db27a2 NavigationBar0#82)/@0xc1acbf0 - animation-leash of insets_animation#28298)/@0x92acfab
10-13 11:58:28.482  1902 23179 D WindowManager: wms.Input focus has changed to Window{75116e2 u0 com.android.chrome/org.chromium.chrome.browser.ChromeTabbedActivity} display=0 updateInputWindows = true
10-13 11:58:28.482  1902 23179 I MultiSenceManagerInternalStub: getInstance
10-13 11:58:28.483  1902 23179 I WindowManager: Relayout Window{75116e2 u0 com.android.chrome/org.chromium.chrome.browser.ChromeTabbedActivity}: oldVis=8 newVis=0 focusMayChange = true requestedWidth = 1080 requestedHeight = 2400 outFrames = ClientWindowFrames{frame=[0,0][1080,2400] display=[0,0][1080,2400] parentFrame=[0,0][0,0]} outSurfaceControl = Surface(name=com.android.chrome/org.chromium.chrome.browser.ChromeTabbedActivity#28300)/@0x22b01e5
10-13 11:58:28.486  1902  1939 W WindowManager: Failed to deliver inset control state change to w=Window{6446786 u0 eu.europa.ec.euidi/eu.europa.ec.assemblylogic.ui.MainActivity EXITING}
10-13 11:58:28.486  1902  1939 W WindowManager: android.os.DeadObjectException
10-13 11:58:28.486  1902  1939 W WindowManager: 	at android.os.BinderProxy.transactNative(Native Method)
10-13 11:58:28.486  1902  1939 W WindowManager: 	at android.os.BinderProxy.transact(BinderProxy.java:639)
10-13 11:58:28.486  1902  1939 W WindowManager: 	at android.view.IWindow$Stub$Proxy.insetsControlChanged(IWindow.java:606)
10-13 11:58:28.486  1902  1939 W WindowManager: 	at com.android.server.wm.WindowState.notifyInsetsControlChanged(WindowState.java:4238)
10-13 11:58:28.486  1902  1939 W WindowManager: 	at com.android.server.wm.InsetsStateController.lambda$notifyPendingInsetsControlChanged$3(InsetsStateController.java:343)
10-13 11:58:28.486  1902  1939 W WindowManager: 	at com.android.server.wm.InsetsStateController.$r8$lambda$8yykPRG1GyNq_J17QvL9d5xANMc(Unknown Source:0)
10-13 11:58:28.486  1902  1939 W WindowManager: 	at com.android.server.wm.InsetsStateController$$ExternalSyntheticLambda2.run(Unknown Source:2)
10-13 11:58:28.486  1902  1939 W WindowManager: 	at com.android.server.wm.WindowAnimator.executeAfterPrepareSurfacesRunnables(WindowAnimator.java:309)
10-13 11:58:28.486  1902  1939 W WindowManager: 	at com.android.server.wm.WindowAnimator.animate(WindowAnimator.java:217)
10-13 11:58:28.486  1902  1939 W WindowManager: 	at com.android.server.wm.WindowAnimator.lambda$new$1(WindowAnimator.java:102)
10-13 11:58:28.486  1902  1939 W WindowManager: 	at com.android.server.wm.WindowAnimator.$r8$lambda$aHNu1uhcqxihX5NZc4McDDQPAyw(Unknown Source:0)
10-13 11:58:28.486  1902  1939 W WindowManager: 	at com.android.server.wm.WindowAnimator$$ExternalSyntheticLambda1.doFrame(Unknown Source:2)
10-13 11:58:28.486  1902  1939 W WindowManager: 	at android.view.Choreographer$CallbackRecord.run(Choreographer.java:1766)
10-13 11:58:28.486  1902  1939 W WindowManager: 	at android.view.Choreographer$CallbackRecord.run(Choreographer.java:1777)
10-13 11:58:28.486  1902  1939 W WindowManager: 	at android.view.Choreographer.doCallbacks(Choreographer.java:1247)
