10-09 16:47:34.389  2042  6991 I InputMethodManagerService: IMMS.showCurrentInputLocked(), flags = 0
10-09 16:47:34.389  2042  6991 D SmartPower: com.google.android.inputmethod.latin/10176(6431): show input method
10-09 16:47:34.389  2042  6991 I DefaultImeVisibilityApplier: IMMS.showCurrentInputLocked request ims to show inputMethod.
10-09 16:47:34.398  2042  4020 D ActivityManager: checkAllowBackground: uid=10163 pkg=com.google.android.gms rec=UidRecord{3efeecd u0a163 BTOP change:procadj procs:0 seq(897581,425084)} caps=LCMNFU always=false idle=false
10-09 16:47:34.413  2042  7000 I InputMethodManagerService: IMMS.applyImeVisibility(), setVisible = true, mCurclient = ClientState{c871337 mUid=10030 mPid=3719 mSelfReportedDisplayId=0}
10-09 16:47:34.414  2042  7000 I WindowManager: WMS.showImePostLayout(), imeTarget = Window{8941ce5 u0 eu.europa.ec.euidi/eu.europa.ec.assemblylogic.ui.MainActivity}
10-09 16:47:34.417  2042  7043 D CoreBackPreview: Window{8941ce5 u0 eu.europa.ec.euidi/eu.europa.ec.assemblylogic.ui.MainActivity}: Setting back callback OnBackInvokedCallbackInfo{mCallback=android.window.IOnBackInvokedCallback$Stub$Proxy@528c104, mPriority=0, mIsAnimationCallback=false}
10-09 16:47:34.424  4304  4484 D MiuiFreeformModeController: avoidForInsetsBottomChangedIfNeed oldMoveableBottom: 2270 newMoveableBounds: 2270
10-09 16:47:34.437  4304  4484 D MiuiFreeformModeController: avoidForInsetsBottomChangedIfNeed oldMoveableBottom: 2270 newMoveableBounds: 2270
10-09 16:47:34.440  2042  4781 I InputMethodManagerService: IMMS.applyImeVisibility(), setVisible = true, mCurclient = ClientState{c871337 mUid=10030 mPid=3719 mSelfReportedDisplayId=0}
10-09 16:47:34.441  2042  4781 I WindowManager: WMS.showImePostLayout(), imeTarget = Window{8941ce5 u0 eu.europa.ec.euidi/eu.europa.ec.assemblylogic.ui.MainActivity}
10-09 16:47:34.448  2042  6991 D WindowManager: wms.finishDrawingLocked: mDrawState=COMMIT_DRAW_PENDING Window{49d5fba u0 InputMethod} in Surface(name=InputMethod#10810)/@0x3f2e970
10-09 16:47:34.449  2042  2693 I ImeInsetsSourceProvider: ImeInsetsSourceProvider.scheduleShowImePostLayout() Run showImeRunner.
10-09 16:47:34.449  2042  2693 I ImeInsetsSourceProvider: ImeInsetsSourceProvider.scheduleShowImePostLayout() isReadyToShowIme.
10-09 16:47:34.456  4304  4484 D MiuiFreeformModeController: avoidForInsetsBottomChangedIfNeed oldMoveableBottom: 2270 newMoveableBounds: 2270
10-09 16:47:34.456  4304  4484 D ImePositionProcessor: onImeVisibilityChanged     isShowing:  true
10-09 16:47:34.456  2042  6991 I WindowManager: cancelAnimation removed leash : Surface(name=Surface(name=d968687 NavigationBar0#90)/@0x2f479dd - animation-leash of insets_animation#10806)/@0x9b69b5e
10-09 16:47:34.458  2042  7043 D ActivityManager: checkAllowBackground: uid=10163 pkg=com.google.android.gms rec=UidRecord{3efeecd u0a163 BTOP change:procadj procs:0 seq(897587,425084)} caps=LCMNFU always=false idle=false
10-09 16:47:34.458  2042  2693 I WindowManager: input method visible height changed 701
10-09 16:47:34.458  2042  3126 I ITouchFeature: current device and process support version:2
10-09 16:47:34.459  2042  2693 I WindowManager: wms.showSurfaceRobustly mWin:Window{49d5fba u0 InputMethod}
10-09 16:47:34.460  4304  4484 D MiuiFreeformModeController: onImeVisibilityChanged imeVisible: true imeHeight: 701 adjustedForRotation:false
10-09 16:47:34.460  4304  4484 D MiuiFreeformModeAvoidAlgorithm: begin autoOrderingAvoidMiniTask
10-09 16:47:34.460  4304  4484 D MiuiFreeformModeAvoidAlgorithm: getCurrMiniPos: SameSideMiniPosList: []
10-09 16:47:34.460  4304  4484 D MiuiFreeformModeAvoidAlgorithm: getCurrMiniPos: SameSideMiniPosList: []
10-09 16:47:34.460  4304  4484 D MiuiFreeformModeAvoidAlgorithm: end autoOrderingAvoidMiniTask res:AvoidResult{distance=0, combination={}, activeTaskPos=Rect(0, 0 - 0, 0)}
10-09 16:47:34.464  2042  7000 D PerfShielderService: eu.europa.ec.euidi|eu.europa.ec.euidi/eu.europa.ec.assemblylogic.ui.MainActivity|208|46263660920735|122|2|4
10-09 16:47:34.465  6649  7642 W MiuiPerfServiceClient: interceptAndQueuing:3719|eu.europa.ec.euidi|208|122|46263660920735|Slow handle animation|4
10-09 16:47:34.473  4304  4304 D ArtChoreographerMonitor: invoke error.
10-09 16:47:34.474  4304  4484 D OneHandedController: stopOneHanded state is 0
10-09 16:47:34.477  2042  6998 D ActivityManager: checkAllowBackground: uid=10163 pkg=com.google.android.gms rec=UidRecord{3efeecd u0a163 BTOP change:procadj procs:0 seq(897595,425084)} caps=LCMNFU always=false idle=false
10-09 16:47:34.490  2042  6998 D ActivityManager: checkAllowBackground: uid=10163 pkg=com.google.android.gms rec=UidRecord{3efeecd u0a163 BTOP change:procadj procs:0 seq(897601,425084)} caps=LCMNFU always=false idle=false
10-09 16:47:34.507  2042  6878 D ActivityManager: checkAllowBackground: uid=10163 pkg=com.google.android.gms rec=UidRecord{3efeecd u0a163 BTOP change:procadj procs:0 seq(897605,425084)} caps=LCMNFU always=false idle=false
10-09 16:47:34.531  2042  6878 D ActivityManager: checkAllowBackground: uid=10163 pkg=com.google.android.gms rec=UidRecord{3efeecd u0a163 BTOP change:procadj procs:0 seq(897609,425084)} caps=LCMNFU always=false idle=false
10-09 16:47:34.547  2042  6878 D ActivityManager: checkAllowBackground: uid=10163 pkg=com.google.android.gms rec=UidRecord{3efeecd u0a163 BTOP change:procadj procs:0 seq(897613,425084)} caps=LCMNFU always=false idle=false
10-09 16:47:34.550  2042  6878 D ActivityManager: checkAllowBackground: uid=10163 pkg=com.google.android.gms rec=UidRecord{3efeecd u0a163 BTOP change:procadj procs:0 seq(897613,425084)} caps=LCMNFU always=false idle=false
10-09 16:47:34.601  2042  2042 D UiModeManager: updateConfigurationLocked: mDockState=0; mCarMode=false; mCar=false; mPowerSave=false; mOverrideNightModeOn=false; mOverrideNightModeOff=false; mComputedNightMode=false; mNightMode=1; uiMode=17
10-09 16:47:34.653  4304  4304 D ArtChoreographerMonitor: invoke error.
10-09 16:47:34.813  2042  2042 D AutofillSession: Service did not request to wait for delayed fill response.
10-09 16:47:34.814  2042  6998 D ActivityManager: checkAllowBackground: uid=10163 pkg=com.google.android.gms rec=UidRecord{3efeecd u0a163 BTOP change:procadj procs:0 seq(897617,425084)} caps=LCMNFU always=false idle=false
10-09 16:47:34.845  2042  6998 W WindowManager: Requires INTERNAL_SYSTEM_WINDOW permission if assign type to input. New type will be 0.
10-09 16:47:34.851  2042  6998 W WindowManager: Cannot find window which accessibility connection is added to
10-09 16:47:35.096  2042  2787 I SmartPower: com.xiaomi.discover/10121(23492): idle->background(17187ms) R(broadcast start Intent { act=android.intent.action.BATTERY_CHANGED flg=0x60000010 (has extras) }) adj=905.
10-09 16:47:35.096  2042  2787 I SmartPower: com.miui.android.fashiongallery/10228(32611): idle->background(17186ms) R(broadcast start Intent { act=android.intent.action.BATTERY_CHANGED flg=0x60000010 (has extras) }) adj=915.
10-09 16:47:35.097  2042  2787 I SmartPower: com.facebook.appmanager/10138(27658): idle->background(17185ms) R(broadcast start Intent { act=android.intent.action.BATTERY_CHANGED flg=0x60000010 (has extras) }) adj=905.
10-09 16:47:35.097  2042  2787 I SmartPower: com.facebook.katana/10243(13231): idle->background(17184ms) R(broadcast start Intent { act=android.intent.action.BATTERY_CHANGED flg=0x60000010 (has extras) }) adj=905.
10-09 16:47:35.098  2042  2787 I SmartPower: com.google.android.apps.tachyon/10226(15532): idle->background(17185ms) R(broadcast start Intent { act=android.intent.action.BATTERY_CHANGED flg=0x60000010 (has extras) }) adj=965.
10-09 16:47:35.098  2042  2787 I SmartPower: com.microsoft.teams/10266(15546): idle->background(17185ms) R(broadcast start Intent { act=android.intent.action.BATTERY_CHANGED flg=0x60000010 (has extras) }) adj=900.
10-09 16:47:35.099  2042  2787 I SmartPower: com.google.android.apps.magazines/10234(19722): idle->background(17184ms) R(broadcast start Intent { act=android.intent.action.BATTERY_CHANGED flg=0x60000010 (has extras) }) adj=905.
10-09 16:47:35.132  2042  3524 I SmartPower: com.android.chrome:privileged_process0/10172(25887): background->idle(3000ms) R(become background) adj=700.
10-09 16:47:35.132  2042  3524 I SmartPower: com.android.chrome/10172(25786): background->idle(3000ms) R(become background) adj=700.
10-09 16:47:35.201  2042  3524 I SmartPower: com.android.chrome:sandboxed_process0:org.chromium.content.app.SandboxedProcessSerbackground->idle(34713ms) R(adj below visible) adj=700.
10-09 16:47:35.201  2042  3524 I SmartPower: com.android.chrome:sandboxed_process0:org.chromium.content.app.SandboxedProcessSerbackground->idle(34713ms) R(adj below visible) adj=700.
10-09 16:47:35.233  2042  3524 I SmartPower: com.android.chrome:sandboxed_process0:org.chromium.content.app.SandboxedProcessSerbackground->idle(34745ms) R(adj below visible) adj=700.
10-09 16:47:35.233  2042  3524 I SmartPower: com.android.chrome:sandboxed_process0:org.chromium.content.app.SandboxedProcessSerbackground->idle(34745ms) R(adj below visible) adj=700.
10-09 16:47:35.605  2042  6998 D WindowManagerService: checkFlipFullScreenChange is same, nowIsFullScreen = false
10-09 16:47:35.608  2042  6998 W PresentationStatsEventLogger: Shouldn't be logging AutofillPresentationEventReported again for same event
10-09 16:47:35.608  2042  6998 W FillRequestEventLogger: Couldn't find packageName: com.google.android.inputmethod.latin
10-09 16:47:35.619  2042  6998 D AutofillSession: createPendingIntent for request 839
10-09 16:47:35.619  2042  6998 D ContentCapturePerUserService: Notified activity assist data for activity: Token{f31fe87 ActivityRecord{c77cd08 u0 eu.europa.ec.euidi/eu.europa.ec.assemblylogic.ui.MainActivity t6582}} without a session Id
10-09 16:47:35.643  2042  6998 I InputMethodManagerService: IMMS.showCurrentInputLocked(), flags = 1
10-09 16:47:35.643  2042  6998 D SmartPower: com.google.android.inputmethod.latin/10176(6431): show input method
10-09 16:47:35.643  2042  6998 I DefaultImeVisibilityApplier: IMMS.showCurrentInputLocked request ims to show inputMethod.
10-09 16:47:35.646  2042  7043 D ActivityManager: checkAllowBackground: uid=10163 pkg=com.google.android.gms rec=UidRecord{3efeecd u0a163 BTOP change:procadj procs:0 seq(897621,425084)} caps=LCMNFU always=false idle=false
10-09 16:47:35.649  2042  6878 W PackageConfigPersister: App-specific configuration not found for packageName: eu.europa.ec.euidi and userId: 0
10-09 16:47:35.661  2042  6998 D ActivityManager: checkAllowBackground: uid=10163 pkg=com.google.android.gms rec=UidRecord{3efeecd u0a163 BTOP change:procadj procs:0 seq(897625,425084)} caps=LCMNFU always=false idle=false
10-09 16:47:35.670  2042  6878 I InputMethodManagerService: IMMS.showSoftInput(), client = com.android.internal.inputmethod.IInputMethodClient$Stub$Proxy@9df4c18
10-09 16:47:35.670  2042  6878 I InputMethodManagerService: IMMS.showCurrentInputLocked(), flags = 0
10-09 16:47:35.670  2042  6878 D SmartPower: com.google.android.inputmethod.latin/10176(6431): show input method
10-09 16:47:35.670  2042  6878 I DefaultImeVisibilityApplier: IMMS.showCurrentInputLocked request ims to show inputMethod.
10-09 16:47:35.694  2042  7043 I InputMethodManagerService: IMMS.applyImeVisibility(), setVisible = true, mCurclient = ClientState{c871337 mUid=10030 mPid=3719 mSelfReportedDisplayId=0}
10-09 16:47:35.694  2042  7043 I WindowManager: WMS.showImePostLayout(), imeTarget = Window{8941ce5 u0 eu.europa.ec.euidi/eu.europa.ec.assemblylogic.ui.MainActivity}
10-09 16:47:35.697  2042  2693 I ImeInsetsSourceProvider: ImeInsetsSourceProvider.scheduleShowImePostLayout() Run showImeRunner.
10-09 16:47:35.697  2042  2693 I ImeInsetsSourceProvider: ImeInsetsSourceProvider.scheduleShowImePostLayout() isReadyToShowIme.
10-09 16:47:35.701  2042  6998 D ActivityManager: checkAllowBackground: uid=10163 pkg=com.google.android.gms rec=UidRecord{3efeecd u0a163 BTOP change:procadj procs:0 seq(897629,425084)} caps=LCMNFU always=false idle=false
10-09 16:47:35.702  2042  7043 I InputMethodManagerService: IMMS.applyImeVisibility(), setVisible = true, mCurclient = ClientState{c871337 mUid=10030 mPid=3719 mSelfReportedDisplayId=0}
10-09 16:47:35.702  4304  4484 D OneHandedController: stopOneHanded state is 0
10-09 16:47:35.702  2042  7043 I WindowManager: WMS.showImePostLayout(), imeTarget = Window{8941ce5 u0 eu.europa.ec.euidi/eu.europa.ec.assemblylogic.ui.MainActivity}
10-09 16:47:35.704  2042  2693 I ImeInsetsSourceProvider: ImeInsetsSourceProvider.scheduleShowImePostLayout() Run showImeRunner.
10-09 16:47:35.704  2042  2693 I ImeInsetsSourceProvider: ImeInsetsSourceProvider.scheduleShowImePostLayout() isReadyToShowIme.
10-09 16:47:35.711  4304  4484 D OneHandedController: stopOneHanded state is 0
10-09 16:47:35.720  2042  6998 D ActivityManager: checkAllowBackground: uid=10163 pkg=com.google.android.gms rec=UidRecord{3efeecd u0a163 BTOP change:procadj procs:0 seq(897633,425084)} caps=LCMNFU always=false idle=false
10-09 16:47:35.725  2042  7043 D ActivityManager: checkAllowBackground: uid=10163 pkg=com.google.android.gms rec=UidRecord{3efeecd u0a163 BTOP change:procadj procs:0 seq(897635,425084)} caps=LCMNFU always=false idle=false
10-09 16:47:35.743  2042  7043 D ActivityManager: checkAllowBackground: uid=10163 pkg=com.google.android.gms rec=UidRecord{3efeecd u0a163 BTOP change:procadj procs:0 seq(897641,425084)} caps=LCMNFU always=false idle=false
10-09 16:47:35.763  2042  6878 D ActivityManager: checkAllowBackground: uid=10163 pkg=com.google.android.gms rec=UidRecord{3efeecd u0a163 BTOP change:procadj procs:0 seq(897645,425084)} caps=LCMNFU always=false idle=false
10-09 16:47:35.777  2042  6878 D ActivityManager: checkAllowBackground: uid=10163 pkg=com.google.android.gms rec=UidRecord{3efeecd u0a163 BTOP change:procadj procs:0 seq(897649,425084)} caps=LCMNFU always=false idle=false
10-09 16:47:35.828  2042  6878 W WindowManager: Cannot find window which accessibility connection is added to
10-09 16:47:35.829  2042  6878 W WindowManager: Failed looking up window session=Session{a1506bf 20547:u0a10213} callers=com.android.server.wm.WindowManagerService.windowForClientLocked:6851 com.android.server.wm.WindowManagerService.removeWindow:2423 com.android.server.wm.Session.remove:248 
10-09 16:47:36.047  2042  2042 W FillResponseEventLogger: FillResponseEventLogger is not empty before starting for a new request
10-09 16:47:36.047  2042  2042 D AutofillSession: Service did not request to wait for delayed fill response.
10-09 16:47:36.048  2042  6878 D ActivityManager: checkAllowBackground: uid=10163 pkg=com.google.android.gms rec=UidRecord{3efeecd u0a163 BTOP change:procadj procs:0 seq(897653,425084)} caps=LCMNFU always=false idle=false
10-09 16:47:36.306  2042  7043 D WindowManagerService: checkFlipFullScreenChange is same, nowIsFullScreen = false
10-09 16:47:36.309  2042  7043 W PresentationStatsEventLogger: Shouldn't be logging AutofillPresentationEventReported again for same event
10-09 16:47:36.309  2042  7043 W FillRequestEventLogger: Couldn't find packageName: com.google.android.inputmethod.latin
10-09 16:47:36.320  2042  7043 D AutofillSession: createPendingIntent for request 840
10-09 16:47:36.320  2042  7043 D ContentCapturePerUserService: Notified activity assist data for activity: Token{f31fe87 ActivityRecord{c77cd08 u0 eu.europa.ec.euidi/eu.europa.ec.assemblylogic.ui.MainActivity t6582}} without a session Id
10-09 16:47:36.334  2042  6878 D ActivityManager: checkAllowBackground: uid=10163 pkg=com.google.android.gms rec=UidRecord{3efeecd u0a163 BTOP change:procadj procs:0 seq(897659,425084)} caps=LCMNFU always=false idle=false
10-09 16:47:36.343  2042  7043 I InputMethodManagerService: IMMS.showCurrentInputLocked(), flags = 1
10-09 16:47:36.343  2042  7043 D SmartPower: com.google.android.inputmethod.latin/10176(6431): show input method
10-09 16:47:36.344  2042  7043 I DefaultImeVisibilityApplier: IMMS.showCurrentInputLocked request ims to show inputMethod.
10-09 16:47:36.346  2042  7043 W PackageConfigPersister: App-specific configuration not found for packageName: eu.europa.ec.euidi and userId: 0
10-09 16:47:36.357  2042  6878 D ActivityManager: checkAllowBackground: uid=10163 pkg=com.google.android.gms rec=UidRecord{3efeecd u0a163 BTOP change:procadj procs:0 seq(897663,425084)} caps=LCMNFU always=false idle=false
10-09 16:47:36.378  2042  6998 I InputMethodManagerService: IMMS.showSoftInput(), client = com.android.internal.inputmethod.IInputMethodClient$Stub$Proxy@cb147cf
10-09 16:47:36.378  2042  6998 I InputMethodManagerService: IMMS.showCurrentInputLocked(), flags = 0
10-09 16:47:36.378  2042  6998 D SmartPower: com.google.android.inputmethod.latin/10176(6431): show input method
10-09 16:47:36.378  2042  6998 I DefaultImeVisibilityApplier: IMMS.showCurrentInputLocked request ims to show inputMethod.
10-09 16:47:36.408  2042  6998 I InputMethodManagerService: IMMS.applyImeVisibility(), setVisible = true, mCurclient = ClientState{c871337 mUid=10030 mPid=3719 mSelfReportedDisplayId=0}
10-09 16:47:36.408  2042  6998 I WindowManager: WMS.showImePostLayout(), imeTarget = Window{8941ce5 u0 eu.europa.ec.euidi/eu.europa.ec.assemblylogic.ui.MainActivity}
10-09 16:47:36.408  2042  7043 D ActivityManager: checkAllowBackground: uid=10163 pkg=com.google.android.gms rec=UidRecord{3efeecd u0a163 BTOP change:procadj procs:0 seq(897667,425084)} caps=LCMNFU always=false idle=false
10-09 16:47:36.409  2042  2693 I ImeInsetsSourceProvider: ImeInsetsSourceProvider.scheduleShowImePostLayout() Run showImeRunner.
10-09 16:47:36.409  2042  2693 I ImeInsetsSourceProvider: ImeInsetsSourceProvider.scheduleShowImePostLayout() isReadyToShowIme.
10-09 16:47:36.413  4304  4484 D OneHandedController: stopOneHanded state is 0
10-09 16:47:36.418  2042  3095 I InputMethodManagerService: IMMS.applyImeVisibility(), setVisible = true, mCurclient = ClientState{c871337 mUid=10030 mPid=3719 mSelfReportedDisplayId=0}
10-09 16:47:36.418  2042  4781 D ActivityManager: checkAllowBackground: uid=10163 pkg=com.google.android.gms rec=UidRecord{3efeecd u0a163 BTOP change:procadj procs:0 seq(897671,425084)} caps=LCMNFU always=false idle=false
10-09 16:47:36.418  2042  3095 I WindowManager: WMS.showImePostLayout(), imeTarget = Window{8941ce5 u0 eu.europa.ec.euidi/eu.europa.ec.assemblylogic.ui.MainActivity}
10-09 16:47:36.419  2042  2693 I ImeInsetsSourceProvider: ImeInsetsSourceProvider.scheduleShowImePostLayout() Run showImeRunner.
10-09 16:47:36.419  2042  2693 I ImeInsetsSourceProvider: ImeInsetsSourceProvider.scheduleShowImePostLayout() isReadyToShowIme.
10-09 16:47:36.425  4304  4484 D OneHandedController: stopOneHanded state is 0
10-09 16:47:36.433  2042  6878 D ActivityManager: checkAllowBackground: uid=10163 pkg=com.google.android.gms rec=UidRecord{3efeecd u0a163 BTOP change:procadj procs:0 seq(897675,425084)} caps=LCMNFU always=false idle=false
10-09 16:47:36.463  2042  4781 D ActivityManager: checkAllowBackground: uid=10163 pkg=com.google.android.gms rec=UidRecord{3efeecd u0a163 BTOP change:procadj procs:0 seq(897679,425084)} caps=LCMNFU always=false idle=false
10-09 16:47:36.485  2042  3095 D ActivityManager: checkAllowBackground: uid=10163 pkg=com.google.android.gms rec=UidRecord{3efeecd u0a163 BTOP change:procadj procs:0 seq(897683,425084)} caps=LCMNFU always=false idle=false
10-09 16:47:36.498  2042  6878 D ActivityManager: checkAllowBackground: uid=10163 pkg=com.google.android.gms rec=UidRecord{3efeecd u0a163 BTOP change:procadj procs:0 seq(897687,425084)} caps=LCMNFU always=false idle=false
10-09 16:47:36.560  2183  2183 I wificond: station_bandwidth: P
10-09 16:47:36.562  4304  4304 D ArtChoreographerMonitor: invoke error.
10-09 16:47:36.736  4304  4304 D ArtChoreographerMonitor: invoke error.
10-09 16:47:36.770  2042  2042 W FillResponseEventLogger: FillResponseEventLogger is not empty before starting for a new request
10-09 16:47:36.770  2042  2042 D AutofillSession: Service did not request to wait for delayed fill response.
10-09 16:47:36.771  2042  6878 D ActivityManager: checkAllowBackground: uid=10163 pkg=com.google.android.gms rec=UidRecord{3efeecd u0a163 BTOP change:procadj procs:0 seq(897691,425084)} caps=LCMNFU always=false idle=false
10-09 16:47:37.092  2042  3095 D WindowManagerService: checkFlipFullScreenChange is same, nowIsFullScreen = false
10-09 16:47:37.094  2042  3095 W PresentationStatsEventLogger: Shouldn't be logging AutofillPresentationEventReported again for same event
10-09 16:47:37.095  2042  3095 W FillRequestEventLogger: Couldn't find packageName: com.google.android.inputmethod.latin
10-09 16:47:37.105  2042  3095 D AutofillSession: createPendingIntent for request 841
10-09 16:47:37.105  2042  3095 D ContentCapturePerUserService: Notified activity assist data for activity: Token{f31fe87 ActivityRecord{c77cd08 u0 eu.europa.ec.euidi/eu.europa.ec.assemblylogic.ui.MainActivity t6582}} without a session Id
10-09 16:47:37.121  2042  3095 D ActivityManager: checkAllowBackground: uid=10163 pkg=com.google.android.gms rec=UidRecord{3efeecd u0a163 BTOP change:procadj procs:0 seq(897695,425084)} caps=LCMNFU always=false idle=false
10-09 16:47:37.127  2042  3095 I InputMethodManagerService: IMMS.showCurrentInputLocked(), flags = 1
10-09 16:47:37.127  2042  3095 D SmartPower: com.google.android.inputmethod.latin/10176(6431): show input method
10-09 16:47:37.127  2042  3095 I DefaultImeVisibilityApplier: IMMS.showCurrentInputLocked request ims to show inputMethod.
10-09 16:47:37.132  2042  3095 W PackageConfigPersister: App-specific configuration not found for packageName: eu.europa.ec.euidi and userId: 0
10-09 16:47:37.141  2042  4781 D ActivityManager: checkAllowBackground: uid=10163 pkg=com.google.android.gms rec=UidRecord{3efeecd u0a163 BTOP change:procadj procs:0 seq(897699,425084)} caps=LCMNFU always=false idle=false
10-09 16:47:37.154  2042  6998 I InputMethodManagerService: IMMS.showSoftInput(), client = com.android.internal.inputmethod.IInputMethodClient$Stub$Proxy@a34d819
10-09 16:47:37.154  2042  6998 I InputMethodManagerService: IMMS.showCurrentInputLocked(), flags = 0
10-09 16:47:37.154  2042  6998 D SmartPower: com.google.android.inputmethod.latin/10176(6431): show input method
10-09 16:47:37.155  2042  6998 I DefaultImeVisibilityApplier: IMMS.showCurrentInputLocked request ims to show inputMethod.
10-09 16:47:37.181  2042  6998 D ActivityManager: checkAllowBackground: uid=10163 pkg=com.google.android.gms rec=UidRecord{3efeecd u0a163 BTOP change:procadj procs:0 seq(897703,425084)} caps=LCMNFU always=false idle=false
10-09 16:47:37.187  2042  6878 I InputMethodManagerService: IMMS.applyImeVisibility(), setVisible = true, mCurclient = ClientState{c871337 mUid=10030 mPid=3719 mSelfReportedDisplayId=0}
10-09 16:47:37.189  2042  6878 I WindowManager: WMS.showImePostLayout(), imeTarget = Window{8941ce5 u0 eu.europa.ec.euidi/eu.europa.ec.assemblylogic.ui.MainActivity}
10-09 16:47:37.197  2042  2693 I ImeInsetsSourceProvider: ImeInsetsSourceProvider.scheduleShowImePostLayout() Run showImeRunner.
10-09 16:47:37.197  2042  2693 I ImeInsetsSourceProvider: ImeInsetsSourceProvider.scheduleShowImePostLayout() isReadyToShowIme.
10-09 16:47:37.202  2042  6878 I InputMethodManagerService: IMMS.applyImeVisibility(), setVisible = true, mCurclient = ClientState{c871337 mUid=10030 mPid=3719 mSelfReportedDisplayId=0}
10-09 16:47:37.203  2042  6878 I WindowManager: WMS.showImePostLayout(), imeTarget = Window{8941ce5 u0 eu.europa.ec.euidi/eu.europa.ec.assemblylogic.ui.MainActivity}
10-09 16:47:37.203  4304  4484 D OneHandedController: stopOneHanded state is 0
10-09 16:47:37.204  2042  2693 I ImeInsetsSourceProvider: ImeInsetsSourceProvider.scheduleShowImePostLayout() Run showImeRunner.
10-09 16:47:37.204  2042  2693 I ImeInsetsSourceProvider: ImeInsetsSourceProvider.scheduleShowImePostLayout() isReadyToShowIme.
10-09 16:47:37.214  4304  4484 D OneHandedController: stopOneHanded state is 0
10-09 16:47:37.218  2042  7043 D ActivityManager: checkAllowBackground: uid=10163 pkg=com.google.android.gms rec=UidRecord{3efeecd u0a163 BTOP change:procadj procs:0 seq(897707,425084)} caps=LCMNFU always=false idle=false
10-09 16:47:37.252  2042  6991 D ActivityManager: checkAllowBackground: uid=10163 pkg=com.google.android.gms rec=UidRecord{3efeecd u0a163 BTOP change:procadj procs:0 seq(897711,425084)} caps=LCMNFU always=false idle=false
10-09 16:47:37.266  2042  7043 D ActivityManager: checkAllowBackground: uid=10163 pkg=com.google.android.gms rec=UidRecord{3efeecd u0a163 BTOP change:procadj procs:0 seq(897715,425084)} caps=LCMNFU always=false idle=false
10-09 16:47:37.281  2042  7043 D ActivityManager: checkAllowBackground: uid=10163 pkg=com.google.android.gms rec=UidRecord{3efeecd u0a163 BTOP change:procadj procs:0 seq(897719,425084)} caps=LCMNFU always=false idle=false
10-09 16:47:37.389  2042  3524 I SmartPower: com.google.android.adservices.api/10294(20677): background->idle(36901ms) R(adj below visible) adj=100.
10-09 16:47:37.556  2042  2042 W FillResponseEventLogger: FillResponseEventLogger is not empty before starting for a new request
10-09 16:47:37.556  2042  2042 D AutofillSession: Service did not request to wait for delayed fill response.
10-09 16:47:37.557  2042  7043 D ActivityManager: checkAllowBackground: uid=10163 pkg=com.google.android.gms rec=UidRecord{3efeecd u0a163 BTOP change:procadj procs:0 seq(897723,425084)} caps=LCMNFU always=false idle=false
10-09 16:47:37.802  2042  7043 D WindowManagerService: checkFlipFullScreenChange is same, nowIsFullScreen = false
10-09 16:47:37.805  2042  7043 W PresentationStatsEventLogger: Shouldn't be logging AutofillPresentationEventReported again for same event
10-09 16:47:37.805  2042  7043 W FillRequestEventLogger: Couldn't find packageName: com.google.android.inputmethod.latin
10-09 16:47:37.816  2042  7043 D AutofillSession: createPendingIntent for request 842
10-09 16:47:37.816  2042  7043 D ContentCapturePerUserService: Notified activity assist data for activity: Token{f31fe87 ActivityRecord{c77cd08 u0 eu.europa.ec.euidi/eu.europa.ec.assemblylogic.ui.MainActivity t6582}} without a session Id
10-09 16:47:37.825  2042  6991 D ActivityManager: checkAllowBackground: uid=10163 pkg=com.google.android.gms rec=UidRecord{3efeecd u0a163 BTOP change:procadj procs:0 seq(897727,425084)} caps=LCMNFU always=false idle=false
10-09 16:47:37.837  2042  6991 D ActivityManager: checkAllowBackground: uid=10163 pkg=com.google.android.gms rec=UidRecord{3efeecd u0a163 BTOP change:procadj procs:0 seq(897731,425084)} caps=LCMNFU always=false idle=false
10-09 16:47:37.837  2042  6878 I InputMethodManagerService: IMMS.showCurrentInputLocked(), flags = 1
10-09 16:47:37.838  2042  6878 D SmartPower: com.google.android.inputmethod.latin/10176(6431): show input method
10-09 16:47:37.838  2042  6878 I DefaultImeVisibilityApplier: IMMS.showCurrentInputLocked request ims to show inputMethod.
10-09 16:47:37.841  2042  6878 W PackageConfigPersister: App-specific configuration not found for packageName: eu.europa.ec.euidi and userId: 0
10-09 16:47:37.868  2042  6991 I InputMethodManagerService: IMMS.showSoftInput(), client = com.android.internal.inputmethod.IInputMethodClient$Stub$Proxy@b49d18d
10-09 16:47:37.868  2042  6991 I InputMethodManagerService: IMMS.showCurrentInputLocked(), flags = 0
10-09 16:47:37.868  2042  6991 D SmartPower: com.google.android.inputmethod.latin/10176(6431): show input method
10-09 16:47:37.868  2042  6991 I DefaultImeVisibilityApplier: IMMS.showCurrentInputLocked request ims to show inputMethod.
10-09 16:47:37.889  2042  6991 I InputMethodManagerService: IMMS.applyImeVisibility(), setVisible = true, mCurclient = ClientState{c871337 mUid=10030 mPid=3719 mSelfReportedDisplayId=0}
10-09 16:47:37.890  2042  6991 I WindowManager: WMS.showImePostLayout(), imeTarget = Window{8941ce5 u0 eu.europa.ec.euidi/eu.europa.ec.assemblylogic.ui.MainActivity}
10-09 16:47:37.892  2042  2693 I ImeInsetsSourceProvider: ImeInsetsSourceProvider.scheduleShowImePostLayout() Run showImeRunner.
10-09 16:47:37.892  2042  2693 I ImeInsetsSourceProvider: ImeInsetsSourceProvider.scheduleShowImePostLayout() isReadyToShowIme.
10-09 16:47:37.900  2042  6991 I InputMethodManagerService: IMMS.applyImeVisibility(), setVisible = true, mCurclient = ClientState{c871337 mUid=10030 mPid=3719 mSelfReportedDisplayId=0}
10-09 16:47:37.900  2042  6878 D ActivityManager: checkAllowBackground: uid=10163 pkg=com.google.android.gms rec=UidRecord{3efeecd u0a163 BTOP change:procadj procs:0 seq(897735,425084)} caps=LCMNFU always=false idle=false
10-09 16:47:37.904  4304  4484 D OneHandedController: stopOneHanded state is 0
10-09 16:47:37.904  2042  6991 I WindowManager: WMS.showImePostLayout(), imeTarget = Window{8941ce5 u0 eu.europa.ec.euidi/eu.europa.ec.assemblylogic.ui.MainActivity}
10-09 16:47:37.906  2042  2693 I ImeInsetsSourceProvider: ImeInsetsSourceProvider.scheduleShowImePostLayout() Run showImeRunner.
10-09 16:47:37.906  2042  2693 I ImeInsetsSourceProvider: ImeInsetsSourceProvider.scheduleShowImePostLayout() isReadyToShowIme.
10-09 16:47:37.911  2042  4020 D ActivityManager: checkAllowBackground: uid=10163 pkg=com.google.android.gms rec=UidRecord{3efeecd u0a163 BTOP change:procadj procs:0 seq(897739,425084)} caps=LCMNFU always=false idle=false
10-09 16:47:37.912  4304  4484 D OneHandedController: stopOneHanded state is 0
10-09 16:47:37.913  2042  6991 D ActivityManager: checkAllowBackground: uid=10163 pkg=com.google.android.gms rec=UidRecord{3efeecd u0a163 BTOP change:procadj procs:0 seq(897741,425084)} caps=LCMNFU always=false idle=false
10-09 16:47:37.947  2042  6991 D ActivityManager: checkAllowBackground: uid=10163 pkg=com.google.android.gms rec=UidRecord{3efeecd u0a163 BTOP change:procadj procs:0 seq(897747,425084)} caps=LCMNFU always=false idle=false
10-09 16:47:37.969  2042  4020 D ActivityManager: checkAllowBackground: uid=10163 pkg=com.google.android.gms rec=UidRecord{3efeecd u0a163 BTOP change:procadj procs:0 seq(897751,425084)} caps=LCMNFU always=false idle=false
10-09 16:47:37.983  2042  4020 D ActivityManager: checkAllowBackground: uid=10163 pkg=com.google.android.gms rec=UidRecord{3efeecd u0a163 BTOP change:procadj procs:0 seq(897755,425084)} caps=LCMNFU always=false idle=false
10-09 16:47:38.097  2042  3524 I SmartPower: com.xiaomi.discover/10121(23492): background->idle(3000ms) R(broadcast start Intent { act=android.intent.action.BATTERY_CHANGED flg=0x60000010 (has extras) }) adj=905.
10-09 16:47:38.097  2042  3524 I SmartPower: com.miui.android.fashiongallery/10228(32611): background->idle(3000ms) R(broadcast start Intent { act=android.intent.action.BATTERY_CHANGED flg=0x60000010 (has extras) }) adj=915.
10-09 16:47:38.097  2042  3524 I SmartPower: com.facebook.appmanager/10138(27658): background->idle(3001ms) R(broadcast start Intent { act=android.intent.action.BATTERY_CHANGED flg=0x60000010 (has extras) }) adj=905.
10-09 16:47:38.097  2042  3524 I SmartPower: com.facebook.katana/10243(13231): background->idle(3001ms) R(broadcast start Intent { act=android.intent.action.BATTERY_CHANGED flg=0x60000010 (has extras) }) adj=905.
10-09 16:47:38.097  2042  3524 I SmartPower: com.google.android.apps.tachyon/10226(15532): background->idle(3000ms) R(broadcast start Intent { act=android.intent.action.BATTERY_CHANGED flg=0x60000010 (has extras) }) adj=965.
10-09 16:47:38.099  2042  3524 I SmartPower: com.microsoft.teams/10266(15546): background->idle(3001ms) R(broadcast start Intent { act=android.intent.action.BATTERY_CHANGED flg=0x60000010 (has extras) }) adj=900.
10-09 16:47:38.099  2042  3524 I SmartPower: com.google.android.apps.magazines/10234(19722): background->idle(3000ms) R(broadcast start Intent { act=android.intent.action.BATTERY_CHANGED flg=0x60000010 (has extras) }) adj=905.
10-09 16:47:38.133  2042  3524 I SmartPower: com.android.chrome:sandboxed_process0:org.chromium.content.app.SandboxedProcessSerbackground->idle(37646ms) R(remove from whitelist) adj=910.
10-09 16:47:38.133  2042  3524 I SmartPower: com.android.chrome:sandboxed_process0:org.chromium.content.app.SandboxedProcessSerbackground->idle(37646ms) R(remove from whitelist) adj=900.
10-09 16:47:38.251  2042  2042 W FillResponseEventLogger: FillResponseEventLogger is not empty before starting for a new request
10-09 16:47:38.252  2042  2042 D AutofillSession: Service did not request to wait for delayed fill response.
10-09 16:47:38.253  2042  6991 D ActivityManager: checkAllowBackground: uid=10163 pkg=com.google.android.gms rec=UidRecord{3efeecd u0a163 BTOP change:procadj procs:0 seq(897759,425084)} caps=LCMNFU always=false idle=false
10-09 16:47:38.516  2042  6998 D WindowManagerService: checkFlipFullScreenChange is same, nowIsFullScreen = false
10-09 16:47:38.520  2042  6998 W PresentationStatsEventLogger: Shouldn't be logging AutofillPresentationEventReported again for same event
10-09 16:47:38.521  2042  6998 W FillRequestEventLogger: Couldn't find packageName: com.google.android.inputmethod.latin
10-09 16:47:38.532  2042  6998 D AutofillSession: createPendingIntent for request 843
10-09 16:47:38.533  2042  6998 D ContentCapturePerUserService: Notified activity assist data for activity: Token{f31fe87 ActivityRecord{c77cd08 u0 eu.europa.ec.euidi/eu.europa.ec.assemblylogic.ui.MainActivity t6582}} without a session Id
10-09 16:47:38.546  2042  6998 D ActivityManager: checkAllowBackground: uid=10163 pkg=com.google.android.gms rec=UidRecord{3efeecd u0a163 FGS  change:procstateprocadj procs:0 seq(897765,425084)} caps=LCMNFU always=false idle=false
10-09 16:47:38.554  2042  4020 I InputMethodManagerService: IMMS.showCurrentInputLocked(), flags = 1
10-09 16:47:38.554  2042  6878 D ActivityManager: checkAllowBackground: uid=10163 pkg=com.google.android.gms rec=UidRecord{3efeecd u0a163 FGS  change:procadj procs:0 seq(897769,425084)} caps=LCMNFU always=false idle=false
10-09 16:47:38.555  2042  4020 D SmartPower: com.google.android.inputmethod.latin/10176(6431): show input method
10-09 16:47:38.555  2042  4020 I DefaultImeVisibilityApplier: IMMS.showCurrentInputLocked request ims to show inputMethod.
10-09 16:47:38.558  2042  7043 W PackageConfigPersister: App-specific configuration not found for packageName: eu.europa.ec.euidi and userId: 0
10-09 16:47:38.578  2042  7043 I InputMethodManagerService: IMMS.showSoftInput(), client = com.android.internal.inputmethod.IInputMethodClient$Stub$Proxy@cbcada8
10-09 16:47:38.578  2042  7043 I InputMethodManagerService: IMMS.showCurrentInputLocked(), flags = 0
10-09 16:47:38.578  2042  7043 D SmartPower: com.google.android.inputmethod.latin/10176(6431): show input method
10-09 16:47:38.579  2042  7043 I DefaultImeVisibilityApplier: IMMS.showCurrentInputLocked request ims to show inputMethod.
10-09 16:47:38.614  2042  7043 I InputMethodManagerService: IMMS.applyImeVisibility(), setVisible = true, mCurclient = ClientState{c871337 mUid=10030 mPid=3719 mSelfReportedDisplayId=0}
10-09 16:47:38.615  2042  7043 I WindowManager: WMS.showImePostLayout(), imeTarget = Window{8941ce5 u0 eu.europa.ec.euidi/eu.europa.ec.assemblylogic.ui.MainActivity}
10-09 16:47:38.615  2042  6878 D ActivityManager: checkAllowBackground: uid=10163 pkg=com.google.android.gms rec=UidRecord{3efeecd u0a163 FGS  change:procadj procs:0 seq(897773,425084)} caps=LCMNFU always=false idle=false
10-09 16:47:38.618  2042  2693 I ImeInsetsSourceProvider: ImeInsetsSourceProvider.scheduleShowImePostLayout() Run showImeRunner.
10-09 16:47:38.618  2042  2693 I ImeInsetsSourceProvider: ImeInsetsSourceProvider.scheduleShowImePostLayout() isReadyToShowIme.
10-09 16:47:38.622  2042  7043 D ActivityManager: checkAllowBackground: uid=10163 pkg=com.google.android.gms rec=UidRecord{3efeecd u0a163 FGS  change:procadj procs:0 seq(897775,425084)} caps=LCMNFU always=false idle=false
10-09 16:47:38.623  2042  6998 I InputMethodManagerService: IMMS.applyImeVisibility(), setVisible = true, mCurclient = ClientState{c871337 mUid=10030 mPid=3719 mSelfReportedDisplayId=0}
10-09 16:47:38.623  2042  6998 I WindowManager: WMS.showImePostLayout(), imeTarget = Window{8941ce5 u0 eu.europa.ec.euidi/eu.europa.ec.assemblylogic.ui.MainActivity}
10-09 16:47:38.626  4304  4484 D OneHandedController: stopOneHanded state is 0
10-09 16:47:38.627  2042  2693 I ImeInsetsSourceProvider: ImeInsetsSourceProvider.scheduleShowImePostLayout() Run showImeRunner.
10-09 16:47:38.627  2042  2693 I ImeInsetsSourceProvider: ImeInsetsSourceProvider.scheduleShowImePostLayout() isReadyToShowIme.
10-09 16:47:38.633  4304  4484 D OneHandedController: stopOneHanded state is 0
10-09 16:47:38.634  2042  7043 D ActivityManager: checkAllowBackground: uid=10163 pkg=com.google.android.gms rec=UidRecord{3efeecd u0a163 FGS  change:procadj procs:0 seq(897781,425084)} caps=LCMNFU always=false idle=false
10-09 16:47:38.660  2042  7043 D ActivityManager: checkAllowBackground: uid=10163 pkg=com.google.android.gms rec=UidRecord{3efeecd u0a163 FGS  change:procadj procs:0 seq(897785,425084)} caps=LCMNFU always=false idle=false
10-09 16:47:38.678  2042  3095 D ActivityManager: checkAllowBackground: uid=10163 pkg=com.google.android.gms rec=UidRecord{3efeecd u0a163 FGS  change:procadj procs:0 seq(897789,425084)} caps=LCMNFU always=false idle=false
10-09 16:47:38.690  2042  7043 D ActivityManager: checkAllowBackground: uid=10163 pkg=com.google.android.gms rec=UidRecord{3efeecd u0a163 FGS  change:procadj procs:0 seq(897793,425084)} caps=LCMNFU always=false idle=false
10-09 16:47:38.967  2042  2042 W FillResponseEventLogger: FillResponseEventLogger is not empty before starting for a new request
10-09 16:47:38.967  2042  2042 D AutofillSession: Service did not request to wait for delayed fill response.
10-09 16:47:38.969  2042  7043 D ActivityManager: checkAllowBackground: uid=10163 pkg=com.google.android.gms rec=UidRecord{3efeecd u0a163 FGS  change:procadj procs:0 seq(897797,425084)} caps=LCMNFU always=false idle=false
10-09 16:47:38.975  2042  2042 D UiModeManager: updateConfigurationLocked: mDockState=0; mCarMode=false; mCar=false; mPowerSave=false; mOverrideNightModeOn=false; mOverrideNightModeOff=false; mComputedNightMode=false; mNightMode=1; uiMode=17
10-09 16:47:39.225  2042  6991 D WindowManagerService: checkFlipFullScreenChange is same, nowIsFullScreen = false
10-09 16:47:39.278  2042  6991 D CompatibilityChangeReporter: Compat change id reported: 161145287; UID 10030; state: ENABLED
10-09 16:47:39.427  4304  4484 D MiuiFreeformModeController: avoidForInsetsBottomChangedIfNeed oldMoveableBottom: 2270 newMoveableBounds: 2270
10-09 16:47:39.427  4304  4484 D ImePositionProcessor: onImeVisibilityChanged     isShowing:  false
10-09 16:47:39.431  4304  4484 D MiuiFreeformModeController: onImeVisibilityChanged imeVisible: false imeHeight: 0 adjustedForRotation:false
10-09 16:47:39.431  4304  4484 D MiuiFreeformModeAvoidAlgorithm: begin autoOrderingAvoidMiniTask
10-09 16:47:39.431  4304  4484 D MiuiFreeformModeAvoidAlgorithm: getCurrMiniPos: SameSideMiniPosList: []
10-09 16:47:39.431  4304  4484 D MiuiFreeformModeAvoidAlgorithm: getCurrMiniPos: SameSideMiniPosList: []
10-09 16:47:39.431  4304  4484 D MiuiFreeformModeAvoidAlgorithm: end autoOrderingAvoidMiniTask res:AvoidResult{distance=0, combination={}, activeTaskPos=Rect(0, 0 - 0, 0)}
10-09 16:47:39.432  2042  2693 I WindowManager: input method visible height changed 0
10-09 16:47:39.432  2042  3126 I ITouchFeature: current device and process support version:2
10-09 16:47:39.444  2042  8104 W PackageConfigPersister: App-specific configuration not found for packageName: eu.europa.ec.euidi and userId: 0
10-09 16:47:39.446  2042  6878 I InputMethodManagerService: IMMS.applyImeVisibility(), setVisible = false, mCurclient = ClientState{c871337 mUid=10030 mPid=3719 mSelfReportedDisplayId=0}
10-09 16:47:39.447  4304  4304 D ArtChoreographerMonitor: invoke error.
10-09 16:47:39.467  2042  3095 D CoreBackPreview: Window{8941ce5 u0 eu.europa.ec.euidi/eu.europa.ec.assemblylogic.ui.MainActivity}: Setting back callback OnBackInvokedCallbackInfo{mCallback=android.window.IOnBackInvokedCallback$Stub$Proxy@94ad0d8, mPriority=0, mIsAnimationCallback=false}
10-09 16:47:39.480  2042  2787 I SmartPower: com.android.chrome/10172(25786): idle->background(4348ms) R(broadcast start Intent { act=android.intent.action.BATTERY_CHANGED flg=0x60000010 (has extras) }) adj=700.
10-09 16:47:39.571  2183  2183 I wificond: station_bandwidth: P
10-09 16:47:39.620  4304  4304 D ArtChoreographerMonitor: invoke error.
10-09 16:47:39.971  2042  3095 I SmartPower: com.google.android.inputmethod.latin/10176(6431): visible->invisible(5616ms) R(become invisible) adj=100.
10-09 16:47:39.972  2042  3095 I SmartPower: com.google.android.inputmethod.latin/10176(6431): invisible->background(0ms) R(become background) adj=100.
10-09 16:47:39.974  4304  4484 D MiuiFreeformModeController: avoidForInsetsBottomChangedIfNeed oldMoveableBottom: 2270 newMoveableBounds: 2270
10-09 16:47:39.979  4304  4484 D MiuiFreeformModeController: avoidForInsetsBottomChangedIfNeed oldMoveableBottom: 2270 newMoveableBounds: 2270
10-09 16:47:40.307  2042  3095 W MIUIInput: Input event injection from package: null action ACTION_DOWN
10-09 16:47:40.315  2042  3095 W MIUIInput: Input event injection from package: null action ACTION_UP
10-09 16:47:40.330  2042  3095 D PerfShielderService: eu.europa.ec.euidi|eu.europa.ec.euidi/eu.europa.ec.assemblylogic.ui.MainActivity|207|46268726865785|108|2|4
10-09 16:47:40.330  6649  7642 W MiuiPerfServiceClient: interceptAndQueuing:3719|eu.europa.ec.euidi|207|108|46268726865785|Slow handle animation|4
10-09 16:47:41.051  2042  6998 W MIUIInput: Input event injection from package: null action ACTION_DOWN
10-09 16:47:41.056  2042  6998 W MIUIInput: Input event injection from package: null action ACTION_UP
10-09 16:47:42.174  2042  3095 D CompatibilityChangeReporter: Compat change id reported: 261072174; UID 10172; state: ENABLED
10-09 16:47:42.481  2042  3524 I SmartPower: com.android.chrome/10172(25786): background->idle(3001ms) R(broadcast start Intent { act=android.intent.action.BATTERY_CHANGED flg=0x60000010 (has extras) }) adj=700.
10-09 16:47:42.574  2042  2702 D HeapUsage Monitor: HeapAllocSize : 99MB; monitorSize : 500MB
10-09 16:47:42.581  2183  2183 I wificond: station_bandwidth: P
10-09 16:47:42.584  4304  4304 D ArtChoreographerMonitor: invoke error.
10-09 16:47:42.756  4304  4304 D ArtChoreographerMonitor: invoke error.
10-09 16:47:42.972  2042  3524 I SmartPower: com.google.android.inputmethod.latin/10176(6431): background->idle(3000ms) R(become background) adj=100.
10-09 16:47:43.459  2042  2802 I ExtM    : runFlush  interval less than FLUSH_INTERVAL_LIMIT, skip flush
10-09 16:47:45.591  2183  2183 I wificond: station_bandwidth: P
10-09 16:47:45.593  4304  4304 D ArtChoreographerMonitor: invoke error.
10-09 16:47:45.767  4304  4304 D ArtChoreographerMonitor: invoke error.
10-09 16:47:47.212  2042  6998 W ProcessStats: Tracking association SourceState{d7e2e86 com.google.android.gms.persistent/10163 Fgs #125125} whose proc state 3 is better than process ProcessState{77bc03 com.google.android.gms/10163 pkg=com.google.android.gms} proc state 4 (398 skipped)
10-09 16:47:48.602  2183  2183 I wificond: station_bandwidth: P
10-09 16:47:51.612  2183  2183 I wificond: station_bandwidth: P
10-09 16:47:51.644   702  3654 I keystore2: system/security/keystore2/src/watchdog.rs:319 - Watchdog thread idle -> terminating. Have a great day.
10-09 16:47:53.934  2042  3110 D CompatibilityChangeReporter: Compat change id reported: 218533173; UID 10030; state: ENABLED
10-09 16:47:53.934  2042  3110 D CompatibilityChangeReporter: Compat change id reported: 262645982; UID 10030; state: ENABLED
10-09 16:47:54.377  4304  4304 D ArtChoreographerMonitor: invoke error.
10-09 16:47:54.553  4304  4304 D ArtChoreographerMonitor: invoke error.
10-09 16:47:54.621  2183  2183 I wificond: station_bandwidth: P
10-09 16:47:57.631  2183  2183 I wificond: station_bandwidth: P
10-09 16:48:00.000  2042  3123 D ActivityManager: checkAllowBackground: uid=1000 pkg=android rec=UidRecord{b77cac0 1000 PER  fgServices change:procadj procs:0 seq(897996,448524)} caps=LCMNFU always=false idle=false
10-09 16:48:00.001  2042  3123 D AlarmManager: mBroadcastRefCount -> 1
10-09 16:48:00.002  2042  2042 D AlarmManager: mBroadcastRefCount -> 0
10-09 16:48:00.002  2042  2042 D AlarmManager: mPendingIntent -> null
10-09 16:48:00.002  4304  4304 D ArtChoreographerMonitor: invoke error.
10-09 16:48:00.192  4304  4304 D ArtChoreographerMonitor: invoke error.
10-09 16:48:00.642  2183  2183 I wificond: station_bandwidth: P
10-09 16:48:00.653  4304  4304 D ArtChoreographerMonitor: invoke error.
10-09 16:48:00.663  2042  7043 W ProcessStats: Tracking association SourceState{d7e2e86 com.google.android.gms.persistent/10163 Fgs #125132} whose proc state 3 is better than process ProcessState{77bc03 com.google.android.gms/10163 pkg=com.google.android.gms} proc state 4 (20 skipped)
10-09 16:48:00.664  2042  7043 I SmartPower: com.google.android.apps.messaging/10165(21061): idle->background(63241ms) R(content provider start ContentProviderRecord{178367 u0 com.google.android.apps.messaging/.shared.datamodel.provider.sharedstorage.SharedStorageProvider}) adj=200.
10-09 16:48:00.826  4304  4304 D ArtChoreographerMonitor: invoke error.
10-09 16:48:02.233  2042  3123 D AlarmManager: mBroadcastRefCount -> 1
10-09 16:48:02.237  2042  2075 D ActivityManager: checkAllowBackground: uid=1000 pkg=android rec=UidRecord{b77cac0 1000 PER  fgServices allowlist change:procadj procs:0 seq(898113,448524)} caps=LCMNFU always=false idle=false
10-09 16:48:02.237  2042  2042 D AlarmManager: mBroadcastRefCount -> 0
10-09 16:48:02.237  2042  2042 D AlarmManager: mPendingIntent -> PendingIntent{659bd1f: PendingIntentRecord{cf286c android broadcastIntent}}
10-09 16:48:03.654  2183  2183 I wificond: station_bandwidth: P
10-09 16:48:03.665  2042  3524 I SmartPower: com.google.android.apps.messaging/10165(21061): background->idle(3001ms) R(content provider start ContentProviderRecord{178367 u0 com.google.android.apps.messaging/.shared.datamodel.provider.sharedstorage.SharedStorageProvider}) adj=200.
10-09 16:48:06.663  2183  2183 I wificond: station_bandwidth: P
10-09 16:48:06.664  4304  4304 D ArtChoreographerMonitor: invoke error.
10-09 16:48:06.834  4304  4304 D ArtChoreographerMonitor: invoke error.
10-09 16:48:09.673  2183  2183 I wificond: station_bandwidth: P
10-09 16:48:09.677  4304  4304 D ArtChoreographerMonitor: invoke error.
10-09 16:48:09.690  2042  7043 I SmartPower: com.google.android.apps.messaging/10165(21061): idle->background(6026ms) R(content provider start ContentProviderRecord{178367 u0 com.google.android.apps.messaging/.shared.datamodel.provider.sharedstorage.SharedStorageProvider}) adj=200.
10-09 16:48:09.865  4304  4304 D ArtChoreographerMonitor: invoke error.
10-09 16:48:12.238  2042  3110 W ProcessStats: Tracking association SourceState{3682bb3 com.miui.analytics/10093 BFgs #125136} whose proc state 4 is better than process ProcessState{6688729 com.miui.securitycenter.remote/1000 pkg=com.miui.securitycenter} proc state 9 (32 skipped)
10-09 16:48:12.575  2042  2702 D HeapUsage Monitor: HeapAllocSize : 105MB; monitorSize : 500MB
10-09 16:48:12.683  2183  2183 I wificond: station_bandwidth: P
10-09 16:48:12.687  4304  4304 D ArtChoreographerMonitor: invoke error.
10-09 16:48:12.691  2042  3524 I SmartPower: com.google.android.apps.messaging/10165(21061): background->idle(3001ms) R(content provider start ContentProviderRecord{178367 u0 com.google.android.apps.messaging/.shared.datamodel.provider.sharedstorage.SharedStorageProvider}) adj=200.
10-09 16:48:12.870  4304  4304 D ArtChoreographerMonitor: invoke error.
10-09 16:48:15.693  2183  2183 I wificond: station_bandwidth: P
10-09 16:48:15.703  4304  4304 D ArtChoreographerMonitor: invoke error.
10-09 16:48:15.711  2042  4020 I SmartPower: com.google.android.apps.messaging/10165(21061): idle->background(3019ms) R(content provider start ContentProviderRecord{178367 u0 com.google.android.apps.messaging/.shared.datamodel.provider.sharedstorage.SharedStorageProvider}) adj=200.
10-09 16:48:15.876  4304  4304 D ArtChoreographerMonitor: invoke error.
10-09 16:48:18.704  2183  2183 I wificond: station_bandwidth: P
10-09 16:48:18.713  2042  3524 I SmartPower: com.google.android.apps.messaging/10165(21061): background->idle(3002ms) R(content provider start ContentProviderRecord{178367 u0 com.google.android.apps.messaging/.shared.datamodel.provider.sharedstorage.SharedStorageProvider}) adj=200.
10-09 16:48:21.714  2183  2183 I wificond: station_bandwidth: P
10-09 16:48:23.912  4304  4304 D ArtChoreographerMonitor: invoke error.
10-09 16:48:24.085  4304  4304 D ArtChoreographerMonitor: invoke error.
10-09 16:48:24.719  2183  2183 I wificond: station_bandwidth: P
10-09 16:48:27.728  2183  2183 I wificond: station_bandwidth: P
10-09 16:48:30.580  2042  2042 D UiModeManager: updateConfigurationLocked: mDockState=0; mCarMode=false; mCar=false; mPowerSave=false; mOverrideNightModeOn=false; mOverrideNightModeOff=false; mComputedNightMode=false; mNightMode=1; uiMode=17
10-09 16:48:30.737  2183  2183 I wificond: station_bandwidth: P
10-09 16:48:30.740  4304  4304 D ArtChoreographerMonitor: invoke error.
10-09 16:48:30.754  2042  3095 W ProcessStats: Tracking association SourceState{d7e2e86 com.google.android.gms.persistent/10163 Fgs #125140} whose proc state 3 is better than process ProcessState{77bc03 com.google.android.gms/10163 pkg=com.google.android.gms} proc state 4 (26 skipped)
10-09 16:48:30.755  2042  3095 I SmartPower: com.google.android.apps.messaging/10165(21061): idle->background(12042ms) R(content provider start ContentProviderRecord{178367 u0 com.google.android.apps.messaging/.shared.datamodel.provider.sharedstorage.SharedStorageProvider}) adj=200.
