10-09 16:28:59.305  2042  2787 I SmartPower: com.facebook.appmanager/10138(27658): idle->background(7008ms) R(broadcast start Intent { act=android.intent.action.BATTERY_CHANGED flg=0x60000010 (has extras) }) adj=905.
10-09 16:28:59.305  2042  2787 I SmartPower: com.facebook.katana/10243(13231): idle->background(7009ms) R(broadcast start Intent { act=android.intent.action.BATTERY_CHANGED flg=0x60000010 (has extras) }) adj=905.
10-09 16:28:59.306  2042  2787 I SmartPower: com.google.android.apps.tachyon/10226(15532): idle->background(7009ms) R(broadcast start Intent { act=android.intent.action.BATTERY_CHANGED flg=0x60000010 (has extras) }) adj=965.
10-09 16:28:59.306  2042  2787 I SmartPower: com.microsoft.teams/10266(15546): idle->background(7009ms) R(broadcast start Intent { act=android.intent.action.BATTERY_CHANGED flg=0x60000010 (has extras) }) adj=900.
10-09 16:28:59.307  2042  2787 I SmartPower: com.google.android.apps.magazines/10234(19722): idle->background(7010ms) R(broadcast start Intent { act=android.intent.action.BATTERY_CHANGED flg=0x60000010 (has extras) }) adj=905.
10-09 16:28:59.769  2183  2183 I wificond: station_bandwidth: P
10-09 16:28:59.771  4304  4304 D ArtChoreographerMonitor: invoke error.
10-09 16:28:59.944  4304  4304 D ArtChoreographerMonitor: invoke error.
10-09 16:29:00.000  2042  3123 D ActivityManager: checkAllowBackground: uid=1000 pkg=android rec=UidRecord{b77cac0 1000 PER  fgServices change:procadj procs:0 seq(880811,448524)} caps=LCMNFU always=false idle=false
10-09 16:29:00.000  2042  3123 D AlarmManager: mBroadcastRefCount -> 1
10-09 16:29:00.003  4304  4304 D ArtChoreographerMonitor: invoke error.
10-09 16:29:00.003  2042  2042 D AlarmManager: mBroadcastRefCount -> 0
10-09 16:29:00.003  2042  2042 D AlarmManager: mPendingIntent -> null
10-09 16:29:00.034  2042  2802 I ExtM    : reportMemPressure: 1, start flush
10-09 16:29:00.076  2042  3997 E ExtM    : can_flush_idle_pages:29512 flush_number_adjust: 5000
10-09 16:29:00.076  2042  3997 D MFZ     : Report MEM_PRESSURE_LOW!  Flush Level is: 10 Need Flush: 5000 pages 
10-09 16:29:00.118  2042  3997 D MFZ     : before Flush idle_stats: 2745 68 50 2539 1667 5069 8400 509 59 29512
10-09 16:29:00.118  2042  3997 W ExtM    : Flush thread start , 5000 pages need to flush
10-09 16:29:00.118   674 31977 D vold    : flush task started
10-09 16:29:00.122 31978 31978 D vold    :  flush Pid = 31978
10-09 16:29:00.123 31978 31978 D vold    : set cpu affinity policy success
10-09 16:29:00.186  4304  4304 D ArtChoreographerMonitor: invoke error.
10-09 16:29:00.201  2042  2042 D UiModeManager: updateConfigurationLocked: mDockState=0; mCarMode=false; mCar=false; mPowerSave=false; mOverrideNightModeOn=false; mOverrideNightModeOff=false; mComputedNightMode=false; mNightMode=1; uiMode=17
10-09 16:29:00.352  2042  3110 W ProcessStats: Tracking association SourceState{1b0dd2c com.android.vending/10164 ImpBg #123380} whose proc state 6 is better than process ProcessState{d60be6a com.android.vending:background/10164 pkg=com.android.vending} proc state 14 (23 skipped)
10-09 16:29:00.517  2042  3123 D AlarmManager: mBroadcastRefCount -> 1
10-09 16:29:00.520  2042  2042 I ExtM    : mark duration up to 2m , try to mark.
10-09 16:29:00.520  2042  2042 D MFZ     : Start Mark
10-09 16:29:00.520  2042  3997 D ExtM    : Start marking ...
10-09 16:29:00.520  2042  3997 W ExtM    : Mark thread start 
10-09 16:29:00.522   674 31979 D vold    : mark task started
10-09 16:29:00.526 31980 31980 D vold    :  mark Pid = 31980
10-09 16:29:00.526 31980 31980 D vold    : set cpu affinity policy success
10-09 16:29:00.565  2042  2042 D MFZ     : Mark Finshed ! idle_stats: 2745 68 50 2539 1667 5069 8400 509 59 26704
10-09 16:29:00.565  2042  2042 D ActivityManager: checkAllowBackground: uid=1000 pkg=android rec=UidRecord{b77cac0 1000 PER  fgServices allowlist change:procadj procs:0 seq(880993,448524)} caps=LCMNFU always=false idle=false
10-09 16:29:00.566  2042  2042 D AlarmManager: mBroadcastRefCount -> 0
10-09 16:29:00.566  2042  2042 D AlarmManager: mPendingIntent -> PendingIntent{95e02b8: PendingIntentRecord{c46edf android broadcastIntent}}
10-09 16:29:00.618 31980 31980 D vold    :  success write all > /sys/block/zram0/idle
10-09 16:29:00.784 31978 31978 D vold    :  success write idle > /sys/block/zram0/writeback
10-09 16:29:01.025   674 31979 D vold    : mark process has been finished in normal with status: 0
10-09 16:29:01.025   674 31979 D vold    :  listener->onFinished 
10-09 16:29:01.025  2042  7000 W ExtM    : Mark finished with status: 0
10-09 16:29:01.122   674 31977 D vold    : flush process has been finished in normal with status: 0
10-09 16:29:01.122   674 31977 D vold    :  listener->onFinished 
10-09 16:29:01.122  2042  7000 W ExtM    : Flush finished with status: 0
10-09 16:29:01.164  2042  7000 D MFZ     : Flush finished! After Flush idle_stats: 9965 2745 68 50 2539 1667 5069 8400 509 24571
10-09 16:29:01.164  2042  7000 D MFZ     : Flush finished! After Flush bd_stats:    51775      559    55000
10-09 16:29:01.164  2042  7000 D MFZ     : Flush finished! After Flush zramFreeKb: 3149992KB
10-09 16:29:01.165  2042  7000 I ExtM    : 5000(19 m) pages flushed
10-09 16:29:01.165  2042  7000 I ExtM    : After flushing
10-09 16:29:01.165  2042  7000 I ExtM    : Total stat:
10-09 16:29:01.165  2042  7000 I ExtM    :   total marked 0(0 m), total flushed 55000(214 m)
10-09 16:29:01.165  2042  7000 I ExtM    :   wb stat:    51775      559    55000
10-09 16:29:01.165  2042  7000 I ExtM    :   mm stat: 3190202368 817530400 869896192        0 1047769088    40692   584795     9580    55585    26274     5712
10-09 16:29:02.129  2042  3123 D AlarmManager: mBroadcastRefCount -> 1
10-09 16:29:02.132  2042  2075 D ActivityManager: checkAllowBackground: uid=1000 pkg=android rec=UidRecord{b77cac0 1000 PER  fgServices allowlist change:procadj procs:0 seq(880993,448524)} caps=LCMNFU always=false idle=false
10-09 16:29:02.132  2042  2042 D AlarmManager: mBroadcastRefCount -> 0
10-09 16:29:02.132  2042  2042 D AlarmManager: mPendingIntent -> PendingIntent{659bd1f: PendingIntentRecord{cf286c android broadcastIntent}}
10-09 16:29:02.305  2042  3524 I SmartPower: com.xiaomi.discover/10121(23492): background->idle(3001ms) R(broadcast start Intent { act=android.intent.action.BATTERY_CHANGED flg=0x60000010 (has extras) }) adj=905.
10-09 16:29:02.305  2042  3524 I SmartPower: com.miui.android.fashiongallery/10228(32611): background->idle(3001ms) R(broadcast start Intent { act=android.intent.action.BATTERY_CHANGED flg=0x60000010 (has extras) }) adj=935.
10-09 16:29:02.306  2042  3524 I SmartPower: com.facebook.appmanager/10138(27658): background->idle(3001ms) R(broadcast start Intent { act=android.intent.action.BATTERY_CHANGED flg=0x60000010 (has extras) }) adj=905.
10-09 16:29:02.306  2042  3524 I SmartPower: com.facebook.katana/10243(13231): background->idle(3000ms) R(broadcast start Intent { act=android.intent.action.BATTERY_CHANGED flg=0x60000010 (has extras) }) adj=905.
10-09 16:29:02.306  2042  3524 I SmartPower: com.google.android.apps.tachyon/10226(15532): background->idle(3000ms) R(broadcast start Intent { act=android.intent.action.BATTERY_CHANGED flg=0x60000010 (has extras) }) adj=965.
10-09 16:29:02.307  2042  3524 I SmartPower: com.microsoft.teams/10266(15546): background->idle(3001ms) R(broadcast start Intent { act=android.intent.action.BATTERY_CHANGED flg=0x60000010 (has extras) }) adj=900.
10-09 16:29:02.307  2042  3524 I SmartPower: com.google.android.apps.magazines/10234(19722): background->idle(3000ms) R(broadcast start Intent { act=android.intent.action.BATTERY_CHANGED flg=0x60000010 (has extras) }) adj=905.
10-09 16:29:02.780  2183  2183 I wificond: station_bandwidth: P
10-09 16:29:02.782  4304  4304 D ArtChoreographerMonitor: invoke error.
10-09 16:29:02.952  4304  4304 D ArtChoreographerMonitor: invoke error.
10-09 16:29:03.817  2042  2042 D UiModeManager: updateConfigurationLocked: mDockState=0; mCarMode=false; mCar=false; mPowerSave=false; mOverrideNightModeOn=false; mOverrideNightModeOff=false; mComputedNightMode=false; mNightMode=1; uiMode=17
10-09 16:29:04.315  2042  2787 I SmartPower: com.xiaomi.discover/10121(23492): idle->background(2009ms) R(broadcast start Intent { act=android.intent.action.BATTERY_CHANGED flg=0x60000010 (has extras) }) adj=905.
10-09 16:29:04.315  2042  2787 I SmartPower: com.miui.android.fashiongallery/10228(32611): idle->background(2009ms) R(broadcast start Intent { act=android.intent.action.BATTERY_CHANGED flg=0x60000010 (has extras) }) adj=935.
10-09 16:29:04.315  2042  2787 I SmartPower: com.facebook.appmanager/10138(27658): idle->background(2009ms) R(broadcast start Intent { act=android.intent.action.BATTERY_CHANGED flg=0x60000010 (has extras) }) adj=905.
10-09 16:29:04.315  2042  2787 I SmartPower: com.facebook.katana/10243(13231): idle->background(2010ms) R(broadcast start Intent { act=android.intent.action.BATTERY_CHANGED flg=0x60000010 (has extras) }) adj=905.
10-09 16:29:04.316  2042  2787 I SmartPower: com.google.android.apps.tachyon/10226(15532): idle->background(2010ms) R(broadcast start Intent { act=android.intent.action.BATTERY_CHANGED flg=0x60000010 (has extras) }) adj=965.
10-09 16:29:04.317  2042  2787 I SmartPower: com.microsoft.teams/10266(15546): idle->background(2010ms) R(broadcast start Intent { act=android.intent.action.BATTERY_CHANGED flg=0x60000010 (has extras) }) adj=900.
10-09 16:29:04.318  2042  2787 I SmartPower: com.google.android.apps.magazines/10234(19722): idle->background(2011ms) R(broadcast start Intent { act=android.intent.action.BATTERY_CHANGED flg=0x60000010 (has extras) }) adj=905.
10-09 16:29:05.256  2042  6982 D ActivityManager: checkAllowBackground: uid=10165 pkg=com.google.android.apps.messaging rec=UidRecord{2d425da u0a165 BFGS change:procadj procs:0 seq(880948,269118)} caps=---NFU always=false idle=false
10-09 16:29:05.280  2042  6982 D ActivityManager: checkAllowBackground: uid=10165 pkg=com.google.android.apps.messaging rec=UidRecord{2d425da u0a165 BFGS change:procadj procs:0 seq(880948,269118)} caps=---NFU always=false idle=false
10-09 16:29:05.300  2042  6982 D ActivityManager: checkAllowBackground: uid=10165 pkg=com.google.android.apps.messaging rec=UidRecord{2d425da u0a165 BFGS change:procadj procs:0 seq(880948,269118)} caps=---NFU always=false idle=false
10-09 16:29:05.321  2042  6982 D ActivityManager: checkAllowBackground: uid=10165 pkg=com.google.android.apps.messaging rec=UidRecord{2d425da u0a165 BFGS change:procadj procs:0 seq(880948,269118)} caps=---NFU always=false idle=false
10-09 16:29:05.791  2183  2183 I wificond: station_bandwidth: P
10-09 16:29:07.348  2042  3524 I SmartPower: com.xiaomi.discover/10121(23492): background->idle(3033ms) R(broadcast start Intent { act=android.intent.action.BATTERY_CHANGED flg=0x60000010 (has extras) }) adj=905.
10-09 16:29:07.348  2042  3524 I SmartPower: com.miui.android.fashiongallery/10228(32611): background->idle(3033ms) R(broadcast start Intent { act=android.intent.action.BATTERY_CHANGED flg=0x60000010 (has extras) }) adj=935.
10-09 16:29:07.348  2042  3524 I SmartPower: com.facebook.appmanager/10138(27658): background->idle(3033ms) R(broadcast start Intent { act=android.intent.action.BATTERY_CHANGED flg=0x60000010 (has extras) }) adj=905.
10-09 16:29:07.348  2042  3524 I SmartPower: com.facebook.katana/10243(13231): background->idle(3032ms) R(broadcast start Intent { act=android.intent.action.BATTERY_CHANGED flg=0x60000010 (has extras) }) adj=905.
10-09 16:29:07.348  2042  3524 I SmartPower: com.google.android.apps.tachyon/10226(15532): background->idle(3033ms) R(broadcast start Intent { act=android.intent.action.BATTERY_CHANGED flg=0x60000010 (has extras) }) adj=965.
10-09 16:29:07.348  2042  3524 I SmartPower: com.microsoft.teams/10266(15546): background->idle(3032ms) R(broadcast start Intent { act=android.intent.action.BATTERY_CHANGED flg=0x60000010 (has extras) }) adj=900.
10-09 16:29:07.348  2042  3524 I SmartPower: com.google.android.apps.magazines/10234(19722): background->idle(3031ms) R(broadcast start Intent { act=android.intent.action.BATTERY_CHANGED flg=0x60000010 (has extras) }) adj=905.
10-09 16:29:08.802  2183  2183 I wificond: station_bandwidth: P
10-09 16:29:08.804  4304  4304 D ArtChoreographerMonitor: invoke error.
10-09 16:29:08.832  2042  2074 D ActivityManager: checkAllowBackground: uid=1000 pkg=android rec=UidRecord{b77cac0 1000 PER  fgServices allowlist change:procadj procs:0 seq(880993,448524)} caps=LCMNFU always=false idle=false
10-09 16:29:08.832  2042  2074 D ActivityManager: checkAllowBackground: uid=1000 pkg=android rec=UidRecord{b77cac0 1000 PER  fgServices allowlist change:procadj procs:0 seq(880993,448524)} caps=LCMNFU always=false idle=false
10-09 16:29:08.832  2042  3095 I SmartPower: com.google.android.apps.messaging/10165(21061): idle->background(466542ms) R(content provider start ContentProviderRecord{178367 u0 com.google.android.apps.messaging/.shared.datamodel.provider.sharedstorage.SharedStorageProvider}) adj=200.
10-09 16:29:08.833  2042  3123 D ActivityManager: checkAllowBackground: uid=1000 pkg=com.miui.misightservice rec=UidRecord{b77cac0 1000 PER  fgServices allowlist change:procadj procs:0 seq(880993,448524)} caps=LCMNFU always=false idle=false
10-09 16:29:08.837  2042  3123 D AlarmManager: mBroadcastRefCount -> 1
10-09 16:29:08.844  2042  3123 D AlarmManager: mBroadcastRefCount -> 2
10-09 16:29:08.844  2042  3123 D AlarmManager: mBroadcastRefCount -> 3
10-09 16:29:08.845  2042  2042 D AlarmManager: mBroadcastRefCount -> 2
10-09 16:29:08.845  2042  2042 D AlarmManager: mPendingIntent -> PendingIntent{6c37920: PendingIntentRecord{109f2fe com.miui.misightservice startService}}
10-09 16:29:08.845  2042  2042 D AlarmManager: mBroadcastRefCount -> 1
10-09 16:29:08.845  2042  2042 D AlarmManager: mPendingIntent -> PendingIntent{38308e7: PendingIntentRecord{65c281b com.miui.securitycenter startService}}
10-09 16:29:08.845  2042  2042 D AlarmManager: mBroadcastRefCount -> 0
10-09 16:29:08.845  2042  2042 D AlarmManager: mPendingIntent -> null
10-09 16:29:08.846  2042  2074 D ActivityManager: checkAllowBackground: uid=1000 pkg=android rec=UidRecord{b77cac0 1000 PER  fgServices allowlist change:procadj procs:0 seq(881004,448524)} caps=LCMNFU always=false idle=false
10-09 16:29:08.847  2042  4772 D ActivityManager: checkAllowBackground: uid=1000 pkg=com.miui.securitycenter rec=UidRecord{b77cac0 1000 PER  fgServices allowlist change:procadj procs:0 seq(881004,448524)} caps=LCMNFU always=false idle=false
10-09 16:29:08.991  4304  4304 D ArtChoreographerMonitor: invoke error.
10-09 16:29:09.008  2042  2042 D UiModeManager: updateConfigurationLocked: mDockState=0; mCarMode=false; mCar=false; mPowerSave=false; mOverrideNightModeOn=false; mOverrideNightModeOff=false; mComputedNightMode=false; mNightMode=1; uiMode=17
10-09 16:29:09.506  2042  2787 I SmartPower: com.xiaomi.discover/10121(23492): idle->background(2158ms) R(broadcast start Intent { act=android.intent.action.BATTERY_CHANGED flg=0x60000010 (has extras) }) adj=905.
10-09 16:29:09.506  2042  2787 I SmartPower: com.miui.android.fashiongallery/10228(32611): idle->background(2158ms) R(broadcast start Intent { act=android.intent.action.BATTERY_CHANGED flg=0x60000010 (has extras) }) adj=905.
10-09 16:29:09.506  2042  2787 I SmartPower: com.facebook.appmanager/10138(27658): idle->background(2159ms) R(broadcast start Intent { act=android.intent.action.BATTERY_CHANGED flg=0x60000010 (has extras) }) adj=905.
10-09 16:29:09.506  2042  2787 I SmartPower: com.facebook.katana/10243(13231): idle->background(2159ms) R(broadcast start Intent { act=android.intent.action.BATTERY_CHANGED flg=0x60000010 (has extras) }) adj=905.
10-09 16:29:09.507  2042  2787 I SmartPower: com.google.android.apps.tachyon/10226(15532): idle->background(2158ms) R(broadcast start Intent { act=android.intent.action.BATTERY_CHANGED flg=0x60000010 (has extras) }) adj=965.
10-09 16:29:09.507  2042  2787 I SmartPower: com.microsoft.teams/10266(15546): idle->background(2159ms) R(broadcast start Intent { act=android.intent.action.BATTERY_CHANGED flg=0x60000010 (has extras) }) adj=900.
10-09 16:29:09.508  2042  2787 I SmartPower: com.google.android.apps.magazines/10234(19722): idle->background(2159ms) R(broadcast start Intent { act=android.intent.action.BATTERY_CHANGED flg=0x60000010 (has extras) }) adj=905.
10-09 16:29:10.734  4304  4304 D ArtChoreographerMonitor: invoke error.
10-09 16:29:10.919  4304  4304 D ArtChoreographerMonitor: invoke error.
10-09 16:29:11.808  2183  2183 I wificond: station_bandwidth: P
10-09 16:29:11.833  2042  3524 I SmartPower: com.google.android.apps.messaging/10165(21061): background->idle(3000ms) R(content provider start ContentProviderRecord{178367 u0 com.google.android.apps.messaging/.shared.datamodel.provider.sharedstorage.SharedStorageProvider}) adj=200.
10-09 16:29:12.131  2042  3110 W ProcessStats: Tracking association SourceState{1b0dd2c com.android.vending/10164 ImpBg #123387} whose proc state 6 is better than process ProcessState{d60be6a com.android.vending:background/10164 pkg=com.android.vending} proc state 14 (90 skipped)
10-09 16:29:12.507  2042  3524 I SmartPower: com.xiaomi.discover/10121(23492): background->idle(3001ms) R(broadcast start Intent { act=android.intent.action.BATTERY_CHANGED flg=0x60000010 (has extras) }) adj=905.
10-09 16:29:12.507  2042  3524 I SmartPower: com.miui.android.fashiongallery/10228(32611): background->idle(3001ms) R(broadcast start Intent { act=android.intent.action.BATTERY_CHANGED flg=0x60000010 (has extras) }) adj=935.
10-09 16:29:12.507  2042  3524 I SmartPower: com.facebook.appmanager/10138(27658): background->idle(3000ms) R(broadcast start Intent { act=android.intent.action.BATTERY_CHANGED flg=0x60000010 (has extras) }) adj=905.
10-09 16:29:12.507  2042  3524 I SmartPower: com.facebook.katana/10243(13231): background->idle(3000ms) R(broadcast start Intent { act=android.intent.action.BATTERY_CHANGED flg=0x60000010 (has extras) }) adj=905.
10-09 16:29:12.507  2042  3524 I SmartPower: com.google.android.apps.tachyon/10226(15532): background->idle(3000ms) R(broadcast start Intent { act=android.intent.action.BATTERY_CHANGED flg=0x60000010 (has extras) }) adj=965.
10-09 16:29:12.508  2042  3524 I SmartPower: com.microsoft.teams/10266(15546): background->idle(3001ms) R(broadcast start Intent { act=android.intent.action.BATTERY_CHANGED flg=0x60000010 (has extras) }) adj=900.
10-09 16:29:12.508  2042  3524 I SmartPower: com.google.android.apps.magazines/10234(19722): background->idle(3001ms) R(broadcast start Intent { act=android.intent.action.BATTERY_CHANGED flg=0x60000010 (has extras) }) adj=905.
10-09 16:29:12.560  2042  2702 D HeapUsage Monitor: HeapAllocSize : 106MB; monitorSize : 500MB
10-09 16:29:14.820  2183  2183 I wificond: station_bandwidth: P
10-09 16:29:14.834  2042  9053 I SmartPower: com.google.android.apps.messaging/10165(21061): idle->background(3002ms) R(content provider start ContentProviderRecord{178367 u0 com.google.android.apps.messaging/.shared.datamodel.provider.sharedstorage.SharedStorageProvider}) adj=200.
10-09 16:29:17.830  2183  2183 I wificond: station_bandwidth: P
10-09 16:29:17.839  2042  3524 I SmartPower: com.google.android.apps.messaging/10165(21061): background->idle(3004ms) R(content provider start ContentProviderRecord{178367 u0 com.google.android.apps.messaging/.shared.datamodel.provider.sharedstorage.SharedStorageProvider}) adj=200.
10-09 16:29:17.840  4304  4304 D ArtChoreographerMonitor: invoke error.
10-09 16:29:18.022  4304  4304 D ArtChoreographerMonitor: invoke error.
10-09 16:29:19.438  2042  7011 I SmartPower: com.google.android.gms/10163(28832): idle->background(76804ms) R(service unbind com.google.android.gms/.chimera.GmsApiService) adj=600.
10-09 16:29:20.842  2183  2183 I wificond: station_bandwidth: P
10-09 16:29:20.844  4304  4304 D ArtChoreographerMonitor: invoke error.
10-09 16:29:21.020  4304  4304 D ArtChoreographerMonitor: invoke error.
10-09 16:29:22.440  2042  3524 I SmartPower: com.google.android.gms/10163(28832): background->idle(3003ms) R(service unbind com.google.android.gms/.chimera.GmsApiService) adj=600.
10-09 16:29:23.847  4304  4304 D ArtChoreographerMonitor: invoke error.
10-09 16:29:23.854  2183  2183 I wificond: station_bandwidth: P
10-09 16:29:24.025  4304  4304 D ArtChoreographerMonitor: invoke error.
10-09 16:29:26.866  2183  2183 I wificond: station_bandwidth: P
10-09 16:29:28.184  2042  7000 D ActivityManager: checkAllowBackground: uid=10163 pkg=com.google.android.gms rec=UidRecord{3efeecd u0a163 FGS  change:procadj procs:0 seq(881113,425084)} caps=LCMNFU always=false idle=false
10-09 16:29:28.192  2042  7000 D ActivityManager: checkAllowBackground: uid=10163 pkg=com.google.android.gms rec=UidRecord{3efeecd u0a163 FGS  change:procadj procs:0 seq(881113,425084)} caps=LCMNFU always=false idle=false
10-09 16:29:28.195  2042  7000 I ActivityManager: Broadcast action com.google.android.c2dm.intent.RECEIVE forcing include-background
10-09 16:29:28.195  2042  7000 D ActivityManager: checkAllowBackground: uid=10266 pkg=com.microsoft.teams rec=UidRecord{fae2210 u0a266 CAC  bg:+27s845ms change:procadj procs:0 seq(881023,754028)} caps=------ always=true idle=false
10-09 16:29:28.195  2042  7000 I ActivityManager: App 10266/com.microsoft.teams targets O+, restricted
10-09 16:29:28.195  2042  7000 D ActivityManager: checkAllowBackground: uid=10266 pkg=com.microsoft.teams startMode=2 onallowlist=false onallowlist(ei)=false
10-09 16:29:28.195  2042  2787 D ActivityManager: checkAllowBackground: uid=10266 pkg=com.microsoft.teams rec=UidRecord{fae2210 u0a266 CAC  bg:+27s845ms change:procadj procs:0 seq(881023,754028)} caps=------ always=true idle=false
10-09 16:29:28.195  2042  2787 I ActivityManager: App 10266/com.microsoft.teams targets O+, restricted
10-09 16:29:28.195  2042  2787 D ActivityManager: checkAllowBackground: uid=10266 pkg=com.microsoft.teams startMode=2 onallowlist=false onallowlist(ei)=false
10-09 16:29:28.199  2042  2787 W ProcessStats: Tracking association SourceState{1b0dd2c com.android.vending/10164 ImpBg #123398} whose proc state 6 is better than process ProcessState{d60be6a com.android.vending:background/10164 pkg=com.android.vending} proc state 14 (68 skipped)
10-09 16:29:28.199  2042  2787 I SmartPower: com.microsoft.teams/10266(15546): idle->background(15691ms) R(broadcast start Intent { act=com.google.android.c2dm.intent.RECEIVE flg=0x11000010 pkg=com.microsoft.teams (has extras) }) adj=0.
10-09 16:29:28.222  2042  7000 D ActivityManager: checkAllowBackground: uid=10266 pkg=com.microsoft.teams rec=UidRecord{fae2210 u0a266 RCVR allowlist change:uncachedprocstateprocadj procs:0 seq(881132,754028)} caps=------ always=false idle=false
10-09 16:29:28.364  2042  2042 D UiModeManager: updateConfigurationLocked: mDockState=0; mCarMode=false; mCar=false; mPowerSave=false; mOverrideNightModeOn=false; mOverrideNightModeOff=false; mComputedNightMode=false; mNightMode=1; uiMode=17
10-09 16:29:28.676  4304  4304 D ArtChoreographerMonitor: invoke error.
10-09 16:29:28.860  2042  2787 I SmartPower: com.xiaomi.discover/10121(23492): idle->background(16353ms) R(broadcast start Intent { act=android.intent.action.BATTERY_CHANGED flg=0x60000010 (has extras) }) adj=905.
10-09 16:29:28.860  2042  2787 I SmartPower: com.miui.android.fashiongallery/10228(32611): idle->background(16353ms) R(broadcast start Intent { act=android.intent.action.BATTERY_CHANGED flg=0x60000010 (has extras) }) adj=905.
10-09 16:29:28.860  2042  2787 I SmartPower: com.facebook.appmanager/10138(27658): idle->background(16353ms) R(broadcast start Intent { act=android.intent.action.BATTERY_CHANGED flg=0x60000010 (has extras) }) adj=905.
10-09 16:29:28.860  2042  2787 I SmartPower: com.facebook.katana/10243(13231): idle->background(16354ms) R(broadcast start Intent { act=android.intent.action.BATTERY_CHANGED flg=0x60000010 (has extras) }) adj=905.
10-09 16:29:28.861  2042  2787 I SmartPower: com.google.android.apps.tachyon/10226(15532): idle->background(16354ms) R(broadcast start Intent { act=android.intent.action.BATTERY_CHANGED flg=0x60000010 (has extras) }) adj=965.
10-09 16:29:28.862  2042  2787 I SmartPower: com.google.android.apps.magazines/10234(19722): idle->background(16353ms) R(broadcast start Intent { act=android.intent.action.BATTERY_CHANGED flg=0x60000010 (has extras) }) adj=905.
10-09 16:29:28.862  4304  4304 D ArtChoreographerMonitor: invoke error.
10-09 16:29:28.877  4304  4304 D ArtChoreographerMonitor: invoke error.
10-09 16:29:28.879  2042  7000 D ActivityManager: checkAllowBackground: uid=1000 pkg=com.android.systemui rec=UidRecord{b77cac0 1000 PER  fgServices change:procadj procs:0 seq(881226,448524)} caps=LCMNFU always=false idle=false
10-09 16:29:28.945  2042  3516 D SchedBoost: startBoostInternal 2000
10-09 16:29:28.978  2042  2693 I WindowManager: wms.showSurfaceRobustly mWin:Window{db0cee2 u0 com.miui.miwallpaper.wallpaperservice.ImageWallpaper}
10-09 16:29:28.978  2042  2693 I WindowManager: wms.showSurfaceRobustly mWin:Window{24ea150 u0 com.miui.miwallpaper.wallpaperservice.MiuiKeyguardPictorialWallpaper}
10-09 16:29:28.992  2042  7011 D SystemServerTiming: getUserSwitchability-0
10-09 16:29:28.992  2042  7011 D SystemServerTiming: TM.isInCall
10-09 16:29:28.992  2042  7000 D SystemServerTiming: getUserSwitchability-0
10-09 16:29:28.992  2042  7000 D SystemServerTiming: TM.isInCall
10-09 16:29:28.992  2042  7011 D SystemServerTiming: hasUserRestriction-DISALLOW_USER_SWITCH
10-09 16:29:28.992  2042  7000 D SystemServerTiming: hasUserRestriction-DISALLOW_USER_SWITCH
10-09 16:29:28.993  2042  7011 D SystemServerTiming: getInt-ALLOW_USER_SWITCHING_WHEN_SYSTEM_USER_LOCKED
10-09 16:29:28.993  2042  7000 D SystemServerTiming: getInt-ALLOW_USER_SWITCHING_WHEN_SYSTEM_USER_LOCKED
10-09 16:29:28.993  2042  7000 D SystemServerTiming: isUserUnlocked-USER_SYSTEM
10-09 16:29:28.994  2042  7011 D SystemServerTiming: isUserUnlocked-USER_SYSTEM
10-09 16:29:28.995  2042  6991 D WindowManager: wms.finishDrawingLocked: mDrawState=COMMIT_DRAW_PENDING Window{1a1465a u0 NotificationShade} in Surface(name=NotificationShade#10556)/@0x455268b
10-09 16:29:28.996  2042  2693 I WindowManager: wms.showSurfaceRobustly mWin:Window{1a1465a u0 NotificationShade}
10-09 16:29:29.155  4304  4304 D ArtChoreographerMonitor: invoke error.
10-09 16:29:29.397  2042  6982 D PackageManager: set app component=ComponentInfo{com.microsoft.teams/androidx.work.impl.background.systemalarm.RescheduleReceiver} enabled state: 1 from com.microsoft.teams,uid=10266,pid=15546
10-09 16:29:29.408  2042  6982 D ActivityManager: checkAllowBackground: uid=10266 pkg=com.microsoft.teams rec=UidRecord{fae2210 u0a266 CAC  allowlist change:procadj procs:0 seq(881223,754028)} caps=------ always=false idle=false
10-09 16:29:29.421  2042  2802 I ExtM    : runFlush  interval less than FLUSH_INTERVAL_LIMIT, skip flush
10-09 16:29:29.446  2042  6982 W NotificationHistory: Attempted to add notif for locked/gone/disabled user 0
10-09 16:29:29.874  2183  2183 I wificond: station_bandwidth: P
10-09 16:29:29.879  4304  4304 D ArtChoreographerMonitor: invoke error.
10-09 16:29:29.898  2042  7011 I SmartPower: com.google.android.apps.messaging/10165(21061): idle->background(12060ms) R(content provider start ContentProviderRecord{178367 u0 com.google.android.apps.messaging/.shared.datamodel.provider.sharedstorage.SharedStorageProvider}) adj=200.
10-09 16:29:30.057  4304  4304 D ArtChoreographerMonitor: invoke error.
10-09 16:29:30.757  2042  2042 D UiModeManager: updateConfigurationLocked: mDockState=0; mCarMode=false; mCar=false; mPowerSave=false; mOverrideNightModeOn=false; mOverrideNightModeOff=false; mComputedNightMode=false; mNightMode=1; uiMode=17
10-09 16:29:30.973  2042  3516 D SchedBoost: stopBoostInternal
10-09 16:29:31.201  2042  3524 I SmartPower: com.microsoft.teams/10266(15546): background->idle(3001ms) R(broadcast start Intent { act=com.google.android.c2dm.intent.RECEIVE flg=0x11000010 pkg=com.microsoft.teams (has extras) }) adj=900.
10-09 16:29:31.860  2042  3524 I SmartPower: com.xiaomi.discover/10121(23492): background->idle(3000ms) R(broadcast start Intent { act=android.intent.action.BATTERY_CHANGED flg=0x60000010 (has extras) }) adj=905.
10-09 16:29:31.860  2042  3524 I SmartPower: com.miui.android.fashiongallery/10228(32611): background->idle(3000ms) R(broadcast start Intent { act=android.intent.action.BATTERY_CHANGED flg=0x60000010 (has extras) }) adj=905.
10-09 16:29:31.861  2042  3524 I SmartPower: com.facebook.appmanager/10138(27658): background->idle(3002ms) R(broadcast start Intent { act=android.intent.action.BATTERY_CHANGED flg=0x60000010 (has extras) }) adj=905.
10-09 16:29:31.861  2042  3524 I SmartPower: com.facebook.katana/10243(13231): background->idle(3001ms) R(broadcast start Intent { act=android.intent.action.BATTERY_CHANGED flg=0x60000010 (has extras) }) adj=905.
10-09 16:29:31.861  2042  3524 I SmartPower: com.google.android.apps.tachyon/10226(15532): background->idle(3001ms) R(broadcast start Intent { act=android.intent.action.BATTERY_CHANGED flg=0x60000010 (has extras) }) adj=965.
10-09 16:29:31.861  2042  3524 I SmartPower: com.google.android.apps.magazines/10234(19722): background->idle(3000ms) R(broadcast start Intent { act=android.intent.action.BATTERY_CHANGED flg=0x60000010 (has extras) }) adj=905.
10-09 16:29:32.130  2042  3123 D AlarmManager: mBroadcastRefCount -> 1
10-09 16:29:32.134  2042  2075 D ActivityManager: checkAllowBackground: uid=1000 pkg=android rec=UidRecord{b77cac0 1000 PER  fgServices allowlist change:procadj procs:0 seq(881341,448524)} caps=LCMNFU always=false idle=false
10-09 16:29:32.135  2042  2042 D AlarmManager: mBroadcastRefCount -> 0
10-09 16:29:32.135  2042  2042 D AlarmManager: mPendingIntent -> PendingIntent{659bd1f: PendingIntentRecord{cf286c android broadcastIntent}}
10-09 16:29:32.481  2042  2900 D DisplayPowerControllerImpl: updateBrightnessChangeStatus: animating: true, displayState: 2, slowChange: false, appliedDimming: true, appliedLowPower: false, currentBrightness: 0.062992126, currentSdrBrightness: 0.062992126, targetBrightness: 0.001709819, targetSdrBrightness: 0.001709819, previousDisplayPolicy: 3, currentDisplayPolicy: 2
10-09 16:29:32.484  2042  2900 I DisplayPowerController[0]: Brightness [0.001709819] reason changing to: 'manual [ dim ]', previous reason: 'manual'.
10-09 16:29:32.484  2042  2900 I DisplayPowerController[0]: BrightnessEvent: disp=0, physDisp=local:4630946480857061762, brt=0.001709819, initBrt=0.062992126, rcmdBrt=NaN, preBrt=NaN, lux=0.0, preLux=0.0, hbmMax=0.49975574, hbmMode=off, rbcStrength=50, thrmMax=1.0, powerFactor=1.0, wasShortTermModelActive=false, flags=, reason=manual [ dim ], autoBrightness=false, strategy=
10-09 16:29:32.484  2042  2692 D TAG     : Remove previously redundant display event 0/4 to 10067/7941
10-09 16:29:32.484  2042  2692 D TAG     : Remove previously redundant display event 0/4 to 10228/32611
10-09 16:29:32.889  2183  2183 I wificond: station_bandwidth: P
10-09 16:29:32.903  2042  3524 I SmartPower: com.google.android.apps.messaging/10165(21061): background->idle(3004ms) R(content provider start ContentProviderRecord{178367 u0 com.google.android.apps.messaging/.shared.datamodel.provider.sharedstorage.SharedStorageProvider}) adj=200.
10-09 16:29:32.910  4304  4304 D ArtChoreographerMonitor: invoke error.
10-09 16:29:33.082  4304  4304 D ArtChoreographerMonitor: invoke error.
10-09 16:29:34.629  4304  4304 D ArtChoreographerMonitor: invoke error.
10-09 16:29:34.902  4304  4304 D ArtChoreographerMonitor: invoke error.
10-09 16:29:35.499  2042  2042 D UiModeManager: updateConfigurationLocked: mDockState=0; mCarMode=false; mCar=false; mPowerSave=false; mOverrideNightModeOn=false; mOverrideNightModeOff=false; mComputedNightMode=false; mNightMode=1; uiMode=17
10-09 16:29:35.905  2183  2183 I wificond: station_bandwidth: P
10-09 16:29:35.996  2042  2787 I SmartPower: com.xiaomi.discover/10121(23492): idle->background(4137ms) R(broadcast start Intent { act=android.intent.action.BATTERY_CHANGED flg=0x60000010 (has extras) }) adj=905.
10-09 16:29:35.997  2042  2787 I SmartPower: com.miui.android.fashiongallery/10228(32611): idle->background(4137ms) R(broadcast start Intent { act=android.intent.action.BATTERY_CHANGED flg=0x60000010 (has extras) }) adj=935.
10-09 16:29:35.997  2042  2787 I SmartPower: com.facebook.appmanager/10138(27658): idle->background(4135ms) R(broadcast start Intent { act=android.intent.action.BATTERY_CHANGED flg=0x60000010 (has extras) }) adj=905.
10-09 16:29:35.997  2042  2787 I SmartPower: com.facebook.katana/10243(13231): idle->background(4135ms) R(broadcast start Intent { act=android.intent.action.BATTERY_CHANGED flg=0x60000010 (has extras) }) adj=905.
10-09 16:29:35.997  2042  2787 I SmartPower: com.google.android.apps.tachyon/10226(15532): idle->background(4136ms) R(broadcast start Intent { act=android.intent.action.BATTERY_CHANGED flg=0x60000010 (has extras) }) adj=965.
10-09 16:29:35.998  2042  2787 I SmartPower: com.microsoft.teams/10266(15546): idle->background(4797ms) R(broadcast start Intent { act=android.intent.action.BATTERY_CHANGED flg=0x60000010 (has extras) }) adj=900.
10-09 16:29:35.998  2042  2787 I SmartPower: com.google.android.apps.magazines/10234(19722): idle->background(4137ms) R(broadcast start Intent { act=android.intent.action.BATTERY_CHANGED flg=0x60000010 (has extras) }) adj=905.
10-09 16:29:38.724  4304  4304 D ArtChoreographerMonitor: invoke error.
10-09 16:29:38.792   702 31999 I keystore2: system/security/keystore2/src/watchdog.rs:319 - Watchdog thread idle -> terminating. Have a great day.
10-09 16:29:38.902  4304  4304 D ArtChoreographerMonitor: invoke error.
10-09 16:29:38.912  2183  2183 I wificond: station_bandwidth: P
10-09 16:29:38.914  4304  4304 D ArtChoreographerMonitor: invoke error.
10-09 16:29:38.997  2042  3524 I SmartPower: com.xiaomi.discover/10121(23492): background->idle(3001ms) R(broadcast start Intent { act=android.intent.action.BATTERY_CHANGED flg=0x60000010 (has extras) }) adj=905.
10-09 16:29:38.997  2042  3524 I SmartPower: com.miui.android.fashiongallery/10228(32611): background->idle(3001ms) R(broadcast start Intent { act=android.intent.action.BATTERY_CHANGED flg=0x60000010 (has extras) }) adj=935.
10-09 16:29:38.997  2042  3524 I SmartPower: com.facebook.appmanager/10138(27658): background->idle(3001ms) R(broadcast start Intent { act=android.intent.action.BATTERY_CHANGED flg=0x60000010 (has extras) }) adj=905.
10-09 16:29:38.997  2042  3524 I SmartPower: com.facebook.katana/10243(13231): background->idle(3001ms) R(broadcast start Intent { act=android.intent.action.BATTERY_CHANGED flg=0x60000010 (has extras) }) adj=905.
10-09 16:29:38.997  2042  3524 I SmartPower: com.google.android.apps.tachyon/10226(15532): background->idle(3000ms) R(broadcast start Intent { act=android.intent.action.BATTERY_CHANGED flg=0x60000010 (has extras) }) adj=965.
10-09 16:29:38.999  2042  3524 I SmartPower: com.microsoft.teams/10266(15546): background->idle(3001ms) R(broadcast start Intent { act=android.intent.action.BATTERY_CHANGED flg=0x60000010 (has extras) }) adj=900.
10-09 16:29:38.999  2042  3524 I SmartPower: com.google.android.apps.magazines/10234(19722): background->idle(3000ms) R(broadcast start Intent { act=android.intent.action.BATTERY_CHANGED flg=0x60000010 (has extras) }) adj=905.
10-09 16:29:39.087  4304  4304 D ArtChoreographerMonitor: invoke error.
10-09 16:29:40.444  2042  2802 I ExtM    : zram userate is low, no need to flush: 49
10-09 16:29:41.526  2042  2802 I ExtM    : reportMemPressure: 1, start flush
10-09 16:29:41.568  2042  3997 E ExtM    : can_flush_idle_pages:24570 flush_number_adjust: 5000
10-09 16:29:41.568  2042  3997 D MFZ     : Report MEM_PRESSURE_LOW!  Flush Level is: 10 Need Flush: 5000 pages 
10-09 16:29:41.609  2042  3997 D MFZ     : before Flush idle_stats: 8226 2741 68 50 2515 1660 5050 8182 509 24570
10-09 16:29:41.609  2042  3997 W ExtM    : Flush thread start , 5000 pages need to flush
10-09 16:29:41.610   674 32167 D vold    : flush task started
10-09 16:29:41.613 32168 32168 D vold    :  flush Pid = 32168
10-09 16:29:41.614 32168 32168 D vold    : set cpu affinity policy success
10-09 16:29:41.924  2183  2183 I wificond: station_bandwidth: P
10-09 16:29:41.926  4304  4304 D ArtChoreographerMonitor: invoke error.
10-09 16:29:42.094  4304  4304 D ArtChoreographerMonitor: invoke error.
10-09 16:29:42.134  2042  3110 W ProcessStats: Tracking association SourceState{1b0dd2c com.android.vending/10164 ImpBg #123425} whose proc state 6 is better than process ProcessState{d60be6a com.android.vending:background/10164 pkg=com.android.vending} proc state 14 (191 skipped)
10-09 16:29:42.268 32168 32168 D vold    :  success write idle > /sys/block/zram0/writeback
10-09 16:29:42.561  2042  2702 D HeapUsage Monitor: HeapAllocSize : 92MB; monitorSize : 500MB
10-09 16:29:42.612   674 32167 D vold    : flush process has been finished in normal with status: 0
10-09 16:29:42.612   674 32167 D vold    :  listener->onFinished 
10-09 16:29:42.612  2042  7011 W ExtM    : Flush finished with status: 0
10-09 16:29:42.654  2042  7011 D MFZ     : Flush finished! After Flush idle_stats: 8226 2741 68 50 2515 1660 5050 8182 509 19570
10-09 16:29:42.655  2042  7011 D MFZ     : Flush finished! After Flush bd_stats:    56688      563    60000
10-09 16:29:42.655  2042  7011 D MFZ     : Flush finished! After Flush zramFreeKb: 3110140KB
10-09 16:29:42.655  2042  7011 I ExtM    : 5000(19 m) pages flushed
10-09 16:29:42.655  2042  7011 I ExtM    : After flushing
10-09 16:29:42.655  2042  7011 I ExtM    : Total stat:
10-09 16:29:42.655  2042  7011 I ExtM    :   total marked 0(0 m), total flushed 60000(234 m)
10-09 16:29:42.655  2042  7011 I ExtM    :   wb stat:    56688      563    60000
10-09 16:29:42.656  2042  7011 I ExtM    :   mm stat: 3230863360 819284422 864800768        0 1047769088    40678   588602     8612    51767    26272     5712
10-09 16:29:44.935  2183  2183 I wificond: station_bandwidth: P
10-09 16:29:47.945  2183  2183 I wificond: station_bandwidth: P
10-09 16:29:50.704  2042  7000 D ActivityManager: checkAllowBackground: uid=10163 pkg=com.google.android.gms rec=UidRecord{3efeecd u0a163 FGS  change:procadj procs:0 seq(881482,425084)} caps=LCMNFU always=false idle=false
10-09 16:29:50.714  2042  7011 D ActivityManager: checkAllowBackground: uid=10163 pkg=com.google.android.gms rec=UidRecord{3efeecd u0a163 FGS  change:procadj procs:0 seq(881482,425084)} caps=LCMNFU always=false idle=false
10-09 16:29:50.717  2042  7000 I ActivityManager: Broadcast action com.google.android.c2dm.intent.RECEIVE forcing include-background
10-09 16:29:50.718  2042  7000 D ActivityManager: checkAllowBackground: uid=10266 pkg=com.microsoft.teams rec=UidRecord{fae2210 u0a266 CAC  bg:+2s512ms change:procadj procs:0 seq(881453,754028)} caps=------ always=true idle=false
10-09 16:29:50.718  2042  7000 I ActivityManager: App 10266/com.microsoft.teams targets O+, restricted
10-09 16:29:50.718  2042  7000 D ActivityManager: checkAllowBackground: uid=10266 pkg=com.microsoft.teams startMode=2 onallowlist=false onallowlist(ei)=false
10-09 16:29:50.718  2042  2787 D ActivityManager: checkAllowBackground: uid=10266 pkg=com.microsoft.teams rec=UidRecord{fae2210 u0a266 CAC  bg:+2s513ms change:procadj procs:0 seq(881453,754028)} caps=------ always=true idle=false
10-09 16:29:50.718  2042  2787 I ActivityManager: App 10266/com.microsoft.teams targets O+, restricted
10-09 16:29:50.718  2042  2787 D ActivityManager: checkAllowBackground: uid=10266 pkg=com.microsoft.teams startMode=2 onallowlist=false onallowlist(ei)=false
10-09 16:29:50.721  2042  2787 I SmartPower: com.microsoft.teams/10266(15546): idle->background(11722ms) R(broadcast start Intent { act=com.google.android.c2dm.intent.RECEIVE flg=0x11000010 pkg=com.microsoft.teams (has extras) }) adj=0.
10-09 16:29:50.727  2042  7011 D ActivityManager: checkAllowBackground: uid=10163 pkg=com.google.android.gms rec=UidRecord{3efeecd u0a163 FGS  change:procadj procs:0 seq(881573,425084)} caps=LCMNFU always=false idle=false
10-09 16:29:50.760  2042  7000 D ActivityManager: checkAllowBackground: uid=10266 pkg=com.microsoft.teams rec=UidRecord{fae2210 u0a266 RCVR allowlist change:uncachedprocstateprocadj procs:0 seq(881544,754028)} caps=------ always=false idle=false
10-09 16:29:50.835  2042  2802 I ExtM    : runFlush  interval less than FLUSH_INTERVAL_LIMIT, skip flush
10-09 16:29:50.913  2042  2042 D UiModeManager: updateConfigurationLocked: mDockState=0; mCarMode=false; mCar=false; mPowerSave=false; mOverrideNightModeOn=false; mOverrideNightModeOff=false; mComputedNightMode=false; mNightMode=1; uiMode=17
10-09 16:29:50.950  2183  2183 I wificond: station_bandwidth: P
10-09 16:29:51.237  4304  4304 D ArtChoreographerMonitor: invoke error.
10-09 16:29:51.411  2042  2787 I SmartPower: com.xiaomi.discover/10121(23492): idle->background(12413ms) R(broadcast start Intent { act=android.intent.action.BATTERY_CHANGED flg=0x60000010 (has extras) }) adj=905.
10-09 16:29:51.411  2042  2787 I SmartPower: com.miui.android.fashiongallery/10228(32611): idle->background(12413ms) R(broadcast start Intent { act=android.intent.action.BATTERY_CHANGED flg=0x60000010 (has extras) }) adj=915.
10-09 16:29:51.411  2042  2787 I SmartPower: com.facebook.appmanager/10138(27658): idle->background(12414ms) R(broadcast start Intent { act=android.intent.action.BATTERY_CHANGED flg=0x60000010 (has extras) }) adj=905.
10-09 16:29:51.412  2042  2787 I SmartPower: com.facebook.katana/10243(13231): idle->background(12414ms) R(broadcast start Intent { act=android.intent.action.BATTERY_CHANGED flg=0x60000010 (has extras) }) adj=905.
10-09 16:29:51.412  2042  2787 I SmartPower: com.google.android.apps.tachyon/10226(15532): idle->background(12414ms) R(broadcast start Intent { act=android.intent.action.BATTERY_CHANGED flg=0x60000010 (has extras) }) adj=965.
10-09 16:29:51.413  2042  2787 I SmartPower: com.google.android.apps.magazines/10234(19722): idle->background(12414ms) R(broadcast start Intent { act=android.intent.action.BATTERY_CHANGED flg=0x60000010 (has extras) }) adj=905.
10-09 16:29:51.416  4304  4304 D ArtChoreographerMonitor: invoke error.
10-09 16:29:51.438  4304  4304 D ArtChoreographerMonitor: invoke error.
10-09 16:29:51.440  2042  6991 D ActivityManager: checkAllowBackground: uid=1000 pkg=com.android.systemui rec=UidRecord{b77cac0 1000 PER  fgServices change:procadj procs:0 seq(881638,448524)} caps=LCMNFU always=false idle=false
10-09 16:29:51.508  2042  3516 D SchedBoost: startBoostInternal 2000
10-09 16:29:51.549  2042  7000 I WindowManager: wms.showSurfaceRobustly mWin:Window{db0cee2 u0 com.miui.miwallpaper.wallpaperservice.ImageWallpaper}
10-09 16:29:51.550  2042  7000 I WindowManager: wms.showSurfaceRobustly mWin:Window{24ea150 u0 com.miui.miwallpaper.wallpaperservice.MiuiKeyguardPictorialWallpaper}
10-09 16:29:51.552  2042  7011 D SystemServerTiming: getUserSwitchability-0
10-09 16:29:51.552  2042  7011 D SystemServerTiming: TM.isInCall
10-09 16:29:51.552  2042  6991 D SystemServerTiming: getUserSwitchability-0
10-09 16:29:51.552  2042  6991 D SystemServerTiming: TM.isInCall
10-09 16:29:51.553  2042  7011 D SystemServerTiming: hasUserRestriction-DISALLOW_USER_SWITCH
10-09 16:29:51.554  2042  7011 D SystemServerTiming: getInt-ALLOW_USER_SWITCHING_WHEN_SYSTEM_USER_LOCKED
10-09 16:29:51.554  2042  7011 D SystemServerTiming: isUserUnlocked-USER_SYSTEM
10-09 16:29:51.556  2042  6991 D SystemServerTiming: hasUserRestriction-DISALLOW_USER_SWITCH
10-09 16:29:51.556  2042  6991 D SystemServerTiming: getInt-ALLOW_USER_SWITCHING_WHEN_SYSTEM_USER_LOCKED
10-09 16:29:51.556  2042  6991 D SystemServerTiming: isUserUnlocked-USER_SYSTEM
10-09 16:29:51.557  2042  7000 D WindowManager: wms.finishDrawingLocked: mDrawState=COMMIT_DRAW_PENDING Window{1a1465a u0 NotificationShade} in Surface(name=NotificationShade#10557)/@0xc37146c
10-09 16:29:51.559  2042  2693 I WindowManager: wms.showSurfaceRobustly mWin:Window{1a1465a u0 NotificationShade}
10-09 16:29:51.726  4304  4304 D ArtChoreographerMonitor: invoke error.
10-09 16:29:52.006  2042  7011 W NotificationHistory: Attempted to add notif for locked/gone/disabled user 0
10-09 16:29:53.535  2042  3516 D SchedBoost: stopBoostInternal
10-09 16:29:53.724  2042  3524 I SmartPower: com.microsoft.teams/10266(15546): background->idle(3003ms) R(broadcast start Intent { act=com.google.android.c2dm.intent.RECEIVE flg=0x11000010 pkg=com.microsoft.teams (has extras) }) adj=900.
10-09 16:29:53.959  2183  2183 I wificond: station_bandwidth: P
10-09 16:29:53.975  4304  4304 D ArtChoreographerMonitor: invoke error.
10-09 16:29:53.980  2042  7011 I SmartPower: com.google.android.apps.messaging/10165(21061): idle->background(21077ms) R(content provider start ContentProviderRecord{178367 u0 com.google.android.apps.messaging/.shared.datamodel.provider.sharedstorage.SharedStorageProvider}) adj=200.
10-09 16:29:54.152  4304  4304 D ArtChoreographerMonitor: invoke error.
10-09 16:29:54.411  2042  3524 I SmartPower: com.xiaomi.discover/10121(23492): background->idle(3000ms) R(broadcast start Intent { act=android.intent.action.BATTERY_CHANGED flg=0x60000010 (has extras) }) adj=905.
10-09 16:29:54.411  2042  3524 I SmartPower: com.miui.android.fashiongallery/10228(32611): background->idle(3000ms) R(broadcast start Intent { act=android.intent.action.BATTERY_CHANGED flg=0x60000010 (has extras) }) adj=915.
10-09 16:29:54.412  2042  3524 I SmartPower: com.facebook.appmanager/10138(27658): background->idle(3000ms) R(broadcast start Intent { act=android.intent.action.BATTERY_CHANGED flg=0x60000010 (has extras) }) adj=905.
10-09 16:29:54.412  2042  3524 I SmartPower: com.facebook.katana/10243(13231): background->idle(3001ms) R(broadcast start Intent { act=android.intent.action.BATTERY_CHANGED flg=0x60000010 (has extras) }) adj=905.
10-09 16:29:54.412  2042  3524 I SmartPower: com.google.android.apps.tachyon/10226(15532): background->idle(3001ms) R(broadcast start Intent { act=android.intent.action.BATTERY_CHANGED flg=0x60000010 (has extras) }) adj=965.
10-09 16:29:54.412  2042  3524 I SmartPower: com.google.android.apps.magazines/10234(19722): background->idle(3000ms) R(broadcast start Intent { act=android.intent.action.BATTERY_CHANGED flg=0x60000010 (has extras) }) adj=905.
10-09 16:29:54.599  2042  7011 D ActivityManager: checkAllowBackground: uid=10163 pkg=com.google.android.gms rec=UidRecord{3efeecd u0a163 FGS  change:procadj procs:0 seq(881640,425084)} caps=LCMNFU always=false idle=false
10-09 16:29:54.609  2042  3096 D ActivityManager: checkAllowBackground: uid=10163 pkg=com.google.android.gms rec=UidRecord{3efeecd u0a163 FGS  change:procadj procs:0 seq(881640,425084)} caps=LCMNFU always=false idle=false
10-09 16:29:54.612  2042  3096 I ActivityManager: Broadcast action com.google.android.c2dm.intent.RECEIVE forcing include-background
10-09 16:29:54.612  2042  3096 D ActivityManager: checkAllowBackground: uid=10266 pkg=com.microsoft.teams rec=UidRecord{fae2210 u0a266 CAC  allowlist change:procadj procs:0 seq(881635,754028)} caps=------ always=true idle=false
10-09 16:29:54.612  2042  3096 I ActivityManager: App 10266/com.microsoft.teams targets O+, restricted
10-09 16:29:54.612  2042  3096 D ActivityManager: checkAllowBackground: uid=10266 pkg=com.microsoft.teams startMode=2 onallowlist=true onallowlist(ei)=true
10-09 16:29:54.613  2042  2787 D ActivityManager: checkAllowBackground: uid=10266 pkg=com.microsoft.teams rec=UidRecord{fae2210 u0a266 CAC  allowlist change:procadj procs:0 seq(881635,754028)} caps=------ always=true idle=false
10-09 16:29:54.613  2042  2787 I ActivityManager: App 10266/com.microsoft.teams targets O+, restricted
10-09 16:29:54.613  2042  2787 D ActivityManager: checkAllowBackground: uid=10266 pkg=com.microsoft.teams startMode=2 onallowlist=true onallowlist(ei)=true
10-09 16:29:54.617  2042  2787 W ProcessStats: Tracking association SourceState{3682bb3 com.miui.analytics/10093 BFgs #123445} whose proc state 4 is better than process ProcessState{6688729 com.miui.securitycenter.remote/1000 pkg=com.miui.securitycenter} proc state 9 (131 skipped)
10-09 16:29:54.627  2042  3096 D ActivityManager: checkAllowBackground: uid=10266 pkg=com.microsoft.teams rec=UidRecord{fae2210 u0a266 RCVR allowlist change:uncachedprocstateprocadj procs:0 seq(881642,754028)} caps=------ always=false idle=false
10-09 16:29:54.949  4304  4304 D ArtChoreographerMonitor: invoke error.
10-09 16:29:55.133  4304  4304 D ArtChoreographerMonitor: invoke error.
10-09 16:29:55.150  4304  4304 D ArtChoreographerMonitor: invoke error.
10-09 16:29:55.151  2042  3096 D ActivityManager: checkAllowBackground: uid=1000 pkg=com.android.systemui rec=UidRecord{b77cac0 1000 PER  fgServices change:procadj procs:0 seq(881667,448524)} caps=LCMNFU always=false idle=false
10-09 16:29:55.385  4304  4304 D ArtChoreographerMonitor: invoke error.
10-09 16:29:56.971  2183  2183 I wificond: station_bandwidth: P
10-09 16:29:56.979  4304  4304 D ArtChoreographerMonitor: invoke error.
10-09 16:29:56.982  2042  3524 I SmartPower: com.google.android.apps.messaging/10165(21061): background->idle(3003ms) R(content provider start ContentProviderRecord{178367 u0 com.google.android.apps.messaging/.shared.datamodel.provider.sharedstorage.SharedStorageProvider}) adj=200.
10-09 16:29:57.151  4304  4304 D ArtChoreographerMonitor: invoke error.
10-09 16:29:59.988  2183  2183 I wificond: station_bandwidth: P
10-09 16:30:00.000  4304  4304 D ArtChoreographerMonitor: invoke error.
