--------- beginning of crash
10-06 15:45:22.422  2273  2273 F libc    : Fatal signal 6 (SIGABRT), code -1 (SI_QUEUE) in tid 2273 (init), pid 2273 (init)
10-06 15:45:22.495  2273  2273 F libc    : crash_dump helper failed to exec, or was killed
10-06 15:45:42.434  5433  5433 F libc    : Fatal signal 6 (SIGABRT), code -1 (SI_QUEUE) in tid 5433 (init), pid 5433 (init)
10-06 15:45:42.479  5433  5433 F libc    : crash_dump helper failed to exec, or was killed
--------- beginning of system
10-09 16:19:48.201  2042  2693 I ImeInsetsSourceProvider: ImeInsetsSourceProvider.scheduleShowImePostLayout() Run showImeRunner.
10-09 16:19:48.202  2042  2693 I ImeInsetsSourceProvider: ImeInsetsSourceProvider.scheduleShowImePostLayout() isReadyToShowIme.
10-09 16:19:48.206  2042  4589 D PerfShielderService: com.google.android.inputmethod.latin|InputMethod|75|44595903106840|75|0|1
10-09 16:19:48.206  6649  6663 W MiuiPerfServiceClient: interceptAndQueuing:6431|com.google.android.inputmethod.latin|75|75|44595903106840|Slow main thread|1
10-09 16:19:48.207  2042  6998 I InputMethodManagerService: IMMS.applyImeVisibility(), setVisible = true, mCurclient = ClientState{90f2e0d mUid=10030 mPid=31059 mSelfReportedDisplayId=0}
10-09 16:19:48.207  2042  6998 I WindowManager: WMS.showImePostLayout(), imeTarget = Window{a4aacb0 u0 eu.europa.ec.euidi/eu.europa.ec.assemblylogic.ui.MainActivity}
10-09 16:19:48.209  4304  4484 D OneHandedController: stopOneHanded state is 0
10-09 16:19:48.210  2042  2693 I ImeInsetsSourceProvider: ImeInsetsSourceProvider.scheduleShowImePostLayout() Run showImeRunner.
10-09 16:19:48.210  2042  2693 I ImeInsetsSourceProvider: ImeInsetsSourceProvider.scheduleShowImePostLayout() isReadyToShowIme.
10-09 16:19:48.218  4304  4484 D OneHandedController: stopOneHanded state is 0
10-09 16:19:48.230  2042  4565 D ActivityManager: checkAllowBackground: uid=10163 pkg=com.google.android.gms rec=UidRecord{3efeecd u0a163 BTOP change:procadj procs:0 seq(874803,425084)} caps=LCMNFU always=false idle=false
10-09 16:19:48.255  2042  6998 D ActivityManager: checkAllowBackground: uid=10163 pkg=com.google.android.gms rec=UidRecord{3efeecd u0a163 BTOP change:procadj procs:0 seq(874807,425084)} caps=LCMNFU always=false idle=false
10-09 16:19:48.280  2042  6998 D ActivityManager: checkAllowBackground: uid=10163 pkg=com.google.android.gms rec=UidRecord{3efeecd u0a163 BTOP change:procadj procs:0 seq(874811,425084)} caps=LCMNFU always=false idle=false
10-09 16:19:48.301  2042  4565 D ActivityManager: checkAllowBackground: uid=10163 pkg=com.google.android.gms rec=UidRecord{3efeecd u0a163 BTOP change:procadj procs:0 seq(874815,425084)} caps=LCMNFU always=false idle=false
10-09 16:19:48.487  2042  3524 I SmartPower: com.android.chrome:sandboxed_process0:org.chromium.content.app.SandboxedProcessSerbackground->idle(936398ms) R(remove from whitelist) adj=200.
10-09 16:19:48.487  2042  3524 I SmartPower: com.android.chrome:sandboxed_process0:org.chromium.content.app.SandboxedProcessSerbackground->idle(936398ms) R(remove from whitelist) adj=200.
10-09 16:19:48.487  2042  3524 I SmartPower: com.android.chrome:sandboxed_process0:org.chromium.content.app.SandboxedProcessSerbackground->idle(936398ms) R(remove from whitelist) adj=900.
10-09 16:19:48.559  2042  2042 W FillResponseEventLogger: FillResponseEventLogger is not empty before starting for a new request
10-09 16:19:48.559  2042  2042 D AutofillSession: Service did not request to wait for delayed fill response.
10-09 16:19:48.560  2042  4565 D ActivityManager: checkAllowBackground: uid=10163 pkg=com.google.android.gms rec=UidRecord{3efeecd u0a163 BTOP change:procadj procs:0 seq(874819,425084)} caps=LCMNFU always=false idle=false
10-09 16:19:48.820  2042  6998 D WindowManagerService: checkFlipFullScreenChange is same, nowIsFullScreen = false
10-09 16:19:48.822  2042  6998 W PresentationStatsEventLogger: Shouldn't be logging AutofillPresentationEventReported again for same event
10-09 16:19:48.823  2042  6998 W FillRequestEventLogger: Couldn't find packageName: com.google.android.inputmethod.latin
10-09 16:19:48.844  2042  6998 I InputMethodManagerService: IMMS.showCurrentInputLocked(), flags = 1
10-09 16:19:48.844  2042  6998 D SmartPower: com.google.android.inputmethod.latin/10176(6431): show input method
10-09 16:19:48.844  2042  6998 I DefaultImeVisibilityApplier: IMMS.showCurrentInputLocked request ims to show inputMethod.
10-09 16:19:48.846  2042  6991 W PackageConfigPersister: App-specific configuration not found for packageName: eu.europa.ec.euidi and userId: 0
10-09 16:19:48.858  2042  4565 D AutofillSession: createPendingIntent for request 816
10-09 16:19:48.859  2042  4565 D ContentCapturePerUserService: Notified activity assist data for activity: Token{4152c8f ActivityRecord{30b8ff0 u0 eu.europa.ec.euidi/eu.europa.ec.assemblylogic.ui.MainActivity t6576}} without a session Id
10-09 16:19:48.870  2042  6991 D ActivityManager: checkAllowBackground: uid=10163 pkg=com.google.android.gms rec=UidRecord{3efeecd u0a163 BTOP change:procadj procs:0 seq(874823,425084)} caps=LCMNFU always=false idle=false
10-09 16:19:48.875  2042  6879 I InputMethodManagerService: IMMS.showSoftInput(), client = com.android.internal.inputmethod.IInputMethodClient$Stub$Proxy@16ad4b4
10-09 16:19:48.875  2042  6879 I InputMethodManagerService: IMMS.showCurrentInputLocked(), flags = 0
10-09 16:19:48.875  2042  6879 D SmartPower: com.google.android.inputmethod.latin/10176(6431): show input method
10-09 16:19:48.876  2042  6879 I DefaultImeVisibilityApplier: IMMS.showCurrentInputLocked request ims to show inputMethod.
10-09 16:19:48.881  2042  4589 D ActivityManager: checkAllowBackground: uid=10163 pkg=com.google.android.gms rec=UidRecord{3efeecd u0a163 BTOP change:procadj procs:0 seq(874827,425084)} caps=LCMNFU always=false idle=false
10-09 16:19:48.902  2042  6879 I InputMethodManagerService: IMMS.applyImeVisibility(), setVisible = true, mCurclient = ClientState{90f2e0d mUid=10030 mPid=31059 mSelfReportedDisplayId=0}
10-09 16:19:48.903  2042  6879 I WindowManager: WMS.showImePostLayout(), imeTarget = Window{a4aacb0 u0 eu.europa.ec.euidi/eu.europa.ec.assemblylogic.ui.MainActivity}
10-09 16:19:48.904  2042  2693 I ImeInsetsSourceProvider: ImeInsetsSourceProvider.scheduleShowImePostLayout() Run showImeRunner.
10-09 16:19:48.904  2042  2693 I ImeInsetsSourceProvider: ImeInsetsSourceProvider.scheduleShowImePostLayout() isReadyToShowIme.
10-09 16:19:48.907  2042  4565 D ActivityManager: checkAllowBackground: uid=10163 pkg=com.google.android.gms rec=UidRecord{3efeecd u0a163 BTOP change:procadj procs:0 seq(874831,425084)} caps=LCMNFU always=false idle=false
10-09 16:19:48.909  4304  4484 D OneHandedController: stopOneHanded state is 0
10-09 16:19:48.909  2042  6998 I InputMethodManagerService: IMMS.applyImeVisibility(), setVisible = true, mCurclient = ClientState{90f2e0d mUid=10030 mPid=31059 mSelfReportedDisplayId=0}
10-09 16:19:48.911  2042  6998 I WindowManager: WMS.showImePostLayout(), imeTarget = Window{a4aacb0 u0 eu.europa.ec.euidi/eu.europa.ec.assemblylogic.ui.MainActivity}
10-09 16:19:48.914  2042  2693 I ImeInsetsSourceProvider: ImeInsetsSourceProvider.scheduleShowImePostLayout() Run showImeRunner.
10-09 16:19:48.915  2042  2693 I ImeInsetsSourceProvider: ImeInsetsSourceProvider.scheduleShowImePostLayout() isReadyToShowIme.
10-09 16:19:48.921  4304  4484 D OneHandedController: stopOneHanded state is 0
10-09 16:19:48.945  2042  6998 D ActivityManager: checkAllowBackground: uid=10163 pkg=com.google.android.gms rec=UidRecord{3efeecd u0a163 BTOP change:procadj procs:0 seq(874835,425084)} caps=LCMNFU always=false idle=false
10-09 16:19:48.946  2183  2183 I wificond: station_bandwidth: P
10-09 16:19:48.958  4304  4304 D ArtChoreographerMonitor: invoke error.
10-09 16:19:48.971  2042  6991 I SmartPower: com.google.android.apps.messaging/10165(21061): idle->background(3015ms) R(content provider start ContentProviderRecord{178367 u0 com.google.android.apps.messaging/.shared.datamodel.provider.sharedstorage.SharedStorageProvider}) adj=200.
10-09 16:19:48.993  2042  6991 D ActivityManager: checkAllowBackground: uid=10163 pkg=com.google.android.gms rec=UidRecord{3efeecd u0a163 BTOP change:procadj procs:0 seq(874845,425084)} caps=LCMNFU always=false idle=false
10-09 16:19:49.017  2042  6991 D ActivityManager: checkAllowBackground: uid=10163 pkg=com.google.android.gms rec=UidRecord{3efeecd u0a163 BTOP change:procadj procs:0 seq(874849,425084)} caps=LCMNFU always=false idle=false
10-09 16:19:49.027  2042  6991 D ActivityManager: checkAllowBackground: uid=10163 pkg=com.google.android.gms rec=UidRecord{3efeecd u0a163 BTOP change:procadj procs:0 seq(874853,425084)} caps=LCMNFU always=false idle=false
10-09 16:19:49.115  2042  2802 I ExtM    : runFlush  interval less than FLUSH_INTERVAL_LIMIT, skip flush
10-09 16:19:49.142  4304  4304 D ArtChoreographerMonitor: invoke error.
10-09 16:19:49.300  2042  2042 W FillResponseEventLogger: FillResponseEventLogger is not empty before starting for a new request
10-09 16:19:49.300  2042  2042 D AutofillSession: Service did not request to wait for delayed fill response.
10-09 16:19:49.301  2042  6991 D ActivityManager: checkAllowBackground: uid=10163 pkg=com.google.android.gms rec=UidRecord{3efeecd u0a163 FGS  change:procstateprocadj procs:0 seq(874859,425084)} caps=LCMNFU always=false idle=false
10-09 16:19:49.387   702 30946 I keystore2: system/security/keystore2/src/watchdog.rs:319 - Watchdog thread idle -> terminating. Have a great day.
10-09 16:19:49.601  2042  6991 D WindowManagerService: checkFlipFullScreenChange is same, nowIsFullScreen = false
10-09 16:19:49.604  2042  4565 W PresentationStatsEventLogger: Shouldn't be logging AutofillPresentationEventReported again for same event
10-09 16:19:49.604  2042  4565 W FillRequestEventLogger: Couldn't find packageName: com.google.android.inputmethod.latin
10-09 16:19:49.615  2042  6991 D AutofillSession: createPendingIntent for request 817
10-09 16:19:49.615  2042  6991 D ContentCapturePerUserService: Notified activity assist data for activity: Token{4152c8f ActivityRecord{30b8ff0 u0 eu.europa.ec.euidi/eu.europa.ec.assemblylogic.ui.MainActivity t6576}} without a session Id
10-09 16:19:49.625  2042  4589 D ActivityManager: checkAllowBackground: uid=10163 pkg=com.google.android.gms rec=UidRecord{3efeecd u0a163 FGS  change:procadj procs:0 seq(874863,425084)} caps=LCMNFU always=false idle=false
10-09 16:19:49.630  2042  6991 D ActivityManager: checkAllowBackground: uid=10163 pkg=com.google.android.gms rec=UidRecord{3efeecd u0a163 FGS  change:procadj procs:0 seq(874867,425084)} caps=LCMNFU always=false idle=false
10-09 16:19:49.632  2042  4565 I InputMethodManagerService: IMMS.showCurrentInputLocked(), flags = 1
10-09 16:19:49.632  2042  4565 D SmartPower: com.google.android.inputmethod.latin/10176(6431): show input method
10-09 16:19:49.632  2042  4565 I DefaultImeVisibilityApplier: IMMS.showCurrentInputLocked request ims to show inputMethod.
10-09 16:19:49.635  2042  6991 W PackageConfigPersister: App-specific configuration not found for packageName: eu.europa.ec.euidi and userId: 0
10-09 16:19:49.657  2042  6991 I InputMethodManagerService: IMMS.showSoftInput(), client = com.android.internal.inputmethod.IInputMethodClient$Stub$Proxy@bd59b67
10-09 16:19:49.657  2042  6991 I InputMethodManagerService: IMMS.showCurrentInputLocked(), flags = 0
10-09 16:19:49.657  2042  6991 D SmartPower: com.google.android.inputmethod.latin/10176(6431): show input method
10-09 16:19:49.658  2042  6991 I DefaultImeVisibilityApplier: IMMS.showCurrentInputLocked request ims to show inputMethod.
10-09 16:19:49.686  2042  7011 I InputMethodManagerService: IMMS.applyImeVisibility(), setVisible = true, mCurclient = ClientState{90f2e0d mUid=10030 mPid=31059 mSelfReportedDisplayId=0}
10-09 16:19:49.687  2042  7011 I WindowManager: WMS.showImePostLayout(), imeTarget = Window{a4aacb0 u0 eu.europa.ec.euidi/eu.europa.ec.assemblylogic.ui.MainActivity}
10-09 16:19:49.688  2042  2693 I ImeInsetsSourceProvider: ImeInsetsSourceProvider.scheduleShowImePostLayout() Run showImeRunner.
10-09 16:19:49.688  2042  2693 I ImeInsetsSourceProvider: ImeInsetsSourceProvider.scheduleShowImePostLayout() isReadyToShowIme.
10-09 16:19:49.691  2042  4589 D ActivityManager: checkAllowBackground: uid=10163 pkg=com.google.android.gms rec=UidRecord{3efeecd u0a163 FGS  change:procadj procs:0 seq(874873,425084)} caps=LCMNFU always=false idle=false
10-09 16:19:49.693  4304  4484 D OneHandedController: stopOneHanded state is 0
10-09 16:19:49.701  2042  7011 I InputMethodManagerService: IMMS.applyImeVisibility(), setVisible = true, mCurclient = ClientState{90f2e0d mUid=10030 mPid=31059 mSelfReportedDisplayId=0}
10-09 16:19:49.701  2042  7011 I WindowManager: WMS.showImePostLayout(), imeTarget = Window{a4aacb0 u0 eu.europa.ec.euidi/eu.europa.ec.assemblylogic.ui.MainActivity}
10-09 16:19:49.705  2042  2693 I ImeInsetsSourceProvider: ImeInsetsSourceProvider.scheduleShowImePostLayout() Run showImeRunner.
10-09 16:19:49.707  2042  2693 I ImeInsetsSourceProvider: ImeInsetsSourceProvider.scheduleShowImePostLayout() isReadyToShowIme.
10-09 16:19:49.714  4304  4484 D OneHandedController: stopOneHanded state is 0
10-09 16:19:49.733  2042  4589 D ActivityManager: checkAllowBackground: uid=10163 pkg=com.google.android.gms rec=UidRecord{3efeecd u0a163 FGS  change:procadj procs:0 seq(874877,425084)} caps=LCMNFU always=false idle=false
10-09 16:19:49.760  2042  6879 D ActivityManager: checkAllowBackground: uid=10163 pkg=com.google.android.gms rec=UidRecord{3efeecd u0a163 FGS  change:procadj procs:0 seq(874881,425084)} caps=LCMNFU always=false idle=false
10-09 16:19:49.782  2042  6879 D ActivityManager: checkAllowBackground: uid=10163 pkg=com.google.android.gms rec=UidRecord{3efeecd u0a163 FGS  change:procadj procs:0 seq(874885,425084)} caps=LCMNFU always=false idle=false
10-09 16:19:49.792  2042  6879 D ActivityManager: checkAllowBackground: uid=10163 pkg=com.google.android.gms rec=UidRecord{3efeecd u0a163 FGS  change:procadj procs:0 seq(874889,425084)} caps=LCMNFU always=false idle=false
10-09 16:19:50.067  2042  2929 D PermissionManager: writeLegacyPermissionState for user  in 5 ms.
10-09 16:19:50.069  2042  2042 W FillResponseEventLogger: FillResponseEventLogger is not empty before starting for a new request
10-09 16:19:50.069  2042  2042 D AutofillSession: Service did not request to wait for delayed fill response.
10-09 16:19:50.071  2042  6879 D ActivityManager: checkAllowBackground: uid=10163 pkg=com.google.android.gms rec=UidRecord{3efeecd u0a163 FGS  change:procadj procs:0 seq(874893,425084)} caps=LCMNFU always=false idle=false
10-09 16:19:50.072  2042  6879 I SmartPower: com.google.android.gms/10163(28832): idle->background(8184ms) R(service start com.google.android.gms/.chimera.GmsBoundBrokerService) adj=0.
10-09 16:19:50.159  2042  2802 I ExtM    : runFlush  interval less than FLUSH_INTERVAL_LIMIT, skip flush
10-09 16:19:50.316  2042  4589 D WindowManagerService: checkFlipFullScreenChange is same, nowIsFullScreen = false
10-09 16:19:50.491  2042  6879 W MIUIInput: Input event injection from package: null action ACTION_DOWN
10-09 16:19:50.502  2042  7011 W MIUIInput: Input event injection from package: null action ACTION_UP
10-09 16:19:50.514  2042  6879 W PresentationStatsEventLogger: Shouldn't be logging AutofillPresentationEventReported again for same event
10-09 16:19:50.546  2042  6879 W PresentationStatsEventLogger: Couldn't find packageName: com.google.android.inputmethod.latin
10-09 16:19:50.571  2042  4589 W WindowManager: Requires INTERNAL_SYSTEM_WINDOW permission if assign type to input. New type will be 0.
10-09 16:19:50.581  2042  4589 W WindowManager: Cannot find window which accessibility connection is added to
10-09 16:19:50.606  2042  6991 I InputMethodManagerService: IMMS.showCurrentInputLocked(), flags = 1
10-09 16:19:50.607  2042  6991 D SmartPower: com.google.android.inputmethod.latin/10176(6431): show input method
10-09 16:19:50.607  2042  6991 I DefaultImeVisibilityApplier: IMMS.showCurrentInputLocked request ims to show inputMethod.
10-09 16:19:50.632  2042  6879 I InputMethodManagerService: IMMS.showSoftInput(), client = com.android.internal.inputmethod.IInputMethodClient$Stub$Proxy@f3ba12f
10-09 16:19:50.632  2042  6879 I InputMethodManagerService: IMMS.showCurrentInputLocked(), flags = 0
10-09 16:19:50.632  2042  6879 D SmartPower: com.google.android.inputmethod.latin/10176(6431): show input method
10-09 16:19:50.632  2042  6879 I DefaultImeVisibilityApplier: IMMS.showCurrentInputLocked request ims to show inputMethod.
10-09 16:19:50.634  2042  4079 W PackageConfigPersister: App-specific configuration not found for packageName: eu.europa.ec.euidi and userId: 0
10-09 16:19:50.660  2042  4589 I InputMethodManagerService: IMMS.applyImeVisibility(), setVisible = true, mCurclient = ClientState{90f2e0d mUid=10030 mPid=31059 mSelfReportedDisplayId=0}
10-09 16:19:50.661  2042  4589 I WindowManager: WMS.showImePostLayout(), imeTarget = Window{a4aacb0 u0 eu.europa.ec.euidi/eu.europa.ec.assemblylogic.ui.MainActivity}
10-09 16:19:50.662  2042  6991 D ActivityManager: checkAllowBackground: uid=10163 pkg=com.google.android.gms rec=UidRecord{3efeecd u0a163 FGS  change:procadj procs:0 seq(874897,425084)} caps=LCMNFU always=false idle=false
10-09 16:19:50.663  2042  2693 I ImeInsetsSourceProvider: ImeInsetsSourceProvider.scheduleShowImePostLayout() Run showImeRunner.
10-09 16:19:50.663  2042  2693 I ImeInsetsSourceProvider: ImeInsetsSourceProvider.scheduleShowImePostLayout() isReadyToShowIme.
10-09 16:19:50.666  4304  4484 D OneHandedController: stopOneHanded state is 0
10-09 16:19:50.670  2042  6879 I InputMethodManagerService: IMMS.applyImeVisibility(), setVisible = true, mCurclient = ClientState{90f2e0d mUid=10030 mPid=31059 mSelfReportedDisplayId=0}
10-09 16:19:50.670  2042  6879 I WindowManager: WMS.showImePostLayout(), imeTarget = Window{a4aacb0 u0 eu.europa.ec.euidi/eu.europa.ec.assemblylogic.ui.MainActivity}
10-09 16:19:50.672  2042  2693 I ImeInsetsSourceProvider: ImeInsetsSourceProvider.scheduleShowImePostLayout() Run showImeRunner.
10-09 16:19:50.672  2042  2693 I ImeInsetsSourceProvider: ImeInsetsSourceProvider.scheduleShowImePostLayout() isReadyToShowIme.
10-09 16:19:50.678  4304  4484 D OneHandedController: stopOneHanded state is 0
10-09 16:19:51.080  2042  4079 D PerfShielderService: eu.europa.ec.euidi|eu.europa.ec.euidi/eu.europa.ec.assemblylogic.ui.MainActivity|140|44599902178505|100|2|4
10-09 16:19:51.080  6649  6663 W MiuiPerfServiceClient: interceptAndQueuing:31059|eu.europa.ec.euidi|140|100|44599902178505|Slow handle animation|4
10-09 16:19:51.965  2183  2183 I wificond: station_bandwidth: P
10-09 16:19:51.972  4304  4304 D ArtChoreographerMonitor: invoke error.
10-09 16:19:51.972  2042  3524 I SmartPower: com.google.android.apps.messaging/10165(21061): background->idle(3002ms) R(content provider start ContentProviderRecord{178367 u0 com.google.android.apps.messaging/.shared.datamodel.provider.sharedstorage.SharedStorageProvider}) adj=200.
10-09 16:19:52.075  2042  6991 D ActivityManager: checkAllowBackground: uid=10163 pkg=com.google.android.gms rec=UidRecord{3efeecd u0a163 FGS  change:procadj procs:0 seq(874901,425084)} caps=LCMNFU always=false idle=false
10-09 16:19:52.082  2042  7011 D ActivityManager: checkAllowBackground: uid=10163 pkg=com.google.android.gms rec=UidRecord{3efeecd u0a163 FGS  change:procadj procs:0 seq(874901,425084)} caps=LCMNFU always=false idle=false
10-09 16:19:52.085  2042  6991 I ActivityManager: Broadcast action com.google.android.c2dm.intent.RECEIVE forcing include-background
10-09 16:19:52.086  2042  6991 D ActivityManager: checkAllowBackground: uid=10266 pkg=com.microsoft.teams rec=UidRecord{fae2210 u0a266 CAC  bg:+40s164ms change:procadj procs:0 seq(874564,754028)} caps=------ always=true idle=false
10-09 16:19:52.086  2042  6991 I ActivityManager: App 10266/com.microsoft.teams targets O+, restricted
10-09 16:19:52.086  2042  6991 D ActivityManager: checkAllowBackground: uid=10266 pkg=com.microsoft.teams startMode=2 onallowlist=false onallowlist(ei)=false
10-09 16:19:52.086  2042  2787 D ActivityManager: checkAllowBackground: uid=10266 pkg=com.microsoft.teams rec=UidRecord{fae2210 u0a266 CAC  bg:+40s165ms change:procadj procs:0 seq(874564,754028)} caps=------ always=true idle=false
10-09 16:19:52.086  2042  2787 I ActivityManager: App 10266/com.microsoft.teams targets O+, restricted
10-09 16:19:52.086  2042  2787 D ActivityManager: checkAllowBackground: uid=10266 pkg=com.microsoft.teams startMode=2 onallowlist=false onallowlist(ei)=false
10-09 16:19:52.090  2042  2787 W ProcessStats: Tracking association SourceState{3682bb3 com.miui.analytics/10093 BFgs #122843} whose proc state 4 is better than process ProcessState{6688729 com.miui.securitycenter.remote/1000 pkg=com.miui.securitycenter} proc state 9 (477 skipped)
10-09 16:19:52.090  2042  2787 I SmartPower: com.microsoft.teams/10266(15546): idle->background(4092ms) R(broadcast start Intent { act=com.google.android.c2dm.intent.RECEIVE flg=0x11000010 pkg=com.microsoft.teams (has extras) }) adj=0.
10-09 16:19:52.093  2042  6991 D ActivityManager: checkAllowBackground: uid=10163 pkg=com.google.android.gms rec=UidRecord{3efeecd u0a163 FGS  change:procadj procs:0 seq(874950,425084)} caps=LCMNFU always=false idle=false
10-09 16:19:52.132  2042  7011 D ActivityManager: checkAllowBackground: uid=10266 pkg=com.microsoft.teams rec=UidRecord{fae2210 u0a266 RCVR allowlist change:uncachedprocstateprocadj procs:0 seq(874921,754028)} caps=------ always=false idle=false
10-09 16:19:52.146  4304  4304 D ArtChoreographerMonitor: invoke error.
10-09 16:19:52.565  4304  4304 D ArtChoreographerMonitor: invoke error.
10-09 16:19:52.748  4304  4304 D ArtChoreographerMonitor: invoke error.
10-09 16:19:52.767  4304  4304 D ArtChoreographerMonitor: invoke error.
10-09 16:19:52.769  2042  4565 D ActivityManager: checkAllowBackground: uid=1000 pkg=com.android.systemui rec=UidRecord{b77cac0 1000 PER  fgServices change:procadj procs:0 seq(875124,448524)} caps=LCMNFU always=false idle=false
10-09 16:19:52.839  2042  3516 D SchedBoost: startBoostInternal 2000
10-09 16:19:52.883  2042  4565 I WindowManager: wms.showSurfaceRobustly mWin:Window{db0cee2 u0 com.miui.miwallpaper.wallpaperservice.ImageWallpaper}
10-09 16:19:52.883  2042  4565 I WindowManager: wms.showSurfaceRobustly mWin:Window{24ea150 u0 com.miui.miwallpaper.wallpaperservice.MiuiKeyguardPictorialWallpaper}
10-09 16:19:52.892  2042  4589 D SystemServerTiming: getUserSwitchability-0
10-09 16:19:52.892  2042  4565 D WindowManager: wms.finishDrawingLocked: mDrawState=COMMIT_DRAW_PENDING Window{1a1465a u0 NotificationShade} in Surface(name=NotificationShade#10534)/@0xd09806e
10-09 16:19:52.892  2042  4589 D SystemServerTiming: TM.isInCall
10-09 16:19:52.892  2042  6879 D SystemServerTiming: getUserSwitchability-0
10-09 16:19:52.892  2042  6879 D SystemServerTiming: TM.isInCall
10-09 16:19:52.896  2042  6879 D SystemServerTiming: hasUserRestriction-DISALLOW_USER_SWITCH
10-09 16:19:52.896  2042  6879 D SystemServerTiming: getInt-ALLOW_USER_SWITCHING_WHEN_SYSTEM_USER_LOCKED
10-09 16:19:52.896  2042  6879 D SystemServerTiming: isUserUnlocked-USER_SYSTEM
10-09 16:19:52.896  2042  4589 D SystemServerTiming: hasUserRestriction-DISALLOW_USER_SWITCH
10-09 16:19:52.896  2042  4589 D SystemServerTiming: getInt-ALLOW_USER_SWITCHING_WHEN_SYSTEM_USER_LOCKED
10-09 16:19:52.896  2042  4589 D SystemServerTiming: isUserUnlocked-USER_SYSTEM
10-09 16:19:52.897  2042  2693 I WindowManager: wms.showSurfaceRobustly mWin:Window{1a1465a u0 NotificationShade}
10-09 16:19:53.059  4304  4304 D ArtChoreographerMonitor: invoke error.
10-09 16:19:53.073  2042  3524 I SmartPower: com.google.android.gms/10163(28832): background->idle(3001ms) R(service start com.google.android.gms/.chimera.GmsBoundBrokerService) adj=250.
10-09 16:19:53.336  2042  6998 W NotificationHistory: Attempted to add notif for locked/gone/disabled user 0
10-09 16:19:54.869  2042  3516 D SchedBoost: stopBoostInternal
10-09 16:19:54.976  2183  2183 I wificond: station_bandwidth: P
10-09 16:19:54.978  4304  4304 D ArtChoreographerMonitor: invoke error.
10-09 16:19:55.091  2042  3524 I SmartPower: com.microsoft.teams/10266(15546): background->idle(3000ms) R(broadcast start Intent { act=com.google.android.c2dm.intent.RECEIVE flg=0x11000010 pkg=com.microsoft.teams (has extras) }) adj=900.
10-09 16:19:55.149  4304  4304 D ArtChoreographerMonitor: invoke error.
10-09 16:19:57.987  2183  2183 I wificond: station_bandwidth: P
10-09 16:19:58.004  4304  4304 D ArtChoreographerMonitor: invoke error.
10-09 16:19:58.012  2042  6998 I SmartPower: com.google.android.apps.messaging/10165(21061): idle->background(6039ms) R(content provider start ContentProviderRecord{178367 u0 com.google.android.apps.messaging/.shared.datamodel.provider.sharedstorage.SharedStorageProvider}) adj=200.
10-09 16:19:58.178  4304  4304 D ArtChoreographerMonitor: invoke error.
10-09 16:19:58.519  4304  4304 D ArtChoreographerMonitor: invoke error.
10-09 16:19:58.763  4304  4304 D ArtChoreographerMonitor: invoke error.
10-09 16:20:00.000  2042  3123 D ActivityManager: checkAllowBackground: uid=1000 pkg=android rec=UidRecord{b77cac0 1000 PER  fgServices change:procadj procs:0 seq(875124,448524)} caps=LCMNFU always=false idle=false
10-09 16:20:00.000  2042  3123 D AlarmManager: mBroadcastRefCount -> 1
10-09 16:20:00.001  2042  2042 D AlarmManager: mBroadcastRefCount -> 0
10-09 16:20:00.001  2042  2042 D AlarmManager: mPendingIntent -> null
10-09 16:20:00.002  4304  4304 D ArtChoreographerMonitor: invoke error.
10-09 16:20:00.183  4304  4304 D ArtChoreographerMonitor: invoke error.
10-09 16:20:00.999  2183  2183 I wificond: station_bandwidth: P
10-09 16:20:01.009  4304  4304 D ArtChoreographerMonitor: invoke error.
10-09 16:20:01.012  2042  3524 I SmartPower: com.google.android.apps.messaging/10165(21061): background->idle(3001ms) R(content provider start ContentProviderRecord{178367 u0 com.google.android.apps.messaging/.shared.datamodel.provider.sharedstorage.SharedStorageProvider}) adj=200.
10-09 16:20:01.179  4304  4304 D ArtChoreographerMonitor: invoke error.
10-09 16:20:02.078  2042  3123 D AlarmManager: mBroadcastRefCount -> 1
10-09 16:20:02.085  2042  2075 D ActivityManager: checkAllowBackground: uid=1000 pkg=android rec=UidRecord{b77cac0 1000 PER  fgServices allowlist change:procadj procs:0 seq(875242,448524)} caps=LCMNFU always=false idle=false
10-09 16:20:02.085  2042  2042 D AlarmManager: mBroadcastRefCount -> 0
10-09 16:20:02.085  2042  2042 D AlarmManager: mPendingIntent -> PendingIntent{659bd1f: PendingIntentRecord{cf286c android broadcastIntent}}
10-09 16:20:02.584  4304  4304 D ArtChoreographerMonitor: invoke error.
10-09 16:20:02.702   702 31286 I keystore2: system/security/keystore2/src/watchdog.rs:319 - Watchdog thread idle -> terminating. Have a great day.
10-09 16:20:02.764  4304  4304 D ArtChoreographerMonitor: invoke error.
10-09 16:20:04.011  2183  2183 I wificond: station_bandwidth: P
10-09 16:20:04.014  4304  4304 D ArtChoreographerMonitor: invoke error.
10-09 16:20:04.030  2042  2761 W ProcessStats: Tracking association SourceState{7ca6330 com.google.android.gms.persistent/10163 Fgs #122874} whose proc state 3 is better than process ProcessState{77bc03 com.google.android.gms/10163 pkg=com.google.android.gms} proc state 4 (198 skipped)
10-09 16:20:04.033  2042  4589 I SmartPower: com.google.android.apps.messaging/10165(21061): idle->background(3020ms) R(content provider start ContentProviderRecord{178367 u0 com.google.android.apps.messaging/.shared.datamodel.provider.sharedstorage.SharedStorageProvider}) adj=200.
10-09 16:20:04.203  4304  4304 D ArtChoreographerMonitor: invoke error.
10-09 16:20:04.795  2042  4589 I SmartPower: com.google.android.gms/10163(28832): idle->background(11721ms) R(service unbind com.google.android.gms/.chimera.GmsInternalApiService) adj=250.
10-09 16:20:07.023  2183  2183 I wificond: station_bandwidth: P
10-09 16:20:07.025  4304  4304 D ArtChoreographerMonitor: invoke error.
10-09 16:20:07.034  2042  3524 I SmartPower: com.google.android.apps.messaging/10165(21061): background->idle(3002ms) R(content provider start ContentProviderRecord{178367 u0 com.google.android.apps.messaging/.shared.datamodel.provider.sharedstorage.SharedStorageProvider}) adj=200.
10-09 16:20:07.209  4304  4304 D ArtChoreographerMonitor: invoke error.
10-09 16:20:07.795  2042  3524 I SmartPower: com.google.android.gms/10163(28832): background->idle(3001ms) R(service unbind com.google.android.gms/.chimera.GmsInternalApiService) adj=600.
10-09 16:20:10.035  2183  2183 I wificond: station_bandwidth: P
10-09 16:20:10.038  4304  4304 D ArtChoreographerMonitor: invoke error.
10-09 16:20:10.207  4304  4304 D ArtChoreographerMonitor: invoke error.
10-09 16:20:12.555  2042  2702 D HeapUsage Monitor: HeapAllocSize : 95MB; monitorSize : 500MB
10-09 16:20:13.047  2183  2183 I wificond: station_bandwidth: P
10-09 16:20:14.401  2042  2042 D UiModeManager: updateConfigurationLocked: mDockState=0; mCarMode=false; mCar=false; mPowerSave=false; mOverrideNightModeOn=false; mOverrideNightModeOff=false; mComputedNightMode=false; mNightMode=1; uiMode=17
10-09 16:20:14.897  2042  2787 I SmartPower: com.xiaomi.discover/10121(23492): idle->background(26902ms) R(broadcast start Intent { act=android.intent.action.BATTERY_CHANGED flg=0x60000010 (has extras) }) adj=905.
10-09 16:20:14.898  2042  2787 I SmartPower: com.miui.android.fashiongallery/10228(32611): idle->background(26902ms) R(broadcast start Intent { act=android.intent.action.BATTERY_CHANGED flg=0x60000010 (has extras) }) adj=935.
10-09 16:20:14.898  2042  2787 I SmartPower: com.facebook.appmanager/10138(27658): idle->background(26901ms) R(broadcast start Intent { act=android.intent.action.BATTERY_CHANGED flg=0x60000010 (has extras) }) adj=905.
10-09 16:20:14.898  2042  2787 I SmartPower: com.facebook.katana/10243(13231): idle->background(26900ms) R(broadcast start Intent { act=android.intent.action.BATTERY_CHANGED flg=0x60000010 (has extras) }) adj=905.
10-09 16:20:14.899  2042  2787 I SmartPower: com.google.android.apps.tachyon/10226(15532): idle->background(26900ms) R(broadcast start Intent { act=android.intent.action.BATTERY_CHANGED flg=0x60000010 (has extras) }) adj=965.
10-09 16:20:14.899  2042  2787 I SmartPower: com.microsoft.teams/10266(15546): idle->background(19808ms) R(broadcast start Intent { act=android.intent.action.BATTERY_CHANGED flg=0x60000010 (has extras) }) adj=900.
10-09 16:20:14.900  2042  2787 I SmartPower: com.google.android.apps.magazines/10234(19722): idle->background(26899ms) R(broadcast start Intent { act=android.intent.action.BATTERY_CHANGED flg=0x60000010 (has extras) }) adj=905.
10-09 16:20:14.900  2042  2787 I SmartPower: com.android.chrome/10172(25786): idle->background(29414ms) R(broadcast start Intent { act=android.intent.action.BATTERY_CHANGED flg=0x60000010 (has extras) }) adj=700.
10-09 16:20:16.057  2183  2183 I wificond: station_bandwidth: P
10-09 16:20:16.070  4304  4304 D ArtChoreographerMonitor: invoke error.
10-09 16:20:16.081  2042  7011 W ProcessStats: Tracking association SourceState{7ca6330 com.google.android.gms.persistent/10163 Fgs #122885} whose proc state 3 is better than process ProcessState{77bc03 com.google.android.gms/10163 pkg=com.google.android.gms} proc state 4 (71 skipped)
10-09 16:20:16.082  2042  7011 I SmartPower: com.google.android.apps.messaging/10165(21061): idle->background(9047ms) R(content provider start ContentProviderRecord{178367 u0 com.google.android.apps.messaging/.shared.datamodel.provider.sharedstorage.SharedStorageProvider}) adj=200.
10-09 16:20:16.244  4304  4304 D ArtChoreographerMonitor: invoke error.
10-09 16:20:17.899  2042  3524 I SmartPower: com.xiaomi.discover/10121(23492): background->idle(3001ms) R(broadcast start Intent { act=android.intent.action.BATTERY_CHANGED flg=0x60000010 (has extras) }) adj=905.
10-09 16:20:17.899  2042  3524 I SmartPower: com.miui.android.fashiongallery/10228(32611): background->idle(3001ms) R(broadcast start Intent { act=android.intent.action.BATTERY_CHANGED flg=0x60000010 (has extras) }) adj=915.
10-09 16:20:17.899  2042  3524 I SmartPower: com.facebook.appmanager/10138(27658): background->idle(3001ms) R(broadcast start Intent { act=android.intent.action.BATTERY_CHANGED flg=0x60000010 (has extras) }) adj=905.
10-09 16:20:17.899  2042  3524 I SmartPower: com.facebook.katana/10243(13231): background->idle(3000ms) R(broadcast start Intent { act=android.intent.action.BATTERY_CHANGED flg=0x60000010 (has extras) }) adj=905.
10-09 16:20:17.899  2042  3524 I SmartPower: com.google.android.apps.tachyon/10226(15532): background->idle(3000ms) R(broadcast start Intent { act=android.intent.action.BATTERY_CHANGED flg=0x60000010 (has extras) }) adj=965.
10-09 16:20:17.900  2042  3524 I SmartPower: com.microsoft.teams/10266(15546): background->idle(3002ms) R(broadcast start Intent { act=android.intent.action.BATTERY_CHANGED flg=0x60000010 (has extras) }) adj=900.
10-09 16:20:17.900  2042  3524 I SmartPower: com.google.android.apps.magazines/10234(19722): background->idle(3001ms) R(broadcast start Intent { act=android.intent.action.BATTERY_CHANGED flg=0x60000010 (has extras) }) adj=905.
10-09 16:20:17.900  2042  3524 I SmartPower: com.android.chrome/10172(25786): background->idle(3000ms) R(broadcast start Intent { act=android.intent.action.BATTERY_CHANGED flg=0x60000010 (has extras) }) adj=700.
10-09 16:20:19.070  2183  2183 I wificond: station_bandwidth: P
10-09 16:20:19.082  2042  3524 I SmartPower: com.google.android.apps.messaging/10165(21061): background->idle(3000ms) R(content provider start ContentProviderRecord{178367 u0 com.google.android.apps.messaging/.shared.datamodel.provider.sharedstorage.SharedStorageProvider}) adj=200.
10-09 16:20:22.080  2183  2183 I wificond: station_bandwidth: P
10-09 16:20:22.564  4304  4304 D ArtChoreographerMonitor: invoke error.
10-09 16:20:22.745  4304  4304 D ArtChoreographerMonitor: invoke error.
10-09 16:20:23.827  4304  4304 D ArtChoreographerMonitor: invoke error.
10-09 16:20:23.999  4304  4304 D ArtChoreographerMonitor: invoke error.
10-09 16:20:25.091  2183  2183 I wificond: station_bandwidth: P
10-09 16:20:25.102  4304  4304 D ArtChoreographerMonitor: invoke error.
10-09 16:20:25.109  2042  6998 I SmartPower: com.google.android.apps.messaging/10165(21061): idle->background(6027ms) R(content provider start ContentProviderRecord{178367 u0 com.google.android.apps.messaging/.shared.datamodel.provider.sharedstorage.SharedStorageProvider}) adj=200.
10-09 16:20:25.278  4304  4304 D ArtChoreographerMonitor: invoke error.
10-09 16:20:25.288  2042  2042 D UiModeManager: updateConfigurationLocked: mDockState=0; mCarMode=false; mCar=false; mPowerSave=false; mOverrideNightModeOn=false; mOverrideNightModeOff=false; mComputedNightMode=false; mNightMode=1; uiMode=17
10-09 16:20:25.783  2042  2787 I SmartPower: com.xiaomi.discover/10121(23492): idle->background(7884ms) R(broadcast start Intent { act=android.intent.action.BATTERY_CHANGED flg=0x60000010 (has extras) }) adj=905.
10-09 16:20:25.783  2042  2787 I SmartPower: com.miui.android.fashiongallery/10228(32611): idle->background(7884ms) R(broadcast start Intent { act=android.intent.action.BATTERY_CHANGED flg=0x60000010 (has extras) }) adj=915.
10-09 16:20:25.783  2042  2787 I SmartPower: com.facebook.appmanager/10138(27658): idle->background(7885ms) R(broadcast start Intent { act=android.intent.action.BATTERY_CHANGED flg=0x60000010 (has extras) }) adj=905.
10-09 16:20:25.783  2042  2787 I SmartPower: com.facebook.katana/10243(13231): idle->background(7885ms) R(broadcast start Intent { act=android.intent.action.BATTERY_CHANGED flg=0x60000010 (has extras) }) adj=905.
10-09 16:20:25.784  2042  2787 I SmartPower: com.google.android.apps.tachyon/10226(15532): idle->background(7885ms) R(broadcast start Intent { act=android.intent.action.BATTERY_CHANGED flg=0x60000010 (has extras) }) adj=965.
10-09 16:20:25.784  2042  2787 I SmartPower: com.microsoft.teams/10266(15546): idle->background(7884ms) R(broadcast start Intent { act=android.intent.action.BATTERY_CHANGED flg=0x60000010 (has extras) }) adj=900.
10-09 16:20:25.785  2042  2787 I SmartPower: com.google.android.apps.magazines/10234(19722): idle->background(7884ms) R(broadcast start Intent { act=android.intent.action.BATTERY_CHANGED flg=0x60000010 (has extras) }) adj=905.
10-09 16:20:25.785  2042  2787 I SmartPower: com.android.chrome/10172(25786): idle->background(7884ms) R(broadcast start Intent { act=android.intent.action.BATTERY_CHANGED flg=0x60000010 (has extras) }) adj=700.
10-09 16:20:27.472  2042  2042 D UiModeManager: updateConfigurationLocked: mDockState=0; mCarMode=false; mCar=false; mPowerSave=false; mOverrideNightModeOn=false; mOverrideNightModeOff=false; mComputedNightMode=false; mNightMode=1; uiMode=17
10-09 16:20:28.100  2183  2183 I wificond: station_bandwidth: P
10-09 16:20:28.102  4304  4304 D ArtChoreographerMonitor: invoke error.
10-09 16:20:28.109  2042  3524 I SmartPower: com.google.android.apps.messaging/10165(21061): background->idle(3000ms) R(content provider start ContentProviderRecord{178367 u0 com.google.android.apps.messaging/.shared.datamodel.provider.sharedstorage.SharedStorageProvider}) adj=200.
10-09 16:20:28.275  4304  4304 D ArtChoreographerMonitor: invoke error.
10-09 16:20:28.783  2042  3524 I SmartPower: com.xiaomi.discover/10121(23492): background->idle(3000ms) R(broadcast start Intent { act=android.intent.action.BATTERY_CHANGED flg=0x60000010 (has extras) }) adj=905.
10-09 16:20:28.783  2042  3524 I SmartPower: com.miui.android.fashiongallery/10228(32611): background->idle(3000ms) R(broadcast start Intent { act=android.intent.action.BATTERY_CHANGED flg=0x60000010 (has extras) }) adj=915.
10-09 16:20:28.784  2042  3524 I SmartPower: com.facebook.appmanager/10138(27658): background->idle(3000ms) R(broadcast start Intent { act=android.intent.action.BATTERY_CHANGED flg=0x60000010 (has extras) }) adj=905.
10-09 16:20:28.784  2042  3524 I SmartPower: com.facebook.katana/10243(13231): background->idle(3001ms) R(broadcast start Intent { act=android.intent.action.BATTERY_CHANGED flg=0x60000010 (has extras) }) adj=905.
10-09 16:20:28.784  2042  3524 I SmartPower: com.google.android.apps.tachyon/10226(15532): background->idle(3001ms) R(broadcast start Intent { act=android.intent.action.BATTERY_CHANGED flg=0x60000010 (has extras) }) adj=965.
10-09 16:20:28.784  2042  3524 I SmartPower: com.microsoft.teams/10266(15546): background->idle(3000ms) R(broadcast start Intent { act=android.intent.action.BATTERY_CHANGED flg=0x60000010 (has extras) }) adj=900.
10-09 16:20:28.786  2042  3524 I SmartPower: com.google.android.apps.magazines/10234(19722): background->idle(3001ms) R(broadcast start Intent { act=android.intent.action.BATTERY_CHANGED flg=0x60000010 (has extras) }) adj=905.
10-09 16:20:28.786  2042  3524 I SmartPower: com.android.chrome/10172(25786): background->idle(3001ms) R(broadcast start Intent { act=android.intent.action.BATTERY_CHANGED flg=0x60000010 (has extras) }) adj=700.
10-09 16:20:29.422  2042  2802 I ExtM    : reportMemPressure: 1, start flush
10-09 16:20:29.464  2042  3997 E ExtM    : can_flush_idle_pages:36613 flush_number_adjust: 5000
10-09 16:20:29.464  2042  3997 D MFZ     : Report MEM_PRESSURE_LOW!  Flush Level is: 10 Need Flush: 5000 pages 
10-09 16:20:29.506  2042  3997 D MFZ     : before Flush idle_stats: 2941 5297 9901 1179 293 1217 1241 802 1732 36613
10-09 16:20:29.506  2042  3997 W ExtM    : Flush thread start , 5000 pages need to flush
10-09 16:20:29.506   674 31306 D vold    : flush task started
10-09 16:20:29.510 31307 31307 D vold    :  flush Pid = 31307
10-09 16:20:29.512 31307 31307 D vold    : set cpu affinity policy success
10-09 16:20:30.128 31307 31307 D vold    :  success write idle > /sys/block/zram0/writeback
10-09 16:20:30.509   674 31306 D vold    : flush process has been finished in normal with status: 0
10-09 16:20:30.510   674 31306 D vold    :  listener->onFinished 
10-09 16:20:30.510  2042  7011 W ExtM    : Flush finished with status: 0
10-09 16:20:30.552  2042  7011 D MFZ     : Flush finished! After Flush idle_stats: 2941 5297 9901 1179 293 1217 1241 802 1732 31613
10-09 16:20:30.552  2042  7011 D MFZ     : Flush finished! After Flush bd_stats:    42609      497    45000
10-09 16:20:30.552  2042  7011 D MFZ     : Flush finished! After Flush zramFreeKb: 3149720KB
10-09 16:20:30.552  2042  7011 I ExtM    : 5000(19 m) pages flushed
10-09 16:20:30.552  2042  7011 I ExtM    : After flushing
10-09 16:20:30.552  2042  7011 I ExtM    : Total stat:
10-09 16:20:30.552  2042  7011 I ExtM    :   total marked 0(0 m), total flushed 45000(175 m)
10-09 16:20:30.552  2042  7011 I ExtM    :   wb stat:    42609      497    45000
10-09 16:20:30.553  2042  7011 I ExtM    :   mm stat: 3190587392 838948683 889532416        0 1047769088    40802   561407    12061    62457    26274     5712
10-09 16:20:31.043  2042  2802 I ExtM    : runFlush  interval less than FLUSH_INTERVAL_LIMIT, skip flush
10-09 16:20:31.108  2183  2183 I wificond: station_bandwidth: P
10-09 16:20:31.141  2042  2761 W ProcessStats: Tracking association SourceState{7ca6330 com.google.android.gms.persistent/10163 Fgs #122888} whose proc state 3 is better than process ProcessState{77bc03 com.google.android.gms/10163 pkg=com.google.android.gms} proc state 4 (8 skipped)
10-09 16:20:32.083  2042  3123 D AlarmManager: mBroadcastRefCount -> 1
10-09 16:20:32.087  2042  2075 D ActivityManager: checkAllowBackground: uid=1000 pkg=android rec=UidRecord{b77cac0 1000 PER  fgServices allowlist change:procadj procs:0 seq(875552,448524)} caps=LCMNFU always=false idle=false
10-09 16:20:32.087  2042  2042 D AlarmManager: mBroadcastRefCount -> 0
10-09 16:20:32.087  2042  2042 D AlarmManager: mPendingIntent -> PendingIntent{659bd1f: PendingIntentRecord{cf286c android broadcastIntent}}
10-09 16:20:32.471  2042  2042 D UiModeManager: updateConfigurationLocked: mDockState=0; mCarMode=false; mCar=false; mPowerSave=false; mOverrideNightModeOn=false; mOverrideNightModeOff=false; mComputedNightMode=false; mNightMode=1; uiMode=17
10-09 16:20:32.966  2042  2787 I SmartPower: com.xiaomi.discover/10121(23492): idle->background(4183ms) R(broadcast start Intent { act=android.intent.action.BATTERY_CHANGED flg=0x60000010 (has extras) }) adj=905.
10-09 16:20:32.966  2042  2787 I SmartPower: com.miui.android.fashiongallery/10228(32611): idle->background(4184ms) R(broadcast start Intent { act=android.intent.action.BATTERY_CHANGED flg=0x60000010 (has extras) }) adj=935.
10-09 16:20:32.967  2042  2787 I SmartPower: com.facebook.appmanager/10138(27658): idle->background(4183ms) R(broadcast start Intent { act=android.intent.action.BATTERY_CHANGED flg=0x60000010 (has extras) }) adj=905.
10-09 16:20:32.967  2042  2787 I SmartPower: com.facebook.katana/10243(13231): idle->background(4182ms) R(broadcast start Intent { act=android.intent.action.BATTERY_CHANGED flg=0x60000010 (has extras) }) adj=905.
10-09 16:20:32.968  2042  2787 I SmartPower: com.google.android.apps.tachyon/10226(15532): idle->background(4183ms) R(broadcast start Intent { act=android.intent.action.BATTERY_CHANGED flg=0x60000010 (has extras) }) adj=965.
10-09 16:20:32.968  2042  2787 I SmartPower: com.microsoft.teams/10266(15546): idle->background(4183ms) R(broadcast start Intent { act=android.intent.action.BATTERY_CHANGED flg=0x60000010 (has extras) }) adj=900.
10-09 16:20:32.968  2042  2787 I SmartPower: com.google.android.apps.magazines/10234(19722): idle->background(4183ms) R(broadcast start Intent { act=android.intent.action.BATTERY_CHANGED flg=0x60000010 (has extras) }) adj=905.
10-09 16:20:32.969  2042  2787 I SmartPower: com.android.chrome/10172(25786): idle->background(4183ms) R(broadcast start Intent { act=android.intent.action.BATTERY_CHANGED flg=0x60000010 (has extras) }) adj=700.
10-09 16:20:34.117  2183  2183 I wificond: station_bandwidth: P
10-09 16:20:35.968  2042  3524 I SmartPower: com.xiaomi.discover/10121(23492): background->idle(3002ms) R(broadcast start Intent { act=android.intent.action.BATTERY_CHANGED flg=0x60000010 (has extras) }) adj=905.
10-09 16:20:35.968  2042  3524 I SmartPower: com.miui.android.fashiongallery/10228(32611): background->idle(3001ms) R(broadcast start Intent { act=android.intent.action.BATTERY_CHANGED flg=0x60000010 (has extras) }) adj=935.
10-09 16:20:35.968  2042  3524 I SmartPower: com.facebook.appmanager/10138(27658): background->idle(3001ms) R(broadcast start Intent { act=android.intent.action.BATTERY_CHANGED flg=0x60000010 (has extras) }) adj=905.
10-09 16:20:35.968  2042  3524 I SmartPower: com.facebook.katana/10243(13231): background->idle(3001ms) R(broadcast start Intent { act=android.intent.action.BATTERY_CHANGED flg=0x60000010 (has extras) }) adj=905.
10-09 16:20:35.968  2042  3524 I SmartPower: com.google.android.apps.tachyon/10226(15532): background->idle(3000ms) R(broadcast start Intent { act=android.intent.action.BATTERY_CHANGED flg=0x60000010 (has extras) }) adj=965.
10-09 16:20:35.970  2042  3524 I SmartPower: com.microsoft.teams/10266(15546): background->idle(3002ms) R(broadcast start Intent { act=android.intent.action.BATTERY_CHANGED flg=0x60000010 (has extras) }) adj=900.
10-09 16:20:35.970  2042  3524 I SmartPower: com.google.android.apps.magazines/10234(19722): background->idle(3001ms) R(broadcast start Intent { act=android.intent.action.BATTERY_CHANGED flg=0x60000010 (has extras) }) adj=905.
10-09 16:20:35.970  2042  3524 I SmartPower: com.android.chrome/10172(25786): background->idle(3001ms) R(broadcast start Intent { act=android.intent.action.BATTERY_CHANGED flg=0x60000010 (has extras) }) adj=700.
10-09 16:20:37.126  2183  2183 I wificond: station_bandwidth: P
10-09 16:20:37.128  4304  4304 D ArtChoreographerMonitor: invoke error.
10-09 16:20:37.299  4304  4304 D ArtChoreographerMonitor: invoke error.
10-09 16:20:40.134  2183  2183 I wificond: station_bandwidth: P
10-09 16:20:42.088  2042  3110 W ProcessStats: Tracking association SourceState{3682bb3 com.miui.analytics/10093 BFgs #122891} whose proc state 4 is better than process ProcessState{6688729 com.miui.securitycenter.remote/1000 pkg=com.miui.securitycenter} proc state 9 (29 skipped)
10-09 16:20:42.555  2042  2702 D HeapUsage Monitor: HeapAllocSize : 100MB; monitorSize : 500MB
10-09 16:20:43.138  2183  2183 I wificond: station_bandwidth: P
10-09 16:20:43.140  4304  4304 D ArtChoreographerMonitor: invoke error.
10-09 16:20:43.312  4304  4304 D ArtChoreographerMonitor: invoke error.
10-09 16:20:46.149  2183  2183 I wificond: station_bandwidth: P
10-09 16:20:46.151  4304  4304 D ArtChoreographerMonitor: invoke error.
10-09 16:20:46.321  4304  4304 D ArtChoreographerMonitor: invoke error.
10-09 16:20:46.323  2042  2042 D UiModeManager: updateConfigurationLocked: mDockState=0; mCarMode=false; mCar=false; mPowerSave=false; mOverrideNightModeOn=false; mOverrideNightModeOff=false; mComputedNightMode=false; mNightMode=1; uiMode=17
10-09 16:20:46.817  2042  2787 I SmartPower: com.xiaomi.discover/10121(23492): idle->background(10850ms) R(broadcast start Intent { act=android.intent.action.BATTERY_CHANGED flg=0x60000010 (has extras) }) adj=905.
10-09 16:20:46.818  2042  2787 I SmartPower: com.miui.android.fashiongallery/10228(32611): idle->background(10850ms) R(broadcast start Intent { act=android.intent.action.BATTERY_CHANGED flg=0x60000010 (has extras) }) adj=935.
10-09 16:20:46.818  2042  2787 I SmartPower: com.facebook.appmanager/10138(27658): idle->background(10850ms) R(broadcast start Intent { act=android.intent.action.BATTERY_CHANGED flg=0x60000010 (has extras) }) adj=905.
10-09 16:20:46.818  2042  2787 I SmartPower: com.facebook.katana/10243(13231): idle->background(10850ms) R(broadcast start Intent { act=android.intent.action.BATTERY_CHANGED flg=0x60000010 (has extras) }) adj=905.
10-09 16:20:46.819  2042  2787 I SmartPower: com.google.android.apps.tachyon/10226(15532): idle->background(10851ms) R(broadcast start Intent { act=android.intent.action.BATTERY_CHANGED flg=0x60000010 (has extras) }) adj=965.
10-09 16:20:46.819  2042  2787 I SmartPower: com.microsoft.teams/10266(15546): idle->background(10849ms) R(broadcast start Intent { act=android.intent.action.BATTERY_CHANGED flg=0x60000010 (has extras) }) adj=900.
10-09 16:20:46.819  2042  2787 I SmartPower: com.google.android.apps.magazines/10234(19722): idle->background(10850ms) R(broadcast start Intent { act=android.intent.action.BATTERY_CHANGED flg=0x60000010 (has extras) }) adj=905.
10-09 16:20:46.821  2042  2787 I SmartPower: com.android.chrome/10172(25786): idle->background(10852ms) R(broadcast start Intent { act=android.intent.action.BATTERY_CHANGED flg=0x60000010 (has extras) }) adj=700.
10-09 16:20:48.553  2042  2042 D UiModeManager: updateConfigurationLocked: mDockState=0; mCarMode=false; mCar=false; mPowerSave=false; mOverrideNightModeOn=false; mOverrideNightModeOff=false; mComputedNightMode=false; mNightMode=1; uiMode=17
10-09 16:20:49.160  2183  2183 I wificond: station_bandwidth: P
10-09 16:20:49.181  4304  4304 D ArtChoreographerMonitor: invoke error.
10-09 16:20:49.189  2042  4589 I SmartPower: com.google.android.apps.messaging/10165(21061): idle->background(21080ms) R(content provider start ContentProviderRecord{178367 u0 com.google.android.apps.messaging/.shared.datamodel.provider.sharedstorage.SharedStorageProvider}) adj=200.
10-09 16:20:49.351  4304  4304 D ArtChoreographerMonitor: invoke error.
10-09 16:20:49.818  2042  3524 I SmartPower: com.xiaomi.discover/10121(23492): background->idle(3001ms) R(broadcast start Intent { act=android.intent.action.BATTERY_CHANGED flg=0x60000010 (has extras) }) adj=905.
