10-09 16:25:42.362  2042  3524 I SmartPower: com.facebook.appmanager/10138(27658): background->idle(3001ms) R(broadcast start Intent { act=android.intent.action.BATTERY_CHANGED flg=0x60000010 (has extras) }) adj=905.
10-09 16:25:42.362  2042  3524 I SmartPower: com.facebook.katana/10243(13231): background->idle(3000ms) R(broadcast start Intent { act=android.intent.action.BATTERY_CHANGED flg=0x60000010 (has extras) }) adj=905.
10-09 16:25:42.362  2042  3524 I SmartPower: com.google.android.apps.tachyon/10226(15532): background->idle(3000ms) R(broadcast start Intent { act=android.intent.action.BATTERY_CHANGED flg=0x60000010 (has extras) }) adj=965.
10-09 16:25:42.363  2042  3524 I SmartPower: com.microsoft.teams/10266(15546): background->idle(3001ms) R(broadcast start Intent { act=android.intent.action.BATTERY_CHANGED flg=0x60000010 (has extras) }) adj=900.
10-09 16:25:42.365  2042  3524 I SmartPower: com.google.android.apps.magazines/10234(19722): background->idle(3003ms) R(broadcast start Intent { act=android.intent.action.BATTERY_CHANGED flg=0x60000010 (has extras) }) adj=905.
10-09 16:25:42.558  2042  2702 D HeapUsage Monitor: HeapAllocSize : 105MB; monitorSize : 500MB
10-09 16:25:43.157  4304  4304 I MiuiChargeManager: notifyBatteryStatusChanged:  status: 2 isPlugged: 1 level: 100 wireState: 11 chargeSpeed: 1 mChargeType: 1 chargeDeviceType: 1 maxChargingWattage: 33 isCarCharge: -1 SUPPORT_BROADCAST_QUICK_CHARGE: true
10-09 16:25:43.161  2042  2042 D ActivityManager: checkAllowBackground: uid=1000 pkg=com.android.settings rec=UidRecord{b77cac0 1000 PER  fgServices change:procadj procs:0 seq(878454,448524)} caps=LCMNFU always=true idle=false
10-09 16:25:43.161  2042  2042 I ActivityManager: App 1000/com.android.settings targets O+, restricted
10-09 16:25:43.161  2042  2042 D ActivityManager: checkAllowBackground: uid=1000 pkg=com.android.settings startMode=2 onallowlist=false onallowlist(ei)=false
10-09 16:25:43.161  2042  2042 D ActivityManager: checkAllowBackground: uid=10162 pkg=com.google.android.apps.turbo rec=UidRecord{d86792b u0a162 CEM  idle change:procadj procs:0 seq(878412,272698)} caps=------ always=true idle=true
10-09 16:25:43.161  2042  2042 I ActivityManager: App 10162/com.google.android.apps.turbo targets O+, restricted
10-09 16:25:43.161  2042  2042 D ActivityManager: checkAllowBackground: uid=10162 pkg=com.google.android.apps.turbo startMode=2 onallowlist=false onallowlist(ei)=true
10-09 16:25:43.161  2042  2787 D ActivityManager: checkAllowBackground: uid=1000 pkg=com.android.settings rec=UidRecord{b77cac0 1000 PER  fgServices change:procadj procs:0 seq(878454,448524)} caps=LCMNFU always=true idle=false
10-09 16:25:43.161  2042  2787 I ActivityManager: App 1000/com.android.settings targets O+, restricted
10-09 16:25:43.161  2042  2787 D ActivityManager: checkAllowBackground: uid=1000 pkg=com.android.settings startMode=2 onallowlist=false onallowlist(ei)=false
10-09 16:25:43.162  2042  2787 D ActivityManager: checkAllowBackground: uid=10162 pkg=com.google.android.apps.turbo rec=UidRecord{d86792b u0a162 CEM  idle change:procadj procs:0 seq(878412,272698)} caps=------ always=true idle=true
10-09 16:25:43.162  2042  2787 I ActivityManager: App 10162/com.google.android.apps.turbo targets O+, restricted
10-09 16:25:43.162  2042  2787 D ActivityManager: checkAllowBackground: uid=10162 pkg=com.google.android.apps.turbo startMode=2 onallowlist=false onallowlist(ei)=true
10-09 16:25:43.163  2042  2787 I SmartPower: com.google.android.apps.turbo/10162(22201): idle->background(639129ms) R(broadcast start Intent { act=android.intent.action.BATTERY_LEVEL_CHANGED flg=0x1000010 (has extras) }) adj=915.
10-09 16:25:43.163  2042  2042 D UiModeManager: updateConfigurationLocked: mDockState=0; mCarMode=false; mCar=false; mPowerSave=false; mOverrideNightModeOn=false; mOverrideNightModeOff=false; mComputedNightMode=false; mNightMode=1; uiMode=17
10-09 16:25:43.164  4304  4304 D ArtChoreographerMonitor: invoke error.
10-09 16:25:43.355  4304  4304 D ArtChoreographerMonitor: invoke error.
10-09 16:25:43.418  2042  2042 D UiModeManager: updateConfigurationLocked: mDockState=0; mCarMode=false; mCar=false; mPowerSave=false; mOverrideNightModeOn=false; mOverrideNightModeOff=false; mComputedNightMode=false; mNightMode=1; uiMode=17
10-09 16:25:44.122  2183  2183 I wificond: station_bandwidth: P
10-09 16:25:46.164  2042  3524 I SmartPower: com.google.android.apps.turbo/10162(22201): background->idle(3002ms) R(broadcast start Intent { act=android.intent.action.BATTERY_LEVEL_CHANGED flg=0x1000010 (has extras) }) adj=905.
10-09 16:25:47.132  2183  2183 I wificond: station_bandwidth: P
10-09 16:25:47.133  4304  4304 D ArtChoreographerMonitor: invoke error.
10-09 16:25:47.306  4304  4304 D ArtChoreographerMonitor: invoke error.
10-09 16:25:50.142  2183  2183 I wificond: station_bandwidth: P
10-09 16:25:50.144  4304  4304 D ArtChoreographerMonitor: invoke error.
10-09 16:25:50.315  4304  4304 D ArtChoreographerMonitor: invoke error.
10-09 16:25:53.151  2183  2183 I wificond: station_bandwidth: P
10-09 16:25:53.184  8316  8665 E KernelRpmStatsReader: Failure reading rpm stats
10-09 16:25:53.184  8316  8665 E KernelRpmStatsReader: java.io.FileNotFoundException: /sys/power/rpmh_stats/master_stats: open failed: EACCES (Permission denied)
10-09 16:25:53.184  8316  8665 E KernelRpmStatsReader: 	at libcore.io.IoBridge.open(IoBridge.java:574)
10-09 16:25:53.184  8316  8665 E KernelRpmStatsReader: 	at java.io.FileInputStream.<init>(FileInputStream.java:179)
10-09 16:25:53.184  8316  8665 E KernelRpmStatsReader: 	at java.io.FileInputStream.<init>(FileInputStream.java:133)
10-09 16:25:53.184  8316  8665 E KernelRpmStatsReader: 	at com.miui.powerkeeper.utils.KernelRpmStatsReader.readRpmStatsType2(KernelRpmStatsReader.java:27)
10-09 16:25:53.184  8316  8665 E KernelRpmStatsReader: 	at com.miui.powerkeeper.utils.KernelRpmStatsReader.readRpmStats(KernelRpmStatsReader.java:72)
10-09 16:25:53.184  8316  8665 E KernelRpmStatsReader: 	at com.miui.powerkeeper.powerchecker.PowerCheckerService.requestKernelRpmStatsUpdate(PowerCheckerService.java:5)
10-09 16:25:53.184  8316  8665 E KernelRpmStatsReader: 	at com.miui.powerkeeper.powerchecker.PowerCheckerService.addBatteryHistoryRecord(PowerCheckerService.java:33)
10-09 16:25:53.184  8316  8665 E KernelRpmStatsReader: 	at com.miui.powerkeeper.powerchecker.PowerCheckerService.updateBatteryLevelChanged(PowerCheckerService.java:9)
10-09 16:25:53.184  8316  8665 E KernelRpmStatsReader: 	at com.miui.powerkeeper.powerchecker.PowerCheckerService.access$2700(PowerCheckerService.java:1)
10-09 16:25:53.184  8316  8665 E KernelRpmStatsReader: 	at com.miui.powerkeeper.powerchecker.PowerCheckerService$PowerCheckHandler.handleMessage(PowerCheckerService.java:155)
10-09 16:25:53.184  8316  8665 E KernelRpmStatsReader: 	at android.os.Handler.dispatchMessage(Handler.java:106)
10-09 16:25:53.184  8316  8665 E KernelRpmStatsReader: 	at android.os.Looper.loopOnce(Looper.java:222)
10-09 16:25:53.184  8316  8665 E KernelRpmStatsReader: 	at android.os.Looper.loop(Looper.java:314)
10-09 16:25:53.184  8316  8665 E KernelRpmStatsReader: 	at android.os.HandlerThread.run(HandlerThread.java:67)
10-09 16:25:53.184  8316  8665 E KernelRpmStatsReader: Caused by: android.system.ErrnoException: open failed: EACCES (Permission denied)
10-09 16:25:53.184  8316  8665 E KernelRpmStatsReader: 	at libcore.io.Linux.open(Native Method)
10-09 16:25:53.184  8316  8665 E KernelRpmStatsReader: 	at libcore.io.ForwardingOs.open(ForwardingOs.java:568)
10-09 16:25:53.184  8316  8665 E KernelRpmStatsReader: 	at libcore.io.BlockGuardOs.open(BlockGuardOs.java:274)
10-09 16:25:53.184  8316  8665 E KernelRpmStatsReader: 	at libcore.io.ForwardingOs.open(ForwardingOs.java:568)
10-09 16:25:53.184  8316  8665 E KernelRpmStatsReader: 	at android.app.ActivityThread$AndroidOs.open(ActivityThread.java:8733)
10-09 16:25:53.184  8316  8665 E KernelRpmStatsReader: 	at libcore.io.IoBridge.open(IoBridge.java:560)
10-09 16:25:53.184  8316  8665 E KernelRpmStatsReader: 	... 13 more
10-09 16:25:53.195  2042  2042 D UiModeManager: updateConfigurationLocked: mDockState=0; mCarMode=false; mCar=false; mPowerSave=false; mOverrideNightModeOn=false; mOverrideNightModeOff=false; mComputedNightMode=false; mNightMode=1; uiMode=17
10-09 16:25:53.693  2042  2787 I SmartPower: com.xiaomi.discover/10121(23492): idle->background(11332ms) R(broadcast start Intent { act=android.intent.action.BATTERY_CHANGED flg=0x60000010 (has extras) }) adj=905.
10-09 16:25:53.694  2042  2787 I SmartPower: com.miui.android.fashiongallery/10228(32611): idle->background(11332ms) R(broadcast start Intent { act=android.intent.action.BATTERY_CHANGED flg=0x60000010 (has extras) }) adj=915.
10-09 16:25:53.694  2042  2787 I SmartPower: com.facebook.appmanager/10138(27658): idle->background(11332ms) R(broadcast start Intent { act=android.intent.action.BATTERY_CHANGED flg=0x60000010 (has extras) }) adj=905.
10-09 16:25:53.694  2042  2787 I SmartPower: com.facebook.katana/10243(13231): idle->background(11332ms) R(broadcast start Intent { act=android.intent.action.BATTERY_CHANGED flg=0x60000010 (has extras) }) adj=905.
10-09 16:25:53.694  2042  2787 I SmartPower: com.google.android.apps.tachyon/10226(15532): idle->background(11333ms) R(broadcast start Intent { act=android.intent.action.BATTERY_CHANGED flg=0x60000010 (has extras) }) adj=965.
10-09 16:25:53.695  2042  2787 I SmartPower: com.microsoft.teams/10266(15546): idle->background(11332ms) R(broadcast start Intent { act=android.intent.action.BATTERY_CHANGED flg=0x60000010 (has extras) }) adj=900.
10-09 16:25:53.695  2042  2787 I SmartPower: com.google.android.apps.magazines/10234(19722): idle->background(11330ms) R(broadcast start Intent { act=android.intent.action.BATTERY_CHANGED flg=0x60000010 (has extras) }) adj=905.
10-09 16:25:54.674  2042  4772 D ActivityManager: checkAllowBackground: uid=10163 pkg=com.google.android.gms rec=UidRecord{3efeecd u0a163 BTOP change:procadj procs:0 seq(878460,425084)} caps=LCMNFU always=false idle=false
10-09 16:25:54.686  2042  4772 D ActivityManager: checkAllowBackground: uid=10163 pkg=com.google.android.gms rec=UidRecord{3efeecd u0a163 BTOP change:procadj procs:0 seq(878460,425084)} caps=LCMNFU always=false idle=false
10-09 16:25:54.688  2042  6982 D ActivityManager: checkAllowBackground: uid=10163 pkg=com.google.android.gms rec=UidRecord{3efeecd u0a163 BTOP change:procadj procs:0 seq(878460,425084)} caps=LCMNFU always=false idle=false
10-09 16:25:54.690  2042  6982 I ActivityManager: Broadcast action com.google.android.c2dm.intent.RECEIVE forcing include-background
10-09 16:25:54.690  2042  6982 D ActivityManager: checkAllowBackground: uid=10266 pkg=com.microsoft.teams rec=UidRecord{fae2210 u0a266 CAC  bg:+28s825ms change:procadj procs:0 seq(878382,754028)} caps=------ always=true idle=false
10-09 16:25:54.690  2042  6982 I ActivityManager: App 10266/com.microsoft.teams targets O+, restricted
10-09 16:25:54.690  2042  6982 D ActivityManager: checkAllowBackground: uid=10266 pkg=com.microsoft.teams startMode=2 onallowlist=false onallowlist(ei)=false
10-09 16:25:54.691  2042  2787 D ActivityManager: checkAllowBackground: uid=10266 pkg=com.microsoft.teams rec=UidRecord{fae2210 u0a266 CAC  bg:+28s825ms change:procadj procs:0 seq(878382,754028)} caps=------ always=true idle=false
10-09 16:25:54.691  2042  2787 I ActivityManager: App 10266/com.microsoft.teams targets O+, restricted
10-09 16:25:54.691  2042  2787 D ActivityManager: checkAllowBackground: uid=10266 pkg=com.microsoft.teams startMode=2 onallowlist=false onallowlist(ei)=false
10-09 16:25:54.698  2042  2787 W ProcessStats: Tracking association SourceState{1b0dd2c com.android.vending/10164 ImpBg #123095} whose proc state 6 is better than process ProcessState{d60be6a com.android.vending:background/10164 pkg=com.android.vending} proc state 14 (28 skipped)
10-09 16:25:54.720  2042  6982 D ActivityManager: checkAllowBackground: uid=10266 pkg=com.microsoft.teams rec=UidRecord{fae2210 u0a266 RCVR allowlist change:uncachedprocstateprocadj procs:0 seq(878481,754028)} caps=------ always=false idle=false
10-09 16:25:54.886  2042  2042 D UiModeManager: updateConfigurationLocked: mDockState=0; mCarMode=false; mCar=false; mPowerSave=false; mOverrideNightModeOn=false; mOverrideNightModeOff=false; mComputedNightMode=false; mNightMode=1; uiMode=17
10-09 16:25:54.940  2042  2802 I ExtM    : zram userate is low, no need to flush: 49
10-09 16:25:55.167  4304  4304 D ArtChoreographerMonitor: invoke error.
10-09 16:25:55.347  4304  4304 D ArtChoreographerMonitor: invoke error.
10-09 16:25:55.368  4304  4304 D ArtChoreographerMonitor: invoke error.
10-09 16:25:55.369  2042  4772 D ActivityManager: checkAllowBackground: uid=1000 pkg=com.android.systemui rec=UidRecord{b77cac0 1000 PER  fgServices change:procadj procs:0 seq(878590,448524)} caps=LCMNFU always=false idle=false
10-09 16:25:55.459  2042  3516 D SchedBoost: startBoostInternal 2000
10-09 16:25:55.494  2042  2693 I WindowManager: wms.showSurfaceRobustly mWin:Window{db0cee2 u0 com.miui.miwallpaper.wallpaperservice.ImageWallpaper}
10-09 16:25:55.494  2042  2693 I WindowManager: wms.showSurfaceRobustly mWin:Window{24ea150 u0 com.miui.miwallpaper.wallpaperservice.MiuiKeyguardPictorialWallpaper}
10-09 16:25:55.503  2042  7000 D SystemServerTiming: getUserSwitchability-0
10-09 16:25:55.503  2042  7000 D SystemServerTiming: TM.isInCall
10-09 16:25:55.504  2042  7000 D SystemServerTiming: hasUserRestriction-DISALLOW_USER_SWITCH
10-09 16:25:55.504  2042  6982 D SystemServerTiming: getUserSwitchability-0
10-09 16:25:55.504  2042  7000 D SystemServerTiming: getInt-ALLOW_USER_SWITCHING_WHEN_SYSTEM_USER_LOCKED
10-09 16:25:55.504  2042  7000 D SystemServerTiming: isUserUnlocked-USER_SYSTEM
10-09 16:25:55.504  2042  6982 D SystemServerTiming: TM.isInCall
10-09 16:25:55.505  2042  6982 D SystemServerTiming: hasUserRestriction-DISALLOW_USER_SWITCH
10-09 16:25:55.505  2042  6982 D SystemServerTiming: getInt-ALLOW_USER_SWITCHING_WHEN_SYSTEM_USER_LOCKED
10-09 16:25:55.505  2042  6982 D SystemServerTiming: isUserUnlocked-USER_SYSTEM
10-09 16:25:55.508  2042  4589 D WindowManager: wms.finishDrawingLocked: mDrawState=COMMIT_DRAW_PENDING Window{1a1465a u0 NotificationShade} in Surface(name=NotificationShade#10551)/@0x9e7de4b
10-09 16:25:55.511  2042  2693 I WindowManager: wms.showSurfaceRobustly mWin:Window{1a1465a u0 NotificationShade}
10-09 16:25:55.669  4304  4304 D ArtChoreographerMonitor: invoke error.
10-09 16:25:55.956  2042  7000 W NotificationHistory: Attempted to add notif for locked/gone/disabled user 0
10-09 16:25:56.162  2183  2183 I wificond: station_bandwidth: P
10-09 16:25:56.694  2042  3524 I SmartPower: com.xiaomi.discover/10121(23492): background->idle(3000ms) R(broadcast start Intent { act=android.intent.action.BATTERY_CHANGED flg=0x60000010 (has extras) }) adj=905.
10-09 16:25:56.694  2042  3524 I SmartPower: com.miui.android.fashiongallery/10228(32611): background->idle(3000ms) R(broadcast start Intent { act=android.intent.action.BATTERY_CHANGED flg=0x60000010 (has extras) }) adj=915.
10-09 16:25:56.694  2042  3524 I SmartPower: com.facebook.appmanager/10138(27658): background->idle(3000ms) R(broadcast start Intent { act=android.intent.action.BATTERY_CHANGED flg=0x60000010 (has extras) }) adj=905.
10-09 16:25:56.695  2042  3524 I SmartPower: com.facebook.katana/10243(13231): background->idle(3002ms) R(broadcast start Intent { act=android.intent.action.BATTERY_CHANGED flg=0x60000010 (has extras) }) adj=905.
10-09 16:25:56.695  2042  3524 I SmartPower: com.google.android.apps.tachyon/10226(15532): background->idle(3001ms) R(broadcast start Intent { act=android.intent.action.BATTERY_CHANGED flg=0x60000010 (has extras) }) adj=965.
10-09 16:25:56.696  2042  3524 I SmartPower: com.microsoft.teams/10266(15546): background->idle(3001ms) R(broadcast start Intent { act=android.intent.action.BATTERY_CHANGED flg=0x60000010 (has extras) }) adj=900.
10-09 16:25:56.696  2042  3524 I SmartPower: com.google.android.apps.magazines/10234(19722): background->idle(3000ms) R(broadcast start Intent { act=android.intent.action.BATTERY_CHANGED flg=0x60000010 (has extras) }) adj=905.
10-09 16:25:57.485  2042  3516 D SchedBoost: stopBoostInternal
10-09 16:25:59.172  2183  2183 I wificond: station_bandwidth: P
10-09 16:25:59.174  4304  4304 D ArtChoreographerMonitor: invoke error.
10-09 16:25:59.343  4304  4304 D ArtChoreographerMonitor: invoke error.
10-09 16:26:00.000  2042  3123 D ActivityManager: checkAllowBackground: uid=1000 pkg=android rec=UidRecord{b77cac0 1000 PER  fgServices change:procadj procs:0 seq(878590,448524)} caps=LCMNFU always=false idle=false
10-09 16:26:00.001  2042  3123 D AlarmManager: mBroadcastRefCount -> 1
10-09 16:26:00.003  2042  2042 D AlarmManager: mBroadcastRefCount -> 0
10-09 16:26:00.003  2042  2042 D AlarmManager: mPendingIntent -> null
10-09 16:26:00.003  4304  4304 D ArtChoreographerMonitor: invoke error.
10-09 16:26:00.196  4304  4304 D ArtChoreographerMonitor: invoke error.
10-09 16:26:01.142  4304  4304 D ArtChoreographerMonitor: invoke error.
10-09 16:26:01.348  2042  2042 D UiModeManager: updateConfigurationLocked: mDockState=0; mCarMode=false; mCar=false; mPowerSave=false; mOverrideNightModeOn=false; mOverrideNightModeOff=false; mComputedNightMode=false; mNightMode=1; uiMode=17
10-09 16:26:01.407  4304  4304 D ArtChoreographerMonitor: invoke error.
10-09 16:26:01.843  2042  2787 I SmartPower: com.xiaomi.discover/10121(23492): idle->background(5149ms) R(broadcast start Intent { act=android.intent.action.BATTERY_CHANGED flg=0x60000010 (has extras) }) adj=905.
10-09 16:26:01.843  2042  2787 I SmartPower: com.miui.android.fashiongallery/10228(32611): idle->background(5149ms) R(broadcast start Intent { act=android.intent.action.BATTERY_CHANGED flg=0x60000010 (has extras) }) adj=915.
10-09 16:26:01.843  2042  2787 I SmartPower: com.facebook.appmanager/10138(27658): idle->background(5149ms) R(broadcast start Intent { act=android.intent.action.BATTERY_CHANGED flg=0x60000010 (has extras) }) adj=905.
10-09 16:26:01.843  2042  2787 I SmartPower: com.facebook.katana/10243(13231): idle->background(5148ms) R(broadcast start Intent { act=android.intent.action.BATTERY_CHANGED flg=0x60000010 (has extras) }) adj=905.
10-09 16:26:01.844  2042  2787 I SmartPower: com.google.android.apps.tachyon/10226(15532): idle->background(5148ms) R(broadcast start Intent { act=android.intent.action.BATTERY_CHANGED flg=0x60000010 (has extras) }) adj=965.
10-09 16:26:01.844  2042  2787 I SmartPower: com.microsoft.teams/10266(15546): idle->background(5149ms) R(broadcast start Intent { act=android.intent.action.BATTERY_CHANGED flg=0x60000010 (has extras) }) adj=900.
10-09 16:26:01.845  2042  2787 I SmartPower: com.google.android.apps.magazines/10234(19722): idle->background(5149ms) R(broadcast start Intent { act=android.intent.action.BATTERY_CHANGED flg=0x60000010 (has extras) }) adj=905.
10-09 16:26:02.112  2042  3123 D AlarmManager: mBroadcastRefCount -> 1
10-09 16:26:02.117  2042  2075 D ActivityManager: checkAllowBackground: uid=1000 pkg=android rec=UidRecord{b77cac0 1000 PER  fgServices allowlist change:procadj procs:0 seq(878685,448524)} caps=LCMNFU always=false idle=false
10-09 16:26:02.118  2042  2042 D AlarmManager: mBroadcastRefCount -> 0
10-09 16:26:02.118  2042  2042 D AlarmManager: mPendingIntent -> PendingIntent{659bd1f: PendingIntentRecord{cf286c android broadcastIntent}}
10-09 16:26:02.179  2183  2183 I wificond: station_bandwidth: P
10-09 16:26:02.181  4304  4304 D ArtChoreographerMonitor: invoke error.
10-09 16:26:02.349  4304  4304 D ArtChoreographerMonitor: invoke error.
10-09 16:26:04.843  2042  3524 I SmartPower: com.xiaomi.discover/10121(23492): background->idle(3001ms) R(broadcast start Intent { act=android.intent.action.BATTERY_CHANGED flg=0x60000010 (has extras) }) adj=905.
10-09 16:26:04.843  2042  3524 I SmartPower: com.miui.android.fashiongallery/10228(32611): background->idle(3001ms) R(broadcast start Intent { act=android.intent.action.BATTERY_CHANGED flg=0x60000010 (has extras) }) adj=935.
10-09 16:26:04.843  2042  3524 I SmartPower: com.facebook.appmanager/10138(27658): background->idle(3001ms) R(broadcast start Intent { act=android.intent.action.BATTERY_CHANGED flg=0x60000010 (has extras) }) adj=905.
10-09 16:26:04.843  2042  3524 I SmartPower: com.facebook.katana/10243(13231): background->idle(3000ms) R(broadcast start Intent { act=android.intent.action.BATTERY_CHANGED flg=0x60000010 (has extras) }) adj=905.
10-09 16:26:04.844  2042  3524 I SmartPower: com.google.android.apps.tachyon/10226(15532): background->idle(3000ms) R(broadcast start Intent { act=android.intent.action.BATTERY_CHANGED flg=0x60000010 (has extras) }) adj=965.
10-09 16:26:04.845  2042  3524 I SmartPower: com.microsoft.teams/10266(15546): background->idle(3000ms) R(broadcast start Intent { act=android.intent.action.BATTERY_CHANGED flg=0x60000010 (has extras) }) adj=900.
10-09 16:26:04.847  2042  3524 I SmartPower: com.google.android.apps.magazines/10234(19722): background->idle(3002ms) R(broadcast start Intent { act=android.intent.action.BATTERY_CHANGED flg=0x60000010 (has extras) }) adj=905.
10-09 16:26:05.190  2183  2183 I wificond: station_bandwidth: P
10-09 16:26:05.192  4304  4304 D ArtChoreographerMonitor: invoke error.
10-09 16:26:05.293   702 31727 I keystore2: system/security/keystore2/src/watchdog.rs:319 - Watchdog thread idle -> terminating. Have a great day.
10-09 16:26:05.374  4304  4304 D ArtChoreographerMonitor: invoke error.
10-09 16:26:08.198  2183  2183 I wificond: station_bandwidth: P
10-09 16:26:08.200  4304  4304 D ArtChoreographerMonitor: invoke error.
10-09 16:26:08.246  2042  2042 D UiModeManager: updateConfigurationLocked: mDockState=0; mCarMode=false; mCar=false; mPowerSave=false; mOverrideNightModeOn=false; mOverrideNightModeOff=false; mComputedNightMode=false; mNightMode=1; uiMode=17
10-09 16:26:08.374  4304  4304 D ArtChoreographerMonitor: invoke error.
10-09 16:26:08.744  2042  2787 I SmartPower: com.xiaomi.discover/10121(23492): idle->background(3900ms) R(broadcast start Intent { act=android.intent.action.BATTERY_CHANGED flg=0x60000010 (has extras) }) adj=905.
10-09 16:26:08.744  2042  2787 I SmartPower: com.miui.android.fashiongallery/10228(32611): idle->background(3900ms) R(broadcast start Intent { act=android.intent.action.BATTERY_CHANGED flg=0x60000010 (has extras) }) adj=935.
10-09 16:26:08.744  2042  2787 I SmartPower: com.facebook.appmanager/10138(27658): idle->background(3901ms) R(broadcast start Intent { act=android.intent.action.BATTERY_CHANGED flg=0x60000010 (has extras) }) adj=905.
10-09 16:26:08.744  2042  2787 I SmartPower: com.facebook.katana/10243(13231): idle->background(3901ms) R(broadcast start Intent { act=android.intent.action.BATTERY_CHANGED flg=0x60000010 (has extras) }) adj=905.
10-09 16:26:08.745  2042  2787 I SmartPower: com.google.android.apps.tachyon/10226(15532): idle->background(3901ms) R(broadcast start Intent { act=android.intent.action.BATTERY_CHANGED flg=0x60000010 (has extras) }) adj=965.
10-09 16:26:08.745  2042  2787 I SmartPower: com.microsoft.teams/10266(15546): idle->background(3901ms) R(broadcast start Intent { act=android.intent.action.BATTERY_CHANGED flg=0x60000010 (has extras) }) adj=900.
10-09 16:26:08.746  2042  2787 I SmartPower: com.google.android.apps.magazines/10234(19722): idle->background(3900ms) R(broadcast start Intent { act=android.intent.action.BATTERY_CHANGED flg=0x60000010 (has extras) }) adj=905.
10-09 16:26:11.207  2183  2183 I wificond: station_bandwidth: P
10-09 16:26:11.209  4304  4304 D ArtChoreographerMonitor: invoke error.
10-09 16:26:11.382  4304  4304 D ArtChoreographerMonitor: invoke error.
10-09 16:26:11.744  2042  3524 I SmartPower: com.xiaomi.discover/10121(23492): background->idle(3000ms) R(broadcast start Intent { act=android.intent.action.BATTERY_CHANGED flg=0x60000010 (has extras) }) adj=905.
10-09 16:26:11.744  2042  3524 I SmartPower: com.miui.android.fashiongallery/10228(32611): background->idle(3000ms) R(broadcast start Intent { act=android.intent.action.BATTERY_CHANGED flg=0x60000010 (has extras) }) adj=935.
10-09 16:26:11.745  2042  3524 I SmartPower: com.facebook.appmanager/10138(27658): background->idle(3001ms) R(broadcast start Intent { act=android.intent.action.BATTERY_CHANGED flg=0x60000010 (has extras) }) adj=905.
10-09 16:26:11.745  2042  3524 I SmartPower: com.facebook.katana/10243(13231): background->idle(3001ms) R(broadcast start Intent { act=android.intent.action.BATTERY_CHANGED flg=0x60000010 (has extras) }) adj=905.
10-09 16:26:11.745  2042  3524 I SmartPower: com.google.android.apps.tachyon/10226(15532): background->idle(3001ms) R(broadcast start Intent { act=android.intent.action.BATTERY_CHANGED flg=0x60000010 (has extras) }) adj=965.
10-09 16:26:11.745  2042  3524 I SmartPower: com.microsoft.teams/10266(15546): background->idle(3000ms) R(broadcast start Intent { act=android.intent.action.BATTERY_CHANGED flg=0x60000010 (has extras) }) adj=900.
10-09 16:26:11.747  2042  3524 I SmartPower: com.google.android.apps.magazines/10234(19722): background->idle(3000ms) R(broadcast start Intent { act=android.intent.action.BATTERY_CHANGED flg=0x60000010 (has extras) }) adj=905.
10-09 16:26:12.117  2042  3110 W ProcessStats: Tracking association SourceState{1b0dd2c com.android.vending/10164 ImpBg #123114} whose proc state 6 is better than process ProcessState{d60be6a com.android.vending:background/10164 pkg=com.android.vending} proc state 14 (136 skipped)
10-09 16:26:12.557  2042  2702 D HeapUsage Monitor: HeapAllocSize : 89MB; monitorSize : 500MB
10-09 16:26:14.217  2183  2183 I wificond: station_bandwidth: P
10-09 16:26:14.219  4304  4304 D ArtChoreographerMonitor: invoke error.
10-09 16:26:14.389  4304  4304 D ArtChoreographerMonitor: invoke error.
10-09 16:26:17.226  2183  2183 I wificond: station_bandwidth: P
10-09 16:26:17.228  4304  4304 D ArtChoreographerMonitor: invoke error.
10-09 16:26:17.397  4304  4304 D ArtChoreographerMonitor: invoke error.
10-09 16:26:20.233  2183  2183 I wificond: station_bandwidth: P
10-09 16:26:20.234  4304  4304 D ArtChoreographerMonitor: invoke error.
10-09 16:26:20.404  4304  4304 D ArtChoreographerMonitor: invoke error.
10-09 16:26:23.238  2183  2183 I wificond: station_bandwidth: P
10-09 16:26:23.240  4304  4304 D ArtChoreographerMonitor: invoke error.
10-09 16:26:23.411  4304  4304 D ArtChoreographerMonitor: invoke error.
10-09 16:26:23.844  4304  4304 D ArtChoreographerMonitor: invoke error.
10-09 16:26:24.020  4304  4304 D ArtChoreographerMonitor: invoke error.
10-09 16:26:25.165  4304  4304 D ArtChoreographerMonitor: invoke error.
10-09 16:26:25.343  4304  4304 D ArtChoreographerMonitor: invoke error.
10-09 16:26:26.249  2183  2183 I wificond: station_bandwidth: P
10-09 16:26:26.251  4304  4304 D ArtChoreographerMonitor: invoke error.
10-09 16:26:26.423  4304  4304 D ArtChoreographerMonitor: invoke error.
10-09 16:26:29.260  2183  2183 I wificond: station_bandwidth: P
10-09 16:26:30.586  2042  2042 D UiModeManager: updateConfigurationLocked: mDockState=0; mCarMode=false; mCar=false; mPowerSave=false; mOverrideNightModeOn=false; mOverrideNightModeOff=false; mComputedNightMode=false; mNightMode=1; uiMode=17
10-09 16:26:31.084  2042  2787 I SmartPower: com.xiaomi.discover/10121(23492): idle->background(19340ms) R(broadcast start Intent { act=android.intent.action.BATTERY_CHANGED flg=0x60000010 (has extras) }) adj=905.
10-09 16:26:31.084  2042  2787 I SmartPower: com.miui.android.fashiongallery/10228(32611): idle->background(19341ms) R(broadcast start Intent { act=android.intent.action.BATTERY_CHANGED flg=0x60000010 (has extras) }) adj=935.
10-09 16:26:31.085  2042  2787 I SmartPower: com.facebook.appmanager/10138(27658): idle->background(19339ms) R(broadcast start Intent { act=android.intent.action.BATTERY_CHANGED flg=0x60000010 (has extras) }) adj=905.
10-09 16:26:31.085  2042  2787 I SmartPower: com.facebook.katana/10243(13231): idle->background(19339ms) R(broadcast start Intent { act=android.intent.action.BATTERY_CHANGED flg=0x60000010 (has extras) }) adj=905.
10-09 16:26:31.085  2042  2787 I SmartPower: com.google.android.apps.tachyon/10226(15532): idle->background(19340ms) R(broadcast start Intent { act=android.intent.action.BATTERY_CHANGED flg=0x60000010 (has extras) }) adj=965.
10-09 16:26:31.086  2042  2787 I SmartPower: com.microsoft.teams/10266(15546): idle->background(19340ms) R(broadcast start Intent { act=android.intent.action.BATTERY_CHANGED flg=0x60000010 (has extras) }) adj=900.
10-09 16:26:31.086  2042  2787 I SmartPower: com.google.android.apps.magazines/10234(19722): idle->background(19339ms) R(broadcast start Intent { act=android.intent.action.BATTERY_CHANGED flg=0x60000010 (has extras) }) adj=905.
10-09 16:26:32.117  2042  3123 D AlarmManager: mBroadcastRefCount -> 1
10-09 16:26:32.120  2042  2075 D ActivityManager: checkAllowBackground: uid=1000 pkg=android rec=UidRecord{b77cac0 1000 PER  fgServices allowlist change:procadj procs:0 seq(879049,448524)} caps=LCMNFU always=false idle=false
10-09 16:26:32.120  2042  2042 D AlarmManager: mBroadcastRefCount -> 0
10-09 16:26:32.120  2042  2042 D AlarmManager: mPendingIntent -> PendingIntent{659bd1f: PendingIntentRecord{cf286c android broadcastIntent}}
10-09 16:26:32.267  2183  2183 I wificond: station_bandwidth: P
10-09 16:26:33.321  2042  2042 D UiModeManager: updateConfigurationLocked: mDockState=0; mCarMode=false; mCar=false; mPowerSave=false; mOverrideNightModeOn=false; mOverrideNightModeOff=false; mComputedNightMode=false; mNightMode=1; uiMode=17
10-09 16:26:34.086  2042  3524 I SmartPower: com.xiaomi.discover/10121(23492): background->idle(3002ms) R(broadcast start Intent { act=android.intent.action.BATTERY_CHANGED flg=0x60000010 (has extras) }) adj=905.
10-09 16:26:34.086  2042  3524 I SmartPower: com.miui.android.fashiongallery/10228(32611): background->idle(3001ms) R(broadcast start Intent { act=android.intent.action.BATTERY_CHANGED flg=0x60000010 (has extras) }) adj=935.
10-09 16:26:34.086  2042  3524 I SmartPower: com.facebook.appmanager/10138(27658): background->idle(3001ms) R(broadcast start Intent { act=android.intent.action.BATTERY_CHANGED flg=0x60000010 (has extras) }) adj=905.
10-09 16:26:34.086  2042  3524 I SmartPower: com.facebook.katana/10243(13231): background->idle(3001ms) R(broadcast start Intent { act=android.intent.action.BATTERY_CHANGED flg=0x60000010 (has extras) }) adj=905.
10-09 16:26:34.086  2042  3524 I SmartPower: com.google.android.apps.tachyon/10226(15532): background->idle(3000ms) R(broadcast start Intent { act=android.intent.action.BATTERY_CHANGED flg=0x60000010 (has extras) }) adj=965.
10-09 16:26:34.086  2042  3524 I SmartPower: com.microsoft.teams/10266(15546): background->idle(3001ms) R(broadcast start Intent { act=android.intent.action.BATTERY_CHANGED flg=0x60000010 (has extras) }) adj=900.
10-09 16:26:34.086  2042  3524 I SmartPower: com.google.android.apps.magazines/10234(19722): background->idle(3001ms) R(broadcast start Intent { act=android.intent.action.BATTERY_CHANGED flg=0x60000010 (has extras) }) adj=905.
10-09 16:26:35.060  2042  3110 W ProcessStats: Tracking association SourceState{1b0dd2c com.android.vending/10164 ImpBg #123118} whose proc state 6 is better than process ProcessState{d60be6a com.android.vending:background/10164 pkg=com.android.vending} proc state 14 (99 skipped)
10-09 16:26:35.126  2042  2802 I ExtM    : reportMemPressure: 1, start flush
10-09 16:26:35.168  2042  3997 E ExtM    : can_flush_idle_pages:34890 flush_number_adjust: 5000
10-09 16:26:35.168  2042  3997 D MFZ     : Report MEM_PRESSURE_LOW!  Flush Level is: 10 Need Flush: 5000 pages 
10-09 16:26:35.209  2042  3997 D MFZ     : before Flush idle_stats: 68 56 2584 1735 5180 9890 1179 293 1216 34890
10-09 16:26:35.209  2042  3997 W ExtM    : Flush thread start , 5000 pages need to flush
10-09 16:26:35.210   674 31762 D vold    : flush task started
10-09 16:26:35.212 31763 31763 D vold    :  flush Pid = 31763
10-09 16:26:35.213 31763 31763 D vold    : set cpu affinity policy success
10-09 16:26:35.278  2183  2183 I wificond: station_bandwidth: P
10-09 16:26:35.296  2042  2042 D UiModeManager: updateConfigurationLocked: mDockState=0; mCarMode=false; mCar=false; mPowerSave=false; mOverrideNightModeOn=false; mOverrideNightModeOff=false; mComputedNightMode=false; mNightMode=1; uiMode=17
10-09 16:26:35.854 31763 31763 D vold    :  success write idle > /sys/block/zram0/writeback
10-09 16:26:36.212   674 31762 D vold    : flush process has been finished in normal with status: 0
10-09 16:26:36.213   674 31762 D vold    :  listener->onFinished 
10-09 16:26:36.213  2042  7000 W ExtM    : Flush finished with status: 0
10-09 16:26:36.255  2042  7000 D MFZ     : Flush finished! After Flush idle_stats: 68 56 2577 1735 5180 9890 1179 293 1216 29890
10-09 16:26:36.255  2042  7000 D MFZ     : Flush finished! After Flush bd_stats:    47392      537    50000
10-09 16:26:36.255  2042  7000 D MFZ     : Flush finished! After Flush zramFreeKb: 3137664KB
10-09 16:26:36.255  2042  7000 I ExtM    : 5000(19 m) pages flushed
10-09 16:26:36.255  2042  7000 I ExtM    : After flushing
10-09 16:26:36.255  2042  7000 I ExtM    : Total stat:
10-09 16:26:36.255  2042  7000 I ExtM    :   total marked 0(0 m), total flushed 50000(195 m)
10-09 16:26:36.255  2042  7000 I ExtM    :   wb stat:    47392      537    50000
10-09 16:26:36.256  2042  7000 I ExtM    :   mm stat: 3202887680 831118922 876150784        0 1047769088    40749   568898    10827    59126    26274     5712
10-09 16:26:36.335  2042  2802 I ExtM    : runFlush  interval less than FLUSH_INTERVAL_LIMIT, skip flush
10-09 16:26:36.792  2042  3123 I SmartPower: com.google.android.gms.unstable/10163(11300): idle->background(139503ms) R(alarm start) adj=800.
10-09 16:26:36.792  2042  3123 I SmartPower: com.google.android.gms.ui/10163(17035): idle->background(139504ms) R(alarm start) adj=800.
10-09 16:26:36.792  2042  3123 I SmartPower: com.google.process.gservices/10163(20972): idle->background(139504ms) R(alarm start) adj=915.
10-09 16:26:36.792  2042  3123 I SmartPower: com.google.process.gapps/10163(21162): idle->background(139504ms) R(alarm start) adj=945.
10-09 16:26:36.793  2042  3123 D AlarmManager: mBroadcastRefCount -> 1
10-09 16:26:36.794  2042  3123 D AlarmManager: mBroadcastRefCount -> 2
10-09 16:26:36.795  2042  3123 D ActivityManager: checkAllowBackground: uid=10163 pkg=com.google.android.gms rec=UidRecord{3efeecd u0a163 BTOP change:procadj procs:0 seq(879142,425084)} caps=LCMNFU always=true idle=false
10-09 16:26:36.795  2042  3123 I ActivityManager: App 10163/com.google.android.gms targets O+, restricted
10-09 16:26:36.795  2042  3123 D ActivityManager: checkAllowBackground: uid=10163 pkg=com.google.android.gms startMode=2 onallowlist=true onallowlist(ei)=true
10-09 16:26:36.795  2042  3123 D AlarmManager: mBroadcastRefCount -> 3
10-09 16:26:36.796  2042  2787 D ActivityManager: checkAllowBackground: uid=10163 pkg=com.google.android.gms rec=UidRecord{3efeecd u0a163 BTOP change:procadj procs:0 seq(879142,425084)} caps=LCMNFU always=true idle=false
10-09 16:26:36.796  2042  2787 I ActivityManager: App 10163/com.google.android.gms targets O+, restricted
10-09 16:26:36.796  2042  2787 D ActivityManager: checkAllowBackground: uid=10163 pkg=com.google.android.gms startMode=2 onallowlist=true onallowlist(ei)=true
10-09 16:26:36.796  2042  2042 D ActivityManager: checkAllowBackground: uid=1000 pkg=android rec=UidRecord{b77cac0 1000 PER  fgServices allowlist change:procadj procs:0 seq(879140,448524)} caps=LCMNFU always=false idle=false
10-09 16:26:36.797  2042  2042 D AlarmManager: mBroadcastRefCount -> 2
10-09 16:26:36.797  2042  2042 D AlarmManager: mPendingIntent -> null
10-09 16:26:36.797  2042  3110 D ActivityManager: checkAllowBackground: uid=1000 pkg=com.xiaomi.mirror rec=UidRecord{b77cac0 1000 PER  fgServices allowlist change:procadj procs:0 seq(879140,448524)} caps=LCMNFU always=false idle=false
10-09 16:26:36.798  2042  3110 D ActivityManager: checkAllowBackground: uid=1000 pkg=android rec=UidRecord{b77cac0 1000 PER  fgServices allowlist change:procadj procs:0 seq(879140,448524)} caps=LCMNFU always=false idle=false
10-09 16:26:36.798  2042  3110 D ActivityManager: checkAllowBackground: uid=10162 pkg=com.google.android.apps.turbo rec=UidRecord{d86792b u0a162 CEM  idle change:procadj procs:0 seq(879098,272698)} caps=------ always=false idle=true
10-09 16:26:36.798  2042  3110 D ActivityManager: checkAllowBackground: uid=1000 pkg=android rec=UidRecord{b77cac0 1000 PER  fgServices allowlist change:procadj procs:0 seq(879140,448524)} caps=LCMNFU always=false idle=false
10-09 16:26:36.798  2042  3110 D ActivityManager: checkAllowBackground: uid=10154 pkg=com.google.android.partnersetup rec=UidRecord{93e4423 u0a154 CEM  idle change:procadj procs:0 seq(879101,283216)} caps=------ always=false idle=true
10-09 16:26:36.802  2042  7000 D ActivityManager: checkAllowBackground: uid=10163 pkg=com.google.android.gms rec=UidRecord{3efeecd u0a163 BTOP change:procadj procs:0 seq(879144,425084)} caps=LCMNFU always=false idle=false
10-09 16:26:36.807  2042  2042 D AlarmManager: mBroadcastRefCount -> 1
10-09 16:26:36.807  2042  2042 D AlarmManager: mPendingIntent -> PendingIntent{53eb701: PendingIntentRecord{3c8dca4 com.google.android.gms/com.google.android.gms.scheduler broadcastIntent}}
10-09 16:26:36.814  2042  3110 I SmartPower: com.google.android.partnersetup/10154(24573): idle->background(3653155ms) R(service create com.google.android.partnersetup/.InstalledAppJobService) adj=0.
10-09 16:26:36.829  2042  9053 D ActivityManager: checkAllowBackground: uid=10163 pkg=com.google.android.gms rec=UidRecord{3efeecd u0a163 BTOP change:procadj procs:0 seq(879165,425084)} caps=LCMNFU always=false idle=false
10-09 16:26:36.831  2042  3110 I SmartPower: com.google.android.apps.turbo:aab/10162(24574): idle->background(2350185ms) R(service create com.google.android.apps.turbo/com.google.android.libraries.smartbattery.appusage.library.InferAppBucketsJob) adj=0.
10-09 16:26:36.845  2042  2042 D UiModeManager: updateConfigurationLocked: mDockState=0; mCarMode=false; mCar=false; mPowerSave=false; mOverrideNightModeOn=false; mOverrideNightModeOff=false; mComputedNightMode=false; mNightMode=1; uiMode=17
10-09 16:26:36.849  2042  6999 D ActivityManager: checkAllowBackground: uid=1000 pkg=com.xiaomi.mirror rec=UidRecord{b77cac0 1000 PER  fgServices allowlist change:procadj procs:0 seq(879148,448524)} caps=LCMNFU always=false idle=false
10-09 16:26:36.852  2042  6999 D ActivityManager: checkAllowBackground: uid=1000 pkg=android rec=UidRecord{b77cac0 1000 PER  fgServices allowlist change:procadj procs:0 seq(879148,448524)} caps=LCMNFU always=false idle=false
10-09 16:26:36.854  2042  2042 D AlarmManager: mBroadcastRefCount -> 0
10-09 16:26:36.854  2042  2042 D AlarmManager: mPendingIntent -> PendingIntent{6f070d7: PendingIntentRecord{40bbdc4 com.google.android.gms/com.google.android.gms.auth_api__phone broadcastIntent}}
10-09 16:26:36.855  2042  3110 D ActivityManager: checkAllowBackground: uid=1000 pkg=android rec=UidRecord{b77cac0 1000 PER  fgServices allowlist change:procadj procs:0 seq(879148,448524)} caps=LCMNFU always=false idle=false
10-09 16:26:36.855  2042  3110 D ActivityManager: checkAllowBackground: uid=1000 pkg=android rec=UidRecord{b77cac0 1000 PER  fgServices allowlist change:procadj procs:0 seq(879148,448524)} caps=LCMNFU always=false idle=false
10-09 16:26:36.855  2042  3110 D ActivityManager: checkAllowBackground: uid=10154 pkg=com.google.android.partnersetup rec=UidRecord{93e4423 u0a154 TRNB idle change:procadj procs:0 seq(879159,283216)} caps=------ always=false idle=true
10-09 16:26:36.856  2042  6999 D ActivityManager: checkAllowBackground: uid=10163 pkg=com.google.android.gms rec=UidRecord{3efeecd u0a163 BTOP change:procadj procs:0 seq(879176,425084)} caps=LCMNFU always=false idle=false
10-09 16:26:36.866  2042  3110 D ActivityManager: checkAllowBackground: uid=1000 pkg=android rec=UidRecord{b77cac0 1000 PER  fgServices allowlist change:procadj procs:0 seq(879148,448524)} caps=LCMNFU always=false idle=false
10-09 16:26:36.871  2042  4589 W JobScheduler: Job didn't exist in JobStore: 
10-09 16:26:36.886  2042  7011 D ActivityManager: checkAllowBackground: uid=10163 pkg=com.google.android.gms rec=UidRecord{3efeecd u0a163 BTOP change:procadj procs:0 seq(879182,425084)} caps=LCMNFU always=false idle=false
10-09 16:26:36.894  2042  4772 D ActivityManager: checkAllowBackground: uid=10154 pkg=com.google.android.partnersetup rec=UidRecord{93e4423 u0a154 TRNB idle change:procadj procs:0 seq(879159,283216)} caps=------ always=false idle=true
10-09 16:26:36.899  2042  6982 D ActivityManager: checkAllowBackground: uid=10154 pkg=com.google.android.partnersetup rec=UidRecord{93e4423 u0a154 TRNB idle change:procadj procs:0 seq(879159,283216)} caps=------ always=false idle=true
10-09 16:26:36.913  2042  6982 W JobScheduler: Job didn't exist in JobStore: 
10-09 16:26:36.964  2042  7011 D ActivityManager: checkAllowBackground: uid=10163 pkg=com.google.android.gms rec=UidRecord{3efeecd u0a163 BTOP change:procadj procs:0 seq(879213,425084)} caps=LCMNFU always=false idle=false
10-09 16:26:37.039  2042  6999 D ActivityManager: checkAllowBackground: uid=10163 pkg=com.google.android.gms rec=UidRecord{3efeecd u0a163 BTOP change:procadj procs:0 seq(879227,425084)} caps=LCMNFU always=false idle=false
10-09 16:26:37.042  2042  6999 D CompatibilityChangeReporter: Compat change id reported: 218533173; UID 10172; state: ENABLED
10-09 16:26:37.042  2042  6999 D CompatibilityChangeReporter: Compat change id reported: 262645982; UID 10172; state: ENABLED
10-09 16:26:37.066  2042  6999 D ActivityManager: checkAllowBackground: uid=10162 pkg=com.google.android.apps.turbo rec=UidRecord{d86792b u0a162 TRNB idle change:procadj procs:0 seq(879172,272698)} caps=------ always=false idle=true
10-09 16:26:37.322  2042  2787 I SmartPower: com.xiaomi.discover/10121(23492): idle->background(3236ms) R(broadcast start Intent { act=android.intent.action.BATTERY_CHANGED flg=0x60000010 (has extras) }) adj=905.
10-09 16:26:37.322  2042  2787 I SmartPower: com.miui.android.fashiongallery/10228(32611): idle->background(3236ms) R(broadcast start Intent { act=android.intent.action.BATTERY_CHANGED flg=0x60000010 (has extras) }) adj=915.
10-09 16:26:37.322  2042  2787 I SmartPower: com.facebook.appmanager/10138(27658): idle->background(3237ms) R(broadcast start Intent { act=android.intent.action.BATTERY_CHANGED flg=0x60000010 (has extras) }) adj=905.
10-09 16:26:37.323  2042  2787 I SmartPower: com.facebook.katana/10243(13231): idle->background(3237ms) R(broadcast start Intent { act=android.intent.action.BATTERY_CHANGED flg=0x60000010 (has extras) }) adj=905.
10-09 16:26:37.323  2042  2787 I SmartPower: com.google.android.apps.tachyon/10226(15532): idle->background(3238ms) R(broadcast start Intent { act=android.intent.action.BATTERY_CHANGED flg=0x60000010 (has extras) }) adj=965.
10-09 16:26:37.324  2042  2787 I SmartPower: com.microsoft.teams/10266(15546): idle->background(3237ms) R(broadcast start Intent { act=android.intent.action.BATTERY_CHANGED flg=0x60000010 (has extras) }) adj=900.
10-09 16:26:37.325  2042  2787 I SmartPower: com.google.android.apps.magazines/10234(19722): idle->background(3238ms) R(broadcast start Intent { act=android.intent.action.BATTERY_CHANGED flg=0x60000010 (has extras) }) adj=905.
10-09 16:26:38.283  2183  2183 I wificond: station_bandwidth: P
10-09 16:26:38.286  4304  4304 D ArtChoreographerMonitor: invoke error.
10-09 16:26:38.405  2042  2042 D UiModeManager: updateConfigurationLocked: mDockState=0; mCarMode=false; mCar=false; mPowerSave=false; mOverrideNightModeOn=false; mOverrideNightModeOff=false; mComputedNightMode=false; mNightMode=1; uiMode=17
10-09 16:26:38.459  4304  4304 D ArtChoreographerMonitor: invoke error.
10-09 16:26:39.793  2042  3524 I SmartPower: com.google.android.gms.unstable/10163(11300): background->idle(3001ms) R(alarm start) adj=800.
10-09 16:26:39.793  2042  3524 I SmartPower: com.google.android.gms.ui/10163(17035): background->idle(3000ms) R(alarm start) adj=800.
10-09 16:26:39.793  2042  3524 I SmartPower: com.google.process.gservices/10163(20972): background->idle(3000ms) R(alarm start) adj=905.
10-09 16:26:39.793  2042  3524 I SmartPower: com.google.process.gapps/10163(21162): background->idle(3000ms) R(alarm start) adj=945.
10-09 16:26:39.814  2042  3524 I SmartPower: com.google.android.partnersetup/10154(24573): background->idle(3000ms) R(service create com.google.android.partnersetup/.InstalledAppJobService) adj=905.
10-09 16:26:39.832  2042  3524 I SmartPower: com.google.android.apps.turbo:aab/10162(24574): background->idle(3000ms) R(service create com.google.android.apps.turbo/com.google.android.libraries.smartbattery.appusage.library.InferAppBucketsJob) adj=905.
10-09 16:26:40.323  2042  3524 I SmartPower: com.xiaomi.discover/10121(23492): background->idle(3002ms) R(broadcast start Intent { act=android.intent.action.BATTERY_CHANGED flg=0x60000010 (has extras) }) adj=905.
10-09 16:26:40.324  2042  3524 I SmartPower: com.miui.android.fashiongallery/10228(32611): background->idle(3002ms) R(broadcast start Intent { act=android.intent.action.BATTERY_CHANGED flg=0x60000010 (has extras) }) adj=915.
10-09 16:26:40.324  2042  3524 I SmartPower: com.facebook.appmanager/10138(27658): background->idle(3001ms) R(broadcast start Intent { act=android.intent.action.BATTERY_CHANGED flg=0x60000010 (has extras) }) adj=905.
10-09 16:26:40.324  2042  3524 I SmartPower: com.facebook.katana/10243(13231): background->idle(3001ms) R(broadcast start Intent { act=android.intent.action.BATTERY_CHANGED flg=0x60000010 (has extras) }) adj=905.
10-09 16:26:40.324  2042  3524 I SmartPower: com.google.android.apps.tachyon/10226(15532): background->idle(3000ms) R(broadcast start Intent { act=android.intent.action.BATTERY_CHANGED flg=0x60000010 (has extras) }) adj=965.
10-09 16:26:40.325  2042  3524 I SmartPower: com.microsoft.teams/10266(15546): background->idle(3001ms) R(broadcast start Intent { act=android.intent.action.BATTERY_CHANGED flg=0x60000010 (has extras) }) adj=900.
10-09 16:26:40.325  2042  3524 I SmartPower: com.google.android.apps.magazines/10234(19722): background->idle(3001ms) R(broadcast start Intent { act=android.intent.action.BATTERY_CHANGED flg=0x60000010 (has extras) }) adj=905.
10-09 16:26:41.295  2183  2183 I wificond: station_bandwidth: P
10-09 16:26:42.558  2042  2702 D HeapUsage Monitor: HeapAllocSize : 97MB; monitorSize : 500MB
10-09 16:26:44.305  2183  2183 I wificond: station_bandwidth: P
10-09 16:26:44.307  4304  4304 D ArtChoreographerMonitor: invoke error.
10-09 16:26:44.479  4304  4304 D ArtChoreographerMonitor: invoke error.
10-09 16:26:47.315  2183  2183 I wificond: station_bandwidth: P
10-09 16:26:48.376  2042  2042 D UiModeManager: updateConfigurationLocked: mDockState=0; mCarMode=false; mCar=false; mPowerSave=false; mOverrideNightModeOn=false; mOverrideNightModeOff=false; mComputedNightMode=false; mNightMode=1; uiMode=17
10-09 16:26:48.874  2042  2787 I SmartPower: com.xiaomi.discover/10121(23492): idle->background(8550ms) R(broadcast start Intent { act=android.intent.action.BATTERY_CHANGED flg=0x60000010 (has extras) }) adj=905.
10-09 16:26:48.874  2042  2787 I SmartPower: com.miui.android.fashiongallery/10228(32611): idle->background(8551ms) R(broadcast start Intent { act=android.intent.action.BATTERY_CHANGED flg=0x60000010 (has extras) }) adj=915.
10-09 16:26:48.874  2042  2787 I SmartPower: com.facebook.appmanager/10138(27658): idle->background(8551ms) R(broadcast start Intent { act=android.intent.action.BATTERY_CHANGED flg=0x60000010 (has extras) }) adj=905.
10-09 16:26:48.875  2042  2787 I SmartPower: com.facebook.katana/10243(13231): idle->background(8551ms) R(broadcast start Intent { act=android.intent.action.BATTERY_CHANGED flg=0x60000010 (has extras) }) adj=905.
10-09 16:26:48.875  2042  2787 I SmartPower: com.google.android.apps.tachyon/10226(15532): idle->background(8552ms) R(broadcast start Intent { act=android.intent.action.BATTERY_CHANGED flg=0x60000010 (has extras) }) adj=965.
10-09 16:26:48.876  2042  2787 I SmartPower: com.microsoft.teams/10266(15546): idle->background(8551ms) R(broadcast start Intent { act=android.intent.action.BATTERY_CHANGED flg=0x60000010 (has extras) }) adj=900.
10-09 16:26:48.876  2042  2787 I SmartPower: com.google.android.apps.magazines/10234(19722): idle->background(8551ms) R(broadcast start Intent { act=android.intent.action.BATTERY_CHANGED flg=0x60000010 (has extras) }) adj=905.
10-09 16:26:50.326  2183  2183 I wificond: station_bandwidth: P
10-09 16:26:51.875  2042  3524 I SmartPower: com.xiaomi.discover/10121(23492): background->idle(3001ms) R(broadcast start Intent { act=android.intent.action.BATTERY_CHANGED flg=0x60000010 (has extras) }) adj=905.
10-09 16:26:51.875  2042  3524 I SmartPower: com.miui.android.fashiongallery/10228(32611): background->idle(3001ms) R(broadcast start Intent { act=android.intent.action.BATTERY_CHANGED flg=0x60000010 (has extras) }) adj=915.
10-09 16:26:51.875  2042  3524 I SmartPower: com.facebook.appmanager/10138(27658): background->idle(3001ms) R(broadcast start Intent { act=android.intent.action.BATTERY_CHANGED flg=0x60000010 (has extras) }) adj=905.
10-09 16:26:51.875  2042  3524 I SmartPower: com.facebook.katana/10243(13231): background->idle(3001ms) R(broadcast start Intent { act=android.intent.action.BATTERY_CHANGED flg=0x60000010 (has extras) }) adj=905.
10-09 16:26:51.875  2042  3524 I SmartPower: com.google.android.apps.tachyon/10226(15532): background->idle(3000ms) R(broadcast start Intent { act=android.intent.action.BATTERY_CHANGED flg=0x60000010 (has extras) }) adj=965.
