10-09 16:53:21.208  2042  2042 D ActivityManager: checkAllowBackground: uid=10243 pkg=com.facebook.katana rec=UidRecord{5b11764 u0a243 CEM  bg:+15h28m34s936ms idle change:procadj procs:0 seq(900310,399909)} caps=------ always=true idle=true
10-09 16:53:21.208  2042  2042 I ActivityManager: App 10243/com.facebook.katana targets O+, restricted
10-09 16:53:21.208  2042  2042 D ActivityManager: checkAllowBackground: uid=10243 pkg=com.facebook.katana startMode=2 onallowlist=false onallowlist(ei)=false
10-09 16:53:21.211  2042  2691 I EntropyMixer: Updated seed file
10-09 16:53:21.212  4304  4304 I MiuiChargeManager: notifyBatteryStatusChanged:  status: 2 isPlugged: 1 level: 100 wireState: 11 chargeSpeed: 1 mChargeType: 1 chargeDeviceType: 1 maxChargingWattage: 33 isCarCharge: -1 SUPPORT_BROADCAST_QUICK_CHARGE: true
10-09 16:53:21.214  2042  2042 D UiModeManager: updateConfigurationLocked: mDockState=0; mCarMode=false; mCar=false; mPowerSave=false; mOverrideNightModeOn=false; mOverrideNightModeOff=false; mComputedNightMode=false; mNightMode=1; uiMode=17
10-09 16:53:21.217  2042  2075 E MiuiBatteryStatsService: argument = 
10-09 16:53:21.217  2042  2075 D MiuiBatteryStatsService: mPlugType = 1 mLastOpenStatus = 0 mOtgConnected = false
10-09 16:53:21.239  4304  4304 D ArtChoreographerMonitor: invoke error.
10-09 16:53:21.240  2042  4781 W WindowManager: Failed looking up window session=Session{425cf7b 4304:1000} callers=com.android.server.wm.WindowManagerService.windowForClientLocked:6851 com.android.server.wm.Session.updateRequestedVisibleTypes:707 android.view.IWindowSession$Stub.onTransact:1053 
10-09 16:53:21.247  2042  3095 D VibratorManagerService: Starting vibrate for vibration 125
10-09 16:53:21.249  2042  4781 D CoreBackPreview: Window{d7e8b4d u0 StrongToastView}: Setting back callback OnBackInvokedCallbackInfo{mCallback=android.window.IOnBackInvokedCallback$Stub$Proxy@f338457, mPriority=0, mIsAnimationCallback=false}
10-09 16:53:21.251  2042  3095 D VibratorManagerServiceImpl: attrs = VibrationAttributes: Usage=HARDWARE_FEEDBACK Audio Usage= USAGE_UNKNOWN Flags=0, attrs.usage = 50
10-09 16:53:21.257  2042  3095 E VibratorManagerServiceImpl: skipandroid.os.RemoteException: Method setUsageExt is unimplemented.
10-09 16:53:21.300  2042  3095 D WindowManager: wms.finishDrawingLocked: mDrawState=COMMIT_DRAW_PENDING Window{d7e8b4d u0 StrongToastView} in Surface(name=StrongToastView#10825)/@0xaa7b42d
10-09 16:53:21.303  2042  3440 D ActivityManager: checkAllowBackground: uid=1000 pkg=android rec=UidRecord{b77cac0 1000 PER  fgServices change:procadj procs:0 seq(900435,448524)} caps=LCMNFU always=false idle=false
10-09 16:53:21.329  2042  2693 I WindowManager: wms.showSurfaceRobustly mWin:Window{d7e8b4d u0 StrongToastView}
10-09 16:53:21.418  2042  2074 D ActivityManager: checkAllowBackground: uid=10067 pkg=com.android.mtp rec=UidRecord{9c0bc39 u0a67 CEM  bg:+4h30m1s917ms idle change:cached|procstate|procadj procs:0 seq(900383,418769)} caps=------ always=true idle=true
10-09 16:53:21.418  2042  2074 I ActivityManager: App 10067/com.android.mtp targets O+, restricted
10-09 16:53:21.418  2042  2074 D ActivityManager: checkAllowBackground: uid=10067 pkg=com.android.mtp startMode=2 onallowlist=true onallowlist(ei)=true
10-09 16:53:21.418  2042  2042 D MiuiDfcService: Usb connect, shutdown DfcNativeService
10-09 16:53:21.419  2042  2787 D ActivityManager: checkAllowBackground: uid=10067 pkg=com.android.mtp rec=UidRecord{9c0bc39 u0a67 CEM  bg:+4h30m1s919ms idle change:cached|procstate|procadj procs:0 seq(900383,418769)} caps=------ always=true idle=true
10-09 16:53:21.419  2042  2787 I ActivityManager: App 10067/com.android.mtp targets O+, restricted
10-09 16:53:21.419  2042  2787 D ActivityManager: checkAllowBackground: uid=10067 pkg=com.android.mtp startMode=2 onallowlist=true onallowlist(ei)=true
10-09 16:53:21.427  2042  2761 D ActivityManager: checkAllowBackground: uid=1000 pkg=android rec=UidRecord{b77cac0 1000 PER  fgServices change:procadj procs:0 seq(900435,448524)} caps=LCMNFU always=false idle=false
10-09 16:53:21.429  8645  9674 E IMiCharge: only support aidl interface
10-09 16:53:21.436  2042  2074 D UsbDeviceManager: push notification:USB tethering is on
10-09 16:53:21.439  2042  2074 D ActivityManager: checkAllowBackground: uid=10067 pkg=com.android.mtp rec=UidRecord{9c0bc39 u0a67 CEM  bg:+4h30m1s939ms idle change:cached|procstate|procadj procs:0 seq(900438,418769)} caps=------ always=true idle=true
10-09 16:53:21.439  2042  2074 I ActivityManager: App 10067/com.android.mtp targets O+, restricted
10-09 16:53:21.439  2042  2074 D ActivityManager: checkAllowBackground: uid=10067 pkg=com.android.mtp startMode=2 onallowlist=true onallowlist(ei)=true
10-09 16:53:21.441  2042  2042 D MiuiDfcService: Usb connect, shutdown DfcNativeService
10-09 16:53:21.442  2042  2787 D ActivityManager: checkAllowBackground: uid=10067 pkg=com.android.mtp rec=UidRecord{9c0bc39 u0a67 CEM  bg:+4h30m1s942ms idle change:cached|procstate|procadj procs:0 seq(900438,418769)} caps=------ always=true idle=true
10-09 16:53:21.442  2042  2787 I ActivityManager: App 10067/com.android.mtp targets O+, restricted
10-09 16:53:21.442  2042  2787 D ActivityManager: checkAllowBackground: uid=10067 pkg=com.android.mtp startMode=2 onallowlist=true onallowlist(ei)=true
10-09 16:53:21.445  2042  8104 D ActivityManager: checkAllowBackground: uid=10163 pkg=com.google.android.gms rec=UidRecord{3efeecd u0a163 FGS  change:procadj procs:0 seq(900437,425084)} caps=LCMNFU always=false idle=false
10-09 16:53:21.446  2042  3110 D ActivityManager: checkAllowBackground: uid=1000 pkg=android rec=UidRecord{b77cac0 1000 PER  fgServices change:procadj procs:0 seq(900435,448524)} caps=LCMNFU always=false idle=false
10-09 16:53:21.446  2042  8104 I SmartPower: com.google.android.gms/10163(28832): idle->background(2864ms) R(service create com.google.android.gms/.chimera.GmsIntentOperationService) adj=0.
10-09 16:53:21.456  2042  7043 D ActivityManager: checkAllowBackground: uid=10163 pkg=com.google.android.gms rec=UidRecord{3efeecd u0a163 FGS  change:procadj procs:0 seq(900441,425084)} caps=LCMNFU always=false idle=false
10-09 16:53:21.482  2042  7000 D ActivityManager: checkAllowBackground: uid=10163 pkg=com.google.android.gms rec=UidRecord{3efeecd u0a163 FGS  change:procadj procs:0 seq(900444,425084)} caps=LCMNFU always=false idle=false
10-09 16:53:21.531  2042  7043 D ActivityManager: checkAllowBackground: uid=10163 pkg=com.google.android.gms rec=UidRecord{3efeecd u0a163 FGS  change:procadj procs:0 seq(900448,425084)} caps=LCMNFU always=false idle=false
10-09 16:53:21.547  2042  2802 I ExtM    : runFlush  interval less than FLUSH_INTERVAL_LIMIT, skip flush
10-09 16:53:21.642  2042  2042 W NotificationHistory: Attempted to add notif for locked/gone/disabled user 0
10-09 16:53:21.649  2042  2042 W NotificationHistory: Attempted to add notif for locked/gone/disabled user 0
10-09 16:53:21.675  2042  3500 D isUidValid: uid = 10060
10-09 16:53:21.675  2042  3431 I SmartPower: android.process.acore/10060(22083): idle->background(1319244ms) R(content provider start ContentProviderRecord{80a2fa5 u0 com.android.providers.contacts/.ContactsProvider2}) adj=0.
10-09 16:53:21.707  2042  2787 I SmartPower: com.android.chrome/10172(25786): idle->background(3124ms) R(broadcast start Intent { act=android.intent.action.ACTION_POWER_CONNECTED flg=0x4000010 (has extras) }) adj=900.
10-09 16:53:21.708  2042  2787 I SmartPower: com.google.android.gms.ui/10163(17035): idle->background(3125ms) R(broadcast start Intent { act=android.intent.action.ACTION_POWER_CONNECTED flg=0x4000010 (has extras) }) adj=800.
10-09 16:53:21.709  2042  2787 I SmartPower: com.mi.globalminusscreen/10308(20285): idle->background(3132ms) R(broadcast start Intent { act=android.intent.action.ACTION_POWER_CONNECTED flg=0x4000010 (has extras) }) adj=100.
10-09 16:53:21.709  2042  2787 I SmartPower: com.xiaomi.mipicks/10120(22862): idle->background(3133ms) R(broadcast start Intent { act=android.intent.action.ACTION_POWER_CONNECTED flg=0x4000010 (has extras) }) adj=905.
10-09 16:53:21.710  2042  2787 I SmartPower: com.google.android.googlequicksearchbox:googleapp/10167(12370): idle->background(3131ms) R(broadcast start Intent { act=android.intent.action.ACTION_POWER_CONNECTED flg=0x4000010 (has extras) }) adj=800.
10-09 16:53:21.711  2042  7000 D ActivityManager: checkAllowBackground: uid=10120 pkg=com.xiaomi.mipicks rec=UidRecord{9eb460a u0a120 CEM  bg:+10m37s261ms idle change:procadj procs:0 seq(900432,890967)} caps=------ always=false idle=true
10-09 16:53:21.711  2042  7000 I ActivityManager: App 10120/com.xiaomi.mipicks on idle allowlist; not restricted in background
10-09 16:53:21.711  2042  7000 D ActivityManager: checkAllowBackground: uid=10120 pkg=com.xiaomi.mipicks startMode=0 onallowlist=true onallowlist(ei)=true
10-09 16:53:21.715  2042  2787 I SmartPower: com.microsoft.windowsintune.companyportal/10595(15845): idle->background(3133ms) R(broadcast start Intent { act=android.intent.action.ACTION_POWER_CONNECTED flg=0x4000010 (has extras) }) adj=915.
10-09 16:53:21.716  2042  2787 I SmartPower: com.microsoft.windowsintune.companyportal:auth/10595(16215): idle->background(3133ms) R(broadcast start Intent { act=android.intent.action.ACTION_POWER_CONNECTED flg=0x4000010 (has extras) }) adj=935.
10-09 16:53:21.717  2042  2787 I SmartPower: com.microsoft.windowsintune.companyportal:omadm_client_process/10595(16906): idle->background(3134ms) R(broadcast start Intent { act=android.intent.action.ACTION_POWER_CONNECTED flg=0x4000010 (has extras) }) adj=950.
10-09 16:53:21.717  2042  2787 I SmartPower: com.microsoft.teams/10266(15546): idle->background(3135ms) R(broadcast start Intent { act=android.intent.action.ACTION_POWER_CONNECTED flg=0x4000010 (has extras) }) adj=900.
10-09 16:53:21.718  2042  2787 I SmartPower: com.facebook.katana/10243(13231): idle->background(3139ms) R(broadcast start Intent { act=android.intent.action.ACTION_POWER_CONNECTED flg=0x4000010 (has extras) }) adj=905.
10-09 16:53:21.719  2042  2787 I SmartPower: com.miui.android.fashiongallery/10228(32611): idle->background(3140ms) R(broadcast start Intent { act=android.intent.action.ACTION_POWER_CONNECTED flg=0x4000010 (has extras) }) adj=905.
10-09 16:53:21.720  2042  2787 I SmartPower: com.google.android.apps.tachyon/10226(15532): idle->background(3140ms) R(broadcast start Intent { act=android.intent.action.ACTION_POWER_CONNECTED flg=0x4000010 (has extras) }) adj=925.
10-09 16:53:21.720  2042  2787 I SmartPower: com.xiaomi.discover/10121(23492): idle->background(3138ms) R(broadcast start Intent { act=android.intent.action.BATTERY_CHANGED flg=0x60000010 (has extras) }) adj=905.
10-09 16:53:21.721  2042  2787 I SmartPower: com.facebook.appmanager/10138(27658): idle->background(3138ms) R(broadcast start Intent { act=android.intent.action.BATTERY_CHANGED flg=0x60000010 (has extras) }) adj=905.
10-09 16:53:21.721  2042  2787 I SmartPower: com.google.android.apps.magazines/10234(19722): idle->background(3138ms) R(broadcast start Intent { act=android.intent.action.BATTERY_CHANGED flg=0x60000010 (has extras) }) adj=905.
10-09 16:53:21.728  2042  7000 D ActivityManager: checkAllowBackground: uid=10243 pkg=com.facebook.katana rec=UidRecord{5b11764 u0a243 CEM  bg:+15h28m35s457ms idle change:procadj procs:0 seq(900310,399909)} caps=------ always=false idle=true
10-09 16:53:21.751  2042  3516 D SchedBoost: startBoostInternal 2000
10-09 16:53:21.771  2042  3095 D SchedBoost: com.android.systemui already boosted, skip boost priority
10-09 16:53:21.796  2042  3095 D ActivityManager: checkAllowBackground: uid=10243 pkg=com.facebook.katana rec=UidRecord{5b11764 u0a243 TRNB bg:+15h28m35s524ms idle change:procadj procs:0 seq(900457,399909)} caps=------ always=false idle=true
10-09 16:53:21.798  2042  2693 I WindowManager: wms.showSurfaceRobustly mWin:Window{db0cee2 u0 com.miui.miwallpaper.wallpaperservice.ImageWallpaper}
10-09 16:53:21.799  2042  2693 I WindowManager: wms.showSurfaceRobustly mWin:Window{24ea150 u0 com.miui.miwallpaper.wallpaperservice.MiuiKeyguardPictorialWallpaper}
10-09 16:53:21.816  2042  7000 D WindowManager: wms.finishDrawingLocked: mDrawState=COMMIT_DRAW_PENDING Window{1a1465a u0 NotificationShade} in Surface(name=NotificationShade#10827)/@0x99ed9a0
10-09 16:53:21.818  2042  4020 D SystemServerTiming: getUserSwitchability-0
10-09 16:53:21.818  2042  4020 D SystemServerTiming: TM.isInCall
10-09 16:53:21.818  2042  4020 D SystemServerTiming: hasUserRestriction-DISALLOW_USER_SWITCH
10-09 16:53:21.818  2042  4020 D SystemServerTiming: getInt-ALLOW_USER_SWITCHING_WHEN_SYSTEM_USER_LOCKED
10-09 16:53:21.818  2042  4020 D SystemServerTiming: isUserUnlocked-USER_SYSTEM
10-09 16:53:21.818  2042  3095 D SystemServerTiming: getUserSwitchability-0
10-09 16:53:21.818  2042  3095 D SystemServerTiming: TM.isInCall
10-09 16:53:21.819  2042  3095 D SystemServerTiming: hasUserRestriction-DISALLOW_USER_SWITCH
10-09 16:53:21.819  2042  3095 D SystemServerTiming: getInt-ALLOW_USER_SWITCHING_WHEN_SYSTEM_USER_LOCKED
10-09 16:53:21.819  2042  3095 D SystemServerTiming: isUserUnlocked-USER_SYSTEM
10-09 16:53:21.820  2042  2693 I WindowManager: wms.showSurfaceRobustly mWin:Window{1a1465a u0 NotificationShade}
10-09 16:53:21.877  2042  7000 D PerfShielderService: com.android.systemui|StatusBar|78|46611068407217|41|3|2
10-09 16:53:21.878  6649  7642 W MiuiPerfServiceClient: interceptAndQueuing:4304|com.android.systemui|78|41|46611068407217|Slow handle traversal|2
10-09 16:53:21.934  2042  8104 D PackageManager: set app component=ComponentInfo{com.xiaomi.mipicks/androidx.work.impl.background.systemalarm.RescheduleReceiver} enabled state: 1 from com.xiaomi.mipicks,uid=10120,pid=22862
10-09 16:53:21.938  2042  8104 D ActivityManager: checkAllowBackground: uid=10120 pkg=com.xiaomi.mipicks rec=UidRecord{9eb460a u0a120 CEM  bg:+10m37s487ms idle change:procadj procs:0 seq(900467,890967)} caps=------ always=false idle=true
10-09 16:53:21.946  8645  9674 E IMiCharge: only support aidl interface
10-09 16:53:21.996  2042  3121 D VibratorManagerService: Vibration 125 finished with EndInfo{status=FINISHED, endedBy=null}
10-09 16:53:21.997  2042  4781 D VibratorManagerService: Vibration 125 on vibrator 0 complete, notifying thread
10-09 16:53:21.997  2042  3121 D VibratorManagerService: Reporting vibration 125 finished with EndInfo{status=FINISHED, endedBy=null}
10-09 16:53:21.997  2042  3121 D VibratorManagerService: Vibration for uid=1000 and with attrs=VibrationAttributes: Usage=HARDWARE_FEEDBACK Audio Usage= USAGE_UNKNOWN Flags=0 ended with status FINISHED
10-09 16:53:21.998  2042  3121 D VibratorManagerService: VibrationThread released after finished vibration
10-09 16:53:21.998  2042  3121 D VibratorManagerService: Processing VibrationThread released callback
10-09 16:53:22.450  8645  9674 E IMiCharge: only support aidl interface
10-09 16:53:22.690  2183  2183 I wificond: station_bandwidth: P
10-09 16:53:22.695  2042  2802 I ExtM    : runFlush  interval less than FLUSH_INTERVAL_LIMIT, skip flush
10-09 16:53:22.867  4304  4304 D ArtChoreographerMonitor: invoke error.
10-09 16:53:22.956  8645  9674 E IMiCharge: only support aidl interface
10-09 16:53:23.460  8645  9674 E IMiCharge: only support aidl interface
10-09 16:53:23.780  2042  3516 D SchedBoost: stopBoostInternal
10-09 16:53:23.934  4304  4304 D ArtChoreographerMonitor: invoke error.
10-09 16:53:23.966  8645  9674 E IMiCharge: only support aidl interface
10-09 16:53:24.108  4304  4304 D ArtChoreographerMonitor: invoke error.
10-09 16:53:24.471  8645  9674 E IMiCharge: only support aidl interface
10-09 16:53:24.676  2042  3524 I SmartPower: android.process.acore/10060(22083): background->idle(3000ms) R(content provider start ContentProviderRecord{80a2fa5 u0 com.android.providers.contacts/.ContactsProvider2}) adj=0.
10-09 16:53:24.708  2042  3524 I SmartPower: com.android.chrome/10172(25786): background->idle(3002ms) R(broadcast start Intent { act=android.intent.action.ACTION_POWER_CONNECTED flg=0x4000010 (has extras) }) adj=900.
10-09 16:53:24.708  2042  3524 I SmartPower: com.google.android.gms.ui/10163(17035): background->idle(3001ms) R(broadcast start Intent { act=android.intent.action.ACTION_POWER_CONNECTED flg=0x4000010 (has extras) }) adj=800.
10-09 16:53:24.709  2042  3524 I SmartPower: com.google.android.gms/10163(28832): background->idle(3262ms) R(broadcast start Intent { act=android.intent.action.ACTION_POWER_CONNECTED flg=0x4000010 (has extras) }) adj=500.
10-09 16:53:24.710  2042  3524 I SmartPower: com.mi.globalminusscreen/10308(20285): background->idle(3001ms) R(broadcast start Intent { act=android.intent.action.ACTION_POWER_CONNECTED flg=0x4000010 (has extras) }) adj=100.
10-09 16:53:24.710  2042  3524 I SmartPower: com.xiaomi.mipicks/10120(22862): background->idle(3000ms) R(broadcast start Intent { act=android.intent.action.ACTION_POWER_CONNECTED flg=0x4000010 (has extras) }) adj=905.
10-09 16:53:24.711  2042  3524 I SmartPower: com.google.android.googlequicksearchbox:googleapp/10167(12370): background->idle(3001ms) R(broadcast start Intent { act=android.intent.action.ACTION_POWER_CONNECTED flg=0x4000010 (has extras) }) adj=800.
10-09 16:53:24.717  2042  3524 I SmartPower: com.microsoft.windowsintune.companyportal:omadm_client_process/10595(16906): background->idle(3001ms) R(broadcast start Intent { act=android.intent.action.ACTION_POWER_CONNECTED flg=0x4000010 (has extras) }) adj=950.
10-09 16:53:24.717  2042  3524 I SmartPower: com.microsoft.windowsintune.companyportal/10595(15845): background->idle(3002ms) R(broadcast start Intent { act=android.intent.action.ACTION_POWER_CONNECTED flg=0x4000010 (has extras) }) adj=915.
10-09 16:53:24.717  2042  3524 I SmartPower: com.microsoft.windowsintune.companyportal:auth/10595(16215): background->idle(3002ms) R(broadcast start Intent { act=android.intent.action.ACTION_POWER_CONNECTED flg=0x4000010 (has extras) }) adj=935.
10-09 16:53:24.717  2042  3524 I SmartPower: com.microsoft.teams/10266(15546): background->idle(3000ms) R(broadcast start Intent { act=android.intent.action.ACTION_POWER_CONNECTED flg=0x4000010 (has extras) }) adj=900.
10-09 16:53:24.719  2042  3524 I SmartPower: com.facebook.katana/10243(13231): background->idle(3001ms) R(broadcast start Intent { act=android.intent.action.ACTION_POWER_CONNECTED flg=0x4000010 (has extras) }) adj=905.
10-09 16:53:24.720  2042  3524 I SmartPower: com.miui.android.fashiongallery/10228(32611): background->idle(3001ms) R(broadcast start Intent { act=android.intent.action.ACTION_POWER_CONNECTED flg=0x4000010 (has extras) }) adj=905.
10-09 16:53:24.720  2042  3524 I SmartPower: com.google.android.apps.tachyon/10226(15532): background->idle(3000ms) R(broadcast start Intent { act=android.intent.action.ACTION_POWER_CONNECTED flg=0x4000010 (has extras) }) adj=925.
10-09 16:53:24.722  2042  3524 I SmartPower: com.xiaomi.discover/10121(23492): background->idle(3001ms) R(broadcast start Intent { act=android.intent.action.BATTERY_CHANGED flg=0x60000010 (has extras) }) adj=905.
10-09 16:53:24.722  2042  3524 I SmartPower: com.facebook.appmanager/10138(27658): background->idle(3001ms) R(broadcast start Intent { act=android.intent.action.BATTERY_CHANGED flg=0x60000010 (has extras) }) adj=905.
10-09 16:53:24.722  2042  3524 I SmartPower: com.google.android.apps.magazines/10234(19722): background->idle(3000ms) R(broadcast start Intent { act=android.intent.action.BATTERY_CHANGED flg=0x60000010 (has extras) }) adj=905.
10-09 16:53:24.976  8645  9674 E IMiCharge: only support aidl interface
10-09 16:53:25.084  2042  3519 D MiuiFboService: USBState:true
10-09 16:53:25.482  8645  9674 E IMiCharge: only support aidl interface
10-09 16:53:25.699  2183  2183 I wificond: station_bandwidth: P
10-09 16:53:25.700  4304  4304 D ArtChoreographerMonitor: invoke error.
10-09 16:53:25.868  4304  4304 D ArtChoreographerMonitor: invoke error.
10-09 16:53:25.986  8645  9674 E IMiCharge: only support aidl interface
10-09 16:53:26.227  2042  2075 D ActivityManager: checkAllowBackground: uid=1000 pkg=android rec=UidRecord{b77cac0 1000 PER  fgServices change:procadj procs:0 seq(900492,448524)} caps=LCMNFU always=false idle=false
10-09 16:53:26.228  2042  2075 D MiuiBatteryStatsService: mDischargingCount = 0
10-09 16:53:26.245  4304  4304 D ArtChoreographerMonitor: invoke error.
10-09 16:53:26.265  2042  8104 W WindowManager: Failed looking up window session=Session{425cf7b 4304:1000} callers=com.android.server.wm.WindowManagerService.windowForClientLocked:6851 com.android.server.wm.Session.setOnBackInvokedCallbackInfo:966 android.view.IWindowSession$Stub.onTransact:1164 
10-09 16:53:26.265  2042  8104 I WindowManager: setOnBackInvokedCallback(): No window state for package:com.android.systemui
10-09 16:53:26.440  4304  4304 D ArtChoreographerMonitor: invoke error.
10-09 16:53:27.432  4304  4304 D ArtChoreographerMonitor: invoke error.
10-09 16:53:27.702  4304  4304 D ArtChoreographerMonitor: invoke error.
10-09 16:53:28.519  2042  8104 I SmartPower: com.google.android.gms/10163(28832): idle->background(3810ms) R(service destroy com.google.android.gms/.chimera.GmsIntentOperationService) adj=500.
10-09 16:53:28.708  2183  2183 I wificond: station_bandwidth: P
10-09 16:53:28.710  4304  4304 D ArtChoreographerMonitor: invoke error.
10-09 16:53:28.880  4304  4304 D ArtChoreographerMonitor: invoke error.
10-09 16:53:31.213  2042  3519 D MiuiFboService: USBState:true
10-09 16:53:31.519  2042  3524 I SmartPower: com.google.android.gms/10163(28832): background->idle(3000ms) R(service destroy com.google.android.gms/.chimera.GmsIntentOperationService) adj=600.
10-09 16:53:31.661  4304  4304 D ArtChoreographerMonitor: invoke error.
10-09 16:53:31.719  2183  2183 I wificond: station_bandwidth: P
10-09 16:53:32.045  4304  4304 D ArtChoreographerMonitor: invoke error.
10-09 16:53:34.729  2183  2183 I wificond: station_bandwidth: P
10-09 16:53:34.735  4304  4304 D ArtChoreographerMonitor: invoke error.
10-09 16:53:34.741  2042  7000 I SmartPower: com.google.android.apps.messaging/10165(21061): idle->background(57190ms) R(content provider start ContentProviderRecord{178367 u0 com.google.android.apps.messaging/.shared.datamodel.provider.sharedstorage.SharedStorageProvider}) adj=200.
10-09 16:53:34.904  4304  4304 D ArtChoreographerMonitor: invoke error.
10-09 16:53:37.740  2183  2183 I wificond: station_bandwidth: P
10-09 16:53:37.741  2042  3524 I SmartPower: com.google.android.apps.messaging/10165(21061): background->idle(3001ms) R(content provider start ContentProviderRecord{178367 u0 com.google.android.apps.messaging/.shared.datamodel.provider.sharedstorage.SharedStorageProvider}) adj=200.
10-09 16:53:40.751  2183  2183 I wificond: station_bandwidth: P
10-09 16:53:40.753  4304  4304 D ArtChoreographerMonitor: invoke error.
10-09 16:53:40.928  4304  4304 D ArtChoreographerMonitor: invoke error.
10-09 16:53:42.578  2042  2702 D HeapUsage Monitor: HeapAllocSize : 91MB; monitorSize : 500MB
10-09 16:53:43.762  2183  2183 I wificond: station_bandwidth: P
10-09 16:53:43.768  4304  4304 D ArtChoreographerMonitor: invoke error.
10-09 16:53:43.772  2042  8104 I SmartPower: com.google.android.apps.messaging/10165(21061): idle->background(6031ms) R(content provider start ContentProviderRecord{178367 u0 com.google.android.apps.messaging/.shared.datamodel.provider.sharedstorage.SharedStorageProvider}) adj=200.
10-09 16:53:43.942  4304  4304 D ArtChoreographerMonitor: invoke error.
10-09 16:53:46.775  2042  3524 I SmartPower: com.google.android.apps.messaging/10165(21061): background->idle(3002ms) R(content provider start ContentProviderRecord{178367 u0 com.google.android.apps.messaging/.shared.datamodel.provider.sharedstorage.SharedStorageProvider}) adj=200.
10-09 16:53:46.777  2183  2183 I wificond: station_bandwidth: P
10-09 16:53:49.787  2183  2183 I wificond: station_bandwidth: P
10-09 16:53:49.797  2042  4781 I SmartPower: com.google.android.apps.messaging/10165(21061): idle->background(3022ms) R(content provider start ContentProviderRecord{178367 u0 com.google.android.apps.messaging/.shared.datamodel.provider.sharedstorage.SharedStorageProvider}) adj=200.
10-09 16:53:51.645  4304  4304 D ArtChoreographerMonitor: invoke error.
10-09 16:53:51.824  4304  4304 D ArtChoreographerMonitor: invoke error.
10-09 16:53:51.860  4304  4304 D ArtChoreographerMonitor: invoke error.
10-09 16:53:52.043  4304  4304 D ArtChoreographerMonitor: invoke error.
10-09 16:53:52.798  2183  2183 I wificond: station_bandwidth: P
10-09 16:53:52.799  2042  3524 I SmartPower: com.google.android.apps.messaging/10165(21061): background->idle(3003ms) R(content provider start ContentProviderRecord{178367 u0 com.google.android.apps.messaging/.shared.datamodel.provider.sharedstorage.SharedStorageProvider}) adj=200.
10-09 16:53:55.810  2183  2183 I wificond: station_bandwidth: P
10-09 16:53:55.819  2042  4020 I SmartPower: com.google.android.apps.messaging/10165(21061): idle->background(3019ms) R(content provider start ContentProviderRecord{178367 u0 com.google.android.apps.messaging/.shared.datamodel.provider.sharedstorage.SharedStorageProvider}) adj=200.
10-09 16:53:58.819  2042  3524 I SmartPower: com.google.android.apps.messaging/10165(21061): background->idle(3001ms) R(content provider start ContentProviderRecord{178367 u0 com.google.android.apps.messaging/.shared.datamodel.provider.sharedstorage.SharedStorageProvider}) adj=200.
10-09 16:53:58.820  2183  2183 I wificond: station_bandwidth: P
10-09 16:53:58.824  4304  4304 D ArtChoreographerMonitor: invoke error.
10-09 16:53:58.995  4304  4304 D ArtChoreographerMonitor: invoke error.
10-09 16:54:00.000  2042  3123 D ActivityManager: checkAllowBackground: uid=1000 pkg=android rec=UidRecord{b77cac0 1000 PER  fgServices change:procadj procs:0 seq(900492,448524)} caps=LCMNFU always=false idle=false
10-09 16:54:00.000  2042  3123 D AlarmManager: mBroadcastRefCount -> 1
10-09 16:54:00.001  2042  2042 D AlarmManager: mBroadcastRefCount -> 0
10-09 16:54:00.001  2042  2042 D AlarmManager: mPendingIntent -> null
10-09 16:54:00.002  4304  4304 D ArtChoreographerMonitor: invoke error.
10-09 16:54:00.188  4304  4304 D ArtChoreographerMonitor: invoke error.
10-09 16:54:01.830  2183  2183 I wificond: station_bandwidth: P
10-09 16:54:01.839  4304  4304 D ArtChoreographerMonitor: invoke error.
10-09 16:54:01.840  2042  8104 I SmartPower: com.google.android.apps.messaging/10165(21061): idle->background(3020ms) R(content provider start ContentProviderRecord{178367 u0 com.google.android.apps.messaging/.shared.datamodel.provider.sharedstorage.SharedStorageProvider}) adj=200.
10-09 16:54:02.013  4304  4304 D ArtChoreographerMonitor: invoke error.
10-09 16:54:04.841  2183  2183 I wificond: station_bandwidth: P
10-09 16:54:04.841  2042  3524 I SmartPower: com.google.android.apps.messaging/10165(21061): background->idle(3001ms) R(content provider start ContentProviderRecord{178367 u0 com.google.android.apps.messaging/.shared.datamodel.provider.sharedstorage.SharedStorageProvider}) adj=200.
10-09 16:54:04.846  4304  4304 D ArtChoreographerMonitor: invoke error.
10-09 16:54:05.018  4304  4304 D ArtChoreographerMonitor: invoke error.
10-09 16:54:07.852  2183  2183 I wificond: station_bandwidth: P
10-09 16:54:10.861  2183  2183 I wificond: station_bandwidth: P
10-09 16:54:10.862  4304  4304 D ArtChoreographerMonitor: invoke error.
10-09 16:54:11.033  4304  4304 D ArtChoreographerMonitor: invoke error.
10-09 16:54:12.579  2042  2702 D HeapUsage Monitor: HeapAllocSize : 99MB; monitorSize : 500MB
10-09 16:54:13.872  2183  2183 I wificond: station_bandwidth: P
10-09 16:54:13.875  4304  4304 D ArtChoreographerMonitor: invoke error.
10-09 16:54:14.047  4304  4304 D ArtChoreographerMonitor: invoke error.
10-09 16:54:15.088  2042  2042 D ActivityManager: checkAllowBackground: uid=1000 pkg=com.android.settings rec=UidRecord{b77cac0 1000 PER  fgServices change:procadj procs:0 seq(900492,448524)} caps=LCMNFU always=true idle=false
10-09 16:54:15.088  2042  2042 I ActivityManager: App 1000/com.android.settings targets O+, restricted
10-09 16:54:15.088  2042  2042 D ActivityManager: checkAllowBackground: uid=1000 pkg=com.android.settings startMode=2 onallowlist=false onallowlist(ei)=false
10-09 16:54:15.088  2042  2042 D ActivityManager: checkAllowBackground: uid=10162 pkg=com.google.android.apps.turbo rec=UidRecord{d86792b u0a162 CEM  idle change:cached|procstate|procadj procs:0 seq(900388,272698)} caps=------ always=true idle=true
10-09 16:54:15.088  2042  2042 I ActivityManager: App 10162/com.google.android.apps.turbo targets O+, restricted
10-09 16:54:15.088  2042  2042 D ActivityManager: checkAllowBackground: uid=10162 pkg=com.google.android.apps.turbo startMode=2 onallowlist=false onallowlist(ei)=true
10-09 16:54:15.088  2042  2787 D ActivityManager: checkAllowBackground: uid=1000 pkg=com.android.settings rec=UidRecord{b77cac0 1000 PER  fgServices change:procadj procs:0 seq(900492,448524)} caps=LCMNFU always=true idle=false
10-09 16:54:15.088  2042  2787 I ActivityManager: App 1000/com.android.settings targets O+, restricted
10-09 16:54:15.088  2042  2787 D ActivityManager: checkAllowBackground: uid=1000 pkg=com.android.settings startMode=2 onallowlist=false onallowlist(ei)=false
10-09 16:54:15.089  2042  2787 D ActivityManager: checkAllowBackground: uid=10162 pkg=com.google.android.apps.turbo rec=UidRecord{d86792b u0a162 CEM  idle change:cached|procstate|procadj procs:0 seq(900388,272698)} caps=------ always=true idle=true
10-09 16:54:15.089  2042  2787 I ActivityManager: App 10162/com.google.android.apps.turbo targets O+, restricted
10-09 16:54:15.089  2042  2787 D ActivityManager: checkAllowBackground: uid=10162 pkg=com.google.android.apps.turbo startMode=2 onallowlist=false onallowlist(ei)=true
10-09 16:54:15.089  2042  2787 I SmartPower: com.google.android.apps.turbo/10162(22201): idle->background(57001ms) R(broadcast start Intent { act=android.intent.action.BATTERY_LEVEL_CHANGED flg=0x1000010 (has extras) }) adj=905.
10-09 16:54:16.885  2183  2183 I wificond: station_bandwidth: P
10-09 16:54:18.091  2042  3524 I SmartPower: com.google.android.apps.turbo/10162(22201): background->idle(3001ms) R(broadcast start Intent { act=android.intent.action.BATTERY_LEVEL_CHANGED flg=0x1000010 (has extras) }) adj=905.
10-09 16:54:19.895  2183  2183 I wificond: station_bandwidth: P
10-09 16:54:21.242  2042  2042 D UiModeManager: updateConfigurationLocked: mDockState=0; mCarMode=false; mCar=false; mPowerSave=false; mOverrideNightModeOn=false; mOverrideNightModeOff=false; mComputedNightMode=false; mNightMode=1; uiMode=17
10-09 16:54:21.303  2042  3123 D AlarmManager: mBroadcastRefCount -> 1
10-09 16:54:21.306  2042  2787 W ProcessStats: Tracking association SourceState{3682bb3 com.miui.analytics/10093 BFgs #125371} whose proc state 4 is better than process ProcessState{6688729 com.miui.securitycenter.remote/1000 pkg=com.miui.securitycenter} proc state 9 (320 skipped)
10-09 16:54:21.307  2042  2042 D AlarmManager: mBroadcastRefCount -> 0
10-09 16:54:21.307  2042  2042 D AlarmManager: mPendingIntent -> PendingIntent{d6dd648: PendingIntentRecord{9b60f10 android broadcastIntent}}
10-09 16:54:21.484  2042  4781 I SmartPower: com.google.android.gms/10163(28832): idle->background(49966ms) R(service unbind com.google.android.gms/.chimera.GmsInternalBoundBrokerService) adj=600.
10-09 16:54:21.741  2042  2787 I SmartPower: com.xiaomi.discover/10121(23492): idle->background(57019ms) R(broadcast start Intent { act=android.intent.action.BATTERY_CHANGED flg=0x60000010 (has extras) }) adj=905.
10-09 16:54:21.741  2042  2787 I SmartPower: com.miui.android.fashiongallery/10228(32611): idle->background(57021ms) R(broadcast start Intent { act=android.intent.action.BATTERY_CHANGED flg=0x60000010 (has extras) }) adj=915.
10-09 16:54:21.741  2042  2787 I SmartPower: com.facebook.appmanager/10138(27658): idle->background(57019ms) R(broadcast start Intent { act=android.intent.action.BATTERY_CHANGED flg=0x60000010 (has extras) }) adj=905.
10-09 16:54:21.741  2042  2787 I SmartPower: com.facebook.katana/10243(13231): idle->background(57023ms) R(broadcast start Intent { act=android.intent.action.BATTERY_CHANGED flg=0x60000010 (has extras) }) adj=905.
10-09 16:54:21.742  2042  2787 I SmartPower: com.google.android.apps.tachyon/10226(15532): idle->background(57022ms) R(broadcast start Intent { act=android.intent.action.BATTERY_CHANGED flg=0x60000010 (has extras) }) adj=965.
10-09 16:54:21.742  2042  2787 I SmartPower: com.microsoft.teams/10266(15546): idle->background(57024ms) R(broadcast start Intent { act=android.intent.action.BATTERY_CHANGED flg=0x60000010 (has extras) }) adj=900.
10-09 16:54:21.742  2042  2787 I SmartPower: com.google.android.apps.magazines/10234(19722): idle->background(57021ms) R(broadcast start Intent { act=android.intent.action.BATTERY_CHANGED flg=0x60000010 (has extras) }) adj=905.
10-09 16:54:21.742  2042  2787 I SmartPower: com.android.chrome/10172(25786): idle->background(57034ms) R(broadcast start Intent { act=android.intent.action.BATTERY_CHANGED flg=0x60000010 (has extras) }) adj=900.
10-09 16:54:22.009  2042  7000 I SmartPower: com.xiaomi.mipicks/10120(22862): idle->background(57300ms) R(service unbind com.xiaomi.mipicks/androidx.work.multiprocess.RemoteWorkManagerService) adj=0.
10-09 16:54:22.899  2183  2183 I wificond: station_bandwidth: P
10-09 16:54:23.937  4304  4304 D ArtChoreographerMonitor: invoke error.
10-09 16:54:24.110  4304  4304 D ArtChoreographerMonitor: invoke error.
10-09 16:54:24.486  2042  3524 I SmartPower: com.google.android.gms/10163(28832): background->idle(3001ms) R(service unbind com.google.android.gms/.chimera.GmsInternalBoundBrokerService) adj=600.
10-09 16:54:24.740  2042  3524 I SmartPower: com.xiaomi.discover/10121(23492): background->idle(3000ms) R(broadcast start Intent { act=android.intent.action.BATTERY_CHANGED flg=0x60000010 (has extras) }) adj=905.
10-09 16:54:24.741  2042  3524 I SmartPower: com.miui.android.fashiongallery/10228(32611): background->idle(3000ms) R(broadcast start Intent { act=android.intent.action.BATTERY_CHANGED flg=0x60000010 (has extras) }) adj=905.
10-09 16:54:24.741  2042  3524 I SmartPower: com.facebook.appmanager/10138(27658): background->idle(3000ms) R(broadcast start Intent { act=android.intent.action.BATTERY_CHANGED flg=0x60000010 (has extras) }) adj=905.
10-09 16:54:24.742  2042  3524 I SmartPower: com.facebook.katana/10243(13231): background->idle(3000ms) R(broadcast start Intent { act=android.intent.action.BATTERY_CHANGED flg=0x60000010 (has extras) }) adj=905.
10-09 16:54:24.742  2042  3524 I SmartPower: com.google.android.apps.tachyon/10226(15532): background->idle(3000ms) R(broadcast start Intent { act=android.intent.action.BATTERY_CHANGED flg=0x60000010 (has extras) }) adj=965.
10-09 16:54:24.742  2042  3524 I SmartPower: com.microsoft.teams/10266(15546): background->idle(3000ms) R(broadcast start Intent { act=android.intent.action.BATTERY_CHANGED flg=0x60000010 (has extras) }) adj=900.
10-09 16:54:24.743  2042  3524 I SmartPower: com.google.android.apps.magazines/10234(19722): background->idle(3000ms) R(broadcast start Intent { act=android.intent.action.BATTERY_CHANGED flg=0x60000010 (has extras) }) adj=905.
10-09 16:54:24.743  2042  3524 I SmartPower: com.android.chrome/10172(25786): background->idle(3001ms) R(broadcast start Intent { act=android.intent.action.BATTERY_CHANGED flg=0x60000010 (has extras) }) adj=900.
10-09 16:54:25.010  2042  3524 I SmartPower: com.xiaomi.mipicks/10120(22862): background->idle(3000ms) R(service unbind com.xiaomi.mipicks/androidx.work.multiprocess.RemoteWorkManagerService) adj=905.
10-09 16:54:25.910  2183  2183 I wificond: station_bandwidth: P
10-09 16:54:28.920  2183  2183 I wificond: station_bandwidth: P
10-09 16:54:31.310  2042  3110 W ProcessStats: Tracking association SourceState{6233df6 com.xiaomi.mi_connect_service/1000 Fgs #125377} whose proc state 3 is better than process ProcessState{534572 com.xiaomi.bluetooth/1002 pkg=com.xiaomi.bluetooth} proc state 8 (80 skipped)
10-09 16:54:31.929  2183  2183 I wificond: station_bandwidth: P
10-09 16:54:34.940  2183  2183 I wificond: station_bandwidth: P
10-09 16:54:34.941  4304  4304 D ArtChoreographerMonitor: invoke error.
10-09 16:54:35.112  4304  4304 D ArtChoreographerMonitor: invoke error.
10-09 16:54:37.949  2183  2183 I wificond: station_bandwidth: P
10-09 16:54:37.950  4304  4304 D ArtChoreographerMonitor: invoke error.
10-09 16:54:38.122  4304  4304 D ArtChoreographerMonitor: invoke error.
10-09 16:54:40.960  2183  2183 I wificond: station_bandwidth: P
10-09 16:54:40.961  4304  4304 D ArtChoreographerMonitor: invoke error.
10-09 16:54:41.129  4304  4304 D ArtChoreographerMonitor: invoke error.
10-09 16:54:42.578  2042  2702 D HeapUsage Monitor: HeapAllocSize : 102MB; monitorSize : 500MB
10-09 16:54:43.969  2183  2183 I wificond: station_bandwidth: P
10-09 16:54:43.979  4304  4304 D ArtChoreographerMonitor: invoke error.
10-09 16:54:43.980  2042  7000 I SmartPower: com.google.android.apps.messaging/10165(21061): idle->background(39139ms) R(content provider start ContentProviderRecord{178367 u0 com.google.android.apps.messaging/.shared.datamodel.provider.sharedstorage.SharedStorageProvider}) adj=200.
10-09 16:54:44.153  4304  4304 D ArtChoreographerMonitor: invoke error.
10-09 16:54:46.980  2183  2183 I wificond: station_bandwidth: P
10-09 16:54:46.981  2042  3524 I SmartPower: com.google.android.apps.messaging/10165(21061): background->idle(3002ms) R(content provider start ContentProviderRecord{178367 u0 com.google.android.apps.messaging/.shared.datamodel.provider.sharedstorage.SharedStorageProvider}) adj=200.
10-09 16:54:46.987  4304  4304 D ArtChoreographerMonitor: invoke error.
10-09 16:54:47.160  4304  4304 D ArtChoreographerMonitor: invoke error.
10-09 16:54:47.680  2042  3123 D AlarmManager: mBroadcastRefCount -> 1
10-09 16:54:47.683  2042  7000 D ActivityManager: checkAllowBackground: uid=10137 pkg=com.xiaomi.xmsf rec=UidRecord{59b2293 u0a137 IMPF change:procadj procs:0 seq(900732,280958)} caps=------ always=false idle=false
10-09 16:54:47.684  2042  2042 D AlarmManager: mBroadcastRefCount -> 0
10-09 16:54:47.685  2042  2042 D AlarmManager: mPendingIntent -> PendingIntent{c4831b7: PendingIntentRecord{7ec6dae com.xiaomi.xmsf broadcastIntent}}
10-09 16:54:49.991  2183  2183 I wificond: station_bandwidth: P
10-09 16:54:49.992  4304  4304 D ArtChoreographerMonitor: invoke error.
10-09 16:54:50.167  4304  4304 D ArtChoreographerMonitor: invoke error.
10-09 16:54:52.999  2183  2183 I wificond: station_bandwidth: P
10-09 16:54:53.000  4304  4304 D ArtChoreographerMonitor: invoke error.
10-09 16:54:53.173  4304  4304 D ArtChoreographerMonitor: invoke error.
10-09 16:54:55.758  2042  3123 D ActivityManager: checkAllowBackground: uid=1000 pkg=com.miui.powerkeeper rec=UidRecord{b77cac0 1000 PER  fgServices change:procadj procs:0 seq(900723,448524)} caps=LCMNFU always=false idle=false
10-09 16:54:55.758  2042  3123 I SmartPower: com.google.android.gms.unstable/10163(11300): idle->background(247177ms) R(alarm start) adj=800.
10-09 16:54:55.758  2042  3123 I SmartPower: com.google.android.gms.ui/10163(17035): idle->background(91050ms) R(alarm start) adj=800.
10-09 16:54:55.758  2042  3123 I SmartPower: com.google.process.gservices/10163(20972): idle->background(253860ms) R(alarm start) adj=915.
10-09 16:54:55.758  2042  3123 I SmartPower: com.google.android.gms/10163(28832): idle->background(31273ms) R(alarm start) adj=600.
10-09 16:54:55.758  2042  3123 I SmartPower: com.google.process.gapps/10163(21162): idle->background(675947ms) R(alarm start) adj=945.
10-09 16:54:55.759  2042  3123 D AlarmManager: mBroadcastRefCount -> 1
10-09 16:54:55.761  2042  3123 W ProcessStats: Tracking association SourceState{8c235c4 com.miui.securitycenter.remote/1000 Fgs #125387} whose proc state 3 is better than process ProcessState{fde9e0a com.miui.powerkeeper/1000 pkg=com.miui.powerkeeper} proc state 4 (20 skipped)
10-09 16:54:55.761  2042  3123 D AlarmManager: mBroadcastRefCount -> 2
10-09 16:54:55.763  2042  3123 D AlarmManager: mBroadcastRefCount -> 3
10-09 16:54:55.763  2042  3123 D AlarmManager: mBroadcastRefCount -> 4
10-09 16:54:55.763  2042  2042 D AlarmManager: mBroadcastRefCount -> 3
10-09 16:54:55.763  2042  2042 D AlarmManager: mPendingIntent -> PendingIntent{7ba0a5f: PendingIntentRecord{dd98cac com.miui.powerkeeper startService}}
10-09 16:54:55.763  2042  2042 D AlarmManager: mBroadcastRefCount -> 2
10-09 16:54:55.763  2042  2042 D AlarmManager: mPendingIntent -> null
10-09 16:54:55.763  2042  2074 D ActivityManager: checkAllowBackground: uid=1000 pkg=android rec=UidRecord{b77cac0 1000 PER  fgServices change:procadj procs:0 seq(900746,448524)} caps=LCMNFU always=false idle=false
10-09 16:54:55.768  2042  2042 D AlarmManager: mBroadcastRefCount -> 1
10-09 16:54:55.768  2042  2042 D AlarmManager: mPendingIntent -> PendingIntent{fa4ecbc: PendingIntentRecord{b3afd77 com.google.android.gms/com.google.android.gms.auth_api__phone broadcastIntent}}
10-09 16:54:55.771  2042  2042 D AlarmManager: mBroadcastRefCount -> 0
10-09 16:54:55.771  2042  2042 D AlarmManager: mPendingIntent -> PendingIntent{be2479a: PendingIntentRecord{c4598cb com.google.android.gms/com.google.android.gms.auth_api__phone broadcastIntent}}
10-09 16:54:55.771  2042  7000 D ActivityManager: checkAllowBackground: uid=10163 pkg=com.google.android.gms rec=UidRecord{3efeecd u0a163 FGS  change:procadj procs:0 seq(900748,425084)} caps=LCMNFU always=false idle=false
10-09 16:54:56.008  2183  2183 I wificond: station_bandwidth: P
10-09 16:54:58.760  2042  3524 I SmartPower: com.google.android.gms.unstable/10163(11300): background->idle(3001ms) R(alarm start) adj=800.
10-09 16:54:58.760  2042  3524 I SmartPower: com.google.android.gms.ui/10163(17035): background->idle(3001ms) R(alarm start) adj=800.
10-09 16:54:58.760  2042  3524 I SmartPower: com.google.process.gservices/10163(20972): background->idle(3001ms) R(alarm start) adj=915.
10-09 16:54:58.760  2042  3524 I SmartPower: com.google.android.gms/10163(28832): background->idle(3001ms) R(alarm start) adj=500.
10-09 16:54:58.760  2042  3524 I SmartPower: com.google.process.gapps/10163(21162): background->idle(3001ms) R(alarm start) adj=945.
10-09 16:54:59.017  2183  2183 I wificond: station_bandwidth: P
10-09 16:55:00.000  2042  3123 D ActivityManager: checkAllowBackground: uid=1000 pkg=android rec=UidRecord{b77cac0 1000 PER  fgServices change:procadj procs:0 seq(900746,448524)} caps=LCMNFU always=false idle=false
10-09 16:55:00.000  2042  3123 D AlarmManager: mBroadcastRefCount -> 1
10-09 16:55:00.001  2042  2042 D AlarmManager: mBroadcastRefCount -> 0
10-09 16:55:00.001  2042  2042 D AlarmManager: mPendingIntent -> null
10-09 16:55:00.002  4304  4304 D ArtChoreographerMonitor: invoke error.
10-09 16:55:00.182  4304  4304 D ArtChoreographerMonitor: invoke error.
10-09 16:55:01.115  2042  3123 D AlarmManager: mBroadcastRefCount -> 1
10-09 16:55:01.118  2042  2042 I ExtM    : mark duration up to 2m , try to mark.
10-09 16:55:01.118  2042  2042 D MFZ     : Start Mark
10-09 16:55:01.119  2042  3997 D ExtM    : Start marking ...
10-09 16:55:01.119  2042  3997 W ExtM    : Mark thread start 
10-09 16:55:01.119   674  4536 D vold    : mark task started
10-09 16:55:01.125  4538  4538 D vold    :  mark Pid = 4538
10-09 16:55:01.125  4538  4538 D vold    : set cpu affinity policy success
10-09 16:55:01.160  2042  2042 D MFZ     : Mark Finshed ! idle_stats: 1478 2285 932 3227 670 39 394 720 2 3929
10-09 16:55:01.160  2042  2042 D ActivityManager: checkAllowBackground: uid=1000 pkg=android rec=UidRecord{b77cac0 1000 PER  fgServices allowlist change:procadj procs:0 seq(900846,448524)} caps=LCMNFU always=false idle=false
10-09 16:55:01.161  2042  2042 D AlarmManager: mBroadcastRefCount -> 0
10-09 16:55:01.161  2042  2042 D AlarmManager: mPendingIntent -> PendingIntent{b67c5f9: PendingIntentRecord{c46edf android broadcastIntent}}
10-09 16:55:01.214  4538  4538 D vold    :  success write all > /sys/block/zram0/idle
10-09 16:55:01.625   674  4536 D vold    : mark process has been finished in normal with status: 0
10-09 16:55:01.625   674  4536 D vold    :  listener->onFinished 
10-09 16:55:01.625  2042  4020 W ExtM    : Mark finished with status: 0
10-09 16:55:02.027  2183  2183 I wificond: station_bandwidth: P
10-09 16:55:02.034  4304  4304 D ArtChoreographerMonitor: invoke error.
10-09 16:55:02.038  2042  3095 I SmartPower: com.google.android.apps.messaging/10165(21061): idle->background(15057ms) R(content provider start ContentProviderRecord{178367 u0 com.google.android.apps.messaging/.shared.datamodel.provider.sharedstorage.SharedStorageProvider}) adj=200.
10-09 16:55:02.207  4304  4304 D ArtChoreographerMonitor: invoke error.
10-09 16:55:05.036  2183  2183 I wificond: station_bandwidth: P
10-09 16:55:05.039  2042  3524 I SmartPower: com.google.android.apps.messaging/10165(21061): background->idle(3001ms) R(content provider start ContentProviderRecord{178367 u0 com.google.android.apps.messaging/.shared.datamodel.provider.sharedstorage.SharedStorageProvider}) adj=200.
10-09 16:55:05.042  4304  4304 D ArtChoreographerMonitor: invoke error.
10-09 16:55:05.212  4304  4304 D ArtChoreographerMonitor: invoke error.
10-09 16:55:08.047  2183  2183 I wificond: station_bandwidth: P
10-09 16:55:10.812  2042  3095 I SmartPower: com.google.android.gms/10163(28832): idle->background(12053ms) R(service unbind com.google.android.gms/.chimera.GmsInternalApiService) adj=600.
10-09 16:55:11.058  2183  2183 I wificond: station_bandwidth: P
10-09 16:55:11.125  2042  3110 W ProcessStats: Tracking association SourceState{3682bb3 com.miui.analytics/10093 BFgs #125401} whose proc state 4 is better than process ProcessState{6688729 com.miui.securitycenter.remote/1000 pkg=com.miui.securitycenter} proc state 9 (61 skipped)
10-09 16:55:12.579  2042  2702 D HeapUsage Monitor: HeapAllocSize : 108MB; monitorSize : 500MB
10-09 16:55:13.813  2042  3524 I SmartPower: com.google.android.gms/10163(28832): background->idle(3000ms) R(service unbind com.google.android.gms/.chimera.GmsInternalApiService) adj=600.
10-09 16:55:14.069  2183  2183 I wificond: station_bandwidth: P
10-09 16:55:17.077  2183  2183 I wificond: station_bandwidth: P
10-09 16:55:18.884  2042  2691 D Persistence: writeHistoricalOpsDLocked 1 ms.
10-09 16:55:18.887  2042  2691 D Persistence: writeHistoricalOpsDLocked 1 ms.
10-09 16:55:20.088  2183  2183 I wificond: station_bandwidth: P
10-09 16:55:20.090  4304  4304 D ArtChoreographerMonitor: invoke error.
10-09 16:55:20.261  4304  4304 D ArtChoreographerMonitor: invoke error.
10-09 16:55:23.099  2183  2183 I wificond: station_bandwidth: P
10-09 16:55:23.100  4304  4304 D ArtChoreographerMonitor: invoke error.
10-09 16:55:23.272  4304  4304 D ArtChoreographerMonitor: invoke error.
10-09 16:55:23.939  4304  4304 D ArtChoreographerMonitor: invoke error.
10-09 16:55:24.113  4304  4304 D ArtChoreographerMonitor: invoke error.
10-09 16:55:26.108  2183  2183 I wificond: station_bandwidth: P
10-09 16:55:28.632  2042  2802 I ExtM    : zram userate is low, no need to flush: 49
10-09 16:55:29.118  2183  2183 I wificond: station_bandwidth: P
10-09 16:55:32.129  2183  2183 I wificond: station_bandwidth: P
10-09 16:55:35.140  2183  2183 I wificond: station_bandwidth: P
10-09 16:55:37.360  2042  3095 I SmartPower: com.microsoft.windowsintune.companyportal:omadm_client_process/10595(16906): idle->background(132642ms) R(content provider start ContentProviderRecord{e9c8a77 u0 com.microsoft.windowsintune.companyportal/com.microsoft.intune.common.settings.PreferencesContentProvider}) adj=950.
10-09 16:55:38.150  2183  2183 I wificond: station_bandwidth: P
10-09 16:55:38.152  4304  4304 D ArtChoreographerMonitor: invoke error.
10-09 16:55:38.323  4304  4304 D ArtChoreographerMonitor: invoke error.
10-09 16:55:40.361  2042  3524 I SmartPower: com.microsoft.windowsintune.companyportal:omadm_client_process/10595(16906): background->idle(3001ms) R(content provider start ContentProviderRecord{e9c8a77 u0 com.microsoft.windowsintune.companyportal/com.microsoft.intune.common.settings.PreferencesContentProvider}) adj=950.
10-09 16:55:41.160  2183  2183 I wificond: station_bandwidth: P
10-09 16:55:41.161  4304  4304 D ArtChoreographerMonitor: invoke error.
10-09 16:55:41.331  4304  4304 D ArtChoreographerMonitor: invoke error.
10-09 16:55:42.580  2042  2702 D HeapUsage Monitor: HeapAllocSize : 88MB; monitorSize : 500MB
10-09 16:55:44.171  2183  2183 I wificond: station_bandwidth: P
10-09 16:55:44.172  4304  4304 D ArtChoreographerMonitor: invoke error.
10-09 16:55:44.347  4304  4304 D ArtChoreographerMonitor: invoke error.
10-09 16:55:44.509  4304  4304 I MiuiChargeManager: notifyBatteryStatusChanged:  status: 5 isPlugged: 1 level: 100 wireState: 11 chargeSpeed: 1 mChargeType: 1 chargeDeviceType: 1 maxChargingWattage: 33 isCarCharge: -1 SUPPORT_BROADCAST_QUICK_CHARGE: true
10-09 16:55:44.511  2042  2042 D UiModeManager: updateConfigurationLocked: mDockState=0; mCarMode=false; mCar=false; mPowerSave=false; mOverrideNightModeOn=false; mOverrideNightModeOff=false; mComputedNightMode=false; mNightMode=1; uiMode=17
10-09 16:55:45.008  2042  2787 I SmartPower: com.xiaomi.discover/10121(23492): idle->background(80268ms) R(broadcast start Intent { act=android.intent.action.BATTERY_CHANGED flg=0x60000010 (has extras) }) adj=905.
10-09 16:55:45.009  2042  2787 I SmartPower: com.miui.android.fashiongallery/10228(32611): idle->background(80268ms) R(broadcast start Intent { act=android.intent.action.BATTERY_CHANGED flg=0x60000010 (has extras) }) adj=935.
