10-09 14:47:34.355  1902 22704 I SmartPower: com.google.android.gms/10175(15068): idle->background(12318ms) R(service unbind com.google.android.gms/.chimera.GmsApiService) adj=600.
10-09 14:47:36.952  1902  2775 W ProcessStats: Tracking association SourceState{b813b1d com.miui.securitycenter.remote/1000 Fgs #298305} whose proc state 3 is better than process ProcessState{3bbc40b com.miui.analytics/10101 pkg=com.miui.analytics} proc state 5 (11 skipped)
10-09 14:47:37.360  1902  2620 I SmartPower: com.google.android.gms/10175(15068): background->idle(3004ms) R(service unbind com.google.android.gms/.chimera.GmsApiService) adj=600.
10-09 14:47:49.794  1902  1947 D HeapUsage Monitor: HeapAllocSize : 93MB; monitorSize : 500MB
10-09 14:48:05.782  1902  1937 D Persistence: writeHistoricalOpsDLocked 10 ms.
10-09 14:48:05.809  1902  1937 D Persistence: writeHistoricalOpsDLocked 7 ms.
10-09 14:48:05.827  1902  1937 D Persistence: writeHistoricalOpsDLocked 8 ms.
10-09 14:48:19.797  1902  1947 D HeapUsage Monitor: HeapAllocSize : 96MB; monitorSize : 500MB
10-09 14:48:49.801  1902  1947 D HeapUsage Monitor: HeapAllocSize : 82MB; monitorSize : 500MB
10-09 14:48:57.048  1902 10935 W ProcessStats: Tracking association SourceState{b813b1d com.miui.securitycenter.remote/1000 Fgs #298338} whose proc state 3 is better than process ProcessState{3bbc40b com.miui.analytics/10101 pkg=com.miui.analytics} proc state 5 (2 skipped)
10-09 14:49:12.453  1902  2336 D AlarmManager: mBroadcastRefCount -> 1
10-09 14:49:12.458  1902  2336 D AlarmManager: mBroadcastRefCount -> 2
10-09 14:49:12.458  1902  2336 I SmartPower: com.google.android.gms.unstable/10175(4628): idle->background(110422ms) R(alarm start) adj=800.
10-09 14:49:12.458  1902  2336 I SmartPower: com.google.android.gms.ui/10175(26069): idle->background(110421ms) R(alarm start) adj=800.
10-09 14:49:12.458  1902  2336 I SmartPower: com.google.process.gservices/10175(22048): idle->background(110421ms) R(alarm start) adj=905.
10-09 14:49:12.458  1902  2336 I SmartPower: com.google.android.gms/10175(15068): idle->background(95099ms) R(alarm start) adj=600.
10-09 14:49:12.459  1902  2336 I SmartPower: com.google.android.gms:snet/10175(14783): idle->background(110421ms) R(alarm start) adj=800.
10-09 14:49:12.459  1902  2336 I SmartPower: com.google.process.gapps/10175(27622): idle->background(110421ms) R(alarm start) adj=700.
10-09 14:49:12.461  1902  2336 D AlarmManager: mBroadcastRefCount -> 3
10-09 14:49:12.463  1902  1902 D AlarmManager: mBroadcastRefCount -> 2
10-09 14:49:12.463  1902  1902 D AlarmManager: mPendingIntent -> null
10-09 14:49:12.477  1902  1902 D AlarmManager: mBroadcastRefCount -> 1
10-09 14:49:12.477  1902  1902 D AlarmManager: mPendingIntent -> null
10-09 14:49:12.477  1902  1902 D AlarmManager: mBroadcastRefCount -> 0
10-09 14:49:12.478  1902  1902 D AlarmManager: mPendingIntent -> PendingIntent{fa2c2f1: PendingIntentRecord{2474c74 com.google.android.gms/earthquake_detection broadcastIntent}}
10-09 14:49:12.494  1902  2323 D CompatibilityChangeReporter: Compat change id reported: 135634846; UID 10180; state: DISABLED
10-09 14:49:12.495  1902  2323 D CompatibilityChangeReporter: Compat change id reported: 177438394; UID 10180; state: DISABLED
10-09 14:49:12.496  1902  2323 D CompatibilityChangeReporter: Compat change id reported: 135772972; UID 10180; state: DISABLED
10-09 14:49:12.496  1902  2323 D CompatibilityChangeReporter: Compat change id reported: 135754954; UID 10180; state: ENABLED
10-09 14:49:12.498  1902  1955 D CompatibilityChangeReporter: Compat change id reported: 143937733; UID 10180; state: ENABLED
10-09 14:49:12.510  1902  1902 I BackupManagerService: [UserID:0] Beginning scheduled full backup operation
10-09 14:49:12.511  1902  1902 I BackupManagerService: [UserID:0] Full backup time but com.google.android.ext.services is busy; deferring to 2025-10-09 17:24:23
10-09 14:49:12.512  1902  1902 I BackupManagerService: [UserID:0] Nothing pending full backup or failed to start the operation; rescheduling +65714
10-09 14:49:12.515  1902 10935 W ProcessStats: Tracking association SourceState{9ec3e6c com.google.android.gms.persistent/10175 Fgs #298343} whose proc state 3 is better than process ProcessState{e2ca4e6 com.google.android.gms.unstable/10175 pkg=com.google.android.gms} proc state 14 (2 skipped)
10-09 14:49:12.523  1902  1902 W JobScheduler: Job didn't exist in JobStore: 
10-09 14:49:12.528  1902  1955 I ActivityManager: Start proc 5777:com.google.android.apps.turbo:aab/u0a180 for service {com.google.android.apps.turbo/com.google.android.libraries.smartbattery.appusage.library.InferAppBucketsJob} caller=android
10-09 14:49:12.570  1902 10935 I SmartPower: com.google.android.apps.turbo:aab/10180(5777): died->background(2016977ms) R(process start ) adj=-10000.
10-09 14:49:12.571  1902 10935 D CompatibilityChangeReporter: Compat change id reported: 168419799; UID 10180; state: DISABLED
10-09 14:49:12.571  1902 10935 D CompatibilityChangeReporter: Compat change id reported: 273564678; UID 10180; state: DISABLED
10-09 14:49:12.574  1902  2323 D CompatibilityChangeReporter: Compat change id reported: 265195908; UID 10180; state: ENABLED
10-09 14:49:12.584  1902  2772 D CompatibilityChangeReporter: Compat change id reported: 170503758; UID 10180; state: ENABLED
10-09 14:49:12.634  1902  2772 I ActivityManager: Flag disabled. Ignoring finishAttachApplication from uid: 10180. pid: 5777
10-09 14:49:12.789 15337 15461 W BpBinder: Slow Binder: BpBinder transact took 254 ms, interface=com.google.android.gms.droidguard.internal.IDroidGuardHandle, code=5 oneway=false
10-09 14:49:12.803  1902 10935 D CompatibilityChangeReporter: Compat change id reported: 218533173; UID 10121; state: ENABLED
10-09 14:49:12.803  1902 10935 D CompatibilityChangeReporter: Compat change id reported: 262645982; UID 10121; state: ENABLED
10-09 14:49:12.803  1902 10935 D CompatibilityChangeReporter: Compat change id reported: 218533173; UID 10068; state: ENABLED
10-09 14:49:12.804  1902 10935 D CompatibilityChangeReporter: Compat change id reported: 262645982; UID 10068; state: ENABLED
10-09 14:49:12.804  1902 22704 D CompatibilityChangeReporter: Compat change id reported: 161145287; UID 10180; state: ENABLED
10-09 14:49:12.851  1902  2772 D CompatibilityChangeReporter: Compat change id reported: 253665015; UID 10180; state: ENABLED
10-09 14:49:12.851  1902  2772 D CompatibilityChangeReporter: Compat change id reported: 194532703; UID 10180; state: ENABLED
10-09 14:49:15.464  1902  2620 I SmartPower: com.google.android.gms.unstable/10175(4628): background->idle(3005ms) R(alarm start) adj=800.
10-09 14:49:15.464  1902  2620 I SmartPower: com.google.android.gms.ui/10175(26069): background->idle(3005ms) R(alarm start) adj=800.
10-09 14:49:15.464  1902  2620 I SmartPower: com.google.process.gservices/10175(22048): background->idle(3006ms) R(alarm start) adj=905.
10-09 14:49:15.464  1902  2620 I SmartPower: com.google.android.gms/10175(15068): background->idle(3006ms) R(alarm start) adj=600.
10-09 14:49:15.465  1902  2620 I SmartPower: com.google.android.gms:snet/10175(14783): background->idle(3006ms) R(alarm start) adj=800.
10-09 14:49:15.465  1902  2620 I SmartPower: com.google.process.gapps/10175(27622): background->idle(3006ms) R(alarm start) adj=700.
10-09 14:49:15.571  1902  2620 I SmartPower: com.google.android.apps.turbo:aab/10180(5777): background->idle(3002ms) R(process start ) adj=905.
10-09 14:49:15.572  1902  2620 I SmartPower: com.google.android.apps.turbo/10180(32685): background->idle(2003336ms) R(process start ) adj=925.
10-09 14:49:18.510  1902  2772 I SmartPower: com.google.android.gms.unstable/10175(4628): idle->background(3047ms) R(service unbind com.google.android.gms/.droidguard.DroidGuardService) adj=800.
10-09 14:49:19.803  1902  1947 D HeapUsage Monitor: HeapAllocSize : 84MB; monitorSize : 500MB
10-09 14:49:21.514  1902  2620 I SmartPower: com.google.android.gms.unstable/10175(4628): background->idle(3003ms) R(service unbind com.google.android.gms/.droidguard.DroidGuardService) adj=800.
10-09 14:49:49.807  1902  1947 D HeapUsage Monitor: HeapAllocSize : 85MB; monitorSize : 500MB
10-09 14:49:55.792  1902  2322 I UsageStatsService: User[0] Flushing usage stats to disk
10-09 14:50:06.355  1902  2329 W ProcessStats: Tracking association SourceState{b813b1d com.miui.securitycenter.remote/1000 Fgs #298387} whose proc state 3 is better than process ProcessState{3bbc40b com.miui.analytics/10101 pkg=com.miui.analytics} proc state 5 (19 skipped)
10-09 14:50:16.473  1902  2775 I PowerManagerServiceImpl: Partial wakeLock:[PARTIAL_WAKE_LOCK              'WorkManager:TikTokListenableWorker startWork -> com.google.apps.tiktok.sync.impl.workmanager.SyncWorker startWork() -> com.google.apps.tiktok.sync.impl.workmanager.SyncWorker startWork() -> NoAccountWorkerFactory startWork()' (uid=10303 pid=2456 pkg=com.google.android.apps.safetyhub)], disabled: true, procState: 19, reason: Process Priority
10-09 14:50:16.480  1902  2775 I PowerManagerServiceImpl: Partial wakeLock:[PARTIAL_WAKE_LOCK              'WorkManager:TikTokListenableWorker startWork -> com.google.apps.tiktok.sync.impl.workmanager.SyncWorker startWork() -> com.google.apps.tiktok.sync.impl.workmanager.SyncWorker startWork() -> NoAccountWorkerFactory startWork()' (uid=10303 pid=2456 pkg=com.google.android.apps.safetyhub)], disabled: true, procState: 19, reason: Process Priority
10-09 14:50:19.811  1902  1947 D HeapUsage Monitor: HeapAllocSize : 86MB; monitorSize : 500MB
10-09 14:50:49.813  1902  1947 D HeapUsage Monitor: HeapAllocSize : 86MB; monitorSize : 500MB
10-09 14:51:19.817  1902  1947 D HeapUsage Monitor: HeapAllocSize : 87MB; monitorSize : 500MB
10-09 14:51:37.114  1902 10935 W ProcessStats: Tracking association SourceState{b813b1d com.miui.securitycenter.remote/1000 Fgs #298406} whose proc state 3 is better than process ProcessState{3bbc40b com.miui.analytics/10101 pkg=com.miui.analytics} proc state 5 (2 skipped)
10-09 14:51:49.820  1902  1947 D HeapUsage Monitor: HeapAllocSize : 87MB; monitorSize : 500MB
10-09 14:52:19.824  1902  1947 D HeapUsage Monitor: HeapAllocSize : 87MB; monitorSize : 500MB
10-09 14:52:49.826  1902  1947 D HeapUsage Monitor: HeapAllocSize : 88MB; monitorSize : 500MB
10-09 14:53:00.074  1902  2323 I SmartPower: com.google.android.setupwizard/10211(3590): idle->background(964240ms) R(service create com.google.android.setupwizard/.deferred.DeferredSetupScheduler) adj=0.
10-09 14:53:00.087  1902  1902 I BackupManagerService: [UserID:0] Beginning scheduled full backup operation
10-09 14:53:00.089  1902  1902 I BackupManagerService: [UserID:0] Full backup time but com.miui.miwallpaper is busy; deferring to 2025-10-09 17:02:00
10-09 14:53:00.090  1902  1902 I BackupManagerService: [UserID:0] Nothing pending full backup or failed to start the operation; rescheduling +388462
10-09 14:53:00.108  1902  1902 W JobScheduler: Job didn't exist in JobStore: 
10-09 14:53:03.076  1902  2620 I SmartPower: com.google.android.setupwizard/10211(3590): background->idle(3001ms) R(service create com.google.android.setupwizard/.deferred.DeferredSetupScheduler) adj=905.
10-09 14:53:06.464  1902  2329 W ProcessStats: Tracking association SourceState{b813b1d com.miui.securitycenter.remote/1000 Fgs #298436} whose proc state 3 is better than process ProcessState{3bbc40b com.miui.analytics/10101 pkg=com.miui.analytics} proc state 5 (2 skipped)
10-09 14:53:19.829  1902  1947 D HeapUsage Monitor: HeapAllocSize : 89MB; monitorSize : 500MB
10-09 14:53:21.456  1902  2329 W ProcessStats: Tracking association SourceState{b813b1d com.miui.securitycenter.remote/1000 Fgs #298438} whose proc state 3 is better than process ProcessState{3bbc40b com.miui.analytics/10101 pkg=com.miui.analytics} proc state 5 (5 skipped)
10-09 14:53:39.893  1902 22704 I PowerManagerServiceImpl: Partial wakeLock:[PARTIAL_WAKE_LOCK              'WorkManager:TikTokListenableWorker startWork -> com.google.apps.tiktok.sync.impl.workmanager.SyncWorker startWork() -> com.google.apps.tiktok.sync.impl.workmanager.SyncWorker startWork() -> NoAccountWorkerFactory startWork()' (uid=10234 pid=30966 pkg=com.google.android.apps.tachyon)], disabled: true, procState: 19, reason: Process Priority
10-09 14:53:39.897  1902 22704 I PowerManagerServiceImpl: Partial wakeLock:[PARTIAL_WAKE_LOCK              'WorkManager:TikTokListenableWorker startWork -> com.google.apps.tiktok.sync.impl.workmanager.SyncWorker startWork() -> com.google.apps.tiktok.sync.impl.workmanager.SyncWorker startWork() -> NoAccountWorkerFactory startWork()' (uid=10234 pid=30966 pkg=com.google.android.apps.tachyon)], disabled: true, procState: 19, reason: Process Priority
10-09 14:53:40.011  1902  2323 I SmartPower: com.google.android.as.oss/10302(3588): idle->background(646308ms) R(service create com.google.android.as.oss/com.google.android.gms.learning.internal.training.InAppJobService) adj=0.
10-09 14:53:40.031  1902  2323 I PowerManagerServiceImpl: Partial wakeLock:[PARTIAL_WAKE_LOCK              'WorkManager:TikTokListenableWorker startWork -> com.google.apps.tiktok.sync.impl.workmanager.SyncWorker startWork() -> com.google.apps.tiktok.sync.impl.workmanager.SyncWorker startWork() -> NoAccountWorkerFactory startWork()' DISABLED (uid=10234 pid=30966 pkg=com.google.android.apps.tachyon)], disabled: false, procState: 8, reason: Process Priority
10-09 14:53:40.038  1902  2323 I SmartPower: com.google.android.apps.tachyon/10234(30966): idle->background(2172964ms) R(service create com.google.android.apps.tachyon/androidx.work.impl.background.systemjob.SystemJobService) adj=0.
10-09 14:53:40.074  1902 22704 I SmartPower: com.google.android.as.oss:learning_bg/10302(3663): idle->background(646370ms) R(service create com.google.android.as.oss/com.google.android.gms.learning.internal.training.InAppTrainingService) adj=0.
10-09 14:53:40.084  1902 10935 W JobScheduler: Job didn't exist in JobStore: 
10-09 14:53:40.668   691  9880 W keystore2: system/security/keystore2/src/remote_provisioning.rs:102 - Error occurred: system/security/keystore2/src/rkpd_client.rs:272: Trying to get to IRegistration service.
10-09 14:53:40.668   691  9880 W keystore2: 
10-09 14:53:40.668   691  9880 W keystore2: Caused by:
10-09 14:53:40.668   691  9880 W keystore2:     0: system/security/keystore2/src/rkpd_client.rs:162: Trying to get IRPC name.
10-09 14:53:40.668   691  9880 W keystore2:     1: system/security/keystore2/src/globals.rs:440
10-09 14:53:40.668   691  9880 W keystore2:     2: Error::Km(r#HARDWARE_TYPE_UNAVAILABLE)
10-09 14:53:41.328  3663  4591 W BpBinder: Slow Binder: BpBinder transact took 664 ms, interface=android.system.keystore2.IKeystoreSecurityLevel, code=2 oneway=false
10-09 14:53:41.330   691  5988 E keystore2: system/security/keystore2/src/gc.rs:139 - Error trying to delete blob entry. system/security/keystore2/src/gc.rs:129: Trying to invalidate key.
10-09 14:53:41.330   691  5988 E keystore2: 
10-09 14:53:41.330   691  5988 E keystore2: Caused by:
10-09 14:53:41.330   691  5988 E keystore2:     0: system/security/keystore2/src/globals.rs:167: Trying to invalidate key blob.
10-09 14:53:41.330   691  5988 E keystore2:     1: Error::Km(r#UNIMPLEMENTED)
10-09 14:53:41.508  1902  2329 W ProcessStats: Tracking association SourceState{b813b1d com.miui.securitycenter.remote/1000 Fgs #298450} whose proc state 3 is better than process ProcessState{3bbc40b com.miui.analytics/10101 pkg=com.miui.analytics} proc state 5 (2 skipped)
10-09 14:53:42.113  1902 10935 W JobScheduler: Job didn't exist in JobStore: 
10-09 14:53:43.039  1902  2620 I SmartPower: com.google.android.apps.tachyon/10234(30966): background->idle(3002ms) R(service create com.google.android.apps.tachyon/androidx.work.impl.background.systemjob.SystemJobService) adj=905.
10-09 14:53:43.076  1902  2620 I SmartPower: com.google.android.as.oss/10302(3588): background->idle(3065ms) R(service create com.google.android.as.oss/com.google.android.gms.learning.internal.training.InAppTrainingService) adj=905.
10-09 14:53:43.076  1902  2620 I SmartPower: com.google.android.as.oss:learning_bg/10302(3663): background->idle(3003ms) R(service create com.google.android.as.oss/com.google.android.gms.learning.internal.training.InAppTrainingService) adj=905.
10-09 14:53:49.833  1902  1947 D HeapUsage Monitor: HeapAllocSize : 89MB; monitorSize : 500MB
10-09 14:53:51.834   691  5987 I keystore2: system/security/keystore2/src/watchdog.rs:319 - Watchdog thread idle -> terminating. Have a great day.
10-09 14:54:19.836  1902  1947 D HeapUsage Monitor: HeapAllocSize : 90MB; monitorSize : 500MB
10-09 14:54:21.577  1902  2329 W ProcessStats: Tracking association SourceState{b813b1d com.miui.securitycenter.remote/1000 Fgs #298471} whose proc state 3 is better than process ProcessState{3bbc40b com.miui.analytics/10101 pkg=com.miui.analytics} proc state 5 (2 skipped)
10-09 14:54:34.365  1902 22704 I SmartPower: com.microsoft.windowsintune.companyportal:omadm_client_process/10365(32113): idle->background(957072ms) R(content provider start ContentProviderRecord{d88dbbb u0 com.microsoft.windowsintune.companyportal/com.microsoft.omadm.apppolicy.AppPolicyContentProvider}) adj=925.
10-09 14:54:34.894  1902 22704 I SmartPower: com.microsoft.windowsintune.companyportal.omadm_client_process/10365(3922): idle->background(957602ms) R(content provider start ContentProviderRecord{8e862ab u0 com.microsoft.windowsintune.companyportal/com.microsoft.intune.origindetection.abstraction.DeviceOriginContentProvider}) adj=925.
10-09 14:54:34.951  3572  6024 W BpBinder: Slow Binder: BpBinder transact took 575 ms, interface=android.content.IContentProvider, code=21 oneway=false
10-09 14:54:37.210  1902  2775 W ProcessStats: Tracking association SourceState{b813b1d com.miui.securitycenter.remote/1000 Fgs #298474} whose proc state 3 is better than process ProcessState{3bbc40b com.miui.analytics/10101 pkg=com.miui.analytics} proc state 5 (2 skipped)
10-09 14:54:37.896  1902  2620 I SmartPower: com.microsoft.windowsintune.companyportal:omadm_client_process/10365(32113): background->idle(3532ms) R(content provider start ContentProviderRecord{8e862ab u0 com.microsoft.windowsintune.companyportal/com.microsoft.intune.origindetection.abstraction.DeviceOriginContentProvider}) adj=925.
10-09 14:54:37.896  1902  2620 I SmartPower: com.microsoft.windowsintune.companyportal.omadm_client_process/10365(3922): background->idle(3002ms) R(content provider start ContentProviderRecord{8e862ab u0 com.microsoft.windowsintune.companyportal/com.microsoft.intune.origindetection.abstraction.DeviceOriginContentProvider}) adj=925.
10-09 14:54:49.840  1902  1947 D HeapUsage Monitor: HeapAllocSize : 96MB; monitorSize : 500MB
10-09 14:54:52.292  1902 22704 W ProcessStats: Tracking association SourceState{b813b1d com.miui.securitycenter.remote/1000 Fgs #298478} whose proc state 3 is better than process ProcessState{3bbc40b com.miui.analytics/10101 pkg=com.miui.analytics} proc state 5 (5 skipped)
10-09 14:55:12.344  1902 23161 W ProcessStats: Tracking association SourceState{b813b1d com.miui.securitycenter.remote/1000 Fgs #298479} whose proc state 3 is better than process ProcessState{3bbc40b com.miui.analytics/10101 pkg=com.miui.analytics} proc state 5 (2 skipped)
10-09 14:55:14.296  1902 22704 D CompatibilityChangeReporter: Compat change id reported: 241766793; UID 1000; state: ENABLED
10-09 14:55:14.309  1902 22704 D CompatibilityChangeReporter: Compat change id reported: 135634846; UID 1000; state: DISABLED
10-09 14:55:14.310  1902 22704 D CompatibilityChangeReporter: Compat change id reported: 177438394; UID 1000; state: DISABLED
10-09 14:55:14.311  1902 22704 D CompatibilityChangeReporter: Compat change id reported: 135772972; UID 1000; state: DISABLED
10-09 14:55:14.312  1902 22704 D CompatibilityChangeReporter: Compat change id reported: 135754954; UID 1000; state: ENABLED
10-09 14:55:14.343  1902  1955 I ActivityManager: Start proc 6043:com.miui.screenrecorder/1000 for service {com.miui.screenrecorder/com.miui.screenrecorder.service.QuickService} caller=com.android.systemui
10-09 14:55:14.389  1902 22704 I SmartPower: com.miui.screenrecorder/1000(6043): died->invisible(1931895ms) R(process start ) adj=-10000.
10-09 14:55:14.392  1902 22704 D CompatibilityChangeReporter: Compat change id reported: 168419799; UID 1000; state: DISABLED
10-09 14:55:14.392  1902 22704 D CompatibilityChangeReporter: Compat change id reported: 273564678; UID 1000; state: DISABLED
10-09 14:55:14.397  1902 22704 D CompatibilityChangeReporter: Compat change id reported: 261072174; UID 1000; state: ENABLED
10-09 14:55:14.455  1902 22704 I ActivityManager: Flag disabled. Ignoring finishAttachApplication from uid: 1000. pid: 6043
10-09 14:55:19.843  1902  1947 D HeapUsage Monitor: HeapAllocSize : 83MB; monitorSize : 500MB
10-09 14:55:29.319  1902  2336 D AlarmManager: mBroadcastRefCount -> 1
10-09 14:55:29.327  1902  2336 D AlarmManager: mBroadcastRefCount -> 2
10-09 14:55:29.336  1902  2336 W ProcessStats: Tracking association SourceState{c218a0c com.xiaomi.mirror/1000 Fgs #298485} whose proc state 3 is better than process ProcessState{d2a9cfb com.miui.powerkeeper/1000 pkg=com.miui.powerkeeper} proc state 4 (2 skipped)
10-09 14:55:29.338  1902  2336 D AlarmManager: mBroadcastRefCount -> 3
10-09 14:55:29.340  1902  1902 D AlarmManager: mBroadcastRefCount -> 2
10-09 14:55:29.340  1902  1902 D AlarmManager: mPendingIntent -> null
10-09 14:55:29.341  1902  1902 D AlarmManager: mBroadcastRefCount -> 1
10-09 14:55:29.341  1902  1902 D AlarmManager: mPendingIntent -> PendingIntent{dddd89a: PendingIntentRecord{9055cb com.miui.powerkeeper startService}}
10-09 14:55:29.358  1902  1902 D AlarmManager: mBroadcastRefCount -> 0
10-09 14:55:29.358  1902  1902 D AlarmManager: mPendingIntent -> PendingIntent{a14aadf: PendingIntentRecord{1971a6d com.xiaomi.xmsf broadcastIntent}}
10-09 14:55:41.657  1902 23161 W ProcessStats: Tracking association SourceState{b813b1d com.miui.securitycenter.remote/1000 Fgs #298490} whose proc state 3 is better than process ProcessState{3bbc40b com.miui.analytics/10101 pkg=com.miui.analytics} proc state 5 (0 skipped)
10-09 14:55:49.847  1902  1947 D HeapUsage Monitor: HeapAllocSize : 84MB; monitorSize : 500MB
10-09 14:55:52.416  1902  2775 W ProcessStats: Tracking association SourceState{b813b1d com.miui.securitycenter.remote/1000 Fgs #298495} whose proc state 3 is better than process ProcessState{3bbc40b com.miui.analytics/10101 pkg=com.miui.analytics} proc state 5 (5 skipped)
10-09 14:56:19.849  1902  1947 D HeapUsage Monitor: HeapAllocSize : 84MB; monitorSize : 500MB
10-09 14:56:49.853  1902  1947 D HeapUsage Monitor: HeapAllocSize : 84MB; monitorSize : 500MB
10-09 14:57:12.530  1902 23161 W ProcessStats: Tracking association SourceState{b813b1d com.miui.securitycenter.remote/1000 Fgs #298512} whose proc state 3 is better than process ProcessState{3bbc40b com.miui.analytics/10101 pkg=com.miui.analytics} proc state 5 (2 skipped)
10-09 14:57:15.710  1902 22704 I PowerManagerServiceImpl: Partial wakeLock:[PARTIAL_WAKE_LOCK              'WorkManager:TikTokListenableWorker startWork -> com.google.apps.tiktok.sync.impl.workmanager.SyncWorker startWork() -> com.google.apps.tiktok.sync.impl.workmanager.SyncWorker startWork() -> NoAccountWorkerFactory startWork()' (uid=10197 pid=460 pkg=com.google.android.gm)], disabled: true, procState: 19, reason: Process Priority
10-09 14:57:15.717  1902 22704 I PowerManagerServiceImpl: Partial wakeLock:[PARTIAL_WAKE_LOCK              'WorkManager:TikTokListenableWorker startWork -> com.google.apps.tiktok.sync.impl.workmanager.SyncWorker startWork() -> com.google.apps.tiktok.sync.impl.workmanager.SyncWorker startWork() -> NoAccountWorkerFactory startWork()' (uid=10197 pid=460 pkg=com.google.android.gm)], disabled: true, procState: 19, reason: Process Priority
10-09 14:57:15.815  1902  2323 I PowerManagerServiceImpl: Partial wakeLock:[PARTIAL_WAKE_LOCK              'WorkManager:TikTokListenableWorker startWork -> com.google.apps.tiktok.sync.impl.workmanager.SyncWorker startWork() -> com.google.apps.tiktok.sync.impl.workmanager.SyncWorker startWork() -> NoAccountWorkerFactory startWork()' DISABLED (uid=10197 pid=460 pkg=com.google.android.gm)], disabled: false, procState: 8, reason: Process Priority
10-09 14:57:15.874  1902 23161 W JobScheduler: Job didn't exist in JobStore: 
10-09 14:57:19.355  2983  3211 W ContextImpl: Calling a method in the system process without a qualified user: android.app.ContextImpl.bindService:1999 android.content.ContextWrapper.bindService:872 android.service.quickaccesswallet.QuickAccessWalletClientImpl.lambda$connectInternal$2:369 android.service.quickaccesswallet.QuickAccessWalletClientImpl.$r8$lambda$xqGx39K5PyGhxgPjBT-OfB2yTag:0 android.service.quickaccesswallet.QuickAccessWalletClientImpl$$ExternalSyntheticLambda7.run:6 
10-09 14:57:19.390  1902 23161 I SmartPower: com.google.android.gms/10175(15068): idle->background(483926ms) R(service create com.google.android.gms/.chimera.GmsApiService) adj=0.
10-09 14:57:19.857  1902  1947 D HeapUsage Monitor: HeapAllocSize : 85MB; monitorSize : 500MB
10-09 14:57:22.394  1902  2620 I SmartPower: com.google.android.gms/10175(15068): background->idle(3003ms) R(service create com.google.android.gms/.chimera.GmsApiService) adj=600.
10-09 14:57:34.499  1902 22704 I SmartPower: com.google.android.gms/10175(15068): idle->background(12105ms) R(service unbind com.google.android.gms/.chimera.GmsApiService) adj=600.
10-09 14:57:37.502  1902  2620 I SmartPower: com.google.android.gms/10175(15068): background->idle(3003ms) R(service unbind com.google.android.gms/.chimera.GmsApiService) adj=600.
10-09 14:57:49.861  1902  1947 D HeapUsage Monitor: HeapAllocSize : 85MB; monitorSize : 500MB
10-09 14:58:19.863  1902  1947 D HeapUsage Monitor: HeapAllocSize : 85MB; monitorSize : 500MB
10-09 14:58:21.782  1902  2329 W ProcessStats: Tracking association SourceState{b813b1d com.miui.securitycenter.remote/1000 Fgs #298549} whose proc state 3 is better than process ProcessState{3bbc40b com.miui.analytics/10101 pkg=com.miui.analytics} proc state 5 (5 skipped)
10-09 14:58:49.865  1902  1947 D HeapUsage Monitor: HeapAllocSize : 85MB; monitorSize : 500MB
10-09 14:59:19.869  1902  1947 D HeapUsage Monitor: HeapAllocSize : 86MB; monitorSize : 500MB
10-09 14:59:49.872  1902  1947 D HeapUsage Monitor: HeapAllocSize : 86MB; monitorSize : 500MB
10-09 14:59:52.665  1902 23161 W ProcessStats: Tracking association SourceState{b813b1d com.miui.securitycenter.remote/1000 Fgs #298551} whose proc state 3 is better than process ProcessState{3bbc40b com.miui.analytics/10101 pkg=com.miui.analytics} proc state 5 (2 skipped)
10-09 15:00:00.003  1902  2336 D AlarmManager: mBroadcastRefCount -> 1
10-09 15:00:00.014  1902  2336 D AlarmManager: mBroadcastRefCount -> 2
10-09 15:00:00.015  1902  2336 D AlarmManager: mBroadcastRefCount -> 3
10-09 15:00:00.016  1902  2336 D AlarmManager: mBroadcastRefCount -> 4
10-09 15:00:00.016  1902  2336 D AlarmManager: mBroadcastRefCount -> 5
10-09 15:00:00.018  1902  2336 D AlarmManager: mBroadcastRefCount -> 6
10-09 15:00:00.043  1902  2336 D AlarmManager: mBroadcastRefCount -> 7
10-09 15:00:00.044  1902  1902 D AlarmManager: mBroadcastRefCount -> 6
10-09 15:00:00.044  1902  1902 D AlarmManager: mPendingIntent -> null
10-09 15:00:00.048  1902  1902 D AlarmManager: mBroadcastRefCount -> 5
10-09 15:00:00.048  1902  1902 D AlarmManager: mPendingIntent -> null
10-09 15:00:00.048  1902  1902 D AlarmManager: mBroadcastRefCount -> 4
10-09 15:00:00.048  1902  1902 D AlarmManager: mPendingIntent -> null
10-09 15:00:00.053  1902  1902 D AlarmManager: mBroadcastRefCount -> 3
10-09 15:00:00.053  1902  1902 D AlarmManager: mPendingIntent -> null
10-09 15:00:00.053  1902  1902 D AlarmManager: mBroadcastRefCount -> 2
10-09 15:00:00.053  1902  1902 D AlarmManager: mPendingIntent -> null
10-09 15:00:00.053  1902  1902 D AlarmManager: mBroadcastRefCount -> 1
10-09 15:00:00.053  1902  1902 D AlarmManager: mPendingIntent -> PendingIntent{dddd89a: PendingIntentRecord{9055cb com.miui.powerkeeper startService}}
10-09 15:00:00.056  1902 23161 D CompatibilityChangeReporter: Compat change id reported: 171306433; UID 1000; state: ENABLED
10-09 15:00:00.056  1902 23161 D CompatibilityChangeReporter: Compat change id reported: 218533173; UID 1000; state: ENABLED
10-09 15:00:00.061  1902  1902 I BackupManagerService: [UserID:0] Beginning scheduled full backup operation
10-09 15:00:00.063  1902  1902 I BackupManagerService: [UserID:0] Full backup time but com.miui.touchassistant is busy; deferring to 2025-10-09 17:27:50
10-09 15:00:00.063  1902  1902 I BackupManagerService: [UserID:0] Nothing pending full backup or failed to start the operation; rescheduling +2518852
10-09 15:00:00.067  1902  1902 W JobScheduler: Job didn't exist in JobStore: 
10-09 15:00:00.074  1902  1902 D AlarmManager: mBroadcastRefCount -> 0
10-09 15:00:00.074  1902  1902 D AlarmManager: mPendingIntent -> PendingIntent{7ddf9f8: PendingIntentRecord{97d2ed1 com.android.settings broadcastIntent}}
10-09 15:00:00.307  1230  1299 W BpBinder: Slow Binder: BpBinder transact took 233 ms, interface=com.android.internal.app.IBatteryStats, code=22 oneway=false
10-09 15:00:00.318  1230  1299 W PowerProfile: screen.on is deprecated! Use screen.on.display0 instead.
10-09 15:00:00.318  1230  1299 W PowerProfile: screen.full is deprecated! Use screen.full.display0 instead.
10-09 15:00:00.320  1230  1299 W ModemPowerProfile: getAverageBatteryDrainMaH called with unexpected key: 0x0, drain:SLEEP,RAT:DEFAULT
10-09 15:00:00.320  1230  1299 W ModemPowerProfile: getAverageBatteryDrainMaH called with unexpected key: 0x10000000, drain:IDLE,RAT:DEFAULT
10-09 15:00:00.320  1230  1299 W ModemPowerProfile: getAverageBatteryDrainMaH called with unexpected key: 0x20000000, drain:RX,RAT:DEFAULT
10-09 15:00:00.321  1230  1299 W ModemPowerProfile: getAverageBatteryDrainMaH called with unexpected key: 0x30000000, drain:TX,level:0,RAT:DEFAULT
10-09 15:00:00.321  1230  1299 W ModemPowerProfile: getAverageBatteryDrainMaH called with unexpected key: 0x31000000, drain:TX,level:1,RAT:DEFAULT
10-09 15:00:00.321  1230  1299 W ModemPowerProfile: getAverageBatteryDrainMaH called with unexpected key: 0x32000000, drain:TX,level:2,RAT:DEFAULT
10-09 15:00:00.321  1230  1299 W ModemPowerProfile: getAverageBatteryDrainMaH called with unexpected key: 0x33000000, drain:TX,level:3,RAT:DEFAULT
10-09 15:00:00.321  1230  1299 W ModemPowerProfile: getAverageBatteryDrainMaH called with unexpected key: 0x34000000, drain:TX,level:4,RAT:DEFAULT
10-09 15:00:01.091  1902 22704 D CompatibilityChangeReporter: Compat change id reported: 161145287; UID 1000; state: ENABLED
10-09 15:00:01.091  1902 22704 D CompatibilityChangeReporter: Compat change id reported: 161145287; UID 1000; state: DISABLED
10-09 15:00:01.209  1902 22704 D IntervalStats: Unable to parse usage stats packages: [535]
10-09 15:00:10.060  1902  2323 W ProcessStats: Tracking association SourceState{f928bd com.xiaomi.mi_connect_service/1000 Fgs #298570} whose proc state 3 is better than process ProcessState{69b6b6 com.xiaomi.bluetooth/1002 pkg=com.xiaomi.bluetooth} proc state 8 (15 skipped)
10-09 15:00:19.874  1902  1947 D HeapUsage Monitor: HeapAllocSize : 89MB; monitorSize : 500MB
10-09 15:00:29.350  1902  1967 D SmartPower.CpuPolicy: update process cpu time
10-09 15:00:49.876  1902  1947 D HeapUsage Monitor: HeapAllocSize : 91MB; monitorSize : 500MB
10-09 15:00:53.132  1902  2336 W ProcessStats: Tracking association SourceState{b813b1d com.miui.securitycenter.remote/1000 Fgs #298577} whose proc state 3 is better than process ProcessState{3bbc40b com.miui.analytics/10101 pkg=com.miui.analytics} proc state 5 (7 skipped)
10-09 15:00:53.134  1902  2336 D AlarmManager: mBroadcastRefCount -> 1
10-09 15:00:53.144  1902  1902 D AlarmManager: mBroadcastRefCount -> 0
10-09 15:00:53.144  1902  1902 D AlarmManager: mPendingIntent -> PendingIntent{5037848: PendingIntentRecord{2704388 com.miui.securitycenter startService}}
10-09 15:01:19.881  1902  1947 D HeapUsage Monitor: HeapAllocSize : 93MB; monitorSize : 500MB
10-09 15:01:21.899  1902  2329 W ProcessStats: Tracking association SourceState{b813b1d com.miui.securitycenter.remote/1000 Fgs #298580} whose proc state 3 is better than process ProcessState{3bbc40b com.miui.analytics/10101 pkg=com.miui.analytics} proc state 5 (6 skipped)
10-09 15:01:36.879  1902  2329 W ProcessStats: Tracking association SourceState{b813b1d com.miui.securitycenter.remote/1000 Fgs #298582} whose proc state 3 is better than process ProcessState{3bbc40b com.miui.analytics/10101 pkg=com.miui.analytics} proc state 5 (5 skipped)
10-09 15:01:49.883  1902  1947 D HeapUsage Monitor: HeapAllocSize : 93MB; monitorSize : 500MB
10-09 15:01:50.629  1902 23161 W ProcessStats: Tracking association SourceState{f6d7559 com.google.android.googlequicksearchbox:googleapp/10188 Service #298583} whose proc state 8 is better than process ProcessState{6c26b07 com.google.android.adservices.api/10307 pkg=com.google.android.adservices.api} proc state 14 (2 skipped)
10-09 15:01:50.630  1902 23161 I SmartPower: com.google.android.googlequicksearchbox:googleapp/10188(22389): idle->background(1379519ms) R(service create com.google.android.googlequicksearchbox/com.google.frameworks.client.data.android.server.tiktok.search.GoogleappProcessEndpointService) adj=0.
10-09 15:01:53.633  1902  2620 I SmartPower: com.google.android.googlequicksearchbox:googleapp/10188(22389): background->idle(3003ms) R(service create com.google.android.googlequicksearchbox/com.google.frameworks.client.data.android.server.tiktok.search.GoogleappProcessEndpointService) adj=800.
10-09 15:02:19.887  1902  1947 D HeapUsage Monitor: HeapAllocSize : 93MB; monitorSize : 500MB
10-09 15:02:36.995  1902  2329 W ProcessStats: Tracking association SourceState{b813b1d com.miui.securitycenter.remote/1000 Fgs #298608} whose proc state 3 is better than process ProcessState{3bbc40b com.miui.analytics/10101 pkg=com.miui.analytics} proc state 5 (7 skipped)
10-09 15:02:49.890  1902  1947 D HeapUsage Monitor: HeapAllocSize : 94MB; monitorSize : 500MB
10-09 15:02:52.697  1902  2772 W ProcessStats: Tracking association SourceState{b813b1d com.miui.securitycenter.remote/1000 Fgs #298609} whose proc state 3 is better than process ProcessState{3bbc40b com.miui.analytics/10101 pkg=com.miui.analytics} proc state 5 (2 skipped)
10-09 15:02:55.700  1902 23161 I SmartPower: com.google.android.googlequicksearchbox:googleapp/10188(22389): idle->background(62067ms) R(service unbind com.google.android.googlequicksearchbox/com.google.frameworks.client.data.android.server.tiktok.search.GoogleappProcessEndpointService) adj=0.
10-09 15:02:58.703  1902  2620 I SmartPower: com.google.android.googlequicksearchbox:googleapp/10188(22389): background->idle(3003ms) R(service unbind com.google.android.googlequicksearchbox/com.google.frameworks.client.data.android.server.tiktok.search.GoogleappProcessEndpointService) adj=800.
10-09 15:03:07.334  1902  1937 D Persistence: writeHistoricalOpsDLocked 11 ms.
10-09 15:03:07.371  1902  1937 D Persistence: writeHistoricalOpsDLocked 12 ms.
10-09 15:03:07.781  1902  2772 W ProcessStats: Tracking association SourceState{b813b1d com.miui.securitycenter.remote/1000 Fgs #298616} whose proc state 3 is better than process ProcessState{3bbc40b com.miui.analytics/10101 pkg=com.miui.analytics} proc state 5 (10 skipped)
10-09 15:03:13.924  1902 23161 I SmartPower: com.google.android.googlequicksearchbox:search/10188(22408): idle->background(1462815ms) R(service create com.google.android.googlequicksearchbox/com.google.android.libraries.search.integrations.tiktok.RemoteWorkerService_search) adj=0.
10-09 15:03:16.926  1902  2620 I SmartPower: com.google.android.googlequicksearchbox:search/10188(22408): background->idle(3001ms) R(service create com.google.android.googlequicksearchbox/com.google.android.libraries.search.integrations.tiktok.RemoteWorkerService_search) adj=800.
10-09 15:03:19.893  1902  1947 D HeapUsage Monitor: HeapAllocSize : 96MB; monitorSize : 500MB
10-09 15:03:27.832  1902 23161 W ProcessStats: Tracking association SourceState{b813b1d com.miui.securitycenter.remote/1000 Fgs #298627} whose proc state 3 is better than process ProcessState{3bbc40b com.miui.analytics/10101 pkg=com.miui.analytics} proc state 5 (2 skipped)
10-09 15:03:49.896  1902  1947 D HeapUsage Monitor: HeapAllocSize : 83MB; monitorSize : 500MB
10-09 15:03:57.077  1902  2329 W ProcessStats: Tracking association SourceState{b813b1d com.miui.securitycenter.remote/1000 Fgs #298628} whose proc state 3 is better than process ProcessState{3bbc40b com.miui.analytics/10101 pkg=com.miui.analytics} proc state 5 (2 skipped)
10-09 15:04:07.908  1902 10935 W ProcessStats: Tracking association SourceState{b813b1d com.miui.securitycenter.remote/1000 Fgs #298641} whose proc state 3 is better than process ProcessState{3bbc40b com.miui.analytics/10101 pkg=com.miui.analytics} proc state 5 (2 skipped)
10-09 15:04:19.900  1902  1947 D HeapUsage Monitor: HeapAllocSize : 84MB; monitorSize : 500MB
10-09 15:04:49.903  1902  1947 D HeapUsage Monitor: HeapAllocSize : 84MB; monitorSize : 500MB
10-09 15:05:19.906  1902  1947 D HeapUsage Monitor: HeapAllocSize : 85MB; monitorSize : 500MB
10-09 15:05:28.022  1902 10935 W ProcessStats: Tracking association SourceState{b813b1d com.miui.securitycenter.remote/1000 Fgs #298664} whose proc state 3 is better than process ProcessState{3bbc40b com.miui.analytics/10101 pkg=com.miui.analytics} proc state 5 (2 skipped)
10-09 15:05:29.316  1902  2336 D AlarmManager: mBroadcastRefCount -> 1
10-09 15:05:29.321  1902  2336 D AlarmManager: mBroadcastRefCount -> 2
10-09 15:05:29.324  1902  2336 D AlarmManager: mBroadcastRefCount -> 3
10-09 15:05:29.334  1902  2336 D AlarmManager: mBroadcastRefCount -> 4
10-09 15:05:29.346  1902  2336 D AlarmManager: mBroadcastRefCount -> 5
10-09 15:05:29.349  1902  1902 D AlarmManager: mBroadcastRefCount -> 4
10-09 15:05:29.349  1902  1902 D AlarmManager: mPendingIntent -> null
10-09 15:05:29.371  1902  1902 D AlarmManager: mBroadcastRefCount -> 3
10-09 15:05:29.371  1902  1902 D AlarmManager: mPendingIntent -> null
10-09 15:05:29.372  1902  1902 D AlarmManager: mBroadcastRefCount -> 2
10-09 15:05:29.372  1902  1902 D AlarmManager: mPendingIntent -> PendingIntent{76e6996: PendingIntentRecord{c249f82 com.miui.securitycenter startService}}
10-09 15:05:29.372  1902  1902 D AlarmManager: mBroadcastRefCount -> 1
10-09 15:05:29.372  1902  1902 D AlarmManager: mPendingIntent -> PendingIntent{dddd89a: PendingIntentRecord{9055cb com.miui.powerkeeper startService}}
10-09 15:05:29.372  1902  1902 D AlarmManager: mBroadcastRefCount -> 0
10-09 15:05:29.372  1902  1902 D AlarmManager: mPendingIntent -> PendingIntent{e32d917: PendingIntentRecord{1971a6d com.xiaomi.xmsf broadcastIntent}}
10-09 15:05:29.407  1902 10935 W JobScheduler: Job didn't exist in JobStore: 
10-09 15:05:29.413  1902 10935 W JobScheduler: Job didn't exist in JobStore: 
10-09 15:05:49.908  1902  1947 D HeapUsage Monitor: HeapAllocSize : 87MB; monitorSize : 500MB
10-09 15:06:19.912  1902  1947 D HeapUsage Monitor: HeapAllocSize : 87MB; monitorSize : 500MB
10-09 15:06:37.160  1902  2329 W ProcessStats: Tracking association SourceState{b813b1d com.miui.securitycenter.remote/1000 Fgs #298695} whose proc state 3 is better than process ProcessState{3bbc40b com.miui.analytics/10101 pkg=com.miui.analytics} proc state 5 (10 skipped)
10-09 15:06:49.916  1902  1947 D HeapUsage Monitor: HeapAllocSize : 87MB; monitorSize : 500MB
10-09 15:06:55.155  1902  2620 D IntervalStats: Unable to parse usage stats packages: [535, 536]
10-09 15:07:19.473  2983  3211 W ContextImpl: Calling a method in the system process without a qualified user: android.app.ContextImpl.bindService:1999 android.content.ContextWrapper.bindService:872 android.service.quickaccesswallet.QuickAccessWalletClientImpl.lambda$connectInternal$2:369 android.service.quickaccesswallet.QuickAccessWalletClientImpl.$r8$lambda$xqGx39K5PyGhxgPjBT-OfB2yTag:0 android.service.quickaccesswallet.QuickAccessWalletClientImpl$$ExternalSyntheticLambda7.run:6 
10-09 15:07:19.499  1902 22704 W ProcessStats: Tracking association SourceState{bb75a7d com.google.android.gms.persistent/10175 Fgs #298698} whose proc state 3 is better than process ProcessState{2c25849 com.google.android.gms/10175 pkg=com.google.android.gms} proc state 14 (2 skipped)
10-09 15:07:19.500  1902 22704 I SmartPower: com.google.android.gms/10175(15068): idle->background(581998ms) R(service create com.google.android.gms/.chimera.GmsApiService) adj=0.
10-09 15:07:19.920  1902  1947 D HeapUsage Monitor: HeapAllocSize : 88MB; monitorSize : 500MB
10-09 15:07:22.503  1902  2620 I SmartPower: com.google.android.gms/10175(15068): background->idle(3003ms) R(service create com.google.android.gms/.chimera.GmsApiService) adj=600.
10-09 15:07:34.598  1902 22704 I SmartPower: com.google.android.gms/10175(15068): idle->background(12095ms) R(service unbind com.google.android.gms/.chimera.GmsApiService) adj=600.
10-09 15:07:37.603  1902  2620 I SmartPower: com.google.android.gms/10175(15068): background->idle(3005ms) R(service unbind com.google.android.gms/.chimera.GmsApiService) adj=600.
10-09 15:07:49.924  1902  1947 D HeapUsage Monitor: HeapAllocSize : 88MB; monitorSize : 500MB
10-09 15:08:08.111  1902  2772 W ProcessStats: Tracking association SourceState{b813b1d com.miui.securitycenter.remote/1000 Fgs #298715} whose proc state 3 is better than process ProcessState{3bbc40b com.miui.analytics/10101 pkg=com.miui.analytics} proc state 5 (3 skipped)
10-09 15:08:19.928  1902  1947 D HeapUsage Monitor: HeapAllocSize : 88MB; monitorSize : 500MB
10-09 15:08:49.931  1902  1947 D HeapUsage Monitor: HeapAllocSize : 90MB; monitorSize : 500MB
10-09 15:09:02.271  1902  2323 I SmartPower: com.google.android.as.oss/10302(3588): idle->background(919195ms) R(service create com.google.android.as.oss/com.google.android.gms.learning.internal.training.InAppJobService) adj=0.
10-09 15:09:02.297  1902  2323 I SmartPower: com.google.android.setupwizard/10211(3590): idle->background(959222ms) R(service create com.google.android.setupwizard/.deferred.DeferredSetupScheduler) adj=0.
10-09 15:09:02.326  1902  2772 I SmartPower: com.google.android.as.oss:learning_bg/10302(3663): idle->background(919249ms) R(service create com.google.android.as.oss/com.google.android.gms.learning.internal.training.InAppTrainingService) adj=0.
10-09 15:09:02.348  1902 10935 W JobScheduler: Job didn't exist in JobStore: 
10-09 15:09:02.363  1902  2772 W JobScheduler: Job didn't exist in JobStore: 
10-09 15:09:05.300  1902  2620 I SmartPower: com.google.android.setupwizard/10211(3590): background->idle(3002ms) R(service create com.google.android.setupwizard/.deferred.DeferredSetupScheduler) adj=905.
10-09 15:09:05.327  1902  2620 I SmartPower: com.google.android.as.oss/10302(3588): background->idle(3056ms) R(service create com.google.android.as.oss/com.google.android.gms.learning.internal.training.InAppTrainingService) adj=905.
10-09 15:09:05.328  1902  2620 I SmartPower: com.google.android.as.oss:learning_bg/10302(3663): background->idle(3002ms) R(service create com.google.android.as.oss/com.google.android.gms.learning.internal.training.InAppTrainingService) adj=905.
10-09 15:09:19.936  1902  1947 D HeapUsage Monitor: HeapAllocSize : 91MB; monitorSize : 500MB
10-09 15:09:37.314  1902  2329 W ProcessStats: Tracking association SourceState{b813b1d com.miui.securitycenter.remote/1000 Fgs #298745} whose proc state 3 is better than process ProcessState{3bbc40b com.miui.analytics/10101 pkg=com.miui.analytics} proc state 5 (2 skipped)
10-09 15:09:47.065  1902  1937 I EntropyMixer: Updated seed file
10-09 15:09:49.938  1902  1947 D HeapUsage Monitor: HeapAllocSize : 91MB; monitorSize : 500MB
10-09 15:09:52.306  1902  2329 W ProcessStats: Tracking association SourceState{b813b1d com.miui.securitycenter.remote/1000 Fgs #298747} whose proc state 3 is better than process ProcessState{3bbc40b com.miui.analytics/10101 pkg=com.miui.analytics} proc state 5 (5 skipped)
10-09 15:09:55.921  1902  2322 I UsageStatsService: User[0] Flushing usage stats to disk
10-09 15:09:59.732  1902  2323 D CompatibilityChangeReporter: Compat change id reported: 218533173; UID 10113; state: ENABLED
10-09 15:09:59.733  1902  2323 D CompatibilityChangeReporter: Compat change id reported: 262645982; UID 10113; state: ENABLED
10-09 15:09:59.736  1902  2323 D CompatibilityChangeReporter: Compat change id reported: 218533173; UID 10078; state: ENABLED
10-09 15:09:59.737  1902  2323 D CompatibilityChangeReporter: Compat change id reported: 262645982; UID 10078; state: ENABLED
10-09 15:09:59.741  1902  2323 D CompatibilityChangeReporter: Compat change id reported: 218533173; UID 10243; state: ENABLED
10-09 15:09:59.741  1902  2323 D CompatibilityChangeReporter: Compat change id reported: 262645982; UID 10243; state: ENABLED
10-09 15:09:59.743  1902  2323 D CompatibilityChangeReporter: Compat change id reported: 218533173; UID 10074; state: ENABLED
10-09 15:09:59.744  1902  2323 D CompatibilityChangeReporter: Compat change id reported: 262645982; UID 10074; state: ENABLED
10-09 15:09:59.754  1902  2323 D CompatibilityChangeReporter: Compat change id reported: 218533173; UID 10148; state: ENABLED
10-09 15:09:59.754  1902  2323 D CompatibilityChangeReporter: Compat change id reported: 262645982; UID 10148; state: ENABLED
10-09 15:09:59.756  1902  2323 D CompatibilityChangeReporter: Compat change id reported: 218533173; UID 10291; state: DISABLED
10-09 15:09:59.757  1902  2323 D CompatibilityChangeReporter: Compat change id reported: 262645982; UID 10291; state: DISABLED
10-09 15:09:59.760  1902  2323 D CompatibilityChangeReporter: Compat change id reported: 218533173; UID 10075; state: ENABLED
10-09 15:09:59.760  1902  2323 D CompatibilityChangeReporter: Compat change id reported: 262645982; UID 10075; state: ENABLED
10-09 15:09:59.763  1902  2323 D CompatibilityChangeReporter: Compat change id reported: 218533173; UID 10221; state: ENABLED
10-09 15:09:59.764  1902  2323 D CompatibilityChangeReporter: Compat change id reported: 262645982; UID 10221; state: ENABLED
10-09 15:09:59.765  1902  2323 D CompatibilityChangeReporter: Compat change id reported: 218533173; UID 10211; state: ENABLED
10-09 15:09:59.765  1902  2323 D CompatibilityChangeReporter: Compat change id reported: 262645982; UID 10211; state: ENABLED
10-09 15:09:59.769  1902  2323 D CompatibilityChangeReporter: Compat change id reported: 218533173; UID 10302; state: ENABLED
10-09 15:09:59.770  1902  2323 D CompatibilityChangeReporter: Compat change id reported: 262645982; UID 10302; state: ENABLED
10-09 15:09:59.771  1902  2323 D CompatibilityChangeReporter: Compat change id reported: 218533173; UID 10177; state: ENABLED
10-09 15:09:59.771  1902  2323 D CompatibilityChangeReporter: Compat change id reported: 262645982; UID 10177; state: ENABLED
10-09 15:09:59.772  1902  2323 D CompatibilityChangeReporter: Compat change id reported: 218533173; UID 10259; state: ENABLED
10-09 15:09:59.772  1902  2323 D CompatibilityChangeReporter: Compat change id reported: 262645982; UID 10259; state: ENABLED
10-09 15:09:59.776  1902  2323 D CompatibilityChangeReporter: Compat change id reported: 218533173; UID 10201; state: ENABLED
10-09 15:09:59.776  1902  2323 D CompatibilityChangeReporter: Compat change id reported: 262645982; UID 10201; state: ENABLED
10-09 15:09:59.777  1902  2323 D CompatibilityChangeReporter: Compat change id reported: 218533173; UID 10189; state: ENABLED
10-09 15:09:59.777  1902  2323 D CompatibilityChangeReporter: Compat change id reported: 262645982; UID 10189; state: ENABLED
10-09 15:09:59.778  1902  2323 D CompatibilityChangeReporter: Compat change id reported: 218533173; UID 10365; state: ENABLED
10-09 15:09:59.778  1902  2323 D CompatibilityChangeReporter: Compat change id reported: 262645982; UID 10365; state: ENABLED
10-09 15:09:59.779  1902  2323 D CompatibilityChangeReporter: Compat change id reported: 218533173; UID 10132; state: ENABLED
10-09 15:09:59.779  1902  2323 D CompatibilityChangeReporter: Compat change id reported: 262645982; UID 10132; state: ENABLED
10-09 15:09:59.780  1902  2323 D CompatibilityChangeReporter: Compat change id reported: 262645982; UID 10175; state: ENABLED
10-09 15:09:59.781  1902  2323 D CompatibilityChangeReporter: Compat change id reported: 218533173; UID 10261; state: ENABLED
10-09 15:09:59.781  1902  2323 D CompatibilityChangeReporter: Compat change id reported: 262645982; UID 10261; state: ENABLED
10-09 15:09:59.781  1902  2323 D CompatibilityChangeReporter: Compat change id reported: 218533173; UID 10059; state: ENABLED
10-09 15:09:59.781  1902  2323 D CompatibilityChangeReporter: Compat change id reported: 262645982; UID 10059; state: ENABLED
10-09 15:09:59.782  1902  2323 D CompatibilityChangeReporter: Compat change id reported: 218533173; UID 10171; state: ENABLED
10-09 15:09:59.782  1902  2323 D CompatibilityChangeReporter: Compat change id reported: 262645982; UID 10171; state: ENABLED
10-09 15:09:59.782  1902  2323 D CompatibilityChangeReporter: Compat change id reported: 218533173; UID 10312; state: ENABLED
10-09 15:09:59.783  1902  2323 D CompatibilityChangeReporter: Compat change id reported: 262645982; UID 10312; state: ENABLED
10-09 15:09:59.786  1902  2323 D CompatibilityChangeReporter: Compat change id reported: 218533173; UID 10192; state: ENABLED
10-09 15:09:59.787  1902  2323 D CompatibilityChangeReporter: Compat change id reported: 218533173; UID 10331; state: ENABLED
10-09 15:09:59.787  1902  2323 D CompatibilityChangeReporter: Compat change id reported: 262645982; UID 10331; state: ENABLED
