10-10 15:16:03.573  2042 14733 I PFTBT   : Initiating full-data transport backup of cn.wps.xiaomi.abroad.lite token: 630339255
10-10 15:16:03.573  2042  4781 D BackupTransportManager: [UserID:0] Transport com.google.android.gms/.backup.BackupTransportService updated its attributes
10-10 15:16:03.584  2042 14733 I PFTBT   : Transport rejected backup of cn.wps.xiaomi.abroad.lite, skipping
10-10 15:16:03.584  2042 14733 I PFTBT   : Unbinding agent in cn.wps.xiaomi.abroad.lite
10-10 15:16:03.584  2042 14733 W ActivityManager: Unbinding backup agent with no active backup
10-10 15:16:03.584  2042 14733 I PFTBT   : Full backup completed with status: 0
10-10 15:16:03.590  2042 14733 D ActivityManager: checkAllowBackground: uid=1000 pkg=android rec=UidRecord{b77cac0 1000 PER  fgServices change:procadj procs:0 seq(1285566,448524)} caps=LCMNFU always=false idle=false
10-10 15:16:03.594  2042 14733 I PFTBT   : Full data backup pass finished.
10-10 15:16:03.594  2042 14733 I BackupManagerService: [UserID:0] Released wakelock:*backup*-0-6603
10-10 15:16:03.594  2042  2042 I BackupManagerService: [UserID:0] Beginning scheduled full backup operation
10-10 15:16:03.594  2042  2042 D PFTBT   : backupmanager pftbt token=80c15b9
10-10 15:16:03.595  2042  2042 I BackupManagerService: [UserID:0] Acquired wakelock:*backup*-0-6603
10-10 15:16:03.617  2042  2042 I TransportConnection: BackupTransportService#3431: Notifying [PFTBT.run()] transport = BackupTransportClient
10-10 15:16:03.619  2042 14734 I PFTBT   : Initiating full-data transport backup of com.google.android.onetimeinitializer token: 135009721
10-10 15:16:03.621  2042  4781 D BackupTransportManager: [UserID:0] Transport com.google.android.gms/.backup.BackupTransportService updated its attributes
10-10 15:16:03.628  2042 14734 I PFTBT   : Transport rejected backup of com.google.android.onetimeinitializer, skipping
10-10 15:16:03.628  2042 14734 I PFTBT   : Unbinding agent in com.google.android.onetimeinitializer
10-10 15:16:03.628  2042 14734 W ActivityManager: Unbinding backup agent with no active backup
10-10 15:16:03.628  2042 14734 I PFTBT   : Full backup completed with status: 0
10-10 15:16:03.637  2042 14734 D ActivityManager: checkAllowBackground: uid=1000 pkg=android rec=UidRecord{b77cac0 1000 PER  fgServices change:procadj procs:0 seq(1285566,448524)} caps=LCMNFU always=false idle=false
10-10 15:16:03.642  2042 14734 I PFTBT   : Full data backup pass finished.
10-10 15:16:03.642  2042 14734 I BackupManagerService: [UserID:0] Released wakelock:*backup*-0-6603
10-10 15:16:03.643  2042  2042 I BackupManagerService: [UserID:0] Beginning scheduled full backup operation
10-10 15:16:03.643  2042  2042 D PFTBT   : backupmanager pftbt token=480bbabb
10-10 15:16:03.644  2042  2042 I BackupManagerService: [UserID:0] Acquired wakelock:*backup*-0-6603
10-10 15:16:03.647  2042  3524 I SmartPower: com.mi.android.globallauncher/10081(4339): background->idle(3000ms) R(content provider start ContentProviderRecord{f9e9d7d u0 com.mi.android.globallauncher/com.miui.home.launcher.LauncherProvider}) adj=100.
10-10 15:16:03.658  2042  2042 I TransportConnection: BackupTransportService#3432: Notifying [PFTBT.run()] transport = BackupTransportClient
10-10 15:16:03.660  2042 14735 I PFTBT   : Initiating full-data transport backup of com.android.internal.systemui.navbar.gestural_wide_back token: 1208728251
10-10 15:16:03.663  2042  2072 D BackupTransportManager: [UserID:0] Transport com.google.android.gms/.backup.BackupTransportService updated its attributes
10-10 15:16:03.671  2042 14735 I PFTBT   : Transport rejected backup of com.android.internal.systemui.navbar.gestural_wide_back, skipping
10-10 15:16:03.672  2042 14735 I PFTBT   : Unbinding agent in com.android.internal.systemui.navbar.gestural_wide_back
10-10 15:16:03.672  2042 14735 W ActivityManager: Unbinding backup agent with no active backup
10-10 15:16:03.672  2042 14735 I PFTBT   : Full backup completed with status: 0
10-10 15:16:03.678  2042 14735 D ActivityManager: checkAllowBackground: uid=1000 pkg=android rec=UidRecord{b77cac0 1000 PER  fgServices change:procadj procs:0 seq(1285566,448524)} caps=LCMNFU always=false idle=false
10-10 15:16:03.680  2042 14735 I PFTBT   : Full data backup pass finished.
10-10 15:16:03.681  2042  2042 I BackupManagerService: [UserID:0] Beginning scheduled full backup operation
10-10 15:16:03.681  2042  2042 D PFTBT   : backupmanager pftbt token=703d6cbd
10-10 15:16:03.681  2042 14735 I BackupManagerService: [UserID:0] Released wakelock:*backup*-0-6603
10-10 15:16:03.682  2042  2042 I BackupManagerService: [UserID:0] Acquired wakelock:*backup*-0-6603
10-10 15:16:03.700  2042  2042 I TransportConnection: BackupTransportService#3433: Notifying [PFTBT.run()] transport = BackupTransportClient
10-10 15:16:03.702  2042 14738 I PFTBT   : Initiating full-data transport backup of com.miui.phone.carriers.overlay.vodafone token: 1883073725
10-10 15:16:03.707  2042  8301 D BackupTransportManager: [UserID:0] Transport com.google.android.gms/.backup.BackupTransportService updated its attributes
10-10 15:16:03.713  2042 14738 I PFTBT   : Transport rejected backup of com.miui.phone.carriers.overlay.vodafone, skipping
10-10 15:16:03.713  2042 14738 I PFTBT   : Unbinding agent in com.miui.phone.carriers.overlay.vodafone
10-10 15:16:03.713  2042 14738 W ActivityManager: Unbinding backup agent with no active backup
10-10 15:16:03.713  2042 14738 I PFTBT   : Full backup completed with status: 0
10-10 15:16:03.720  2042 14738 D ActivityManager: checkAllowBackground: uid=1000 pkg=android rec=UidRecord{b77cac0 1000 PER  fgServices change:procadj procs:0 seq(1285566,448524)} caps=LCMNFU always=false idle=false
10-10 15:16:03.726  2042 14738 I PFTBT   : Full data backup pass finished.
10-10 15:16:03.726  2042 14738 I BackupManagerService: [UserID:0] Released wakelock:*backup*-0-6603
10-10 15:16:03.727  2042  2042 I BackupManagerService: [UserID:0] Beginning scheduled full backup operation
10-10 15:16:03.730  2042  2042 D PFTBT   : backupmanager pftbt token=3ed57bf
10-10 15:16:03.730  2042  2042 I BackupManagerService: [UserID:0] Acquired wakelock:*backup*-0-6603
10-10 15:16:03.748  2042  2042 I TransportConnection: BackupTransportService#3434: Notifying [PFTBT.run()] transport = BackupTransportClient
10-10 15:16:03.750  2042 14739 I PFTBT   : Initiating full-data transport backup of com.qualcomm.qti.ridemodeaudio token: 65886143
10-10 15:16:03.751  2042  4781 D BackupTransportManager: [UserID:0] Transport com.google.android.gms/.backup.BackupTransportService updated its attributes
10-10 15:16:03.762  2042 14739 I PFTBT   : Transport rejected backup of com.qualcomm.qti.ridemodeaudio, skipping
10-10 15:16:03.762  2042 14739 I PFTBT   : Unbinding agent in com.qualcomm.qti.ridemodeaudio
10-10 15:16:03.763  2042 14739 W ActivityManager: Unbinding backup agent with no active backup
10-10 15:16:03.763  2042 14739 I PFTBT   : Full backup completed with status: 0
10-10 15:16:03.766  2042 14739 D ActivityManager: checkAllowBackground: uid=1000 pkg=android rec=UidRecord{b77cac0 1000 PER  fgServices change:procadj procs:0 seq(1285566,448524)} caps=LCMNFU always=false idle=false
10-10 15:16:03.769  2042 14739 I PFTBT   : Full data backup pass finished.
10-10 15:16:03.769  2042 14739 I BackupManagerService: [UserID:0] Released wakelock:*backup*-0-6603
10-10 15:16:03.772  2042  2042 I BackupManagerService: [UserID:0] Beginning scheduled full backup operation
10-10 15:16:03.772  2042  2042 D PFTBT   : backupmanager pftbt token=2cb375c1
10-10 15:16:03.773  2042  2042 I BackupManagerService: [UserID:0] Acquired wakelock:*backup*-0-6603
10-10 15:16:03.789  2042  2042 I TransportConnection: BackupTransportService#3435: Notifying [PFTBT.run()] transport = BackupTransportClient
10-10 15:16:03.791  2042 14740 I PFTBT   : Initiating full-data transport backup of com.google.android.overlay.modules.permissioncontroller token: 749958593
10-10 15:16:03.797  2042  4781 D BackupTransportManager: [UserID:0] Transport com.google.android.gms/.backup.BackupTransportService updated its attributes
10-10 15:16:03.803  2042 14740 I PFTBT   : Transport rejected backup of com.google.android.overlay.modules.permissioncontroller, skipping
10-10 15:16:03.803  2042 14740 I PFTBT   : Unbinding agent in com.google.android.overlay.modules.permissioncontroller
10-10 15:16:03.803  2042 14740 W ActivityManager: Unbinding backup agent with no active backup
10-10 15:16:03.803  2042 14740 I PFTBT   : Full backup completed with status: 0
10-10 15:16:03.809  2042 14740 D ActivityManager: checkAllowBackground: uid=1000 pkg=android rec=UidRecord{b77cac0 1000 PER  fgServices change:procadj procs:0 seq(1285566,448524)} caps=LCMNFU always=false idle=false
10-10 15:16:03.813  2042 14740 I PFTBT   : Full data backup pass finished.
10-10 15:16:03.813  2042 14740 I BackupManagerService: [UserID:0] Released wakelock:*backup*-0-6603
10-10 15:16:03.815  2042  2042 I BackupManagerService: [UserID:0] Beginning scheduled full backup operation
10-10 15:16:03.816  2042  2042 D PFTBT   : backupmanager pftbt token=319613c3
10-10 15:16:03.817  2042  2042 I BackupManagerService: [UserID:0] Acquired wakelock:*backup*-0-6603
10-10 15:16:03.832  2042  2042 I TransportConnection: BackupTransportService#3436: Notifying [PFTBT.run()] transport = BackupTransportClient
10-10 15:16:03.835  2042 14741 I PFTBT   : Initiating full-data transport backup of com.qualcomm.uimremoteserver token: 831919043
10-10 15:16:03.838  2042  6982 D BackupTransportManager: [UserID:0] Transport com.google.android.gms/.backup.BackupTransportService updated its attributes
10-10 15:16:03.843  2042 14741 I PFTBT   : Transport rejected backup of com.qualcomm.uimremoteserver, skipping
10-10 15:16:03.843  2042 14741 I PFTBT   : Unbinding agent in com.qualcomm.uimremoteserver
10-10 15:16:03.843  2042 14741 W ActivityManager: Unbinding backup agent with no active backup
10-10 15:16:03.843  2042 14741 I PFTBT   : Full backup completed with status: 0
10-10 15:16:03.850  2042 14741 D ActivityManager: checkAllowBackground: uid=1000 pkg=android rec=UidRecord{b77cac0 1000 PER  fgServices change:procadj procs:0 seq(1285566,448524)} caps=LCMNFU always=false idle=false
10-10 15:16:03.854  2042 14741 I PFTBT   : Full data backup pass finished.
10-10 15:16:03.854  2042 14741 I BackupManagerService: [UserID:0] Released wakelock:*backup*-0-6603
10-10 15:16:03.854  2042  2042 I BackupManagerService: [UserID:0] Beginning scheduled full backup operation
10-10 15:16:03.855  2042  2042 D PFTBT   : backupmanager pftbt token=75a65dc5
10-10 15:16:03.856  2042  2042 I BackupManagerService: [UserID:0] Acquired wakelock:*backup*-0-6603
10-10 15:16:03.867  2042  2042 I TransportConnection: BackupTransportService#3437: Notifying [PFTBT.run()] transport = BackupTransportClient
10-10 15:16:03.869  2042 14742 I PFTBT   : Initiating full-data transport backup of android.qvaoverlay.common token: 1973837253
10-10 15:16:03.871  2042  4781 D BackupTransportManager: [UserID:0] Transport com.google.android.gms/.backup.BackupTransportService updated its attributes
10-10 15:16:03.879  2042 14742 I PFTBT   : Transport rejected backup of android.qvaoverlay.common, skipping
10-10 15:16:03.879  2042 14742 I PFTBT   : Unbinding agent in android.qvaoverlay.common
10-10 15:16:03.879  2042 14742 W ActivityManager: Unbinding backup agent with no active backup
10-10 15:16:03.879  2042 14742 I PFTBT   : Full backup completed with status: 0
10-10 15:16:03.888  2042 14742 D ActivityManager: checkAllowBackground: uid=1000 pkg=android rec=UidRecord{b77cac0 1000 PER  fgServices change:procadj procs:0 seq(1285566,448524)} caps=LCMNFU always=false idle=false
10-10 15:16:03.893  2042 14742 I PFTBT   : Full data backup pass finished.
10-10 15:16:03.894  2042 14742 I BackupManagerService: [UserID:0] Released wakelock:*backup*-0-6603
10-10 15:16:03.894  2042  2042 I BackupManagerService: [UserID:0] Beginning scheduled full backup operation
10-10 15:16:03.895  2042  2042 D PFTBT   : backupmanager pftbt token=31cc1ec7
10-10 15:16:03.895  2042  2042 I BackupManagerService: [UserID:0] Acquired wakelock:*backup*-0-6603
10-10 15:16:03.910  2042  2042 I TransportConnection: BackupTransportService#3438: Notifying [PFTBT.run()] transport = BackupTransportClient
10-10 15:16:03.912  2042 14745 I PFTBT   : Initiating full-data transport backup of com.android.pacprocessor token: 835460807
10-10 15:16:03.918  2042  8301 D BackupTransportManager: [UserID:0] Transport com.google.android.gms/.backup.BackupTransportService updated its attributes
10-10 15:16:03.922  2042 14745 I PFTBT   : Transport rejected backup of com.android.pacprocessor, skipping
10-10 15:16:03.923  2042 14745 I PFTBT   : Unbinding agent in com.android.pacprocessor
10-10 15:16:03.923  2042 14745 W ActivityManager: Unbinding backup agent with no active backup
10-10 15:16:03.923  2042 14745 I PFTBT   : Full backup completed with status: 0
10-10 15:16:03.929  2042 14745 D ActivityManager: checkAllowBackground: uid=1000 pkg=android rec=UidRecord{b77cac0 1000 PER  fgServices change:procadj procs:0 seq(1285566,448524)} caps=LCMNFU always=false idle=false
10-10 15:16:03.933  2042 14745 I PFTBT   : Full data backup pass finished.
10-10 15:16:03.934  2042 14745 I BackupManagerService: [UserID:0] Released wakelock:*backup*-0-6603
10-10 15:16:03.934  2042  2042 I BackupManagerService: [UserID:0] Beginning scheduled full backup operation
10-10 15:16:03.934  2042  2042 D PFTBT   : backupmanager pftbt token=539d27c9
10-10 15:16:03.935  2042  2042 I BackupManagerService: [UserID:0] Acquired wakelock:*backup*-0-6603
10-10 15:16:03.949  2042  2042 I TransportConnection: BackupTransportService#3439: Notifying [PFTBT.run()] transport = BackupTransportClient
10-10 15:16:03.951  2042 14746 I PFTBT   : Initiating full-data transport backup of com.android.simappdialog token: 1402808265
10-10 15:16:03.957  2042  4781 D BackupTransportManager: [UserID:0] Transport com.google.android.gms/.backup.BackupTransportService updated its attributes
10-10 15:16:03.962  2042 14746 I PFTBT   : Transport rejected backup of com.android.simappdialog, skipping
10-10 15:16:03.962  2042 14746 I PFTBT   : Unbinding agent in com.android.simappdialog
10-10 15:16:03.962  2042 14746 W ActivityManager: Unbinding backup agent with no active backup
10-10 15:16:03.962  2042 14746 I PFTBT   : Full backup completed with status: 0
10-10 15:16:03.969  2042 14746 D ActivityManager: checkAllowBackground: uid=1000 pkg=android rec=UidRecord{b77cac0 1000 PER  fgServices change:procadj procs:0 seq(1285566,448524)} caps=LCMNFU always=false idle=false
10-10 15:16:03.974  2042 14746 I PFTBT   : Full data backup pass finished.
10-10 15:16:03.974  2042 14746 I BackupManagerService: [UserID:0] Released wakelock:*backup*-0-6603
10-10 15:16:03.974  2042  2042 I BackupManagerService: [UserID:0] Beginning scheduled full backup operation
10-10 15:16:03.975  2042  2042 D PFTBT   : backupmanager pftbt token=73c024cb
10-10 15:16:03.975  2042  2042 I BackupManagerService: [UserID:0] Acquired wakelock:*backup*-0-6603
10-10 15:16:03.990  2042  2042 I TransportConnection: BackupTransportService#3440: Notifying [PFTBT.run()] transport = BackupTransportClient
10-10 15:16:03.992  2042 14747 I PFTBT   : Initiating full-data transport backup of com.android.settings.overlay.miui token: 1941972171
10-10 15:16:03.999  2042  6982 D BackupTransportManager: [UserID:0] Transport com.google.android.gms/.backup.BackupTransportService updated its attributes
10-10 15:16:04.003  2042 14747 I PFTBT   : Transport rejected backup of com.android.settings.overlay.miui, skipping
10-10 15:16:04.003  2042 14747 I PFTBT   : Unbinding agent in com.android.settings.overlay.miui
10-10 15:16:04.003  2042 14747 W ActivityManager: Unbinding backup agent with no active backup
10-10 15:16:04.003  2042 14747 I PFTBT   : Full backup completed with status: 0
10-10 15:16:04.010  2042 14747 D ActivityManager: checkAllowBackground: uid=1000 pkg=android rec=UidRecord{b77cac0 1000 PER  fgServices change:procadj procs:0 seq(1285566,448524)} caps=LCMNFU always=false idle=false
10-10 15:16:04.015  2042 14747 I PFTBT   : Full data backup pass finished.
10-10 15:16:04.015  2042 14747 I BackupManagerService: [UserID:0] Released wakelock:*backup*-0-6603
10-10 15:16:04.015  2042  2042 I BackupManagerService: [UserID:0] Beginning scheduled full backup operation
10-10 15:16:04.016  2042  2042 D PFTBT   : backupmanager pftbt token=213565cd
10-10 15:16:04.016  2042  2042 I BackupManagerService: [UserID:0] Acquired wakelock:*backup*-0-6603
10-10 15:16:04.016  2042  3524 I SmartPower: com.google.process.gservices/10163(20972): background->idle(3205ms) R(content provider start ContentProviderRecord{c7f5ab9 u0 com.google.android.gsf/.settings.GoogleSettingsProvider}) adj=700.
10-10 15:16:04.016  2042  3524 I SmartPower: com.google.android.gms/10163(10837): background->idle(3514ms) R(content provider start ContentProviderRecord{c7f5ab9 u0 com.google.android.gsf/.settings.GoogleSettingsProvider}) adj=600.
10-10 15:16:04.016  2042  3524 I SmartPower: com.google.process.gapps/10163(21162): background->idle(3000ms) R(content provider start ContentProviderRecord{c7f5ab9 u0 com.google.android.gsf/.settings.GoogleSettingsProvider}) adj=700.
10-10 15:16:04.020  2042 14748 W ProcessStats: Tracking association SourceState{24749b1 com.google.android.gms.persistent/10163 Fgs #181872} whose proc state 3 is better than process ProcessState{cd6044f com.google.android.apps.photos/10195 pkg=com.google.android.apps.photos} proc state 13 (3680 skipped)
10-10 15:16:04.021  2042  3524 I SmartPower: com.google.android.gms/10163(10837): idle->background(5ms) R(add to whitelist) adj=0.
10-10 15:16:04.032  2042  2042 I TransportConnection: BackupTransportService#3441: Notifying [PFTBT.run()] transport = BackupTransportClient
10-10 15:16:04.035  2042 14748 I PFTBT   : Initiating full-data transport backup of android.overlay.common token: 557147597
10-10 15:16:04.044  2042  6982 D BackupTransportManager: [UserID:0] Transport com.google.android.gms/.backup.BackupTransportService updated its attributes
10-10 15:16:04.047  2042 14748 I PFTBT   : Transport rejected backup of android.overlay.common, skipping
10-10 15:16:04.047  2042 14748 I PFTBT   : Unbinding agent in android.overlay.common
10-10 15:16:04.048  2042 14748 W ActivityManager: Unbinding backup agent with no active backup
10-10 15:16:04.048  2042 14748 I PFTBT   : Full backup completed with status: 0
10-10 15:16:04.056  2042 14748 D ActivityManager: checkAllowBackground: uid=1000 pkg=android rec=UidRecord{b77cac0 1000 PER  fgServices change:procadj procs:0 seq(1285566,448524)} caps=LCMNFU always=false idle=false
10-10 15:16:04.060  2042 14748 I PFTBT   : Full data backup pass finished.
10-10 15:16:04.060  2042 14748 I BackupManagerService: [UserID:0] Released wakelock:*backup*-0-6603
10-10 15:16:04.060  2042  2042 I BackupManagerService: [UserID:0] Beginning scheduled full backup operation
10-10 15:16:04.061  2042  2042 D PFTBT   : backupmanager pftbt token=746499cf
10-10 15:16:04.062  2042  2042 I BackupManagerService: [UserID:0] Acquired wakelock:*backup*-0-6603
10-10 15:16:04.075  2042  2042 I TransportConnection: BackupTransportService#3442: Notifying [PFTBT.run()] transport = BackupTransportClient
10-10 15:16:04.078  2042 14749 I PFTBT   : Initiating full-data transport backup of com.android.internal.display.cutout.emulation.hole token: 1952750031
10-10 15:16:04.083  2042  3524 I SmartPower: android.process.acore/10060(22083): background->idle(3000ms) R(content provider start ContentProviderRecord{80a2fa5 u0 com.android.providers.contacts/.ContactsProvider2}) adj=700.
10-10 15:16:04.084  2042  4781 D BackupTransportManager: [UserID:0] Transport com.google.android.gms/.backup.BackupTransportService updated its attributes
10-10 15:16:04.090  2042 14749 I PFTBT   : Transport rejected backup of com.android.internal.display.cutout.emulation.hole, skipping
10-10 15:16:04.090  2042 14749 I PFTBT   : Unbinding agent in com.android.internal.display.cutout.emulation.hole
10-10 15:16:04.090  2042 14749 W ActivityManager: Unbinding backup agent with no active backup
10-10 15:16:04.090  2042 14749 I PFTBT   : Full backup completed with status: 0
10-10 15:16:04.096  2042 14749 D ActivityManager: checkAllowBackground: uid=1000 pkg=android rec=UidRecord{b77cac0 1000 PER  fgServices change:procadj procs:0 seq(1285566,448524)} caps=LCMNFU always=false idle=false
10-10 15:16:04.100  2042 14749 I PFTBT   : Full data backup pass finished.
10-10 15:16:04.101  2042 14749 I BackupManagerService: [UserID:0] Released wakelock:*backup*-0-6603
10-10 15:16:04.101  2042  2042 I BackupManagerService: [UserID:0] Beginning scheduled full backup operation
10-10 15:16:04.101  2042  2042 D PFTBT   : backupmanager pftbt token=3b86ead1
10-10 15:16:04.102  2042  2042 I BackupManagerService: [UserID:0] Acquired wakelock:*backup*-0-6603
10-10 15:16:04.118  2042  2042 I TransportConnection: BackupTransportService#3443: Notifying [PFTBT.run()] transport = BackupTransportClient
10-10 15:16:04.121  2042 14750 I PFTBT   : Initiating full-data transport backup of com.android.internal.display.cutout.emulation.tall token: 998697681
10-10 15:16:04.127  2042  6982 D BackupTransportManager: [UserID:0] Transport com.google.android.gms/.backup.BackupTransportService updated its attributes
10-10 15:16:04.129  2042 14750 I PFTBT   : Transport rejected backup of com.android.internal.display.cutout.emulation.tall, skipping
10-10 15:16:04.129  2042 14750 I PFTBT   : Unbinding agent in com.android.internal.display.cutout.emulation.tall
10-10 15:16:04.131  2042 14750 W ActivityManager: Unbinding backup agent with no active backup
10-10 15:16:04.131  2042 14750 I PFTBT   : Full backup completed with status: 0
10-10 15:16:04.137  2042 14750 D ActivityManager: checkAllowBackground: uid=1000 pkg=android rec=UidRecord{b77cac0 1000 PER  fgServices change:procadj procs:0 seq(1285566,448524)} caps=LCMNFU always=false idle=false
10-10 15:16:04.142  2042 14750 I PFTBT   : Full data backup pass finished.
10-10 15:16:04.142  2042 14750 I BackupManagerService: [UserID:0] Released wakelock:*backup*-0-6603
10-10 15:16:04.142  2042  2042 I BackupManagerService: [UserID:0] Beginning scheduled full backup operation
10-10 15:16:04.143  2042  2042 D PFTBT   : backupmanager pftbt token=1989fad3
10-10 15:16:04.143  2042  2042 I BackupManagerService: [UserID:0] Acquired wakelock:*backup*-0-6603
10-10 15:16:04.157  2042  2042 I TransportConnection: BackupTransportService#3444: Notifying [PFTBT.run()] transport = BackupTransportClient
10-10 15:16:04.160  2042 14751 I PFTBT   : Initiating full-data transport backup of com.android.internal.systemui.navbar.threebutton token: 428473043
10-10 15:16:04.166  2042  6982 D BackupTransportManager: [UserID:0] Transport com.google.android.gms/.backup.BackupTransportService updated its attributes
10-10 15:16:04.170  2042 14751 I PFTBT   : Transport rejected backup of com.android.internal.systemui.navbar.threebutton, skipping
10-10 15:16:04.171  2042 14751 I PFTBT   : Unbinding agent in com.android.internal.systemui.navbar.threebutton
10-10 15:16:04.171  2042 14751 W ActivityManager: Unbinding backup agent with no active backup
10-10 15:16:04.171  2042 14751 I PFTBT   : Full backup completed with status: 0
10-10 15:16:04.177  2042 14751 D ActivityManager: checkAllowBackground: uid=1000 pkg=android rec=UidRecord{b77cac0 1000 PER  fgServices change:procadj procs:0 seq(1285566,448524)} caps=LCMNFU always=false idle=false
10-10 15:16:04.181  2042 14751 I PFTBT   : Full data backup pass finished.
10-10 15:16:04.181  2042 14751 I BackupManagerService: [UserID:0] Released wakelock:*backup*-0-6603
10-10 15:16:04.181  2042  2042 I BackupManagerService: [UserID:0] Beginning scheduled full backup operation
10-10 15:16:04.182  2042  2042 D PFTBT   : backupmanager pftbt token=7eda38d5
10-10 15:16:04.183  2042  2042 I BackupManagerService: [UserID:0] Acquired wakelock:*backup*-0-6603
10-10 15:16:04.198  2042  2042 I TransportConnection: BackupTransportService#3445: Notifying [PFTBT.run()] transport = BackupTransportClient
10-10 15:16:04.201  2042 14752 I PFTBT   : Initiating full-data transport backup of com.android.hotwordenrollment.xgoogle token: 2128230613
10-10 15:16:04.207  2042  4781 D BackupTransportManager: [UserID:0] Transport com.google.android.gms/.backup.BackupTransportService updated its attributes
10-10 15:16:04.213  2042 14752 I PFTBT   : Transport rejected backup of com.android.hotwordenrollment.xgoogle, skipping
10-10 15:16:04.214  2042 14752 I PFTBT   : Unbinding agent in com.android.hotwordenrollment.xgoogle
10-10 15:16:04.214  2042 14752 W ActivityManager: Unbinding backup agent with no active backup
10-10 15:16:04.214  2042 14752 I PFTBT   : Full backup completed with status: 0
10-10 15:16:04.221  2042 14752 D ActivityManager: checkAllowBackground: uid=1000 pkg=android rec=UidRecord{b77cac0 1000 PER  fgServices change:procadj procs:0 seq(1285566,448524)} caps=LCMNFU always=false idle=false
10-10 15:16:04.229  2042 14752 I PFTBT   : Full data backup pass finished.
10-10 15:16:04.229  2042 14752 I BackupManagerService: [UserID:0] Released wakelock:*backup*-0-6603
10-10 15:16:04.229  2042  2042 I BackupManagerService: [UserID:0] Beginning scheduled full backup operation
10-10 15:16:04.230  2042  2042 D PFTBT   : backupmanager pftbt token=18a28fd7
10-10 15:16:04.231  2042  2042 I BackupManagerService: [UserID:0] Acquired wakelock:*backup*-0-6603
10-10 15:16:04.248  2042  2042 I TransportConnection: BackupTransportService#3446: Notifying [PFTBT.run()] transport = BackupTransportClient
10-10 15:16:04.250  2042 14753 I PFTBT   : Initiating full-data transport backup of android.miui.overlay token: 413306839
10-10 15:16:04.257  2042  2072 D BackupTransportManager: [UserID:0] Transport com.google.android.gms/.backup.BackupTransportService updated its attributes
10-10 15:16:04.261  2042 14753 I PFTBT   : Transport rejected backup of android.miui.overlay, skipping
10-10 15:16:04.261  2042 14753 I PFTBT   : Unbinding agent in android.miui.overlay
10-10 15:16:04.261  2042 14753 W ActivityManager: Unbinding backup agent with no active backup
10-10 15:16:04.261  2042 14753 I PFTBT   : Full backup completed with status: 0
10-10 15:16:04.268  2042 14753 D ActivityManager: checkAllowBackground: uid=1000 pkg=android rec=UidRecord{b77cac0 1000 PER  fgServices change:procadj procs:0 seq(1285566,448524)} caps=LCMNFU always=false idle=false
10-10 15:16:04.272  2042 14753 I PFTBT   : Full data backup pass finished.
10-10 15:16:04.272  2042 14753 I BackupManagerService: [UserID:0] Released wakelock:*backup*-0-6603
10-10 15:16:04.273  2042  2042 I BackupManagerService: [UserID:0] Beginning scheduled full backup operation
10-10 15:16:04.273  2042  2042 D PFTBT   : backupmanager pftbt token=38f0c7d9
10-10 15:16:04.273  2042  2042 I BackupManagerService: [UserID:0] Acquired wakelock:*backup*-0-6603
10-10 15:16:04.291  2042  2042 I TransportConnection: BackupTransportService#3447: Notifying [PFTBT.run()] transport = BackupTransportClient
10-10 15:16:04.294  2042  4781 D BackupTransportManager: [UserID:0] Transport com.google.android.gms/.backup.BackupTransportService updated its attributes
10-10 15:16:04.294  2042 14754 I PFTBT   : Initiating full-data transport backup of com.android.egg token: 955303897
10-10 15:16:04.301  2042 14754 I PFTBT   : Transport rejected backup of com.android.egg, skipping
10-10 15:16:04.301  2042 14754 I PFTBT   : Unbinding agent in com.android.egg
10-10 15:16:04.301  2042 14754 W ActivityManager: Unbinding backup agent with no active backup
10-10 15:16:04.301  2042 14754 I PFTBT   : Full backup completed with status: 0
10-10 15:16:04.309  2042 14754 D ActivityManager: checkAllowBackground: uid=1000 pkg=android rec=UidRecord{b77cac0 1000 PER  fgServices change:procadj procs:0 seq(1285566,448524)} caps=LCMNFU always=false idle=false
10-10 15:16:04.310  2042 14754 I PFTBT   : Full data backup pass finished.
10-10 15:16:04.311  2042 14754 I BackupManagerService: [UserID:0] Released wakelock:*backup*-0-6603
10-10 15:16:04.311  2042  2042 I BackupManagerService: [UserID:0] Beginning scheduled full backup operation
10-10 15:16:04.312  2042  2042 D PFTBT   : backupmanager pftbt token=8fab0db
10-10 15:16:04.312  2042  2042 I BackupManagerService: [UserID:0] Acquired wakelock:*backup*-0-6603
10-10 15:16:04.326  2042  2042 I TransportConnection: BackupTransportService#3448: Notifying [PFTBT.run()] transport = BackupTransportClient
10-10 15:16:04.329  2042 14757 I PFTBT   : Initiating full-data transport backup of android.overlay.target token: 150647003
10-10 15:16:04.337  2042  7011 D BackupTransportManager: [UserID:0] Transport com.google.android.gms/.backup.BackupTransportService updated its attributes
10-10 15:16:04.341  2042 14757 I PFTBT   : Transport rejected backup of android.overlay.target, skipping
10-10 15:16:04.342  2042 14757 I PFTBT   : Unbinding agent in android.overlay.target
10-10 15:16:04.342  2042 14757 W ActivityManager: Unbinding backup agent with no active backup
10-10 15:16:04.342  2042 14757 I PFTBT   : Full backup completed with status: 0
10-10 15:16:04.354  2042 14757 D ActivityManager: checkAllowBackground: uid=1000 pkg=android rec=UidRecord{b77cac0 1000 PER  fgServices change:procadj procs:0 seq(1285566,448524)} caps=LCMNFU always=false idle=false
10-10 15:16:04.363  2042 14757 I PFTBT   : Full data backup pass finished.
10-10 15:16:04.363  2042 14757 I BackupManagerService: [UserID:0] Released wakelock:*backup*-0-6603
10-10 15:16:04.363  2042  2042 I BackupManagerService: [UserID:0] Beginning scheduled full backup operation
10-10 15:16:04.364  2042  2042 D PFTBT   : backupmanager pftbt token=687681dd
10-10 15:16:04.366  2042  2042 I BackupManagerService: [UserID:0] Acquired wakelock:*backup*-0-6603
10-10 15:16:04.377  2042  3524 I SmartPower: com.miui.notes:remote/10231(14484): background->idle(4483ms) R(process died ) adj=915.
10-10 15:16:04.377  2042  3524 I SmartPower: com.miui.notes/10231(14271): background->idle(4345ms) R(process died ) adj=905.
10-10 15:16:04.378  2042  3524 I SmartPower: com.miui.notes:sync/10231(14228): background->idle(11704ms) R(process died ) adj=905.
10-10 15:16:04.389  2042  2042 I TransportConnection: BackupTransportService#3449: Notifying [PFTBT.run()] transport = BackupTransportClient
10-10 15:16:04.392  2042 14758 I PFTBT   : Initiating full-data transport backup of com.miui.system token: 1752596957
10-10 15:16:04.396  2042  7011 D BackupTransportManager: [UserID:0] Transport com.google.android.gms/.backup.BackupTransportService updated its attributes
10-10 15:16:04.407  2042 14758 I PFTBT   : Transport rejected backup of com.miui.system, skipping
10-10 15:16:04.407  2042 14758 I PFTBT   : Unbinding agent in com.miui.system
10-10 15:16:04.408  2042 14758 W ActivityManager: Unbinding backup agent with no active backup
10-10 15:16:04.408  2042 14758 I PFTBT   : Full backup completed with status: 0
10-10 15:16:04.424  2042 14758 D ActivityManager: checkAllowBackground: uid=1000 pkg=android rec=UidRecord{b77cac0 1000 PER  fgServices change:procadj procs:0 seq(1285566,448524)} caps=LCMNFU always=false idle=false
10-10 15:16:04.430  2042  3524 I SmartPower: com.google.android.apps.messaging/10165(21061): background->idle(3000ms) R(service create com.google.android.apps.messaging/androidx.work.impl.background.systemjob.SystemJobService) adj=905.
10-10 15:16:04.437  2042 14758 I PFTBT   : Full data backup pass finished.
10-10 15:16:04.437  2042 14758 I BackupManagerService: [UserID:0] Released wakelock:*backup*-0-6603
10-10 15:16:04.439  2042  2042 I BackupManagerService: [UserID:0] Beginning scheduled full backup operation
10-10 15:16:04.440  2042  2042 D PFTBT   : backupmanager pftbt token=488dbdf
10-10 15:16:04.441  2042  2042 I BackupManagerService: [UserID:0] Acquired wakelock:*backup*-0-6603
10-10 15:16:04.470  2042  2042 I TransportConnection: BackupTransportService#3450: Notifying [PFTBT.run()] transport = BackupTransportClient
10-10 15:16:04.473  2042 14759 I PFTBT   : Initiating full-data transport backup of com.google.android.overlay.gmsconfig.common token: 76078047
10-10 15:16:04.480  2042  7011 D BackupTransportManager: [UserID:0] Transport com.google.android.gms/.backup.BackupTransportService updated its attributes
10-10 15:16:04.495  2042 14759 I PFTBT   : Transport rejected backup of com.google.android.overlay.gmsconfig.common, skipping
10-10 15:16:04.495  2042 14759 I PFTBT   : Unbinding agent in com.google.android.overlay.gmsconfig.common
10-10 15:16:04.496  2042 14759 W ActivityManager: Unbinding backup agent with no active backup
10-10 15:16:04.496  2042 14759 I PFTBT   : Full backup completed with status: 0
10-10 15:16:04.515  2042 14759 D ActivityManager: checkAllowBackground: uid=1000 pkg=android rec=UidRecord{b77cac0 1000 PER  fgServices change:procadj procs:0 seq(1285566,448524)} caps=LCMNFU always=false idle=false
10-10 15:16:04.525  2042 14759 I PFTBT   : Full data backup pass finished.
10-10 15:16:04.526  2042 14759 I BackupManagerService: [UserID:0] Released wakelock:*backup*-0-6603
10-10 15:16:04.526  2042  2042 I BackupManagerService: [UserID:0] Beginning scheduled full backup operation
10-10 15:16:04.527  2042  2042 D PFTBT   : backupmanager pftbt token=3cd426e1
10-10 15:16:04.528  2042  2042 I BackupManagerService: [UserID:0] Acquired wakelock:*backup*-0-6603
10-10 15:16:04.566  2042  2042 I TransportConnection: BackupTransportService#3451: Notifying [PFTBT.run()] transport = BackupTransportClient
10-10 15:16:04.573  2042 14760 I PFTBT   : Initiating full-data transport backup of com.android.settings.intelligence token: 1020536545
10-10 15:16:04.581  2042  2072 D BackupTransportManager: [UserID:0] Transport com.google.android.gms/.backup.BackupTransportService updated its attributes
10-10 15:16:04.601  2042 14760 I PFTBT   : Transport rejected backup of com.android.settings.intelligence, skipping
10-10 15:16:04.601  2042 14760 I PFTBT   : Unbinding agent in com.android.settings.intelligence
10-10 15:16:04.602  2042 14760 W ActivityManager: Unbinding backup agent with no active backup
10-10 15:16:04.602  2042 14760 I PFTBT   : Full backup completed with status: 0
10-10 15:16:04.611  2042 14760 D ActivityManager: checkAllowBackground: uid=1000 pkg=android rec=UidRecord{b77cac0 1000 PER  fgServices change:procadj procs:0 seq(1285566,448524)} caps=LCMNFU always=false idle=false
10-10 15:16:04.613  2042 14760 I PFTBT   : Full data backup pass finished.
10-10 15:16:04.614  2042 14760 I BackupManagerService: [UserID:0] Released wakelock:*backup*-0-6603
10-10 15:16:04.615  2042  2042 I BackupManagerService: [UserID:0] Beginning scheduled full backup operation
10-10 15:16:04.616  2042  2042 D PFTBT   : backupmanager pftbt token=11857de3
10-10 15:16:04.616  2042  2042 I BackupManagerService: [UserID:0] Acquired wakelock:*backup*-0-6603
10-10 15:16:04.636  2042  2042 I TransportConnection: BackupTransportService#3452: Notifying [PFTBT.run()] transport = BackupTransportClient
10-10 15:16:04.640  2042 14761 I PFTBT   : Initiating full-data transport backup of com.miui.miwallpaper.overlay.customize token: 293961187
10-10 15:16:04.648  2042  6982 D BackupTransportManager: [UserID:0] Transport com.google.android.gms/.backup.BackupTransportService updated its attributes
10-10 15:16:04.651  2042 14761 I PFTBT   : Transport rejected backup of com.miui.miwallpaper.overlay.customize, skipping
10-10 15:16:04.651  2042 14761 I PFTBT   : Unbinding agent in com.miui.miwallpaper.overlay.customize
10-10 15:16:04.652  2042 14761 W ActivityManager: Unbinding backup agent with no active backup
10-10 15:16:04.652  2042 14761 I PFTBT   : Full backup completed with status: 0
10-10 15:16:04.665  2042 14761 D ActivityManager: checkAllowBackground: uid=1000 pkg=android rec=UidRecord{b77cac0 1000 PER  fgServices change:procadj procs:0 seq(1285566,448524)} caps=LCMNFU always=false idle=false
10-10 15:16:04.678  2042  2042 I BackupManagerService: [UserID:0] Beginning scheduled full backup operation
10-10 15:16:04.679  2042 14761 I PFTBT   : Full data backup pass finished.
10-10 15:16:04.680  2042 14761 I BackupManagerService: [UserID:0] Released wakelock:*backup*-0-6603
10-10 15:16:04.680  2042  2042 D PFTBT   : backupmanager pftbt token=4bc5a1e5
10-10 15:16:04.682  2042  2042 I BackupManagerService: [UserID:0] Acquired wakelock:*backup*-0-6603
10-10 15:16:04.713  2042  2042 I TransportConnection: BackupTransportService#3453: Notifying [PFTBT.run()] transport = BackupTransportClient
10-10 15:16:04.718  2042 14762 I PFTBT   : Initiating full-data transport backup of com.android.internal.systemui.navbar.gestural_extra_wide_back token: 1271243237
10-10 15:16:04.727  2042 14762 I PFTBT   : Transport rejected backup of com.android.internal.systemui.navbar.gestural_extra_wide_back, skipping
10-10 15:16:04.727  2042 14762 I PFTBT   : Unbinding agent in com.android.internal.systemui.navbar.gestural_extra_wide_back
10-10 15:16:04.731  2042 14762 W ActivityManager: Unbinding backup agent with no active backup
10-10 15:16:04.732  2042 14762 I PFTBT   : Full backup completed with status: 0
10-10 15:16:04.732  2042  7011 D BackupTransportManager: [UserID:0] Transport com.google.android.gms/.backup.BackupTransportService updated its attributes
10-10 15:16:04.737  2042 14762 D ActivityManager: checkAllowBackground: uid=1000 pkg=android rec=UidRecord{b77cac0 1000 PER  fgServices change:procadj procs:0 seq(1285566,448524)} caps=LCMNFU always=false idle=false
10-10 15:16:04.746  2042 14762 I PFTBT   : Full data backup pass finished.
10-10 15:16:04.746  2042 14762 I BackupManagerService: [UserID:0] Released wakelock:*backup*-0-6603
10-10 15:16:04.747  2042  2042 I BackupManagerService: [UserID:0] Beginning scheduled full backup operation
10-10 15:16:04.748  2042  2042 D PFTBT   : backupmanager pftbt token=7bc2afe7
10-10 15:16:04.749  2042  2042 I BackupManagerService: [UserID:0] Acquired wakelock:*backup*-0-6603
10-10 15:16:04.773  2042  2042 I TransportConnection: BackupTransportService#3454: Notifying [PFTBT.run()] transport = BackupTransportClient
10-10 15:16:04.775  2042 14763 I PFTBT   : Initiating full-data transport backup of com.miui.systemui.devices.overlay token: 2076356583
10-10 15:16:04.795  2042  2072 D BackupTransportManager: [UserID:0] Transport com.google.android.gms/.backup.BackupTransportService updated its attributes
10-10 15:16:04.800  2042 14763 I PFTBT   : Transport rejected backup of com.miui.systemui.devices.overlay, skipping
10-10 15:16:04.800  2042 14763 I PFTBT   : Unbinding agent in com.miui.systemui.devices.overlay
10-10 15:16:04.801  2042 14763 W ActivityManager: Unbinding backup agent with no active backup
10-10 15:16:04.802  2042 14763 I PFTBT   : Full backup completed with status: 0
10-10 15:16:04.805  2042 14763 D ActivityManager: checkAllowBackground: uid=1000 pkg=android rec=UidRecord{b77cac0 1000 PER  fgServices change:procadj procs:0 seq(1285566,448524)} caps=LCMNFU always=false idle=false
10-10 15:16:04.810  2042 14763 I PFTBT   : Full data backup pass finished.
10-10 15:16:04.810  2042 14763 I BackupManagerService: [UserID:0] Released wakelock:*backup*-0-6603
10-10 15:16:04.813  2042  2042 I BackupManagerService: [UserID:0] Beginning scheduled full backup operation
10-10 15:16:04.814  2042  2042 D PFTBT   : backupmanager pftbt token=f045ae9
10-10 15:16:04.816  2042  2042 I BackupManagerService: [UserID:0] Acquired wakelock:*backup*-0-6603
10-10 15:16:04.842  2042  2042 I TransportConnection: BackupTransportService#3455: Notifying [PFTBT.run()] transport = BackupTransportClient
10-10 15:16:04.846  2042 14764 I PFTBT   : Initiating full-data transport backup of com.android.printspooler token: 251943657
10-10 15:16:04.852  2042  4781 D BackupTransportManager: [UserID:0] Transport com.google.android.gms/.backup.BackupTransportService updated its attributes
10-10 15:16:04.858  2042 14764 I PFTBT   : Transport rejected backup of com.android.printspooler, skipping
10-10 15:16:04.858  2042 14764 I PFTBT   : Unbinding agent in com.android.printspooler
10-10 15:16:04.860  2042 14764 W ActivityManager: Unbinding backup agent with no active backup
10-10 15:16:04.860  2042 14764 I PFTBT   : Full backup completed with status: 0
10-10 15:16:04.882  2042 14764 D ActivityManager: checkAllowBackground: uid=1000 pkg=android rec=UidRecord{b77cac0 1000 PER  fgServices change:procadj procs:0 seq(1285566,448524)} caps=LCMNFU always=false idle=false
10-10 15:16:04.888  2042 14764 I PFTBT   : Full data backup pass finished.
10-10 15:16:04.888  2042 14764 I BackupManagerService: [UserID:0] Released wakelock:*backup*-0-6603
10-10 15:16:04.889  2042  2042 I BackupManagerService: [UserID:0] Beginning scheduled full backup operation
10-10 15:16:04.889  2042  2042 D PFTBT   : backupmanager pftbt token=6b9088eb
10-10 15:16:04.890  2042  2042 I BackupManagerService: [UserID:0] Acquired wakelock:*backup*-0-6603
10-10 15:16:04.907  2042  2042 I TransportConnection: BackupTransportService#3456: Notifying [PFTBT.run()] transport = BackupTransportClient
10-10 15:16:04.916  2042 14765 I PFTBT   : Initiating full-data transport backup of com.android.hotwordenrollment.okgoogle token: 1804634347
10-10 15:16:04.925  2042 14765 I PFTBT   : Transport rejected backup of com.android.hotwordenrollment.okgoogle, skipping
10-10 15:16:04.925  2042 14765 I PFTBT   : Unbinding agent in com.android.hotwordenrollment.okgoogle
10-10 15:16:04.929  2042 14765 W ActivityManager: Unbinding backup agent with no active backup
10-10 15:16:04.929  2042 14765 I PFTBT   : Full backup completed with status: 0
10-10 15:16:04.931  2042  4781 D BackupTransportManager: [UserID:0] Transport com.google.android.gms/.backup.BackupTransportService updated its attributes
10-10 15:16:04.940  2042 14765 D ActivityManager: checkAllowBackground: uid=1000 pkg=android rec=UidRecord{b77cac0 1000 PER  fgServices change:procadj procs:0 seq(1285566,448524)} caps=LCMNFU always=false idle=false
10-10 15:16:04.945  2042 14765 I PFTBT   : Full data backup pass finished.
10-10 15:16:04.945  2042 14765 I BackupManagerService: [UserID:0] Released wakelock:*backup*-0-6603
10-10 15:16:04.946  2042  2042 I BackupManagerService: [UserID:0] Beginning scheduled full backup operation
10-10 15:16:04.947  2042  2042 D PFTBT   : backupmanager pftbt token=51f3b9ed
10-10 15:16:04.948  2042  2042 I BackupManagerService: [UserID:0] Acquired wakelock:*backup*-0-6603
10-10 15:16:04.984  2042  2042 I TransportConnection: BackupTransportService#3457: Notifying [PFTBT.run()] transport = BackupTransportClient
10-10 15:16:04.986  2042 14766 I PFTBT   : Initiating full-data transport backup of com.android.wifi.resources.overlay.common token: 1374927341
10-10 15:16:04.995  2042  4781 D BackupTransportManager: [UserID:0] Transport com.google.android.gms/.backup.BackupTransportService updated its attributes
10-10 15:16:04.999  2042 14766 I PFTBT   : Transport rejected backup of com.android.wifi.resources.overlay.common, skipping
10-10 15:16:04.999  2042 14766 I PFTBT   : Unbinding agent in com.android.wifi.resources.overlay.common
10-10 15:16:05.001  2042 14766 W ActivityManager: Unbinding backup agent with no active backup
10-10 15:16:05.001  2042 14766 I PFTBT   : Full backup completed with status: 0
10-10 15:16:05.014  2042 14766 D ActivityManager: checkAllowBackground: uid=1000 pkg=android rec=UidRecord{b77cac0 1000 PER  fgServices change:procadj procs:0 seq(1285566,448524)} caps=LCMNFU always=false idle=false
10-10 15:16:05.017  2042 14766 I PFTBT   : Full data backup pass finished.
10-10 15:16:05.017  2042 14766 I BackupManagerService: [UserID:0] Released wakelock:*backup*-0-6603
10-10 15:16:05.017  2042  2042 I BackupManagerService: [UserID:0] Beginning scheduled full backup operation
10-10 15:16:05.018  2042  2042 D PFTBT   : backupmanager pftbt token=632c28ef
10-10 15:16:05.018  2042  2042 I BackupManagerService: [UserID:0] Acquired wakelock:*backup*-0-6603
10-10 15:16:05.048  2042  2042 I TransportConnection: BackupTransportService#3458: Notifying [PFTBT.run()] transport = BackupTransportClient
10-10 15:16:05.056  2042  2072 D BackupTransportManager: [UserID:0] Transport com.google.android.gms/.backup.BackupTransportService updated its attributes
10-10 15:16:05.058  2042 14767 I PFTBT   : Initiating full-data transport backup of com.android.dreams.basic token: 1663838447
10-10 15:16:05.076  2042 14767 I PFTBT   : Transport rejected backup of com.android.dreams.basic, skipping
10-10 15:16:05.076  2042 14767 I PFTBT   : Unbinding agent in com.android.dreams.basic
10-10 15:16:05.076  2042 14767 W ActivityManager: Unbinding backup agent with no active backup
10-10 15:16:05.076  2042 14767 I PFTBT   : Full backup completed with status: 0
10-10 15:16:05.083  2042 14767 D ActivityManager: checkAllowBackground: uid=1000 pkg=android rec=UidRecord{b77cac0 1000 PER  fgServices change:procadj procs:0 seq(1285566,448524)} caps=LCMNFU always=false idle=false
10-10 15:16:05.086  2042 14767 I PFTBT   : Full data backup pass finished.
10-10 15:16:05.086  2042 14767 I BackupManagerService: [UserID:0] Released wakelock:*backup*-0-6603
10-10 15:16:05.086  2042  2042 I BackupManagerService: [UserID:0] Beginning scheduled full backup operation
10-10 15:16:05.087  2042  2042 D PFTBT   : backupmanager pftbt token=747af2f1
10-10 15:16:05.087  2042  2042 I BackupManagerService: [UserID:0] Acquired wakelock:*backup*-0-6603
10-10 15:16:05.131  2042  2042 I TransportConnection: BackupTransportService#3459: Notifying [PFTBT.run()] transport = BackupTransportClient
10-10 15:16:05.135  2042 14768 I PFTBT   : Initiating full-data transport backup of com.google.android.overlay.modules.ext.services token: 1954214641
10-10 15:16:05.145  2042 14768 I PFTBT   : Transport rejected backup of com.google.android.overlay.modules.ext.services, skipping
10-10 15:16:05.146  2042 14768 I PFTBT   : Unbinding agent in com.google.android.overlay.modules.ext.services
10-10 15:16:05.147  2042 14768 W ActivityManager: Unbinding backup agent with no active backup
10-10 15:16:05.147  2042 14768 I PFTBT   : Full backup completed with status: 0
10-10 15:16:05.147  2042  7011 D BackupTransportManager: [UserID:0] Transport com.google.android.gms/.backup.BackupTransportService updated its attributes
10-10 15:16:05.165  2042 14768 D ActivityManager: checkAllowBackground: uid=1000 pkg=android rec=UidRecord{b77cac0 1000 PER  fgServices change:procadj procs:0 seq(1285566,448524)} caps=LCMNFU always=false idle=false
10-10 15:16:05.169  2042 14768 I PFTBT   : Full data backup pass finished.
10-10 15:16:05.169  2042 14768 I BackupManagerService: [UserID:0] Released wakelock:*backup*-0-6603
10-10 15:16:05.170  2042  2042 I BackupManagerService: [UserID:0] Beginning scheduled full backup operation
10-10 15:16:05.170  2042  2042 D PFTBT   : backupmanager pftbt token=1b63faf3
10-10 15:16:05.171  2042  2042 I BackupManagerService: [UserID:0] Acquired wakelock:*backup*-0-6603
10-10 15:16:05.202  2042  2042 I TransportConnection: BackupTransportService#3460: Notifying [PFTBT.run()] transport = BackupTransportClient
10-10 15:16:05.207  2042 14769 I PFTBT   : Initiating full-data transport backup of com.android.systemui.gesture.line.overlay token: 459537139
10-10 15:16:05.219  2042  2072 D BackupTransportManager: [UserID:0] Transport com.google.android.gms/.backup.BackupTransportService updated its attributes
10-10 15:16:05.229  2042 14769 I PFTBT   : Transport rejected backup of com.android.systemui.gesture.line.overlay, skipping
10-10 15:16:05.230  2042 14769 I PFTBT   : Unbinding agent in com.android.systemui.gesture.line.overlay
10-10 15:16:05.231  2042 14769 W ActivityManager: Unbinding backup agent with no active backup
10-10 15:16:05.231  2042 14769 I PFTBT   : Full backup completed with status: 0
10-10 15:16:05.251  2042 14769 D ActivityManager: checkAllowBackground: uid=1000 pkg=android rec=UidRecord{b77cac0 1000 PER  fgServices change:procadj procs:0 seq(1285566,448524)} caps=LCMNFU always=false idle=false
10-10 15:16:05.259  2042  2042 I BackupManagerService: [UserID:0] Beginning scheduled full backup operation
10-10 15:16:05.260  2042  2042 D PFTBT   : backupmanager pftbt token=403f7bf5
10-10 15:16:05.260  2042  2042 I BackupManagerService: [UserID:0] Acquired wakelock:*backup*-0-6603
10-10 15:16:05.260  2042 14769 I PFTBT   : Full data backup pass finished.
10-10 15:16:05.260  2042 14769 I BackupManagerService: [UserID:0] Released wakelock:*backup*-0-6603
10-10 15:16:05.295  2042  2042 I TransportConnection: BackupTransportService#3461: Notifying [PFTBT.run()] transport = BackupTransportClient
10-10 15:16:05.297  2042 14770 I PFTBT   : Initiating full-data transport backup of com.android.bips token: 1077902325
10-10 15:16:05.304  2042  2072 D BackupTransportManager: [UserID:0] Transport com.google.android.gms/.backup.BackupTransportService updated its attributes
10-10 15:16:05.309  2042 14770 I PFTBT   : Transport rejected backup of com.android.bips, skipping
10-10 15:16:05.309  2042 14770 I PFTBT   : Unbinding agent in com.android.bips
10-10 15:16:05.311  2042 14770 W ActivityManager: Unbinding backup agent with no active backup
10-10 15:16:05.311  2042 14770 I PFTBT   : Full backup completed with status: 0
10-10 15:16:05.322  2042 14770 D ActivityManager: checkAllowBackground: uid=1000 pkg=android rec=UidRecord{b77cac0 1000 PER  fgServices change:procadj procs:0 seq(1285566,448524)} caps=LCMNFU always=false idle=false
10-10 15:16:05.333  2042 14770 I PFTBT   : Full data backup pass finished.
10-10 15:16:05.333  2042 14770 I BackupManagerService: [UserID:0] Released wakelock:*backup*-0-6603
10-10 15:16:05.333  2042  2042 I BackupManagerService: [UserID:0] Beginning scheduled full backup operation
10-10 15:16:05.334  2042  2042 D PFTBT   : backupmanager pftbt token=5690e6f7
