10-09 14:05:58.397  2042  2947 I AppsFilter: interaction: PackageSetting{e02bff4 com.fido.asm/10104} -> PackageSetting{3f72189 eu.europa.ec.euidi/10030} BLOCKED
10-09 14:05:58.397  2042  2947 I AppsFilter: interaction: PackageSetting{860431d io.appium.uiautomator2.server/10769} -> PackageSetting{3f72189 eu.europa.ec.euidi/10030} BLOCKED
10-09 14:05:58.397  2042  2947 I AppsFilter: interaction: PackageSetting{add9992 io.appium.settings/10611} -> PackageSetting{3f72189 eu.europa.ec.euidi/10030} BLOCKED
10-09 14:05:58.397  2042  2693 I BLASTSyncEngine: finishNow: after onTransactionReady, mSyncId=393
10-09 14:05:58.397  4304  4304 D ArtChoreographerMonitor: invoke error.
10-09 14:05:58.398  2042  2947 I AppsFilter: interaction: PackageSetting{12f5306 io.appium.uiautomator2.server.test/10767} -> PackageSetting{3f72189 eu.europa.ec.euidi/10030} BLOCKED
10-09 14:05:58.398  2042  2947 I AppsFilter: interaction: PackageSetting{e02bff4 com.fido.asm/10104} -> PackageSetting{3f72189 eu.europa.ec.euidi/10030} BLOCKED
10-09 14:05:58.398  2042  2947 I AppsFilter: interaction: PackageSetting{860431d io.appium.uiautomator2.server/10769} -> PackageSetting{3f72189 eu.europa.ec.euidi/10030} BLOCKED
10-09 14:05:58.398  2042  2947 I AppsFilter: interaction: PackageSetting{add9992 io.appium.settings/10611} -> PackageSetting{3f72189 eu.europa.ec.euidi/10030} BLOCKED
10-09 14:05:58.400  4304  4484 D MiuiFreeformAnimation: startAnimation change: {WCT{android.window.IWindowContainerToken$Stub$Proxy@d2ea994} m=CLOSE f=NONE leash=Surface(name=Task=6526#8129)/@0x349d101 sb=Rect(0, 0 - 1080, 2400) eb=Rect(0, 0 - 1080, 2400) d=0} info.getType(): 2
10-09 14:05:58.400  4304  4484 D MiuiFreeformAnimation: startAnimation change: {WCT{android.window.IWindowContainerToken$Stub$Proxy@1017c3d} m=TO_FRONT f=NONE leash=Surface(name=Task=6512#7476)/@0xbe27ba6 sb=Rect(0, 0 - 1080, 2400) eb=Rect(0, 0 - 1080, 2400) d=0} info.getType(): 2
10-09 14:05:58.400  4304  4484 I MiuiFreeformAnimation: isLaunchWidgetPicker=false,taskInfo.getWindowingMode()=1, taskInfo.getActivityType()=1
10-09 14:05:58.401  4304  4484 W MiuiTaskTransitionHandler: Receive an unknown transition, token=android.os.BinderProxy@4d5580b, type=2
10-09 14:05:58.402  4304  4484 D TransitionAnimationHelper:  load default animation  type = 2 enter = true animAttr = 10 isTask = true translucent = false
10-09 14:05:58.402  4304  4484 D TransitionAnimationHelper:  load default animation  type = 2 enter = false animAttr = 11 isTask = true translucent = false
10-09 14:05:58.404  4304  4484 D MiuiFullScreenTaskRepository: addOrUpdateFullScreenTaskInfo taskId=6512, topActivity=ComponentInfo{com.android.chrome/org.chromium.chrome.browser.ChromeTabbedActivity}
10-09 14:05:58.404  4304  4520 D ShellTransitions: speed ui!!!!!!!!!!!
10-09 14:05:58.410  2042  2947 D ActivityManager: checkAllowBackground: uid=10172 pkg=com.android.chrome rec=UidRecord{a4e6e2d u0a172 TOP  change:uncachedprocstateprocadj procs:0 seq(725579,724919)} caps=LCMNFU always=true idle=false
10-09 14:05:58.410  2042  2947 I ActivityManager: App 10172/com.android.chrome targets O+, restricted
10-09 14:05:58.410  2042  2947 D ActivityManager: checkAllowBackground: uid=10172 pkg=com.android.chrome startMode=2 onallowlist=false onallowlist(ei)=false
10-09 14:05:58.410  2042  2947 D ActivityManager: checkAllowBackground: uid=10164 pkg=com.android.vending rec=UidRecord{aee57a7 u0a164 BTOP change:procadj procs:0 seq(725582,724922)} caps=---NFU always=true idle=false
10-09 14:05:58.410  2042  2947 I ActivityManager: App 10164/com.android.vending targets O+, restricted
10-09 14:05:58.410  2042  2947 D ActivityManager: checkAllowBackground: uid=10164 pkg=com.android.vending startMode=2 onallowlist=false onallowlist(ei)=true
10-09 14:05:58.410  2042  2947 D ActivityManager: checkAllowBackground: uid=10066 pkg=com.google.android.documentsui rec=UidRecord{60188cf u0a66 CEM  idle change:procadj procs:0 seq(725613,453049)} caps=------ always=true idle=true
10-09 14:05:58.410  2042  2947 I ActivityManager: App 10066/com.google.android.documentsui targets O+, restricted
10-09 14:05:58.410  2042  2947 D ActivityManager: checkAllowBackground: uid=10066 pkg=com.google.android.documentsui startMode=2 onallowlist=false onallowlist(ei)=false
10-09 14:05:58.416  4304  4484 D SoScUtils: monitorTransitionFinished transition:android.os.BinderProxy@4d5580b transaction: android.view.SurfaceControl$Transaction@ff059fb mRequestCloseTransition:null mRequestOpenTransition:null mPairsOpenTransition:null mPairsOpenTransitionNull:null mRequestOpenTriggerTask:-1 mRequestCloseTriggerTask:-1 mOrientationTransition: null mMainStartingTask:-1 mSideStartingTask:-1
10-09 14:05:58.416  2042  2947 D ActivityManager: checkAllowBackground: uid=10163 pkg=com.google.android.gms rec=UidRecord{3efeecd u0a163 BTOP change:procadj procs:0 seq(725638,425084)} caps=LCMNFU always=true idle=false
10-09 14:05:58.416  2042  2947 I ActivityManager: App 10163/com.google.android.gms targets O+, restricted
10-09 14:05:58.416  2042  2947 D ActivityManager: checkAllowBackground: uid=10163 pkg=com.google.android.gms startMode=2 onallowlist=true onallowlist(ei)=true
10-09 14:05:58.418  2042  2947 D ActivityManager: checkAllowBackground: uid=10214 pkg=com.google.android.permissioncontroller rec=UidRecord{a354148 u0a214 CEM  bg:+19m27s611ms idle change:cached|procstate|procadj procs:0 seq(725563,447601)} caps=------ always=true idle=true
10-09 14:05:58.418  2042  2947 I ActivityManager: App 10214/com.google.android.permissioncontroller targets O+, restricted
10-09 14:05:58.418  2042  2947 D ActivityManager: checkAllowBackground: uid=10214 pkg=com.google.android.permissioncontroller startMode=2 onallowlist=false onallowlist(ei)=false
10-09 14:05:58.418  2042  2947 D ActivityManager: checkAllowBackground: uid=10214 pkg=com.google.android.permissioncontroller rec=UidRecord{a354148 u0a214 CEM  bg:+19m27s612ms idle change:cached|procstate|procadj procs:0 seq(725563,447601)} caps=------ always=true idle=true
10-09 14:05:58.418  2042  2947 I ActivityManager: App 10214/com.google.android.permissioncontroller targets O+, restricted
10-09 14:05:58.418  2042  2947 D ActivityManager: checkAllowBackground: uid=10214 pkg=com.google.android.permissioncontroller startMode=2 onallowlist=false onallowlist(ei)=false
10-09 14:05:58.418  2042  2947 D ActivityManager: checkAllowBackground: uid=10214 pkg=com.google.android.permissioncontroller rec=UidRecord{a354148 u0a214 CEM  bg:+19m27s612ms idle change:cached|procstate|procadj procs:0 seq(725563,447601)} caps=------ always=true idle=true
10-09 14:05:58.418  2042  2947 I ActivityManager: App 10214/com.google.android.permissioncontroller targets O+, restricted
10-09 14:05:58.418  2042  2947 D ActivityManager: checkAllowBackground: uid=10214 pkg=com.google.android.permissioncontroller startMode=2 onallowlist=false onallowlist(ei)=false
10-09 14:05:58.418  2042  2947 D ActivityManager: checkAllowBackground: uid=10214 pkg=com.google.android.permissioncontroller rec=UidRecord{a354148 u0a214 CEM  bg:+19m27s612ms idle change:cached|procstate|procadj procs:0 seq(725563,447601)} caps=------ always=true idle=true
10-09 14:05:58.418  2042  2947 I ActivityManager: App 10214/com.google.android.permissioncontroller targets O+, restricted
10-09 14:05:58.418  2042  2947 D ActivityManager: checkAllowBackground: uid=10214 pkg=com.google.android.permissioncontroller startMode=2 onallowlist=false onallowlist(ei)=false
10-09 14:05:58.418  2042  2947 D ActivityManager: checkAllowBackground: uid=10214 pkg=com.google.android.permissioncontroller rec=UidRecord{a354148 u0a214 CEM  bg:+19m27s612ms idle change:cached|procstate|procadj procs:0 seq(725563,447601)} caps=------ always=true idle=true
10-09 14:05:58.418  2042  2947 I ActivityManager: App 10214/com.google.android.permissioncontroller targets O+, restricted
10-09 14:05:58.418  2042  2947 D ActivityManager: checkAllowBackground: uid=10214 pkg=com.google.android.permissioncontroller startMode=2 onallowlist=false onallowlist(ei)=false
10-09 14:05:58.418  2042  2947 D ActivityManager: checkAllowBackground: uid=10220 pkg=com.google.android.providers.media.module rec=UidRecord{a6df6e5 u0a220 PER  change:procadj procs:0 seq(725562,1260)} caps=LCMNFU always=true idle=false
10-09 14:05:58.419  2042  2947 I ActivityManager: App 10220/com.google.android.providers.media.module targets O+, restricted
10-09 14:05:58.419  2042  2947 D ActivityManager: checkAllowBackground: uid=10220 pkg=com.google.android.providers.media.module startMode=2 onallowlist=false onallowlist(ei)=false
10-09 14:05:58.419  2042  3096 I WindowManager: cancelAnimation removed leash : Surface(name=Surface(name=49d5fba InputMethod#118)/@0xbb23dc8 - animation-leash of insets_animation#8144)/@0x2e8eab5
10-09 14:05:58.420  2042  2947 D ActivityManager: checkAllowBackground: uid=10081 pkg=com.mi.android.globallauncher rec=UidRecord{83689b1 u0a81 BFGS change:procadj procs:0 seq(725610,698591)} caps=---NFU always=true idle=false
10-09 14:05:58.420  2042  2947 I ActivityManager: App 10081/com.mi.android.globallauncher targets O+, restricted
10-09 14:05:58.420  2042  2947 D ActivityManager: checkAllowBackground: uid=10081 pkg=com.mi.android.globallauncher startMode=2 onallowlist=false onallowlist(ei)=false
10-09 14:05:58.420  2042  2947 D ActivityManager: checkAllowBackground: uid=10307 pkg=com.xiaomi.aicr rec=UidRecord{72b77d3 u0a307 FGS  fgServices change:procadj procs:0 seq(725549,269851)} caps=---NFU always=true idle=false
10-09 14:05:58.420  2042  2947 I ActivityManager: App 10307/com.xiaomi.aicr targets O+, restricted
10-09 14:05:58.420  2042  2947 D ActivityManager: checkAllowBackground: uid=10307 pkg=com.xiaomi.aicr startMode=2 onallowlist=true onallowlist(ei)=true
10-09 14:05:58.420  2042  2947 D ActivityManager: checkAllowBackground: uid=10595 pkg=com.microsoft.windowsintune.companyportal rec=UidRecord{ef0720b u0a595 CACC bg:+1h33m53s627ms idle change:procadj procs:0 seq(725546,451866)} caps=------ always=true idle=true
10-09 14:05:58.420  2042  2947 I ActivityManager: App 10595/com.microsoft.windowsintune.companyportal targets O+, restricted
10-09 14:05:58.420  2042  2947 D ActivityManager: checkAllowBackground: uid=10595 pkg=com.microsoft.windowsintune.companyportal startMode=2 onallowlist=false onallowlist(ei)=false
10-09 14:05:58.420  2042  9053 W PackageConfigPersister: App-specific configuration not found for packageName: com.android.chrome and userId: 0
10-09 14:05:58.429  2042  2693 W WindowManager: Failed to deliver inset control state change to w=Window{7996b78 u0 eu.europa.ec.euidi/eu.europa.ec.assemblylogic.ui.MainActivity EXITING}
10-09 14:05:58.429  2042  2693 W WindowManager: android.os.DeadObjectException
10-09 14:05:58.429  2042  2693 W WindowManager: 	at android.os.BinderProxy.transactNative(Native Method)
10-09 14:05:58.429  2042  2693 W WindowManager: 	at android.os.BinderProxy.transact(BinderProxy.java:639)
10-09 14:05:58.429  2042  2693 W WindowManager: 	at android.view.IWindow$Stub$Proxy.insetsControlChanged(IWindow.java:622)
10-09 14:05:58.429  2042  2693 W WindowManager: 	at com.android.server.wm.WindowState.notifyInsetsControlChanged(WindowState.java:4303)
10-09 14:05:58.429  2042  2693 W WindowManager: 	at com.android.server.wm.InsetsStateController.lambda$notifyPendingInsetsControlChanged$3(InsetsStateController.java:386)
10-09 14:05:58.429  2042  2693 W WindowManager: 	at com.android.server.wm.InsetsStateController.$r8$lambda$8yykPRG1GyNq_J17QvL9d5xANMc(Unknown Source:0)
10-09 14:05:58.429  2042  2693 W WindowManager: 	at com.android.server.wm.InsetsStateController$$ExternalSyntheticLambda2.run(Unknown Source:2)
10-09 14:05:58.429  2042  2693 W WindowManager: 	at com.android.server.wm.WindowAnimator.executeAfterPrepareSurfacesRunnables(WindowAnimator.java:303)
10-09 14:05:58.429  2042  2693 W WindowManager: 	at com.android.server.wm.RootWindowContainer.performSurfacePlacementNoTrace(RootWindowContainer.java:937)
10-09 14:05:58.429  2042  2693 W WindowManager: 	at com.android.server.wm.RootWindowContainer.performSurfacePlacement(RootWindowContainer.java:879)
10-09 14:05:58.429  2042  2693 W WindowManager: 	at com.android.server.wm.WindowSurfacePlacer.performSurfacePlacementLoop(WindowSurfacePlacer.java:200)
10-09 14:05:58.429  2042  2693 W WindowManager: 	at com.android.server.wm.WindowSurfacePlacer.performSurfacePlacement(WindowSurfacePlacer.java:149)
10-09 14:05:58.429  2042  2693 W WindowManager: 	at com.android.server.wm.WindowSurfacePlacer.performSurfacePlacement(WindowSurfacePlacer.java:138)
10-09 14:05:58.429  2042  2693 W WindowManager: 	at com.android.server.wm.WindowSurfacePlacer$Traverser.run(WindowSurfacePlacer.java:80)
10-09 14:05:58.429  2042  2693 W WindowManager: 	at android.os.Handler.handleCallback(Handler.java:958)
10-09 14:05:58.429  2042  2693 W WindowManager: 	at android.os.Handler.dispatchMessage(Handler.java:99)
10-09 14:05:58.429  2042  2693 W WindowManager: 	at android.os.Looper.loopOnce(Looper.java:222)
10-09 14:05:58.429  2042  2693 W WindowManager: 	at android.os.Looper.loop(Looper.java:314)
10-09 14:05:58.429  2042  2693 W WindowManager: 	at android.os.HandlerThread.run(HandlerThread.java:67)
10-09 14:05:58.429  2042  2693 W WindowManager: 	at com.android.server.ServiceThread.run(ServiceThread.java:46)
10-09 14:05:58.431  2042  6879 W WindowManager: Exception thrown during dispatchAppVisibility Window{7996b78 u0 eu.europa.ec.euidi/eu.europa.ec.assemblylogic.ui.MainActivity EXITING}
10-09 14:05:58.431  2042  6879 W WindowManager: android.os.DeadObjectException
10-09 14:05:58.431  2042  6879 W WindowManager: 	at android.os.BinderProxy.transactNative(Native Method)
10-09 14:05:58.431  2042  6879 W WindowManager: 	at android.os.BinderProxy.transact(BinderProxy.java:639)
10-09 14:05:58.431  2042  6879 W WindowManager: 	at android.view.IWindow$Stub$Proxy.dispatchAppVisibility(IWindow.java:689)
10-09 14:05:58.431  2042  6879 W WindowManager: 	at com.android.server.wm.WindowState.sendAppVisibilityToClients(WindowState.java:3610)
10-09 14:05:58.431  2042  6879 W WindowManager: 	at com.android.server.wm.WindowContainer.sendAppVisibilityToClients(WindowContainer.java:1307)
10-09 14:05:58.431  2042  6879 W WindowManager: 	at com.android.server.wm.WindowToken.setClientVisible(WindowToken.java:425)
10-09 14:05:58.431  2042  6879 W WindowManager: 	at com.android.server.wm.ActivityRecord.setClientVisible(ActivityRecord.java:8357)
10-09 14:05:58.431  2042  6879 W WindowManager: 	at com.android.server.wm.ActivityRecord.postApplyAnimation(ActivityRecord.java:6774)
10-09 14:05:58.431  2042  6879 W WindowManager: 	at com.android.server.wm.ActivityRecord.commitVisibility(ActivityRecord.java:6717)
10-09 14:05:58.431  2042  6879 W WindowManager: 	at com.android.server.wm.Transition.finishTransition(Transition.java:1432)
10-09 14:05:58.431  2042  6879 W WindowManager: 	at com.android.server.wm.TransitionController.finishTransition(TransitionController.java:1054)
10-09 14:05:58.431  2042  6879 W WindowManager: 	at com.android.server.wm.WindowOrganizerController.finishTransition(WindowOrganizerController.java:478)
10-09 14:05:58.431  2042  6879 W WindowManager: 	at android.window.IWindowOrganizerController$Stub.onTransact(IWindowOrganizerController.java:321)
10-09 14:05:58.431  2042  6879 W WindowManager: 	at com.android.server.wm.WindowOrganizerController.onTransact(WindowOrganizerController.java:218)
10-09 14:05:58.431  2042  6879 W WindowManager: 	at android.os.Binder.execTransactInternal(Binder.java:1351)
10-09 14:05:58.431  2042  6879 W WindowManager: 	at android.os.Binder.execTransact(Binder.java:1282)
10-09 14:05:58.431  2042  6879 W WindowManager: The process may be dead, tid:7880,tgid:-1
10-09 14:05:58.431  2042  6879 I Transition: finishTransition: updateLastSurfacePosition tf=Task{225c7f6 #6526 type=standard A=10030:eu.europa.ec.euidi}
10-09 14:05:58.444  2042  2787 D ActivityManager: checkAllowBackground: uid=10172 pkg=com.android.chrome rec=UidRecord{a4e6e2d u0a172 TOP  change:uncachedprocstateprocadj procs:0 seq(725579,724919)} caps=LCMNFU always=true idle=false
10-09 14:05:58.444  2042  2787 I ActivityManager: App 10172/com.android.chrome targets O+, restricted
10-09 14:05:58.444  2042  2787 D ActivityManager: checkAllowBackground: uid=10172 pkg=com.android.chrome startMode=2 onallowlist=false onallowlist(ei)=false
10-09 14:05:58.445  8645  8858 W ContextImpl: Calling a method in the system process without a qualified user: android.app.ContextImpl.sendBroadcast:1246 android.content.ContextWrapper.sendBroadcast:520 mb.q.D:34 s2.j.x:27 s2.j.m:0 
10-09 14:05:58.446  2042  2787 D ActivityManager: checkAllowBackground: uid=10163 pkg=com.google.android.gms rec=UidRecord{3efeecd u0a163 BTOP change:procadj procs:0 seq(725640,425084)} caps=LCMNFU always=true idle=false
10-09 14:05:58.446  2042  2787 I ActivityManager: App 10163/com.google.android.gms targets O+, restricted
10-09 14:05:58.446  2042  2787 D ActivityManager: checkAllowBackground: uid=10163 pkg=com.google.android.gms startMode=2 onallowlist=true onallowlist(ei)=true
10-09 14:05:58.446  2042  2787 I SmartPower: com.google.android.documentsui/10066(28203): idle->background(93498ms) R(broadcast start Intent { act=android.intent.action.PACKAGE_DATA_CLEARED dat=package: flg=0x5000010 (has extras) }) adj=945.
10-09 14:05:58.447  2042  2787 D ActivityManager: checkAllowBackground: uid=10066 pkg=com.google.android.documentsui rec=UidRecord{60188cf u0a66 CEM  idle change:procadj procs:0 seq(725613,453049)} caps=------ always=true idle=true
10-09 14:05:58.447  2042  2787 I ActivityManager: App 10066/com.google.android.documentsui targets O+, restricted
10-09 14:05:58.447  2042  2787 D ActivityManager: checkAllowBackground: uid=10066 pkg=com.google.android.documentsui startMode=2 onallowlist=false onallowlist(ei)=false
10-09 14:05:58.448  2042  2787 D ActivityManager: checkAllowBackground: uid=10164 pkg=com.android.vending rec=UidRecord{aee57a7 u0a164 BTOP change:procadj procs:0 seq(725582,724922)} caps=---NFU always=true idle=false
10-09 14:05:58.448  2042  2787 I ActivityManager: App 10164/com.android.vending targets O+, restricted
10-09 14:05:58.448  2042  2787 D ActivityManager: checkAllowBackground: uid=10164 pkg=com.android.vending startMode=2 onallowlist=false onallowlist(ei)=true
10-09 14:05:58.448  2042  2787 I SmartPower: com.android.vending:background/10164(21253): idle->background(93485ms) R(broadcast start Intent { act=android.intent.action.PACKAGE_DATA_CLEARED dat=package: flg=0x5000010 (has extras) }) adj=250.
10-09 14:05:58.450  2042  3550 D ActivityManager: checkAllowBackground: uid=10294 pkg=com.google.android.adservices.api rec=UidRecord{78dc3b7 u0a294 BTOP change:procadj procs:0 seq(725642,377651)} caps=---NFU always=true idle=false
10-09 14:05:58.450  2042  3550 I ActivityManager: App 10294/com.google.android.adservices.api targets O+, restricted
10-09 14:05:58.450  2042  3550 D ActivityManager: checkAllowBackground: uid=10294 pkg=com.google.android.adservices.api startMode=2 onallowlist=false onallowlist(ei)=false
10-09 14:05:58.458  2042  2787 D ActivityManager: checkAllowBackground: uid=10214 pkg=com.google.android.permissioncontroller rec=UidRecord{a354148 u0a214 CEM  bg:+19m27s651ms idle change:cached|procstate|procadj procs:0 seq(725563,447601)} caps=------ always=true idle=true
10-09 14:05:58.458  2042  2787 I ActivityManager: App 10214/com.google.android.permissioncontroller targets O+, restricted
10-09 14:05:58.458  2042  2787 D ActivityManager: checkAllowBackground: uid=10214 pkg=com.google.android.permissioncontroller startMode=2 onallowlist=false onallowlist(ei)=false
10-09 14:05:58.459  2042  2787 I SmartPower: com.google.android.permissioncontroller/10214(21951): idle->background(93482ms) R(broadcast start Intent { act=android.intent.action.PACKAGE_DATA_CLEARED dat=package: flg=0x5000010 (has extras) }) adj=905.
10-09 14:05:58.464  2042  2787 D ActivityManager: checkAllowBackground: uid=10220 pkg=com.google.android.providers.media.module rec=UidRecord{a6df6e5 u0a220 PER  change:procadj procs:0 seq(725562,1260)} caps=LCMNFU always=true idle=false
10-09 14:05:58.465  2042  2787 I ActivityManager: App 10220/com.google.android.providers.media.module targets O+, restricted
10-09 14:05:58.465  2042  2787 D ActivityManager: checkAllowBackground: uid=10220 pkg=com.google.android.providers.media.module startMode=2 onallowlist=false onallowlist(ei)=false
10-09 14:05:58.472  2042  6991 D ActivityManager: checkAllowBackground: uid=10163 pkg=com.google.android.gms rec=UidRecord{3efeecd u0a163 BTOP change:procadj procs:0 seq(725651,425084)} caps=LCMNFU always=false idle=false
10-09 14:05:58.472  2042  7000 D ActivityManager: checkAllowBackground: uid=10220 pkg=com.google.android.providers.media.module rec=UidRecord{a6df6e5 u0a220 PER  change:procadj procs:0 seq(725654,1260)} caps=LCMNFU always=false idle=false
10-09 14:05:58.472  2042  2693 W ActivityTaskManager: Can't find TaskDisplayArea to determine support for multi window. Task id=6526 attached=false
10-09 14:05:58.476  4304  4484 D MiuiFullScreenTaskRepository: addOrUpdateFullScreenTaskInfo taskId=6526, topActivity=null
10-09 14:05:58.476  4304  4484 D MiuiFullScreenTaskRepository: removeFullScreenTask taskId=6526, topActivity=null
10-09 14:05:58.476  4304  4484 D MiuiWindowDecorViewModel: destroyWindowDecoration: taskId=6526, windowingMode=1, mWindowDecorByTaskId.size()=0, callers=com.android.wm.shell.fullscreen.FullscreenTaskListener.onTaskVanished:143 com.android.wm.shell.ShellTaskOrganizer.onTaskVanished:138 android.window.TaskOrganizer$1.lambda$onTaskVanished$5:391 android.window.TaskOrganizer$1.$r8$lambda$cnLAmEuLf_BQ_jFuhQbGGs5ghXo:0 android.window.TaskOrganizer$1$$ExternalSyntheticLambda14.run:4 
10-09 14:05:58.486  2042  2692 W ActivityManager: setHasOverlayUi called on unknown pid: 7880
10-09 14:05:58.489  2042  6998 D ActivityManager: checkAllowBackground: uid=10163 pkg=com.google.android.gms rec=UidRecord{3efeecd u0a163 BTOP change:procadj procs:0 seq(725656,425084)} caps=LCMNFU always=false idle=false
10-09 14:05:58.490  2042  2787 D ActivityManager: checkAllowBackground: uid=10081 pkg=com.mi.android.globallauncher rec=UidRecord{83689b1 u0a81 BFGS change:procadj procs:0 seq(725610,698591)} caps=---NFU always=true idle=false
10-09 14:05:58.490  2042  2787 I ActivityManager: App 10081/com.mi.android.globallauncher targets O+, restricted
10-09 14:05:58.490  2042  2787 D ActivityManager: checkAllowBackground: uid=10081 pkg=com.mi.android.globallauncher startMode=2 onallowlist=false onallowlist(ei)=false
10-09 14:05:58.491  2042  2787 I SmartPower: com.mi.android.globallauncher/10081(4339): idle->background(93513ms) R(broadcast start Intent { act=android.intent.action.PACKAGE_DATA_CLEARED dat=package: flg=0x5000010 (has extras) }) adj=100.
10-09 14:05:58.504  2042  3096 D ActivityManager: checkAllowBackground: uid=10163 pkg=com.google.android.gms rec=UidRecord{3efeecd u0a163 BTOP change:procadj procs:0 seq(725660,425084)} caps=LCMNFU always=false idle=false
10-09 14:05:58.507  2042  4589 D ActivityManager: checkAllowBackground: uid=10214 pkg=com.google.android.permissioncontroller rec=UidRecord{a354148 u0a214 RCVR bg:+19m27s700ms idle change:uncachedprocstateprocadj procs:0 seq(725653,447601)} caps=------ always=true idle=true
10-09 14:05:58.507  2042  4589 I ActivityManager: App 10214/com.google.android.permissioncontroller targets O+, restricted
10-09 14:05:58.507  2042  4589 D ActivityManager: checkAllowBackground: uid=10214 pkg=com.google.android.permissioncontroller startMode=2 onallowlist=false onallowlist(ei)=false
10-09 14:05:58.507  2042  6998 D ActivityManager: checkAllowBackground: uid=10163 pkg=com.google.android.gms rec=UidRecord{3efeecd u0a163 BTOP change:procadj procs:0 seq(725671,425084)} caps=LCMNFU always=false idle=false
10-09 14:05:58.509  2042  2787 D ActivityManager: checkAllowBackground: uid=10307 pkg=com.xiaomi.aicr rec=UidRecord{72b77d3 u0a307 FGS  fgServices change:procadj procs:0 seq(725549,269851)} caps=---NFU always=true idle=false
10-09 14:05:58.509  2042  2787 I ActivityManager: App 10307/com.xiaomi.aicr targets O+, restricted
10-09 14:05:58.509  2042  2787 D ActivityManager: checkAllowBackground: uid=10307 pkg=com.xiaomi.aicr startMode=2 onallowlist=true onallowlist(ei)=true
10-09 14:05:58.509  2042  2787 I SmartPower: com.xiaomi.aicr:searchDataService/10307(28230): idle->background(93526ms) R(broadcast start Intent { act=android.intent.action.PACKAGE_DATA_CLEARED dat=package: flg=0x5000010 (has extras) }) adj=905.
10-09 14:05:58.511  2042  2787 D ActivityManager: checkAllowBackground: uid=10595 pkg=com.microsoft.windowsintune.companyportal rec=UidRecord{ef0720b u0a595 CACC bg:+1h33m53s719ms idle change:procadj procs:0 seq(725546,451866)} caps=------ always=true idle=true
10-09 14:05:58.511  2042  2787 I ActivityManager: App 10595/com.microsoft.windowsintune.companyportal targets O+, restricted
10-09 14:05:58.511  2042  2787 D ActivityManager: checkAllowBackground: uid=10595 pkg=com.microsoft.windowsintune.companyportal startMode=2 onallowlist=false onallowlist(ei)=false
10-09 14:05:58.511  2042  2787 I SmartPower: com.microsoft.windowsintune.companyportal:omadm_client_process/10595(15670): idle->background(93523ms) R(broadcast start Intent { act=android.intent.action.PACKAGE_DATA_CLEARED dat=package: flg=0x5000010 (has extras) }) adj=930.
10-09 14:05:58.515  2042  2787 D ActivityManager: checkAllowBackground: uid=10294 pkg=com.google.android.adservices.api rec=UidRecord{78dc3b7 u0a294 BTOP change:procadj procs:0 seq(725679,377651)} caps=---NFU always=true idle=false
10-09 14:05:58.516  2042  2787 I ActivityManager: App 10294/com.google.android.adservices.api targets O+, restricted
10-09 14:05:58.516  2042  2787 D ActivityManager: checkAllowBackground: uid=10294 pkg=com.google.android.adservices.api startMode=2 onallowlist=false onallowlist(ei)=false
10-09 14:05:58.523  2042  6998 D ActivityManager: checkAllowBackground: uid=10214 pkg=com.google.android.permissioncontroller rec=UidRecord{a354148 u0a214 RCVR bg:+19m27s717ms idle change:uncachedprocstateprocadj procs:0 seq(725653,447601)} caps=------ always=true idle=true
10-09 14:05:58.523  2042  6998 I ActivityManager: App 10214/com.google.android.permissioncontroller targets O+, restricted
10-09 14:05:58.523  2042  6998 D ActivityManager: checkAllowBackground: uid=10214 pkg=com.google.android.permissioncontroller startMode=2 onallowlist=false onallowlist(ei)=false
10-09 14:05:58.524  2042  3096 D ActivityManager: checkAllowBackground: uid=10163 pkg=com.google.android.gms rec=UidRecord{3efeecd u0a163 BTOP change:procadj procs:0 seq(725688,425084)} caps=LCMNFU always=false idle=false
10-09 14:05:58.529  2042  4589 D ActivityManager: checkAllowBackground: uid=10163 pkg=com.google.android.gms rec=UidRecord{3efeecd u0a163 BTOP change:procadj procs:0 seq(725692,425084)} caps=LCMNFU always=false idle=false
10-09 14:05:58.536  2042  4589 D ActivityManager: checkAllowBackground: uid=10163 pkg=com.google.android.gms rec=UidRecord{3efeecd u0a163 BTOP change:procadj procs:0 seq(725698,425084)} caps=LCMNFU always=false idle=false
10-09 14:05:58.545  2042  3096 D ActivityManager: checkAllowBackground: uid=10163 pkg=com.google.android.gms rec=UidRecord{3efeecd u0a163 BTOP change:procadj procs:0 seq(725700,425084)} caps=LCMNFU always=false idle=false
10-09 14:05:58.553  2042  4589 D ActivityManager: checkAllowBackground: uid=10214 pkg=com.google.android.permissioncontroller rec=UidRecord{a354148 u0a214 RCVR bg:+19m27s746ms idle change:uncachedprocstateprocadj procs:0 seq(725653,447601)} caps=------ always=true idle=true
10-09 14:05:58.553  2042  4589 I ActivityManager: App 10214/com.google.android.permissioncontroller targets O+, restricted
10-09 14:05:58.553  2042  4589 D ActivityManager: checkAllowBackground: uid=10214 pkg=com.google.android.permissioncontroller startMode=2 onallowlist=false onallowlist(ei)=false
10-09 14:05:58.556  2042  2042 D UiModeManager: updateConfigurationLocked: mDockState=0; mCarMode=false; mCar=false; mPowerSave=false; mOverrideNightModeOn=false; mOverrideNightModeOff=false; mComputedNightMode=false; mNightMode=1; uiMode=17
10-09 14:05:58.563  2042  4589 D ActivityManager: checkAllowBackground: uid=10214 pkg=com.google.android.permissioncontroller rec=UidRecord{a354148 u0a214 RCVR bg:+19m27s757ms idle change:uncachedprocstateprocadj procs:0 seq(725653,447601)} caps=------ always=true idle=true
10-09 14:05:58.563  2042  4589 I ActivityManager: App 10214/com.google.android.permissioncontroller targets O+, restricted
10-09 14:05:58.563  2042  4589 D ActivityManager: checkAllowBackground: uid=10214 pkg=com.google.android.permissioncontroller startMode=2 onallowlist=false onallowlist(ei)=false
10-09 14:05:58.576  2042  6998 D PackageParserImpl: dump dex file,file message: base.odex: 240Kb base.vdex: 578Kb 
10-09 14:05:58.582  4304  4304 D ArtChoreographerMonitor: invoke error.
10-09 14:05:58.801  2042  4589 I PowerManagerServiceImpl: Release wakelock: SCREEN_DIM_WAKE_LOCK           'UiAutomator2:ScreenKeeper' DISABLED ACQ=-1m33s650ms (uid=10769 pid=7343 pkg=io.appium.uiautomator2.server)
10-09 14:05:58.911  2042  2787 I SmartPower: com.mi.globalminusscreen/10308(20285): idle->background(93491ms) R(broadcast start Intent { act=android.intent.action.PACKAGE_DATA_CLEARED dat=package: flg=0x5000010 (has extras) }) adj=100.
10-09 14:05:58.952  2042  2787 I SmartPower: com.xiaomi.discover/10121(23492): idle->background(9601ms) R(broadcast start Intent { act=android.intent.action.BATTERY_CHANGED flg=0x60000010 (has extras) }) adj=905.
10-09 14:05:58.952  2042  2787 I SmartPower: com.miui.android.fashiongallery/10228(32611): idle->background(9601ms) R(broadcast start Intent { act=android.intent.action.BATTERY_CHANGED flg=0x60000010 (has extras) }) adj=915.
10-09 14:05:58.952  2042  2787 I SmartPower: com.facebook.appmanager/10138(27658): idle->background(9602ms) R(broadcast start Intent { act=android.intent.action.BATTERY_CHANGED flg=0x60000010 (has extras) }) adj=905.
10-09 14:05:58.953  2042  2787 I SmartPower: com.facebook.katana/10243(13231): idle->background(9602ms) R(broadcast start Intent { act=android.intent.action.BATTERY_CHANGED flg=0x60000010 (has extras) }) adj=905.
10-09 14:05:58.954  2042  2787 I SmartPower: com.google.android.apps.tachyon/10226(15532): idle->background(9603ms) R(broadcast start Intent { act=android.intent.action.BATTERY_CHANGED flg=0x60000010 (has extras) }) adj=965.
10-09 14:05:58.954  2042  2787 I SmartPower: com.microsoft.teams/10266(15546): idle->background(9602ms) R(broadcast start Intent { act=android.intent.action.BATTERY_CHANGED flg=0x60000010 (has extras) }) adj=900.
10-09 14:05:58.956  2042  2787 I SmartPower: com.google.android.apps.magazines/10234(19722): idle->background(9602ms) R(broadcast start Intent { act=android.intent.action.BATTERY_CHANGED flg=0x60000010 (has extras) }) adj=905.
10-09 14:05:59.166  2042  4589 W WindowMagnificationMgr: requestConnection duplicated request: connect=false, mConnectionState=DISCONNECTED
10-09 14:05:59.167  2042  4589 D AccessibilityManagerService: restoreCurrentUserForTestAutomationIfNeededLocked(): ignoring because device doesn't support visible background users
10-09 14:05:59.171  2042  6981 I ActivityManager: Force stopping io.appium.uiautomator2.server appid=10769 user=0: finished inst
10-09 14:05:59.173  2042  9053 D WindowManagerService: setAnimationScale which = 2, scale = 0.0, pid = 7327, uid = 2000, nameForUid = android.uid.shell:2000, nameByPid = null
10-09 14:05:59.173  2042  3515 E ProcessManager: error write exception log
10-09 14:05:59.173  2042  6981 E ActivityManager: Unable to freeze binder for 7343: -11
10-09 14:05:59.175  2042  2692 D SettingsProvider: name:animator_duration_scale has changed to 0.0, because android android.provider.Settings$Global.putStringForUser:17088 android.provider.Settings$Global.putString:16942 android.provider.Settings$Global.putFloat:17294 com.android.server.wm.WindowManagerService$H.handleMessage:6189 android.os.Handler.dispatchMessage:106 android.os.Looper.loopOnce:222 android.os.Looper.loop:314 android.os.HandlerThread.run:67 com.android.server.ServiceThread.run:46 <bottom of call stack> 
10-09 14:05:59.175  2042  2692 D SettingsProvider: name:animator_duration_scale has changed to 0.0, because android android.provider.Settings$NameValueCache.putStringForUser:3162 android.provider.Settings$Global.putStringForUser:17104 android.provider.Settings$Global.putString:16942 android.provider.Settings$Global.putFloat:17294 com.android.server.wm.WindowManagerService$H.handleMessage:6189 android.os.Handler.dispatchMessage:106 android.os.Looper.loopOnce:222 android.os.Looper.loop:314 android.os.HandlerThread.run:67 com.android.server.ServiceThread.run:46 
10-09 14:05:59.178  2042  6981 I ActivityManager: Killing 7343:io.appium.uiautomator2.server/u0a769 (adj 0): stop io.appium.uiautomator2.server due to finished inst
10-09 14:05:59.178  2042  2074 D DisplayManagerService: Drop pending events for gone uid 10769
10-09 14:05:59.210  2042  2042 D BatterySaverPolicy: accessibility changed to false, updating policy.
10-09 14:05:59.210  2042  3173 W WindowManager: Cannot find window which accessibility connection is added to
10-09 14:05:59.382  2042  3500 D GreezeManager:  report signal uid = 10769 pid = 7343is not frozen.
10-09 14:05:59.438  2042  6981 I WakePathChecker: MIUILOG-WAKEPATH pushWakePathWhiteList: userId=0 size=7
10-09 14:05:59.942  2042  6981 I ActivityManager: Force stopping io.appium.uiautomator2.server.test appid=10767 user=0: from process:8208
10-09 14:05:59.946  2042  6981 I AppsFilter: interaction: PackageSetting{e02bff4 com.fido.asm/10104} -> PackageSetting{12f5306 io.appium.uiautomator2.server.test/10767} BLOCKED
10-09 14:05:59.946  2042  6981 I AppsFilter: interaction: PackageSetting{add9992 io.appium.settings/10611} -> PackageSetting{12f5306 io.appium.uiautomator2.server.test/10767} BLOCKED
10-09 14:06:00.000  2042  3123 D ActivityManager: checkAllowBackground: uid=1000 pkg=android rec=UidRecord{b77cac0 1000 PER  fgServices change:procadj procs:0 seq(726102,448524)} caps=LCMNFU always=false idle=false
10-09 14:06:00.001  2042  3123 D AlarmManager: mBroadcastRefCount -> 1
10-09 14:06:00.003  2042  2042 D AlarmManager: mBroadcastRefCount -> 0
10-09 14:06:00.003  2042  2042 D AlarmManager: mPendingIntent -> null
10-09 14:06:00.005  4304  4304 D ArtChoreographerMonitor: invoke error.
10-09 14:06:00.198  4304  4304 D ArtChoreographerMonitor: invoke error.
10-09 14:06:00.218  2042  2692 D SettingsProvider: name:animator_duration_scale has changed to 0.0, because android android.provider.Settings$Global.putStringForUser:17088 android.provider.Settings$Global.putString:16942 android.provider.Settings$Global.putFloat:17294 com.android.server.wm.WindowManagerService$H.handleMessage:6189 android.os.Handler.dispatchMessage:106 android.os.Looper.loopOnce:222 android.os.Looper.loop:314 android.os.HandlerThread.run:67 com.android.server.ServiceThread.run:46 <bottom of call stack> 
10-09 14:06:00.218  2042  2692 D SettingsProvider: name:animator_duration_scale has changed to 0.0, because android android.provider.Settings$NameValueCache.putStringForUser:3162 android.provider.Settings$Global.putStringForUser:17104 android.provider.Settings$Global.putString:16942 android.provider.Settings$Global.putFloat:17294 com.android.server.wm.WindowManagerService$H.handleMessage:6189 android.os.Handler.dispatchMessage:106 android.os.Looper.loopOnce:222 android.os.Looper.loop:314 android.os.HandlerThread.run:67 com.android.server.ServiceThread.run:46 
10-09 14:06:00.218  2042  6981 D WindowManagerService: setAnimationScale which = 2, scale = 0.0, pid = 8212, uid = 2000, nameForUid = android.uid.shell:2000, nameByPid = null
10-09 14:06:00.219  2042  2692 D SettingsProvider: name:animator_duration_scale has changed to 0.0, because android android.provider.Settings$Global.putStringForUser:17088 android.provider.Settings$Global.putString:16942 android.provider.Settings$Global.putFloat:17294 com.android.server.wm.WindowManagerService$H.handleMessage:6189 android.os.Handler.dispatchMessage:106 android.os.Looper.loopOnce:222 android.os.Looper.loop:314 android.os.HandlerThread.run:67 com.android.server.ServiceThread.run:46 <bottom of call stack> 
10-09 14:06:00.219  2042  2692 D SettingsProvider: name:animator_duration_scale has changed to 0.0, because android android.provider.Settings$NameValueCache.putStringForUser:3162 android.provider.Settings$Global.putStringForUser:17104 android.provider.Settings$Global.putString:16942 android.provider.Settings$Global.putFloat:17294 com.android.server.wm.WindowManagerService$H.handleMessage:6189 android.os.Handler.dispatchMessage:106 android.os.Looper.loopOnce:222 android.os.Looper.loop:314 android.os.HandlerThread.run:67 com.android.server.ServiceThread.run:46 
10-09 14:06:00.219  2042  2692 D SettingsProvider: name:animator_duration_scale has changed to 0.0, because android android.provider.Settings$Global.putStringForUser:17088 android.provider.Settings$Global.putString:16942 android.provider.Settings$Global.putFloat:17294 com.android.server.wm.WindowManagerService$H.handleMessage:6189 android.os.Handler.dispatchMessage:106 android.os.Looper.loopOnce:222 android.os.Looper.loop:314 android.os.HandlerThread.run:67 com.android.server.ServiceThread.run:46 <bottom of call stack> 
10-09 14:06:00.220  2042  2692 D SettingsProvider: name:animator_duration_scale has changed to 0.0, because android android.provider.Settings$NameValueCache.putStringForUser:3162 android.provider.Settings$Global.putStringForUser:17104 android.provider.Settings$Global.putString:16942 android.provider.Settings$Global.putFloat:17294 com.android.server.wm.WindowManagerService$H.handleMessage:6189 android.os.Handler.dispatchMessage:106 android.os.Looper.loopOnce:222 android.os.Looper.loop:314 android.os.HandlerThread.run:67 com.android.server.ServiceThread.run:46 
10-09 14:06:00.220  2042  6981 I ActivityManager: Force stopping io.appium.uiautomator2.server appid=10769 user=0: start instr
10-09 14:06:00.227  2042  6981 D CompatibilityChangeReporter: Compat change id reported: 135634846; UID 10769; state: DISABLED
10-09 14:06:00.227  2042  6981 D CompatibilityChangeReporter: Compat change id reported: 177438394; UID 10769; state: DISABLED
10-09 14:06:00.227  2042  6981 D CompatibilityChangeReporter: Compat change id reported: 135772972; UID 10769; state: DISABLED
10-09 14:06:00.227  2042  6981 D CompatibilityChangeReporter: Compat change id reported: 135754954; UID 10769; state: ENABLED
10-09 14:06:00.228  2042  2788 D CompatibilityChangeReporter: Compat change id reported: 143937733; UID 10769; state: ENABLED
10-09 14:06:00.232  2042  3110 D CompatibilityChangeReporter: Compat change id reported: 265195908; UID 10769; state: ENABLED
10-09 14:06:00.242  2042  2788 I ActivityManager: Start proc 8225:io.appium.uiautomator2.server/u0a769 for added application io.appium.uiautomator2.server caller=android
10-09 14:06:00.298  2042  9053 I SmartPower: io.appium.uiautomator2.server/10769(8225): died->background(1122ms) R(process start ) adj=-10000.
10-09 14:06:00.300  2042  9053 D CompatibilityChangeReporter: Compat change id reported: 168419799; UID 10769; state: DISABLED
10-09 14:06:00.300  2042  9053 D CompatibilityChangeReporter: Compat change id reported: 273564678; UID 10769; state: DISABLED
10-09 14:06:00.305  2042  3500 D isUidValid: uid = 10769
10-09 14:06:00.324  2042  9053 D CompatibilityChangeReporter: Compat change id reported: 170503758; UID 10769; state: DISABLED
10-09 14:06:00.457  2042  6981 I ActivityManager: Flag disabled. Ignoring finishAttachApplication from uid: 10769. pid: 8225
10-09 14:06:00.473  2042  6981 D CompatibilityChangeReporter: Compat change id reported: 161145287; UID 10769; state: DISABLED
10-09 14:06:00.944  2042  9053 I WakePathChecker: MIUILOG-WAKEPATH pushWakePathWhiteList: userId=0 size=7
10-09 14:06:01.297  2183  2183 I wificond: station_bandwidth: P
10-09 14:06:01.298  2042  3123 D AlarmManager: mBroadcastRefCount -> 1
10-09 14:06:01.300  4304  4304 D ArtChoreographerMonitor: invoke error.
10-09 14:06:01.303  2042  2075 D ActivityManager: checkAllowBackground: uid=1000 pkg=android rec=UidRecord{b77cac0 1000 PER  fgServices allowlist change:procadj procs:0 seq(726383,448524)} caps=LCMNFU always=false idle=false
10-09 14:06:01.304  2042  2042 D AlarmManager: mBroadcastRefCount -> 0
10-09 14:06:01.304  2042  2042 D AlarmManager: mPendingIntent -> PendingIntent{659bd1f: PendingIntentRecord{cf286c android broadcastIntent}}
10-09 14:06:01.447  2042  3524 I SmartPower: com.google.android.documentsui/10066(28203): background->idle(3000ms) R(broadcast start Intent { act=android.intent.action.PACKAGE_DATA_CLEARED dat=package: flg=0x5000010 (has extras) }) adj=945.
10-09 14:06:01.448  2042  3524 I SmartPower: com.android.vending:background/10164(21253): background->idle(3001ms) R(broadcast start Intent { act=android.intent.action.PACKAGE_DATA_CLEARED dat=package: flg=0x5000010 (has extras) }) adj=250.
10-09 14:06:01.463  2042  3524 I SmartPower: com.google.android.permissioncontroller/10214(21951): background->idle(3004ms) R(broadcast start Intent { act=android.intent.action.PACKAGE_DATA_CLEARED dat=package: flg=0x5000010 (has extras) }) adj=905.
10-09 14:06:01.475  4304  4304 D ArtChoreographerMonitor: invoke error.
10-09 14:06:01.491  2042  3524 I SmartPower: com.mi.android.globallauncher/10081(4339): background->idle(3001ms) R(broadcast start Intent { act=android.intent.action.PACKAGE_DATA_CLEARED dat=package: flg=0x5000010 (has extras) }) adj=100.
10-09 14:06:01.510  2042  3524 I SmartPower: com.xiaomi.aicr:searchDataService/10307(28230): background->idle(3000ms) R(broadcast start Intent { act=android.intent.action.PACKAGE_DATA_CLEARED dat=package: flg=0x5000010 (has extras) }) adj=905.
10-09 14:06:01.512  2042  3524 I SmartPower: com.microsoft.windowsintune.companyportal:omadm_client_process/10595(15670): background->idle(3001ms) R(broadcast start Intent { act=android.intent.action.PACKAGE_DATA_CLEARED dat=package: flg=0x5000010 (has extras) }) adj=930.
10-09 14:06:01.658  2042  9053 D AccessibilityManagerService: changeCurrentUserForTestAutomationIfNeededLocked(0): ignoring because device doesn't support visible background users
10-09 14:06:01.658  2042  9053 I UiAutomationManager: Registering UiTestAutomationService (id=com.android.server.accessibility/UiAutomation) when called by user 0
10-09 14:06:01.663  2042  9053 W WindowMagnificationMgr: requestConnection duplicated request: connect=false, mConnectionState=DISCONNECTED
10-09 14:06:01.678  2042  3096 W WindowMagnificationMgr: requestConnection duplicated request: connect=false, mConnectionState=DISCONNECTED
10-09 14:06:01.687  2042  3173 W WindowManager: Cannot find window which accessibility connection is added to
10-09 14:06:01.688  2042  6991 I PowerManagerServiceImpl: Acquire wakelock: SCREEN_DIM_WAKE_LOCK           'UiAutomator2:ScreenKeeper' (uid=10769 pid=8225 pkg=io.appium.uiautomator2.server)
10-09 14:06:01.700  2042  2042 D BatterySaverPolicy: accessibility changed to true, updating policy.
10-09 14:06:01.912  2042  3524 I SmartPower: com.mi.globalminusscreen/10308(20285): background->idle(3001ms) R(broadcast start Intent { act=android.intent.action.PACKAGE_DATA_CLEARED dat=package: flg=0x5000010 (has extras) }) adj=100.
10-09 14:06:01.953  2042  3524 I SmartPower: com.xiaomi.discover/10121(23492): background->idle(3001ms) R(broadcast start Intent { act=android.intent.action.BATTERY_CHANGED flg=0x60000010 (has extras) }) adj=905.
10-09 14:06:01.953  2042  3524 I SmartPower: com.miui.android.fashiongallery/10228(32611): background->idle(3002ms) R(broadcast start Intent { act=android.intent.action.BATTERY_CHANGED flg=0x60000010 (has extras) }) adj=935.
10-09 14:06:01.953  2042  3524 I SmartPower: com.facebook.appmanager/10138(27658): background->idle(3001ms) R(broadcast start Intent { act=android.intent.action.BATTERY_CHANGED flg=0x60000010 (has extras) }) adj=905.
10-09 14:06:01.956  2042  3524 I SmartPower: com.facebook.katana/10243(13231): background->idle(3003ms) R(broadcast start Intent { act=android.intent.action.BATTERY_CHANGED flg=0x60000010 (has extras) }) adj=905.
10-09 14:06:01.956  2042  3524 I SmartPower: com.google.android.apps.tachyon/10226(15532): background->idle(3002ms) R(broadcast start Intent { act=android.intent.action.BATTERY_CHANGED flg=0x60000010 (has extras) }) adj=965.
10-09 14:06:01.956  2042  3524 I SmartPower: com.microsoft.teams/10266(15546): background->idle(3002ms) R(broadcast start Intent { act=android.intent.action.BATTERY_CHANGED flg=0x60000010 (has extras) }) adj=900.
10-09 14:06:01.957  2042  3524 I SmartPower: com.google.android.apps.magazines/10234(19722): background->idle(3001ms) R(broadcast start Intent { act=android.intent.action.BATTERY_CHANGED flg=0x60000010 (has extras) }) adj=905.
10-09 14:06:02.263  2042  4079 I ActivityManager: Force stopping eu.europa.ec.euidi appid=10030 user=0: from process:8262
10-09 14:06:02.266  2042  4079 I AppsFilter: interaction: PackageSetting{12f5306 io.appium.uiautomator2.server.test/10767} -> PackageSetting{3f72189 eu.europa.ec.euidi/10030} BLOCKED
10-09 14:06:02.266  2042  4079 I AppsFilter: interaction: PackageSetting{e02bff4 com.fido.asm/10104} -> PackageSetting{3f72189 eu.europa.ec.euidi/10030} BLOCKED
10-09 14:06:02.266  2042  4079 I AppsFilter: interaction: PackageSetting{860431d io.appium.uiautomator2.server/10769} -> PackageSetting{3f72189 eu.europa.ec.euidi/10030} BLOCKED
10-09 14:06:02.266  2042  4079 I AppsFilter: interaction: PackageSetting{add9992 io.appium.settings/10611} -> PackageSetting{3f72189 eu.europa.ec.euidi/10030} BLOCKED
10-09 14:06:02.518  2042  4079 D CompatibilityChangeReporter: Compat change id reported: 161252188; UID 10030; state: DISABLED
10-09 14:06:02.519  2042  4079 W ActivityTaskManager: callingPackage for (uid=2000, pid=8262) has no WPC
10-09 14:06:02.519  2042  4079 D CompatibilityChangeReporter: Compat change id reported: 265464455; UID 10030; state: DISABLED
10-09 14:06:02.519  2042  4079 D CompatibilityChangeReporter: Compat change id reported: 265452344; UID 10030; state: DISABLED
10-09 14:06:02.520  2042  4079 D CompatibilityChangeReporter: Compat change id reported: 266124927; UID 10030; state: DISABLED
10-09 14:06:02.520  2042  4079 D CompatibilityChangeReporter: Compat change id reported: 265451093; UID 10030; state: DISABLED
10-09 14:06:02.520  2042  4079 D CompatibilityChangeReporter: Compat change id reported: 265456536; UID 10030; state: DISABLED
10-09 14:06:02.520  2042  4079 D CompatibilityChangeReporter: Compat change id reported: 255940284; UID 10030; state: DISABLED
10-09 14:06:02.520  2042  4079 D CompatibilityChangeReporter: Compat change id reported: 236283604; UID 10030; state: DISABLED
10-09 14:06:02.520  2042  4079 D CompatibilityChangeReporter: Compat change id reported: 263959004; UID 10030; state: DISABLED
10-09 14:06:02.520  2042  4079 D CompatibilityChangeReporter: Compat change id reported: 264304459; UID 10030; state: DISABLED
10-09 14:06:02.520  2042  4079 D CompatibilityChangeReporter: Compat change id reported: 264301586; UID 10030; state: DISABLED
10-09 14:06:02.520  2042  4079 D CompatibilityChangeReporter: Compat change id reported: 254631730; UID 10030; state: DISABLED
10-09 14:06:02.520  2042  4079 D CompatibilityChangeReporter: Compat change id reported: 273509367; UID 10030; state: DISABLED
10-09 14:06:02.520  2042  4079 D CompatibilityChangeReporter: Compat change id reported: 263259275; UID 10030; state: DISABLED
10-09 14:06:02.520  2042  4079 D CompatibilityChangeReporter: Compat change id reported: 174042980; UID 10030; state: DISABLED
10-09 14:06:02.520  2042  4079 D CompatibilityChangeReporter: Compat change id reported: 174042936; UID 10030; state: DISABLED
10-09 14:06:02.521  2042  4079 D CompatibilityChangeReporter: Compat change id reported: 181136395; UID 10030; state: DISABLED
10-09 14:06:02.521  2042  4079 D CompatibilityChangeReporter: Compat change id reported: 194480991; UID 10030; state: ENABLED
10-09 14:06:02.522  2042  4079 D WindowManager: Collecting in transition 394: ActivityRecord{8539c64 u0 eu.europa.ec.euidi/eu.europa.ec.assemblylogic.ui.MainActivity init visibleRequested:false
10-09 14:06:02.523  2042  4079 I WindowManager: When perf version lower than 2.3, MiGTStub result: false, gameType: 1, packageName: eu.europa.ec.euidi
10-09 14:06:02.524  2042  4079 D MiuiFreeFormManagerService: activeOrFullscreenFreeformTaskIfNeed startDefaultAr:true
10-09 14:06:02.526  4304  4484 D OneHandedController: stopOneHanded state is 0
10-09 14:06:02.528  2042  4079 D WindowManagerService: checkFlipFullScreenChange is same, nowIsFullScreen = false
10-09 14:06:02.530  2042  4079 D WindowManager: setLockTaskAuth: task=Task{9836382 #6527 type=standard A=10030:eu.europa.ec.euidi} mLockTaskAuth=LOCK_TASK_AUTH_PINNABLE
10-09 14:06:02.530  2042  4079 D WindowManager: Collecting in transition 394: Task{9836382 #6527 type=standard A=10030:eu.europa.ec.euidi} init visibleRequested:false
10-09 14:06:02.532  2042  4079 D CompatibilityChangeReporter: Compat change id reported: 184838306; UID 10030; state: DISABLED
10-09 14:06:02.532  2042  4079 D CompatibilityChangeReporter: Compat change id reported: 185004937; UID 10030; state: DISABLED
10-09 14:06:02.534  2042  4079 D WindowManager: setLockTaskAuth: task=Task{9836382 #6527 type=standard A=10030:eu.europa.ec.euidi} mLockTaskAuth=LOCK_TASK_AUTH_PINNABLE
10-09 14:06:02.535  2042  4079 D MiuiFreeFormManagerService: onStartActivityInner as = Task{9836382 #6527 type=standard A=10030:eu.europa.ec.euidi} op = null
10-09 14:06:02.536  2042  4079 D ActivityTaskManager: Task#startActivityLocked isOrhasTask=true newTask=true
