10-10 17:04:58.428  2042  6982 D WindowManager: Collecting in transition 1018: WallpaperWindowToken{9f84f36 token=android.os.Binder@ec5366a} init visibleRequested:true
10-10 17:04:58.428  2042  6982 D WindowManager: Collecting in transition 1018: WallpaperWindowToken{6dc7b token=android.os.BinderProxy@83a1475} init visibleRequested:true
10-10 17:04:58.429  2042  6982 D WindowManager: Collecting in transition 1018: ActivityRecord{423b875 u0 eu.europa.ec.euidi/eu.europa.ec.assemblylogic.ui.MainActivity t6812} init visibleRequested:true
10-10 17:04:58.451  2042  4080 D WindowManager: Set transition=TransitionRecord{eb8907f id=1018 type=OPEN flags=0x0}, ready=true, SyncId=1018 
10-10 17:04:58.451  4304  4484 D OneHandedController: stopOneHanded state is 0
10-10 17:04:58.451  4304  4484 D MiuiFullScreenTaskRepository: removeFocusedTask displayId=0
10-10 17:04:58.451  4304  4484 D MiuiFullScreenTaskRepository: addOrUpdateFullScreenTaskInfo taskId=1, topActivity=ComponentInfo{com.mi.android.globallauncher/com.miui.home.launcher.Launcher}
10-10 17:04:58.451  4304  4484 D MiuiFullScreenTaskRepository: setFocusedTask taskId=6812, displayId=0, topActivity=ComponentInfo{eu.europa.ec.euidi/eu.europa.ec.assemblylogic.ui.MainActivity}
10-10 17:04:58.452  4304  4484 D MiuiFullScreenTaskRepository: addOrUpdateFullScreenTaskInfo taskId=6812, topActivity=ComponentInfo{eu.europa.ec.euidi/eu.europa.ec.assemblylogic.ui.MainActivity}
10-10 17:04:58.452  4304  4484 D MiuiFreeformModeController: onFocusTaskChanged taskInfo: TaskInfo{userId=0 taskId=6812 displayId=0 isRunning=true baseIntent=Intent { act=android.intent.action.MAIN cat=[android.intent.category.LAUNCHER] flg=0x10200000 cmp=eu.europa.ec.euidi/eu.europa.ec.assemblylogic.ui.MainActivity } baseActivity=ComponentInfo{eu.europa.ec.euidi/eu.europa.ec.assemblylogic.ui.MainActivity} topActivity=ComponentInfo{eu.europa.ec.euidi/eu.europa.ec.assemblylogic.ui.MainActivity} origActivity=null realActivity=ComponentInfo{eu.europa.ec.euidi/eu.europa.ec.assemblylogic.ui.MainActivity} numActivities=1 lastActiveTime=350410746 supportsSplitScreenMultiWindow=true supportsMultiWindow=true resizeMode=1 isResizeable=true minWidth=-1 minHeight=-1 defaultMinSize=200 token=WCT{android.window.IWindowContainerToken$Stub$Proxy@258d49f} topActivityType=1 pictureInPictureParams=null shouldDockBigOverlays=false launchIntoPipHostTaskId=-1 lastParentTaskIdBeforePip=-1 displayCutoutSafeInsets=null topActivityInfo=ActivityInfo{29529ec eu.europa.ec.assemblylogic.ui.MainActivity} launchCookies=[] positionInParent=Point(0, 0) parentTaskId=-1 isFocused=true isVisible=false isVisibleRequested=true isSleeping=false topActivityInSizeCompat=false topActivityInMiuiSizeCompat=false topActivityEligibleForLetterboxEducation= false topActivityLetterboxed= false isFromDoubleTap= false topActivityLetterboxVerticalPosition= -1 topActivityLetterboxHorizontalPosition= -1 topActivityLetterboxWidth=-1 topActivityLetterboxHeight=-1 locusId=null displayAreaFeatureId=1 cameraCompatControlState=hidden mIsCastMode=false mTopActivityMediaSize=null mTopActivityRecordName=ActivityRecord{423b875 u0 eu.europa.ec.euidi/eu.europa.ec.assemblylogic.ui.MainActivity t6812} mTopActivityOrientation=1 mTopActivityWindowIsNowVisible=false isTranslucent=false isEmbedded=false shouldBeVisible=true isImmersive=false mBehindAppLockPkg=null mOriginatingUid=0}
10-10 17:04:58.452  4304  4484 D MiuiDesktopModeController: onFocusTaskChanged newFocus: TaskInfo{userId=0 taskId=6812 displayId=0 isRunning=true baseIntent=Intent { act=android.intent.action.MAIN cat=[android.intent.category.LAUNCHER] flg=0x10200000 cmp=eu.europa.ec.euidi/eu.europa.ec.assemblylogic.ui.MainActivity } baseActivity=ComponentInfo{eu.europa.ec.euidi/eu.europa.ec.assemblylogic.ui.MainActivity} topActivity=ComponentInfo{eu.europa.ec.euidi/eu.europa.ec.assemblylogic.ui.MainActivity} origActivity=null realActivity=ComponentInfo{eu.europa.ec.euidi/eu.europa.ec.assemblylogic.ui.MainActivity} numActivities=1 lastActiveTime=350410746 supportsSplitScreenMultiWindow=true supportsMultiWindow=true resizeMode=1 isResizeable=true minWidth=-1 minHeight=-1 defaultMinSize=200 token=WCT{android.window.IWindowContainerToken$Stub$Proxy@258d49f} topActivityType=1 pictureInPictureParams=null shouldDockBigOverlays=false launchIntoPipHostTaskId=-1 lastParentTaskIdBeforePip=-1 displayCutoutSafeInsets=null topActivityInfo=ActivityInfo{29529ec eu.europa.ec.assemblylogic.ui.MainActivity} launchCookies=[] positionInParent=Point(0, 0) parentTaskId=-1 isFocused=true isVisible=false isVisibleRequested=true isSleeping=false topActivityInSizeCompat=false topActivityInMiuiSizeCompat=false topActivityEligibleForLetterboxEducation= false topActivityLetterboxed= false isFromDoubleTap= false topActivityLetterboxVerticalPosition= -1 topActivityLetterboxHorizontalPosition= -1 topActivityLetterboxWidth=-1 topActivityLetterboxHeight=-1 locusId=null displayAreaFeatureId=1 cameraCompatControlState=hidden mIsCastMode=false mTopActivityMediaSize=null mTopActivityRecordName=ActivityRecord{423b875 u0 eu.europa.ec.euidi/eu.europa.ec.assemblylogic.ui.MainActivity t6812} mTopActivityOrientation=1 mTopActivityWindowIsNowVisible=false isTranslucent=false isEmbedded=false shouldBeVisible=true isImmersive=false mBehindAppLockPkg=null mOriginatingUid=0}
10-10 17:04:58.452  4304  4484 D WindowManagerShell: onActivityRestartAttempt: ComponentInfo{eu.europa.ec.euidi/eu.europa.ec.assemblylogic.ui.MainActivity}
10-10 17:04:58.455  2042  2693 I SmartPower: eu.europa.ec.euidi/10030(25714): invisible->visible(45ms) R(become visible) adj=0.
10-10 17:04:58.455  2042  2693 I WindowManager: wms.showSurfaceRobustly mWin:Window{2d9c095 u0 SnapshotStartingWindow for taskId=6812}
10-10 17:04:58.455  2042  2693 D WindowManager: Final targets: [Task{783207b #6812 type=standard A=10030:eu.europa.ec.euidi}, Task{99d2bd4 #1 type=home}]
10-10 17:04:58.457  2042  6982 W AutofillManagerServiceImpl: getFillEventHistory() called by UID 10273, but service UID is 10163
10-10 17:04:58.459  2042  2693 D WindowManager: Calling onTransitionReady info={id=1018 t=OPEN f=0x0 trk=0 r=[0@Point(0, 0)] c=[{WCT{RemoteToken{fdc3d86 Task{783207b #6812 type=standard A=10030:eu.europa.ec.euidi}}} m=TO_FRONT f=MOVE_TO_TOP leash=Surface(name=Task=6812#20385)/@0x4e7600a sb=Rect(0, 0 - 1080, 2400) eb=Rect(0, 0 - 1080, 2400) d=0},{WCT{RemoteToken{3ace072 Task{99d2bd4 #1 type=home}}} m=TO_BACK f=SHOW_WALLPAPER leash=Surface(name=Task=1#47)/@0x2e98d27 sb=Rect(0, 0 - 1080, 2400) eb=Rect(0, 0 - 1080, 2400) d=0}] noAni=[false] df=[false] mk=[true] nc=[0]}, mToken=Token{e68fb50 TransitionRecord{eb8907f id=1018 type=OPEN flags=0x0}}
10-10 17:04:58.459  2042  2693 I BLASTSyncEngine: finishNow: after onTransactionReady, mSyncId=1018
10-10 17:04:58.460  2042  2693 I WindowManager: cancelAnimation removed leash : Surface(name=Surface(name=704023a StatusBar#94)/@0xa8be448 - animation-leash of insets_animation#20466)/@0xe8ed266
10-10 17:04:58.462  4304  4484 D MiuiFreeformAnimation: startAnimation change: {WCT{android.window.IWindowContainerToken$Stub$Proxy@5a0f8d8} m=TO_FRONT f=MOVE_TO_TOP leash=Surface(name=Task=6812#20385)/@0x4d0f1b5 sb=Rect(0, 0 - 1080, 2400) eb=Rect(0, 0 - 1080, 2400) d=0} info.getType(): 1
10-10 17:04:58.462  4304  4484 I MiuiFreeformAnimation: isLaunchWidgetPicker=false,taskInfo.getWindowingMode()=1, taskInfo.getActivityType()=1
10-10 17:04:58.462  4304  4484 D MiuiFreeformAnimation: startAnimation change: {WCT{android.window.IWindowContainerToken$Stub$Proxy@6bf431} m=TO_BACK f=SHOW_WALLPAPER leash=Surface(name=Task=1#47)/@0xd9a404a sb=Rect(0, 0 - 1080, 2400) eb=Rect(0, 0 - 1080, 2400) d=0} info.getType(): 1
10-10 17:04:58.463  2042  2693 I WindowManager: cancelAnimation removed leash : Surface(name=Surface(name=d968687 NavigationBar0#90)/@0x2f479dd - animation-leash of insets_animation#20467)/@0x78dbe54
10-10 17:04:58.463  4304  4484 W MiuiTaskTransitionHandler: Receive an unknown transition, token=android.os.BinderProxy@4570743, type=1
10-10 17:04:58.463  4304  4484 D TransitionAnimationHelper:  load default animation  type = 1 enter = false animAttr = 19 isTask = true translucent = false
10-10 17:04:58.464  4304  4484 D TransitionAnimationHelper:  load default animation  type = 1 enter = true animAttr = 18 isTask = true translucent = false
10-10 17:04:58.464  4304  4520 D ShellTransitions: speed ui!!!!!!!!!!!
10-10 17:04:58.465  4304  4520 D ArtChoreographerMonitor: invoke error.
10-10 17:04:58.468  4304  4484 D MiuiFullScreenTaskRepository: setFocusedTask taskId=6812, displayId=0, topActivity=ComponentInfo{eu.europa.ec.euidi/eu.europa.ec.assemblylogic.ui.MainActivity}
10-10 17:04:58.468  4304  4484 D MiuiFullScreenTaskRepository: addOrUpdateFullScreenTaskInfo taskId=6812, topActivity=ComponentInfo{eu.europa.ec.euidi/eu.europa.ec.assemblylogic.ui.MainActivity}
10-10 17:04:58.470  2042  2690 D Aurogon :  uid = 10030 switch to FG
10-10 17:04:58.472  4304  4484 D SoScUtils: monitorTransitionFinished transition:android.os.BinderProxy@4570743 transaction: android.view.SurfaceControl$Transaction@8384733 mRequestCloseTransition:null mRequestOpenTransition:null mPairsOpenTransition:null mPairsOpenTransitionNull:null mRequestOpenTriggerTask:-1 mRequestCloseTriggerTask:-1 mOrientationTransition: null mMainStartingTask:-1 mSideStartingTask:-1
10-10 17:04:58.473  4304  4304 E onWindowDecorRectChanged: start size:1
10-10 17:04:58.473  4304  4304 E onWindowDecorRectChanged: windowDecorRects: Rect(454, 12 - 625, 123)
10-10 17:04:58.480  4304 26581 D MiuiFreeformModeObserver: activityResumed() intent： Intent { cmp=eu.europa.ec.euidi/eu.europa.ec.assemblylogic.ui.MainActivity (has extras) }
10-10 17:04:58.487  2042  4541 D WindowManager: wms.Input focus has changed to Window{5676c40 u0 eu.europa.ec.euidi/eu.europa.ec.assemblylogic.ui.MainActivity} display=0 updateInputWindows = true
10-10 17:04:58.487  2042  4541 I MultiSenceManagerInternalStub: getInstance
10-10 17:04:58.492  2042  6981 I Transition: finishTransition: updateLastSurfacePosition tf=Task{783207b #6812 type=standard A=10030:eu.europa.ec.euidi}
10-10 17:04:58.495  2042  9053 D ATMSImpl: setActivityController callingUid:2000 control=false
10-10 17:04:58.497  2042  9053 I SmartPower: com.mi.android.globallauncher/10081(4339): visible->invisible(10764ms) R(become invisible) adj=0.
10-10 17:04:58.498  2042  9053 I SmartPower: com.mi.android.globallauncher/10081(4339): invisible->background(1ms) R(become background) adj=0.
10-10 17:04:58.498  2042  9053 I SmartPower: com.mi.globalminusscreen/10308(27384): visible->invisible(10904ms) R(become invisible) adj=0.
10-10 17:04:58.498  2042  9053 I SmartPower: com.mi.globalminusscreen/10308(27384): invisible->background(0ms) R(become background) adj=0.
10-10 17:04:58.499  2042  3524 I SmartPower: com.google.android.adservices.api/10294(20677): idle->background(8861ms) R(add to whitelist) adj=0.
10-10 17:04:58.508  4304  4484 D MiuiFullScreenTaskRepository: addOrUpdateFullScreenTaskInfo taskId=1, topActivity=ComponentInfo{com.mi.android.globallauncher/com.miui.home.launcher.Launcher}
10-10 17:04:58.515  2042  6981 I SmartPower: com.google.android.googlequicksearchbox:googleapp/10167(17092): visible->invisible(10908ms) R(become invisible) adj=0.
10-10 17:04:58.515  2042  6981 I SmartPower: com.google.android.googlequicksearchbox:search/10167(17103): invisible->background(10909ms) R(become background) adj=800.
10-10 17:04:58.515  2042  6981 I SmartPower: com.google.android.googlequicksearchbox:googleapp/10167(17092): invisible->background(1ms) R(become background) adj=0.
10-10 17:04:58.515  2042  6981 I SmartPower: com.google.android.googlequicksearchbox:interactor/10167(17115): invisible->background(10908ms) R(become background) adj=100.
10-10 17:04:58.516  2042  3524 I SmartPower: com.google.android.webview:sandboxed_process0:org.chromium.content.app.SandboxedPridle->background(100336ms) R(add to whitelist) adj=800.
10-10 17:04:58.535  2042  7010 D WindowManager: wms.finishDrawingLocked: mDrawState=COMMIT_DRAW_PENDING Window{5676c40 u0 eu.europa.ec.euidi/eu.europa.ec.assemblylogic.ui.MainActivity} in Surface(name=eu.europa.ec.euidi/eu.europa.ec.assemblylogic.ui.MainActivity#20480)/@0xc63bd5a
10-10 17:04:58.539  2042  2693 D TaskSnapshot_Helper: shouldDelay()... Not launched by home, no delay needed.
10-10 17:04:58.540  2042  2693 I WindowManager: wms.showSurfaceRobustly mWin:Window{5676c40 u0 eu.europa.ec.euidi/eu.europa.ec.assemblylogic.ui.MainActivity}
10-10 17:04:58.542  4304  4484 D SoScSplitScreenController: updateDividerFixedState isFixed:false
10-10 17:04:58.545  2042  9053 D SchedBoost: com.google.android.adservices.api boosting, skip reset priority
10-10 17:04:58.549  4339  4339 D ActivityThread: Fail to check app heapsize due to java.lang.NoSuchMethodException: dalvik.system.VMRuntime.getBlockingGcCountForAlloc []
10-10 17:04:58.556  2042  2692 D SchedBoost: com.google.android.webview:sandboxed_process0:org.chromium.content.app.SandboxedProcessService0:0 boosting, skip reset priority
10-10 17:04:58.561  2042  9053 I WindowManager: cancelAnimation removed leash : Surface(name=Surface(name=49d5fba InputMethod#118)/@0xbb23dc8 - animation-leash of insets_animation#20474)/@0x1468425
10-10 17:04:58.562  2042  7002 W PackageConfigPersister: App-specific configuration not found for packageName: eu.europa.ec.euidi and userId: 0
10-10 17:04:58.563  2042  2690 D Aurogon :  uid = 10081 switch to BG
10-10 17:04:58.564  2042  3500 D isUidValid: uid = 10081
10-10 17:04:58.705  4304  4304 D ArtChoreographerMonitor: invoke error.
10-10 17:04:58.737  2042  9046 W ActivityTaskManager: callingPackage for (uid=2000, pid=26042) has no WPC
10-10 17:04:58.738  2042  9046 D CompatibilityChangeReporter: Compat change id reported: 265464455; UID 10172; state: DISABLED
10-10 17:04:58.738  2042  9046 D CompatibilityChangeReporter: Compat change id reported: 265452344; UID 10172; state: DISABLED
10-10 17:04:58.738  2042  9046 D CompatibilityChangeReporter: Compat change id reported: 266124927; UID 10172; state: DISABLED
10-10 17:04:58.738  2042  9046 D CompatibilityChangeReporter: Compat change id reported: 265451093; UID 10172; state: DISABLED
10-10 17:04:58.738  2042  9046 D CompatibilityChangeReporter: Compat change id reported: 265456536; UID 10172; state: DISABLED
10-10 17:04:58.739  2042  9046 D CompatibilityChangeReporter: Compat change id reported: 255940284; UID 10172; state: DISABLED
10-10 17:04:58.739  2042  9046 D CompatibilityChangeReporter: Compat change id reported: 236283604; UID 10172; state: DISABLED
10-10 17:04:58.739  2042  9046 D CompatibilityChangeReporter: Compat change id reported: 263959004; UID 10172; state: DISABLED
10-10 17:04:58.739  2042  9046 D CompatibilityChangeReporter: Compat change id reported: 264304459; UID 10172; state: DISABLED
10-10 17:04:58.739  2042  9046 D CompatibilityChangeReporter: Compat change id reported: 264301586; UID 10172; state: DISABLED
10-10 17:04:58.739  2042  9046 D CompatibilityChangeReporter: Compat change id reported: 254631730; UID 10172; state: DISABLED
10-10 17:04:58.739  2042  9046 D CompatibilityChangeReporter: Compat change id reported: 273509367; UID 10172; state: DISABLED
10-10 17:04:58.739  2042  9046 D CompatibilityChangeReporter: Compat change id reported: 263259275; UID 10172; state: DISABLED
10-10 17:04:58.740  2042  9046 D CompatibilityChangeReporter: Compat change id reported: 174042980; UID 10172; state: DISABLED
10-10 17:04:58.740  2042  9046 D CompatibilityChangeReporter: Compat change id reported: 174042936; UID 10172; state: DISABLED
10-10 17:04:58.740  2042  9046 D CompatibilityChangeReporter: Compat change id reported: 181136395; UID 10172; state: DISABLED
10-10 17:04:58.741  2042  9046 D CompatibilityChangeReporter: Compat change id reported: 194480991; UID 10172; state: ENABLED
10-10 17:04:58.742  2042  9046 I SmartPower: com.android.chrome:privileged_process0/10172(31317): idle->invisible(11090ms) R(become foreground) adj=980.
10-10 17:04:58.742  2042  9046 I SmartPower: com.android.chrome/10172(30974): idle->invisible(11090ms) R(become foreground) adj=702.
10-10 17:04:58.743  2042  9046 D WindowManager: Collecting in transition 1019: ActivityRecord{f64dd12 u0 com.android.chrome/com.google.android.apps.chrome.IntentDispatcher init visibleRequested:false
10-10 17:04:58.743  2042  9046 D MiuiFreeFormManagerService: activeOrFullscreenFreeformTaskIfNeed startDefaultAr:false
10-10 17:04:58.745  4304  4484 D OneHandedController: stopOneHanded state is 0
10-10 17:04:58.745  2042  9046 D WindowManager: setLockTaskAuth: task=Task{a9b96e0 #6814 type=standard I=com.android.chrome/com.google.android.apps.chrome.IntentDispatcher} mLockTaskAuth=LOCK_TASK_AUTH_PINNABLE
10-10 17:04:58.745  2042  9046 D WindowManager: Collecting in transition 1019: Task{a9b96e0 #6814 type=standard I=com.android.chrome/com.google.android.apps.chrome.IntentDispatcher} init visibleRequested:false
10-10 17:04:58.746  2042  9046 D CompatibilityChangeReporter: Compat change id reported: 184838306; UID 10172; state: DISABLED
10-10 17:04:58.746  2042  9046 D CompatibilityChangeReporter: Compat change id reported: 185004937; UID 10172; state: DISABLED
10-10 17:04:58.747  2042  9046 D WindowManager: setLockTaskAuth: task=Task{a9b96e0 #6814 type=standard I=com.android.chrome/com.google.android.apps.chrome.IntentDispatcher} mLockTaskAuth=LOCK_TASK_AUTH_PINNABLE
10-10 17:04:58.747  2042  9046 D MiuiFreeFormManagerService: onStartActivityInner as = Task{a9b96e0 #6814 type=standard I=com.android.chrome/com.google.android.apps.chrome.IntentDispatcher} op = null
10-10 17:04:58.748  2042  9046 D ActivityTaskManager: Task#startActivityLocked isOrhasTask=true newTask=true
10-10 17:04:58.749  2042  9046 D ActivityTaskManager: Not add starting window, the reason is: windowIsTranslucent = true  windowIsFloating = false  this = ActivityRecord{f64dd12 u0 com.android.chrome/com.google.android.apps.chrome.IntentDispatcher t6814}
10-10 17:04:58.750  2042  9046 D CompatibilityChangeReporter: Compat change id reported: 205907456; UID 10172; state: ENABLED
10-10 17:04:58.752  2042  9046 D WindowManager: Collecting in transition 1019: ActivityRecord{f64dd12 u0 com.android.chrome/com.google.android.apps.chrome.IntentDispatcher t6814} init visibleRequested:false
10-10 17:04:58.752  2042  9046 D WindowManager: Requesting StartTransition: TransitionRecord{532543f id=1019 type=OPEN flags=0x0}
10-10 17:04:58.753  2042  9046 I ActivityTaskManager: START u0 {act=android.intent.action.VIEW dat=https://issuer.eudiw.dev/... flg=0x10000000 cmp=com.android.chrome/com.google.android.apps.chrome.IntentDispatcher} with LAUNCH_MULTIPLE from uid 2000 from pid 26042 callingPackage com.android.shell (BAL_ALLOW_PERMISSION) result code=0
10-10 17:04:58.754  4304  4484 I SoScUtils: monitorTransitionRequest mRequestOpenTransition:null mRequestOpenTriggerTask:-1 mRequestCloseTransition:null mRequestCloseTriggerTask:-1 mRequestCloseStageType:-1
10-10 17:04:58.755  2042  9046 D WindowManager: Set transition=TransitionRecord{532543f id=1019 type=OPEN flags=0x0}, ready=false, SyncId=1019 used=true, override=false, defer=0, states=Display{#0 state=ON size=1080x2400 ROTATION_0}:false
10-10 17:04:58.755  4304  4484 D OneHandedController: stopOneHanded state is 0
10-10 17:04:58.756  4304  4484 D OneHandedController: stopOneHanded state is 0
10-10 17:04:58.760  2042  7002 I ActivityTaskManager: The Process com.android.chrome Already Exists in BG. So sending its PID: 30974
10-10 17:04:58.761  2042  7002 D WindowManager: Collecting in transition 1019: ActivityRecord{f64dd12 u0 com.android.chrome/com.google.android.apps.chrome.IntentDispatcher t6814} init visibleRequested:false
10-10 17:04:58.761  2042  4772 W AutofillManagerServiceImpl: getFillEventHistory() called by UID 10273, but service UID is 10163
10-10 17:04:58.762  2042  7002 D WindowManager: Collecting in transition 1019: ActivityRecord{f64dd12 u0 com.android.chrome/com.google.android.apps.chrome.IntentDispatcher t6814} init visibleRequested:true
10-10 17:04:58.763  2042  7002 D WindowManagerService: checkFlipFullScreenChange is same, nowIsFullScreen = false
10-10 17:04:58.763  2042  7002 D WindowManager: wms.Input focus has changed to null display=0 updateInputWindows = true
10-10 17:04:58.763  2042  7002 I MultiSenceManagerInternalStub: getInstance
10-10 17:04:58.764  2042  7002 D WindowManager: Collecting in transition 1019: ActivityRecord{f64dd12 u0 com.android.chrome/com.google.android.apps.chrome.IntentDispatcher t6814} init visibleRequested:true
10-10 17:04:58.764  2042  7002 D WindowManager: Set transition=TransitionRecord{532543f id=1019 type=OPEN flags=0x0}, ready=true, SyncId=1019 
10-10 17:04:58.766  2042  7002 I BLASTSyncEngine: SyncGroup 1019:  Unfinished container:ActivityRecord{f64dd12 u0 com.android.chrome/com.google.android.apps.chrome.IntentDispatcher t6814}
10-10 17:04:58.766  2042  7002 I BLASTSyncEngine: isActivitySyncFinished isSyncFinished false ActivityRecord{f64dd12 u0 com.android.chrome/com.google.android.apps.chrome.IntentDispatcher t6814}
10-10 17:04:58.770  2042  2690 D Aurogon :  uid = 10172 switch to FG
10-10 17:04:58.771  4304  4484 D MiuiFullScreenTaskRepository: removeFocusedTask displayId=0
10-10 17:04:58.771  4304  4484 D MiuiFullScreenTaskRepository: addOrUpdateFullScreenTaskInfo taskId=6812, topActivity=ComponentInfo{eu.europa.ec.euidi/eu.europa.ec.assemblylogic.ui.MainActivity}
10-10 17:04:58.778  2042  2072 D CompatibilityChangeReporter: Compat change id reported: 161145287; UID 10172; state: ENABLED
10-10 17:04:58.779  2042  6981 D CompatibilityChangeReporter: Compat change id reported: 319212206; UID 10172; state: ENABLED
10-10 17:04:58.787  2042  4689 D CompatibilityChangeReporter: Compat change id reported: 259743961; UID 10172; state: ENABLED
10-10 17:04:58.790  2042  9053 D WindowManager: Collecting in transition 1019: ActivityRecord{a43541a u0 com.android.chrome/org.chromium.chrome.browser.ChromeTabbedActivity init visibleRequested:false
10-10 17:04:58.790  2042  9053 D MiuiFreeFormManagerService: activeOrFullscreenFreeformTaskIfNeed startDefaultAr:false
10-10 17:04:58.790  2042  9053 D MiuiFreeFormManagerService: onStartActivityInner as = Task{fe09795 #6731 type=standard A=10172:com.android.chrome} op = null
10-10 17:04:58.791  2042  9053 D WindowManagerService: checkFlipFullScreenChange is same, nowIsFullScreen = false
10-10 17:04:58.792  2042  9053 D WindowManager: setLockTaskAuth: task=Task{fe09795 #6731 type=standard A=10172:com.android.chrome} mLockTaskAuth=LOCK_TASK_AUTH_PINNABLE
10-10 17:04:58.795  2042  9053 D WindowManager: Set transition=TransitionRecord{532543f id=1019 type=OPEN flags=0x0}, ready=false, SyncId=1019 used=true, override=false, defer=0, states=Display{#0 state=ON size=1080x2400 ROTATION_0}:false
10-10 17:04:58.796  2042  9053 D WindowManager: Collecting in transition 1019: ActivityRecord{a43541a u0 com.android.chrome/org.chromium.chrome.browser.ChromeTabbedActivity t-1} init visibleRequested:false
10-10 17:04:58.796  2042  9053 D WindowManager: Set transition=TransitionRecord{532543f id=1019 type=OPEN flags=0x0}, ready=false, SyncId=1019 used=true, override=false, defer=0, states=Display{#0 state=ON size=1080x2400 ROTATION_0}:false
10-10 17:04:58.798  4304  4484 D MiuiFullScreenTaskRepository: setFocusedTask taskId=6731, displayId=0, topActivity=ComponentInfo{com.android.chrome/org.chromium.chrome.browser.ChromeTabbedActivity}
10-10 17:04:58.798  4304  4484 D MiuiFullScreenTaskRepository: addOrUpdateFullScreenTaskInfo taskId=6731, topActivity=ComponentInfo{com.android.chrome/org.chromium.chrome.browser.ChromeTabbedActivity}
10-10 17:04:58.798  2042  9053 I ActivityTaskManager: START u0 {act=android.intent.action.VIEW dat=https://issuer.eudiw.dev/... flg=0x14002000 cmp=com.android.chrome/org.chromium.chrome.browser.ChromeTabbedActivity (has extras)} with LAUNCH_SINGLE_INSTANCE_PER_TASK from uid 10172 from pid 30974 callingPackage com.android.chrome (BAL_ALLOW_VISIBLE_WINDOW) result code=2
10-10 17:04:58.798  4304  4484 D MiuiFreeformModeController: onFocusTaskChanged taskInfo: TaskInfo{userId=0 taskId=6731 displayId=0 isRunning=true baseIntent=Intent { act=android.intent.action.VIEW dat=https://issuer.eudiw.dev/... flg=0x14002000 cmp=com.android.chrome/org.chromium.chrome.browser.ChromeTabbedActivity } baseActivity=ComponentInfo{com.android.chrome/org.chromium.chrome.browser.ChromeTabbedActivity} topActivity=ComponentInfo{com.android.chrome/org.chromium.chrome.browser.ChromeTabbedActivity} origActivity=null realActivity=ComponentInfo{com.android.chrome/org.chromium.chrome.browser.ChromeTabbedActivity} numActivities=1 lastActiveTime=350396753 supportsSplitScreenMultiWindow=true supportsMultiWindow=true resizeMode=2 isResizeable=true minWidth=-1 minHeight=-1 defaultMinSize=200 token=WCT{android.window.IWindowContainerToken$Stub$Proxy@9e2b225} topActivityType=1 pictureInPictureParams=null shouldDockBigOverlays=false launchIntoPipHostTaskId=-1 lastParentTaskIdBeforePip=-1 displayCutoutSafeInsets=Rect(0, 94 - 0, 0) topActivityInfo=ActivityInfo{56b4ffa org.chromium.chrome.browser.ChromeTabbedActivity} launchCookies=[] positionInParent=Point(0, 0) parentTaskId=-1 isFocused=true isVisible=false isVisibleRequested=false isSleeping=false topActivityInSizeCompat=false topActivityInMiuiSizeCompat=false topActivityEligibleForLetterboxEducation= false topActivityLetterboxed= false isFromDoubleTap= false topActivityLetterboxVerticalPosition= -1 topActivityLetterboxHorizontalPosition= -1 topActivityLetterboxWidth=-1 topActivityLetterboxHeight=-1 locusId=null displayAreaFeatureId=1 cameraCompatControlState=hidden mIsCastMode=false mTopActivityMediaSize=null mTopActivityRecordName=ActivityRecord{8a7cf7f u0 com.android.chrome/org.chromium.chrome.browser.ChromeTabbedActivity t6731} mTopActivityOrientation=-2 mTopActivityWindowIsNowVisible=false isTranslucent=true isEmbedded=false shouldBeVisible=true isImmersive=false mBehindAppLockPkg=null mOriginatingUid=0}
10-10 17:04:58.798  4304  4484 D MiuiDesktopModeController: onFocusTaskChanged newFocus: TaskInfo{userId=0 taskId=6731 displayId=0 isRunning=true baseIntent=Intent { act=android.intent.action.VIEW dat=https://issuer.eudiw.dev/... flg=0x14002000 cmp=com.android.chrome/org.chromium.chrome.browser.ChromeTabbedActivity } baseActivity=ComponentInfo{com.android.chrome/org.chromium.chrome.browser.ChromeTabbedActivity} topActivity=ComponentInfo{com.android.chrome/org.chromium.chrome.browser.ChromeTabbedActivity} origActivity=null realActivity=ComponentInfo{com.android.chrome/org.chromium.chrome.browser.ChromeTabbedActivity} numActivities=1 lastActiveTime=350396753 supportsSplitScreenMultiWindow=true supportsMultiWindow=true resizeMode=2 isResizeable=true minWidth=-1 minHeight=-1 defaultMinSize=200 token=WCT{android.window.IWindowContainerToken$Stub$Proxy@9e2b225} topActivityType=1 pictureInPictureParams=null shouldDockBigOverlays=false launchIntoPipHostTaskId=-1 lastParentTaskIdBeforePip=-1 displayCutoutSafeInsets=Rect(0, 94 - 0, 0) topActivityInfo=ActivityInfo{56b4ffa org.chromium.chrome.browser.ChromeTabbedActivity} launchCookies=[] positionInParent=Point(0, 0) parentTaskId=-1 isFocused=true isVisible=false isVisibleRequested=false isSleeping=false topActivityInSizeCompat=false topActivityInMiuiSizeCompat=false topActivityEligibleForLetterboxEducation= false topActivityLetterboxed= false isFromDoubleTap= false topActivityLetterboxVerticalPosition= -1 topActivityLetterboxHorizontalPosition= -1 topActivityLetterboxWidth=-1 topActivityLetterboxHeight=-1 locusId=null displayAreaFeatureId=1 cameraCompatControlState=hidden mIsCastMode=false mTopActivityMediaSize=null mTopActivityRecordName=ActivityRecord{8a7cf7f u0 com.android.chrome/org.chromium.chrome.browser.ChromeTabbedActivity t6731} mTopActivityOrientation=-2 mTopActivityWindowIsNowVisible=false isTranslucent=true isEmbedded=false shouldBeVisible=true isImmersive=false mBehindAppLockPkg=null mOriginatingUid=0}
10-10 17:04:58.799  2042  9053 D MiuiSoScManagerStub: supportSoScMinimizedMode:true
10-10 17:04:58.799  2042  9053 D MiuiSoScManagerStub: taskInSoScFullMode:false
10-10 17:04:58.799  2042  9053 D MiuiFreeFormGestureController: deliverResultForFinishActivity resultTo: null resultFrom: ActivityRecord{f64dd12 u0 com.android.chrome/com.google.android.apps.chrome.IntentDispatcher t6814 f}} isInVideoOrGameScene: false intent: Intent { act=android.intent.action.VIEW dat=https://issuer.eudiw.dev/... flg=0x10800000 cmp=com.android.chrome/com.google.android.apps.chrome.IntentDispatcher }
10-10 17:04:58.799  2042  9053 D WindowManager: Collecting in transition 1019: Task{a9b96e0 #6814 type=standard I=com.android.chrome/com.google.android.apps.chrome.IntentDispatcher} init visibleRequested:true
10-10 17:04:58.801  4304  4484 D OneHandedController: stopOneHanded state is 0
10-10 17:04:58.801  4304  4484 D WindowManagerShell: onActivityRestartAttempt: ComponentInfo{com.android.chrome/org.chromium.chrome.browser.ChromeTabbedActivity}
10-10 17:04:58.803  4304 26970 D MiuiFreeformModeObserver: activityResumed() intent： Intent { cmp=com.android.chrome/org.chromium.chrome.browser.document.ChromeLauncherActivity (has extras) }
10-10 17:04:58.806  2042  4772 D WindowManager: Collecting in transition 1019: ActivityRecord{f64dd12 u0 com.android.chrome/com.google.android.apps.chrome.IntentDispatcher t6814 f}} init visibleRequested:true
10-10 17:04:58.806  2042  4772 D WindowManager: Collecting in transition 1019: ActivityRecord{8a7cf7f u0 com.android.chrome/org.chromium.chrome.browser.ChromeTabbedActivity t6731} init visibleRequested:false
10-10 17:04:58.806  2042  4772 D WindowManagerService: checkFlipFullScreenChange is same, nowIsFullScreen = false
10-10 17:04:58.807  2042  4772 D WindowManager: Collecting in transition 1019: ActivityRecord{423b875 u0 eu.europa.ec.euidi/eu.europa.ec.assemblylogic.ui.MainActivity t6812} init visibleRequested:true
10-10 17:04:58.808  4304  4484 D MiuiFullScreenTaskRepository: setFocusedTask taskId=6731, displayId=0, topActivity=ComponentInfo{com.android.chrome/org.chromium.chrome.browser.ChromeTabbedActivity}
10-10 17:04:58.808  4304  4484 D MiuiFullScreenTaskRepository: addOrUpdateFullScreenTaskInfo taskId=6731, topActivity=ComponentInfo{com.android.chrome/org.chromium.chrome.browser.ChromeTabbedActivity}
10-10 17:04:58.808  2042  4772 D WindowManager: Collecting in transition 1019: ActivityRecord{8a7cf7f u0 com.android.chrome/org.chromium.chrome.browser.ChromeTabbedActivity t6731} init visibleRequested:true
10-10 17:04:58.808  2042  4772 D WindowManager: Set transition=TransitionRecord{532543f id=1019 type=OPEN flags=0x0}, ready=true, SyncId=1019 
10-10 17:04:58.810  2042  4772 I BLASTSyncEngine: SyncGroup 1019:  Unfinished container:ActivityRecord{8a7cf7f u0 com.android.chrome/org.chromium.chrome.browser.ChromeTabbedActivity t6731}
10-10 17:04:58.810  2042  4772 I BLASTSyncEngine: isActivitySyncFinished isSyncFinished false ActivityRecord{8a7cf7f u0 com.android.chrome/org.chromium.chrome.browser.ChromeTabbedActivity t6731}
10-10 17:04:58.818  2042  4772 W AutofillManagerServiceImpl: getFillEventHistory() called by UID 10273, but service UID is 10163
10-10 17:04:58.822  2042  8301 D CoreBackPreview: Window{169c3d3 u0 com.android.chrome/org.chromium.chrome.browser.ChromeTabbedActivity}: Setting back callback OnBackInvokedCallbackInfo{mCallback=android.window.IOnBackInvokedCallback$Stub$Proxy@866eb4b, mPriority=0, mIsAnimationCallback=true}
10-10 17:04:58.829  2042  4080 D ActivityManager: checkAllowBackground: uid=10163 pkg=com.google.android.gms rec=UidRecord{3efeecd u0a163 BTOP change:procstateprocadj procs:0 seq(1550709,1293144)} caps=LCMNFU always=false idle=false
10-10 17:04:58.840  2042  6982 D ActivityManager: checkAllowBackground: uid=10163 pkg=com.google.android.gms rec=UidRecord{3efeecd u0a163 BTOP change:procadj procs:0 seq(1550756,1293144)} caps=LCMNFU always=false idle=false
10-10 17:04:58.842  2042  9053 I SmartPower: com.android.chrome:sandboxed_process0:org.chromium.content.app.SandboxedProcessSer-1->background(0ms) R(become background) adj=-10000.
10-10 17:04:58.843  2042  2788 D CompatibilityChangeReporter: Compat change id reported: 143937733; UID 10172; state: ENABLED
10-10 17:04:58.852  2042  4080 D SchedBoost: com.android.chrome:sandboxed_process0:org.chromium.content.app.SandboxedProcessService0:66 boosting, skip reset priority
10-10 17:04:58.861  2042  2788 I ActivityManager: Start proc 26055:com.android.chrome:sandboxed_process0:org.chromium.content.app.SandboxedProcessService0:67/u0ai67 for  {com.android.chrome/org.chromium.content.app.SandboxedProcessService0:67} caller=com.android.chrome
10-10 17:04:58.884  2042  4541 D CompatibilityChangeReporter: Compat change id reported: 168419799; UID 10172; state: DISABLED
10-10 17:04:58.885  2042  4541 D CompatibilityChangeReporter: Compat change id reported: 273564678; UID 10172; state: DISABLED
10-10 17:04:58.890  2042  3500 D isUidValid: uid = 90067
10-10 17:04:58.891 26055 26055 E MQSEventManagerDelegate: failed to get MQSService.
10-10 17:04:58.892 26055 26055 W ActivityThread: registerApplicationScoutThread result:false
10-10 17:04:58.904 26055 26055 E ForceDarkHelperStubImpl: getForceDarkOriginState transact failed , mService: null
10-10 17:04:58.910  2042  6991 I ActivityManager: Flag disabled. Ignoring finishAttachApplication from uid: 90067. pid: 26055
10-10 17:04:58.918  4304  5230 D MiuiFreeformModeObserver: activityResumed() intent： Intent { cmp=com.android.chrome/org.chromium.chrome.browser.ChromeTabbedActivity (has extras) }
10-10 17:04:58.935  2042  2072 I BLASTSyncEngine: SyncGroup 1019:  Unfinished container:ActivityRecord{8a7cf7f u0 com.android.chrome/org.chromium.chrome.browser.ChromeTabbedActivity t6731}
10-10 17:04:58.935  2042  2072 I BLASTSyncEngine: isActivitySyncFinished isSyncFinished false ActivityRecord{8a7cf7f u0 com.android.chrome/org.chromium.chrome.browser.ChromeTabbedActivity t6731}
10-10 17:04:58.936  2042  2072 I WindowManager: cancelAnimation removed leash : Surface(name=Surface(name=704023a StatusBar#94)/@0xa8be448 - animation-leash of insets_animation#20478)/@0xcb94a4e
10-10 17:04:58.937  2042  2072 I WindowManager: cancelAnimation removed leash : Surface(name=Surface(name=d968687 NavigationBar0#90)/@0x2f479dd - animation-leash of insets_animation#20479)/@0x3ea7c7c
10-10 17:04:58.939  2042  2072 D WindowManager: wms.Input focus has changed to Window{169c3d3 u0 com.android.chrome/org.chromium.chrome.browser.ChromeTabbedActivity} display=0 updateInputWindows = true
10-10 17:04:58.939  2042  2072 I MultiSenceManagerInternalStub: getInstance
10-10 17:04:58.993  2042  4080 I BLASTSyncEngine: SyncGroup 1019:  Unfinished container:ActivityRecord{8a7cf7f u0 com.android.chrome/org.chromium.chrome.browser.ChromeTabbedActivity t6731}
10-10 17:04:58.993  2042  4080 I BLASTSyncEngine: isActivitySyncFinished isSyncFinished false ActivityRecord{8a7cf7f u0 com.android.chrome/org.chromium.chrome.browser.ChromeTabbedActivity t6731}
10-10 17:04:58.997  2042  9046 D WindowManager: wms.finishDrawingLocked: mDrawState=COMMIT_DRAW_PENDING Window{169c3d3 u0 com.android.chrome/org.chromium.chrome.browser.ChromeTabbedActivity} in Surface(name=com.android.chrome/org.chromium.chrome.browser.ChromeTabbedActivity#20485)/@0xab6d9cc
10-10 17:04:59.000  2042  2693 I SmartPower: com.android.chrome/10172(30974): invisible->visible(258ms) R(become visible) adj=0.
10-10 17:04:59.001  2042  3524 I SmartPower: com.android.chrome:sandboxed_process0:org.chromium.content.app.SandboxedProcessSeridle->background(8373ms) R(add to whitelist) adj=200.
10-10 17:04:59.001  2042  2693 I WindowManager: wms.showSurfaceRobustly mWin:Window{169c3d3 u0 com.android.chrome/org.chromium.chrome.browser.ChromeTabbedActivity}
10-10 17:04:59.001  2042  3524 I SmartPower: com.android.chrome:sandboxed_process0:org.chromium.content.app.SandboxedProcessSeridle->background(8374ms) R(add to whitelist) adj=200.
10-10 17:04:59.001  2042  2693 D WindowManager: Final targets: [Task{fe09795 #6731 type=standard A=10172:com.android.chrome}, Task{783207b #6812 type=standard A=10030:eu.europa.ec.euidi}]
10-10 17:04:59.001  2042  3524 I SmartPower: com.android.chrome:sandboxed_process0:org.chromium.content.app.SandboxedProcessSeridle->background(8348ms) R(add to whitelist) adj=990.
10-10 17:04:59.001  2042  3524 I SmartPower: com.android.chrome:sandboxed_process0:org.chromium.content.app.SandboxedProcessSeridle->background(8348ms) R(add to whitelist) adj=980.
10-10 17:04:59.001  2042  3524 I SmartPower: com.android.chrome:sandboxed_process0:org.chromium.content.app.SandboxedProcessSeridle->background(8348ms) R(add to whitelist) adj=980.
10-10 17:04:59.001  2042  3524 I SmartPower: com.android.chrome:sandboxed_process0:org.chromium.content.app.SandboxedProcessSeridle->background(8348ms) R(add to whitelist) adj=980.
10-10 17:04:59.001  2042  3524 I SmartPower: com.android.chrome:sandboxed_process0:org.chromium.content.app.SandboxedProcessSeridle->background(8347ms) R(add to whitelist) adj=980.
10-10 17:04:59.001  2042  3524 I SmartPower: com.android.chrome:sandboxed_process0:org.chromium.content.app.SandboxedProcessSeridle->background(8347ms) R(add to whitelist) adj=980.
10-10 17:04:59.001  2042  3524 I SmartPower: com.android.chrome:sandboxed_process0:org.chromium.content.app.SandboxedProcessSeridle->background(8347ms) R(add to whitelist) adj=970.
10-10 17:04:59.001  2042  3524 I SmartPower: com.android.chrome:sandboxed_process0:org.chromium.content.app.SandboxedProcessSeridle->background(8347ms) R(add to whitelist) adj=970.
10-10 17:04:59.002  2042  3524 I SmartPower: com.android.chrome:sandboxed_process0:org.chromium.content.app.SandboxedProcessSeridle->background(8348ms) R(add to whitelist) adj=970.
10-10 17:04:59.002  2042  3524 I SmartPower: com.android.chrome:sandboxed_process0:org.chromium.content.app.SandboxedProcessSeridle->background(8348ms) R(add to whitelist) adj=960.
10-10 17:04:59.002  2042  3524 I SmartPower: com.android.chrome:sandboxed_process0:org.chromium.content.app.SandboxedProcessSeridle->background(8348ms) R(add to whitelist) adj=960.
10-10 17:04:59.002  2042  3524 I SmartPower: com.android.chrome:sandboxed_process0:org.chromium.content.app.SandboxedProcessSeridle->background(8348ms) R(add to whitelist) adj=960.
10-10 17:04:59.002  2042  3524 I SmartPower: com.android.chrome:sandboxed_process0:org.chromium.content.app.SandboxedProcessSeridle->background(8347ms) R(add to whitelist) adj=960.
10-10 17:04:59.002  2042  3524 I SmartPower: com.android.chrome:sandboxed_process0:org.chromium.content.app.SandboxedProcessSeridle->background(8347ms) R(add to whitelist) adj=960.
10-10 17:04:59.002  2042  3524 I SmartPower: com.android.chrome:sandboxed_process0:org.chromium.content.app.SandboxedProcessSeridle->background(8347ms) R(add to whitelist) adj=950.
10-10 17:04:59.002  2042  3524 I SmartPower: com.android.chrome:sandboxed_process0:org.chromium.content.app.SandboxedProcessSeridle->background(8347ms) R(add to whitelist) adj=950.
10-10 17:04:59.002  2042  3524 I SmartPower: com.android.chrome:sandboxed_process0:org.chromium.content.app.SandboxedProcessSeridle->background(8347ms) R(add to whitelist) adj=950.
10-10 17:04:59.002  2042  3524 I SmartPower: com.android.chrome:sandboxed_process0:org.chromium.content.app.SandboxedProcessSeridle->background(8347ms) R(add to whitelist) adj=940.
10-10 17:04:59.002  2042  3524 I SmartPower: com.android.chrome:sandboxed_process0:org.chromium.content.app.SandboxedProcessSeridle->background(8347ms) R(add to whitelist) adj=940.
10-10 17:04:59.003  2042  3524 I SmartPower: com.android.chrome:sandboxed_process0:org.chromium.content.app.SandboxedProcessSeridle->background(8347ms) R(add to whitelist) adj=940.
