--------- beginning of crash
09-30 02:36:24.484  1558  1558 I emdlogger: mtk-brm-commit-id:2833288c68103f17f4843653d1b9a6fbd2f6e149
09-30 02:36:24.498  1558  1558 I emdlogger: mtk-brm-change-id:I6afe606aa6a21dad7f79560b154220d5ade63e14
09-30 02:36:24.499  1558  1558 I emdlogger: mtk-brm-merge-id:none
09-30 02:36:24.544  1534  1534 I libimsma_adapt: mtk-brm-commit-id:08c165c9fffde5e436e743d3aa5d9496d79cbc21
09-30 02:36:24.545  1534  1534 I libimsma_adapt: mtk-brm-change-id:I5d32ca5715dae8f0bcd34ce3d65cbe31e750f432
09-30 02:36:24.545  1534  1534 I libimsma_adapt: mtk-brm-merge-id:none
09-30 12:11:43.791  2938  2938 I SmartRatSwitch: mtk-brm-commit-id:5fafc7f90721207346ff793b0242d9143ebe08b5
09-30 12:11:43.793  2938  2938 I SmartRatSwitch: mtk-brm-change-id:I78997b642e154a4486e6f4d8caf000b0aab4b465
09-30 12:11:43.793  2938  2938 I SmartRatSwitch: mtk-brm-merge-id:none
10-06 14:43:03.589 32186 32204 E AndroidRuntime: FATAL EXCEPTION: Instr: androidx.test.runner.AndroidJUnitRunner
10-06 14:43:03.589 32186 32204 E AndroidRuntime: Process: io.appium.uiautomator2.server, PID: 32186
10-06 14:43:03.589 32186 32204 E AndroidRuntime: java.lang.RuntimeException: Error while disconnecting UiAutomation@dc362ca[id=-1, displayId=0, flags=0]
10-06 14:43:03.589 32186 32204 E AndroidRuntime: 	at android.app.UiAutomation.disconnect(UiAutomation.java:451)
10-06 14:43:03.589 32186 32204 E AndroidRuntime: 	at android.app.Instrumentation.finish(Instrumentation.java:275)
10-06 14:43:03.589 32186 32204 E AndroidRuntime: 	at androidx.test.runner.MonitoringInstrumentation.finish(MonitoringInstrumentation.java:381)
10-06 14:43:03.589 32186 32204 E AndroidRuntime: 	at androidx.test.runner.AndroidJUnitRunner.finish(AndroidJUnitRunner.java:463)
10-06 14:43:03.589 32186 32204 E AndroidRuntime: 	at androidx.test.runner.AndroidJUnitRunner.onStart(AndroidJUnitRunner.java:452)
10-06 14:43:03.589 32186 32204 E AndroidRuntime: 	at android.app.Instrumentation$InstrumentationThread.run(Instrumentation.java:2440)
10-06 14:43:03.589 32186 32204 E AndroidRuntime: Caused by: android.os.DeadObjectException
10-06 14:43:03.589 32186 32204 E AndroidRuntime: 	at android.os.BinderProxy.transactNative(Native Method)
10-06 14:43:03.589 32186 32204 E AndroidRuntime: 	at android.os.BinderProxy.transact(BinderProxy.java:639)
10-06 14:43:03.589 32186 32204 E AndroidRuntime: 	at android.app.IUiAutomationConnection$Stub$Proxy.disconnect(IUiAutomationConnection.java:471)
10-06 14:43:03.589 32186 32204 E AndroidRuntime: 	at android.app.UiAutomation.disconnect(UiAutomation.java:449)
10-06 14:43:03.589 32186 32204 E AndroidRuntime: 	... 5 more
10-06 15:42:53.491 24061 24079 E AndroidRuntime: FATAL EXCEPTION: Instr: androidx.test.runner.AndroidJUnitRunner
10-06 15:42:53.491 24061 24079 E AndroidRuntime: Process: io.appium.uiautomator2.server, PID: 24061
10-06 15:42:53.491 24061 24079 E AndroidRuntime: java.lang.RuntimeException: Error while disconnecting UiAutomation@14d1251[id=-1, displayId=0, flags=0]
10-06 15:42:53.491 24061 24079 E AndroidRuntime: 	at android.app.UiAutomation.disconnect(UiAutomation.java:451)
10-06 15:42:53.491 24061 24079 E AndroidRuntime: 	at android.app.Instrumentation.finish(Instrumentation.java:275)
10-06 15:42:53.491 24061 24079 E AndroidRuntime: 	at androidx.test.runner.MonitoringInstrumentation.finish(MonitoringInstrumentation.java:381)
10-06 15:42:53.491 24061 24079 E AndroidRuntime: 	at androidx.test.runner.AndroidJUnitRunner.finish(AndroidJUnitRunner.java:463)
10-06 15:42:53.491 24061 24079 E AndroidRuntime: 	at androidx.test.runner.AndroidJUnitRunner.onStart(AndroidJUnitRunner.java:452)
10-06 15:42:53.491 24061 24079 E AndroidRuntime: 	at android.app.Instrumentation$InstrumentationThread.run(Instrumentation.java:2440)
10-06 15:42:53.491 24061 24079 E AndroidRuntime: Caused by: android.os.DeadObjectException
10-06 15:42:53.491 24061 24079 E AndroidRuntime: 	at android.os.BinderProxy.transactNative(Native Method)
10-06 15:42:53.491 24061 24079 E AndroidRuntime: 	at android.os.BinderProxy.transact(BinderProxy.java:639)
10-06 15:42:53.491 24061 24079 E AndroidRuntime: 	at android.app.IUiAutomationConnection$Stub$Proxy.disconnect(IUiAutomationConnection.java:471)
10-06 15:42:53.491 24061 24079 E AndroidRuntime: 	at android.app.UiAutomation.disconnect(UiAutomation.java:449)
10-06 15:42:53.491 24061 24079 E AndroidRuntime: 	... 5 more
10-08 14:35:58.835  8798  8819 E AndroidRuntime: FATAL EXCEPTION: Instr: androidx.test.runner.AndroidJUnitRunner
10-08 14:35:58.835  8798  8819 E AndroidRuntime: Process: io.appium.uiautomator2.server, PID: 8798
10-08 14:35:58.835  8798  8819 E AndroidRuntime: java.lang.RuntimeException: Error while disconnecting UiAutomation@68ee26e[id=-1, displayId=0, flags=0]
10-08 14:35:58.835  8798  8819 E AndroidRuntime: 	at android.app.UiAutomation.disconnect(UiAutomation.java:451)
10-08 14:35:58.835  8798  8819 E AndroidRuntime: 	at android.app.Instrumentation.finish(Instrumentation.java:275)
10-08 14:35:58.835  8798  8819 E AndroidRuntime: 	at androidx.test.runner.MonitoringInstrumentation.finish(MonitoringInstrumentation.java:381)
10-08 14:35:58.835  8798  8819 E AndroidRuntime: 	at androidx.test.runner.AndroidJUnitRunner.finish(AndroidJUnitRunner.java:463)
10-08 14:35:58.835  8798  8819 E AndroidRuntime: 	at androidx.test.runner.AndroidJUnitRunner.onStart(AndroidJUnitRunner.java:452)
10-08 14:35:58.835  8798  8819 E AndroidRuntime: 	at android.app.Instrumentation$InstrumentationThread.run(Instrumentation.java:2440)
10-08 14:35:58.835  8798  8819 E AndroidRuntime: Caused by: android.os.DeadObjectException
10-08 14:35:58.835  8798  8819 E AndroidRuntime: 	at android.os.BinderProxy.transactNative(Native Method)
10-08 14:35:58.835  8798  8819 E AndroidRuntime: 	at android.os.BinderProxy.transact(BinderProxy.java:639)
10-08 14:35:58.835  8798  8819 E AndroidRuntime: 	at android.app.IUiAutomationConnection$Stub$Proxy.disconnect(IUiAutomationConnection.java:471)
10-08 14:35:58.835  8798  8819 E AndroidRuntime: 	at android.app.UiAutomation.disconnect(UiAutomation.java:449)
10-08 14:35:58.835  8798  8819 E AndroidRuntime: 	... 5 more
10-09 09:52:15.631  6455  6472 E AndroidRuntime: FATAL EXCEPTION: Instr: androidx.test.runner.AndroidJUnitRunner
10-09 09:52:15.631  6455  6472 E AndroidRuntime: Process: io.appium.uiautomator2.server, PID: 6455
10-09 09:52:15.631  6455  6472 E AndroidRuntime: java.lang.RuntimeException: Error while disconnecting UiAutomation@ed66072[id=-1, displayId=0, flags=0]
10-09 09:52:15.631  6455  6472 E AndroidRuntime: 	at android.app.UiAutomation.disconnect(UiAutomation.java:451)
10-09 09:52:15.631  6455  6472 E AndroidRuntime: 	at android.app.Instrumentation.finish(Instrumentation.java:275)
10-09 09:52:15.631  6455  6472 E AndroidRuntime: 	at androidx.test.runner.MonitoringInstrumentation.finish(MonitoringInstrumentation.java:381)
10-09 09:52:15.631  6455  6472 E AndroidRuntime: 	at androidx.test.runner.AndroidJUnitRunner.finish(AndroidJUnitRunner.java:463)
10-09 09:52:15.631  6455  6472 E AndroidRuntime: 	at androidx.test.runner.AndroidJUnitRunner.onStart(AndroidJUnitRunner.java:452)
10-09 09:52:15.631  6455  6472 E AndroidRuntime: 	at android.app.Instrumentation$InstrumentationThread.run(Instrumentation.java:2440)
10-09 09:52:15.631  6455  6472 E AndroidRuntime: Caused by: android.os.DeadObjectException
10-09 09:52:15.631  6455  6472 E AndroidRuntime: 	at android.os.BinderProxy.transactNative(Native Method)
10-09 09:52:15.631  6455  6472 E AndroidRuntime: 	at android.os.BinderProxy.transact(BinderProxy.java:639)
10-09 09:52:15.631  6455  6472 E AndroidRuntime: 	at android.app.IUiAutomationConnection$Stub$Proxy.disconnect(IUiAutomationConnection.java:471)
10-09 09:52:15.631  6455  6472 E AndroidRuntime: 	at android.app.UiAutomation.disconnect(UiAutomation.java:449)
10-09 09:52:15.631  6455  6472 E AndroidRuntime: 	... 5 more
--------- beginning of system
10-10 04:59:21.280  1902  1902 D UiModeManager: updateConfigurationLocked: mDockState=0; mCarMode=false; mCar=false; mPowerSave=false; mOverrideNightModeOn=false; mOverrideNightModeOff=false; mComputedNightMode=false; mNightMode=1; uiMode=17
10-10 04:59:27.345  1902  2620 I SmartPower: com.android.vending/10184(31626): background->idle(3034ms) R(adj below visible) adj=905.
10-10 04:59:27.345  1902  2620 I SmartPower: com.xiaomi.discover/10128(11400): background->idle(3027ms) R(broadcast start Intent { act=android.intent.action.BATTERY_CHANGED flg=0x60000010 (has extras) }) adj=905.
10-10 04:59:27.345  1902  2620 I SmartPower: com.android.chrome/10190(9035): background->idle(3026ms) R(broadcast start Intent { act=android.intent.action.BATTERY_CHANGED flg=0x60000010 (has extras) }) adj=900.
10-10 05:00:01.489  1902  2336 D AlarmManager: mBroadcastRefCount -> 1
10-10 05:00:01.522  1902  2336 D AlarmManager: mBroadcastRefCount -> 2
10-10 05:00:01.525  1902  2336 D AlarmManager: mBroadcastRefCount -> 3
10-10 05:00:01.556  1902  2336 D AlarmManager: mBroadcastRefCount -> 4
10-10 05:00:01.560  1902  1902 D AlarmManager: mBroadcastRefCount -> 3
10-10 05:00:01.560  1902  1902 D AlarmManager: mPendingIntent -> null
10-10 05:00:01.573  1902  1902 D AlarmManager: mBroadcastRefCount -> 2
10-10 05:00:01.573  1902  1902 D AlarmManager: mPendingIntent -> null
10-10 05:00:01.575  1902  1937 D Persistence: writeHistoricalOpsDLocked 10 ms.
10-10 05:00:01.590  1902  1902 D AlarmManager: mBroadcastRefCount -> 1
10-10 05:00:01.591  1902  1902 D AlarmManager: mPendingIntent -> PendingIntent{dddd89a: PendingIntentRecord{9055cb com.miui.powerkeeper startService}}
10-10 05:00:01.621  1902  1902 D AlarmManager: mBroadcastRefCount -> 0
10-10 05:00:01.622  1902  1902 D AlarmManager: mPendingIntent -> PendingIntent{1ed7156: PendingIntentRecord{925a5d7 com.android.settings broadcastIntent}}
10-10 05:00:01.624  1902  1902 D UiModeManager: updateConfigurationLocked: mDockState=0; mCarMode=false; mCar=false; mPowerSave=false; mOverrideNightModeOn=false; mOverrideNightModeOff=false; mComputedNightMode=false; mNightMode=1; uiMode=17
10-10 05:00:01.761  1230 32621 W BpBinder: Slow Binder: BpBinder transact took 211 ms, interface=com.android.internal.app.IBatteryStats, code=22 oneway=false
10-10 05:00:18.485  1902  2336 D AlarmManager: mBroadcastRefCount -> 1
10-10 05:00:18.488  1902  1902 D MiuiFboService: received the broadcast and intent.action : miui.intent.action.stop,intent.getStringExtra:null
10-10 05:00:18.494  1902  2336 D AlarmManager: mBroadcastRefCount -> 2
10-10 05:00:18.496  1902  1902 D AlarmManager: mBroadcastRefCount -> 1
10-10 05:00:18.496  1902  1902 D AlarmManager: mPendingIntent -> PendingIntent{434c873: PendingIntentRecord{b7e9330 android broadcastIntent}}
10-10 05:00:18.497  1902  1902 D AlarmManager: mBroadcastRefCount -> 0
10-10 05:00:18.497  1902  1902 D AlarmManager: mPendingIntent -> PendingIntent{dddd89a: PendingIntentRecord{9055cb com.miui.powerkeeper startService}}
10-10 05:00:38.506  1902  2336 D AlarmManager: mBroadcastRefCount -> 1
10-10 05:00:38.526  1902  1902 D AlarmManager: mBroadcastRefCount -> 0
10-10 05:00:38.526  1902  1902 D AlarmManager: mPendingIntent -> PendingIntent{8b52860: PendingIntentRecord{2704388 com.miui.securitycenter startService}}
10-10 05:00:38.546  1902  1902 D UiModeManager: updateConfigurationLocked: mDockState=0; mCarMode=false; mCar=false; mPowerSave=false; mOverrideNightModeOn=false; mOverrideNightModeOff=false; mComputedNightMode=false; mNightMode=1; uiMode=17
10-10 05:00:38.616  1902  1902 D UiModeManager: updateConfigurationLocked: mDockState=0; mCarMode=false; mCar=false; mPowerSave=false; mOverrideNightModeOn=false; mOverrideNightModeOff=false; mComputedNightMode=false; mNightMode=1; uiMode=17
10-10 05:00:39.105  1902  1954 I SmartPower: com.xiaomi.discover/10128(11400): idle->background(2944ms) R(broadcast start Intent { act=android.intent.action.BATTERY_CHANGED flg=0x60000010 (has extras) }) adj=905.
10-10 05:00:39.107  1902  1954 I SmartPower: com.android.chrome/10190(9035): idle->background(2947ms) R(broadcast start Intent { act=android.intent.action.BATTERY_CHANGED flg=0x60000010 (has extras) }) adj=900.
10-10 05:01:11.730  1902  1902 D UiModeManager: updateConfigurationLocked: mDockState=0; mCarMode=false; mCar=false; mPowerSave=false; mOverrideNightModeOn=false; mOverrideNightModeOff=false; mComputedNightMode=false; mNightMode=1; uiMode=17
10-10 05:01:24.567  1902  1902 D UiModeManager: updateConfigurationLocked: mDockState=0; mCarMode=false; mCar=false; mPowerSave=false; mOverrideNightModeOn=false; mOverrideNightModeOff=false; mComputedNightMode=false; mNightMode=1; uiMode=17
10-10 05:01:24.592  1902  2620 I SmartPower: com.xiaomi.discover/10128(11400): background->idle(3001ms) R(broadcast start Intent { act=android.intent.action.BATTERY_CHANGED flg=0x60000010 (has extras) }) adj=905.
10-10 05:01:24.595  1902  2620 I SmartPower: com.android.chrome/10190(9035): background->idle(3001ms) R(broadcast start Intent { act=android.intent.action.BATTERY_CHANGED flg=0x60000010 (has extras) }) adj=900.
10-10 05:02:06.027  1902  1902 D UiModeManager: updateConfigurationLocked: mDockState=0; mCarMode=false; mCar=false; mPowerSave=false; mOverrideNightModeOn=false; mOverrideNightModeOff=false; mComputedNightMode=false; mNightMode=1; uiMode=17
10-10 05:02:06.035  1902  1947 D HeapUsage Monitor: HeapAllocSize : 88MB; monitorSize : 500MB
10-10 05:02:06.805  1902  1902 D UiModeManager: updateConfigurationLocked: mDockState=0; mCarMode=false; mCar=false; mPowerSave=false; mOverrideNightModeOn=false; mOverrideNightModeOff=false; mComputedNightMode=false; mNightMode=1; uiMode=17
10-10 05:05:21.549  1902  1902 D UiModeManager: updateConfigurationLocked: mDockState=0; mCarMode=false; mCar=false; mPowerSave=false; mOverrideNightModeOn=false; mOverrideNightModeOff=false; mComputedNightMode=false; mNightMode=1; uiMode=17
10-10 05:05:22.052  1902  1954 I SmartPower: com.xiaomi.discover/10128(11400): idle->background(2621ms) R(broadcast start Intent { act=android.intent.action.BATTERY_CHANGED flg=0x60000010 (has extras) }) adj=905.
10-10 05:05:22.054  1902  1954 I SmartPower: com.android.chrome/10190(9035): idle->background(2619ms) R(broadcast start Intent { act=android.intent.action.BATTERY_CHANGED flg=0x60000010 (has extras) }) adj=900.
10-10 05:05:29.320  1902  2336 D AlarmManager: mBroadcastRefCount -> 1
10-10 05:05:29.325  1902  2336 D AlarmManager: mBroadcastRefCount -> 2
10-10 05:05:29.340  1902  2336 D AlarmManager: mBroadcastRefCount -> 3
10-10 05:05:29.347  1902  2336 W ProcessStats: Tracking association SourceState{b813b1d com.miui.securitycenter.remote/1000 Fgs #319054} whose proc state 3 is better than process ProcessState{3bbc40b com.miui.analytics/10101 pkg=com.miui.analytics} proc state 5 (43 skipped)
10-10 05:05:29.349  1902  2336 D AlarmManager: mBroadcastRefCount -> 4
10-10 05:05:29.351  1902 15926 I SmartPower: com.miui.home/10085(3001): idle->background(34977ms) R(content provider start ContentProviderRecord{e32c05d u0 com.miui.home/.launcher.LauncherProvider}) adj=0.
10-10 05:05:29.358  1902  2336 D AlarmManager: mBroadcastRefCount -> 5
10-10 05:05:29.375  1902  2336 D AlarmManager: mBroadcastRefCount -> 6
10-10 05:05:29.382  1902  2336 D AlarmManager: mBroadcastRefCount -> 7
10-10 05:05:29.383  1902  1902 D AlarmManager: mBroadcastRefCount -> 6
10-10 05:05:29.383  1902  1902 D AlarmManager: mPendingIntent -> null
10-10 05:05:29.384  1902  1902 D AlarmManager: mBroadcastRefCount -> 5
10-10 05:05:29.384  1902  1902 D AlarmManager: mPendingIntent -> PendingIntent{67ece72: PendingIntentRecord{c1fbc44 com.miui.msa.global startService}}
10-10 05:05:29.384  1902  1902 D AlarmManager: mBroadcastRefCount -> 4
10-10 05:05:29.384  1902  1902 D AlarmManager: mPendingIntent -> PendingIntent{49189ab: PendingIntentRecord{f2be808 com.miui.msa.global startService}}
10-10 05:05:29.384  1902  1902 D AlarmManager: mBroadcastRefCount -> 3
10-10 05:05:29.384  1902  1902 D AlarmManager: mPendingIntent -> PendingIntent{b2679c1: PendingIntentRecord{c249f82 com.miui.securitycenter startService}}
10-10 05:05:29.384  1902  1902 D AlarmManager: mBroadcastRefCount -> 2
10-10 05:05:29.384  1902  1902 D AlarmManager: mPendingIntent -> PendingIntent{dddd89a: PendingIntentRecord{9055cb com.miui.powerkeeper startService}}
10-10 05:05:29.385  1902  1902 D AlarmManager: mBroadcastRefCount -> 1
10-10 05:05:29.385  1902  1902 D AlarmManager: mPendingIntent -> PendingIntent{849d3d8: PendingIntentRecord{70b3331 android broadcastIntent}}
10-10 05:05:29.389  1902  1902 D AlarmManager: mBroadcastRefCount -> 0
10-10 05:05:29.389  1902  1902 D AlarmManager: mPendingIntent -> PendingIntent{a0420a7: PendingIntentRecord{1971a6d com.xiaomi.xmsf broadcastIntent}}
10-10 05:05:30.035 29223 29399 I Ad      : isPersonalizedAdEnabled getAdSettings: 3
10-10 05:05:30.455  1902  2620 I SmartPower: com.xiaomi.discover/10128(11400): background->idle(3006ms) R(broadcast start Intent { act=android.intent.action.BATTERY_CHANGED flg=0x60000010 (has extras) }) adj=905.
10-10 05:05:30.456  1902  2620 I SmartPower: com.android.chrome/10190(9035): background->idle(3006ms) R(broadcast start Intent { act=android.intent.action.BATTERY_CHANGED flg=0x60000010 (has extras) }) adj=900.
10-10 05:06:22.734  1902  1902 D UiModeManager: updateConfigurationLocked: mDockState=0; mCarMode=false; mCar=false; mPowerSave=false; mOverrideNightModeOn=false; mOverrideNightModeOff=false; mComputedNightMode=false; mNightMode=1; uiMode=17
10-10 05:09:31.463  1902  2620 I SmartPower: com.miui.home/10085(3001): background->idle(3062ms) R(content provider start ContentProviderRecord{e32c05d u0 com.miui.home/.launcher.LauncherProvider}) adj=100.
10-10 05:09:31.545  1902  1902 D UiModeManager: updateConfigurationLocked: mDockState=0; mCarMode=false; mCar=false; mPowerSave=false; mOverrideNightModeOn=false; mOverrideNightModeOff=false; mComputedNightMode=false; mNightMode=1; uiMode=17
10-10 05:10:01.975  1902  1954 I SmartPower: com.xiaomi.discover/10128(11400): idle->background(2528ms) R(broadcast start Intent { act=android.intent.action.BATTERY_CHANGED flg=0x60000010 (has extras) }) adj=905.
10-10 05:10:01.977  1902  1954 I SmartPower: com.android.chrome/10190(9035): idle->background(2530ms) R(broadcast start Intent { act=android.intent.action.BATTERY_CHANGED flg=0x60000010 (has extras) }) adj=900.
10-10 05:10:07.816  1902  1902 D UiModeManager: updateConfigurationLocked: mDockState=0; mCarMode=false; mCar=false; mPowerSave=false; mOverrideNightModeOn=false; mOverrideNightModeOff=false; mComputedNightMode=false; mNightMode=1; uiMode=17
10-10 05:13:38.674  1902  1902 D UiModeManager: updateConfigurationLocked: mDockState=0; mCarMode=false; mCar=false; mPowerSave=false; mOverrideNightModeOn=false; mOverrideNightModeOff=false; mComputedNightMode=false; mNightMode=1; uiMode=17
10-10 05:14:44.536  1902  1902 D UiModeManager: updateConfigurationLocked: mDockState=0; mCarMode=false; mCar=false; mPowerSave=false; mOverrideNightModeOn=false; mOverrideNightModeOff=false; mComputedNightMode=false; mNightMode=1; uiMode=17
10-10 05:14:52.203  1902 23257 I SmartPower: com.google.android.apps.messaging/10181(28276): idle->background(53011ms) R(content provider start ContentProviderRecord{f329b53 u0 com.google.android.apps.messaging/.shared.datamodel.provider.sharedstorage.SharedStorageProvider}) adj=200.
10-10 05:14:52.233  1902  1902 D UiModeManager: updateConfigurationLocked: mDockState=0; mCarMode=false; mCar=false; mPowerSave=false; mOverrideNightModeOn=false; mOverrideNightModeOff=false; mComputedNightMode=false; mNightMode=1; uiMode=17
10-10 05:14:52.366  1902  2620 I SmartPower: com.xiaomi.discover/10128(11400): background->idle(3003ms) R(broadcast start Intent { act=android.intent.action.BATTERY_CHANGED flg=0x60000010 (has extras) }) adj=905.
10-10 05:14:52.367  1902  2620 I SmartPower: com.android.chrome/10190(9035): background->idle(3001ms) R(broadcast start Intent { act=android.intent.action.BATTERY_CHANGED flg=0x60000010 (has extras) }) adj=900.
10-10 05:15:30.470  1902  2336 D AlarmManager: mBroadcastRefCount -> 1
10-10 05:15:30.476  1902  2336 D AlarmManager: mBroadcastRefCount -> 2
10-10 05:15:30.476  1902  2336 D AlarmManager: mBroadcastRefCount -> 3
10-10 05:15:30.480  1902  2336 D AlarmManager: mBroadcastRefCount -> 4
10-10 05:15:30.490  1902  2336 D AlarmManager: mBroadcastRefCount -> 5
10-10 05:15:30.493  1902  1902 D AlarmManager: mBroadcastRefCount -> 4
10-10 05:15:30.494  1902  1902 D AlarmManager: mPendingIntent -> null
10-10 05:15:30.494  1902  1902 D AlarmManager: mBroadcastRefCount -> 3
10-10 05:15:30.494  1902  1902 D AlarmManager: mPendingIntent -> null
10-10 05:15:30.497  1902  1902 D AlarmManager: mBroadcastRefCount -> 2
10-10 05:15:30.497  1902  1902 D AlarmManager: mPendingIntent -> PendingIntent{dddd89a: PendingIntentRecord{9055cb com.miui.powerkeeper startService}}
10-10 05:15:30.504  1902  1937 D Persistence: writeHistoricalOpsDLocked 9 ms.
10-10 05:15:30.507  1902  1902 D AlarmManager: mBroadcastRefCount -> 1
10-10 05:15:30.507  1902  1902 D AlarmManager: mPendingIntent -> PendingIntent{7e32c75: PendingIntentRecord{1971a6d com.xiaomi.xmsf broadcastIntent}}
10-10 05:15:30.524  1902  1902 D AlarmManager: mBroadcastRefCount -> 0
10-10 05:15:30.524  1902  1902 D AlarmManager: mPendingIntent -> PendingIntent{fffd57e: PendingIntentRecord{6e7adf android broadcastIntent}}
10-10 05:15:30.540  1902  1937 D Persistence: writeHistoricalOpsDLocked 13 ms.
10-10 05:15:30.542  1902  1902 D UiModeManager: updateConfigurationLocked: mDockState=0; mCarMode=false; mCar=false; mPowerSave=false; mOverrideNightModeOn=false; mOverrideNightModeOff=false; mComputedNightMode=false; mNightMode=1; uiMode=17
10-10 05:17:28.658  1902  1902 D UiModeManager: updateConfigurationLocked: mDockState=0; mCarMode=false; mCar=false; mPowerSave=false; mOverrideNightModeOn=false; mOverrideNightModeOff=false; mComputedNightMode=false; mNightMode=1; uiMode=17
10-10 05:19:56.825  1902  1902 D UiModeManager: updateConfigurationLocked: mDockState=0; mCarMode=false; mCar=false; mPowerSave=false; mOverrideNightModeOn=false; mOverrideNightModeOff=false; mComputedNightMode=false; mNightMode=1; uiMode=17
10-10 05:19:57.906  1902  1954 I SmartPower: com.xiaomi.discover/10128(11400): idle->background(2016ms) R(broadcast start Intent { act=android.intent.action.BATTERY_CHANGED flg=0x60000010 (has extras) }) adj=905.
10-10 05:19:57.907  1902  1954 I SmartPower: com.android.chrome/10190(9035): idle->background(2018ms) R(broadcast start Intent { act=android.intent.action.BATTERY_CHANGED flg=0x60000010 (has extras) }) adj=900.
10-10 05:19:57.967  1902  1902 D UiModeManager: updateConfigurationLocked: mDockState=0; mCarMode=false; mCar=false; mPowerSave=false; mOverrideNightModeOn=false; mOverrideNightModeOff=false; mComputedNightMode=false; mNightMode=1; uiMode=17
10-10 05:21:05.750  1902  1902 D UiModeManager: updateConfigurationLocked: mDockState=0; mCarMode=false; mCar=false; mPowerSave=false; mOverrideNightModeOn=false; mOverrideNightModeOff=false; mComputedNightMode=false; mNightMode=1; uiMode=17
10-10 05:21:06.053  1902  2620 I SmartPower: com.google.android.apps.messaging/10181(28276): background->idle(3002ms) R(content provider start ContentProviderRecord{f329b53 u0 com.google.android.apps.messaging/.shared.datamodel.provider.sharedstorage.SharedStorageProvider}) adj=200.
10-10 05:21:23.567  1902  1902 D UiModeManager: updateConfigurationLocked: mDockState=0; mCarMode=false; mCar=false; mPowerSave=false; mOverrideNightModeOn=false; mOverrideNightModeOff=false; mComputedNightMode=false; mNightMode=1; uiMode=17
10-10 05:21:23.612   691  2482 I keystore2: system/security/keystore2/src/watchdog.rs:319 - Watchdog thread idle -> terminating. Have a great day.
10-10 05:21:24.645  1902  2620 I SmartPower: com.xiaomi.discover/10128(11400): background->idle(3063ms) R(broadcast start Intent { act=android.intent.action.BATTERY_CHANGED flg=0x60000010 (has extras) }) adj=905.
10-10 05:21:24.649  1902  2620 I SmartPower: com.android.chrome/10190(9035): background->idle(3064ms) R(broadcast start Intent { act=android.intent.action.BATTERY_CHANGED flg=0x60000010 (has extras) }) adj=900.
10-10 05:21:24.739  1902  2329 W ProcessStats: Tracking association SourceState{b813b1d com.miui.securitycenter.remote/1000 Fgs #319081} whose proc state 3 is better than process ProcessState{3bbc40b com.miui.analytics/10101 pkg=com.miui.analytics} proc state 5 (50 skipped)
10-10 05:23:57.545  1902  1902 D UiModeManager: updateConfigurationLocked: mDockState=0; mCarMode=false; mCar=false; mPowerSave=false; mOverrideNightModeOn=false; mOverrideNightModeOff=false; mComputedNightMode=false; mNightMode=1; uiMode=17
10-10 05:23:57.767  1902  1902 D UiModeManager: updateConfigurationLocked: mDockState=0; mCarMode=false; mCar=false; mPowerSave=false; mOverrideNightModeOn=false; mOverrideNightModeOff=false; mComputedNightMode=false; mNightMode=1; uiMode=17
10-10 05:24:57.862  1902  1902 D UiModeManager: updateConfigurationLocked: mDockState=0; mCarMode=false; mCar=false; mPowerSave=false; mOverrideNightModeOn=false; mOverrideNightModeOff=false; mComputedNightMode=false; mNightMode=1; uiMode=17
10-10 05:25:29.495  1902  1954 I SmartPower: com.xiaomi.discover/10128(11400): idle->background(2716ms) R(broadcast start Intent { act=android.intent.action.BATTERY_CHANGED flg=0x60000010 (has extras) }) adj=905.
10-10 05:25:29.496  1902  1954 I SmartPower: com.android.chrome/10190(9035): idle->background(2713ms) R(broadcast start Intent { act=android.intent.action.BATTERY_CHANGED flg=0x60000010 (has extras) }) adj=900.
10-10 05:25:29.498  1902  2336 D AlarmManager: mBroadcastRefCount -> 1
10-10 05:25:29.514  1902  2336 D AlarmManager: mBroadcastRefCount -> 2
10-10 05:25:29.524  1902  2336 D AlarmManager: mBroadcastRefCount -> 3
10-10 05:25:29.532  1902  2336 D AlarmManager: mBroadcastRefCount -> 4
10-10 05:25:29.534  1902  1902 D AlarmManager: mBroadcastRefCount -> 3
10-10 05:25:29.534  1902  1902 D AlarmManager: mPendingIntent -> null
10-10 05:25:29.535  1902  1902 D AlarmManager: mBroadcastRefCount -> 2
10-10 05:25:29.535  1902  1902 D AlarmManager: mPendingIntent -> PendingIntent{dddd89a: PendingIntentRecord{9055cb com.miui.powerkeeper startService}}
10-10 05:25:29.535  1902  1902 D AlarmManager: mBroadcastRefCount -> 1
10-10 05:25:29.536  1902  1902 D AlarmManager: mPendingIntent -> PendingIntent{d0ec1c8: PendingIntentRecord{c249f82 com.miui.securitycenter startService}}
10-10 05:25:29.550  1902  1902 D AlarmManager: mBroadcastRefCount -> 0
10-10 05:25:29.550  1902  1902 D AlarmManager: mPendingIntent -> PendingIntent{be186: PendingIntentRecord{1971a6d com.xiaomi.xmsf broadcastIntent}}
10-10 05:28:47.081  1902  1902 D UiModeManager: updateConfigurationLocked: mDockState=0; mCarMode=false; mCar=false; mPowerSave=false; mOverrideNightModeOn=false; mOverrideNightModeOff=false; mComputedNightMode=false; mNightMode=1; uiMode=17
10-10 05:29:46.678  1902  1902 D UiModeManager: updateConfigurationLocked: mDockState=0; mCarMode=false; mCar=false; mPowerSave=false; mOverrideNightModeOn=false; mOverrideNightModeOff=false; mComputedNightMode=false; mNightMode=1; uiMode=17
10-10 05:29:51.384  1902  1902 D UiModeManager: updateConfigurationLocked: mDockState=0; mCarMode=false; mCar=false; mPowerSave=false; mOverrideNightModeOn=false; mOverrideNightModeOff=false; mComputedNightMode=false; mNightMode=1; uiMode=17
10-10 05:29:51.553  1902  1902 D UiModeManager: updateConfigurationLocked: mDockState=0; mCarMode=false; mCar=false; mPowerSave=false; mOverrideNightModeOn=false; mOverrideNightModeOff=false; mComputedNightMode=false; mNightMode=1; uiMode=17
10-10 05:29:56.509  1902  2620 I SmartPower: com.xiaomi.discover/10128(11400): background->idle(3016ms) R(broadcast start Intent { act=android.intent.action.BATTERY_CHANGED flg=0x60000010 (has extras) }) adj=905.
10-10 05:29:56.509  1902  2620 I SmartPower: com.android.chrome/10190(9035): background->idle(3016ms) R(broadcast start Intent { act=android.intent.action.BATTERY_CHANGED flg=0x60000010 (has extras) }) adj=900.
10-10 05:30:01.704  1902  1902 D UiModeManager: updateConfigurationLocked: mDockState=0; mCarMode=false; mCar=false; mPowerSave=false; mOverrideNightModeOn=false; mOverrideNightModeOff=false; mComputedNightMode=false; mNightMode=1; uiMode=17
10-10 05:35:19.538  1902  1902 D UiModeManager: updateConfigurationLocked: mDockState=0; mCarMode=false; mCar=false; mPowerSave=false; mOverrideNightModeOn=false; mOverrideNightModeOff=false; mComputedNightMode=false; mNightMode=1; uiMode=17
10-10 05:35:30.469  1902  1954 I SmartPower: com.xiaomi.discover/10128(11400): idle->background(3105ms) R(broadcast start Intent { act=android.intent.action.BATTERY_CHANGED flg=0x60000010 (has extras) }) adj=905.
10-10 05:35:30.471  1902  1954 I SmartPower: com.android.chrome/10190(9035): idle->background(3105ms) R(broadcast start Intent { act=android.intent.action.BATTERY_CHANGED flg=0x60000010 (has extras) }) adj=900.
10-10 05:35:30.473  1902  2336 D AlarmManager: mBroadcastRefCount -> 1
10-10 05:35:30.484  1902  2336 D AlarmManager: mBroadcastRefCount -> 2
10-10 05:35:30.485  1902  2336 D AlarmManager: mBroadcastRefCount -> 3
10-10 05:35:30.493  1902  2336 D AlarmManager: mBroadcastRefCount -> 4
10-10 05:35:30.495  1902  1902 D AlarmManager: mBroadcastRefCount -> 3
10-10 05:35:30.495  1902  1902 D AlarmManager: mPendingIntent -> null
10-10 05:35:30.496  1902  1902 D AlarmManager: mBroadcastRefCount -> 2
10-10 05:35:30.496  1902  1902 D AlarmManager: mPendingIntent -> null
10-10 05:35:30.497  1902  1902 D AlarmManager: mBroadcastRefCount -> 1
10-10 05:35:30.497  1902  1902 D AlarmManager: mPendingIntent -> PendingIntent{dddd89a: PendingIntentRecord{9055cb com.miui.powerkeeper startService}}
10-10 05:35:30.510  1902  1902 D AlarmManager: mBroadcastRefCount -> 0
10-10 05:35:30.510  1902  1902 D AlarmManager: mPendingIntent -> PendingIntent{1641337: PendingIntentRecord{1971a6d com.xiaomi.xmsf broadcastIntent}}
10-10 05:36:50.465  1902  2336 D AlarmManager: mBroadcastRefCount -> 1
10-10 05:36:50.477  1902  2336 D AlarmManager: mBroadcastRefCount -> 2
10-10 05:36:50.477  1902  2336 D AlarmManager: mBroadcastRefCount -> 3
10-10 05:36:50.478  1902  2336 D AlarmManager: mBroadcastRefCount -> 4
10-10 05:36:50.479  1902  1902 D AlarmManager: mBroadcastRefCount -> 3
10-10 05:36:50.479  1902  1902 D AlarmManager: mPendingIntent -> null
10-10 05:36:50.485  1902  1902 D AlarmManager: mBroadcastRefCount -> 2
10-10 05:36:50.485  1902  1902 D AlarmManager: mPendingIntent -> null
10-10 05:36:50.487  1902  2640 D AlarmManager: mBroadcastRefCount -> 1
10-10 05:36:50.488  1902  2640 D AlarmManager: mPendingIntent -> null
10-10 05:36:50.489  1902 23265 D AlarmManager: mBroadcastRefCount -> 0
10-10 05:36:50.489  1902 23265 D AlarmManager: mPendingIntent -> null
10-10 05:36:50.523  1902  1937 D Persistence: writeHistoricalOpsDLocked 15 ms.
10-10 05:36:50.543  1902  1902 D UiModeManager: updateConfigurationLocked: mDockState=0; mCarMode=false; mCar=false; mPowerSave=false; mOverrideNightModeOn=false; mOverrideNightModeOff=false; mComputedNightMode=false; mNightMode=1; uiMode=17
10-10 05:36:50.557  1902  1937 D Persistence: writeHistoricalOpsDLocked 8 ms.
10-10 05:36:50.713  1902  3401 W BpBinder: Slow Binder: BpBinder transact took 228 ms, interface=android.os.IStatsd, code=5 oneway=false
10-10 05:36:51.165  1902 23265 W GreezeManager: Slow Greezer: Receive frozen binder trans: dstUid=1000 dstPid=1902 callerUid=10190 callerPid=9035 callerTid=11710 delay=119ms oneway=false
10-10 05:36:51.167  1902 23265 W GreezeManager: Slow Greezer: Receive frozen binder trans: dstUid=1000 dstPid=628 callerUid=0 callerPid=2601 callerTid=2601 delay=121ms oneway=false
10-10 05:36:51.556  1902  2336 D AlarmManager: mBroadcastRefCount -> 1
10-10 05:36:51.562  1902  2775 D AlarmManager: mBroadcastRefCount -> 0
10-10 05:36:51.562  1902  2775 D AlarmManager: mPendingIntent -> null
10-10 05:36:51.587  1902  2620 I SmartPower: com.xiaomi.discover/10128(11400): background->idle(3002ms) R(broadcast start Intent { act=android.intent.action.BATTERY_CHANGED flg=0x60000010 (has extras) }) adj=905.
10-10 05:36:51.587  1902  2620 I SmartPower: com.android.chrome/10190(9035): background->idle(3001ms) R(broadcast start Intent { act=android.intent.action.BATTERY_CHANGED flg=0x60000010 (has extras) }) adj=900.
10-10 05:36:51.629  1902  2552 W ContextImpl: Calling a method in the system process without a qualified user: android.app.ContextImpl.sendStickyBroadcast:1637 com.android.server.wifi.ClientModeImpl.sendNetworkChangeBroadcast:3227 com.android.server.wifi.ClientModeImpl.lambda$sendNetworkChangeBroadcastWithCurrentState$14:3197 com.android.server.wifi.ClientModeImpl.$r8$lambda$q-j88Pjw4gROgoJFr8wBlBVbuJI:0 com.android.server.wifi.ClientModeImpl$$ExternalSyntheticLambda4.send:0 
10-10 05:36:51.679  1902  2667 D CompatibilityChangeReporter: Compat change id reported: 177438394; UID 1000; state: DISABLED
10-10 05:36:51.681  1902  2667 D CompatibilityChangeReporter: Compat change id reported: 135772972; UID 1000; state: DISABLED
10-10 05:36:51.681  1902  2667 D CompatibilityChangeReporter: Compat change id reported: 135754954; UID 1000; state: ENABLED
10-10 05:36:51.689  1902  2775 I SmartPower: com.google.android.apps.messaging/10181(28276): idle->background(14181ms) R(content provider start ContentProviderRecord{f329b53 u0 com.google.android.apps.messaging/.shared.datamodel.provider.sharedstorage.SharedStorageProvider}) adj=200.
10-10 05:36:51.719  1902  1955 I ActivityManager: Start proc 3416:com.android.settings:remote/1000 for content provider {com.android.settings/com.android.settings.wifi.WifiProvider} caller=android
10-10 05:36:51.769  1902 23161 I SmartPower: com.android.settings:remote/1000(3416): died->invisible(239664ms) R(process start ) adj=-10000.
10-10 05:36:51.773  1902 23161 D CompatibilityChangeReporter: Compat change id reported: 168419799; UID 1000; state: DISABLED
10-10 05:36:51.773  1902 23161 D CompatibilityChangeReporter: Compat change id reported: 273564678; UID 1000; state: DISABLED
10-10 05:36:52.015  1902  1958 I ExtM    : zram userate is low, no need to flush: 23
10-10 05:36:52.048  1902  2775 I ActivityManager: Flag disabled. Ignoring finishAttachApplication from uid: 1000. pid: 3416
10-10 05:36:52.128  1902  1958 I ExtM    : zram userate is low, no need to flush: 23
10-10 05:36:52.236  1902  1958 I ExtM    : zram userate is low, no need to flush: 23
10-10 05:36:56.871  1902  1902 D UiModeManager: updateConfigurationLocked: mDockState=0; mCarMode=false; mCar=false; mPowerSave=false; mOverrideNightModeOn=false; mOverrideNightModeOff=false; mComputedNightMode=false; mNightMode=1; uiMode=17
10-10 05:36:56.945  1902  2591 D MiuiBatteryServiceImpl: currenet connector temp = 215 Last currenet connector temp = 216
10-10 05:38:48.011  1902  1947 D HeapUsage Monitor: HeapAllocSize : 90MB; monitorSize : 500MB
10-10 05:38:48.050  1902  1902 D UiModeManager: updateConfigurationLocked: mDockState=0; mCarMode=false; mCar=false; mPowerSave=false; mOverrideNightModeOn=false; mOverrideNightModeOff=false; mComputedNightMode=false; mNightMode=1; uiMode=17
10-10 05:38:48.144  1902  2591 D MiuiBatteryServiceImpl: currenet connector temp = 216 Last currenet connector temp = 215
10-10 05:38:48.547  1902  1954 I SmartPower: com.xiaomi.discover/10128(11400): idle->background(2888ms) R(broadcast start Intent { act=android.intent.action.BATTERY_CHANGED flg=0x60000010 (has extras) }) adj=905.
10-10 05:38:48.548  1902  1954 I SmartPower: com.android.chrome/10190(9035): idle->background(2889ms) R(broadcast start Intent { act=android.intent.action.BATTERY_CHANGED flg=0x60000010 (has extras) }) adj=900.
10-10 05:38:48.765  1902  2620 I SmartPower: com.google.android.apps.messaging/10181(28276): background->idle(3004ms) R(content provider start ContentProviderRecord{f329b53 u0 com.google.android.apps.messaging/.shared.datamodel.provider.sharedstorage.SharedStorageProvider}) adj=200.
10-10 05:39:55.732  1902  1902 D UiModeManager: updateConfigurationLocked: mDockState=0; mCarMode=false; mCar=false; mPowerSave=false; mOverrideNightModeOn=false; mOverrideNightModeOff=false; mComputedNightMode=false; mNightMode=1; uiMode=17
10-10 05:40:30.473  1902  2336 D AlarmManager: mBroadcastRefCount -> 1
10-10 05:40:30.491  1902  2336 D AlarmManager: mBroadcastRefCount -> 2
10-10 05:40:30.509  1902  2336 D AlarmManager: mBroadcastRefCount -> 3
10-10 05:40:30.511  1902  2336 D AlarmManager: mBroadcastRefCount -> 4
10-10 05:40:30.516  1902  2336 W ProcessStats: Tracking association SourceState{b813b1d com.miui.securitycenter.remote/1000 Fgs #319107} whose proc state 3 is better than process ProcessState{3bbc40b com.miui.analytics/10101 pkg=com.miui.analytics} proc state 5 (26 skipped)
10-10 05:40:30.517  1902  2336 D AlarmManager: mBroadcastRefCount -> 5
10-10 05:40:30.526  1902  2336 D AlarmManager: mBroadcastRefCount -> 6
10-10 05:40:30.531  1902  2336 D AlarmManager: mBroadcastRefCount -> 7
10-10 05:40:30.535  1902  2336 D AlarmManager: mBroadcastRefCount -> 8
10-10 05:40:30.537  1902  1902 D AlarmManager: mBroadcastRefCount -> 7
10-10 05:40:30.537  1902  1902 D AlarmManager: mPendingIntent -> null
10-10 05:40:30.537  1902  1902 D AlarmManager: mBroadcastRefCount -> 6
10-10 05:40:30.537  1902  1902 D AlarmManager: mPendingIntent -> PendingIntent{e72c439: PendingIntentRecord{bbd1a7e com.miui.msa.global startService}}
10-10 05:40:30.537  1902  1902 D AlarmManager: mBroadcastRefCount -> 5
10-10 05:40:30.537  1902  1902 D AlarmManager: mPendingIntent -> PendingIntent{47483cb: PendingIntentRecord{fc627a8 com.miui.msa.global startService}}
10-10 05:40:30.539  1902 15926 D AlarmManager: mBroadcastRefCount -> 4
10-10 05:40:30.539  1902 15926 D AlarmManager: mPendingIntent -> null
10-10 05:40:30.540  1902  2771 I SmartPower: com.miui.home/10085(3001): idle->background(24946ms) R(content provider start ContentProviderRecord{e32c05d u0 com.miui.home/.launcher.LauncherProvider}) adj=100.
10-10 05:40:30.546  1902  1902 D AlarmManager: mBroadcastRefCount -> 3
10-10 05:40:30.546  1902  1902 D AlarmManager: mPendingIntent -> PendingIntent{67ece72: PendingIntentRecord{c1fbc44 com.miui.msa.global startService}}
10-10 05:40:30.547  1902  1902 D AlarmManager: mBroadcastRefCount -> 2
10-10 05:40:30.547  1902  1902 D AlarmManager: mPendingIntent -> PendingIntent{dddd89a: PendingIntentRecord{9055cb com.miui.powerkeeper startService}}
10-10 05:40:30.547  1902  1902 D AlarmManager: mBroadcastRefCount -> 1
10-10 05:40:30.547  1902  1902 D AlarmManager: mPendingIntent -> PendingIntent{d76362a: PendingIntentRecord{c249f82 com.miui.securitycenter startService}}
10-10 05:40:30.547  1902  1902 D AlarmManager: mBroadcastRefCount -> 0
10-10 05:40:30.547  1902  1902 D AlarmManager: mPendingIntent -> PendingIntent{fffd57e: PendingIntentRecord{6e7adf android broadcastIntent}}
10-10 05:40:30.562  1902  1902 D UiModeManager: updateConfigurationLocked: mDockState=0; mCarMode=false; mCar=false; mPowerSave=false; mOverrideNightModeOn=false; mOverrideNightModeOff=false; mComputedNightMode=false; mNightMode=1; uiMode=17
10-10 05:40:30.766 22918 24474 W BpBinder: Slow Binder: BpBinder transact took 230 ms, interface=com.android.internal.app.IBatteryStats, code=22 oneway=false
10-10 05:41:24.556  1902  1902 D UiModeManager: updateConfigurationLocked: mDockState=0; mCarMode=false; mCar=false; mPowerSave=false; mOverrideNightModeOn=false; mOverrideNightModeOff=false; mComputedNightMode=false; mNightMode=1; uiMode=17
10-10 05:42:28.475  1902  2620 I SmartPower: com.xiaomi.discover/10128(11400): background->idle(3115ms) R(broadcast start Intent { act=android.intent.action.BATTERY_CHANGED flg=0x60000010 (has extras) }) adj=905.
10-10 05:42:28.475  1902  2620 I SmartPower: com.android.chrome/10190(9035): background->idle(3115ms) R(broadcast start Intent { act=android.intent.action.BATTERY_CHANGED flg=0x60000010 (has extras) }) adj=900.
10-10 05:42:28.574  1902  1902 D UiModeManager: updateConfigurationLocked: mDockState=0; mCarMode=false; mCar=false; mPowerSave=false; mOverrideNightModeOn=false; mOverrideNightModeOff=false; mComputedNightMode=false; mNightMode=1; uiMode=17
10-10 05:43:32.973  1902  1902 D UiModeManager: updateConfigurationLocked: mDockState=0; mCarMode=false; mCar=false; mPowerSave=false; mOverrideNightModeOn=false; mOverrideNightModeOff=false; mComputedNightMode=false; mNightMode=1; uiMode=17
10-10 05:45:30.477  1902  2336 D AlarmManager: mBroadcastRefCount -> 1
10-10 05:45:30.506  1902  2336 D AlarmManager: mBroadcastRefCount -> 2
10-10 05:45:30.507  1902  1902 D AlarmManager: mBroadcastRefCount -> 1
10-10 05:45:30.507  1902  1902 D AlarmManager: mPendingIntent -> null
10-10 05:45:30.528  1902  1902 D AlarmManager: mBroadcastRefCount -> 0
10-10 05:45:30.528  1902  1902 D AlarmManager: mPendingIntent -> PendingIntent{acb6082: PendingIntentRecord{1971a6d com.xiaomi.xmsf broadcastIntent}}
10-10 05:45:30.580  1902  1902 D UiModeManager: updateConfigurationLocked: mDockState=0; mCarMode=false; mCar=false; mPowerSave=false; mOverrideNightModeOn=false; mOverrideNightModeOff=false; mComputedNightMode=false; mNightMode=1; uiMode=17
10-10 05:45:30.762  1902  2620 I SmartPower: com.miui.home/10085(3001): background->idle(3002ms) R(content provider start ContentProviderRecord{e32c05d u0 com.miui.home/.launcher.LauncherProvider}) adj=100.
10-10 05:45:39.557  1902  1902 D UiModeManager: updateConfigurationLocked: mDockState=0; mCarMode=false; mCar=false; mPowerSave=false; mOverrideNightModeOn=false; mOverrideNightModeOff=false; mComputedNightMode=false; mNightMode=1; uiMode=17
10-10 05:45:39.650  1902  2591 D MiuiBatteryServiceImpl: currenet connector temp = 215 Last currenet connector temp = 216
10-10 05:45:39.727  1902  1902 D UiModeManager: updateConfigurationLocked: mDockState=0; mCarMode=false; mCar=false; mPowerSave=false; mOverrideNightModeOn=false; mOverrideNightModeOff=false; mComputedNightMode=false; mNightMode=1; uiMode=17
10-10 05:47:15.929  1902  1902 D UiModeManager: updateConfigurationLocked: mDockState=0; mCarMode=false; mCar=false; mPowerSave=false; mOverrideNightModeOn=false; mOverrideNightModeOff=false; mComputedNightMode=false; mNightMode=1; uiMode=17
10-10 05:47:15.962  1902  2591 D MiuiBatteryServiceImpl: currenet connector temp = 216 Last currenet connector temp = 215
10-10 05:47:16.420  1902  1954 I SmartPower: com.xiaomi.discover/10128(11400): idle->background(2984ms) R(broadcast start Intent { act=android.intent.action.BATTERY_CHANGED flg=0x60000010 (has extras) }) adj=905.
10-10 05:47:16.423  1902  1954 I SmartPower: com.android.chrome/10190(9035): idle->background(2986ms) R(broadcast start Intent { act=android.intent.action.BATTERY_CHANGED flg=0x60000010 (has extras) }) adj=900.
10-10 05:50:52.126  1902  1902 D UiModeManager: updateConfigurationLocked: mDockState=0; mCarMode=false; mCar=false; mPowerSave=false; mOverrideNightModeOn=false; mOverrideNightModeOff=false; mComputedNightMode=false; mNightMode=1; uiMode=17
10-10 05:51:15.494  1902  2336 D AlarmManager: mBroadcastRefCount -> 1
10-10 05:51:15.522  1902  2336 D AlarmManager: mBroadcastRefCount -> 2
10-10 05:51:15.527  1902  2336 D AlarmManager: mBroadcastRefCount -> 3
10-10 05:51:15.552  1902  2336 D AlarmManager: mBroadcastRefCount -> 4
10-10 05:51:15.559  1902  2336 D AlarmManager: mBroadcastRefCount -> 5
10-10 05:51:15.563  1902  2336 D AlarmManager: mBroadcastRefCount -> 6
10-10 05:51:15.568  1902  2336 D AlarmManager: mBroadcastRefCount -> 7
10-10 05:51:15.571  1902  2336 D AlarmManager: mBroadcastRefCount -> 8
10-10 05:51:15.575  1902  2336 D AlarmManager: mBroadcastRefCount -> 9
10-10 05:51:15.577  1902  1902 D AlarmManager: mBroadcastRefCount -> 8
10-10 05:51:15.577  1902  1902 D AlarmManager: mPendingIntent -> null
10-10 05:51:15.578  1902  1902 D AlarmManager: mBroadcastRefCount -> 7
10-10 05:51:15.578  1902  1902 D AlarmManager: mPendingIntent -> null
10-10 05:51:15.578  1902  1902 D AlarmManager: mBroadcastRefCount -> 6
10-10 05:51:15.578  1902  1902 D AlarmManager: mPendingIntent -> PendingIntent{6569b94: PendingIntentRecord{ebf863d com.android.systemui broadcastIntent}}
10-10 05:51:15.579  1902  1902 D AlarmManager: mBroadcastRefCount -> 5
10-10 05:51:15.579  1902  1902 D AlarmManager: mPendingIntent -> PendingIntent{2a0ee32: PendingIntentRecord{9d625d2 com.android.systemui broadcastIntent}}
10-10 05:51:15.581  1902  1902 D AlarmManager: mBroadcastRefCount -> 4
10-10 05:51:15.581  1902  1902 D AlarmManager: mPendingIntent -> PendingIntent{6cbdd00: PendingIntentRecord{bc43cc com.android.systemui broadcastIntent}}
10-10 05:51:15.582  1902  1902 D AlarmManager: mBroadcastRefCount -> 3
10-10 05:51:15.582  1902  1902 D AlarmManager: mPendingIntent -> PendingIntent{234939: PendingIntentRecord{a6bbb7e com.android.systemui broadcastIntent}}
10-10 05:51:15.582  1902  1902 D AlarmManager: mBroadcastRefCount -> 2
10-10 05:51:15.582  1902  1902 D AlarmManager: mPendingIntent -> PendingIntent{47368df: PendingIntentRecord{f49d2a com.android.systemui broadcastIntent}}
10-10 05:51:15.583  1902  1902 D AlarmManager: mBroadcastRefCount -> 1
10-10 05:51:15.583  1902  1902 D AlarmManager: mPendingIntent -> PendingIntent{dddd89a: PendingIntentRecord{9055cb com.miui.powerkeeper startService}}
10-10 05:51:15.584  1902  1902 D AlarmManager: mBroadcastRefCount -> 0
10-10 05:51:15.584  1902  1902 D AlarmManager: mPendingIntent -> PendingIntent{a91c92c: PendingIntentRecord{77f6932 com.android.systemui broadcastIntent}}
10-10 05:51:15.594  1902  1902 D UiModeManager: updateConfigurationLocked: mDockState=0; mCarMode=false; mCar=false; mPowerSave=false; mOverrideNightModeOn=false; mOverrideNightModeOff=false; mComputedNightMode=false; mNightMode=1; uiMode=17
10-10 05:51:15.652  1902  2591 D MiuiBatteryServiceImpl: currenet connector temp = 215 Last currenet connector temp = 216
10-10 05:51:15.939  1902  2336 D AlarmManager: mBroadcastRefCount -> 1
10-10 05:51:15.967  1902  1902 D AlarmManager: mBroadcastRefCount -> 0
10-10 05:51:15.967  1902  1902 D AlarmManager: mPendingIntent -> PendingIntent{be84c18: PendingIntentRecord{ba7e671 com.android.systemui broadcastIntent}}
10-10 05:51:15.972  1902  2336 D AlarmManager: mBroadcastRefCount -> 1
10-10 05:51:15.978  1902  2336 D AlarmManager: mBroadcastRefCount -> 2
10-10 05:51:15.981  1902  2336 D AlarmManager: mBroadcastRefCount -> 3
10-10 05:51:15.988  1902  2336 E AlarmManager: Attempt to decrement existing alarm count 0 by 1 for uid 1000
10-10 05:51:15.990  1902  1902 D AlarmManager: mBroadcastRefCount -> 2
10-10 05:51:15.991  1902  1902 D AlarmManager: mPendingIntent -> PendingIntent{a4fb3fb: PendingIntentRecord{c0ffed0 com.android.systemui broadcastIntent}}
10-10 05:51:15.991  1902  1902 D AlarmManager: mBroadcastRefCount -> 1
10-10 05:51:15.992  1902  1902 D AlarmManager: mPendingIntent -> PendingIntent{58d47e2: PendingIntentRecord{554b9ce com.android.systemui broadcastIntent}}
10-10 05:51:15.992  1902  1902 D AlarmManager: mBroadcastRefCount -> 0
10-10 05:51:15.992  1902  1902 D AlarmManager: mPendingIntent -> PendingIntent{3daa773: PendingIntentRecord{bbe37fc com.android.systemui broadcastIntent}}
10-10 05:51:17.443  1902  2620 I SmartPower: com.xiaomi.discover/10128(11400): background->idle(3007ms) R(broadcast start Intent { act=android.intent.action.BATTERY_CHANGED flg=0x60000010 (has extras) }) adj=905.
10-10 05:51:17.444  1902  2620 I SmartPower: com.android.chrome/10190(9035): background->idle(3005ms) R(broadcast start Intent { act=android.intent.action.BATTERY_CHANGED flg=0x60000010 (has extras) }) adj=900.
10-10 05:53:29.539  1902  1902 D UiModeManager: updateConfigurationLocked: mDockState=0; mCarMode=false; mCar=false; mPowerSave=false; mOverrideNightModeOn=false; mOverrideNightModeOff=false; mComputedNightMode=false; mNightMode=1; uiMode=17
10-10 05:53:29.642  1902  2591 D MiuiBatteryServiceImpl: currenet connector temp = 216 Last currenet connector temp = 215
10-10 05:54:34.768  1902  1902 D UiModeManager: updateConfigurationLocked: mDockState=0; mCarMode=false; mCar=false; mPowerSave=false; mOverrideNightModeOn=false; mOverrideNightModeOff=false; mComputedNightMode=false; mNightMode=1; uiMode=17
10-10 05:54:34.850  1902  2591 D MiuiBatteryServiceImpl: currenet connector temp = 215 Last currenet connector temp = 216
10-10 05:54:34.923  1902  1902 D UiModeManager: updateConfigurationLocked: mDockState=0; mCarMode=false; mCar=false; mPowerSave=false; mOverrideNightModeOn=false; mOverrideNightModeOff=false; mComputedNightMode=false; mNightMode=1; uiMode=17
10-10 05:55:29.491  1902  2336 D AlarmManager: mBroadcastRefCount -> 1
10-10 05:55:29.519  1902  1954 I SmartPower: com.xiaomi.discover/10128(11400): idle->background(2421ms) R(broadcast start Intent { act=android.intent.action.BATTERY_CHANGED flg=0x60000010 (has extras) }) adj=905.
10-10 05:55:29.522  1902  1954 I SmartPower: com.android.chrome/10190(9035): idle->background(2423ms) R(broadcast start Intent { act=android.intent.action.BATTERY_CHANGED flg=0x60000010 (has extras) }) adj=900.
10-10 05:55:29.524  1902  2336 D AlarmManager: mBroadcastRefCount -> 2
10-10 05:55:29.527  1902  1902 D AlarmManager: mBroadcastRefCount -> 1
10-10 05:55:29.527  1902  1902 D AlarmManager: mPendingIntent -> null
10-10 05:55:29.545  1902  1902 D AlarmManager: mBroadcastRefCount -> 0
10-10 05:55:29.545  1902  1902 D AlarmManager: mPendingIntent -> PendingIntent{492eb48: PendingIntentRecord{1971a6d com.xiaomi.xmsf broadcastIntent}}
10-10 05:55:29.562  1902  1902 D UiModeManager: updateConfigurationLocked: mDockState=0; mCarMode=false; mCar=false; mPowerSave=false; mOverrideNightModeOn=false; mOverrideNightModeOff=false; mComputedNightMode=false; mNightMode=1; uiMode=17
10-10 05:55:29.623   691  3509 I keystore2: system/security/keystore2/src/watchdog.rs:319 - Watchdog thread idle -> terminating. Have a great day.
