10-13 11:58:28.486  1902  1939 W WindowManager: 	at android.view.Choreographer.doFrame(Choreographer.java:1104)
10-13 11:58:28.486  1902  1939 W WindowManager: 	at android.view.Choreographer$FrameDisplayEventReceiver.run(Choreographer.java:1731)
10-13 11:58:28.486  1902  1939 W WindowManager: 	at android.os.Handler.handleCallback(Handler.java:958)
10-13 11:58:28.486  1902  1939 W WindowManager: 	at android.os.Handler.dispatchMessage(Handler.java:99)
10-13 11:58:28.486  1902  1939 W WindowManager: 	at android.os.Looper.loopOnce(Looper.java:222)
10-13 11:58:28.486  1902  1939 W WindowManager: 	at android.os.Looper.loop(Looper.java:314)
10-13 11:58:28.486  1902  1939 W WindowManager: 	at android.os.HandlerThread.run(HandlerThread.java:67)
10-13 11:58:28.486  1902  1939 W WindowManager: 	at com.android.server.ServiceThread.run(ServiceThread.java:46)
10-13 11:58:28.533  1902  2776 W WindowManager: finishDrawingWindow: Window{75116e2 u0 com.android.chrome/org.chromium.chrome.browser.ChromeTabbedActivity} mDrawState=DRAW_PENDING
10-13 11:58:28.534  1902  2776 D WindowManager: wms.finishDrawingLocked: mDrawState=COMMIT_DRAW_PENDING Window{75116e2 u0 com.android.chrome/org.chromium.chrome.browser.ChromeTabbedActivity} in Surface(name=com.android.chrome/org.chromium.chrome.browser.ChromeTabbedActivity#28300)/@0xad4d5b0
10-13 11:58:28.535  1902  1939 I SmartPower: com.android.chrome/10190(9617): invisible->visible(166ms) R(become visible) adj=101.
10-13 11:58:28.536  1902  2620 I SmartPower: com.google.android.adservices.api/10307(31554): idle->background(6243ms) R(add to whitelist) adj=100.
10-13 11:58:28.536  1902  1939 W WindowManager: real show surface:Surface(name=com.android.chrome/org.chromium.chrome.browser.ChromeTabbedActivity#28300)/@0xad4d5b0
10-13 11:58:28.536  1902  2620 I SmartPower: com.android.chrome:sandboxed_process0:org.chromium.content.app.SandboxedProcessSeridle->background(5516ms) R(add to whitelist) adj=200.
10-13 11:58:28.536  1902  1939 D WindowManager: Final targets: [Task{632ab76 #764 type=standard A=10390:eu.europa.ec.euidi}, Task{d2e973b #756 type=standard A=10190:com.android.chrome}]
10-13 11:58:28.536  1902  2620 I SmartPower: com.android.chrome:sandboxed_process0:org.chromium.content.app.SandboxedProcessSeridle->background(5516ms) R(add to whitelist) adj=200.
10-13 11:58:28.536  1902  2620 I SmartPower: com.android.chrome:sandboxed_process0:org.chromium.content.app.SandboxedProcessSeridle->background(8453ms) R(add to whitelist) adj=200.
10-13 11:58:28.536  1902  2620 I SmartPower: com.android.chrome:sandboxed_process0:org.chromium.content.app.SandboxedProcessSeridle->background(8454ms) R(add to whitelist) adj=900.
10-13 11:58:28.536  1902  2620 I SmartPower: com.android.chrome:sandboxed_process0:org.chromium.content.app.SandboxedProcessSeridle->background(6697ms) R(add to whitelist) adj=101.
10-13 11:58:28.549  1902  1939 D WindowManager: snapshot isNothing = false source = Task{632ab76 #764 type=standard A=10390:eu.europa.ec.euidi}
10-13 11:58:28.551  1902  1939 D WindowManager: Calling onTransitionReady info={id=1670 t=CLOSE f=0x0 trk=0 r=[0@Point(0, 0)] c=[{WCT{RemoteToken{9a6b6b2 Task{632ab76 #764 type=standard A=10390:eu.europa.ec.euidi}}} m=CLOSE f=NONE leash=Surface(name=Task=764#28273)/@0x1645a67 sb=Rect(0, 0 - 1080, 2400) eb=Rect(0, 0 - 1080, 2400) d=0},{WCT{RemoteToken{138c691 Task{d2e973b #756 type=standard A=10190:com.android.chrome}}} m=TO_FRONT f=NONE leash=Surface(name=Task=756#27929)/@0xa07a52a sb=Rect(0, 0 - 1080, 2400) eb=Rect(0, 0 - 1080, 2400) d=0}] noAni=[false] df=[false] mk=[true] nc=[0] oa=[false]}, mToken=Token{49c90e3 TransitionRecord{931b511 id=1670 type=CLOSE flags=0x0}}
10-13 11:58:28.551  1902  1939 I BLASTSyncEngine: finishNow: after onTransactionReady, mSyncId=1670
10-13 11:58:28.555  2983  3075 D MiuiFreeformAnimation: startAnimation change: {WCT{android.window.IWindowContainerToken$Stub$Proxy@eda1794} m=CLOSE f=NONE leash=Surface(name=Task=764#28273)/@0xb3a4701 sb=Rect(0, 0 - 1080, 2400) eb=Rect(0, 0 - 1080, 2400) d=0} info.getType(): 2
10-13 11:58:28.555  2983  3075 D MiuiFreeformAnimation: startAnimation change: {WCT{android.window.IWindowContainerToken$Stub$Proxy@683523d} m=TO_FRONT f=NONE leash=Surface(name=Task=756#27929)/@0x538b9a6 sb=Rect(0, 0 - 1080, 2400) eb=Rect(0, 0 - 1080, 2400) d=0} info.getType(): 2
10-13 11:58:28.555  2983  3075 I MiuiFreeformAnimation: isLaunchWidgetPicker=false,taskInfo.getWindowingMode()=1, taskInfo.getActivityType()=1
10-13 11:58:28.556  2983  3075 W MiuiTaskTransitionHandler: Receive an unknown transition, token=android.os.BinderProxy@c575e0b, type=2
10-13 11:58:28.557  2983  3075 D TransitionAnimationHelper:  load default animation  type = 2 enter = true animAttr = 10 isTask = true translucent = false
10-13 11:58:28.558  2983  3075 D TransitionAnimationHelper:  load default animation  type = 2 enter = false animAttr = 11 isTask = true translucent = false
10-13 11:58:28.559  2983  3092 D ShellTransitions: speed ui!!!!!!!!!!!
10-13 11:58:28.560  2983  3075 D MiuiFullScreenTaskRepository: addOrUpdateFullScreenTaskInfo taskId=756, topActivity=ComponentInfo{com.android.chrome/org.chromium.chrome.browser.ChromeTabbedActivity}
10-13 11:58:28.570  2983  3075 D SoScUtils: monitorTransitionFinished transition:android.os.BinderProxy@c575e0b transaction: android.view.SurfaceControl$Transaction@6ffdffb mRequestCloseTransition:null mRequestOpenTransition:null mPairsOpenTransition:null mPairsOpenTransitionNull:null mRequestOpenTriggerTask:-1 mRequestCloseTriggerTask:-1 mOrientationTransition: null mMainStartingTask:-1 mSideStartingTask:-1
10-13 11:58:28.572  1902 23179 W PackageConfigPersister: App-specific configuration not found for packageName: com.android.chrome and userId: 0
10-13 11:58:28.572  1902  2776 I WindowManager: cancelAnimation removed leash : Surface(name=Surface(name=6a76de5 InputMethod#123)/@0xf2bd99 - animation-leash of insets_animation#28299)/@0xcb863d9
10-13 11:58:28.577  1902  2304 W WindowManager: Exception thrown during dispatchAppVisibility Window{6446786 u0 eu.europa.ec.euidi/eu.europa.ec.assemblylogic.ui.MainActivity EXITING}
10-13 11:58:28.577  1902  2304 W WindowManager: android.os.DeadObjectException
10-13 11:58:28.577  1902  2304 W WindowManager: 	at android.os.BinderProxy.transactNative(Native Method)
10-13 11:58:28.577  1902  2304 W WindowManager: 	at android.os.BinderProxy.transact(BinderProxy.java:639)
10-13 11:58:28.577  1902  2304 W WindowManager: 	at android.view.IWindow$Stub$Proxy.dispatchAppVisibility(IWindow.java:673)
10-13 11:58:28.577  1902  2304 W WindowManager: 	at com.android.server.wm.WindowState.sendAppVisibilityToClients(WindowState.java:3575)
10-13 11:58:28.577  1902  2304 W WindowManager: 	at com.android.server.wm.WindowContainer.sendAppVisibilityToClients(WindowContainer.java:1311)
10-13 11:58:28.577  1902  2304 W WindowManager: 	at com.android.server.wm.WindowToken.setClientVisible(WindowToken.java:420)
10-13 11:58:28.577  1902  2304 W WindowManager: 	at com.android.server.wm.ActivityRecord.setClientVisible(ActivityRecord.java:8042)
10-13 11:58:28.577  1902  2304 W WindowManager: 	at com.android.server.wm.ActivityRecord.postApplyAnimation(ActivityRecord.java:6610)
10-13 11:58:28.577  1902  2304 W WindowManager: 	at com.android.server.wm.ActivityRecord.commitVisibility(ActivityRecord.java:6552)
10-13 11:58:28.577  1902  2304 W WindowManager: 	at com.android.server.wm.Transition.finishTransition(Transition.java:1369)
10-13 11:58:28.577  1902  2304 W WindowManager: 	at com.android.server.wm.TransitionController.finishTransition(TransitionController.java:1061)
10-13 11:58:28.577  1902  2304 W WindowManager: 	at com.android.server.wm.WindowOrganizerController.finishTransition(WindowOrganizerController.java:471)
10-13 11:58:28.577  1902  2304 W WindowManager: 	at android.window.IWindowOrganizerController$Stub.onTransact(IWindowOrganizerController.java:321)
10-13 11:58:28.577  1902  2304 W WindowManager: 	at com.android.server.wm.WindowOrganizerController.onTransact(WindowOrganizerController.java:211)
10-13 11:58:28.577  1902  2304 W WindowManager: 	at android.os.Binder.execTransactInternal(Binder.java:1351)
10-13 11:58:28.577  1902  2304 W WindowManager: 	at android.os.Binder.execTransact(Binder.java:1282)
10-13 11:58:28.577  1902  2304 W WindowManager: The process may be dead, tid:11271,tgid:-1
10-13 11:58:28.587  1902  2304 W WindowManager: Failed to deliver inset control state change to w=Window{6446786 u0 eu.europa.ec.euidi/eu.europa.ec.assemblylogic.ui.MainActivity EXITING}
10-13 11:58:28.587  1902  2304 W WindowManager: android.os.DeadObjectException
10-13 11:58:28.587  1902  2304 W WindowManager: 	at android.os.BinderProxy.transactNative(Native Method)
10-13 11:58:28.587  1902  2304 W WindowManager: 	at android.os.BinderProxy.transact(BinderProxy.java:639)
10-13 11:58:28.587  1902  2304 W WindowManager: 	at android.view.IWindow$Stub$Proxy.insetsControlChanged(IWindow.java:606)
10-13 11:58:28.587  1902  2304 W WindowManager: 	at com.android.server.wm.WindowState.notifyInsetsControlChanged(WindowState.java:4238)
10-13 11:58:28.587  1902  2304 W WindowManager: 	at com.android.server.wm.InsetsStateController.lambda$notifyPendingInsetsControlChanged$3(InsetsStateController.java:343)
10-13 11:58:28.587  1902  2304 W WindowManager: 	at com.android.server.wm.InsetsStateController.$r8$lambda$8yykPRG1GyNq_J17QvL9d5xANMc(Unknown Source:0)
10-13 11:58:28.587  1902  2304 W WindowManager: 	at com.android.server.wm.InsetsStateController$$ExternalSyntheticLambda2.run(Unknown Source:2)
10-13 11:58:28.587  1902  2304 W WindowManager: 	at com.android.server.wm.WindowAnimator.executeAfterPrepareSurfacesRunnables(WindowAnimator.java:309)
10-13 11:58:28.587  1902  2304 W WindowManager: 	at com.android.server.wm.RootWindowContainer.performSurfacePlacementNoTrace(RootWindowContainer.java:921)
10-13 11:58:28.587  1902  2304 W WindowManager: 	at com.android.server.wm.RootWindowContainer.performSurfacePlacement(RootWindowContainer.java:863)
10-13 11:58:28.587  1902  2304 W WindowManager: 	at com.android.server.wm.WindowSurfacePlacer.performSurfacePlacementLoop(WindowSurfacePlacer.java:200)
10-13 11:58:28.587  1902  2304 W WindowManager: 	at com.android.server.wm.WindowSurfacePlacer.performSurfacePlacement(WindowSurfacePlacer.java:149)
10-13 11:58:28.587  1902  2304 W WindowManager: 	at com.android.server.wm.WindowSurfacePlacer.performSurfacePlacement(WindowSurfacePlacer.java:138)
10-13 11:58:28.587  1902  2304 W WindowManager: 	at com.android.server.wm.WindowState.setupWindowForRemoveOnExit(WindowState.java:2748)
10-13 11:58:28.587  1902  2304 W WindowManager: 	at com.android.server.wm.WindowState.removeIfPossible(WindowState.java:2708)
10-13 11:58:28.587  1902  2304 W WindowManager: 	at com.android.server.wm.WindowToken.removeAllWindowsIfPossible(WindowToken.java:260)
10-13 11:58:28.587  1902  2304 W WindowManager: 	at com.android.server.wm.ActivityRecord.removeIfPossible(ActivityRecord.java:5061)
10-13 11:58:28.587  1902  2304 W WindowManager: 	at com.android.server.wm.ActivityRecord.handleCompleteDeferredRemoval(ActivityRecord.java:5068)
10-13 11:58:28.587  1902  2304 W WindowManager: 	at com.android.server.wm.WindowContainer.handleCompleteDeferredRemoval(WindowContainer.java:1496)
10-13 11:58:28.587  1902  2304 W WindowManager: 	at com.android.server.wm.TaskFragment.handleCompleteDeferredRemoval(TaskFragment.java:3187)
10-13 11:58:28.587  1902  2304 W WindowManager: 	at com.android.server.wm.WindowContainer.handleCompleteDeferredRemoval(WindowContainer.java:1496)
10-13 11:58:28.587  1902  2304 W WindowManager: 	at com.android.server.wm.WindowContainer.handleCompleteDeferredRemoval(WindowContainer.java:1496)
10-13 11:58:28.587  1902  2304 W WindowManager: 	at com.android.server.wm.WindowContainer.handleCompleteDeferredRemoval(WindowContainer.java:1496)
10-13 11:58:28.587  1902  2304 W WindowManager: 	at com.android.server.wm.WindowContainer.handleCompleteDeferredRemoval(WindowContainer.java:1496)
10-13 11:58:28.587  1902  2304 W WindowManager: 	at com.android.server.wm.WindowContainer.handleCompleteDeferredRemoval(WindowContainer.java:1496)
10-13 11:58:28.587  1902  2304 W WindowManager: 	at com.android.server.wm.WindowContainer.handleCompleteDeferredRemoval(WindowContainer.java:1496)
10-13 11:58:28.587  1902  2304 W WindowManager: 	at com.android.server.wm.DisplayContent.handleCompleteDeferredRemoval(DisplayContent.java:3803)
10-13 11:58:28.587  1902  2304 W WindowManager: 	at com.android.server.wm.Transition.finishTransition(Transition.java:1552)
10-13 11:58:28.587  1902  2304 W WindowManager: 	at com.android.server.wm.TransitionController.finishTransition(TransitionController.java:1061)
10-13 11:58:28.587  1902  2304 W WindowManager: 	at com.android.server.wm.WindowOrganizerController.finishTransition(WindowOrganizerController.java:471)
10-13 11:58:28.587  1902  2304 W WindowManager: 	at android.window.IWindowOrganizerController$Stub.onTransact(IWindowOrganizerController.java:321)
10-13 11:58:28.587  1902  2304 W WindowManager: 	at com.android.server.wm.WindowOrganizerController.onTransact(WindowOrganizerController.java:211)
10-13 11:58:28.587  1902  2304 W WindowManager: 	at android.os.Binder.execTransactInternal(Binder.java:1351)
10-13 11:58:28.587  1902  2304 W WindowManager: 	at android.os.Binder.execTransact(Binder.java:1282)
10-13 11:58:28.588  1902  2304 D WindowManager: setParent old=ActivityRecord{e209e11 u0 eu.europa.ec.euidi/eu.europa.ec.assemblylogic.ui.MainActivity t764 f}},new=null,this window=Window{6446786 u0 eu.europa.ec.euidi/eu.europa.ec.assemblylogic.ui.MainActivity EXITING},callers=com.android.server.wm.WindowContainer.removeChild:840 com.android.server.wm.ActivityRecord.removeChild:5227 com.android.server.wm.ActivityRecord.removeChild:470 com.android.server.wm.WindowContainer.removeImmediately:898 com.android.server.wm.WindowState.removeImmediately:2538 com.android.server.wm.WindowState.removeIfPossible:2719 
10-13 11:58:28.593  1902  2304 D WindowManager: setParent old=Task{632ab76 #764 type=standard A=10390:eu.europa.ec.euidi},new=null,this window=ActivityRecord{e209e11 u0 eu.europa.ec.euidi/eu.europa.ec.assemblylogic.ui.MainActivity t764 f}},callers=com.android.server.wm.WindowContainer.removeChild:840 com.android.server.wm.TaskFragment.removeChild:3119 com.android.server.wm.Task.removeChild:1822 com.android.server.wm.Task.removeChild:1802 com.android.server.wm.WindowContainer.removeImmediately:898 com.android.server.wm.WindowToken.removeImmediately:376 
10-13 11:58:28.596  1902  2304 D WindowManager: setParent old=DefaultTaskDisplayArea@126197207,new=null,this window=Task{632ab76 #764 type=standard A=10390:eu.europa.ec.euidi},callers=com.android.server.wm.WindowContainer.removeChild:840 com.android.server.wm.TaskDisplayArea.removeChildTask:359 com.android.server.wm.TaskDisplayArea.removeChild:350 com.android.server.wm.WindowContainer.removeImmediately:898 com.android.server.wm.TaskFragment.removeImmediately:3203 com.android.server.wm.Task.removeImmediately:3222 
10-13 11:58:28.598  2983  3075 D MiuiFullScreenTaskRepository: addOrUpdateFullScreenTaskInfo taskId=764, topActivity=null
10-13 11:58:28.598  1902  1939 W ActivityTaskManager: Can't find TaskDisplayArea to determine support for multi window. Task id=764 attached=false
10-13 11:58:28.599  2983  3075 D MiuiFullScreenTaskRepository: removeFullScreenTask taskId=764, topActivity=null
10-13 11:58:28.599  2983  3075 D MiuiWindowDecorViewModel: destroyWindowDecoration: taskId=764, windowingMode=1, mWindowDecorByTaskId.size()=0, callers=com.android.wm.shell.fullscreen.FullscreenTaskListener.onTaskVanished:143 com.android.wm.shell.ShellTaskOrganizer.onTaskVanished:138 android.window.TaskOrganizer$1.lambda$onTaskVanished$6:398 android.window.TaskOrganizer$1.$r8$lambda$z23H3L3GZav04D10kA3vkevrglg:0 android.window.TaskOrganizer$1$$ExternalSyntheticLambda14.run:4 
10-13 11:58:28.599  1902  1938 W ActivityManager: setHasOverlayUi called on unknown pid: 11271
10-13 11:58:28.858  1902  2774 D WindowManager: setParent old=Leaf:29:31@255176654,new=null,this window=WindowToken{dac4778 type=2032 android.os.Binder@cc300db},callers=com.android.server.wm.WindowContainer.removeChild:840 com.android.server.wm.WindowContainer.removeImmediately:898 com.android.server.wm.WindowToken.setExiting:272 com.android.server.wm.DisplayContent.removeWindowToken:1666 com.android.server.wm.WindowManagerService.removeWindowToken:3428 com.android.server.wm.WindowManagerService$LocalService.removeWindowToken:8816 
10-13 11:58:28.859  1902  2774 W WindowMagnificationMgr: requestConnection duplicated request: connect=false, mConnectionState=DISCONNECTED
10-13 11:58:28.860  1902  2774 D AccessibilityManagerService: restoreCurrentUserForTestAutomationIfNeededLocked(): ignoring because device doesn't support visible background users
10-13 11:58:28.861  1902 23179 I ActivityManager: Force stopping io.appium.uiautomator2.server appid=10378 user=0: finished inst
10-13 11:58:28.862  1902 23179 E ActivityManager: Unable to freeze binder for 10897: java.lang.RuntimeException: Unable to freeze/unfreeze binder
10-13 11:58:28.862  1902 23179 I ActivityManager: Killing 10897:io.appium.uiautomator2.server/u0a378 (adj 0): stop io.appium.uiautomator2.server due to finished inst
10-13 11:58:28.863  1902  1936 D DisplayManagerService: Drop pending events for gone uid 10378
10-13 11:58:28.863  1902  2611 E ProcessManager: error write exception log
10-13 11:58:28.866  1902  1938 D SettingsProvider: name:animator_duration_scale has changed to 0.0, because android android.provider.Settings$NameValueCache.putStringForUser:3162 android.provider.Settings$Global.putStringForUser:17046 android.provider.Settings$Global.putString:16887 android.provider.Settings$Global.putFloat:17236 com.android.server.wm.WindowManagerService$H.handleMessage:6151 android.os.Handler.dispatchMessage:106 android.os.Looper.loopOnce:222 android.os.Looper.loop:314 android.os.HandlerThread.run:67 com.android.server.ServiceThread.run:46 
10-13 11:58:28.875  1902  1902 D BatterySaverPolicy: accessibility changed to false, updating policy.
10-13 11:58:28.889  1902  1954 I SmartPower: com.google.android.videos/10312(19398): idle->background(9300ms) R(broadcast start Intent { act=android.intent.action.PACKAGE_RESTARTED dat=package: flg=0x10 (has extras) }) adj=905.
10-13 11:58:31.009  1556  1556 I wificond: station_bandwidth: 
10-13 11:58:31.516  1902  1938 I DisplayDeviceRepository: Display device changed: DisplayDeviceInfo{"Built-in Screen": uniqueId="local:4627039422300187648", 1080 x 2400, modeId 1, renderFrameRate 60.0, defaultModeId 2, supportedModes [{id=1, width=1080, height=2400, fps=60.0, alternativeRefreshRates=[30.000002, 90.0, 120.00001], supportedHdrTypes=[1, 2, 3, 4]}, {id=2, width=1080, height=2400, fps=120.00001, alternativeRefreshRates=[30.000002, 60.0, 90.0], supportedHdrTypes=[1, 2, 3, 4]}, {id=3, width=1080, height=2400, fps=90.0, alternativeRefreshRates=[30.000002, 60.0, 120.00001], supportedHdrTypes=[1, 2, 3, 4]}, {id=4, width=1080, height=2400, fps=30.000002, alternativeRefreshRates=[60.0, 90.0, 120.00001], supportedHdrTypes=[1, 2, 3, 4]}], colorMode 0, supportedColorModes [0, 7, 9], hdrCapabilities HdrCapabilities{mSupportedHdrTypes=[1, 2, 3, 4], mMaxLuminance=500.0, mMaxAverageLuminance=500.0, mMinLuminance=0.0}, allmSupported false, gameContentTypeSupported false, density 440, 394.409 x 394.409 dpi, appVsyncOff 2400001, presDeadline 28600000, cutout DisplayCutout{insets=Rect(0, 94 - 0, 0) waterfall=Insets{left=0, top=0, right=0, bottom=0} boundingRect={Bounds=[Rect(0, 0 - 0, 0), Rect(512, 0 - 568, 94), Rect(0, 0 - 0, 0), Rect(0, 0 - 0, 0)]} cutoutPathParserInfo={CutoutPathParserInfo{displayWidth=1080 displayHeight=2400 physicalDisplayWidth=1080 physicalDisplayHeight=2400 density={2.75} cutoutSpec={M 0,0 H -28 V 94 H 28 V 0 H 0 Z} rotation={0} scale={1.0} physicalPixelDisplaySizeRatio={1.0}}}}, touch INTERNAL, rotation 0, type INTERNAL, address {port=0, model=0x40368bd6e7ee6c}, deviceProductInfo DeviceProductInfo{name=MTKDEV, manufacturerPnpId=MTK, productId=35638, modelYear=null, manufactureDate=ManufactureDate{week=42, year=2021}, connectionToSinkType=0}, state ON, committedState ON, frameRateOverride , brightnessMinimum 0.0, brightnessMaximum 1.0, brightnessDefault 0.07496032, hdrSdrRatio NaN, roundedCorners RoundedCorners{[RoundedCorner{position=TopLeft, radius=70, center=Point(70, 70)}, RoundedCorner{position=TopRight, radius=70, center=Point(1010, 70)}, RoundedCorner{position=BottomRight, radius=70, center=Point(1010, 2330)}, RoundedCorner{position=BottomLeft, radius=70, center=Point(70, 2330)}]}, FLAG_ALLOWED_TO_BE_DEFAULT_DISPLAY, FLAG_ROTATES_WITH_CONTENT, FLAG_SECURE, FLAG_SUPPORTS_PROTECTED_BUFFERS, FLAG_TRUSTED, installOrientation 0, displayShape DisplayShape{ spec=-1893857183 displayWidth=1080 displayHeight=2400 physicalPixelDisplaySizeRatio=1.0 rotation=0 offsetX=0 offsetY=0 scale=1.0}}
10-13 11:58:31.519  1902  1938 D TAG     : Remove previously redundant display event 0/2 to 10312/19398
10-13 11:58:31.519  1902  1938 D TAG     : Remove previously redundant display event 0/2 to 10243/20954
10-13 11:58:31.519  1902  1938 D TAG     : Remove previously redundant display event 0/2 to 10132/21612
10-13 11:58:31.519  1902  1938 D TAG     : Remove previously redundant display event 0/2 to 10321/21803
10-13 11:58:31.520  1902  1938 D TAG     : Remove previously redundant display event 0/2 to 6101/30565
10-13 11:58:31.520  1902  2776 D CompatibilityChangeReporter: Compat change id reported: 170503758; UID 10190; state: ENABLED
10-13 11:58:31.840  1902  1947 D HeapUsage Monitor: HeapAllocSize : 81MB; monitorSize : 500MB
10-13 11:58:31.890  1902  2620 I SmartPower: com.google.android.videos/10312(19398): background->idle(3001ms) R(broadcast start Intent { act=android.intent.action.PACKAGE_RESTARTED dat=package: flg=0x10 (has extras) }) adj=905.
10-13 11:58:32.673  1902 22706 D PackageParserImpl: dump dex file,file message: base.vdex: 6507Kb 
10-13 11:58:32.760  1902 22706 D PackageParserImpl: dump dex file,file message: base.vdex: 6507Kb 
10-13 11:58:33.276  1902 22706 D PackageParserImpl: dump dex file,file message: base.vdex: 8311Kb 
10-13 11:58:33.381  1902 22706 D PackageParserImpl: dump dex file,file message: base.vdex: 8311Kb 
10-13 11:58:33.605  1902 22706 D PackageParserImpl: dump dex file,file message: base.vdex: 1832Kb 
10-13 11:58:34.028  1556  1556 I wificond: station_bandwidth: 
10-13 11:58:34.811  1902 23171 D PackageParserImpl: dump dex file,file message: base.art: 1753Kb base.odex: 11304Kb base.vdex: 577Kb 
10-13 11:58:34.894  1902 23171 D PackageParserImpl: dump dex file,file message: base.art: 1753Kb base.odex: 11304Kb base.vdex: 577Kb 
10-13 11:58:35.027  1902 23171 D PackageParserImpl: dump dex file,file message: base.art: 1753Kb base.odex: 11304Kb base.vdex: 577Kb 
10-13 11:58:35.112  1902  2620 I SmartPower: com.google.android.gms/10175(13430): background->idle(11028ms) R(remove from whitelist) adj=250.
10-13 11:58:35.134  1902 23171 I ActivityManager: Force stopping eu.europa.ec.euidi appid=10390 user=0: from process:11558
10-13 11:58:35.139  1902 23171 I AppsFilter: interaction: PackageSetting{3102a1f com.android.microdroid.empty_payload/10336} -> PackageSetting{7eb914d eu.europa.ec.euidi/10390} BLOCKED
10-13 11:58:35.139  1902 23171 I AppsFilter: interaction: PackageSetting{4720335 io.appium.uiautomator2.server.test/10379} -> PackageSetting{7eb914d eu.europa.ec.euidi/10390} BLOCKED
10-13 11:58:35.139  1902 23171 I AppsFilter: interaction: PackageSetting{183b3ca com.fido.asm/10112} -> PackageSetting{7eb914d eu.europa.ec.euidi/10390} BLOCKED
10-13 11:58:35.139  1902 23171 I AppsFilter: interaction: PackageSetting{e17493b io.appium.uiautomator2.server/10378} -> PackageSetting{7eb914d eu.europa.ec.euidi/10390} BLOCKED
10-13 11:58:35.139  1902 23171 I AppsFilter: interaction: PackageSetting{6dc5858 io.appium.settings/10326} -> PackageSetting{7eb914d eu.europa.ec.euidi/10390} BLOCKED
10-13 11:58:35.254  1902 23171 I ActivityManager: clearApplicationUserData eu.europa.ec.euidi appid=10390 user=0 from u2000/11575
10-13 11:58:35.254  1902 23171 I ActivityManager: Force stopping eu.europa.ec.euidi appid=10390 user=0: clear data
10-13 11:58:35.260  1902 23171 I PackageManager: clearApplicationUserData packageName: eu.europa.ec.euidi user: 0 from u1000/1902
10-13 11:58:35.260  1902  1954 I ActivityManager: Force stopping eu.europa.ec.euidi appid=10390 user=-1: clearApplicationUserData
10-13 11:58:35.287  1902  1990 D PermissionManager: writeLegacyPermissionState for user  in 23 ms.
10-13 11:58:35.336   691 11379 E keystore2: system/security/keystore2/src/gc.rs:139 - Error trying to delete blob entry. system/security/keystore2/src/gc.rs:129: Trying to invalidate key.
10-13 11:58:35.336   691 11379 E keystore2: 
10-13 11:58:35.336   691 11379 E keystore2: Caused by:
10-13 11:58:35.336   691 11379 E keystore2:     0: system/security/keystore2/src/globals.rs:167: Trying to invalidate key blob.
10-13 11:58:35.336   691 11379 E keystore2:     1: Error::Km(r#UNIMPLEMENTED)
10-13 11:58:35.336   691 11379 E keystore2: system/security/keystore2/src/gc.rs:139 - Error trying to delete blob entry. system/security/keystore2/src/gc.rs:129: Trying to invalidate key.
10-13 11:58:35.336   691 11379 E keystore2: 
10-13 11:58:35.336   691 11379 E keystore2: Caused by:
10-13 11:58:35.336   691 11379 E keystore2:     0: system/security/keystore2/src/globals.rs:167: Trying to invalidate key blob.
10-13 11:58:35.336   691 11379 E keystore2:     1: Error::Km(r#UNIMPLEMENTED)
10-13 11:58:35.336   691 11379 E keystore2: system/security/keystore2/src/gc.rs:139 - Error trying to delete blob entry. system/security/keystore2/src/gc.rs:129: Trying to invalidate key.
10-13 11:58:35.336   691 11379 E keystore2: 
10-13 11:58:35.336   691 11379 E keystore2: Caused by:
10-13 11:58:35.336   691 11379 E keystore2:     0: system/security/keystore2/src/globals.rs:167: Trying to invalidate key blob.
10-13 11:58:35.336   691 11379 E keystore2:     1: Error::Km(r#UNIMPLEMENTED)
10-13 11:58:35.336   691 11379 E keystore2: system/security/keystore2/src/gc.rs:139 - Error trying to delete blob entry. system/security/keystore2/src/gc.rs:129: Trying to invalidate key.
10-13 11:58:35.336   691 11379 E keystore2: 
10-13 11:58:35.336   691 11379 E keystore2: Caused by:
10-13 11:58:35.336   691 11379 E keystore2:     0: system/security/keystore2/src/globals.rs:167: Trying to invalidate key blob.
10-13 11:58:35.336   691 11379 E keystore2:     1: Error::Km(r#UNIMPLEMENTED)
10-13 11:58:35.336   691 11379 E keystore2: system/security/keystore2/src/gc.rs:139 - Error trying to delete blob entry. system/security/keystore2/src/gc.rs:129: Trying to invalidate key.
10-13 11:58:35.336   691 11379 E keystore2: 
10-13 11:58:35.336   691 11379 E keystore2: Caused by:
10-13 11:58:35.336   691 11379 E keystore2:     0: system/security/keystore2/src/globals.rs:167: Trying to invalidate key blob.
10-13 11:58:35.336   691 11379 E keystore2:     1: Error::Km(r#UNIMPLEMENTED)
10-13 11:58:35.336   691 11379 E keystore2: system/security/keystore2/src/gc.rs:139 - Error trying to delete blob entry. system/security/keystore2/src/gc.rs:129: Trying to invalidate key.
10-13 11:58:35.336   691 11379 E keystore2: 
10-13 11:58:35.336   691 11379 E keystore2: Caused by:
10-13 11:58:35.336   691 11379 E keystore2:     0: system/security/keystore2/src/globals.rs:167: Trying to invalidate key blob.
10-13 11:58:35.336   691 11379 E keystore2:     1: Error::Km(r#UNIMPLEMENTED)
10-13 11:58:35.336   691 11379 E keystore2: system/security/keystore2/src/gc.rs:139 - Error trying to delete blob entry. system/security/keystore2/src/gc.rs:129: Trying to invalidate key.
10-13 11:58:35.336   691 11379 E keystore2: 
10-13 11:58:35.336   691 11379 E keystore2: Caused by:
10-13 11:58:35.336   691 11379 E keystore2:     0: system/security/keystore2/src/globals.rs:167: Trying to invalidate key blob.
10-13 11:58:35.336   691 11379 E keystore2:     1: Error::Km(r#UNIMPLEMENTED)
10-13 11:58:35.336   691 11379 E keystore2: system/security/keystore2/src/gc.rs:139 - Error trying to delete blob entry. system/security/keystore2/src/gc.rs:129: Trying to invalidate key.
10-13 11:58:35.336   691 11379 E keystore2: 
10-13 11:58:35.336   691 11379 E keystore2: Caused by:
10-13 11:58:35.336   691 11379 E keystore2:     0: system/security/keystore2/src/globals.rs:167: Trying to invalidate key blob.
10-13 11:58:35.336   691 11379 E keystore2:     1: Error::Km(r#UNIMPLEMENTED)
10-13 11:58:35.337   691 11379 E keystore2: system/security/keystore2/src/gc.rs:139 - Error trying to delete blob entry. system/security/keystore2/src/gc.rs:129: Trying to invalidate key.
10-13 11:58:35.337   691 11379 E keystore2: 
10-13 11:58:35.337   691 11379 E keystore2: Caused by:
10-13 11:58:35.337   691 11379 E keystore2:     0: system/security/keystore2/src/globals.rs:167: Trying to invalidate key blob.
10-13 11:58:35.337   691 11379 E keystore2:     1: Error::Km(r#UNIMPLEMENTED)
10-13 11:58:35.337   691 11379 E keystore2: system/security/keystore2/src/gc.rs:139 - Error trying to delete blob entry. system/security/keystore2/src/gc.rs:129: Trying to invalidate key.
10-13 11:58:35.337   691 11379 E keystore2: 
10-13 11:58:35.337   691 11379 E keystore2: Caused by:
10-13 11:58:35.337   691 11379 E keystore2:     0: system/security/keystore2/src/globals.rs:167: Trying to invalidate key blob.
10-13 11:58:35.337   691 11379 E keystore2:     1: Error::Km(r#UNIMPLEMENTED)
10-13 11:58:35.337   691 11379 E keystore2: system/security/keystore2/src/gc.rs:139 - Error trying to delete blob entry. system/security/keystore2/src/gc.rs:129: Trying to invalidate key.
10-13 11:58:35.337   691 11379 E keystore2: 
10-13 11:58:35.337   691 11379 E keystore2: Caused by:
10-13 11:58:35.337   691 11379 E keystore2:     0: system/security/keystore2/src/globals.rs:167: Trying to invalidate key blob.
10-13 11:58:35.337   691 11379 E keystore2:     1: Error::Km(r#UNIMPLEMENTED)
10-13 11:58:35.337  1902  1990 W PackageFreezer: Freeze package eu.europa.ec.euidi about 0.077 seconds for reason: clearApplicationUserData
10-13 11:58:35.337  1902  1990 I AppsFilter: interaction: PackageSetting{3102a1f com.android.microdroid.empty_payload/10336} -> PackageSetting{7eb914d eu.europa.ec.euidi/10390} BLOCKED
10-13 11:58:35.338  1902  1990 I AppsFilter: interaction: PackageSetting{4720335 io.appium.uiautomator2.server.test/10379} -> PackageSetting{7eb914d eu.europa.ec.euidi/10390} BLOCKED
10-13 11:58:35.338  1902  1990 I AppsFilter: interaction: PackageSetting{183b3ca com.fido.asm/10112} -> PackageSetting{7eb914d eu.europa.ec.euidi/10390} BLOCKED
10-13 11:58:35.338  1902  1990 I AppsFilter: interaction: PackageSetting{e17493b io.appium.uiautomator2.server/10378} -> PackageSetting{7eb914d eu.europa.ec.euidi/10390} BLOCKED
10-13 11:58:35.338  1902  1990 I AppsFilter: interaction: PackageSetting{6dc5858 io.appium.settings/10326} -> PackageSetting{7eb914d eu.europa.ec.euidi/10390} BLOCKED
10-13 11:58:35.339  1902  1990 I AppsFilter: interaction: PackageSetting{3102a1f com.android.microdroid.empty_payload/10336} -> PackageSetting{7eb914d eu.europa.ec.euidi/10390} BLOCKED
10-13 11:58:35.339  1902  1990 I AppsFilter: interaction: PackageSetting{4720335 io.appium.uiautomator2.server.test/10379} -> PackageSetting{7eb914d eu.europa.ec.euidi/10390} BLOCKED
10-13 11:58:35.339  1902  1990 I AppsFilter: interaction: PackageSetting{183b3ca com.fido.asm/10112} -> PackageSetting{7eb914d eu.europa.ec.euidi/10390} BLOCKED
10-13 11:58:35.339  1902  1990 I AppsFilter: interaction: PackageSetting{e17493b io.appium.uiautomator2.server/10378} -> PackageSetting{7eb914d eu.europa.ec.euidi/10390} BLOCKED
10-13 11:58:35.339  1902  1990 I AppsFilter: interaction: PackageSetting{6dc5858 io.appium.settings/10326} -> PackageSetting{7eb914d eu.europa.ec.euidi/10390} BLOCKED
10-13 11:58:35.372 22918 23393 W ContextImpl: Calling a method in the system process without a qualified user: android.app.ContextImpl.sendBroadcast:1246 android.content.ContextWrapper.sendBroadcast:520 mb.q.D:34 s2.j.x:27 s2.j.m:0 
10-13 11:58:35.375  1902  1954 I SmartPower: com.google.android.documentsui/10068(25415): idle->background(98638ms) R(broadcast start Intent { act=android.intent.action.PACKAGE_DATA_CLEARED dat=package: flg=0x5000010 (has extras) }) adj=915.
10-13 11:58:35.377  1902  1954 I SmartPower: com.android.vending:background/10184(18309): idle->background(98638ms) R(broadcast start Intent { act=android.intent.action.PACKAGE_DATA_CLEARED dat=package: flg=0x5000010 (has extras) }) adj=250.
10-13 11:58:35.383  1902  1936 E MBrainLocalService: MBrainJava launch failed: SecurityException
10-13 11:58:35.389  1902  1936 E MBrainLocalService: MBrainJava launch failed: SecurityException
10-13 11:58:35.391  1902  1954 I SmartPower: com.google.android.permissioncontroller/10221(15681): idle->background(98630ms) R(broadcast start Intent { act=android.intent.action.PACKAGE_DATA_CLEARED dat=package: flg=0x5000010 (has extras) }) adj=915.
10-13 11:58:35.404  1902  1954 I SmartPower: com.miui.home/10085(3001): idle->background(98638ms) R(broadcast start Intent { act=android.intent.action.PACKAGE_DATA_CLEARED dat=package: flg=0x5000010 (has extras) }) adj=100.
10-13 11:58:35.412  1902  1954 I SmartPower: com.xiaomi.aicr:searchDataService/10329(25443): idle->background(98645ms) R(broadcast start Intent { act=android.intent.action.PACKAGE_DATA_CLEARED dat=package: flg=0x5000010 (has extras) }) adj=915.
10-13 11:58:35.450  1902  2771 D PackageParserImpl: dump dex file,file message: base.art: 1753Kb base.odex: 11304Kb base.vdex: 577Kb 
10-13 11:58:35.642  1902  1954 I SmartPower: com.google.android.videos/10312(19398): idle->background(3752ms) R(broadcast start Intent { act=android.intent.action.PACKAGE_RESTARTED dat=package: flg=0x10 (has extras) }) adj=905.
10-13 11:58:35.759  1902  2771 I ActivityManager: Force stopping io.appium.uiautomator2.server.test appid=10379 user=0: from process:11632
10-13 11:58:35.764  1902  2771 I AppsFilter: interaction: PackageSetting{3102a1f com.android.microdroid.empty_payload/10336} -> PackageSetting{4720335 io.appium.uiautomator2.server.test/10379} BLOCKED
10-13 11:58:35.764  1902  2771 I AppsFilter: interaction: PackageSetting{183b3ca com.fido.asm/10112} -> PackageSetting{4720335 io.appium.uiautomator2.server.test/10379} BLOCKED
10-13 11:58:35.764  1902  2771 I AppsFilter: interaction: PackageSetting{6dc5858 io.appium.settings/10326} -> PackageSetting{4720335 io.appium.uiautomator2.server.test/10379} BLOCKED
10-13 11:58:35.852  1902  1954 I SmartPower: com.mi.globalminusscreen/10076(31794): idle->background(98621ms) R(broadcast start Intent { act=android.intent.action.PACKAGE_DATA_CLEARED dat=package: flg=0x5000010 (has extras) }) adj=100.
10-13 11:58:36.007  1902  1938 D SettingsProvider: name:animator_duration_scale has changed to 0.0, because android android.provider.Settings$NameValueCache.putStringForUser:3162 android.provider.Settings$Global.putStringForUser:17046 android.provider.Settings$Global.putString:16887 android.provider.Settings$Global.putFloat:17236 com.android.server.wm.WindowManagerService$H.handleMessage:6151 android.os.Handler.dispatchMessage:106 android.os.Looper.loopOnce:222 android.os.Looper.loop:314 android.os.HandlerThread.run:67 com.android.server.ServiceThread.run:46 
10-13 11:58:36.007  1902  1938 D SettingsProvider: name:animator_duration_scale has changed to 0.0, because android android.provider.Settings$NameValueCache.putStringForUser:3162 android.provider.Settings$Global.putStringForUser:17046 android.provider.Settings$Global.putString:16887 android.provider.Settings$Global.putFloat:17236 com.android.server.wm.WindowManagerService$H.handleMessage:6151 android.os.Handler.dispatchMessage:106 android.os.Looper.loopOnce:222 android.os.Looper.loop:314 android.os.HandlerThread.run:67 com.android.server.ServiceThread.run:46 
10-13 11:58:36.007  1902  1938 D SettingsProvider: name:animator_duration_scale has changed to 0.0, because android android.provider.Settings$NameValueCache.putStringForUser:3162 android.provider.Settings$Global.putStringForUser:17046 android.provider.Settings$Global.putString:16887 android.provider.Settings$Global.putFloat:17236 com.android.server.wm.WindowManagerService$H.handleMessage:6151 android.os.Handler.dispatchMessage:106 android.os.Looper.loopOnce:222 android.os.Looper.loop:314 android.os.HandlerThread.run:67 com.android.server.ServiceThread.run:46 
10-13 11:58:36.009  1902  2774 I ActivityManager: Force stopping io.appium.uiautomator2.server appid=10378 user=0: start instr
10-13 11:58:36.012  1902  2774 D CompatibilityChangeReporter: Compat change id reported: 135634846; UID 10378; state: DISABLED
10-13 11:58:36.012  1902  2774 D CompatibilityChangeReporter: Compat change id reported: 177438394; UID 10378; state: DISABLED
10-13 11:58:36.012  1902  2774 D CompatibilityChangeReporter: Compat change id reported: 135772972; UID 10378; state: DISABLED
10-13 11:58:36.012  1902  2774 D CompatibilityChangeReporter: Compat change id reported: 135754954; UID 10378; state: ENABLED
10-13 11:58:36.012  1902  1955 D CompatibilityChangeReporter: Compat change id reported: 143937733; UID 10378; state: ENABLED
10-13 11:58:36.013  1902  2323 D CompatibilityChangeReporter: Compat change id reported: 265195908; UID 10378; state: ENABLED
10-13 11:58:36.019  1902  1955 I ActivityManager: Start proc 11647:io.appium.uiautomator2.server/u0a378 for added application io.appium.uiautomator2.server caller=android
10-13 11:58:36.063  1902  2774 I SmartPower: io.appium.uiautomator2.server/10378(11647): died->background(7201ms) R(process start ) adj=-10000.
10-13 11:58:36.065  1902  2774 D CompatibilityChangeReporter: Compat change id reported: 168419799; UID 10378; state: DISABLED
10-13 11:58:36.065  1902  2774 D CompatibilityChangeReporter: Compat change id reported: 273564678; UID 10378; state: DISABLED
10-13 11:58:36.069  1902  2600 D isUidValid: uid = 10378
10-13 11:58:36.080  1902  2774 D CompatibilityChangeReporter: Compat change id reported: 170503758; UID 10378; state: DISABLED
10-13 11:58:36.093  1902  2774 I AppsFilter: interaction: PackageSetting{e17493b io.appium.uiautomator2.server/10378} -> PackageSetting{37a3521 com.google.android.apps.subscriptions.red/10194} BLOCKED
10-13 11:58:36.093  1902  2774 I AppsFilter: interaction: PackageSetting{e17493b io.appium.uiautomator2.server/10378} -> PackageSetting{fbedd46 com.android.cts.priv.ctsshim/10218} BLOCKED
10-13 11:58:36.093  1902  2774 I AppsFilter: interaction: PackageSetting{e17493b io.appium.uiautomator2.server/10378} -> PackageSetting{5d3bb07 com.google.android.youtube/10206} BLOCKED
10-13 11:58:36.093  1902  2774 I AppsFilter: interaction: PackageSetting{e17493b io.appium.uiautomator2.server/10378} -> PackageSetting{c8cf434 com.android.uwb.resources/10311} BLOCKED
10-13 11:58:36.093  1902  2774 I AppsFilter: interaction: PackageSetting{e17493b io.appium.uiautomator2.server/10378} -> PackageSetting{ebe496c com.android.internal.display.cutout.emulation.corner/10003} BLOCKED
10-13 11:58:36.093  1902  2774 I AppsFilter: interaction: PackageSetting{e17493b io.appium.uiautomator2.server/10378} -> PackageSetting{6ec5b35 com.android.internal.display.cutout.emulation.double/10007} BLOCKED
10-13 11:58:36.093  1902  2774 I AppsFilter: interaction: PackageSetting{e17493b io.appium.uiautomator2.server/10378} -> PackageSetting{6dc5858 io.appium.settings/10326} BLOCKED
10-13 11:58:36.093  1902  2774 I AppsFilter: interaction: PackageSetting{e17493b io.appium.uiautomator2.server/10378} -> PackageSetting{ea4025d com.google.android.googlequicksearchbox/10188} BLOCKED
10-13 11:58:36.093  1902  2774 I AppsFilter: interaction: PackageSetting{e17493b io.appium.uiautomator2.server/10378} -> PackageSetting{57b87d2 cn.wps.xiaomi.abroad.lite/10233} BLOCKED
10-13 11:58:36.093  1902  2774 I AppsFilter: interaction: PackageSetting{e17493b io.appium.uiautomator2.server/10378} -> PackageSetting{76700a3 com.google.android.apps.googleassistant/10169} BLOCKED
10-13 11:58:36.094  1902  2774 I AppsFilter: interaction: PackageSetting{e17493b io.appium.uiautomator2.server/10378} -> PackageSetting{a1f1fa0 com.google.android.onetimeinitializer/10170} BLOCKED
10-13 11:58:36.094  1902  2774 I AppsFilter: interaction: PackageSetting{e17493b io.appium.uiautomator2.server/10378} -> PackageSetting{a36759 com.google.android.ext.shared/10109} BLOCKED
10-13 11:58:36.094  1902  2774 I AppsFilter: interaction: PackageSetting{e17493b io.appium.uiautomator2.server/10378} -> PackageSetting{18ed617 com.android.internal.systemui.navbar.gestural_wide_back/10044} BLOCKED
10-13 11:58:36.094  1902  2774 I AppsFilter: interaction: PackageSetting{e17493b io.appium.uiautomator2.server/10378} -> PackageSetting{6e64f1e com.android.virtualmachine.res/10335} BLOCKED
10-13 11:58:36.094  1902  2774 I AppsFilter: interaction: PackageSetting{e17493b io.appium.uiautomator2.server/10378} -> PackageSetting{b5f03ff com.google.android.server.deviceconfig.resources/10026} BLOCKED
10-13 11:58:36.094  1902  2774 I AppsFilter: interaction: PackageSetting{e17493b io.appium.uiautomator2.server/10378} -> PackageSetting{e695cc com.google.android.apps.podcasts/10226} BLOCKED
10-13 11:58:36.094  1902  2774 I AppsFilter: interaction: PackageSetting{e17493b io.appium.uiautomator2.server/10378} -> PackageSetting{b9a2015 com.android.htmlviewer/10113} BLOCKED
10-13 11:58:36.094  1902  2774 I AppsFilter: interaction: PackageSetting{e17493b io.appium.uiautomator2.server/10378} -> PackageSetting{ba43f2a com.google.android.health.connect.backuprestore/10339} BLOCKED
10-13 11:58:36.094  1902  2774 I AppsFilter: interaction: PackageSetting{e17493b io.appium.uiautomator2.server/10378} -> PackageSetting{4a9e11b com.google.android.apps.messaging/10181} BLOCKED
10-13 11:58:36.094  1902  2774 I AppsFilter: interaction: PackageSetting{e17493b io.appium.uiautomator2.server/10378} -> PackageSetting{4cd42b8 com.sfr.android.sfrjeux/10187} BLOCKED
10-13 11:58:36.094  1902  2774 I AppsFilter: interaction: PackageSetting{e17493b io.appium.uiautomator2.server/10378} -> PackageSetting{809a891 com.ironsource.appcloud.oobe.hutchison/10166} BLOCKED
10-13 11:58:36.094  1902  2774 I AppsFilter: interaction: PackageSetting{e17493b io.appium.uiautomator2.server/10378} -> PackageSetting{e9f23f6 com.google.android.configupdater/10167} BLOCKED
10-13 11:58:36.094  1902  2774 I AppsFilter: interaction: PackageSetting{e17493b io.appium.uiautomator2.server/10378} -> PackageSetting{e1b7a com.google.android.overlay.modules.permissioncontroller/10020} BLOCKED
10-13 11:58:36.094  1902  2774 I AppsFilter: interaction: PackageSetting{e17493b io.appium.uiautomator2.server/10378} -> PackageSetting{cfb73f7 com.android.soundrecorder/10243} BLOCKED
10-13 11:58:36.094  1902  2774 I AppsFilter: interaction: PackageSetting{e17493b io.appium.uiautomator2.server/10378} -> PackageSetting{c6fd264 com.altice.android.myapps/10185} BLOCKED
10-13 11:58:36.094  1902  2774 I AppsFilter: interaction: PackageSetting{e17493b io.appium.uiautomator2.server/10378} -> PackageSetting{b0f3ccd com.google.android.apps.safetyhub/10303} BLOCKED
10-13 11:58:36.094  1902  2774 I AppsFilter: interaction: PackageSetting{e17493b io.appium.uiautomator2.server/10378} -> PackageSetting{d918982 eu.europa.publications.quickborder/10370} BLOCKED
10-13 11:58:36.094  1902  2774 I AppsFilter: interaction: PackageSetting{e17493b io.appium.uiautomator2.server/10378} -> PackageSetting{b0796e5 com.google.ar.core/10265} BLOCKED
10-13 11:58:36.094  1902  2774 I AppsFilter: interaction: PackageSetting{e17493b io.appium.uiautomator2.server/10378} -> PackageSetting{b695893 com.android.simappdialog/10144} BLOCKED
10-13 11:58:36.094  1902  2774 I AppsFilter: interaction: PackageSetting{e17493b io.appium.uiautomator2.server/10378} -> PackageSetting{989b0d0 com.aura.oobe.vodafone/10165} BLOCKED
10-13 11:58:36.094  1902  2774 I AppsFilter: interaction: PackageSetting{e17493b io.appium.uiautomator2.server/10378} -> PackageSetting{1e7a5d com.android.internal.display.cutout.emulation.hole/10005} BLOCKED
10-13 11:58:36.094  1902  2774 I AppsFilter: interaction: PackageSetting{e17493b io.appium.uiautomator2.server/10378} -> PackageSetting{7309fd2 com.android.internal.display.cutout.emulation.tall/10010} BLOCKED
10-13 11:58:36.094  1902  2774 I AppsFilter: interaction: PackageSetting{e17493b io.appium.uiautomator2.server/10378} -> PackageSetting{ed238a3 com.google.android.overlay.healthconnect/10268} BLOCKED
10-13 11:58:36.094  1902  2774 I AppsFilter: interaction: PackageSetting{e17493b io.appium.uiautomator2.server/10378} -> PackageSetting{dd5f7a0 com.android.internal.systemui.navbar.threebutton/10040} BLOCKED
10-13 11:58:36.094  1902  2774 I AppsFilter: interaction: PackageSetting{e17493b io.appium.uiautomator2.server/10378} -> PackageSetting{45fd8c9 com.android.wifi.dialog/10290} BLOCKED
10-13 11:58:36.095  1902  2774 I AppsFilter: interaction: PackageSetting{e17493b io.appium.uiautomator2.server/10378} -> PackageSetting{552bbce com.android.hotwordenrollment.xgoogle/10173} BLOCKED
10-13 11:58:36.095  1902  2774 I AppsFilter: interaction: PackageSetting{e17493b io.appium.uiautomator2.server/10378} -> PackageSetting{8c6eaef com.android.mms/10301} BLOCKED
10-13 11:58:36.095  1902  2774 I AppsFilter: interaction: PackageSetting{e17493b io.appium.uiautomator2.server/10378} -> PackageSetting{c2109fc com.google.android.as/10296} BLOCKED
10-13 11:58:36.095  1902  2774 I AppsFilter: interaction: PackageSetting{e17493b io.appium.uiautomator2.server/10378} -> PackageSetting{43885 com.google.android.gm/10197} BLOCKED
10-13 11:58:36.095  1902  2774 I AppsFilter: interaction: PackageSetting{e17493b io.appium.uiautomator2.server/10378} -> PackageSetting{6e2c6da com.android.compos.payload/10341} BLOCKED
10-13 11:58:36.095  1902  2774 I AppsFilter: interaction: PackageSetting{e17493b io.appium.uiautomator2.server/10378} -> PackageSetting{dc1470b com.google.android.apps.tachyon/10234} BLOCKED
10-13 11:58:36.095  1902  2774 I AppsFilter: interaction: PackageSetting{e17493b io.appium.uiautomator2.server/10378} -> PackageSetting{d871ab8 com.google.android.overlay.gmsconfig.common/10012} BLOCKED
10-13 11:58:36.095  1902  2774 I AppsFilter: interaction: PackageSetting{e17493b io.appium.uiautomator2.server/10378} -> PackageSetting{c72c9e8 com.android.settings.intelligence/10179} BLOCKED
10-13 11:58:36.095  1902  2774 I AppsFilter: interaction: PackageSetting{e17493b io.appium.uiautomator2.server/10378} -> PackageSetting{ec8bbf6 com.android.internal.systemui.navbar.gestural_extra_wide_back/10042} BLOCKED
10-13 11:58:36.095  1902  2774 I AppsFilter: interaction: PackageSetting{e17493b io.appium.uiautomator2.server/10378} -> PackageSetting{7d4d801 com.miui.compass/10237} BLOCKED
10-13 11:58:36.095  1902  2774 I AppsFilter: interaction: PackageSetting{e17493b io.appium.uiautomator2.server/10378} -> PackageSetting{13676a6 com.google.android.setupwizard/10211} BLOCKED
10-13 11:58:36.095  1902  2774 I AppsFilter: interaction: PackageSetting{e17493b io.appium.uiautomator2.server/10378} -> PackageSetting{6bb48e7 com.miui.android.fashiongallery/10231} BLOCKED
10-13 11:58:36.095  1902  2774 I AppsFilter: interaction: PackageSetting{e17493b io.appium.uiautomator2.server/10378} -> PackageSetting{79e9c94 com.facebook.services/10097} BLOCKED
10-13 11:58:36.095  1902  2774 I AppsFilter: interaction: PackageSetting{e17493b io.appium.uiautomator2.server/10378} -> PackageSetting{b5f33d com.android.printspooler/10135} BLOCKED
10-13 11:58:36.095  1902  2774 I AppsFilter: interaction: PackageSetting{e17493b io.appium.uiautomator2.server/10378} -> PackageSetting{bc35732 com.android.hotwordenrollment.okgoogle/10172} BLOCKED
10-13 11:58:36.095  1902  2774 I AppsFilter: interaction: PackageSetting{e17493b io.appium.uiautomator2.server/10378} -> PackageSetting{9698c83 com.google.android.apps.accessibility.auditor/10031} BLOCKED
10-13 11:58:36.095  1902  2774 I AppsFilter: interaction: PackageSetting{e17493b io.appium.uiautomator2.server/10378} -> PackageSetting{b12ee00 org.ifaa.aidl.manager/10155} BLOCKED
10-13 11:58:36.095  1902  2774 I AppsFilter: interaction: PackageSetting{e17493b io.appium.uiautomator2.server/10378} -> PackageSetting{f938639 com.android.dreams.basic/10098} BLOCKED
10-13 11:58:36.095  1902  2774 I AppsFilter: interaction: PackageSetting{e17493b io.appium.uiautomator2.server/10378} -> PackageSetting{dcbb47e com.google.android.as.oss/10302} BLOCKED
10-13 11:58:36.095  1902  2774 I AppsFilter: interaction: PackageSetting{e17493b io.appium.uiautomator2.server/10378} -> PackageSetting{82e6ddf com.duokan.phone.remotecontroller/10241} BLOCKED
10-13 11:58:36.095  1902  2774 I AppsFilter: interaction: PackageSetting{e17493b io.appium.uiautomator2.server/10378} -> PackageSetting{ab8ea2c de.telekom.tsc/10094} BLOCKED
10-13 11:58:36.095  1902  2774 I AppsFilter: interaction: PackageSetting{e17493b io.appium.uiautomator2.server/10378} -> PackageSetting{21d4cf5 com.android.rkpdapp/10337} BLOCKED
10-13 11:58:36.095  1902  2774 I AppsFilter: interaction: PackageSetting{e17493b io.appium.uiautomator2.server/10378} -> PackageSetting{e6a9a8a com.google.android.devicelockcontroller/10141} BLOCKED
10-13 11:58:36.095  1902  2774 I AppsFilter: interaction: PackageSetting{e17493b io.appium.uiautomator2.server/10378} -> PackageSetting{f3608fb com.google.android.dialer/10177} BLOCKED
10-13 11:58:36.095  1902  2774 I AppsFilter: interaction: PackageSetting{e17493b io.appium.uiautomator2.server/10378} -> PackageSetting{de07d18 com.google.android.apps.nbu.files/10259} BLOCKED
10-13 11:58:36.095  1902  2774 I AppsFilter: interaction: PackageSetting{e17493b io.appium.uiautomator2.server/10378} -> PackageSetting{742c371 com.dti.telefonica/10186} BLOCKED
