10-10 03:52:24.004  1902  2682 I SmartPower: com.miui.global.packageinstaller/10123(10224): idle->background(804763ms) R(service create com.miui.global.packageinstaller/.service.ScanDispatchService) adj=0.
10-10 03:52:24.006  1902  2600 D isUidValid: uid = 10123
10-10 03:52:24.118  1902  1950 W WindowMagnificationMgr: requestConnection duplicated request: connect=false, mConnectionState=DISCONNECTED
10-10 03:52:24.140  1902  1950 W WindowMagnificationMgr: requestConnection duplicated request: connect=false, mConnectionState=DISCONNECTED
10-10 03:52:24.207  1902  1917 I SmartPower: com.miui.guardprovider/10120(4433): idle->background(4625175ms) R(content provider start ContentProviderRecord{885fea8 u0 com.miui.guardprovider/.GuardProvider}) adj=0.
10-10 03:52:24.222  1902  1954 I SmartPower: com.miui.home/10085(3001): idle->background(37975ms) R(broadcast start Intent { act=android.intent.action.PACKAGE_REMOVED dat=package: flg=0x4000010 (has extras) }) adj=100.
10-10 03:52:24.225  1902  1954 I SmartPower: com.google.android.as/10296(21945): idle->background(406105ms) R(broadcast start Intent { act=android.intent.action.PACKAGE_REMOVED dat=package: flg=0x4000010 (has extras) }) adj=100.
10-10 03:52:24.227  1902  1954 I SmartPower: com.google.android.apps.messaging:rcs/10181(22034): idle->background(36965ms) R(broadcast start Intent { act=android.intent.action.PACKAGE_REMOVED dat=package: flg=0x4000010 (has extras) }) adj=200.
10-10 03:52:24.235  1902  1954 I SmartPower: android.process.acore/10059(30513): idle->background(36970ms) R(broadcast start Intent { act=android.intent.action.PACKAGE_REMOVED dat=package: flg=0x4000010 (has extras) }) adj=800.
10-10 03:52:24.268  1902  1954 I SmartPower: com.google.android.apps.messaging/10181(28276): idle->background(37006ms) R(broadcast start Intent { act=android.intent.action.PACKAGE_REMOVED dat=package: flg=0x4000010 (has extras) }) adj=925.
10-10 03:52:24.274  1902  1954 I SmartPower: com.google.android.apps.photos/10205(25965): idle->background(37003ms) R(broadcast start Intent { act=android.intent.action.PACKAGE_REMOVED dat=package: flg=0x4000010 (has extras) }) adj=925.
10-10 03:52:24.279  1902  2600 D isUidValid: uid = 10064
10-10 03:52:24.285  1902  1954 I SmartPower: com.google.android.videos/10312(31305): idle->background(37014ms) R(broadcast start Intent { act=android.intent.action.PACKAGE_REMOVED dat=package: flg=0x4000010 (has extras) }) adj=925.
10-10 03:52:24.286  1902  1954 I SmartPower: com.mi.globalminusscreen/10076(31794): idle->background(38443ms) R(broadcast start Intent { act=android.intent.action.PACKAGE_REMOVED dat=package: flg=0x4000010 (has extras) }) adj=100.
10-10 03:52:24.288  1902  1954 I SmartPower: com.google.android.documentsui/10068(1756): idle->background(37014ms) R(broadcast start Intent { act=android.intent.action.PACKAGE_REMOVED dat=package: flg=0x4000010 (has extras) }) adj=945.
10-10 03:52:24.289  1902  1954 I SmartPower: com.xiaomi.discover/10128(11400): idle->background(5489ms) R(broadcast start Intent { act=android.intent.action.PACKAGE_REMOVED dat=package: flg=0x4000010 (has extras) }) adj=905.
10-10 03:52:24.290  1902  1954 I SmartPower: com.google.android.contacts:learning_bg/10189(15946): idle->background(37013ms) R(broadcast start Intent { act=android.intent.action.PACKAGE_REMOVED dat=package: flg=0x4000010 (has extras) }) adj=935.
10-10 03:52:24.343  1902  1954 I SmartPower: com.android.chrome/10190(9035): idle->background(5543ms) R(broadcast start Intent { act=android.intent.action.PACKAGE_REPLACED dat=package: flg=0x4000010 (has extras) }) adj=900.
10-10 03:52:24.364  4433 32112 W PackageParser: Unknown element under <manifest>: queries at /data/app/~~gHljk4UwdVz3yHMYLt0L4g==/com.microsoft.teams-HWq2_aZmt4qwoabemXtjXQ==/base.apk Binary XML file line #12
10-10 03:52:24.364  4433 32112 W PackageParser: Ignoring duplicate uses-permissions/uses-permissions-sdk-m: android.permission.READ_MEDIA_VIDEO in package: com.microsoft.teams at: Binary XML file line #143
10-10 03:52:24.364  4433 32112 W PackageParser: Ignoring duplicate uses-permissions/uses-permissions-sdk-m: android.permission.READ_MEDIA_IMAGES in package: com.microsoft.teams at: Binary XML file line #145
10-10 03:52:24.364  4433 32112 W PackageParser: Ignoring duplicate uses-permissions/uses-permissions-sdk-m: android.permission.READ_MEDIA_IMAGES in package: com.microsoft.teams at: Binary XML file line #146
10-10 03:52:24.374  1902  2697 D IntervalStats: Unable to parse usage stats packages: [6, 243, 244, 246, 247, 248, 255, 256, 257, 259, 260, 261, 263, 265, 266, 269, 271, 411, 414, 415, 424, 425, 426, 428, 429, 430, 431, 432, 433, 435, 438, 440, 464, 465, 466, 487, 488, 489, 490, 491, 492, 493, 494, 495, 496, 497, 498, 499, 500, 501, 502, 503, 506, 507, 510]
10-10 03:52:24.388  4433 32112 W PackageParser: Unknown element under <service>: property at /data/app/~~gHljk4UwdVz3yHMYLt0L4g==/com.microsoft.teams-HWq2_aZmt4qwoabemXtjXQ==/base.apk Binary XML file line #1374
10-10 03:52:24.390  4433 32112 W PackageParser: No actions in intent filter at /data/app/~~gHljk4UwdVz3yHMYLt0L4g==/com.microsoft.teams-HWq2_aZmt4qwoabemXtjXQ==/base.apk Binary XML file line #2466
10-10 03:52:24.390  4433 32112 W PackageParser: No actions in intent filter at /data/app/~~gHljk4UwdVz3yHMYLt0L4g==/com.microsoft.teams-HWq2_aZmt4qwoabemXtjXQ==/base.apk Binary XML file line #2474
10-10 03:52:24.390  4433 32112 W PackageParser: No actions in intent filter at /data/app/~~gHljk4UwdVz3yHMYLt0L4g==/com.microsoft.teams-HWq2_aZmt4qwoabemXtjXQ==/base.apk Binary XML file line #2482
10-10 03:52:24.599  1902  1977 I DisplayPowerController[0]: Blocking screen on until initial contents have been drawn.
10-10 03:52:24.599  1902  1977 I WindowManager: Display 0 turning on...
10-10 03:52:24.605  1902  1977 D DisplayPowerControllerImpl: updateBrightnessChangeStatus: animating: false, displayState: 3, slowChange: false, appliedDimming: false, appliedLowPower: false, currentBrightness: 0.0, currentSdrBrightness: 0.0, targetBrightness: 0.058980778, targetSdrBrightness: 0.058980778, previousDisplayPolicy: 1, currentDisplayPolicy: 1
10-10 03:52:24.609  1902  1977 I DisplayPowerController[0]: Brightness [0.058980778] reason changing to: 'doze_default', previous reason: 'screen_off'.
10-10 03:52:24.609  1902  1977 I DisplayPowerController[0]: BrightnessEvent: disp=0, physDisp=local:4627039422300187648, brt=0.058980778, initBrt=-1.0, rcmdBrt=NaN, preBrt=NaN, lux=0.0, preLux=0.0, hbmMax=0.499938, hbmMode=off, rbcStrength=50, thrmMax=1.0, powerFactor=1.0, wasShortTermModelActive=false, flags=, reason=doze_default, autoBrightness=true, strategy=
10-10 03:52:24.616  1902  2652 I LocalDisplayAdapter: setDisplayState(id=4627039422300187648, state=DOZE)
10-10 03:52:24.616  1902  1938 D TAG     : Remove previously redundant display event 0/4 to 10075/2415
10-10 03:52:24.617  1902  1938 D TAG     : Remove previously redundant display event 0/4 to 6101/8896
10-10 03:52:24.617  1902  1938 D TAG     : Remove previously redundant display event 0/4 to 10190/9035
10-10 03:52:24.617  1902  1938 D TAG     : Remove previously redundant display event 0/4 to 10313/9231
10-10 03:52:24.617  1902  1938 D TAG     : Remove previously redundant display event 0/4 to 10121/10538
10-10 03:52:24.617  1902  1938 D TAG     : Remove previously redundant display event 0/4 to 10190/11725
10-10 03:52:24.617  1902  1938 D TAG     : Remove previously redundant display event 0/4 to 10312/31305
10-10 03:52:24.617  1902  1938 I DisplayDeviceRepository: Display device changed state: "Built-in Screen", DOZE
10-10 03:52:24.621  1902  1938 D TAG     : Remove previously redundant display event 0/2 to 10075/2415
10-10 03:52:24.623  1902  1938 D TAG     : Remove previously redundant display event 0/2 to 6101/8896
10-10 03:52:24.623  1902  1938 D TAG     : Remove previously redundant display event 0/2 to 10190/9035
10-10 03:52:24.623  1902  1938 D TAG     : Remove previously redundant display event 0/2 to 10313/9231
10-10 03:52:24.623  1902  1938 D TAG     : Remove previously redundant display event 0/2 to 10121/10538
10-10 03:52:24.623  1902  1938 D TAG     : Remove previously redundant display event 0/2 to 10190/11725
10-10 03:52:24.624  1902  1938 D TAG     : Remove previously redundant display event 0/2 to 10312/31305
10-10 03:52:24.646  1902  1939 I DisplayDevice: [0] Layerstack set to 0 for local:4627039422300187648
10-10 03:52:24.694  1902  2682 I WindowManager: mKeyguardDelegate.ShowListener.onDrawn.
10-10 03:52:24.695  1902  1936 W WindowManager: Setting mKeyguardDrawComplete
10-10 03:52:24.714  1902  2682 D PerfShielderService: com.android.systemui|com.android.systemui-Not-1939607582|863|103420045670625|294|5|18
10-10 03:52:24.731  1902  2682 W WindowManager: finishDrawingWindow: Window{713d2d6 u0 NotificationShade} mDrawState=DRAW_PENDING
10-10 03:52:24.731  1902  2682 D WindowManager: wms.finishDrawingLocked: mDrawState=COMMIT_DRAW_PENDING Window{713d2d6 u0 NotificationShade} in Surface(name=NotificationShade#15519)/@0xe19366d
10-10 03:52:24.736  1902  1936 W WindowManager: All windows drawn on display -1
10-10 03:52:24.738  1902  1977 I DisplayPowerController[0]: Unblocked screen on after 150 ms
10-10 03:52:24.782  1902  1938 I DisplayDeviceRepository: Display device changed state: "Built-in Screen", DOZE
10-10 03:52:24.783  1902  2619 D DisplayFeatureManagerService: setScreenEffect displayId=0 mode=23 value=2 cookie=255 from pid=1902
10-10 03:52:24.784  1902  2652 D LocalDisplayAdapter: setDisplayBrightness: setting doze brightness: 0.058980778
10-10 03:52:24.784  1902  2652 D DisplayFeatureManagerService: setDozeBrightness, brightness: 967, value: 1
10-10 03:52:24.784  1902  1938 D TAG     : Remove previously redundant display event 0/2 to 10075/2415
10-10 03:52:24.784  1902  1977 I WindowManager: Display 0 turned on...
10-10 03:52:24.785  1902  1938 D TAG     : Remove previously redundant display event 0/2 to 10132/5492
10-10 03:52:24.785  1902  1938 D TAG     : Remove previously redundant display event 0/2 to 6101/8896
10-10 03:52:24.785  1902  1938 D TAG     : Remove previously redundant display event 0/2 to 10190/9035
10-10 03:52:24.785  1902  1938 D TAG     : Remove previously redundant display event 0/2 to 10313/9231
10-10 03:52:24.785  1902  1938 D TAG     : Remove previously redundant display event 0/2 to 10121/10538
10-10 03:52:24.785  1902  1938 D TAG     : Remove previously redundant display event 0/2 to 10190/11725
10-10 03:52:24.785  1902  1938 D TAG     : Remove previously redundant display event 0/2 to 10150/20996
10-10 03:52:24.786  1902  1938 D TAG     : Remove previously redundant display event 0/2 to 10131/23667
10-10 03:52:24.787  1902  2619 D DisplayFeatureManagerService: setScreenEffect displayId=0 mode=0 value=2 cookie=255 from pid=1902
10-10 03:52:24.788  1902  1938 D TAG     : Remove previously redundant display event 0/2 to 10312/31305
10-10 03:52:24.810  1902  2652 D DisplayFeatureManagerService: setScreenEffect displayId=0 mode=25 value=1 cookie=255 from pid=1902
10-10 03:52:24.824  1229  1600 W EventThreadInspector: slow VSync-app on display(4627039422300187648) count=11, avg=33 ms, max=33 ms.
10-10 03:52:24.945  1902  1938 I DisplayDeviceRepository: Display device changed: DisplayDeviceInfo{"Built-in Screen": uniqueId="local:4627039422300187648", 1080 x 2400, modeId 4, renderFrameRate 30.000002, defaultModeId 2, supportedModes [{id=1, width=1080, height=2400, fps=60.0, alternativeRefreshRates=[30.000002, 90.0, 120.00001], supportedHdrTypes=[1, 2, 3, 4]}, {id=2, width=1080, height=2400, fps=120.00001, alternativeRefreshRates=[30.000002, 60.0, 90.0], supportedHdrTypes=[1, 2, 3, 4]}, {id=3, width=1080, height=2400, fps=90.0, alternativeRefreshRates=[30.000002, 60.0, 120.00001], supportedHdrTypes=[1, 2, 3, 4]}, {id=4, width=1080, height=2400, fps=30.000002, alternativeRefreshRates=[60.0, 90.0, 120.00001], supportedHdrTypes=[1, 2, 3, 4]}], colorMode 0, supportedColorModes [0, 7, 9], hdrCapabilities HdrCapabilities{mSupportedHdrTypes=[1, 2, 3, 4], mMaxLuminance=500.0, mMaxAverageLuminance=500.0, mMinLuminance=0.0}, allmSupported false, gameContentTypeSupported false, density 440, 394.409 x 394.409 dpi, appVsyncOff 19066664, presDeadline 28600001, cutout DisplayCutout{insets=Rect(0, 94 - 0, 0) waterfall=Insets{left=0, top=0, right=0, bottom=0} boundingRect={Bounds=[Rect(0, 0 - 0, 0), Rect(512, 0 - 568, 94), Rect(0, 0 - 0, 0), Rect(0, 0 - 0, 0)]} cutoutPathParserInfo={CutoutPathParserInfo{displayWidth=1080 displayHeight=2400 physicalDisplayWidth=1080 physicalDisplayHeight=2400 density={2.75} cutoutSpec={M 0,0 H -28 V 94 H 28 V 0 H 0 Z} rotation={0} scale={1.0} physicalPixelDisplaySizeRatio={1.0}}}}, touch INTERNAL, rotation 0, type INTERNAL, address {port=0, model=0x40368bd6e7ee6c}, deviceProductInfo DeviceProductInfo{name=MTKDEV, manufacturerPnpId=MTK, productId=35638, modelYear=null, manufactureDate=ManufactureDate{week=42, year=2021}, connectionToSinkType=0}, state DOZE, committedState DOZE, frameRateOverride , brightnessMinimum 0.0, brightnessMaximum 1.0, brightnessDefault 0.07496032, hdrSdrRatio NaN, roundedCorners RoundedCorners{[RoundedCorner{position=TopLeft, radius=70, center=Point(70, 70)}, RoundedCorner{position=TopRight, radius=70, center=Point(1010, 70)}, RoundedCorner{position=BottomRight, radius=70, center=Point(1010, 2330)}, RoundedCorner{position=BottomLeft, radius=70, center=Point(70, 2330)}]}, FLAG_ALLOWED_TO_BE_DEFAULT_DISPLAY, FLAG_ROTATES_WITH_CONTENT, FLAG_SECURE, FLAG_SUPPORTS_PROTECTED_BUFFERS, FLAG_TRUSTED, installOrientation 0, displayShape DisplayShape{ spec=-1893857183 displayWidth=1080 displayHeight=2400 physicalPixelDisplaySizeRatio=1.0 rotation=0 offsetX=0 offsetY=0 scale=1.0}}
10-10 03:52:24.949  1902  1938 D TAG     : Remove previously redundant display event 0/2 to 10075/2415
10-10 03:52:24.950  1902  1938 D TAG     : Remove previously redundant display event 0/2 to 10132/5492
10-10 03:52:24.950  1902  1938 D TAG     : Remove previously redundant display event 0/2 to 6101/8896
10-10 03:52:24.950  1902  1938 D TAG     : Remove previously redundant display event 0/2 to 10190/9035
10-10 03:52:24.950  1902  1938 D TAG     : Remove previously redundant display event 0/2 to 10313/9231
10-10 03:52:24.950  1902  1938 D TAG     : Remove previously redundant display event 0/2 to 10121/10538
10-10 03:52:24.950  1902  1938 D TAG     : Remove previously redundant display event 0/2 to 10190/11725
10-10 03:52:24.951  1902  1938 D TAG     : Remove previously redundant display event 0/2 to 10150/20996
10-10 03:52:24.952  1902  1938 D TAG     : Remove previously redundant display event 0/2 to 10131/23667
10-10 03:52:24.953  1902  1938 D TAG     : Remove previously redundant display event 0/2 to 10312/31305
10-10 03:52:26.622  1902  2620 I SmartPower: com.google.process.gservices/10175(22048): background->idle(4004ms) R(service create com.google.android.gms/.chimera.GmsIntentOperationService) adj=700.
10-10 03:52:26.623  1902  2620 I SmartPower: com.google.android.gms/10175(15068): background->idle(3001ms) R(service create com.google.android.gms/.chimera.GmsIntentOperationService) adj=500.
10-10 03:52:26.696  1902  2620 I SmartPower: com.android.vending:instant_app_installer/10184(14517): background->idle(3006ms) R(broadcast start Intent { act=android.intent.action.PACKAGE_REMOVED dat=package: flg=0x4000010 pkg=com.android.vending (has extras) }) adj=905.
10-10 03:52:26.696  1902  2620 I SmartPower: com.android.vending/10184(31626): background->idle(3012ms) R(broadcast start Intent { act=android.intent.action.PACKAGE_REMOVED dat=package: flg=0x4000010 pkg=com.android.vending (has extras) }) adj=250.
10-10 03:52:26.696  1902  2620 I SmartPower: com.android.vending:background/10184(9100): background->idle(3010ms) R(broadcast start Intent { act=android.intent.action.PACKAGE_REMOVED dat=package: flg=0x4000010 pkg=com.android.vending (has extras) }) adj=250.
10-10 03:52:26.877  1902  2620 I SmartPower: com.google.android.ext.services/10216(3010): background->idle(3029ms) R(service end com.google.android.ext.services/android.ext.services.storage.CacheQuotaServiceImpl) adj=100.
10-10 03:52:26.995  1229  1600 W EventThreadInspector: slow VSync-app on display(4627039422300187648) count=60, avg=33 ms, max=33 ms.
10-10 03:52:27.004  1902  2620 I SmartPower: com.miui.global.packageinstaller/10123(10224): background->idle(3000ms) R(service create com.miui.global.packageinstaller/.service.ScanDispatchService) adj=905.
10-10 03:52:27.208  1902  2620 I SmartPower: com.miui.guardprovider/10120(4433): background->idle(3001ms) R(content provider start ContentProviderRecord{885fea8 u0 com.miui.guardprovider/.GuardProvider}) adj=0.
10-10 03:52:27.224  1902  2620 I SmartPower: com.miui.home/10085(3001): background->idle(3001ms) R(broadcast start Intent { act=android.intent.action.PACKAGE_REMOVED dat=package: flg=0x4000010 (has extras) }) adj=100.
10-10 03:52:27.227  1902  2620 I SmartPower: com.google.android.as/10296(21945): background->idle(3002ms) R(broadcast start Intent { act=android.intent.action.PACKAGE_REMOVED dat=package: flg=0x4000010 (has extras) }) adj=100.
10-10 03:52:27.241  1902  2620 I SmartPower: android.process.acore/10059(30513): background->idle(3006ms) R(broadcast start Intent { act=android.intent.action.PACKAGE_REMOVED dat=package: flg=0x4000010 (has extras) }) adj=800.
10-10 03:52:27.277  1902  2620 I SmartPower: com.google.android.apps.messaging/10181(28276): background->idle(3009ms) R(broadcast start Intent { act=android.intent.action.PACKAGE_REMOVED dat=package: flg=0x4000010 (has extras) }) adj=905.
10-10 03:52:27.277  1902  2620 I SmartPower: com.google.android.apps.messaging:rcs/10181(22034): background->idle(3050ms) R(broadcast start Intent { act=android.intent.action.PACKAGE_REMOVED dat=package: flg=0x4000010 (has extras) }) adj=200.
10-10 03:52:27.277  1902  2620 I SmartPower: com.google.android.apps.photos/10205(25965): background->idle(3003ms) R(broadcast start Intent { act=android.intent.action.PACKAGE_REMOVED dat=package: flg=0x4000010 (has extras) }) adj=905.
10-10 03:52:27.296  1902  2620 I SmartPower: com.google.android.videos/10312(31305): background->idle(3010ms) R(broadcast start Intent { act=android.intent.action.PACKAGE_REMOVED dat=package: flg=0x4000010 (has extras) }) adj=905.
10-10 03:52:27.296  1902  2620 I SmartPower: com.mi.globalminusscreen/10076(31794): background->idle(3010ms) R(broadcast start Intent { act=android.intent.action.PACKAGE_REMOVED dat=package: flg=0x4000010 (has extras) }) adj=100.
10-10 03:52:27.296  1902  2620 I SmartPower: com.google.android.documentsui/10068(1756): background->idle(3008ms) R(broadcast start Intent { act=android.intent.action.PACKAGE_REMOVED dat=package: flg=0x4000010 (has extras) }) adj=945.
10-10 03:52:27.296  1902  2620 I SmartPower: com.xiaomi.discover/10128(11400): background->idle(3007ms) R(broadcast start Intent { act=android.intent.action.PACKAGE_REMOVED dat=package: flg=0x4000010 (has extras) }) adj=905.
10-10 03:52:27.296  1902  2620 I SmartPower: com.google.android.contacts:learning_bg/10189(15946): background->idle(3006ms) R(broadcast start Intent { act=android.intent.action.PACKAGE_REMOVED dat=package: flg=0x4000010 (has extras) }) adj=935.
10-10 03:52:27.344  1902  2620 I SmartPower: com.android.chrome/10190(9035): background->idle(3001ms) R(broadcast start Intent { act=android.intent.action.PACKAGE_REPLACED dat=package: flg=0x4000010 (has extras) }) adj=900.
10-10 03:52:28.795  1902  4160 D PerfShielderService: com.android.systemui|com.android.systemui-Not-1939607582|4107|103705042896950|184|5|120
10-10 03:52:28.999  1229  1600 W EventThreadInspector: slow VSync-app on display(4627039422300187648) count=60, avg=33 ms, max=33 ms.
10-10 03:52:31.004  1229  1600 W EventThreadInspector: slow VSync-app on display(4627039422300187648) count=60, avg=33 ms, max=33 ms.
10-10 03:52:31.523  1902 23171 I SmartPower: com.google.android.gms/10175(15068): idle->background(4900ms) R(service destroy com.google.android.gms/.chimera.GmsIntentOperationService) adj=500.
10-10 03:52:31.707  1902  1902 D UiModeManager: updateConfigurationLocked: mDockState=0; mCarMode=false; mCar=false; mPowerSave=false; mOverrideNightModeOn=false; mOverrideNightModeOff=false; mComputedNightMode=false; mNightMode=1; uiMode=17
10-10 03:52:31.877  1902  1990 I PackageManager: Integrity check passed for file:///data/app/vmdl400580999.tmp
10-10 03:52:31.878  1902  1954 I SmartPower: com.android.vending/10184(31626): idle->background(5182ms) R(broadcast start Intent { act=android.intent.action.PACKAGE_NEEDS_VERIFICATION dat=file:///... typ=application/vnd.android.package-archive flg=0x10000011 cmp=com.android.vending/com.google.android.finsky.verifier.impl.PackageVerificationReceiver (has extras) }) adj=250.
10-10 03:52:31.920  1902  1990 I PackageManager: Continuing with installation of file:///data/app/vmdl400580999.tmp
10-10 03:52:31.995  1902  1990 W PackageParsing: Unknown element under <manifest>: uses-sdk at /data/app/vmdl400580999.tmp/base.apk Binary XML file line #0
10-10 03:52:31.996  1902  1990 W PackageParsing: Unknown element under <manifest>: uses-sdk at /data/app/vmdl400580999.tmp/base.apk Binary XML file line #0
10-10 03:52:31.996  1902  1990 W PackageParsing: Unknown element under <manifest>: uses-sdk at /data/app/vmdl400580999.tmp/base.apk Binary XML file line #0
10-10 03:52:32.013  1902  1954 I ActivityManager: Force stopping com.google.android.apps.maps appid=10204 user=-1: installPackageLI
10-10 03:52:32.014  1902  1990 I PackageManager: Update system package com.google.android.apps.maps code path from /data/app/~~RTkdUtJIP96lwNROXtF12Q==/com.google.android.apps.maps-61DgvxduIp5_tNN80bXNsQ== to /data/app/~~BYs5ej322BSlxmbEAzNqFg==/com.google.android.apps.maps-w5AUEjWokofL1w5tGX_Ysw==; Retain data and using new
10-10 03:52:32.018  1902  1990 I AppsFilter: interaction: PackageSetting{606e15c com.android.microdroid.empty_payload/10336} -> PackageSetting{9aaecc2 com.google.android.apps.maps/10204} BLOCKED
10-10 03:52:32.018  1902  1990 I AppsFilter: interaction: PackageSetting{835df93 io.appium.uiautomator2.server.test/10379} -> PackageSetting{9aaecc2 com.google.android.apps.maps/10204} BLOCKED
10-10 03:52:32.018  1902  1990 I AppsFilter: interaction: PackageSetting{e90aca4 com.fido.asm/10112} -> PackageSetting{9aaecc2 com.google.android.apps.maps/10204} BLOCKED
10-10 03:52:32.019  1902  1990 I AppsFilter: interaction: PackageSetting{298d377 io.appium.uiautomator2.server/10378} -> PackageSetting{9aaecc2 com.google.android.apps.maps/10204} BLOCKED
10-10 03:52:32.019  1902  1990 I AppsFilter: interaction: PackageSetting{844a6a8 io.appium.settings/10326} -> PackageSetting{9aaecc2 com.google.android.apps.maps/10204} BLOCKED
10-10 03:52:32.061  1902  1990 I PermissionManager: Permission ownership changed. Updating all permissions.
10-10 03:52:32.169  1902  1990 W PackageSettings: Couldn't write -1 to /config/sdcardfs/com.google.android.devicelock/appid
10-10 03:52:32.169  1902  1990 W PackageSettings: Couldn't write -1 to /config/sdcardfs/com.google.android.tzdata5/appid
10-10 03:52:32.170  1902  1990 W PackageSettings: Couldn't write -1 to /config/sdcardfs/com.google.android.ondevicepersonalization/appid
10-10 03:52:32.171  1902  1990 W PackageSettings: Couldn't write -1 to /config/sdcardfs/com.google.android.media.swcodec/appid
10-10 03:52:32.171  1902  1990 W PackageSettings: Couldn't write -1 to /config/sdcardfs/com.google.android.os.statsd/appid
10-10 03:52:32.172  1902  1990 W PackageSettings: Couldn't write -1 to /config/sdcardfs/com.google.mainline.primary.libs/appid
10-10 03:52:32.173  1902  1990 W PackageSettings: Couldn't write -1 to /config/sdcardfs/com.google.android.extservices/appid
10-10 03:52:32.173  1902  1990 W PackageSettings: Couldn't write -1 to /config/sdcardfs/com.android.uwb/appid
10-10 03:52:32.174  1902  1990 W PackageSettings: Couldn't write -1 to /config/sdcardfs/com.android.btservices/appid
10-10 03:52:32.174  1902  1990 W PackageSettings: Couldn't write -1 to /config/sdcardfs/com.google.android.healthfitness/appid
10-10 03:52:32.175  1902  1990 W PackageSettings: Couldn't write -1 to /config/sdcardfs/com.google.android.ipsec/appid
10-10 03:52:32.175  1902  1990 W PackageSettings: Couldn't write -1 to /config/sdcardfs/com.google.android.media/appid
10-10 03:52:32.176  1902  1990 W PackageSettings: Couldn't write -1 to /config/sdcardfs/com.android.i18n/appid
10-10 03:52:32.176  1902  1990 W PackageSettings: Couldn't write -1 to /config/sdcardfs/com.android.rkpd/appid
10-10 03:52:32.176  1902  1990 W PackageSettings: Couldn't write -1 to /config/sdcardfs/com.android.virt/appid
10-10 03:52:32.176  1902  1990 W PackageSettings: Couldn't write -1 to /config/sdcardfs/com.android.wifi/appid
10-10 03:52:32.177  1902  1990 W PackageSettings: Couldn't write -1 to /config/sdcardfs/com.google.android.appsearch/appid
10-10 03:52:32.177  1902  1990 W PackageSettings: Couldn't write -1 to /config/sdcardfs/com.google.android.configinfrastructure/appid
10-10 03:52:32.177  1902  1990 W PackageSettings: Couldn't write -1 to /config/sdcardfs/com.android.runtime/appid
10-10 03:52:32.178  1902  1990 W PackageSettings: Couldn't write -1 to /config/sdcardfs/com.google.android.cellbroadcast/appid
10-10 03:52:32.178  1902  1990 W PackageSettings: Couldn't write -1 to /config/sdcardfs/com.android.apex.cts.shim/appid
10-10 03:52:32.178  1902  1990 W PackageSettings: Couldn't write -1 to /config/sdcardfs/com.android.compos/appid
10-10 03:52:32.178  1902  1990 W PackageSettings: Couldn't write -1 to /config/sdcardfs/com.google.android.resolv/appid
10-10 03:52:32.178  1902  1990 W PackageSettings: Couldn't write -1 to /config/sdcardfs/com.google.android.sdkext/appid
10-10 03:52:32.178  1902  1990 W PackageSettings: Couldn't write -1 to /config/sdcardfs/com.google.android.art/appid
10-10 03:52:32.180  1902  1990 W PackageSettings: Couldn't write -1 to /config/sdcardfs/com.google.android.adservices/appid
10-10 03:52:32.181  1902  1990 W PackageSettings: Couldn't write -1 to /config/sdcardfs/com.google.android.scheduling/appid
10-10 03:52:32.181  1902  1990 W PackageSettings: Couldn't write -1 to /config/sdcardfs/com.google.android.mediaprovider/appid
10-10 03:52:32.181  1902  1990 W PackageSettings: Couldn't write -1 to /config/sdcardfs/com.google.android.permission/appid
10-10 03:52:32.182  1902  1990 W PackageSettings: Couldn't write -1 to /config/sdcardfs/com.android.vndk.v30/appid
10-10 03:52:32.182  1902  1990 W PackageSettings: Couldn't write -1 to /config/sdcardfs/com.android.vndk.v31/appid
10-10 03:52:32.182  1902  1990 W PackageSettings: Couldn't write -1 to /config/sdcardfs/com.android.vndk.v33/appid
10-10 03:52:32.182  1902  1990 W PackageSettings: Couldn't write -1 to /config/sdcardfs/com.android.vndk.v34/appid
10-10 03:52:32.183  1902  1990 W PackageSettings: Couldn't write -1 to /config/sdcardfs/com.google.android.neuralnetworks/appid
10-10 03:52:32.183  1902  1990 W PackageSettings: Couldn't write -1 to /config/sdcardfs/com.google.android.tethering/appid
10-10 03:52:32.184  1902  1990 W PackageSettings: Couldn't write -1 to /config/sdcardfs/com.google.android.adbd/appid
10-10 03:52:32.184  1902  1990 W PackageSettings: Couldn't write -1 to /config/sdcardfs/com.google.android.conscrypt/appid
10-10 03:52:32.218  1902  1954 I SmartPower: com.xiaomi.discover/10128(11400): idle->background(4922ms) R(broadcast start Intent { act=android.intent.action.BATTERY_CHANGED flg=0x60000010 (has extras) }) adj=905.
10-10 03:52:32.220  1902  1954 I SmartPower: com.android.chrome/10190(9035): idle->background(4876ms) R(broadcast start Intent { act=android.intent.action.BATTERY_CHANGED flg=0x60000010 (has extras) }) adj=900.
10-10 03:52:32.225  1902  1954 I SmartPower: com.android.vending:background/10184(9100): idle->background(5525ms) R(broadcast start Intent { act=android.intent.action.BATTERY_CHANGED flg=0x60000010 (has extras) }) adj=250.
10-10 03:52:32.256  1902  1919 W Looper  : Slow dispatch took 190ms android.fg h=android.os.Handler c=<recycled PooledLambda@ef49cfd> m=0
10-10 03:52:32.256  1902  1990 D BaselineProfile: asyncDexMetadataDexopt not enable
10-10 03:52:32.258  1902  1990 W PackageFreezer: Freeze package com.google.android.apps.maps about 0.246 seconds for reason: installPackageLI
10-10 03:52:32.258  1902  1990 I InstallationTiming: com.google.android.apps.maps|com.android.vending|19370|18616|326|3|0|64|3
10-10 03:52:32.259  1902  1990 I AppsFilter: interaction: PackageSetting{606e15c com.android.microdroid.empty_payload/10336} -> PackageSetting{891bb0b com.google.android.apps.maps/10204} BLOCKED
10-10 03:52:32.259  1902  1990 I AppsFilter: interaction: PackageSetting{835df93 io.appium.uiautomator2.server.test/10379} -> PackageSetting{891bb0b com.google.android.apps.maps/10204} BLOCKED
10-10 03:52:32.259  1902  1990 I AppsFilter: interaction: PackageSetting{e90aca4 com.fido.asm/10112} -> PackageSetting{891bb0b com.google.android.apps.maps/10204} BLOCKED
10-10 03:52:32.259  1902  1990 I AppsFilter: interaction: PackageSetting{298d377 io.appium.uiautomator2.server/10378} -> PackageSetting{891bb0b com.google.android.apps.maps/10204} BLOCKED
10-10 03:52:32.259  1902  1990 I AppsFilter: interaction: PackageSetting{844a6a8 io.appium.settings/10326} -> PackageSetting{891bb0b com.google.android.apps.maps/10204} BLOCKED
10-10 03:52:32.425  1902  1990 I ActivityManager: Force stopping com.google.android.apps.maps appid=10204 user=0: pkg removed
10-10 03:52:32.445  1902  1990 I ActivityManager: Force stopping com.google.android.apps.maps appid=10204 user=0: pkg removed
10-10 03:52:32.459  1902  1919 W Looper  : Slow delivery took 200ms android.fg h=android.os.Handler c=<recycled PooledLambda@ebaac43> m=0
10-10 03:52:32.510  1902  1919 W Looper  : Drained
10-10 03:52:32.524  1902  2571 E AppOps  : attributionTag VCN not declared in manifest of android
10-10 03:52:32.545  1902  1951 I MiuiCompatModePackages: package com.google.android.apps.maps updated, removing config
10-10 03:52:32.549  1902  2571 E AppOps  : attributionTag VCN not declared in manifest of android
10-10 03:52:32.553  1902  1990 D PackageInstallerSession: Marking session 400580999 as applied
10-10 03:52:32.556  1902  1902 D MBrainLocalService: isVendorFreezeConditionPass is false
10-10 03:52:32.556  1902  1902 E AppStateIntentReceiver: notifyChange failed
10-10 03:52:32.567  1902  2571 E AppOps  : attributionTag VCN not declared in manifest of android
10-10 03:52:32.569  1902  1954 I SmartPower: com.android.vending:instant_app_installer/10184(14517): idle->background(5873ms) R(broadcast start Intent { act=android.intent.action.PACKAGE_REMOVED dat=package: flg=0x4000010 pkg=com.android.vending (has extras) }) adj=915.
10-10 03:52:32.578 22918 23755 W ContextImpl: Calling a method in the system process without a qualified user: android.app.ContextImpl.bindService:1999 android.content.ContextWrapper.bindService:872 y2.e.m:57 y2.d.f:25 y2.d.a:0 
10-10 03:52:32.581  1902  3984 I SmartPower: com.miui.global.packageinstaller/10123(10224): idle->background(5577ms) R(service create com.miui.global.packageinstaller/.service.ScanDispatchService) adj=0.
10-10 03:52:32.584  1902  1902 I Telecom : CarModeTracker: Package com.google.android.apps.maps is not tracked.: SSH.oR@BG4
10-10 03:52:32.584  1902  1902 I Telecom-InCallController: updateCarModeForConnections: car mode apps: : SSH.oR@BG4
10-10 03:52:32.585  1902  1902 I Telecom-InCallController: update carmode current:UserHandle{0} parent:null: SSH.oR@BG4
10-10 03:52:32.593  1902  1902 D MBrainLocalService: isVendorFreezeConditionPass is false
10-10 03:52:32.593  1902  1902 E AppStateIntentReceiver: notifyChange failed
10-10 03:52:32.595  1902  2372 W PackageConfigPersister: App-specific configuration not found for packageName: com.google.android.apps.maps and userId: 0
10-10 03:52:32.602  1902  1902 D TransparencyService: com.google.android.apps.maps was updated. Scheduling measurement...
10-10 03:52:32.602  1902  1902 I TransparencyService: Scheduling binary content-digest computation job
10-10 03:52:32.602  1902  1902 D TransparencyService: A measurement job has already been scheduled.
10-10 03:52:32.623  1902  2620 I SmartPower: com.google.android.ext.services/10216(3010): idle->background(5746ms) R(add to whitelist) adj=0.
10-10 03:52:32.625  1902  1902 D MBrainLocalService: isVendorFreezeConditionPass is false
10-10 03:52:32.625  1902  1902 E AppStateIntentReceiver: notifyChange failed
10-10 03:52:32.654  1902 26208 D IntervalStats: Unable to parse usage stats packages: [6, 243, 244, 246, 247, 248, 255, 256, 257, 259, 260, 261, 263, 265, 266, 269, 271, 411, 414, 415, 424, 425, 426, 428, 429, 430, 431, 432, 433, 435, 438, 440, 464, 465, 466, 487, 488, 489, 490, 491, 492, 493, 494, 495, 496, 497, 498, 499, 500, 501, 502, 503, 506, 507, 510]
10-10 03:52:32.677  2983  3075 D MiuiFreeformCursorHandler: updateSupportMouse mSupportMouse：false
10-10 03:52:32.677  2983  3075 D MiuiFreeformCursorHandler: updateSupportMouse mSupportMouse：false
10-10 03:52:32.677  2983  3075 D MiuiFreeformCursorHandler: updateSupportMouse mSupportMouse：false
10-10 03:52:32.677  2983  3075 D MiuiFreeformCursorHandler: updateSupportMouse mSupportMouse：false
10-10 03:52:32.677  2983  3075 D MiuiFreeformCursorHandler: updateSupportMouse mSupportMouse：false
10-10 03:52:32.682  1902 22425 D IntervalStats: Unable to parse usage stats packages: [6, 243, 244, 246, 247, 248, 255, 256, 257, 259, 260, 261, 263, 265, 266, 269, 271, 411, 414, 415, 424, 425, 426, 428, 429, 430, 431, 432, 433, 435, 438, 440, 464, 465, 466, 487, 488, 489, 490, 491, 492, 493, 494, 495, 496, 497, 498, 499, 500, 501, 502, 503, 506, 507, 510]
10-10 03:52:32.690  2983  3075 D MiuiFreeformCursorHandler: updateSupportMouse mSupportMouse：false
10-10 03:52:32.690  2983  3075 D MiuiFreeformCursorHandler: updateSupportMouse mSupportMouse：false
10-10 03:52:32.769  1902  1950 W WindowMagnificationMgr: requestConnection duplicated request: connect=false, mConnectionState=DISCONNECTED
10-10 03:52:32.777  1902 23266 I SmartPower: com.miui.guardprovider/10120(4433): idle->background(5569ms) R(content provider start ContentProviderRecord{885fea8 u0 com.miui.guardprovider/.GuardProvider}) adj=0.
10-10 03:52:32.789  1902  1950 W WindowMagnificationMgr: requestConnection duplicated request: connect=false, mConnectionState=DISCONNECTED
10-10 03:52:32.805  1902  3984 D PerfShielderService: com.android.systemui|com.android.systemui-Not-1939607582|4036|103709050379719|87|5|120
10-10 03:52:32.957  1902  1954 I SmartPower: com.miui.home/10085(3001): idle->background(5734ms) R(broadcast start Intent { act=android.intent.action.PACKAGE_REMOVED dat=package: flg=0x4000010 (has extras) }) adj=100.
10-10 03:52:32.960  1902  1954 I SmartPower: com.google.android.as/10296(21945): idle->background(5733ms) R(broadcast start Intent { act=android.intent.action.PACKAGE_REMOVED dat=package: flg=0x4000010 (has extras) }) adj=100.
10-10 03:52:32.962  1902  1954 I SmartPower: com.google.android.apps.messaging:rcs/10181(22034): idle->background(5685ms) R(broadcast start Intent { act=android.intent.action.PACKAGE_REMOVED dat=package: flg=0x4000010 (has extras) }) adj=200.
10-10 03:52:32.971  1902  1954 I SmartPower: android.process.acore/10059(30513): idle->background(5730ms) R(broadcast start Intent { act=android.intent.action.PACKAGE_REMOVED dat=package: flg=0x4000010 (has extras) }) adj=800.
10-10 03:52:33.005  1902  2775 D CompatibilityChangeReporter: Compat change id reported: 261072174; UID 10180; state: ENABLED
10-10 03:52:33.008  1229  1600 W EventThreadInspector: slow VSync-app on display(4627039422300187648) count=60, avg=33 ms, max=33 ms.
10-10 03:52:33.010  1902  1954 I SmartPower: com.google.android.apps.messaging/10181(28276): idle->background(5733ms) R(broadcast start Intent { act=android.intent.action.PACKAGE_REMOVED dat=package: flg=0x4000010 (has extras) }) adj=905.
10-10 03:52:33.011  1902  1954 I SmartPower: com.google.android.apps.photos/10205(25965): idle->background(5734ms) R(broadcast start Intent { act=android.intent.action.PACKAGE_REMOVED dat=package: flg=0x4000010 (has extras) }) adj=905.
10-10 03:52:33.018  1902  3984 D IntervalStats: Unable to parse usage stats packages: [6, 243, 244, 246, 247, 248, 255, 256, 257, 259, 260, 261, 263, 265, 266, 269, 271, 411, 414, 415, 424, 425, 426, 428, 429, 430, 431, 432, 433, 435, 438, 440, 464, 465, 466, 487, 488, 489, 490, 491, 492, 493, 494, 495, 496, 497, 498, 499, 500, 501, 502, 503, 506, 507, 510]
10-10 03:52:33.022  1902  1954 I SmartPower: com.google.android.videos/10312(31305): idle->background(5726ms) R(broadcast start Intent { act=android.intent.action.PACKAGE_REMOVED dat=package: flg=0x4000010 (has extras) }) adj=905.
10-10 03:52:33.026  1902  1954 I SmartPower: com.mi.globalminusscreen/10076(31794): idle->background(5730ms) R(broadcast start Intent { act=android.intent.action.PACKAGE_REMOVED dat=package: flg=0x4000010 (has extras) }) adj=100.
10-10 03:52:33.028  1902  1954 I SmartPower: com.google.android.documentsui/10068(1756): idle->background(5732ms) R(broadcast start Intent { act=android.intent.action.PACKAGE_REMOVED dat=package: flg=0x4000010 (has extras) }) adj=905.
10-10 03:52:33.033  1902  1954 I SmartPower: com.google.android.contacts:learning_bg/10189(15946): idle->background(5736ms) R(broadcast start Intent { act=android.intent.action.PACKAGE_REMOVED dat=package: flg=0x4000010 (has extras) }) adj=935.
10-10 03:52:33.099  1902  1985 D PermissionManager: writeLegacyPermissionState for user  in 24 ms.
10-10 03:52:33.101  1902  3984 D PackageManager: set app component=ComponentInfo{com.google.android.gms/com.google.android.gms.matchstick.ui.LighterMessageIntentActivity} enabled state: 2 from com.google.android.gms,uid=10175,pid=15068
10-10 03:52:33.106  1902 23267 D PackageManager: set app component=ComponentInfo{com.google.android.gms/com.google.android.gms.matchstick.ui.LighterMessageIntentActivity} enabled state: 2 from com.google.android.gms,uid=10175,pid=15068
10-10 03:52:33.314  1902  2336 D AlarmManager: mBroadcastRefCount -> 1
10-10 03:52:33.317  1902  2336 D AlarmManager: mBroadcastRefCount -> 2
10-10 03:52:33.319  1902  1902 D AlarmManager: mBroadcastRefCount -> 1
10-10 03:52:33.319  1902  1902 D AlarmManager: mPendingIntent -> null
10-10 03:52:33.324  1902  2323 D CompatibilityChangeReporter: Compat change id reported: 265195908; UID 10184; state: ENABLED
10-10 03:52:33.378  1902  1977 I DisplayPowerController[0]: Blocking screen off
10-10 03:52:33.379  1902  1977 I DisplayPowerController[0]: Unblocked screen off after 1 ms
10-10 03:52:33.381  1902  1977 I WindowManager: Display0 turned off...
10-10 03:52:33.382  1902  1977 D DisplayPowerControllerImpl: updateBrightnessChangeStatus: animating: false, displayState: 1, slowChange: false, appliedDimming: false, appliedLowPower: false, currentBrightness: 0.058980778, currentSdrBrightness: 0.058980778, targetBrightness: 0.0, targetSdrBrightness: 0.0, previousDisplayPolicy: 1, currentDisplayPolicy: 1
10-10 03:52:33.384  1902  1977 I DisplayPowerController[0]: Brightness [-1.0] reason changing to: 'screen_off', previous reason: 'doze_default'.
10-10 03:52:33.384  1902  1977 I DisplayPowerController[0]: BrightnessEvent: disp=0, physDisp=local:4627039422300187648, brt=-1.0, initBrt=0.058980778, rcmdBrt=NaN, preBrt=NaN, lux=0.0, preLux=0.0, hbmMax=0.499938, hbmMode=off, rbcStrength=50, thrmMax=1.0, powerFactor=1.0, wasShortTermModelActive=false, flags=, reason=screen_off, autoBrightness=true, strategy=
10-10 03:52:33.384  1902 22425 D AlarmManager: mBroadcastRefCount -> 0
10-10 03:52:33.384  1902 22425 D AlarmManager: mPendingIntent -> null
10-10 03:52:33.385  1902  1938 D TAG     : Remove previously redundant display event 0/4 to 10075/2415
10-10 03:52:33.385  1902  1938 D TAG     : Remove previously redundant display event 0/4 to 10132/5492
10-10 03:52:33.385  1902  1938 D TAG     : Remove previously redundant display event 0/4 to 6101/8896
10-10 03:52:33.385  1902  1938 D TAG     : Remove previously redundant display event 0/4 to 10190/9035
10-10 03:52:33.385  1902  1938 D TAG     : Remove previously redundant display event 0/4 to 10313/9231
10-10 03:52:33.385  1902  1938 D TAG     : Remove previously redundant display event 0/4 to 10121/10538
10-10 03:52:33.385  1902  1938 D TAG     : Remove previously redundant display event 0/4 to 10190/11725
10-10 03:52:33.385  1902  1938 D TAG     : Remove previously redundant display event 0/4 to 10150/20996
10-10 03:52:33.385  1902  1938 D TAG     : Remove previously redundant display event 0/4 to 10131/23667
10-10 03:52:33.385  1902  1938 D TAG     : Remove previously redundant display event 0/4 to 10312/31305
10-10 03:52:33.386  1902  2652 D DisplayFeatureManagerService: setDozeBrightness, brightness: 0, value: 0
10-10 03:52:33.386  1902  1938 I DisplayDeviceRepository: Display device changed state: "Built-in Screen", OFF
10-10 03:52:33.386  1902  2652 D DisplayFeatureManagerService: setScreenEffect displayId=0 mode=25 value=0 cookie=255 from pid=1902
10-10 03:52:33.387  1902  2652 I LocalDisplayAdapter: setDisplayState(id=4627039422300187648, state=OFF)
10-10 03:52:33.390  2983  3075 D OneHandedController: stopOneHanded state is 0
10-10 03:52:33.391  1902  1938 D TAG     : Remove previously redundant display event 0/2 to 10075/2415
10-10 03:52:33.392  1902  1938 D TAG     : Remove previously redundant display event 0/2 to 10132/5492
10-10 03:52:33.392  1902  1938 D TAG     : Remove previously redundant display event 0/2 to 6101/8896
10-10 03:52:33.392  1902  1938 D TAG     : Remove previously redundant display event 0/2 to 10190/9035
10-10 03:52:33.392  1902  1938 D TAG     : Remove previously redundant display event 0/2 to 10313/9231
10-10 03:52:33.392  1902  1938 D TAG     : Remove previously redundant display event 0/2 to 10121/10538
10-10 03:52:33.392  1902  1938 D TAG     : Remove previously redundant display event 0/2 to 10190/11725
10-10 03:52:33.393  1902  1938 D TAG     : Remove previously redundant display event 0/2 to 10150/20996
10-10 03:52:33.393  1902  1938 D TAG     : Remove previously redundant display event 0/2 to 10131/23667
10-10 03:52:33.393  1902  1938 D TAG     : Remove previously redundant display event 0/2 to 10312/31305
10-10 03:52:33.398  1902  1939 I DisplayDevice: [0] Layerstack set to -1 for local:4627039422300187648
10-10 03:52:33.620  1902  2652 W BpBinder: Slow Binder: BpBinder transact took 232 ms, interface=android.gui.ISurfaceComposer, code=9 oneway=false
10-10 03:52:33.623  1902  1938 I DisplayDeviceRepository: Display device changed state: "Built-in Screen", OFF
10-10 03:52:33.626  1902  1938 D TAG     : Remove previously redundant display event 0/2 to 10075/2415
10-10 03:52:33.626  1902  1938 D TAG     : Remove previously redundant display event 0/2 to 10132/5492
10-10 03:52:33.627  1902  1938 D TAG     : Remove previously redundant display event 0/2 to 6101/8896
10-10 03:52:33.627  1902  1938 D TAG     : Remove previously redundant display event 0/2 to 10190/9035
10-10 03:52:33.627  1902  1938 D TAG     : Remove previously redundant display event 0/2 to 10313/9231
10-10 03:52:33.627  1902  1938 D TAG     : Remove previously redundant display event 0/2 to 10121/10538
10-10 03:52:33.627  1902  1938 D TAG     : Remove previously redundant display event 0/2 to 10190/11725
10-10 03:52:33.631  1902  1938 D TAG     : Remove previously redundant display event 0/2 to 10150/20996
10-10 03:52:33.632  1902  1938 D TAG     : Remove previously redundant display event 0/2 to 10131/23667
10-10 03:52:33.635  1902  1938 D TAG     : Remove previously redundant display event 0/2 to 10312/31305
10-10 03:52:33.635  1902  1938 D TAG     : Remove previously redundant display event 0/2 to 10184/31626
10-10 03:52:33.653  1902  1938 I DisplayDeviceRepository: Display device changed: DisplayDeviceInfo{"Built-in Screen": uniqueId="local:4627039422300187648", 1080 x 2400, modeId 2, renderFrameRate 120.00001, defaultModeId 2, supportedModes [{id=1, width=1080, height=2400, fps=60.0, alternativeRefreshRates=[30.000002, 90.0, 120.00001], supportedHdrTypes=[1, 2, 3, 4]}, {id=2, width=1080, height=2400, fps=120.00001, alternativeRefreshRates=[30.000002, 60.0, 90.0], supportedHdrTypes=[1, 2, 3, 4]}, {id=3, width=1080, height=2400, fps=90.0, alternativeRefreshRates=[30.000002, 60.0, 120.00001], supportedHdrTypes=[1, 2, 3, 4]}, {id=4, width=1080, height=2400, fps=30.000002, alternativeRefreshRates=[60.0, 90.0, 120.00001], supportedHdrTypes=[1, 2, 3, 4]}], colorMode 0, supportedColorModes [0, 7, 9], hdrCapabilities HdrCapabilities{mSupportedHdrTypes=[1, 2, 3, 4], mMaxLuminance=500.0, mMaxAverageLuminance=500.0, mMinLuminance=0.0}, allmSupported false, gameContentTypeSupported false, density 440, 394.409 x 394.409 dpi, appVsyncOff 1199999, presDeadline 14800000, cutout DisplayCutout{insets=Rect(0, 94 - 0, 0) waterfall=Insets{left=0, top=0, right=0, bottom=0} boundingRect={Bounds=[Rect(0, 0 - 0, 0), Rect(512, 0 - 568, 94), Rect(0, 0 - 0, 0), Rect(0, 0 - 0, 0)]} cutoutPathParserInfo={CutoutPathParserInfo{displayWidth=1080 displayHeight=2400 physicalDisplayWidth=1080 physicalDisplayHeight=2400 density={2.75} cutoutSpec={M 0,0 H -28 V 94 H 28 V 0 H 0 Z} rotation={0} scale={1.0} physicalPixelDisplaySizeRatio={1.0}}}}, touch INTERNAL, rotation 0, type INTERNAL, address {port=0, model=0x40368bd6e7ee6c}, deviceProductInfo DeviceProductInfo{name=MTKDEV, manufacturerPnpId=MTK, productId=35638, modelYear=null, manufactureDate=ManufactureDate{week=42, year=2021}, connectionToSinkType=0}, state OFF, committedState OFF, frameRateOverride , brightnessMinimum 0.0, brightnessMaximum 1.0, brightnessDefault 0.07496032, hdrSdrRatio NaN, roundedCorners RoundedCorners{[RoundedCorner{position=TopLeft, radius=70, center=Point(70, 70)}, RoundedCorner{position=TopRight, radius=70, center=Point(1010, 70)}, RoundedCorner{position=BottomRight, radius=70, center=Point(1010, 2330)}, RoundedCorner{position=BottomLeft, radius=70, center=Point(70, 2330)}]}, FLAG_ALLOWED_TO_BE_DEFAULT_DISPLAY, FLAG_ROTATES_WITH_CONTENT, FLAG_SECURE, FLAG_SUPPORTS_PROTECTED_BUFFERS, FLAG_TRUSTED, installOrientation 0, displayShape DisplayShape{ spec=-1893857183 displayWidth=1080 displayHeight=2400 physicalPixelDisplaySizeRatio=1.0 rotation=0 offsetX=0 offsetY=0 scale=1.0}}
10-10 03:52:33.656  1902  1938 D TAG     : Remove previously redundant display event 0/2 to 10075/2415
10-10 03:52:33.656  1902  1938 D TAG     : Remove previously redundant display event 0/2 to 10132/5492
10-10 03:52:33.656  1902  1938 D TAG     : Remove previously redundant display event 0/2 to 6101/8896
10-10 03:52:33.656  1902  1938 D TAG     : Remove previously redundant display event 0/2 to 10190/9035
10-10 03:52:33.657  1902  1938 D TAG     : Remove previously redundant display event 0/2 to 10313/9231
10-10 03:52:33.657  1902  1938 D TAG     : Remove previously redundant display event 0/2 to 10121/10538
10-10 03:52:33.657  1902  1938 D TAG     : Remove previously redundant display event 0/2 to 10190/11725
10-10 03:52:33.657  1902  1938 D TAG     : Remove previously redundant display event 0/2 to 10150/20996
10-10 03:52:33.658  1902  1938 D TAG     : Remove previously redundant display event 0/2 to 10131/23667
10-10 03:52:33.658  1902  1938 D TAG     : Remove previously redundant display event 0/2 to 10312/31305
10-10 03:52:33.658  1902  1938 D TAG     : Remove previously redundant display event 0/2 to 10184/31626
10-10 03:52:33.676  1229  1641 W EventThreadInspector: slow VSync-appSf on display(4627039422300187648) count=6, avg=27 ms, max=33 ms.
10-10 03:52:33.960  1902  1954 I SmartPower: com.google.android.gm/10197(460): idle->background(42292ms) R(broadcast start Intent { act=android.os.action.DEVICE_IDLE_MODE_CHANGED flg=0x50000010 }) adj=925.
10-10 03:52:51.525  1902  2591 D MiuiBatteryServiceImpl: currenet connector temp = 216 Last currenet connector temp = 215
10-10 03:52:51.732  1902  2620 I SmartPower: com.google.android.gms/10175(15068): background->idle(3005ms) R(service destroy com.google.android.gms/.chimera.GmsIntentOperationService) adj=500.
10-10 03:52:51.867  1902 23267 W BpBinder: Slow Binder: BpBinder transact took 703 ms, interface=android.system.suspend.ISystemSuspend, code=1 oneway=false
10-10 03:52:51.870 15337 15337 W BpBinder: Slow Binder: BpBinder transact took 707 ms, interface=android.os.IPowerManager, code=1 oneway=false
10-10 03:52:51.876  1902  1902 W Looper  : Slow dispatch took 441ms main h=android.app.ActivityThread$H c=android.app.LoadedApk$ReceiverDispatcher$Args$$ExternalSyntheticLambda0@b1ba395 m=0
10-10 03:52:51.876 15068 15068 W BpBinder: Slow Binder: BpBinder transact took 711 ms, interface=android.os.IPowerManager, code=32 oneway=false
10-10 03:52:51.876  1902  1902 W Looper  : Slow delivery took 442ms main h=android.app.ActivityThread$H c=android.app.LoadedApk$ReceiverDispatcher$Args$$ExternalSyntheticLambda0@da3caa m=0
10-10 03:52:51.878  1902  1902 D UiModeManager: updateConfigurationLocked: mDockState=0; mCarMode=false; mCar=false; mPowerSave=false; mOverrideNightModeOn=false; mOverrideNightModeOff=false; mComputedNightMode=false; mNightMode=1; uiMode=17
10-10 03:52:51.878   460   460 W BpBinder: Slow Binder: BpBinder transact took 711 ms, interface=android.os.IPowerManager, code=32 oneway=false
10-10 03:52:51.879  1902  1902 W Looper  : Drained
10-10 03:52:52.424  1902  2620 I SmartPower: com.xiaomi.discover/10128(11400): background->idle(3002ms) R(broadcast start Intent { act=android.intent.action.BATTERY_CHANGED flg=0x60000010 (has extras) }) adj=905.
10-10 03:52:52.432  1902  2620 I SmartPower: com.android.chrome/10190(9035): background->idle(3008ms) R(broadcast start Intent { act=android.intent.action.BATTERY_CHANGED flg=0x60000010 (has extras) }) adj=900.
