10-10 15:16:07.643  2042  8301 D BackupTransportManager: [UserID:0] Transport com.google.android.gms/.backup.BackupTransportService updated its attributes
10-10 15:16:07.646  2042 14803 I PFTBT   : Transport rejected backup of com.google.mainline.telemetry, skipping
10-10 15:16:07.646  2042 14803 I PFTBT   : Unbinding agent in com.google.mainline.telemetry
10-10 15:16:07.646  2042 14803 W ActivityManager: Unbinding backup agent with no active backup
10-10 15:16:07.646  2042 14803 I PFTBT   : Full backup completed with status: 0
10-10 15:16:07.659  2042 14803 D ActivityManager: checkAllowBackground: uid=1000 pkg=android rec=UidRecord{b77cac0 1000 PER  fgServices change:procadj procs:0 seq(1285566,448524)} caps=LCMNFU always=false idle=false
10-10 15:16:07.667  2042 14803 I PFTBT   : Full data backup pass finished.
10-10 15:16:07.667  2042 14803 I BackupManagerService: [UserID:0] Released wakelock:*backup*-0-6603
10-10 15:16:07.668  2042  2042 I BackupManagerService: [UserID:0] Beginning scheduled full backup operation
10-10 15:16:07.669  2042  2042 D PFTBT   : backupmanager pftbt token=2d3fbb37
10-10 15:16:07.670  2042  2042 I BackupManagerService: [UserID:0] Acquired wakelock:*backup*-0-6603
10-10 15:16:07.693  2042  2042 I TransportConnection: BackupTransportService#3494: Notifying [PFTBT.run()] transport = BackupTransportClient
10-10 15:16:07.697  2042 14804 I PFTBT   : Initiating full-data transport backup of com.android.providers.partnerbookmarks token: 759151415
10-10 15:16:07.699  2042  2072 D BackupTransportManager: [UserID:0] Transport com.google.android.gms/.backup.BackupTransportService updated its attributes
10-10 15:16:07.705  2042 14804 I PFTBT   : Transport rejected backup of com.android.providers.partnerbookmarks, skipping
10-10 15:16:07.706  2042 14804 I PFTBT   : Unbinding agent in com.android.providers.partnerbookmarks
10-10 15:16:07.706  2042 14804 W ActivityManager: Unbinding backup agent with no active backup
10-10 15:16:07.706  2042 14804 I PFTBT   : Full backup completed with status: 0
10-10 15:16:07.718  2042 14804 D ActivityManager: checkAllowBackground: uid=1000 pkg=android rec=UidRecord{b77cac0 1000 PER  fgServices change:procadj procs:0 seq(1285566,448524)} caps=LCMNFU always=false idle=false
10-10 15:16:07.726  2042 14804 I PFTBT   : Full data backup pass finished.
10-10 15:16:07.726  2042 14804 I BackupManagerService: [UserID:0] Released wakelock:*backup*-0-6603
10-10 15:16:07.728  2042  2042 I BackupManagerService: [UserID:0] Beginning scheduled full backup operation
10-10 15:16:07.729  2042  2042 D PFTBT   : backupmanager pftbt token=155e8039
10-10 15:16:07.730  2042  2042 I BackupManagerService: [UserID:0] Acquired wakelock:*backup*-0-6603
10-10 15:16:07.759  2042  2042 I TransportConnection: BackupTransportService#3495: Notifying [PFTBT.run()] transport = BackupTransportClient
10-10 15:16:07.762  2042 14805 I PFTBT   : Initiating full-data transport backup of com.android.wallpaper.livepicker token: 358514745
10-10 15:16:07.765  2042  7011 D BackupTransportManager: [UserID:0] Transport com.google.android.gms/.backup.BackupTransportService updated its attributes
10-10 15:16:07.776  2042 14805 I PFTBT   : Transport rejected backup of com.android.wallpaper.livepicker, skipping
10-10 15:16:07.776  2042 14805 I PFTBT   : Unbinding agent in com.android.wallpaper.livepicker
10-10 15:16:07.777  2042 14805 W ActivityManager: Unbinding backup agent with no active backup
10-10 15:16:07.777  2042 14805 I PFTBT   : Full backup completed with status: 0
10-10 15:16:07.791  2042 14805 D ActivityManager: checkAllowBackground: uid=1000 pkg=android rec=UidRecord{b77cac0 1000 PER  fgServices change:procadj procs:0 seq(1285566,448524)} caps=LCMNFU always=false idle=false
10-10 15:16:07.794  2042 14805 I PFTBT   : Full data backup pass finished.
10-10 15:16:07.795  2042 14805 I BackupManagerService: [UserID:0] Released wakelock:*backup*-0-6603
10-10 15:16:07.795  2042  2042 I BackupManagerService: [UserID:0] Beginning scheduled full backup operation
10-10 15:16:07.796  2042  2042 D PFTBT   : backupmanager pftbt token=3a62ec3b
10-10 15:16:07.797  2042  2042 I BackupManagerService: [UserID:0] Acquired wakelock:*backup*-0-6603
10-10 15:16:07.827  2042  2042 I TransportConnection: BackupTransportService#3496: Notifying [PFTBT.run()] transport = BackupTransportClient
10-10 15:16:07.830  2042 14806 I PFTBT   : Initiating full-data transport backup of com.android.systemui.navigation.bar.overlay token: 979561531
10-10 15:16:07.836  2042  7011 D BackupTransportManager: [UserID:0] Transport com.google.android.gms/.backup.BackupTransportService updated its attributes
10-10 15:16:07.840  2042 14806 I PFTBT   : Transport rejected backup of com.android.systemui.navigation.bar.overlay, skipping
10-10 15:16:07.840  2042 14806 I PFTBT   : Unbinding agent in com.android.systemui.navigation.bar.overlay
10-10 15:16:07.840  2042 14806 W ActivityManager: Unbinding backup agent with no active backup
10-10 15:16:07.840  2042 14806 I PFTBT   : Full backup completed with status: 0
10-10 15:16:07.852  2042 14806 D ActivityManager: checkAllowBackground: uid=1000 pkg=android rec=UidRecord{b77cac0 1000 PER  fgServices change:procadj procs:0 seq(1285566,448524)} caps=LCMNFU always=false idle=false
10-10 15:16:07.858  2042 14806 I PFTBT   : Full data backup pass finished.
10-10 15:16:07.859  2042 14806 I BackupManagerService: [UserID:0] Released wakelock:*backup*-0-6603
10-10 15:16:07.860  2042  2042 I BackupManagerService: [UserID:0] Beginning scheduled full backup operation
10-10 15:16:07.862  2042  2042 D PFTBT   : backupmanager pftbt token=49e9483d
10-10 15:16:07.863  2042  2042 I BackupManagerService: [UserID:0] Acquired wakelock:*backup*-0-6603
10-10 15:16:07.887  2042  2042 I TransportConnection: BackupTransportService#3497: Notifying [PFTBT.run()] transport = BackupTransportClient
10-10 15:16:07.891  2042  6982 D BackupTransportManager: [UserID:0] Transport com.google.android.gms/.backup.BackupTransportService updated its attributes
10-10 15:16:07.893  2042 14807 I PFTBT   : Initiating full-data transport backup of com.google.android.cellbroadcastservice.overlay.miui token: 1240025149
10-10 15:16:07.901  2042 14807 I PFTBT   : Transport rejected backup of com.google.android.cellbroadcastservice.overlay.miui, skipping
10-10 15:16:07.901  2042 14807 I PFTBT   : Unbinding agent in com.google.android.cellbroadcastservice.overlay.miui
10-10 15:16:07.901  2042 14807 W ActivityManager: Unbinding backup agent with no active backup
10-10 15:16:07.902  2042 14807 I PFTBT   : Full backup completed with status: 0
10-10 15:16:07.915  2042 14807 D ActivityManager: checkAllowBackground: uid=1000 pkg=android rec=UidRecord{b77cac0 1000 PER  fgServices change:procadj procs:0 seq(1285566,448524)} caps=LCMNFU always=false idle=false
10-10 15:16:07.919  2042 14807 I PFTBT   : Full data backup pass finished.
10-10 15:16:07.919  2042 14807 I BackupManagerService: [UserID:0] Released wakelock:*backup*-0-6603
10-10 15:16:07.920  2042  2042 I BackupManagerService: [UserID:0] Beginning scheduled full backup operation
10-10 15:16:07.921  2042  2042 D PFTBT   : backupmanager pftbt token=79e52f3f
10-10 15:16:07.922  2042  2042 I BackupManagerService: [UserID:0] Acquired wakelock:*backup*-0-6603
10-10 15:16:07.947  2042  2042 I TransportConnection: BackupTransportService#3498: Notifying [PFTBT.run()] transport = BackupTransportClient
10-10 15:16:07.950  2042 14808 I PFTBT   : Initiating full-data transport backup of com.wdstechnology.android.kryten token: 2045062975
10-10 15:16:07.956  2042  8301 D BackupTransportManager: [UserID:0] Transport com.google.android.gms/.backup.BackupTransportService updated its attributes
10-10 15:16:07.960  2042 14808 I PFTBT   : Transport rejected backup of com.wdstechnology.android.kryten, skipping
10-10 15:16:07.960  2042 14808 I PFTBT   : Unbinding agent in com.wdstechnology.android.kryten
10-10 15:16:07.960  2042 14808 W ActivityManager: Unbinding backup agent with no active backup
10-10 15:16:07.960  2042 14808 I PFTBT   : Full backup completed with status: 0
10-10 15:16:07.970  2042 14808 D ActivityManager: checkAllowBackground: uid=1000 pkg=android rec=UidRecord{b77cac0 1000 PER  fgServices change:procadj procs:0 seq(1285566,448524)} caps=LCMNFU always=false idle=false
10-10 15:16:07.983  2042 14808 I PFTBT   : Full data backup pass finished.
10-10 15:16:07.984  2042 14808 I BackupManagerService: [UserID:0] Released wakelock:*backup*-0-6603
10-10 15:16:07.984  2042  2042 I BackupManagerService: [UserID:0] Beginning scheduled full backup operation
10-10 15:16:07.985  2042  2042 D PFTBT   : backupmanager pftbt token=72f97041
10-10 15:16:07.985  2042  2042 I BackupManagerService: [UserID:0] Acquired wakelock:*backup*-0-6603
10-10 15:16:08.016  2042  2042 I TransportConnection: BackupTransportService#3499: Notifying [PFTBT.run()] transport = BackupTransportClient
10-10 15:16:08.020  2042  8301 D BackupTransportManager: [UserID:0] Transport com.google.android.gms/.backup.BackupTransportService updated its attributes
10-10 15:16:08.024  2042 14809 I PFTBT   : Initiating full-data transport backup of com.android.bookmarkprovider token: 1928949825
10-10 15:16:08.042  2042 14809 I PFTBT   : Transport rejected backup of com.android.bookmarkprovider, skipping
10-10 15:16:08.042  2042 14809 I PFTBT   : Unbinding agent in com.android.bookmarkprovider
10-10 15:16:08.042  2042 14809 W ActivityManager: Unbinding backup agent with no active backup
10-10 15:16:08.042  2042 14809 I PFTBT   : Full backup completed with status: 0
10-10 15:16:08.050  2042 14809 D ActivityManager: checkAllowBackground: uid=1000 pkg=android rec=UidRecord{b77cac0 1000 PER  fgServices change:procadj procs:0 seq(1285566,448524)} caps=LCMNFU always=false idle=false
10-10 15:16:08.053  2042 14809 I PFTBT   : Full data backup pass finished.
10-10 15:16:08.053  2042 14809 I BackupManagerService: [UserID:0] Released wakelock:*backup*-0-6603
10-10 15:16:08.054  2042  2042 I BackupManagerService: [UserID:0] Beginning scheduled full backup operation
10-10 15:16:08.055  2042  2042 D PFTBT   : backupmanager pftbt token=35b32c43
10-10 15:16:08.055  2042  2042 I BackupManagerService: [UserID:0] Acquired wakelock:*backup*-0-6603
10-10 15:16:08.081  2042  2042 I TransportConnection: BackupTransportService#3500: Notifying [PFTBT.run()] transport = BackupTransportClient
10-10 15:16:08.087  2042 14810 I PFTBT   : Initiating full-data transport backup of com.qualcomm.qti.lpa token: 900934723
10-10 15:16:08.097  2042 14810 I PFTBT   : Transport rejected backup of com.qualcomm.qti.lpa, skipping
10-10 15:16:08.097  2042 14810 I PFTBT   : Unbinding agent in com.qualcomm.qti.lpa
10-10 15:16:08.098  2042 14810 W ActivityManager: Unbinding backup agent with no active backup
10-10 15:16:08.098  2042 14810 I PFTBT   : Full backup completed with status: 0
10-10 15:16:08.102  2042  7011 D BackupTransportManager: [UserID:0] Transport com.google.android.gms/.backup.BackupTransportService updated its attributes
10-10 15:16:08.113  2042 14810 D ActivityManager: checkAllowBackground: uid=1000 pkg=android rec=UidRecord{b77cac0 1000 PER  fgServices change:procadj procs:0 seq(1285566,448524)} caps=LCMNFU always=false idle=false
10-10 15:16:08.118  2042 14810 I PFTBT   : Full data backup pass finished.
10-10 15:16:08.118  2042 14810 I BackupManagerService: [UserID:0] Released wakelock:*backup*-0-6603
10-10 15:16:08.119  2042  2042 I BackupManagerService: [UserID:0] Beginning scheduled full backup operation
10-10 15:16:08.120  2042  2042 D PFTBT   : backupmanager pftbt token=54d3b745
10-10 15:16:08.121  2042  2042 I BackupManagerService: [UserID:0] Acquired wakelock:*backup*-0-6603
10-10 15:16:08.145  2042  2042 I TransportConnection: BackupTransportService#3501: Notifying [PFTBT.run()] transport = BackupTransportClient
10-10 15:16:08.149  2042 14811 I PFTBT   : Initiating full-data transport backup of com.qualcomm.qti.uim token: 1423161157
10-10 15:16:08.157  2042  7011 D BackupTransportManager: [UserID:0] Transport com.google.android.gms/.backup.BackupTransportService updated its attributes
10-10 15:16:08.157  2042 14811 I PFTBT   : Transport rejected backup of com.qualcomm.qti.uim, skipping
10-10 15:16:08.158  2042 14811 I PFTBT   : Unbinding agent in com.qualcomm.qti.uim
10-10 15:16:08.158  2042 14811 W ActivityManager: Unbinding backup agent with no active backup
10-10 15:16:08.158  2042 14811 I PFTBT   : Full backup completed with status: 0
10-10 15:16:08.167  2042 14811 D ActivityManager: checkAllowBackground: uid=1000 pkg=android rec=UidRecord{b77cac0 1000 PER  fgServices change:procadj procs:0 seq(1285566,448524)} caps=LCMNFU always=false idle=false
10-10 15:16:08.169  2042 14811 I PFTBT   : Full data backup pass finished.
10-10 15:16:08.170  2042 14811 I BackupManagerService: [UserID:0] Released wakelock:*backup*-0-6603
10-10 15:16:08.171  2042  2042 I BackupManagerService: [UserID:0] Beginning scheduled full backup operation
10-10 15:16:08.171  2042  2042 D PFTBT   : backupmanager pftbt token=231f3147
10-10 15:16:08.173  2042  2042 I BackupManagerService: [UserID:0] Acquired wakelock:*backup*-0-6603
10-10 15:16:08.200  2042  2042 I TransportConnection: BackupTransportService#3502: Notifying [PFTBT.run()] transport = BackupTransportClient
10-10 15:16:08.204  2042 14812 I PFTBT   : Initiating full-data transport backup of com.android.cts.ctsshim token: 589246791
10-10 15:16:08.214  2042  2072 D BackupTransportManager: [UserID:0] Transport com.google.android.gms/.backup.BackupTransportService updated its attributes
10-10 15:16:08.216  2042 14812 I PFTBT   : Transport rejected backup of com.android.cts.ctsshim, skipping
10-10 15:16:08.216  2042 14812 I PFTBT   : Unbinding agent in com.android.cts.ctsshim
10-10 15:16:08.220  2042 14812 W ActivityManager: Unbinding backup agent with no active backup
10-10 15:16:08.220  2042 14812 I PFTBT   : Full backup completed with status: 0
10-10 15:16:08.223  2042 14812 D ActivityManager: checkAllowBackground: uid=1000 pkg=android rec=UidRecord{b77cac0 1000 PER  fgServices change:procadj procs:0 seq(1285566,448524)} caps=LCMNFU always=false idle=false
10-10 15:16:08.226  2042 14812 I PFTBT   : Full data backup pass finished.
10-10 15:16:08.226  2042 14812 I BackupManagerService: [UserID:0] Released wakelock:*backup*-0-6603
10-10 15:16:08.229  2042  2042 I BackupManagerService: [UserID:0] Beginning scheduled full backup operation
10-10 15:16:08.230  2042  2042 D PFTBT   : backupmanager pftbt token=615fd149
10-10 15:16:08.231  2042  2042 I BackupManagerService: [UserID:0] Acquired wakelock:*backup*-0-6603
10-10 15:16:08.261  2042  2042 I TransportConnection: BackupTransportService#3503: Notifying [PFTBT.run()] transport = BackupTransportClient
10-10 15:16:08.264  2042 14813 I PFTBT   : Initiating full-data transport backup of com.google.android.overlay.modules.modulemetadata.forframework token: 1633669449
10-10 15:16:08.272  2042  6982 D BackupTransportManager: [UserID:0] Transport com.google.android.gms/.backup.BackupTransportService updated its attributes
10-10 15:16:08.273  2042 14813 I PFTBT   : Transport rejected backup of com.google.android.overlay.modules.modulemetadata.forframework, skipping
10-10 15:16:08.273  2042 14813 I PFTBT   : Unbinding agent in com.google.android.overlay.modules.modulemetadata.forframework
10-10 15:16:08.275  2042 14813 W ActivityManager: Unbinding backup agent with no active backup
10-10 15:16:08.275  2042 14813 I PFTBT   : Full backup completed with status: 0
10-10 15:16:08.284  2042 14813 D ActivityManager: checkAllowBackground: uid=1000 pkg=android rec=UidRecord{b77cac0 1000 PER  fgServices change:procadj procs:0 seq(1285566,448524)} caps=LCMNFU always=false idle=false
10-10 15:16:08.287  2042 14813 I PFTBT   : Full data backup pass finished.
10-10 15:16:08.288  2042 14813 I BackupManagerService: [UserID:0] Released wakelock:*backup*-0-6603
10-10 15:16:08.288  2042  2042 I BackupManagerService: [UserID:0] Beginning scheduled full backup operation
10-10 15:16:08.289  2042  2042 D PFTBT   : backupmanager pftbt token=55818e4b
10-10 15:16:08.290  2042  2042 I BackupManagerService: [UserID:0] Acquired wakelock:*backup*-0-6603
10-10 15:16:08.316  2042  2042 I TransportConnection: BackupTransportService#3504: Notifying [PFTBT.run()] transport = BackupTransportClient
10-10 15:16:08.318  2042 14814 I PFTBT   : Initiating full-data transport backup of com.qualcomm.qti.uimGbaApp token: 1434553931
10-10 15:16:08.333  2042  2072 D BackupTransportManager: [UserID:0] Transport com.google.android.gms/.backup.BackupTransportService updated its attributes
10-10 15:16:08.335  2042 14814 I PFTBT   : Transport rejected backup of com.qualcomm.qti.uimGbaApp, skipping
10-10 15:16:08.335  2042 14814 I PFTBT   : Unbinding agent in com.qualcomm.qti.uimGbaApp
10-10 15:16:08.335  2042 14814 W ActivityManager: Unbinding backup agent with no active backup
10-10 15:16:08.335  2042 14814 I PFTBT   : Full backup completed with status: 0
10-10 15:16:08.344  2042 14814 D ActivityManager: checkAllowBackground: uid=1000 pkg=android rec=UidRecord{b77cac0 1000 PER  fgServices change:procadj procs:0 seq(1285566,448524)} caps=LCMNFU always=false idle=false
10-10 15:16:08.347  2042 14814 I PFTBT   : Full data backup pass finished.
10-10 15:16:08.347  2042 14814 I BackupManagerService: [UserID:0] Released wakelock:*backup*-0-6603
10-10 15:16:08.347  2042  2042 I BackupManagerService: [UserID:0] Beginning scheduled full backup operation
10-10 15:16:08.348  2042  2042 D PFTBT   : backupmanager pftbt token=4309314d
10-10 15:16:08.349  2042  2042 I BackupManagerService: [UserID:0] Acquired wakelock:*backup*-0-6603
10-10 15:16:08.382  2042  2042 I TransportConnection: BackupTransportService#3505: Notifying [PFTBT.run()] transport = BackupTransportClient
10-10 15:16:08.384  2042 14815 I PFTBT   : Initiating full-data transport backup of com.miui.systemui.carriers.overlay token: 1124675917
10-10 15:16:08.396  2042  7011 D BackupTransportManager: [UserID:0] Transport com.google.android.gms/.backup.BackupTransportService updated its attributes
10-10 15:16:08.404  2042 14815 I PFTBT   : Transport rejected backup of com.miui.systemui.carriers.overlay, skipping
10-10 15:16:08.404  2042 14815 I PFTBT   : Unbinding agent in com.miui.systemui.carriers.overlay
10-10 15:16:08.404  2042 14815 W ActivityManager: Unbinding backup agent with no active backup
10-10 15:16:08.404  2042 14815 I PFTBT   : Full backup completed with status: 0
10-10 15:16:08.410  2042 14815 D ActivityManager: checkAllowBackground: uid=1000 pkg=android rec=UidRecord{b77cac0 1000 PER  fgServices change:procadj procs:0 seq(1285566,448524)} caps=LCMNFU always=false idle=false
10-10 15:16:08.416  2042 14815 I PFTBT   : Full data backup pass finished.
10-10 15:16:08.416  2042 14815 I BackupManagerService: [UserID:0] Released wakelock:*backup*-0-6603
10-10 15:16:08.416  2042  2042 I BackupManagerService: [UserID:0] Beginning scheduled full backup operation
10-10 15:16:08.417  2042  2042 D PFTBT   : backupmanager pftbt token=49d1754f
10-10 15:16:08.418  2042  2042 I BackupManagerService: [UserID:0] Acquired wakelock:*backup*-0-6603
10-10 15:16:08.428  2042  2042 I TransportConnection: BackupTransportService#3506: Notifying [PFTBT.run()] transport = BackupTransportClient
10-10 15:16:08.431  2042 14816 I PFTBT   : Initiating full-data transport backup of com.miui.systemui.overlay.devices.android token: 1238463823
10-10 15:16:08.434  2042  8301 D BackupTransportManager: [UserID:0] Transport com.google.android.gms/.backup.BackupTransportService updated its attributes
10-10 15:16:08.439  2042 14816 I PFTBT   : Transport rejected backup of com.miui.systemui.overlay.devices.android, skipping
10-10 15:16:08.440  2042 14816 I PFTBT   : Unbinding agent in com.miui.systemui.overlay.devices.android
10-10 15:16:08.440  2042 14816 W ActivityManager: Unbinding backup agent with no active backup
10-10 15:16:08.440  2042 14816 I PFTBT   : Full backup completed with status: 0
10-10 15:16:08.448  2042 14816 D ActivityManager: checkAllowBackground: uid=1000 pkg=android rec=UidRecord{b77cac0 1000 PER  fgServices change:procadj procs:0 seq(1285566,448524)} caps=LCMNFU always=false idle=false
10-10 15:16:08.451  2042 14816 I PFTBT   : Full data backup pass finished.
10-10 15:16:08.451  2042 14816 I BackupManagerService: [UserID:0] Released wakelock:*backup*-0-6603
10-10 15:16:08.451  2042  2042 I BackupManagerService: [UserID:0] Beginning scheduled full backup operation
10-10 15:16:08.452  2042  2042 D PFTBT   : backupmanager pftbt token=241b0251
10-10 15:16:08.452  2042  2042 I BackupManagerService: [UserID:0] Acquired wakelock:*backup*-0-6603
10-10 15:16:08.479  2042  2042 I TransportConnection: BackupTransportService#3507: Notifying [PFTBT.run()] transport = BackupTransportClient
10-10 15:16:08.486  2042 14817 I PFTBT   : Initiating full-data transport backup of com.android.overlay.gmstelephony token: 605749841
10-10 15:16:08.495  2042  2072 D BackupTransportManager: [UserID:0] Transport com.google.android.gms/.backup.BackupTransportService updated its attributes
10-10 15:16:08.505  2042 14817 I PFTBT   : Transport rejected backup of com.android.overlay.gmstelephony, skipping
10-10 15:16:08.505  2042 14817 I PFTBT   : Unbinding agent in com.android.overlay.gmstelephony
10-10 15:16:08.505  2042 14817 W ActivityManager: Unbinding backup agent with no active backup
10-10 15:16:08.505  2042 14817 I PFTBT   : Full backup completed with status: 0
10-10 15:16:08.532  2042 14817 D ActivityManager: checkAllowBackground: uid=1000 pkg=android rec=UidRecord{b77cac0 1000 PER  fgServices change:procadj procs:0 seq(1285566,448524)} caps=LCMNFU always=false idle=false
10-10 15:16:08.551  2042 14817 I PFTBT   : Full data backup pass finished.
10-10 15:16:08.551  2042 14817 I BackupManagerService: [UserID:0] Released wakelock:*backup*-0-6603
10-10 15:16:08.551  2042  2042 I BackupManagerService: [UserID:0] Beginning scheduled full backup operation
10-10 15:16:08.552  2042  2042 D PFTBT   : backupmanager pftbt token=2471c753
10-10 15:16:08.553  2042  2042 I BackupManagerService: [UserID:0] Acquired wakelock:*backup*-0-6603
10-10 15:16:08.588  2042  2042 I TransportConnection: BackupTransportService#3508: Notifying [PFTBT.run()] transport = BackupTransportClient
10-10 15:16:08.591  2042 14818 I PFTBT   : Initiating full-data transport backup of com.android.wallpaperbackup token: 611436371
10-10 15:16:08.591  2042  2072 D BackupTransportManager: [UserID:0] Transport com.google.android.gms/.backup.BackupTransportService updated its attributes
10-10 15:16:08.598  2042 14818 I PFTBT   : Transport rejected backup of com.android.wallpaperbackup, skipping
10-10 15:16:08.599  2042 14818 I PFTBT   : Unbinding agent in com.android.wallpaperbackup
10-10 15:16:08.599  2042 14818 W ActivityManager: Unbinding backup agent with no active backup
10-10 15:16:08.599  2042 14818 I PFTBT   : Full backup completed with status: 0
10-10 15:16:08.606  2042 14818 D ActivityManager: checkAllowBackground: uid=1000 pkg=android rec=UidRecord{b77cac0 1000 PER  fgServices change:procadj procs:0 seq(1285566,448524)} caps=LCMNFU always=false idle=false
10-10 15:16:08.614  2042 14818 I PFTBT   : Full data backup pass finished.
10-10 15:16:08.614  2042  2042 I BackupManagerService: [UserID:0] Beginning scheduled full backup operation
10-10 15:16:08.614  2042 14818 I BackupManagerService: [UserID:0] Released wakelock:*backup*-0-6603
10-10 15:16:08.616  2042  2042 D PFTBT   : backupmanager pftbt token=ff68b55
10-10 15:16:08.617  2042  2042 I BackupManagerService: [UserID:0] Acquired wakelock:*backup*-0-6603
10-10 15:16:08.648  2042  2042 I TransportConnection: BackupTransportService#3509: Notifying [PFTBT.run()] transport = BackupTransportClient
10-10 15:16:08.652  2042  2072 D BackupTransportManager: [UserID:0] Transport com.google.android.gms/.backup.BackupTransportService updated its attributes
10-10 15:16:08.653  2042 14821 I PFTBT   : Initiating full-data transport backup of com.android.overlay.gmstelecomm token: 267815765
10-10 15:16:08.665  2042 14821 I PFTBT   : Transport rejected backup of com.android.overlay.gmstelecomm, skipping
10-10 15:16:08.665  2042 14821 I PFTBT   : Unbinding agent in com.android.overlay.gmstelecomm
10-10 15:16:08.666  2042 14821 W ActivityManager: Unbinding backup agent with no active backup
10-10 15:16:08.667  2042 14821 I PFTBT   : Full backup completed with status: 0
10-10 15:16:08.682  2042 14821 D ActivityManager: checkAllowBackground: uid=1000 pkg=android rec=UidRecord{b77cac0 1000 PER  fgServices change:procadj procs:0 seq(1285566,448524)} caps=LCMNFU always=false idle=false
10-10 15:16:08.698  2042 14821 I PFTBT   : Full data backup pass finished.
10-10 15:16:08.699  2042 14821 I BackupManagerService: [UserID:0] Released wakelock:*backup*-0-6603
10-10 15:16:08.699  2042  2042 I BackupManagerService: [UserID:0] Beginning scheduled full backup operation
10-10 15:16:08.699  2042  2042 D PFTBT   : backupmanager pftbt token=75797957
10-10 15:16:08.700  2042  2042 I BackupManagerService: [UserID:0] Acquired wakelock:*backup*-0-6603
10-10 15:16:08.721  2042  2042 I TransportConnection: BackupTransportService#3510: Notifying [PFTBT.run()] transport = BackupTransportClient
10-10 15:16:08.725  2042 14822 I PFTBT   : Initiating full-data transport backup of com.android.emergency token: 1970895191
10-10 15:16:08.730  2042  8301 D BackupTransportManager: [UserID:0] Transport com.google.android.gms/.backup.BackupTransportService updated its attributes
10-10 15:16:08.739  2042 14822 I PFTBT   : Transport rejected backup of com.android.emergency, skipping
10-10 15:16:08.739  2042 14822 I PFTBT   : Unbinding agent in com.android.emergency
10-10 15:16:08.739  2042 14822 W ActivityManager: Unbinding backup agent with no active backup
10-10 15:16:08.739  2042 14822 I PFTBT   : Full backup completed with status: 0
10-10 15:16:08.747  2042 14822 D ActivityManager: checkAllowBackground: uid=1000 pkg=android rec=UidRecord{b77cac0 1000 PER  fgServices change:procadj procs:0 seq(1285566,448524)} caps=LCMNFU always=false idle=false
10-10 15:16:08.753  2042 14822 I PFTBT   : Full data backup pass finished.
10-10 15:16:08.753  2042 14822 I BackupManagerService: [UserID:0] Released wakelock:*backup*-0-6603
10-10 15:16:08.754  2042  2042 I BackupManagerService: [UserID:0] Beginning scheduled full backup operation
10-10 15:16:08.755  2042  2042 D PFTBT   : backupmanager pftbt token=a5a259
10-10 15:16:08.756  2042  2042 I BackupManagerService: [UserID:0] Acquired wakelock:*backup*-0-6603
10-10 15:16:08.788  2042  2042 I TransportConnection: BackupTransportService#3511: Notifying [PFTBT.run()] transport = BackupTransportClient
10-10 15:16:08.792  2042 14823 I PFTBT   : Initiating full-data transport backup of com.android.hotspot2.osulogin token: 10855001
10-10 15:16:08.802  2042  4781 D BackupTransportManager: [UserID:0] Transport com.google.android.gms/.backup.BackupTransportService updated its attributes
10-10 15:16:08.803  2042 14823 I PFTBT   : Transport rejected backup of com.android.hotspot2.osulogin, skipping
10-10 15:16:08.804  2042 14823 I PFTBT   : Unbinding agent in com.android.hotspot2.osulogin
10-10 15:16:08.805  2042 14823 W ActivityManager: Unbinding backup agent with no active backup
10-10 15:16:08.805  2042 14823 I PFTBT   : Full backup completed with status: 0
10-10 15:16:08.814  2042 14823 D ActivityManager: checkAllowBackground: uid=1000 pkg=android rec=UidRecord{b77cac0 1000 PER  fgServices change:procadj procs:0 seq(1285566,448524)} caps=LCMNFU always=false idle=false
10-10 15:16:08.819  2042 14823 I PFTBT   : Full data backup pass finished.
10-10 15:16:08.820  2042 14823 I BackupManagerService: [UserID:0] Released wakelock:*backup*-0-6603
10-10 15:16:08.821  2042  2042 I BackupManagerService: [UserID:0] Beginning scheduled full backup operation
10-10 15:16:08.822  2042  2042 D PFTBT   : backupmanager pftbt token=3f6b795b
10-10 15:16:08.823  2042  2042 I BackupManagerService: [UserID:0] Acquired wakelock:*backup*-0-6603
10-10 15:16:08.841  2042  2042 I TransportConnection: BackupTransportService#3512: Notifying [PFTBT.run()] transport = BackupTransportClient
10-10 15:16:08.844  2042 14824 I PFTBT   : Initiating full-data transport backup of com.android.internal.systemui.navbar.gestural token: 1064008027
10-10 15:16:08.847  2042  8301 D BackupTransportManager: [UserID:0] Transport com.google.android.gms/.backup.BackupTransportService updated its attributes
10-10 15:16:08.854  2042 14824 I PFTBT   : Transport rejected backup of com.android.internal.systemui.navbar.gestural, skipping
10-10 15:16:08.855  2042 14824 I PFTBT   : Unbinding agent in com.android.internal.systemui.navbar.gestural
10-10 15:16:08.855  2042 14824 W ActivityManager: Unbinding backup agent with no active backup
10-10 15:16:08.855  2042 14824 I PFTBT   : Full backup completed with status: 0
10-10 15:16:08.860  2042 14824 D ActivityManager: checkAllowBackground: uid=1000 pkg=android rec=UidRecord{b77cac0 1000 PER  fgServices change:procadj procs:0 seq(1285566,448524)} caps=LCMNFU always=false idle=false
10-10 15:16:08.864  2042 14824 I PFTBT   : Full data backup pass finished.
10-10 15:16:08.864  2042 14824 I BackupManagerService: [UserID:0] Released wakelock:*backup*-0-6603
10-10 15:16:08.864  2042  2042 I BackupManagerService: [UserID:0] Beginning scheduled full backup operation
10-10 15:16:08.865  2042  2042 D PFTBT   : backupmanager pftbt token=65b2105d
10-10 15:16:08.866  2042  2042 I BackupManagerService: [UserID:0] Acquired wakelock:*backup*-0-6603
10-10 15:16:08.899  2042  2042 I TransportConnection: BackupTransportService#3513: Notifying [PFTBT.run()] transport = BackupTransportClient
10-10 15:16:08.904  2042 14825 I PFTBT   : Initiating full-data transport backup of android.miui.poco.launcher.res token: 1706168413
10-10 15:16:08.907  2042  2072 D BackupTransportManager: [UserID:0] Transport com.google.android.gms/.backup.BackupTransportService updated its attributes
10-10 15:16:08.924  2042 14825 I PFTBT   : Transport rejected backup of android.miui.poco.launcher.res, skipping
10-10 15:16:08.924  2042 14825 I PFTBT   : Unbinding agent in android.miui.poco.launcher.res
10-10 15:16:08.925  2042 14825 W ActivityManager: Unbinding backup agent with no active backup
10-10 15:16:08.925  2042 14825 I PFTBT   : Full backup completed with status: 0
10-10 15:16:08.939  2042 14825 D ActivityManager: checkAllowBackground: uid=1000 pkg=android rec=UidRecord{b77cac0 1000 PER  fgServices change:procadj procs:0 seq(1285566,448524)} caps=LCMNFU always=false idle=false
10-10 15:16:08.942  2042 14825 I PFTBT   : Full data backup pass finished.
10-10 15:16:08.942  2042 14825 I BackupManagerService: [UserID:0] Released wakelock:*backup*-0-6603
10-10 15:16:08.943  2042  2042 I BackupManagerService: [UserID:0] Beginning scheduled full backup operation
10-10 15:16:08.947  2042  2042 D PFTBT   : backupmanager pftbt token=450a165f
10-10 15:16:08.948  2042  2042 I BackupManagerService: [UserID:0] Acquired wakelock:*backup*-0-6603
10-10 15:16:08.976  2042  2042 I TransportConnection: BackupTransportService#3514: Notifying [PFTBT.run()] transport = BackupTransportClient
10-10 15:16:08.979  2042  8301 D BackupTransportManager: [UserID:0] Transport com.google.android.gms/.backup.BackupTransportService updated its attributes
10-10 15:16:08.980  2042 14826 I PFTBT   : Initiating full-data transport backup of com.miui.phone.carriers.overlay.h3g token: 1158288991
10-10 15:16:08.999  2042 14826 I PFTBT   : Transport rejected backup of com.miui.phone.carriers.overlay.h3g, skipping
10-10 15:16:08.999  2042 14826 I PFTBT   : Unbinding agent in com.miui.phone.carriers.overlay.h3g
10-10 15:16:08.999  2042 14826 W ActivityManager: Unbinding backup agent with no active backup
10-10 15:16:08.999  2042 14826 I PFTBT   : Full backup completed with status: 0
10-10 15:16:09.009  2042 14826 D ActivityManager: checkAllowBackground: uid=1000 pkg=android rec=UidRecord{b77cac0 1000 PER  fgServices change:procadj procs:0 seq(1285566,448524)} caps=LCMNFU always=false idle=false
10-10 15:16:09.020  2042 14826 I PFTBT   : Full data backup pass finished.
10-10 15:16:09.021  2042 14826 I BackupManagerService: [UserID:0] Released wakelock:*backup*-0-6603
10-10 15:16:09.022  2042  2042 I BackupManagerService: [UserID:0] Beginning scheduled full backup operation
10-10 15:16:09.023  2042  2042 D PFTBT   : backupmanager pftbt token=25e5bf61
10-10 15:16:09.024  2042  2042 I BackupManagerService: [UserID:0] Acquired wakelock:*backup*-0-6603
10-10 15:16:09.038  2042  2042 I TransportConnection: BackupTransportService#3515: Notifying [PFTBT.run()] transport = BackupTransportClient
10-10 15:16:09.040  2042 14827 I PFTBT   : Initiating full-data transport backup of com.miui.core.internal.services token: 635813729
10-10 15:16:09.042  2042  8301 D BackupTransportManager: [UserID:0] Transport com.google.android.gms/.backup.BackupTransportService updated its attributes
10-10 15:16:09.048  2042 14827 I PFTBT   : Transport rejected backup of com.miui.core.internal.services, skipping
10-10 15:16:09.048  2042 14827 I PFTBT   : Unbinding agent in com.miui.core.internal.services
10-10 15:16:09.048  2042 14827 W ActivityManager: Unbinding backup agent with no active backup
10-10 15:16:09.048  2042 14827 I PFTBT   : Full backup completed with status: 0
10-10 15:16:09.060  2042 14827 D ActivityManager: checkAllowBackground: uid=1000 pkg=android rec=UidRecord{b77cac0 1000 PER  fgServices change:procadj procs:0 seq(1285566,448524)} caps=LCMNFU always=false idle=false
10-10 15:16:09.073  2042 14827 I PFTBT   : Full data backup pass finished.
10-10 15:16:09.073  2042 14827 I BackupManagerService: [UserID:0] Released wakelock:*backup*-0-6603
10-10 15:16:09.075  2042  2042 I BackupManagerService: [UserID:0] Beginning scheduled full backup operation
10-10 15:16:09.076  2042  2042 D PFTBT   : backupmanager pftbt token=65451c63
10-10 15:16:09.077  2042  2042 I BackupManagerService: [UserID:0] Acquired wakelock:*backup*-0-6603
10-10 15:16:09.112  2042  2042 I TransportConnection: BackupTransportService#3516: Notifying [PFTBT.run()] transport = BackupTransportClient
10-10 15:16:09.117  2042 14828 I PFTBT   : Initiating full-data transport backup of com.android.wifi.resources.xiaomi token: 1699028067
10-10 15:16:09.119  2042  7011 D BackupTransportManager: [UserID:0] Transport com.google.android.gms/.backup.BackupTransportService updated its attributes
10-10 15:16:09.130  2042 14828 I PFTBT   : Transport rejected backup of com.android.wifi.resources.xiaomi, skipping
10-10 15:16:09.130  2042 14828 I PFTBT   : Unbinding agent in com.android.wifi.resources.xiaomi
10-10 15:16:09.130  2042 14828 W ActivityManager: Unbinding backup agent with no active backup
10-10 15:16:09.130  2042 14828 I PFTBT   : Full backup completed with status: 0
10-10 15:16:09.137  2042 14828 D ActivityManager: checkAllowBackground: uid=1000 pkg=android rec=UidRecord{b77cac0 1000 PER  fgServices change:procadj procs:0 seq(1285566,448524)} caps=LCMNFU always=false idle=false
10-10 15:16:09.142  2042 14828 I PFTBT   : Full data backup pass finished.
10-10 15:16:09.142  2042 14828 I BackupManagerService: [UserID:0] Released wakelock:*backup*-0-6603
10-10 15:16:09.142  2042  2042 I BackupManagerService: [UserID:0] Beginning scheduled full backup operation
10-10 15:16:09.143  2042  2042 D PFTBT   : backupmanager pftbt token=68729d65
10-10 15:16:09.144  2042  2042 I BackupManagerService: [UserID:0] Acquired wakelock:*backup*-0-6603
10-10 15:16:09.163  2042  2042 I TransportConnection: BackupTransportService#3517: Notifying [PFTBT.run()] transport = BackupTransportClient
10-10 15:16:09.166  2042 14829 I PFTBT   : Initiating full-data transport backup of com.qualcomm.qti.poweroffalarm token: 1752341861
10-10 15:16:09.168  2042  8301 D BackupTransportManager: [UserID:0] Transport com.google.android.gms/.backup.BackupTransportService updated its attributes
10-10 15:16:09.174  2042 14829 I PFTBT   : Transport rejected backup of com.qualcomm.qti.poweroffalarm, skipping
10-10 15:16:09.174  2042 14829 I PFTBT   : Unbinding agent in com.qualcomm.qti.poweroffalarm
10-10 15:16:09.174  2042 14829 W ActivityManager: Unbinding backup agent with no active backup
10-10 15:16:09.174  2042 14829 I PFTBT   : Full backup completed with status: 0
10-10 15:16:09.180  2042 14829 D ActivityManager: checkAllowBackground: uid=1000 pkg=android rec=UidRecord{b77cac0 1000 PER  fgServices change:procadj procs:0 seq(1285566,448524)} caps=LCMNFU always=false idle=false
10-10 15:16:09.185  2042 14829 I PFTBT   : Full data backup pass finished.
10-10 15:16:09.185  2042 14829 I BackupManagerService: [UserID:0] Released wakelock:*backup*-0-6603
10-10 15:16:09.185  2042  2042 I BackupManagerService: [UserID:0] Beginning scheduled full backup operation
10-10 15:16:09.186  2042  2042 D PFTBT   : backupmanager pftbt token=7d839667
10-10 15:16:09.187  2042  2042 I BackupManagerService: [UserID:0] Acquired wakelock:*backup*-0-6603
10-10 15:16:09.216  2042  2042 I TransportConnection: BackupTransportService#3518: Notifying [PFTBT.run()] transport = BackupTransportClient
10-10 15:16:09.221  2042 14830 I PFTBT   : Initiating full-data transport backup of com.google.android.cellbroadcastreceiver.overlay.miui token: 2105775719
10-10 15:16:09.228  2042  8301 D BackupTransportManager: [UserID:0] Transport com.google.android.gms/.backup.BackupTransportService updated its attributes
10-10 15:16:09.239  2042 14830 I PFTBT   : Transport rejected backup of com.google.android.cellbroadcastreceiver.overlay.miui, skipping
10-10 15:16:09.239  2042 14830 I PFTBT   : Unbinding agent in com.google.android.cellbroadcastreceiver.overlay.miui
10-10 15:16:09.239  2042 14830 W ActivityManager: Unbinding backup agent with no active backup
10-10 15:16:09.239  2042 14830 I PFTBT   : Full backup completed with status: 0
10-10 15:16:09.246  2042 14830 D ActivityManager: checkAllowBackground: uid=1000 pkg=android rec=UidRecord{b77cac0 1000 PER  fgServices change:procadj procs:0 seq(1285566,448524)} caps=LCMNFU always=false idle=false
10-10 15:16:09.250  2042 14830 I PFTBT   : Full data backup pass finished.
10-10 15:16:09.251  2042 14830 I BackupManagerService: [UserID:0] Released wakelock:*backup*-0-6603
10-10 15:16:09.251  2042  2042 I BackupManagerService: [UserID:0] Beginning scheduled full backup operation
10-10 15:16:09.252  2042  2042 D PFTBT   : backupmanager pftbt token=783cdb69
10-10 15:16:09.252  2042  2042 I BackupManagerService: [UserID:0] Acquired wakelock:*backup*-0-6603
10-10 15:16:09.260  2042  7011 D ActivityManager: checkAllowBackground: uid=10163 pkg=com.google.android.gms rec=UidRecord{3efeecd u0a163 FGS  change:procadj procs:0 seq(1288695,1266614)} caps=LCMNFU always=false idle=false
10-10 15:16:09.276  2042  2042 I TransportConnection: BackupTransportService#3519: Notifying [PFTBT.run()] transport = BackupTransportClient
10-10 15:16:09.284  2042 14831 I PFTBT   : Initiating full-data transport backup of com.mi.globallayout token: 2017254249
10-10 15:16:09.286  2042  7011 D BackupTransportManager: [UserID:0] Transport com.google.android.gms/.backup.BackupTransportService updated its attributes
10-10 15:16:09.300  2042 14831 I PFTBT   : Transport rejected backup of com.mi.globallayout, skipping
10-10 15:16:09.300  2042 14831 I PFTBT   : Unbinding agent in com.mi.globallayout
10-10 15:16:09.300  2042 14831 W ActivityManager: Unbinding backup agent with no active backup
10-10 15:16:09.300  2042 14831 I PFTBT   : Full backup completed with status: 0
10-10 15:16:09.311  2042 14831 D ActivityManager: checkAllowBackground: uid=1000 pkg=android rec=UidRecord{b77cac0 1000 PER  fgServices change:procadj procs:0 seq(1285566,448524)} caps=LCMNFU always=false idle=false
10-10 15:16:09.314  2042 14831 I PFTBT   : Full data backup pass finished.
10-10 15:16:09.314  2042 14831 I BackupManagerService: [UserID:0] Released wakelock:*backup*-0-6603
10-10 15:16:09.314  2042  2042 I BackupManagerService: [UserID:0] Beginning scheduled full backup operation
10-10 15:16:09.315  2042  2042 D PFTBT   : backupmanager pftbt token=625ad56b
10-10 15:16:09.316  2042  2042 I BackupManagerService: [UserID:0] Acquired wakelock:*backup*-0-6603
10-10 15:16:09.325  2042  2042 I TransportConnection: BackupTransportService#3520: Notifying [PFTBT.run()] transport = BackupTransportClient
10-10 15:16:09.327  2042 14833 I PFTBT   : Initiating full-data transport backup of com.qualcomm.timeservice token: 1650120043
10-10 15:16:09.329  2042  2072 D BackupTransportManager: [UserID:0] Transport com.google.android.gms/.backup.BackupTransportService updated its attributes
10-10 15:16:09.338  2042 14833 I PFTBT   : Transport rejected backup of com.qualcomm.timeservice, skipping
10-10 15:16:09.338  2042 14833 I PFTBT   : Unbinding agent in com.qualcomm.timeservice
10-10 15:16:09.338  2042 14833 W ActivityManager: Unbinding backup agent with no active backup
10-10 15:16:09.338  2042 14833 I PFTBT   : Full backup completed with status: 0
10-10 15:16:09.346  2042 14833 D ActivityManager: checkAllowBackground: uid=1000 pkg=android rec=UidRecord{b77cac0 1000 PER  fgServices change:procadj procs:0 seq(1285566,448524)} caps=LCMNFU always=false idle=false
10-10 15:16:09.351  2042 14833 I PFTBT   : Full data backup pass finished.
10-10 15:16:09.351  2042  2042 I BackupManagerService: [UserID:0] Beginning scheduled full backup operation
10-10 15:16:09.352  2042 14833 I BackupManagerService: [UserID:0] Released wakelock:*backup*-0-6603
10-10 15:16:09.352  2042  2042 D PFTBT   : backupmanager pftbt token=7453386d
10-10 15:16:09.353  2042  2042 I BackupManagerService: [UserID:0] Acquired wakelock:*backup*-0-6603
10-10 15:16:09.365  2042  2042 I TransportConnection: BackupTransportService#3521: Notifying [PFTBT.run()] transport = BackupTransportClient
10-10 15:16:09.368  2042 14834 I PFTBT   : Initiating full-data transport backup of com.android.internal.systemui.navbar.gestural_narrow_back token: 1951610989
10-10 15:16:09.368  2042  8301 D BackupTransportManager: [UserID:0] Transport com.google.android.gms/.backup.BackupTransportService updated its attributes
10-10 15:16:09.375  2042 14834 I PFTBT   : Transport rejected backup of com.android.internal.systemui.navbar.gestural_narrow_back, skipping
10-10 15:16:09.375  2042 14834 I PFTBT   : Unbinding agent in com.android.internal.systemui.navbar.gestural_narrow_back
10-10 15:16:09.376  2042 14834 W ActivityManager: Unbinding backup agent with no active backup
10-10 15:16:09.376  2042 14834 I PFTBT   : Full backup completed with status: 0
10-10 15:16:09.383  2042 14834 D ActivityManager: checkAllowBackground: uid=1000 pkg=android rec=UidRecord{b77cac0 1000 PER  fgServices change:procadj procs:0 seq(1285566,448524)} caps=LCMNFU always=false idle=false
10-10 15:16:09.387  2042 14834 I PFTBT   : Full data backup pass finished.
10-10 15:16:09.388  2042 14834 I BackupManagerService: [UserID:0] Released wakelock:*backup*-0-6603
10-10 15:16:09.390  2042  2042 I BackupManagerService: [UserID:0] Beginning scheduled full backup operation
10-10 15:16:09.391  2042  2042 D PFTBT   : backupmanager pftbt token=6b62556f
10-10 15:16:09.391  2042  2042 I BackupManagerService: [UserID:0] Acquired wakelock:*backup*-0-6603
10-10 15:16:09.398  2042  3524 I SmartPower: com.xiaomi.discover/10121(23492): background->idle(3015ms) R(broadcast start Intent { act=android.intent.action.BATTERY_CHANGED flg=0x60000010 (has extras) }) adj=935.
10-10 15:16:09.398  2042  3524 I SmartPower: com.facebook.appmanager/10138(27658): background->idle(3013ms) R(broadcast start Intent { act=android.intent.action.BATTERY_CHANGED flg=0x60000010 (has extras) }) adj=905.
10-10 15:16:09.399  2042  3524 I SmartPower: com.facebook.katana/10243(13231): background->idle(3009ms) R(broadcast start Intent { act=android.intent.action.BATTERY_CHANGED flg=0x60000010 (has extras) }) adj=955.
10-10 15:16:09.404  2042  3524 I SmartPower: com.google.android.apps.magazines/10234(19722): background->idle(3002ms) R(broadcast start Intent { act=android.intent.action.BATTERY_CHANGED flg=0x60000010 (has extras) }) adj=905.
10-10 15:16:09.404  2042  3524 I SmartPower: com.android.chrome/10172(25786): background->idle(3001ms) R(broadcast start Intent { act=android.intent.action.BATTERY_CHANGED flg=0x60000010 (has extras) }) adj=0.
10-10 15:16:09.406  2042  2042 I TransportConnection: BackupTransportService#3522: Notifying [PFTBT.run()] transport = BackupTransportClient
10-10 15:16:09.407  2042  3524 I SmartPower: com.miui.android.fashiongallery/10228(8396): background->idle(3002ms) R(broadcast start Intent { act=android.intent.action.BATTERY_CHANGED flg=0x60000010 (has extras) }) adj=955.
10-10 15:16:09.407  2042  3524 I SmartPower: com.google.android.youtube/10189(11022): background->idle(3001ms) R(broadcast start Intent { act=android.intent.action.BATTERY_CHANGED flg=0x60000010 (has extras) }) adj=925.
10-10 15:16:09.407  2042  3524 I SmartPower: com.google.android.apps.tachyon/10226(13731): background->idle(3000ms) R(broadcast start Intent { act=android.intent.action.BATTERY_CHANGED flg=0x60000010 (has extras) }) adj=915.
10-10 15:16:09.409  2042 14835 I PFTBT   : Initiating full-data transport backup of com.android.cellbroadcastreceiver.overlay.common token: 1801606511
10-10 15:16:09.411  2042  3524 I SmartPower: com.microsoft.teams/10266(13487): background->idle(3001ms) R(broadcast start Intent { act=android.intent.action.BATTERY_CHANGED flg=0x60000010 (has extras) }) adj=905.
10-10 15:16:09.413  2042  8301 D BackupTransportManager: [UserID:0] Transport com.google.android.gms/.backup.BackupTransportService updated its attributes
10-10 15:16:09.417  2042 14835 I PFTBT   : Transport rejected backup of com.android.cellbroadcastreceiver.overlay.common, skipping
10-10 15:16:09.417  2042 14835 I PFTBT   : Unbinding agent in com.android.cellbroadcastreceiver.overlay.common
10-10 15:16:09.417  2042 14835 W ActivityManager: Unbinding backup agent with no active backup
10-10 15:16:09.417  2042 14835 I PFTBT   : Full backup completed with status: 0
10-10 15:16:09.427  2042 14835 D ActivityManager: checkAllowBackground: uid=1000 pkg=android rec=UidRecord{b77cac0 1000 PER  fgServices change:procadj procs:0 seq(1285566,448524)} caps=LCMNFU always=false idle=false
10-10 15:16:09.432  2042 14835 I PFTBT   : Full data backup pass finished.
10-10 15:16:09.432  2042 14835 I BackupManagerService: [UserID:0] Released wakelock:*backup*-0-6603
10-10 15:16:09.433  2042  2042 I BackupManagerService: [UserID:0] Beginning scheduled full backup operation
10-10 15:16:09.433  2042  2042 D PFTBT   : backupmanager pftbt token=69bc0871
10-10 15:16:09.434  2042  2042 I BackupManagerService: [UserID:0] Acquired wakelock:*backup*-0-6603
10-10 15:16:09.449  2042  2042 I TransportConnection: BackupTransportService#3523: Notifying [PFTBT.run()] transport = BackupTransportClient
10-10 15:16:09.452  2042 14839 I PFTBT   : Initiating full-data transport backup of com.miui.global.packageinstaller token: 1773930609
10-10 15:16:09.460  2042  4781 D BackupTransportManager: [UserID:0] Transport com.google.android.gms/.backup.BackupTransportService updated its attributes
10-10 15:16:09.461  2042 14839 I PFTBT   : Transport rejected backup of com.miui.global.packageinstaller, skipping
10-10 15:16:09.461  2042 14839 I PFTBT   : Unbinding agent in com.miui.global.packageinstaller
10-10 15:16:09.463  2042 14839 W ActivityManager: Unbinding backup agent with no active backup
10-10 15:16:09.463  2042 14839 I PFTBT   : Full backup completed with status: 0
10-10 15:16:09.470  2042 14839 D ActivityManager: checkAllowBackground: uid=1000 pkg=android rec=UidRecord{b77cac0 1000 PER  fgServices change:procadj procs:0 seq(1285566,448524)} caps=LCMNFU always=false idle=false
10-10 15:16:09.475  2042 14839 I PFTBT   : Full data backup pass finished.
10-10 15:16:09.476  2042  2042 I BackupManagerService: [UserID:0] Beginning scheduled full backup operation
10-10 15:16:09.476  2042 14839 I BackupManagerService: [UserID:0] Released wakelock:*backup*-0-6603
10-10 15:16:09.477  2042  2042 D PFTBT   : backupmanager pftbt token=27590873
10-10 15:16:09.478  2042  2042 I BackupManagerService: [UserID:0] Acquired wakelock:*backup*-0-6603
10-10 15:16:09.489  2042  2042 I TransportConnection: BackupTransportService#3524: Notifying [PFTBT.run()] transport = BackupTransportClient
10-10 15:16:09.492  2042 14841 I PFTBT   : Initiating full-data transport backup of com.google.android.apps.setupwizard.searchselector token: 660146291
10-10 15:16:09.494  2042  8301 D BackupTransportManager: [UserID:0] Transport com.google.android.gms/.backup.BackupTransportService updated its attributes
10-10 15:16:09.505  2042 14841 I PFTBT   : Transport rejected backup of com.google.android.apps.setupwizard.searchselector, skipping
10-10 15:16:09.505  2042 14841 I PFTBT   : Unbinding agent in com.google.android.apps.setupwizard.searchselector
10-10 15:16:09.505  2042 14841 W ActivityManager: Unbinding backup agent with no active backup
10-10 15:16:09.505  2042 14841 I PFTBT   : Full backup completed with status: 0
10-10 15:16:09.524  2042 14841 D ActivityManager: checkAllowBackground: uid=1000 pkg=android rec=UidRecord{b77cac0 1000 PER  fgServices change:procadj procs:0 seq(1285566,448524)} caps=LCMNFU always=false idle=false
10-10 15:16:09.531  2042 14841 I PFTBT   : Full data backup pass finished.
10-10 15:16:09.532  2042 14841 I BackupManagerService: [UserID:0] Released wakelock:*backup*-0-6603
10-10 15:16:09.532  2042  2042 I BackupManagerService: [UserID:0] Beginning scheduled full backup operation
10-10 15:16:09.533  2042  2042 D PFTBT   : backupmanager pftbt token=233ed75
10-10 15:16:09.534  2042  2042 I BackupManagerService: [UserID:0] Acquired wakelock:*backup*-0-6603
