10-13 11:45:18.975  1902  2771 D WindowManager: setParent old=ActivityRecord{5d43a2c u0 eu.europa.ec.euidi/eu.europa.ec.assemblylogic.ui.MainActivity t741 f}},new=null,this window=Window{43606cb u0 eu.europa.ec.euidi/eu.europa.ec.assemblylogic.ui.MainActivity EXITING},callers=com.android.server.wm.WindowContainer.removeChild:840 com.android.server.wm.ActivityRecord.removeChild:5227 com.android.server.wm.ActivityRecord.removeChild:470 com.android.server.wm.WindowContainer.removeImmediately:898 com.android.server.wm.WindowState.removeImmediately:2538 com.android.server.wm.WindowState.removeIfPossible:2719 
10-13 11:45:18.976  1902  2771 I WindowManager: cancelAnimation removed leash : Surface(name=Surface(name=6a76de5 InputMethod#123)/@0xf2bd99 - animation-leash of insets_animation#27446)/@0x4bc70a1
10-13 11:45:18.981  1902  2771 D WindowManager: setParent old=Task{f1e5cf5 #741 type=standard A=10390:eu.europa.ec.euidi},new=null,this window=ActivityRecord{5d43a2c u0 eu.europa.ec.euidi/eu.europa.ec.assemblylogic.ui.MainActivity t741 f}},callers=com.android.server.wm.WindowContainer.removeChild:840 com.android.server.wm.TaskFragment.removeChild:3119 com.android.server.wm.Task.removeChild:1822 com.android.server.wm.Task.removeChild:1802 com.android.server.wm.WindowContainer.removeImmediately:898 com.android.server.wm.WindowToken.removeImmediately:376 
10-13 11:45:18.981  1902  2771 I ActivityTaskManager: Do not migrate a removing Task! Task{f1e5cf5 #741 type=standard A=10390:eu.europa.ec.euidi}
10-13 11:45:18.981  1902  2771 D WindowManager: setParent old=DefaultTaskDisplayArea@126197207,new=null,this window=Task{f1e5cf5 #741 type=standard A=10390:eu.europa.ec.euidi},callers=com.android.server.wm.WindowContainer.removeChild:840 com.android.server.wm.TaskDisplayArea.removeChildTask:359 com.android.server.wm.TaskDisplayArea.removeChild:350 com.android.server.wm.WindowContainer.removeImmediately:898 com.android.server.wm.TaskFragment.removeImmediately:3203 com.android.server.wm.Task.removeImmediately:3222 
10-13 11:45:18.983  1902  1939 W ActivityTaskManager: Can't find TaskDisplayArea to determine support for multi window. Task id=741 attached=false
10-13 11:45:18.983  1902  1938 W ActivityManager: setHasOverlayUi called on unknown pid: 6555
10-13 11:45:18.984  2983  3075 D MiuiFullScreenTaskRepository: addOrUpdateFullScreenTaskInfo taskId=1, topActivity=ComponentInfo{com.miui.home/com.miui.home.launcher.Launcher}
10-13 11:45:18.984  2983  2983 E onWindowDecorRectChanged: start size:0
10-13 11:45:18.985  2983  3075 D MiuiDesktopModeController: onFocusTaskChanged newFocus: TaskInfo{userId=0 taskId=1 displayId=0 isRunning=true baseIntent=Intent { act=android.intent.action.MAIN cat=[android.intent.category.HOME] flg=0x10000100 cmp=com.miui.home/.launcher.Launcher } baseActivity=ComponentInfo{com.miui.home/com.miui.home.launcher.Launcher} topActivity=ComponentInfo{com.miui.home/com.miui.home.launcher.Launcher} origActivity=null realActivity=null numActivities=1 lastActiveTime=70262 supportsSplitScreenMultiWindow=true supportsMultiWindow=true resizeMode=2 isResizeable=true minWidth=-1 minHeight=-1 defaultMinSize=200 token=WCT{android.window.IWindowContainerToken$Stub$Proxy@d5b7cd3} topActivityType=2 pictureInPictureParams=null shouldDockBigOverlays=false launchIntoPipHostTaskId=-1 lastParentTaskIdBeforePip=-1 displayCutoutSafeInsets=null topActivityInfo=ActivityInfo{e2ea010 com.miui.home.launcher.Launcher} launchCookies=[] positionInParent=Point(0, 0) parentTaskId=-1 isFocused=false isVisible=true isVisibleRequested=true isSleeping=false topActivityInSizeCompat=false topActivityEligibleForLetterboxEducation= false topActivityLetterboxed= false isFromDoubleTap= false topActivityLetterboxVerticalPosition= -1 topActivityLetterboxHorizontalPosition= -1 topActivityLetterboxWidth=-1 topActivityLetterboxHeight=-1 locusId=null displayAreaFeatureId=1 cameraCompatControlState=hidden mIsCastMode=false mTopActivityMediaSize=null mTopActivityRecordName=ActivityRecord{3754c30 u0 com.miui.home/.launcher.Launcher t2} mTopActivityOrientation=1 mTopActivityWindowIsNowVisible=true isTranslucent=false isEmbedded=false shouldBeVisible=true isImmersive=false mBehindAppLockPkg=null mOriginatingUid=0}
10-13 11:45:18.985  2983  3075 D MiuiFreeformModeController: onFocusTaskChanged taskInfo: TaskInfo{userId=0 taskId=1 displayId=0 isRunning=true baseIntent=Intent { act=android.intent.action.MAIN cat=[android.intent.category.HOME] flg=0x10000100 cmp=com.miui.home/.launcher.Launcher } baseActivity=ComponentInfo{com.miui.home/com.miui.home.launcher.Launcher} topActivity=ComponentInfo{com.miui.home/com.miui.home.launcher.Launcher} origActivity=null realActivity=null numActivities=1 lastActiveTime=70262 supportsSplitScreenMultiWindow=true supportsMultiWindow=true resizeMode=2 isResizeable=true minWidth=-1 minHeight=-1 defaultMinSize=200 token=WCT{android.window.IWindowContainerToken$Stub$Proxy@d5b7cd3} topActivityType=2 pictureInPictureParams=null shouldDockBigOverlays=false launchIntoPipHostTaskId=-1 lastParentTaskIdBeforePip=-1 displayCutoutSafeInsets=null topActivityInfo=ActivityInfo{e2ea010 com.miui.home.launcher.Launcher} launchCookies=[] positionInParent=Point(0, 0) parentTaskId=-1 isFocused=false isVisible=true isVisibleRequested=true isSleeping=false topActivityInSizeCompat=false topActivityEligibleForLetterboxEducation= false topActivityLetterboxed= false isFromDoubleTap= false topActivityLetterboxVerticalPosition= -1 topActivityLetterboxHorizontalPosition= -1 topActivityLetterboxWidth=-1 topActivityLetterboxHeight=-1 locusId=null displayAreaFeatureId=1 cameraCompatControlState=hidden mIsCastMode=false mTopActivityMediaSize=null mTopActivityRecordName=ActivityRecord{3754c30 u0 com.miui.home/.launcher.Launcher t2} mTopActivityOrientation=1 mTopActivityWindowIsNowVisible=true isTranslucent=false isEmbedded=false shouldBeVisible=true isImmersive=false mBehindAppLockPkg=null mOriginatingUid=0}
10-13 11:45:18.986  2983  3075 D MiuiFullScreenTaskRepository: addOrUpdateFullScreenTaskInfo taskId=741, topActivity=null
10-13 11:45:18.986  2983  3075 D MiuiFullScreenTaskRepository: removeFullScreenTask taskId=741, topActivity=null
10-13 11:45:18.986  2983  3075 D MiuiWindowDecorViewModel: destroyWindowDecoration: taskId=741, windowingMode=1, mWindowDecorByTaskId.size()=0, callers=com.android.wm.shell.fullscreen.FullscreenTaskListener.onTaskVanished:143 com.android.wm.shell.ShellTaskOrganizer.onTaskVanished:138 android.window.TaskOrganizer$1.lambda$onTaskVanished$6:398 android.window.TaskOrganizer$1.$r8$lambda$z23H3L3GZav04D10kA3vkevrglg:0 android.window.TaskOrganizer$1$$ExternalSyntheticLambda14.run:4 
10-13 11:45:18.987  1902  2771 W InputMethodManagerService: Clear show forced flag.
10-13 11:45:18.994  1902  1917 I WindowManager: cancelAnimation removed leash : Surface(name=Surface(name=6a76de5 InputMethod#123)/@0xf2bd99 - animation-leash of insets_animation#27455)/@0x87e9ef1
10-13 11:45:18.996  1902  3317 W PackageConfigPersister: App-specific configuration not found for packageName: com.miui.home and userId: 0
10-13 11:45:19.363  1902  1902 W AccessibilityManagerService:  wait for adding window timeout: 3831
10-13 11:45:19.382  1902  1902 W AccessibilityManagerService:  wait for adding window timeout: 3837
10-13 11:45:19.434  1902  1917 D WindowManager: setParent old=Leaf:29:31@255176654,new=null,this window=WindowToken{4ccd70b type=2032 android.os.Binder@ba296da},callers=com.android.server.wm.WindowContainer.removeChild:840 com.android.server.wm.WindowContainer.removeImmediately:898 com.android.server.wm.WindowToken.setExiting:272 com.android.server.wm.DisplayContent.removeWindowToken:1666 com.android.server.wm.WindowManagerService.removeWindowToken:3428 com.android.server.wm.WindowManagerService$LocalService.removeWindowToken:8816 
10-13 11:45:19.435  1902  1917 W WindowMagnificationMgr: requestConnection duplicated request: connect=false, mConnectionState=DISCONNECTED
10-13 11:45:19.435  1902  1917 D AccessibilityManagerService: restoreCurrentUserForTestAutomationIfNeededLocked(): ignoring because device doesn't support visible background users
10-13 11:45:19.439  1902 23260 I ActivityManager: Force stopping io.appium.uiautomator2.server appid=10378 user=0: finished inst
10-13 11:45:19.440  1902 23260 E ActivityManager: Unable to freeze binder for 6523: java.lang.RuntimeException: Unable to freeze/unfreeze binder
10-13 11:45:19.440  1902  2611 E ProcessManager: error write exception log
10-13 11:45:19.441  1902  1938 D SettingsProvider: name:animator_duration_scale has changed to 0.0, because android android.provider.Settings$NameValueCache.putStringForUser:3162 android.provider.Settings$Global.putStringForUser:17046 android.provider.Settings$Global.putString:16887 android.provider.Settings$Global.putFloat:17236 com.android.server.wm.WindowManagerService$H.handleMessage:6151 android.os.Handler.dispatchMessage:106 android.os.Looper.loopOnce:222 android.os.Looper.loop:314 android.os.HandlerThread.run:67 com.android.server.ServiceThread.run:46 
10-13 11:45:19.441  1902  1936 D DisplayManagerService: Drop pending events for gone uid 10378
10-13 11:45:19.442  1902 23260 I ActivityManager: Killing 6523:io.appium.uiautomator2.server/u0a378 (adj 0): stop io.appium.uiautomator2.server due to finished inst
10-13 11:45:19.446  1902  1902 D BatterySaverPolicy: accessibility changed to false, updating policy.
10-13 11:45:19.699  1556  1556 I wificond: station_bandwidth: 
10-13 11:45:21.783  1902  2620 I SmartPower: com.xiaomi.discover/10128(15953): background->idle(3000ms) R(broadcast start Intent { act=android.intent.action.BATTERY_CHANGED flg=0x60000010 (has extras) }) adj=905.
10-13 11:45:21.784  1902  2620 I SmartPower: com.microsoft.teams/10321(21803): background->idle(3001ms) R(broadcast start Intent { act=android.intent.action.BATTERY_CHANGED flg=0x60000010 (has extras) }) adj=905.
10-13 11:45:21.857  1902  2620 I SmartPower: com.google.android.webview:sandboxed_process0:org.chromium.content.app.SandboxedPrbackground->idle(3393ms) R(remove from whitelist) adj=100.
10-13 11:45:21.859  1902  2620 I SmartPower: com.google.android.adservices.api/10307(31554): background->idle(3413ms) R(remove from whitelist) adj=100.
10-13 11:45:21.859  1902  2620 I SmartPower: com.google.android.webview:sandboxed_process0:org.chromium.content.app.SandboxedPrbackground->idle(3414ms) R(remove from whitelist) adj=800.
10-13 11:45:22.716  1556  1556 I wificond: station_bandwidth: 
10-13 11:45:22.803  1902  2336 D AlarmManager: mBroadcastRefCount -> 1
10-13 11:45:22.814  1902  1902 D AlarmManager: mBroadcastRefCount -> 0
10-13 11:45:22.814  1902  1902 D AlarmManager: mPendingIntent -> PendingIntent{f5ab6b7: PendingIntentRecord{5d5be24 android broadcastIntent}}
10-13 11:45:22.847  1902  1917 D PackageParserImpl: dump dex file,file message: base.vdex: 6507Kb 
10-13 11:45:22.932  1902  1917 D PackageParserImpl: dump dex file,file message: base.vdex: 6507Kb 
10-13 11:45:23.453  1902  1917 D PackageParserImpl: dump dex file,file message: base.vdex: 8311Kb 
10-13 11:45:23.544  1902  1917 D PackageParserImpl: dump dex file,file message: base.vdex: 8311Kb 
10-13 11:45:23.754  1902  1917 D PackageParserImpl: dump dex file,file message: base.vdex: 1832Kb 
10-13 11:45:24.783  1902  1902 D UiModeManager: updateConfigurationLocked: mDockState=0; mCarMode=false; mCar=false; mPowerSave=false; mOverrideNightModeOn=false; mOverrideNightModeOff=false; mComputedNightMode=false; mNightMode=1; uiMode=17
10-13 11:45:24.995  1902  1917 D PackageParserImpl: dump dex file,file message: base.art: 1753Kb base.odex: 11304Kb base.vdex: 577Kb 
10-13 11:45:25.080  1902  1917 D PackageParserImpl: dump dex file,file message: base.art: 1753Kb base.odex: 11304Kb base.vdex: 577Kb 
10-13 11:45:25.223  1902  1917 D PackageParserImpl: dump dex file,file message: base.art: 1753Kb base.odex: 11304Kb base.vdex: 577Kb 
10-13 11:45:25.281  1902  1954 I SmartPower: com.xiaomi.discover/10128(15953): idle->background(3498ms) R(broadcast start Intent { act=android.intent.action.BATTERY_CHANGED flg=0x60000010 (has extras) }) adj=905.
10-13 11:45:25.283  1902  1954 I SmartPower: com.microsoft.teams/10321(21803): idle->background(3498ms) R(broadcast start Intent { act=android.intent.action.BATTERY_CHANGED flg=0x60000010 (has extras) }) adj=905.
10-13 11:45:25.320  1902  1917 I ActivityManager: Force stopping eu.europa.ec.euidi appid=10390 user=0: from process:6747
10-13 11:45:25.323  1902  1917 W ProcessStats: Tracking association SourceState{b813b1d com.miui.securitycenter.remote/1000 BTop #451672} whose proc state 2 is better than process ProcessState{3bbc40b com.miui.analytics/10101 pkg=com.miui.analytics} proc state 5 (445 skipped)
10-13 11:45:25.324  1902  1917 I AppsFilter: interaction: PackageSetting{3102a1f com.android.microdroid.empty_payload/10336} -> PackageSetting{173d976 eu.europa.ec.euidi/10390} BLOCKED
10-13 11:45:25.324  1902  1917 I AppsFilter: interaction: PackageSetting{4720335 io.appium.uiautomator2.server.test/10379} -> PackageSetting{173d976 eu.europa.ec.euidi/10390} BLOCKED
10-13 11:45:25.324  1902  1917 I AppsFilter: interaction: PackageSetting{183b3ca com.fido.asm/10112} -> PackageSetting{173d976 eu.europa.ec.euidi/10390} BLOCKED
10-13 11:45:25.324  1902  1917 I AppsFilter: interaction: PackageSetting{e17493b io.appium.uiautomator2.server/10378} -> PackageSetting{173d976 eu.europa.ec.euidi/10390} BLOCKED
10-13 11:45:25.324  1902  1917 I AppsFilter: interaction: PackageSetting{6dc5858 io.appium.settings/10326} -> PackageSetting{173d976 eu.europa.ec.euidi/10390} BLOCKED
10-13 11:45:25.420  1902 10935 I ActivityManager: clearApplicationUserData eu.europa.ec.euidi appid=10390 user=0 from u2000/6752
10-13 11:45:25.421  1902 10935 I ActivityManager: Force stopping eu.europa.ec.euidi appid=10390 user=0: clear data
10-13 11:45:25.426  1902 10935 I PackageManager: clearApplicationUserData packageName: eu.europa.ec.euidi user: 0 from u1000/1902
10-13 11:45:25.428  1902  1954 I ActivityManager: Force stopping eu.europa.ec.euidi appid=10390 user=-1: clearApplicationUserData
10-13 11:45:25.456  1902  1990 D PermissionManager: writeLegacyPermissionState for user  in 25 ms.
10-13 11:45:25.498  1902  1990 W PackageFreezer: Freeze package eu.europa.ec.euidi about 0.071 seconds for reason: clearApplicationUserData
10-13 11:45:25.499  1902  1990 I AppsFilter: interaction: PackageSetting{3102a1f com.android.microdroid.empty_payload/10336} -> PackageSetting{173d976 eu.europa.ec.euidi/10390} BLOCKED
10-13 11:45:25.499  1902  1990 I AppsFilter: interaction: PackageSetting{4720335 io.appium.uiautomator2.server.test/10379} -> PackageSetting{173d976 eu.europa.ec.euidi/10390} BLOCKED
10-13 11:45:25.499  1902  1990 I AppsFilter: interaction: PackageSetting{183b3ca com.fido.asm/10112} -> PackageSetting{173d976 eu.europa.ec.euidi/10390} BLOCKED
10-13 11:45:25.499  1902  1990 I AppsFilter: interaction: PackageSetting{e17493b io.appium.uiautomator2.server/10378} -> PackageSetting{173d976 eu.europa.ec.euidi/10390} BLOCKED
10-13 11:45:25.499  1902  1990 I AppsFilter: interaction: PackageSetting{6dc5858 io.appium.settings/10326} -> PackageSetting{173d976 eu.europa.ec.euidi/10390} BLOCKED
10-13 11:45:25.500  1902  1990 I AppsFilter: interaction: PackageSetting{3102a1f com.android.microdroid.empty_payload/10336} -> PackageSetting{173d976 eu.europa.ec.euidi/10390} BLOCKED
10-13 11:45:25.500  1902  1990 I AppsFilter: interaction: PackageSetting{4720335 io.appium.uiautomator2.server.test/10379} -> PackageSetting{173d976 eu.europa.ec.euidi/10390} BLOCKED
10-13 11:45:25.500  1902  1990 I AppsFilter: interaction: PackageSetting{183b3ca com.fido.asm/10112} -> PackageSetting{173d976 eu.europa.ec.euidi/10390} BLOCKED
10-13 11:45:25.500  1902  1990 I AppsFilter: interaction: PackageSetting{e17493b io.appium.uiautomator2.server/10378} -> PackageSetting{173d976 eu.europa.ec.euidi/10390} BLOCKED
10-13 11:45:25.500  1902  1990 I AppsFilter: interaction: PackageSetting{6dc5858 io.appium.settings/10326} -> PackageSetting{173d976 eu.europa.ec.euidi/10390} BLOCKED
10-13 11:45:25.541 22918 23839 W ContextImpl: Calling a method in the system process without a qualified user: android.app.ContextImpl.sendBroadcast:1246 android.content.ContextWrapper.sendBroadcast:520 mb.q.D:34 s2.j.x:27 s2.j.m:0 
10-13 11:45:25.556  1902  1990 W PackageSettings: Couldn't write -1 to /config/sdcardfs/com.google.android.devicelock/appid
10-13 11:45:25.557  1902  1990 W PackageSettings: Couldn't write -1 to /config/sdcardfs/com.google.android.tzdata5/appid
10-13 11:45:25.557  1902  1990 W PackageSettings: Couldn't write -1 to /config/sdcardfs/com.google.android.ondevicepersonalization/appid
10-13 11:45:25.558  1902  1990 W PackageSettings: Couldn't write -1 to /config/sdcardfs/com.google.android.media.swcodec/appid
10-13 11:45:25.558  1902  1990 W PackageSettings: Couldn't write -1 to /config/sdcardfs/com.google.android.os.statsd/appid
10-13 11:45:25.559  1902  1990 W PackageSettings: Couldn't write -1 to /config/sdcardfs/com.google.mainline.primary.libs/appid
10-13 11:45:25.559  1902  1990 W PackageSettings: Couldn't write -1 to /config/sdcardfs/com.google.android.extservices/appid
10-13 11:45:25.560  1902  1990 W PackageSettings: Couldn't write -1 to /config/sdcardfs/com.android.uwb/appid
10-13 11:45:25.560  1902  1990 W PackageSettings: Couldn't write -1 to /config/sdcardfs/com.android.btservices/appid
10-13 11:45:25.560  1902  1990 W PackageSettings: Couldn't write -1 to /config/sdcardfs/com.google.android.healthfitness/appid
10-13 11:45:25.561  1902  1990 W PackageSettings: Couldn't write -1 to /config/sdcardfs/com.google.android.ipsec/appid
10-13 11:45:25.561  1902  1990 W PackageSettings: Couldn't write -1 to /config/sdcardfs/com.google.android.media/appid
10-13 11:45:25.562  1902  1990 W PackageSettings: Couldn't write -1 to /config/sdcardfs/com.android.i18n/appid
10-13 11:45:25.562  1902  1990 W PackageSettings: Couldn't write -1 to /config/sdcardfs/com.android.rkpd/appid
10-13 11:45:25.562  1902  1990 W PackageSettings: Couldn't write -1 to /config/sdcardfs/com.android.virt/appid
10-13 11:45:25.562  1902  1990 W PackageSettings: Couldn't write -1 to /config/sdcardfs/com.android.wifi/appid
10-13 11:45:25.563  1902  1990 W PackageSettings: Couldn't write -1 to /config/sdcardfs/com.google.android.appsearch/appid
10-13 11:45:25.563  1902  1990 W PackageSettings: Couldn't write -1 to /config/sdcardfs/com.google.android.configinfrastructure/appid
10-13 11:45:25.563  1902  1990 W PackageSettings: Couldn't write -1 to /config/sdcardfs/com.android.runtime/appid
10-13 11:45:25.563  1902  1990 W PackageSettings: Couldn't write -1 to /config/sdcardfs/com.google.android.cellbroadcast/appid
10-13 11:45:25.564  1902  1990 W PackageSettings: Couldn't write -1 to /config/sdcardfs/com.android.apex.cts.shim/appid
10-13 11:45:25.564  1902  1990 W PackageSettings: Couldn't write -1 to /config/sdcardfs/com.android.compos/appid
10-13 11:45:25.564  1902  1990 W PackageSettings: Couldn't write -1 to /config/sdcardfs/com.google.android.resolv/appid
10-13 11:45:25.564  1902  1990 W PackageSettings: Couldn't write -1 to /config/sdcardfs/com.google.android.sdkext/appid
10-13 11:45:25.564  1902  1990 W PackageSettings: Couldn't write -1 to /config/sdcardfs/com.google.android.art/appid
10-13 11:45:25.565  1902  1990 W PackageSettings: Couldn't write -1 to /config/sdcardfs/com.google.android.adservices/appid
10-13 11:45:25.566  1902  1990 W PackageSettings: Couldn't write -1 to /config/sdcardfs/com.google.android.scheduling/appid
10-13 11:45:25.566  1902  1990 W PackageSettings: Couldn't write -1 to /config/sdcardfs/com.google.android.mediaprovider/appid
10-13 11:45:25.567  1902  1990 W PackageSettings: Couldn't write -1 to /config/sdcardfs/com.google.android.permission/appid
10-13 11:45:25.567  1902  1990 W PackageSettings: Couldn't write -1 to /config/sdcardfs/com.android.vndk.v30/appid
10-13 11:45:25.567  1902  1990 W PackageSettings: Couldn't write -1 to /config/sdcardfs/com.android.vndk.v31/appid
10-13 11:45:25.567  1902  1990 W PackageSettings: Couldn't write -1 to /config/sdcardfs/com.android.vndk.v33/appid
10-13 11:45:25.567  1902  1990 W PackageSettings: Couldn't write -1 to /config/sdcardfs/com.android.vndk.v34/appid
10-13 11:45:25.568  1902  1990 W PackageSettings: Couldn't write -1 to /config/sdcardfs/com.google.android.neuralnetworks/appid
10-13 11:45:25.568  1902  1990 W PackageSettings: Couldn't write -1 to /config/sdcardfs/com.google.android.tethering/appid
10-13 11:45:25.568  1902  1990 W PackageSettings: Couldn't write -1 to /config/sdcardfs/com.google.android.adbd/appid
10-13 11:45:25.569  1902  1990 W PackageSettings: Couldn't write -1 to /config/sdcardfs/com.google.android.conscrypt/appid
10-13 11:45:25.583  1902  1954 I SmartPower: com.google.android.documentsui/10068(25415): idle->background(7236ms) R(broadcast start Intent { act=android.intent.action.PACKAGE_DATA_CLEARED dat=package: flg=0x5000010 (has extras) }) adj=915.
10-13 11:45:25.584  1902  1954 I SmartPower: com.android.chrome/10190(30757): idle->background(7234ms) R(broadcast start Intent { act=android.intent.action.PACKAGE_DATA_CLEARED dat=package: flg=0x5000010 (has extras) }) adj=915.
10-13 11:45:25.593  1902  1936 E MBrainLocalService: MBrainJava launch failed: SecurityException
10-13 11:45:25.597  1902  1936 E MBrainLocalService: MBrainJava launch failed: SecurityException
10-13 11:45:25.599  1902  1954 I SmartPower: com.android.vending:background/10184(18309): idle->background(7239ms) R(broadcast start Intent { act=android.intent.action.PACKAGE_DATA_CLEARED dat=package: flg=0x5000010 (has extras) }) adj=915.
10-13 11:45:25.608  1902  1954 I SmartPower: com.google.android.permissioncontroller/10221(15681): idle->background(7236ms) R(broadcast start Intent { act=android.intent.action.PACKAGE_DATA_CLEARED dat=package: flg=0x5000010 (has extras) }) adj=915.
10-13 11:45:25.612  1902  3317 D PackageParserImpl: dump dex file,file message: base.art: 1753Kb base.odex: 11304Kb base.vdex: 577Kb 
10-13 11:45:25.614  1902  1954 I SmartPower: com.xiaomi.aicr:searchDataService/10329(25443): idle->background(7186ms) R(broadcast start Intent { act=android.intent.action.PACKAGE_DATA_CLEARED dat=package: flg=0x5000010 (has extras) }) adj=905.
10-13 11:45:25.728  1556  1556 I wificond: station_bandwidth: 
10-13 11:45:25.827  1902  1954 I SmartPower: com.google.android.videos/10312(19398): idle->background(7190ms) R(broadcast start Intent { act=android.intent.action.PACKAGE_RESTARTED dat=package: flg=0x10 (has extras) }) adj=905.
10-13 11:45:25.893  1902  3984 I ActivityManager: Force stopping io.appium.uiautomator2.server.test appid=10379 user=0: from process:6810
10-13 11:45:25.898  1902  3984 I AppsFilter: interaction: PackageSetting{3102a1f com.android.microdroid.empty_payload/10336} -> PackageSetting{4720335 io.appium.uiautomator2.server.test/10379} BLOCKED
10-13 11:45:25.898  1902  3984 I AppsFilter: interaction: PackageSetting{183b3ca com.fido.asm/10112} -> PackageSetting{4720335 io.appium.uiautomator2.server.test/10379} BLOCKED
10-13 11:45:25.898  1902  3984 I AppsFilter: interaction: PackageSetting{6dc5858 io.appium.settings/10326} -> PackageSetting{4720335 io.appium.uiautomator2.server.test/10379} BLOCKED
10-13 11:45:26.194  1902  1938 D SettingsProvider: name:animator_duration_scale has changed to 0.0, because android android.provider.Settings$NameValueCache.putStringForUser:3162 android.provider.Settings$Global.putStringForUser:17046 android.provider.Settings$Global.putString:16887 android.provider.Settings$Global.putFloat:17236 com.android.server.wm.WindowManagerService$H.handleMessage:6151 android.os.Handler.dispatchMessage:106 android.os.Looper.loopOnce:222 android.os.Looper.loop:314 android.os.HandlerThread.run:67 com.android.server.ServiceThread.run:46 
10-13 11:45:26.194  1902  1938 D SettingsProvider: name:animator_duration_scale has changed to 0.0, because android android.provider.Settings$NameValueCache.putStringForUser:3162 android.provider.Settings$Global.putStringForUser:17046 android.provider.Settings$Global.putString:16887 android.provider.Settings$Global.putFloat:17236 com.android.server.wm.WindowManagerService$H.handleMessage:6151 android.os.Handler.dispatchMessage:106 android.os.Looper.loopOnce:222 android.os.Looper.loop:314 android.os.HandlerThread.run:67 com.android.server.ServiceThread.run:46 
10-13 11:45:26.194  1902  1938 D SettingsProvider: name:animator_duration_scale has changed to 0.0, because android android.provider.Settings$NameValueCache.putStringForUser:3162 android.provider.Settings$Global.putStringForUser:17046 android.provider.Settings$Global.putString:16887 android.provider.Settings$Global.putFloat:17236 com.android.server.wm.WindowManagerService$H.handleMessage:6151 android.os.Handler.dispatchMessage:106 android.os.Looper.loopOnce:222 android.os.Looper.loop:314 android.os.HandlerThread.run:67 com.android.server.ServiceThread.run:46 
10-13 11:45:26.195  1902  3984 I ActivityManager: Force stopping io.appium.uiautomator2.server appid=10378 user=0: start instr
10-13 11:45:26.197  1902  3984 D CompatibilityChangeReporter: Compat change id reported: 135634846; UID 10378; state: DISABLED
10-13 11:45:26.198  1902  3984 D CompatibilityChangeReporter: Compat change id reported: 177438394; UID 10378; state: DISABLED
10-13 11:45:26.198  1902  3984 D CompatibilityChangeReporter: Compat change id reported: 135772972; UID 10378; state: DISABLED
10-13 11:45:26.198  1902  3984 D CompatibilityChangeReporter: Compat change id reported: 135754954; UID 10378; state: ENABLED
10-13 11:45:26.198  1902  1955 D CompatibilityChangeReporter: Compat change id reported: 143937733; UID 10378; state: ENABLED
10-13 11:45:26.199  1902  2323 D CompatibilityChangeReporter: Compat change id reported: 265195908; UID 10378; state: ENABLED
10-13 11:45:26.204  1902  1955 I ActivityManager: Start proc 6824:io.appium.uiautomator2.server/u0a378 for added application io.appium.uiautomator2.server caller=android
10-13 11:45:26.259  1902  3984 I SmartPower: io.appium.uiautomator2.server/10378(6824): died->background(6818ms) R(process start ) adj=-10000.
10-13 11:45:26.260  1902  3984 D CompatibilityChangeReporter: Compat change id reported: 168419799; UID 10378; state: DISABLED
10-13 11:45:26.261  1902  3984 D CompatibilityChangeReporter: Compat change id reported: 273564678; UID 10378; state: DISABLED
10-13 11:45:26.264  1902  2600 D isUidValid: uid = 10378
10-13 11:45:26.279  1902  3984 D CompatibilityChangeReporter: Compat change id reported: 170503758; UID 10378; state: DISABLED
10-13 11:45:26.292  1902  3984 I AppsFilter: interaction: PackageSetting{e17493b io.appium.uiautomator2.server/10378} -> PackageSetting{37a3521 com.google.android.apps.subscriptions.red/10194} BLOCKED
10-13 11:45:26.292  1902  3984 I AppsFilter: interaction: PackageSetting{e17493b io.appium.uiautomator2.server/10378} -> PackageSetting{fbedd46 com.android.cts.priv.ctsshim/10218} BLOCKED
10-13 11:45:26.292  1902  3984 I AppsFilter: interaction: PackageSetting{e17493b io.appium.uiautomator2.server/10378} -> PackageSetting{5d3bb07 com.google.android.youtube/10206} BLOCKED
10-13 11:45:26.292  1902  3984 I AppsFilter: interaction: PackageSetting{e17493b io.appium.uiautomator2.server/10378} -> PackageSetting{c8cf434 com.android.uwb.resources/10311} BLOCKED
10-13 11:45:26.292  1902  3984 I AppsFilter: interaction: PackageSetting{e17493b io.appium.uiautomator2.server/10378} -> PackageSetting{ebe496c com.android.internal.display.cutout.emulation.corner/10003} BLOCKED
10-13 11:45:26.292  1902  3984 I AppsFilter: interaction: PackageSetting{e17493b io.appium.uiautomator2.server/10378} -> PackageSetting{6ec5b35 com.android.internal.display.cutout.emulation.double/10007} BLOCKED
10-13 11:45:26.292  1902  3984 I AppsFilter: interaction: PackageSetting{e17493b io.appium.uiautomator2.server/10378} -> PackageSetting{6dc5858 io.appium.settings/10326} BLOCKED
10-13 11:45:26.292  1902  3984 I AppsFilter: interaction: PackageSetting{e17493b io.appium.uiautomator2.server/10378} -> PackageSetting{ea4025d com.google.android.googlequicksearchbox/10188} BLOCKED
10-13 11:45:26.292  1902  3984 I AppsFilter: interaction: PackageSetting{e17493b io.appium.uiautomator2.server/10378} -> PackageSetting{57b87d2 cn.wps.xiaomi.abroad.lite/10233} BLOCKED
10-13 11:45:26.292  1902  3984 I AppsFilter: interaction: PackageSetting{e17493b io.appium.uiautomator2.server/10378} -> PackageSetting{76700a3 com.google.android.apps.googleassistant/10169} BLOCKED
10-13 11:45:26.292  1902  3984 I AppsFilter: interaction: PackageSetting{e17493b io.appium.uiautomator2.server/10378} -> PackageSetting{a1f1fa0 com.google.android.onetimeinitializer/10170} BLOCKED
10-13 11:45:26.292  1902  3984 I AppsFilter: interaction: PackageSetting{e17493b io.appium.uiautomator2.server/10378} -> PackageSetting{a36759 com.google.android.ext.shared/10109} BLOCKED
10-13 11:45:26.292  1902  3984 I AppsFilter: interaction: PackageSetting{e17493b io.appium.uiautomator2.server/10378} -> PackageSetting{18ed617 com.android.internal.systemui.navbar.gestural_wide_back/10044} BLOCKED
10-13 11:45:26.292  1902  3984 I AppsFilter: interaction: PackageSetting{e17493b io.appium.uiautomator2.server/10378} -> PackageSetting{6e64f1e com.android.virtualmachine.res/10335} BLOCKED
10-13 11:45:26.292  1902  3984 I AppsFilter: interaction: PackageSetting{e17493b io.appium.uiautomator2.server/10378} -> PackageSetting{b5f03ff com.google.android.server.deviceconfig.resources/10026} BLOCKED
10-13 11:45:26.292  1902  3984 I AppsFilter: interaction: PackageSetting{e17493b io.appium.uiautomator2.server/10378} -> PackageSetting{e695cc com.google.android.apps.podcasts/10226} BLOCKED
10-13 11:45:26.292  1902  3984 I AppsFilter: interaction: PackageSetting{e17493b io.appium.uiautomator2.server/10378} -> PackageSetting{b9a2015 com.android.htmlviewer/10113} BLOCKED
10-13 11:45:26.292  1902  3984 I AppsFilter: interaction: PackageSetting{e17493b io.appium.uiautomator2.server/10378} -> PackageSetting{ba43f2a com.google.android.health.connect.backuprestore/10339} BLOCKED
10-13 11:45:26.292  1902  3984 I AppsFilter: interaction: PackageSetting{e17493b io.appium.uiautomator2.server/10378} -> PackageSetting{4a9e11b com.google.android.apps.messaging/10181} BLOCKED
10-13 11:45:26.292  1902  3984 I AppsFilter: interaction: PackageSetting{e17493b io.appium.uiautomator2.server/10378} -> PackageSetting{4cd42b8 com.sfr.android.sfrjeux/10187} BLOCKED
10-13 11:45:26.292  1902  3984 I AppsFilter: interaction: PackageSetting{e17493b io.appium.uiautomator2.server/10378} -> PackageSetting{809a891 com.ironsource.appcloud.oobe.hutchison/10166} BLOCKED
10-13 11:45:26.292  1902  3984 I AppsFilter: interaction: PackageSetting{e17493b io.appium.uiautomator2.server/10378} -> PackageSetting{e9f23f6 com.google.android.configupdater/10167} BLOCKED
10-13 11:45:26.292  1902  3984 I AppsFilter: interaction: PackageSetting{e17493b io.appium.uiautomator2.server/10378} -> PackageSetting{e1b7a com.google.android.overlay.modules.permissioncontroller/10020} BLOCKED
10-13 11:45:26.292  1902  3984 I AppsFilter: interaction: PackageSetting{e17493b io.appium.uiautomator2.server/10378} -> PackageSetting{cfb73f7 com.android.soundrecorder/10243} BLOCKED
10-13 11:45:26.292  1902  3984 I AppsFilter: interaction: PackageSetting{e17493b io.appium.uiautomator2.server/10378} -> PackageSetting{c6fd264 com.altice.android.myapps/10185} BLOCKED
10-13 11:45:26.292  1902  3984 I AppsFilter: interaction: PackageSetting{e17493b io.appium.uiautomator2.server/10378} -> PackageSetting{b0f3ccd com.google.android.apps.safetyhub/10303} BLOCKED
10-13 11:45:26.292  1902  3984 I AppsFilter: interaction: PackageSetting{e17493b io.appium.uiautomator2.server/10378} -> PackageSetting{d918982 eu.europa.publications.quickborder/10370} BLOCKED
10-13 11:45:26.293  1902  3984 I AppsFilter: interaction: PackageSetting{e17493b io.appium.uiautomator2.server/10378} -> PackageSetting{b0796e5 com.google.ar.core/10265} BLOCKED
10-13 11:45:26.293  1902  3984 I AppsFilter: interaction: PackageSetting{e17493b io.appium.uiautomator2.server/10378} -> PackageSetting{b695893 com.android.simappdialog/10144} BLOCKED
10-13 11:45:26.293  1902  3984 I AppsFilter: interaction: PackageSetting{e17493b io.appium.uiautomator2.server/10378} -> PackageSetting{989b0d0 com.aura.oobe.vodafone/10165} BLOCKED
10-13 11:45:26.293  1902  3984 I AppsFilter: interaction: PackageSetting{e17493b io.appium.uiautomator2.server/10378} -> PackageSetting{1e7a5d com.android.internal.display.cutout.emulation.hole/10005} BLOCKED
10-13 11:45:26.293  1902  3984 I AppsFilter: interaction: PackageSetting{e17493b io.appium.uiautomator2.server/10378} -> PackageSetting{7309fd2 com.android.internal.display.cutout.emulation.tall/10010} BLOCKED
10-13 11:45:26.293  1902  3984 I AppsFilter: interaction: PackageSetting{e17493b io.appium.uiautomator2.server/10378} -> PackageSetting{ed238a3 com.google.android.overlay.healthconnect/10268} BLOCKED
10-13 11:45:26.293  1902  3984 I AppsFilter: interaction: PackageSetting{e17493b io.appium.uiautomator2.server/10378} -> PackageSetting{dd5f7a0 com.android.internal.systemui.navbar.threebutton/10040} BLOCKED
10-13 11:45:26.293  1902  3984 I AppsFilter: interaction: PackageSetting{e17493b io.appium.uiautomator2.server/10378} -> PackageSetting{45fd8c9 com.android.wifi.dialog/10290} BLOCKED
10-13 11:45:26.293  1902  3984 I AppsFilter: interaction: PackageSetting{e17493b io.appium.uiautomator2.server/10378} -> PackageSetting{552bbce com.android.hotwordenrollment.xgoogle/10173} BLOCKED
10-13 11:45:26.293  1902  3984 I AppsFilter: interaction: PackageSetting{e17493b io.appium.uiautomator2.server/10378} -> PackageSetting{8c6eaef com.android.mms/10301} BLOCKED
10-13 11:45:26.293  1902  3984 I AppsFilter: interaction: PackageSetting{e17493b io.appium.uiautomator2.server/10378} -> PackageSetting{c2109fc com.google.android.as/10296} BLOCKED
10-13 11:45:26.293  1902  3984 I AppsFilter: interaction: PackageSetting{e17493b io.appium.uiautomator2.server/10378} -> PackageSetting{43885 com.google.android.gm/10197} BLOCKED
10-13 11:45:26.293  1902  3984 I AppsFilter: interaction: PackageSetting{e17493b io.appium.uiautomator2.server/10378} -> PackageSetting{6e2c6da com.android.compos.payload/10341} BLOCKED
10-13 11:45:26.293  1902  3984 I AppsFilter: interaction: PackageSetting{e17493b io.appium.uiautomator2.server/10378} -> PackageSetting{dc1470b com.google.android.apps.tachyon/10234} BLOCKED
10-13 11:45:26.293  1902  3984 I AppsFilter: interaction: PackageSetting{e17493b io.appium.uiautomator2.server/10378} -> PackageSetting{d871ab8 com.google.android.overlay.gmsconfig.common/10012} BLOCKED
10-13 11:45:26.293  1902  3984 I AppsFilter: interaction: PackageSetting{e17493b io.appium.uiautomator2.server/10378} -> PackageSetting{c72c9e8 com.android.settings.intelligence/10179} BLOCKED
10-13 11:45:26.293  1902  3984 I AppsFilter: interaction: PackageSetting{e17493b io.appium.uiautomator2.server/10378} -> PackageSetting{ec8bbf6 com.android.internal.systemui.navbar.gestural_extra_wide_back/10042} BLOCKED
10-13 11:45:26.293  1902  3984 I AppsFilter: interaction: PackageSetting{e17493b io.appium.uiautomator2.server/10378} -> PackageSetting{7d4d801 com.miui.compass/10237} BLOCKED
10-13 11:45:26.293  1902  3984 I AppsFilter: interaction: PackageSetting{e17493b io.appium.uiautomator2.server/10378} -> PackageSetting{13676a6 com.google.android.setupwizard/10211} BLOCKED
10-13 11:45:26.293  1902  3984 I AppsFilter: interaction: PackageSetting{e17493b io.appium.uiautomator2.server/10378} -> PackageSetting{6bb48e7 com.miui.android.fashiongallery/10231} BLOCKED
10-13 11:45:26.293  1902  3984 I AppsFilter: interaction: PackageSetting{e17493b io.appium.uiautomator2.server/10378} -> PackageSetting{79e9c94 com.facebook.services/10097} BLOCKED
10-13 11:45:26.293  1902  3984 I AppsFilter: interaction: PackageSetting{e17493b io.appium.uiautomator2.server/10378} -> PackageSetting{b5f33d com.android.printspooler/10135} BLOCKED
10-13 11:45:26.293  1902  3984 I AppsFilter: interaction: PackageSetting{e17493b io.appium.uiautomator2.server/10378} -> PackageSetting{bc35732 com.android.hotwordenrollment.okgoogle/10172} BLOCKED
10-13 11:45:26.293  1902  3984 I AppsFilter: interaction: PackageSetting{e17493b io.appium.uiautomator2.server/10378} -> PackageSetting{9698c83 com.google.android.apps.accessibility.auditor/10031} BLOCKED
10-13 11:45:26.293  1902  3984 I AppsFilter: interaction: PackageSetting{e17493b io.appium.uiautomator2.server/10378} -> PackageSetting{b12ee00 org.ifaa.aidl.manager/10155} BLOCKED
10-13 11:45:26.293  1902  3984 I AppsFilter: interaction: PackageSetting{e17493b io.appium.uiautomator2.server/10378} -> PackageSetting{f938639 com.android.dreams.basic/10098} BLOCKED
10-13 11:45:26.293  1902  3984 I AppsFilter: interaction: PackageSetting{e17493b io.appium.uiautomator2.server/10378} -> PackageSetting{dcbb47e com.google.android.as.oss/10302} BLOCKED
10-13 11:45:26.293  1902  3984 I AppsFilter: interaction: PackageSetting{e17493b io.appium.uiautomator2.server/10378} -> PackageSetting{82e6ddf com.duokan.phone.remotecontroller/10241} BLOCKED
10-13 11:45:26.293  1902  3984 I AppsFilter: interaction: PackageSetting{e17493b io.appium.uiautomator2.server/10378} -> PackageSetting{ab8ea2c de.telekom.tsc/10094} BLOCKED
10-13 11:45:26.293  1902  3984 I AppsFilter: interaction: PackageSetting{e17493b io.appium.uiautomator2.server/10378} -> PackageSetting{21d4cf5 com.android.rkpdapp/10337} BLOCKED
10-13 11:45:26.293  1902  3984 I AppsFilter: interaction: PackageSetting{e17493b io.appium.uiautomator2.server/10378} -> PackageSetting{e6a9a8a com.google.android.devicelockcontroller/10141} BLOCKED
10-13 11:45:26.293  1902  3984 I AppsFilter: interaction: PackageSetting{e17493b io.appium.uiautomator2.server/10378} -> PackageSetting{f3608fb com.google.android.dialer/10177} BLOCKED
10-13 11:45:26.293  1902  3984 I AppsFilter: interaction: PackageSetting{e17493b io.appium.uiautomator2.server/10378} -> PackageSetting{de07d18 com.google.android.apps.nbu.files/10259} BLOCKED
10-13 11:45:26.293  1902  3984 I AppsFilter: interaction: PackageSetting{e17493b io.appium.uiautomator2.server/10378} -> PackageSetting{742c371 com.dti.telefonica/10186} BLOCKED
10-13 11:45:26.293  1902  3984 I AppsFilter: interaction: PackageSetting{e17493b io.appium.uiautomator2.server/10378} -> PackageSetting{95fd556 com.google.android.captiveportallogin/10105} BLOCKED
10-13 11:45:26.293  1902  3984 I AppsFilter: interaction: PackageSetting{e17493b io.appium.uiautomator2.server/10378} -> PackageSetting{cc6b3d com.google.android.overlay.gmsconfig.comms/10018} BLOCKED
10-13 11:45:26.294  1902  3984 I AppsFilter: interaction: PackageSetting{e17493b io.appium.uiautomator2.server/10378} -> PackageSetting{de46f32 com.google.android.overlay.gmsconfig.geotz/10014} BLOCKED
10-13 11:45:26.294  1902  3984 I AppsFilter: interaction: PackageSetting{e17493b io.appium.uiautomator2.server/10378} -> PackageSetting{75239d7 com.google.android.appsearch.apk/10038} BLOCKED
10-13 11:45:26.294  1902  3984 I AppsFilter: interaction: PackageSetting{e17493b io.appium.uiautomator2.server/10378} -> PackageSetting{eec52c4 com.google.ambient.streaming/10297} BLOCKED
10-13 11:45:26.294  1902  3984 I AppsFilter: interaction: PackageSetting{e17493b io.appium.uiautomator2.server/10378} -> PackageSetting{36f25ad com.android.musicfx/10328} BLOCKED
10-13 11:45:26.294  1902  3984 I AppsFilter: interaction: PackageSetting{e17493b io.appium.uiautomator2.server/10378} -> PackageSetting{49bf0e2 com.google.android.apps.docs/10242} BLOCKED
10-13 11:45:26.294  1902  3984 I AppsFilter: interaction: PackageSetting{e17493b io.appium.uiautomator2.server/10378} -> PackageSetting{289474 com.google.android.apps.maps/10204} BLOCKED
10-13 11:45:26.294  1902  3984 I AppsFilter: interaction: PackageSetting{e17493b io.appium.uiautomator2.server/10378} -> PackageSetting{c5335ba com.orange.update/10164} BLOCKED
10-13 11:45:26.294  1902  3984 I AppsFilter: interaction: PackageSetting{e17493b io.appium.uiautomator2.server/10378} -> PackageSetting{a969c73 com.google.android.webview/10201} BLOCKED
10-13 11:45:26.294  1902  3984 I AppsFilter: interaction: PackageSetting{e17493b io.appium.uiautomator2.server/10378} -> PackageSetting{d125df com.google.android.overlay.modules.documentsui/10021} BLOCKED
10-13 11:45:26.294  1902  3984 I AppsFilter: interaction: PackageSetting{e17493b io.appium.uiautomator2.server/10378} -> PackageSetting{9bdd730 com.google.android.contactkeys/10362} BLOCKED
10-13 11:45:26.294  1902  3984 I AppsFilter: interaction: PackageSetting{e17493b io.appium.uiautomator2.server/10378} -> PackageSetting{c856fa9 com.google.android.contacts/10189} BLOCKED
10-13 11:45:26.294  1902  3984 I AppsFilter: interaction: PackageSetting{e17493b io.appium.uiautomator2.server/10378} -> PackageSetting{28c392e com.microsoft.windowsintune.companyportal/10365} BLOCKED
10-13 11:45:26.294  1902  3984 I AppsFilter: interaction: PackageSetting{e17493b io.appium.uiautomator2.server/10378} -> PackageSetting{6b48ccf com.android.chrome/10190} BLOCKED
10-13 11:45:26.294  1902  3984 I AppsFilter: interaction: PackageSetting{e17493b io.appium.uiautomator2.server/10378} -> PackageSetting{4e1365c com.google.android.ims/10168} BLOCKED
10-13 11:45:26.294  1902  3984 I AppsFilter: interaction: PackageSetting{e17493b io.appium.uiautomator2.server/10378} -> PackageSetting{99c5d65 com.android.wifi.resources/10222} BLOCKED
10-13 11:45:26.294  1902  3984 I AppsFilter: interaction: PackageSetting{e17493b io.appium.uiautomator2.server/10378} -> PackageSetting{d26ba3a com.emanuelef.remote_capture/10323} BLOCKED
10-13 11:45:26.294  1902  3984 I AppsFilter: interaction: PackageSetting{e17493b io.appium.uiautomator2.server/10378} -> PackageSetting{91726eb com.google.android.apps.walletnfcrel/10261} BLOCKED
10-13 11:45:26.294  1902  3984 I AppsFilter: interaction: PackageSetting{e17493b io.appium.uiautomator2.server/10378} -> PackageSetting{1795c48 com.google.android.partnersetup/10171} BLOCKED
10-13 11:45:26.294  1902  3984 I AppsFilter: interaction: PackageSetting{e17493b io.appium.uiautomator2.server/10378} -> PackageSetting{27a6ae1 com.google.android.videos/10312} BLOCKED
10-13 11:45:26.294  1902  3984 I AppsFilter: interaction: PackageSetting{e17493b io.appium.uiautomator2.server/10378} -> PackageSetting{d3308e2 com.google.android.overlay.gmsconfig.asi/10266} BLOCKED
10-13 11:45:26.294  1902  3984 I AppsFilter: interaction: PackageSetting{e17493b io.appium.uiautomator2.server/10378} -> PackageSetting{c3bd473 com.google.android.overlay.gmsconfig.gsa/10013} BLOCKED
10-13 11:45:26.294  1902  3984 I AppsFilter: interaction: PackageSetting{e17493b io.appium.uiautomator2.server/10378} -> PackageSetting{5b64006 dev.firebase.appdistribution/10313} BLOCKED
10-13 11:45:26.294  1902  3984 I AppsFilter: interaction: PackageSetting{e17493b io.appium.uiautomator2.server/10378} -> PackageSetting{cf967a9 com.android.theme.font.notoserifsource/10009} BLOCKED
10-13 11:45:26.294  1902  3984 I AppsFilter: interaction: PackageSetting{e17493b io.appium.uiautomator2.server/10378} -> PackageSetting{bf46c7 com.google.android.safetycenter.resources/10220} BLOCKED
10-13 11:45:26.294  1902  3984 I AppsFilter: interaction: PackageSetting{e17493b io.appium.uiautomator2.server/10378} -> PackageSetting{97544cf com.android.internal.display.cutout.emulation.waterfall/10006} BLOCKED
10-13 11:45:26.294  1902  3984 I AppsFilter: interaction: PackageSetting{e17493b io.appium.uiautomator2.server/10378} -> PackageSetting{8ff8e5c com.android.internal.systemui.navbar.transparent/10316} BLOCKED
10-13 11:45:26.294  1902  3984 I AppsFilter: interaction: PackageSetting{e17493b io.appium.uiautomator2.server/10378} -> PackageSetting{debf4f4 com.google.android.connectivity.resources/10224} BLOCKED
10-13 11:45:26.294  1902  3984 I AppsFilter: interaction: PackageSetting{e17493b io.appium.uiautomator2.server/10378} -> PackageSetting{ad1d41d com.google.android.feedback/10208} BLOCKED
10-13 11:45:26.294  1902  3984 I AppsFilter: interaction: PackageSetting{e17493b io.appium.uiautomator2.server/10378} -> PackageSetting{5665692 com.google.android.printservice.recommendation/10111} BLOCKED
10-13 11:45:26.294  1902  3984 I AppsFilter: interaction: PackageSetting{e17493b io.appium.uiautomator2.server/10378} -> PackageSetting{1df8863 com.xiaomi.midrop/10229} BLOCKED
10-13 11:45:26.294  1902  3984 I AppsFilter: interaction: PackageSetting{e17493b io.appium.uiautomator2.server/10378} -> PackageSetting{74d6c60 com.google.android.apps.photos/10205} BLOCKED
10-13 11:45:26.294  1902  3984 I AppsFilter: interaction: PackageSetting{e17493b io.appium.uiautomator2.server/10378} -> PackageSetting{f7765dc com.google.android.calendar/10192} BLOCKED
10-13 11:45:26.294  1902  3984 I AppsFilter: interaction: PackageSetting{e17493b io.appium.uiautomator2.server/10378} -> PackageSetting{721d806 com.google.android.overlay.devicelockcontroller/10084} BLOCKED
10-13 11:45:26.294  1902  3984 I AppsFilter: interaction: PackageSetting{e17493b io.appium.uiautomator2.server/10378} -> PackageSetting{53c9519 com.tencent.soter.soterserver/10160} BLOCKED
10-13 11:45:26.294  1902  3984 I AppsFilter: interaction: PackageSetting{e17493b io.appium.uiautomator2.server/10378} -> PackageSetting{a8f49de com.google.android.documentsui/10068} BLOCKED
10-13 11:45:26.294  1902  3984 I AppsFilter: interaction: PackageSetting{e17493b io.appium.uiautomator2.server/10378} -> PackageSetting{7844c1d com.miui.permissioncontroller.overlay/10219} BLOCKED
10-13 11:45:26.294  1902  3984 I AppsFilter: interaction: PackageSetting{e17493b io.appium.uiautomator2.server/10378} -> PackageSetting{73847bf com.google.android.accessibility.switchaccess/10331} BLOCKED
10-13 11:45:26.294  1902  3984 I AppsFilter: interaction: PackageSetting{e17493b io.appium.uiautomator2.server/10378} -> PackageSetting{58cee8c com.android.providers.partnerbookmarks/10142} BLOCKED
10-13 11:45:26.294  1902  3984 I AppsFilter: interaction: PackageSetting{e17493b io.appium.uiautomator2.server/10378} -> PackageSetting{9f869d5 com.miui.calculator/10244} BLOCKED
10-13 11:45:26.294  1902  3984 I AppsFilter: interaction: PackageSetting{e17493b io.appium.uiautomator2.server/10378} -> PackageSetting{ec225ea com.android.wallpaper.livepicker/10114} BLOCKED
10-13 11:45:26.294  1902  3984 I AppsFilter: interaction: PackageSetting{e17493b io.appium.uiautomator2.server/10378} -> PackageSetting{d33a0db com.android.apps.tag/10090} BLOCKED
10-13 11:45:26.295  1902  3984 I AppsFilter: interaction: PackageSetting{e17493b io.appium.uiautomator2.server/10378} -> PackageSetting{e606778 com.android.imsserviceentitlement/10300} BLOCKED
10-13 11:45:26.295  1902  3984 I AppsFilter: interaction: PackageSetting{e17493b io.appium.uiautomator2.server/10378} -> PackageSetting{d62ce51 com.facebook.system/10093} BLOCKED
10-13 11:45:26.295  1902  3984 I AppsFilter: interaction: PackageSetting{e17493b io.appium.uiautomator2.server/10378} -> PackageSetting{194b6b6 com.google.android.healthconnect.controller/10338} BLOCKED
10-13 11:45:26.295  1902  3984 I AppsFilter: interaction: PackageSetting{e17493b io.appium.uiautomator2.server/10378} -> PackageSetting{2c16fb7 com.android.bookmarkprovider/10102} BLOCKED
10-13 11:45:26.295  1902  3984 I AppsFilter: interaction: PackageSetting{e17493b io.appium.uiautomator2.server/10378} -> PackageSetting{af08324 com.miui.weather2/10228} BLOCKED
10-13 11:45:26.295  1902  3984 I AppsFilter: interaction: PackageSetting{e17493b io.appium.uiautomator2.server/10378} -> PackageSetting{234fe8d org.mipay.android.manager/10157} BLOCKED
10-13 11:45:26.295  1902  3984 I AppsFilter: interaction: PackageSetting{e17493b io.appium.uiautomator2.server/10378} -> PackageSetting{42d8842 com.google.android.apps.healthdata/10299} BLOCKED
10-13 11:45:26.295  1902  3984 I AppsFilter: interaction: PackageSetting{e17493b io.appium.uiautomator2.server/10378} -> PackageSetting{1050459 com.google.android.projection.gearhead/10163} BLOCKED
10-13 11:45:26.295  1902  3984 I AppsFilter: interaction: PackageSetting{e17493b io.appium.uiautomator2.server/10378} -> PackageSetting{173d976 eu.europa.ec.euidi/10390} BLOCKED
10-13 11:45:26.295  1902  3984 I AppsFilter: interaction: PackageSetting{e17493b io.appium.uiautomator2.server/10378} -> PackageSetting{bf35053 com.xiaomi.scanner/10227} BLOCKED
10-13 11:45:26.295  1902  3984 I AppsFilter: interaction: PackageSetting{e17493b io.appium.uiautomator2.server/10378} -> PackageSetting{c44ad90 com.google.android.apps.turbo/10180} BLOCKED
10-13 11:45:26.295  1902  3984 I AppsFilter: interaction: PackageSetting{e17493b io.appium.uiautomator2.server/10378} -> PackageSetting{37ff689 com.google.android.safetycore/10045} BLOCKED
10-13 11:45:26.295  1902  3984 I AppsFilter: interaction: PackageSetting{e17493b io.appium.uiautomator2.server/10378} -> PackageSetting{18fe68e com.google.android.apps.chromecast.app/10260} BLOCKED
10-13 11:45:26.295  1902  3984 I AppsFilter: interaction: PackageSetting{e17493b io.appium.uiautomator2.server/10378} -> PackageSetting{c4c281e com.android.cts.ctsshim/10310} BLOCKED
10-13 11:45:26.295  1902  3984 I AppsFilter: interaction: PackageSetting{e17493b io.appium.uiautomator2.server/10378} -> PackageSetting{2589eaf com.miui.mediaeditor/10235} BLOCKED
10-13 11:45:26.295  1902  3984 I AppsFilter: interaction: PackageSetting{e17493b io.appium.uiautomator2.server/10378} -> PackageSetting{a6f12bc com.android.mdl.appreader/10274} BLOCKED
10-13 11:45:26.295  1902  3984 I AppsFilter: interaction: PackageSetting{e17493b io.appium.uiautomator2.server/10378} -> PackageSetting{2687245 com.miui.yellowpage/10077} BLOCKED
