10-13 11:45:08.786  1902  1939 W WindowManager: android.os.DeadObjectException
10-13 11:45:08.786  1902  1939 W WindowManager: 	at android.os.BinderProxy.transactNative(Native Method)
10-13 11:45:08.786  1902  1939 W WindowManager: 	at android.os.BinderProxy.transact(BinderProxy.java:639)
10-13 11:45:08.786  1902  1939 W WindowManager: 	at android.view.IWindow$Stub$Proxy.insetsControlChanged(IWindow.java:606)
10-13 11:45:08.786  1902  1939 W WindowManager: 	at com.android.server.wm.WindowState.notifyInsetsControlChanged(WindowState.java:4238)
10-13 11:45:08.786  1902  1939 W WindowManager: 	at com.android.server.wm.InsetsStateController.lambda$notifyPendingInsetsControlChanged$3(InsetsStateController.java:343)
10-13 11:45:08.786  1902  1939 W WindowManager: 	at com.android.server.wm.InsetsStateController.$r8$lambda$8yykPRG1GyNq_J17QvL9d5xANMc(Unknown Source:0)
10-13 11:45:08.786  1902  1939 W WindowManager: 	at com.android.server.wm.InsetsStateController$$ExternalSyntheticLambda2.run(Unknown Source:2)
10-13 11:45:08.786  1902  1939 W WindowManager: 	at com.android.server.wm.WindowAnimator.executeAfterPrepareSurfacesRunnables(WindowAnimator.java:309)
10-13 11:45:08.786  1902  1939 W WindowManager: 	at com.android.server.wm.WindowAnimator.animate(WindowAnimator.java:217)
10-13 11:45:08.786  1902  1939 W WindowManager: 	at com.android.server.wm.WindowAnimator.lambda$new$1(WindowAnimator.java:102)
10-13 11:45:08.786  1902  1939 W WindowManager: 	at com.android.server.wm.WindowAnimator.$r8$lambda$aHNu1uhcqxihX5NZc4McDDQPAyw(Unknown Source:0)
10-13 11:45:08.786  1902  1939 W WindowManager: 	at com.android.server.wm.WindowAnimator$$ExternalSyntheticLambda1.doFrame(Unknown Source:2)
10-13 11:45:08.786  1902  1939 W WindowManager: 	at android.view.Choreographer$CallbackRecord.run(Choreographer.java:1766)
10-13 11:45:08.786  1902  1939 W WindowManager: 	at android.view.Choreographer$CallbackRecord.run(Choreographer.java:1777)
10-13 11:45:08.786  1902  1939 W WindowManager: 	at android.view.Choreographer.doCallbacks(Choreographer.java:1247)
10-13 11:45:08.786  1902  1939 W WindowManager: 	at android.view.Choreographer.doFrame(Choreographer.java:1104)
10-13 11:45:08.786  1902  1939 W WindowManager: 	at android.view.Choreographer$FrameDisplayEventReceiver.run(Choreographer.java:1731)
10-13 11:45:08.786  1902  1939 W WindowManager: 	at android.os.Handler.handleCallback(Handler.java:958)
10-13 11:45:08.786  1902  1939 W WindowManager: 	at android.os.Handler.dispatchMessage(Handler.java:99)
10-13 11:45:08.786  1902  1939 W WindowManager: 	at android.os.Looper.loopOnce(Looper.java:222)
10-13 11:45:08.786  1902  1939 W WindowManager: 	at android.os.Looper.loop(Looper.java:314)
10-13 11:45:08.786  1902  1939 W WindowManager: 	at android.os.HandlerThread.run(HandlerThread.java:67)
10-13 11:45:08.786  1902  1939 W WindowManager: 	at com.android.server.ServiceThread.run(ServiceThread.java:46)
10-13 11:45:08.786  1902  1939 D WindowManager: Collecting in transition 1622: WallpaperWindowToken{b886097 token=android.os.BinderProxy@90f5f16} init visibleRequested:false
10-13 11:45:08.786  1902  1939 D WindowManager: Collecting in transition 1622: WallpaperWindowToken{b086f80 token=android.os.Binder@8a62403} init visibleRequested:false
10-13 11:45:08.787  1902  1939 W WindowManager: real show surface:Surface(name=com.miui.miwallpaper.wallpaperservice.ImageWallpaper#23669)/@0x16119bd
10-13 11:45:08.787  1902  1939 W WindowManager: real show surface:Surface(name=com.miui.miwallpaper.wallpaperservice.MiuiKeyguardPictorialWallpaper#23666)/@0x54862e4
10-13 11:45:08.788  1902  1939 I BLASTSyncEngine: SyncGroup 1622:  Unfinished container:ActivityRecord{3754c30 u0 com.miui.home/.launcher.Launcher t2}
10-13 11:45:08.788  1902  1939 I BLASTSyncEngine: isActivitySyncFinished isSyncFinished false ActivityRecord{3754c30 u0 com.miui.home/.launcher.Launcher t2}
10-13 11:45:08.788  1902 23161 W WindowManager: finishDrawingWindow: Window{a23abef u0 LauncherMinusOneScreen} mDrawState=DRAW_PENDING
10-13 11:45:08.788  1902 23161 D WindowManager: wms.finishDrawingLocked: mDrawState=COMMIT_DRAW_PENDING Window{a23abef u0 LauncherMinusOneScreen} in Surface(name=LauncherMinusOneScreen#27422)/@0xeea4baa
10-13 11:45:08.790  1902  1939 I BLASTSyncEngine: SyncGroup 1622:  Unfinished container:ActivityRecord{3754c30 u0 com.miui.home/.launcher.Launcher t2}
10-13 11:45:08.790  1902  1939 I BLASTSyncEngine: isActivitySyncFinished isSyncFinished false ActivityRecord{3754c30 u0 com.miui.home/.launcher.Launcher t2}
10-13 11:45:08.798  1902  2772 W WindowManager: finishDrawingWindow: Window{e4be31b u0 com.miui.home/com.miui.home.launcher.Launcher} mDrawState=DRAW_PENDING
10-13 11:45:08.798  1902  2772 D WindowManager: wms.finishDrawingLocked: mDrawState=COMMIT_DRAW_PENDING Window{e4be31b u0 com.miui.home/com.miui.home.launcher.Launcher} in Surface(name=com.miui.home/com.miui.home.launcher.Launcher#27423)/@0x8fca602
10-13 11:45:08.799  1902  1902 W AccessibilityManagerService:  wait for adding window timeout: 3829
10-13 11:45:08.800  1902  1939 I SmartPower: com.miui.home/10085(3001): invisible->visible(67ms) R(become visible) adj=100.
10-13 11:45:08.800  1902  1939 W WindowManager: real show surface:Surface(name=LauncherMinusOneScreen#27422)/@0xeea4baa
10-13 11:45:08.800  1902  1939 W WindowManager: real show surface:Surface(name=LauncherOverlayWindow:com.mi.globalminusscreen#27421)/@0xc4b8323
10-13 11:45:08.800  1902  1939 W WindowManager: real show surface:Surface(name=com.miui.home/com.miui.home.launcher.Launcher#27423)/@0x8fca602
10-13 11:45:08.800  1902  1939 D WindowManager: Final targets: [Task{813a500 #740 type=standard A=10390:eu.europa.ec.euidi}, Task{57070cf #1 type=home}, WallpaperWindowToken{b886097 token=android.os.BinderProxy@90f5f16}, WallpaperWindowToken{b086f80 token=android.os.Binder@8a62403}]
10-13 11:45:08.804  1902  2323 D CompatibilityChangeReporter: Compat change id reported: 218533173; UID 10390; state: ENABLED
10-13 11:45:08.805  1902  2323 D CompatibilityChangeReporter: Compat change id reported: 262645982; UID 10390; state: ENABLED
10-13 11:45:08.808  1902  1939 D WindowManager: snapshot isNothing = false source = Task{813a500 #740 type=standard A=10390:eu.europa.ec.euidi}
10-13 11:45:08.808  1902  1939 D WindowManager: Calling onTransitionReady info={id=1622 t=CLOSE f=0x0 trk=0 r=[0@Point(0, 0)] c=[{WCT{RemoteToken{2e575e1 Task{813a500 #740 type=standard A=10390:eu.europa.ec.euidi}}} m=CLOSE f=NONE leash=Surface(name=Task=740#27406)/@0xf47793a sb=Rect(0, 0 - 1080, 2400) eb=Rect(0, 0 - 1080, 2400) d=0},{WCT{RemoteToken{1c71a03 Task{57070cf #1 type=home}}} m=TO_FRONT f=SHOW_WALLPAPER leash=Surface(name=Task=1#44)/@0xf3df733 sb=Rect(0, 0 - 1080, 2400) eb=Rect(0, 0 - 1080, 2400) d=0},{null m=TO_FRONT f=IS_WALLPAPER leash=Surface(name=WallpaperWindowToken{b886097 token=android.os.BinderProxy@90f5f16}#23664)/@0x2495284 sb=Rect(0, 0 - 1080, 2400) eb=Rect(0, 0 - 1080, 2400) d=0},{null m=TO_FRONT f=IS_WALLPAPER leash=Surface(name=WallpaperWindowToken{b086f80 token=android.os.Binder@8a62403}#55)/@0x190a9b9 sb=Rect(0, 0 - 1080, 2400) eb=Rect(0, 0 - 1080, 2400) d=0}] noAni=[false] df=[false] mk=[true] nc=[0] oa=[false]}, mToken=Token{b3c0a68 TransitionRecord{13d1587 id=1622 type=CLOSE flags=0x0}}
10-13 11:45:08.809  1902  1939 I BLASTSyncEngine: finishNow: after onTransactionReady, mSyncId=1622
10-13 11:45:08.811  2983  3075 D MiuiFreeformAnimation: startAnimation change: {WCT{android.window.IWindowContainerToken$Stub$Proxy@f637652} m=CLOSE f=NONE leash=Surface(name=Task=740#27406)/@0x73a45a1 sb=Rect(0, 0 - 1080, 2400) eb=Rect(0, 0 - 1080, 2400) d=0} info.getType(): 2
10-13 11:45:08.811  2983  3075 D MiuiFreeformAnimation: startAnimation change: {WCT{android.window.IWindowContainerToken$Stub$Proxy@d28d23} m=TO_FRONT f=SHOW_WALLPAPER leash=Surface(name=Task=1#44)/@0x8ce3c6 sb=Rect(0, 0 - 1080, 2400) eb=Rect(0, 0 - 1080, 2400) d=0} info.getType(): 2
10-13 11:45:08.811  2983  3075 I MiuiFreeformAnimation: isLaunchWidgetPicker=false,taskInfo.getWindowingMode()=1, taskInfo.getActivityType()=2
10-13 11:45:08.811  2983  3075 D MiuiFreeformAnimation: startAnimation change: {null m=TO_FRONT f=IS_WALLPAPER leash=Surface(name=WallpaperWindowToken{b886097 token=android.os.BinderProxy@90f5f16}#23664)/@0xa877f87 sb=Rect(0, 0 - 1080, 2400) eb=Rect(0, 0 - 1080, 2400) d=0} info.getType(): 2
10-13 11:45:08.811  2983  3075 D MiuiFreeformAnimation: startAnimation change: {null m=TO_FRONT f=IS_WALLPAPER leash=Surface(name=WallpaperWindowToken{b086f80 token=android.os.Binder@8a62403}#55)/@0xdf69eb4 sb=Rect(0, 0 - 1080, 2400) eb=Rect(0, 0 - 1080, 2400) d=0} info.getType(): 2
10-13 11:45:08.811  2983  3075 W MiuiTaskTransitionHandler: Receive an unknown transition, token=android.os.BinderProxy@f86a1fa, type=2
10-13 11:45:08.812  2983  3075 D TransitionAnimationHelper:  load default animation  type = 2 enter = true animAttr = 16 isTask = true translucent = false
10-13 11:45:08.812  2983  3075 D TransitionAnimationHelper:  load default animation  type = 2 enter = false animAttr = 17 isTask = true translucent = false
10-13 11:45:08.812  2983  3092 D ShellTransitions: speed ui!!!!!!!!!!!
10-13 11:45:08.812  2983  3075 D SoScUtils: monitorTransitionFinished transition:android.os.BinderProxy@f86a1fa transaction: android.view.SurfaceControl$Transaction@94507d9 mRequestCloseTransition:null mRequestOpenTransition:null mPairsOpenTransition:null mPairsOpenTransitionNull:null mRequestOpenTriggerTask:-1 mRequestCloseTriggerTask:-1 mOrientationTransition: null mMainStartingTask:-1 mSideStartingTask:-1
10-13 11:45:08.816  1902  3385 W WindowManager: Exception thrown during dispatchAppVisibility Window{5db79bc u0 eu.europa.ec.euidi/eu.europa.ec.assemblylogic.ui.MainActivity EXITING}
10-13 11:45:08.816  1902  3385 W WindowManager: android.os.DeadObjectException
10-13 11:45:08.816  1902  3385 W WindowManager: 	at android.os.BinderProxy.transactNative(Native Method)
10-13 11:45:08.816  1902  3385 W WindowManager: 	at android.os.BinderProxy.transact(BinderProxy.java:639)
10-13 11:45:08.816  1902  3385 W WindowManager: 	at android.view.IWindow$Stub$Proxy.dispatchAppVisibility(IWindow.java:673)
10-13 11:45:08.816  1902  3385 W WindowManager: 	at com.android.server.wm.WindowState.sendAppVisibilityToClients(WindowState.java:3575)
10-13 11:45:08.816  1902  3385 W WindowManager: 	at com.android.server.wm.WindowContainer.sendAppVisibilityToClients(WindowContainer.java:1311)
10-13 11:45:08.816  1902  3385 W WindowManager: 	at com.android.server.wm.WindowToken.setClientVisible(WindowToken.java:420)
10-13 11:45:08.816  1902  3385 W WindowManager: 	at com.android.server.wm.ActivityRecord.setClientVisible(ActivityRecord.java:8042)
10-13 11:45:08.816  1902  3385 W WindowManager: 	at com.android.server.wm.ActivityRecord.postApplyAnimation(ActivityRecord.java:6610)
10-13 11:45:08.816  1902  3385 W WindowManager: 	at com.android.server.wm.ActivityRecord.commitVisibility(ActivityRecord.java:6552)
10-13 11:45:08.816  1902  3385 W WindowManager: 	at com.android.server.wm.Transition.finishTransition(Transition.java:1369)
10-13 11:45:08.816  1902  3385 W WindowManager: 	at com.android.server.wm.TransitionController.finishTransition(TransitionController.java:1061)
10-13 11:45:08.816  1902  3385 W WindowManager: 	at com.android.server.wm.WindowOrganizerController.finishTransition(WindowOrganizerController.java:471)
10-13 11:45:08.816  1902  3385 W WindowManager: 	at android.window.IWindowOrganizerController$Stub.onTransact(IWindowOrganizerController.java:321)
10-13 11:45:08.816  1902  3385 W WindowManager: 	at com.android.server.wm.WindowOrganizerController.onTransact(WindowOrganizerController.java:211)
10-13 11:45:08.816  1902  3385 W WindowManager: 	at android.os.Binder.execTransactInternal(Binder.java:1351)
10-13 11:45:08.816  1902  3385 W WindowManager: 	at android.os.Binder.execTransact(Binder.java:1282)
10-13 11:45:08.816  1902  3385 W WindowManager: The process may be dead, tid:6266,tgid:-1
10-13 11:45:08.827  1902  3385 D WindowManager: setParent old=ActivityRecord{1aebf83 u0 eu.europa.ec.euidi/eu.europa.ec.assemblylogic.ui.MainActivity t740 f}},new=null,this window=Window{5db79bc u0 eu.europa.ec.euidi/eu.europa.ec.assemblylogic.ui.MainActivity EXITING},callers=com.android.server.wm.WindowContainer.removeChild:840 com.android.server.wm.ActivityRecord.removeChild:5227 com.android.server.wm.ActivityRecord.removeChild:470 com.android.server.wm.WindowContainer.removeImmediately:898 com.android.server.wm.WindowState.removeImmediately:2538 com.android.server.wm.WindowState.removeIfPossible:2719 
10-13 11:45:08.828  1902  3385 I WindowManager: cancelAnimation removed leash : Surface(name=Surface(name=6a76de5 InputMethod#123)/@0xf2bd99 - animation-leash of insets_animation#27420)/@0x10e861c
10-13 11:45:08.833  1902  3385 D WindowManager: setParent old=Task{813a500 #740 type=standard A=10390:eu.europa.ec.euidi},new=null,this window=ActivityRecord{1aebf83 u0 eu.europa.ec.euidi/eu.europa.ec.assemblylogic.ui.MainActivity t740 f}},callers=com.android.server.wm.WindowContainer.removeChild:840 com.android.server.wm.TaskFragment.removeChild:3119 com.android.server.wm.Task.removeChild:1822 com.android.server.wm.Task.removeChild:1802 com.android.server.wm.WindowContainer.removeImmediately:898 com.android.server.wm.WindowToken.removeImmediately:376 
10-13 11:45:08.833  1902  3385 I ActivityTaskManager: Do not migrate a removing Task! Task{813a500 #740 type=standard A=10390:eu.europa.ec.euidi}
10-13 11:45:08.834  1902  3385 D WindowManager: setParent old=DefaultTaskDisplayArea@126197207,new=null,this window=Task{813a500 #740 type=standard A=10390:eu.europa.ec.euidi},callers=com.android.server.wm.WindowContainer.removeChild:840 com.android.server.wm.TaskDisplayArea.removeChildTask:359 com.android.server.wm.TaskDisplayArea.removeChild:350 com.android.server.wm.WindowContainer.removeImmediately:898 com.android.server.wm.TaskFragment.removeImmediately:3203 com.android.server.wm.Task.removeImmediately:3222 
10-13 11:45:08.835  1902 23257 W InputMethodManagerService: Clear show forced flag.
10-13 11:45:08.836  1902  1939 W ActivityTaskManager: Can't find TaskDisplayArea to determine support for multi window. Task id=740 attached=false
10-13 11:45:08.836  2983  3075 D MiuiFullScreenTaskRepository: addOrUpdateFullScreenTaskInfo taskId=1, topActivity=ComponentInfo{com.miui.home/com.miui.home.launcher.Launcher}
10-13 11:45:08.836  2983  3075 D MiuiDesktopModeController: onFocusTaskChanged newFocus: TaskInfo{userId=0 taskId=1 displayId=0 isRunning=true baseIntent=Intent { act=android.intent.action.MAIN cat=[android.intent.category.HOME] flg=0x10000100 cmp=com.miui.home/.launcher.Launcher } baseActivity=ComponentInfo{com.miui.home/com.miui.home.launcher.Launcher} topActivity=ComponentInfo{com.miui.home/com.miui.home.launcher.Launcher} origActivity=null realActivity=null numActivities=1 lastActiveTime=70262 supportsSplitScreenMultiWindow=true supportsMultiWindow=true resizeMode=2 isResizeable=true minWidth=-1 minHeight=-1 defaultMinSize=200 token=WCT{android.window.IWindowContainerToken$Stub$Proxy@b8b104c} topActivityType=2 pictureInPictureParams=null shouldDockBigOverlays=false launchIntoPipHostTaskId=-1 lastParentTaskIdBeforePip=-1 displayCutoutSafeInsets=null topActivityInfo=ActivityInfo{ff54895 com.miui.home.launcher.Launcher} launchCookies=[] positionInParent=Point(0, 0) parentTaskId=-1 isFocused=false isVisible=true isVisibleRequested=true isSleeping=false topActivityInSizeCompat=false topActivityEligibleForLetterboxEducation= false topActivityLetterboxed= false isFromDoubleTap= false topActivityLetterboxVerticalPosition= -1 topActivityLetterboxHorizontalPosition= -1 topActivityLetterboxWidth=-1 topActivityLetterboxHeight=-1 locusId=null displayAreaFeatureId=1 cameraCompatControlState=hidden mIsCastMode=false mTopActivityMediaSize=null mTopActivityRecordName=ActivityRecord{3754c30 u0 com.miui.home/.launcher.Launcher t2} mTopActivityOrientation=1 mTopActivityWindowIsNowVisible=true isTranslucent=false isEmbedded=false shouldBeVisible=true isImmersive=false mBehindAppLockPkg=null mOriginatingUid=0}
10-13 11:45:08.836  2983  2983 E onWindowDecorRectChanged: start size:0
10-13 11:45:08.836  2983  3075 D MiuiFreeformModeController: onFocusTaskChanged taskInfo: TaskInfo{userId=0 taskId=1 displayId=0 isRunning=true baseIntent=Intent { act=android.intent.action.MAIN cat=[android.intent.category.HOME] flg=0x10000100 cmp=com.miui.home/.launcher.Launcher } baseActivity=ComponentInfo{com.miui.home/com.miui.home.launcher.Launcher} topActivity=ComponentInfo{com.miui.home/com.miui.home.launcher.Launcher} origActivity=null realActivity=null numActivities=1 lastActiveTime=70262 supportsSplitScreenMultiWindow=true supportsMultiWindow=true resizeMode=2 isResizeable=true minWidth=-1 minHeight=-1 defaultMinSize=200 token=WCT{android.window.IWindowContainerToken$Stub$Proxy@b8b104c} topActivityType=2 pictureInPictureParams=null shouldDockBigOverlays=false launchIntoPipHostTaskId=-1 lastParentTaskIdBeforePip=-1 displayCutoutSafeInsets=null topActivityInfo=ActivityInfo{ff54895 com.miui.home.launcher.Launcher} launchCookies=[] positionInParent=Point(0, 0) parentTaskId=-1 isFocused=false isVisible=true isVisibleRequested=true isSleeping=false topActivityInSizeCompat=false topActivityEligibleForLetterboxEducation= false topActivityLetterboxed= false isFromDoubleTap= false topActivityLetterboxVerticalPosition= -1 topActivityLetterboxHorizontalPosition= -1 topActivityLetterboxWidth=-1 topActivityLetterboxHeight=-1 locusId=null displayAreaFeatureId=1 cameraCompatControlState=hidden mIsCastMode=false mTopActivityMediaSize=null mTopActivityRecordName=ActivityRecord{3754c30 u0 com.miui.home/.launcher.Launcher t2} mTopActivityOrientation=1 mTopActivityWindowIsNowVisible=true isTranslucent=false isEmbedded=false shouldBeVisible=true isImmersive=false mBehindAppLockPkg=null mOriginatingUid=0}
10-13 11:45:08.837  2983  3075 D MiuiFullScreenTaskRepository: addOrUpdateFullScreenTaskInfo taskId=740, topActivity=null
10-13 11:45:08.837  2983  3075 D MiuiFullScreenTaskRepository: removeFullScreenTask taskId=740, topActivity=null
10-13 11:45:08.837  2983  3075 D MiuiWindowDecorViewModel: destroyWindowDecoration: taskId=740, windowingMode=1, mWindowDecorByTaskId.size()=0, callers=com.android.wm.shell.fullscreen.FullscreenTaskListener.onTaskVanished:143 com.android.wm.shell.ShellTaskOrganizer.onTaskVanished:138 android.window.TaskOrganizer$1.lambda$onTaskVanished$6:398 android.window.TaskOrganizer$1.$r8$lambda$z23H3L3GZav04D10kA3vkevrglg:0 android.window.TaskOrganizer$1$$ExternalSyntheticLambda14.run:4 
10-13 11:45:08.842  1902 23266 W PackageConfigPersister: App-specific configuration not found for packageName: com.miui.home and userId: 0
10-13 11:45:08.844  1902 23260 I WindowManager: cancelAnimation removed leash : Surface(name=Surface(name=6a76de5 InputMethod#123)/@0xf2bd99 - animation-leash of insets_animation#27429)/@0x14e51bd
10-13 11:45:08.857  1902  1938 W ActivityManager: setHasOverlayUi called on unknown pid: 6266
10-13 11:45:09.259  1902  1902 W AccessibilityManagerService:  wait for adding window timeout: 3820
10-13 11:45:09.283  1902  1902 W AccessibilityManagerService:  wait for adding window timeout: 3817
10-13 11:45:09.395  1902  2682 D WindowManager: setParent old=Leaf:29:31@255176654,new=null,this window=WindowToken{ebb1385 type=2032 android.os.Binder@84e70fc},callers=com.android.server.wm.WindowContainer.removeChild:840 com.android.server.wm.WindowContainer.removeImmediately:898 com.android.server.wm.WindowToken.setExiting:272 com.android.server.wm.DisplayContent.removeWindowToken:1666 com.android.server.wm.WindowManagerService.removeWindowToken:3428 com.android.server.wm.WindowManagerService$LocalService.removeWindowToken:8816 
10-13 11:45:09.396  1902  2682 W WindowMagnificationMgr: requestConnection duplicated request: connect=false, mConnectionState=DISCONNECTED
10-13 11:45:09.396  1902  2682 D AccessibilityManagerService: restoreCurrentUserForTestAutomationIfNeededLocked(): ignoring because device doesn't support visible background users
10-13 11:45:09.398  1902  2682 I ActivityManager: Force stopping io.appium.uiautomator2.server appid=10378 user=0: finished inst
10-13 11:45:09.399  1902  2682 E ActivityManager: Unable to freeze binder for 6233: java.lang.RuntimeException: Unable to freeze/unfreeze binder
10-13 11:45:09.400  1902  2611 E ProcessManager: error write exception log
10-13 11:45:09.401  1902  1936 D DisplayManagerService: Drop pending events for gone uid 10378
10-13 11:45:09.402  1902  1938 D SettingsProvider: name:animator_duration_scale has changed to 0.0, because android android.provider.Settings$NameValueCache.putStringForUser:3162 android.provider.Settings$Global.putStringForUser:17046 android.provider.Settings$Global.putString:16887 android.provider.Settings$Global.putFloat:17236 com.android.server.wm.WindowManagerService$H.handleMessage:6151 android.os.Handler.dispatchMessage:106 android.os.Looper.loopOnce:222 android.os.Looper.loop:314 android.os.HandlerThread.run:67 com.android.server.ServiceThread.run:46 
10-13 11:45:09.402  1902  2682 I ActivityManager: Killing 6233:io.appium.uiautomator2.server/u0a378 (adj 0): stop io.appium.uiautomator2.server due to finished inst
10-13 11:45:09.411  1902  1902 D BatterySaverPolicy: accessibility changed to false, updating policy.
10-13 11:45:10.653  1556  1556 I wificond: station_bandwidth: 
10-13 11:45:11.743  1902  2620 I SmartPower: com.google.android.webview:sandboxed_process0:org.chromium.content.app.SandboxedPrbackground->idle(3393ms) R(remove from whitelist) adj=100.
10-13 11:45:11.753  1902  2620 I SmartPower: com.google.android.adservices.api/10307(31554): background->idle(3403ms) R(remove from whitelist) adj=100.
10-13 11:45:11.755  1902  2620 I SmartPower: com.google.android.webview:sandboxed_process0:org.chromium.content.app.SandboxedPrbackground->idle(3399ms) R(remove from whitelist) adj=800.
10-13 11:45:12.725  1902 22425 D PackageParserImpl: dump dex file,file message: base.vdex: 6507Kb 
10-13 11:45:12.815  1902 22425 D PackageParserImpl: dump dex file,file message: base.vdex: 6507Kb 
10-13 11:45:13.347  1902 22425 D PackageParserImpl: dump dex file,file message: base.vdex: 8311Kb 
10-13 11:45:13.454  1902 22425 D PackageParserImpl: dump dex file,file message: base.vdex: 8311Kb 
10-13 11:45:13.664  1556  1556 I wificond: station_bandwidth: 
10-13 11:45:13.670  1902 22425 D PackageParserImpl: dump dex file,file message: base.vdex: 1832Kb 
10-13 11:45:14.793  1902 23260 D PackageParserImpl: dump dex file,file message: base.art: 1753Kb base.odex: 11304Kb base.vdex: 577Kb 
10-13 11:45:14.903  1902 23260 D PackageParserImpl: dump dex file,file message: base.art: 1753Kb base.odex: 11304Kb base.vdex: 577Kb 
10-13 11:45:15.051  1902 23260 D PackageParserImpl: dump dex file,file message: base.art: 1753Kb base.odex: 11304Kb base.vdex: 577Kb 
10-13 11:45:15.127  1902 23260 I ActivityManager: Force stopping eu.europa.ec.euidi appid=10390 user=0: from process:6457
10-13 11:45:15.131  1902 23260 W ProcessStats: Tracking association SourceState{b813b1d com.miui.securitycenter.remote/1000 BTop #451582} whose proc state 2 is better than process ProcessState{3bbc40b com.miui.analytics/10101 pkg=com.miui.analytics} proc state 5 (427 skipped)
10-13 11:45:15.133  1902 23260 I AppsFilter: interaction: PackageSetting{3102a1f com.android.microdroid.empty_payload/10336} -> PackageSetting{4cc939e eu.europa.ec.euidi/10390} BLOCKED
10-13 11:45:15.133  1902 23260 I AppsFilter: interaction: PackageSetting{4720335 io.appium.uiautomator2.server.test/10379} -> PackageSetting{4cc939e eu.europa.ec.euidi/10390} BLOCKED
10-13 11:45:15.133  1902 23260 I AppsFilter: interaction: PackageSetting{183b3ca com.fido.asm/10112} -> PackageSetting{4cc939e eu.europa.ec.euidi/10390} BLOCKED
10-13 11:45:15.134  1902 23260 I AppsFilter: interaction: PackageSetting{e17493b io.appium.uiautomator2.server/10378} -> PackageSetting{4cc939e eu.europa.ec.euidi/10390} BLOCKED
10-13 11:45:15.134  1902 23260 I AppsFilter: interaction: PackageSetting{6dc5858 io.appium.settings/10326} -> PackageSetting{4cc939e eu.europa.ec.euidi/10390} BLOCKED
10-13 11:45:15.228  1902 23260 I ActivityManager: clearApplicationUserData eu.europa.ec.euidi appid=10390 user=0 from u2000/6462
10-13 11:45:15.228  1902 23260 I ActivityManager: Force stopping eu.europa.ec.euidi appid=10390 user=0: clear data
10-13 11:45:15.233  1902 23260 I PackageManager: clearApplicationUserData packageName: eu.europa.ec.euidi user: 0 from u1000/1902
10-13 11:45:15.234  1902  1954 I ActivityManager: Force stopping eu.europa.ec.euidi appid=10390 user=-1: clearApplicationUserData
10-13 11:45:15.257  1902  1990 D PermissionManager: writeLegacyPermissionState for user  in 20 ms.
10-13 11:45:15.298  1902  1990 W PackageFreezer: Freeze package eu.europa.ec.euidi about 0.065 seconds for reason: clearApplicationUserData
10-13 11:45:15.299  1902  1990 I AppsFilter: interaction: PackageSetting{3102a1f com.android.microdroid.empty_payload/10336} -> PackageSetting{4cc939e eu.europa.ec.euidi/10390} BLOCKED
10-13 11:45:15.299  1902  1990 I AppsFilter: interaction: PackageSetting{4720335 io.appium.uiautomator2.server.test/10379} -> PackageSetting{4cc939e eu.europa.ec.euidi/10390} BLOCKED
10-13 11:45:15.299  1902  1990 I AppsFilter: interaction: PackageSetting{183b3ca com.fido.asm/10112} -> PackageSetting{4cc939e eu.europa.ec.euidi/10390} BLOCKED
10-13 11:45:15.299  1902  1990 I AppsFilter: interaction: PackageSetting{e17493b io.appium.uiautomator2.server/10378} -> PackageSetting{4cc939e eu.europa.ec.euidi/10390} BLOCKED
10-13 11:45:15.299  1902  1990 I AppsFilter: interaction: PackageSetting{6dc5858 io.appium.settings/10326} -> PackageSetting{4cc939e eu.europa.ec.euidi/10390} BLOCKED
10-13 11:45:15.300  1902  1990 I AppsFilter: interaction: PackageSetting{3102a1f com.android.microdroid.empty_payload/10336} -> PackageSetting{4cc939e eu.europa.ec.euidi/10390} BLOCKED
10-13 11:45:15.300  1902  1990 I AppsFilter: interaction: PackageSetting{4720335 io.appium.uiautomator2.server.test/10379} -> PackageSetting{4cc939e eu.europa.ec.euidi/10390} BLOCKED
10-13 11:45:15.300  1902  1990 I AppsFilter: interaction: PackageSetting{183b3ca com.fido.asm/10112} -> PackageSetting{4cc939e eu.europa.ec.euidi/10390} BLOCKED
10-13 11:45:15.300  1902  1990 I AppsFilter: interaction: PackageSetting{e17493b io.appium.uiautomator2.server/10378} -> PackageSetting{4cc939e eu.europa.ec.euidi/10390} BLOCKED
10-13 11:45:15.300  1902  1990 I AppsFilter: interaction: PackageSetting{6dc5858 io.appium.settings/10326} -> PackageSetting{4cc939e eu.europa.ec.euidi/10390} BLOCKED
10-13 11:45:15.341 22918 23851 W ContextImpl: Calling a method in the system process without a qualified user: android.app.ContextImpl.sendBroadcast:1246 android.content.ContextWrapper.sendBroadcast:520 mb.q.D:34 s2.j.x:27 s2.j.m:0 
10-13 11:45:15.345  1902  1954 I SmartPower: com.google.android.documentsui/10068(25415): idle->background(7219ms) R(broadcast start Intent { act=android.intent.action.PACKAGE_DATA_CLEARED dat=package: flg=0x5000010 (has extras) }) adj=915.
10-13 11:45:15.347  1902  1954 I SmartPower: com.android.chrome/10190(30757): idle->background(7220ms) R(broadcast start Intent { act=android.intent.action.PACKAGE_DATA_CLEARED dat=package: flg=0x5000010 (has extras) }) adj=915.
10-13 11:45:15.351  1902  1936 E MBrainLocalService: MBrainJava launch failed: SecurityException
10-13 11:45:15.355  1902  1936 E MBrainLocalService: MBrainJava launch failed: SecurityException
10-13 11:45:15.358  1902  1954 I SmartPower: com.android.vending:background/10184(18309): idle->background(7219ms) R(broadcast start Intent { act=android.intent.action.PACKAGE_DATA_CLEARED dat=package: flg=0x5000010 (has extras) }) adj=905.
10-13 11:45:15.364  1902  1954 I SmartPower: com.google.android.permissioncontroller/10221(15681): idle->background(7221ms) R(broadcast start Intent { act=android.intent.action.PACKAGE_DATA_CLEARED dat=package: flg=0x5000010 (has extras) }) adj=905.
10-13 11:45:15.403  1902  1990 W PackageSettings: Couldn't write -1 to /config/sdcardfs/com.google.android.devicelock/appid
10-13 11:45:15.404  1902  1990 W PackageSettings: Couldn't write -1 to /config/sdcardfs/com.google.android.tzdata5/appid
10-13 11:45:15.404  1902  1990 W PackageSettings: Couldn't write -1 to /config/sdcardfs/com.google.android.ondevicepersonalization/appid
10-13 11:45:15.405  1902  1990 W PackageSettings: Couldn't write -1 to /config/sdcardfs/com.google.android.media.swcodec/appid
10-13 11:45:15.405  1902  1990 W PackageSettings: Couldn't write -1 to /config/sdcardfs/com.google.android.os.statsd/appid
10-13 11:45:15.406  1902  1990 W PackageSettings: Couldn't write -1 to /config/sdcardfs/com.google.mainline.primary.libs/appid
10-13 11:45:15.406  1902  1990 W PackageSettings: Couldn't write -1 to /config/sdcardfs/com.google.android.extservices/appid
10-13 11:45:15.407  1902  1990 W PackageSettings: Couldn't write -1 to /config/sdcardfs/com.android.uwb/appid
10-13 11:45:15.407  1902  1990 W PackageSettings: Couldn't write -1 to /config/sdcardfs/com.android.btservices/appid
10-13 11:45:15.407  1902  1990 W PackageSettings: Couldn't write -1 to /config/sdcardfs/com.google.android.healthfitness/appid
10-13 11:45:15.408  1902  1990 W PackageSettings: Couldn't write -1 to /config/sdcardfs/com.google.android.ipsec/appid
10-13 11:45:15.409  1902  1990 W PackageSettings: Couldn't write -1 to /config/sdcardfs/com.google.android.media/appid
10-13 11:45:15.409  1902  1990 W PackageSettings: Couldn't write -1 to /config/sdcardfs/com.android.i18n/appid
10-13 11:45:15.409  1902  1990 W PackageSettings: Couldn't write -1 to /config/sdcardfs/com.android.rkpd/appid
10-13 11:45:15.409  1902  1990 W PackageSettings: Couldn't write -1 to /config/sdcardfs/com.android.virt/appid
10-13 11:45:15.409  1902  1990 W PackageSettings: Couldn't write -1 to /config/sdcardfs/com.android.wifi/appid
10-13 11:45:15.410  1902  1990 W PackageSettings: Couldn't write -1 to /config/sdcardfs/com.google.android.appsearch/appid
10-13 11:45:15.410  1902  1990 W PackageSettings: Couldn't write -1 to /config/sdcardfs/com.google.android.configinfrastructure/appid
10-13 11:45:15.410  1902  1990 W PackageSettings: Couldn't write -1 to /config/sdcardfs/com.android.runtime/appid
10-13 11:45:15.411  1902  1990 W PackageSettings: Couldn't write -1 to /config/sdcardfs/com.google.android.cellbroadcast/appid
10-13 11:45:15.411  1902  1990 W PackageSettings: Couldn't write -1 to /config/sdcardfs/com.android.apex.cts.shim/appid
10-13 11:45:15.411  1902  1990 W PackageSettings: Couldn't write -1 to /config/sdcardfs/com.android.compos/appid
10-13 11:45:15.411  1902  1990 W PackageSettings: Couldn't write -1 to /config/sdcardfs/com.google.android.resolv/appid
10-13 11:45:15.411  1902  1990 W PackageSettings: Couldn't write -1 to /config/sdcardfs/com.google.android.sdkext/appid
10-13 11:45:15.411  1902  1990 W PackageSettings: Couldn't write -1 to /config/sdcardfs/com.google.android.art/appid
10-13 11:45:15.412  1902  1990 W PackageSettings: Couldn't write -1 to /config/sdcardfs/com.google.android.adservices/appid
10-13 11:45:15.413  1902  1990 W PackageSettings: Couldn't write -1 to /config/sdcardfs/com.google.android.scheduling/appid
10-13 11:45:15.413  1902  1990 W PackageSettings: Couldn't write -1 to /config/sdcardfs/com.google.android.mediaprovider/appid
10-13 11:45:15.414  1902  1990 W PackageSettings: Couldn't write -1 to /config/sdcardfs/com.google.android.permission/appid
10-13 11:45:15.414  1902  1990 W PackageSettings: Couldn't write -1 to /config/sdcardfs/com.android.vndk.v30/appid
10-13 11:45:15.414  1902  1990 W PackageSettings: Couldn't write -1 to /config/sdcardfs/com.android.vndk.v31/appid
10-13 11:45:15.414  1902  1990 W PackageSettings: Couldn't write -1 to /config/sdcardfs/com.android.vndk.v33/appid
10-13 11:45:15.414  1902  1990 W PackageSettings: Couldn't write -1 to /config/sdcardfs/com.android.vndk.v34/appid
10-13 11:45:15.415  1902  1990 W PackageSettings: Couldn't write -1 to /config/sdcardfs/com.google.android.neuralnetworks/appid
10-13 11:45:15.415  1902  1990 W PackageSettings: Couldn't write -1 to /config/sdcardfs/com.google.android.tethering/appid
10-13 11:45:15.415  1902  1990 W PackageSettings: Couldn't write -1 to /config/sdcardfs/com.google.android.adbd/appid
10-13 11:45:15.416  1902  1990 W PackageSettings: Couldn't write -1 to /config/sdcardfs/com.google.android.conscrypt/appid
10-13 11:45:15.427  1902  1954 I SmartPower: com.xiaomi.aicr:searchDataService/10329(25443): idle->background(7275ms) R(broadcast start Intent { act=android.intent.action.PACKAGE_DATA_CLEARED dat=package: flg=0x5000010 (has extras) }) adj=905.
10-13 11:45:15.431  1902  2682 D PackageParserImpl: dump dex file,file message: base.art: 1753Kb base.odex: 11304Kb base.vdex: 577Kb 
10-13 11:45:15.637  1902  1954 I SmartPower: com.google.android.videos/10312(19398): idle->background(7192ms) R(broadcast start Intent { act=android.intent.action.PACKAGE_RESTARTED dat=package: flg=0x10 (has extras) }) adj=905.
10-13 11:45:15.715  1902  3317 I ActivityManager: Force stopping io.appium.uiautomator2.server.test appid=10379 user=0: from process:6509
10-13 11:45:15.720  1902  3317 I AppsFilter: interaction: PackageSetting{3102a1f com.android.microdroid.empty_payload/10336} -> PackageSetting{4720335 io.appium.uiautomator2.server.test/10379} BLOCKED
10-13 11:45:15.720  1902  3317 I AppsFilter: interaction: PackageSetting{183b3ca com.fido.asm/10112} -> PackageSetting{4720335 io.appium.uiautomator2.server.test/10379} BLOCKED
10-13 11:45:15.720  1902  3317 I AppsFilter: interaction: PackageSetting{6dc5858 io.appium.settings/10326} -> PackageSetting{4720335 io.appium.uiautomator2.server.test/10379} BLOCKED
10-13 11:45:15.987  1902  1938 D SettingsProvider: name:animator_duration_scale has changed to 0.0, because android android.provider.Settings$NameValueCache.putStringForUser:3162 android.provider.Settings$Global.putStringForUser:17046 android.provider.Settings$Global.putString:16887 android.provider.Settings$Global.putFloat:17236 com.android.server.wm.WindowManagerService$H.handleMessage:6151 android.os.Handler.dispatchMessage:106 android.os.Looper.loopOnce:222 android.os.Looper.loop:314 android.os.HandlerThread.run:67 com.android.server.ServiceThread.run:46 
10-13 11:45:15.988  1902  1938 D SettingsProvider: name:animator_duration_scale has changed to 0.0, because android android.provider.Settings$NameValueCache.putStringForUser:3162 android.provider.Settings$Global.putStringForUser:17046 android.provider.Settings$Global.putString:16887 android.provider.Settings$Global.putFloat:17236 com.android.server.wm.WindowManagerService$H.handleMessage:6151 android.os.Handler.dispatchMessage:106 android.os.Looper.loopOnce:222 android.os.Looper.loop:314 android.os.HandlerThread.run:67 com.android.server.ServiceThread.run:46 
10-13 11:45:15.988  1902  1938 D SettingsProvider: name:animator_duration_scale has changed to 0.0, because android android.provider.Settings$NameValueCache.putStringForUser:3162 android.provider.Settings$Global.putStringForUser:17046 android.provider.Settings$Global.putString:16887 android.provider.Settings$Global.putFloat:17236 com.android.server.wm.WindowManagerService$H.handleMessage:6151 android.os.Handler.dispatchMessage:106 android.os.Looper.loopOnce:222 android.os.Looper.loop:314 android.os.HandlerThread.run:67 com.android.server.ServiceThread.run:46 
10-13 11:45:15.988  1902 23161 I ActivityManager: Force stopping io.appium.uiautomator2.server appid=10378 user=0: start instr
10-13 11:45:15.990  1902 23161 D CompatibilityChangeReporter: Compat change id reported: 135634846; UID 10378; state: DISABLED
10-13 11:45:15.991  1902 23161 D CompatibilityChangeReporter: Compat change id reported: 177438394; UID 10378; state: DISABLED
10-13 11:45:15.991  1902 23161 D CompatibilityChangeReporter: Compat change id reported: 135772972; UID 10378; state: DISABLED
10-13 11:45:15.991  1902 23161 D CompatibilityChangeReporter: Compat change id reported: 135754954; UID 10378; state: ENABLED
10-13 11:45:15.991  1902  1955 D CompatibilityChangeReporter: Compat change id reported: 143937733; UID 10378; state: ENABLED
10-13 11:45:15.992  1902  2323 D CompatibilityChangeReporter: Compat change id reported: 265195908; UID 10378; state: ENABLED
10-13 11:45:15.997  1902  1955 I ActivityManager: Start proc 6523:io.appium.uiautomator2.server/u0a378 for added application io.appium.uiautomator2.server caller=android
10-13 11:45:16.049  1902 23161 I SmartPower: io.appium.uiautomator2.server/10378(6523): died->background(6649ms) R(process start ) adj=-10000.
10-13 11:45:16.050  1902 23161 D CompatibilityChangeReporter: Compat change id reported: 168419799; UID 10378; state: DISABLED
10-13 11:45:16.051  1902 23161 D CompatibilityChangeReporter: Compat change id reported: 273564678; UID 10378; state: DISABLED
10-13 11:45:16.053  1902  2600 D isUidValid: uid = 10378
10-13 11:45:16.087  1902 23161 D CompatibilityChangeReporter: Compat change id reported: 170503758; UID 10378; state: DISABLED
10-13 11:45:16.115  1902 23161 I AppsFilter: interaction: PackageSetting{e17493b io.appium.uiautomator2.server/10378} -> PackageSetting{37a3521 com.google.android.apps.subscriptions.red/10194} BLOCKED
10-13 11:45:16.115  1902 23161 I AppsFilter: interaction: PackageSetting{e17493b io.appium.uiautomator2.server/10378} -> PackageSetting{fbedd46 com.android.cts.priv.ctsshim/10218} BLOCKED
10-13 11:45:16.115  1902 23161 I AppsFilter: interaction: PackageSetting{e17493b io.appium.uiautomator2.server/10378} -> PackageSetting{5d3bb07 com.google.android.youtube/10206} BLOCKED
10-13 11:45:16.115  1902 23161 I AppsFilter: interaction: PackageSetting{e17493b io.appium.uiautomator2.server/10378} -> PackageSetting{c8cf434 com.android.uwb.resources/10311} BLOCKED
10-13 11:45:16.115  1902 23161 I AppsFilter: interaction: PackageSetting{e17493b io.appium.uiautomator2.server/10378} -> PackageSetting{ebe496c com.android.internal.display.cutout.emulation.corner/10003} BLOCKED
10-13 11:45:16.115  1902 23161 I AppsFilter: interaction: PackageSetting{e17493b io.appium.uiautomator2.server/10378} -> PackageSetting{6ec5b35 com.android.internal.display.cutout.emulation.double/10007} BLOCKED
10-13 11:45:16.115  1902 23161 I AppsFilter: interaction: PackageSetting{e17493b io.appium.uiautomator2.server/10378} -> PackageSetting{6dc5858 io.appium.settings/10326} BLOCKED
10-13 11:45:16.115  1902 23161 I AppsFilter: interaction: PackageSetting{e17493b io.appium.uiautomator2.server/10378} -> PackageSetting{ea4025d com.google.android.googlequicksearchbox/10188} BLOCKED
10-13 11:45:16.115  1902 23161 I AppsFilter: interaction: PackageSetting{e17493b io.appium.uiautomator2.server/10378} -> PackageSetting{57b87d2 cn.wps.xiaomi.abroad.lite/10233} BLOCKED
10-13 11:45:16.115  1902 23161 I AppsFilter: interaction: PackageSetting{e17493b io.appium.uiautomator2.server/10378} -> PackageSetting{76700a3 com.google.android.apps.googleassistant/10169} BLOCKED
10-13 11:45:16.115  1902 23161 I AppsFilter: interaction: PackageSetting{e17493b io.appium.uiautomator2.server/10378} -> PackageSetting{a1f1fa0 com.google.android.onetimeinitializer/10170} BLOCKED
10-13 11:45:16.115  1902 23161 I AppsFilter: interaction: PackageSetting{e17493b io.appium.uiautomator2.server/10378} -> PackageSetting{a36759 com.google.android.ext.shared/10109} BLOCKED
10-13 11:45:16.115  1902 23161 I AppsFilter: interaction: PackageSetting{e17493b io.appium.uiautomator2.server/10378} -> PackageSetting{18ed617 com.android.internal.systemui.navbar.gestural_wide_back/10044} BLOCKED
10-13 11:45:16.115  1902 23161 I AppsFilter: interaction: PackageSetting{e17493b io.appium.uiautomator2.server/10378} -> PackageSetting{6e64f1e com.android.virtualmachine.res/10335} BLOCKED
10-13 11:45:16.115  1902 23161 I AppsFilter: interaction: PackageSetting{e17493b io.appium.uiautomator2.server/10378} -> PackageSetting{b5f03ff com.google.android.server.deviceconfig.resources/10026} BLOCKED
10-13 11:45:16.115  1902 23161 I AppsFilter: interaction: PackageSetting{e17493b io.appium.uiautomator2.server/10378} -> PackageSetting{e695cc com.google.android.apps.podcasts/10226} BLOCKED
10-13 11:45:16.115  1902 23161 I AppsFilter: interaction: PackageSetting{e17493b io.appium.uiautomator2.server/10378} -> PackageSetting{b9a2015 com.android.htmlviewer/10113} BLOCKED
10-13 11:45:16.115  1902 23161 I AppsFilter: interaction: PackageSetting{e17493b io.appium.uiautomator2.server/10378} -> PackageSetting{ba43f2a com.google.android.health.connect.backuprestore/10339} BLOCKED
10-13 11:45:16.115  1902 23161 I AppsFilter: interaction: PackageSetting{e17493b io.appium.uiautomator2.server/10378} -> PackageSetting{4a9e11b com.google.android.apps.messaging/10181} BLOCKED
10-13 11:45:16.115  1902 23161 I AppsFilter: interaction: PackageSetting{e17493b io.appium.uiautomator2.server/10378} -> PackageSetting{4cd42b8 com.sfr.android.sfrjeux/10187} BLOCKED
10-13 11:45:16.115  1902 23161 I AppsFilter: interaction: PackageSetting{e17493b io.appium.uiautomator2.server/10378} -> PackageSetting{809a891 com.ironsource.appcloud.oobe.hutchison/10166} BLOCKED
10-13 11:45:16.115  1902 23161 I AppsFilter: interaction: PackageSetting{e17493b io.appium.uiautomator2.server/10378} -> PackageSetting{e9f23f6 com.google.android.configupdater/10167} BLOCKED
10-13 11:45:16.115  1902 23161 I AppsFilter: interaction: PackageSetting{e17493b io.appium.uiautomator2.server/10378} -> PackageSetting{e1b7a com.google.android.overlay.modules.permissioncontroller/10020} BLOCKED
10-13 11:45:16.115  1902 23161 I AppsFilter: interaction: PackageSetting{e17493b io.appium.uiautomator2.server/10378} -> PackageSetting{cfb73f7 com.android.soundrecorder/10243} BLOCKED
10-13 11:45:16.115  1902 23161 I AppsFilter: interaction: PackageSetting{e17493b io.appium.uiautomator2.server/10378} -> PackageSetting{c6fd264 com.altice.android.myapps/10185} BLOCKED
10-13 11:45:16.115  1902 23161 I AppsFilter: interaction: PackageSetting{e17493b io.appium.uiautomator2.server/10378} -> PackageSetting{b0f3ccd com.google.android.apps.safetyhub/10303} BLOCKED
10-13 11:45:16.115  1902 23161 I AppsFilter: interaction: PackageSetting{e17493b io.appium.uiautomator2.server/10378} -> PackageSetting{d918982 eu.europa.publications.quickborder/10370} BLOCKED
10-13 11:45:16.115  1902 23161 I AppsFilter: interaction: PackageSetting{e17493b io.appium.uiautomator2.server/10378} -> PackageSetting{b0796e5 com.google.ar.core/10265} BLOCKED
10-13 11:45:16.115  1902 23161 I AppsFilter: interaction: PackageSetting{e17493b io.appium.uiautomator2.server/10378} -> PackageSetting{b695893 com.android.simappdialog/10144} BLOCKED
10-13 11:45:16.115  1902 23161 I AppsFilter: interaction: PackageSetting{e17493b io.appium.uiautomator2.server/10378} -> PackageSetting{989b0d0 com.aura.oobe.vodafone/10165} BLOCKED
10-13 11:45:16.115  1902 23161 I AppsFilter: interaction: PackageSetting{e17493b io.appium.uiautomator2.server/10378} -> PackageSetting{1e7a5d com.android.internal.display.cutout.emulation.hole/10005} BLOCKED
10-13 11:45:16.115  1902 23161 I AppsFilter: interaction: PackageSetting{e17493b io.appium.uiautomator2.server/10378} -> PackageSetting{7309fd2 com.android.internal.display.cutout.emulation.tall/10010} BLOCKED
10-13 11:45:16.116  1902 23161 I AppsFilter: interaction: PackageSetting{e17493b io.appium.uiautomator2.server/10378} -> PackageSetting{ed238a3 com.google.android.overlay.healthconnect/10268} BLOCKED
10-13 11:45:16.116  1902 23161 I AppsFilter: interaction: PackageSetting{e17493b io.appium.uiautomator2.server/10378} -> PackageSetting{dd5f7a0 com.android.internal.systemui.navbar.threebutton/10040} BLOCKED
10-13 11:45:16.116  1902 23161 I AppsFilter: interaction: PackageSetting{e17493b io.appium.uiautomator2.server/10378} -> PackageSetting{45fd8c9 com.android.wifi.dialog/10290} BLOCKED
10-13 11:45:16.116  1902 23161 I AppsFilter: interaction: PackageSetting{e17493b io.appium.uiautomator2.server/10378} -> PackageSetting{552bbce com.android.hotwordenrollment.xgoogle/10173} BLOCKED
10-13 11:45:16.116  1902 23161 I AppsFilter: interaction: PackageSetting{e17493b io.appium.uiautomator2.server/10378} -> PackageSetting{8c6eaef com.android.mms/10301} BLOCKED
10-13 11:45:16.116  1902 23161 I AppsFilter: interaction: PackageSetting{e17493b io.appium.uiautomator2.server/10378} -> PackageSetting{c2109fc com.google.android.as/10296} BLOCKED
10-13 11:45:16.116  1902 23161 I AppsFilter: interaction: PackageSetting{e17493b io.appium.uiautomator2.server/10378} -> PackageSetting{43885 com.google.android.gm/10197} BLOCKED
10-13 11:45:16.116  1902 23161 I AppsFilter: interaction: PackageSetting{e17493b io.appium.uiautomator2.server/10378} -> PackageSetting{6e2c6da com.android.compos.payload/10341} BLOCKED
10-13 11:45:16.116  1902 23161 I AppsFilter: interaction: PackageSetting{e17493b io.appium.uiautomator2.server/10378} -> PackageSetting{dc1470b com.google.android.apps.tachyon/10234} BLOCKED
10-13 11:45:16.116  1902 23161 I AppsFilter: interaction: PackageSetting{e17493b io.appium.uiautomator2.server/10378} -> PackageSetting{d871ab8 com.google.android.overlay.gmsconfig.common/10012} BLOCKED
10-13 11:45:16.116  1902 23161 I AppsFilter: interaction: PackageSetting{e17493b io.appium.uiautomator2.server/10378} -> PackageSetting{c72c9e8 com.android.settings.intelligence/10179} BLOCKED
10-13 11:45:16.116  1902 23161 I AppsFilter: interaction: PackageSetting{e17493b io.appium.uiautomator2.server/10378} -> PackageSetting{ec8bbf6 com.android.internal.systemui.navbar.gestural_extra_wide_back/10042} BLOCKED
10-13 11:45:16.116  1902 23161 I AppsFilter: interaction: PackageSetting{e17493b io.appium.uiautomator2.server/10378} -> PackageSetting{7d4d801 com.miui.compass/10237} BLOCKED
10-13 11:45:16.116  1902 23161 I AppsFilter: interaction: PackageSetting{e17493b io.appium.uiautomator2.server/10378} -> PackageSetting{13676a6 com.google.android.setupwizard/10211} BLOCKED
10-13 11:45:16.116  1902 23161 I AppsFilter: interaction: PackageSetting{e17493b io.appium.uiautomator2.server/10378} -> PackageSetting{6bb48e7 com.miui.android.fashiongallery/10231} BLOCKED
10-13 11:45:16.116  1902 23161 I AppsFilter: interaction: PackageSetting{e17493b io.appium.uiautomator2.server/10378} -> PackageSetting{79e9c94 com.facebook.services/10097} BLOCKED
10-13 11:45:16.116  1902 23161 I AppsFilter: interaction: PackageSetting{e17493b io.appium.uiautomator2.server/10378} -> PackageSetting{b5f33d com.android.printspooler/10135} BLOCKED
10-13 11:45:16.116  1902 23161 I AppsFilter: interaction: PackageSetting{e17493b io.appium.uiautomator2.server/10378} -> PackageSetting{bc35732 com.android.hotwordenrollment.okgoogle/10172} BLOCKED
10-13 11:45:16.116  1902 23161 I AppsFilter: interaction: PackageSetting{e17493b io.appium.uiautomator2.server/10378} -> PackageSetting{9698c83 com.google.android.apps.accessibility.auditor/10031} BLOCKED
10-13 11:45:16.116  1902 23161 I AppsFilter: interaction: PackageSetting{e17493b io.appium.uiautomator2.server/10378} -> PackageSetting{b12ee00 org.ifaa.aidl.manager/10155} BLOCKED
10-13 11:45:16.116  1902 23161 I AppsFilter: interaction: PackageSetting{e17493b io.appium.uiautomator2.server/10378} -> PackageSetting{f938639 com.android.dreams.basic/10098} BLOCKED
10-13 11:45:16.116  1902 23161 I AppsFilter: interaction: PackageSetting{e17493b io.appium.uiautomator2.server/10378} -> PackageSetting{dcbb47e com.google.android.as.oss/10302} BLOCKED
10-13 11:45:16.116  1902 23161 I AppsFilter: interaction: PackageSetting{e17493b io.appium.uiautomator2.server/10378} -> PackageSetting{82e6ddf com.duokan.phone.remotecontroller/10241} BLOCKED
10-13 11:45:16.116  1902 23161 I AppsFilter: interaction: PackageSetting{e17493b io.appium.uiautomator2.server/10378} -> PackageSetting{ab8ea2c de.telekom.tsc/10094} BLOCKED
10-13 11:45:16.116  1902 23161 I AppsFilter: interaction: PackageSetting{e17493b io.appium.uiautomator2.server/10378} -> PackageSetting{21d4cf5 com.android.rkpdapp/10337} BLOCKED
10-13 11:45:16.116  1902 23161 I AppsFilter: interaction: PackageSetting{e17493b io.appium.uiautomator2.server/10378} -> PackageSetting{e6a9a8a com.google.android.devicelockcontroller/10141} BLOCKED
10-13 11:45:16.116  1902 23161 I AppsFilter: interaction: PackageSetting{e17493b io.appium.uiautomator2.server/10378} -> PackageSetting{f3608fb com.google.android.dialer/10177} BLOCKED
10-13 11:45:16.116  1902 23161 I AppsFilter: interaction: PackageSetting{e17493b io.appium.uiautomator2.server/10378} -> PackageSetting{de07d18 com.google.android.apps.nbu.files/10259} BLOCKED
10-13 11:45:16.116  1902 23161 I AppsFilter: interaction: PackageSetting{e17493b io.appium.uiautomator2.server/10378} -> PackageSetting{742c371 com.dti.telefonica/10186} BLOCKED
10-13 11:45:16.116  1902 23161 I AppsFilter: interaction: PackageSetting{e17493b io.appium.uiautomator2.server/10378} -> PackageSetting{95fd556 com.google.android.captiveportallogin/10105} BLOCKED
10-13 11:45:16.116  1902 23161 I AppsFilter: interaction: PackageSetting{e17493b io.appium.uiautomator2.server/10378} -> PackageSetting{cc6b3d com.google.android.overlay.gmsconfig.comms/10018} BLOCKED
10-13 11:45:16.116  1902 23161 I AppsFilter: interaction: PackageSetting{e17493b io.appium.uiautomator2.server/10378} -> PackageSetting{de46f32 com.google.android.overlay.gmsconfig.geotz/10014} BLOCKED
10-13 11:45:16.116  1902 23161 I AppsFilter: interaction: PackageSetting{e17493b io.appium.uiautomator2.server/10378} -> PackageSetting{75239d7 com.google.android.appsearch.apk/10038} BLOCKED
10-13 11:45:16.116  1902 23161 I AppsFilter: interaction: PackageSetting{e17493b io.appium.uiautomator2.server/10378} -> PackageSetting{eec52c4 com.google.ambient.streaming/10297} BLOCKED
