07-15 14:38:20.368  2465  2950 I SmartPower: com.android.chrome/90008 state=inactive adj=910 proc size=1 move to background add to whitelist
07-15 14:38:20.368  2465  2950 I SmartPower: com.android.chrome/90009 state=inactive adj=900 proc size=1 move to background add to whitelist
07-15 14:38:20.368  2465  2950 I SmartPower: com.android.chrome/90010 state=inactive adj=900 proc size=1 move to background add to whitelist
07-15 14:38:20.368  2465  2950 I SmartPower: com.android.chrome/90011 state=inactive adj=700 proc size=1 move to background add to whitelist
07-15 14:38:20.368  2465  2950 I SmartPower: com.google.android.gms/10163 state=inactive adj=100 proc size=6 move to background add to whitelist
07-15 14:38:20.376  2465  2490 D WindowManager: Update InputWindowHandle: f4b0a0b eu.europa.ec.euidi/eu.europa.ec.assemblylogic.ui.MainActivity, frame=[0,0,1080,2400], touchableRegion=SkRegion((0,0,1080,2400)), visible=true, focusable=true, changed=true
07-15 14:38:20.387  2465  4111 W ActivityTaskManager: Tried to set launchTime (0) < mLastActivityLaunchTime (45676502)
07-15 14:38:20.389  2465  4111 D WindowManager: Input focus has changed to null display=0 updateInputWindows = true
07-15 14:38:20.391  2465  2487 D Aurogon :  uid = 10172 switch to FG
07-15 14:38:20.391  2465  2950 I SmartPower: com.android.vending/10164 state=background adj=100 proc size=4 move to inactive adj below visible
07-15 14:38:20.392  2465  2950 I SmartPower: com.android.chrome/90011 state=background adj=100 proc size=1 move to inactive adj below visible
07-15 14:38:20.411  2465  4111 I ActivityTaskManager: START u0 {act=android.intent.action.VIEW dat=https://walletcentric.signer.eudiw.dev/... flg=0x14002000 cmp=com.android.chrome/org.chromium.chrome.browser.ChromeTabbedActivity (has extras)} from uid 10172 from pid 27603 callingPackage com.android.chrome
07-15 14:38:20.416  2465  4111 D ActivityTaskManager: startActivityAsUser result is 2
07-15 14:38:20.418  3586  3586 I OneHandedController: stopOneHanded mState=STATE_NONE, uiEvent=ONE_HANDED_TRIGGER_APP_TAPS_OUT
07-15 14:38:20.418  3586  3586 D OneHandedController: stopOneHanded state isTransitioning or STATE_NONE, mState = 0
07-15 14:38:20.439  2465  2950 I SmartPower: com.google.android.gms/10163 state=background adj=0 proc size=6 move to inactive service end com.google.android.gms/.chimera.GmsApiService
07-15 14:38:20.449  2465  5370 D CompatibilityChangeReporter: Compat change id reported: 135634846; UID 10172; state: DISABLED
07-15 14:38:20.449  2465  2504 D CompatibilityChangeReporter: Compat change id reported: 143937733; UID 10172; state: ENABLED
07-15 14:38:20.461  2465  2504 D Boost   : hostingType=, hostingName={com.android.chrome/org.chromium.content.app.SandboxedProcessService0:23}, callerPackage=com.android.chrome, isSystem=true, isBoostNeeded=false.
07-15 14:38:20.463  2465  2504 I ActivityManager: Start proc 7033:com.android.chrome:sandboxed_process0:org.chromium.content.app.SandboxedProcessService0:23/u0ai23 for  {com.android.chrome/org.chromium.content.app.SandboxedProcessService0:23} caller=com.android.chrome
07-15 14:38:20.479  2465  2950 E AppOps  : checkOperation
07-15 14:38:20.479  2465  2950 E AppOps  : java.lang.SecurityException: Specified package com.android.chrome under uid 90023 but it is not
07-15 14:38:20.479  2465  2950 E AppOps  : 	at com.android.server.appop.AppOpsService.verifyAndGetBypass(AppOpsService.java:4799)
07-15 14:38:20.479  2465  2950 E AppOps  : 	at com.android.server.appop.AppOpsService.verifyAndGetBypass(AppOpsService.java:4691)
07-15 14:38:20.479  2465  2950 E AppOps  : 	at com.android.server.appop.AppOpsService.checkOperationUnchecked(AppOpsService.java:3278)
07-15 14:38:20.479  2465  2950 E AppOps  : 	at com.android.server.appop.AppOpsService.checkOperationImpl(AppOpsService.java:3261)
07-15 14:38:20.479  2465  2950 E AppOps  : 	at com.android.server.appop.AppOpsService.access$3700(AppOpsService.java:222)
07-15 14:38:20.479  2465  2950 E AppOps  : 	at com.android.server.appop.AppOpsService$CheckOpsDelegateDispatcher.lambda$checkOperation$0(AppOpsService.java:7691)
07-15 14:38:20.479  2465  2950 E AppOps  : 	at com.android.server.appop.AppOpsService$CheckOpsDelegateDispatcher$$ExternalSyntheticLambda17.apply(Unknown Source:25)
07-15 14:38:20.479  2465  2950 E AppOps  : 	at com.android.server.policy.AppOpsPolicy.checkOperation(AppOpsPolicy.java:205)
07-15 14:38:20.479  2465  2950 E AppOps  : 	at com.android.server.appop.AppOpsService$CheckOpsDelegateDispatcher.checkOperation(AppOpsService.java:7690)
07-15 14:38:20.479  2465  2950 E AppOps  : 	at com.android.server.appop.AppOpsService.checkOperation(AppOpsService.java:3248)
07-15 14:38:20.479  2465  2950 E AppOps  : 	at android.app.AppOpsManager.checkOpNoThrow(AppOpsManager.java:8747)
07-15 14:38:20.479  2465  2950 E AppOps  : 	at android.miui.AppOpsUtils.getApplicationAutoStart(AppOpsUtils.java:84)
07-15 14:38:20.479  2465  2950 E AppOps  : 	at com.android.server.am.AppStateManager$AppState$RunningProcess$1.run(AppStateManager.java:1544)
07-15 14:38:20.479  2465  2950 E AppOps  : 	at android.os.Handler.handleCallback(Handler.java:938)
07-15 14:38:20.479  2465  2950 E AppOps  : 	at android.os.Handler.dispatchMessage(Handler.java:99)
07-15 14:38:20.479  2465  2950 E AppOps  : 	at android.os.Looper.loopOnce(Looper.java:211)
07-15 14:38:20.479  2465  2950 E AppOps  : 	at android.os.Looper.loop(Looper.java:300)
07-15 14:38:20.479  2465  2950 E AppOps  : 	at android.os.HandlerThread.run(HandlerThread.java:67)
07-15 14:38:20.483  7033  7033 E MQSEventManagerDelegate: failed to get MQSService.
07-15 14:38:20.483  7033  7033 W MQSEventManagerDelegate: registerApplicationScoutThread getMQSService null
07-15 14:38:20.483  7033  7033 W ActivityThread: registerApplicationScoutThread result:false
07-15 14:38:20.493  7033  7033 E ForceDarkHelperStubImpl: getForceDarkOriginState transact failed , mService: null
07-15 14:38:20.493  7033  7033 I ForceDarkHelperStubImpl: initialize for com.android.chrome , ForceDarkOrigin
07-15 14:38:20.504  2465  2950 I SmartPower: com.android.chrome/90023 state=background adj=100 proc size=1 move to inactive service end com.android.chrome/org.chromium.content.app.SandboxedProcessService0:23
07-15 14:38:20.516  2465  2482 D WindowManager: Input focus has changed to Window{48ab4e8 u0 com.android.chrome/org.chromium.chrome.browser.ChromeTabbedActivity} display=0 updateInputWindows = true
07-15 14:38:20.517  2465  2482 I WindowManagerService: Physical orientation applied, rotation=0 sfOrientation=ORIENTATION_0
07-15 14:38:20.517  2465  2490 D WindowManager: Update InputWindowHandle: 48ab4e8 com.android.chrome/org.chromium.chrome.browser.ChromeTabbedActivity, frame=[0,0,1080,2400], touchableRegion=SkRegion((0,0,1080,2400)), visible=true, focusable=true, changed=true
07-15 14:38:20.533  2465  2482 I SmartPower.com.google.android.inputmethod.latin/10176(4876): visible->invisible(7470ms) R(become invisible) adj=100.
07-15 14:38:20.533  2465  2482 I SmartPower.com.google.android.inputmethod.latin/10176(4876): invisible->background(0ms) R(become background) adj=100.
07-15 14:38:20.535  2465  2950 I SmartPower: com.google.android.inputmethod.latin/10176 state=foreground adj=100 proc size=1 move to inactive become background
07-15 14:38:20.536  2465  2482 I WindowManagerService: Physical orientation applied, rotation=0 sfOrientation=ORIENTATION_0
07-15 14:38:20.565  2465  4111 D WindowManager: finishDrawingLocked: mDrawState=COMMIT_DRAW_PENDING Window{48ab4e8 u0 com.android.chrome/org.chromium.chrome.browser.ChromeTabbedActivity} in Surface(name=com.android.chrome/org.chromium.chrome.browser.ChromeTabbedActivity)/@0x2743942
07-15 14:38:20.572  2465  2490 I SmartPower.com.android.chrome/10172(27603): invisible->visible(207ms) R(become visible) adj=0.
07-15 14:38:20.572  2465  2490 I SmartPower.eu.europa.ec.euidi/10786(30149): visible->invisible(10112ms) R(become invisible) adj=200.
07-15 14:38:20.572  2465  2950 I SmartPower: com.android.chrome/10172 state=background adj=0 proc size=3 move to foreground become visible
07-15 14:38:20.572  2465  2490 I SmartPower.eu.europa.ec.euidi/10786(30149): invisible->background(0ms) R(become background) adj=200.
07-15 14:38:20.573  2465  2950 I SmartPower: eu.europa.ec.euidi/10786 state=foreground adj=200 proc size=1 move to inactive become invisible
07-15 14:38:20.590  2465  2490 D WindowManager: Update InputWindowHandle: 48ab4e8 com.android.chrome/org.chromium.chrome.browser.ChromeTabbedActivity, frame=[0,0,1080,2400], touchableRegion=SkRegion((0,0,1080,2400)), visible=true, focusable=true, changed=true
07-15 14:38:20.611  2465  4111 I WindowManagerService: Physical orientation applied, rotation=0 sfOrientation=ORIENTATION_0
07-15 14:38:20.650  2465  4111 W ActivityTaskManager: Skip mGoingToSleepWakeLock release for sleepingOrShuttingDown
07-15 14:38:20.652  2465  2487 D Aurogon :  uid = 10786 switch to BG
07-15 14:38:20.930  2465  4111 W ProcessStats: Tracking association SourceState{a2698f8 system/1000 BTopFgs #123225} whose proc state 2 is better than process ProcessState{59526b3 com.miui.powerkeeper/1000 pkg=com.miui.powerkeeper (sub)} proc state 3 (1803 skipped)
07-15 14:38:21.422  2465  5370 I ActivityTaskManager: START u0 {act=android.intent.action.VIEW cat=[android.intent.category.BROWSABLE] dat=rqes://oauth/callback?code=fccQRzCS93mPbOCFAAcd997QnhWIb9FQrd-XyGqfkyFnOzxqFG2E0HmgI2y6GpV4ZD09aJu76r2C7eAzqWz_H2lbosa3jVVkQImaOfAhWYHX2uodovJo47h2FUdeyk6g&state=175c63c9-f07d-4cb0-870b-f2b7a5a2cf03 flg=0x14000000 cmp=eu.europa.ec.euidi/eu.europa.ec.assemblylogic.ui.MainActivity (has extras)} from uid 10172 from pid 27603 callingPackage com.android.chrome
07-15 14:38:21.423  2465  5370 I SmartPower.eu.europa.ec.euidi/10786(30149): background->invisible(851ms) R(become foreground) adj=700.
07-15 14:38:21.423  2465  2950 I SmartPower: eu.europa.ec.euidi/10786 state=inactive adj=700 proc size=1 move to background become foreground
07-15 14:38:21.425  2465  5370 D WindowManager: Input focus has changed to null display=0 updateInputWindows = true
07-15 14:38:21.429  2465  5370 D ActivityTaskManager: startActivityAsUser result is 2
07-15 14:38:21.435  2465  5370 I ActivityTaskManager: moveTaskToBack: Task{b0f02ed #1977 type=standard A=10172:com.android.chrome U=0 visible=true mode=fullscreen translucent=false sz=1}
07-15 14:38:21.437  3586  3586 I OneHandedController: stopOneHanded mState=STATE_NONE, uiEvent=ONE_HANDED_TRIGGER_APP_TAPS_OUT
07-15 14:38:21.437  3586  3586 D OneHandedController: stopOneHanded state isTransitioning or STATE_NONE, mState = 0
07-15 14:38:21.445  2465  2482 I WindowManagerService: Physical orientation applied, rotation=0 sfOrientation=ORIENTATION_0
07-15 14:38:21.447  3586  3586 I OneHandedController: stopOneHanded mState=STATE_NONE, uiEvent=ONE_HANDED_TRIGGER_APP_TAPS_OUT
07-15 14:38:21.447  3586  3586 D OneHandedController: stopOneHanded state isTransitioning or STATE_NONE, mState = 0
07-15 14:38:21.501  2465  2482 I ActivityManager: Killing 7033:com.android.chrome:sandboxed_process0:org.chromium.content.app.SandboxedProcessService0:23/u0a172i-8977 (adj 0): isolated not needed
07-15 14:38:21.501  2465  2482 I SmartPower.com.android.chrome:sandboxed_process0:org.chromium.content.app.SandboxedProcessServbackground->died(1053ms) R(process died ) adj=0.
07-15 14:38:21.502  2465  2950 I SmartPower: com.android.chrome/90023 state=inactive adj=0 proc size=0 move to -1 process died 
07-15 14:38:21.511  2465  4093 D ActivityManagerServiceImpl: Service controller is not enabled.
07-15 14:38:21.511  2465  4093 D ProcessRecordInjector: Begin to report kill process events...
07-15 14:38:21.512  2465  4093 D ProcessRecordInjector: Finishing reporting clean up app record.
07-15 14:38:21.513  2465  2487 D Aurogon :  uid = 10786 switch to FG
07-15 14:38:21.513  2465  2950 I SmartPower: com.google.android.ext.services/10213 state=background adj=100 proc size=2 move to inactive adj below visible
07-15 14:38:21.562  2465  8167 I ActivityTaskManager: START u0 {flg=0x14000000 cmp=eu.europa.ec.euidi/eu.europa.ec.eudi.rqesui.presentation.ui.container.EudiRQESContainer (has extras)} from uid 10786 from pid 30149 callingPackage eu.europa.ec.euidi
07-15 14:38:21.574  2465  4093 I WindowManagerService: Physical orientation applied, rotation=0 sfOrientation=ORIENTATION_0
07-15 14:38:21.583  2465  8167 D WindowManager: Input focus has changed to Window{f4b0a0b u0 eu.europa.ec.euidi/eu.europa.ec.assemblylogic.ui.MainActivity} display=0 updateInputWindows = true
07-15 14:38:21.584  2465  8167 I WindowManagerService: Physical orientation applied, rotation=0 sfOrientation=ORIENTATION_0
07-15 14:38:21.585  2465  2490 D WindowManager: Update InputWindowHandle: f4b0a0b eu.europa.ec.euidi/eu.europa.ec.assemblylogic.ui.MainActivity, frame=[0,0,1080,2400], touchableRegion=SkRegion((0,0,1080,2400)), visible=true, focusable=true, changed=true
07-15 14:38:21.595  2465  4093 D WindowManager: finishDrawingLocked: mDrawState=COMMIT_DRAW_PENDING Window{f4b0a0b u0 eu.europa.ec.euidi/eu.europa.ec.assemblylogic.ui.MainActivity} in Surface(name=eu.europa.ec.euidi/eu.europa.ec.assemblylogic.ui.MainActivity)/@0x3f3fadd
07-15 14:38:21.606  2465  5370 W ActivityTaskManager: Tried to set launchTime (0) < mLastActivityLaunchTime (45672573)
07-15 14:38:21.611  2465  5370 D WindowManager: Input focus has changed to null display=0 updateInputWindows = true
07-15 14:38:21.620  2465  8167 I WindowManagerService: Physical orientation applied, rotation=0 sfOrientation=ORIENTATION_0
07-15 14:38:21.682  2465  8167 D WindowManager: Input focus has changed to Window{7b4dd9b u0 eu.europa.ec.euidi/eu.europa.ec.eudi.rqesui.presentation.ui.container.EudiRQESContainer} display=0 updateInputWindows = true
07-15 14:38:21.682  2465  8167 I WindowManagerService: Physical orientation applied, rotation=0 sfOrientation=ORIENTATION_0
07-15 14:38:21.683  2465  2490 D WindowManager: Update InputWindowHandle: 7b4dd9b eu.europa.ec.euidi/eu.europa.ec.eudi.rqesui.presentation.ui.container.EudiRQESContainer, frame=[0,0,1080,2400], touchableRegion=SkRegion((0,0,1080,2400)), visible=true, focusable=true, changed=true
07-15 14:38:21.696  2465  4093 D WindowManager: finishDrawingLocked: mDrawState=COMMIT_DRAW_PENDING Window{7b4dd9b u0 eu.europa.ec.euidi/eu.europa.ec.eudi.rqesui.presentation.ui.container.EudiRQESContainer} in Surface(name=eu.europa.ec.euidi/eu.europa.ec.eudi.rqesui.presentation.ui.container.EudiRQESContainer)/@0xa8e554d
07-15 14:38:21.701  2465  2490 I SmartPower.com.android.chrome/10172(27603): visible->invisible(1129ms) R(become invisible) adj=200.
07-15 14:38:21.701  2465  2490 I SmartPower.com.android.chrome:privileged_process0/10172(28829): invisible->background(1336ms) R(become background) adj=200.
07-15 14:38:21.701  2465  2490 I SmartPower.com.android.chrome/10172(27603): invisible->background(0ms) R(become background) adj=200.
07-15 14:38:21.701  2465  2490 I SmartPower.eu.europa.ec.euidi/10786(30149): invisible->visible(278ms) R(become visible) adj=0.
07-15 14:38:21.701  2465  2950 I SmartPower: com.android.chrome/10172 state=foreground adj=200 proc size=3 move to inactive become invisible
07-15 14:38:21.702  2465  2950 I SmartPower: eu.europa.ec.euidi/10786 state=background adj=0 proc size=1 move to foreground become visible
07-15 14:38:21.702  2465  2950 I SmartPower: com.android.chrome/90000 state=background adj=940 proc size=1 move to inactive remove from whitelist
07-15 14:38:21.702  2465  2950 I SmartPower: com.android.chrome/90001 state=background adj=940 proc size=1 move to inactive remove from whitelist
07-15 14:38:21.702  2465  2950 I SmartPower: com.android.chrome/90002 state=background adj=930 proc size=1 move to inactive remove from whitelist
07-15 14:38:21.702  2465  2950 I SmartPower: com.android.chrome/90003 state=background adj=930 proc size=1 move to inactive remove from whitelist
07-15 14:38:21.702  2465  2950 I SmartPower: com.android.chrome/90004 state=background adj=920 proc size=1 move to inactive remove from whitelist
07-15 14:38:21.702  2465  2950 I SmartPower: com.android.chrome/90005 state=background adj=920 proc size=1 move to inactive remove from whitelist
07-15 14:38:21.702  2465  2950 I SmartPower: com.android.chrome/90007 state=background adj=910 proc size=1 move to inactive remove from whitelist
07-15 14:38:21.704  2465  2950 I SmartPower: com.android.chrome/90008 state=background adj=910 proc size=1 move to inactive remove from whitelist
07-15 14:38:21.704  2465  2950 I SmartPower: com.android.chrome/90009 state=background adj=900 proc size=1 move to inactive remove from whitelist
07-15 14:38:21.704  2465  2950 I SmartPower: com.android.chrome/90010 state=background adj=900 proc size=1 move to inactive remove from whitelist
07-15 14:38:21.713  2465  4093 W ActivityTaskManager: Skip mGoingToSleepWakeLock release for sleepingOrShuttingDown
07-15 14:38:21.722  2465  5369 I WindowManagerService: Physical orientation applied, rotation=0 sfOrientation=ORIENTATION_0
07-15 14:38:21.734  2465  2490 D WindowManager: Update InputWindowHandle: 7b4dd9b eu.europa.ec.euidi/eu.europa.ec.eudi.rqesui.presentation.ui.container.EudiRQESContainer, frame=[0,0,1080,2400], touchableRegion=SkRegion((0,0,1080,2400)), visible=true, focusable=true, changed=true
07-15 14:38:21.787  2465  3628 W ActivityTaskManager: Skip mGoingToSleepWakeLock release for sleepingOrShuttingDown
07-15 14:38:21.788  2465  2487 D Aurogon :  uid = 10172 switch to BG
07-15 14:38:23.209  2465  2496 I BatteryService: current mPlugType2current mHealthInfo.batteryLevel100current mHealthInfo.batteryTemperature320
07-15 14:38:23.210  2465  2465 D UiModeManager: updateConfigurationLocked: mDockState=0; mCarMode=false; mCar=false; mPowerSave=false; mComputedNightMode=false; mNightMode=1; uiMode=17
07-15 14:38:26.777  2465  5369 D WindowManager: Input focus has changed to Window{d5c005e u0 eu.europa.ec.euidi/eu.europa.ec.eudi.rqesui.presentation.ui.container.EudiRQESContainer} display=0 updateInputWindows = false
07-15 14:38:26.778  2465  2490 D WindowManager: Focus not requested for window=Window{d5c005e u0 eu.europa.ec.euidi/eu.europa.ec.eudi.rqesui.presentation.ui.container.EudiRQESContainer} because it has no surface or is not focusable.
07-15 14:38:26.804  2465  5369 I WindowManagerService: Physical orientation applied, rotation=0 sfOrientation=ORIENTATION_0
07-15 14:38:26.805  2465  2490 D WindowManager: Update InputWindowHandle: d5c005e eu.europa.ec.euidi/eu.europa.ec.eudi.rqesui.presentation.ui.container.EudiRQESContainer, frame=[0,0,1080,2400], touchableRegion=SkRegion((0,0,1080,2400)), visible=true, focusable=true, changed=true
07-15 14:38:26.818  2465  5369 D WindowManager: finishDrawingLocked: mDrawState=COMMIT_DRAW_PENDING Window{d5c005e u0 eu.europa.ec.euidi/eu.europa.ec.eudi.rqesui.presentation.ui.container.EudiRQESContainer} in Surface(name=eu.europa.ec.euidi/eu.europa.ec.eudi.rqesui.presentation.ui.container.EudiRQESContainer)/@0xf8369f8
07-15 14:38:26.824  2465  2490 D WindowManager: Update InputWindowHandle: d5c005e eu.europa.ec.euidi/eu.europa.ec.eudi.rqesui.presentation.ui.container.EudiRQESContainer, frame=[0,0,1080,2400], touchableRegion=SkRegion((0,0,1080,2400)), visible=true, focusable=true, changed=true
07-15 14:38:26.827  2465  5369 I WindowManagerService: Physical orientation applied, rotation=0 sfOrientation=ORIENTATION_0
07-15 14:38:26.830  2465  2490 D WindowManager: Update InputWindowHandle: d5c005e eu.europa.ec.euidi/eu.europa.ec.eudi.rqesui.presentation.ui.container.EudiRQESContainer, frame=[0,0,1080,2400], touchableRegion=SkRegion((0,0,1080,2400)), visible=true, focusable=true, changed=true
07-15 14:38:27.778  2465  2490 D WindowManager: Focus not requested for window=Window{d5c005e u0 eu.europa.ec.euidi/eu.europa.ec.eudi.rqesui.presentation.ui.container.EudiRQESContainer} because it has no surface or is not focusable.
07-15 14:38:27.794  2465  5369 D WindowManager: Input focus has changed to null display=0 updateInputWindows = true
07-15 14:38:27.831  2465  5369 D WindowManager: relayoutVisibleWindow: Window{f4b0a0b u0 eu.europa.ec.euidi/eu.europa.ec.assemblylogic.ui.MainActivity EXITING} mAnimatingExit=true, mRemoveOnExit=false, mDestroying=false
07-15 14:38:27.836  2465  5369 D WindowManager: Input focus has changed to Window{f4b0a0b u0 eu.europa.ec.euidi/eu.europa.ec.assemblylogic.ui.MainActivity} display=0 updateInputWindows = true
07-15 14:38:27.837  2465  5369 I WindowManagerService: Physical orientation applied, rotation=0 sfOrientation=ORIENTATION_0
07-15 14:38:27.839  2465  2490 D WindowManager: Update InputWindowHandle: f4b0a0b eu.europa.ec.euidi/eu.europa.ec.assemblylogic.ui.MainActivity, frame=[0,0,1080,2400], touchableRegion=SkRegion((0,0,1080,2400)), visible=true, focusable=true, changed=true
07-15 14:38:27.846  2465  5369 D WindowManager: finishDrawingLocked: mDrawState=COMMIT_DRAW_PENDING Window{f4b0a0b u0 eu.europa.ec.euidi/eu.europa.ec.assemblylogic.ui.MainActivity} in Surface(name=eu.europa.ec.euidi/eu.europa.ec.assemblylogic.ui.MainActivity)/@0x3f3fadd
07-15 14:38:27.863  2465  2490 D WindowManager: shouldDeferAnimationFinish ActivityRecord{f8fe955 u0 eu.europa.ec.euidi/eu.europa.ec.assemblylogic.ui.MainActivity} t1975}, anim = com.android.server.wm.LocalAnimationAdapter@65a9fed
07-15 14:38:27.868  2465  2490 D WindowManager: Update InputWindowHandle: f4b0a0b eu.europa.ec.euidi/eu.europa.ec.assemblylogic.ui.MainActivity, frame=[0,0,1080,2400], touchableRegion=SkRegion((0,0,1080,2400)), visible=true, focusable=true, changed=true
07-15 14:38:27.884  2465  5377 I WindowManagerService: Physical orientation applied, rotation=0 sfOrientation=ORIENTATION_0
07-15 14:38:30.592  2465  3535 W MiuiMemoryService: com.google.android.documentsui is system app!
07-15 14:38:30.940  2465  4111 W ProcessStats: Tracking association SourceState{a2698f8 system/1000 BTopFgs #123298} whose proc state 2 is better than process ProcessState{59526b3 com.miui.powerkeeper/1000 pkg=com.miui.powerkeeper (sub)} proc state 3 (500 skipped)
07-15 14:38:33.325  2465  2499 W ActivityManager: Unable to start service Intent { cmp=com.miui.powerkeeper/.perfshielder.PerfShielderStatisticsService } U=0: not found
07-15 14:38:36.056  2465  2494 D HeapUsage Monitor: HeapAllocSize : 57MB; monitorSize : 500MB
07-15 14:38:36.959  2465  2950 I SmartPower: com.google.android.gms/10163 state=inactive adj=0 proc size=6 move to background add to whitelist
07-15 14:38:36.962  2465  2950 I SmartPower: com.google.android.gms/10163 state=background adj=0 proc size=6 move to inactive broadcast end Intent { act=com.google.android.c2dm.intent.RECEIVE flg=0x1000010 pkg=com.google.android.gms cmp=com.google.android.gms/.people.notifications.GcmBroadcastReceiver (has extras) }
07-15 14:38:41.966  2465  2465 W ProcessStats: Tracking association SourceState{762d736 com.google.android.gms/10163 BTopFgs #123400} whose proc state 2 is better than process ProcessState{870dcb9 com.google.android.gms.persistent/10163 pkg=com.google.android.gms} proc state 3 (805 skipped)
07-15 14:38:50.199  2465  2950 I SmartPower: com.google.android.gms/10163 state=inactive adj=0 proc size=6 move to background add to whitelist
07-15 14:38:50.205  2465  2950 I SmartPower: com.google.android.gms/10163 state=background adj=100 proc size=6 move to inactive adj below visible
07-15 14:38:51.565  2465  3535 W MiuiMemoryService: com.android.chrome is system app!
07-15 14:38:55.179  2465  5377 W ProcessStats: Tracking association SourceState{a2698f8 system/1000 BTopFgs #123449} whose proc state 2 is better than process ProcessState{59526b3 com.miui.powerkeeper/1000 pkg=com.miui.powerkeeper (sub)} proc state 3 (451 skipped)
07-15 14:39:05.183  2465  5369 W ProcessStats: Tracking association SourceState{ca53086 com.google.android.apps.messaging/10165 BTopFgs #123460} whose proc state 2 is better than process ProcessState{870dcb9 com.google.android.gms.persistent/10163 pkg=com.google.android.gms} proc state 3 (103 skipped)
07-15 14:39:06.058  2465  2494 D HeapUsage Monitor: HeapAllocSize : 73MB; monitorSize : 500MB
07-15 14:39:15.536  2465  5369 W ProcessStats: Tracking association SourceState{a2698f8 system/1000 BTopFgs #123475} whose proc state 2 is better than process ProcessState{59526b3 com.miui.powerkeeper/1000 pkg=com.miui.powerkeeper (sub)} proc state 3 (107 skipped)
07-15 14:39:24.454  2465  2496 I BatteryService: current mPlugType2current mHealthInfo.batteryLevel100current mHealthInfo.batteryTemperature320
07-15 14:39:24.458  2465  2465 D UiModeManager: updateConfigurationLocked: mDockState=0; mCarMode=false; mCar=false; mPowerSave=false; mComputedNightMode=false; mNightMode=1; uiMode=17
07-15 14:39:30.718  2465  5377 W ProcessStats: Tracking association SourceState{a2698f8 system/1000 BTopFgs #123489} whose proc state 2 is better than process ProcessState{59526b3 com.miui.powerkeeper/1000 pkg=com.miui.powerkeeper (sub)} proc state 3 (78 skipped)
07-15 14:39:33.416  2465  2499 W ActivityManager: Unable to start service Intent { cmp=com.miui.powerkeeper/.perfshielder.PerfShielderStatisticsService } U=0: not found
07-15 14:39:36.059  2465  2494 D HeapUsage Monitor: HeapAllocSize : 74MB; monitorSize : 500MB
07-15 14:40:06.060  2465  2494 D HeapUsage Monitor: HeapAllocSize : 76MB; monitorSize : 500MB
07-15 14:40:24.459  2465  2496 I BatteryService: current mPlugType2current mHealthInfo.batteryLevel100current mHealthInfo.batteryTemperature320
07-15 14:40:24.463  2465  2465 D UiModeManager: updateConfigurationLocked: mDockState=0; mCarMode=false; mCar=false; mPowerSave=false; mComputedNightMode=false; mNightMode=1; uiMode=17
07-15 14:40:33.486  2465  2499 W ActivityManager: Unable to start service Intent { cmp=com.miui.powerkeeper/.perfshielder.PerfShielderStatisticsService } U=0: not found
07-15 14:40:36.063  2465  2494 D HeapUsage Monitor: HeapAllocSize : 78MB; monitorSize : 500MB
07-15 14:41:06.065  2465  2494 D HeapUsage Monitor: HeapAllocSize : 58MB; monitorSize : 500MB
07-15 14:41:33.526  2465  2499 W ActivityManager: Unable to start service Intent { cmp=com.miui.powerkeeper/.perfshielder.PerfShielderStatisticsService } U=0: not found
07-15 14:41:36.067  2465  2494 D HeapUsage Monitor: HeapAllocSize : 59MB; monitorSize : 500MB
07-15 14:41:58.642  2465  2496 I BatteryService: current mPlugType2current mHealthInfo.batteryLevel100current mHealthInfo.batteryTemperature310
07-15 14:41:58.649  2465  2465 D UiModeManager: updateConfigurationLocked: mDockState=0; mCarMode=false; mCar=false; mPowerSave=false; mComputedNightMode=false; mNightMode=1; uiMode=17
07-15 14:42:03.643  2465  2496 I BatteryService: current mPlugType2current mHealthInfo.batteryLevel100current mHealthInfo.batteryTemperature320
07-15 14:42:03.647  2465  2465 D UiModeManager: updateConfigurationLocked: mDockState=0; mCarMode=false; mCar=false; mPowerSave=false; mComputedNightMode=false; mNightMode=1; uiMode=17
07-15 14:42:05.659  2465  4093 W ContextImpl: Calling a method in the system process without a qualified user: android.app.ContextImpl.sendBroadcastMultiplePermissions:1216 com.android.server.TelephonyRegistry.broadcastServiceStateChanged:2965 com.android.server.TelephonyRegistry.notifyServiceStateForPhoneId:1658 com.android.internal.telephony.ITelephonyRegistry$Stub.onTransact:455 android.os.Binder.execTransactInternal:1185 
07-15 14:42:05.660  2465  4093 W ContextImpl: Calling a method in the system process without a qualified user: android.app.ContextImpl.sendBroadcastMultiplePermissions:1266 android.content.Context.sendBroadcastMultiplePermissions:2225 com.android.server.TelephonyRegistry.broadcastServiceStateChanged:2968 com.android.server.TelephonyRegistry.notifyServiceStateForPhoneId:1658 com.android.internal.telephony.ITelephonyRegistry$Stub.onTransact:455 
07-15 14:42:05.662  2465  2503 W BroadcastQueue: Appop Denial: receiving Intent { act=android.intent.action.SERVICE_STATE flg=0x1000010 pkg=com.android.phone (has extras) } to ProcessRecord{ebb772 3577:com.android.phone/1001} (pid=3577, uid=1001) excludes appop android:read_phone_state due to sender android (uid 1001)
07-15 14:42:05.662  2465  2503 W BroadcastQueue: Appop Denial: receiving Intent { act=android.intent.action.SERVICE_STATE flg=0x1000010 pkg=com.android.phone (has extras) } to ProcessRecord{ebb772 3577:com.android.phone/1001} (pid=3577, uid=1001) excludes appop android:read_phone_state due to sender android (uid 1001)
07-15 14:42:05.662  2465  4093 W ContextImpl: Calling a method in the system process without a qualified user: android.app.ContextImpl.sendBroadcastMultiplePermissions:1266 com.android.server.TelephonyRegistry.broadcastServiceStateChanged:2975 com.android.server.TelephonyRegistry.notifyServiceStateForPhoneId:1658 com.android.internal.telephony.ITelephonyRegistry$Stub.onTransact:455 android.os.Binder.execTransactInternal:1185 
07-15 14:42:05.662  2465  2503 W BroadcastQueue: Appop Denial: receiving Intent { act=android.intent.action.SERVICE_STATE flg=0x1000010 pkg=com.android.phone (has extras) } to ProcessRecord{ebb772 3577:com.android.phone/1001} (pid=3577, uid=1001) excludes appop android:read_phone_state due to sender android (uid 1001)
07-15 14:42:05.663  2465  2503 W BroadcastQueue: Appop Denial: receiving Intent { act=android.intent.action.SERVICE_STATE flg=0x1000010 pkg=com.android.phone (has extras) } to ProcessRecord{ebb772 3577:com.android.phone/1001} (pid=3577, uid=1001) excludes appop android:read_phone_state due to sender android (uid 1001)
07-15 14:42:05.663  2465  4093 W ContextImpl: Calling a method in the system process without a qualified user: android.app.ContextImpl.sendBroadcastMultiplePermissions:1266 com.android.server.TelephonyRegistry.broadcastServiceStateChanged:2980 com.android.server.TelephonyRegistry.notifyServiceStateForPhoneId:1658 com.android.internal.telephony.ITelephonyRegistry$Stub.onTransact:455 android.os.Binder.execTransactInternal:1185 
07-15 14:42:05.664  2465  2503 W BroadcastQueue: Skipping delivery of excluded package Intent { act=android.intent.action.SERVICE_STATE flg=0x1000010 (has extras) } to ProcessRecord{ebb772 3577:com.android.phone/1001} (pid=3577, uid=1001) excludes package com.android.phone due to sender android (uid 1001)
07-15 14:42:05.664  2465  2503 W BroadcastQueue: Skipping delivery of excluded package Intent { act=android.intent.action.SERVICE_STATE flg=0x1000010 (has extras) } to ProcessRecord{ebb772 3577:com.android.phone/1001} (pid=3577, uid=1001) excludes package com.android.phone due to sender android (uid 1001)
07-15 14:42:05.664  2465  2503 W BroadcastQueue: Skipping delivery of excluded package Intent { act=android.intent.action.SERVICE_STATE flg=0x1000010 (has extras) } to ProcessRecord{ebb772 3577:com.android.phone/1001} (pid=3577, uid=1001) excludes package com.android.phone due to sender android (uid 1001)
07-15 14:42:05.664  2465  2503 W BroadcastQueue: Skipping delivery of excluded package Intent { act=android.intent.action.SERVICE_STATE flg=0x1000010 (has extras) } to ProcessRecord{ebb772 3577:com.android.phone/1001} (pid=3577, uid=1001) excludes package com.android.phone due to sender android (uid 1001)
07-15 14:42:05.664  2465  2503 W BroadcastQueue: Permission Denial: receiving Intent { act=android.intent.action.SERVICE_STATE flg=0x1000010 (has extras) } to com.google.android.cellbroadcastreceiver/com.android.cellbroadcastreceiver.CellBroadcastReceiver requires android.permission.READ_PHONE_STATE due to sender android (uid 1001)
07-15 14:42:05.665  2465  2503 W BroadcastQueue: Appop Denial: receiving Intent { act=android.intent.action.SERVICE_STATE flg=0x1000010 (has extras) } to ProcessRecord{62d52e6 3564:com.xiaomi.finddevice/6110} (pid=3564, uid=6110) excludes appop android:read_phone_state due to sender android (uid 1001)
07-15 14:42:05.665  2465  2503 W BroadcastQueue: Appop Denial: receiving Intent { act=android.intent.action.SERVICE_STATE flg=0x1000010 (has extras) } to ProcessRecord{a6e07c3 3586:com.android.systemui/1000} (pid=3586, uid=1000) excludes appop android:read_phone_state due to sender android (uid 1001)
07-15 14:42:05.666  2465  2503 W BroadcastQueue: Appop Denial: receiving Intent { act=android.intent.action.SERVICE_STATE flg=0x1000010 (has extras) } to ProcessRecord{ebb772 3577:com.android.phone/1001} (pid=3577, uid=1001) excludes appop android:read_phone_state due to sender android (uid 1001)
07-15 14:42:05.666  2465  2503 W BroadcastQueue: Appop Denial: receiving Intent { act=android.intent.action.SERVICE_STATE flg=0x1000010 (has extras) } to ProcessRecord{ebb772 3577:com.android.phone/1001} (pid=3577, uid=1001) excludes appop android:read_phone_state due to sender android (uid 1001)
07-15 14:42:05.666  2465  2503 W BroadcastQueue: Appop Denial: receiving Intent { act=android.intent.action.SERVICE_STATE flg=0x1000010 (has extras) } to ProcessRecord{ebb772 3577:com.android.phone/1001} (pid=3577, uid=1001) excludes appop android:read_phone_state due to sender android (uid 1001)
07-15 14:42:05.666  2465  2503 W BroadcastQueue: Appop Denial: receiving Intent { act=android.intent.action.SERVICE_STATE flg=0x1000010 (has extras) } to ProcessRecord{ebb772 3577:com.android.phone/1001} (pid=3577, uid=1001) excludes appop android:read_phone_state due to sender android (uid 1001)
07-15 14:42:05.668  2465  2503 W ProcessStats: Tracking association SourceState{a2698f8 system/1000 BTopFgs #123513} whose proc state 2 is better than process ProcessState{59526b3 com.miui.powerkeeper/1000 pkg=com.miui.powerkeeper (sub)} proc state 3 (9 skipped)
07-15 14:42:06.068  2465  2494 D HeapUsage Monitor: HeapAllocSize : 60MB; monitorSize : 500MB
07-15 14:42:08.522  2465  2950 I SmartPower: com.google.android.gms/10163 state=inactive adj=0 proc size=6 move to background add to whitelist
07-15 14:42:08.528  2465  2950 I SmartPower: com.google.android.gms/10163 state=background adj=100 proc size=6 move to inactive adj below visible
07-15 14:42:15.014  2465  2496 I BatteryService: current mPlugType2current mHealthInfo.batteryLevel100current mHealthInfo.batteryTemperature320
07-15 14:42:15.019  2465  2465 D UiModeManager: updateConfigurationLocked: mDockState=0; mCarMode=false; mCar=false; mPowerSave=false; mComputedNightMode=false; mNightMode=1; uiMode=17
07-15 14:42:19.529  2465  2496 I BatteryService: current mPlugType2current mHealthInfo.batteryLevel100current mHealthInfo.batteryTemperature320
07-15 14:42:19.534  2465  2465 D UiModeManager: updateConfigurationLocked: mDockState=0; mCarMode=false; mCar=false; mPowerSave=false; mComputedNightMode=false; mNightMode=1; uiMode=17
07-15 14:42:22.478  2465  2482 W ProcessStats: Tracking association SourceState{a2698f8 system/1000 BTopFgs #123534} whose proc state 2 is better than process ProcessState{59526b3 com.miui.powerkeeper/1000 pkg=com.miui.powerkeeper (sub)} proc state 3 (119 skipped)
07-15 14:42:24.456  2465  2496 I BatteryService: current mPlugType2current mHealthInfo.batteryLevel100current mHealthInfo.batteryTemperature320
07-15 14:42:24.461  2465  2465 D UiModeManager: updateConfigurationLocked: mDockState=0; mCarMode=false; mCar=false; mPowerSave=false; mComputedNightMode=false; mNightMode=1; uiMode=17
07-15 14:42:33.590  2465  2499 W ActivityManager: Unable to start service Intent { cmp=com.miui.powerkeeper/.perfshielder.PerfShielderStatisticsService } U=0: not found
07-15 14:42:36.069  2465  2494 D HeapUsage Monitor: HeapAllocSize : 62MB; monitorSize : 500MB
07-15 14:42:48.437  2465  4093 W ProcessStats: Tracking association SourceState{a2698f8 system/1000 BTopFgs #123536} whose proc state 2 is better than process ProcessState{59526b3 com.miui.powerkeeper/1000 pkg=com.miui.powerkeeper (sub)} proc state 3 (19 skipped)
07-15 14:42:50.840  2465  2496 I BatteryService: current mPlugType2current mHealthInfo.batteryLevel100current mHealthInfo.batteryTemperature320
07-15 14:42:50.845  2465  2465 D UiModeManager: updateConfigurationLocked: mDockState=0; mCarMode=false; mCar=false; mPowerSave=false; mComputedNightMode=false; mNightMode=1; uiMode=17
07-15 14:42:54.221  2465  2496 I BatteryService: current mPlugType2current mHealthInfo.batteryLevel100current mHealthInfo.batteryTemperature310
07-15 14:42:54.225  2465  2465 D UiModeManager: updateConfigurationLocked: mDockState=0; mCarMode=false; mCar=false; mPowerSave=false; mComputedNightMode=false; mNightMode=1; uiMode=17
07-15 14:42:56.495  2465  5853 W ContextImpl: Calling a method in the system process without a qualified user: android.app.ContextImpl.sendBroadcastMultiplePermissions:1216 com.android.server.TelephonyRegistry.broadcastServiceStateChanged:2965 com.android.server.TelephonyRegistry.notifyServiceStateForPhoneId:1658 com.android.internal.telephony.ITelephonyRegistry$Stub.onTransact:455 android.os.Binder.execTransactInternal:1185 
07-15 14:42:56.496  2465  5853 W ContextImpl: Calling a method in the system process without a qualified user: android.app.ContextImpl.sendBroadcastMultiplePermissions:1266 android.content.Context.sendBroadcastMultiplePermissions:2225 com.android.server.TelephonyRegistry.broadcastServiceStateChanged:2968 com.android.server.TelephonyRegistry.notifyServiceStateForPhoneId:1658 com.android.internal.telephony.ITelephonyRegistry$Stub.onTransact:455 
07-15 14:42:56.498  2465  2503 W BroadcastQueue: Appop Denial: receiving Intent { act=android.intent.action.SERVICE_STATE flg=0x1000010 pkg=com.android.phone (has extras) } to ProcessRecord{ebb772 3577:com.android.phone/1001} (pid=3577, uid=1001) excludes appop android:read_phone_state due to sender android (uid 1001)
07-15 14:42:56.498  2465  2503 W BroadcastQueue: Appop Denial: receiving Intent { act=android.intent.action.SERVICE_STATE flg=0x1000010 pkg=com.android.phone (has extras) } to ProcessRecord{ebb772 3577:com.android.phone/1001} (pid=3577, uid=1001) excludes appop android:read_phone_state due to sender android (uid 1001)
07-15 14:42:56.498  2465  2503 W BroadcastQueue: Appop Denial: receiving Intent { act=android.intent.action.SERVICE_STATE flg=0x1000010 pkg=com.android.phone (has extras) } to ProcessRecord{ebb772 3577:com.android.phone/1001} (pid=3577, uid=1001) excludes appop android:read_phone_state due to sender android (uid 1001)
07-15 14:42:56.498  2465  5853 W ContextImpl: Calling a method in the system process without a qualified user: android.app.ContextImpl.sendBroadcastMultiplePermissions:1266 com.android.server.TelephonyRegistry.broadcastServiceStateChanged:2975 com.android.server.TelephonyRegistry.notifyServiceStateForPhoneId:1658 com.android.internal.telephony.ITelephonyRegistry$Stub.onTransact:455 android.os.Binder.execTransactInternal:1185 
07-15 14:42:56.498  2465  2503 W BroadcastQueue: Appop Denial: receiving Intent { act=android.intent.action.SERVICE_STATE flg=0x1000010 pkg=com.android.phone (has extras) } to ProcessRecord{ebb772 3577:com.android.phone/1001} (pid=3577, uid=1001) excludes appop android:read_phone_state due to sender android (uid 1001)
07-15 14:42:56.498  2465  5853 W ContextImpl: Calling a method in the system process without a qualified user: android.app.ContextImpl.sendBroadcastMultiplePermissions:1266 com.android.server.TelephonyRegistry.broadcastServiceStateChanged:2980 com.android.server.TelephonyRegistry.notifyServiceStateForPhoneId:1658 com.android.internal.telephony.ITelephonyRegistry$Stub.onTransact:455 android.os.Binder.execTransactInternal:1185 
07-15 14:42:56.499  2465  2503 W BroadcastQueue: Skipping delivery of excluded package Intent { act=android.intent.action.SERVICE_STATE flg=0x1000010 (has extras) } to ProcessRecord{ebb772 3577:com.android.phone/1001} (pid=3577, uid=1001) excludes package com.android.phone due to sender android (uid 1001)
07-15 14:42:56.499  2465  2503 W BroadcastQueue: Skipping delivery of excluded package Intent { act=android.intent.action.SERVICE_STATE flg=0x1000010 (has extras) } to ProcessRecord{ebb772 3577:com.android.phone/1001} (pid=3577, uid=1001) excludes package com.android.phone due to sender android (uid 1001)
07-15 14:42:56.499  2465  2503 W BroadcastQueue: Skipping delivery of excluded package Intent { act=android.intent.action.SERVICE_STATE flg=0x1000010 (has extras) } to ProcessRecord{ebb772 3577:com.android.phone/1001} (pid=3577, uid=1001) excludes package com.android.phone due to sender android (uid 1001)
07-15 14:42:56.499  2465  2503 W BroadcastQueue: Skipping delivery of excluded package Intent { act=android.intent.action.SERVICE_STATE flg=0x1000010 (has extras) } to ProcessRecord{ebb772 3577:com.android.phone/1001} (pid=3577, uid=1001) excludes package com.android.phone due to sender android (uid 1001)
07-15 14:42:56.500  2465  2503 W BroadcastQueue: Permission Denial: receiving Intent { act=android.intent.action.SERVICE_STATE flg=0x1000010 (has extras) } to com.google.android.cellbroadcastreceiver/com.android.cellbroadcastreceiver.CellBroadcastReceiver requires android.permission.READ_PHONE_STATE due to sender android (uid 1001)
07-15 14:42:56.500  2465  2503 W BroadcastQueue: Appop Denial: receiving Intent { act=android.intent.action.SERVICE_STATE flg=0x1000010 (has extras) } to ProcessRecord{62d52e6 3564:com.xiaomi.finddevice/6110} (pid=3564, uid=6110) excludes appop android:read_phone_state due to sender android (uid 1001)
07-15 14:42:56.500  2465  2503 W BroadcastQueue: Appop Denial: receiving Intent { act=android.intent.action.SERVICE_STATE flg=0x1000010 (has extras) } to ProcessRecord{a6e07c3 3586:com.android.systemui/1000} (pid=3586, uid=1000) excludes appop android:read_phone_state due to sender android (uid 1001)
07-15 14:42:56.501  2465  2503 W BroadcastQueue: Appop Denial: receiving Intent { act=android.intent.action.SERVICE_STATE flg=0x1000010 (has extras) } to ProcessRecord{ebb772 3577:com.android.phone/1001} (pid=3577, uid=1001) excludes appop android:read_phone_state due to sender android (uid 1001)
07-15 14:42:56.501  2465  2503 W BroadcastQueue: Appop Denial: receiving Intent { act=android.intent.action.SERVICE_STATE flg=0x1000010 (has extras) } to ProcessRecord{ebb772 3577:com.android.phone/1001} (pid=3577, uid=1001) excludes appop android:read_phone_state due to sender android (uid 1001)
07-15 14:42:56.501  2465  2503 W BroadcastQueue: Appop Denial: receiving Intent { act=android.intent.action.SERVICE_STATE flg=0x1000010 (has extras) } to ProcessRecord{ebb772 3577:com.android.phone/1001} (pid=3577, uid=1001) excludes appop android:read_phone_state due to sender android (uid 1001)
07-15 14:42:56.501  2465  2503 W BroadcastQueue: Appop Denial: receiving Intent { act=android.intent.action.SERVICE_STATE flg=0x1000010 (has extras) } to ProcessRecord{ebb772 3577:com.android.phone/1001} (pid=3577, uid=1001) excludes appop android:read_phone_state due to sender android (uid 1001)
07-15 14:42:57.385  2465  2496 I BatteryService: current mPlugType2current mHealthInfo.batteryLevel100current mHealthInfo.batteryTemperature320
07-15 14:42:57.389  2465  2465 D UiModeManager: updateConfigurationLocked: mDockState=0; mCarMode=false; mCar=false; mPowerSave=false; mComputedNightMode=false; mNightMode=1; uiMode=17
07-15 14:42:59.242  2465  2496 I BatteryService: current mPlugType2current mHealthInfo.batteryLevel100current mHealthInfo.batteryTemperature320
07-15 14:42:59.245  2465  2465 D UiModeManager: updateConfigurationLocked: mDockState=0; mCarMode=false; mCar=false; mPowerSave=false; mComputedNightMode=false; mNightMode=1; uiMode=17
07-15 14:43:01.037  2465  2496 I BatteryService: current mPlugType2current mHealthInfo.batteryLevel100current mHealthInfo.batteryTemperature320
07-15 14:43:01.041  2465  2465 D UiModeManager: updateConfigurationLocked: mDockState=0; mCarMode=false; mCar=false; mPowerSave=false; mComputedNightMode=false; mNightMode=1; uiMode=17
07-15 14:43:06.072  2465  2494 D HeapUsage Monitor: HeapAllocSize : 63MB; monitorSize : 500MB
07-15 14:43:06.345  2465  2488 D Persistence: writeHistoricalOpsDLocked 7 ms.
07-15 14:43:06.360  2465  2488 D Persistence: writeHistoricalOpsDLocked 6 ms.
07-15 14:43:07.500  2465  5853 W ProcessStats: Tracking association SourceState{a2698f8 system/1000 BTopFgs #123541} whose proc state 2 is better than process ProcessState{59526b3 com.miui.powerkeeper/1000 pkg=com.miui.powerkeeper (sub)} proc state 3 (29 skipped)
07-15 14:43:10.961  2465  2503 D CompatibilityChangeReporter: Compat change id reported: 168419799; UID 10179; state: DISABLED
07-15 14:43:12.272 25646  7472 W BpBinder: PerfMonitor binderTransact :  time=1265ms interface=com.google.android.auth.IAuthManagerService code=5
07-15 14:43:12.290  2465  2950 I SmartPower: com.google.android.gm/10179 state=inactive adj=0 proc size=1 move to background add to whitelist
07-15 14:43:12.292  2465  2950 I SmartPower: com.google.android.gm/10179 state=background adj=0 proc size=1 move to inactive service end com.google.android.gm/.provider.MailSyncAdapterService
07-15 14:43:18.312  2465  2496 I BatteryService: current mPlugType2current mHealthInfo.batteryLevel100current mHealthInfo.batteryTemperature320
07-15 14:43:18.317  2465  2465 D UiModeManager: updateConfigurationLocked: mDockState=0; mCarMode=false; mCar=false; mPowerSave=false; mComputedNightMode=false; mNightMode=1; uiMode=17
07-15 14:43:18.566  6420  6459 W BpBinder: PerfMonitor binderTransact :  time=238ms interface=android.os.IBatteryPropertiesRegistrar code=1
07-15 14:43:18.573 27603 27735 W BpBinder: PerfMonitor binderTransact :  time=246ms interface=android.os.IBatteryPropertiesRegistrar code=1
07-15 14:43:22.131  2465  2496 I BatteryService: current mPlugType2current mHealthInfo.batteryLevel100current mHealthInfo.batteryTemperature320
07-15 14:43:22.135  2465  2465 D UiModeManager: updateConfigurationLocked: mDockState=0; mCarMode=false; mCar=false; mPowerSave=false; mComputedNightMode=false; mNightMode=1; uiMode=17
07-15 14:43:22.571  2465  4093 W ProcessStats: Tracking association SourceState{a2698f8 system/1000 BTopFgs #123597} whose proc state 2 is better than process ProcessState{59526b3 com.miui.powerkeeper/1000 pkg=com.miui.powerkeeper (sub)} proc state 3 (289 skipped)
07-15 14:43:23.528  2465  2482 D PerfShielderService: com.android.systemui|StatusBar|242|45980382822197|37|3|9
07-15 14:43:23.529  4932 11374 W MiuiPerfServiceClient: interceptAndQueuing:3586|com.android.systemui|242|37|45980382822197|Slow handle traversal|9
07-15 14:43:29.401  2465  2496 I BatteryService: current mPlugType2current mHealthInfo.batteryLevel100current mHealthInfo.batteryTemperature320
07-15 14:43:29.406  2465  2465 D UiModeManager: updateConfigurationLocked: mDockState=0; mCarMode=false; mCar=false; mPowerSave=false; mComputedNightMode=false; mNightMode=1; uiMode=17
07-15 14:43:31.183  2465  2950 I SmartPower: com.google.android.gm/10179 state=inactive adj=0 proc size=1 move to background add to whitelist
07-15 14:43:31.189  2465  2950 I SmartPower: com.google.android.gm/10179 state=background adj=0 proc size=1 move to inactive service end com.google.android.gm/.provider.MailSyncAdapterService
07-15 14:43:33.680  2465  2499 W ActivityManager: Unable to start service Intent { cmp=com.miui.powerkeeper/.perfshielder.PerfShielderStatisticsService } U=0: not found
07-15 14:43:33.761  2465  4093 D PerfShielderService: com.android.systemui|StatusBar|242|45998991727398|37|3|9
07-15 14:43:33.761  4932 11374 W MiuiPerfServiceClient: interceptAndQueuing:3586|com.android.systemui|242|37|45998991727398|Slow handle traversal|9
07-15 14:43:36.074  2465  2494 D HeapUsage Monitor: HeapAllocSize : 75MB; monitorSize : 500MB
07-15 14:43:36.198  2465  4093 W ProcessStats: Tracking association SourceState{a2698f8 system/1000 BTopFgs #123646} whose proc state 2 is better than process ProcessState{59526b3 com.miui.powerkeeper/1000 pkg=com.miui.powerkeeper (sub)} proc state 3 (299 skipped)
07-15 14:43:38.673  2465  2496 I BatteryService: current mPlugType2current mHealthInfo.batteryLevel100current mHealthInfo.batteryTemperature320
07-15 14:43:38.677  2465  2465 D UiModeManager: updateConfigurationLocked: mDockState=0; mCarMode=false; mCar=false; mPowerSave=false; mComputedNightMode=false; mNightMode=1; uiMode=17
07-15 14:43:46.205  2465  5853 W ProcessStats: Tracking association SourceState{a2698f8 system/1000 BTopFgs #123650} whose proc state 2 is better than process ProcessState{59526b3 com.miui.powerkeeper/1000 pkg=com.miui.powerkeeper (sub)} proc state 3 (19 skipped)
07-15 14:44:06.077  2465  2494 D HeapUsage Monitor: HeapAllocSize : 77MB; monitorSize : 500MB
07-15 14:44:10.371  2465  3628 W ProcessStats: Tracking association SourceState{a2698f8 system/1000 BTopFgs #123661} whose proc state 2 is better than process ProcessState{59526b3 com.miui.powerkeeper/1000 pkg=com.miui.powerkeeper (sub)} proc state 3 (59 skipped)
07-15 14:44:25.423  2465  3628 W ProcessStats: Tracking association SourceState{a2698f8 system/1000 BTopFgs #123675} whose proc state 2 is better than process ProcessState{59526b3 com.miui.powerkeeper/1000 pkg=com.miui.powerkeeper (sub)} proc state 3 (49 skipped)
07-15 14:44:33.714  2465  2499 W ActivityManager: Unable to start service Intent { cmp=com.miui.powerkeeper/.perfshielder.PerfShielderStatisticsService } U=0: not found
07-15 14:44:36.078  2465  2494 D HeapUsage Monitor: HeapAllocSize : 78MB; monitorSize : 500MB
07-15 14:45:06.079  2465  2494 D HeapUsage Monitor: HeapAllocSize : 78MB; monitorSize : 500MB
07-15 14:45:31.648  2465  5370 W ProcessStats: Tracking association SourceState{a2698f8 system/1000 BTopFgs #123680} whose proc state 2 is better than process ProcessState{59526b3 com.miui.powerkeeper/1000 pkg=com.miui.powerkeeper (sub)} proc state 3 (29 skipped)
07-15 14:45:33.795  2465  2499 W ActivityManager: Unable to start service Intent { cmp=com.miui.powerkeeper/.perfshielder.PerfShielderStatisticsService } U=0: not found
07-15 14:45:36.081  2465  2494 D HeapUsage Monitor: HeapAllocSize : 79MB; monitorSize : 500MB
