10-10 15:16:09.556  2042  2042 I TransportConnection: BackupTransportService#3525: Notifying [PFTBT.run()] transport = BackupTransportClient
10-10 15:16:09.559  2042 14842 I PFTBT   : Initiating full-data transport backup of com.android.htmlviewer token: 36957557
10-10 15:16:09.568  2042 14842 I PFTBT   : Transport rejected backup of com.android.htmlviewer, skipping
10-10 15:16:09.568  2042 14842 I PFTBT   : Unbinding agent in com.android.htmlviewer
10-10 15:16:09.569  2042 14842 W ActivityManager: Unbinding backup agent with no active backup
10-10 15:16:09.569  2042 14842 I PFTBT   : Full backup completed with status: 0
10-10 15:16:09.569  2042  8301 D BackupTransportManager: [UserID:0] Transport com.google.android.gms/.backup.BackupTransportService updated its attributes
10-10 15:16:09.578  2042 14842 D ActivityManager: checkAllowBackground: uid=1000 pkg=android rec=UidRecord{b77cac0 1000 PER  fgServices change:procadj procs:0 seq(1285566,448524)} caps=LCMNFU always=false idle=false
10-10 15:16:09.582  2042 14842 I PFTBT   : Full data backup pass finished.
10-10 15:16:09.582  2042 14842 I BackupManagerService: [UserID:0] Released wakelock:*backup*-0-6603
10-10 15:16:09.582  2042  2042 I BackupManagerService: [UserID:0] Beginning scheduled full backup operation
10-10 15:16:09.583  2042  2042 D PFTBT   : backupmanager pftbt token=1ede7a77
10-10 15:16:09.583  2042  2042 I BackupManagerService: [UserID:0] Acquired wakelock:*backup*-0-6603
10-10 15:16:09.598  2042  2042 I TransportConnection: BackupTransportService#3526: Notifying [PFTBT.run()] transport = BackupTransportClient
10-10 15:16:09.601  2042 14843 I PFTBT   : Initiating full-data transport backup of com.xiaomi.discover token: 517896823
10-10 15:16:09.605  2042  8301 D BackupTransportManager: [UserID:0] Transport com.google.android.gms/.backup.BackupTransportService updated its attributes
10-10 15:16:09.612  2042 14843 I PFTBT   : Transport rejected backup of com.xiaomi.discover, skipping
10-10 15:16:09.612  2042 14843 I PFTBT   : Unbinding agent in com.xiaomi.discover
10-10 15:16:09.612  2042 14843 W ActivityManager: Unbinding backup agent with no active backup
10-10 15:16:09.612  2042 14843 I PFTBT   : Full backup completed with status: 0
10-10 15:16:09.619  2042 14843 D ActivityManager: checkAllowBackground: uid=1000 pkg=android rec=UidRecord{b77cac0 1000 PER  fgServices change:procadj procs:0 seq(1285566,448524)} caps=LCMNFU always=false idle=false
10-10 15:16:09.623  2042 14843 I PFTBT   : Full data backup pass finished.
10-10 15:16:09.623  2042 14843 I BackupManagerService: [UserID:0] Released wakelock:*backup*-0-6603
10-10 15:16:09.624  2042  2042 I BackupManagerService: [UserID:0] Beginning scheduled full backup operation
10-10 15:16:09.625  2042  2042 D PFTBT   : backupmanager pftbt token=7271dc79
10-10 15:16:09.625  2042  2042 I BackupManagerService: [UserID:0] Acquired wakelock:*backup*-0-6603
10-10 15:16:09.641  2042  2042 I TransportConnection: BackupTransportService#3527: Notifying [PFTBT.run()] transport = BackupTransportClient
10-10 15:16:09.643  2042 14844 I PFTBT   : Initiating full-data transport backup of com.xiaomi.glgm token: 1920064633
10-10 15:16:09.644  2042  7011 D BackupTransportManager: [UserID:0] Transport com.google.android.gms/.backup.BackupTransportService updated its attributes
10-10 15:16:09.653  2042 14844 I PFTBT   : Transport rejected backup of com.xiaomi.glgm, skipping
10-10 15:16:09.653  2042 14844 I PFTBT   : Unbinding agent in com.xiaomi.glgm
10-10 15:16:09.653  2042 14844 W ActivityManager: Unbinding backup agent with no active backup
10-10 15:16:09.653  2042 14844 I PFTBT   : Full backup completed with status: 0
10-10 15:16:09.660  2042 14844 D ActivityManager: checkAllowBackground: uid=1000 pkg=android rec=UidRecord{b77cac0 1000 PER  fgServices change:procadj procs:0 seq(1285566,448524)} caps=LCMNFU always=false idle=false
10-10 15:16:09.664  2042 14844 I PFTBT   : Full data backup pass finished.
10-10 15:16:09.664  2042 14844 I BackupManagerService: [UserID:0] Released wakelock:*backup*-0-6603
10-10 15:16:09.664  2042  2042 I BackupManagerService: [UserID:0] Beginning scheduled full backup operation
10-10 15:16:09.665  2042  2042 I BackupManagerService: [UserID:0] Full backup time but com.mi.globalminusscreen is busy; deferring to 2025-10-10 16:29:17
10-10 15:16:09.666  2042  2042 D PFTBT   : backupmanager pftbt token=17c2e47b
10-10 15:16:09.666  2042  2042 I BackupManagerService: [UserID:0] Acquired wakelock:*backup*-0-6603
10-10 15:16:09.681  2042  2042 I TransportConnection: BackupTransportService#3528: Notifying [PFTBT.run()] transport = BackupTransportClient
10-10 15:16:09.684  2042 14845 I PFTBT   : Initiating full-data transport backup of com.google.ambient.streaming token: 398648443
10-10 15:16:09.687  2042  4781 D BackupTransportManager: [UserID:0] Transport com.google.android.gms/.backup.BackupTransportService updated its attributes
10-10 15:16:09.694  2042 14845 I PFTBT   : Transport rejected backup of com.google.ambient.streaming, skipping
10-10 15:16:09.695  2042 14845 I PFTBT   : Unbinding agent in com.google.ambient.streaming
10-10 15:16:09.695  2042 14845 W ActivityManager: Unbinding backup agent with no active backup
10-10 15:16:09.695  2042 14845 I PFTBT   : Full backup completed with status: 0
10-10 15:16:09.701  2042 14845 D ActivityManager: checkAllowBackground: uid=1000 pkg=android rec=UidRecord{b77cac0 1000 PER  fgServices change:procadj procs:0 seq(1285566,448524)} caps=LCMNFU always=false idle=false
10-10 15:16:09.707  2042 14845 I PFTBT   : Full data backup pass finished.
10-10 15:16:09.707  2042 14845 I BackupManagerService: [UserID:0] Released wakelock:*backup*-0-6603
10-10 15:16:09.708  2042  2042 I BackupManagerService: [UserID:0] Beginning scheduled full backup operation
10-10 15:16:09.708  2042  2042 D PFTBT   : backupmanager pftbt token=1c9f237d
10-10 15:16:09.709  2042  2042 I BackupManagerService: [UserID:0] Acquired wakelock:*backup*-0-6603
10-10 15:16:09.724  2042  2042 I TransportConnection: BackupTransportService#3529: Notifying [PFTBT.run()] transport = BackupTransportClient
10-10 15:16:09.727  2042 14846 I PFTBT   : Initiating full-data transport backup of com.miui.gallery token: 480191357
10-10 15:16:09.733  2042  7011 D BackupTransportManager: [UserID:0] Transport com.google.android.gms/.backup.BackupTransportService updated its attributes
10-10 15:16:09.739  2042 14846 I PFTBT   : Transport rejected backup of com.miui.gallery, skipping
10-10 15:16:09.739  2042 14846 I PFTBT   : Unbinding agent in com.miui.gallery
10-10 15:16:09.739  2042 14846 W ActivityManager: Unbinding backup agent with no active backup
10-10 15:16:09.739  2042 14846 I PFTBT   : Full backup completed with status: 0
10-10 15:16:09.747  2042 14846 D ActivityManager: checkAllowBackground: uid=1000 pkg=android rec=UidRecord{b77cac0 1000 PER  fgServices change:procadj procs:0 seq(1285566,448524)} caps=LCMNFU always=false idle=false
10-10 15:16:09.752  2042 14846 I PFTBT   : Full data backup pass finished.
10-10 15:16:09.753  2042 14846 I BackupManagerService: [UserID:0] Released wakelock:*backup*-0-6603
10-10 15:16:09.754  2042  2042 I BackupManagerService: [UserID:0] Beginning scheduled full backup operation
10-10 15:16:09.754  2042  2042 D PFTBT   : backupmanager pftbt token=4a8db37f
10-10 15:16:09.755  2042  2042 I BackupManagerService: [UserID:0] Acquired wakelock:*backup*-0-6603
10-10 15:16:09.767  2042  2042 I TransportConnection: BackupTransportService#3530: Notifying [PFTBT.run()] transport = BackupTransportClient
10-10 15:16:09.770  2042 14847 I PFTBT   : Initiating full-data transport backup of com.google.android.apps.googleassistant token: 1250800511
10-10 15:16:09.772  2042  4781 D BackupTransportManager: [UserID:0] Transport com.google.android.gms/.backup.BackupTransportService updated its attributes
10-10 15:16:09.779  2042 14847 I PFTBT   : Transport rejected backup of com.google.android.apps.googleassistant, skipping
10-10 15:16:09.779  2042 14847 I PFTBT   : Unbinding agent in com.google.android.apps.googleassistant
10-10 15:16:09.780  2042 14847 W ActivityManager: Unbinding backup agent with no active backup
10-10 15:16:09.780  2042 14847 I PFTBT   : Full backup completed with status: 0
10-10 15:16:09.787  2042 14847 D ActivityManager: checkAllowBackground: uid=1000 pkg=android rec=UidRecord{b77cac0 1000 PER  fgServices change:procadj procs:0 seq(1285566,448524)} caps=LCMNFU always=false idle=false
10-10 15:16:09.792  2042 14847 I PFTBT   : Full data backup pass finished.
10-10 15:16:09.792  2042 14847 I BackupManagerService: [UserID:0] Released wakelock:*backup*-0-6603
10-10 15:16:09.792  2042  2042 I BackupManagerService: [UserID:0] Beginning scheduled full backup operation
10-10 15:16:09.793  2042  2042 D PFTBT   : backupmanager pftbt token=313eda81
10-10 15:16:09.793  2042  2042 I BackupManagerService: [UserID:0] Acquired wakelock:*backup*-0-6603
10-10 15:16:09.807  2042  2042 I TransportConnection: BackupTransportService#3531: Notifying [PFTBT.run()] transport = BackupTransportClient
10-10 15:16:09.810  2042 14848 I PFTBT   : Initiating full-data transport backup of com.google.android.contactkeys token: 826202753
10-10 15:16:09.814  2042  4781 D BackupTransportManager: [UserID:0] Transport com.google.android.gms/.backup.BackupTransportService updated its attributes
10-10 15:16:09.821  2042 14848 I PFTBT   : Transport rejected backup of com.google.android.contactkeys, skipping
10-10 15:16:09.821  2042 14848 I PFTBT   : Unbinding agent in com.google.android.contactkeys
10-10 15:16:09.822  2042 14848 W ActivityManager: Unbinding backup agent with no active backup
10-10 15:16:09.822  2042 14848 I PFTBT   : Full backup completed with status: 0
10-10 15:16:09.828  2042 14848 D ActivityManager: checkAllowBackground: uid=1000 pkg=android rec=UidRecord{b77cac0 1000 PER  fgServices change:procadj procs:0 seq(1285566,448524)} caps=LCMNFU always=false idle=false
10-10 15:16:09.832  2042 14848 I PFTBT   : Full data backup pass finished.
10-10 15:16:09.832  2042 14848 I BackupManagerService: [UserID:0] Released wakelock:*backup*-0-6603
10-10 15:16:09.832  2042  2042 I BackupManagerService: [UserID:0] Beginning scheduled full backup operation
10-10 15:16:09.833  2042  2042 D PFTBT   : backupmanager pftbt token=41826283
10-10 15:16:09.833  2042  2042 I BackupManagerService: [UserID:0] Acquired wakelock:*backup*-0-6603
10-10 15:16:09.850  2042  2042 I TransportConnection: BackupTransportService#3532: Notifying [PFTBT.run()] transport = BackupTransportClient
10-10 15:16:09.852  2042 14849 I PFTBT   : Initiating full-data transport backup of com.google.android.apps.healthdata token: 1099063939
10-10 15:16:09.858  2042  4781 D BackupTransportManager: [UserID:0] Transport com.google.android.gms/.backup.BackupTransportService updated its attributes
10-10 15:16:09.864  2042 14849 I PFTBT   : Transport rejected backup of com.google.android.apps.healthdata, skipping
10-10 15:16:09.864  2042 14849 I PFTBT   : Unbinding agent in com.google.android.apps.healthdata
10-10 15:16:09.864  2042 14849 W ActivityManager: Unbinding backup agent with no active backup
10-10 15:16:09.864  2042 14849 I PFTBT   : Full backup completed with status: 0
10-10 15:16:09.870  2042 14849 D ActivityManager: checkAllowBackground: uid=1000 pkg=android rec=UidRecord{b77cac0 1000 PER  fgServices change:procadj procs:0 seq(1285566,448524)} caps=LCMNFU always=false idle=false
10-10 15:16:09.875  2042 14849 I PFTBT   : Full data backup pass finished.
10-10 15:16:09.875  2042 14849 I BackupManagerService: [UserID:0] Released wakelock:*backup*-0-6603
10-10 15:16:09.875  2042  2042 I BackupManagerService: [UserID:0] Beginning scheduled full backup operation
10-10 15:16:09.876  2042  2042 D PFTBT   : backupmanager pftbt token=4ecc6285
10-10 15:16:09.877  2042  2042 I BackupManagerService: [UserID:0] Acquired wakelock:*backup*-0-6603
10-10 15:16:09.895  2042  2042 I TransportConnection: BackupTransportService#3533: Notifying [PFTBT.run()] transport = BackupTransportClient
10-10 15:16:09.899  2042 14850 I PFTBT   : Full backup completed with status: 0
10-10 15:16:09.911  2042 14850 D ActivityManager: checkAllowBackground: uid=1000 pkg=android rec=UidRecord{b77cac0 1000 PER  fgServices change:procadj procs:0 seq(1285566,448524)} caps=LCMNFU always=false idle=false
10-10 15:16:09.912  2042  2072 D BackupTransportManager: [UserID:0] Transport com.google.android.gms/.backup.BackupTransportService updated its attributes
10-10 15:16:09.919  2042 14850 I PFTBT   : Full data backup pass finished.
10-10 15:16:09.919  2042  2042 I BackupManagerService: [UserID:0] Beginning scheduled full backup operation
10-10 15:16:09.919  2042 14850 I BackupManagerService: [UserID:0] Released wakelock:*backup*-0-6603
10-10 15:16:09.922  2042  2042 D PFTBT   : backupmanager pftbt token=1e619687
10-10 15:16:09.923  2042  2042 I BackupManagerService: [UserID:0] Acquired wakelock:*backup*-0-6603
10-10 15:16:09.937  2042  2042 I TransportConnection: BackupTransportService#3534: Notifying [PFTBT.run()] transport = BackupTransportClient
10-10 15:16:09.940  2042 14851 I PFTBT   : Initiating full-data transport backup of com.google.android.projection.gearhead token: 509712007
10-10 15:16:09.940  2042  2072 D BackupTransportManager: [UserID:0] Transport com.google.android.gms/.backup.BackupTransportService updated its attributes
10-10 15:16:09.949  2042 14851 I PFTBT   : Transport rejected backup of com.google.android.projection.gearhead, skipping
10-10 15:16:09.949  2042 14851 I PFTBT   : Unbinding agent in com.google.android.projection.gearhead
10-10 15:16:09.949  2042 14851 W ActivityManager: Unbinding backup agent with no active backup
10-10 15:16:09.949  2042 14851 I PFTBT   : Full backup completed with status: 0
10-10 15:16:09.956  2042 14851 D ActivityManager: checkAllowBackground: uid=1000 pkg=android rec=UidRecord{b77cac0 1000 PER  fgServices change:procadj procs:0 seq(1285566,448524)} caps=LCMNFU always=false idle=false
10-10 15:16:09.960  2042 14851 I PFTBT   : Full data backup pass finished.
10-10 15:16:09.961  2042 14851 I BackupManagerService: [UserID:0] Released wakelock:*backup*-0-6603
10-10 15:16:09.961  2042  2042 I BackupManagerService: [UserID:0] Beginning scheduled full backup operation
10-10 15:16:09.961  2042  2042 I BackupManagerService: [UserID:0] Full backup time but com.google.android.tts is busy; deferring to 2025-10-10 16:34:01
10-10 15:16:09.962  2042  2042 D PFTBT   : backupmanager pftbt token=66826789
10-10 15:16:09.963  2042  2042 I BackupManagerService: [UserID:0] Acquired wakelock:*backup*-0-6603
10-10 15:16:09.981  2042  2042 I TransportConnection: BackupTransportService#3535: Notifying [PFTBT.run()] transport = BackupTransportClient
10-10 15:16:09.984  2042 14852 I PFTBT   : Full backup completed with status: 0
10-10 15:16:09.990  2042 14852 D ActivityManager: checkAllowBackground: uid=1000 pkg=android rec=UidRecord{b77cac0 1000 PER  fgServices change:procadj procs:0 seq(1285566,448524)} caps=LCMNFU always=false idle=false
10-10 15:16:09.992  2042  7011 D BackupTransportManager: [UserID:0] Transport com.google.android.gms/.backup.BackupTransportService updated its attributes
10-10 15:16:09.999  2042 14852 I PFTBT   : Full data backup pass finished.
10-10 15:16:09.999  2042 14852 I BackupManagerService: [UserID:0] Released wakelock:*backup*-0-6603
10-10 15:16:10.000  2042  2042 I BackupManagerService: [UserID:0] Beginning scheduled full backup operation
10-10 15:16:10.001  2042  2042 D PFTBT   : backupmanager pftbt token=3a3f708b
10-10 15:16:10.002  2042  2042 I BackupManagerService: [UserID:0] Acquired wakelock:*backup*-0-6603
10-10 15:16:10.017  2042  2042 I TransportConnection: BackupTransportService#3536: Notifying [PFTBT.run()] transport = BackupTransportClient
10-10 15:16:10.019  2042 14853 I PFTBT   : Initiating full-data transport backup of com.google.android.as.oss token: 977236107
10-10 15:16:10.025  2042  7011 D BackupTransportManager: [UserID:0] Transport com.google.android.gms/.backup.BackupTransportService updated its attributes
10-10 15:16:10.030  2042 14853 I PFTBT   : Transport rejected backup of com.google.android.as.oss, skipping
10-10 15:16:10.030  2042 14853 I PFTBT   : Unbinding agent in com.google.android.as.oss
10-10 15:16:10.030  2042 14853 W ActivityManager: Unbinding backup agent with no active backup
10-10 15:16:10.030  2042 14853 I PFTBT   : Full backup completed with status: 0
10-10 15:16:10.036  2042 14853 D ActivityManager: checkAllowBackground: uid=1000 pkg=android rec=UidRecord{b77cac0 1000 PER  fgServices change:procadj procs:0 seq(1285566,448524)} caps=LCMNFU always=false idle=false
10-10 15:16:10.040  2042 14853 I PFTBT   : Full data backup pass finished.
10-10 15:16:10.041  2042 14853 I BackupManagerService: [UserID:0] Released wakelock:*backup*-0-6603
10-10 15:16:10.041  2042  2042 I BackupManagerService: [UserID:0] Beginning scheduled full backup operation
10-10 15:16:10.041  2042  2042 D PFTBT   : backupmanager pftbt token=536c878d
10-10 15:16:10.042  2042  2042 I BackupManagerService: [UserID:0] Acquired wakelock:*backup*-0-6603
10-10 15:16:10.057  2042  2042 I TransportConnection: BackupTransportService#3537: Notifying [PFTBT.run()] transport = BackupTransportClient
10-10 15:16:10.060  2042 14854 I PFTBT   : Initiating full-data transport backup of com.facebook.katana token: 1399621517
10-10 15:16:10.066  2042  8301 D BackupTransportManager: [UserID:0] Transport com.google.android.gms/.backup.BackupTransportService updated its attributes
10-10 15:16:10.070  2042 14854 I PFTBT   : Transport rejected backup of com.facebook.katana, skipping
10-10 15:16:10.070  2042 14854 I PFTBT   : Unbinding agent in com.facebook.katana
10-10 15:16:10.071  2042 14854 W ActivityManager: Unbinding backup agent with no active backup
10-10 15:16:10.071  2042 14854 I PFTBT   : Full backup completed with status: 0
10-10 15:16:10.077  2042 14854 D ActivityManager: checkAllowBackground: uid=1000 pkg=android rec=UidRecord{b77cac0 1000 PER  fgServices change:procadj procs:0 seq(1285566,448524)} caps=LCMNFU always=false idle=false
10-10 15:16:10.078  2042 14854 I PFTBT   : Full data backup pass finished.
10-10 15:16:10.078  2042 14854 I BackupManagerService: [UserID:0] Released wakelock:*backup*-0-6603
10-10 15:16:10.084  2042  3524 I SmartPower: com.google.android.permissioncontroller/10214(21951): background->idle(3001ms) R(service unbind com.google.android.permissioncontroller/com.android.role.controller.service.RoleControllerServiceImpl) adj=905.
10-10 15:16:13.517  2042  6981 D ActivityManager: checkAllowBackground: uid=10163 pkg=com.google.android.gms rec=UidRecord{3efeecd u0a163 FGS  change:procadj procs:0 seq(1288979,1266614)} caps=LCMNFU always=false idle=false
10-10 15:16:13.538  2042  6981 D ActivityManager: checkAllowBackground: uid=10163 pkg=com.google.android.gms rec=UidRecord{3efeecd u0a163 FGS  change:procadj procs:0 seq(1288983,1266614)} caps=LCMNFU always=false idle=false
10-10 15:16:13.588  2042  7011 D CompatibilityChangeReporter: Compat change id reported: 182734110; UID 10163; state: ENABLED
10-10 15:16:14.037  2042  2802 I ExtM    : zram userate is low, no need to flush: 47
10-10 15:16:14.119  2042  2072 W ProcessStats: Tracking association SourceState{24749b1 com.google.android.gms.persistent/10163 Fgs #182899} whose proc state 3 is better than process ProcessState{cd6044f com.google.android.apps.photos/10195 pkg=com.google.android.apps.photos} proc state 13 (1447 skipped)
10-10 15:16:15.105  2042  3110 D ActivityManager: checkAllowBackground: uid=10195 pkg=com.google.android.apps.photos rec=UidRecord{3cd4343 u0a195 FGS  change:procadj procs:0 seq(1288991,1281343)} caps=---NFU always=false idle=false
10-10 15:16:15.112  2042  3110 I SmartPower: com.google.android.apps.photos/10195(24568): idle->background(14872ms) R(service create com.google.android.apps.photos/.dbprocessor.impl.DatabaseProcessorJobService) adj=0.
10-10 15:16:15.177  2042  2802 I ExtM    : zram userate is low, no need to flush: 47
10-10 15:16:18.089  2042  2802 I ExtM    : zram userate is low, no need to flush: 47
10-10 15:16:18.115  2042  3524 I SmartPower: com.google.android.apps.photos/10195(24568): background->idle(3003ms) R(service create com.google.android.apps.photos/.dbprocessor.impl.DatabaseProcessorJobService) adj=905.
10-10 15:16:19.239  2042  2072 I SmartPower: android.process.acore/10060(22083): idle->background(15157ms) R(content provider start ContentProviderRecord{80a2fa5 u0 com.android.providers.contacts/.ContactsProvider2}) adj=800.
10-10 15:16:19.997  2042  6981 I SmartPower: com.microsoft.windowsintune.companyportal:omadm_client_process/10595(13523): idle->background(27181ms) R(content provider start ContentProviderRecord{69905ca u0 com.microsoft.windowsintune.companyportal/com.microsoft.omadm.apppolicy.AppPolicyContentProvider}) adj=905.
10-10 15:16:20.673  2042  6999 D CompatibilityChangeReporter: Compat change id reported: 135634846; UID 10595; state: DISABLED
10-10 15:16:20.673  2042  6999 D CompatibilityChangeReporter: Compat change id reported: 177438394; UID 10595; state: DISABLED
10-10 15:16:20.673  2042  6999 D CompatibilityChangeReporter: Compat change id reported: 135772972; UID 10595; state: DISABLED
10-10 15:16:20.673  2042  6999 D CompatibilityChangeReporter: Compat change id reported: 135754954; UID 10595; state: ENABLED
